[0.061s][info][gc] Using Parallel
[0.061s][info][gc,heap,coops] Heap address: 0x00000000c0000000, size: 1024 MB, Compressed Oops mode: 32-bit
[15.031s][info][gc,start     ] GC(0) Pause Young (Metadata GC Threshold)
[15.039s][info][gc,heap      ] GC(0) PSYoungGen: 57830K->6111K(305664K)
[15.039s][info][gc,heap      ] GC(0) PSOldGen: 0K->16K(699392K)
[15.039s][info][gc,metaspace ] GC(0) Metaspace: 20782K(21296K)->20782K(21296K) NonClass: 18303K(18608K)->18303K(18608K) Class: 2479K(2688K)->2479K(2688K)
[15.039s][info][gc           ] GC(0) Pause Young (Metadata GC Threshold) 56M->5M(981M) 8.240ms
[15.039s][info][gc,cpu       ] GC(0) User=0.00s Sys=0.00s Real=0.01s
[15.044s][info][gc,start     ] GC(1) Pause Full (Metadata GC Threshold)
[15.044s][info][gc,phases,start] GC(1) Phase 1: Mark live objects
[15.053s][info][gc,phases      ] GC(1) Phase 1: Mark live objects 8.396ms
[15.053s][info][gc,phases,start] GC(1) Phase 2: Compute new object addresses
[15.054s][info][gc,phases      ] GC(1) Phase 2: Compute new object addresses 1.470ms
[15.054s][info][gc,phases,start] GC(1) Phase 3: Adjust pointers
[15.060s][info][gc,phases      ] GC(1) Phase 3: Adjust pointers 5.150ms
[15.060s][info][gc,phases,start] GC(1) Phase 4: Move objects
[15.063s][info][gc,phases      ] GC(1) Phase 4: Move objects 3.202ms
[15.063s][info][gc,heap        ] GC(1) PSYoungGen: 6111K->0K(305664K)
[15.063s][info][gc,heap        ] GC(1) PSOldGen: 16K->6000K(699392K)
[15.063s][info][gc,metaspace   ] GC(1) Metaspace: 20782K(21296K)->20782K(21296K) NonClass: 18303K(18608K)->18303K(18608K) Class: 2479K(2688K)->2479K(2688K)
[15.063s][info][gc             ] GC(1) Pause Full (Metadata GC Threshold) 5M->5M(981M) 19.246ms
[15.064s][info][gc,cpu         ] GC(1) User=0.02s Sys=0.02s Real=0.02s
[24.523s][info][gc,start       ] GC(2) Pause Young (Metadata GC Threshold)
[24.531s][info][gc,heap        ] GC(2) PSYoungGen: 79169K->14243K(305664K)
[24.532s][info][gc,heap        ] GC(2) PSOldGen: 6000K->6072K(699392K)
[24.532s][info][gc,metaspace   ] GC(2) Metaspace: 34469K(35376K)->34469K(35376K) NonClass: 30204K(30640K)->30204K(30640K) Class: 4265K(4736K)->4265K(4736K)
[24.532s][info][gc             ] GC(2) Pause Young (Metadata GC Threshold) 83M->19M(981M) 8.743ms
[24.532s][info][gc,cpu         ] GC(2) User=0.02s Sys=0.02s Real=0.01s
[24.532s][info][gc,start       ] GC(3) Pause Full (Metadata GC Threshold)
[24.532s][info][gc,phases,start] GC(3) Phase 1: Mark live objects
[24.549s][info][gc,phases      ] GC(3) Phase 1: Mark live objects 16.903ms
[24.549s][info][gc,phases,start] GC(3) Phase 2: Compute new object addresses
[24.551s][info][gc,phases      ] GC(3) Phase 2: Compute new object addresses 2.283ms
[24.551s][info][gc,phases,start] GC(3) Phase 3: Adjust pointers
[24.559s][info][gc,phases      ] GC(3) Phase 3: Adjust pointers 7.812ms
[24.559s][info][gc,phases,start] GC(3) Phase 4: Move objects
[24.563s][info][gc,phases      ] GC(3) Phase 4: Move objects 4.582ms
[24.564s][info][gc,heap        ] GC(3) PSYoungGen: 14243K->0K(305664K)
[24.564s][info][gc,heap        ] GC(3) PSOldGen: 6072K->20045K(699392K)
[24.564s][info][gc,metaspace   ] GC(3) Metaspace: 34469K(35376K)->34453K(35376K) NonClass: 30204K(30640K)->30192K(30640K) Class: 4265K(4736K)->4261K(4736K)
[24.564s][info][gc             ] GC(3) Pause Full (Metadata GC Threshold) 19M->19M(981M) 32.334ms
[24.564s][info][gc,cpu         ] GC(3) User=0.02s Sys=0.02s Real=0.03s
[26.919s][info][gc,start       ] GC(4) Pause Young (Metadata GC Threshold)
[26.928s][info][gc,heap        ] GC(4) PSYoungGen: 204571K->6311K(305664K)
[26.928s][info][gc,heap        ] GC(4) PSOldGen: 20045K->20053K(699392K)
[26.928s][info][gc,metaspace   ] GC(4) Metaspace: 57269K(58960K)->57269K(58960K) NonClass: 50089K(50864K)->50089K(50864K) Class: 7180K(8096K)->7180K(8096K)
[26.928s][info][gc             ] GC(4) Pause Young (Metadata GC Threshold) 219M->25M(981M) 8.266ms
[26.928s][info][gc,cpu         ] GC(4) User=0.03s Sys=0.03s Real=0.01s
[26.928s][info][gc,start       ] GC(5) Pause Full (Metadata GC Threshold)
[26.928s][info][gc,phases,start] GC(5) Phase 1: Mark live objects
[26.954s][info][gc,phases      ] GC(5) Phase 1: Mark live objects 25.445ms
[26.954s][info][gc,phases,start] GC(5) Phase 2: Compute new object addresses
[26.958s][info][gc,phases      ] GC(5) Phase 2: Compute new object addresses 4.226ms
[26.958s][info][gc,phases,start] GC(5) Phase 3: Adjust pointers
[26.972s][info][gc,phases      ] GC(5) Phase 3: Adjust pointers 13.585ms
[26.972s][info][gc,phases,start] GC(5) Phase 4: Move objects
[26.975s][info][gc,phases      ] GC(5) Phase 4: Move objects 2.911ms
[26.975s][info][gc,heap        ] GC(5) PSYoungGen: 6311K->0K(305664K)
[26.975s][info][gc,heap        ] GC(5) PSOldGen: 20053K->26145K(699392K)
[26.975s][info][gc,metaspace   ] GC(5) Metaspace: 57269K(58960K)->57269K(58960K) NonClass: 50089K(50864K)->50089K(50864K) Class: 7180K(8096K)->7180K(8096K)
[26.975s][info][gc             ] GC(5) Pause Full (Metadata GC Threshold) 25M->25M(981M) 47.358ms
[26.975s][info][gc,cpu         ] GC(5) User=0.05s Sys=0.00s Real=0.05s
[27.362s][info][gc,start       ] GC(6) Pause Young (Allocation Failure)
[27.429s][info][gc,heap        ] GC(6) PSYoungGen: 262144K->43504K(305664K)
[27.429s][info][gc,heap        ] GC(6) PSOldGen: 26145K->81273K(699392K)
[27.429s][info][gc,metaspace   ] GC(6) Metaspace: 58303K(60240K)->58303K(60240K) NonClass: 50923K(51888K)->50923K(51888K) Class: 7380K(8352K)->7380K(8352K)
[27.429s][info][gc             ] GC(6) Pause Young (Allocation Failure) 281M->121M(981M) 67.119ms
[27.429s][info][gc,cpu         ] GC(6) User=0.30s Sys=0.05s Real=0.08s
[27.636s][info][gc,start       ] GC(7) Pause Young (Allocation Failure)
[27.693s][info][gc,heap        ] GC(7) PSYoungGen: 305648K->43504K(305664K)
[27.693s][info][gc,heap        ] GC(7) PSOldGen: 81273K->124969K(699392K)
[27.693s][info][gc,metaspace   ] GC(7) Metaspace: 58303K(60240K)->58303K(60240K) NonClass: 50923K(51888K)->50923K(51888K) Class: 7380K(8352K)->7380K(8352K)
[27.693s][info][gc             ] GC(7) Pause Young (Allocation Failure) 377M->164M(981M) 57.461ms
[27.694s][info][gc,cpu         ] GC(7) User=0.28s Sys=0.09s Real=0.06s
[27.843s][info][gc,start       ] GC(8) Pause Young (Allocation Failure)
[27.918s][info][gc,heap        ] GC(8) PSYoungGen: 305648K->43504K(160256K)
[27.918s][info][gc,heap        ] GC(8) PSOldGen: 124969K->169609K(699392K)
[27.918s][info][gc,metaspace   ] GC(8) Metaspace: 58303K(60240K)->58303K(60240K) NonClass: 50923K(51888K)->50923K(51888K) Class: 7380K(8352K)->7380K(8352K)
[27.918s][info][gc             ] GC(8) Pause Young (Allocation Failure) 420M->208M(839M) 74.946ms
[27.918s][info][gc,cpu         ] GC(8) User=0.19s Sys=0.05s Real=0.08s
[28.880s][info][gc,start       ] GC(9) Pause Young (Allocation Failure)
[28.885s][info][gc,heap        ] GC(9) PSYoungGen: 160240K->3023K(232960K)
[28.885s][info][gc,heap        ] GC(9) PSOldGen: 169609K->169617K(699392K)
[28.885s][info][gc,metaspace   ] GC(9) Metaspace: 66580K(68688K)->66580K(68688K) NonClass: 58314K(59312K)->58314K(59312K) Class: 8265K(9376K)->8265K(9376K)
[28.885s][info][gc             ] GC(9) Pause Young (Allocation Failure) 322M->168M(910M) 5.130ms
[28.885s][info][gc,cpu         ] GC(9) User=0.00s Sys=0.00s Real=0.00s
[30.771s][info][gc,start       ] GC(10) Pause Young (Allocation Failure)
[30.778s][info][gc,heap        ] GC(10) PSYoungGen: 119759K->7515K(232960K)
[30.778s][info][gc,heap        ] GC(10) PSOldGen: 169617K->169973K(699392K)
[30.778s][info][gc,metaspace   ] GC(10) Metaspace: 87809K(90704K)->87809K(90704K) NonClass: 76559K(78000K)->76559K(78000K) Class: 11249K(12704K)->11249K(12704K)
[30.778s][info][gc             ] GC(10) Pause Young (Allocation Failure) 282M->173M(910M) 7.096ms
[30.778s][info][gc,cpu         ] GC(10) User=0.00s Sys=0.00s Real=0.01s
[31.199s][info][gc,start       ] GC(11) Pause Young (System.gc())
[31.207s][info][gc,heap        ] GC(11) PSYoungGen: 37411K->7904K(232960K)
[31.207s][info][gc,heap        ] GC(11) PSOldGen: 169973K->169989K(699392K)
[31.207s][info][gc,metaspace   ] GC(11) Metaspace: 93883K(97360K)->93883K(97360K) NonClass: 81677K(83376K)->81677K(83376K) Class: 12205K(13984K)->12205K(13984K)
[31.207s][info][gc             ] GC(11) Pause Young (System.gc()) 202M->173M(910M) 7.970ms
[31.207s][info][gc,cpu         ] GC(11) User=0.05s Sys=0.00s Real=0.01s
[31.207s][info][gc,start       ] GC(12) Pause Full (System.gc())
[31.207s][info][gc,phases,start] GC(12) Phase 1: Mark live objects
[31.244s][info][gc,phases      ] GC(12) Phase 1: Mark live objects 36.440ms
[31.244s][info][gc,phases,start] GC(12) Phase 2: Compute new object addresses
[31.271s][info][gc,phases      ] GC(12) Phase 2: Compute new object addresses 26.763ms
[31.271s][info][gc,phases,start] GC(12) Phase 3: Adjust pointers
[31.286s][info][gc,phases      ] GC(12) Phase 3: Adjust pointers 15.115ms
[31.286s][info][gc,phases,start] GC(12) Phase 4: Move objects
[31.293s][info][gc,phases      ] GC(12) Phase 4: Move objects 6.870ms
[31.293s][info][gc,heap        ] GC(12) PSYoungGen: 7904K->0K(232960K)
[31.293s][info][gc,heap        ] GC(12) PSOldGen: 169989K->33303K(699392K)
[31.293s][info][gc,metaspace   ] GC(12) Metaspace: 93883K(97360K)->93883K(97360K) NonClass: 81677K(83376K)->81677K(83376K) Class: 12205K(13984K)->12205K(13984K)
[31.293s][info][gc             ] GC(12) Pause Full (System.gc()) 173M->32M(910M) 86.249ms
[31.293s][info][gc,cpu         ] GC(12) User=0.09s Sys=0.00s Real=0.07s
[32.744s][info][gc,start       ] GC(13) Pause Young (Allocation Failure)
[32.750s][info][gc,heap        ] GC(13) PSYoungGen: 116736K->5506K(232960K)
[32.750s][info][gc,heap        ] GC(13) PSOldGen: 33303K->33311K(699392K)
[32.750s][info][gc,metaspace   ] GC(13) Metaspace: 110962K(117072K)->110962K(117072K) NonClass: 95276K(98224K)->95276K(98224K) Class: 15686K(18848K)->15686K(18848K)
[32.750s][info][gc             ] GC(13) Pause Young (Allocation Failure) 146M->37M(910M) 6.952ms
[32.750s][info][gc,cpu         ] GC(13) User=0.02s Sys=0.00s Real=0.01s
[33.418s][info][gc,start       ] GC(14) Pause Young (Allocation Failure)
[33.425s][info][gc,heap        ] GC(14) PSYoungGen: 122242K->16166K(232960K)
[33.425s][info][gc,heap        ] GC(14) PSOldGen: 33311K->38493K(699392K)
[33.425s][info][gc,metaspace   ] GC(14) Metaspace: 115062K(121680K)->115062K(121680K) NonClass: 98635K(101808K)->98635K(101808K) Class: 16426K(19872K)->16426K(19872K)
[33.425s][info][gc             ] GC(14) Pause Young (Allocation Failure) 151M->53M(910M) 6.749ms
[33.425s][info][gc,cpu         ] GC(14) User=0.09s Sys=0.00s Real=0.01s
[33.519s][info][gc,start       ] GC(15) Pause Young (Allocation Failure)
[33.522s][info][gc,heap        ] GC(15) PSYoungGen: 132902K->1894K(240640K)
[33.522s][info][gc,heap        ] GC(15) PSOldGen: 38493K->53711K(699392K)
[33.522s][info][gc,metaspace   ] GC(15) Metaspace: 115100K(121680K)->115100K(121680K) NonClass: 98674K(101808K)->98674K(101808K) Class: 16426K(19872K)->16426K(19872K)
[33.522s][info][gc             ] GC(15) Pause Young (Allocation Failure) 167M->54M(918M) 2.970ms
[33.522s][info][gc,cpu         ] GC(15) User=0.00s Sys=0.00s Real=0.00s
[33.592s][info][gc,start       ] GC(16) Pause Young (Allocation Failure)
[33.593s][info][gc,heap        ] GC(16) PSYoungGen: 130918K->2222K(237568K)
[33.593s][info][gc,heap        ] GC(16) PSOldGen: 53711K->54679K(699392K)
[33.593s][info][gc,metaspace   ] GC(16) Metaspace: 115486K(122192K)->115486K(122192K) NonClass: 98987K(102320K)->98987K(102320K) Class: 16498K(19872K)->16498K(19872K)
[33.594s][info][gc             ] GC(16) Pause Young (Allocation Failure) 180M->55M(915M) 1.777ms
[33.594s][info][gc,cpu         ] GC(16) User=0.09s Sys=0.00s Real=0.00s
[33.678s][info][gc,start       ] GC(17) Pause Young (Allocation Failure)
[33.679s][info][gc,heap        ] GC(17) PSYoungGen: 131246K->1982K(248320K)
[33.679s][info][gc,heap        ] GC(17) PSOldGen: 54679K->56094K(699392K)
[33.679s][info][gc,metaspace   ] GC(17) Metaspace: 115908K(122704K)->115908K(122704K) NonClass: 99303K(102576K)->99303K(102576K) Class: 16605K(20128K)->16605K(20128K)
[33.680s][info][gc             ] GC(17) Pause Young (Allocation Failure) 181M->56M(925M) 1.888ms
[33.680s][info][gc,cpu         ] GC(17) User=0.00s Sys=0.00s Real=0.00s
[33.744s][info][gc,start       ] GC(18) Pause Young (Allocation Failure)
[33.746s][info][gc,heap        ] GC(18) PSYoungGen: 145342K->2114K(244224K)
[33.746s][info][gc,heap        ] GC(18) PSOldGen: 56094K->57280K(699392K)
[33.746s][info][gc,metaspace   ] GC(18) Metaspace: 115962K(122704K)->115962K(122704K) NonClass: 99356K(102576K)->99356K(102576K) Class: 16605K(20128K)->16605K(20128K)
[33.746s][info][gc             ] GC(18) Pause Young (Allocation Failure) 196M->58M(921M) 1.704ms
[33.746s][info][gc,cpu         ] GC(18) User=0.00s Sys=0.00s Real=0.00s
[33.815s][info][gc,start       ] GC(19) Pause Young (Allocation Failure)
[33.817s][info][gc,heap        ] GC(19) PSYoungGen: 145474K->2114K(256512K)
[33.817s][info][gc,heap        ] GC(19) PSOldGen: 57280K->58599K(699392K)
[33.817s][info][gc,metaspace   ] GC(19) Metaspace: 115974K(122704K)->115974K(122704K) NonClass: 99368K(102576K)->99368K(102576K) Class: 16605K(20128K)->16605K(20128K)
[33.817s][info][gc             ] GC(19) Pause Young (Allocation Failure) 198M->59M(933M) 1.531ms
[33.817s][info][gc,cpu         ] GC(19) User=0.00s Sys=0.00s Real=0.00s
[33.883s][info][gc,start       ] GC(20) Pause Young (Allocation Failure)
[33.885s][info][gc,heap        ] GC(20) PSYoungGen: 161858K->2192K(252416K)
[33.885s][info][gc,heap        ] GC(20) PSOldGen: 58599K->59926K(699392K)
[33.885s][info][gc,metaspace   ] GC(20) Metaspace: 115981K(122704K)->115981K(122704K) NonClass: 99376K(102576K)->99376K(102576K) Class: 16605K(20128K)->16605K(20128K)
[33.885s][info][gc             ] GC(20) Pause Young (Allocation Failure) 215M->60M(929M) 1.463ms
[33.885s][info][gc,cpu         ] GC(20) User=0.00s Sys=0.00s Real=0.00s
[33.956s][info][gc,start       ] GC(21) Pause Young (Allocation Failure)
[33.957s][info][gc,heap        ] GC(21) PSYoungGen: 161936K->2256K(265728K)
[33.957s][info][gc,heap        ] GC(21) PSOldGen: 59926K->61343K(699392K)
[33.957s][info][gc,metaspace   ] GC(21) Metaspace: 116008K(122704K)->116008K(122704K) NonClass: 99401K(102576K)->99401K(102576K) Class: 16606K(20128K)->16606K(20128K)
[33.957s][info][gc             ] GC(21) Pause Young (Allocation Failure) 216M->62M(942M) 1.972ms
[33.957s][info][gc,cpu         ] GC(21) User=0.00s Sys=0.00s Real=0.00s
[34.677s][info][gc,start       ] GC(22) Pause Young (Allocation Failure)
[34.682s][info][gc,heap        ] GC(22) PSYoungGen: 179920K->4612K(261120K)
[34.682s][info][gc,heap        ] GC(22) PSOldGen: 61343K->62767K(699392K)
[34.682s][info][gc,metaspace   ] GC(22) Metaspace: 120529K(128080K)->120529K(128080K) NonClass: 103175K(106928K)->103175K(106928K) Class: 17354K(21152K)->17354K(21152K)
[34.682s][info][gc             ] GC(22) Pause Young (Allocation Failure) 235M->65M(938M) 4.656ms
[34.682s][info][gc,cpu         ] GC(22) User=0.00s Sys=0.00s Real=0.00s
[35.123s][info][gc,start       ] GC(23) Pause Young (Allocation Failure)
[35.128s][info][gc,heap        ] GC(23) PSYoungGen: 182276K->9825K(275968K)
[35.128s][info][gc,heap        ] GC(23) PSOldGen: 62767K->66805K(699392K)
[35.128s][info][gc,metaspace   ] GC(23) Metaspace: 121752K(129744K)->121752K(129744K) NonClass: 104109K(107952K)->104109K(107952K) Class: 17643K(21792K)->17643K(21792K)
[35.128s][info][gc             ] GC(23) Pause Young (Allocation Failure) 239M->74M(952M) 5.019ms
[35.128s][info][gc,cpu         ] GC(23) User=0.09s Sys=0.00s Real=0.00s
[35.284s][info][gc,start       ] GC(24) Pause Young (Allocation Failure)
[35.289s][info][gc,heap        ] GC(24) PSYoungGen: 206945K->20390K(270336K)
[35.289s][info][gc,heap        ] GC(24) PSOldGen: 66805K->67197K(699392K)
[35.289s][info][gc,metaspace   ] GC(24) Metaspace: 121917K(130000K)->121917K(130000K) NonClass: 104253K(108208K)->104253K(108208K) Class: 17663K(21792K)->17663K(21792K)
[35.289s][info][gc             ] GC(24) Pause Young (Allocation Failure) 267M->85M(947M) 4.655ms
[35.289s][info][gc,cpu         ] GC(24) User=0.00s Sys=0.00s Real=0.01s
[35.344s][info][gc,start       ] GC(25) Pause Young (Allocation Failure)
[35.349s][info][gc,heap        ] GC(25) PSYoungGen: 217510K->16128K(284672K)
[35.349s][info][gc,heap        ] GC(25) PSOldGen: 67197K->82442K(699392K)
[35.349s][info][gc,metaspace   ] GC(25) Metaspace: 122022K(130256K)->122022K(130256K) NonClass: 104331K(108464K)->104331K(108464K) Class: 17691K(21792K)->17691K(21792K)
[35.349s][info][gc             ] GC(25) Pause Young (Allocation Failure) 278M->96M(961M) 5.195ms
[35.349s][info][gc,cpu         ] GC(25) User=0.00s Sys=0.00s Real=0.00s
[35.911s][info][gc,start       ] GC(26) Pause Young (Allocation Failure)
[35.919s][info][gc,heap        ] GC(26) PSYoungGen: 227309K->35754K(279552K)
[35.919s][info][gc,heap        ] GC(26) PSOldGen: 82442K->94514K(699392K)
[35.919s][info][gc,metaspace   ] GC(26) Metaspace: 123931K(132432K)->123931K(132432K) NonClass: 105787K(110000K)->105787K(110000K) Class: 18143K(22432K)->18143K(22432K)
[35.919s][info][gc             ] GC(26) Pause Young (Allocation Failure) 302M->127M(956M) 8.033ms
[35.919s][info][gc,cpu         ] GC(26) User=0.00s Sys=0.00s Real=0.01s
[36.141s][info][gc,start       ] GC(27) Pause Young (Allocation Failure)
[36.148s][info][gc,heap        ] GC(27) PSYoungGen: 248846K->26325K(283136K)
[36.148s][info][gc,heap        ] GC(27) PSOldGen: 94514K->123842K(699392K)
[36.148s][info][gc,metaspace   ] GC(27) Metaspace: 124030K(132432K)->124030K(132432K) NonClass: 105881K(110000K)->105881K(110000K) Class: 18149K(22432K)->18149K(22432K)
[36.148s][info][gc             ] GC(27) Pause Young (Allocation Failure) 335M->146M(959M) 7.893ms
[36.148s][info][gc,cpu         ] GC(27) User=0.00s Sys=0.00s Real=0.01s
[36.179s][info][gc,start       ] GC(28) Pause Young (Allocation Failure)
[36.182s][info][gc,heap        ] GC(28) PSYoungGen: 238664K->7850K(281600K)
[36.182s][info][gc,heap        ] GC(28) PSOldGen: 123842K->129661K(699392K)
[36.182s][info][gc,metaspace   ] GC(28) Metaspace: 124033K(132432K)->124033K(132432K) NonClass: 105883K(110000K)->105883K(110000K) Class: 18149K(22432K)->18149K(22432K)
[36.182s][info][gc             ] GC(28) Pause Young (Allocation Failure) 354M->134M(958M) 3.061ms
[36.182s][info][gc,cpu         ] GC(28) User=0.00s Sys=0.00s Real=0.00s
[36.624s][info][gc,start       ] GC(29) Pause Young (Allocation Failure)
[36.634s][info][gc,heap        ] GC(29) PSYoungGen: 223402K->53275K(268800K)
[36.634s][info][gc,heap        ] GC(29) PSOldGen: 129661K->129685K(699392K)
[36.634s][info][gc,metaspace   ] GC(29) Metaspace: 124267K(132816K)->124267K(132816K) NonClass: 106089K(110256K)->106089K(110256K) Class: 18177K(22560K)->18177K(22560K)
[36.634s][info][gc             ] GC(29) Pause Young (Allocation Failure) 344M->178M(945M) 10.214ms
[36.634s][info][gc,cpu         ] GC(29) User=0.05s Sys=0.00s Real=0.01s
[36.832s][info][gc,start       ] GC(30) Pause Young (Allocation Failure)
[36.837s][info][gc,heap        ] GC(30) PSYoungGen: 259038K->7573K(277504K)
[36.837s][info][gc,heap        ] GC(30) PSOldGen: 129685K->139258K(699392K)
[36.837s][info][gc,metaspace   ] GC(30) Metaspace: 124411K(133072K)->124411K(133072K) NonClass: 106220K(110512K)->106220K(110512K) Class: 18191K(22560K)->18191K(22560K)
[36.837s][info][gc             ] GC(30) Pause Young (Allocation Failure) 379M->143M(954M) 4.396ms
[36.837s][info][gc,cpu         ] GC(30) User=0.00s Sys=0.00s Real=0.01s
[36.945s][info][gc,start       ] GC(31) Pause Young (Allocation Failure)
[36.949s][info][gc,heap        ] GC(31) PSYoungGen: 213397K->13252K(284160K)
[36.949s][info][gc,heap        ] GC(31) PSOldGen: 139258K->146627K(699392K)
[36.949s][info][gc,metaspace   ] GC(31) Metaspace: 124461K(133072K)->124461K(133072K) NonClass: 106267K(110512K)->106267K(110512K) Class: 18194K(22560K)->18194K(22560K)
[36.949s][info][gc             ] GC(31) Pause Young (Allocation Failure) 344M->156M(960M) 4.146ms
[36.949s][info][gc,cpu         ] GC(31) User=0.00s Sys=0.00s Real=0.00s
[37.001s][info][gc,start       ] GC(32) Pause Young (Allocation Failure)
[37.004s][info][gc,heap        ] GC(32) PSYoungGen: 226981K->3574K(280576K)
[37.004s][info][gc,heap        ] GC(32) PSOldGen: 146627K->150368K(699392K)
[37.004s][info][gc,metaspace   ] GC(32) Metaspace: 124463K(133072K)->124463K(133072K) NonClass: 106269K(110512K)->106269K(110512K) Class: 18194K(22560K)->18194K(22560K)
[37.004s][info][gc             ] GC(32) Pause Young (Allocation Failure) 364M->150M(957M) 2.854ms
[37.004s][info][gc,cpu         ] GC(32) User=0.00s Sys=0.00s Real=0.00s
[37.069s][info][gc,start       ] GC(33) Pause Young (Allocation Failure)
[37.074s][info][gc,heap        ] GC(33) PSYoungGen: 219126K->7486K(289280K)
[37.074s][info][gc,heap        ] GC(33) PSOldGen: 150368K->152794K(699392K)
[37.074s][info][gc,metaspace   ] GC(33) Metaspace: 124466K(133072K)->124466K(133072K) NonClass: 106272K(110512K)->106272K(110512K) Class: 18194K(22560K)->18194K(22560K)
[37.074s][info][gc             ] GC(33) Pause Young (Allocation Failure) 360M->156M(965M) 4.442ms
[37.074s][info][gc,cpu         ] GC(33) User=0.00s Sys=0.00s Real=0.01s
[37.639s][info][gc,start       ] GC(34) Pause Young (Allocation Failure)
[37.642s][info][gc,heap        ] GC(34) PSYoungGen: 233668K->10329K(286208K)
[37.642s][info][gc,heap        ] GC(34) PSOldGen: 152794K->153303K(699392K)
[37.642s][info][gc,metaspace   ] GC(34) Metaspace: 124567K(133072K)->124567K(133072K) NonClass: 106372K(110512K)->106372K(110512K) Class: 18195K(22560K)->18195K(22560K)
[37.642s][info][gc             ] GC(34) Pause Young (Allocation Failure) 377M->159M(962M) 3.086ms
[37.642s][info][gc,cpu         ] GC(34) User=0.09s Sys=0.00s Real=0.00s
[38.217s][info][gc,start       ] GC(35) Pause Young (Allocation Failure)
[38.221s][info][gc,heap        ] GC(35) PSYoungGen: 236633K->6962K(294912K)
[38.221s][info][gc,heap        ] GC(35) PSOldGen: 153303K->162931K(699392K)
[38.221s][info][gc,metaspace   ] GC(35) Metaspace: 124973K(133584K)->124973K(133584K) NonClass: 106733K(111024K)->106733K(111024K) Class: 18239K(22560K)->18239K(22560K)
[38.221s][info][gc             ] GC(35) Pause Young (Allocation Failure) 380M->165M(971M) 4.202ms
[38.221s][info][gc,cpu         ] GC(35) User=0.06s Sys=0.00s Real=0.00s
[39.886s][info][gc,start       ] GC(36) Pause Young (Allocation Failure)
[39.888s][info][gc,heap        ] GC(36) PSYoungGen: 245042K->1046K(292352K)
[39.888s][info][gc,heap        ] GC(36) PSOldGen: 162931K->169662K(699392K)
[39.888s][info][gc,metaspace   ] GC(36) Metaspace: 128418K(137296K)->128418K(137296K) NonClass: 109752K(114096K)->109752K(114096K) Class: 18665K(23200K)->18665K(23200K)
[39.889s][info][gc             ] GC(36) Pause Young (Allocation Failure) 398M->166M(968M) 2.906ms
[39.889s][info][gc,cpu         ] GC(36) User=0.00s Sys=0.00s Real=0.01s
[41.209s][info][gc,start       ] GC(37) Pause Young (Allocation Failure)
[41.211s][info][gc,heap        ] GC(37) PSYoungGen: 239126K->970K(298496K)
[41.211s][info][gc,heap        ] GC(37) PSOldGen: 169662K->170517K(699392K)
[41.211s][info][gc,metaspace   ] GC(37) Metaspace: 128695K(137552K)->128695K(137552K) NonClass: 110017K(114352K)->110017K(114352K) Class: 18677K(23200K)->18677K(23200K)
[41.211s][info][gc             ] GC(37) Pause Young (Allocation Failure) 399M->167M(974M) 2.224ms
[41.211s][info][gc,cpu         ] GC(37) User=0.00s Sys=0.00s Real=0.00s
[42.791s][info][gc,start       ] GC(38) Pause Young (Allocation Failure)
[42.795s][info][gc,heap        ] GC(38) PSYoungGen: 246226K->1169K(296960K)
[42.795s][info][gc,heap        ] GC(38) PSOldGen: 170517K->170929K(699392K)
[42.795s][info][gc,metaspace   ] GC(38) Metaspace: 128965K(137936K)->128965K(137936K) NonClass: 110275K(114608K)->110275K(114608K) Class: 18690K(23328K)->18690K(23328K)
[42.795s][info][gc             ] GC(38) Pause Young (Allocation Failure) 406M->168M(973M) 3.885ms
[42.795s][info][gc,cpu         ] GC(38) User=0.00s Sys=0.00s Real=0.00s
[44.130s][info][gc,start       ] GC(39) Pause Young (Allocation Failure)
[44.132s][info][gc,heap        ] GC(39) PSYoungGen: 245208K->719K(302592K)
[44.132s][info][gc,heap        ] GC(39) PSOldGen: 170929K->171313K(699392K)
[44.132s][info][gc,metaspace   ] GC(39) Metaspace: 129108K(138192K)->129108K(138192K) NonClass: 110416K(114864K)->110416K(114864K) Class: 18692K(23328K)->18692K(23328K)
[44.132s][info][gc             ] GC(39) Pause Young (Allocation Failure) 406M->168M(978M) 2.011ms
[44.132s][info][gc,cpu         ] GC(39) User=0.00s Sys=0.00s Real=0.00s
[45.598s][info][gc,start       ] GC(40) Pause Young (Allocation Failure)
[45.600s][info][gc,heap        ] GC(40) PSYoungGen: 254671K->1504K(300544K)
[45.600s][info][gc,heap        ] GC(40) PSOldGen: 171313K->171785K(699392K)
[45.600s][info][gc,metaspace   ] GC(40) Metaspace: 129320K(138448K)->129320K(138448K) NonClass: 110624K(115120K)->110624K(115120K) Class: 18695K(23328K)->18695K(23328K)
[45.600s][info][gc             ] GC(40) Pause Young (Allocation Failure) 416M->169M(976M) 2.656ms
[45.600s][info][gc,cpu         ] GC(40) User=0.00s Sys=0.00s Real=0.00s
[47.024s][info][gc,start       ] GC(41) Pause Young (Allocation Failure)
[47.027s][info][gc,heap        ] GC(41) PSYoungGen: 255456K->1835K(306688K)
[47.027s][info][gc,heap        ] GC(41) PSOldGen: 171785K->172227K(699392K)
[47.027s][info][gc,metaspace   ] GC(41) Metaspace: 129430K(138704K)->129430K(138704K) NonClass: 110735K(115376K)->110735K(115376K) Class: 18695K(23328K)->18695K(23328K)
[47.027s][info][gc             ] GC(41) Pause Young (Allocation Failure) 417M->169M(982M) 3.051ms
[47.027s][info][gc,cpu         ] GC(41) User=0.00s Sys=0.00s Real=0.00s
[48.165s][info][gc,start       ] GC(42) Pause Young (Allocation Failure)
[48.169s][info][gc,heap        ] GC(42) PSYoungGen: 263979K->4915K(304640K)
[48.169s][info][gc,heap        ] GC(42) PSOldGen: 172227K->172663K(699392K)
[48.169s][info][gc,metaspace   ] GC(42) Metaspace: 140966K(150224K)->140966K(150224K) NonClass: 120835K(125360K)->120835K(125360K) Class: 20131K(24864K)->20131K(24864K)
[48.169s][info][gc             ] GC(42) Pause Young (Allocation Failure) 425M->173M(980M) 4.355ms
[48.169s][info][gc,cpu         ] GC(42) User=0.00s Sys=0.00s Real=0.01s
[48.523s][info][gc,start       ] GC(43) Pause Young (System.gc())
[48.529s][info][gc,heap        ] GC(43) PSYoungGen: 34983K->2176K(311808K)
[48.530s][info][gc,heap        ] GC(43) PSOldGen: 172663K->177476K(699392K)
[48.530s][info][gc,metaspace   ] GC(43) Metaspace: 143319K(152912K)->143319K(152912K) NonClass: 122862K(127664K)->122862K(127664K) Class: 20456K(25248K)->20456K(25248K)
[48.530s][info][gc             ] GC(43) Pause Young (System.gc()) 202M->175M(987M) 6.666ms
[48.530s][info][gc,cpu         ] GC(43) User=0.00s Sys=0.00s Real=0.01s
[48.530s][info][gc,start       ] GC(44) Pause Full (System.gc())
[48.531s][info][gc,phases,start] GC(44) Phase 1: Mark live objects
[48.611s][info][gc,phases      ] GC(44) Phase 1: Mark live objects 80.484ms
[48.611s][info][gc,phases,start] GC(44) Phase 2: Compute new object addresses
[48.620s][info][gc,phases      ] GC(44) Phase 2: Compute new object addresses 8.393ms
[48.620s][info][gc,phases,start] GC(44) Phase 3: Adjust pointers
[48.650s][info][gc,phases      ] GC(44) Phase 3: Adjust pointers 30.460ms
[48.650s][info][gc,phases,start] GC(44) Phase 4: Move objects
[48.653s][info][gc,phases      ] GC(44) Phase 4: Move objects 2.287ms
[48.656s][info][gc,heap        ] GC(44) PSYoungGen: 2176K->0K(311808K)
[48.656s][info][gc,heap        ] GC(44) PSOldGen: 177476K->91683K(699392K)
[48.656s][info][gc,metaspace   ] GC(44) Metaspace: 143319K(152912K)->138731K(152912K) NonClass: 122862K(127664K)->120017K(127664K) Class: 20456K(25248K)->18714K(25248K)
[48.656s][info][gc             ] GC(44) Pause Full (System.gc()) 175M->89M(987M) 126.208ms
[48.656s][info][gc,cpu         ] GC(44) User=0.12s Sys=0.00s Real=0.12s
[48.837s][info][gc,start       ] GC(45) Pause Young (Allocation Failure)
[48.841s][info][gc,heap        ] GC(45) PSYoungGen: 272384K->15296K(309760K)
[48.841s][info][gc,heap        ] GC(45) PSOldGen: 91683K->91683K(699392K)
[48.841s][info][gc,metaspace   ] GC(45) Metaspace: 138778K(152912K)->138778K(152912K) NonClass: 120063K(127664K)->120063K(127664K) Class: 18714K(25248K)->18714K(25248K)
[48.841s][info][gc             ] GC(45) Pause Young (Allocation Failure) 355M->104M(985M) 4.418ms
[48.841s][info][gc,cpu         ] GC(45) User=0.00s Sys=0.00s Real=0.00s
[48.914s][info][gc,start       ] GC(46) Pause Young (Allocation Failure)
[48.919s][info][gc,heap        ] GC(46) PSYoungGen: 287680K->16774K(311808K)
[48.919s][info][gc,heap        ] GC(46) PSOldGen: 91683K->102269K(699392K)
[48.919s][info][gc,metaspace   ] GC(46) Metaspace: 138780K(152912K)->138780K(152912K) NonClass: 120065K(127664K)->120065K(127664K) Class: 18714K(25248K)->18714K(25248K)
[48.919s][info][gc             ] GC(46) Pause Young (Allocation Failure) 370M->116M(987M) 5.001ms
[48.919s][info][gc,cpu         ] GC(46) User=0.00s Sys=0.00s Real=0.01s
[49.097s][info][gc,start       ] GC(47) Pause Young (Allocation Failure)
[49.104s][info][gc,heap        ] GC(47) PSYoungGen: 287921K->37363K(311808K)
[49.104s][info][gc,heap        ] GC(47) PSOldGen: 102269K->114784K(699392K)
[49.104s][info][gc,metaspace   ] GC(47) Metaspace: 138787K(152912K)->138787K(152912K) NonClass: 120073K(127664K)->120073K(127664K) Class: 18714K(25248K)->18714K(25248K)
[49.104s][info][gc             ] GC(47) Pause Young (Allocation Failure) 381M->148M(987M) 7.383ms
[49.105s][info][gc,cpu         ] GC(47) User=0.00s Sys=0.00s Real=0.01s
[49.138s][info][gc,start       ] GC(48) Pause Young (Allocation Failure)
[49.145s][info][gc,heap        ] GC(48) PSYoungGen: 308699K->19310K(289280K)
[49.145s][info][gc,heap        ] GC(48) PSOldGen: 114784K->138525K(699392K)
[49.145s][info][gc,metaspace   ] GC(48) Metaspace: 138788K(152912K)->138788K(152912K) NonClass: 120073K(127664K)->120073K(127664K) Class: 18714K(25248K)->18714K(25248K)
[49.145s][info][gc             ] GC(48) Pause Young (Allocation Failure) 413M->154M(965M) 6.927ms
[49.145s][info][gc,cpu         ] GC(48) User=0.08s Sys=0.00s Real=0.01s
[49.323s][info][gc,start       ] GC(49) Pause Young (GCLocker Initiated GC)
[49.329s][info][gc,heap        ] GC(49) PSYoungGen: 271214K->34584K(286720K)
[49.330s][info][gc,heap        ] GC(49) PSOldGen: 143255K->146343K(699392K)
[49.330s][info][gc,metaspace   ] GC(49) Metaspace: 138796K(152912K)->138796K(152912K) NonClass: 120081K(127664K)->120081K(127664K) Class: 18714K(25248K)->18714K(25248K)
[49.330s][info][gc             ] GC(49) Pause Young (GCLocker Initiated GC) 404M->176M(963M) 6.678ms
[49.330s][info][gc,cpu         ] GC(49) User=0.08s Sys=0.00s Real=0.01s
[49.390s][info][gc,start       ] GC(50) Pause Young (Allocation Failure)
[49.397s][info][gc,heap        ] GC(50) PSYoungGen: 286488K->40005K(286208K)
[49.397s][info][gc,heap        ] GC(50) PSOldGen: 146344K->148948K(699392K)
[49.397s][info][gc,metaspace   ] GC(50) Metaspace: 138815K(152912K)->138815K(152912K) NonClass: 120100K(127664K)->120100K(127664K) Class: 18714K(25248K)->18714K(25248K)
[49.397s][info][gc             ] GC(50) Pause Young (Allocation Failure) 422M->184M(962M) 7.140ms
[49.397s][info][gc,cpu         ] GC(50) User=0.02s Sys=0.00s Real=0.01s
[49.473s][info][gc,start       ] GC(51) Pause Young (Allocation Failure)
[49.478s][info][gc,heap        ] GC(51) PSYoungGen: 273477K->13639K(291328K)
[49.478s][info][gc,heap        ] GC(51) PSOldGen: 148948K->158959K(699392K)
[49.478s][info][gc,metaspace   ] GC(51) Metaspace: 138821K(152912K)->138821K(152912K) NonClass: 120106K(127664K)->120106K(127664K) Class: 18714K(25248K)->18714K(25248K)
[49.478s][info][gc             ] GC(51) Pause Young (Allocation Failure) 412M->168M(967M) 4.553ms
[49.478s][info][gc,cpu         ] GC(51) User=0.00s Sys=0.00s Real=0.01s
[49.548s][info][gc,start       ] GC(52) Pause Young (Allocation Failure)
[49.552s][info][gc,heap        ] GC(52) PSYoungGen: 247111K->12725K(296960K)
[49.552s][info][gc,heap        ] GC(52) PSOldGen: 158959K->164024K(699392K)
[49.552s][info][gc,metaspace   ] GC(52) Metaspace: 138821K(152912K)->138821K(152912K) NonClass: 120106K(127664K)->120106K(127664K) Class: 18714K(25248K)->18714K(25248K)
[49.552s][info][gc             ] GC(52) Pause Young (Allocation Failure) 396M->172M(973M) 3.785ms
[49.552s][info][gc,cpu         ] GC(52) User=0.00s Sys=0.00s Real=0.00s
[49.621s][info][gc,start       ] GC(53) Pause Young (Allocation Failure)
[49.625s][info][gc,heap        ] GC(53) PSYoungGen: 254901K->2490K(294400K)
[49.625s][info][gc,heap        ] GC(53) PSOldGen: 164024K->165144K(699392K)
[49.625s][info][gc,metaspace   ] GC(53) Metaspace: 138821K(152912K)->138821K(152912K) NonClass: 120106K(127664K)->120106K(127664K) Class: 18714K(25248K)->18714K(25248K)
[49.625s][info][gc             ] GC(53) Pause Young (Allocation Failure) 409M->163M(970M) 4.319ms
[49.625s][info][gc,cpu         ] GC(53) User=0.02s Sys=0.00s Real=0.01s
[49.852s][info][gc,start       ] GC(54) Pause Young (Allocation Failure)
[49.858s][info][gc,heap        ] GC(54) PSYoungGen: 244655K->38403K(288768K)
[49.858s][info][gc,heap        ] GC(54) PSOldGen: 165144K->165410K(699392K)
[49.858s][info][gc,metaspace   ] GC(54) Metaspace: 138848K(152912K)->138848K(152912K) NonClass: 120134K(127664K)->120134K(127664K) Class: 18714K(25248K)->18714K(25248K)
[49.858s][info][gc             ] GC(54) Pause Young (Allocation Failure) 400M->199M(965M) 6.514ms
[49.858s][info][gc,cpu         ] GC(54) User=0.00s Sys=0.00s Real=0.00s
[50.297s][info][gc,start       ] GC(55) Pause Young (Allocation Failure)
[50.303s][info][gc,heap        ] GC(55) PSYoungGen: 275971K->4617K(293376K)
[50.303s][info][gc,heap        ] GC(55) PSOldGen: 165410K->179640K(699392K)
[50.303s][info][gc,metaspace   ] GC(55) Metaspace: 138952K(152912K)->138952K(152912K) NonClass: 120237K(127664K)->120237K(127664K) Class: 18714K(25248K)->18714K(25248K)
[50.303s][info][gc             ] GC(55) Pause Young (Allocation Failure) 431M->179M(969M) 5.626ms
[50.303s][info][gc,cpu         ] GC(55) User=0.00s Sys=0.00s Real=0.00s
[51.428s][info][gc,start       ] GC(56) Pause Young (Allocation Failure)
[51.430s][info][gc,heap        ] GC(56) PSYoungGen: 242160K->574K(295936K)
[51.430s][info][gc,heap        ] GC(56) PSOldGen: 179640K->181955K(699392K)
[51.430s][info][gc,metaspace   ] GC(56) Metaspace: 139016K(152912K)->139016K(152912K) NonClass: 120301K(127664K)->120301K(127664K) Class: 18714K(25248K)->18714K(25248K)
[51.430s][info][gc             ] GC(56) Pause Young (Allocation Failure) 411M->178M(972M) 2.179ms
[51.430s][info][gc,cpu         ] GC(56) User=0.00s Sys=0.00s Real=0.00s
[52.655s][info][gc,start       ] GC(57) Pause Young (Allocation Failure)
[52.658s][info][gc,heap        ] GC(57) PSYoungGen: 242238K->5039K(294912K)
[52.658s][info][gc,heap        ] GC(57) PSOldGen: 181955K->182354K(699392K)
[52.658s][info][gc,metaspace   ] GC(57) Metaspace: 139062K(152912K)->139062K(152912K) NonClass: 120347K(127664K)->120347K(127664K) Class: 18714K(25248K)->18714K(25248K)
[52.658s][info][gc             ] GC(57) Pause Young (Allocation Failure) 414M->183M(971M) 2.779ms
[52.658s][info][gc,cpu         ] GC(57) User=0.00s Sys=0.02s Real=0.01s
[53.917s][info][gc,start       ] GC(58) Pause Young (Allocation Failure)
[53.920s][info][gc,heap        ] GC(58) PSYoungGen: 245763K->1025K(299520K)
[53.920s][info][gc,heap        ] GC(58) PSOldGen: 182354K->182735K(699392K)
[53.920s][info][gc,metaspace   ] GC(58) Metaspace: 139182K(153168K)->139182K(153168K) NonClass: 120468K(127920K)->120468K(127920K) Class: 18714K(25248K)->18714K(25248K)
[53.920s][info][gc             ] GC(58) Pause Young (Allocation Failure) 418M->179M(975M) 2.979ms
[53.920s][info][gc,cpu         ] GC(58) User=0.00s Sys=0.00s Real=0.00s
[54.972s][info][gc,start       ] GC(59) Pause Young (Allocation Failure)
[54.974s][info][gc,heap        ] GC(59) PSYoungGen: 249345K->1420K(297984K)
[54.974s][info][gc,heap        ] GC(59) PSOldGen: 182735K->183193K(699392K)
[54.974s][info][gc,metaspace   ] GC(59) Metaspace: 139276K(153168K)->139276K(153168K) NonClass: 120562K(127920K)->120562K(127920K) Class: 18714K(25248K)->18714K(25248K)
[54.974s][info][gc             ] GC(59) Pause Young (Allocation Failure) 421M->180M(974M) 2.232ms
[54.974s][info][gc,cpu         ] GC(59) User=0.00s Sys=0.00s Real=0.00s
[56.149s][info][gc,start       ] GC(60) Pause Young (Allocation Failure)
[56.153s][info][gc,heap        ] GC(60) PSYoungGen: 249734K->4075K(303104K)
[56.153s][info][gc,heap        ] GC(60) PSOldGen: 183193K->183705K(699392K)
[56.153s][info][gc,metaspace   ] GC(60) Metaspace: 139329K(153168K)->139329K(153168K) NonClass: 120614K(127920K)->120614K(127920K) Class: 18714K(25248K)->18714K(25248K)
[56.153s][info][gc             ] GC(60) Pause Young (Allocation Failure) 422M->183M(979M) 3.539ms
[56.153s][info][gc,cpu         ] GC(60) User=0.00s Sys=0.00s Real=0.00s
[57.158s][info][gc,start       ] GC(61) Pause Young (Allocation Failure)
[57.161s][info][gc,heap        ] GC(61) PSYoungGen: 259051K->2709K(301056K)
[57.161s][info][gc,heap        ] GC(61) PSOldGen: 183705K->184111K(699392K)
[57.161s][info][gc,metaspace   ] GC(61) Metaspace: 139408K(153424K)->139408K(153424K) NonClass: 120693K(128176K)->120693K(128176K) Class: 18714K(25248K)->18714K(25248K)
[57.161s][info][gc             ] GC(61) Pause Young (Allocation Failure) 432M->182M(977M) 2.976ms
[57.161s][info][gc,cpu         ] GC(61) User=0.00s Sys=0.00s Real=0.00s
[57.370s][info][gc,start       ] GC(62) Pause Young (System.gc())
[57.373s][info][gc,heap        ] GC(62) PSYoungGen: 124007K->1189K(307200K)
[57.373s][info][gc,heap        ] GC(62) PSOldGen: 184111K->185820K(699392K)
[57.373s][info][gc,metaspace   ] GC(62) Metaspace: 139618K(153424K)->139618K(153424K) NonClass: 120903K(128176K)->120903K(128176K) Class: 18714K(25248K)->18714K(25248K)
[57.373s][info][gc             ] GC(62) Pause Young (System.gc()) 300M->182M(983M) 3.098ms
[57.373s][info][gc,cpu         ] GC(62) User=0.00s Sys=0.00s Real=0.00s
[57.373s][info][gc,start       ] GC(63) Pause Full (System.gc())
[57.375s][info][gc,phases,start] GC(63) Phase 1: Mark live objects
[57.460s][info][gc,phases      ] GC(63) Phase 1: Mark live objects 85.421ms
[57.461s][info][gc,phases,start] GC(63) Phase 2: Compute new object addresses
[57.470s][info][gc,phases      ] GC(63) Phase 2: Compute new object addresses 9.795ms
[57.470s][info][gc,phases,start] GC(63) Phase 3: Adjust pointers
[57.505s][info][gc,phases      ] GC(63) Phase 3: Adjust pointers 34.992ms
[57.505s][info][gc,phases,start] GC(63) Phase 4: Move objects
[57.506s][info][gc,phases      ] GC(63) Phase 4: Move objects 1.017ms
[57.507s][info][gc,heap        ] GC(63) PSYoungGen: 1189K->0K(307200K)
[57.507s][info][gc,heap        ] GC(63) PSOldGen: 185820K->96998K(699392K)
[57.507s][info][gc,metaspace   ] GC(63) Metaspace: 139618K(153424K)->139610K(153424K) NonClass: 120903K(128176K)->120896K(128176K) Class: 18714K(25248K)->18713K(25248K)
[57.507s][info][gc             ] GC(63) Pause Full (System.gc()) 182M->94M(983M) 134.060ms
[57.508s][info][gc,cpu         ] GC(63) User=0.14s Sys=0.00s Real=0.12s
[57.755s][info][gc,start       ] GC(64) Pause Young (Allocation Failure)
[57.758s][info][gc,heap        ] GC(64) PSYoungGen: 263680K->17505K(305664K)
[57.758s][info][gc,heap        ] GC(64) PSOldGen: 96998K->97006K(699392K)
[57.758s][info][gc,metaspace   ] GC(64) Metaspace: 139911K(153680K)->139911K(153680K) NonClass: 121165K(128432K)->121165K(128432K) Class: 18746K(25248K)->18746K(25248K)
[57.758s][info][gc             ] GC(64) Pause Young (Allocation Failure) 352M->111M(981M) 3.836ms
[57.758s][info][gc,cpu         ] GC(64) User=0.00s Sys=0.00s Real=0.00s
[57.827s][info][gc,start       ] GC(65) Pause Young (Allocation Failure)
[57.832s][info][gc,heap        ] GC(65) PSYoungGen: 281185K->16678K(308224K)
[57.832s][info][gc,heap        ] GC(65) PSOldGen: 97006K->107848K(699392K)
[57.832s][info][gc,metaspace   ] GC(65) Metaspace: 139935K(153680K)->139935K(153680K) NonClass: 121189K(128432K)->121189K(128432K) Class: 18746K(25248K)->18746K(25248K)
[57.832s][info][gc             ] GC(65) Pause Young (Allocation Failure) 369M->121M(984M) 5.124ms
[57.832s][info][gc,cpu         ] GC(65) User=0.08s Sys=0.00s Real=0.01s
[58.027s][info][gc,start       ] GC(66) Pause Young (Allocation Failure)
[58.036s][info][gc,heap        ] GC(66) PSYoungGen: 282913K->40946K(307200K)
[58.036s][info][gc,heap        ] GC(66) PSOldGen: 107848K->123959K(699392K)
[58.036s][info][gc,metaspace   ] GC(66) Metaspace: 139938K(153680K)->139938K(153680K) NonClass: 121192K(128432K)->121192K(128432K) Class: 18746K(25248K)->18746K(25248K)
[58.036s][info][gc             ] GC(66) Pause Young (Allocation Failure) 381M->161M(983M) 8.644ms
[58.036s][info][gc,cpu         ] GC(66) User=0.09s Sys=0.00s Real=0.01s
[58.069s][info][gc,start       ] GC(67) Pause Young (Allocation Failure)
[58.077s][info][gc,heap        ] GC(67) PSYoungGen: 307162K->26941K(280576K)
[58.077s][info][gc,heap        ] GC(67) PSOldGen: 123959K->148707K(699392K)
[58.077s][info][gc,metaspace   ] GC(67) Metaspace: 139938K(153680K)->139938K(153680K) NonClass: 121192K(128432K)->121192K(128432K) Class: 18746K(25248K)->18746K(25248K)
[58.077s][info][gc             ] GC(67) Pause Young (Allocation Failure) 421M->171M(957M) 7.647ms
[58.077s][info][gc,cpu         ] GC(67) User=0.00s Sys=0.00s Real=0.01s
[58.240s][info][gc,start       ] GC(68) Pause Young (Allocation Failure)
[58.245s][info][gc,heap        ] GC(68) PSYoungGen: 265533K->16226K(293888K)
[58.245s][info][gc,heap        ] GC(68) PSOldGen: 148707K->154815K(699392K)
[58.245s][info][gc,metaspace   ] GC(68) Metaspace: 139938K(153680K)->139938K(153680K) NonClass: 121192K(128432K)->121192K(128432K) Class: 18746K(25248K)->18746K(25248K)
[58.245s][info][gc             ] GC(68) Pause Young (Allocation Failure) 404M->167M(970M) 5.465ms
[58.245s][info][gc,cpu         ] GC(68) User=0.00s Sys=0.00s Real=0.00s
[58.292s][info][gc,start       ] GC(69) Pause Young (Allocation Failure)
[58.298s][info][gc,heap        ] GC(69) PSYoungGen: 254818K->32973K(292352K)
[58.298s][info][gc,heap        ] GC(69) PSOldGen: 154815K->154988K(699392K)
[58.298s][info][gc,metaspace   ] GC(69) Metaspace: 139946K(153680K)->139946K(153680K) NonClass: 121200K(128432K)->121200K(128432K) Class: 18746K(25248K)->18746K(25248K)
[58.298s][info][gc             ] GC(69) Pause Young (Allocation Failure) 400M->183M(968M) 5.884ms
[58.298s][info][gc,cpu         ] GC(69) User=0.06s Sys=0.00s Real=0.01s
[58.371s][info][gc,start       ] GC(70) Pause Young (Allocation Failure)
[58.376s][info][gc,heap        ] GC(70) PSYoungGen: 273613K->14364K(294912K)
[58.376s][info][gc,heap        ] GC(70) PSOldGen: 154988K->164990K(699392K)
[58.376s][info][gc,metaspace   ] GC(70) Metaspace: 139950K(153680K)->139950K(153680K) NonClass: 121204K(128432K)->121204K(128432K) Class: 18746K(25248K)->18746K(25248K)
[58.376s][info][gc             ] GC(70) Pause Young (Allocation Failure) 418M->175M(971M) 4.891ms
[58.376s][info][gc,cpu         ] GC(70) User=0.09s Sys=0.00s Real=0.01s
[58.454s][info][gc,start       ] GC(71) Pause Young (Allocation Failure)
[58.458s][info][gc,heap        ] GC(71) PSYoungGen: 255004K->9109K(299520K)
[58.458s][info][gc,heap        ] GC(71) PSOldGen: 164990K->175067K(699392K)
[58.458s][info][gc,metaspace   ] GC(71) Metaspace: 139950K(153680K)->139950K(153680K) NonClass: 121204K(128432K)->121204K(128432K) Class: 18746K(25248K)->18746K(25248K)
[58.458s][info][gc             ] GC(71) Pause Young (Allocation Failure) 410M->179M(975M) 3.785ms
[58.458s][info][gc,cpu         ] GC(71) User=0.00s Sys=0.00s Real=0.00s
[58.535s][info][gc,start       ] GC(72) Pause Young (Allocation Failure)
[58.539s][info][gc,heap        ] GC(72) PSYoungGen: 257429K->15948K(297984K)
[58.539s][info][gc,heap        ] GC(72) PSOldGen: 175067K->178241K(699392K)
[58.539s][info][gc,metaspace   ] GC(72) Metaspace: 139954K(153680K)->139954K(153680K) NonClass: 121208K(128432K)->121208K(128432K) Class: 18746K(25248K)->18746K(25248K)
[58.539s][info][gc             ] GC(72) Pause Young (Allocation Failure) 422M->189M(974M) 4.074ms
[58.539s][info][gc,cpu         ] GC(72) User=0.00s Sys=0.00s Real=0.01s
[58.757s][info][gc,start       ] GC(73) Pause Young (GCLocker Initiated GC)
[58.761s][info][gc,heap        ] GC(73) PSYoungGen: 263619K->19421K(304640K)
[58.761s][info][gc,heap        ] GC(73) PSOldGen: 179265K->179695K(699392K)
[58.761s][info][gc,metaspace   ] GC(73) Metaspace: 139965K(153680K)->139965K(153680K) NonClass: 121218K(128432K)->121218K(128432K) Class: 18746K(25248K)->18746K(25248K)
[58.761s][info][gc             ] GC(73) Pause Young (GCLocker Initiated GC) 432M->194M(980M) 4.079ms
[58.761s][info][gc,cpu         ] GC(73) User=0.00s Sys=0.00s Real=0.00s
[59.006s][info][gc,start       ] GC(74) Pause Young (Allocation Failure)
[59.011s][info][gc,heap        ] GC(74) PSYoungGen: 277469K->14900K(302592K)
[59.011s][info][gc,heap        ] GC(74) PSOldGen: 179884K->189528K(699392K)
[59.011s][info][gc,metaspace   ] GC(74) Metaspace: 139983K(153680K)->139983K(153680K) NonClass: 121236K(128432K)->121236K(128432K) Class: 18746K(25248K)->18746K(25248K)
[59.011s][info][gc             ] GC(74) Pause Young (Allocation Failure) 446M->199M(978M) 5.009ms
[59.011s][info][gc,cpu         ] GC(74) User=0.00s Sys=0.00s Real=0.01s
[60.214s][info][gc,start       ] GC(75) Pause Young (Allocation Failure)
[60.216s][info][gc,heap        ] GC(75) PSYoungGen: 270668K->723K(306176K)
[60.216s][info][gc,heap        ] GC(75) PSOldGen: 189528K->196634K(699392K)
[60.216s][info][gc,metaspace   ] GC(75) Metaspace: 140018K(153680K)->140018K(153680K) NonClass: 121272K(128432K)->121272K(128432K) Class: 18746K(25248K)->18746K(25248K)
[60.217s][info][gc             ] GC(75) Pause Young (Allocation Failure) 449M->192M(982M) 2.654ms
[60.217s][info][gc,cpu         ] GC(75) User=0.00s Sys=0.00s Real=0.01s
[61.451s][info][gc,start       ] GC(76) Pause Young (Allocation Failure)
[61.454s][info][gc,heap        ] GC(76) PSYoungGen: 263953K->3538K(306688K)
[61.454s][info][gc,heap        ] GC(76) PSOldGen: 196634K->197171K(699392K)
[61.454s][info][gc,metaspace   ] GC(76) Metaspace: 140068K(153680K)->140068K(153680K) NonClass: 121321K(128432K)->121321K(128432K) Class: 18746K(25248K)->18746K(25248K)
[61.454s][info][gc             ] GC(76) Pause Young (Allocation Failure) 449M->196M(982M) 2.715ms
[61.454s][info][gc,cpu         ] GC(76) User=0.09s Sys=0.00s Real=0.00s
[62.790s][info][gc,start       ] GC(77) Pause Young (Allocation Failure)
[62.794s][info][gc,heap        ] GC(77) PSYoungGen: 267730K->6424K(308736K)
[62.794s][info][gc,heap        ] GC(77) PSOldGen: 197171K->197578K(699392K)
[62.794s][info][gc,metaspace   ] GC(77) Metaspace: 140083K(153680K)->140083K(153680K) NonClass: 121336K(128432K)->121336K(128432K) Class: 18746K(25248K)->18746K(25248K)
[62.794s][info][gc             ] GC(77) Pause Young (Allocation Failure) 454M->199M(984M) 4.409ms
[62.794s][info][gc,cpu         ] GC(77) User=0.00s Sys=0.00s Real=0.00s
[64.143s][info][gc,start       ] GC(78) Pause Young (GCLocker Initiated GC)
[64.146s][info][gc,heap        ] GC(78) PSYoungGen: 273688K->3840K(307712K)
[64.146s][info][gc,heap        ] GC(78) PSOldGen: 197617K->198061K(699392K)
[64.146s][info][gc,metaspace   ] GC(78) Metaspace: 140116K(153680K)->140116K(153680K) NonClass: 121370K(128432K)->121370K(128432K) Class: 18746K(25248K)->18746K(25248K)
[64.146s][info][gc             ] GC(78) Pause Young (GCLocker Initiated GC) 460M->197M(983M) 3.108ms
[64.146s][info][gc,cpu         ] GC(78) User=0.00s Sys=0.00s Real=0.01s
[65.520s][info][gc,start       ] GC(79) Pause Young (Allocation Failure)
[65.523s][info][gc,heap        ] GC(79) PSYoungGen: 271104K->3564K(311296K)
[65.523s][info][gc,heap        ] GC(79) PSOldGen: 198073K->199026K(699392K)
[65.523s][info][gc,metaspace   ] GC(79) Metaspace: 140120K(153680K)->140120K(153680K) NonClass: 121374K(128432K)->121374K(128432K) Class: 18746K(25248K)->18746K(25248K)
[65.523s][info][gc             ] GC(79) Pause Young (Allocation Failure) 458M->197M(987M) 3.417ms
[65.523s][info][gc,cpu         ] GC(79) User=0.00s Sys=0.00s Real=0.00s
[66.168s][info][gc,start       ] GC(80) Pause Young (Allocation Failure)
[66.172s][info][gc,heap        ] GC(80) PSYoungGen: 275948K->7043K(310272K)
[66.172s][info][gc,heap        ] GC(80) PSOldGen: 199026K->200248K(699392K)
[66.172s][info][gc,metaspace   ] GC(80) Metaspace: 140142K(153680K)->140142K(153680K) NonClass: 121396K(128432K)->121396K(128432K) Class: 18746K(25248K)->18746K(25248K)
[66.172s][info][gc             ] GC(80) Pause Young (Allocation Failure) 463M->202M(986M) 4.485ms
[66.172s][info][gc,cpu         ] GC(80) User=0.08s Sys=0.00s Real=0.00s
[66.237s][info][gc,start       ] GC(81) Pause Young (System.gc())
[66.240s][info][gc,heap        ] GC(81) PSYoungGen: 23151K->320K(313856K)
[66.240s][info][gc,heap        ] GC(81) PSOldGen: 200248K->202694K(699392K)
[66.240s][info][gc,metaspace   ] GC(81) Metaspace: 140199K(153936K)->140199K(153936K) NonClass: 121453K(128688K)->121453K(128688K) Class: 18746K(25248K)->18746K(25248K)
[66.240s][info][gc             ] GC(81) Pause Young (System.gc()) 218M->198M(989M) 3.391ms
[66.240s][info][gc,cpu         ] GC(81) User=0.00s Sys=0.00s Real=0.01s
[66.240s][info][gc,start       ] GC(82) Pause Full (System.gc())
[66.243s][info][gc,phases,start] GC(82) Phase 1: Mark live objects
[66.329s][info][gc,phases      ] GC(82) Phase 1: Mark live objects 85.827ms
[66.329s][info][gc,phases,start] GC(82) Phase 2: Compute new object addresses
[66.339s][info][gc,phases      ] GC(82) Phase 2: Compute new object addresses 9.757ms
[66.339s][info][gc,phases,start] GC(82) Phase 3: Adjust pointers
[66.373s][info][gc,phases      ] GC(82) Phase 3: Adjust pointers 34.404ms
[66.373s][info][gc,phases,start] GC(82) Phase 4: Move objects
[66.376s][info][gc,phases      ] GC(82) Phase 4: Move objects 2.569ms
[66.377s][info][gc,heap        ] GC(82) PSYoungGen: 320K->0K(313856K)
[66.377s][info][gc,heap        ] GC(82) PSOldGen: 202694K->98412K(699392K)
[66.377s][info][gc,metaspace   ] GC(82) Metaspace: 140199K(153936K)->140183K(153936K) NonClass: 121453K(128688K)->121444K(128688K) Class: 18746K(25248K)->18738K(25248K)
[66.377s][info][gc             ] GC(82) Pause Full (System.gc()) 198M->96M(989M) 136.846ms
[66.377s][info][gc,cpu         ] GC(82) User=0.12s Sys=0.02s Real=0.14s
[66.557s][info][gc,start       ] GC(83) Pause Young (Allocation Failure)
[66.560s][info][gc,heap        ] GC(83) PSYoungGen: 277504K->16576K(312832K)
[66.560s][info][gc,heap        ] GC(83) PSOldGen: 98412K->98420K(699392K)
[66.560s][info][gc,metaspace   ] GC(83) Metaspace: 140325K(153936K)->140325K(153936K) NonClass: 121586K(128688K)->121586K(128688K) Class: 18738K(25248K)->18738K(25248K)
[66.560s][info][gc             ] GC(83) Pause Young (Allocation Failure) 367M->112M(988M) 3.525ms
[66.560s][info][gc,cpu         ] GC(83) User=0.00s Sys=0.00s Real=0.00s
[66.634s][info][gc,start       ] GC(84) Pause Young (Allocation Failure)
[66.639s][info][gc,heap        ] GC(84) PSYoungGen: 294080K->19781K(311808K)
[66.639s][info][gc,heap        ] GC(84) PSOldGen: 98420K->109200K(699392K)
[66.639s][info][gc,metaspace   ] GC(84) Metaspace: 140325K(153936K)->140325K(153936K) NonClass: 121586K(128688K)->121586K(128688K) Class: 18738K(25248K)->18738K(25248K)
[66.639s][info][gc             ] GC(84) Pause Young (Allocation Failure) 383M->125M(987M) 5.584ms
[66.639s][info][gc,cpu         ] GC(84) User=0.00s Sys=0.00s Real=0.01s
[66.829s][info][gc,start       ] GC(85) Pause Young (Allocation Failure)
[66.836s][info][gc,heap        ] GC(85) PSYoungGen: 293267K->35978K(312832K)
[66.836s][info][gc,heap        ] GC(85) PSOldGen: 109200K->116478K(699392K)
[66.836s][info][gc,metaspace   ] GC(85) Metaspace: 140331K(153936K)->140331K(153936K) NonClass: 121592K(128688K)->121592K(128688K) Class: 18738K(25248K)->18738K(25248K)
[66.836s][info][gc             ] GC(85) Pause Young (Allocation Failure) 393M->148M(988M) 6.920ms
[66.836s][info][gc,cpu         ] GC(85) User=0.00s Sys=0.00s Real=0.01s
[66.870s][info][gc,start       ] GC(86) Pause Young (Allocation Failure)
[66.878s][info][gc,heap        ] GC(86) PSYoungGen: 312187K->24376K(297472K)
[66.878s][info][gc,heap        ] GC(86) PSOldGen: 116478K->145907K(699392K)
[66.878s][info][gc,metaspace   ] GC(86) Metaspace: 140332K(153936K)->140332K(153936K) NonClass: 121593K(128688K)->121593K(128688K) Class: 18738K(25248K)->18738K(25248K)
[66.878s][info][gc             ] GC(86) Pause Young (Allocation Failure) 418M->166M(973M) 8.032ms
[66.878s][info][gc,cpu         ] GC(86) User=0.08s Sys=0.00s Real=0.01s
[67.037s][info][gc,start       ] GC(87) Pause Young (Allocation Failure)
[67.045s][info][gc,heap        ] GC(87) PSYoungGen: 285496K->43946K(305152K)
[67.045s][info][gc,heap        ] GC(87) PSOldGen: 145907K->150069K(699392K)
[67.045s][info][gc,metaspace   ] GC(87) Metaspace: 140353K(153936K)->140353K(153936K) NonClass: 121613K(128688K)->121613K(128688K) Class: 18740K(25248K)->18740K(25248K)
[67.045s][info][gc             ] GC(87) Pause Young (Allocation Failure) 421M->189M(981M) 7.994ms
[67.045s][info][gc,cpu         ] GC(87) User=0.00s Sys=0.00s Real=0.01s
[67.106s][info][gc,start       ] GC(88) Pause Young (Allocation Failure)
[67.110s][info][gc,heap        ] GC(88) PSYoungGen: 305066K->9157K(293888K)
[67.110s][info][gc,heap        ] GC(88) PSOldGen: 150069K->155697K(699392K)
[67.110s][info][gc,metaspace   ] GC(88) Metaspace: 140357K(153936K)->140357K(153936K) NonClass: 121616K(128688K)->121616K(128688K) Class: 18741K(25248K)->18741K(25248K)
[67.110s][info][gc             ] GC(88) Pause Young (Allocation Failure) 444M->160M(970M) 3.917ms
[67.110s][info][gc,cpu         ] GC(88) User=0.09s Sys=0.00s Real=0.00s
[67.153s][info][gc,start       ] GC(89) Pause Young (Allocation Failure)
[67.157s][info][gc,heap        ] GC(89) PSYoungGen: 258271K->10292K(299520K)
[67.157s][info][gc,heap        ] GC(89) PSOldGen: 155697K->164529K(699392K)
[67.157s][info][gc,metaspace   ] GC(89) Metaspace: 140357K(153936K)->140357K(153936K) NonClass: 121616K(128688K)->121616K(128688K) Class: 18741K(25248K)->18741K(25248K)
[67.157s][info][gc             ] GC(89) Pause Young (Allocation Failure) 404M->170M(975M) 3.952ms
[67.157s][info][gc,cpu         ] GC(89) User=0.08s Sys=0.00s Real=0.00s
[67.189s][info][gc,start       ] GC(90) Pause Young (Allocation Failure)
[67.193s][info][gc,heap        ] GC(90) PSYoungGen: 260148K->13042K(304128K)
[67.193s][info][gc,heap        ] GC(90) PSOldGen: 164529K->170469K(699392K)
[67.193s][info][gc,metaspace   ] GC(90) Metaspace: 140357K(153936K)->140357K(153936K) NonClass: 121616K(128688K)->121616K(128688K) Class: 18741K(25248K)->18741K(25248K)
[67.193s][info][gc             ] GC(90) Pause Young (Allocation Failure) 414M->179M(980M) 3.617ms
[67.193s][info][gc,cpu         ] GC(90) User=0.00s Sys=0.00s Real=0.00s
[67.407s][info][gc,start       ] GC(91) Pause Young (GCLocker Initiated GC)
[67.411s][info][gc,heap        ] GC(91) PSYoungGen: 269554K->16297K(301568K)
[67.411s][info][gc,heap        ] GC(91) PSOldGen: 170547K->170736K(699392K)
[67.411s][info][gc,metaspace   ] GC(91) Metaspace: 140362K(153936K)->140362K(153936K) NonClass: 121621K(128688K)->121621K(128688K) Class: 18741K(25248K)->18741K(25248K)
[67.411s][info][gc             ] GC(91) Pause Young (GCLocker Initiated GC) 429M->182M(977M) 3.668ms
[67.411s][info][gc,cpu         ] GC(91) User=0.00s Sys=0.00s Real=0.00s
[67.569s][info][gc,start       ] GC(92) Pause Young (Allocation Failure)
[67.573s][info][gc,heap        ] GC(92) PSYoungGen: 272809K->15945K(309248K)
[67.573s][info][gc,heap        ] GC(92) PSOldGen: 171372K->171922K(699392K)
[67.573s][info][gc,metaspace   ] GC(92) Metaspace: 140374K(153936K)->140374K(153936K) NonClass: 121633K(128688K)->121633K(128688K) Class: 18741K(25248K)->18741K(25248K)
[67.573s][info][gc             ] GC(92) Pause Young (Allocation Failure) 433M->183M(985M) 3.647ms
[67.573s][info][gc,cpu         ] GC(92) User=0.00s Sys=0.00s Real=0.01s
[68.400s][info][gc,start       ] GC(93) Pause Young (Allocation Failure)
[68.405s][info][gc,heap        ] GC(93) PSYoungGen: 282697K->1654K(306688K)
[68.405s][info][gc,heap        ] GC(93) PSOldGen: 171922K->187771K(699392K)
[68.405s][info][gc,metaspace   ] GC(93) Metaspace: 140384K(153936K)->140384K(153936K) NonClass: 121643K(128688K)->121643K(128688K) Class: 18741K(25248K)->18741K(25248K)
[68.405s][info][gc             ] GC(93) Pause Young (Allocation Failure) 443M->184M(982M) 5.402ms
[68.405s][info][gc,cpu         ] GC(93) User=0.00s Sys=0.00s Real=0.01s
[69.626s][info][gc,start       ] GC(94) Pause Young (Allocation Failure)
[69.628s][info][gc,heap        ] GC(94) PSYoungGen: 268406K->1514K(309760K)
[69.628s][info][gc,heap        ] GC(94) PSOldGen: 187771K->188591K(699392K)
[69.628s][info][gc,metaspace   ] GC(94) Metaspace: 140391K(153936K)->140391K(153936K) NonClass: 121650K(128688K)->121650K(128688K) Class: 18741K(25248K)->18741K(25248K)
[69.628s][info][gc             ] GC(94) Pause Young (Allocation Failure) 445M->185M(985M) 2.358ms
[69.628s][info][gc,cpu         ] GC(94) User=0.00s Sys=0.00s Real=0.00s
[70.874s][info][gc,start       ] GC(95) Pause Young (Allocation Failure)
[70.877s][info][gc,heap        ] GC(95) PSYoungGen: 271338K->1940K(309248K)
[70.877s][info][gc,heap        ] GC(95) PSOldGen: 188591K->189081K(699392K)
[70.877s][info][gc,metaspace   ] GC(95) Metaspace: 140423K(153936K)->140423K(153936K) NonClass: 121682K(128688K)->121682K(128688K) Class: 18741K(25248K)->18741K(25248K)
[70.877s][info][gc             ] GC(95) Pause Young (Allocation Failure) 449M->186M(985M) 2.725ms
[70.877s][info][gc,cpu         ] GC(95) User=0.02s Sys=0.00s Real=0.00s
[72.098s][info][gc,start       ] GC(96) Pause Young (GCLocker Initiated GC)
[72.101s][info][gc,heap        ] GC(96) PSYoungGen: 271764K->3557K(311296K)
[72.101s][info][gc,heap        ] GC(96) PSOldGen: 189081K->189432K(699392K)
[72.101s][info][gc,metaspace   ] GC(96) Metaspace: 140424K(153936K)->140424K(153936K) NonClass: 121682K(128688K)->121682K(128688K) Class: 18741K(25248K)->18741K(25248K)
[72.101s][info][gc             ] GC(96) Pause Young (GCLocker Initiated GC) 450M->188M(987M) 3.178ms
[72.101s][info][gc,cpu         ] GC(96) User=0.00s Sys=0.00s Real=0.00s
[73.452s][info][gc,start       ] GC(97) Pause Young (Allocation Failure)
[73.455s][info][gc,heap        ] GC(97) PSYoungGen: 275941K->9187K(310272K)
[73.455s][info][gc,heap        ] GC(97) PSOldGen: 189435K->190835K(699392K)
[73.455s][info][gc,metaspace   ] GC(97) Metaspace: 140429K(153936K)->140429K(153936K) NonClass: 121687K(128688K)->121687K(128688K) Class: 18741K(25248K)->18741K(25248K)
[73.456s][info][gc             ] GC(97) Pause Young (Allocation Failure) 454M->195M(986M) 3.857ms
[73.456s][info][gc,cpu         ] GC(97) User=0.09s Sys=0.00s Real=0.00s
[74.464s][info][gc,start       ] GC(98) Pause Young (Allocation Failure)
[74.467s][info][gc,heap        ] GC(98) PSYoungGen: 281571K->2965K(314880K)
[74.467s][info][gc,heap        ] GC(98) PSOldGen: 190835K->192747K(699392K)
[74.467s][info][gc,metaspace   ] GC(98) Metaspace: 140442K(153936K)->140442K(153936K) NonClass: 121700K(128688K)->121700K(128688K) Class: 18741K(25248K)->18741K(25248K)
[74.467s][info][gc             ] GC(98) Pause Young (Allocation Failure) 461M->191M(990M) 3.158ms
[74.467s][info][gc,cpu         ] GC(98) User=0.00s Sys=0.00s Real=0.00s
[74.634s][info][gc,start       ] GC(99) Pause Young (System.gc())
[74.637s][info][gc,heap        ] GC(99) PSYoungGen: 111405K->741K(313856K)
[74.637s][info][gc,heap        ] GC(99) PSOldGen: 192747K->194896K(699392K)
[74.637s][info][gc,metaspace   ] GC(99) Metaspace: 140503K(154192K)->140503K(154192K) NonClass: 121761K(128944K)->121761K(128944K) Class: 18742K(25248K)->18742K(25248K)
[74.637s][info][gc             ] GC(99) Pause Young (System.gc()) 297M->191M(989M) 3.107ms
[74.637s][info][gc,cpu         ] GC(99) User=0.00s Sys=0.00s Real=0.00s
[74.637s][info][gc,start       ] GC(100) Pause Full (System.gc())
[74.640s][info][gc,phases,start] GC(100) Phase 1: Mark live objects
[74.731s][info][gc,phases      ] GC(100) Phase 1: Mark live objects 91.652ms
[74.731s][info][gc,phases,start] GC(100) Phase 2: Compute new object addresses
[74.741s][info][gc,phases      ] GC(100) Phase 2: Compute new object addresses 9.794ms
[74.741s][info][gc,phases,start] GC(100) Phase 3: Adjust pointers
[74.777s][info][gc,phases      ] GC(100) Phase 3: Adjust pointers 35.746ms
[74.777s][info][gc,phases,start] GC(100) Phase 4: Move objects
[74.790s][info][gc,phases      ] GC(100) Phase 4: Move objects 12.952ms
[74.791s][info][gc,heap        ] GC(100) PSYoungGen: 741K->0K(313856K)
[74.791s][info][gc,heap        ] GC(100) PSOldGen: 194896K->63853K(699392K)
[74.791s][info][gc,metaspace   ] GC(100) Metaspace: 140503K(154192K)->140501K(154192K) NonClass: 121761K(128944K)->121759K(128944K) Class: 18742K(25248K)->18741K(25248K)
[74.791s][info][gc             ] GC(100) Pause Full (System.gc()) 191M->62M(989M) 153.773ms
[74.791s][info][gc,cpu         ] GC(100) User=0.23s Sys=0.00s Real=0.15s
[75.003s][info][gc,start       ] GC(101) Pause Young (Allocation Failure)
[75.007s][info][gc,heap        ] GC(101) PSYoungGen: 279552K->15200K(315904K)
[75.007s][info][gc,heap        ] GC(101) PSOldGen: 63853K->63853K(699392K)
[75.007s][info][gc,metaspace   ] GC(101) Metaspace: 140628K(154192K)->140628K(154192K) NonClass: 121886K(128944K)->121886K(128944K) Class: 18741K(25248K)->18741K(25248K)
[75.007s][info][gc             ] GC(101) Pause Young (Allocation Failure) 335M->77M(991M) 3.499ms
[75.007s][info][gc,cpu         ] GC(101) User=0.00s Sys=0.00s Real=0.01s
[75.081s][info][gc,start       ] GC(102) Pause Young (Allocation Failure)
[75.086s][info][gc,heap        ] GC(102) PSYoungGen: 297312K->18598K(301056K)
[75.086s][info][gc,heap        ] GC(102) PSOldGen: 63853K->74418K(699392K)
[75.086s][info][gc,metaspace   ] GC(102) Metaspace: 140628K(154192K)->140628K(154192K) NonClass: 121886K(128944K)->121886K(128944K) Class: 18741K(25248K)->18741K(25248K)
[75.086s][info][gc             ] GC(102) Pause Young (Allocation Failure) 352M->90M(977M) 5.591ms
[75.086s][info][gc,cpu         ] GC(102) User=0.00s Sys=0.00s Real=0.01s
[75.254s][info][gc,start       ] GC(103) Pause Young (Allocation Failure)
[75.261s][info][gc,heap        ] GC(103) PSYoungGen: 297358K->34298K(291328K)
[75.261s][info][gc,heap        ] GC(103) PSOldGen: 74418K->88330K(699392K)
[75.261s][info][gc,metaspace   ] GC(103) Metaspace: 140629K(154192K)->140629K(154192K) NonClass: 121888K(128944K)->121888K(128944K) Class: 18741K(25248K)->18741K(25248K)
[75.261s][info][gc             ] GC(103) Pause Young (Allocation Failure) 363M->119M(967M) 7.641ms
[75.261s][info][gc,cpu         ] GC(103) User=0.00s Sys=0.00s Real=0.01s
[75.294s][info][gc,start       ] GC(104) Pause Young (Allocation Failure)
[75.300s][info][gc,heap        ] GC(104) PSYoungGen: 289078K->12080K(303104K)
[75.300s][info][gc,heap        ] GC(104) PSOldGen: 88330K->114395K(699392K)
[75.300s][info][gc,metaspace   ] GC(104) Metaspace: 140629K(154192K)->140629K(154192K) NonClass: 121888K(128944K)->121888K(128944K) Class: 18741K(25248K)->18741K(25248K)
[75.300s][info][gc             ] GC(104) Pause Young (Allocation Failure) 368M->123M(979M) 6.403ms
[75.300s][info][gc,cpu         ] GC(104) User=0.08s Sys=0.00s Real=0.01s
[75.468s][info][gc,start       ] GC(105) Pause Young (Allocation Failure)
[75.476s][info][gc,heap        ] GC(105) PSYoungGen: 269104K->41986K(290816K)
[75.476s][info][gc,heap        ] GC(105) PSOldGen: 114395K->114911K(699392K)
[75.476s][info][gc,metaspace   ] GC(105) Metaspace: 140629K(154192K)->140629K(154192K) NonClass: 121888K(128944K)->121888K(128944K) Class: 18741K(25248K)->18741K(25248K)
[75.476s][info][gc             ] GC(105) Pause Young (Allocation Failure) 374M->153M(967M) 7.348ms
[75.476s][info][gc,cpu         ] GC(105) User=0.00s Sys=0.00s Real=0.01s
[75.527s][info][gc,start       ] GC(106) Pause Young (Allocation Failure)
[75.535s][info][gc,heap        ] GC(106) PSYoungGen: 289794K->39633K(287744K)
[75.535s][info][gc,heap        ] GC(106) PSOldGen: 114911K->118990K(699392K)
[75.535s][info][gc,metaspace   ] GC(106) Metaspace: 140629K(154192K)->140629K(154192K) NonClass: 121888K(128944K)->121888K(128944K) Class: 18741K(25248K)->18741K(25248K)
[75.535s][info][gc             ] GC(106) Pause Young (Allocation Failure) 395M->154M(964M) 8.032ms
[75.536s][info][gc,cpu         ] GC(106) User=0.08s Sys=0.00s Real=0.01s
[75.590s][info][gc,start       ] GC(107) Pause Young (Allocation Failure)
[75.594s][info][gc,heap        ] GC(107) PSYoungGen: 287441K->10247K(295424K)
[75.595s][info][gc,heap        ] GC(107) PSOldGen: 118990K->131337K(699392K)
[75.595s][info][gc,metaspace   ] GC(107) Metaspace: 140630K(154192K)->140630K(154192K) NonClass: 121889K(128944K)->121889K(128944K) Class: 18741K(25248K)->18741K(25248K)
[75.595s][info][gc             ] GC(107) Pause Young (Allocation Failure) 396M->138M(971M) 4.541ms
[75.595s][info][gc,cpu         ] GC(107) User=0.05s Sys=0.02s Real=0.00s
[75.628s][info][gc,start       ] GC(108) Pause Young (GCLocker Initiated GC)
[75.631s][info][gc,heap        ] GC(108) PSYoungGen: 249863K->4740K(293376K)
[75.631s][info][gc,heap        ] GC(108) PSOldGen: 131418K->137061K(699392K)
[75.631s][info][gc,metaspace   ] GC(108) Metaspace: 140630K(154192K)->140630K(154192K) NonClass: 121889K(128944K)->121889K(128944K) Class: 18741K(25248K)->18741K(25248K)
[75.631s][info][gc             ] GC(108) Pause Young (GCLocker Initiated GC) 372M->138M(969M) 3.099ms
[75.631s][info][gc,cpu         ] GC(108) User=0.00s Sys=0.00s Real=0.00s
[75.678s][info][gc,start       ] GC(109) Pause Young (Allocation Failure)
[75.680s][info][gc,heap        ] GC(109) PSYoungGen: 244356K->1949K(297984K)
[75.680s][info][gc,heap        ] GC(109) PSOldGen: 137062K->137677K(699392K)
[75.680s][info][gc,metaspace   ] GC(109) Metaspace: 140630K(154192K)->140630K(154192K) NonClass: 121889K(128944K)->121889K(128944K) Class: 18741K(25248K)->18741K(25248K)
[75.680s][info][gc             ] GC(109) Pause Young (Allocation Failure) 372M->136M(974M) 2.314ms
[75.680s][info][gc,cpu         ] GC(109) User=0.00s Sys=0.00s Real=0.00s
[75.896s][info][gc,start       ] GC(110) Pause Young (Allocation Failure)
[75.899s][info][gc,heap        ] GC(110) PSYoungGen: 247692K->15893K(296960K)
[75.899s][info][gc,heap        ] GC(110) PSOldGen: 137677K->138186K(699392K)
[75.899s][info][gc,metaspace   ] GC(110) Metaspace: 140632K(154192K)->140632K(154192K) NonClass: 121891K(128944K)->121891K(128944K) Class: 18741K(25248K)->18741K(25248K)
[75.899s][info][gc             ] GC(110) Pause Young (Allocation Failure) 376M->150M(973M) 3.292ms
[75.899s][info][gc,cpu         ] GC(110) User=0.00s Sys=0.00s Real=0.01s
[76.435s][info][gc,start       ] GC(111) Pause Young (Allocation Failure)
[76.440s][info][gc,heap        ] GC(111) PSYoungGen: 261653K->7573K(303104K)
[76.440s][info][gc,heap        ] GC(111) PSOldGen: 138186K->153983K(699392K)
[76.440s][info][gc,metaspace   ] GC(111) Metaspace: 140653K(154192K)->140653K(154192K) NonClass: 121912K(128944K)->121912K(128944K) Class: 18741K(25248K)->18741K(25248K)
[76.440s][info][gc             ] GC(111) Pause Young (Allocation Failure) 390M->157M(979M) 5.673ms
[76.440s][info][gc,cpu         ] GC(111) User=0.06s Sys=0.00s Real=0.00s
[77.810s][info][gc,start       ] GC(112) Pause Young (Allocation Failure)
[77.812s][info][gc,heap        ] GC(112) PSYoungGen: 259679K->633K(301056K)
[77.812s][info][gc,heap        ] GC(112) PSOldGen: 153983K->154825K(699392K)
[77.812s][info][gc,metaspace   ] GC(112) Metaspace: 140653K(154192K)->140653K(154192K) NonClass: 121912K(128944K)->121912K(128944K) Class: 18741K(25248K)->18741K(25248K)
[77.812s][info][gc             ] GC(112) Pause Young (Allocation Failure) 403M->151M(977M) 2.029ms
[77.812s][info][gc,cpu         ] GC(112) User=0.00s Sys=0.00s Real=0.00s
[78.859s][info][gc,start       ] GC(113) Pause Young (Allocation Failure)
[78.862s][info][gc,heap        ] GC(113) PSYoungGen: 255609K->9079K(306176K)
[78.862s][info][gc,heap        ] GC(113) PSOldGen: 154825K->155223K(699392K)
[78.862s][info][gc,metaspace   ] GC(113) Metaspace: 140658K(154192K)->140658K(154192K) NonClass: 121917K(128944K)->121917K(128944K) Class: 18741K(25248K)->18741K(25248K)
[78.862s][info][gc             ] GC(113) Pause Young (Allocation Failure) 400M->160M(982M) 3.426ms
[78.862s][info][gc,cpu         ] GC(113) User=0.02s Sys=0.00s Real=0.00s
[80.129s][info][gc,start       ] GC(114) Pause Young (Allocation Failure)
[80.131s][info][gc,heap        ] GC(114) PSYoungGen: 268663K->710K(303616K)
[80.131s][info][gc,heap        ] GC(114) PSOldGen: 155223K->155615K(699392K)
[80.131s][info][gc,metaspace   ] GC(114) Metaspace: 140661K(154192K)->140661K(154192K) NonClass: 121920K(128944K)->121920K(128944K) Class: 18741K(25248K)->18741K(25248K)
[80.131s][info][gc             ] GC(114) Pause Young (Allocation Failure) 413M->152M(979M) 2.014ms
[80.131s][info][gc,cpu         ] GC(114) User=0.00s Sys=0.00s Real=0.00s
[81.498s][info][gc,start       ] GC(115) Pause Young (Allocation Failure)
[81.502s][info][gc,heap        ] GC(115) PSYoungGen: 261318K->1748K(308224K)
[81.502s][info][gc,heap        ] GC(115) PSOldGen: 155615K->155976K(699392K)
[81.502s][info][gc,metaspace   ] GC(115) Metaspace: 140666K(154192K)->140666K(154192K) NonClass: 121925K(128944K)->121925K(128944K) Class: 18741K(25248K)->18741K(25248K)
[81.502s][info][gc             ] GC(115) Pause Young (Allocation Failure) 407M->154M(984M) 4.661ms
[81.502s][info][gc,cpu         ] GC(115) User=0.03s Sys=0.00s Real=0.00s
[82.810s][info][gc,start       ] GC(116) Pause Young (Allocation Failure)
[82.813s][info][gc,heap        ] GC(116) PSYoungGen: 267988K->4506K(307200K)
[82.813s][info][gc,heap        ] GC(116) PSOldGen: 155976K->156492K(699392K)
[82.813s][info][gc,metaspace   ] GC(116) Metaspace: 140672K(154192K)->140672K(154192K) NonClass: 121931K(128944K)->121931K(128944K) Class: 18741K(25248K)->18741K(25248K)
[82.813s][info][gc             ] GC(116) Pause Young (Allocation Failure) 414M->157M(983M) 2.780ms
[82.813s][info][gc,cpu         ] GC(116) User=0.08s Sys=0.00s Real=0.00s
[83.400s][info][gc,start       ] GC(117) Pause Young (System.gc())
[83.403s][info][gc,heap        ] GC(117) PSYoungGen: 252054K->2547K(311808K)
[83.403s][info][gc,heap        ] GC(117) PSOldGen: 156492K->157051K(699392K)
[83.403s][info][gc,metaspace   ] GC(117) Metaspace: 140744K(154448K)->140744K(154448K) NonClass: 122002K(129200K)->122002K(129200K) Class: 18741K(25248K)->18741K(25248K)
[83.403s][info][gc             ] GC(117) Pause Young (System.gc()) 398M->155M(987M) 3.238ms
[83.403s][info][gc,cpu         ] GC(117) User=0.00s Sys=0.00s Real=0.00s
[83.403s][info][gc,start       ] GC(118) Pause Full (System.gc())
[83.408s][info][gc,phases,start] GC(118) Phase 1: Mark live objects
[83.476s][info][gc,phases      ] GC(118) Phase 1: Mark live objects 67.717ms
[83.476s][info][gc,phases,start] GC(118) Phase 2: Compute new object addresses
[83.486s][info][gc,phases      ] GC(118) Phase 2: Compute new object addresses 9.844ms
[83.486s][info][gc,phases,start] GC(118) Phase 3: Adjust pointers
[83.521s][info][gc,phases      ] GC(118) Phase 3: Adjust pointers 34.776ms
[83.521s][info][gc,phases,start] GC(118) Phase 4: Move objects
[83.521s][info][gc,phases      ] GC(118) Phase 4: Move objects 0.820ms
[83.522s][info][gc,heap        ] GC(118) PSYoungGen: 2547K->0K(311808K)
[83.522s][info][gc,heap        ] GC(118) PSOldGen: 157051K->93713K(699392K)
[83.522s][info][gc,metaspace   ] GC(118) Metaspace: 140744K(154448K)->140744K(154448K) NonClass: 122002K(129200K)->122002K(129200K) Class: 18741K(25248K)->18741K(25248K)
[83.522s][info][gc             ] GC(118) Pause Full (System.gc()) 155M->91M(987M) 119.282ms
[83.523s][info][gc,cpu         ] GC(118) User=0.17s Sys=0.03s Real=0.12s
[83.694s][info][gc,start       ] GC(119) Pause Young (Allocation Failure)
[83.698s][info][gc,heap        ] GC(119) PSYoungGen: 272896K->17024K(310272K)
[83.698s][info][gc,heap        ] GC(119) PSOldGen: 93713K->93721K(699392K)
[83.699s][info][gc,metaspace   ] GC(119) Metaspace: 140860K(154448K)->140860K(154448K) NonClass: 122118K(129200K)->122118K(129200K) Class: 18742K(25248K)->18742K(25248K)
[83.699s][info][gc             ] GC(119) Pause Young (Allocation Failure) 358M->108M(986M) 4.148ms
[83.699s][info][gc,cpu         ] GC(119) User=0.00s Sys=0.00s Real=0.00s
[83.759s][info][gc,start       ] GC(120) Pause Young (Allocation Failure)
[83.764s][info][gc,heap        ] GC(120) PSYoungGen: 289920K->16294K(312320K)
[83.764s][info][gc,heap        ] GC(120) PSOldGen: 93721K->106669K(699392K)
[83.764s][info][gc,metaspace   ] GC(120) Metaspace: 140860K(154448K)->140860K(154448K) NonClass: 122118K(129200K)->122118K(129200K) Class: 18742K(25248K)->18742K(25248K)
[83.764s][info][gc             ] GC(120) Pause Young (Allocation Failure) 374M->120M(988M) 5.183ms
[83.764s][info][gc,cpu         ] GC(120) User=0.00s Sys=0.00s Real=0.01s
[83.938s][info][gc,start       ] GC(121) Pause Young (Allocation Failure)
[83.947s][info][gc,heap        ] GC(121) PSYoungGen: 291187K->36847K(311808K)
[83.947s][info][gc,heap        ] GC(121) PSOldGen: 106669K->120519K(699392K)
[83.947s][info][gc,metaspace   ] GC(121) Metaspace: 140860K(154448K)->140860K(154448K) NonClass: 122118K(129200K)->122118K(129200K) Class: 18742K(25248K)->18742K(25248K)
[83.947s][info][gc             ] GC(121) Pause Young (Allocation Failure) 388M->153M(987M) 9.032ms
[83.947s][info][gc,cpu         ] GC(121) User=0.00s Sys=0.00s Real=0.01s
[83.987s][info][gc,start       ] GC(122) Pause Young (Allocation Failure)
[83.993s][info][gc,heap        ] GC(122) PSYoungGen: 308101K->9280K(293376K)
[83.993s][info][gc,heap        ] GC(122) PSOldGen: 120519K->145121K(699392K)
[83.993s][info][gc,metaspace   ] GC(122) Metaspace: 140860K(154448K)->140860K(154448K) NonClass: 122118K(129200K)->122118K(129200K) Class: 18742K(25248K)->18742K(25248K)
[83.993s][info][gc             ] GC(122) Pause Young (Allocation Failure) 418M->150M(969M) 6.046ms
[83.993s][info][gc,cpu         ] GC(122) User=0.00s Sys=0.00s Real=0.01s
[84.166s][info][gc,start       ] GC(123) Pause Young (Allocation Failure)
[84.174s][info][gc,heap        ] GC(123) PSYoungGen: 265280K->40423K(296448K)
[84.174s][info][gc,heap        ] GC(123) PSOldGen: 145121K->147783K(699392K)
[84.174s][info][gc,metaspace   ] GC(123) Metaspace: 140860K(154448K)->140860K(154448K) NonClass: 122118K(129200K)->122118K(129200K) Class: 18742K(25248K)->18742K(25248K)
[84.174s][info][gc             ] GC(123) Pause Young (Allocation Failure) 400M->183M(972M) 7.345ms
[84.174s][info][gc,cpu         ] GC(123) User=0.09s Sys=0.00s Real=0.01s
[84.222s][info][gc,start       ] GC(124) Pause Young (Allocation Failure)
[84.229s][info][gc,heap        ] GC(124) PSYoungGen: 296423K->39646K(286208K)
[84.229s][info][gc,heap        ] GC(124) PSOldGen: 147783K->151072K(699392K)
[84.229s][info][gc,metaspace   ] GC(124) Metaspace: 140860K(154448K)->140860K(154448K) NonClass: 122118K(129200K)->122118K(129200K) Class: 18742K(25248K)->18742K(25248K)
[84.229s][info][gc             ] GC(124) Pause Young (Allocation Failure) 433M->186M(962M) 7.254ms
[84.229s][info][gc,cpu         ] GC(124) User=0.00s Sys=0.00s Real=0.01s
[84.274s][info][gc,start       ] GC(125) Pause Young (Allocation Failure)
[84.279s][info][gc,heap        ] GC(125) PSYoungGen: 273118K->14173K(291328K)
[84.279s][info][gc,heap        ] GC(125) PSOldGen: 151072K->164200K(699392K)
[84.279s][info][gc,metaspace   ] GC(125) Metaspace: 140860K(154448K)->140860K(154448K) NonClass: 122118K(129200K)->122118K(129200K) Class: 18742K(25248K)->18742K(25248K)
[84.279s][info][gc             ] GC(125) Pause Young (Allocation Failure) 414M->174M(967M) 4.643ms
[84.279s][info][gc,cpu         ] GC(125) User=0.00s Sys=0.00s Real=0.00s
[84.308s][info][gc,start       ] GC(126) Pause Young (Allocation Failure)
[84.312s][info][gc,heap        ] GC(126) PSYoungGen: 247645K->17398K(297472K)
[84.312s][info][gc,heap        ] GC(126) PSOldGen: 164200K->169826K(699392K)
[84.312s][info][gc,metaspace   ] GC(126) Metaspace: 140860K(154448K)->140860K(154448K) NonClass: 122118K(129200K)->122118K(129200K) Class: 18742K(25248K)->18742K(25248K)
[84.312s][info][gc             ] GC(126) Pause Young (Allocation Failure) 402M->182M(973M) 3.992ms
[84.312s][info][gc,cpu         ] GC(126) User=0.00s Sys=0.00s Real=0.00s
[84.361s][info][gc,start       ] GC(127) Pause Young (Allocation Failure)
[84.368s][info][gc,heap        ] GC(127) PSYoungGen: 258991K->3005K(294400K)
[84.368s][info][gc,heap        ] GC(127) PSOldGen: 169826K->172582K(699392K)
[84.368s][info][gc,metaspace   ] GC(127) Metaspace: 140860K(154448K)->140860K(154448K) NonClass: 122118K(129200K)->122118K(129200K) Class: 18742K(25248K)->18742K(25248K)
[84.368s][info][gc             ] GC(127) Pause Young (Allocation Failure) 418M->171M(970M) 6.348ms
[84.368s][info][gc,cpu         ] GC(127) User=0.00s Sys=0.00s Real=0.01s
[84.625s][info][gc,start       ] GC(128) Pause Young (Allocation Failure)
[84.632s][info][gc,heap        ] GC(128) PSYoungGen: 245693K->43243K(285184K)
[84.632s][info][gc,heap        ] GC(128) PSOldGen: 172582K->173098K(699392K)
[84.632s][info][gc,metaspace   ] GC(128) Metaspace: 140860K(154448K)->140860K(154448K) NonClass: 122118K(129200K)->122118K(129200K) Class: 18742K(25248K)->18742K(25248K)
[84.632s][info][gc             ] GC(128) Pause Young (Allocation Failure) 408M->211M(961M) 7.385ms
[84.632s][info][gc,cpu         ] GC(128) User=0.02s Sys=0.00s Real=0.01s
[85.047s][info][gc,start       ] GC(129) Pause Young (Allocation Failure)
[85.051s][info][gc,heap        ] GC(129) PSYoungGen: 277243K->1133K(291840K)
[85.051s][info][gc,heap        ] GC(129) PSOldGen: 173098K->188891K(699392K)
[85.051s][info][gc,metaspace   ] GC(129) Metaspace: 140876K(154448K)->140876K(154448K) NonClass: 122134K(129200K)->122134K(129200K) Class: 18742K(25248K)->18742K(25248K)
[85.051s][info][gc             ] GC(129) Pause Young (Allocation Failure) 439M->185M(968M) 3.843ms
[85.051s][info][gc,cpu         ] GC(129) User=0.00s Sys=0.00s Real=0.01s
[86.058s][info][gc,start       ] GC(130) Pause Young (Allocation Failure)
[86.060s][info][gc,heap        ] GC(130) PSYoungGen: 235629K->935K(293376K)
[86.060s][info][gc,heap        ] GC(130) PSOldGen: 188891K->189643K(699392K)
[86.060s][info][gc,metaspace   ] GC(130) Metaspace: 140878K(154448K)->140878K(154448K) NonClass: 122136K(129200K)->122136K(129200K) Class: 18742K(25248K)->18742K(25248K)
[86.060s][info][gc             ] GC(130) Pause Young (Allocation Failure) 414M->186M(969M) 2.203ms
[86.060s][info][gc,cpu         ] GC(130) User=0.00s Sys=0.00s Real=0.00s
[87.314s][info][gc,start       ] GC(131) Pause Young (Allocation Failure)
[87.317s][info][gc,heap        ] GC(131) PSYoungGen: 237479K->5780K(292352K)
[87.317s][info][gc,heap        ] GC(131) PSOldGen: 189643K->190018K(699392K)
[87.317s][info][gc,metaspace   ] GC(131) Metaspace: 140879K(154448K)->140879K(154448K) NonClass: 122137K(129200K)->122137K(129200K) Class: 18742K(25248K)->18742K(25248K)
[87.317s][info][gc             ] GC(131) Pause Young (Allocation Failure) 417M->191M(968M) 3.153ms
[87.317s][info][gc,cpu         ] GC(131) User=0.00s Sys=0.00s Real=0.00s
[88.511s][info][gc,start       ] GC(132) Pause Young (Allocation Failure)
[88.513s][info][gc,heap        ] GC(132) PSYoungGen: 242324K->3236K(297472K)
[88.513s][info][gc,heap        ] GC(132) PSOldGen: 190018K->190344K(699392K)
[88.513s][info][gc,metaspace   ] GC(132) Metaspace: 140879K(154448K)->140879K(154448K) NonClass: 122137K(129200K)->122137K(129200K) Class: 18742K(25248K)->18742K(25248K)
[88.514s][info][gc             ] GC(132) Pause Young (Allocation Failure) 422M->189M(973M) 2.661ms
[88.514s][info][gc,cpu         ] GC(132) User=0.00s Sys=0.00s Real=0.00s
[89.620s][info][gc,start       ] GC(133) Pause Young (Allocation Failure)
[89.622s][info][gc,heap        ] GC(133) PSYoungGen: 246834K->593K(295936K)
[89.622s][info][gc,heap        ] GC(133) PSOldGen: 190344K->190749K(699392K)
[89.622s][info][gc,metaspace   ] GC(133) Metaspace: 140884K(154448K)->140884K(154448K) NonClass: 122142K(129200K)->122142K(129200K) Class: 18742K(25248K)->18742K(25248K)
[89.622s][info][gc             ] GC(133) Pause Young (Allocation Failure) 426M->186M(972M) 1.870ms
[89.622s][info][gc,cpu         ] GC(133) User=0.00s Sys=0.00s Real=0.00s
[90.871s][info][gc,start       ] GC(134) Pause Young (GCLocker Initiated GC)
[90.875s][info][gc,heap        ] GC(134) PSYoungGen: 244817K->8867K(302080K)
[90.875s][info][gc,heap        ] GC(134) PSOldGen: 190749K->191103K(699392K)
[90.875s][info][gc,metaspace   ] GC(134) Metaspace: 140885K(154448K)->140885K(154448K) NonClass: 122143K(129200K)->122143K(129200K) Class: 18742K(25248K)->18742K(25248K)
[90.875s][info][gc             ] GC(134) Pause Young (GCLocker Initiated GC) 425M->195M(978M) 3.680ms
[90.875s][info][gc,cpu         ] GC(134) User=0.08s Sys=0.02s Real=0.00s
[91.812s][info][gc,start       ] GC(135) Pause Young (Allocation Failure)
[91.814s][info][gc,heap        ] GC(135) PSYoungGen: 260771K->2301K(299008K)
[91.815s][info][gc,heap        ] GC(135) PSOldGen: 194186K->194707K(699392K)
[91.815s][info][gc,metaspace   ] GC(135) Metaspace: 140886K(154448K)->140886K(154448K) NonClass: 122144K(129200K)->122144K(129200K) Class: 18742K(25248K)->18742K(25248K)
[91.815s][info][gc             ] GC(135) Pause Young (Allocation Failure) 444M->192M(975M) 2.672ms
[91.815s][info][gc,cpu         ] GC(135) User=0.00s Sys=0.02s Real=0.00s
[92.004s][info][gc,start       ] GC(136) Pause Young (System.gc())
[92.007s][info][gc,heap        ] GC(136) PSYoungGen: 127848K->1317K(305664K)
[92.007s][info][gc,heap        ] GC(136) PSOldGen: 194707K->196239K(699392K)
[92.007s][info][gc,metaspace   ] GC(136) Metaspace: 140958K(154448K)->140958K(154448K) NonClass: 122216K(129200K)->122216K(129200K) Class: 18742K(25248K)->18742K(25248K)
[92.007s][info][gc             ] GC(136) Pause Young (System.gc()) 314M->192M(981M) 3.028ms
[92.007s][info][gc,cpu         ] GC(136) User=0.00s Sys=0.00s Real=0.00s
[92.007s][info][gc,start       ] GC(137) Pause Full (System.gc())
[92.010s][info][gc,phases,start] GC(137) Phase 1: Mark live objects
[92.075s][info][gc,phases      ] GC(137) Phase 1: Mark live objects 64.302ms
[92.075s][info][gc,phases,start] GC(137) Phase 2: Compute new object addresses
[92.084s][info][gc,phases      ] GC(137) Phase 2: Compute new object addresses 9.567ms
[92.084s][info][gc,phases,start] GC(137) Phase 3: Adjust pointers
[92.119s][info][gc,phases      ] GC(137) Phase 3: Adjust pointers 34.373ms
[92.119s][info][gc,phases,start] GC(137) Phase 4: Move objects
[92.120s][info][gc,phases      ] GC(137) Phase 4: Move objects 0.974ms
[92.121s][info][gc,heap        ] GC(137) PSYoungGen: 1317K->0K(305664K)
[92.121s][info][gc,heap        ] GC(137) PSOldGen: 196239K->98479K(699392K)
[92.121s][info][gc,metaspace   ] GC(137) Metaspace: 140958K(154448K)->140958K(154448K) NonClass: 122216K(129200K)->122216K(129200K) Class: 18742K(25248K)->18742K(25248K)
[92.121s][info][gc             ] GC(137) Pause Full (System.gc()) 192M->96M(981M) 113.403ms
[92.121s][info][gc,cpu         ] GC(137) User=0.11s Sys=0.00s Real=0.12s
[92.276s][info][gc,start       ] GC(138) Pause Young (Allocation Failure)
[92.279s][info][gc,heap        ] GC(138) PSYoungGen: 260608K->15200K(304128K)
[92.279s][info][gc,heap        ] GC(138) PSOldGen: 98479K->98479K(699392K)
[92.279s][info][gc,metaspace   ] GC(138) Metaspace: 141036K(154448K)->141036K(154448K) NonClass: 122294K(129200K)->122294K(129200K) Class: 18742K(25248K)->18742K(25248K)
[92.280s][info][gc             ] GC(138) Pause Young (Allocation Failure) 350M->111M(980M) 3.594ms
[92.280s][info][gc,cpu         ] GC(138) User=0.00s Sys=0.00s Real=0.00s
[92.340s][info][gc,start       ] GC(139) Pause Young (Allocation Failure)
[92.344s][info][gc,heap        ] GC(139) PSYoungGen: 275808K->16774K(308224K)
[92.344s][info][gc,heap        ] GC(139) PSOldGen: 98479K->109012K(699392K)
[92.344s][info][gc,metaspace   ] GC(139) Metaspace: 141037K(154448K)->141037K(154448K) NonClass: 122294K(129200K)->122294K(129200K) Class: 18742K(25248K)->18742K(25248K)
[92.344s][info][gc             ] GC(139) Pause Young (Allocation Failure) 365M->122M(984M) 4.674ms
[92.344s][info][gc,cpu         ] GC(139) User=0.06s Sys=0.03s Real=0.00s
[92.500s][info][gc,start       ] GC(140) Pause Young (Allocation Failure)
[92.509s][info][gc,heap        ] GC(140) PSYoungGen: 283014K->40928K(307200K)
[92.509s][info][gc,heap        ] GC(140) PSOldGen: 109012K->126250K(699392K)
[92.509s][info][gc,metaspace   ] GC(140) Metaspace: 141037K(154448K)->141037K(154448K) NonClass: 122295K(129200K)->122295K(129200K) Class: 18742K(25248K)->18742K(25248K)
[92.509s][info][gc             ] GC(140) Pause Young (Allocation Failure) 382M->163M(983M) 8.838ms
[92.509s][info][gc,cpu         ] GC(140) User=0.00s Sys=0.00s Real=0.01s
[92.541s][info][gc,start       ] GC(141) Pause Young (Allocation Failure)
[92.548s][info][gc,heap        ] GC(141) PSYoungGen: 306545K->26068K(280576K)
[92.548s][info][gc,heap        ] GC(141) PSOldGen: 126250K->152058K(699392K)
[92.548s][info][gc,metaspace   ] GC(141) Metaspace: 141037K(154448K)->141037K(154448K) NonClass: 122295K(129200K)->122295K(129200K) Class: 18742K(25248K)->18742K(25248K)
[92.548s][info][gc             ] GC(141) Pause Young (Allocation Failure) 422M->173M(957M) 7.654ms
[92.549s][info][gc,cpu         ] GC(141) User=0.08s Sys=0.02s Real=0.01s
[92.705s][info][gc,start       ] GC(142) Pause Young (Allocation Failure)
[92.710s][info][gc,heap        ] GC(142) PSYoungGen: 264499K->17750K(293888K)
[92.710s][info][gc,heap        ] GC(142) PSOldGen: 152058K->156952K(699392K)
[92.710s][info][gc,metaspace   ] GC(142) Metaspace: 141042K(154448K)->141042K(154448K) NonClass: 122300K(129200K)->122300K(129200K) Class: 18742K(25248K)->18742K(25248K)
[92.710s][info][gc             ] GC(142) Pause Young (Allocation Failure) 406M->170M(970M) 4.872ms
[92.710s][info][gc,cpu         ] GC(142) User=0.00s Sys=0.00s Real=0.00s
[92.754s][info][gc,start       ] GC(143) Pause Young (Allocation Failure)
[92.760s][info][gc,heap        ] GC(143) PSYoungGen: 256342K->37706K(289280K)
[92.760s][info][gc,heap        ] GC(143) PSOldGen: 156952K->157302K(699392K)
[92.760s][info][gc,metaspace   ] GC(143) Metaspace: 141044K(154448K)->141044K(154448K) NonClass: 122302K(129200K)->122302K(129200K) Class: 18742K(25248K)->18742K(25248K)
[92.760s][info][gc             ] GC(143) Pause Young (Allocation Failure) 403M->190M(965M) 6.433ms
[92.760s][info][gc,cpu         ] GC(143) User=0.00s Sys=0.00s Real=0.00s
[92.812s][info][gc,start       ] GC(144) Pause Young (Allocation Failure)
[92.816s][info][gc,heap        ] GC(144) PSYoungGen: 271206K->7381K(293376K)
[92.816s][info][gc,heap        ] GC(144) PSOldGen: 157302K->171125K(699392K)
[92.816s][info][gc,metaspace   ] GC(144) Metaspace: 141046K(154448K)->141046K(154448K) NonClass: 122304K(129200K)->122304K(129200K) Class: 18742K(25248K)->18742K(25248K)
[92.816s][info][gc             ] GC(144) Pause Young (Allocation Failure) 418M->174M(969M) 4.230ms
[92.816s][info][gc,cpu         ] GC(144) User=0.02s Sys=0.00s Real=0.00s
[92.844s][info][gc,start       ] GC(145) Pause Young (Allocation Failure)
[92.848s][info][gc,heap        ] GC(145) PSYoungGen: 243731K->17160K(298496K)
[92.848s][info][gc,heap        ] GC(145) PSOldGen: 171125K->178084K(699392K)
[92.848s][info][gc,metaspace   ] GC(145) Metaspace: 141046K(154448K)->141046K(154448K) NonClass: 122304K(129200K)->122304K(129200K) Class: 18742K(25248K)->18742K(25248K)
[92.848s][info][gc             ] GC(145) Pause Young (Allocation Failure) 405M->190M(974M) 3.873ms
[92.848s][info][gc,cpu         ] GC(145) User=0.00s Sys=0.00s Real=0.00s
[92.880s][info][gc,start       ] GC(146) Pause Young (GCLocker Initiated GC)
[92.882s][info][gc,heap        ] GC(146) PSYoungGen: 259528K->3826K(294912K)
[92.882s][info][gc,heap        ] GC(146) PSOldGen: 182180K->185248K(699392K)
[92.882s][info][gc,metaspace   ] GC(146) Metaspace: 141046K(154448K)->141046K(154448K) NonClass: 122304K(129200K)->122304K(129200K) Class: 18742K(25248K)->18742K(25248K)
[92.882s][info][gc             ] GC(146) Pause Young (GCLocker Initiated GC) 431M->184M(971M) 2.596ms
[92.882s][info][gc,cpu         ] GC(146) User=0.00s Sys=0.00s Real=0.00s
[93.091s][info][gc,start       ] GC(147) Pause Young (Allocation Failure)
[93.094s][info][gc,heap        ] GC(147) PSYoungGen: 248050K->13552K(302080K)
[93.095s][info][gc,heap        ] GC(147) PSOldGen: 185359K->186180K(699392K)
[93.095s][info][gc,metaspace   ] GC(147) Metaspace: 141052K(154448K)->141052K(154448K) NonClass: 122310K(129200K)->122310K(129200K) Class: 18742K(25248K)->18742K(25248K)
[93.095s][info][gc             ] GC(147) Pause Young (Allocation Failure) 423M->195M(978M) 3.428ms
[93.095s][info][gc,cpu         ] GC(147) User=0.09s Sys=0.00s Real=0.00s
[93.313s][info][gc,start       ] GC(148) Pause Young (Allocation Failure)
[93.318s][info][gc,heap        ] GC(148) PSYoungGen: 265446K->11159K(299008K)
[93.318s][info][gc,heap        ] GC(148) PSOldGen: 186180K->195839K(699392K)
[93.318s][info][gc,metaspace   ] GC(148) Metaspace: 141061K(154448K)->141061K(154448K) NonClass: 122318K(129200K)->122318K(129200K) Class: 18742K(25248K)->18742K(25248K)
[93.318s][info][gc             ] GC(148) Pause Young (Allocation Failure) 441M->202M(975M) 4.425ms
[93.318s][info][gc,cpu         ] GC(148) User=0.00s Sys=0.00s Real=0.00s
[94.416s][info][gc,start       ] GC(149) Pause Young (Allocation Failure)
[94.420s][info][gc,heap        ] GC(149) PSYoungGen: 263063K->4413K(305152K)
[94.420s][info][gc,heap        ] GC(149) PSOldGen: 195839K->202814K(699392K)
[94.420s][info][gc,metaspace   ] GC(149) Metaspace: 141062K(154448K)->141062K(154448K) NonClass: 122320K(129200K)->122320K(129200K) Class: 18742K(25248K)->18742K(25248K)
[94.420s][info][gc             ] GC(149) Pause Young (Allocation Failure) 448M->202M(981M) 4.408ms
[94.420s][info][gc,cpu         ] GC(149) User=0.00s Sys=0.00s Real=0.00s
[95.716s][info][gc,start       ] GC(150) Pause Young (Allocation Failure)
[95.718s][info][gc,heap        ] GC(150) PSYoungGen: 264509K->4106K(304128K)
[95.718s][info][gc,heap        ] GC(150) PSOldGen: 202814K->203274K(699392K)
[95.718s][info][gc,metaspace   ] GC(150) Metaspace: 141064K(154448K)->141064K(154448K) NonClass: 122322K(129200K)->122322K(129200K) Class: 18742K(25248K)->18742K(25248K)
[95.718s][info][gc             ] GC(150) Pause Young (Allocation Failure) 456M->202M(980M) 2.732ms
[95.718s][info][gc,cpu         ] GC(150) User=0.02s Sys=0.00s Real=0.00s
[97.019s][info][gc,start       ] GC(151) Pause Young (Allocation Failure)
[97.022s][info][gc,heap        ] GC(151) PSYoungGen: 264202K->3877K(307712K)
[97.022s][info][gc,heap        ] GC(151) PSOldGen: 203274K->203685K(699392K)
[97.022s][info][gc,metaspace   ] GC(151) Metaspace: 141065K(154448K)->141065K(154448K) NonClass: 122323K(129200K)->122323K(129200K) Class: 18742K(25248K)->18742K(25248K)
[97.022s][info][gc             ] GC(151) Pause Young (Allocation Failure) 456M->202M(983M) 2.673ms
[97.022s][info][gc,cpu         ] GC(151) User=0.00s Sys=0.00s Real=0.00s
[98.178s][info][gc,start       ] GC(152) Pause Young (GCLocker Initiated GC)
[98.181s][info][gc,heap        ] GC(152) PSYoungGen: 268581K->3746K(306176K)
[98.181s][info][gc,heap        ] GC(152) PSOldGen: 203701K->204137K(699392K)
[98.181s][info][gc,metaspace   ] GC(152) Metaspace: 141066K(154448K)->141066K(154448K) NonClass: 122324K(129200K)->122324K(129200K) Class: 18742K(25248K)->18742K(25248K)
[98.181s][info][gc             ] GC(152) Pause Young (GCLocker Initiated GC) 461M->203M(982M) 2.420ms
[98.181s][info][gc,cpu         ] GC(152) User=0.00s Sys=0.00s Real=0.00s
[99.338s][info][gc,start       ] GC(153) Pause Young (Allocation Failure)
[99.340s][info][gc,heap        ] GC(153) PSYoungGen: 268450K->2184K(310272K)
[99.340s][info][gc,heap        ] GC(153) PSOldGen: 204139K->204499K(699392K)
[99.340s][info][gc,metaspace   ] GC(153) Metaspace: 141069K(154704K)->141069K(154704K) NonClass: 122327K(129456K)->122327K(129456K) Class: 18742K(25248K)->18742K(25248K)
[99.340s][info][gc             ] GC(153) Pause Young (Allocation Failure) 461M->201M(986M) 2.631ms
[99.340s][info][gc,cpu         ] GC(153) User=0.00s Sys=0.00s Real=0.00s
[100.156s][info][gc,start       ] GC(154) Pause Young (Allocation Failure)
[100.160s][info][gc,heap        ] GC(154) PSYoungGen: 272520K->8147K(309248K)
[100.160s][info][gc,heap        ] GC(154) PSOldGen: 204499K->204972K(699392K)
[100.160s][info][gc,metaspace   ] GC(154) Metaspace: 141078K(154704K)->141078K(154704K) NonClass: 122336K(129456K)->122336K(129456K) Class: 18742K(25248K)->18742K(25248K)
[100.160s][info][gc             ] GC(154) Pause Young (Allocation Failure) 465M->208M(985M) 4.166ms
[100.160s][info][gc,cpu         ] GC(154) User=0.02s Sys=0.00s Real=0.00s
[100.243s][info][gc,start       ] GC(155) Pause Young (System.gc())
[100.247s][info][gc,heap        ] GC(155) PSYoungGen: 54898K->288K(313344K)
[100.247s][info][gc,heap        ] GC(155) PSOldGen: 204972K->207435K(699392K)
[100.247s][info][gc,metaspace   ] GC(155) Metaspace: 141114K(154704K)->141114K(154704K) NonClass: 122372K(129456K)->122372K(129456K) Class: 18742K(25248K)->18742K(25248K)
[100.247s][info][gc             ] GC(155) Pause Young (System.gc()) 253M->202M(989M) 3.240ms
[100.247s][info][gc,cpu         ] GC(155) User=0.00s Sys=0.00s Real=0.00s
[100.247s][info][gc,start       ] GC(156) Pause Full (System.gc())
[100.250s][info][gc,phases,start] GC(156) Phase 1: Mark live objects
[100.314s][info][gc,phases      ] GC(156) Phase 1: Mark live objects 63.920ms
[100.314s][info][gc,phases,start] GC(156) Phase 2: Compute new object addresses
[100.324s][info][gc,phases      ] GC(156) Phase 2: Compute new object addresses 9.922ms
[100.324s][info][gc,phases,start] GC(156) Phase 3: Adjust pointers
[100.359s][info][gc,phases      ] GC(156) Phase 3: Adjust pointers 34.898ms
[100.359s][info][gc,phases,start] GC(156) Phase 4: Move objects
[100.360s][info][gc,phases      ] GC(156) Phase 4: Move objects 1.639ms
[100.361s][info][gc,heap        ] GC(156) PSYoungGen: 288K->0K(313344K)
[100.361s][info][gc,heap        ] GC(156) PSOldGen: 207435K->98944K(699392K)
[100.361s][info][gc,metaspace   ] GC(156) Metaspace: 141114K(154704K)->141114K(154704K) NonClass: 122372K(129456K)->122372K(129456K) Class: 18742K(25248K)->18742K(25248K)
[100.361s][info][gc             ] GC(156) Pause Full (System.gc()) 202M->96M(989M) 114.295ms
[100.361s][info][gc,cpu         ] GC(156) User=0.12s Sys=0.00s Real=0.11s
[100.581s][info][gc,start       ] GC(157) Pause Young (GCLocker Initiated GC)
[100.584s][info][gc,heap        ] GC(157) PSYoungGen: 276992K->15685K(312832K)
[100.584s][info][gc,heap        ] GC(157) PSOldGen: 98945K->98945K(699392K)
[100.584s][info][gc,metaspace   ] GC(157) Metaspace: 141187K(154704K)->141187K(154704K) NonClass: 122445K(129456K)->122445K(129456K) Class: 18742K(25248K)->18742K(25248K)
[100.584s][info][gc             ] GC(157) Pause Young (GCLocker Initiated GC) 367M->111M(988M) 3.483ms
[100.584s][info][gc,cpu         ] GC(157) User=0.00s Sys=0.00s Real=0.00s
[100.641s][info][gc,start       ] GC(158) Pause Young (GCLocker Initiated GC)
[100.646s][info][gc,heap        ] GC(158) PSYoungGen: 292677K->20002K(311808K)
[100.646s][info][gc,heap        ] GC(158) PSOldGen: 98947K->108961K(699392K)
[100.646s][info][gc,metaspace   ] GC(158) Metaspace: 141187K(154704K)->141187K(154704K) NonClass: 122445K(129456K)->122445K(129456K) Class: 18742K(25248K)->18742K(25248K)
[100.646s][info][gc             ] GC(158) Pause Young (GCLocker Initiated GC) 382M->125M(987M) 5.154ms
[100.646s][info][gc,cpu         ] GC(158) User=0.00s Sys=0.00s Real=0.01s
[100.811s][info][gc,start       ] GC(159) Pause Young (GCLocker Initiated GC)
[100.818s][info][gc,heap        ] GC(159) PSYoungGen: 296482K->35518K(306176K)
[100.818s][info][gc,heap        ] GC(159) PSOldGen: 159053K->166339K(699392K)
[100.818s][info][gc,metaspace   ] GC(159) Metaspace: 141188K(154704K)->141188K(154704K) NonClass: 122446K(129456K)->122446K(129456K) Class: 18742K(25248K)->18742K(25248K)
[100.818s][info][gc             ] GC(159) Pause Young (GCLocker Initiated GC) 444M->197M(982M) 7.013ms
[100.818s][info][gc,cpu         ] GC(159) User=0.09s Sys=0.00s Real=0.01s
[100.862s][info][gc,start       ] GC(160) Pause Young (Allocation Failure)
[100.872s][info][gc,heap        ] GC(160) PSYoungGen: 305854K->5554K(303104K)
[100.872s][info][gc,heap        ] GC(160) PSOldGen: 220051K->252314K(699392K)
[100.872s][info][gc,metaspace   ] GC(160) Metaspace: 141188K(154704K)->141188K(154704K) NonClass: 122446K(129456K)->122446K(129456K) Class: 18742K(25248K)->18742K(25248K)
[100.872s][info][gc             ] GC(160) Pause Young (Allocation Failure) 513M->251M(979M) 10.206ms
[100.872s][info][gc,cpu         ] GC(160) User=0.00s Sys=0.00s Real=0.01s
[101.045s][info][gc,start       ] GC(161) Pause Young (Allocation Failure)
[101.049s][info][gc,heap        ] GC(161) PSYoungGen: 271794K->19176K(307712K)
[101.049s][info][gc,heap        ] GC(161) PSOldGen: 252314K->252394K(699392K)
[101.049s][info][gc,metaspace   ] GC(161) Metaspace: 141188K(154704K)->141188K(154704K) NonClass: 122446K(129456K)->122446K(129456K) Class: 18742K(25248K)->18742K(25248K)
[101.049s][info][gc             ] GC(161) Pause Young (Allocation Failure) 511M->265M(983M) 3.977ms
[101.049s][info][gc,cpu         ] GC(161) User=0.06s Sys=0.02s Real=0.00s
[101.109s][info][gc,start       ] GC(162) Pause Young (Allocation Failure)
[101.114s][info][gc,heap        ] GC(162) PSYoungGen: 285416K->18273K(309248K)
[101.114s][info][gc,heap        ] GC(162) PSOldGen: 252394K->262414K(699392K)
[101.114s][info][gc,metaspace   ] GC(162) Metaspace: 141195K(154704K)->141195K(154704K) NonClass: 122452K(129456K)->122452K(129456K) Class: 18742K(25248K)->18742K(25248K)
[101.114s][info][gc             ] GC(162) Pause Young (Allocation Failure) 525M->274M(985M) 5.114ms
[101.115s][info][gc,cpu         ] GC(162) User=0.00s Sys=0.00s Real=0.00s
[101.148s][info][gc,start       ] GC(163) Pause Young (Allocation Failure)
[101.153s][info][gc,heap        ] GC(163) PSYoungGen: 286561K->14363K(308224K)
[101.153s][info][gc,heap        ] GC(163) PSOldGen: 262414K->272048K(699392K)
[101.153s][info][gc,metaspace   ] GC(163) Metaspace: 141195K(154704K)->141195K(154704K) NonClass: 122452K(129456K)->122452K(129456K) Class: 18742K(25248K)->18742K(25248K)
[101.153s][info][gc             ] GC(163) Pause Young (Allocation Failure) 536M->279M(984M) 4.763ms
[101.153s][info][gc,cpu         ] GC(163) User=0.00s Sys=0.00s Real=0.00s
[101.197s][info][gc,start       ] GC(164) Pause Young (GCLocker Initiated GC)
[101.201s][info][gc,heap        ] GC(164) PSYoungGen: 282651K->3323K(311808K)
[101.201s][info][gc,heap        ] GC(164) PSOldGen: 276148K->278695K(699392K)
[101.201s][info][gc,metaspace   ] GC(164) Metaspace: 141195K(154704K)->141195K(154704K) NonClass: 122452K(129456K)->122452K(129456K) Class: 18742K(25248K)->18742K(25248K)
[101.201s][info][gc             ] GC(164) Pause Young (GCLocker Initiated GC) 545M->275M(987M) 3.420ms
[101.201s][info][gc,cpu         ] GC(164) User=0.00s Sys=0.00s Real=0.00s
[101.424s][info][gc,start       ] GC(165) Pause Young (Allocation Failure)
[101.431s][info][gc,heap        ] GC(165) PSYoungGen: 277243K->37372K(311296K)
[101.431s][info][gc,heap        ] GC(165) PSOldGen: 278696K->284733K(699392K)
[101.431s][info][gc,metaspace   ] GC(165) Metaspace: 141195K(154704K)->141195K(154704K) NonClass: 122452K(129456K)->122452K(129456K) Class: 18742K(25248K)->18742K(25248K)
[101.431s][info][gc             ] GC(165) Pause Young (Allocation Failure) 542M->314M(987M) 7.484ms
[101.431s][info][gc,cpu         ] GC(165) User=0.00s Sys=0.00s Real=0.01s
[101.972s][info][gc,start       ] GC(166) Pause Young (Allocation Failure)
[101.977s][info][gc,heap        ] GC(166) PSYoungGen: 311292K->9009K(303104K)
[101.977s][info][gc,heap        ] GC(166) PSOldGen: 284733K->297617K(699392K)
[101.977s][info][gc,metaspace   ] GC(166) Metaspace: 141233K(154704K)->141233K(154704K) NonClass: 122491K(129456K)->122491K(129456K) Class: 18742K(25248K)->18742K(25248K)
[101.977s][info][gc             ] GC(166) Pause Young (Allocation Failure) 582M->299M(979M) 5.183ms
[101.977s][info][gc,cpu         ] GC(166) User=0.00s Sys=0.00s Real=0.00s
[103.294s][info][gc,start       ] GC(167) Pause Young (Allocation Failure)
[103.298s][info][gc,heap        ] GC(167) PSYoungGen: 274225K->6039K(307200K)
[103.298s][info][gc,heap        ] GC(167) PSOldGen: 297617K->298434K(699392K)
[103.298s][info][gc,metaspace   ] GC(167) Metaspace: 141234K(154704K)->141234K(154704K) NonClass: 122491K(129456K)->122491K(129456K) Class: 18742K(25248K)->18742K(25248K)
[103.298s][info][gc             ] GC(167) Pause Young (Allocation Failure) 558M->297M(983M) 3.535ms
[103.298s][info][gc,cpu         ] GC(167) User=0.08s Sys=0.00s Real=0.01s
[104.617s][info][gc,start       ] GC(168) Pause Young (Allocation Failure)
[104.619s][info][gc,heap        ] GC(168) PSYoungGen: 269278K->606K(308736K)
[104.619s][info][gc,heap        ] GC(168) PSOldGen: 298434K->298872K(699392K)
[104.619s][info][gc,metaspace   ] GC(168) Metaspace: 141234K(154704K)->141234K(154704K) NonClass: 122492K(129456K)->122492K(129456K) Class: 18742K(25248K)->18742K(25248K)
[104.619s][info][gc             ] GC(168) Pause Young (Allocation Failure) 554M->292M(984M) 2.026ms
[104.619s][info][gc,cpu         ] GC(168) User=0.00s Sys=0.00s Real=0.01s
[105.692s][info][gc,start       ] GC(169) Pause Young (Allocation Failure)
[105.695s][info][gc,heap        ] GC(169) PSYoungGen: 268382K->1451K(308224K)
[105.695s][info][gc,heap        ] GC(169) PSOldGen: 298872K->299295K(699392K)
[105.695s][info][gc,metaspace   ] GC(169) Metaspace: 141237K(154704K)->141237K(154704K) NonClass: 122495K(129456K)->122495K(129456K) Class: 18742K(25248K)->18742K(25248K)
[105.695s][info][gc             ] GC(169) Pause Young (Allocation Failure) 553M->293M(984M) 2.733ms
[105.695s][info][gc,cpu         ] GC(169) User=0.00s Sys=0.00s Real=0.00s
[106.802s][info][gc,start       ] GC(170) Pause Young (Allocation Failure)
[106.804s][info][gc,heap        ] GC(170) PSYoungGen: 269227K->2051K(310784K)
[106.804s][info][gc,heap        ] GC(170) PSOldGen: 299295K->299637K(699392K)
[106.804s][info][gc,metaspace   ] GC(170) Metaspace: 141241K(154704K)->141241K(154704K) NonClass: 122499K(129456K)->122499K(129456K) Class: 18742K(25248K)->18742K(25248K)
[106.804s][info][gc             ] GC(170) Pause Young (Allocation Failure) 555M->294M(986M) 2.800ms
[106.804s][info][gc,cpu         ] GC(170) User=0.00s Sys=0.00s Real=0.00s
[108.026s][info][gc,start       ] GC(171) Pause Young (Allocation Failure)
[108.029s][info][gc,heap        ] GC(171) PSYoungGen: 273411K->4450K(309760K)
[108.029s][info][gc,heap        ] GC(171) PSOldGen: 299637K->300089K(699392K)
[108.029s][info][gc,metaspace   ] GC(171) Metaspace: 141242K(154704K)->141242K(154704K) NonClass: 122499K(129456K)->122499K(129456K) Class: 18742K(25248K)->18742K(25248K)
[108.029s][info][gc             ] GC(171) Pause Young (Allocation Failure) 559M->297M(985M) 2.697ms
[108.029s][info][gc,cpu         ] GC(171) User=0.00s Sys=0.00s Real=0.00s
[108.418s][info][gc,start       ] GC(172) Pause Young (System.gc())
[108.421s][info][gc,heap        ] GC(172) PSYoungGen: 201465K->2515K(313856K)
[108.421s][info][gc,heap        ] GC(172) PSOldGen: 300089K->300534K(699392K)
[108.421s][info][gc,metaspace   ] GC(172) Metaspace: 141308K(154704K)->141308K(154704K) NonClass: 122566K(129456K)->122566K(129456K) Class: 18742K(25248K)->18742K(25248K)
[108.421s][info][gc             ] GC(172) Pause Young (System.gc()) 489M->295M(989M) 2.835ms
[108.421s][info][gc,cpu         ] GC(172) User=0.00s Sys=0.00s Real=0.00s
[108.421s][info][gc,start       ] GC(173) Pause Full (System.gc())
[108.424s][info][gc,phases,start] GC(173) Phase 1: Mark live objects
[108.489s][info][gc,phases      ] GC(173) Phase 1: Mark live objects 64.660ms
[108.489s][info][gc,phases,start] GC(173) Phase 2: Compute new object addresses
[108.499s][info][gc,phases      ] GC(173) Phase 2: Compute new object addresses 9.733ms
[108.499s][info][gc,phases,start] GC(173) Phase 3: Adjust pointers
[108.536s][info][gc,phases      ] GC(173) Phase 3: Adjust pointers 36.812ms
[108.536s][info][gc,phases,start] GC(173) Phase 4: Move objects
[108.547s][info][gc,phases      ] GC(173) Phase 4: Move objects 11.477ms
[108.548s][info][gc,heap        ] GC(173) PSYoungGen: 2515K->0K(313856K)
[108.548s][info][gc,heap        ] GC(173) PSOldGen: 300534K->65462K(699392K)
[108.548s][info][gc,metaspace   ] GC(173) Metaspace: 141308K(154704K)->141308K(154704K) NonClass: 122566K(129456K)->122566K(129456K) Class: 18742K(25248K)->18742K(25248K)
[108.548s][info][gc             ] GC(173) Pause Full (System.gc()) 295M->63M(989M) 126.957ms
[108.548s][info][gc,cpu         ] GC(173) User=0.14s Sys=0.00s Real=0.12s
[108.730s][info][gc,start       ] GC(174) Pause Young (Allocation Failure)
[108.734s][info][gc,heap        ] GC(174) PSYoungGen: 277504K->17681K(312832K)
[108.734s][info][gc,heap        ] GC(174) PSOldGen: 65462K->65470K(699392K)
[108.734s][info][gc,metaspace   ] GC(174) Metaspace: 141345K(154704K)->141345K(154704K) NonClass: 122603K(129456K)->122603K(129456K) Class: 18742K(25248K)->18742K(25248K)
[108.734s][info][gc             ] GC(174) Pause Young (Allocation Failure) 334M->81M(988M) 3.478ms
[108.734s][info][gc,cpu         ] GC(174) User=0.00s Sys=0.00s Real=0.00s
[108.807s][info][gc,start       ] GC(175) Pause Young (Allocation Failure)
[108.813s][info][gc,heap        ] GC(175) PSYoungGen: 295185K->15526K(313856K)
[108.813s][info][gc,heap        ] GC(175) PSOldGen: 65470K->78520K(699392K)
[108.813s][info][gc,metaspace   ] GC(175) Metaspace: 141345K(154704K)->141345K(154704K) NonClass: 122603K(129456K)->122603K(129456K) Class: 18742K(25248K)->18742K(25248K)
[108.813s][info][gc             ] GC(175) Pause Young (Allocation Failure) 352M->91M(989M) 5.655ms
[108.813s][info][gc,cpu         ] GC(175) User=0.06s Sys=0.00s Real=0.01s
[108.968s][info][gc,start       ] GC(176) Pause Young (Allocation Failure)
[108.975s][info][gc,heap        ] GC(176) PSYoungGen: 291063K->35311K(313344K)
[108.975s][info][gc,heap        ] GC(176) PSOldGen: 78520K->86377K(699392K)
[108.975s][info][gc,metaspace   ] GC(176) Metaspace: 141349K(154704K)->141349K(154704K) NonClass: 122607K(129456K)->122607K(129456K) Class: 18742K(25248K)->18742K(25248K)
[108.975s][info][gc             ] GC(176) Pause Young (Allocation Failure) 360M->118M(989M) 6.633ms
[108.975s][info][gc,cpu         ] GC(176) User=0.02s Sys=0.00s Real=0.01s
[109.011s][info][gc,start       ] GC(177) Pause Young (GCLocker Initiated GC)
[109.019s][info][gc,heap        ] GC(177) PSYoungGen: 312464K->21625K(300032K)
[109.019s][info][gc,heap        ] GC(177) PSOldGen: 90473K->119824K(699392K)
[109.019s][info][gc,metaspace   ] GC(177) Metaspace: 141349K(154704K)->141349K(154704K) NonClass: 122607K(129456K)->122607K(129456K) Class: 18742K(25248K)->18742K(25248K)
[109.019s][info][gc             ] GC(177) Pause Young (GCLocker Initiated GC) 393M->138M(976M) 7.752ms
[109.019s][info][gc,cpu         ] GC(177) User=0.08s Sys=0.02s Real=0.01s
[109.185s][info][gc,start       ] GC(178) Pause Young (Allocation Failure)
[109.194s][info][gc,heap        ] GC(178) PSYoungGen: 285817K->42440K(306688K)
[109.194s][info][gc,heap        ] GC(178) PSOldGen: 119825K->127536K(699392K)
[109.194s][info][gc,metaspace   ] GC(178) Metaspace: 141354K(154704K)->141354K(154704K) NonClass: 122611K(129456K)->122611K(129456K) Class: 18742K(25248K)->18742K(25248K)
[109.194s][info][gc             ] GC(178) Pause Young (Allocation Failure) 396M->165M(982M) 8.875ms
[109.194s][info][gc,cpu         ] GC(178) User=0.08s Sys=0.02s Real=0.01s
[109.256s][info][gc,start       ] GC(179) Pause Young (Allocation Failure)
[109.260s][info][gc,heap        ] GC(179) PSYoungGen: 305459K->12871K(296448K)
[109.260s][info][gc,heap        ] GC(179) PSOldGen: 127536K->130047K(699392K)
[109.260s][info][gc,metaspace   ] GC(179) Metaspace: 141355K(154704K)->141355K(154704K) NonClass: 122612K(129456K)->122612K(129456K) Class: 18742K(25248K)->18742K(25248K)
[109.260s][info][gc             ] GC(179) Pause Young (Allocation Failure) 422M->139M(972M) 3.251ms
[109.260s][info][gc,cpu         ] GC(179) User=0.00s Sys=0.00s Real=0.00s
[109.289s][info][gc,start       ] GC(180) Pause Young (Allocation Failure)
[109.293s][info][gc,heap        ] GC(180) PSYoungGen: 266823K->18166K(301568K)
[109.294s][info][gc,heap        ] GC(180) PSOldGen: 130047K->138055K(699392K)
[109.294s][info][gc,metaspace   ] GC(180) Metaspace: 141355K(154704K)->141355K(154704K) NonClass: 122612K(129456K)->122612K(129456K) Class: 18742K(25248K)->18742K(25248K)
[109.294s][info][gc             ] GC(180) Pause Young (Allocation Failure) 387M->152M(977M) 4.378ms
[109.294s][info][gc,cpu         ] GC(180) User=0.00s Sys=0.00s Real=0.00s
[109.324s][info][gc,start       ] GC(181) Pause Young (Allocation Failure)
[109.327s][info][gc,heap        ] GC(181) PSYoungGen: 268838K->12964K(306176K)
[109.327s][info][gc,heap        ] GC(181) PSOldGen: 138055K->143117K(699392K)
[109.327s][info][gc,metaspace   ] GC(181) Metaspace: 141355K(154704K)->141355K(154704K) NonClass: 122612K(129456K)->122612K(129456K) Class: 18742K(25248K)->18742K(25248K)
[109.327s][info][gc             ] GC(181) Pause Young (Allocation Failure) 397M->152M(982M) 3.177ms
[109.327s][info][gc,cpu         ] GC(181) User=0.00s Sys=0.00s Real=0.00s
[109.495s][info][gc,start       ] GC(182) Pause Young (Allocation Failure)
[109.500s][info][gc,heap        ] GC(182) PSYoungGen: 274084K->27218K(304128K)
[109.500s][info][gc,heap        ] GC(182) PSOldGen: 143117K->143235K(699392K)
[109.500s][info][gc,metaspace   ] GC(182) Metaspace: 141361K(154704K)->141361K(154704K) NonClass: 122618K(129456K)->122618K(129456K) Class: 18742K(25248K)->18742K(25248K)
[109.500s][info][gc             ] GC(182) Pause Young (Allocation Failure) 407M->166M(980M) 5.343ms
[109.500s][info][gc,cpu         ] GC(182) User=0.08s Sys=0.02s Real=0.00s
[109.727s][info][gc,start       ] GC(183) Pause Young (Allocation Failure)
[109.731s][info][gc,heap        ] GC(183) PSYoungGen: 288285K->16051K(307200K)
[109.731s][info][gc,heap        ] GC(183) PSOldGen: 143235K->143534K(699392K)
[109.731s][info][gc,metaspace   ] GC(183) Metaspace: 141364K(154704K)->141364K(154704K) NonClass: 122621K(129456K)->122621K(129456K) Class: 18742K(25248K)->18742K(25248K)
[109.731s][info][gc             ] GC(183) Pause Young (Allocation Failure) 421M->155M(983M) 3.961ms
[109.731s][info][gc,cpu         ] GC(183) User=0.00s Sys=0.00s Real=0.00s
[110.727s][info][gc,start       ] GC(184) Pause Young (Allocation Failure)
[110.730s][info][gc,heap        ] GC(184) PSYoungGen: 277800K->950K(305152K)
[110.730s][info][gc,heap        ] GC(184) PSOldGen: 143534K->159464K(699392K)
[110.730s][info][gc,metaspace   ] GC(184) Metaspace: 141373K(154704K)->141373K(154704K) NonClass: 122630K(129456K)->122630K(129456K) Class: 18742K(25248K)->18742K(25248K)
[110.730s][info][gc             ] GC(184) Pause Young (Allocation Failure) 411M->156M(981M) 3.494ms
[110.730s][info][gc,cpu         ] GC(184) User=0.00s Sys=0.00s Real=0.00s
[111.927s][info][gc,start       ] GC(185) Pause Young (Allocation Failure)
[111.929s][info][gc,heap        ] GC(185) PSYoungGen: 264099K->1239K(307200K)
[111.929s][info][gc,heap        ] GC(185) PSOldGen: 159464K->160229K(699392K)
[111.929s][info][gc,metaspace   ] GC(185) Metaspace: 141374K(154704K)->141374K(154704K) NonClass: 122631K(129456K)->122631K(129456K) Class: 18742K(25248K)->18742K(25248K)
[111.929s][info][gc             ] GC(185) Pause Young (Allocation Failure) 413M->157M(983M) 2.773ms
[111.929s][info][gc,cpu         ] GC(185) User=0.00s Sys=0.00s Real=0.00s
[113.130s][info][gc,start       ] GC(186) Pause Young (GCLocker Initiated GC)
[113.133s][info][gc,heap        ] GC(186) PSYoungGen: 266455K->2481K(307200K)
[113.133s][info][gc,heap        ] GC(186) PSOldGen: 160240K->160552K(699392K)
[113.133s][info][gc,metaspace   ] GC(186) Metaspace: 141375K(154704K)->141375K(154704K) NonClass: 122632K(129456K)->122632K(129456K) Class: 18742K(25248K)->18742K(25248K)
[113.133s][info][gc             ] GC(186) Pause Young (GCLocker Initiated GC) 416M->159M(983M) 2.508ms
[113.133s][info][gc,cpu         ] GC(186) User=0.00s Sys=0.00s Real=0.00s
[114.188s][info][gc,start       ] GC(187) Pause Young (Allocation Failure)
[114.191s][info][gc,heap        ] GC(187) PSYoungGen: 267697K->4483K(309248K)
[114.191s][info][gc,heap        ] GC(187) PSOldGen: 160557K->161083K(699392K)
[114.191s][info][gc,metaspace   ] GC(187) Metaspace: 141375K(154704K)->141375K(154704K) NonClass: 122632K(129456K)->122632K(129456K) Class: 18742K(25248K)->18742K(25248K)
[114.191s][info][gc             ] GC(187) Pause Young (Allocation Failure) 418M->161M(985M) 2.939ms
[114.191s][info][gc,cpu         ] GC(187) User=0.00s Sys=0.00s Real=0.00s
[115.463s][info][gc,start       ] GC(188) Pause Young (Allocation Failure)
[115.466s][info][gc,heap        ] GC(188) PSYoungGen: 272072K->1785K(308224K)
[115.466s][info][gc,heap        ] GC(188) PSOldGen: 161083K->162244K(699392K)
[115.466s][info][gc,metaspace   ] GC(188) Metaspace: 141377K(154704K)->141377K(154704K) NonClass: 122635K(129456K)->122635K(129456K) Class: 18742K(25248K)->18742K(25248K)
[115.466s][info][gc             ] GC(188) Pause Young (Allocation Failure) 423M->160M(984M) 3.592ms
[115.466s][info][gc,cpu         ] GC(188) User=0.00s Sys=0.00s Real=0.00s
[116.371s][info][gc,start       ] GC(189) Pause Young (Allocation Failure)
[116.374s][info][gc,heap        ] GC(189) PSYoungGen: 270073K->2973K(311808K)
[116.374s][info][gc,heap        ] GC(189) PSOldGen: 162244K->163086K(699392K)
[116.374s][info][gc,metaspace   ] GC(189) Metaspace: 141378K(154704K)->141378K(154704K) NonClass: 122635K(129456K)->122635K(129456K) Class: 18742K(25248K)->18742K(25248K)
[116.374s][info][gc             ] GC(189) Pause Young (Allocation Failure) 422M->162M(987M) 2.999ms
[116.374s][info][gc,cpu         ] GC(189) User=0.00s Sys=0.00s Real=0.00s
[116.507s][info][gc,start       ] GC(190) Pause Young (System.gc())
[116.510s][info][gc,heap        ] GC(190) PSYoungGen: 104324K->645K(310272K)
[116.510s][info][gc,heap        ] GC(190) PSOldGen: 163086K->165243K(699392K)
[116.510s][info][gc,metaspace   ] GC(190) Metaspace: 141439K(154960K)->141439K(154960K) NonClass: 122696K(129712K)->122696K(129712K) Class: 18742K(25248K)->18742K(25248K)
[116.510s][info][gc             ] GC(190) Pause Young (System.gc()) 261M->162M(986M) 3.108ms
[116.510s][info][gc,cpu         ] GC(190) User=0.00s Sys=0.00s Real=0.00s
[116.510s][info][gc,start       ] GC(191) Pause Full (System.gc())
[116.512s][info][gc,phases,start] GC(191) Phase 1: Mark live objects
[116.578s][info][gc,phases      ] GC(191) Phase 1: Mark live objects 65.748ms
[116.578s][info][gc,phases,start] GC(191) Phase 2: Compute new object addresses
[116.588s][info][gc,phases      ] GC(191) Phase 2: Compute new object addresses 9.699ms
[116.588s][info][gc,phases,start] GC(191) Phase 3: Adjust pointers
[116.624s][info][gc,phases      ] GC(191) Phase 3: Adjust pointers 35.696ms
[116.624s][info][gc,phases,start] GC(191) Phase 4: Move objects
[116.625s][info][gc,phases      ] GC(191) Phase 4: Move objects 0.878ms
[116.626s][info][gc,heap        ] GC(191) PSYoungGen: 645K->0K(310272K)
[116.626s][info][gc,heap        ] GC(191) PSOldGen: 165243K->97042K(699392K)
[116.626s][info][gc,metaspace   ] GC(191) Metaspace: 141439K(154960K)->141439K(154960K) NonClass: 122696K(129712K)->122696K(129712K) Class: 18742K(25248K)->18742K(25248K)
[116.626s][info][gc             ] GC(191) Pause Full (System.gc()) 162M->94M(986M) 115.392ms
[116.626s][info][gc,cpu         ] GC(191) User=0.14s Sys=0.00s Real=0.11s
[116.823s][info][gc,start       ] GC(192) Pause Young (Allocation Failure)
[116.826s][info][gc,heap        ] GC(192) PSYoungGen: 272896K->17057K(312832K)
[116.826s][info][gc,heap        ] GC(192) PSOldGen: 97042K->97050K(699392K)
[116.826s][info][gc,metaspace   ] GC(192) Metaspace: 141532K(154960K)->141532K(154960K) NonClass: 122790K(129712K)->122790K(129712K) Class: 18742K(25248K)->18742K(25248K)
[116.826s][info][gc             ] GC(192) Pause Young (Allocation Failure) 361M->111M(988M) 3.394ms
[116.826s][info][gc,cpu         ] GC(192) User=0.00s Sys=0.00s Real=0.00s
[116.887s][info][gc,start       ] GC(193) Pause Young (Allocation Failure)
[116.892s][info][gc,heap        ] GC(193) PSYoungGen: 293537K->17286K(312832K)
[116.892s][info][gc,heap        ] GC(193) PSOldGen: 97050K->110039K(699392K)
[116.892s][info][gc,metaspace   ] GC(193) Metaspace: 141532K(154960K)->141532K(154960K) NonClass: 122790K(129712K)->122790K(129712K) Class: 18742K(25248K)->18742K(25248K)
[116.892s][info][gc             ] GC(193) Pause Young (Allocation Failure) 381M->124M(988M) 5.206ms
[116.892s][info][gc,cpu         ] GC(193) User=0.06s Sys=0.03s Real=0.00s
[117.088s][info][gc,start       ] GC(194) Pause Young (GCLocker Initiated GC)
[117.095s][info][gc,heap        ] GC(194) PSYoungGen: 290601K->28690K(304640K)
[117.095s][info][gc,heap        ] GC(194) PSOldGen: 118231K->127930K(699392K)
[117.095s][info][gc,metaspace   ] GC(194) Metaspace: 141539K(154960K)->141539K(154960K) NonClass: 122796K(129712K)->122796K(129712K) Class: 18742K(25248K)->18742K(25248K)
[117.095s][info][gc             ] GC(194) Pause Young (GCLocker Initiated GC) 399M->152M(980M) 6.807ms
[117.095s][info][gc,cpu         ] GC(194) User=0.03s Sys=0.02s Real=0.00s
[117.136s][info][gc,start       ] GC(195) Pause Young (Allocation Failure)
[117.142s][info][gc,heap        ] GC(195) PSYoungGen: 296978K->9690K(308736K)
[117.142s][info][gc,heap        ] GC(195) PSOldGen: 177958K->205732K(699392K)
[117.142s][info][gc,metaspace   ] GC(195) Metaspace: 141539K(154960K)->141539K(154960K) NonClass: 122796K(129712K)->122796K(129712K) Class: 18742K(25248K)->18742K(25248K)
[117.142s][info][gc             ] GC(195) Pause Young (Allocation Failure) 463M->210M(984M) 6.502ms
[117.142s][info][gc,cpu         ] GC(195) User=0.06s Sys=0.00s Real=0.00s
[117.323s][info][gc,start       ] GC(196) Pause Young (Allocation Failure)
[117.332s][info][gc,heap        ] GC(196) PSYoungGen: 277978K->38182K(296448K)
[117.332s][info][gc,heap        ] GC(196) PSOldGen: 205732K->221258K(699392K)
[117.332s][info][gc,metaspace   ] GC(196) Metaspace: 141544K(154960K)->141544K(154960K) NonClass: 122802K(129712K)->122802K(129712K) Class: 18742K(25248K)->18742K(25248K)
[117.332s][info][gc             ] GC(196) Pause Young (Allocation Failure) 472M->253M(972M) 9.311ms
[117.332s][info][gc,cpu         ] GC(196) User=0.09s Sys=0.00s Real=0.01s
[117.393s][info][gc,start       ] GC(197) Pause Young (Allocation Failure)
[117.396s][info][gc,heap        ] GC(197) PSYoungGen: 295945K->9867K(303616K)
[117.396s][info][gc,heap        ] GC(197) PSOldGen: 221258K->221416K(699392K)
[117.396s][info][gc,metaspace   ] GC(197) Metaspace: 141544K(154960K)->141544K(154960K) NonClass: 122802K(129712K)->122802K(129712K) Class: 18742K(25248K)->18742K(25248K)
[117.396s][info][gc             ] GC(197) Pause Young (Allocation Failure) 505M->225M(979M) 3.080ms
[117.396s][info][gc,cpu         ] GC(197) User=0.00s Sys=0.00s Real=0.00s
[117.430s][info][gc,start       ] GC(198) Pause Young (GCLocker Initiated GC)
[117.433s][info][gc,heap        ] GC(198) PSYoungGen: 267915K->9808K(308224K)
[117.433s][info][gc,heap        ] GC(198) PSOldGen: 225529K->234608K(699392K)
[117.433s][info][gc,metaspace   ] GC(198) Metaspace: 141544K(154960K)->141544K(154960K) NonClass: 122802K(129712K)->122802K(129712K) Class: 18742K(25248K)->18742K(25248K)
[117.433s][info][gc             ] GC(198) Pause Young (GCLocker Initiated GC) 481M->238M(984M) 3.815ms
[117.433s][info][gc,cpu         ] GC(198) User=0.00s Sys=0.00s Real=0.00s
[117.467s][info][gc,start       ] GC(199) Pause Young (Allocation Failure)
[117.470s][info][gc,heap        ] GC(199) PSYoungGen: 275024K->4656K(306176K)
[117.470s][info][gc,heap        ] GC(199) PSOldGen: 242928K->247355K(699392K)
[117.470s][info][gc,metaspace   ] GC(199) Metaspace: 141544K(154960K)->141544K(154960K) NonClass: 122802K(129712K)->122802K(129712K) Class: 18742K(25248K)->18742K(25248K)
[117.470s][info][gc             ] GC(199) Pause Young (Allocation Failure) 505M->246M(982M) 2.644ms
[117.470s][info][gc,cpu         ] GC(199) User=0.08s Sys=0.02s Real=0.00s
[117.661s][info][gc,start       ] GC(200) Pause Young (Allocation Failure)
[117.667s][info][gc,heap        ] GC(200) PSYoungGen: 269609K->30834K(301056K)
[117.667s][info][gc,heap        ] GC(200) PSOldGen: 247355K->247716K(699392K)
[117.667s][info][gc,metaspace   ] GC(200) Metaspace: 141550K(154960K)->141550K(154960K) NonClass: 122808K(129712K)->122808K(129712K) Class: 18742K(25248K)->18742K(25248K)
[117.667s][info][gc             ] GC(200) Pause Young (Allocation Failure) 504M->272M(977M) 5.940ms
[117.667s][info][gc,cpu         ] GC(200) User=0.00s Sys=0.00s Real=0.01s
[117.903s][info][gc,start       ] GC(201) Pause Young (Allocation Failure)
[117.908s][info][gc,heap        ] GC(201) PSYoungGen: 289554K->7095K(305152K)
[117.908s][info][gc,heap        ] GC(201) PSOldGen: 247716K->257398K(699392K)
[117.908s][info][gc,metaspace   ] GC(201) Metaspace: 141571K(154960K)->141571K(154960K) NonClass: 122828K(129712K)->122828K(129712K) Class: 18743K(25248K)->18743K(25248K)
[117.908s][info][gc             ] GC(201) Pause Young (Allocation Failure) 524M->258M(981M) 4.426ms
[117.908s][info][gc,cpu         ] GC(201) User=0.05s Sys=0.00s Real=0.00s
[119.058s][info][gc,start       ] GC(202) Pause Young (Allocation Failure)
[119.063s][info][gc,heap        ] GC(202) PSYoungGen: 268215K->4261K(308224K)
[119.063s][info][gc,heap        ] GC(202) PSOldGen: 257398K->264373K(699392K)
[119.063s][info][gc,metaspace   ] GC(202) Metaspace: 141576K(154960K)->141576K(154960K) NonClass: 122833K(129712K)->122833K(129712K) Class: 18743K(25248K)->18743K(25248K)
[119.063s][info][gc             ] GC(202) Pause Young (Allocation Failure) 513M->262M(984M) 5.243ms
[119.063s][info][gc,cpu         ] GC(202) User=0.02s Sys=0.00s Real=0.01s
[120.402s][info][gc,start       ] GC(203) Pause Young (Allocation Failure)
[120.404s][info][gc,heap        ] GC(203) PSYoungGen: 269989K->2743K(306688K)
[120.404s][info][gc,heap        ] GC(203) PSOldGen: 264373K->264671K(699392K)
[120.404s][info][gc,metaspace   ] GC(203) Metaspace: 141594K(154960K)->141594K(154960K) NonClass: 122851K(129712K)->122851K(129712K) Class: 18743K(25248K)->18743K(25248K)
[120.404s][info][gc             ] GC(203) Pause Young (Allocation Failure) 521M->261M(982M) 2.689ms
[120.404s][info][gc,cpu         ] GC(203) User=0.00s Sys=0.00s Real=0.00s
[121.879s][info][gc,start       ] GC(204) Pause Young (GCLocker Initiated GC)
[121.883s][info][gc,heap        ] GC(204) PSYoungGen: 268471K->8169K(311296K)
[121.883s][info][gc,heap        ] GC(204) PSOldGen: 264731K->265190K(699392K)
[121.883s][info][gc,metaspace   ] GC(204) Metaspace: 141594K(154960K)->141594K(154960K) NonClass: 122851K(129712K)->122851K(129712K) Class: 18743K(25248K)->18743K(25248K)
[121.883s][info][gc             ] GC(204) Pause Young (GCLocker Initiated GC) 520M->266M(987M) 3.886ms
[121.883s][info][gc,cpu         ] GC(204) User=0.00s Sys=0.00s Real=0.01s
[123.190s][info][gc,start       ] GC(205) Pause Young (GCLocker Initiated GC)
[123.193s][info][gc,heap        ] GC(205) PSYoungGen: 279529K->3050K(309248K)
[123.193s][info][gc,heap        ] GC(205) PSOldGen: 265224K->265644K(699392K)
[123.193s][info][gc,metaspace   ] GC(205) Metaspace: 141597K(154960K)->141597K(154960K) NonClass: 122854K(129712K)->122854K(129712K) Class: 18743K(25248K)->18743K(25248K)
[123.193s][info][gc             ] GC(205) Pause Young (GCLocker Initiated GC) 531M->262M(985M) 2.496ms
[123.193s][info][gc,cpu         ] GC(205) User=0.00s Sys=0.00s Real=0.01s
[124.424s][info][gc,start       ] GC(206) Pause Young (Allocation Failure)
[124.427s][info][gc,heap        ] GC(206) PSYoungGen: 274410K->4814K(313856K)
[124.427s][info][gc,heap        ] GC(206) PSOldGen: 265645K->266330K(699392K)
[124.427s][info][gc,metaspace   ] GC(206) Metaspace: 141601K(154960K)->141601K(154960K) NonClass: 122857K(129712K)->122857K(129712K) Class: 18743K(25248K)->18743K(25248K)
[124.427s][info][gc             ] GC(206) Pause Young (Allocation Failure) 527M->264M(989M) 3.048ms
[124.427s][info][gc,cpu         ] GC(206) User=0.00s Sys=0.00s Real=0.00s
[125.141s][info][gc,start       ] GC(207) Pause Young (Allocation Failure)
[125.145s][info][gc,heap        ] GC(207) PSYoungGen: 281065K->6712K(312320K)
[125.145s][info][gc,heap        ] GC(207) PSOldGen: 266330K->267660K(699392K)
[125.145s][info][gc,metaspace   ] GC(207) Metaspace: 141607K(154960K)->141607K(154960K) NonClass: 122864K(129712K)->122864K(129712K) Class: 18743K(25248K)->18743K(25248K)
[125.145s][info][gc             ] GC(207) Pause Young (Allocation Failure) 534M->267M(988M) 3.706ms
[125.145s][info][gc,cpu         ] GC(207) User=0.00s Sys=0.00s Real=0.00s
[125.178s][info][gc,start       ] GC(208) Pause Young (System.gc())
[125.180s][info][gc,heap        ] GC(208) PSYoungGen: 16045K->320K(316416K)
[125.180s][info][gc,heap        ] GC(208) PSOldGen: 267660K->270066K(699392K)
[125.180s][info][gc,metaspace   ] GC(208) Metaspace: 141640K(154960K)->141640K(154960K) NonClass: 122897K(129712K)->122897K(129712K) Class: 18743K(25248K)->18743K(25248K)
[125.181s][info][gc             ] GC(208) Pause Young (System.gc()) 277M->264M(992M) 2.871ms
[125.181s][info][gc,cpu         ] GC(208) User=0.00s Sys=0.00s Real=0.01s
[125.181s][info][gc,start       ] GC(209) Pause Full (System.gc())
[125.182s][info][gc,phases,start] GC(209) Phase 1: Mark live objects
[125.249s][info][gc,phases      ] GC(209) Phase 1: Mark live objects 66.892ms
[125.249s][info][gc,phases,start] GC(209) Phase 2: Compute new object addresses
[125.259s][info][gc,phases      ] GC(209) Phase 2: Compute new object addresses 9.982ms
[125.259s][info][gc,phases,start] GC(209) Phase 3: Adjust pointers
[125.297s][info][gc,phases      ] GC(209) Phase 3: Adjust pointers 37.227ms
[125.297s][info][gc,phases,start] GC(209) Phase 4: Move objects
[125.298s][info][gc,phases      ] GC(209) Phase 4: Move objects 1.061ms
[125.299s][info][gc,heap        ] GC(209) PSYoungGen: 320K->0K(316416K)
[125.299s][info][gc,heap        ] GC(209) PSOldGen: 270066K->100966K(699392K)
[125.299s][info][gc,metaspace   ] GC(209) Metaspace: 141640K(154960K)->141640K(154960K) NonClass: 122897K(129712K)->122897K(129712K) Class: 18743K(25248K)->18743K(25248K)
[125.299s][info][gc             ] GC(209) Pause Full (System.gc()) 264M->98M(992M) 118.186ms
[125.299s][info][gc,cpu         ] GC(209) User=0.12s Sys=0.00s Real=0.11s
[125.476s][info][gc,start       ] GC(210) Pause Young (Allocation Failure)
[125.480s][info][gc,heap        ] GC(210) PSYoungGen: 283136K->15217K(315904K)
[125.480s][info][gc,heap        ] GC(210) PSOldGen: 100966K->100974K(699392K)
[125.480s][info][gc,metaspace   ] GC(210) Metaspace: 141687K(154960K)->141687K(154960K) NonClass: 122944K(129712K)->122944K(129712K) Class: 18743K(25248K)->18743K(25248K)
[125.480s][info][gc             ] GC(210) Pause Young (Allocation Failure) 375M->113M(991M) 3.515ms
[125.480s][info][gc,cpu         ] GC(210) User=0.00s Sys=0.00s Real=0.00s
[125.546s][info][gc,start       ] GC(211) Pause Young (Allocation Failure)
[125.551s][info][gc,heap        ] GC(211) PSYoungGen: 298353K->14597K(316928K)
[125.551s][info][gc,heap        ] GC(211) PSOldGen: 100974K->109110K(699392K)
[125.551s][info][gc,metaspace   ] GC(211) Metaspace: 141687K(154960K)->141687K(154960K) NonClass: 122944K(129712K)->122944K(129712K) Class: 18743K(25248K)->18743K(25248K)
[125.551s][info][gc             ] GC(211) Pause Young (Allocation Failure) 389M->120M(992M) 4.691ms
[125.551s][info][gc,cpu         ] GC(211) User=0.00s Sys=0.00s Real=0.00s
[125.719s][info][gc,start       ] GC(212) Pause Young (Allocation Failure)
[125.727s][info][gc,heap        ] GC(212) PSYoungGen: 298215K->32235K(316416K)
[125.727s][info][gc,heap        ] GC(212) PSOldGen: 109110K->130593K(699392K)
[125.727s][info][gc,metaspace   ] GC(212) Metaspace: 141688K(154960K)->141688K(154960K) NonClass: 122945K(129712K)->122945K(129712K) Class: 18743K(25248K)->18743K(25248K)
[125.727s][info][gc             ] GC(212) Pause Young (Allocation Failure) 397M->159M(992M) 7.967ms
[125.727s][info][gc,cpu         ] GC(212) User=0.00s Sys=0.00s Real=0.01s
[125.762s][info][gc,start       ] GC(213) Pause Young (Allocation Failure)
[125.768s][info][gc,heap        ] GC(213) PSYoungGen: 312622K->16873K(293888K)
[125.768s][info][gc,heap        ] GC(213) PSOldGen: 130593K->153296K(699392K)
[125.768s][info][gc,metaspace   ] GC(213) Metaspace: 141688K(154960K)->141688K(154960K) NonClass: 122945K(129712K)->122945K(129712K) Class: 18743K(25248K)->18743K(25248K)
[125.768s][info][gc             ] GC(213) Pause Young (Allocation Failure) 432M->166M(970M) 6.306ms
[125.768s][info][gc,cpu         ] GC(213) User=0.08s Sys=0.00s Real=0.01s
[125.940s][info][gc,start       ] GC(214) Pause Young (Allocation Failure)
[125.948s][info][gc,heap        ] GC(214) PSYoungGen: 277993K->44013K(305152K)
[125.949s][info][gc,heap        ] GC(214) PSOldGen: 153296K->161491K(699392K)
[125.949s][info][gc,metaspace   ] GC(214) Metaspace: 141688K(154960K)->141688K(154960K) NonClass: 122945K(129712K)->122945K(129712K) Class: 18743K(25248K)->18743K(25248K)
[125.949s][info][gc             ] GC(214) Pause Young (Allocation Failure) 421M->200M(981M) 8.913ms
[125.949s][info][gc,cpu         ] GC(214) User=0.00s Sys=0.00s Real=0.01s
[126.014s][info][gc,start       ] GC(215) Pause Young (Allocation Failure)
[126.019s][info][gc,heap        ] GC(215) PSYoungGen: 303505K->25322K(285696K)
[126.019s][info][gc,heap        ] GC(215) PSOldGen: 161491K->165548K(699392K)
[126.019s][info][gc,metaspace   ] GC(215) Metaspace: 141688K(154960K)->141688K(154960K) NonClass: 122945K(129712K)->122945K(129712K) Class: 18743K(25248K)->18743K(25248K)
[126.019s][info][gc             ] GC(215) Pause Young (Allocation Failure) 454M->186M(962M) 4.893ms
[126.019s][info][gc,cpu         ] GC(215) User=0.09s Sys=0.00s Real=0.00s
[126.049s][info][gc,start       ] GC(216) Pause Young (GCLocker Initiated GC)
[126.053s][info][gc,heap        ] GC(216) PSYoungGen: 266986K->10115K(295424K)
[126.053s][info][gc,heap        ] GC(216) PSOldGen: 169644K->177643K(699392K)
[126.053s][info][gc,metaspace   ] GC(216) Metaspace: 141688K(154960K)->141688K(154960K) NonClass: 122945K(129712K)->122945K(129712K) Class: 18743K(25248K)->18743K(25248K)
[126.053s][info][gc             ] GC(216) Pause Young (GCLocker Initiated GC) 426M->183M(971M) 4.074ms
[126.053s][info][gc,cpu         ] GC(216) User=0.00s Sys=0.00s Real=0.00s
[126.082s][info][gc,start       ] GC(217) Pause Young (Allocation Failure)
[126.086s][info][gc,heap        ] GC(217) PSYoungGen: 251779K->8201K(299008K)
[126.086s][info][gc,heap        ] GC(217) PSOldGen: 181740K->186619K(699392K)
[126.086s][info][gc,metaspace   ] GC(217) Metaspace: 141688K(154960K)->141688K(154960K) NonClass: 122945K(129712K)->122945K(129712K) Class: 18743K(25248K)->18743K(25248K)
[126.086s][info][gc             ] GC(217) Pause Young (Allocation Failure) 423M->190M(975M) 3.362ms
[126.086s][info][gc,cpu         ] GC(217) User=0.00s Sys=0.00s Real=0.01s
[126.260s][info][gc,start       ] GC(218) Pause Young (Allocation Failure)
[126.264s][info][gc,heap        ] GC(218) PSYoungGen: 254985K->22145K(296960K)
[126.265s][info][gc,heap        ] GC(218) PSOldGen: 186619K->186815K(699392K)
[126.265s][info][gc,metaspace   ] GC(218) Metaspace: 141688K(154960K)->141688K(154960K) NonClass: 122945K(129712K)->122945K(129712K) Class: 18743K(25248K)->18743K(25248K)
[126.265s][info][gc             ] GC(218) Pause Young (Allocation Failure) 431M->204M(973M) 4.697ms
[126.265s][info][gc,cpu         ] GC(218) User=0.00s Sys=0.00s Real=0.00s
[126.420s][info][gc,start       ] GC(219) Pause Young (Allocation Failure)
[126.423s][info][gc,heap        ] GC(219) PSYoungGen: 268929K->16009K(303104K)
[126.423s][info][gc,heap        ] GC(219) PSOldGen: 186815K->187263K(699392K)
[126.423s][info][gc,metaspace   ] GC(219) Metaspace: 141688K(154960K)->141688K(154960K) NonClass: 122945K(129712K)->122945K(129712K) Class: 18743K(25248K)->18743K(25248K)
[126.423s][info][gc             ] GC(219) Pause Young (Allocation Failure) 445M->198M(979M) 3.747ms
[126.423s][info][gc,cpu         ] GC(219) User=0.08s Sys=0.00s Real=0.00s
[127.139s][info][gc,start       ] GC(220) Pause Young (GCLocker Initiated GC)
[127.144s][info][gc,heap        ] GC(220) PSYoungGen: 270473K->6442K(300544K)
[127.144s][info][gc,heap        ] GC(220) PSOldGen: 187279K->203136K(699392K)
[127.144s][info][gc,metaspace   ] GC(220) Metaspace: 141701K(154960K)->141701K(154960K) NonClass: 122958K(129712K)->122958K(129712K) Class: 18743K(25248K)->18743K(25248K)
[127.144s][info][gc             ] GC(220) Pause Young (GCLocker Initiated GC) 447M->204M(976M) 4.598ms
[127.144s][info][gc,cpu         ] GC(220) User=0.09s Sys=0.00s Real=0.01s
[128.324s][info][gc,start       ] GC(221) Pause Young (Allocation Failure)
[128.327s][info][gc,heap        ] GC(221) PSYoungGen: 260906K->3368K(304640K)
[128.327s][info][gc,heap        ] GC(221) PSOldGen: 203685K->204384K(699392K)
[128.327s][info][gc,metaspace   ] GC(221) Metaspace: 141705K(154960K)->141705K(154960K) NonClass: 122962K(129712K)->122962K(129712K) Class: 18743K(25248K)->18743K(25248K)
[128.327s][info][gc             ] GC(221) Pause Young (Allocation Failure) 453M->202M(980M) 3.098ms
[128.327s][info][gc,cpu         ] GC(221) User=0.00s Sys=0.00s Real=0.00s
[129.586s][info][gc,start       ] GC(222) Pause Young (Allocation Failure)
[129.589s][info][gc,heap        ] GC(222) PSYoungGen: 262952K->2199K(304128K)
[129.589s][info][gc,heap        ] GC(222) PSOldGen: 204384K->204746K(699392K)
[129.589s][info][gc,metaspace   ] GC(222) Metaspace: 141706K(154960K)->141706K(154960K) NonClass: 122963K(129712K)->122963K(129712K) Class: 18743K(25248K)->18743K(25248K)
[129.589s][info][gc             ] GC(222) Pause Young (Allocation Failure) 456M->202M(980M) 2.839ms
[129.589s][info][gc,cpu         ] GC(222) User=0.00s Sys=0.00s Real=0.00s
[130.702s][info][gc,start       ] GC(223) Pause Young (Allocation Failure)
[130.705s][info][gc,heap        ] GC(223) PSYoungGen: 261783K->5847K(307200K)
[130.705s][info][gc,heap        ] GC(223) PSOldGen: 204746K->205217K(699392K)
[130.705s][info][gc,metaspace   ] GC(223) Metaspace: 141709K(154960K)->141709K(154960K) NonClass: 122966K(129712K)->122966K(129712K) Class: 18743K(25248K)->18743K(25248K)
[130.705s][info][gc             ] GC(223) Pause Young (Allocation Failure) 455M->206M(983M) 3.635ms
[130.705s][info][gc,cpu         ] GC(223) User=0.06s Sys=0.00s Real=0.00s
[132.050s][info][gc,start       ] GC(224) Pause Young (Allocation Failure)
[132.053s][info][gc,heap        ] GC(224) PSYoungGen: 268778K->3387K(305664K)
[132.053s][info][gc,heap        ] GC(224) PSOldGen: 205217K->205650K(699392K)
[132.053s][info][gc,metaspace   ] GC(224) Metaspace: 141709K(154960K)->141709K(154960K) NonClass: 122966K(129712K)->122966K(129712K) Class: 18743K(25248K)->18743K(25248K)
[132.053s][info][gc             ] GC(224) Pause Young (Allocation Failure) 462M->204M(981M) 3.013ms
[132.053s][info][gc,cpu         ] GC(224) User=0.00s Sys=0.00s Real=0.00s
[133.219s][info][gc,start       ] GC(225) Pause Young (Allocation Failure)
[133.222s][info][gc,heap        ] GC(225) PSYoungGen: 267067K->2198K(309248K)
[133.222s][info][gc,heap        ] GC(225) PSOldGen: 205650K->206068K(699392K)
[133.222s][info][gc,metaspace   ] GC(225) Metaspace: 141709K(154960K)->141709K(154960K) NonClass: 122966K(129712K)->122966K(129712K) Class: 18743K(25248K)->18743K(25248K)
[133.222s][info][gc             ] GC(225) Pause Young (Allocation Failure) 461M->203M(985M) 2.890ms
[133.222s][info][gc,cpu         ] GC(225) User=0.00s Sys=0.00s Real=0.00s
[133.458s][info][gc,start       ] GC(226) Pause Young (System.gc())
[133.461s][info][gc,heap        ] GC(226) PSYoungGen: 165557K->1868K(308224K)
[133.461s][info][gc,heap        ] GC(226) PSOldGen: 206068K->207163K(699392K)
[133.461s][info][gc,metaspace   ] GC(226) Metaspace: 141741K(154960K)->141741K(154960K) NonClass: 122997K(129712K)->122997K(129712K) Class: 18743K(25248K)->18743K(25248K)
[133.461s][info][gc             ] GC(226) Pause Young (System.gc()) 362M->204M(984M) 3.198ms
[133.461s][info][gc,cpu         ] GC(226) User=0.00s Sys=0.00s Real=0.01s
[133.461s][info][gc,start       ] GC(227) Pause Full (System.gc())
[133.463s][info][gc,phases,start] GC(227) Phase 1: Mark live objects
[133.530s][info][gc,phases      ] GC(227) Phase 1: Mark live objects 66.932ms
[133.530s][info][gc,phases,start] GC(227) Phase 2: Compute new object addresses
[133.540s][info][gc,phases      ] GC(227) Phase 2: Compute new object addresses 10.642ms
[133.540s][info][gc,phases,start] GC(227) Phase 3: Adjust pointers
[133.579s][info][gc,phases      ] GC(227) Phase 3: Adjust pointers 38.188ms
[133.579s][info][gc,phases,start] GC(227) Phase 4: Move objects
[133.580s][info][gc,phases      ] GC(227) Phase 4: Move objects 1.599ms
[133.581s][info][gc,heap        ] GC(227) PSYoungGen: 1868K->0K(308224K)
[133.581s][info][gc,heap        ] GC(227) PSOldGen: 207163K->101436K(699392K)
[133.581s][info][gc,metaspace   ] GC(227) Metaspace: 141741K(154960K)->141741K(154960K) NonClass: 122997K(129712K)->122997K(129712K) Class: 18743K(25248K)->18743K(25248K)
[133.581s][info][gc             ] GC(227) Pause Full (System.gc()) 204M->99M(984M) 120.260ms
[133.581s][info][gc,cpu         ] GC(227) User=0.11s Sys=0.00s Real=0.12s
[133.777s][info][gc,start       ] GC(228) Pause Young (Allocation Failure)
[133.781s][info][gc,heap        ] GC(228) PSYoungGen: 268288K->13474K(312320K)
[133.781s][info][gc,heap        ] GC(228) PSOldGen: 101436K->101444K(699392K)
[133.781s][info][gc,metaspace   ] GC(228) Metaspace: 141789K(155216K)->141789K(155216K) NonClass: 123045K(129968K)->123045K(129968K) Class: 18743K(25248K)->18743K(25248K)
[133.781s][info][gc             ] GC(228) Pause Young (Allocation Failure) 361M->112M(988M) 3.917ms
[133.781s][info][gc,cpu         ] GC(228) User=0.05s Sys=0.00s Real=0.00s
[133.844s][info][gc,start       ] GC(229) Pause Young (Allocation Failure)
[133.849s][info][gc,heap        ] GC(229) PSYoungGen: 287394K->13379K(310784K)
[133.849s][info][gc,heap        ] GC(229) PSOldGen: 101444K->104830K(699392K)
[133.849s][info][gc,metaspace   ] GC(229) Metaspace: 141789K(155216K)->141789K(155216K) NonClass: 123045K(129968K)->123045K(129968K) Class: 18743K(25248K)->18743K(25248K)
[133.849s][info][gc             ] GC(229) Pause Young (Allocation Failure) 379M->115M(986M) 4.407ms
[133.849s][info][gc,cpu         ] GC(229) User=0.00s Sys=0.00s Real=0.01s
[134.020s][info][gc,start       ] GC(230) Pause Young (Allocation Failure)
[134.027s][info][gc,heap        ] GC(230) PSYoungGen: 284229K->35321K(298496K)
[134.027s][info][gc,heap        ] GC(230) PSOldGen: 104830K->107331K(699392K)
[134.027s][info][gc,metaspace   ] GC(230) Metaspace: 141791K(155216K)->141791K(155216K) NonClass: 123047K(129968K)->123047K(129968K) Class: 18743K(25248K)->18743K(25248K)
[134.027s][info][gc             ] GC(230) Pause Young (Allocation Failure) 379M->139M(974M) 6.548ms
[134.027s][info][gc,cpu         ] GC(230) User=0.00s Sys=0.00s Real=0.00s
[134.059s][info][gc,start       ] GC(231) Pause Young (Allocation Failure)
[134.066s][info][gc,heap        ] GC(231) PSYoungGen: 297118K->17180K(306176K)
[134.066s][info][gc,heap        ] GC(231) PSOldGen: 107331K->137341K(699392K)
[134.066s][info][gc,metaspace   ] GC(231) Metaspace: 141791K(155216K)->141791K(155216K) NonClass: 123047K(129968K)->123047K(129968K) Class: 18743K(25248K)->18743K(25248K)
[134.066s][info][gc             ] GC(231) Pause Young (Allocation Failure) 394M->150M(982M) 7.401ms
[134.066s][info][gc,cpu         ] GC(231) User=0.09s Sys=0.00s Real=0.01s
[134.226s][info][gc,start       ] GC(232) Pause Young (Allocation Failure)
[134.233s][info][gc,heap        ] GC(232) PSYoungGen: 280348K->37759K(295424K)
[134.233s][info][gc,heap        ] GC(232) PSOldGen: 137341K->137381K(699392K)
[134.233s][info][gc,metaspace   ] GC(232) Metaspace: 141792K(155216K)->141792K(155216K) NonClass: 123048K(129968K)->123048K(129968K) Class: 18743K(25248K)->18743K(25248K)
[134.233s][info][gc             ] GC(232) Pause Young (Allocation Failure) 407M->171M(971M) 6.834ms
[134.233s][info][gc,cpu         ] GC(232) User=0.00s Sys=0.00s Real=0.01s
[134.281s][info][gc,start       ] GC(233) Pause Young (Allocation Failure)
[134.288s][info][gc,heap        ] GC(233) PSYoungGen: 291711K->43943K(297984K)
[134.288s][info][gc,heap        ] GC(233) PSOldGen: 137381K->139897K(699392K)
[134.288s][info][gc,metaspace   ] GC(233) Metaspace: 141792K(155216K)->141792K(155216K) NonClass: 123048K(129968K)->123048K(129968K) Class: 18743K(25248K)->18743K(25248K)
[134.288s][info][gc             ] GC(233) Pause Young (Allocation Failure) 419M->179M(974M) 7.777ms
[134.289s][info][gc,cpu         ] GC(233) User=0.02s Sys=0.00s Real=0.01s
[134.338s][info][gc,start       ] GC(234) Pause Young (Allocation Failure)
[134.342s][info][gc,heap        ] GC(234) PSYoungGen: 297895K->6200K(293888K)
[134.342s][info][gc,heap        ] GC(234) PSOldGen: 139897K->153844K(699392K)
[134.342s][info][gc,metaspace   ] GC(234) Metaspace: 141803K(155216K)->141803K(155216K) NonClass: 123059K(129968K)->123059K(129968K) Class: 18743K(25248K)->18743K(25248K)
[134.342s][info][gc             ] GC(234) Pause Young (Allocation Failure) 427M->156M(970M) 4.229ms
[134.342s][info][gc,cpu         ] GC(234) User=0.00s Sys=0.00s Real=0.00s
[134.371s][info][gc,start       ] GC(235) Pause Young (Allocation Failure)
[134.375s][info][gc,heap        ] GC(235) PSYoungGen: 248888K->8852K(295936K)
[134.375s][info][gc,heap        ] GC(235) PSOldGen: 153844K->159817K(699392K)
[134.375s][info][gc,metaspace   ] GC(235) Metaspace: 141803K(155216K)->141803K(155216K) NonClass: 123059K(129968K)->123059K(129968K) Class: 18743K(25248K)->18743K(25248K)
[134.375s][info][gc             ] GC(235) Pause Young (Allocation Failure) 393M->164M(972M) 3.383ms
[134.375s][info][gc,cpu         ] GC(235) User=0.00s Sys=0.00s Real=0.00s
[134.411s][info][gc,start       ] GC(236) Pause Young (Allocation Failure)
[134.413s][info][gc,heap        ] GC(236) PSYoungGen: 249698K->3241K(299008K)
[134.413s][info][gc,heap        ] GC(236) PSOldGen: 159817K->162729K(699392K)
[134.413s][info][gc,metaspace   ] GC(236) Metaspace: 141803K(155216K)->141803K(155216K) NonClass: 123059K(129968K)->123059K(129968K) Class: 18743K(25248K)->18743K(25248K)
[134.414s][info][gc             ] GC(236) Pause Young (Allocation Failure) 399M->162M(975M) 2.811ms
[134.414s][info][gc,cpu         ] GC(236) User=0.00s Sys=0.00s Real=0.00s
[134.646s][info][gc,start       ] GC(237) Pause Young (Allocation Failure)
[134.649s][info][gc,heap        ] GC(237) PSYoungGen: 251032K->16029K(297984K)
[134.650s][info][gc,heap        ] GC(237) PSOldGen: 162729K->163237K(699392K)
[134.650s][info][gc,metaspace   ] GC(237) Metaspace: 141805K(155216K)->141805K(155216K) NonClass: 123061K(129968K)->123061K(129968K) Class: 18743K(25248K)->18743K(25248K)
[134.650s][info][gc             ] GC(237) Pause Young (Allocation Failure) 404M->175M(974M) 3.543ms
[134.650s][info][gc,cpu         ] GC(237) User=0.00s Sys=0.00s Real=0.00s
[135.219s][info][gc,start       ] GC(238) Pause Young (Allocation Failure)
[135.224s][info][gc,heap        ] GC(238) PSYoungGen: 263837K->6525K(303616K)
[135.224s][info][gc,heap        ] GC(238) PSOldGen: 163237K->181387K(699392K)
[135.224s][info][gc,metaspace   ] GC(238) Metaspace: 141810K(155216K)->141810K(155216K) NonClass: 123066K(129968K)->123066K(129968K) Class: 18744K(25248K)->18744K(25248K)
[135.224s][info][gc             ] GC(238) Pause Young (Allocation Failure) 417M->183M(979M) 5.420ms
[135.224s][info][gc,cpu         ] GC(238) User=0.00s Sys=0.00s Real=0.01s
[136.494s][info][gc,start       ] GC(239) Pause Young (Allocation Failure)
[136.497s][info][gc,heap        ] GC(239) PSYoungGen: 263037K->3771K(302080K)
[136.497s][info][gc,heap        ] GC(239) PSOldGen: 181387K->182156K(699392K)
[136.497s][info][gc,metaspace   ] GC(239) Metaspace: 141810K(155216K)->141810K(155216K) NonClass: 123066K(129968K)->123066K(129968K) Class: 18744K(25248K)->18744K(25248K)
[136.497s][info][gc             ] GC(239) Pause Young (Allocation Failure) 434M->181M(978M) 3.025ms
[136.497s][info][gc,cpu         ] GC(239) User=0.00s Sys=0.00s Real=0.00s
[137.610s][info][gc,start       ] GC(240) Pause Young (Allocation Failure)
[137.613s][info][gc,heap        ] GC(240) PSYoungGen: 260283K->2954K(306176K)
[137.613s][info][gc,heap        ] GC(240) PSOldGen: 182156K->182530K(699392K)
[137.613s][info][gc,metaspace   ] GC(240) Metaspace: 141813K(155216K)->141813K(155216K) NonClass: 123068K(129968K)->123068K(129968K) Class: 18744K(25248K)->18744K(25248K)
[137.613s][info][gc             ] GC(240) Pause Young (Allocation Failure) 432M->181M(982M) 2.370ms
[137.613s][info][gc,cpu         ] GC(240) User=0.00s Sys=0.00s Real=0.00s
[138.832s][info][gc,start       ] GC(241) Pause Young (Allocation Failure)
[138.835s][info][gc,heap        ] GC(241) PSYoungGen: 265098K->4627K(305152K)
[138.835s][info][gc,heap        ] GC(241) PSOldGen: 182530K->182911K(699392K)
[138.835s][info][gc,metaspace   ] GC(241) Metaspace: 141815K(155216K)->141815K(155216K) NonClass: 123071K(129968K)->123071K(129968K) Class: 18744K(25248K)->18744K(25248K)
[138.835s][info][gc             ] GC(241) Pause Young (Allocation Failure) 437M->183M(981M) 3.258ms
[138.835s][info][gc,cpu         ] GC(241) User=0.00s Sys=0.00s Real=0.00s
[139.973s][info][gc,start       ] GC(242) Pause Young (Allocation Failure)
[139.976s][info][gc,heap        ] GC(242) PSYoungGen: 266771K->5686K(309760K)
[139.976s][info][gc,heap        ] GC(242) PSOldGen: 182911K->183392K(699392K)
[139.976s][info][gc,metaspace   ] GC(242) Metaspace: 141818K(155216K)->141818K(155216K) NonClass: 123073K(129968K)->123073K(129968K) Class: 18744K(25248K)->18744K(25248K)
[139.976s][info][gc             ] GC(242) Pause Young (Allocation Failure) 439M->184M(985M) 3.168ms
[139.976s][info][gc,cpu         ] GC(242) User=0.00s Sys=0.00s Real=0.00s
[141.238s][info][gc,start       ] GC(243) Pause Young (Allocation Failure)
[141.240s][info][gc,heap        ] GC(243) PSYoungGen: 273974K->3891K(307712K)
[141.240s][info][gc,heap        ] GC(243) PSOldGen: 183392K->183757K(699392K)
[141.240s][info][gc,metaspace   ] GC(243) Metaspace: 141834K(155216K)->141834K(155216K) NonClass: 123090K(129968K)->123090K(129968K) Class: 18744K(25248K)->18744K(25248K)
[141.240s][info][gc             ] GC(243) Pause Young (Allocation Failure) 446M->183M(983M) 2.893ms
[141.240s][info][gc,cpu         ] GC(243) User=0.00s Sys=0.00s Real=0.00s
[141.702s][info][gc,start       ] GC(244) Pause Young (System.gc())
[141.705s][info][gc,heap        ] GC(244) PSYoungGen: 226424K->2540K(312832K)
[141.705s][info][gc,heap        ] GC(244) PSOldGen: 183757K->184316K(699392K)
[141.705s][info][gc,metaspace   ] GC(244) Metaspace: 141869K(155216K)->141869K(155216K) NonClass: 123125K(129968K)->123125K(129968K) Class: 18744K(25248K)->18744K(25248K)
[141.705s][info][gc             ] GC(244) Pause Young (System.gc()) 400M->182M(988M) 2.893ms
[141.705s][info][gc,cpu         ] GC(244) User=0.09s Sys=0.00s Real=0.00s
[141.705s][info][gc,start       ] GC(245) Pause Full (System.gc())
[141.706s][info][gc,phases,start] GC(245) Phase 1: Mark live objects
[141.773s][info][gc,phases      ] GC(245) Phase 1: Mark live objects 67.002ms
[141.773s][info][gc,phases,start] GC(245) Phase 2: Compute new object addresses
[141.783s][info][gc,phases      ] GC(245) Phase 2: Compute new object addresses 9.787ms
[141.783s][info][gc,phases,start] GC(245) Phase 3: Adjust pointers
[141.821s][info][gc,phases      ] GC(245) Phase 3: Adjust pointers 38.250ms
[141.821s][info][gc,phases,start] GC(245) Phase 4: Move objects
[141.833s][info][gc,phases      ] GC(245) Phase 4: Move objects 11.517ms
[141.834s][info][gc,heap        ] GC(245) PSYoungGen: 2540K->0K(312832K)
[141.834s][info][gc,heap        ] GC(245) PSOldGen: 184316K->66886K(699392K)
[141.834s][info][gc,metaspace   ] GC(245) Metaspace: 141869K(155216K)->141869K(155216K) NonClass: 123125K(129968K)->123125K(129968K) Class: 18744K(25248K)->18744K(25248K)
[141.834s][info][gc             ] GC(245) Pause Full (System.gc()) 182M->65M(988M) 129.249ms
[141.834s][info][gc,cpu         ] GC(245) User=0.11s Sys=0.02s Real=0.12s
[141.983s][info][gc,start       ] GC(246) Pause Young (Allocation Failure)
[141.987s][info][gc,heap        ] GC(246) PSYoungGen: 274944K->17057K(311296K)
[141.987s][info][gc,heap        ] GC(246) PSOldGen: 66886K->66894K(699392K)
[141.987s][info][gc,metaspace   ] GC(246) Metaspace: 141933K(155216K)->141933K(155216K) NonClass: 123189K(129968K)->123189K(129968K) Class: 18744K(25248K)->18744K(25248K)
[141.987s][info][gc             ] GC(246) Pause Young (Allocation Failure) 333M->81M(987M) 4.033ms
[141.988s][info][gc,cpu         ] GC(246) User=0.02s Sys=0.00s Real=0.00s
[142.048s][info][gc,start       ] GC(247) Pause Young (Allocation Failure)
[142.054s][info][gc,heap        ] GC(247) PSYoungGen: 292001K->17254K(312832K)
[142.054s][info][gc,heap        ] GC(247) PSOldGen: 66894K->79833K(699392K)
[142.054s][info][gc,metaspace   ] GC(247) Metaspace: 141933K(155216K)->141933K(155216K) NonClass: 123189K(129968K)->123189K(129968K) Class: 18744K(25248K)->18744K(25248K)
[142.054s][info][gc             ] GC(247) Pause Young (Allocation Failure) 350M->94M(988M) 5.313ms
[142.054s][info][gc,cpu         ] GC(247) User=0.00s Sys=0.00s Real=0.01s
[142.208s][info][gc,start       ] GC(248) Pause Young (Allocation Failure)
[142.215s][info][gc,heap        ] GC(248) PSYoungGen: 293413K->36334K(312832K)
[142.216s][info][gc,heap        ] GC(248) PSOldGen: 79833K->91031K(699392K)
[142.216s][info][gc,metaspace   ] GC(248) Metaspace: 141933K(155216K)->141933K(155216K) NonClass: 123189K(129968K)->123189K(129968K) Class: 18744K(25248K)->18744K(25248K)
[142.216s][info][gc             ] GC(248) Pause Young (Allocation Failure) 364M->124M(988M) 7.528ms
[142.216s][info][gc,cpu         ] GC(248) User=0.00s Sys=0.00s Real=0.01s
[142.250s][info][gc,start       ] GC(249) Pause Young (Allocation Failure)
[142.256s][info][gc,heap        ] GC(249) PSYoungGen: 312482K->12385K(296448K)
[142.256s][info][gc,heap        ] GC(249) PSOldGen: 91031K->118138K(699392K)
[142.256s][info][gc,metaspace   ] GC(249) Metaspace: 141933K(155216K)->141933K(155216K) NonClass: 123189K(129968K)->123189K(129968K) Class: 18744K(25248K)->18744K(25248K)
[142.256s][info][gc             ] GC(249) Pause Young (Allocation Failure) 394M->127M(972M) 6.799ms
[142.256s][info][gc,cpu         ] GC(249) User=0.00s Sys=0.00s Real=0.01s
[142.414s][info][gc,start       ] GC(250) Pause Young (Allocation Failure)
[142.422s][info][gc,heap        ] GC(250) PSYoungGen: 272481K->44539K(304640K)
[142.422s][info][gc,heap        ] GC(250) PSOldGen: 118138K->122651K(699392K)
[142.422s][info][gc,metaspace   ] GC(250) Metaspace: 141933K(155216K)->141933K(155216K) NonClass: 123189K(129968K)->123189K(129968K) Class: 18744K(25248K)->18744K(25248K)
[142.422s][info][gc             ] GC(250) Pause Young (Allocation Failure) 381M->163M(980M) 7.979ms
[142.422s][info][gc,cpu         ] GC(250) User=0.09s Sys=0.00s Real=0.01s
[142.481s][info][gc,start       ] GC(251) Pause Young (Allocation Failure)
[142.485s][info][gc,heap        ] GC(251) PSYoungGen: 304530K->7523K(292352K)
[142.485s][info][gc,heap        ] GC(251) PSOldGen: 122651K->132229K(699392K)
[142.485s][info][gc,metaspace   ] GC(251) Metaspace: 141933K(155216K)->141933K(155216K) NonClass: 123189K(129968K)->123189K(129968K) Class: 18744K(25248K)->18744K(25248K)
[142.485s][info][gc             ] GC(251) Pause Young (Allocation Failure) 417M->136M(968M) 3.735ms
[142.485s][info][gc,cpu         ] GC(251) User=0.06s Sys=0.02s Real=0.01s
[142.520s][info][gc,start       ] GC(252) Pause Young (Allocation Failure)
[142.524s][info][gc,heap        ] GC(252) PSYoungGen: 255331K->14294K(298496K)
[142.525s][info][gc,heap        ] GC(252) PSOldGen: 132229K->139491K(699392K)
[142.525s][info][gc,metaspace   ] GC(252) Metaspace: 141933K(155216K)->141933K(155216K) NonClass: 123189K(129968K)->123189K(129968K) Class: 18744K(25248K)->18744K(25248K)
[142.525s][info][gc             ] GC(252) Pause Young (Allocation Failure) 378M->150M(974M) 4.159ms
[142.525s][info][gc,cpu         ] GC(252) User=0.00s Sys=0.00s Real=0.00s
[142.555s][info][gc,start       ] GC(253) Pause Young (Allocation Failure)
[142.559s][info][gc,heap        ] GC(253) PSYoungGen: 262102K->12693K(303616K)
[142.559s][info][gc,heap        ] GC(253) PSOldGen: 139491K->144203K(699392K)
[142.559s][info][gc,metaspace   ] GC(253) Metaspace: 141933K(155216K)->141933K(155216K) NonClass: 123189K(129968K)->123189K(129968K) Class: 18744K(25248K)->18744K(25248K)
[142.559s][info][gc             ] GC(253) Pause Young (Allocation Failure) 392M->153M(979M) 3.525ms
[142.559s][info][gc,cpu         ] GC(253) User=0.00s Sys=0.00s Real=0.00s
[142.722s][info][gc,start       ] GC(254) Pause Young (Allocation Failure)
[142.725s][info][gc,heap        ] GC(254) PSYoungGen: 268636K->16421K(301568K)
[142.725s][info][gc,heap        ] GC(254) PSOldGen: 144203K->144478K(699392K)
[142.725s][info][gc,metaspace   ] GC(254) Metaspace: 141933K(155216K)->141933K(155216K) NonClass: 123189K(129968K)->123189K(129968K) Class: 18744K(25248K)->18744K(25248K)
[142.726s][info][gc             ] GC(254) Pause Young (Allocation Failure) 403M->157M(977M) 3.990ms
[142.726s][info][gc,cpu         ] GC(254) User=0.00s Sys=0.00s Real=0.00s
[142.885s][info][gc,start       ] GC(255) Pause Young (Allocation Failure)
[142.888s][info][gc,heap        ] GC(255) PSYoungGen: 272421K->16009K(309248K)
[142.888s][info][gc,heap        ] GC(255) PSOldGen: 144478K->144777K(699392K)
[142.888s][info][gc,metaspace   ] GC(255) Metaspace: 141944K(155216K)->141944K(155216K) NonClass: 123200K(129968K)->123200K(129968K) Class: 18744K(25248K)->18744K(25248K)
[142.888s][info][gc             ] GC(255) Pause Young (Allocation Failure) 407M->157M(985M) 3.627ms
[142.888s][info][gc,cpu         ] GC(255) User=0.00s Sys=0.00s Real=0.02s
[143.711s][info][gc,start       ] GC(256) Pause Young (Allocation Failure)
[143.715s][info][gc,heap        ] GC(256) PSYoungGen: 282454K->1494K(306688K)
[143.715s][info][gc,heap        ] GC(256) PSOldGen: 144777K->160696K(699392K)
[143.715s][info][gc,metaspace   ] GC(256) Metaspace: 141954K(155216K)->141954K(155216K) NonClass: 123210K(129968K)->123210K(129968K) Class: 18744K(25248K)->18744K(25248K)
[143.715s][info][gc             ] GC(256) Pause Young (Allocation Failure) 417M->158M(982M) 4.707ms
[143.715s][info][gc,cpu         ] GC(256) User=0.00s Sys=0.00s Real=0.00s
[144.947s][info][gc,start       ] GC(257) Pause Young (Allocation Failure)
[144.950s][info][gc,heap        ] GC(257) PSYoungGen: 268246K->2208K(309760K)
[144.950s][info][gc,heap        ] GC(257) PSOldGen: 160696K->161388K(699392K)
[144.950s][info][gc,metaspace   ] GC(257) Metaspace: 141959K(155216K)->141959K(155216K) NonClass: 123215K(129968K)->123215K(129968K) Class: 18744K(25248K)->18744K(25248K)
[144.950s][info][gc             ] GC(257) Pause Young (Allocation Failure) 418M->159M(985M) 2.808ms
[144.950s][info][gc,cpu         ] GC(257) User=0.00s Sys=0.00s Real=0.00s
[146.126s][info][gc,start       ] GC(258) Pause Young (Allocation Failure)
[146.129s][info][gc,heap        ] GC(258) PSYoungGen: 272026K->1511K(309248K)
[146.129s][info][gc,heap        ] GC(258) PSOldGen: 161388K->161776K(699392K)
[146.129s][info][gc,metaspace   ] GC(258) Metaspace: 141959K(155216K)->141959K(155216K) NonClass: 123215K(129968K)->123215K(129968K) Class: 18744K(25248K)->18744K(25248K)
[146.129s][info][gc             ] GC(258) Pause Young (Allocation Failure) 423M->159M(985M) 2.412ms
[146.129s][info][gc,cpu         ] GC(258) User=0.00s Sys=0.00s Real=0.00s
[147.334s][info][gc,start       ] GC(259) Pause Young (Allocation Failure)
[147.337s][info][gc,heap        ] GC(259) PSYoungGen: 271335K->3470K(311296K)
[147.337s][info][gc,heap        ] GC(259) PSOldGen: 161776K->162160K(699392K)
[147.337s][info][gc,metaspace   ] GC(259) Metaspace: 141959K(155216K)->141959K(155216K) NonClass: 123215K(129968K)->123215K(129968K) Class: 18744K(25248K)->18744K(25248K)
[147.337s][info][gc             ] GC(259) Pause Young (Allocation Failure) 422M->161M(987M) 3.309ms
[147.337s][info][gc,cpu         ] GC(259) User=0.00s Sys=0.00s Real=0.00s
[148.699s][info][gc,start       ] GC(260) Pause Young (GCLocker Initiated GC)
[148.703s][info][gc,heap        ] GC(260) PSYoungGen: 275854K->9060K(310272K)
[148.703s][info][gc,heap        ] GC(260) PSOldGen: 162166K->162599K(699392K)
[148.703s][info][gc,metaspace   ] GC(260) Metaspace: 141959K(155216K)->141959K(155216K) NonClass: 123215K(129968K)->123215K(129968K) Class: 18744K(25248K)->18744K(25248K)
[148.703s][info][gc             ] GC(260) Pause Young (GCLocker Initiated GC) 427M->167M(986M) 3.783ms
[148.703s][info][gc,cpu         ] GC(260) User=0.00s Sys=0.00s Real=0.01s
[149.693s][info][gc,start       ] GC(261) Pause Young (Allocation Failure)
[149.696s][info][gc,heap        ] GC(261) PSYoungGen: 281444K->2909K(314880K)
[149.696s][info][gc,heap        ] GC(261) PSOldGen: 162612K->164309K(699392K)
[149.696s][info][gc,metaspace   ] GC(261) Metaspace: 141970K(155216K)->141970K(155216K) NonClass: 123223K(129968K)->123223K(129968K) Class: 18747K(25248K)->18747K(25248K)
[149.696s][info][gc             ] GC(261) Pause Young (Allocation Failure) 433M->163M(990M) 3.167ms
[149.696s][info][gc,cpu         ] GC(261) User=0.00s Sys=0.00s Real=0.00s
[149.848s][info][gc,start       ] GC(262) Pause Young (System.gc())
[149.851s][info][gc,heap        ] GC(262) PSYoungGen: 110899K->780K(313856K)
[149.851s][info][gc,heap        ] GC(262) PSOldGen: 164309K->166410K(699392K)
[149.851s][info][gc,metaspace   ] GC(262) Metaspace: 141996K(155216K)->141996K(155216K) NonClass: 123248K(129968K)->123248K(129968K) Class: 18748K(25248K)->18748K(25248K)
[149.851s][info][gc             ] GC(262) Pause Young (System.gc()) 268M->163M(989M) 3.082ms
[149.851s][info][gc,cpu         ] GC(262) User=0.00s Sys=0.00s Real=0.00s
[149.851s][info][gc,start       ] GC(263) Pause Full (System.gc())
[149.853s][info][gc,phases,start] GC(263) Phase 1: Mark live objects
[149.947s][info][gc,phases      ] GC(263) Phase 1: Mark live objects 93.654ms
[149.947s][info][gc,phases,start] GC(263) Phase 2: Compute new object addresses
[149.957s][info][gc,phases      ] GC(263) Phase 2: Compute new object addresses 10.018ms
[149.957s][info][gc,phases,start] GC(263) Phase 3: Adjust pointers
[149.994s][info][gc,phases      ] GC(263) Phase 3: Adjust pointers 36.697ms
[149.994s][info][gc,phases,start] GC(263) Phase 4: Move objects
[149.995s][info][gc,phases      ] GC(263) Phase 4: Move objects 0.894ms
[149.996s][info][gc,heap        ] GC(263) PSYoungGen: 780K->0K(313856K)
[149.996s][info][gc,heap        ] GC(263) PSOldGen: 166410K->98107K(699392K)
[149.996s][info][gc,metaspace   ] GC(263) Metaspace: 141996K(155216K)->141991K(155216K) NonClass: 123248K(129968K)->123245K(129968K) Class: 18748K(25248K)->18746K(25248K)
[149.996s][info][gc             ] GC(263) Pause Full (System.gc()) 163M->95M(989M) 144.942ms
[149.996s][info][gc,cpu         ] GC(263) User=0.19s Sys=0.00s Real=0.13s
[150.151s][info][gc,start       ] GC(264) Pause Young (Allocation Failure)
[150.155s][info][gc,heap        ] GC(264) PSYoungGen: 279552K->16977K(314368K)
[150.155s][info][gc,heap        ] GC(264) PSOldGen: 98107K->98115K(699392K)
[150.155s][info][gc,metaspace   ] GC(264) Metaspace: 142033K(155216K)->142033K(155216K) NonClass: 123287K(129968K)->123287K(129968K) Class: 18746K(25248K)->18746K(25248K)
[150.155s][info][gc             ] GC(264) Pause Young (Allocation Failure) 368M->112M(990M) 3.883ms
[150.155s][info][gc,cpu         ] GC(264) User=0.00s Sys=0.00s Real=0.00s
[150.214s][info][gc,start       ] GC(265) Pause Young (Allocation Failure)
[150.220s][info][gc,heap        ] GC(265) PSYoungGen: 297553K->19110K(300032K)
[150.220s][info][gc,heap        ] GC(265) PSOldGen: 98115K->111056K(699392K)
[150.220s][info][gc,metaspace   ] GC(265) Metaspace: 142033K(155216K)->142033K(155216K) NonClass: 123287K(129968K)->123287K(129968K) Class: 18746K(25248K)->18746K(25248K)
[150.220s][info][gc             ] GC(265) Pause Young (Allocation Failure) 386M->127M(976M) 5.281ms
[150.220s][info][gc,cpu         ] GC(265) User=0.09s Sys=0.00s Real=0.01s
[150.373s][info][gc,start       ] GC(266) Pause Young (Allocation Failure)
[150.381s][info][gc,heap        ] GC(266) PSYoungGen: 296477K->35285K(300544K)
[150.381s][info][gc,heap        ] GC(266) PSOldGen: 111056K->125910K(699392K)
[150.381s][info][gc,metaspace   ] GC(266) Metaspace: 142037K(155216K)->142037K(155216K) NonClass: 123291K(129968K)->123291K(129968K) Class: 18746K(25248K)->18746K(25248K)
[150.381s][info][gc             ] GC(266) Pause Young (Allocation Failure) 397M->157M(976M) 7.783ms
[150.381s][info][gc,cpu         ] GC(266) User=0.09s Sys=0.00s Real=0.01s
[150.413s][info][gc,start       ] GC(267) Pause Young (Allocation Failure)
[150.420s][info][gc,heap        ] GC(267) PSYoungGen: 296696K->25782K(291328K)
[150.420s][info][gc,heap        ] GC(267) PSOldGen: 125910K->148352K(699392K)
[150.420s][info][gc,metaspace   ] GC(267) Metaspace: 142037K(155216K)->142037K(155216K) NonClass: 123291K(129968K)->123291K(129968K) Class: 18746K(25248K)->18746K(25248K)
[150.420s][info][gc             ] GC(267) Pause Young (Allocation Failure) 412M->170M(967M) 6.943ms
[150.420s][info][gc,cpu         ] GC(267) User=0.00s Sys=0.00s Real=0.01s
[150.580s][info][gc,start       ] GC(268) Pause Young (Allocation Failure)
[150.585s][info][gc,heap        ] GC(268) PSYoungGen: 290998K->30559K(299520K)
[150.585s][info][gc,heap        ] GC(268) PSOldGen: 148352K->148400K(699392K)
[150.585s][info][gc,metaspace   ] GC(268) Metaspace: 142040K(155216K)->142040K(155216K) NonClass: 123294K(129968K)->123294K(129968K) Class: 18746K(25248K)->18746K(25248K)
[150.585s][info][gc             ] GC(268) Pause Young (Allocation Failure) 429M->174M(975M) 5.745ms
[150.585s][info][gc,cpu         ] GC(268) User=0.00s Sys=0.00s Real=0.00s
[150.635s][info][gc,start       ] GC(269) Pause Young (Allocation Failure)
[150.639s][info][gc,heap        ] GC(269) PSYoungGen: 286559K->7370K(302592K)
[150.639s][info][gc,heap        ] GC(269) PSOldGen: 148400K->157933K(699392K)
[150.639s][info][gc,metaspace   ] GC(269) Metaspace: 142040K(155216K)->142040K(155216K) NonClass: 123294K(129968K)->123294K(129968K) Class: 18746K(25248K)->18746K(25248K)
[150.639s][info][gc             ] GC(269) Pause Young (Allocation Failure) 424M->161M(978M) 3.428ms
[150.639s][info][gc,cpu         ] GC(269) User=0.00s Sys=0.00s Real=0.00s
[150.682s][info][gc,start       ] GC(270) Pause Young (Allocation Failure)
[150.685s][info][gc,heap        ] GC(270) PSYoungGen: 263370K->5952K(305664K)
[150.685s][info][gc,heap        ] GC(270) PSOldGen: 157933K->165187K(699392K)
[150.685s][info][gc,metaspace   ] GC(270) Metaspace: 142040K(155216K)->142040K(155216K) NonClass: 123294K(129968K)->123294K(129968K) Class: 18746K(25248K)->18746K(25248K)
[150.685s][info][gc             ] GC(270) Pause Young (Allocation Failure) 411M->167M(981M) 3.648ms
[150.685s][info][gc,cpu         ] GC(270) User=0.00s Sys=0.00s Real=0.00s
[150.716s][info][gc,start       ] GC(271) Pause Young (Allocation Failure)
[150.720s][info][gc,heap        ] GC(271) PSYoungGen: 266560K->12790K(304128K)
[150.720s][info][gc,heap        ] GC(271) PSOldGen: 165187K->170109K(699392K)
[150.720s][info][gc,metaspace   ] GC(271) Metaspace: 142040K(155216K)->142040K(155216K) NonClass: 123294K(129968K)->123294K(129968K) Class: 18746K(25248K)->18746K(25248K)
[150.720s][info][gc             ] GC(271) Pause Young (Allocation Failure) 421M->178M(980M) 3.784ms
[150.720s][info][gc,cpu         ] GC(271) User=0.06s Sys=0.00s Real=0.00s
[150.887s][info][gc,start       ] GC(272) Pause Young (Allocation Failure)
[150.892s][info][gc,heap        ] GC(272) PSYoungGen: 273398K->25672K(305152K)
[150.892s][info][gc,heap        ] GC(272) PSOldGen: 170109K->170306K(699392K)
[150.892s][info][gc,metaspace   ] GC(272) Metaspace: 142040K(155216K)->142040K(155216K) NonClass: 123294K(129968K)->123294K(129968K) Class: 18746K(25248K)->18746K(25248K)
[150.892s][info][gc             ] GC(272) Pause Young (Allocation Failure) 433M->191M(981M) 5.082ms
[150.892s][info][gc,cpu         ] GC(272) User=0.09s Sys=0.00s Real=0.01s
[151.070s][info][gc,start       ] GC(273) Pause Young (Allocation Failure)
[151.074s][info][gc,heap        ] GC(273) PSYoungGen: 289864K->16025K(306688K)
[151.074s][info][gc,heap        ] GC(273) PSOldGen: 170306K->170777K(699392K)
[151.074s][info][gc,metaspace   ] GC(273) Metaspace: 142040K(155216K)->142040K(155216K) NonClass: 123294K(129968K)->123294K(129968K) Class: 18746K(25248K)->18746K(25248K)
[151.074s][info][gc             ] GC(273) Pause Young (Allocation Failure) 449M->182M(982M) 3.896ms
[151.074s][info][gc,cpu         ] GC(273) User=0.00s Sys=0.00s Real=0.00s
[152.018s][info][gc,start       ] GC(274) Pause Young (Allocation Failure)
[152.021s][info][gc,heap        ] GC(274) PSYoungGen: 279891K->874K(308224K)
[152.022s][info][gc,heap        ] GC(274) PSOldGen: 170777K->186699K(699392K)
[152.022s][info][gc,metaspace   ] GC(274) Metaspace: 142040K(155216K)->142040K(155216K) NonClass: 123294K(129968K)->123294K(129968K) Class: 18746K(25248K)->18746K(25248K)
[152.022s][info][gc             ] GC(274) Pause Young (Allocation Failure) 440M->183M(984M) 3.497ms
[152.022s][info][gc,cpu         ] GC(274) User=0.00s Sys=0.00s Real=0.01s
[153.234s][info][gc,start       ] GC(275) Pause Young (Allocation Failure)
[153.237s][info][gc,heap        ] GC(275) PSYoungGen: 269162K->2230K(308736K)
[153.237s][info][gc,heap        ] GC(275) PSOldGen: 186699K->187342K(699392K)
[153.237s][info][gc,metaspace   ] GC(275) Metaspace: 142040K(155216K)->142040K(155216K) NonClass: 123294K(129968K)->123294K(129968K) Class: 18746K(25248K)->18746K(25248K)
[153.237s][info][gc             ] GC(275) Pause Young (Allocation Failure) 445M->185M(984M) 2.625ms
[153.237s][info][gc,cpu         ] GC(275) User=0.00s Sys=0.00s Real=0.00s
[154.588s][info][gc,start       ] GC(276) Pause Young (Allocation Failure)
[154.591s][info][gc,heap        ] GC(276) PSYoungGen: 270518K->7256K(311296K)
[154.591s][info][gc,heap        ] GC(276) PSOldGen: 187342K->187714K(699392K)
[154.591s][info][gc,metaspace   ] GC(276) Metaspace: 142047K(155216K)->142047K(155216K) NonClass: 123301K(129968K)->123301K(129968K) Class: 18746K(25248K)->18746K(25248K)
[154.591s][info][gc             ] GC(276) Pause Young (Allocation Failure) 447M->190M(987M) 3.527ms
[154.591s][info][gc,cpu         ] GC(276) User=0.00s Sys=0.00s Real=0.00s
[155.829s][info][gc,start       ] GC(277) Pause Young (Allocation Failure)
[155.832s][info][gc,heap        ] GC(277) PSYoungGen: 277349K->638K(309760K)
[155.832s][info][gc,heap        ] GC(277) PSOldGen: 187714K->188182K(699392K)
[155.832s][info][gc,metaspace   ] GC(277) Metaspace: 142116K(155472K)->142116K(155472K) NonClass: 123370K(130224K)->123370K(130224K) Class: 18746K(25248K)->18746K(25248K)
[155.832s][info][gc             ] GC(277) Pause Young (Allocation Failure) 454M->184M(985M) 2.216ms
[155.832s][info][gc,cpu         ] GC(277) User=0.00s Sys=0.00s Real=0.00s
[157.071s][info][gc,start       ] GC(278) Pause Young (Allocation Failure)
[157.073s][info][gc,heap        ] GC(278) PSYoungGen: 272510K->2913K(312832K)
[157.073s][info][gc,heap        ] GC(278) PSOldGen: 188182K->188637K(699392K)
[157.073s][info][gc,metaspace   ] GC(278) Metaspace: 142116K(155472K)->142116K(155472K) NonClass: 123370K(130224K)->123370K(130224K) Class: 18746K(25248K)->18746K(25248K)
[157.073s][info][gc             ] GC(278) Pause Young (Allocation Failure) 449M->187M(988M) 2.624ms
[157.073s][info][gc,cpu         ] GC(278) User=0.00s Sys=0.00s Real=0.00s
[157.973s][info][gc,start       ] GC(279) Pause Young (Allocation Failure)
[157.976s][info][gc,heap        ] GC(279) PSYoungGen: 278369K->3482K(311808K)
[157.976s][info][gc,heap        ] GC(279) PSOldGen: 188637K->189003K(699392K)
[157.976s][info][gc,metaspace   ] GC(279) Metaspace: 142117K(155472K)->142117K(155472K) NonClass: 123370K(130224K)->123370K(130224K) Class: 18746K(25248K)->18746K(25248K)
[157.976s][info][gc             ] GC(279) Pause Young (Allocation Failure) 456M->187M(987M) 3.357ms
[157.976s][info][gc,cpu         ] GC(279) User=0.00s Sys=0.00s Real=0.00s
[158.091s][info][gc,start       ] GC(280) Pause Young (System.gc())
[158.094s][info][gc,heap        ] GC(280) PSYoungGen: 81131K->352K(315392K)
[158.094s][info][gc,heap        ] GC(280) PSOldGen: 189003K->191511K(699392K)
[158.094s][info][gc,metaspace   ] GC(280) Metaspace: 142179K(155472K)->142179K(155472K) NonClass: 123432K(130224K)->123432K(130224K) Class: 18746K(25248K)->18746K(25248K)
[158.094s][info][gc             ] GC(280) Pause Young (System.gc()) 263M->187M(991M) 2.904ms
[158.094s][info][gc,cpu         ] GC(280) User=0.09s Sys=0.00s Real=0.00s
[158.094s][info][gc,start       ] GC(281) Pause Full (System.gc())
[158.096s][info][gc,phases,start] GC(281) Phase 1: Mark live objects
[158.163s][info][gc,phases      ] GC(281) Phase 1: Mark live objects 67.188ms
[158.163s][info][gc,phases,start] GC(281) Phase 2: Compute new object addresses
[158.173s][info][gc,phases      ] GC(281) Phase 2: Compute new object addresses 10.102ms
[158.173s][info][gc,phases,start] GC(281) Phase 3: Adjust pointers
[158.211s][info][gc,phases      ] GC(281) Phase 3: Adjust pointers 37.482ms
[158.211s][info][gc,phases,start] GC(281) Phase 4: Move objects
[158.212s][info][gc,phases      ] GC(281) Phase 4: Move objects 0.908ms
[158.213s][info][gc,heap        ] GC(281) PSYoungGen: 352K->0K(315392K)
[158.213s][info][gc,heap        ] GC(281) PSOldGen: 191511K->102331K(699392K)
[158.213s][info][gc,metaspace   ] GC(281) Metaspace: 142179K(155472K)->142179K(155472K) NonClass: 123432K(130224K)->123432K(130224K) Class: 18746K(25248K)->18746K(25248K)
[158.213s][info][gc             ] GC(281) Pause Full (System.gc()) 187M->99M(991M) 118.504ms
[158.213s][info][gc,cpu         ] GC(281) User=0.11s Sys=0.00s Real=0.12s
[158.352s][info][gc,start       ] GC(282) Pause Young (Allocation Failure)
[158.356s][info][gc,heap        ] GC(282) PSYoungGen: 280576K->17025K(314368K)
[158.356s][info][gc,heap        ] GC(282) PSOldGen: 102331K->102339K(699392K)
[158.356s][info][gc,metaspace   ] GC(282) Metaspace: 142251K(155472K)->142251K(155472K) NonClass: 123503K(130224K)->123503K(130224K) Class: 18747K(25248K)->18747K(25248K)
[158.356s][info][gc             ] GC(282) Pause Young (Allocation Failure) 373M->116M(990M) 3.915ms
[158.356s][info][gc,cpu         ] GC(282) User=0.00s Sys=0.00s Real=0.00s
[158.415s][info][gc,start       ] GC(283) Pause Young (Allocation Failure)
[158.420s][info][gc,heap        ] GC(283) PSYoungGen: 297601K->19142K(312832K)
[158.420s][info][gc,heap        ] GC(283) PSOldGen: 102339K->115289K(699392K)
[158.420s][info][gc,metaspace   ] GC(283) Metaspace: 142251K(155472K)->142251K(155472K) NonClass: 123503K(130224K)->123503K(130224K) Class: 18747K(25248K)->18747K(25248K)
[158.420s][info][gc             ] GC(283) Pause Young (Allocation Failure) 390M->131M(988M) 5.354ms
[158.420s][info][gc,cpu         ] GC(283) User=0.00s Sys=0.00s Real=0.00s
[158.573s][info][gc,start       ] GC(284) Pause Young (Allocation Failure)
[158.580s][info][gc,heap        ] GC(284) PSYoungGen: 297652K->29871K(308736K)
[158.580s][info][gc,heap        ] GC(284) PSOldGen: 115289K->127408K(699392K)
[158.580s][info][gc,metaspace   ] GC(284) Metaspace: 142251K(155472K)->142251K(155472K) NonClass: 123503K(130224K)->123503K(130224K) Class: 18747K(25248K)->18747K(25248K)
[158.580s][info][gc             ] GC(284) Pause Young (Allocation Failure) 403M->153M(984M) 6.849ms
[158.580s][info][gc,cpu         ] GC(284) User=0.09s Sys=0.00s Real=0.00s
[158.614s][info][gc,start       ] GC(285) Pause Young (Allocation Failure)
[158.621s][info][gc,heap        ] GC(285) PSYoungGen: 305361K->16194K(310272K)
[158.621s][info][gc,heap        ] GC(285) PSOldGen: 127408K->152591K(699392K)
[158.621s][info][gc,metaspace   ] GC(285) Metaspace: 142251K(155472K)->142251K(155472K) NonClass: 123503K(130224K)->123503K(130224K) Class: 18747K(25248K)->18747K(25248K)
[158.621s][info][gc             ] GC(285) Pause Young (Allocation Failure) 422M->164M(986M) 6.733ms
[158.621s][info][gc,cpu         ] GC(285) User=0.00s Sys=0.00s Real=0.01s
[158.781s][info][gc,start       ] GC(286) Pause Young (Allocation Failure)
[158.787s][info][gc,heap        ] GC(286) PSYoungGen: 286018K->33260K(303104K)
[158.787s][info][gc,heap        ] GC(286) PSOldGen: 152591K->152623K(699392K)
[158.787s][info][gc,metaspace   ] GC(286) Metaspace: 142251K(155472K)->142251K(155472K) NonClass: 123503K(130224K)->123503K(130224K) Class: 18747K(25248K)->18747K(25248K)
[158.787s][info][gc             ] GC(286) Pause Young (Allocation Failure) 428M->181M(979M) 6.220ms
[158.787s][info][gc,cpu         ] GC(286) User=0.00s Sys=0.00s Real=0.01s
[158.851s][info][gc,start       ] GC(287) Pause Young (Allocation Failure)
[158.857s][info][gc,heap        ] GC(287) PSYoungGen: 302276K->29447K(300032K)
[158.857s][info][gc,heap        ] GC(287) PSOldGen: 152623K->162148K(699392K)
[158.857s][info][gc,metaspace   ] GC(287) Metaspace: 142251K(155472K)->142251K(155472K) NonClass: 123503K(130224K)->123503K(130224K) Class: 18747K(25248K)->18747K(25248K)
[158.857s][info][gc             ] GC(287) Pause Young (Allocation Failure) 444M->187M(976M) 5.939ms
[158.857s][info][gc,cpu         ] GC(287) User=0.00s Sys=0.00s Real=0.01s
[158.888s][info][gc,start       ] GC(288) Pause Young (Allocation Failure)
[158.893s][info][gc,heap        ] GC(288) PSYoungGen: 282376K->18689K(302592K)
[158.893s][info][gc,heap        ] GC(288) PSOldGen: 162148K->170210K(699392K)
[158.893s][info][gc,metaspace   ] GC(288) Metaspace: 142251K(155472K)->142251K(155472K) NonClass: 123503K(130224K)->123503K(130224K) Class: 18747K(25248K)->18747K(25248K)
[158.893s][info][gc             ] GC(288) Pause Young (Allocation Failure) 434M->184M(978M) 4.421ms
[158.893s][info][gc,cpu         ] GC(288) User=0.09s Sys=0.00s Real=0.00s
[158.924s][info][gc,start       ] GC(289) Pause Young (Allocation Failure)
[158.928s][info][gc,heap        ] GC(289) PSYoungGen: 274689K->12579K(307200K)
[158.928s][info][gc,heap        ] GC(289) PSOldGen: 170210K->175090K(699392K)
[158.928s][info][gc,metaspace   ] GC(289) Metaspace: 142251K(155472K)->142251K(155472K) NonClass: 123503K(130224K)->123503K(130224K) Class: 18747K(25248K)->18747K(25248K)
[158.928s][info][gc             ] GC(289) Pause Young (Allocation Failure) 434M->183M(983M) 3.759ms
[158.928s][info][gc,cpu         ] GC(289) User=0.00s Sys=0.00s Real=0.00s
[159.098s][info][gc,start       ] GC(290) Pause Young (Allocation Failure)
[159.103s][info][gc,heap        ] GC(290) PSYoungGen: 275747K->29289K(292864K)
[159.103s][info][gc,heap        ] GC(290) PSOldGen: 175090K->175286K(699392K)
[159.103s][info][gc,metaspace   ] GC(290) Metaspace: 142259K(155472K)->142259K(155472K) NonClass: 123511K(130224K)->123511K(130224K) Class: 18747K(25248K)->18747K(25248K)
[159.103s][info][gc             ] GC(290) Pause Young (Allocation Failure) 440M->199M(969M) 5.672ms
[159.103s][info][gc,cpu         ] GC(290) User=0.00s Sys=0.00s Real=0.01s
[159.295s][info][gc,start       ] GC(291) Pause Young (Allocation Failure)
[159.299s][info][gc,heap        ] GC(291) PSYoungGen: 292457K->11610K(306176K)
[159.299s][info][gc,heap        ] GC(291) PSOldGen: 175286K->180429K(699392K)
[159.299s][info][gc,metaspace   ] GC(291) Metaspace: 142259K(155472K)->142259K(155472K) NonClass: 123511K(130224K)->123511K(130224K) Class: 18747K(25248K)->18747K(25248K)
[159.299s][info][gc             ] GC(291) Pause Young (Allocation Failure) 456M->187M(982M) 3.877ms
[159.299s][info][gc,cpu         ] GC(291) User=0.08s Sys=0.00s Real=0.01s
[160.257s][info][gc,start       ] GC(292) Pause Young (Allocation Failure)
[160.262s][info][gc,heap        ] GC(292) PSYoungGen: 273242K->6875K(304640K)
[160.262s][info][gc,heap        ] GC(292) PSOldGen: 180429K->191791K(699392K)
[160.262s][info][gc,metaspace   ] GC(292) Metaspace: 142270K(155472K)->142270K(155472K) NonClass: 123522K(130224K)->123522K(130224K) Class: 18747K(25248K)->18747K(25248K)
[160.262s][info][gc             ] GC(292) Pause Young (Allocation Failure) 443M->194M(980M) 4.718ms
[160.262s][info][gc,cpu         ] GC(292) User=0.00s Sys=0.00s Real=0.00s
[161.572s][info][gc,start       ] GC(293) Pause Young (Allocation Failure)
[161.574s][info][gc,heap        ] GC(293) PSYoungGen: 268507K->519K(307200K)
[161.574s][info][gc,heap        ] GC(293) PSOldGen: 191791K->192506K(699392K)
[161.574s][info][gc,metaspace   ] GC(293) Metaspace: 142270K(155472K)->142270K(155472K) NonClass: 123522K(130224K)->123522K(130224K) Class: 18747K(25248K)->18747K(25248K)
[161.574s][info][gc             ] GC(293) Pause Young (Allocation Failure) 449M->188M(983M) 2.125ms
[161.574s][info][gc,cpu         ] GC(293) User=0.00s Sys=0.00s Real=0.00s
[162.780s][info][gc,start       ] GC(294) Pause Young (Allocation Failure)
[162.783s][info][gc,heap        ] GC(294) PSYoungGen: 265735K->1217K(307200K)
[162.783s][info][gc,heap        ] GC(294) PSOldGen: 192506K->192906K(699392K)
[162.783s][info][gc,metaspace   ] GC(294) Metaspace: 142270K(155472K)->142270K(155472K) NonClass: 123522K(130224K)->123522K(130224K) Class: 18747K(25248K)->18747K(25248K)
[162.783s][info][gc             ] GC(294) Pause Young (Allocation Failure) 447M->189M(983M) 2.677ms
[162.783s][info][gc,cpu         ] GC(294) User=0.02s Sys=0.00s Real=0.00s
[163.943s][info][gc,start       ] GC(295) Pause Young (Allocation Failure)
[163.946s][info][gc,heap        ] GC(295) PSYoungGen: 266433K->2294K(308736K)
[163.946s][info][gc,heap        ] GC(295) PSOldGen: 192906K->193222K(699392K)
[163.946s][info][gc,metaspace   ] GC(295) Metaspace: 142270K(155472K)->142270K(155472K) NonClass: 123522K(130224K)->123522K(130224K) Class: 18747K(25248K)->18747K(25248K)
[163.946s][info][gc             ] GC(295) Pause Young (Allocation Failure) 448M->190M(984M) 2.747ms
[163.946s][info][gc,cpu         ] GC(295) User=0.00s Sys=0.00s Real=0.00s
[165.084s][info][gc,start       ] GC(296) Pause Young (GCLocker Initiated GC)
[165.087s][info][gc,heap        ] GC(296) PSYoungGen: 268662K->5212K(307712K)
[165.087s][info][gc,heap        ] GC(296) PSOldGen: 194246K->194677K(699392K)
[165.087s][info][gc,metaspace   ] GC(296) Metaspace: 142271K(155472K)->142271K(155472K) NonClass: 123523K(130224K)->123523K(130224K) Class: 18747K(25248K)->18747K(25248K)
[165.087s][info][gc             ] GC(296) Pause Young (GCLocker Initiated GC) 452M->195M(983M) 2.889ms
[165.087s][info][gc,cpu         ] GC(296) User=0.00s Sys=0.00s Real=0.00s
[165.965s][info][gc,start       ] GC(297) Pause Young (Allocation Failure)
[165.968s][info][gc,heap        ] GC(297) PSYoungGen: 272476K->3424K(311808K)
[165.968s][info][gc,heap        ] GC(297) PSOldGen: 194679K->195037K(699392K)
[165.968s][info][gc,metaspace   ] GC(297) Metaspace: 142272K(155472K)->142272K(155472K) NonClass: 123524K(130224K)->123524K(130224K) Class: 18747K(25248K)->18747K(25248K)
[165.968s][info][gc             ] GC(297) Pause Young (Allocation Failure) 456M->193M(987M) 2.730ms
[165.968s][info][gc,cpu         ] GC(297) User=0.00s Sys=0.00s Real=0.00s
[166.093s][info][gc,start       ] GC(298) Pause Young (System.gc())
[166.096s][info][gc,heap        ] GC(298) PSYoungGen: 80085K->416K(310272K)
[166.096s][info][gc,heap        ] GC(298) PSOldGen: 195037K->197549K(699392K)
[166.096s][info][gc,metaspace   ] GC(298) Metaspace: 142326K(155472K)->142326K(155472K) NonClass: 123578K(130224K)->123578K(130224K) Class: 18747K(25248K)->18747K(25248K)
[166.096s][info][gc             ] GC(298) Pause Young (System.gc()) 268M->193M(986M) 3.233ms
[166.096s][info][gc,cpu         ] GC(298) User=0.03s Sys=0.00s Real=0.00s
[166.096s][info][gc,start       ] GC(299) Pause Full (System.gc())
[166.099s][info][gc,phases,start] GC(299) Phase 1: Mark live objects
[166.168s][info][gc,phases      ] GC(299) Phase 1: Mark live objects 68.977ms
[166.168s][info][gc,phases,start] GC(299) Phase 2: Compute new object addresses
[166.178s][info][gc,phases      ] GC(299) Phase 2: Compute new object addresses 10.185ms
[166.178s][info][gc,phases,start] GC(299) Phase 3: Adjust pointers
[166.216s][info][gc,phases      ] GC(299) Phase 3: Adjust pointers 37.639ms
[166.216s][info][gc,phases,start] GC(299) Phase 4: Move objects
[166.217s][info][gc,phases      ] GC(299) Phase 4: Move objects 1.641ms
[166.218s][info][gc,heap        ] GC(299) PSYoungGen: 416K->0K(310272K)
[166.218s][info][gc,heap        ] GC(299) PSOldGen: 197549K->102701K(699392K)
[166.218s][info][gc,metaspace   ] GC(299) Metaspace: 142326K(155472K)->142326K(155472K) NonClass: 123578K(130224K)->123578K(130224K) Class: 18747K(25248K)->18747K(25248K)
[166.218s][info][gc             ] GC(299) Pause Full (System.gc()) 193M->100M(986M) 122.201ms
[166.218s][info][gc,cpu         ] GC(299) User=0.11s Sys=0.00s Real=0.12s
[166.391s][info][gc,start       ] GC(300) Pause Young (Allocation Failure)
[166.395s][info][gc,heap        ] GC(300) PSYoungGen: 272896K->15267K(313344K)
[166.395s][info][gc,heap        ] GC(300) PSOldGen: 102701K->102701K(699392K)
[166.395s][info][gc,metaspace   ] GC(300) Metaspace: 142394K(155472K)->142394K(155472K) NonClass: 123636K(130224K)->123636K(130224K) Class: 18757K(25248K)->18757K(25248K)
[166.395s][info][gc             ] GC(300) Pause Young (Allocation Failure) 366M->115M(989M) 4.339ms
[166.395s][info][gc,cpu         ] GC(300) User=0.00s Sys=0.00s Real=0.01s
[166.463s][info][gc,start       ] GC(301) Pause Young (Allocation Failure)
[166.467s][info][gc,heap        ] GC(301) PSYoungGen: 292259K->14821K(312832K)
[166.467s][info][gc,heap        ] GC(301) PSOldGen: 102701K->110321K(699392K)
[166.467s][info][gc,metaspace   ] GC(301) Metaspace: 142394K(155472K)->142394K(155472K) NonClass: 123636K(130224K)->123636K(130224K) Class: 18757K(25248K)->18757K(25248K)
[166.467s][info][gc             ] GC(301) Pause Young (Allocation Failure) 385M->122M(988M) 4.555ms
[166.467s][info][gc,cpu         ] GC(301) User=0.00s Sys=0.00s Real=0.01s
[166.636s][info][gc,start       ] GC(302) Pause Young (Allocation Failure)
[166.644s][info][gc,heap        ] GC(302) PSYoungGen: 291762K->35319K(290304K)
[166.644s][info][gc,heap        ] GC(302) PSOldGen: 110321K->124639K(699392K)
[166.644s][info][gc,metaspace   ] GC(302) Metaspace: 142394K(155472K)->142394K(155472K) NonClass: 123636K(130224K)->123636K(130224K) Class: 18757K(25248K)->18757K(25248K)
[166.644s][info][gc             ] GC(302) Pause Young (Allocation Failure) 392M->156M(966M) 7.560ms
[166.644s][info][gc,cpu         ] GC(302) User=0.09s Sys=0.00s Real=0.01s
[166.675s][info][gc,start       ] GC(303) Pause Young (Allocation Failure)
[166.681s][info][gc,heap        ] GC(303) PSYoungGen: 289199K->13233K(302080K)
[166.681s][info][gc,heap        ] GC(303) PSOldGen: 124639K->150213K(699392K)
[166.681s][info][gc,metaspace   ] GC(303) Metaspace: 142395K(155472K)->142395K(155472K) NonClass: 123638K(130224K)->123638K(130224K) Class: 18757K(25248K)->18757K(25248K)
[166.681s][info][gc             ] GC(303) Pause Young (Allocation Failure) 404M->159M(978M) 6.430ms
[166.681s][info][gc,cpu         ] GC(303) User=0.00s Sys=0.00s Real=0.01s
[166.840s][info][gc,start       ] GC(304) Pause Young (Allocation Failure)
[166.846s][info][gc,heap        ] GC(304) PSYoungGen: 268209K->32274K(297984K)
[166.846s][info][gc,heap        ] GC(304) PSOldGen: 150213K->150402K(699392K)
[166.846s][info][gc,metaspace   ] GC(304) Metaspace: 142395K(155472K)->142395K(155472K) NonClass: 123638K(130224K)->123638K(130224K) Class: 18757K(25248K)->18757K(25248K)
[166.846s][info][gc             ] GC(304) Pause Young (Allocation Failure) 408M->178M(974M) 6.089ms
[166.846s][info][gc,cpu         ] GC(304) User=0.06s Sys=0.00s Real=0.00s
[166.891s][info][gc,start       ] GC(305) Pause Young (Allocation Failure)
[166.897s][info][gc,heap        ] GC(305) PSYoungGen: 286226K->32404K(286720K)
[166.897s][info][gc,heap        ] GC(305) PSOldGen: 150402K->152129K(699392K)
[166.897s][info][gc,metaspace   ] GC(305) Metaspace: 142395K(155472K)->142395K(155472K) NonClass: 123638K(130224K)->123638K(130224K) Class: 18757K(25248K)->18757K(25248K)
[166.897s][info][gc             ] GC(305) Pause Young (Allocation Failure) 426M->180M(963M) 5.966ms
[166.897s][info][gc,cpu         ] GC(305) User=0.00s Sys=0.00s Real=0.01s
[166.943s][info][gc,start       ] GC(306) Pause Young (Allocation Failure)
[166.947s][info][gc,heap        ] GC(306) PSYoungGen: 285968K->6095K(300032K)
[166.947s][info][gc,heap        ] GC(306) PSOldGen: 152129K->166811K(699392K)
[166.947s][info][gc,metaspace   ] GC(306) Metaspace: 142395K(155472K)->142395K(155472K) NonClass: 123638K(130224K)->123638K(130224K) Class: 18757K(25248K)->18757K(25248K)
[166.947s][info][gc             ] GC(306) Pause Young (Allocation Failure) 427M->168M(976M) 4.211ms
[166.947s][info][gc,cpu         ] GC(306) User=0.00s Sys=0.00s Real=0.00s
[166.978s][info][gc,start       ] GC(307) Pause Young (Allocation Failure)
[166.981s][info][gc,heap        ] GC(307) PSYoungGen: 255439K->8886K(298496K)
[166.981s][info][gc,heap        ] GC(307) PSOldGen: 166811K->172771K(699392K)
[166.981s][info][gc,metaspace   ] GC(307) Metaspace: 142395K(155472K)->142395K(155472K) NonClass: 123638K(130224K)->123638K(130224K) Class: 18757K(25248K)->18757K(25248K)
[166.981s][info][gc             ] GC(307) Pause Young (Allocation Failure) 412M->177M(974M) 3.592ms
[166.981s][info][gc,cpu         ] GC(307) User=0.00s Sys=0.00s Real=0.00s
[167.070s][info][gc,start       ] GC(308) Pause Young (Allocation Failure)
[167.073s][info][gc,heap        ] GC(308) PSYoungGen: 257510K->440K(302080K)
[167.073s][info][gc,heap        ] GC(308) PSOldGen: 172771K->172857K(699392K)
[167.073s][info][gc,metaspace   ] GC(308) Metaspace: 142395K(155472K)->142395K(155472K) NonClass: 123638K(130224K)->123638K(130224K) Class: 18757K(25248K)->18757K(25248K)
[167.073s][info][gc             ] GC(308) Pause Young (Allocation Failure) 420M->169M(978M) 2.575ms
[167.073s][info][gc,cpu         ] GC(308) User=0.00s Sys=0.00s Real=0.00s
[167.259s][info][gc,start       ] GC(309) Pause Young (Allocation Failure)
[167.262s][info][gc,heap        ] GC(309) PSYoungGen: 254904K->16009K(301568K)
[167.263s][info][gc,heap        ] GC(309) PSOldGen: 172857K->173373K(699392K)
[167.263s][info][gc,metaspace   ] GC(309) Metaspace: 142395K(155472K)->142395K(155472K) NonClass: 123638K(130224K)->123638K(130224K) Class: 18757K(25248K)->18757K(25248K)
[167.263s][info][gc             ] GC(309) Pause Young (Allocation Failure) 417M->184M(977M) 3.405ms
[167.263s][info][gc,cpu         ] GC(309) User=0.00s Sys=0.00s Real=0.00s
[167.884s][info][gc,start       ] GC(310) Pause Young (GCLocker Initiated GC)
[167.889s][info][gc,heap        ] GC(310) PSYoungGen: 270473K->3985K(306176K)
[167.889s][info][gc,heap        ] GC(310) PSOldGen: 173374K->189992K(699392K)
[167.889s][info][gc,metaspace   ] GC(310) Metaspace: 142395K(155472K)->142395K(155472K) NonClass: 123638K(130224K)->123638K(130224K) Class: 18757K(25248K)->18757K(25248K)
[167.889s][info][gc             ] GC(310) Pause Young (GCLocker Initiated GC) 433M->189M(982M) 5.157ms
[167.889s][info][gc,cpu         ] GC(310) User=0.00s Sys=0.00s Real=0.00s
[169.134s][info][gc,start       ] GC(311) Pause Young (Allocation Failure)
[169.138s][info][gc,heap        ] GC(311) PSYoungGen: 265617K->3663K(304640K)
[169.138s][info][gc,heap        ] GC(311) PSOldGen: 190573K->191302K(699392K)
[169.138s][info][gc,metaspace   ] GC(311) Metaspace: 142412K(155472K)->142412K(155472K) NonClass: 123655K(130224K)->123655K(130224K) Class: 18757K(25248K)->18757K(25248K)
[169.138s][info][gc             ] GC(311) Pause Young (Allocation Failure) 445M->190M(980M) 3.915ms
[169.138s][info][gc,cpu         ] GC(311) User=0.00s Sys=0.00s Real=0.00s
[170.750s][info][gc,start       ] GC(312) Pause Young (GCLocker Initiated GC)
[170.754s][info][gc,heap        ] GC(312) PSYoungGen: 265281K->4384K(308736K)
[170.754s][info][gc,heap        ] GC(312) PSOldGen: 191329K->191741K(699392K)
[170.754s][info][gc,metaspace   ] GC(312) Metaspace: 142413K(155472K)->142413K(155472K) NonClass: 123656K(130224K)->123656K(130224K) Class: 18757K(25248K)->18757K(25248K)
[170.754s][info][gc             ] GC(312) Pause Young (GCLocker Initiated GC) 445M->191M(984M) 3.594ms
[170.754s][info][gc,cpu         ] GC(312) User=0.00s Sys=0.00s Real=0.00s
[172.315s][info][gc,start       ] GC(313) Pause Young (Allocation Failure)
[172.317s][info][gc,heap        ] GC(313) PSYoungGen: 271136K->568K(307200K)
[172.317s][info][gc,heap        ] GC(313) PSOldGen: 198999K->199422K(699392K)
[172.317s][info][gc,metaspace   ] GC(313) Metaspace: 142415K(155472K)->142415K(155472K) NonClass: 123657K(130224K)->123657K(130224K) Class: 18757K(25248K)->18757K(25248K)
[172.317s][info][gc             ] GC(313) Pause Young (Allocation Failure) 459M->195M(983M) 2.418ms
[172.317s][info][gc,cpu         ] GC(313) User=0.00s Sys=0.00s Real=0.00s
[173.556s][info][gc,start       ] GC(314) Pause Young (Allocation Failure)
[173.562s][info][gc,heap        ] GC(314) PSYoungGen: 267320K->1376K(311296K)
[173.562s][info][gc,heap        ] GC(314) PSOldGen: 199422K->199847K(699392K)
[173.562s][info][gc,metaspace   ] GC(314) Metaspace: 142415K(155472K)->142415K(155472K) NonClass: 123657K(130224K)->123657K(130224K) Class: 18757K(25248K)->18757K(25248K)
[173.562s][info][gc             ] GC(314) Pause Young (Allocation Failure) 455M->196M(987M) 5.600ms
[173.562s][info][gc,cpu         ] GC(314) User=0.00s Sys=0.00s Real=0.01s
[174.797s][info][gc,start       ] GC(315) Pause Young (Allocation Failure)
[174.800s][info][gc,heap        ] GC(315) PSYoungGen: 269414K->734K(309760K)
[174.800s][info][gc,heap        ] GC(315) PSOldGen: 199847K->200257K(699392K)
[174.800s][info][gc,metaspace   ] GC(315) Metaspace: 142421K(155728K)->142421K(155728K) NonClass: 123663K(130480K)->123663K(130480K) Class: 18757K(25248K)->18757K(25248K)
[174.800s][info][gc             ] GC(315) Pause Young (Allocation Failure) 458M->196M(985M) 2.259ms
[174.800s][info][gc,cpu         ] GC(315) User=0.00s Sys=0.00s Real=0.00s
[175.088s][info][gc,start       ] GC(316) Pause Young (System.gc())
[175.091s][info][gc,heap        ] GC(316) PSYoungGen: 177264K->2430K(314368K)
[175.091s][info][gc,heap        ] GC(316) PSOldGen: 200257K->200727K(699392K)
[175.091s][info][gc,metaspace   ] GC(316) Metaspace: 142464K(155728K)->142464K(155728K) NonClass: 123704K(130480K)->123704K(130480K) Class: 18760K(25248K)->18760K(25248K)
[175.091s][info][gc             ] GC(316) Pause Young (System.gc()) 368M->198M(990M) 2.724ms
[175.091s][info][gc,cpu         ] GC(316) User=0.00s Sys=0.00s Real=0.01s
[175.091s][info][gc,start       ] GC(317) Pause Full (System.gc())
[175.094s][info][gc,phases,start] GC(317) Phase 1: Mark live objects
[175.166s][info][gc,phases      ] GC(317) Phase 1: Mark live objects 72.386ms
[175.166s][info][gc,phases,start] GC(317) Phase 2: Compute new object addresses
[175.177s][info][gc,phases      ] GC(317) Phase 2: Compute new object addresses 10.690ms
[175.177s][info][gc,phases,start] GC(317) Phase 3: Adjust pointers
[175.217s][info][gc,phases      ] GC(317) Phase 3: Adjust pointers 40.383ms
[175.217s][info][gc,phases,start] GC(317) Phase 4: Move objects
[175.227s][info][gc,phases      ] GC(317) Phase 4: Move objects 9.855ms
[175.228s][info][gc,heap        ] GC(317) PSYoungGen: 2430K->0K(314368K)
[175.228s][info][gc,heap        ] GC(317) PSOldGen: 200727K->68374K(699392K)
[175.228s][info][gc,metaspace   ] GC(317) Metaspace: 142464K(155728K)->142464K(155728K) NonClass: 123704K(130480K)->123704K(130480K) Class: 18760K(25248K)->18760K(25248K)
[175.228s][info][gc             ] GC(317) Pause Full (System.gc()) 198M->66M(990M) 136.945ms
[175.228s][info][gc,cpu         ] GC(317) User=0.16s Sys=0.00s Real=0.13s
[175.404s][info][gc,start       ] GC(318) Pause Young (Allocation Failure)
[175.408s][info][gc,heap        ] GC(318) PSYoungGen: 277504K->17025K(312320K)
[175.408s][info][gc,heap        ] GC(318) PSOldGen: 68374K->68374K(699392K)
[175.408s][info][gc,metaspace   ] GC(318) Metaspace: 142489K(155728K)->142489K(155728K) NonClass: 123728K(130480K)->123728K(130480K) Class: 18760K(25248K)->18760K(25248K)
[175.408s][info][gc             ] GC(318) Pause Young (Allocation Failure) 337M->83M(988M) 4.058ms
[175.408s][info][gc,cpu         ] GC(318) User=0.08s Sys=0.00s Real=0.00s
[175.488s][info][gc,start       ] GC(319) Pause Young (Allocation Failure)
[175.495s][info][gc,heap        ] GC(319) PSYoungGen: 294529K->17574K(312320K)
[175.495s][info][gc,heap        ] GC(319) PSOldGen: 68374K->81359K(699392K)
[175.495s][info][gc,metaspace   ] GC(319) Metaspace: 142489K(155728K)->142489K(155728K) NonClass: 123728K(130480K)->123728K(130480K) Class: 18760K(25248K)->18760K(25248K)
[175.495s][info][gc             ] GC(319) Pause Young (Allocation Failure) 354M->96M(988M) 6.521ms
[175.495s][info][gc,cpu         ] GC(319) User=0.00s Sys=0.00s Real=0.01s
[175.741s][info][gc,start       ] GC(320) Pause Young (Allocation Failure)
[175.750s][info][gc,heap        ] GC(320) PSYoungGen: 293186K->36323K(312832K)
[175.750s][info][gc,heap        ] GC(320) PSOldGen: 81359K->91568K(699392K)
[175.750s][info][gc,metaspace   ] GC(320) Metaspace: 142489K(155728K)->142489K(155728K) NonClass: 123728K(130480K)->123728K(130480K) Class: 18760K(25248K)->18760K(25248K)
[175.750s][info][gc             ] GC(320) Pause Young (Allocation Failure) 365M->124M(988M) 9.753ms
[175.750s][info][gc,cpu         ] GC(320) User=0.06s Sys=0.00s Real=0.01s
[175.830s][info][gc,start       ] GC(321) Pause Young (Allocation Failure)
[175.847s][info][gc,heap        ] GC(321) PSYoungGen: 311054K->14749K(297472K)
[175.847s][info][gc,heap        ] GC(321) PSOldGen: 91568K->117758K(699392K)
[175.847s][info][gc,metaspace   ] GC(321) Metaspace: 142489K(155728K)->142489K(155728K) NonClass: 123728K(130480K)->123728K(130480K) Class: 18760K(25248K)->18760K(25248K)
[175.847s][info][gc             ] GC(321) Pause Young (Allocation Failure) 393M->129M(973M) 17.108ms
[175.847s][info][gc,cpu         ] GC(321) User=0.00s Sys=0.00s Real=0.02s
[176.170s][info][gc,start       ] GC(322) Pause Young (Allocation Failure)
[176.177s][info][gc,heap        ] GC(322) PSYoungGen: 275433K->34007K(295424K)
[176.177s][info][gc,heap        ] GC(322) PSOldGen: 117758K->119674K(699392K)
[176.177s][info][gc,metaspace   ] GC(322) Metaspace: 142489K(155728K)->142489K(155728K) NonClass: 123728K(130480K)->123728K(130480K) Class: 18760K(25248K)->18760K(25248K)
[176.177s][info][gc             ] GC(322) Pause Young (Allocation Failure) 383M->150M(971M) 7.151ms
[176.177s][info][gc,cpu         ] GC(322) User=0.06s Sys=0.00s Real=0.01s
[176.249s][info][gc,start       ] GC(323) Pause Young (Allocation Failure)
[176.253s][info][gc,heap        ] GC(323) PSYoungGen: 295127K->9745K(302592K)
[176.253s][info][gc,heap        ] GC(323) PSOldGen: 119674K->126872K(699392K)
[176.253s][info][gc,metaspace   ] GC(323) Metaspace: 142489K(155728K)->142489K(155728K) NonClass: 123728K(130480K)->123728K(130480K) Class: 18760K(25248K)->18760K(25248K)
[176.253s][info][gc             ] GC(323) Pause Young (Allocation Failure) 405M->133M(978M) 3.783ms
[176.253s][info][gc,cpu         ] GC(323) User=0.02s Sys=0.00s Real=0.02s
[176.292s][info][gc,start       ] GC(324) Pause Young (Allocation Failure)
[176.297s][info][gc,heap        ] GC(324) PSYoungGen: 263208K->23185K(300544K)
[176.297s][info][gc,heap        ] GC(324) PSOldGen: 126872K->136477K(699392K)
[176.297s][info][gc,metaspace   ] GC(324) Metaspace: 142490K(155728K)->142490K(155728K) NonClass: 123729K(130480K)->123729K(130480K) Class: 18760K(25248K)->18760K(25248K)
[176.297s][info][gc             ] GC(324) Pause Young (Allocation Failure) 380M->155M(976M) 5.370ms
[176.297s][info][gc,cpu         ] GC(324) User=0.05s Sys=0.02s Real=0.01s
[176.334s][info][gc,start       ] GC(325) Pause Young (GCLocker Initiated GC)
[176.338s][info][gc,heap        ] GC(325) PSYoungGen: 275661K->12427K(305152K)
[176.338s][info][gc,heap        ] GC(325) PSOldGen: 140573K->145457K(699392K)
[176.338s][info][gc,metaspace   ] GC(325) Metaspace: 142490K(155728K)->142490K(155728K) NonClass: 123729K(130480K)->123729K(130480K) Class: 18760K(25248K)->18760K(25248K)
[176.338s][info][gc             ] GC(325) Pause Young (GCLocker Initiated GC) 406M->154M(981M) 4.112ms
[176.338s][info][gc,cpu         ] GC(325) User=0.00s Sys=0.00s Real=0.01s
[176.534s][info][gc,start       ] GC(326) Pause Young (Allocation Failure)
[176.539s][info][gc,heap        ] GC(326) PSYoungGen: 270987K->22505K(302592K)
[176.539s][info][gc,heap        ] GC(326) PSOldGen: 146738K->146934K(699392K)
[176.539s][info][gc,metaspace   ] GC(326) Metaspace: 142490K(155728K)->142490K(155728K) NonClass: 123729K(130480K)->123729K(130480K) Class: 18760K(25248K)->18760K(25248K)
[176.539s][info][gc             ] GC(326) Pause Young (Allocation Failure) 407M->165M(978M) 5.229ms
[176.539s][info][gc,cpu         ] GC(326) User=0.00s Sys=0.00s Real=0.01s
[176.702s][info][gc,start       ] GC(327) Pause Young (Allocation Failure)
[176.706s][info][gc,heap        ] GC(327) PSYoungGen: 280987K->16147K(308224K)
[176.706s][info][gc,heap        ] GC(327) PSOldGen: 146934K->147476K(699392K)
[176.706s][info][gc,metaspace   ] GC(327) Metaspace: 142490K(155728K)->142490K(155728K) NonClass: 123729K(130480K)->123729K(130480K) Class: 18760K(25248K)->18760K(25248K)
[176.706s][info][gc             ] GC(327) Pause Young (Allocation Failure) 417M->159M(984M) 3.599ms
[176.706s][info][gc,cpu         ] GC(327) User=0.02s Sys=0.00s Real=0.00s
[177.705s][info][gc,start       ] GC(328) Pause Young (Allocation Failure)
[177.710s][info][gc,heap        ] GC(328) PSYoungGen: 280851K->1848K(305664K)
[177.710s][info][gc,heap        ] GC(328) PSOldGen: 147476K->163414K(699392K)
[177.710s][info][gc,metaspace   ] GC(328) Metaspace: 142502K(155728K)->142502K(155728K) NonClass: 123741K(130480K)->123741K(130480K) Class: 18760K(25248K)->18760K(25248K)
[177.710s][info][gc             ] GC(328) Pause Young (Allocation Failure) 418M->161M(981M) 5.538ms
[177.710s][info][gc,cpu         ] GC(328) User=0.00s Sys=0.00s Real=0.00s
[179.122s][info][gc,start       ] GC(329) Pause Young (Allocation Failure)
[179.126s][info][gc,heap        ] GC(329) PSYoungGen: 266552K->2615K(308736K)
[179.126s][info][gc,heap        ] GC(329) PSOldGen: 163414K->164073K(699392K)
[179.126s][info][gc,metaspace   ] GC(329) Metaspace: 142508K(155728K)->142508K(155728K) NonClass: 123747K(130480K)->123747K(130480K) Class: 18760K(25248K)->18760K(25248K)
[179.126s][info][gc             ] GC(329) Pause Young (Allocation Failure) 419M->162M(984M) 4.175ms
[179.126s][info][gc,cpu         ] GC(329) User=0.05s Sys=0.00s Real=0.00s
[180.448s][info][gc,start       ] GC(330) Pause Young (Allocation Failure)
[180.450s][info][gc,heap        ] GC(330) PSYoungGen: 270391K->1393K(308224K)
[180.450s][info][gc,heap        ] GC(330) PSOldGen: 164073K->164438K(699392K)
[180.450s][info][gc,metaspace   ] GC(330) Metaspace: 142508K(155728K)->142508K(155728K) NonClass: 123747K(130480K)->123747K(130480K) Class: 18760K(25248K)->18760K(25248K)
[180.450s][info][gc             ] GC(330) Pause Young (Allocation Failure) 424M->161M(984M) 2.890ms
[180.451s][info][gc,cpu         ] GC(330) User=0.00s Sys=0.00s Real=0.00s
[181.713s][info][gc,start       ] GC(331) Pause Young (Allocation Failure)
[181.716s][info][gc,heap        ] GC(331) PSYoungGen: 269169K->4620K(310784K)
[181.716s][info][gc,heap        ] GC(331) PSOldGen: 164438K->164859K(699392K)
[181.716s][info][gc,metaspace   ] GC(331) Metaspace: 142522K(155728K)->142522K(155728K) NonClass: 123761K(130480K)->123761K(130480K) Class: 18760K(25248K)->18760K(25248K)
[181.716s][info][gc             ] GC(331) Pause Young (Allocation Failure) 423M->165M(986M) 3.418ms
[181.716s][info][gc,cpu         ] GC(331) User=0.00s Sys=0.00s Real=0.00s
[183.118s][info][gc,start       ] GC(332) Pause Young (Allocation Failure)
[183.122s][info][gc,heap        ] GC(332) PSYoungGen: 275468K->1377K(309248K)
[183.122s][info][gc,heap        ] GC(332) PSOldGen: 164859K->165252K(699392K)
[183.122s][info][gc,metaspace   ] GC(332) Metaspace: 142522K(155728K)->142522K(155728K) NonClass: 123761K(130480K)->123761K(130480K) Class: 18760K(25248K)->18760K(25248K)
[183.122s][info][gc             ] GC(332) Pause Young (Allocation Failure) 430M->162M(985M) 4.288ms
[183.122s][info][gc,cpu         ] GC(332) User=0.00s Sys=0.00s Real=0.00s
[184.153s][info][gc,start       ] GC(333) Pause Young (Allocation Failure)
[184.157s][info][gc,heap        ] GC(333) PSYoungGen: 272225K->2773K(312832K)
[184.157s][info][gc,heap        ] GC(333) PSOldGen: 165252K->165695K(699392K)
[184.157s][info][gc,metaspace   ] GC(333) Metaspace: 142522K(155728K)->142522K(155728K) NonClass: 123761K(130480K)->123761K(130480K) Class: 18760K(25248K)->18760K(25248K)
[184.157s][info][gc             ] GC(333) Pause Young (Allocation Failure) 427M->164M(988M) 3.815ms
[184.157s][info][gc,cpu         ] GC(333) User=0.08s Sys=0.00s Real=0.00s
[184.304s][info][gc,start       ] GC(334) Pause Young (System.gc())
[184.307s][info][gc,heap        ] GC(334) PSYoungGen: 100419K->620K(311808K)
[184.307s][info][gc,heap        ] GC(334) PSOldGen: 165695K->167936K(699392K)
[184.307s][info][gc,metaspace   ] GC(334) Metaspace: 142569K(155728K)->142569K(155728K) NonClass: 123808K(130480K)->123808K(130480K) Class: 18760K(25248K)->18760K(25248K)
[184.307s][info][gc             ] GC(334) Pause Young (System.gc()) 259M->164M(987M) 2.901ms
[184.307s][info][gc,cpu         ] GC(334) User=0.00s Sys=0.00s Real=0.00s
[184.307s][info][gc,start       ] GC(335) Pause Full (System.gc())
[184.309s][info][gc,phases,start] GC(335) Phase 1: Mark live objects
[184.383s][info][gc,phases      ] GC(335) Phase 1: Mark live objects 73.221ms
[184.383s][info][gc,phases,start] GC(335) Phase 2: Compute new object addresses
[184.394s][info][gc,phases      ] GC(335) Phase 2: Compute new object addresses 11.086ms
[184.394s][info][gc,phases,start] GC(335) Phase 3: Adjust pointers
[184.431s][info][gc,phases      ] GC(335) Phase 3: Adjust pointers 37.720ms
[184.432s][info][gc,phases,start] GC(335) Phase 4: Move objects
[184.432s][info][gc,phases      ] GC(335) Phase 4: Move objects 0.879ms
[184.433s][info][gc,heap        ] GC(335) PSYoungGen: 620K->0K(311808K)
[184.433s][info][gc,heap        ] GC(335) PSOldGen: 167936K->103587K(699392K)
[184.433s][info][gc,metaspace   ] GC(335) Metaspace: 142569K(155728K)->142569K(155728K) NonClass: 123808K(130480K)->123808K(130480K) Class: 18760K(25248K)->18760K(25248K)
[184.433s][info][gc             ] GC(335) Pause Full (System.gc()) 164M->101M(987M) 126.070ms
[184.433s][info][gc,cpu         ] GC(335) User=0.09s Sys=0.03s Real=0.11s
[184.604s][info][gc,start       ] GC(336) Pause Young (Allocation Failure)
[184.609s][info][gc,heap        ] GC(336) PSYoungGen: 275456K->15777K(313856K)
[184.609s][info][gc,heap        ] GC(336) PSOldGen: 103587K->103587K(699392K)
[184.609s][info][gc,metaspace   ] GC(336) Metaspace: 142620K(155728K)->142620K(155728K) NonClass: 123859K(130480K)->123859K(130480K) Class: 18760K(25248K)->18760K(25248K)
[184.609s][info][gc             ] GC(336) Pause Young (Allocation Failure) 370M->116M(989M) 4.973ms
[184.609s][info][gc,cpu         ] GC(336) User=0.05s Sys=0.00s Real=0.00s
[184.683s][info][gc,start       ] GC(337) Pause Young (Allocation Failure)
[184.686s][info][gc,heap        ] GC(337) PSYoungGen: 294305K->9731K(313856K)
[184.686s][info][gc,heap        ] GC(337) PSOldGen: 103587K->109310K(699392K)
[184.686s][info][gc,metaspace   ] GC(337) Metaspace: 142620K(155728K)->142620K(155728K) NonClass: 123859K(130480K)->123859K(130480K) Class: 18760K(25248K)->18760K(25248K)
[184.686s][info][gc             ] GC(337) Pause Young (Allocation Failure) 388M->116M(989M) 3.584ms
[184.686s][info][gc,cpu         ] GC(337) User=0.00s Sys=0.00s Real=0.00s
[184.847s][info][gc,start       ] GC(338) Pause Young (Allocation Failure)
[184.854s][info][gc,heap        ] GC(338) PSYoungGen: 287694K->32738K(294912K)
[184.854s][info][gc,heap        ] GC(338) PSOldGen: 109310K->121547K(699392K)
[184.854s][info][gc,metaspace   ] GC(338) Metaspace: 142620K(155728K)->142620K(155728K) NonClass: 123859K(130480K)->123859K(130480K) Class: 18760K(25248K)->18760K(25248K)
[184.854s][info][gc             ] GC(338) Pause Young (Allocation Failure) 387M->150M(971M) 7.025ms
[184.854s][info][gc,cpu         ] GC(338) User=0.00s Sys=0.00s Real=0.01s
[184.887s][info][gc,start       ] GC(339) Pause Young (Allocation Failure)
[184.893s][info][gc,heap        ] GC(339) PSYoungGen: 294882K->17415K(305664K)
[184.893s][info][gc,heap        ] GC(339) PSOldGen: 121547K->141722K(699392K)
[184.893s][info][gc,metaspace   ] GC(339) Metaspace: 142620K(155728K)->142620K(155728K) NonClass: 123859K(130480K)->123859K(130480K) Class: 18760K(25248K)->18760K(25248K)
[184.893s][info][gc             ] GC(339) Pause Young (Allocation Failure) 406M->155M(981M) 5.895ms
[184.893s][info][gc,cpu         ] GC(339) User=0.09s Sys=0.00s Real=0.01s
[185.090s][info][gc,start       ] GC(340) Pause Young (Allocation Failure)
[185.096s][info][gc,heap        ] GC(340) PSYoungGen: 279559K->33572K(297984K)
[185.096s][info][gc,heap        ] GC(340) PSOldGen: 141722K->141762K(699392K)
[185.096s][info][gc,metaspace   ] GC(340) Metaspace: 142620K(155728K)->142620K(155728K) NonClass: 123859K(130480K)->123859K(130480K) Class: 18760K(25248K)->18760K(25248K)
[185.096s][info][gc             ] GC(340) Pause Young (Allocation Failure) 411M->171M(974M) 6.128ms
[185.096s][info][gc,cpu         ] GC(340) User=0.08s Sys=0.00s Real=0.01s
[185.145s][info][gc,start       ] GC(341) Pause Young (Allocation Failure)
[185.149s][info][gc,heap        ] GC(341) PSYoungGen: 289572K->12282K(302592K)
[185.149s][info][gc,heap        ] GC(341) PSOldGen: 141762K->149747K(699392K)
[185.149s][info][gc,metaspace   ] GC(341) Metaspace: 142620K(155728K)->142620K(155728K) NonClass: 123859K(130480K)->123859K(130480K) Class: 18760K(25248K)->18760K(25248K)
[185.149s][info][gc             ] GC(341) Pause Young (Allocation Failure) 421M->158M(978M) 4.073ms
[185.149s][info][gc,cpu         ] GC(341) User=0.00s Sys=0.00s Real=0.00s
[185.198s][info][gc,start       ] GC(342) Pause Young (Allocation Failure)
[185.203s][info][gc,heap        ] GC(342) PSYoungGen: 268282K->14548K(307712K)
[185.203s][info][gc,heap        ] GC(342) PSOldGen: 149747K->158367K(699392K)
[185.203s][info][gc,metaspace   ] GC(342) Metaspace: 142620K(155728K)->142620K(155728K) NonClass: 123859K(130480K)->123859K(130480K) Class: 18760K(25248K)->18760K(25248K)
[185.203s][info][gc             ] GC(342) Pause Young (Allocation Failure) 408M->168M(983M) 5.380ms
[185.203s][info][gc,cpu         ] GC(342) User=0.02s Sys=0.00s Real=0.00s
[185.249s][info][gc,start       ] GC(343) Pause Young (Allocation Failure)
[185.252s][info][gc,heap        ] GC(343) PSYoungGen: 274352K->8565K(305152K)
[185.252s][info][gc,heap        ] GC(343) PSOldGen: 158367K->163407K(699392K)
[185.252s][info][gc,metaspace   ] GC(343) Metaspace: 142620K(155728K)->142620K(155728K) NonClass: 123859K(130480K)->123859K(130480K) Class: 18760K(25248K)->18760K(25248K)
[185.252s][info][gc             ] GC(343) Pause Young (Allocation Failure) 422M->167M(981M) 3.420ms
[185.252s][info][gc,cpu         ] GC(343) User=0.08s Sys=0.00s Real=0.00s
[185.458s][info][gc,start       ] GC(344) Pause Young (Allocation Failure)
[185.462s][info][gc,heap        ] GC(344) PSYoungGen: 272245K->19390K(309760K)
[185.462s][info][gc,heap        ] GC(344) PSOldGen: 163407K->163455K(699392K)
[185.462s][info][gc,metaspace   ] GC(344) Metaspace: 142620K(155728K)->142620K(155728K) NonClass: 123859K(130480K)->123859K(130480K) Class: 18760K(25248K)->18760K(25248K)
[185.462s][info][gc             ] GC(344) Pause Young (Allocation Failure) 425M->178M(985M) 4.272ms
[185.462s][info][gc,cpu         ] GC(344) User=0.00s Sys=0.00s Real=0.00s
[185.644s][info][gc,start       ] GC(345) Pause Young (Allocation Failure)
[185.649s][info][gc,heap        ] GC(345) PSYoungGen: 289214K->14466K(309248K)
[185.649s][info][gc,heap        ] GC(345) PSOldGen: 163455K->165161K(699392K)
[185.649s][info][gc,metaspace   ] GC(345) Metaspace: 142620K(155728K)->142620K(155728K) NonClass: 123859K(130480K)->123859K(130480K) Class: 18760K(25248K)->18760K(25248K)
[185.649s][info][gc             ] GC(345) Pause Young (Allocation Failure) 442M->175M(985M) 4.462ms
[185.649s][info][gc,cpu         ] GC(345) User=0.00s Sys=0.00s Real=0.01s
[186.750s][info][gc,start       ] GC(346) Pause Young (Allocation Failure)
[186.753s][info][gc,heap        ] GC(346) PSYoungGen: 282244K->939K(312320K)
[186.753s][info][gc,heap        ] GC(346) PSOldGen: 165161K->179496K(699392K)
[186.753s][info][gc,metaspace   ] GC(346) Metaspace: 142620K(155728K)->142620K(155728K) NonClass: 123859K(130480K)->123859K(130480K) Class: 18760K(25248K)->18760K(25248K)
[186.753s][info][gc             ] GC(346) Pause Young (Allocation Failure) 436M->176M(988M) 3.830ms
[186.753s][info][gc,cpu         ] GC(346) User=0.00s Sys=0.00s Real=0.00s
[188.185s][info][gc,start       ] GC(347) Pause Young (Allocation Failure)
[188.189s][info][gc,heap        ] GC(347) PSYoungGen: 276395K->2040K(312320K)
[188.189s][info][gc,heap        ] GC(347) PSOldGen: 179496K->180215K(699392K)
[188.189s][info][gc,metaspace   ] GC(347) Metaspace: 142623K(155728K)->142623K(155728K) NonClass: 123862K(130480K)->123862K(130480K) Class: 18760K(25248K)->18760K(25248K)
[188.189s][info][gc             ] GC(347) Pause Young (Allocation Failure) 445M->177M(988M) 3.228ms
[188.189s][info][gc,cpu         ] GC(347) User=0.08s Sys=0.00s Real=0.00s
[189.554s][info][gc,start       ] GC(348) Pause Young (Allocation Failure)
[189.557s][info][gc,heap        ] GC(348) PSYoungGen: 277496K->1616K(312832K)
[189.557s][info][gc,heap        ] GC(348) PSOldGen: 180215K->180581K(699392K)
[189.557s][info][gc,metaspace   ] GC(348) Metaspace: 142623K(155728K)->142623K(155728K) NonClass: 123862K(130480K)->123862K(130480K) Class: 18760K(25248K)->18760K(25248K)
[189.557s][info][gc             ] GC(348) Pause Young (Allocation Failure) 446M->177M(988M) 2.758ms
[189.557s][info][gc,cpu         ] GC(348) User=0.00s Sys=0.00s Real=0.00s
[190.805s][info][gc,start       ] GC(349) Pause Young (Allocation Failure)
[190.809s][info][gc,heap        ] GC(349) PSYoungGen: 277584K->3119K(312320K)
[190.809s][info][gc,heap        ] GC(349) PSOldGen: 180581K->181003K(699392K)
[190.809s][info][gc,metaspace   ] GC(349) Metaspace: 142623K(155728K)->142623K(155728K) NonClass: 123862K(130480K)->123862K(130480K) Class: 18760K(25248K)->18760K(25248K)
[190.809s][info][gc             ] GC(349) Pause Young (Allocation Failure) 447M->179M(988M) 4.304ms
[190.809s][info][gc,cpu         ] GC(349) User=0.00s Sys=0.00s Real=0.00s
[192.093s][info][gc,start       ] GC(350) Pause Young (Allocation Failure)
[192.095s][info][gc,heap        ] GC(350) PSYoungGen: 278299K->656K(314880K)
[192.095s][info][gc,heap        ] GC(350) PSOldGen: 181003K->181481K(699392K)
[192.095s][info][gc,metaspace   ] GC(350) Metaspace: 142623K(155728K)->142623K(155728K) NonClass: 123863K(130480K)->123863K(130480K) Class: 18760K(25248K)->18760K(25248K)
[192.095s][info][gc             ] GC(350) Pause Young (Allocation Failure) 448M->177M(990M) 2.131ms
[192.095s][info][gc,cpu         ] GC(350) User=0.00s Sys=0.00s Real=0.00s
[192.962s][info][gc,start       ] GC(351) Pause Young (Allocation Failure)
[192.967s][info][gc,heap        ] GC(351) PSYoungGen: 280720K->9844K(314368K)
[192.967s][info][gc,heap        ] GC(351) PSOldGen: 181481K->181945K(699392K)
[192.967s][info][gc,metaspace   ] GC(351) Metaspace: 142624K(155728K)->142624K(155728K) NonClass: 123864K(130480K)->123864K(130480K) Class: 18760K(25248K)->18760K(25248K)
[192.967s][info][gc             ] GC(351) Pause Young (Allocation Failure) 451M->187M(990M) 4.548ms
[192.967s][info][gc,cpu         ] GC(351) User=0.00s Sys=0.00s Real=0.00s
[193.069s][info][gc,start       ] GC(352) Pause Young (System.gc())
[193.072s][info][gc,heap        ] GC(352) PSYoungGen: 59197K->352K(317952K)
[193.072s][info][gc,heap        ] GC(352) PSOldGen: 181945K->184343K(699392K)
[193.072s][info][gc,metaspace   ] GC(352) Metaspace: 142642K(155728K)->142642K(155728K) NonClass: 123881K(130480K)->123881K(130480K) Class: 18760K(25248K)->18760K(25248K)
[193.072s][info][gc             ] GC(352) Pause Young (System.gc()) 235M->180M(993M) 2.915ms
[193.072s][info][gc,cpu         ] GC(352) User=0.00s Sys=0.00s Real=0.01s
[193.072s][info][gc,start       ] GC(353) Pause Full (System.gc())
[193.074s][info][gc,phases,start] GC(353) Phase 1: Mark live objects
[193.143s][info][gc,phases      ] GC(353) Phase 1: Mark live objects 68.908ms
[193.143s][info][gc,phases,start] GC(353) Phase 2: Compute new object addresses
[193.153s][info][gc,phases      ] GC(353) Phase 2: Compute new object addresses 10.104ms
[193.153s][info][gc,phases,start] GC(353) Phase 3: Adjust pointers
[193.191s][info][gc,phases      ] GC(353) Phase 3: Adjust pointers 37.748ms
[193.191s][info][gc,phases,start] GC(353) Phase 4: Move objects
[193.193s][info][gc,phases      ] GC(353) Phase 4: Move objects 1.562ms
[193.194s][info][gc,heap        ] GC(353) PSYoungGen: 352K->0K(317952K)
[193.194s][info][gc,heap        ] GC(353) PSOldGen: 184343K->99349K(699392K)
[193.194s][info][gc,metaspace   ] GC(353) Metaspace: 142642K(155728K)->142642K(155728K) NonClass: 123881K(130480K)->123881K(130480K) Class: 18760K(25248K)->18760K(25248K)
[193.194s][info][gc             ] GC(353) Pause Full (System.gc()) 180M->97M(993M) 121.968ms
[193.194s][info][gc,cpu         ] GC(353) User=0.16s Sys=0.00s Real=0.12s
[193.341s][info][gc,start       ] GC(354) Pause Young (Allocation Failure)
[193.345s][info][gc,heap        ] GC(354) PSYoungGen: 286208K->17056K(303616K)
[193.345s][info][gc,heap        ] GC(354) PSOldGen: 99349K->99357K(699392K)
[193.345s][info][gc,metaspace   ] GC(354) Metaspace: 142701K(155728K)->142701K(155728K) NonClass: 123940K(130480K)->123940K(130480K) Class: 18760K(25248K)->18760K(25248K)
[193.346s][info][gc             ] GC(354) Pause Young (Allocation Failure) 376M->113M(979M) 4.069ms
[193.346s][info][gc,cpu         ] GC(354) User=0.08s Sys=0.00s Real=0.01s
[193.408s][info][gc,start       ] GC(355) Pause Young (Allocation Failure)
[193.413s][info][gc,heap        ] GC(355) PSYoungGen: 303264K->19078K(314880K)
[193.413s][info][gc,heap        ] GC(355) PSOldGen: 99357K->112364K(699392K)
[193.413s][info][gc,metaspace   ] GC(355) Metaspace: 142701K(155728K)->142701K(155728K) NonClass: 123940K(130480K)->123940K(130480K) Class: 18760K(25248K)->18760K(25248K)
[193.413s][info][gc             ] GC(355) Pause Young (Allocation Failure) 393M->128M(990M) 5.380ms
[193.413s][info][gc,cpu         ] GC(355) User=0.00s Sys=0.00s Real=0.01s
[193.561s][info][gc,start       ] GC(356) Pause Young (Allocation Failure)
[193.568s][info][gc,heap        ] GC(356) PSYoungGen: 300750K->30586K(313344K)
[193.568s][info][gc,heap        ] GC(356) PSOldGen: 112364K->124475K(699392K)
[193.568s][info][gc,metaspace   ] GC(356) Metaspace: 142701K(155728K)->142701K(155728K) NonClass: 123940K(130480K)->123940K(130480K) Class: 18760K(25248K)->18760K(25248K)
[193.568s][info][gc             ] GC(356) Pause Young (Allocation Failure) 403M->151M(989M) 7.394ms
[193.568s][info][gc,cpu         ] GC(356) User=0.09s Sys=0.00s Real=0.01s
[193.603s][info][gc,start       ] GC(357) Pause Young (Allocation Failure)
[193.610s][info][gc,heap        ] GC(357) PSYoungGen: 310754K->11241K(312320K)
[193.610s][info][gc,heap        ] GC(357) PSOldGen: 124475K->150213K(699392K)
[193.610s][info][gc,metaspace   ] GC(357) Metaspace: 142701K(155728K)->142701K(155728K) NonClass: 123940K(130480K)->123940K(130480K) Class: 18760K(25248K)->18760K(25248K)
[193.610s][info][gc             ] GC(357) Pause Young (Allocation Failure) 425M->157M(988M) 6.971ms
[193.610s][info][gc,cpu         ] GC(357) User=0.05s Sys=0.00s Real=0.01s
[193.770s][info][gc,start       ] GC(358) Pause Young (Allocation Failure)
[193.777s][info][gc,heap        ] GC(358) PSYoungGen: 287721K->34576K(311296K)
[193.777s][info][gc,heap        ] GC(358) PSOldGen: 150213K->150245K(699392K)
[193.777s][info][gc,metaspace   ] GC(358) Metaspace: 142701K(155728K)->142701K(155728K) NonClass: 123940K(130480K)->123940K(130480K) Class: 18760K(25248K)->18760K(25248K)
[193.777s][info][gc             ] GC(358) Pause Young (Allocation Failure) 427M->180M(987M) 6.662ms
[193.777s][info][gc,cpu         ] GC(358) User=0.00s Sys=0.00s Real=0.01s
[193.838s][info][gc,start       ] GC(359) Pause Young (Allocation Failure)
[193.843s][info][gc,heap        ] GC(359) PSYoungGen: 308347K->17995K(306176K)
[193.843s][info][gc,heap        ] GC(359) PSOldGen: 150245K->159927K(699392K)
[193.843s][info][gc,metaspace   ] GC(359) Metaspace: 142701K(155728K)->142701K(155728K) NonClass: 123940K(130480K)->123940K(130480K) Class: 18760K(25248K)->18760K(25248K)
[193.843s][info][gc             ] GC(359) Pause Young (Allocation Failure) 447M->173M(982M) 4.570ms
[193.843s][info][gc,cpu         ] GC(359) User=0.00s Sys=0.00s Real=0.00s
[193.875s][info][gc,start       ] GC(360) Pause Young (Allocation Failure)
[193.879s][info][gc,heap        ] GC(360) PSYoungGen: 286283K->10345K(308736K)
[193.879s][info][gc,heap        ] GC(360) PSOldGen: 159927K->168993K(699392K)
[193.879s][info][gc,metaspace   ] GC(360) Metaspace: 142701K(155728K)->142701K(155728K) NonClass: 123940K(130480K)->123940K(130480K) Class: 18760K(25248K)->18760K(25248K)
[193.879s][info][gc             ] GC(360) Pause Young (Allocation Failure) 435M->175M(984M) 4.009ms
[193.879s][info][gc,cpu         ] GC(360) User=0.00s Sys=0.00s Real=0.01s
[193.913s][info][gc,start       ] GC(361) Pause Young (Allocation Failure)
[193.916s][info][gc,heap        ] GC(361) PSYoungGen: 276890K->12771K(312320K)
[193.916s][info][gc,heap        ] GC(361) PSOldGen: 168993K->173836K(699392K)
[193.916s][info][gc,metaspace   ] GC(361) Metaspace: 142701K(155728K)->142701K(155728K) NonClass: 123940K(130480K)->123940K(130480K) Class: 18760K(25248K)->18760K(25248K)
[193.916s][info][gc             ] GC(361) Pause Young (Allocation Failure) 435M->182M(988M) 3.246ms
[193.916s][info][gc,cpu         ] GC(361) User=0.00s Sys=0.00s Real=0.00s
[194.107s][info][gc,start       ] GC(362) Pause Young (GCLocker Initiated GC)
[194.111s][info][gc,heap        ] GC(362) PSYoungGen: 286179K->17730K(310272K)
[194.111s][info][gc,heap        ] GC(362) PSOldGen: 173868K->174377K(699392K)
[194.111s][info][gc,metaspace   ] GC(362) Metaspace: 142722K(155728K)->142722K(155728K) NonClass: 123961K(130480K)->123961K(130480K) Class: 18760K(25248K)->18760K(25248K)
[194.111s][info][gc             ] GC(362) Pause Young (GCLocker Initiated GC) 449M->187M(986M) 3.903ms
[194.111s][info][gc,cpu         ] GC(362) User=0.09s Sys=0.00s Real=0.00s
[194.437s][info][gc,start       ] GC(363) Pause Young (Allocation Failure)
[194.442s][info][gc,heap        ] GC(363) PSYoungGen: 291138K->8151K(314368K)
[194.442s][info][gc,heap        ] GC(363) PSOldGen: 174381K->183985K(699392K)
[194.442s][info][gc,metaspace   ] GC(363) Metaspace: 142851K(155984K)->142851K(155984K) NonClass: 124068K(130736K)->124068K(130736K) Class: 18783K(25248K)->18783K(25248K)
[194.442s][info][gc             ] GC(363) Pause Young (Allocation Failure) 454M->187M(990M) 4.933ms
[194.442s][info][gc,cpu         ] GC(363) User=0.00s Sys=0.00s Real=0.01s
[195.660s][info][gc,start       ] GC(364) Pause Young (Allocation Failure)
[195.664s][info][gc,heap        ] GC(364) PSYoungGen: 285917K->1244K(313344K)
[195.664s][info][gc,heap        ] GC(364) PSOldGen: 183985K->191100K(699392K)
[195.664s][info][gc,metaspace   ] GC(364) Metaspace: 142860K(155984K)->142860K(155984K) NonClass: 124077K(130736K)->124077K(130736K) Class: 18783K(25248K)->18783K(25248K)
[195.664s][info][gc             ] GC(364) Pause Young (Allocation Failure) 458M->187M(989M) 4.085ms
[195.664s][info][gc,cpu         ] GC(364) User=0.00s Sys=0.00s Real=0.00s
[196.847s][info][gc,start       ] GC(365) Pause Young (GCLocker Initiated GC)
[196.851s][info][gc,heap        ] GC(365) PSYoungGen: 279772K->9230K(315904K)
[196.851s][info][gc,heap        ] GC(365) PSOldGen: 191100K->191531K(699392K)
[196.851s][info][gc,metaspace   ] GC(365) Metaspace: 142860K(155984K)->142860K(155984K) NonClass: 124077K(130736K)->124077K(130736K) Class: 18783K(25248K)->18783K(25248K)
[196.851s][info][gc             ] GC(365) Pause Young (GCLocker Initiated GC) 459M->196M(991M) 3.920ms
[196.851s][info][gc,cpu         ] GC(365) User=0.00s Sys=0.00s Real=0.00s
[198.116s][info][gc,start       ] GC(366) Pause Young (GCLocker Initiated GC)
[198.119s][info][gc,heap        ] GC(366) PSYoungGen: 290318K->6255K(314368K)
[198.119s][info][gc,heap        ] GC(366) PSOldGen: 191812K->192197K(699392K)
[198.119s][info][gc,metaspace   ] GC(366) Metaspace: 142867K(155984K)->142867K(155984K) NonClass: 124084K(130736K)->124084K(130736K) Class: 18783K(25248K)->18783K(25248K)
[198.120s][info][gc             ] GC(366) Pause Young (GCLocker Initiated GC) 470M->193M(990M) 3.355ms
[198.120s][info][gc,cpu         ] GC(366) User=0.00s Sys=0.00s Real=0.00s
[199.311s][info][gc,start       ] GC(367) Pause Young (Allocation Failure)
[199.314s][info][gc,heap        ] GC(367) PSYoungGen: 287343K->1635K(317440K)
[199.314s][info][gc,heap        ] GC(367) PSOldGen: 192198K->192977K(699392K)
[199.314s][info][gc,metaspace   ] GC(367) Metaspace: 142867K(155984K)->142867K(155984K) NonClass: 124084K(130736K)->124084K(130736K) Class: 18783K(25248K)->18783K(25248K)
[199.314s][info][gc             ] GC(367) Pause Young (Allocation Failure) 468M->190M(993M) 2.533ms
[199.314s][info][gc,cpu         ] GC(367) User=0.06s Sys=0.02s Real=0.00s
[200.483s][info][gc,start       ] GC(368) Pause Young (Allocation Failure)
[200.485s][info][gc,heap        ] GC(368) PSYoungGen: 286819K->3898K(316928K)
[200.485s][info][gc,heap        ] GC(368) PSOldGen: 192977K->193540K(699392K)
[200.485s][info][gc,metaspace   ] GC(368) Metaspace: 142872K(155984K)->142872K(155984K) NonClass: 124089K(130736K)->124089K(130736K) Class: 18783K(25248K)->18783K(25248K)
[200.485s][info][gc             ] GC(368) Pause Young (Allocation Failure) 468M->192M(992M) 2.822ms
[200.485s][info][gc,cpu         ] GC(368) User=0.08s Sys=0.00s Real=0.00s
[200.807s][info][gc,start       ] GC(369) Pause Young (System.gc())
[200.809s][info][gc,heap        ] GC(369) PSYoungGen: 187910K->2579K(318976K)
[200.809s][info][gc,heap        ] GC(369) PSOldGen: 193540K->194026K(699392K)
[200.809s][info][gc,metaspace   ] GC(369) Metaspace: 142891K(155984K)->142891K(155984K) NonClass: 124108K(130736K)->124108K(130736K) Class: 18783K(25248K)->18783K(25248K)
[200.809s][info][gc             ] GC(369) Pause Young (System.gc()) 372M->191M(994M) 2.783ms
[200.809s][info][gc,cpu         ] GC(369) User=0.00s Sys=0.00s Real=0.00s
[200.809s][info][gc,start       ] GC(370) Pause Full (System.gc())
[200.812s][info][gc,phases,start] GC(370) Phase 1: Mark live objects
[200.880s][info][gc,phases      ] GC(370) Phase 1: Mark live objects 67.383ms
[200.880s][info][gc,phases,start] GC(370) Phase 2: Compute new object addresses
[200.890s][info][gc,phases      ] GC(370) Phase 2: Compute new object addresses 10.444ms
[200.890s][info][gc,phases,start] GC(370) Phase 3: Adjust pointers
[200.929s][info][gc,phases      ] GC(370) Phase 3: Adjust pointers 38.723ms
[200.929s][info][gc,phases,start] GC(370) Phase 4: Move objects
[200.930s][info][gc,phases      ] GC(370) Phase 4: Move objects 0.813ms
[200.931s][info][gc,heap        ] GC(370) PSYoungGen: 2579K->0K(318976K)
[200.931s][info][gc,heap        ] GC(370) PSOldGen: 194026K->104050K(699392K)
[200.931s][info][gc,metaspace   ] GC(370) Metaspace: 142891K(155984K)->142891K(155984K) NonClass: 124108K(130736K)->124108K(130736K) Class: 18783K(25248K)->18783K(25248K)
[200.931s][info][gc             ] GC(370) Pause Full (System.gc()) 191M->101M(994M) 121.525ms
[200.931s][info][gc,cpu         ] GC(370) User=0.12s Sys=0.00s Real=0.12s
[201.101s][info][gc,start       ] GC(371) Pause Young (Allocation Failure)
[201.104s][info][gc,heap        ] GC(371) PSYoungGen: 287744K->15713K(317952K)
[201.104s][info][gc,heap        ] GC(371) PSOldGen: 104050K->104058K(699392K)
[201.104s][info][gc,metaspace   ] GC(371) Metaspace: 142925K(155984K)->142925K(155984K) NonClass: 124142K(130736K)->124142K(130736K) Class: 18783K(25248K)->18783K(25248K)
[201.104s][info][gc             ] GC(371) Pause Young (Allocation Failure) 382M->116M(993M) 3.451ms
[201.104s][info][gc,cpu         ] GC(371) User=0.00s Sys=0.00s Real=0.00s
[201.180s][info][gc,start       ] GC(372) Pause Young (GCLocker Initiated GC)
[201.186s][info][gc,heap        ] GC(372) PSYoungGen: 303457K->18438K(316416K)
[201.186s][info][gc,heap        ] GC(372) PSOldGen: 104067K->115247K(699392K)
[201.186s][info][gc,metaspace   ] GC(372) Metaspace: 142925K(155984K)->142925K(155984K) NonClass: 124142K(130736K)->124142K(130736K) Class: 18783K(25248K)->18783K(25248K)
[201.186s][info][gc             ] GC(372) Pause Young (GCLocker Initiated GC) 397M->130M(992M) 5.719ms
[201.186s][info][gc,cpu         ] GC(372) User=0.00s Sys=0.00s Real=0.01s
[201.356s][info][gc,start       ] GC(373) Pause Young (Allocation Failure)
[201.364s][info][gc,heap        ] GC(373) PSYoungGen: 304134K->31741K(317440K)
[201.364s][info][gc,heap        ] GC(373) PSOldGen: 156861K->166258K(699392K)
[201.364s][info][gc,metaspace   ] GC(373) Metaspace: 142925K(155984K)->142925K(155984K) NonClass: 124142K(130736K)->124142K(130736K) Class: 18783K(25248K)->18783K(25248K)
[201.365s][info][gc             ] GC(373) Pause Young (Allocation Failure) 450M->193M(993M) 8.212ms
[201.365s][info][gc,cpu         ] GC(373) User=0.05s Sys=0.00s Real=0.01s
[201.412s][info][gc,start       ] GC(374) Pause Young (GCLocker Initiated GC)
[201.420s][info][gc,heap        ] GC(374) PSYoungGen: 316743K->6552K(302080K)
[201.420s][info][gc,heap        ] GC(374) PSOldGen: 170354K->198985K(699392K)
[201.420s][info][gc,metaspace   ] GC(374) Metaspace: 142925K(155984K)->142925K(155984K) NonClass: 124142K(130736K)->124142K(130736K) Class: 18783K(25248K)->18783K(25248K)
[201.420s][info][gc             ] GC(374) Pause Young (GCLocker Initiated GC) 475M->200M(978M) 7.975ms
[201.421s][info][gc,cpu         ] GC(374) User=0.00s Sys=0.00s Real=0.01s
[201.591s][info][gc,start       ] GC(375) Pause Young (Allocation Failure)
[201.595s][info][gc,heap        ] GC(375) PSYoungGen: 276888K->17763K(309760K)
[201.595s][info][gc,heap        ] GC(375) PSOldGen: 198986K->199198K(699392K)
[201.595s][info][gc,metaspace   ] GC(375) Metaspace: 142925K(155984K)->142925K(155984K) NonClass: 124142K(130736K)->124142K(130736K) Class: 18783K(25248K)->18783K(25248K)
[201.595s][info][gc             ] GC(375) Pause Young (Allocation Failure) 464M->211M(985M) 3.815ms
[201.595s][info][gc,cpu         ] GC(375) User=0.08s Sys=0.00s Real=0.00s
[201.652s][info][gc,start       ] GC(376) Pause Young (Allocation Failure)
[201.657s][info][gc,heap        ] GC(376) PSYoungGen: 287644K->23091K(308736K)
[201.657s][info][gc,heap        ] GC(376) PSOldGen: 199198K->208795K(699392K)
[201.657s][info][gc,metaspace   ] GC(376) Metaspace: 142925K(155984K)->142925K(155984K) NonClass: 124142K(130736K)->124142K(130736K) Class: 18783K(25248K)->18783K(25248K)
[201.657s][info][gc             ] GC(376) Pause Young (Allocation Failure) 475M->226M(984M) 5.439ms
[201.657s][info][gc,cpu         ] GC(376) User=0.08s Sys=0.02s Real=0.00s
[201.689s][info][gc,start       ] GC(377) Pause Young (Allocation Failure)
[201.694s][info][gc,heap        ] GC(377) PSYoungGen: 292530K->18220K(309760K)
[201.694s][info][gc,heap        ] GC(377) PSOldGen: 208795K->218865K(699392K)
[201.694s][info][gc,metaspace   ] GC(377) Metaspace: 142925K(155984K)->142925K(155984K) NonClass: 124142K(130736K)->124142K(130736K) Class: 18783K(25248K)->18783K(25248K)
[201.694s][info][gc             ] GC(377) Pause Young (Allocation Failure) 489M->231M(985M) 4.539ms
[201.694s][info][gc,cpu         ] GC(377) User=0.00s Sys=0.00s Real=0.00s
[201.730s][info][gc,start       ] GC(378) Pause Young (Allocation Failure)
[201.733s][info][gc,heap        ] GC(378) PSYoungGen: 287696K->12481K(312832K)
[201.733s][info][gc,heap        ] GC(378) PSOldGen: 218865K->222576K(699392K)
[201.733s][info][gc,metaspace   ] GC(378) Metaspace: 142925K(155984K)->142925K(155984K) NonClass: 124142K(130736K)->124142K(130736K) Class: 18783K(25248K)->18783K(25248K)
[201.733s][info][gc             ] GC(378) Pause Young (Allocation Failure) 494M->229M(988M) 3.296ms
[201.733s][info][gc,cpu         ] GC(378) User=0.00s Sys=0.00s Real=0.00s
[201.932s][info][gc,start       ] GC(379) Pause Young (Allocation Failure)
[201.937s][info][gc,heap        ] GC(379) PSYoungGen: 286913K->29259K(304128K)
[201.938s][info][gc,heap        ] GC(379) PSOldGen: 222576K->223249K(699392K)
[201.938s][info][gc,metaspace   ] GC(379) Metaspace: 142936K(155984K)->142936K(155984K) NonClass: 124153K(130736K)->124153K(130736K) Class: 18783K(25248K)->18783K(25248K)
[201.938s][info][gc             ] GC(379) Pause Young (Allocation Failure) 497M->246M(980M) 5.584ms
[201.938s][info][gc,cpu         ] GC(379) User=0.09s Sys=0.00s Real=0.01s
[202.419s][info][gc,start       ] GC(380) Pause Young (Allocation Failure)
[202.425s][info][gc,heap        ] GC(380) PSYoungGen: 303691K->8333K(310272K)
[202.425s][info][gc,heap        ] GC(380) PSOldGen: 223249K->239033K(699392K)
[202.425s][info][gc,metaspace   ] GC(380) Metaspace: 142938K(155984K)->142938K(155984K) NonClass: 124155K(130736K)->124155K(130736K) Class: 18783K(25248K)->18783K(25248K)
[202.425s][info][gc             ] GC(380) Pause Young (Allocation Failure) 514M->241M(986M) 6.129ms
[202.425s][info][gc,cpu         ] GC(380) User=0.06s Sys=0.00s Real=0.01s
[203.701s][info][gc,start       ] GC(381) Pause Young (Allocation Failure)
[203.704s][info][gc,heap        ] GC(381) PSYoungGen: 278669K->5701K(309248K)
[203.704s][info][gc,heap        ] GC(381) PSOldGen: 239033K->239834K(699392K)
[203.704s][info][gc,metaspace   ] GC(381) Metaspace: 142938K(155984K)->142938K(155984K) NonClass: 124155K(130736K)->124155K(130736K) Class: 18783K(25248K)->18783K(25248K)
[203.704s][info][gc             ] GC(381) Pause Young (Allocation Failure) 505M->239M(985M) 3.313ms
[203.704s][info][gc,cpu         ] GC(381) User=0.08s Sys=0.00s Real=0.00s
[205.023s][info][gc,start       ] GC(382) Pause Young (Allocation Failure)
[205.025s][info][gc,heap        ] GC(382) PSYoungGen: 276037K->1791K(311296K)
[205.025s][info][gc,heap        ] GC(382) PSOldGen: 239834K->240208K(699392K)
[205.026s][info][gc,metaspace   ] GC(382) Metaspace: 142938K(155984K)->142938K(155984K) NonClass: 124155K(130736K)->124155K(130736K) Class: 18783K(25248K)->18783K(25248K)
[205.026s][info][gc             ] GC(382) Pause Young (Allocation Failure) 503M->236M(987M) 2.475ms
[205.026s][info][gc,cpu         ] GC(382) User=0.00s Sys=0.00s Real=0.01s
[206.146s][info][gc,start       ] GC(383) Pause Young (Allocation Failure)
[206.150s][info][gc,heap        ] GC(383) PSYoungGen: 275109K->2621K(311296K)
[206.150s][info][gc,heap        ] GC(383) PSOldGen: 240208K->240670K(699392K)
[206.150s][info][gc,metaspace   ] GC(383) Metaspace: 142938K(155984K)->142938K(155984K) NonClass: 124155K(130736K)->124155K(130736K) Class: 18783K(25248K)->18783K(25248K)
[206.150s][info][gc             ] GC(383) Pause Young (Allocation Failure) 503M->237M(987M) 4.018ms
[206.150s][info][gc,cpu         ] GC(383) User=0.00s Sys=0.00s Real=0.00s
[207.505s][info][gc,start       ] GC(384) Pause Young (Allocation Failure)
[207.509s][info][gc,heap        ] GC(384) PSYoungGen: 276029K->5119K(313344K)
[207.509s][info][gc,heap        ] GC(384) PSOldGen: 240670K->241011K(699392K)
[207.509s][info][gc,metaspace   ] GC(384) Metaspace: 142938K(155984K)->142938K(155984K) NonClass: 124155K(130736K)->124155K(130736K) Class: 18783K(25248K)->18783K(25248K)
[207.509s][info][gc             ] GC(384) Pause Young (Allocation Failure) 504M->240M(989M) 3.981ms
[207.509s][info][gc,cpu         ] GC(384) User=0.00s Sys=0.00s Real=0.00s
[208.816s][info][gc,start       ] GC(385) Pause Young (Allocation Failure)
[208.818s][info][gc,heap        ] GC(385) PSYoungGen: 280024K->701K(311808K)
[208.818s][info][gc,heap        ] GC(385) PSOldGen: 241011K->241440K(699392K)
[208.818s][info][gc,metaspace   ] GC(385) Metaspace: 142938K(155984K)->142938K(155984K) NonClass: 124155K(130736K)->124155K(130736K) Class: 18783K(25248K)->18783K(25248K)
[208.818s][info][gc             ] GC(385) Pause Young (Allocation Failure) 508M->236M(987M) 2.325ms
[208.818s][info][gc,cpu         ] GC(385) User=0.00s Sys=0.00s Real=0.00s
[209.088s][info][gc,start       ] GC(386) Pause Young (System.gc())
[209.093s][info][gc,heap        ] GC(386) PSYoungGen: 176758K->2494K(314880K)
[209.093s][info][gc,heap        ] GC(386) PSOldGen: 241440K->241906K(699392K)
[209.093s][info][gc,metaspace   ] GC(386) Metaspace: 142962K(155984K)->142962K(155984K) NonClass: 124179K(130736K)->124179K(130736K) Class: 18783K(25248K)->18783K(25248K)
[209.093s][info][gc             ] GC(386) Pause Young (System.gc()) 408M->238M(990M) 4.742ms
[209.093s][info][gc,cpu         ] GC(386) User=0.00s Sys=0.00s Real=0.01s
[209.093s][info][gc,start       ] GC(387) Pause Full (System.gc())
[209.095s][info][gc,phases,start] GC(387) Phase 1: Mark live objects
[209.180s][info][gc,phases      ] GC(387) Phase 1: Mark live objects 84.728ms
[209.180s][info][gc,phases,start] GC(387) Phase 2: Compute new object addresses
[209.191s][info][gc,phases      ] GC(387) Phase 2: Compute new object addresses 10.760ms
[209.191s][info][gc,phases,start] GC(387) Phase 3: Adjust pointers
[209.231s][info][gc,phases      ] GC(387) Phase 3: Adjust pointers 40.101ms
[209.231s][info][gc,phases,start] GC(387) Phase 4: Move objects
[209.243s][info][gc,phases      ] GC(387) Phase 4: Move objects 12.578ms
[209.244s][info][gc,heap        ] GC(387) PSYoungGen: 2494K->0K(314880K)
[209.244s][info][gc,heap        ] GC(387) PSOldGen: 241906K->69695K(699392K)
[209.244s][info][gc,metaspace   ] GC(387) Metaspace: 142962K(155984K)->142962K(155984K) NonClass: 124179K(130736K)->124179K(130736K) Class: 18783K(25248K)->18783K(25248K)
[209.244s][info][gc             ] GC(387) Pause Full (System.gc()) 238M->68M(990M) 151.595ms
[209.245s][info][gc,cpu         ] GC(387) User=0.16s Sys=0.00s Real=0.15s
[209.408s][info][gc,start       ] GC(388) Pause Young (Allocation Failure)
[209.412s][info][gc,heap        ] GC(388) PSYoungGen: 279552K->15264K(313856K)
[209.412s][info][gc,heap        ] GC(388) PSOldGen: 69695K->69703K(699392K)
[209.412s][info][gc,metaspace   ] GC(388) Metaspace: 143029K(155984K)->143029K(155984K) NonClass: 124246K(130736K)->124246K(130736K) Class: 18783K(25248K)->18783K(25248K)
[209.412s][info][gc             ] GC(388) Pause Young (Allocation Failure) 341M->82M(989M) 3.757ms
[209.412s][info][gc,cpu         ] GC(388) User=0.00s Sys=0.00s Real=0.00s
[209.481s][info][gc,start       ] GC(389) Pause Young (GCLocker Initiated GC)
[209.486s][info][gc,heap        ] GC(389) PSYoungGen: 294816K->19590K(313344K)
[209.486s][info][gc,heap        ] GC(389) PSOldGen: 69703K->80300K(699392K)
[209.486s][info][gc,metaspace   ] GC(389) Metaspace: 143029K(155984K)->143029K(155984K) NonClass: 124246K(130736K)->124246K(130736K) Class: 18783K(25248K)->18783K(25248K)
[209.486s][info][gc             ] GC(389) Pause Young (GCLocker Initiated GC) 355M->97M(989M) 5.924ms
[209.487s][info][gc,cpu         ] GC(389) User=0.09s Sys=0.00s Real=0.01s
[209.682s][info][gc,start       ] GC(390) Pause Young (Allocation Failure)
[209.690s][info][gc,heap        ] GC(390) PSYoungGen: 299142K->34809K(314368K)
[209.690s][info][gc,heap        ] GC(390) PSOldGen: 122434K->131991K(699392K)
[209.690s][info][gc,metaspace   ] GC(390) Metaspace: 143029K(155984K)->143029K(155984K) NonClass: 124246K(130736K)->124246K(130736K) Class: 18783K(25248K)->18783K(25248K)
[209.690s][info][gc             ] GC(390) Pause Young (Allocation Failure) 411M->162M(990M) 7.761ms
[209.690s][info][gc,cpu         ] GC(390) User=0.09s Sys=0.00s Real=0.01s
[209.731s][info][gc,start       ] GC(391) Pause Young (Allocation Failure)
[209.738s][info][gc,heap        ] GC(391) PSYoungGen: 314361K->7602K(297984K)
[209.738s][info][gc,heap        ] GC(391) PSOldGen: 131991K->159036K(699392K)
[209.738s][info][gc,metaspace   ] GC(391) Metaspace: 143029K(155984K)->143029K(155984K) NonClass: 124246K(130736K)->124246K(130736K) Class: 18783K(25248K)->18783K(25248K)
[209.738s][info][gc             ] GC(391) Pause Young (Allocation Failure) 435M->162M(974M) 7.148ms
[209.739s][info][gc,cpu         ] GC(391) User=0.06s Sys=0.00s Real=0.01s
[209.939s][info][gc,start       ] GC(392) Pause Young (Allocation Failure)
[209.946s][info][gc,heap        ] GC(392) PSYoungGen: 270770K->29226K(292864K)
[209.946s][info][gc,heap        ] GC(392) PSOldGen: 159036K->160178K(699392K)
[209.946s][info][gc,metaspace   ] GC(392) Metaspace: 143029K(155984K)->143029K(155984K) NonClass: 124246K(130736K)->124246K(130736K) Class: 18783K(25248K)->18783K(25248K)
[209.946s][info][gc             ] GC(392) Pause Young (Allocation Failure) 419M->184M(969M) 6.683ms
[209.946s][info][gc,cpu         ] GC(392) User=0.00s Sys=0.00s Real=0.01s
[210.015s][info][gc,start       ] GC(393) Pause Young (Allocation Failure)
[210.021s][info][gc,heap        ] GC(393) PSYoungGen: 292394K->21852K(304128K)
[210.021s][info][gc,heap        ] GC(393) PSOldGen: 160178K->169806K(699392K)
[210.021s][info][gc,metaspace   ] GC(393) Metaspace: 143029K(155984K)->143029K(155984K) NonClass: 124246K(130736K)->124246K(130736K) Class: 18783K(25248K)->18783K(25248K)
[210.021s][info][gc             ] GC(393) Pause Young (Allocation Failure) 441M->187M(980M) 5.474ms
[210.021s][info][gc,cpu         ] GC(393) User=0.00s Sys=0.00s Real=0.01s
[210.056s][info][gc,start       ] GC(394) Pause Young (Allocation Failure)
[210.060s][info][gc,heap        ] GC(394) PSYoungGen: 279245K->10097K(303104K)
[210.060s][info][gc,heap        ] GC(394) PSOldGen: 169806K->178605K(699392K)
[210.060s][info][gc,metaspace   ] GC(394) Metaspace: 143029K(155984K)->143029K(155984K) NonClass: 124246K(130736K)->124246K(130736K) Class: 18783K(25248K)->18783K(25248K)
[210.060s][info][gc             ] GC(394) Pause Young (Allocation Failure) 438M->184M(979M) 4.685ms
[210.060s][info][gc,cpu         ] GC(394) User=0.00s Sys=0.00s Real=0.01s
[210.096s][info][gc,start       ] GC(395) Pause Young (Allocation Failure)
[210.100s][info][gc,heap        ] GC(395) PSYoungGen: 268145K->8257K(307200K)
[210.100s][info][gc,heap        ] GC(395) PSOldGen: 178605K->183615K(699392K)
[210.100s][info][gc,metaspace   ] GC(395) Metaspace: 143029K(155984K)->143029K(155984K) NonClass: 124246K(130736K)->124246K(130736K) Class: 18783K(25248K)->18783K(25248K)
[210.100s][info][gc             ] GC(395) Pause Young (Allocation Failure) 436M->187M(983M) 3.645ms
[210.100s][info][gc,cpu         ] GC(395) User=0.00s Sys=0.00s Real=0.00s
[210.308s][info][gc,start       ] GC(396) Pause Young (Allocation Failure)
[210.318s][info][gc,heap        ] GC(396) PSYoungGen: 271677K->34266K(297984K)
[210.318s][info][gc,heap        ] GC(396) PSOldGen: 183615K->183967K(699392K)
[210.318s][info][gc,metaspace   ] GC(396) Metaspace: 143029K(155984K)->143029K(155984K) NonClass: 124246K(130736K)->124246K(130736K) Class: 18783K(25248K)->18783K(25248K)
[210.318s][info][gc             ] GC(396) Pause Young (Allocation Failure) 444M->213M(974M) 9.676ms
[210.318s][info][gc,cpu         ] GC(396) User=0.06s Sys=0.00s Real=0.01s
[210.534s][info][gc,start       ] GC(397) Pause Young (Allocation Failure)
[210.538s][info][gc,heap        ] GC(397) PSYoungGen: 297946K->6964K(304128K)
[210.538s][info][gc,heap        ] GC(397) PSOldGen: 183967K->193650K(699392K)
[210.538s][info][gc,metaspace   ] GC(397) Metaspace: 143029K(155984K)->143029K(155984K) NonClass: 124246K(130736K)->124246K(130736K) Class: 18783K(25248K)->18783K(25248K)
[210.538s][info][gc             ] GC(397) Pause Young (Allocation Failure) 470M->195M(980M) 3.718ms
[210.538s][info][gc,cpu         ] GC(397) User=0.00s Sys=0.00s Real=0.02s
[211.588s][info][gc,start       ] GC(398) Pause Young (GCLocker Initiated GC)
[211.592s][info][gc,heap        ] GC(398) PSYoungGen: 264500K->3999K(302592K)
[211.592s][info][gc,heap        ] GC(398) PSOldGen: 193650K->200372K(699392K)
[211.592s][info][gc,metaspace   ] GC(398) Metaspace: 143037K(155984K)->143037K(155984K) NonClass: 124254K(130736K)->124254K(130736K) Class: 18783K(25248K)->18783K(25248K)
[211.592s][info][gc             ] GC(398) Pause Young (GCLocker Initiated GC) 447M->199M(978M) 4.059ms
[211.592s][info][gc,cpu         ] GC(398) User=0.00s Sys=0.00s Real=0.00s
[212.789s][info][gc,start       ] GC(399) Pause Young (Allocation Failure)
[212.793s][info][gc,heap        ] GC(399) PSYoungGen: 261535K->9008K(307200K)
[212.793s][info][gc,heap        ] GC(399) PSOldGen: 200375K->200926K(699392K)
[212.793s][info][gc,metaspace   ] GC(399) Metaspace: 143037K(155984K)->143037K(155984K) NonClass: 124254K(130736K)->124254K(130736K) Class: 18783K(25248K)->18783K(25248K)
[212.793s][info][gc             ] GC(399) Pause Young (Allocation Failure) 451M->205M(983M) 3.642ms
[212.793s][info][gc,cpu         ] GC(399) User=0.00s Sys=0.00s Real=0.01s
[214.033s][info][gc,start       ] GC(400) Pause Young (Allocation Failure)
[214.035s][info][gc,heap        ] GC(400) PSYoungGen: 272176K->2403K(305152K)
[214.035s][info][gc,heap        ] GC(400) PSOldGen: 200926K->202511K(699392K)
[214.035s][info][gc,metaspace   ] GC(400) Metaspace: 143037K(155984K)->143037K(155984K) NonClass: 124254K(130736K)->124254K(130736K) Class: 18783K(25248K)->18783K(25248K)
[214.035s][info][gc             ] GC(400) Pause Young (Allocation Failure) 462M->200M(981M) 2.534ms
[214.035s][info][gc,cpu         ] GC(400) User=0.00s Sys=0.00s Real=0.00s
[215.193s][info][gc,start       ] GC(401) Pause Young (Allocation Failure)
[215.196s][info][gc,heap        ] GC(401) PSYoungGen: 265402K->1343K(308736K)
[215.196s][info][gc,heap        ] GC(401) PSOldGen: 202511K->202939K(699392K)
[215.196s][info][gc,metaspace   ] GC(401) Metaspace: 143037K(155984K)->143037K(155984K) NonClass: 124254K(130736K)->124254K(130736K) Class: 18783K(25248K)->18783K(25248K)
[215.196s][info][gc             ] GC(401) Pause Young (Allocation Failure) 456M->199M(984M) 2.911ms
[215.196s][info][gc,cpu         ] GC(401) User=0.00s Sys=0.00s Real=0.00s
[216.303s][info][gc,start       ] GC(402) Pause Young (Allocation Failure)
[216.306s][info][gc,heap        ] GC(402) PSYoungGen: 268607K->2056K(307712K)
[216.306s][info][gc,heap        ] GC(402) PSOldGen: 202939K->203299K(699392K)
[216.306s][info][gc,metaspace   ] GC(402) Metaspace: 143037K(155984K)->143037K(155984K) NonClass: 124254K(130736K)->124254K(130736K) Class: 18783K(25248K)->18783K(25248K)
[216.306s][info][gc             ] GC(402) Pause Young (Allocation Failure) 460M->200M(983M) 2.756ms
[216.306s][info][gc,cpu         ] GC(402) User=0.00s Sys=0.00s Real=0.00s
[217.131s][info][gc,start       ] GC(403) Pause Young (GCLocker Initiated GC)
[217.135s][info][gc,heap        ] GC(403) PSYoungGen: 269320K->9876K(312832K)
[217.135s][info][gc,heap        ] GC(403) PSOldGen: 203308K->203819K(699392K)
[217.135s][info][gc,metaspace   ] GC(403) Metaspace: 143044K(155984K)->143044K(155984K) NonClass: 124261K(130736K)->124261K(130736K) Class: 18783K(25248K)->18783K(25248K)
[217.135s][info][gc             ] GC(403) Pause Young (GCLocker Initiated GC) 461M->208M(988M) 4.147ms
[217.135s][info][gc,cpu         ] GC(403) User=0.00s Sys=0.00s Real=0.00s
[217.231s][info][gc,start       ] GC(404) Pause Young (System.gc())
[217.234s][info][gc,heap        ] GC(404) PSYoungGen: 59479K->480K(310272K)
[217.234s][info][gc,heap        ] GC(404) PSOldGen: 203819K->207263K(699392K)
[217.234s][info][gc,metaspace   ] GC(404) Metaspace: 143077K(155984K)->143077K(155984K) NonClass: 124294K(130736K)->124294K(130736K) Class: 18783K(25248K)->18783K(25248K)
[217.234s][info][gc             ] GC(404) Pause Young (System.gc()) 257M->202M(986M) 2.911ms
[217.234s][info][gc,cpu         ] GC(404) User=0.09s Sys=0.00s Real=0.01s
[217.235s][info][gc,start       ] GC(405) Pause Full (System.gc())
[217.236s][info][gc,phases,start] GC(405) Phase 1: Mark live objects
[217.305s][info][gc,phases      ] GC(405) Phase 1: Mark live objects 68.985ms
[217.305s][info][gc,phases,start] GC(405) Phase 2: Compute new object addresses
[217.316s][info][gc,phases      ] GC(405) Phase 2: Compute new object addresses 11.119ms
[217.316s][info][gc,phases,start] GC(405) Phase 3: Adjust pointers
[217.355s][info][gc,phases      ] GC(405) Phase 3: Adjust pointers 38.026ms
[217.355s][info][gc,phases,start] GC(405) Phase 4: Move objects
[217.355s][info][gc,phases      ] GC(405) Phase 4: Move objects 0.875ms
[217.356s][info][gc,heap        ] GC(405) PSYoungGen: 480K->0K(310272K)
[217.356s][info][gc,heap        ] GC(405) PSOldGen: 207263K->84211K(699392K)
[217.356s][info][gc,metaspace   ] GC(405) Metaspace: 143077K(155984K)->143077K(155984K) NonClass: 124294K(130736K)->124294K(130736K) Class: 18783K(25248K)->18783K(25248K)
[217.356s][info][gc             ] GC(405) Pause Full (System.gc()) 202M->82M(986M) 121.948ms
[217.357s][info][gc,cpu         ] GC(405) User=0.11s Sys=0.00s Real=0.11s
[217.518s][info][gc,start       ] GC(406) Pause Young (Allocation Failure)
[217.522s][info][gc,heap        ] GC(406) PSYoungGen: 273920K->17025K(313344K)
[217.522s][info][gc,heap        ] GC(406) PSOldGen: 84212K->84212K(699392K)
[217.522s][info][gc,metaspace   ] GC(406) Metaspace: 143117K(155984K)->143117K(155984K) NonClass: 124334K(130736K)->124334K(130736K) Class: 18783K(25248K)->18783K(25248K)
[217.522s][info][gc             ] GC(406) Pause Young (Allocation Failure) 349M->98M(989M) 3.883ms
[217.522s][info][gc,cpu         ] GC(406) User=0.00s Sys=0.00s Real=0.00s
[217.581s][info][gc,start       ] GC(407) Pause Young (Allocation Failure)
[217.586s][info][gc,heap        ] GC(407) PSYoungGen: 294529K->19142K(296960K)
[217.586s][info][gc,heap        ] GC(407) PSOldGen: 84212K->97153K(699392K)
[217.586s][info][gc,metaspace   ] GC(407) Metaspace: 143117K(155984K)->143117K(155984K) NonClass: 124334K(130736K)->124334K(130736K) Class: 18783K(25248K)->18783K(25248K)
[217.587s][info][gc             ] GC(407) Pause Young (Allocation Failure) 369M->113M(973M) 5.470ms
[217.587s][info][gc,cpu         ] GC(407) User=0.00s Sys=0.00s Real=0.01s
[217.738s][info][gc,start       ] GC(408) Pause Young (Allocation Failure)
[217.746s][info][gc,heap        ] GC(408) PSYoungGen: 294454K->36293K(298496K)
[217.746s][info][gc,heap        ] GC(408) PSOldGen: 97153K->110523K(699392K)
[217.746s][info][gc,metaspace   ] GC(408) Metaspace: 143117K(155984K)->143117K(155984K) NonClass: 124334K(130736K)->124334K(130736K) Class: 18783K(25248K)->18783K(25248K)
[217.746s][info][gc             ] GC(408) Pause Young (Allocation Failure) 382M->143M(974M) 7.876ms
[217.746s][info][gc,cpu         ] GC(408) User=0.00s Sys=0.00s Real=0.01s
[217.778s][info][gc,start       ] GC(409) Pause Young (Allocation Failure)
[217.785s][info][gc,heap        ] GC(409) PSYoungGen: 298437K->21478K(305664K)
[217.785s][info][gc,heap        ] GC(409) PSOldGen: 110523K->134022K(699392K)
[217.785s][info][gc,metaspace   ] GC(409) Metaspace: 143117K(155984K)->143117K(155984K) NonClass: 124334K(130736K)->124334K(130736K) Class: 18783K(25248K)->18783K(25248K)
[217.785s][info][gc             ] GC(409) Pause Young (Allocation Failure) 399M->151M(981M) 6.750ms
[217.785s][info][gc,cpu         ] GC(409) User=0.09s Sys=0.00s Real=0.01s
[217.959s][info][gc,start       ] GC(410) Pause Young (Allocation Failure)
[217.966s][info][gc,heap        ] GC(410) PSYoungGen: 283622K->41655K(290816K)
[217.966s][info][gc,heap        ] GC(410) PSOldGen: 134022K->134062K(699392K)
[217.966s][info][gc,metaspace   ] GC(410) Metaspace: 143117K(155984K)->143117K(155984K) NonClass: 124334K(130736K)->124334K(130736K) Class: 18783K(25248K)->18783K(25248K)
[217.966s][info][gc             ] GC(410) Pause Young (Allocation Failure) 407M->171M(967M) 7.264ms
[217.966s][info][gc,cpu         ] GC(410) User=0.00s Sys=0.00s Real=0.01s
[218.012s][info][gc,start       ] GC(411) Pause Young (Allocation Failure)
[218.017s][info][gc,heap        ] GC(411) PSYoungGen: 289463K->25827K(298496K)
[218.017s][info][gc,heap        ] GC(411) PSOldGen: 134062K->141258K(699392K)
[218.017s][info][gc,metaspace   ] GC(411) Metaspace: 143117K(155984K)->143117K(155984K) NonClass: 124334K(130736K)->124334K(130736K) Class: 18783K(25248K)->18783K(25248K)
[218.017s][info][gc             ] GC(411) Pause Young (Allocation Failure) 413M->163M(974M) 5.706ms
[218.017s][info][gc,cpu         ] GC(411) User=0.08s Sys=0.02s Real=0.01s
[218.063s][info][gc,start       ] GC(412) Pause Young (Allocation Failure)
[218.068s][info][gc,heap        ] GC(412) PSYoungGen: 272180K->18844K(301568K)
[218.068s][info][gc,heap        ] GC(412) PSOldGen: 141258K->150480K(699392K)
[218.068s][info][gc,metaspace   ] GC(412) Metaspace: 143117K(155984K)->143117K(155984K) NonClass: 124334K(130736K)->124334K(130736K) Class: 18783K(25248K)->18783K(25248K)
[218.068s][info][gc             ] GC(412) Pause Young (Allocation Failure) 403M->165M(977M) 5.231ms
[218.068s][info][gc,cpu         ] GC(412) User=0.00s Sys=0.00s Real=0.01s
[218.100s][info][gc,start       ] GC(413) Pause Young (Allocation Failure)
[218.103s][info][gc,heap        ] GC(413) PSYoungGen: 270236K->4023K(299008K)
[218.103s][info][gc,heap        ] GC(413) PSOldGen: 150480K->155444K(699392K)
[218.103s][info][gc,metaspace   ] GC(413) Metaspace: 143117K(155984K)->143117K(155984K) NonClass: 124334K(130736K)->124334K(130736K) Class: 18783K(25248K)->18783K(25248K)
[218.103s][info][gc             ] GC(413) Pause Young (Allocation Failure) 410M->155M(975M) 3.400ms
[218.103s][info][gc,cpu         ] GC(413) User=0.00s Sys=0.00s Real=0.00s
[218.228s][info][gc,start       ] GC(414) Pause Young (Allocation Failure)
[218.230s][info][gc,heap        ] GC(414) PSYoungGen: 254642K->582K(302592K)
[218.230s][info][gc,heap        ] GC(414) PSOldGen: 155444K->155875K(699392K)
[218.230s][info][gc,metaspace   ] GC(414) Metaspace: 143117K(155984K)->143117K(155984K) NonClass: 124334K(130736K)->124334K(130736K) Class: 18783K(25248K)->18783K(25248K)
[218.230s][info][gc             ] GC(414) Pause Young (Allocation Failure) 400M->152M(978M) 1.804ms
[218.230s][info][gc,cpu         ] GC(414) User=0.00s Sys=0.00s Real=0.00s
[218.393s][info][gc,start       ] GC(415) Pause Young (Allocation Failure)
[218.396s][info][gc,heap        ] GC(415) PSYoungGen: 256070K->16041K(302080K)
[218.396s][info][gc,heap        ] GC(415) PSOldGen: 155875K->156329K(699392K)
[218.396s][info][gc,metaspace   ] GC(415) Metaspace: 143117K(155984K)->143117K(155984K) NonClass: 124334K(130736K)->124334K(130736K) Class: 18783K(25248K)->18783K(25248K)
[218.396s][info][gc             ] GC(415) Pause Young (Allocation Failure) 402M->168M(978M) 3.308ms
[218.396s][info][gc,cpu         ] GC(415) User=0.00s Sys=0.00s Real=0.00s
[218.965s][info][gc,start       ] GC(416) Pause Young (Allocation Failure)
[218.970s][info][gc,heap        ] GC(416) PSYoungGen: 271529K->5669K(306688K)
[218.970s][info][gc,heap        ] GC(416) PSOldGen: 156329K->172159K(699392K)
[218.970s][info][gc,metaspace   ] GC(416) Metaspace: 143117K(155984K)->143117K(155984K) NonClass: 124334K(130736K)->124334K(130736K) Class: 18783K(25248K)->18783K(25248K)
[218.970s][info][gc             ] GC(416) Pause Young (Allocation Failure) 417M->173M(982M) 5.073ms
[218.970s][info][gc,cpu         ] GC(416) User=0.08s Sys=0.00s Real=0.00s
[220.329s][info][gc,start       ] GC(417) Pause Young (Allocation Failure)
[220.333s][info][gc,heap        ] GC(417) PSYoungGen: 268325K->1987K(305152K)
[220.333s][info][gc,heap        ] GC(417) PSOldGen: 172159K->172902K(699392K)
[220.333s][info][gc,metaspace   ] GC(417) Metaspace: 143117K(155984K)->143117K(155984K) NonClass: 124334K(130736K)->124334K(130736K) Class: 18783K(25248K)->18783K(25248K)
[220.333s][info][gc             ] GC(417) Pause Young (Allocation Failure) 430M->170M(981M) 4.038ms
[220.334s][info][gc,cpu         ] GC(417) User=0.00s Sys=0.00s Real=0.00s
[221.534s][info][gc,start       ] GC(418) Pause Young (GCLocker Initiated GC)
[221.537s][info][gc,heap        ] GC(418) PSYoungGen: 264643K->7335K(309248K)
[221.537s][info][gc,heap        ] GC(418) PSOldGen: 172902K->173300K(699392K)
[221.537s][info][gc,metaspace   ] GC(418) Metaspace: 143117K(155984K)->143117K(155984K) NonClass: 124334K(130736K)->124334K(130736K) Class: 18783K(25248K)->18783K(25248K)
[221.537s][info][gc             ] GC(418) Pause Young (GCLocker Initiated GC) 427M->176M(985M) 3.519ms
[221.537s][info][gc,cpu         ] GC(418) User=0.00s Sys=0.00s Real=0.01s
[222.733s][info][gc,start       ] GC(419) Pause Young (Allocation Failure)
[222.736s][info][gc,heap        ] GC(419) PSYoungGen: 274599K->1830K(307200K)
[222.736s][info][gc,heap        ] GC(419) PSOldGen: 173303K->173702K(699392K)
[222.736s][info][gc,metaspace   ] GC(419) Metaspace: 143117K(155984K)->143117K(155984K) NonClass: 124334K(130736K)->124334K(130736K) Class: 18783K(25248K)->18783K(25248K)
[222.736s][info][gc             ] GC(419) Pause Young (Allocation Failure) 437M->171M(983M) 2.745ms
[222.736s][info][gc,cpu         ] GC(419) User=0.02s Sys=0.02s Real=0.00s
[224.010s][info][gc,start       ] GC(420) Pause Young (Allocation Failure)
[224.012s][info][gc,heap        ] GC(420) PSYoungGen: 269094K->1440K(311296K)
[224.012s][info][gc,heap        ] GC(420) PSOldGen: 173702K->174284K(699392K)
[224.012s][info][gc,metaspace   ] GC(420) Metaspace: 143117K(155984K)->143117K(155984K) NonClass: 124334K(130736K)->124334K(130736K) Class: 18783K(25248K)->18783K(25248K)
[224.012s][info][gc             ] GC(420) Pause Young (Allocation Failure) 432M->171M(987M) 2.616ms
[224.012s][info][gc,cpu         ] GC(420) User=0.00s Sys=0.00s Real=0.00s
[225.047s][info][gc,start       ] GC(421) Pause Young (Allocation Failure)
[225.050s][info][gc,heap        ] GC(421) PSYoungGen: 273824K->2181K(310272K)
[225.050s][info][gc,heap        ] GC(421) PSOldGen: 174284K->174645K(699392K)
[225.050s][info][gc,metaspace   ] GC(421) Metaspace: 143117K(155984K)->143117K(155984K) NonClass: 124334K(130736K)->124334K(130736K) Class: 18783K(25248K)->18783K(25248K)
[225.050s][info][gc             ] GC(421) Pause Young (Allocation Failure) 437M->172M(986M) 2.579ms
[225.050s][info][gc,cpu         ] GC(421) User=0.00s Sys=0.00s Real=0.01s
[225.292s][info][gc,start       ] GC(422) Pause Young (System.gc())
[225.294s][info][gc,heap        ] GC(422) PSYoungGen: 167802K->2373K(313856K)
[225.294s][info][gc,heap        ] GC(422) PSOldGen: 174645K->175166K(699392K)
[225.294s][info][gc,metaspace   ] GC(422) Metaspace: 143127K(155984K)->143127K(155984K) NonClass: 124344K(130736K)->124344K(130736K) Class: 18783K(25248K)->18783K(25248K)
[225.294s][info][gc             ] GC(422) Pause Young (System.gc()) 334M->173M(989M) 2.763ms
[225.294s][info][gc,cpu         ] GC(422) User=0.00s Sys=0.00s Real=0.00s
[225.294s][info][gc,start       ] GC(423) Pause Full (System.gc())
[225.296s][info][gc,phases,start] GC(423) Phase 1: Mark live objects
[225.366s][info][gc,phases      ] GC(423) Phase 1: Mark live objects 70.150ms
[225.366s][info][gc,phases,start] GC(423) Phase 2: Compute new object addresses
[225.377s][info][gc,phases      ] GC(423) Phase 2: Compute new object addresses 10.651ms
[225.377s][info][gc,phases,start] GC(423) Phase 3: Adjust pointers
[225.417s][info][gc,phases      ] GC(423) Phase 3: Adjust pointers 39.830ms
[225.417s][info][gc,phases,start] GC(423) Phase 4: Move objects
[225.418s][info][gc,phases      ] GC(423) Phase 4: Move objects 0.815ms
[225.419s][info][gc,heap        ] GC(423) PSYoungGen: 2373K->0K(313856K)
[225.419s][info][gc,heap        ] GC(423) PSOldGen: 175166K->104882K(699392K)
[225.419s][info][gc,metaspace   ] GC(423) Metaspace: 143127K(155984K)->143127K(155984K) NonClass: 124344K(130736K)->124344K(130736K) Class: 18783K(25248K)->18783K(25248K)
[225.419s][info][gc             ] GC(423) Pause Full (System.gc()) 173M->102M(989M) 124.225ms
[225.419s][info][gc,cpu         ] GC(423) User=0.12s Sys=0.00s Real=0.13s
[225.554s][info][gc,start       ] GC(424) Pause Young (Allocation Failure)
[225.558s][info][gc,heap        ] GC(424) PSYoungGen: 276992K->17089K(312320K)
[225.558s][info][gc,heap        ] GC(424) PSOldGen: 104882K->104882K(699392K)
[225.558s][info][gc,metaspace   ] GC(424) Metaspace: 143139K(156240K)->143139K(156240K) NonClass: 124356K(130992K)->124356K(130992K) Class: 18783K(25248K)->18783K(25248K)
[225.558s][info][gc             ] GC(424) Pause Young (Allocation Failure) 372M->119M(988M) 4.089ms
[225.558s][info][gc,cpu         ] GC(424) User=0.00s Sys=0.00s Real=0.01s
[225.615s][info][gc,start       ] GC(425) Pause Young (Allocation Failure)
[225.620s][info][gc,heap        ] GC(425) PSYoungGen: 294081K->19110K(312320K)
[225.620s][info][gc,heap        ] GC(425) PSOldGen: 104882K->117819K(699392K)
[225.620s][info][gc,metaspace   ] GC(425) Metaspace: 143139K(156240K)->143139K(156240K) NonClass: 124356K(130992K)->124356K(130992K) Class: 18783K(25248K)->18783K(25248K)
[225.620s][info][gc             ] GC(425) Pause Young (Allocation Failure) 389M->133M(988M) 5.609ms
[225.621s][info][gc,cpu         ] GC(425) User=0.00s Sys=0.00s Real=0.01s
[225.770s][info][gc,start       ] GC(426) Pause Young (GCLocker Initiated GC)
[225.778s][info][gc,heap        ] GC(426) PSYoungGen: 293671K->30683K(307200K)
[225.778s][info][gc,heap        ] GC(426) PSOldGen: 121915K->134034K(699392K)
[225.778s][info][gc,metaspace   ] GC(426) Metaspace: 143139K(156240K)->143139K(156240K) NonClass: 124356K(130992K)->124356K(130992K) Class: 18783K(25248K)->18783K(25248K)
[225.778s][info][gc             ] GC(426) Pause Young (GCLocker Initiated GC) 405M->160M(983M) 7.428ms
[225.778s][info][gc,cpu         ] GC(426) User=0.00s Sys=0.00s Real=0.01s
[225.822s][info][gc,start       ] GC(427) Pause Young (GCLocker Initiated GC)
[225.828s][info][gc,heap        ] GC(427) PSYoungGen: 307163K->7954K(309760K)
[225.828s][info][gc,heap        ] GC(427) PSOldGen: 191952K->216141K(699392K)
[225.828s][info][gc,metaspace   ] GC(427) Metaspace: 143139K(156240K)->143139K(156240K) NonClass: 124356K(130992K)->124356K(130992K) Class: 18783K(25248K)->18783K(25248K)
[225.828s][info][gc             ] GC(427) Pause Young (GCLocker Initiated GC) 487M->218M(985M) 6.400ms
[225.828s][info][gc,cpu         ] GC(427) User=0.08s Sys=0.00s Real=0.01s
[225.988s][info][gc,start       ] GC(428) Pause Young (Allocation Failure)
[225.995s][info][gc,heap        ] GC(428) PSYoungGen: 276242K->34427K(303104K)
[225.995s][info][gc,heap        ] GC(428) PSOldGen: 216142K->216659K(699392K)
[225.995s][info][gc,metaspace   ] GC(428) Metaspace: 143139K(156240K)->143139K(156240K) NonClass: 124356K(130992K)->124356K(130992K) Class: 18783K(25248K)->18783K(25248K)
[225.995s][info][gc             ] GC(428) Pause Young (Allocation Failure) 480M->245M(979M) 6.785ms
[225.995s][info][gc,cpu         ] GC(428) User=0.00s Sys=0.00s Real=0.01s
[226.053s][info][gc,start       ] GC(429) Pause Young (Allocation Failure)
[226.056s][info][gc,heap        ] GC(429) PSYoungGen: 302715K->9617K(306688K)
[226.056s][info][gc,heap        ] GC(429) PSOldGen: 216659K->226185K(699392K)
[226.056s][info][gc,metaspace   ] GC(429) Metaspace: 143139K(156240K)->143139K(156240K) NonClass: 124356K(130992K)->124356K(130992K) Class: 18783K(25248K)->18783K(25248K)
[226.056s][info][gc             ] GC(429) Pause Young (Allocation Failure) 507M->230M(982M) 3.791ms
[226.056s][info][gc,cpu         ] GC(429) User=0.00s Sys=0.00s Real=0.00s
[226.088s][info][gc,start       ] GC(430) Pause Young (Allocation Failure)
[226.093s][info][gc,heap        ] GC(430) PSYoungGen: 269214K->18326K(304128K)
[226.093s][info][gc,heap        ] GC(430) PSOldGen: 226185K->235544K(699392K)
[226.093s][info][gc,metaspace   ] GC(430) Metaspace: 143139K(156240K)->143139K(156240K) NonClass: 124356K(130992K)->124356K(130992K) Class: 18783K(25248K)->18783K(25248K)
[226.093s][info][gc             ] GC(430) Pause Young (Allocation Failure) 483M->247M(980M) 4.704ms
[226.093s][info][gc,cpu         ] GC(430) User=0.00s Sys=0.00s Real=0.00s
[226.127s][info][gc,start       ] GC(431) Pause Young (Allocation Failure)
[226.130s][info][gc,heap        ] GC(431) PSYoungGen: 279958K->7580K(309248K)
[226.130s][info][gc,heap        ] GC(431) PSOldGen: 235544K->239327K(699392K)
[226.130s][info][gc,metaspace   ] GC(431) Metaspace: 143139K(156240K)->143139K(156240K) NonClass: 124356K(130992K)->124356K(130992K) Class: 18783K(25248K)->18783K(25248K)
[226.130s][info][gc             ] GC(431) Pause Young (Allocation Failure) 503M->241M(985M) 3.265ms
[226.130s][info][gc,cpu         ] GC(431) User=0.00s Sys=0.00s Real=0.00s
[226.330s][info][gc,start       ] GC(432) Pause Young (Allocation Failure)
[226.334s][info][gc,heap        ] GC(432) PSYoungGen: 275356K->18084K(307712K)
[226.334s][info][gc,heap        ] GC(432) PSOldGen: 239327K->239844K(699392K)
[226.334s][info][gc,metaspace   ] GC(432) Metaspace: 143139K(156240K)->143139K(156240K) NonClass: 124356K(130992K)->124356K(130992K) Class: 18783K(25248K)->18783K(25248K)
[226.334s][info][gc             ] GC(432) Pause Young (Allocation Failure) 502M->251M(983M) 4.204ms
[226.334s][info][gc,cpu         ] GC(432) User=0.00s Sys=0.00s Real=0.00s
[226.646s][info][gc,start       ] GC(433) Pause Young (Allocation Failure)
[226.650s][info][gc,heap        ] GC(433) PSYoungGen: 285860K->7831K(311808K)
[226.650s][info][gc,heap        ] GC(433) PSOldGen: 239844K->249465K(699392K)
[226.650s][info][gc,metaspace   ] GC(433) Metaspace: 143155K(156240K)->143155K(156240K) NonClass: 124372K(130992K)->124372K(130992K) Class: 18783K(25248K)->18783K(25248K)
[226.650s][info][gc             ] GC(433) Pause Young (Allocation Failure) 513M->251M(987M) 4.049ms
[226.650s][info][gc,cpu         ] GC(433) User=0.00s Sys=0.00s Real=0.00s
[227.765s][info][gc,start       ] GC(434) Pause Young (Allocation Failure)
[227.769s][info][gc,heap        ] GC(434) PSYoungGen: 280727K->9582K(310272K)
[227.769s][info][gc,heap        ] GC(434) PSOldGen: 249465K->256451K(699392K)
[227.769s][info][gc,metaspace   ] GC(434) Metaspace: 143159K(156240K)->143159K(156240K) NonClass: 124376K(130992K)->124376K(130992K) Class: 18783K(25248K)->18783K(25248K)
[227.769s][info][gc             ] GC(434) Pause Young (Allocation Failure) 517M->259M(986M) 4.189ms
[227.769s][info][gc,cpu         ] GC(434) User=0.00s Sys=0.00s Real=0.00s
[229.041s][info][gc,start       ] GC(435) Pause Young (Allocation Failure)
[229.044s][info][gc,heap        ] GC(435) PSYoungGen: 282478K->2862K(313856K)
[229.044s][info][gc,heap        ] GC(435) PSOldGen: 256451K->256819K(699392K)
[229.044s][info][gc,metaspace   ] GC(435) Metaspace: 143176K(156240K)->143176K(156240K) NonClass: 124391K(130992K)->124391K(130992K) Class: 18784K(25248K)->18784K(25248K)
[229.044s][info][gc             ] GC(435) Pause Young (Allocation Failure) 526M->253M(989M) 2.961ms
[229.044s][info][gc,cpu         ] GC(435) User=0.00s Sys=0.00s Real=0.00s
[230.211s][info][gc,start       ] GC(436) Pause Young (Allocation Failure)
[230.213s][info][gc,heap        ] GC(436) PSYoungGen: 280878K->574K(313344K)
[230.213s][info][gc,heap        ] GC(436) PSOldGen: 256819K->257266K(699392K)
[230.213s][info][gc,metaspace   ] GC(436) Metaspace: 143176K(156240K)->143176K(156240K) NonClass: 124391K(130992K)->124391K(130992K) Class: 18784K(25248K)->18784K(25248K)
[230.213s][info][gc             ] GC(436) Pause Young (Allocation Failure) 525M->251M(989M) 2.215ms
[230.213s][info][gc,cpu         ] GC(436) User=0.00s Sys=0.00s Real=0.00s
[231.396s][info][gc,start       ] GC(437) Pause Young (Allocation Failure)
[231.400s][info][gc,heap        ] GC(437) PSYoungGen: 278590K->5924K(315904K)
[231.400s][info][gc,heap        ] GC(437) PSOldGen: 257266K->257708K(699392K)
[231.400s][info][gc,metaspace   ] GC(437) Metaspace: 143179K(156240K)->143179K(156240K) NonClass: 124395K(130992K)->124395K(130992K) Class: 18784K(25248K)->18784K(25248K)
[231.400s][info][gc             ] GC(437) Pause Young (Allocation Failure) 523M->257M(991M) 3.764ms
[231.400s][info][gc,cpu         ] GC(437) User=0.00s Sys=0.00s Real=0.00s
[232.622s][info][gc,start       ] GC(438) Pause Young (Allocation Failure)
[232.624s][info][gc,heap        ] GC(438) PSYoungGen: 286529K->2850K(314368K)
[232.624s][info][gc,heap        ] GC(438) PSOldGen: 257708K->258057K(699392K)
[232.624s][info][gc,metaspace   ] GC(438) Metaspace: 143180K(156240K)->143180K(156240K) NonClass: 124396K(130992K)->124396K(130992K) Class: 18784K(25248K)->18784K(25248K)
[232.624s][info][gc             ] GC(438) Pause Young (Allocation Failure) 531M->254M(990M) 2.619ms
[232.624s][info][gc,cpu         ] GC(438) User=0.00s Sys=0.00s Real=0.00s
[233.003s][info][gc,start       ] GC(439) Pause Young (System.gc())
[233.005s][info][gc,heap        ] GC(439) PSYoungGen: 211595K->2611K(317952K)
[233.005s][info][gc,heap        ] GC(439) PSOldGen: 258057K->258520K(699392K)
[233.005s][info][gc,metaspace   ] GC(439) Metaspace: 143219K(156240K)->143219K(156240K) NonClass: 124435K(130992K)->124435K(130992K) Class: 18784K(25248K)->18784K(25248K)
[233.005s][info][gc             ] GC(439) Pause Young (System.gc()) 458M->255M(993M) 2.739ms
[233.005s][info][gc,cpu         ] GC(439) User=0.00s Sys=0.00s Real=0.00s
[233.005s][info][gc,start       ] GC(440) Pause Full (System.gc())
[233.009s][info][gc,phases,start] GC(440) Phase 1: Mark live objects
[233.079s][info][gc,phases      ] GC(440) Phase 1: Mark live objects 70.069ms
[233.079s][info][gc,phases,start] GC(440) Phase 2: Compute new object addresses
[233.089s][info][gc,phases      ] GC(440) Phase 2: Compute new object addresses 10.665ms
[233.089s][info][gc,phases,start] GC(440) Phase 3: Adjust pointers
[233.128s][info][gc,phases      ] GC(440) Phase 3: Adjust pointers 38.893ms
[233.128s][info][gc,phases,start] GC(440) Phase 4: Move objects
[233.130s][info][gc,phases      ] GC(440) Phase 4: Move objects 1.821ms
[233.131s][info][gc,heap        ] GC(440) PSYoungGen: 2611K->0K(317952K)
[233.131s][info][gc,heap        ] GC(440) PSOldGen: 258520K->103910K(699392K)
[233.131s][info][gc,metaspace   ] GC(440) Metaspace: 143219K(156240K)->143219K(156240K) NonClass: 124435K(130992K)->124435K(130992K) Class: 18784K(25248K)->18784K(25248K)
[233.131s][info][gc             ] GC(440) Pause Full (System.gc()) 255M->101M(993M) 125.663ms
[233.131s][info][gc,cpu         ] GC(440) User=0.12s Sys=0.00s Real=0.12s
[233.263s][info][gc,start       ] GC(441) Pause Young (Allocation Failure)
[233.267s][info][gc,heap        ] GC(441) PSYoungGen: 285696K->17024K(316928K)
[233.267s][info][gc,heap        ] GC(441) PSOldGen: 103910K->103910K(699392K)
[233.267s][info][gc,metaspace   ] GC(441) Metaspace: 143233K(156240K)->143233K(156240K) NonClass: 124449K(130992K)->124449K(130992K) Class: 18784K(25248K)->18784K(25248K)
[233.267s][info][gc             ] GC(441) Pause Young (Allocation Failure) 380M->118M(992M) 3.905ms
[233.267s][info][gc,cpu         ] GC(441) User=0.06s Sys=0.00s Real=0.00s
[233.327s][info][gc,start       ] GC(442) Pause Young (Allocation Failure)
[233.333s][info][gc,heap        ] GC(442) PSYoungGen: 302720K->17318K(315904K)
[233.333s][info][gc,heap        ] GC(442) PSOldGen: 103910K->116848K(699392K)
[233.333s][info][gc,metaspace   ] GC(442) Metaspace: 143233K(156240K)->143233K(156240K) NonClass: 124449K(130992K)->124449K(130992K) Class: 18784K(25248K)->18784K(25248K)
[233.333s][info][gc             ] GC(442) Pause Young (Allocation Failure) 397M->131M(991M) 5.827ms
[233.333s][info][gc,cpu         ] GC(442) User=0.09s Sys=0.00s Real=0.00s
[233.497s][info][gc,start       ] GC(443) Pause Young (Allocation Failure)
[233.504s][info][gc,heap        ] GC(443) PSYoungGen: 298467K->32758K(316416K)
[233.504s][info][gc,heap        ] GC(443) PSOldGen: 116848K->131702K(699392K)
[233.504s][info][gc,metaspace   ] GC(443) Metaspace: 143233K(156240K)->143233K(156240K) NonClass: 124449K(130992K)->124449K(130992K) Class: 18784K(25248K)->18784K(25248K)
[233.504s][info][gc             ] GC(443) Pause Young (Allocation Failure) 405M->160M(992M) 7.446ms
[233.504s][info][gc,cpu         ] GC(443) User=0.09s Sys=0.00s Real=0.01s
[233.543s][info][gc,start       ] GC(444) Pause Young (Allocation Failure)
[233.549s][info][gc,heap        ] GC(444) PSYoungGen: 312879K->6728K(296960K)
[233.549s][info][gc,heap        ] GC(444) PSOldGen: 131702K->155032K(699392K)
[233.549s][info][gc,metaspace   ] GC(444) Metaspace: 143233K(156240K)->143233K(156240K) NonClass: 124449K(130992K)->124449K(130992K) Class: 18784K(25248K)->18784K(25248K)
[233.549s][info][gc             ] GC(444) Pause Young (Allocation Failure) 434M->157M(973M) 5.671ms
[233.549s][info][gc,cpu         ] GC(444) User=0.08s Sys=0.00s Real=0.00s
[233.707s][info][gc,start       ] GC(445) Pause Young (Allocation Failure)
[233.714s][info][gc,heap        ] GC(445) PSYoungGen: 270920K->33612K(297984K)
[233.714s][info][gc,heap        ] GC(445) PSOldGen: 155032K->155080K(699392K)
[233.714s][info][gc,metaspace   ] GC(445) Metaspace: 143233K(156240K)->143233K(156240K) NonClass: 124449K(130992K)->124449K(130992K) Class: 18784K(25248K)->18784K(25248K)
[233.714s][info][gc             ] GC(445) Pause Young (Allocation Failure) 415M->184M(974M) 6.918ms
[233.714s][info][gc,cpu         ] GC(445) User=0.00s Sys=0.00s Real=0.01s
[233.774s][info][gc,start       ] GC(446) Pause Young (Allocation Failure)
[233.779s][info][gc,heap        ] GC(446) PSYoungGen: 297804K->16629K(304640K)
[233.779s][info][gc,heap        ] GC(446) PSOldGen: 155080K->164614K(699392K)
[233.779s][info][gc,metaspace   ] GC(446) Metaspace: 143233K(156240K)->143233K(156240K) NonClass: 124449K(130992K)->124449K(130992K) Class: 18784K(25248K)->18784K(25248K)
[233.779s][info][gc             ] GC(446) Pause Young (Allocation Failure) 442M->176M(980M) 4.647ms
[233.779s][info][gc,cpu         ] GC(446) User=0.00s Sys=0.00s Real=0.00s
[233.811s][info][gc,start       ] GC(447) Pause Young (Allocation Failure)
[233.814s][info][gc,heap        ] GC(447) PSYoungGen: 273695K->10638K(302080K)
[233.814s][info][gc,heap        ] GC(447) PSOldGen: 164614K->172618K(699392K)
[233.814s][info][gc,metaspace   ] GC(447) Metaspace: 143233K(156240K)->143233K(156240K) NonClass: 124449K(130992K)->124449K(130992K) Class: 18784K(25248K)->18784K(25248K)
[233.814s][info][gc             ] GC(447) Pause Young (Allocation Failure) 428M->178M(978M) 3.826ms
[233.815s][info][gc,cpu         ] GC(447) User=0.08s Sys=0.00s Real=0.00s
[233.846s][info][gc,start       ] GC(448) Pause Young (Allocation Failure)
[233.848s][info][gc,heap        ] GC(448) PSYoungGen: 268174K->7652K(308224K)
[233.848s][info][gc,heap        ] GC(448) PSOldGen: 172618K->176992K(699392K)
[233.848s][info][gc,metaspace   ] GC(448) Metaspace: 143233K(156240K)->143233K(156240K) NonClass: 124449K(130992K)->124449K(130992K) Class: 18784K(25248K)->18784K(25248K)
[233.848s][info][gc             ] GC(448) Pause Young (Allocation Failure) 430M->180M(984M) 2.964ms
[233.849s][info][gc,cpu         ] GC(448) User=0.00s Sys=0.00s Real=0.00s
[234.007s][info][gc,start       ] GC(449) Pause Young (Allocation Failure)
[234.013s][info][gc,heap        ] GC(449) PSYoungGen: 273380K->30103K(295936K)
[234.013s][info][gc,heap        ] GC(449) PSOldGen: 176992K->177189K(699392K)
[234.013s][info][gc,metaspace   ] GC(449) Metaspace: 143233K(156240K)->143233K(156240K) NonClass: 124449K(130992K)->124449K(130992K) Class: 18784K(25248K)->18784K(25248K)
[234.013s][info][gc             ] GC(449) Pause Young (Allocation Failure) 439M->202M(972M) 6.313ms
[234.013s][info][gc,cpu         ] GC(449) User=0.00s Sys=0.00s Real=0.01s
[234.226s][info][gc,start       ] GC(450) Pause Young (Allocation Failure)
[234.230s][info][gc,heap        ] GC(450) PSYoungGen: 295831K->6858K(306176K)
[234.230s][info][gc,heap        ] GC(450) PSOldGen: 177189K->186941K(699392K)
[234.230s][info][gc,metaspace   ] GC(450) Metaspace: 143233K(156240K)->143233K(156240K) NonClass: 124449K(130992K)->124449K(130992K) Class: 18784K(25248K)->18784K(25248K)
[234.230s][info][gc             ] GC(450) Pause Young (Allocation Failure) 461M->189M(982M) 3.681ms
[234.230s][info][gc,cpu         ] GC(450) User=0.00s Sys=0.00s Real=0.01s
[235.201s][info][gc,start       ] GC(451) Pause Young (Allocation Failure)
[235.205s][info][gc,heap        ] GC(451) PSYoungGen: 269002K->5254K(305152K)
[235.205s][info][gc,heap        ] GC(451) PSOldGen: 186941K->193599K(699392K)
[235.205s][info][gc,metaspace   ] GC(451) Metaspace: 143234K(156240K)->143234K(156240K) NonClass: 124450K(130992K)->124450K(130992K) Class: 18784K(25248K)->18784K(25248K)
[235.205s][info][gc             ] GC(451) Pause Young (Allocation Failure) 445M->194M(981M) 4.057ms
[235.205s][info][gc,cpu         ] GC(451) User=0.06s Sys=0.00s Real=0.00s
[236.464s][info][gc,start       ] GC(452) Pause Young (GCLocker Initiated GC)
[236.467s][info][gc,heap        ] GC(452) PSYoungGen: 267398K->6825K(308736K)
[236.467s][info][gc,heap        ] GC(452) PSOldGen: 193604K->194187K(699392K)
[236.467s][info][gc,metaspace   ] GC(452) Metaspace: 143234K(156240K)->143234K(156240K) NonClass: 124450K(130992K)->124450K(130992K) Class: 18784K(25248K)->18784K(25248K)
[236.467s][info][gc             ] GC(452) Pause Young (GCLocker Initiated GC) 450M->196M(984M) 3.473ms
[236.467s][info][gc,cpu         ] GC(452) User=0.00s Sys=0.00s Real=0.01s
[237.718s][info][gc,start       ] GC(453) Pause Young (Allocation Failure)
[237.721s][info][gc,heap        ] GC(453) PSYoungGen: 273577K->1751K(307200K)
[237.721s][info][gc,heap        ] GC(453) PSOldGen: 194189K->195399K(699392K)
[237.721s][info][gc,metaspace   ] GC(453) Metaspace: 143234K(156240K)->143234K(156240K) NonClass: 124450K(130992K)->124450K(130992K) Class: 18784K(25248K)->18784K(25248K)
[237.721s][info][gc             ] GC(453) Pause Young (Allocation Failure) 456M->192M(983M) 2.341ms
[237.721s][info][gc,cpu         ] GC(453) User=0.00s Sys=0.00s Real=0.00s
[238.838s][info][gc,start       ] GC(454) Pause Young (Allocation Failure)
[238.841s][info][gc,heap        ] GC(454) PSYoungGen: 268503K->1623K(310272K)
[238.841s][info][gc,heap        ] GC(454) PSOldGen: 195399K->196383K(699392K)
[238.841s][info][gc,metaspace   ] GC(454) Metaspace: 143234K(156240K)->143234K(156240K) NonClass: 124450K(130992K)->124450K(130992K) Class: 18784K(25248K)->18784K(25248K)
[238.841s][info][gc             ] GC(454) Pause Young (Allocation Failure) 453M->193M(986M) 3.159ms
[238.842s][info][gc,cpu         ] GC(454) User=0.00s Sys=0.00s Real=0.00s
[239.954s][info][gc,start       ] GC(455) Pause Young (Allocation Failure)
[239.956s][info][gc,heap        ] GC(455) PSYoungGen: 272471K->1864K(309760K)
[239.956s][info][gc,heap        ] GC(455) PSOldGen: 196383K->196987K(699392K)
[239.956s][info][gc,metaspace   ] GC(455) Metaspace: 143234K(156240K)->143234K(156240K) NonClass: 124450K(130992K)->124450K(130992K) Class: 18784K(25248K)->18784K(25248K)
[239.956s][info][gc             ] GC(455) Pause Young (Allocation Failure) 457M->194M(985M) 2.424ms
[239.956s][info][gc,cpu         ] GC(455) User=0.00s Sys=0.00s Real=0.00s
[240.683s][info][gc,start       ] GC(456) Pause Young (Allocation Failure)
[240.687s][info][gc,heap        ] GC(456) PSYoungGen: 272712K->10751K(314368K)
[240.688s][info][gc,heap        ] GC(456) PSOldGen: 196987K->197514K(699392K)
[240.688s][info][gc,metaspace   ] GC(456) Metaspace: 143234K(156240K)->143234K(156240K) NonClass: 124450K(130992K)->124450K(130992K) Class: 18784K(25248K)->18784K(25248K)
[240.688s][info][gc             ] GC(456) Pause Young (Allocation Failure) 458M->203M(990M) 4.803ms
[240.688s][info][gc,cpu         ] GC(456) User=0.09s Sys=0.00s Real=0.01s
[240.775s][info][gc,start       ] GC(457) Pause Young (System.gc())
[240.778s][info][gc,heap        ] GC(457) PSYoungGen: 54357K->288K(311808K)
[240.778s][info][gc,heap        ] GC(457) PSOldGen: 197514K->199912K(699392K)
[240.778s][info][gc,metaspace   ] GC(457) Metaspace: 143252K(156240K)->143252K(156240K) NonClass: 124468K(130992K)->124468K(130992K) Class: 18784K(25248K)->18784K(25248K)
[240.778s][info][gc             ] GC(457) Pause Young (System.gc()) 245M->195M(987M) 3.024ms
[240.778s][info][gc,cpu         ] GC(457) User=0.00s Sys=0.00s Real=0.01s
[240.778s][info][gc,start       ] GC(458) Pause Full (System.gc())
[240.781s][info][gc,phases,start] GC(458) Phase 1: Mark live objects
[240.849s][info][gc,phases      ] GC(458) Phase 1: Mark live objects 68.811ms
[240.849s][info][gc,phases,start] GC(458) Phase 2: Compute new object addresses
[240.860s][info][gc,phases      ] GC(458) Phase 2: Compute new object addresses 10.935ms
[240.860s][info][gc,phases,start] GC(458) Phase 3: Adjust pointers
[240.900s][info][gc,phases      ] GC(458) Phase 3: Adjust pointers 40.100ms
[240.901s][info][gc,phases,start] GC(458) Phase 4: Move objects
[240.908s][info][gc,phases      ] GC(458) Phase 4: Move objects 7.437ms
[240.909s][info][gc,heap        ] GC(458) PSYoungGen: 288K->0K(311808K)
[240.909s][info][gc,heap        ] GC(458) PSOldGen: 199912K->70442K(699392K)
[240.909s][info][gc,metaspace   ] GC(458) Metaspace: 143252K(156240K)->143252K(156240K) NonClass: 124468K(130992K)->124468K(130992K) Class: 18784K(25248K)->18784K(25248K)
[240.909s][info][gc             ] GC(458) Pause Full (System.gc()) 195M->68M(987M) 130.563ms
[240.909s][info][gc,cpu         ] GC(458) User=0.16s Sys=0.00s Real=0.13s
[241.065s][info][gc,start       ] GC(459) Pause Young (Allocation Failure)
[241.069s][info][gc,heap        ] GC(459) PSYoungGen: 276992K->15201K(315392K)
[241.069s][info][gc,heap        ] GC(459) PSOldGen: 70442K->70442K(699392K)
[241.069s][info][gc,metaspace   ] GC(459) Metaspace: 143292K(156240K)->143292K(156240K) NonClass: 124508K(130992K)->124508K(130992K) Class: 18784K(25248K)->18784K(25248K)
[241.069s][info][gc             ] GC(459) Pause Young (Allocation Failure) 339M->83M(991M) 3.344ms
[241.069s][info][gc,cpu         ] GC(459) User=0.00s Sys=0.00s Real=0.00s
[241.132s][info][gc,start       ] GC(460) Pause Young (GCLocker Initiated GC)
[241.137s][info][gc,heap        ] GC(460) PSYoungGen: 296289K->20230K(300544K)
[241.137s][info][gc,heap        ] GC(460) PSOldGen: 70442K->80967K(699392K)
[241.137s][info][gc,metaspace   ] GC(460) Metaspace: 143292K(156240K)->143292K(156240K) NonClass: 124508K(130992K)->124508K(130992K) Class: 18784K(25248K)->18784K(25248K)
[241.137s][info][gc             ] GC(460) Pause Young (GCLocker Initiated GC) 358M->98M(976M) 5.308ms
[241.137s][info][gc,cpu         ] GC(460) User=0.00s Sys=0.00s Real=0.00s
[241.305s][info][gc,start       ] GC(461) Pause Young (Allocation Failure)
[241.312s][info][gc,heap        ] GC(461) PSYoungGen: 300294K->33975K(301568K)
[241.312s][info][gc,heap        ] GC(461) PSOldGen: 139347K->146657K(699392K)
[241.312s][info][gc,metaspace   ] GC(461) Metaspace: 143292K(156240K)->143292K(156240K) NonClass: 124508K(130992K)->124508K(130992K) Class: 18784K(25248K)->18784K(25248K)
[241.312s][info][gc             ] GC(461) Pause Young (Allocation Failure) 429M->176M(977M) 7.145ms
[241.312s][info][gc,cpu         ] GC(461) User=0.00s Sys=0.00s Real=0.00s
[241.347s][info][gc,start       ] GC(462) Pause Young (Allocation Failure)
[241.354s][info][gc,heap        ] GC(462) PSYoungGen: 299429K->10521K(307712K)
[241.354s][info][gc,heap        ] GC(462) PSOldGen: 146657K->177709K(699392K)
[241.354s][info][gc,metaspace   ] GC(462) Metaspace: 143292K(156240K)->143292K(156240K) NonClass: 124508K(130992K)->124508K(130992K) Class: 18784K(25248K)->18784K(25248K)
[241.354s][info][gc             ] GC(462) Pause Young (Allocation Failure) 435M->183M(983M) 7.046ms
[241.354s][info][gc,cpu         ] GC(462) User=0.00s Sys=0.00s Real=0.01s
[241.522s][info][gc,start       ] GC(463) Pause Young (Allocation Failure)
[241.529s][info][gc,heap        ] GC(463) PSYoungGen: 276761K->36159K(298496K)
[241.529s][info][gc,heap        ] GC(463) PSOldGen: 177709K->177913K(699392K)
[241.529s][info][gc,metaspace   ] GC(463) Metaspace: 143292K(156240K)->143292K(156240K) NonClass: 124508K(130992K)->124508K(130992K) Class: 18784K(25248K)->18784K(25248K)
[241.529s][info][gc             ] GC(463) Pause Young (Allocation Failure) 443M->209M(974M) 7.233ms
[241.529s][info][gc,cpu         ] GC(463) User=0.00s Sys=0.00s Real=0.01s
[241.585s][info][gc,start       ] GC(464) Pause Young (Allocation Failure)
[241.590s][info][gc,heap        ] GC(464) PSYoungGen: 293120K->22251K(304128K)
[241.590s][info][gc,heap        ] GC(464) PSOldGen: 177913K->187595K(699392K)
[241.590s][info][gc,metaspace   ] GC(464) Metaspace: 143292K(156240K)->143292K(156240K) NonClass: 124508K(130992K)->124508K(130992K) Class: 18784K(25248K)->18784K(25248K)
[241.590s][info][gc             ] GC(464) Pause Young (Allocation Failure) 459M->204M(980M) 5.564ms
[241.590s][info][gc,cpu         ] GC(464) User=0.00s Sys=0.00s Real=0.01s
[241.622s][info][gc,start       ] GC(465) Pause Young (Allocation Failure)
[241.627s][info][gc,heap        ] GC(465) PSYoungGen: 281147K->22450K(304640K)
[241.627s][info][gc,heap        ] GC(465) PSOldGen: 187595K->196667K(699392K)
[241.627s][info][gc,metaspace   ] GC(465) Metaspace: 143292K(156240K)->143292K(156240K) NonClass: 124508K(130992K)->124508K(130992K) Class: 18784K(25248K)->18784K(25248K)
[241.627s][info][gc             ] GC(465) Pause Young (Allocation Failure) 457M->213M(980M) 4.868ms
[241.627s][info][gc,cpu         ] GC(465) User=0.09s Sys=0.00s Real=0.00s
[241.659s][info][gc,start       ] GC(466) Pause Young (Allocation Failure)
[241.662s][info][gc,heap        ] GC(466) PSYoungGen: 281488K->7980K(304128K)
[241.662s][info][gc,heap        ] GC(466) PSOldGen: 196667K->200137K(699392K)
[241.662s][info][gc,metaspace   ] GC(466) Metaspace: 143292K(156240K)->143292K(156240K) NonClass: 124508K(130992K)->124508K(130992K) Class: 18784K(25248K)->18784K(25248K)
[241.662s][info][gc             ] GC(466) Pause Young (Allocation Failure) 466M->203M(980M) 3.173ms
[241.662s][info][gc,cpu         ] GC(466) User=0.00s Sys=0.00s Real=0.00s
[241.848s][info][gc,start       ] GC(467) Pause Young (Allocation Failure)
[241.854s][info][gc,heap        ] GC(467) PSYoungGen: 267564K->29797K(301056K)
[241.854s][info][gc,heap        ] GC(467) PSOldGen: 200137K->200568K(699392K)
[241.854s][info][gc,metaspace   ] GC(467) Metaspace: 143292K(156240K)->143292K(156240K) NonClass: 124508K(130992K)->124508K(130992K) Class: 18784K(25248K)->18784K(25248K)
[241.854s][info][gc             ] GC(467) Pause Young (Allocation Failure) 456M->224M(977M) 5.605ms
[241.854s][info][gc,cpu         ] GC(467) User=0.00s Sys=0.00s Real=0.01s
[242.053s][info][gc,start       ] GC(468) Pause Young (Allocation Failure)
[242.057s][info][gc,heap        ] GC(468) PSYoungGen: 287845K->6878K(303616K)
[242.057s][info][gc,heap        ] GC(468) PSOldGen: 200568K->210172K(699392K)
[242.057s][info][gc,metaspace   ] GC(468) Metaspace: 143292K(156240K)->143292K(156240K) NonClass: 124508K(130992K)->124508K(130992K) Class: 18784K(25248K)->18784K(25248K)
[242.057s][info][gc             ] GC(468) Pause Young (Allocation Failure) 476M->211M(979M) 3.967ms
[242.057s][info][gc,cpu         ] GC(468) User=0.00s Sys=0.00s Real=0.01s
[243.147s][info][gc,start       ] GC(469) Pause Young (Allocation Failure)
[243.152s][info][gc,heap        ] GC(469) PSYoungGen: 264926K->3106K(305152K)
[243.152s][info][gc,heap        ] GC(469) PSOldGen: 210172K->216863K(699392K)
[243.152s][info][gc,metaspace   ] GC(469) Metaspace: 143292K(156240K)->143292K(156240K) NonClass: 124508K(130992K)->124508K(130992K) Class: 18784K(25248K)->18784K(25248K)
[243.152s][info][gc             ] GC(469) Pause Young (Allocation Failure) 463M->214M(981M) 4.666ms
[243.152s][info][gc,cpu         ] GC(469) User=0.00s Sys=0.00s Real=0.00s
[244.374s][info][gc,start       ] GC(470) Pause Young (GCLocker Initiated GC)
[244.377s][info][gc,heap        ] GC(470) PSYoungGen: 263714K->8692K(304640K)
[244.377s][info][gc,heap        ] GC(470) PSOldGen: 216870K->217491K(699392K)
[244.377s][info][gc,metaspace   ] GC(470) Metaspace: 143292K(156240K)->143292K(156240K) NonClass: 124508K(130992K)->124508K(130992K) Class: 18784K(25248K)->18784K(25248K)
[244.377s][info][gc             ] GC(470) Pause Young (GCLocker Initiated GC) 469M->220M(980M) 3.382ms
[244.377s][info][gc,cpu         ] GC(470) User=0.02s Sys=0.00s Real=0.00s
[245.601s][info][gc,start       ] GC(471) Pause Young (Allocation Failure)
[245.603s][info][gc,heap        ] GC(471) PSYoungGen: 269300K->1697K(307712K)
[245.603s][info][gc,heap        ] GC(471) PSOldGen: 217494K->219046K(699392K)
[245.603s][info][gc,metaspace   ] GC(471) Metaspace: 143292K(156240K)->143292K(156240K) NonClass: 124508K(130992K)->124508K(130992K) Class: 18784K(25248K)->18784K(25248K)
[245.603s][info][gc             ] GC(471) Pause Young (Allocation Failure) 475M->215M(983M) 2.623ms
[245.603s][info][gc,cpu         ] GC(471) User=0.00s Sys=0.00s Real=0.00s
[246.752s][info][gc,start       ] GC(472) Pause Young (Allocation Failure)
[246.755s][info][gc,heap        ] GC(472) PSYoungGen: 266771K->1366K(307200K)
[246.755s][info][gc,heap        ] GC(472) PSOldGen: 219046K->219655K(699392K)
[246.755s][info][gc,metaspace   ] GC(472) Metaspace: 143292K(156240K)->143292K(156240K) NonClass: 124508K(130992K)->124508K(130992K) Class: 18784K(25248K)->18784K(25248K)
[246.755s][info][gc             ] GC(472) Pause Young (Allocation Failure) 474M->215M(983M) 2.907ms
[246.755s][info][gc,cpu         ] GC(472) User=0.00s Sys=0.00s Real=0.00s
[247.838s][info][gc,start       ] GC(473) Pause Young (Allocation Failure)
[247.840s][info][gc,heap        ] GC(473) PSYoungGen: 267094K->2096K(309760K)
[247.840s][info][gc,heap        ] GC(473) PSOldGen: 219655K->220069K(699392K)
[247.841s][info][gc,metaspace   ] GC(473) Metaspace: 143292K(156240K)->143292K(156240K) NonClass: 124508K(130992K)->124508K(130992K) Class: 18784K(25248K)->18784K(25248K)
[247.841s][info][gc             ] GC(473) Pause Young (Allocation Failure) 475M->216M(985M) 2.909ms
[247.841s][info][gc,cpu         ] GC(473) User=0.00s Sys=0.00s Real=0.00s
[248.618s][info][gc,start       ] GC(474) Pause Young (GCLocker Initiated GC)
[248.622s][info][gc,heap        ] GC(474) PSYoungGen: 271408K->10168K(308736K)
[248.622s][info][gc,heap        ] GC(474) PSOldGen: 220101K->220558K(699392K)
[248.622s][info][gc,metaspace   ] GC(474) Metaspace: 143293K(156240K)->143293K(156240K) NonClass: 124508K(130992K)->124508K(130992K) Class: 18784K(25248K)->18784K(25248K)
[248.622s][info][gc             ] GC(474) Pause Young (GCLocker Initiated GC) 479M->225M(984M) 3.927ms
[248.622s][info][gc,cpu         ] GC(474) User=0.00s Sys=0.00s Real=0.00s
[248.708s][info][gc,start       ] GC(475) Pause Young (System.gc())
[248.711s][info][gc,heap        ] GC(475) PSYoungGen: 60103K->384K(313344K)
[248.711s][info][gc,heap        ] GC(475) PSOldGen: 220558K->224010K(699392K)
[248.711s][info][gc,metaspace   ] GC(475) Metaspace: 143299K(156240K)->143299K(156240K) NonClass: 124515K(130992K)->124515K(130992K) Class: 18784K(25248K)->18784K(25248K)
[248.711s][info][gc             ] GC(475) Pause Young (System.gc()) 274M->219M(989M) 3.295ms
[248.711s][info][gc,cpu         ] GC(475) User=0.00s Sys=0.00s Real=0.00s
[248.712s][info][gc,start       ] GC(476) Pause Full (System.gc())
[248.713s][info][gc,phases,start] GC(476) Phase 1: Mark live objects
[248.782s][info][gc,phases      ] GC(476) Phase 1: Mark live objects 68.915ms
[248.782s][info][gc,phases,start] GC(476) Phase 2: Compute new object addresses
[248.793s][info][gc,phases      ] GC(476) Phase 2: Compute new object addresses 10.893ms
[248.793s][info][gc,phases,start] GC(476) Phase 3: Adjust pointers
[248.832s][info][gc,phases      ] GC(476) Phase 3: Adjust pointers 38.877ms
[248.832s][info][gc,phases,start] GC(476) Phase 4: Move objects
[248.833s][info][gc,phases      ] GC(476) Phase 4: Move objects 0.949ms
[248.834s][info][gc,heap        ] GC(476) PSYoungGen: 384K->0K(313344K)
[248.834s][info][gc,heap        ] GC(476) PSOldGen: 224010K->82325K(699392K)
[248.834s][info][gc,metaspace   ] GC(476) Metaspace: 143299K(156240K)->143299K(156240K) NonClass: 124515K(130992K)->124515K(130992K) Class: 18784K(25248K)->18784K(25248K)
[248.834s][info][gc             ] GC(476) Pause Full (System.gc()) 219M->80M(989M) 122.607ms
[248.834s][info][gc,cpu         ] GC(476) User=0.11s Sys=0.02s Real=0.13s
[248.969s][info][gc,start       ] GC(477) Pause Young (Allocation Failure)
[248.972s][info][gc,heap        ] GC(477) PSYoungGen: 276480K->16993K(312320K)
[248.972s][info][gc,heap        ] GC(477) PSOldGen: 82326K->82326K(699392K)
[248.972s][info][gc,metaspace   ] GC(477) Metaspace: 143346K(156240K)->143346K(156240K) NonClass: 124562K(130992K)->124562K(130992K) Class: 18784K(25248K)->18784K(25248K)
[248.972s][info][gc             ] GC(477) Pause Young (Allocation Failure) 350M->96M(988M) 3.440ms
[248.972s][info][gc,cpu         ] GC(477) User=0.00s Sys=0.00s Real=0.00s
[249.031s][info][gc,start       ] GC(478) Pause Young (Allocation Failure)
[249.036s][info][gc,heap        ] GC(478) PSYoungGen: 293473K->17286K(313344K)
[249.036s][info][gc,heap        ] GC(478) PSOldGen: 82326K->95274K(699392K)
[249.036s][info][gc,metaspace   ] GC(478) Metaspace: 143346K(156240K)->143346K(156240K) NonClass: 124562K(130992K)->124562K(130992K) Class: 18784K(25248K)->18784K(25248K)
[249.037s][info][gc             ] GC(478) Pause Young (Allocation Failure) 366M->109M(989M) 5.145ms
[249.037s][info][gc,cpu         ] GC(478) User=0.00s Sys=0.00s Real=0.01s
[249.184s][info][gc,start       ] GC(479) Pause Young (Allocation Failure)
[249.192s][info][gc,heap        ] GC(479) PSYoungGen: 291628K->35830K(313344K)
[249.192s][info][gc,heap        ] GC(479) PSOldGen: 95274K->113996K(699392K)
[249.192s][info][gc,metaspace   ] GC(479) Metaspace: 143346K(156240K)->143346K(156240K) NonClass: 124562K(130992K)->124562K(130992K) Class: 18784K(25248K)->18784K(25248K)
[249.192s][info][gc             ] GC(479) Pause Young (Allocation Failure) 377M->146M(989M) 8.032ms
[249.192s][info][gc,cpu         ] GC(479) User=0.09s Sys=0.00s Real=0.01s
[249.226s][info][gc,start       ] GC(480) Pause Young (Allocation Failure)
[249.232s][info][gc,heap        ] GC(480) PSYoungGen: 312073K->16561K(291840K)
[249.232s][info][gc,heap        ] GC(480) PSOldGen: 113996K->136514K(699392K)
[249.232s][info][gc,metaspace   ] GC(480) Metaspace: 143346K(156240K)->143346K(156240K) NonClass: 124562K(130992K)->124562K(130992K) Class: 18784K(25248K)->18784K(25248K)
[249.232s][info][gc             ] GC(480) Pause Young (Allocation Failure) 416M->149M(968M) 6.051ms
[249.232s][info][gc,cpu         ] GC(480) User=0.00s Sys=0.00s Real=0.01s
[249.405s][info][gc,start       ] GC(481) Pause Young (Allocation Failure)
[249.411s][info][gc,heap        ] GC(481) PSYoungGen: 272561K->30858K(287232K)
[249.411s][info][gc,heap        ] GC(481) PSOldGen: 136514K->136538K(699392K)
[249.411s][info][gc,metaspace   ] GC(481) Metaspace: 143348K(156240K)->143348K(156240K) NonClass: 124564K(130992K)->124564K(130992K) Class: 18784K(25248K)->18784K(25248K)
[249.411s][info][gc             ] GC(481) Pause Young (Allocation Failure) 399M->163M(963M) 5.997ms
[249.412s][info][gc,cpu         ] GC(481) User=0.02s Sys=0.00s Real=0.01s
[249.460s][info][gc,start       ] GC(482) Pause Young (Allocation Failure)
[249.464s][info][gc,heap        ] GC(482) PSYoungGen: 286858K->11436K(302080K)
[249.464s][info][gc,heap        ] GC(482) PSOldGen: 136538K->142968K(699392K)
[249.464s][info][gc,metaspace   ] GC(482) Metaspace: 143348K(156240K)->143348K(156240K) NonClass: 124564K(130992K)->124564K(130992K) Class: 18784K(25248K)->18784K(25248K)
[249.464s][info][gc             ] GC(482) Pause Young (Allocation Failure) 413M->150M(978M) 4.518ms
[249.464s][info][gc,cpu         ] GC(482) User=0.00s Sys=0.00s Real=0.00s
[249.507s][info][gc,start       ] GC(483) Pause Young (Allocation Failure)
[249.512s][info][gc,heap        ] GC(483) PSYoungGen: 261650K->14396K(300032K)
[249.512s][info][gc,heap        ] GC(483) PSOldGen: 142968K->153183K(699392K)
[249.512s][info][gc,metaspace   ] GC(483) Metaspace: 143349K(156240K)->143349K(156240K) NonClass: 124564K(130992K)->124564K(130992K) Class: 18784K(25248K)->18784K(25248K)
[249.512s][info][gc             ] GC(483) Pause Young (Allocation Failure) 395M->163M(976M) 4.325ms
[249.512s][info][gc,cpu         ] GC(483) User=0.00s Sys=0.00s Real=0.01s
[249.544s][info][gc,start       ] GC(484) Pause Young (Allocation Failure)
[249.548s][info][gc,heap        ] GC(484) PSYoungGen: 266103K->8519K(306176K)
[249.548s][info][gc,heap        ] GC(484) PSOldGen: 153183K->158079K(699392K)
[249.548s][info][gc,metaspace   ] GC(484) Metaspace: 143349K(156240K)->143349K(156240K) NonClass: 124564K(130992K)->124564K(130992K) Class: 18784K(25248K)->18784K(25248K)
[249.548s][info][gc             ] GC(484) Pause Young (Allocation Failure) 409M->162M(982M) 3.574ms
[249.548s][info][gc,cpu         ] GC(484) User=0.08s Sys=0.00s Real=0.00s
[249.701s][info][gc,start       ] GC(485) Pause Young (Allocation Failure)
[249.705s][info][gc,heap        ] GC(485) PSYoungGen: 270151K->16667K(304640K)
[249.706s][info][gc,heap        ] GC(485) PSOldGen: 158079K->158362K(699392K)
[249.706s][info][gc,metaspace   ] GC(485) Metaspace: 143349K(156240K)->143349K(156240K) NonClass: 124564K(130992K)->124564K(130992K) Class: 18784K(25248K)->18784K(25248K)
[249.706s][info][gc             ] GC(485) Pause Young (Allocation Failure) 418M->170M(980M) 4.052ms
[249.706s][info][gc,cpu         ] GC(485) User=0.09s Sys=0.00s Real=0.00s
[249.853s][info][gc,start       ] GC(486) Pause Young (Allocation Failure)
[249.860s][info][gc,heap        ] GC(486) PSYoungGen: 278299K->15977K(310784K)
[249.860s][info][gc,heap        ] GC(486) PSOldGen: 158362K->158817K(699392K)
[249.860s][info][gc,metaspace   ] GC(486) Metaspace: 143349K(156240K)->143349K(156240K) NonClass: 124564K(130992K)->124564K(130992K) Class: 18784K(25248K)->18784K(25248K)
[249.860s][info][gc             ] GC(486) Pause Young (Allocation Failure) 426M->170M(986M) 6.996ms
[249.860s][info][gc,cpu         ] GC(486) User=0.05s Sys=0.00s Real=0.01s
[250.674s][info][gc,start       ] GC(487) Pause Young (Allocation Failure)
[250.679s][info][gc,heap        ] GC(487) PSYoungGen: 285680K->1654K(308736K)
[250.679s][info][gc,heap        ] GC(487) PSOldGen: 158817K->174682K(699392K)
[250.679s][info][gc,metaspace   ] GC(487) Metaspace: 143374K(156240K)->143374K(156240K) NonClass: 124587K(130992K)->124587K(130992K) Class: 18787K(25248K)->18787K(25248K)
[250.679s][info][gc             ] GC(487) Pause Young (Allocation Failure) 434M->172M(984M) 4.529ms
[250.679s][info][gc,cpu         ] GC(487) User=0.00s Sys=0.00s Real=0.00s
[251.883s][info][gc,start       ] GC(488) Pause Young (GCLocker Initiated GC)
[251.886s][info][gc,heap        ] GC(488) PSYoungGen: 271990K->9452K(312320K)
[251.886s][info][gc,heap        ] GC(488) PSOldGen: 174683K->175382K(699392K)
[251.886s][info][gc,metaspace   ] GC(488) Metaspace: 143374K(156240K)->143374K(156240K) NonClass: 124587K(130992K)->124587K(130992K) Class: 18787K(25248K)->18787K(25248K)
[251.886s][info][gc             ] GC(488) Pause Young (GCLocker Initiated GC) 436M->180M(988M) 3.436ms
[251.886s][info][gc,cpu         ] GC(488) User=0.00s Sys=0.00s Real=0.00s
[253.148s][info][gc,start       ] GC(489) Pause Young (Allocation Failure)
[253.151s][info][gc,heap        ] GC(489) PSYoungGen: 283372K->2641K(310784K)
[253.151s][info][gc,heap        ] GC(489) PSOldGen: 175637K->176063K(699392K)
[253.151s][info][gc,metaspace   ] GC(489) Metaspace: 143374K(156240K)->143374K(156240K) NonClass: 124587K(130992K)->124587K(130992K) Class: 18787K(25248K)->18787K(25248K)
[253.151s][info][gc             ] GC(489) Pause Young (Allocation Failure) 448M->174M(986M) 2.859ms
[253.151s][info][gc,cpu         ] GC(489) User=0.00s Sys=0.00s Real=0.00s
[254.270s][info][gc,start       ] GC(490) Pause Young (Allocation Failure)
[254.273s][info][gc,heap        ] GC(490) PSYoungGen: 276187K->720K(312832K)
[254.273s][info][gc,heap        ] GC(490) PSOldGen: 176063K->176693K(699392K)
[254.273s][info][gc,metaspace   ] GC(490) Metaspace: 143374K(156240K)->143374K(156240K) NonClass: 124587K(130992K)->124587K(130992K) Class: 18787K(25248K)->18787K(25248K)
[254.273s][info][gc             ] GC(490) Pause Young (Allocation Failure) 441M->173M(988M) 2.501ms
[254.273s][info][gc,cpu         ] GC(490) User=0.00s Sys=0.00s Real=0.00s
[255.557s][info][gc,start       ] GC(491) Pause Young (GCLocker Initiated GC)
[255.560s][info][gc,heap        ] GC(491) PSYoungGen: 277200K->4065K(312832K)
[255.560s][info][gc,heap        ] GC(491) PSOldGen: 176695K->177042K(699392K)
[255.560s][info][gc,metaspace   ] GC(491) Metaspace: 143374K(156240K)->143374K(156240K) NonClass: 124587K(130992K)->124587K(130992K) Class: 18787K(25248K)->18787K(25248K)
[255.560s][info][gc             ] GC(491) Pause Young (GCLocker Initiated GC) 443M->176M(988M) 2.994ms
[255.560s][info][gc,cpu         ] GC(491) User=0.00s Sys=0.00s Real=0.00s
[256.421s][info][gc,start       ] GC(492) Pause Young (Allocation Failure)
[256.425s][info][gc,heap        ] GC(492) PSYoungGen: 280545K->4499K(315392K)
[256.425s][info][gc,heap        ] GC(492) PSOldGen: 177044K->178148K(699392K)
[256.425s][info][gc,metaspace   ] GC(492) Metaspace: 143377K(156240K)->143377K(156240K) NonClass: 124590K(130992K)->124590K(130992K) Class: 18787K(25248K)->18787K(25248K)
[256.425s][info][gc             ] GC(492) Pause Young (Allocation Failure) 446M->178M(991M) 3.929ms
[256.425s][info][gc,cpu         ] GC(492) User=0.06s Sys=0.00s Real=0.00s
[256.528s][info][gc,start       ] GC(493) Pause Young (System.gc())
[256.531s][info][gc,heap        ] GC(493) PSYoungGen: 78370K->320K(314368K)
[256.531s][info][gc,heap        ] GC(493) PSOldGen: 178148K->181497K(699392K)
[256.531s][info][gc,metaspace   ] GC(493) Metaspace: 143402K(156496K)->143402K(156496K) NonClass: 124615K(131248K)->124615K(131248K) Class: 18787K(25248K)->18787K(25248K)
[256.531s][info][gc             ] GC(493) Pause Young (System.gc()) 250M->177M(990M) 3.400ms
[256.531s][info][gc,cpu         ] GC(493) User=0.08s Sys=0.00s Real=0.01s
[256.531s][info][gc,start       ] GC(494) Pause Full (System.gc())
[256.533s][info][gc,phases,start] GC(494) Phase 1: Mark live objects
[256.602s][info][gc,phases      ] GC(494) Phase 1: Mark live objects 68.563ms
[256.602s][info][gc,phases,start] GC(494) Phase 2: Compute new object addresses
[256.613s][info][gc,phases      ] GC(494) Phase 2: Compute new object addresses 11.069ms
[256.613s][info][gc,phases,start] GC(494) Phase 3: Adjust pointers
[256.652s][info][gc,phases      ] GC(494) Phase 3: Adjust pointers 39.202ms
[256.652s][info][gc,phases,start] GC(494) Phase 4: Move objects
[256.653s][info][gc,phases      ] GC(494) Phase 4: Move objects 0.923ms
[256.654s][info][gc,heap        ] GC(494) PSYoungGen: 320K->0K(314368K)
[256.654s][info][gc,heap        ] GC(494) PSOldGen: 181497K->102994K(699392K)
[256.654s][info][gc,metaspace   ] GC(494) Metaspace: 143402K(156496K)->143402K(156496K) NonClass: 124615K(131248K)->124615K(131248K) Class: 18787K(25248K)->18787K(25248K)
[256.654s][info][gc             ] GC(494) Pause Full (System.gc()) 177M->100M(990M) 122.792ms
[256.654s][info][gc,cpu         ] GC(494) User=0.11s Sys=0.00s Real=0.11s
[256.786s][info][gc,start       ] GC(495) Pause Young (Allocation Failure)
[256.789s][info][gc,heap        ] GC(495) PSYoungGen: 280576K->17025K(315392K)
[256.790s][info][gc,heap        ] GC(495) PSOldGen: 102994K->102994K(699392K)
[256.790s][info][gc,metaspace   ] GC(495) Metaspace: 143407K(156496K)->143407K(156496K) NonClass: 124620K(131248K)->124620K(131248K) Class: 18787K(25248K)->18787K(25248K)
[256.790s][info][gc             ] GC(495) Pause Young (Allocation Failure) 374M->117M(991M) 3.507ms
[256.790s][info][gc,cpu         ] GC(495) User=0.00s Sys=0.00s Real=0.00s
[256.848s][info][gc,start       ] GC(496) Pause Young (Allocation Failure)
[256.853s][info][gc,heap        ] GC(496) PSYoungGen: 299649K->19110K(302080K)
[256.853s][info][gc,heap        ] GC(496) PSOldGen: 102994K->115939K(699392K)
[256.853s][info][gc,metaspace   ] GC(496) Metaspace: 143407K(156496K)->143407K(156496K) NonClass: 124620K(131248K)->124620K(131248K) Class: 18787K(25248K)->18787K(25248K)
[256.853s][info][gc             ] GC(496) Pause Young (Allocation Failure) 393M->131M(978M) 5.544ms
[256.853s][info][gc,cpu         ] GC(496) User=0.00s Sys=0.00s Real=0.01s
[257.002s][info][gc,start       ] GC(497) Pause Young (Allocation Failure)
[257.010s][info][gc,heap        ] GC(497) PSYoungGen: 301546K->30248K(305152K)
[257.010s][info][gc,heap        ] GC(497) PSOldGen: 115939K->128042K(699392K)
[257.010s][info][gc,metaspace   ] GC(497) Metaspace: 143407K(156496K)->143407K(156496K) NonClass: 124620K(131248K)->124620K(131248K) Class: 18787K(25248K)->18787K(25248K)
[257.010s][info][gc             ] GC(497) Pause Young (Allocation Failure) 407M->154M(981M) 7.253ms
[257.010s][info][gc,cpu         ] GC(497) User=0.00s Sys=0.00s Real=0.01s
[257.043s][info][gc,start       ] GC(498) Pause Young (Allocation Failure)
[257.050s][info][gc,heap        ] GC(498) PSYoungGen: 300575K->15846K(309760K)
[257.050s][info][gc,heap        ] GC(498) PSOldGen: 128042K->153415K(699392K)
[257.050s][info][gc,metaspace   ] GC(498) Metaspace: 143407K(156496K)->143407K(156496K) NonClass: 124620K(131248K)->124620K(131248K) Class: 18787K(25248K)->18787K(25248K)
[257.050s][info][gc             ] GC(498) Pause Young (Allocation Failure) 418M->165M(985M) 6.925ms
[257.050s][info][gc,cpu         ] GC(498) User=0.08s Sys=0.00s Real=0.01s
[257.214s][info][gc,start       ] GC(499) Pause Young (Allocation Failure)
[257.221s][info][gc,heap        ] GC(499) PSYoungGen: 286182K->33612K(301056K)
[257.221s][info][gc,heap        ] GC(499) PSOldGen: 153415K->153455K(699392K)
[257.221s][info][gc,metaspace   ] GC(499) Metaspace: 143407K(156496K)->143407K(156496K) NonClass: 124620K(131248K)->124620K(131248K) Class: 18787K(25248K)->18787K(25248K)
[257.221s][info][gc             ] GC(499) Pause Young (Allocation Failure) 429M->182M(977M) 6.622ms
[257.221s][info][gc,cpu         ] GC(499) User=0.09s Sys=0.00s Real=0.01s
[257.281s][info][gc,start       ] GC(500) Pause Young (Allocation Failure)
[257.286s][info][gc,heap        ] GC(500) PSYoungGen: 294926K->21109K(306176K)
[257.286s][info][gc,heap        ] GC(500) PSOldGen: 153455K->162981K(699392K)
[257.286s][info][gc,metaspace   ] GC(500) Metaspace: 143407K(156496K)->143407K(156496K) NonClass: 124620K(131248K)->124620K(131248K) Class: 18787K(25248K)->18787K(25248K)
[257.286s][info][gc             ] GC(500) Pause Young (Allocation Failure) 437M->179M(982M) 4.950ms
[257.286s][info][gc,cpu         ] GC(500) User=0.00s Sys=0.00s Real=0.01s
[257.318s][info][gc,start       ] GC(501) Pause Young (Allocation Failure)
[257.323s][info][gc,heap        ] GC(501) PSYoungGen: 284277K->27009K(303616K)
[257.324s][info][gc,heap        ] GC(501) PSOldGen: 162981K->171031K(699392K)
[257.324s][info][gc,metaspace   ] GC(501) Metaspace: 143407K(156496K)->143407K(156496K) NonClass: 124620K(131248K)->124620K(131248K) Class: 18787K(25248K)->18787K(25248K)
[257.324s][info][gc             ] GC(501) Pause Young (Allocation Failure) 436M->193M(979M) 5.364ms
[257.324s][info][gc,cpu         ] GC(501) User=0.00s Sys=0.00s Real=0.01s
[257.357s][info][gc,start       ] GC(502) Pause Young (Allocation Failure)
[257.360s][info][gc,heap        ] GC(502) PSYoungGen: 287818K->13058K(305152K)
[257.360s][info][gc,heap        ] GC(502) PSOldGen: 171031K->175996K(699392K)
[257.360s][info][gc,metaspace   ] GC(502) Metaspace: 143407K(156496K)->143407K(156496K) NonClass: 124620K(131248K)->124620K(131248K) Class: 18787K(25248K)->18787K(25248K)
[257.360s][info][gc             ] GC(502) Pause Young (Allocation Failure) 448M->184M(981M) 3.514ms
[257.360s][info][gc,cpu         ] GC(502) User=0.06s Sys=0.00s Real=0.00s
[257.532s][info][gc,start       ] GC(503) Pause Young (Allocation Failure)
[257.539s][info][gc,heap        ] GC(503) PSYoungGen: 273891K->35537K(297984K)
[257.539s][info][gc,heap        ] GC(503) PSOldGen: 175996K->176201K(699392K)
[257.539s][info][gc,metaspace   ] GC(503) Metaspace: 143407K(156496K)->143407K(156496K) NonClass: 124620K(131248K)->124620K(131248K) Class: 18787K(25248K)->18787K(25248K)
[257.539s][info][gc             ] GC(503) Pause Young (Allocation Failure) 439M->206M(974M) 6.574ms
[257.539s][info][gc,cpu         ] GC(503) User=0.00s Sys=0.00s Real=0.00s
[257.721s][info][gc,start       ] GC(504) Pause Young (Allocation Failure)
[257.724s][info][gc,heap        ] GC(504) PSYoungGen: 291537K->12327K(302592K)
[257.724s][info][gc,heap        ] GC(504) PSOldGen: 176201K->180406K(699392K)
[257.724s][info][gc,metaspace   ] GC(504) Metaspace: 143407K(156496K)->143407K(156496K) NonClass: 124620K(131248K)->124620K(131248K) Class: 18787K(25248K)->18787K(25248K)
[257.724s][info][gc             ] GC(504) Pause Young (Allocation Failure) 456M->188M(978M) 3.428ms
[257.724s][info][gc,cpu         ] GC(504) User=0.00s Sys=0.00s Real=0.00s
[258.640s][info][gc,start       ] GC(505) Pause Young (GCLocker Initiated GC)
[258.644s][info][gc,heap        ] GC(505) PSYoungGen: 268327K->4747K(305152K)
[258.644s][info][gc,heap        ] GC(505) PSOldGen: 180406K->192469K(699392K)
[258.644s][info][gc,metaspace   ] GC(505) Metaspace: 143408K(156496K)->143408K(156496K) NonClass: 124620K(131248K)->124620K(131248K) Class: 18787K(25248K)->18787K(25248K)
[258.644s][info][gc             ] GC(505) Pause Young (GCLocker Initiated GC) 438M->192M(981M) 4.213ms
[258.644s][info][gc,cpu         ] GC(505) User=0.05s Sys=0.00s Real=0.00s
[259.894s][info][gc,start       ] GC(506) Pause Young (Allocation Failure)
[259.896s][info][gc,heap        ] GC(506) PSYoungGen: 265355K->621K(304640K)
[259.896s][info][gc,heap        ] GC(506) PSOldGen: 196568K->197207K(699392K)
[259.896s][info][gc,metaspace   ] GC(506) Metaspace: 143408K(156496K)->143408K(156496K) NonClass: 124621K(131248K)->124621K(131248K) Class: 18787K(25248K)->18787K(25248K)
[259.896s][info][gc             ] GC(506) Pause Young (Allocation Failure) 451M->193M(980M) 2.239ms
[259.896s][info][gc,cpu         ] GC(506) User=0.00s Sys=0.00s Real=0.00s
[260.943s][info][gc,start       ] GC(507) Pause Young (Allocation Failure)
[260.947s][info][gc,heap        ] GC(507) PSYoungGen: 261229K->4779K(306176K)
[260.947s][info][gc,heap        ] GC(507) PSOldGen: 197207K->197573K(699392K)
[260.947s][info][gc,metaspace   ] GC(507) Metaspace: 143408K(156496K)->143408K(156496K) NonClass: 124621K(131248K)->124621K(131248K) Class: 18787K(25248K)->18787K(25248K)
[260.947s][info][gc             ] GC(507) Pause Young (Allocation Failure) 447M->197M(982M) 3.729ms
[260.947s][info][gc,cpu         ] GC(507) User=0.00s Sys=0.00s Real=0.00s
[262.063s][info][gc,start       ] GC(508) Pause Young (Allocation Failure)
[262.065s][info][gc,heap        ] GC(508) PSYoungGen: 266923K->744K(305152K)
[262.065s][info][gc,heap        ] GC(508) PSOldGen: 197573K->198043K(699392K)
[262.065s][info][gc,metaspace   ] GC(508) Metaspace: 143408K(156496K)->143408K(156496K) NonClass: 124621K(131248K)->124621K(131248K) Class: 18787K(25248K)->18787K(25248K)
[262.065s][info][gc             ] GC(508) Pause Young (Allocation Failure) 453M->194M(981M) 2.173ms
[262.065s][info][gc,cpu         ] GC(508) User=0.00s Sys=0.00s Real=0.00s
[263.240s][info][gc,start       ] GC(509) Pause Young (Allocation Failure)
[263.242s][info][gc,heap        ] GC(509) PSYoungGen: 262198K->1345K(307712K)
[263.242s][info][gc,heap        ] GC(509) PSOldGen: 198043K->198398K(699392K)
[263.242s][info][gc,metaspace   ] GC(509) Metaspace: 143408K(156496K)->143408K(156496K) NonClass: 124621K(131248K)->124621K(131248K) Class: 18787K(25248K)->18787K(25248K)
[263.242s][info][gc             ] GC(509) Pause Young (Allocation Failure) 449M->195M(983M) 2.547ms
[263.242s][info][gc,cpu         ] GC(509) User=0.00s Sys=0.00s Real=0.00s
[264.095s][info][gc,start       ] GC(510) Pause Young (Allocation Failure)
[264.098s][info][gc,heap        ] GC(510) PSYoungGen: 266561K->3029K(306688K)
[264.098s][info][gc,heap        ] GC(510) PSOldGen: 198398K->198849K(699392K)
[264.098s][info][gc,metaspace   ] GC(510) Metaspace: 143409K(156496K)->143409K(156496K) NonClass: 124622K(131248K)->124622K(131248K) Class: 18787K(25248K)->18787K(25248K)
[264.098s][info][gc             ] GC(510) Pause Young (Allocation Failure) 454M->197M(982M) 2.890ms
[264.098s][info][gc,cpu         ] GC(510) User=0.00s Sys=0.00s Real=0.00s
[264.216s][info][gc,start       ] GC(511) Pause Young (System.gc())
[264.218s][info][gc,heap        ] GC(511) PSYoungGen: 104285K->684K(310784K)
[264.218s][info][gc,heap        ] GC(511) PSOldGen: 198849K->201034K(699392K)
[264.218s][info][gc,metaspace   ] GC(511) Metaspace: 143615K(156496K)->143615K(156496K) NonClass: 124827K(131248K)->124827K(131248K) Class: 18787K(25248K)->18787K(25248K)
[264.218s][info][gc             ] GC(511) Pause Young (System.gc()) 296M->196M(986M) 2.814ms
[264.218s][info][gc,cpu         ] GC(511) User=0.00s Sys=0.00s Real=0.00s
[264.218s][info][gc,start       ] GC(512) Pause Full (System.gc())
[264.220s][info][gc,phases,start] GC(512) Phase 1: Mark live objects
[264.289s][info][gc,phases      ] GC(512) Phase 1: Mark live objects 68.728ms
[264.289s][info][gc,phases,start] GC(512) Phase 2: Compute new object addresses
[264.300s][info][gc,phases      ] GC(512) Phase 2: Compute new object addresses 10.815ms
[264.300s][info][gc,phases,start] GC(512) Phase 3: Adjust pointers
[264.339s][info][gc,phases      ] GC(512) Phase 3: Adjust pointers 38.949ms
[264.339s][info][gc,phases,start] GC(512) Phase 4: Move objects
[264.340s][info][gc,phases      ] GC(512) Phase 4: Move objects 1.562ms
[264.341s][info][gc,heap        ] GC(512) PSYoungGen: 684K->0K(310784K)
[264.341s][info][gc,heap        ] GC(512) PSOldGen: 201034K->106080K(699392K)
[264.341s][info][gc,metaspace   ] GC(512) Metaspace: 143615K(156496K)->143615K(156496K) NonClass: 124827K(131248K)->124827K(131248K) Class: 18787K(25248K)->18787K(25248K)
[264.341s][info][gc             ] GC(512) Pause Full (System.gc()) 196M->103M(986M) 123.015ms
[264.342s][info][gc,cpu         ] GC(512) User=0.12s Sys=0.00s Real=0.12s
[264.479s][info][gc,start       ] GC(513) Pause Young (Allocation Failure)
[264.482s][info][gc,heap        ] GC(513) PSYoungGen: 270848K->16993K(309248K)
[264.483s][info][gc,heap        ] GC(513) PSOldGen: 106080K->106080K(699392K)
[264.483s][info][gc,metaspace   ] GC(513) Metaspace: 143649K(156496K)->143649K(156496K) NonClass: 124861K(131248K)->124861K(131248K) Class: 18787K(25248K)->18787K(25248K)
[264.483s][info][gc             ] GC(513) Pause Young (Allocation Failure) 368M->120M(985M) 3.438ms
[264.483s][info][gc,cpu         ] GC(513) User=0.00s Sys=0.00s Real=0.00s
[264.540s][info][gc,start       ] GC(514) Pause Young (Allocation Failure)
[264.545s][info][gc,heap        ] GC(514) PSYoungGen: 287841K->17286K(310784K)
[264.545s][info][gc,heap        ] GC(514) PSOldGen: 106080K->119012K(699392K)
[264.545s][info][gc,metaspace   ] GC(514) Metaspace: 143649K(156496K)->143649K(156496K) NonClass: 124861K(131248K)->124861K(131248K) Class: 18787K(25248K)->18787K(25248K)
[264.545s][info][gc             ] GC(514) Pause Young (Allocation Failure) 384M->133M(986M) 5.318ms
[264.545s][info][gc,cpu         ] GC(514) User=0.00s Sys=0.00s Real=0.01s
[264.693s][info][gc,start       ] GC(515) Pause Young (Allocation Failure)
[264.701s][info][gc,heap        ] GC(515) PSYoungGen: 287069K->38383K(310784K)
[264.701s][info][gc,heap        ] GC(515) PSOldGen: 119012K->132178K(699392K)
[264.701s][info][gc,metaspace   ] GC(515) Metaspace: 143649K(156496K)->143649K(156496K) NonClass: 124861K(131248K)->124861K(131248K) Class: 18787K(25248K)->18787K(25248K)
[264.701s][info][gc             ] GC(515) Pause Young (Allocation Failure) 396M->166M(986M) 8.087ms
[264.701s][info][gc,cpu         ] GC(515) User=0.00s Sys=0.00s Real=0.01s
[264.736s][info][gc,start       ] GC(516) Pause Young (GCLocker Initiated GC)
[264.742s][info][gc,heap        ] GC(516) PSYoungGen: 309812K->8876K(291328K)
[264.742s][info][gc,heap        ] GC(516) PSOldGen: 136274K->161209K(699392K)
[264.742s][info][gc,metaspace   ] GC(516) Metaspace: 143649K(156496K)->143649K(156496K) NonClass: 124861K(131248K)->124861K(131248K) Class: 18787K(25248K)->18787K(25248K)
[264.742s][info][gc             ] GC(516) Pause Young (GCLocker Initiated GC) 435M->166M(967M) 6.193ms
[264.742s][info][gc,cpu         ] GC(516) User=0.00s Sys=0.00s Real=0.01s
[264.901s][info][gc,start       ] GC(517) Pause Young (Allocation Failure)
[264.906s][info][gc,heap        ] GC(517) PSYoungGen: 261804K->24970K(278016K)
[264.906s][info][gc,heap        ] GC(517) PSOldGen: 172929K->173906K(699392K)
[264.906s][info][gc,metaspace   ] GC(517) Metaspace: 143649K(156496K)->143649K(156496K) NonClass: 124861K(131248K)->124861K(131248K) Class: 18787K(25248K)->18787K(25248K)
[264.906s][info][gc             ] GC(517) Pause Young (Allocation Failure) 424M->194M(954M) 5.025ms
[264.906s][info][gc,cpu         ] GC(517) User=0.09s Sys=0.00s Real=0.01s
[264.951s][info][gc,start       ] GC(518) Pause Young (Allocation Failure)
[264.956s][info][gc,heap        ] GC(518) PSYoungGen: 277898K->22638K(301056K)
[264.956s][info][gc,heap        ] GC(518) PSOldGen: 173906K->174071K(699392K)
[264.956s][info][gc,metaspace   ] GC(518) Metaspace: 143649K(156496K)->143649K(156496K) NonClass: 124861K(131248K)->124861K(131248K) Class: 18787K(25248K)->18787K(25248K)
[264.956s][info][gc             ] GC(518) Pause Young (Allocation Failure) 441M->192M(977M) 4.654ms
[264.956s][info][gc,cpu         ] GC(518) User=0.08s Sys=0.00s Real=0.02s
[265.000s][info][gc,start       ] GC(519) Pause Young (GCLocker Initiated GC)
[265.005s][info][gc,heap        ] GC(519) PSYoungGen: 273522K->19026K(300544K)
[265.005s][info][gc,heap        ] GC(519) PSOldGen: 182263K->190703K(699392K)
[265.005s][info][gc,metaspace   ] GC(519) Metaspace: 143649K(156496K)->143649K(156496K) NonClass: 124861K(131248K)->124861K(131248K) Class: 18787K(25248K)->18787K(25248K)
[265.005s][info][gc             ] GC(519) Pause Young (GCLocker Initiated GC) 445M->204M(976M) 4.744ms
[265.005s][info][gc,cpu         ] GC(519) User=0.00s Sys=0.00s Real=0.01s
[265.036s][info][gc,start       ] GC(520) Pause Young (Allocation Failure)
[265.039s][info][gc,heap        ] GC(520) PSYoungGen: 271442K->8754K(305152K)
[265.039s][info][gc,heap        ] GC(520) PSOldGen: 190704K->195838K(699392K)
[265.039s][info][gc,metaspace   ] GC(520) Metaspace: 143649K(156496K)->143649K(156496K) NonClass: 124861K(131248K)->124861K(131248K) Class: 18787K(25248K)->18787K(25248K)
[265.039s][info][gc             ] GC(520) Pause Young (Allocation Failure) 451M->199M(981M) 3.523ms
[265.039s][info][gc,cpu         ] GC(520) User=0.00s Sys=0.00s Real=0.00s
[265.197s][info][gc,start       ] GC(521) Pause Young (GCLocker Initiated GC)
[265.201s][info][gc,heap        ] GC(521) PSYoungGen: 267826K->15173K(303104K)
[265.201s][info][gc,heap        ] GC(521) PSOldGen: 195966K->196162K(699392K)
[265.201s][info][gc,metaspace   ] GC(521) Metaspace: 143649K(156496K)->143649K(156496K) NonClass: 124861K(131248K)->124861K(131248K) Class: 18787K(25248K)->18787K(25248K)
[265.201s][info][gc             ] GC(521) Pause Young (GCLocker Initiated GC) 452M->206M(979M) 3.656ms
[265.201s][info][gc,cpu         ] GC(521) User=0.00s Sys=0.00s Real=0.00s
[265.344s][info][gc,start       ] GC(522) Pause Young (Allocation Failure)
[265.348s][info][gc,heap        ] GC(522) PSYoungGen: 274245K->15945K(310272K)
[265.348s][info][gc,heap        ] GC(522) PSOldGen: 196165K->196621K(699392K)
[265.348s][info][gc,metaspace   ] GC(522) Metaspace: 143649K(156496K)->143649K(156496K) NonClass: 124861K(131248K)->124861K(131248K) Class: 18787K(25248K)->18787K(25248K)
[265.348s][info][gc             ] GC(522) Pause Young (Allocation Failure) 459M->207M(986M) 3.617ms
[265.348s][info][gc,cpu         ] GC(522) User=0.00s Sys=0.00s Real=0.00s
[266.127s][info][gc,start       ] GC(523) Pause Young (Allocation Failure)
[266.132s][info][gc,heap        ] GC(523) PSYoungGen: 284745K->1623K(307712K)
[266.132s][info][gc,heap        ] GC(523) PSOldGen: 196621K->212454K(699392K)
[266.132s][info][gc,metaspace   ] GC(523) Metaspace: 143649K(156496K)->143649K(156496K) NonClass: 124861K(131248K)->124861K(131248K) Class: 18787K(25248K)->18787K(25248K)
[266.132s][info][gc             ] GC(523) Pause Young (Allocation Failure) 470M->209M(983M) 4.884ms
[266.132s][info][gc,cpu         ] GC(523) User=0.00s Sys=0.00s Real=0.01s
[267.329s][info][gc,start       ] GC(524) Pause Young (GCLocker Initiated GC)
[267.332s][info][gc,heap        ] GC(524) PSYoungGen: 270423K->5008K(310784K)
[267.332s][info][gc,heap        ] GC(524) PSOldGen: 212465K->213180K(699392K)
[267.332s][info][gc,metaspace   ] GC(524) Metaspace: 143650K(156496K)->143650K(156496K) NonClass: 124863K(131248K)->124863K(131248K) Class: 18787K(25248K)->18787K(25248K)
[267.332s][info][gc             ] GC(524) Pause Young (GCLocker Initiated GC) 471M->213M(986M) 3.044ms
[267.332s][info][gc,cpu         ] GC(524) User=0.00s Sys=0.00s Real=0.00s
[268.521s][info][gc,start       ] GC(525) Pause Young (Allocation Failure)
[268.523s][info][gc,heap        ] GC(525) PSYoungGen: 276880K->1594K(310272K)
[268.523s][info][gc,heap        ] GC(525) PSOldGen: 217279K->217859K(699392K)
[268.523s][info][gc,metaspace   ] GC(525) Metaspace: 143650K(156496K)->143650K(156496K) NonClass: 124863K(131248K)->124863K(131248K) Class: 18787K(25248K)->18787K(25248K)
[268.523s][info][gc             ] GC(525) Pause Young (Allocation Failure) 482M->214M(986M) 2.340ms
[268.523s][info][gc,cpu         ] GC(525) User=0.00s Sys=0.00s Real=0.00s
[269.616s][info][gc,start       ] GC(526) Pause Young (Allocation Failure)
[269.620s][info][gc,heap        ] GC(526) PSYoungGen: 272675K->6033K(312832K)
[269.620s][info][gc,heap        ] GC(526) PSOldGen: 217859K->218376K(699392K)
[269.620s][info][gc,metaspace   ] GC(526) Metaspace: 143650K(156496K)->143650K(156496K) NonClass: 124863K(131248K)->124863K(131248K) Class: 18787K(25248K)->18787K(25248K)
[269.620s][info][gc             ] GC(526) Pause Young (Allocation Failure) 479M->219M(988M) 3.366ms
[269.620s][info][gc,cpu         ] GC(526) User=0.00s Sys=0.00s Real=0.00s
[270.870s][info][gc,start       ] GC(527) Pause Young (Allocation Failure)
[270.873s][info][gc,heap        ] GC(527) PSYoungGen: 280977K->2516K(311296K)
[270.873s][info][gc,heap        ] GC(527) PSOldGen: 218376K->218793K(699392K)
[270.873s][info][gc,metaspace   ] GC(527) Metaspace: 143650K(156496K)->143650K(156496K) NonClass: 124863K(131248K)->124863K(131248K) Class: 18787K(25248K)->18787K(25248K)
[270.873s][info][gc             ] GC(527) Pause Young (Allocation Failure) 487M->216M(987M) 3.398ms
[270.873s][info][gc,cpu         ] GC(527) User=0.00s Sys=0.00s Real=0.00s
[271.730s][info][gc,start       ] GC(528) Pause Young (Allocation Failure)
[271.732s][info][gc,heap        ] GC(528) PSYoungGen: 277427K->2706K(314880K)
[271.732s][info][gc,heap        ] GC(528) PSOldGen: 218793K->219297K(699392K)
[271.732s][info][gc,metaspace   ] GC(528) Metaspace: 143650K(156496K)->143650K(156496K) NonClass: 124863K(131248K)->124863K(131248K) Class: 18787K(25248K)->18787K(25248K)
[271.732s][info][gc             ] GC(528) Pause Young (Allocation Failure) 484M->216M(990M) 2.239ms
[271.732s][info][gc,cpu         ] GC(528) User=0.00s Sys=0.00s Real=0.00s
[271.842s][info][gc,start       ] GC(529) Pause Young (System.gc())
[271.845s][info][gc,heap        ] GC(529) PSYoungGen: 90602K->517K(313856K)
[271.845s][info][gc,heap        ] GC(529) PSOldGen: 219297K->221628K(699392K)
[271.845s][info][gc,metaspace   ] GC(529) Metaspace: 143680K(156752K)->143680K(156752K) NonClass: 124892K(131504K)->124892K(131504K) Class: 18787K(25248K)->18787K(25248K)
[271.845s][info][gc             ] GC(529) Pause Young (System.gc()) 302M->216M(989M) 2.943ms
[271.845s][info][gc,cpu         ] GC(529) User=0.08s Sys=0.02s Real=0.01s
[271.845s][info][gc,start       ] GC(530) Pause Full (System.gc())
[271.847s][info][gc,phases,start] GC(530) Phase 1: Mark live objects
[271.916s][info][gc,phases      ] GC(530) Phase 1: Mark live objects 68.599ms
[271.916s][info][gc,phases,start] GC(530) Phase 2: Compute new object addresses
[271.927s][info][gc,phases      ] GC(530) Phase 2: Compute new object addresses 11.159ms
[271.927s][info][gc,phases,start] GC(530) Phase 3: Adjust pointers
[271.967s][info][gc,phases      ] GC(530) Phase 3: Adjust pointers 39.685ms
[271.967s][info][gc,phases,start] GC(530) Phase 4: Move objects
[271.971s][info][gc,phases      ] GC(530) Phase 4: Move objects 4.686ms
[271.972s][info][gc,heap        ] GC(530) PSYoungGen: 517K->0K(313856K)
[271.973s][info][gc,heap        ] GC(530) PSOldGen: 221628K->71101K(699392K)
[271.973s][info][gc,metaspace   ] GC(530) Metaspace: 143680K(156752K)->143680K(156752K) NonClass: 124892K(131504K)->124892K(131504K) Class: 18787K(25248K)->18787K(25248K)
[271.973s][info][gc             ] GC(530) Pause Full (System.gc()) 216M->69M(989M) 127.274ms
[271.973s][info][gc,cpu         ] GC(530) User=0.12s Sys=0.00s Real=0.13s
[272.103s][info][gc,start       ] GC(531) Pause Young (Allocation Failure)
[272.106s][info][gc,heap        ] GC(531) PSYoungGen: 279552K->17056K(313856K)
[272.106s][info][gc,heap        ] GC(531) PSOldGen: 71101K->71101K(699392K)
[272.106s][info][gc,metaspace   ] GC(531) Metaspace: 143725K(156752K)->143725K(156752K) NonClass: 124938K(131504K)->124938K(131504K) Class: 18787K(25248K)->18787K(25248K)
[272.106s][info][gc             ] GC(531) Pause Young (Allocation Failure) 342M->86M(989M) 3.295ms
[272.106s][info][gc,cpu         ] GC(531) User=0.00s Sys=0.00s Real=0.00s
[272.170s][info][gc,start       ] GC(532) Pause Young (Allocation Failure)
[272.175s][info][gc,heap        ] GC(532) PSYoungGen: 297632K->18758K(299520K)
[272.175s][info][gc,heap        ] GC(532) PSOldGen: 71101K->84081K(699392K)
[272.175s][info][gc,metaspace   ] GC(532) Metaspace: 143725K(156752K)->143725K(156752K) NonClass: 124938K(131504K)->124938K(131504K) Class: 18787K(25248K)->18787K(25248K)
[272.175s][info][gc             ] GC(532) Pause Young (Allocation Failure) 360M->100M(975M) 5.376ms
[272.175s][info][gc,cpu         ] GC(532) User=0.08s Sys=0.00s Real=0.00s
[272.325s][info][gc,start       ] GC(533) Pause Young (Allocation Failure)
[272.333s][info][gc,heap        ] GC(533) PSYoungGen: 296976K->34540K(301056K)
[272.333s][info][gc,heap        ] GC(533) PSOldGen: 84081K->95783K(699392K)
[272.333s][info][gc,metaspace   ] GC(533) Metaspace: 143725K(156752K)->143725K(156752K) NonClass: 124938K(131504K)->124938K(131504K) Class: 18787K(25248K)->18787K(25248K)
[272.333s][info][gc             ] GC(533) Pause Young (Allocation Failure) 372M->127M(977M) 7.486ms
[272.333s][info][gc,cpu         ] GC(533) User=0.08s Sys=0.02s Real=0.01s
[272.365s][info][gc,start       ] GC(534) Pause Young (Allocation Failure)
[272.372s][info][gc,heap        ] GC(534) PSYoungGen: 296973K->11926K(307712K)
[272.372s][info][gc,heap        ] GC(534) PSOldGen: 95783K->121513K(699392K)
[272.372s][info][gc,metaspace   ] GC(534) Metaspace: 143726K(156752K)->143726K(156752K) NonClass: 124938K(131504K)->124938K(131504K) Class: 18787K(25248K)->18787K(25248K)
[272.372s][info][gc             ] GC(534) Pause Young (Allocation Failure) 383M->130M(983M) 6.608ms
[272.372s][info][gc,cpu         ] GC(534) User=0.00s Sys=0.00s Real=0.00s
[272.538s][info][gc,start       ] GC(535) Pause Young (Allocation Failure)
[272.544s][info][gc,heap        ] GC(535) PSYoungGen: 278166K->30924K(302080K)
[272.544s][info][gc,heap        ] GC(535) PSOldGen: 121513K->121561K(699392K)
[272.544s][info][gc,metaspace   ] GC(535) Metaspace: 143726K(156752K)->143726K(156752K) NonClass: 124938K(131504K)->124938K(131504K) Class: 18787K(25248K)->18787K(25248K)
[272.544s][info][gc             ] GC(535) Pause Young (Allocation Failure) 390M->148M(978M) 6.374ms
[272.544s][info][gc,cpu         ] GC(535) User=0.00s Sys=0.00s Real=0.01s
[272.604s][info][gc,start       ] GC(536) Pause Young (Allocation Failure)
[272.607s][info][gc,heap        ] GC(536) PSYoungGen: 294092K->8135K(306176K)
[272.607s][info][gc,heap        ] GC(536) PSOldGen: 121561K->131086K(699392K)
[272.607s][info][gc,metaspace   ] GC(536) Metaspace: 143726K(156752K)->143726K(156752K) NonClass: 124938K(131504K)->124938K(131504K) Class: 18787K(25248K)->18787K(25248K)
[272.607s][info][gc             ] GC(536) Pause Young (Allocation Failure) 405M->135M(982M) 3.558ms
[272.607s][info][gc,cpu         ] GC(536) User=0.00s Sys=0.00s Real=0.02s
[272.639s][info][gc,start       ] GC(537) Pause Young (Allocation Failure)
[272.644s][info][gc,heap        ] GC(537) PSYoungGen: 269619K->18865K(308736K)
[272.644s][info][gc,heap        ] GC(537) PSOldGen: 131086K->139068K(699392K)
[272.644s][info][gc,metaspace   ] GC(537) Metaspace: 143726K(156752K)->143726K(156752K) NonClass: 124938K(131504K)->124938K(131504K) Class: 18787K(25248K)->18787K(25248K)
[272.644s][info][gc             ] GC(537) Pause Young (Allocation Failure) 391M->154M(984M) 4.551ms
[272.644s][info][gc,cpu         ] GC(537) User=0.08s Sys=0.00s Real=0.00s
[272.676s][info][gc,start       ] GC(538) Pause Young (Allocation Failure)
[272.679s][info][gc,heap        ] GC(538) PSYoungGen: 284366K->8451K(307712K)
[272.679s][info][gc,heap        ] GC(538) PSOldGen: 139068K->143721K(699392K)
[272.679s][info][gc,metaspace   ] GC(538) Metaspace: 143726K(156752K)->143726K(156752K) NonClass: 124938K(131504K)->124938K(131504K) Class: 18787K(25248K)->18787K(25248K)
[272.679s][info][gc             ] GC(538) Pause Young (Allocation Failure) 413M->148M(983M) 3.158ms
[272.679s][info][gc,cpu         ] GC(538) User=0.00s Sys=0.00s Real=0.00s
[272.848s][info][gc,start       ] GC(539) Pause Young (Allocation Failure)
[272.855s][info][gc,heap        ] GC(539) PSYoungGen: 275715K->38069K(297984K)
[272.856s][info][gc,heap        ] GC(539) PSOldGen: 143721K->144949K(699392K)
[272.856s][info][gc,metaspace   ] GC(539) Metaspace: 143726K(156752K)->143726K(156752K) NonClass: 124938K(131504K)->124938K(131504K) Class: 18787K(25248K)->18787K(25248K)
[272.856s][info][gc             ] GC(539) Pause Young (Allocation Failure) 409M->178M(974M) 7.236ms
[272.856s][info][gc,cpu         ] GC(539) User=0.00s Sys=0.00s Real=0.01s
[273.038s][info][gc,start       ] GC(540) Pause Young (Allocation Failure)
[273.041s][info][gc,heap        ] GC(540) PSYoungGen: 297075K->14638K(304128K)
[273.041s][info][gc,heap        ] GC(540) PSOldGen: 144949K->146975K(699392K)
[273.041s][info][gc,metaspace   ] GC(540) Metaspace: 143726K(156752K)->143726K(156752K) NonClass: 124938K(131504K)->124938K(131504K) Class: 18787K(25248K)->18787K(25248K)
[273.041s][info][gc             ] GC(540) Pause Young (Allocation Failure) 431M->157M(980M) 3.659ms
[273.041s][info][gc,cpu         ] GC(540) User=0.00s Sys=0.00s Real=0.00s
[273.960s][info][gc,start       ] GC(541) Pause Young (Allocation Failure)
[273.965s][info][gc,heap        ] GC(541) PSYoungGen: 273710K->5564K(307200K)
[273.965s][info][gc,heap        ] GC(541) PSOldGen: 146975K->161374K(699392K)
[273.965s][info][gc,metaspace   ] GC(541) Metaspace: 143727K(156752K)->143727K(156752K) NonClass: 124939K(131504K)->124939K(131504K) Class: 18787K(25248K)->18787K(25248K)
[273.965s][info][gc             ] GC(541) Pause Young (Allocation Failure) 410M->163M(983M) 5.026ms
[273.965s][info][gc,cpu         ] GC(541) User=0.00s Sys=0.00s Real=0.01s
[275.216s][info][gc,start       ] GC(542) Pause Young (Allocation Failure)
[275.218s][info][gc,heap        ] GC(542) PSYoungGen: 269207K->615K(306688K)
[275.218s][info][gc,heap        ] GC(542) PSOldGen: 161374K->162021K(699392K)
[275.218s][info][gc,metaspace   ] GC(542) Metaspace: 143727K(156752K)->143727K(156752K) NonClass: 124939K(131504K)->124939K(131504K) Class: 18787K(25248K)->18787K(25248K)
[275.218s][info][gc             ] GC(542) Pause Young (Allocation Failure) 420M->158M(982M) 1.880ms
[275.218s][info][gc,cpu         ] GC(542) User=0.00s Sys=0.00s Real=0.00s
[276.336s][info][gc,start       ] GC(543) Pause Young (Allocation Failure)
[276.338s][info][gc,heap        ] GC(543) PSYoungGen: 264302K->1227K(308224K)
[276.338s][info][gc,heap        ] GC(543) PSOldGen: 162021K->162415K(699392K)
[276.338s][info][gc,metaspace   ] GC(543) Metaspace: 143727K(156752K)->143727K(156752K) NonClass: 124939K(131504K)->124939K(131504K) Class: 18787K(25248K)->18787K(25248K)
[276.338s][info][gc             ] GC(543) Pause Young (Allocation Failure) 416M->159M(984M) 2.599ms
[276.338s][info][gc,cpu         ] GC(543) User=0.00s Sys=0.00s Real=0.00s
[277.405s][info][gc,start       ] GC(544) Pause Young (Allocation Failure)
[277.408s][info][gc,heap        ] GC(544) PSYoungGen: 267979K->1589K(307712K)
[277.408s][info][gc,heap        ] GC(544) PSOldGen: 162415K->162810K(699392K)
[277.408s][info][gc,metaspace   ] GC(544) Metaspace: 143727K(156752K)->143727K(156752K) NonClass: 124939K(131504K)->124939K(131504K) Class: 18787K(25248K)->18787K(25248K)
[277.408s][info][gc             ] GC(544) Pause Young (Allocation Failure) 420M->160M(983M) 3.085ms
[277.408s][info][gc,cpu         ] GC(544) User=0.06s Sys=0.00s Real=0.00s
[278.544s][info][gc,start       ] GC(545) Pause Young (Allocation Failure)
[278.547s][info][gc,heap        ] GC(545) PSYoungGen: 268341K->4384K(310784K)
[278.547s][info][gc,heap        ] GC(545) PSOldGen: 162810K->163241K(699392K)
[278.547s][info][gc,metaspace   ] GC(545) Metaspace: 143727K(156752K)->143727K(156752K) NonClass: 124939K(131504K)->124939K(131504K) Class: 18787K(25248K)->18787K(25248K)
[278.547s][info][gc             ] GC(545) Pause Young (Allocation Failure) 421M->163M(986M) 2.918ms
[278.547s][info][gc,cpu         ] GC(545) User=0.00s Sys=0.00s Real=0.00s
[279.386s][info][gc,start       ] GC(546) Pause Young (Allocation Failure)
[279.388s][info][gc,heap        ] GC(546) PSYoungGen: 271932K->2882K(309248K)
[279.388s][info][gc,heap        ] GC(546) PSOldGen: 163241K->163599K(699392K)
[279.388s][info][gc,metaspace   ] GC(546) Metaspace: 143727K(156752K)->143727K(156752K) NonClass: 124939K(131504K)->124939K(131504K) Class: 18787K(25248K)->18787K(25248K)
[279.388s][info][gc             ] GC(546) Pause Young (Allocation Failure) 424M->162M(985M) 2.777ms
[279.388s][info][gc,cpu         ] GC(546) User=0.00s Sys=0.00s Real=0.00s
[279.495s][info][gc,start       ] GC(547) Pause Young (System.gc())
[279.497s][info][gc,heap        ] GC(547) PSYoungGen: 85006K->320K(313344K)
[279.497s][info][gc,heap        ] GC(547) PSOldGen: 163599K->166125K(699392K)
[279.497s][info][gc,metaspace   ] GC(547) Metaspace: 143738K(156752K)->143738K(156752K) NonClass: 124951K(131504K)->124951K(131504K) Class: 18787K(25248K)->18787K(25248K)
[279.497s][info][gc             ] GC(547) Pause Young (System.gc()) 242M->162M(989M) 2.581ms
[279.497s][info][gc,cpu         ] GC(547) User=0.00s Sys=0.00s Real=0.00s
[279.497s][info][gc,start       ] GC(548) Pause Full (System.gc())
[279.499s][info][gc,phases,start] GC(548) Phase 1: Mark live objects
[279.568s][info][gc,phases      ] GC(548) Phase 1: Mark live objects 69.123ms
[279.568s][info][gc,phases,start] GC(548) Phase 2: Compute new object addresses
[279.579s][info][gc,phases      ] GC(548) Phase 2: Compute new object addresses 10.781ms
[279.579s][info][gc,phases,start] GC(548) Phase 3: Adjust pointers
[279.618s][info][gc,phases      ] GC(548) Phase 3: Adjust pointers 38.695ms
[279.618s][info][gc,phases,start] GC(548) Phase 4: Move objects
[279.619s][info][gc,phases      ] GC(548) Phase 4: Move objects 0.859ms
[279.620s][info][gc,heap        ] GC(548) PSYoungGen: 320K->0K(313344K)
[279.620s][info][gc,heap        ] GC(548) PSOldGen: 166125K->105970K(699392K)
[279.620s][info][gc,metaspace   ] GC(548) Metaspace: 143738K(156752K)->143738K(156752K) NonClass: 124951K(131504K)->124951K(131504K) Class: 18787K(25248K)->18787K(25248K)
[279.620s][info][gc             ] GC(548) Pause Full (System.gc()) 162M->103M(989M) 122.327ms
[279.620s][info][gc,cpu         ] GC(548) User=0.12s Sys=0.00s Real=0.12s
[279.744s][info][gc,start       ] GC(549) Pause Young (Allocation Failure)
[279.747s][info][gc,heap        ] GC(549) PSYoungGen: 276480K->17041K(312320K)
[279.747s][info][gc,heap        ] GC(549) PSOldGen: 105970K->105970K(699392K)
[279.747s][info][gc,metaspace   ] GC(549) Metaspace: 143754K(156752K)->143754K(156752K) NonClass: 124967K(131504K)->124967K(131504K) Class: 18787K(25248K)->18787K(25248K)
[279.748s][info][gc             ] GC(549) Pause Young (Allocation Failure) 373M->120M(988M) 3.672ms
[279.748s][info][gc,cpu         ] GC(549) User=0.00s Sys=0.00s Real=0.00s
[279.808s][info][gc,start       ] GC(550) Pause Young (Allocation Failure)
[279.813s][info][gc,heap        ] GC(550) PSYoungGen: 293521K->15462K(313344K)
[279.813s][info][gc,heap        ] GC(550) PSOldGen: 105970K->118921K(699392K)
[279.813s][info][gc,metaspace   ] GC(550) Metaspace: 143754K(156752K)->143754K(156752K) NonClass: 124967K(131504K)->124967K(131504K) Class: 18787K(25248K)->18787K(25248K)
[279.813s][info][gc             ] GC(550) Pause Young (Allocation Failure) 390M->131M(989M) 5.197ms
[279.813s][info][gc,cpu         ] GC(550) User=0.09s Sys=0.00s Real=0.01s
[279.958s][info][gc,start       ] GC(551) Pause Young (Allocation Failure)
[279.966s][info][gc,heap        ] GC(551) PSYoungGen: 292333K->35835K(312832K)
[279.966s][info][gc,heap        ] GC(551) PSOldGen: 118921K->138451K(699392K)
[279.966s][info][gc,metaspace   ] GC(551) Metaspace: 143754K(156752K)->143754K(156752K) NonClass: 124967K(131504K)->124967K(131504K) Class: 18787K(25248K)->18787K(25248K)
[279.966s][info][gc             ] GC(551) Pause Young (Allocation Failure) 401M->170M(988M) 8.059ms
[279.966s][info][gc,cpu         ] GC(551) User=0.00s Sys=0.00s Real=0.01s
[280.001s][info][gc,start       ] GC(552) Pause Young (Allocation Failure)
[280.007s][info][gc,heap        ] GC(552) PSYoungGen: 311972K->20535K(288256K)
[280.007s][info][gc,heap        ] GC(552) PSOldGen: 138451K->156519K(699392K)
[280.007s][info][gc,metaspace   ] GC(552) Metaspace: 143754K(156752K)->143754K(156752K) NonClass: 124967K(131504K)->124967K(131504K) Class: 18787K(25248K)->18787K(25248K)
[280.007s][info][gc             ] GC(552) Pause Young (Allocation Failure) 439M->172M(964M) 6.002ms
[280.007s][info][gc,cpu         ] GC(552) User=0.00s Sys=0.00s Real=0.00s
[280.166s][info][gc,start       ] GC(553) Pause Young (Allocation Failure)
[280.172s][info][gc,heap        ] GC(553) PSYoungGen: 272439K->30786K(283136K)
[280.172s][info][gc,heap        ] GC(553) PSOldGen: 156519K->156567K(699392K)
[280.172s][info][gc,metaspace   ] GC(553) Metaspace: 143754K(156752K)->143754K(156752K) NonClass: 124967K(131504K)->124967K(131504K) Class: 18787K(25248K)->18787K(25248K)
[280.172s][info][gc             ] GC(553) Pause Young (Allocation Failure) 418M->182M(959M) 6.107ms
[280.172s][info][gc,cpu         ] GC(553) User=0.09s Sys=0.00s Real=0.00s
[280.221s][info][gc,start       ] GC(554) Pause Young (Allocation Failure)
[280.225s][info][gc,heap        ] GC(554) PSYoungGen: 282690K->7562K(300032K)
[280.225s][info][gc,heap        ] GC(554) PSOldGen: 156567K->166107K(699392K)
[280.225s][info][gc,metaspace   ] GC(554) Metaspace: 143754K(156752K)->143754K(156752K) NonClass: 124967K(131504K)->124967K(131504K) Class: 18787K(25248K)->18787K(25248K)
[280.225s][info][gc             ] GC(554) Pause Young (Allocation Failure) 428M->169M(976M) 4.058ms
[280.225s][info][gc,cpu         ] GC(554) User=0.00s Sys=0.00s Real=0.00s
[280.269s][info][gc,start       ] GC(555) Pause Young (GCLocker Initiated GC)
[280.273s][info][gc,heap        ] GC(555) PSYoungGen: 253749K->18538K(298496K)
[280.273s][info][gc,heap        ] GC(555) PSOldGen: 170203K->177213K(699392K)
[280.273s][info][gc,metaspace   ] GC(555) Metaspace: 143754K(156752K)->143754K(156752K) NonClass: 124967K(131504K)->124967K(131504K) Class: 18787K(25248K)->18787K(25248K)
[280.273s][info][gc             ] GC(555) Pause Young (GCLocker Initiated GC) 414M->191M(974M) 4.607ms
[280.273s][info][gc,cpu         ] GC(555) User=0.00s Sys=0.00s Real=0.00s
[280.303s][info][gc,start       ] GC(556) Pause Young (Allocation Failure)
[280.308s][info][gc,heap        ] GC(556) PSYoungGen: 267882K->25825K(301568K)
[280.308s][info][gc,heap        ] GC(556) PSOldGen: 177214K->182898K(699392K)
[280.308s][info][gc,metaspace   ] GC(556) Metaspace: 143754K(156752K)->143754K(156752K) NonClass: 124967K(131504K)->124967K(131504K) Class: 18787K(25248K)->18787K(25248K)
[280.308s][info][gc             ] GC(556) Pause Young (Allocation Failure) 434M->203M(977M) 4.958ms
[280.308s][info][gc,cpu         ] GC(556) User=0.00s Sys=0.00s Real=0.01s
[280.469s][info][gc,start       ] GC(557) Pause Young (Allocation Failure)
[280.472s][info][gc,heap        ] GC(557) PSYoungGen: 280779K->11429K(302080K)
[280.472s][info][gc,heap        ] GC(557) PSOldGen: 182898K->183103K(699392K)
[280.472s][info][gc,metaspace   ] GC(557) Metaspace: 143754K(156752K)->143754K(156752K) NonClass: 124967K(131504K)->124967K(131504K) Class: 18787K(25248K)->18787K(25248K)
[280.472s][info][gc             ] GC(557) Pause Young (Allocation Failure) 452M->189M(978M) 3.175ms
[280.472s][info][gc,cpu         ] GC(557) User=0.00s Sys=0.00s Real=0.00s
[280.607s][info][gc,start       ] GC(558) Pause Young (Allocation Failure)
[280.610s][info][gc,heap        ] GC(558) PSYoungGen: 266353K->16073K(306688K)
[280.610s][info][gc,heap        ] GC(558) PSOldGen: 183103K->183488K(699392K)
[280.610s][info][gc,metaspace   ] GC(558) Metaspace: 143754K(156752K)->143754K(156752K) NonClass: 124967K(131504K)->124967K(131504K) Class: 18787K(25248K)->18787K(25248K)
[280.610s][info][gc             ] GC(558) Pause Young (Allocation Failure) 438M->194M(982M) 3.640ms
[280.610s][info][gc,cpu         ] GC(558) User=0.03s Sys=0.02s Real=0.01s
[281.295s][info][gc,start       ] GC(559) Pause Young (GCLocker Initiated GC)
[281.299s][info][gc,heap        ] GC(559) PSYoungGen: 277705K->2660K(304128K)
[281.299s][info][gc,heap        ] GC(559) PSOldGen: 183504K->199321K(699392K)
[281.299s][info][gc,metaspace   ] GC(559) Metaspace: 143754K(156752K)->143754K(156752K) NonClass: 124967K(131504K)->124967K(131504K) Class: 18787K(25248K)->18787K(25248K)
[281.299s][info][gc             ] GC(559) Pause Young (GCLocker Initiated GC) 450M->197M(980M) 4.329ms
[281.299s][info][gc,cpu         ] GC(559) User=0.09s Sys=0.00s Real=0.00s
[282.448s][info][gc,start       ] GC(560) Pause Young (Allocation Failure)
[282.451s][info][gc,heap        ] GC(560) PSYoungGen: 264292K->2409K(307200K)
[282.451s][info][gc,heap        ] GC(560) PSOldGen: 199517K->200257K(699392K)
[282.451s][info][gc,metaspace   ] GC(560) Metaspace: 143754K(156752K)->143754K(156752K) NonClass: 124967K(131504K)->124967K(131504K) Class: 18787K(25248K)->18787K(25248K)
[282.451s][info][gc             ] GC(560) Pause Young (Allocation Failure) 452M->197M(983M) 2.887ms
[282.451s][info][gc,cpu         ] GC(560) User=0.00s Sys=0.00s Real=0.00s
[283.663s][info][gc,start       ] GC(561) Pause Young (Allocation Failure)
[283.666s][info][gc,heap        ] GC(561) PSYoungGen: 267113K->2290K(306688K)
[283.666s][info][gc,heap        ] GC(561) PSOldGen: 200257K->200549K(699392K)
[283.666s][info][gc,metaspace   ] GC(561) Metaspace: 143754K(156752K)->143754K(156752K) NonClass: 124967K(131504K)->124967K(131504K) Class: 18787K(25248K)->18787K(25248K)
[283.666s][info][gc             ] GC(561) Pause Young (Allocation Failure) 456M->198M(982M) 2.726ms
[283.666s][info][gc,cpu         ] GC(561) User=0.00s Sys=0.00s Real=0.00s
[284.741s][info][gc,start       ] GC(562) Pause Young (Allocation Failure)
[284.745s][info][gc,heap        ] GC(562) PSYoungGen: 266994K->8421K(310272K)
[284.745s][info][gc,heap        ] GC(562) PSOldGen: 200549K->201004K(699392K)
[284.745s][info][gc,metaspace   ] GC(562) Metaspace: 143754K(156752K)->143754K(156752K) NonClass: 124967K(131504K)->124967K(131504K) Class: 18787K(25248K)->18787K(25248K)
[284.745s][info][gc             ] GC(562) Pause Young (Allocation Failure) 456M->204M(986M) 3.678ms
[284.745s][info][gc,cpu         ] GC(562) User=0.00s Sys=0.00s Real=0.01s
[286.002s][info][gc,start       ] GC(563) Pause Young (Allocation Failure)
[286.004s][info][gc,heap        ] GC(563) PSYoungGen: 277733K->1641K(308224K)
[286.004s][info][gc,heap        ] GC(563) PSOldGen: 201004K->201437K(699392K)
[286.004s][info][gc,metaspace   ] GC(563) Metaspace: 143755K(156752K)->143755K(156752K) NonClass: 124968K(131504K)->124968K(131504K) Class: 18787K(25248K)->18787K(25248K)
[286.004s][info][gc             ] GC(563) Pause Young (Allocation Failure) 467M->198M(984M) 2.140ms
[286.004s][info][gc,cpu         ] GC(563) User=0.00s Sys=0.00s Real=0.00s
[286.963s][info][gc,start       ] GC(564) Pause Young (Allocation Failure)
[286.966s][info][gc,heap        ] GC(564) PSYoungGen: 270953K->2364K(312320K)
[286.966s][info][gc,heap        ] GC(564) PSOldGen: 201437K->201896K(699392K)
[286.966s][info][gc,metaspace   ] GC(564) Metaspace: 143755K(156752K)->143755K(156752K) NonClass: 124968K(131504K)->124968K(131504K) Class: 18787K(25248K)->18787K(25248K)
[286.966s][info][gc             ] GC(564) Pause Young (Allocation Failure) 461M->199M(988M) 2.610ms
[286.966s][info][gc,cpu         ] GC(564) User=0.00s Sys=0.00s Real=0.00s
[287.129s][info][gc,start       ] GC(565) Pause Young (System.gc())
[287.132s][info][gc,heap        ] GC(565) PSYoungGen: 144201K->1541K(311296K)
[287.132s][info][gc,heap        ] GC(565) PSOldGen: 201896K->203117K(699392K)
[287.132s][info][gc,metaspace   ] GC(565) Metaspace: 143820K(156752K)->143820K(156752K) NonClass: 125032K(131504K)->125032K(131504K) Class: 18787K(25248K)->18787K(25248K)
[287.132s][info][gc             ] GC(565) Pause Young (System.gc()) 337M->199M(987M) 2.840ms
[287.132s][info][gc,cpu         ] GC(565) User=0.00s Sys=0.00s Real=0.01s
[287.132s][info][gc,start       ] GC(566) Pause Full (System.gc())
[287.135s][info][gc,phases,start] GC(566) Phase 1: Mark live objects
[287.205s][info][gc,phases      ] GC(566) Phase 1: Mark live objects 69.509ms
[287.205s][info][gc,phases,start] GC(566) Phase 2: Compute new object addresses
[287.216s][info][gc,phases      ] GC(566) Phase 2: Compute new object addresses 10.839ms
[287.216s][info][gc,phases,start] GC(566) Phase 3: Adjust pointers
[287.255s][info][gc,phases      ] GC(566) Phase 3: Adjust pointers 38.935ms
[287.255s][info][gc,phases,start] GC(566) Phase 4: Move objects
[287.256s][info][gc,phases      ] GC(566) Phase 4: Move objects 1.581ms
[287.257s][info][gc,heap        ] GC(566) PSYoungGen: 1541K->0K(311296K)
[287.257s][info][gc,heap        ] GC(566) PSOldGen: 203117K->103089K(699392K)
[287.257s][info][gc,metaspace   ] GC(566) Metaspace: 143820K(156752K)->143820K(156752K) NonClass: 125032K(131504K)->125032K(131504K) Class: 18787K(25248K)->18787K(25248K)
[287.257s][info][gc             ] GC(566) Pause Full (System.gc()) 199M->100M(987M) 125.390ms
[287.257s][info][gc,cpu         ] GC(566) User=0.12s Sys=0.00s Real=0.12s
[287.401s][info][gc,start       ] GC(567) Pause Young (Allocation Failure)
[287.404s][info][gc,heap        ] GC(567) PSYoungGen: 274432K->16163K(313344K)
[287.404s][info][gc,heap        ] GC(567) PSOldGen: 103089K->103089K(699392K)
[287.404s][info][gc,metaspace   ] GC(567) Metaspace: 143836K(156752K)->143836K(156752K) NonClass: 125049K(131504K)->125049K(131504K) Class: 18787K(25248K)->18787K(25248K)
[287.404s][info][gc             ] GC(567) Pause Young (Allocation Failure) 368M->116M(989M) 3.670ms
[287.405s][info][gc,cpu         ] GC(567) User=0.00s Sys=0.00s Real=0.00s
[287.464s][info][gc,start       ] GC(568) Pause Young (Allocation Failure)
[287.469s][info][gc,heap        ] GC(568) PSYoungGen: 293667K->17126K(313344K)
[287.469s][info][gc,heap        ] GC(568) PSOldGen: 103089K->114768K(699392K)
[287.469s][info][gc,metaspace   ] GC(568) Metaspace: 143836K(156752K)->143836K(156752K) NonClass: 125049K(131504K)->125049K(131504K) Class: 18787K(25248K)->18787K(25248K)
[287.469s][info][gc             ] GC(568) Pause Young (Allocation Failure) 387M->128M(989M) 5.134ms
[287.470s][info][gc,cpu         ] GC(568) User=0.08s Sys=0.00s Real=0.00s
[287.616s][info][gc,start       ] GC(569) Pause Young (Allocation Failure)
[287.623s][info][gc,heap        ] GC(569) PSYoungGen: 290877K->35780K(300032K)
[287.623s][info][gc,heap        ] GC(569) PSOldGen: 114768K->130270K(699392K)
[287.623s][info][gc,metaspace   ] GC(569) Metaspace: 143836K(156752K)->143836K(156752K) NonClass: 125049K(131504K)->125049K(131504K) Class: 18787K(25248K)->18787K(25248K)
[287.623s][info][gc             ] GC(569) Pause Young (Allocation Failure) 396M->162M(976M) 7.452ms
[287.623s][info][gc,cpu         ] GC(569) User=0.00s Sys=0.00s Real=0.01s
[287.654s][info][gc,start       ] GC(570) Pause Young (Allocation Failure)
[287.661s][info][gc,heap        ] GC(570) PSYoungGen: 298289K->17240K(306688K)
[287.661s][info][gc,heap        ] GC(570) PSOldGen: 130270K->159909K(699392K)
[287.661s][info][gc,metaspace   ] GC(570) Metaspace: 143836K(156752K)->143836K(156752K) NonClass: 125049K(131504K)->125049K(131504K) Class: 18787K(25248K)->18787K(25248K)
[287.661s][info][gc             ] GC(570) Pause Young (Allocation Failure) 418M->172M(982M) 7.172ms
[287.661s][info][gc,cpu         ] GC(570) User=0.09s Sys=0.00s Real=0.01s
[287.830s][info][gc,start       ] GC(571) Pause Young (Allocation Failure)
[287.837s][info][gc,heap        ] GC(571) PSYoungGen: 281432K->37341K(295936K)
[287.837s][info][gc,heap        ] GC(571) PSOldGen: 159909K->159941K(699392K)
[287.837s][info][gc,metaspace   ] GC(571) Metaspace: 143836K(156752K)->143836K(156752K) NonClass: 125049K(131504K)->125049K(131504K) Class: 18787K(25248K)->18787K(25248K)
[287.837s][info][gc             ] GC(571) Pause Young (Allocation Failure) 430M->192M(972M) 6.809ms
[287.837s][info][gc,cpu         ] GC(571) User=0.00s Sys=0.00s Real=0.01s
[287.882s][info][gc,start       ] GC(572) Pause Young (Allocation Failure)
[287.887s][info][gc,heap        ] GC(572) PSYoungGen: 291903K->18373K(302080K)
[287.887s][info][gc,heap        ] GC(572) PSOldGen: 159941K->167926K(699392K)
[287.887s][info][gc,metaspace   ] GC(572) Metaspace: 143836K(156752K)->143836K(156752K) NonClass: 125049K(131504K)->125049K(131504K) Class: 18787K(25248K)->18787K(25248K)
[287.887s][info][gc             ] GC(572) Pause Young (Allocation Failure) 441M->181M(978M) 4.738ms
[287.887s][info][gc,cpu         ] GC(572) User=0.00s Sys=0.00s Real=0.00s
[287.929s][info][gc,start       ] GC(573) Pause Young (Allocation Failure)
[287.934s][info][gc,heap        ] GC(573) PSYoungGen: 270518K->18951K(306176K)
[287.934s][info][gc,heap        ] GC(573) PSOldGen: 167926K->176460K(699392K)
[287.934s][info][gc,metaspace   ] GC(573) Metaspace: 143837K(156752K)->143837K(156752K) NonClass: 125049K(131504K)->125049K(131504K) Class: 18787K(25248K)->18787K(25248K)
[287.934s][info][gc             ] GC(573) Pause Young (Allocation Failure) 428M->190M(982M) 4.719ms
[287.934s][info][gc,cpu         ] GC(573) User=0.00s Sys=0.00s Real=0.00s
[287.966s][info][gc,start       ] GC(574) Pause Young (Allocation Failure)
[287.969s][info][gc,heap        ] GC(574) PSYoungGen: 280071K->8563K(304128K)
[287.969s][info][gc,heap        ] GC(574) PSOldGen: 176460K->181712K(699392K)
[287.969s][info][gc,metaspace   ] GC(574) Metaspace: 143837K(156752K)->143837K(156752K) NonClass: 125049K(131504K)->125049K(131504K) Class: 18787K(25248K)->18787K(25248K)
[287.969s][info][gc             ] GC(574) Pause Young (Allocation Failure) 445M->185M(980M) 3.227ms
[287.969s][info][gc,cpu         ] GC(574) User=0.08s Sys=0.00s Real=0.00s
[288.132s][info][gc,start       ] GC(575) Pause Young (Allocation Failure)
[288.136s][info][gc,heap        ] GC(575) PSYoungGen: 269683K->19013K(308736K)
[288.136s][info][gc,heap        ] GC(575) PSOldGen: 181712K->181900K(699392K)
[288.136s][info][gc,metaspace   ] GC(575) Metaspace: 143839K(156752K)->143839K(156752K) NonClass: 125051K(131504K)->125051K(131504K) Class: 18787K(25248K)->18787K(25248K)
[288.136s][info][gc             ] GC(575) Pause Young (Allocation Failure) 440M->196M(984M) 4.074ms
[288.136s][info][gc,cpu         ] GC(575) User=0.00s Sys=0.00s Real=0.01s
[288.291s][info][gc,start       ] GC(576) Pause Young (Allocation Failure)
[288.294s][info][gc,heap        ] GC(576) PSYoungGen: 285765K->16009K(307200K)
[288.294s][info][gc,heap        ] GC(576) PSOldGen: 181900K->182278K(699392K)
[288.294s][info][gc,metaspace   ] GC(576) Metaspace: 143839K(156752K)->143839K(156752K) NonClass: 125051K(131504K)->125051K(131504K) Class: 18787K(25248K)->18787K(25248K)
[288.294s][info][gc             ] GC(576) Pause Young (Allocation Failure) 456M->193M(983M) 3.767ms
[288.294s][info][gc,cpu         ] GC(576) User=0.00s Sys=0.00s Real=0.02s
[289.103s][info][gc,start       ] GC(577) Pause Young (Allocation Failure)
[289.107s][info][gc,heap        ] GC(577) PSYoungGen: 282761K->3974K(311296K)
[289.107s][info][gc,heap        ] GC(577) PSOldGen: 182278K->198167K(699392K)
[289.107s][info][gc,metaspace   ] GC(577) Metaspace: 143839K(156752K)->143839K(156752K) NonClass: 125051K(131504K)->125051K(131504K) Class: 18787K(25248K)->18787K(25248K)
[289.107s][info][gc             ] GC(577) Pause Young (Allocation Failure) 454M->197M(987M) 4.047ms
[289.107s][info][gc,cpu         ] GC(577) User=0.00s Sys=0.00s Real=0.00s
[290.411s][info][gc,start       ] GC(578) Pause Young (Allocation Failure)
[290.413s][info][gc,heap        ] GC(578) PSYoungGen: 277382K->1333K(311296K)
[290.413s][info][gc,heap        ] GC(578) PSOldGen: 198167K->198883K(699392K)
[290.413s][info][gc,metaspace   ] GC(578) Metaspace: 143840K(156752K)->143840K(156752K) NonClass: 125052K(131504K)->125052K(131504K) Class: 18787K(25248K)->18787K(25248K)
[290.413s][info][gc             ] GC(578) Pause Young (Allocation Failure) 464M->195M(987M) 2.790ms
[290.413s][info][gc,cpu         ] GC(578) User=0.00s Sys=0.00s Real=0.00s
[291.580s][info][gc,start       ] GC(579) Pause Young (GCLocker Initiated GC)
[291.583s][info][gc,heap        ] GC(579) PSYoungGen: 274741K->6984K(312320K)
[291.583s][info][gc,heap        ] GC(579) PSOldGen: 198980K->199376K(699392K)
[291.583s][info][gc,metaspace   ] GC(579) Metaspace: 143840K(156752K)->143840K(156752K) NonClass: 125052K(131504K)->125052K(131504K) Class: 18787K(25248K)->18787K(25248K)
[291.583s][info][gc             ] GC(579) Pause Young (GCLocker Initiated GC) 462M->201M(988M) 3.277ms
[291.583s][info][gc,cpu         ] GC(579) User=0.00s Sys=0.00s Real=0.00s
[292.740s][info][gc,start       ] GC(580) Pause Young (Allocation Failure)
[292.742s][info][gc,heap        ] GC(580) PSYoungGen: 281416K->1270K(311296K)
[292.742s][info][gc,heap        ] GC(580) PSOldGen: 199384K->199847K(699392K)
[292.742s][info][gc,metaspace   ] GC(580) Metaspace: 143840K(156752K)->143840K(156752K) NonClass: 125052K(131504K)->125052K(131504K) Class: 18787K(25248K)->18787K(25248K)
[292.742s][info][gc             ] GC(580) Pause Young (Allocation Failure) 469M->196M(987M) 1.946ms
[292.742s][info][gc,cpu         ] GC(580) User=0.00s Sys=0.00s Real=0.00s
[293.874s][info][gc,start       ] GC(581) Pause Young (GCLocker Initiated GC)
[293.877s][info][gc,heap        ] GC(581) PSYoungGen: 275702K->5292K(314368K)
[293.877s][info][gc,heap        ] GC(581) PSOldGen: 199906K->200385K(699392K)
[293.877s][info][gc,metaspace   ] GC(581) Metaspace: 143840K(156752K)->143840K(156752K) NonClass: 125052K(131504K)->125052K(131504K) Class: 18787K(25248K)->18787K(25248K)
[293.877s][info][gc             ] GC(581) Pause Young (GCLocker Initiated GC) 464M->200M(990M) 2.970ms
[293.877s][info][gc,cpu         ] GC(581) User=0.08s Sys=0.00s Real=0.01s
[294.738s][info][gc,start       ] GC(582) Pause Young (GCLocker Initiated GC)
[294.741s][info][gc,heap        ] GC(582) PSYoungGen: 283308K->5459K(312832K)
[294.741s][info][gc,heap        ] GC(582) PSOldGen: 200389K->200857K(699392K)
[294.741s][info][gc,metaspace   ] GC(582) Metaspace: 143843K(156752K)->143843K(156752K) NonClass: 125056K(131504K)->125056K(131504K) Class: 18787K(25248K)->18787K(25248K)
[294.741s][info][gc             ] GC(582) Pause Young (GCLocker Initiated GC) 472M->201M(988M) 3.245ms
[294.741s][info][gc,cpu         ] GC(582) User=0.00s Sys=0.00s Real=0.00s
[294.838s][info][gc,start       ] GC(583) Pause Young (System.gc())
[294.841s][info][gc,heap        ] GC(583) PSYoungGen: 73005K->320K(316416K)
[294.841s][info][gc,heap        ] GC(583) PSOldGen: 200857K->203404K(699392K)
[294.841s][info][gc,metaspace   ] GC(583) Metaspace: 143851K(156752K)->143851K(156752K) NonClass: 125063K(131504K)->125063K(131504K) Class: 18787K(25248K)->18787K(25248K)
[294.841s][info][gc             ] GC(583) Pause Young (System.gc()) 267M->198M(992M) 2.749ms
[294.841s][info][gc,cpu         ] GC(583) User=0.00s Sys=0.00s Real=0.00s
[294.841s][info][gc,start       ] GC(584) Pause Full (System.gc())
[294.843s][info][gc,phases,start] GC(584) Phase 1: Mark live objects
[294.913s][info][gc,phases      ] GC(584) Phase 1: Mark live objects 70.375ms
[294.913s][info][gc,phases,start] GC(584) Phase 2: Compute new object addresses
[294.925s][info][gc,phases      ] GC(584) Phase 2: Compute new object addresses 11.183ms
[294.925s][info][gc,phases,start] GC(584) Phase 3: Adjust pointers
[294.964s][info][gc,phases      ] GC(584) Phase 3: Adjust pointers 39.164ms
[294.964s][info][gc,phases,start] GC(584) Phase 4: Move objects
[294.965s][info][gc,phases      ] GC(584) Phase 4: Move objects 1.442ms
[294.966s][info][gc,heap        ] GC(584) PSYoungGen: 320K->0K(316416K)
[294.966s][info][gc,heap        ] GC(584) PSOldGen: 203404K->106905K(699392K)
[294.966s][info][gc,metaspace   ] GC(584) Metaspace: 143851K(156752K)->143851K(156752K) NonClass: 125063K(131504K)->125063K(131504K) Class: 18787K(25248K)->18787K(25248K)
[294.966s][info][gc             ] GC(584) Pause Full (System.gc()) 198M->104M(992M) 124.984ms
[294.966s][info][gc,cpu         ] GC(584) User=0.12s Sys=0.00s Real=0.12s
[295.099s][info][gc,start       ] GC(585) Pause Young (Allocation Failure)
[295.103s][info][gc,heap        ] GC(585) PSYoungGen: 283136K->17057K(315904K)
[295.103s][info][gc,heap        ] GC(585) PSOldGen: 106906K->106906K(699392K)
[295.103s][info][gc,metaspace   ] GC(585) Metaspace: 143914K(156752K)->143914K(156752K) NonClass: 125126K(131504K)->125126K(131504K) Class: 18787K(25248K)->18787K(25248K)
[295.103s][info][gc             ] GC(585) Pause Young (Allocation Failure) 380M->121M(991M) 3.877ms
[295.103s][info][gc,cpu         ] GC(585) User=0.00s Sys=0.00s Real=0.00s
[295.169s][info][gc,start       ] GC(586) Pause Young (Allocation Failure)
[295.175s][info][gc,heap        ] GC(586) PSYoungGen: 300193K->17286K(314880K)
[295.175s][info][gc,heap        ] GC(586) PSOldGen: 106906K->119896K(699392K)
[295.175s][info][gc,metaspace   ] GC(586) Metaspace: 143914K(156752K)->143914K(156752K) NonClass: 125126K(131504K)->125126K(131504K) Class: 18787K(25248K)->18787K(25248K)
[295.175s][info][gc             ] GC(586) Pause Young (Allocation Failure) 397M->133M(990M) 5.457ms
[295.175s][info][gc,cpu         ] GC(586) User=0.08s Sys=0.00s Real=0.00s
[295.324s][info][gc,start       ] GC(587) Pause Young (Allocation Failure)
[295.331s][info][gc,heap        ] GC(587) PSYoungGen: 295015K->33760K(315392K)
[295.331s][info][gc,heap        ] GC(587) PSOldGen: 119896K->133095K(699392K)
[295.331s][info][gc,metaspace   ] GC(587) Metaspace: 143917K(156752K)->143917K(156752K) NonClass: 125129K(131504K)->125129K(131504K) Class: 18787K(25248K)->18787K(25248K)
[295.331s][info][gc             ] GC(587) Pause Young (Allocation Failure) 405M->162M(991M) 7.346ms
[295.331s][info][gc,cpu         ] GC(587) User=0.09s Sys=0.00s Real=0.01s
[295.366s][info][gc,start       ] GC(588) Pause Young (Allocation Failure)
[295.373s][info][gc,heap        ] GC(588) PSYoungGen: 314816K->12193K(299008K)
[295.373s][info][gc,heap        ] GC(588) PSOldGen: 133095K->157560K(699392K)
[295.373s][info][gc,metaspace   ] GC(588) Metaspace: 143917K(156752K)->143917K(156752K) NonClass: 125129K(131504K)->125129K(131504K) Class: 18787K(25248K)->18787K(25248K)
[295.373s][info][gc             ] GC(588) Pause Young (Allocation Failure) 437M->165M(975M) 6.364ms
[295.373s][info][gc,cpu         ] GC(588) User=0.00s Sys=0.00s Real=0.00s
[295.533s][info][gc,start       ] GC(589) Pause Young (Allocation Failure)
[295.539s][info][gc,heap        ] GC(589) PSYoungGen: 277409K->33612K(299008K)
[295.539s][info][gc,heap        ] GC(589) PSOldGen: 157560K->157608K(699392K)
[295.539s][info][gc,metaspace   ] GC(589) Metaspace: 143917K(156752K)->143917K(156752K) NonClass: 125129K(131504K)->125129K(131504K) Class: 18787K(25248K)->18787K(25248K)
[295.539s][info][gc             ] GC(589) Pause Young (Allocation Failure) 424M->186M(975M) 6.545ms
[295.539s][info][gc,cpu         ] GC(589) User=0.00s Sys=0.00s Real=0.01s
[295.598s][info][gc,start       ] GC(590) Pause Young (Allocation Failure)
[295.603s][info][gc,heap        ] GC(590) PSYoungGen: 298641K->29383K(298496K)
[295.603s][info][gc,heap        ] GC(590) PSOldGen: 157608K->167134K(699392K)
[295.603s][info][gc,metaspace   ] GC(590) Metaspace: 143917K(156752K)->143917K(156752K) NonClass: 125129K(131504K)->125129K(131504K) Class: 18787K(25248K)->18787K(25248K)
[295.603s][info][gc             ] GC(590) Pause Young (Allocation Failure) 445M->191M(974M) 5.571ms
[295.603s][info][gc,cpu         ] GC(590) User=0.00s Sys=0.00s Real=0.01s
[295.635s][info][gc,start       ] GC(591) Pause Young (Allocation Failure)
[295.639s][info][gc,heap        ] GC(591) PSYoungGen: 281287K->22947K(300544K)
[295.639s][info][gc,heap        ] GC(591) PSOldGen: 167134K->175190K(699392K)
[295.639s][info][gc,metaspace   ] GC(591) Metaspace: 143917K(156752K)->143917K(156752K) NonClass: 125129K(131504K)->125129K(131504K) Class: 18787K(25248K)->18787K(25248K)
[295.639s][info][gc             ] GC(591) Pause Young (Allocation Failure) 437M->193M(976M) 4.738ms
[295.639s][info][gc,cpu         ] GC(591) User=0.00s Sys=0.00s Real=0.01s
[295.670s][info][gc,start       ] GC(592) Pause Young (Allocation Failure)
[295.673s][info][gc,heap        ] GC(592) PSYoungGen: 274022K->12721K(303616K)
[295.673s][info][gc,heap        ] GC(592) PSOldGen: 175190K->179843K(699392K)
[295.673s][info][gc,metaspace   ] GC(592) Metaspace: 143917K(156752K)->143917K(156752K) NonClass: 125129K(131504K)->125129K(131504K) Class: 18787K(25248K)->18787K(25248K)
[295.673s][info][gc             ] GC(592) Pause Young (Allocation Failure) 438M->188M(979M) 3.370ms
[295.673s][info][gc,cpu         ] GC(592) User=0.08s Sys=0.00s Real=0.00s
[295.832s][info][gc,start       ] GC(593) Pause Young (Allocation Failure)
[295.838s][info][gc,heap        ] GC(593) PSYoungGen: 268721K->32052K(288256K)
[295.838s][info][gc,heap        ] GC(593) PSOldGen: 179843K->180031K(699392K)
[295.838s][info][gc,metaspace   ] GC(593) Metaspace: 143917K(156752K)->143917K(156752K) NonClass: 125129K(131504K)->125129K(131504K) Class: 18787K(25248K)->18787K(25248K)
[295.838s][info][gc             ] GC(593) Pause Young (Allocation Failure) 438M->207M(964M) 5.807ms
[295.838s][info][gc,cpu         ] GC(593) User=0.00s Sys=0.00s Real=0.01s
[296.007s][info][gc,start       ] GC(594) Pause Young (Allocation Failure)
[296.010s][info][gc,heap        ] GC(594) PSYoungGen: 288015K->16093K(303616K)
[296.010s][info][gc,heap        ] GC(594) PSOldGen: 180031K->180330K(699392K)
[296.010s][info][gc,metaspace   ] GC(594) Metaspace: 143917K(156752K)->143917K(156752K) NonClass: 125129K(131504K)->125129K(131504K) Class: 18787K(25248K)->18787K(25248K)
[296.010s][info][gc             ] GC(594) Pause Young (Allocation Failure) 457M->191M(979M) 3.310ms
[296.010s][info][gc,cpu         ] GC(594) User=0.00s Sys=0.00s Real=0.01s
[296.917s][info][gc,start       ] GC(595) Pause Young (Allocation Failure)
[296.920s][info][gc,heap        ] GC(595) PSYoungGen: 270732K->951K(301056K)
[296.920s][info][gc,heap        ] GC(595) PSOldGen: 180330K->196268K(699392K)
[296.920s][info][gc,metaspace   ] GC(595) Metaspace: 143917K(156752K)->143917K(156752K) NonClass: 125129K(131504K)->125129K(131504K) Class: 18787K(25248K)->18787K(25248K)
[296.920s][info][gc             ] GC(595) Pause Young (Allocation Failure) 440M->192M(977M) 3.520ms
[296.920s][info][gc,cpu         ] GC(595) User=0.00s Sys=0.00s Real=0.02s
[297.981s][info][gc,start       ] GC(596) Pause Young (GCLocker Initiated GC)
[297.985s][info][gc,heap        ] GC(596) PSYoungGen: 256439K->9436K(304640K)
[297.985s][info][gc,heap        ] GC(596) PSOldGen: 196279K->196960K(699392K)
[297.985s][info][gc,metaspace   ] GC(596) Metaspace: 143917K(156752K)->143917K(156752K) NonClass: 125129K(131504K)->125129K(131504K) Class: 18787K(25248K)->18787K(25248K)
[297.985s][info][gc             ] GC(596) Pause Young (GCLocker Initiated GC) 442M->201M(980M) 3.388ms
[297.985s][info][gc,cpu         ] GC(596) User=0.06s Sys=0.00s Real=0.00s
[299.147s][info][gc,start       ] GC(597) Pause Young (Allocation Failure)
[299.149s][info][gc,heap        ] GC(597) PSYoungGen: 267996K->551K(303104K)
[299.149s][info][gc,heap        ] GC(597) PSOldGen: 199012K->199384K(699392K)
[299.149s][info][gc,metaspace   ] GC(597) Metaspace: 143917K(156752K)->143917K(156752K) NonClass: 125129K(131504K)->125129K(131504K) Class: 18787K(25248K)->18787K(25248K)
[299.149s][info][gc             ] GC(597) Pause Young (Allocation Failure) 456M->195M(979M) 1.722ms
[299.149s][info][gc,cpu         ] GC(597) User=0.00s Sys=0.00s Real=0.01s
[300.259s][info][gc,start       ] GC(598) Pause Young (Allocation Failure)
[300.263s][info][gc,heap        ] GC(598) PSYoungGen: 259111K->3045K(305664K)
[300.264s][info][gc,heap        ] GC(598) PSOldGen: 199384K->199798K(699392K)
[300.264s][info][gc,metaspace   ] GC(598) Metaspace: 143917K(156752K)->143917K(156752K) NonClass: 125129K(131504K)->125129K(131504K) Class: 18787K(25248K)->18787K(25248K)
[300.264s][info][gc             ] GC(598) Pause Young (Allocation Failure) 447M->198M(981M) 4.081ms
[300.264s][info][gc,cpu         ] GC(598) User=0.00s Sys=0.00s Real=0.00s
[301.478s][info][gc,start       ] GC(599) Pause Young (Allocation Failure)
[301.481s][info][gc,heap        ] GC(599) PSYoungGen: 264677K->5272K(305152K)
[301.481s][info][gc,heap        ] GC(599) PSOldGen: 199798K->200247K(699392K)
[301.481s][info][gc,metaspace   ] GC(599) Metaspace: 143917K(156752K)->143917K(156752K) NonClass: 125129K(131504K)->125129K(131504K) Class: 18787K(25248K)->18787K(25248K)
[301.481s][info][gc             ] GC(599) Pause Young (Allocation Failure) 453M->200M(981M) 2.962ms
[301.481s][info][gc,cpu         ] GC(599) User=0.00s Sys=0.00s Real=0.01s
[302.401s][info][gc,start       ] GC(600) Pause Young (Allocation Failure)
[302.403s][info][gc,heap        ] GC(600) PSYoungGen: 266904K->2436K(308736K)
[302.403s][info][gc,heap        ] GC(600) PSOldGen: 200247K->200689K(699392K)
[302.403s][info][gc,metaspace   ] GC(600) Metaspace: 143917K(156752K)->143917K(156752K) NonClass: 125129K(131504K)->125129K(131504K) Class: 18787K(25248K)->18787K(25248K)
[302.403s][info][gc             ] GC(600) Pause Young (Allocation Failure) 456M->198M(984M) 2.677ms
[302.403s][info][gc,cpu         ] GC(600) User=0.00s Sys=0.00s Real=0.00s
[302.572s][info][gc,start       ] GC(601) Pause Young (System.gc())
[302.575s][info][gc,heap        ] GC(601) PSYoungGen: 137201K->1509K(307712K)
[302.575s][info][gc,heap        ] GC(601) PSOldGen: 200689K->201994K(699392K)
[302.575s][info][gc,metaspace   ] GC(601) Metaspace: 143982K(157008K)->143982K(157008K) NonClass: 125195K(131760K)->125195K(131760K) Class: 18787K(25248K)->18787K(25248K)
[302.575s][info][gc             ] GC(601) Pause Young (System.gc()) 329M->198M(983M) 3.232ms
[302.575s][info][gc,cpu         ] GC(601) User=0.00s Sys=0.00s Real=0.00s
[302.575s][info][gc,start       ] GC(602) Pause Full (System.gc())
[302.577s][info][gc,phases,start] GC(602) Phase 1: Mark live objects
[302.655s][info][gc,phases      ] GC(602) Phase 1: Mark live objects 77.873ms
[302.655s][info][gc,phases,start] GC(602) Phase 2: Compute new object addresses
[302.667s][info][gc,phases      ] GC(602) Phase 2: Compute new object addresses 11.428ms
[302.667s][info][gc,phases,start] GC(602) Phase 3: Adjust pointers
[302.707s][info][gc,phases      ] GC(602) Phase 3: Adjust pointers 40.703ms
[302.708s][info][gc,phases,start] GC(602) Phase 4: Move objects
[302.715s][info][gc,phases      ] GC(602) Phase 4: Move objects 7.721ms
[302.716s][info][gc,heap        ] GC(602) PSYoungGen: 1509K->0K(307712K)
[302.716s][info][gc,heap        ] GC(602) PSOldGen: 201994K->72131K(699392K)
[302.716s][info][gc,metaspace   ] GC(602) Metaspace: 143982K(157008K)->143982K(157008K) NonClass: 125195K(131760K)->125195K(131760K) Class: 18787K(25248K)->18787K(25248K)
[302.716s][info][gc             ] GC(602) Pause Full (System.gc()) 198M->70M(983M) 140.763ms
[302.716s][info][gc,cpu         ] GC(602) User=0.14s Sys=0.00s Real=0.14s
[302.850s][info][gc,start       ] GC(603) Pause Young (Allocation Failure)
[302.853s][info][gc,heap        ] GC(603) PSYoungGen: 267264K->17025K(310272K)
[302.853s][info][gc,heap        ] GC(603) PSOldGen: 72131K->72131K(699392K)
[302.853s][info][gc,metaspace   ] GC(603) Metaspace: 144001K(157008K)->144001K(157008K) NonClass: 125214K(131760K)->125214K(131760K) Class: 18787K(25248K)->18787K(25248K)
[302.854s][info][gc             ] GC(603) Pause Young (Allocation Failure) 331M->87M(986M) 3.408ms
[302.854s][info][gc,cpu         ] GC(603) User=0.00s Sys=0.00s Real=0.00s
[302.912s][info][gc,start       ] GC(604) Pause Young (Allocation Failure)
[302.918s][info][gc,heap        ] GC(604) PSYoungGen: 287873K->17222K(309760K)
[302.918s][info][gc,heap        ] GC(604) PSOldGen: 72131K->85074K(699392K)
[302.918s][info][gc,metaspace   ] GC(604) Metaspace: 144001K(157008K)->144001K(157008K) NonClass: 125214K(131760K)->125214K(131760K) Class: 18787K(25248K)->18787K(25248K)
[302.918s][info][gc             ] GC(604) Pause Young (Allocation Failure) 351M->99M(985M) 5.695ms
[302.918s][info][gc,cpu         ] GC(604) User=0.00s Sys=0.00s Real=0.00s
[303.083s][info][gc,start       ] GC(605) Pause Young (Allocation Failure)
[303.092s][info][gc,heap        ] GC(605) PSYoungGen: 288070K->38380K(285184K)
[303.092s][info][gc,heap        ] GC(605) PSOldGen: 85074K->100683K(699392K)
[303.092s][info][gc,metaspace   ] GC(605) Metaspace: 144001K(157008K)->144001K(157008K) NonClass: 125214K(131760K)->125214K(131760K) Class: 18787K(25248K)->18787K(25248K)
[303.092s][info][gc             ] GC(605) Pause Young (Allocation Failure) 364M->135M(961M) 8.671ms
[303.092s][info][gc,cpu         ] GC(605) User=0.00s Sys=0.00s Real=0.01s
[303.123s][info][gc,start       ] GC(606) Pause Young (Allocation Failure)
[303.129s][info][gc,heap        ] GC(606) PSYoungGen: 282657K->13938K(297984K)
[303.129s][info][gc,heap        ] GC(606) PSOldGen: 100683K->126100K(699392K)
[303.129s][info][gc,metaspace   ] GC(606) Metaspace: 144001K(157008K)->144001K(157008K) NonClass: 125214K(131760K)->125214K(131760K) Class: 18787K(25248K)->18787K(25248K)
[303.129s][info][gc             ] GC(606) Pause Young (Allocation Failure) 374M->136M(974M) 6.346ms
[303.129s][info][gc,cpu         ] GC(606) User=0.09s Sys=0.00s Real=0.01s
[303.308s][info][gc,start       ] GC(607) Pause Young (Allocation Failure)
[303.313s][info][gc,heap        ] GC(607) PSYoungGen: 260722K->21821K(302080K)
[303.313s][info][gc,heap        ] GC(607) PSOldGen: 126100K->127440K(699392K)
[303.313s][info][gc,metaspace   ] GC(607) Metaspace: 144001K(157008K)->144001K(157008K) NonClass: 125214K(131760K)->125214K(131760K) Class: 18787K(25248K)->18787K(25248K)
[303.313s][info][gc             ] GC(607) Pause Young (Allocation Failure) 377M->145M(978M) 5.139ms
[303.313s][info][gc,cpu         ] GC(607) User=0.08s Sys=0.00s Real=0.00s
[303.361s][info][gc,start       ] GC(608) Pause Young (Allocation Failure)
[303.367s][info][gc,heap        ] GC(608) PSYoungGen: 275773K->32324K(286720K)
[303.367s][info][gc,heap        ] GC(608) PSOldGen: 127440K->127613K(699392K)
[303.367s][info][gc,metaspace   ] GC(608) Metaspace: 144001K(157008K)->144001K(157008K) NonClass: 125214K(131760K)->125214K(131760K) Class: 18787K(25248K)->18787K(25248K)
[303.367s][info][gc             ] GC(608) Pause Young (Allocation Failure) 393M->156M(963M) 5.636ms
[303.367s][info][gc,cpu         ] GC(608) User=0.00s Sys=0.00s Real=0.00s
[303.424s][info][gc,start       ] GC(609) Pause Young (Allocation Failure)
[303.430s][info][gc,heap        ] GC(609) PSYoungGen: 286276K->19327K(302080K)
[303.430s][info][gc,heap        ] GC(609) PSOldGen: 127613K->142349K(699392K)
[303.430s][info][gc,metaspace   ] GC(609) Metaspace: 144001K(157008K)->144001K(157008K) NonClass: 125214K(131760K)->125214K(131760K) Class: 18787K(25248K)->18787K(25248K)
[303.430s][info][gc             ] GC(609) Pause Young (Allocation Failure) 404M->157M(978M) 5.812ms
[303.430s][info][gc,cpu         ] GC(609) User=0.00s Sys=0.00s Real=0.01s
[303.460s][info][gc,start       ] GC(610) Pause Young (Allocation Failure)
[303.464s][info][gc,heap        ] GC(610) PSYoungGen: 271231K->17489K(299008K)
[303.464s][info][gc,heap        ] GC(610) PSOldGen: 142349K->148946K(699392K)
[303.464s][info][gc,metaspace   ] GC(610) Metaspace: 144001K(157008K)->144001K(157008K) NonClass: 125214K(131760K)->125214K(131760K) Class: 18787K(25248K)->18787K(25248K)
[303.464s][info][gc             ] GC(610) Pause Young (Allocation Failure) 403M->162M(975M) 3.955ms
[303.464s][info][gc,cpu         ] GC(610) User=0.00s Sys=0.00s Real=0.00s
[303.511s][info][gc,start       ] GC(611) Pause Young (Allocation Failure)
[303.514s][info][gc,heap        ] GC(611) PSYoungGen: 267384K->2458K(304640K)
[303.514s][info][gc,heap        ] GC(611) PSOldGen: 148946K->150754K(699392K)
[303.514s][info][gc,metaspace   ] GC(611) Metaspace: 144001K(157008K)->144001K(157008K) NonClass: 125214K(131760K)->125214K(131760K) Class: 18787K(25248K)->18787K(25248K)
[303.514s][info][gc             ] GC(611) Pause Young (Allocation Failure) 406M->149M(980M) 2.580ms
[303.514s][info][gc,cpu         ] GC(611) User=0.00s Sys=0.00s Real=0.00s
[303.736s][info][gc,start       ] GC(612) Pause Young (Allocation Failure)
[303.740s][info][gc,heap        ] GC(612) PSYoungGen: 262531K->16106K(304640K)
[303.740s][info][gc,heap        ] GC(612) PSOldGen: 150754K->151036K(699392K)
[303.740s][info][gc,metaspace   ] GC(612) Metaspace: 144001K(157008K)->144001K(157008K) NonClass: 125214K(131760K)->125214K(131760K) Class: 18787K(25248K)->18787K(25248K)
[303.740s][info][gc             ] GC(612) Pause Young (Allocation Failure) 403M->163M(980M) 3.264ms
[303.740s][info][gc,cpu         ] GC(612) User=0.00s Sys=0.00s Real=0.00s
[304.212s][info][gc,start       ] GC(613) Pause Young (Allocation Failure)
[304.218s][info][gc,heap        ] GC(613) PSYoungGen: 276202K->3750K(307712K)
[304.218s][info][gc,heap        ] GC(613) PSOldGen: 151036K->166818K(699392K)
[304.218s][info][gc,metaspace   ] GC(613) Metaspace: 144002K(157008K)->144002K(157008K) NonClass: 125214K(131760K)->125214K(131760K) Class: 18787K(25248K)->18787K(25248K)
[304.218s][info][gc             ] GC(613) Pause Young (Allocation Failure) 417M->166M(983M) 5.638ms
[304.218s][info][gc,cpu         ] GC(613) User=0.00s Sys=0.00s Real=0.00s
[305.469s][info][gc,start       ] GC(614) Pause Young (Allocation Failure)
[305.472s][info][gc,heap        ] GC(614) PSYoungGen: 269478K->7372K(307200K)
[305.472s][info][gc,heap        ] GC(614) PSOldGen: 166818K->167579K(699392K)
[305.472s][info][gc,metaspace   ] GC(614) Metaspace: 144002K(157008K)->144002K(157008K) NonClass: 125214K(131760K)->125214K(131760K) Class: 18787K(25248K)->18787K(25248K)
[305.472s][info][gc             ] GC(614) Pause Young (Allocation Failure) 426M->170M(983M) 3.283ms
[305.472s][info][gc,cpu         ] GC(614) User=0.00s Sys=0.00s Real=0.01s
[306.683s][info][gc,start       ] GC(615) Pause Young (Allocation Failure)
[306.686s][info][gc,heap        ] GC(615) PSYoungGen: 273100K->2149K(309248K)
[306.686s][info][gc,heap        ] GC(615) PSOldGen: 167579K->167961K(699392K)
[306.686s][info][gc,metaspace   ] GC(615) Metaspace: 144002K(157008K)->144002K(157008K) NonClass: 125214K(131760K)->125214K(131760K) Class: 18787K(25248K)->18787K(25248K)
[306.686s][info][gc             ] GC(615) Pause Young (Allocation Failure) 430M->166M(985M) 2.427ms
[306.686s][info][gc,cpu         ] GC(615) User=0.00s Sys=0.00s Real=0.00s
[307.787s][info][gc,start       ] GC(616) Pause Young (Allocation Failure)
[307.790s][info][gc,heap        ] GC(616) PSYoungGen: 270949K->4711K(308736K)
[307.790s][info][gc,heap        ] GC(616) PSOldGen: 167961K->168360K(699392K)
[307.790s][info][gc,metaspace   ] GC(616) Metaspace: 144002K(157008K)->144002K(157008K) NonClass: 125214K(131760K)->125214K(131760K) Class: 18787K(25248K)->18787K(25248K)
[307.790s][info][gc             ] GC(616) Pause Young (Allocation Failure) 428M->169M(984M) 2.622ms
[307.790s][info][gc,cpu         ] GC(616) User=0.00s Sys=0.00s Real=0.01s
[308.938s][info][gc,start       ] GC(617) Pause Young (GCLocker Initiated GC)
[308.941s][info][gc,heap        ] GC(617) PSYoungGen: 273511K->8484K(312320K)
[308.941s][info][gc,heap        ] GC(617) PSOldGen: 168361K->168695K(699392K)
[308.941s][info][gc,metaspace   ] GC(617) Metaspace: 144002K(157008K)->144002K(157008K) NonClass: 125214K(131760K)->125214K(131760K) Class: 18787K(25248K)->18787K(25248K)
[308.941s][info][gc             ] GC(617) Pause Young (GCLocker Initiated GC) 431M->173M(988M) 3.096ms
[308.941s][info][gc,cpu         ] GC(617) User=0.00s Sys=0.00s Real=0.00s
[310.057s][info][gc,start       ] GC(618) Pause Young (Allocation Failure)
[310.059s][info][gc,heap        ] GC(618) PSYoungGen: 282404K->630K(310784K)
[310.059s][info][gc,heap        ] GC(618) PSOldGen: 173890K->174380K(699392K)
[310.059s][info][gc,metaspace   ] GC(618) Metaspace: 144002K(157008K)->144002K(157008K) NonClass: 125215K(131760K)->125215K(131760K) Class: 18787K(25248K)->18787K(25248K)
[310.059s][info][gc             ] GC(618) Pause Young (Allocation Failure) 445M->170M(986M) 2.022ms
[310.059s][info][gc,cpu         ] GC(618) User=0.00s Sys=0.00s Real=0.00s
[310.307s][info][gc,start       ] GC(619) Pause Young (System.gc())
[310.310s][info][gc,heap        ] GC(619) PSYoungGen: 172074K->2437K(313856K)
[310.310s][info][gc,heap        ] GC(619) PSOldGen: 174380K->174854K(699392K)
[310.310s][info][gc,metaspace   ] GC(619) Metaspace: 144006K(157008K)->144006K(157008K) NonClass: 125218K(131760K)->125218K(131760K) Class: 18787K(25248K)->18787K(25248K)
[310.310s][info][gc             ] GC(619) Pause Young (System.gc()) 338M->173M(989M) 2.211ms
[310.310s][info][gc,cpu         ] GC(619) User=0.00s Sys=0.00s Real=0.01s
[310.310s][info][gc,start       ] GC(620) Pause Full (System.gc())
[310.311s][info][gc,phases,start] GC(620) Phase 1: Mark live objects
[310.381s][info][gc,phases      ] GC(620) Phase 1: Mark live objects 69.754ms
[310.381s][info][gc,phases,start] GC(620) Phase 2: Compute new object addresses
[310.392s][info][gc,phases      ] GC(620) Phase 2: Compute new object addresses 10.899ms
[310.392s][info][gc,phases,start] GC(620) Phase 3: Adjust pointers
[310.433s][info][gc,phases      ] GC(620) Phase 3: Adjust pointers 40.963ms
[310.433s][info][gc,phases,start] GC(620) Phase 4: Move objects
[310.434s][info][gc,phases      ] GC(620) Phase 4: Move objects 0.828ms
[310.435s][info][gc,heap        ] GC(620) PSYoungGen: 2437K->0K(313856K)
[310.435s][info][gc,heap        ] GC(620) PSOldGen: 174854K->105511K(699392K)
[310.435s][info][gc,metaspace   ] GC(620) Metaspace: 144006K(157008K)->144006K(157008K) NonClass: 125218K(131760K)->125218K(131760K) Class: 18787K(25248K)->18787K(25248K)
[310.435s][info][gc             ] GC(620) Pause Full (System.gc()) 173M->103M(989M) 125.228ms
[310.435s][info][gc,cpu         ] GC(620) User=0.11s Sys=0.00s Real=0.12s
[310.559s][info][gc,start       ] GC(621) Pause Young (Allocation Failure)
[310.562s][info][gc,heap        ] GC(621) PSYoungGen: 277504K->16992K(312832K)
[310.562s][info][gc,heap        ] GC(621) PSOldGen: 105511K->105511K(699392K)
[310.562s][info][gc,metaspace   ] GC(621) Metaspace: 144008K(157008K)->144008K(157008K) NonClass: 125221K(131760K)->125221K(131760K) Class: 18787K(25248K)->18787K(25248K)
[310.562s][info][gc             ] GC(621) Pause Young (Allocation Failure) 374M->119M(988M) 3.503ms
[310.562s][info][gc,cpu         ] GC(621) User=0.06s Sys=0.00s Real=0.00s
[310.622s][info][gc,start       ] GC(622) Pause Young (Allocation Failure)
[310.627s][info][gc,heap        ] GC(622) PSYoungGen: 294496K->17446K(313856K)
[310.627s][info][gc,heap        ] GC(622) PSOldGen: 105511K->118523K(699392K)
[310.627s][info][gc,metaspace   ] GC(622) Metaspace: 144008K(157008K)->144008K(157008K) NonClass: 125221K(131760K)->125221K(131760K) Class: 18787K(25248K)->18787K(25248K)
[310.627s][info][gc             ] GC(622) Pause Young (Allocation Failure) 390M->132M(989M) 5.317ms
[310.627s][info][gc,cpu         ] GC(622) User=0.09s Sys=0.00s Real=0.00s
[310.783s][info][gc,start       ] GC(623) Pause Young (Allocation Failure)
[310.790s][info][gc,heap        ] GC(623) PSYoungGen: 293232K->28666K(307200K)
[310.790s][info][gc,heap        ] GC(623) PSOldGen: 118523K->128510K(699392K)
[310.790s][info][gc,metaspace   ] GC(623) Metaspace: 144008K(157008K)->144008K(157008K) NonClass: 125221K(131760K)->125221K(131760K) Class: 18787K(25248K)->18787K(25248K)
[310.790s][info][gc             ] GC(623) Pause Young (Allocation Failure) 402M->153M(983M) 6.493ms
[310.790s][info][gc,cpu         ] GC(623) User=0.00s Sys=0.00s Real=0.00s
[310.824s][info][gc,start       ] GC(624) Pause Young (Allocation Failure)
[310.831s][info][gc,heap        ] GC(624) PSYoungGen: 304773K->17190K(310784K)
[310.831s][info][gc,heap        ] GC(624) PSOldGen: 128510K->156084K(699392K)
[310.831s][info][gc,metaspace   ] GC(624) Metaspace: 144008K(157008K)->144008K(157008K) NonClass: 125221K(131760K)->125221K(131760K) Class: 18787K(25248K)->18787K(25248K)
[310.831s][info][gc             ] GC(624) Pause Young (Allocation Failure) 423M->169M(986M) 6.774ms
[310.831s][info][gc,cpu         ] GC(624) User=0.08s Sys=0.02s Real=0.01s
[310.986s][info][gc,start       ] GC(625) Pause Young (Allocation Failure)
[310.991s][info][gc,heap        ] GC(625) PSYoungGen: 288550K->32076K(303616K)
[310.991s][info][gc,heap        ] GC(625) PSOldGen: 156084K->156124K(699392K)
[310.991s][info][gc,metaspace   ] GC(625) Metaspace: 144008K(157008K)->144008K(157008K) NonClass: 125221K(131760K)->125221K(131760K) Class: 18787K(25248K)->18787K(25248K)
[310.991s][info][gc             ] GC(625) Pause Young (Allocation Failure) 434M->183M(979M) 5.923ms
[310.992s][info][gc,cpu         ] GC(625) User=0.00s Sys=0.00s Real=0.01s
[311.051s][info][gc,start       ] GC(626) Pause Young (Allocation Failure)
[311.055s][info][gc,heap        ] GC(626) PSYoungGen: 299954K->21045K(307200K)
[311.055s][info][gc,heap        ] GC(626) PSOldGen: 156124K->165658K(699392K)
[311.055s][info][gc,metaspace   ] GC(626) Metaspace: 144008K(157008K)->144008K(157008K) NonClass: 125221K(131760K)->125221K(131760K) Class: 18787K(25248K)->18787K(25248K)
[311.055s][info][gc             ] GC(626) Pause Young (Allocation Failure) 445M->182M(983M) 4.788ms
[311.055s][info][gc,cpu         ] GC(626) User=0.00s Sys=0.00s Real=0.01s
[311.087s][info][gc,start       ] GC(627) Pause Young (Allocation Failure)
[311.092s][info][gc,heap        ] GC(627) PSYoungGen: 285749K->22897K(306688K)
[311.092s][info][gc,heap        ] GC(627) PSOldGen: 165658K->173657K(699392K)
[311.092s][info][gc,metaspace   ] GC(627) Metaspace: 144008K(157008K)->144008K(157008K) NonClass: 125221K(131760K)->125221K(131760K) Class: 18787K(25248K)->18787K(25248K)
[311.092s][info][gc             ] GC(627) Pause Young (Allocation Failure) 440M->191M(982M) 4.989ms
[311.092s][info][gc,cpu         ] GC(627) User=0.00s Sys=0.00s Real=0.00s
[311.126s][info][gc,start       ] GC(628) Pause Young (GCLocker Initiated GC)
[311.129s][info][gc,heap        ] GC(628) PSYoungGen: 285913K->8818K(308224K)
[311.129s][info][gc,heap        ] GC(628) PSOldGen: 177753K->182867K(699392K)
[311.129s][info][gc,metaspace   ] GC(628) Metaspace: 144008K(157008K)->144008K(157008K) NonClass: 125221K(131760K)->125221K(131760K) Class: 18787K(25248K)->18787K(25248K)
[311.129s][info][gc             ] GC(628) Pause Young (GCLocker Initiated GC) 452M->187M(984M) 3.142ms
[311.129s][info][gc,cpu         ] GC(628) User=0.00s Sys=0.00s Real=0.00s
[311.304s][info][gc,start       ] GC(629) Pause Young (Allocation Failure)
[311.310s][info][gc,heap        ] GC(629) PSYoungGen: 275058K->28476K(294912K)
[311.310s][info][gc,heap        ] GC(629) PSOldGen: 185583K->185779K(699392K)
[311.310s][info][gc,metaspace   ] GC(629) Metaspace: 144008K(157008K)->144008K(157008K) NonClass: 125221K(131760K)->125221K(131760K) Class: 18787K(25248K)->18787K(25248K)
[311.310s][info][gc             ] GC(629) Pause Young (Allocation Failure) 449M->209M(971M) 5.712ms
[311.310s][info][gc,cpu         ] GC(629) User=0.00s Sys=0.00s Real=0.01s
[311.516s][info][gc,start       ] GC(630) Pause Young (Allocation Failure)
[311.519s][info][gc,heap        ] GC(630) PSYoungGen: 294716K->6826K(307200K)
[311.520s][info][gc,heap        ] GC(630) PSOldGen: 185779K->193969K(699392K)
[311.520s][info][gc,metaspace   ] GC(630) Metaspace: 144008K(157008K)->144008K(157008K) NonClass: 125221K(131760K)->125221K(131760K) Class: 18787K(25248K)->18787K(25248K)
[311.520s][info][gc             ] GC(630) Pause Young (Allocation Failure) 469M->196M(983M) 3.900ms
[311.520s][info][gc,cpu         ] GC(630) User=0.00s Sys=0.00s Real=0.01s
[312.541s][info][gc,start       ] GC(631) Pause Young (Allocation Failure)
[312.544s][info][gc,heap        ] GC(631) PSYoungGen: 271018K->2466K(306176K)
[312.545s][info][gc,heap        ] GC(631) PSOldGen: 193969K->200644K(699392K)
[312.545s][info][gc,metaspace   ] GC(631) Metaspace: 144009K(157008K)->144009K(157008K) NonClass: 125222K(131760K)->125222K(131760K) Class: 18787K(25248K)->18787K(25248K)
[312.545s][info][gc             ] GC(631) Pause Young (Allocation Failure) 454M->198M(982M) 3.530ms
[312.545s][info][gc,cpu         ] GC(631) User=0.00s Sys=0.00s Real=0.00s
[313.733s][info][gc,start       ] GC(632) Pause Young (GCLocker Initiated GC)
[313.736s][info][gc,heap        ] GC(632) PSYoungGen: 266658K->8227K(308736K)
[313.736s][info][gc,heap        ] GC(632) PSOldGen: 200655K->201302K(699392K)
[313.736s][info][gc,metaspace   ] GC(632) Metaspace: 144009K(157008K)->144009K(157008K) NonClass: 125222K(131760K)->125222K(131760K) Class: 18787K(25248K)->18787K(25248K)
[313.736s][info][gc             ] GC(632) Pause Young (GCLocker Initiated GC) 456M->204M(984M) 3.479ms
[313.736s][info][gc,cpu         ] GC(632) User=0.06s Sys=0.02s Real=0.02s
[314.982s][info][gc,start       ] GC(633) Pause Young (GCLocker Initiated GC)
[314.985s][info][gc,heap        ] GC(633) PSYoungGen: 274979K->3803K(307200K)
[314.985s][info][gc,heap        ] GC(633) PSOldGen: 201352K->201739K(699392K)
[314.985s][info][gc,metaspace   ] GC(633) Metaspace: 144009K(157008K)->144009K(157008K) NonClass: 125222K(131760K)->125222K(131760K) Class: 18787K(25248K)->18787K(25248K)
[314.985s][info][gc             ] GC(633) Pause Young (GCLocker Initiated GC) 465M->200M(983M) 3.016ms
[314.985s][info][gc,cpu         ] GC(633) User=0.08s Sys=0.00s Real=0.00s
[316.315s][info][gc,start       ] GC(634) Pause Young (Allocation Failure)
[316.318s][info][gc,heap        ] GC(634) PSYoungGen: 270555K->2768K(310784K)
[316.319s][info][gc,heap        ] GC(634) PSOldGen: 201936K->202348K(699392K)
[316.319s][info][gc,metaspace   ] GC(634) Metaspace: 144009K(157008K)->144009K(157008K) NonClass: 125222K(131760K)->125222K(131760K) Class: 18787K(25248K)->18787K(25248K)
[316.319s][info][gc             ] GC(634) Pause Young (Allocation Failure) 461M->200M(986M) 3.552ms
[316.319s][info][gc,cpu         ] GC(634) User=0.00s Sys=0.00s Real=0.00s
[317.498s][info][gc,start       ] GC(635) Pause Young (GCLocker Initiated GC)
[317.501s][info][gc,heap        ] GC(635) PSYoungGen: 274128K->7464K(309760K)
[317.501s][info][gc,heap        ] GC(635) PSOldGen: 202353K->202825K(699392K)
[317.501s][info][gc,metaspace   ] GC(635) Metaspace: 144009K(157008K)->144009K(157008K) NonClass: 125222K(131760K)->125222K(131760K) Class: 18787K(25248K)->18787K(25248K)
[317.501s][info][gc             ] GC(635) Pause Young (GCLocker Initiated GC) 465M->205M(985M) 3.122ms
[317.502s][info][gc,cpu         ] GC(635) User=0.06s Sys=0.02s Real=0.00s
[318.292s][info][gc,start       ] GC(636) Pause Young (Allocation Failure)
[318.296s][info][gc,heap        ] GC(636) PSYoungGen: 278824K->7338K(314368K)
[318.296s][info][gc,heap        ] GC(636) PSOldGen: 202827K->203404K(699392K)
[318.296s][info][gc,metaspace   ] GC(636) Metaspace: 144010K(157008K)->144010K(157008K) NonClass: 125223K(131760K)->125223K(131760K) Class: 18787K(25248K)->18787K(25248K)
[318.296s][info][gc             ] GC(636) Pause Young (Allocation Failure) 470M->205M(990M) 3.920ms
[318.296s][info][gc,cpu         ] GC(636) User=0.00s Sys=0.00s Real=0.00s
[318.359s][info][gc,start       ] GC(637) Pause Young (System.gc())
[318.362s][info][gc,heap        ] GC(637) PSYoungGen: 42280K->320K(312320K)
[318.362s][info][gc,heap        ] GC(637) PSOldGen: 203404K->205880K(699392K)
[318.362s][info][gc,metaspace   ] GC(637) Metaspace: 144046K(157008K)->144046K(157008K) NonClass: 125258K(131760K)->125258K(131760K) Class: 18787K(25248K)->18787K(25248K)
[318.362s][info][gc             ] GC(637) Pause Young (System.gc()) 239M->201M(988M) 3.666ms
[318.362s][info][gc,cpu         ] GC(637) User=0.03s Sys=0.00s Real=0.01s
[318.362s][info][gc,start       ] GC(638) Pause Full (System.gc())
[318.365s][info][gc,phases,start] GC(638) Phase 1: Mark live objects
[318.439s][info][gc,phases      ] GC(638) Phase 1: Mark live objects 74.637ms
[318.439s][info][gc,phases,start] GC(638) Phase 2: Compute new object addresses
[318.451s][info][gc,phases      ] GC(638) Phase 2: Compute new object addresses 11.662ms
[318.451s][info][gc,phases,start] GC(638) Phase 3: Adjust pointers
[318.490s][info][gc,phases      ] GC(638) Phase 3: Adjust pointers 39.465ms
[318.491s][info][gc,phases,start] GC(638) Phase 4: Move objects
[318.492s][info][gc,phases      ] GC(638) Phase 4: Move objects 1.557ms
[318.493s][info][gc,heap        ] GC(638) PSYoungGen: 320K->0K(312320K)
[318.493s][info][gc,heap        ] GC(638) PSOldGen: 205880K->107175K(699392K)
[318.493s][info][gc,metaspace   ] GC(638) Metaspace: 144046K(157008K)->144046K(157008K) NonClass: 125258K(131760K)->125258K(131760K) Class: 18787K(25248K)->18787K(25248K)
[318.493s][info][gc             ] GC(638) Pause Full (System.gc()) 201M->104M(988M) 130.749ms
[318.493s][info][gc,cpu         ] GC(638) User=0.12s Sys=0.00s Real=0.12s
[318.633s][info][gc,start       ] GC(639) Pause Young (Allocation Failure)
[318.637s][info][gc,heap        ] GC(639) PSYoungGen: 277504K->17056K(313856K)
[318.637s][info][gc,heap        ] GC(639) PSOldGen: 107175K->107175K(699392K)
[318.637s][info][gc,metaspace   ] GC(639) Metaspace: 144061K(157008K)->144061K(157008K) NonClass: 125273K(131760K)->125273K(131760K) Class: 18787K(25248K)->18787K(25248K)
[318.637s][info][gc             ] GC(639) Pause Young (Allocation Failure) 375M->121M(989M) 3.667ms
[318.637s][info][gc,cpu         ] GC(639) User=0.00s Sys=0.00s Real=0.00s
[318.696s][info][gc,start       ] GC(640) Pause Young (Allocation Failure)
[318.702s][info][gc,heap        ] GC(640) PSYoungGen: 296608K->17254K(314368K)
[318.702s][info][gc,heap        ] GC(640) PSOldGen: 107175K->120236K(699392K)
[318.702s][info][gc,metaspace   ] GC(640) Metaspace: 144061K(157008K)->144061K(157008K) NonClass: 125273K(131760K)->125273K(131760K) Class: 18787K(25248K)->18787K(25248K)
[318.702s][info][gc             ] GC(640) Pause Young (Allocation Failure) 394M->134M(990M) 5.459ms
[318.702s][info][gc,cpu         ] GC(640) User=0.00s Sys=0.00s Real=0.01s
[318.854s][info][gc,start       ] GC(641) Pause Young (Allocation Failure)
[318.861s][info][gc,heap        ] GC(641) PSYoungGen: 296779K->34811K(292864K)
[318.862s][info][gc,heap        ] GC(641) PSOldGen: 120236K->131848K(699392K)
[318.862s][info][gc,metaspace   ] GC(641) Metaspace: 144061K(157008K)->144061K(157008K) NonClass: 125273K(131760K)->125273K(131760K) Class: 18787K(25248K)->18787K(25248K)
[318.862s][info][gc             ] GC(641) Pause Young (Allocation Failure) 407M->162M(969M) 7.107ms
[318.862s][info][gc,cpu         ] GC(641) User=0.06s Sys=0.00s Real=0.01s
[318.897s][info][gc,start       ] GC(642) Pause Young (Allocation Failure)
[318.903s][info][gc,heap        ] GC(642) PSYoungGen: 292294K->11766K(303616K)
[318.903s][info][gc,heap        ] GC(642) PSOldGen: 131848K->157312K(699392K)
[318.903s][info][gc,metaspace   ] GC(642) Metaspace: 144061K(157008K)->144061K(157008K) NonClass: 125273K(131760K)->125273K(131760K) Class: 18787K(25248K)->18787K(25248K)
[318.903s][info][gc             ] GC(642) Pause Young (Allocation Failure) 414M->165M(979M) 6.444ms
[318.903s][info][gc,cpu         ] GC(642) User=0.00s Sys=0.00s Real=0.01s
[319.076s][info][gc,start       ] GC(643) Pause Young (Allocation Failure)
[319.083s][info][gc,heap        ] GC(643) PSYoungGen: 269133K->37290K(294912K)
[319.083s][info][gc,heap        ] GC(643) PSOldGen: 157312K->157360K(699392K)
[319.083s][info][gc,metaspace   ] GC(643) Metaspace: 144061K(157008K)->144061K(157008K) NonClass: 125273K(131760K)->125273K(131760K) Class: 18787K(25248K)->18787K(25248K)
[319.083s][info][gc             ] GC(643) Pause Young (Allocation Failure) 416M->190M(971M) 6.562ms
[319.083s][info][gc,cpu         ] GC(643) User=0.06s Sys=0.00s Real=0.00s
[319.130s][info][gc,start       ] GC(644) Pause Young (Allocation Failure)
[319.136s][info][gc,heap        ] GC(644) PSYoungGen: 289194K->25373K(300544K)
[319.136s][info][gc,heap        ] GC(644) PSOldGen: 157360K->163775K(699392K)
[319.136s][info][gc,metaspace   ] GC(644) Metaspace: 144061K(157008K)->144061K(157008K) NonClass: 125273K(131760K)->125273K(131760K) Class: 18787K(25248K)->18787K(25248K)
[319.136s][info][gc             ] GC(644) Pause Young (Allocation Failure) 436M->184M(976M) 6.058ms
[319.136s][info][gc,cpu         ] GC(644) User=0.00s Sys=0.00s Real=0.01s
[319.181s][info][gc,start       ] GC(645) Pause Young (Allocation Failure)
[319.186s][info][gc,heap        ] GC(645) PSYoungGen: 277277K->22699K(302080K)
[319.186s][info][gc,heap        ] GC(645) PSOldGen: 163775K->173770K(699392K)
[319.186s][info][gc,metaspace   ] GC(645) Metaspace: 144061K(157008K)->144061K(157008K) NonClass: 125273K(131760K)->125273K(131760K) Class: 18787K(25248K)->18787K(25248K)
[319.186s][info][gc             ] GC(645) Pause Young (Allocation Failure) 430M->191M(978M) 5.051ms
[319.186s][info][gc,cpu         ] GC(645) User=0.00s Sys=0.00s Real=0.00s
[319.219s][info][gc,start       ] GC(646) Pause Young (Allocation Failure)
[319.222s][info][gc,heap        ] GC(646) PSYoungGen: 276139K->13643K(300544K)
[319.223s][info][gc,heap        ] GC(646) PSOldGen: 173770K->179323K(699392K)
[319.223s][info][gc,metaspace   ] GC(646) Metaspace: 144061K(157008K)->144061K(157008K) NonClass: 125273K(131760K)->125273K(131760K) Class: 18787K(25248K)->18787K(25248K)
[319.223s][info][gc             ] GC(646) Pause Young (Allocation Failure) 439M->188M(976M) 3.783ms
[319.223s][info][gc,cpu         ] GC(646) User=0.00s Sys=0.00s Real=0.00s
[319.395s][info][gc,start       ] GC(647) Pause Young (Allocation Failure)
[319.398s][info][gc,heap        ] GC(647) PSYoungGen: 267077K->6783K(304640K)
[319.398s][info][gc,heap        ] GC(647) PSOldGen: 179323K->179433K(699392K)
[319.398s][info][gc,metaspace   ] GC(647) Metaspace: 144061K(157008K)->144061K(157008K) NonClass: 125273K(131760K)->125273K(131760K) Class: 18787K(25248K)->18787K(25248K)
[319.398s][info][gc             ] GC(647) Pause Young (Allocation Failure) 435M->181M(980M) 2.826ms
[319.398s][info][gc,cpu         ] GC(647) User=0.00s Sys=0.00s Real=0.01s
[319.550s][info][gc,start       ] GC(648) Pause Young (Allocation Failure)
[319.553s][info][gc,heap        ] GC(648) PSYoungGen: 266367K->16009K(304128K)
[319.553s][info][gc,heap        ] GC(648) PSOldGen: 179433K->180131K(699392K)
[319.553s][info][gc,metaspace   ] GC(648) Metaspace: 144061K(157008K)->144061K(157008K) NonClass: 125274K(131760K)->125274K(131760K) Class: 18787K(25248K)->18787K(25248K)
[319.553s][info][gc             ] GC(648) Pause Young (Allocation Failure) 435M->191M(980M) 3.454ms
[319.553s][info][gc,cpu         ] GC(648) User=0.00s Sys=0.00s Real=0.01s
[320.207s][info][gc,start       ] GC(649) Pause Young (Allocation Failure)
[320.211s][info][gc,heap        ] GC(649) PSYoungGen: 275593K->1749K(307712K)
[320.211s][info][gc,heap        ] GC(649) PSOldGen: 180131K->195948K(699392K)
[320.211s][info][gc,metaspace   ] GC(649) Metaspace: 144061K(157008K)->144061K(157008K) NonClass: 125274K(131760K)->125274K(131760K) Class: 18787K(25248K)->18787K(25248K)
[320.211s][info][gc             ] GC(649) Pause Young (Allocation Failure) 445M->193M(983M) 4.271ms
[320.211s][info][gc,cpu         ] GC(649) User=0.00s Sys=0.00s Real=0.00s
[321.522s][info][gc,start       ] GC(650) Pause Young (Allocation Failure)
[321.525s][info][gc,heap        ] GC(650) PSYoungGen: 267989K->2644K(307712K)
[321.525s][info][gc,heap        ] GC(650) PSOldGen: 195948K->196744K(699392K)
[321.525s][info][gc,metaspace   ] GC(650) Metaspace: 144061K(157008K)->144061K(157008K) NonClass: 125274K(131760K)->125274K(131760K) Class: 18787K(25248K)->18787K(25248K)
[321.525s][info][gc             ] GC(650) Pause Young (Allocation Failure) 453M->194M(983M) 2.901ms
[321.525s][info][gc,cpu         ] GC(650) User=0.00s Sys=0.00s Real=0.00s
[322.761s][info][gc,start       ] GC(651) Pause Young (Allocation Failure)
[322.764s][info][gc,heap        ] GC(651) PSYoungGen: 268884K->3743K(308736K)
[322.764s][info][gc,heap        ] GC(651) PSOldGen: 196744K->197044K(699392K)
[322.764s][info][gc,metaspace   ] GC(651) Metaspace: 144061K(157008K)->144061K(157008K) NonClass: 125274K(131760K)->125274K(131760K) Class: 18787K(25248K)->18787K(25248K)
[322.764s][info][gc             ] GC(651) Pause Young (Allocation Failure) 454M->196M(984M) 3.307ms
[322.764s][info][gc,cpu         ] GC(651) User=0.00s Sys=0.00s Real=0.00s
[323.884s][info][gc,start       ] GC(652) Pause Young (Allocation Failure)
[323.886s][info][gc,heap        ] GC(652) PSYoungGen: 271519K->5822K(308224K)
[323.886s][info][gc,heap        ] GC(652) PSOldGen: 197044K->197443K(699392K)
[323.886s][info][gc,metaspace   ] GC(652) Metaspace: 144061K(157008K)->144061K(157008K) NonClass: 125274K(131760K)->125274K(131760K) Class: 18787K(25248K)->18787K(25248K)
[323.886s][info][gc             ] GC(652) Pause Young (Allocation Failure) 457M->198M(984M) 2.866ms
[323.887s][info][gc,cpu         ] GC(652) User=0.00s Sys=0.00s Real=0.00s
[325.122s][info][gc,start       ] GC(653) Pause Young (Allocation Failure)
[325.124s][info][gc,heap        ] GC(653) PSYoungGen: 273598K->2718K(311296K)
[325.124s][info][gc,heap        ] GC(653) PSOldGen: 197443K->197917K(699392K)
[325.124s][info][gc,metaspace   ] GC(653) Metaspace: 144061K(157008K)->144061K(157008K) NonClass: 125274K(131760K)->125274K(131760K) Class: 18787K(25248K)->18787K(25248K)
[325.124s][info][gc             ] GC(653) Pause Young (Allocation Failure) 460M->195M(987M) 2.348ms
[325.124s][info][gc,cpu         ] GC(653) User=0.00s Sys=0.00s Real=0.00s
[326.114s][info][gc,start       ] GC(654) Pause Young (Allocation Failure)
[326.117s][info][gc,heap        ] GC(654) PSYoungGen: 275102K->2510K(310272K)
[326.117s][info][gc,heap        ] GC(654) PSOldGen: 197917K->198376K(699392K)
[326.117s][info][gc,metaspace   ] GC(654) Metaspace: 144061K(157008K)->144061K(157008K) NonClass: 125274K(131760K)->125274K(131760K) Class: 18787K(25248K)->18787K(25248K)
[326.117s][info][gc             ] GC(654) Pause Young (Allocation Failure) 461M->196M(986M) 2.685ms
[326.117s][info][gc,cpu         ] GC(654) User=0.00s Sys=0.00s Real=0.00s
[326.276s][info][gc,start       ] GC(655) Pause Young (System.gc())
[326.279s][info][gc,heap        ] GC(655) PSYoungGen: 136054K->1381K(313856K)
[326.279s][info][gc,heap        ] GC(655) PSOldGen: 198376K->199737K(699392K)
[326.279s][info][gc,metaspace   ] GC(655) Metaspace: 144072K(157008K)->144072K(157008K) NonClass: 125284K(131760K)->125284K(131760K) Class: 18787K(25248K)->18787K(25248K)
[326.279s][info][gc             ] GC(655) Pause Young (System.gc()) 326M->196M(989M) 2.495ms
[326.279s][info][gc,cpu         ] GC(655) User=0.00s Sys=0.00s Real=0.00s
[326.279s][info][gc,start       ] GC(656) Pause Full (System.gc())
[326.281s][info][gc,phases,start] GC(656) Phase 1: Mark live objects
[326.351s][info][gc,phases      ] GC(656) Phase 1: Mark live objects 69.964ms
[326.351s][info][gc,phases,start] GC(656) Phase 2: Compute new object addresses
[326.362s][info][gc,phases      ] GC(656) Phase 2: Compute new object addresses 11.091ms
[326.362s][info][gc,phases,start] GC(656) Phase 3: Adjust pointers
[326.402s][info][gc,phases      ] GC(656) Phase 3: Adjust pointers 39.933ms
[326.402s][info][gc,phases,start] GC(656) Phase 4: Move objects
[326.404s][info][gc,phases      ] GC(656) Phase 4: Move objects 1.797ms
[326.405s][info][gc,heap        ] GC(656) PSYoungGen: 1381K->0K(313856K)
[326.405s][info][gc,heap        ] GC(656) PSOldGen: 199737K->105600K(699392K)
[326.405s][info][gc,metaspace   ] GC(656) Metaspace: 144072K(157008K)->144072K(157008K) NonClass: 125284K(131760K)->125284K(131760K) Class: 18787K(25248K)->18787K(25248K)
[326.405s][info][gc             ] GC(656) Pause Full (System.gc()) 196M->103M(989M) 125.677ms
[326.405s][info][gc,cpu         ] GC(656) User=0.12s Sys=0.00s Real=0.13s
[326.552s][info][gc,start       ] GC(657) Pause Young (Allocation Failure)
[326.555s][info][gc,heap        ] GC(657) PSYoungGen: 277504K->17025K(312832K)
[326.555s][info][gc,heap        ] GC(657) PSOldGen: 105600K->105600K(699392K)
[326.555s][info][gc,metaspace   ] GC(657) Metaspace: 144105K(157008K)->144105K(157008K) NonClass: 125318K(131760K)->125318K(131760K) Class: 18787K(25248K)->18787K(25248K)
[326.555s][info][gc             ] GC(657) Pause Young (Allocation Failure) 374M->119M(988M) 3.497ms
[326.555s][info][gc,cpu         ] GC(657) User=0.00s Sys=0.00s Real=0.00s
[326.612s][info][gc,start       ] GC(658) Pause Young (Allocation Failure)
[326.617s][info][gc,heap        ] GC(658) PSYoungGen: 294529K->19110K(312320K)
[326.617s][info][gc,heap        ] GC(658) PSOldGen: 105600K->118534K(699392K)
[326.617s][info][gc,metaspace   ] GC(658) Metaspace: 144105K(157008K)->144105K(157008K) NonClass: 125318K(131760K)->125318K(131760K) Class: 18787K(25248K)->18787K(25248K)
[326.617s][info][gc             ] GC(658) Pause Young (Allocation Failure) 390M->134M(988M) 5.272ms
[326.617s][info][gc,cpu         ] GC(658) User=0.00s Sys=0.00s Real=0.01s
[326.763s][info][gc,start       ] GC(659) Pause Young (Allocation Failure)
[326.770s][info][gc,heap        ] GC(659) PSYoungGen: 291586K->36276K(312832K)
[326.771s][info][gc,heap        ] GC(659) PSOldGen: 118534K->131981K(699392K)
[326.771s][info][gc,metaspace   ] GC(659) Metaspace: 144105K(157008K)->144105K(157008K) NonClass: 125318K(131760K)->125318K(131760K) Class: 18787K(25248K)->18787K(25248K)
[326.771s][info][gc             ] GC(659) Pause Young (Allocation Failure) 400M->164M(988M) 7.457ms
[326.771s][info][gc,cpu         ] GC(659) User=0.08s Sys=0.00s Real=0.01s
[326.804s][info][gc,start       ] GC(660) Pause Young (Allocation Failure)
[326.810s][info][gc,heap        ] GC(660) PSYoungGen: 311944K->16845K(302592K)
[326.810s][info][gc,heap        ] GC(660) PSOldGen: 131981K->155456K(699392K)
[326.810s][info][gc,metaspace   ] GC(660) Metaspace: 144105K(157008K)->144105K(157008K) NonClass: 125318K(131760K)->125318K(131760K) Class: 18787K(25248K)->18787K(25248K)
[326.810s][info][gc             ] GC(660) Pause Young (Allocation Failure) 433M->168M(978M) 6.294ms
[326.811s][info][gc,cpu         ] GC(660) User=0.00s Sys=0.00s Real=0.00s
[326.965s][info][gc,start       ] GC(661) Pause Young (Allocation Failure)
[326.971s][info][gc,heap        ] GC(661) PSYoungGen: 283085K->31724K(297984K)
[326.971s][info][gc,heap        ] GC(661) PSOldGen: 155456K->155504K(699392K)
[326.971s][info][gc,metaspace   ] GC(661) Metaspace: 144105K(157008K)->144105K(157008K) NonClass: 125318K(131760K)->125318K(131760K) Class: 18787K(25248K)->18787K(25248K)
[326.971s][info][gc             ] GC(661) Pause Young (Allocation Failure) 428M->182M(974M) 6.269ms
[326.971s][info][gc,cpu         ] GC(661) User=0.09s Sys=0.00s Real=0.01s
[327.031s][info][gc,start       ] GC(662) Pause Young (Allocation Failure)
[327.035s][info][gc,heap        ] GC(662) PSYoungGen: 297274K->8743K(305664K)
[327.035s][info][gc,heap        ] GC(662) PSOldGen: 155504K->165046K(699392K)
[327.035s][info][gc,metaspace   ] GC(662) Metaspace: 144105K(157008K)->144105K(157008K) NonClass: 125318K(131760K)->125318K(131760K) Class: 18787K(25248K)->18787K(25248K)
[327.035s][info][gc             ] GC(662) Pause Young (Allocation Failure) 442M->169M(981M) 3.655ms
[327.035s][info][gc,cpu         ] GC(662) User=0.00s Sys=0.00s Real=0.02s
[327.067s][info][gc,start       ] GC(663) Pause Young (Allocation Failure)
[327.071s][info][gc,heap        ] GC(663) PSYoungGen: 268839K->14054K(303616K)
[327.071s][info][gc,heap        ] GC(663) PSOldGen: 165046K->173048K(699392K)
[327.071s][info][gc,metaspace   ] GC(663) Metaspace: 144105K(157008K)->144105K(157008K) NonClass: 125318K(131760K)->125318K(131760K) Class: 18787K(25248K)->18787K(25248K)
[327.071s][info][gc             ] GC(663) Pause Young (Allocation Failure) 423M->182M(979M) 3.748ms
[327.071s][info][gc,cpu         ] GC(663) User=0.00s Sys=0.00s Real=0.00s
[327.104s][info][gc,start       ] GC(664) Pause Young (Allocation Failure)
[327.106s][info][gc,heap        ] GC(664) PSYoungGen: 274150K->12170K(310272K)
[327.106s][info][gc,heap        ] GC(664) PSOldGen: 173048K->176866K(699392K)
[327.106s][info][gc,metaspace   ] GC(664) Metaspace: 144105K(157008K)->144105K(157008K) NonClass: 125318K(131760K)->125318K(131760K) Class: 18787K(25248K)->18787K(25248K)
[327.106s][info][gc             ] GC(664) Pause Young (Allocation Failure) 436M->184M(986M) 2.982ms
[327.107s][info][gc,cpu         ] GC(664) User=0.00s Sys=0.00s Real=0.00s
[327.287s][info][gc,start       ] GC(665) Pause Young (Allocation Failure)
[327.293s][info][gc,heap        ] GC(665) PSYoungGen: 281482K->33537K(303104K)
[327.293s][info][gc,heap        ] GC(665) PSOldGen: 176866K->177062K(699392K)
[327.293s][info][gc,metaspace   ] GC(665) Metaspace: 144105K(157008K)->144105K(157008K) NonClass: 125318K(131760K)->125318K(131760K) Class: 18787K(25248K)->18787K(25248K)
[327.293s][info][gc             ] GC(665) Pause Young (Allocation Failure) 447M->205M(979M) 6.266ms
[327.293s][info][gc,cpu         ] GC(665) User=0.00s Sys=0.00s Real=0.00s
[327.483s][info][gc,start       ] GC(666) Pause Young (Allocation Failure)
[327.486s][info][gc,heap        ] GC(666) PSYoungGen: 302849K->14841K(308224K)
[327.487s][info][gc,heap        ] GC(666) PSOldGen: 177062K->178846K(699392K)
[327.487s][info][gc,metaspace   ] GC(666) Metaspace: 144105K(157008K)->144105K(157008K) NonClass: 125318K(131760K)->125318K(131760K) Class: 18787K(25248K)->18787K(25248K)
[327.487s][info][gc             ] GC(666) Pause Young (Allocation Failure) 468M->189M(984M) 3.628ms
[327.487s][info][gc,cpu         ] GC(666) User=0.05s Sys=0.00s Real=0.01s
[328.421s][info][gc,start       ] GC(667) Pause Young (Allocation Failure)
[328.427s][info][gc,heap        ] GC(667) PSYoungGen: 279545K->8255K(305664K)
[328.427s][info][gc,heap        ] GC(667) PSOldGen: 178846K->193331K(699392K)
[328.427s][info][gc,metaspace   ] GC(667) Metaspace: 144108K(157008K)->144108K(157008K) NonClass: 125321K(131760K)->125321K(131760K) Class: 18787K(25248K)->18787K(25248K)
[328.427s][info][gc             ] GC(667) Pause Young (Allocation Failure) 447M->196M(981M) 5.449ms
[328.427s][info][gc,cpu         ] GC(667) User=0.02s Sys=0.00s Real=0.01s
[329.686s][info][gc,start       ] GC(668) Pause Young (GCLocker Initiated GC)
[329.688s][info][gc,heap        ] GC(668) PSYoungGen: 272959K->3022K(309248K)
[329.688s][info][gc,heap        ] GC(668) PSOldGen: 193358K->193981K(699392K)
[329.688s][info][gc,metaspace   ] GC(668) Metaspace: 144108K(157008K)->144108K(157008K) NonClass: 125321K(131760K)->125321K(131760K) Class: 18787K(25248K)->18787K(25248K)
[329.688s][info][gc             ] GC(668) Pause Young (GCLocker Initiated GC) 455M->192M(985M) 2.276ms
[329.688s][info][gc,cpu         ] GC(668) User=0.09s Sys=0.00s Real=0.00s
[330.907s][info][gc,start       ] GC(669) Pause Young (Allocation Failure)
[330.909s][info][gc,heap        ] GC(669) PSYoungGen: 272334K->471K(309248K)
[330.909s][info][gc,heap        ] GC(669) PSOldGen: 201334K->201783K(699392K)
[330.909s][info][gc,metaspace   ] GC(669) Metaspace: 144108K(157008K)->144108K(157008K) NonClass: 125321K(131760K)->125321K(131760K) Class: 18787K(25248K)->18787K(25248K)
[330.909s][info][gc             ] GC(669) Pause Young (Allocation Failure) 462M->197M(985M) 1.882ms
[330.909s][info][gc,cpu         ] GC(669) User=0.00s Sys=0.00s Real=0.00s
[332.027s][info][gc,start       ] GC(670) Pause Young (Allocation Failure)
[332.029s][info][gc,heap        ] GC(670) PSYoungGen: 269783K->1389K(310272K)
[332.029s][info][gc,heap        ] GC(670) PSOldGen: 201783K->202131K(699392K)
[332.029s][info][gc,metaspace   ] GC(670) Metaspace: 144108K(157008K)->144108K(157008K) NonClass: 125321K(131760K)->125321K(131760K) Class: 18787K(25248K)->18787K(25248K)
[332.029s][info][gc             ] GC(670) Pause Young (Allocation Failure) 460M->198M(986M) 2.550ms
[332.029s][info][gc,cpu         ] GC(670) User=0.00s Sys=0.00s Real=0.00s
[333.138s][info][gc,start       ] GC(671) Pause Young (Allocation Failure)
[333.140s][info][gc,heap        ] GC(671) PSYoungGen: 272237K->1984K(309760K)
[333.140s][info][gc,heap        ] GC(671) PSOldGen: 202131K->202529K(699392K)
[333.140s][info][gc,metaspace   ] GC(671) Metaspace: 144108K(157008K)->144108K(157008K) NonClass: 125321K(131760K)->125321K(131760K) Class: 18787K(25248K)->18787K(25248K)
[333.140s][info][gc             ] GC(671) Pause Young (Allocation Failure) 463M->199M(985M) 2.421ms
[333.140s][info][gc,cpu         ] GC(671) User=0.00s Sys=0.00s Real=0.00s
[333.891s][info][gc,start       ] GC(672) Pause Young (Allocation Failure)
[333.895s][info][gc,heap        ] GC(672) PSYoungGen: 272832K->11130K(313856K)
[333.895s][info][gc,heap        ] GC(672) PSOldGen: 202529K->202985K(699392K)
[333.895s][info][gc,metaspace   ] GC(672) Metaspace: 144108K(157008K)->144108K(157008K) NonClass: 125321K(131760K)->125321K(131760K) Class: 18787K(25248K)->18787K(25248K)
[333.895s][info][gc             ] GC(672) Pause Young (Allocation Failure) 464M->209M(989M) 4.311ms
[333.895s][info][gc,cpu         ] GC(672) User=0.00s Sys=0.00s Real=0.00s
[333.979s][info][gc,start       ] GC(673) Pause Young (System.gc())
[333.982s][info][gc,heap        ] GC(673) PSYoungGen: 55622K->320K(311296K)
[333.982s][info][gc,heap        ] GC(673) PSOldGen: 202985K->205383K(699392K)
[333.982s][info][gc,metaspace   ] GC(673) Metaspace: 144121K(157008K)->144121K(157008K) NonClass: 125333K(131760K)->125333K(131760K) Class: 18787K(25248K)->18787K(25248K)
[333.982s][info][gc             ] GC(673) Pause Young (System.gc()) 252M->200M(987M) 2.886ms
[333.982s][info][gc,cpu         ] GC(673) User=0.00s Sys=0.00s Real=0.00s
[333.982s][info][gc,start       ] GC(674) Pause Full (System.gc())
[333.984s][info][gc,phases,start] GC(674) Phase 1: Mark live objects
[334.053s][info][gc,phases      ] GC(674) Phase 1: Mark live objects 69.250ms
[334.054s][info][gc,phases,start] GC(674) Phase 2: Compute new object addresses
[334.065s][info][gc,phases      ] GC(674) Phase 2: Compute new object addresses 11.208ms
[334.065s][info][gc,phases,start] GC(674) Phase 3: Adjust pointers
[334.105s][info][gc,phases      ] GC(674) Phase 3: Adjust pointers 40.676ms
[334.106s][info][gc,phases,start] GC(674) Phase 4: Move objects
[334.113s][info][gc,phases      ] GC(674) Phase 4: Move objects 7.946ms
[334.114s][info][gc,heap        ] GC(674) PSYoungGen: 320K->0K(311296K)
[334.114s][info][gc,heap        ] GC(674) PSOldGen: 205383K->72331K(699392K)
[334.114s][info][gc,metaspace   ] GC(674) Metaspace: 144121K(157008K)->144121K(157008K) NonClass: 125333K(131760K)->125333K(131760K) Class: 18787K(25248K)->18787K(25248K)
[334.114s][info][gc             ] GC(674) Pause Full (System.gc()) 200M->70M(987M) 132.073ms
[334.114s][info][gc,cpu         ] GC(674) User=0.12s Sys=0.02s Real=0.13s
[334.245s][info][gc,start       ] GC(675) Pause Young (Allocation Failure)
[334.248s][info][gc,heap        ] GC(675) PSYoungGen: 275968K->17057K(314368K)
[334.248s][info][gc,heap        ] GC(675) PSOldGen: 72331K->72331K(699392K)
[334.248s][info][gc,metaspace   ] GC(675) Metaspace: 144201K(157008K)->144201K(157008K) NonClass: 125414K(131760K)->125414K(131760K) Class: 18787K(25248K)->18787K(25248K)
[334.248s][info][gc             ] GC(675) Pause Young (Allocation Failure) 340M->87M(990M) 3.329ms
[334.248s][info][gc,cpu         ] GC(675) User=0.00s Sys=0.00s Real=0.00s
[334.314s][info][gc,start       ] GC(676) Pause Young (Allocation Failure)
[334.319s][info][gc,heap        ] GC(676) PSYoungGen: 296609K->17286K(314368K)
[334.319s][info][gc,heap        ] GC(676) PSOldGen: 72331K->85266K(699392K)
[334.319s][info][gc,metaspace   ] GC(676) Metaspace: 144201K(157008K)->144201K(157008K) NonClass: 125414K(131760K)->125414K(131760K) Class: 18787K(25248K)->18787K(25248K)
[334.320s][info][gc             ] GC(676) Pause Young (Allocation Failure) 360M->100M(990M) 5.243ms
[334.320s][info][gc,cpu         ] GC(676) User=0.00s Sys=0.00s Real=0.02s
[334.470s][info][gc,start       ] GC(677) Pause Young (Allocation Failure)
[334.477s][info][gc,heap        ] GC(677) PSYoungGen: 295397K->34785K(291840K)
[334.477s][info][gc,heap        ] GC(677) PSOldGen: 85266K->97788K(699392K)
[334.477s][info][gc,metaspace   ] GC(677) Metaspace: 144201K(157008K)->144201K(157008K) NonClass: 125414K(131760K)->125414K(131760K) Class: 18787K(25248K)->18787K(25248K)
[334.477s][info][gc             ] GC(677) Pause Young (Allocation Failure) 371M->129M(968M) 7.410ms
[334.478s][info][gc,cpu         ] GC(677) User=0.00s Sys=0.00s Real=0.01s
[334.509s][info][gc,start       ] GC(678) Pause Young (Allocation Failure)
[334.515s][info][gc,heap        ] GC(678) PSYoungGen: 290034K->16030K(303104K)
[334.516s][info][gc,heap        ] GC(678) PSOldGen: 97788K->124746K(699392K)
[334.516s][info][gc,metaspace   ] GC(678) Metaspace: 144201K(157008K)->144201K(157008K) NonClass: 125414K(131760K)->125414K(131760K) Class: 18787K(25248K)->18787K(25248K)
[334.516s][info][gc             ] GC(678) Pause Young (Allocation Failure) 378M->137M(979M) 6.733ms
[334.516s][info][gc,cpu         ] GC(678) User=0.06s Sys=0.00s Real=0.01s
[334.667s][info][gc,start       ] GC(679) Pause Young (Allocation Failure)
[334.674s][info][gc,heap        ] GC(679) PSYoungGen: 272700K->42748K(291328K)
[334.674s][info][gc,heap        ] GC(679) PSOldGen: 124746K->125482K(699392K)
[334.674s][info][gc,metaspace   ] GC(679) Metaspace: 144203K(157008K)->144203K(157008K) NonClass: 125415K(131760K)->125415K(131760K) Class: 18787K(25248K)->18787K(25248K)
[334.674s][info][gc             ] GC(679) Pause Young (Allocation Failure) 388M->164M(967M) 7.224ms
[334.674s][info][gc,cpu         ] GC(679) User=0.09s Sys=0.00s Real=0.01s
[334.718s][info][gc,start       ] GC(680) Pause Young (Allocation Failure)
[334.724s][info][gc,heap        ] GC(680) PSYoungGen: 290556K->29279K(277504K)
[334.724s][info][gc,heap        ] GC(680) PSOldGen: 125482K->130334K(699392K)
[334.724s][info][gc,metaspace   ] GC(680) Metaspace: 144204K(157008K)->144204K(157008K) NonClass: 125417K(131760K)->125417K(131760K) Class: 18787K(25248K)->18787K(25248K)
[334.724s][info][gc             ] GC(680) Pause Young (Allocation Failure) 406M->155M(954M) 5.929ms
[334.724s][info][gc,cpu         ] GC(680) User=0.02s Sys=0.00s Real=0.01s
[334.767s][info][gc,start       ] GC(681) Pause Young (Allocation Failure)
[334.771s][info][gc,heap        ] GC(681) PSYoungGen: 277087K->6012K(298496K)
[334.771s][info][gc,heap        ] GC(681) PSOldGen: 130334K->141891K(699392K)
[334.771s][info][gc,metaspace   ] GC(681) Metaspace: 144204K(157008K)->144204K(157008K) NonClass: 125417K(131760K)->125417K(131760K) Class: 18787K(25248K)->18787K(25248K)
[334.771s][info][gc             ] GC(681) Pause Young (Allocation Failure) 397M->144M(974M) 3.753ms
[334.771s][info][gc,cpu         ] GC(681) User=0.00s Sys=0.00s Real=0.01s
[334.801s][info][gc,start       ] GC(682) Pause Young (Allocation Failure)
[334.805s][info][gc,heap        ] GC(682) PSYoungGen: 251673K->13777K(297472K)
[334.805s][info][gc,heap        ] GC(682) PSOldGen: 141891K->147589K(699392K)
[334.805s][info][gc,metaspace   ] GC(682) Metaspace: 144204K(157008K)->144204K(157008K) NonClass: 125417K(131760K)->125417K(131760K) Class: 18787K(25248K)->18787K(25248K)
[334.805s][info][gc             ] GC(682) Pause Young (Allocation Failure) 384M->157M(973M) 3.860ms
[334.805s][info][gc,cpu         ] GC(682) User=0.00s Sys=0.00s Real=0.00s
[334.850s][info][gc,start       ] GC(683) Pause Young (Allocation Failure)
[334.853s][info][gc,heap        ] GC(683) PSYoungGen: 259420K->1905K(301568K)
[334.853s][info][gc,heap        ] GC(683) PSOldGen: 147589K->148534K(699392K)
[334.853s][info][gc,metaspace   ] GC(683) Metaspace: 144204K(157008K)->144204K(157008K) NonClass: 125417K(131760K)->125417K(131760K) Class: 18787K(25248K)->18787K(25248K)
[334.853s][info][gc             ] GC(683) Pause Young (Allocation Failure) 397M->146M(977M) 2.660ms
[334.853s][info][gc,cpu         ] GC(683) User=0.00s Sys=0.00s Real=0.00s
[335.067s][info][gc,start       ] GC(684) Pause Young (Allocation Failure)
[335.070s][info][gc,heap        ] GC(684) PSYoungGen: 255345K->15989K(301056K)
[335.070s][info][gc,heap        ] GC(684) PSOldGen: 148534K->148895K(699392K)
[335.070s][info][gc,metaspace   ] GC(684) Metaspace: 144204K(157008K)->144204K(157008K) NonClass: 125417K(131760K)->125417K(131760K) Class: 18787K(25248K)->18787K(25248K)
[335.070s][info][gc             ] GC(684) Pause Young (Allocation Failure) 394M->161M(977M) 3.296ms
[335.070s][info][gc,cpu         ] GC(684) User=0.00s Sys=0.00s Real=0.00s
[335.599s][info][gc,start       ] GC(685) Pause Young (Allocation Failure)
[335.604s][info][gc,heap        ] GC(685) PSYoungGen: 269429K->2153K(305152K)
[335.604s][info][gc,heap        ] GC(685) PSOldGen: 148895K->164779K(699392K)
[335.604s][info][gc,metaspace   ] GC(685) Metaspace: 144204K(157008K)->144204K(157008K) NonClass: 125417K(131760K)->125417K(131760K) Class: 18787K(25248K)->18787K(25248K)
[335.604s][info][gc             ] GC(685) Pause Young (Allocation Failure) 408M->163M(981M) 4.399ms
[335.604s][info][gc,cpu         ] GC(685) User=0.00s Sys=0.00s Real=0.00s
[336.808s][info][gc,start       ] GC(686) Pause Young (Allocation Failure)
[336.811s][info][gc,heap        ] GC(686) PSYoungGen: 262761K->8010K(304640K)
[336.811s][info][gc,heap        ] GC(686) PSOldGen: 164779K->165532K(699392K)
[336.811s][info][gc,metaspace   ] GC(686) Metaspace: 144204K(157008K)->144204K(157008K) NonClass: 125417K(131760K)->125417K(131760K) Class: 18787K(25248K)->18787K(25248K)
[336.811s][info][gc             ] GC(686) Pause Young (Allocation Failure) 417M->169M(980M) 3.339ms
[336.812s][info][gc,cpu         ] GC(686) User=0.00s Sys=0.00s Real=0.02s
[338.032s][info][gc,start       ] GC(687) Pause Young (Allocation Failure)
[338.034s][info][gc,heap        ] GC(687) PSYoungGen: 268618K->1865K(307712K)
[338.034s][info][gc,heap        ] GC(687) PSOldGen: 165532K->165954K(699392K)
[338.034s][info][gc,metaspace   ] GC(687) Metaspace: 144204K(157008K)->144204K(157008K) NonClass: 125417K(131760K)->125417K(131760K) Class: 18787K(25248K)->18787K(25248K)
[338.034s][info][gc             ] GC(687) Pause Young (Allocation Failure) 423M->163M(983M) 2.306ms
[338.034s][info][gc,cpu         ] GC(687) User=0.00s Sys=0.00s Real=0.00s
[339.173s][info][gc,start       ] GC(688) Pause Young (Allocation Failure)
[339.176s][info][gc,heap        ] GC(688) PSYoungGen: 267593K->1869K(307200K)
[339.176s][info][gc,heap        ] GC(688) PSOldGen: 165954K->166353K(699392K)
[339.176s][info][gc,metaspace   ] GC(688) Metaspace: 144204K(157008K)->144204K(157008K) NonClass: 125417K(131760K)->125417K(131760K) Class: 18787K(25248K)->18787K(25248K)
[339.176s][info][gc             ] GC(688) Pause Young (Allocation Failure) 423M->164M(983M) 2.475ms
[339.176s][info][gc,cpu         ] GC(688) User=0.00s Sys=0.00s Real=0.00s
[340.381s][info][gc,start       ] GC(689) Pause Young (Allocation Failure)
[340.383s][info][gc,heap        ] GC(689) PSYoungGen: 267597K->3244K(310272K)
[340.383s][info][gc,heap        ] GC(689) PSOldGen: 166353K->166679K(699392K)
[340.383s][info][gc,metaspace   ] GC(689) Metaspace: 144204K(157008K)->144204K(157008K) NonClass: 125417K(131760K)->125417K(131760K) Class: 18787K(25248K)->18787K(25248K)
[340.383s][info][gc             ] GC(689) Pause Young (Allocation Failure) 423M->165M(986M) 2.595ms
[340.383s][info][gc,cpu         ] GC(689) User=0.00s Sys=0.00s Real=0.00s
[341.472s][info][gc,start       ] GC(690) Pause Young (Allocation Failure)
[341.475s][info][gc,heap        ] GC(690) PSYoungGen: 273068K->5351K(308736K)
[341.475s][info][gc,heap        ] GC(690) PSOldGen: 166679K->167180K(699392K)
[341.475s][info][gc,metaspace   ] GC(690) Metaspace: 144204K(157008K)->144204K(157008K) NonClass: 125417K(131760K)->125417K(131760K) Class: 18787K(25248K)->18787K(25248K)
[341.475s][info][gc             ] GC(690) Pause Young (Allocation Failure) 429M->168M(984M) 2.593ms
[341.475s][info][gc,cpu         ] GC(690) User=0.00s Sys=0.00s Real=0.00s
[341.827s][info][gc,start       ] GC(691) Pause Young (System.gc())
[341.830s][info][gc,heap        ] GC(691) PSYoungGen: 197126K->2547K(313856K)
[341.830s][info][gc,heap        ] GC(691) PSOldGen: 167180K->167564K(699392K)
[341.830s][info][gc,metaspace   ] GC(691) Metaspace: 144230K(157008K)->144230K(157008K) NonClass: 125442K(131760K)->125442K(131760K) Class: 18787K(25248K)->18787K(25248K)
[341.830s][info][gc             ] GC(691) Pause Young (System.gc()) 355M->166M(989M) 2.533ms
[341.830s][info][gc,cpu         ] GC(691) User=0.02s Sys=0.00s Real=0.01s
[341.830s][info][gc,start       ] GC(692) Pause Full (System.gc())
[341.832s][info][gc,phases,start] GC(692) Phase 1: Mark live objects
[341.908s][info][gc,phases      ] GC(692) Phase 1: Mark live objects 76.453ms
[341.908s][info][gc,phases,start] GC(692) Phase 2: Compute new object addresses
[341.919s][info][gc,phases      ] GC(692) Phase 2: Compute new object addresses 11.310ms
[341.919s][info][gc,phases,start] GC(692) Phase 3: Adjust pointers
[341.959s][info][gc,phases      ] GC(692) Phase 3: Adjust pointers 40.018ms
[341.959s][info][gc,phases,start] GC(692) Phase 4: Move objects
[341.960s][info][gc,phases      ] GC(692) Phase 4: Move objects 0.824ms
[341.961s][info][gc,heap        ] GC(692) PSYoungGen: 2547K->0K(313856K)
[341.961s][info][gc,heap        ] GC(692) PSOldGen: 167564K->101963K(699392K)
[341.961s][info][gc,metaspace   ] GC(692) Metaspace: 144230K(157008K)->144230K(157008K) NonClass: 125442K(131760K)->125442K(131760K) Class: 18787K(25248K)->18787K(25248K)
[341.961s][info][gc             ] GC(692) Pause Full (System.gc()) 166M->99M(989M) 131.485ms
[341.961s][info][gc,cpu         ] GC(692) User=0.12s Sys=0.00s Real=0.13s
[342.091s][info][gc,start       ] GC(693) Pause Young (Allocation Failure)
[342.095s][info][gc,heap        ] GC(693) PSYoungGen: 276992K->17147K(312320K)
[342.095s][info][gc,heap        ] GC(693) PSOldGen: 101963K->101963K(699392K)
[342.095s][info][gc,metaspace   ] GC(693) Metaspace: 144253K(157264K)->144253K(157264K) NonClass: 125466K(132016K)->125466K(132016K) Class: 18787K(25248K)->18787K(25248K)
[342.095s][info][gc             ] GC(693) Pause Young (Allocation Failure) 370M->116M(988M) 3.825ms
[342.095s][info][gc,cpu         ] GC(693) User=0.08s Sys=0.00s Real=0.00s
[342.152s][info][gc,start       ] GC(694) Pause Young (Allocation Failure)
[342.157s][info][gc,heap        ] GC(694) PSYoungGen: 294139K->17286K(313344K)
[342.157s][info][gc,heap        ] GC(694) PSOldGen: 101963K->114902K(699392K)
[342.157s][info][gc,metaspace   ] GC(694) Metaspace: 144253K(157264K)->144253K(157264K) NonClass: 125466K(132016K)->125466K(132016K) Class: 18787K(25248K)->18787K(25248K)
[342.157s][info][gc             ] GC(694) Pause Young (Allocation Failure) 386M->129M(989M) 5.053ms
[342.157s][info][gc,cpu         ] GC(694) User=0.09s Sys=0.00s Real=0.00s
[342.309s][info][gc,start       ] GC(695) Pause Young (Allocation Failure)
[342.318s][info][gc,heap        ] GC(695) PSYoungGen: 293824K->35829K(313344K)
[342.318s][info][gc,heap        ] GC(695) PSOldGen: 114902K->135069K(699392K)
[342.318s][info][gc,metaspace   ] GC(695) Metaspace: 144253K(157264K)->144253K(157264K) NonClass: 125466K(132016K)->125466K(132016K) Class: 18787K(25248K)->18787K(25248K)
[342.318s][info][gc             ] GC(695) Pause Young (Allocation Failure) 399M->166M(989M) 8.322ms
[342.318s][info][gc,cpu         ] GC(695) User=0.06s Sys=0.02s Real=0.01s
[342.352s][info][gc,start       ] GC(696) Pause Young (Allocation Failure)
[342.358s][info][gc,heap        ] GC(696) PSYoungGen: 309535K->12435K(290816K)
[342.358s][info][gc,heap        ] GC(696) PSOldGen: 135069K->160199K(699392K)
[342.358s][info][gc,metaspace   ] GC(696) Metaspace: 144253K(157264K)->144253K(157264K) NonClass: 125466K(132016K)->125466K(132016K) Class: 18787K(25248K)->18787K(25248K)
[342.358s][info][gc             ] GC(696) Pause Young (Allocation Failure) 434M->168M(967M) 6.361ms
[342.358s][info][gc,cpu         ] GC(696) User=0.00s Sys=0.00s Real=0.01s
[342.530s][info][gc,start       ] GC(697) Pause Young (Allocation Failure)
[342.536s][info][gc,heap        ] GC(697) PSYoungGen: 267411K->30412K(285696K)
[342.536s][info][gc,heap        ] GC(697) PSOldGen: 160199K->160943K(699392K)
[342.536s][info][gc,metaspace   ] GC(697) Metaspace: 144253K(157264K)->144253K(157264K) NonClass: 125466K(132016K)->125466K(132016K) Class: 18787K(25248K)->18787K(25248K)
[342.536s][info][gc             ] GC(697) Pause Young (Allocation Failure) 417M->186M(962M) 5.775ms
[342.536s][info][gc,cpu         ] GC(697) User=0.02s Sys=0.00s Real=0.01s
[342.584s][info][gc,start       ] GC(698) Pause Young (Allocation Failure)
[342.588s][info][gc,heap        ] GC(698) PSYoungGen: 284441K->10623K(301568K)
[342.588s][info][gc,heap        ] GC(698) PSOldGen: 160943K->170493K(699392K)
[342.588s][info][gc,metaspace   ] GC(698) Metaspace: 144253K(157264K)->144253K(157264K) NonClass: 125466K(132016K)->125466K(132016K) Class: 18787K(25248K)->18787K(25248K)
[342.588s][info][gc             ] GC(698) Pause Young (Allocation Failure) 434M->176M(977M) 3.896ms
[342.588s][info][gc,cpu         ] GC(698) User=0.00s Sys=0.00s Real=0.00s
[342.632s][info][gc,start       ] GC(699) Pause Young (Allocation Failure)
[342.637s][info][gc,heap        ] GC(699) PSYoungGen: 262161K->23092K(299520K)
[342.637s][info][gc,heap        ] GC(699) PSOldGen: 170493K->177574K(699392K)
[342.637s][info][gc,metaspace   ] GC(699) Metaspace: 144253K(157264K)->144253K(157264K) NonClass: 125466K(132016K)->125466K(132016K) Class: 18787K(25248K)->18787K(25248K)
[342.637s][info][gc             ] GC(699) Pause Young (Allocation Failure) 422M->195M(975M) 4.762ms
[342.637s][info][gc,cpu         ] GC(699) User=0.00s Sys=0.00s Real=0.01s
[342.667s][info][gc,start       ] GC(700) Pause Young (Allocation Failure)
[342.671s][info][gc,heap        ] GC(700) PSYoungGen: 274996K->21224K(303616K)
[342.671s][info][gc,heap        ] GC(700) PSOldGen: 177574K->183147K(699392K)
[342.671s][info][gc,metaspace   ] GC(700) Metaspace: 144253K(157264K)->144253K(157264K) NonClass: 125466K(132016K)->125466K(132016K) Class: 18787K(25248K)->18787K(25248K)
[342.671s][info][gc             ] GC(700) Pause Young (Allocation Failure) 441M->199M(979M) 4.062ms
[342.671s][info][gc,cpu         ] GC(700) User=0.00s Sys=0.00s Real=0.00s
[342.841s][info][gc,start       ] GC(701) Pause Young (Allocation Failure)
[342.845s][info][gc,heap        ] GC(701) PSYoungGen: 277736K->14322K(302080K)
[342.845s][info][gc,heap        ] GC(701) PSOldGen: 183147K->183352K(699392K)
[342.845s][info][gc,metaspace   ] GC(701) Metaspace: 144253K(157264K)->144253K(157264K) NonClass: 125466K(132016K)->125466K(132016K) Class: 18787K(25248K)->18787K(25248K)
[342.845s][info][gc             ] GC(701) Pause Young (Allocation Failure) 450M->193M(978M) 3.641ms
[342.845s][info][gc,cpu         ] GC(701) User=0.05s Sys=0.00s Real=0.01s
[342.988s][info][gc,start       ] GC(702) Pause Young (Allocation Failure)
[342.992s][info][gc,heap        ] GC(702) PSYoungGen: 270834K->15977K(308224K)
[342.992s][info][gc,heap        ] GC(702) PSOldGen: 183352K->183721K(699392K)
[342.992s][info][gc,metaspace   ] GC(702) Metaspace: 144253K(157264K)->144253K(157264K) NonClass: 125466K(132016K)->125466K(132016K) Class: 18787K(25248K)->18787K(25248K)
[342.992s][info][gc             ] GC(702) Pause Young (Allocation Failure) 443M->195M(984M) 3.425ms
[342.992s][info][gc,cpu         ] GC(702) User=0.00s Sys=0.00s Real=0.00s
[343.716s][info][gc,start       ] GC(703) Pause Young (Allocation Failure)
[343.721s][info][gc,heap        ] GC(703) PSYoungGen: 280681K->8316K(305664K)
[343.721s][info][gc,heap        ] GC(703) PSOldGen: 183721K->199554K(699392K)
[343.721s][info][gc,metaspace   ] GC(703) Metaspace: 144253K(157264K)->144253K(157264K) NonClass: 125466K(132016K)->125466K(132016K) Class: 18787K(25248K)->18787K(25248K)
[343.721s][info][gc             ] GC(703) Pause Young (Allocation Failure) 453M->202M(981M) 5.260ms
[343.721s][info][gc,cpu         ] GC(703) User=0.08s Sys=0.00s Real=0.01s
[344.946s][info][gc,start       ] GC(704) Pause Young (Allocation Failure)
[344.948s][info][gc,heap        ] GC(704) PSYoungGen: 269351K->651K(309248K)
[344.948s][info][gc,heap        ] GC(704) PSOldGen: 199554K->200254K(699392K)
[344.948s][info][gc,metaspace   ] GC(704) Metaspace: 144253K(157264K)->144253K(157264K) NonClass: 125466K(132016K)->125466K(132016K) Class: 18787K(25248K)->18787K(25248K)
[344.948s][info][gc             ] GC(704) Pause Young (Allocation Failure) 457M->196M(985M) 1.936ms
[344.948s][info][gc,cpu         ] GC(704) User=0.00s Sys=0.00s Real=0.00s
[346.123s][info][gc,start       ] GC(705) Pause Young (Allocation Failure)
[346.127s][info][gc,heap        ] GC(705) PSYoungGen: 269963K->5096K(309248K)
[346.127s][info][gc,heap        ] GC(705) PSOldGen: 200254K->200690K(699392K)
[346.127s][info][gc,metaspace   ] GC(705) Metaspace: 144253K(157264K)->144253K(157264K) NonClass: 125466K(132016K)->125466K(132016K) Class: 18787K(25248K)->18787K(25248K)
[346.127s][info][gc             ] GC(705) Pause Young (Allocation Failure) 459M->200M(985M) 3.600ms
[346.127s][info][gc,cpu         ] GC(705) User=0.06s Sys=0.00s Real=0.00s
[347.320s][info][gc,start       ] GC(706) Pause Young (Allocation Failure)
[347.326s][info][gc,heap        ] GC(706) PSYoungGen: 274408K->2246K(310784K)
[347.326s][info][gc,heap        ] GC(706) PSOldGen: 200690K->201010K(699392K)
[347.326s][info][gc,metaspace   ] GC(706) Metaspace: 144253K(157264K)->144253K(157264K) NonClass: 125466K(132016K)->125466K(132016K) Class: 18787K(25248K)->18787K(25248K)
[347.326s][info][gc             ] GC(706) Pause Young (Allocation Failure) 463M->198M(986M) 6.686ms
[347.326s][info][gc,cpu         ] GC(706) User=0.00s Sys=0.00s Real=0.01s
[348.549s][info][gc,start       ] GC(707) Pause Young (Allocation Failure)
[348.552s][info][gc,heap        ] GC(707) PSYoungGen: 274118K->7219K(310272K)
[348.552s][info][gc,heap        ] GC(707) PSOldGen: 201010K->201443K(699392K)
[348.552s][info][gc,metaspace   ] GC(707) Metaspace: 144253K(157264K)->144253K(157264K) NonClass: 125466K(132016K)->125466K(132016K) Class: 18787K(25248K)->18787K(25248K)
[348.552s][info][gc             ] GC(707) Pause Young (Allocation Failure) 463M->203M(986M) 3.172ms
[348.552s][info][gc,cpu         ] GC(707) User=0.00s Sys=0.00s Real=0.00s
[349.479s][info][gc,start       ] GC(708) Pause Young (Allocation Failure)
[349.481s][info][gc,heap        ] GC(708) PSYoungGen: 279091K->2397K(313344K)
[349.481s][info][gc,heap        ] GC(708) PSOldGen: 201443K->201893K(699392K)
[349.481s][info][gc,metaspace   ] GC(708) Metaspace: 144253K(157264K)->144253K(157264K) NonClass: 125466K(132016K)->125466K(132016K) Class: 18787K(25248K)->18787K(25248K)
[349.481s][info][gc             ] GC(708) Pause Young (Allocation Failure) 469M->199M(989M) 2.562ms
[349.481s][info][gc,cpu         ] GC(708) User=0.00s Sys=0.00s Real=0.01s
[349.629s][info][gc,start       ] GC(709) Pause Young (System.gc())
[349.632s][info][gc,heap        ] GC(709) PSYoungGen: 120399K->1228K(312320K)
[349.632s][info][gc,heap        ] GC(709) PSOldGen: 201893K->203508K(699392K)
[349.632s][info][gc,metaspace   ] GC(709) Metaspace: 144256K(157264K)->144256K(157264K) NonClass: 125468K(132016K)->125468K(132016K) Class: 18787K(25248K)->18787K(25248K)
[349.632s][info][gc             ] GC(709) Pause Young (System.gc()) 314M->199M(988M) 2.344ms
[349.632s][info][gc,cpu         ] GC(709) User=0.00s Sys=0.00s Real=0.00s
[349.632s][info][gc,start       ] GC(710) Pause Full (System.gc())
[349.633s][info][gc,phases,start] GC(710) Phase 1: Mark live objects
[349.704s][info][gc,phases      ] GC(710) Phase 1: Mark live objects 70.581ms
[349.704s][info][gc,phases,start] GC(710) Phase 2: Compute new object addresses
[349.715s][info][gc,phases      ] GC(710) Phase 2: Compute new object addresses 11.228ms
[349.715s][info][gc,phases,start] GC(710) Phase 3: Adjust pointers
[349.755s][info][gc,phases      ] GC(710) Phase 3: Adjust pointers 40.103ms
[349.756s][info][gc,phases,start] GC(710) Phase 4: Move objects
[349.756s][info][gc,phases      ] GC(710) Phase 4: Move objects 0.857ms
[349.757s][info][gc,heap        ] GC(710) PSYoungGen: 1228K->0K(312320K)
[349.757s][info][gc,heap        ] GC(710) PSOldGen: 203508K->106664K(699392K)
[349.757s][info][gc,metaspace   ] GC(710) Metaspace: 144256K(157264K)->144256K(157264K) NonClass: 125468K(132016K)->125468K(132016K) Class: 18787K(25248K)->18787K(25248K)
[349.757s][info][gc             ] GC(710) Pause Full (System.gc()) 199M->104M(988M) 125.550ms
[349.757s][info][gc,cpu         ] GC(710) User=0.12s Sys=0.00s Real=0.13s
[349.886s][info][gc,start       ] GC(711) Pause Young (Allocation Failure)
[349.890s][info][gc,heap        ] GC(711) PSYoungGen: 276480K->17024K(313856K)
[349.890s][info][gc,heap        ] GC(711) PSOldGen: 106664K->106664K(699392K)
[349.890s][info][gc,metaspace   ] GC(711) Metaspace: 144274K(157264K)->144274K(157264K) NonClass: 125486K(132016K)->125486K(132016K) Class: 18787K(25248K)->18787K(25248K)
[349.890s][info][gc             ] GC(711) Pause Young (Allocation Failure) 374M->120M(989M) 3.425ms
[349.890s][info][gc,cpu         ] GC(711) User=0.00s Sys=0.00s Real=0.00s
[349.947s][info][gc,start       ] GC(712) Pause Young (Allocation Failure)
[349.952s][info][gc,heap        ] GC(712) PSYoungGen: 295552K->19110K(297984K)
[349.952s][info][gc,heap        ] GC(712) PSOldGen: 106664K->119652K(699392K)
[349.952s][info][gc,metaspace   ] GC(712) Metaspace: 144274K(157264K)->144274K(157264K) NonClass: 125486K(132016K)->125486K(132016K) Class: 18787K(25248K)->18787K(25248K)
[349.952s][info][gc             ] GC(712) Pause Young (Allocation Failure) 392M->135M(974M) 5.257ms
[349.952s][info][gc,cpu         ] GC(712) User=0.00s Sys=0.00s Real=0.01s
[350.101s][info][gc,start       ] GC(713) Pause Young (Allocation Failure)
[350.109s][info][gc,heap        ] GC(713) PSYoungGen: 294913K->35817K(289792K)
[350.109s][info][gc,heap        ] GC(713) PSOldGen: 119652K->133271K(699392K)
[350.109s][info][gc,metaspace   ] GC(713) Metaspace: 144274K(157264K)->144274K(157264K) NonClass: 125486K(132016K)->125486K(132016K) Class: 18787K(25248K)->18787K(25248K)
[350.109s][info][gc             ] GC(713) Pause Young (Allocation Failure) 404M->165M(966M) 8.072ms
[350.109s][info][gc,cpu         ] GC(713) User=0.02s Sys=0.00s Real=0.01s
[350.142s][info][gc,start       ] GC(714) Pause Young (Allocation Failure)
[350.149s][info][gc,heap        ] GC(714) PSYoungGen: 288993K->13777K(301568K)
[350.149s][info][gc,heap        ] GC(714) PSOldGen: 133271K->157920K(699392K)
[350.149s][info][gc,metaspace   ] GC(714) Metaspace: 144274K(157264K)->144274K(157264K) NonClass: 125486K(132016K)->125486K(132016K) Class: 18787K(25248K)->18787K(25248K)
[350.149s][info][gc             ] GC(714) Pause Young (Allocation Failure) 412M->167M(977M) 7.457ms
[350.149s][info][gc,cpu         ] GC(714) User=0.00s Sys=0.00s Real=0.01s
[350.315s][info][gc,start       ] GC(715) Pause Young (Allocation Failure)
[350.322s][info][gc,heap        ] GC(715) PSYoungGen: 267729K->35007K(295424K)
[350.322s][info][gc,heap        ] GC(715) PSOldGen: 157920K->158890K(699392K)
[350.322s][info][gc,metaspace   ] GC(715) Metaspace: 144274K(157264K)->144274K(157264K) NonClass: 125486K(132016K)->125486K(132016K) Class: 18787K(25248K)->18787K(25248K)
[350.322s][info][gc             ] GC(715) Pause Young (Allocation Failure) 415M->189M(971M) 7.241ms
[350.322s][info][gc,cpu         ] GC(715) User=0.00s Sys=0.00s Real=0.01s
[350.371s][info][gc,start       ] GC(716) Pause Young (Allocation Failure)
[350.377s][info][gc,heap        ] GC(716) PSYoungGen: 285623K->31609K(282624K)
[350.377s][info][gc,heap        ] GC(716) PSOldGen: 158890K->161401K(699392K)
[350.377s][info][gc,metaspace   ] GC(716) Metaspace: 144274K(157264K)->144274K(157264K) NonClass: 125486K(132016K)->125486K(132016K) Class: 18787K(25248K)->18787K(25248K)
[350.377s][info][gc             ] GC(716) Pause Young (Allocation Failure) 434M->188M(959M) 6.563ms
[350.377s][info][gc,cpu         ] GC(716) User=0.06s Sys=0.02s Real=0.01s
[350.430s][info][gc,start       ] GC(717) Pause Young (Allocation Failure)
[350.436s][info][gc,heap        ] GC(717) PSYoungGen: 280589K->18381K(301056K)
[350.436s][info][gc,heap        ] GC(717) PSOldGen: 161401K->175348K(699392K)
[350.436s][info][gc,metaspace   ] GC(717) Metaspace: 144274K(157264K)->144274K(157264K) NonClass: 125486K(132016K)->125486K(132016K) Class: 18787K(25248K)->18787K(25248K)
[350.436s][info][gc             ] GC(717) Pause Young (Allocation Failure) 431M->189M(977M) 5.461ms
[350.436s][info][gc,cpu         ] GC(717) User=0.00s Sys=0.00s Real=0.01s
[350.469s][info][gc,start       ] GC(718) Pause Young (Allocation Failure)
[350.474s][info][gc,heap        ] GC(718) PSYoungGen: 268237K->21683K(297984K)
[350.474s][info][gc,heap        ] GC(718) PSOldGen: 175348K->180906K(699392K)
[350.474s][info][gc,metaspace   ] GC(718) Metaspace: 144274K(157264K)->144274K(157264K) NonClass: 125486K(132016K)->125486K(132016K) Class: 18787K(25248K)->18787K(25248K)
[350.474s][info][gc             ] GC(718) Pause Young (Allocation Failure) 433M->197M(974M) 4.551ms
[350.474s][info][gc,cpu         ] GC(718) User=0.00s Sys=0.00s Real=0.00s
[350.529s][info][gc,start       ] GC(719) Pause Young (Allocation Failure)
[350.535s][info][gc,heap        ] GC(719) PSYoungGen: 271539K->1560K(302080K)
[350.535s][info][gc,heap        ] GC(719) PSOldGen: 180906K->181669K(699392K)
[350.535s][info][gc,metaspace   ] GC(719) Metaspace: 144274K(157264K)->144274K(157264K) NonClass: 125486K(132016K)->125486K(132016K) Class: 18787K(25248K)->18787K(25248K)
[350.535s][info][gc             ] GC(719) Pause Young (Allocation Failure) 441M->178M(978M) 5.818ms
[350.535s][info][gc,cpu         ] GC(719) User=0.03s Sys=0.00s Real=0.01s
[350.794s][info][gc,start       ] GC(720) Pause Young (Allocation Failure)
[350.797s][info][gc,heap        ] GC(720) PSYoungGen: 257560K->16085K(302592K)
[350.797s][info][gc,heap        ] GC(720) PSOldGen: 181669K->181951K(699392K)
[350.797s][info][gc,metaspace   ] GC(720) Metaspace: 144274K(157264K)->144274K(157264K) NonClass: 125486K(132016K)->125486K(132016K) Class: 18787K(25248K)->18787K(25248K)
[350.797s][info][gc             ] GC(720) Pause Young (Allocation Failure) 428M->193M(978M) 3.379ms
[350.797s][info][gc,cpu         ] GC(720) User=0.06s Sys=0.00s Real=0.00s
[351.367s][info][gc,start       ] GC(721) Pause Young (Allocation Failure)
[351.371s][info][gc,heap        ] GC(721) PSYoungGen: 272085K->4160K(305664K)
[351.371s][info][gc,heap        ] GC(721) PSOldGen: 181951K->197781K(699392K)
[351.371s][info][gc,metaspace   ] GC(721) Metaspace: 144274K(157264K)->144274K(157264K) NonClass: 125486K(132016K)->125486K(132016K) Class: 18787K(25248K)->18787K(25248K)
[351.371s][info][gc             ] GC(721) Pause Young (Allocation Failure) 443M->197M(981M) 4.538ms
[351.371s][info][gc,cpu         ] GC(721) User=0.00s Sys=0.00s Real=0.01s
[352.622s][info][gc,start       ] GC(722) Pause Young (Allocation Failure)
[352.625s][info][gc,heap        ] GC(722) PSYoungGen: 266304K->5014K(305664K)
[352.625s][info][gc,heap        ] GC(722) PSOldGen: 197781K->198526K(699392K)
[352.625s][info][gc,metaspace   ] GC(722) Metaspace: 144274K(157264K)->144274K(157264K) NonClass: 125486K(132016K)->125486K(132016K) Class: 18787K(25248K)->18787K(25248K)
[352.625s][info][gc             ] GC(722) Pause Young (Allocation Failure) 453M->198M(981M) 2.775ms
[352.625s][info][gc,cpu         ] GC(722) User=0.00s Sys=0.00s Real=0.00s
[353.892s][info][gc,start       ] GC(723) Pause Young (GCLocker Initiated GC)
[353.895s][info][gc,heap        ] GC(723) PSYoungGen: 267158K->5843K(308224K)
[353.895s][info][gc,heap        ] GC(723) PSOldGen: 198526K->198892K(699392K)
[353.895s][info][gc,metaspace   ] GC(723) Metaspace: 144274K(157264K)->144274K(157264K) NonClass: 125486K(132016K)->125486K(132016K) Class: 18787K(25248K)->18787K(25248K)
[353.895s][info][gc             ] GC(723) Pause Young (GCLocker Initiated GC) 454M->199M(984M) 2.941ms
[353.895s][info][gc,cpu         ] GC(723) User=0.00s Sys=0.00s Real=0.01s
[355.085s][info][gc,start       ] GC(724) Pause Young (Allocation Failure)
[355.087s][info][gc,heap        ] GC(724) PSYoungGen: 271571K->523K(306688K)
[355.087s][info][gc,heap        ] GC(724) PSOldGen: 198894K->199347K(699392K)
[355.087s][info][gc,metaspace   ] GC(724) Metaspace: 144274K(157264K)->144274K(157264K) NonClass: 125486K(132016K)->125486K(132016K) Class: 18787K(25248K)->18787K(25248K)
[355.087s][info][gc             ] GC(724) Pause Young (Allocation Failure) 459M->195M(982M) 1.990ms
[355.087s][info][gc,cpu         ] GC(724) User=0.00s Sys=0.00s Real=0.00s
[356.250s][info][gc,start       ] GC(725) Pause Young (Allocation Failure)
[356.254s][info][gc,heap        ] GC(725) PSYoungGen: 266251K->3998K(309760K)
[356.254s][info][gc,heap        ] GC(725) PSOldGen: 199347K->199713K(699392K)
[356.254s][info][gc,metaspace   ] GC(725) Metaspace: 144274K(157264K)->144274K(157264K) NonClass: 125486K(132016K)->125486K(132016K) Class: 18787K(25248K)->18787K(25248K)
[356.254s][info][gc             ] GC(725) Pause Young (Allocation Failure) 454M->198M(985M) 3.710ms
[356.254s][info][gc,cpu         ] GC(725) User=0.00s Sys=0.00s Real=0.00s
[357.466s][info][gc,start       ] GC(726) Pause Young (Allocation Failure)
[357.469s][info][gc,heap        ] GC(726) PSYoungGen: 272382K->1007K(308736K)
[357.469s][info][gc,heap        ] GC(726) PSOldGen: 199713K->200125K(699392K)
[357.469s][info][gc,metaspace   ] GC(726) Metaspace: 144274K(157264K)->144274K(157264K) NonClass: 125486K(132016K)->125486K(132016K) Class: 18787K(25248K)->18787K(25248K)
[357.469s][info][gc             ] GC(726) Pause Young (Allocation Failure) 461M->196M(984M) 2.585ms
[357.469s][info][gc,cpu         ] GC(726) User=0.06s Sys=0.00s Real=0.00s
[357.750s][info][gc,start       ] GC(727) Pause Young (System.gc())
[357.753s][info][gc,heap        ] GC(727) PSYoungGen: 180623K->2515K(312320K)
[357.753s][info][gc,heap        ] GC(727) PSOldGen: 200125K->200547K(699392K)
[357.753s][info][gc,metaspace   ] GC(727) Metaspace: 144292K(157264K)->144292K(157264K) NonClass: 125505K(132016K)->125505K(132016K) Class: 18787K(25248K)->18787K(25248K)
[357.753s][info][gc             ] GC(727) Pause Young (System.gc()) 371M->198M(988M) 2.744ms
[357.753s][info][gc,cpu         ] GC(727) User=0.00s Sys=0.00s Real=0.00s
[357.753s][info][gc,start       ] GC(728) Pause Full (System.gc())
[357.755s][info][gc,phases,start] GC(728) Phase 1: Mark live objects
[357.828s][info][gc,phases      ] GC(728) Phase 1: Mark live objects 72.930ms
[357.828s][info][gc,phases,start] GC(728) Phase 2: Compute new object addresses
[357.840s][info][gc,phases      ] GC(728) Phase 2: Compute new object addresses 11.626ms
[357.840s][info][gc,phases,start] GC(728) Phase 3: Adjust pointers
[357.881s][info][gc,phases      ] GC(728) Phase 3: Adjust pointers 40.894ms
[357.881s][info][gc,phases,start] GC(728) Phase 4: Move objects
[357.882s][info][gc,phases      ] GC(728) Phase 4: Move objects 1.610ms
[357.883s][info][gc,heap        ] GC(728) PSYoungGen: 2515K->0K(312320K)
[357.883s][info][gc,heap        ] GC(728) PSOldGen: 200547K->107021K(699392K)
[357.883s][info][gc,metaspace   ] GC(728) Metaspace: 144292K(157264K)->144292K(157264K) NonClass: 125505K(132016K)->125505K(132016K) Class: 18787K(25248K)->18787K(25248K)
[357.883s][info][gc             ] GC(728) Pause Full (System.gc()) 198M->104M(988M) 129.954ms
[357.883s][info][gc,cpu         ] GC(728) User=0.12s Sys=0.00s Real=0.12s
[358.017s][info][gc,start       ] GC(729) Pause Young (Allocation Failure)
[358.021s][info][gc,heap        ] GC(729) PSYoungGen: 273920K->15169K(310784K)
[358.021s][info][gc,heap        ] GC(729) PSOldGen: 107021K->107021K(699392K)
[358.021s][info][gc,metaspace   ] GC(729) Metaspace: 144439K(157264K)->144439K(157264K) NonClass: 125651K(132016K)->125651K(132016K) Class: 18787K(25248K)->18787K(25248K)
[358.021s][info][gc             ] GC(729) Pause Young (Allocation Failure) 372M->119M(986M) 4.081ms
[358.021s][info][gc,cpu         ] GC(729) User=0.00s Sys=0.00s Real=0.00s
[358.081s][info][gc,start       ] GC(730) Pause Young (Allocation Failure)
[358.086s][info][gc,heap        ] GC(730) PSYoungGen: 289089K->18598K(311808K)
[358.086s][info][gc,heap        ] GC(730) PSOldGen: 107021K->117622K(699392K)
[358.086s][info][gc,metaspace   ] GC(730) Metaspace: 144439K(157264K)->144439K(157264K) NonClass: 125651K(132016K)->125651K(132016K) Class: 18787K(25248K)->18787K(25248K)
[358.086s][info][gc             ] GC(730) Pause Young (Allocation Failure) 386M->133M(987M) 5.427ms
[358.086s][info][gc,cpu         ] GC(730) User=0.00s Sys=0.00s Real=0.01s
[358.250s][info][gc,start       ] GC(731) Pause Young (Allocation Failure)
[358.257s][info][gc,heap        ] GC(731) PSYoungGen: 292632K->31606K(307200K)
[358.257s][info][gc,heap        ] GC(731) PSOldGen: 117622K->124916K(699392K)
[358.257s][info][gc,metaspace   ] GC(731) Metaspace: 144439K(157264K)->144439K(157264K) NonClass: 125651K(132016K)->125651K(132016K) Class: 18787K(25248K)->18787K(25248K)
[358.257s][info][gc             ] GC(731) Pause Young (Allocation Failure) 400M->152M(983M) 7.224ms
[358.257s][info][gc,cpu         ] GC(731) User=0.00s Sys=0.00s Real=0.01s
[358.292s][info][gc,start       ] GC(732) Pause Young (Allocation Failure)
[358.300s][info][gc,heap        ] GC(732) PSYoungGen: 303258K->12056K(309760K)
[358.300s][info][gc,heap        ] GC(732) PSOldGen: 124916K->154392K(699392K)
[358.300s][info][gc,metaspace   ] GC(732) Metaspace: 144439K(157264K)->144439K(157264K) NonClass: 125651K(132016K)->125651K(132016K) Class: 18787K(25248K)->18787K(25248K)
[358.300s][info][gc             ] GC(732) Pause Young (Allocation Failure) 418M->162M(985M) 7.968ms
[358.301s][info][gc,cpu         ] GC(732) User=0.03s Sys=0.00s Real=0.01s
[358.485s][info][gc,start       ] GC(733) Pause Young (Allocation Failure)
[358.492s][info][gc,heap        ] GC(733) PSYoungGen: 279832K->35519K(303616K)
[358.492s][info][gc,heap        ] GC(733) PSOldGen: 154392K->154440K(699392K)
[358.492s][info][gc,metaspace   ] GC(733) Metaspace: 144439K(157264K)->144439K(157264K) NonClass: 125651K(132016K)->125651K(132016K) Class: 18787K(25248K)->18787K(25248K)
[358.492s][info][gc             ] GC(733) Pause Young (Allocation Failure) 424M->185M(979M) 6.532ms
[358.492s][info][gc,cpu         ] GC(733) User=0.00s Sys=0.00s Real=0.01s
[358.554s][info][gc,start       ] GC(734) Pause Young (Allocation Failure)
[358.557s][info][gc,heap        ] GC(734) PSYoungGen: 300133K->8290K(306176K)
[358.557s][info][gc,heap        ] GC(734) PSOldGen: 154440K->163185K(699392K)
[358.558s][info][gc,metaspace   ] GC(734) Metaspace: 144439K(157264K)->144439K(157264K) NonClass: 125651K(132016K)->125651K(132016K) Class: 18787K(25248K)->18787K(25248K)
[358.558s][info][gc             ] GC(734) Pause Young (Allocation Failure) 443M->167M(982M) 3.496ms
[358.558s][info][gc,cpu         ] GC(734) User=0.00s Sys=0.00s Real=0.00s
[358.592s][info][gc,start       ] GC(735) Pause Young (Allocation Failure)
[358.596s][info][gc,heap        ] GC(735) PSYoungGen: 266579K->14900K(304128K)
[358.596s][info][gc,heap        ] GC(735) PSOldGen: 163185K->171303K(699392K)
[358.596s][info][gc,metaspace   ] GC(735) Metaspace: 144439K(157264K)->144439K(157264K) NonClass: 125651K(132016K)->125651K(132016K) Class: 18787K(25248K)->18787K(25248K)
[358.596s][info][gc             ] GC(735) Pause Young (Allocation Failure) 419M->181M(980M) 4.252ms
[358.596s][info][gc,cpu         ] GC(735) User=0.09s Sys=0.00s Real=0.00s
[358.628s][info][gc,start       ] GC(736) Pause Young (Allocation Failure)
[358.631s][info][gc,heap        ] GC(736) PSYoungGen: 273212K->8581K(310272K)
[358.632s][info][gc,heap        ] GC(736) PSOldGen: 171303K->176431K(699392K)
[358.632s][info][gc,metaspace   ] GC(736) Metaspace: 144439K(157264K)->144439K(157264K) NonClass: 125651K(132016K)->125651K(132016K) Class: 18787K(25248K)->18787K(25248K)
[358.632s][info][gc             ] GC(736) Pause Young (Allocation Failure) 434M->180M(986M) 3.258ms
[358.632s][info][gc,cpu         ] GC(736) User=0.00s Sys=0.00s Real=0.00s
[358.804s][info][gc,start       ] GC(737) Pause Young (Allocation Failure)
[358.810s][info][gc,heap        ] GC(737) PSYoungGen: 278405K->31618K(301568K)
[358.810s][info][gc,heap        ] GC(737) PSOldGen: 176431K->176705K(699392K)
[358.810s][info][gc,metaspace   ] GC(737) Metaspace: 144439K(157264K)->144439K(157264K) NonClass: 125651K(132016K)->125651K(132016K) Class: 18787K(25248K)->18787K(25248K)
[358.810s][info][gc             ] GC(737) Pause Young (Allocation Failure) 444M->203M(977M) 6.124ms
[358.810s][info][gc,cpu         ] GC(737) User=0.00s Sys=0.00s Real=0.01s
[359.012s][info][gc,start       ] GC(738) Pause Young (Allocation Failure)
[359.015s][info][gc,heap        ] GC(738) PSYoungGen: 301399K->15324K(308736K)
[359.015s][info][gc,heap        ] GC(738) PSOldGen: 176705K->177864K(699392K)
[359.015s][info][gc,metaspace   ] GC(738) Metaspace: 144439K(157264K)->144439K(157264K) NonClass: 125651K(132016K)->125651K(132016K) Class: 18787K(25248K)->18787K(25248K)
[359.015s][info][gc             ] GC(738) Pause Young (Allocation Failure) 466M->188M(984M) 3.401ms
[359.015s][info][gc,cpu         ] GC(738) User=0.02s Sys=0.00s Real=0.00s
[360.029s][info][gc,start       ] GC(739) Pause Young (GCLocker Initiated GC)
[360.034s][info][gc,heap        ] GC(739) PSYoungGen: 281052K->6109K(306176K)
[360.035s][info][gc,heap        ] GC(739) PSOldGen: 177896K->193076K(699392K)
[360.035s][info][gc,metaspace   ] GC(739) Metaspace: 144439K(157264K)->144439K(157264K) NonClass: 125651K(132016K)->125651K(132016K) Class: 18787K(25248K)->18787K(25248K)
[360.035s][info][gc             ] GC(739) Pause Young (GCLocker Initiated GC) 448M->194M(982M) 5.119ms
[360.035s][info][gc,cpu         ] GC(739) User=0.08s Sys=0.00s Real=0.01s
[361.424s][info][gc,start       ] GC(740) Pause Young (Allocation Failure)
[361.428s][info][gc,heap        ] GC(740) PSYoungGen: 271837K->2396K(309760K)
[361.428s][info][gc,heap        ] GC(740) PSOldGen: 197174K->199259K(699392K)
[361.428s][info][gc,metaspace   ] GC(740) Metaspace: 144439K(157264K)->144439K(157264K) NonClass: 125651K(132016K)->125651K(132016K) Class: 18787K(25248K)->18787K(25248K)
[361.428s][info][gc             ] GC(740) Pause Young (Allocation Failure) 458M->196M(985M) 3.611ms
[361.428s][info][gc,cpu         ] GC(740) User=0.00s Sys=0.00s Real=0.00s
[362.684s][info][gc,start       ] GC(741) Pause Young (GCLocker Initiated GC)
[362.688s][info][gc,heap        ] GC(741) PSYoungGen: 272732K->4743K(309760K)
[362.688s][info][gc,heap        ] GC(741) PSOldGen: 199275K->200775K(699392K)
[362.688s][info][gc,metaspace   ] GC(741) Metaspace: 144439K(157264K)->144439K(157264K) NonClass: 125651K(132016K)->125651K(132016K) Class: 18787K(25248K)->18787K(25248K)
[362.688s][info][gc             ] GC(741) Pause Young (GCLocker Initiated GC) 460M->200M(985M) 4.052ms
[362.688s][info][gc,cpu         ] GC(741) User=0.05s Sys=0.00s Real=0.00s
[364.268s][info][gc,start       ] GC(742) Pause Young (Allocation Failure)
[364.272s][info][gc,heap        ] GC(742) PSYoungGen: 275079K->1421K(311808K)
[364.272s][info][gc,heap        ] GC(742) PSOldGen: 202826K->203158K(699392K)
[364.272s][info][gc,metaspace   ] GC(742) Metaspace: 144439K(157264K)->144439K(157264K) NonClass: 125651K(132016K)->125651K(132016K) Class: 18787K(25248K)->18787K(25248K)
[364.272s][info][gc             ] GC(742) Pause Young (Allocation Failure) 466M->199M(987M) 3.243ms
[364.272s][info][gc,cpu         ] GC(742) User=0.00s Sys=0.00s Real=0.00s
[365.596s][info][gc,start       ] GC(743) Pause Young (Allocation Failure)
[365.599s][info][gc,heap        ] GC(743) PSYoungGen: 274829K->2064K(310784K)
[365.599s][info][gc,heap        ] GC(743) PSOldGen: 203158K->203589K(699392K)
[365.599s][info][gc,metaspace   ] GC(743) Metaspace: 144439K(157264K)->144439K(157264K) NonClass: 125651K(132016K)->125651K(132016K) Class: 18787K(25248K)->18787K(25248K)
[365.599s][info][gc             ] GC(743) Pause Young (Allocation Failure) 466M->200M(986M) 2.712ms
[365.599s][info][gc,cpu         ] GC(743) User=0.00s Sys=0.00s Real=0.00s
[366.563s][info][gc,start       ] GC(744) Pause Young (Allocation Failure)
[366.567s][info][gc,heap        ] GC(744) PSYoungGen: 275472K->8191K(314880K)
[366.567s][info][gc,heap        ] GC(744) PSOldGen: 203589K->204203K(699392K)
[366.567s][info][gc,metaspace   ] GC(744) Metaspace: 144439K(157264K)->144439K(157264K) NonClass: 125651K(132016K)->125651K(132016K) Class: 18787K(25248K)->18787K(25248K)
[366.567s][info][gc             ] GC(744) Pause Young (Allocation Failure) 467M->207M(990M) 3.841ms
[366.567s][info][gc,cpu         ] GC(744) User=0.00s Sys=0.00s Real=0.01s
[366.630s][info][gc,start       ] GC(745) Pause Young (System.gc())
[366.632s][info][gc,heap        ] GC(745) PSYoungGen: 55010K->288K(312832K)
[366.632s][info][gc,heap        ] GC(745) PSOldGen: 204203K->206626K(699392K)
[366.632s][info][gc,metaspace   ] GC(745) Metaspace: 144453K(157264K)->144453K(157264K) NonClass: 125666K(132016K)->125666K(132016K) Class: 18787K(25248K)->18787K(25248K)
[366.632s][info][gc             ] GC(745) Pause Young (System.gc()) 253M->202M(988M) 2.808ms
[366.633s][info][gc,cpu         ] GC(745) User=0.00s Sys=0.00s Real=0.00s
[366.633s][info][gc,start       ] GC(746) Pause Full (System.gc())
[366.634s][info][gc,phases,start] GC(746) Phase 1: Mark live objects
[366.709s][info][gc,phases      ] GC(746) Phase 1: Mark live objects 75.125ms
[366.710s][info][gc,phases,start] GC(746) Phase 2: Compute new object addresses
[366.721s][info][gc,phases      ] GC(746) Phase 2: Compute new object addresses 11.760ms
[366.721s][info][gc,phases,start] GC(746) Phase 3: Adjust pointers
[366.763s][info][gc,phases      ] GC(746) Phase 3: Adjust pointers 41.426ms
[366.763s][info][gc,phases,start] GC(746) Phase 4: Move objects
[366.768s][info][gc,phases      ] GC(746) Phase 4: Move objects 5.595ms
[366.769s][info][gc,heap        ] GC(746) PSYoungGen: 288K->0K(312832K)
[366.769s][info][gc,heap        ] GC(746) PSOldGen: 206626K->72347K(699392K)
[366.769s][info][gc,metaspace   ] GC(746) Metaspace: 144453K(157264K)->144453K(157264K) NonClass: 125666K(132016K)->125666K(132016K) Class: 18787K(25248K)->18787K(25248K)
[366.769s][info][gc             ] GC(746) Pause Full (System.gc()) 202M->70M(988M) 136.803ms
[366.769s][info][gc,cpu         ] GC(746) User=0.14s Sys=0.00s Real=0.14s
[366.904s][info][gc,start       ] GC(747) Pause Young (Allocation Failure)
[366.908s][info][gc,heap        ] GC(747) PSYoungGen: 278528K->16992K(314368K)
[366.908s][info][gc,heap        ] GC(747) PSOldGen: 72347K->72355K(699392K)
[366.908s][info][gc,metaspace   ] GC(747) Metaspace: 144492K(157264K)->144492K(157264K) NonClass: 125705K(132016K)->125705K(132016K) Class: 18787K(25248K)->18787K(25248K)
[366.908s][info][gc             ] GC(747) Pause Young (Allocation Failure) 342M->87M(990M) 3.692ms
[366.908s][info][gc,cpu         ] GC(747) User=0.08s Sys=0.00s Real=0.00s
[366.981s][info][gc,start       ] GC(748) Pause Young (Allocation Failure)
[366.986s][info][gc,heap        ] GC(748) PSYoungGen: 297568K->17286K(314880K)
[366.986s][info][gc,heap        ] GC(748) PSOldGen: 72355K->85301K(699392K)
[366.986s][info][gc,metaspace   ] GC(748) Metaspace: 144492K(157264K)->144492K(157264K) NonClass: 125705K(132016K)->125705K(132016K) Class: 18787K(25248K)->18787K(25248K)
[366.986s][info][gc             ] GC(748) Pause Young (Allocation Failure) 361M->100M(990M) 5.464ms
[366.986s][info][gc,cpu         ] GC(748) User=0.08s Sys=0.00s Real=0.01s
[367.154s][info][gc,start       ] GC(749) Pause Young (Allocation Failure)
[367.162s][info][gc,heap        ] GC(749) PSYoungGen: 294449K->34296K(287232K)
[367.162s][info][gc,heap        ] GC(749) PSOldGen: 85301K->105554K(699392K)
[367.162s][info][gc,metaspace   ] GC(749) Metaspace: 144492K(157264K)->144492K(157264K) NonClass: 125705K(132016K)->125705K(132016K) Class: 18787K(25248K)->18787K(25248K)
[367.162s][info][gc             ] GC(749) Pause Young (Allocation Failure) 370M->136M(963M) 8.378ms
[367.162s][info][gc,cpu         ] GC(749) User=0.08s Sys=0.00s Real=0.01s
[367.197s][info][gc,start       ] GC(750) Pause Young (Allocation Failure)
[367.203s][info][gc,heap        ] GC(750) PSYoungGen: 286331K->14753K(301056K)
[367.203s][info][gc,heap        ] GC(750) PSOldGen: 105554K->127077K(699392K)
[367.203s][info][gc,metaspace   ] GC(750) Metaspace: 144492K(157264K)->144492K(157264K) NonClass: 125705K(132016K)->125705K(132016K) Class: 18787K(25248K)->18787K(25248K)
[367.203s][info][gc             ] GC(750) Pause Young (Allocation Failure) 382M->138M(977M) 6.565ms
[367.203s][info][gc,cpu         ] GC(750) User=0.00s Sys=0.00s Real=0.01s
[367.383s][info][gc,start       ] GC(751) Pause Young (Allocation Failure)
[367.389s][info][gc,heap        ] GC(751) PSYoungGen: 267388K->31945K(297984K)
[367.390s][info][gc,heap        ] GC(751) PSOldGen: 127077K->128060K(699392K)
[367.390s][info][gc,metaspace   ] GC(751) Metaspace: 144492K(157264K)->144492K(157264K) NonClass: 125705K(132016K)->125705K(132016K) Class: 18787K(25248K)->18787K(25248K)
[367.390s][info][gc             ] GC(751) Pause Young (Allocation Failure) 385M->156M(974M) 6.612ms
[367.390s][info][gc,cpu         ] GC(751) User=0.00s Sys=0.00s Real=0.01s
[367.447s][info][gc,start       ] GC(752) Pause Young (Allocation Failure)
[367.452s][info][gc,heap        ] GC(752) PSYoungGen: 284873K->20607K(301056K)
[367.453s][info][gc,heap        ] GC(752) PSOldGen: 128060K->134477K(699392K)
[367.453s][info][gc,metaspace   ] GC(752) Metaspace: 144492K(157264K)->144492K(157264K) NonClass: 125705K(132016K)->125705K(132016K) Class: 18787K(25248K)->18787K(25248K)
[367.453s][info][gc             ] GC(752) Pause Young (Allocation Failure) 403M->151M(977M) 5.660ms
[367.453s][info][gc,cpu         ] GC(752) User=0.00s Sys=0.00s Real=0.01s
[367.527s][info][gc,start       ] GC(753) Pause Young (Allocation Failure)
[367.552s][info][gc,heap        ] GC(753) PSYoungGen: 273535K->10437K(304128K)
[367.552s][info][gc,heap        ] GC(753) PSOldGen: 134477K->144566K(699392K)
[367.552s][info][gc,metaspace   ] GC(753) Metaspace: 144493K(157264K)->144493K(157264K) NonClass: 125705K(132016K)->125705K(132016K) Class: 18787K(25248K)->18787K(25248K)
[367.552s][info][gc             ] GC(753) Pause Young (Allocation Failure) 398M->151M(980M) 24.915ms
[367.552s][info][gc,cpu         ] GC(753) User=0.05s Sys=0.00s Real=0.02s
[367.594s][info][gc,start       ] GC(754) Pause Young (Allocation Failure)
[367.599s][info][gc,heap        ] GC(754) PSYoungGen: 266190K->17697K(302592K)
[367.599s][info][gc,heap        ] GC(754) PSOldGen: 144566K->150350K(699392K)
[367.599s][info][gc,metaspace   ] GC(754) Metaspace: 144493K(157264K)->144493K(157264K) NonClass: 125705K(132016K)->125705K(132016K) Class: 18787K(25248K)->18787K(25248K)
[367.599s][info][gc             ] GC(754) Pause Young (Allocation Failure) 401M->164M(978M) 4.658ms
[367.599s][info][gc,cpu         ] GC(754) User=0.00s Sys=0.00s Real=0.01s
[367.792s][info][gc,start       ] GC(755) Pause Young (Allocation Failure)
[367.794s][info][gc,heap        ] GC(755) PSYoungGen: 275233K->7099K(307712K)
[367.794s][info][gc,heap        ] GC(755) PSOldGen: 150350K->150468K(699392K)
[367.794s][info][gc,metaspace   ] GC(755) Metaspace: 144493K(157264K)->144493K(157264K) NonClass: 125705K(132016K)->125705K(132016K) Class: 18787K(25248K)->18787K(25248K)
[367.794s][info][gc             ] GC(755) Pause Young (Allocation Failure) 415M->153M(983M) 2.734ms
[367.794s][info][gc,cpu         ] GC(755) User=0.00s Sys=0.00s Real=0.01s
[367.972s][info][gc,start       ] GC(756) Pause Young (Allocation Failure)
[367.975s][info][gc,heap        ] GC(756) PSYoungGen: 272312K->16051K(306688K)
[367.975s][info][gc,heap        ] GC(756) PSOldGen: 150468K->150767K(699392K)
[367.975s][info][gc,metaspace   ] GC(756) Metaspace: 144493K(157264K)->144493K(157264K) NonClass: 125705K(132016K)->125705K(132016K) Class: 18787K(25248K)->18787K(25248K)
[367.975s][info][gc             ] GC(756) Pause Young (Allocation Failure) 412M->162M(982M) 3.453ms
[367.975s][info][gc,cpu         ] GC(756) User=0.00s Sys=0.00s Real=0.00s
[368.784s][info][gc,start       ] GC(757) Pause Young (GCLocker Initiated GC)
[368.789s][info][gc,heap        ] GC(757) PSYoungGen: 281267K->7790K(311296K)
[368.789s][info][gc,heap        ] GC(757) PSOldGen: 150783K->166624K(699392K)
[368.789s][info][gc,metaspace   ] GC(757) Metaspace: 144493K(157264K)->144493K(157264K) NonClass: 125705K(132016K)->125705K(132016K) Class: 18787K(25248K)->18787K(25248K)
[368.789s][info][gc             ] GC(757) Pause Young (GCLocker Initiated GC) 421M->170M(987M) 5.086ms
[368.789s][info][gc,cpu         ] GC(757) User=0.00s Sys=0.00s Real=0.00s
[370.233s][info][gc,start       ] GC(758) Pause Young (Allocation Failure)
[370.235s][info][gc,heap        ] GC(758) PSYoungGen: 280174K->1898K(310272K)
[370.235s][info][gc,heap        ] GC(758) PSOldGen: 166627K->167326K(699392K)
[370.235s][info][gc,metaspace   ] GC(758) Metaspace: 144493K(157264K)->144493K(157264K) NonClass: 125705K(132016K)->125705K(132016K) Class: 18787K(25248K)->18787K(25248K)
[370.235s][info][gc             ] GC(758) Pause Young (Allocation Failure) 436M->165M(986M) 2.346ms
[370.235s][info][gc,cpu         ] GC(758) User=0.09s Sys=0.00s Real=0.00s
[371.572s][info][gc,start       ] GC(759) Pause Young (Allocation Failure)
[371.574s][info][gc,heap        ] GC(759) PSYoungGen: 273595K->700K(311296K)
[371.574s][info][gc,heap        ] GC(759) PSOldGen: 167326K->167769K(699392K)
[371.574s][info][gc,metaspace   ] GC(759) Metaspace: 144493K(157264K)->144493K(157264K) NonClass: 125705K(132016K)->125705K(132016K) Class: 18787K(25248K)->18787K(25248K)
[371.574s][info][gc             ] GC(759) Pause Young (Allocation Failure) 430M->164M(987M) 2.078ms
[371.574s][info][gc,cpu         ] GC(759) User=0.00s Sys=0.00s Real=0.00s
[372.691s][info][gc,start       ] GC(760) Pause Young (Allocation Failure)
[372.694s][info][gc,heap        ] GC(760) PSYoungGen: 274108K->5016K(311296K)
[372.694s][info][gc,heap        ] GC(760) PSOldGen: 167769K->168096K(699392K)
[372.694s][info][gc,metaspace   ] GC(760) Metaspace: 144493K(157264K)->144493K(157264K) NonClass: 125705K(132016K)->125705K(132016K) Class: 18787K(25248K)->18787K(25248K)
[372.694s][info][gc             ] GC(760) Pause Young (Allocation Failure) 431M->169M(987M) 3.184ms
[372.694s][info][gc,cpu         ] GC(760) User=0.00s Sys=0.00s Real=0.00s
[373.913s][info][gc,start       ] GC(761) Pause Young (Allocation Failure)
[373.917s][info][gc,heap        ] GC(761) PSYoungGen: 278410K->2724K(313344K)
[373.917s][info][gc,heap        ] GC(761) PSOldGen: 168096K->168569K(699392K)
[373.917s][info][gc,metaspace   ] GC(761) Metaspace: 144493K(157264K)->144493K(157264K) NonClass: 125705K(132016K)->125705K(132016K) Class: 18787K(25248K)->18787K(25248K)
[373.917s][info][gc             ] GC(761) Pause Young (Allocation Failure) 436M->167M(989M) 3.930ms
[373.917s][info][gc,cpu         ] GC(761) User=0.00s Sys=0.00s Real=0.00s
[374.787s][info][gc,start       ] GC(762) Pause Young (Allocation Failure)
[374.789s][info][gc,heap        ] GC(762) PSYoungGen: 279286K->2869K(312832K)
[374.789s][info][gc,heap        ] GC(762) PSOldGen: 168569K->169012K(699392K)
[374.789s][info][gc,metaspace   ] GC(762) Metaspace: 144493K(157264K)->144493K(157264K) NonClass: 125705K(132016K)->125705K(132016K) Class: 18787K(25248K)->18787K(25248K)
[374.789s][info][gc             ] GC(762) Pause Young (Allocation Failure) 437M->167M(988M) 2.581ms
[374.789s][info][gc,cpu         ] GC(762) User=0.00s Sys=0.00s Real=0.00s
[374.897s][info][gc,start       ] GC(763) Pause Young (System.gc())
[374.900s][info][gc,heap        ] GC(763) PSYoungGen: 96022K->453K(315392K)
[374.900s][info][gc,heap        ] GC(763) PSOldGen: 169012K->171332K(699392K)
[374.900s][info][gc,metaspace   ] GC(763) Metaspace: 144499K(157264K)->144499K(157264K) NonClass: 125711K(132016K)->125711K(132016K) Class: 18787K(25248K)->18787K(25248K)
[374.900s][info][gc             ] GC(763) Pause Young (System.gc()) 258M->167M(991M) 2.503ms
[374.900s][info][gc,cpu         ] GC(763) User=0.00s Sys=0.00s Real=0.00s
[374.900s][info][gc,start       ] GC(764) Pause Full (System.gc())
[374.902s][info][gc,phases,start] GC(764) Phase 1: Mark live objects
[374.973s][info][gc,phases      ] GC(764) Phase 1: Mark live objects 70.943ms
[374.973s][info][gc,phases,start] GC(764) Phase 2: Compute new object addresses
[374.984s][info][gc,phases      ] GC(764) Phase 2: Compute new object addresses 11.078ms
[374.984s][info][gc,phases,start] GC(764) Phase 3: Adjust pointers
[375.023s][info][gc,phases      ] GC(764) Phase 3: Adjust pointers 39.583ms
[375.023s][info][gc,phases,start] GC(764) Phase 4: Move objects
[375.024s][info][gc,phases      ] GC(764) Phase 4: Move objects 0.924ms
[375.025s][info][gc,heap        ] GC(764) PSYoungGen: 453K->0K(315392K)
[375.025s][info][gc,heap        ] GC(764) PSOldGen: 171332K->105795K(699392K)
[375.025s][info][gc,metaspace   ] GC(764) Metaspace: 144499K(157264K)->144499K(157264K) NonClass: 125711K(132016K)->125711K(132016K) Class: 18787K(25248K)->18787K(25248K)
[375.025s][info][gc             ] GC(764) Pause Full (System.gc()) 167M->103M(991M) 125.326ms
[375.025s][info][gc,cpu         ] GC(764) User=0.12s Sys=0.00s Real=0.13s
[375.149s][info][gc,start       ] GC(765) Pause Young (Allocation Failure)
[375.152s][info][gc,heap        ] GC(765) PSYoungGen: 281088K->16993K(314880K)
[375.152s][info][gc,heap        ] GC(765) PSOldGen: 105795K->105795K(699392K)
[375.152s][info][gc,metaspace   ] GC(765) Metaspace: 144528K(157264K)->144528K(157264K) NonClass: 125741K(132016K)->125741K(132016K) Class: 18787K(25248K)->18787K(25248K)
[375.153s][info][gc             ] GC(765) Pause Young (Allocation Failure) 377M->119M(990M) 3.401ms
[375.153s][info][gc,cpu         ] GC(765) User=0.00s Sys=0.00s Real=0.00s
[375.209s][info][gc,start       ] GC(766) Pause Young (Allocation Failure)
[375.214s][info][gc,heap        ] GC(766) PSYoungGen: 298081K->19078K(312832K)
[375.214s][info][gc,heap        ] GC(766) PSOldGen: 105795K->118755K(699392K)
[375.214s][info][gc,metaspace   ] GC(766) Metaspace: 144528K(157264K)->144528K(157264K) NonClass: 125741K(132016K)->125741K(132016K) Class: 18787K(25248K)->18787K(25248K)
[375.214s][info][gc             ] GC(766) Pause Young (Allocation Failure) 394M->134M(988M) 5.191ms
[375.214s][info][gc,cpu         ] GC(766) User=0.00s Sys=0.00s Real=0.01s
[375.364s][info][gc,start       ] GC(767) Pause Young (Allocation Failure)
[375.371s][info][gc,heap        ] GC(767) PSYoungGen: 297000K->34027K(312832K)
[375.371s][info][gc,heap        ] GC(767) PSOldGen: 118755K->130867K(699392K)
[375.371s][info][gc,metaspace   ] GC(767) Metaspace: 144528K(157264K)->144528K(157264K) NonClass: 125741K(132016K)->125741K(132016K) Class: 18787K(25248K)->18787K(25248K)
[375.371s][info][gc             ] GC(767) Pause Young (Allocation Failure) 406M->161M(988M) 7.265ms
[375.371s][info][gc,cpu         ] GC(767) User=0.00s Sys=0.00s Real=0.01s
[375.405s][info][gc,start       ] GC(768) Pause Young (Allocation Failure)
[375.411s][info][gc,heap        ] GC(768) PSYoungGen: 310126K->16353K(305664K)
[375.411s][info][gc,heap        ] GC(768) PSOldGen: 130867K->155974K(699392K)
[375.411s][info][gc,metaspace   ] GC(768) Metaspace: 144528K(157264K)->144528K(157264K) NonClass: 125741K(132016K)->125741K(132016K) Class: 18787K(25248K)->18787K(25248K)
[375.411s][info][gc             ] GC(768) Pause Young (Allocation Failure) 430M->168M(981M) 6.700ms
[375.411s][info][gc,cpu         ] GC(768) User=0.08s Sys=0.00s Real=0.01s
[375.568s][info][gc,start       ] GC(769) Pause Young (Allocation Failure)
[375.574s][info][gc,heap        ] GC(769) PSYoungGen: 285665K->33228K(302592K)
[375.574s][info][gc,heap        ] GC(769) PSOldGen: 155974K->156006K(699392K)
[375.574s][info][gc,metaspace   ] GC(769) Metaspace: 144528K(157264K)->144528K(157264K) NonClass: 125741K(132016K)->125741K(132016K) Class: 18787K(25248K)->18787K(25248K)
[375.574s][info][gc             ] GC(769) Pause Young (Allocation Failure) 431M->184M(978M) 6.268ms
[375.574s][info][gc,cpu         ] GC(769) User=0.00s Sys=0.00s Real=0.01s
[375.633s][info][gc,start       ] GC(770) Pause Young (Allocation Failure)
[375.639s][info][gc,heap        ] GC(770) PSYoungGen: 302540K->29383K(300544K)
[375.639s][info][gc,heap        ] GC(770) PSOldGen: 156006K->165532K(699392K)
[375.639s][info][gc,metaspace   ] GC(770) Metaspace: 144528K(157264K)->144528K(157264K) NonClass: 125741K(132016K)->125741K(132016K) Class: 18787K(25248K)->18787K(25248K)
[375.639s][info][gc             ] GC(770) Pause Young (Allocation Failure) 447M->190M(976M) 5.538ms
[375.639s][info][gc,cpu         ] GC(770) User=0.00s Sys=0.00s Real=0.00s
[375.671s][info][gc,start       ] GC(771) Pause Young (Allocation Failure)
[375.676s][info][gc,heap        ] GC(771) PSYoungGen: 285383K->22913K(302592K)
[375.676s][info][gc,heap        ] GC(771) PSOldGen: 165532K->173525K(699392K)
[375.676s][info][gc,metaspace   ] GC(771) Metaspace: 144528K(157264K)->144528K(157264K) NonClass: 125741K(132016K)->125741K(132016K) Class: 18787K(25248K)->18787K(25248K)
[375.676s][info][gc             ] GC(771) Pause Young (Allocation Failure) 440M->191M(978M) 4.822ms
[375.676s][info][gc,cpu         ] GC(771) User=0.02s Sys=0.00s Real=0.00s
[375.707s][info][gc,start       ] GC(772) Pause Young (Allocation Failure)
[375.710s][info][gc,heap        ] GC(772) PSYoungGen: 276691K->8437K(304128K)
[375.710s][info][gc,heap        ] GC(772) PSOldGen: 173525K->178568K(699392K)
[375.710s][info][gc,metaspace   ] GC(772) Metaspace: 144528K(157264K)->144528K(157264K) NonClass: 125741K(132016K)->125741K(132016K) Class: 18787K(25248K)->18787K(25248K)
[375.710s][info][gc             ] GC(772) Pause Young (Allocation Failure) 439M->182M(980M) 3.071ms
[375.710s][info][gc,cpu         ] GC(772) User=0.00s Sys=0.00s Real=0.00s
[375.871s][info][gc,start       ] GC(773) Pause Young (Allocation Failure)
[375.878s][info][gc,heap        ] GC(773) PSYoungGen: 266202K->35631K(293888K)
[375.878s][info][gc,heap        ] GC(773) PSOldGen: 178568K->178749K(699392K)
[375.878s][info][gc,metaspace   ] GC(773) Metaspace: 144528K(157264K)->144528K(157264K) NonClass: 125741K(132016K)->125741K(132016K) Class: 18787K(25248K)->18787K(25248K)
[375.878s][info][gc             ] GC(773) Pause Young (Allocation Failure) 434M->209M(970M) 6.861ms
[375.878s][info][gc,cpu         ] GC(773) User=0.06s Sys=0.00s Real=0.01s
[376.056s][info][gc,start       ] GC(774) Pause Young (Allocation Failure)
[376.059s][info][gc,heap        ] GC(774) PSYoungGen: 293679K->14649K(302592K)
[376.059s][info][gc,heap        ] GC(774) PSOldGen: 178749K->180611K(699392K)
[376.059s][info][gc,metaspace   ] GC(774) Metaspace: 144528K(157264K)->144528K(157264K) NonClass: 125741K(132016K)->125741K(132016K) Class: 18787K(25248K)->18787K(25248K)
[376.059s][info][gc             ] GC(774) Pause Young (Allocation Failure) 461M->190M(978M) 3.431ms
[376.059s][info][gc,cpu         ] GC(774) User=0.00s Sys=0.00s Real=0.00s
[376.918s][info][gc,start       ] GC(775) Pause Young (Allocation Failure)
[376.922s][info][gc,heap        ] GC(775) PSYoungGen: 268089K->1918K(300032K)
[376.922s][info][gc,heap        ] GC(775) PSOldGen: 180611K->195009K(699392K)
[376.922s][info][gc,metaspace   ] GC(775) Metaspace: 144528K(157264K)->144528K(157264K) NonClass: 125741K(132016K)->125741K(132016K) Class: 18787K(25248K)->18787K(25248K)
[376.922s][info][gc             ] GC(775) Pause Young (Allocation Failure) 438M->192M(976M) 3.993ms
[376.922s][info][gc,cpu         ] GC(775) User=0.05s Sys=0.00s Real=0.01s
[378.049s][info][gc,start       ] GC(776) Pause Young (Allocation Failure)
[378.052s][info][gc,heap        ] GC(776) PSYoungGen: 255358K->1304K(303104K)
[378.052s][info][gc,heap        ] GC(776) PSOldGen: 195009K->195727K(699392K)
[378.052s][info][gc,metaspace   ] GC(776) Metaspace: 144528K(157264K)->144528K(157264K) NonClass: 125741K(132016K)->125741K(132016K) Class: 18787K(25248K)->18787K(25248K)
[378.052s][info][gc             ] GC(776) Pause Young (Allocation Failure) 439M->192M(979M) 3.229ms
[378.052s][info][gc,cpu         ] GC(776) User=0.00s Sys=0.00s Real=0.00s
[379.077s][info][gc,start       ] GC(777) Pause Young (Allocation Failure)
[379.078s][info][gc,heap        ] GC(777) PSYoungGen: 254020K->602K(302592K)
[379.079s][info][gc,heap        ] GC(777) PSOldGen: 195727K->196023K(699392K)
[379.079s][info][gc,metaspace   ] GC(777) Metaspace: 144528K(157264K)->144528K(157264K) NonClass: 125741K(132016K)->125741K(132016K) Class: 18787K(25248K)->18787K(25248K)
[379.079s][info][gc             ] GC(777) Pause Young (Allocation Failure) 439M->192M(978M) 1.938ms
[379.079s][info][gc,cpu         ] GC(777) User=0.09s Sys=0.00s Real=0.00s
[380.098s][info][gc,start       ] GC(778) Pause Young (Allocation Failure)
[380.100s][info][gc,heap        ] GC(778) PSYoungGen: 257114K->1987K(305152K)
[380.100s][info][gc,heap        ] GC(778) PSOldGen: 196023K->196421K(699392K)
[380.100s][info][gc,metaspace   ] GC(778) Metaspace: 144528K(157264K)->144528K(157264K) NonClass: 125741K(132016K)->125741K(132016K) Class: 18787K(25248K)->18787K(25248K)
[380.100s][info][gc             ] GC(778) Pause Young (Allocation Failure) 442M->193M(981M) 2.627ms
[380.100s][info][gc,cpu         ] GC(778) User=0.00s Sys=0.00s Real=0.00s
[381.239s][info][gc,start       ] GC(779) Pause Young (Allocation Failure)
[381.241s][info][gc,heap        ] GC(779) PSYoungGen: 261571K->4335K(303616K)
[381.241s][info][gc,heap        ] GC(779) PSOldGen: 196421K->196838K(699392K)
[381.241s][info][gc,metaspace   ] GC(779) Metaspace: 144528K(157264K)->144528K(157264K) NonClass: 125741K(132016K)->125741K(132016K) Class: 18787K(25248K)->18787K(25248K)
[381.242s][info][gc             ] GC(779) Pause Young (Allocation Failure) 447M->196M(979M) 2.688ms
[381.242s][info][gc,cpu         ] GC(779) User=0.00s Sys=0.00s Real=0.00s
[382.134s][info][gc,start       ] GC(780) Pause Young (Allocation Failure)
[382.137s][info][gc,heap        ] GC(780) PSYoungGen: 263919K->2422K(308224K)
[382.137s][info][gc,heap        ] GC(780) PSOldGen: 196838K->197280K(699392K)
[382.137s][info][gc,metaspace   ] GC(780) Metaspace: 144528K(157264K)->144528K(157264K) NonClass: 125741K(132016K)->125741K(132016K) Class: 18787K(25248K)->18787K(25248K)
[382.137s][info][gc             ] GC(780) Pause Young (Allocation Failure) 449M->195M(984M) 2.875ms
[382.137s][info][gc,cpu         ] GC(780) User=0.00s Sys=0.00s Real=0.00s
[382.293s][info][gc,start       ] GC(781) Pause Young (System.gc())
[382.295s][info][gc,heap        ] GC(781) PSYoungGen: 140608K->1484K(306688K)
[382.295s][info][gc,heap        ] GC(781) PSOldGen: 197280K->198562K(699392K)
[382.295s][info][gc,metaspace   ] GC(781) Metaspace: 144537K(157264K)->144537K(157264K) NonClass: 125749K(132016K)->125749K(132016K) Class: 18787K(25248K)->18787K(25248K)
[382.295s][info][gc             ] GC(781) Pause Young (System.gc()) 329M->195M(982M) 2.709ms
[382.295s][info][gc,cpu         ] GC(781) User=0.00s Sys=0.00s Real=0.02s
[382.295s][info][gc,start       ] GC(782) Pause Full (System.gc())
[382.300s][info][gc,phases,start] GC(782) Phase 1: Mark live objects
[382.370s][info][gc,phases      ] GC(782) Phase 1: Mark live objects 70.629ms
[382.370s][info][gc,phases,start] GC(782) Phase 2: Compute new object addresses
[382.381s][info][gc,phases      ] GC(782) Phase 2: Compute new object addresses 11.011ms
[382.381s][info][gc,phases,start] GC(782) Phase 3: Adjust pointers
[382.421s][info][gc,phases      ] GC(782) Phase 3: Adjust pointers 39.954ms
[382.421s][info][gc,phases,start] GC(782) Phase 4: Move objects
[382.423s][info][gc,phases      ] GC(782) Phase 4: Move objects 1.794ms
[382.424s][info][gc,heap        ] GC(782) PSYoungGen: 1484K->0K(306688K)
[382.424s][info][gc,heap        ] GC(782) PSOldGen: 198562K->106158K(699392K)
[382.424s][info][gc,metaspace   ] GC(782) Metaspace: 144537K(157264K)->144537K(157264K) NonClass: 125749K(132016K)->125749K(132016K) Class: 18787K(25248K)->18787K(25248K)
[382.424s][info][gc             ] GC(782) Pause Full (System.gc()) 195M->103M(982M) 128.852ms
[382.424s][info][gc,cpu         ] GC(782) User=0.12s Sys=0.02s Real=0.13s
[382.564s][info][gc,start       ] GC(783) Pause Young (Allocation Failure)
[382.568s][info][gc,heap        ] GC(783) PSYoungGen: 265728K->17025K(309760K)
[382.568s][info][gc,heap        ] GC(783) PSOldGen: 106158K->106158K(699392K)
[382.568s][info][gc,metaspace   ] GC(783) Metaspace: 144589K(157520K)->144589K(157520K) NonClass: 125802K(132272K)->125802K(132272K) Class: 18787K(25248K)->18787K(25248K)
[382.568s][info][gc             ] GC(783) Pause Young (Allocation Failure) 363M->120M(985M) 3.773ms
[382.568s][info][gc,cpu         ] GC(783) User=0.00s Sys=0.00s Real=0.00s
[382.624s][info][gc,start       ] GC(784) Pause Young (Allocation Failure)
[382.630s][info][gc,heap        ] GC(784) PSYoungGen: 287361K->17286K(309760K)
[382.630s][info][gc,heap        ] GC(784) PSOldGen: 106158K->119087K(699392K)
[382.630s][info][gc,metaspace   ] GC(784) Metaspace: 144589K(157520K)->144589K(157520K) NonClass: 125802K(132272K)->125802K(132272K) Class: 18787K(25248K)->18787K(25248K)
[382.630s][info][gc             ] GC(784) Pause Young (Allocation Failure) 384M->133M(985M) 5.413ms
[382.630s][info][gc,cpu         ] GC(784) User=0.02s Sys=0.00s Real=0.01s
[382.780s][info][gc,start       ] GC(785) Pause Young (Allocation Failure)
[382.787s][info][gc,heap        ] GC(785) PSYoungGen: 285033K->37103K(296960K)
[382.787s][info][gc,heap        ] GC(785) PSOldGen: 119087K->128802K(699392K)
[382.787s][info][gc,metaspace   ] GC(785) Metaspace: 144591K(157520K)->144591K(157520K) NonClass: 125804K(132272K)->125804K(132272K) Class: 18787K(25248K)->18787K(25248K)
[382.787s][info][gc             ] GC(785) Pause Young (Allocation Failure) 394M->162M(973M) 7.719ms
[382.788s][info][gc,cpu         ] GC(785) User=0.09s Sys=0.00s Real=0.01s
[382.818s][info][gc,start       ] GC(786) Pause Young (Allocation Failure)
[382.825s][info][gc,heap        ] GC(786) PSYoungGen: 292518K->21744K(303616K)
[382.825s][info][gc,heap        ] GC(786) PSOldGen: 128802K->155447K(699392K)
[382.825s][info][gc,metaspace   ] GC(786) Metaspace: 144591K(157520K)->144591K(157520K) NonClass: 125804K(132272K)->125804K(132272K) Class: 18787K(25248K)->18787K(25248K)
[382.825s][info][gc             ] GC(786) Pause Young (Allocation Failure) 411M->173M(979M) 7.102ms
[382.825s][info][gc,cpu         ] GC(786) User=0.00s Sys=0.00s Real=0.01s
[382.980s][info][gc,start       ] GC(787) Pause Young (Allocation Failure)
[382.986s][info][gc,heap        ] GC(787) PSYoungGen: 279792K->28840K(299520K)
[382.986s][info][gc,heap        ] GC(787) PSOldGen: 155447K->156199K(699392K)
[382.986s][info][gc,metaspace   ] GC(787) Metaspace: 144591K(157520K)->144591K(157520K) NonClass: 125804K(132272K)->125804K(132272K) Class: 18787K(25248K)->18787K(25248K)
[382.986s][info][gc             ] GC(787) Pause Young (Allocation Failure) 425M->180M(975M) 5.544ms
[382.986s][info][gc,cpu         ] GC(787) User=0.09s Sys=0.00s Real=0.01s
[383.029s][info][gc,start       ] GC(788) Pause Young (Allocation Failure)
[383.035s][info][gc,heap        ] GC(788) PSYoungGen: 282792K->32787K(287232K)
[383.035s][info][gc,heap        ] GC(788) PSOldGen: 156199K->156371K(699392K)
[383.035s][info][gc,metaspace   ] GC(788) Metaspace: 144591K(157520K)->144591K(157520K) NonClass: 125804K(132272K)->125804K(132272K) Class: 18787K(25248K)->18787K(25248K)
[383.035s][info][gc             ] GC(788) Pause Young (Allocation Failure) 428M->184M(963M) 5.858ms
[383.035s][info][gc,cpu         ] GC(788) User=0.09s Sys=0.00s Real=0.01s
[383.081s][info][gc,start       ] GC(789) Pause Young (Allocation Failure)
[383.086s][info][gc,heap        ] GC(789) PSYoungGen: 286739K->22425K(300032K)
[383.087s][info][gc,heap        ] GC(789) PSOldGen: 156371K->172616K(699392K)
[383.087s][info][gc,metaspace   ] GC(789) Metaspace: 144591K(157520K)->144591K(157520K) NonClass: 125804K(132272K)->125804K(132272K) Class: 18787K(25248K)->18787K(25248K)
[383.087s][info][gc             ] GC(789) Pause Young (Allocation Failure) 432M->190M(976M) 5.767ms
[383.087s][info][gc,cpu         ] GC(789) User=0.00s Sys=0.00s Real=0.01s
[383.115s][info][gc,start       ] GC(790) Pause Young (Allocation Failure)
[383.120s][info][gc,heap        ] GC(790) PSYoungGen: 270011K->22159K(298496K)
[383.120s][info][gc,heap        ] GC(790) PSOldGen: 172616K->178156K(699392K)
[383.120s][info][gc,metaspace   ] GC(790) Metaspace: 144591K(157520K)->144591K(157520K) NonClass: 125804K(132272K)->125804K(132272K) Class: 18787K(25248K)->18787K(25248K)
[383.120s][info][gc             ] GC(790) Pause Young (Allocation Failure) 432M->195M(974M) 4.467ms
[383.120s][info][gc,cpu         ] GC(790) User=0.00s Sys=0.00s Real=0.01s
[383.159s][info][gc,start       ] GC(791) Pause Young (Allocation Failure)
[383.162s][info][gc,heap        ] GC(791) PSYoungGen: 268449K->2594K(301568K)
[383.163s][info][gc,heap        ] GC(791) PSOldGen: 178156K->180024K(699392K)
[383.163s][info][gc,metaspace   ] GC(791) Metaspace: 144591K(157520K)->144591K(157520K) NonClass: 125804K(132272K)->125804K(132272K) Class: 18787K(25248K)->18787K(25248K)
[383.163s][info][gc             ] GC(791) Pause Young (Allocation Failure) 436M->178M(977M) 3.192ms
[383.163s][info][gc,cpu         ] GC(791) User=0.00s Sys=0.00s Real=0.00s
[383.369s][info][gc,start       ] GC(792) Pause Young (Allocation Failure)
[383.373s][info][gc,heap        ] GC(792) PSYoungGen: 256420K->16054K(301568K)
[383.373s][info][gc,heap        ] GC(792) PSOldGen: 180024K->180454K(699392K)
[383.373s][info][gc,metaspace   ] GC(792) Metaspace: 144593K(157520K)->144593K(157520K) NonClass: 125806K(132272K)->125806K(132272K) Class: 18787K(25248K)->18787K(25248K)
[383.373s][info][gc             ] GC(792) Pause Young (Allocation Failure) 426M->191M(977M) 3.479ms
[383.373s][info][gc,cpu         ] GC(792) User=0.00s Sys=0.00s Real=0.02s
[383.837s][info][gc,start       ] GC(793) Pause Young (Allocation Failure)
[383.841s][info][gc,heap        ] GC(793) PSYoungGen: 270006K->5209K(305152K)
[383.841s][info][gc,heap        ] GC(793) PSOldGen: 180454K->196322K(699392K)
[383.841s][info][gc,metaspace   ] GC(793) Metaspace: 144593K(157520K)->144593K(157520K) NonClass: 125806K(132272K)->125806K(132272K) Class: 18787K(25248K)->18787K(25248K)
[383.841s][info][gc             ] GC(793) Pause Young (Allocation Failure) 439M->196M(981M) 4.656ms
[383.841s][info][gc,cpu         ] GC(793) User=0.00s Sys=0.00s Real=0.00s
[385.035s][info][gc,start       ] GC(794) Pause Young (GCLocker Initiated GC)
[385.038s][info][gc,heap        ] GC(794) PSYoungGen: 265817K->5857K(304640K)
[385.038s][info][gc,heap        ] GC(794) PSOldGen: 196381K->197143K(699392K)
[385.038s][info][gc,metaspace   ] GC(794) Metaspace: 144593K(157520K)->144593K(157520K) NonClass: 125806K(132272K)->125806K(132272K) Class: 18787K(25248K)->18787K(25248K)
[385.038s][info][gc             ] GC(794) Pause Young (GCLocker Initiated GC) 451M->198M(980M) 3.225ms
[385.038s][info][gc,cpu         ] GC(794) User=0.00s Sys=0.00s Real=0.02s
[386.196s][info][gc,start       ] GC(795) Pause Young (Allocation Failure)
[386.198s][info][gc,heap        ] GC(795) PSYoungGen: 266465K->482K(306688K)
[386.198s][info][gc,heap        ] GC(795) PSOldGen: 198171K->198655K(699392K)
[386.198s][info][gc,metaspace   ] GC(795) Metaspace: 144593K(157520K)->144593K(157520K) NonClass: 125806K(132272K)->125806K(132272K) Class: 18787K(25248K)->18787K(25248K)
[386.198s][info][gc             ] GC(795) Pause Young (Allocation Failure) 453M->194M(982M) 1.955ms
[386.198s][info][gc,cpu         ] GC(795) User=0.00s Sys=0.00s Real=0.00s
[387.198s][info][gc,start       ] GC(796) Pause Young (Allocation Failure)
[387.201s][info][gc,heap        ] GC(796) PSYoungGen: 263548K->1246K(306176K)
[387.201s][info][gc,heap        ] GC(796) PSOldGen: 198655K->198978K(699392K)
[387.201s][info][gc,metaspace   ] GC(796) Metaspace: 144593K(157520K)->144593K(157520K) NonClass: 125806K(132272K)->125806K(132272K) Class: 18787K(25248K)->18787K(25248K)
[387.201s][info][gc             ] GC(796) Pause Young (Allocation Failure) 451M->195M(982M) 2.583ms
[387.201s][info][gc,cpu         ] GC(796) User=0.00s Sys=0.00s Real=0.00s
[388.262s][info][gc,start       ] GC(797) Pause Young (Allocation Failure)
[388.264s][info][gc,heap        ] GC(797) PSYoungGen: 264027K->676K(308736K)
[388.264s][info][gc,heap        ] GC(797) PSOldGen: 198978K->199404K(699392K)
[388.264s][info][gc,metaspace   ] GC(797) Metaspace: 144593K(157520K)->144593K(157520K) NonClass: 125806K(132272K)->125806K(132272K) Class: 18787K(25248K)->18787K(25248K)
[388.264s][info][gc             ] GC(797) Pause Young (Allocation Failure) 452M->195M(984M) 2.261ms
[388.264s][info][gc,cpu         ] GC(797) User=0.00s Sys=0.00s Real=0.01s
[389.369s][info][gc,start       ] GC(798) Pause Young (Allocation Failure)
[389.372s][info][gc,heap        ] GC(798) PSYoungGen: 267759K->1615K(307712K)
[389.372s][info][gc,heap        ] GC(798) PSOldGen: 199404K->199753K(699392K)
[389.372s][info][gc,metaspace   ] GC(798) Metaspace: 144593K(157520K)->144593K(157520K) NonClass: 125806K(132272K)->125806K(132272K) Class: 18787K(25248K)->18787K(25248K)
[389.372s][info][gc             ] GC(798) Pause Young (Allocation Failure) 456M->196M(983M) 3.087ms
[389.372s][info][gc,cpu         ] GC(798) User=0.00s Sys=0.00s Real=0.00s
[389.764s][info][gc,start       ] GC(799) Pause Young (System.gc())
[389.767s][info][gc,heap        ] GC(799) PSYoungGen: 214062K->2508K(311808K)
[389.767s][info][gc,heap        ] GC(799) PSOldGen: 199753K->200282K(699392K)
[389.767s][info][gc,metaspace   ] GC(799) Metaspace: 144643K(157520K)->144643K(157520K) NonClass: 125856K(132272K)->125856K(132272K) Class: 18787K(25248K)->18787K(25248K)
[389.767s][info][gc             ] GC(799) Pause Young (System.gc()) 404M->198M(987M) 2.708ms
[389.767s][info][gc,cpu         ] GC(799) User=0.09s Sys=0.00s Real=0.00s
[389.767s][info][gc,start       ] GC(800) Pause Full (System.gc())
[389.769s][info][gc,phases,start] GC(800) Phase 1: Mark live objects
[389.839s][info][gc,phases      ] GC(800) Phase 1: Mark live objects 70.348ms
[389.839s][info][gc,phases,start] GC(800) Phase 2: Compute new object addresses
[389.850s][info][gc,phases      ] GC(800) Phase 2: Compute new object addresses 11.079ms
[389.850s][info][gc,phases,start] GC(800) Phase 3: Adjust pointers
[389.891s][info][gc,phases      ] GC(800) Phase 3: Adjust pointers 40.477ms
[389.891s][info][gc,phases,start] GC(800) Phase 4: Move objects
[389.892s][info][gc,phases      ] GC(800) Phase 4: Move objects 1.570ms
[389.893s][info][gc,heap        ] GC(800) PSYoungGen: 2508K->0K(311808K)
[389.893s][info][gc,heap        ] GC(800) PSOldGen: 200282K->107017K(699392K)
[389.893s][info][gc,metaspace   ] GC(800) Metaspace: 144643K(157520K)->144643K(157520K) NonClass: 125856K(132272K)->125856K(132272K) Class: 18787K(25248K)->18787K(25248K)
[389.893s][info][gc             ] GC(800) Pause Full (System.gc()) 198M->104M(987M) 126.249ms
[389.893s][info][gc,cpu         ] GC(800) User=0.12s Sys=0.00s Real=0.13s
[390.034s][info][gc,start       ] GC(801) Pause Young (Allocation Failure)
[390.038s][info][gc,heap        ] GC(801) PSYoungGen: 272384K->17057K(309760K)
[390.038s][info][gc,heap        ] GC(801) PSOldGen: 107017K->107017K(699392K)
[390.038s][info][gc,metaspace   ] GC(801) Metaspace: 144647K(157520K)->144647K(157520K) NonClass: 125859K(132272K)->125859K(132272K) Class: 18787K(25248K)->18787K(25248K)
[390.038s][info][gc             ] GC(801) Pause Young (Allocation Failure) 370M->121M(985M) 3.884ms
[390.038s][info][gc,cpu         ] GC(801) User=0.00s Sys=0.00s Real=0.01s
[390.094s][info][gc,start       ] GC(802) Pause Young (Allocation Failure)
[390.099s][info][gc,heap        ] GC(802) PSYoungGen: 289441K->17254K(311808K)
[390.099s][info][gc,heap        ] GC(802) PSOldGen: 107017K->119963K(699392K)
[390.099s][info][gc,metaspace   ] GC(802) Metaspace: 144647K(157520K)->144647K(157520K) NonClass: 125859K(132272K)->125859K(132272K) Class: 18787K(25248K)->18787K(25248K)
[390.099s][info][gc             ] GC(802) Pause Young (Allocation Failure) 387M->134M(987M) 5.189ms
[390.100s][info][gc,cpu         ] GC(802) User=0.00s Sys=0.00s Real=0.01s
[390.242s][info][gc,start       ] GC(803) Pause Young (GCLocker Initiated GC)
[390.250s][info][gc,heap        ] GC(803) PSYoungGen: 287399K->37359K(311296K)
[390.250s][info][gc,heap        ] GC(803) PSOldGen: 124059K->133840K(699392K)
[390.250s][info][gc,metaspace   ] GC(803) Metaspace: 144647K(157520K)->144647K(157520K) NonClass: 125859K(132272K)->125859K(132272K) Class: 18787K(25248K)->18787K(25248K)
[390.250s][info][gc             ] GC(803) Pause Young (GCLocker Initiated GC) 401M->167M(987M) 7.839ms
[390.250s][info][gc,cpu         ] GC(803) User=0.09s Sys=0.00s Real=0.01s
[390.290s][info][gc,start       ] GC(804) Pause Young (GCLocker Initiated GC)
[390.297s][info][gc,heap        ] GC(804) PSYoungGen: 311279K->7650K(294912K)
[390.297s][info][gc,heap        ] GC(804) PSOldGen: 179681K->206347K(699392K)
[390.297s][info][gc,metaspace   ] GC(804) Metaspace: 144647K(157520K)->144647K(157520K) NonClass: 125859K(132272K)->125859K(132272K) Class: 18787K(25248K)->18787K(25248K)
[390.297s][info][gc             ] GC(804) Pause Young (GCLocker Initiated GC) 479M->208M(971M) 6.948ms
[390.297s][info][gc,cpu         ] GC(804) User=0.06s Sys=0.00s Real=0.01s
[390.459s][info][gc,start       ] GC(805) Pause Young (Allocation Failure)
[390.466s][info][gc,heap        ] GC(805) PSYoungGen: 264674K->32844K(290304K)
[390.466s][info][gc,heap        ] GC(805) PSOldGen: 206348K->206639K(699392K)
[390.466s][info][gc,metaspace   ] GC(805) Metaspace: 144647K(157520K)->144647K(157520K) NonClass: 125859K(132272K)->125859K(132272K) Class: 18787K(25248K)->18787K(25248K)
[390.466s][info][gc             ] GC(805) Pause Young (Allocation Failure) 459M->233M(966M) 6.539ms
[390.466s][info][gc,cpu         ] GC(805) User=0.00s Sys=0.00s Real=0.01s
[390.522s][info][gc,start       ] GC(806) Pause Young (Allocation Failure)
[390.527s][info][gc,heap        ] GC(806) PSYoungGen: 287790K->25173K(299008K)
[390.527s][info][gc,heap        ] GC(806) PSOldGen: 206639K->216164K(699392K)
[390.527s][info][gc,metaspace   ] GC(806) Metaspace: 144647K(157520K)->144647K(157520K) NonClass: 125859K(132272K)->125859K(132272K) Class: 18787K(25248K)->18787K(25248K)
[390.527s][info][gc             ] GC(806) Pause Young (Allocation Failure) 482M->235M(975M) 5.354ms
[390.527s][info][gc,cpu         ] GC(806) User=0.00s Sys=0.00s Real=0.01s
[390.557s][info][gc,start       ] GC(807) Pause Young (Allocation Failure)
[390.562s][info][gc,heap        ] GC(807) PSYoungGen: 273956K->22819K(299008K)
[390.562s][info][gc,heap        ] GC(807) PSOldGen: 216164K->224168K(699392K)
[390.562s][info][gc,metaspace   ] GC(807) Metaspace: 144647K(157520K)->144647K(157520K) NonClass: 125859K(132272K)->125859K(132272K) Class: 18787K(25248K)->18787K(25248K)
[390.562s][info][gc             ] GC(807) Pause Young (Allocation Failure) 478M->241M(975M) 4.972ms
[390.562s][info][gc,cpu         ] GC(807) User=0.08s Sys=0.00s Real=0.00s
[390.593s][info][gc,start       ] GC(808) Pause Young (Allocation Failure)
[390.596s][info][gc,heap        ] GC(808) PSYoungGen: 267701K->12727K(302592K)
[390.596s][info][gc,heap        ] GC(808) PSOldGen: 224168K->228795K(699392K)
[390.596s][info][gc,metaspace   ] GC(808) Metaspace: 144647K(157520K)->144647K(157520K) NonClass: 125859K(132272K)->125859K(132272K) Class: 18787K(25248K)->18787K(25248K)
[390.596s][info][gc             ] GC(808) Pause Young (Allocation Failure) 480M->235M(978M) 3.699ms
[390.596s][info][gc,cpu         ] GC(808) User=0.02s Sys=0.00s Real=0.00s
[390.747s][info][gc,start       ] GC(809) Pause Young (Allocation Failure)
[390.752s][info][gc,heap        ] GC(809) PSYoungGen: 266167K->25147K(300032K)
[390.752s][info][gc,heap        ] GC(809) PSOldGen: 228795K->229070K(699392K)
[390.752s][info][gc,metaspace   ] GC(809) Metaspace: 144647K(157520K)->144647K(157520K) NonClass: 125859K(132272K)->125859K(132272K) Class: 18787K(25248K)->18787K(25248K)
[390.752s][info][gc             ] GC(809) Pause Young (Allocation Failure) 483M->248M(976M) 5.106ms
[390.752s][info][gc,cpu         ] GC(809) User=0.09s Sys=0.00s Real=0.01s
[390.906s][info][gc,start       ] GC(810) Pause Young (Allocation Failure)
[390.910s][info][gc,heap        ] GC(810) PSYoungGen: 278587K->16125K(305152K)
[390.910s][info][gc,heap        ] GC(810) PSOldGen: 229070K->229447K(699392K)
[390.910s][info][gc,metaspace   ] GC(810) Metaspace: 144647K(157520K)->144647K(157520K) NonClass: 125859K(132272K)->125859K(132272K) Class: 18787K(25248K)->18787K(25248K)
[390.910s][info][gc             ] GC(810) Pause Young (Allocation Failure) 495M->239M(981M) 4.084ms
[390.910s][info][gc,cpu         ] GC(810) User=0.00s Sys=0.00s Real=0.02s
[391.666s][info][gc,start       ] GC(811) Pause Young (Allocation Failure)
[391.670s][info][gc,heap        ] GC(811) PSYoungGen: 274173K->1506K(302080K)
[391.670s][info][gc,heap        ] GC(811) PSOldGen: 229447K->245337K(699392K)
[391.670s][info][gc,metaspace   ] GC(811) Metaspace: 144647K(157520K)->144647K(157520K) NonClass: 125859K(132272K)->125859K(132272K) Class: 18787K(25248K)->18787K(25248K)
[391.670s][info][gc             ] GC(811) Pause Young (Allocation Failure) 491M->241M(978M) 3.862ms
[391.670s][info][gc,cpu         ] GC(811) User=0.00s Sys=0.00s Real=0.00s
[392.796s][info][gc,start       ] GC(812) Pause Young (GCLocker Initiated GC)
[392.799s][info][gc,heap        ] GC(812) PSYoungGen: 259539K->2839K(305664K)
[392.799s][info][gc,heap        ] GC(812) PSOldGen: 245353K->246085K(699392K)
[392.799s][info][gc,metaspace   ] GC(812) Metaspace: 144647K(157520K)->144647K(157520K) NonClass: 125859K(132272K)->125859K(132272K) Class: 18787K(25248K)->18787K(25248K)
[392.799s][info][gc             ] GC(812) Pause Young (GCLocker Initiated GC) 493M->243M(981M) 2.675ms
[392.799s][info][gc,cpu         ] GC(812) User=0.00s Sys=0.00s Real=0.00s
[393.836s][info][gc,start       ] GC(813) Pause Young (Allocation Failure)
[393.839s][info][gc,heap        ] GC(813) PSYoungGen: 264471K->5852K(305152K)
[393.839s][info][gc,heap        ] GC(813) PSOldGen: 246088K->246469K(699392K)
[393.839s][info][gc,metaspace   ] GC(813) Metaspace: 144647K(157520K)->144647K(157520K) NonClass: 125859K(132272K)->125859K(132272K) Class: 18787K(25248K)->18787K(25248K)
[393.839s][info][gc             ] GC(813) Pause Young (Allocation Failure) 498M->246M(981M) 3.237ms
[393.839s][info][gc,cpu         ] GC(813) User=0.00s Sys=0.00s Real=0.00s
[394.956s][info][gc,start       ] GC(814) Pause Young (Allocation Failure)
[394.959s][info][gc,heap        ] GC(814) PSYoungGen: 267484K->1381K(307712K)
[394.959s][info][gc,heap        ] GC(814) PSOldGen: 246469K->247986K(699392K)
[394.959s][info][gc,metaspace   ] GC(814) Metaspace: 144647K(157520K)->144647K(157520K) NonClass: 125859K(132272K)->125859K(132272K) Class: 18787K(25248K)->18787K(25248K)
[394.959s][info][gc             ] GC(814) Pause Young (Allocation Failure) 501M->243M(983M) 2.958ms
[394.959s][info][gc,cpu         ] GC(814) User=0.00s Sys=0.00s Real=0.00s
[396.118s][info][gc,start       ] GC(815) Pause Young (GCLocker Initiated GC)
[396.121s][info][gc,heap        ] GC(815) PSYoungGen: 266597K->4718K(306688K)
[396.121s][info][gc,heap        ] GC(815) PSOldGen: 247986K->248411K(699392K)
[396.121s][info][gc,metaspace   ] GC(815) Metaspace: 144647K(157520K)->144647K(157520K) NonClass: 125859K(132272K)->125859K(132272K) Class: 18787K(25248K)->18787K(25248K)
[396.121s][info][gc             ] GC(815) Pause Young (GCLocker Initiated GC) 502M->247M(982M) 2.759ms
[396.121s][info][gc,cpu         ] GC(815) User=0.00s Sys=0.00s Real=0.00s
[397.021s][info][gc,start       ] GC(816) Pause Young (Allocation Failure)
[397.023s][info][gc,heap        ] GC(816) PSYoungGen: 269934K->2525K(310272K)
[397.023s][info][gc,heap        ] GC(816) PSOldGen: 248416K->248913K(699392K)
[397.023s][info][gc,metaspace   ] GC(816) Metaspace: 144647K(157520K)->144647K(157520K) NonClass: 125859K(132272K)->125859K(132272K) Class: 18787K(25248K)->18787K(25248K)
[397.023s][info][gc             ] GC(816) Pause Young (Allocation Failure) 506M->245M(986M) 2.683ms
[397.023s][info][gc,cpu         ] GC(816) User=0.00s Sys=0.00s Real=0.00s
[397.181s][info][gc,start       ] GC(817) Pause Young (System.gc())
[397.184s][info][gc,heap        ] GC(817) PSYoungGen: 135387K->1541K(309248K)
[397.184s][info][gc,heap        ] GC(817) PSOldGen: 248913K->250274K(699392K)
[397.184s][info][gc,metaspace   ] GC(817) Metaspace: 144651K(157520K)->144651K(157520K) NonClass: 125864K(132272K)->125864K(132272K) Class: 18787K(25248K)->18787K(25248K)
[397.184s][info][gc             ] GC(817) Pause Young (System.gc()) 375M->245M(985M) 2.636ms
[397.184s][info][gc,cpu         ] GC(817) User=0.00s Sys=0.00s Real=0.00s
[397.184s][info][gc,start       ] GC(818) Pause Full (System.gc())
[397.186s][info][gc,phases,start] GC(818) Phase 1: Mark live objects
[397.255s][info][gc,phases      ] GC(818) Phase 1: Mark live objects 69.789ms
[397.256s][info][gc,phases,start] GC(818) Phase 2: Compute new object addresses
[397.267s][info][gc,phases      ] GC(818) Phase 2: Compute new object addresses 11.195ms
[397.267s][info][gc,phases,start] GC(818) Phase 3: Adjust pointers
[397.308s][info][gc,phases      ] GC(818) Phase 3: Adjust pointers 41.045ms
[397.308s][info][gc,phases,start] GC(818) Phase 4: Move objects
[397.313s][info][gc,phases      ] GC(818) Phase 4: Move objects 4.883ms
[397.314s][info][gc,heap        ] GC(818) PSYoungGen: 1541K->0K(309248K)
[397.314s][info][gc,heap        ] GC(818) PSOldGen: 250274K->72627K(699392K)
[397.314s][info][gc,metaspace   ] GC(818) Metaspace: 144651K(157520K)->144651K(157520K) NonClass: 125864K(132272K)->125864K(132272K) Class: 18787K(25248K)->18787K(25248K)
[397.314s][info][gc             ] GC(818) Pause Full (System.gc()) 245M->70M(985M) 129.681ms
[397.314s][info][gc,cpu         ] GC(818) User=0.14s Sys=0.00s Real=0.12s
[397.448s][info][gc,start       ] GC(819) Pause Young (Allocation Failure)
[397.451s][info][gc,heap        ] GC(819) PSYoungGen: 270336K->17041K(311808K)
[397.451s][info][gc,heap        ] GC(819) PSOldGen: 72627K->72627K(699392K)
[397.451s][info][gc,metaspace   ] GC(819) Metaspace: 144653K(157520K)->144653K(157520K) NonClass: 125866K(132272K)->125866K(132272K) Class: 18787K(25248K)->18787K(25248K)
[397.451s][info][gc             ] GC(819) Pause Young (Allocation Failure) 334M->87M(987M) 3.650ms
[397.451s][info][gc,cpu         ] GC(819) User=0.00s Sys=0.00s Real=0.00s
[397.509s][info][gc,start       ] GC(820) Pause Young (Allocation Failure)
[397.515s][info][gc,heap        ] GC(820) PSYoungGen: 291473K->17318K(311808K)
[397.515s][info][gc,heap        ] GC(820) PSOldGen: 72627K->85623K(699392K)
[397.515s][info][gc,metaspace   ] GC(820) Metaspace: 144653K(157520K)->144653K(157520K) NonClass: 125866K(132272K)->125866K(132272K) Class: 18787K(25248K)->18787K(25248K)
[397.515s][info][gc             ] GC(820) Pause Young (Allocation Failure) 355M->100M(987M) 5.861ms
[397.515s][info][gc,cpu         ] GC(820) User=0.00s Sys=0.00s Real=0.00s
[397.657s][info][gc,start       ] GC(821) Pause Young (Allocation Failure)
[397.665s][info][gc,heap        ] GC(821) PSYoungGen: 291354K->37356K(288256K)
[397.665s][info][gc,heap        ] GC(821) PSOldGen: 85623K->99263K(699392K)
[397.665s][info][gc,metaspace   ] GC(821) Metaspace: 144653K(157520K)->144653K(157520K) NonClass: 125866K(132272K)->125866K(132272K) Class: 18787K(25248K)->18787K(25248K)
[397.665s][info][gc             ] GC(821) Pause Young (Allocation Failure) 368M->133M(964M) 7.784ms
[397.665s][info][gc,cpu         ] GC(821) User=0.00s Sys=0.00s Real=0.01s
[397.695s][info][gc,start       ] GC(822) Pause Young (Allocation Failure)
[397.702s][info][gc,heap        ] GC(822) PSYoungGen: 287639K->17567K(300032K)
[397.702s][info][gc,heap        ] GC(822) PSOldGen: 99263K->125377K(699392K)
[397.702s][info][gc,metaspace   ] GC(822) Metaspace: 144653K(157520K)->144653K(157520K) NonClass: 125866K(132272K)->125866K(132272K) Class: 18787K(25248K)->18787K(25248K)
[397.702s][info][gc             ] GC(822) Pause Young (Allocation Failure) 377M->139M(976M) 6.895ms
[397.702s][info][gc,cpu         ] GC(822) User=0.00s Sys=0.00s Real=0.01s
[397.856s][info][gc,start       ] GC(823) Pause Young (Allocation Failure)
[397.862s][info][gc,heap        ] GC(823) PSYoungGen: 268447K->29277K(299008K)
[397.862s][info][gc,heap        ] GC(823) PSOldGen: 125377K->126128K(699392K)
[397.862s][info][gc,metaspace   ] GC(823) Metaspace: 144653K(157520K)->144653K(157520K) NonClass: 125866K(132272K)->125866K(132272K) Class: 18787K(25248K)->18787K(25248K)
[397.862s][info][gc             ] GC(823) Pause Young (Allocation Failure) 384M->151M(975M) 5.612ms
[397.862s][info][gc,cpu         ] GC(823) User=0.09s Sys=0.00s Real=0.00s
[397.905s][info][gc,start       ] GC(824) Pause Young (Allocation Failure)
[397.910s][info][gc,heap        ] GC(824) PSYoungGen: 281181K->32383K(284672K)
[397.910s][info][gc,heap        ] GC(824) PSOldGen: 126128K->126295K(699392K)
[397.910s][info][gc,metaspace   ] GC(824) Metaspace: 144653K(157520K)->144653K(157520K) NonClass: 125866K(132272K)->125866K(132272K) Class: 18787K(25248K)->18787K(25248K)
[397.910s][info][gc             ] GC(824) Pause Young (Allocation Failure) 397M->154M(961M) 5.760ms
[397.910s][info][gc,cpu         ] GC(824) User=0.09s Sys=0.00s Real=0.00s
[397.955s][info][gc,start       ] GC(825) Pause Young (Allocation Failure)
[397.961s][info][gc,heap        ] GC(825) PSYoungGen: 280393K->22467K(299520K)
[397.961s][info][gc,heap        ] GC(825) PSOldGen: 126295K->142540K(699392K)
[397.961s][info][gc,metaspace   ] GC(825) Metaspace: 144653K(157520K)->144653K(157520K) NonClass: 125866K(132272K)->125866K(132272K) Class: 18787K(25248K)->18787K(25248K)
[397.961s][info][gc             ] GC(825) Pause Young (Allocation Failure) 397M->161M(975M) 5.729ms
[397.961s][info][gc,cpu         ] GC(825) User=0.00s Sys=0.00s Real=0.00s
[397.991s][info][gc,start       ] GC(826) Pause Young (GCLocker Initiated GC)
[397.995s][info][gc,heap        ] GC(826) PSYoungGen: 268686K->13599K(297984K)
[397.995s][info][gc,heap        ] GC(826) PSOldGen: 146636K->152030K(699392K)
[397.995s][info][gc,metaspace   ] GC(826) Metaspace: 144653K(157520K)->144653K(157520K) NonClass: 125866K(132272K)->125866K(132272K) Class: 18787K(25248K)->18787K(25248K)
[397.995s][info][gc             ] GC(826) Pause Young (GCLocker Initiated GC) 405M->161M(974M) 3.511ms
[397.995s][info][gc,cpu         ] GC(826) User=0.00s Sys=0.00s Real=0.00s
[398.031s][info][gc,start       ] GC(827) Pause Young (Allocation Failure)
[398.034s][info][gc,heap        ] GC(827) PSYoungGen: 261919K->7069K(302592K)
[398.034s][info][gc,heap        ] GC(827) PSOldGen: 152031K->154779K(699392K)
[398.034s][info][gc,metaspace   ] GC(827) Metaspace: 144653K(157520K)->144653K(157520K) NonClass: 125866K(132272K)->125866K(132272K) Class: 18787K(25248K)->18787K(25248K)
[398.034s][info][gc             ] GC(827) Pause Young (Allocation Failure) 404M->158M(978M) 3.080ms
[398.034s][info][gc,cpu         ] GC(827) User=0.00s Sys=0.00s Real=0.00s
[398.246s][info][gc,start       ] GC(828) Pause Young (Allocation Failure)
[398.249s][info][gc,heap        ] GC(828) PSYoungGen: 262045K->16035K(301568K)
[398.249s][info][gc,heap        ] GC(828) PSOldGen: 154779K->155217K(699392K)
[398.249s][info][gc,metaspace   ] GC(828) Metaspace: 144653K(157520K)->144653K(157520K) NonClass: 125866K(132272K)->125866K(132272K) Class: 18787K(25248K)->18787K(25248K)
[398.249s][info][gc             ] GC(828) Pause Young (Allocation Failure) 407M->167M(977M) 3.527ms
[398.249s][info][gc,cpu         ] GC(828) User=0.00s Sys=0.00s Real=0.00s
[398.728s][info][gc,start       ] GC(829) Pause Young (Allocation Failure)
[398.732s][info][gc,heap        ] GC(829) PSYoungGen: 271011K->5209K(306176K)
[398.732s][info][gc,heap        ] GC(829) PSOldGen: 155217K->172639K(699392K)
[398.732s][info][gc,metaspace   ] GC(829) Metaspace: 144653K(157520K)->144653K(157520K) NonClass: 125866K(132272K)->125866K(132272K) Class: 18787K(25248K)->18787K(25248K)
[398.732s][info][gc             ] GC(829) Pause Young (Allocation Failure) 416M->173M(982M) 4.735ms
[398.732s][info][gc,cpu         ] GC(829) User=0.00s Sys=0.00s Real=0.00s
[399.908s][info][gc,start       ] GC(830) Pause Young (GCLocker Initiated GC)
[399.911s][info][gc,heap        ] GC(830) PSYoungGen: 267353K->6092K(305152K)
[399.911s][info][gc,heap        ] GC(830) PSOldGen: 172640K->173401K(699392K)
[399.911s][info][gc,metaspace   ] GC(830) Metaspace: 144653K(157520K)->144653K(157520K) NonClass: 125866K(132272K)->125866K(132272K) Class: 18787K(25248K)->18787K(25248K)
[399.911s][info][gc             ] GC(830) Pause Young (GCLocker Initiated GC) 429M->175M(981M) 2.881ms
[399.911s][info][gc,cpu         ] GC(830) User=0.00s Sys=0.00s Real=0.00s
[401.076s][info][gc,start       ] GC(831) Pause Young (Allocation Failure)
[401.078s][info][gc,heap        ] GC(831) PSYoungGen: 268236K->617K(307200K)
[401.078s][info][gc,heap        ] GC(831) PSOldGen: 177515K->177913K(699392K)
[401.078s][info][gc,metaspace   ] GC(831) Metaspace: 144653K(157520K)->144653K(157520K) NonClass: 125866K(132272K)->125866K(132272K) Class: 18787K(25248K)->18787K(25248K)
[401.078s][info][gc             ] GC(831) Pause Young (Allocation Failure) 435M->174M(983M) 2.128ms
[401.078s][info][gc,cpu         ] GC(831) User=0.06s Sys=0.02s Real=0.00s
[402.119s][info][gc,start       ] GC(832) Pause Young (Allocation Failure)
[402.121s][info][gc,heap        ] GC(832) PSYoungGen: 265833K->1804K(307200K)
[402.121s][info][gc,heap        ] GC(832) PSOldGen: 177913K->178374K(699392K)
[402.121s][info][gc,metaspace   ] GC(832) Metaspace: 144653K(157520K)->144653K(157520K) NonClass: 125866K(132272K)->125866K(132272K) Class: 18787K(25248K)->18787K(25248K)
[402.121s][info][gc             ] GC(832) Pause Young (Allocation Failure) 433M->175M(983M) 2.814ms
[402.121s][info][gc,cpu         ] GC(832) User=0.00s Sys=0.00s Real=0.00s
[403.165s][info][gc,start       ] GC(833) Pause Young (Allocation Failure)
[403.167s][info][gc,heap        ] GC(833) PSYoungGen: 267020K->2083K(309248K)
[403.167s][info][gc,heap        ] GC(833) PSOldGen: 178374K->178791K(699392K)
[403.167s][info][gc,metaspace   ] GC(833) Metaspace: 144653K(157520K)->144653K(157520K) NonClass: 125866K(132272K)->125866K(132272K) Class: 18787K(25248K)->18787K(25248K)
[403.167s][info][gc             ] GC(833) Pause Young (Allocation Failure) 434M->176M(985M) 2.762ms
[403.167s][info][gc,cpu         ] GC(833) User=0.00s Sys=0.00s Real=0.00s
[404.234s][info][gc,start       ] GC(834) Pause Young (Allocation Failure)
[404.237s][info][gc,heap        ] GC(834) PSYoungGen: 270023K->4412K(308224K)
[404.237s][info][gc,heap        ] GC(834) PSOldGen: 178791K->179235K(699392K)
[404.237s][info][gc,metaspace   ] GC(834) Metaspace: 144653K(157520K)->144653K(157520K) NonClass: 125866K(132272K)->125866K(132272K) Class: 18787K(25248K)->18787K(25248K)
[404.237s][info][gc             ] GC(834) Pause Young (Allocation Failure) 438M->179M(984M) 2.978ms
[404.237s][info][gc,cpu         ] GC(834) User=0.00s Sys=0.00s Real=0.00s
[404.585s][info][gc,start       ] GC(835) Pause Young (System.gc())
[404.587s][info][gc,heap        ] GC(835) PSYoungGen: 202456K->2508K(312320K)
[404.587s][info][gc,heap        ] GC(835) PSOldGen: 179235K->179611K(699392K)
[404.587s][info][gc,metaspace   ] GC(835) Metaspace: 144655K(157520K)->144655K(157520K) NonClass: 125867K(132272K)->125867K(132272K) Class: 18787K(25248K)->18787K(25248K)
[404.587s][info][gc             ] GC(835) Pause Young (System.gc()) 372M->177M(988M) 2.351ms
[404.587s][info][gc,cpu         ] GC(835) User=0.00s Sys=0.00s Real=0.00s
[404.587s][info][gc,start       ] GC(836) Pause Full (System.gc())
[404.589s][info][gc,phases,start] GC(836) Phase 1: Mark live objects
[404.660s][info][gc,phases      ] GC(836) Phase 1: Mark live objects 70.456ms
[404.660s][info][gc,phases,start] GC(836) Phase 2: Compute new object addresses
[404.671s][info][gc,phases      ] GC(836) Phase 2: Compute new object addresses 11.039ms
[404.671s][info][gc,phases,start] GC(836) Phase 3: Adjust pointers
[404.711s][info][gc,phases      ] GC(836) Phase 3: Adjust pointers 39.981ms
[404.711s][info][gc,phases,start] GC(836) Phase 4: Move objects
[404.712s][info][gc,phases      ] GC(836) Phase 4: Move objects 0.816ms
[404.713s][info][gc,heap        ] GC(836) PSYoungGen: 2508K->0K(312320K)
[404.713s][info][gc,heap        ] GC(836) PSOldGen: 179611K->103368K(699392K)
[404.713s][info][gc,metaspace   ] GC(836) Metaspace: 144655K(157520K)->144655K(157520K) NonClass: 125867K(132272K)->125867K(132272K) Class: 18787K(25248K)->18787K(25248K)
[404.713s][info][gc             ] GC(836) Pause Full (System.gc()) 177M->100M(988M) 125.133ms
[404.713s][info][gc,cpu         ] GC(836) User=0.12s Sys=0.00s Real=0.12s
[404.845s][info][gc,start       ] GC(837) Pause Young (Allocation Failure)
[404.848s][info][gc,heap        ] GC(837) PSYoungGen: 273920K->17025K(310784K)
[404.848s][info][gc,heap        ] GC(837) PSOldGen: 103368K->103368K(699392K)
[404.848s][info][gc,metaspace   ] GC(837) Metaspace: 144658K(157520K)->144658K(157520K) NonClass: 125870K(132272K)->125870K(132272K) Class: 18787K(25248K)->18787K(25248K)
[404.848s][info][gc             ] GC(837) Pause Young (Allocation Failure) 368M->117M(986M) 3.501ms
[404.848s][info][gc,cpu         ] GC(837) User=0.00s Sys=0.00s Real=0.00s
[404.910s][info][gc,start       ] GC(838) Pause Young (Allocation Failure)
[404.915s][info][gc,heap        ] GC(838) PSYoungGen: 290945K->13574K(313856K)
[404.915s][info][gc,heap        ] GC(838) PSOldGen: 103368K->116296K(699392K)
[404.915s][info][gc,metaspace   ] GC(838) Metaspace: 144658K(157520K)->144658K(157520K) NonClass: 125870K(132272K)->125870K(132272K) Class: 18787K(25248K)->18787K(25248K)
[404.915s][info][gc             ] GC(838) Pause Young (Allocation Failure) 385M->126M(989M) 4.769ms
[404.915s][info][gc,cpu         ] GC(838) User=0.00s Sys=0.00s Real=0.00s
[405.062s][info][gc,start       ] GC(839) Pause Young (Allocation Failure)
[405.069s][info][gc,heap        ] GC(839) PSYoungGen: 289171K->35322K(312320K)
[405.069s][info][gc,heap        ] GC(839) PSOldGen: 116296K->132801K(699392K)
[405.069s][info][gc,metaspace   ] GC(839) Metaspace: 144658K(157520K)->144658K(157520K) NonClass: 125870K(132272K)->125870K(132272K) Class: 18787K(25248K)->18787K(25248K)
[405.069s][info][gc             ] GC(839) Pause Young (Allocation Failure) 395M->164M(988M) 7.483ms
[405.069s][info][gc,cpu         ] GC(839) User=0.03s Sys=0.00s Real=0.01s
[405.102s][info][gc,start       ] GC(840) Pause Young (Allocation Failure)
[405.108s][info][gc,heap        ] GC(840) PSYoungGen: 310816K->17918K(293888K)
[405.108s][info][gc,heap        ] GC(840) PSOldGen: 132801K->153372K(699392K)
[405.108s][info][gc,metaspace   ] GC(840) Metaspace: 144658K(157520K)->144658K(157520K) NonClass: 125870K(132272K)->125870K(132272K) Class: 18787K(25248K)->18787K(25248K)
[405.108s][info][gc             ] GC(840) Pause Young (Allocation Failure) 433M->167M(970M) 6.268ms
[405.108s][info][gc,cpu         ] GC(840) User=0.00s Sys=0.00s Real=0.01s
[405.270s][info][gc,start       ] GC(841) Pause Young (Allocation Failure)
[405.276s][info][gc,heap        ] GC(841) PSYoungGen: 274942K->33793K(291328K)
[405.276s][info][gc,heap        ] GC(841) PSOldGen: 153372K->153412K(699392K)
[405.276s][info][gc,metaspace   ] GC(841) Metaspace: 144658K(157520K)->144658K(157520K) NonClass: 125870K(132272K)->125870K(132272K) Class: 18787K(25248K)->18787K(25248K)
[405.276s][info][gc             ] GC(841) Pause Young (Allocation Failure) 418M->182M(967M) 6.203ms
[405.276s][info][gc,cpu         ] GC(841) User=0.00s Sys=0.00s Real=0.00s
[405.322s][info][gc,start       ] GC(842) Pause Young (Allocation Failure)
[405.327s][info][gc,heap        ] GC(842) PSYoungGen: 290817K->16092K(302592K)
[405.327s][info][gc,heap        ] GC(842) PSOldGen: 153412K->160644K(699392K)
[405.327s][info][gc,metaspace   ] GC(842) Metaspace: 144658K(157520K)->144658K(157520K) NonClass: 125870K(132272K)->125870K(132272K) Class: 18787K(25248K)->18787K(25248K)
[405.327s][info][gc             ] GC(842) Pause Young (Allocation Failure) 433M->172M(978M) 4.551ms
[405.327s][info][gc,cpu         ] GC(842) User=0.00s Sys=0.00s Real=0.00s
[405.370s][info][gc,start       ] GC(843) Pause Young (Allocation Failure)
[405.374s][info][gc,heap        ] GC(843) PSYoungGen: 269020K->14486K(299520K)
[405.374s][info][gc,heap        ] GC(843) PSOldGen: 160644K->169967K(699392K)
[405.374s][info][gc,metaspace   ] GC(843) Metaspace: 144658K(157520K)->144658K(157520K) NonClass: 125870K(132272K)->125870K(132272K) Class: 18787K(25248K)->18787K(25248K)
[405.374s][info][gc             ] GC(843) Pause Young (Allocation Failure) 419M->180M(975M) 4.281ms
[405.374s][info][gc,cpu         ] GC(843) User=0.00s Sys=0.00s Real=0.00s
[405.405s][info][gc,start       ] GC(844) Pause Young (Allocation Failure)
[405.408s][info][gc,heap        ] GC(844) PSYoungGen: 267414K->5513K(305664K)
[405.408s][info][gc,heap        ] GC(844) PSOldGen: 169967K->175913K(699392K)
[405.408s][info][gc,metaspace   ] GC(844) Metaspace: 144658K(157520K)->144658K(157520K) NonClass: 125870K(132272K)->125870K(132272K) Class: 18787K(25248K)->18787K(25248K)
[405.408s][info][gc             ] GC(844) Pause Young (Allocation Failure) 427M->177M(981M) 3.302ms
[405.408s][info][gc,cpu         ] GC(844) User=0.09s Sys=0.00s Real=0.00s
[405.570s][info][gc,start       ] GC(845) Pause Young (Allocation Failure)
[405.574s][info][gc,heap        ] GC(845) PSYoungGen: 267145K->18256K(305152K)
[405.574s][info][gc,heap        ] GC(845) PSOldGen: 175913K->176187K(699392K)
[405.574s][info][gc,metaspace   ] GC(845) Metaspace: 144658K(157520K)->144658K(157520K) NonClass: 125870K(132272K)->125870K(132272K) Class: 18787K(25248K)->18787K(25248K)
[405.574s][info][gc             ] GC(845) Pause Young (Allocation Failure) 432M->189M(981M) 3.963ms
[405.574s][info][gc,cpu         ] GC(845) User=0.00s Sys=0.00s Real=0.00s
[405.720s][info][gc,start       ] GC(846) Pause Young (Allocation Failure)
[405.724s][info][gc,heap        ] GC(846) PSYoungGen: 279793K->16083K(310272K)
[405.724s][info][gc,heap        ] GC(846) PSOldGen: 176187K->176495K(699392K)
[405.724s][info][gc,metaspace   ] GC(846) Metaspace: 144658K(157520K)->144658K(157520K) NonClass: 125870K(132272K)->125870K(132272K) Class: 18787K(25248K)->18787K(25248K)
[405.724s][info][gc             ] GC(846) Pause Young (Allocation Failure) 445M->188M(986M) 3.509ms
[405.724s][info][gc,cpu         ] GC(846) User=0.00s Sys=0.00s Real=0.01s
[406.506s][info][gc,start       ] GC(847) Pause Young (Allocation Failure)
[406.510s][info][gc,heap        ] GC(847) PSYoungGen: 284883K->2391K(307712K)
[406.510s][info][gc,heap        ] GC(847) PSOldGen: 176495K->192352K(699392K)
[406.510s][info][gc,metaspace   ] GC(847) Metaspace: 144658K(157520K)->144658K(157520K) NonClass: 125870K(132272K)->125870K(132272K) Class: 18787K(25248K)->18787K(25248K)
[406.510s][info][gc             ] GC(847) Pause Young (Allocation Failure) 450M->190M(983M) 4.209ms
[406.510s][info][gc,cpu         ] GC(847) User=0.00s Sys=0.00s Real=0.00s
[407.652s][info][gc,start       ] GC(848) Pause Young (Allocation Failure)
[407.655s][info][gc,heap        ] GC(848) PSYoungGen: 271191K->6038K(311296K)
[407.655s][info][gc,heap        ] GC(848) PSOldGen: 192352K->193052K(699392K)
[407.655s][info][gc,metaspace   ] GC(848) Metaspace: 144658K(157520K)->144658K(157520K) NonClass: 125870K(132272K)->125870K(132272K) Class: 18787K(25248K)->18787K(25248K)
[407.655s][info][gc             ] GC(848) Pause Young (Allocation Failure) 452M->194M(987M) 3.021ms
[407.655s][info][gc,cpu         ] GC(848) User=0.00s Sys=0.00s Real=0.00s
[408.828s][info][gc,start       ] GC(849) Pause Young (Allocation Failure)
[408.831s][info][gc,heap        ] GC(849) PSYoungGen: 278422K->2353K(310272K)
[408.831s][info][gc,heap        ] GC(849) PSOldGen: 193052K->193416K(699392K)
[408.831s][info][gc,metaspace   ] GC(849) Metaspace: 144658K(157520K)->144658K(157520K) NonClass: 125870K(132272K)->125870K(132272K) Class: 18787K(25248K)->18787K(25248K)
[408.831s][info][gc             ] GC(849) Pause Young (Allocation Failure) 460M->191M(986M) 2.593ms
[408.831s][info][gc,cpu         ] GC(849) User=0.00s Sys=0.00s Real=0.00s
[409.890s][info][gc,start       ] GC(850) Pause Young (Allocation Failure)
[409.893s][info][gc,heap        ] GC(850) PSYoungGen: 274363K->1137K(312320K)
[409.893s][info][gc,heap        ] GC(850) PSOldGen: 193416K->193813K(699392K)
[409.893s][info][gc,metaspace   ] GC(850) Metaspace: 144663K(157520K)->144663K(157520K) NonClass: 125874K(132272K)->125874K(132272K) Class: 18789K(25248K)->18789K(25248K)
[409.893s][info][gc             ] GC(850) Pause Young (Allocation Failure) 456M->190M(988M) 3.398ms
[409.893s][info][gc,cpu         ] GC(850) User=0.02s Sys=0.00s Real=0.00s
[411.100s][info][gc,start       ] GC(851) Pause Young (Allocation Failure)
[411.102s][info][gc,heap        ] GC(851) PSYoungGen: 275092K->2973K(311296K)
[411.103s][info][gc,heap        ] GC(851) PSOldGen: 193813K->194168K(699392K)
[411.103s][info][gc,metaspace   ] GC(851) Metaspace: 144663K(157520K)->144663K(157520K) NonClass: 125874K(132272K)->125874K(132272K) Class: 18789K(25248K)->18789K(25248K)
[411.103s][info][gc             ] GC(851) Pause Young (Allocation Failure) 457M->192M(987M) 2.677ms
[411.103s][info][gc,cpu         ] GC(851) User=0.00s Sys=0.00s Real=0.00s
[411.909s][info][gc,start       ] GC(852) Pause Young (Allocation Failure)
[411.911s][info][gc,heap        ] GC(852) PSYoungGen: 277405K->2564K(314368K)
[411.911s][info][gc,heap        ] GC(852) PSOldGen: 194168K->194673K(699392K)
[411.911s][info][gc,metaspace   ] GC(852) Metaspace: 144663K(157520K)->144663K(157520K) NonClass: 125874K(132272K)->125874K(132272K) Class: 18789K(25248K)->18789K(25248K)
[411.911s][info][gc             ] GC(852) Pause Young (Allocation Failure) 460M->192M(990M) 2.432ms
[411.911s][info][gc,cpu         ] GC(852) User=0.00s Sys=0.00s Real=0.00s
[412.015s][info][gc,start       ] GC(853) Pause Young (System.gc())
[412.018s][info][gc,heap        ] GC(853) PSYoungGen: 88012K->460K(313344K)
[412.018s][info][gc,heap        ] GC(853) PSOldGen: 194673K->197041K(699392K)
[412.018s][info][gc,metaspace   ] GC(853) Metaspace: 144666K(157520K)->144666K(157520K) NonClass: 125876K(132272K)->125876K(132272K) Class: 18789K(25248K)->18789K(25248K)
[412.018s][info][gc             ] GC(853) Pause Young (System.gc()) 276M->192M(989M) 2.760ms
[412.018s][info][gc,cpu         ] GC(853) User=0.00s Sys=0.00s Real=0.00s
[412.018s][info][gc,start       ] GC(854) Pause Full (System.gc())
[412.022s][info][gc,phases,start] GC(854) Phase 1: Mark live objects
[412.094s][info][gc,phases      ] GC(854) Phase 1: Mark live objects 72.328ms
[412.094s][info][gc,phases,start] GC(854) Phase 2: Compute new object addresses
[412.105s][info][gc,phases      ] GC(854) Phase 2: Compute new object addresses 11.102ms
[412.105s][info][gc,phases,start] GC(854) Phase 3: Adjust pointers
[412.145s][info][gc,phases      ] GC(854) Phase 3: Adjust pointers 40.050ms
[412.145s][info][gc,phases,start] GC(854) Phase 4: Move objects
[412.146s][info][gc,phases      ] GC(854) Phase 4: Move objects 1.038ms
[412.147s][info][gc,heap        ] GC(854) PSYoungGen: 460K->0K(313344K)
[412.147s][info][gc,heap        ] GC(854) PSOldGen: 197041K->107521K(699392K)
[412.147s][info][gc,metaspace   ] GC(854) Metaspace: 144666K(157520K)->144666K(157520K) NonClass: 125876K(132272K)->125876K(132272K) Class: 18789K(25248K)->18789K(25248K)
[412.147s][info][gc             ] GC(854) Pause Full (System.gc()) 192M->105M(989M) 129.572ms
[412.148s][info][gc,cpu         ] GC(854) User=0.12s Sys=0.00s Real=0.12s
[412.282s][info][gc,start       ] GC(855) Pause Young (Allocation Failure)
[412.285s][info][gc,heap        ] GC(855) PSYoungGen: 278528K->17056K(314368K)
[412.285s][info][gc,heap        ] GC(855) PSOldGen: 107521K->107521K(699392K)
[412.285s][info][gc,metaspace   ] GC(855) Metaspace: 144680K(157520K)->144680K(157520K) NonClass: 125891K(132272K)->125891K(132272K) Class: 18789K(25248K)->18789K(25248K)
[412.285s][info][gc             ] GC(855) Pause Young (Allocation Failure) 377M->121M(990M) 3.302ms
[412.285s][info][gc,cpu         ] GC(855) User=0.00s Sys=0.00s Real=0.00s
[412.346s][info][gc,start       ] GC(856) Pause Young (Allocation Failure)
[412.351s][info][gc,heap        ] GC(856) PSYoungGen: 297632K->19110K(300032K)
[412.351s][info][gc,heap        ] GC(856) PSOldGen: 107521K->120460K(699392K)
[412.351s][info][gc,metaspace   ] GC(856) Metaspace: 144680K(157520K)->144680K(157520K) NonClass: 125891K(132272K)->125891K(132272K) Class: 18789K(25248K)->18789K(25248K)
[412.351s][info][gc             ] GC(856) Pause Young (Allocation Failure) 395M->136M(976M) 5.383ms
[412.351s][info][gc,cpu         ] GC(856) User=0.00s Sys=0.00s Real=0.01s
[412.501s][info][gc,start       ] GC(857) Pause Young (Allocation Failure)
[412.509s][info][gc,heap        ] GC(857) PSYoungGen: 299352K->35279K(300544K)
[412.509s][info][gc,heap        ] GC(857) PSOldGen: 120460K->135471K(699392K)
[412.509s][info][gc,metaspace   ] GC(857) Metaspace: 144680K(157520K)->144680K(157520K) NonClass: 125891K(132272K)->125891K(132272K) Class: 18789K(25248K)->18789K(25248K)
[412.509s][info][gc             ] GC(857) Pause Young (Allocation Failure) 409M->166M(976M) 7.965ms
[412.509s][info][gc,cpu         ] GC(857) User=0.00s Sys=0.00s Real=0.01s
[412.541s][info][gc,start       ] GC(858) Pause Young (Allocation Failure)
[412.548s][info][gc,heap        ] GC(858) PSYoungGen: 298695K->15834K(307200K)
[412.548s][info][gc,heap        ] GC(858) PSOldGen: 135471K->157583K(699392K)
[412.548s][info][gc,metaspace   ] GC(858) Metaspace: 144680K(157520K)->144680K(157520K) NonClass: 125891K(132272K)->125891K(132272K) Class: 18789K(25248K)->18789K(25248K)
[412.548s][info][gc             ] GC(858) Pause Young (Allocation Failure) 423M->169M(983M) 6.462ms
[412.548s][info][gc,cpu         ] GC(858) User=0.08s Sys=0.00s Real=0.01s
[412.712s][info][gc,start       ] GC(859) Pause Young (Allocation Failure)
[412.718s][info][gc,heap        ] GC(859) PSYoungGen: 281050K->31340K(300544K)
[412.718s][info][gc,heap        ] GC(859) PSOldGen: 157583K->157615K(699392K)
[412.718s][info][gc,metaspace   ] GC(859) Metaspace: 144680K(157520K)->144680K(157520K) NonClass: 125891K(132272K)->125891K(132272K) Class: 18789K(25248K)->18789K(25248K)
[412.718s][info][gc             ] GC(859) Pause Young (Allocation Failure) 428M->184M(976M) 5.825ms
[412.718s][info][gc,cpu         ] GC(859) User=0.00s Sys=0.00s Real=0.01s
[412.775s][info][gc,start       ] GC(860) Pause Young (Allocation Failure)
[412.778s][info][gc,heap        ] GC(860) PSYoungGen: 288693K->7509K(304640K)
[412.778s][info][gc,heap        ] GC(860) PSOldGen: 157615K->167149K(699392K)
[412.779s][info][gc,metaspace   ] GC(860) Metaspace: 144680K(157520K)->144680K(157520K) NonClass: 125891K(132272K)->125891K(132272K) Class: 18789K(25248K)->18789K(25248K)
[412.779s][info][gc             ] GC(860) Pause Young (Allocation Failure) 435M->170M(980M) 3.369ms
[412.779s][info][gc,cpu         ] GC(860) User=0.00s Sys=0.00s Real=0.01s
[412.812s][info][gc,start       ] GC(861) Pause Young (Allocation Failure)
[412.816s][info][gc,heap        ] GC(861) PSYoungGen: 267605K->6256K(307712K)
[412.816s][info][gc,heap        ] GC(861) PSOldGen: 167149K->174615K(699392K)
[412.816s][info][gc,metaspace   ] GC(861) Metaspace: 144680K(157520K)->144680K(157520K) NonClass: 125891K(132272K)->125891K(132272K) Class: 18789K(25248K)->18789K(25248K)
[412.816s][info][gc             ] GC(861) Pause Young (Allocation Failure) 424M->176M(983M) 3.680ms
[412.816s][info][gc,cpu         ] GC(861) User=0.00s Sys=0.00s Real=0.00s
[412.847s][info][gc,start       ] GC(862) Pause Young (Allocation Failure)
[412.851s][info][gc,heap        ] GC(862) PSYoungGen: 271472K->21091K(306688K)
[412.851s][info][gc,heap        ] GC(862) PSOldGen: 174615K->179815K(699392K)
[412.851s][info][gc,metaspace   ] GC(862) Metaspace: 144680K(157520K)->144680K(157520K) NonClass: 125891K(132272K)->125891K(132272K) Class: 18789K(25248K)->18789K(25248K)
[412.851s][info][gc             ] GC(862) Pause Young (Allocation Failure) 435M->196M(982M) 4.211ms
[412.851s][info][gc,cpu         ] GC(862) User=0.00s Sys=0.00s Real=0.00s
[413.009s][info][gc,start       ] GC(863) Pause Young (Allocation Failure)
[413.015s][info][gc,heap        ] GC(863) PSYoungGen: 286307K->29296K(302592K)
[413.015s][info][gc,heap        ] GC(863) PSOldGen: 179815K->180020K(699392K)
[413.015s][info][gc,metaspace   ] GC(863) Metaspace: 144680K(157520K)->144680K(157520K) NonClass: 125891K(132272K)->125891K(132272K) Class: 18789K(25248K)->18789K(25248K)
[413.015s][info][gc             ] GC(863) Pause Young (Allocation Failure) 455M->204M(978M) 5.493ms
[413.015s][info][gc,cpu         ] GC(863) User=0.00s Sys=0.00s Real=0.01s
[413.191s][info][gc,start       ] GC(864) Pause Young (Allocation Failure)
[413.194s][info][gc,heap        ] GC(864) PSYoungGen: 290308K->14574K(305152K)
[413.194s][info][gc,heap        ] GC(864) PSOldGen: 180020K->182054K(699392K)
[413.194s][info][gc,metaspace   ] GC(864) Metaspace: 144680K(157520K)->144680K(157520K) NonClass: 125891K(132272K)->125891K(132272K) Class: 18789K(25248K)->18789K(25248K)
[413.194s][info][gc             ] GC(864) Pause Young (Allocation Failure) 459M->192M(981M) 3.550ms
[413.194s][info][gc,cpu         ] GC(864) User=0.00s Sys=0.00s Real=0.00s
[414.065s][info][gc,start       ] GC(865) Pause Young (GCLocker Initiated GC)
[414.069s][info][gc,heap        ] GC(865) PSYoungGen: 275694K->3345K(308224K)
[414.069s][info][gc,heap        ] GC(865) PSOldGen: 182063K->196454K(699392K)
[414.069s][info][gc,metaspace   ] GC(865) Metaspace: 144680K(157520K)->144680K(157520K) NonClass: 125891K(132272K)->125891K(132272K) Class: 18789K(25248K)->18789K(25248K)
[414.069s][info][gc             ] GC(865) Pause Young (GCLocker Initiated GC) 447M->195M(984M) 4.058ms
[414.069s][info][gc,cpu         ] GC(865) User=0.00s Sys=0.00s Real=0.02s
[415.303s][info][gc,start       ] GC(866) Pause Young (Allocation Failure)
[415.306s][info][gc,heap        ] GC(866) PSYoungGen: 270097K->1613K(307712K)
[415.306s][info][gc,heap        ] GC(866) PSOldGen: 199527K->200437K(699392K)
[415.306s][info][gc,metaspace   ] GC(866) Metaspace: 144680K(157520K)->144680K(157520K) NonClass: 125891K(132272K)->125891K(132272K) Class: 18789K(25248K)->18789K(25248K)
[415.306s][info][gc             ] GC(866) Pause Young (Allocation Failure) 458M->197M(983M) 2.268ms
[415.306s][info][gc,cpu         ] GC(866) User=0.00s Sys=0.00s Real=0.00s
[416.366s][info][gc,start       ] GC(867) Pause Young (Allocation Failure)
[416.368s][info][gc,heap        ] GC(867) PSYoungGen: 267964K->1297K(309248K)
[416.368s][info][gc,heap        ] GC(867) PSOldGen: 200437K->201749K(699392K)
[416.368s][info][gc,metaspace   ] GC(867) Metaspace: 144680K(157520K)->144680K(157520K) NonClass: 125891K(132272K)->125891K(132272K) Class: 18789K(25248K)->18789K(25248K)
[416.368s][info][gc             ] GC(867) Pause Young (Allocation Failure) 457M->198M(985M) 2.552ms
[416.368s][info][gc,cpu         ] GC(867) User=0.00s Sys=0.00s Real=0.00s
[417.483s][info][gc,start       ] GC(868) Pause Young (Allocation Failure)
[417.486s][info][gc,heap        ] GC(868) PSYoungGen: 270097K->1452K(308736K)
[417.486s][info][gc,heap        ] GC(868) PSOldGen: 201749K->202139K(699392K)
[417.486s][info][gc,metaspace   ] GC(868) Metaspace: 144680K(157520K)->144680K(157520K) NonClass: 125891K(132272K)->125891K(132272K) Class: 18789K(25248K)->18789K(25248K)
[417.486s][info][gc             ] GC(868) Pause Young (Allocation Failure) 460M->198M(984M) 2.607ms
[417.486s][info][gc,cpu         ] GC(868) User=0.05s Sys=0.00s Real=0.00s
[418.544s][info][gc,start       ] GC(869) Pause Young (Allocation Failure)
[418.546s][info][gc,heap        ] GC(869) PSYoungGen: 270252K->5084K(311808K)
[418.546s][info][gc,heap        ] GC(869) PSOldGen: 202139K->202647K(699392K)
[418.546s][info][gc,metaspace   ] GC(869) Metaspace: 144680K(157520K)->144680K(157520K) NonClass: 125891K(132272K)->125891K(132272K) Class: 18789K(25248K)->18789K(25248K)
[418.546s][info][gc             ] GC(869) Pause Young (Allocation Failure) 461M->202M(987M) 2.942ms
[418.547s][info][gc,cpu         ] GC(869) User=0.00s Sys=0.00s Real=0.01s
[419.362s][info][gc,start       ] GC(870) Pause Young (Allocation Failure)
[419.366s][info][gc,heap        ] GC(870) PSYoungGen: 277980K->4075K(310272K)
[419.366s][info][gc,heap        ] GC(870) PSOldGen: 202647K->203067K(699392K)
[419.366s][info][gc,metaspace   ] GC(870) Metaspace: 144682K(157520K)->144682K(157520K) NonClass: 125893K(132272K)->125893K(132272K) Class: 18789K(25248K)->18789K(25248K)
[419.366s][info][gc             ] GC(870) Pause Young (Allocation Failure) 469M->202M(986M) 3.302ms
[419.366s][info][gc,cpu         ] GC(870) User=0.00s Sys=0.00s Real=0.00s
[419.469s][info][gc,start       ] GC(871) Pause Young (System.gc())
[419.471s][info][gc,heap        ] GC(871) PSYoungGen: 74066K->288K(314368K)
[419.472s][info][gc,heap        ] GC(871) PSOldGen: 203067K->205571K(699392K)
[419.472s][info][gc,metaspace   ] GC(871) Metaspace: 144683K(157520K)->144683K(157520K) NonClass: 125893K(132272K)->125893K(132272K) Class: 18789K(25248K)->18789K(25248K)
[419.472s][info][gc             ] GC(871) Pause Young (System.gc()) 270M->201M(990M) 2.672ms
[419.472s][info][gc,cpu         ] GC(871) User=0.00s Sys=0.00s Real=0.00s
[419.472s][info][gc,start       ] GC(872) Pause Full (System.gc())
[419.473s][info][gc,phases,start] GC(872) Phase 1: Mark live objects
[419.544s][info][gc,phases      ] GC(872) Phase 1: Mark live objects 70.186ms
[419.544s][info][gc,phases,start] GC(872) Phase 2: Compute new object addresses
[419.555s][info][gc,phases      ] GC(872) Phase 2: Compute new object addresses 11.301ms
[419.555s][info][gc,phases,start] GC(872) Phase 3: Adjust pointers
[419.595s][info][gc,phases      ] GC(872) Phase 3: Adjust pointers 40.353ms
[419.595s][info][gc,phases,start] GC(872) Phase 4: Move objects
[419.597s][info][gc,phases      ] GC(872) Phase 4: Move objects 1.654ms
[419.598s][info][gc,heap        ] GC(872) PSYoungGen: 288K->0K(314368K)
[419.598s][info][gc,heap        ] GC(872) PSOldGen: 205571K->107215K(699392K)
[419.598s][info][gc,metaspace   ] GC(872) Metaspace: 144683K(157520K)->144683K(157520K) NonClass: 125893K(132272K)->125893K(132272K) Class: 18789K(25248K)->18789K(25248K)
[419.598s][info][gc             ] GC(872) Pause Full (System.gc()) 201M->104M(990M) 126.321ms
[419.598s][info][gc,cpu         ] GC(872) User=0.12s Sys=0.00s Real=0.13s
[419.753s][info][gc,start       ] GC(873) Pause Young (Allocation Failure)
[419.757s][info][gc,heap        ] GC(873) PSYoungGen: 278528K->17024K(313344K)
[419.757s][info][gc,heap        ] GC(873) PSOldGen: 107215K->107223K(699392K)
[419.757s][info][gc,metaspace   ] GC(873) Metaspace: 144718K(157520K)->144718K(157520K) NonClass: 125929K(132272K)->125929K(132272K) Class: 18789K(25248K)->18789K(25248K)
[419.757s][info][gc             ] GC(873) Pause Young (Allocation Failure) 376M->121M(989M) 3.819ms
[419.757s][info][gc,cpu         ] GC(873) User=0.00s Sys=0.00s Real=0.00s
[419.815s][info][gc,start       ] GC(874) Pause Young (Allocation Failure)
[419.820s][info][gc,heap        ] GC(874) PSYoungGen: 295552K->19110K(311808K)
[419.820s][info][gc,heap        ] GC(874) PSOldGen: 107223K->120213K(699392K)
[419.820s][info][gc,metaspace   ] GC(874) Metaspace: 144718K(157520K)->144718K(157520K) NonClass: 125929K(132272K)->125929K(132272K) Class: 18789K(25248K)->18789K(25248K)
[419.820s][info][gc             ] GC(874) Pause Young (Allocation Failure) 393M->136M(987M) 5.360ms
[419.820s][info][gc,cpu         ] GC(874) User=0.00s Sys=0.00s Real=0.01s
[419.964s][info][gc,start       ] GC(875) Pause Young (Allocation Failure)
[419.971s][info][gc,heap        ] GC(875) PSYoungGen: 295590K->29917K(306688K)
[419.971s][info][gc,heap        ] GC(875) PSOldGen: 120213K->132324K(699392K)
[419.971s][info][gc,metaspace   ] GC(875) Metaspace: 144718K(157520K)->144718K(157520K) NonClass: 125929K(132272K)->125929K(132272K) Class: 18789K(25248K)->18789K(25248K)
[419.971s][info][gc             ] GC(875) Pause Young (Allocation Failure) 406M->158M(982M) 6.931ms
[419.971s][info][gc,cpu         ] GC(875) User=0.09s Sys=0.00s Real=0.01s
[420.005s][info][gc,start       ] GC(876) Pause Young (Allocation Failure)
[420.012s][info][gc,heap        ] GC(876) PSYoungGen: 305511K->16553K(309760K)
[420.012s][info][gc,heap        ] GC(876) PSOldGen: 132324K->157509K(699392K)
[420.012s][info][gc,metaspace   ] GC(876) Metaspace: 144718K(157520K)->144718K(157520K) NonClass: 125929K(132272K)->125929K(132272K) Class: 18789K(25248K)->18789K(25248K)
[420.012s][info][gc             ] GC(876) Pause Young (Allocation Failure) 427M->169M(985M) 6.806ms
[420.012s][info][gc,cpu         ] GC(876) User=0.00s Sys=0.00s Real=0.01s
[420.165s][info][gc,start       ] GC(877) Pause Young (Allocation Failure)
[420.170s][info][gc,heap        ] GC(877) PSYoungGen: 285353K->32492K(301568K)
[420.171s][info][gc,heap        ] GC(877) PSOldGen: 157509K->157541K(699392K)
[420.171s][info][gc,metaspace   ] GC(877) Metaspace: 144718K(157520K)->144718K(157520K) NonClass: 125929K(132272K)->125929K(132272K) Class: 18789K(25248K)->18789K(25248K)
[420.171s][info][gc             ] GC(877) Pause Young (Allocation Failure) 432M->185M(977M) 6.038ms
[420.171s][info][gc,cpu         ] GC(877) User=0.00s Sys=0.00s Real=0.01s
[420.229s][info][gc,start       ] GC(878) Pause Young (Allocation Failure)
[420.234s][info][gc,heap        ] GC(878) PSYoungGen: 297822K->21170K(305664K)
[420.234s][info][gc,heap        ] GC(878) PSOldGen: 157541K->167067K(699392K)
[420.234s][info][gc,metaspace   ] GC(878) Metaspace: 144718K(157520K)->144718K(157520K) NonClass: 125929K(132272K)->125929K(132272K) Class: 18789K(25248K)->18789K(25248K)
[420.234s][info][gc             ] GC(878) Pause Young (Allocation Failure) 444M->183M(981M) 4.878ms
[420.234s][info][gc,cpu         ] GC(878) User=0.00s Sys=0.00s Real=0.01s
[420.266s][info][gc,start       ] GC(879) Pause Young (Allocation Failure)
[420.270s][info][gc,heap        ] GC(879) PSYoungGen: 282802K->9794K(305152K)
[420.270s][info][gc,heap        ] GC(879) PSOldGen: 167067K->175065K(699392K)
[420.270s][info][gc,metaspace   ] GC(879) Metaspace: 144718K(157520K)->144718K(157520K) NonClass: 125929K(132272K)->125929K(132272K) Class: 18789K(25248K)->18789K(25248K)
[420.270s][info][gc             ] GC(879) Pause Young (Allocation Failure) 439M->180M(981M) 3.632ms
[420.270s][info][gc,cpu         ] GC(879) User=0.00s Sys=0.00s Real=0.00s
[420.302s][info][gc,start       ] GC(880) Pause Young (Allocation Failure)
[420.305s][info][gc,heap        ] GC(880) PSYoungGen: 269814K->7998K(308736K)
[420.305s][info][gc,heap        ] GC(880) PSOldGen: 175065K->179588K(699392K)
[420.305s][info][gc,metaspace   ] GC(880) Metaspace: 144718K(157520K)->144718K(157520K) NonClass: 125929K(132272K)->125929K(132272K) Class: 18789K(25248K)->18789K(25248K)
[420.305s][info][gc             ] GC(880) Pause Young (Allocation Failure) 434M->183M(984M) 3.334ms
[420.305s][info][gc,cpu         ] GC(880) User=0.00s Sys=0.00s Real=0.00s
[420.471s][info][gc,start       ] GC(881) Pause Young (Allocation Failure)
[420.477s][info][gc,heap        ] GC(881) PSYoungGen: 275262K->33004K(300544K)
[420.477s][info][gc,heap        ] GC(881) PSOldGen: 179588K->179870K(699392K)
[420.477s][info][gc,metaspace   ] GC(881) Metaspace: 144718K(157520K)->144718K(157520K) NonClass: 125929K(132272K)->125929K(132272K) Class: 18789K(25248K)->18789K(25248K)
[420.477s][info][gc             ] GC(881) Pause Young (Allocation Failure) 444M->207M(976M) 6.014ms
[420.477s][info][gc,cpu         ] GC(881) User=0.00s Sys=0.00s Real=0.01s
[420.672s][info][gc,start       ] GC(882) Pause Young (Allocation Failure)
[420.675s][info][gc,heap        ] GC(882) PSYoungGen: 300268K->10775K(306688K)
[420.675s][info][gc,heap        ] GC(882) PSOldGen: 179870K->185638K(699392K)
[420.675s][info][gc,metaspace   ] GC(882) Metaspace: 144718K(157520K)->144718K(157520K) NonClass: 125929K(132272K)->125929K(132272K) Class: 18789K(25248K)->18789K(25248K)
[420.675s][info][gc             ] GC(882) Pause Young (Allocation Failure) 468M->191M(982M) 3.697ms
[420.675s][info][gc,cpu         ] GC(882) User=0.00s Sys=0.00s Real=0.00s
[421.583s][info][gc,start       ] GC(883) Pause Young (Allocation Failure)
[421.587s][info][gc,heap        ] GC(883) PSYoungGen: 272919K->8522K(304640K)
[421.587s][info][gc,heap        ] GC(883) PSOldGen: 185638K->196968K(699392K)
[421.587s][info][gc,metaspace   ] GC(883) Metaspace: 144718K(157520K)->144718K(157520K) NonClass: 125929K(132272K)->125929K(132272K) Class: 18789K(25248K)->18789K(25248K)
[421.587s][info][gc             ] GC(883) Pause Young (Allocation Failure) 447M->200M(980M) 4.632ms
[421.587s][info][gc,cpu         ] GC(883) User=0.00s Sys=0.00s Real=0.00s
[422.804s][info][gc,start       ] GC(884) Pause Young (GCLocker Initiated GC)
[422.807s][info][gc,heap        ] GC(884) PSYoungGen: 270666K->5193K(308736K)
[422.807s][info][gc,heap        ] GC(884) PSOldGen: 196968K->197575K(699392K)
[422.807s][info][gc,metaspace   ] GC(884) Metaspace: 144718K(157520K)->144718K(157520K) NonClass: 125929K(132272K)->125929K(132272K) Class: 18789K(25248K)->18789K(25248K)
[422.807s][info][gc             ] GC(884) Pause Young (GCLocker Initiated GC) 456M->198M(984M) 2.636ms
[422.807s][info][gc,cpu         ] GC(884) User=0.00s Sys=0.00s Real=0.00s
[423.981s][info][gc,start       ] GC(885) Pause Young (Allocation Failure)
[423.983s][info][gc,heap        ] GC(885) PSYoungGen: 272969K->459K(308224K)
[423.983s][info][gc,heap        ] GC(885) PSOldGen: 197578K->197965K(699392K)
[423.983s][info][gc,metaspace   ] GC(885) Metaspace: 144718K(157520K)->144718K(157520K) NonClass: 125929K(132272K)->125929K(132272K) Class: 18789K(25248K)->18789K(25248K)
[423.983s][info][gc             ] GC(885) Pause Young (Allocation Failure) 459M->193M(984M) 2.071ms
[423.983s][info][gc,cpu         ] GC(885) User=0.00s Sys=0.00s Real=0.00s
[425.093s][info][gc,start       ] GC(886) Pause Young (Allocation Failure)
[425.096s][info][gc,heap        ] GC(886) PSYoungGen: 267798K->1365K(310272K)
[425.096s][info][gc,heap        ] GC(886) PSOldGen: 197965K->198337K(699392K)
[425.096s][info][gc,metaspace   ] GC(886) Metaspace: 144718K(157520K)->144718K(157520K) NonClass: 125929K(132272K)->125929K(132272K) Class: 18789K(25248K)->18789K(25248K)
[425.096s][info][gc             ] GC(886) Pause Young (Allocation Failure) 454M->195M(986M) 2.758ms
[425.096s][info][gc,cpu         ] GC(886) User=0.02s Sys=0.00s Real=0.00s
[426.102s][info][gc,start       ] GC(887) Pause Young (Allocation Failure)
[426.104s][info][gc,heap        ] GC(887) PSYoungGen: 271701K->1384K(309248K)
[426.104s][info][gc,heap        ] GC(887) PSOldGen: 198337K->198784K(699392K)
[426.104s][info][gc,metaspace   ] GC(887) Metaspace: 144718K(157520K)->144718K(157520K) NonClass: 125929K(132272K)->125929K(132272K) Class: 18789K(25248K)->18789K(25248K)
[426.104s][info][gc             ] GC(887) Pause Young (Allocation Failure) 459M->195M(985M) 2.122ms
[426.104s][info][gc,cpu         ] GC(887) User=0.00s Sys=0.00s Real=0.00s
[426.862s][info][gc,start       ] GC(888) Pause Young (Allocation Failure)
[426.865s][info][gc,heap        ] GC(888) PSYoungGen: 271720K->9878K(313856K)
[426.865s][info][gc,heap        ] GC(888) PSOldGen: 198784K->199299K(699392K)
[426.865s][info][gc,metaspace   ] GC(888) Metaspace: 144718K(157520K)->144718K(157520K) NonClass: 125929K(132272K)->125929K(132272K) Class: 18789K(25248K)->18789K(25248K)
[426.865s][info][gc             ] GC(888) Pause Young (Allocation Failure) 459M->204M(989M) 3.907ms
[426.866s][info][gc,cpu         ] GC(888) User=0.00s Sys=0.00s Real=0.00s
[426.954s][info][gc,start       ] GC(889) Pause Young (System.gc())
[426.957s][info][gc,heap        ] GC(889) PSYoungGen: 61335K->288K(311296K)
[426.957s][info][gc,heap        ] GC(889) PSOldGen: 199299K->201697K(699392K)
[426.957s][info][gc,metaspace   ] GC(889) Metaspace: 144738K(157520K)->144738K(157520K) NonClass: 125948K(132272K)->125948K(132272K) Class: 18789K(25248K)->18789K(25248K)
[426.957s][info][gc             ] GC(889) Pause Young (System.gc()) 254M->197M(987M) 2.679ms
[426.957s][info][gc,cpu         ] GC(889) User=0.00s Sys=0.00s Real=0.01s
[426.957s][info][gc,start       ] GC(890) Pause Full (System.gc())
[426.959s][info][gc,phases,start] GC(890) Phase 1: Mark live objects
[427.029s][info][gc,phases      ] GC(890) Phase 1: Mark live objects 70.118ms
[427.029s][info][gc,phases,start] GC(890) Phase 2: Compute new object addresses
[427.040s][info][gc,phases      ] GC(890) Phase 2: Compute new object addresses 11.223ms
[427.040s][info][gc,phases,start] GC(890) Phase 3: Adjust pointers
[427.082s][info][gc,phases      ] GC(890) Phase 3: Adjust pointers 41.264ms
[427.082s][info][gc,phases,start] GC(890) Phase 4: Move objects
[427.087s][info][gc,phases      ] GC(890) Phase 4: Move objects 5.066ms
[427.088s][info][gc,heap        ] GC(890) PSYoungGen: 288K->0K(311296K)
[427.088s][info][gc,heap        ] GC(890) PSOldGen: 201697K->72700K(699392K)
[427.088s][info][gc,metaspace   ] GC(890) Metaspace: 144738K(157520K)->144738K(157520K) NonClass: 125948K(132272K)->125948K(132272K) Class: 18789K(25248K)->18789K(25248K)
[427.088s][info][gc             ] GC(890) Pause Full (System.gc()) 197M->70M(987M) 130.743ms
[427.088s][info][gc,cpu         ] GC(890) User=0.12s Sys=0.00s Real=0.12s
[427.209s][info][gc,start       ] GC(891) Pause Young (Allocation Failure)
[427.212s][info][gc,heap        ] GC(891) PSYoungGen: 275968K->17041K(314368K)
[427.212s][info][gc,heap        ] GC(891) PSOldGen: 72700K->72700K(699392K)
[427.212s][info][gc,metaspace   ] GC(891) Metaspace: 144738K(157520K)->144738K(157520K) NonClass: 125949K(132272K)->125949K(132272K) Class: 18789K(25248K)->18789K(25248K)
[427.213s][info][gc             ] GC(891) Pause Young (Allocation Failure) 340M->87M(990M) 3.365ms
[427.213s][info][gc,cpu         ] GC(891) User=0.00s Sys=0.00s Real=0.00s
[427.270s][info][gc,start       ] GC(892) Pause Young (Allocation Failure)
[427.275s][info][gc,heap        ] GC(892) PSYoungGen: 296593K->19110K(299008K)
[427.275s][info][gc,heap        ] GC(892) PSOldGen: 72700K->85644K(699392K)
[427.275s][info][gc,metaspace   ] GC(892) Metaspace: 144738K(157520K)->144738K(157520K) NonClass: 125949K(132272K)->125949K(132272K) Class: 18789K(25248K)->18789K(25248K)
[427.275s][info][gc             ] GC(892) Pause Young (Allocation Failure) 360M->102M(975M) 5.602ms
[427.276s][info][gc,cpu         ] GC(892) User=0.00s Sys=0.00s Real=0.01s
[427.422s][info][gc,start       ] GC(893) Pause Young (Allocation Failure)
[427.430s][info][gc,heap        ] GC(893) PSYoungGen: 298662K->29546K(304128K)
[427.430s][info][gc,heap        ] GC(893) PSOldGen: 85644K->97755K(699392K)
[427.430s][info][gc,metaspace   ] GC(893) Metaspace: 144738K(157520K)->144738K(157520K) NonClass: 125949K(132272K)->125949K(132272K) Class: 18789K(25248K)->18789K(25248K)
[427.430s][info][gc             ] GC(893) Pause Young (Allocation Failure) 375M->124M(980M) 7.684ms
[427.430s][info][gc,cpu         ] GC(893) User=0.00s Sys=0.00s Real=0.01s
[427.465s][info][gc,start       ] GC(894) Pause Young (Allocation Failure)
[427.473s][info][gc,heap        ] GC(894) PSYoungGen: 295161K->25746K(294400K)
[427.473s][info][gc,heap        ] GC(894) PSOldGen: 97755K->121143K(699392K)
[427.473s][info][gc,metaspace   ] GC(894) Metaspace: 144738K(157520K)->144738K(157520K) NonClass: 125949K(132272K)->125949K(132272K) Class: 18789K(25248K)->18789K(25248K)
[427.473s][info][gc             ] GC(894) Pause Young (Allocation Failure) 383M->143M(970M) 7.658ms
[427.473s][info][gc,cpu         ] GC(894) User=0.06s Sys=0.00s Real=0.01s
[427.643s][info][gc,start       ] GC(895) Pause Young (Allocation Failure)
[427.649s][info][gc,heap        ] GC(895) PSYoungGen: 294034K->31308K(299520K)
[427.649s][info][gc,heap        ] GC(895) PSOldGen: 121143K->123050K(699392K)
[427.649s][info][gc,metaspace   ] GC(895) Metaspace: 144738K(157520K)->144738K(157520K) NonClass: 125949K(132272K)->125949K(132272K) Class: 18789K(25248K)->18789K(25248K)
[427.649s][info][gc             ] GC(895) Pause Young (Allocation Failure) 405M->150M(975M) 5.832ms
[427.649s][info][gc,cpu         ] GC(895) User=0.00s Sys=0.00s Real=0.00s
[427.705s][info][gc,start       ] GC(896) Pause Young (Allocation Failure)
[427.708s][info][gc,heap        ] GC(896) PSYoungGen: 287270K->7541K(303104K)
[427.708s][info][gc,heap        ] GC(896) PSOldGen: 123050K->132584K(699392K)
[427.708s][info][gc,metaspace   ] GC(896) Metaspace: 144738K(157520K)->144738K(157520K) NonClass: 125949K(132272K)->125949K(132272K) Class: 18789K(25248K)->18789K(25248K)
[427.709s][info][gc             ] GC(896) Pause Young (Allocation Failure) 400M->136M(979M) 3.359ms
[427.709s][info][gc,cpu         ] GC(896) User=0.00s Sys=0.00s Real=0.01s
[427.742s][info][gc,start       ] GC(897) Pause Young (Allocation Failure)
[427.746s][info][gc,heap        ] GC(897) PSYoungGen: 264565K->6086K(306176K)
[427.746s][info][gc,heap        ] GC(897) PSOldGen: 132584K->140014K(699392K)
[427.746s][info][gc,metaspace   ] GC(897) Metaspace: 144738K(157520K)->144738K(157520K) NonClass: 125949K(132272K)->125949K(132272K) Class: 18789K(25248K)->18789K(25248K)
[427.746s][info][gc             ] GC(897) Pause Young (Allocation Failure) 387M->142M(982M) 3.412ms
[427.746s][info][gc,cpu         ] GC(897) User=0.00s Sys=0.00s Real=0.00s
[427.777s][info][gc,start       ] GC(898) Pause Young (Allocation Failure)
[427.780s][info][gc,heap        ] GC(898) PSYoungGen: 267718K->4277K(304640K)
[427.780s][info][gc,heap        ] GC(898) PSOldGen: 140014K->144882K(699392K)
[427.780s][info][gc,metaspace   ] GC(898) Metaspace: 144738K(157520K)->144738K(157520K) NonClass: 125949K(132272K)->125949K(132272K) Class: 18789K(25248K)->18789K(25248K)
[427.780s][info][gc             ] GC(898) Pause Young (Allocation Failure) 398M->145M(980M) 3.058ms
[427.780s][info][gc,cpu         ] GC(898) User=0.00s Sys=0.00s Real=0.00s
[427.938s][info][gc,start       ] GC(899) Pause Young (Allocation Failure)
[427.943s][info][gc,heap        ] GC(899) PSYoungGen: 265909K->28724K(302080K)
[427.944s][info][gc,heap        ] GC(899) PSOldGen: 144882K->144992K(699392K)
[427.944s][info][gc,metaspace   ] GC(899) Metaspace: 144738K(157520K)->144738K(157520K) NonClass: 125949K(132272K)->125949K(132272K) Class: 18789K(25248K)->18789K(25248K)
[427.944s][info][gc             ] GC(899) Pause Young (Allocation Failure) 401M->169M(978M) 5.286ms
[427.944s][info][gc,cpu         ] GC(899) User=0.00s Sys=0.00s Real=0.01s
[428.109s][info][gc,start       ] GC(900) Pause Young (Allocation Failure)
[428.113s][info][gc,heap        ] GC(900) PSYoungGen: 288820K->15324K(304640K)
[428.113s][info][gc,heap        ] GC(900) PSOldGen: 144992K->146073K(699392K)
[428.113s][info][gc,metaspace   ] GC(900) Metaspace: 144738K(157520K)->144738K(157520K) NonClass: 125949K(132272K)->125949K(132272K) Class: 18789K(25248K)->18789K(25248K)
[428.113s][info][gc             ] GC(900) Pause Young (Allocation Failure) 423M->157M(980M) 3.740ms
[428.113s][info][gc,cpu         ] GC(900) User=0.00s Sys=0.00s Real=0.02s
[428.993s][info][gc,start       ] GC(901) Pause Young (Allocation Failure)
[428.996s][info][gc,heap        ] GC(901) PSYoungGen: 274400K->930K(307712K)
[428.996s][info][gc,heap        ] GC(901) PSOldGen: 146073K->161229K(699392K)
[428.996s][info][gc,metaspace   ] GC(901) Metaspace: 144738K(157520K)->144738K(157520K) NonClass: 125949K(132272K)->125949K(132272K) Class: 18789K(25248K)->18789K(25248K)
[428.996s][info][gc             ] GC(901) Pause Young (Allocation Failure) 410M->158M(983M) 3.720ms
[428.997s][info][gc,cpu         ] GC(901) User=0.00s Sys=0.00s Real=0.01s
[430.141s][info][gc,start       ] GC(902) Pause Young (Allocation Failure)
[430.144s][info][gc,heap        ] GC(902) PSYoungGen: 266658K->1354K(307200K)
[430.144s][info][gc,heap        ] GC(902) PSOldGen: 161229K->161903K(699392K)
[430.144s][info][gc,metaspace   ] GC(902) Metaspace: 144738K(157520K)->144738K(157520K) NonClass: 125949K(132272K)->125949K(132272K) Class: 18789K(25248K)->18789K(25248K)
[430.144s][info][gc             ] GC(902) Pause Young (Allocation Failure) 417M->159M(983M) 2.596ms
[430.144s][info][gc,cpu         ] GC(902) User=0.00s Sys=0.00s Real=0.00s
[431.225s][info][gc,start       ] GC(903) Pause Young (Allocation Failure)
[431.228s][info][gc,heap        ] GC(903) PSYoungGen: 267082K->4227K(309760K)
[431.228s][info][gc,heap        ] GC(903) PSOldGen: 161903K->162299K(699392K)
[431.228s][info][gc,metaspace   ] GC(903) Metaspace: 144738K(157520K)->144738K(157520K) NonClass: 125949K(132272K)->125949K(132272K) Class: 18789K(25248K)->18789K(25248K)
[431.228s][info][gc             ] GC(903) Pause Young (Allocation Failure) 418M->162M(985M) 2.694ms
[431.228s][info][gc,cpu         ] GC(903) User=0.00s Sys=0.00s Real=0.00s
[432.256s][info][gc,start       ] GC(904) Pause Young (Allocation Failure)
[432.260s][info][gc,heap        ] GC(904) PSYoungGen: 273016K->2909K(308224K)
[432.260s][info][gc,heap        ] GC(904) PSOldGen: 162299K->162696K(699392K)
[432.260s][info][gc,metaspace   ] GC(904) Metaspace: 144738K(157520K)->144738K(157520K) NonClass: 125949K(132272K)->125949K(132272K) Class: 18789K(25248K)->18789K(25248K)
[432.260s][info][gc             ] GC(904) Pause Young (Allocation Failure) 425M->161M(984M) 3.954ms
[432.260s][info][gc,cpu         ] GC(904) User=0.00s Sys=0.00s Real=0.01s
[433.481s][info][gc,start       ] GC(905) Pause Young (Allocation Failure)
[433.483s][info][gc,heap        ] GC(905) PSYoungGen: 271709K->2173K(312320K)
[433.483s][info][gc,heap        ] GC(905) PSOldGen: 162696K->163035K(699392K)
[433.483s][info][gc,metaspace   ] GC(905) Metaspace: 144738K(157520K)->144738K(157520K) NonClass: 125949K(132272K)->125949K(132272K) Class: 18789K(25248K)->18789K(25248K)
[433.483s][info][gc             ] GC(905) Pause Young (Allocation Failure) 424M->161M(988M) 2.817ms
[433.484s][info][gc,cpu         ] GC(905) User=0.00s Sys=0.00s Real=0.00s
[434.293s][info][gc,start       ] GC(906) Pause Young (Allocation Failure)
[434.295s][info][gc,heap        ] GC(906) PSYoungGen: 276605K->2549K(311296K)
[434.295s][info][gc,heap        ] GC(906) PSOldGen: 163035K->163485K(699392K)
[434.295s][info][gc,metaspace   ] GC(906) Metaspace: 144738K(157520K)->144738K(157520K) NonClass: 125949K(132272K)->125949K(132272K) Class: 18789K(25248K)->18789K(25248K)
[434.295s][info][gc             ] GC(906) Pause Young (Allocation Failure) 429M->162M(987M) 2.537ms
[434.295s][info][gc,cpu         ] GC(906) User=0.00s Sys=0.00s Real=0.00s
[434.400s][info][gc,start       ] GC(907) Pause Young (System.gc())
[434.402s][info][gc,heap        ] GC(907) PSYoungGen: 90046K->428K(314880K)
[434.402s][info][gc,heap        ] GC(907) PSOldGen: 163485K->165871K(699392K)
[434.402s][info][gc,metaspace   ] GC(907) Metaspace: 144738K(157520K)->144738K(157520K) NonClass: 125949K(132272K)->125949K(132272K) Class: 18789K(25248K)->18789K(25248K)
[434.403s][info][gc             ] GC(907) Pause Young (System.gc()) 247M->162M(990M) 2.412ms
[434.403s][info][gc,cpu         ] GC(907) User=0.00s Sys=0.00s Real=0.00s
[434.403s][info][gc,start       ] GC(908) Pause Full (System.gc())
[434.404s][info][gc,phases,start] GC(908) Phase 1: Mark live objects
[434.477s][info][gc,phases      ] GC(908) Phase 1: Mark live objects 72.842ms
[434.477s][info][gc,phases,start] GC(908) Phase 2: Compute new object addresses
[434.488s][info][gc,phases      ] GC(908) Phase 2: Compute new object addresses 11.114ms
[434.488s][info][gc,phases,start] GC(908) Phase 3: Adjust pointers
[434.529s][info][gc,phases      ] GC(908) Phase 3: Adjust pointers 40.217ms
[434.529s][info][gc,phases,start] GC(908) Phase 4: Move objects
[434.529s][info][gc,phases      ] GC(908) Phase 4: Move objects 0.843ms
[434.530s][info][gc,heap        ] GC(908) PSYoungGen: 428K->0K(314880K)
[434.531s][info][gc,heap        ] GC(908) PSOldGen: 165871K->105119K(699392K)
[434.531s][info][gc,metaspace   ] GC(908) Metaspace: 144738K(157520K)->144738K(157520K) NonClass: 125949K(132272K)->125949K(132272K) Class: 18789K(25248K)->18789K(25248K)
[434.531s][info][gc             ] GC(908) Pause Full (System.gc()) 162M->102M(990M) 127.915ms
[434.531s][info][gc,cpu         ] GC(908) User=0.11s Sys=0.02s Real=0.13s
[434.661s][info][gc,start       ] GC(909) Pause Young (Allocation Failure)
[434.665s][info][gc,heap        ] GC(909) PSYoungGen: 279552K->17056K(313856K)
[434.665s][info][gc,heap        ] GC(909) PSOldGen: 105119K->105119K(699392K)
[434.665s][info][gc,metaspace   ] GC(909) Metaspace: 144803K(157520K)->144803K(157520K) NonClass: 126013K(132272K)->126013K(132272K) Class: 18789K(25248K)->18789K(25248K)
[434.665s][info][gc             ] GC(909) Pause Young (Allocation Failure) 375M->119M(989M) 3.957ms
[434.665s][info][gc,cpu         ] GC(909) User=0.00s Sys=0.00s Real=0.00s
[434.729s][info][gc,start       ] GC(910) Pause Young (Allocation Failure)
[434.734s][info][gc,heap        ] GC(910) PSYoungGen: 296608K->16070K(314368K)
[434.734s][info][gc,heap        ] GC(910) PSOldGen: 105119K->118208K(699392K)
[434.734s][info][gc,metaspace   ] GC(910) Metaspace: 144803K(157520K)->144803K(157520K) NonClass: 126013K(132272K)->126013K(132272K) Class: 18789K(25248K)->18789K(25248K)
[434.734s][info][gc             ] GC(910) Pause Young (Allocation Failure) 392M->131M(990M) 5.063ms
[434.734s][info][gc,cpu         ] GC(910) User=0.00s Sys=0.00s Real=0.00s
[434.873s][info][gc,start       ] GC(911) Pause Young (Allocation Failure)
[434.880s][info][gc,heap        ] GC(911) PSYoungGen: 295556K->34789K(314368K)
[434.880s][info][gc,heap        ] GC(911) PSOldGen: 118208K->130837K(699392K)
[434.880s][info][gc,metaspace   ] GC(911) Metaspace: 144803K(157520K)->144803K(157520K) NonClass: 126013K(132272K)->126013K(132272K) Class: 18789K(25248K)->18789K(25248K)
[434.880s][info][gc             ] GC(911) Pause Young (Allocation Failure) 404M->161M(990M) 7.057ms
[434.880s][info][gc,cpu         ] GC(911) User=0.08s Sys=0.02s Real=0.01s
[434.914s][info][gc,start       ] GC(912) Pause Young (Allocation Failure)
[434.921s][info][gc,heap        ] GC(912) PSYoungGen: 311226K->20312K(292864K)
[434.921s][info][gc,heap        ] GC(912) PSOldGen: 130837K->155247K(699392K)
[434.921s][info][gc,metaspace   ] GC(912) Metaspace: 144803K(157520K)->144803K(157520K) NonClass: 126013K(132272K)->126013K(132272K) Class: 18789K(25248K)->18789K(25248K)
[434.921s][info][gc             ] GC(912) Pause Young (Allocation Failure) 431M->171M(969M) 6.910ms
[434.921s][info][gc,cpu         ] GC(912) User=0.00s Sys=0.00s Real=0.01s
[435.074s][info][gc,start       ] GC(913) Pause Young (Allocation Failure)
[435.080s][info][gc,heap        ] GC(913) PSYoungGen: 278360K->32332K(290816K)
[435.080s][info][gc,heap        ] GC(913) PSOldGen: 155247K->155287K(699392K)
[435.080s][info][gc,metaspace   ] GC(913) Metaspace: 144803K(157520K)->144803K(157520K) NonClass: 126013K(132272K)->126013K(132272K) Class: 18789K(25248K)->18789K(25248K)
[435.080s][info][gc             ] GC(913) Pause Young (Allocation Failure) 423M->183M(967M) 5.890ms
[435.080s][info][gc,cpu         ] GC(913) User=0.09s Sys=0.00s Real=0.01s
[435.138s][info][gc,start       ] GC(914) Pause Young (Allocation Failure)
[435.142s][info][gc,heap        ] GC(914) PSYoungGen: 290380K->8757K(302080K)
[435.142s][info][gc,heap        ] GC(914) PSOldGen: 155287K->164812K(699392K)
[435.142s][info][gc,metaspace   ] GC(914) Metaspace: 144803K(157520K)->144803K(157520K) NonClass: 126013K(132272K)->126013K(132272K) Class: 18789K(25248K)->18789K(25248K)
[435.142s][info][gc             ] GC(914) Pause Young (Allocation Failure) 435M->169M(978M) 3.611ms
[435.142s][info][gc,cpu         ] GC(914) User=0.08s Sys=0.00s Real=0.00s
[435.174s][info][gc,start       ] GC(915) Pause Young (GCLocker Initiated GC)
[435.177s][info][gc,heap        ] GC(915) PSYoungGen: 261586K->6157K(300032K)
[435.177s][info][gc,heap        ] GC(915) PSOldGen: 169036K->177038K(699392K)
[435.177s][info][gc,metaspace   ] GC(915) Metaspace: 144803K(157520K)->144803K(157520K) NonClass: 126013K(132272K)->126013K(132272K) Class: 18789K(25248K)->18789K(25248K)
[435.177s][info][gc             ] GC(915) Pause Young (GCLocker Initiated GC) 420M->178M(976M) 3.557ms
[435.177s][info][gc,cpu         ] GC(915) User=0.00s Sys=0.00s Real=0.00s
[435.209s][info][gc,start       ] GC(916) Pause Young (Allocation Failure)
[435.213s][info][gc,heap        ] GC(916) PSYoungGen: 259085K->13184K(306688K)
[435.213s][info][gc,heap        ] GC(916) PSOldGen: 189327K->194389K(699392K)
[435.213s][info][gc,metaspace   ] GC(916) Metaspace: 144803K(157520K)->144803K(157520K) NonClass: 126013K(132272K)->126013K(132272K) Class: 18789K(25248K)->18789K(25248K)
[435.213s][info][gc             ] GC(916) Pause Young (Allocation Failure) 437M->202M(982M) 3.846ms
[435.213s][info][gc,cpu         ] GC(916) User=0.00s Sys=0.00s Real=0.00s
[435.368s][info][gc,start       ] GC(917) Pause Young (Allocation Failure)
[435.374s][info][gc,heap        ] GC(917) PSYoungGen: 273692K->32341K(293888K)
[435.374s][info][gc,heap        ] GC(917) PSOldGen: 194389K->194577K(699392K)
[435.374s][info][gc,metaspace   ] GC(917) Metaspace: 144803K(157520K)->144803K(157520K) NonClass: 126013K(132272K)->126013K(132272K) Class: 18789K(25248K)->18789K(25248K)
[435.374s][info][gc             ] GC(917) Pause Young (Allocation Failure) 457M->221M(970M) 5.824ms
[435.374s][info][gc,cpu         ] GC(917) User=0.00s Sys=0.00s Real=0.01s
[435.559s][info][gc,start       ] GC(918) Pause Young (Allocation Failure)
[435.563s][info][gc,heap        ] GC(918) PSYoungGen: 293450K->16169K(305664K)
[435.563s][info][gc,heap        ] GC(918) PSOldGen: 194577K->194955K(699392K)
[435.563s][info][gc,metaspace   ] GC(918) Metaspace: 144803K(157520K)->144803K(157520K) NonClass: 126013K(132272K)->126013K(132272K) Class: 18789K(25248K)->18789K(25248K)
[435.563s][info][gc             ] GC(918) Pause Young (Allocation Failure) 476M->206M(981M) 4.130ms
[435.563s][info][gc,cpu         ] GC(918) User=0.09s Sys=0.00s Real=0.02s
[436.417s][info][gc,start       ] GC(919) Pause Young (Allocation Failure)
[436.422s][info][gc,heap        ] GC(919) PSYoungGen: 275241K->2271K(302592K)
[436.422s][info][gc,heap        ] GC(919) PSOldGen: 194955K->210978K(699392K)
[436.422s][info][gc,metaspace   ] GC(919) Metaspace: 144803K(157520K)->144803K(157520K) NonClass: 126014K(132272K)->126014K(132272K) Class: 18789K(25248K)->18789K(25248K)
[436.422s][info][gc             ] GC(919) Pause Young (Allocation Failure) 459M->208M(978M) 5.049ms
[436.422s][info][gc,cpu         ] GC(919) User=0.06s Sys=0.00s Real=0.00s
[437.577s][info][gc,start       ] GC(920) Pause Young (Allocation Failure)
[437.580s][info][gc,heap        ] GC(920) PSYoungGen: 261343K->2543K(306688K)
[437.580s][info][gc,heap        ] GC(920) PSOldGen: 210978K->211657K(699392K)
[437.580s][info][gc,metaspace   ] GC(920) Metaspace: 144803K(157520K)->144803K(157520K) NonClass: 126014K(132272K)->126014K(132272K) Class: 18789K(25248K)->18789K(25248K)
[437.581s][info][gc             ] GC(920) Pause Young (Allocation Failure) 461M->209M(982M) 3.462ms
[437.581s][info][gc,cpu         ] GC(920) User=0.02s Sys=0.00s Real=0.00s
[438.645s][info][gc,start       ] GC(921) Pause Young (GCLocker Initiated GC)
[438.648s][info][gc,heap        ] GC(921) PSYoungGen: 266223K->7513K(306176K)
[438.648s][info][gc,heap        ] GC(921) PSOldGen: 211660K->211965K(699392K)
[438.648s][info][gc,metaspace   ] GC(921) Metaspace: 144803K(157520K)->144803K(157520K) NonClass: 126014K(132272K)->126014K(132272K) Class: 18789K(25248K)->18789K(25248K)
[438.648s][info][gc             ] GC(921) Pause Young (GCLocker Initiated GC) 466M->214M(982M) 3.043ms
[438.648s][info][gc,cpu         ] GC(921) User=0.00s Sys=0.00s Real=0.00s
[439.799s][info][gc,start       ] GC(922) Pause Young (Allocation Failure)
[439.801s][info][gc,heap        ] GC(922) PSYoungGen: 271193K->588K(309248K)
[439.801s][info][gc,heap        ] GC(922) PSOldGen: 221183K->221580K(699392K)
[439.801s][info][gc,metaspace   ] GC(922) Metaspace: 144803K(157520K)->144803K(157520K) NonClass: 126014K(132272K)->126014K(132272K) Class: 18789K(25248K)->18789K(25248K)
[439.801s][info][gc             ] GC(922) Pause Young (Allocation Failure) 480M->216M(985M) 2.418ms
[439.801s][info][gc,cpu         ] GC(922) User=0.00s Sys=0.00s Real=0.00s
[440.905s][info][gc,start       ] GC(923) Pause Young (Allocation Failure)
[440.908s][info][gc,heap        ] GC(923) PSYoungGen: 269388K->3818K(308736K)
[440.908s][info][gc,heap        ] GC(923) PSOldGen: 221580K->222025K(699392K)
[440.908s][info][gc,metaspace   ] GC(923) Metaspace: 144803K(157520K)->144803K(157520K) NonClass: 126014K(132272K)->126014K(132272K) Class: 18789K(25248K)->18789K(25248K)
[440.908s][info][gc             ] GC(923) Pause Young (Allocation Failure) 479M->220M(984M) 3.202ms
[440.908s][info][gc,cpu         ] GC(923) User=0.08s Sys=0.00s Real=0.00s
[441.721s][info][gc,start       ] GC(924) Pause Young (Allocation Failure)
[441.723s][info][gc,heap        ] GC(924) PSYoungGen: 272618K->2690K(312320K)
[441.723s][info][gc,heap        ] GC(924) PSOldGen: 222025K->222474K(699392K)
[441.723s][info][gc,metaspace   ] GC(924) Metaspace: 144803K(157520K)->144803K(157520K) NonClass: 126014K(132272K)->126014K(132272K) Class: 18789K(25248K)->18789K(25248K)
[441.723s][info][gc             ] GC(924) Pause Young (Allocation Failure) 483M->219M(988M) 2.482ms
[441.723s][info][gc,cpu         ] GC(924) User=0.00s Sys=0.00s Real=0.00s
[441.825s][info][gc,start       ] GC(925) Pause Young (System.gc())
[441.827s][info][gc,heap        ] GC(925) PSYoungGen: 87195K->389K(310784K)
[441.827s][info][gc,heap        ] GC(925) PSOldGen: 222474K->224857K(699392K)
[441.827s][info][gc,metaspace   ] GC(925) Metaspace: 144803K(157520K)->144803K(157520K) NonClass: 126014K(132272K)->126014K(132272K) Class: 18789K(25248K)->18789K(25248K)
[441.827s][info][gc             ] GC(925) Pause Young (System.gc()) 302M->219M(986M) 2.520ms
[441.827s][info][gc,cpu         ] GC(925) User=0.00s Sys=0.00s Real=0.00s
[441.827s][info][gc,start       ] GC(926) Pause Full (System.gc())
[441.832s][info][gc,phases,start] GC(926) Phase 1: Mark live objects
[441.902s][info][gc,phases      ] GC(926) Phase 1: Mark live objects 69.960ms
[441.902s][info][gc,phases,start] GC(926) Phase 2: Compute new object addresses
[441.913s][info][gc,phases      ] GC(926) Phase 2: Compute new object addresses 11.102ms
[441.913s][info][gc,phases,start] GC(926) Phase 3: Adjust pointers
[441.953s][info][gc,phases      ] GC(926) Phase 3: Adjust pointers 40.387ms
[441.953s][info][gc,phases,start] GC(926) Phase 4: Move objects
[441.955s][info][gc,phases      ] GC(926) Phase 4: Move objects 1.581ms
[441.956s][info][gc,heap        ] GC(926) PSYoungGen: 389K->0K(310784K)
[441.956s][info][gc,heap        ] GC(926) PSOldGen: 224857K->104369K(699392K)
[441.956s][info][gc,metaspace   ] GC(926) Metaspace: 144803K(157520K)->144803K(157520K) NonClass: 126014K(132272K)->126014K(132272K) Class: 18789K(25248K)->18789K(25248K)
[441.956s][info][gc             ] GC(926) Pause Full (System.gc()) 219M->101M(986M) 128.600ms
[441.956s][info][gc,cpu         ] GC(926) User=0.09s Sys=0.02s Real=0.14s
[442.082s][info][gc,start       ] GC(927) Pause Young (Allocation Failure)
[442.085s][info][gc,heap        ] GC(927) PSYoungGen: 273920K->17025K(312320K)
[442.085s][info][gc,heap        ] GC(927) PSOldGen: 104369K->104369K(699392K)
[442.085s][info][gc,metaspace   ] GC(927) Metaspace: 144842K(157520K)->144842K(157520K) NonClass: 126052K(132272K)->126052K(132272K) Class: 18789K(25248K)->18789K(25248K)
[442.085s][info][gc             ] GC(927) Pause Young (Allocation Failure) 369M->118M(988M) 3.581ms
[442.085s][info][gc,cpu         ] GC(927) User=0.00s Sys=0.00s Real=0.00s
[442.141s][info][gc,start       ] GC(928) Pause Young (Allocation Failure)
[442.147s][info][gc,heap        ] GC(928) PSYoungGen: 293505K->18822K(295424K)
[442.147s][info][gc,heap        ] GC(928) PSOldGen: 104369K->117304K(699392K)
[442.147s][info][gc,metaspace   ] GC(928) Metaspace: 144842K(157520K)->144842K(157520K) NonClass: 126052K(132272K)->126052K(132272K) Class: 18789K(25248K)->18789K(25248K)
[442.147s][info][gc             ] GC(928) Pause Young (Allocation Failure) 388M->132M(971M) 5.457ms
[442.147s][info][gc,cpu         ] GC(928) User=0.00s Sys=0.00s Real=0.01s
[442.292s][info][gc,start       ] GC(929) Pause Young (Allocation Failure)
[442.298s][info][gc,heap        ] GC(929) PSYoungGen: 294245K->29668K(303104K)
[442.298s][info][gc,heap        ] GC(929) PSOldGen: 117304K->129102K(699392K)
[442.298s][info][gc,metaspace   ] GC(929) Metaspace: 144842K(157520K)->144842K(157520K) NonClass: 126052K(132272K)->126052K(132272K) Class: 18789K(25248K)->18789K(25248K)
[442.298s][info][gc             ] GC(929) Pause Young (Allocation Failure) 401M->155M(979M) 6.694ms
[442.298s][info][gc,cpu         ] GC(929) User=0.09s Sys=0.00s Real=0.01s
[442.332s][info][gc,start       ] GC(930) Pause Young (Allocation Failure)
[442.338s][info][gc,heap        ] GC(930) PSYoungGen: 293615K->12024K(307712K)
[442.339s][info][gc,heap        ] GC(930) PSOldGen: 129102K->154149K(699392K)
[442.339s][info][gc,metaspace   ] GC(930) Metaspace: 144842K(157520K)->144842K(157520K) NonClass: 126052K(132272K)->126052K(132272K) Class: 18789K(25248K)->18789K(25248K)
[442.339s][info][gc             ] GC(930) Pause Young (Allocation Failure) 412M->162M(983M) 6.538ms
[442.339s][info][gc,cpu         ] GC(930) User=0.00s Sys=0.00s Real=0.01s
[442.503s][info][gc,start       ] GC(931) Pause Young (Allocation Failure)
[442.509s][info][gc,heap        ] GC(931) PSYoungGen: 278264K->32844K(301056K)
[442.509s][info][gc,heap        ] GC(931) PSOldGen: 154149K->154189K(699392K)
[442.509s][info][gc,metaspace   ] GC(931) Metaspace: 144842K(157520K)->144842K(157520K) NonClass: 126052K(132272K)->126052K(132272K) Class: 18789K(25248K)->18789K(25248K)
[442.509s][info][gc             ] GC(931) Pause Young (Allocation Failure) 422M->182M(977M) 5.981ms
[442.509s][info][gc,cpu         ] GC(931) User=0.00s Sys=0.00s Real=0.01s
[442.557s][info][gc,start       ] GC(932) Pause Young (Allocation Failure)
[442.560s][info][gc,heap        ] GC(932) PSYoungGen: 294981K->7338K(305664K)
[442.560s][info][gc,heap        ] GC(932) PSOldGen: 154189K->163715K(699392K)
[442.560s][info][gc,metaspace   ] GC(932) Metaspace: 144842K(157520K)->144842K(157520K) NonClass: 126052K(132272K)->126052K(132272K) Class: 18789K(25248K)->18789K(25248K)
[442.560s][info][gc             ] GC(932) Pause Young (Allocation Failure) 438M->167M(981M) 3.485ms
[442.560s][info][gc,cpu         ] GC(932) User=0.00s Sys=0.00s Real=0.02s
[442.603s][info][gc,start       ] GC(933) Pause Young (Allocation Failure)
[442.607s][info][gc,heap        ] GC(933) PSYoungGen: 269482K->6460K(308736K)
[442.607s][info][gc,heap        ] GC(933) PSOldGen: 163715K->170969K(699392K)
[442.607s][info][gc,metaspace   ] GC(933) Metaspace: 144843K(157520K)->144843K(157520K) NonClass: 126054K(132272K)->126054K(132272K) Class: 18789K(25248K)->18789K(25248K)
[442.607s][info][gc             ] GC(933) Pause Young (Allocation Failure) 423M->173M(984M) 3.491ms
[442.607s][info][gc,cpu         ] GC(933) User=0.00s Sys=0.00s Real=0.00s
[442.639s][info][gc,start       ] GC(934) Pause Young (Allocation Failure)
[442.642s][info][gc,heap        ] GC(934) PSYoungGen: 270124K->12839K(307200K)
[442.642s][info][gc,heap        ] GC(934) PSOldGen: 170969K->176083K(699392K)
[442.642s][info][gc,metaspace   ] GC(934) Metaspace: 144843K(157520K)->144843K(157520K) NonClass: 126054K(132272K)->126054K(132272K) Class: 18789K(25248K)->18789K(25248K)
[442.643s][info][gc             ] GC(934) Pause Young (Allocation Failure) 430M->184M(983M) 3.634ms
[442.643s][info][gc,cpu         ] GC(934) User=0.05s Sys=0.02s Real=0.00s
[442.793s][info][gc,start       ] GC(935) Pause Young (Allocation Failure)
[442.798s][info][gc,heap        ] GC(935) PSYoungGen: 279076K->29703K(304128K)
[442.798s][info][gc,heap        ] GC(935) PSOldGen: 176083K->176202K(699392K)
[442.799s][info][gc,metaspace   ] GC(935) Metaspace: 144843K(157520K)->144843K(157520K) NonClass: 126054K(132272K)->126054K(132272K) Class: 18789K(25248K)->18789K(25248K)
[442.799s][info][gc             ] GC(935) Pause Young (Allocation Failure) 444M->201M(980M) 5.739ms
[442.799s][info][gc,cpu         ] GC(935) User=0.09s Sys=0.00s Real=0.01s
[442.970s][info][gc,start       ] GC(936) Pause Young (Allocation Failure)
[442.973s][info][gc,heap        ] GC(936) PSYoungGen: 295943K->16275K(307712K)
[442.973s][info][gc,heap        ] GC(936) PSOldGen: 176202K->176501K(699392K)
[442.974s][info][gc,metaspace   ] GC(936) Metaspace: 144843K(157520K)->144843K(157520K) NonClass: 126054K(132272K)->126054K(132272K) Class: 18789K(25248K)->18789K(25248K)
[442.974s][info][gc             ] GC(936) Pause Young (Allocation Failure) 461M->188M(983M) 3.581ms
[442.974s][info][gc,cpu         ] GC(936) User=0.00s Sys=0.00s Real=0.00s
[443.850s][info][gc,start       ] GC(937) Pause Young (GCLocker Initiated GC)
[443.854s][info][gc,heap        ] GC(937) PSYoungGen: 282515K->3908K(310272K)
[443.854s][info][gc,heap        ] GC(937) PSOldGen: 176501K->192446K(699392K)
[443.854s][info][gc,metaspace   ] GC(937) Metaspace: 144844K(157520K)->144844K(157520K) NonClass: 126054K(132272K)->126054K(132272K) Class: 18789K(25248K)->18789K(25248K)
[443.854s][info][gc             ] GC(937) Pause Young (GCLocker Initiated GC) 448M->191M(986M) 4.151ms
[443.855s][info][gc,cpu         ] GC(937) User=0.00s Sys=0.00s Real=0.01s
[445.073s][info][gc,start       ] GC(938) Pause Young (Allocation Failure)
[445.075s][info][gc,heap        ] GC(938) PSYoungGen: 274756K->1191K(309760K)
[445.075s][info][gc,heap        ] GC(938) PSOldGen: 196545K->197281K(699392K)
[445.075s][info][gc,metaspace   ] GC(938) Metaspace: 144844K(157520K)->144844K(157520K) NonClass: 126054K(132272K)->126054K(132272K) Class: 18789K(25248K)->18789K(25248K)
[445.075s][info][gc             ] GC(938) Pause Young (Allocation Failure) 460M->193M(985M) 2.482ms
[445.075s][info][gc,cpu         ] GC(938) User=0.00s Sys=0.00s Real=0.00s
[446.174s][info][gc,start       ] GC(939) Pause Young (Allocation Failure)
[446.176s][info][gc,heap        ] GC(939) PSYoungGen: 272039K->4069K(311808K)
[446.176s][info][gc,heap        ] GC(939) PSOldGen: 197281K->197723K(699392K)
[446.176s][info][gc,metaspace   ] GC(939) Metaspace: 144844K(157520K)->144844K(157520K) NonClass: 126054K(132272K)->126054K(132272K) Class: 18789K(25248K)->18789K(25248K)
[446.176s][info][gc             ] GC(939) Pause Young (Allocation Failure) 458M->197M(987M) 2.625ms
[446.176s][info][gc,cpu         ] GC(939) User=0.00s Sys=0.00s Real=0.00s
[447.353s][info][gc,start       ] GC(940) Pause Young (Allocation Failure)
[447.357s][info][gc,heap        ] GC(940) PSYoungGen: 277079K->1366K(310784K)
[447.357s][info][gc,heap        ] GC(940) PSOldGen: 197723K->198157K(699392K)
[447.357s][info][gc,metaspace   ] GC(940) Metaspace: 144844K(157520K)->144844K(157520K) NonClass: 126054K(132272K)->126054K(132272K) Class: 18789K(25248K)->18789K(25248K)
[447.357s][info][gc             ] GC(940) Pause Young (Allocation Failure) 463M->194M(986M) 3.774ms
[447.357s][info][gc,cpu         ] GC(940) User=0.00s Sys=0.00s Real=0.00s
[448.260s][info][gc,start       ] GC(941) Pause Young (Allocation Failure)
[448.262s][info][gc,heap        ] GC(941) PSYoungGen: 274774K->1192K(313344K)
[448.262s][info][gc,heap        ] GC(941) PSOldGen: 198157K->198573K(699392K)
[448.262s][info][gc,metaspace   ] GC(941) Metaspace: 144844K(157520K)->144844K(157520K) NonClass: 126054K(132272K)->126054K(132272K) Class: 18789K(25248K)->18789K(25248K)
[448.262s][info][gc             ] GC(941) Pause Young (Allocation Failure) 461M->195M(989M) 2.030ms
[448.262s][info][gc,cpu         ] GC(941) User=0.00s Sys=0.00s Real=0.00s
[448.913s][info][gc,start       ] GC(942) Pause Young (Allocation Failure)
[448.916s][info][gc,heap        ] GC(942) PSYoungGen: 278184K->10951K(312832K)
[448.916s][info][gc,heap        ] GC(942) PSOldGen: 198573K->199084K(699392K)
[448.916s][info][gc,metaspace   ] GC(942) Metaspace: 144853K(157520K)->144853K(157520K) NonClass: 126063K(132272K)->126063K(132272K) Class: 18789K(25248K)->18789K(25248K)
[448.917s][info][gc             ] GC(942) Pause Young (Allocation Failure) 465M->205M(988M) 3.990ms
[448.917s][info][gc,cpu         ] GC(942) User=0.00s Sys=0.00s Real=0.00s
[448.982s][info][gc,start       ] GC(943) Pause Young (System.gc())
[448.985s][info][gc,heap        ] GC(943) PSYoungGen: 56302K->288K(316416K)
[448.985s][info][gc,heap        ] GC(943) PSOldGen: 199084K->201474K(699392K)
[448.985s][info][gc,metaspace   ] GC(943) Metaspace: 144868K(157776K)->144868K(157776K) NonClass: 126079K(132528K)->126079K(132528K) Class: 18789K(25248K)->18789K(25248K)
[448.985s][info][gc             ] GC(943) Pause Young (System.gc()) 249M->197M(992M) 2.515ms
[448.985s][info][gc,cpu         ] GC(943) User=0.05s Sys=0.00s Real=0.00s
[448.985s][info][gc,start       ] GC(944) Pause Full (System.gc())
[448.987s][info][gc,phases,start] GC(944) Phase 1: Mark live objects
[449.057s][info][gc,phases      ] GC(944) Phase 1: Mark live objects 70.231ms
[449.057s][info][gc,phases,start] GC(944) Phase 2: Compute new object addresses
[449.068s][info][gc,phases      ] GC(944) Phase 2: Compute new object addresses 11.035ms
[449.068s][info][gc,phases,start] GC(944) Phase 3: Adjust pointers
[449.109s][info][gc,phases      ] GC(944) Phase 3: Adjust pointers 40.928ms
[449.109s][info][gc,phases,start] GC(944) Phase 4: Move objects
[449.111s][info][gc,phases      ] GC(944) Phase 4: Move objects 1.504ms
[449.112s][info][gc,heap        ] GC(944) PSYoungGen: 288K->0K(316416K)
[449.112s][info][gc,heap        ] GC(944) PSOldGen: 201474K->107314K(699392K)
[449.112s][info][gc,metaspace   ] GC(944) Metaspace: 144868K(157776K)->144868K(157776K) NonClass: 126079K(132528K)->126079K(132528K) Class: 18789K(25248K)->18789K(25248K)
[449.112s][info][gc             ] GC(944) Pause Full (System.gc()) 197M->104M(992M) 126.622ms
[449.112s][info][gc,cpu         ] GC(944) User=0.12s Sys=0.00s Real=0.13s
[449.225s][info][gc,start       ] GC(945) Pause Young (Allocation Failure)
[449.228s][info][gc,heap        ] GC(945) PSYoungGen: 283136K->16993K(315904K)
[449.228s][info][gc,heap        ] GC(945) PSOldGen: 107314K->107314K(699392K)
[449.228s][info][gc,metaspace   ] GC(945) Metaspace: 144904K(157776K)->144904K(157776K) NonClass: 126114K(132528K)->126114K(132528K) Class: 18789K(25248K)->18789K(25248K)
[449.228s][info][gc             ] GC(945) Pause Young (Allocation Failure) 381M->121M(991M) 3.526ms
[449.228s][info][gc,cpu         ] GC(945) User=0.00s Sys=0.00s Real=0.00s
[449.273s][info][gc,start       ] GC(946) Pause Young (Allocation Failure)
[449.279s][info][gc,heap        ] GC(946) PSYoungGen: 300129K->19078K(312832K)
[449.279s][info][gc,heap        ] GC(946) PSOldGen: 107314K->120304K(699392K)
[449.279s][info][gc,metaspace   ] GC(946) Metaspace: 144904K(157776K)->144904K(157776K) NonClass: 126114K(132528K)->126114K(132528K) Class: 18789K(25248K)->18789K(25248K)
[449.279s][info][gc             ] GC(946) Pause Young (Allocation Failure) 397M->136M(988M) 5.392ms
[449.279s][info][gc,cpu         ] GC(946) User=0.00s Sys=0.00s Real=0.01s
[449.408s][info][gc,start       ] GC(947) Pause Young (Allocation Failure)
[449.416s][info][gc,heap        ] GC(947) PSYoungGen: 296195K->34792K(314368K)
[449.416s][info][gc,heap        ] GC(947) PSOldGen: 120304K->139976K(699392K)
[449.416s][info][gc,metaspace   ] GC(947) Metaspace: 144908K(157776K)->144908K(157776K) NonClass: 126117K(132528K)->126117K(132528K) Class: 18791K(25248K)->18791K(25248K)
[449.416s][info][gc             ] GC(947) Pause Young (Allocation Failure) 406M->170M(990M) 8.017ms
[449.416s][info][gc,cpu         ] GC(947) User=0.00s Sys=0.00s Real=0.01s
[449.453s][info][gc,start       ] GC(948) Pause Young (Allocation Failure)
[449.459s][info][gc,heap        ] GC(948) PSYoungGen: 314344K->14928K(293888K)
[449.459s][info][gc,heap        ] GC(948) PSOldGen: 139976K->157715K(699392K)
[449.459s][info][gc,metaspace   ] GC(948) Metaspace: 144908K(157776K)->144908K(157776K) NonClass: 126117K(132528K)->126117K(132528K) Class: 18791K(25248K)->18791K(25248K)
[449.459s][info][gc             ] GC(948) Pause Young (Allocation Failure) 443M->168M(970M) 5.730ms
[449.459s][info][gc,cpu         ] GC(948) User=0.00s Sys=0.00s Real=0.01s
[449.605s][info][gc,start       ] GC(949) Pause Young (Allocation Failure)
[449.611s][info][gc,heap        ] GC(949) PSYoungGen: 274000K->33612K(292864K)
[449.611s][info][gc,heap        ] GC(949) PSOldGen: 157715K->157755K(699392K)
[449.611s][info][gc,metaspace   ] GC(949) Metaspace: 144908K(157776K)->144908K(157776K) NonClass: 126117K(132528K)->126117K(132528K) Class: 18791K(25248K)->18791K(25248K)
[449.611s][info][gc             ] GC(949) Pause Young (Allocation Failure) 421M->186M(969M) 6.122ms
[449.611s][info][gc,cpu         ] GC(949) User=0.09s Sys=0.00s Real=0.01s
[449.667s][info][gc,start       ] GC(950) Pause Young (Allocation Failure)
[449.672s][info][gc,heap        ] GC(950) PSYoungGen: 291071K->16775K(303104K)
[449.672s][info][gc,heap        ] GC(950) PSOldGen: 157755K->167280K(699392K)
[449.672s][info][gc,metaspace   ] GC(950) Metaspace: 144908K(157776K)->144908K(157776K) NonClass: 126117K(132528K)->126117K(132528K) Class: 18791K(25248K)->18791K(25248K)
[449.672s][info][gc             ] GC(950) Pause Young (Allocation Failure) 438M->179M(979M) 4.408ms
[449.672s][info][gc,cpu         ] GC(950) User=0.09s Sys=0.00s Real=0.01s
[449.701s][info][gc,start       ] GC(951) Pause Young (Allocation Failure)
[449.705s][info][gc,heap        ] GC(951) PSYoungGen: 267245K->18593K(300032K)
[449.705s][info][gc,heap        ] GC(951) PSOldGen: 167280K->175265K(699392K)
[449.705s][info][gc,metaspace   ] GC(951) Metaspace: 144908K(157776K)->144908K(157776K) NonClass: 126117K(132528K)->126117K(132528K) Class: 18791K(25248K)->18791K(25248K)
[449.705s][info][gc             ] GC(951) Pause Young (Allocation Failure) 424M->189M(976M) 4.219ms
[449.705s][info][gc,cpu         ] GC(951) User=0.09s Sys=0.00s Real=0.00s
[449.736s][info][gc,start       ] GC(952) Pause Young (Allocation Failure)
[449.739s][info][gc,heap        ] GC(952) PSYoungGen: 272545K->12359K(307200K)
[449.739s][info][gc,heap        ] GC(952) PSOldGen: 175265K->180144K(699392K)
[449.739s][info][gc,metaspace   ] GC(952) Metaspace: 144908K(157776K)->144908K(157776K) NonClass: 126117K(132528K)->126117K(132528K) Class: 18791K(25248K)->18791K(25248K)
[449.739s][info][gc             ] GC(952) Pause Young (Allocation Failure) 437M->187M(983M) 3.290ms
[449.739s][info][gc,cpu         ] GC(952) User=0.00s Sys=0.00s Real=0.00s
[449.882s][info][gc,start       ] GC(953) Pause Young (Allocation Failure)
[449.888s][info][gc,heap        ] GC(953) PSYoungGen: 275723K->30325K(294400K)
[449.888s][info][gc,heap        ] GC(953) PSOldGen: 180144K->180340K(699392K)
[449.888s][info][gc,metaspace   ] GC(953) Metaspace: 144908K(157776K)->144908K(157776K) NonClass: 126117K(132528K)->126117K(132528K) Class: 18791K(25248K)->18791K(25248K)
[449.888s][info][gc             ] GC(953) Pause Young (Allocation Failure) 445M->205M(970M) 5.628ms
[449.888s][info][gc,cpu         ] GC(953) User=0.00s Sys=0.00s Real=0.00s
[450.045s][info][gc,start       ] GC(954) Pause Young (Allocation Failure)
[450.049s][info][gc,heap        ] GC(954) PSYoungGen: 294005K->16137K(307200K)
[450.049s][info][gc,heap        ] GC(954) PSOldGen: 180340K->180718K(699392K)
[450.049s][info][gc,metaspace   ] GC(954) Metaspace: 144908K(157776K)->144908K(157776K) NonClass: 126117K(132528K)->126117K(132528K) Class: 18791K(25248K)->18791K(25248K)
[450.049s][info][gc             ] GC(954) Pause Young (Allocation Failure) 463M->192M(983M) 3.893ms
[450.049s][info][gc,cpu         ] GC(954) User=0.06s Sys=0.00s Real=0.02s
[450.816s][info][gc,start       ] GC(955) Pause Young (GCLocker Initiated GC)
[450.820s][info][gc,heap        ] GC(955) PSYoungGen: 278793K->3322K(304640K)
[450.820s][info][gc,heap        ] GC(955) PSOldGen: 180718K->196671K(699392K)
[450.820s][info][gc,metaspace   ] GC(955) Metaspace: 144908K(157776K)->144908K(157776K) NonClass: 126117K(132528K)->126117K(132528K) Class: 18791K(25248K)->18791K(25248K)
[450.820s][info][gc             ] GC(955) Pause Young (GCLocker Initiated GC) 448M->195M(980M) 4.144ms
[450.820s][info][gc,cpu         ] GC(955) User=0.00s Sys=0.00s Real=0.00s
[451.801s][info][gc,start       ] GC(956) Pause Young (Allocation Failure)
[451.804s][info][gc,heap        ] GC(956) PSYoungGen: 265978K->4754K(307712K)
[451.804s][info][gc,heap        ] GC(956) PSOldGen: 196812K->197483K(699392K)
[451.804s][info][gc,metaspace   ] GC(956) Metaspace: 144908K(157776K)->144908K(157776K) NonClass: 126117K(132528K)->126117K(132528K) Class: 18791K(25248K)->18791K(25248K)
[451.804s][info][gc             ] GC(956) Pause Young (Allocation Failure) 451M->197M(983M) 3.192ms
[451.804s][info][gc,cpu         ] GC(956) User=0.00s Sys=0.00s Real=0.00s
[452.724s][info][gc,start       ] GC(957) Pause Young (GCLocker Initiated GC)
[452.727s][info][gc,heap        ] GC(957) PSYoungGen: 270482K->9917K(307200K)
[452.727s][info][gc,heap        ] GC(957) PSOldGen: 197499K->197963K(699392K)
[452.727s][info][gc,metaspace   ] GC(957) Metaspace: 144909K(157776K)->144909K(157776K) NonClass: 126117K(132528K)->126117K(132528K) Class: 18791K(25248K)->18791K(25248K)
[452.727s][info][gc             ] GC(957) Pause Young (GCLocker Initiated GC) 457M->203M(983M) 3.391ms
[452.727s][info][gc,cpu         ] GC(957) User=0.00s Sys=0.00s Real=0.00s
[453.702s][info][gc,start       ] GC(958) Pause Young (Allocation Failure)
[453.704s][info][gc,heap        ] GC(958) PSYoungGen: 275645K->1101K(309760K)
[453.704s][info][gc,heap        ] GC(958) PSOldGen: 202061K->202578K(699392K)
[453.704s][info][gc,metaspace   ] GC(958) Metaspace: 144909K(157776K)->144909K(157776K) NonClass: 126117K(132528K)->126117K(132528K) Class: 18791K(25248K)->18791K(25248K)
[453.704s][info][gc             ] GC(958) Pause Young (Allocation Failure) 466M->198M(985M) 2.135ms
[453.704s][info][gc,cpu         ] GC(958) User=0.08s Sys=0.00s Real=0.00s
[454.669s][info][gc,start       ] GC(959) Pause Young (Allocation Failure)
[454.672s][info][gc,heap        ] GC(959) PSYoungGen: 270925K->4989K(309248K)
[454.672s][info][gc,heap        ] GC(959) PSOldGen: 202578K->203025K(699392K)
[454.672s][info][gc,metaspace   ] GC(959) Metaspace: 144909K(157776K)->144909K(157776K) NonClass: 126117K(132528K)->126117K(132528K) Class: 18791K(25248K)->18791K(25248K)
[454.672s][info][gc             ] GC(959) Pause Young (Allocation Failure) 462M->203M(985M) 2.808ms
[454.672s][info][gc,cpu         ] GC(959) User=0.05s Sys=0.00s Real=0.00s
[455.377s][info][gc,start       ] GC(960) Pause Young (Allocation Failure)
[455.379s][info][gc,heap        ] GC(960) PSYoungGen: 270746K->2857K(311808K)
[455.379s][info][gc,heap        ] GC(960) PSOldGen: 203025K->203525K(699392K)
[455.379s][info][gc,metaspace   ] GC(960) Metaspace: 144920K(157776K)->144920K(157776K) NonClass: 126129K(132528K)->126129K(132528K) Class: 18791K(25248K)->18791K(25248K)
[455.379s][info][gc             ] GC(960) Pause Young (Allocation Failure) 462M->201M(987M) 2.421ms
[455.379s][info][gc,cpu         ] GC(960) User=0.00s Sys=0.00s Real=0.00s
[455.461s][info][gc,start       ] GC(961) Pause Young (System.gc())
[455.463s][info][gc,heap        ] GC(961) PSYoungGen: 85405K->320K(310784K)
[455.463s][info][gc,heap        ] GC(961) PSOldGen: 203525K->205989K(699392K)
[455.464s][info][gc,metaspace   ] GC(961) Metaspace: 144930K(157776K)->144930K(157776K) NonClass: 126139K(132528K)->126139K(132528K) Class: 18791K(25248K)->18791K(25248K)
[455.464s][info][gc             ] GC(961) Pause Young (System.gc()) 282M->201M(986M) 2.357ms
[455.464s][info][gc,cpu         ] GC(961) User=0.00s Sys=0.00s Real=0.00s
[455.464s][info][gc,start       ] GC(962) Pause Full (System.gc())
[455.465s][info][gc,phases,start] GC(962) Phase 1: Mark live objects
[455.537s][info][gc,phases      ] GC(962) Phase 1: Mark live objects 71.990ms
[455.537s][info][gc,phases,start] GC(962) Phase 2: Compute new object addresses
[455.549s][info][gc,phases      ] GC(962) Phase 2: Compute new object addresses 11.216ms
[455.549s][info][gc,phases,start] GC(962) Phase 3: Adjust pointers
[455.590s][info][gc,phases      ] GC(962) Phase 3: Adjust pointers 41.653ms
[455.590s][info][gc,phases,start] GC(962) Phase 4: Move objects
[455.598s][info][gc,phases      ] GC(962) Phase 4: Move objects 7.494ms
[455.599s][info][gc,heap        ] GC(962) PSYoungGen: 320K->0K(310784K)
[455.599s][info][gc,heap        ] GC(962) PSOldGen: 205989K->72070K(699392K)
[455.599s][info][gc,metaspace   ] GC(962) Metaspace: 144930K(157776K)->144930K(157776K) NonClass: 126139K(132528K)->126139K(132528K) Class: 18791K(25248K)->18791K(25248K)
[455.599s][info][gc             ] GC(962) Pause Full (System.gc()) 201M->70M(986M) 135.182ms
[455.599s][info][gc,cpu         ] GC(962) User=0.14s Sys=0.00s Real=0.14s
[455.713s][info][gc,start       ] GC(963) Pause Young (Allocation Failure)
[455.716s][info][gc,heap        ] GC(963) PSYoungGen: 273408K->17024K(312320K)
[455.716s][info][gc,heap        ] GC(963) PSOldGen: 72070K->72070K(699392K)
[455.716s][info][gc,metaspace   ] GC(963) Metaspace: 144931K(157776K)->144931K(157776K) NonClass: 126140K(132528K)->126140K(132528K) Class: 18791K(25248K)->18791K(25248K)
[455.717s][info][gc             ] GC(963) Pause Young (Allocation Failure) 337M->87M(988M) 3.231ms
[455.717s][info][gc,cpu         ] GC(963) User=0.00s Sys=0.00s Real=0.00s
[455.764s][info][gc,start       ] GC(964) Pause Young (Allocation Failure)
[455.769s][info][gc,heap        ] GC(964) PSYoungGen: 292480K->17318K(312320K)
[455.769s][info][gc,heap        ] GC(964) PSOldGen: 72070K->85016K(699392K)
[455.769s][info][gc,metaspace   ] GC(964) Metaspace: 144931K(157776K)->144931K(157776K) NonClass: 126140K(132528K)->126140K(132528K) Class: 18791K(25248K)->18791K(25248K)
[455.769s][info][gc             ] GC(964) Pause Young (Allocation Failure) 356M->99M(988M) 5.023ms
[455.769s][info][gc,cpu         ] GC(964) User=0.09s Sys=0.00s Real=0.01s
[455.899s][info][gc,start       ] GC(965) Pause Young (Allocation Failure)
[455.907s][info][gc,heap        ] GC(965) PSYoungGen: 289528K->36341K(288256K)
[455.907s][info][gc,heap        ] GC(965) PSOldGen: 85016K->100026K(699392K)
[455.907s][info][gc,metaspace   ] GC(965) Metaspace: 144931K(157776K)->144931K(157776K) NonClass: 126140K(132528K)->126140K(132528K) Class: 18791K(25248K)->18791K(25248K)
[455.907s][info][gc             ] GC(965) Pause Young (Allocation Failure) 365M->133M(964M) 7.875ms
[455.907s][info][gc,cpu         ] GC(965) User=0.08s Sys=0.02s Real=0.01s
[455.937s][info][gc,start       ] GC(966) Pause Young (Allocation Failure)
[455.944s][info][gc,heap        ] GC(966) PSYoungGen: 288111K->20945K(300544K)
[455.944s][info][gc,heap        ] GC(966) PSOldGen: 100026K->123812K(699392K)
[455.944s][info][gc,metaspace   ] GC(966) Metaspace: 144931K(157776K)->144931K(157776K) NonClass: 126140K(132528K)->126140K(132528K) Class: 18791K(25248K)->18791K(25248K)
[455.944s][info][gc             ] GC(966) Pause Young (Allocation Failure) 379M->141M(976M) 6.788ms
[455.944s][info][gc,cpu         ] GC(966) User=0.00s Sys=0.00s Real=0.01s
[456.089s][info][gc,start       ] GC(967) Pause Young (Allocation Failure)
[456.095s][info][gc,heap        ] GC(967) PSYoungGen: 272849K->30781K(296960K)
[456.095s][info][gc,heap        ] GC(967) PSOldGen: 123812K->123852K(699392K)
[456.095s][info][gc,metaspace   ] GC(967) Metaspace: 144931K(157776K)->144931K(157776K) NonClass: 126140K(132528K)->126140K(132528K) Class: 18791K(25248K)->18791K(25248K)
[456.095s][info][gc             ] GC(967) Pause Young (Allocation Failure) 387M->151M(973M) 5.631ms
[456.095s][info][gc,cpu         ] GC(967) User=0.09s Sys=0.00s Real=0.00s
[456.136s][info][gc,start       ] GC(968) Pause Young (Allocation Failure)
[456.142s][info][gc,heap        ] GC(968) PSYoungGen: 280637K->32755K(282624K)
[456.142s][info][gc,heap        ] GC(968) PSOldGen: 123852K->124027K(699392K)
[456.142s][info][gc,metaspace   ] GC(968) Metaspace: 144931K(157776K)->144931K(157776K) NonClass: 126140K(132528K)->126140K(132528K) Class: 18791K(25248K)->18791K(25248K)
[456.142s][info][gc             ] GC(968) Pause Young (Allocation Failure) 395M->153M(959M) 5.788ms
[456.142s][info][gc,cpu         ] GC(968) User=0.09s Sys=0.00s Real=0.00s
[456.185s][info][gc,start       ] GC(969) Pause Young (Allocation Failure)
[456.191s][info][gc,heap        ] GC(969) PSYoungGen: 280395K->26784K(297472K)
[456.191s][info][gc,heap        ] GC(969) PSOldGen: 124027K->140272K(699392K)
[456.191s][info][gc,metaspace   ] GC(969) Metaspace: 144931K(157776K)->144931K(157776K) NonClass: 126140K(132528K)->126140K(132528K) Class: 18791K(25248K)->18791K(25248K)
[456.191s][info][gc             ] GC(969) Pause Young (Allocation Failure) 394M->163M(973M) 5.872ms
[456.191s][info][gc,cpu         ] GC(969) User=0.09s Sys=0.00s Real=0.01s
[456.220s][info][gc,start       ] GC(970) Pause Young (Allocation Failure)
[456.224s][info][gc,heap        ] GC(970) PSYoungGen: 271036K->17857K(296960K)
[456.224s][info][gc,heap        ] GC(970) PSOldGen: 140272K->145816K(699392K)
[456.224s][info][gc,metaspace   ] GC(970) Metaspace: 144931K(157776K)->144931K(157776K) NonClass: 126140K(132528K)->126140K(132528K) Class: 18791K(25248K)->18791K(25248K)
[456.224s][info][gc             ] GC(970) Pause Young (Allocation Failure) 401M->159M(973M) 3.837ms
[456.224s][info][gc,cpu         ] GC(970) User=0.00s Sys=0.00s Real=0.00s
[456.257s][info][gc,start       ] GC(971) Pause Young (Allocation Failure)
[456.260s][info][gc,heap        ] GC(971) PSYoungGen: 263105K->2861K(300544K)
[456.260s][info][gc,heap        ] GC(971) PSOldGen: 145816K->148563K(699392K)
[456.260s][info][gc,metaspace   ] GC(971) Metaspace: 144931K(157776K)->144931K(157776K) NonClass: 126140K(132528K)->126140K(132528K) Class: 18791K(25248K)->18791K(25248K)
[456.260s][info][gc             ] GC(971) Pause Young (Allocation Failure) 399M->147M(976M) 2.834ms
[456.260s][info][gc,cpu         ] GC(971) User=0.00s Sys=0.00s Real=0.00s
[456.442s][info][gc,start       ] GC(972) Pause Young (Allocation Failure)
[456.445s][info][gc,heap        ] GC(972) PSYoungGen: 253846K->16085K(300544K)
[456.445s][info][gc,heap        ] GC(972) PSOldGen: 148563K->149150K(699392K)
[456.445s][info][gc,metaspace   ] GC(972) Metaspace: 144932K(157776K)->144932K(157776K) NonClass: 126140K(132528K)->126140K(132528K) Class: 18791K(25248K)->18791K(25248K)
[456.445s][info][gc             ] GC(972) Pause Young (Allocation Failure) 392M->161M(976M) 3.851ms
[456.446s][info][gc,cpu         ] GC(972) User=0.00s Sys=0.00s Real=0.00s
[456.874s][info][gc,start       ] GC(973) Pause Young (Allocation Failure)
[456.879s][info][gc,heap        ] GC(973) PSYoungGen: 267989K->8407K(304128K)
[456.879s][info][gc,heap        ] GC(973) PSOldGen: 149150K->164943K(699392K)
[456.879s][info][gc,metaspace   ] GC(973) Metaspace: 144932K(157776K)->144932K(157776K) NonClass: 126140K(132528K)->126140K(132528K) Class: 18791K(25248K)->18791K(25248K)
[456.879s][info][gc             ] GC(973) Pause Young (Allocation Failure) 407M->169M(980M) 5.327ms
[456.879s][info][gc,cpu         ] GC(973) User=0.03s Sys=0.00s Real=0.02s
[457.979s][info][gc,start       ] GC(974) Pause Young (GCLocker Initiated GC)
[457.982s][info][gc,heap        ] GC(974) PSYoungGen: 266455K->2032K(303104K)
[457.982s][info][gc,heap        ] GC(974) PSOldGen: 164943K->165736K(699392K)
[457.982s][info][gc,metaspace   ] GC(974) Metaspace: 144932K(157776K)->144932K(157776K) NonClass: 126140K(132528K)->126140K(132528K) Class: 18791K(25248K)->18791K(25248K)
[457.982s][info][gc             ] GC(974) Pause Young (GCLocker Initiated GC) 421M->163M(979M) 2.883ms
[457.982s][info][gc,cpu         ] GC(974) User=0.00s Sys=0.00s Real=0.00s
[458.934s][info][gc,start       ] GC(975) Pause Young (Allocation Failure)
[458.936s][info][gc,heap        ] GC(975) PSYoungGen: 260080K->1271K(305152K)
[458.936s][info][gc,heap        ] GC(975) PSOldGen: 165738K->166112K(699392K)
[458.936s][info][gc,metaspace   ] GC(975) Metaspace: 144932K(157776K)->144932K(157776K) NonClass: 126140K(132528K)->126140K(132528K) Class: 18791K(25248K)->18791K(25248K)
[458.936s][info][gc             ] GC(975) Pause Young (Allocation Failure) 415M->163M(981M) 1.951ms
[458.936s][info][gc,cpu         ] GC(975) User=0.00s Sys=0.00s Real=0.00s
[459.922s][info][gc,start       ] GC(976) Pause Young (Allocation Failure)
[459.924s][info][gc,heap        ] GC(976) PSYoungGen: 261879K->2665K(304640K)
[459.924s][info][gc,heap        ] GC(976) PSOldGen: 166112K->166426K(699392K)
[459.924s][info][gc,metaspace   ] GC(976) Metaspace: 144932K(157776K)->144932K(157776K) NonClass: 126140K(132528K)->126140K(132528K) Class: 18791K(25248K)->18791K(25248K)
[459.924s][info][gc             ] GC(976) Pause Young (Allocation Failure) 417M->165M(980M) 2.171ms
[459.924s][info][gc,cpu         ] GC(976) User=0.00s Sys=0.00s Real=0.00s
[460.899s][info][gc,start       ] GC(977) Pause Young (Allocation Failure)
[460.902s][info][gc,heap        ] GC(977) PSYoungGen: 263273K->5019K(307712K)
[460.902s][info][gc,heap        ] GC(977) PSOldGen: 166426K->166915K(699392K)
[460.902s][info][gc,metaspace   ] GC(977) Metaspace: 144932K(157776K)->144932K(157776K) NonClass: 126140K(132528K)->126140K(132528K) Class: 18791K(25248K)->18791K(25248K)
[460.902s][info][gc             ] GC(977) Pause Young (Allocation Failure) 419M->167M(983M) 2.940ms
[460.902s][info][gc,cpu         ] GC(977) User=0.00s Sys=0.00s Real=0.00s
[461.947s][info][gc,start       ] GC(978) Pause Young (Allocation Failure)
[461.951s][info][gc,heap        ] GC(978) PSYoungGen: 269723K->8402K(306176K)
[461.951s][info][gc,heap        ] GC(978) PSOldGen: 166915K->167264K(699392K)
[461.951s][info][gc,metaspace   ] GC(978) Metaspace: 144932K(157776K)->144932K(157776K) NonClass: 126140K(132528K)->126140K(132528K) Class: 18791K(25248K)->18791K(25248K)
[461.951s][info][gc             ] GC(978) Pause Young (Allocation Failure) 426M->171M(982M) 4.202ms
[461.951s][info][gc,cpu         ] GC(978) User=0.00s Sys=0.00s Real=0.00s
[462.361s][info][gc,start       ] GC(979) Pause Young (System.gc())
[462.364s][info][gc,heap        ] GC(979) PSYoungGen: 237923K->2650K(311296K)
[462.364s][info][gc,heap        ] GC(979) PSOldGen: 167264K->167719K(699392K)
[462.364s][info][gc,metaspace   ] GC(979) Metaspace: 144934K(157776K)->144934K(157776K) NonClass: 126143K(132528K)->126143K(132528K) Class: 18791K(25248K)->18791K(25248K)
[462.364s][info][gc             ] GC(979) Pause Young (System.gc()) 395M->166M(987M) 2.974ms
[462.364s][info][gc,cpu         ] GC(979) User=0.00s Sys=0.00s Real=0.00s
[462.364s][info][gc,start       ] GC(980) Pause Full (System.gc())
[462.366s][info][gc,phases,start] GC(980) Phase 1: Mark live objects
[462.448s][info][gc,phases      ] GC(980) Phase 1: Mark live objects 81.986ms
[462.448s][info][gc,phases,start] GC(980) Phase 2: Compute new object addresses
[462.461s][info][gc,phases      ] GC(980) Phase 2: Compute new object addresses 12.723ms
[462.461s][info][gc,phases,start] GC(980) Phase 3: Adjust pointers
[462.505s][info][gc,phases      ] GC(980) Phase 3: Adjust pointers 44.586ms
[462.505s][info][gc,phases,start] GC(980) Phase 4: Move objects
[462.506s][info][gc,phases      ] GC(980) Phase 4: Move objects 0.835ms
[462.507s][info][gc,heap        ] GC(980) PSYoungGen: 2650K->0K(311296K)
[462.507s][info][gc,heap        ] GC(980) PSOldGen: 167719K->104121K(699392K)
[462.507s][info][gc,metaspace   ] GC(980) Metaspace: 144934K(157776K)->144934K(157776K) NonClass: 126143K(132528K)->126143K(132528K) Class: 18791K(25248K)->18791K(25248K)
[462.507s][info][gc             ] GC(980) Pause Full (System.gc()) 166M->101M(987M) 143.516ms
[462.507s][info][gc,cpu         ] GC(980) User=0.14s Sys=0.00s Real=0.13s
[462.614s][info][gc,start       ] GC(981) Pause Young (Allocation Failure)
[462.618s][info][gc,heap        ] GC(981) PSYoungGen: 272384K->17088K(310272K)
[462.618s][info][gc,heap        ] GC(981) PSOldGen: 104121K->104121K(699392K)
[462.618s][info][gc,metaspace   ] GC(981) Metaspace: 144937K(157776K)->144937K(157776K) NonClass: 126146K(132528K)->126146K(132528K) Class: 18791K(25248K)->18791K(25248K)
[462.618s][info][gc             ] GC(981) Pause Young (Allocation Failure) 367M->118M(986M) 3.760ms
[462.618s][info][gc,cpu         ] GC(981) User=0.00s Sys=0.00s Real=0.00s
[462.665s][info][gc,start       ] GC(982) Pause Young (Allocation Failure)
[462.671s][info][gc,heap        ] GC(982) PSYoungGen: 289472K->17222K(311808K)
[462.671s][info][gc,heap        ] GC(982) PSOldGen: 104121K->117180K(699392K)
[462.671s][info][gc,metaspace   ] GC(982) Metaspace: 144937K(157776K)->144937K(157776K) NonClass: 126146K(132528K)->126146K(132528K) Class: 18791K(25248K)->18791K(25248K)
[462.671s][info][gc             ] GC(982) Pause Young (Allocation Failure) 384M->131M(987M) 6.175ms
[462.671s][info][gc,cpu         ] GC(982) User=0.00s Sys=0.00s Real=0.00s
[462.829s][info][gc,start       ] GC(983) Pause Young (GCLocker Initiated GC)
[462.836s][info][gc,heap        ] GC(983) PSYoungGen: 291654K->32468K(306688K)
[462.836s][info][gc,heap        ] GC(983) PSOldGen: 128017K->137716K(699392K)
[462.836s][info][gc,metaspace   ] GC(983) Metaspace: 144937K(157776K)->144937K(157776K) NonClass: 126146K(132528K)->126146K(132528K) Class: 18791K(25248K)->18791K(25248K)
[462.836s][info][gc             ] GC(983) Pause Young (GCLocker Initiated GC) 409M->166M(982M) 7.206ms
[462.836s][info][gc,cpu         ] GC(983) User=0.00s Sys=0.00s Real=0.01s
[462.884s][info][gc,start       ] GC(984) Pause Young (Allocation Failure)
[462.891s][info][gc,heap        ] GC(984) PSYoungGen: 306388K->6798K(308736K)
[462.891s][info][gc,heap        ] GC(984) PSOldGen: 195718K->221834K(699392K)
[462.891s][info][gc,metaspace   ] GC(984) Metaspace: 144937K(157776K)->144937K(157776K) NonClass: 126146K(132528K)->126146K(132528K) Class: 18791K(25248K)->18791K(25248K)
[462.891s][info][gc             ] GC(984) Pause Young (Allocation Failure) 490M->223M(984M) 7.081ms
[462.892s][info][gc,cpu         ] GC(984) User=0.08s Sys=0.00s Real=0.01s
[463.051s][info][gc,start       ] GC(985) Pause Young (Allocation Failure)
[463.056s][info][gc,heap        ] GC(985) PSYoungGen: 273475K->27561K(294400K)
[463.056s][info][gc,heap        ] GC(985) PSOldGen: 221834K->222976K(699392K)
[463.056s][info][gc,metaspace   ] GC(985) Metaspace: 144937K(157776K)->144937K(157776K) NonClass: 126146K(132528K)->126146K(132528K) Class: 18791K(25248K)->18791K(25248K)
[463.056s][info][gc             ] GC(985) Pause Young (Allocation Failure) 483M->244M(970M) 5.430ms
[463.056s][info][gc,cpu         ] GC(985) User=0.00s Sys=0.00s Real=0.01s
[463.114s][info][gc,start       ] GC(986) Pause Young (Allocation Failure)
[463.119s][info][gc,heap        ] GC(986) PSYoungGen: 292866K->17675K(307712K)
[463.119s][info][gc,heap        ] GC(986) PSOldGen: 222976K->232525K(699392K)
[463.119s][info][gc,metaspace   ] GC(986) Metaspace: 144937K(157776K)->144937K(157776K) NonClass: 126146K(132528K)->126146K(132528K) Class: 18791K(25248K)->18791K(25248K)
[463.119s][info][gc             ] GC(986) Pause Young (Allocation Failure) 503M->244M(983M) 5.120ms
[463.119s][info][gc,cpu         ] GC(986) User=0.00s Sys=0.00s Real=0.00s
[463.153s][info][gc,start       ] GC(987) Pause Young (Allocation Failure)
[463.157s][info][gc,heap        ] GC(987) PSYoungGen: 282379K->10075K(306176K)
[463.157s][info][gc,heap        ] GC(987) PSOldGen: 232525K->241453K(699392K)
[463.157s][info][gc,metaspace   ] GC(987) Metaspace: 144937K(157776K)->144937K(157776K) NonClass: 126146K(132528K)->126146K(132528K) Class: 18791K(25248K)->18791K(25248K)
[463.157s][info][gc             ] GC(987) Pause Young (Allocation Failure) 502M->245M(982M) 4.290ms
[463.158s][info][gc,cpu         ] GC(987) User=0.06s Sys=0.00s Real=0.01s
[463.197s][info][gc,start       ] GC(988) Pause Young (Allocation Failure)
[463.201s][info][gc,heap        ] GC(988) PSYoungGen: 274503K->3141K(310272K)
[463.201s][info][gc,heap        ] GC(988) PSOldGen: 241453K->244661K(699392K)
[463.201s][info][gc,metaspace   ] GC(988) Metaspace: 144937K(157776K)->144937K(157776K) NonClass: 126146K(132528K)->126146K(132528K) Class: 18791K(25248K)->18791K(25248K)
[463.201s][info][gc             ] GC(988) Pause Young (Allocation Failure) 503M->241M(986M) 3.395ms
[463.201s][info][gc,cpu         ] GC(988) User=0.00s Sys=0.00s Real=0.00s
[463.375s][info][gc,start       ] GC(989) Pause Young (Allocation Failure)
[463.379s][info][gc,heap        ] GC(989) PSYoungGen: 273477K->19865K(309248K)
[463.379s][info][gc,heap        ] GC(989) PSOldGen: 244661K->244850K(699392K)
[463.379s][info][gc,metaspace   ] GC(989) Metaspace: 144937K(157776K)->144937K(157776K) NonClass: 126146K(132528K)->126146K(132528K) Class: 18791K(25248K)->18791K(25248K)
[463.379s][info][gc             ] GC(989) Pause Young (Allocation Failure) 505M->258M(985M) 4.462ms
[463.380s][info][gc,cpu         ] GC(989) User=0.02s Sys=0.00s Real=0.01s
[463.668s][info][gc,start       ] GC(990) Pause Young (Allocation Failure)
[463.672s][info][gc,heap        ] GC(990) PSYoungGen: 290201K->8408K(311808K)
[463.672s][info][gc,heap        ] GC(990) PSOldGen: 244850K->254626K(699392K)
[463.672s][info][gc,metaspace   ] GC(990) Metaspace: 144937K(157776K)->144937K(157776K) NonClass: 126146K(132528K)->126146K(132528K) Class: 18791K(25248K)->18791K(25248K)
[463.672s][info][gc             ] GC(990) Pause Young (Allocation Failure) 522M->256M(987M) 4.691ms
[463.672s][info][gc,cpu         ] GC(990) User=0.06s Sys=0.00s Real=0.00s
[464.728s][info][gc,start       ] GC(991) Pause Young (Allocation Failure)
[464.731s][info][gc,heap        ] GC(991) PSYoungGen: 281038K->1267K(310272K)
[464.731s][info][gc,heap        ] GC(991) PSOldGen: 254626K->261597K(699392K)
[464.731s][info][gc,metaspace   ] GC(991) Metaspace: 144940K(157776K)->144940K(157776K) NonClass: 126148K(132528K)->126148K(132528K) Class: 18791K(25248K)->18791K(25248K)
[464.731s][info][gc             ] GC(991) Pause Young (Allocation Failure) 523M->256M(986M) 3.657ms
[464.731s][info][gc,cpu         ] GC(991) User=0.00s Sys=0.00s Real=0.00s
[465.851s][info][gc,start       ] GC(992) Pause Young (GCLocker Initiated GC)
[465.854s][info][gc,heap        ] GC(992) PSYoungGen: 274163K->4080K(312832K)
[465.854s][info][gc,heap        ] GC(992) PSOldGen: 261661K->262028K(699392K)
[465.854s][info][gc,metaspace   ] GC(992) Metaspace: 144940K(157776K)->144940K(157776K) NonClass: 126148K(132528K)->126148K(132528K) Class: 18791K(25248K)->18791K(25248K)
[465.854s][info][gc             ] GC(992) Pause Young (GCLocker Initiated GC) 523M->259M(988M) 3.083ms
[465.854s][info][gc,cpu         ] GC(992) User=0.00s Sys=0.00s Real=0.00s
[467.056s][info][gc,start       ] GC(993) Pause Young (Allocation Failure)
[467.058s][info][gc,heap        ] GC(993) PSYoungGen: 279536K->584K(311808K)
[467.059s][info][gc,heap        ] GC(993) PSOldGen: 262030K->262423K(699392K)
[467.059s][info][gc,metaspace   ] GC(993) Metaspace: 144940K(157776K)->144940K(157776K) NonClass: 126148K(132528K)->126148K(132528K) Class: 18791K(25248K)->18791K(25248K)
[467.059s][info][gc             ] GC(993) Pause Young (Allocation Failure) 528M->256M(987M) 2.594ms
[467.059s][info][gc,cpu         ] GC(993) User=0.00s Sys=0.00s Real=0.00s
[468.284s][info][gc,start       ] GC(994) Pause Young (Allocation Failure)
[468.287s][info][gc,heap        ] GC(994) PSYoungGen: 276040K->5855K(315392K)
[468.287s][info][gc,heap        ] GC(994) PSOldGen: 262423K->262850K(699392K)
[468.287s][info][gc,metaspace   ] GC(994) Metaspace: 144940K(157776K)->144940K(157776K) NonClass: 126148K(132528K)->126148K(132528K) Class: 18791K(25248K)->18791K(25248K)
[468.287s][info][gc             ] GC(994) Pause Young (Allocation Failure) 525M->262M(991M) 3.477ms
[468.287s][info][gc,cpu         ] GC(994) User=0.00s Sys=0.00s Real=0.00s
[469.449s][info][gc,start       ] GC(995) Pause Young (Allocation Failure)
[469.453s][info][gc,heap        ] GC(995) PSYoungGen: 285793K->1614K(313856K)
[469.453s][info][gc,heap        ] GC(995) PSOldGen: 262850K->263273K(699392K)
[469.453s][info][gc,metaspace   ] GC(995) Metaspace: 144940K(157776K)->144940K(157776K) NonClass: 126148K(132528K)->126148K(132528K) Class: 18791K(25248K)->18791K(25248K)
[469.453s][info][gc             ] GC(995) Pause Young (Allocation Failure) 535M->258M(989M) 3.836ms
[469.453s][info][gc,cpu         ] GC(995) User=0.02s Sys=0.00s Real=0.00s
[469.789s][info][gc,start       ] GC(996) Pause Young (System.gc())
[469.792s][info][gc,heap        ] GC(996) PSYoungGen: 212515K->2515K(317440K)
[469.792s][info][gc,heap        ] GC(996) PSOldGen: 263273K->263785K(699392K)
[469.792s][info][gc,metaspace   ] GC(996) Metaspace: 144943K(157776K)->144943K(157776K) NonClass: 126152K(132528K)->126152K(132528K) Class: 18791K(25248K)->18791K(25248K)
[469.792s][info][gc             ] GC(996) Pause Young (System.gc()) 464M->260M(993M) 3.037ms
[469.792s][info][gc,cpu         ] GC(996) User=0.00s Sys=0.00s Real=0.00s
[469.792s][info][gc,start       ] GC(997) Pause Full (System.gc())
[469.795s][info][gc,phases,start] GC(997) Phase 1: Mark live objects
[469.869s][info][gc,phases      ] GC(997) Phase 1: Mark live objects 74.238ms
[469.869s][info][gc,phases,start] GC(997) Phase 2: Compute new object addresses
[469.881s][info][gc,phases      ] GC(997) Phase 2: Compute new object addresses 12.379ms
[469.881s][info][gc,phases,start] GC(997) Phase 3: Adjust pointers
[469.923s][info][gc,phases      ] GC(997) Phase 3: Adjust pointers 41.452ms
[469.923s][info][gc,phases,start] GC(997) Phase 4: Move objects
[469.925s][info][gc,phases      ] GC(997) Phase 4: Move objects 1.974ms
[469.926s][info][gc,heap        ] GC(997) PSYoungGen: 2515K->0K(317440K)
[469.926s][info][gc,heap        ] GC(997) PSOldGen: 263785K->107243K(699392K)
[469.926s][info][gc,metaspace   ] GC(997) Metaspace: 144943K(157776K)->144943K(157776K) NonClass: 126152K(132528K)->126152K(132528K) Class: 18791K(25248K)->18791K(25248K)
[469.927s][info][gc             ] GC(997) Pause Full (System.gc()) 260M->104M(993M) 134.272ms
[469.927s][info][gc,cpu         ] GC(997) User=0.14s Sys=0.00s Real=0.13s
[470.044s][info][gc,start       ] GC(998) Pause Young (Allocation Failure)
[470.049s][info][gc,heap        ] GC(998) PSYoungGen: 284672K->15201K(316416K)
[470.049s][info][gc,heap        ] GC(998) PSOldGen: 107243K->107243K(699392K)
[470.049s][info][gc,metaspace   ] GC(998) Metaspace: 144999K(157776K)->144999K(157776K) NonClass: 126207K(132528K)->126207K(132528K) Class: 18791K(25248K)->18791K(25248K)
[470.049s][info][gc             ] GC(998) Pause Young (Allocation Failure) 382M->119M(992M) 5.144ms
[470.049s][info][gc,cpu         ] GC(998) User=0.08s Sys=0.00s Real=0.01s
[470.107s][info][gc,start       ] GC(999) Pause Young (Allocation Failure)
[470.118s][info][gc,heap        ] GC(999) PSYoungGen: 299873K->22534K(312320K)
[470.118s][info][gc,heap        ] GC(999) PSOldGen: 107243K->117825K(699392K)
[470.118s][info][gc,metaspace   ] GC(999) Metaspace: 144999K(157776K)->144999K(157776K) NonClass: 126207K(132528K)->126207K(132528K) Class: 18791K(25248K)->18791K(25248K)
[470.118s][info][gc             ] GC(999) Pause Young (Allocation Failure) 397M->137M(988M) 10.259ms
[470.118s][info][gc,cpu         ] GC(999) User=0.06s Sys=0.00s Real=0.01s
[470.297s][info][gc,start       ] GC(1000) Pause Young (Allocation Failure)
[470.305s][info][gc,heap        ] GC(1000) PSYoungGen: 299347K->33611K(314368K)
[470.305s][info][gc,heap        ] GC(1000) PSOldGen: 117825K->127540K(699392K)
[470.305s][info][gc,metaspace   ] GC(1000) Metaspace: 144999K(157776K)->144999K(157776K) NonClass: 126207K(132528K)->126207K(132528K) Class: 18791K(25248K)->18791K(25248K)
[470.305s][info][gc             ] GC(1000) Pause Young (Allocation Failure) 407M->157M(990M) 8.269ms
[470.305s][info][gc,cpu         ] GC(1000) User=0.00s Sys=0.00s Real=0.01s
[470.342s][info][gc,start       ] GC(1001) Pause Young (Allocation Failure)
[470.349s][info][gc,heap        ] GC(1001) PSYoungGen: 310989K->12068K(308224K)
[470.349s][info][gc,heap        ] GC(1001) PSOldGen: 127540K->155458K(699392K)
[470.349s][info][gc,metaspace   ] GC(1001) Metaspace: 144999K(157776K)->144999K(157776K) NonClass: 126207K(132528K)->126207K(132528K) Class: 18791K(25248K)->18791K(25248K)
[470.349s][info][gc             ] GC(1001) Pause Young (Allocation Failure) 428M->163M(984M) 7.989ms
[470.350s][info][gc,cpu         ] GC(1001) User=0.06s Sys=0.00s Real=0.01s
[470.500s][info][gc,start       ] GC(1002) Pause Young (Allocation Failure)
[470.506s][info][gc,heap        ] GC(1002) PSYoungGen: 285476K->33644K(307200K)
[470.506s][info][gc,heap        ] GC(1002) PSOldGen: 155458K->155490K(699392K)
[470.506s][info][gc,metaspace   ] GC(1002) Metaspace: 144999K(157776K)->144999K(157776K) NonClass: 126207K(132528K)->126207K(132528K) Class: 18791K(25248K)->18791K(25248K)
[470.506s][info][gc             ] GC(1002) Pause Young (Allocation Failure) 430M->184M(983M) 6.315ms
[470.506s][info][gc,cpu         ] GC(1002) User=0.02s Sys=0.00s Real=0.01s
[470.565s][info][gc,start       ] GC(1003) Pause Young (Allocation Failure)
[470.569s][info][gc,heap        ] GC(1003) PSYoungGen: 307052K->8635K(307712K)
[470.569s][info][gc,heap        ] GC(1003) PSOldGen: 155490K->165016K(699392K)
[470.569s][info][gc,metaspace   ] GC(1003) Metaspace: 145002K(157776K)->145002K(157776K) NonClass: 126211K(132528K)->126211K(132528K) Class: 18791K(25248K)->18791K(25248K)
[470.569s][info][gc             ] GC(1003) Pause Young (Allocation Failure) 451M->169M(983M) 4.243ms
[470.569s][info][gc,cpu         ] GC(1003) User=0.00s Sys=0.00s Real=0.00s
[470.602s][info][gc,start       ] GC(1004) Pause Young (Allocation Failure)
[470.607s][info][gc,heap        ] GC(1004) PSYoungGen: 274363K->18593K(307200K)
[470.607s][info][gc,heap        ] GC(1004) PSOldGen: 165016K->173408K(699392K)
[470.607s][info][gc,metaspace   ] GC(1004) Metaspace: 145002K(157776K)->145002K(157776K) NonClass: 126211K(132528K)->126211K(132528K) Class: 18791K(25248K)->18791K(25248K)
[470.607s][info][gc             ] GC(1004) Pause Young (Allocation Failure) 429M->187M(983M) 4.650ms
[470.607s][info][gc,cpu         ] GC(1004) User=0.00s Sys=0.00s Real=0.00s
[470.641s][info][gc,start       ] GC(1005) Pause Young (Allocation Failure)
[470.644s][info][gc,heap        ] GC(1005) PSYoungGen: 284321K->3961K(309248K)
[470.644s][info][gc,heap        ] GC(1005) PSOldGen: 173408K->177582K(699392K)
[470.644s][info][gc,metaspace   ] GC(1005) Metaspace: 145002K(157776K)->145002K(157776K) NonClass: 126211K(132528K)->126211K(132528K) Class: 18791K(25248K)->18791K(25248K)
[470.644s][info][gc             ] GC(1005) Pause Young (Allocation Failure) 447M->177M(985M) 3.109ms
[470.644s][info][gc,cpu         ] GC(1005) User=0.00s Sys=0.00s Real=0.00s
[470.810s][info][gc,start       ] GC(1006) Pause Young (Allocation Failure)
[470.816s][info][gc,heap        ] GC(1006) PSYoungGen: 271826K->28997K(297984K)
[470.816s][info][gc,heap        ] GC(1006) PSOldGen: 177582K->177841K(699392K)
[470.816s][info][gc,metaspace   ] GC(1006) Metaspace: 145003K(157776K)->145003K(157776K) NonClass: 126211K(132528K)->126211K(132528K) Class: 18791K(25248K)->18791K(25248K)
[470.816s][info][gc             ] GC(1006) Pause Young (Allocation Failure) 438M->201M(974M) 5.484ms
[470.816s][info][gc,cpu         ] GC(1006) User=0.08s Sys=0.02s Real=0.01s
[471.017s][info][gc,start       ] GC(1007) Pause Young (Allocation Failure)
[471.021s][info][gc,heap        ] GC(1007) PSYoungGen: 296276K->7191K(307712K)
[471.021s][info][gc,heap        ] GC(1007) PSOldGen: 177841K->187523K(699392K)
[471.021s][info][gc,metaspace   ] GC(1007) Metaspace: 145003K(157776K)->145003K(157776K) NonClass: 126211K(132528K)->126211K(132528K) Class: 18791K(25248K)->18791K(25248K)
[471.021s][info][gc             ] GC(1007) Pause Young (Allocation Failure) 463M->190M(983M) 4.160ms
[471.021s][info][gc,cpu         ] GC(1007) User=0.00s Sys=0.00s Real=0.01s
[471.935s][info][gc,start       ] GC(1008) Pause Young (Allocation Failure)
[471.939s][info][gc,heap        ] GC(1008) PSYoungGen: 271895K->4978K(306176K)
[471.939s][info][gc,heap        ] GC(1008) PSOldGen: 187523K->195272K(699392K)
[471.939s][info][gc,metaspace   ] GC(1008) Metaspace: 145003K(157776K)->145003K(157776K) NonClass: 126211K(132528K)->126211K(132528K) Class: 18791K(25248K)->18791K(25248K)
[471.939s][info][gc             ] GC(1008) Pause Young (Allocation Failure) 448M->195M(982M) 3.972ms
[471.939s][info][gc,cpu         ] GC(1008) User=0.03s Sys=0.03s Real=0.00s
[473.047s][info][gc,start       ] GC(1009) Pause Young (Allocation Failure)
[473.050s][info][gc,heap        ] GC(1009) PSYoungGen: 269682K->3036K(309760K)
[473.050s][info][gc,heap        ] GC(1009) PSOldGen: 195272K->195562K(699392K)
[473.050s][info][gc,metaspace   ] GC(1009) Metaspace: 145003K(157776K)->145003K(157776K) NonClass: 126211K(132528K)->126211K(132528K) Class: 18791K(25248K)->18791K(25248K)
[473.050s][info][gc             ] GC(1009) Pause Young (Allocation Failure) 454M->193M(985M) 2.788ms
[473.050s][info][gc,cpu         ] GC(1009) User=0.00s Sys=0.00s Real=0.00s
[474.053s][info][gc,start       ] GC(1010) Pause Young (Allocation Failure)
[474.056s][info][gc,heap        ] GC(1010) PSYoungGen: 272348K->8626K(308736K)
[474.056s][info][gc,heap        ] GC(1010) PSOldGen: 195562K->195956K(699392K)
[474.056s][info][gc,metaspace   ] GC(1010) Metaspace: 145003K(157776K)->145003K(157776K) NonClass: 126211K(132528K)->126211K(132528K) Class: 18791K(25248K)->18791K(25248K)
[474.056s][info][gc             ] GC(1010) Pause Young (Allocation Failure) 456M->199M(984M) 3.480ms
[474.056s][info][gc,cpu         ] GC(1010) User=0.00s Sys=0.00s Real=0.01s
[475.130s][info][gc,start       ] GC(1011) Pause Young (GCLocker Initiated GC)
[475.133s][info][gc,heap        ] GC(1011) PSYoungGen: 277938K->3780K(312832K)
[475.133s][info][gc,heap        ] GC(1011) PSOldGen: 195956K->196422K(699392K)
[475.133s][info][gc,metaspace   ] GC(1011) Metaspace: 145003K(157776K)->145003K(157776K) NonClass: 126211K(132528K)->126211K(132528K) Class: 18791K(25248K)->18791K(25248K)
[475.133s][info][gc             ] GC(1011) Pause Young (GCLocker Initiated GC) 462M->195M(988M) 2.993ms
[475.134s][info][gc,cpu         ] GC(1011) User=0.00s Sys=0.00s Real=0.00s
[476.103s][info][gc,start       ] GC(1012) Pause Young (Allocation Failure)
[476.105s][info][gc,heap        ] GC(1012) PSYoungGen: 279236K->3630K(311808K)
[476.106s][info][gc,heap        ] GC(1012) PSOldGen: 196488K->196926K(699392K)
[476.106s][info][gc,metaspace   ] GC(1012) Metaspace: 145003K(157776K)->145003K(157776K) NonClass: 126211K(132528K)->126211K(132528K) Class: 18791K(25248K)->18791K(25248K)
[476.106s][info][gc             ] GC(1012) Pause Young (Allocation Failure) 464M->195M(987M) 2.913ms
[476.106s][info][gc,cpu         ] GC(1012) User=0.00s Sys=0.00s Real=0.00s
[476.653s][info][gc,start       ] GC(1013) Pause Young (System.gc())
[476.656s][info][gc,heap        ] GC(1013) PSYoungGen: 276867K->2680K(315392K)
[476.656s][info][gc,heap        ] GC(1013) PSOldGen: 196926K->197401K(699392K)
[476.656s][info][gc,metaspace   ] GC(1013) Metaspace: 145016K(157776K)->145016K(157776K) NonClass: 126225K(132528K)->126225K(132528K) Class: 18791K(25248K)->18791K(25248K)
[476.656s][info][gc             ] GC(1013) Pause Young (System.gc()) 462M->195M(991M) 2.664ms
[476.656s][info][gc,cpu         ] GC(1013) User=0.00s Sys=0.00s Real=0.00s
[476.656s][info][gc,start       ] GC(1014) Pause Full (System.gc())
[476.657s][info][gc,phases,start] GC(1014) Phase 1: Mark live objects
[476.728s][info][gc,phases      ] GC(1014) Phase 1: Mark live objects 70.633ms
[476.728s][info][gc,phases,start] GC(1014) Phase 2: Compute new object addresses
[476.739s][info][gc,phases      ] GC(1014) Phase 2: Compute new object addresses 11.082ms
[476.739s][info][gc,phases,start] GC(1014) Phase 3: Adjust pointers
[476.780s][info][gc,phases      ] GC(1014) Phase 3: Adjust pointers 40.763ms
[476.780s][info][gc,phases,start] GC(1014) Phase 4: Move objects
[476.782s][info][gc,phases      ] GC(1014) Phase 4: Move objects 1.628ms
[476.783s][info][gc,heap        ] GC(1014) PSYoungGen: 2680K->0K(315392K)
[476.783s][info][gc,heap        ] GC(1014) PSOldGen: 197401K->107694K(699392K)
[476.783s][info][gc,metaspace   ] GC(1014) Metaspace: 145016K(157776K)->145016K(157776K) NonClass: 126225K(132528K)->126225K(132528K) Class: 18791K(25248K)->18791K(25248K)
[476.783s][info][gc             ] GC(1014) Pause Full (System.gc()) 195M->105M(991M) 126.942ms
[476.783s][info][gc,cpu         ] GC(1014) User=0.14s Sys=0.00s Real=0.13s
[476.886s][info][gc,start       ] GC(1015) Pause Young (Allocation Failure)
[476.889s][info][gc,heap        ] GC(1015) PSYoungGen: 280576K->17025K(314368K)
[476.889s][info][gc,heap        ] GC(1015) PSOldGen: 107694K->107694K(699392K)
[476.889s][info][gc,metaspace   ] GC(1015) Metaspace: 145035K(157776K)->145035K(157776K) NonClass: 126243K(132528K)->126243K(132528K) Class: 18791K(25248K)->18791K(25248K)
[476.889s][info][gc             ] GC(1015) Pause Young (Allocation Failure) 379M->121M(990M) 3.379ms
[476.889s][info][gc,cpu         ] GC(1015) User=0.00s Sys=0.00s Real=0.00s
[476.936s][info][gc,start       ] GC(1016) Pause Young (Allocation Failure)
[476.941s][info][gc,heap        ] GC(1016) PSYoungGen: 297601K->17830K(313856K)
[476.941s][info][gc,heap        ] GC(1016) PSOldGen: 107694K->120691K(699392K)
[476.941s][info][gc,metaspace   ] GC(1016) Metaspace: 145035K(157776K)->145035K(157776K) NonClass: 126243K(132528K)->126243K(132528K) Class: 18791K(25248K)->18791K(25248K)
[476.941s][info][gc             ] GC(1016) Pause Young (Allocation Failure) 395M->135M(989M) 5.274ms
[476.941s][info][gc,cpu         ] GC(1016) User=0.06s Sys=0.02s Real=0.01s
[477.078s][info][gc,start       ] GC(1017) Pause Young (Allocation Failure)
[477.085s][info][gc,heap        ] GC(1017) PSYoungGen: 297112K->34814K(314368K)
[477.085s][info][gc,heap        ] GC(1017) PSOldGen: 120691K->132603K(699392K)
[477.085s][info][gc,metaspace   ] GC(1017) Metaspace: 145035K(157776K)->145035K(157776K) NonClass: 126243K(132528K)->126243K(132528K) Class: 18791K(25248K)->18791K(25248K)
[477.085s][info][gc             ] GC(1017) Pause Young (Allocation Failure) 408M->163M(990M) 7.362ms
[477.085s][info][gc,cpu         ] GC(1017) User=0.00s Sys=0.00s Real=0.01s
[477.121s][info][gc,start       ] GC(1018) Pause Young (Allocation Failure)
[477.128s][info][gc,heap        ] GC(1018) PSYoungGen: 314366K->16433K(297984K)
[477.128s][info][gc,heap        ] GC(1018) PSOldGen: 132603K->158731K(699392K)
[477.128s][info][gc,metaspace   ] GC(1018) Metaspace: 145035K(157776K)->145035K(157776K) NonClass: 126243K(132528K)->126243K(132528K) Class: 18791K(25248K)->18791K(25248K)
[477.128s][info][gc             ] GC(1018) Pause Young (Allocation Failure) 436M->171M(974M) 6.872ms
[477.128s][info][gc,cpu         ] GC(1018) User=0.05s Sys=0.02s Real=0.01s
[477.269s][info][gc,start       ] GC(1019) Pause Young (Allocation Failure)
[477.275s][info][gc,heap        ] GC(1019) PSYoungGen: 279601K->33708K(296960K)
[477.275s][info][gc,heap        ] GC(1019) PSOldGen: 158731K->158771K(699392K)
[477.275s][info][gc,metaspace   ] GC(1019) Metaspace: 145035K(157776K)->145035K(157776K) NonClass: 126243K(132528K)->126243K(132528K) Class: 18791K(25248K)->18791K(25248K)
[477.275s][info][gc             ] GC(1019) Pause Young (Allocation Failure) 428M->187M(973M) 6.183ms
[477.275s][info][gc,cpu         ] GC(1019) User=0.00s Sys=0.00s Real=0.01s
[477.332s][info][gc,start       ] GC(1020) Pause Young (Allocation Failure)
[477.337s][info][gc,heap        ] GC(1020) PSYoungGen: 295360K->20999K(303616K)
[477.337s][info][gc,heap        ] GC(1020) PSOldGen: 158771K->168297K(699392K)
[477.337s][info][gc,metaspace   ] GC(1020) Metaspace: 145035K(157776K)->145035K(157776K) NonClass: 126243K(132528K)->126243K(132528K) Class: 18791K(25248K)->18791K(25248K)
[477.337s][info][gc             ] GC(1020) Pause Young (Allocation Failure) 443M->184M(979M) 4.947ms
[477.337s][info][gc,cpu         ] GC(1020) User=0.00s Sys=0.00s Real=0.01s
[477.369s][info][gc,start       ] GC(1021) Pause Young (Allocation Failure)
[477.374s][info][gc,heap        ] GC(1021) PSYoungGen: 277120K->27025K(302080K)
[477.374s][info][gc,heap        ] GC(1021) PSOldGen: 168297K->176297K(699392K)
[477.374s][info][gc,metaspace   ] GC(1021) Metaspace: 145035K(157776K)->145035K(157776K) NonClass: 126243K(132528K)->126243K(132528K) Class: 18791K(25248K)->18791K(25248K)
[477.374s][info][gc             ] GC(1021) Pause Young (Allocation Failure) 434M->198M(978M) 5.462ms
[477.374s][info][gc,cpu         ] GC(1021) User=0.00s Sys=0.00s Real=0.00s
[477.406s][info][gc,start       ] GC(1022) Pause Young (Allocation Failure)
[477.409s][info][gc,heap        ] GC(1022) PSYoungGen: 282542K->9006K(303616K)
[477.409s][info][gc,heap        ] GC(1022) PSOldGen: 176297K->180854K(699392K)
[477.409s][info][gc,metaspace   ] GC(1022) Metaspace: 145035K(157776K)->145035K(157776K) NonClass: 126243K(132528K)->126243K(132528K) Class: 18791K(25248K)->18791K(25248K)
[477.409s][info][gc             ] GC(1022) Pause Young (Allocation Failure) 448M->185M(979M) 3.393ms
[477.409s][info][gc,cpu         ] GC(1022) User=0.00s Sys=0.00s Real=0.00s
[477.560s][info][gc,start       ] GC(1023) Pause Young (Allocation Failure)
[477.566s][info][gc,heap        ] GC(1023) PSYoungGen: 266030K->32624K(289792K)
[477.566s][info][gc,heap        ] GC(1023) PSOldGen: 180854K->181129K(699392K)
[477.566s][info][gc,metaspace   ] GC(1023) Metaspace: 145035K(157776K)->145035K(157776K) NonClass: 126243K(132528K)->126243K(132528K) Class: 18791K(25248K)->18791K(25248K)
[477.567s][info][gc             ] GC(1023) Pause Young (Allocation Failure) 436M->208M(966M) 6.105ms
[477.567s][info][gc,cpu         ] GC(1023) User=0.06s Sys=0.00s Real=0.01s
[477.722s][info][gc,start       ] GC(1024) Pause Young (Allocation Failure)
[477.726s][info][gc,heap        ] GC(1024) PSYoungGen: 289648K->15376K(303104K)
[477.726s][info][gc,heap        ] GC(1024) PSOldGen: 181129K->182295K(699392K)
[477.726s][info][gc,metaspace   ] GC(1024) Metaspace: 145035K(157776K)->145035K(157776K) NonClass: 126243K(132528K)->126243K(132528K) Class: 18791K(25248K)->18791K(25248K)
[477.726s][info][gc             ] GC(1024) Pause Young (Allocation Failure) 459M->193M(979M) 3.704ms
[477.726s][info][gc,cpu         ] GC(1024) User=0.00s Sys=0.00s Real=0.00s
[478.486s][info][gc,start       ] GC(1025) Pause Young (Allocation Failure)
[478.489s][info][gc,heap        ] GC(1025) PSYoungGen: 270092K->919K(301056K)
[478.489s][info][gc,heap        ] GC(1025) PSOldGen: 182295K->197452K(699392K)
[478.489s][info][gc,metaspace   ] GC(1025) Metaspace: 145038K(157776K)->145038K(157776K) NonClass: 126247K(132528K)->126247K(132528K) Class: 18791K(25248K)->18791K(25248K)
[478.489s][info][gc             ] GC(1025) Pause Young (Allocation Failure) 441M->193M(977M) 3.447ms
[478.489s][info][gc,cpu         ] GC(1025) User=0.00s Sys=0.00s Real=0.00s
[479.404s][info][gc,start       ] GC(1026) Pause Young (Allocation Failure)
[479.407s][info][gc,heap        ] GC(1026) PSYoungGen: 255895K->9441K(304640K)
[479.407s][info][gc,heap        ] GC(1026) PSOldGen: 197452K->198112K(699392K)
[479.407s][info][gc,metaspace   ] GC(1026) Metaspace: 145038K(157776K)->145038K(157776K) NonClass: 126247K(132528K)->126247K(132528K) Class: 18791K(25248K)->18791K(25248K)
[479.407s][info][gc             ] GC(1026) Pause Young (Allocation Failure) 442M->202M(980M) 3.310ms
[479.407s][info][gc,cpu         ] GC(1026) User=0.08s Sys=0.00s Real=0.00s
[480.436s][info][gc,start       ] GC(1027) Pause Young (Allocation Failure)
[480.440s][info][gc,heap        ] GC(1027) PSYoungGen: 267093K->892K(303104K)
[480.440s][info][gc,heap        ] GC(1027) PSOldGen: 198112K->198500K(699392K)
[480.440s][info][gc,metaspace   ] GC(1027) Metaspace: 145038K(157776K)->145038K(157776K) NonClass: 126247K(132528K)->126247K(132528K) Class: 18791K(25248K)->18791K(25248K)
[480.440s][info][gc             ] GC(1027) Pause Young (Allocation Failure) 454M->194M(979M) 3.483ms
[480.440s][info][gc,cpu         ] GC(1027) User=0.05s Sys=0.00s Real=0.00s
[481.355s][info][gc,start       ] GC(1028) Pause Young (Allocation Failure)
[481.357s][info][gc,heap        ] GC(1028) PSYoungGen: 258750K->1688K(305664K)
[481.358s][info][gc,heap        ] GC(1028) PSOldGen: 198500K->198873K(699392K)
[481.358s][info][gc,metaspace   ] GC(1028) Metaspace: 145038K(157776K)->145038K(157776K) NonClass: 126247K(132528K)->126247K(132528K) Class: 18791K(25248K)->18791K(25248K)
[481.358s][info][gc             ] GC(1028) Pause Young (Allocation Failure) 446M->195M(981M) 2.880ms
[481.358s][info][gc,cpu         ] GC(1028) User=0.00s Sys=0.00s Real=0.00s
[482.379s][info][gc,start       ] GC(1029) Pause Young (GCLocker Initiated GC)
[482.382s][info][gc,heap        ] GC(1029) PSYoungGen: 263320K->4695K(305152K)
[482.382s][info][gc,heap        ] GC(1029) PSOldGen: 198873K->199298K(699392K)
[482.382s][info][gc,metaspace   ] GC(1029) Metaspace: 145038K(157776K)->145038K(157776K) NonClass: 126247K(132528K)->126247K(132528K) Class: 18791K(25248K)->18791K(25248K)
[482.382s][info][gc             ] GC(1029) Pause Young (GCLocker Initiated GC) 451M->199M(981M) 3.097ms
[482.382s][info][gc,cpu         ] GC(1029) User=0.00s Sys=0.00s Real=0.00s
[483.210s][info][gc,start       ] GC(1030) Pause Young (Allocation Failure)
[483.212s][info][gc,heap        ] GC(1030) PSYoungGen: 266327K->2485K(308736K)
[483.212s][info][gc,heap        ] GC(1030) PSOldGen: 199304K->199808K(699392K)
[483.212s][info][gc,metaspace   ] GC(1030) Metaspace: 145038K(157776K)->145038K(157776K) NonClass: 126247K(132528K)->126247K(132528K) Class: 18791K(25248K)->18791K(25248K)
[483.212s][info][gc             ] GC(1030) Pause Young (Allocation Failure) 454M->197M(984M) 2.592ms
[483.212s][info][gc,cpu         ] GC(1030) User=0.00s Sys=0.00s Real=0.00s
[483.364s][info][gc,start       ] GC(1031) Pause Young (System.gc())
[483.366s][info][gc,heap        ] GC(1031) PSYoungGen: 139158K->1477K(307200K)
[483.367s][info][gc,heap        ] GC(1031) PSOldGen: 199808K->201094K(699392K)
[483.367s][info][gc,metaspace   ] GC(1031) Metaspace: 145048K(157776K)->145048K(157776K) NonClass: 126257K(132528K)->126257K(132528K) Class: 18791K(25248K)->18791K(25248K)
[483.367s][info][gc             ] GC(1031) Pause Young (System.gc()) 331M->197M(983M) 2.761ms
[483.367s][info][gc,cpu         ] GC(1031) User=0.00s Sys=0.00s Real=0.00s
[483.367s][info][gc,start       ] GC(1032) Pause Full (System.gc())
[483.368s][info][gc,phases,start] GC(1032) Phase 1: Mark live objects
[483.441s][info][gc,phases      ] GC(1032) Phase 1: Mark live objects 72.608ms
[483.441s][info][gc,phases,start] GC(1032) Phase 2: Compute new object addresses
[483.453s][info][gc,phases      ] GC(1032) Phase 2: Compute new object addresses 11.973ms
[483.453s][info][gc,phases,start] GC(1032) Phase 3: Adjust pointers
[483.495s][info][gc,phases      ] GC(1032) Phase 3: Adjust pointers 42.428ms
[483.496s][info][gc,phases,start] GC(1032) Phase 4: Move objects
[483.504s][info][gc,phases      ] GC(1032) Phase 4: Move objects 8.002ms
[483.505s][info][gc,heap        ] GC(1032) PSYoungGen: 1477K->0K(307200K)
[483.505s][info][gc,heap        ] GC(1032) PSOldGen: 201094K->72318K(699392K)
[483.505s][info][gc,metaspace   ] GC(1032) Metaspace: 145048K(157776K)->145048K(157776K) NonClass: 126257K(132528K)->126257K(132528K) Class: 18791K(25248K)->18791K(25248K)
[483.505s][info][gc             ] GC(1032) Pause Full (System.gc()) 197M->70M(983M) 137.935ms
[483.505s][info][gc,cpu         ] GC(1032) User=0.14s Sys=0.00s Real=0.14s
[483.630s][info][gc,start       ] GC(1033) Pause Young (Allocation Failure)
[483.633s][info][gc,heap        ] GC(1033) PSYoungGen: 266752K->16977K(310272K)
[483.633s][info][gc,heap        ] GC(1033) PSOldGen: 72318K->72318K(699392K)
[483.633s][info][gc,metaspace   ] GC(1033) Metaspace: 145065K(157776K)->145065K(157776K) NonClass: 126274K(132528K)->126274K(132528K) Class: 18791K(25248K)->18791K(25248K)
[483.633s][info][gc             ] GC(1033) Pause Young (Allocation Failure) 331M->87M(986M) 3.479ms
[483.633s][info][gc,cpu         ] GC(1033) User=0.00s Sys=0.00s Real=0.00s
[483.681s][info][gc,start       ] GC(1034) Pause Young (Allocation Failure)
[483.688s][info][gc,heap        ] GC(1034) PSYoungGen: 287825K->15430K(309760K)
[483.688s][info][gc,heap        ] GC(1034) PSOldGen: 72318K->85392K(699392K)
[483.688s][info][gc,metaspace   ] GC(1034) Metaspace: 145065K(157776K)->145065K(157776K) NonClass: 126274K(132528K)->126274K(132528K) Class: 18791K(25248K)->18791K(25248K)
[483.688s][info][gc             ] GC(1034) Pause Young (Allocation Failure) 351M->98M(985M) 6.133ms
[483.688s][info][gc,cpu         ] GC(1034) User=0.09s Sys=0.00s Real=0.01s
[483.831s][info][gc,start       ] GC(1035) Pause Young (Allocation Failure)
[483.841s][info][gc,heap        ] GC(1035) PSYoungGen: 286278K->37874K(286720K)
[483.841s][info][gc,heap        ] GC(1035) PSOldGen: 85392K->99196K(699392K)
[483.841s][info][gc,metaspace   ] GC(1035) Metaspace: 145065K(157776K)->145065K(157776K) NonClass: 126274K(132528K)->126274K(132528K) Class: 18791K(25248K)->18791K(25248K)
[483.841s][info][gc             ] GC(1035) Pause Young (Allocation Failure) 362M->133M(963M) 10.741ms
[483.842s][info][gc,cpu         ] GC(1035) User=0.00s Sys=0.00s Real=0.01s
[483.872s][info][gc,start       ] GC(1036) Pause Young (Allocation Failure)
[483.879s][info][gc,heap        ] GC(1036) PSYoungGen: 283179K->18288K(299008K)
[483.879s][info][gc,heap        ] GC(1036) PSOldGen: 99196K->126118K(699392K)
[483.879s][info][gc,metaspace   ] GC(1036) Metaspace: 145065K(157776K)->145065K(157776K) NonClass: 126274K(132528K)->126274K(132528K) Class: 18791K(25248K)->18791K(25248K)
[483.879s][info][gc             ] GC(1036) Pause Young (Allocation Failure) 373M->141M(975M) 7.380ms
[483.879s][info][gc,cpu         ] GC(1036) User=0.08s Sys=0.02s Real=0.01s
[484.013s][info][gc,start       ] GC(1037) Pause Young (Allocation Failure)
[484.018s][info][gc,heap        ] GC(1037) PSYoungGen: 267120K->22653K(302080K)
[484.018s][info][gc,heap        ] GC(1037) PSOldGen: 126118K->127557K(699392K)
[484.018s][info][gc,metaspace   ] GC(1037) Metaspace: 145065K(157776K)->145065K(157776K) NonClass: 126274K(132528K)->126274K(132528K) Class: 18791K(25248K)->18791K(25248K)
[484.018s][info][gc             ] GC(1037) Pause Young (Allocation Failure) 384M->146M(978M) 4.599ms
[484.018s][info][gc,cpu         ] GC(1037) User=0.08s Sys=0.02s Real=0.01s
[484.060s][info][gc,start       ] GC(1038) Pause Young (Allocation Failure)
[484.066s][info][gc,heap        ] GC(1038) PSYoungGen: 277117K->32351K(287232K)
[484.066s][info][gc,heap        ] GC(1038) PSOldGen: 127557K->127721K(699392K)
[484.066s][info][gc,metaspace   ] GC(1038) Metaspace: 145065K(157776K)->145065K(157776K) NonClass: 126274K(132528K)->126274K(132528K) Class: 18791K(25248K)->18791K(25248K)
[484.066s][info][gc             ] GC(1038) Pause Young (Allocation Failure) 395M->156M(963M) 5.795ms
[484.066s][info][gc,cpu         ] GC(1038) User=0.05s Sys=0.03s Real=0.01s
[484.112s][info][gc,start       ] GC(1039) Pause Young (Allocation Failure)
[484.117s][info][gc,heap        ] GC(1039) PSYoungGen: 286815K->5633K(300544K)
[484.117s][info][gc,heap        ] GC(1039) PSOldGen: 127721K->143958K(699392K)
[484.117s][info][gc,metaspace   ] GC(1039) Metaspace: 145065K(157776K)->145065K(157776K) NonClass: 126274K(132528K)->126274K(132528K) Class: 18791K(25248K)->18791K(25248K)
[484.117s][info][gc             ] GC(1039) Pause Young (Allocation Failure) 404M->146M(976M) 5.549ms
[484.117s][info][gc,cpu         ] GC(1039) User=0.00s Sys=0.00s Real=0.01s
[484.159s][info][gc,start       ] GC(1040) Pause Young (Allocation Failure)
[484.163s][info][gc,heap        ] GC(1040) PSYoungGen: 256001K->16336K(299008K)
[484.163s][info][gc,heap        ] GC(1040) PSOldGen: 143958K->148708K(699392K)
[484.163s][info][gc,metaspace   ] GC(1040) Metaspace: 145065K(157776K)->145065K(157776K) NonClass: 126274K(132528K)->126274K(132528K) Class: 18791K(25248K)->18791K(25248K)
[484.163s][info][gc             ] GC(1040) Pause Young (Allocation Failure) 390M->161M(975M) 4.173ms
[484.163s][info][gc,cpu         ] GC(1040) User=0.00s Sys=0.00s Real=0.00s
[484.205s][info][gc,start       ] GC(1041) Pause Young (Allocation Failure)
[484.209s][info][gc,heap        ] GC(1041) PSYoungGen: 266704K->6818K(304640K)
[484.209s][info][gc,heap        ] GC(1041) PSOldGen: 148708K->151490K(699392K)
[484.209s][info][gc,metaspace   ] GC(1041) Metaspace: 145065K(157776K)->145065K(157776K) NonClass: 126274K(132528K)->126274K(132528K) Class: 18791K(25248K)->18791K(25248K)
[484.209s][info][gc             ] GC(1041) Pause Young (Allocation Failure) 405M->154M(980M) 3.834ms
[484.209s][info][gc,cpu         ] GC(1041) User=0.00s Sys=0.00s Real=0.00s
[484.405s][info][gc,start       ] GC(1042) Pause Young (Allocation Failure)
[484.409s][info][gc,heap        ] GC(1042) PSYoungGen: 265890K->15944K(303616K)
[484.409s][info][gc,heap        ] GC(1042) PSOldGen: 151490K->151928K(699392K)
[484.409s][info][gc,metaspace   ] GC(1042) Metaspace: 145065K(157776K)->145065K(157776K) NonClass: 126274K(132528K)->126274K(132528K) Class: 18791K(25248K)->18791K(25248K)
[484.409s][info][gc             ] GC(1042) Pause Young (Allocation Failure) 407M->163M(979M) 3.519ms
[484.409s][info][gc,cpu         ] GC(1042) User=0.02s Sys=0.00s Real=0.00s
[484.843s][info][gc,start       ] GC(1043) Pause Young (Allocation Failure)
[484.848s][info][gc,heap        ] GC(1043) PSYoungGen: 275016K->4932K(308224K)
[484.848s][info][gc,heap        ] GC(1043) PSOldGen: 151928K->167774K(699392K)
[484.848s][info][gc,metaspace   ] GC(1043) Metaspace: 145065K(157776K)->145065K(157776K) NonClass: 126274K(132528K)->126274K(132528K) Class: 18791K(25248K)->18791K(25248K)
[484.848s][info][gc             ] GC(1043) Pause Young (Allocation Failure) 416M->168M(984M) 4.927ms
[484.848s][info][gc,cpu         ] GC(1043) User=0.00s Sys=0.00s Real=0.00s
[485.934s][info][gc,start       ] GC(1044) Pause Young (Allocation Failure)
[485.938s][info][gc,heap        ] GC(1044) PSYoungGen: 271172K->7959K(307200K)
[485.938s][info][gc,heap        ] GC(1044) PSOldGen: 167774K->168552K(699392K)
[485.938s][info][gc,metaspace   ] GC(1044) Metaspace: 145065K(157776K)->145065K(157776K) NonClass: 126274K(132528K)->126274K(132528K) Class: 18791K(25248K)->18791K(25248K)
[485.938s][info][gc             ] GC(1044) Pause Young (Allocation Failure) 428M->172M(983M) 4.131ms
[485.938s][info][gc,cpu         ] GC(1044) User=0.06s Sys=0.00s Real=0.02s
[486.996s][info][gc,start       ] GC(1045) Pause Young (GCLocker Initiated GC)
[486.999s][info][gc,heap        ] GC(1045) PSYoungGen: 274199K->2945K(310272K)
[486.999s][info][gc,heap        ] GC(1045) PSOldGen: 168593K->168959K(699392K)
[486.999s][info][gc,metaspace   ] GC(1045) Metaspace: 145065K(157776K)->145065K(157776K) NonClass: 126274K(132528K)->126274K(132528K) Class: 18791K(25248K)->18791K(25248K)
[486.999s][info][gc             ] GC(1045) Pause Young (GCLocker Initiated GC) 432M->167M(986M) 2.408ms
[486.999s][info][gc,cpu         ] GC(1045) User=0.00s Sys=0.00s Real=0.00s
[487.987s][info][gc,start       ] GC(1046) Pause Young (Allocation Failure)
[487.989s][info][gc,heap        ] GC(1046) PSYoungGen: 273793K->591K(309760K)
[487.989s][info][gc,heap        ] GC(1046) PSOldGen: 177152K->177559K(699392K)
[487.989s][info][gc,metaspace   ] GC(1046) Metaspace: 145065K(157776K)->145065K(157776K) NonClass: 126274K(132528K)->126274K(132528K) Class: 18791K(25248K)->18791K(25248K)
[487.989s][info][gc             ] GC(1046) Pause Young (Allocation Failure) 440M->173M(985M) 1.940ms
[487.989s][info][gc,cpu         ] GC(1046) User=0.00s Sys=0.00s Real=0.00s
[488.994s][info][gc,start       ] GC(1047) Pause Young (Allocation Failure)
[489.000s][info][gc,heap        ] GC(1047) PSYoungGen: 271126K->1537K(311808K)
[489.001s][info][gc,heap        ] GC(1047) PSOldGen: 177559K->177982K(699392K)
[489.001s][info][gc,metaspace   ] GC(1047) Metaspace: 145065K(157776K)->145065K(157776K) NonClass: 126274K(132528K)->126274K(132528K) Class: 18791K(25248K)->18791K(25248K)
[489.001s][info][gc             ] GC(1047) Pause Young (Allocation Failure) 438M->175M(987M) 6.758ms
[489.001s][info][gc,cpu         ] GC(1047) User=0.00s Sys=0.00s Real=0.01s
[489.933s][info][gc,start       ] GC(1048) Pause Young (Allocation Failure)
[489.936s][info][gc,heap        ] GC(1048) PSYoungGen: 274945K->2134K(310784K)
[489.936s][info][gc,heap        ] GC(1048) PSOldGen: 177982K->178456K(699392K)
[489.936s][info][gc,metaspace   ] GC(1048) Metaspace: 145066K(157776K)->145066K(157776K) NonClass: 126275K(132528K)->126275K(132528K) Class: 18791K(25248K)->18791K(25248K)
[489.936s][info][gc             ] GC(1048) Pause Young (Allocation Failure) 442M->176M(986M) 2.421ms
[489.936s][info][gc,cpu         ] GC(1048) User=0.00s Sys=0.00s Real=0.00s
[490.139s][info][gc,start       ] GC(1049) Pause Young (System.gc())
[490.142s][info][gc,heap        ] GC(1049) PSYoungGen: 167757K->2405K(314368K)
[490.142s][info][gc,heap        ] GC(1049) PSOldGen: 178456K->179017K(699392K)
[490.142s][info][gc,metaspace   ] GC(1049) Metaspace: 145071K(157776K)->145071K(157776K) NonClass: 126279K(132528K)->126279K(132528K) Class: 18791K(25248K)->18791K(25248K)
[490.142s][info][gc             ] GC(1049) Pause Young (System.gc()) 338M->177M(990M) 2.672ms
[490.142s][info][gc,cpu         ] GC(1049) User=0.06s Sys=0.03s Real=0.00s
[490.142s][info][gc,start       ] GC(1050) Pause Full (System.gc())
[490.144s][info][gc,phases,start] GC(1050) Phase 1: Mark live objects
[490.215s][info][gc,phases      ] GC(1050) Phase 1: Mark live objects 71.288ms
[490.215s][info][gc,phases,start] GC(1050) Phase 2: Compute new object addresses
[490.227s][info][gc,phases      ] GC(1050) Phase 2: Compute new object addresses 11.174ms
[490.227s][info][gc,phases,start] GC(1050) Phase 3: Adjust pointers
[490.268s][info][gc,phases      ] GC(1050) Phase 3: Adjust pointers 40.987ms
[490.268s][info][gc,phases,start] GC(1050) Phase 4: Move objects
[490.268s][info][gc,phases      ] GC(1050) Phase 4: Move objects 0.802ms
[490.269s][info][gc,heap        ] GC(1050) PSYoungGen: 2405K->0K(314368K)
[490.269s][info][gc,heap        ] GC(1050) PSOldGen: 179017K->103155K(699392K)
[490.269s][info][gc,metaspace   ] GC(1050) Metaspace: 145071K(157776K)->145071K(157776K) NonClass: 126279K(132528K)->126279K(132528K) Class: 18791K(25248K)->18791K(25248K)
[490.269s][info][gc             ] GC(1050) Pause Full (System.gc()) 177M->100M(990M) 127.285ms
[490.269s][info][gc,cpu         ] GC(1050) User=0.12s Sys=0.00s Real=0.13s
[490.384s][info][gc,start       ] GC(1051) Pause Young (Allocation Failure)
[490.387s][info][gc,heap        ] GC(1051) PSYoungGen: 278016K->17025K(312832K)
[490.387s][info][gc,heap        ] GC(1051) PSOldGen: 103155K->103155K(699392K)
[490.387s][info][gc,metaspace   ] GC(1051) Metaspace: 145073K(157776K)->145073K(157776K) NonClass: 126282K(132528K)->126282K(132528K) Class: 18791K(25248K)->18791K(25248K)
[490.387s][info][gc             ] GC(1051) Pause Young (Allocation Failure) 372M->117M(988M) 3.214ms
[490.387s][info][gc,cpu         ] GC(1051) User=0.00s Sys=0.00s Real=0.00s
[490.439s][info][gc,start       ] GC(1052) Pause Young (Allocation Failure)
[490.444s][info][gc,heap        ] GC(1052) PSYoungGen: 295041K->17254K(313856K)
[490.444s][info][gc,heap        ] GC(1052) PSOldGen: 103155K->116124K(699392K)
[490.444s][info][gc,metaspace   ] GC(1052) Metaspace: 145073K(157776K)->145073K(157776K) NonClass: 126282K(132528K)->126282K(132528K) Class: 18791K(25248K)->18791K(25248K)
[490.444s][info][gc             ] GC(1052) Pause Young (Allocation Failure) 388M->130M(989M) 5.619ms
[490.444s][info][gc,cpu         ] GC(1052) User=0.00s Sys=0.00s Real=0.01s
[490.586s][info][gc,start       ] GC(1053) Pause Young (Allocation Failure)
[490.594s][info][gc,heap        ] GC(1053) PSYoungGen: 294540K->35317K(313856K)
[490.594s][info][gc,heap        ] GC(1053) PSOldGen: 116124K->131681K(699392K)
[490.594s][info][gc,metaspace   ] GC(1053) Metaspace: 145073K(157776K)->145073K(157776K) NonClass: 126282K(132528K)->126282K(132528K) Class: 18791K(25248K)->18791K(25248K)
[490.594s][info][gc             ] GC(1053) Pause Young (Allocation Failure) 401M->163M(989M) 8.032ms
[490.594s][info][gc,cpu         ] GC(1053) User=0.09s Sys=0.00s Real=0.01s
[490.630s][info][gc,start       ] GC(1054) Pause Young (Allocation Failure)
[490.637s][info][gc,heap        ] GC(1054) PSYoungGen: 312855K->16731K(293376K)
[490.637s][info][gc,heap        ] GC(1054) PSOldGen: 131681K->156933K(699392K)
[490.637s][info][gc,metaspace   ] GC(1054) Metaspace: 145073K(157776K)->145073K(157776K) NonClass: 126282K(132528K)->126282K(132528K) Class: 18791K(25248K)->18791K(25248K)
[490.637s][info][gc             ] GC(1054) Pause Young (Allocation Failure) 434M->169M(969M) 7.089ms
[490.637s][info][gc,cpu         ] GC(1054) User=0.00s Sys=0.00s Real=0.01s
[490.785s][info][gc,start       ] GC(1055) Pause Young (Allocation Failure)
[490.791s][info][gc,heap        ] GC(1055) PSYoungGen: 274779K->31652K(289792K)
[490.791s][info][gc,heap        ] GC(1055) PSOldGen: 156933K->157216K(699392K)
[490.791s][info][gc,metaspace   ] GC(1055) Metaspace: 145073K(157776K)->145073K(157776K) NonClass: 126282K(132528K)->126282K(132528K) Class: 18791K(25248K)->18791K(25248K)
[490.791s][info][gc             ] GC(1055) Pause Young (Allocation Failure) 421M->184M(966M) 5.944ms
[490.791s][info][gc,cpu         ] GC(1055) User=0.00s Sys=0.00s Real=0.01s
[490.843s][info][gc,start       ] GC(1056) Pause Young (Allocation Failure)
[490.847s][info][gc,heap        ] GC(1056) PSYoungGen: 287089K->9103K(302592K)
[490.847s][info][gc,heap        ] GC(1056) PSOldGen: 157216K->165179K(699392K)
[490.847s][info][gc,metaspace   ] GC(1056) Metaspace: 145074K(157776K)->145074K(157776K) NonClass: 126283K(132528K)->126283K(132528K) Class: 18791K(25248K)->18791K(25248K)
[490.847s][info][gc             ] GC(1056) Pause Young (Allocation Failure) 433M->170M(978M) 3.388ms
[490.847s][info][gc,cpu         ] GC(1056) User=0.00s Sys=0.00s Real=0.01s
[490.880s][info][gc,start       ] GC(1057) Pause Young (Allocation Failure)
[490.884s][info][gc,heap        ] GC(1057) PSYoungGen: 263055K->14470K(300544K)
[490.884s][info][gc,heap        ] GC(1057) PSOldGen: 165179K->174078K(699392K)
[490.884s][info][gc,metaspace   ] GC(1057) Metaspace: 145074K(157776K)->145074K(157776K) NonClass: 126283K(132528K)->126283K(132528K) Class: 18791K(25248K)->18791K(25248K)
[490.884s][info][gc             ] GC(1057) Pause Young (Allocation Failure) 418M->184M(976M) 4.422ms
[490.885s][info][gc,cpu         ] GC(1057) User=0.00s Sys=0.00s Real=0.00s
[490.915s][info][gc,start       ] GC(1058) Pause Young (Allocation Failure)
[490.919s][info][gc,heap        ] GC(1058) PSYoungGen: 268337K->17110K(307712K)
[490.919s][info][gc,heap        ] GC(1058) PSOldGen: 174078K->178862K(699392K)
[490.919s][info][gc,metaspace   ] GC(1058) Metaspace: 145074K(157776K)->145074K(157776K) NonClass: 126283K(132528K)->126283K(132528K) Class: 18791K(25248K)->18791K(25248K)
[490.919s][info][gc             ] GC(1058) Pause Young (Allocation Failure) 432M->191M(983M) 3.956ms
[490.919s][info][gc,cpu         ] GC(1058) User=0.00s Sys=0.00s Real=0.00s
[491.061s][info][gc,start       ] GC(1059) Pause Young (Allocation Failure)
[491.066s][info][gc,heap        ] GC(1059) PSYoungGen: 280790K->26321K(305152K)
[491.066s][info][gc,heap        ] GC(1059) PSOldGen: 178862K->179066K(699392K)
[491.066s][info][gc,metaspace   ] GC(1059) Metaspace: 145074K(157776K)->145074K(157776K) NonClass: 126283K(132528K)->126283K(132528K) Class: 18791K(25248K)->18791K(25248K)
[491.066s][info][gc             ] GC(1059) Pause Young (Allocation Failure) 448M->200M(981M) 5.280ms
[491.067s][info][gc,cpu         ] GC(1059) User=0.08s Sys=0.02s Real=0.01s
[491.231s][info][gc,start       ] GC(1060) Pause Young (Allocation Failure)
[491.236s][info][gc,heap        ] GC(1060) PSYoungGen: 289992K->15334K(308736K)
[491.236s][info][gc,heap        ] GC(1060) PSOldGen: 179066K->180209K(699392K)
[491.236s][info][gc,metaspace   ] GC(1060) Metaspace: 145074K(157776K)->145074K(157776K) NonClass: 126283K(132528K)->126283K(132528K) Class: 18791K(25248K)->18791K(25248K)
[491.236s][info][gc             ] GC(1060) Pause Young (Allocation Failure) 458M->190M(984M) 4.888ms
[491.236s][info][gc,cpu         ] GC(1060) User=0.02s Sys=0.03s Real=0.01s
[492.042s][info][gc,start       ] GC(1061) Pause Young (Allocation Failure)
[492.046s][info][gc,heap        ] GC(1061) PSYoungGen: 280242K->938K(306176K)
[492.046s][info][gc,heap        ] GC(1061) PSOldGen: 180209K->195341K(699392K)
[492.046s][info][gc,metaspace   ] GC(1061) Metaspace: 145074K(157776K)->145074K(157776K) NonClass: 126283K(132528K)->126283K(132528K) Class: 18791K(25248K)->18791K(25248K)
[492.046s][info][gc             ] GC(1061) Pause Young (Allocation Failure) 449M->191M(982M) 3.736ms
[492.046s][info][gc,cpu         ] GC(1061) User=0.00s Sys=0.00s Real=0.02s
[493.030s][info][gc,start       ] GC(1062) Pause Young (Allocation Failure)
[493.032s][info][gc,heap        ] GC(1062) PSYoungGen: 265675K->1409K(308224K)
[493.032s][info][gc,heap        ] GC(1062) PSOldGen: 195341K->196052K(699392K)
[493.032s][info][gc,metaspace   ] GC(1062) Metaspace: 145074K(157776K)->145074K(157776K) NonClass: 126283K(132528K)->126283K(132528K) Class: 18791K(25248K)->18791K(25248K)
[493.032s][info][gc             ] GC(1062) Pause Young (Allocation Failure) 450M->192M(984M) 2.390ms
[493.032s][info][gc,cpu         ] GC(1062) User=0.05s Sys=0.02s Real=0.00s
[494.105s][info][gc,start       ] GC(1063) Pause Young (GCLocker Initiated GC)
[494.108s][info][gc,heap        ] GC(1063) PSYoungGen: 268673K->5430K(308224K)
[494.108s][info][gc,heap        ] GC(1063) PSOldGen: 196148K->196515K(699392K)
[494.108s][info][gc,metaspace   ] GC(1063) Metaspace: 145074K(157776K)->145074K(157776K) NonClass: 126283K(132528K)->126283K(132528K) Class: 18791K(25248K)->18791K(25248K)
[494.108s][info][gc             ] GC(1063) Pause Young (GCLocker Initiated GC) 453M->197M(984M) 2.710ms
[494.108s][info][gc,cpu         ] GC(1063) User=0.00s Sys=0.00s Real=0.00s
[495.129s][info][gc,start       ] GC(1064) Pause Young (Allocation Failure)
[495.131s][info][gc,heap        ] GC(1064) PSYoungGen: 272694K->656K(310272K)
[495.131s][info][gc,heap        ] GC(1064) PSOldGen: 199590K->199980K(699392K)
[495.131s][info][gc,metaspace   ] GC(1064) Metaspace: 145075K(157776K)->145075K(157776K) NonClass: 126284K(132528K)->126284K(132528K) Class: 18791K(25248K)->18791K(25248K)
[495.131s][info][gc             ] GC(1064) Pause Young (Allocation Failure) 461M->195M(986M) 2.120ms
[495.131s][info][gc,cpu         ] GC(1064) User=0.00s Sys=0.00s Real=0.00s
[496.272s][info][gc,start       ] GC(1065) Pause Young (Allocation Failure)
[496.276s][info][gc,heap        ] GC(1065) PSYoungGen: 271504K->3781K(309760K)
[496.276s][info][gc,heap        ] GC(1065) PSOldGen: 199980K->200372K(699392K)
[496.276s][info][gc,metaspace   ] GC(1065) Metaspace: 145075K(157776K)->145075K(157776K) NonClass: 126284K(132528K)->126284K(132528K) Class: 18791K(25248K)->18791K(25248K)
[496.276s][info][gc             ] GC(1065) Pause Young (Allocation Failure) 460M->199M(985M) 4.784ms
[496.276s][info][gc,cpu         ] GC(1065) User=0.00s Sys=0.00s Real=0.00s
[497.246s][info][gc,start       ] GC(1066) Pause Young (Allocation Failure)
[497.248s][info][gc,heap        ] GC(1066) PSYoungGen: 274629K->2652K(312832K)
[497.248s][info][gc,heap        ] GC(1066) PSOldGen: 200372K->200885K(699392K)
[497.248s][info][gc,metaspace   ] GC(1066) Metaspace: 145075K(157776K)->145075K(157776K) NonClass: 126284K(132528K)->126284K(132528K) Class: 18791K(25248K)->18791K(25248K)
[497.248s][info][gc             ] GC(1066) Pause Young (Allocation Failure) 463M->198M(988M) 2.501ms
[497.248s][info][gc,cpu         ] GC(1066) User=0.00s Sys=0.00s Real=0.00s
[497.342s][info][gc,start       ] GC(1067) Pause Young (System.gc())
[497.345s][info][gc,heap        ] GC(1067) PSYoungGen: 86308K->421K(311808K)
[497.345s][info][gc,heap        ] GC(1067) PSOldGen: 200885K->203276K(699392K)
[497.345s][info][gc,metaspace   ] GC(1067) Metaspace: 145075K(157776K)->145075K(157776K) NonClass: 126284K(132528K)->126284K(132528K) Class: 18791K(25248K)->18791K(25248K)
[497.345s][info][gc             ] GC(1067) Pause Young (System.gc()) 280M->198M(987M) 3.160ms
[497.345s][info][gc,cpu         ] GC(1067) User=0.06s Sys=0.02s Real=0.00s
[497.345s][info][gc,start       ] GC(1068) Pause Full (System.gc())
[497.347s][info][gc,phases,start] GC(1068) Phase 1: Mark live objects
[497.421s][info][gc,phases      ] GC(1068) Phase 1: Mark live objects 74.627ms
[497.421s][info][gc,phases,start] GC(1068) Phase 2: Compute new object addresses
[497.434s][info][gc,phases      ] GC(1068) Phase 2: Compute new object addresses 12.518ms
[497.434s][info][gc,phases,start] GC(1068) Phase 3: Adjust pointers
[497.480s][info][gc,phases      ] GC(1068) Phase 3: Adjust pointers 45.631ms
[497.480s][info][gc,phases,start] GC(1068) Phase 4: Move objects
[497.481s][info][gc,phases      ] GC(1068) Phase 4: Move objects 1.053ms
[497.482s][info][gc,heap        ] GC(1068) PSYoungGen: 421K->0K(311808K)
[497.482s][info][gc,heap        ] GC(1068) PSOldGen: 203276K->107284K(699392K)
[497.482s][info][gc,metaspace   ] GC(1068) Metaspace: 145075K(157776K)->145075K(157776K) NonClass: 126284K(132528K)->126284K(132528K) Class: 18791K(25248K)->18791K(25248K)
[497.482s][info][gc             ] GC(1068) Pause Full (System.gc()) 198M->104M(987M) 137.150ms
[497.482s][info][gc,cpu         ] GC(1068) User=0.12s Sys=0.00s Real=0.13s
[497.605s][info][gc,start       ] GC(1069) Pause Young (Allocation Failure)
[497.609s][info][gc,heap        ] GC(1069) PSYoungGen: 275456K->17041K(312832K)
[497.609s][info][gc,heap        ] GC(1069) PSOldGen: 107284K->107284K(699392K)
[497.609s][info][gc,metaspace   ] GC(1069) Metaspace: 145078K(157776K)->145078K(157776K) NonClass: 126286K(132528K)->126286K(132528K) Class: 18791K(25248K)->18791K(25248K)
[497.609s][info][gc             ] GC(1069) Pause Young (Allocation Failure) 373M->121M(988M) 3.934ms
[497.609s][info][gc,cpu         ] GC(1069) User=0.05s Sys=0.00s Real=0.00s
[497.661s][info][gc,start       ] GC(1070) Pause Young (Allocation Failure)
[497.667s][info][gc,heap        ] GC(1070) PSYoungGen: 294545K->15430K(313344K)
[497.667s][info][gc,heap        ] GC(1070) PSOldGen: 107284K->120387K(699392K)
[497.667s][info][gc,metaspace   ] GC(1070) Metaspace: 145078K(157776K)->145078K(157776K) NonClass: 126286K(132528K)->126286K(132528K) Class: 18791K(25248K)->18791K(25248K)
[497.667s][info][gc             ] GC(1070) Pause Young (Allocation Failure) 392M->132M(989M) 5.547ms
[497.667s][info][gc,cpu         ] GC(1070) User=0.00s Sys=0.00s Real=0.01s
[497.811s][info][gc,start       ] GC(1071) Pause Young (Allocation Failure)
[497.818s][info][gc,heap        ] GC(1071) PSYoungGen: 292934K->35320K(286208K)
[497.819s][info][gc,heap        ] GC(1071) PSOldGen: 120387K->140516K(699392K)
[497.819s][info][gc,metaspace   ] GC(1071) Metaspace: 145078K(157776K)->145078K(157776K) NonClass: 126286K(132528K)->126286K(132528K) Class: 18791K(25248K)->18791K(25248K)
[497.819s][info][gc             ] GC(1071) Pause Young (Allocation Failure) 403M->171M(962M) 7.601ms
[497.819s][info][gc,cpu         ] GC(1071) User=0.06s Sys=0.02s Real=0.01s
[497.849s][info][gc,start       ] GC(1072) Pause Young (Allocation Failure)
[497.856s][info][gc,heap        ] GC(1072) PSYoungGen: 283779K->15950K(300032K)
[497.856s][info][gc,heap        ] GC(1072) PSOldGen: 140516K->157553K(699392K)
[497.856s][info][gc,metaspace   ] GC(1072) Metaspace: 145078K(157776K)->145078K(157776K) NonClass: 126286K(132528K)->126286K(132528K) Class: 18791K(25248K)->18791K(25248K)
[497.856s][info][gc             ] GC(1072) Pause Young (Allocation Failure) 414M->169M(976M) 6.682ms
[497.856s][info][gc,cpu         ] GC(1072) User=0.00s Sys=0.00s Real=0.01s
[497.998s][info][gc,start       ] GC(1073) Pause Young (Allocation Failure)
[498.004s][info][gc,heap        ] GC(1073) PSYoungGen: 266155K->34725K(294400K)
[498.004s][info][gc,heap        ] GC(1073) PSOldGen: 157553K->157577K(699392K)
[498.004s][info][gc,metaspace   ] GC(1073) Metaspace: 145078K(157776K)->145078K(157776K) NonClass: 126286K(132528K)->126286K(132528K) Class: 18791K(25248K)->18791K(25248K)
[498.004s][info][gc             ] GC(1073) Pause Young (Allocation Failure) 413M->187M(970M) 6.410ms
[498.004s][info][gc,cpu         ] GC(1073) User=0.06s Sys=0.00s Real=0.00s
[498.050s][info][gc,start       ] GC(1074) Pause Young (Allocation Failure)
[498.055s][info][gc,heap        ] GC(1074) PSYoungGen: 282297K->23770K(298496K)
[498.055s][info][gc,heap        ] GC(1074) PSOldGen: 157577K->159312K(699392K)
[498.055s][info][gc,metaspace   ] GC(1074) Metaspace: 145078K(157776K)->145078K(157776K) NonClass: 126286K(132528K)->126286K(132528K) Class: 18791K(25248K)->18791K(25248K)
[498.055s][info][gc             ] GC(1074) Pause Young (Allocation Failure) 429M->178M(974M) 5.015ms
[498.055s][info][gc,cpu         ] GC(1074) User=0.00s Sys=0.00s Real=0.01s
[498.106s][info][gc,start       ] GC(1075) Pause Young (Allocation Failure)
[498.111s][info][gc,heap        ] GC(1075) PSYoungGen: 271578K->15513K(302080K)
[498.111s][info][gc,heap        ] GC(1075) PSOldGen: 159312K->172542K(699392K)
[498.111s][info][gc,metaspace   ] GC(1075) Metaspace: 145078K(157776K)->145078K(157776K) NonClass: 126286K(132528K)->126286K(132528K) Class: 18791K(25248K)->18791K(25248K)
[498.111s][info][gc             ] GC(1075) Pause Young (Allocation Failure) 420M->183M(978M) 5.107ms
[498.111s][info][gc,cpu         ] GC(1075) User=0.06s Sys=0.02s Real=0.00s
[498.142s][info][gc,start       ] GC(1076) Pause Young (Allocation Failure)
[498.146s][info][gc,heap        ] GC(1076) PSYoungGen: 265665K->21761K(299520K)
[498.146s][info][gc,heap        ] GC(1076) PSOldGen: 172542K->179481K(699392K)
[498.146s][info][gc,metaspace   ] GC(1076) Metaspace: 145078K(157776K)->145078K(157776K) NonClass: 126286K(132528K)->126286K(132528K) Class: 18791K(25248K)->18791K(25248K)
[498.146s][info][gc             ] GC(1076) Pause Young (Allocation Failure) 427M->196M(975M) 4.527ms
[498.147s][info][gc,cpu         ] GC(1076) User=0.00s Sys=0.00s Real=0.01s
[498.182s][info][gc,start       ] GC(1077) Pause Young (Allocation Failure)
[498.185s][info][gc,heap        ] GC(1077) PSYoungGen: 274177K->7870K(304640K)
[498.185s][info][gc,heap        ] GC(1077) PSOldGen: 179481K->182182K(699392K)
[498.185s][info][gc,metaspace   ] GC(1077) Metaspace: 145078K(157776K)->145078K(157776K) NonClass: 126286K(132528K)->126286K(132528K) Class: 18791K(25248K)->18791K(25248K)
[498.185s][info][gc             ] GC(1077) Pause Young (Allocation Failure) 443M->185M(980M) 3.194ms
[498.185s][info][gc,cpu         ] GC(1077) User=0.00s Sys=0.00s Real=0.00s
[498.384s][info][gc,start       ] GC(1078) Pause Young (Allocation Failure)
[498.388s][info][gc,heap        ] GC(1078) PSYoungGen: 266942K->16021K(303616K)
[498.388s][info][gc,heap        ] GC(1078) PSOldGen: 182182K->182698K(699392K)
[498.388s][info][gc,metaspace   ] GC(1078) Metaspace: 145078K(157776K)->145078K(157776K) NonClass: 126286K(132528K)->126286K(132528K) Class: 18791K(25248K)->18791K(25248K)
[498.388s][info][gc             ] GC(1078) Pause Young (Allocation Failure) 438M->194M(979M) 3.713ms
[498.388s][info][gc,cpu         ] GC(1078) User=0.00s Sys=0.00s Real=0.01s
[498.870s][info][gc,start       ] GC(1079) Pause Young (Allocation Failure)
[498.874s][info][gc,heap        ] GC(1079) PSYoungGen: 275093K->3543K(307712K)
[498.874s][info][gc,heap        ] GC(1079) PSOldGen: 182698K->198528K(699392K)
[498.874s][info][gc,metaspace   ] GC(1079) Metaspace: 145078K(157776K)->145078K(157776K) NonClass: 126286K(132528K)->126286K(132528K) Class: 18791K(25248K)->18791K(25248K)
[498.875s][info][gc             ] GC(1079) Pause Young (Allocation Failure) 447M->197M(983M) 4.356ms
[498.875s][info][gc,cpu         ] GC(1079) User=0.00s Sys=0.00s Real=0.00s
[499.913s][info][gc,start       ] GC(1080) Pause Young (Allocation Failure)
[499.916s][info][gc,heap        ] GC(1080) PSYoungGen: 269271K->5571K(307200K)
[499.916s][info][gc,heap        ] GC(1080) PSOldGen: 198528K->199257K(699392K)
[499.916s][info][gc,metaspace   ] GC(1080) Metaspace: 145079K(157776K)->145079K(157776K) NonClass: 126287K(132528K)->126287K(132528K) Class: 18791K(25248K)->18791K(25248K)
[499.916s][info][gc             ] GC(1080) Pause Young (Allocation Failure) 456M->200M(983M) 2.845ms
[499.916s][info][gc,cpu         ] GC(1080) User=0.00s Sys=0.00s Real=0.00s
[500.950s][info][gc,start       ] GC(1081) Pause Young (Allocation Failure)
[500.953s][info][gc,heap        ] GC(1081) PSYoungGen: 271299K->6475K(309760K)
[500.953s][info][gc,heap        ] GC(1081) PSOldGen: 199257K->199647K(699392K)
[500.953s][info][gc,metaspace   ] GC(1081) Metaspace: 145079K(157776K)->145079K(157776K) NonClass: 126287K(132528K)->126287K(132528K) Class: 18791K(25248K)->18791K(25248K)
[500.953s][info][gc             ] GC(1081) Pause Young (Allocation Failure) 459M->201M(985M) 3.328ms
[500.953s][info][gc,cpu         ] GC(1081) User=0.02s Sys=0.00s Real=0.02s
[501.886s][info][gc,start       ] GC(1082) Pause Young (Allocation Failure)
[501.888s][info][gc,heap        ] GC(1082) PSYoungGen: 275275K->1350K(308224K)
[501.888s][info][gc,heap        ] GC(1082) PSOldGen: 199647K->200038K(699392K)
[501.888s][info][gc,metaspace   ] GC(1082) Metaspace: 145079K(157776K)->145079K(157776K) NonClass: 126287K(132528K)->126287K(132528K) Class: 18791K(25248K)->18791K(25248K)
[501.888s][info][gc             ] GC(1082) Pause Young (Allocation Failure) 463M->196M(984M) 2.203ms
[501.888s][info][gc,cpu         ] GC(1082) User=0.00s Sys=0.00s Real=0.00s
[502.865s][info][gc,start       ] GC(1083) Pause Young (Allocation Failure)
[502.867s][info][gc,heap        ] GC(1083) PSYoungGen: 270150K->1280K(310784K)
[502.867s][info][gc,heap        ] GC(1083) PSOldGen: 200038K->200520K(699392K)
[502.867s][info][gc,metaspace   ] GC(1083) Metaspace: 145079K(157776K)->145079K(157776K) NonClass: 126287K(132528K)->126287K(132528K) Class: 18791K(25248K)->18791K(25248K)
[502.867s][info][gc             ] GC(1083) Pause Young (Allocation Failure) 459M->197M(986M) 2.524ms
[502.867s][info][gc,cpu         ] GC(1083) User=0.00s Sys=0.00s Real=0.00s
[503.725s][info][gc,start       ] GC(1084) Pause Young (Allocation Failure)
[503.727s][info][gc,heap        ] GC(1084) PSYoungGen: 273152K->2262K(310272K)
[503.727s][info][gc,heap        ] GC(1084) PSOldGen: 200520K->200865K(699392K)
[503.727s][info][gc,metaspace   ] GC(1084) Metaspace: 145079K(157776K)->145079K(157776K) NonClass: 126287K(132528K)->126287K(132528K) Class: 18791K(25248K)->18791K(25248K)
[503.727s][info][gc             ] GC(1084) Pause Young (Allocation Failure) 462M->198M(986M) 2.726ms
[503.727s][info][gc,cpu         ] GC(1084) User=0.00s Sys=0.00s Real=0.00s
[503.925s][info][gc,start       ] GC(1085) Pause Young (System.gc())
[503.928s][info][gc,heap        ] GC(1085) PSYoungGen: 171847K->2444K(313344K)
[503.928s][info][gc,heap        ] GC(1085) PSOldGen: 200865K->201336K(699392K)
[503.928s][info][gc,metaspace   ] GC(1085) Metaspace: 145080K(157776K)->145080K(157776K) NonClass: 126289K(132528K)->126289K(132528K) Class: 18791K(25248K)->18791K(25248K)
[503.928s][info][gc             ] GC(1085) Pause Young (System.gc()) 363M->199M(989M) 2.739ms
[503.928s][info][gc,cpu         ] GC(1085) User=0.00s Sys=0.00s Real=0.01s
[503.928s][info][gc,start       ] GC(1086) Pause Full (System.gc())
[503.930s][info][gc,phases,start] GC(1086) Phase 1: Mark live objects
[504.001s][info][gc,phases      ] GC(1086) Phase 1: Mark live objects 70.928ms
[504.001s][info][gc,phases,start] GC(1086) Phase 2: Compute new object addresses
[504.012s][info][gc,phases      ] GC(1086) Phase 2: Compute new object addresses 11.215ms
[504.012s][info][gc,phases,start] GC(1086) Phase 3: Adjust pointers
[504.054s][info][gc,phases      ] GC(1086) Phase 3: Adjust pointers 41.473ms
[504.054s][info][gc,phases,start] GC(1086) Phase 4: Move objects
[504.055s][info][gc,phases      ] GC(1086) Phase 4: Move objects 1.551ms
[504.056s][info][gc,heap        ] GC(1086) PSYoungGen: 2444K->0K(313344K)
[504.056s][info][gc,heap        ] GC(1086) PSOldGen: 201336K->107528K(699392K)
[504.056s][info][gc,metaspace   ] GC(1086) Metaspace: 145080K(157776K)->145080K(157776K) NonClass: 126289K(132528K)->126289K(132528K) Class: 18791K(25248K)->18791K(25248K)
[504.056s][info][gc             ] GC(1086) Pause Full (System.gc()) 199M->105M(989M) 128.144ms
[504.056s][info][gc,cpu         ] GC(1086) User=0.12s Sys=0.00s Real=0.13s
[504.174s][info][gc,start       ] GC(1087) Pause Young (Allocation Failure)
[504.177s][info][gc,heap        ] GC(1087) PSYoungGen: 275968K->16353K(311808K)
[504.177s][info][gc,heap        ] GC(1087) PSOldGen: 107528K->107528K(699392K)
[504.177s][info][gc,metaspace   ] GC(1087) Metaspace: 145091K(157776K)->145091K(157776K) NonClass: 126300K(132528K)->126300K(132528K) Class: 18791K(25248K)->18791K(25248K)
[504.177s][info][gc             ] GC(1087) Pause Young (Allocation Failure) 374M->120M(987M) 3.418ms
[504.177s][info][gc,cpu         ] GC(1087) User=0.00s Sys=0.00s Real=0.00s
[504.225s][info][gc,start       ] GC(1088) Pause Young (Allocation Failure)
[504.229s][info][gc,heap        ] GC(1088) PSYoungGen: 292321K->16390K(313856K)
[504.229s][info][gc,heap        ] GC(1088) PSOldGen: 107528K->119915K(699392K)
[504.229s][info][gc,metaspace   ] GC(1088) Metaspace: 145091K(157776K)->145091K(157776K) NonClass: 126300K(132528K)->126300K(132528K) Class: 18791K(25248K)->18791K(25248K)
[504.229s][info][gc             ] GC(1088) Pause Young (Allocation Failure) 390M->133M(989M) 4.931ms
[504.230s][info][gc,cpu         ] GC(1088) User=0.00s Sys=0.00s Real=0.00s
[504.365s][info][gc,start       ] GC(1089) Pause Young (Allocation Failure)
[504.372s][info][gc,heap        ] GC(1089) PSYoungGen: 291643K->35284K(313344K)
[504.372s][info][gc,heap        ] GC(1089) PSOldGen: 119915K->135871K(699392K)
[504.372s][info][gc,metaspace   ] GC(1089) Metaspace: 145091K(157776K)->145091K(157776K) NonClass: 126300K(132528K)->126300K(132528K) Class: 18791K(25248K)->18791K(25248K)
[504.372s][info][gc             ] GC(1089) Pause Young (Allocation Failure) 401M->167M(989M) 7.579ms
[504.372s][info][gc,cpu         ] GC(1089) User=0.00s Sys=0.00s Real=0.01s
[504.405s][info][gc,start       ] GC(1090) Pause Young (Allocation Failure)
[504.411s][info][gc,heap        ] GC(1090) PSYoungGen: 310812K->17667K(303104K)
[504.411s][info][gc,heap        ] GC(1090) PSOldGen: 135871K->156825K(699392K)
[504.411s][info][gc,metaspace   ] GC(1090) Metaspace: 145091K(157776K)->145091K(157776K) NonClass: 126300K(132528K)->126300K(132528K) Class: 18791K(25248K)->18791K(25248K)
[504.411s][info][gc             ] GC(1090) Pause Young (Allocation Failure) 436M->170M(979M) 6.103ms
[504.411s][info][gc,cpu         ] GC(1090) User=0.02s Sys=0.00s Real=0.01s
[504.564s][info][gc,start       ] GC(1091) Pause Young (Allocation Failure)
[504.570s][info][gc,heap        ] GC(1091) PSYoungGen: 284931K->31692K(299008K)
[504.570s][info][gc,heap        ] GC(1091) PSOldGen: 156825K->156873K(699392K)
[504.570s][info][gc,metaspace   ] GC(1091) Metaspace: 145091K(157776K)->145091K(157776K) NonClass: 126300K(132528K)->126300K(132528K) Class: 18791K(25248K)->18791K(25248K)
[504.570s][info][gc             ] GC(1091) Pause Young (Allocation Failure) 431M->184M(975M) 5.989ms
[504.570s][info][gc,cpu         ] GC(1091) User=0.00s Sys=0.00s Real=0.01s
[504.627s][info][gc,start       ] GC(1092) Pause Young (Allocation Failure)
[504.631s][info][gc,heap        ] GC(1092) PSYoungGen: 298844K->12885K(306688K)
[504.631s][info][gc,heap        ] GC(1092) PSOldGen: 156873K->166399K(699392K)
[504.631s][info][gc,metaspace   ] GC(1092) Metaspace: 145091K(157776K)->145091K(157776K) NonClass: 126300K(132528K)->126300K(132528K) Class: 18791K(25248K)->18791K(25248K)
[504.631s][info][gc             ] GC(1092) Pause Young (Allocation Failure) 445M->175M(982M) 4.263ms
[504.631s][info][gc,cpu         ] GC(1092) User=0.00s Sys=0.00s Real=0.00s
[504.661s][info][gc,start       ] GC(1093) Pause Young (Allocation Failure)
[504.665s][info][gc,heap        ] GC(1093) PSYoungGen: 271621K->14543K(304128K)
[504.665s][info][gc,heap        ] GC(1093) PSOldGen: 166399K->174395K(699392K)
[504.665s][info][gc,metaspace   ] GC(1093) Metaspace: 145091K(157776K)->145091K(157776K) NonClass: 126300K(132528K)->126300K(132528K) Class: 18791K(25248K)->18791K(25248K)
[504.665s][info][gc             ] GC(1093) Pause Young (Allocation Failure) 427M->184M(980M) 4.030ms
[504.665s][info][gc,cpu         ] GC(1093) User=0.00s Sys=0.00s Real=0.00s
[504.696s][info][gc,start       ] GC(1094) Pause Young (Allocation Failure)
[504.700s][info][gc,heap        ] GC(1094) PSYoungGen: 276175K->16459K(311296K)
[504.700s][info][gc,heap        ] GC(1094) PSOldGen: 174395K->179118K(699392K)
[504.700s][info][gc,metaspace   ] GC(1094) Metaspace: 145091K(157776K)->145091K(157776K) NonClass: 126300K(132528K)->126300K(132528K) Class: 18791K(25248K)->18791K(25248K)
[504.700s][info][gc             ] GC(1094) Pause Young (Allocation Failure) 440M->190M(987M) 3.845ms
[504.700s][info][gc,cpu         ] GC(1094) User=0.00s Sys=0.00s Real=0.00s
[504.839s][info][gc,start       ] GC(1095) Pause Young (Allocation Failure)
[504.845s][info][gc,heap        ] GC(1095) PSYoungGen: 287302K->35177K(306688K)
[504.845s][info][gc,heap        ] GC(1095) PSOldGen: 179118K->179314K(699392K)
[504.845s][info][gc,metaspace   ] GC(1095) Metaspace: 145091K(157776K)->145091K(157776K) NonClass: 126300K(132528K)->126300K(132528K) Class: 18791K(25248K)->18791K(25248K)
[504.845s][info][gc             ] GC(1095) Pause Young (Allocation Failure) 455M->209M(982M) 6.054ms
[504.845s][info][gc,cpu         ] GC(1095) User=0.09s Sys=0.00s Real=0.00s
[505.027s][info][gc,start       ] GC(1096) Pause Young (Allocation Failure)
[505.031s][info][gc,heap        ] GC(1096) PSYoungGen: 306537K->13096K(308224K)
[505.031s][info][gc,heap        ] GC(1096) PSOldGen: 179314K->182746K(699392K)
[505.031s][info][gc,metaspace   ] GC(1096) Metaspace: 145091K(157776K)->145091K(157776K) NonClass: 126300K(132528K)->126300K(132528K) Class: 18791K(25248K)->18791K(25248K)
[505.031s][info][gc             ] GC(1096) Pause Young (Allocation Failure) 474M->191M(984M) 3.915ms
[505.031s][info][gc,cpu         ] GC(1096) User=0.02s Sys=0.00s Real=0.00s
[505.850s][info][gc,start       ] GC(1097) Pause Young (Allocation Failure)
[505.854s][info][gc,heap        ] GC(1097) PSYoungGen: 278824K->3458K(306688K)
[505.854s][info][gc,heap        ] GC(1097) PSOldGen: 182746K->195623K(699392K)
[505.854s][info][gc,metaspace   ] GC(1097) Metaspace: 145091K(157776K)->145091K(157776K) NonClass: 126300K(132528K)->126300K(132528K) Class: 18791K(25248K)->18791K(25248K)
[505.854s][info][gc             ] GC(1097) Pause Young (Allocation Failure) 450M->194M(982M) 4.129ms
[505.854s][info][gc,cpu         ] GC(1097) User=0.00s Sys=0.00s Real=0.00s
[506.892s][info][gc,start       ] GC(1098) Pause Young (Allocation Failure)
[506.895s][info][gc,heap        ] GC(1098) PSYoungGen: 269186K->6305K(309248K)
[506.895s][info][gc,heap        ] GC(1098) PSOldGen: 195623K->196230K(699392K)
[506.895s][info][gc,metaspace   ] GC(1098) Metaspace: 145091K(157776K)->145091K(157776K) NonClass: 126300K(132528K)->126300K(132528K) Class: 18791K(25248K)->18791K(25248K)
[506.895s][info][gc             ] GC(1098) Pause Young (Allocation Failure) 453M->197M(985M) 3.379ms
[506.895s][info][gc,cpu         ] GC(1098) User=0.00s Sys=0.00s Real=0.00s
[507.891s][info][gc,start       ] GC(1099) Pause Young (Allocation Failure)
[507.893s][info][gc,heap        ] GC(1099) PSYoungGen: 274593K->1121K(308224K)
[507.893s][info][gc,heap        ] GC(1099) PSOldGen: 196230K->196608K(699392K)
[507.893s][info][gc,metaspace   ] GC(1099) Metaspace: 145091K(157776K)->145091K(157776K) NonClass: 126300K(132528K)->126300K(132528K) Class: 18791K(25248K)->18791K(25248K)
[507.893s][info][gc             ] GC(1099) Pause Young (Allocation Failure) 459M->193M(984M) 1.990ms
[507.893s][info][gc,cpu         ] GC(1099) User=0.00s Sys=0.00s Real=0.00s
[508.868s][info][gc,start       ] GC(1100) Pause Young (Allocation Failure)
[508.870s][info][gc,heap        ] GC(1100) PSYoungGen: 269409K->1151K(309760K)
[508.870s][info][gc,heap        ] GC(1100) PSOldGen: 196608K->197066K(699392K)
[508.870s][info][gc,metaspace   ] GC(1100) Metaspace: 145091K(157776K)->145091K(157776K) NonClass: 126300K(132528K)->126300K(132528K) Class: 18791K(25248K)->18791K(25248K)
[508.870s][info][gc             ] GC(1100) Pause Young (Allocation Failure) 455M->193M(985M) 2.067ms
[508.870s][info][gc,cpu         ] GC(1100) User=0.00s Sys=0.00s Real=0.00s
[509.770s][info][gc,start       ] GC(1101) Pause Young (Allocation Failure)
[509.772s][info][gc,heap        ] GC(1101) PSYoungGen: 270975K->1768K(309248K)
[509.772s][info][gc,heap        ] GC(1101) PSOldGen: 197066K->197410K(699392K)
[509.772s][info][gc,metaspace   ] GC(1101) Metaspace: 145091K(157776K)->145091K(157776K) NonClass: 126300K(132528K)->126300K(132528K) Class: 18791K(25248K)->18791K(25248K)
[509.772s][info][gc             ] GC(1101) Pause Young (Allocation Failure) 457M->194M(985M) 2.154ms
[509.772s][info][gc,cpu         ] GC(1101) User=0.00s Sys=0.00s Real=0.00s
[510.373s][info][gc,start       ] GC(1102) Pause Young (Allocation Failure)
[510.377s][info][gc,heap        ] GC(1102) PSYoungGen: 271592K->10683K(313344K)
[510.377s][info][gc,heap        ] GC(1102) PSOldGen: 197410K->197938K(699392K)
[510.377s][info][gc,metaspace   ] GC(1102) Metaspace: 145091K(157776K)->145091K(157776K) NonClass: 126300K(132528K)->126300K(132528K) Class: 18791K(25248K)->18791K(25248K)
[510.377s][info][gc             ] GC(1102) Pause Young (Allocation Failure) 458M->203M(989M) 3.961ms
[510.377s][info][gc,cpu         ] GC(1102) User=0.09s Sys=0.00s Real=0.00s
[510.445s][info][gc,start       ] GC(1103) Pause Young (System.gc())
[510.447s][info][gc,heap        ] GC(1103) PSYoungGen: 55319K->320K(310784K)
[510.447s][info][gc,heap        ] GC(1103) PSOldGen: 197938K->200335K(699392K)
[510.447s][info][gc,metaspace   ] GC(1103) Metaspace: 145092K(157776K)->145092K(157776K) NonClass: 126301K(132528K)->126301K(132528K) Class: 18791K(25248K)->18791K(25248K)
[510.447s][info][gc             ] GC(1103) Pause Young (System.gc()) 247M->195M(986M) 2.277ms
[510.447s][info][gc,cpu         ] GC(1103) User=0.00s Sys=0.00s Real=0.01s
[510.447s][info][gc,start       ] GC(1104) Pause Full (System.gc())
[510.449s][info][gc,phases,start] GC(1104) Phase 1: Mark live objects
[510.519s][info][gc,phases      ] GC(1104) Phase 1: Mark live objects 70.186ms
[510.519s][info][gc,phases,start] GC(1104) Phase 2: Compute new object addresses
[510.530s][info][gc,phases      ] GC(1104) Phase 2: Compute new object addresses 11.224ms
[510.530s][info][gc,phases,start] GC(1104) Phase 3: Adjust pointers
[510.572s][info][gc,phases      ] GC(1104) Phase 3: Adjust pointers 41.568ms
[510.572s][info][gc,phases,start] GC(1104) Phase 4: Move objects
[510.577s][info][gc,phases      ] GC(1104) Phase 4: Move objects 4.866ms
[510.578s][info][gc,heap        ] GC(1104) PSYoungGen: 320K->0K(310784K)
[510.578s][info][gc,heap        ] GC(1104) PSOldGen: 200335K->72415K(699392K)
[510.578s][info][gc,metaspace   ] GC(1104) Metaspace: 145092K(157776K)->145092K(157776K) NonClass: 126301K(132528K)->126301K(132528K) Class: 18791K(25248K)->18791K(25248K)
[510.578s][info][gc             ] GC(1104) Pause Full (System.gc()) 195M->70M(986M) 130.743ms
[510.578s][info][gc,cpu         ] GC(1104) User=0.12s Sys=0.00s Real=0.13s
[510.691s][info][gc,start       ] GC(1105) Pause Young (Allocation Failure)
[510.695s][info][gc,heap        ] GC(1105) PSYoungGen: 274944K->17057K(313856K)
[510.695s][info][gc,heap        ] GC(1105) PSOldGen: 72415K->72415K(699392K)
[510.695s][info][gc,metaspace   ] GC(1105) Metaspace: 145095K(157776K)->145095K(157776K) NonClass: 126304K(132528K)->126304K(132528K) Class: 18791K(25248K)->18791K(25248K)
[510.695s][info][gc             ] GC(1105) Pause Young (Allocation Failure) 339M->87M(989M) 3.462ms
[510.695s][info][gc,cpu         ] GC(1105) User=0.00s Sys=0.00s Real=0.00s
[510.745s][info][gc,start       ] GC(1106) Pause Young (Allocation Failure)
[510.750s][info][gc,heap        ] GC(1106) PSYoungGen: 295585K->15462K(313856K)
[510.750s][info][gc,heap        ] GC(1106) PSOldGen: 72415K->85398K(699392K)
[510.750s][info][gc,metaspace   ] GC(1106) Metaspace: 145095K(157776K)->145095K(157776K) NonClass: 126304K(132528K)->126304K(132528K) Class: 18791K(25248K)->18791K(25248K)
[510.750s][info][gc             ] GC(1106) Pause Young (Allocation Failure) 359M->98M(989M) 5.146ms
[510.750s][info][gc,cpu         ] GC(1106) User=0.06s Sys=0.02s Real=0.01s
[510.886s][info][gc,start       ] GC(1107) Pause Young (Allocation Failure)
[510.893s][info][gc,heap        ] GC(1107) PSYoungGen: 293097K->34805K(294912K)
[510.893s][info][gc,heap        ] GC(1107) PSOldGen: 85398K->94279K(699392K)
[510.893s][info][gc,metaspace   ] GC(1107) Metaspace: 145095K(157776K)->145095K(157776K) NonClass: 126304K(132528K)->126304K(132528K) Class: 18791K(25248K)->18791K(25248K)
[510.893s][info][gc             ] GC(1107) Pause Young (Allocation Failure) 369M->126M(971M) 6.992ms
[510.893s][info][gc,cpu         ] GC(1107) User=0.09s Sys=0.00s Real=0.01s
[510.926s][info][gc,start       ] GC(1108) Pause Young (Allocation Failure)
[510.933s][info][gc,heap        ] GC(1108) PSYoungGen: 293367K->7231K(304640K)
[510.933s][info][gc,heap        ] GC(1108) PSOldGen: 94279K->122601K(699392K)
[510.933s][info][gc,metaspace   ] GC(1108) Metaspace: 145095K(157776K)->145095K(157776K) NonClass: 126304K(132528K)->126304K(132528K) Class: 18791K(25248K)->18791K(25248K)
[510.933s][info][gc             ] GC(1108) Pause Young (Allocation Failure) 378M->126M(980M) 6.397ms
[510.933s][info][gc,cpu         ] GC(1108) User=0.00s Sys=0.00s Real=0.01s
[511.072s][info][gc,start       ] GC(1109) Pause Young (Allocation Failure)
[511.078s][info][gc,heap        ] GC(1109) PSYoungGen: 266592K->36226K(295424K)
[511.078s][info][gc,heap        ] GC(1109) PSOldGen: 122601K->122633K(699392K)
[511.078s][info][gc,metaspace   ] GC(1109) Metaspace: 145095K(157776K)->145095K(157776K) NonClass: 126304K(132528K)->126304K(132528K) Class: 18791K(25248K)->18791K(25248K)
[511.078s][info][gc             ] GC(1109) Pause Young (Allocation Failure) 380M->155M(971M) 6.175ms
[511.078s][info][gc,cpu         ] GC(1109) User=0.00s Sys=0.00s Real=0.01s
[511.120s][info][gc,start       ] GC(1110) Pause Young (Allocation Failure)
[511.125s][info][gc,heap        ] GC(1110) PSYoungGen: 289154K->23906K(301056K)
[511.125s][info][gc,heap        ] GC(1110) PSOldGen: 122633K->127493K(699392K)
[511.125s][info][gc,metaspace   ] GC(1110) Metaspace: 145095K(157776K)->145095K(157776K) NonClass: 126304K(132528K)->126304K(132528K) Class: 18791K(25248K)->18791K(25248K)
[511.125s][info][gc             ] GC(1110) Pause Young (Allocation Failure) 402M->147M(977M) 5.240ms
[511.125s][info][gc,cpu         ] GC(1110) User=0.09s Sys=0.00s Real=0.01s
[511.169s][info][gc,start       ] GC(1111) Pause Young (GCLocker Initiated GC)
[511.174s][info][gc,heap        ] GC(1111) PSYoungGen: 276834K->22702K(302080K)
[511.174s][info][gc,heap        ] GC(1111) PSOldGen: 127495K->139114K(699392K)
[511.174s][info][gc,metaspace   ] GC(1111) Metaspace: 145095K(157776K)->145095K(157776K) NonClass: 126304K(132528K)->126304K(132528K) Class: 18791K(25248K)->18791K(25248K)
[511.174s][info][gc             ] GC(1111) Pause Young (GCLocker Initiated GC) 394M->158M(978M) 5.022ms
[511.174s][info][gc,cpu         ] GC(1111) User=0.09s Sys=0.00s Real=0.01s
[511.204s][info][gc,start       ] GC(1112) Pause Young (Allocation Failure)
[511.207s][info][gc,heap        ] GC(1112) PSYoungGen: 277166K->4592K(301568K)
[511.207s][info][gc,heap        ] GC(1112) PSOldGen: 139115K->144037K(699392K)
[511.207s][info][gc,metaspace   ] GC(1112) Metaspace: 145095K(157776K)->145095K(157776K) NonClass: 126304K(132528K)->126304K(132528K) Class: 18791K(25248K)->18791K(25248K)
[511.207s][info][gc             ] GC(1112) Pause Young (Allocation Failure) 406M->145M(977M) 3.192ms
[511.207s][info][gc,cpu         ] GC(1112) User=0.00s Sys=0.00s Real=0.00s
[511.336s][info][gc,start       ] GC(1113) Pause Young (Allocation Failure)
[511.339s][info][gc,heap        ] GC(1113) PSYoungGen: 259056K->9001K(304640K)
[511.339s][info][gc,heap        ] GC(1113) PSOldGen: 144037K->144234K(699392K)
[511.339s][info][gc,metaspace   ] GC(1113) Metaspace: 145095K(157776K)->145095K(157776K) NonClass: 126304K(132528K)->126304K(132528K) Class: 18791K(25248K)->18791K(25248K)
[511.339s][info][gc             ] GC(1113) Pause Young (Allocation Failure) 393M->149M(980M) 3.063ms
[511.339s][info][gc,cpu         ] GC(1113) User=0.00s Sys=0.00s Real=0.00s
[511.464s][info][gc,start       ] GC(1114) Pause Young (Allocation Failure)
[511.467s][info][gc,heap        ] GC(1114) PSYoungGen: 267561K->15945K(303104K)
[511.467s][info][gc,heap        ] GC(1114) PSOldGen: 144234K->144611K(699392K)
[511.467s][info][gc,metaspace   ] GC(1114) Metaspace: 145095K(157776K)->145095K(157776K) NonClass: 126304K(132528K)->126304K(132528K) Class: 18791K(25248K)->18791K(25248K)
[511.467s][info][gc             ] GC(1114) Pause Young (Allocation Failure) 402M->156M(979M) 3.748ms
[511.467s][info][gc,cpu         ] GC(1114) User=0.00s Sys=0.00s Real=0.01s
[512.025s][info][gc,start       ] GC(1115) Pause Young (Allocation Failure)
[512.029s][info][gc,heap        ] GC(1115) PSYoungGen: 274505K->1667K(307712K)
[512.029s][info][gc,heap        ] GC(1115) PSOldGen: 144611K->160428K(699392K)
[512.029s][info][gc,metaspace   ] GC(1115) Metaspace: 145095K(157776K)->145095K(157776K) NonClass: 126304K(132528K)->126304K(132528K) Class: 18791K(25248K)->18791K(25248K)
[512.029s][info][gc             ] GC(1115) Pause Young (Allocation Failure) 409M->158M(983M) 3.983ms
[512.029s][info][gc,cpu         ] GC(1115) User=0.00s Sys=0.00s Real=0.01s
[513.029s][info][gc,start       ] GC(1116) Pause Young (Allocation Failure)
[513.032s][info][gc,heap        ] GC(1116) PSYoungGen: 267907K->2784K(307712K)
[513.032s][info][gc,heap        ] GC(1116) PSOldGen: 160428K->161152K(699392K)
[513.032s][info][gc,metaspace   ] GC(1116) Metaspace: 145095K(157776K)->145095K(157776K) NonClass: 126304K(132528K)->126304K(132528K) Class: 18791K(25248K)->18791K(25248K)
[513.032s][info][gc             ] GC(1116) Pause Young (Allocation Failure) 418M->160M(983M) 2.729ms
[513.032s][info][gc,cpu         ] GC(1116) User=0.05s Sys=0.00s Real=0.00s
[514.061s][info][gc,start       ] GC(1117) Pause Young (Allocation Failure)
[514.063s][info][gc,heap        ] GC(1117) PSYoungGen: 269024K->2838K(309760K)
[514.063s][info][gc,heap        ] GC(1117) PSOldGen: 161152K->161506K(699392K)
[514.063s][info][gc,metaspace   ] GC(1117) Metaspace: 145095K(157776K)->145095K(157776K) NonClass: 126304K(132528K)->126304K(132528K) Class: 18791K(25248K)->18791K(25248K)
[514.063s][info][gc             ] GC(1117) Pause Young (Allocation Failure) 420M->160M(985M) 2.269ms
[514.063s][info][gc,cpu         ] GC(1117) User=0.08s Sys=0.00s Real=0.00s
[514.993s][info][gc,start       ] GC(1118) Pause Young (Allocation Failure)
[514.995s][info][gc,heap        ] GC(1118) PSYoungGen: 272150K->5538K(308736K)
[514.995s][info][gc,heap        ] GC(1118) PSOldGen: 161506K->161905K(699392K)
[514.995s][info][gc,metaspace   ] GC(1118) Metaspace: 145095K(157776K)->145095K(157776K) NonClass: 126304K(132528K)->126304K(132528K) Class: 18791K(25248K)->18791K(25248K)
[514.995s][info][gc             ] GC(1118) Pause Young (Allocation Failure) 423M->163M(984M) 2.701ms
[514.996s][info][gc,cpu         ] GC(1118) User=0.00s Sys=0.00s Real=0.00s
[516.044s][info][gc,start       ] GC(1119) Pause Young (Allocation Failure)
[516.047s][info][gc,heap        ] GC(1119) PSYoungGen: 274850K->3773K(312832K)
[516.047s][info][gc,heap        ] GC(1119) PSOldGen: 161905K->162330K(699392K)
[516.047s][info][gc,metaspace   ] GC(1119) Metaspace: 145095K(157776K)->145095K(157776K) NonClass: 126304K(132528K)->126304K(132528K) Class: 18791K(25248K)->18791K(25248K)
[516.047s][info][gc             ] GC(1119) Pause Young (Allocation Failure) 426M->162M(988M) 2.453ms
[516.047s][info][gc,cpu         ] GC(1119) User=0.02s Sys=0.00s Real=0.00s
[516.837s][info][gc,start       ] GC(1120) Pause Young (Allocation Failure)
[516.839s][info][gc,heap        ] GC(1120) PSYoungGen: 278461K->3182K(311296K)
[516.839s][info][gc,heap        ] GC(1120) PSOldGen: 162330K->162781K(699392K)
[516.839s][info][gc,metaspace   ] GC(1120) Metaspace: 145095K(157776K)->145095K(157776K) NonClass: 126304K(132528K)->126304K(132528K) Class: 18791K(25248K)->18791K(25248K)
[516.839s][info][gc             ] GC(1120) Pause Young (Allocation Failure) 430M->162M(987M) 2.414ms
[516.839s][info][gc,cpu         ] GC(1120) User=0.00s Sys=0.00s Real=0.00s
[516.967s][info][gc,start       ] GC(1121) Pause Young (System.gc())
[516.969s][info][gc,heap        ] GC(1121) PSYoungGen: 128734K->1292K(314880K)
[516.969s][info][gc,heap        ] GC(1121) PSOldGen: 162781K->164337K(699392K)
[516.969s][info][gc,metaspace   ] GC(1121) Metaspace: 145097K(157776K)->145097K(157776K) NonClass: 126306K(132528K)->126306K(132528K) Class: 18791K(25248K)->18791K(25248K)
[516.969s][info][gc             ] GC(1121) Pause Young (System.gc()) 284M->161M(990M) 2.588ms
[516.969s][info][gc,cpu         ] GC(1121) User=0.08s Sys=0.00s Real=0.00s
[516.970s][info][gc,start       ] GC(1122) Pause Full (System.gc())
[516.971s][info][gc,phases,start] GC(1122) Phase 1: Mark live objects
[517.042s][info][gc,phases      ] GC(1122) Phase 1: Mark live objects 70.564ms
[517.042s][info][gc,phases,start] GC(1122) Phase 2: Compute new object addresses
[517.053s][info][gc,phases      ] GC(1122) Phase 2: Compute new object addresses 11.220ms
[517.053s][info][gc,phases,start] GC(1122) Phase 3: Adjust pointers
[517.094s][info][gc,phases      ] GC(1122) Phase 3: Adjust pointers 40.854ms
[517.094s][info][gc,phases,start] GC(1122) Phase 4: Move objects
[517.095s][info][gc,phases      ] GC(1122) Phase 4: Move objects 0.946ms
[517.096s][info][gc,heap        ] GC(1122) PSYoungGen: 1292K->0K(314880K)
[517.096s][info][gc,heap        ] GC(1122) PSOldGen: 164337K->99660K(699392K)
[517.096s][info][gc,metaspace   ] GC(1122) Metaspace: 145097K(157776K)->145097K(157776K) NonClass: 126306K(132528K)->126306K(132528K) Class: 18791K(25248K)->18791K(25248K)
[517.096s][info][gc             ] GC(1122) Pause Full (System.gc()) 161M->97M(990M) 126.555ms
[517.096s][info][gc,cpu         ] GC(1122) User=0.12s Sys=0.00s Real=0.13s
[517.208s][info][gc,start       ] GC(1123) Pause Young (Allocation Failure)
[517.211s][info][gc,heap        ] GC(1123) PSYoungGen: 279552K->16362K(313856K)
[517.211s][info][gc,heap        ] GC(1123) PSOldGen: 99660K->99660K(699392K)
[517.211s][info][gc,metaspace   ] GC(1123) Metaspace: 145097K(157776K)->145097K(157776K) NonClass: 126306K(132528K)->126306K(132528K) Class: 18791K(25248K)->18791K(25248K)
[517.211s][info][gc             ] GC(1123) Pause Young (Allocation Failure) 370M->113M(989M) 3.417ms
[517.211s][info][gc,cpu         ] GC(1123) User=0.00s Sys=0.00s Real=0.00s
[517.260s][info][gc,start       ] GC(1124) Pause Young (Allocation Failure)
[517.265s][info][gc,heap        ] GC(1124) PSYoungGen: 295914K->18374K(312832K)
[517.266s][info][gc,heap        ] GC(1124) PSOldGen: 99660K->111751K(699392K)
[517.266s][info][gc,metaspace   ] GC(1124) Metaspace: 145097K(157776K)->145097K(157776K) NonClass: 126306K(132528K)->126306K(132528K) Class: 18791K(25248K)->18791K(25248K)
[517.266s][info][gc             ] GC(1124) Pause Young (Allocation Failure) 386M->127M(988M) 5.076ms
[517.266s][info][gc,cpu         ] GC(1124) User=0.09s Sys=0.00s Real=0.00s
[517.404s][info][gc,start       ] GC(1125) Pause Young (Allocation Failure)
[517.412s][info][gc,heap        ] GC(1125) PSYoungGen: 294193K->35318K(313856K)
[517.412s][info][gc,heap        ] GC(1125) PSOldGen: 111751K->122750K(699392K)
[517.412s][info][gc,metaspace   ] GC(1125) Metaspace: 145097K(157776K)->145097K(157776K) NonClass: 126306K(132528K)->126306K(132528K) Class: 18791K(25248K)->18791K(25248K)
[517.412s][info][gc             ] GC(1125) Pause Young (Allocation Failure) 396M->154M(989M) 7.200ms
[517.412s][info][gc,cpu         ] GC(1125) User=0.09s Sys=0.00s Real=0.01s
[517.448s][info][gc,start       ] GC(1126) Pause Young (Allocation Failure)
[517.455s][info][gc,heap        ] GC(1126) PSYoungGen: 310944K->20138K(294400K)
[517.455s][info][gc,heap        ] GC(1126) PSOldGen: 122750K->148694K(699392K)
[517.455s][info][gc,metaspace   ] GC(1126) Metaspace: 145097K(157776K)->145097K(157776K) NonClass: 126306K(132528K)->126306K(132528K) Class: 18791K(25248K)->18791K(25248K)
[517.455s][info][gc             ] GC(1126) Pause Young (Allocation Failure) 423M->164M(970M) 7.442ms
[517.455s][info][gc,cpu         ] GC(1126) User=0.06s Sys=0.00s Real=0.01s
[517.604s][info][gc,start       ] GC(1127) Pause Young (Allocation Failure)
[517.610s][info][gc,heap        ] GC(1127) PSYoungGen: 279210K->31820K(291328K)
[517.610s][info][gc,heap        ] GC(1127) PSOldGen: 148694K->148726K(699392K)
[517.610s][info][gc,metaspace   ] GC(1127) Metaspace: 145097K(157776K)->145097K(157776K) NonClass: 126306K(132528K)->126306K(132528K) Class: 18791K(25248K)->18791K(25248K)
[517.610s][info][gc             ] GC(1127) Pause Young (Allocation Failure) 417M->176M(967M) 5.752ms
[517.610s][info][gc,cpu         ] GC(1127) User=0.09s Sys=0.00s Real=0.01s
[517.666s][info][gc,start       ] GC(1128) Pause Young (Allocation Failure)
[517.670s][info][gc,heap        ] GC(1128) PSYoungGen: 290892K->11669K(303104K)
[517.670s][info][gc,heap        ] GC(1128) PSOldGen: 148726K->158260K(699392K)
[517.670s][info][gc,metaspace   ] GC(1128) Metaspace: 145097K(157776K)->145097K(157776K) NonClass: 126306K(132528K)->126306K(132528K) Class: 18791K(25248K)->18791K(25248K)
[517.670s][info][gc             ] GC(1128) Pause Young (Allocation Failure) 429M->165M(979M) 3.792ms
[517.670s][info][gc,cpu         ] GC(1128) User=0.00s Sys=0.00s Real=0.00s
[517.703s][info][gc,start       ] GC(1129) Pause Young (Allocation Failure)
[517.708s][info][gc,heap        ] GC(1129) PSYoungGen: 266645K->23110K(301056K)
[517.708s][info][gc,heap        ] GC(1129) PSOldGen: 158260K->165596K(699392K)
[517.708s][info][gc,metaspace   ] GC(1129) Metaspace: 145097K(157776K)->145097K(157776K) NonClass: 126306K(132528K)->126306K(132528K) Class: 18791K(25248K)->18791K(25248K)
[517.708s][info][gc             ] GC(1129) Pause Young (Allocation Failure) 414M->184M(977M) 4.825ms
[517.708s][info][gc,cpu         ] GC(1129) User=0.00s Sys=0.00s Real=0.00s
[517.738s][info][gc,start       ] GC(1130) Pause Young (Allocation Failure)
[517.742s][info][gc,heap        ] GC(1130) PSYoungGen: 278086K->12551K(305664K)
[517.742s][info][gc,heap        ] GC(1130) PSOldGen: 165596K->170654K(699392K)
[517.742s][info][gc,metaspace   ] GC(1130) Metaspace: 145097K(157776K)->145097K(157776K) NonClass: 126306K(132528K)->126306K(132528K) Class: 18791K(25248K)->18791K(25248K)
[517.742s][info][gc             ] GC(1130) Pause Young (Allocation Failure) 433M->178M(981M) 3.704ms
[517.742s][info][gc,cpu         ] GC(1130) User=0.00s Sys=0.00s Real=0.00s
[517.889s][info][gc,start       ] GC(1131) Pause Young (Allocation Failure)
[517.894s][info][gc,heap        ] GC(1131) PSYoungGen: 272647K->26792K(303616K)
[517.894s][info][gc,heap        ] GC(1131) PSOldGen: 170654K->170920K(699392K)
[517.894s][info][gc,metaspace   ] GC(1131) Metaspace: 145097K(157776K)->145097K(157776K) NonClass: 126306K(132528K)->126306K(132528K) Class: 18791K(25248K)->18791K(25248K)
[517.894s][info][gc             ] GC(1131) Pause Young (Allocation Failure) 432M->193M(979M) 5.286ms
[517.894s][info][gc,cpu         ] GC(1131) User=0.09s Sys=0.00s Real=0.01s
[518.042s][info][gc,start       ] GC(1132) Pause Young (Allocation Failure)
[518.045s][info][gc,heap        ] GC(1132) PSYoungGen: 286812K->16222K(307200K)
[518.045s][info][gc,heap        ] GC(1132) PSOldGen: 170920K->171220K(699392K)
[518.046s][info][gc,metaspace   ] GC(1132) Metaspace: 145097K(157776K)->145097K(157776K) NonClass: 126306K(132528K)->126306K(132528K) Class: 18791K(25248K)->18791K(25248K)
[518.046s][info][gc             ] GC(1132) Pause Young (Allocation Failure) 447M->183M(983M) 3.834ms
[518.046s][info][gc,cpu         ] GC(1132) User=0.00s Sys=0.00s Real=0.02s
[518.798s][info][gc,start       ] GC(1133) Pause Young (Allocation Failure)
[518.802s][info][gc,heap        ] GC(1133) PSYoungGen: 278481K->1034K(304640K)
[518.802s][info][gc,heap        ] GC(1133) PSOldGen: 171220K->187125K(699392K)
[518.802s][info][gc,metaspace   ] GC(1133) Metaspace: 145097K(157776K)->145097K(157776K) NonClass: 126306K(132528K)->126306K(132528K) Class: 18791K(25248K)->18791K(25248K)
[518.802s][info][gc             ] GC(1133) Pause Young (Allocation Failure) 439M->183M(980M) 3.890ms
[518.802s][info][gc,cpu         ] GC(1133) User=0.00s Sys=0.00s Real=0.02s
[519.781s][info][gc,start       ] GC(1134) Pause Young (Allocation Failure)
[519.783s][info][gc,heap        ] GC(1134) PSYoungGen: 262825K->1323K(307200K)
[519.783s][info][gc,heap        ] GC(1134) PSOldGen: 187125K->187823K(699392K)
[519.783s][info][gc,metaspace   ] GC(1134) Metaspace: 145099K(157776K)->145099K(157776K) NonClass: 126308K(132528K)->126308K(132528K) Class: 18791K(25248K)->18791K(25248K)
[519.783s][info][gc             ] GC(1134) Pause Young (Allocation Failure) 439M->184M(983M) 2.266ms
[519.783s][info][gc,cpu         ] GC(1134) User=0.02s Sys=0.00s Real=0.00s
[520.705s][info][gc,start       ] GC(1135) Pause Young (Allocation Failure)
[520.707s][info][gc,heap        ] GC(1135) PSYoungGen: 266027K->1402K(306688K)
[520.707s][info][gc,heap        ] GC(1135) PSOldGen: 187823K->188211K(699392K)
[520.707s][info][gc,metaspace   ] GC(1135) Metaspace: 145099K(157776K)->145099K(157776K) NonClass: 126308K(132528K)->126308K(132528K) Class: 18791K(25248K)->18791K(25248K)
[520.707s][info][gc             ] GC(1135) Pause Young (Allocation Failure) 443M->185M(982M) 2.069ms
[520.707s][info][gc,cpu         ] GC(1135) User=0.00s Sys=0.00s Real=0.00s
[521.742s][info][gc,start       ] GC(1136) Pause Young (Allocation Failure)
[521.746s][info][gc,heap        ] GC(1136) PSYoungGen: 266106K->6035K(309248K)
[521.746s][info][gc,heap        ] GC(1136) PSOldGen: 188211K->188617K(699392K)
[521.746s][info][gc,metaspace   ] GC(1136) Metaspace: 145099K(157776K)->145099K(157776K) NonClass: 126308K(132528K)->126308K(132528K) Class: 18791K(25248K)->18791K(25248K)
[521.746s][info][gc             ] GC(1136) Pause Young (Allocation Failure) 443M->190M(985M) 3.254ms
[521.746s][info][gc,cpu         ] GC(1136) User=0.00s Sys=0.00s Real=0.00s
[522.827s][info][gc,start       ] GC(1137) Pause Young (Allocation Failure)
[522.830s][info][gc,heap        ] GC(1137) PSYoungGen: 273811K->1473K(307712K)
[522.830s][info][gc,heap        ] GC(1137) PSOldGen: 188617K->188947K(699392K)
[522.830s][info][gc,metaspace   ] GC(1137) Metaspace: 145099K(157776K)->145099K(157776K) NonClass: 126308K(132528K)->126308K(132528K) Class: 18791K(25248K)->18791K(25248K)
[522.830s][info][gc             ] GC(1137) Pause Young (Allocation Failure) 451M->185M(983M) 3.410ms
[522.830s][info][gc,cpu         ] GC(1137) User=0.03s Sys=0.00s Real=0.00s
[523.544s][info][gc,start       ] GC(1138) Pause Young (Allocation Failure)
[523.547s][info][gc,heap        ] GC(1138) PSYoungGen: 269249K->2940K(311808K)
[523.547s][info][gc,heap        ] GC(1138) PSOldGen: 188947K->189390K(699392K)
[523.547s][info][gc,metaspace   ] GC(1138) Metaspace: 145099K(157776K)->145099K(157776K) NonClass: 126308K(132528K)->126308K(132528K) Class: 18791K(25248K)->18791K(25248K)
[523.547s][info][gc             ] GC(1138) Pause Young (Allocation Failure) 447M->187M(987M) 2.777ms
[523.547s][info][gc,cpu         ] GC(1138) User=0.05s Sys=0.00s Real=0.00s
[523.638s][info][gc,start       ] GC(1139) Pause Young (System.gc())
[523.640s][info][gc,heap        ] GC(1139) PSYoungGen: 103858K->645K(310272K)
[523.640s][info][gc,heap        ] GC(1139) PSOldGen: 189390K->191561K(699392K)
[523.640s][info][gc,metaspace   ] GC(1139) Metaspace: 145101K(157776K)->145101K(157776K) NonClass: 126310K(132528K)->126310K(132528K) Class: 18791K(25248K)->18791K(25248K)
[523.640s][info][gc             ] GC(1139) Pause Young (System.gc()) 286M->187M(986M) 2.463ms
[523.640s][info][gc,cpu         ] GC(1139) User=0.00s Sys=0.00s Real=0.00s
[523.640s][info][gc,start       ] GC(1140) Pause Full (System.gc())
[523.642s][info][gc,phases,start] GC(1140) Phase 1: Mark live objects
[523.713s][info][gc,phases      ] GC(1140) Phase 1: Mark live objects 71.041ms
[523.713s][info][gc,phases,start] GC(1140) Phase 2: Compute new object addresses
[523.724s][info][gc,phases      ] GC(1140) Phase 2: Compute new object addresses 11.172ms
[523.724s][info][gc,phases,start] GC(1140) Phase 3: Adjust pointers
[523.766s][info][gc,phases      ] GC(1140) Phase 3: Adjust pointers 41.195ms
[523.766s][info][gc,phases,start] GC(1140) Phase 4: Move objects
[523.767s][info][gc,phases      ] GC(1140) Phase 4: Move objects 0.913ms
[523.767s][info][gc,heap        ] GC(1140) PSYoungGen: 645K->0K(310272K)
[523.768s][info][gc,heap        ] GC(1140) PSOldGen: 191561K->104240K(699392K)
[523.768s][info][gc,metaspace   ] GC(1140) Metaspace: 145101K(157776K)->145101K(157776K) NonClass: 126310K(132528K)->126310K(132528K) Class: 18791K(25248K)->18791K(25248K)
[523.768s][info][gc             ] GC(1140) Pause Full (System.gc()) 187M->101M(986M) 127.262ms
[523.768s][info][gc,cpu         ] GC(1140) User=0.14s Sys=0.00s Real=0.13s
[523.872s][info][gc,start       ] GC(1141) Pause Young (Allocation Failure)
[523.875s][info][gc,heap        ] GC(1141) PSYoungGen: 272896K->17025K(311808K)
[523.875s][info][gc,heap        ] GC(1141) PSOldGen: 104240K->104240K(699392K)
[523.875s][info][gc,metaspace   ] GC(1141) Metaspace: 145130K(157776K)->145130K(157776K) NonClass: 126339K(132528K)->126339K(132528K) Class: 18791K(25248K)->18791K(25248K)
[523.875s][info][gc             ] GC(1141) Pause Young (Allocation Failure) 368M->118M(987M) 3.262ms
[523.875s][info][gc,cpu         ] GC(1141) User=0.08s Sys=0.00s Real=0.00s
[523.928s][info][gc,start       ] GC(1142) Pause Young (Allocation Failure)
[523.933s][info][gc,heap        ] GC(1142) PSYoungGen: 292481K->15430K(312320K)
[523.933s][info][gc,heap        ] GC(1142) PSOldGen: 104240K->117170K(699392K)
[523.933s][info][gc,metaspace   ] GC(1142) Metaspace: 145130K(157776K)->145130K(157776K) NonClass: 126339K(132528K)->126339K(132528K) Class: 18791K(25248K)->18791K(25248K)
[523.933s][info][gc             ] GC(1142) Pause Young (Allocation Failure) 387M->129M(988M) 4.941ms
[523.933s][info][gc,cpu         ] GC(1142) User=0.00s Sys=0.00s Real=0.00s
[524.061s][info][gc,start       ] GC(1143) Pause Young (Allocation Failure)
[524.069s][info][gc,heap        ] GC(1143) PSYoungGen: 290886K->35825K(287744K)
[524.069s][info][gc,heap        ] GC(1143) PSOldGen: 117170K->133197K(699392K)
[524.069s][info][gc,metaspace   ] GC(1143) Metaspace: 145130K(157776K)->145130K(157776K) NonClass: 126339K(132528K)->126339K(132528K) Class: 18791K(25248K)->18791K(25248K)
[524.069s][info][gc             ] GC(1143) Pause Young (Allocation Failure) 398M->165M(964M) 7.988ms
[524.069s][info][gc,cpu         ] GC(1143) User=0.08s Sys=0.02s Real=0.01s
[524.100s][info][gc,start       ] GC(1144) Pause Young (Allocation Failure)
[524.106s][info][gc,heap        ] GC(1144) PSYoungGen: 284783K->21638K(300544K)
[524.106s][info][gc,heap        ] GC(1144) PSOldGen: 133197K->156919K(699392K)
[524.106s][info][gc,metaspace   ] GC(1144) Metaspace: 145130K(157776K)->145130K(157776K) NonClass: 126339K(132528K)->126339K(132528K) Class: 18791K(25248K)->18791K(25248K)
[524.106s][info][gc             ] GC(1144) Pause Young (Allocation Failure) 408M->174M(976M) 6.816ms
[524.106s][info][gc,cpu         ] GC(1144) User=0.00s Sys=0.00s Real=0.01s
[524.241s][info][gc,start       ] GC(1145) Pause Young (Allocation Failure)
[524.247s][info][gc,heap        ] GC(1145) PSYoungGen: 273542K->31498K(295936K)
[524.247s][info][gc,heap        ] GC(1145) PSOldGen: 156919K->157428K(699392K)
[524.247s][info][gc,metaspace   ] GC(1145) Metaspace: 145130K(157776K)->145130K(157776K) NonClass: 126339K(132528K)->126339K(132528K) Class: 18791K(25248K)->18791K(25248K)
[524.247s][info][gc             ] GC(1145) Pause Young (Allocation Failure) 420M->184M(972M) 6.050ms
[524.247s][info][gc,cpu         ] GC(1145) User=0.00s Sys=0.00s Real=0.00s
[524.288s][info][gc,start       ] GC(1146) Pause Young (Allocation Failure)
[524.294s][info][gc,heap        ] GC(1146) PSYoungGen: 279306K->32755K(280576K)
[524.294s][info][gc,heap        ] GC(1146) PSOldGen: 157428K->157592K(699392K)
[524.294s][info][gc,metaspace   ] GC(1146) Metaspace: 145130K(157776K)->145130K(157776K) NonClass: 126339K(132528K)->126339K(132528K) Class: 18791K(25248K)->18791K(25248K)
[524.294s][info][gc             ] GC(1146) Pause Young (Allocation Failure) 426M->185M(957M) 6.050ms
[524.294s][info][gc,cpu         ] GC(1146) User=0.00s Sys=0.00s Real=0.01s
[524.337s][info][gc,start       ] GC(1147) Pause Young (Allocation Failure)
[524.343s][info][gc,heap        ] GC(1147) PSYoungGen: 278705K->22307K(297984K)
[524.343s][info][gc,heap        ] GC(1147) PSOldGen: 157592K->173837K(699392K)
[524.343s][info][gc,metaspace   ] GC(1147) Metaspace: 145130K(157776K)->145130K(157776K) NonClass: 126339K(132528K)->126339K(132528K) Class: 18791K(25248K)->18791K(25248K)
[524.343s][info][gc             ] GC(1147) Pause Young (Allocation Failure) 426M->191M(974M) 5.776ms
[524.343s][info][gc,cpu         ] GC(1147) User=0.00s Sys=0.00s Real=0.00s
[524.372s][info][gc,start       ] GC(1148) Pause Young (Allocation Failure)
[524.376s][info][gc,heap        ] GC(1148) PSYoungGen: 267043K->21873K(295936K)
[524.376s][info][gc,heap        ] GC(1148) PSOldGen: 173837K->179054K(699392K)
[524.376s][info][gc,metaspace   ] GC(1148) Metaspace: 145130K(157776K)->145130K(157776K) NonClass: 126339K(132528K)->126339K(132528K) Class: 18791K(25248K)->18791K(25248K)
[524.376s][info][gc             ] GC(1148) Pause Young (Allocation Failure) 430M->196M(972M) 4.167ms
[524.376s][info][gc,cpu         ] GC(1148) User=0.09s Sys=0.00s Real=0.00s
[524.408s][info][gc,start       ] GC(1149) Pause Young (Allocation Failure)
[524.411s][info][gc,heap        ] GC(1149) PSYoungGen: 266609K->8086K(301056K)
[524.411s][info][gc,heap        ] GC(1149) PSOldGen: 179054K->182645K(699392K)
[524.411s][info][gc,metaspace   ] GC(1149) Metaspace: 145130K(157776K)->145130K(157776K) NonClass: 126339K(132528K)->126339K(132528K) Class: 18791K(25248K)->18791K(25248K)
[524.411s][info][gc             ] GC(1149) Pause Young (Allocation Failure) 435M->186M(977M) 3.092ms
[524.411s][info][gc,cpu         ] GC(1149) User=0.00s Sys=0.00s Real=0.00s
[524.592s][info][gc,start       ] GC(1150) Pause Young (Allocation Failure)
[524.598s][info][gc,heap        ] GC(1150) PSYoungGen: 259600K->29201K(300032K)
[524.598s][info][gc,heap        ] GC(1150) PSOldGen: 182645K->183240K(699392K)
[524.598s][info][gc,metaspace   ] GC(1150) Metaspace: 145130K(157776K)->145130K(157776K) NonClass: 126339K(132528K)->126339K(132528K) Class: 18791K(25248K)->18791K(25248K)
[524.598s][info][gc             ] GC(1150) Pause Young (Allocation Failure) 431M->207M(976M) 5.358ms
[524.598s][info][gc,cpu         ] GC(1150) User=0.09s Sys=0.00s Real=0.01s
[525.000s][info][gc,start       ] GC(1151) Pause Young (GCLocker Initiated GC)
[525.005s][info][gc,heap        ] GC(1151) PSYoungGen: 281105K->7452K(301056K)
[525.005s][info][gc,heap        ] GC(1151) PSOldGen: 183240K->199102K(699392K)
[525.005s][info][gc,metaspace   ] GC(1151) Metaspace: 145130K(157776K)->145130K(157776K) NonClass: 126339K(132528K)->126339K(132528K) Class: 18791K(25248K)->18791K(25248K)
[525.005s][info][gc             ] GC(1151) Pause Young (GCLocker Initiated GC) 453M->201M(977M) 5.367ms
[525.005s][info][gc,cpu         ] GC(1151) User=0.00s Sys=0.00s Real=0.01s
[526.009s][info][gc,start       ] GC(1152) Pause Young (Allocation Failure)
[526.012s][info][gc,heap        ] GC(1152) PSYoungGen: 259356K->793K(300032K)
[526.012s][info][gc,heap        ] GC(1152) PSOldGen: 203257K->205025K(699392K)
[526.012s][info][gc,metaspace   ] GC(1152) Metaspace: 145130K(157776K)->145130K(157776K) NonClass: 126339K(132528K)->126339K(132528K) Class: 18791K(25248K)->18791K(25248K)
[526.012s][info][gc             ] GC(1152) Pause Young (Allocation Failure) 451M->200M(976M) 3.000ms
[526.012s][info][gc,cpu         ] GC(1152) User=0.00s Sys=0.00s Real=0.02s
[526.846s][info][gc,start       ] GC(1153) Pause Young (Allocation Failure)
[526.849s][info][gc,heap        ] GC(1153) PSYoungGen: 252686K->4347K(302080K)
[526.849s][info][gc,heap        ] GC(1153) PSOldGen: 205025K->205654K(699392K)
[526.849s][info][gc,metaspace   ] GC(1153) Metaspace: 145130K(157776K)->145130K(157776K) NonClass: 126339K(132528K)->126339K(132528K) Class: 18791K(25248K)->18791K(25248K)
[526.849s][info][gc             ] GC(1153) Pause Young (Allocation Failure) 446M->205M(978M) 3.527ms
[526.849s][info][gc,cpu         ] GC(1153) User=0.00s Sys=0.00s Real=0.00s
[527.815s][info][gc,start       ] GC(1154) Pause Young (Allocation Failure)
[527.818s][info][gc,heap        ] GC(1154) PSYoungGen: 257314K->976K(301056K)
[527.818s][info][gc,heap        ] GC(1154) PSOldGen: 205654K->205982K(699392K)
[527.818s][info][gc,metaspace   ] GC(1154) Metaspace: 145130K(157776K)->145130K(157776K) NonClass: 126339K(132528K)->126339K(132528K) Class: 18791K(25248K)->18791K(25248K)
[527.818s][info][gc             ] GC(1154) Pause Young (Allocation Failure) 452M->202M(977M) 2.311ms
[527.818s][info][gc,cpu         ] GC(1154) User=0.00s Sys=0.00s Real=0.00s
[528.768s][info][gc,start       ] GC(1155) Pause Young (Allocation Failure)
[528.771s][info][gc,heap        ] GC(1155) PSYoungGen: 254919K->4827K(304640K)
[528.771s][info][gc,heap        ] GC(1155) PSOldGen: 205982K->206383K(699392K)
[528.771s][info][gc,metaspace   ] GC(1155) Metaspace: 145130K(157776K)->145130K(157776K) NonClass: 126339K(132528K)->126339K(132528K) Class: 18791K(25248K)->18791K(25248K)
[528.771s][info][gc             ] GC(1155) Pause Young (Allocation Failure) 450M->206M(980M) 2.780ms
[528.771s][info][gc,cpu         ] GC(1155) User=0.00s Sys=0.00s Real=0.00s
[529.695s][info][gc,start       ] GC(1156) Pause Young (Allocation Failure)
[529.697s][info][gc,heap        ] GC(1156) PSYoungGen: 259685K->790K(303104K)
[529.697s][info][gc,heap        ] GC(1156) PSOldGen: 206383K->206805K(699392K)
[529.697s][info][gc,metaspace   ] GC(1156) Metaspace: 145136K(157776K)->145136K(157776K) NonClass: 126345K(132528K)->126345K(132528K) Class: 18791K(25248K)->18791K(25248K)
[529.697s][info][gc             ] GC(1156) Pause Young (Allocation Failure) 455M->202M(979M) 2.099ms
[529.697s][info][gc,cpu         ] GC(1156) User=0.00s Sys=0.00s Real=0.00s
[530.111s][info][gc,start       ] GC(1157) Pause Young (Allocation Failure)
[530.115s][info][gc,heap        ] GC(1157) PSYoungGen: 259350K->7995K(308224K)
[530.115s][info][gc,heap        ] GC(1157) PSOldGen: 206805K->207336K(699392K)
[530.115s][info][gc,metaspace   ] GC(1157) Metaspace: 145136K(157776K)->145136K(157776K) NonClass: 126345K(132528K)->126345K(132528K) Class: 18791K(25248K)->18791K(25248K)
[530.115s][info][gc             ] GC(1157) Pause Young (Allocation Failure) 455M->210M(984M) 3.726ms
[530.115s][info][gc,cpu         ] GC(1157) User=0.00s Sys=0.00s Real=0.01s
[530.148s][info][gc,start       ] GC(1158) Pause Young (System.gc())
[530.150s][info][gc,heap        ] GC(1158) PSYoungGen: 20162K->288K(305664K)
[530.151s][info][gc,heap        ] GC(1158) PSOldGen: 207336K->209634K(699392K)
[530.151s][info][gc,metaspace   ] GC(1158) Metaspace: 145136K(157776K)->145136K(157776K) NonClass: 126345K(132528K)->126345K(132528K) Class: 18791K(25248K)->18791K(25248K)
[530.151s][info][gc             ] GC(1158) Pause Young (System.gc()) 222M->205M(981M) 2.985ms
[530.151s][info][gc,cpu         ] GC(1158) User=0.00s Sys=0.00s Real=0.01s
[530.151s][info][gc,start       ] GC(1159) Pause Full (System.gc())
[530.155s][info][gc,phases,start] GC(1159) Phase 1: Mark live objects
[530.226s][info][gc,phases      ] GC(1159) Phase 1: Mark live objects 70.828ms
[530.226s][info][gc,phases,start] GC(1159) Phase 2: Compute new object addresses
[530.237s][info][gc,phases      ] GC(1159) Phase 2: Compute new object addresses 11.384ms
[530.237s][info][gc,phases,start] GC(1159) Phase 3: Adjust pointers
[530.279s][info][gc,phases      ] GC(1159) Phase 3: Adjust pointers 41.326ms
[530.279s][info][gc,phases,start] GC(1159) Phase 4: Move objects
[530.280s][info][gc,phases      ] GC(1159) Phase 4: Move objects 1.639ms
[530.281s][info][gc,heap        ] GC(1159) PSYoungGen: 288K->0K(305664K)
[530.281s][info][gc,heap        ] GC(1159) PSOldGen: 209634K->107177K(699392K)
[530.281s][info][gc,metaspace   ] GC(1159) Metaspace: 145136K(157776K)->145136K(157776K) NonClass: 126345K(132528K)->126345K(132528K) Class: 18791K(25248K)->18791K(25248K)
[530.281s][info][gc             ] GC(1159) Pause Full (System.gc()) 205M->104M(981M) 130.769ms
[530.281s][info][gc,cpu         ] GC(1159) User=0.14s Sys=0.00s Real=0.12s
[530.398s][info][gc,start       ] GC(1160) Pause Young (Allocation Failure)
[530.401s][info][gc,heap        ] GC(1160) PSYoungGen: 264704K->16945K(309760K)
[530.401s][info][gc,heap        ] GC(1160) PSOldGen: 107177K->107177K(699392K)
[530.401s][info][gc,metaspace   ] GC(1160) Metaspace: 145201K(158032K)->145201K(158032K) NonClass: 126409K(132784K)->126409K(132784K) Class: 18791K(25248K)->18791K(25248K)
[530.402s][info][gc             ] GC(1160) Pause Young (Allocation Failure) 363M->121M(985M) 3.339ms
[530.402s][info][gc,cpu         ] GC(1160) User=0.00s Sys=0.00s Real=0.00s
[530.450s][info][gc,start       ] GC(1161) Pause Young (Allocation Failure)
[530.456s][info][gc,heap        ] GC(1161) PSYoungGen: 286769K->15398K(309248K)
[530.456s][info][gc,heap        ] GC(1161) PSOldGen: 107177K->120179K(699392K)
[530.456s][info][gc,metaspace   ] GC(1161) Metaspace: 145201K(158032K)->145201K(158032K) NonClass: 126409K(132784K)->126409K(132784K) Class: 18791K(25248K)->18791K(25248K)
[530.456s][info][gc             ] GC(1161) Pause Young (Allocation Failure) 384M->132M(985M) 5.707ms
[530.456s][info][gc,cpu         ] GC(1161) User=0.08s Sys=0.00s Real=0.01s
[530.598s][info][gc,start       ] GC(1162) Pause Young (Allocation Failure)
[530.606s][info][gc,heap        ] GC(1162) PSYoungGen: 285222K->38392K(281088K)
[530.606s][info][gc,heap        ] GC(1162) PSOldGen: 120179K->141375K(699392K)
[530.606s][info][gc,metaspace   ] GC(1162) Metaspace: 145201K(158032K)->145201K(158032K) NonClass: 126409K(132784K)->126409K(132784K) Class: 18791K(25248K)->18791K(25248K)
[530.606s][info][gc             ] GC(1162) Pause Young (Allocation Failure) 395M->175M(957M) 8.931ms
[530.607s][info][gc,cpu         ] GC(1162) User=0.00s Sys=0.00s Real=0.01s
[530.637s][info][gc,start       ] GC(1163) Pause Young (GCLocker Initiated GC)
[530.643s][info][gc,heap        ] GC(1163) PSYoungGen: 281075K->14811K(295936K)
[530.643s][info][gc,heap        ] GC(1163) PSOldGen: 141407K->160423K(699392K)
[530.643s][info][gc,metaspace   ] GC(1163) Metaspace: 145201K(158032K)->145201K(158032K) NonClass: 126409K(132784K)->126409K(132784K) Class: 18791K(25248K)->18791K(25248K)
[530.643s][info][gc             ] GC(1163) Pause Young (GCLocker Initiated GC) 412M->171M(972M) 5.682ms
[530.643s][info][gc,cpu         ] GC(1163) User=0.08s Sys=0.02s Real=0.01s
[530.785s][info][gc,start       ] GC(1164) Pause Young (Allocation Failure)
[530.789s][info][gc,heap        ] GC(1164) PSYoungGen: 257499K->18493K(301568K)
[530.789s][info][gc,heap        ] GC(1164) PSOldGen: 160552K->162830K(699392K)
[530.789s][info][gc,metaspace   ] GC(1164) Metaspace: 145201K(158032K)->145201K(158032K) NonClass: 126409K(132784K)->126409K(132784K) Class: 18791K(25248K)->18791K(25248K)
[530.789s][info][gc             ] GC(1164) Pause Young (Allocation Failure) 408M->177M(977M) 4.107ms
[530.789s][info][gc,cpu         ] GC(1164) User=0.00s Sys=0.00s Real=0.00s
[530.831s][info][gc,start       ] GC(1165) Pause Young (Allocation Failure)
[530.836s][info][gc,heap        ] GC(1165) PSYoungGen: 269812K->30431K(299008K)
[530.836s][info][gc,heap        ] GC(1165) PSOldGen: 162830K->163002K(699392K)
[530.836s][info][gc,metaspace   ] GC(1165) Metaspace: 145201K(158032K)->145201K(158032K) NonClass: 126409K(132784K)->126409K(132784K) Class: 18791K(25248K)->18791K(25248K)
[530.836s][info][gc             ] GC(1165) Pause Young (Allocation Failure) 422M->188M(975M) 5.458ms
[530.836s][info][gc,cpu         ] GC(1165) User=0.00s Sys=0.00s Real=0.01s
[530.880s][info][gc,start       ] GC(1166) Pause Young (Allocation Failure)
[530.885s][info][gc,heap        ] GC(1166) PSYoungGen: 281823K->13350K(302080K)
[530.885s][info][gc,heap        ] GC(1166) PSOldGen: 163002K->179255K(699392K)
[530.885s][info][gc,metaspace   ] GC(1166) Metaspace: 145203K(158032K)->145203K(158032K) NonClass: 126412K(132784K)->126412K(132784K) Class: 18791K(25248K)->18791K(25248K)
[530.885s][info][gc             ] GC(1166) Pause Young (Allocation Failure) 434M->188M(978M) 4.931ms
[530.885s][info][gc,cpu         ] GC(1166) User=0.00s Sys=0.00s Real=0.00s
[530.915s][info][gc,start       ] GC(1167) Pause Young (Allocation Failure)
[530.918s][info][gc,heap        ] GC(1167) PSYoungGen: 265766K->9409K(299520K)
[530.918s][info][gc,heap        ] GC(1167) PSOldGen: 179255K->184021K(699392K)
[530.918s][info][gc,metaspace   ] GC(1167) Metaspace: 145203K(158032K)->145203K(158032K) NonClass: 126412K(132784K)->126412K(132784K) Class: 18791K(25248K)->18791K(25248K)
[530.918s][info][gc             ] GC(1167) Pause Young (Allocation Failure) 434M->188M(975M) 3.168ms
[530.918s][info][gc,cpu         ] GC(1167) User=0.00s Sys=0.00s Real=0.00s
[530.953s][info][gc,start       ] GC(1168) Pause Young (Allocation Failure)
[530.955s][info][gc,heap        ] GC(1168) PSYoungGen: 261825K->2219K(304128K)
[530.955s][info][gc,heap        ] GC(1168) PSOldGen: 184021K->186316K(699392K)
[530.955s][info][gc,metaspace   ] GC(1168) Metaspace: 145203K(158032K)->145203K(158032K) NonClass: 126412K(132784K)->126412K(132784K) Class: 18791K(25248K)->18791K(25248K)
[530.955s][info][gc             ] GC(1168) Pause Young (Allocation Failure) 435M->184M(980M) 2.449ms
[530.955s][info][gc,cpu         ] GC(1168) User=0.00s Sys=0.00s Real=0.00s
[531.131s][info][gc,start       ] GC(1169) Pause Young (Allocation Failure)
[531.137s][info][gc,heap        ] GC(1169) PSYoungGen: 260054K->27990K(286720K)
[531.137s][info][gc,heap        ] GC(1169) PSOldGen: 186316K->186824K(699392K)
[531.137s][info][gc,metaspace   ] GC(1169) Metaspace: 145203K(158032K)->145203K(158032K) NonClass: 126412K(132784K)->126412K(132784K) Class: 18791K(25248K)->18791K(25248K)
[531.137s][info][gc             ] GC(1169) Pause Young (Allocation Failure) 435M->209M(963M) 5.446ms
[531.137s][info][gc,cpu         ] GC(1169) User=0.00s Sys=0.00s Real=0.01s
[531.548s][info][gc,start       ] GC(1170) Pause Young (Allocation Failure)
[531.554s][info][gc,heap        ] GC(1170) PSYoungGen: 286550K->8577K(304128K)
[531.554s][info][gc,heap        ] GC(1170) PSOldGen: 186824K->202663K(699392K)
[531.554s][info][gc,metaspace   ] GC(1170) Metaspace: 145203K(158032K)->145203K(158032K) NonClass: 126412K(132784K)->126412K(132784K) Class: 18791K(25248K)->18791K(25248K)
[531.554s][info][gc             ] GC(1170) Pause Young (Allocation Failure) 462M->206M(980M) 5.863ms
[531.554s][info][gc,cpu         ] GC(1170) User=0.00s Sys=0.00s Real=0.01s
[532.539s][info][gc,start       ] GC(1171) Pause Young (Allocation Failure)
[532.541s][info][gc,heap        ] GC(1171) PSYoungGen: 265601K->1646K(302080K)
[532.541s][info][gc,heap        ] GC(1171) PSOldGen: 202663K->203472K(699392K)
[532.541s][info][gc,metaspace   ] GC(1171) Metaspace: 145203K(158032K)->145203K(158032K) NonClass: 126412K(132784K)->126412K(132784K) Class: 18791K(25248K)->18791K(25248K)
[532.541s][info][gc             ] GC(1171) Pause Young (Allocation Failure) 457M->200M(978M) 2.244ms
[532.541s][info][gc,cpu         ] GC(1171) User=0.00s Sys=0.00s Real=0.00s
[533.436s][info][gc,start       ] GC(1172) Pause Young (Allocation Failure)
[533.438s][info][gc,heap        ] GC(1172) PSYoungGen: 258670K->1367K(305152K)
[533.438s][info][gc,heap        ] GC(1172) PSOldGen: 203472K->203838K(699392K)
[533.438s][info][gc,metaspace   ] GC(1172) Metaspace: 145203K(158032K)->145203K(158032K) NonClass: 126412K(132784K)->126412K(132784K) Class: 18791K(25248K)->18791K(25248K)
[533.438s][info][gc             ] GC(1172) Pause Young (Allocation Failure) 451M->200M(981M) 2.347ms
[533.438s][info][gc,cpu         ] GC(1172) User=0.06s Sys=0.00s Real=0.00s
[534.360s][info][gc,start       ] GC(1173) Pause Young (Allocation Failure)
[534.362s][info][gc,heap        ] GC(1173) PSYoungGen: 261975K->1406K(304640K)
[534.362s][info][gc,heap        ] GC(1173) PSOldGen: 203838K->204209K(699392K)
[534.362s][info][gc,metaspace   ] GC(1173) Metaspace: 145203K(158032K)->145203K(158032K) NonClass: 126412K(132784K)->126412K(132784K) Class: 18791K(25248K)->18791K(25248K)
[534.362s][info][gc             ] GC(1173) Pause Young (Allocation Failure) 454M->200M(980M) 2.316ms
[534.362s][info][gc,cpu         ] GC(1173) User=0.00s Sys=0.00s Real=0.00s
[535.330s][info][gc,start       ] GC(1174) Pause Young (GCLocker Initiated GC)
[535.333s][info][gc,heap        ] GC(1174) PSYoungGen: 261387K->4389K(308224K)
[535.333s][info][gc,heap        ] GC(1174) PSOldGen: 205233K->205644K(699392K)
[535.333s][info][gc,metaspace   ] GC(1174) Metaspace: 145203K(158032K)->145203K(158032K) NonClass: 126412K(132784K)->126412K(132784K) Class: 18791K(25248K)->18791K(25248K)
[535.333s][info][gc             ] GC(1174) Pause Young (GCLocker Initiated GC) 455M->205M(984M) 2.879ms
[535.333s][info][gc,cpu         ] GC(1174) User=0.00s Sys=0.00s Real=0.00s
[536.262s][info][gc,start       ] GC(1175) Pause Young (Allocation Failure)
[536.265s][info][gc,heap        ] GC(1175) PSYoungGen: 270117K->8290K(306688K)
[536.265s][info][gc,heap        ] GC(1175) PSOldGen: 205647K->205996K(699392K)
[536.265s][info][gc,metaspace   ] GC(1175) Metaspace: 145203K(158032K)->145203K(158032K) NonClass: 126412K(132784K)->126412K(132784K) Class: 18791K(25248K)->18791K(25248K)
[536.265s][info][gc             ] GC(1175) Pause Young (Allocation Failure) 464M->209M(982M) 3.575ms
[536.265s][info][gc,cpu         ] GC(1175) User=0.00s Sys=0.00s Real=0.01s
[536.647s][info][gc,start       ] GC(1176) Pause Young (System.gc())
[536.650s][info][gc,heap        ] GC(1176) PSYoungGen: 241006K->2554K(312320K)
[536.650s][info][gc,heap        ] GC(1176) PSOldGen: 205996K->206525K(699392K)
[536.650s][info][gc,metaspace   ] GC(1176) Metaspace: 145363K(158032K)->145363K(158032K) NonClass: 126571K(132784K)->126571K(132784K) Class: 18791K(25248K)->18791K(25248K)
[536.650s][info][gc             ] GC(1176) Pause Young (System.gc()) 436M->204M(988M) 3.566ms
[536.650s][info][gc,cpu         ] GC(1176) User=0.00s Sys=0.00s Real=0.01s
[536.651s][info][gc,start       ] GC(1177) Pause Full (System.gc())
[536.654s][info][gc,phases,start] GC(1177) Phase 1: Mark live objects
[536.726s][info][gc,phases      ] GC(1177) Phase 1: Mark live objects 71.421ms
[536.726s][info][gc,phases,start] GC(1177) Phase 2: Compute new object addresses
[536.737s][info][gc,phases      ] GC(1177) Phase 2: Compute new object addresses 11.267ms
[536.737s][info][gc,phases,start] GC(1177) Phase 3: Adjust pointers
[536.779s][info][gc,phases      ] GC(1177) Phase 3: Adjust pointers 42.250ms
[536.779s][info][gc,phases,start] GC(1177) Phase 4: Move objects
[536.786s][info][gc,phases      ] GC(1177) Phase 4: Move objects 7.116ms
[536.787s][info][gc,heap        ] GC(1177) PSYoungGen: 2554K->0K(312320K)
[536.787s][info][gc,heap        ] GC(1177) PSOldGen: 206525K->72610K(699392K)
[536.787s][info][gc,metaspace   ] GC(1177) Metaspace: 145363K(158032K)->145363K(158032K) NonClass: 126571K(132784K)->126571K(132784K) Class: 18791K(25248K)->18791K(25248K)
[536.787s][info][gc             ] GC(1177) Pause Full (System.gc()) 204M->70M(988M) 136.943ms
[536.788s][info][gc,cpu         ] GC(1177) User=0.16s Sys=0.00s Real=0.13s
[536.893s][info][gc,start       ] GC(1178) Pause Young (Allocation Failure)
[536.897s][info][gc,heap        ] GC(1178) PSYoungGen: 273920K->17041K(310784K)
[536.897s][info][gc,heap        ] GC(1178) PSOldGen: 72610K->72610K(699392K)
[536.897s][info][gc,metaspace   ] GC(1178) Metaspace: 145372K(158032K)->145372K(158032K) NonClass: 126581K(132784K)->126581K(132784K) Class: 18791K(25248K)->18791K(25248K)
[536.897s][info][gc             ] GC(1178) Pause Young (Allocation Failure) 338M->87M(986M) 3.791ms
[536.897s][info][gc,cpu         ] GC(1178) User=0.00s Sys=0.00s Real=0.00s
[536.942s][info][gc,start       ] GC(1179) Pause Young (Allocation Failure)
[536.947s][info][gc,heap        ] GC(1179) PSYoungGen: 290961K->17350K(312320K)
[536.947s][info][gc,heap        ] GC(1179) PSOldGen: 72610K->85650K(699392K)
[536.947s][info][gc,metaspace   ] GC(1179) Metaspace: 145372K(158032K)->145372K(158032K) NonClass: 126581K(132784K)->126581K(132784K) Class: 18791K(25248K)->18791K(25248K)
[536.947s][info][gc             ] GC(1179) Pause Young (Allocation Failure) 355M->100M(988M) 5.165ms
[536.947s][info][gc,cpu         ] GC(1179) User=0.00s Sys=0.00s Real=0.00s
[537.082s][info][gc,start       ] GC(1180) Pause Young (Allocation Failure)
[537.090s][info][gc,heap        ] GC(1180) PSYoungGen: 289708K->36857K(312320K)
[537.090s][info][gc,heap        ] GC(1180) PSOldGen: 85650K->103890K(699392K)
[537.090s][info][gc,metaspace   ] GC(1180) Metaspace: 145372K(158032K)->145372K(158032K) NonClass: 126581K(132784K)->126581K(132784K) Class: 18791K(25248K)->18791K(25248K)
[537.090s][info][gc             ] GC(1180) Pause Young (Allocation Failure) 366M->137M(988M) 8.021ms
[537.090s][info][gc,cpu         ] GC(1180) User=0.00s Sys=0.00s Real=0.01s
[537.123s][info][gc,start       ] GC(1181) Pause Young (Allocation Failure)
[537.129s][info][gc,heap        ] GC(1181) PSYoungGen: 310514K->12315K(290816K)
[537.129s][info][gc,heap        ] GC(1181) PSOldGen: 103890K->124715K(699392K)
[537.129s][info][gc,metaspace   ] GC(1181) Metaspace: 145372K(158032K)->145372K(158032K) NonClass: 126581K(132784K)->126581K(132784K) Class: 18791K(25248K)->18791K(25248K)
[537.129s][info][gc             ] GC(1181) Pause Young (Allocation Failure) 404M->133M(967M) 5.705ms
[537.129s][info][gc,cpu         ] GC(1181) User=0.06s Sys=0.00s Real=0.01s
[537.270s][info][gc,start       ] GC(1182) Pause Young (Allocation Failure)
[537.277s][info][gc,heap        ] GC(1182) PSYoungGen: 265532K->39311K(293376K)
[537.277s][info][gc,heap        ] GC(1182) PSOldGen: 124715K->125216K(699392K)
[537.277s][info][gc,metaspace   ] GC(1182) Metaspace: 145372K(158032K)->145372K(158032K) NonClass: 126581K(132784K)->126581K(132784K) Class: 18791K(25248K)->18791K(25248K)
[537.277s][info][gc             ] GC(1182) Pause Young (Allocation Failure) 381M->160M(969M) 7.035ms
[537.278s][info][gc,cpu         ] GC(1182) User=0.00s Sys=0.00s Real=0.00s
[537.321s][info][gc,start       ] GC(1183) Pause Young (Allocation Failure)
[537.327s][info][gc,heap        ] GC(1183) PSYoungGen: 293263K->27748K(295936K)
[537.327s][info][gc,heap        ] GC(1183) PSOldGen: 125216K->129286K(699392K)
[537.327s][info][gc,metaspace   ] GC(1183) Metaspace: 145372K(158032K)->145372K(158032K) NonClass: 126581K(132784K)->126581K(132784K) Class: 18791K(25248K)->18791K(25248K)
[537.327s][info][gc             ] GC(1183) Pause Young (Allocation Failure) 408M->153M(972M) 5.762ms
[537.327s][info][gc,cpu         ] GC(1183) User=0.00s Sys=0.00s Real=0.01s
[537.368s][info][gc,start       ] GC(1184) Pause Young (Allocation Failure)
[537.372s][info][gc,heap        ] GC(1184) PSYoungGen: 268179K->6052K(295936K)
[537.372s][info][gc,heap        ] GC(1184) PSOldGen: 129286K->141679K(699392K)
[537.372s][info][gc,metaspace   ] GC(1184) Metaspace: 145372K(158032K)->145372K(158032K) NonClass: 126581K(132784K)->126581K(132784K) Class: 18791K(25248K)->18791K(25248K)
[537.372s][info][gc             ] GC(1184) Pause Young (Allocation Failure) 388M->144M(972M) 3.888ms
[537.372s][info][gc,cpu         ] GC(1184) User=0.00s Sys=0.00s Real=0.00s
[537.400s][info][gc,start       ] GC(1185) Pause Young (Allocation Failure)
[537.403s][info][gc,heap        ] GC(1185) PSYoungGen: 245434K->13318K(299520K)
[537.403s][info][gc,heap        ] GC(1185) PSOldGen: 141679K->147543K(699392K)
[537.403s][info][gc,metaspace   ] GC(1185) Metaspace: 145372K(158032K)->145372K(158032K) NonClass: 126581K(132784K)->126581K(132784K) Class: 18791K(25248K)->18791K(25248K)
[537.403s][info][gc             ] GC(1185) Pause Young (Allocation Failure) 378M->157M(975M) 3.415ms
[537.404s][info][gc,cpu         ] GC(1185) User=0.00s Sys=0.00s Real=0.00s
[537.437s][info][gc,start       ] GC(1186) Pause Young (Allocation Failure)
[537.440s][info][gc,heap        ] GC(1186) PSYoungGen: 256788K->7038K(296960K)
[537.440s][info][gc,heap        ] GC(1186) PSOldGen: 147543K->149621K(699392K)
[537.440s][info][gc,metaspace   ] GC(1186) Metaspace: 145372K(158032K)->145372K(158032K) NonClass: 126581K(132784K)->126581K(132784K) Class: 18791K(25248K)->18791K(25248K)
[537.440s][info][gc             ] GC(1186) Pause Young (Allocation Failure) 394M->152M(973M) 3.066ms
[537.440s][info][gc,cpu         ] GC(1186) User=0.00s Sys=0.00s Real=0.00s
[537.632s][info][gc,start       ] GC(1187) Pause Young (Allocation Failure)
[537.635s][info][gc,heap        ] GC(1187) PSYoungGen: 254334K->15989K(304640K)
[537.635s][info][gc,heap        ] GC(1187) PSOldGen: 149621K->149981K(699392K)
[537.635s][info][gc,metaspace   ] GC(1187) Metaspace: 145372K(158032K)->145372K(158032K) NonClass: 126581K(132784K)->126581K(132784K) Class: 18791K(25248K)->18791K(25248K)
[537.636s][info][gc             ] GC(1187) Pause Young (Allocation Failure) 394M->162M(980M) 3.417ms
[537.636s][info][gc,cpu         ] GC(1187) User=0.00s Sys=0.00s Real=0.00s
[538.064s][info][gc,start       ] GC(1188) Pause Young (Allocation Failure)
[538.068s][info][gc,heap        ] GC(1188) PSYoungGen: 272501K->3698K(301056K)
[538.068s][info][gc,heap        ] GC(1188) PSOldGen: 149981K->165763K(699392K)
[538.068s][info][gc,metaspace   ] GC(1188) Metaspace: 145372K(158032K)->145372K(158032K) NonClass: 126581K(132784K)->126581K(132784K) Class: 18791K(25248K)->18791K(25248K)
[538.068s][info][gc             ] GC(1188) Pause Young (Allocation Failure) 412M->165M(977M) 4.413ms
[538.068s][info][gc,cpu         ] GC(1188) User=0.00s Sys=0.00s Real=0.00s
[539.080s][info][gc,start       ] GC(1189) Pause Young (Allocation Failure)
[539.083s][info][gc,heap        ] GC(1189) PSYoungGen: 260210K->3692K(306176K)
[539.083s][info][gc,heap        ] GC(1189) PSOldGen: 165763K->166540K(699392K)
[539.083s][info][gc,metaspace   ] GC(1189) Metaspace: 145372K(158032K)->145372K(158032K) NonClass: 126581K(132784K)->126581K(132784K) Class: 18791K(25248K)->18791K(25248K)
[539.083s][info][gc             ] GC(1189) Pause Young (Allocation Failure) 415M->166M(982M) 2.618ms
[539.083s][info][gc,cpu         ] GC(1189) User=0.00s Sys=0.00s Real=0.00s
[539.978s][info][gc,start       ] GC(1190) Pause Young (GCLocker Initiated GC)
[539.981s][info][gc,heap        ] GC(1190) PSYoungGen: 265836K->3387K(305152K)
[539.981s][info][gc,heap        ] GC(1190) PSOldGen: 166572K->166992K(699392K)
[539.981s][info][gc,metaspace   ] GC(1190) Metaspace: 145372K(158032K)->145372K(158032K) NonClass: 126581K(132784K)->126581K(132784K) Class: 18791K(25248K)->18791K(25248K)
[539.981s][info][gc             ] GC(1190) Pause Young (GCLocker Initiated GC) 422M->166M(981M) 2.978ms
[539.981s][info][gc,cpu         ] GC(1190) User=0.00s Sys=0.00s Real=0.00s
[540.933s][info][gc,start       ] GC(1191) Pause Young (GCLocker Initiated GC)
[540.936s][info][gc,heap        ] GC(1191) PSYoungGen: 265531K->7815K(309248K)
[540.936s][info][gc,heap        ] GC(1191) PSOldGen: 167009K->167348K(699392K)
[540.936s][info][gc,metaspace   ] GC(1191) Metaspace: 145372K(158032K)->145372K(158032K) NonClass: 126581K(132784K)->126581K(132784K) Class: 18791K(25248K)->18791K(25248K)
[540.936s][info][gc             ] GC(1191) Pause Young (GCLocker Initiated GC) 422M->171M(985M) 2.968ms
[540.936s][info][gc,cpu         ] GC(1191) User=0.00s Sys=0.00s Real=0.00s
[541.944s][info][gc,start       ] GC(1192) Pause Young (Allocation Failure)
[541.946s][info][gc,heap        ] GC(1192) PSYoungGen: 275079K->603K(307200K)
[541.946s][info][gc,heap        ] GC(1192) PSOldGen: 170422K->170840K(699392K)
[541.946s][info][gc,metaspace   ] GC(1192) Metaspace: 145372K(158032K)->145372K(158032K) NonClass: 126581K(132784K)->126581K(132784K) Class: 18791K(25248K)->18791K(25248K)
[541.946s][info][gc             ] GC(1192) Pause Young (Allocation Failure) 435M->167M(983M) 1.960ms
[541.946s][info][gc,cpu         ] GC(1192) User=0.00s Sys=0.00s Real=0.00s
[542.870s][info][gc,start       ] GC(1193) Pause Young (Allocation Failure)
[542.873s][info][gc,heap        ] GC(1193) PSYoungGen: 267867K->2818K(311296K)
[542.873s][info][gc,heap        ] GC(1193) PSOldGen: 170840K->171283K(699392K)
[542.873s][info][gc,metaspace   ] GC(1193) Metaspace: 145372K(158032K)->145372K(158032K) NonClass: 126581K(132784K)->126581K(132784K) Class: 18791K(25248K)->18791K(25248K)
[542.873s][info][gc             ] GC(1193) Pause Young (Allocation Failure) 428M->170M(987M) 2.802ms
[542.873s][info][gc,cpu         ] GC(1193) User=0.00s Sys=0.00s Real=0.00s
[543.180s][info][gc,start       ] GC(1194) Pause Young (System.gc())
[543.183s][info][gc,heap        ] GC(1194) PSYoungGen: 210504K->2547K(310272K)
[543.183s][info][gc,heap        ] GC(1194) PSOldGen: 171283K->171758K(699392K)
[543.183s][info][gc,metaspace   ] GC(1194) Metaspace: 145372K(158032K)->145372K(158032K) NonClass: 126581K(132784K)->126581K(132784K) Class: 18791K(25248K)->18791K(25248K)
[543.183s][info][gc             ] GC(1194) Pause Young (System.gc()) 372M->170M(986M) 2.648ms
[543.183s][info][gc,cpu         ] GC(1194) User=0.00s Sys=0.00s Real=0.00s
[543.183s][info][gc,start       ] GC(1195) Pause Full (System.gc())
[543.185s][info][gc,phases,start] GC(1195) Phase 1: Mark live objects
[543.255s][info][gc,phases      ] GC(1195) Phase 1: Mark live objects 69.780ms
[543.255s][info][gc,phases,start] GC(1195) Phase 2: Compute new object addresses
[543.266s][info][gc,phases      ] GC(1195) Phase 2: Compute new object addresses 11.137ms
[543.266s][info][gc,phases,start] GC(1195) Phase 3: Adjust pointers
[543.307s][info][gc,phases      ] GC(1195) Phase 3: Adjust pointers 41.073ms
[543.307s][info][gc,phases,start] GC(1195) Phase 4: Move objects
[543.308s][info][gc,phases      ] GC(1195) Phase 4: Move objects 0.788ms
[543.309s][info][gc,heap        ] GC(1195) PSYoungGen: 2547K->0K(310272K)
[543.309s][info][gc,heap        ] GC(1195) PSOldGen: 171758K->101177K(699392K)
[543.309s][info][gc,metaspace   ] GC(1195) Metaspace: 145372K(158032K)->145372K(158032K) NonClass: 126581K(132784K)->126581K(132784K) Class: 18791K(25248K)->18791K(25248K)
[543.309s][info][gc             ] GC(1195) Pause Full (System.gc()) 170M->98M(986M) 125.737ms
[543.309s][info][gc,cpu         ] GC(1195) User=0.12s Sys=0.00s Real=0.12s
[543.424s][info][gc,start       ] GC(1196) Pause Young (Allocation Failure)
[543.428s][info][gc,heap        ] GC(1196) PSYoungGen: 272384K->18177K(311808K)
[543.428s][info][gc,heap        ] GC(1196) PSOldGen: 101177K->101177K(699392K)
[543.428s][info][gc,metaspace   ] GC(1196) Metaspace: 145372K(158032K)->145372K(158032K) NonClass: 126581K(132784K)->126581K(132784K) Class: 18791K(25248K)->18791K(25248K)
[543.428s][info][gc             ] GC(1196) Pause Young (Allocation Failure) 364M->116M(987M) 3.645ms
[543.428s][info][gc,cpu         ] GC(1196) User=0.00s Sys=0.00s Real=0.00s
[543.492s][info][gc,start       ] GC(1197) Pause Young (Allocation Failure)
[543.498s][info][gc,heap        ] GC(1197) PSYoungGen: 293633K->19302K(294912K)
[543.498s][info][gc,heap        ] GC(1197) PSOldGen: 101177K->112104K(699392K)
[543.498s][info][gc,metaspace   ] GC(1197) Metaspace: 145372K(158032K)->145372K(158032K) NonClass: 126581K(132784K)->126581K(132784K) Class: 18791K(25248K)->18791K(25248K)
[543.498s][info][gc             ] GC(1197) Pause Young (Allocation Failure) 385M->128M(971M) 5.676ms
[543.498s][info][gc,cpu         ] GC(1197) User=0.00s Sys=0.00s Real=0.01s
[543.639s][info][gc,start       ] GC(1198) Pause Young (Allocation Failure)
[543.647s][info][gc,heap        ] GC(1198) PSYoungGen: 293179K->37365K(287232K)
[543.647s][info][gc,heap        ] GC(1198) PSOldGen: 112104K->125873K(699392K)
[543.647s][info][gc,metaspace   ] GC(1198) Metaspace: 145372K(158032K)->145372K(158032K) NonClass: 126581K(132784K)->126581K(132784K) Class: 18791K(25248K)->18791K(25248K)
[543.647s][info][gc             ] GC(1198) Pause Young (Allocation Failure) 395M->159M(963M) 7.539ms
[543.647s][info][gc,cpu         ] GC(1198) User=0.09s Sys=0.00s Real=0.01s
[543.677s][info][gc,start       ] GC(1199) Pause Young (Allocation Failure)
[543.684s][info][gc,heap        ] GC(1199) PSYoungGen: 286382K->21370K(299520K)
[543.684s][info][gc,heap        ] GC(1199) PSOldGen: 125873K->149030K(699392K)
[543.684s][info][gc,metaspace   ] GC(1199) Metaspace: 145372K(158032K)->145372K(158032K) NonClass: 126581K(132784K)->126581K(132784K) Class: 18791K(25248K)->18791K(25248K)
[543.684s][info][gc             ] GC(1199) Pause Young (Allocation Failure) 402M->166M(975M) 6.749ms
[543.684s][info][gc,cpu         ] GC(1199) User=0.00s Sys=0.00s Real=0.00s
[543.825s][info][gc,start       ] GC(1200) Pause Young (Allocation Failure)
[543.831s][info][gc,heap        ] GC(1200) PSYoungGen: 271226K->28765K(297472K)
[543.831s][info][gc,heap        ] GC(1200) PSOldGen: 149030K->149070K(699392K)
[543.831s][info][gc,metaspace   ] GC(1200) Metaspace: 145372K(158032K)->145372K(158032K) NonClass: 126581K(132784K)->126581K(132784K) Class: 18791K(25248K)->18791K(25248K)
[543.831s][info][gc             ] GC(1200) Pause Young (Allocation Failure) 410M->173M(973M) 5.324ms
[543.831s][info][gc,cpu         ] GC(1200) User=0.09s Sys=0.00s Real=0.01s
[543.872s][info][gc,start       ] GC(1201) Pause Young (Allocation Failure)
[543.878s][info][gc,heap        ] GC(1201) PSYoungGen: 277597K->31967K(281088K)
[543.878s][info][gc,heap        ] GC(1201) PSOldGen: 149070K->149245K(699392K)
[543.878s][info][gc,metaspace   ] GC(1201) Metaspace: 145372K(158032K)->145372K(158032K) NonClass: 126581K(132784K)->126581K(132784K) Class: 18791K(25248K)->18791K(25248K)
[543.878s][info][gc             ] GC(1201) Pause Young (Allocation Failure) 416M->176M(957M) 5.951ms
[543.878s][info][gc,cpu         ] GC(1201) User=0.09s Sys=0.00s Real=0.01s
[543.922s][info][gc,start       ] GC(1202) Pause Young (Allocation Failure)
[543.928s][info][gc,heap        ] GC(1202) PSYoungGen: 280799K->18209K(300032K)
[543.928s][info][gc,heap        ] GC(1202) PSOldGen: 149245K->165482K(699392K)
[543.928s][info][gc,metaspace   ] GC(1202) Metaspace: 145372K(158032K)->145372K(158032K) NonClass: 126581K(132784K)->126581K(132784K) Class: 18791K(25248K)->18791K(25248K)
[543.928s][info][gc             ] GC(1202) Pause Young (Allocation Failure) 419M->179M(976M) 5.281ms
[543.928s][info][gc,cpu         ] GC(1202) User=0.00s Sys=0.00s Real=0.00s
[543.956s][info][gc,start       ] GC(1203) Pause Young (Allocation Failure)
[543.960s][info][gc,heap        ] GC(1203) PSYoungGen: 263549K->9375K(296960K)
[543.960s][info][gc,heap        ] GC(1203) PSOldGen: 165482K->170801K(699392K)
[543.960s][info][gc,metaspace   ] GC(1203) Metaspace: 145372K(158032K)->145372K(158032K) NonClass: 126581K(132784K)->126581K(132784K) Class: 18791K(25248K)->18791K(25248K)
[543.960s][info][gc             ] GC(1203) Pause Young (Allocation Failure) 418M->175M(973M) 3.161ms
[543.960s][info][gc,cpu         ] GC(1203) User=0.00s Sys=0.00s Real=0.00s
[543.994s][info][gc,start       ] GC(1204) Pause Young (Allocation Failure)
[543.997s][info][gc,heap        ] GC(1204) PSYoungGen: 253807K->11405K(303616K)
[543.997s][info][gc,heap        ] GC(1204) PSOldGen: 170801K->173712K(699392K)
[543.997s][info][gc,metaspace   ] GC(1204) Metaspace: 145372K(158032K)->145372K(158032K) NonClass: 126581K(132784K)->126581K(132784K) Class: 18791K(25248K)->18791K(25248K)
[543.997s][info][gc             ] GC(1204) Pause Young (Allocation Failure) 414M->180M(979M) 3.137ms
[543.997s][info][gc,cpu         ] GC(1204) User=0.00s Sys=0.00s Real=0.00s
[544.182s][info][gc,start       ] GC(1205) Pause Young (Allocation Failure)
[544.188s][info][gc,heap        ] GC(1205) PSYoungGen: 267405K->32775K(289280K)
[544.188s][info][gc,heap        ] GC(1205) PSOldGen: 173712K->174385K(699392K)
[544.188s][info][gc,metaspace   ] GC(1205) Metaspace: 145372K(158032K)->145372K(158032K) NonClass: 126581K(132784K)->126581K(132784K) Class: 18791K(25248K)->18791K(25248K)
[544.188s][info][gc             ] GC(1205) Pause Young (Allocation Failure) 430M->202M(965M) 6.109ms
[544.188s][info][gc,cpu         ] GC(1205) User=0.09s Sys=0.00s Real=0.00s
[544.611s][info][gc,start       ] GC(1206) Pause Young (GCLocker Initiated GC)
[544.616s][info][gc,heap        ] GC(1206) PSYoungGen: 288775K->7899K(301568K)
[544.616s][info][gc,heap        ] GC(1206) PSOldGen: 174394K->190256K(699392K)
[544.616s][info][gc,metaspace   ] GC(1206) Metaspace: 145372K(158032K)->145372K(158032K) NonClass: 126581K(132784K)->126581K(132784K) Class: 18791K(25248K)->18791K(25248K)
[544.616s][info][gc             ] GC(1206) Pause Young (GCLocker Initiated GC) 452M->193M(977M) 5.592ms
[544.616s][info][gc,cpu         ] GC(1206) User=0.00s Sys=0.00s Real=0.00s
[545.616s][info][gc,start       ] GC(1207) Pause Young (Allocation Failure)
[545.619s][info][gc,heap        ] GC(1207) PSYoungGen: 260827K->1423K(300544K)
[545.619s][info][gc,heap        ] GC(1207) PSOldGen: 194354K->195147K(699392K)
[545.619s][info][gc,metaspace   ] GC(1207) Metaspace: 145372K(158032K)->145372K(158032K) NonClass: 126581K(132784K)->126581K(132784K) Class: 18791K(25248K)->18791K(25248K)
[545.619s][info][gc             ] GC(1207) Pause Young (Allocation Failure) 444M->191M(976M) 2.409ms
[545.619s][info][gc,cpu         ] GC(1207) User=0.00s Sys=0.00s Real=0.00s
[546.524s][info][gc,start       ] GC(1208) Pause Young (Allocation Failure)
[546.526s][info][gc,heap        ] GC(1208) PSYoungGen: 254351K->1261K(302592K)
[546.526s][info][gc,heap        ] GC(1208) PSOldGen: 195147K->195625K(699392K)
[546.526s][info][gc,metaspace   ] GC(1208) Metaspace: 145374K(158032K)->145374K(158032K) NonClass: 126583K(132784K)->126583K(132784K) Class: 18791K(25248K)->18791K(25248K)
[546.526s][info][gc             ] GC(1208) Pause Young (Allocation Failure) 438M->192M(978M) 2.340ms
[546.526s][info][gc,cpu         ] GC(1208) User=0.00s Sys=0.00s Real=0.00s
[547.438s][info][gc,start       ] GC(1209) Pause Young (Allocation Failure)
[547.440s][info][gc,heap        ] GC(1209) PSYoungGen: 255796K->550K(302080K)
[547.440s][info][gc,heap        ] GC(1209) PSOldGen: 195625K->196004K(699392K)
[547.440s][info][gc,metaspace   ] GC(1209) Metaspace: 145374K(158032K)->145374K(158032K) NonClass: 126583K(132784K)->126583K(132784K) Class: 18791K(25248K)->18791K(25248K)
[547.440s][info][gc             ] GC(1209) Pause Young (Allocation Failure) 440M->191M(978M) 1.998ms
[547.440s][info][gc,cpu         ] GC(1209) User=0.00s Sys=0.00s Real=0.00s
[548.412s][info][gc,start       ] GC(1210) Pause Young (Allocation Failure)
[548.415s][info][gc,heap        ] GC(1210) PSYoungGen: 255260K->1428K(304640K)
[548.415s][info][gc,heap        ] GC(1210) PSOldGen: 196004K->196325K(699392K)
[548.415s][info][gc,metaspace   ] GC(1210) Metaspace: 145374K(158032K)->145374K(158032K) NonClass: 126583K(132784K)->126583K(132784K) Class: 18791K(25248K)->18791K(25248K)
[548.415s][info][gc             ] GC(1210) Pause Young (Allocation Failure) 440M->193M(980M) 3.006ms
[548.415s][info][gc,cpu         ] GC(1210) User=0.00s Sys=0.00s Real=0.00s
[549.302s][info][gc,start       ] GC(1211) Pause Young (Allocation Failure)
[549.304s][info][gc,heap        ] GC(1211) PSYoungGen: 260500K->2167K(303616K)
[549.304s][info][gc,heap        ] GC(1211) PSOldGen: 196325K->196754K(699392K)
[549.304s][info][gc,metaspace   ] GC(1211) Metaspace: 145374K(158032K)->145374K(158032K) NonClass: 126583K(132784K)->126583K(132784K) Class: 18791K(25248K)->18791K(25248K)
[549.304s][info][gc             ] GC(1211) Pause Young (Allocation Failure) 446M->194M(979M) 2.437ms
[549.304s][info][gc,cpu         ] GC(1211) User=0.00s Sys=0.00s Real=0.00s
[549.765s][info][gc,start       ] GC(1212) Pause Young (System.gc())
[549.768s][info][gc,heap        ] GC(1212) PSYoungGen: 259752K->2508K(308224K)
[549.768s][info][gc,heap        ] GC(1212) PSOldGen: 196754K->197272K(699392K)
[549.768s][info][gc,metaspace   ] GC(1212) Metaspace: 145384K(158032K)->145384K(158032K) NonClass: 126593K(132784K)->126593K(132784K) Class: 18791K(25248K)->18791K(25248K)
[549.768s][info][gc             ] GC(1212) Pause Young (System.gc()) 445M->195M(984M) 2.941ms
[549.768s][info][gc,cpu         ] GC(1212) User=0.02s Sys=0.00s Real=0.00s
[549.768s][info][gc,start       ] GC(1213) Pause Full (System.gc())
[549.770s][info][gc,phases,start] GC(1213) Phase 1: Mark live objects
[549.844s][info][gc,phases      ] GC(1213) Phase 1: Mark live objects 73.577ms
[549.844s][info][gc,phases,start] GC(1213) Phase 2: Compute new object addresses
[549.855s][info][gc,phases      ] GC(1213) Phase 2: Compute new object addresses 11.481ms
[549.855s][info][gc,phases,start] GC(1213) Phase 3: Adjust pointers
[549.897s][info][gc,phases      ] GC(1213) Phase 3: Adjust pointers 41.774ms
[549.897s][info][gc,phases,start] GC(1213) Phase 4: Move objects
[549.898s][info][gc,phases      ] GC(1213) Phase 4: Move objects 0.857ms
[549.899s][info][gc,heap        ] GC(1213) PSYoungGen: 2508K->0K(308224K)
[549.899s][info][gc,heap        ] GC(1213) PSOldGen: 197272K->106081K(699392K)
[549.899s][info][gc,metaspace   ] GC(1213) Metaspace: 145384K(158032K)->145384K(158032K) NonClass: 126593K(132784K)->126593K(132784K) Class: 18791K(25248K)->18791K(25248K)
[549.899s][info][gc             ] GC(1213) Pause Full (System.gc()) 195M->103M(984M) 130.670ms
[549.899s][info][gc,cpu         ] GC(1213) User=0.12s Sys=0.00s Real=0.12s
[550.010s][info][gc,start       ] GC(1214) Pause Young (Allocation Failure)
[550.013s][info][gc,heap        ] GC(1214) PSYoungGen: 265216K->15217K(306176K)
[550.013s][info][gc,heap        ] GC(1214) PSOldGen: 106081K->106081K(699392K)
[550.013s][info][gc,metaspace   ] GC(1214) Metaspace: 145387K(158032K)->145387K(158032K) NonClass: 126595K(132784K)->126595K(132784K) Class: 18791K(25248K)->18791K(25248K)
[550.013s][info][gc             ] GC(1214) Pause Young (Allocation Failure) 362M->118M(982M) 3.526ms
[550.013s][info][gc,cpu         ] GC(1214) User=0.00s Sys=0.00s Real=0.00s
[550.065s][info][gc,start       ] GC(1215) Pause Young (Allocation Failure)
[550.070s][info][gc,heap        ] GC(1215) PSYoungGen: 280433K->18662K(309248K)
[550.070s][info][gc,heap        ] GC(1215) PSOldGen: 106081K->116678K(699392K)
[550.070s][info][gc,metaspace   ] GC(1215) Metaspace: 145387K(158032K)->145387K(158032K) NonClass: 126595K(132784K)->126595K(132784K) Class: 18791K(25248K)->18791K(25248K)
[550.070s][info][gc             ] GC(1215) Pause Young (Allocation Failure) 377M->132M(985M) 5.748ms
[550.070s][info][gc,cpu         ] GC(1215) User=0.00s Sys=0.00s Real=0.00s
[550.221s][info][gc,start       ] GC(1216) Pause Young (Allocation Failure)
[550.230s][info][gc,heap        ] GC(1216) PSYoungGen: 287974K->39914K(309248K)
[550.230s][info][gc,heap        ] GC(1216) PSOldGen: 116678K->128797K(699392K)
[550.230s][info][gc,metaspace   ] GC(1216) Metaspace: 145387K(158032K)->145387K(158032K) NonClass: 126595K(132784K)->126595K(132784K) Class: 18791K(25248K)->18791K(25248K)
[550.230s][info][gc             ] GC(1216) Pause Young (Allocation Failure) 395M->164M(985M) 8.329ms
[550.230s][info][gc,cpu         ] GC(1216) User=0.00s Sys=0.00s Real=0.01s
[550.262s][info][gc,start       ] GC(1217) Pause Young (Allocation Failure)
[550.269s][info][gc,heap        ] GC(1217) PSYoungGen: 309193K->18737K(289792K)
[550.269s][info][gc,heap        ] GC(1217) PSOldGen: 128797K->156455K(699392K)
[550.269s][info][gc,metaspace   ] GC(1217) Metaspace: 145387K(158032K)->145387K(158032K) NonClass: 126595K(132784K)->126595K(132784K) Class: 18791K(25248K)->18791K(25248K)
[550.269s][info][gc             ] GC(1217) Pause Young (Allocation Failure) 427M->171M(966M) 7.138ms
[550.269s][info][gc,cpu         ] GC(1217) User=0.09s Sys=0.00s Real=0.01s
[550.419s][info][gc,start       ] GC(1218) Pause Young (Allocation Failure)
[550.425s][info][gc,heap        ] GC(1218) PSYoungGen: 267660K->28797K(279040K)
[550.425s][info][gc,heap        ] GC(1218) PSOldGen: 156455K->158448K(699392K)
[550.425s][info][gc,metaspace   ] GC(1218) Metaspace: 145387K(158032K)->145387K(158032K) NonClass: 126595K(132784K)->126595K(132784K) Class: 18791K(25248K)->18791K(25248K)
[550.425s][info][gc             ] GC(1218) Pause Young (Allocation Failure) 414M->182M(955M) 5.574ms
[550.425s][info][gc,cpu         ] GC(1218) User=0.08s Sys=0.00s Real=0.01s
[550.469s][info][gc,start       ] GC(1219) Pause Young (Allocation Failure)
[550.475s][info][gc,heap        ] GC(1219) PSYoungGen: 278653K->32371K(292864K)
[550.475s][info][gc,heap        ] GC(1219) PSOldGen: 158448K->158607K(699392K)
[550.475s][info][gc,metaspace   ] GC(1219) Metaspace: 145387K(158032K)->145387K(158032K) NonClass: 126595K(132784K)->126595K(132784K) Class: 18791K(25248K)->18791K(25248K)
[550.475s][info][gc             ] GC(1219) Pause Young (Allocation Failure) 426M->186M(969M) 5.843ms
[550.475s][info][gc,cpu         ] GC(1219) User=0.00s Sys=0.00s Real=0.01s
[550.519s][info][gc,start       ] GC(1220) Pause Young (Allocation Failure)
[550.524s][info][gc,heap        ] GC(1220) PSYoungGen: 272478K->17913K(295424K)
[550.524s][info][gc,heap        ] GC(1220) PSOldGen: 158607K->174852K(699392K)
[550.524s][info][gc,metaspace   ] GC(1220) Metaspace: 145387K(158032K)->145387K(158032K) NonClass: 126595K(132784K)->126595K(132784K) Class: 18791K(25248K)->18791K(25248K)
[550.524s][info][gc             ] GC(1220) Pause Young (Allocation Failure) 420M->188M(971M) 5.342ms
[550.524s][info][gc,cpu         ] GC(1220) User=0.00s Sys=0.00s Real=0.01s
[550.552s][info][gc,start       ] GC(1221) Pause Young (Allocation Failure)
[550.557s][info][gc,heap        ] GC(1221) PSYoungGen: 255932K->22127K(301056K)
[550.557s][info][gc,heap        ] GC(1221) PSOldGen: 174852K->179912K(699392K)
[550.557s][info][gc,metaspace   ] GC(1221) Metaspace: 145387K(158032K)->145387K(158032K) NonClass: 126595K(132784K)->126595K(132784K) Class: 18791K(25248K)->18791K(25248K)
[550.557s][info][gc             ] GC(1221) Pause Young (Allocation Failure) 420M->197M(977M) 4.344ms
[550.557s][info][gc,cpu         ] GC(1221) User=0.00s Sys=0.00s Real=0.00s
[550.589s][info][gc,start       ] GC(1222) Pause Young (Allocation Failure)
[550.592s][info][gc,heap        ] GC(1222) PSYoungGen: 273007K->7740K(299008K)
[550.592s][info][gc,heap        ] GC(1222) PSOldGen: 179912K->183529K(699392K)
[550.592s][info][gc,metaspace   ] GC(1222) Metaspace: 145387K(158032K)->145387K(158032K) NonClass: 126595K(132784K)->126595K(132784K) Class: 18791K(25248K)->18791K(25248K)
[550.592s][info][gc             ] GC(1222) Pause Young (Allocation Failure) 442M->186M(975M) 2.937ms
[550.592s][info][gc,cpu         ] GC(1222) User=0.00s Sys=0.00s Real=0.00s
[550.760s][info][gc,start       ] GC(1223) Pause Young (Allocation Failure)
[550.766s][info][gc,heap        ] GC(1223) PSYoungGen: 258620K->30457K(297984K)
[550.766s][info][gc,heap        ] GC(1223) PSOldGen: 183529K->184124K(699392K)
[550.766s][info][gc,metaspace   ] GC(1223) Metaspace: 145387K(158032K)->145387K(158032K) NonClass: 126595K(132784K)->126595K(132784K) Class: 18791K(25248K)->18791K(25248K)
[550.766s][info][gc             ] GC(1223) Pause Young (Allocation Failure) 431M->209M(974M) 5.765ms
[550.766s][info][gc,cpu         ] GC(1223) User=0.09s Sys=0.00s Real=0.02s
[551.146s][info][gc,start       ] GC(1224) Pause Young (Allocation Failure)
[551.151s][info][gc,heap        ] GC(1224) PSYoungGen: 281337K->3276K(300032K)
[551.151s][info][gc,heap        ] GC(1224) PSOldGen: 184124K->199986K(699392K)
[551.151s][info][gc,metaspace   ] GC(1224) Metaspace: 145387K(158032K)->145387K(158032K) NonClass: 126595K(132784K)->126595K(132784K) Class: 18791K(25248K)->18791K(25248K)
[551.151s][info][gc             ] GC(1224) Pause Young (Allocation Failure) 454M->198M(976M) 4.677ms
[551.151s][info][gc,cpu         ] GC(1224) User=0.00s Sys=0.00s Real=0.01s
[552.050s][info][gc,start       ] GC(1225) Pause Young (Allocation Failure)
[552.052s][info][gc,heap        ] GC(1225) PSYoungGen: 254156K->1731K(301056K)
[552.052s][info][gc,heap        ] GC(1225) PSOldGen: 199986K->200796K(699392K)
[552.052s][info][gc,metaspace   ] GC(1225) Metaspace: 145387K(158032K)->145387K(158032K) NonClass: 126595K(132784K)->126595K(132784K) Class: 18791K(25248K)->18791K(25248K)
[552.052s][info][gc             ] GC(1225) Pause Young (Allocation Failure) 443M->197M(977M) 2.215ms
[552.052s][info][gc,cpu         ] GC(1225) User=0.00s Sys=0.00s Real=0.00s
[552.940s][info][gc,start       ] GC(1226) Pause Young (Allocation Failure)
[552.942s][info][gc,heap        ] GC(1226) PSYoungGen: 254147K->1475K(300544K)
[552.942s][info][gc,heap        ] GC(1226) PSOldGen: 200796K->201099K(699392K)
[552.942s][info][gc,metaspace   ] GC(1226) Metaspace: 145387K(158032K)->145387K(158032K) NonClass: 126595K(132784K)->126595K(132784K) Class: 18791K(25248K)->18791K(25248K)
[552.942s][info][gc             ] GC(1226) Pause Young (Allocation Failure) 444M->197M(976M) 1.957ms
[552.942s][info][gc,cpu         ] GC(1226) User=0.00s Sys=0.00s Real=0.00s
[553.907s][info][gc,start       ] GC(1227) Pause Young (Allocation Failure)
[553.910s][info][gc,heap        ] GC(1227) PSYoungGen: 253891K->2931K(303104K)
[553.910s][info][gc,heap        ] GC(1227) PSOldGen: 201099K->201476K(699392K)
[553.910s][info][gc,metaspace   ] GC(1227) Metaspace: 145387K(158032K)->145387K(158032K) NonClass: 126595K(132784K)->126595K(132784K) Class: 18791K(25248K)->18791K(25248K)
[553.910s][info][gc             ] GC(1227) Pause Young (Allocation Failure) 444M->199M(979M) 2.815ms
[553.910s][info][gc,cpu         ] GC(1227) User=0.00s Sys=0.00s Real=0.00s
[554.871s][info][gc,start       ] GC(1228) Pause Young (GCLocker Initiated GC)
[554.874s][info][gc,heap        ] GC(1228) PSYoungGen: 258419K->5789K(301568K)
[554.874s][info][gc,heap        ] GC(1228) PSOldGen: 201517K->201846K(699392K)
[554.874s][info][gc,metaspace   ] GC(1228) Metaspace: 145387K(158032K)->145387K(158032K) NonClass: 126595K(132784K)->126595K(132784K) Class: 18791K(25248K)->18791K(25248K)
[554.874s][info][gc             ] GC(1228) Pause Young (GCLocker Initiated GC) 449M->202M(977M) 2.672ms
[554.874s][info][gc,cpu         ] GC(1228) User=0.00s Sys=0.02s Real=0.00s
[555.763s][info][gc,start       ] GC(1229) Pause Young (Allocation Failure)
[555.765s][info][gc,heap        ] GC(1229) PSYoungGen: 261277K->1346K(306176K)
[555.765s][info][gc,heap        ] GC(1229) PSOldGen: 201848K->202293K(699392K)
[555.765s][info][gc,metaspace   ] GC(1229) Metaspace: 145387K(158032K)->145387K(158032K) NonClass: 126595K(132784K)->126595K(132784K) Class: 18791K(25248K)->18791K(25248K)
[555.765s][info][gc             ] GC(1229) Pause Young (Allocation Failure) 452M->198M(982M) 2.083ms
[555.765s][info][gc,cpu         ] GC(1229) User=0.00s Sys=0.00s Real=0.00s
[556.276s][info][gc,start       ] GC(1230) Pause Young (GCLocker Initiated GC)
[556.279s][info][gc,heap        ] GC(1230) PSYoungGen: 263490K->4207K(305152K)
[556.279s][info][gc,heap        ] GC(1230) PSOldGen: 202294K->202657K(699392K)
[556.279s][info][gc,metaspace   ] GC(1230) Metaspace: 145387K(158032K)->145387K(158032K) NonClass: 126595K(132784K)->126595K(132784K) Class: 18791K(25248K)->18791K(25248K)
[556.279s][info][gc             ] GC(1230) Pause Young (GCLocker Initiated GC) 454M->202M(981M) 2.848ms
[556.279s][info][gc,cpu         ] GC(1230) User=0.00s Sys=0.00s Real=0.00s
[556.317s][info][gc,start       ] GC(1231) Pause Young (System.gc())
[556.319s][info][gc,heap        ] GC(1231) PSYoungGen: 29884K->288K(309248K)
[556.319s][info][gc,heap        ] GC(1231) PSOldGen: 202657K->205062K(699392K)
[556.319s][info][gc,metaspace   ] GC(1231) Metaspace: 145387K(158032K)->145387K(158032K) NonClass: 126595K(132784K)->126595K(132784K) Class: 18791K(25248K)->18791K(25248K)
[556.319s][info][gc             ] GC(1231) Pause Young (System.gc()) 227M->200M(985M) 2.364ms
[556.320s][info][gc,cpu         ] GC(1231) User=0.00s Sys=0.00s Real=0.02s
[556.320s][info][gc,start       ] GC(1232) Pause Full (System.gc())
[556.321s][info][gc,phases,start] GC(1232) Phase 1: Mark live objects
[556.392s][info][gc,phases      ] GC(1232) Phase 1: Mark live objects 70.813ms
[556.392s][info][gc,phases,start] GC(1232) Phase 2: Compute new object addresses
[556.403s][info][gc,phases      ] GC(1232) Phase 2: Compute new object addresses 11.315ms
[556.404s][info][gc,phases,start] GC(1232) Phase 3: Adjust pointers
[556.444s][info][gc,phases      ] GC(1232) Phase 3: Adjust pointers 40.672ms
[556.444s][info][gc,phases,start] GC(1232) Phase 4: Move objects
[556.446s][info][gc,phases      ] GC(1232) Phase 4: Move objects 1.651ms
[556.447s][info][gc,heap        ] GC(1232) PSYoungGen: 288K->0K(309248K)
[556.447s][info][gc,heap        ] GC(1232) PSOldGen: 205062K->106130K(699392K)
[556.447s][info][gc,metaspace   ] GC(1232) Metaspace: 145387K(158032K)->145387K(158032K) NonClass: 126595K(132784K)->126595K(132784K) Class: 18791K(25248K)->18791K(25248K)
[556.447s][info][gc             ] GC(1232) Pause Full (System.gc()) 200M->103M(985M) 127.611ms
[556.447s][info][gc,cpu         ] GC(1232) User=0.12s Sys=0.00s Real=0.13s
[556.573s][info][gc,start       ] GC(1233) Pause Young (Allocation Failure)
[556.576s][info][gc,heap        ] GC(1233) PSYoungGen: 268288K->16673K(308224K)
[556.576s][info][gc,heap        ] GC(1233) PSOldGen: 106131K->106131K(699392K)
[556.576s][info][gc,metaspace   ] GC(1233) Metaspace: 145392K(158032K)->145392K(158032K) NonClass: 126601K(132784K)->126601K(132784K) Class: 18791K(25248K)->18791K(25248K)
[556.576s][info][gc             ] GC(1233) Pause Young (Allocation Failure) 365M->119M(984M) 3.389ms
[556.576s][info][gc,cpu         ] GC(1233) User=0.00s Sys=0.00s Real=0.00s
[556.622s][info][gc,start       ] GC(1234) Pause Young (Allocation Failure)
[556.627s][info][gc,heap        ] GC(1234) PSYoungGen: 284961K->20422K(307712K)
[556.627s][info][gc,heap        ] GC(1234) PSOldGen: 106131K->116720K(699392K)
[556.627s][info][gc,metaspace   ] GC(1234) Metaspace: 145392K(158032K)->145392K(158032K) NonClass: 126601K(132784K)->126601K(132784K) Class: 18791K(25248K)->18791K(25248K)
[556.627s][info][gc             ] GC(1234) Pause Young (Allocation Failure) 381M->133M(983M) 5.344ms
[556.627s][info][gc,cpu         ] GC(1234) User=0.06s Sys=0.02s Real=0.00s
[556.760s][info][gc,start       ] GC(1235) Pause Young (Allocation Failure)
[556.768s][info][gc,heap        ] GC(1235) PSYoungGen: 288710K->40424K(308736K)
[556.768s][info][gc,heap        ] GC(1235) PSOldGen: 116720K->128071K(699392K)
[556.768s][info][gc,metaspace   ] GC(1235) Metaspace: 145392K(158032K)->145392K(158032K) NonClass: 126601K(132784K)->126601K(132784K) Class: 18791K(25248K)->18791K(25248K)
[556.768s][info][gc             ] GC(1235) Pause Young (Allocation Failure) 395M->164M(984M) 8.424ms
[556.768s][info][gc,cpu         ] GC(1235) User=0.09s Sys=0.00s Real=0.01s
[556.800s][info][gc,start       ] GC(1236) Pause Young (Allocation Failure)
[556.806s][info][gc,heap        ] GC(1236) PSYoungGen: 305961K->18398K(290304K)
[556.807s][info][gc,heap        ] GC(1236) PSOldGen: 128071K->154033K(699392K)
[556.807s][info][gc,metaspace   ] GC(1236) Metaspace: 145392K(158032K)->145392K(158032K) NonClass: 126601K(132784K)->126601K(132784K) Class: 18791K(25248K)->18791K(25248K)
[556.807s][info][gc             ] GC(1236) Pause Young (Allocation Failure) 423M->168M(966M) 6.873ms
[556.807s][info][gc,cpu         ] GC(1236) User=0.00s Sys=0.00s Real=0.01s
[556.944s][info][gc,start       ] GC(1237) Pause Young (Allocation Failure)
[556.949s][info][gc,heap        ] GC(1237) PSYoungGen: 267887K->28221K(278528K)
[556.949s][info][gc,heap        ] GC(1237) PSOldGen: 154033K->155261K(699392K)
[556.949s][info][gc,metaspace   ] GC(1237) Metaspace: 145392K(158032K)->145392K(158032K) NonClass: 126601K(132784K)->126601K(132784K) Class: 18791K(25248K)->18791K(25248K)
[556.949s][info][gc             ] GC(1237) Pause Young (Allocation Failure) 412M->179M(955M) 5.362ms
[556.949s][info][gc,cpu         ] GC(1237) User=0.00s Sys=0.00s Real=0.01s
[556.990s][info][gc,start       ] GC(1238) Pause Young (Allocation Failure)
[556.995s][info][gc,heap        ] GC(1238) PSYoungGen: 278077K->32351K(293888K)
[556.995s][info][gc,heap        ] GC(1238) PSOldGen: 155261K->155417K(699392K)
[556.995s][info][gc,metaspace   ] GC(1238) Metaspace: 145392K(158032K)->145392K(158032K) NonClass: 126601K(132784K)->126601K(132784K) Class: 18791K(25248K)->18791K(25248K)
[556.995s][info][gc             ] GC(1238) Pause Young (Allocation Failure) 423M->183M(970M) 5.679ms
[556.995s][info][gc,cpu         ] GC(1238) User=0.00s Sys=0.00s Real=0.01s
[557.039s][info][gc,start       ] GC(1239) Pause Young (Allocation Failure)
[557.044s][info][gc,heap        ] GC(1239) PSYoungGen: 272136K->18036K(295936K)
[557.044s][info][gc,heap        ] GC(1239) PSOldGen: 155417K->171670K(699392K)
[557.044s][info][gc,metaspace   ] GC(1239) Metaspace: 145392K(158032K)->145392K(158032K) NonClass: 126601K(132784K)->126601K(132784K) Class: 18791K(25248K)->18791K(25248K)
[557.044s][info][gc             ] GC(1239) Pause Young (Allocation Failure) 417M->185M(972M) 5.303ms
[557.044s][info][gc,cpu         ] GC(1239) User=0.00s Sys=0.00s Real=0.01s
[557.073s][info][gc,start       ] GC(1240) Pause Young (Allocation Failure)
[557.076s][info][gc,heap        ] GC(1240) PSYoungGen: 258743K->5277K(300032K)
[557.076s][info][gc,heap        ] GC(1240) PSOldGen: 171670K->176982K(699392K)
[557.076s][info][gc,metaspace   ] GC(1240) Metaspace: 145392K(158032K)->145392K(158032K) NonClass: 126601K(132784K)->126601K(132784K) Class: 18791K(25248K)->18791K(25248K)
[557.076s][info][gc             ] GC(1240) Pause Young (Allocation Failure) 420M->177M(976M) 2.951ms
[557.076s][info][gc,cpu         ] GC(1240) User=0.00s Sys=0.00s Real=0.01s
[557.109s][info][gc,start       ] GC(1241) Pause Young (Allocation Failure)
[557.111s][info][gc,heap        ] GC(1241) PSYoungGen: 255133K->6816K(299008K)
[557.112s][info][gc,heap        ] GC(1241) PSOldGen: 176982K->180128K(699392K)
[557.112s][info][gc,metaspace   ] GC(1241) Metaspace: 145392K(158032K)->145392K(158032K) NonClass: 126601K(132784K)->126601K(132784K) Class: 18791K(25248K)->18791K(25248K)
[557.112s][info][gc             ] GC(1241) Pause Young (Allocation Failure) 421M->182M(975M) 3.040ms
[557.112s][info][gc,cpu         ] GC(1241) User=0.02s Sys=0.00s Real=0.00s
[557.291s][info][gc,start       ] GC(1242) Pause Young (Allocation Failure)
[557.297s][info][gc,heap        ] GC(1242) PSYoungGen: 256672K->30457K(297472K)
[557.297s][info][gc,heap        ] GC(1242) PSOldGen: 180128K->180637K(699392K)
[557.297s][info][gc,metaspace   ] GC(1242) Metaspace: 145392K(158032K)->145392K(158032K) NonClass: 126601K(132784K)->126601K(132784K) Class: 18791K(25248K)->18791K(25248K)
[557.297s][info][gc             ] GC(1242) Pause Young (Allocation Failure) 426M->206M(973M) 5.634ms
[557.297s][info][gc,cpu         ] GC(1242) User=0.09s Sys=0.00s Real=0.01s
[557.692s][info][gc,start       ] GC(1243) Pause Young (GCLocker Initiated GC)
[557.696s][info][gc,heap        ] GC(1243) PSYoungGen: 280313K->3324K(299520K)
[557.696s][info][gc,heap        ] GC(1243) PSOldGen: 180659K->196567K(699392K)
[557.696s][info][gc,metaspace   ] GC(1243) Metaspace: 145392K(158032K)->145392K(158032K) NonClass: 126601K(132784K)->126601K(132784K) Class: 18791K(25248K)->18791K(25248K)
[557.696s][info][gc             ] GC(1243) Pause Young (GCLocker Initiated GC) 450M->195M(975M) 4.240ms
[557.696s][info][gc,cpu         ] GC(1243) User=0.00s Sys=0.00s Real=0.01s
[558.587s][info][gc,start       ] GC(1244) Pause Young (Allocation Failure)
[558.590s][info][gc,heap        ] GC(1244) PSYoungGen: 253180K->1187K(301056K)
[558.590s][info][gc,heap        ] GC(1244) PSOldGen: 196573K->197375K(699392K)
[558.590s][info][gc,metaspace   ] GC(1244) Metaspace: 145392K(158032K)->145392K(158032K) NonClass: 126601K(132784K)->126601K(132784K) Class: 18791K(25248K)->18791K(25248K)
[558.590s][info][gc             ] GC(1244) Pause Young (Allocation Failure) 439M->193M(977M) 2.206ms
[558.590s][info][gc,cpu         ] GC(1244) User=0.00s Sys=0.00s Real=0.00s
[559.469s][info][gc,start       ] GC(1245) Pause Young (Allocation Failure)
[559.472s][info][gc,heap        ] GC(1245) PSYoungGen: 253091K->654K(300032K)
[559.472s][info][gc,heap        ] GC(1245) PSOldGen: 197375K->197757K(699392K)
[559.472s][info][gc,metaspace   ] GC(1245) Metaspace: 145394K(158032K)->145394K(158032K) NonClass: 126602K(132784K)->126602K(132784K) Class: 18791K(25248K)->18791K(25248K)
[559.472s][info][gc             ] GC(1245) Pause Young (Allocation Failure) 439M->193M(976M) 2.659ms
[559.472s][info][gc,cpu         ] GC(1245) User=0.00s Sys=0.00s Real=0.00s
[560.435s][info][gc,start       ] GC(1246) Pause Young (Allocation Failure)
[560.437s][info][gc,heap        ] GC(1246) PSYoungGen: 252558K->2209K(303104K)
[560.437s][info][gc,heap        ] GC(1246) PSOldGen: 197757K->198222K(699392K)
[560.437s][info][gc,metaspace   ] GC(1246) Metaspace: 145394K(158032K)->145394K(158032K) NonClass: 126602K(132784K)->126602K(132784K) Class: 18791K(25248K)->18791K(25248K)
[560.437s][info][gc             ] GC(1246) Pause Young (Allocation Failure) 439M->195M(979M) 2.141ms
[560.437s][info][gc,cpu         ] GC(1246) User=0.00s Sys=0.00s Real=0.00s
[561.398s][info][gc,start       ] GC(1247) Pause Young (GCLocker Initiated GC)
[561.400s][info][gc,heap        ] GC(1247) PSYoungGen: 257697K->4901K(301568K)
[561.400s][info][gc,heap        ] GC(1247) PSOldGen: 198222K->198567K(699392K)
[561.400s][info][gc,metaspace   ] GC(1247) Metaspace: 145394K(158032K)->145394K(158032K) NonClass: 126602K(132784K)->126602K(132784K) Class: 18791K(25248K)->18791K(25248K)
[561.400s][info][gc             ] GC(1247) Pause Young (GCLocker Initiated GC) 445M->198M(977M) 2.568ms
[561.400s][info][gc,cpu         ] GC(1247) User=0.00s Sys=0.00s Real=0.00s
[562.283s][info][gc,start       ] GC(1248) Pause Young (Allocation Failure)
[562.285s][info][gc,heap        ] GC(1248) PSYoungGen: 260389K->1515K(307200K)
[562.285s][info][gc,heap        ] GC(1248) PSOldGen: 198569K->199053K(699392K)
[562.285s][info][gc,metaspace   ] GC(1248) Metaspace: 145394K(158032K)->145394K(158032K) NonClass: 126602K(132784K)->126602K(132784K) Class: 18791K(25248K)->18791K(25248K)
[562.285s][info][gc             ] GC(1248) Pause Young (Allocation Failure) 448M->195M(983M) 2.597ms
[562.285s][info][gc,cpu         ] GC(1248) User=0.00s Sys=0.00s Real=0.00s
[562.797s][info][gc,start       ] GC(1249) Pause Young (Allocation Failure)
[562.800s][info][gc,heap        ] GC(1249) PSYoungGen: 265195K->3248K(305664K)
[562.800s][info][gc,heap        ] GC(1249) PSOldGen: 199053K->199585K(699392K)
[562.800s][info][gc,metaspace   ] GC(1249) Metaspace: 145394K(158032K)->145394K(158032K) NonClass: 126602K(132784K)->126602K(132784K) Class: 18791K(25248K)->18791K(25248K)
[562.800s][info][gc             ] GC(1249) Pause Young (Allocation Failure) 453M->198M(981M) 2.714ms
[562.800s][info][gc,cpu         ] GC(1249) User=0.00s Sys=0.00s Real=0.00s
[562.842s][info][gc,start       ] GC(1250) Pause Young (System.gc())
[562.844s][info][gc,heap        ] GC(1250) PSYoungGen: 30992K->288K(310272K)
[562.844s][info][gc,heap        ] GC(1250) PSOldGen: 199585K->202068K(699392K)
[562.844s][info][gc,metaspace   ] GC(1250) Metaspace: 145394K(158032K)->145394K(158032K) NonClass: 126602K(132784K)->126602K(132784K) Class: 18791K(25248K)->18791K(25248K)
[562.844s][info][gc             ] GC(1250) Pause Young (System.gc()) 225M->197M(986M) 2.645ms
[562.844s][info][gc,cpu         ] GC(1250) User=0.08s Sys=0.00s Real=0.00s
[562.844s][info][gc,start       ] GC(1251) Pause Full (System.gc())
[562.846s][info][gc,phases,start] GC(1251) Phase 1: Mark live objects
[562.916s][info][gc,phases      ] GC(1251) Phase 1: Mark live objects 70.262ms
[562.917s][info][gc,phases,start] GC(1251) Phase 2: Compute new object addresses
[562.928s][info][gc,phases      ] GC(1251) Phase 2: Compute new object addresses 11.262ms
[562.928s][info][gc,phases,start] GC(1251) Phase 3: Adjust pointers
[562.969s][info][gc,phases      ] GC(1251) Phase 3: Adjust pointers 41.346ms
[562.969s][info][gc,phases,start] GC(1251) Phase 4: Move objects
[562.974s][info][gc,phases      ] GC(1251) Phase 4: Move objects 4.932ms
[562.975s][info][gc,heap        ] GC(1251) PSYoungGen: 288K->0K(310272K)
[562.975s][info][gc,heap        ] GC(1251) PSOldGen: 202068K->72673K(699392K)
[562.975s][info][gc,metaspace   ] GC(1251) Metaspace: 145394K(158032K)->145394K(158032K) NonClass: 126602K(132784K)->126602K(132784K) Class: 18791K(25248K)->18791K(25248K)
[562.975s][info][gc             ] GC(1251) Pause Full (System.gc()) 197M->70M(986M) 130.713ms
[562.975s][info][gc,cpu         ] GC(1251) User=0.12s Sys=0.00s Real=0.14s
[563.080s][info][gc,start       ] GC(1252) Pause Young (Allocation Failure)
[563.084s][info][gc,heap        ] GC(1252) PSYoungGen: 269824K->15169K(308736K)
[563.084s][info][gc,heap        ] GC(1252) PSOldGen: 72673K->72673K(699392K)
[563.084s][info][gc,metaspace   ] GC(1252) Metaspace: 145402K(158032K)->145402K(158032K) NonClass: 126611K(132784K)->126611K(132784K) Class: 18791K(25248K)->18791K(25248K)
[563.084s][info][gc             ] GC(1252) Pause Young (Allocation Failure) 334M->85M(984M) 3.308ms
[563.084s][info][gc,cpu         ] GC(1252) User=0.00s Sys=0.00s Real=0.00s
[563.128s][info][gc,start       ] GC(1253) Pause Young (Allocation Failure)
[563.132s][info][gc,heap        ] GC(1253) PSYoungGen: 284993K->20454K(308736K)
[563.132s][info][gc,heap        ] GC(1253) PSOldGen: 72673K->83255K(699392K)
[563.133s][info][gc,metaspace   ] GC(1253) Metaspace: 145402K(158032K)->145402K(158032K) NonClass: 126611K(132784K)->126611K(132784K) Class: 18791K(25248K)->18791K(25248K)
[563.133s][info][gc             ] GC(1253) Pause Young (Allocation Failure) 349M->101M(984M) 5.012ms
[563.133s][info][gc,cpu         ] GC(1253) User=0.00s Sys=0.00s Real=0.01s
[563.267s][info][gc,start       ] GC(1254) Pause Young (Allocation Failure)
[563.275s][info][gc,heap        ] GC(1254) PSYoungGen: 289249K->39397K(309760K)
[563.275s][info][gc,heap        ] GC(1254) PSOldGen: 83255K->95407K(699392K)
[563.275s][info][gc,metaspace   ] GC(1254) Metaspace: 145402K(158032K)->145402K(158032K) NonClass: 126611K(132784K)->126611K(132784K) Class: 18791K(25248K)->18791K(25248K)
[563.275s][info][gc             ] GC(1254) Pause Young (Allocation Failure) 363M->131M(985M) 8.211ms
[563.275s][info][gc,cpu         ] GC(1254) User=0.00s Sys=0.00s Real=0.01s
[563.308s][info][gc,start       ] GC(1255) Pause Young (GCLocker Initiated GC)
[563.315s][info][gc,heap        ] GC(1255) PSYoungGen: 308974K->22452K(286208K)
[563.315s][info][gc,heap        ] GC(1255) PSOldGen: 99503K->125325K(699392K)
[563.315s][info][gc,metaspace   ] GC(1255) Metaspace: 145402K(158032K)->145402K(158032K) NonClass: 126611K(132784K)->126611K(132784K) Class: 18791K(25248K)->18791K(25248K)
[563.315s][info][gc             ] GC(1255) Pause Young (GCLocker Initiated GC) 398M->144M(962M) 7.465ms
[563.315s][info][gc,cpu         ] GC(1255) User=0.09s Sys=0.00s Real=0.01s
[563.455s][info][gc,start       ] GC(1256) Pause Young (Allocation Failure)
[563.461s][info][gc,heap        ] GC(1256) PSYoungGen: 269236K->33130K(280064K)
[563.461s][info][gc,heap        ] GC(1256) PSOldGen: 128155K->129397K(699392K)
[563.461s][info][gc,metaspace   ] GC(1256) Metaspace: 145402K(158032K)->145402K(158032K) NonClass: 126611K(132784K)->126611K(132784K) Class: 18791K(25248K)->18791K(25248K)
[563.461s][info][gc             ] GC(1256) Pause Young (Allocation Failure) 388M->158M(956M) 6.198ms
[563.461s][info][gc,cpu         ] GC(1256) User=0.00s Sys=0.00s Real=0.00s
[563.503s][info][gc,start       ] GC(1257) Pause Young (Allocation Failure)
[563.510s][info][gc,heap        ] GC(1257) PSYoungGen: 279914K->31206K(291840K)
[563.510s][info][gc,heap        ] GC(1257) PSOldGen: 129397K->129569K(699392K)
[563.510s][info][gc,metaspace   ] GC(1257) Metaspace: 145402K(158032K)->145402K(158032K) NonClass: 126611K(132784K)->126611K(132784K) Class: 18791K(25248K)->18791K(25248K)
[563.510s][info][gc             ] GC(1257) Pause Young (Allocation Failure) 399M->157M(968M) 6.546ms
[563.510s][info][gc,cpu         ] GC(1257) User=0.00s Sys=0.00s Real=0.01s
[563.553s][info][gc,start       ] GC(1258) Pause Young (Allocation Failure)
[563.558s][info][gc,heap        ] GC(1258) PSYoungGen: 267932K->18449K(293376K)
[563.558s][info][gc,heap        ] GC(1258) PSOldGen: 129569K->145041K(699392K)
[563.559s][info][gc,metaspace   ] GC(1258) Metaspace: 145402K(158032K)->145402K(158032K) NonClass: 126611K(132784K)->126611K(132784K) Class: 18791K(25248K)->18791K(25248K)
[563.559s][info][gc             ] GC(1258) Pause Young (Allocation Failure) 388M->159M(969M) 5.445ms
[563.559s][info][gc,cpu         ] GC(1258) User=0.00s Sys=0.00s Real=0.00s
[563.587s][info][gc,start       ] GC(1259) Pause Young (Allocation Failure)
[563.589s][info][gc,heap        ] GC(1259) PSYoungGen: 255943K->9581K(299008K)
[563.590s][info][gc,heap        ] GC(1259) PSOldGen: 145041K->150356K(699392K)
[563.590s][info][gc,metaspace   ] GC(1259) Metaspace: 145402K(158032K)->145402K(158032K) NonClass: 126611K(132784K)->126611K(132784K) Class: 18791K(25248K)->18791K(25248K)
[563.590s][info][gc             ] GC(1259) Pause Young (Allocation Failure) 391M->156M(975M) 2.964ms
[563.590s][info][gc,cpu         ] GC(1259) User=0.00s Sys=0.00s Real=0.01s
[563.623s][info][gc,start       ] GC(1260) Pause Young (Allocation Failure)
[563.626s][info][gc,heap        ] GC(1260) PSYoungGen: 256877K->2073K(297472K)
[563.626s][info][gc,heap        ] GC(1260) PSOldGen: 150356K->152494K(699392K)
[563.626s][info][gc,metaspace   ] GC(1260) Metaspace: 145402K(158032K)->145402K(158032K) NonClass: 126611K(132784K)->126611K(132784K) Class: 18791K(25248K)->18791K(25248K)
[563.626s][info][gc             ] GC(1260) Pause Young (Allocation Failure) 397M->150M(973M) 2.457ms
[563.626s][info][gc,cpu         ] GC(1260) User=0.03s Sys=0.00s Real=0.00s
[563.800s][info][gc,start       ] GC(1261) Pause Young (Allocation Failure)
[563.806s][info][gc,heap        ] GC(1261) PSYoungGen: 249369K->30410K(295424K)
[563.806s][info][gc,heap        ] GC(1261) PSOldGen: 152494K->152925K(699392K)
[563.806s][info][gc,metaspace   ] GC(1261) Metaspace: 145402K(158032K)->145402K(158032K) NonClass: 126611K(132784K)->126611K(132784K) Class: 18791K(25248K)->18791K(25248K)
[563.806s][info][gc             ] GC(1261) Pause Young (Allocation Failure) 392M->179M(971M) 5.727ms
[563.806s][info][gc,cpu         ] GC(1261) User=0.00s Sys=0.00s Real=0.01s
[564.166s][info][gc,start       ] GC(1262) Pause Young (Allocation Failure)
[564.170s][info][gc,heap        ] GC(1262) PSYoungGen: 276170K->1885K(297472K)
[564.170s][info][gc,heap        ] GC(1262) PSOldGen: 152925K->168709K(699392K)
[564.170s][info][gc,metaspace   ] GC(1262) Metaspace: 145402K(158032K)->145402K(158032K) NonClass: 126611K(132784K)->126611K(132784K) Class: 18791K(25248K)->18791K(25248K)
[564.170s][info][gc             ] GC(1262) Pause Young (Allocation Failure) 419M->166M(973M) 3.750ms
[564.170s][info][gc,cpu         ] GC(1262) User=0.00s Sys=0.00s Real=0.01s
[565.058s][info][gc,start       ] GC(1263) Pause Young (Allocation Failure)
[565.061s][info][gc,heap        ] GC(1263) PSYoungGen: 247645K->1219K(299520K)
[565.061s][info][gc,heap        ] GC(1263) PSOldGen: 168709K->169486K(699392K)
[565.061s][info][gc,metaspace   ] GC(1263) Metaspace: 145403K(158032K)->145403K(158032K) NonClass: 126611K(132784K)->126611K(132784K) Class: 18791K(25248K)->18791K(25248K)
[565.061s][info][gc             ] GC(1263) Pause Young (Allocation Failure) 406M->166M(975M) 2.943ms
[565.061s][info][gc,cpu         ] GC(1263) User=0.00s Sys=0.00s Real=0.00s
[565.907s][info][gc,start       ] GC(1264) Pause Young (Allocation Failure)
[565.909s][info][gc,heap        ] GC(1264) PSYoungGen: 250051K->1470K(298496K)
[565.909s][info][gc,heap        ] GC(1264) PSOldGen: 169486K->169789K(699392K)
[565.909s][info][gc,metaspace   ] GC(1264) Metaspace: 145403K(158032K)->145403K(158032K) NonClass: 126611K(132784K)->126611K(132784K) Class: 18791K(25248K)->18791K(25248K)
[565.909s][info][gc             ] GC(1264) Pause Young (Allocation Failure) 409M->167M(974M) 2.063ms
[565.909s][info][gc,cpu         ] GC(1264) User=0.00s Sys=0.00s Real=0.00s
[566.865s][info][gc,start       ] GC(1265) Pause Young (Allocation Failure)
[566.867s][info][gc,heap        ] GC(1265) PSYoungGen: 250302K->5129K(302592K)
[566.867s][info][gc,heap        ] GC(1265) PSOldGen: 169789K->170091K(699392K)
[566.867s][info][gc,metaspace   ] GC(1265) Metaspace: 145403K(158032K)->145403K(158032K) NonClass: 126611K(132784K)->126611K(132784K) Class: 18791K(25248K)->18791K(25248K)
[566.867s][info][gc             ] GC(1265) Pause Young (Allocation Failure) 410M->171M(978M) 2.517ms
[566.868s][info][gc,cpu         ] GC(1265) User=0.00s Sys=0.00s Real=0.00s
[567.847s][info][gc,start       ] GC(1266) Pause Young (Allocation Failure)
[567.849s][info][gc,heap        ] GC(1266) PSYoungGen: 259081K->1332K(300544K)
[567.849s][info][gc,heap        ] GC(1266) PSOldGen: 170091K->170551K(699392K)
[567.849s][info][gc,metaspace   ] GC(1266) Metaspace: 145403K(158032K)->145403K(158032K) NonClass: 126611K(132784K)->126611K(132784K) Class: 18791K(25248K)->18791K(25248K)
[567.849s][info][gc             ] GC(1266) Pause Young (Allocation Failure) 419M->167M(976M) 2.082ms
[567.849s][info][gc,cpu         ] GC(1266) User=0.00s Sys=0.00s Real=0.00s
[568.674s][info][gc,start       ] GC(1267) Pause Young (GCLocker Initiated GC)
[568.677s][info][gc,heap        ] GC(1267) PSYoungGen: 255266K->6577K(306688K)
[568.677s][info][gc,heap        ] GC(1267) PSOldGen: 170583K->171091K(699392K)
[568.677s][info][gc,metaspace   ] GC(1267) Metaspace: 145403K(158032K)->145403K(158032K) NonClass: 126611K(132784K)->126611K(132784K) Class: 18791K(25248K)->18791K(25248K)
[568.677s][info][gc             ] GC(1267) Pause Young (GCLocker Initiated GC) 415M->173M(982M) 2.655ms
[568.677s][info][gc,cpu         ] GC(1267) User=0.00s Sys=0.00s Real=0.00s
[569.250s][info][gc,start       ] GC(1268) Pause Young (GCLocker Initiated GC)
[569.254s][info][gc,heap        ] GC(1268) PSYoungGen: 268209K->11017K(304128K)
[569.254s][info][gc,heap        ] GC(1268) PSOldGen: 171104K->171467K(699392K)
[569.254s][info][gc,metaspace   ] GC(1268) Metaspace: 145403K(158032K)->145403K(158032K) NonClass: 126611K(132784K)->126611K(132784K) Class: 18791K(25248K)->18791K(25248K)
[569.255s][info][gc             ] GC(1268) Pause Young (GCLocker Initiated GC) 429M->178M(980M) 4.019ms
[569.255s][info][gc,cpu         ] GC(1268) User=0.00s Sys=0.00s Real=0.01s
[569.321s][info][gc,start       ] GC(1269) Pause Young (System.gc())
[569.324s][info][gc,heap        ] GC(1269) PSYoungGen: 56101K->384K(310784K)
[569.324s][info][gc,heap        ] GC(1269) PSOldGen: 171467K->176246K(699392K)
[569.324s][info][gc,metaspace   ] GC(1269) Metaspace: 145403K(158032K)->145403K(158032K) NonClass: 126611K(132784K)->126611K(132784K) Class: 18791K(25248K)->18791K(25248K)
[569.324s][info][gc             ] GC(1269) Pause Young (System.gc()) 222M->172M(986M) 2.837ms
[569.324s][info][gc,cpu         ] GC(1269) User=0.00s Sys=0.00s Real=0.00s
[569.324s][info][gc,start       ] GC(1270) Pause Full (System.gc())
[569.326s][info][gc,phases,start] GC(1270) Phase 1: Mark live objects
[569.396s][info][gc,phases      ] GC(1270) Phase 1: Mark live objects 70.110ms
[569.396s][info][gc,phases,start] GC(1270) Phase 2: Compute new object addresses
[569.407s][info][gc,phases      ] GC(1270) Phase 2: Compute new object addresses 11.285ms
[569.407s][info][gc,phases,start] GC(1270) Phase 3: Adjust pointers
[569.448s][info][gc,phases      ] GC(1270) Phase 3: Adjust pointers 40.754ms
[569.448s][info][gc,phases,start] GC(1270) Phase 4: Move objects
[569.449s][info][gc,phases      ] GC(1270) Phase 4: Move objects 1.088ms
[569.450s][info][gc,heap        ] GC(1270) PSYoungGen: 384K->0K(310784K)
[569.450s][info][gc,heap        ] GC(1270) PSOldGen: 176246K->106704K(699392K)
[569.450s][info][gc,metaspace   ] GC(1270) Metaspace: 145403K(158032K)->145403K(158032K) NonClass: 126611K(132784K)->126611K(132784K) Class: 18791K(25248K)->18791K(25248K)
[569.451s][info][gc             ] GC(1270) Pause Full (System.gc()) 172M->104M(986M) 126.235ms
[569.451s][info][gc,cpu         ] GC(1270) User=0.12s Sys=0.00s Real=0.13s
[569.556s][info][gc,start       ] GC(1271) Pause Young (Allocation Failure)
[569.559s][info][gc,heap        ] GC(1271) PSYoungGen: 271360K->17041K(309760K)
[569.559s][info][gc,heap        ] GC(1271) PSOldGen: 106705K->106705K(699392K)
[569.559s][info][gc,metaspace   ] GC(1271) Metaspace: 145403K(158032K)->145403K(158032K) NonClass: 126611K(132784K)->126611K(132784K) Class: 18791K(25248K)->18791K(25248K)
[569.559s][info][gc             ] GC(1271) Pause Young (Allocation Failure) 369M->120M(985M) 3.381ms
[569.559s][info][gc,cpu         ] GC(1271) User=0.00s Sys=0.00s Real=0.00s
[569.609s][info][gc,start       ] GC(1272) Pause Young (Allocation Failure)
[569.614s][info][gc,heap        ] GC(1272) PSYoungGen: 288401K->15430K(311808K)
[569.614s][info][gc,heap        ] GC(1272) PSOldGen: 106705K->119636K(699392K)
[569.614s][info][gc,metaspace   ] GC(1272) Metaspace: 145403K(158032K)->145403K(158032K) NonClass: 126611K(132784K)->126611K(132784K) Class: 18791K(25248K)->18791K(25248K)
[569.614s][info][gc             ] GC(1272) Pause Young (Allocation Failure) 385M->131M(987M) 5.148ms
[569.614s][info][gc,cpu         ] GC(1272) User=0.02s Sys=0.00s Real=0.01s
[569.745s][info][gc,start       ] GC(1273) Pause Young (Allocation Failure)
[569.753s][info][gc,heap        ] GC(1273) PSYoungGen: 288760K->37375K(311296K)
[569.753s][info][gc,heap        ] GC(1273) PSOldGen: 119636K->133271K(699392K)
[569.753s][info][gc,metaspace   ] GC(1273) Metaspace: 145403K(158032K)->145403K(158032K) NonClass: 126611K(132784K)->126611K(132784K) Class: 18791K(25248K)->18791K(25248K)
[569.753s][info][gc             ] GC(1273) Pause Young (Allocation Failure) 398M->166M(987M) 7.598ms
[569.753s][info][gc,cpu         ] GC(1273) User=0.09s Sys=0.00s Real=0.01s
[569.786s][info][gc,start       ] GC(1274) Pause Young (Allocation Failure)
[569.793s][info][gc,heap        ] GC(1274) PSYoungGen: 309923K->21877K(289792K)
[569.793s][info][gc,heap        ] GC(1274) PSOldGen: 133271K->160260K(699392K)
[569.793s][info][gc,metaspace   ] GC(1274) Metaspace: 145403K(158032K)->145403K(158032K) NonClass: 126611K(132784K)->126611K(132784K) Class: 18791K(25248K)->18791K(25248K)
[569.793s][info][gc             ] GC(1274) Pause Young (Allocation Failure) 432M->177M(966M) 7.250ms
[569.793s][info][gc,cpu         ] GC(1274) User=0.00s Sys=0.00s Real=0.01s
[569.926s][info][gc,start       ] GC(1275) Pause Young (Allocation Failure)
[569.933s][info][gc,heap        ] GC(1275) PSYoungGen: 273651K->37311K(289280K)
[569.933s][info][gc,heap        ] GC(1275) PSOldGen: 160260K->160300K(699392K)
[569.933s][info][gc,metaspace   ] GC(1275) Metaspace: 145403K(158032K)->145403K(158032K) NonClass: 126611K(132784K)->126611K(132784K) Class: 18791K(25248K)->18791K(25248K)
[569.933s][info][gc             ] GC(1275) Pause Young (Allocation Failure) 423M->192M(965M) 6.909ms
[569.933s][info][gc,cpu         ] GC(1275) User=0.00s Sys=0.00s Real=0.01s
[569.975s][info][gc,start       ] GC(1276) Pause Young (Allocation Failure)
[569.981s][info][gc,heap        ] GC(1276) PSYoungGen: 289215K->31981K(292864K)
[569.981s][info][gc,heap        ] GC(1276) PSOldGen: 160300K->161253K(699392K)
[569.981s][info][gc,metaspace   ] GC(1276) Metaspace: 145403K(158032K)->145403K(158032K) NonClass: 126611K(132784K)->126611K(132784K) Class: 18791K(25248K)->18791K(25248K)
[569.981s][info][gc             ] GC(1276) Pause Young (Allocation Failure) 438M->188M(969M) 5.995ms
[569.981s][info][gc,cpu         ] GC(1276) User=0.00s Sys=0.00s Real=0.00s
[570.023s][info][gc,start       ] GC(1277) Pause Young (Allocation Failure)
[570.029s][info][gc,heap        ] GC(1277) PSYoungGen: 271597K->22371K(294400K)
[570.029s][info][gc,heap        ] GC(1277) PSOldGen: 161253K->176717K(699392K)
[570.029s][info][gc,metaspace   ] GC(1277) Metaspace: 145403K(158032K)->145403K(158032K) NonClass: 126611K(132784K)->126611K(132784K) Class: 18791K(25248K)->18791K(25248K)
[570.029s][info][gc             ] GC(1277) Pause Young (Allocation Failure) 422M->194M(970M) 5.651ms
[570.029s][info][gc,cpu         ] GC(1277) User=0.00s Sys=0.00s Real=0.01s
[570.057s][info][gc,start       ] GC(1278) Pause Young (Allocation Failure)
[570.061s][info][gc,heap        ] GC(1278) PSYoungGen: 260155K->17651K(299520K)
[570.061s][info][gc,heap        ] GC(1278) PSOldGen: 176717K->182343K(699392K)
[570.061s][info][gc,metaspace   ] GC(1278) Metaspace: 145403K(158032K)->145403K(158032K) NonClass: 126611K(132784K)->126611K(132784K) Class: 18791K(25248K)->18791K(25248K)
[570.061s][info][gc             ] GC(1278) Pause Young (Allocation Failure) 426M->195M(975M) 3.983ms
[570.061s][info][gc,cpu         ] GC(1278) User=0.00s Sys=0.00s Real=0.01s
[570.096s][info][gc,start       ] GC(1279) Pause Young (Allocation Failure)
[570.099s][info][gc,heap        ] GC(1279) PSYoungGen: 263365K->6409K(296448K)
[570.099s][info][gc,heap        ] GC(1279) PSOldGen: 182343K->184395K(699392K)
[570.099s][info][gc,metaspace   ] GC(1279) Metaspace: 145403K(158032K)->145403K(158032K) NonClass: 126611K(132784K)->126611K(132784K) Class: 18791K(25248K)->18791K(25248K)
[570.099s][info][gc             ] GC(1279) Pause Young (Allocation Failure) 435M->186M(972M) 3.071ms
[570.099s][info][gc,cpu         ] GC(1279) User=0.00s Sys=0.00s Real=0.00s
[570.274s][info][gc,start       ] GC(1280) Pause Young (Allocation Failure)
[570.279s][info][gc,heap        ] GC(1280) PSYoungGen: 253130K->30423K(297472K)
[570.279s][info][gc,heap        ] GC(1280) PSOldGen: 184395K->184740K(699392K)
[570.279s][info][gc,metaspace   ] GC(1280) Metaspace: 145403K(158032K)->145403K(158032K) NonClass: 126611K(132784K)->126611K(132784K) Class: 18791K(25248K)->18791K(25248K)
[570.279s][info][gc             ] GC(1280) Pause Young (Allocation Failure) 427M->210M(973M) 5.498ms
[570.279s][info][gc,cpu         ] GC(1280) User=0.00s Sys=0.00s Real=0.01s
[570.678s][info][gc,start       ] GC(1281) Pause Young (GCLocker Initiated GC)
[570.684s][info][gc,heap        ] GC(1281) PSYoungGen: 279255K->6908K(299008K)
[570.684s][info][gc,heap        ] GC(1281) PSOldGen: 184762K->200554K(699392K)
[570.684s][info][gc,metaspace   ] GC(1281) Metaspace: 145403K(158032K)->145403K(158032K) NonClass: 126611K(132784K)->126611K(132784K) Class: 18791K(25248K)->18791K(25248K)
[570.684s][info][gc             ] GC(1281) Pause Young (GCLocker Initiated GC) 453M->202M(975M) 5.134ms
[570.684s][info][gc,cpu         ] GC(1281) User=0.00s Sys=0.00s Real=0.00s
[571.576s][info][gc,start       ] GC(1282) Pause Young (Allocation Failure)
[571.579s][info][gc,heap        ] GC(1282) PSYoungGen: 255740K->2521K(300032K)
[571.579s][info][gc,heap        ] GC(1282) PSOldGen: 200835K->201653K(699392K)
[571.579s][info][gc,metaspace   ] GC(1282) Metaspace: 145403K(158032K)->145403K(158032K) NonClass: 126611K(132784K)->126611K(132784K) Class: 18791K(25248K)->18791K(25248K)
[571.579s][info][gc             ] GC(1282) Pause Young (Allocation Failure) 445M->199M(976M) 2.700ms
[571.579s][info][gc,cpu         ] GC(1282) User=0.05s Sys=0.00s Real=0.00s
[572.478s][info][gc,start       ] GC(1283) Pause Young (GCLocker Initiated GC)
[572.481s][info][gc,heap        ] GC(1283) PSYoungGen: 253401K->3713K(300032K)
[572.481s][info][gc,heap        ] GC(1283) PSOldGen: 201669K->202084K(699392K)
[572.481s][info][gc,metaspace   ] GC(1283) Metaspace: 145403K(158032K)->145403K(158032K) NonClass: 126611K(132784K)->126611K(132784K) Class: 18791K(25248K)->18791K(25248K)
[572.481s][info][gc             ] GC(1283) Pause Young (GCLocker Initiated GC) 444M->200M(976M) 2.629ms
[572.481s][info][gc,cpu         ] GC(1283) User=0.00s Sys=0.00s Real=0.00s
[573.397s][info][gc,start       ] GC(1284) Pause Young (Allocation Failure)
[573.399s][info][gc,heap        ] GC(1284) PSYoungGen: 254593K->4413K(302592K)
[573.399s][info][gc,heap        ] GC(1284) PSOldGen: 202109K->202494K(699392K)
[573.399s][info][gc,metaspace   ] GC(1284) Metaspace: 145403K(158032K)->145403K(158032K) NonClass: 126611K(132784K)->126611K(132784K) Class: 18791K(25248K)->18791K(25248K)
[573.399s][info][gc             ] GC(1284) Pause Young (Allocation Failure) 445M->202M(978M) 2.620ms
[573.399s][info][gc,cpu         ] GC(1284) User=0.00s Sys=0.00s Real=0.01s
[574.389s][info][gc,start       ] GC(1285) Pause Young (Allocation Failure)
[574.392s][info][gc,heap        ] GC(1285) PSYoungGen: 258877K->7041K(301056K)
[574.392s][info][gc,heap        ] GC(1285) PSOldGen: 202494K->202877K(699392K)
[574.392s][info][gc,metaspace   ] GC(1285) Metaspace: 145403K(158032K)->145403K(158032K) NonClass: 126611K(132784K)->126611K(132784K) Class: 18791K(25248K)->18791K(25248K)
[574.392s][info][gc             ] GC(1285) Pause Young (Allocation Failure) 450M->204M(977M) 3.104ms
[574.392s][info][gc,cpu         ] GC(1285) User=0.08s Sys=0.00s Real=0.01s
[575.262s][info][gc,start       ] GC(1286) Pause Young (Allocation Failure)
[575.264s][info][gc,heap        ] GC(1286) PSYoungGen: 260797K->2748K(306176K)
[575.264s][info][gc,heap        ] GC(1286) PSOldGen: 202877K->203299K(699392K)
[575.264s][info][gc,metaspace   ] GC(1286) Metaspace: 145403K(158032K)->145403K(158032K) NonClass: 126611K(132784K)->126611K(132784K) Class: 18791K(25248K)->18791K(25248K)
[575.264s][info][gc             ] GC(1286) Pause Young (Allocation Failure) 452M->201M(982M) 2.315ms
[575.264s][info][gc,cpu         ] GC(1286) User=0.00s Sys=0.00s Real=0.00s
[575.765s][info][gc,start       ] GC(1287) Pause Young (GCLocker Initiated GC)
[575.768s][info][gc,heap        ] GC(1287) PSYoungGen: 264380K->5556K(304640K)
[575.768s][info][gc,heap        ] GC(1287) PSOldGen: 203299K->203666K(699392K)
[575.768s][info][gc,metaspace   ] GC(1287) Metaspace: 145403K(158032K)->145403K(158032K) NonClass: 126611K(132784K)->126611K(132784K) Class: 18791K(25248K)->18791K(25248K)
[575.768s][info][gc             ] GC(1287) Pause Young (GCLocker Initiated GC) 456M->204M(980M) 2.840ms
[575.768s][info][gc,cpu         ] GC(1287) User=0.00s Sys=0.00s Real=0.00s
[575.805s][info][gc,start       ] GC(1288) Pause Young (System.gc())
[575.807s][info][gc,heap        ] GC(1288) PSYoungGen: 27243K->288K(308736K)
[575.807s][info][gc,heap        ] GC(1288) PSOldGen: 203666K->206064K(699392K)
[575.807s][info][gc,metaspace   ] GC(1288) Metaspace: 145403K(158032K)->145403K(158032K) NonClass: 126611K(132784K)->126611K(132784K) Class: 18791K(25248K)->18791K(25248K)
[575.807s][info][gc             ] GC(1288) Pause Young (System.gc()) 225M->201M(984M) 2.504ms
[575.807s][info][gc,cpu         ] GC(1288) User=0.00s Sys=0.00s Real=0.00s
[575.807s][info][gc,start       ] GC(1289) Pause Full (System.gc())
[575.809s][info][gc,phases,start] GC(1289) Phase 1: Mark live objects
[575.880s][info][gc,phases      ] GC(1289) Phase 1: Mark live objects 70.958ms
[575.880s][info][gc,phases,start] GC(1289) Phase 2: Compute new object addresses
[575.891s][info][gc,phases      ] GC(1289) Phase 2: Compute new object addresses 11.191ms
[575.891s][info][gc,phases,start] GC(1289) Phase 3: Adjust pointers
[575.932s][info][gc,phases      ] GC(1289) Phase 3: Adjust pointers 40.739ms
[575.932s][info][gc,phases,start] GC(1289) Phase 4: Move objects
[575.933s][info][gc,phases      ] GC(1289) Phase 4: Move objects 1.610ms
[575.934s][info][gc,heap        ] GC(1289) PSYoungGen: 288K->0K(308736K)
[575.934s][info][gc,heap        ] GC(1289) PSOldGen: 206064K->106165K(699392K)
[575.934s][info][gc,metaspace   ] GC(1289) Metaspace: 145403K(158032K)->145403K(158032K) NonClass: 126611K(132784K)->126611K(132784K) Class: 18791K(25248K)->18791K(25248K)
[575.934s][info][gc             ] GC(1289) Pause Full (System.gc()) 201M->103M(984M) 127.370ms
[575.935s][info][gc,cpu         ] GC(1289) User=0.12s Sys=0.00s Real=0.13s
[576.037s][info][gc,start       ] GC(1290) Pause Young (Allocation Failure)
[576.041s][info][gc,heap        ] GC(1290) PSYoungGen: 267264K->17025K(307712K)
[576.041s][info][gc,heap        ] GC(1290) PSOldGen: 106166K->106166K(699392K)
[576.041s][info][gc,metaspace   ] GC(1290) Metaspace: 145404K(158032K)->145404K(158032K) NonClass: 126612K(132784K)->126612K(132784K) Class: 18791K(25248K)->18791K(25248K)
[576.041s][info][gc             ] GC(1290) Pause Young (Allocation Failure) 364M->120M(983M) 3.696ms
[576.041s][info][gc,cpu         ] GC(1290) User=0.00s Sys=0.00s Real=0.00s
[576.086s][info][gc,start       ] GC(1291) Pause Young (Allocation Failure)
[576.092s][info][gc,heap        ] GC(1291) PSYoungGen: 284289K->17222K(309760K)
[576.092s][info][gc,heap        ] GC(1291) PSOldGen: 106166K->119320K(699392K)
[576.092s][info][gc,metaspace   ] GC(1291) Metaspace: 145404K(158032K)->145404K(158032K) NonClass: 126612K(132784K)->126612K(132784K) Class: 18791K(25248K)->18791K(25248K)
[576.092s][info][gc             ] GC(1291) Pause Young (Allocation Failure) 381M->133M(985M) 5.430ms
[576.092s][info][gc,cpu         ] GC(1291) User=0.00s Sys=0.00s Real=0.01s
[576.227s][info][gc,start       ] GC(1292) Pause Young (Allocation Failure)
[576.236s][info][gc,heap        ] GC(1292) PSYoungGen: 287046K->39412K(309248K)
[576.236s][info][gc,heap        ] GC(1292) PSOldGen: 119320K->138733K(699392K)
[576.236s][info][gc,metaspace   ] GC(1292) Metaspace: 145404K(158032K)->145404K(158032K) NonClass: 126612K(132784K)->126612K(132784K) Class: 18791K(25248K)->18791K(25248K)
[576.236s][info][gc             ] GC(1292) Pause Young (Allocation Failure) 396M->173M(985M) 9.022ms
[576.236s][info][gc,cpu         ] GC(1292) User=0.08s Sys=0.00s Real=0.01s
[576.268s][info][gc,start       ] GC(1293) Pause Young (Allocation Failure)
[576.274s][info][gc,heap        ] GC(1293) PSYoungGen: 306207K->23578K(283648K)
[576.275s][info][gc,heap        ] GC(1293) PSOldGen: 138733K->161272K(699392K)
[576.275s][info][gc,metaspace   ] GC(1293) Metaspace: 145404K(158032K)->145404K(158032K) NonClass: 126612K(132784K)->126612K(132784K) Class: 18791K(25248K)->18791K(25248K)
[576.275s][info][gc             ] GC(1293) Pause Young (Allocation Failure) 434M->180M(960M) 6.821ms
[576.275s][info][gc,cpu         ] GC(1293) User=0.00s Sys=0.00s Real=0.01s
[576.412s][info][gc,start       ] GC(1294) Pause Young (Allocation Failure)
[576.417s][info][gc,heap        ] GC(1294) PSYoungGen: 267290K->26717K(296448K)
[576.417s][info][gc,heap        ] GC(1294) PSOldGen: 161272K->163438K(699392K)
[576.417s][info][gc,metaspace   ] GC(1294) Metaspace: 145404K(158032K)->145404K(158032K) NonClass: 126612K(132784K)->126612K(132784K) Class: 18791K(25248K)->18791K(25248K)
[576.417s][info][gc             ] GC(1294) Pause Young (Allocation Failure) 418M->185M(972M) 5.330ms
[576.417s][info][gc,cpu         ] GC(1294) User=0.00s Sys=0.00s Real=0.00s
[576.459s][info][gc,start       ] GC(1295) Pause Young (Allocation Failure)
[576.465s][info][gc,heap        ] GC(1295) PSYoungGen: 270429K->32479K(292352K)
[576.465s][info][gc,heap        ] GC(1295) PSOldGen: 163438K->163610K(699392K)
[576.465s][info][gc,metaspace   ] GC(1295) Metaspace: 145404K(158032K)->145404K(158032K) NonClass: 126612K(132784K)->126612K(132784K) Class: 18791K(25248K)->18791K(25248K)
[576.465s][info][gc             ] GC(1295) Pause Young (Allocation Failure) 423M->191M(968M) 6.376ms
[576.465s][info][gc,cpu         ] GC(1295) User=0.00s Sys=0.00s Real=0.01s
[576.509s][info][gc,start       ] GC(1296) Pause Young (Allocation Failure)
[576.514s][info][gc,heap        ] GC(1296) PSYoungGen: 268738K->17766K(294400K)
[576.514s][info][gc,heap        ] GC(1296) PSOldGen: 163610K->179856K(699392K)
[576.514s][info][gc,metaspace   ] GC(1296) Metaspace: 145404K(158032K)->145404K(158032K) NonClass: 126612K(132784K)->126612K(132784K) Class: 18791K(25248K)->18791K(25248K)
[576.514s][info][gc             ] GC(1296) Pause Young (Allocation Failure) 422M->192M(970M) 5.195ms
[576.514s][info][gc,cpu         ] GC(1296) User=0.00s Sys=0.00s Real=0.01s
[576.542s][info][gc,start       ] GC(1297) Pause Young (Allocation Failure)
[576.545s][info][gc,heap        ] GC(1297) PSYoungGen: 255995K->9503K(299008K)
[576.545s][info][gc,heap        ] GC(1297) PSOldGen: 179856K->184551K(699392K)
[576.545s][info][gc,metaspace   ] GC(1297) Metaspace: 145404K(158032K)->145404K(158032K) NonClass: 126612K(132784K)->126612K(132784K) Class: 18791K(25248K)->18791K(25248K)
[576.545s][info][gc             ] GC(1297) Pause Young (Allocation Failure) 425M->189M(975M) 3.067ms
[576.545s][info][gc,cpu         ] GC(1297) User=0.00s Sys=0.00s Real=0.00s
[576.578s][info][gc,start       ] GC(1298) Pause Young (Allocation Failure)
[576.581s][info][gc,heap        ] GC(1298) PSYoungGen: 254095K->10996K(297984K)
[576.581s][info][gc,heap        ] GC(1298) PSOldGen: 184551K->187221K(699392K)
[576.581s][info][gc,metaspace   ] GC(1298) Metaspace: 145404K(158032K)->145404K(158032K) NonClass: 126612K(132784K)->126612K(132784K) Class: 18791K(25248K)->18791K(25248K)
[576.581s][info][gc             ] GC(1298) Pause Young (Allocation Failure) 428M->193M(974M) 3.148ms
[576.581s][info][gc,cpu         ] GC(1298) User=0.02s Sys=0.00s Real=0.00s
[576.742s][info][gc,start       ] GC(1299) Pause Young (Allocation Failure)
[576.747s][info][gc,heap        ] GC(1299) PSYoungGen: 258804K->28050K(299008K)
[576.747s][info][gc,heap        ] GC(1299) PSOldGen: 187221K->187808K(699392K)
[576.747s][info][gc,metaspace   ] GC(1299) Metaspace: 145404K(158032K)->145404K(158032K) NonClass: 126612K(132784K)->126612K(132784K) Class: 18791K(25248K)->18791K(25248K)
[576.747s][info][gc             ] GC(1299) Pause Young (Allocation Failure) 435M->210M(975M) 5.524ms
[576.748s][info][gc,cpu         ] GC(1299) User=0.00s Sys=0.00s Real=0.01s
[577.022s][info][gc,start       ] GC(1300) Pause Young (Allocation Failure)
[577.026s][info][gc,heap        ] GC(1300) PSYoungGen: 278930K->9008K(300032K)
[577.026s][info][gc,heap        ] GC(1300) PSOldGen: 187808K->198974K(699392K)
[577.026s][info][gc,metaspace   ] GC(1300) Metaspace: 145404K(158032K)->145404K(158032K) NonClass: 126612K(132784K)->126612K(132784K) Class: 18791K(25248K)->18791K(25248K)
[577.026s][info][gc             ] GC(1300) Pause Young (Allocation Failure) 455M->203M(976M) 4.666ms
[577.026s][info][gc,cpu         ] GC(1300) User=0.00s Sys=0.00s Real=0.00s
[577.936s][info][gc,start       ] GC(1301) Pause Young (GCLocker Initiated GC)
[577.939s][info][gc,heap        ] GC(1301) PSYoungGen: 259888K->3113K(302080K)
[577.939s][info][gc,heap        ] GC(1301) PSOldGen: 198996K->204428K(699392K)
[577.939s][info][gc,metaspace   ] GC(1301) Metaspace: 145404K(158032K)->145404K(158032K) NonClass: 126612K(132784K)->126612K(132784K) Class: 18791K(25248K)->18791K(25248K)
[577.939s][info][gc             ] GC(1301) Pause Young (GCLocker Initiated GC) 448M->202M(978M) 2.861ms
[577.939s][info][gc,cpu         ] GC(1301) User=0.09s Sys=0.00s Real=0.00s
[578.854s][info][gc,start       ] GC(1302) Pause Young (Allocation Failure)
[578.856s][info][gc,heap        ] GC(1302) PSYoungGen: 257577K->4461K(301568K)
[578.856s][info][gc,heap        ] GC(1302) PSOldGen: 204432K->204784K(699392K)
[578.856s][info][gc,metaspace   ] GC(1302) Metaspace: 145404K(158032K)->145404K(158032K) NonClass: 126612K(132784K)->126612K(132784K) Class: 18791K(25248K)->18791K(25248K)
[578.856s][info][gc             ] GC(1302) Pause Young (Allocation Failure) 451M->204M(977M) 2.603ms
[578.856s][info][gc,cpu         ] GC(1302) User=0.00s Sys=0.00s Real=0.00s
[579.841s][info][gc,start       ] GC(1303) Pause Young (Allocation Failure)
[579.844s][info][gc,heap        ] GC(1303) PSYoungGen: 258925K->8535K(305152K)
[579.844s][info][gc,heap        ] GC(1303) PSOldGen: 204784K->205093K(699392K)
[579.844s][info][gc,metaspace   ] GC(1303) Metaspace: 145404K(158032K)->145404K(158032K) NonClass: 126612K(132784K)->126612K(132784K) Class: 18791K(25248K)->18791K(25248K)
[579.844s][info][gc             ] GC(1303) Pause Young (Allocation Failure) 452M->208M(981M) 3.374ms
[579.844s][info][gc,cpu         ] GC(1303) User=0.09s Sys=0.00s Real=0.00s
[580.840s][info][gc,start       ] GC(1304) Pause Young (Allocation Failure)
[580.842s][info][gc,heap        ] GC(1304) PSYoungGen: 267607K->1491K(303104K)
[580.843s][info][gc,heap        ] GC(1304) PSOldGen: 205093K->205575K(699392K)
[580.843s][info][gc,metaspace   ] GC(1304) Metaspace: 145404K(158032K)->145404K(158032K) NonClass: 126612K(132784K)->126612K(132784K) Class: 18791K(25248K)->18791K(25248K)
[580.843s][info][gc             ] GC(1304) Pause Young (Allocation Failure) 461M->202M(979M) 2.118ms
[580.843s][info][gc,cpu         ] GC(1304) User=0.00s Sys=0.00s Real=0.00s
[581.662s][info][gc,start       ] GC(1305) Pause Young (GCLocker Initiated GC)
[581.665s][info][gc,heap        ] GC(1305) PSYoungGen: 260563K->9638K(308224K)
[581.666s][info][gc,heap        ] GC(1305) PSOldGen: 205607K->206045K(699392K)
[581.666s][info][gc,metaspace   ] GC(1305) Metaspace: 145404K(158032K)->145404K(158032K) NonClass: 126612K(132784K)->126612K(132784K) Class: 18791K(25248K)->18791K(25248K)
[581.666s][info][gc             ] GC(1305) Pause Young (GCLocker Initiated GC) 455M->210M(984M) 3.353ms
[581.666s][info][gc,cpu         ] GC(1305) User=0.00s Sys=0.00s Real=0.00s
[582.264s][info][gc,start       ] GC(1306) Pause Young (Allocation Failure)
[582.267s][info][gc,heap        ] GC(1306) PSYoungGen: 274342K->4728K(305664K)
[582.267s][info][gc,heap        ] GC(1306) PSOldGen: 210143K->210580K(699392K)
[582.267s][info][gc,metaspace   ] GC(1306) Metaspace: 145404K(158032K)->145404K(158032K) NonClass: 126612K(132784K)->126612K(132784K) Class: 18791K(25248K)->18791K(25248K)
[582.267s][info][gc             ] GC(1306) Pause Young (Allocation Failure) 473M->210M(981M) 2.925ms
[582.267s][info][gc,cpu         ] GC(1306) User=0.09s Sys=0.00s Real=0.00s
[582.311s][info][gc,start       ] GC(1307) Pause Young (System.gc())
[582.314s][info][gc,heap        ] GC(1307) PSYoungGen: 38368K->288K(310272K)
[582.314s][info][gc,heap        ] GC(1307) PSOldGen: 210580K->213034K(699392K)
[582.314s][info][gc,metaspace   ] GC(1307) Metaspace: 145404K(158032K)->145404K(158032K) NonClass: 126612K(132784K)->126612K(132784K) Class: 18791K(25248K)->18791K(25248K)
[582.315s][info][gc             ] GC(1307) Pause Young (System.gc()) 243M->208M(986M) 3.333ms
[582.315s][info][gc,cpu         ] GC(1307) User=0.08s Sys=0.00s Real=0.00s
[582.315s][info][gc,start       ] GC(1308) Pause Full (System.gc())
[582.318s][info][gc,phases,start] GC(1308) Phase 1: Mark live objects
[582.389s][info][gc,phases      ] GC(1308) Phase 1: Mark live objects 70.580ms
[582.389s][info][gc,phases,start] GC(1308) Phase 2: Compute new object addresses
[582.400s][info][gc,phases      ] GC(1308) Phase 2: Compute new object addresses 11.404ms
[582.400s][info][gc,phases,start] GC(1308) Phase 3: Adjust pointers
[582.441s][info][gc,phases      ] GC(1308) Phase 3: Adjust pointers 40.671ms
[582.441s][info][gc,phases,start] GC(1308) Phase 4: Move objects
[582.443s][info][gc,phases      ] GC(1308) Phase 4: Move objects 1.585ms
[582.444s][info][gc,heap        ] GC(1308) PSYoungGen: 288K->0K(310272K)
[582.444s][info][gc,heap        ] GC(1308) PSOldGen: 213034K->106868K(699392K)
[582.444s][info][gc,metaspace   ] GC(1308) Metaspace: 145404K(158032K)->145404K(158032K) NonClass: 126612K(132784K)->126612K(132784K) Class: 18791K(25248K)->18791K(25248K)
[582.444s][info][gc             ] GC(1308) Pause Full (System.gc()) 208M->104M(986M) 129.088ms
[582.444s][info][gc,cpu         ] GC(1308) User=0.11s Sys=0.02s Real=0.13s
[582.550s][info][gc,start       ] GC(1309) Pause Young (Allocation Failure)
[582.553s][info][gc,heap        ] GC(1309) PSYoungGen: 270848K->17009K(309760K)
[582.553s][info][gc,heap        ] GC(1309) PSOldGen: 106868K->106868K(699392K)
[582.553s][info][gc,metaspace   ] GC(1309) Metaspace: 145404K(158032K)->145404K(158032K) NonClass: 126613K(132784K)->126613K(132784K) Class: 18791K(25248K)->18791K(25248K)
[582.553s][info][gc             ] GC(1309) Pause Young (Allocation Failure) 368M->120M(985M) 3.346ms
[582.553s][info][gc,cpu         ] GC(1309) User=0.00s Sys=0.00s Real=0.00s
[582.600s][info][gc,start       ] GC(1310) Pause Young (Allocation Failure)
[582.605s][info][gc,heap        ] GC(1310) PSYoungGen: 287857K->17254K(311296K)
[582.605s][info][gc,heap        ] GC(1310) PSOldGen: 106868K->119953K(699392K)
[582.605s][info][gc,metaspace   ] GC(1310) Metaspace: 145404K(158032K)->145404K(158032K) NonClass: 126613K(132784K)->126613K(132784K) Class: 18791K(25248K)->18791K(25248K)
[582.605s][info][gc             ] GC(1310) Pause Young (Allocation Failure) 385M->133M(987M) 5.047ms
[582.605s][info][gc,cpu         ] GC(1310) User=0.00s Sys=0.00s Real=0.01s
[582.740s][info][gc,start       ] GC(1311) Pause Young (Allocation Failure)
[582.748s][info][gc,heap        ] GC(1311) PSYoungGen: 290150K->37860K(310784K)
[582.748s][info][gc,heap        ] GC(1311) PSOldGen: 119953K->138256K(699392K)
[582.748s][info][gc,metaspace   ] GC(1311) Metaspace: 145404K(158032K)->145404K(158032K) NonClass: 126613K(132784K)->126613K(132784K) Class: 18791K(25248K)->18791K(25248K)
[582.748s][info][gc             ] GC(1311) Pause Young (Allocation Failure) 400M->171M(986M) 8.413ms
[582.748s][info][gc,cpu         ] GC(1311) User=0.00s Sys=0.00s Real=0.01s
[582.781s][info][gc,start       ] GC(1312) Pause Young (Allocation Failure)
[582.787s][info][gc,heap        ] GC(1312) PSYoungGen: 306843K->14032K(290304K)
[582.787s][info][gc,heap        ] GC(1312) PSOldGen: 138256K->160829K(699392K)
[582.787s][info][gc,metaspace   ] GC(1312) Metaspace: 145404K(158032K)->145404K(158032K) NonClass: 126613K(132784K)->126613K(132784K) Class: 18791K(25248K)->18791K(25248K)
[582.787s][info][gc             ] GC(1312) Pause Young (Allocation Failure) 434M->170M(966M) 6.157ms
[582.787s][info][gc,cpu         ] GC(1312) User=0.02s Sys=0.00s Real=0.01s
[582.927s][info][gc,start       ] GC(1313) Pause Young (Allocation Failure)
[582.934s][info][gc,heap        ] GC(1313) PSYoungGen: 265936K->36530K(288768K)
[582.934s][info][gc,heap        ] GC(1313) PSOldGen: 160829K->161807K(699392K)
[582.934s][info][gc,metaspace   ] GC(1313) Metaspace: 145404K(158032K)->145404K(158032K) NonClass: 126613K(132784K)->126613K(132784K) Class: 18791K(25248K)->18791K(25248K)
[582.934s][info][gc             ] GC(1313) Pause Young (Allocation Failure) 416M->193M(965M) 6.360ms
[582.934s][info][gc,cpu         ] GC(1313) User=0.00s Sys=0.00s Real=0.01s
[582.974s][info][gc,start       ] GC(1314) Pause Young (Allocation Failure)
[582.980s][info][gc,heap        ] GC(1314) PSYoungGen: 288434K->32404K(292352K)
[582.980s][info][gc,heap        ] GC(1314) PSOldGen: 161807K->163534K(699392K)
[582.980s][info][gc,metaspace   ] GC(1314) Metaspace: 145404K(158032K)->145404K(158032K) NonClass: 126613K(132784K)->126613K(132784K) Class: 18791K(25248K)->18791K(25248K)
[582.980s][info][gc             ] GC(1314) Pause Young (Allocation Failure) 439M->191M(968M) 5.932ms
[582.980s][info][gc,cpu         ] GC(1314) User=0.00s Sys=0.00s Real=0.01s
[583.022s][info][gc,start       ] GC(1315) Pause Young (Allocation Failure)
[583.027s][info][gc,heap        ] GC(1315) PSYoungGen: 272020K->17986K(294400K)
[583.027s][info][gc,heap        ] GC(1315) PSOldGen: 163534K->178279K(699392K)
[583.027s][info][gc,metaspace   ] GC(1315) Metaspace: 145404K(158032K)->145404K(158032K) NonClass: 126613K(132784K)->126613K(132784K) Class: 18791K(25248K)->18791K(25248K)
[583.027s][info][gc             ] GC(1315) Pause Young (Allocation Failure) 425M->191M(970M) 5.057ms
[583.027s][info][gc,cpu         ] GC(1315) User=0.00s Sys=0.00s Real=0.00s
[583.055s][info][gc,start       ] GC(1316) Pause Young (Allocation Failure)
[583.059s][info][gc,heap        ] GC(1316) PSYoungGen: 255635K->26099K(298496K)
[583.059s][info][gc,heap        ] GC(1316) PSOldGen: 178279K->183499K(699392K)
[583.059s][info][gc,metaspace   ] GC(1316) Metaspace: 145404K(158032K)->145404K(158032K) NonClass: 126613K(132784K)->126613K(132784K) Class: 18791K(25248K)->18791K(25248K)
[583.059s][info][gc             ] GC(1316) Pause Young (Allocation Failure) 423M->204M(974M) 4.463ms
[583.059s][info][gc,cpu         ] GC(1316) User=0.00s Sys=0.00s Real=0.00s
[583.093s][info][gc,start       ] GC(1317) Pause Young (Allocation Failure)
[583.096s][info][gc,heap        ] GC(1317) PSYoungGen: 271467K->2423K(297984K)
[583.096s][info][gc,heap        ] GC(1317) PSOldGen: 183499K->185332K(699392K)
[583.096s][info][gc,metaspace   ] GC(1317) Metaspace: 145404K(158032K)->145404K(158032K) NonClass: 126613K(132784K)->126613K(132784K) Class: 18791K(25248K)->18791K(25248K)
[583.096s][info][gc             ] GC(1317) Pause Young (Allocation Failure) 444M->183M(974M) 2.563ms
[583.096s][info][gc,cpu         ] GC(1317) User=0.00s Sys=0.00s Real=0.00s
[583.273s][info][gc,start       ] GC(1318) Pause Young (Allocation Failure)
[583.279s][info][gc,heap        ] GC(1318) PSYoungGen: 249719K->31883K(294400K)
[583.279s][info][gc,heap        ] GC(1318) PSOldGen: 185332K->185755K(699392K)
[583.279s][info][gc,metaspace   ] GC(1318) Metaspace: 145404K(158032K)->145404K(158032K) NonClass: 126613K(132784K)->126613K(132784K) Class: 18791K(25248K)->18791K(25248K)
[583.279s][info][gc             ] GC(1318) Pause Young (Allocation Failure) 424M->212M(970M) 5.927ms
[583.279s][info][gc,cpu         ] GC(1318) User=0.00s Sys=0.00s Real=0.01s
[583.663s][info][gc,start       ] GC(1319) Pause Young (Allocation Failure)
[583.668s][info][gc,heap        ] GC(1319) PSYoungGen: 275595K->4155K(296448K)
[583.668s][info][gc,heap        ] GC(1319) PSOldGen: 185755K->201539K(699392K)
[583.668s][info][gc,metaspace   ] GC(1319) Metaspace: 145404K(158032K)->145404K(158032K) NonClass: 126613K(132784K)->126613K(132784K) Class: 18791K(25248K)->18791K(25248K)
[583.668s][info][gc             ] GC(1319) Pause Young (Allocation Failure) 450M->200M(972M) 4.878ms
[583.668s][info][gc,cpu         ] GC(1319) User=0.00s Sys=0.00s Real=0.01s
[584.551s][info][gc,start       ] GC(1320) Pause Young (Allocation Failure)
[584.554s][info][gc,heap        ] GC(1320) PSYoungGen: 247867K->1219K(297984K)
[584.554s][info][gc,heap        ] GC(1320) PSOldGen: 201539K->202325K(699392K)
[584.554s][info][gc,metaspace   ] GC(1320) Metaspace: 145404K(158032K)->145404K(158032K) NonClass: 126613K(132784K)->126613K(132784K) Class: 18791K(25248K)->18791K(25248K)
[584.554s][info][gc             ] GC(1320) Pause Young (Allocation Failure) 438M->198M(974M) 3.211ms
[584.554s][info][gc,cpu         ] GC(1320) User=0.00s Sys=0.00s Real=0.00s
[585.570s][info][gc,start       ] GC(1321) Pause Young (Allocation Failure)
[585.572s][info][gc,heap        ] GC(1321) PSYoungGen: 247491K->914K(297472K)
[585.572s][info][gc,heap        ] GC(1321) PSOldGen: 202325K->202612K(699392K)
[585.572s][info][gc,metaspace   ] GC(1321) Metaspace: 145404K(158032K)->145404K(158032K) NonClass: 126613K(132784K)->126613K(132784K) Class: 18791K(25248K)->18791K(25248K)
[585.572s][info][gc             ] GC(1321) Pause Young (Allocation Failure) 439M->198M(973M) 2.784ms
[585.572s][info][gc,cpu         ] GC(1321) User=0.00s Sys=0.00s Real=0.00s
[586.485s][info][gc,start       ] GC(1322) Pause Young (Allocation Failure)
[586.488s][info][gc,heap        ] GC(1322) PSYoungGen: 247186K->7003K(300544K)
[586.488s][info][gc,heap        ] GC(1322) PSOldGen: 202612K->202937K(699392K)
[586.488s][info][gc,metaspace   ] GC(1322) Metaspace: 145404K(158032K)->145404K(158032K) NonClass: 126613K(132784K)->126613K(132784K) Class: 18791K(25248K)->18791K(25248K)
[586.488s][info][gc             ] GC(1322) Pause Young (Allocation Failure) 439M->205M(976M) 3.000ms
[586.488s][info][gc,cpu         ] GC(1322) User=0.00s Sys=0.00s Real=0.00s
[587.476s][info][gc,start       ] GC(1323) Pause Young (Allocation Failure)
[587.478s][info][gc,heap        ] GC(1323) PSYoungGen: 256133K->613K(298496K)
[587.478s][info][gc,heap        ] GC(1323) PSOldGen: 202937K->203341K(699392K)
[587.478s][info][gc,metaspace   ] GC(1323) Metaspace: 145404K(158032K)->145404K(158032K) NonClass: 126613K(132784K)->126613K(132784K) Class: 18791K(25248K)->18791K(25248K)
[587.478s][info][gc             ] GC(1323) Pause Young (Allocation Failure) 448M->199M(974M) 1.882ms
[587.478s][info][gc,cpu         ] GC(1323) User=0.00s Sys=0.00s Real=0.00s
[588.229s][info][gc,start       ] GC(1324) Pause Young (Allocation Failure)
[588.232s][info][gc,heap        ] GC(1324) PSYoungGen: 250469K->2066K(303616K)
[588.232s][info][gc,heap        ] GC(1324) PSOldGen: 203341K->203771K(699392K)
[588.232s][info][gc,metaspace   ] GC(1324) Metaspace: 145404K(158032K)->145404K(158032K) NonClass: 126613K(132784K)->126613K(132784K) Class: 18791K(25248K)->18791K(25248K)
[588.232s][info][gc             ] GC(1324) Pause Young (Allocation Failure) 443M->201M(979M) 2.343ms
[588.232s][info][gc,cpu         ] GC(1324) User=0.00s Sys=0.00s Real=0.00s
[588.875s][info][gc,start       ] GC(1325) Pause Young (Allocation Failure)
[588.878s][info][gc,heap        ] GC(1325) PSYoungGen: 258578K->7248K(302080K)
[588.879s][info][gc,heap        ] GC(1325) PSOldGen: 203771K->204192K(699392K)
[588.879s][info][gc,metaspace   ] GC(1325) Metaspace: 145404K(158032K)->145404K(158032K) NonClass: 126613K(132784K)->126613K(132784K) Class: 18791K(25248K)->18791K(25248K)
[588.879s][info][gc             ] GC(1325) Pause Young (Allocation Failure) 451M->206M(978M) 3.312ms
[588.879s][info][gc,cpu         ] GC(1325) User=0.00s Sys=0.00s Real=0.00s
[588.947s][info][gc,start       ] GC(1326) Pause Young (System.gc())
[588.950s][info][gc,heap        ] GC(1326) PSYoungGen: 69269K->288K(307200K)
[588.950s][info][gc,heap        ] GC(1326) PSOldGen: 204192K->206606K(699392K)
[588.950s][info][gc,metaspace   ] GC(1326) Metaspace: 145404K(158032K)->145404K(158032K) NonClass: 126613K(132784K)->126613K(132784K) Class: 18791K(25248K)->18791K(25248K)
[588.950s][info][gc             ] GC(1326) Pause Young (System.gc()) 267M->202M(983M) 2.525ms
[588.950s][info][gc,cpu         ] GC(1326) User=0.00s Sys=0.00s Real=0.00s
[588.950s][info][gc,start       ] GC(1327) Pause Full (System.gc())
[588.952s][info][gc,phases,start] GC(1327) Phase 1: Mark live objects
[589.023s][info][gc,phases      ] GC(1327) Phase 1: Mark live objects 70.824ms
[589.023s][info][gc,phases,start] GC(1327) Phase 2: Compute new object addresses
[589.034s][info][gc,phases      ] GC(1327) Phase 2: Compute new object addresses 11.343ms
[589.034s][info][gc,phases,start] GC(1327) Phase 3: Adjust pointers
[589.075s][info][gc,phases      ] GC(1327) Phase 3: Adjust pointers 41.083ms
[589.075s][info][gc,phases,start] GC(1327) Phase 4: Move objects
[589.080s][info][gc,phases      ] GC(1327) Phase 4: Move objects 5.066ms
[589.081s][info][gc,heap        ] GC(1327) PSYoungGen: 288K->0K(307200K)
[589.081s][info][gc,heap        ] GC(1327) PSOldGen: 206606K->72845K(699392K)
[589.081s][info][gc,metaspace   ] GC(1327) Metaspace: 145404K(158032K)->145404K(158032K) NonClass: 126613K(132784K)->126613K(132784K) Class: 18791K(25248K)->18791K(25248K)
[589.081s][info][gc             ] GC(1327) Pause Full (System.gc()) 202M->71M(983M) 131.358ms
[589.081s][info][gc,cpu         ] GC(1327) User=0.14s Sys=0.00s Real=0.14s
[589.191s][info][gc,start       ] GC(1328) Pause Young (Allocation Failure)
[589.194s][info][gc,heap        ] GC(1328) PSYoungGen: 264192K->15200K(306176K)
[589.194s][info][gc,heap        ] GC(1328) PSOldGen: 72845K->72845K(699392K)
[589.194s][info][gc,metaspace   ] GC(1328) Metaspace: 145407K(158032K)->145407K(158032K) NonClass: 126615K(132784K)->126615K(132784K) Class: 18791K(25248K)->18791K(25248K)
[589.194s][info][gc             ] GC(1328) Pause Young (Allocation Failure) 329M->85M(982M) 3.498ms
[589.194s][info][gc,cpu         ] GC(1328) User=0.00s Sys=0.00s Real=0.00s
[589.245s][info][gc,start       ] GC(1329) Pause Young (Allocation Failure)
[589.250s][info][gc,heap        ] GC(1329) PSYoungGen: 279392K->19718K(307712K)
[589.250s][info][gc,heap        ] GC(1329) PSOldGen: 72845K->83436K(699392K)
[589.250s][info][gc,metaspace   ] GC(1329) Metaspace: 145407K(158032K)->145407K(158032K) NonClass: 126615K(132784K)->126615K(132784K) Class: 18791K(25248K)->18791K(25248K)
[589.250s][info][gc             ] GC(1329) Pause Young (Allocation Failure) 343M->100M(983M) 5.123ms
[589.250s][info][gc,cpu         ] GC(1329) User=0.09s Sys=0.00s Real=0.00s
[589.382s][info][gc,start       ] GC(1330) Pause Young (Allocation Failure)
[589.391s][info][gc,heap        ] GC(1330) PSYoungGen: 286982K->40942K(308224K)
[589.391s][info][gc,heap        ] GC(1330) PSOldGen: 83436K->96898K(699392K)
[589.391s][info][gc,metaspace   ] GC(1330) Metaspace: 145408K(158032K)->145408K(158032K) NonClass: 126616K(132784K)->126616K(132784K) Class: 18791K(25248K)->18791K(25248K)
[589.391s][info][gc             ] GC(1330) Pause Young (Allocation Failure) 361M->134M(984M) 8.726ms
[589.391s][info][gc,cpu         ] GC(1330) User=0.09s Sys=0.00s Real=0.01s
[589.424s][info][gc,start       ] GC(1331) Pause Young (Allocation Failure)
[589.431s][info][gc,heap        ] GC(1331) PSYoungGen: 306445K->19945K(286720K)
[589.431s][info][gc,heap        ] GC(1331) PSOldGen: 96898K->120909K(699392K)
[589.431s][info][gc,metaspace   ] GC(1331) Metaspace: 145408K(158032K)->145408K(158032K) NonClass: 126616K(132784K)->126616K(132784K) Class: 18791K(25248K)->18791K(25248K)
[589.431s][info][gc             ] GC(1331) Pause Young (Allocation Failure) 393M->137M(963M) 7.081ms
[589.431s][info][gc,cpu         ] GC(1331) User=0.00s Sys=0.00s Real=0.01s
[589.580s][info][gc,start       ] GC(1332) Pause Young (Allocation Failure)
[589.584s][info][gc,heap        ] GC(1332) PSYoungGen: 265705K->24841K(297472K)
[589.584s][info][gc,heap        ] GC(1332) PSOldGen: 120909K->123848K(699392K)
[589.584s][info][gc,metaspace   ] GC(1332) Metaspace: 145408K(158032K)->145408K(158032K) NonClass: 126616K(132784K)->126616K(132784K) Class: 18791K(25248K)->18791K(25248K)
[589.585s][info][gc             ] GC(1332) Pause Young (Allocation Failure) 377M->145M(973M) 4.980ms
[589.585s][info][gc,cpu         ] GC(1332) User=0.00s Sys=0.00s Real=0.00s
[589.625s][info][gc,start       ] GC(1333) Pause Young (Allocation Failure)
[589.630s][info][gc,heap        ] GC(1333) PSYoungGen: 270601K->31199K(293888K)
[589.631s][info][gc,heap        ] GC(1333) PSOldGen: 123848K->124004K(699392K)
[589.631s][info][gc,metaspace   ] GC(1333) Metaspace: 145408K(158032K)->145408K(158032K) NonClass: 126616K(132784K)->126616K(132784K) Class: 18791K(25248K)->18791K(25248K)
[589.631s][info][gc             ] GC(1333) Pause Young (Allocation Failure) 385M->151M(970M) 5.724ms
[589.631s][info][gc,cpu         ] GC(1333) User=0.00s Sys=0.00s Real=0.01s
[589.674s][info][gc,start       ] GC(1334) Pause Young (Allocation Failure)
[589.679s][info][gc,heap        ] GC(1334) PSYoungGen: 273887K->9233K(295936K)
[589.679s][info][gc,heap        ] GC(1334) PSOldGen: 124004K->140257K(699392K)
[589.679s][info][gc,metaspace   ] GC(1334) Metaspace: 145408K(158032K)->145408K(158032K) NonClass: 126616K(132784K)->126616K(132784K) Class: 18791K(25248K)->18791K(25248K)
[589.679s][info][gc             ] GC(1334) Pause Young (Allocation Failure) 388M->145M(972M) 4.813ms
[589.679s][info][gc,cpu         ] GC(1334) User=0.00s Sys=0.00s Real=0.00s
[589.708s][info][gc,start       ] GC(1335) Pause Young (Allocation Failure)
[589.712s][info][gc,heap        ] GC(1335) PSYoungGen: 251921K->17417K(301056K)
[589.712s][info][gc,heap        ] GC(1335) PSOldGen: 140257K->144936K(699392K)
[589.712s][info][gc,metaspace   ] GC(1335) Metaspace: 145408K(158032K)->145408K(158032K) NonClass: 126616K(132784K)->126616K(132784K) Class: 18791K(25248K)->18791K(25248K)
[589.712s][info][gc             ] GC(1335) Pause Young (Allocation Failure) 382M->158M(977M) 3.848ms
[589.712s][info][gc,cpu         ] GC(1335) User=0.00s Sys=0.00s Real=0.00s
[589.744s][info][gc,start       ] GC(1336) Pause Young (Allocation Failure)
[589.747s][info][gc,heap        ] GC(1336) PSYoungGen: 267273K->7387K(297984K)
[589.747s][info][gc,heap        ] GC(1336) PSOldGen: 144936K->148110K(699392K)
[589.747s][info][gc,metaspace   ] GC(1336) Metaspace: 145408K(158032K)->145408K(158032K) NonClass: 126616K(132784K)->126616K(132784K) Class: 18791K(25248K)->18791K(25248K)
[589.747s][info][gc             ] GC(1336) Pause Young (Allocation Failure) 402M->151M(974M) 3.043ms
[589.747s][info][gc,cpu         ] GC(1336) User=0.00s Sys=0.00s Real=0.00s
[589.921s][info][gc,start       ] GC(1337) Pause Young (Allocation Failure)
[589.927s][info][gc,heap        ] GC(1337) PSYoungGen: 257243K->33630K(295424K)
[589.927s][info][gc,heap        ] GC(1337) PSOldGen: 148110K->148705K(699392K)
[589.927s][info][gc,metaspace   ] GC(1337) Metaspace: 145408K(158032K)->145408K(158032K) NonClass: 126616K(132784K)->126616K(132784K) Class: 18791K(25248K)->18791K(25248K)
[589.927s][info][gc             ] GC(1337) Pause Young (Allocation Failure) 395M->178M(971M) 5.969ms
[589.927s][info][gc,cpu         ] GC(1337) User=0.08s Sys=0.00s Real=0.01s
[590.289s][info][gc,start       ] GC(1338) Pause Young (Allocation Failure)
[590.293s][info][gc,heap        ] GC(1338) PSYoungGen: 282428K->2426K(299008K)
[590.293s][info][gc,heap        ] GC(1338) PSOldGen: 148705K->163005K(699392K)
[590.293s][info][gc,metaspace   ] GC(1338) Metaspace: 145408K(158032K)->145408K(158032K) NonClass: 126617K(132784K)->126617K(132784K) Class: 18791K(25248K)->18791K(25248K)
[590.293s][info][gc             ] GC(1338) Pause Young (Allocation Failure) 421M->161M(975M) 3.520ms
[590.293s][info][gc,cpu         ] GC(1338) User=0.00s Sys=0.00s Real=0.00s
[591.131s][info][gc,start       ] GC(1339) Pause Young (GCLocker Initiated GC)
[591.134s][info][gc,heap        ] GC(1339) PSYoungGen: 251258K->8817K(301568K)
[591.134s][info][gc,heap        ] GC(1339) PSOldGen: 163021K->165328K(699392K)
[591.134s][info][gc,metaspace   ] GC(1339) Metaspace: 145408K(158032K)->145408K(158032K) NonClass: 126617K(132784K)->126617K(132784K) Class: 18791K(25248K)->18791K(25248K)
[591.134s][info][gc             ] GC(1339) Pause Young (GCLocker Initiated GC) 404M->170M(977M) 3.447ms
[591.134s][info][gc,cpu         ] GC(1339) User=0.00s Sys=0.00s Real=0.00s
[592.060s][info][gc,start       ] GC(1340) Pause Young (Allocation Failure)
[592.063s][info][gc,heap        ] GC(1340) PSYoungGen: 260721K->5821K(299520K)
[592.063s][info][gc,heap        ] GC(1340) PSOldGen: 165346K->165779K(699392K)
[592.063s][info][gc,metaspace   ] GC(1340) Metaspace: 145408K(158032K)->145408K(158032K) NonClass: 126617K(132784K)->126617K(132784K) Class: 18791K(25248K)->18791K(25248K)
[592.063s][info][gc             ] GC(1340) Pause Young (Allocation Failure) 416M->167M(975M) 2.595ms
[592.063s][info][gc,cpu         ] GC(1340) User=0.08s Sys=0.00s Real=0.00s
[593.037s][info][gc,start       ] GC(1341) Pause Young (Allocation Failure)
[593.039s][info][gc,heap        ] GC(1341) PSYoungGen: 257693K->4678K(304128K)
[593.039s][info][gc,heap        ] GC(1341) PSOldGen: 165779K->167271K(699392K)
[593.039s][info][gc,metaspace   ] GC(1341) Metaspace: 145408K(158032K)->145408K(158032K) NonClass: 126617K(132784K)->126617K(132784K) Class: 18791K(25248K)->18791K(25248K)
[593.039s][info][gc             ] GC(1341) Pause Young (Allocation Failure) 413M->167M(980M) 2.632ms
[593.039s][info][gc,cpu         ] GC(1341) User=0.00s Sys=0.00s Real=0.00s
[594.041s][info][gc,start       ] GC(1342) Pause Young (Allocation Failure)
[594.043s][info][gc,heap        ] GC(1342) PSYoungGen: 262726K->1907K(303104K)
[594.043s][info][gc,heap        ] GC(1342) PSOldGen: 167271K->167715K(699392K)
[594.043s][info][gc,metaspace   ] GC(1342) Metaspace: 145408K(158032K)->145408K(158032K) NonClass: 126617K(132784K)->126617K(132784K) Class: 18791K(25248K)->18791K(25248K)
[594.043s][info][gc             ] GC(1342) Pause Young (Allocation Failure) 419M->165M(979M) 2.258ms
[594.043s][info][gc,cpu         ] GC(1342) User=0.00s Sys=0.00s Real=0.00s
[594.870s][info][gc,start       ] GC(1343) Pause Young (GCLocker Initiated GC)
[594.873s][info][gc,heap        ] GC(1343) PSYoungGen: 259955K->9101K(307712K)
[594.873s][info][gc,heap        ] GC(1343) PSOldGen: 167811K->168241K(699392K)
[594.873s][info][gc,metaspace   ] GC(1343) Metaspace: 145408K(158032K)->145408K(158032K) NonClass: 126617K(132784K)->126617K(132784K) Class: 18791K(25248K)->18791K(25248K)
[594.873s][info][gc             ] GC(1343) Pause Young (GCLocker Initiated GC) 417M->173M(983M) 3.217ms
[594.873s][info][gc,cpu         ] GC(1343) User=0.00s Sys=0.00s Real=0.00s
[595.470s][info][gc,start       ] GC(1344) Pause Young (Allocation Failure)
[595.473s][info][gc,heap        ] GC(1344) PSYoungGen: 273293K->6975K(305664K)
[595.473s][info][gc,heap        ] GC(1344) PSOldGen: 168244K->168661K(699392K)
[595.473s][info][gc,metaspace   ] GC(1344) Metaspace: 145408K(158032K)->145408K(158032K) NonClass: 126617K(132784K)->126617K(132784K) Class: 18791K(25248K)->18791K(25248K)
[595.474s][info][gc             ] GC(1344) Pause Young (Allocation Failure) 431M->171M(981M) 3.321ms
[595.474s][info][gc,cpu         ] GC(1344) User=0.00s Sys=0.00s Real=0.00s
[595.521s][info][gc,start       ] GC(1345) Pause Young (System.gc())
[595.523s][info][gc,heap        ] GC(1345) PSYoungGen: 44262K->288K(310784K)
[595.523s][info][gc,heap        ] GC(1345) PSOldGen: 168661K->171091K(699392K)
[595.523s][info][gc,metaspace   ] GC(1345) Metaspace: 145419K(158032K)->145419K(158032K) NonClass: 126627K(132784K)->126627K(132784K) Class: 18791K(25248K)->18791K(25248K)
[595.523s][info][gc             ] GC(1345) Pause Young (System.gc()) 207M->167M(986M) 2.350ms
[595.523s][info][gc,cpu         ] GC(1345) User=0.00s Sys=0.00s Real=0.00s
[595.523s][info][gc,start       ] GC(1346) Pause Full (System.gc())
[595.525s][info][gc,phases,start] GC(1346) Phase 1: Mark live objects
[595.595s][info][gc,phases      ] GC(1346) Phase 1: Mark live objects 70.325ms
[595.596s][info][gc,phases,start] GC(1346) Phase 2: Compute new object addresses
[595.607s][info][gc,phases      ] GC(1346) Phase 2: Compute new object addresses 11.285ms
[595.607s][info][gc,phases,start] GC(1346) Phase 3: Adjust pointers
[595.647s][info][gc,phases      ] GC(1346) Phase 3: Adjust pointers 40.279ms
[595.647s][info][gc,phases,start] GC(1346) Phase 4: Move objects
[595.648s][info][gc,phases      ] GC(1346) Phase 4: Move objects 0.863ms
[595.649s][info][gc,heap        ] GC(1346) PSYoungGen: 288K->0K(310784K)
[595.649s][info][gc,heap        ] GC(1346) PSOldGen: 171091K->101098K(699392K)
[595.649s][info][gc,metaspace   ] GC(1346) Metaspace: 145419K(158032K)->145419K(158032K) NonClass: 126627K(132784K)->126627K(132784K) Class: 18791K(25248K)->18791K(25248K)
[595.649s][info][gc             ] GC(1346) Pause Full (System.gc()) 167M->98M(986M) 126.018ms
[595.649s][info][gc,cpu         ] GC(1346) User=0.12s Sys=0.00s Real=0.12s
[595.762s][info][gc,start       ] GC(1347) Pause Young (Allocation Failure)
[595.766s][info][gc,heap        ] GC(1347) PSYoungGen: 271360K->16993K(309760K)
[595.766s][info][gc,heap        ] GC(1347) PSOldGen: 101098K->101098K(699392K)
[595.766s][info][gc,metaspace   ] GC(1347) Metaspace: 145453K(158032K)->145453K(158032K) NonClass: 126661K(132784K)->126661K(132784K) Class: 18791K(25248K)->18791K(25248K)
[595.766s][info][gc             ] GC(1347) Pause Young (Allocation Failure) 363M->115M(985M) 3.452ms
[595.766s][info][gc,cpu         ] GC(1347) User=0.09s Sys=0.00s Real=0.00s
[595.820s][info][gc,start       ] GC(1348) Pause Young (Allocation Failure)
[595.825s][info][gc,heap        ] GC(1348) PSYoungGen: 288353K->17030K(311808K)
[595.825s][info][gc,heap        ] GC(1348) PSOldGen: 101098K->114041K(699392K)
[595.825s][info][gc,metaspace   ] GC(1348) Metaspace: 145453K(158032K)->145453K(158032K) NonClass: 126661K(132784K)->126661K(132784K) Class: 18791K(25248K)->18791K(25248K)
[595.825s][info][gc             ] GC(1348) Pause Young (Allocation Failure) 380M->127M(987M) 5.279ms
[595.825s][info][gc,cpu         ] GC(1348) User=0.00s Sys=0.00s Real=0.01s
[595.966s][info][gc,start       ] GC(1349) Pause Young (Allocation Failure)
[595.974s][info][gc,heap        ] GC(1349) PSYoungGen: 287974K->37320K(311296K)
[595.974s][info][gc,heap        ] GC(1349) PSOldGen: 114041K->126256K(699392K)
[595.974s][info][gc,metaspace   ] GC(1349) Metaspace: 145453K(158032K)->145453K(158032K) NonClass: 126661K(132784K)->126661K(132784K) Class: 18791K(25248K)->18791K(25248K)
[595.974s][info][gc             ] GC(1349) Pause Young (Allocation Failure) 392M->159M(987M) 7.760ms
[595.974s][info][gc,cpu         ] GC(1349) User=0.09s Sys=0.00s Real=0.01s
[596.007s][info][gc,start       ] GC(1350) Pause Young (Allocation Failure)
[596.013s][info][gc,heap        ] GC(1350) PSYoungGen: 309346K->18967K(301056K)
[596.013s][info][gc,heap        ] GC(1350) PSOldGen: 126256K->149708K(699392K)
[596.013s][info][gc,metaspace   ] GC(1350) Metaspace: 145453K(158032K)->145453K(158032K) NonClass: 126661K(132784K)->126661K(132784K) Class: 18791K(25248K)->18791K(25248K)
[596.013s][info][gc             ] GC(1350) Pause Young (Allocation Failure) 425M->164M(977M) 6.451ms
[596.013s][info][gc,cpu         ] GC(1350) User=0.00s Sys=0.00s Real=0.01s
[596.159s][info][gc,start       ] GC(1351) Pause Young (Allocation Failure)
[596.166s][info][gc,heap        ] GC(1351) PSYoungGen: 282088K->40060K(303616K)
[596.166s][info][gc,heap        ] GC(1351) PSOldGen: 149708K->150928K(699392K)
[596.166s][info][gc,metaspace   ] GC(1351) Metaspace: 145453K(158032K)->145453K(158032K) NonClass: 126661K(132784K)->126661K(132784K) Class: 18791K(25248K)->18791K(25248K)
[596.166s][info][gc             ] GC(1351) Pause Young (Allocation Failure) 421M->186M(979M) 7.321ms
[596.166s][info][gc,cpu         ] GC(1351) User=0.00s Sys=0.00s Real=0.01s
[596.209s][info][gc,start       ] GC(1352) Pause Young (Allocation Failure)
[596.213s][info][gc,heap        ] GC(1352) PSYoungGen: 303228K->18596K(300544K)
[596.213s][info][gc,heap        ] GC(1352) PSOldGen: 150928K->155824K(699392K)
[596.213s][info][gc,metaspace   ] GC(1352) Metaspace: 145453K(158032K)->145453K(158032K) NonClass: 126661K(132784K)->126661K(132784K) Class: 18791K(25248K)->18791K(25248K)
[596.213s][info][gc             ] GC(1352) Pause Young (Allocation Failure) 443M->170M(976M) 4.256ms
[596.213s][info][gc,cpu         ] GC(1352) User=0.00s Sys=0.00s Real=0.00s
[596.257s][info][gc,start       ] GC(1353) Pause Young (Allocation Failure)
[596.261s][info][gc,heap        ] GC(1353) PSYoungGen: 273572K->18549K(302080K)
[596.261s][info][gc,heap        ] GC(1353) PSOldGen: 155824K->167584K(699392K)
[596.261s][info][gc,metaspace   ] GC(1353) Metaspace: 145453K(158032K)->145453K(158032K) NonClass: 126661K(132784K)->126661K(132784K) Class: 18791K(25248K)->18791K(25248K)
[596.261s][info][gc             ] GC(1353) Pause Young (Allocation Failure) 419M->181M(978M) 4.850ms
[596.261s][info][gc,cpu         ] GC(1353) User=0.00s Sys=0.00s Real=0.01s
[596.291s][info][gc,start       ] GC(1354) Pause Young (Allocation Failure)
[596.295s][info][gc,heap        ] GC(1354) PSYoungGen: 273117K->8599K(305664K)
[596.295s][info][gc,heap        ] GC(1354) PSOldGen: 167584K->172606K(699392K)
[596.295s][info][gc,metaspace   ] GC(1354) Metaspace: 145453K(158032K)->145453K(158032K) NonClass: 126661K(132784K)->126661K(132784K) Class: 18791K(25248K)->18791K(25248K)
[596.295s][info][gc             ] GC(1354) Pause Young (Allocation Failure) 430M->176M(981M) 3.230ms
[596.295s][info][gc,cpu         ] GC(1354) User=0.00s Sys=0.00s Real=0.00s
[596.443s][info][gc,start       ] GC(1355) Pause Young (Allocation Failure)
[596.447s][info][gc,heap        ] GC(1355) PSYoungGen: 269719K->17559K(304640K)
[596.447s][info][gc,heap        ] GC(1355) PSOldGen: 172606K->172802K(699392K)
[596.447s][info][gc,metaspace   ] GC(1355) Metaspace: 145453K(158032K)->145453K(158032K) NonClass: 126661K(132784K)->126661K(132784K) Class: 18791K(25248K)->18791K(25248K)
[596.447s][info][gc             ] GC(1355) Pause Young (Allocation Failure) 431M->185M(980M) 3.968ms
[596.448s][info][gc,cpu         ] GC(1355) User=0.00s Sys=0.00s Real=0.01s
[596.584s][info][gc,start       ] GC(1356) Pause Young (Allocation Failure)
[596.587s][info][gc,heap        ] GC(1356) PSYoungGen: 278679K->16041K(310272K)
[596.587s][info][gc,heap        ] GC(1356) PSOldGen: 172802K->173102K(699392K)
[596.587s][info][gc,metaspace   ] GC(1356) Metaspace: 145453K(158032K)->145453K(158032K) NonClass: 126661K(132784K)->126661K(132784K) Class: 18791K(25248K)->18791K(25248K)
[596.587s][info][gc             ] GC(1356) Pause Young (Allocation Failure) 440M->184M(986M) 3.554ms
[596.587s][info][gc,cpu         ] GC(1356) User=0.00s Sys=0.00s Real=0.00s
[597.263s][info][gc,start       ] GC(1357) Pause Young (Allocation Failure)
[597.267s][info][gc,heap        ] GC(1357) PSYoungGen: 285353K->1538K(308224K)
[597.267s][info][gc,heap        ] GC(1357) PSOldGen: 173102K->188975K(699392K)
[597.267s][info][gc,metaspace   ] GC(1357) Metaspace: 145453K(158032K)->145453K(158032K) NonClass: 126661K(132784K)->126661K(132784K) Class: 18791K(25248K)->18791K(25248K)
[597.267s][info][gc             ] GC(1357) Pause Young (Allocation Failure) 447M->186M(984M) 3.710ms
[597.267s][info][gc,cpu         ] GC(1357) User=0.09s Sys=0.00s Real=0.00s
[598.259s][info][gc,start       ] GC(1358) Pause Young (GCLocker Initiated GC)
[598.262s][info][gc,heap        ] GC(1358) PSYoungGen: 270850K->8832K(311296K)
[598.262s][info][gc,heap        ] GC(1358) PSOldGen: 188991K->189699K(699392K)
[598.262s][info][gc,metaspace   ] GC(1358) Metaspace: 145453K(158032K)->145453K(158032K) NonClass: 126661K(132784K)->126661K(132784K) Class: 18791K(25248K)->18791K(25248K)
[598.262s][info][gc             ] GC(1358) Pause Young (GCLocker Initiated GC) 449M->193M(987M) 3.103ms
[598.262s][info][gc,cpu         ] GC(1358) User=0.00s Sys=0.00s Real=0.00s
[599.287s][info][gc,start       ] GC(1359) Pause Young (Allocation Failure)
[599.289s][info][gc,heap        ] GC(1359) PSYoungGen: 281216K->2160K(310272K)
[599.289s][info][gc,heap        ] GC(1359) PSOldGen: 189702K->190066K(699392K)
[599.289s][info][gc,metaspace   ] GC(1359) Metaspace: 145453K(158032K)->145453K(158032K) NonClass: 126661K(132784K)->126661K(132784K) Class: 18791K(25248K)->18791K(25248K)
[599.289s][info][gc             ] GC(1359) Pause Young (Allocation Failure) 459M->187M(986M) 2.057ms
[599.289s][info][gc,cpu         ] GC(1359) User=0.00s Sys=0.00s Real=0.00s
[600.219s][info][gc,start       ] GC(1360) Pause Young (Allocation Failure)
[600.222s][info][gc,heap        ] GC(1360) PSYoungGen: 274544K->1128K(311808K)
[600.222s][info][gc,heap        ] GC(1360) PSOldGen: 190066K->190528K(699392K)
[600.222s][info][gc,metaspace   ] GC(1360) Metaspace: 145454K(158032K)->145454K(158032K) NonClass: 126662K(132784K)->126662K(132784K) Class: 18791K(25248K)->18791K(25248K)
[600.222s][info][gc             ] GC(1360) Pause Young (Allocation Failure) 453M->187M(987M) 3.321ms
[600.222s][info][gc,cpu         ] GC(1360) User=0.00s Sys=0.00s Real=0.00s
[601.261s][info][gc,start       ] GC(1361) Pause Young (Allocation Failure)
[601.263s][info][gc,heap        ] GC(1361) PSYoungGen: 275048K->2364K(311296K)
[601.263s][info][gc,heap        ] GC(1361) PSOldGen: 190528K->190883K(699392K)
[601.263s][info][gc,metaspace   ] GC(1361) Metaspace: 145454K(158032K)->145454K(158032K) NonClass: 126662K(132784K)->126662K(132784K) Class: 18791K(25248K)->18791K(25248K)
[601.263s][info][gc             ] GC(1361) Pause Young (Allocation Failure) 454M->188M(987M) 2.472ms
[601.263s][info][gc,cpu         ] GC(1361) User=0.00s Sys=0.00s Real=0.00s
[601.977s][info][gc,start       ] GC(1362) Pause Young (Allocation Failure)
[601.980s][info][gc,heap        ] GC(1362) PSYoungGen: 276284K->2652K(313856K)
[601.980s][info][gc,heap        ] GC(1362) PSOldGen: 190883K->191334K(699392K)
[601.980s][info][gc,metaspace   ] GC(1362) Metaspace: 145459K(158032K)->145459K(158032K) NonClass: 126668K(132784K)->126668K(132784K) Class: 18791K(25248K)->18791K(25248K)
[601.980s][info][gc             ] GC(1362) Pause Young (Allocation Failure) 456M->189M(989M) 2.323ms
[601.980s][info][gc,cpu         ] GC(1362) User=0.00s Sys=0.00s Real=0.00s
[602.063s][info][gc,start       ] GC(1363) Pause Young (System.gc())
[602.065s][info][gc,heap        ] GC(1363) PSYoungGen: 86865K->428K(312832K)
[602.065s][info][gc,heap        ] GC(1363) PSOldGen: 191334K->193688K(699392K)
[602.065s][info][gc,metaspace   ] GC(1363) Metaspace: 145489K(158288K)->145489K(158288K) NonClass: 126698K(133040K)->126698K(133040K) Class: 18791K(25248K)->18791K(25248K)
[602.065s][info][gc             ] GC(1363) Pause Young (System.gc()) 271M->189M(988M) 2.430ms
[602.065s][info][gc,cpu         ] GC(1363) User=0.00s Sys=0.00s Real=0.00s
[602.065s][info][gc,start       ] GC(1364) Pause Full (System.gc())
[602.067s][info][gc,phases,start] GC(1364) Phase 1: Mark live objects
[602.139s][info][gc,phases      ] GC(1364) Phase 1: Mark live objects 71.630ms
[602.139s][info][gc,phases,start] GC(1364) Phase 2: Compute new object addresses
[602.150s][info][gc,phases      ] GC(1364) Phase 2: Compute new object addresses 11.161ms
[602.150s][info][gc,phases,start] GC(1364) Phase 3: Adjust pointers
[602.191s][info][gc,phases      ] GC(1364) Phase 3: Adjust pointers 40.712ms
[602.191s][info][gc,phases,start] GC(1364) Phase 4: Move objects
[602.192s][info][gc,phases      ] GC(1364) Phase 4: Move objects 0.879ms
[602.193s][info][gc,heap        ] GC(1364) PSYoungGen: 428K->0K(312832K)
[602.193s][info][gc,heap        ] GC(1364) PSOldGen: 193688K->105587K(699392K)
[602.193s][info][gc,metaspace   ] GC(1364) Metaspace: 145489K(158288K)->145489K(158288K) NonClass: 126698K(133040K)->126698K(133040K) Class: 18791K(25248K)->18791K(25248K)
[602.193s][info][gc             ] GC(1364) Pause Full (System.gc()) 189M->103M(988M) 127.600ms
[602.193s][info][gc,cpu         ] GC(1364) User=0.12s Sys=0.00s Real=0.13s
[602.307s][info][gc,start       ] GC(1365) Pause Young (Allocation Failure)
[602.310s][info][gc,heap        ] GC(1365) PSYoungGen: 277504K->17009K(314368K)
[602.310s][info][gc,heap        ] GC(1365) PSOldGen: 105587K->105587K(699392K)
[602.310s][info][gc,metaspace   ] GC(1365) Metaspace: 145495K(158288K)->145495K(158288K) NonClass: 126704K(133040K)->126704K(133040K) Class: 18791K(25248K)->18791K(25248K)
[602.310s][info][gc             ] GC(1365) Pause Young (Allocation Failure) 374M->119M(990M) 3.720ms
[602.310s][info][gc,cpu         ] GC(1365) User=0.00s Sys=0.00s Real=0.00s
[602.363s][info][gc,start       ] GC(1366) Pause Young (Allocation Failure)
[602.369s][info][gc,heap        ] GC(1366) PSYoungGen: 296561K->17062K(314368K)
[602.369s][info][gc,heap        ] GC(1366) PSOldGen: 105587K->118651K(699392K)
[602.369s][info][gc,metaspace   ] GC(1366) Metaspace: 145495K(158288K)->145495K(158288K) NonClass: 126704K(133040K)->126704K(133040K) Class: 18791K(25248K)->18791K(25248K)
[602.369s][info][gc             ] GC(1366) Pause Young (Allocation Failure) 392M->132M(990M) 5.714ms
[602.369s][info][gc,cpu         ] GC(1366) User=0.00s Sys=0.00s Real=0.01s
[602.508s][info][gc,start       ] GC(1367) Pause Young (Allocation Failure)
[602.516s][info][gc,heap        ] GC(1367) PSYoungGen: 293539K->34797K(288768K)
[602.516s][info][gc,heap        ] GC(1367) PSOldGen: 118651K->134794K(699392K)
[602.516s][info][gc,metaspace   ] GC(1367) Metaspace: 145495K(158288K)->145495K(158288K) NonClass: 126704K(133040K)->126704K(133040K) Class: 18791K(25248K)->18791K(25248K)
[602.516s][info][gc             ] GC(1367) Pause Young (Allocation Failure) 402M->165M(965M) 7.589ms
[602.516s][info][gc,cpu         ] GC(1367) User=0.09s Sys=0.00s Real=0.01s
[602.547s][info][gc,start       ] GC(1368) Pause Young (GCLocker Initiated GC)
[602.553s][info][gc,heap        ] GC(1368) PSYoungGen: 284744K->12355K(301568K)
[602.553s][info][gc,heap        ] GC(1368) PSOldGen: 138890K->160454K(699392K)
[602.553s][info][gc,metaspace   ] GC(1368) Metaspace: 145495K(158288K)->145495K(158288K) NonClass: 126704K(133040K)->126704K(133040K) Class: 18791K(25248K)->18791K(25248K)
[602.553s][info][gc             ] GC(1368) Pause Young (GCLocker Initiated GC) 413M->168M(977M) 6.076ms
[602.553s][info][gc,cpu         ] GC(1368) User=0.00s Sys=0.00s Real=0.01s
[602.692s][info][gc,start       ] GC(1369) Pause Young (Allocation Failure)
[602.698s][info][gc,heap        ] GC(1369) PSYoungGen: 266307K->29626K(299520K)
[602.698s][info][gc,heap        ] GC(1369) PSOldGen: 168267K->168307K(699392K)
[602.698s][info][gc,metaspace   ] GC(1369) Metaspace: 145495K(158288K)->145495K(158288K) NonClass: 126704K(133040K)->126704K(133040K) Class: 18791K(25248K)->18791K(25248K)
[602.698s][info][gc             ] GC(1369) Pause Young (Allocation Failure) 424M->193M(975M) 5.366ms
[602.698s][info][gc,cpu         ] GC(1369) User=0.00s Sys=0.00s Real=0.01s
[602.740s][info][gc,start       ] GC(1370) Pause Young (Allocation Failure)
[602.744s][info][gc,heap        ] GC(1370) PSYoungGen: 284602K->17591K(302080K)
[602.744s][info][gc,heap        ] GC(1370) PSOldGen: 168307K->170036K(699392K)
[602.744s][info][gc,metaspace   ] GC(1370) Metaspace: 145495K(158288K)->145495K(158288K) NonClass: 126704K(133040K)->126704K(133040K) Class: 18791K(25248K)->18791K(25248K)
[602.744s][info][gc             ] GC(1370) Pause Young (Allocation Failure) 442M->183M(978M) 3.980ms
[602.744s][info][gc,cpu         ] GC(1370) User=0.00s Sys=0.00s Real=0.01s
[602.787s][info][gc,start       ] GC(1371) Pause Young (Allocation Failure)
[602.792s][info][gc,heap        ] GC(1371) PSYoungGen: 270589K->19056K(306176K)
[602.792s][info][gc,heap        ] GC(1371) PSOldGen: 170036K->177703K(699392K)
[602.792s][info][gc,metaspace   ] GC(1371) Metaspace: 145495K(158288K)->145495K(158288K) NonClass: 126704K(133040K)->126704K(133040K) Class: 18791K(25248K)->18791K(25248K)
[602.792s][info][gc             ] GC(1371) Pause Young (Allocation Failure) 430M->192M(982M) 4.365ms
[602.792s][info][gc,cpu         ] GC(1371) User=0.00s Sys=0.00s Real=0.00s
[602.822s][info][gc,start       ] GC(1372) Pause Young (Allocation Failure)
[602.827s][info][gc,heap        ] GC(1372) PSYoungGen: 280688K->30177K(291840K)
[602.827s][info][gc,heap        ] GC(1372) PSOldGen: 177703K->183672K(699392K)
[602.827s][info][gc,metaspace   ] GC(1372) Metaspace: 145495K(158288K)->145495K(158288K) NonClass: 126704K(133040K)->126704K(133040K) Class: 18791K(25248K)->18791K(25248K)
[602.827s][info][gc             ] GC(1372) Pause Young (Allocation Failure) 447M->208M(968M) 5.212ms
[602.827s][info][gc,cpu         ] GC(1372) User=0.00s Sys=0.00s Real=0.01s
[602.972s][info][gc,start       ] GC(1373) Pause Young (Allocation Failure)
[602.976s][info][gc,heap        ] GC(1373) PSYoungGen: 291809K->19307K(306176K)
[602.976s][info][gc,heap        ] GC(1373) PSOldGen: 183672K->183868K(699392K)
[602.976s][info][gc,metaspace   ] GC(1373) Metaspace: 145495K(158288K)->145495K(158288K) NonClass: 126704K(133040K)->126704K(133040K) Class: 18791K(25248K)->18791K(25248K)
[602.976s][info][gc             ] GC(1373) Pause Young (Allocation Failure) 464M->198M(982M) 4.177ms
[602.976s][info][gc,cpu         ] GC(1373) User=0.00s Sys=0.00s Real=0.00s
[603.111s][info][gc,start       ] GC(1374) Pause Young (Allocation Failure)
[603.115s][info][gc,heap        ] GC(1374) PSYoungGen: 279881K->16190K(303616K)
[603.115s][info][gc,heap        ] GC(1374) PSOldGen: 183868K->184324K(699392K)
[603.115s][info][gc,metaspace   ] GC(1374) Metaspace: 145495K(158288K)->145495K(158288K) NonClass: 126704K(133040K)->126704K(133040K) Class: 18791K(25248K)->18791K(25248K)
[603.115s][info][gc             ] GC(1374) Pause Young (Allocation Failure) 452M->195M(979M) 4.276ms
[603.115s][info][gc,cpu         ] GC(1374) User=0.00s Sys=0.00s Real=0.02s
[603.782s][info][gc,start       ] GC(1375) Pause Young (Allocation Failure)
[603.786s][info][gc,heap        ] GC(1375) PSYoungGen: 276798K->1494K(307200K)
[603.786s][info][gc,heap        ] GC(1375) PSOldGen: 184324K->200189K(699392K)
[603.786s][info][gc,metaspace   ] GC(1375) Metaspace: 145495K(158288K)->145495K(158288K) NonClass: 126704K(133040K)->126704K(133040K) Class: 18791K(25248K)->18791K(25248K)
[603.786s][info][gc             ] GC(1375) Pause Young (Allocation Failure) 450M->196M(983M) 4.372ms
[603.786s][info][gc,cpu         ] GC(1375) User=0.00s Sys=0.00s Real=0.00s
[604.787s][info][gc,start       ] GC(1376) Pause Young (Allocation Failure)
[604.789s][info][gc,heap        ] GC(1376) PSYoungGen: 267734K->3832K(307712K)
[604.789s][info][gc,heap        ] GC(1376) PSOldGen: 200189K->200857K(699392K)
[604.790s][info][gc,metaspace   ] GC(1376) Metaspace: 145495K(158288K)->145495K(158288K) NonClass: 126704K(133040K)->126704K(133040K) Class: 18791K(25248K)->18791K(25248K)
[604.790s][info][gc             ] GC(1376) Pause Young (Allocation Failure) 456M->199M(983M) 2.995ms
[604.790s][info][gc,cpu         ] GC(1376) User=0.00s Sys=0.00s Real=0.00s
[605.746s][info][gc,start       ] GC(1377) Pause Young (Allocation Failure)
[605.748s][info][gc,heap        ] GC(1377) PSYoungGen: 269059K->956K(308224K)
[605.748s][info][gc,heap        ] GC(1377) PSOldGen: 200857K->201245K(699392K)
[605.748s][info][gc,metaspace   ] GC(1377) Metaspace: 145495K(158288K)->145495K(158288K) NonClass: 126704K(133040K)->126704K(133040K) Class: 18791K(25248K)->18791K(25248K)
[605.748s][info][gc             ] GC(1377) Pause Young (Allocation Failure) 458M->197M(984M) 2.097ms
[605.748s][info][gc,cpu         ] GC(1377) User=0.00s Sys=0.00s Real=0.01s
[606.672s][info][gc,start       ] GC(1378) Pause Young (GCLocker Initiated GC)
[606.675s][info][gc,heap        ] GC(1378) PSYoungGen: 268220K->2752K(308224K)
[606.675s][info][gc,heap        ] GC(1378) PSOldGen: 201272K->201600K(699392K)
[606.675s][info][gc,metaspace   ] GC(1378) Metaspace: 145495K(158288K)->145495K(158288K) NonClass: 126704K(133040K)->126704K(133040K) Class: 18791K(25248K)->18791K(25248K)
[606.675s][info][gc             ] GC(1378) Pause Young (GCLocker Initiated GC) 458M->199M(984M) 2.535ms
[606.675s][info][gc,cpu         ] GC(1378) User=0.00s Sys=0.00s Real=0.00s
[607.698s][info][gc,start       ] GC(1379) Pause Young (GCLocker Initiated GC)
[607.702s][info][gc,heap        ] GC(1379) PSYoungGen: 270016K->8260K(311296K)
[607.702s][info][gc,heap        ] GC(1379) PSOldGen: 201605K->202070K(699392K)
[607.702s][info][gc,metaspace   ] GC(1379) Metaspace: 145495K(158288K)->145495K(158288K) NonClass: 126704K(133040K)->126704K(133040K) Class: 18791K(25248K)->18791K(25248K)
[607.702s][info][gc             ] GC(1379) Pause Young (GCLocker Initiated GC) 460M->205M(987M) 3.436ms
[607.702s][info][gc,cpu         ] GC(1379) User=0.00s Sys=0.00s Real=0.01s
[608.474s][info][gc,start       ] GC(1380) Pause Young (Allocation Failure)
[608.477s][info][gc,heap        ] GC(1380) PSYoungGen: 279620K->2958K(309248K)
[608.477s][info][gc,heap        ] GC(1380) PSOldGen: 202122K->203627K(699392K)
[608.477s][info][gc,metaspace   ] GC(1380) Metaspace: 145495K(158288K)->145495K(158288K) NonClass: 126704K(133040K)->126704K(133040K) Class: 18791K(25248K)->18791K(25248K)
[608.477s][info][gc             ] GC(1380) Pause Young (Allocation Failure) 470M->201M(985M) 3.032ms
[608.477s][info][gc,cpu         ] GC(1380) User=0.00s Sys=0.00s Real=0.00s
[608.574s][info][gc,start       ] GC(1381) Pause Young (System.gc())
[608.577s][info][gc,heap        ] GC(1381) PSYoungGen: 116208K->748K(312832K)
[608.577s][info][gc,heap        ] GC(1381) PSOldGen: 203627K->205799K(699392K)
[608.577s][info][gc,metaspace   ] GC(1381) Metaspace: 145495K(158288K)->145495K(158288K) NonClass: 126704K(133040K)->126704K(133040K) Class: 18791K(25248K)->18791K(25248K)
[608.577s][info][gc             ] GC(1381) Pause Young (System.gc()) 312M->201M(988M) 2.607ms
[608.577s][info][gc,cpu         ] GC(1381) User=0.00s Sys=0.00s Real=0.00s
[608.577s][info][gc,start       ] GC(1382) Pause Full (System.gc())
[608.581s][info][gc,phases,start] GC(1382) Phase 1: Mark live objects
[608.651s][info][gc,phases      ] GC(1382) Phase 1: Mark live objects 70.148ms
[608.651s][info][gc,phases,start] GC(1382) Phase 2: Compute new object addresses
[608.662s][info][gc,phases      ] GC(1382) Phase 2: Compute new object addresses 11.533ms
[608.663s][info][gc,phases,start] GC(1382) Phase 3: Adjust pointers
[608.703s][info][gc,phases      ] GC(1382) Phase 3: Adjust pointers 40.945ms
[608.704s][info][gc,phases,start] GC(1382) Phase 4: Move objects
[608.705s][info][gc,phases      ] GC(1382) Phase 4: Move objects 1.560ms
[608.706s][info][gc,heap        ] GC(1382) PSYoungGen: 748K->0K(312832K)
[608.706s][info][gc,heap        ] GC(1382) PSOldGen: 205799K->107589K(699392K)
[608.706s][info][gc,metaspace   ] GC(1382) Metaspace: 145495K(158288K)->145495K(158288K) NonClass: 126704K(133040K)->126704K(133040K) Class: 18791K(25248K)->18791K(25248K)
[608.706s][info][gc             ] GC(1382) Pause Full (System.gc()) 201M->105M(988M) 129.125ms
[608.706s][info][gc,cpu         ] GC(1382) User=0.14s Sys=0.00s Real=0.13s
[608.827s][info][gc,start       ] GC(1383) Pause Young (Allocation Failure)
[608.831s][info][gc,heap        ] GC(1383) PSYoungGen: 275968K->16993K(312320K)
[608.831s][info][gc,heap        ] GC(1383) PSOldGen: 107589K->107597K(699392K)
[608.831s][info][gc,metaspace   ] GC(1383) Metaspace: 145526K(158288K)->145526K(158288K) NonClass: 126735K(133040K)->126735K(133040K) Class: 18791K(25248K)->18791K(25248K)
[608.831s][info][gc             ] GC(1383) Pause Young (Allocation Failure) 374M->121M(988M) 3.774ms
[608.831s][info][gc,cpu         ] GC(1383) User=0.00s Sys=0.00s Real=0.00s
[608.877s][info][gc,start       ] GC(1384) Pause Young (Allocation Failure)
[608.882s][info][gc,heap        ] GC(1384) PSYoungGen: 292961K->18182K(312832K)
[608.882s][info][gc,heap        ] GC(1384) PSOldGen: 107597K->120657K(699392K)
[608.882s][info][gc,metaspace   ] GC(1384) Metaspace: 145526K(158288K)->145526K(158288K) NonClass: 126735K(133040K)->126735K(133040K) Class: 18791K(25248K)->18791K(25248K)
[608.882s][info][gc             ] GC(1384) Pause Young (Allocation Failure) 391M->135M(988M) 5.462ms
[608.882s][info][gc,cpu         ] GC(1384) User=0.00s Sys=0.00s Real=0.01s
[609.013s][info][gc,start       ] GC(1385) Pause Young (Allocation Failure)
[609.022s][info][gc,heap        ] GC(1385) PSYoungGen: 294662K->36344K(312832K)
[609.022s][info][gc,heap        ] GC(1385) PSOldGen: 120657K->143600K(699392K)
[609.022s][info][gc,metaspace   ] GC(1385) Metaspace: 145526K(158288K)->145526K(158288K) NonClass: 126735K(133040K)->126735K(133040K) Class: 18791K(25248K)->18791K(25248K)
[609.022s][info][gc             ] GC(1385) Pause Young (Allocation Failure) 405M->175M(988M) 8.579ms
[609.022s][info][gc,cpu         ] GC(1385) User=0.09s Sys=0.00s Real=0.01s
[609.056s][info][gc,start       ] GC(1386) Pause Young (Allocation Failure)
[609.062s][info][gc,heap        ] GC(1386) PSYoungGen: 311785K->21809K(285184K)
[609.062s][info][gc,heap        ] GC(1386) PSOldGen: 143600K->163153K(699392K)
[609.062s][info][gc,metaspace   ] GC(1386) Metaspace: 145526K(158288K)->145526K(158288K) NonClass: 126735K(133040K)->126735K(133040K) Class: 18791K(25248K)->18791K(25248K)
[609.062s][info][gc             ] GC(1386) Pause Young (Allocation Failure) 444M->180M(961M) 6.425ms
[609.062s][info][gc,cpu         ] GC(1386) User=0.00s Sys=0.00s Real=0.01s
[609.196s][info][gc,start       ] GC(1387) Pause Young (Allocation Failure)
[609.203s][info][gc,heap        ] GC(1387) PSYoungGen: 270641K->40543K(289792K)
[609.203s][info][gc,heap        ] GC(1387) PSOldGen: 163153K->163272K(699392K)
[609.203s][info][gc,metaspace   ] GC(1387) Metaspace: 145526K(158288K)->145526K(158288K) NonClass: 126735K(133040K)->126735K(133040K) Class: 18791K(25248K)->18791K(25248K)
[609.203s][info][gc             ] GC(1387) Pause Young (Allocation Failure) 423M->199M(966M) 6.802ms
[609.203s][info][gc,cpu         ] GC(1387) User=0.00s Sys=0.00s Real=0.01s
[609.245s][info][gc,start       ] GC(1388) Pause Young (Allocation Failure)
[609.250s][info][gc,heap        ] GC(1388) PSYoungGen: 289375K->20685K(296448K)
[609.250s][info][gc,heap        ] GC(1388) PSOldGen: 163272K->172046K(699392K)
[609.250s][info][gc,metaspace   ] GC(1388) Metaspace: 145526K(158288K)->145526K(158288K) NonClass: 126735K(133040K)->126735K(133040K) Class: 18791K(25248K)->18791K(25248K)
[609.250s][info][gc             ] GC(1388) Pause Young (Allocation Failure) 442M->188M(972M) 5.659ms
[609.250s][info][gc,cpu         ] GC(1388) User=0.08s Sys=0.02s Real=0.01s
[609.292s][info][gc,start       ] GC(1389) Pause Young (Allocation Failure)
[609.295s][info][gc,heap        ] GC(1389) PSYoungGen: 258630K->5987K(293376K)
[609.295s][info][gc,heap        ] GC(1389) PSOldGen: 172046K->179705K(699392K)
[609.295s][info][gc,metaspace   ] GC(1389) Metaspace: 145526K(158288K)->145526K(158288K) NonClass: 126735K(133040K)->126735K(133040K) Class: 18791K(25248K)->18791K(25248K)
[609.295s][info][gc             ] GC(1389) Pause Young (Allocation Failure) 420M->181M(969M) 3.548ms
[609.295s][info][gc,cpu         ] GC(1389) User=0.00s Sys=0.00s Real=0.00s
[609.325s][info][gc,start       ] GC(1390) Pause Young (GCLocker Initiated GC)
[609.329s][info][gc,heap        ] GC(1390) PSYoungGen: 246440K->17719K(301056K)
[609.329s][info][gc,heap        ] GC(1390) PSOldGen: 187897K->193524K(699392K)
[609.329s][info][gc,metaspace   ] GC(1390) Metaspace: 145526K(158288K)->145526K(158288K) NonClass: 126735K(133040K)->126735K(133040K) Class: 18791K(25248K)->18791K(25248K)
[609.329s][info][gc             ] GC(1390) Pause Young (GCLocker Initiated GC) 424M->206M(977M) 4.156ms
[609.329s][info][gc,cpu         ] GC(1390) User=0.09s Sys=0.00s Real=0.01s
[609.408s][info][gc,start       ] GC(1391) Pause Young (Allocation Failure)
[609.411s][info][gc,heap        ] GC(1391) PSYoungGen: 267063K->660K(297472K)
[609.411s][info][gc,heap        ] GC(1391) PSOldGen: 198645K->198756K(699392K)
[609.411s][info][gc,metaspace   ] GC(1391) Metaspace: 145526K(158288K)->145526K(158288K) NonClass: 126735K(133040K)->126735K(133040K) Class: 18791K(25248K)->18791K(25248K)
[609.411s][info][gc             ] GC(1391) Pause Young (Allocation Failure) 454M->194M(973M) 2.390ms
[609.411s][info][gc,cpu         ] GC(1391) User=0.00s Sys=0.00s Real=0.00s
[609.576s][info][gc,start       ] GC(1392) Pause Young (Allocation Failure)
[609.580s][info][gc,heap        ] GC(1392) PSYoungGen: 249932K->16064K(304128K)
[609.580s][info][gc,heap        ] GC(1392) PSOldGen: 198756K->199124K(699392K)
[609.580s][info][gc,metaspace   ] GC(1392) Metaspace: 145526K(158288K)->145526K(158288K) NonClass: 126735K(133040K)->126735K(133040K) Class: 18791K(25248K)->18791K(25248K)
[609.580s][info][gc             ] GC(1392) Pause Young (Allocation Failure) 438M->210M(980M) 3.667ms
[609.580s][info][gc,cpu         ] GC(1392) User=0.06s Sys=0.00s Real=0.00s
[610.057s][info][gc,start       ] GC(1393) Pause Young (Allocation Failure)
[610.062s][info][gc,heap        ] GC(1393) PSYoungGen: 272064K->3502K(301056K)
[610.062s][info][gc,heap        ] GC(1393) PSOldGen: 199124K->214954K(699392K)
[610.062s][info][gc,metaspace   ] GC(1393) Metaspace: 145526K(158288K)->145526K(158288K) NonClass: 126735K(133040K)->126735K(133040K) Class: 18791K(25248K)->18791K(25248K)
[610.062s][info][gc             ] GC(1393) Pause Young (Allocation Failure) 460M->213M(977M) 5.168ms
[610.062s][info][gc,cpu         ] GC(1393) User=0.00s Sys=0.00s Real=0.00s
[611.064s][info][gc,start       ] GC(1394) Pause Young (GCLocker Initiated GC)
[611.068s][info][gc,heap        ] GC(1394) PSYoungGen: 259502K->8481K(306688K)
[611.068s][info][gc,heap        ] GC(1394) PSOldGen: 214976K->215721K(699392K)
[611.068s][info][gc,metaspace   ] GC(1394) Metaspace: 145526K(158288K)->145526K(158288K) NonClass: 126735K(133040K)->126735K(133040K) Class: 18791K(25248K)->18791K(25248K)
[611.068s][info][gc             ] GC(1394) Pause Young (GCLocker Initiated GC) 463M->218M(982M) 3.493ms
[611.068s][info][gc,cpu         ] GC(1394) User=0.00s Sys=0.00s Real=0.01s
[612.082s][info][gc,start       ] GC(1395) Pause Young (GCLocker Initiated GC)
[612.084s][info][gc,heap        ] GC(1395) PSYoungGen: 270625K->2094K(304640K)
[612.084s][info][gc,heap        ] GC(1395) PSOldGen: 215747K->216222K(699392K)
[612.084s][info][gc,metaspace   ] GC(1395) Metaspace: 145526K(158288K)->145526K(158288K) NonClass: 126735K(133040K)->126735K(133040K) Class: 18791K(25248K)->18791K(25248K)
[612.084s][info][gc             ] GC(1395) Pause Young (GCLocker Initiated GC) 474M->213M(980M) 2.544ms
[612.084s][info][gc,cpu         ] GC(1395) User=0.00s Sys=0.00s Real=0.00s
[612.988s][info][gc,start       ] GC(1396) Pause Young (Allocation Failure)
[612.990s][info][gc,heap        ] GC(1396) PSYoungGen: 264238K->3608K(308736K)
[612.990s][info][gc,heap        ] GC(1396) PSOldGen: 216303K->216694K(699392K)
[612.990s][info][gc,metaspace   ] GC(1396) Metaspace: 145526K(158288K)->145526K(158288K) NonClass: 126735K(133040K)->126735K(133040K) Class: 18791K(25248K)->18791K(25248K)
[612.990s][info][gc             ] GC(1396) Pause Young (Allocation Failure) 469M->215M(984M) 2.388ms
[612.990s][info][gc,cpu         ] GC(1396) User=0.00s Sys=0.00s Real=0.01s
[613.966s][info][gc,start       ] GC(1397) Pause Young (Allocation Failure)
[613.968s][info][gc,heap        ] GC(1397) PSYoungGen: 270360K->3958K(307200K)
[613.968s][info][gc,heap        ] GC(1397) PSOldGen: 216694K->217093K(699392K)
[613.968s][info][gc,metaspace   ] GC(1397) Metaspace: 145526K(158288K)->145526K(158288K) NonClass: 126735K(133040K)->126735K(133040K) Class: 18791K(25248K)->18791K(25248K)
[613.968s][info][gc             ] GC(1397) Pause Young (Allocation Failure) 475M->215M(983M) 2.565ms
[613.968s][info][gc,cpu         ] GC(1397) User=0.00s Sys=0.00s Real=0.00s
[614.834s][info][gc,start       ] GC(1398) Pause Young (Allocation Failure)
[614.837s][info][gc,heap        ] GC(1398) PSYoungGen: 270710K->5364K(311808K)
[614.837s][info][gc,heap        ] GC(1398) PSOldGen: 217093K->217530K(699392K)
[614.837s][info][gc,metaspace   ] GC(1398) Metaspace: 145529K(158288K)->145529K(158288K) NonClass: 126738K(133040K)->126738K(133040K) Class: 18791K(25248K)->18791K(25248K)
[614.837s][info][gc             ] GC(1398) Pause Young (Allocation Failure) 476M->217M(987M) 2.721ms
[614.837s][info][gc,cpu         ] GC(1398) User=0.00s Sys=0.00s Real=0.00s
[615.119s][info][gc,start       ] GC(1399) Pause Young (System.gc())
[615.121s][info][gc,heap        ] GC(1399) PSYoungGen: 199083K->2611K(309760K)
[615.121s][info][gc,heap        ] GC(1399) PSOldGen: 217530K->217982K(699392K)
[615.121s][info][gc,metaspace   ] GC(1399) Metaspace: 145534K(158288K)->145534K(158288K) NonClass: 126742K(133040K)->126742K(133040K) Class: 18791K(25248K)->18791K(25248K)
[615.121s][info][gc             ] GC(1399) Pause Young (System.gc()) 406M->215M(985M) 2.505ms
[615.121s][info][gc,cpu         ] GC(1399) User=0.00s Sys=0.00s Real=0.00s
[615.121s][info][gc,start       ] GC(1400) Pause Full (System.gc())
[615.123s][info][gc,phases,start] GC(1400) Phase 1: Mark live objects
[615.194s][info][gc,phases      ] GC(1400) Phase 1: Mark live objects 70.849ms
[615.194s][info][gc,phases,start] GC(1400) Phase 2: Compute new object addresses
[615.205s][info][gc,phases      ] GC(1400) Phase 2: Compute new object addresses 11.515ms
[615.206s][info][gc,phases,start] GC(1400) Phase 3: Adjust pointers
[615.247s][info][gc,phases      ] GC(1400) Phase 3: Adjust pointers 41.273ms
[615.247s][info][gc,phases,start] GC(1400) Phase 4: Move objects
[615.251s][info][gc,phases      ] GC(1400) Phase 4: Move objects 3.943ms
[615.252s][info][gc,heap        ] GC(1400) PSYoungGen: 2611K->0K(309760K)
[615.252s][info][gc,heap        ] GC(1400) PSOldGen: 217982K->72265K(699392K)
[615.252s][info][gc,metaspace   ] GC(1400) Metaspace: 145534K(158288K)->145534K(158288K) NonClass: 126742K(133040K)->126742K(133040K) Class: 18791K(25248K)->18791K(25248K)
[615.252s][info][gc             ] GC(1400) Pause Full (System.gc()) 215M->70M(985M) 130.419ms
[615.252s][info][gc,cpu         ] GC(1400) User=0.14s Sys=0.00s Real=0.14s
[615.366s][info][gc,start       ] GC(1401) Pause Young (Allocation Failure)
[615.369s][info][gc,heap        ] GC(1401) PSYoungGen: 272384K->17009K(312832K)
[615.369s][info][gc,heap        ] GC(1401) PSOldGen: 72265K->72273K(699392K)
[615.369s][info][gc,metaspace   ] GC(1401) Metaspace: 145558K(158288K)->145558K(158288K) NonClass: 126766K(133040K)->126766K(133040K) Class: 18792K(25248K)->18792K(25248K)
[615.369s][info][gc             ] GC(1401) Pause Young (Allocation Failure) 336M->87M(988M) 3.428ms
[615.369s][info][gc,cpu         ] GC(1401) User=0.00s Sys=0.00s Real=0.01s
[615.415s][info][gc,start       ] GC(1402) Pause Young (Allocation Failure)
[615.420s][info][gc,heap        ] GC(1402) PSYoungGen: 293489K->17286K(312832K)
[615.420s][info][gc,heap        ] GC(1402) PSOldGen: 72273K->85201K(699392K)
[615.420s][info][gc,metaspace   ] GC(1402) Metaspace: 145558K(158288K)->145558K(158288K) NonClass: 126766K(133040K)->126766K(133040K) Class: 18792K(25248K)->18792K(25248K)
[615.420s][info][gc             ] GC(1402) Pause Young (Allocation Failure) 357M->100M(988M) 5.517ms
[615.420s][info][gc,cpu         ] GC(1402) User=0.00s Sys=0.00s Real=0.00s
[615.556s][info][gc,start       ] GC(1403) Pause Young (Allocation Failure)
[615.563s][info][gc,heap        ] GC(1403) PSYoungGen: 290162K->36289K(299520K)
[615.563s][info][gc,heap        ] GC(1403) PSOldGen: 85201K->95541K(699392K)
[615.563s][info][gc,metaspace   ] GC(1403) Metaspace: 145558K(158288K)->145558K(158288K) NonClass: 126766K(133040K)->126766K(133040K) Class: 18792K(25248K)->18792K(25248K)
[615.563s][info][gc             ] GC(1403) Pause Young (Allocation Failure) 366M->128M(975M) 7.765ms
[615.563s][info][gc,cpu         ] GC(1403) User=0.08s Sys=0.00s Real=0.01s
[615.595s][info][gc,start       ] GC(1404) Pause Young (Allocation Failure)
[615.602s][info][gc,heap        ] GC(1404) PSYoungGen: 298053K->17224K(306176K)
[615.602s][info][gc,heap        ] GC(1404) PSOldGen: 95541K->122241K(699392K)
[615.602s][info][gc,metaspace   ] GC(1404) Metaspace: 145558K(158288K)->145558K(158288K) NonClass: 126766K(133040K)->126766K(133040K) Class: 18792K(25248K)->18792K(25248K)
[615.602s][info][gc             ] GC(1404) Pause Young (Allocation Failure) 384M->136M(982M) 6.675ms
[615.602s][info][gc,cpu         ] GC(1404) User=0.00s Sys=0.00s Real=0.01s
[615.745s][info][gc,start       ] GC(1405) Pause Young (Allocation Failure)
[615.752s][info][gc,heap        ] GC(1405) PSYoungGen: 279828K->39279K(294400K)
[615.752s][info][gc,heap        ] GC(1405) PSOldGen: 122241K->122281K(699392K)
[615.752s][info][gc,metaspace   ] GC(1405) Metaspace: 145558K(158288K)->145558K(158288K) NonClass: 126766K(133040K)->126766K(133040K) Class: 18792K(25248K)->18792K(25248K)
[615.752s][info][gc             ] GC(1405) Pause Young (Allocation Failure) 392M->157M(970M) 6.714ms
[615.752s][info][gc,cpu         ] GC(1405) User=0.09s Sys=0.00s Real=0.01s
[615.794s][info][gc,start       ] GC(1406) Pause Young (Allocation Failure)
[615.799s][info][gc,heap        ] GC(1406) PSYoungGen: 292207K->25795K(301056K)
[615.799s][info][gc,heap        ] GC(1406) PSOldGen: 122281K->126360K(699392K)
[615.799s][info][gc,metaspace   ] GC(1406) Metaspace: 145558K(158288K)->145558K(158288K) NonClass: 126766K(133040K)->126766K(133040K) Class: 18792K(25248K)->18792K(25248K)
[615.799s][info][gc             ] GC(1406) Pause Young (Allocation Failure) 404M->148M(977M) 5.221ms
[615.799s][info][gc,cpu         ] GC(1406) User=0.08s Sys=0.00s Real=0.01s
[615.842s][info][gc,start       ] GC(1407) Pause Young (Allocation Failure)
[615.848s][info][gc,heap        ] GC(1407) PSYoungGen: 278723K->26919K(300032K)
[615.848s][info][gc,heap        ] GC(1407) PSOldGen: 126360K->138800K(699392K)
[615.848s][info][gc,metaspace   ] GC(1407) Metaspace: 145577K(158288K)->145577K(158288K) NonClass: 126785K(133040K)->126785K(133040K) Class: 18792K(25248K)->18792K(25248K)
[615.848s][info][gc             ] GC(1407) Pause Young (Allocation Failure) 395M->161M(976M) 5.731ms
[615.848s][info][gc,cpu         ] GC(1407) User=0.09s Sys=0.00s Real=0.01s
[615.878s][info][gc,start       ] GC(1408) Pause Young (Allocation Failure)
[615.882s][info][gc,heap        ] GC(1408) PSYoungGen: 278823K->12711K(300544K)
[615.882s][info][gc,heap        ] GC(1408) PSOldGen: 138800K->143555K(699392K)
[615.882s][info][gc,metaspace   ] GC(1408) Metaspace: 145577K(158288K)->145577K(158288K) NonClass: 126785K(133040K)->126785K(133040K) Class: 18792K(25248K)->18792K(25248K)
[615.882s][info][gc             ] GC(1408) Pause Young (Allocation Failure) 407M->152M(976M) 3.724ms
[615.882s][info][gc,cpu         ] GC(1408) User=0.00s Sys=0.00s Real=0.00s
[616.022s][info][gc,start       ] GC(1409) Pause Young (Allocation Failure)
[616.024s][info][gc,heap        ] GC(1409) PSYoungGen: 264615K->3632K(303104K)
[616.025s][info][gc,heap        ] GC(1409) PSOldGen: 143555K->143829K(699392K)
[616.025s][info][gc,metaspace   ] GC(1409) Metaspace: 145579K(158288K)->145579K(158288K) NonClass: 126786K(133040K)->126786K(133040K) Class: 18792K(25248K)->18792K(25248K)
[616.025s][info][gc             ] GC(1409) Pause Young (Allocation Failure) 398M->144M(979M) 2.625ms
[616.025s][info][gc,cpu         ] GC(1409) User=0.00s Sys=0.00s Real=0.00s
[616.153s][info][gc,start       ] GC(1410) Pause Young (Allocation Failure)
[616.156s][info][gc,heap        ] GC(1410) PSYoungGen: 260144K->16147K(302592K)
[616.157s][info][gc,heap        ] GC(1410) PSOldGen: 143829K->144363K(699392K)
[616.157s][info][gc,metaspace   ] GC(1410) Metaspace: 145584K(158288K)->145584K(158288K) NonClass: 126791K(133040K)->126791K(133040K) Class: 18792K(25248K)->18792K(25248K)
[616.157s][info][gc             ] GC(1410) Pause Young (Allocation Failure) 394M->156M(978M) 3.802ms
[616.157s][info][gc,cpu         ] GC(1410) User=0.09s Sys=0.00s Real=0.01s
[616.677s][info][gc,start       ] GC(1411) Pause Young (Allocation Failure)
[616.682s][info][gc,heap        ] GC(1411) PSYoungGen: 271863K->1009K(305664K)
[616.682s][info][gc,heap        ] GC(1411) PSOldGen: 144363K->160164K(699392K)
[616.682s][info][gc,metaspace   ] GC(1411) Metaspace: 145584K(158288K)->145584K(158288K) NonClass: 126791K(133040K)->126791K(133040K) Class: 18792K(25248K)->18792K(25248K)
[616.682s][info][gc             ] GC(1411) Pause Young (Allocation Failure) 406M->157M(981M) 4.343ms
[616.682s][info][gc,cpu         ] GC(1411) User=0.00s Sys=0.00s Real=0.01s
[617.675s][info][gc,start       ] GC(1412) Pause Young (Allocation Failure)
[617.677s][info][gc,heap        ] GC(1412) PSYoungGen: 263153K->4506K(305664K)
[617.677s][info][gc,heap        ] GC(1412) PSOldGen: 160164K->160854K(699392K)
[617.677s][info][gc,metaspace   ] GC(1412) Metaspace: 145584K(158288K)->145584K(158288K) NonClass: 126791K(133040K)->126791K(133040K) Class: 18792K(25248K)->18792K(25248K)
[617.677s][info][gc             ] GC(1412) Pause Young (Allocation Failure) 413M->161M(981M) 2.619ms
[617.677s][info][gc,cpu         ] GC(1412) User=0.00s Sys=0.00s Real=0.00s
[618.677s][info][gc,start       ] GC(1413) Pause Young (Allocation Failure)
[618.680s][info][gc,heap        ] GC(1413) PSYoungGen: 266650K->3951K(308224K)
[618.680s][info][gc,heap        ] GC(1413) PSOldGen: 160854K->161227K(699392K)
[618.680s][info][gc,metaspace   ] GC(1413) Metaspace: 145584K(158288K)->145584K(158288K) NonClass: 126791K(133040K)->126791K(133040K) Class: 18792K(25248K)->18792K(25248K)
[618.680s][info][gc             ] GC(1413) Pause Young (Allocation Failure) 417M->161M(984M) 2.765ms
[618.680s][info][gc,cpu         ] GC(1413) User=0.00s Sys=0.00s Real=0.00s
[619.618s][info][gc,start       ] GC(1414) Pause Young (Allocation Failure)
[619.621s][info][gc,heap        ] GC(1414) PSYoungGen: 270191K->5006K(307200K)
[619.621s][info][gc,heap        ] GC(1414) PSOldGen: 161227K->161619K(699392K)
[619.621s][info][gc,metaspace   ] GC(1414) Metaspace: 145584K(158288K)->145584K(158288K) NonClass: 126792K(133040K)->126792K(133040K) Class: 18792K(25248K)->18792K(25248K)
[619.621s][info][gc             ] GC(1414) Pause Young (Allocation Failure) 421M->162M(983M) 2.841ms
[619.621s][info][gc,cpu         ] GC(1414) User=0.00s Sys=0.00s Real=0.02s
[620.590s][info][gc,start       ] GC(1415) Pause Young (GCLocker Initiated GC)
[620.593s][info][gc,heap        ] GC(1415) PSYoungGen: 271246K->3852K(310784K)
[620.593s][info][gc,heap        ] GC(1415) PSOldGen: 161715K->162156K(699392K)
[620.593s][info][gc,metaspace   ] GC(1415) Metaspace: 145584K(158288K)->145584K(158288K) NonClass: 126792K(133040K)->126792K(133040K) Class: 18792K(25248K)->18792K(25248K)
[620.593s][info][gc             ] GC(1415) Pause Young (GCLocker Initiated GC) 422M->162M(986M) 2.400ms
[620.593s][info][gc,cpu         ] GC(1415) User=0.00s Sys=0.00s Real=0.00s
[621.483s][info][gc,start       ] GC(1416) Pause Young (Allocation Failure)
[621.485s][info][gc,heap        ] GC(1416) PSYoungGen: 275212K->2326K(309760K)
[621.485s][info][gc,heap        ] GC(1416) PSOldGen: 162160K->162522K(699392K)
[621.485s][info][gc,metaspace   ] GC(1416) Metaspace: 145584K(158288K)->145584K(158288K) NonClass: 126792K(133040K)->126792K(133040K) Class: 18792K(25248K)->18792K(25248K)
[621.485s][info][gc             ] GC(1416) Pause Young (Allocation Failure) 427M->160M(985M) 2.565ms
[621.485s][info][gc,cpu         ] GC(1416) User=0.08s Sys=0.00s Real=0.00s
[621.620s][info][gc,start       ] GC(1417) Pause Young (System.gc())
[621.623s][info][gc,heap        ] GC(1417) PSYoungGen: 159454K->1765K(313344K)
[621.623s][info][gc,heap        ] GC(1417) PSOldGen: 162522K->163704K(699392K)
[621.623s][info][gc,metaspace   ] GC(1417) Metaspace: 145588K(158288K)->145588K(158288K) NonClass: 126796K(133040K)->126796K(133040K) Class: 18792K(25248K)->18792K(25248K)
[621.623s][info][gc             ] GC(1417) Pause Young (System.gc()) 314M->161M(989M) 2.407ms
[621.623s][info][gc,cpu         ] GC(1417) User=0.00s Sys=0.00s Real=0.00s
[621.623s][info][gc,start       ] GC(1418) Pause Full (System.gc())
[621.625s][info][gc,phases,start] GC(1418) Phase 1: Mark live objects
[621.694s][info][gc,phases      ] GC(1418) Phase 1: Mark live objects 69.910ms
[621.695s][info][gc,phases,start] GC(1418) Phase 2: Compute new object addresses
[621.705s][info][gc,phases      ] GC(1418) Phase 2: Compute new object addresses 10.943ms
[621.706s][info][gc,phases,start] GC(1418) Phase 3: Adjust pointers
[621.746s][info][gc,phases      ] GC(1418) Phase 3: Adjust pointers 40.831ms
[621.746s][info][gc,phases,start] GC(1418) Phase 4: Move objects
[621.747s][info][gc,phases      ] GC(1418) Phase 4: Move objects 0.800ms
[621.748s][info][gc,heap        ] GC(1418) PSYoungGen: 1765K->0K(313344K)
[621.748s][info][gc,heap        ] GC(1418) PSOldGen: 163704K->99577K(699392K)
[621.748s][info][gc,metaspace   ] GC(1418) Metaspace: 145588K(158288K)->145588K(158288K) NonClass: 126796K(133040K)->126796K(133040K) Class: 18792K(25248K)->18792K(25248K)
[621.748s][info][gc             ] GC(1418) Pause Full (System.gc()) 161M->97M(989M) 125.337ms
[621.748s][info][gc,cpu         ] GC(1418) User=0.12s Sys=0.00s Real=0.13s
[621.854s][info][gc,start       ] GC(1419) Pause Young (Allocation Failure)
[621.858s][info][gc,heap        ] GC(1419) PSYoungGen: 275968K->17024K(311808K)
[621.858s][info][gc,heap        ] GC(1419) PSOldGen: 99577K->99577K(699392K)
[621.858s][info][gc,metaspace   ] GC(1419) Metaspace: 145590K(158288K)->145590K(158288K) NonClass: 126797K(133040K)->126797K(133040K) Class: 18792K(25248K)->18792K(25248K)
[621.858s][info][gc             ] GC(1419) Pause Young (Allocation Failure) 366M->113M(987M) 3.783ms
[621.858s][info][gc,cpu         ] GC(1419) User=0.00s Sys=0.00s Real=0.00s
[621.904s][info][gc,start       ] GC(1420) Pause Young (Allocation Failure)
[621.909s][info][gc,heap        ] GC(1420) PSYoungGen: 292992K->17286K(312832K)
[621.909s][info][gc,heap        ] GC(1420) PSOldGen: 99577K->112656K(699392K)
[621.909s][info][gc,metaspace   ] GC(1420) Metaspace: 145590K(158288K)->145590K(158288K) NonClass: 126797K(133040K)->126797K(133040K) Class: 18792K(25248K)->18792K(25248K)
[621.909s][info][gc             ] GC(1420) Pause Young (Allocation Failure) 383M->126M(988M) 5.378ms
[621.909s][info][gc,cpu         ] GC(1420) User=0.05s Sys=0.00s Real=0.01s
[622.041s][info][gc,start       ] GC(1421) Pause Young (Allocation Failure)
[622.048s][info][gc,heap        ] GC(1421) PSYoungGen: 291847K->36321K(312832K)
[622.048s][info][gc,heap        ] GC(1421) PSOldGen: 112656K->122762K(699392K)
[622.048s][info][gc,metaspace   ] GC(1421) Metaspace: 145590K(158288K)->145590K(158288K) NonClass: 126797K(133040K)->126797K(133040K) Class: 18792K(25248K)->18792K(25248K)
[622.048s][info][gc             ] GC(1421) Pause Young (Allocation Failure) 395M->155M(988M) 7.269ms
[622.048s][info][gc,cpu         ] GC(1421) User=0.09s Sys=0.00s Real=0.01s
[622.082s][info][gc,start       ] GC(1422) Pause Young (Allocation Failure)
[622.088s][info][gc,heap        ] GC(1422) PSYoungGen: 311514K->12259K(304640K)
[622.088s][info][gc,heap        ] GC(1422) PSOldGen: 122762K->149348K(699392K)
[622.088s][info][gc,metaspace   ] GC(1422) Metaspace: 145590K(158288K)->145590K(158288K) NonClass: 126797K(133040K)->126797K(133040K) Class: 18792K(25248K)->18792K(25248K)
[622.088s][info][gc             ] GC(1422) Pause Young (Allocation Failure) 424M->157M(980M) 6.649ms
[622.088s][info][gc,cpu         ] GC(1422) User=0.00s Sys=0.00s Real=0.01s
[622.229s][info][gc,start       ] GC(1423) Pause Young (Allocation Failure)
[622.236s][info][gc,heap        ] GC(1423) PSYoungGen: 280547K->31396K(300032K)
[622.236s][info][gc,heap        ] GC(1423) PSOldGen: 149348K->149380K(699392K)
[622.236s][info][gc,metaspace   ] GC(1423) Metaspace: 145590K(158288K)->145590K(158288K) NonClass: 126797K(133040K)->126797K(133040K) Class: 18792K(25248K)->18792K(25248K)
[622.236s][info][gc             ] GC(1423) Pause Young (Allocation Failure) 419M->176M(976M) 6.536ms
[622.236s][info][gc,cpu         ] GC(1423) User=0.06s Sys=0.02s Real=0.01s
[622.292s][info][gc,start       ] GC(1424) Pause Young (Allocation Failure)
[622.296s][info][gc,heap        ] GC(1424) PSYoungGen: 299613K->14509K(307712K)
[622.296s][info][gc,heap        ] GC(1424) PSOldGen: 149380K->157343K(699392K)
[622.296s][info][gc,metaspace   ] GC(1424) Metaspace: 145591K(158288K)->145591K(158288K) NonClass: 126798K(133040K)->126798K(133040K) Class: 18792K(25248K)->18792K(25248K)
[622.296s][info][gc             ] GC(1424) Pause Young (Allocation Failure) 438M->167M(983M) 4.136ms
[622.296s][info][gc,cpu         ] GC(1424) User=0.00s Sys=0.00s Real=0.01s
[622.327s][info][gc,start       ] GC(1425) Pause Young (Allocation Failure)
[622.332s][info][gc,heap        ] GC(1425) PSYoungGen: 273693K->26740K(304640K)
[622.332s][info][gc,heap        ] GC(1425) PSOldGen: 157343K->166890K(699392K)
[622.332s][info][gc,metaspace   ] GC(1425) Metaspace: 145591K(158288K)->145591K(158288K) NonClass: 126798K(133040K)->126798K(133040K) Class: 18792K(25248K)->18792K(25248K)
[622.332s][info][gc             ] GC(1425) Pause Young (Allocation Failure) 420M->189M(980M) 4.980ms
[622.332s][info][gc,cpu         ] GC(1425) User=0.02s Sys=0.00s Real=0.00s
[622.363s][info][gc,start       ] GC(1426) Pause Young (Allocation Failure)
[622.367s][info][gc,heap        ] GC(1426) PSYoungGen: 289908K->17769K(308224K)
[622.367s][info][gc,heap        ] GC(1426) PSOldGen: 166890K->172420K(699392K)
[622.367s][info][gc,metaspace   ] GC(1426) Metaspace: 145591K(158288K)->145591K(158288K) NonClass: 126798K(133040K)->126798K(133040K) Class: 18792K(25248K)->18792K(25248K)
[622.367s][info][gc             ] GC(1426) Pause Young (Allocation Failure) 446M->185M(984M) 3.639ms
[622.367s][info][gc,cpu         ] GC(1426) User=0.00s Sys=0.00s Real=0.00s
[622.514s][info][gc,start       ] GC(1427) Pause Young (Allocation Failure)
[622.520s][info][gc,heap        ] GC(1427) PSYoungGen: 282985K->36976K(302592K)
[622.520s][info][gc,heap        ] GC(1427) PSOldGen: 172420K->172617K(699392K)
[622.520s][info][gc,metaspace   ] GC(1427) Metaspace: 145591K(158288K)->145591K(158288K) NonClass: 126798K(133040K)->126798K(133040K) Class: 18792K(25248K)->18792K(25248K)
[622.520s][info][gc             ] GC(1427) Pause Young (Allocation Failure) 444M->204M(978M) 6.557ms
[622.520s][info][gc,cpu         ] GC(1427) User=0.08s Sys=0.02s Real=0.01s
[622.691s][info][gc,start       ] GC(1428) Pause Young (Allocation Failure)
[622.695s][info][gc,heap        ] GC(1428) PSYoungGen: 302192K->15485K(305152K)
[622.695s][info][gc,heap        ] GC(1428) PSOldGen: 172617K->173775K(699392K)
[622.695s][info][gc,metaspace   ] GC(1428) Metaspace: 145591K(158288K)->145591K(158288K) NonClass: 126798K(133040K)->126798K(133040K) Class: 18792K(25248K)->18792K(25248K)
[622.695s][info][gc             ] GC(1428) Pause Young (Allocation Failure) 463M->184M(981M) 3.854ms
[622.695s][info][gc,cpu         ] GC(1428) User=0.00s Sys=0.00s Real=0.02s
[623.485s][info][gc,start       ] GC(1429) Pause Young (GCLocker Initiated GC)
[623.490s][info][gc,heap        ] GC(1429) PSYoungGen: 274557K->6697K(303104K)
[623.490s][info][gc,heap        ] GC(1429) PSOldGen: 173776K->188964K(699392K)
[623.490s][info][gc,metaspace   ] GC(1429) Metaspace: 145591K(158288K)->145591K(158288K) NonClass: 126798K(133040K)->126798K(133040K) Class: 18792K(25248K)->18792K(25248K)
[623.490s][info][gc             ] GC(1429) Pause Young (GCLocker Initiated GC) 437M->191M(979M) 5.144ms
[623.490s][info][gc,cpu         ] GC(1429) User=0.00s Sys=0.00s Real=0.01s
[624.510s][info][gc,start       ] GC(1430) Pause Young (Allocation Failure)
[624.513s][info][gc,heap        ] GC(1430) PSYoungGen: 265769K->1276K(305664K)
[624.513s][info][gc,heap        ] GC(1430) PSOldGen: 193062K->193701K(699392K)
[624.513s][info][gc,metaspace   ] GC(1430) Metaspace: 145591K(158288K)->145591K(158288K) NonClass: 126798K(133040K)->126798K(133040K) Class: 18792K(25248K)->18792K(25248K)
[624.513s][info][gc             ] GC(1430) Pause Young (Allocation Failure) 448M->190M(981M) 2.147ms
[624.513s][info][gc,cpu         ] GC(1430) User=0.00s Sys=0.00s Real=0.00s
[625.435s][info][gc,start       ] GC(1431) Pause Young (Allocation Failure)
[625.437s][info][gc,heap        ] GC(1431) PSYoungGen: 262895K->1377K(305664K)
[625.438s][info][gc,heap        ] GC(1431) PSOldGen: 193701K->194144K(699392K)
[625.438s][info][gc,metaspace   ] GC(1431) Metaspace: 145591K(158288K)->145591K(158288K) NonClass: 126798K(133040K)->126798K(133040K) Class: 18792K(25248K)->18792K(25248K)
[625.438s][info][gc             ] GC(1431) Pause Young (Allocation Failure) 445M->190M(981M) 2.221ms
[625.438s][info][gc,cpu         ] GC(1431) User=0.05s Sys=0.00s Real=0.00s
[626.331s][info][gc,start       ] GC(1432) Pause Young (Allocation Failure)
[626.333s][info][gc,heap        ] GC(1432) PSYoungGen: 263521K->1612K(306688K)
[626.333s][info][gc,heap        ] GC(1432) PSOldGen: 194144K->194562K(699392K)
[626.333s][info][gc,metaspace   ] GC(1432) Metaspace: 145591K(158288K)->145591K(158288K) NonClass: 126798K(133040K)->126798K(133040K) Class: 18792K(25248K)->18792K(25248K)
[626.333s][info][gc             ] GC(1432) Pause Young (Allocation Failure) 446M->191M(982M) 2.144ms
[626.333s][info][gc,cpu         ] GC(1432) User=0.00s Sys=0.00s Real=0.01s
[627.297s][info][gc,start       ] GC(1433) Pause Young (GCLocker Initiated GC)
[627.299s][info][gc,heap        ] GC(1433) PSYoungGen: 265292K->3748K(306176K)
[627.299s][info][gc,heap        ] GC(1433) PSOldGen: 194562K->194985K(699392K)
[627.299s][info][gc,metaspace   ] GC(1433) Metaspace: 145591K(158288K)->145591K(158288K) NonClass: 126798K(133040K)->126798K(133040K) Class: 18792K(25248K)->18792K(25248K)
[627.300s][info][gc             ] GC(1433) Pause Young (GCLocker Initiated GC) 449M->194M(982M) 2.769ms
[627.300s][info][gc,cpu         ] GC(1433) User=0.00s Sys=0.00s Real=0.00s
[628.003s][info][gc,start       ] GC(1434) Pause Young (Allocation Failure)
[628.005s][info][gc,heap        ] GC(1434) PSYoungGen: 267428K->2517K(309760K)
[628.005s][info][gc,heap        ] GC(1434) PSOldGen: 194988K->195346K(699392K)
[628.005s][info][gc,metaspace   ] GC(1434) Metaspace: 145591K(158288K)->145591K(158288K) NonClass: 126798K(133040K)->126798K(133040K) Class: 18792K(25248K)->18792K(25248K)
[628.005s][info][gc             ] GC(1434) Pause Young (Allocation Failure) 451M->193M(985M) 2.240ms
[628.005s][info][gc,cpu         ] GC(1434) User=0.00s Sys=0.00s Real=0.00s
[628.091s][info][gc,start       ] GC(1435) Pause Young (System.gc())
[628.094s][info][gc,heap        ] GC(1435) PSYoungGen: 92391K->453K(308224K)
[628.094s][info][gc,heap        ] GC(1435) PSOldGen: 195346K->197729K(699392K)
[628.094s][info][gc,metaspace   ] GC(1435) Metaspace: 145592K(158288K)->145592K(158288K) NonClass: 126799K(133040K)->126799K(133040K) Class: 18792K(25248K)->18792K(25248K)
[628.094s][info][gc             ] GC(1435) Pause Young (System.gc()) 280M->193M(984M) 2.565ms
[628.094s][info][gc,cpu         ] GC(1435) User=0.08s Sys=0.00s Real=0.00s
[628.094s][info][gc,start       ] GC(1436) Pause Full (System.gc())
[628.096s][info][gc,phases,start] GC(1436) Phase 1: Mark live objects
[628.166s][info][gc,phases      ] GC(1436) Phase 1: Mark live objects 70.125ms
[628.166s][info][gc,phases,start] GC(1436) Phase 2: Compute new object addresses
[628.177s][info][gc,phases      ] GC(1436) Phase 2: Compute new object addresses 11.108ms
[628.177s][info][gc,phases,start] GC(1436) Phase 3: Adjust pointers
[628.218s][info][gc,phases      ] GC(1436) Phase 3: Adjust pointers 41.013ms
[628.218s][info][gc,phases,start] GC(1436) Phase 4: Move objects
[628.219s][info][gc,phases      ] GC(1436) Phase 4: Move objects 0.863ms
[628.220s][info][gc,heap        ] GC(1436) PSYoungGen: 453K->0K(308224K)
[628.220s][info][gc,heap        ] GC(1436) PSOldGen: 197729K->104199K(699392K)
[628.220s][info][gc,metaspace   ] GC(1436) Metaspace: 145592K(158288K)->145592K(158288K) NonClass: 126799K(133040K)->126799K(133040K) Class: 18792K(25248K)->18792K(25248K)
[628.220s][info][gc             ] GC(1436) Pause Full (System.gc()) 193M->101M(984M) 125.953ms
[628.220s][info][gc,cpu         ] GC(1436) User=0.12s Sys=0.00s Real=0.12s
[628.324s][info][gc,start       ] GC(1437) Pause Young (Allocation Failure)
[628.327s][info][gc,heap        ] GC(1437) PSYoungGen: 268800K->17025K(310784K)
[628.327s][info][gc,heap        ] GC(1437) PSOldGen: 104199K->104199K(699392K)
[628.327s][info][gc,metaspace   ] GC(1437) Metaspace: 145592K(158288K)->145592K(158288K) NonClass: 126799K(133040K)->126799K(133040K) Class: 18792K(25248K)->18792K(25248K)
[628.327s][info][gc             ] GC(1437) Pause Young (Allocation Failure) 364M->118M(986M) 3.220ms
[628.327s][info][gc,cpu         ] GC(1437) User=0.00s Sys=0.00s Real=0.00s
[628.373s][info][gc,start       ] GC(1438) Pause Young (Allocation Failure)
[628.378s][info][gc,heap        ] GC(1438) PSYoungGen: 289409K->17318K(310784K)
[628.378s][info][gc,heap        ] GC(1438) PSOldGen: 104199K->117151K(699392K)
[628.378s][info][gc,metaspace   ] GC(1438) Metaspace: 145592K(158288K)->145592K(158288K) NonClass: 126799K(133040K)->126799K(133040K) Class: 18792K(25248K)->18792K(25248K)
[628.378s][info][gc             ] GC(1438) Pause Young (Allocation Failure) 384M->131M(986M) 5.262ms
[628.378s][info][gc,cpu         ] GC(1438) User=0.06s Sys=0.00s Real=0.00s
[628.509s][info][gc,start       ] GC(1439) Pause Young (Allocation Failure)
[628.517s][info][gc,heap        ] GC(1439) PSYoungGen: 285917K->37868K(286720K)
[628.517s][info][gc,heap        ] GC(1439) PSOldGen: 117151K->129915K(699392K)
[628.517s][info][gc,metaspace   ] GC(1439) Metaspace: 145592K(158288K)->145592K(158288K) NonClass: 126799K(133040K)->126799K(133040K) Class: 18792K(25248K)->18792K(25248K)
[628.517s][info][gc             ] GC(1439) Pause Young (Allocation Failure) 393M->163M(963M) 8.057ms
[628.517s][info][gc,cpu         ] GC(1439) User=0.06s Sys=0.00s Real=0.01s
[628.546s][info][gc,start       ] GC(1440) Pause Young (Allocation Failure)
[628.554s][info][gc,heap        ] GC(1440) PSYoungGen: 284642K->25795K(274944K)
[628.554s][info][gc,heap        ] GC(1440) PSOldGen: 129915K->156032K(699392K)
[628.554s][info][gc,metaspace   ] GC(1440) Metaspace: 145592K(158288K)->145592K(158288K) NonClass: 126799K(133040K)->126799K(133040K) Class: 18792K(25248K)->18792K(25248K)
[628.554s][info][gc             ] GC(1440) Pause Young (Allocation Failure) 404M->177M(951M) 7.777ms
[628.554s][info][gc,cpu         ] GC(1440) User=0.02s Sys=0.00s Real=0.01s
[628.703s][info][gc,start       ] GC(1441) Pause Young (Allocation Failure)
[628.708s][info][gc,heap        ] GC(1441) PSYoungGen: 274316K->23389K(299520K)
[628.708s][info][gc,heap        ] GC(1441) PSOldGen: 156032K->156775K(699392K)
[628.708s][info][gc,metaspace   ] GC(1441) Metaspace: 145592K(158288K)->145592K(158288K) NonClass: 126799K(133040K)->126799K(133040K) Class: 18792K(25248K)->18792K(25248K)
[628.708s][info][gc             ] GC(1441) Pause Young (Allocation Failure) 420M->175M(975M) 4.788ms
[628.708s][info][gc,cpu         ] GC(1441) User=0.00s Sys=0.00s Real=0.00s
[628.749s][info][gc,start       ] GC(1442) Pause Young (Allocation Failure)
[628.754s][info][gc,heap        ] GC(1442) PSYoungGen: 272221K->31583K(280576K)
[628.754s][info][gc,heap        ] GC(1442) PSOldGen: 156775K->156942K(699392K)
[628.754s][info][gc,metaspace   ] GC(1442) Metaspace: 145592K(158288K)->145592K(158288K) NonClass: 126799K(133040K)->126799K(133040K) Class: 18792K(25248K)->18792K(25248K)
[628.754s][info][gc             ] GC(1442) Pause Young (Allocation Failure) 418M->184M(957M) 5.886ms
[628.755s][info][gc,cpu         ] GC(1442) User=0.09s Sys=0.00s Real=0.00s
[628.798s][info][gc,start       ] GC(1443) Pause Young (Allocation Failure)
[628.802s][info][gc,heap        ] GC(1443) PSYoungGen: 280415K->5469K(298496K)
[628.802s][info][gc,heap        ] GC(1443) PSOldGen: 156942K->173195K(699392K)
[628.802s][info][gc,metaspace   ] GC(1443) Metaspace: 145592K(158288K)->145592K(158288K) NonClass: 126799K(133040K)->126799K(133040K) Class: 18792K(25248K)->18792K(25248K)
[628.802s][info][gc             ] GC(1443) Pause Young (Allocation Failure) 427M->174M(974M) 4.386ms
[628.802s][info][gc,cpu         ] GC(1443) User=0.00s Sys=0.00s Real=0.01s
[628.831s][info][gc,start       ] GC(1444) Pause Young (Allocation Failure)
[628.836s][info][gc,heap        ] GC(1444) PSYoungGen: 249666K->4774K(297472K)
[628.836s][info][gc,heap        ] GC(1444) PSOldGen: 173195K->178336K(699392K)
[628.836s][info][gc,metaspace   ] GC(1444) Metaspace: 145592K(158288K)->145592K(158288K) NonClass: 126799K(133040K)->126799K(133040K) Class: 18792K(25248K)->18792K(25248K)
[628.836s][info][gc             ] GC(1444) Pause Young (Allocation Failure) 412M->178M(973M) 4.609ms
[628.836s][info][gc,cpu         ] GC(1444) User=0.00s Sys=0.00s Real=0.00s
[628.868s][info][gc,start       ] GC(1445) Pause Young (Allocation Failure)
[628.871s][info][gc,heap        ] GC(1445) PSYoungGen: 249629K->11280K(302080K)
[628.871s][info][gc,heap        ] GC(1445) PSOldGen: 178336K->181248K(699392K)
[628.871s][info][gc,metaspace   ] GC(1445) Metaspace: 145592K(158288K)->145592K(158288K) NonClass: 126799K(133040K)->126799K(133040K) Class: 18792K(25248K)->18792K(25248K)
[628.871s][info][gc             ] GC(1445) Pause Young (Allocation Failure) 417M->188M(978M) 3.247ms
[628.871s][info][gc,cpu         ] GC(1445) User=0.00s Sys=0.00s Real=0.00s
[629.039s][info][gc,start       ] GC(1446) Pause Young (Allocation Failure)
[629.044s][info][gc,heap        ] GC(1446) PSYoungGen: 263696K->29490K(299520K)
[629.044s][info][gc,heap        ] GC(1446) PSOldGen: 181248K->181835K(699392K)
[629.044s][info][gc,metaspace   ] GC(1446) Metaspace: 145592K(158288K)->145592K(158288K) NonClass: 126799K(133040K)->126799K(133040K) Class: 18792K(25248K)->18792K(25248K)
[629.044s][info][gc             ] GC(1446) Pause Young (Allocation Failure) 434M->206M(975M) 5.360ms
[629.044s][info][gc,cpu         ] GC(1446) User=0.00s Sys=0.00s Real=0.00s
[629.420s][info][gc,start       ] GC(1447) Pause Young (Allocation Failure)
[629.424s][info][gc,heap        ] GC(1447) PSYoungGen: 281906K->2244K(301056K)
[629.424s][info][gc,heap        ] GC(1447) PSOldGen: 181835K->197697K(699392K)
[629.424s][info][gc,metaspace   ] GC(1447) Metaspace: 145592K(158288K)->145592K(158288K) NonClass: 126799K(133040K)->126799K(133040K) Class: 18792K(25248K)->18792K(25248K)
[629.424s][info][gc             ] GC(1447) Pause Young (Allocation Failure) 452M->195M(977M) 4.248ms
[629.424s][info][gc,cpu         ] GC(1447) User=0.08s Sys=0.00s Real=0.00s
[630.319s][info][gc,start       ] GC(1448) Pause Young (Allocation Failure)
[630.322s][info][gc,heap        ] GC(1448) PSYoungGen: 253322K->1207K(300032K)
[630.322s][info][gc,heap        ] GC(1448) PSOldGen: 197697K->198506K(699392K)
[630.322s][info][gc,metaspace   ] GC(1448) Metaspace: 145592K(158288K)->145592K(158288K) NonClass: 126799K(133040K)->126799K(133040K) Class: 18792K(25248K)->18792K(25248K)
[630.322s][info][gc             ] GC(1448) Pause Young (Allocation Failure) 440M->195M(976M) 2.466ms
[630.322s][info][gc,cpu         ] GC(1448) User=0.00s Sys=0.00s Real=0.00s
[631.211s][info][gc,start       ] GC(1449) Pause Young (Allocation Failure)
[631.213s][info][gc,heap        ] GC(1449) PSYoungGen: 250025K->621K(302592K)
[631.213s][info][gc,heap        ] GC(1449) PSOldGen: 198506K->198856K(699392K)
[631.213s][info][gc,metaspace   ] GC(1449) Metaspace: 145592K(158288K)->145592K(158288K) NonClass: 126799K(133040K)->126799K(133040K) Class: 18792K(25248K)->18792K(25248K)
[631.213s][info][gc             ] GC(1449) Pause Young (Allocation Failure) 438M->194M(978M) 1.819ms
[631.213s][info][gc,cpu         ] GC(1449) User=0.00s Sys=0.00s Real=0.00s
[632.178s][info][gc,start       ] GC(1450) Pause Young (Allocation Failure)
[632.181s][info][gc,heap        ] GC(1450) PSYoungGen: 255597K->2226K(301568K)
[632.181s][info][gc,heap        ] GC(1450) PSOldGen: 198856K->199248K(699392K)
[632.181s][info][gc,metaspace   ] GC(1450) Metaspace: 145592K(158288K)->145592K(158288K) NonClass: 126799K(133040K)->126799K(133040K) Class: 18792K(25248K)->18792K(25248K)
[632.181s][info][gc             ] GC(1450) Pause Young (Allocation Failure) 443M->196M(977M) 2.764ms
[632.181s][info][gc,cpu         ] GC(1450) User=0.00s Sys=0.00s Real=0.00s
[633.145s][info][gc,start       ] GC(1451) Pause Young (GCLocker Initiated GC)
[633.147s][info][gc,heap        ] GC(1451) PSYoungGen: 257202K->4792K(306688K)
[633.147s][info][gc,heap        ] GC(1451) PSOldGen: 199249K->199586K(699392K)
[633.147s][info][gc,metaspace   ] GC(1451) Metaspace: 145592K(158288K)->145592K(158288K) NonClass: 126799K(133040K)->126799K(133040K) Class: 18792K(25248K)->18792K(25248K)
[633.147s][info][gc             ] GC(1451) Pause Young (GCLocker Initiated GC) 445M->199M(982M) 2.602ms
[633.147s][info][gc,cpu         ] GC(1451) User=0.00s Sys=0.00s Real=0.00s
[634.036s][info][gc,start       ] GC(1452) Pause Young (GCLocker Initiated GC)
[634.038s][info][gc,heap        ] GC(1452) PSYoungGen: 266424K->2548K(304128K)
[634.038s][info][gc,heap        ] GC(1452) PSOldGen: 200639K->201077K(699392K)
[634.038s][info][gc,metaspace   ] GC(1452) Metaspace: 145592K(158288K)->145592K(158288K) NonClass: 126799K(133040K)->126799K(133040K) Class: 18792K(25248K)->18792K(25248K)
[634.038s][info][gc             ] GC(1452) Pause Young (GCLocker Initiated GC) 456M->198M(980M) 2.337ms
[634.038s][info][gc,cpu         ] GC(1452) User=0.00s Sys=0.00s Real=0.00s
[634.533s][info][gc,start       ] GC(1453) Pause Young (GCLocker Initiated GC)
[634.536s][info][gc,heap        ] GC(1453) PSYoungGen: 264180K->5648K(310272K)
[634.536s][info][gc,heap        ] GC(1453) PSOldGen: 201092K->201455K(699392K)
[634.536s][info][gc,metaspace   ] GC(1453) Metaspace: 145592K(158288K)->145592K(158288K) NonClass: 126799K(133040K)->126799K(133040K) Class: 18792K(25248K)->18792K(25248K)
[634.536s][info][gc             ] GC(1453) Pause Young (GCLocker Initiated GC) 454M->202M(986M) 3.032ms
[634.536s][info][gc,cpu         ] GC(1453) User=0.00s Sys=0.00s Real=0.00s
[634.575s][info][gc,start       ] GC(1454) Pause Young (System.gc())
[634.578s][info][gc,heap        ] GC(1454) PSYoungGen: 27409K->608K(308224K)
[634.578s][info][gc,heap        ] GC(1454) PSOldGen: 201455K->204729K(699392K)
[634.578s][info][gc,metaspace   ] GC(1454) Metaspace: 145592K(158288K)->145592K(158288K) NonClass: 126799K(133040K)->126799K(133040K) Class: 18792K(25248K)->18792K(25248K)
[634.578s][info][gc             ] GC(1454) Pause Young (System.gc()) 223M->200M(984M) 2.984ms
[634.578s][info][gc,cpu         ] GC(1454) User=0.09s Sys=0.00s Real=0.01s
[634.578s][info][gc,start       ] GC(1455) Pause Full (System.gc())
[634.580s][info][gc,phases,start] GC(1455) Phase 1: Mark live objects
[634.650s][info][gc,phases      ] GC(1455) Phase 1: Mark live objects 70.151ms
[634.650s][info][gc,phases,start] GC(1455) Phase 2: Compute new object addresses
[634.662s][info][gc,phases      ] GC(1455) Phase 2: Compute new object addresses 11.299ms
[634.662s][info][gc,phases,start] GC(1455) Phase 3: Adjust pointers
[634.702s][info][gc,phases      ] GC(1455) Phase 3: Adjust pointers 40.857ms
[634.702s][info][gc,phases,start] GC(1455) Phase 4: Move objects
[634.704s][info][gc,phases      ] GC(1455) Phase 4: Move objects 1.506ms
[634.705s][info][gc,heap        ] GC(1455) PSYoungGen: 608K->0K(308224K)
[634.705s][info][gc,heap        ] GC(1455) PSOldGen: 204729K->107644K(699392K)
[634.705s][info][gc,metaspace   ] GC(1455) Metaspace: 145592K(158288K)->145592K(158288K) NonClass: 126799K(133040K)->126799K(133040K) Class: 18792K(25248K)->18792K(25248K)
[634.705s][info][gc             ] GC(1455) Pause Full (System.gc()) 200M->105M(984M) 126.618ms
[634.705s][info][gc,cpu         ] GC(1455) User=0.12s Sys=0.00s Real=0.12s
[634.806s][info][gc,start       ] GC(1456) Pause Young (Allocation Failure)
[634.809s][info][gc,heap        ] GC(1456) PSYoungGen: 269312K->17025K(311808K)
[634.809s][info][gc,heap        ] GC(1456) PSOldGen: 107645K->107645K(699392K)
[634.809s][info][gc,metaspace   ] GC(1456) Metaspace: 145594K(158288K)->145594K(158288K) NonClass: 126802K(133040K)->126802K(133040K) Class: 18792K(25248K)->18792K(25248K)
[634.809s][info][gc             ] GC(1456) Pause Young (Allocation Failure) 368M->121M(987M) 3.529ms
[634.809s][info][gc,cpu         ] GC(1456) User=0.00s Sys=0.00s Real=0.00s
[634.857s][info][gc,start       ] GC(1457) Pause Young (Allocation Failure)
[634.862s][info][gc,heap        ] GC(1457) PSYoungGen: 291457K->16102K(311808K)
[634.862s][info][gc,heap        ] GC(1457) PSOldGen: 107645K->120588K(699392K)
[634.862s][info][gc,metaspace   ] GC(1457) Metaspace: 145594K(158288K)->145594K(158288K) NonClass: 126802K(133040K)->126802K(133040K) Class: 18792K(25248K)->18792K(25248K)
[634.862s][info][gc             ] GC(1457) Pause Young (Allocation Failure) 389M->133M(987M) 4.978ms
[634.862s][info][gc,cpu         ] GC(1457) User=0.09s Sys=0.00s Real=0.00s
[635.001s][info][gc,start       ] GC(1458) Pause Young (Allocation Failure)
[635.009s][info][gc,heap        ] GC(1458) PSYoungGen: 290027K->37348K(285184K)
[635.009s][info][gc,heap        ] GC(1458) PSOldGen: 120588K->137077K(699392K)
[635.009s][info][gc,metaspace   ] GC(1458) Metaspace: 145594K(158288K)->145594K(158288K) NonClass: 126802K(133040K)->126802K(133040K) Class: 18792K(25248K)->18792K(25248K)
[635.009s][info][gc             ] GC(1458) Pause Young (Allocation Failure) 400M->170M(961M) 8.104ms
[635.009s][info][gc,cpu         ] GC(1458) User=0.00s Sys=0.00s Real=0.01s
[635.040s][info][gc,start       ] GC(1459) Pause Young (Allocation Failure)
[635.047s][info][gc,heap        ] GC(1459) PSYoungGen: 284334K->22043K(298496K)
[635.047s][info][gc,heap        ] GC(1459) PSOldGen: 137077K->161079K(699392K)
[635.047s][info][gc,metaspace   ] GC(1459) Metaspace: 145594K(158288K)->145594K(158288K) NonClass: 126802K(133040K)->126802K(133040K) Class: 18792K(25248K)->18792K(25248K)
[635.047s][info][gc             ] GC(1459) Pause Young (Allocation Failure) 411M->178M(974M) 6.980ms
[635.047s][info][gc,cpu         ] GC(1459) User=0.00s Sys=0.00s Real=0.01s
[635.180s][info][gc,start       ] GC(1460) Pause Young (Allocation Failure)
[635.185s][info][gc,heap        ] GC(1460) PSYoungGen: 269851K->26461K(297472K)
[635.185s][info][gc,heap        ] GC(1460) PSOldGen: 161079K->162056K(699392K)
[635.185s][info][gc,metaspace   ] GC(1460) Metaspace: 145594K(158288K)->145594K(158288K) NonClass: 126802K(133040K)->126802K(133040K) Class: 18792K(25248K)->18792K(25248K)
[635.185s][info][gc             ] GC(1460) Pause Young (Allocation Failure) 420M->184M(973M) 5.169ms
[635.185s][info][gc,cpu         ] GC(1460) User=0.00s Sys=0.00s Real=0.00s
[635.225s][info][gc,start       ] GC(1461) Pause Young (Allocation Failure)
[635.231s][info][gc,heap        ] GC(1461) PSYoungGen: 274269K->32351K(280576K)
[635.231s][info][gc,heap        ] GC(1461) PSOldGen: 162056K->162237K(699392K)
[635.231s][info][gc,metaspace   ] GC(1461) Metaspace: 145594K(158288K)->145594K(158288K) NonClass: 126802K(133040K)->126802K(133040K) Class: 18792K(25248K)->18792K(25248K)
[635.231s][info][gc             ] GC(1461) Pause Young (Allocation Failure) 426M->190M(957M) 5.813ms
[635.231s][info][gc,cpu         ] GC(1461) User=0.00s Sys=0.00s Real=0.01s
[635.274s][info][gc,start       ] GC(1462) Pause Young (Allocation Failure)
[635.279s][info][gc,heap        ] GC(1462) PSYoungGen: 279045K->9955K(298496K)
[635.279s][info][gc,heap        ] GC(1462) PSOldGen: 162237K->178490K(699392K)
[635.279s][info][gc,metaspace   ] GC(1462) Metaspace: 145594K(158288K)->145594K(158288K) NonClass: 126802K(133040K)->126802K(133040K) Class: 18792K(25248K)->18792K(25248K)
[635.279s][info][gc             ] GC(1462) Pause Young (Allocation Failure) 430M->184M(974M) 4.711ms
[635.279s][info][gc,cpu         ] GC(1462) User=0.00s Sys=0.00s Real=0.00s
[635.307s][info][gc,start       ] GC(1463) Pause Young (Allocation Failure)
[635.310s][info][gc,heap        ] GC(1463) PSYoungGen: 255203K->4832K(295936K)
[635.310s][info][gc,heap        ] GC(1463) PSOldGen: 178490K->183876K(699392K)
[635.310s][info][gc,metaspace   ] GC(1463) Metaspace: 145594K(158288K)->145594K(158288K) NonClass: 126802K(133040K)->126802K(133040K) Class: 18792K(25248K)->18792K(25248K)
[635.310s][info][gc             ] GC(1463) Pause Young (Allocation Failure) 423M->184M(972M) 3.087ms
[635.310s][info][gc,cpu         ] GC(1463) User=0.00s Sys=0.00s Real=0.00s
[635.344s][info][gc,start       ] GC(1464) Pause Young (Allocation Failure)
[635.347s][info][gc,heap        ] GC(1464) PSYoungGen: 246883K->2928K(300544K)
[635.347s][info][gc,heap        ] GC(1464) PSOldGen: 183876K->186918K(699392K)
[635.347s][info][gc,metaspace   ] GC(1464) Metaspace: 145594K(158288K)->145594K(158288K) NonClass: 126802K(133040K)->126802K(133040K) Class: 18792K(25248K)->18792K(25248K)
[635.347s][info][gc             ] GC(1464) Pause Young (Allocation Failure) 420M->185M(976M) 2.930ms
[635.347s][info][gc,cpu         ] GC(1464) User=0.00s Sys=0.00s Real=0.00s
[635.514s][info][gc,start       ] GC(1465) Pause Young (Allocation Failure)
[635.521s][info][gc,heap        ] GC(1465) PSYoungGen: 253808K->29803K(281088K)
[635.521s][info][gc,heap        ] GC(1465) PSOldGen: 186918K->187427K(699392K)
[635.521s][info][gc,metaspace   ] GC(1465) Metaspace: 145594K(158288K)->145594K(158288K) NonClass: 126802K(133040K)->126802K(133040K) Class: 18792K(25248K)->18792K(25248K)
[635.521s][info][gc             ] GC(1465) Pause Young (Allocation Failure) 430M->212M(957M) 6.532ms
[635.521s][info][gc,cpu         ] GC(1465) User=0.08s Sys=0.00s Real=0.01s
[635.901s][info][gc,start       ] GC(1466) Pause Young (GCLocker Initiated GC)
[635.905s][info][gc,heap        ] GC(1466) PSYoungGen: 280683K->2144K(299520K)
[635.906s][info][gc,heap        ] GC(1466) PSOldGen: 187427K->203211K(699392K)
[635.906s][info][gc,metaspace   ] GC(1466) Metaspace: 145594K(158288K)->145594K(158288K) NonClass: 126802K(133040K)->126802K(133040K) Class: 18792K(25248K)->18792K(25248K)
[635.906s][info][gc             ] GC(1466) Pause Young (GCLocker Initiated GC) 457M->200M(975M) 4.277ms
[635.906s][info][gc,cpu         ] GC(1466) User=0.00s Sys=0.00s Real=0.00s
[636.806s][info][gc,start       ] GC(1467) Pause Young (Allocation Failure)
[636.808s][info][gc,heap        ] GC(1467) PSYoungGen: 250976K->1059K(298496K)
[636.808s][info][gc,heap        ] GC(1467) PSOldGen: 204238K->205039K(699392K)
[636.808s][info][gc,metaspace   ] GC(1467) Metaspace: 145594K(158288K)->145594K(158288K) NonClass: 126802K(133040K)->126802K(133040K) Class: 18792K(25248K)->18792K(25248K)
[636.808s][info][gc             ] GC(1467) Pause Young (Allocation Failure) 444M->201M(974M) 2.514ms
[636.808s][info][gc,cpu         ] GC(1467) User=0.00s Sys=0.00s Real=0.00s
[637.689s][info][gc,start       ] GC(1468) Pause Young (Allocation Failure)
[637.691s][info][gc,heap        ] GC(1468) PSYoungGen: 249100K->690K(302080K)
[637.691s][info][gc,heap        ] GC(1468) PSOldGen: 205039K->205342K(699392K)
[637.691s][info][gc,metaspace   ] GC(1468) Metaspace: 145594K(158288K)->145594K(158288K) NonClass: 126802K(133040K)->126802K(133040K) Class: 18792K(25248K)->18792K(25248K)
[637.691s][info][gc             ] GC(1468) Pause Young (Allocation Failure) 443M->201M(978M) 1.951ms
[637.691s][info][gc,cpu         ] GC(1468) User=0.00s Sys=0.00s Real=0.00s
[638.668s][info][gc,start       ] GC(1469) Pause Young (Allocation Failure)
[638.671s][info][gc,heap        ] GC(1469) PSYoungGen: 253573K->1281K(300544K)
[638.671s][info][gc,heap        ] GC(1469) PSOldGen: 205342K->205749K(699392K)
[638.671s][info][gc,metaspace   ] GC(1469) Metaspace: 145594K(158288K)->145594K(158288K) NonClass: 126802K(133040K)->126802K(133040K) Class: 18792K(25248K)->18792K(25248K)
[638.671s][info][gc             ] GC(1469) Pause Young (Allocation Failure) 448M->202M(976M) 2.921ms
[638.671s][info][gc,cpu         ] GC(1469) User=0.00s Sys=0.00s Real=0.00s
[639.628s][info][gc,start       ] GC(1470) Pause Young (GCLocker Initiated GC)
[639.630s][info][gc,heap        ] GC(1470) PSYoungGen: 254721K->2621K(305664K)
[639.630s][info][gc,heap        ] GC(1470) PSOldGen: 205757K->206161K(699392K)
[639.630s][info][gc,metaspace   ] GC(1470) Metaspace: 145594K(158288K)->145594K(158288K) NonClass: 126802K(133040K)->126802K(133040K) Class: 18792K(25248K)->18792K(25248K)
[639.630s][info][gc             ] GC(1470) Pause Young (GCLocker Initiated GC) 449M->203M(981M) 2.413ms
[639.630s][info][gc,cpu         ] GC(1470) User=0.00s Sys=0.00s Real=0.00s
[640.517s][info][gc,start       ] GC(1471) Pause Young (Allocation Failure)
[640.519s][info][gc,heap        ] GC(1471) PSYoungGen: 262717K->1562K(303616K)
[640.519s][info][gc,heap        ] GC(1471) PSOldGen: 206163K->206601K(699392K)
[640.519s][info][gc,metaspace   ] GC(1471) Metaspace: 145594K(158288K)->145594K(158288K) NonClass: 126802K(133040K)->126802K(133040K) Class: 18792K(25248K)->18792K(25248K)
[640.519s][info][gc             ] GC(1471) Pause Young (Allocation Failure) 457M->203M(979M) 2.510ms
[640.519s][info][gc,cpu         ] GC(1471) User=0.00s Sys=0.00s Real=0.00s
[641.036s][info][gc,start       ] GC(1472) Pause Young (Allocation Failure)
[641.039s][info][gc,heap        ] GC(1472) PSYoungGen: 261658K->3270K(309760K)
[641.039s][info][gc,heap        ] GC(1472) PSOldGen: 206601K->207254K(699392K)
[641.039s][info][gc,metaspace   ] GC(1472) Metaspace: 145594K(158288K)->145594K(158288K) NonClass: 126802K(133040K)->126802K(133040K) Class: 18792K(25248K)->18792K(25248K)
[641.039s][info][gc             ] GC(1472) Pause Young (Allocation Failure) 457M->205M(985M) 3.029ms
[641.039s][info][gc,cpu         ] GC(1472) User=0.00s Sys=0.00s Real=0.00s
[641.083s][info][gc,start       ] GC(1473) Pause Young (System.gc())
[641.086s][info][gc,heap        ] GC(1473) PSYoungGen: 39756K->288K(307200K)
[641.086s][info][gc,heap        ] GC(1473) PSOldGen: 207254K->209725K(699392K)
[641.086s][info][gc,metaspace   ] GC(1473) Metaspace: 145599K(158288K)->145599K(158288K) NonClass: 126806K(133040K)->126806K(133040K) Class: 18792K(25248K)->18792K(25248K)
[641.086s][info][gc             ] GC(1473) Pause Young (System.gc()) 241M->205M(983M) 2.780ms
[641.086s][info][gc,cpu         ] GC(1473) User=0.00s Sys=0.00s Real=0.00s
[641.086s][info][gc,start       ] GC(1474) Pause Full (System.gc())
[641.088s][info][gc,phases,start] GC(1474) Phase 1: Mark live objects
[641.160s][info][gc,phases      ] GC(1474) Phase 1: Mark live objects 71.338ms
[641.160s][info][gc,phases,start] GC(1474) Phase 2: Compute new object addresses
[641.171s][info][gc,phases      ] GC(1474) Phase 2: Compute new object addresses 11.301ms
[641.171s][info][gc,phases,start] GC(1474) Phase 3: Adjust pointers
[641.212s][info][gc,phases      ] GC(1474) Phase 3: Adjust pointers 40.907ms
[641.212s][info][gc,phases,start] GC(1474) Phase 4: Move objects
[641.216s][info][gc,phases      ] GC(1474) Phase 4: Move objects 3.815ms
[641.217s][info][gc,heap        ] GC(1474) PSYoungGen: 288K->0K(307200K)
[641.217s][info][gc,heap        ] GC(1474) PSOldGen: 209725K->72387K(699392K)
[641.217s][info][gc,metaspace   ] GC(1474) Metaspace: 145599K(158288K)->145599K(158288K) NonClass: 126806K(133040K)->126806K(133040K) Class: 18792K(25248K)->18792K(25248K)
[641.217s][info][gc             ] GC(1474) Pause Full (System.gc()) 205M->70M(983M) 130.618ms
[641.217s][info][gc,cpu         ] GC(1474) User=0.12s Sys=0.00s Real=0.12s
[641.318s][info][gc,start       ] GC(1475) Pause Young (Allocation Failure)
[641.322s][info][gc,heap        ] GC(1475) PSYoungGen: 267776K->16993K(310272K)
[641.322s][info][gc,heap        ] GC(1475) PSOldGen: 72387K->72387K(699392K)
[641.322s][info][gc,metaspace   ] GC(1475) Metaspace: 145599K(158288K)->145599K(158288K) NonClass: 126806K(133040K)->126806K(133040K) Class: 18792K(25248K)->18792K(25248K)
[641.322s][info][gc             ] GC(1475) Pause Young (Allocation Failure) 332M->87M(986M) 3.743ms
[641.322s][info][gc,cpu         ] GC(1475) User=0.00s Sys=0.00s Real=0.00s
[641.370s][info][gc,start       ] GC(1476) Pause Young (Allocation Failure)
[641.375s][info][gc,heap        ] GC(1476) PSYoungGen: 289377K->15462K(310784K)
[641.375s][info][gc,heap        ] GC(1476) PSOldGen: 72387K->85385K(699392K)
[641.375s][info][gc,metaspace   ] GC(1476) Metaspace: 145599K(158288K)->145599K(158288K) NonClass: 126806K(133040K)->126806K(133040K) Class: 18792K(25248K)->18792K(25248K)
[641.375s][info][gc             ] GC(1476) Pause Young (Allocation Failure) 353M->98M(986M) 4.996ms
[641.375s][info][gc,cpu         ] GC(1476) User=0.08s Sys=0.00s Real=0.00s
[641.506s][info][gc,start       ] GC(1477) Pause Young (Allocation Failure)
[641.514s][info][gc,heap        ] GC(1477) PSYoungGen: 287846K->37883K(280576K)
[641.514s][info][gc,heap        ] GC(1477) PSOldGen: 85385K->105841K(699392K)
[641.514s][info][gc,metaspace   ] GC(1477) Metaspace: 145599K(158288K)->145599K(158288K) NonClass: 126806K(133040K)->126806K(133040K) Class: 18792K(25248K)->18792K(25248K)
[641.514s][info][gc             ] GC(1477) Pause Young (Allocation Failure) 364M->140M(957M) 8.400ms
[641.514s][info][gc,cpu         ] GC(1477) User=0.00s Sys=0.00s Real=0.01s
[641.543s][info][gc,start       ] GC(1478) Pause Young (Allocation Failure)
[641.550s][info][gc,heap        ] GC(1478) PSYoungGen: 277061K->31222K(273920K)
[641.550s][info][gc,heap        ] GC(1478) PSOldGen: 105841K->128551K(699392K)
[641.550s][info][gc,metaspace   ] GC(1478) Metaspace: 145599K(158288K)->145599K(158288K) NonClass: 126806K(133040K)->126806K(133040K) Class: 18792K(25248K)->18792K(25248K)
[641.550s][info][gc             ] GC(1478) Pause Young (Allocation Failure) 373M->156M(950M) 7.416ms
[641.550s][info][gc,cpu         ] GC(1478) User=0.09s Sys=0.00s Real=0.01s
[641.684s][info][gc,start       ] GC(1479) Pause Young (Allocation Failure)
[641.689s][info][gc,heap        ] GC(1479) PSYoungGen: 273910K->19952K(295936K)
[641.689s][info][gc,heap        ] GC(1479) PSOldGen: 128551K->130957K(699392K)
[641.689s][info][gc,metaspace   ] GC(1479) Metaspace: 145599K(158288K)->145599K(158288K) NonClass: 126806K(133040K)->126806K(133040K) Class: 18792K(25248K)->18792K(25248K)
[641.689s][info][gc             ] GC(1479) Pause Young (Allocation Failure) 393M->147M(972M) 4.343ms
[641.689s][info][gc,cpu         ] GC(1479) User=0.09s Sys=0.00s Real=0.00s
[641.728s][info][gc,start       ] GC(1480) Pause Young (Allocation Failure)
[641.733s][info][gc,heap        ] GC(1480) PSYoungGen: 260592K->30647K(293888K)
[641.733s][info][gc,heap        ] GC(1480) PSOldGen: 130957K->131121K(699392K)
[641.733s][info][gc,metaspace   ] GC(1480) Metaspace: 145599K(158288K)->145599K(158288K) NonClass: 126806K(133040K)->126806K(133040K) Class: 18792K(25248K)->18792K(25248K)
[641.733s][info][gc             ] GC(1480) Pause Young (Allocation Failure) 382M->157M(970M) 5.441ms
[641.733s][info][gc,cpu         ] GC(1480) User=0.00s Sys=0.00s Real=0.00s
[641.776s][info][gc,start       ] GC(1481) Pause Young (Allocation Failure)
[641.781s][info][gc,heap        ] GC(1481) PSYoungGen: 268905K->19151K(297472K)
[641.781s][info][gc,heap        ] GC(1481) PSOldGen: 131121K->145795K(699392K)
[641.781s][info][gc,metaspace   ] GC(1481) Metaspace: 145599K(158288K)->145599K(158288K) NonClass: 126806K(133040K)->126806K(133040K) Class: 18792K(25248K)->18792K(25248K)
[641.781s][info][gc             ] GC(1481) Pause Young (Allocation Failure) 390M->161M(973M) 5.175ms
[641.781s][info][gc,cpu         ] GC(1481) User=0.02s Sys=0.00s Real=0.01s
[641.809s][info][gc,start       ] GC(1482) Pause Young (Allocation Failure)
[641.813s][info][gc,heap        ] GC(1482) PSYoungGen: 260423K->13427K(294400K)
[641.813s][info][gc,heap        ] GC(1482) PSOldGen: 145795K->151734K(699392K)
[641.813s][info][gc,metaspace   ] GC(1482) Metaspace: 145599K(158288K)->145599K(158288K) NonClass: 126806K(133040K)->126806K(133040K) Class: 18792K(25248K)->18792K(25248K)
[641.813s][info][gc             ] GC(1482) Pause Young (Allocation Failure) 396M->161M(970M) 3.414ms
[641.813s][info][gc,cpu         ] GC(1482) User=0.09s Sys=0.00s Real=0.00s
[641.844s][info][gc,start       ] GC(1483) Pause Young (GCLocker Initiated GC)
[641.847s][info][gc,heap        ] GC(1483) PSYoungGen: 255656K->11767K(302592K)
[641.847s][info][gc,heap        ] GC(1483) PSOldGen: 155830K->159265K(699392K)
[641.847s][info][gc,metaspace   ] GC(1483) Metaspace: 145599K(158288K)->145599K(158288K) NonClass: 126806K(133040K)->126806K(133040K) Class: 18792K(25248K)->18792K(25248K)
[641.847s][info][gc             ] GC(1483) Pause Young (GCLocker Initiated GC) 401M->167M(978M) 3.217ms
[641.847s][info][gc,cpu         ] GC(1483) User=0.00s Sys=0.00s Real=0.00s
[642.010s][info][gc,start       ] GC(1484) Pause Young (Allocation Failure)
[642.014s][info][gc,heap        ] GC(1484) PSYoungGen: 265207K->19737K(300032K)
[642.014s][info][gc,heap        ] GC(1484) PSOldGen: 159266K->159853K(699392K)
[642.014s][info][gc,metaspace   ] GC(1484) Metaspace: 145599K(158288K)->145599K(158288K) NonClass: 126806K(133040K)->126806K(133040K) Class: 18792K(25248K)->18792K(25248K)
[642.014s][info][gc             ] GC(1484) Pause Young (Allocation Failure) 414M->175M(976M) 3.783ms
[642.014s][info][gc,cpu         ] GC(1484) User=0.00s Sys=0.00s Real=0.00s
[642.287s][info][gc,start       ] GC(1485) Pause Young (Allocation Failure)
[642.292s][info][gc,heap        ] GC(1485) PSYoungGen: 273177K->5219K(305152K)
[642.292s][info][gc,heap        ] GC(1485) PSOldGen: 159853K->172591K(699392K)
[642.292s][info][gc,metaspace   ] GC(1485) Metaspace: 145599K(158288K)->145599K(158288K) NonClass: 126806K(133040K)->126806K(133040K) Class: 18792K(25248K)->18792K(25248K)
[642.292s][info][gc             ] GC(1485) Pause Young (Allocation Failure) 422M->173M(981M) 4.909ms
[642.292s][info][gc,cpu         ] GC(1485) User=0.00s Sys=0.00s Real=0.01s
[643.199s][info][gc,start       ] GC(1486) Pause Young (Allocation Failure)
[643.202s][info][gc,heap        ] GC(1486) PSYoungGen: 265286K->2772K(304128K)
[643.202s][info][gc,heap        ] GC(1486) PSOldGen: 172591K->176444K(699392K)
[643.202s][info][gc,metaspace   ] GC(1486) Metaspace: 145599K(158288K)->145599K(158288K) NonClass: 126806K(133040K)->126806K(133040K) Class: 18792K(25248K)->18792K(25248K)
[643.202s][info][gc             ] GC(1486) Pause Young (Allocation Failure) 427M->175M(980M) 2.628ms
[643.202s][info][gc,cpu         ] GC(1486) User=0.00s Sys=0.00s Real=0.00s
[644.127s][info][gc,start       ] GC(1487) Pause Young (Allocation Failure)
[644.130s][info][gc,heap        ] GC(1487) PSYoungGen: 262868K->5531K(306688K)
[644.130s][info][gc,heap        ] GC(1487) PSOldGen: 176444K->176796K(699392K)
[644.130s][info][gc,metaspace   ] GC(1487) Metaspace: 145599K(158288K)->145599K(158288K) NonClass: 126806K(133040K)->126806K(133040K) Class: 18792K(25248K)->18792K(25248K)
[644.130s][info][gc             ] GC(1487) Pause Young (Allocation Failure) 429M->178M(982M) 3.047ms
[644.130s][info][gc,cpu         ] GC(1487) User=0.00s Sys=0.00s Real=0.01s
[645.143s][info][gc,start       ] GC(1488) Pause Young (Allocation Failure)
[645.146s][info][gc,heap        ] GC(1488) PSYoungGen: 268699K->1843K(305664K)
[645.146s][info][gc,heap        ] GC(1488) PSOldGen: 176796K->177159K(699392K)
[645.146s][info][gc,metaspace   ] GC(1488) Metaspace: 145599K(158288K)->145599K(158288K) NonClass: 126806K(133040K)->126806K(133040K) Class: 18792K(25248K)->18792K(25248K)
[645.146s][info][gc             ] GC(1488) Pause Young (Allocation Failure) 435M->174M(981M) 2.795ms
[645.146s][info][gc,cpu         ] GC(1488) User=0.00s Sys=0.00s Real=0.00s
[646.123s][info][gc,start       ] GC(1489) Pause Young (GCLocker Initiated GC)
[646.125s][info][gc,heap        ] GC(1489) PSYoungGen: 265011K->6234K(309248K)
[646.125s][info][gc,heap        ] GC(1489) PSOldGen: 177163K->177583K(699392K)
[646.125s][info][gc,metaspace   ] GC(1489) Metaspace: 145599K(158288K)->145599K(158288K) NonClass: 126806K(133040K)->126806K(133040K) Class: 18792K(25248K)->18792K(25248K)
[646.125s][info][gc             ] GC(1489) Pause Young (GCLocker Initiated GC) 431M->179M(985M) 2.784ms
[646.125s][info][gc,cpu         ] GC(1489) User=0.06s Sys=0.00s Real=0.02s
[647.023s][info][gc,start       ] GC(1490) Pause Young (Allocation Failure)
[647.026s][info][gc,heap        ] GC(1490) PSYoungGen: 274010K->2083K(307712K)
[647.026s][info][gc,heap        ] GC(1490) PSOldGen: 177665K->178806K(699392K)
[647.026s][info][gc,metaspace   ] GC(1490) Metaspace: 145602K(158288K)->145602K(158288K) NonClass: 126810K(133040K)->126810K(133040K) Class: 18792K(25248K)->18792K(25248K)
[647.026s][info][gc             ] GC(1490) Pause Young (Allocation Failure) 441M->176M(983M) 3.143ms
[647.026s][info][gc,cpu         ] GC(1490) User=0.00s Sys=0.00s Real=0.00s
[647.536s][info][gc,start       ] GC(1491) Pause Young (Allocation Failure)
[647.539s][info][gc,heap        ] GC(1491) PSYoungGen: 269585K->6672K(312320K)
[647.539s][info][gc,heap        ] GC(1491) PSOldGen: 178806K->179717K(699392K)
[647.539s][info][gc,metaspace   ] GC(1491) Metaspace: 145602K(158288K)->145602K(158288K) NonClass: 126810K(133040K)->126810K(133040K) Class: 18792K(25248K)->18792K(25248K)
[647.539s][info][gc             ] GC(1491) Pause Young (Allocation Failure) 437M->182M(988M) 3.094ms
[647.539s][info][gc,cpu         ] GC(1491) User=0.00s Sys=0.00s Real=0.00s
[647.553s][info][gc,start       ] GC(1492) Pause Young (System.gc())
[647.555s][info][gc,heap        ] GC(1492) PSYoungGen: 16031K->288K(310272K)
[647.555s][info][gc,heap        ] GC(1492) PSOldGen: 179717K->182115K(699392K)
[647.555s][info][gc,metaspace   ] GC(1492) Metaspace: 145613K(158288K)->145613K(158288K) NonClass: 126820K(133040K)->126820K(133040K) Class: 18792K(25248K)->18792K(25248K)
[647.555s][info][gc             ] GC(1492) Pause Young (System.gc()) 191M->178M(986M) 2.334ms
[647.555s][info][gc,cpu         ] GC(1492) User=0.00s Sys=0.00s Real=0.00s
[647.555s][info][gc,start       ] GC(1493) Pause Full (System.gc())
[647.557s][info][gc,phases,start] GC(1493) Phase 1: Mark live objects
[647.627s][info][gc,phases      ] GC(1493) Phase 1: Mark live objects 70.454ms
[647.627s][info][gc,phases,start] GC(1493) Phase 2: Compute new object addresses
[647.639s][info][gc,phases      ] GC(1493) Phase 2: Compute new object addresses 11.355ms
[647.639s][info][gc,phases,start] GC(1493) Phase 3: Adjust pointers
[647.680s][info][gc,phases      ] GC(1493) Phase 3: Adjust pointers 40.989ms
[647.680s][info][gc,phases,start] GC(1493) Phase 4: Move objects
[647.681s][info][gc,phases      ] GC(1493) Phase 4: Move objects 0.863ms
[647.682s][info][gc,heap        ] GC(1493) PSYoungGen: 288K->0K(310272K)
[647.682s][info][gc,heap        ] GC(1493) PSOldGen: 182115K->97088K(699392K)
[647.682s][info][gc,metaspace   ] GC(1493) Metaspace: 145613K(158288K)->145613K(158288K) NonClass: 126820K(133040K)->126820K(133040K) Class: 18792K(25248K)->18792K(25248K)
[647.682s][info][gc             ] GC(1493) Pause Full (System.gc()) 178M->94M(986M) 126.629ms
[647.682s][info][gc,cpu         ] GC(1493) User=0.12s Sys=0.00s Real=0.13s
[647.786s][info][gc,start       ] GC(1494) Pause Young (Allocation Failure)
[647.789s][info][gc,heap        ] GC(1494) PSYoungGen: 273408K->17041K(313344K)
[647.789s][info][gc,heap        ] GC(1494) PSOldGen: 97088K->97096K(699392K)
[647.789s][info][gc,metaspace   ] GC(1494) Metaspace: 145628K(158288K)->145628K(158288K) NonClass: 126836K(133040K)->126836K(133040K) Class: 18792K(25248K)->18792K(25248K)
[647.789s][info][gc             ] GC(1494) Pause Young (Allocation Failure) 361M->111M(989M) 3.526ms
[647.789s][info][gc,cpu         ] GC(1494) User=0.00s Sys=0.00s Real=0.00s
[647.835s][info][gc,start       ] GC(1495) Pause Young (Allocation Failure)
[647.840s][info][gc,heap        ] GC(1495) PSYoungGen: 294545K->18054K(295936K)
[647.840s][info][gc,heap        ] GC(1495) PSOldGen: 97096K->110081K(699392K)
[647.840s][info][gc,metaspace   ] GC(1495) Metaspace: 145628K(158288K)->145628K(158288K) NonClass: 126836K(133040K)->126836K(133040K) Class: 18792K(25248K)->18792K(25248K)
[647.840s][info][gc             ] GC(1495) Pause Young (Allocation Failure) 382M->125M(972M) 5.275ms
[647.840s][info][gc,cpu         ] GC(1495) User=0.00s Sys=0.00s Real=0.01s
[647.976s][info][gc,start       ] GC(1496) Pause Young (Allocation Failure)
[647.984s][info][gc,heap        ] GC(1496) PSYoungGen: 293238K->36346K(285184K)
[647.984s][info][gc,heap        ] GC(1496) PSOldGen: 110081K->129224K(699392K)
[647.984s][info][gc,metaspace   ] GC(1496) Metaspace: 145628K(158288K)->145628K(158288K) NonClass: 126836K(133040K)->126836K(133040K) Class: 18792K(25248K)->18792K(25248K)
[647.984s][info][gc             ] GC(1496) Pause Young (Allocation Failure) 393M->161M(961M) 8.566ms
[647.984s][info][gc,cpu         ] GC(1496) User=0.06s Sys=0.03s Real=0.01s
[648.015s][info][gc,start       ] GC(1497) Pause Young (Allocation Failure)
[648.020s][info][gc,heap        ] GC(1497) PSYoungGen: 285178K->13095K(299008K)
[648.020s][info][gc,heap        ] GC(1497) PSOldGen: 129224K->149952K(699392K)
[648.020s][info][gc,metaspace   ] GC(1497) Metaspace: 145628K(158288K)->145628K(158288K) NonClass: 126836K(133040K)->126836K(133040K) Class: 18792K(25248K)->18792K(25248K)
[648.020s][info][gc             ] GC(1497) Pause Young (Allocation Failure) 404M->159M(975M) 5.667ms
[648.021s][info][gc,cpu         ] GC(1497) User=0.02s Sys=0.00s Real=0.01s
[648.157s][info][gc,start       ] GC(1498) Pause Young (Allocation Failure)
[648.162s][info][gc,heap        ] GC(1498) PSYoungGen: 261107K->31325K(295936K)
[648.162s][info][gc,heap        ] GC(1498) PSOldGen: 149952K->149992K(699392K)
[648.162s][info][gc,metaspace   ] GC(1498) Metaspace: 145628K(158288K)->145628K(158288K) NonClass: 126836K(133040K)->126836K(133040K) Class: 18792K(25248K)->18792K(25248K)
[648.162s][info][gc             ] GC(1498) Pause Young (Allocation Failure) 401M->177M(972M) 5.841ms
[648.162s][info][gc,cpu         ] GC(1498) User=0.00s Sys=0.00s Real=0.01s
[648.203s][info][gc,start       ] GC(1499) Pause Young (Allocation Failure)
[648.209s][info][gc,heap        ] GC(1499) PSYoungGen: 280157K->32383K(281600K)
[648.209s][info][gc,heap        ] GC(1499) PSOldGen: 149992K->150157K(699392K)
[648.209s][info][gc,metaspace   ] GC(1499) Metaspace: 145628K(158288K)->145628K(158288K) NonClass: 126836K(133040K)->126836K(133040K) Class: 18792K(25248K)->18792K(25248K)
[648.209s][info][gc             ] GC(1499) Pause Young (Allocation Failure) 420M->178M(958M) 5.730ms
[648.209s][info][gc,cpu         ] GC(1499) User=0.00s Sys=0.00s Real=0.01s
[648.254s][info][gc,start       ] GC(1500) Pause Young (Allocation Failure)
[648.260s][info][gc,heap        ] GC(1500) PSYoungGen: 281215K->22381K(298496K)
[648.260s][info][gc,heap        ] GC(1500) PSOldGen: 150157K->166402K(699392K)
[648.260s][info][gc,metaspace   ] GC(1500) Metaspace: 145628K(158288K)->145628K(158288K) NonClass: 126836K(133040K)->126836K(133040K) Class: 18792K(25248K)->18792K(25248K)
[648.260s][info][gc             ] GC(1500) Pause Young (Allocation Failure) 421M->184M(974M) 5.517ms
[648.260s][info][gc,cpu         ] GC(1500) User=0.00s Sys=0.00s Real=0.01s
[648.289s][info][gc,start       ] GC(1501) Pause Young (Allocation Failure)
[648.292s][info][gc,heap        ] GC(1501) PSYoungGen: 268371K->9455K(296960K)
[648.292s][info][gc,heap        ] GC(1501) PSOldGen: 166402K->171643K(699392K)
[648.292s][info][gc,metaspace   ] GC(1501) Metaspace: 145628K(158288K)->145628K(158288K) NonClass: 126836K(133040K)->126836K(133040K) Class: 18792K(25248K)->18792K(25248K)
[648.292s][info][gc             ] GC(1501) Pause Young (Allocation Failure) 424M->176M(973M) 3.128ms
[648.292s][info][gc,cpu         ] GC(1501) User=0.00s Sys=0.00s Real=0.00s
[648.329s][info][gc,start       ] GC(1502) Pause Young (GCLocker Initiated GC)
[648.331s][info][gc,heap        ] GC(1502) PSYoungGen: 252256K->3397K(301056K)
[648.331s][info][gc,heap        ] GC(1502) PSOldGen: 175739K->178867K(699392K)
[648.331s][info][gc,metaspace   ] GC(1502) Metaspace: 145628K(158288K)->145628K(158288K) NonClass: 126836K(133040K)->126836K(133040K) Class: 18792K(25248K)->18792K(25248K)
[648.331s][info][gc             ] GC(1502) Pause Young (GCLocker Initiated GC) 417M->177M(977M) 2.559ms
[648.331s][info][gc,cpu         ] GC(1502) User=0.00s Sys=0.00s Real=0.00s
[648.514s][info][gc,start       ] GC(1503) Pause Young (Allocation Failure)
[648.518s][info][gc,heap        ] GC(1503) PSYoungGen: 255301K->15893K(300032K)
[648.518s][info][gc,heap        ] GC(1503) PSOldGen: 181247K->181607K(699392K)
[648.518s][info][gc,metaspace   ] GC(1503) Metaspace: 145628K(158288K)->145628K(158288K) NonClass: 126836K(133040K)->126836K(133040K) Class: 18792K(25248K)->18792K(25248K)
[648.518s][info][gc             ] GC(1503) Pause Young (Allocation Failure) 426M->192M(976M) 3.574ms
[648.518s][info][gc,cpu         ] GC(1503) User=0.09s Sys=0.00s Real=0.01s
[648.935s][info][gc,start       ] GC(1504) Pause Young (GCLocker Initiated GC)
[648.940s][info][gc,heap        ] GC(1504) PSYoungGen: 267797K->9132K(305664K)
[648.940s][info][gc,heap        ] GC(1504) PSOldGen: 181611K->197393K(699392K)
[648.940s][info][gc,metaspace   ] GC(1504) Metaspace: 145628K(158288K)->145628K(158288K) NonClass: 126836K(133040K)->126836K(133040K) Class: 18792K(25248K)->18792K(25248K)
[648.940s][info][gc             ] GC(1504) Pause Young (GCLocker Initiated GC) 438M->201M(981M) 5.345ms
[648.940s][info][gc,cpu         ] GC(1504) User=0.08s Sys=0.02s Real=0.01s
[649.965s][info][gc,start       ] GC(1505) Pause Young (GCLocker Initiated GC)
[649.968s][info][gc,heap        ] GC(1505) PSYoungGen: 269740K->3959K(304128K)
[649.968s][info][gc,heap        ] GC(1505) PSOldGen: 197396K->198237K(699392K)
[649.968s][info][gc,metaspace   ] GC(1505) Metaspace: 145628K(158288K)->145628K(158288K) NonClass: 126836K(133040K)->126836K(133040K) Class: 18792K(25248K)->18792K(25248K)
[649.968s][info][gc             ] GC(1505) Pause Young (GCLocker Initiated GC) 456M->197M(980M) 2.655ms
[649.968s][info][gc,cpu         ] GC(1505) User=0.00s Sys=0.00s Real=0.00s
[650.867s][info][gc,start       ] GC(1506) Pause Young (GCLocker Initiated GC)
[650.869s][info][gc,heap        ] GC(1506) PSYoungGen: 264567K->5374K(307712K)
[650.869s][info][gc,heap        ] GC(1506) PSOldGen: 198274K->198663K(699392K)
[650.869s][info][gc,metaspace   ] GC(1506) Metaspace: 145628K(158288K)->145628K(158288K) NonClass: 126836K(133040K)->126836K(133040K) Class: 18792K(25248K)->18792K(25248K)
[650.869s][info][gc             ] GC(1506) Pause Young (GCLocker Initiated GC) 451M->199M(983M) 2.392ms
[650.869s][info][gc,cpu         ] GC(1506) User=0.00s Sys=0.00s Real=0.00s
[651.813s][info][gc,start       ] GC(1507) Pause Young (GCLocker Initiated GC)
[651.815s][info][gc,heap        ] GC(1507) PSYoungGen: 270078K->5092K(306176K)
[651.815s][info][gc,heap        ] GC(1507) PSOldGen: 198826K->199314K(699392K)
[651.815s][info][gc,metaspace   ] GC(1507) Metaspace: 145628K(158288K)->145628K(158288K) NonClass: 126836K(133040K)->126836K(133040K) Class: 18792K(25248K)->18792K(25248K)
[651.815s][info][gc             ] GC(1507) Pause Young (GCLocker Initiated GC) 457M->199M(982M) 2.492ms
[651.815s][info][gc,cpu         ] GC(1507) User=0.00s Sys=0.00s Real=0.00s
[652.823s][info][gc,start       ] GC(1508) Pause Young (Allocation Failure)
[652.825s][info][gc,heap        ] GC(1508) PSYoungGen: 269796K->594K(309760K)
[652.825s][info][gc,heap        ] GC(1508) PSOldGen: 206484K->206903K(699392K)
[652.825s][info][gc,metaspace   ] GC(1508) Metaspace: 145628K(158288K)->145628K(158288K) NonClass: 126836K(133040K)->126836K(133040K) Class: 18792K(25248K)->18792K(25248K)
[652.825s][info][gc             ] GC(1508) Pause Young (Allocation Failure) 465M->202M(985M) 2.102ms
[652.825s][info][gc,cpu         ] GC(1508) User=0.00s Sys=0.00s Real=0.00s
[653.765s][info][gc,start       ] GC(1509) Pause Young (Allocation Failure)
[653.767s][info][gc,heap        ] GC(1509) PSYoungGen: 269906K->3608K(308736K)
[653.768s][info][gc,heap        ] GC(1509) PSOldGen: 206903K->207353K(699392K)
[653.768s][info][gc,metaspace   ] GC(1509) Metaspace: 145628K(158288K)->145628K(158288K) NonClass: 126836K(133040K)->126836K(133040K) Class: 18792K(25248K)->18792K(25248K)
[653.768s][info][gc             ] GC(1509) Pause Young (Allocation Failure) 465M->206M(984M) 2.768ms
[653.768s][info][gc,cpu         ] GC(1509) User=0.02s Sys=0.00s Real=0.00s
[654.062s][info][gc,start       ] GC(1510) Pause Young (System.gc())
[654.064s][info][gc,heap        ] GC(1510) PSYoungGen: 204140K->2540K(312320K)
[654.064s][info][gc,heap        ] GC(1510) PSOldGen: 207353K->207803K(699392K)
[654.064s][info][gc,metaspace   ] GC(1510) Metaspace: 145628K(158288K)->145628K(158288K) NonClass: 126836K(133040K)->126836K(133040K) Class: 18792K(25248K)->18792K(25248K)
[654.064s][info][gc             ] GC(1510) Pause Young (System.gc()) 401M->205M(988M) 2.558ms
[654.064s][info][gc,cpu         ] GC(1510) User=0.02s Sys=0.00s Real=0.00s
[654.064s][info][gc,start       ] GC(1511) Pause Full (System.gc())
[654.066s][info][gc,phases,start] GC(1511) Phase 1: Mark live objects
[654.136s][info][gc,phases      ] GC(1511) Phase 1: Mark live objects 70.547ms
[654.137s][info][gc,phases,start] GC(1511) Phase 2: Compute new object addresses
[654.148s][info][gc,phases      ] GC(1511) Phase 2: Compute new object addresses 11.316ms
[654.148s][info][gc,phases,start] GC(1511) Phase 3: Adjust pointers
[654.189s][info][gc,phases      ] GC(1511) Phase 3: Adjust pointers 40.913ms
[654.189s][info][gc,phases,start] GC(1511) Phase 4: Move objects
[654.190s][info][gc,phases      ] GC(1511) Phase 4: Move objects 0.798ms
[654.191s][info][gc,heap        ] GC(1511) PSYoungGen: 2540K->0K(312320K)
[654.191s][info][gc,heap        ] GC(1511) PSOldGen: 207803K->101532K(699392K)
[654.191s][info][gc,metaspace   ] GC(1511) Metaspace: 145628K(158288K)->145628K(158288K) NonClass: 126836K(133040K)->126836K(133040K) Class: 18792K(25248K)->18792K(25248K)
[654.191s][info][gc             ] GC(1511) Pause Full (System.gc()) 205M->99M(988M) 126.530ms
[654.191s][info][gc,cpu         ] GC(1511) User=0.12s Sys=0.00s Real=0.14s
[654.304s][info][gc,start       ] GC(1512) Pause Young (Allocation Failure)
[654.308s][info][gc,heap        ] GC(1512) PSYoungGen: 273920K->15137K(310784K)
[654.308s][info][gc,heap        ] GC(1512) PSOldGen: 101532K->101532K(699392K)
[654.308s][info][gc,metaspace   ] GC(1512) Metaspace: 145633K(158288K)->145633K(158288K) NonClass: 126841K(133040K)->126841K(133040K) Class: 18792K(25248K)->18792K(25248K)
[654.308s][info][gc             ] GC(1512) Pause Young (Allocation Failure) 366M->113M(986M) 3.692ms
[654.308s][info][gc,cpu         ] GC(1512) User=0.00s Sys=0.00s Real=0.00s
[654.363s][info][gc,start       ] GC(1513) Pause Young (Allocation Failure)
[654.368s][info][gc,heap        ] GC(1513) PSYoungGen: 289057K->20486K(310784K)
[654.368s][info][gc,heap        ] GC(1513) PSOldGen: 101532K->112063K(699392K)
[654.368s][info][gc,metaspace   ] GC(1513) Metaspace: 145633K(158288K)->145633K(158288K) NonClass: 126841K(133040K)->126841K(133040K) Class: 18792K(25248K)->18792K(25248K)
[654.368s][info][gc             ] GC(1513) Pause Young (Allocation Failure) 381M->129M(986M) 5.542ms
[654.368s][info][gc,cpu         ] GC(1513) User=0.00s Sys=0.00s Real=0.01s
[654.504s][info][gc,start       ] GC(1514) Pause Young (Allocation Failure)
[654.513s][info][gc,heap        ] GC(1514) PSYoungGen: 293195K->37348K(311808K)
[654.513s][info][gc,heap        ] GC(1514) PSOldGen: 112063K->129847K(699392K)
[654.513s][info][gc,metaspace   ] GC(1514) Metaspace: 145633K(158288K)->145633K(158288K) NonClass: 126841K(133040K)->126841K(133040K) Class: 18792K(25248K)->18792K(25248K)
[654.513s][info][gc             ] GC(1514) Pause Young (Allocation Failure) 395M->163M(987M) 8.686ms
[654.513s][info][gc,cpu         ] GC(1514) User=0.00s Sys=0.00s Real=0.01s
[654.546s][info][gc,start       ] GC(1515) Pause Young (Allocation Failure)
[654.552s][info][gc,heap        ] GC(1515) PSYoungGen: 310382K->12615K(290304K)
[654.552s][info][gc,heap        ] GC(1515) PSOldGen: 129847K->152852K(699392K)
[654.552s][info][gc,metaspace   ] GC(1515) Metaspace: 145633K(158288K)->145633K(158288K) NonClass: 126841K(133040K)->126841K(133040K) Class: 18792K(25248K)->18792K(25248K)
[654.552s][info][gc             ] GC(1515) Pause Young (Allocation Failure) 429M->161M(966M) 6.066ms
[654.552s][info][gc,cpu         ] GC(1515) User=0.02s Sys=0.00s Real=0.01s
[654.698s][info][gc,start       ] GC(1516) Pause Young (Allocation Failure)
[654.705s][info][gc,heap        ] GC(1516) PSYoungGen: 265221K->38498K(291840K)
[654.705s][info][gc,heap        ] GC(1516) PSOldGen: 152852K->153361K(699392K)
[654.705s][info][gc,metaspace   ] GC(1516) Metaspace: 145633K(158288K)->145633K(158288K) NonClass: 126841K(133040K)->126841K(133040K) Class: 18792K(25248K)->18792K(25248K)
[654.705s][info][gc             ] GC(1516) Pause Young (Allocation Failure) 408M->187M(968M) 6.798ms
[654.705s][info][gc,cpu         ] GC(1516) User=0.09s Sys=0.00s Real=0.01s
[654.748s][info][gc,start       ] GC(1517) Pause Young (Allocation Failure)
[654.753s][info][gc,heap        ] GC(1517) PSYoungGen: 291426K->26544K(296448K)
[654.753s][info][gc,heap        ] GC(1517) PSOldGen: 153361K->156652K(699392K)
[654.753s][info][gc,metaspace   ] GC(1517) Metaspace: 145633K(158288K)->145633K(158288K) NonClass: 126841K(133040K)->126841K(133040K) Class: 18792K(25248K)->18792K(25248K)
[654.753s][info][gc             ] GC(1517) Pause Young (Allocation Failure) 434M->178M(972M) 5.310ms
[654.753s][info][gc,cpu         ] GC(1517) User=0.08s Sys=0.02s Real=0.00s
[654.796s][info][gc,start       ] GC(1518) Pause Young (Allocation Failure)
[654.800s][info][gc,heap        ] GC(1518) PSYoungGen: 269744K->5887K(295936K)
[654.800s][info][gc,heap        ] GC(1518) PSOldGen: 156652K->169866K(699392K)
[654.800s][info][gc,metaspace   ] GC(1518) Metaspace: 145633K(158288K)->145633K(158288K) NonClass: 126841K(133040K)->126841K(133040K) Class: 18792K(25248K)->18792K(25248K)
[654.800s][info][gc             ] GC(1518) Pause Young (Allocation Failure) 416M->171M(972M) 3.869ms
[654.800s][info][gc,cpu         ] GC(1518) User=0.02s Sys=0.00s Real=0.00s
[654.829s][info][gc,start       ] GC(1519) Pause Young (Allocation Failure)
[654.833s][info][gc,heap        ] GC(1519) PSYoungGen: 249087K->21416K(299520K)
[654.833s][info][gc,heap        ] GC(1519) PSOldGen: 169866K->175732K(699392K)
[654.833s][info][gc,metaspace   ] GC(1519) Metaspace: 145633K(158288K)->145633K(158288K) NonClass: 126841K(133040K)->126841K(133040K) Class: 18792K(25248K)->18792K(25248K)
[654.833s][info][gc             ] GC(1519) Pause Young (Allocation Failure) 409M->192M(975M) 4.297ms
[654.833s][info][gc,cpu         ] GC(1519) User=0.00s Sys=0.00s Real=0.00s
[654.873s][info][gc,start       ] GC(1520) Pause Young (Allocation Failure)
[654.876s][info][gc,heap        ] GC(1520) PSYoungGen: 267422K->1794K(297472K)
[654.876s][info][gc,heap        ] GC(1520) PSOldGen: 175732K->176513K(699392K)
[654.876s][info][gc,metaspace   ] GC(1520) Metaspace: 145633K(158288K)->145633K(158288K) NonClass: 126841K(133040K)->126841K(133040K) Class: 18792K(25248K)->18792K(25248K)
[654.876s][info][gc             ] GC(1520) Pause Young (Allocation Failure) 432M->174M(973M) 2.910ms
[654.876s][info][gc,cpu         ] GC(1520) User=0.05s Sys=0.00s Real=0.00s
[655.072s][info][gc,start       ] GC(1521) Pause Young (Allocation Failure)
[655.075s][info][gc,heap        ] GC(1521) PSYoungGen: 249602K->16041K(303104K)
[655.075s][info][gc,heap        ] GC(1521) PSOldGen: 176513K->176874K(699392K)
[655.075s][info][gc,metaspace   ] GC(1521) Metaspace: 145633K(158288K)->145633K(158288K) NonClass: 126841K(133040K)->126841K(133040K) Class: 18792K(25248K)->18792K(25248K)
[655.075s][info][gc             ] GC(1521) Pause Young (Allocation Failure) 416M->188M(979M) 3.553ms
[655.075s][info][gc,cpu         ] GC(1521) User=0.00s Sys=0.00s Real=0.00s
[655.545s][info][gc,start       ] GC(1522) Pause Young (Allocation Failure)
[655.550s][info][gc,heap        ] GC(1522) PSYoungGen: 269067K->1489K(300032K)
[655.550s][info][gc,heap        ] GC(1522) PSOldGen: 176874K->192679K(699392K)
[655.550s][info][gc,metaspace   ] GC(1522) Metaspace: 145633K(158288K)->145633K(158288K) NonClass: 126841K(133040K)->126841K(133040K) Class: 18792K(25248K)->18792K(25248K)
[655.550s][info][gc             ] GC(1522) Pause Young (Allocation Failure) 435M->189M(976M) 5.207ms
[655.550s][info][gc,cpu         ] GC(1522) User=0.05s Sys=0.00s Real=0.00s
[656.512s][info][gc,start       ] GC(1523) Pause Young (Allocation Failure)
[656.514s][info][gc,heap        ] GC(1523) PSYoungGen: 255441K->4986K(305152K)
[656.514s][info][gc,heap        ] GC(1523) PSOldGen: 192679K->193441K(699392K)
[656.514s][info][gc,metaspace   ] GC(1523) Metaspace: 145633K(158288K)->145633K(158288K) NonClass: 126841K(133040K)->126841K(133040K) Class: 18792K(25248K)->18792K(25248K)
[656.514s][info][gc             ] GC(1523) Pause Young (Allocation Failure) 437M->193M(981M) 2.911ms
[656.514s][info][gc,cpu         ] GC(1523) User=0.00s Sys=0.00s Real=0.01s
[657.454s][info][gc,start       ] GC(1524) Pause Young (Allocation Failure)
[657.459s][info][gc,heap        ] GC(1524) PSYoungGen: 264570K->973K(303616K)
[657.459s][info][gc,heap        ] GC(1524) PSOldGen: 193441K->193869K(699392K)
[657.459s][info][gc,metaspace   ] GC(1524) Metaspace: 145633K(158288K)->145633K(158288K) NonClass: 126841K(133040K)->126841K(133040K) Class: 18792K(25248K)->18792K(25248K)
[657.459s][info][gc             ] GC(1524) Pause Young (Allocation Failure) 447M->190M(979M) 5.390ms
[657.459s][info][gc,cpu         ] GC(1524) User=0.00s Sys=0.00s Real=0.01s
[658.332s][info][gc,start       ] GC(1525) Pause Young (GCLocker Initiated GC)
[658.335s][info][gc,heap        ] GC(1525) PSYoungGen: 260557K->8081K(308224K)
[658.335s][info][gc,heap        ] GC(1525) PSOldGen: 193891K->194205K(699392K)
[658.335s][info][gc,metaspace   ] GC(1525) Metaspace: 145633K(158288K)->145633K(158288K) NonClass: 126841K(133040K)->126841K(133040K) Class: 18792K(25248K)->18792K(25248K)
[658.335s][info][gc             ] GC(1525) Pause Young (GCLocker Initiated GC) 443M->197M(984M) 2.932ms
[658.335s][info][gc,cpu         ] GC(1525) User=0.00s Sys=0.00s Real=0.00s
[659.293s][info][gc,start       ] GC(1526) Pause Young (Allocation Failure)
[659.296s][info][gc,heap        ] GC(1526) PSYoungGen: 272785K->1917K(305664K)
[659.296s][info][gc,heap        ] GC(1526) PSOldGen: 194562K->194965K(699392K)
[659.296s][info][gc,metaspace   ] GC(1526) Metaspace: 145633K(158288K)->145633K(158288K) NonClass: 126841K(133040K)->126841K(133040K) Class: 18792K(25248K)->18792K(25248K)
[659.296s][info][gc             ] GC(1526) Pause Young (Allocation Failure) 456M->192M(981M) 3.265ms
[659.296s][info][gc,cpu         ] GC(1526) User=0.00s Sys=0.00s Real=0.00s
[660.267s][info][gc,start       ] GC(1527) Pause Young (Allocation Failure)
[660.270s][info][gc,heap        ] GC(1527) PSYoungGen: 266621K->1551K(310784K)
[660.270s][info][gc,heap        ] GC(1527) PSOldGen: 194965K->195383K(699392K)
[660.270s][info][gc,metaspace   ] GC(1527) Metaspace: 145638K(158288K)->145638K(158288K) NonClass: 126846K(133040K)->126846K(133040K) Class: 18792K(25248K)->18792K(25248K)
[660.270s][info][gc             ] GC(1527) Pause Young (Allocation Failure) 450M->192M(986M) 2.835ms
[660.270s][info][gc,cpu         ] GC(1527) User=0.00s Sys=0.00s Real=0.00s
[660.576s][info][gc,start       ] GC(1528) Pause Young (System.gc())
[660.579s][info][gc,heap        ] GC(1528) PSYoungGen: 218507K->2515K(309248K)
[660.579s][info][gc,heap        ] GC(1528) PSOldGen: 195383K->195947K(699392K)
[660.579s][info][gc,metaspace   ] GC(1528) Metaspace: 145646K(158288K)->145646K(158288K) NonClass: 126853K(133040K)->126853K(133040K) Class: 18792K(25248K)->18792K(25248K)
[660.579s][info][gc             ] GC(1528) Pause Young (System.gc()) 404M->193M(985M) 2.595ms
[660.579s][info][gc,cpu         ] GC(1528) User=0.09s Sys=0.00s Real=0.00s
[660.579s][info][gc,start       ] GC(1529) Pause Full (System.gc())
[660.581s][info][gc,phases,start] GC(1529) Phase 1: Mark live objects
[660.652s][info][gc,phases      ] GC(1529) Phase 1: Mark live objects 70.851ms
[660.652s][info][gc,phases,start] GC(1529) Phase 2: Compute new object addresses
[660.663s][info][gc,phases      ] GC(1529) Phase 2: Compute new object addresses 11.266ms
[660.663s][info][gc,phases,start] GC(1529) Phase 3: Adjust pointers
[660.704s][info][gc,phases      ] GC(1529) Phase 3: Adjust pointers 40.965ms
[660.704s][info][gc,phases,start] GC(1529) Phase 4: Move objects
[660.705s][info][gc,phases      ] GC(1529) Phase 4: Move objects 1.325ms
[660.706s][info][gc,heap        ] GC(1529) PSYoungGen: 2515K->0K(309248K)
[660.706s][info][gc,heap        ] GC(1529) PSOldGen: 195947K->106319K(699392K)
[660.706s][info][gc,metaspace   ] GC(1529) Metaspace: 145646K(158288K)->145646K(158288K) NonClass: 126853K(133040K)->126853K(133040K) Class: 18792K(25248K)->18792K(25248K)
[660.706s][info][gc             ] GC(1529) Pause Full (System.gc()) 193M->103M(985M) 127.367ms
[660.706s][info][gc,cpu         ] GC(1529) User=0.12s Sys=0.00s Real=0.14s
[660.819s][info][gc,start       ] GC(1530) Pause Young (Allocation Failure)
[660.823s][info][gc,heap        ] GC(1530) PSYoungGen: 270848K->17024K(311296K)
[660.823s][info][gc,heap        ] GC(1530) PSOldGen: 106319K->106319K(699392K)
[660.823s][info][gc,metaspace   ] GC(1530) Metaspace: 145677K(158288K)->145677K(158288K) NonClass: 126881K(133040K)->126881K(133040K) Class: 18796K(25248K)->18796K(25248K)
[660.823s][info][gc             ] GC(1530) Pause Young (Allocation Failure) 368M->120M(987M) 3.640ms
[660.823s][info][gc,cpu         ] GC(1530) User=0.00s Sys=0.00s Real=0.00s
[660.872s][info][gc,start       ] GC(1531) Pause Young (Allocation Failure)
[660.877s][info][gc,heap        ] GC(1531) PSYoungGen: 291456K->15494K(311808K)
[660.877s][info][gc,heap        ] GC(1531) PSOldGen: 106319K->119259K(699392K)
[660.877s][info][gc,metaspace   ] GC(1531) Metaspace: 145677K(158288K)->145677K(158288K) NonClass: 126881K(133040K)->126881K(133040K) Class: 18796K(25248K)->18796K(25248K)
[660.877s][info][gc             ] GC(1531) Pause Young (Allocation Failure) 388M->131M(987M) 5.197ms
[660.877s][info][gc,cpu         ] GC(1531) User=0.08s Sys=0.00s Real=0.00s
[661.008s][info][gc,start       ] GC(1532) Pause Young (Allocation Failure)
[661.017s][info][gc,heap        ] GC(1532) PSYoungGen: 286556K->36342K(284160K)
[661.017s][info][gc,heap        ] GC(1532) PSOldGen: 119259K->138249K(699392K)
[661.017s][info][gc,metaspace   ] GC(1532) Metaspace: 145677K(158288K)->145677K(158288K) NonClass: 126881K(133040K)->126881K(133040K) Class: 18796K(25248K)->18796K(25248K)
[661.017s][info][gc             ] GC(1532) Pause Young (Allocation Failure) 396M->170M(960M) 8.238ms
[661.017s][info][gc,cpu         ] GC(1532) User=0.09s Sys=0.00s Real=0.01s
[661.047s][info][gc,start       ] GC(1533) Pause Young (Allocation Failure)
[661.053s][info][gc,heap        ] GC(1533) PSYoungGen: 280164K->8648K(298496K)
[661.053s][info][gc,heap        ] GC(1533) PSOldGen: 138249K->160274K(699392K)
[661.053s][info][gc,metaspace   ] GC(1533) Metaspace: 145677K(158288K)->145677K(158288K) NonClass: 126881K(133040K)->126881K(133040K) Class: 18796K(25248K)->18796K(25248K)
[661.053s][info][gc             ] GC(1533) Pause Young (Allocation Failure) 408M->164M(974M) 5.633ms
[661.053s][info][gc,cpu         ] GC(1533) User=0.00s Sys=0.00s Real=0.01s
[661.191s][info][gc,start       ] GC(1534) Pause Young (Allocation Failure)
[661.196s][info][gc,heap        ] GC(1534) PSYoungGen: 256456K->23133K(301056K)
[661.196s][info][gc,heap        ] GC(1534) PSOldGen: 160274K->161145K(699392K)
[661.196s][info][gc,metaspace   ] GC(1534) Metaspace: 145677K(158288K)->145677K(158288K) NonClass: 126881K(133040K)->126881K(133040K) Class: 18796K(25248K)->18796K(25248K)
[661.196s][info][gc             ] GC(1534) Pause Young (Allocation Failure) 406M->179M(977M) 4.619ms
[661.196s][info][gc,cpu         ] GC(1534) User=0.00s Sys=0.00s Real=0.01s
[661.238s][info][gc,start       ] GC(1535) Pause Young (Allocation Failure)
[661.243s][info][gc,heap        ] GC(1535) PSYoungGen: 276061K->32351K(285696K)
[661.244s][info][gc,heap        ] GC(1535) PSOldGen: 161145K->161312K(699392K)
[661.244s][info][gc,metaspace   ] GC(1535) Metaspace: 145677K(158288K)->145677K(158288K) NonClass: 126881K(133040K)->126881K(133040K) Class: 18796K(25248K)->18796K(25248K)
[661.244s][info][gc             ] GC(1535) Pause Young (Allocation Failure) 426M->189M(962M) 5.949ms
[661.244s][info][gc,cpu         ] GC(1535) User=0.00s Sys=0.00s Real=0.00s
[661.289s][info][gc,start       ] GC(1536) Pause Young (Allocation Failure)
[661.293s][info][gc,heap        ] GC(1536) PSYoungGen: 281378K->9803K(300544K)
[661.293s][info][gc,heap        ] GC(1536) PSOldGen: 161312K->177557K(699392K)
[661.293s][info][gc,metaspace   ] GC(1536) Metaspace: 145677K(158288K)->145677K(158288K) NonClass: 126881K(133040K)->126881K(133040K) Class: 18796K(25248K)->18796K(25248K)
[661.293s][info][gc             ] GC(1536) Pause Young (Allocation Failure) 432M->182M(976M) 4.611ms
[661.293s][info][gc,cpu         ] GC(1536) User=0.00s Sys=0.00s Real=0.00s
[661.322s][info][gc,start       ] GC(1537) Pause Young (Allocation Failure)
[661.326s][info][gc,heap        ] GC(1537) PSYoungGen: 256637K->9297K(297984K)
[661.326s][info][gc,heap        ] GC(1537) PSOldGen: 177557K->182868K(699392K)
[661.326s][info][gc,metaspace   ] GC(1537) Metaspace: 145677K(158288K)->145677K(158288K) NonClass: 126881K(133040K)->126881K(133040K) Class: 18796K(25248K)->18796K(25248K)
[661.326s][info][gc             ] GC(1537) Pause Young (Allocation Failure) 424M->187M(974M) 3.444ms
[661.326s][info][gc,cpu         ] GC(1537) User=0.00s Sys=0.00s Real=0.00s
[661.359s][info][gc,start       ] GC(1538) Pause Young (Allocation Failure)
[661.362s][info][gc,heap        ] GC(1538) PSYoungGen: 258641K->15454K(305664K)
[661.362s][info][gc,heap        ] GC(1538) PSOldGen: 182868K->185693K(699392K)
[661.362s][info][gc,metaspace   ] GC(1538) Metaspace: 145677K(158288K)->145677K(158288K) NonClass: 126881K(133040K)->126881K(133040K) Class: 18796K(25248K)->18796K(25248K)
[661.362s][info][gc             ] GC(1538) Pause Young (Allocation Failure) 431M->196M(981M) 3.387ms
[661.362s][info][gc,cpu         ] GC(1538) User=0.02s Sys=0.00s Real=0.00s
[661.542s][info][gc,start       ] GC(1539) Pause Young (Allocation Failure)
[661.547s][info][gc,heap        ] GC(1539) PSYoungGen: 274198K->28050K(302592K)
[661.547s][info][gc,heap        ] GC(1539) PSOldGen: 185693K->186280K(699392K)
[661.547s][info][gc,metaspace   ] GC(1539) Metaspace: 145677K(158288K)->145677K(158288K) NonClass: 126881K(133040K)->126881K(133040K) Class: 18796K(25248K)->18796K(25248K)
[661.547s][info][gc             ] GC(1539) Pause Young (Allocation Failure) 449M->209M(978M) 5.123ms
[661.547s][info][gc,cpu         ] GC(1539) User=0.09s Sys=0.00s Real=0.00s
[661.960s][info][gc,start       ] GC(1540) Pause Young (Allocation Failure)
[661.965s][info][gc,heap        ] GC(1540) PSYoungGen: 287122K->9041K(305152K)
[661.965s][info][gc,heap        ] GC(1540) PSOldGen: 186280K->202142K(699392K)
[661.965s][info][gc,metaspace   ] GC(1540) Metaspace: 145677K(158288K)->145677K(158288K) NonClass: 126881K(133040K)->126881K(133040K) Class: 18796K(25248K)->18796K(25248K)
[661.965s][info][gc             ] GC(1540) Pause Young (Allocation Failure) 462M->206M(981M) 5.485ms
[661.965s][info][gc,cpu         ] GC(1540) User=0.00s Sys=0.00s Real=0.01s
[662.980s][info][gc,start       ] GC(1541) Pause Young (GCLocker Initiated GC)
[662.983s][info][gc,heap        ] GC(1541) PSYoungGen: 268625K->3067K(303616K)
[662.983s][info][gc,heap        ] GC(1541) PSOldGen: 202150K->202952K(699392K)
[662.983s][info][gc,metaspace   ] GC(1541) Metaspace: 145677K(158288K)->145677K(158288K) NonClass: 126881K(133040K)->126881K(133040K) Class: 18796K(25248K)->18796K(25248K)
[662.983s][info][gc             ] GC(1541) Pause Young (GCLocker Initiated GC) 459M->201M(979M) 2.887ms
[662.983s][info][gc,cpu         ] GC(1541) User=0.00s Sys=0.00s Real=0.00s
[663.872s][info][gc,start       ] GC(1542) Pause Young (Allocation Failure)
[663.874s][info][gc,heap        ] GC(1542) PSYoungGen: 262651K->3781K(306688K)
[663.874s][info][gc,heap        ] GC(1542) PSOldGen: 202955K->203321K(699392K)
[663.874s][info][gc,metaspace   ] GC(1542) Metaspace: 145677K(158288K)->145677K(158288K) NonClass: 126881K(133040K)->126881K(133040K) Class: 18796K(25248K)->18796K(25248K)
[663.874s][info][gc             ] GC(1542) Pause Young (Allocation Failure) 454M->202M(982M) 2.416ms
[663.875s][info][gc,cpu         ] GC(1542) User=0.00s Sys=0.00s Real=0.00s
[664.814s][info][gc,start       ] GC(1543) Pause Young (Allocation Failure)
[664.817s][info][gc,heap        ] GC(1543) PSYoungGen: 266949K->6831K(305664K)
[664.817s][info][gc,heap        ] GC(1543) PSOldGen: 203321K->203915K(699392K)
[664.817s][info][gc,metaspace   ] GC(1543) Metaspace: 145678K(158288K)->145678K(158288K) NonClass: 126882K(133040K)->126882K(133040K) Class: 18796K(25248K)->18796K(25248K)
[664.817s][info][gc             ] GC(1543) Pause Young (Allocation Failure) 459M->205M(981M) 2.999ms
[664.817s][info][gc,cpu         ] GC(1543) User=0.00s Sys=0.00s Real=0.00s
[665.759s][info][gc,start       ] GC(1544) Pause Young (Allocation Failure)
[665.761s][info][gc,heap        ] GC(1544) PSYoungGen: 269999K->3077K(309248K)
[665.762s][info][gc,heap        ] GC(1544) PSOldGen: 203915K->204346K(699392K)
[665.762s][info][gc,metaspace   ] GC(1544) Metaspace: 145678K(158288K)->145678K(158288K) NonClass: 126882K(133040K)->126882K(133040K) Class: 18796K(25248K)->18796K(25248K)
[665.762s][info][gc             ] GC(1544) Pause Young (Allocation Failure) 462M->202M(985M) 2.303ms
[665.762s][info][gc,cpu         ] GC(1544) User=0.00s Sys=0.00s Real=0.00s
[666.737s][info][gc,start       ] GC(1545) Pause Young (Allocation Failure)
[666.740s][info][gc,heap        ] GC(1545) PSYoungGen: 271259K->1398K(308224K)
[666.740s][info][gc,heap        ] GC(1545) PSOldGen: 204346K->204749K(699392K)
[666.740s][info][gc,metaspace   ] GC(1545) Metaspace: 145678K(158288K)->145678K(158288K) NonClass: 126882K(133040K)->126882K(133040K) Class: 18796K(25248K)->18796K(25248K)
[666.740s][info][gc             ] GC(1545) Pause Young (Allocation Failure) 464M->201M(984M) 3.313ms
[666.740s][info][gc,cpu         ] GC(1545) User=0.00s Sys=0.00s Real=0.00s
[667.054s][info][gc,start       ] GC(1546) Pause Young (System.gc())
[667.056s][info][gc,heap        ] GC(1546) PSYoungGen: 218763K->2554K(311808K)
[667.056s][info][gc,heap        ] GC(1546) PSOldGen: 204749K->205212K(699392K)
[667.056s][info][gc,metaspace   ] GC(1546) Metaspace: 145678K(158288K)->145678K(158288K) NonClass: 126882K(133040K)->126882K(133040K) Class: 18796K(25248K)->18796K(25248K)
[667.056s][info][gc             ] GC(1546) Pause Young (System.gc()) 413M->202M(987M) 2.536ms
[667.056s][info][gc,cpu         ] GC(1546) User=0.00s Sys=0.00s Real=0.00s
[667.056s][info][gc,start       ] GC(1547) Pause Full (System.gc())
[667.058s][info][gc,phases,start] GC(1547) Phase 1: Mark live objects
[667.128s][info][gc,phases      ] GC(1547) Phase 1: Mark live objects 70.404ms
[667.128s][info][gc,phases,start] GC(1547) Phase 2: Compute new object addresses
[667.140s][info][gc,phases      ] GC(1547) Phase 2: Compute new object addresses 11.746ms
[667.140s][info][gc,phases,start] GC(1547) Phase 3: Adjust pointers
[667.182s][info][gc,phases      ] GC(1547) Phase 3: Adjust pointers 41.378ms
[667.182s][info][gc,phases,start] GC(1547) Phase 4: Move objects
[667.186s][info][gc,phases      ] GC(1547) Phase 4: Move objects 4.049ms
[667.187s][info][gc,heap        ] GC(1547) PSYoungGen: 2554K->0K(311808K)
[667.187s][info][gc,heap        ] GC(1547) PSOldGen: 205212K->72671K(699392K)
[667.187s][info][gc,metaspace   ] GC(1547) Metaspace: 145678K(158288K)->145678K(158288K) NonClass: 126882K(133040K)->126882K(133040K) Class: 18796K(25248K)->18796K(25248K)
[667.187s][info][gc             ] GC(1547) Pause Full (System.gc()) 202M->70M(987M) 130.551ms
[667.187s][info][gc,cpu         ] GC(1547) User=0.14s Sys=0.00s Real=0.13s
[667.301s][info][gc,start       ] GC(1548) Pause Young (Allocation Failure)
[667.305s][info][gc,heap        ] GC(1548) PSYoungGen: 272896K->17025K(310272K)
[667.305s][info][gc,heap        ] GC(1548) PSOldGen: 72671K->72679K(699392K)
[667.305s][info][gc,metaspace   ] GC(1548) Metaspace: 145779K(158544K)->145779K(158544K) NonClass: 126983K(133296K)->126983K(133296K) Class: 18796K(25248K)->18796K(25248K)
[667.305s][info][gc             ] GC(1548) Pause Young (Allocation Failure) 337M->87M(986M) 3.515ms
[667.305s][info][gc,cpu         ] GC(1548) User=0.00s Sys=0.00s Real=0.00s
[667.355s][info][gc,start       ] GC(1549) Pause Young (Allocation Failure)
[667.359s][info][gc,heap        ] GC(1549) PSYoungGen: 289921K->15398K(312832K)
[667.359s][info][gc,heap        ] GC(1549) PSOldGen: 72679K->85693K(699392K)
[667.359s][info][gc,metaspace   ] GC(1549) Metaspace: 145779K(158544K)->145779K(158544K) NonClass: 126983K(133296K)->126983K(133296K) Class: 18796K(25248K)->18796K(25248K)
[667.360s][info][gc             ] GC(1549) Pause Young (Allocation Failure) 354M->98M(988M) 4.866ms
[667.360s][info][gc,cpu         ] GC(1549) User=0.09s Sys=0.00s Real=0.01s
[667.501s][info][gc,start       ] GC(1550) Pause Young (Allocation Failure)
[667.511s][info][gc,heap        ] GC(1550) PSYoungGen: 288391K->36344K(311808K)
[667.511s][info][gc,heap        ] GC(1550) PSOldGen: 85693K->104334K(699392K)
[667.511s][info][gc,metaspace   ] GC(1550) Metaspace: 145779K(158544K)->145779K(158544K) NonClass: 126983K(133296K)->126983K(133296K) Class: 18796K(25248K)->18796K(25248K)
[667.511s][info][gc             ] GC(1550) Pause Young (Allocation Failure) 365M->137M(987M) 9.666ms
[667.511s][info][gc,cpu         ] GC(1550) User=0.00s Sys=0.00s Real=0.01s
[667.544s][info][gc,start       ] GC(1551) Pause Young (Allocation Failure)
[667.551s][info][gc,heap        ] GC(1551) PSYoungGen: 308968K->18340K(291328K)
[667.551s][info][gc,heap        ] GC(1551) PSOldGen: 104334K->129363K(699392K)
[667.551s][info][gc,metaspace   ] GC(1551) Metaspace: 145779K(158544K)->145779K(158544K) NonClass: 126983K(133296K)->126983K(133296K) Class: 18796K(25248K)->18796K(25248K)
[667.552s][info][gc             ] GC(1551) Pause Young (Allocation Failure) 403M->144M(967M) 7.358ms
[667.552s][info][gc,cpu         ] GC(1551) User=0.08s Sys=0.00s Real=0.01s
[667.689s][info][gc,start       ] GC(1552) Pause Young (Allocation Failure)
[667.695s][info][gc,heap        ] GC(1552) PSYoungGen: 272292K->33679K(287744K)
[667.695s][info][gc,heap        ] GC(1552) PSOldGen: 129363K->131747K(699392K)
[667.695s][info][gc,metaspace   ] GC(1552) Metaspace: 145779K(158544K)->145779K(158544K) NonClass: 126983K(133296K)->126983K(133296K) Class: 18796K(25248K)->18796K(25248K)
[667.695s][info][gc             ] GC(1552) Pause Young (Allocation Failure) 392M->161M(964M) 6.156ms
[667.695s][info][gc,cpu         ] GC(1552) User=0.00s Sys=0.00s Real=0.01s
[667.737s][info][gc,start       ] GC(1553) Pause Young (Allocation Failure)
[667.743s][info][gc,heap        ] GC(1553) PSYoungGen: 287631K->25795K(298496K)
[667.743s][info][gc,heap        ] GC(1553) PSOldGen: 131747K->136599K(699392K)
[667.743s][info][gc,metaspace   ] GC(1553) Metaspace: 145779K(158544K)->145779K(158544K) NonClass: 126983K(133296K)->126983K(133296K) Class: 18796K(25248K)->18796K(25248K)
[667.743s][info][gc             ] GC(1553) Pause Young (Allocation Failure) 409M->158M(974M) 5.630ms
[667.743s][info][gc,cpu         ] GC(1553) User=0.00s Sys=0.00s Real=0.02s
[667.786s][info][gc,start       ] GC(1554) Pause Young (Allocation Failure)
[667.790s][info][gc,heap        ] GC(1554) PSYoungGen: 272041K->10167K(297984K)
[667.790s][info][gc,heap        ] GC(1554) PSOldGen: 136599K->148149K(699392K)
[667.790s][info][gc,metaspace   ] GC(1554) Metaspace: 145779K(158544K)->145779K(158544K) NonClass: 126983K(133296K)->126983K(133296K) Class: 18796K(25248K)->18796K(25248K)
[667.790s][info][gc             ] GC(1554) Pause Young (Allocation Failure) 399M->154M(974M) 4.182ms
[667.790s][info][gc,cpu         ] GC(1554) User=0.00s Sys=0.00s Real=0.01s
[667.819s][info][gc,start       ] GC(1555) Pause Young (Allocation Failure)
[667.823s][info][gc,heap        ] GC(1555) PSYoungGen: 254185K->21893K(301568K)
[667.823s][info][gc,heap        ] GC(1555) PSOldGen: 148149K->153857K(699392K)
[667.823s][info][gc,metaspace   ] GC(1555) Metaspace: 145779K(158544K)->145779K(158544K) NonClass: 126983K(133296K)->126983K(133296K) Class: 18796K(25248K)->18796K(25248K)
[667.823s][info][gc             ] GC(1555) Pause Young (Allocation Failure) 392M->171M(977M) 4.273ms
[667.823s][info][gc,cpu         ] GC(1555) User=0.00s Sys=0.00s Real=0.00s
[667.935s][info][gc,start       ] GC(1556) Pause Young (Allocation Failure)
[667.937s][info][gc,heap        ] GC(1556) PSYoungGen: 273503K->504K(300032K)
[667.937s][info][gc,heap        ] GC(1556) PSOldGen: 153857K->153967K(699392K)
[667.937s][info][gc,metaspace   ] GC(1556) Metaspace: 145779K(158544K)->145779K(158544K) NonClass: 126983K(133296K)->126983K(133296K) Class: 18796K(25248K)->18796K(25248K)
[667.937s][info][gc             ] GC(1556) Pause Young (Allocation Failure) 417M->150M(976M) 1.747ms
[667.937s][info][gc,cpu         ] GC(1556) User=0.02s Sys=0.00s Real=0.00s
[668.066s][info][gc,start       ] GC(1557) Pause Young (Allocation Failure)
[668.070s][info][gc,heap        ] GC(1557) PSYoungGen: 252920K->16192K(304640K)
[668.070s][info][gc,heap        ] GC(1557) PSOldGen: 153967K->154336K(699392K)
[668.070s][info][gc,metaspace   ] GC(1557) Metaspace: 145779K(158544K)->145779K(158544K) NonClass: 126983K(133296K)->126983K(133296K) Class: 18796K(25248K)->18796K(25248K)
[668.070s][info][gc             ] GC(1557) Pause Young (Allocation Failure) 397M->166M(980M) 3.446ms
[668.070s][info][gc,cpu         ] GC(1557) User=0.00s Sys=0.00s Real=0.01s
[668.542s][info][gc,start       ] GC(1558) Pause Young (GCLocker Initiated GC)
[668.547s][info][gc,heap        ] GC(1558) PSYoungGen: 273216K->4713K(301568K)
[668.547s][info][gc,heap        ] GC(1558) PSOldGen: 154338K->170151K(699392K)
[668.547s][info][gc,metaspace   ] GC(1558) Metaspace: 145779K(158544K)->145779K(158544K) NonClass: 126983K(133296K)->126983K(133296K) Class: 18796K(25248K)->18796K(25248K)
[668.547s][info][gc             ] GC(1558) Pause Young (GCLocker Initiated GC) 417M->170M(977M) 4.913ms
[668.547s][info][gc,cpu         ] GC(1558) User=0.06s Sys=0.00s Real=0.00s
[669.545s][info][gc,start       ] GC(1559) Pause Young (Allocation Failure)
[669.548s][info][gc,heap        ] GC(1559) PSYoungGen: 261737K->5991K(306688K)
[669.548s][info][gc,heap        ] GC(1559) PSOldGen: 170572K->171811K(699392K)
[669.548s][info][gc,metaspace   ] GC(1559) Metaspace: 145780K(158544K)->145780K(158544K) NonClass: 126983K(133296K)->126983K(133296K) Class: 18796K(25248K)->18796K(25248K)
[669.548s][info][gc             ] GC(1559) Pause Young (Allocation Failure) 422M->173M(982M) 3.073ms
[669.548s][info][gc,cpu         ] GC(1559) User=0.08s Sys=0.00s Real=0.00s
[670.573s][info][gc,start       ] GC(1560) Pause Young (GCLocker Initiated GC)
[670.576s][info][gc,heap        ] GC(1560) PSYoungGen: 269159K->6029K(305664K)
[670.576s][info][gc,heap        ] GC(1560) PSOldGen: 171816K->172916K(699392K)
[670.576s][info][gc,metaspace   ] GC(1560) Metaspace: 145780K(158544K)->145780K(158544K) NonClass: 126983K(133296K)->126983K(133296K) Class: 18796K(25248K)->18796K(25248K)
[670.576s][info][gc             ] GC(1560) Pause Young (GCLocker Initiated GC) 430M->174M(981M) 3.113ms
[670.576s][info][gc,cpu         ] GC(1560) User=0.00s Sys=0.00s Real=0.00s
[671.528s][info][gc,start       ] GC(1561) Pause Young (Allocation Failure)
[671.530s][info][gc,heap        ] GC(1561) PSYoungGen: 269197K->1167K(308736K)
[671.530s][info][gc,heap        ] GC(1561) PSOldGen: 179077K->180171K(699392K)
[671.530s][info][gc,metaspace   ] GC(1561) Metaspace: 145780K(158544K)->145780K(158544K) NonClass: 126983K(133296K)->126983K(133296K) Class: 18796K(25248K)->18796K(25248K)
[671.530s][info][gc             ] GC(1561) Pause Young (Allocation Failure) 437M->177M(984M) 2.062ms
[671.530s][info][gc,cpu         ] GC(1561) User=0.00s Sys=0.00s Real=0.00s
[672.505s][info][gc,start       ] GC(1562) Pause Young (Allocation Failure)
[672.507s][info][gc,heap        ] GC(1562) PSYoungGen: 268943K->1600K(308224K)
[672.507s][info][gc,heap        ] GC(1562) PSOldGen: 180171K->181160K(699392K)
[672.507s][info][gc,metaspace   ] GC(1562) Metaspace: 145780K(158544K)->145780K(158544K) NonClass: 126983K(133296K)->126983K(133296K) Class: 18796K(25248K)->18796K(25248K)
[672.507s][info][gc             ] GC(1562) Pause Young (Allocation Failure) 438M->178M(984M) 2.592ms
[672.507s][info][gc,cpu         ] GC(1562) User=0.00s Sys=0.00s Real=0.00s
[673.354s][info][gc,start       ] GC(1563) Pause Young (Allocation Failure)
[673.356s][info][gc,heap        ] GC(1563) PSYoungGen: 268188K->677K(310784K)
[673.356s][info][gc,heap        ] GC(1563) PSOldGen: 181160K->181555K(699392K)
[673.356s][info][gc,metaspace   ] GC(1563) Metaspace: 145780K(158544K)->145780K(158544K) NonClass: 126983K(133296K)->126983K(133296K) Class: 18796K(25248K)->18796K(25248K)
[673.356s][info][gc             ] GC(1563) Pause Young (Allocation Failure) 438M->177M(986M) 1.946ms
[673.356s][info][gc,cpu         ] GC(1563) User=0.00s Sys=0.00s Real=0.00s
[673.562s][info][gc,start       ] GC(1564) Pause Young (System.gc())
[673.564s][info][gc,heap        ] GC(1564) PSYoungGen: 175039K->2412K(309760K)
[673.564s][info][gc,heap        ] GC(1564) PSOldGen: 181555K->182021K(699392K)
[673.564s][info][gc,metaspace   ] GC(1564) Metaspace: 145786K(158544K)->145786K(158544K) NonClass: 126989K(133296K)->126989K(133296K) Class: 18796K(25248K)->18796K(25248K)
[673.564s][info][gc             ] GC(1564) Pause Young (System.gc()) 348M->180M(985M) 2.393ms
[673.564s][info][gc,cpu         ] GC(1564) User=0.02s Sys=0.00s Real=0.00s
[673.564s][info][gc,start       ] GC(1565) Pause Full (System.gc())
[673.566s][info][gc,phases,start] GC(1565) Phase 1: Mark live objects
[673.636s][info][gc,phases      ] GC(1565) Phase 1: Mark live objects 69.958ms
[673.636s][info][gc,phases,start] GC(1565) Phase 2: Compute new object addresses
[673.647s][info][gc,phases      ] GC(1565) Phase 2: Compute new object addresses 11.356ms
[673.647s][info][gc,phases,start] GC(1565) Phase 3: Adjust pointers
[673.688s][info][gc,phases      ] GC(1565) Phase 3: Adjust pointers 41.164ms
[673.689s][info][gc,phases,start] GC(1565) Phase 4: Move objects
[673.689s][info][gc,phases      ] GC(1565) Phase 4: Move objects 0.787ms
[673.690s][info][gc,heap        ] GC(1565) PSYoungGen: 2412K->0K(309760K)
[673.690s][info][gc,heap        ] GC(1565) PSOldGen: 182021K->103393K(699392K)
[673.690s][info][gc,metaspace   ] GC(1565) Metaspace: 145786K(158544K)->145786K(158544K) NonClass: 126989K(133296K)->126989K(133296K) Class: 18796K(25248K)->18796K(25248K)
[673.690s][info][gc             ] GC(1565) Pause Full (System.gc()) 180M->100M(985M) 126.205ms
[673.690s][info][gc,cpu         ] GC(1565) User=0.12s Sys=0.00s Real=0.12s
[673.806s][info][gc,start       ] GC(1566) Pause Young (Allocation Failure)
[673.809s][info][gc,heap        ] GC(1566) PSYoungGen: 271360K->17025K(312320K)
[673.809s][info][gc,heap        ] GC(1566) PSOldGen: 103393K->103401K(699392K)
[673.809s][info][gc,metaspace   ] GC(1566) Metaspace: 145876K(158544K)->145876K(158544K) NonClass: 127079K(133296K)->127079K(133296K) Class: 18796K(25248K)->18796K(25248K)
[673.809s][info][gc             ] GC(1566) Pause Young (Allocation Failure) 365M->117M(988M) 3.484ms
[673.809s][info][gc,cpu         ] GC(1566) User=0.00s Sys=0.00s Real=0.00s
[673.858s][info][gc,start       ] GC(1567) Pause Young (Allocation Failure)
[673.863s][info][gc,heap        ] GC(1567) PSYoungGen: 292481K->17318K(312320K)
[673.863s][info][gc,heap        ] GC(1567) PSOldGen: 103401K->116333K(699392K)
[673.863s][info][gc,metaspace   ] GC(1567) Metaspace: 145876K(158544K)->145876K(158544K) NonClass: 127079K(133296K)->127079K(133296K) Class: 18796K(25248K)->18796K(25248K)
[673.863s][info][gc             ] GC(1567) Pause Young (Allocation Failure) 386M->130M(988M) 5.266ms
[673.863s][info][gc,cpu         ] GC(1567) User=0.06s Sys=0.00s Real=0.01s
[673.995s][info][gc,start       ] GC(1568) Pause Young (Allocation Failure)
[674.003s][info][gc,heap        ] GC(1568) PSYoungGen: 290187K->36862K(284672K)
[674.003s][info][gc,heap        ] GC(1568) PSOldGen: 116333K->134179K(699392K)
[674.003s][info][gc,metaspace   ] GC(1568) Metaspace: 145876K(158544K)->145876K(158544K) NonClass: 127079K(133296K)->127079K(133296K) Class: 18796K(25248K)->18796K(25248K)
[674.003s][info][gc             ] GC(1568) Pause Young (Allocation Failure) 396M->167M(961M) 8.142ms
[674.003s][info][gc,cpu         ] GC(1568) User=0.09s Sys=0.00s Real=0.01s
[674.034s][info][gc,start       ] GC(1569) Pause Young (Allocation Failure)
[674.039s][info][gc,heap        ] GC(1569) PSYoungGen: 284353K->9563K(298496K)
[674.039s][info][gc,heap        ] GC(1569) PSOldGen: 134179K->156491K(699392K)
[674.039s][info][gc,metaspace   ] GC(1569) Metaspace: 145876K(158544K)->145876K(158544K) NonClass: 127079K(133296K)->127079K(133296K) Class: 18796K(25248K)->18796K(25248K)
[674.039s][info][gc             ] GC(1569) Pause Young (Allocation Failure) 408M->162M(974M) 5.574ms
[674.039s][info][gc,cpu         ] GC(1569) User=0.00s Sys=0.00s Real=0.00s
[674.175s][info][gc,start       ] GC(1570) Pause Young (Allocation Failure)
[674.180s][info][gc,heap        ] GC(1570) PSYoungGen: 257371K->27709K(297984K)
[674.180s][info][gc,heap        ] GC(1570) PSOldGen: 156491K->157243K(699392K)
[674.180s][info][gc,metaspace   ] GC(1570) Metaspace: 145876K(158544K)->145876K(158544K) NonClass: 127079K(133296K)->127079K(133296K) Class: 18796K(25248K)->18796K(25248K)
[674.180s][info][gc             ] GC(1570) Pause Young (Allocation Failure) 404M->180M(974M) 5.243ms
[674.180s][info][gc,cpu         ] GC(1570) User=0.00s Sys=0.00s Real=0.01s
[674.221s][info][gc,start       ] GC(1571) Pause Young (Allocation Failure)
[674.226s][info][gc,heap        ] GC(1571) PSYoungGen: 277565K->32383K(282624K)
[674.226s][info][gc,heap        ] GC(1571) PSOldGen: 157243K->157423K(699392K)
[674.226s][info][gc,metaspace   ] GC(1571) Metaspace: 145876K(158544K)->145876K(158544K) NonClass: 127079K(133296K)->127079K(133296K) Class: 18796K(25248K)->18796K(25248K)
[674.226s][info][gc             ] GC(1571) Pause Young (Allocation Failure) 424M->185M(959M) 5.885ms
[674.226s][info][gc,cpu         ] GC(1571) User=0.00s Sys=0.00s Real=0.01s
[674.270s][info][gc,start       ] GC(1572) Pause Young (Allocation Failure)
[674.275s][info][gc,heap        ] GC(1572) PSYoungGen: 279674K->14307K(299520K)
[674.275s][info][gc,heap        ] GC(1572) PSOldGen: 157423K->173668K(699392K)
[674.275s][info][gc,metaspace   ] GC(1572) Metaspace: 145876K(158544K)->145876K(158544K) NonClass: 127079K(133296K)->127079K(133296K) Class: 18796K(25248K)->18796K(25248K)
[674.275s][info][gc             ] GC(1572) Pause Young (Allocation Failure) 426M->183M(975M) 4.978ms
[674.275s][info][gc,cpu         ] GC(1572) User=0.00s Sys=0.00s Real=0.00s
[674.304s][info][gc,start       ] GC(1573) Pause Young (Allocation Failure)
[674.308s][info][gc,heap        ] GC(1573) PSYoungGen: 261603K->17553K(296960K)
[674.308s][info][gc,heap        ] GC(1573) PSOldGen: 173668K->179064K(699392K)
[674.308s][info][gc,metaspace   ] GC(1573) Metaspace: 145876K(158544K)->145876K(158544K) NonClass: 127079K(133296K)->127079K(133296K) Class: 18796K(25248K)->18796K(25248K)
[674.308s][info][gc             ] GC(1573) Pause Young (Allocation Failure) 425M->192M(973M) 3.995ms
[674.308s][info][gc,cpu         ] GC(1573) User=0.00s Sys=0.00s Real=0.00s
[674.342s][info][gc,start       ] GC(1574) Pause Young (Allocation Failure)
[674.345s][info][gc,heap        ] GC(1574) PSYoungGen: 263915K->7024K(304128K)
[674.345s][info][gc,heap        ] GC(1574) PSOldGen: 179064K->181647K(699392K)
[674.345s][info][gc,metaspace   ] GC(1574) Metaspace: 145876K(158544K)->145876K(158544K) NonClass: 127079K(133296K)->127079K(133296K) Class: 18796K(25248K)->18796K(25248K)
[674.345s][info][gc             ] GC(1574) Pause Young (Allocation Failure) 432M->184M(980M) 3.258ms
[674.345s][info][gc,cpu         ] GC(1574) User=0.05s Sys=0.00s Real=0.00s
[674.530s][info][gc,start       ] GC(1575) Pause Young (Allocation Failure)
[674.535s][info][gc,heap        ] GC(1575) PSYoungGen: 264560K->24513K(302592K)
[674.535s][info][gc,heap        ] GC(1575) PSOldGen: 181647K->182085K(699392K)
[674.535s][info][gc,metaspace   ] GC(1575) Metaspace: 145876K(158544K)->145876K(158544K) NonClass: 127079K(133296K)->127079K(133296K) Class: 18796K(25248K)->18796K(25248K)
[674.535s][info][gc             ] GC(1575) Pause Young (Allocation Failure) 435M->201M(978M) 4.566ms
[674.535s][info][gc,cpu         ] GC(1575) User=0.02s Sys=0.00s Real=0.01s
[674.977s][info][gc,start       ] GC(1576) Pause Young (GCLocker Initiated GC)
[674.983s][info][gc,heap        ] GC(1576) PSYoungGen: 282049K->9196K(305152K)
[674.983s][info][gc,heap        ] GC(1576) PSOldGen: 182086K->197956K(699392K)
[674.983s][info][gc,metaspace   ] GC(1576) Metaspace: 145879K(158544K)->145879K(158544K) NonClass: 127083K(133296K)->127083K(133296K) Class: 18796K(25248K)->18796K(25248K)
[674.983s][info][gc             ] GC(1576) Pause Young (GCLocker Initiated GC) 453M->202M(981M) 5.353ms
[674.983s][info][gc,cpu         ] GC(1576) User=0.00s Sys=0.00s Real=0.02s
[675.993s][info][gc,start       ] GC(1577) Pause Young (Allocation Failure)
[675.997s][info][gc,heap        ] GC(1577) PSYoungGen: 268780K->3771K(303616K)
[675.997s][info][gc,heap        ] GC(1577) PSOldGen: 197960K->199984K(699392K)
[675.997s][info][gc,metaspace   ] GC(1577) Metaspace: 145881K(158544K)->145881K(158544K) NonClass: 127084K(133296K)->127084K(133296K) Class: 18796K(25248K)->18796K(25248K)
[675.997s][info][gc             ] GC(1577) Pause Young (Allocation Failure) 455M->198M(979M) 3.248ms
[675.997s][info][gc,cpu         ] GC(1577) User=0.00s Sys=0.00s Real=0.01s
[676.887s][info][gc,start       ] GC(1578) Pause Young (Allocation Failure)
[676.889s][info][gc,heap        ] GC(1578) PSYoungGen: 263355K->5142K(307200K)
[676.889s][info][gc,heap        ] GC(1578) PSOldGen: 199984K->200733K(699392K)
[676.889s][info][gc,metaspace   ] GC(1578) Metaspace: 145881K(158544K)->145881K(158544K) NonClass: 127084K(133296K)->127084K(133296K) Class: 18796K(25248K)->18796K(25248K)
[676.889s][info][gc             ] GC(1578) Pause Young (Allocation Failure) 452M->201M(983M) 2.557ms
[676.889s][info][gc,cpu         ] GC(1578) User=0.00s Sys=0.00s Real=0.00s
[677.824s][info][gc,start       ] GC(1579) Pause Young (Allocation Failure)
[677.827s][info][gc,heap        ] GC(1579) PSYoungGen: 268822K->6896K(305664K)
[677.827s][info][gc,heap        ] GC(1579) PSOldGen: 200733K->201932K(699392K)
[677.827s][info][gc,metaspace   ] GC(1579) Metaspace: 145881K(158544K)->145881K(158544K) NonClass: 127084K(133296K)->127084K(133296K) Class: 18796K(25248K)->18796K(25248K)
[677.827s][info][gc             ] GC(1579) Pause Young (Allocation Failure) 458M->203M(981M) 2.954ms
[677.827s][info][gc,cpu         ] GC(1579) User=0.00s Sys=0.00s Real=0.00s
[678.790s][info][gc,start       ] GC(1580) Pause Young (Allocation Failure)
[678.793s][info][gc,heap        ] GC(1580) PSYoungGen: 270576K->3996K(309760K)
[678.793s][info][gc,heap        ] GC(1580) PSOldGen: 201932K->202351K(699392K)
[678.793s][info][gc,metaspace   ] GC(1580) Metaspace: 145881K(158544K)->145881K(158544K) NonClass: 127084K(133296K)->127084K(133296K) Class: 18796K(25248K)->18796K(25248K)
[678.793s][info][gc             ] GC(1580) Pause Young (Allocation Failure) 461M->201M(985M) 2.893ms
[678.793s][info][gc,cpu         ] GC(1580) User=0.00s Sys=0.00s Real=0.00s
[679.785s][info][gc,start       ] GC(1581) Pause Young (Allocation Failure)
[679.788s][info][gc,heap        ] GC(1581) PSYoungGen: 273308K->1550K(308736K)
[679.788s][info][gc,heap        ] GC(1581) PSOldGen: 202351K->202684K(699392K)
[679.788s][info][gc,metaspace   ] GC(1581) Metaspace: 145881K(158544K)->145881K(158544K) NonClass: 127084K(133296K)->127084K(133296K) Class: 18796K(25248K)->18796K(25248K)
[679.788s][info][gc             ] GC(1581) Pause Young (Allocation Failure) 464M->199M(984M) 3.452ms
[679.788s][info][gc,cpu         ] GC(1581) User=0.00s Sys=0.00s Real=0.00s
[680.089s][info][gc,start       ] GC(1582) Pause Young (System.gc())
[680.092s][info][gc,heap        ] GC(1582) PSYoungGen: 216574K->2547K(311808K)
[680.092s][info][gc,heap        ] GC(1582) PSOldGen: 202684K->203155K(699392K)
[680.092s][info][gc,metaspace   ] GC(1582) Metaspace: 145910K(158544K)->145910K(158544K) NonClass: 127114K(133296K)->127114K(133296K) Class: 18796K(25248K)->18796K(25248K)
[680.092s][info][gc             ] GC(1582) Pause Young (System.gc()) 409M->200M(987M) 2.866ms
[680.092s][info][gc,cpu         ] GC(1582) User=0.00s Sys=0.00s Real=0.00s
[680.092s][info][gc,start       ] GC(1583) Pause Full (System.gc())
[680.094s][info][gc,phases,start] GC(1583) Phase 1: Mark live objects
[680.164s][info][gc,phases      ] GC(1583) Phase 1: Mark live objects 70.415ms
[680.165s][info][gc,phases,start] GC(1583) Phase 2: Compute new object addresses
[680.176s][info][gc,phases      ] GC(1583) Phase 2: Compute new object addresses 11.666ms
[680.176s][info][gc,phases,start] GC(1583) Phase 3: Adjust pointers
[680.217s][info][gc,phases      ] GC(1583) Phase 3: Adjust pointers 41.159ms
[680.217s][info][gc,phases,start] GC(1583) Phase 4: Move objects
[680.218s][info][gc,phases      ] GC(1583) Phase 4: Move objects 0.835ms
[680.219s][info][gc,heap        ] GC(1583) PSYoungGen: 2547K->0K(311808K)
[680.219s][info][gc,heap        ] GC(1583) PSOldGen: 203155K->107723K(699392K)
[680.219s][info][gc,metaspace   ] GC(1583) Metaspace: 145910K(158544K)->145910K(158544K) NonClass: 127114K(133296K)->127114K(133296K) Class: 18796K(25248K)->18796K(25248K)
[680.219s][info][gc             ] GC(1583) Pause Full (System.gc()) 200M->105M(987M) 127.084ms
[680.219s][info][gc,cpu         ] GC(1583) User=0.14s Sys=0.00s Real=0.13s
[680.328s][info][gc,start       ] GC(1584) Pause Young (Allocation Failure)
[680.332s][info][gc,heap        ] GC(1584) PSYoungGen: 272896K->16961K(310272K)
[680.332s][info][gc,heap        ] GC(1584) PSOldGen: 107723K->107723K(699392K)
[680.332s][info][gc,metaspace   ] GC(1584) Metaspace: 145910K(158544K)->145910K(158544K) NonClass: 127114K(133296K)->127114K(133296K) Class: 18796K(25248K)->18796K(25248K)
[680.332s][info][gc             ] GC(1584) Pause Young (Allocation Failure) 371M->121M(986M) 3.473ms
[680.332s][info][gc,cpu         ] GC(1584) User=0.00s Sys=0.00s Real=0.00s
[680.377s][info][gc,start       ] GC(1585) Pause Young (Allocation Failure)
[680.383s][info][gc,heap        ] GC(1585) PSYoungGen: 289857K->17254K(312320K)
[680.383s][info][gc,heap        ] GC(1585) PSOldGen: 107723K->120718K(699392K)
[680.383s][info][gc,metaspace   ] GC(1585) Metaspace: 145910K(158544K)->145910K(158544K) NonClass: 127114K(133296K)->127114K(133296K) Class: 18796K(25248K)->18796K(25248K)
[680.383s][info][gc             ] GC(1585) Pause Young (Allocation Failure) 388M->134M(988M) 5.487ms
[680.383s][info][gc,cpu         ] GC(1585) User=0.00s Sys=0.00s Real=0.01s
[680.517s][info][gc,start       ] GC(1586) Pause Young (Allocation Failure)
[680.526s][info][gc,heap        ] GC(1586) PSYoungGen: 290607K->36858K(311808K)
[680.526s][info][gc,heap        ] GC(1586) PSOldGen: 120718K->134022K(699392K)
[680.526s][info][gc,metaspace   ] GC(1586) Metaspace: 145910K(158544K)->145910K(158544K) NonClass: 127114K(133296K)->127114K(133296K) Class: 18796K(25248K)->18796K(25248K)
[680.526s][info][gc             ] GC(1586) Pause Young (Allocation Failure) 401M->166M(987M) 9.335ms
[680.526s][info][gc,cpu         ] GC(1586) User=0.00s Sys=0.00s Real=0.01s
[680.560s][info][gc,start       ] GC(1587) Pause Young (Allocation Failure)
[680.567s][info][gc,heap        ] GC(1587) PSYoungGen: 309988K->20827K(292352K)
[680.567s][info][gc,heap        ] GC(1587) PSOldGen: 134022K->157135K(699392K)
[680.567s][info][gc,metaspace   ] GC(1587) Metaspace: 145910K(158544K)->145910K(158544K) NonClass: 127114K(133296K)->127114K(133296K) Class: 18796K(25248K)->18796K(25248K)
[680.567s][info][gc             ] GC(1587) Pause Young (Allocation Failure) 433M->173M(968M) 7.066ms
[680.567s][info][gc,cpu         ] GC(1587) User=0.06s Sys=0.00s Real=0.01s
[680.705s][info][gc,start       ] GC(1588) Pause Young (Allocation Failure)
[680.711s][info][gc,heap        ] GC(1588) PSYoungGen: 275803K->33295K(288768K)
[680.711s][info][gc,heap        ] GC(1588) PSOldGen: 157135K->157738K(699392K)
[680.711s][info][gc,metaspace   ] GC(1588) Metaspace: 145910K(158544K)->145910K(158544K) NonClass: 127114K(133296K)->127114K(133296K) Class: 18796K(25248K)->18796K(25248K)
[680.711s][info][gc             ] GC(1588) Pause Young (Allocation Failure) 422M->186M(965M) 6.087ms
[680.711s][info][gc,cpu         ] GC(1588) User=0.00s Sys=0.00s Real=0.01s
[680.753s][info][gc,start       ] GC(1589) Pause Young (Allocation Failure)
[680.758s][info][gc,heap        ] GC(1589) PSYoungGen: 288271K->23092K(300032K)
[680.758s][info][gc,heap        ] GC(1589) PSOldGen: 157738K->163423K(699392K)
[680.758s][info][gc,metaspace   ] GC(1589) Metaspace: 145910K(158544K)->145910K(158544K) NonClass: 127114K(133296K)->127114K(133296K) Class: 18796K(25248K)->18796K(25248K)
[680.758s][info][gc             ] GC(1589) Pause Young (Allocation Failure) 435M->182M(976M) 5.287ms
[680.758s][info][gc,cpu         ] GC(1589) User=0.00s Sys=0.00s Real=0.01s
[680.801s][info][gc,start       ] GC(1590) Pause Young (Allocation Failure)
[680.805s][info][gc,heap        ] GC(1590) PSYoungGen: 271942K->10784K(298496K)
[680.805s][info][gc,heap        ] GC(1590) PSOldGen: 163423K->174285K(699392K)
[680.805s][info][gc,metaspace   ] GC(1590) Metaspace: 145910K(158544K)->145910K(158544K) NonClass: 127114K(133296K)->127114K(133296K) Class: 18796K(25248K)->18796K(25248K)
[680.805s][info][gc             ] GC(1590) Pause Young (Allocation Failure) 425M->180M(974M) 4.162ms
[680.805s][info][gc,cpu         ] GC(1590) User=0.00s Sys=0.00s Real=0.00s
[680.835s][info][gc,start       ] GC(1591) Pause Young (GCLocker Initiated GC)
[680.839s][info][gc,heap        ] GC(1591) PSYoungGen: 256335K->9423K(303104K)
[680.839s][info][gc,heap        ] GC(1591) PSOldGen: 182477K->188465K(699392K)
[680.839s][info][gc,metaspace   ] GC(1591) Metaspace: 145910K(158544K)->145910K(158544K) NonClass: 127114K(133296K)->127114K(133296K) Class: 18796K(25248K)->18796K(25248K)
[680.839s][info][gc             ] GC(1591) Pause Young (GCLocker Initiated GC) 428M->193M(979M) 3.414ms
[680.839s][info][gc,cpu         ] GC(1591) User=0.00s Sys=0.00s Real=0.00s
[680.980s][info][gc,start       ] GC(1592) Pause Young (Allocation Failure)
[680.983s][info][gc,heap        ] GC(1592) PSYoungGen: 264911K->6726K(301568K)
[680.983s][info][gc,heap        ] GC(1592) PSOldGen: 188700K->188889K(699392K)
[680.983s][info][gc,metaspace   ] GC(1592) Metaspace: 145910K(158544K)->145910K(158544K) NonClass: 127114K(133296K)->127114K(133296K) Class: 18796K(25248K)->18796K(25248K)
[680.983s][info][gc             ] GC(1592) Pause Young (Allocation Failure) 442M->191M(977M) 3.067ms
[680.984s][info][gc,cpu         ] GC(1592) User=0.00s Sys=0.00s Real=0.00s
[681.106s][info][gc,start       ] GC(1593) Pause Young (Allocation Failure)
[681.109s][info][gc,heap        ] GC(1593) PSYoungGen: 262214K->15945K(307200K)
[681.109s][info][gc,heap        ] GC(1593) PSOldGen: 188889K->189274K(699392K)
[681.109s][info][gc,metaspace   ] GC(1593) Metaspace: 145910K(158544K)->145910K(158544K) NonClass: 127114K(133296K)->127114K(133296K) Class: 18796K(25248K)->18796K(25248K)
[681.109s][info][gc             ] GC(1593) Pause Young (Allocation Failure) 440M->200M(983M) 3.655ms
[681.109s][info][gc,cpu         ] GC(1593) User=0.09s Sys=0.00s Real=0.01s
[681.656s][info][gc,start       ] GC(1594) Pause Young (Allocation Failure)
[681.660s][info][gc,heap        ] GC(1594) PSYoungGen: 278601K->1812K(304640K)
[681.660s][info][gc,heap        ] GC(1594) PSOldGen: 189274K->205084K(699392K)
[681.660s][info][gc,metaspace   ] GC(1594) Metaspace: 145910K(158544K)->145910K(158544K) NonClass: 127114K(133296K)->127114K(133296K) Class: 18796K(25248K)->18796K(25248K)
[681.660s][info][gc             ] GC(1594) Pause Young (Allocation Failure) 456M->202M(980M) 3.932ms
[681.660s][info][gc,cpu         ] GC(1594) User=0.00s Sys=0.00s Real=0.01s
[682.647s][info][gc,start       ] GC(1595) Pause Young (GCLocker Initiated GC)
[682.649s][info][gc,heap        ] GC(1595) PSYoungGen: 264468K->5567K(308736K)
[682.649s][info][gc,heap        ] GC(1595) PSOldGen: 205085K->205824K(699392K)
[682.649s][info][gc,metaspace   ] GC(1595) Metaspace: 145910K(158544K)->145910K(158544K) NonClass: 127114K(133296K)->127114K(133296K) Class: 18796K(25248K)->18796K(25248K)
[682.649s][info][gc             ] GC(1595) Pause Young (GCLocker Initiated GC) 458M->206M(984M) 2.887ms
[682.649s][info][gc,cpu         ] GC(1595) User=0.00s Sys=0.00s Real=0.00s
[683.706s][info][gc,start       ] GC(1596) Pause Young (Allocation Failure)
[683.708s][info][gc,heap        ] GC(1596) PSYoungGen: 272831K->1697K(307712K)
[683.708s][info][gc,heap        ] GC(1596) PSOldGen: 206850K->207142K(699392K)
[683.708s][info][gc,metaspace   ] GC(1596) Metaspace: 145910K(158544K)->145910K(158544K) NonClass: 127114K(133296K)->127114K(133296K) Class: 18796K(25248K)->18796K(25248K)
[683.708s][info][gc             ] GC(1596) Pause Young (Allocation Failure) 468M->203M(983M) 2.159ms
[683.708s][info][gc,cpu         ] GC(1596) User=0.00s Sys=0.00s Real=0.00s
[684.616s][info][gc,start       ] GC(1597) Pause Young (Allocation Failure)
[684.619s][info][gc,heap        ] GC(1597) PSYoungGen: 268961K->9019K(311296K)
[684.619s][info][gc,heap        ] GC(1597) PSOldGen: 207142K->207571K(699392K)
[684.619s][info][gc,metaspace   ] GC(1597) Metaspace: 145910K(158544K)->145910K(158544K) NonClass: 127114K(133296K)->127114K(133296K) Class: 18796K(25248K)->18796K(25248K)
[684.620s][info][gc             ] GC(1597) Pause Young (Allocation Failure) 464M->211M(987M) 3.444ms
[684.620s][info][gc,cpu         ] GC(1597) User=0.00s Sys=0.00s Real=0.00s
[685.677s][info][gc,start       ] GC(1598) Pause Young (Allocation Failure)
[685.679s][info][gc,heap        ] GC(1598) PSYoungGen: 280379K->2518K(309248K)
[685.679s][info][gc,heap        ] GC(1598) PSOldGen: 207571K->208074K(699392K)
[685.679s][info][gc,metaspace   ] GC(1598) Metaspace: 145910K(158544K)->145910K(158544K) NonClass: 127114K(133296K)->127114K(133296K) Class: 18796K(25248K)->18796K(25248K)
[685.680s][info][gc             ] GC(1598) Pause Young (Allocation Failure) 476M->205M(985M) 2.587ms
[685.680s][info][gc,cpu         ] GC(1598) User=0.00s Sys=0.00s Real=0.00s
[686.476s][info][gc,start       ] GC(1599) Pause Young (Allocation Failure)
[686.478s][info][gc,heap        ] GC(1599) PSYoungGen: 273878K->2486K(313344K)
[686.478s][info][gc,heap        ] GC(1599) PSOldGen: 208074K->208517K(699392K)
[686.478s][info][gc,metaspace   ] GC(1599) Metaspace: 145910K(158544K)->145910K(158544K) NonClass: 127114K(133296K)->127114K(133296K) Class: 18796K(25248K)->18796K(25248K)
[686.478s][info][gc             ] GC(1599) Pause Young (Allocation Failure) 470M->206M(989M) 2.554ms
[686.478s][info][gc,cpu         ] GC(1599) User=0.00s Sys=0.00s Real=0.00s
[686.607s][info][gc,start       ] GC(1600) Pause Young (System.gc())
[686.609s][info][gc,heap        ] GC(1600) PSYoungGen: 135550K->1509K(312320K)
[686.609s][info][gc,heap        ] GC(1600) PSOldGen: 208517K->209874K(699392K)
[686.609s][info][gc,metaspace   ] GC(1600) Metaspace: 145911K(158544K)->145911K(158544K) NonClass: 127115K(133296K)->127115K(133296K) Class: 18796K(25248K)->18796K(25248K)
[686.609s][info][gc             ] GC(1600) Pause Young (System.gc()) 336M->206M(988M) 2.321ms
[686.609s][info][gc,cpu         ] GC(1600) User=0.00s Sys=0.00s Real=0.00s
[686.609s][info][gc,start       ] GC(1601) Pause Full (System.gc())
[686.611s][info][gc,phases,start] GC(1601) Phase 1: Mark live objects
[686.681s][info][gc,phases      ] GC(1601) Phase 1: Mark live objects 70.459ms
[686.681s][info][gc,phases,start] GC(1601) Phase 2: Compute new object addresses
[686.693s][info][gc,phases      ] GC(1601) Phase 2: Compute new object addresses 11.292ms
[686.693s][info][gc,phases,start] GC(1601) Phase 3: Adjust pointers
[686.734s][info][gc,phases      ] GC(1601) Phase 3: Adjust pointers 41.556ms
[686.734s][info][gc,phases,start] GC(1601) Phase 4: Move objects
[686.736s][info][gc,phases      ] GC(1601) Phase 4: Move objects 1.614ms
[686.737s][info][gc,heap        ] GC(1601) PSYoungGen: 1509K->0K(312320K)
[686.737s][info][gc,heap        ] GC(1601) PSOldGen: 209874K->107837K(699392K)
[686.737s][info][gc,metaspace   ] GC(1601) Metaspace: 145911K(158544K)->145911K(158544K) NonClass: 127115K(133296K)->127115K(133296K) Class: 18796K(25248K)->18796K(25248K)
[686.737s][info][gc             ] GC(1601) Pause Full (System.gc()) 206M->105M(988M) 128.225ms
[686.737s][info][gc,cpu         ] GC(1601) User=0.14s Sys=0.00s Real=0.13s
[686.834s][info][gc,start       ] GC(1602) Pause Young (Allocation Failure)
[686.838s][info][gc,heap        ] GC(1602) PSYoungGen: 276480K->17009K(314368K)
[686.838s][info][gc,heap        ] GC(1602) PSOldGen: 107837K->107837K(699392K)
[686.838s][info][gc,metaspace   ] GC(1602) Metaspace: 145911K(158544K)->145911K(158544K) NonClass: 127115K(133296K)->127115K(133296K) Class: 18796K(25248K)->18796K(25248K)
[686.838s][info][gc             ] GC(1602) Pause Young (Allocation Failure) 375M->121M(990M) 3.230ms
[686.838s][info][gc,cpu         ] GC(1602) User=0.00s Sys=0.00s Real=0.00s
[686.884s][info][gc,start       ] GC(1603) Pause Young (Allocation Failure)
[686.890s][info][gc,heap        ] GC(1603) PSYoungGen: 296561K->19078K(299008K)
[686.890s][info][gc,heap        ] GC(1603) PSOldGen: 107837K->120789K(699392K)
[686.890s][info][gc,metaspace   ] GC(1603) Metaspace: 145911K(158544K)->145911K(158544K) NonClass: 127115K(133296K)->127115K(133296K) Class: 18796K(25248K)->18796K(25248K)
[686.890s][info][gc             ] GC(1603) Pause Young (Allocation Failure) 394M->136M(975M) 5.484ms
[686.890s][info][gc,cpu         ] GC(1603) User=0.00s Sys=0.00s Real=0.01s
[687.026s][info][gc,start       ] GC(1604) Pause Young (Allocation Failure)
[687.033s][info][gc,heap        ] GC(1604) PSYoungGen: 295575K->29715K(304128K)
[687.033s][info][gc,heap        ] GC(1604) PSOldGen: 120789K->132900K(699392K)
[687.033s][info][gc,metaspace   ] GC(1604) Metaspace: 145911K(158544K)->145911K(158544K) NonClass: 127115K(133296K)->127115K(133296K) Class: 18796K(25248K)->18796K(25248K)
[687.033s][info][gc             ] GC(1604) Pause Young (Allocation Failure) 406M->158M(980M) 6.881ms
[687.033s][info][gc,cpu         ] GC(1604) User=0.08s Sys=0.02s Real=0.01s
[687.066s][info][gc,start       ] GC(1605) Pause Young (Allocation Failure)
[687.073s][info][gc,heap        ] GC(1605) PSYoungGen: 297190K->17004K(308736K)
[687.073s][info][gc,heap        ] GC(1605) PSOldGen: 132900K->158324K(699392K)
[687.073s][info][gc,metaspace   ] GC(1605) Metaspace: 145911K(158544K)->145911K(158544K) NonClass: 127115K(133296K)->127115K(133296K) Class: 18796K(25248K)->18796K(25248K)
[687.073s][info][gc             ] GC(1605) Pause Young (Allocation Failure) 420M->171M(984M) 7.242ms
[687.073s][info][gc,cpu         ] GC(1605) User=0.00s Sys=0.00s Real=0.01s
[687.218s][info][gc,start       ] GC(1606) Pause Young (Allocation Failure)
[687.223s][info][gc,heap        ] GC(1606) PSYoungGen: 285292K->30987K(302080K)
[687.223s][info][gc,heap        ] GC(1606) PSOldGen: 158324K->158364K(699392K)
[687.223s][info][gc,metaspace   ] GC(1606) Metaspace: 145911K(158544K)->145911K(158544K) NonClass: 127115K(133296K)->127115K(133296K) Class: 18796K(25248K)->18796K(25248K)
[687.223s][info][gc             ] GC(1606) Pause Young (Allocation Failure) 433M->184M(978M) 5.678ms
[687.224s][info][gc,cpu         ] GC(1606) User=0.02s Sys=0.00s Real=0.00s
[687.278s][info][gc,start       ] GC(1607) Pause Young (Allocation Failure)
[687.281s][info][gc,heap        ] GC(1607) PSYoungGen: 290236K->7541K(306176K)
[687.281s][info][gc,heap        ] GC(1607) PSOldGen: 158364K->167898K(699392K)
[687.281s][info][gc,metaspace   ] GC(1607) Metaspace: 145911K(158544K)->145911K(158544K) NonClass: 127115K(133296K)->127115K(133296K) Class: 18796K(25248K)->18796K(25248K)
[687.281s][info][gc             ] GC(1607) Pause Young (Allocation Failure) 438M->171M(982M) 3.487ms
[687.281s][info][gc,cpu         ] GC(1607) User=0.08s Sys=0.02s Real=0.01s
[687.317s][info][gc,start       ] GC(1608) Pause Young (GCLocker Initiated GC)
[687.321s][info][gc,heap        ] GC(1608) PSYoungGen: 270268K->18996K(308736K)
[687.321s][info][gc,heap        ] GC(1608) PSOldGen: 171994K->179377K(699392K)
[687.321s][info][gc,metaspace   ] GC(1608) Metaspace: 145911K(158544K)->145911K(158544K) NonClass: 127115K(133296K)->127115K(133296K) Class: 18796K(25248K)->18796K(25248K)
[687.321s][info][gc             ] GC(1608) Pause Young (GCLocker Initiated GC) 431M->193M(984M) 4.757ms
[687.321s][info][gc,cpu         ] GC(1608) User=0.00s Sys=0.00s Real=0.00s
[687.357s][info][gc,start       ] GC(1609) Pause Young (Allocation Failure)
[687.359s][info][gc,heap        ] GC(1609) PSYoungGen: 286260K->4091K(307712K)
[687.360s][info][gc,heap        ] GC(1609) PSOldGen: 195762K->200026K(699392K)
[687.360s][info][gc,metaspace   ] GC(1609) Metaspace: 145911K(158544K)->145911K(158544K) NonClass: 127115K(133296K)->127115K(133296K) Class: 18796K(25248K)->18796K(25248K)
[687.360s][info][gc             ] GC(1609) Pause Young (Allocation Failure) 470M->199M(983M) 2.872ms
[687.360s][info][gc,cpu         ] GC(1609) User=0.08s Sys=0.00s Real=0.00s
[687.514s][info][gc,start       ] GC(1610) Pause Young (Allocation Failure)
[687.519s][info][gc,heap        ] GC(1610) PSYoungGen: 271355K->29576K(303104K)
[687.519s][info][gc,heap        ] GC(1610) PSOldGen: 200026K->200136K(699392K)
[687.519s][info][gc,metaspace   ] GC(1610) Metaspace: 145911K(158544K)->145911K(158544K) NonClass: 127115K(133296K)->127115K(133296K) Class: 18796K(25248K)->18796K(25248K)
[687.519s][info][gc             ] GC(1610) Pause Young (Allocation Failure) 460M->224M(979M) 5.768ms
[687.519s][info][gc,cpu         ] GC(1610) User=0.09s Sys=0.00s Real=0.01s
[687.701s][info][gc,start       ] GC(1611) Pause Young (Allocation Failure)
[687.704s][info][gc,heap        ] GC(1611) PSYoungGen: 292744K->6955K(306176K)
[687.704s][info][gc,heap        ] GC(1611) PSOldGen: 200136K->209810K(699392K)
[687.704s][info][gc,metaspace   ] GC(1611) Metaspace: 145911K(158544K)->145911K(158544K) NonClass: 127115K(133296K)->127115K(133296K) Class: 18796K(25248K)->18796K(25248K)
[687.704s][info][gc             ] GC(1611) Pause Young (Allocation Failure) 481M->211M(982M) 3.526ms
[687.705s][info][gc,cpu         ] GC(1611) User=0.09s Sys=0.00s Real=0.00s
[688.504s][info][gc,start       ] GC(1612) Pause Young (Allocation Failure)
[688.508s][info][gc,heap        ] GC(1612) PSYoungGen: 270123K->5159K(308736K)
[688.508s][info][gc,heap        ] GC(1612) PSOldGen: 209810K->216452K(699392K)
[688.508s][info][gc,metaspace   ] GC(1612) Metaspace: 145911K(158544K)->145911K(158544K) NonClass: 127115K(133296K)->127115K(133296K) Class: 18796K(25248K)->18796K(25248K)
[688.508s][info][gc             ] GC(1612) Pause Young (Allocation Failure) 468M->216M(984M) 3.878ms
[688.508s][info][gc,cpu         ] GC(1612) User=0.00s Sys=0.00s Real=0.00s
[689.547s][info][gc,start       ] GC(1613) Pause Young (GCLocker Initiated GC)
[689.550s][info][gc,heap        ] GC(1613) PSYoungGen: 271911K->7090K(307200K)
[689.550s][info][gc,heap        ] GC(1613) PSOldGen: 216493K->217085K(699392K)
[689.550s][info][gc,metaspace   ] GC(1613) Metaspace: 145911K(158544K)->145911K(158544K) NonClass: 127115K(133296K)->127115K(133296K) Class: 18796K(25248K)->18796K(25248K)
[689.550s][info][gc             ] GC(1613) Pause Young (GCLocker Initiated GC) 476M->218M(983M) 3.252ms
[689.550s][info][gc,cpu         ] GC(1613) User=0.00s Sys=0.00s Real=0.00s
[690.543s][info][gc,start       ] GC(1614) Pause Young (Allocation Failure)
[690.545s][info][gc,heap        ] GC(1614) PSYoungGen: 273842K->1687K(310784K)
[690.545s][info][gc,heap        ] GC(1614) PSOldGen: 217086K->217543K(699392K)
[690.545s][info][gc,metaspace   ] GC(1614) Metaspace: 145911K(158544K)->145911K(158544K) NonClass: 127115K(133296K)->127115K(133296K) Class: 18796K(25248K)->18796K(25248K)
[690.545s][info][gc             ] GC(1614) Pause Young (Allocation Failure) 479M->214M(986M) 2.104ms
[690.545s][info][gc,cpu         ] GC(1614) User=0.00s Sys=0.00s Real=0.00s
[691.569s][info][gc,start       ] GC(1615) Pause Young (Allocation Failure)
[691.572s][info][gc,heap        ] GC(1615) PSYoungGen: 273559K->3738K(310272K)
[691.572s][info][gc,heap        ] GC(1615) PSOldGen: 217543K->218049K(699392K)
[691.572s][info][gc,metaspace   ] GC(1615) Metaspace: 145911K(158544K)->145911K(158544K) NonClass: 127115K(133296K)->127115K(133296K) Class: 18796K(25248K)->18796K(25248K)
[691.572s][info][gc             ] GC(1615) Pause Young (Allocation Failure) 479M->216M(986M) 2.703ms
[691.572s][info][gc,cpu         ] GC(1615) User=0.00s Sys=0.00s Real=0.00s
[692.462s][info][gc,start       ] GC(1616) Pause Young (GCLocker Initiated GC)
[692.465s][info][gc,heap        ] GC(1616) PSYoungGen: 275610K->5982K(313856K)
[692.465s][info][gc,heap        ] GC(1616) PSOldGen: 218060K->218512K(699392K)
[692.465s][info][gc,metaspace   ] GC(1616) Metaspace: 145911K(158544K)->145911K(158544K) NonClass: 127115K(133296K)->127115K(133296K) Class: 18796K(25248K)->18796K(25248K)
[692.465s][info][gc             ] GC(1616) Pause Young (GCLocker Initiated GC) 482M->219M(989M) 2.788ms
[692.465s][info][gc,cpu         ] GC(1616) User=0.00s Sys=0.00s Real=0.00s
[693.071s][info][gc,start       ] GC(1617) Pause Young (Allocation Failure)
[693.074s][info][gc,heap        ] GC(1617) PSYoungGen: 282462K->3216K(311808K)
[693.074s][info][gc,heap        ] GC(1617) PSOldGen: 218514K->218967K(699392K)
[693.074s][info][gc,metaspace   ] GC(1617) Metaspace: 145911K(158544K)->145911K(158544K) NonClass: 127115K(133296K)->127115K(133296K) Class: 18796K(25248K)->18796K(25248K)
[693.074s][info][gc             ] GC(1617) Pause Young (Allocation Failure) 489M->216M(987M) 2.800ms
[693.074s][info][gc,cpu         ] GC(1617) User=0.00s Sys=0.00s Real=0.00s
[693.118s][info][gc,start       ] GC(1618) Pause Young (System.gc())
[693.121s][info][gc,heap        ] GC(1618) PSYoungGen: 34436K->448K(315904K)
[693.121s][info][gc,heap        ] GC(1618) PSOldGen: 218967K->221446K(699392K)
[693.121s][info][gc,metaspace   ] GC(1618) Metaspace: 145911K(158544K)->145911K(158544K) NonClass: 127115K(133296K)->127115K(133296K) Class: 18796K(25248K)->18796K(25248K)
[693.121s][info][gc             ] GC(1618) Pause Young (System.gc()) 247M->216M(991M) 3.326ms
[693.121s][info][gc,cpu         ] GC(1618) User=0.00s Sys=0.00s Real=0.02s
[693.121s][info][gc,start       ] GC(1619) Pause Full (System.gc())
[693.123s][info][gc,phases,start] GC(1619) Phase 1: Mark live objects
[693.193s][info][gc,phases      ] GC(1619) Phase 1: Mark live objects 70.539ms
[693.193s][info][gc,phases,start] GC(1619) Phase 2: Compute new object addresses
[693.205s][info][gc,phases      ] GC(1619) Phase 2: Compute new object addresses 11.360ms
[693.205s][info][gc,phases,start] GC(1619) Phase 3: Adjust pointers
[693.246s][info][gc,phases      ] GC(1619) Phase 3: Adjust pointers 41.308ms
[693.246s][info][gc,phases,start] GC(1619) Phase 4: Move objects
[693.250s][info][gc,phases      ] GC(1619) Phase 4: Move objects 3.922ms
[693.251s][info][gc,heap        ] GC(1619) PSYoungGen: 448K->0K(315904K)
[693.251s][info][gc,heap        ] GC(1619) PSOldGen: 221446K->72653K(699392K)
[693.251s][info][gc,metaspace   ] GC(1619) Metaspace: 145911K(158544K)->145911K(158544K) NonClass: 127115K(133296K)->127115K(133296K) Class: 18796K(25248K)->18796K(25248K)
[693.251s][info][gc             ] GC(1619) Pause Full (System.gc()) 216M->70M(991M) 130.130ms
[693.251s][info][gc,cpu         ] GC(1619) User=0.14s Sys=0.00s Real=0.13s
[693.373s][info][gc,start       ] GC(1620) Pause Young (Allocation Failure)
[693.376s][info][gc,heap        ] GC(1620) PSYoungGen: 281600K->17024K(314880K)
[693.376s][info][gc,heap        ] GC(1620) PSOldGen: 72653K->72653K(699392K)
[693.376s][info][gc,metaspace   ] GC(1620) Metaspace: 145911K(158544K)->145911K(158544K) NonClass: 127115K(133296K)->127115K(133296K) Class: 18796K(25248K)->18796K(25248K)
[693.376s][info][gc             ] GC(1620) Pause Young (Allocation Failure) 345M->87M(990M) 3.401ms
[693.376s][info][gc,cpu         ] GC(1620) User=0.06s Sys=0.02s Real=0.00s
[693.426s][info][gc,start       ] GC(1621) Pause Young (Allocation Failure)
[693.430s][info][gc,heap        ] GC(1621) PSYoungGen: 298624K->15430K(315392K)
[693.430s][info][gc,heap        ] GC(1621) PSOldGen: 72653K->85600K(699392K)
[693.430s][info][gc,metaspace   ] GC(1621) Metaspace: 145911K(158544K)->145911K(158544K) NonClass: 127115K(133296K)->127115K(133296K) Class: 18796K(25248K)->18796K(25248K)
[693.430s][info][gc             ] GC(1621) Pause Young (Allocation Failure) 362M->98M(991M) 4.814ms
[693.430s][info][gc,cpu         ] GC(1621) User=0.00s Sys=0.00s Real=0.01s
[693.570s][info][gc,start       ] GC(1622) Pause Young (Allocation Failure)
[693.577s][info][gc,heap        ] GC(1622) PSYoungGen: 293414K->33745K(315392K)
[693.577s][info][gc,heap        ] GC(1622) PSOldGen: 85600K->95958K(699392K)
[693.577s][info][gc,metaspace   ] GC(1622) Metaspace: 145911K(158544K)->145911K(158544K) NonClass: 127115K(133296K)->127115K(133296K) Class: 18796K(25248K)->18796K(25248K)
[693.577s][info][gc             ] GC(1622) Pause Young (Allocation Failure) 370M->126M(991M) 6.943ms
[693.577s][info][gc,cpu         ] GC(1622) User=0.00s Sys=0.00s Real=0.01s
[693.610s][info][gc,start       ] GC(1623) Pause Young (Allocation Failure)
[693.618s][info][gc,heap        ] GC(1623) PSYoungGen: 313358K->20134K(303104K)
[693.618s][info][gc,heap        ] GC(1623) PSOldGen: 95958K->123239K(699392K)
[693.618s][info][gc,metaspace   ] GC(1623) Metaspace: 145911K(158544K)->145911K(158544K) NonClass: 127115K(133296K)->127115K(133296K) Class: 18796K(25248K)->18796K(25248K)
[693.618s][info][gc             ] GC(1623) Pause Young (Allocation Failure) 399M->140M(979M) 7.590ms
[693.618s][info][gc,cpu         ] GC(1623) User=0.00s Sys=0.00s Real=0.01s
[693.755s][info][gc,start       ] GC(1624) Pause Young (Allocation Failure)
[693.761s][info][gc,heap        ] GC(1624) PSYoungGen: 289446K->33772K(303104K)
[693.761s][info][gc,heap        ] GC(1624) PSOldGen: 123239K->123287K(699392K)
[693.761s][info][gc,metaspace   ] GC(1624) Metaspace: 145911K(158544K)->145911K(158544K) NonClass: 127115K(133296K)->127115K(133296K) Class: 18796K(25248K)->18796K(25248K)
[693.761s][info][gc             ] GC(1624) Pause Young (Allocation Failure) 403M->153M(979M) 6.281ms
[693.761s][info][gc,cpu         ] GC(1624) User=0.00s Sys=0.00s Real=0.01s
[693.818s][info][gc,start       ] GC(1625) Pause Young (Allocation Failure)
[693.824s][info][gc,heap        ] GC(1625) PSYoungGen: 303084K->33514K(296960K)
[693.824s][info][gc,heap        ] GC(1625) PSOldGen: 123287K->132813K(699392K)
[693.824s][info][gc,metaspace   ] GC(1625) Metaspace: 145911K(158544K)->145911K(158544K) NonClass: 127115K(133296K)->127115K(133296K) Class: 18796K(25248K)->18796K(25248K)
[693.824s][info][gc             ] GC(1625) Pause Young (Allocation Failure) 416M->162M(973M) 6.087ms
[693.824s][info][gc,cpu         ] GC(1625) User=0.00s Sys=0.00s Real=0.01s
[693.854s][info][gc,start       ] GC(1626) Pause Young (Allocation Failure)
[693.859s][info][gc,heap        ] GC(1626) PSYoungGen: 285418K->31217K(283136K)
[693.859s][info][gc,heap        ] GC(1626) PSOldGen: 132813K->140816K(699392K)
[693.859s][info][gc,metaspace   ] GC(1626) Metaspace: 145911K(158544K)->145911K(158544K) NonClass: 127115K(133296K)->127115K(133296K) Class: 18796K(25248K)->18796K(25248K)
[693.859s][info][gc             ] GC(1626) Pause Young (Allocation Failure) 408M->168M(959M) 5.386ms
[693.859s][info][gc,cpu         ] GC(1626) User=0.09s Sys=0.00s Real=0.01s
[693.889s][info][gc,start       ] GC(1627) Pause Young (Allocation Failure)
[693.892s][info][gc,heap        ] GC(1627) PSYoungGen: 279719K->4493K(299008K)
[693.892s][info][gc,heap        ] GC(1627) PSOldGen: 140816K->145625K(699392K)
[693.892s][info][gc,metaspace   ] GC(1627) Metaspace: 145911K(158544K)->145911K(158544K) NonClass: 127115K(133296K)->127115K(133296K) Class: 18796K(25248K)->18796K(25248K)
[693.892s][info][gc             ] GC(1627) Pause Young (Allocation Failure) 410M->146M(975M) 2.896ms
[693.892s][info][gc,cpu         ] GC(1627) User=0.08s Sys=0.00s Real=0.00s
[694.030s][info][gc,start       ] GC(1628) Pause Young (Allocation Failure)
[694.037s][info][gc,heap        ] GC(1628) PSYoungGen: 252705K->29690K(278016K)
[694.037s][info][gc,heap        ] GC(1628) PSOldGen: 145625K->145900K(699392K)
[694.037s][info][gc,metaspace   ] GC(1628) Metaspace: 145911K(158544K)->145911K(158544K) NonClass: 127115K(133296K)->127115K(133296K) Class: 18796K(25248K)->18796K(25248K)
[694.037s][info][gc             ] GC(1628) Pause Young (Allocation Failure) 388M->171M(954M) 6.323ms
[694.037s][info][gc,cpu         ] GC(1628) User=0.02s Sys=0.00s Real=0.00s
[694.180s][info][gc,start       ] GC(1629) Pause Young (Allocation Failure)
[694.183s][info][gc,heap        ] GC(1629) PSYoungGen: 278010K->16061K(300544K)
[694.183s][info][gc,heap        ] GC(1629) PSOldGen: 145900K->146277K(699392K)
[694.183s][info][gc,metaspace   ] GC(1629) Metaspace: 145911K(158544K)->145911K(158544K) NonClass: 127115K(133296K)->127115K(133296K) Class: 18796K(25248K)->18796K(25248K)
[694.183s][info][gc             ] GC(1629) Pause Young (Allocation Failure) 413M->158M(976M) 3.481ms
[694.183s][info][gc,cpu         ] GC(1629) User=0.00s Sys=0.00s Real=0.01s
[694.839s][info][gc,start       ] GC(1630) Pause Young (Allocation Failure)
[694.842s][info][gc,heap        ] GC(1630) PSYoungGen: 265304K->1430K(297984K)
[694.842s][info][gc,heap        ] GC(1630) PSOldGen: 146277K->162183K(699392K)
[694.842s][info][gc,metaspace   ] GC(1630) Metaspace: 145914K(158544K)->145914K(158544K) NonClass: 127117K(133296K)->127117K(133296K) Class: 18796K(25248K)->18796K(25248K)
[694.842s][info][gc             ] GC(1630) Pause Young (Allocation Failure) 401M->159M(974M) 3.577ms
[694.842s][info][gc,cpu         ] GC(1630) User=0.00s Sys=0.00s Real=0.00s
[695.757s][info][gc,start       ] GC(1631) Pause Young (Allocation Failure)
[695.759s][info][gc,heap        ] GC(1631) PSYoungGen: 249468K->576K(301056K)
[695.759s][info][gc,heap        ] GC(1631) PSOldGen: 162183K->162826K(699392K)
[695.759s][info][gc,metaspace   ] GC(1631) Metaspace: 145914K(158544K)->145914K(158544K) NonClass: 127117K(133296K)->127117K(133296K) Class: 18796K(25248K)->18796K(25248K)
[695.759s][info][gc             ] GC(1631) Pause Young (Allocation Failure) 402M->159M(977M) 2.040ms
[695.759s][info][gc,cpu         ] GC(1631) User=0.00s Sys=0.00s Real=0.00s
[696.712s][info][gc,start       ] GC(1632) Pause Young (Allocation Failure)
[696.714s][info][gc,heap        ] GC(1632) PSYoungGen: 252992K->1255K(300544K)
[696.714s][info][gc,heap        ] GC(1632) PSOldGen: 162826K->163190K(699392K)
[696.714s][info][gc,metaspace   ] GC(1632) Metaspace: 145914K(158544K)->145914K(158544K) NonClass: 127117K(133296K)->127117K(133296K) Class: 18796K(25248K)->18796K(25248K)
[696.714s][info][gc             ] GC(1632) Pause Young (Allocation Failure) 406M->160M(976M) 2.464ms
[696.715s][info][gc,cpu         ] GC(1632) User=0.00s Sys=0.00s Real=0.00s
[697.597s][info][gc,start       ] GC(1633) Pause Young (Allocation Failure)
[697.600s][info][gc,heap        ] GC(1633) PSYoungGen: 253671K->4606K(304128K)
[697.600s][info][gc,heap        ] GC(1633) PSOldGen: 163190K->163509K(699392K)
[697.600s][info][gc,metaspace   ] GC(1633) Metaspace: 145914K(158544K)->145914K(158544K) NonClass: 127117K(133296K)->127117K(133296K) Class: 18796K(25248K)->18796K(25248K)
[697.600s][info][gc             ] GC(1633) Pause Young (Allocation Failure) 407M->164M(980M) 2.638ms
[697.600s][info][gc,cpu         ] GC(1633) User=0.00s Sys=0.00s Real=0.00s
[698.552s][info][gc,start       ] GC(1634) Pause Young (Allocation Failure)
[698.554s][info][gc,heap        ] GC(1634) PSYoungGen: 261630K->1336K(302080K)
[698.554s][info][gc,heap        ] GC(1634) PSOldGen: 163509K->163934K(699392K)
[698.554s][info][gc,metaspace   ] GC(1634) Metaspace: 145914K(158544K)->145914K(158544K) NonClass: 127117K(133296K)->127117K(133296K) Class: 18796K(25248K)->18796K(25248K)
[698.554s][info][gc             ] GC(1634) Pause Young (Allocation Failure) 415M->161M(978M) 2.624ms
[698.554s][info][gc,cpu         ] GC(1634) User=0.00s Sys=0.00s Real=0.00s
[699.385s][info][gc,start       ] GC(1635) Pause Young (Allocation Failure)
[699.387s][info][gc,heap        ] GC(1635) PSYoungGen: 258360K->1031K(306688K)
[699.388s][info][gc,heap        ] GC(1635) PSOldGen: 163934K->164280K(699392K)
[699.388s][info][gc,metaspace   ] GC(1635) Metaspace: 145916K(158544K)->145916K(158544K) NonClass: 127120K(133296K)->127120K(133296K) Class: 18796K(25248K)->18796K(25248K)
[699.388s][info][gc             ] GC(1635) Pause Young (Allocation Failure) 412M->161M(982M) 2.674ms
[699.388s][info][gc,cpu         ] GC(1635) User=0.00s Sys=0.00s Real=0.00s
[699.615s][info][gc,start       ] GC(1636) Pause Young (System.gc())
[699.617s][info][gc,heap        ] GC(1636) PSYoungGen: 182281K->2508K(305152K)
[699.617s][info][gc,heap        ] GC(1636) PSOldGen: 164280K->164659K(699392K)
[699.617s][info][gc,metaspace   ] GC(1636) Metaspace: 145916K(158544K)->145916K(158544K) NonClass: 127120K(133296K)->127120K(133296K) Class: 18796K(25248K)->18796K(25248K)
[699.617s][info][gc             ] GC(1636) Pause Young (System.gc()) 338M->163M(981M) 2.408ms
[699.617s][info][gc,cpu         ] GC(1636) User=0.00s Sys=0.00s Real=0.00s
[699.617s][info][gc,start       ] GC(1637) Pause Full (System.gc())
[699.619s][info][gc,phases,start] GC(1637) Phase 1: Mark live objects
[699.689s][info][gc,phases      ] GC(1637) Phase 1: Mark live objects 70.037ms
[699.689s][info][gc,phases,start] GC(1637) Phase 2: Compute new object addresses
[699.700s][info][gc,phases      ] GC(1637) Phase 2: Compute new object addresses 10.989ms
[699.700s][info][gc,phases,start] GC(1637) Phase 3: Adjust pointers
[699.741s][info][gc,phases      ] GC(1637) Phase 3: Adjust pointers 41.265ms
[699.741s][info][gc,phases,start] GC(1637) Phase 4: Move objects
[699.742s][info][gc,phases      ] GC(1637) Phase 4: Move objects 0.818ms
[699.743s][info][gc,heap        ] GC(1637) PSYoungGen: 2508K->0K(305152K)
[699.743s][info][gc,heap        ] GC(1637) PSOldGen: 164659K->100647K(699392K)
[699.743s][info][gc,metaspace   ] GC(1637) Metaspace: 145916K(158544K)->145916K(158544K) NonClass: 127120K(133296K)->127120K(133296K) Class: 18796K(25248K)->18796K(25248K)
[699.743s][info][gc             ] GC(1637) Pause Full (System.gc()) 163M->98M(981M) 125.998ms
[699.743s][info][gc,cpu         ] GC(1637) User=0.12s Sys=0.00s Real=0.11s
[699.843s][info][gc,start       ] GC(1638) Pause Young (Allocation Failure)
[699.846s][info][gc,heap        ] GC(1638) PSYoungGen: 262656K->17056K(308736K)
[699.846s][info][gc,heap        ] GC(1638) PSOldGen: 100647K->100647K(699392K)
[699.846s][info][gc,metaspace   ] GC(1638) Metaspace: 145951K(158544K)->145951K(158544K) NonClass: 127155K(133296K)->127155K(133296K) Class: 18796K(25248K)->18796K(25248K)
[699.846s][info][gc             ] GC(1638) Pause Young (Allocation Failure) 354M->114M(984M) 3.239ms
[699.846s][info][gc,cpu         ] GC(1638) User=0.02s Sys=0.00s Real=0.00s
[699.892s][info][gc,start       ] GC(1639) Pause Young (Allocation Failure)
[699.897s][info][gc,heap        ] GC(1639) PSYoungGen: 285344K->15462K(308736K)
[699.897s][info][gc,heap        ] GC(1639) PSOldGen: 100647K->113673K(699392K)
[699.897s][info][gc,metaspace   ] GC(1639) Metaspace: 145951K(158544K)->145951K(158544K) NonClass: 127155K(133296K)->127155K(133296K) Class: 18796K(25248K)->18796K(25248K)
[699.897s][info][gc             ] GC(1639) Pause Young (Allocation Failure) 376M->126M(984M) 5.073ms
[699.897s][info][gc,cpu         ] GC(1639) User=0.00s Sys=0.00s Real=0.00s
[700.027s][info][gc,start       ] GC(1640) Pause Young (Allocation Failure)
[700.035s][info][gc,heap        ] GC(1640) PSYoungGen: 283750K->39405K(285184K)
[700.035s][info][gc,heap        ] GC(1640) PSOldGen: 113673K->125933K(699392K)
[700.035s][info][gc,metaspace   ] GC(1640) Metaspace: 145951K(158544K)->145951K(158544K) NonClass: 127155K(133296K)->127155K(133296K) Class: 18796K(25248K)->18796K(25248K)
[700.035s][info][gc             ] GC(1640) Pause Young (Allocation Failure) 388M->161M(961M) 8.322ms
[700.036s][info][gc,cpu         ] GC(1640) User=0.09s Sys=0.00s Real=0.01s
[700.066s][info][gc,start       ] GC(1641) Pause Young (GCLocker Initiated GC)
[700.073s][info][gc,heap        ] GC(1641) PSYoungGen: 283786K->14653K(297472K)
[700.073s][info][gc,heap        ] GC(1641) PSOldGen: 130029K->157137K(699392K)
[700.073s][info][gc,metaspace   ] GC(1641) Metaspace: 145951K(158544K)->145951K(158544K) NonClass: 127155K(133296K)->127155K(133296K) Class: 18796K(25248K)->18796K(25248K)
[700.073s][info][gc             ] GC(1641) Pause Young (GCLocker Initiated GC) 404M->167M(973M) 7.170ms
[700.073s][info][gc,cpu         ] GC(1641) User=0.00s Sys=0.00s Real=0.01s
[700.213s][info][gc,start       ] GC(1642) Pause Young (Allocation Failure)
[700.217s][info][gc,heap        ] GC(1642) PSYoungGen: 260413K->19325K(303104K)
[700.217s][info][gc,heap        ] GC(1642) PSOldGen: 157394K->159848K(699392K)
[700.217s][info][gc,metaspace   ] GC(1642) Metaspace: 145951K(158544K)->145951K(158544K) NonClass: 127155K(133296K)->127155K(133296K) Class: 18796K(25248K)->18796K(25248K)
[700.217s][info][gc             ] GC(1642) Pause Young (Allocation Failure) 408M->174M(979M) 4.260ms
[700.217s][info][gc,cpu         ] GC(1642) User=0.00s Sys=0.00s Real=0.00s
[700.259s][info][gc,start       ] GC(1643) Pause Young (Allocation Failure)
[700.265s][info][gc,heap        ] GC(1643) PSYoungGen: 274301K->31199K(286208K)
[700.265s][info][gc,heap        ] GC(1643) PSOldGen: 159848K->160021K(699392K)
[700.265s][info][gc,metaspace   ] GC(1643) Metaspace: 145951K(158544K)->145951K(158544K) NonClass: 127155K(133296K)->127155K(133296K) Class: 18796K(25248K)->18796K(25248K)
[700.265s][info][gc             ] GC(1643) Pause Young (Allocation Failure) 423M->186M(962M) 5.638ms
[700.265s][info][gc,cpu         ] GC(1643) User=0.00s Sys=0.00s Real=0.01s
[700.311s][info][gc,start       ] GC(1644) Pause Young (GCLocker Initiated GC)
[700.315s][info][gc,heap        ] GC(1644) PSYoungGen: 285862K->5603K(301568K)
[700.315s][info][gc,heap        ] GC(1644) PSOldGen: 168213K->184458K(699392K)
[700.315s][info][gc,metaspace   ] GC(1644) Metaspace: 145951K(158544K)->145951K(158544K) NonClass: 127155K(133296K)->127155K(133296K) Class: 18796K(25248K)->18796K(25248K)
[700.315s][info][gc             ] GC(1644) Pause Young (GCLocker Initiated GC) 443M->185M(977M) 4.400ms
[700.315s][info][gc,cpu         ] GC(1644) User=0.09s Sys=0.00s Real=0.00s
[700.346s][info][gc,start       ] GC(1645) Pause Young (Allocation Failure)
[700.350s][info][gc,heap        ] GC(1645) PSYoungGen: 258019K->13583K(300032K)
[700.350s][info][gc,heap        ] GC(1645) PSOldGen: 188555K->193875K(699392K)
[700.350s][info][gc,metaspace   ] GC(1645) Metaspace: 145951K(158544K)->145951K(158544K) NonClass: 127155K(133296K)->127155K(133296K) Class: 18796K(25248K)->18796K(25248K)
[700.350s][info][gc             ] GC(1645) Pause Young (Allocation Failure) 436M->202M(976M) 3.735ms
[700.350s][info][gc,cpu         ] GC(1645) User=0.00s Sys=0.00s Real=0.01s
[700.385s][info][gc,start       ] GC(1646) Pause Young (Allocation Failure)
[700.388s][info][gc,heap        ] GC(1646) PSYoungGen: 265999K->6910K(305664K)
[700.388s][info][gc,heap        ] GC(1646) PSOldGen: 193875K->196570K(699392K)
[700.388s][info][gc,metaspace   ] GC(1646) Metaspace: 145951K(158544K)->145951K(158544K) NonClass: 127155K(133296K)->127155K(133296K) Class: 18796K(25248K)->18796K(25248K)
[700.388s][info][gc             ] GC(1646) Pause Young (Allocation Failure) 449M->198M(981M) 2.916ms
[700.388s][info][gc,cpu         ] GC(1646) User=0.00s Sys=0.00s Real=0.00s
[700.593s][info][gc,start       ] GC(1647) Pause Young (Allocation Failure)
[700.597s][info][gc,heap        ] GC(1647) PSYoungGen: 267448K->16082K(304128K)
[700.597s][info][gc,heap        ] GC(1647) PSOldGen: 196570K->196930K(699392K)
[700.597s][info][gc,metaspace   ] GC(1647) Metaspace: 145951K(158544K)->145951K(158544K) NonClass: 127155K(133296K)->127155K(133296K) Class: 18796K(25248K)->18796K(25248K)
[700.597s][info][gc             ] GC(1647) Pause Young (Allocation Failure) 453M->208M(980M) 3.610ms
[700.597s][info][gc,cpu         ] GC(1647) User=0.00s Sys=0.00s Real=0.00s
[701.071s][info][gc,start       ] GC(1648) Pause Young (Allocation Failure)
[701.076s][info][gc,heap        ] GC(1648) PSYoungGen: 275668K->1945K(308224K)
[701.076s][info][gc,heap        ] GC(1648) PSOldGen: 196930K->212790K(699392K)
[701.076s][info][gc,metaspace   ] GC(1648) Metaspace: 145951K(158544K)->145951K(158544K) NonClass: 127155K(133296K)->127155K(133296K) Class: 18796K(25248K)->18796K(25248K)
[701.076s][info][gc             ] GC(1648) Pause Young (Allocation Failure) 461M->209M(984M) 4.526ms
[701.076s][info][gc,cpu         ] GC(1648) User=0.00s Sys=0.00s Real=0.00s
[702.087s][info][gc,start       ] GC(1649) Pause Young (Allocation Failure)
[702.089s][info][gc,heap        ] GC(1649) PSYoungGen: 269209K->3592K(308224K)
[702.089s][info][gc,heap        ] GC(1649) PSOldGen: 212790K->213543K(699392K)
[702.089s][info][gc,metaspace   ] GC(1649) Metaspace: 145951K(158544K)->145951K(158544K) NonClass: 127155K(133296K)->127155K(133296K) Class: 18796K(25248K)->18796K(25248K)
[702.089s][info][gc             ] GC(1649) Pause Young (Allocation Failure) 470M->212M(984M) 2.858ms
[702.090s][info][gc,cpu         ] GC(1649) User=0.00s Sys=0.00s Real=0.00s
[703.114s][info][gc,start       ] GC(1650) Pause Young (GCLocker Initiated GC)
[703.117s][info][gc,heap        ] GC(1650) PSYoungGen: 270856K->6534K(311296K)
[703.117s][info][gc,heap        ] GC(1650) PSOldGen: 213547K->213913K(699392K)
[703.117s][info][gc,metaspace   ] GC(1650) Metaspace: 145951K(158544K)->145951K(158544K) NonClass: 127155K(133296K)->127155K(133296K) Class: 18796K(25248K)->18796K(25248K)
[703.117s][info][gc             ] GC(1650) Pause Young (GCLocker Initiated GC) 473M->215M(987M) 3.313ms
[703.117s][info][gc,cpu         ] GC(1650) User=0.00s Sys=0.00s Real=0.02s
[704.053s][info][gc,start       ] GC(1651) Pause Young (Allocation Failure)
[704.055s][info][gc,heap        ] GC(1651) PSYoungGen: 277894K->2374K(309248K)
[704.055s][info][gc,heap        ] GC(1651) PSOldGen: 213925K->215204K(699392K)
[704.055s][info][gc,metaspace   ] GC(1651) Metaspace: 145951K(158544K)->145951K(158544K) NonClass: 127155K(133296K)->127155K(133296K) Class: 18796K(25248K)->18796K(25248K)
[704.055s][info][gc             ] GC(1651) Pause Young (Allocation Failure) 480M->212M(985M) 2.540ms
[704.055s][info][gc,cpu         ] GC(1651) User=0.00s Sys=0.00s Real=0.00s
[705.055s][info][gc,start       ] GC(1652) Pause Young (Allocation Failure)
[705.057s][info][gc,heap        ] GC(1652) PSYoungGen: 273734K->1857K(312832K)
[705.057s][info][gc,heap        ] GC(1652) PSOldGen: 215204K->216134K(699392K)
[705.057s][info][gc,metaspace   ] GC(1652) Metaspace: 145951K(158544K)->145951K(158544K) NonClass: 127155K(133296K)->127155K(133296K) Class: 18796K(25248K)->18796K(25248K)
[705.057s][info][gc             ] GC(1652) Pause Young (Allocation Failure) 477M->212M(988M) 2.185ms
[705.057s][info][gc,cpu         ] GC(1652) User=0.00s Sys=0.00s Real=0.00s
[705.952s][info][gc,start       ] GC(1653) Pause Young (Allocation Failure)
[705.954s][info][gc,heap        ] GC(1653) PSYoungGen: 277313K->2359K(311808K)
[705.954s][info][gc,heap        ] GC(1653) PSOldGen: 216134K->216511K(699392K)
[705.954s][info][gc,metaspace   ] GC(1653) Metaspace: 145951K(158544K)->145951K(158544K) NonClass: 127155K(133296K)->127155K(133296K) Class: 18796K(25248K)->18796K(25248K)
[705.954s][info][gc             ] GC(1653) Pause Young (Allocation Failure) 481M->213M(987M) 2.266ms
[705.954s][info][gc,cpu         ] GC(1653) User=0.09s Sys=0.00s Real=0.00s
[706.090s][info][gc,start       ] GC(1654) Pause Young (System.gc())
[706.092s][info][gc,heap        ] GC(1654) PSYoungGen: 160109K->1708K(315392K)
[706.092s][info][gc,heap        ] GC(1654) PSOldGen: 216511K->217686K(699392K)
[706.092s][info][gc,metaspace   ] GC(1654) Metaspace: 145951K(158544K)->145951K(158544K) NonClass: 127155K(133296K)->127155K(133296K) Class: 18796K(25248K)->18796K(25248K)
[706.092s][info][gc             ] GC(1654) Pause Young (System.gc()) 367M->214M(991M) 2.533ms
[706.092s][info][gc,cpu         ] GC(1654) User=0.00s Sys=0.00s Real=0.00s
[706.092s][info][gc,start       ] GC(1655) Pause Full (System.gc())
[706.094s][info][gc,phases,start] GC(1655) Phase 1: Mark live objects
[706.165s][info][gc,phases      ] GC(1655) Phase 1: Mark live objects 70.660ms
[706.165s][info][gc,phases,start] GC(1655) Phase 2: Compute new object addresses
[706.176s][info][gc,phases      ] GC(1655) Phase 2: Compute new object addresses 11.415ms
[706.176s][info][gc,phases,start] GC(1655) Phase 3: Adjust pointers
[706.218s][info][gc,phases      ] GC(1655) Phase 3: Adjust pointers 41.442ms
[706.218s][info][gc,phases,start] GC(1655) Phase 4: Move objects
[706.219s][info][gc,phases      ] GC(1655) Phase 4: Move objects 0.794ms
[706.219s][info][gc,heap        ] GC(1655) PSYoungGen: 1708K->0K(315392K)
[706.220s][info][gc,heap        ] GC(1655) PSOldGen: 217686K->105332K(699392K)
[706.220s][info][gc,metaspace   ] GC(1655) Metaspace: 145951K(158544K)->145951K(158544K) NonClass: 127155K(133296K)->127155K(133296K) Class: 18796K(25248K)->18796K(25248K)
[706.220s][info][gc             ] GC(1655) Pause Full (System.gc()) 214M->102M(991M) 127.213ms
[706.220s][info][gc,cpu         ] GC(1655) User=0.14s Sys=0.00s Real=0.13s
[706.319s][info][gc,start       ] GC(1656) Pause Young (Allocation Failure)
[706.323s][info][gc,heap        ] GC(1656) PSYoungGen: 280576K->16992K(314368K)
[706.323s][info][gc,heap        ] GC(1656) PSOldGen: 105332K->105332K(699392K)
[706.323s][info][gc,metaspace   ] GC(1656) Metaspace: 145952K(158544K)->145952K(158544K) NonClass: 127155K(133296K)->127155K(133296K) Class: 18796K(25248K)->18796K(25248K)
[706.323s][info][gc             ] GC(1656) Pause Young (Allocation Failure) 376M->119M(990M) 3.474ms
[706.323s][info][gc,cpu         ] GC(1656) User=0.00s Sys=0.00s Real=0.01s
[706.371s][info][gc,start       ] GC(1657) Pause Young (Allocation Failure)
[706.376s][info][gc,heap        ] GC(1657) PSYoungGen: 297568K->19110K(312832K)
[706.376s][info][gc,heap        ] GC(1657) PSOldGen: 105332K->118324K(699392K)
[706.376s][info][gc,metaspace   ] GC(1657) Metaspace: 145952K(158544K)->145952K(158544K) NonClass: 127155K(133296K)->127155K(133296K) Class: 18796K(25248K)->18796K(25248K)
[706.376s][info][gc             ] GC(1657) Pause Young (Allocation Failure) 393M->134M(988M) 5.456ms
[706.376s][info][gc,cpu         ] GC(1657) User=0.08s Sys=0.00s Real=0.01s
[706.514s][info][gc,start       ] GC(1658) Pause Young (Allocation Failure)
[706.523s][info][gc,heap        ] GC(1658) PSYoungGen: 296859K->35301K(313856K)
[706.523s][info][gc,heap        ] GC(1658) PSOldGen: 118324K->138023K(699392K)
[706.523s][info][gc,metaspace   ] GC(1658) Metaspace: 145952K(158544K)->145952K(158544K) NonClass: 127155K(133296K)->127155K(133296K) Class: 18796K(25248K)->18796K(25248K)
[706.523s][info][gc             ] GC(1658) Pause Young (Allocation Failure) 405M->169M(989M) 8.631ms
[706.523s][info][gc,cpu         ] GC(1658) User=0.08s Sys=0.00s Real=0.01s
[706.558s][info][gc,start       ] GC(1659) Pause Young (Allocation Failure)
[706.565s][info][gc,heap        ] GC(1659) PSYoungGen: 310366K->24835K(285184K)
[706.565s][info][gc,heap        ] GC(1659) PSOldGen: 138023K->155475K(699392K)
[706.565s][info][gc,metaspace   ] GC(1659) Metaspace: 145952K(158544K)->145952K(158544K) NonClass: 127155K(133296K)->127155K(133296K) Class: 18796K(25248K)->18796K(25248K)
[706.565s][info][gc             ] GC(1659) Pause Young (Allocation Failure) 437M->176M(961M) 6.539ms
[706.565s][info][gc,cpu         ] GC(1659) User=0.06s Sys=0.00s Real=0.01s
[706.709s][info][gc,start       ] GC(1660) Pause Young (Allocation Failure)
[706.715s][info][gc,heap        ] GC(1660) PSYoungGen: 274691K->33215K(283136K)
[706.715s][info][gc,heap        ] GC(1660) PSOldGen: 155475K->155531K(699392K)
[706.715s][info][gc,metaspace   ] GC(1660) Metaspace: 145952K(158544K)->145952K(158544K) NonClass: 127155K(133296K)->127155K(133296K) Class: 18796K(25248K)->18796K(25248K)
[706.715s][info][gc             ] GC(1660) Pause Young (Allocation Failure) 420M->184M(959M) 5.883ms
[706.715s][info][gc,cpu         ] GC(1660) User=0.00s Sys=0.00s Real=0.01s
[706.757s][info][gc,start       ] GC(1661) Pause Young (Allocation Failure)
[706.761s][info][gc,heap        ] GC(1661) PSYoungGen: 283071K->11276K(299008K)
[706.761s][info][gc,heap        ] GC(1661) PSOldGen: 155531K->164284K(699392K)
[706.761s][info][gc,metaspace   ] GC(1661) Metaspace: 145952K(158544K)->145952K(158544K) NonClass: 127155K(133296K)->127155K(133296K) Class: 18796K(25248K)->18796K(25248K)
[706.761s][info][gc             ] GC(1661) Pause Young (Allocation Failure) 428M->171M(975M) 3.934ms
[706.761s][info][gc,cpu         ] GC(1661) User=0.00s Sys=0.00s Real=0.01s
[706.804s][info][gc,start       ] GC(1662) Pause Young (GCLocker Initiated GC)
[706.809s][info][gc,heap        ] GC(1662) PSYoungGen: 257538K->18616K(296448K)
[706.809s][info][gc,heap        ] GC(1662) PSOldGen: 168380K->176328K(699392K)
[706.809s][info][gc,metaspace   ] GC(1662) Metaspace: 145952K(158544K)->145952K(158544K) NonClass: 127155K(133296K)->127155K(133296K) Class: 18796K(25248K)->18796K(25248K)
[706.809s][info][gc             ] GC(1662) Pause Young (GCLocker Initiated GC) 415M->190M(972M) 4.518ms
[706.809s][info][gc,cpu         ] GC(1662) User=0.00s Sys=0.00s Real=0.00s
[706.839s][info][gc,start       ] GC(1663) Pause Young (Allocation Failure)
[706.842s][info][gc,heap        ] GC(1663) PSYoungGen: 264888K->8379K(303104K)
[706.842s][info][gc,heap        ] GC(1663) PSOldGen: 184521K->189347K(699392K)
[706.842s][info][gc,metaspace   ] GC(1663) Metaspace: 145952K(158544K)->145952K(158544K) NonClass: 127155K(133296K)->127155K(133296K) Class: 18796K(25248K)->18796K(25248K)
[706.842s][info][gc             ] GC(1663) Pause Young (Allocation Failure) 438M->193M(979M) 3.221ms
[706.842s][info][gc,cpu         ] GC(1663) User=0.00s Sys=0.00s Real=0.00s
[706.994s][info][gc,start       ] GC(1664) Pause Young (Allocation Failure)
[706.997s][info][gc,heap        ] GC(1664) PSYoungGen: 263867K->14197K(301568K)
[706.997s][info][gc,heap        ] GC(1664) PSOldGen: 189347K->189466K(699392K)
[706.997s][info][gc,metaspace   ] GC(1664) Metaspace: 145952K(158544K)->145952K(158544K) NonClass: 127155K(133296K)->127155K(133296K) Class: 18796K(25248K)->18796K(25248K)
[706.997s][info][gc             ] GC(1664) Pause Young (Allocation Failure) 442M->198M(977M) 3.480ms
[706.997s][info][gc,cpu         ] GC(1664) User=0.00s Sys=0.00s Real=0.00s
[707.119s][info][gc,start       ] GC(1665) Pause Young (Allocation Failure)
[707.123s][info][gc,heap        ] GC(1665) PSYoungGen: 269685K->15945K(308224K)
[707.123s][info][gc,heap        ] GC(1665) PSOldGen: 189466K->189765K(699392K)
[707.123s][info][gc,metaspace   ] GC(1665) Metaspace: 145952K(158544K)->145952K(158544K) NonClass: 127155K(133296K)->127155K(133296K) Class: 18796K(25248K)->18796K(25248K)
[707.123s][info][gc             ] GC(1665) Pause Young (Allocation Failure) 448M->200M(984M) 3.645ms
[707.123s][info][gc,cpu         ] GC(1665) User=0.00s Sys=0.00s Real=0.02s
[707.726s][info][gc,start       ] GC(1666) Pause Young (GCLocker Initiated GC)
[707.731s][info][gc,heap        ] GC(1666) PSYoungGen: 280649K->8524K(305664K)
[707.731s][info][gc,heap        ] GC(1666) PSOldGen: 189765K->205598K(699392K)
[707.731s][info][gc,metaspace   ] GC(1666) Metaspace: 145952K(158544K)->145952K(158544K) NonClass: 127155K(133296K)->127155K(133296K) Class: 18796K(25248K)->18796K(25248K)
[707.731s][info][gc             ] GC(1666) Pause Young (GCLocker Initiated GC) 459M->209M(981M) 4.901ms
[707.731s][info][gc,cpu         ] GC(1666) User=0.00s Sys=0.00s Real=0.00s
[708.723s][info][gc,start       ] GC(1667) Pause Young (Allocation Failure)
[708.725s][info][gc,heap        ] GC(1667) PSYoungGen: 273228K->1120K(309760K)
[708.725s][info][gc,heap        ] GC(1667) PSOldGen: 205600K->206316K(699392K)
[708.725s][info][gc,metaspace   ] GC(1667) Metaspace: 145952K(158544K)->145952K(158544K) NonClass: 127155K(133296K)->127155K(133296K) Class: 18796K(25248K)->18796K(25248K)
[708.725s][info][gc             ] GC(1667) Pause Young (Allocation Failure) 467M->202M(985M) 2.131ms
[708.725s][info][gc,cpu         ] GC(1667) User=0.00s Sys=0.00s Real=0.00s
[709.715s][info][gc,start       ] GC(1668) Pause Young (Allocation Failure)
[709.717s][info][gc,heap        ] GC(1668) PSYoungGen: 271456K->2439K(309760K)
[709.717s][info][gc,heap        ] GC(1668) PSOldGen: 206316K->206720K(699392K)
[709.717s][info][gc,metaspace   ] GC(1668) Metaspace: 145952K(158544K)->145952K(158544K) NonClass: 127155K(133296K)->127155K(133296K) Class: 18796K(25248K)->18796K(25248K)
[709.717s][info][gc             ] GC(1668) Pause Young (Allocation Failure) 466M->204M(985M) 2.248ms
[709.717s][info][gc,cpu         ] GC(1668) User=0.00s Sys=0.00s Real=0.00s
[710.669s][info][gc,start       ] GC(1669) Pause Young (GCLocker Initiated GC)
[710.672s][info][gc,heap        ] GC(1669) PSYoungGen: 272775K->2593K(311296K)
[710.672s][info][gc,heap        ] GC(1669) PSOldGen: 206727K->207171K(699392K)
[710.672s][info][gc,metaspace   ] GC(1669) Metaspace: 145952K(158544K)->145952K(158544K) NonClass: 127155K(133296K)->127155K(133296K) Class: 18796K(25248K)->18796K(25248K)
[710.672s][info][gc             ] GC(1669) Pause Young (GCLocker Initiated GC) 468M->204M(987M) 2.408ms
[710.672s][info][gc,cpu         ] GC(1669) User=0.06s Sys=0.00s Real=0.00s
[711.693s][info][gc,start       ] GC(1670) Pause Young (GCLocker Initiated GC)
[711.697s][info][gc,heap        ] GC(1670) PSYoungGen: 274977K->8911K(310272K)
[711.697s][info][gc,heap        ] GC(1670) PSOldGen: 207219K->207706K(699392K)
[711.697s][info][gc,metaspace   ] GC(1670) Metaspace: 145952K(158544K)->145952K(158544K) NonClass: 127155K(133296K)->127155K(133296K) Class: 18796K(25248K)->18796K(25248K)
[711.697s][info][gc             ] GC(1670) Pause Young (GCLocker Initiated GC) 470M->211M(986M) 3.555ms
[711.697s][info][gc,cpu         ] GC(1670) User=0.00s Sys=0.00s Real=0.00s
[712.453s][info][gc,start       ] GC(1671) Pause Young (Allocation Failure)
[712.456s][info][gc,heap        ] GC(1671) PSYoungGen: 281295K->2884K(314368K)
[712.456s][info][gc,heap        ] GC(1671) PSOldGen: 207713K->209330K(699392K)
[712.456s][info][gc,metaspace   ] GC(1671) Metaspace: 145952K(158544K)->145952K(158544K) NonClass: 127155K(133296K)->127155K(133296K) Class: 18796K(25248K)->18796K(25248K)
[712.456s][info][gc             ] GC(1671) Pause Young (Allocation Failure) 477M->207M(990M) 2.913ms
[712.456s][info][gc,cpu         ] GC(1671) User=0.00s Sys=0.00s Real=0.00s
[712.553s][info][gc,start       ] GC(1672) Pause Young (System.gc())
[712.555s][info][gc,heap        ] GC(1672) PSYoungGen: 113146K->748K(313344K)
[712.555s][info][gc,heap        ] GC(1672) PSOldGen: 209330K->211440K(699392K)
[712.555s][info][gc,metaspace   ] GC(1672) Metaspace: 145955K(158544K)->145955K(158544K) NonClass: 127158K(133296K)->127158K(133296K) Class: 18796K(25248K)->18796K(25248K)
[712.555s][info][gc             ] GC(1672) Pause Young (System.gc()) 314M->207M(989M) 2.521ms
[712.555s][info][gc,cpu         ] GC(1672) User=0.00s Sys=0.00s Real=0.00s
[712.555s][info][gc,start       ] GC(1673) Pause Full (System.gc())
[712.557s][info][gc,phases,start] GC(1673) Phase 1: Mark live objects
[712.627s][info][gc,phases      ] GC(1673) Phase 1: Mark live objects 70.383ms
[712.627s][info][gc,phases,start] GC(1673) Phase 2: Compute new object addresses
[712.639s][info][gc,phases      ] GC(1673) Phase 2: Compute new object addresses 11.426ms
[712.639s][info][gc,phases,start] GC(1673) Phase 3: Adjust pointers
[712.680s][info][gc,phases      ] GC(1673) Phase 3: Adjust pointers 41.248ms
[712.680s][info][gc,phases,start] GC(1673) Phase 4: Move objects
[712.682s][info][gc,phases      ] GC(1673) Phase 4: Move objects 1.539ms
[712.683s][info][gc,heap        ] GC(1673) PSYoungGen: 748K->0K(313344K)
[712.683s][info][gc,heap        ] GC(1673) PSOldGen: 211440K->107372K(699392K)
[712.683s][info][gc,metaspace   ] GC(1673) Metaspace: 145955K(158544K)->145955K(158544K) NonClass: 127158K(133296K)->127158K(133296K) Class: 18796K(25248K)->18796K(25248K)
[712.683s][info][gc             ] GC(1673) Pause Full (System.gc()) 207M->104M(989M) 127.562ms
[712.683s][info][gc,cpu         ] GC(1673) User=0.12s Sys=0.00s Real=0.12s
[712.797s][info][gc,start       ] GC(1674) Pause Young (Allocation Failure)
[712.800s][info][gc,heap        ] GC(1674) PSYoungGen: 278528K->15201K(315392K)
[712.800s][info][gc,heap        ] GC(1674) PSOldGen: 107372K->107372K(699392K)
[712.800s][info][gc,metaspace   ] GC(1674) Metaspace: 145955K(158544K)->145955K(158544K) NonClass: 127158K(133296K)->127158K(133296K) Class: 18796K(25248K)->18796K(25248K)
[712.801s][info][gc             ] GC(1674) Pause Young (Allocation Failure) 376M->119M(991M) 3.532ms
[712.801s][info][gc,cpu         ] GC(1674) User=0.02s Sys=0.00s Real=0.00s
[712.853s][info][gc,start       ] GC(1675) Pause Young (Allocation Failure)
[712.857s][info][gc,heap        ] GC(1675) PSYoungGen: 296289K->18534K(300032K)
[712.857s][info][gc,heap        ] GC(1675) PSOldGen: 107372K->116989K(699392K)
[712.857s][info][gc,metaspace   ] GC(1675) Metaspace: 145955K(158544K)->145955K(158544K) NonClass: 127158K(133296K)->127158K(133296K) Class: 18796K(25248K)->18796K(25248K)
[712.857s][info][gc             ] GC(1675) Pause Young (Allocation Failure) 394M->132M(976M) 4.810ms
[712.857s][info][gc,cpu         ] GC(1675) User=0.00s Sys=0.00s Real=0.00s
[713.014s][info][gc,start       ] GC(1676) Pause Young (Allocation Failure)
[713.021s][info][gc,heap        ] GC(1676) PSYoungGen: 299301K->34799K(294912K)
[713.022s][info][gc,heap        ] GC(1676) PSOldGen: 116989K->126694K(699392K)
[713.022s][info][gc,metaspace   ] GC(1676) Metaspace: 145955K(158544K)->145955K(158544K) NonClass: 127158K(133296K)->127158K(133296K) Class: 18796K(25248K)->18796K(25248K)
[713.022s][info][gc             ] GC(1676) Pause Young (Allocation Failure) 406M->157M(971M) 8.085ms
[713.022s][info][gc,cpu         ] GC(1676) User=0.09s Sys=0.00s Real=0.01s
[713.057s][info][gc,start       ] GC(1677) Pause Young (Allocation Failure)
[713.063s][info][gc,heap        ] GC(1677) PSYoungGen: 293089K->7718K(304640K)
[713.063s][info][gc,heap        ] GC(1677) PSOldGen: 126694K->152464K(699392K)
[713.063s][info][gc,metaspace   ] GC(1677) Metaspace: 145955K(158544K)->145955K(158544K) NonClass: 127158K(133296K)->127158K(133296K) Class: 18796K(25248K)->18796K(25248K)
[713.063s][info][gc             ] GC(1677) Pause Young (Allocation Failure) 409M->156M(980M) 6.051ms
[713.063s][info][gc,cpu         ] GC(1677) User=0.09s Sys=0.00s Real=0.00s
[713.232s][info][gc,start       ] GC(1678) Pause Young (Allocation Failure)
[713.238s][info][gc,heap        ] GC(1678) PSYoungGen: 267814K->33644K(297984K)
[713.238s][info][gc,heap        ] GC(1678) PSOldGen: 152464K->152504K(699392K)
[713.239s][info][gc,metaspace   ] GC(1678) Metaspace: 145955K(158544K)->145955K(158544K) NonClass: 127158K(133296K)->127158K(133296K) Class: 18796K(25248K)->18796K(25248K)
[713.239s][info][gc             ] GC(1678) Pause Young (Allocation Failure) 410M->181M(974M) 6.115ms
[713.239s][info][gc,cpu         ] GC(1678) User=0.08s Sys=0.00s Real=0.00s
[713.282s][info][gc,start       ] GC(1679) Pause Young (Allocation Failure)
[713.286s][info][gc,heap        ] GC(1679) PSYoungGen: 288227K->7562K(302080K)
[713.286s][info][gc,heap        ] GC(1679) PSOldGen: 152504K->162036K(699392K)
[713.286s][info][gc,metaspace   ] GC(1679) Metaspace: 145955K(158544K)->145955K(158544K) NonClass: 127158K(133296K)->127158K(133296K) Class: 18796K(25248K)->18796K(25248K)
[713.286s][info][gc             ] GC(1679) Pause Young (Allocation Failure) 430M->165M(978M) 3.337ms
[713.286s][info][gc,cpu         ] GC(1679) User=0.00s Sys=0.00s Real=0.00s
[713.328s][info][gc,start       ] GC(1680) Pause Young (Allocation Failure)
[713.332s][info][gc,heap        ] GC(1680) PSYoungGen: 262538K->6281K(305152K)
[713.332s][info][gc,heap        ] GC(1680) PSOldGen: 162036K->169211K(699392K)
[713.332s][info][gc,metaspace   ] GC(1680) Metaspace: 145955K(158544K)->145955K(158544K) NonClass: 127158K(133296K)->127158K(133296K) Class: 18796K(25248K)->18796K(25248K)
[713.332s][info][gc             ] GC(1680) Pause Young (Allocation Failure) 414M->171M(981M) 3.495ms
[713.332s][info][gc,cpu         ] GC(1680) User=0.00s Sys=0.00s Real=0.00s
[713.366s][info][gc,start       ] GC(1681) Pause Young (Allocation Failure)
[713.370s][info][gc,heap        ] GC(1681) PSYoungGen: 265865K->17865K(303616K)
[713.370s][info][gc,heap        ] GC(1681) PSOldGen: 169211K->174982K(699392K)
[713.370s][info][gc,metaspace   ] GC(1681) Metaspace: 145955K(158544K)->145955K(158544K) NonClass: 127158K(133296K)->127158K(133296K) Class: 18796K(25248K)->18796K(25248K)
[713.370s][info][gc             ] GC(1681) Pause Young (Allocation Failure) 424M->188M(979M) 4.146ms
[713.370s][info][gc,cpu         ] GC(1681) User=0.00s Sys=0.00s Real=0.01s
[713.511s][info][gc,start       ] GC(1682) Pause Young (Allocation Failure)
[713.516s][info][gc,heap        ] GC(1682) PSYoungGen: 277449K->21452K(306688K)
[713.516s][info][gc,heap        ] GC(1682) PSOldGen: 174982K->175248K(699392K)
[713.516s][info][gc,metaspace   ] GC(1682) Metaspace: 145955K(158544K)->145955K(158544K) NonClass: 127158K(133296K)->127158K(133296K) Class: 18796K(25248K)->18796K(25248K)
[713.516s][info][gc             ] GC(1682) Pause Young (Allocation Failure) 441M->192M(982M) 5.476ms
[713.516s][info][gc,cpu         ] GC(1682) User=0.05s Sys=0.00s Real=0.01s
[713.656s][info][gc,start       ] GC(1683) Pause Young (Allocation Failure)
[713.660s][info][gc,heap        ] GC(1683) PSYoungGen: 285644K->16073K(306688K)
[713.660s][info][gc,heap        ] GC(1683) PSOldGen: 175248K->175634K(699392K)
[713.660s][info][gc,metaspace   ] GC(1683) Metaspace: 145955K(158544K)->145955K(158544K) NonClass: 127158K(133296K)->127158K(133296K) Class: 18796K(25248K)->18796K(25248K)
[713.660s][info][gc             ] GC(1683) Pause Young (Allocation Failure) 450M->187M(982M) 3.748ms
[713.660s][info][gc,cpu         ] GC(1683) User=0.00s Sys=0.00s Real=0.01s
[714.356s][info][gc,start       ] GC(1684) Pause Young (Allocation Failure)
[714.360s][info][gc,heap        ] GC(1684) PSYoungGen: 280265K->4812K(309760K)
[714.360s][info][gc,heap        ] GC(1684) PSOldGen: 175634K->191515K(699392K)
[714.360s][info][gc,metaspace   ] GC(1684) Metaspace: 145955K(158544K)->145955K(158544K) NonClass: 127158K(133296K)->127158K(133296K) Class: 18796K(25248K)->18796K(25248K)
[714.360s][info][gc             ] GC(1684) Pause Young (Allocation Failure) 445M->191M(985M) 4.604ms
[714.360s][info][gc,cpu         ] GC(1684) User=0.08s Sys=0.00s Real=0.01s
[715.421s][info][gc,start       ] GC(1685) Pause Young (Allocation Failure)
[715.423s][info][gc,heap        ] GC(1685) PSYoungGen: 274302K->1301K(309248K)
[715.423s][info][gc,heap        ] GC(1685) PSOldGen: 191515K->192183K(699392K)
[715.423s][info][gc,metaspace   ] GC(1685) Metaspace: 145956K(158544K)->145956K(158544K) NonClass: 127159K(133296K)->127159K(133296K) Class: 18796K(25248K)->18796K(25248K)
[715.423s][info][gc             ] GC(1685) Pause Young (Allocation Failure) 454M->188M(985M) 2.375ms
[715.423s][info][gc,cpu         ] GC(1685) User=0.02s Sys=0.00s Real=0.00s
[716.365s][info][gc,start       ] GC(1686) Pause Young (GCLocker Initiated GC)
[716.368s][info][gc,heap        ] GC(1686) PSYoungGen: 271115K->5205K(311296K)
[716.368s][info][gc,heap        ] GC(1686) PSOldGen: 192199K->192587K(699392K)
[716.368s][info][gc,metaspace   ] GC(1686) Metaspace: 145956K(158544K)->145956K(158544K) NonClass: 127159K(133296K)->127159K(133296K) Class: 18796K(25248K)->18796K(25248K)
[716.368s][info][gc             ] GC(1686) Pause Young (GCLocker Initiated GC) 452M->193M(987M) 2.609ms
[716.368s][info][gc,cpu         ] GC(1686) User=0.00s Sys=0.00s Real=0.00s
[717.385s][info][gc,start       ] GC(1687) Pause Young (Allocation Failure)
[717.387s][info][gc,heap        ] GC(1687) PSYoungGen: 277589K->588K(310272K)
[717.387s][info][gc,heap        ] GC(1687) PSOldGen: 198748K->199202K(699392K)
[717.387s][info][gc,metaspace   ] GC(1687) Metaspace: 145956K(158544K)->145956K(158544K) NonClass: 127159K(133296K)->127159K(133296K) Class: 18796K(25248K)->18796K(25248K)
[717.387s][info][gc             ] GC(1687) Pause Young (Allocation Failure) 465M->195M(986M) 2.336ms
[717.387s][info][gc,cpu         ] GC(1687) User=0.00s Sys=0.00s Real=0.00s
[718.363s][info][gc,start       ] GC(1688) Pause Young (GCLocker Initiated GC)
[718.366s][info][gc,heap        ] GC(1688) PSYoungGen: 272972K->5052K(313856K)
[718.366s][info][gc,heap        ] GC(1688) PSOldGen: 199202K->199656K(699392K)
[718.366s][info][gc,metaspace   ] GC(1688) Metaspace: 145956K(158544K)->145956K(158544K) NonClass: 127159K(133296K)->127159K(133296K) Class: 18796K(25248K)->18796K(25248K)
[718.366s][info][gc             ] GC(1688) Pause Young (GCLocker Initiated GC) 461M->199M(989M) 2.998ms
[718.366s][info][gc,cpu         ] GC(1688) User=0.00s Sys=0.00s Real=0.00s
[719.079s][info][gc,start       ] GC(1689) Pause Young (GCLocker Initiated GC)
[719.082s][info][gc,heap        ] GC(1689) PSYoungGen: 282044K->3946K(312320K)
[719.082s][info][gc,heap        ] GC(1689) PSOldGen: 199713K->200137K(699392K)
[719.082s][info][gc,metaspace   ] GC(1689) Metaspace: 145956K(158544K)->145956K(158544K) NonClass: 127159K(133296K)->127159K(133296K) Class: 18796K(25248K)->18796K(25248K)
[719.082s][info][gc             ] GC(1689) Pause Young (GCLocker Initiated GC) 470M->199M(988M) 3.009ms
[719.082s][info][gc,cpu         ] GC(1689) User=0.00s Sys=0.00s Real=0.01s
[719.154s][info][gc,start       ] GC(1690) Pause Young (System.gc())
[719.157s][info][gc,heap        ] GC(1690) PSYoungGen: 75033K->352K(315904K)
[719.157s][info][gc,heap        ] GC(1690) PSOldGen: 200137K->202723K(699392K)
[719.157s][info][gc,metaspace   ] GC(1690) Metaspace: 145962K(158544K)->145962K(158544K) NonClass: 127165K(133296K)->127165K(133296K) Class: 18796K(25248K)->18796K(25248K)
[719.157s][info][gc             ] GC(1690) Pause Young (System.gc()) 268M->198M(991M) 2.804ms
[719.157s][info][gc,cpu         ] GC(1690) User=0.08s Sys=0.00s Real=0.01s
[719.157s][info][gc,start       ] GC(1691) Pause Full (System.gc())
[719.161s][info][gc,phases,start] GC(1691) Phase 1: Mark live objects
[719.232s][info][gc,phases      ] GC(1691) Phase 1: Mark live objects 70.446ms
[719.232s][info][gc,phases,start] GC(1691) Phase 2: Compute new object addresses
[719.243s][info][gc,phases      ] GC(1691) Phase 2: Compute new object addresses 11.286ms
[719.243s][info][gc,phases,start] GC(1691) Phase 3: Adjust pointers
[719.285s][info][gc,phases      ] GC(1691) Phase 3: Adjust pointers 42.036ms
[719.285s][info][gc,phases,start] GC(1691) Phase 4: Move objects
[719.289s][info][gc,phases      ] GC(1691) Phase 4: Move objects 4.016ms
[719.290s][info][gc,heap        ] GC(1691) PSYoungGen: 352K->0K(315904K)
[719.290s][info][gc,heap        ] GC(1691) PSOldGen: 202723K->72676K(699392K)
[719.290s][info][gc,metaspace   ] GC(1691) Metaspace: 145962K(158544K)->145962K(158544K) NonClass: 127165K(133296K)->127165K(133296K) Class: 18796K(25248K)->18796K(25248K)
[719.290s][info][gc             ] GC(1691) Pause Full (System.gc()) 198M->70M(991M) 133.397ms
[719.290s][info][gc,cpu         ] GC(1691) User=0.12s Sys=0.00s Real=0.13s
[719.395s][info][gc,start       ] GC(1692) Pause Young (Allocation Failure)
[719.399s][info][gc,heap        ] GC(1692) PSYoungGen: 281600K->17056K(314880K)
[719.399s][info][gc,heap        ] GC(1692) PSOldGen: 72678K->72678K(699392K)
[719.399s][info][gc,metaspace   ] GC(1692) Metaspace: 145962K(158544K)->145962K(158544K) NonClass: 127165K(133296K)->127165K(133296K) Class: 18796K(25248K)->18796K(25248K)
[719.399s][info][gc             ] GC(1692) Pause Young (Allocation Failure) 345M->87M(990M) 3.676ms
[719.399s][info][gc,cpu         ] GC(1692) User=0.00s Sys=0.00s Real=0.00s
[719.447s][info][gc,start       ] GC(1693) Pause Young (Allocation Failure)
[719.453s][info][gc,heap        ] GC(1693) PSYoungGen: 298656K->19110K(313344K)
[719.453s][info][gc,heap        ] GC(1693) PSOldGen: 72678K->85633K(699392K)
[719.453s][info][gc,metaspace   ] GC(1693) Metaspace: 145962K(158544K)->145962K(158544K) NonClass: 127165K(133296K)->127165K(133296K) Class: 18796K(25248K)->18796K(25248K)
[719.453s][info][gc             ] GC(1693) Pause Young (Allocation Failure) 362M->102M(989M) 5.281ms
[719.453s][info][gc,cpu         ] GC(1693) User=0.00s Sys=0.00s Real=0.01s
[719.597s][info][gc,start       ] GC(1694) Pause Young (Allocation Failure)
[719.604s][info][gc,heap        ] GC(1694) PSYoungGen: 294600K->34123K(313856K)
[719.604s][info][gc,heap        ] GC(1694) PSOldGen: 85633K->97745K(699392K)
[719.604s][info][gc,metaspace   ] GC(1694) Metaspace: 145962K(158544K)->145962K(158544K) NonClass: 127165K(133296K)->127165K(133296K) Class: 18796K(25248K)->18796K(25248K)
[719.604s][info][gc             ] GC(1694) Pause Young (Allocation Failure) 371M->128M(989M) 7.356ms
[719.604s][info][gc,cpu         ] GC(1694) User=0.00s Sys=0.00s Real=0.01s
[719.637s][info][gc,start       ] GC(1695) Pause Young (Allocation Failure)
[719.643s][info][gc,heap        ] GC(1695) PSYoungGen: 310280K->8019K(305664K)
[719.643s][info][gc,heap        ] GC(1695) PSOldGen: 97745K->123061K(699392K)
[719.643s][info][gc,metaspace   ] GC(1695) Metaspace: 145962K(158544K)->145962K(158544K) NonClass: 127165K(133296K)->127165K(133296K) Class: 18796K(25248K)->18796K(25248K)
[719.643s][info][gc             ] GC(1695) Pause Young (Allocation Failure) 398M->128M(981M) 6.135ms
[719.644s][info][gc,cpu         ] GC(1695) User=0.06s Sys=0.00s Real=0.01s
[719.780s][info][gc,start       ] GC(1696) Pause Young (Allocation Failure)
[719.786s][info][gc,heap        ] GC(1696) PSYoungGen: 278355K->33260K(303616K)
[719.786s][info][gc,heap        ] GC(1696) PSOldGen: 123061K->123093K(699392K)
[719.786s][info][gc,metaspace   ] GC(1696) Metaspace: 145962K(158544K)->145962K(158544K) NonClass: 127165K(133296K)->127165K(133296K) Class: 18796K(25248K)->18796K(25248K)
[719.786s][info][gc             ] GC(1696) Pause Young (Allocation Failure) 392M->152M(979M) 6.104ms
[719.786s][info][gc,cpu         ] GC(1696) User=0.09s Sys=0.00s Real=0.01s
[719.843s][info][gc,start       ] GC(1697) Pause Young (Allocation Failure)
[719.849s][info][gc,heap        ] GC(1697) PSYoungGen: 300991K->29365K(299520K)
[719.849s][info][gc,heap        ] GC(1697) PSOldGen: 123093K->132619K(699392K)
[719.849s][info][gc,metaspace   ] GC(1697) Metaspace: 145962K(158544K)->145962K(158544K) NonClass: 127165K(133296K)->127165K(133296K) Class: 18796K(25248K)->18796K(25248K)
[719.849s][info][gc             ] GC(1697) Pause Young (Allocation Failure) 414M->158M(975M) 5.810ms
[719.849s][info][gc,cpu         ] GC(1697) User=0.02s Sys=0.00s Real=0.01s
[719.880s][info][gc,start       ] GC(1698) Pause Young (Allocation Failure)
[719.884s][info][gc,heap        ] GC(1698) PSYoungGen: 284341K->18481K(302080K)
[719.884s][info][gc,heap        ] GC(1698) PSOldGen: 132619K->140625K(699392K)
[719.884s][info][gc,metaspace   ] GC(1698) Metaspace: 145962K(158544K)->145962K(158544K) NonClass: 127165K(133296K)->127165K(133296K) Class: 18796K(25248K)->18796K(25248K)
[719.884s][info][gc             ] GC(1698) Pause Young (Allocation Failure) 407M->155M(978M) 4.306ms
[719.884s][info][gc,cpu         ] GC(1698) User=0.00s Sys=0.00s Real=0.00s
[719.915s][info][gc,start       ] GC(1699) Pause Young (Allocation Failure)
[719.918s][info][gc,heap        ] GC(1699) PSYoungGen: 273362K->12884K(306688K)
[719.918s][info][gc,heap        ] GC(1699) PSOldGen: 140625K->145174K(699392K)
[719.918s][info][gc,metaspace   ] GC(1699) Metaspace: 145962K(158544K)->145962K(158544K) NonClass: 127165K(133296K)->127165K(133296K) Class: 18796K(25248K)->18796K(25248K)
[719.918s][info][gc             ] GC(1699) Pause Young (Allocation Failure) 404M->154M(982M) 3.327ms
[719.918s][info][gc,cpu         ] GC(1699) User=0.00s Sys=0.00s Real=0.00s
[720.060s][info][gc,start       ] GC(1700) Pause Young (Allocation Failure)
[720.066s][info][gc,heap        ] GC(1700) PSYoungGen: 275028K->36733K(299008K)
[720.066s][info][gc,heap        ] GC(1700) PSOldGen: 145174K->145370K(699392K)
[720.066s][info][gc,metaspace   ] GC(1700) Metaspace: 145962K(158544K)->145962K(158544K) NonClass: 127165K(133296K)->127165K(133296K) Class: 18796K(25248K)->18796K(25248K)
[720.066s][info][gc             ] GC(1700) Pause Young (Allocation Failure) 410M->177M(975M) 6.473ms
[720.066s][info][gc,cpu         ] GC(1700) User=0.09s Sys=0.00s Real=0.01s
[720.236s][info][gc,start       ] GC(1701) Pause Young (Allocation Failure)
[720.240s][info][gc,heap        ] GC(1701) PSYoungGen: 298877K->14606K(304128K)
[720.240s][info][gc,heap        ] GC(1701) PSOldGen: 145370K->147318K(699392K)
[720.240s][info][gc,metaspace   ] GC(1701) Metaspace: 145962K(158544K)->145962K(158544K) NonClass: 127165K(133296K)->127165K(133296K) Class: 18796K(25248K)->18796K(25248K)
[720.240s][info][gc             ] GC(1701) Pause Young (Allocation Failure) 433M->158M(980M) 3.848ms
[720.240s][info][gc,cpu         ] GC(1701) User=0.00s Sys=0.00s Real=0.02s
[721.015s][info][gc,start       ] GC(1702) Pause Young (GCLocker Initiated GC)
[721.020s][info][gc,heap        ] GC(1702) PSYoungGen: 271118K->6111K(301568K)
[721.020s][info][gc,heap        ] GC(1702) PSOldGen: 147318K->161741K(699392K)
[721.020s][info][gc,metaspace   ] GC(1702) Metaspace: 145962K(158544K)->145962K(158544K) NonClass: 127165K(133296K)->127165K(133296K) Class: 18796K(25248K)->18796K(25248K)
[721.020s][info][gc             ] GC(1702) Pause Young (GCLocker Initiated GC) 408M->163M(977M) 4.524ms
[721.020s][info][gc,cpu         ] GC(1702) User=0.00s Sys=0.00s Real=0.01s
[722.051s][info][gc,start       ] GC(1703) Pause Young (Allocation Failure)
[722.053s][info][gc,heap        ] GC(1703) PSYoungGen: 262623K->583K(304640K)
[722.053s][info][gc,heap        ] GC(1703) PSOldGen: 170984K->171624K(699392K)
[722.053s][info][gc,metaspace   ] GC(1703) Metaspace: 145962K(158544K)->145962K(158544K) NonClass: 127165K(133296K)->127165K(133296K) Class: 18796K(25248K)->18796K(25248K)
[722.053s][info][gc             ] GC(1703) Pause Young (Allocation Failure) 423M->168M(980M) 2.004ms
[722.053s][info][gc,cpu         ] GC(1703) User=0.00s Sys=0.00s Real=0.00s
[722.987s][info][gc,start       ] GC(1704) Pause Young (Allocation Failure)
[722.989s][info][gc,heap        ] GC(1704) PSYoungGen: 260481K->1218K(304640K)
[722.989s][info][gc,heap        ] GC(1704) PSOldGen: 171624K->172059K(699392K)
[722.989s][info][gc,metaspace   ] GC(1704) Metaspace: 145962K(158544K)->145962K(158544K) NonClass: 127165K(133296K)->127165K(133296K) Class: 18796K(25248K)->18796K(25248K)
[722.989s][info][gc             ] GC(1704) Pause Young (Allocation Failure) 421M->169M(980M) 1.944ms
[722.989s][info][gc,cpu         ] GC(1704) User=0.00s Sys=0.00s Real=0.00s
[723.889s][info][gc,start       ] GC(1705) Pause Young (Allocation Failure)
[723.891s][info][gc,heap        ] GC(1705) PSYoungGen: 258940K->693K(306176K)
[723.891s][info][gc,heap        ] GC(1705) PSOldGen: 172059K->172383K(699392K)
[723.891s][info][gc,metaspace   ] GC(1705) Metaspace: 145962K(158544K)->145962K(158544K) NonClass: 127165K(133296K)->127165K(133296K) Class: 18796K(25248K)->18796K(25248K)
[723.891s][info][gc             ] GC(1705) Pause Young (Allocation Failure) 420M->169M(982M) 2.253ms
[723.891s][info][gc,cpu         ] GC(1705) User=0.09s Sys=0.00s Real=0.00s
[724.852s][info][gc,start       ] GC(1706) Pause Young (Allocation Failure)
[724.854s][info][gc,heap        ] GC(1706) PSYoungGen: 262836K->1694K(305152K)
[724.854s][info][gc,heap        ] GC(1706) PSOldGen: 172383K->172852K(699392K)
[724.854s][info][gc,metaspace   ] GC(1706) Metaspace: 145962K(158544K)->145962K(158544K) NonClass: 127165K(133296K)->127165K(133296K) Class: 18796K(25248K)->18796K(25248K)
[724.854s][info][gc             ] GC(1706) Pause Young (Allocation Failure) 425M->170M(981M) 2.371ms
[724.854s][info][gc,cpu         ] GC(1706) User=0.00s Sys=0.00s Real=0.00s
[725.554s][info][gc,start       ] GC(1707) Pause Young (Allocation Failure)
[725.556s][info][gc,heap        ] GC(1707) PSYoungGen: 263838K->2965K(309248K)
[725.556s][info][gc,heap        ] GC(1707) PSOldGen: 172852K->173210K(699392K)
[725.556s][info][gc,metaspace   ] GC(1707) Metaspace: 145962K(158544K)->145962K(158544K) NonClass: 127165K(133296K)->127165K(133296K) Class: 18796K(25248K)->18796K(25248K)
[725.556s][info][gc             ] GC(1707) Pause Young (Allocation Failure) 426M->172M(985M) 2.599ms
[725.556s][info][gc,cpu         ] GC(1707) User=0.00s Sys=0.00s Real=0.00s
[725.655s][info][gc,start       ] GC(1708) Pause Young (System.gc())
[725.658s][info][gc,heap        ] GC(1708) PSYoungGen: 103904K->581K(307200K)
[725.658s][info][gc,heap        ] GC(1708) PSOldGen: 173210K->175371K(699392K)
[725.658s][info][gc,metaspace   ] GC(1708) Metaspace: 145962K(158544K)->145962K(158544K) NonClass: 127166K(133296K)->127166K(133296K) Class: 18796K(25248K)->18796K(25248K)
[725.658s][info][gc             ] GC(1708) Pause Young (System.gc()) 270M->171M(983M) 3.143ms
[725.658s][info][gc,cpu         ] GC(1708) User=0.08s Sys=0.02s Real=0.00s
[725.658s][info][gc,start       ] GC(1709) Pause Full (System.gc())
[725.661s][info][gc,phases,start] GC(1709) Phase 1: Mark live objects
[725.734s][info][gc,phases      ] GC(1709) Phase 1: Mark live objects 72.888ms
[725.734s][info][gc,phases,start] GC(1709) Phase 2: Compute new object addresses
[725.745s][info][gc,phases      ] GC(1709) Phase 2: Compute new object addresses 11.047ms
[725.745s][info][gc,phases,start] GC(1709) Phase 3: Adjust pointers
[725.788s][info][gc,phases      ] GC(1709) Phase 3: Adjust pointers 42.151ms
[725.788s][info][gc,phases,start] GC(1709) Phase 4: Move objects
[725.788s][info][gc,phases      ] GC(1709) Phase 4: Move objects 0.875ms
[725.789s][info][gc,heap        ] GC(1709) PSYoungGen: 581K->0K(307200K)
[725.789s][info][gc,heap        ] GC(1709) PSOldGen: 175371K->102229K(699392K)
[725.789s][info][gc,metaspace   ] GC(1709) Metaspace: 145962K(158544K)->145962K(158544K) NonClass: 127166K(133296K)->127166K(133296K) Class: 18796K(25248K)->18796K(25248K)
[725.790s][info][gc             ] GC(1709) Pause Full (System.gc()) 171M->99M(983M) 131.329ms
[725.790s][info][gc,cpu         ] GC(1709) User=0.16s Sys=0.00s Real=0.14s
[725.893s][info][gc,start       ] GC(1710) Pause Young (Allocation Failure)
[725.896s][info][gc,heap        ] GC(1710) PSYoungGen: 267264K->17057K(310272K)
[725.896s][info][gc,heap        ] GC(1710) PSOldGen: 102229K->102229K(699392K)
[725.896s][info][gc,metaspace   ] GC(1710) Metaspace: 145964K(158544K)->145964K(158544K) NonClass: 127168K(133296K)->127168K(133296K) Class: 18796K(25248K)->18796K(25248K)
[725.896s][info][gc             ] GC(1710) Pause Young (Allocation Failure) 360M->116M(986M) 3.506ms
[725.896s][info][gc,cpu         ] GC(1710) User=0.00s Sys=0.00s Real=0.00s
[725.944s][info][gc,start       ] GC(1711) Pause Young (Allocation Failure)
[725.949s][info][gc,heap        ] GC(1711) PSYoungGen: 288417K->16838K(310272K)
[725.949s][info][gc,heap        ] GC(1711) PSOldGen: 102229K->115228K(699392K)
[725.949s][info][gc,metaspace   ] GC(1711) Metaspace: 145964K(158544K)->145964K(158544K) NonClass: 127168K(133296K)->127168K(133296K) Class: 18796K(25248K)->18796K(25248K)
[725.949s][info][gc             ] GC(1711) Pause Young (Allocation Failure) 381M->128M(986M) 5.296ms
[725.949s][info][gc,cpu         ] GC(1711) User=0.00s Sys=0.00s Real=0.01s
[726.080s][info][gc,start       ] GC(1712) Pause Young (Allocation Failure)
[726.086s][info][gc,heap        ] GC(1712) PSYoungGen: 284613K->33480K(299520K)
[726.086s][info][gc,heap        ] GC(1712) PSOldGen: 115228K->124413K(699392K)
[726.086s][info][gc,metaspace   ] GC(1712) Metaspace: 145964K(158544K)->145964K(158544K) NonClass: 127168K(133296K)->127168K(133296K) Class: 18796K(25248K)->18796K(25248K)
[726.086s][info][gc             ] GC(1712) Pause Young (Allocation Failure) 390M->154M(975M) 6.891ms
[726.087s][info][gc,cpu         ] GC(1712) User=0.00s Sys=0.00s Real=0.01s
[726.117s][info][gc,start       ] GC(1713) Pause Young (Allocation Failure)
[726.124s][info][gc,heap        ] GC(1713) PSYoungGen: 290613K->21759K(305152K)
[726.124s][info][gc,heap        ] GC(1713) PSOldGen: 124413K->151349K(699392K)
[726.124s][info][gc,metaspace   ] GC(1713) Metaspace: 145964K(158544K)->145964K(158544K) NonClass: 127168K(133296K)->127168K(133296K) Class: 18796K(25248K)->18796K(25248K)
[726.124s][info][gc             ] GC(1713) Pause Young (Allocation Failure) 405M->169M(981M) 7.263ms
[726.124s][info][gc,cpu         ] GC(1713) User=0.00s Sys=0.00s Real=0.01s
[726.264s][info][gc,start       ] GC(1714) Pause Young (Allocation Failure)
[726.269s][info][gc,heap        ] GC(1714) PSYoungGen: 282848K->30440K(299008K)
[726.269s][info][gc,heap        ] GC(1714) PSOldGen: 151349K->152092K(699392K)
[726.269s][info][gc,metaspace   ] GC(1714) Metaspace: 145964K(158544K)->145964K(158544K) NonClass: 127168K(133296K)->127168K(133296K) Class: 18796K(25248K)->18796K(25248K)
[726.269s][info][gc             ] GC(1714) Pause Young (Allocation Failure) 424M->178M(975M) 5.739ms
[726.270s][info][gc,cpu         ] GC(1714) User=0.09s Sys=0.00s Real=0.01s
[726.312s][info][gc,start       ] GC(1715) Pause Young (Allocation Failure)
[726.318s][info][gc,heap        ] GC(1715) PSYoungGen: 285416K->32787K(288256K)
[726.318s][info][gc,heap        ] GC(1715) PSOldGen: 152092K->152257K(699392K)
[726.318s][info][gc,metaspace   ] GC(1715) Metaspace: 145964K(158544K)->145964K(158544K) NonClass: 127168K(133296K)->127168K(133296K) Class: 18796K(25248K)->18796K(25248K)
[726.318s][info][gc             ] GC(1715) Pause Young (Allocation Failure) 427M->180M(964M) 6.105ms
[726.318s][info][gc,cpu         ] GC(1715) User=0.02s Sys=0.00s Real=0.00s
[726.362s][info][gc,start       ] GC(1716) Pause Young (Allocation Failure)
[726.368s][info][gc,heap        ] GC(1716) PSYoungGen: 287763K->26582K(298496K)
[726.368s][info][gc,heap        ] GC(1716) PSOldGen: 152257K->168502K(699392K)
[726.368s][info][gc,metaspace   ] GC(1716) Metaspace: 145964K(158544K)->145964K(158544K) NonClass: 127168K(133296K)->127168K(133296K) Class: 18796K(25248K)->18796K(25248K)
[726.368s][info][gc             ] GC(1716) Pause Young (Allocation Failure) 429M->190M(974M) 6.078ms
[726.368s][info][gc,cpu         ] GC(1716) User=0.00s Sys=0.00s Real=0.01s
[726.398s][info][gc,start       ] GC(1717) Pause Young (Allocation Failure)
[726.402s][info][gc,heap        ] GC(1717) PSYoungGen: 274390K->26379K(298496K)
[726.402s][info][gc,heap        ] GC(1717) PSOldGen: 168502K->173807K(699392K)
[726.402s][info][gc,metaspace   ] GC(1717) Metaspace: 145964K(158544K)->145964K(158544K) NonClass: 127168K(133296K)->127168K(133296K) Class: 18796K(25248K)->18796K(25248K)
[726.402s][info][gc             ] GC(1717) Pause Young (Allocation Failure) 432M->195M(974M) 4.840ms
[726.403s][info][gc,cpu         ] GC(1717) User=0.00s Sys=0.00s Real=0.01s
[726.438s][info][gc,start       ] GC(1718) Pause Young (Allocation Failure)
[726.441s][info][gc,heap        ] GC(1718) PSYoungGen: 274187K->6954K(300032K)
[726.441s][info][gc,heap        ] GC(1718) PSOldGen: 173807K->176343K(699392K)
[726.441s][info][gc,metaspace   ] GC(1718) Metaspace: 145964K(158544K)->145964K(158544K) NonClass: 127168K(133296K)->127168K(133296K) Class: 18796K(25248K)->18796K(25248K)
[726.441s][info][gc             ] GC(1718) Pause Young (Allocation Failure) 437M->179M(976M) 3.100ms
[726.441s][info][gc,cpu         ] GC(1718) User=0.00s Sys=0.00s Real=0.00s
[726.628s][info][gc,start       ] GC(1719) Pause Young (Allocation Failure)
[726.631s][info][gc,heap        ] GC(1719) PSYoungGen: 256810K->16009K(299008K)
[726.631s][info][gc,heap        ] GC(1719) PSOldGen: 176343K->176704K(699392K)
[726.631s][info][gc,metaspace   ] GC(1719) Metaspace: 145964K(158544K)->145964K(158544K) NonClass: 127168K(133296K)->127168K(133296K) Class: 18796K(25248K)->18796K(25248K)
[726.631s][info][gc             ] GC(1719) Pause Young (Allocation Failure) 423M->188M(975M) 3.430ms
[726.631s][info][gc,cpu         ] GC(1719) User=0.00s Sys=0.00s Real=0.00s
[727.058s][info][gc,start       ] GC(1720) Pause Young (Allocation Failure)
[727.062s][info][gc,heap        ] GC(1720) PSYoungGen: 265865K->4407K(303104K)
[727.062s][info][gc,heap        ] GC(1720) PSOldGen: 176704K->192494K(699392K)
[727.062s][info][gc,metaspace   ] GC(1720) Metaspace: 145964K(158544K)->145964K(158544K) NonClass: 127168K(133296K)->127168K(133296K) Class: 18796K(25248K)->18796K(25248K)
[727.062s][info][gc             ] GC(1720) Pause Young (Allocation Failure) 432M->192M(979M) 4.206ms
[727.062s][info][gc,cpu         ] GC(1720) User=0.05s Sys=0.00s Real=0.00s
[728.052s][info][gc,start       ] GC(1721) Pause Young (Allocation Failure)
[728.055s][info][gc,heap        ] GC(1721) PSYoungGen: 260919K->4297K(302592K)
[728.055s][info][gc,heap        ] GC(1721) PSOldGen: 192494K->193263K(699392K)
[728.055s][info][gc,metaspace   ] GC(1721) Metaspace: 145964K(158544K)->145964K(158544K) NonClass: 127168K(133296K)->127168K(133296K) Class: 18796K(25248K)->18796K(25248K)
[728.055s][info][gc             ] GC(1721) Pause Young (Allocation Failure) 442M->192M(978M) 2.842ms
[728.055s][info][gc,cpu         ] GC(1721) User=0.00s Sys=0.00s Real=0.00s
[728.941s][info][gc,start       ] GC(1722) Pause Young (GCLocker Initiated GC)
[728.944s][info][gc,heap        ] GC(1722) PSYoungGen: 260809K->4187K(305152K)
[728.944s][info][gc,heap        ] GC(1722) PSOldGen: 193268K->193688K(699392K)
[728.944s][info][gc,metaspace   ] GC(1722) Metaspace: 145964K(158544K)->145964K(158544K) NonClass: 127168K(133296K)->127168K(133296K) Class: 18796K(25248K)->18796K(25248K)
[728.944s][info][gc             ] GC(1722) Pause Young (GCLocker Initiated GC) 443M->193M(981M) 2.282ms
[728.944s][info][gc,cpu         ] GC(1722) User=0.00s Sys=0.00s Real=0.00s
[729.881s][info][gc,start       ] GC(1723) Pause Young (GCLocker Initiated GC)
[729.883s][info][gc,heap        ] GC(1723) PSYoungGen: 264283K->5314K(304128K)
[729.883s][info][gc,heap        ] GC(1723) PSOldGen: 193847K->194274K(699392K)
[729.884s][info][gc,metaspace   ] GC(1723) Metaspace: 145964K(158544K)->145964K(158544K) NonClass: 127168K(133296K)->127168K(133296K) Class: 18796K(25248K)->18796K(25248K)
[729.884s][info][gc             ] GC(1723) Pause Young (GCLocker Initiated GC) 447M->194M(980M) 2.712ms
[729.884s][info][gc,cpu         ] GC(1723) User=0.00s Sys=0.00s Real=0.00s
[730.827s][info][gc,start       ] GC(1724) Pause Young (Allocation Failure)
[730.830s][info][gc,heap        ] GC(1724) PSYoungGen: 265410K->4674K(308224K)
[730.830s][info][gc,heap        ] GC(1724) PSOldGen: 194278K->195050K(699392K)
[730.830s][info][gc,metaspace   ] GC(1724) Metaspace: 145964K(158544K)->145964K(158544K) NonClass: 127168K(133296K)->127168K(133296K) Class: 18796K(25248K)->18796K(25248K)
[730.830s][info][gc             ] GC(1724) Pause Young (Allocation Failure) 448M->195M(984M) 3.086ms
[730.830s][info][gc,cpu         ] GC(1724) User=0.02s Sys=0.00s Real=0.00s
[731.803s][info][gc,start       ] GC(1725) Pause Young (Allocation Failure)
[731.805s][info][gc,heap        ] GC(1725) PSYoungGen: 270402K->3376K(306688K)
[731.806s][info][gc,heap        ] GC(1725) PSOldGen: 195050K->196363K(699392K)
[731.806s][info][gc,metaspace   ] GC(1725) Metaspace: 145964K(158544K)->145964K(158544K) NonClass: 127168K(133296K)->127168K(133296K) Class: 18796K(25248K)->18796K(25248K)
[731.806s][info][gc             ] GC(1725) Pause Young (Allocation Failure) 454M->195M(982M) 2.367ms
[731.806s][info][gc,cpu         ] GC(1725) User=0.00s Sys=0.00s Real=0.00s
[732.161s][info][gc,start       ] GC(1726) Pause Young (System.gc())
[732.164s][info][gc,heap        ] GC(1726) PSYoungGen: 228404K->2611K(310784K)
[732.164s][info][gc,heap        ] GC(1726) PSOldGen: 196363K->197094K(699392K)
[732.164s][info][gc,metaspace   ] GC(1726) Metaspace: 145964K(158544K)->145964K(158544K) NonClass: 127168K(133296K)->127168K(133296K) Class: 18796K(25248K)->18796K(25248K)
[732.164s][info][gc             ] GC(1726) Pause Young (System.gc()) 414M->195M(986M) 2.660ms
[732.164s][info][gc,cpu         ] GC(1726) User=0.00s Sys=0.00s Real=0.00s
[732.164s][info][gc,start       ] GC(1727) Pause Full (System.gc())
[732.166s][info][gc,phases,start] GC(1727) Phase 1: Mark live objects
[732.237s][info][gc,phases      ] GC(1727) Phase 1: Mark live objects 70.866ms
[732.237s][info][gc,phases,start] GC(1727) Phase 2: Compute new object addresses
[732.248s][info][gc,phases      ] GC(1727) Phase 2: Compute new object addresses 11.361ms
[732.248s][info][gc,phases,start] GC(1727) Phase 3: Adjust pointers
[732.289s][info][gc,phases      ] GC(1727) Phase 3: Adjust pointers 41.281ms
[732.290s][info][gc,phases,start] GC(1727) Phase 4: Move objects
[732.290s][info][gc,phases      ] GC(1727) Phase 4: Move objects 0.823ms
[732.291s][info][gc,heap        ] GC(1727) PSYoungGen: 2611K->0K(310784K)
[732.291s][info][gc,heap        ] GC(1727) PSOldGen: 197094K->106997K(699392K)
[732.291s][info][gc,metaspace   ] GC(1727) Metaspace: 145964K(158544K)->145964K(158544K) NonClass: 127168K(133296K)->127168K(133296K) Class: 18796K(25248K)->18796K(25248K)
[732.291s][info][gc             ] GC(1727) Pause Full (System.gc()) 195M->104M(986M) 127.504ms
[732.291s][info][gc,cpu         ] GC(1727) User=0.12s Sys=0.00s Real=0.12s
[732.392s][info][gc,start       ] GC(1728) Pause Young (Allocation Failure)
[732.395s][info][gc,heap        ] GC(1728) PSYoungGen: 270848K->15185K(309248K)
[732.396s][info][gc,heap        ] GC(1728) PSOldGen: 106997K->106997K(699392K)
[732.396s][info][gc,metaspace   ] GC(1728) Metaspace: 145982K(158544K)->145982K(158544K) NonClass: 127185K(133296K)->127185K(133296K) Class: 18796K(25248K)->18796K(25248K)
[732.396s][info][gc             ] GC(1728) Pause Young (Allocation Failure) 368M->119M(985M) 3.217ms
[732.396s][info][gc,cpu         ] GC(1728) User=0.00s Sys=0.00s Real=0.00s
[732.444s][info][gc,start       ] GC(1729) Pause Young (Allocation Failure)
[732.448s][info][gc,heap        ] GC(1729) PSYoungGen: 286033K->16774K(312320K)
[732.448s][info][gc,heap        ] GC(1729) PSOldGen: 106997K->117588K(699392K)
[732.448s][info][gc,metaspace   ] GC(1729) Metaspace: 145982K(158544K)->145982K(158544K) NonClass: 127185K(133296K)->127185K(133296K) Class: 18796K(25248K)->18796K(25248K)
[732.448s][info][gc             ] GC(1729) Pause Young (Allocation Failure) 383M->131M(988M) 4.803ms
[732.448s][info][gc,cpu         ] GC(1729) User=0.00s Sys=0.00s Real=0.00s
[732.598s][info][gc,start       ] GC(1730) Pause Young (Allocation Failure)
[732.606s][info][gc,heap        ] GC(1730) PSYoungGen: 289672K->36850K(311808K)
[732.606s][info][gc,heap        ] GC(1730) PSOldGen: 117588K->137422K(699392K)
[732.606s][info][gc,metaspace   ] GC(1730) Metaspace: 145982K(158544K)->145982K(158544K) NonClass: 127185K(133296K)->127185K(133296K) Class: 18796K(25248K)->18796K(25248K)
[732.606s][info][gc             ] GC(1730) Pause Young (Allocation Failure) 397M->170M(987M) 8.705ms
[732.606s][info][gc,cpu         ] GC(1730) User=0.00s Sys=0.00s Real=0.01s
[732.640s][info][gc,start       ] GC(1731) Pause Young (GCLocker Initiated GC)
[732.647s][info][gc,heap        ] GC(1731) PSYoungGen: 310797K->13132K(290304K)
[732.647s][info][gc,heap        ] GC(1731) PSOldGen: 141518K->167319K(699392K)
[732.647s][info][gc,metaspace   ] GC(1731) Metaspace: 145982K(158544K)->145982K(158544K) NonClass: 127185K(133296K)->127185K(133296K) Class: 18796K(25248K)->18796K(25248K)
[732.647s][info][gc             ] GC(1731) Pause Young (GCLocker Initiated GC) 441M->176M(966M) 6.646ms
[732.647s][info][gc,cpu         ] GC(1731) User=0.00s Sys=0.00s Real=0.01s
[732.783s][info][gc,start       ] GC(1732) Pause Young (Allocation Failure)
[732.789s][info][gc,heap        ] GC(1732) PSYoungGen: 266060K->33532K(286720K)
[732.789s][info][gc,heap        ] GC(1732) PSOldGen: 168883K->169762K(699392K)
[732.789s][info][gc,metaspace   ] GC(1732) Metaspace: 145982K(158544K)->145982K(158544K) NonClass: 127185K(133296K)->127185K(133296K) Class: 18796K(25248K)->18796K(25248K)
[732.789s][info][gc             ] GC(1732) Pause Young (Allocation Failure) 424M->198M(963M) 6.158ms
[732.789s][info][gc,cpu         ] GC(1732) User=0.00s Sys=0.00s Real=0.00s
[732.832s][info][gc,start       ] GC(1733) Pause Young (Allocation Failure)
[732.837s][info][gc,heap        ] GC(1733) PSYoungGen: 286460K->23029K(299008K)
[732.837s][info][gc,heap        ] GC(1733) PSOldGen: 169762K->175395K(699392K)
[732.838s][info][gc,metaspace   ] GC(1733) Metaspace: 145982K(158544K)->145982K(158544K) NonClass: 127185K(133296K)->127185K(133296K) Class: 18796K(25248K)->18796K(25248K)
[732.838s][info][gc             ] GC(1733) Pause Young (Allocation Failure) 445M->193M(975M) 5.598ms
[732.838s][info][gc,cpu         ] GC(1733) User=0.00s Sys=0.00s Real=0.01s
[732.880s][info][gc,start       ] GC(1734) Pause Young (GCLocker Initiated GC)
[732.884s][info][gc,heap        ] GC(1734) PSYoungGen: 268329K->6513K(297984K)
[732.884s][info][gc,heap        ] GC(1734) PSOldGen: 179491K->189494K(699392K)
[732.884s][info][gc,metaspace   ] GC(1734) Metaspace: 145982K(158544K)->145982K(158544K) NonClass: 127185K(133296K)->127185K(133296K) Class: 18796K(25248K)->18796K(25248K)
[732.884s][info][gc             ] GC(1734) Pause Young (GCLocker Initiated GC) 437M->191M(974M) 4.084ms
[732.884s][info][gc,cpu         ] GC(1734) User=0.00s Sys=0.00s Real=0.01s
[732.913s][info][gc,start       ] GC(1735) Pause Young (Allocation Failure)
[732.917s][info][gc,heap        ] GC(1735) PSYoungGen: 254321K->17330K(303104K)
[732.917s][info][gc,heap        ] GC(1735) PSOldGen: 189495K->195416K(699392K)
[732.917s][info][gc,metaspace   ] GC(1735) Metaspace: 145982K(158544K)->145982K(158544K) NonClass: 127185K(133296K)->127185K(133296K) Class: 18796K(25248K)->18796K(25248K)
[732.917s][info][gc             ] GC(1735) Pause Young (Allocation Failure) 433M->207M(979M) 4.013ms
[732.917s][info][gc,cpu         ] GC(1735) User=0.00s Sys=0.00s Real=0.00s
[733.027s][info][gc,start       ] GC(1736) Pause Young (Allocation Failure)
[733.029s][info][gc,heap        ] GC(1736) PSYoungGen: 271282K->1431K(300032K)
[733.029s][info][gc,heap        ] GC(1736) PSOldGen: 195416K->195612K(699392K)
[733.029s][info][gc,metaspace   ] GC(1736) Metaspace: 145982K(158544K)->145982K(158544K) NonClass: 127185K(133296K)->127185K(133296K) Class: 18796K(25248K)->18796K(25248K)
[733.029s][info][gc             ] GC(1736) Pause Young (Allocation Failure) 455M->192M(976M) 1.909ms
[733.029s][info][gc,cpu         ] GC(1736) User=0.00s Sys=0.00s Real=0.00s
[733.164s][info][gc,start       ] GC(1737) Pause Young (Allocation Failure)
[733.168s][info][gc,heap        ] GC(1737) PSYoungGen: 255383K->15913K(306176K)
[733.168s][info][gc,heap        ] GC(1737) PSOldGen: 195612K->195990K(699392K)
[733.168s][info][gc,metaspace   ] GC(1737) Metaspace: 145982K(158544K)->145982K(158544K) NonClass: 127185K(133296K)->127185K(133296K) Class: 18796K(25248K)->18796K(25248K)
[733.168s][info][gc             ] GC(1737) Pause Young (Allocation Failure) 440M->206M(982M) 3.724ms
[733.168s][info][gc,cpu         ] GC(1737) User=0.00s Sys=0.00s Real=0.01s
[733.678s][info][gc,start       ] GC(1738) Pause Young (Allocation Failure)
[733.683s][info][gc,heap        ] GC(1738) PSYoungGen: 276521K->1309K(303616K)
[733.683s][info][gc,heap        ] GC(1738) PSOldGen: 195990K->211767K(699392K)
[733.683s][info][gc,metaspace   ] GC(1738) Metaspace: 145982K(158544K)->145982K(158544K) NonClass: 127185K(133296K)->127185K(133296K) Class: 18796K(25248K)->18796K(25248K)
[733.683s][info][gc             ] GC(1738) Pause Young (Allocation Failure) 461M->208M(979M) 4.450ms
[733.683s][info][gc,cpu         ] GC(1738) User=0.00s Sys=0.00s Real=0.00s
[734.694s][info][gc,start       ] GC(1739) Pause Young (Allocation Failure)
[734.696s][info][gc,heap        ] GC(1739) PSYoungGen: 261385K->3397K(307712K)
[734.696s][info][gc,heap        ] GC(1739) PSOldGen: 211767K->212502K(699392K)
[734.696s][info][gc,metaspace   ] GC(1739) Metaspace: 145982K(158544K)->145982K(158544K) NonClass: 127185K(133296K)->127185K(133296K) Class: 18796K(25248K)->18796K(25248K)
[734.696s][info][gc             ] GC(1739) Pause Young (Allocation Failure) 462M->210M(983M) 2.494ms
[734.696s][info][gc,cpu         ] GC(1739) User=0.00s Sys=0.00s Real=0.00s
[735.687s][info][gc,start       ] GC(1740) Pause Young (Allocation Failure)
[735.690s][info][gc,heap        ] GC(1740) PSYoungGen: 268613K->8478K(306688K)
[735.690s][info][gc,heap        ] GC(1740) PSOldGen: 212502K->212876K(699392K)
[735.690s][info][gc,metaspace   ] GC(1740) Metaspace: 145982K(158544K)->145982K(158544K) NonClass: 127185K(133296K)->127185K(133296K) Class: 18796K(25248K)->18796K(25248K)
[735.690s][info][gc             ] GC(1740) Pause Young (Allocation Failure) 469M->216M(982M) 3.438ms
[735.690s][info][gc,cpu         ] GC(1740) User=0.02s Sys=0.00s Real=0.00s
[736.639s][info][gc,start       ] GC(1741) Pause Young (Allocation Failure)
[736.641s][info][gc,heap        ] GC(1741) PSYoungGen: 273694K->3995K(310784K)
[736.642s][info][gc,heap        ] GC(1741) PSOldGen: 212876K->213337K(699392K)
[736.642s][info][gc,metaspace   ] GC(1741) Metaspace: 145982K(158544K)->145982K(158544K) NonClass: 127185K(133296K)->127185K(133296K) Class: 18796K(25248K)->18796K(25248K)
[736.642s][info][gc             ] GC(1741) Pause Young (Allocation Failure) 475M->212M(986M) 2.658ms
[736.642s][info][gc,cpu         ] GC(1741) User=0.08s Sys=0.00s Real=0.01s
[737.630s][info][gc,start       ] GC(1742) Pause Young (GCLocker Initiated GC)
[737.633s][info][gc,heap        ] GC(1742) PSYoungGen: 275355K->3427K(309760K)
[737.633s][info][gc,heap        ] GC(1742) PSOldGen: 213402K->213819K(699392K)
[737.633s][info][gc,metaspace   ] GC(1742) Metaspace: 145982K(158544K)->145982K(158544K) NonClass: 127185K(133296K)->127185K(133296K) Class: 18796K(25248K)->18796K(25248K)
[737.633s][info][gc             ] GC(1742) Pause Young (GCLocker Initiated GC) 477M->212M(985M) 2.666ms
[737.633s][info][gc,cpu         ] GC(1742) User=0.00s Sys=0.00s Real=0.00s
[738.504s][info][gc,start       ] GC(1743) Pause Young (Allocation Failure)
[738.506s][info][gc,heap        ] GC(1743) PSYoungGen: 274787K->2391K(313344K)
[738.506s][info][gc,heap        ] GC(1743) PSOldGen: 213823K->214176K(699392K)
[738.506s][info][gc,metaspace   ] GC(1743) Metaspace: 145982K(158544K)->145982K(158544K) NonClass: 127185K(133296K)->127185K(133296K) Class: 18796K(25248K)->18796K(25248K)
[738.506s][info][gc             ] GC(1743) Pause Young (Allocation Failure) 477M->211M(989M) 2.303ms
[738.506s][info][gc,cpu         ] GC(1743) User=0.00s Sys=0.00s Real=0.00s
[738.644s][info][gc,start       ] GC(1744) Pause Young (System.gc())
[738.647s][info][gc,heap        ] GC(1744) PSYoungGen: 156857K->1765K(312320K)
[738.647s][info][gc,heap        ] GC(1744) PSOldGen: 214176K->215433K(699392K)
[738.647s][info][gc,metaspace   ] GC(1744) Metaspace: 145982K(158544K)->145982K(158544K) NonClass: 127185K(133296K)->127185K(133296K) Class: 18796K(25248K)->18796K(25248K)
[738.647s][info][gc             ] GC(1744) Pause Young (System.gc()) 362M->212M(988M) 2.798ms
[738.647s][info][gc,cpu         ] GC(1744) User=0.00s Sys=0.00s Real=0.02s
[738.647s][info][gc,start       ] GC(1745) Pause Full (System.gc())
[738.649s][info][gc,phases,start] GC(1745) Phase 1: Mark live objects
[738.720s][info][gc,phases      ] GC(1745) Phase 1: Mark live objects 71.569ms
[738.720s][info][gc,phases,start] GC(1745) Phase 2: Compute new object addresses
[738.732s][info][gc,phases      ] GC(1745) Phase 2: Compute new object addresses 11.461ms
[738.732s][info][gc,phases,start] GC(1745) Phase 3: Adjust pointers
[738.773s][info][gc,phases      ] GC(1745) Phase 3: Adjust pointers 41.460ms
[738.773s][info][gc,phases,start] GC(1745) Phase 4: Move objects
[738.775s][info][gc,phases      ] GC(1745) Phase 4: Move objects 1.562ms
[738.776s][info][gc,heap        ] GC(1745) PSYoungGen: 1765K->0K(312320K)
[738.776s][info][gc,heap        ] GC(1745) PSOldGen: 215433K->107303K(699392K)
[738.776s][info][gc,metaspace   ] GC(1745) Metaspace: 145982K(158544K)->145982K(158544K) NonClass: 127185K(133296K)->127185K(133296K) Class: 18796K(25248K)->18796K(25248K)
[738.776s][info][gc             ] GC(1745) Pause Full (System.gc()) 212M->104M(988M) 129.013ms
[738.776s][info][gc,cpu         ] GC(1745) User=0.11s Sys=0.02s Real=0.13s
[738.887s][info][gc,start       ] GC(1746) Pause Young (Allocation Failure)
[738.890s][info][gc,heap        ] GC(1746) PSYoungGen: 276480K->17024K(313344K)
[738.890s][info][gc,heap        ] GC(1746) PSOldGen: 107303K->107311K(699392K)
[738.890s][info][gc,metaspace   ] GC(1746) Metaspace: 146032K(158544K)->146032K(158544K) NonClass: 127236K(133296K)->127236K(133296K) Class: 18796K(25248K)->18796K(25248K)
[738.890s][info][gc             ] GC(1746) Pause Young (Allocation Failure) 374M->121M(989M) 3.100ms
[738.890s][info][gc,cpu         ] GC(1746) User=0.09s Sys=0.00s Real=0.00s
[738.940s][info][gc,start       ] GC(1747) Pause Young (Allocation Failure)
[738.945s][info][gc,heap        ] GC(1747) PSYoungGen: 295552K->17286K(313856K)
[738.945s][info][gc,heap        ] GC(1747) PSOldGen: 107311K->120245K(699392K)
[738.945s][info][gc,metaspace   ] GC(1747) Metaspace: 146032K(158544K)->146032K(158544K) NonClass: 127236K(133296K)->127236K(133296K) Class: 18796K(25248K)->18796K(25248K)
[738.945s][info][gc             ] GC(1747) Pause Young (Allocation Failure) 393M->134M(989M) 5.101ms
[738.945s][info][gc,cpu         ] GC(1747) User=0.00s Sys=0.00s Real=0.00s
[739.089s][info][gc,start       ] GC(1748) Pause Young (Allocation Failure)
[739.096s][info][gc,heap        ] GC(1748) PSYoungGen: 292234K->32935K(302592K)
[739.096s][info][gc,heap        ] GC(1748) PSOldGen: 120245K->129952K(699392K)
[739.096s][info][gc,metaspace   ] GC(1748) Metaspace: 146032K(158544K)->146032K(158544K) NonClass: 127236K(133296K)->127236K(133296K) Class: 18796K(25248K)->18796K(25248K)
[739.096s][info][gc             ] GC(1748) Pause Young (Allocation Failure) 402M->159M(978M) 6.942ms
[739.096s][info][gc,cpu         ] GC(1748) User=0.06s Sys=0.00s Real=0.01s
[739.128s][info][gc,start       ] GC(1749) Pause Young (Allocation Failure)
[739.134s][info][gc,heap        ] GC(1749) PSYoungGen: 299070K->7794K(308224K)
[739.134s][info][gc,heap        ] GC(1749) PSOldGen: 129952K->157439K(699392K)
[739.134s][info][gc,metaspace   ] GC(1749) Metaspace: 146032K(158544K)->146032K(158544K) NonClass: 127236K(133296K)->127236K(133296K) Class: 18796K(25248K)->18796K(25248K)
[739.134s][info][gc             ] GC(1749) Pause Young (Allocation Failure) 418M->161M(984M) 6.012ms
[739.134s][info][gc,cpu         ] GC(1749) User=0.00s Sys=0.00s Real=0.00s
[739.277s][info][gc,start       ] GC(1750) Pause Young (Allocation Failure)
[739.283s][info][gc,heap        ] GC(1750) PSYoungGen: 275058K->31212K(301568K)
[739.283s][info][gc,heap        ] GC(1750) PSOldGen: 157439K->157495K(699392K)
[739.283s][info][gc,metaspace   ] GC(1750) Metaspace: 146032K(158544K)->146032K(158544K) NonClass: 127236K(133296K)->127236K(133296K) Class: 18796K(25248K)->18796K(25248K)
[739.283s][info][gc             ] GC(1750) Pause Young (Allocation Failure) 422M->184M(977M) 5.873ms
[739.283s][info][gc,cpu         ] GC(1750) User=0.06s Sys=0.02s Real=0.01s
[739.337s][info][gc,start       ] GC(1751) Pause Young (Allocation Failure)
[739.341s][info][gc,heap        ] GC(1751) PSYoungGen: 291015K->7509K(305664K)
[739.341s][info][gc,heap        ] GC(1751) PSOldGen: 157495K->167021K(699392K)
[739.341s][info][gc,metaspace   ] GC(1751) Metaspace: 146033K(158544K)->146033K(158544K) NonClass: 127237K(133296K)->127237K(133296K) Class: 18796K(25248K)->18796K(25248K)
[739.341s][info][gc             ] GC(1751) Pause Young (Allocation Failure) 437M->170M(981M) 3.429ms
[739.341s][info][gc,cpu         ] GC(1751) User=0.00s Sys=0.00s Real=0.01s
[739.375s][info][gc,start       ] GC(1752) Pause Young (Allocation Failure)
[739.378s][info][gc,heap        ] GC(1752) PSYoungGen: 268502K->11191K(309760K)
[739.378s][info][gc,heap        ] GC(1752) PSOldGen: 167021K->174366K(699392K)
[739.378s][info][gc,metaspace   ] GC(1752) Metaspace: 146033K(158544K)->146033K(158544K) NonClass: 127237K(133296K)->127237K(133296K) Class: 18796K(25248K)->18796K(25248K)
[739.378s][info][gc             ] GC(1752) Pause Young (Allocation Failure) 425M->181M(985M) 3.702ms
[739.378s][info][gc,cpu         ] GC(1752) User=0.00s Sys=0.00s Real=0.00s
[739.411s][info][gc,start       ] GC(1753) Pause Young (Allocation Failure)
[739.414s][info][gc,heap        ] GC(1753) PSYoungGen: 278967K->8153K(307200K)
[739.414s][info][gc,heap        ] GC(1753) PSOldGen: 174366K->179689K(699392K)
[739.414s][info][gc,metaspace   ] GC(1753) Metaspace: 146033K(158544K)->146033K(158544K) NonClass: 127237K(133296K)->127237K(133296K) Class: 18796K(25248K)->18796K(25248K)
[739.414s][info][gc             ] GC(1753) Pause Young (Allocation Failure) 442M->183M(983M) 3.408ms
[739.414s][info][gc,cpu         ] GC(1753) User=0.00s Sys=0.00s Real=0.00s
[739.557s][info][gc,start       ] GC(1754) Pause Young (Allocation Failure)
[739.564s][info][gc,heap        ] GC(1754) PSYoungGen: 275929K->34633K(300032K)
[739.564s][info][gc,heap        ] GC(1754) PSOldGen: 179689K->180033K(699392K)
[739.564s][info][gc,metaspace   ] GC(1754) Metaspace: 146033K(158544K)->146033K(158544K) NonClass: 127237K(133296K)->127237K(133296K) Class: 18796K(25248K)->18796K(25248K)
[739.564s][info][gc             ] GC(1754) Pause Young (Allocation Failure) 444M->209M(976M) 6.716ms
[739.564s][info][gc,cpu         ] GC(1754) User=0.09s Sys=0.00s Real=0.01s
[739.729s][info][gc,start       ] GC(1755) Pause Young (Allocation Failure)
[739.733s][info][gc,heap        ] GC(1755) PSYoungGen: 296777K->12948K(305664K)
[739.733s][info][gc,heap        ] GC(1755) PSOldGen: 180033K->183465K(699392K)
[739.733s][info][gc,metaspace   ] GC(1755) Metaspace: 146033K(158544K)->146033K(158544K) NonClass: 127237K(133296K)->127237K(133296K) Class: 18796K(25248K)->18796K(25248K)
[739.733s][info][gc             ] GC(1755) Pause Young (Allocation Failure) 465M->191M(981M) 3.660ms
[739.733s][info][gc,cpu         ] GC(1755) User=0.00s Sys=0.00s Real=0.00s
[740.513s][info][gc,start       ] GC(1756) Pause Young (Allocation Failure)
[740.518s][info][gc,heap        ] GC(1756) PSYoungGen: 275092K->6020K(309248K)
[740.518s][info][gc,heap        ] GC(1756) PSOldGen: 183465K->196318K(699392K)
[740.518s][info][gc,metaspace   ] GC(1756) Metaspace: 146033K(158544K)->146033K(158544K) NonClass: 127237K(133296K)->127237K(133296K) Class: 18796K(25248K)->18796K(25248K)
[740.518s][info][gc             ] GC(1756) Pause Young (Allocation Failure) 447M->197M(985M) 4.771ms
[740.518s][info][gc,cpu         ] GC(1756) User=0.08s Sys=0.00s Real=0.02s
[741.558s][info][gc,start       ] GC(1757) Pause Young (Allocation Failure)
[741.560s][info][gc,heap        ] GC(1757) PSYoungGen: 274308K->1532K(308224K)
[741.560s][info][gc,heap        ] GC(1757) PSOldGen: 196318K->196973K(699392K)
[741.560s][info][gc,metaspace   ] GC(1757) Metaspace: 146033K(158544K)->146033K(158544K) NonClass: 127237K(133296K)->127237K(133296K) Class: 18796K(25248K)->18796K(25248K)
[741.560s][info][gc             ] GC(1757) Pause Young (Allocation Failure) 459M->193M(984M) 2.121ms
[741.560s][info][gc,cpu         ] GC(1757) User=0.00s Sys=0.00s Real=0.00s
[742.507s][info][gc,start       ] GC(1758) Pause Young (GCLocker Initiated GC)
[742.510s][info][gc,heap        ] GC(1758) PSYoungGen: 269820K->4726K(311296K)
[742.510s][info][gc,heap        ] GC(1758) PSOldGen: 196989K->197375K(699392K)
[742.510s][info][gc,metaspace   ] GC(1758) Metaspace: 146033K(158544K)->146033K(158544K) NonClass: 127237K(133296K)->127237K(133296K) Class: 18796K(25248K)->18796K(25248K)
[742.510s][info][gc             ] GC(1758) Pause Young (GCLocker Initiated GC) 455M->197M(987M) 2.544ms
[742.510s][info][gc,cpu         ] GC(1758) User=0.00s Sys=0.00s Real=0.00s
[743.483s][info][gc,start       ] GC(1759) Pause Young (Allocation Failure)
[743.486s][info][gc,heap        ] GC(1759) PSYoungGen: 276598K->2862K(309760K)
[743.486s][info][gc,heap        ] GC(1759) PSOldGen: 197505K->197821K(699392K)
[743.486s][info][gc,metaspace   ] GC(1759) Metaspace: 146033K(158544K)->146033K(158544K) NonClass: 127237K(133296K)->127237K(133296K) Class: 18796K(25248K)->18796K(25248K)
[743.486s][info][gc             ] GC(1759) Pause Young (Allocation Failure) 462M->195M(985M) 3.228ms
[743.486s][info][gc,cpu         ] GC(1759) User=0.03s Sys=0.02s Real=0.00s
[744.432s][info][gc,start       ] GC(1760) Pause Young (Allocation Failure)
[744.434s][info][gc,heap        ] GC(1760) PSYoungGen: 271400K->688K(312832K)
[744.434s][info][gc,heap        ] GC(1760) PSOldGen: 197821K->198244K(699392K)
[744.434s][info][gc,metaspace   ] GC(1760) Metaspace: 146033K(158544K)->146033K(158544K) NonClass: 127237K(133296K)->127237K(133296K) Class: 18796K(25248K)->18796K(25248K)
[744.434s][info][gc             ] GC(1760) Pause Young (Allocation Failure) 458M->194M(988M) 2.096ms
[744.434s][info][gc,cpu         ] GC(1760) User=0.00s Sys=0.00s Real=0.00s
[745.093s][info][gc,start       ] GC(1761) Pause Young (GCLocker Initiated GC)
[745.097s][info][gc,heap        ] GC(1761) PSYoungGen: 276656K->9486K(312320K)
[745.097s][info][gc,heap        ] GC(1761) PSOldGen: 198247K->198704K(699392K)
[745.097s][info][gc,metaspace   ] GC(1761) Metaspace: 146033K(158544K)->146033K(158544K) NonClass: 127237K(133296K)->127237K(133296K) Class: 18796K(25248K)->18796K(25248K)
[745.097s][info][gc             ] GC(1761) Pause Young (GCLocker Initiated GC) 463M->203M(988M) 3.763ms
[745.097s][info][gc,cpu         ] GC(1761) User=0.00s Sys=0.00s Real=0.00s
[745.166s][info][gc,start       ] GC(1762) Pause Young (System.gc())
[745.169s][info][gc,heap        ] GC(1762) PSYoungGen: 61579K->384K(316416K)
[745.169s][info][gc,heap        ] GC(1762) PSOldGen: 198704K->201186K(699392K)
[745.169s][info][gc,metaspace   ] GC(1762) Metaspace: 146036K(158544K)->146036K(158544K) NonClass: 127240K(133296K)->127240K(133296K) Class: 18796K(25248K)->18796K(25248K)
[745.169s][info][gc             ] GC(1762) Pause Young (System.gc()) 254M->196M(992M) 2.507ms
[745.169s][info][gc,cpu         ] GC(1762) User=0.00s Sys=0.00s Real=0.00s
[745.169s][info][gc,start       ] GC(1763) Pause Full (System.gc())
[745.171s][info][gc,phases,start] GC(1763) Phase 1: Mark live objects
[745.242s][info][gc,phases      ] GC(1763) Phase 1: Mark live objects 70.922ms
[745.242s][info][gc,phases,start] GC(1763) Phase 2: Compute new object addresses
[745.253s][info][gc,phases      ] GC(1763) Phase 2: Compute new object addresses 11.231ms
[745.253s][info][gc,phases,start] GC(1763) Phase 3: Adjust pointers
[745.295s][info][gc,phases      ] GC(1763) Phase 3: Adjust pointers 41.875ms
[745.295s][info][gc,phases,start] GC(1763) Phase 4: Move objects
[745.299s][info][gc,phases      ] GC(1763) Phase 4: Move objects 3.979ms
[745.300s][info][gc,heap        ] GC(1763) PSYoungGen: 384K->0K(316416K)
[745.300s][info][gc,heap        ] GC(1763) PSOldGen: 201186K->72834K(699392K)
[745.300s][info][gc,metaspace   ] GC(1763) Metaspace: 146036K(158544K)->146036K(158544K) NonClass: 127240K(133296K)->127240K(133296K) Class: 18796K(25248K)->18796K(25248K)
[745.300s][info][gc             ] GC(1763) Pause Full (System.gc()) 196M->71M(992M) 130.967ms
[745.300s][info][gc,cpu         ] GC(1763) User=0.14s Sys=0.00s Real=0.13s
[745.420s][info][gc,start       ] GC(1764) Pause Young (Allocation Failure)
[745.423s][info][gc,heap        ] GC(1764) PSYoungGen: 282624K->16849K(315392K)
[745.423s][info][gc,heap        ] GC(1764) PSOldGen: 72940K->72940K(699392K)
[745.423s][info][gc,metaspace   ] GC(1764) Metaspace: 146064K(158800K)->146064K(158800K) NonClass: 127267K(133552K)->127267K(133552K) Class: 18796K(25248K)->18796K(25248K)
[745.423s][info][gc             ] GC(1764) Pause Young (Allocation Failure) 347M->87M(991M) 3.099ms
[745.423s][info][gc,cpu         ] GC(1764) User=0.08s Sys=0.02s Real=0.00s
[745.469s][info][gc,start       ] GC(1765) Pause Young (Allocation Failure)
[745.475s][info][gc,heap        ] GC(1765) PSYoungGen: 299473K->17286K(314880K)
[745.475s][info][gc,heap        ] GC(1765) PSOldGen: 72940K->85800K(699392K)
[745.475s][info][gc,metaspace   ] GC(1765) Metaspace: 146064K(158800K)->146064K(158800K) NonClass: 127267K(133552K)->127267K(133552K) Class: 18796K(25248K)->18796K(25248K)
[745.475s][info][gc             ] GC(1765) Pause Young (Allocation Failure) 363M->100M(990M) 5.120ms
[745.475s][info][gc,cpu         ] GC(1765) User=0.00s Sys=0.00s Real=0.00s
[745.611s][info][gc,start       ] GC(1766) Pause Young (Allocation Failure)
[745.618s][info][gc,heap        ] GC(1766) PSYoungGen: 296375K->33747K(315392K)
[745.618s][info][gc,heap        ] GC(1766) PSOldGen: 85800K->99257K(699392K)
[745.618s][info][gc,metaspace   ] GC(1766) Metaspace: 146064K(158800K)->146064K(158800K) NonClass: 127267K(133552K)->127267K(133552K) Class: 18796K(25248K)->18796K(25248K)
[745.618s][info][gc             ] GC(1766) Pause Young (Allocation Failure) 373M->129M(991M) 7.205ms
[745.619s][info][gc,cpu         ] GC(1766) User=0.00s Sys=0.00s Real=0.01s
[745.653s][info][gc,start       ] GC(1767) Pause Young (Allocation Failure)
[745.659s][info][gc,heap        ] GC(1767) PSYoungGen: 314106K->12002K(308224K)
[745.659s][info][gc,heap        ] GC(1767) PSOldGen: 99257K->123023K(699392K)
[745.659s][info][gc,metaspace   ] GC(1767) Metaspace: 146064K(158800K)->146064K(158800K) NonClass: 127267K(133552K)->127267K(133552K) Class: 18796K(25248K)->18796K(25248K)
[745.659s][info][gc             ] GC(1767) Pause Young (Allocation Failure) 403M->131M(984M) 6.297ms
[745.659s][info][gc,cpu         ] GC(1767) User=0.06s Sys=0.00s Real=0.01s
[745.824s][info][gc,start       ] GC(1768) Pause Young (Allocation Failure)
[745.830s][info][gc,heap        ] GC(1768) PSYoungGen: 286434K->33644K(308224K)
[745.830s][info][gc,heap        ] GC(1768) PSOldGen: 123023K->123071K(699392K)
[745.830s][info][gc,metaspace   ] GC(1768) Metaspace: 146064K(158800K)->146064K(158800K) NonClass: 127267K(133552K)->127267K(133552K) Class: 18796K(25248K)->18796K(25248K)
[745.830s][info][gc             ] GC(1768) Pause Young (Allocation Failure) 399M->153M(984M) 6.421ms
[745.830s][info][gc,cpu         ] GC(1768) User=0.09s Sys=0.00s Real=0.01s
[745.887s][info][gc,start       ] GC(1769) Pause Young (Allocation Failure)
[745.891s][info][gc,heap        ] GC(1769) PSYoungGen: 308076K->9618K(308224K)
[745.891s][info][gc,heap        ] GC(1769) PSOldGen: 123071K->132605K(699392K)
[745.891s][info][gc,metaspace   ] GC(1769) Metaspace: 146064K(158800K)->146064K(158800K) NonClass: 127267K(133552K)->127267K(133552K) Class: 18796K(25248K)->18796K(25248K)
[745.891s][info][gc             ] GC(1769) Pause Young (Allocation Failure) 421M->138M(984M) 3.785ms
[745.891s][info][gc,cpu         ] GC(1769) User=0.09s Sys=0.00s Real=0.00s
[745.923s][info][gc,start       ] GC(1770) Pause Young (Allocation Failure)
[745.928s][info][gc,heap        ] GC(1770) PSYoungGen: 276882K->22338K(289792K)
[745.928s][info][gc,heap        ] GC(1770) PSOldGen: 132605K->141564K(699392K)
[745.928s][info][gc,metaspace   ] GC(1770) Metaspace: 146064K(158800K)->146064K(158800K) NonClass: 127267K(133552K)->127267K(133552K) Class: 18796K(25248K)->18796K(25248K)
[745.928s][info][gc             ] GC(1770) Pause Young (Allocation Failure) 399M->160M(966M) 4.790ms
[745.928s][info][gc,cpu         ] GC(1770) User=0.00s Sys=0.00s Real=0.00s
[745.961s][info][gc,start       ] GC(1771) Pause Young (Allocation Failure)
[745.964s][info][gc,heap        ] GC(1771) PSYoungGen: 288608K->12284K(309760K)
[745.964s][info][gc,heap        ] GC(1771) PSOldGen: 141564K->145215K(699392K)
[745.964s][info][gc,metaspace   ] GC(1771) Metaspace: 146064K(158800K)->146064K(158800K) NonClass: 127267K(133552K)->127267K(133552K) Class: 18796K(25248K)->18796K(25248K)
[745.964s][info][gc             ] GC(1771) Pause Young (Allocation Failure) 420M->153M(985M) 3.464ms
[745.964s][info][gc,cpu         ] GC(1771) User=0.00s Sys=0.00s Real=0.00s
[746.126s][info][gc,start       ] GC(1772) Pause Young (Allocation Failure)
[746.131s][info][gc,heap        ] GC(1772) PSYoungGen: 280242K->31137K(299520K)
[746.132s][info][gc,heap        ] GC(1772) PSOldGen: 145215K->145575K(699392K)
[746.132s][info][gc,metaspace   ] GC(1772) Metaspace: 146064K(158800K)->146064K(158800K) NonClass: 127267K(133552K)->127267K(133552K) Class: 18796K(25248K)->18796K(25248K)
[746.132s][info][gc             ] GC(1772) Pause Young (Allocation Failure) 415M->172M(975M) 5.708ms
[746.132s][info][gc,cpu         ] GC(1772) User=0.00s Sys=0.00s Real=0.01s
[746.322s][info][gc,start       ] GC(1773) Pause Young (Allocation Failure)
[746.325s][info][gc,heap        ] GC(1773) PSYoungGen: 299425K->7543K(307200K)
[746.325s][info][gc,heap        ] GC(1773) PSOldGen: 145575K->155172K(699392K)
[746.325s][info][gc,metaspace   ] GC(1773) Metaspace: 146064K(158800K)->146064K(158800K) NonClass: 127267K(133552K)->127267K(133552K) Class: 18796K(25248K)->18796K(25248K)
[746.325s][info][gc             ] GC(1773) Pause Young (Allocation Failure) 434M->158M(983M) 3.427ms
[746.325s][info][gc,cpu         ] GC(1773) User=0.00s Sys=0.00s Real=0.00s
[747.215s][info][gc,start       ] GC(1774) Pause Young (Allocation Failure)
[747.218s][info][gc,heap        ] GC(1774) PSYoungGen: 271114K->990K(306176K)
[747.218s][info][gc,heap        ] GC(1774) PSOldGen: 155172K->162166K(699392K)
[747.218s][info][gc,metaspace   ] GC(1774) Metaspace: 146064K(158800K)->146064K(158800K) NonClass: 127267K(133552K)->127267K(133552K) Class: 18796K(25248K)->18796K(25248K)
[747.218s][info][gc             ] GC(1774) Pause Young (Allocation Failure) 416M->159M(982M) 3.243ms
[747.218s][info][gc,cpu         ] GC(1774) User=0.00s Sys=0.00s Real=0.00s
[748.231s][info][gc,start       ] GC(1775) Pause Young (GCLocker Initiated GC)
[748.233s][info][gc,heap        ] GC(1775) PSYoungGen: 265182K->2711K(308224K)
[748.233s][info][gc,heap        ] GC(1775) PSOldGen: 162174K->162456K(699392K)
[748.233s][info][gc,metaspace   ] GC(1775) Metaspace: 146064K(158800K)->146064K(158800K) NonClass: 127267K(133552K)->127267K(133552K) Class: 18796K(25248K)->18796K(25248K)
[748.233s][info][gc             ] GC(1775) Pause Young (GCLocker Initiated GC) 417M->161M(984M) 2.442ms
[748.233s][info][gc,cpu         ] GC(1775) User=0.00s Sys=0.00s Real=0.00s
[749.205s][info][gc,start       ] GC(1776) Pause Young (Allocation Failure)
[749.207s][info][gc,heap        ] GC(1776) PSYoungGen: 269463K->4269K(307712K)
[749.207s][info][gc,heap        ] GC(1776) PSOldGen: 163069K->163509K(699392K)
[749.207s][info][gc,metaspace   ] GC(1776) Metaspace: 146064K(158800K)->146064K(158800K) NonClass: 127267K(133552K)->127267K(133552K) Class: 18796K(25248K)->18796K(25248K)
[749.207s][info][gc             ] GC(1776) Pause Young (Allocation Failure) 422M->163M(983M) 2.465ms
[749.207s][info][gc,cpu         ] GC(1776) User=0.00s Sys=0.00s Real=0.00s
[750.228s][info][gc,start       ] GC(1777) Pause Young (Allocation Failure)
[750.230s][info][gc,heap        ] GC(1777) PSYoungGen: 271021K->4590K(311296K)
[750.230s][info][gc,heap        ] GC(1777) PSOldGen: 163509K->164033K(699392K)
[750.230s][info][gc,metaspace   ] GC(1777) Metaspace: 146064K(158800K)->146064K(158800K) NonClass: 127267K(133552K)->127267K(133552K) Class: 18796K(25248K)->18796K(25248K)
[750.230s][info][gc             ] GC(1777) Pause Young (Allocation Failure) 424M->164M(987M) 2.549ms
[750.230s][info][gc,cpu         ] GC(1777) User=0.00s Sys=0.00s Real=0.00s
[751.141s][info][gc,start       ] GC(1778) Pause Young (GCLocker Initiated GC)
[751.144s][info][gc,heap        ] GC(1778) PSYoungGen: 276462K->3542K(309760K)
[751.144s][info][gc,heap        ] GC(1778) PSOldGen: 164065K->164635K(699392K)
[751.144s][info][gc,metaspace   ] GC(1778) Metaspace: 146064K(158800K)->146064K(158800K) NonClass: 127267K(133552K)->127267K(133552K) Class: 18796K(25248K)->18796K(25248K)
[751.144s][info][gc             ] GC(1778) Pause Young (GCLocker Initiated GC) 430M->164M(985M) 2.826ms
[751.144s][info][gc,cpu         ] GC(1778) User=0.00s Sys=0.00s Real=0.01s
[751.652s][info][gc,start       ] GC(1779) Pause Young (Allocation Failure)
[751.655s][info][gc,heap        ] GC(1779) PSYoungGen: 275414K->2783K(313856K)
[751.655s][info][gc,heap        ] GC(1779) PSOldGen: 166685K->167052K(699392K)
[751.655s][info][gc,metaspace   ] GC(1779) Metaspace: 146064K(158800K)->146064K(158800K) NonClass: 127267K(133552K)->127267K(133552K) Class: 18796K(25248K)->18796K(25248K)
[751.655s][info][gc             ] GC(1779) Pause Young (Allocation Failure) 431M->165M(989M) 2.408ms
[751.655s][info][gc,cpu         ] GC(1779) User=0.00s Sys=0.00s Real=0.00s
[751.666s][info][gc,start       ] GC(1780) Pause Young (System.gc())
[751.668s][info][gc,heap        ] GC(1780) PSYoungGen: 4369K->288K(312320K)
[751.668s][info][gc,heap        ] GC(1780) PSOldGen: 167052K->169530K(699392K)
[751.668s][info][gc,metaspace   ] GC(1780) Metaspace: 146064K(158800K)->146064K(158800K) NonClass: 127267K(133552K)->127267K(133552K) Class: 18796K(25248K)->18796K(25248K)
[751.668s][info][gc             ] GC(1780) Pause Young (System.gc()) 167M->165M(988M) 2.406ms
[751.668s][info][gc,cpu         ] GC(1780) User=0.00s Sys=0.00s Real=0.00s
[751.669s][info][gc,start       ] GC(1781) Pause Full (System.gc())
[751.670s][info][gc,phases,start] GC(1781) Phase 1: Mark live objects
[751.741s][info][gc,phases      ] GC(1781) Phase 1: Mark live objects 70.959ms
[751.741s][info][gc,phases,start] GC(1781) Phase 2: Compute new object addresses
[751.752s][info][gc,phases      ] GC(1781) Phase 2: Compute new object addresses 11.052ms
[751.752s][info][gc,phases,start] GC(1781) Phase 3: Adjust pointers
[751.794s][info][gc,phases      ] GC(1781) Phase 3: Adjust pointers 41.602ms
[751.794s][info][gc,phases,start] GC(1781) Phase 4: Move objects
[751.795s][info][gc,phases      ] GC(1781) Phase 4: Move objects 0.884ms
[751.796s][info][gc,heap        ] GC(1781) PSYoungGen: 288K->0K(312320K)
[751.796s][info][gc,heap        ] GC(1781) PSOldGen: 169530K->103271K(699392K)
[751.796s][info][gc,metaspace   ] GC(1781) Metaspace: 146064K(158800K)->146064K(158800K) NonClass: 127267K(133552K)->127267K(133552K) Class: 18796K(25248K)->18796K(25248K)
[751.796s][info][gc             ] GC(1781) Pause Full (System.gc()) 165M->100M(988M) 127.433ms
[751.796s][info][gc,cpu         ] GC(1781) User=0.11s Sys=0.02s Real=0.13s
[751.897s][info][gc,start       ] GC(1782) Pause Young (Allocation Failure)
[751.901s][info][gc,heap        ] GC(1782) PSYoungGen: 276992K->17073K(313344K)
[751.901s][info][gc,heap        ] GC(1782) PSOldGen: 103271K->103271K(699392K)
[751.901s][info][gc,metaspace   ] GC(1782) Metaspace: 146064K(158800K)->146064K(158800K) NonClass: 127267K(133552K)->127267K(133552K) Class: 18796K(25248K)->18796K(25248K)
[751.901s][info][gc             ] GC(1782) Pause Young (Allocation Failure) 371M->117M(989M) 3.301ms
[751.901s][info][gc,cpu         ] GC(1782) User=0.00s Sys=0.00s Real=0.00s
[751.947s][info][gc,start       ] GC(1783) Pause Young (Allocation Failure)
[751.953s][info][gc,heap        ] GC(1783) PSYoungGen: 295601K->19142K(297984K)
[751.953s][info][gc,heap        ] GC(1783) PSOldGen: 103271K->116257K(699392K)
[751.953s][info][gc,metaspace   ] GC(1783) Metaspace: 146064K(158800K)->146064K(158800K) NonClass: 127267K(133552K)->127267K(133552K) Class: 18796K(25248K)->18796K(25248K)
[751.953s][info][gc             ] GC(1783) Pause Young (Allocation Failure) 389M->132M(974M) 5.490ms
[751.953s][info][gc,cpu         ] GC(1783) User=0.00s Sys=0.00s Real=0.01s
[752.087s][info][gc,start       ] GC(1784) Pause Young (Allocation Failure)
[752.094s][info][gc,heap        ] GC(1784) PSYoungGen: 294385K->35796K(299008K)
[752.094s][info][gc,heap        ] GC(1784) PSOldGen: 116257K->130487K(699392K)
[752.094s][info][gc,metaspace   ] GC(1784) Metaspace: 146064K(158800K)->146064K(158800K) NonClass: 127267K(133552K)->127267K(133552K) Class: 18796K(25248K)->18796K(25248K)
[752.094s][info][gc             ] GC(1784) Pause Young (Allocation Failure) 401M->162M(975M) 7.563ms
[752.094s][info][gc,cpu         ] GC(1784) User=0.08s Sys=0.02s Real=0.01s
[752.127s][info][gc,start       ] GC(1785) Pause Young (Allocation Failure)
[752.133s][info][gc,heap        ] GC(1785) PSYoungGen: 298964K->7305K(306176K)
[752.133s][info][gc,heap        ] GC(1785) PSOldGen: 130487K->153764K(699392K)
[752.133s][info][gc,metaspace   ] GC(1785) Metaspace: 146064K(158800K)->146064K(158800K) NonClass: 127267K(133552K)->127267K(133552K) Class: 18796K(25248K)->18796K(25248K)
[752.133s][info][gc             ] GC(1785) Pause Young (Allocation Failure) 419M->157M(982M) 5.649ms
[752.133s][info][gc,cpu         ] GC(1785) User=0.00s Sys=0.00s Real=0.01s
[752.279s][info][gc,start       ] GC(1786) Pause Young (Allocation Failure)
[752.285s][info][gc,heap        ] GC(1786) PSYoungGen: 270473K->35679K(296960K)
[752.285s][info][gc,heap        ] GC(1786) PSOldGen: 153764K->153796K(699392K)
[752.285s][info][gc,metaspace   ] GC(1786) Metaspace: 146064K(158800K)->146064K(158800K) NonClass: 127267K(133552K)->127267K(133552K) Class: 18796K(25248K)->18796K(25248K)
[752.285s][info][gc             ] GC(1786) Pause Young (Allocation Failure) 414M->185M(973M) 6.277ms
[752.285s][info][gc,cpu         ] GC(1786) User=0.09s Sys=0.00s Real=0.01s
[752.328s][info][gc,start       ] GC(1787) Pause Young (Allocation Failure)
[752.332s][info][gc,heap        ] GC(1787) PSYoungGen: 290797K->8343K(302592K)
[752.332s][info][gc,heap        ] GC(1787) PSOldGen: 153796K->162546K(699392K)
[752.332s][info][gc,metaspace   ] GC(1787) Metaspace: 146064K(158800K)->146064K(158800K) NonClass: 127267K(133552K)->127267K(133552K) Class: 18796K(25248K)->18796K(25248K)
[752.332s][info][gc             ] GC(1787) Pause Young (Allocation Failure) 434M->166M(978M) 3.525ms
[752.332s][info][gc,cpu         ] GC(1787) User=0.00s Sys=0.00s Real=0.00s
[752.374s][info][gc,start       ] GC(1788) Pause Young (Allocation Failure)
[752.379s][info][gc,heap        ] GC(1788) PSYoungGen: 263424K->27128K(300544K)
[752.379s][info][gc,heap        ] GC(1788) PSOldGen: 162546K->170417K(699392K)
[752.379s][info][gc,metaspace   ] GC(1788) Metaspace: 146064K(158800K)->146064K(158800K) NonClass: 127267K(133552K)->127267K(133552K) Class: 18796K(25248K)->18796K(25248K)
[752.379s][info][gc             ] GC(1788) Pause Young (Allocation Failure) 415M->192M(976M) 5.107ms
[752.379s][info][gc,cpu         ] GC(1788) User=0.02s Sys=0.00s Real=0.01s
[752.409s][info][gc,start       ] GC(1789) Pause Young (Allocation Failure)
[752.412s][info][gc,heap        ] GC(1789) PSYoungGen: 282941K->5241K(302592K)
[752.412s][info][gc,heap        ] GC(1789) PSOldGen: 170417K->176201K(699392K)
[752.412s][info][gc,metaspace   ] GC(1789) Metaspace: 146064K(158800K)->146064K(158800K) NonClass: 127267K(133552K)->127267K(133552K) Class: 18796K(25248K)->18796K(25248K)
[752.412s][info][gc             ] GC(1789) Pause Young (Allocation Failure) 442M->177M(978M) 2.995ms
[752.412s][info][gc,cpu         ] GC(1789) User=0.00s Sys=0.00s Real=0.00s
[752.564s][info][gc,start       ] GC(1790) Pause Young (Allocation Failure)
[752.568s][info][gc,heap        ] GC(1790) PSYoungGen: 260633K->17164K(306176K)
[752.568s][info][gc,heap        ] GC(1790) PSOldGen: 176201K->176319K(699392K)
[752.568s][info][gc,metaspace   ] GC(1790) Metaspace: 146064K(158800K)->146064K(158800K) NonClass: 127267K(133552K)->127267K(133552K) Class: 18796K(25248K)->18796K(25248K)
[752.568s][info][gc             ] GC(1790) Pause Young (Allocation Failure) 426M->188M(982M) 4.125ms
[752.568s][info][gc,cpu         ] GC(1790) User=0.00s Sys=0.00s Real=0.00s
[752.698s][info][gc,start       ] GC(1791) Pause Young (Allocation Failure)
[752.701s][info][gc,heap        ] GC(1791) PSYoungGen: 278284K->15977K(304128K)
[752.701s][info][gc,heap        ] GC(1791) PSOldGen: 176319K->176619K(699392K)
[752.701s][info][gc,metaspace   ] GC(1791) Metaspace: 146064K(158800K)->146064K(158800K) NonClass: 127267K(133552K)->127267K(133552K) Class: 18796K(25248K)->18796K(25248K)
[752.701s][info][gc             ] GC(1791) Pause Young (Allocation Failure) 443M->188M(980M) 3.697ms
[752.701s][info][gc,cpu         ] GC(1791) User=0.00s Sys=0.00s Real=0.00s
[753.356s][info][gc,start       ] GC(1792) Pause Young (Allocation Failure)
[753.362s][info][gc,heap        ] GC(1792) PSYoungGen: 276311K->1443K(308736K)
[753.362s][info][gc,heap        ] GC(1792) PSOldGen: 176619K->192468K(699392K)
[753.362s][info][gc,metaspace   ] GC(1792) Metaspace: 146064K(158800K)->146064K(158800K) NonClass: 127267K(133552K)->127267K(133552K) Class: 18796K(25248K)->18796K(25248K)
[753.362s][info][gc             ] GC(1792) Pause Young (Allocation Failure) 442M->189M(984M) 5.273ms
[753.362s][info][gc,cpu         ] GC(1792) User=0.05s Sys=0.00s Real=0.00s
[754.356s][info][gc,start       ] GC(1793) Pause Young (Allocation Failure)
[754.358s][info][gc,heap        ] GC(1793) PSYoungGen: 269731K->3095K(308736K)
[754.358s][info][gc,heap        ] GC(1793) PSOldGen: 192468K->193151K(699392K)
[754.358s][info][gc,metaspace   ] GC(1793) Metaspace: 146064K(158800K)->146064K(158800K) NonClass: 127267K(133552K)->127267K(133552K) Class: 18796K(25248K)->18796K(25248K)
[754.358s][info][gc             ] GC(1793) Pause Young (Allocation Failure) 451M->191M(984M) 2.392ms
[754.358s][info][gc,cpu         ] GC(1793) User=0.00s Sys=0.00s Real=0.00s
[755.310s][info][gc,start       ] GC(1794) Pause Young (Allocation Failure)
[755.312s][info][gc,heap        ] GC(1794) PSYoungGen: 270644K->956K(310272K)
[755.312s][info][gc,heap        ] GC(1794) PSOldGen: 193151K->193578K(699392K)
[755.312s][info][gc,metaspace   ] GC(1794) Metaspace: 146064K(158800K)->146064K(158800K) NonClass: 127267K(133552K)->127267K(133552K) Class: 18796K(25248K)->18796K(25248K)
[755.312s][info][gc             ] GC(1794) Pause Young (Allocation Failure) 452M->189M(986M) 2.239ms
[755.312s][info][gc,cpu         ] GC(1794) User=0.00s Sys=0.00s Real=0.01s
[756.241s][info][gc,start       ] GC(1795) Pause Young (Allocation Failure)
[756.243s][info][gc,heap        ] GC(1795) PSYoungGen: 271804K->3401K(309760K)
[756.243s][info][gc,heap        ] GC(1795) PSOldGen: 193578K->193913K(699392K)
[756.243s][info][gc,metaspace   ] GC(1795) Metaspace: 146064K(158800K)->146064K(158800K) NonClass: 127267K(133552K)->127267K(133552K) Class: 18796K(25248K)->18796K(25248K)
[756.243s][info][gc             ] GC(1795) Pause Young (Allocation Failure) 454M->192M(985M) 2.446ms
[756.243s][info][gc,cpu         ] GC(1795) User=0.00s Sys=0.00s Real=0.00s
[757.267s][info][gc,start       ] GC(1796) Pause Young (Allocation Failure)
[757.271s][info][gc,heap        ] GC(1796) PSYoungGen: 274249K->8553K(313856K)
[757.271s][info][gc,heap        ] GC(1796) PSOldGen: 193913K->194338K(699392K)
[757.271s][info][gc,metaspace   ] GC(1796) Metaspace: 146064K(158800K)->146064K(158800K) NonClass: 127267K(133552K)->127267K(133552K) Class: 18796K(25248K)->18796K(25248K)
[757.271s][info][gc             ] GC(1796) Pause Young (Allocation Failure) 457M->198M(989M) 3.393ms
[757.271s][info][gc,cpu         ] GC(1796) User=0.00s Sys=0.00s Real=0.00s
[758.047s][info][gc,start       ] GC(1797) Pause Young (Allocation Failure)
[758.050s][info][gc,heap        ] GC(1797) PSYoungGen: 285033K->2965K(311808K)
[758.050s][info][gc,heap        ] GC(1797) PSOldGen: 194338K->194781K(699392K)
[758.050s][info][gc,metaspace   ] GC(1797) Metaspace: 146064K(158800K)->146064K(158800K) NonClass: 127267K(133552K)->127267K(133552K) Class: 18796K(25248K)->18796K(25248K)
[758.050s][info][gc             ] GC(1797) Pause Young (Allocation Failure) 468M->193M(987M) 2.663ms
[758.050s][info][gc,cpu         ] GC(1797) User=0.00s Sys=0.00s Real=0.00s
[758.139s][info][gc,start       ] GC(1798) Pause Young (System.gc())
[758.142s][info][gc,heap        ] GC(1798) PSYoungGen: 103127K->645K(316416K)
[758.142s][info][gc,heap        ] GC(1798) PSOldGen: 194781K->196913K(699392K)
[758.142s][info][gc,metaspace   ] GC(1798) Metaspace: 146066K(158800K)->146066K(158800K) NonClass: 127269K(133552K)->127269K(133552K) Class: 18796K(25248K)->18796K(25248K)
[758.142s][info][gc             ] GC(1798) Pause Young (System.gc()) 290M->192M(992M) 2.904ms
[758.142s][info][gc,cpu         ] GC(1798) User=0.09s Sys=0.00s Real=0.00s
[758.142s][info][gc,start       ] GC(1799) Pause Full (System.gc())
[758.144s][info][gc,phases,start] GC(1799) Phase 1: Mark live objects
[758.215s][info][gc,phases      ] GC(1799) Phase 1: Mark live objects 71.235ms
[758.215s][info][gc,phases,start] GC(1799) Phase 2: Compute new object addresses
[758.226s][info][gc,phases      ] GC(1799) Phase 2: Compute new object addresses 11.128ms
[758.226s][info][gc,phases,start] GC(1799) Phase 3: Adjust pointers
[758.268s][info][gc,phases      ] GC(1799) Phase 3: Adjust pointers 41.445ms
[758.268s][info][gc,phases,start] GC(1799) Phase 4: Move objects
[758.269s][info][gc,phases      ] GC(1799) Phase 4: Move objects 0.869ms
[758.270s][info][gc,heap        ] GC(1799) PSYoungGen: 645K->0K(316416K)
[758.270s][info][gc,heap        ] GC(1799) PSOldGen: 196913K->107735K(699392K)
[758.270s][info][gc,metaspace   ] GC(1799) Metaspace: 146066K(158800K)->146066K(158800K) NonClass: 127269K(133552K)->127269K(133552K) Class: 18796K(25248K)->18796K(25248K)
[758.270s][info][gc             ] GC(1799) Pause Full (System.gc()) 192M->105M(992M) 127.649ms
[758.270s][info][gc,cpu         ] GC(1799) User=0.12s Sys=0.00s Real=0.13s
[758.381s][info][gc,start       ] GC(1800) Pause Young (Allocation Failure)
[758.384s][info][gc,heap        ] GC(1800) PSYoungGen: 282624K->17025K(315392K)
[758.384s][info][gc,heap        ] GC(1800) PSOldGen: 107735K->107735K(699392K)
[758.384s][info][gc,metaspace   ] GC(1800) Metaspace: 146069K(158800K)->146069K(158800K) NonClass: 127273K(133552K)->127273K(133552K) Class: 18796K(25248K)->18796K(25248K)
[758.384s][info][gc             ] GC(1800) Pause Young (Allocation Failure) 381M->121M(991M) 3.193ms
[758.384s][info][gc,cpu         ] GC(1800) User=0.00s Sys=0.00s Real=0.00s
[758.430s][info][gc,start       ] GC(1801) Pause Young (Allocation Failure)
[758.436s][info][gc,heap        ] GC(1801) PSYoungGen: 299649K->19078K(313344K)
[758.436s][info][gc,heap        ] GC(1801) PSOldGen: 107735K->120739K(699392K)
[758.436s][info][gc,metaspace   ] GC(1801) Metaspace: 146069K(158800K)->146069K(158800K) NonClass: 127273K(133552K)->127273K(133552K) Class: 18796K(25248K)->18796K(25248K)
[758.436s][info][gc             ] GC(1801) Pause Young (Allocation Failure) 397M->136M(989M) 5.346ms
[758.436s][info][gc,cpu         ] GC(1801) User=0.00s Sys=0.00s Real=0.01s
[758.572s][info][gc,start       ] GC(1802) Pause Young (Allocation Failure)
[758.579s][info][gc,heap        ] GC(1802) PSYoungGen: 297106K->34790K(314368K)
[758.580s][info][gc,heap        ] GC(1802) PSOldGen: 120739K->133195K(699392K)
[758.580s][info][gc,metaspace   ] GC(1802) Metaspace: 146069K(158800K)->146069K(158800K) NonClass: 127273K(133552K)->127273K(133552K) Class: 18796K(25248K)->18796K(25248K)
[758.580s][info][gc             ] GC(1802) Pause Young (Allocation Failure) 408M->164M(990M) 7.685ms
[758.580s][info][gc,cpu         ] GC(1802) User=0.09s Sys=0.00s Real=0.01s
[758.614s][info][gc,start       ] GC(1803) Pause Young (Allocation Failure)
[758.620s][info][gc,heap        ] GC(1803) PSYoungGen: 312423K->7127K(295936K)
[758.620s][info][gc,heap        ] GC(1803) PSOldGen: 133195K->157979K(699392K)
[758.620s][info][gc,metaspace   ] GC(1803) Metaspace: 146069K(158800K)->146069K(158800K) NonClass: 127273K(133552K)->127273K(133552K) Class: 18796K(25248K)->18796K(25248K)
[758.620s][info][gc             ] GC(1803) Pause Young (Allocation Failure) 435M->161M(972M) 5.622ms
[758.620s][info][gc,cpu         ] GC(1803) User=0.00s Sys=0.00s Real=0.01s
[758.756s][info][gc,start       ] GC(1804) Pause Young (Allocation Failure)
[758.761s][info][gc,heap        ] GC(1804) PSYoungGen: 268247K->33004K(294400K)
[758.762s][info][gc,heap        ] GC(1804) PSOldGen: 157979K->158487K(699392K)
[758.762s][info][gc,metaspace   ] GC(1804) Metaspace: 146069K(158800K)->146069K(158800K) NonClass: 127273K(133552K)->127273K(133552K) Class: 18796K(25248K)->18796K(25248K)
[758.762s][info][gc             ] GC(1804) Pause Young (Allocation Failure) 416M->187M(970M) 6.030ms
[758.762s][info][gc,cpu         ] GC(1804) User=0.00s Sys=0.00s Real=0.01s
[758.817s][info][gc,start       ] GC(1805) Pause Young (Allocation Failure)
[758.822s][info][gc,heap        ] GC(1805) PSYoungGen: 294014K->17077K(303616K)
[758.822s][info][gc,heap        ] GC(1805) PSOldGen: 158487K->168013K(699392K)
[758.822s][info][gc,metaspace   ] GC(1805) Metaspace: 146069K(158800K)->146069K(158800K) NonClass: 127273K(133552K)->127273K(133552K) Class: 18796K(25248K)->18796K(25248K)
[758.822s][info][gc             ] GC(1805) Pause Young (Allocation Failure) 441M->180M(979M) 4.533ms
[758.822s][info][gc,cpu         ] GC(1805) User=0.00s Sys=0.00s Real=0.00s
[758.851s][info][gc,start       ] GC(1806) Pause Young (Allocation Failure)
[758.855s][info][gc,heap        ] GC(1806) PSYoungGen: 272104K->14765K(301056K)
[758.855s][info][gc,heap        ] GC(1806) PSOldGen: 168013K->176002K(699392K)
[758.855s][info][gc,metaspace   ] GC(1806) Metaspace: 146069K(158800K)->146069K(158800K) NonClass: 127273K(133552K)->127273K(133552K) Class: 18796K(25248K)->18796K(25248K)
[758.855s][info][gc             ] GC(1806) Pause Young (Allocation Failure) 429M->186M(977M) 4.036ms
[758.855s][info][gc,cpu         ] GC(1806) User=0.00s Sys=0.00s Real=0.00s
[758.885s][info][gc,start       ] GC(1807) Pause Young (Allocation Failure)
[758.889s][info][gc,heap        ] GC(1807) PSYoungGen: 266359K->16743K(308736K)
[758.889s][info][gc,heap        ] GC(1807) PSOldGen: 176002K->180968K(699392K)
[758.889s][info][gc,metaspace   ] GC(1807) Metaspace: 146069K(158800K)->146069K(158800K) NonClass: 127273K(133552K)->127273K(133552K) Class: 18796K(25248K)->18796K(25248K)
[758.889s][info][gc             ] GC(1807) Pause Young (Allocation Failure) 431M->193M(984M) 3.723ms
[758.889s][info][gc,cpu         ] GC(1807) User=0.00s Sys=0.00s Real=0.01s
[759.028s][info][gc,start       ] GC(1808) Pause Young (Allocation Failure)
[759.034s][info][gc,heap        ] GC(1808) PSYoungGen: 282453K->31285K(297472K)
[759.034s][info][gc,heap        ] GC(1808) PSOldGen: 180968K->181164K(699392K)
[759.034s][info][gc,metaspace   ] GC(1808) Metaspace: 146069K(158800K)->146069K(158800K) NonClass: 127273K(133552K)->127273K(133552K) Class: 18796K(25248K)->18796K(25248K)
[759.034s][info][gc             ] GC(1808) Pause Young (Allocation Failure) 452M->207M(973M) 5.607ms
[759.034s][info][gc,cpu         ] GC(1808) User=0.09s Sys=0.00s Real=0.01s
[759.197s][info][gc,start       ] GC(1809) Pause Young (Allocation Failure)
[759.201s][info][gc,heap        ] GC(1809) PSYoungGen: 296998K->16137K(307712K)
[759.201s][info][gc,heap        ] GC(1809) PSOldGen: 181164K->181550K(699392K)
[759.201s][info][gc,metaspace   ] GC(1809) Metaspace: 146069K(158800K)->146069K(158800K) NonClass: 127273K(133552K)->127273K(133552K) Class: 18796K(25248K)->18796K(25248K)
[759.201s][info][gc             ] GC(1809) Pause Young (Allocation Failure) 466M->193M(983M) 3.863ms
[759.201s][info][gc,cpu         ] GC(1809) User=0.00s Sys=0.00s Real=0.01s
[759.990s][info][gc,start       ] GC(1810) Pause Young (GCLocker Initiated GC)
[759.994s][info][gc,heap        ] GC(1810) PSYoungGen: 279817K->5479K(305152K)
[759.994s][info][gc,heap        ] GC(1810) PSOldGen: 181550K->197519K(699392K)
[759.994s][info][gc,metaspace   ] GC(1810) Metaspace: 146069K(158800K)->146069K(158800K) NonClass: 127273K(133552K)->127273K(133552K) Class: 18796K(25248K)->18796K(25248K)
[759.994s][info][gc             ] GC(1810) Pause Young (GCLocker Initiated GC) 450M->198M(981M) 4.455ms
[759.994s][info][gc,cpu         ] GC(1810) User=0.00s Sys=0.00s Real=0.00s
[761.017s][info][gc,start       ] GC(1811) Pause Young (Allocation Failure)
[761.019s][info][gc,heap        ] GC(1811) PSYoungGen: 269159K->536K(308224K)
[761.019s][info][gc,heap        ] GC(1811) PSOldGen: 198545K->199224K(699392K)
[761.019s][info][gc,metaspace   ] GC(1811) Metaspace: 146069K(158800K)->146069K(158800K) NonClass: 127273K(133552K)->127273K(133552K) Class: 18796K(25248K)->18796K(25248K)
[761.019s][info][gc             ] GC(1811) Pause Young (Allocation Failure) 456M->195M(984M) 2.082ms
[761.019s][info][gc,cpu         ] GC(1811) User=0.00s Sys=0.00s Real=0.00s
[761.944s][info][gc,start       ] GC(1812) Pause Young (Allocation Failure)
[761.946s][info][gc,heap        ] GC(1812) PSYoungGen: 267800K->1361K(308224K)
[761.946s][info][gc,heap        ] GC(1812) PSOldGen: 199224K->199599K(699392K)
[761.946s][info][gc,metaspace   ] GC(1812) Metaspace: 146069K(158800K)->146069K(158800K) NonClass: 127273K(133552K)->127273K(133552K) Class: 18796K(25248K)->18796K(25248K)
[761.946s][info][gc             ] GC(1812) Pause Young (Allocation Failure) 456M->196M(984M) 2.027ms
[761.946s][info][gc,cpu         ] GC(1812) User=0.00s Sys=0.00s Real=0.00s
[762.924s][info][gc,start       ] GC(1813) Pause Young (Allocation Failure)
[762.926s][info][gc,heap        ] GC(1813) PSYoungGen: 268625K->1805K(309248K)
[762.926s][info][gc,heap        ] GC(1813) PSOldGen: 199599K->199981K(699392K)
[762.926s][info][gc,metaspace   ] GC(1813) Metaspace: 146069K(158800K)->146069K(158800K) NonClass: 127273K(133552K)->127273K(133552K) Class: 18796K(25248K)->18796K(25248K)
[762.926s][info][gc             ] GC(1813) Pause Young (Allocation Failure) 457M->197M(985M) 2.137ms
[762.926s][info][gc,cpu         ] GC(1813) User=0.00s Sys=0.00s Real=0.00s
[763.833s][info][gc,start       ] GC(1814) Pause Young (Allocation Failure)
[763.836s][info][gc,heap        ] GC(1814) PSYoungGen: 270605K->5762K(308736K)
[763.836s][info][gc,heap        ] GC(1814) PSOldGen: 199981K->200420K(699392K)
[763.836s][info][gc,metaspace   ] GC(1814) Metaspace: 146069K(158800K)->146069K(158800K) NonClass: 127273K(133552K)->127273K(133552K) Class: 18796K(25248K)->18796K(25248K)
[763.836s][info][gc             ] GC(1814) Pause Young (Allocation Failure) 459M->201M(984M) 2.839ms
[763.836s][info][gc,cpu         ] GC(1814) User=0.00s Sys=0.00s Real=0.00s
[764.538s][info][gc,start       ] GC(1815) Pause Young (Allocation Failure)
[764.541s][info][gc,heap        ] GC(1815) PSYoungGen: 274562K->4307K(312320K)
[764.542s][info][gc,heap        ] GC(1815) PSOldGen: 200420K->200832K(699392K)
[764.542s][info][gc,metaspace   ] GC(1815) Metaspace: 146069K(158800K)->146069K(158800K) NonClass: 127273K(133552K)->127273K(133552K) Class: 18796K(25248K)->18796K(25248K)
[764.542s][info][gc             ] GC(1815) Pause Young (Allocation Failure) 463M->200M(988M) 3.466ms
[764.542s][info][gc,cpu         ] GC(1815) User=0.00s Sys=0.00s Real=0.00s
[764.619s][info][gc,start       ] GC(1816) Pause Young (System.gc())
[764.621s][info][gc,heap        ] GC(1816) PSYoungGen: 79166K->320K(310784K)
[764.621s][info][gc,heap        ] GC(1816) PSOldGen: 200832K->203321K(699392K)
[764.622s][info][gc,metaspace   ] GC(1816) Metaspace: 146069K(158800K)->146069K(158800K) NonClass: 127273K(133552K)->127273K(133552K) Class: 18796K(25248K)->18796K(25248K)
[764.622s][info][gc             ] GC(1816) Pause Young (System.gc()) 273M->198M(986M) 2.537ms
[764.622s][info][gc,cpu         ] GC(1816) User=0.00s Sys=0.00s Real=0.00s
[764.622s][info][gc,start       ] GC(1817) Pause Full (System.gc())
[764.624s][info][gc,phases,start] GC(1817) Phase 1: Mark live objects
[764.695s][info][gc,phases      ] GC(1817) Phase 1: Mark live objects 70.968ms
[764.695s][info][gc,phases,start] GC(1817) Phase 2: Compute new object addresses
[764.706s][info][gc,phases      ] GC(1817) Phase 2: Compute new object addresses 11.249ms
[764.706s][info][gc,phases,start] GC(1817) Phase 3: Adjust pointers
[764.748s][info][gc,phases      ] GC(1817) Phase 3: Adjust pointers 41.605ms
[764.748s][info][gc,phases,start] GC(1817) Phase 4: Move objects
[764.749s][info][gc,phases      ] GC(1817) Phase 4: Move objects 1.567ms
[764.750s][info][gc,heap        ] GC(1817) PSYoungGen: 320K->0K(310784K)
[764.750s][info][gc,heap        ] GC(1817) PSOldGen: 203321K->107454K(699392K)
[764.750s][info][gc,metaspace   ] GC(1817) Metaspace: 146069K(158800K)->146069K(158800K) NonClass: 127273K(133552K)->127273K(133552K) Class: 18796K(25248K)->18796K(25248K)
[764.750s][info][gc             ] GC(1817) Pause Full (System.gc()) 198M->104M(986M) 128.695ms
[764.750s][info][gc,cpu         ] GC(1817) User=0.11s Sys=0.02s Real=0.13s
[764.868s][info][gc,start       ] GC(1818) Pause Young (Allocation Failure)
[764.872s][info][gc,heap        ] GC(1818) PSYoungGen: 273920K->16961K(313344K)
[764.872s][info][gc,heap        ] GC(1818) PSOldGen: 107454K->107454K(699392K)
[764.872s][info][gc,metaspace   ] GC(1818) Metaspace: 146070K(158800K)->146070K(158800K) NonClass: 127273K(133552K)->127273K(133552K) Class: 18796K(25248K)->18796K(25248K)
[764.872s][info][gc             ] GC(1818) Pause Young (Allocation Failure) 372M->121M(989M) 3.478ms
[764.872s][info][gc,cpu         ] GC(1818) User=0.00s Sys=0.00s Real=0.00s
[764.918s][info][gc,start       ] GC(1819) Pause Young (Allocation Failure)
[764.923s][info][gc,heap        ] GC(1819) PSYoungGen: 294465K->19110K(296960K)
[764.923s][info][gc,heap        ] GC(1819) PSOldGen: 107454K->120447K(699392K)
[764.923s][info][gc,metaspace   ] GC(1819) Metaspace: 146070K(158800K)->146070K(158800K) NonClass: 127273K(133552K)->127273K(133552K) Class: 18796K(25248K)->18796K(25248K)
[764.924s][info][gc             ] GC(1819) Pause Young (Allocation Failure) 392M->136M(973M) 5.330ms
[764.924s][info][gc,cpu         ] GC(1819) User=0.08s Sys=0.00s Real=0.00s
[765.056s][info][gc,start       ] GC(1820) Pause Young (Allocation Failure)
[765.063s][info][gc,heap        ] GC(1820) PSYoungGen: 293276K->29380K(304128K)
[765.063s][info][gc,heap        ] GC(1820) PSOldGen: 120447K->132566K(699392K)
[765.063s][info][gc,metaspace   ] GC(1820) Metaspace: 146070K(158800K)->146070K(158800K) NonClass: 127273K(133552K)->127273K(133552K) Class: 18796K(25248K)->18796K(25248K)
[765.063s][info][gc             ] GC(1820) Pause Young (Allocation Failure) 404M->158M(980M) 6.641ms
[765.063s][info][gc,cpu         ] GC(1820) User=0.08s Sys=0.02s Real=0.01s
[765.096s][info][gc,start       ] GC(1821) Pause Young (Allocation Failure)
[765.102s][info][gc,heap        ] GC(1821) PSYoungGen: 296046K->11956K(308224K)
[765.102s][info][gc,heap        ] GC(1821) PSOldGen: 132566K->157526K(699392K)
[765.102s][info][gc,metaspace   ] GC(1821) Metaspace: 146070K(158800K)->146070K(158800K) NonClass: 127273K(133552K)->127273K(133552K) Class: 18796K(25248K)->18796K(25248K)
[765.102s][info][gc             ] GC(1821) Pause Young (Allocation Failure) 418M->165M(984M) 6.299ms
[765.102s][info][gc,cpu         ] GC(1821) User=0.00s Sys=0.00s Real=0.01s
[765.243s][info][gc,start       ] GC(1822) Pause Young (Allocation Failure)
[765.249s][info][gc,heap        ] GC(1822) PSYoungGen: 279220K->32863K(301568K)
[765.249s][info][gc,heap        ] GC(1822) PSOldGen: 157526K->157558K(699392K)
[765.249s][info][gc,metaspace   ] GC(1822) Metaspace: 146070K(158800K)->146070K(158800K) NonClass: 127273K(133552K)->127273K(133552K) Class: 18796K(25248K)->18796K(25248K)
[765.249s][info][gc             ] GC(1822) Pause Young (Allocation Failure) 426M->185M(977M) 5.851ms
[765.249s][info][gc,cpu         ] GC(1822) User=0.00s Sys=0.00s Real=0.01s
[765.301s][info][gc,start       ] GC(1823) Pause Young (Allocation Failure)
[765.304s][info][gc,heap        ] GC(1823) PSYoungGen: 295867K->8439K(306176K)
[765.304s][info][gc,heap        ] GC(1823) PSOldGen: 157558K->166303K(699392K)
[765.304s][info][gc,metaspace   ] GC(1823) Metaspace: 146070K(158800K)->146070K(158800K) NonClass: 127273K(133552K)->127273K(133552K) Class: 18796K(25248K)->18796K(25248K)
[765.304s][info][gc             ] GC(1823) Pause Young (Allocation Failure) 442M->170M(982M) 3.654ms
[765.304s][info][gc,cpu         ] GC(1823) User=0.00s Sys=0.00s Real=0.01s
[765.339s][info][gc,start       ] GC(1824) Pause Young (Allocation Failure)
[765.343s][info][gc,heap        ] GC(1824) PSYoungGen: 269261K->10741K(309760K)
[765.343s][info][gc,heap        ] GC(1824) PSOldGen: 166303K->174346K(699392K)
[765.343s][info][gc,metaspace   ] GC(1824) Metaspace: 146070K(158800K)->146070K(158800K) NonClass: 127273K(133552K)->127273K(133552K) Class: 18796K(25248K)->18796K(25248K)
[765.343s][info][gc             ] GC(1824) Pause Young (Allocation Failure) 425M->180M(985M) 3.634ms
[765.343s][info][gc,cpu         ] GC(1824) User=0.00s Sys=0.00s Real=0.00s
[765.376s][info][gc,start       ] GC(1825) Pause Young (Allocation Failure)
[765.379s][info][gc,heap        ] GC(1825) PSYoungGen: 276079K->12743K(307712K)
[765.379s][info][gc,heap        ] GC(1825) PSOldGen: 174346K->179491K(699392K)
[765.379s][info][gc,metaspace   ] GC(1825) Metaspace: 146070K(158800K)->146070K(158800K) NonClass: 127273K(133552K)->127273K(133552K) Class: 18796K(25248K)->18796K(25248K)
[765.379s][info][gc             ] GC(1825) Pause Young (Allocation Failure) 439M->187M(983M) 3.923ms
[765.380s][info][gc,cpu         ] GC(1825) User=0.00s Sys=0.00s Real=0.00s
[765.524s][info][gc,start       ] GC(1826) Pause Young (Allocation Failure)
[765.530s][info][gc,heap        ] GC(1826) PSYoungGen: 281017K->30759K(304128K)
[765.530s][info][gc,heap        ] GC(1826) PSOldGen: 179491K->179609K(699392K)
[765.530s][info][gc,metaspace   ] GC(1826) Metaspace: 146070K(158800K)->146070K(158800K) NonClass: 127273K(133552K)->127273K(133552K) Class: 18796K(25248K)->18796K(25248K)
[765.530s][info][gc             ] GC(1826) Pause Young (Allocation Failure) 449M->205M(980M) 6.527ms
[765.531s][info][gc,cpu         ] GC(1826) User=0.00s Sys=0.00s Real=0.01s
[765.698s][info][gc,start       ] GC(1827) Pause Young (Allocation Failure)
[765.701s][info][gc,heap        ] GC(1827) PSYoungGen: 298023K->14681K(308224K)
[765.701s][info][gc,heap        ] GC(1827) PSOldGen: 179609K->181479K(699392K)
[765.701s][info][gc,metaspace   ] GC(1827) Metaspace: 146070K(158800K)->146070K(158800K) NonClass: 127273K(133552K)->127273K(133552K) Class: 18796K(25248K)->18796K(25248K)
[765.701s][info][gc             ] GC(1827) Pause Young (Allocation Failure) 466M->191M(984M) 3.498ms
[765.701s][info][gc,cpu         ] GC(1827) User=0.00s Sys=0.00s Real=0.01s
[766.504s][info][gc,start       ] GC(1828) Pause Young (Allocation Failure)
[766.511s][info][gc,heap        ] GC(1828) PSYoungGen: 281945K->6939K(311296K)
[766.511s][info][gc,heap        ] GC(1828) PSOldGen: 181479K->195878K(699392K)
[766.511s][info][gc,metaspace   ] GC(1828) Metaspace: 146070K(158800K)->146070K(158800K) NonClass: 127273K(133552K)->127273K(133552K) Class: 18796K(25248K)->18796K(25248K)
[766.512s][info][gc             ] GC(1828) Pause Young (Allocation Failure) 452M->198M(987M) 7.155ms
[766.512s][info][gc,cpu         ] GC(1828) User=0.00s Sys=0.00s Real=0.01s
[767.574s][info][gc,start       ] GC(1829) Pause Young (GCLocker Initiated GC)
[767.576s][info][gc,heap        ] GC(1829) PSYoungGen: 279835K->4453K(310784K)
[767.576s][info][gc,heap        ] GC(1829) PSOldGen: 195888K->196543K(699392K)
[767.576s][info][gc,metaspace   ] GC(1829) Metaspace: 146070K(158800K)->146070K(158800K) NonClass: 127273K(133552K)->127273K(133552K) Class: 18796K(25248K)->18796K(25248K)
[767.577s][info][gc             ] GC(1829) Pause Young (GCLocker Initiated GC) 464M->196M(986M) 2.441ms
[767.577s][info][gc,cpu         ] GC(1829) User=0.00s Sys=0.00s Real=0.00s
[768.604s][info][gc,start       ] GC(1830) Pause Young (Allocation Failure)
[768.606s][info][gc,heap        ] GC(1830) PSYoungGen: 277349K->2257K(312320K)
[768.606s][info][gc,heap        ] GC(1830) PSOldGen: 200641K->201483K(699392K)
[768.606s][info][gc,metaspace   ] GC(1830) Metaspace: 146070K(158800K)->146070K(158800K) NonClass: 127273K(133552K)->127273K(133552K) Class: 18796K(25248K)->18796K(25248K)
[768.606s][info][gc             ] GC(1830) Pause Young (Allocation Failure) 466M->198M(988M) 2.359ms
[768.606s][info][gc,cpu         ] GC(1830) User=0.00s Sys=0.00s Real=0.00s
[769.607s][info][gc,start       ] GC(1831) Pause Young (Allocation Failure)
[769.610s][info][gc,heap        ] GC(1831) PSYoungGen: 277201K->4988K(311808K)
[769.610s][info][gc,heap        ] GC(1831) PSOldGen: 201483K->202717K(699392K)
[769.610s][info][gc,metaspace   ] GC(1831) Metaspace: 146070K(158800K)->146070K(158800K) NonClass: 127273K(133552K)->127273K(133552K) Class: 18796K(25248K)->18796K(25248K)
[769.610s][info][gc             ] GC(1831) Pause Young (Allocation Failure) 467M->202M(987M) 2.637ms
[769.610s][info][gc,cpu         ] GC(1831) User=0.08s Sys=0.00s Real=0.00s
[770.539s][info][gc,start       ] GC(1832) Pause Young (Allocation Failure)
[770.544s][info][gc,heap        ] GC(1832) PSYoungGen: 279932K->3523K(314368K)
[770.544s][info][gc,heap        ] GC(1832) PSOldGen: 202717K->203123K(699392K)
[770.544s][info][gc,metaspace   ] GC(1832) Metaspace: 146070K(158800K)->146070K(158800K) NonClass: 127273K(133552K)->127273K(133552K) Class: 18796K(25248K)->18796K(25248K)
[770.544s][info][gc             ] GC(1832) Pause Young (Allocation Failure) 471M->201M(990M) 4.960ms
[770.544s][info][gc,cpu         ] GC(1832) User=0.00s Sys=0.00s Real=0.01s
[771.155s][info][gc,start       ] GC(1833) Pause Young (Allocation Failure)
[771.158s][info][gc,heap        ] GC(1833) PSYoungGen: 282051K->5863K(313344K)
[771.158s][info][gc,heap        ] GC(1833) PSOldGen: 203123K->203563K(699392K)
[771.158s][info][gc,metaspace   ] GC(1833) Metaspace: 146070K(158800K)->146070K(158800K) NonClass: 127273K(133552K)->127273K(133552K) Class: 18796K(25248K)->18796K(25248K)
[771.158s][info][gc             ] GC(1833) Pause Young (Allocation Failure) 473M->204M(989M) 3.006ms
[771.159s][info][gc,cpu         ] GC(1833) User=0.02s Sys=0.00s Real=0.00s
[771.507s][info][gc,heap,exit   ] Heap
[771.507s][info][gc,heap,exit   ]  PSYoungGen      total 313344K, used 59383K [0x00000000eab00000, 0x0000000100000000, 0x0000000100000000)
[771.507s][info][gc,heap,exit   ]   eden space 278528K, 19% used [0x00000000eab00000,0x00000000edf43f70,0x00000000fbb00000)
[771.507s][info][gc,heap,exit   ]   from space 34816K, 16% used [0x00000000fbb00000,0x00000000fc0b9f30,0x00000000fdd00000)
[771.507s][info][gc,heap,exit   ]   to   space 33280K, 0% used [0x00000000fdf80000,0x00000000fdf80000,0x0000000100000000)
[771.507s][info][gc,heap,exit   ]  PSOldGen        total 699392K, used 203563K [0x00000000c0000000, 0x00000000eab00000, 0x00000000eab00000)
[771.507s][info][gc,heap,exit   ]   object space 699392K, 29% used [0x00000000c0000000,0x00000000cc6cafb0,0x00000000eab00000)
[771.507s][info][gc,heap,exit   ]  Metaspace       used 146572K, capacity 154642K, committed 159056K, reserved 1183744K
[771.507s][info][gc,heap,exit   ]   class space    used 18910K, capacity 22613K, committed 25248K, reserved 1048576K
