[0.008s][info][gc,init] Initializing The Z Garbage Collector
[0.008s][info][gc,init] Version: 17.0.12+7-adhoc..jdk17u (release)
[0.008s][info][gc,init] NUMA Support: Disabled
[0.008s][info][gc,init] CPUs: 6 total, 6 available
[0.008s][info][gc,init] Memory: 15591M
[0.008s][info][gc,init] Large Page Support: Disabled
[0.008s][info][gc,init] GC Workers: 2 (dynamic)
[0.008s][info][gc,init] Address Space Type: Contiguous/Unrestricted/Complete
[0.008s][info][gc,init] Address Space Size: 65536M x 3 = 196608M
[0.009s][info][gc,init] Min Capacity: 4096M
[0.009s][info][gc,init] Initial Capacity: 4096M
[0.009s][info][gc,init] Max Capacity: 4096M
[0.009s][info][gc,init] Medium Page Size: 32M
[0.011s][info][gc,init] Pre-touch: Disabled
[0.011s][info][gc,init] Uncommit: Implicitly Disabled (-Xms equals -Xmx)
[0.127s][info][gc,init] Runtime Workers: 4
[0.128s][info][gc     ] Using The Z Garbage Collector
[0.134s][info][gc,metaspace] CDS archive(s) mapped at: [0x0000017437000000-0x0000017437bc0000-0x0000017437bc0000), size 12320768, SharedBaseAddress: 0x0000017437000000, ArchiveRelocationMode: 1.
[0.134s][info][gc,metaspace] Compressed class space mapped at: 0x0000017438000000-0x0000017478000000, reserved size: 1073741824
[0.134s][info][gc,metaspace] Narrow klass base: 0x0000017437000000, Narrow klass shift: 0, Narrow klass range: 0x100000000
[0.360s][info][gc,start    ] GC(0) Garbage Collection (System.gc())
[0.360s][info][gc,task     ] GC(0) Using 2 workers
[0.360s][info][gc,phases   ] GC(0) Pause Mark Start 0.004ms
[0.372s][info][gc,phases   ] GC(0) Concurrent Mark 11.788ms
[0.373s][info][gc,phases   ] GC(0) Pause Mark End 0.041ms
[0.373s][info][gc,phases   ] GC(0) Concurrent Mark Free 0.002ms
[0.374s][info][gc,phases   ] GC(0) Concurrent Process Non-Strong References 1.286ms
[0.374s][info][gc,phases   ] GC(0) Concurrent Reset Relocation Set 0.003ms
[0.377s][info][gc,phases   ] GC(0) Concurrent Select Relocation Set 3.244ms
[0.377s][info][gc,phases   ] GC(0) Pause Relocate Start 0.010ms
[0.380s][info][gc,phases   ] GC(0) Concurrent Relocate 2.201ms
[0.380s][info][gc,load     ] GC(0) Load: 0.00/0.00/0.00
[0.380s][info][gc,mmu      ] GC(0) MMU: 2ms/98.0%, 5ms/99.0%, 10ms/99.5%, 20ms/99.7%, 50ms/99.9%, 100ms/99.9%
[0.380s][info][gc,marking  ] GC(0) Mark: 2 stripe(s), 2 proactive flush(es), 1 terminate flush(es), 0 completion(s), 0 continuation(s) 
[0.380s][info][gc,marking  ] GC(0) Mark Stack Usage: 32M
[0.380s][info][gc,nmethod  ] GC(0) NMethods: 632 registered, 0 unregistered
[0.380s][info][gc,metaspace] GC(0) Metaspace: 2M used, 2M committed, 1088M reserved
[0.380s][info][gc,ref      ] GC(0) Soft: 124 encountered, 0 discovered, 0 enqueued
[0.380s][info][gc,ref      ] GC(0) Weak: 333 encountered, 81 discovered, 64 enqueued
[0.380s][info][gc,ref      ] GC(0) Final: 3 encountered, 2 discovered, 0 enqueued
[0.380s][info][gc,ref      ] GC(0) Phantom: 87 encountered, 70 discovered, 33 enqueued
[0.380s][info][gc,reloc    ] GC(0) Small Pages: 7 / 14M, Empty: 0M, Relocated: 3M, In-Place: 0
[0.380s][info][gc,reloc    ] GC(0) Medium Pages: 1 / 32M, Empty: 0M, Relocated: 0M, In-Place: 0
[0.380s][info][gc,reloc    ] GC(0) Large Pages: 0 / 0M, Empty: 0M, Relocated: 0M, In-Place: 0
[0.380s][info][gc,reloc    ] GC(0) Forwarding Usage: 1M
[0.380s][info][gc,heap     ] GC(0) Min Capacity: 4096M(100%)
[0.380s][info][gc,heap     ] GC(0) Max Capacity: 4096M(100%)
[0.380s][info][gc,heap     ] GC(0) Soft Max Capacity: 4096M(100%)
[0.380s][info][gc,heap     ] GC(0)                Mark Start          Mark End        Relocate Start      Relocate End           High               Low         
[0.380s][info][gc,heap     ] GC(0)  Capacity:     4096M (100%)       4096M (100%)       4096M (100%)       4096M (100%)       4096M (100%)       4096M (100%)   
[0.380s][info][gc,heap     ] GC(0)      Free:     4050M (99%)        4050M (99%)        4050M (99%)        4058M (99%)        4058M (99%)        4046M (99%)    
[0.380s][info][gc,heap     ] GC(0)      Used:       46M (1%)           46M (1%)           46M (1%)           38M (1%)           50M (1%)           38M (1%)     
[0.380s][info][gc,heap     ] GC(0)      Live:         -                 3M (0%)            3M (0%)            3M (0%)             -                  -          
[0.380s][info][gc,heap     ] GC(0) Allocated:         -                 0M (0%)            0M (0%)            0M (0%)             -                  -          
[0.380s][info][gc,heap     ] GC(0)   Garbage:         -                42M (1%)           42M (1%)           34M (1%)             -                  -          
[0.380s][info][gc,heap     ] GC(0) Reclaimed:         -                  -                 0M (0%)            8M (0%)             -                  -          
[0.380s][info][gc          ] GC(0) Garbage Collection (System.gc()) 46M(1%)->38M(1%)
[1.666s][info][gc,start    ] GC(1) Garbage Collection (Metadata GC Threshold)
[1.666s][info][gc,task     ] GC(1) Using 2 workers
[1.666s][info][gc,phases   ] GC(1) Pause Mark Start 0.004ms
[1.702s][info][gc,phases   ] GC(1) Concurrent Mark 35.998ms
[1.703s][info][gc,phases   ] GC(1) Pause Mark End 0.088ms
[1.705s][info][gc,phases   ] GC(1) Concurrent Mark Free 0.001ms
[1.709s][info][gc,phases   ] GC(1) Concurrent Process Non-Strong References 4.325ms
[1.709s][info][gc,phases   ] GC(1) Concurrent Reset Relocation Set 0.001ms
[1.712s][info][gc,phases   ] GC(1) Concurrent Select Relocation Set 2.543ms
[1.712s][info][gc,phases   ] GC(1) Pause Relocate Start 0.012ms
[1.719s][info][gc,phases   ] GC(1) Concurrent Relocate 7.483ms
[1.720s][info][gc,load     ] GC(1) Load: 0.00/0.00/0.00
[1.720s][info][gc,mmu      ] GC(1) MMU: 2ms/95.6%, 5ms/98.2%, 10ms/99.0%, 20ms/99.5%, 50ms/99.8%, 100ms/99.9%
[1.720s][info][gc,marking  ] GC(1) Mark: 2 stripe(s), 2 proactive flush(es), 1 terminate flush(es), 1 completion(s), 0 continuation(s) 
[1.720s][info][gc,marking  ] GC(1) Mark Stack Usage: 32M
[1.720s][info][gc,nmethod  ] GC(1) NMethods: 3904 registered, 0 unregistered
[1.720s][info][gc,metaspace] GC(1) Metaspace: 20M used, 21M committed, 1088M reserved
[1.720s][info][gc,ref      ] GC(1) Soft: 3376 encountered, 0 discovered, 0 enqueued
[1.720s][info][gc,ref      ] GC(1) Weak: 1602 encountered, 636 discovered, 210 enqueued
[1.720s][info][gc,ref      ] GC(1) Final: 111 encountered, 102 discovered, 102 enqueued
[1.720s][info][gc,ref      ] GC(1) Phantom: 263 encountered, 210 discovered, 100 enqueued
[1.720s][info][gc,reloc    ] GC(1) Small Pages: 50 / 100M, Empty: 0M, Relocated: 10M, In-Place: 0
[1.720s][info][gc,reloc    ] GC(1) Medium Pages: 1 / 32M, Empty: 0M, Relocated: 0M, In-Place: 0
[1.720s][info][gc,reloc    ] GC(1) Large Pages: 0 / 0M, Empty: 0M, Relocated: 0M, In-Place: 0
[1.720s][info][gc,reloc    ] GC(1) Forwarding Usage: 3M
[1.720s][info][gc,heap     ] GC(1) Min Capacity: 4096M(100%)
[1.720s][info][gc,heap     ] GC(1) Max Capacity: 4096M(100%)
[1.720s][info][gc,heap     ] GC(1) Soft Max Capacity: 4096M(100%)
[1.720s][info][gc,heap     ] GC(1)                Mark Start          Mark End        Relocate Start      Relocate End           High               Low         
[1.720s][info][gc,heap     ] GC(1)  Capacity:     4096M (100%)       4096M (100%)       4096M (100%)       4096M (100%)       4096M (100%)       4096M (100%)   
[1.720s][info][gc,heap     ] GC(1)      Free:     3964M (97%)        3958M (97%)        3954M (97%)        4040M (99%)        4040M (99%)        3950M (96%)    
[1.720s][info][gc,heap     ] GC(1)      Used:      132M (3%)          138M (3%)          142M (3%)           56M (1%)          146M (4%)           56M (1%)     
[1.720s][info][gc,heap     ] GC(1)      Live:         -                12M (0%)           12M (0%)           12M (0%)             -                  -          
[1.720s][info][gc,heap     ] GC(1) Allocated:         -                 6M (0%)           10M (0%)            9M (0%)             -                  -          
[1.720s][info][gc,heap     ] GC(1)   Garbage:         -               119M (3%)          119M (3%)           33M (1%)             -                  -          
[1.720s][info][gc,heap     ] GC(1) Reclaimed:         -                  -                 0M (0%)           85M (2%)             -                  -          
[1.720s][info][gc          ] GC(1) Garbage Collection (Metadata GC Threshold) 132M(3%)->56M(1%)
[3.254s][info][gc,start    ] GC(2) Garbage Collection (Warmup)
[3.254s][info][gc,task     ] GC(2) Using 2 workers
[3.254s][info][gc,phases   ] GC(2) Pause Mark Start 0.005ms
[3.286s][info][gc,phases   ] GC(2) Concurrent Mark 31.430ms
[3.286s][info][gc,phases   ] GC(2) Pause Mark End 0.013ms
[3.286s][info][gc,phases   ] GC(2) Concurrent Mark Free 0.001ms
[3.293s][info][gc,phases   ] GC(2) Concurrent Process Non-Strong References 6.782ms
[3.293s][info][gc,phases   ] GC(2) Concurrent Reset Relocation Set 0.005ms
[3.296s][info][gc,phases   ] GC(2) Concurrent Select Relocation Set 3.121ms
[3.296s][info][gc,phases   ] GC(2) Pause Relocate Start 0.008ms
[3.303s][info][gc,phases   ] GC(2) Concurrent Relocate 7.030ms
[3.304s][info][gc,load     ] GC(2) Load: 0.00/0.00/0.00
[3.304s][info][gc,mmu      ] GC(2) MMU: 2ms/95.6%, 5ms/98.2%, 10ms/99.0%, 20ms/99.5%, 50ms/99.8%, 100ms/99.9%
[3.304s][info][gc,marking  ] GC(2) Mark: 2 stripe(s), 2 proactive flush(es), 2 terminate flush(es), 0 completion(s), 0 continuation(s) 
[3.304s][info][gc,marking  ] GC(2) Mark Stack Usage: 32M
[3.304s][info][gc,nmethod  ] GC(2) NMethods: 5819 registered, 866 unregistered
[3.304s][info][gc,metaspace] GC(2) Metaspace: 23M used, 23M committed, 1088M reserved
[3.304s][info][gc,ref      ] GC(2) Soft: 3407 encountered, 0 discovered, 0 enqueued
[3.304s][info][gc,ref      ] GC(2) Weak: 1995 encountered, 1162 discovered, 598 enqueued
[3.304s][info][gc,ref      ] GC(2) Final: 97 encountered, 88 discovered, 88 enqueued
[3.304s][info][gc,ref      ] GC(2) Phantom: 243 encountered, 211 discovered, 87 enqueued
[3.304s][info][gc,reloc    ] GC(2) Small Pages: 183 / 366M, Empty: 156M, Relocated: 12M, In-Place: 0
[3.304s][info][gc,reloc    ] GC(2) Medium Pages: 2 / 64M, Empty: 0M, Relocated: 1M, In-Place: 0
[3.304s][info][gc,reloc    ] GC(2) Large Pages: 0 / 0M, Empty: 0M, Relocated: 0M, In-Place: 0
[3.304s][info][gc,reloc    ] GC(2) Forwarding Usage: 4M
[3.304s][info][gc,heap     ] GC(2) Min Capacity: 4096M(100%)
[3.304s][info][gc,heap     ] GC(2) Max Capacity: 4096M(100%)
[3.304s][info][gc,heap     ] GC(2) Soft Max Capacity: 4096M(100%)
[3.304s][info][gc,heap     ] GC(2)                Mark Start          Mark End        Relocate Start      Relocate End           High               Low         
[3.304s][info][gc,heap     ] GC(2)  Capacity:     4096M (100%)       4096M (100%)       4096M (100%)       4096M (100%)       4096M (100%)       4096M (100%)   
[3.304s][info][gc,heap     ] GC(2)      Free:     3666M (90%)        3656M (89%)        3810M (93%)        4024M (98%)        4024M (98%)        3654M (89%)    
[3.304s][info][gc,heap     ] GC(2)      Used:      430M (10%)         440M (11%)         286M (7%)           72M (2%)          442M (11%)          72M (2%)     
[3.304s][info][gc,heap     ] GC(2)      Live:         -                20M (0%)           20M (0%)           20M (0%)             -                  -          
[3.304s][info][gc,heap     ] GC(2) Allocated:         -                10M (0%)           12M (0%)           15M (0%)             -                  -          
[3.304s][info][gc,heap     ] GC(2)   Garbage:         -               409M (10%)         253M (6%)           35M (1%)             -                  -          
[3.304s][info][gc,heap     ] GC(2) Reclaimed:         -                  -               156M (4%)          373M (9%)             -                  -          
[3.304s][info][gc          ] GC(2) Garbage Collection (Warmup) 430M(10%)->72M(2%)
[3.571s][info][gc,start    ] GC(3) Garbage Collection (System.gc())
[3.571s][info][gc,task     ] GC(3) Using 2 workers
[3.571s][info][gc,phases   ] GC(3) Pause Mark Start 0.007ms
[3.587s][info][gc,phases   ] GC(3) Concurrent Mark 15.640ms
[3.587s][info][gc,phases   ] GC(3) Pause Mark End 0.021ms
[3.587s][info][gc,phases   ] GC(3) Concurrent Mark Free 0.000ms
[3.593s][info][gc,phases   ] GC(3) Concurrent Process Non-Strong References 6.225ms
[3.593s][info][gc,phases   ] GC(3) Concurrent Reset Relocation Set 0.009ms
[3.595s][info][gc,phases   ] GC(3) Concurrent Select Relocation Set 1.626ms
[3.595s][info][gc,phases   ] GC(3) Pause Relocate Start 0.014ms
[3.598s][info][gc,phases   ] GC(3) Concurrent Relocate 2.405ms
[3.598s][info][gc,load     ] GC(3) Load: 0.00/0.00/0.00
[3.598s][info][gc,mmu      ] GC(3) MMU: 2ms/95.6%, 5ms/98.2%, 10ms/99.0%, 20ms/99.5%, 50ms/99.8%, 100ms/99.9%
[3.598s][info][gc,marking  ] GC(3) Mark: 2 stripe(s), 2 proactive flush(es), 1 terminate flush(es), 0 completion(s), 0 continuation(s) 
[3.598s][info][gc,marking  ] GC(3) Mark Stack Usage: 32M
[3.598s][info][gc,nmethod  ] GC(3) NMethods: 6105 registered, 866 unregistered
[3.598s][info][gc,metaspace] GC(3) Metaspace: 23M used, 24M committed, 1088M reserved
[3.598s][info][gc,ref      ] GC(3) Soft: 3459 encountered, 0 discovered, 0 enqueued
[3.598s][info][gc,ref      ] GC(3) Weak: 1575 encountered, 319 discovered, 233 enqueued
[3.598s][info][gc,ref      ] GC(3) Final: 9 encountered, 0 discovered, 0 enqueued
[3.598s][info][gc,ref      ] GC(3) Phantom: 164 encountered, 120 discovered, 56 enqueued
[3.598s][info][gc,reloc    ] GC(3) Small Pages: 55 / 110M, Empty: 32M, Relocated: 3M, In-Place: 0
[3.598s][info][gc,reloc    ] GC(3) Medium Pages: 1 / 32M, Empty: 0M, Relocated: 0M, In-Place: 0
[3.598s][info][gc,reloc    ] GC(3) Large Pages: 0 / 0M, Empty: 0M, Relocated: 0M, In-Place: 0
[3.598s][info][gc,reloc    ] GC(3) Forwarding Usage: 1M
[3.598s][info][gc,heap     ] GC(3) Min Capacity: 4096M(100%)
[3.598s][info][gc,heap     ] GC(3) Max Capacity: 4096M(100%)
[3.598s][info][gc,heap     ] GC(3) Soft Max Capacity: 4096M(100%)
[3.598s][info][gc,heap     ] GC(3)                Mark Start          Mark End        Relocate Start      Relocate End           High               Low         
[3.598s][info][gc,heap     ] GC(3)  Capacity:     4096M (100%)       4096M (100%)       4096M (100%)       4096M (100%)       4096M (100%)       4096M (100%)   
[3.598s][info][gc,heap     ] GC(3)      Free:     3954M (97%)        3954M (97%)        3986M (97%)        4048M (99%)        4048M (99%)        3954M (97%)    
[3.598s][info][gc,heap     ] GC(3)      Used:      142M (3%)          142M (3%)          110M (3%)           48M (1%)          142M (3%)           48M (1%)     
[3.598s][info][gc,heap     ] GC(3)      Live:         -                11M (0%)           11M (0%)           11M (0%)             -                  -          
[3.598s][info][gc,heap     ] GC(3) Allocated:         -                 0M (0%)            0M (0%)            0M (0%)             -                  -          
[3.598s][info][gc,heap     ] GC(3)   Garbage:         -               130M (3%)           98M (2%)           36M (1%)             -                  -          
[3.598s][info][gc,heap     ] GC(3) Reclaimed:         -                  -                32M (1%)           94M (2%)             -                  -          
[3.598s][info][gc          ] GC(3) Garbage Collection (System.gc()) 142M(3%)->48M(1%)
[4.899s][info][gc,start    ] GC(4) Garbage Collection (System.gc())
[4.899s][info][gc,task     ] GC(4) Using 2 workers
[4.899s][info][gc,phases   ] GC(4) Pause Mark Start 0.008ms
[4.934s][info][gc,phases   ] GC(4) Concurrent Mark 34.509ms
[4.934s][info][gc,phases   ] GC(4) Pause Mark End 0.018ms
[4.934s][info][gc,phases   ] GC(4) Concurrent Mark Free 0.001ms
[4.942s][info][gc,phases   ] GC(4) Concurrent Process Non-Strong References 8.283ms
[4.942s][info][gc,phases   ] GC(4) Concurrent Reset Relocation Set 0.004ms
[4.945s][info][gc,phases   ] GC(4) Concurrent Select Relocation Set 2.571ms
[4.945s][info][gc,phases   ] GC(4) Pause Relocate Start 0.010ms
[4.952s][info][gc,phases   ] GC(4) Concurrent Relocate 7.158ms
[4.952s][info][gc,load     ] GC(4) Load: 0.00/0.00/0.00
[4.952s][info][gc,mmu      ] GC(4) MMU: 2ms/95.6%, 5ms/98.2%, 10ms/99.0%, 20ms/99.5%, 50ms/99.8%, 100ms/99.9%
[4.953s][info][gc,marking  ] GC(4) Mark: 2 stripe(s), 2 proactive flush(es), 1 terminate flush(es), 0 completion(s), 0 continuation(s) 
[4.953s][info][gc,marking  ] GC(4) Mark Stack Usage: 32M
[4.953s][info][gc,nmethod  ] GC(4) NMethods: 7595 registered, 868 unregistered
[4.953s][info][gc,metaspace] GC(4) Metaspace: 24M used, 24M committed, 1088M reserved
[4.953s][info][gc,ref      ] GC(4) Soft: 3461 encountered, 0 discovered, 0 enqueued
[4.953s][info][gc,ref      ] GC(4) Weak: 2121 encountered, 960 discovered, 777 enqueued
[4.953s][info][gc,ref      ] GC(4) Final: 199 encountered, 190 discovered, 190 enqueued
[4.953s][info][gc,ref      ] GC(4) Phantom: 257 encountered, 242 discovered, 55 enqueued
[4.953s][info][gc,reloc    ] GC(4) Small Pages: 233 / 466M, Empty: 226M, Relocated: 12M, In-Place: 0
[4.953s][info][gc,reloc    ] GC(4) Medium Pages: 2 / 64M, Empty: 0M, Relocated: 1M, In-Place: 0
[4.953s][info][gc,reloc    ] GC(4) Large Pages: 0 / 0M, Empty: 0M, Relocated: 0M, In-Place: 0
[4.953s][info][gc,reloc    ] GC(4) Forwarding Usage: 4M
[4.953s][info][gc,heap     ] GC(4) Min Capacity: 4096M(100%)
[4.953s][info][gc,heap     ] GC(4) Max Capacity: 4096M(100%)
[4.953s][info][gc,heap     ] GC(4) Soft Max Capacity: 4096M(100%)
[4.953s][info][gc,heap     ] GC(4)                Mark Start          Mark End        Relocate Start      Relocate End           High               Low         
[4.953s][info][gc,heap     ] GC(4)  Capacity:     4096M (100%)       4096M (100%)       4096M (100%)       4096M (100%)       4096M (100%)       4096M (100%)   
[4.953s][info][gc,heap     ] GC(4)      Free:     3566M (87%)        3566M (87%)        3792M (93%)        4038M (99%)        4038M (99%)        3566M (87%)    
[4.953s][info][gc,heap     ] GC(4)      Used:      530M (13%)         530M (13%)         304M (7%)           58M (1%)          530M (13%)          58M (1%)     
[4.953s][info][gc,heap     ] GC(4)      Live:         -                21M (1%)           21M (1%)           21M (1%)             -                  -          
[4.953s][info][gc,heap     ] GC(4) Allocated:         -                 0M (0%)            0M (0%)            1M (0%)             -                  -          
[4.953s][info][gc,heap     ] GC(4)   Garbage:         -               508M (12%)         282M (7%)           34M (1%)             -                  -          
[4.953s][info][gc,heap     ] GC(4) Reclaimed:         -                  -               226M (6%)          473M (12%)            -                  -          
[4.953s][info][gc          ] GC(4) Garbage Collection (System.gc()) 530M(13%)->58M(1%)
[6.083s][info][gc,start    ] GC(5) Garbage Collection (System.gc())
[6.083s][info][gc,task     ] GC(5) Using 2 workers
[6.083s][info][gc,phases   ] GC(5) Pause Mark Start 0.010ms
[6.123s][info][gc,phases   ] GC(5) Concurrent Mark 39.455ms
[6.123s][info][gc,phases   ] GC(5) Pause Mark End 0.017ms
[6.123s][info][gc,phases   ] GC(5) Concurrent Mark Free 0.001ms
[6.132s][info][gc,phases   ] GC(5) Concurrent Process Non-Strong References 8.817ms
[6.132s][info][gc,phases   ] GC(5) Concurrent Reset Relocation Set 0.009ms
[6.134s][info][gc,phases   ] GC(5) Concurrent Select Relocation Set 2.206ms
[6.134s][info][gc,phases   ] GC(5) Pause Relocate Start 0.011ms
[6.140s][info][gc,phases   ] GC(5) Concurrent Relocate 5.707ms
[6.140s][info][gc,load     ] GC(5) Load: 0.00/0.00/0.00
[6.140s][info][gc,mmu      ] GC(5) MMU: 2ms/95.6%, 5ms/98.2%, 10ms/99.0%, 20ms/99.5%, 50ms/99.8%, 100ms/99.9%
[6.140s][info][gc,marking  ] GC(5) Mark: 2 stripe(s), 2 proactive flush(es), 1 terminate flush(es), 0 completion(s), 0 continuation(s) 
[6.140s][info][gc,marking  ] GC(5) Mark Stack Usage: 32M
[6.140s][info][gc,nmethod  ] GC(5) NMethods: 7689 registered, 1692 unregistered
[6.140s][info][gc,metaspace] GC(5) Metaspace: 24M used, 25M committed, 1088M reserved
[6.140s][info][gc,ref      ] GC(5) Soft: 3463 encountered, 0 discovered, 0 enqueued
[6.140s][info][gc,ref      ] GC(5) Weak: 2123 encountered, 1081 discovered, 777 enqueued
[6.140s][info][gc,ref      ] GC(5) Final: 199 encountered, 190 discovered, 190 enqueued
[6.140s][info][gc,ref      ] GC(5) Phantom: 351 encountered, 335 discovered, 149 enqueued
[6.140s][info][gc,reloc    ] GC(5) Small Pages: 238 / 476M, Empty: 234M, Relocated: 12M, In-Place: 0
[6.140s][info][gc,reloc    ] GC(5) Medium Pages: 2 / 64M, Empty: 0M, Relocated: 1M, In-Place: 0
[6.140s][info][gc,reloc    ] GC(5) Large Pages: 0 / 0M, Empty: 0M, Relocated: 0M, In-Place: 0
[6.140s][info][gc,reloc    ] GC(5) Forwarding Usage: 3M
[6.140s][info][gc,heap     ] GC(5) Min Capacity: 4096M(100%)
[6.140s][info][gc,heap     ] GC(5) Max Capacity: 4096M(100%)
[6.140s][info][gc,heap     ] GC(5) Soft Max Capacity: 4096M(100%)
[6.140s][info][gc,heap     ] GC(5)                Mark Start          Mark End        Relocate Start      Relocate End           High               Low         
[6.140s][info][gc,heap     ] GC(5)  Capacity:     4096M (100%)       4096M (100%)       4096M (100%)       4096M (100%)       4096M (100%)       4096M (100%)   
[6.140s][info][gc,heap     ] GC(5)      Free:     3556M (87%)        3556M (87%)        3788M (92%)        4038M (99%)        4038M (99%)        3556M (87%)    
[6.140s][info][gc,heap     ] GC(5)      Used:      540M (13%)         540M (13%)         308M (8%)           58M (1%)          540M (13%)          58M (1%)     
[6.140s][info][gc,heap     ] GC(5)      Live:         -                21M (1%)           21M (1%)           21M (1%)             -                  -          
[6.140s][info][gc,heap     ] GC(5) Allocated:         -                 0M (0%)            2M (0%)            2M (0%)             -                  -          
[6.140s][info][gc,heap     ] GC(5)   Garbage:         -               518M (13%)         284M (7%)           34M (1%)             -                  -          
[6.140s][info][gc,heap     ] GC(5) Reclaimed:         -                  -               234M (6%)          484M (12%)            -                  -          
[6.140s][info][gc          ] GC(5) Garbage Collection (System.gc()) 540M(13%)->58M(1%)
[7.184s][info][gc,start    ] GC(6) Garbage Collection (System.gc())
[7.184s][info][gc,task     ] GC(6) Using 2 workers
[7.184s][info][gc,phases   ] GC(6) Pause Mark Start 0.008ms
[7.217s][info][gc,phases   ] GC(6) Concurrent Mark 32.730ms
[7.217s][info][gc,phases   ] GC(6) Pause Mark End 0.020ms
[7.217s][info][gc,phases   ] GC(6) Concurrent Mark Free 0.001ms
[7.227s][info][gc,phases   ] GC(6) Concurrent Process Non-Strong References 9.200ms
[7.227s][info][gc,phases   ] GC(6) Concurrent Reset Relocation Set 0.008ms
[7.230s][info][gc,phases   ] GC(6) Concurrent Select Relocation Set 3.386ms
[7.230s][info][gc,phases   ] GC(6) Pause Relocate Start 0.013ms
[7.237s][info][gc,phases   ] GC(6) Concurrent Relocate 6.683ms
[7.237s][info][gc,load     ] GC(6) Load: 0.00/0.00/0.00
[7.237s][info][gc,mmu      ] GC(6) MMU: 2ms/95.6%, 5ms/98.2%, 10ms/99.0%, 20ms/99.5%, 50ms/99.8%, 100ms/99.9%
[7.237s][info][gc,marking  ] GC(6) Mark: 2 stripe(s), 3 proactive flush(es), 1 terminate flush(es), 0 completion(s), 0 continuation(s) 
[7.237s][info][gc,marking  ] GC(6) Mark Stack Usage: 32M
[7.237s][info][gc,nmethod  ] GC(6) NMethods: 8410 registered, 1692 unregistered
[7.237s][info][gc,metaspace] GC(6) Metaspace: 25M used, 25M committed, 1088M reserved
[7.237s][info][gc,ref      ] GC(6) Soft: 3463 encountered, 0 discovered, 0 enqueued
[7.237s][info][gc,ref      ] GC(6) Weak: 2123 encountered, 891 discovered, 777 enqueued
[7.237s][info][gc,ref      ] GC(6) Final: 199 encountered, 190 discovered, 190 enqueued
[7.237s][info][gc,ref      ] GC(6) Phantom: 351 encountered, 333 discovered, 149 enqueued
[7.238s][info][gc,reloc    ] GC(6) Small Pages: 236 / 472M, Empty: 214M, Relocated: 12M, In-Place: 0
[7.238s][info][gc,reloc    ] GC(6) Medium Pages: 2 / 64M, Empty: 0M, Relocated: 1M, In-Place: 0
[7.238s][info][gc,reloc    ] GC(6) Large Pages: 0 / 0M, Empty: 0M, Relocated: 0M, In-Place: 0
[7.238s][info][gc,reloc    ] GC(6) Forwarding Usage: 4M
[7.238s][info][gc,heap     ] GC(6) Min Capacity: 4096M(100%)
[7.238s][info][gc,heap     ] GC(6) Max Capacity: 4096M(100%)
[7.238s][info][gc,heap     ] GC(6) Soft Max Capacity: 4096M(100%)
[7.238s][info][gc,heap     ] GC(6)                Mark Start          Mark End        Relocate Start      Relocate End           High               Low         
[7.238s][info][gc,heap     ] GC(6)  Capacity:     4096M (100%)       4096M (100%)       4096M (100%)       4096M (100%)       4096M (100%)       4096M (100%)   
[7.238s][info][gc,heap     ] GC(6)      Free:     3560M (87%)        3560M (87%)        3774M (92%)        4036M (99%)        4036M (99%)        3560M (87%)    
[7.238s][info][gc,heap     ] GC(6)      Used:      536M (13%)         536M (13%)         322M (8%)           60M (1%)          536M (13%)          60M (1%)     
[7.238s][info][gc,heap     ] GC(6)      Live:         -                21M (1%)           21M (1%)           21M (1%)             -                  -          
[7.238s][info][gc,heap     ] GC(6) Allocated:         -                 0M (0%)            0M (0%)            3M (0%)             -                  -          
[7.238s][info][gc,heap     ] GC(6)   Garbage:         -               514M (13%)         300M (7%)           34M (1%)             -                  -          
[7.238s][info][gc,heap     ] GC(6) Reclaimed:         -                  -               214M (5%)          479M (12%)            -                  -          
[7.238s][info][gc          ] GC(6) Garbage Collection (System.gc()) 536M(13%)->60M(1%)
[8.192s][info][gc,start    ] GC(7) Garbage Collection (System.gc())
[8.192s][info][gc,task     ] GC(7) Using 2 workers
[8.192s][info][gc,phases   ] GC(7) Pause Mark Start 0.005ms
[8.233s][info][gc,phases   ] GC(7) Concurrent Mark 39.986ms
[8.235s][info][gc,phases   ] GC(7) Pause Mark End 0.018ms
[8.235s][info][gc,phases   ] GC(7) Concurrent Mark Free 0.001ms
[8.243s][info][gc,phases   ] GC(7) Concurrent Process Non-Strong References 8.500ms
[8.243s][info][gc,phases   ] GC(7) Concurrent Reset Relocation Set 0.008ms
[8.245s][info][gc,phases   ] GC(7) Concurrent Select Relocation Set 1.636ms
[8.245s][info][gc,phases   ] GC(7) Pause Relocate Start 0.009ms
[8.250s][info][gc,phases   ] GC(7) Concurrent Relocate 5.176ms
[8.250s][info][gc,load     ] GC(7) Load: 0.00/0.00/0.00
[8.250s][info][gc,mmu      ] GC(7) MMU: 2ms/95.6%, 5ms/98.2%, 10ms/99.0%, 20ms/99.5%, 50ms/99.8%, 100ms/99.9%
[8.250s][info][gc,marking  ] GC(7) Mark: 2 stripe(s), 1 proactive flush(es), 1 terminate flush(es), 0 completion(s), 0 continuation(s) 
[8.250s][info][gc,marking  ] GC(7) Mark Stack Usage: 32M
[8.250s][info][gc,nmethod  ] GC(7) NMethods: 8841 registered, 1693 unregistered
[8.250s][info][gc,metaspace] GC(7) Metaspace: 25M used, 25M committed, 1088M reserved
[8.250s][info][gc,ref      ] GC(7) Soft: 3463 encountered, 0 discovered, 0 enqueued
[8.250s][info][gc,ref      ] GC(7) Weak: 2123 encountered, 1273 discovered, 777 enqueued
[8.250s][info][gc,ref      ] GC(7) Final: 199 encountered, 190 discovered, 190 enqueued
[8.250s][info][gc,ref      ] GC(7) Phantom: 351 encountered, 307 discovered, 149 enqueued
[8.250s][info][gc,reloc    ] GC(7) Small Pages: 235 / 470M, Empty: 232M, Relocated: 10M, In-Place: 0
[8.250s][info][gc,reloc    ] GC(7) Medium Pages: 2 / 64M, Empty: 0M, Relocated: 1M, In-Place: 0
[8.251s][info][gc,reloc    ] GC(7) Large Pages: 0 / 0M, Empty: 0M, Relocated: 0M, In-Place: 0
[8.251s][info][gc,reloc    ] GC(7) Forwarding Usage: 3M
[8.251s][info][gc,heap     ] GC(7) Min Capacity: 4096M(100%)
[8.251s][info][gc,heap     ] GC(7) Max Capacity: 4096M(100%)
[8.251s][info][gc,heap     ] GC(7) Soft Max Capacity: 4096M(100%)
[8.251s][info][gc,heap     ] GC(7)                Mark Start          Mark End        Relocate Start      Relocate End           High               Low         
[8.251s][info][gc,heap     ] GC(7)  Capacity:     4096M (100%)       4096M (100%)       4096M (100%)       4096M (100%)       4096M (100%)       4096M (100%)   
[8.251s][info][gc,heap     ] GC(7)      Free:     3562M (87%)        3562M (87%)        3794M (93%)        4038M (99%)        4038M (99%)        3562M (87%)    
[8.251s][info][gc,heap     ] GC(7)      Used:      534M (13%)         534M (13%)         302M (7%)           58M (1%)          534M (13%)          58M (1%)     
[8.251s][info][gc,heap     ] GC(7)      Live:         -                21M (1%)           21M (1%)           21M (1%)             -                  -          
[8.251s][info][gc,heap     ] GC(7) Allocated:         -                 0M (0%)            0M (0%)            1M (0%)             -                  -          
[8.251s][info][gc,heap     ] GC(7)   Garbage:         -               512M (13%)         280M (7%)           34M (1%)             -                  -          
[8.251s][info][gc,heap     ] GC(7) Reclaimed:         -                  -               232M (6%)          477M (12%)            -                  -          
[8.251s][info][gc          ] GC(7) Garbage Collection (System.gc()) 534M(13%)->58M(1%)
[9.182s][info][gc,start    ] GC(8) Garbage Collection (System.gc())
[9.182s][info][gc,task     ] GC(8) Using 2 workers
[9.182s][info][gc,phases   ] GC(8) Pause Mark Start 0.005ms
[9.216s][info][gc,phases   ] GC(8) Concurrent Mark 34.151ms
[9.216s][info][gc,phases   ] GC(8) Pause Mark End 0.019ms
[9.217s][info][gc,phases   ] GC(8) Concurrent Mark Free 0.001ms
[9.226s][info][gc,phases   ] GC(8) Concurrent Process Non-Strong References 9.541ms
[9.226s][info][gc,phases   ] GC(8) Concurrent Reset Relocation Set 0.010ms
[9.228s][info][gc,phases   ] GC(8) Concurrent Select Relocation Set 1.966ms
[9.228s][info][gc,phases   ] GC(8) Pause Relocate Start 0.007ms
[9.234s][info][gc,phases   ] GC(8) Concurrent Relocate 5.522ms
[9.234s][info][gc,load     ] GC(8) Load: 0.00/0.00/0.00
[9.234s][info][gc,mmu      ] GC(8) MMU: 2ms/95.6%, 5ms/98.2%, 10ms/99.0%, 20ms/99.5%, 50ms/99.8%, 100ms/99.9%
[9.234s][info][gc,marking  ] GC(8) Mark: 2 stripe(s), 1 proactive flush(es), 1 terminate flush(es), 0 completion(s), 0 continuation(s) 
[9.234s][info][gc,marking  ] GC(8) Mark Stack Usage: 32M
[9.234s][info][gc,nmethod  ] GC(8) NMethods: 9262 registered, 1693 unregistered
[9.234s][info][gc,metaspace] GC(8) Metaspace: 25M used, 25M committed, 1088M reserved
[9.234s][info][gc,ref      ] GC(8) Soft: 3464 encountered, 0 discovered, 0 enqueued
[9.234s][info][gc,ref      ] GC(8) Weak: 2124 encountered, 1235 discovered, 777 enqueued
[9.234s][info][gc,ref      ] GC(8) Final: 199 encountered, 190 discovered, 190 enqueued
[9.234s][info][gc,ref      ] GC(8) Phantom: 351 encountered, 307 discovered, 149 enqueued
[9.234s][info][gc,reloc    ] GC(8) Small Pages: 234 / 468M, Empty: 238M, Relocated: 10M, In-Place: 0
[9.234s][info][gc,reloc    ] GC(8) Medium Pages: 2 / 64M, Empty: 0M, Relocated: 1M, In-Place: 0
[9.234s][info][gc,reloc    ] GC(8) Large Pages: 0 / 0M, Empty: 0M, Relocated: 0M, In-Place: 0
[9.234s][info][gc,reloc    ] GC(8) Forwarding Usage: 3M
[9.234s][info][gc,heap     ] GC(8) Min Capacity: 4096M(100%)
[9.234s][info][gc,heap     ] GC(8) Max Capacity: 4096M(100%)
[9.234s][info][gc,heap     ] GC(8) Soft Max Capacity: 4096M(100%)
[9.234s][info][gc,heap     ] GC(8)                Mark Start          Mark End        Relocate Start      Relocate End           High               Low         
[9.234s][info][gc,heap     ] GC(8)  Capacity:     4096M (100%)       4096M (100%)       4096M (100%)       4096M (100%)       4096M (100%)       4096M (100%)   
[9.234s][info][gc,heap     ] GC(8)      Free:     3564M (87%)        3564M (87%)        3802M (93%)        4040M (99%)        4040M (99%)        3564M (87%)    
[9.234s][info][gc,heap     ] GC(8)      Used:      532M (13%)         532M (13%)         294M (7%)           56M (1%)          532M (13%)          56M (1%)     
[9.234s][info][gc,heap     ] GC(8)      Live:         -                21M (1%)           21M (1%)           21M (1%)             -                  -          
[9.234s][info][gc,heap     ] GC(8) Allocated:         -                 0M (0%)            0M (0%)            0M (0%)             -                  -          
[9.234s][info][gc,heap     ] GC(8)   Garbage:         -               510M (12%)         272M (7%)           34M (1%)             -                  -          
[9.234s][info][gc,heap     ] GC(8) Reclaimed:         -                  -               238M (6%)          476M (12%)            -                  -          
[9.234s][info][gc          ] GC(8) Garbage Collection (System.gc()) 532M(13%)->56M(1%)
[10.136s][info][gc,start    ] GC(9) Garbage Collection (System.gc())
[10.136s][info][gc,task     ] GC(9) Using 2 workers
[10.137s][info][gc,phases   ] GC(9) Pause Mark Start 0.005ms
[10.151s][info][gc,stats    ] === Garbage Collection Statistics =======================================================================================================================
[10.151s][info][gc,stats    ]                                                              Last 10s              Last 10m              Last 10h                Total
[10.151s][info][gc,stats    ]                                                              Avg / Max             Avg / Max             Avg / Max             Avg / Max
[10.151s][info][gc,stats    ]   Collector: Garbage Collection Cycle                     47.013 / 58.448       47.013 / 58.448       47.013 / 58.448       47.013 / 58.448      ms
[10.151s][info][gc,stats    ]  Contention: Mark Segment Reset Contention                     0 / 1                 0 / 1                 0 / 1                 0 / 1           ops/s
[10.151s][info][gc,stats    ]  Contention: Mark SeqNum Reset Contention                      0 / 0                 0 / 0                 0 / 0                 0 / 0           ops/s
[10.151s][info][gc,stats    ]    Critical: Allocation Stall                                  0 / 0                 0 / 0                 0 / 0                 0 / 0           ops/s
[10.151s][info][gc,stats    ]    Critical: Allocation Stall                              0.000 / 0.000         0.000 / 0.000         0.000 / 0.000         0.000 / 0.000       ms
[10.151s][info][gc,stats    ]    Critical: GC Locker Stall                                   0 / 0                 0 / 0                 0 / 0                 0 / 0           ops/s
[10.151s][info][gc,stats    ]    Critical: GC Locker Stall                               0.000 / 0.000         0.000 / 0.000         0.000 / 0.000         0.000 / 0.000       ms
[10.151s][info][gc,stats    ]    Critical: Relocation Stall                                  0 / 0                 0 / 0                 0 / 0                 0 / 0           ops/s
[10.151s][info][gc,stats    ]    Critical: Relocation Stall                              0.000 / 0.000         0.000 / 0.000         0.000 / 0.000         0.000 / 0.000       ms
[10.151s][info][gc,stats    ]      Memory: Allocation Rate                                 348 / 486             348 / 486             348 / 486             348 / 486         MB/s
[10.151s][info][gc,stats    ]      Memory: Out Of Memory                                     0 / 0                 0 / 0                 0 / 0                 0 / 0           ops/s
[10.151s][info][gc,stats    ]      Memory: Page Cache Flush                                  0 / 0                 0 / 0                 0 / 0                 0 / 0           MB/s
[10.151s][info][gc,stats    ]      Memory: Page Cache Hit L1                               143 / 235             143 / 235             143 / 235             143 / 235         ops/s
[10.151s][info][gc,stats    ]      Memory: Page Cache Hit L2                                 0 / 0                 0 / 0                 0 / 0                 0 / 0           ops/s
[10.151s][info][gc,stats    ]      Memory: Page Cache Hit L3                                24 / 113              24 / 113              24 / 113              24 / 113         ops/s
[10.151s][info][gc,stats    ]      Memory: Page Cache Miss                                   0 / 1                 0 / 1                 0 / 1                 0 / 1           ops/s
[10.151s][info][gc,stats    ]      Memory: Uncommit                                          0 / 0                 0 / 0                 0 / 0                 0 / 0           MB/s
[10.151s][info][gc,stats    ]      Memory: Undo Object Allocation Failed                     0 / 0                 0 / 0                 0 / 0                 0 / 0           ops/s
[10.151s][info][gc,stats    ]      Memory: Undo Object Allocation Succeeded                  0 / 0                 0 / 0                 0 / 0                 0 / 0           ops/s
[10.151s][info][gc,stats    ]      Memory: Undo Page Allocation                              0 / 0                 0 / 0                 0 / 0                 0 / 0           ops/s
[10.151s][info][gc,stats    ]       Phase: Concurrent Mark                              30.632 / 39.986       30.632 / 39.986       30.632 / 39.986       30.632 / 39.986      ms
[10.151s][info][gc,stats    ]       Phase: Concurrent Mark Continue                      0.000 / 0.000         0.000 / 0.000         0.000 / 0.000         0.000 / 0.000       ms
[10.151s][info][gc,stats    ]       Phase: Concurrent Mark Free                          0.001 / 0.002         0.001 / 0.002         0.001 / 0.002         0.001 / 0.002       ms
[10.151s][info][gc,stats    ]       Phase: Concurrent Process Non-Strong References      6.995 / 9.541         6.995 / 9.541         6.995 / 9.541         6.995 / 9.541       ms
[10.151s][info][gc,stats    ]       Phase: Concurrent Relocate                           5.485 / 7.483         5.485 / 7.483         5.485 / 7.483         5.485 / 7.483       ms
[10.151s][info][gc,stats    ]       Phase: Concurrent Reset Relocation Set               0.006 / 0.010         0.006 / 0.010         0.006 / 0.010         0.006 / 0.010       ms
[10.151s][info][gc,stats    ]       Phase: Concurrent Select Relocation Set              2.478 / 3.386         2.478 / 3.386         2.478 / 3.386         2.478 / 3.386       ms
[10.151s][info][gc,stats    ]       Phase: Pause Mark End                                0.029 / 0.088         0.029 / 0.088         0.029 / 0.088         0.029 / 0.088       ms
[10.151s][info][gc,stats    ]       Phase: Pause Mark Start                              0.006 / 0.010         0.006 / 0.010         0.006 / 0.010         0.006 / 0.010       ms
[10.151s][info][gc,stats    ]       Phase: Pause Relocate Start                          0.010 / 0.014         0.010 / 0.014         0.010 / 0.014         0.010 / 0.014       ms
[10.151s][info][gc,stats    ]    Subphase: Concurrent Classes Purge                      0.223 / 0.338         0.223 / 0.338         0.223 / 0.338         0.223 / 0.338       ms
[10.151s][info][gc,stats    ]    Subphase: Concurrent Classes Unlink                     6.010 / 8.485         6.010 / 8.485         6.010 / 8.485         6.010 / 8.485       ms
[10.151s][info][gc,stats    ]    Subphase: Concurrent Mark                              25.105 / 39.630       25.105 / 39.630       25.105 / 39.630       25.105 / 39.630      ms
[10.151s][info][gc,stats    ]    Subphase: Concurrent Mark Try Flush                     0.075 / 0.146         0.075 / 0.146         0.075 / 0.146         0.075 / 0.146       ms
[10.151s][info][gc,stats    ]    Subphase: Concurrent Mark Try Terminate                 4.657 / 16.495        4.657 / 16.495        4.657 / 16.495        4.657 / 16.495      ms
[10.151s][info][gc,stats    ]    Subphase: Concurrent References Enqueue                 0.004 / 0.006         0.004 / 0.006         0.004 / 0.006         0.004 / 0.006       ms
[10.151s][info][gc,stats    ]    Subphase: Concurrent References Process                 0.181 / 0.269         0.181 / 0.269         0.181 / 0.269         0.181 / 0.269       ms
[10.151s][info][gc,stats    ]    Subphase: Concurrent Roots ClassLoaderDataGraph         0.080 / 0.277         0.080 / 0.277         0.080 / 0.277         0.080 / 0.277       ms
[10.151s][info][gc,stats    ]    Subphase: Concurrent Roots CodeCache                    0.000 / 0.000         0.000 / 0.000         0.000 / 0.000         0.000 / 0.000       ms
[10.151s][info][gc,stats    ]    Subphase: Concurrent Roots JavaThreads                  0.321 / 1.276         0.321 / 1.276         0.321 / 1.276         0.321 / 1.276       ms
[10.151s][info][gc,stats    ]    Subphase: Concurrent Roots OopStorageSet                0.021 / 0.074         0.021 / 0.074         0.021 / 0.074         0.021 / 0.074       ms
[10.151s][info][gc,stats    ]    Subphase: Concurrent Weak Roots OopStorageSet           0.406 / 1.067         0.406 / 1.067         0.406 / 1.067         0.406 / 1.067       ms
[10.151s][info][gc,stats    ]    Subphase: Pause Mark Try Complete                       0.008 / 0.015         0.008 / 0.015         0.008 / 0.015         0.008 / 0.015       ms
[10.151s][info][gc,stats    ]      System: Java Threads                                     15 / 17               15 / 17               15 / 17               15 / 17          threads
[10.151s][info][gc,stats    ] =========================================================================================================================================================
[10.167s][info][gc,phases   ] GC(9) Concurrent Mark 30.252ms
[10.167s][info][gc,phases   ] GC(9) Pause Mark End 0.021ms
[10.167s][info][gc,phases   ] GC(9) Concurrent Mark Free 0.001ms
[10.177s][info][gc,phases   ] GC(9) Concurrent Process Non-Strong References 9.387ms
[10.177s][info][gc,phases   ] GC(9) Concurrent Reset Relocation Set 0.009ms
[10.180s][info][gc,phases   ] GC(9) Concurrent Select Relocation Set 2.945ms
[10.180s][info][gc,phases   ] GC(9) Pause Relocate Start 0.013ms
[10.186s][info][gc,phases   ] GC(9) Concurrent Relocate 6.125ms
[10.186s][info][gc,load     ] GC(9) Load: 0.00/0.00/0.00
[10.186s][info][gc,mmu      ] GC(9) MMU: 2ms/95.6%, 5ms/98.2%, 10ms/99.0%, 20ms/99.5%, 50ms/99.8%, 100ms/99.9%
[10.186s][info][gc,marking  ] GC(9) Mark: 2 stripe(s), 3 proactive flush(es), 1 terminate flush(es), 0 completion(s), 0 continuation(s) 
[10.186s][info][gc,marking  ] GC(9) Mark Stack Usage: 32M
[10.186s][info][gc,nmethod  ] GC(9) NMethods: 8821 registered, 2551 unregistered
[10.186s][info][gc,metaspace] GC(9) Metaspace: 25M used, 25M committed, 1088M reserved
[10.186s][info][gc,ref      ] GC(9) Soft: 3464 encountered, 0 discovered, 0 enqueued
[10.186s][info][gc,ref      ] GC(9) Weak: 2124 encountered, 1268 discovered, 777 enqueued
[10.186s][info][gc,ref      ] GC(9) Final: 199 encountered, 190 discovered, 190 enqueued
[10.186s][info][gc,ref      ] GC(9) Phantom: 351 encountered, 302 discovered, 149 enqueued
[10.186s][info][gc,reloc    ] GC(9) Small Pages: 233 / 466M, Empty: 224M, Relocated: 10M, In-Place: 0
[10.186s][info][gc,reloc    ] GC(9) Medium Pages: 2 / 64M, Empty: 0M, Relocated: 1M, In-Place: 0
[10.186s][info][gc,reloc    ] GC(9) Large Pages: 0 / 0M, Empty: 0M, Relocated: 0M, In-Place: 0
[10.186s][info][gc,reloc    ] GC(9) Forwarding Usage: 3M
[10.186s][info][gc,heap     ] GC(9) Min Capacity: 4096M(100%)
[10.186s][info][gc,heap     ] GC(9) Max Capacity: 4096M(100%)
[10.186s][info][gc,heap     ] GC(9) Soft Max Capacity: 4096M(100%)
[10.186s][info][gc,heap     ] GC(9)                Mark Start          Mark End        Relocate Start      Relocate End           High               Low         
[10.186s][info][gc,heap     ] GC(9)  Capacity:     4096M (100%)       4096M (100%)       4096M (100%)       4096M (100%)       4096M (100%)       4096M (100%)   
[10.186s][info][gc,heap     ] GC(9)      Free:     3566M (87%)        3566M (87%)        3790M (93%)        4036M (99%)        4036M (99%)        3566M (87%)    
[10.186s][info][gc,heap     ] GC(9)      Used:      530M (13%)         530M (13%)         306M (7%)           60M (1%)          530M (13%)          60M (1%)     
[10.186s][info][gc,heap     ] GC(9)      Live:         -                21M (1%)           21M (1%)           21M (1%)             -                  -          
[10.186s][info][gc,heap     ] GC(9) Allocated:         -                 0M (0%)            0M (0%)            3M (0%)             -                  -          
[10.186s][info][gc,heap     ] GC(9)   Garbage:         -               508M (12%)         284M (7%)           34M (1%)             -                  -          
[10.186s][info][gc,heap     ] GC(9) Reclaimed:         -                  -               224M (5%)          473M (12%)            -                  -          
[10.186s][info][gc          ] GC(9) Garbage Collection (System.gc()) 530M(13%)->60M(1%)
[11.043s][info][gc,start    ] GC(10) Garbage Collection (System.gc())
[11.043s][info][gc,task     ] GC(10) Using 2 workers
[11.043s][info][gc,phases   ] GC(10) Pause Mark Start 0.007ms
[11.066s][info][gc,phases   ] GC(10) Concurrent Mark 22.203ms
[11.066s][info][gc,phases   ] GC(10) Pause Mark End 0.014ms
[11.066s][info][gc,phases   ] GC(10) Concurrent Mark Free 0.001ms
[11.075s][info][gc,phases   ] GC(10) Concurrent Process Non-Strong References 9.415ms
[11.075s][info][gc,phases   ] GC(10) Concurrent Reset Relocation Set 0.012ms
[11.077s][info][gc,phases   ] GC(10) Concurrent Select Relocation Set 1.834ms
[11.077s][info][gc,phases   ] GC(10) Pause Relocate Start 0.015ms
[11.084s][info][gc,phases   ] GC(10) Concurrent Relocate 6.851ms
[11.084s][info][gc,load     ] GC(10) Load: 0.00/0.00/0.00
[11.084s][info][gc,mmu      ] GC(10) MMU: 2ms/95.6%, 5ms/98.2%, 10ms/99.0%, 20ms/99.5%, 50ms/99.8%, 100ms/99.9%
[11.084s][info][gc,marking  ] GC(10) Mark: 2 stripe(s), 2 proactive flush(es), 1 terminate flush(es), 0 completion(s), 0 continuation(s) 
[11.084s][info][gc,marking  ] GC(10) Mark Stack Usage: 32M
[11.084s][info][gc,nmethod  ] GC(10) NMethods: 9179 registered, 12 unregistered
[11.085s][info][gc,metaspace] GC(10) Metaspace: 25M used, 26M committed, 1088M reserved
[11.085s][info][gc,ref      ] GC(10) Soft: 3466 encountered, 0 discovered, 0 enqueued
[11.085s][info][gc,ref      ] GC(10) Weak: 2126 encountered, 1207 discovered, 777 enqueued
[11.085s][info][gc,ref      ] GC(10) Final: 199 encountered, 190 discovered, 190 enqueued
[11.085s][info][gc,ref      ] GC(10) Phantom: 351 encountered, 302 discovered, 149 enqueued
[11.085s][info][gc,reloc    ] GC(10) Small Pages: 234 / 468M, Empty: 218M, Relocated: 10M, In-Place: 0
[11.085s][info][gc,reloc    ] GC(10) Medium Pages: 2 / 64M, Empty: 0M, Relocated: 1M, In-Place: 0
[11.085s][info][gc,reloc    ] GC(10) Large Pages: 0 / 0M, Empty: 0M, Relocated: 0M, In-Place: 0
[11.085s][info][gc,reloc    ] GC(10) Forwarding Usage: 3M
[11.085s][info][gc,heap     ] GC(10) Min Capacity: 4096M(100%)
[11.085s][info][gc,heap     ] GC(10) Max Capacity: 4096M(100%)
[11.085s][info][gc,heap     ] GC(10) Soft Max Capacity: 4096M(100%)
[11.085s][info][gc,heap     ] GC(10)                Mark Start          Mark End        Relocate Start      Relocate End           High               Low         
[11.085s][info][gc,heap     ] GC(10)  Capacity:     4096M (100%)       4096M (100%)       4096M (100%)       4096M (100%)       4096M (100%)       4096M (100%)   
[11.085s][info][gc,heap     ] GC(10)      Free:     3564M (87%)        3564M (87%)        3782M (92%)        4040M (99%)        4040M (99%)        3564M (87%)    
[11.085s][info][gc,heap     ] GC(10)      Used:      532M (13%)         532M (13%)         314M (8%)           56M (1%)          532M (13%)          56M (1%)     
[11.085s][info][gc,heap     ] GC(10)      Live:         -                21M (1%)           21M (1%)           21M (1%)             -                  -          
[11.085s][info][gc,heap     ] GC(10) Allocated:         -                 0M (0%)            0M (0%)            0M (0%)             -                  -          
[11.085s][info][gc,heap     ] GC(10)   Garbage:         -               510M (12%)         292M (7%)           34M (1%)             -                  -          
[11.085s][info][gc,heap     ] GC(10) Reclaimed:         -                  -               218M (5%)          476M (12%)            -                  -          
[11.085s][info][gc          ] GC(10) Garbage Collection (System.gc()) 532M(13%)->56M(1%)
[11.906s][info][gc,start    ] GC(11) Garbage Collection (System.gc())
[11.906s][info][gc,task     ] GC(11) Using 2 workers
[11.906s][info][gc,phases   ] GC(11) Pause Mark Start 0.006ms
[11.939s][info][gc,phases   ] GC(11) Concurrent Mark 32.182ms
[11.939s][info][gc,phases   ] GC(11) Pause Mark End 0.018ms
[11.939s][info][gc,phases   ] GC(11) Concurrent Mark Free 0.002ms
[11.949s][info][gc,phases   ] GC(11) Concurrent Process Non-Strong References 10.075ms
[11.949s][info][gc,phases   ] GC(11) Concurrent Reset Relocation Set 0.012ms
[11.952s][info][gc,phases   ] GC(11) Concurrent Select Relocation Set 2.620ms
[11.952s][info][gc,phases   ] GC(11) Pause Relocate Start 0.011ms
[11.958s][info][gc,phases   ] GC(11) Concurrent Relocate 5.729ms
[11.958s][info][gc,load     ] GC(11) Load: 0.00/0.00/0.00
[11.958s][info][gc,mmu      ] GC(11) MMU: 2ms/95.6%, 5ms/98.2%, 10ms/99.0%, 20ms/99.5%, 50ms/99.8%, 100ms/99.9%
[11.958s][info][gc,marking  ] GC(11) Mark: 2 stripe(s), 3 proactive flush(es), 1 terminate flush(es), 0 completion(s), 0 continuation(s) 
[11.958s][info][gc,marking  ] GC(11) Mark Stack Usage: 32M
[11.958s][info][gc,nmethod  ] GC(11) NMethods: 9519 registered, 12 unregistered
[11.958s][info][gc,metaspace] GC(11) Metaspace: 25M used, 26M committed, 1088M reserved
[11.958s][info][gc,ref      ] GC(11) Soft: 3466 encountered, 0 discovered, 0 enqueued
[11.958s][info][gc,ref      ] GC(11) Weak: 2126 encountered, 921 discovered, 777 enqueued
[11.958s][info][gc,ref      ] GC(11) Final: 199 encountered, 190 discovered, 190 enqueued
[11.958s][info][gc,ref      ] GC(11) Phantom: 351 encountered, 337 discovered, 149 enqueued
[11.958s][info][gc,reloc    ] GC(11) Small Pages: 232 / 464M, Empty: 216M, Relocated: 10M, In-Place: 0
[11.958s][info][gc,reloc    ] GC(11) Medium Pages: 2 / 64M, Empty: 0M, Relocated: 1M, In-Place: 0
[11.958s][info][gc,reloc    ] GC(11) Large Pages: 0 / 0M, Empty: 0M, Relocated: 0M, In-Place: 0
[11.958s][info][gc,reloc    ] GC(11) Forwarding Usage: 3M
[11.958s][info][gc,heap     ] GC(11) Min Capacity: 4096M(100%)
[11.958s][info][gc,heap     ] GC(11) Max Capacity: 4096M(100%)
[11.958s][info][gc,heap     ] GC(11) Soft Max Capacity: 4096M(100%)
[11.958s][info][gc,heap     ] GC(11)                Mark Start          Mark End        Relocate Start      Relocate End           High               Low         
[11.958s][info][gc,heap     ] GC(11)  Capacity:     4096M (100%)       4096M (100%)       4096M (100%)       4096M (100%)       4096M (100%)       4096M (100%)   
[11.958s][info][gc,heap     ] GC(11)      Free:     3568M (87%)        3568M (87%)        3784M (92%)        4040M (99%)        4040M (99%)        3568M (87%)    
[11.958s][info][gc,heap     ] GC(11)      Used:      528M (13%)         528M (13%)         312M (8%)           56M (1%)          528M (13%)          56M (1%)     
[11.958s][info][gc,heap     ] GC(11)      Live:         -                21M (1%)           21M (1%)           21M (1%)             -                  -          
[11.958s][info][gc,heap     ] GC(11) Allocated:         -                 0M (0%)            0M (0%)            0M (0%)             -                  -          
[11.958s][info][gc,heap     ] GC(11)   Garbage:         -               506M (12%)         290M (7%)           34M (1%)             -                  -          
[11.958s][info][gc,heap     ] GC(11) Reclaimed:         -                  -               216M (5%)          472M (12%)            -                  -          
[11.958s][info][gc          ] GC(11) Garbage Collection (System.gc()) 528M(13%)->56M(1%)
[12.877s][info][gc,heap,exit] Heap
[12.877s][info][gc,heap,exit]  ZHeap           used 530M, capacity 4096M, max capacity 4096M
[12.877s][info][gc,heap,exit]  Metaspace       used 26913K, committed 27136K, reserved 1114112K
[12.877s][info][gc,heap,exit]   class space    used 2681K, committed 2752K, reserved 1048576K
