[0.035s][info][gc] Using Concurrent Mark Sweep
[0.035s][info][gc,heap,coops] Heap address: 0x0000000600000000, size: 8192 MB, Compressed Oops mode: Zero based, Oop shift amount: 3
[4.097s][info][gc,start     ] GC(0) Pause Initial Mark
[4.107s][info][gc           ] GC(0) Pause Initial Mark 71M->71M(8142M) 9.995ms
[4.107s][info][gc,cpu       ] GC(0) User=0.00s Sys=0.00s Real=0.01s
[4.107s][info][gc           ] GC(0) Concurrent Mark
[4.107s][info][gc,task      ] GC(0) Using 2 workers of 2 for marking
[4.111s][info][gc           ] GC(0) Concurrent Mark 4.372ms
[4.111s][info][gc,cpu       ] GC(0) User=0.00s Sys=0.00s Real=0.00s
[4.112s][info][gc           ] GC(0) Concurrent Preclean
[4.121s][info][gc           ] GC(0) Concurrent Preclean 8.703ms
[4.121s][info][gc,cpu       ] GC(0) User=0.00s Sys=0.00s Real=0.02s
[4.121s][info][gc           ] GC(0) Concurrent Abortable Preclean
[6.488s][info][gc,start     ] GC(1) Pause Full (System.gc())
[6.488s][info][gc           ] GC(0) Concurrent Abortable Preclean 2367.367ms
[6.488s][info][gc,cpu       ] GC(0) User=0.30s Sys=0.11s Real=2.36s
[6.488s][info][gc,phases,start] GC(1) Phase 1: Mark live objects
[6.505s][info][gc,phases      ] GC(1) Phase 1: Mark live objects 16.319ms
[6.505s][info][gc,phases,start] GC(1) Phase 2: Compute new object addresses
[6.519s][info][gc,phases      ] GC(1) Phase 2: Compute new object addresses 14.172ms
[6.519s][info][gc,phases,start] GC(1) Phase 3: Adjust pointers
[6.528s][info][gc,phases      ] GC(1) Phase 3: Adjust pointers 9.018ms
[6.528s][info][gc,phases,start] GC(1) Phase 4: Move objects
[6.535s][info][gc,phases      ] GC(1) Phase 4: Move objects 6.989ms
[6.564s][info][gc,heap        ] GC(1) ParNew: 261943K->0K(460096K)
[6.564s][info][gc,heap        ] GC(1) CMS: 0K->10915K(7877440K)
[6.564s][info][gc,metaspace   ] GC(1) Metaspace: 44211K(45712K)->44211K(45712K) NonClass: 38423K(39260K)->38423K(39260K) Class: 5788K(6452K)->5788K(6452K)
[6.565s][info][gc             ] GC(1) Pause Full (System.gc()) 255M->10M(8142M) 76.673ms
[6.565s][info][gc,cpu         ] GC(1) User=0.05s Sys=0.03s Real=0.08s
[10.763s][info][gc,start       ] GC(2) Pause Young (Allocation Failure)
[10.763s][info][gc,task        ] GC(2) Using 6 workers of 6 for evacuation
[10.788s][info][gc,heap        ] GC(2) ParNew: 409024K->5234K(460096K)
[10.788s][info][gc,heap        ] GC(2) CMS: 10915K->10915K(7877440K)
[10.788s][info][gc,metaspace   ] GC(2) Metaspace: 62624K(66756K)->62624K(66756K) NonClass: 52965K(54928K)->52965K(54928K) Class: 9659K(11828K)->9659K(11828K)
[10.788s][info][gc             ] GC(2) Pause Young (Allocation Failure) 410M->15M(8142M) 25.164ms
[10.788s][info][gc,cpu         ] GC(2) User=0.02s Sys=0.00s Real=0.02s
[12.844s][info][gc,start       ] GC(3) Pause Young (Allocation Failure)
[12.844s][info][gc,task        ] GC(3) Using 6 workers of 6 for evacuation
[12.865s][info][gc,heap        ] GC(3) ParNew: 414258K->6752K(460096K)
[12.865s][info][gc,heap        ] GC(3) CMS: 10915K->10915K(7877440K)
[12.865s][info][gc,metaspace   ] GC(3) Metaspace: 63111K(67396K)->63111K(67396K) NonClass: 53371K(55440K)->53371K(55440K) Class: 9740K(11956K)->9740K(11956K)
[12.865s][info][gc             ] GC(3) Pause Young (Allocation Failure) 415M->17M(8142M) 21.669ms
[12.865s][info][gc,cpu         ] GC(3) User=0.09s Sys=0.00s Real=0.02s
[14.200s][info][gc,start       ] GC(4) Pause Young (Allocation Failure)
[14.200s][info][gc,task        ] GC(4) Using 6 workers of 6 for evacuation
[14.222s][info][gc,heap        ] GC(4) ParNew: 415776K->7742K(460096K)
[14.222s][info][gc,heap        ] GC(4) CMS: 10915K->10915K(7877440K)
[14.222s][info][gc,metaspace   ] GC(4) Metaspace: 63122K(67396K)->63122K(67396K) NonClass: 53381K(55440K)->53381K(55440K) Class: 9740K(11956K)->9740K(11956K)
[14.222s][info][gc             ] GC(4) Pause Young (Allocation Failure) 416M->18M(8142M) 22.384ms
[14.222s][info][gc,cpu         ] GC(4) User=0.02s Sys=0.00s Real=0.02s
[14.929s][info][gc,start       ] GC(5) Pause Young (Allocation Failure)
[14.930s][info][gc,task        ] GC(5) Using 6 workers of 6 for evacuation
[14.951s][info][gc,heap        ] GC(5) ParNew: 416766K->7550K(460096K)
[14.951s][info][gc,heap        ] GC(5) CMS: 10915K->10915K(7877440K)
[14.951s][info][gc,metaspace   ] GC(5) Metaspace: 63128K(67396K)->63128K(67396K) NonClass: 53387K(55440K)->53387K(55440K) Class: 9741K(11956K)->9741K(11956K)
[14.951s][info][gc             ] GC(5) Pause Young (Allocation Failure) 417M->18M(8142M) 21.418ms
[14.951s][info][gc,cpu         ] GC(5) User=0.00s Sys=0.00s Real=0.03s
[15.659s][info][gc,start       ] GC(6) Pause Young (Allocation Failure)
[15.659s][info][gc,task        ] GC(6) Using 6 workers of 6 for evacuation
[15.681s][info][gc,heap        ] GC(6) ParNew: 416574K->7739K(460096K)
[15.681s][info][gc,heap        ] GC(6) CMS: 10915K->10915K(7877440K)
[15.681s][info][gc,metaspace   ] GC(6) Metaspace: 63132K(67396K)->63132K(67396K) NonClass: 53391K(55440K)->53391K(55440K) Class: 9741K(11956K)->9741K(11956K)
[15.681s][info][gc             ] GC(6) Pause Young (Allocation Failure) 417M->18M(8142M) 22.055ms
[15.681s][info][gc,cpu         ] GC(6) User=0.02s Sys=0.00s Real=0.02s
[16.331s][info][gc,start       ] GC(7) Pause Young (Allocation Failure)
[16.331s][info][gc,task        ] GC(7) Using 6 workers of 6 for evacuation
[16.352s][info][gc,heap        ] GC(7) ParNew: 416763K->8631K(460096K)
[16.352s][info][gc,heap        ] GC(7) CMS: 10915K->10915K(7877440K)
[16.352s][info][gc,metaspace   ] GC(7) Metaspace: 63134K(67396K)->63134K(67396K) NonClass: 53392K(55440K)->53392K(55440K) Class: 9741K(11956K)->9741K(11956K)
[16.352s][info][gc             ] GC(7) Pause Young (Allocation Failure) 417M->19M(8142M) 20.974ms
[16.352s][info][gc,cpu         ] GC(7) User=0.02s Sys=0.00s Real=0.02s
[17.001s][info][gc,start       ] GC(8) Pause Young (Allocation Failure)
[17.001s][info][gc,task        ] GC(8) Using 6 workers of 6 for evacuation
[17.032s][info][gc,heap        ] GC(8) ParNew: 417655K->5204K(460096K)
[17.033s][info][gc,heap        ] GC(8) CMS: 10915K->16150K(7877440K)
[17.033s][info][gc,metaspace   ] GC(8) Metaspace: 63200K(67396K)->63200K(67396K) NonClass: 53439K(55440K)->53439K(55440K) Class: 9760K(11956K)->9760K(11956K)
[17.033s][info][gc             ] GC(8) Pause Young (Allocation Failure) 418M->20M(8142M) 31.959ms
[17.033s][info][gc,cpu         ] GC(8) User=0.02s Sys=0.00s Real=0.03s
[17.636s][info][gc,start       ] GC(9) Pause Full (System.gc())
[17.637s][info][gc,phases,start] GC(9) Phase 1: Mark live objects
[17.673s][info][gc,phases      ] GC(9) Phase 1: Mark live objects 36.512ms
[17.673s][info][gc,phases,start] GC(9) Phase 2: Compute new object addresses
[17.717s][info][gc,phases      ] GC(9) Phase 2: Compute new object addresses 43.335ms
[17.717s][info][gc,phases,start] GC(9) Phase 3: Adjust pointers
[17.733s][info][gc,phases      ] GC(9) Phase 3: Adjust pointers 16.113ms
[17.733s][info][gc,phases,start] GC(9) Phase 4: Move objects
[17.737s][info][gc,phases      ] GC(9) Phase 4: Move objects 4.561ms
[17.742s][info][gc,heap        ] GC(9) ParNew: 235723K->0K(460096K)
[17.742s][info][gc,heap        ] GC(9) CMS: 16150K->15236K(7877440K)
[17.742s][info][gc,metaspace   ] GC(9) Metaspace: 63537K(67780K)->63537K(67780K) NonClass: 53703K(55696K)->53703K(55696K) Class: 9833K(12084K)->9833K(12084K)
[17.745s][info][gc             ] GC(9) Pause Full (System.gc()) 245M->14M(8142M) 109.411ms
[17.745s][info][gc,cpu         ] GC(9) User=0.08s Sys=0.00s Real=0.10s
[19.247s][info][gc,start       ] GC(10) Pause Young (Allocation Failure)
[19.247s][info][gc,task        ] GC(10) Using 6 workers of 6 for evacuation
[19.272s][info][gc,heap        ] GC(10) ParNew: 409024K->1589K(460096K)
[19.272s][info][gc,heap        ] GC(10) CMS: 15236K->15236K(7877440K)
[19.272s][info][gc,metaspace   ] GC(10) Metaspace: 58580K(67780K)->58580K(67780K) NonClass: 50878K(55696K)->50878K(55696K) Class: 7701K(12084K)->7701K(12084K)
[19.272s][info][gc             ] GC(10) Pause Young (Allocation Failure) 414M->16M(8142M) 24.875ms
[19.272s][info][gc,cpu         ] GC(10) User=0.03s Sys=0.00s Real=0.02s
[20.126s][info][gc,start       ] GC(11) Pause Young (Allocation Failure)
[20.126s][info][gc,task        ] GC(11) Using 6 workers of 6 for evacuation
[20.144s][info][gc,heap        ] GC(11) ParNew: 410613K->873K(460096K)
[20.144s][info][gc,heap        ] GC(11) CMS: 15236K->15236K(7877440K)
[20.144s][info][gc,metaspace   ] GC(11) Metaspace: 58585K(67780K)->58585K(67780K) NonClass: 50883K(55696K)->50883K(55696K) Class: 7701K(12084K)->7701K(12084K)
[20.144s][info][gc             ] GC(11) Pause Young (Allocation Failure) 415M->15M(8142M) 17.554ms
[20.144s][info][gc,cpu         ] GC(11) User=0.03s Sys=0.00s Real=0.01s
[20.818s][info][gc,start       ] GC(12) Pause Young (Allocation Failure)
[20.818s][info][gc,task        ] GC(12) Using 6 workers of 6 for evacuation
[20.836s][info][gc,heap        ] GC(12) ParNew: 409897K->881K(460096K)
[20.837s][info][gc,heap        ] GC(12) CMS: 15236K->15236K(7877440K)
[20.837s][info][gc,metaspace   ] GC(12) Metaspace: 58586K(67780K)->58586K(67780K) NonClass: 50884K(55696K)->50884K(55696K) Class: 7701K(12084K)->7701K(12084K)
[20.837s][info][gc             ] GC(12) Pause Young (Allocation Failure) 415M->15M(8142M) 18.535ms
[20.837s][info][gc,cpu         ] GC(12) User=0.02s Sys=0.00s Real=0.02s
[21.521s][info][gc,start       ] GC(13) Pause Young (Allocation Failure)
[21.522s][info][gc,task        ] GC(13) Using 6 workers of 6 for evacuation
[21.539s][info][gc,heap        ] GC(13) ParNew: 409905K->887K(460096K)
[21.539s][info][gc,heap        ] GC(13) CMS: 15236K->15236K(7877440K)
[21.539s][info][gc,metaspace   ] GC(13) Metaspace: 58586K(67780K)->58586K(67780K) NonClass: 50884K(55696K)->50884K(55696K) Class: 7701K(12084K)->7701K(12084K)
[21.539s][info][gc             ] GC(13) Pause Young (Allocation Failure) 415M->15M(8142M) 17.715ms
[21.539s][info][gc,cpu         ] GC(13) User=0.02s Sys=0.00s Real=0.03s
[22.220s][info][gc,start       ] GC(14) Pause Young (Allocation Failure)
[22.220s][info][gc,task        ] GC(14) Using 6 workers of 6 for evacuation
[22.237s][info][gc,heap        ] GC(14) ParNew: 409911K->925K(460096K)
[22.237s][info][gc,heap        ] GC(14) CMS: 15236K->15236K(7877440K)
[22.237s][info][gc,metaspace   ] GC(14) Metaspace: 58586K(67780K)->58586K(67780K) NonClass: 50884K(55696K)->50884K(55696K) Class: 7701K(12084K)->7701K(12084K)
[22.237s][info][gc             ] GC(14) Pause Young (Allocation Failure) 415M->15M(8142M) 17.343ms
[22.237s][info][gc,cpu         ] GC(14) User=0.05s Sys=0.00s Real=0.02s
[22.910s][info][gc,start       ] GC(15) Pause Young (Allocation Failure)
[22.910s][info][gc,task        ] GC(15) Using 6 workers of 6 for evacuation
[22.927s][info][gc,heap        ] GC(15) ParNew: 409949K->742K(460096K)
[22.927s][info][gc,heap        ] GC(15) CMS: 15236K->15236K(7877440K)
[22.927s][info][gc,metaspace   ] GC(15) Metaspace: 58594K(67780K)->58594K(67780K) NonClass: 50892K(55696K)->50892K(55696K) Class: 7701K(12084K)->7701K(12084K)
[22.927s][info][gc             ] GC(15) Pause Young (Allocation Failure) 415M->15M(8142M) 17.309ms
[22.927s][info][gc,cpu         ] GC(15) User=0.02s Sys=0.00s Real=0.02s
[23.820s][info][gc,start       ] GC(16) Pause Young (Allocation Failure)
[23.820s][info][gc,task        ] GC(16) Using 6 workers of 6 for evacuation
[23.838s][info][gc,heap        ] GC(16) ParNew: 409766K->478K(460096K)
[23.838s][info][gc,heap        ] GC(16) CMS: 15236K->15525K(7877440K)
[23.838s][info][gc,metaspace   ] GC(16) Metaspace: 58609K(67780K)->58609K(67780K) NonClass: 50907K(55696K)->50907K(55696K) Class: 7701K(12084K)->7701K(12084K)
[23.838s][info][gc             ] GC(16) Pause Young (Allocation Failure) 415M->15M(8142M) 17.992ms
[23.838s][info][gc,cpu         ] GC(16) User=0.02s Sys=0.00s Real=0.01s
[23.901s][info][gc,start       ] GC(17) Pause Full (System.gc())
[23.902s][info][gc,phases,start] GC(17) Phase 1: Mark live objects
[23.938s][info][gc,phases      ] GC(17) Phase 1: Mark live objects 35.486ms
[23.938s][info][gc,phases,start] GC(17) Phase 2: Compute new object addresses
[23.946s][info][gc,phases      ] GC(17) Phase 2: Compute new object addresses 8.091ms
[23.946s][info][gc,phases,start] GC(17) Phase 3: Adjust pointers
[23.962s][info][gc,phases      ] GC(17) Phase 3: Adjust pointers 15.749ms
[23.962s][info][gc,phases,start] GC(17) Phase 4: Move objects
[23.964s][info][gc,phases      ] GC(17) Phase 4: Move objects 2.398ms
[23.969s][info][gc,heap        ] GC(17) ParNew: 25987K->0K(460096K)
[23.969s][info][gc,heap        ] GC(17) CMS: 15525K->15371K(7877440K)
[23.969s][info][gc,metaspace   ] GC(17) Metaspace: 58616K(67780K)->58616K(67780K) NonClass: 50914K(55696K)->50914K(55696K) Class: 7701K(12084K)->7701K(12084K)
[23.970s][info][gc             ] GC(17) Pause Full (System.gc()) 40M->15M(8142M) 68.486ms
[23.970s][info][gc,cpu         ] GC(17) User=0.06s Sys=0.00s Real=0.06s
[24.831s][info][gc,start       ] GC(18) Pause Young (Allocation Failure)
[24.831s][info][gc,task        ] GC(18) Using 6 workers of 6 for evacuation
[24.849s][info][gc,heap        ] GC(18) ParNew: 409024K->670K(460096K)
[24.849s][info][gc,heap        ] GC(18) CMS: 15371K->15371K(7877440K)
[24.849s][info][gc,metaspace   ] GC(18) Metaspace: 58646K(68036K)->58646K(68036K) NonClass: 50946K(55952K)->50946K(55952K) Class: 7700K(12084K)->7700K(12084K)
[24.849s][info][gc             ] GC(18) Pause Young (Allocation Failure) 414M->15M(8142M) 18.203ms
[24.849s][info][gc,cpu         ] GC(18) User=0.02s Sys=0.00s Real=0.02s
[25.515s][info][gc,start       ] GC(19) Pause Young (Allocation Failure)
[25.515s][info][gc,task        ] GC(19) Using 6 workers of 6 for evacuation
[25.534s][info][gc,heap        ] GC(19) ParNew: 409694K->790K(460096K)
[25.534s][info][gc,heap        ] GC(19) CMS: 15371K->15371K(7877440K)
[25.534s][info][gc,metaspace   ] GC(19) Metaspace: 58650K(68036K)->58650K(68036K) NonClass: 50950K(55952K)->50950K(55952K) Class: 7700K(12084K)->7700K(12084K)
[25.534s][info][gc             ] GC(19) Pause Young (Allocation Failure) 415M->15M(8142M) 18.406ms
[25.534s][info][gc,cpu         ] GC(19) User=0.02s Sys=0.00s Real=0.02s
[26.201s][info][gc,start       ] GC(20) Pause Young (Allocation Failure)
[26.201s][info][gc,task        ] GC(20) Using 6 workers of 6 for evacuation
[26.219s][info][gc,heap        ] GC(20) ParNew: 409814K->927K(460096K)
[26.219s][info][gc,heap        ] GC(20) CMS: 15371K->15371K(7877440K)
[26.219s][info][gc,metaspace   ] GC(20) Metaspace: 58654K(68036K)->58654K(68036K) NonClass: 50954K(55952K)->50954K(55952K) Class: 7700K(12084K)->7700K(12084K)
[26.219s][info][gc             ] GC(20) Pause Young (Allocation Failure) 415M->15M(8142M) 17.928ms
[26.219s][info][gc,cpu         ] GC(20) User=0.02s Sys=0.00s Real=0.01s
[26.875s][info][gc,start       ] GC(21) Pause Young (Allocation Failure)
[26.875s][info][gc,task        ] GC(21) Using 6 workers of 6 for evacuation
[26.893s][info][gc,heap        ] GC(21) ParNew: 409951K->835K(460096K)
[26.893s][info][gc,heap        ] GC(21) CMS: 15371K->15371K(7877440K)
[26.893s][info][gc,metaspace   ] GC(21) Metaspace: 58654K(68036K)->58654K(68036K) NonClass: 50954K(55952K)->50954K(55952K) Class: 7700K(12084K)->7700K(12084K)
[26.893s][info][gc             ] GC(21) Pause Young (Allocation Failure) 415M->15M(8142M) 17.959ms
[26.893s][info][gc,cpu         ] GC(21) User=0.02s Sys=0.00s Real=0.02s
[27.554s][info][gc,start       ] GC(22) Pause Young (Allocation Failure)
[27.554s][info][gc,task        ] GC(22) Using 6 workers of 6 for evacuation
[27.572s][info][gc,heap        ] GC(22) ParNew: 409859K->829K(460096K)
[27.572s][info][gc,heap        ] GC(22) CMS: 15371K->15371K(7877440K)
[27.572s][info][gc,metaspace   ] GC(22) Metaspace: 58656K(68036K)->58656K(68036K) NonClass: 50955K(55952K)->50955K(55952K) Class: 7700K(12084K)->7700K(12084K)
[27.572s][info][gc             ] GC(22) Pause Young (Allocation Failure) 415M->15M(8142M) 17.575ms
[27.572s][info][gc,cpu         ] GC(22) User=0.02s Sys=0.00s Real=0.02s
[28.241s][info][gc,start       ] GC(23) Pause Young (Allocation Failure)
[28.241s][info][gc,task        ] GC(23) Using 6 workers of 6 for evacuation
[28.259s][info][gc,heap        ] GC(23) ParNew: 409853K->1085K(460096K)
[28.259s][info][gc,heap        ] GC(23) CMS: 15371K->15371K(7877440K)
[28.259s][info][gc,metaspace   ] GC(23) Metaspace: 58656K(68036K)->58656K(68036K) NonClass: 50956K(55952K)->50956K(55952K) Class: 7700K(12084K)->7700K(12084K)
[28.259s][info][gc             ] GC(23) Pause Young (Allocation Failure) 415M->16M(8142M) 18.229ms
[28.259s][info][gc,cpu         ] GC(23) User=0.02s Sys=0.00s Real=0.02s
[28.933s][info][gc,start       ] GC(24) Pause Young (Allocation Failure)
[28.933s][info][gc,task        ] GC(24) Using 6 workers of 6 for evacuation
[28.949s][info][gc,heap        ] GC(24) ParNew: 410109K->421K(460096K)
[28.949s][info][gc,heap        ] GC(24) CMS: 15371K->15788K(7877440K)
[28.949s][info][gc,metaspace   ] GC(24) Metaspace: 58666K(68036K)->58666K(68036K) NonClass: 50966K(55952K)->50966K(55952K) Class: 7700K(12084K)->7700K(12084K)
[28.949s][info][gc             ] GC(24) Pause Young (Allocation Failure) 415M->15M(8142M) 16.403ms
[28.949s][info][gc,cpu         ] GC(24) User=0.03s Sys=0.00s Real=0.03s
[28.982s][info][gc,start       ] GC(25) Pause Full (System.gc())
[28.983s][info][gc,phases,start] GC(25) Phase 1: Mark live objects
[29.005s][info][gc,phases      ] GC(25) Phase 1: Mark live objects 21.934ms
[29.005s][info][gc,phases,start] GC(25) Phase 2: Compute new object addresses
[29.013s][info][gc,phases      ] GC(25) Phase 2: Compute new object addresses 7.354ms
[29.013s][info][gc,phases,start] GC(25) Phase 3: Adjust pointers
[29.029s][info][gc,phases      ] GC(25) Phase 3: Adjust pointers 16.651ms
[29.029s][info][gc,phases,start] GC(25) Phase 4: Move objects
[29.031s][info][gc,phases      ] GC(25) Phase 4: Move objects 1.565ms
[29.036s][info][gc,heap        ] GC(25) ParNew: 16722K->0K(460096K)
[29.036s][info][gc,heap        ] GC(25) CMS: 15788K->15366K(7877440K)
[29.036s][info][gc,metaspace   ] GC(25) Metaspace: 58682K(68036K)->58682K(68036K) NonClass: 50981K(55952K)->50981K(55952K) Class: 7700K(12084K)->7700K(12084K)
[29.036s][info][gc             ] GC(25) Pause Full (System.gc()) 31M->15M(8142M) 53.928ms
[29.036s][info][gc,cpu         ] GC(25) User=0.05s Sys=0.00s Real=0.05s
[29.822s][info][gc,start       ] GC(26) Pause Young (Allocation Failure)
[29.822s][info][gc,task        ] GC(26) Using 6 workers of 6 for evacuation
[29.840s][info][gc,heap        ] GC(26) ParNew: 409024K->605K(460096K)
[29.840s][info][gc,heap        ] GC(26) CMS: 15366K->15366K(7877440K)
[29.840s][info][gc,metaspace   ] GC(26) Metaspace: 58727K(68036K)->58727K(68036K) NonClass: 51026K(55952K)->51026K(55952K) Class: 7700K(12084K)->7700K(12084K)
[29.840s][info][gc             ] GC(26) Pause Young (Allocation Failure) 414M->15M(8142M) 18.130ms
[29.840s][info][gc,cpu         ] GC(26) User=0.02s Sys=0.00s Real=0.02s
[30.511s][info][gc,start       ] GC(27) Pause Young (Allocation Failure)
[30.511s][info][gc,task        ] GC(27) Using 6 workers of 6 for evacuation
[30.528s][info][gc,heap        ] GC(27) ParNew: 409629K->813K(460096K)
[30.528s][info][gc,heap        ] GC(27) CMS: 15366K->15366K(7877440K)
[30.528s][info][gc,metaspace   ] GC(27) Metaspace: 58727K(68036K)->58727K(68036K) NonClass: 51026K(55952K)->51026K(55952K) Class: 7700K(12084K)->7700K(12084K)
[30.528s][info][gc             ] GC(27) Pause Young (Allocation Failure) 415M->15M(8142M) 16.847ms
[30.528s][info][gc,cpu         ] GC(27) User=0.02s Sys=0.00s Real=0.02s
[31.203s][info][gc,start       ] GC(28) Pause Young (Allocation Failure)
[31.203s][info][gc,task        ] GC(28) Using 6 workers of 6 for evacuation
[31.221s][info][gc,heap        ] GC(28) ParNew: 409837K->880K(460096K)
[31.221s][info][gc,heap        ] GC(28) CMS: 15366K->15366K(7877440K)
[31.221s][info][gc,metaspace   ] GC(28) Metaspace: 58729K(68036K)->58729K(68036K) NonClass: 51027K(55952K)->51027K(55952K) Class: 7701K(12084K)->7701K(12084K)
[31.221s][info][gc             ] GC(28) Pause Young (Allocation Failure) 415M->15M(8142M) 18.102ms
[31.221s][info][gc,cpu         ] GC(28) User=0.02s Sys=0.00s Real=0.02s
[31.893s][info][gc,start       ] GC(29) Pause Young (Allocation Failure)
[31.893s][info][gc,task        ] GC(29) Using 6 workers of 6 for evacuation
[31.910s][info][gc,heap        ] GC(29) ParNew: 409904K->838K(460096K)
[31.910s][info][gc,heap        ] GC(29) CMS: 15366K->15366K(7877440K)
[31.910s][info][gc,metaspace   ] GC(29) Metaspace: 58736K(68036K)->58736K(68036K) NonClass: 51035K(55952K)->51035K(55952K) Class: 7701K(12084K)->7701K(12084K)
[31.910s][info][gc             ] GC(29) Pause Young (Allocation Failure) 415M->15M(8142M) 17.264ms
[31.910s][info][gc,cpu         ] GC(29) User=0.14s Sys=0.00s Real=0.03s
[32.664s][info][gc,start       ] GC(30) Pause Young (Allocation Failure)
[32.664s][info][gc,task        ] GC(30) Using 6 workers of 6 for evacuation
[32.682s][info][gc,heap        ] GC(30) ParNew: 409862K->943K(460096K)
[32.682s][info][gc,heap        ] GC(30) CMS: 15366K->15366K(7877440K)
[32.682s][info][gc,metaspace   ] GC(30) Metaspace: 58736K(68036K)->58736K(68036K) NonClass: 51035K(55952K)->51035K(55952K) Class: 7701K(12084K)->7701K(12084K)
[32.682s][info][gc             ] GC(30) Pause Young (Allocation Failure) 415M->15M(8142M) 17.635ms
[32.682s][info][gc,cpu         ] GC(30) User=0.05s Sys=0.00s Real=0.02s
[33.475s][info][gc,start       ] GC(31) Pause Young (Allocation Failure)
[33.475s][info][gc,task        ] GC(31) Using 6 workers of 6 for evacuation
[33.492s][info][gc,heap        ] GC(31) ParNew: 409967K->883K(460096K)
[33.492s][info][gc,heap        ] GC(31) CMS: 15366K->15366K(7877440K)
[33.492s][info][gc,metaspace   ] GC(31) Metaspace: 58736K(68036K)->58736K(68036K) NonClass: 51035K(55952K)->51035K(55952K) Class: 7701K(12084K)->7701K(12084K)
[33.492s][info][gc             ] GC(31) Pause Young (Allocation Failure) 415M->15M(8142M) 17.612ms
[33.492s][info][gc,cpu         ] GC(31) User=0.02s Sys=0.00s Real=0.02s
[34.303s][info][gc,start       ] GC(32) Pause Young (Allocation Failure)
[34.303s][info][gc,task        ] GC(32) Using 6 workers of 6 for evacuation
[34.321s][info][gc,heap        ] GC(32) ParNew: 409907K->576K(460096K)
[34.321s][info][gc,heap        ] GC(32) CMS: 15366K->15680K(7877440K)
[34.321s][info][gc,metaspace   ] GC(32) Metaspace: 58754K(68036K)->58754K(68036K) NonClass: 51053K(55952K)->51053K(55952K) Class: 7701K(12084K)->7701K(12084K)
[34.321s][info][gc             ] GC(32) Pause Young (Allocation Failure) 415M->15M(8142M) 18.624ms
[34.321s][info][gc,cpu         ] GC(32) User=0.02s Sys=0.00s Real=0.02s
[34.353s][info][gc,start       ] GC(33) Pause Full (System.gc())
[34.354s][info][gc,phases,start] GC(33) Phase 1: Mark live objects
[34.378s][info][gc,phases      ] GC(33) Phase 1: Mark live objects 23.769ms
[34.378s][info][gc,phases,start] GC(33) Phase 2: Compute new object addresses
[34.384s][info][gc,phases      ] GC(33) Phase 2: Compute new object addresses 6.020ms
[34.384s][info][gc,phases,start] GC(33) Phase 3: Adjust pointers
[34.400s][info][gc,phases      ] GC(33) Phase 3: Adjust pointers 15.754ms
[34.400s][info][gc,phases,start] GC(33) Phase 4: Move objects
[34.401s][info][gc,phases      ] GC(33) Phase 4: Move objects 1.564ms
[34.406s][info][gc,heap        ] GC(33) ParNew: 12684K->0K(460096K)
[34.406s][info][gc,heap        ] GC(33) CMS: 15680K->15435K(7877440K)
[34.406s][info][gc,metaspace   ] GC(33) Metaspace: 58761K(68036K)->58761K(68036K) NonClass: 51060K(55952K)->51060K(55952K) Class: 7701K(12084K)->7701K(12084K)
[34.407s][info][gc             ] GC(33) Pause Full (System.gc()) 27M->15M(8142M) 53.950ms
[34.407s][info][gc,cpu         ] GC(33) User=0.05s Sys=0.00s Real=0.05s
[35.118s][info][gc,start       ] GC(34) Pause Young (Allocation Failure)
[35.118s][info][gc,task        ] GC(34) Using 6 workers of 6 for evacuation
[35.136s][info][gc,heap        ] GC(34) ParNew: 409024K->651K(460096K)
[35.136s][info][gc,heap        ] GC(34) CMS: 15435K->15435K(7877440K)
[35.136s][info][gc,metaspace   ] GC(34) Metaspace: 58792K(68036K)->58792K(68036K) NonClass: 51091K(55952K)->51091K(55952K) Class: 7701K(12084K)->7701K(12084K)
[35.136s][info][gc             ] GC(34) Pause Young (Allocation Failure) 414M->15M(8142M) 17.800ms
[35.136s][info][gc,cpu         ] GC(34) User=0.02s Sys=0.00s Real=0.02s
[35.796s][info][gc,start       ] GC(35) Pause Young (Allocation Failure)
[35.796s][info][gc,task        ] GC(35) Using 6 workers of 6 for evacuation
[35.814s][info][gc,heap        ] GC(35) ParNew: 409675K->810K(460096K)
[35.814s][info][gc,heap        ] GC(35) CMS: 15435K->15435K(7877440K)
[35.814s][info][gc,metaspace   ] GC(35) Metaspace: 58792K(68036K)->58792K(68036K) NonClass: 51091K(55952K)->51091K(55952K) Class: 7701K(12084K)->7701K(12084K)
[35.814s][info][gc             ] GC(35) Pause Young (Allocation Failure) 415M->15M(8142M) 17.369ms
[35.814s][info][gc,cpu         ] GC(35) User=0.02s Sys=0.00s Real=0.02s
[36.488s][info][gc,start       ] GC(36) Pause Young (Allocation Failure)
[36.488s][info][gc,task        ] GC(36) Using 6 workers of 6 for evacuation
[36.504s][info][gc,heap        ] GC(36) ParNew: 409834K->863K(460096K)
[36.504s][info][gc,heap        ] GC(36) CMS: 15435K->15435K(7877440K)
[36.504s][info][gc,metaspace   ] GC(36) Metaspace: 58792K(68036K)->58792K(68036K) NonClass: 51091K(55952K)->51091K(55952K) Class: 7701K(12084K)->7701K(12084K)
[36.504s][info][gc             ] GC(36) Pause Young (Allocation Failure) 415M->15M(8142M) 15.816ms
[36.504s][info][gc,cpu         ] GC(36) User=0.00s Sys=0.02s Real=0.02s
[37.205s][info][gc,start       ] GC(37) Pause Young (Allocation Failure)
[37.205s][info][gc,task        ] GC(37) Using 6 workers of 6 for evacuation
[37.223s][info][gc,heap        ] GC(37) ParNew: 409887K->781K(460096K)
[37.223s][info][gc,heap        ] GC(37) CMS: 15435K->15435K(7877440K)
[37.223s][info][gc,metaspace   ] GC(37) Metaspace: 58792K(68036K)->58792K(68036K) NonClass: 51091K(55952K)->51091K(55952K) Class: 7701K(12084K)->7701K(12084K)
[37.223s][info][gc             ] GC(37) Pause Young (Allocation Failure) 415M->15M(8142M) 17.629ms
[37.223s][info][gc,cpu         ] GC(37) User=0.02s Sys=0.00s Real=0.02s
[37.885s][info][gc,start       ] GC(38) Pause Young (Allocation Failure)
[37.885s][info][gc,task        ] GC(38) Using 6 workers of 6 for evacuation
[37.901s][info][gc,heap        ] GC(38) ParNew: 409805K->779K(460096K)
[37.901s][info][gc,heap        ] GC(38) CMS: 15435K->15435K(7877440K)
[37.901s][info][gc,metaspace   ] GC(38) Metaspace: 58799K(68036K)->58799K(68036K) NonClass: 51098K(55952K)->51098K(55952K) Class: 7701K(12084K)->7701K(12084K)
[37.901s][info][gc             ] GC(38) Pause Young (Allocation Failure) 415M->15M(8142M) 16.500ms
[37.901s][info][gc,cpu         ] GC(38) User=0.02s Sys=0.00s Real=0.02s
[38.576s][info][gc,start       ] GC(39) Pause Young (Allocation Failure)
[38.576s][info][gc,task        ] GC(39) Using 6 workers of 6 for evacuation
[38.593s][info][gc,heap        ] GC(39) ParNew: 409803K->846K(460096K)
[38.593s][info][gc,heap        ] GC(39) CMS: 15435K->15435K(7877440K)
[38.593s][info][gc,metaspace   ] GC(39) Metaspace: 58799K(68036K)->58799K(68036K) NonClass: 51098K(55952K)->51098K(55952K) Class: 7701K(12084K)->7701K(12084K)
[38.593s][info][gc             ] GC(39) Pause Young (Allocation Failure) 415M->15M(8142M) 17.103ms
[38.593s][info][gc,cpu         ] GC(39) User=0.02s Sys=0.00s Real=0.01s
[39.281s][info][gc,start       ] GC(40) Pause Young (Allocation Failure)
[39.281s][info][gc,task        ] GC(40) Using 6 workers of 6 for evacuation
[39.298s][info][gc,heap        ] GC(40) ParNew: 409870K->540K(460096K)
[39.298s][info][gc,heap        ] GC(40) CMS: 15435K->15814K(7877440K)
[39.298s][info][gc,metaspace   ] GC(40) Metaspace: 58812K(68036K)->58812K(68036K) NonClass: 51111K(55952K)->51111K(55952K) Class: 7701K(12084K)->7701K(12084K)
[39.298s][info][gc             ] GC(40) Pause Young (Allocation Failure) 415M->15M(8142M) 17.155ms
[39.298s][info][gc,cpu         ] GC(40) User=0.00s Sys=0.02s Real=0.02s
[39.319s][info][gc,start       ] GC(41) Pause Full (System.gc())
[39.320s][info][gc,phases,start] GC(41) Phase 1: Mark live objects
[39.343s][info][gc,phases      ] GC(41) Phase 1: Mark live objects 23.084ms
[39.343s][info][gc,phases,start] GC(41) Phase 2: Compute new object addresses
[39.349s][info][gc,phases      ] GC(41) Phase 2: Compute new object addresses 5.597ms
[39.349s][info][gc,phases,start] GC(41) Phase 3: Adjust pointers
[39.365s][info][gc,phases      ] GC(41) Phase 3: Adjust pointers 16.027ms
[39.365s][info][gc,phases,start] GC(41) Phase 4: Move objects
[39.366s][info][gc,phases      ] GC(41) Phase 4: Move objects 1.405ms
[39.371s][info][gc,heap        ] GC(41) ParNew: 9050K->0K(460096K)
[39.372s][info][gc,heap        ] GC(41) CMS: 15814K->15453K(7877440K)
[39.372s][info][gc,metaspace   ] GC(41) Metaspace: 58819K(68036K)->58819K(68036K) NonClass: 51118K(55952K)->51118K(55952K) Class: 7701K(12084K)->7701K(12084K)
[39.372s][info][gc             ] GC(41) Pause Full (System.gc()) 24M->15M(8142M) 52.936ms
[39.372s][info][gc,cpu         ] GC(41) User=0.06s Sys=0.00s Real=0.06s
[40.119s][info][gc,start       ] GC(42) Pause Young (Allocation Failure)
[40.119s][info][gc,task        ] GC(42) Using 6 workers of 6 for evacuation
[40.136s][info][gc,heap        ] GC(42) ParNew: 409024K->627K(460096K)
[40.136s][info][gc,heap        ] GC(42) CMS: 15453K->15453K(7877440K)
[40.136s][info][gc,metaspace   ] GC(42) Metaspace: 58855K(68036K)->58855K(68036K) NonClass: 51154K(55952K)->51154K(55952K) Class: 7701K(12084K)->7701K(12084K)
[40.136s][info][gc             ] GC(42) Pause Young (Allocation Failure) 414M->15M(8142M) 16.983ms
[40.136s][info][gc,cpu         ] GC(42) User=0.02s Sys=0.00s Real=0.02s
[40.794s][info][gc,start       ] GC(43) Pause Young (Allocation Failure)
[40.794s][info][gc,task        ] GC(43) Using 6 workers of 6 for evacuation
[40.812s][info][gc,heap        ] GC(43) ParNew: 409651K->855K(460096K)
[40.812s][info][gc,heap        ] GC(43) CMS: 15453K->15453K(7877440K)
[40.812s][info][gc,metaspace   ] GC(43) Metaspace: 58856K(68036K)->58856K(68036K) NonClass: 51154K(55952K)->51154K(55952K) Class: 7701K(12084K)->7701K(12084K)
[40.812s][info][gc             ] GC(43) Pause Young (Allocation Failure) 415M->15M(8142M) 17.677ms
[40.812s][info][gc,cpu         ] GC(43) User=0.02s Sys=0.00s Real=0.02s
[41.500s][info][gc,start       ] GC(44) Pause Young (Allocation Failure)
[41.500s][info][gc,task        ] GC(44) Using 6 workers of 6 for evacuation
[41.516s][info][gc,heap        ] GC(44) ParNew: 409879K->785K(460096K)
[41.516s][info][gc,heap        ] GC(44) CMS: 15453K->15453K(7877440K)
[41.516s][info][gc,metaspace   ] GC(44) Metaspace: 58856K(68036K)->58856K(68036K) NonClass: 51154K(55952K)->51154K(55952K) Class: 7701K(12084K)->7701K(12084K)
[41.516s][info][gc             ] GC(44) Pause Young (Allocation Failure) 415M->15M(8142M) 16.451ms
[41.516s][info][gc,cpu         ] GC(44) User=0.03s Sys=0.00s Real=0.02s
[42.187s][info][gc,start       ] GC(45) Pause Young (Allocation Failure)
[42.187s][info][gc,task        ] GC(45) Using 6 workers of 6 for evacuation
[42.204s][info][gc,heap        ] GC(45) ParNew: 409809K->783K(460096K)
[42.204s][info][gc,heap        ] GC(45) CMS: 15453K->15453K(7877440K)
[42.204s][info][gc,metaspace   ] GC(45) Metaspace: 58856K(68036K)->58856K(68036K) NonClass: 51154K(55952K)->51154K(55952K) Class: 7701K(12084K)->7701K(12084K)
[42.204s][info][gc             ] GC(45) Pause Young (Allocation Failure) 415M->15M(8142M) 16.747ms
[42.204s][info][gc,cpu         ] GC(45) User=0.00s Sys=0.00s Real=0.01s
[42.859s][info][gc,start       ] GC(46) Pause Young (Allocation Failure)
[42.859s][info][gc,task        ] GC(46) Using 6 workers of 6 for evacuation
[42.876s][info][gc,heap        ] GC(46) ParNew: 409807K->877K(460096K)
[42.876s][info][gc,heap        ] GC(46) CMS: 15453K->15453K(7877440K)
[42.876s][info][gc,metaspace   ] GC(46) Metaspace: 58856K(68036K)->58856K(68036K) NonClass: 51154K(55952K)->51154K(55952K) Class: 7701K(12084K)->7701K(12084K)
[42.876s][info][gc             ] GC(46) Pause Young (Allocation Failure) 415M->15M(8142M) 17.034ms
[42.876s][info][gc,cpu         ] GC(46) User=0.02s Sys=0.00s Real=0.02s
[43.545s][info][gc,start       ] GC(47) Pause Young (Allocation Failure)
[43.545s][info][gc,task        ] GC(47) Using 6 workers of 6 for evacuation
[43.562s][info][gc,heap        ] GC(47) ParNew: 409901K->905K(460096K)
[43.562s][info][gc,heap        ] GC(47) CMS: 15453K->15453K(7877440K)
[43.562s][info][gc,metaspace   ] GC(47) Metaspace: 58856K(68036K)->58856K(68036K) NonClass: 51155K(55952K)->51155K(55952K) Class: 7701K(12084K)->7701K(12084K)
[43.562s][info][gc             ] GC(47) Pause Young (Allocation Failure) 415M->15M(8142M) 16.883ms
[43.562s][info][gc,cpu         ] GC(47) User=0.02s Sys=0.00s Real=0.02s
[44.240s][info][gc,start       ] GC(48) Pause Young (Allocation Failure)
[44.240s][info][gc,task        ] GC(48) Using 6 workers of 6 for evacuation
[44.256s][info][gc,heap        ] GC(48) ParNew: 409929K->337K(460096K)
[44.256s][info][gc,heap        ] GC(48) CMS: 15453K->15793K(7877440K)
[44.256s][info][gc,metaspace   ] GC(48) Metaspace: 58864K(68036K)->58864K(68036K) NonClass: 51163K(55952K)->51163K(55952K) Class: 7701K(12084K)->7701K(12084K)
[44.256s][info][gc             ] GC(48) Pause Young (Allocation Failure) 415M->15M(8142M) 16.882ms
[44.256s][info][gc,cpu         ] GC(48) User=0.02s Sys=0.00s Real=0.02s
[44.266s][info][gc,start       ] GC(49) Pause Full (System.gc())
[44.267s][info][gc,phases,start] GC(49) Phase 1: Mark live objects
[44.290s][info][gc,phases      ] GC(49) Phase 1: Mark live objects 23.016ms
[44.290s][info][gc,phases,start] GC(49) Phase 2: Compute new object addresses
[44.295s][info][gc,phases      ] GC(49) Phase 2: Compute new object addresses 5.253ms
[44.295s][info][gc,phases,start] GC(49) Phase 3: Adjust pointers
[44.312s][info][gc,phases      ] GC(49) Phase 3: Adjust pointers 16.238ms
[44.312s][info][gc,phases,start] GC(49) Phase 4: Move objects
[44.313s][info][gc,phases      ] GC(49) Phase 4: Move objects 1.433ms
[44.318s][info][gc,heap        ] GC(49) ParNew: 7139K->0K(460096K)
[44.318s][info][gc,heap        ] GC(49) CMS: 15793K->15430K(7877440K)
[44.318s][info][gc,metaspace   ] GC(49) Metaspace: 58873K(68036K)->58873K(68036K) NonClass: 51171K(55952K)->51171K(55952K) Class: 7701K(12084K)->7701K(12084K)
[44.319s][info][gc             ] GC(49) Pause Full (System.gc()) 22M->15M(8142M) 52.383ms
[44.319s][info][gc,cpu         ] GC(49) User=0.06s Sys=0.00s Real=0.06s
[45.025s][info][gc,start       ] GC(50) Pause Young (Allocation Failure)
[45.025s][info][gc,task        ] GC(50) Using 6 workers of 6 for evacuation
[45.042s][info][gc,heap        ] GC(50) ParNew: 409024K->536K(460096K)
[45.042s][info][gc,heap        ] GC(50) CMS: 15430K->15430K(7877440K)
[45.042s][info][gc,metaspace   ] GC(50) Metaspace: 58910K(68036K)->58910K(68036K) NonClass: 51208K(55952K)->51208K(55952K) Class: 7701K(12084K)->7701K(12084K)
[45.042s][info][gc             ] GC(50) Pause Young (Allocation Failure) 414M->15M(8142M) 16.708ms
[45.042s][info][gc,cpu         ] GC(50) User=0.02s Sys=0.00s Real=0.02s
[45.718s][info][gc,start       ] GC(51) Pause Young (Allocation Failure)
[45.718s][info][gc,task        ] GC(51) Using 6 workers of 6 for evacuation
[45.735s][info][gc,heap        ] GC(51) ParNew: 409560K->597K(460096K)
[45.735s][info][gc,heap        ] GC(51) CMS: 15430K->15430K(7877440K)
[45.735s][info][gc,metaspace   ] GC(51) Metaspace: 58910K(68036K)->58910K(68036K) NonClass: 51209K(55952K)->51209K(55952K) Class: 7701K(12084K)->7701K(12084K)
[45.735s][info][gc             ] GC(51) Pause Young (Allocation Failure) 415M->15M(8142M) 16.857ms
[45.735s][info][gc,cpu         ] GC(51) User=0.02s Sys=0.00s Real=0.02s
[46.411s][info][gc,start       ] GC(52) Pause Young (Allocation Failure)
[46.411s][info][gc,task        ] GC(52) Using 6 workers of 6 for evacuation
[46.428s][info][gc,heap        ] GC(52) ParNew: 409621K->794K(460096K)
[46.428s][info][gc,heap        ] GC(52) CMS: 15430K->15430K(7877440K)
[46.428s][info][gc,metaspace   ] GC(52) Metaspace: 58910K(68036K)->58910K(68036K) NonClass: 51209K(55952K)->51209K(55952K) Class: 7701K(12084K)->7701K(12084K)
[46.428s][info][gc             ] GC(52) Pause Young (Allocation Failure) 415M->15M(8142M) 16.979ms
[46.428s][info][gc,cpu         ] GC(52) User=0.02s Sys=0.00s Real=0.02s
[47.085s][info][gc,start       ] GC(53) Pause Young (Allocation Failure)
[47.085s][info][gc,task        ] GC(53) Using 6 workers of 6 for evacuation
[47.102s][info][gc,heap        ] GC(53) ParNew: 409818K->825K(460096K)
[47.103s][info][gc,heap        ] GC(53) CMS: 15430K->15430K(7877440K)
[47.103s][info][gc,metaspace   ] GC(53) Metaspace: 58911K(68036K)->58911K(68036K) NonClass: 51210K(55952K)->51210K(55952K) Class: 7701K(12084K)->7701K(12084K)
[47.103s][info][gc             ] GC(53) Pause Young (Allocation Failure) 415M->15M(8142M) 17.230ms
[47.103s][info][gc,cpu         ] GC(53) User=0.02s Sys=0.00s Real=0.02s
[47.773s][info][gc,start       ] GC(54) Pause Young (Allocation Failure)
[47.773s][info][gc,task        ] GC(54) Using 6 workers of 6 for evacuation
[47.789s][info][gc,heap        ] GC(54) ParNew: 409849K->848K(460096K)
[47.789s][info][gc,heap        ] GC(54) CMS: 15430K->15430K(7877440K)
[47.789s][info][gc,metaspace   ] GC(54) Metaspace: 58911K(68036K)->58911K(68036K) NonClass: 51210K(55952K)->51210K(55952K) Class: 7701K(12084K)->7701K(12084K)
[47.789s][info][gc             ] GC(54) Pause Young (Allocation Failure) 415M->15M(8142M) 16.652ms
[47.789s][info][gc,cpu         ] GC(54) User=0.02s Sys=0.00s Real=0.01s
[48.462s][info][gc,start       ] GC(55) Pause Young (Allocation Failure)
[48.462s][info][gc,task        ] GC(55) Using 6 workers of 6 for evacuation
[48.479s][info][gc,heap        ] GC(55) ParNew: 409872K->880K(460096K)
[48.479s][info][gc,heap        ] GC(55) CMS: 15430K->15430K(7877440K)
[48.479s][info][gc,metaspace   ] GC(55) Metaspace: 58911K(68036K)->58911K(68036K) NonClass: 51210K(55952K)->51210K(55952K) Class: 7701K(12084K)->7701K(12084K)
[48.479s][info][gc             ] GC(55) Pause Young (Allocation Failure) 415M->15M(8142M) 17.083ms
[48.479s][info][gc,cpu         ] GC(55) User=0.02s Sys=0.00s Real=0.01s
[49.172s][info][gc,start       ] GC(56) Pause Young (Allocation Failure)
[49.172s][info][gc,task        ] GC(56) Using 6 workers of 6 for evacuation
[49.189s][info][gc,heap        ] GC(56) ParNew: 409904K->320K(460096K)
[49.189s][info][gc,heap        ] GC(56) CMS: 15430K->15714K(7877440K)
[49.189s][info][gc,metaspace   ] GC(56) Metaspace: 58914K(68036K)->58914K(68036K) NonClass: 51213K(55952K)->51213K(55952K) Class: 7701K(12084K)->7701K(12084K)
[49.189s][info][gc             ] GC(56) Pause Young (Allocation Failure) 415M->15M(8142M) 17.567ms
[49.189s][info][gc,cpu         ] GC(56) User=0.02s Sys=0.00s Real=0.02s
[49.200s][info][gc,start       ] GC(57) Pause Full (System.gc())
[49.200s][info][gc,phases,start] GC(57) Phase 1: Mark live objects
[49.223s][info][gc,phases      ] GC(57) Phase 1: Mark live objects 22.486ms
[49.223s][info][gc,phases,start] GC(57) Phase 2: Compute new object addresses
[49.228s][info][gc,phases      ] GC(57) Phase 2: Compute new object addresses 5.424ms
[49.228s][info][gc,phases,start] GC(57) Phase 3: Adjust pointers
[49.245s][info][gc,phases      ] GC(57) Phase 3: Adjust pointers 16.314ms
[49.245s][info][gc,phases,start] GC(57) Phase 4: Move objects
[49.246s][info][gc,phases      ] GC(57) Phase 4: Move objects 1.338ms
[49.251s][info][gc,heap        ] GC(57) ParNew: 5880K->0K(460096K)
[49.251s][info][gc,heap        ] GC(57) CMS: 15714K->15433K(7877440K)
[49.251s][info][gc,metaspace   ] GC(57) Metaspace: 58920K(68036K)->58920K(68036K) NonClass: 51219K(55952K)->51219K(55952K) Class: 7701K(12084K)->7701K(12084K)
[49.252s][info][gc             ] GC(57) Pause Full (System.gc()) 21M->15M(8142M) 52.384ms
[49.252s][info][gc,cpu         ] GC(57) User=0.05s Sys=0.00s Real=0.05s
[49.954s][info][gc,start       ] GC(58) Pause Young (Allocation Failure)
[49.954s][info][gc,task        ] GC(58) Using 6 workers of 6 for evacuation
[49.971s][info][gc,heap        ] GC(58) ParNew: 409024K->558K(460096K)
[49.971s][info][gc,heap        ] GC(58) CMS: 15433K->15433K(7877440K)
[49.971s][info][gc,metaspace   ] GC(58) Metaspace: 58951K(68036K)->58951K(68036K) NonClass: 51249K(55952K)->51249K(55952K) Class: 7701K(12084K)->7701K(12084K)
[49.971s][info][gc             ] GC(58) Pause Young (Allocation Failure) 414M->15M(8142M) 17.373ms
[49.971s][info][gc,cpu         ] GC(58) User=0.02s Sys=0.00s Real=0.01s
[50.641s][info][gc,start       ] GC(59) Pause Young (Allocation Failure)
[50.641s][info][gc,task        ] GC(59) Using 6 workers of 6 for evacuation
[50.660s][info][gc,heap        ] GC(59) ParNew: 409582K->755K(460096K)
[50.660s][info][gc,heap        ] GC(59) CMS: 15433K->15433K(7877440K)
[50.660s][info][gc,metaspace   ] GC(59) Metaspace: 58951K(68036K)->58951K(68036K) NonClass: 51249K(55952K)->51249K(55952K) Class: 7701K(12084K)->7701K(12084K)
[50.660s][info][gc             ] GC(59) Pause Young (Allocation Failure) 415M->15M(8142M) 18.328ms
[50.660s][info][gc,cpu         ] GC(59) User=0.02s Sys=0.00s Real=0.03s
[51.346s][info][gc,start       ] GC(60) Pause Young (Allocation Failure)
[51.346s][info][gc,task        ] GC(60) Using 6 workers of 6 for evacuation
[51.363s][info][gc,heap        ] GC(60) ParNew: 409779K->722K(460096K)
[51.363s][info][gc,heap        ] GC(60) CMS: 15433K->15433K(7877440K)
[51.363s][info][gc,metaspace   ] GC(60) Metaspace: 58951K(68036K)->58951K(68036K) NonClass: 51249K(55952K)->51249K(55952K) Class: 7701K(12084K)->7701K(12084K)
[51.363s][info][gc             ] GC(60) Pause Young (Allocation Failure) 415M->15M(8142M) 16.883ms
[51.363s][info][gc,cpu         ] GC(60) User=0.00s Sys=0.00s Real=0.02s
[52.025s][info][gc,start       ] GC(61) Pause Young (Allocation Failure)
[52.025s][info][gc,task        ] GC(61) Using 6 workers of 6 for evacuation
[52.042s][info][gc,heap        ] GC(61) ParNew: 409746K->768K(460096K)
[52.042s][info][gc,heap        ] GC(61) CMS: 15433K->15433K(7877440K)
[52.042s][info][gc,metaspace   ] GC(61) Metaspace: 58952K(68292K)->58952K(68292K) NonClass: 51251K(56208K)->51251K(56208K) Class: 7701K(12084K)->7701K(12084K)
[52.042s][info][gc             ] GC(61) Pause Young (Allocation Failure) 415M->15M(8142M) 17.232ms
[52.042s][info][gc,cpu         ] GC(61) User=0.02s Sys=0.00s Real=0.02s
[52.715s][info][gc,start       ] GC(62) Pause Young (Allocation Failure)
[52.715s][info][gc,task        ] GC(62) Using 6 workers of 6 for evacuation
[52.732s][info][gc,heap        ] GC(62) ParNew: 409792K->776K(460096K)
[52.732s][info][gc,heap        ] GC(62) CMS: 15433K->15433K(7877440K)
[52.732s][info][gc,metaspace   ] GC(62) Metaspace: 58952K(68292K)->58952K(68292K) NonClass: 51251K(56208K)->51251K(56208K) Class: 7701K(12084K)->7701K(12084K)
[52.732s][info][gc             ] GC(62) Pause Young (Allocation Failure) 415M->15M(8142M) 17.913ms
[52.732s][info][gc,cpu         ] GC(62) User=0.02s Sys=0.00s Real=0.02s
[53.399s][info][gc,start       ] GC(63) Pause Young (Allocation Failure)
[53.399s][info][gc,task        ] GC(63) Using 6 workers of 6 for evacuation
[53.416s][info][gc,heap        ] GC(63) ParNew: 409800K->853K(460096K)
[53.416s][info][gc,heap        ] GC(63) CMS: 15433K->15433K(7877440K)
[53.416s][info][gc,metaspace   ] GC(63) Metaspace: 58952K(68292K)->58952K(68292K) NonClass: 51251K(56208K)->51251K(56208K) Class: 7701K(12084K)->7701K(12084K)
[53.416s][info][gc             ] GC(63) Pause Young (Allocation Failure) 415M->15M(8142M) 17.061ms
[53.416s][info][gc,cpu         ] GC(63) User=0.02s Sys=0.00s Real=0.02s
[54.092s][info][gc,start       ] GC(64) Pause Young (Allocation Failure)
[54.092s][info][gc,task        ] GC(64) Using 6 workers of 6 for evacuation
[54.122s][info][gc,heap        ] GC(64) ParNew: 409877K->539K(460096K)
[54.122s][info][gc,heap        ] GC(64) CMS: 15433K->15628K(7877440K)
[54.122s][info][gc,metaspace   ] GC(64) Metaspace: 58957K(68292K)->58957K(68292K) NonClass: 51255K(56208K)->51255K(56208K) Class: 7701K(12084K)->7701K(12084K)
[54.122s][info][gc             ] GC(64) Pause Young (Allocation Failure) 415M->15M(8142M) 29.906ms
[54.122s][info][gc,cpu         ] GC(64) User=0.03s Sys=0.00s Real=0.03s
[54.122s][info][gc,start       ] GC(65) Pause Full (System.gc())
[54.123s][info][gc,phases,start] GC(65) Phase 1: Mark live objects
[54.144s][info][gc,phases      ] GC(65) Phase 1: Mark live objects 20.563ms
[54.144s][info][gc,phases,start] GC(65) Phase 2: Compute new object addresses
[54.148s][info][gc,phases      ] GC(65) Phase 2: Compute new object addresses 4.466ms
[54.149s][info][gc,phases,start] GC(65) Phase 3: Adjust pointers
[54.164s][info][gc,phases      ] GC(65) Phase 3: Adjust pointers 15.687ms
[54.164s][info][gc,phases,start] GC(65) Phase 4: Move objects
[54.165s][info][gc,phases      ] GC(65) Phase 4: Move objects 0.972ms
[54.170s][info][gc,heap        ] GC(65) ParNew: 1739K->0K(460096K)
[54.170s][info][gc,heap        ] GC(65) CMS: 15628K->15448K(7877440K)
[54.170s][info][gc,metaspace   ] GC(65) Metaspace: 58957K(68292K)->58957K(68292K) NonClass: 51255K(56208K)->51255K(56208K) Class: 7701K(12084K)->7701K(12084K)
[54.171s][info][gc             ] GC(65) Pause Full (System.gc()) 16M->15M(8142M) 48.487ms
[54.171s][info][gc,cpu         ] GC(65) User=0.00s Sys=0.00s Real=0.05s
[54.869s][info][gc,start       ] GC(66) Pause Young (Allocation Failure)
[54.869s][info][gc,task        ] GC(66) Using 6 workers of 6 for evacuation
[54.885s][info][gc,heap        ] GC(66) ParNew: 409024K->620K(460096K)
[54.885s][info][gc,heap        ] GC(66) CMS: 15448K->15448K(7877440K)
[54.885s][info][gc,metaspace   ] GC(66) Metaspace: 58984K(68292K)->58984K(68292K) NonClass: 51283K(56208K)->51283K(56208K) Class: 7701K(12084K)->7701K(12084K)
[54.885s][info][gc             ] GC(66) Pause Young (Allocation Failure) 414M->15M(8142M) 16.685ms
[54.885s][info][gc,cpu         ] GC(66) User=0.02s Sys=0.00s Real=0.02s
[55.564s][info][gc,start       ] GC(67) Pause Young (Allocation Failure)
[55.564s][info][gc,task        ] GC(67) Using 6 workers of 6 for evacuation
[55.581s][info][gc,heap        ] GC(67) ParNew: 409644K->735K(460096K)
[55.581s][info][gc,heap        ] GC(67) CMS: 15448K->15448K(7877440K)
[55.581s][info][gc,metaspace   ] GC(67) Metaspace: 58984K(68292K)->58984K(68292K) NonClass: 51283K(56208K)->51283K(56208K) Class: 7701K(12084K)->7701K(12084K)
[55.581s][info][gc             ] GC(67) Pause Young (Allocation Failure) 415M->15M(8142M) 17.113ms
[55.581s][info][gc,cpu         ] GC(67) User=0.02s Sys=0.00s Real=0.01s
[56.264s][info][gc,start       ] GC(68) Pause Young (Allocation Failure)
[56.264s][info][gc,task        ] GC(68) Using 6 workers of 6 for evacuation
[56.281s][info][gc,heap        ] GC(68) ParNew: 409759K->926K(460096K)
[56.281s][info][gc,heap        ] GC(68) CMS: 15448K->15448K(7877440K)
[56.281s][info][gc,metaspace   ] GC(68) Metaspace: 58984K(68292K)->58984K(68292K) NonClass: 51283K(56208K)->51283K(56208K) Class: 7701K(12084K)->7701K(12084K)
[56.281s][info][gc             ] GC(68) Pause Young (Allocation Failure) 415M->15M(8142M) 17.075ms
[56.281s][info][gc,cpu         ] GC(68) User=0.02s Sys=0.00s Real=0.02s
[56.946s][info][gc,start       ] GC(69) Pause Young (Allocation Failure)
[56.947s][info][gc,task        ] GC(69) Using 6 workers of 6 for evacuation
[56.963s][info][gc,heap        ] GC(69) ParNew: 409950K->738K(460096K)
[56.963s][info][gc,heap        ] GC(69) CMS: 15448K->15448K(7877440K)
[56.963s][info][gc,metaspace   ] GC(69) Metaspace: 58985K(68292K)->58985K(68292K) NonClass: 51284K(56208K)->51284K(56208K) Class: 7701K(12084K)->7701K(12084K)
[56.963s][info][gc             ] GC(69) Pause Young (Allocation Failure) 415M->15M(8142M) 16.511ms
[56.963s][info][gc,cpu         ] GC(69) User=0.02s Sys=0.00s Real=0.01s
[57.638s][info][gc,start       ] GC(70) Pause Young (Allocation Failure)
[57.638s][info][gc,task        ] GC(70) Using 6 workers of 6 for evacuation
[57.655s][info][gc,heap        ] GC(70) ParNew: 409762K->798K(460096K)
[57.655s][info][gc,heap        ] GC(70) CMS: 15448K->15448K(7877440K)
[57.655s][info][gc,metaspace   ] GC(70) Metaspace: 58985K(68292K)->58985K(68292K) NonClass: 51284K(56208K)->51284K(56208K) Class: 7701K(12084K)->7701K(12084K)
[57.655s][info][gc             ] GC(70) Pause Young (Allocation Failure) 415M->15M(8142M) 17.032ms
[57.655s][info][gc,cpu         ] GC(70) User=0.02s Sys=0.00s Real=0.01s
[58.334s][info][gc,start       ] GC(71) Pause Young (Allocation Failure)
[58.334s][info][gc,task        ] GC(71) Using 6 workers of 6 for evacuation
[58.351s][info][gc,heap        ] GC(71) ParNew: 409822K->765K(460096K)
[58.351s][info][gc,heap        ] GC(71) CMS: 15448K->15448K(7877440K)
[58.351s][info][gc,metaspace   ] GC(71) Metaspace: 58986K(68292K)->58986K(68292K) NonClass: 51284K(56208K)->51284K(56208K) Class: 7701K(12084K)->7701K(12084K)
[58.351s][info][gc             ] GC(71) Pause Young (Allocation Failure) 415M->15M(8142M) 16.326ms
[58.351s][info][gc,cpu         ] GC(71) User=0.02s Sys=0.00s Real=0.02s
[59.041s][info][gc,start       ] GC(72) Pause Young (Allocation Failure)
[59.041s][info][gc,task        ] GC(72) Using 6 workers of 6 for evacuation
[59.057s][info][gc,heap        ] GC(72) ParNew: 409789K->506K(460096K)
[59.057s][info][gc,heap        ] GC(72) CMS: 15448K->15695K(7877440K)
[59.057s][info][gc,metaspace   ] GC(72) Metaspace: 58998K(68292K)->58998K(68292K) NonClass: 51297K(56208K)->51297K(56208K) Class: 7701K(12084K)->7701K(12084K)
[59.057s][info][gc             ] GC(72) Pause Young (Allocation Failure) 415M->15M(8142M) 15.825ms
[59.057s][info][gc,cpu         ] GC(72) User=0.02s Sys=0.00s Real=0.02s
[59.061s][info][gc,start       ] GC(73) Pause Full (System.gc())
[59.062s][info][gc,phases,start] GC(73) Phase 1: Mark live objects
[59.084s][info][gc,phases      ] GC(73) Phase 1: Mark live objects 21.941ms
[59.084s][info][gc,phases,start] GC(73) Phase 2: Compute new object addresses
[59.089s][info][gc,phases      ] GC(73) Phase 2: Compute new object addresses 4.761ms
[59.089s][info][gc,phases,start] GC(73) Phase 3: Adjust pointers
[59.105s][info][gc,phases      ] GC(73) Phase 3: Adjust pointers 15.982ms
[59.105s][info][gc,phases,start] GC(73) Phase 4: Move objects
[59.106s][info][gc,phases      ] GC(73) Phase 4: Move objects 1.315ms
[59.112s][info][gc,heap        ] GC(73) ParNew: 4073K->0K(460096K)
[59.112s][info][gc,heap        ] GC(73) CMS: 15695K->15439K(7877440K)
[59.112s][info][gc,metaspace   ] GC(73) Metaspace: 59001K(68292K)->59001K(68292K) NonClass: 51299K(56208K)->51299K(56208K) Class: 7701K(12084K)->7701K(12084K)
[59.113s][info][gc             ] GC(73) Pause Full (System.gc()) 19M->15M(8142M) 52.146ms
[59.113s][info][gc,cpu         ] GC(73) User=0.05s Sys=0.00s Real=0.05s
[59.809s][info][gc,start       ] GC(74) Pause Young (Allocation Failure)
[59.809s][info][gc,task        ] GC(74) Using 6 workers of 6 for evacuation
[59.825s][info][gc,heap        ] GC(74) ParNew: 409024K->638K(460096K)
[59.825s][info][gc,heap        ] GC(74) CMS: 15439K->15439K(7877440K)
[59.825s][info][gc,metaspace   ] GC(74) Metaspace: 59039K(68292K)->59039K(68292K) NonClass: 51338K(56208K)->51338K(56208K) Class: 7701K(12084K)->7701K(12084K)
[59.825s][info][gc             ] GC(74) Pause Young (Allocation Failure) 414M->15M(8142M) 16.826ms
[59.825s][info][gc,cpu         ] GC(74) User=0.02s Sys=0.00s Real=0.02s
[60.499s][info][gc,start       ] GC(75) Pause Young (Allocation Failure)
[60.499s][info][gc,task        ] GC(75) Using 6 workers of 6 for evacuation
[60.515s][info][gc,heap        ] GC(75) ParNew: 409662K->746K(460096K)
[60.515s][info][gc,heap        ] GC(75) CMS: 15439K->15439K(7877440K)
[60.515s][info][gc,metaspace   ] GC(75) Metaspace: 59045K(68292K)->59045K(68292K) NonClass: 51344K(56208K)->51344K(56208K) Class: 7701K(12084K)->7701K(12084K)
[60.515s][info][gc             ] GC(75) Pause Young (Allocation Failure) 415M->15M(8142M) 16.462ms
[60.515s][info][gc,cpu         ] GC(75) User=0.02s Sys=0.00s Real=0.02s
[61.188s][info][gc,start       ] GC(76) Pause Young (Allocation Failure)
[61.188s][info][gc,task        ] GC(76) Using 6 workers of 6 for evacuation
[61.205s][info][gc,heap        ] GC(76) ParNew: 409770K->728K(460096K)
[61.205s][info][gc,heap        ] GC(76) CMS: 15439K->15439K(7877440K)
[61.205s][info][gc,metaspace   ] GC(76) Metaspace: 59045K(68292K)->59045K(68292K) NonClass: 51344K(56208K)->51344K(56208K) Class: 7701K(12084K)->7701K(12084K)
[61.205s][info][gc             ] GC(76) Pause Young (Allocation Failure) 415M->15M(8142M) 16.827ms
[61.205s][info][gc,cpu         ] GC(76) User=0.02s Sys=0.00s Real=0.02s
[61.865s][info][gc,start       ] GC(77) Pause Young (Allocation Failure)
[61.866s][info][gc,task        ] GC(77) Using 6 workers of 6 for evacuation
[61.883s][info][gc,heap        ] GC(77) ParNew: 409752K->822K(460096K)
[61.883s][info][gc,heap        ] GC(77) CMS: 15439K->15439K(7877440K)
[61.883s][info][gc,metaspace   ] GC(77) Metaspace: 59046K(68292K)->59046K(68292K) NonClass: 51345K(56208K)->51345K(56208K) Class: 7701K(12084K)->7701K(12084K)
[61.883s][info][gc             ] GC(77) Pause Young (Allocation Failure) 415M->15M(8142M) 17.508ms
[61.883s][info][gc,cpu         ] GC(77) User=0.00s Sys=0.02s Real=0.02s
[62.553s][info][gc,start       ] GC(78) Pause Young (Allocation Failure)
[62.553s][info][gc,task        ] GC(78) Using 6 workers of 6 for evacuation
[62.570s][info][gc,heap        ] GC(78) ParNew: 409846K->858K(460096K)
[62.570s][info][gc,heap        ] GC(78) CMS: 15439K->15439K(7877440K)
[62.570s][info][gc,metaspace   ] GC(78) Metaspace: 59046K(68292K)->59046K(68292K) NonClass: 51345K(56208K)->51345K(56208K) Class: 7701K(12084K)->7701K(12084K)
[62.570s][info][gc             ] GC(78) Pause Young (Allocation Failure) 415M->15M(8142M) 16.980ms
[62.570s][info][gc,cpu         ] GC(78) User=0.02s Sys=0.00s Real=0.02s
[63.240s][info][gc,start       ] GC(79) Pause Young (Allocation Failure)
[63.240s][info][gc,task        ] GC(79) Using 6 workers of 6 for evacuation
[63.256s][info][gc,heap        ] GC(79) ParNew: 409882K->872K(460096K)
[63.256s][info][gc,heap        ] GC(79) CMS: 15439K->15439K(7877440K)
[63.256s][info][gc,metaspace   ] GC(79) Metaspace: 59046K(68292K)->59046K(68292K) NonClass: 51345K(56208K)->51345K(56208K) Class: 7701K(12084K)->7701K(12084K)
[63.256s][info][gc             ] GC(79) Pause Young (Allocation Failure) 415M->15M(8142M) 16.457ms
[63.256s][info][gc,cpu         ] GC(79) User=0.02s Sys=0.00s Real=0.02s
[63.931s][info][gc,start       ] GC(80) Pause Young (Allocation Failure)
[63.931s][info][gc,task        ] GC(80) Using 6 workers of 6 for evacuation
[63.947s][info][gc,heap        ] GC(80) ParNew: 409896K->324K(460096K)
[63.947s][info][gc,heap        ] GC(80) CMS: 15439K->15682K(7877440K)
[63.947s][info][gc,metaspace   ] GC(80) Metaspace: 59062K(68292K)->59062K(68292K) NonClass: 51361K(56208K)->51361K(56208K) Class: 7701K(12084K)->7701K(12084K)
[63.947s][info][gc             ] GC(80) Pause Young (Allocation Failure) 415M->15M(8142M) 15.910ms
[63.947s][info][gc,cpu         ] GC(80) User=0.02s Sys=0.00s Real=0.02s
[63.958s][info][gc,start       ] GC(81) Pause Full (System.gc())
[63.959s][info][gc,phases,start] GC(81) Phase 1: Mark live objects
[63.983s][info][gc,phases      ] GC(81) Phase 1: Mark live objects 23.557ms
[63.983s][info][gc,phases,start] GC(81) Phase 2: Compute new object addresses
[63.988s][info][gc,phases      ] GC(81) Phase 2: Compute new object addresses 5.190ms
[63.988s][info][gc,phases,start] GC(81) Phase 3: Adjust pointers
[64.004s][info][gc,phases      ] GC(81) Phase 3: Adjust pointers 16.274ms
[64.005s][info][gc,phases,start] GC(81) Phase 4: Move objects
[64.005s][info][gc,phases      ] GC(81) Phase 4: Move objects 0.639ms
[64.010s][info][gc,heap        ] GC(81) ParNew: 5197K->0K(460096K)
[64.010s][info][gc,heap        ] GC(81) CMS: 15682K->15483K(7877440K)
[64.010s][info][gc,metaspace   ] GC(81) Metaspace: 59063K(68292K)->59063K(68292K) NonClass: 51361K(56208K)->51361K(56208K) Class: 7701K(12084K)->7701K(12084K)
[64.011s][info][gc             ] GC(81) Pause Full (System.gc()) 20M->15M(8142M) 52.709ms
[64.011s][info][gc,cpu         ] GC(81) User=0.06s Sys=0.00s Real=0.06s
[64.710s][info][gc,start       ] GC(82) Pause Young (Allocation Failure)
[64.710s][info][gc,task        ] GC(82) Using 6 workers of 6 for evacuation
[64.726s][info][gc,heap        ] GC(82) ParNew: 409024K->581K(460096K)
[64.726s][info][gc,heap        ] GC(82) CMS: 15483K->15483K(7877440K)
[64.726s][info][gc,metaspace   ] GC(82) Metaspace: 59088K(68292K)->59088K(68292K) NonClass: 51386K(56208K)->51386K(56208K) Class: 7701K(12084K)->7701K(12084K)
[64.726s][info][gc             ] GC(82) Pause Young (Allocation Failure) 414M->15M(8142M) 16.368ms
[64.726s][info][gc,cpu         ] GC(82) User=0.02s Sys=0.00s Real=0.01s
[65.399s][info][gc,start       ] GC(83) Pause Young (Allocation Failure)
[65.399s][info][gc,task        ] GC(83) Using 6 workers of 6 for evacuation
[65.416s][info][gc,heap        ] GC(83) ParNew: 409605K->815K(460096K)
[65.416s][info][gc,heap        ] GC(83) CMS: 15483K->15483K(7877440K)
[65.416s][info][gc,metaspace   ] GC(83) Metaspace: 59088K(68292K)->59088K(68292K) NonClass: 51386K(56208K)->51386K(56208K) Class: 7701K(12084K)->7701K(12084K)
[65.416s][info][gc             ] GC(83) Pause Young (Allocation Failure) 415M->15M(8142M) 17.077ms
[65.416s][info][gc,cpu         ] GC(83) User=0.02s Sys=0.00s Real=0.02s
[66.080s][info][gc,start       ] GC(84) Pause Young (Allocation Failure)
[66.080s][info][gc,task        ] GC(84) Using 6 workers of 6 for evacuation
[66.097s][info][gc,heap        ] GC(84) ParNew: 409839K->751K(460096K)
[66.097s][info][gc,heap        ] GC(84) CMS: 15483K->15483K(7877440K)
[66.097s][info][gc,metaspace   ] GC(84) Metaspace: 59088K(68292K)->59088K(68292K) NonClass: 51386K(56208K)->51386K(56208K) Class: 7701K(12084K)->7701K(12084K)
[66.097s][info][gc             ] GC(84) Pause Young (Allocation Failure) 415M->15M(8142M) 17.161ms
[66.097s][info][gc,cpu         ] GC(84) User=0.02s Sys=0.00s Real=0.02s
[66.767s][info][gc,start       ] GC(85) Pause Young (Allocation Failure)
[66.767s][info][gc,task        ] GC(85) Using 6 workers of 6 for evacuation
[66.784s][info][gc,heap        ] GC(85) ParNew: 409775K->837K(460096K)
[66.784s][info][gc,heap        ] GC(85) CMS: 15483K->15483K(7877440K)
[66.784s][info][gc,metaspace   ] GC(85) Metaspace: 59088K(68292K)->59088K(68292K) NonClass: 51386K(56208K)->51386K(56208K) Class: 7701K(12084K)->7701K(12084K)
[66.784s][info][gc             ] GC(85) Pause Young (Allocation Failure) 415M->15M(8142M) 16.682ms
[66.784s][info][gc,cpu         ] GC(85) User=0.00s Sys=0.00s Real=0.01s
[67.457s][info][gc,start       ] GC(86) Pause Young (Allocation Failure)
[67.457s][info][gc,task        ] GC(86) Using 6 workers of 6 for evacuation
[67.474s][info][gc,heap        ] GC(86) ParNew: 409861K->812K(460096K)
[67.474s][info][gc,heap        ] GC(86) CMS: 15483K->15483K(7877440K)
[67.474s][info][gc,metaspace   ] GC(86) Metaspace: 59088K(68292K)->59088K(68292K) NonClass: 51386K(56208K)->51386K(56208K) Class: 7701K(12084K)->7701K(12084K)
[67.474s][info][gc             ] GC(86) Pause Young (Allocation Failure) 415M->15M(8142M) 17.019ms
[67.474s][info][gc,cpu         ] GC(86) User=0.02s Sys=0.00s Real=0.02s
[68.144s][info][gc,start       ] GC(87) Pause Young (Allocation Failure)
[68.144s][info][gc,task        ] GC(87) Using 6 workers of 6 for evacuation
[68.161s][info][gc,heap        ] GC(87) ParNew: 409836K->911K(460096K)
[68.161s][info][gc,heap        ] GC(87) CMS: 15483K->15483K(7877440K)
[68.161s][info][gc,metaspace   ] GC(87) Metaspace: 59088K(68292K)->59088K(68292K) NonClass: 51386K(56208K)->51386K(56208K) Class: 7701K(12084K)->7701K(12084K)
[68.161s][info][gc             ] GC(87) Pause Young (Allocation Failure) 415M->16M(8142M) 17.070ms
[68.161s][info][gc,cpu         ] GC(87) User=0.05s Sys=0.00s Real=0.03s
[68.858s][info][gc,start       ] GC(88) Pause Young (Allocation Failure)
[68.858s][info][gc,task        ] GC(88) Using 6 workers of 6 for evacuation
[68.876s][info][gc,heap        ] GC(88) ParNew: 409935K->331K(460096K)
[68.876s][info][gc,heap        ] GC(88) CMS: 15483K->15766K(7877440K)
[68.876s][info][gc,metaspace   ] GC(88) Metaspace: 59110K(68292K)->59110K(68292K) NonClass: 51409K(56208K)->51409K(56208K) Class: 7701K(12084K)->7701K(12084K)
[68.876s][info][gc             ] GC(88) Pause Young (Allocation Failure) 415M->15M(8142M) 18.246ms
[68.876s][info][gc,cpu         ] GC(88) User=0.02s Sys=0.00s Real=0.02s
[68.877s][info][gc,start       ] GC(89) Pause Full (System.gc())
[68.878s][info][gc,phases,start] GC(89) Phase 1: Mark live objects
[68.900s][info][gc,phases      ] GC(89) Phase 1: Mark live objects 22.110ms
[68.900s][info][gc,phases,start] GC(89) Phase 2: Compute new object addresses
[68.905s][info][gc,phases      ] GC(89) Phase 2: Compute new object addresses 4.544ms
[68.905s][info][gc,phases,start] GC(89) Phase 3: Adjust pointers
[68.921s][info][gc,phases      ] GC(89) Phase 3: Adjust pointers 15.809ms
[68.921s][info][gc,phases,start] GC(89) Phase 4: Move objects
[68.921s][info][gc,phases      ] GC(89) Phase 4: Move objects 0.626ms
[68.926s][info][gc,heap        ] GC(89) ParNew: 2118K->0K(460096K)
[68.926s][info][gc,heap        ] GC(89) CMS: 15766K->15469K(7877440K)
[68.926s][info][gc,metaspace   ] GC(89) Metaspace: 59110K(68292K)->59110K(68292K) NonClass: 51409K(56208K)->51409K(56208K) Class: 7701K(12084K)->7701K(12084K)
[68.927s][info][gc             ] GC(89) Pause Full (System.gc()) 17M->15M(8142M) 49.898ms
[68.927s][info][gc,cpu         ] GC(89) User=0.00s Sys=0.00s Real=0.05s
[69.678s][info][gc,start       ] GC(90) Pause Young (Allocation Failure)
[69.678s][info][gc,task        ] GC(90) Using 6 workers of 6 for evacuation
[69.695s][info][gc,heap        ] GC(90) ParNew: 409024K->560K(460096K)
[69.695s][info][gc,heap        ] GC(90) CMS: 15469K->15469K(7877440K)
[69.695s][info][gc,metaspace   ] GC(90) Metaspace: 59124K(68292K)->59124K(68292K) NonClass: 51423K(56208K)->51423K(56208K) Class: 7701K(12084K)->7701K(12084K)
[69.695s][info][gc             ] GC(90) Pause Young (Allocation Failure) 414M->15M(8142M) 16.882ms
[69.695s][info][gc,cpu         ] GC(90) User=0.02s Sys=0.00s Real=0.02s
[70.367s][info][gc,start       ] GC(91) Pause Young (Allocation Failure)
[70.367s][info][gc,task        ] GC(91) Using 6 workers of 6 for evacuation
[70.383s][info][gc,heap        ] GC(91) ParNew: 409584K->769K(460096K)
[70.383s][info][gc,heap        ] GC(91) CMS: 15469K->15469K(7877440K)
[70.383s][info][gc,metaspace   ] GC(91) Metaspace: 59124K(68292K)->59124K(68292K) NonClass: 51423K(56208K)->51423K(56208K) Class: 7701K(12084K)->7701K(12084K)
[70.383s][info][gc             ] GC(91) Pause Young (Allocation Failure) 415M->15M(8142M) 16.369ms
[70.383s][info][gc,cpu         ] GC(91) User=0.02s Sys=0.00s Real=0.02s
[71.048s][info][gc,start       ] GC(92) Pause Young (Allocation Failure)
[71.048s][info][gc,task        ] GC(92) Using 6 workers of 6 for evacuation
[71.065s][info][gc,heap        ] GC(92) ParNew: 409793K->903K(460096K)
[71.065s][info][gc,heap        ] GC(92) CMS: 15469K->15469K(7877440K)
[71.065s][info][gc,metaspace   ] GC(92) Metaspace: 59126K(68292K)->59126K(68292K) NonClass: 51425K(56208K)->51425K(56208K) Class: 7701K(12084K)->7701K(12084K)
[71.065s][info][gc             ] GC(92) Pause Young (Allocation Failure) 415M->15M(8142M) 17.085ms
[71.065s][info][gc,cpu         ] GC(92) User=0.02s Sys=0.00s Real=0.02s
[71.742s][info][gc,start       ] GC(93) Pause Young (Allocation Failure)
[71.742s][info][gc,task        ] GC(93) Using 6 workers of 6 for evacuation
[71.758s][info][gc,heap        ] GC(93) ParNew: 409927K->678K(460096K)
[71.758s][info][gc,heap        ] GC(93) CMS: 15469K->15469K(7877440K)
[71.758s][info][gc,metaspace   ] GC(93) Metaspace: 59126K(68292K)->59126K(68292K) NonClass: 51425K(56208K)->51425K(56208K) Class: 7701K(12084K)->7701K(12084K)
[71.758s][info][gc             ] GC(93) Pause Young (Allocation Failure) 415M->15M(8142M) 16.435ms
[71.758s][info][gc,cpu         ] GC(93) User=0.02s Sys=0.00s Real=0.02s
[72.431s][info][gc,start       ] GC(94) Pause Young (Allocation Failure)
[72.431s][info][gc,task        ] GC(94) Using 6 workers of 6 for evacuation
[72.447s][info][gc,heap        ] GC(94) ParNew: 409702K->734K(460096K)
[72.447s][info][gc,heap        ] GC(94) CMS: 15469K->15469K(7877440K)
[72.447s][info][gc,metaspace   ] GC(94) Metaspace: 59126K(68292K)->59126K(68292K) NonClass: 51425K(56208K)->51425K(56208K) Class: 7701K(12084K)->7701K(12084K)
[72.447s][info][gc             ] GC(94) Pause Young (Allocation Failure) 415M->15M(8142M) 16.092ms
[72.447s][info][gc,cpu         ] GC(94) User=0.03s Sys=0.00s Real=0.03s
[73.110s][info][gc,start       ] GC(95) Pause Young (Allocation Failure)
[73.110s][info][gc,task        ] GC(95) Using 6 workers of 6 for evacuation
[73.128s][info][gc,heap        ] GC(95) ParNew: 409758K->799K(460096K)
[73.128s][info][gc,heap        ] GC(95) CMS: 15469K->15469K(7877440K)
[73.128s][info][gc,metaspace   ] GC(95) Metaspace: 59127K(68292K)->59127K(68292K) NonClass: 51426K(56208K)->51426K(56208K) Class: 7701K(12084K)->7701K(12084K)
[73.128s][info][gc             ] GC(95) Pause Young (Allocation Failure) 415M->15M(8142M) 18.788ms
[73.128s][info][gc,cpu         ] GC(95) User=0.02s Sys=0.00s Real=0.02s
[73.820s][info][gc,start       ] GC(96) Pause Young (Allocation Failure)
[73.820s][info][gc,task        ] GC(96) Using 6 workers of 6 for evacuation
[73.841s][info][gc,heap        ] GC(96) ParNew: 409823K->495K(460096K)
[73.841s][info][gc,heap        ] GC(96) CMS: 15469K->15728K(7877440K)
[73.841s][info][gc,metaspace   ] GC(96) Metaspace: 59128K(68292K)->59128K(68292K) NonClass: 51427K(56208K)->51427K(56208K) Class: 7701K(12084K)->7701K(12084K)
[73.841s][info][gc             ] GC(96) Pause Young (Allocation Failure) 415M->15M(8142M) 20.593ms
[73.841s][info][gc,cpu         ] GC(96) User=0.02s Sys=0.00s Real=0.02s
[73.845s][info][gc,start       ] GC(97) Pause Full (System.gc())
[73.846s][info][gc,phases,start] GC(97) Phase 1: Mark live objects
[73.867s][info][gc,phases      ] GC(97) Phase 1: Mark live objects 21.586ms
[73.867s][info][gc,phases,start] GC(97) Phase 2: Compute new object addresses
[73.872s][info][gc,phases      ] GC(97) Phase 2: Compute new object addresses 4.792ms
[73.872s][info][gc,phases,start] GC(97) Phase 3: Adjust pointers
[73.888s][info][gc,phases      ] GC(97) Phase 3: Adjust pointers 16.224ms
[73.888s][info][gc,phases,start] GC(97) Phase 4: Move objects
[73.889s][info][gc,phases      ] GC(97) Phase 4: Move objects 0.730ms
[73.895s][info][gc,heap        ] GC(97) ParNew: 3825K->0K(460096K)
[73.895s][info][gc,heap        ] GC(97) CMS: 15728K->15438K(7877440K)
[73.895s][info][gc,metaspace   ] GC(97) Metaspace: 59129K(68292K)->59129K(68292K) NonClass: 51427K(56208K)->51427K(56208K) Class: 7701K(12084K)->7701K(12084K)
[73.895s][info][gc             ] GC(97) Pause Full (System.gc()) 19M->15M(8142M) 50.299ms
[73.895s][info][gc,cpu         ] GC(97) User=0.05s Sys=0.00s Real=0.05s
[74.589s][info][gc,start       ] GC(98) Pause Young (Allocation Failure)
[74.589s][info][gc,task        ] GC(98) Using 6 workers of 6 for evacuation
[74.606s][info][gc,heap        ] GC(98) ParNew: 409024K->539K(460096K)
[74.606s][info][gc,heap        ] GC(98) CMS: 15438K->15438K(7877440K)
[74.606s][info][gc,metaspace   ] GC(98) Metaspace: 59167K(68292K)->59167K(68292K) NonClass: 51466K(56208K)->51466K(56208K) Class: 7701K(12084K)->7701K(12084K)
[74.606s][info][gc             ] GC(98) Pause Young (Allocation Failure) 414M->15M(8142M) 16.754ms
[74.606s][info][gc,cpu         ] GC(98) User=0.02s Sys=0.00s Real=0.03s
[75.270s][info][gc,start       ] GC(99) Pause Young (Allocation Failure)
[75.270s][info][gc,task        ] GC(99) Using 6 workers of 6 for evacuation
[75.287s][info][gc,heap        ] GC(99) ParNew: 409563K->685K(460096K)
[75.287s][info][gc,heap        ] GC(99) CMS: 15438K->15438K(7877440K)
[75.287s][info][gc,metaspace   ] GC(99) Metaspace: 59167K(68292K)->59167K(68292K) NonClass: 51466K(56208K)->51466K(56208K) Class: 7701K(12084K)->7701K(12084K)
[75.287s][info][gc             ] GC(99) Pause Young (Allocation Failure) 415M->15M(8142M) 16.674ms
[75.287s][info][gc,cpu         ] GC(99) User=0.02s Sys=0.00s Real=0.02s
[75.944s][info][gc,start       ] GC(100) Pause Young (Allocation Failure)
[75.944s][info][gc,task        ] GC(100) Using 6 workers of 6 for evacuation
[75.961s][info][gc,heap        ] GC(100) ParNew: 409709K->803K(460096K)
[75.961s][info][gc,heap        ] GC(100) CMS: 15438K->15438K(7877440K)
[75.961s][info][gc,metaspace   ] GC(100) Metaspace: 59171K(68292K)->59171K(68292K) NonClass: 51470K(56208K)->51470K(56208K) Class: 7701K(12084K)->7701K(12084K)
[75.961s][info][gc             ] GC(100) Pause Young (Allocation Failure) 415M->15M(8142M) 16.696ms
[75.961s][info][gc,cpu         ] GC(100) User=0.02s Sys=0.00s Real=0.02s
[76.642s][info][gc,start       ] GC(101) Pause Young (Allocation Failure)
[76.642s][info][gc,task        ] GC(101) Using 6 workers of 6 for evacuation
[76.659s][info][gc,heap        ] GC(101) ParNew: 409827K->783K(460096K)
[76.659s][info][gc,heap        ] GC(101) CMS: 15438K->15438K(7877440K)
[76.659s][info][gc,metaspace   ] GC(101) Metaspace: 59171K(68292K)->59171K(68292K) NonClass: 51470K(56208K)->51470K(56208K) Class: 7701K(12084K)->7701K(12084K)
[76.659s][info][gc             ] GC(101) Pause Young (Allocation Failure) 415M->15M(8142M) 16.878ms
[76.659s][info][gc,cpu         ] GC(101) User=0.02s Sys=0.00s Real=0.01s
[77.330s][info][gc,start       ] GC(102) Pause Young (Allocation Failure)
[77.330s][info][gc,task        ] GC(102) Using 6 workers of 6 for evacuation
[77.347s][info][gc,heap        ] GC(102) ParNew: 409807K->762K(460096K)
[77.347s][info][gc,heap        ] GC(102) CMS: 15438K->15438K(7877440K)
[77.347s][info][gc,metaspace   ] GC(102) Metaspace: 59171K(68292K)->59171K(68292K) NonClass: 51470K(56208K)->51470K(56208K) Class: 7701K(12084K)->7701K(12084K)
[77.347s][info][gc             ] GC(102) Pause Young (Allocation Failure) 415M->15M(8142M) 16.712ms
[77.347s][info][gc,cpu         ] GC(102) User=0.02s Sys=0.00s Real=0.02s
[78.004s][info][gc,start       ] GC(103) Pause Young (Allocation Failure)
[78.004s][info][gc,task        ] GC(103) Using 6 workers of 6 for evacuation
[78.021s][info][gc,heap        ] GC(103) ParNew: 409786K->834K(460096K)
[78.021s][info][gc,heap        ] GC(103) CMS: 15438K->15438K(7877440K)
[78.021s][info][gc,metaspace   ] GC(103) Metaspace: 59171K(68292K)->59171K(68292K) NonClass: 51470K(56208K)->51470K(56208K) Class: 7701K(12084K)->7701K(12084K)
[78.021s][info][gc             ] GC(103) Pause Young (Allocation Failure) 415M->15M(8142M) 16.896ms
[78.021s][info][gc,cpu         ] GC(103) User=0.03s Sys=0.00s Real=0.02s
[78.688s][info][gc,start       ] GC(104) Pause Young (Allocation Failure)
[78.688s][info][gc,task        ] GC(104) Using 6 workers of 6 for evacuation
[78.708s][info][gc,heap        ] GC(104) ParNew: 409858K->536K(460096K)
[78.708s][info][gc,heap        ] GC(104) CMS: 15438K->15714K(7877440K)
[78.708s][info][gc,metaspace   ] GC(104) Metaspace: 59174K(68292K)->59174K(68292K) NonClass: 51473K(56208K)->51473K(56208K) Class: 7701K(12084K)->7701K(12084K)
[78.708s][info][gc             ] GC(104) Pause Young (Allocation Failure) 415M->15M(8142M) 19.637ms
[78.708s][info][gc,cpu         ] GC(104) User=0.02s Sys=0.00s Real=0.02s
[78.713s][info][gc,start       ] GC(105) Pause Full (System.gc())
[78.714s][info][gc,phases,start] GC(105) Phase 1: Mark live objects
[78.735s][info][gc,phases      ] GC(105) Phase 1: Mark live objects 21.590ms
[78.735s][info][gc,phases,start] GC(105) Phase 2: Compute new object addresses
[78.740s][info][gc,phases      ] GC(105) Phase 2: Compute new object addresses 4.805ms
[78.740s][info][gc,phases,start] GC(105) Phase 3: Adjust pointers
[78.757s][info][gc,phases      ] GC(105) Phase 3: Adjust pointers 16.662ms
[78.757s][info][gc,phases,start] GC(105) Phase 4: Move objects
[78.759s][info][gc,phases      ] GC(105) Phase 4: Move objects 1.599ms
[78.764s][info][gc,heap        ] GC(105) ParNew: 5282K->0K(460096K)
[78.764s][info][gc,heap        ] GC(105) CMS: 15714K->15440K(7877440K)
[78.764s][info][gc,metaspace   ] GC(105) Metaspace: 59176K(68292K)->59176K(68292K) NonClass: 51475K(56208K)->51475K(56208K) Class: 7701K(12084K)->7701K(12084K)
[78.764s][info][gc             ] GC(105) Pause Full (System.gc()) 20M->15M(8142M) 51.131ms
[78.764s][info][gc,cpu         ] GC(105) User=0.05s Sys=0.00s Real=0.05s
[79.459s][info][gc,start       ] GC(106) Pause Young (Allocation Failure)
[79.459s][info][gc,task        ] GC(106) Using 6 workers of 6 for evacuation
[79.476s][info][gc,heap        ] GC(106) ParNew: 409024K->641K(460096K)
[79.476s][info][gc,heap        ] GC(106) CMS: 15440K->15440K(7877440K)
[79.476s][info][gc,metaspace   ] GC(106) Metaspace: 59197K(68292K)->59197K(68292K) NonClass: 51496K(56208K)->51496K(56208K) Class: 7701K(12084K)->7701K(12084K)
[79.477s][info][gc             ] GC(106) Pause Young (Allocation Failure) 414M->15M(8142M) 17.540ms
[79.477s][info][gc,cpu         ] GC(106) User=0.02s Sys=0.00s Real=0.02s
[80.139s][info][gc,start       ] GC(107) Pause Young (Allocation Failure)
[80.139s][info][gc,task        ] GC(107) Using 6 workers of 6 for evacuation
[80.158s][info][gc,heap        ] GC(107) ParNew: 409665K->891K(460096K)
[80.158s][info][gc,heap        ] GC(107) CMS: 15440K->15440K(7877440K)
[80.158s][info][gc,metaspace   ] GC(107) Metaspace: 59197K(68292K)->59197K(68292K) NonClass: 51496K(56208K)->51496K(56208K) Class: 7701K(12084K)->7701K(12084K)
[80.158s][info][gc             ] GC(107) Pause Young (Allocation Failure) 415M->15M(8142M) 18.689ms
[80.158s][info][gc,cpu         ] GC(107) User=0.02s Sys=0.00s Real=0.01s
[80.825s][info][gc,start       ] GC(108) Pause Young (Allocation Failure)
[80.825s][info][gc,task        ] GC(108) Using 6 workers of 6 for evacuation
[80.843s][info][gc,heap        ] GC(108) ParNew: 409915K->616K(460096K)
[80.843s][info][gc,heap        ] GC(108) CMS: 15440K->15440K(7877440K)
[80.843s][info][gc,metaspace   ] GC(108) Metaspace: 59197K(68292K)->59197K(68292K) NonClass: 51496K(56208K)->51496K(56208K) Class: 7701K(12084K)->7701K(12084K)
[80.843s][info][gc             ] GC(108) Pause Young (Allocation Failure) 415M->15M(8142M) 17.766ms
[80.843s][info][gc,cpu         ] GC(108) User=0.02s Sys=0.00s Real=0.02s
[81.513s][info][gc,start       ] GC(109) Pause Young (Allocation Failure)
[81.513s][info][gc,task        ] GC(109) Using 6 workers of 6 for evacuation
[81.530s][info][gc,heap        ] GC(109) ParNew: 409640K->841K(460096K)
[81.530s][info][gc,heap        ] GC(109) CMS: 15440K->15440K(7877440K)
[81.530s][info][gc,metaspace   ] GC(109) Metaspace: 59197K(68292K)->59197K(68292K) NonClass: 51496K(56208K)->51496K(56208K) Class: 7701K(12084K)->7701K(12084K)
[81.530s][info][gc             ] GC(109) Pause Young (Allocation Failure) 415M->15M(8142M) 17.148ms
[81.530s][info][gc,cpu         ] GC(109) User=0.02s Sys=0.00s Real=0.02s
[82.203s][info][gc,start       ] GC(110) Pause Young (Allocation Failure)
[82.203s][info][gc,task        ] GC(110) Using 6 workers of 6 for evacuation
[82.220s][info][gc,heap        ] GC(110) ParNew: 409865K->704K(460096K)
[82.220s][info][gc,heap        ] GC(110) CMS: 15440K->15440K(7877440K)
[82.220s][info][gc,metaspace   ] GC(110) Metaspace: 59198K(68292K)->59198K(68292K) NonClass: 51497K(56208K)->51497K(56208K) Class: 7701K(12084K)->7701K(12084K)
[82.220s][info][gc             ] GC(110) Pause Young (Allocation Failure) 415M->15M(8142M) 16.747ms
[82.220s][info][gc,cpu         ] GC(110) User=0.02s Sys=0.00s Real=0.01s
[82.876s][info][gc,start       ] GC(111) Pause Young (Allocation Failure)
[82.876s][info][gc,task        ] GC(111) Using 6 workers of 6 for evacuation
[82.893s][info][gc,heap        ] GC(111) ParNew: 409728K->692K(460096K)
[82.893s][info][gc,heap        ] GC(111) CMS: 15440K->15440K(7877440K)
[82.893s][info][gc,metaspace   ] GC(111) Metaspace: 59200K(68548K)->59200K(68548K) NonClass: 51498K(56464K)->51498K(56464K) Class: 7701K(12084K)->7701K(12084K)
[82.893s][info][gc             ] GC(111) Pause Young (Allocation Failure) 415M->15M(8142M) 17.303ms
[82.893s][info][gc,cpu         ] GC(111) User=0.00s Sys=0.02s Real=0.01s
[83.570s][info][gc,start       ] GC(112) Pause Young (Allocation Failure)
[83.570s][info][gc,task        ] GC(112) Using 6 workers of 6 for evacuation
[83.588s][info][gc,heap        ] GC(112) ParNew: 409716K->488K(460096K)
[83.588s][info][gc,heap        ] GC(112) CMS: 15440K->15763K(7877440K)
[83.588s][info][gc,metaspace   ] GC(112) Metaspace: 59200K(68548K)->59200K(68548K) NonClass: 51499K(56464K)->51499K(56464K) Class: 7701K(12084K)->7701K(12084K)
[83.588s][info][gc             ] GC(112) Pause Young (Allocation Failure) 415M->15M(8142M) 17.755ms
[83.588s][info][gc,cpu         ] GC(112) User=0.00s Sys=0.02s Real=0.01s
[83.601s][info][gc,start       ] GC(113) Pause Full (System.gc())
[83.602s][info][gc,phases,start] GC(113) Phase 1: Mark live objects
[83.625s][info][gc,phases      ] GC(113) Phase 1: Mark live objects 23.117ms
[83.625s][info][gc,phases,start] GC(113) Phase 2: Compute new object addresses
[83.631s][info][gc,phases      ] GC(113) Phase 2: Compute new object addresses 5.379ms
[83.631s][info][gc,phases,start] GC(113) Phase 3: Adjust pointers
[83.647s][info][gc,phases      ] GC(113) Phase 3: Adjust pointers 16.325ms
[83.647s][info][gc,phases,start] GC(113) Phase 4: Move objects
[83.648s][info][gc,phases      ] GC(113) Phase 4: Move objects 0.631ms
[83.653s][info][gc,heap        ] GC(113) ParNew: 8168K->0K(460096K)
[83.653s][info][gc,heap        ] GC(113) CMS: 15763K->15469K(7877440K)
[83.653s][info][gc,metaspace   ] GC(113) Metaspace: 59217K(68548K)->59217K(68548K) NonClass: 51516K(56464K)->51516K(56464K) Class: 7701K(12084K)->7701K(12084K)
[83.653s][info][gc             ] GC(113) Pause Full (System.gc()) 23M->15M(8142M) 51.929ms
[83.653s][info][gc,cpu         ] GC(113) User=0.05s Sys=0.00s Real=0.05s
[84.355s][info][gc,start       ] GC(114) Pause Young (Allocation Failure)
[84.355s][info][gc,task        ] GC(114) Using 6 workers of 6 for evacuation
[84.372s][info][gc,heap        ] GC(114) ParNew: 409024K->584K(460096K)
[84.372s][info][gc,heap        ] GC(114) CMS: 15469K->15469K(7877440K)
[84.372s][info][gc,metaspace   ] GC(114) Metaspace: 59253K(68548K)->59253K(68548K) NonClass: 51552K(56464K)->51552K(56464K) Class: 7701K(12084K)->7701K(12084K)
[84.372s][info][gc             ] GC(114) Pause Young (Allocation Failure) 414M->15M(8142M) 16.942ms
[84.372s][info][gc,cpu         ] GC(114) User=0.02s Sys=0.00s Real=0.01s
[85.026s][info][gc,start       ] GC(115) Pause Young (Allocation Failure)
[85.026s][info][gc,task        ] GC(115) Using 6 workers of 6 for evacuation
[85.043s][info][gc,heap        ] GC(115) ParNew: 409608K->726K(460096K)
[85.043s][info][gc,heap        ] GC(115) CMS: 15469K->15469K(7877440K)
[85.043s][info][gc,metaspace   ] GC(115) Metaspace: 59262K(68548K)->59262K(68548K) NonClass: 51561K(56464K)->51561K(56464K) Class: 7701K(12084K)->7701K(12084K)
[85.043s][info][gc             ] GC(115) Pause Young (Allocation Failure) 415M->15M(8142M) 16.822ms
[85.043s][info][gc,cpu         ] GC(115) User=0.00s Sys=0.00s Real=0.01s
[85.710s][info][gc,start       ] GC(116) Pause Young (Allocation Failure)
[85.710s][info][gc,task        ] GC(116) Using 6 workers of 6 for evacuation
[85.727s][info][gc,heap        ] GC(116) ParNew: 409750K->759K(460096K)
[85.727s][info][gc,heap        ] GC(116) CMS: 15469K->15469K(7877440K)
[85.727s][info][gc,metaspace   ] GC(116) Metaspace: 59262K(68548K)->59262K(68548K) NonClass: 51561K(56464K)->51561K(56464K) Class: 7701K(12084K)->7701K(12084K)
[85.727s][info][gc             ] GC(116) Pause Young (Allocation Failure) 415M->15M(8142M) 16.675ms
[85.727s][info][gc,cpu         ] GC(116) User=0.03s Sys=0.00s Real=0.03s
[86.401s][info][gc,start       ] GC(117) Pause Young (Allocation Failure)
[86.401s][info][gc,task        ] GC(117) Using 6 workers of 6 for evacuation
[86.418s][info][gc,heap        ] GC(117) ParNew: 409783K->811K(460096K)
[86.418s][info][gc,heap        ] GC(117) CMS: 15469K->15469K(7877440K)
[86.418s][info][gc,metaspace   ] GC(117) Metaspace: 59262K(68548K)->59262K(68548K) NonClass: 51561K(56464K)->51561K(56464K) Class: 7701K(12084K)->7701K(12084K)
[86.418s][info][gc             ] GC(117) Pause Young (Allocation Failure) 415M->15M(8142M) 17.206ms
[86.418s][info][gc,cpu         ] GC(117) User=0.02s Sys=0.00s Real=0.01s
[87.072s][info][gc,start       ] GC(118) Pause Young (Allocation Failure)
[87.072s][info][gc,task        ] GC(118) Using 6 workers of 6 for evacuation
[87.089s][info][gc,heap        ] GC(118) ParNew: 409835K->767K(460096K)
[87.089s][info][gc,heap        ] GC(118) CMS: 15469K->15469K(7877440K)
[87.089s][info][gc,metaspace   ] GC(118) Metaspace: 59263K(68548K)->59263K(68548K) NonClass: 51562K(56464K)->51562K(56464K) Class: 7701K(12084K)->7701K(12084K)
[87.089s][info][gc             ] GC(118) Pause Young (Allocation Failure) 415M->15M(8142M) 16.363ms
[87.089s][info][gc,cpu         ] GC(118) User=0.02s Sys=0.00s Real=0.03s
[87.755s][info][gc,start       ] GC(119) Pause Young (Allocation Failure)
[87.756s][info][gc,task        ] GC(119) Using 6 workers of 6 for evacuation
[87.773s][info][gc,heap        ] GC(119) ParNew: 409791K->871K(460096K)
[87.773s][info][gc,heap        ] GC(119) CMS: 15469K->15469K(7877440K)
[87.773s][info][gc,metaspace   ] GC(119) Metaspace: 59263K(68548K)->59263K(68548K) NonClass: 51562K(56464K)->51562K(56464K) Class: 7701K(12084K)->7701K(12084K)
[87.773s][info][gc             ] GC(119) Pause Young (Allocation Failure) 415M->15M(8142M) 17.143ms
[87.773s][info][gc,cpu         ] GC(119) User=0.02s Sys=0.00s Real=0.02s
[88.473s][info][gc,start       ] GC(120) Pause Young (Allocation Failure)
[88.473s][info][gc,task        ] GC(120) Using 6 workers of 6 for evacuation
[88.490s][info][gc,heap        ] GC(120) ParNew: 409895K->317K(460096K)
[88.490s][info][gc,heap        ] GC(120) CMS: 15469K->15725K(7877440K)
[88.490s][info][gc,metaspace   ] GC(120) Metaspace: 59266K(68548K)->59266K(68548K) NonClass: 51565K(56464K)->51565K(56464K) Class: 7701K(12084K)->7701K(12084K)
[88.490s][info][gc             ] GC(120) Pause Young (Allocation Failure) 415M->15M(8142M) 17.531ms
[88.490s][info][gc,cpu         ] GC(120) User=0.03s Sys=0.00s Real=0.03s
[88.492s][info][gc,start       ] GC(121) Pause Full (System.gc())
[88.493s][info][gc,phases,start] GC(121) Phase 1: Mark live objects
[88.515s][info][gc,phases      ] GC(121) Phase 1: Mark live objects 22.020ms
[88.515s][info][gc,phases,start] GC(121) Phase 2: Compute new object addresses
[88.520s][info][gc,phases      ] GC(121) Phase 2: Compute new object addresses 4.572ms
[88.520s][info][gc,phases,start] GC(121) Phase 3: Adjust pointers
[88.536s][info][gc,phases      ] GC(121) Phase 3: Adjust pointers 16.080ms
[88.536s][info][gc,phases,start] GC(121) Phase 4: Move objects
[88.537s][info][gc,phases      ] GC(121) Phase 4: Move objects 0.643ms
[88.542s][info][gc,heap        ] GC(121) ParNew: 2304K->0K(460096K)
[88.542s][info][gc,heap        ] GC(121) CMS: 15725K->15488K(7877440K)
[88.542s][info][gc,metaspace   ] GC(121) Metaspace: 59267K(68548K)->59267K(68548K) NonClass: 51565K(56464K)->51565K(56464K) Class: 7701K(12084K)->7701K(12084K)
[88.542s][info][gc             ] GC(121) Pause Full (System.gc()) 17M->15M(8142M) 50.121ms
[88.542s][info][gc,cpu         ] GC(121) User=0.05s Sys=0.00s Real=0.05s
[89.248s][info][gc,start       ] GC(122) Pause Young (Allocation Failure)
[89.248s][info][gc,task        ] GC(122) Using 6 workers of 6 for evacuation
[89.267s][info][gc,heap        ] GC(122) ParNew: 409024K->629K(460096K)
[89.267s][info][gc,heap        ] GC(122) CMS: 15488K->15488K(7877440K)
[89.267s][info][gc,metaspace   ] GC(122) Metaspace: 59297K(68548K)->59297K(68548K) NonClass: 51595K(56464K)->51595K(56464K) Class: 7701K(12084K)->7701K(12084K)
[89.267s][info][gc             ] GC(122) Pause Young (Allocation Failure) 414M->15M(8142M) 18.919ms
[89.267s][info][gc,cpu         ] GC(122) User=0.02s Sys=0.00s Real=0.02s
[89.926s][info][gc,start       ] GC(123) Pause Young (Allocation Failure)
[89.926s][info][gc,task        ] GC(123) Using 6 workers of 6 for evacuation
[89.944s][info][gc,heap        ] GC(123) ParNew: 409653K->825K(460096K)
[89.944s][info][gc,heap        ] GC(123) CMS: 15488K->15488K(7877440K)
[89.944s][info][gc,metaspace   ] GC(123) Metaspace: 59297K(68548K)->59297K(68548K) NonClass: 51595K(56464K)->51595K(56464K) Class: 7701K(12084K)->7701K(12084K)
[89.944s][info][gc             ] GC(123) Pause Young (Allocation Failure) 415M->15M(8142M) 17.834ms
[89.944s][info][gc,cpu         ] GC(123) User=0.02s Sys=0.00s Real=0.02s
[90.618s][info][gc,start       ] GC(124) Pause Young (Allocation Failure)
[90.618s][info][gc,task        ] GC(124) Using 6 workers of 6 for evacuation
[90.636s][info][gc,heap        ] GC(124) ParNew: 409849K->704K(460096K)
[90.636s][info][gc,heap        ] GC(124) CMS: 15488K->15488K(7877440K)
[90.636s][info][gc,metaspace   ] GC(124) Metaspace: 59297K(68548K)->59297K(68548K) NonClass: 51595K(56464K)->51595K(56464K) Class: 7701K(12084K)->7701K(12084K)
[90.636s][info][gc             ] GC(124) Pause Young (Allocation Failure) 415M->15M(8142M) 17.993ms
[90.636s][info][gc,cpu         ] GC(124) User=0.02s Sys=0.00s Real=0.02s
[91.314s][info][gc,start       ] GC(125) Pause Young (Allocation Failure)
[91.314s][info][gc,task        ] GC(125) Using 6 workers of 6 for evacuation
[91.332s][info][gc,heap        ] GC(125) ParNew: 409728K->777K(460096K)
[91.332s][info][gc,heap        ] GC(125) CMS: 15488K->15488K(7877440K)
[91.332s][info][gc,metaspace   ] GC(125) Metaspace: 59297K(68548K)->59297K(68548K) NonClass: 51595K(56464K)->51595K(56464K) Class: 7701K(12084K)->7701K(12084K)
[91.332s][info][gc             ] GC(125) Pause Young (Allocation Failure) 415M->15M(8142M) 17.787ms
[91.332s][info][gc,cpu         ] GC(125) User=0.03s Sys=0.00s Real=0.02s
[91.991s][info][gc,start       ] GC(126) Pause Young (Allocation Failure)
[91.991s][info][gc,task        ] GC(126) Using 6 workers of 6 for evacuation
[92.009s][info][gc,heap        ] GC(126) ParNew: 409801K->785K(460096K)
[92.009s][info][gc,heap        ] GC(126) CMS: 15488K->15488K(7877440K)
[92.009s][info][gc,metaspace   ] GC(126) Metaspace: 59297K(68548K)->59297K(68548K) NonClass: 51595K(56464K)->51595K(56464K) Class: 7701K(12084K)->7701K(12084K)
[92.009s][info][gc             ] GC(126) Pause Young (Allocation Failure) 415M->15M(8142M) 18.003ms
[92.009s][info][gc,cpu         ] GC(126) User=0.02s Sys=0.00s Real=0.02s
[92.682s][info][gc,start       ] GC(127) Pause Young (Allocation Failure)
[92.682s][info][gc,task        ] GC(127) Using 6 workers of 6 for evacuation
[92.699s][info][gc,heap        ] GC(127) ParNew: 409809K->788K(460096K)
[92.699s][info][gc,heap        ] GC(127) CMS: 15488K->15488K(7877440K)
[92.699s][info][gc,metaspace   ] GC(127) Metaspace: 59297K(68548K)->59297K(68548K) NonClass: 51595K(56464K)->51595K(56464K) Class: 7701K(12084K)->7701K(12084K)
[92.699s][info][gc             ] GC(127) Pause Young (Allocation Failure) 415M->15M(8142M) 17.558ms
[92.699s][info][gc,cpu         ] GC(127) User=0.02s Sys=0.00s Real=0.02s
[93.391s][info][gc,start       ] GC(128) Pause Young (Allocation Failure)
[93.391s][info][gc,task        ] GC(128) Using 6 workers of 6 for evacuation
[93.407s][info][gc,heap        ] GC(128) ParNew: 409812K->531K(460096K)
[93.408s][info][gc,heap        ] GC(128) CMS: 15488K->15808K(7877440K)
[93.408s][info][gc,metaspace   ] GC(128) Metaspace: 59301K(68548K)->59301K(68548K) NonClass: 51599K(56464K)->51599K(56464K) Class: 7701K(12084K)->7701K(12084K)
[93.408s][info][gc             ] GC(128) Pause Young (Allocation Failure) 415M->15M(8142M) 16.624ms
[93.408s][info][gc,cpu         ] GC(128) User=0.02s Sys=0.00s Real=0.02s
[93.410s][info][gc,start       ] GC(129) Pause Full (System.gc())
[93.411s][info][gc,phases,start] GC(129) Phase 1: Mark live objects
[93.433s][info][gc,phases      ] GC(129) Phase 1: Mark live objects 22.583ms
[93.433s][info][gc,phases,start] GC(129) Phase 2: Compute new object addresses
[93.438s][info][gc,phases      ] GC(129) Phase 2: Compute new object addresses 4.615ms
[93.438s][info][gc,phases,start] GC(129) Phase 3: Adjust pointers
[93.454s][info][gc,phases      ] GC(129) Phase 3: Adjust pointers 16.100ms
[93.454s][info][gc,phases,start] GC(129) Phase 4: Move objects
[93.455s][info][gc,phases      ] GC(129) Phase 4: Move objects 0.654ms
[93.460s][info][gc,heap        ] GC(129) ParNew: 3859K->0K(460096K)
[93.460s][info][gc,heap        ] GC(129) CMS: 15808K->15446K(7877440K)
[93.460s][info][gc,metaspace   ] GC(129) Metaspace: 59309K(68548K)->59309K(68548K) NonClass: 51607K(56464K)->51607K(56464K) Class: 7701K(12084K)->7701K(12084K)
[93.460s][info][gc             ] GC(129) Pause Full (System.gc()) 19M->15M(8142M) 50.195ms
[93.460s][info][gc,cpu         ] GC(129) User=0.05s Sys=0.00s Real=0.05s
[94.159s][info][gc,start       ] GC(130) Pause Young (Allocation Failure)
[94.159s][info][gc,task        ] GC(130) Using 6 workers of 6 for evacuation
[94.184s][info][gc,heap        ] GC(130) ParNew: 409024K->617K(460096K)
[94.184s][info][gc,heap        ] GC(130) CMS: 15446K->15446K(7877440K)
[94.184s][info][gc,metaspace   ] GC(130) Metaspace: 59331K(68548K)->59331K(68548K) NonClass: 51630K(56464K)->51630K(56464K) Class: 7701K(12084K)->7701K(12084K)
[94.184s][info][gc             ] GC(130) Pause Young (Allocation Failure) 414M->15M(8142M) 24.710ms
[94.184s][info][gc,cpu         ] GC(130) User=0.02s Sys=0.00s Real=0.02s
[94.920s][info][gc,start       ] GC(131) Pause Young (Allocation Failure)
[94.920s][info][gc,task        ] GC(131) Using 6 workers of 6 for evacuation
[94.937s][info][gc,heap        ] GC(131) ParNew: 409641K->762K(460096K)
[94.937s][info][gc,heap        ] GC(131) CMS: 15446K->15446K(7877440K)
[94.937s][info][gc,metaspace   ] GC(131) Metaspace: 59331K(68548K)->59331K(68548K) NonClass: 51630K(56464K)->51630K(56464K) Class: 7701K(12084K)->7701K(12084K)
[94.937s][info][gc             ] GC(131) Pause Young (Allocation Failure) 415M->15M(8142M) 17.058ms
[94.937s][info][gc,cpu         ] GC(131) User=0.03s Sys=0.00s Real=0.02s
[95.729s][info][gc,start       ] GC(132) Pause Young (Allocation Failure)
[95.729s][info][gc,task        ] GC(132) Using 6 workers of 6 for evacuation
[95.746s][info][gc,heap        ] GC(132) ParNew: 409786K->659K(460096K)
[95.746s][info][gc,heap        ] GC(132) CMS: 15446K->15446K(7877440K)
[95.746s][info][gc,metaspace   ] GC(132) Metaspace: 59331K(68548K)->59331K(68548K) NonClass: 51630K(56464K)->51630K(56464K) Class: 7701K(12084K)->7701K(12084K)
[95.746s][info][gc             ] GC(132) Pause Young (Allocation Failure) 415M->15M(8142M) 17.251ms
[95.746s][info][gc,cpu         ] GC(132) User=0.02s Sys=0.00s Real=0.01s
[96.501s][info][gc,start       ] GC(133) Pause Young (Allocation Failure)
[96.501s][info][gc,task        ] GC(133) Using 6 workers of 6 for evacuation
[96.518s][info][gc,heap        ] GC(133) ParNew: 409683K->817K(460096K)
[96.518s][info][gc,heap        ] GC(133) CMS: 15446K->15446K(7877440K)
[96.518s][info][gc,metaspace   ] GC(133) Metaspace: 59331K(68548K)->59331K(68548K) NonClass: 51630K(56464K)->51630K(56464K) Class: 7701K(12084K)->7701K(12084K)
[96.518s][info][gc             ] GC(133) Pause Young (Allocation Failure) 415M->15M(8142M) 17.050ms
[96.518s][info][gc,cpu         ] GC(133) User=0.02s Sys=0.00s Real=0.02s
[97.283s][info][gc,start       ] GC(134) Pause Young (Allocation Failure)
[97.283s][info][gc,task        ] GC(134) Using 6 workers of 6 for evacuation
[97.301s][info][gc,heap        ] GC(134) ParNew: 409841K->833K(460096K)
[97.301s][info][gc,heap        ] GC(134) CMS: 15446K->15446K(7877440K)
[97.301s][info][gc,metaspace   ] GC(134) Metaspace: 59332K(68548K)->59332K(68548K) NonClass: 51631K(56464K)->51631K(56464K) Class: 7701K(12084K)->7701K(12084K)
[97.301s][info][gc             ] GC(134) Pause Young (Allocation Failure) 415M->15M(8142M) 17.538ms
[97.301s][info][gc,cpu         ] GC(134) User=0.08s Sys=0.00s Real=0.01s
[98.048s][info][gc,start       ] GC(135) Pause Young (Allocation Failure)
[98.048s][info][gc,task        ] GC(135) Using 6 workers of 6 for evacuation
[98.065s][info][gc,heap        ] GC(135) ParNew: 409857K->798K(460096K)
[98.065s][info][gc,heap        ] GC(135) CMS: 15446K->15446K(7877440K)
[98.065s][info][gc,metaspace   ] GC(135) Metaspace: 59332K(68548K)->59332K(68548K) NonClass: 51631K(56464K)->51631K(56464K) Class: 7701K(12084K)->7701K(12084K)
[98.065s][info][gc             ] GC(135) Pause Young (Allocation Failure) 415M->15M(8142M) 16.866ms
[98.065s][info][gc,cpu         ] GC(135) User=0.09s Sys=0.00s Real=0.02s
[98.877s][info][gc,start       ] GC(136) Pause Young (Allocation Failure)
[98.877s][info][gc,task        ] GC(136) Using 6 workers of 6 for evacuation
[98.895s][info][gc,heap        ] GC(136) ParNew: 409822K->515K(460096K)
[98.895s][info][gc,heap        ] GC(136) CMS: 15446K->15636K(7877440K)
[98.895s][info][gc,metaspace   ] GC(136) Metaspace: 59335K(68548K)->59335K(68548K) NonClass: 51634K(56464K)->51634K(56464K) Class: 7701K(12084K)->7701K(12084K)
[98.895s][info][gc             ] GC(136) Pause Young (Allocation Failure) 415M->15M(8142M) 18.317ms
[98.895s][info][gc,cpu         ] GC(136) User=0.02s Sys=0.00s Real=0.02s
[98.896s][info][gc,start       ] GC(137) Pause Full (System.gc())
[98.896s][info][gc,phases,start] GC(137) Phase 1: Mark live objects
[98.918s][info][gc,phases      ] GC(137) Phase 1: Mark live objects 21.595ms
[98.918s][info][gc,phases,start] GC(137) Phase 2: Compute new object addresses
[98.923s][info][gc,phases      ] GC(137) Phase 2: Compute new object addresses 4.512ms
[98.923s][info][gc,phases,start] GC(137) Phase 3: Adjust pointers
[98.939s][info][gc,phases      ] GC(137) Phase 3: Adjust pointers 16.116ms
[98.939s][info][gc,phases,start] GC(137) Phase 4: Move objects
[98.939s][info][gc,phases      ] GC(137) Phase 4: Move objects 0.617ms
[98.944s][info][gc,heap        ] GC(137) ParNew: 2286K->0K(460096K)
[98.944s][info][gc,heap        ] GC(137) CMS: 15636K->15451K(7877440K)
[98.944s][info][gc,metaspace   ] GC(137) Metaspace: 59336K(68548K)->59336K(68548K) NonClass: 51635K(56464K)->51635K(56464K) Class: 7701K(12084K)->7701K(12084K)
[98.945s][info][gc             ] GC(137) Pause Full (System.gc()) 17M->15M(8142M) 49.326ms
[98.945s][info][gc,cpu         ] GC(137) User=0.00s Sys=0.00s Real=0.05s
[99.636s][info][gc,start       ] GC(138) Pause Young (Allocation Failure)
[99.636s][info][gc,task        ] GC(138) Using 6 workers of 6 for evacuation
[99.653s][info][gc,heap        ] GC(138) ParNew: 409024K->595K(460096K)
[99.653s][info][gc,heap        ] GC(138) CMS: 15451K->15451K(7877440K)
[99.653s][info][gc,metaspace   ] GC(138) Metaspace: 59355K(68548K)->59355K(68548K) NonClass: 51654K(56464K)->51654K(56464K) Class: 7701K(12084K)->7701K(12084K)
[99.653s][info][gc             ] GC(138) Pause Young (Allocation Failure) 414M->15M(8142M) 17.277ms
[99.653s][info][gc,cpu         ] GC(138) User=0.02s Sys=0.00s Real=0.02s
[100.326s][info][gc,start       ] GC(139) Pause Young (Allocation Failure)
[100.326s][info][gc,task        ] GC(139) Using 6 workers of 6 for evacuation
[100.343s][info][gc,heap        ] GC(139) ParNew: 409619K->620K(460096K)
[100.343s][info][gc,heap        ] GC(139) CMS: 15451K->15451K(7877440K)
[100.343s][info][gc,metaspace   ] GC(139) Metaspace: 59355K(68548K)->59355K(68548K) NonClass: 51654K(56464K)->51654K(56464K) Class: 7701K(12084K)->7701K(12084K)
[100.343s][info][gc             ] GC(139) Pause Young (Allocation Failure) 415M->15M(8142M) 16.669ms
[100.343s][info][gc,cpu         ] GC(139) User=0.02s Sys=0.00s Real=0.02s
[101.006s][info][gc,start       ] GC(140) Pause Young (Allocation Failure)
[101.006s][info][gc,task        ] GC(140) Using 6 workers of 6 for evacuation
[101.022s][info][gc,heap        ] GC(140) ParNew: 409644K->796K(460096K)
[101.022s][info][gc,heap        ] GC(140) CMS: 15451K->15451K(7877440K)
[101.022s][info][gc,metaspace   ] GC(140) Metaspace: 59355K(68548K)->59355K(68548K) NonClass: 51654K(56464K)->51654K(56464K) Class: 7701K(12084K)->7701K(12084K)
[101.022s][info][gc             ] GC(140) Pause Young (Allocation Failure) 415M->15M(8142M) 16.666ms
[101.022s][info][gc,cpu         ] GC(140) User=0.02s Sys=0.00s Real=0.02s
[101.694s][info][gc,start       ] GC(141) Pause Young (Allocation Failure)
[101.694s][info][gc,task        ] GC(141) Using 6 workers of 6 for evacuation
[101.712s][info][gc,heap        ] GC(141) ParNew: 409820K->832K(460096K)
[101.712s][info][gc,heap        ] GC(141) CMS: 15451K->15451K(7877440K)
[101.712s][info][gc,metaspace   ] GC(141) Metaspace: 59355K(68548K)->59355K(68548K) NonClass: 51654K(56464K)->51654K(56464K) Class: 7701K(12084K)->7701K(12084K)
[101.712s][info][gc             ] GC(141) Pause Young (Allocation Failure) 415M->15M(8142M) 17.735ms
[101.712s][info][gc,cpu         ] GC(141) User=0.02s Sys=0.00s Real=0.02s
[102.388s][info][gc,start       ] GC(142) Pause Young (Allocation Failure)
[102.388s][info][gc,task        ] GC(142) Using 6 workers of 6 for evacuation
[102.405s][info][gc,heap        ] GC(142) ParNew: 409856K->794K(460096K)
[102.405s][info][gc,heap        ] GC(142) CMS: 15451K->15451K(7877440K)
[102.405s][info][gc,metaspace   ] GC(142) Metaspace: 59355K(68548K)->59355K(68548K) NonClass: 51654K(56464K)->51654K(56464K) Class: 7701K(12084K)->7701K(12084K)
[102.405s][info][gc             ] GC(142) Pause Young (Allocation Failure) 415M->15M(8142M) 17.283ms
[102.405s][info][gc,cpu         ] GC(142) User=0.02s Sys=0.00s Real=0.02s
[103.067s][info][gc,start       ] GC(143) Pause Young (Allocation Failure)
[103.067s][info][gc,task        ] GC(143) Using 6 workers of 6 for evacuation
[103.084s][info][gc,heap        ] GC(143) ParNew: 409818K->795K(460096K)
[103.084s][info][gc,heap        ] GC(143) CMS: 15451K->15451K(7877440K)
[103.084s][info][gc,metaspace   ] GC(143) Metaspace: 59355K(68548K)->59355K(68548K) NonClass: 51654K(56464K)->51654K(56464K) Class: 7701K(12084K)->7701K(12084K)
[103.084s][info][gc             ] GC(143) Pause Young (Allocation Failure) 415M->15M(8142M) 16.862ms
[103.084s][info][gc,cpu         ] GC(143) User=0.02s Sys=0.00s Real=0.01s
[103.820s][info][gc,start       ] GC(144) Pause Young (Allocation Failure)
[103.820s][info][gc,task        ] GC(144) Using 6 workers of 6 for evacuation
[103.836s][info][gc,heap        ] GC(144) ParNew: 409819K->509K(460096K)
[103.836s][info][gc,heap        ] GC(144) CMS: 15451K->15693K(7877440K)
[103.836s][info][gc,metaspace   ] GC(144) Metaspace: 59355K(68548K)->59355K(68548K) NonClass: 51654K(56464K)->51654K(56464K) Class: 7701K(12084K)->7701K(12084K)
[103.836s][info][gc             ] GC(144) Pause Young (Allocation Failure) 415M->15M(8142M) 16.602ms
[103.836s][info][gc,cpu         ] GC(144) User=0.02s Sys=0.00s Real=0.02s
[103.845s][info][gc,start       ] GC(145) Pause Full (System.gc())
[103.846s][info][gc,phases,start] GC(145) Phase 1: Mark live objects
[103.869s][info][gc,phases      ] GC(145) Phase 1: Mark live objects 22.892ms
[103.869s][info][gc,phases,start] GC(145) Phase 2: Compute new object addresses
[103.874s][info][gc,phases      ] GC(145) Phase 2: Compute new object addresses 4.955ms
[103.874s][info][gc,phases,start] GC(145) Phase 3: Adjust pointers
[103.890s][info][gc,phases      ] GC(145) Phase 3: Adjust pointers 16.556ms
[103.890s][info][gc,phases,start] GC(145) Phase 4: Move objects
[103.891s][info][gc,phases      ] GC(145) Phase 4: Move objects 0.628ms
[103.896s][info][gc,heap        ] GC(145) ParNew: 5436K->0K(460096K)
[103.896s][info][gc,heap        ] GC(145) CMS: 15693K->15446K(7877440K)
[103.896s][info][gc,metaspace   ] GC(145) Metaspace: 59359K(68548K)->59359K(68548K) NonClass: 51657K(56464K)->51657K(56464K) Class: 7701K(12084K)->7701K(12084K)
[103.897s][info][gc             ] GC(145) Pause Full (System.gc()) 20M->15M(8142M) 51.259ms
[103.897s][info][gc,cpu         ] GC(145) User=0.05s Sys=0.00s Real=0.04s
[104.606s][info][gc,start       ] GC(146) Pause Young (Allocation Failure)
[104.606s][info][gc,task        ] GC(146) Using 6 workers of 6 for evacuation
[104.623s][info][gc,heap        ] GC(146) ParNew: 409024K->570K(460096K)
[104.623s][info][gc,heap        ] GC(146) CMS: 15446K->15446K(7877440K)
[104.623s][info][gc,metaspace   ] GC(146) Metaspace: 59374K(68548K)->59374K(68548K) NonClass: 51673K(56464K)->51673K(56464K) Class: 7701K(12084K)->7701K(12084K)
[104.623s][info][gc             ] GC(146) Pause Young (Allocation Failure) 414M->15M(8142M) 16.847ms
[104.623s][info][gc,cpu         ] GC(146) User=0.02s Sys=0.00s Real=0.02s
[105.301s][info][gc,start       ] GC(147) Pause Young (Allocation Failure)
[105.301s][info][gc,task        ] GC(147) Using 6 workers of 6 for evacuation
[105.318s][info][gc,heap        ] GC(147) ParNew: 409594K->732K(460096K)
[105.318s][info][gc,heap        ] GC(147) CMS: 15446K->15446K(7877440K)
[105.318s][info][gc,metaspace   ] GC(147) Metaspace: 59380K(68548K)->59380K(68548K) NonClass: 51679K(56464K)->51679K(56464K) Class: 7701K(12084K)->7701K(12084K)
[105.319s][info][gc             ] GC(147) Pause Young (Allocation Failure) 415M->15M(8142M) 17.143ms
[105.319s][info][gc,cpu         ] GC(147) User=0.02s Sys=0.00s Real=0.02s
[105.977s][info][gc,start       ] GC(148) Pause Young (Allocation Failure)
[105.977s][info][gc,task        ] GC(148) Using 6 workers of 6 for evacuation
[105.994s][info][gc,heap        ] GC(148) ParNew: 409756K->805K(460096K)
[105.994s][info][gc,heap        ] GC(148) CMS: 15446K->15446K(7877440K)
[105.994s][info][gc,metaspace   ] GC(148) Metaspace: 59387K(68548K)->59387K(68548K) NonClass: 51686K(56464K)->51686K(56464K) Class: 7701K(12084K)->7701K(12084K)
[105.994s][info][gc             ] GC(148) Pause Young (Allocation Failure) 415M->15M(8142M) 16.659ms
[105.994s][info][gc,cpu         ] GC(148) User=0.00s Sys=0.00s Real=0.01s
[106.674s][info][gc,start       ] GC(149) Pause Young (Allocation Failure)
[106.674s][info][gc,task        ] GC(149) Using 6 workers of 6 for evacuation
[106.691s][info][gc,heap        ] GC(149) ParNew: 409829K->697K(460096K)
[106.691s][info][gc,heap        ] GC(149) CMS: 15446K->15446K(7877440K)
[106.691s][info][gc,metaspace   ] GC(149) Metaspace: 59387K(68548K)->59387K(68548K) NonClass: 51686K(56464K)->51686K(56464K) Class: 7701K(12084K)->7701K(12084K)
[106.691s][info][gc             ] GC(149) Pause Young (Allocation Failure) 415M->15M(8142M) 16.784ms
[106.691s][info][gc,cpu         ] GC(149) User=0.02s Sys=0.00s Real=0.02s
[107.368s][info][gc,start       ] GC(150) Pause Young (Allocation Failure)
[107.368s][info][gc,task        ] GC(150) Using 6 workers of 6 for evacuation
[107.385s][info][gc,heap        ] GC(150) ParNew: 409570K->759K(460096K)
[107.385s][info][gc,heap        ] GC(150) CMS: 15446K->15446K(7877440K)
[107.385s][info][gc,metaspace   ] GC(150) Metaspace: 59387K(68548K)->59387K(68548K) NonClass: 51686K(56464K)->51686K(56464K) Class: 7701K(12084K)->7701K(12084K)
[107.385s][info][gc             ] GC(150) Pause Young (Allocation Failure) 415M->15M(8142M) 16.833ms
[107.385s][info][gc,cpu         ] GC(150) User=0.02s Sys=0.00s Real=0.02s
[108.045s][info][gc,start       ] GC(151) Pause Young (Allocation Failure)
[108.045s][info][gc,task        ] GC(151) Using 6 workers of 6 for evacuation
[108.061s][info][gc,heap        ] GC(151) ParNew: 409783K->764K(460096K)
[108.061s][info][gc,heap        ] GC(151) CMS: 15446K->15446K(7877440K)
[108.061s][info][gc,metaspace   ] GC(151) Metaspace: 59387K(68548K)->59387K(68548K) NonClass: 51686K(56464K)->51686K(56464K) Class: 7701K(12084K)->7701K(12084K)
[108.061s][info][gc             ] GC(151) Pause Young (Allocation Failure) 415M->15M(8142M) 16.398ms
[108.061s][info][gc,cpu         ] GC(151) User=0.08s Sys=0.00s Real=0.02s
[108.754s][info][gc,start       ] GC(152) Pause Young (Allocation Failure)
[108.754s][info][gc,task        ] GC(152) Using 6 workers of 6 for evacuation
[108.770s][info][gc,heap        ] GC(152) ParNew: 409788K->505K(460096K)
[108.770s][info][gc,heap        ] GC(152) CMS: 15446K->15723K(7877440K)
[108.770s][info][gc,metaspace   ] GC(152) Metaspace: 59388K(68548K)->59388K(68548K) NonClass: 51686K(56464K)->51686K(56464K) Class: 7701K(12084K)->7701K(12084K)
[108.771s][info][gc             ] GC(152) Pause Young (Allocation Failure) 415M->15M(8142M) 16.203ms
[108.771s][info][gc,cpu         ] GC(152) User=0.02s Sys=0.00s Real=0.02s
[108.783s][info][gc,start       ] GC(153) Pause Full (System.gc())
[108.784s][info][gc,phases,start] GC(153) Phase 1: Mark live objects
[108.806s][info][gc,phases      ] GC(153) Phase 1: Mark live objects 21.879ms
[108.806s][info][gc,phases,start] GC(153) Phase 2: Compute new object addresses
[108.811s][info][gc,phases      ] GC(153) Phase 2: Compute new object addresses 5.363ms
[108.811s][info][gc,phases,start] GC(153) Phase 3: Adjust pointers
[108.828s][info][gc,phases      ] GC(153) Phase 3: Adjust pointers 16.624ms
[108.828s][info][gc,phases,start] GC(153) Phase 4: Move objects
[108.830s][info][gc,phases      ] GC(153) Phase 4: Move objects 1.970ms
[108.835s][info][gc,heap        ] GC(153) ParNew: 7485K->0K(460096K)
[108.835s][info][gc,heap        ] GC(153) CMS: 15723K->15456K(7877440K)
[108.835s][info][gc,metaspace   ] GC(153) Metaspace: 59389K(68548K)->59389K(68548K) NonClass: 51687K(56464K)->51687K(56464K) Class: 7701K(12084K)->7701K(12084K)
[108.835s][info][gc             ] GC(153) Pause Full (System.gc()) 22M->15M(8142M) 52.325ms
[108.835s][info][gc,cpu         ] GC(153) User=0.05s Sys=0.00s Real=0.05s
[109.533s][info][gc,start       ] GC(154) Pause Young (Allocation Failure)
[109.533s][info][gc,task        ] GC(154) Using 6 workers of 6 for evacuation
[109.550s][info][gc,heap        ] GC(154) ParNew: 409024K->633K(460096K)
[109.550s][info][gc,heap        ] GC(154) CMS: 15456K->15456K(7877440K)
[109.550s][info][gc,metaspace   ] GC(154) Metaspace: 59422K(68548K)->59422K(68548K) NonClass: 51721K(56464K)->51721K(56464K) Class: 7701K(12084K)->7701K(12084K)
[109.550s][info][gc             ] GC(154) Pause Young (Allocation Failure) 414M->15M(8142M) 17.790ms
[109.550s][info][gc,cpu         ] GC(154) User=0.03s Sys=0.00s Real=0.03s
[110.226s][info][gc,start       ] GC(155) Pause Young (Allocation Failure)
[110.226s][info][gc,task        ] GC(155) Using 6 workers of 6 for evacuation
[110.244s][info][gc,heap        ] GC(155) ParNew: 409657K->725K(460096K)
[110.244s][info][gc,heap        ] GC(155) CMS: 15456K->15456K(7877440K)
[110.244s][info][gc,metaspace   ] GC(155) Metaspace: 59422K(68548K)->59422K(68548K) NonClass: 51721K(56464K)->51721K(56464K) Class: 7701K(12084K)->7701K(12084K)
[110.244s][info][gc             ] GC(155) Pause Young (Allocation Failure) 415M->15M(8142M) 18.323ms
[110.244s][info][gc,cpu         ] GC(155) User=0.02s Sys=0.00s Real=0.02s
[110.924s][info][gc,start       ] GC(156) Pause Young (Allocation Failure)
[110.924s][info][gc,task        ] GC(156) Using 6 workers of 6 for evacuation
[110.942s][info][gc,heap        ] GC(156) ParNew: 409749K->817K(460096K)
[110.942s][info][gc,heap        ] GC(156) CMS: 15456K->15456K(7877440K)
[110.942s][info][gc,metaspace   ] GC(156) Metaspace: 59422K(68548K)->59422K(68548K) NonClass: 51721K(56464K)->51721K(56464K) Class: 7701K(12084K)->7701K(12084K)
[110.942s][info][gc             ] GC(156) Pause Young (Allocation Failure) 415M->15M(8142M) 17.327ms
[110.942s][info][gc,cpu         ] GC(156) User=0.03s Sys=0.00s Real=0.02s
[111.618s][info][gc,start       ] GC(157) Pause Young (Allocation Failure)
[111.618s][info][gc,task        ] GC(157) Using 6 workers of 6 for evacuation
[111.635s][info][gc,heap        ] GC(157) ParNew: 409841K->818K(460096K)
[111.636s][info][gc,heap        ] GC(157) CMS: 15456K->15456K(7877440K)
[111.636s][info][gc,metaspace   ] GC(157) Metaspace: 59422K(68548K)->59422K(68548K) NonClass: 51721K(56464K)->51721K(56464K) Class: 7701K(12084K)->7701K(12084K)
[111.636s][info][gc             ] GC(157) Pause Young (Allocation Failure) 415M->15M(8142M) 17.528ms
[111.636s][info][gc,cpu         ] GC(157) User=0.02s Sys=0.00s Real=0.02s
[112.315s][info][gc,start       ] GC(158) Pause Young (Allocation Failure)
[112.315s][info][gc,task        ] GC(158) Using 6 workers of 6 for evacuation
[112.332s][info][gc,heap        ] GC(158) ParNew: 409842K->853K(460096K)
[112.332s][info][gc,heap        ] GC(158) CMS: 15456K->15456K(7877440K)
[112.332s][info][gc,metaspace   ] GC(158) Metaspace: 59422K(68548K)->59422K(68548K) NonClass: 51721K(56464K)->51721K(56464K) Class: 7701K(12084K)->7701K(12084K)
[112.332s][info][gc             ] GC(158) Pause Young (Allocation Failure) 415M->15M(8142M) 17.195ms
[112.332s][info][gc,cpu         ] GC(158) User=0.02s Sys=0.00s Real=0.02s
[112.994s][info][gc,start       ] GC(159) Pause Young (Allocation Failure)
[112.994s][info][gc,task        ] GC(159) Using 6 workers of 6 for evacuation
[113.012s][info][gc,heap        ] GC(159) ParNew: 409877K->742K(460096K)
[113.012s][info][gc,heap        ] GC(159) CMS: 15456K->15456K(7877440K)
[113.012s][info][gc,metaspace   ] GC(159) Metaspace: 59422K(68548K)->59422K(68548K) NonClass: 51721K(56464K)->51721K(56464K) Class: 7701K(12084K)->7701K(12084K)
[113.012s][info][gc             ] GC(159) Pause Young (Allocation Failure) 415M->15M(8142M) 17.644ms
[113.012s][info][gc,cpu         ] GC(159) User=0.02s Sys=0.00s Real=0.02s
[113.699s][info][gc,start       ] GC(160) Pause Young (Allocation Failure)
[113.699s][info][gc,task        ] GC(160) Using 6 workers of 6 for evacuation
[113.717s][info][gc,heap        ] GC(160) ParNew: 409766K->454K(460096K)
[113.717s][info][gc,heap        ] GC(160) CMS: 15456K->15711K(7877440K)
[113.717s][info][gc,metaspace   ] GC(160) Metaspace: 59423K(68548K)->59423K(68548K) NonClass: 51722K(56464K)->51722K(56464K) Class: 7701K(12084K)->7701K(12084K)
[113.717s][info][gc             ] GC(160) Pause Young (Allocation Failure) 415M->15M(8142M) 17.264ms
[113.717s][info][gc,cpu         ] GC(160) User=0.02s Sys=0.00s Real=0.02s
[113.719s][info][gc,start       ] GC(161) Pause Full (System.gc())
[113.719s][info][gc,phases,start] GC(161) Phase 1: Mark live objects
[113.742s][info][gc,phases      ] GC(161) Phase 1: Mark live objects 22.148ms
[113.742s][info][gc,phases,start] GC(161) Phase 2: Compute new object addresses
[113.746s][info][gc,phases      ] GC(161) Phase 2: Compute new object addresses 4.603ms
[113.746s][info][gc,phases,start] GC(161) Phase 3: Adjust pointers
[113.763s][info][gc,phases      ] GC(161) Phase 3: Adjust pointers 16.474ms
[113.763s][info][gc,phases,start] GC(161) Phase 4: Move objects
[113.764s][info][gc,phases      ] GC(161) Phase 4: Move objects 1.052ms
[113.769s][info][gc,heap        ] GC(161) ParNew: 5050K->0K(460096K)
[113.770s][info][gc,heap        ] GC(161) CMS: 15711K->15447K(7877440K)
[113.770s][info][gc,metaspace   ] GC(161) Metaspace: 59424K(68548K)->59424K(68548K) NonClass: 51722K(56464K)->51722K(56464K) Class: 7701K(12084K)->7701K(12084K)
[113.770s][info][gc             ] GC(161) Pause Full (System.gc()) 20M->15M(8142M) 51.513ms
[113.770s][info][gc,cpu         ] GC(161) User=0.05s Sys=0.00s Real=0.05s
[114.472s][info][gc,start       ] GC(162) Pause Young (Allocation Failure)
[114.472s][info][gc,task        ] GC(162) Using 6 workers of 6 for evacuation
[114.489s][info][gc,heap        ] GC(162) ParNew: 409024K->615K(460096K)
[114.489s][info][gc,heap        ] GC(162) CMS: 15447K->15447K(7877440K)
[114.489s][info][gc,metaspace   ] GC(162) Metaspace: 59435K(68548K)->59435K(68548K) NonClass: 51733K(56464K)->51733K(56464K) Class: 7701K(12084K)->7701K(12084K)
[114.489s][info][gc             ] GC(162) Pause Young (Allocation Failure) 414M->15M(8142M) 16.856ms
[114.489s][info][gc,cpu         ] GC(162) User=0.02s Sys=0.00s Real=0.02s
[115.147s][info][gc,start       ] GC(163) Pause Young (Allocation Failure)
[115.147s][info][gc,task        ] GC(163) Using 6 workers of 6 for evacuation
[115.166s][info][gc,heap        ] GC(163) ParNew: 409639K->811K(460096K)
[115.166s][info][gc,heap        ] GC(163) CMS: 15447K->15447K(7877440K)
[115.166s][info][gc,metaspace   ] GC(163) Metaspace: 59435K(68548K)->59435K(68548K) NonClass: 51733K(56464K)->51733K(56464K) Class: 7701K(12084K)->7701K(12084K)
[115.166s][info][gc             ] GC(163) Pause Young (Allocation Failure) 415M->15M(8142M) 19.147ms
[115.166s][info][gc,cpu         ] GC(163) User=0.00s Sys=0.00s Real=0.02s
[115.829s][info][gc,start       ] GC(164) Pause Young (Allocation Failure)
[115.829s][info][gc,task        ] GC(164) Using 6 workers of 6 for evacuation
[115.847s][info][gc,heap        ] GC(164) ParNew: 409835K->841K(460096K)
[115.847s][info][gc,heap        ] GC(164) CMS: 15447K->15447K(7877440K)
[115.847s][info][gc,metaspace   ] GC(164) Metaspace: 59435K(68548K)->59435K(68548K) NonClass: 51733K(56464K)->51733K(56464K) Class: 7701K(12084K)->7701K(12084K)
[115.847s][info][gc             ] GC(164) Pause Young (Allocation Failure) 415M->15M(8142M) 18.481ms
[115.847s][info][gc,cpu         ] GC(164) User=0.02s Sys=0.00s Real=0.02s
[116.519s][info][gc,start       ] GC(165) Pause Young (Allocation Failure)
[116.519s][info][gc,task        ] GC(165) Using 6 workers of 6 for evacuation
[116.535s][info][gc,heap        ] GC(165) ParNew: 409865K->717K(460096K)
[116.535s][info][gc,heap        ] GC(165) CMS: 15447K->15447K(7877440K)
[116.535s][info][gc,metaspace   ] GC(165) Metaspace: 59435K(68548K)->59435K(68548K) NonClass: 51733K(56464K)->51733K(56464K) Class: 7701K(12084K)->7701K(12084K)
[116.535s][info][gc             ] GC(165) Pause Young (Allocation Failure) 415M->15M(8142M) 16.484ms
[116.535s][info][gc,cpu         ] GC(165) User=0.02s Sys=0.00s Real=0.02s
[117.201s][info][gc,start       ] GC(166) Pause Young (Allocation Failure)
[117.201s][info][gc,task        ] GC(166) Using 6 workers of 6 for evacuation
[117.219s][info][gc,heap        ] GC(166) ParNew: 409741K->851K(460096K)
[117.219s][info][gc,heap        ] GC(166) CMS: 15447K->15447K(7877440K)
[117.219s][info][gc,metaspace   ] GC(166) Metaspace: 59435K(68548K)->59435K(68548K) NonClass: 51733K(56464K)->51733K(56464K) Class: 7701K(12084K)->7701K(12084K)
[117.219s][info][gc             ] GC(166) Pause Young (Allocation Failure) 415M->15M(8142M) 17.954ms
[117.219s][info][gc,cpu         ] GC(166) User=0.03s Sys=0.00s Real=0.03s
[117.881s][info][gc,start       ] GC(167) Pause Young (Allocation Failure)
[117.881s][info][gc,task        ] GC(167) Using 6 workers of 6 for evacuation
[117.898s][info][gc,heap        ] GC(167) ParNew: 409875K->736K(460096K)
[117.898s][info][gc,heap        ] GC(167) CMS: 15447K->15447K(7877440K)
[117.898s][info][gc,metaspace   ] GC(167) Metaspace: 59435K(68548K)->59435K(68548K) NonClass: 51733K(56464K)->51733K(56464K) Class: 7701K(12084K)->7701K(12084K)
[117.898s][info][gc             ] GC(167) Pause Young (Allocation Failure) 415M->15M(8142M) 16.837ms
[117.898s][info][gc,cpu         ] GC(167) User=0.02s Sys=0.00s Real=0.02s
[118.593s][info][gc,start       ] GC(168) Pause Young (Allocation Failure)
[118.593s][info][gc,task        ] GC(168) Using 6 workers of 6 for evacuation
[118.615s][info][gc,heap        ] GC(168) ParNew: 409760K->494K(460096K)
[118.615s][info][gc,heap        ] GC(168) CMS: 15447K->15634K(7877440K)
[118.615s][info][gc,metaspace   ] GC(168) Metaspace: 59437K(68548K)->59437K(68548K) NonClass: 51735K(56464K)->51735K(56464K) Class: 7701K(12084K)->7701K(12084K)
[118.615s][info][gc             ] GC(168) Pause Young (Allocation Failure) 415M->15M(8142M) 21.231ms
[118.615s][info][gc,cpu         ] GC(168) User=0.02s Sys=0.00s Real=0.02s
[118.617s][info][gc,start       ] GC(169) Pause Full (System.gc())
[118.618s][info][gc,phases,start] GC(169) Phase 1: Mark live objects
[118.639s][info][gc,phases      ] GC(169) Phase 1: Mark live objects 21.340ms
[118.639s][info][gc,phases,start] GC(169) Phase 2: Compute new object addresses
[118.644s][info][gc,phases      ] GC(169) Phase 2: Compute new object addresses 4.646ms
[118.644s][info][gc,phases,start] GC(169) Phase 3: Adjust pointers
[118.660s][info][gc,phases      ] GC(169) Phase 3: Adjust pointers 16.397ms
[118.660s][info][gc,phases,start] GC(169) Phase 4: Move objects
[118.661s][info][gc,phases      ] GC(169) Phase 4: Move objects 0.634ms
[118.666s][info][gc,heap        ] GC(169) ParNew: 2429K->0K(460096K)
[118.666s][info][gc,heap        ] GC(169) CMS: 15634K->15498K(7877440K)
[118.666s][info][gc,metaspace   ] GC(169) Metaspace: 59439K(68548K)->59439K(68548K) NonClass: 51738K(56464K)->51738K(56464K) Class: 7701K(12084K)->7701K(12084K)
[118.666s][info][gc             ] GC(169) Pause Full (System.gc()) 17M->15M(8142M) 49.733ms
[118.666s][info][gc,cpu         ] GC(169) User=0.00s Sys=0.00s Real=0.05s
[119.368s][info][gc,start       ] GC(170) Pause Young (Allocation Failure)
[119.368s][info][gc,task        ] GC(170) Using 6 workers of 6 for evacuation
[119.385s][info][gc,heap        ] GC(170) ParNew: 409024K->547K(460096K)
[119.385s][info][gc,heap        ] GC(170) CMS: 15498K->15498K(7877440K)
[119.385s][info][gc,metaspace   ] GC(170) Metaspace: 59490K(68548K)->59490K(68548K) NonClass: 51789K(56464K)->51789K(56464K) Class: 7701K(12084K)->7701K(12084K)
[119.385s][info][gc             ] GC(170) Pause Young (Allocation Failure) 414M->15M(8142M) 17.380ms
[119.385s][info][gc,cpu         ] GC(170) User=0.02s Sys=0.00s Real=0.02s
[120.044s][info][gc,start       ] GC(171) Pause Young (Allocation Failure)
[120.044s][info][gc,task        ] GC(171) Using 6 workers of 6 for evacuation
[120.062s][info][gc,heap        ] GC(171) ParNew: 409571K->773K(460096K)
[120.062s][info][gc,heap        ] GC(171) CMS: 15498K->15498K(7877440K)
[120.062s][info][gc,metaspace   ] GC(171) Metaspace: 59490K(68548K)->59490K(68548K) NonClass: 51789K(56464K)->51789K(56464K) Class: 7701K(12084K)->7701K(12084K)
[120.062s][info][gc             ] GC(171) Pause Young (Allocation Failure) 415M->15M(8142M) 18.307ms
[120.062s][info][gc,cpu         ] GC(171) User=0.02s Sys=0.00s Real=0.02s
[120.732s][info][gc,start       ] GC(172) Pause Young (Allocation Failure)
[120.732s][info][gc,task        ] GC(172) Using 6 workers of 6 for evacuation
[120.748s][info][gc,heap        ] GC(172) ParNew: 409797K->798K(460096K)
[120.748s][info][gc,heap        ] GC(172) CMS: 15498K->15498K(7877440K)
[120.748s][info][gc,metaspace   ] GC(172) Metaspace: 59490K(68548K)->59490K(68548K) NonClass: 51789K(56464K)->51789K(56464K) Class: 7701K(12084K)->7701K(12084K)
[120.748s][info][gc             ] GC(172) Pause Young (Allocation Failure) 415M->15M(8142M) 16.453ms
[120.748s][info][gc,cpu         ] GC(172) User=0.02s Sys=0.00s Real=0.02s
[121.422s][info][gc,start       ] GC(173) Pause Young (Allocation Failure)
[121.423s][info][gc,task        ] GC(173) Using 6 workers of 6 for evacuation
[121.441s][info][gc,heap        ] GC(173) ParNew: 409822K->673K(460096K)
[121.441s][info][gc,heap        ] GC(173) CMS: 15498K->15498K(7877440K)
[121.441s][info][gc,metaspace   ] GC(173) Metaspace: 59490K(68548K)->59490K(68548K) NonClass: 51789K(56464K)->51789K(56464K) Class: 7701K(12084K)->7701K(12084K)
[121.441s][info][gc             ] GC(173) Pause Young (Allocation Failure) 415M->15M(8142M) 18.361ms
[121.441s][info][gc,cpu         ] GC(173) User=0.02s Sys=0.00s Real=0.02s
[122.099s][info][gc,start       ] GC(174) Pause Young (Allocation Failure)
[122.100s][info][gc,task        ] GC(174) Using 6 workers of 6 for evacuation
[122.117s][info][gc,heap        ] GC(174) ParNew: 409697K->705K(460096K)
[122.117s][info][gc,heap        ] GC(174) CMS: 15498K->15498K(7877440K)
[122.117s][info][gc,metaspace   ] GC(174) Metaspace: 59490K(68548K)->59490K(68548K) NonClass: 51789K(56464K)->51789K(56464K) Class: 7701K(12084K)->7701K(12084K)
[122.117s][info][gc             ] GC(174) Pause Young (Allocation Failure) 415M->15M(8142M) 17.487ms
[122.117s][info][gc,cpu         ] GC(174) User=0.02s Sys=0.00s Real=0.02s
[122.791s][info][gc,start       ] GC(175) Pause Young (Allocation Failure)
[122.791s][info][gc,task        ] GC(175) Using 6 workers of 6 for evacuation
[122.809s][info][gc,heap        ] GC(175) ParNew: 409729K->721K(460096K)
[122.809s][info][gc,heap        ] GC(175) CMS: 15498K->15498K(7877440K)
[122.809s][info][gc,metaspace   ] GC(175) Metaspace: 59490K(68548K)->59490K(68548K) NonClass: 51789K(56464K)->51789K(56464K) Class: 7701K(12084K)->7701K(12084K)
[122.809s][info][gc             ] GC(175) Pause Young (Allocation Failure) 415M->15M(8142M) 17.744ms
[122.809s][info][gc,cpu         ] GC(175) User=0.02s Sys=0.02s Real=0.03s
[123.506s][info][gc,start       ] GC(176) Pause Young (Allocation Failure)
[123.506s][info][gc,task        ] GC(176) Using 6 workers of 6 for evacuation
[123.523s][info][gc,heap        ] GC(176) ParNew: 409745K->469K(460096K)
[123.523s][info][gc,heap        ] GC(176) CMS: 15498K->15738K(7877440K)
[123.523s][info][gc,metaspace   ] GC(176) Metaspace: 59520K(68804K)->59520K(68804K) NonClass: 51819K(56720K)->51819K(56720K) Class: 7701K(12084K)->7701K(12084K)
[123.523s][info][gc             ] GC(176) Pause Young (Allocation Failure) 415M->15M(8142M) 17.177ms
[123.523s][info][gc,cpu         ] GC(176) User=0.02s Sys=0.00s Real=0.02s
[123.523s][info][gc,start       ] GC(177) Pause Full (System.gc())
[123.524s][info][gc,phases,start] GC(177) Phase 1: Mark live objects
[123.546s][info][gc,phases      ] GC(177) Phase 1: Mark live objects 21.900ms
[123.546s][info][gc,phases,start] GC(177) Phase 2: Compute new object addresses
[123.551s][info][gc,phases      ] GC(177) Phase 2: Compute new object addresses 4.585ms
[123.551s][info][gc,phases,start] GC(177) Phase 3: Adjust pointers
[123.567s][info][gc,phases      ] GC(177) Phase 3: Adjust pointers 16.418ms
[123.567s][info][gc,phases,start] GC(177) Phase 4: Move objects
[123.568s][info][gc,phases      ] GC(177) Phase 4: Move objects 0.628ms
[123.573s][info][gc,heap        ] GC(177) ParNew: 1452K->0K(460096K)
[123.573s][info][gc,heap        ] GC(177) CMS: 15738K->15500K(7877440K)
[123.573s][info][gc,metaspace   ] GC(177) Metaspace: 59520K(68804K)->59520K(68804K) NonClass: 51819K(56720K)->51819K(56720K) Class: 7701K(12084K)->7701K(12084K)
[123.573s][info][gc             ] GC(177) Pause Full (System.gc()) 16M->15M(8142M) 50.095ms
[123.573s][info][gc,cpu         ] GC(177) User=0.05s Sys=0.00s Real=0.05s
[124.279s][info][gc,start       ] GC(178) Pause Young (Allocation Failure)
[124.279s][info][gc,task        ] GC(178) Using 6 workers of 6 for evacuation
[124.297s][info][gc,heap        ] GC(178) ParNew: 409024K->576K(460096K)
[124.297s][info][gc,heap        ] GC(178) CMS: 15500K->15500K(7877440K)
[124.297s][info][gc,metaspace   ] GC(178) Metaspace: 59542K(68804K)->59542K(68804K) NonClass: 51841K(56720K)->51841K(56720K) Class: 7701K(12084K)->7701K(12084K)
[124.297s][info][gc             ] GC(178) Pause Young (Allocation Failure) 414M->15M(8142M) 17.835ms
[124.297s][info][gc,cpu         ] GC(178) User=0.02s Sys=0.00s Real=0.02s
[124.967s][info][gc,start       ] GC(179) Pause Young (Allocation Failure)
[124.968s][info][gc,task        ] GC(179) Using 6 workers of 6 for evacuation
[124.985s][info][gc,heap        ] GC(179) ParNew: 409600K->850K(460096K)
[124.985s][info][gc,heap        ] GC(179) CMS: 15500K->15500K(7877440K)
[124.985s][info][gc,metaspace   ] GC(179) Metaspace: 59542K(68804K)->59542K(68804K) NonClass: 51841K(56720K)->51841K(56720K) Class: 7701K(12084K)->7701K(12084K)
[124.985s][info][gc             ] GC(179) Pause Young (Allocation Failure) 415M->15M(8142M) 17.434ms
[124.985s][info][gc,cpu         ] GC(179) User=0.02s Sys=0.00s Real=0.01s
[125.666s][info][gc,start       ] GC(180) Pause Young (Allocation Failure)
[125.666s][info][gc,task        ] GC(180) Using 6 workers of 6 for evacuation
[125.683s][info][gc,heap        ] GC(180) ParNew: 409874K->897K(460096K)
[125.683s][info][gc,heap        ] GC(180) CMS: 15500K->15500K(7877440K)
[125.683s][info][gc,metaspace   ] GC(180) Metaspace: 59542K(68804K)->59542K(68804K) NonClass: 51841K(56720K)->51841K(56720K) Class: 7701K(12084K)->7701K(12084K)
[125.683s][info][gc             ] GC(180) Pause Young (Allocation Failure) 415M->16M(8142M) 17.301ms
[125.683s][info][gc,cpu         ] GC(180) User=0.02s Sys=0.00s Real=0.01s
[126.371s][info][gc,start       ] GC(181) Pause Young (Allocation Failure)
[126.372s][info][gc,task        ] GC(181) Using 6 workers of 6 for evacuation
[126.389s][info][gc,heap        ] GC(181) ParNew: 409921K->682K(460096K)
[126.389s][info][gc,heap        ] GC(181) CMS: 15500K->15500K(7877440K)
[126.389s][info][gc,metaspace   ] GC(181) Metaspace: 59542K(68804K)->59542K(68804K) NonClass: 51841K(56720K)->51841K(56720K) Class: 7701K(12084K)->7701K(12084K)
[126.389s][info][gc             ] GC(181) Pause Young (Allocation Failure) 415M->15M(8142M) 17.476ms
[126.389s][info][gc,cpu         ] GC(181) User=0.02s Sys=0.00s Real=0.01s
[127.059s][info][gc,start       ] GC(182) Pause Young (Allocation Failure)
[127.059s][info][gc,task        ] GC(182) Using 6 workers of 6 for evacuation
[127.077s][info][gc,heap        ] GC(182) ParNew: 409706K->697K(460096K)
[127.077s][info][gc,heap        ] GC(182) CMS: 15500K->15500K(7877440K)
[127.077s][info][gc,metaspace   ] GC(182) Metaspace: 59542K(68804K)->59542K(68804K) NonClass: 51841K(56720K)->51841K(56720K) Class: 7701K(12084K)->7701K(12084K)
[127.077s][info][gc             ] GC(182) Pause Young (Allocation Failure) 415M->15M(8142M) 17.932ms
[127.077s][info][gc,cpu         ] GC(182) User=0.02s Sys=0.00s Real=0.02s
[127.758s][info][gc,start       ] GC(183) Pause Young (Allocation Failure)
[127.758s][info][gc,task        ] GC(183) Using 6 workers of 6 for evacuation
[127.775s][info][gc,heap        ] GC(183) ParNew: 409721K->666K(460096K)
[127.775s][info][gc,heap        ] GC(183) CMS: 15500K->15500K(7877440K)
[127.775s][info][gc,metaspace   ] GC(183) Metaspace: 59542K(68804K)->59542K(68804K) NonClass: 51841K(56720K)->51841K(56720K) Class: 7701K(12084K)->7701K(12084K)
[127.775s][info][gc             ] GC(183) Pause Young (Allocation Failure) 415M->15M(8142M) 17.349ms
[127.775s][info][gc,cpu         ] GC(183) User=0.02s Sys=0.00s Real=0.02s
[128.463s][info][gc,start       ] GC(184) Pause Young (Allocation Failure)
[128.463s][info][gc,task        ] GC(184) Using 6 workers of 6 for evacuation
[128.481s][info][gc,heap        ] GC(184) ParNew: 409690K->505K(460096K)
[128.481s][info][gc,heap        ] GC(184) CMS: 15500K->15857K(7877440K)
[128.481s][info][gc,metaspace   ] GC(184) Metaspace: 59542K(68804K)->59542K(68804K) NonClass: 51841K(56720K)->51841K(56720K) Class: 7701K(12084K)->7701K(12084K)
[128.481s][info][gc             ] GC(184) Pause Young (Allocation Failure) 415M->15M(8142M) 17.236ms
[128.481s][info][gc,cpu         ] GC(184) User=0.00s Sys=0.00s Real=0.00s
[128.489s][info][gc,start       ] GC(185) Pause Full (System.gc())
[128.489s][info][gc,phases,start] GC(185) Phase 1: Mark live objects
[128.512s][info][gc,phases      ] GC(185) Phase 1: Mark live objects 22.190ms
[128.512s][info][gc,phases,start] GC(185) Phase 2: Compute new object addresses
[128.517s][info][gc,phases      ] GC(185) Phase 2: Compute new object addresses 5.287ms
[128.517s][info][gc,phases,start] GC(185) Phase 3: Adjust pointers
[128.534s][info][gc,phases      ] GC(185) Phase 3: Adjust pointers 16.703ms
[128.534s][info][gc,phases,start] GC(185) Phase 4: Move objects
[128.534s][info][gc,phases      ] GC(185) Phase 4: Move objects 0.728ms
[128.539s][info][gc,heap        ] GC(185) ParNew: 5822K->0K(460096K)
[128.539s][info][gc,heap        ] GC(185) CMS: 15857K->15447K(7877440K)
[128.539s][info][gc,metaspace   ] GC(185) Metaspace: 59542K(68804K)->59542K(68804K) NonClass: 51841K(56720K)->51841K(56720K) Class: 7701K(12084K)->7701K(12084K)
[128.540s][info][gc             ] GC(185) Pause Full (System.gc()) 21M->15M(8142M) 51.312ms
[128.540s][info][gc,cpu         ] GC(185) User=0.05s Sys=0.00s Real=0.05s
[129.252s][info][gc,start       ] GC(186) Pause Young (Allocation Failure)
[129.252s][info][gc,task        ] GC(186) Using 6 workers of 6 for evacuation
[129.269s][info][gc,heap        ] GC(186) ParNew: 409024K->647K(460096K)
[129.269s][info][gc,heap        ] GC(186) CMS: 15447K->15447K(7877440K)
[129.269s][info][gc,metaspace   ] GC(186) Metaspace: 59546K(68804K)->59546K(68804K) NonClass: 51844K(56720K)->51844K(56720K) Class: 7701K(12084K)->7701K(12084K)
[129.269s][info][gc             ] GC(186) Pause Young (Allocation Failure) 414M->15M(8142M) 17.564ms
[129.269s][info][gc,cpu         ] GC(186) User=0.02s Sys=0.00s Real=0.03s
[129.928s][info][gc,start       ] GC(187) Pause Young (Allocation Failure)
[129.928s][info][gc,task        ] GC(187) Using 6 workers of 6 for evacuation
[129.944s][info][gc,heap        ] GC(187) ParNew: 409671K->659K(460096K)
[129.944s][info][gc,heap        ] GC(187) CMS: 15447K->15447K(7877440K)
[129.944s][info][gc,metaspace   ] GC(187) Metaspace: 59546K(68804K)->59546K(68804K) NonClass: 51844K(56720K)->51844K(56720K) Class: 7701K(12084K)->7701K(12084K)
[129.944s][info][gc             ] GC(187) Pause Young (Allocation Failure) 415M->15M(8142M) 16.488ms
[129.945s][info][gc,cpu         ] GC(187) User=0.02s Sys=0.00s Real=0.02s
[130.617s][info][gc,start       ] GC(188) Pause Young (Allocation Failure)
[130.617s][info][gc,task        ] GC(188) Using 6 workers of 6 for evacuation
[130.633s][info][gc,heap        ] GC(188) ParNew: 409683K->656K(460096K)
[130.633s][info][gc,heap        ] GC(188) CMS: 15447K->15447K(7877440K)
[130.633s][info][gc,metaspace   ] GC(188) Metaspace: 59546K(68804K)->59546K(68804K) NonClass: 51844K(56720K)->51844K(56720K) Class: 7701K(12084K)->7701K(12084K)
[130.633s][info][gc             ] GC(188) Pause Young (Allocation Failure) 415M->15M(8142M) 16.522ms
[130.633s][info][gc,cpu         ] GC(188) User=0.02s Sys=0.00s Real=0.02s
[131.311s][info][gc,start       ] GC(189) Pause Young (Allocation Failure)
[131.311s][info][gc,task        ] GC(189) Using 6 workers of 6 for evacuation
[131.327s][info][gc,heap        ] GC(189) ParNew: 409680K->839K(460096K)
[131.327s][info][gc,heap        ] GC(189) CMS: 15447K->15447K(7877440K)
[131.327s][info][gc,metaspace   ] GC(189) Metaspace: 59546K(68804K)->59546K(68804K) NonClass: 51844K(56720K)->51844K(56720K) Class: 7701K(12084K)->7701K(12084K)
[131.327s][info][gc             ] GC(189) Pause Young (Allocation Failure) 415M->15M(8142M) 16.137ms
[131.327s][info][gc,cpu         ] GC(189) User=0.02s Sys=0.00s Real=0.01s
[131.990s][info][gc,start       ] GC(190) Pause Young (Allocation Failure)
[131.990s][info][gc,task        ] GC(190) Using 6 workers of 6 for evacuation
[132.007s][info][gc,heap        ] GC(190) ParNew: 409863K->675K(460096K)
[132.007s][info][gc,heap        ] GC(190) CMS: 15447K->15447K(7877440K)
[132.007s][info][gc,metaspace   ] GC(190) Metaspace: 59546K(68804K)->59546K(68804K) NonClass: 51844K(56720K)->51844K(56720K) Class: 7701K(12084K)->7701K(12084K)
[132.007s][info][gc             ] GC(190) Pause Young (Allocation Failure) 415M->15M(8142M) 16.997ms
[132.007s][info][gc,cpu         ] GC(190) User=0.02s Sys=0.00s Real=0.02s
[132.681s][info][gc,start       ] GC(191) Pause Young (Allocation Failure)
[132.681s][info][gc,task        ] GC(191) Using 6 workers of 6 for evacuation
[132.698s][info][gc,heap        ] GC(191) ParNew: 409699K->699K(460096K)
[132.698s][info][gc,heap        ] GC(191) CMS: 15447K->15447K(7877440K)
[132.698s][info][gc,metaspace   ] GC(191) Metaspace: 59546K(68804K)->59546K(68804K) NonClass: 51844K(56720K)->51844K(56720K) Class: 7701K(12084K)->7701K(12084K)
[132.698s][info][gc             ] GC(191) Pause Young (Allocation Failure) 415M->15M(8142M) 16.418ms
[132.698s][info][gc,cpu         ] GC(191) User=0.02s Sys=0.00s Real=0.02s
[133.379s][info][gc,start       ] GC(192) Pause Young (Allocation Failure)
[133.379s][info][gc,task        ] GC(192) Using 6 workers of 6 for evacuation
[133.396s][info][gc,heap        ] GC(192) ParNew: 409723K->498K(460096K)
[133.396s][info][gc,heap        ] GC(192) CMS: 15447K->15727K(7877440K)
[133.396s][info][gc,metaspace   ] GC(192) Metaspace: 59546K(68804K)->59546K(68804K) NonClass: 51844K(56720K)->51844K(56720K) Class: 7701K(12084K)->7701K(12084K)
[133.396s][info][gc             ] GC(192) Pause Young (Allocation Failure) 415M->15M(8142M) 17.233ms
[133.396s][info][gc,cpu         ] GC(192) User=0.02s Sys=0.00s Real=0.01s
[133.410s][info][gc,start       ] GC(193) Pause Full (System.gc())
[133.410s][info][gc,phases,start] GC(193) Phase 1: Mark live objects
[133.433s][info][gc,phases      ] GC(193) Phase 1: Mark live objects 22.781ms
[133.433s][info][gc,phases,start] GC(193) Phase 2: Compute new object addresses
[133.439s][info][gc,phases      ] GC(193) Phase 2: Compute new object addresses 5.310ms
[133.439s][info][gc,phases,start] GC(193) Phase 3: Adjust pointers
[133.455s][info][gc,phases      ] GC(193) Phase 3: Adjust pointers 16.650ms
[133.455s][info][gc,phases,start] GC(193) Phase 4: Move objects
[133.456s][info][gc,phases      ] GC(193) Phase 4: Move objects 0.693ms
[133.461s][info][gc,heap        ] GC(193) ParNew: 7724K->0K(460096K)
[133.461s][info][gc,heap        ] GC(193) CMS: 15727K->15445K(7877440K)
[133.461s][info][gc,metaspace   ] GC(193) Metaspace: 59546K(68804K)->59546K(68804K) NonClass: 51844K(56720K)->51844K(56720K) Class: 7701K(12084K)->7701K(12084K)
[133.461s][info][gc             ] GC(193) Pause Full (System.gc()) 22M->15M(8142M) 51.613ms
[133.461s][info][gc,cpu         ] GC(193) User=0.05s Sys=0.00s Real=0.05s
[134.134s][info][gc,start       ] GC(194) Pause Young (Allocation Failure)
[134.134s][info][gc,task        ] GC(194) Using 6 workers of 6 for evacuation
[134.151s][info][gc,heap        ] GC(194) ParNew: 409024K->551K(460096K)
[134.151s][info][gc,heap        ] GC(194) CMS: 15445K->15445K(7877440K)
[134.151s][info][gc,metaspace   ] GC(194) Metaspace: 59547K(68804K)->59547K(68804K) NonClass: 51846K(56720K)->51846K(56720K) Class: 7701K(12084K)->7701K(12084K)
[134.151s][info][gc             ] GC(194) Pause Young (Allocation Failure) 414M->15M(8142M) 16.950ms
[134.151s][info][gc,cpu         ] GC(194) User=0.02s Sys=0.00s Real=0.02s
[134.816s][info][gc,start       ] GC(195) Pause Young (Allocation Failure)
[134.816s][info][gc,task        ] GC(195) Using 6 workers of 6 for evacuation
[134.833s][info][gc,heap        ] GC(195) ParNew: 409575K->776K(460096K)
[134.833s][info][gc,heap        ] GC(195) CMS: 15445K->15445K(7877440K)
[134.833s][info][gc,metaspace   ] GC(195) Metaspace: 59547K(68804K)->59547K(68804K) NonClass: 51846K(56720K)->51846K(56720K) Class: 7701K(12084K)->7701K(12084K)
[134.833s][info][gc             ] GC(195) Pause Young (Allocation Failure) 415M->15M(8142M) 16.531ms
[134.833s][info][gc,cpu         ] GC(195) User=0.00s Sys=0.02s Real=0.02s
[135.498s][info][gc,start       ] GC(196) Pause Young (Allocation Failure)
[135.498s][info][gc,task        ] GC(196) Using 6 workers of 6 for evacuation
[135.513s][info][gc,heap        ] GC(196) ParNew: 409800K->837K(460096K)
[135.513s][info][gc,heap        ] GC(196) CMS: 15445K->15445K(7877440K)
[135.513s][info][gc,metaspace   ] GC(196) Metaspace: 59547K(68804K)->59547K(68804K) NonClass: 51846K(56720K)->51846K(56720K) Class: 7701K(12084K)->7701K(12084K)
[135.513s][info][gc             ] GC(196) Pause Young (Allocation Failure) 415M->15M(8142M) 15.512ms
[135.513s][info][gc,cpu         ] GC(196) User=0.02s Sys=0.00s Real=0.02s
[136.166s][info][gc,start       ] GC(197) Pause Young (Allocation Failure)
[136.166s][info][gc,task        ] GC(197) Using 6 workers of 6 for evacuation
[136.183s][info][gc,heap        ] GC(197) ParNew: 409861K->759K(460096K)
[136.183s][info][gc,heap        ] GC(197) CMS: 15445K->15445K(7877440K)
[136.183s][info][gc,metaspace   ] GC(197) Metaspace: 59547K(68804K)->59547K(68804K) NonClass: 51846K(56720K)->51846K(56720K) Class: 7701K(12084K)->7701K(12084K)
[136.183s][info][gc             ] GC(197) Pause Young (Allocation Failure) 415M->15M(8142M) 16.583ms
[136.183s][info][gc,cpu         ] GC(197) User=0.00s Sys=0.00s Real=0.02s
[136.853s][info][gc,start       ] GC(198) Pause Young (Allocation Failure)
[136.853s][info][gc,task        ] GC(198) Using 6 workers of 6 for evacuation
[136.870s][info][gc,heap        ] GC(198) ParNew: 409783K->790K(460096K)
[136.870s][info][gc,heap        ] GC(198) CMS: 15445K->15445K(7877440K)
[136.870s][info][gc,metaspace   ] GC(198) Metaspace: 59547K(68804K)->59547K(68804K) NonClass: 51846K(56720K)->51846K(56720K) Class: 7701K(12084K)->7701K(12084K)
[136.870s][info][gc             ] GC(198) Pause Young (Allocation Failure) 415M->15M(8142M) 17.675ms
[136.870s][info][gc,cpu         ] GC(198) User=0.02s Sys=0.00s Real=0.02s
[137.536s][info][gc,start       ] GC(199) Pause Young (Allocation Failure)
[137.536s][info][gc,task        ] GC(199) Using 6 workers of 6 for evacuation
[137.553s][info][gc,heap        ] GC(199) ParNew: 409814K->882K(460096K)
[137.553s][info][gc,heap        ] GC(199) CMS: 15445K->15445K(7877440K)
[137.553s][info][gc,metaspace   ] GC(199) Metaspace: 59547K(68804K)->59547K(68804K) NonClass: 51846K(56720K)->51846K(56720K) Class: 7701K(12084K)->7701K(12084K)
[137.553s][info][gc             ] GC(199) Pause Young (Allocation Failure) 415M->15M(8142M) 16.901ms
[137.553s][info][gc,cpu         ] GC(199) User=0.02s Sys=0.00s Real=0.02s
[138.213s][info][gc,start       ] GC(200) Pause Young (Allocation Failure)
[138.213s][info][gc,task        ] GC(200) Using 6 workers of 6 for evacuation
[138.230s][info][gc,heap        ] GC(200) ParNew: 409906K->542K(460096K)
[138.230s][info][gc,heap        ] GC(200) CMS: 15445K->15734K(7877440K)
[138.230s][info][gc,metaspace   ] GC(200) Metaspace: 59547K(68804K)->59547K(68804K) NonClass: 51846K(56720K)->51846K(56720K) Class: 7701K(12084K)->7701K(12084K)
[138.230s][info][gc             ] GC(200) Pause Young (Allocation Failure) 415M->15M(8142M) 17.502ms
[138.230s][info][gc,cpu         ] GC(200) User=0.03s Sys=0.00s Real=0.03s
[138.243s][info][gc,start       ] GC(201) Pause Full (System.gc())
[138.244s][info][gc,phases,start] GC(201) Phase 1: Mark live objects
[138.266s][info][gc,phases      ] GC(201) Phase 1: Mark live objects 21.696ms
[138.266s][info][gc,phases,start] GC(201) Phase 2: Compute new object addresses
[138.271s][info][gc,phases      ] GC(201) Phase 2: Compute new object addresses 5.021ms
[138.271s][info][gc,phases,start] GC(201) Phase 3: Adjust pointers
[138.288s][info][gc,phases      ] GC(201) Phase 3: Adjust pointers 16.659ms
[138.288s][info][gc,phases,start] GC(201) Phase 4: Move objects
[138.289s][info][gc,phases      ] GC(201) Phase 4: Move objects 1.005ms
[138.294s][info][gc,heap        ] GC(201) ParNew: 6832K->0K(460096K)
[138.294s][info][gc,heap        ] GC(201) CMS: 15734K->15454K(7877440K)
[138.294s][info][gc,metaspace   ] GC(201) Metaspace: 59549K(68804K)->59549K(68804K) NonClass: 51847K(56720K)->51847K(56720K) Class: 7701K(12084K)->7701K(12084K)
[138.294s][info][gc             ] GC(201) Pause Full (System.gc()) 22M->15M(8142M) 51.025ms
[138.294s][info][gc,cpu         ] GC(201) User=0.05s Sys=0.00s Real=0.05s
[138.971s][info][gc,start       ] GC(202) Pause Young (Allocation Failure)
[138.971s][info][gc,task        ] GC(202) Using 6 workers of 6 for evacuation
[138.987s][info][gc,heap        ] GC(202) ParNew: 409024K->547K(460096K)
[138.987s][info][gc,heap        ] GC(202) CMS: 15454K->15454K(7877440K)
[138.987s][info][gc,metaspace   ] GC(202) Metaspace: 59565K(68804K)->59565K(68804K) NonClass: 51863K(56720K)->51863K(56720K) Class: 7701K(12084K)->7701K(12084K)
[138.987s][info][gc             ] GC(202) Pause Young (Allocation Failure) 414M->15M(8142M) 16.465ms
[138.987s][info][gc,cpu         ] GC(202) User=0.02s Sys=0.00s Real=0.02s
[139.657s][info][gc,start       ] GC(203) Pause Young (Allocation Failure)
[139.657s][info][gc,task        ] GC(203) Using 6 workers of 6 for evacuation
[139.674s][info][gc,heap        ] GC(203) ParNew: 409571K->763K(460096K)
[139.674s][info][gc,heap        ] GC(203) CMS: 15454K->15454K(7877440K)
[139.674s][info][gc,metaspace   ] GC(203) Metaspace: 59565K(68804K)->59565K(68804K) NonClass: 51863K(56720K)->51863K(56720K) Class: 7701K(12084K)->7701K(12084K)
[139.674s][info][gc             ] GC(203) Pause Young (Allocation Failure) 415M->15M(8142M) 16.738ms
[139.674s][info][gc,cpu         ] GC(203) User=0.02s Sys=0.00s Real=0.02s
[140.342s][info][gc,start       ] GC(204) Pause Young (Allocation Failure)
[140.342s][info][gc,task        ] GC(204) Using 6 workers of 6 for evacuation
[140.359s][info][gc,heap        ] GC(204) ParNew: 409787K->861K(460096K)
[140.359s][info][gc,heap        ] GC(204) CMS: 15454K->15454K(7877440K)
[140.359s][info][gc,metaspace   ] GC(204) Metaspace: 59565K(68804K)->59565K(68804K) NonClass: 51863K(56720K)->51863K(56720K) Class: 7701K(12084K)->7701K(12084K)
[140.359s][info][gc             ] GC(204) Pause Young (Allocation Failure) 415M->15M(8142M) 16.936ms
[140.359s][info][gc,cpu         ] GC(204) User=0.03s Sys=0.00s Real=0.03s
[141.017s][info][gc,start       ] GC(205) Pause Young (Allocation Failure)
[141.017s][info][gc,task        ] GC(205) Using 6 workers of 6 for evacuation
[141.033s][info][gc,heap        ] GC(205) ParNew: 409885K->864K(460096K)
[141.033s][info][gc,heap        ] GC(205) CMS: 15454K->15454K(7877440K)
[141.033s][info][gc,metaspace   ] GC(205) Metaspace: 59565K(68804K)->59565K(68804K) NonClass: 51863K(56720K)->51863K(56720K) Class: 7701K(12084K)->7701K(12084K)
[141.034s][info][gc             ] GC(205) Pause Young (Allocation Failure) 415M->15M(8142M) 17.001ms
[141.034s][info][gc,cpu         ] GC(205) User=0.02s Sys=0.00s Real=0.02s
[141.700s][info][gc,start       ] GC(206) Pause Young (Allocation Failure)
[141.700s][info][gc,task        ] GC(206) Using 6 workers of 6 for evacuation
[141.716s][info][gc,heap        ] GC(206) ParNew: 409888K->701K(460096K)
[141.716s][info][gc,heap        ] GC(206) CMS: 15454K->15454K(7877440K)
[141.716s][info][gc,metaspace   ] GC(206) Metaspace: 59565K(68804K)->59565K(68804K) NonClass: 51863K(56720K)->51863K(56720K) Class: 7701K(12084K)->7701K(12084K)
[141.716s][info][gc             ] GC(206) Pause Young (Allocation Failure) 415M->15M(8142M) 16.767ms
[141.716s][info][gc,cpu         ] GC(206) User=0.02s Sys=0.00s Real=0.02s
[142.382s][info][gc,start       ] GC(207) Pause Young (Allocation Failure)
[142.382s][info][gc,task        ] GC(207) Using 6 workers of 6 for evacuation
[142.399s][info][gc,heap        ] GC(207) ParNew: 409725K->810K(460096K)
[142.399s][info][gc,heap        ] GC(207) CMS: 15454K->15454K(7877440K)
[142.399s][info][gc,metaspace   ] GC(207) Metaspace: 59565K(68804K)->59565K(68804K) NonClass: 51863K(56720K)->51863K(56720K) Class: 7701K(12084K)->7701K(12084K)
[142.399s][info][gc             ] GC(207) Pause Young (Allocation Failure) 415M->15M(8142M) 16.450ms
[142.399s][info][gc,cpu         ] GC(207) User=0.02s Sys=0.00s Real=0.01s
[143.067s][info][gc,start       ] GC(208) Pause Young (Allocation Failure)
[143.067s][info][gc,task        ] GC(208) Using 6 workers of 6 for evacuation
[143.083s][info][gc,heap        ] GC(208) ParNew: 409834K->526K(460096K)
[143.083s][info][gc,heap        ] GC(208) CMS: 15454K->15688K(7877440K)
[143.083s][info][gc,metaspace   ] GC(208) Metaspace: 59565K(68804K)->59565K(68804K) NonClass: 51863K(56720K)->51863K(56720K) Class: 7701K(12084K)->7701K(12084K)
[143.083s][info][gc             ] GC(208) Pause Young (Allocation Failure) 415M->15M(8142M) 16.319ms
[143.083s][info][gc,cpu         ] GC(208) User=0.00s Sys=0.00s Real=0.01s
[143.085s][info][gc,start       ] GC(209) Pause Full (System.gc())
[143.086s][info][gc,phases,start] GC(209) Phase 1: Mark live objects
[143.108s][info][gc,phases      ] GC(209) Phase 1: Mark live objects 22.507ms
[143.108s][info][gc,phases,start] GC(209) Phase 2: Compute new object addresses
[143.113s][info][gc,phases      ] GC(209) Phase 2: Compute new object addresses 4.597ms
[143.113s][info][gc,phases,start] GC(209) Phase 3: Adjust pointers
[143.130s][info][gc,phases      ] GC(209) Phase 3: Adjust pointers 16.691ms
[143.130s][info][gc,phases,start] GC(209) Phase 4: Move objects
[143.130s][info][gc,phases      ] GC(209) Phase 4: Move objects 0.616ms
[143.136s][info][gc,heap        ] GC(209) ParNew: 3994K->0K(460096K)
[143.136s][info][gc,heap        ] GC(209) CMS: 15688K->15460K(7877440K)
[143.136s][info][gc,metaspace   ] GC(209) Metaspace: 59565K(68804K)->59565K(68804K) NonClass: 51863K(56720K)->51863K(56720K) Class: 7701K(12084K)->7701K(12084K)
[143.137s][info][gc             ] GC(209) Pause Full (System.gc()) 19M->15M(8142M) 51.552ms
[143.137s][info][gc,cpu         ] GC(209) User=0.03s Sys=0.00s Real=0.05s
[143.835s][info][gc,start       ] GC(210) Pause Young (Allocation Failure)
[143.837s][info][gc,task        ] GC(210) Using 6 workers of 6 for evacuation
[143.854s][info][gc,heap        ] GC(210) ParNew: 409024K->610K(460096K)
[143.854s][info][gc,heap        ] GC(210) CMS: 15460K->15460K(7877440K)
[143.854s][info][gc,metaspace   ] GC(210) Metaspace: 59568K(68804K)->59568K(68804K) NonClass: 51867K(56720K)->51867K(56720K) Class: 7701K(12084K)->7701K(12084K)
[143.854s][info][gc             ] GC(210) Pause Young (Allocation Failure) 414M->15M(8142M) 18.473ms
[143.854s][info][gc,cpu         ] GC(210) User=0.02s Sys=0.00s Real=0.02s
[144.526s][info][gc,start       ] GC(211) Pause Young (Allocation Failure)
[144.526s][info][gc,task        ] GC(211) Using 6 workers of 6 for evacuation
[144.542s][info][gc,heap        ] GC(211) ParNew: 409634K->706K(460096K)
[144.542s][info][gc,heap        ] GC(211) CMS: 15460K->15460K(7877440K)
[144.542s][info][gc,metaspace   ] GC(211) Metaspace: 59568K(68804K)->59568K(68804K) NonClass: 51867K(56720K)->51867K(56720K) Class: 7701K(12084K)->7701K(12084K)
[144.542s][info][gc             ] GC(211) Pause Young (Allocation Failure) 415M->15M(8142M) 16.286ms
[144.542s][info][gc,cpu         ] GC(211) User=0.00s Sys=0.00s Real=0.02s
[145.203s][info][gc,start       ] GC(212) Pause Young (Allocation Failure)
[145.203s][info][gc,task        ] GC(212) Using 6 workers of 6 for evacuation
[145.219s][info][gc,heap        ] GC(212) ParNew: 409730K->802K(460096K)
[145.219s][info][gc,heap        ] GC(212) CMS: 15460K->15460K(7877440K)
[145.219s][info][gc,metaspace   ] GC(212) Metaspace: 59568K(68804K)->59568K(68804K) NonClass: 51867K(56720K)->51867K(56720K) Class: 7701K(12084K)->7701K(12084K)
[145.220s][info][gc             ] GC(212) Pause Young (Allocation Failure) 415M->15M(8142M) 16.418ms
[145.220s][info][gc,cpu         ] GC(212) User=0.02s Sys=0.00s Real=0.02s
[145.895s][info][gc,start       ] GC(213) Pause Young (Allocation Failure)
[145.895s][info][gc,task        ] GC(213) Using 6 workers of 6 for evacuation
[145.911s][info][gc,heap        ] GC(213) ParNew: 409826K->925K(460096K)
[145.911s][info][gc,heap        ] GC(213) CMS: 15460K->15460K(7877440K)
[145.911s][info][gc,metaspace   ] GC(213) Metaspace: 59568K(68804K)->59568K(68804K) NonClass: 51867K(56720K)->51867K(56720K) Class: 7701K(12084K)->7701K(12084K)
[145.911s][info][gc             ] GC(213) Pause Young (Allocation Failure) 415M->16M(8142M) 16.417ms
[145.911s][info][gc,cpu         ] GC(213) User=0.00s Sys=0.00s Real=0.01s
[146.582s][info][gc,start       ] GC(214) Pause Young (Allocation Failure)
[146.582s][info][gc,task        ] GC(214) Using 6 workers of 6 for evacuation
[146.598s][info][gc,heap        ] GC(214) ParNew: 409949K->701K(460096K)
[146.598s][info][gc,heap        ] GC(214) CMS: 15460K->15460K(7877440K)
[146.598s][info][gc,metaspace   ] GC(214) Metaspace: 59568K(68804K)->59568K(68804K) NonClass: 51867K(56720K)->51867K(56720K) Class: 7701K(12084K)->7701K(12084K)
[146.598s][info][gc             ] GC(214) Pause Young (Allocation Failure) 415M->15M(8142M) 16.578ms
[146.598s][info][gc,cpu         ] GC(214) User=0.00s Sys=0.00s Real=0.01s
[147.276s][info][gc,start       ] GC(215) Pause Young (Allocation Failure)
[147.276s][info][gc,task        ] GC(215) Using 6 workers of 6 for evacuation
[147.293s][info][gc,heap        ] GC(215) ParNew: 409725K->729K(460096K)
[147.293s][info][gc,heap        ] GC(215) CMS: 15460K->15460K(7877440K)
[147.293s][info][gc,metaspace   ] GC(215) Metaspace: 59568K(68804K)->59568K(68804K) NonClass: 51867K(56720K)->51867K(56720K) Class: 7701K(12084K)->7701K(12084K)
[147.293s][info][gc             ] GC(215) Pause Young (Allocation Failure) 415M->15M(8142M) 17.789ms
[147.293s][info][gc,cpu         ] GC(215) User=0.00s Sys=0.02s Real=0.02s
[147.962s][info][gc,start       ] GC(216) Pause Young (Allocation Failure)
[147.962s][info][gc,task        ] GC(216) Using 6 workers of 6 for evacuation
[147.980s][info][gc,heap        ] GC(216) ParNew: 409753K->511K(460096K)
[147.980s][info][gc,heap        ] GC(216) CMS: 15460K->15739K(7877440K)
[147.980s][info][gc,metaspace   ] GC(216) Metaspace: 59569K(68804K)->59569K(68804K) NonClass: 51867K(56720K)->51867K(56720K) Class: 7701K(12084K)->7701K(12084K)
[147.980s][info][gc             ] GC(216) Pause Young (Allocation Failure) 415M->15M(8142M) 17.349ms
[147.980s][info][gc,cpu         ] GC(216) User=0.02s Sys=0.00s Real=0.03s
[147.990s][info][gc,start       ] GC(217) Pause Full (System.gc())
[147.991s][info][gc,phases,start] GC(217) Phase 1: Mark live objects
[148.014s][info][gc,phases      ] GC(217) Phase 1: Mark live objects 22.489ms
[148.014s][info][gc,phases,start] GC(217) Phase 2: Compute new object addresses
[148.019s][info][gc,phases      ] GC(217) Phase 2: Compute new object addresses 5.210ms
[148.019s][info][gc,phases,start] GC(217) Phase 3: Adjust pointers
[148.036s][info][gc,phases      ] GC(217) Phase 3: Adjust pointers 16.918ms
[148.036s][info][gc,phases,start] GC(217) Phase 4: Move objects
[148.036s][info][gc,phases      ] GC(217) Phase 4: Move objects 0.627ms
[148.041s][info][gc,heap        ] GC(217) ParNew: 6452K->0K(460096K)
[148.041s][info][gc,heap        ] GC(217) CMS: 15739K->15475K(7877440K)
[148.041s][info][gc,metaspace   ] GC(217) Metaspace: 59572K(68804K)->59572K(68804K) NonClass: 51871K(56720K)->51871K(56720K) Class: 7701K(12084K)->7701K(12084K)
[148.042s][info][gc             ] GC(217) Pause Full (System.gc()) 21M->15M(8142M) 51.617ms
[148.042s][info][gc,cpu         ] GC(217) User=0.05s Sys=0.00s Real=0.05s
[148.728s][info][gc,start       ] GC(218) Pause Young (Allocation Failure)
[148.728s][info][gc,task        ] GC(218) Using 6 workers of 6 for evacuation
[148.744s][info][gc,heap        ] GC(218) ParNew: 409024K->650K(460096K)
[148.745s][info][gc,heap        ] GC(218) CMS: 15475K->15475K(7877440K)
[148.745s][info][gc,metaspace   ] GC(218) Metaspace: 59576K(68804K)->59576K(68804K) NonClass: 51875K(56720K)->51875K(56720K) Class: 7701K(12084K)->7701K(12084K)
[148.745s][info][gc             ] GC(218) Pause Young (Allocation Failure) 414M->15M(8142M) 16.847ms
[148.745s][info][gc,cpu         ] GC(218) User=0.02s Sys=0.00s Real=0.02s
[149.417s][info][gc,start       ] GC(219) Pause Young (Allocation Failure)
[149.417s][info][gc,task        ] GC(219) Using 6 workers of 6 for evacuation
[149.434s][info][gc,heap        ] GC(219) ParNew: 409674K->714K(460096K)
[149.434s][info][gc,heap        ] GC(219) CMS: 15475K->15475K(7877440K)
[149.434s][info][gc,metaspace   ] GC(219) Metaspace: 59576K(68804K)->59576K(68804K) NonClass: 51875K(56720K)->51875K(56720K) Class: 7701K(12084K)->7701K(12084K)
[149.434s][info][gc             ] GC(219) Pause Young (Allocation Failure) 415M->15M(8142M) 16.794ms
[149.434s][info][gc,cpu         ] GC(219) User=0.02s Sys=0.00s Real=0.02s
[150.093s][info][gc,start       ] GC(220) Pause Young (Allocation Failure)
[150.093s][info][gc,task        ] GC(220) Using 6 workers of 6 for evacuation
[150.110s][info][gc,heap        ] GC(220) ParNew: 409738K->803K(460096K)
[150.110s][info][gc,heap        ] GC(220) CMS: 15475K->15475K(7877440K)
[150.110s][info][gc,metaspace   ] GC(220) Metaspace: 59576K(68804K)->59576K(68804K) NonClass: 51875K(56720K)->51875K(56720K) Class: 7701K(12084K)->7701K(12084K)
[150.110s][info][gc             ] GC(220) Pause Young (Allocation Failure) 415M->15M(8142M) 16.586ms
[150.110s][info][gc,cpu         ] GC(220) User=0.02s Sys=0.00s Real=0.03s
[150.777s][info][gc,start       ] GC(221) Pause Young (Allocation Failure)
[150.777s][info][gc,task        ] GC(221) Using 6 workers of 6 for evacuation
[150.794s][info][gc,heap        ] GC(221) ParNew: 409827K->893K(460096K)
[150.794s][info][gc,heap        ] GC(221) CMS: 15475K->15475K(7877440K)
[150.794s][info][gc,metaspace   ] GC(221) Metaspace: 59581K(68804K)->59581K(68804K) NonClass: 51879K(56720K)->51879K(56720K) Class: 7701K(12084K)->7701K(12084K)
[150.794s][info][gc             ] GC(221) Pause Young (Allocation Failure) 415M->15M(8142M) 16.956ms
[150.794s][info][gc,cpu         ] GC(221) User=0.00s Sys=0.00s Real=0.02s
[151.466s][info][gc,start       ] GC(222) Pause Young (Allocation Failure)
[151.466s][info][gc,task        ] GC(222) Using 6 workers of 6 for evacuation
[151.483s][info][gc,heap        ] GC(222) ParNew: 409917K->623K(460096K)
[151.483s][info][gc,heap        ] GC(222) CMS: 15475K->15475K(7877440K)
[151.483s][info][gc,metaspace   ] GC(222) Metaspace: 59581K(68804K)->59581K(68804K) NonClass: 51879K(56720K)->51879K(56720K) Class: 7701K(12084K)->7701K(12084K)
[151.483s][info][gc             ] GC(222) Pause Young (Allocation Failure) 415M->15M(8142M) 16.904ms
[151.483s][info][gc,cpu         ] GC(222) User=0.02s Sys=0.00s Real=0.02s
[152.144s][info][gc,start       ] GC(223) Pause Young (Allocation Failure)
[152.144s][info][gc,task        ] GC(223) Using 6 workers of 6 for evacuation
[152.161s][info][gc,heap        ] GC(223) ParNew: 409647K->785K(460096K)
[152.161s][info][gc,heap        ] GC(223) CMS: 15475K->15475K(7877440K)
[152.161s][info][gc,metaspace   ] GC(223) Metaspace: 59581K(68804K)->59581K(68804K) NonClass: 51879K(56720K)->51879K(56720K) Class: 7701K(12084K)->7701K(12084K)
[152.161s][info][gc             ] GC(223) Pause Young (Allocation Failure) 415M->15M(8142M) 16.811ms
[152.161s][info][gc,cpu         ] GC(223) User=0.02s Sys=0.00s Real=0.02s
[152.848s][info][gc,start       ] GC(224) Pause Young (Allocation Failure)
[152.848s][info][gc,task        ] GC(224) Using 6 workers of 6 for evacuation
[152.865s][info][gc,heap        ] GC(224) ParNew: 409809K->486K(460096K)
[152.865s][info][gc,heap        ] GC(224) CMS: 15475K->15789K(7877440K)
[152.865s][info][gc,metaspace   ] GC(224) Metaspace: 59581K(68804K)->59581K(68804K) NonClass: 51880K(56720K)->51880K(56720K) Class: 7701K(12084K)->7701K(12084K)
[152.865s][info][gc             ] GC(224) Pause Young (Allocation Failure) 415M->15M(8142M) 16.870ms
[152.865s][info][gc,cpu         ] GC(224) User=0.02s Sys=0.00s Real=0.02s
[152.870s][info][gc,start       ] GC(225) Pause Full (System.gc())
[152.871s][info][gc,phases,start] GC(225) Phase 1: Mark live objects
[152.893s][info][gc,phases      ] GC(225) Phase 1: Mark live objects 22.171ms
[152.893s][info][gc,phases,start] GC(225) Phase 2: Compute new object addresses
[152.898s][info][gc,phases      ] GC(225) Phase 2: Compute new object addresses 4.837ms
[152.898s][info][gc,phases,start] GC(225) Phase 3: Adjust pointers
[152.914s][info][gc,phases      ] GC(225) Phase 3: Adjust pointers 16.623ms
[152.915s][info][gc,phases,start] GC(225) Phase 4: Move objects
[152.915s][info][gc,phases      ] GC(225) Phase 4: Move objects 0.620ms
[152.920s][info][gc,heap        ] GC(225) ParNew: 5429K->0K(460096K)
[152.920s][info][gc,heap        ] GC(225) CMS: 15789K->15454K(7877440K)
[152.920s][info][gc,metaspace   ] GC(225) Metaspace: 59582K(68804K)->59582K(68804K) NonClass: 51881K(56720K)->51881K(56720K) Class: 7701K(12084K)->7701K(12084K)
[152.921s][info][gc             ] GC(225) Pause Full (System.gc()) 20M->15M(8142M) 50.656ms
[152.921s][info][gc,cpu         ] GC(225) User=0.05s Sys=0.00s Real=0.05s
[153.617s][info][gc,start       ] GC(226) Pause Young (Allocation Failure)
[153.617s][info][gc,task        ] GC(226) Using 6 workers of 6 for evacuation
[153.633s][info][gc,heap        ] GC(226) ParNew: 409024K->600K(460096K)
[153.633s][info][gc,heap        ] GC(226) CMS: 15454K->15454K(7877440K)
[153.633s][info][gc,metaspace   ] GC(226) Metaspace: 59664K(68804K)->59664K(68804K) NonClass: 51963K(56720K)->51963K(56720K) Class: 7701K(12084K)->7701K(12084K)
[153.634s][info][gc             ] GC(226) Pause Young (Allocation Failure) 414M->15M(8142M) 16.874ms
[153.634s][info][gc,cpu         ] GC(226) User=0.02s Sys=0.00s Real=0.01s
[154.306s][info][gc,start       ] GC(227) Pause Young (Allocation Failure)
[154.306s][info][gc,task        ] GC(227) Using 6 workers of 6 for evacuation
[154.323s][info][gc,heap        ] GC(227) ParNew: 409624K->787K(460096K)
[154.323s][info][gc,heap        ] GC(227) CMS: 15454K->15454K(7877440K)
[154.323s][info][gc,metaspace   ] GC(227) Metaspace: 59664K(68804K)->59664K(68804K) NonClass: 51963K(56720K)->51963K(56720K) Class: 7701K(12084K)->7701K(12084K)
[154.323s][info][gc             ] GC(227) Pause Young (Allocation Failure) 415M->15M(8142M) 17.535ms
[154.323s][info][gc,cpu         ] GC(227) User=0.02s Sys=0.00s Real=0.02s
[154.976s][info][gc,start       ] GC(228) Pause Young (Allocation Failure)
[154.976s][info][gc,task        ] GC(228) Using 6 workers of 6 for evacuation
[154.992s][info][gc,heap        ] GC(228) ParNew: 409811K->909K(460096K)
[154.992s][info][gc,heap        ] GC(228) CMS: 15454K->15454K(7877440K)
[154.992s][info][gc,metaspace   ] GC(228) Metaspace: 59664K(68804K)->59664K(68804K) NonClass: 51963K(56720K)->51963K(56720K) Class: 7701K(12084K)->7701K(12084K)
[154.992s][info][gc             ] GC(228) Pause Young (Allocation Failure) 415M->15M(8142M) 15.832ms
[154.992s][info][gc,cpu         ] GC(228) User=0.02s Sys=0.00s Real=0.01s
[155.665s][info][gc,start       ] GC(229) Pause Young (Allocation Failure)
[155.665s][info][gc,task        ] GC(229) Using 6 workers of 6 for evacuation
[155.682s][info][gc,heap        ] GC(229) ParNew: 409933K->628K(460096K)
[155.682s][info][gc,heap        ] GC(229) CMS: 15454K->15454K(7877440K)
[155.682s][info][gc,metaspace   ] GC(229) Metaspace: 59664K(68804K)->59664K(68804K) NonClass: 51963K(56720K)->51963K(56720K) Class: 7701K(12084K)->7701K(12084K)
[155.682s][info][gc             ] GC(229) Pause Young (Allocation Failure) 415M->15M(8142M) 16.769ms
[155.682s][info][gc,cpu         ] GC(229) User=0.02s Sys=0.00s Real=0.02s
[156.355s][info][gc,start       ] GC(230) Pause Young (Allocation Failure)
[156.355s][info][gc,task        ] GC(230) Using 6 workers of 6 for evacuation
[156.372s][info][gc,heap        ] GC(230) ParNew: 409652K->762K(460096K)
[156.372s][info][gc,heap        ] GC(230) CMS: 15454K->15454K(7877440K)
[156.372s][info][gc,metaspace   ] GC(230) Metaspace: 59664K(68804K)->59664K(68804K) NonClass: 51963K(56720K)->51963K(56720K) Class: 7701K(12084K)->7701K(12084K)
[156.372s][info][gc             ] GC(230) Pause Young (Allocation Failure) 415M->15M(8142M) 16.494ms
[156.372s][info][gc,cpu         ] GC(230) User=0.02s Sys=0.00s Real=0.02s
[157.041s][info][gc,start       ] GC(231) Pause Young (Allocation Failure)
[157.041s][info][gc,task        ] GC(231) Using 6 workers of 6 for evacuation
[157.058s][info][gc,heap        ] GC(231) ParNew: 409786K->769K(460096K)
[157.058s][info][gc,heap        ] GC(231) CMS: 15454K->15454K(7877440K)
[157.058s][info][gc,metaspace   ] GC(231) Metaspace: 59664K(68804K)->59664K(68804K) NonClass: 51963K(56720K)->51963K(56720K) Class: 7701K(12084K)->7701K(12084K)
[157.058s][info][gc             ] GC(231) Pause Young (Allocation Failure) 415M->15M(8142M) 16.715ms
[157.058s][info][gc,cpu         ] GC(231) User=0.02s Sys=0.00s Real=0.02s
[157.756s][info][gc,start       ] GC(232) Pause Full (System.gc())
[157.757s][info][gc,phases,start] GC(232) Phase 1: Mark live objects
[157.779s][info][gc,phases      ] GC(232) Phase 1: Mark live objects 22.051ms
[157.779s][info][gc,phases,start] GC(232) Phase 2: Compute new object addresses
[157.853s][info][gc,phases      ] GC(232) Phase 2: Compute new object addresses 74.463ms
[157.853s][info][gc,phases,start] GC(232) Phase 3: Adjust pointers
[157.870s][info][gc,phases      ] GC(232) Phase 3: Adjust pointers 16.567ms
[157.870s][info][gc,phases,start] GC(232) Phase 4: Move objects
[157.871s][info][gc,phases      ] GC(232) Phase 4: Move objects 0.642ms
[157.875s][info][gc,heap        ] GC(232) ParNew: 409793K->0K(460096K)
[157.875s][info][gc,heap        ] GC(232) CMS: 15454K->15459K(7877440K)
[157.875s][info][gc,metaspace   ] GC(232) Metaspace: 59668K(68804K)->59668K(68804K) NonClass: 51967K(56720K)->51967K(56720K) Class: 7701K(12084K)->7701K(12084K)
[157.876s][info][gc             ] GC(232) Pause Full (System.gc()) 415M->15M(8142M) 119.896ms
[157.876s][info][gc,cpu         ] GC(232) User=0.11s Sys=0.00s Real=0.11s
[158.565s][info][gc,start       ] GC(233) Pause Young (Allocation Failure)
[158.565s][info][gc,task        ] GC(233) Using 6 workers of 6 for evacuation
[158.582s][info][gc,heap        ] GC(233) ParNew: 409024K->871K(460096K)
[158.582s][info][gc,heap        ] GC(233) CMS: 15459K->15459K(7877440K)
[158.582s][info][gc,metaspace   ] GC(233) Metaspace: 59685K(68804K)->59685K(68804K) NonClass: 51984K(56720K)->51984K(56720K) Class: 7701K(12084K)->7701K(12084K)
[158.582s][info][gc             ] GC(233) Pause Young (Allocation Failure) 414M->15M(8142M) 17.060ms
[158.582s][info][gc,cpu         ] GC(233) User=0.00s Sys=0.00s Real=0.00s
[159.315s][info][gc,start       ] GC(234) Pause Young (Allocation Failure)
[159.315s][info][gc,task        ] GC(234) Using 6 workers of 6 for evacuation
[159.331s][info][gc,heap        ] GC(234) ParNew: 409895K->741K(460096K)
[159.331s][info][gc,heap        ] GC(234) CMS: 15459K->15459K(7877440K)
[159.331s][info][gc,metaspace   ] GC(234) Metaspace: 59685K(68804K)->59685K(68804K) NonClass: 51984K(56720K)->51984K(56720K) Class: 7701K(12084K)->7701K(12084K)
[159.331s][info][gc             ] GC(234) Pause Young (Allocation Failure) 415M->15M(8142M) 16.724ms
[159.331s][info][gc,cpu         ] GC(234) User=0.06s Sys=0.00s Real=0.02s
[160.099s][info][gc,start       ] GC(235) Pause Young (Allocation Failure)
[160.100s][info][gc,task        ] GC(235) Using 6 workers of 6 for evacuation
[160.117s][info][gc,heap        ] GC(235) ParNew: 409765K->754K(460096K)
[160.117s][info][gc,heap        ] GC(235) CMS: 15459K->15459K(7877440K)
[160.117s][info][gc,metaspace   ] GC(235) Metaspace: 59685K(68804K)->59685K(68804K) NonClass: 51984K(56720K)->51984K(56720K) Class: 7701K(12084K)->7701K(12084K)
[160.117s][info][gc             ] GC(235) Pause Young (Allocation Failure) 415M->15M(8142M) 17.368ms
[160.117s][info][gc,cpu         ] GC(235) User=0.05s Sys=0.00s Real=0.02s
[160.873s][info][gc,start       ] GC(236) Pause Young (Allocation Failure)
[160.873s][info][gc,task        ] GC(236) Using 6 workers of 6 for evacuation
[160.889s][info][gc,heap        ] GC(236) ParNew: 409778K->927K(460096K)
[160.889s][info][gc,heap        ] GC(236) CMS: 15459K->15459K(7877440K)
[160.889s][info][gc,metaspace   ] GC(236) Metaspace: 59685K(68804K)->59685K(68804K) NonClass: 51984K(56720K)->51984K(56720K) Class: 7701K(12084K)->7701K(12084K)
[160.890s][info][gc             ] GC(236) Pause Young (Allocation Failure) 415M->16M(8142M) 16.438ms
[160.890s][info][gc,cpu         ] GC(236) User=0.03s Sys=0.00s Real=0.03s
[161.629s][info][gc,start       ] GC(237) Pause Young (Allocation Failure)
[161.629s][info][gc,task        ] GC(237) Using 6 workers of 6 for evacuation
[161.647s][info][gc,heap        ] GC(237) ParNew: 409951K->649K(460096K)
[161.647s][info][gc,heap        ] GC(237) CMS: 15459K->15459K(7877440K)
[161.647s][info][gc,metaspace   ] GC(237) Metaspace: 59685K(68804K)->59685K(68804K) NonClass: 51984K(56720K)->51984K(56720K) Class: 7701K(12084K)->7701K(12084K)
[161.647s][info][gc             ] GC(237) Pause Young (Allocation Failure) 415M->15M(8142M) 17.773ms
[161.647s][info][gc,cpu         ] GC(237) User=0.02s Sys=0.00s Real=0.02s
[162.385s][info][gc,start       ] GC(238) Pause Young (Allocation Failure)
[162.385s][info][gc,task        ] GC(238) Using 6 workers of 6 for evacuation
[162.401s][info][gc,heap        ] GC(238) ParNew: 409673K->859K(460096K)
[162.401s][info][gc,heap        ] GC(238) CMS: 15459K->15459K(7877440K)
[162.401s][info][gc,metaspace   ] GC(238) Metaspace: 59685K(68804K)->59685K(68804K) NonClass: 51984K(56720K)->51984K(56720K) Class: 7701K(12084K)->7701K(12084K)
[162.401s][info][gc             ] GC(238) Pause Young (Allocation Failure) 415M->15M(8142M) 16.196ms
[162.401s][info][gc,cpu         ] GC(238) User=0.02s Sys=0.00s Real=0.02s
[163.205s][info][gc,start       ] GC(239) Pause Young (Allocation Failure)
[163.205s][info][gc,task        ] GC(239) Using 6 workers of 6 for evacuation
[163.220s][info][gc,heap        ] GC(239) ParNew: 409883K->512K(460096K)
[163.220s][info][gc,heap        ] GC(239) CMS: 15459K->15699K(7877440K)
[163.220s][info][gc,metaspace   ] GC(239) Metaspace: 59701K(68804K)->59701K(68804K) NonClass: 51999K(56720K)->51999K(56720K) Class: 7701K(12084K)->7701K(12084K)
[163.220s][info][gc             ] GC(239) Pause Young (Allocation Failure) 415M->15M(8142M) 15.676ms
[163.220s][info][gc,cpu         ] GC(239) User=0.02s Sys=0.00s Real=0.02s
[163.228s][info][gc,start       ] GC(240) Pause Full (System.gc())
[163.228s][info][gc,phases,start] GC(240) Phase 1: Mark live objects
[163.250s][info][gc,phases      ] GC(240) Phase 1: Mark live objects 21.632ms
[163.250s][info][gc,phases,start] GC(240) Phase 2: Compute new object addresses
[163.255s][info][gc,phases      ] GC(240) Phase 2: Compute new object addresses 4.802ms
[163.255s][info][gc,phases,start] GC(240) Phase 3: Adjust pointers
[163.272s][info][gc,phases      ] GC(240) Phase 3: Adjust pointers 16.760ms
[163.272s][info][gc,phases,start] GC(240) Phase 4: Move objects
[163.272s][info][gc,phases      ] GC(240) Phase 4: Move objects 0.626ms
[163.278s][info][gc,heap        ] GC(240) ParNew: 4049K->0K(460096K)
[163.278s][info][gc,heap        ] GC(240) CMS: 15699K->15456K(7877440K)
[163.278s][info][gc,metaspace   ] GC(240) Metaspace: 59714K(68804K)->59714K(68804K) NonClass: 52012K(56720K)->52012K(56720K) Class: 7701K(12084K)->7701K(12084K)
[163.278s][info][gc             ] GC(240) Pause Full (System.gc()) 19M->15M(8142M) 50.711ms
[163.278s][info][gc,cpu         ] GC(240) User=0.05s Sys=0.00s Real=0.05s
[163.963s][info][gc,start       ] GC(241) Pause Young (Allocation Failure)
[163.963s][info][gc,task        ] GC(241) Using 6 workers of 6 for evacuation
[163.979s][info][gc,heap        ] GC(241) ParNew: 409024K->630K(460096K)
[163.979s][info][gc,heap        ] GC(241) CMS: 15456K->15456K(7877440K)
[163.979s][info][gc,metaspace   ] GC(241) Metaspace: 59724K(68804K)->59724K(68804K) NonClass: 52022K(56720K)->52022K(56720K) Class: 7701K(12084K)->7701K(12084K)
[163.979s][info][gc             ] GC(241) Pause Young (Allocation Failure) 414M->15M(8142M) 16.866ms
[163.979s][info][gc,cpu         ] GC(241) User=0.02s Sys=0.00s Real=0.02s
[164.645s][info][gc,start       ] GC(242) Pause Young (Allocation Failure)
[164.645s][info][gc,task        ] GC(242) Using 6 workers of 6 for evacuation
[164.662s][info][gc,heap        ] GC(242) ParNew: 409654K->723K(460096K)
[164.662s][info][gc,heap        ] GC(242) CMS: 15456K->15456K(7877440K)
[164.662s][info][gc,metaspace   ] GC(242) Metaspace: 59724K(68804K)->59724K(68804K) NonClass: 52022K(56720K)->52022K(56720K) Class: 7701K(12084K)->7701K(12084K)
[164.662s][info][gc             ] GC(242) Pause Young (Allocation Failure) 415M->15M(8142M) 17.181ms
[164.662s][info][gc,cpu         ] GC(242) User=0.02s Sys=0.00s Real=0.01s
[165.326s][info][gc,start       ] GC(243) Pause Young (Allocation Failure)
[165.326s][info][gc,task        ] GC(243) Using 6 workers of 6 for evacuation
[165.344s][info][gc,heap        ] GC(243) ParNew: 409747K->841K(460096K)
[165.344s][info][gc,heap        ] GC(243) CMS: 15456K->15456K(7877440K)
[165.344s][info][gc,metaspace   ] GC(243) Metaspace: 59724K(68804K)->59724K(68804K) NonClass: 52022K(56720K)->52022K(56720K) Class: 7701K(12084K)->7701K(12084K)
[165.344s][info][gc             ] GC(243) Pause Young (Allocation Failure) 415M->15M(8142M) 18.629ms
[165.344s][info][gc,cpu         ] GC(243) User=0.03s Sys=0.00s Real=0.02s
[165.999s][info][gc,start       ] GC(244) Pause Young (Allocation Failure)
[165.999s][info][gc,task        ] GC(244) Using 6 workers of 6 for evacuation
[166.016s][info][gc,heap        ] GC(244) ParNew: 409865K->680K(460096K)
[166.016s][info][gc,heap        ] GC(244) CMS: 15456K->15456K(7877440K)
[166.016s][info][gc,metaspace   ] GC(244) Metaspace: 59724K(68804K)->59724K(68804K) NonClass: 52022K(56720K)->52022K(56720K) Class: 7701K(12084K)->7701K(12084K)
[166.016s][info][gc             ] GC(244) Pause Young (Allocation Failure) 415M->15M(8142M) 16.961ms
[166.016s][info][gc,cpu         ] GC(244) User=0.02s Sys=0.00s Real=0.02s
[166.675s][info][gc,start       ] GC(245) Pause Young (Allocation Failure)
[166.675s][info][gc,task        ] GC(245) Using 6 workers of 6 for evacuation
[166.692s][info][gc,heap        ] GC(245) ParNew: 409704K->691K(460096K)
[166.693s][info][gc,heap        ] GC(245) CMS: 15456K->15456K(7877440K)
[166.693s][info][gc,metaspace   ] GC(245) Metaspace: 59724K(68804K)->59724K(68804K) NonClass: 52022K(56720K)->52022K(56720K) Class: 7701K(12084K)->7701K(12084K)
[166.693s][info][gc             ] GC(245) Pause Young (Allocation Failure) 415M->15M(8142M) 17.425ms
[166.693s][info][gc,cpu         ] GC(245) User=0.02s Sys=0.00s Real=0.02s
[167.357s][info][gc,start       ] GC(246) Pause Young (Allocation Failure)
[167.358s][info][gc,task        ] GC(246) Using 6 workers of 6 for evacuation
[167.375s][info][gc,heap        ] GC(246) ParNew: 409715K->822K(460096K)
[167.375s][info][gc,heap        ] GC(246) CMS: 15456K->15456K(7877440K)
[167.375s][info][gc,metaspace   ] GC(246) Metaspace: 59724K(68804K)->59724K(68804K) NonClass: 52022K(56720K)->52022K(56720K) Class: 7701K(12084K)->7701K(12084K)
[167.375s][info][gc             ] GC(246) Pause Young (Allocation Failure) 415M->15M(8142M) 17.489ms
[167.375s][info][gc,cpu         ] GC(246) User=0.02s Sys=0.00s Real=0.01s
[168.042s][info][gc,start       ] GC(247) Pause Young (Allocation Failure)
[168.042s][info][gc,task        ] GC(247) Using 6 workers of 6 for evacuation
[168.058s][info][gc,heap        ] GC(247) ParNew: 409846K->494K(460096K)
[168.058s][info][gc,heap        ] GC(247) CMS: 15456K->15690K(7877440K)
[168.058s][info][gc,metaspace   ] GC(247) Metaspace: 59724K(68804K)->59724K(68804K) NonClass: 52023K(56720K)->52023K(56720K) Class: 7701K(12084K)->7701K(12084K)
[168.058s][info][gc             ] GC(247) Pause Young (Allocation Failure) 415M->15M(8142M) 15.670ms
[168.058s][info][gc,cpu         ] GC(247) User=0.02s Sys=0.00s Real=0.02s
[168.067s][info][gc,start       ] GC(248) Pause Full (System.gc())
[168.068s][info][gc,phases,start] GC(248) Phase 1: Mark live objects
[168.091s][info][gc,phases      ] GC(248) Phase 1: Mark live objects 23.269ms
[168.091s][info][gc,phases,start] GC(248) Phase 2: Compute new object addresses
[168.096s][info][gc,phases      ] GC(248) Phase 2: Compute new object addresses 5.030ms
[168.096s][info][gc,phases,start] GC(248) Phase 3: Adjust pointers
[168.113s][info][gc,phases      ] GC(248) Phase 3: Adjust pointers 16.908ms
[168.113s][info][gc,phases,start] GC(248) Phase 4: Move objects
[168.114s][info][gc,phases      ] GC(248) Phase 4: Move objects 0.619ms
[168.118s][info][gc,heap        ] GC(248) ParNew: 5397K->0K(460096K)
[168.118s][info][gc,heap        ] GC(248) CMS: 15690K->15466K(7877440K)
[168.119s][info][gc,metaspace   ] GC(248) Metaspace: 59724K(68804K)->59724K(68804K) NonClass: 52023K(56720K)->52023K(56720K) Class: 7701K(12084K)->7701K(12084K)
[168.119s][info][gc             ] GC(248) Pause Full (System.gc()) 20M->15M(8142M) 52.295ms
[168.119s][info][gc,cpu         ] GC(248) User=0.06s Sys=0.00s Real=0.06s
[168.812s][info][gc,start       ] GC(249) Pause Young (Allocation Failure)
[168.812s][info][gc,task        ] GC(249) Using 6 workers of 6 for evacuation
[168.830s][info][gc,heap        ] GC(249) ParNew: 409024K->606K(460096K)
[168.830s][info][gc,heap        ] GC(249) CMS: 15466K->15466K(7877440K)
[168.830s][info][gc,metaspace   ] GC(249) Metaspace: 59758K(68804K)->59758K(68804K) NonClass: 52056K(56720K)->52056K(56720K) Class: 7701K(12084K)->7701K(12084K)
[168.830s][info][gc             ] GC(249) Pause Young (Allocation Failure) 414M->15M(8142M) 17.528ms
[168.830s][info][gc,cpu         ] GC(249) User=0.02s Sys=0.00s Real=0.02s
[169.494s][info][gc,start       ] GC(250) Pause Young (Allocation Failure)
[169.494s][info][gc,task        ] GC(250) Using 6 workers of 6 for evacuation
[169.511s][info][gc,heap        ] GC(250) ParNew: 409630K->691K(460096K)
[169.512s][info][gc,heap        ] GC(250) CMS: 15466K->15466K(7877440K)
[169.512s][info][gc,metaspace   ] GC(250) Metaspace: 59758K(68804K)->59758K(68804K) NonClass: 52056K(56720K)->52056K(56720K) Class: 7701K(12084K)->7701K(12084K)
[169.512s][info][gc             ] GC(250) Pause Young (Allocation Failure) 415M->15M(8142M) 17.263ms
[169.512s][info][gc,cpu         ] GC(250) User=0.02s Sys=0.00s Real=0.01s
[170.165s][info][gc,start       ] GC(251) Pause Young (Allocation Failure)
[170.166s][info][gc,task        ] GC(251) Using 6 workers of 6 for evacuation
[170.183s][info][gc,heap        ] GC(251) ParNew: 409715K->866K(460096K)
[170.183s][info][gc,heap        ] GC(251) CMS: 15466K->15466K(7877440K)
[170.183s][info][gc,metaspace   ] GC(251) Metaspace: 59758K(68804K)->59758K(68804K) NonClass: 52056K(56720K)->52056K(56720K) Class: 7701K(12084K)->7701K(12084K)
[170.183s][info][gc             ] GC(251) Pause Young (Allocation Failure) 415M->15M(8142M) 17.656ms
[170.183s][info][gc,cpu         ] GC(251) User=0.02s Sys=0.00s Real=0.02s
[170.899s][info][gc,start       ] GC(252) Pause Young (Allocation Failure)
[170.900s][info][gc,task        ] GC(252) Using 6 workers of 6 for evacuation
[170.917s][info][gc,heap        ] GC(252) ParNew: 409890K->878K(460096K)
[170.917s][info][gc,heap        ] GC(252) CMS: 15466K->15466K(7877440K)
[170.917s][info][gc,metaspace   ] GC(252) Metaspace: 59758K(68804K)->59758K(68804K) NonClass: 52056K(56720K)->52056K(56720K) Class: 7701K(12084K)->7701K(12084K)
[170.917s][info][gc             ] GC(252) Pause Young (Allocation Failure) 415M->15M(8142M) 17.884ms
[170.917s][info][gc,cpu         ] GC(252) User=0.02s Sys=0.00s Real=0.02s
[171.585s][info][gc,start       ] GC(253) Pause Young (Allocation Failure)
[171.585s][info][gc,task        ] GC(253) Using 6 workers of 6 for evacuation
[171.601s][info][gc,heap        ] GC(253) ParNew: 409902K->709K(460096K)
[171.601s][info][gc,heap        ] GC(253) CMS: 15466K->15466K(7877440K)
[171.601s][info][gc,metaspace   ] GC(253) Metaspace: 59758K(68804K)->59758K(68804K) NonClass: 52056K(56720K)->52056K(56720K) Class: 7701K(12084K)->7701K(12084K)
[171.601s][info][gc             ] GC(253) Pause Young (Allocation Failure) 415M->15M(8142M) 16.410ms
[171.601s][info][gc,cpu         ] GC(253) User=0.02s Sys=0.00s Real=0.02s
[172.259s][info][gc,start       ] GC(254) Pause Young (Allocation Failure)
[172.259s][info][gc,task        ] GC(254) Using 6 workers of 6 for evacuation
[172.276s][info][gc,heap        ] GC(254) ParNew: 409733K->730K(460096K)
[172.276s][info][gc,heap        ] GC(254) CMS: 15466K->15466K(7877440K)
[172.276s][info][gc,metaspace   ] GC(254) Metaspace: 59758K(68804K)->59758K(68804K) NonClass: 52056K(56720K)->52056K(56720K) Class: 7701K(12084K)->7701K(12084K)
[172.276s][info][gc             ] GC(254) Pause Young (Allocation Failure) 415M->15M(8142M) 16.811ms
[172.276s][info][gc,cpu         ] GC(254) User=0.02s Sys=0.00s Real=0.02s
[172.967s][info][gc,start       ] GC(255) Pause Young (Allocation Failure)
[172.967s][info][gc,task        ] GC(255) Using 6 workers of 6 for evacuation
[172.983s][info][gc,heap        ] GC(255) ParNew: 409754K->500K(460096K)
[172.983s][info][gc,heap        ] GC(255) CMS: 15466K->15715K(7877440K)
[172.983s][info][gc,metaspace   ] GC(255) Metaspace: 59762K(68804K)->59762K(68804K) NonClass: 52061K(56720K)->52061K(56720K) Class: 7701K(12084K)->7701K(12084K)
[172.983s][info][gc             ] GC(255) Pause Young (Allocation Failure) 415M->15M(8142M) 15.956ms
[172.983s][info][gc,cpu         ] GC(255) User=0.02s Sys=0.00s Real=0.02s
[172.994s][info][gc,start       ] GC(256) Pause Full (System.gc())
[172.995s][info][gc,phases,start] GC(256) Phase 1: Mark live objects
[173.018s][info][gc,phases      ] GC(256) Phase 1: Mark live objects 23.045ms
[173.018s][info][gc,phases,start] GC(256) Phase 2: Compute new object addresses
[173.023s][info][gc,phases      ] GC(256) Phase 2: Compute new object addresses 5.077ms
[173.023s][info][gc,phases,start] GC(256) Phase 3: Adjust pointers
[173.040s][info][gc,phases      ] GC(256) Phase 3: Adjust pointers 16.995ms
[173.040s][info][gc,phases,start] GC(256) Phase 4: Move objects
[173.041s][info][gc,phases      ] GC(256) Phase 4: Move objects 0.625ms
[173.046s][info][gc,heap        ] GC(256) ParNew: 5367K->0K(460096K)
[173.046s][info][gc,heap        ] GC(256) CMS: 15715K->15482K(7877440K)
[173.046s][info][gc,metaspace   ] GC(256) Metaspace: 59772K(68804K)->59772K(68804K) NonClass: 52071K(56720K)->52071K(56720K) Class: 7701K(12084K)->7701K(12084K)
[173.046s][info][gc             ] GC(256) Pause Full (System.gc()) 20M->15M(8142M) 52.179ms
[173.046s][info][gc,cpu         ] GC(256) User=0.05s Sys=0.00s Real=0.05s
[173.739s][info][gc,start       ] GC(257) Pause Young (Allocation Failure)
[173.739s][info][gc,task        ] GC(257) Using 6 workers of 6 for evacuation
[173.756s][info][gc,heap        ] GC(257) ParNew: 409024K->631K(460096K)
[173.756s][info][gc,heap        ] GC(257) CMS: 15482K->15482K(7877440K)
[173.756s][info][gc,metaspace   ] GC(257) Metaspace: 59829K(69060K)->59829K(69060K) NonClass: 52127K(56976K)->52127K(56976K) Class: 7701K(12084K)->7701K(12084K)
[173.756s][info][gc             ] GC(257) Pause Young (Allocation Failure) 414M->15M(8142M) 16.761ms
[173.756s][info][gc,cpu         ] GC(257) User=0.02s Sys=0.00s Real=0.02s
[174.450s][info][gc,start       ] GC(258) Pause Young (Allocation Failure)
[174.450s][info][gc,task        ] GC(258) Using 6 workers of 6 for evacuation
[174.467s][info][gc,heap        ] GC(258) ParNew: 409655K->795K(460096K)
[174.467s][info][gc,heap        ] GC(258) CMS: 15482K->15482K(7877440K)
[174.467s][info][gc,metaspace   ] GC(258) Metaspace: 59829K(69060K)->59829K(69060K) NonClass: 52127K(56976K)->52127K(56976K) Class: 7701K(12084K)->7701K(12084K)
[174.467s][info][gc             ] GC(258) Pause Young (Allocation Failure) 415M->15M(8142M) 17.032ms
[174.467s][info][gc,cpu         ] GC(258) User=0.02s Sys=0.00s Real=0.02s
[175.253s][info][gc,start       ] GC(259) Pause Young (Allocation Failure)
[175.253s][info][gc,task        ] GC(259) Using 6 workers of 6 for evacuation
[175.274s][info][gc,heap        ] GC(259) ParNew: 409819K->808K(460096K)
[175.274s][info][gc,heap        ] GC(259) CMS: 15482K->15482K(7877440K)
[175.274s][info][gc,metaspace   ] GC(259) Metaspace: 59829K(69060K)->59829K(69060K) NonClass: 52127K(56976K)->52127K(56976K) Class: 7701K(12084K)->7701K(12084K)
[175.274s][info][gc             ] GC(259) Pause Young (Allocation Failure) 415M->15M(8142M) 20.770ms
[175.274s][info][gc,cpu         ] GC(259) User=0.06s Sys=0.00s Real=0.02s
[176.060s][info][gc,start       ] GC(260) Pause Young (Allocation Failure)
[176.060s][info][gc,task        ] GC(260) Using 6 workers of 6 for evacuation
[176.077s][info][gc,heap        ] GC(260) ParNew: 409832K->737K(460096K)
[176.077s][info][gc,heap        ] GC(260) CMS: 15482K->15482K(7877440K)
[176.077s][info][gc,metaspace   ] GC(260) Metaspace: 59829K(69060K)->59829K(69060K) NonClass: 52127K(56976K)->52127K(56976K) Class: 7701K(12084K)->7701K(12084K)
[176.077s][info][gc             ] GC(260) Pause Young (Allocation Failure) 415M->15M(8142M) 17.140ms
[176.078s][info][gc,cpu         ] GC(260) User=0.02s Sys=0.00s Real=0.02s
[176.809s][info][gc,start       ] GC(261) Pause Young (Allocation Failure)
[176.809s][info][gc,task        ] GC(261) Using 6 workers of 6 for evacuation
[176.827s][info][gc,heap        ] GC(261) ParNew: 409761K->819K(460096K)
[176.827s][info][gc,heap        ] GC(261) CMS: 15482K->15482K(7877440K)
[176.827s][info][gc,metaspace   ] GC(261) Metaspace: 59831K(69060K)->59831K(69060K) NonClass: 52130K(56976K)->52130K(56976K) Class: 7701K(12084K)->7701K(12084K)
[176.827s][info][gc             ] GC(261) Pause Young (Allocation Failure) 415M->15M(8142M) 17.900ms
[176.827s][info][gc,cpu         ] GC(261) User=0.02s Sys=0.00s Real=0.01s
[177.496s][info][gc,start       ] GC(262) Pause Young (Allocation Failure)
[177.496s][info][gc,task        ] GC(262) Using 6 workers of 6 for evacuation
[177.513s][info][gc,heap        ] GC(262) ParNew: 409843K->774K(460096K)
[177.513s][info][gc,heap        ] GC(262) CMS: 15482K->15482K(7877440K)
[177.513s][info][gc,metaspace   ] GC(262) Metaspace: 59831K(69060K)->59831K(69060K) NonClass: 52130K(56976K)->52130K(56976K) Class: 7701K(12084K)->7701K(12084K)
[177.513s][info][gc             ] GC(262) Pause Young (Allocation Failure) 415M->15M(8142M) 16.915ms
[177.513s][info][gc,cpu         ] GC(262) User=0.02s Sys=0.00s Real=0.02s
[178.207s][info][gc,start       ] GC(263) Pause Young (Allocation Failure)
[178.207s][info][gc,task        ] GC(263) Using 6 workers of 6 for evacuation
[178.224s][info][gc,heap        ] GC(263) ParNew: 409798K->520K(460096K)
[178.224s][info][gc,heap        ] GC(263) CMS: 15482K->15771K(7877440K)
[178.224s][info][gc,metaspace   ] GC(263) Metaspace: 59852K(69060K)->59852K(69060K) NonClass: 52151K(56976K)->52151K(56976K) Class: 7701K(12084K)->7701K(12084K)
[178.224s][info][gc             ] GC(263) Pause Young (Allocation Failure) 415M->15M(8142M) 16.709ms
[178.224s][info][gc,cpu         ] GC(263) User=0.00s Sys=0.00s Real=0.01s
[178.231s][info][gc,start       ] GC(264) Pause Full (System.gc())
[178.232s][info][gc,phases,start] GC(264) Phase 1: Mark live objects
[178.254s][info][gc,phases      ] GC(264) Phase 1: Mark live objects 21.929ms
[178.254s][info][gc,phases,start] GC(264) Phase 2: Compute new object addresses
[178.259s][info][gc,phases      ] GC(264) Phase 2: Compute new object addresses 4.896ms
[178.259s][info][gc,phases,start] GC(264) Phase 3: Adjust pointers
[178.276s][info][gc,phases      ] GC(264) Phase 3: Adjust pointers 17.050ms
[178.276s][info][gc,phases,start] GC(264) Phase 4: Move objects
[178.276s][info][gc,phases      ] GC(264) Phase 4: Move objects 0.786ms
[178.281s][info][gc,heap        ] GC(264) ParNew: 4346K->0K(460096K)
[178.282s][info][gc,heap        ] GC(264) CMS: 15771K->15468K(7877440K)
[178.282s][info][gc,metaspace   ] GC(264) Metaspace: 59854K(69060K)->59854K(69060K) NonClass: 52153K(56976K)->52153K(56976K) Class: 7701K(12084K)->7701K(12084K)
[178.282s][info][gc             ] GC(264) Pause Full (System.gc()) 19M->15M(8142M) 51.093ms
[178.282s][info][gc,cpu         ] GC(264) User=0.05s Sys=0.00s Real=0.05s
[178.973s][info][gc,start       ] GC(265) Pause Young (Allocation Failure)
[178.973s][info][gc,task        ] GC(265) Using 6 workers of 6 for evacuation
[178.990s][info][gc,heap        ] GC(265) ParNew: 409024K->596K(460096K)
[178.990s][info][gc,heap        ] GC(265) CMS: 15468K->15468K(7877440K)
[178.990s][info][gc,metaspace   ] GC(265) Metaspace: 59879K(69060K)->59879K(69060K) NonClass: 52178K(56976K)->52178K(56976K) Class: 7701K(12084K)->7701K(12084K)
[178.990s][info][gc             ] GC(265) Pause Young (Allocation Failure) 414M->15M(8142M) 16.642ms
[178.990s][info][gc,cpu         ] GC(265) User=0.00s Sys=0.00s Real=0.01s
[179.667s][info][gc,start       ] GC(266) Pause Young (Allocation Failure)
[179.667s][info][gc,task        ] GC(266) Using 6 workers of 6 for evacuation
[179.685s][info][gc,heap        ] GC(266) ParNew: 409620K->797K(460096K)
[179.685s][info][gc,heap        ] GC(266) CMS: 15468K->15468K(7877440K)
[179.685s][info][gc,metaspace   ] GC(266) Metaspace: 59879K(69060K)->59879K(69060K) NonClass: 52178K(56976K)->52178K(56976K) Class: 7701K(12084K)->7701K(12084K)
[179.685s][info][gc             ] GC(266) Pause Young (Allocation Failure) 415M->15M(8142M) 17.330ms
[179.685s][info][gc,cpu         ] GC(266) User=0.02s Sys=0.00s Real=0.02s
[180.360s][info][gc,start       ] GC(267) Pause Young (Allocation Failure)
[180.360s][info][gc,task        ] GC(267) Using 6 workers of 6 for evacuation
[180.377s][info][gc,heap        ] GC(267) ParNew: 409821K->857K(460096K)
[180.377s][info][gc,heap        ] GC(267) CMS: 15468K->15468K(7877440K)
[180.377s][info][gc,metaspace   ] GC(267) Metaspace: 59880K(69060K)->59880K(69060K) NonClass: 52179K(56976K)->52179K(56976K) Class: 7701K(12084K)->7701K(12084K)
[180.377s][info][gc             ] GC(267) Pause Young (Allocation Failure) 415M->15M(8142M) 17.284ms
[180.377s][info][gc,cpu         ] GC(267) User=0.02s Sys=0.00s Real=0.01s
[181.044s][info][gc,start       ] GC(268) Pause Young (Allocation Failure)
[181.044s][info][gc,task        ] GC(268) Using 6 workers of 6 for evacuation
[181.060s][info][gc,heap        ] GC(268) ParNew: 409881K->882K(460096K)
[181.060s][info][gc,heap        ] GC(268) CMS: 15468K->15468K(7877440K)
[181.061s][info][gc,metaspace   ] GC(268) Metaspace: 59881K(69060K)->59881K(69060K) NonClass: 52179K(56976K)->52179K(56976K) Class: 7701K(12084K)->7701K(12084K)
[181.061s][info][gc             ] GC(268) Pause Young (Allocation Failure) 415M->15M(8142M) 16.219ms
[181.061s][info][gc,cpu         ] GC(268) User=0.02s Sys=0.00s Real=0.00s
[181.737s][info][gc,start       ] GC(269) Pause Young (Allocation Failure)
[181.737s][info][gc,task        ] GC(269) Using 6 workers of 6 for evacuation
[181.753s][info][gc,heap        ] GC(269) ParNew: 409906K->688K(460096K)
[181.753s][info][gc,heap        ] GC(269) CMS: 15468K->15468K(7877440K)
[181.753s][info][gc,metaspace   ] GC(269) Metaspace: 59883K(69060K)->59883K(69060K) NonClass: 52181K(56976K)->52181K(56976K) Class: 7701K(12084K)->7701K(12084K)
[181.753s][info][gc             ] GC(269) Pause Young (Allocation Failure) 415M->15M(8142M) 15.774ms
[181.753s][info][gc,cpu         ] GC(269) User=0.00s Sys=0.00s Real=0.00s
[182.431s][info][gc,start       ] GC(270) Pause Young (Allocation Failure)
[182.431s][info][gc,task        ] GC(270) Using 6 workers of 6 for evacuation
[182.447s][info][gc,heap        ] GC(270) ParNew: 409712K->759K(460096K)
[182.447s][info][gc,heap        ] GC(270) CMS: 15468K->15468K(7877440K)
[182.447s][info][gc,metaspace   ] GC(270) Metaspace: 59883K(69060K)->59883K(69060K) NonClass: 52181K(56976K)->52181K(56976K) Class: 7701K(12084K)->7701K(12084K)
[182.447s][info][gc             ] GC(270) Pause Young (Allocation Failure) 415M->15M(8142M) 16.718ms
[182.447s][info][gc,cpu         ] GC(270) User=0.02s Sys=0.00s Real=0.02s
[183.121s][info][gc,start       ] GC(271) Pause Young (Allocation Failure)
[183.121s][info][gc,task        ] GC(271) Using 6 workers of 6 for evacuation
[183.137s][info][gc,heap        ] GC(271) ParNew: 409783K->512K(460096K)
[183.137s][info][gc,heap        ] GC(271) CMS: 15468K->15744K(7877440K)
[183.137s][info][gc,metaspace   ] GC(271) Metaspace: 59889K(69060K)->59889K(69060K) NonClass: 52188K(56976K)->52188K(56976K) Class: 7701K(12084K)->7701K(12084K)
[183.137s][info][gc             ] GC(271) Pause Young (Allocation Failure) 415M->15M(8142M) 16.045ms
[183.137s][info][gc,cpu         ] GC(271) User=0.00s Sys=0.02s Real=0.02s
[183.140s][info][gc,start       ] GC(272) Pause Full (System.gc())
[183.141s][info][gc,phases,start] GC(272) Phase 1: Mark live objects
[183.163s][info][gc,phases      ] GC(272) Phase 1: Mark live objects 22.244ms
[183.163s][info][gc,phases,start] GC(272) Phase 2: Compute new object addresses
[183.168s][info][gc,phases      ] GC(272) Phase 2: Compute new object addresses 4.688ms
[183.168s][info][gc,phases,start] GC(272) Phase 3: Adjust pointers
[183.185s][info][gc,phases      ] GC(272) Phase 3: Adjust pointers 17.059ms
[183.185s][info][gc,phases,start] GC(272) Phase 4: Move objects
[183.186s][info][gc,phases      ] GC(272) Phase 4: Move objects 0.836ms
[183.191s][info][gc,heap        ] GC(272) ParNew: 5424K->0K(460096K)
[183.191s][info][gc,heap        ] GC(272) CMS: 15744K->15472K(7877440K)
[183.191s][info][gc,metaspace   ] GC(272) Metaspace: 59891K(69060K)->59891K(69060K) NonClass: 52189K(56976K)->52189K(56976K) Class: 7701K(12084K)->7701K(12084K)
[183.192s][info][gc             ] GC(272) Pause Full (System.gc()) 20M->15M(8142M) 51.460ms
[183.192s][info][gc,cpu         ] GC(272) User=0.05s Sys=0.00s Real=0.05s
[183.895s][info][gc,start       ] GC(273) Pause Young (Allocation Failure)
[183.895s][info][gc,task        ] GC(273) Using 6 workers of 6 for evacuation
[183.913s][info][gc,heap        ] GC(273) ParNew: 409024K->599K(460096K)
[183.913s][info][gc,heap        ] GC(273) CMS: 15472K->15472K(7877440K)
[183.913s][info][gc,metaspace   ] GC(273) Metaspace: 59895K(69060K)->59895K(69060K) NonClass: 52194K(56976K)->52194K(56976K) Class: 7701K(12084K)->7701K(12084K)
[183.913s][info][gc             ] GC(273) Pause Young (Allocation Failure) 414M->15M(8142M) 17.187ms
[183.913s][info][gc,cpu         ] GC(273) User=0.03s Sys=0.00s Real=0.02s
[184.590s][info][gc,start       ] GC(274) Pause Young (Allocation Failure)
[184.590s][info][gc,task        ] GC(274) Using 6 workers of 6 for evacuation
[184.607s][info][gc,heap        ] GC(274) ParNew: 409623K->780K(460096K)
[184.607s][info][gc,heap        ] GC(274) CMS: 15472K->15472K(7877440K)
[184.607s][info][gc,metaspace   ] GC(274) Metaspace: 59895K(69060K)->59895K(69060K) NonClass: 52194K(56976K)->52194K(56976K) Class: 7701K(12084K)->7701K(12084K)
[184.607s][info][gc             ] GC(274) Pause Young (Allocation Failure) 415M->15M(8142M) 16.788ms
[184.607s][info][gc,cpu         ] GC(274) User=0.02s Sys=0.00s Real=0.02s
[185.271s][info][gc,start       ] GC(275) Pause Young (Allocation Failure)
[185.271s][info][gc,task        ] GC(275) Using 6 workers of 6 for evacuation
[185.288s][info][gc,heap        ] GC(275) ParNew: 409804K->759K(460096K)
[185.288s][info][gc,heap        ] GC(275) CMS: 15472K->15472K(7877440K)
[185.288s][info][gc,metaspace   ] GC(275) Metaspace: 59895K(69060K)->59895K(69060K) NonClass: 52194K(56976K)->52194K(56976K) Class: 7701K(12084K)->7701K(12084K)
[185.288s][info][gc             ] GC(275) Pause Young (Allocation Failure) 415M->15M(8142M) 17.591ms
[185.288s][info][gc,cpu         ] GC(275) User=0.02s Sys=0.00s Real=0.02s
[185.965s][info][gc,start       ] GC(276) Pause Young (Allocation Failure)
[185.965s][info][gc,task        ] GC(276) Using 6 workers of 6 for evacuation
[185.983s][info][gc,heap        ] GC(276) ParNew: 409783K->867K(460096K)
[185.983s][info][gc,heap        ] GC(276) CMS: 15472K->15472K(7877440K)
[185.983s][info][gc,metaspace   ] GC(276) Metaspace: 59895K(69060K)->59895K(69060K) NonClass: 52194K(56976K)->52194K(56976K) Class: 7701K(12084K)->7701K(12084K)
[185.983s][info][gc             ] GC(276) Pause Young (Allocation Failure) 415M->15M(8142M) 17.562ms
[185.983s][info][gc,cpu         ] GC(276) User=0.02s Sys=0.00s Real=0.02s
[186.657s][info][gc,start       ] GC(277) Pause Young (Allocation Failure)
[186.657s][info][gc,task        ] GC(277) Using 6 workers of 6 for evacuation
[186.672s][info][gc,heap        ] GC(277) ParNew: 409891K->883K(460096K)
[186.673s][info][gc,heap        ] GC(277) CMS: 15472K->15472K(7877440K)
[186.673s][info][gc,metaspace   ] GC(277) Metaspace: 59895K(69060K)->59895K(69060K) NonClass: 52194K(56976K)->52194K(56976K) Class: 7701K(12084K)->7701K(12084K)
[186.673s][info][gc             ] GC(277) Pause Young (Allocation Failure) 415M->15M(8142M) 15.963ms
[186.673s][info][gc,cpu         ] GC(277) User=0.00s Sys=0.00s Real=0.00s
[187.333s][info][gc,start       ] GC(278) Pause Young (Allocation Failure)
[187.333s][info][gc,task        ] GC(278) Using 6 workers of 6 for evacuation
[187.351s][info][gc,heap        ] GC(278) ParNew: 409907K->738K(460096K)
[187.351s][info][gc,heap        ] GC(278) CMS: 15472K->15472K(7877440K)
[187.351s][info][gc,metaspace   ] GC(278) Metaspace: 59895K(69060K)->59895K(69060K) NonClass: 52194K(56976K)->52194K(56976K) Class: 7701K(12084K)->7701K(12084K)
[187.351s][info][gc             ] GC(278) Pause Young (Allocation Failure) 415M->15M(8142M) 17.824ms
[187.351s][info][gc,cpu         ] GC(278) User=0.02s Sys=0.00s Real=0.01s
[188.032s][info][gc,start       ] GC(279) Pause Young (Allocation Failure)
[188.032s][info][gc,task        ] GC(279) Using 6 workers of 6 for evacuation
[188.048s][info][gc,heap        ] GC(279) ParNew: 409762K->487K(460096K)
[188.048s][info][gc,heap        ] GC(279) CMS: 15472K->15754K(7877440K)
[188.048s][info][gc,metaspace   ] GC(279) Metaspace: 59895K(69060K)->59895K(69060K) NonClass: 52194K(56976K)->52194K(56976K) Class: 7701K(12084K)->7701K(12084K)
[188.048s][info][gc             ] GC(279) Pause Young (Allocation Failure) 415M->15M(8142M) 16.768ms
[188.049s][info][gc,cpu         ] GC(279) User=0.02s Sys=0.00s Real=0.02s
[188.061s][info][gc,start       ] GC(280) Pause Full (System.gc())
[188.062s][info][gc,phases,start] GC(280) Phase 1: Mark live objects
[188.085s][info][gc,phases      ] GC(280) Phase 1: Mark live objects 22.943ms
[188.085s][info][gc,phases,start] GC(280) Phase 2: Compute new object addresses
[188.090s][info][gc,phases      ] GC(280) Phase 2: Compute new object addresses 5.281ms
[188.090s][info][gc,phases,start] GC(280) Phase 3: Adjust pointers
[188.107s][info][gc,phases      ] GC(280) Phase 3: Adjust pointers 17.462ms
[188.108s][info][gc,phases,start] GC(280) Phase 4: Move objects
[188.109s][info][gc,phases      ] GC(280) Phase 4: Move objects 1.645ms
[188.114s][info][gc,heap        ] GC(280) ParNew: 7068K->0K(460096K)
[188.114s][info][gc,heap        ] GC(280) CMS: 15754K->15551K(7877440K)
[188.114s][info][gc,metaspace   ] GC(280) Metaspace: 59897K(69060K)->59897K(69060K) NonClass: 52195K(56976K)->52195K(56976K) Class: 7701K(12084K)->7701K(12084K)
[188.115s][info][gc             ] GC(280) Pause Full (System.gc()) 22M->15M(8142M) 54.127ms
[188.115s][info][gc,cpu         ] GC(280) User=0.05s Sys=0.00s Real=0.05s
[188.820s][info][gc,start       ] GC(281) Pause Young (Allocation Failure)
[188.820s][info][gc,task        ] GC(281) Using 6 workers of 6 for evacuation
[188.838s][info][gc,heap        ] GC(281) ParNew: 409024K->566K(460096K)
[188.838s][info][gc,heap        ] GC(281) CMS: 15551K->15551K(7877440K)
[188.838s][info][gc,metaspace   ] GC(281) Metaspace: 59905K(69060K)->59905K(69060K) NonClass: 52204K(56976K)->52204K(56976K) Class: 7701K(12084K)->7701K(12084K)
[188.838s][info][gc             ] GC(281) Pause Young (Allocation Failure) 414M->15M(8142M) 18.125ms
[188.838s][info][gc,cpu         ] GC(281) User=0.02s Sys=0.00s Real=0.02s
[189.509s][info][gc,start       ] GC(282) Pause Young (Allocation Failure)
[189.510s][info][gc,task        ] GC(282) Using 6 workers of 6 for evacuation
[189.526s][info][gc,heap        ] GC(282) ParNew: 409590K->811K(460096K)
[189.526s][info][gc,heap        ] GC(282) CMS: 15551K->15551K(7877440K)
[189.526s][info][gc,metaspace   ] GC(282) Metaspace: 59905K(69060K)->59905K(69060K) NonClass: 52204K(56976K)->52204K(56976K) Class: 7701K(12084K)->7701K(12084K)
[189.526s][info][gc             ] GC(282) Pause Young (Allocation Failure) 415M->15M(8142M) 16.801ms
[189.526s][info][gc,cpu         ] GC(282) User=0.02s Sys=0.00s Real=0.02s
[190.189s][info][gc,start       ] GC(283) Pause Young (Allocation Failure)
[190.189s][info][gc,task        ] GC(283) Using 6 workers of 6 for evacuation
[190.206s][info][gc,heap        ] GC(283) ParNew: 409835K->704K(460096K)
[190.206s][info][gc,heap        ] GC(283) CMS: 15551K->15551K(7877440K)
[190.206s][info][gc,metaspace   ] GC(283) Metaspace: 59906K(69060K)->59906K(69060K) NonClass: 52204K(56976K)->52204K(56976K) Class: 7701K(12084K)->7701K(12084K)
[190.206s][info][gc             ] GC(283) Pause Young (Allocation Failure) 415M->15M(8142M) 17.307ms
[190.206s][info][gc,cpu         ] GC(283) User=0.02s Sys=0.00s Real=0.02s
[190.885s][info][gc,start       ] GC(284) Pause Young (Allocation Failure)
[190.885s][info][gc,task        ] GC(284) Using 6 workers of 6 for evacuation
[190.902s][info][gc,heap        ] GC(284) ParNew: 409728K->644K(460096K)
[190.902s][info][gc,heap        ] GC(284) CMS: 15551K->15551K(7877440K)
[190.902s][info][gc,metaspace   ] GC(284) Metaspace: 59906K(69060K)->59906K(69060K) NonClass: 52204K(56976K)->52204K(56976K) Class: 7701K(12084K)->7701K(12084K)
[190.902s][info][gc             ] GC(284) Pause Young (Allocation Failure) 415M->15M(8142M) 16.817ms
[190.902s][info][gc,cpu         ] GC(284) User=0.02s Sys=0.00s Real=0.02s
[191.576s][info][gc,start       ] GC(285) Pause Young (Allocation Failure)
[191.576s][info][gc,task        ] GC(285) Using 6 workers of 6 for evacuation
[191.592s][info][gc,heap        ] GC(285) ParNew: 409668K->796K(460096K)
[191.592s][info][gc,heap        ] GC(285) CMS: 15551K->15551K(7877440K)
[191.592s][info][gc,metaspace   ] GC(285) Metaspace: 59906K(69060K)->59906K(69060K) NonClass: 52204K(56976K)->52204K(56976K) Class: 7701K(12084K)->7701K(12084K)
[191.592s][info][gc             ] GC(285) Pause Young (Allocation Failure) 415M->15M(8142M) 16.315ms
[191.592s][info][gc,cpu         ] GC(285) User=0.00s Sys=0.00s Real=0.02s
[192.259s][info][gc,start       ] GC(286) Pause Young (Allocation Failure)
[192.259s][info][gc,task        ] GC(286) Using 6 workers of 6 for evacuation
[192.276s][info][gc,heap        ] GC(286) ParNew: 409820K->802K(460096K)
[192.276s][info][gc,heap        ] GC(286) CMS: 15551K->15551K(7877440K)
[192.276s][info][gc,metaspace   ] GC(286) Metaspace: 59906K(69060K)->59906K(69060K) NonClass: 52204K(56976K)->52204K(56976K) Class: 7701K(12084K)->7701K(12084K)
[192.276s][info][gc             ] GC(286) Pause Young (Allocation Failure) 415M->15M(8142M) 17.119ms
[192.276s][info][gc,cpu         ] GC(286) User=0.02s Sys=0.00s Real=0.01s
[193.007s][info][gc,start       ] GC(287) Pause Young (Allocation Failure)
[193.007s][info][gc,task        ] GC(287) Using 6 workers of 6 for evacuation
[193.025s][info][gc,heap        ] GC(287) ParNew: 409826K->493K(460096K)
[193.025s][info][gc,heap        ] GC(287) CMS: 15551K->15847K(7877440K)
[193.025s][info][gc,metaspace   ] GC(287) Metaspace: 59906K(69060K)->59906K(69060K) NonClass: 52205K(56976K)->52205K(56976K) Class: 7701K(12084K)->7701K(12084K)
[193.025s][info][gc             ] GC(287) Pause Young (Allocation Failure) 415M->15M(8142M) 17.801ms
[193.025s][info][gc,cpu         ] GC(287) User=0.02s Sys=0.00s Real=0.02s
[193.028s][info][gc,start       ] GC(288) Pause Full (System.gc())
[193.029s][info][gc,phases,start] GC(288) Phase 1: Mark live objects
[193.053s][info][gc,phases      ] GC(288) Phase 1: Mark live objects 24.109ms
[193.053s][info][gc,phases,start] GC(288) Phase 2: Compute new object addresses
[193.058s][info][gc,phases      ] GC(288) Phase 2: Compute new object addresses 4.859ms
[193.058s][info][gc,phases,start] GC(288) Phase 3: Adjust pointers
[193.076s][info][gc,phases      ] GC(288) Phase 3: Adjust pointers 17.389ms
[193.076s][info][gc,phases,start] GC(288) Phase 4: Move objects
[193.076s][info][gc,phases      ] GC(288) Phase 4: Move objects 0.651ms
[193.081s][info][gc,heap        ] GC(288) ParNew: 3823K->0K(460096K)
[193.081s][info][gc,heap        ] GC(288) CMS: 15847K->15542K(7877440K)
[193.081s][info][gc,metaspace   ] GC(288) Metaspace: 59909K(69060K)->59909K(69060K) NonClass: 52208K(56976K)->52208K(56976K) Class: 7701K(12084K)->7701K(12084K)
[193.082s][info][gc             ] GC(288) Pause Full (System.gc()) 19M->15M(8142M) 53.489ms
[193.082s][info][gc,cpu         ] GC(288) User=0.05s Sys=0.00s Real=0.05s
[193.776s][info][gc,start       ] GC(289) Pause Young (Allocation Failure)
[193.776s][info][gc,task        ] GC(289) Using 6 workers of 6 for evacuation
[193.792s][info][gc,heap        ] GC(289) ParNew: 409024K->536K(460096K)
[193.792s][info][gc,heap        ] GC(289) CMS: 15542K->15542K(7877440K)
[193.792s][info][gc,metaspace   ] GC(289) Metaspace: 59911K(69060K)->59911K(69060K) NonClass: 52210K(56976K)->52210K(56976K) Class: 7701K(12084K)->7701K(12084K)
[193.792s][info][gc             ] GC(289) Pause Young (Allocation Failure) 414M->15M(8142M) 16.733ms
[193.792s][info][gc,cpu         ] GC(289) User=0.02s Sys=0.00s Real=0.02s
[194.469s][info][gc,start       ] GC(290) Pause Young (Allocation Failure)
[194.469s][info][gc,task        ] GC(290) Using 6 workers of 6 for evacuation
[194.485s][info][gc,heap        ] GC(290) ParNew: 409560K->603K(460096K)
[194.485s][info][gc,heap        ] GC(290) CMS: 15542K->15542K(7877440K)
[194.485s][info][gc,metaspace   ] GC(290) Metaspace: 59912K(69060K)->59912K(69060K) NonClass: 52211K(56976K)->52211K(56976K) Class: 7701K(12084K)->7701K(12084K)
[194.485s][info][gc             ] GC(290) Pause Young (Allocation Failure) 415M->15M(8142M) 16.678ms
[194.485s][info][gc,cpu         ] GC(290) User=0.02s Sys=0.00s Real=0.02s
[195.145s][info][gc,start       ] GC(291) Pause Young (Allocation Failure)
[195.145s][info][gc,task        ] GC(291) Using 6 workers of 6 for evacuation
[195.161s][info][gc,heap        ] GC(291) ParNew: 409627K->821K(460096K)
[195.161s][info][gc,heap        ] GC(291) CMS: 15542K->15542K(7877440K)
[195.161s][info][gc,metaspace   ] GC(291) Metaspace: 59912K(69060K)->59912K(69060K) NonClass: 52211K(56976K)->52211K(56976K) Class: 7701K(12084K)->7701K(12084K)
[195.161s][info][gc             ] GC(291) Pause Young (Allocation Failure) 415M->15M(8142M) 16.640ms
[195.161s][info][gc,cpu         ] GC(291) User=0.02s Sys=0.00s Real=0.01s
[195.831s][info][gc,start       ] GC(292) Pause Young (Allocation Failure)
[195.831s][info][gc,task        ] GC(292) Using 6 workers of 6 for evacuation
[195.848s][info][gc,heap        ] GC(292) ParNew: 409845K->728K(460096K)
[195.848s][info][gc,heap        ] GC(292) CMS: 15542K->15542K(7877440K)
[195.848s][info][gc,metaspace   ] GC(292) Metaspace: 59912K(69060K)->59912K(69060K) NonClass: 52211K(56976K)->52211K(56976K) Class: 7701K(12084K)->7701K(12084K)
[195.848s][info][gc             ] GC(292) Pause Young (Allocation Failure) 415M->15M(8142M) 17.134ms
[195.848s][info][gc,cpu         ] GC(292) User=0.02s Sys=0.00s Real=0.01s
[196.524s][info][gc,start       ] GC(293) Pause Young (Allocation Failure)
[196.524s][info][gc,task        ] GC(293) Using 6 workers of 6 for evacuation
[196.542s][info][gc,heap        ] GC(293) ParNew: 409752K->711K(460096K)
[196.542s][info][gc,heap        ] GC(293) CMS: 15542K->15542K(7877440K)
[196.542s][info][gc,metaspace   ] GC(293) Metaspace: 59922K(69060K)->59922K(69060K) NonClass: 52221K(56976K)->52221K(56976K) Class: 7701K(12084K)->7701K(12084K)
[196.542s][info][gc             ] GC(293) Pause Young (Allocation Failure) 415M->15M(8142M) 17.745ms
[196.542s][info][gc,cpu         ] GC(293) User=0.02s Sys=0.00s Real=0.01s
[197.205s][info][gc,start       ] GC(294) Pause Young (Allocation Failure)
[197.205s][info][gc,task        ] GC(294) Using 6 workers of 6 for evacuation
[197.222s][info][gc,heap        ] GC(294) ParNew: 409735K->779K(460096K)
[197.222s][info][gc,heap        ] GC(294) CMS: 15542K->15542K(7877440K)
[197.222s][info][gc,metaspace   ] GC(294) Metaspace: 59954K(69060K)->59954K(69060K) NonClass: 52253K(56976K)->52253K(56976K) Class: 7701K(12084K)->7701K(12084K)
[197.222s][info][gc             ] GC(294) Pause Young (Allocation Failure) 415M->15M(8142M) 16.563ms
[197.222s][info][gc,cpu         ] GC(294) User=0.02s Sys=0.00s Real=0.02s
[197.927s][info][gc,start       ] GC(295) Pause Young (Allocation Failure)
[197.927s][info][gc,task        ] GC(295) Using 6 workers of 6 for evacuation
[197.945s][info][gc,heap        ] GC(295) ParNew: 409803K->483K(460096K)
[197.945s][info][gc,heap        ] GC(295) CMS: 15542K->15807K(7877440K)
[197.945s][info][gc,metaspace   ] GC(295) Metaspace: 59963K(69060K)->59963K(69060K) NonClass: 52262K(56976K)->52262K(56976K) Class: 7701K(12084K)->7701K(12084K)
[197.945s][info][gc             ] GC(295) Pause Young (Allocation Failure) 415M->15M(8142M) 17.395ms
[197.945s][info][gc,cpu         ] GC(295) User=0.00s Sys=0.00s Real=0.02s
[197.945s][info][gc,start       ] GC(296) Pause Full (System.gc())
[197.946s][info][gc,phases,start] GC(296) Phase 1: Mark live objects
[197.969s][info][gc,phases      ] GC(296) Phase 1: Mark live objects 22.252ms
[197.969s][info][gc,phases,start] GC(296) Phase 2: Compute new object addresses
[197.973s][info][gc,phases      ] GC(296) Phase 2: Compute new object addresses 4.611ms
[197.973s][info][gc,phases,start] GC(296) Phase 3: Adjust pointers
[197.991s][info][gc,phases      ] GC(296) Phase 3: Adjust pointers 17.590ms
[197.991s][info][gc,phases,start] GC(296) Phase 4: Move objects
[197.993s][info][gc,phases      ] GC(296) Phase 4: Move objects 1.533ms
[197.998s][info][gc,heap        ] GC(296) ParNew: 1881K->0K(460096K)
[197.998s][info][gc,heap        ] GC(296) CMS: 15807K->15505K(7877440K)
[197.998s][info][gc,metaspace   ] GC(296) Metaspace: 59964K(69060K)->59964K(69060K) NonClass: 52263K(56976K)->52263K(56976K) Class: 7701K(12084K)->7701K(12084K)
[197.998s][info][gc             ] GC(296) Pause Full (System.gc()) 17M->15M(8142M) 52.930ms
[197.998s][info][gc,cpu         ] GC(296) User=0.05s Sys=0.00s Real=0.05s
[198.700s][info][gc,start       ] GC(297) Pause Young (Allocation Failure)
[198.700s][info][gc,task        ] GC(297) Using 6 workers of 6 for evacuation
[198.718s][info][gc,heap        ] GC(297) ParNew: 409024K->604K(460096K)
[198.718s][info][gc,heap        ] GC(297) CMS: 15505K->15505K(7877440K)
[198.718s][info][gc,metaspace   ] GC(297) Metaspace: 59970K(69060K)->59970K(69060K) NonClass: 52269K(56976K)->52269K(56976K) Class: 7701K(12084K)->7701K(12084K)
[198.718s][info][gc             ] GC(297) Pause Young (Allocation Failure) 414M->15M(8142M) 17.937ms
[198.718s][info][gc,cpu         ] GC(297) User=0.02s Sys=0.00s Real=0.02s
[199.392s][info][gc,start       ] GC(298) Pause Young (Allocation Failure)
[199.392s][info][gc,task        ] GC(298) Using 6 workers of 6 for evacuation
[199.411s][info][gc,heap        ] GC(298) ParNew: 409628K->771K(460096K)
[199.411s][info][gc,heap        ] GC(298) CMS: 15505K->15505K(7877440K)
[199.411s][info][gc,metaspace   ] GC(298) Metaspace: 59970K(69060K)->59970K(69060K) NonClass: 52269K(56976K)->52269K(56976K) Class: 7701K(12084K)->7701K(12084K)
[199.411s][info][gc             ] GC(298) Pause Young (Allocation Failure) 415M->15M(8142M) 18.752ms
[199.411s][info][gc,cpu         ] GC(298) User=0.00s Sys=0.00s Real=0.02s
[200.088s][info][gc,start       ] GC(299) Pause Young (Allocation Failure)
[200.088s][info][gc,task        ] GC(299) Using 6 workers of 6 for evacuation
[200.106s][info][gc,heap        ] GC(299) ParNew: 409795K->825K(460096K)
[200.106s][info][gc,heap        ] GC(299) CMS: 15505K->15505K(7877440K)
[200.106s][info][gc,metaspace   ] GC(299) Metaspace: 59970K(69060K)->59970K(69060K) NonClass: 52269K(56976K)->52269K(56976K) Class: 7701K(12084K)->7701K(12084K)
[200.106s][info][gc             ] GC(299) Pause Young (Allocation Failure) 415M->15M(8142M) 18.250ms
[200.106s][info][gc,cpu         ] GC(299) User=0.03s Sys=0.00s Real=0.01s
[200.923s][info][gc,start       ] GC(300) Pause Young (Allocation Failure)
[200.923s][info][gc,task        ] GC(300) Using 6 workers of 6 for evacuation
[200.940s][info][gc,heap        ] GC(300) ParNew: 409849K->849K(460096K)
[200.940s][info][gc,heap        ] GC(300) CMS: 15505K->15505K(7877440K)
[200.940s][info][gc,metaspace   ] GC(300) Metaspace: 59970K(69060K)->59970K(69060K) NonClass: 52269K(56976K)->52269K(56976K) Class: 7701K(12084K)->7701K(12084K)
[200.940s][info][gc             ] GC(300) Pause Young (Allocation Failure) 415M->15M(8142M) 17.750ms
[200.940s][info][gc,cpu         ] GC(300) User=0.02s Sys=0.00s Real=0.03s
[201.757s][info][gc,start       ] GC(301) Pause Young (Allocation Failure)
[201.757s][info][gc,task        ] GC(301) Using 6 workers of 6 for evacuation
[201.775s][info][gc,heap        ] GC(301) ParNew: 409873K->857K(460096K)
[201.775s][info][gc,heap        ] GC(301) CMS: 15505K->15505K(7877440K)
[201.775s][info][gc,metaspace   ] GC(301) Metaspace: 59970K(69060K)->59970K(69060K) NonClass: 52269K(56976K)->52269K(56976K) Class: 7701K(12084K)->7701K(12084K)
[201.775s][info][gc             ] GC(301) Pause Young (Allocation Failure) 415M->15M(8142M) 17.680ms
[201.775s][info][gc,cpu         ] GC(301) User=0.02s Sys=0.00s Real=0.02s
[202.593s][info][gc,start       ] GC(302) Pause Young (Allocation Failure)
[202.594s][info][gc,task        ] GC(302) Using 6 workers of 6 for evacuation
[202.611s][info][gc,heap        ] GC(302) ParNew: 409881K->955K(460096K)
[202.611s][info][gc,heap        ] GC(302) CMS: 15505K->15505K(7877440K)
[202.611s][info][gc,metaspace   ] GC(302) Metaspace: 59970K(69060K)->59970K(69060K) NonClass: 52269K(56976K)->52269K(56976K) Class: 7701K(12084K)->7701K(12084K)
[202.611s][info][gc             ] GC(302) Pause Young (Allocation Failure) 415M->16M(8142M) 17.855ms
[202.611s][info][gc,cpu         ] GC(302) User=0.02s Sys=0.00s Real=0.02s
[203.381s][info][gc,start       ] GC(303) Pause Young (Allocation Failure)
[203.381s][info][gc,task        ] GC(303) Using 6 workers of 6 for evacuation
[203.404s][info][gc,heap        ] GC(303) ParNew: 409979K->395K(460096K)
[203.404s][info][gc,heap        ] GC(303) CMS: 15505K->15848K(7877440K)
[203.404s][info][gc,metaspace   ] GC(303) Metaspace: 59970K(69060K)->59970K(69060K) NonClass: 52269K(56976K)->52269K(56976K) Class: 7701K(12084K)->7701K(12084K)
[203.404s][info][gc             ] GC(303) Pause Young (Allocation Failure) 415M->15M(8142M) 23.264ms
[203.404s][info][gc,cpu         ] GC(303) User=0.02s Sys=0.00s Real=0.02s
[203.407s][info][gc,start       ] GC(304) Pause Full (System.gc())
[203.409s][info][gc,phases,start] GC(304) Phase 1: Mark live objects
[203.431s][info][gc,phases      ] GC(304) Phase 1: Mark live objects 22.212ms
[203.431s][info][gc,phases,start] GC(304) Phase 2: Compute new object addresses
[203.436s][info][gc,phases      ] GC(304) Phase 2: Compute new object addresses 4.869ms
[203.436s][info][gc,phases,start] GC(304) Phase 3: Adjust pointers
[203.454s][info][gc,phases      ] GC(304) Phase 3: Adjust pointers 17.807ms
[203.454s][info][gc,phases,start] GC(304) Phase 4: Move objects
[203.455s][info][gc,phases      ] GC(304) Phase 4: Move objects 1.436ms
[203.460s][info][gc,heap        ] GC(304) ParNew: 3944K->0K(460096K)
[203.460s][info][gc,heap        ] GC(304) CMS: 15848K->15536K(7877440K)
[203.460s][info][gc,metaspace   ] GC(304) Metaspace: 59979K(69060K)->59979K(69060K) NonClass: 52278K(56976K)->52278K(56976K) Class: 7701K(12084K)->7701K(12084K)
[203.461s][info][gc             ] GC(304) Pause Full (System.gc()) 19M->15M(8142M) 53.453ms
[203.461s][info][gc,cpu         ] GC(304) User=0.05s Sys=0.00s Real=0.05s
[204.143s][info][gc,start       ] GC(305) Pause Young (Allocation Failure)
[204.143s][info][gc,task        ] GC(305) Using 6 workers of 6 for evacuation
[204.161s][info][gc,heap        ] GC(305) ParNew: 409024K->528K(460096K)
[204.161s][info][gc,heap        ] GC(305) CMS: 15536K->15536K(7877440K)
[204.161s][info][gc,metaspace   ] GC(305) Metaspace: 59987K(69060K)->59987K(69060K) NonClass: 52286K(56976K)->52286K(56976K) Class: 7701K(12084K)->7701K(12084K)
[204.161s][info][gc             ] GC(305) Pause Young (Allocation Failure) 414M->15M(8142M) 17.755ms
[204.161s][info][gc,cpu         ] GC(305) User=0.02s Sys=0.00s Real=0.02s
[204.836s][info][gc,start       ] GC(306) Pause Young (Allocation Failure)
[204.836s][info][gc,task        ] GC(306) Using 6 workers of 6 for evacuation
[204.854s][info][gc,heap        ] GC(306) ParNew: 409552K->699K(460096K)
[204.854s][info][gc,heap        ] GC(306) CMS: 15536K->15536K(7877440K)
[204.854s][info][gc,metaspace   ] GC(306) Metaspace: 59987K(69060K)->59987K(69060K) NonClass: 52286K(56976K)->52286K(56976K) Class: 7701K(12084K)->7701K(12084K)
[204.854s][info][gc             ] GC(306) Pause Young (Allocation Failure) 415M->15M(8142M) 18.149ms
[204.854s][info][gc,cpu         ] GC(306) User=0.02s Sys=0.00s Real=0.02s
[205.528s][info][gc,start       ] GC(307) Pause Young (Allocation Failure)
[205.528s][info][gc,task        ] GC(307) Using 6 workers of 6 for evacuation
[205.546s][info][gc,heap        ] GC(307) ParNew: 409723K->778K(460096K)
[205.546s][info][gc,heap        ] GC(307) CMS: 15536K->15536K(7877440K)
[205.546s][info][gc,metaspace   ] GC(307) Metaspace: 59987K(69060K)->59987K(69060K) NonClass: 52286K(56976K)->52286K(56976K) Class: 7701K(12084K)->7701K(12084K)
[205.546s][info][gc             ] GC(307) Pause Young (Allocation Failure) 415M->15M(8142M) 17.504ms
[205.546s][info][gc,cpu         ] GC(307) User=0.02s Sys=0.00s Real=0.02s
[206.206s][info][gc,start       ] GC(308) Pause Young (Allocation Failure)
[206.206s][info][gc,task        ] GC(308) Using 6 workers of 6 for evacuation
[206.223s][info][gc,heap        ] GC(308) ParNew: 409802K->740K(460096K)
[206.223s][info][gc,heap        ] GC(308) CMS: 15536K->15536K(7877440K)
[206.223s][info][gc,metaspace   ] GC(308) Metaspace: 59987K(69060K)->59987K(69060K) NonClass: 52286K(56976K)->52286K(56976K) Class: 7701K(12084K)->7701K(12084K)
[206.223s][info][gc             ] GC(308) Pause Young (Allocation Failure) 415M->15M(8142M) 17.555ms
[206.223s][info][gc,cpu         ] GC(308) User=0.02s Sys=0.00s Real=0.02s
[206.897s][info][gc,start       ] GC(309) Pause Young (Allocation Failure)
[206.897s][info][gc,task        ] GC(309) Using 6 workers of 6 for evacuation
[206.914s][info][gc,heap        ] GC(309) ParNew: 409764K->787K(460096K)
[206.914s][info][gc,heap        ] GC(309) CMS: 15536K->15536K(7877440K)
[206.914s][info][gc,metaspace   ] GC(309) Metaspace: 59987K(69060K)->59987K(69060K) NonClass: 52286K(56976K)->52286K(56976K) Class: 7701K(12084K)->7701K(12084K)
[206.914s][info][gc             ] GC(309) Pause Young (Allocation Failure) 415M->15M(8142M) 17.541ms
[206.914s][info][gc,cpu         ] GC(309) User=0.02s Sys=0.00s Real=0.02s
[207.590s][info][gc,start       ] GC(310) Pause Young (Allocation Failure)
[207.590s][info][gc,task        ] GC(310) Using 6 workers of 6 for evacuation
[207.608s][info][gc,heap        ] GC(310) ParNew: 409811K->710K(460096K)
[207.608s][info][gc,heap        ] GC(310) CMS: 15536K->15536K(7877440K)
[207.608s][info][gc,metaspace   ] GC(310) Metaspace: 59987K(69060K)->59987K(69060K) NonClass: 52286K(56976K)->52286K(56976K) Class: 7701K(12084K)->7701K(12084K)
[207.608s][info][gc             ] GC(310) Pause Young (Allocation Failure) 415M->15M(8142M) 17.676ms
[207.608s][info][gc,cpu         ] GC(310) User=0.02s Sys=0.00s Real=0.02s
[208.280s][info][gc,start       ] GC(311) Pause Young (Allocation Failure)
[208.280s][info][gc,task        ] GC(311) Using 6 workers of 6 for evacuation
[208.297s][info][gc,heap        ] GC(311) ParNew: 409734K->470K(460096K)
[208.297s][info][gc,heap        ] GC(311) CMS: 15536K->15854K(7877440K)
[208.297s][info][gc,metaspace   ] GC(311) Metaspace: 59987K(69060K)->59987K(69060K) NonClass: 52286K(56976K)->52286K(56976K) Class: 7701K(12084K)->7701K(12084K)
[208.297s][info][gc             ] GC(311) Pause Young (Allocation Failure) 415M->15M(8142M) 16.979ms
[208.297s][info][gc,cpu         ] GC(311) User=0.02s Sys=0.00s Real=0.02s
[208.305s][info][gc,start       ] GC(312) Pause Full (System.gc())
[208.306s][info][gc,phases,start] GC(312) Phase 1: Mark live objects
[208.329s][info][gc,phases      ] GC(312) Phase 1: Mark live objects 22.542ms
[208.329s][info][gc,phases,start] GC(312) Phase 2: Compute new object addresses
[208.334s][info][gc,phases      ] GC(312) Phase 2: Compute new object addresses 5.060ms
[208.334s][info][gc,phases,start] GC(312) Phase 3: Adjust pointers
[208.351s][info][gc,phases      ] GC(312) Phase 3: Adjust pointers 17.231ms
[208.351s][info][gc,phases,start] GC(312) Phase 4: Move objects
[208.352s][info][gc,phases      ] GC(312) Phase 4: Move objects 0.628ms
[208.357s][info][gc,heap        ] GC(312) ParNew: 5943K->0K(460096K)
[208.357s][info][gc,heap        ] GC(312) CMS: 15854K->15495K(7877440K)
[208.357s][info][gc,metaspace   ] GC(312) Metaspace: 59995K(69060K)->59995K(69060K) NonClass: 52294K(56976K)->52294K(56976K) Class: 7701K(12084K)->7701K(12084K)
[208.357s][info][gc             ] GC(312) Pause Full (System.gc()) 21M->15M(8142M) 51.894ms
[208.357s][info][gc,cpu         ] GC(312) User=0.05s Sys=0.00s Real=0.05s
[209.062s][info][gc,start       ] GC(313) Pause Young (Allocation Failure)
[209.062s][info][gc,task        ] GC(313) Using 6 workers of 6 for evacuation
[209.079s][info][gc,heap        ] GC(313) ParNew: 409024K->617K(460096K)
[209.079s][info][gc,heap        ] GC(313) CMS: 15495K->15495K(7877440K)
[209.079s][info][gc,metaspace   ] GC(313) Metaspace: 60008K(69060K)->60008K(69060K) NonClass: 52306K(56976K)->52306K(56976K) Class: 7701K(12084K)->7701K(12084K)
[209.079s][info][gc             ] GC(313) Pause Young (Allocation Failure) 414M->15M(8142M) 16.970ms
[209.079s][info][gc,cpu         ] GC(313) User=0.02s Sys=0.00s Real=0.03s
[209.753s][info][gc,start       ] GC(314) Pause Young (Allocation Failure)
[209.754s][info][gc,task        ] GC(314) Using 6 workers of 6 for evacuation
[209.770s][info][gc,heap        ] GC(314) ParNew: 409641K->774K(460096K)
[209.770s][info][gc,heap        ] GC(314) CMS: 15495K->15495K(7877440K)
[209.770s][info][gc,metaspace   ] GC(314) Metaspace: 60008K(69060K)->60008K(69060K) NonClass: 52306K(56976K)->52306K(56976K) Class: 7701K(12084K)->7701K(12084K)
[209.770s][info][gc             ] GC(314) Pause Young (Allocation Failure) 415M->15M(8142M) 16.779ms
[209.770s][info][gc,cpu         ] GC(314) User=0.02s Sys=0.00s Real=0.02s
[210.441s][info][gc,start       ] GC(315) Pause Young (Allocation Failure)
[210.441s][info][gc,task        ] GC(315) Using 6 workers of 6 for evacuation
[210.459s][info][gc,heap        ] GC(315) ParNew: 409798K->827K(460096K)
[210.460s][info][gc,heap        ] GC(315) CMS: 15495K->15495K(7877440K)
[210.460s][info][gc,metaspace   ] GC(315) Metaspace: 60008K(69060K)->60008K(69060K) NonClass: 52306K(56976K)->52306K(56976K) Class: 7701K(12084K)->7701K(12084K)
[210.460s][info][gc             ] GC(315) Pause Young (Allocation Failure) 415M->15M(8142M) 18.456ms
[210.460s][info][gc,cpu         ] GC(315) User=0.02s Sys=0.00s Real=0.02s
[211.122s][info][gc,start       ] GC(316) Pause Young (Allocation Failure)
[211.122s][info][gc,task        ] GC(316) Using 6 workers of 6 for evacuation
[211.139s][info][gc,heap        ] GC(316) ParNew: 409851K->775K(460096K)
[211.139s][info][gc,heap        ] GC(316) CMS: 15495K->15495K(7877440K)
[211.139s][info][gc,metaspace   ] GC(316) Metaspace: 60008K(69060K)->60008K(69060K) NonClass: 52306K(56976K)->52306K(56976K) Class: 7701K(12084K)->7701K(12084K)
[211.139s][info][gc             ] GC(316) Pause Young (Allocation Failure) 415M->15M(8142M) 17.173ms
[211.139s][info][gc,cpu         ] GC(316) User=0.02s Sys=0.00s Real=0.02s
[211.815s][info][gc,start       ] GC(317) Pause Young (Allocation Failure)
[211.815s][info][gc,task        ] GC(317) Using 6 workers of 6 for evacuation
[211.831s][info][gc,heap        ] GC(317) ParNew: 409799K->865K(460096K)
[211.832s][info][gc,heap        ] GC(317) CMS: 15495K->15495K(7877440K)
[211.832s][info][gc,metaspace   ] GC(317) Metaspace: 60008K(69060K)->60008K(69060K) NonClass: 52306K(56976K)->52306K(56976K) Class: 7701K(12084K)->7701K(12084K)
[211.832s][info][gc             ] GC(317) Pause Young (Allocation Failure) 415M->15M(8142M) 17.023ms
[211.832s][info][gc,cpu         ] GC(317) User=0.00s Sys=0.00s Real=0.00s
[212.499s][info][gc,start       ] GC(318) Pause Young (Allocation Failure)
[212.499s][info][gc,task        ] GC(318) Using 6 workers of 6 for evacuation
[212.516s][info][gc,heap        ] GC(318) ParNew: 409889K->717K(460096K)
[212.516s][info][gc,heap        ] GC(318) CMS: 15495K->15495K(7877440K)
[212.516s][info][gc,metaspace   ] GC(318) Metaspace: 60008K(69060K)->60008K(69060K) NonClass: 52306K(56976K)->52306K(56976K) Class: 7701K(12084K)->7701K(12084K)
[212.516s][info][gc             ] GC(318) Pause Young (Allocation Failure) 415M->15M(8142M) 16.960ms
[212.516s][info][gc,cpu         ] GC(318) User=0.02s Sys=0.00s Real=0.02s
[213.181s][info][gc,start       ] GC(319) Pause Full (System.gc())
[213.182s][info][gc,phases,start] GC(319) Phase 1: Mark live objects
[213.206s][info][gc,phases      ] GC(319) Phase 1: Mark live objects 23.692ms
[213.206s][info][gc,phases,start] GC(319) Phase 2: Compute new object addresses
[213.280s][info][gc,phases      ] GC(319) Phase 2: Compute new object addresses 74.854ms
[213.280s][info][gc,phases,start] GC(319) Phase 3: Adjust pointers
[213.298s][info][gc,phases      ] GC(319) Phase 3: Adjust pointers 17.279ms
[213.298s][info][gc,phases,start] GC(319) Phase 4: Move objects
[213.298s][info][gc,phases      ] GC(319) Phase 4: Move objects 0.641ms
[213.303s][info][gc,heap        ] GC(319) ParNew: 409663K->0K(460096K)
[213.303s][info][gc,heap        ] GC(319) CMS: 15495K->15474K(7877440K)
[213.303s][info][gc,metaspace   ] GC(319) Metaspace: 60008K(69060K)->60008K(69060K) NonClass: 52306K(56976K)->52306K(56976K) Class: 7701K(12084K)->7701K(12084K)
[213.304s][info][gc             ] GC(319) Pause Full (System.gc()) 415M->15M(8142M) 122.651ms
[213.304s][info][gc,cpu         ] GC(319) User=0.12s Sys=0.00s Real=0.12s
[214.001s][info][gc,start       ] GC(320) Pause Young (Allocation Failure)
[214.001s][info][gc,task        ] GC(320) Using 6 workers of 6 for evacuation
[214.018s][info][gc,heap        ] GC(320) ParNew: 409024K->631K(460096K)
[214.018s][info][gc,heap        ] GC(320) CMS: 15474K->15474K(7877440K)
[214.018s][info][gc,metaspace   ] GC(320) Metaspace: 60017K(69060K)->60017K(69060K) NonClass: 52315K(56976K)->52315K(56976K) Class: 7701K(12084K)->7701K(12084K)
[214.018s][info][gc             ] GC(320) Pause Young (Allocation Failure) 414M->15M(8142M) 17.538ms
[214.019s][info][gc,cpu         ] GC(320) User=0.02s Sys=0.00s Real=0.02s
[214.690s][info][gc,start       ] GC(321) Pause Young (Allocation Failure)
[214.690s][info][gc,task        ] GC(321) Using 6 workers of 6 for evacuation
[214.707s][info][gc,heap        ] GC(321) ParNew: 409655K->811K(460096K)
[214.707s][info][gc,heap        ] GC(321) CMS: 15474K->15474K(7877440K)
[214.707s][info][gc,metaspace   ] GC(321) Metaspace: 60017K(69060K)->60017K(69060K) NonClass: 52315K(56976K)->52315K(56976K) Class: 7701K(12084K)->7701K(12084K)
[214.707s][info][gc             ] GC(321) Pause Young (Allocation Failure) 415M->15M(8142M) 16.978ms
[214.707s][info][gc,cpu         ] GC(321) User=0.02s Sys=0.00s Real=0.02s
[215.370s][info][gc,start       ] GC(322) Pause Young (Allocation Failure)
[215.370s][info][gc,task        ] GC(322) Using 6 workers of 6 for evacuation
[215.387s][info][gc,heap        ] GC(322) ParNew: 409835K->756K(460096K)
[215.387s][info][gc,heap        ] GC(322) CMS: 15474K->15474K(7877440K)
[215.387s][info][gc,metaspace   ] GC(322) Metaspace: 60017K(69060K)->60017K(69060K) NonClass: 52315K(56976K)->52315K(56976K) Class: 7701K(12084K)->7701K(12084K)
[215.387s][info][gc             ] GC(322) Pause Young (Allocation Failure) 415M->15M(8142M) 16.924ms
[215.387s][info][gc,cpu         ] GC(322) User=0.02s Sys=0.00s Real=0.01s
[216.066s][info][gc,start       ] GC(323) Pause Young (Allocation Failure)
[216.066s][info][gc,task        ] GC(323) Using 6 workers of 6 for evacuation
[216.083s][info][gc,heap        ] GC(323) ParNew: 409780K->932K(460096K)
[216.083s][info][gc,heap        ] GC(323) CMS: 15474K->15474K(7877440K)
[216.083s][info][gc,metaspace   ] GC(323) Metaspace: 60017K(69060K)->60017K(69060K) NonClass: 52315K(56976K)->52315K(56976K) Class: 7701K(12084K)->7701K(12084K)
[216.083s][info][gc             ] GC(323) Pause Young (Allocation Failure) 415M->16M(8142M) 17.005ms
[216.083s][info][gc,cpu         ] GC(323) User=0.02s Sys=0.00s Real=0.01s
[216.766s][info][gc,start       ] GC(324) Pause Young (Allocation Failure)
[216.766s][info][gc,task        ] GC(324) Using 6 workers of 6 for evacuation
[216.783s][info][gc,heap        ] GC(324) ParNew: 409956K->671K(460096K)
[216.783s][info][gc,heap        ] GC(324) CMS: 15474K->15474K(7877440K)
[216.783s][info][gc,metaspace   ] GC(324) Metaspace: 60017K(69060K)->60017K(69060K) NonClass: 52315K(56976K)->52315K(56976K) Class: 7701K(12084K)->7701K(12084K)
[216.783s][info][gc             ] GC(324) Pause Young (Allocation Failure) 415M->15M(8142M) 16.704ms
[216.783s][info][gc,cpu         ] GC(324) User=0.02s Sys=0.00s Real=0.02s
[217.477s][info][gc,start       ] GC(325) Pause Young (Allocation Failure)
[217.477s][info][gc,task        ] GC(325) Using 6 workers of 6 for evacuation
[217.494s][info][gc,heap        ] GC(325) ParNew: 409695K->886K(460096K)
[217.494s][info][gc,heap        ] GC(325) CMS: 15474K->15474K(7877440K)
[217.494s][info][gc,metaspace   ] GC(325) Metaspace: 60017K(69060K)->60017K(69060K) NonClass: 52315K(56976K)->52315K(56976K) Class: 7701K(12084K)->7701K(12084K)
[217.494s][info][gc             ] GC(325) Pause Young (Allocation Failure) 415M->15M(8142M) 16.816ms
[217.494s][info][gc,cpu         ] GC(325) User=0.02s Sys=0.00s Real=0.02s
[218.165s][info][gc,start       ] GC(326) Pause Young (Allocation Failure)
[218.166s][info][gc,task        ] GC(326) Using 6 workers of 6 for evacuation
[218.182s][info][gc,heap        ] GC(326) ParNew: 409910K->313K(460096K)
[218.182s][info][gc,heap        ] GC(326) CMS: 15474K->15790K(7877440K)
[218.182s][info][gc,metaspace   ] GC(326) Metaspace: 60017K(69060K)->60017K(69060K) NonClass: 52315K(56976K)->52315K(56976K) Class: 7701K(12084K)->7701K(12084K)
[218.182s][info][gc             ] GC(326) Pause Young (Allocation Failure) 415M->15M(8142M) 16.944ms
[218.182s][info][gc,cpu         ] GC(326) User=0.02s Sys=0.00s Real=0.01s
[218.188s][info][gc,start       ] GC(327) Pause Full (System.gc())
[218.189s][info][gc,phases,start] GC(327) Phase 1: Mark live objects
[218.212s][info][gc,phases      ] GC(327) Phase 1: Mark live objects 22.884ms
[218.212s][info][gc,phases,start] GC(327) Phase 2: Compute new object addresses
[218.217s][info][gc,phases      ] GC(327) Phase 2: Compute new object addresses 4.832ms
[218.217s][info][gc,phases,start] GC(327) Phase 3: Adjust pointers
[218.234s][info][gc,phases      ] GC(327) Phase 3: Adjust pointers 17.211ms
[218.234s][info][gc,phases,start] GC(327) Phase 4: Move objects
[218.235s][info][gc,phases      ] GC(327) Phase 4: Move objects 0.617ms
[218.240s][info][gc,heap        ] GC(327) ParNew: 6538K->0K(460096K)
[218.240s][info][gc,heap        ] GC(327) CMS: 15790K->15474K(7877440K)
[218.240s][info][gc,metaspace   ] GC(327) Metaspace: 60026K(69316K)->60026K(69316K) NonClass: 52325K(57232K)->52325K(57232K) Class: 7701K(12084K)->7701K(12084K)
[218.240s][info][gc             ] GC(327) Pause Full (System.gc()) 21M->15M(8142M) 52.065ms
[218.240s][info][gc,cpu         ] GC(327) User=0.05s Sys=0.00s Real=0.05s
[218.931s][info][gc,start       ] GC(328) Pause Young (Allocation Failure)
[218.931s][info][gc,task        ] GC(328) Using 6 workers of 6 for evacuation
[218.948s][info][gc,heap        ] GC(328) ParNew: 409024K->572K(460096K)
[218.948s][info][gc,heap        ] GC(328) CMS: 15474K->15474K(7877440K)
[218.948s][info][gc,metaspace   ] GC(328) Metaspace: 60038K(69316K)->60038K(69316K) NonClass: 52336K(57232K)->52336K(57232K) Class: 7701K(12084K)->7701K(12084K)
[218.948s][info][gc             ] GC(328) Pause Young (Allocation Failure) 414M->15M(8142M) 16.866ms
[218.948s][info][gc,cpu         ] GC(328) User=0.03s Sys=0.00s Real=0.02s
[219.620s][info][gc,start       ] GC(329) Pause Young (Allocation Failure)
[219.620s][info][gc,task        ] GC(329) Using 6 workers of 6 for evacuation
[219.637s][info][gc,heap        ] GC(329) ParNew: 409596K->816K(460096K)
[219.637s][info][gc,heap        ] GC(329) CMS: 15474K->15474K(7877440K)
[219.637s][info][gc,metaspace   ] GC(329) Metaspace: 60038K(69316K)->60038K(69316K) NonClass: 52336K(57232K)->52336K(57232K) Class: 7701K(12084K)->7701K(12084K)
[219.637s][info][gc             ] GC(329) Pause Young (Allocation Failure) 415M->15M(8142M) 17.079ms
[219.637s][info][gc,cpu         ] GC(329) User=0.02s Sys=0.00s Real=0.02s
[220.298s][info][gc,start       ] GC(330) Pause Young (Allocation Failure)
[220.298s][info][gc,task        ] GC(330) Using 6 workers of 6 for evacuation
[220.315s][info][gc,heap        ] GC(330) ParNew: 409840K->900K(460096K)
[220.315s][info][gc,heap        ] GC(330) CMS: 15474K->15474K(7877440K)
[220.315s][info][gc,metaspace   ] GC(330) Metaspace: 60038K(69316K)->60038K(69316K) NonClass: 52336K(57232K)->52336K(57232K) Class: 7701K(12084K)->7701K(12084K)
[220.315s][info][gc             ] GC(330) Pause Young (Allocation Failure) 415M->15M(8142M) 16.897ms
[220.315s][info][gc,cpu         ] GC(330) User=0.02s Sys=0.00s Real=0.02s
[220.986s][info][gc,start       ] GC(331) Pause Young (Allocation Failure)
[220.986s][info][gc,task        ] GC(331) Using 6 workers of 6 for evacuation
[221.003s][info][gc,heap        ] GC(331) ParNew: 409924K->732K(460096K)
[221.003s][info][gc,heap        ] GC(331) CMS: 15474K->15474K(7877440K)
[221.003s][info][gc,metaspace   ] GC(331) Metaspace: 60038K(69316K)->60038K(69316K) NonClass: 52336K(57232K)->52336K(57232K) Class: 7701K(12084K)->7701K(12084K)
[221.003s][info][gc             ] GC(331) Pause Young (Allocation Failure) 415M->15M(8142M) 17.230ms
[221.003s][info][gc,cpu         ] GC(331) User=0.02s Sys=0.00s Real=0.02s
[221.677s][info][gc,start       ] GC(332) Pause Young (Allocation Failure)
[221.677s][info][gc,task        ] GC(332) Using 6 workers of 6 for evacuation
[221.694s][info][gc,heap        ] GC(332) ParNew: 409756K->781K(460096K)
[221.694s][info][gc,heap        ] GC(332) CMS: 15474K->15474K(7877440K)
[221.694s][info][gc,metaspace   ] GC(332) Metaspace: 60038K(69316K)->60038K(69316K) NonClass: 52336K(57232K)->52336K(57232K) Class: 7701K(12084K)->7701K(12084K)
[221.694s][info][gc             ] GC(332) Pause Young (Allocation Failure) 415M->15M(8142M) 17.082ms
[221.694s][info][gc,cpu         ] GC(332) User=0.02s Sys=0.00s Real=0.02s
[222.360s][info][gc,start       ] GC(333) Pause Young (Allocation Failure)
[222.360s][info][gc,task        ] GC(333) Using 6 workers of 6 for evacuation
[222.377s][info][gc,heap        ] GC(333) ParNew: 409805K->781K(460096K)
[222.377s][info][gc,heap        ] GC(333) CMS: 15474K->15474K(7877440K)
[222.377s][info][gc,metaspace   ] GC(333) Metaspace: 60038K(69316K)->60038K(69316K) NonClass: 52336K(57232K)->52336K(57232K) Class: 7701K(12084K)->7701K(12084K)
[222.377s][info][gc             ] GC(333) Pause Young (Allocation Failure) 415M->15M(8142M) 16.811ms
[222.377s][info][gc,cpu         ] GC(333) User=0.00s Sys=0.00s Real=0.02s
[223.054s][info][gc,start       ] GC(334) Pause Young (Allocation Failure)
[223.054s][info][gc,task        ] GC(334) Using 6 workers of 6 for evacuation
[223.071s][info][gc,heap        ] GC(334) ParNew: 409805K->545K(460096K)
[223.071s][info][gc,heap        ] GC(334) CMS: 15474K->15751K(7877440K)
[223.071s][info][gc,metaspace   ] GC(334) Metaspace: 60039K(69316K)->60039K(69316K) NonClass: 52338K(57232K)->52338K(57232K) Class: 7701K(12084K)->7701K(12084K)
[223.071s][info][gc             ] GC(334) Pause Young (Allocation Failure) 415M->15M(8142M) 17.303ms
[223.071s][info][gc,cpu         ] GC(334) User=0.02s Sys=0.00s Real=0.02s
[223.085s][info][gc,start       ] GC(335) Pause Full (System.gc())
[223.086s][info][gc,phases,start] GC(335) Phase 1: Mark live objects
[223.110s][info][gc,phases      ] GC(335) Phase 1: Mark live objects 23.925ms
[223.110s][info][gc,phases,start] GC(335) Phase 2: Compute new object addresses
[223.116s][info][gc,phases      ] GC(335) Phase 2: Compute new object addresses 5.452ms
[223.116s][info][gc,phases,start] GC(335) Phase 3: Adjust pointers
[223.133s][info][gc,phases      ] GC(335) Phase 3: Adjust pointers 17.412ms
[223.133s][info][gc,phases,start] GC(335) Phase 4: Move objects
[223.134s][info][gc,phases      ] GC(335) Phase 4: Move objects 0.656ms
[223.139s][info][gc,heap        ] GC(335) ParNew: 7425K->0K(460096K)
[223.139s][info][gc,heap        ] GC(335) CMS: 15751K->15556K(7877440K)
[223.139s][info][gc,metaspace   ] GC(335) Metaspace: 60048K(69316K)->60048K(69316K) NonClass: 52347K(57232K)->52347K(57232K) Class: 7701K(12084K)->7701K(12084K)
[223.139s][info][gc             ] GC(335) Pause Full (System.gc()) 22M->15M(8142M) 54.021ms
[223.139s][info][gc,cpu         ] GC(335) User=0.05s Sys=0.00s Real=0.05s
[223.961s][info][gc,start       ] GC(336) Pause Young (Allocation Failure)
[223.961s][info][gc,task        ] GC(336) Using 6 workers of 6 for evacuation
[223.985s][info][gc,heap        ] GC(336) ParNew: 409024K->599K(460096K)
[223.985s][info][gc,heap        ] GC(336) CMS: 15556K->15556K(7877440K)
[223.985s][info][gc,metaspace   ] GC(336) Metaspace: 60104K(69316K)->60104K(69316K) NonClass: 52403K(57232K)->52403K(57232K) Class: 7701K(12084K)->7701K(12084K)
[223.985s][info][gc             ] GC(336) Pause Young (Allocation Failure) 414M->15M(8142M) 23.283ms
[223.985s][info][gc,cpu         ] GC(336) User=0.03s Sys=0.00s Real=0.03s
[224.750s][info][gc,start       ] GC(337) Pause Young (Allocation Failure)
[224.750s][info][gc,task        ] GC(337) Using 6 workers of 6 for evacuation
[224.768s][info][gc,heap        ] GC(337) ParNew: 409623K->726K(460096K)
[224.768s][info][gc,heap        ] GC(337) CMS: 15556K->15556K(7877440K)
[224.768s][info][gc,metaspace   ] GC(337) Metaspace: 60104K(69316K)->60104K(69316K) NonClass: 52403K(57232K)->52403K(57232K) Class: 7701K(12084K)->7701K(12084K)
[224.768s][info][gc             ] GC(337) Pause Young (Allocation Failure) 415M->15M(8142M) 17.428ms
[224.768s][info][gc,cpu         ] GC(337) User=0.06s Sys=0.00s Real=0.01s
[225.533s][info][gc,start       ] GC(338) Pause Young (Allocation Failure)
[225.533s][info][gc,task        ] GC(338) Using 6 workers of 6 for evacuation
[225.550s][info][gc,heap        ] GC(338) ParNew: 409750K->700K(460096K)
[225.550s][info][gc,heap        ] GC(338) CMS: 15556K->15556K(7877440K)
[225.550s][info][gc,metaspace   ] GC(338) Metaspace: 60104K(69316K)->60104K(69316K) NonClass: 52403K(57232K)->52403K(57232K) Class: 7701K(12084K)->7701K(12084K)
[225.550s][info][gc             ] GC(338) Pause Young (Allocation Failure) 415M->15M(8142M) 17.049ms
[225.550s][info][gc,cpu         ] GC(338) User=0.02s Sys=0.00s Real=0.02s
[226.310s][info][gc,start       ] GC(339) Pause Young (Allocation Failure)
[226.310s][info][gc,task        ] GC(339) Using 6 workers of 6 for evacuation
[226.327s][info][gc,heap        ] GC(339) ParNew: 409724K->814K(460096K)
[226.327s][info][gc,heap        ] GC(339) CMS: 15556K->15556K(7877440K)
[226.327s][info][gc,metaspace   ] GC(339) Metaspace: 60104K(69316K)->60104K(69316K) NonClass: 52403K(57232K)->52403K(57232K) Class: 7701K(12084K)->7701K(12084K)
[226.327s][info][gc             ] GC(339) Pause Young (Allocation Failure) 415M->15M(8142M) 17.094ms
[226.327s][info][gc,cpu         ] GC(339) User=0.06s Sys=0.00s Real=0.02s
[227.024s][info][gc,start       ] GC(340) Pause Young (Allocation Failure)
[227.024s][info][gc,task        ] GC(340) Using 6 workers of 6 for evacuation
[227.041s][info][gc,heap        ] GC(340) ParNew: 409838K->609K(460096K)
[227.041s][info][gc,heap        ] GC(340) CMS: 15556K->15556K(7877440K)
[227.041s][info][gc,metaspace   ] GC(340) Metaspace: 60104K(69316K)->60104K(69316K) NonClass: 52403K(57232K)->52403K(57232K) Class: 7701K(12084K)->7701K(12084K)
[227.041s][info][gc             ] GC(340) Pause Young (Allocation Failure) 415M->15M(8142M) 16.776ms
[227.041s][info][gc,cpu         ] GC(340) User=0.02s Sys=0.00s Real=0.01s
[227.708s][info][gc,start       ] GC(341) Pause Young (Allocation Failure)
[227.708s][info][gc,task        ] GC(341) Using 6 workers of 6 for evacuation
[227.725s][info][gc,heap        ] GC(341) ParNew: 409633K->784K(460096K)
[227.725s][info][gc,heap        ] GC(341) CMS: 15556K->15556K(7877440K)
[227.725s][info][gc,metaspace   ] GC(341) Metaspace: 60104K(69316K)->60104K(69316K) NonClass: 52403K(57232K)->52403K(57232K) Class: 7701K(12084K)->7701K(12084K)
[227.725s][info][gc             ] GC(341) Pause Young (Allocation Failure) 415M->15M(8142M) 16.951ms
[227.725s][info][gc,cpu         ] GC(341) User=0.02s Sys=0.00s Real=0.02s
[228.409s][info][gc,start       ] GC(342) Pause Young (Allocation Failure)
[228.409s][info][gc,task        ] GC(342) Using 6 workers of 6 for evacuation
[228.428s][info][gc,heap        ] GC(342) ParNew: 409808K->488K(460096K)
[228.428s][info][gc,heap        ] GC(342) CMS: 15556K->15859K(7877440K)
[228.428s][info][gc,metaspace   ] GC(342) Metaspace: 60133K(69316K)->60133K(69316K) NonClass: 52431K(57232K)->52431K(57232K) Class: 7701K(12084K)->7701K(12084K)
[228.428s][info][gc             ] GC(342) Pause Young (Allocation Failure) 415M->15M(8142M) 19.358ms
[228.428s][info][gc,cpu         ] GC(342) User=0.02s Sys=0.00s Real=0.02s
[228.434s][info][gc,start       ] GC(343) Pause Full (System.gc())
[228.436s][info][gc,phases,start] GC(343) Phase 1: Mark live objects
[228.458s][info][gc,phases      ] GC(343) Phase 1: Mark live objects 22.194ms
[228.458s][info][gc,phases,start] GC(343) Phase 2: Compute new object addresses
[228.463s][info][gc,phases      ] GC(343) Phase 2: Compute new object addresses 4.917ms
[228.463s][info][gc,phases,start] GC(343) Phase 3: Adjust pointers
[228.480s][info][gc,phases      ] GC(343) Phase 3: Adjust pointers 17.656ms
[228.481s][info][gc,phases,start] GC(343) Phase 4: Move objects
[228.481s][info][gc,phases      ] GC(343) Phase 4: Move objects 0.765ms
[228.487s][info][gc,heap        ] GC(343) ParNew: 4161K->0K(460096K)
[228.487s][info][gc,heap        ] GC(343) CMS: 15859K->15603K(7877440K)
[228.487s][info][gc,metaspace   ] GC(343) Metaspace: 60182K(69316K)->60182K(69316K) NonClass: 52481K(57232K)->52481K(57232K) Class: 7701K(12084K)->7701K(12084K)
[228.488s][info][gc             ] GC(343) Pause Full (System.gc()) 19M->15M(8142M) 53.769ms
[228.488s][info][gc,cpu         ] GC(343) User=0.05s Sys=0.00s Real=0.05s
[229.177s][info][gc,start       ] GC(344) Pause Young (Allocation Failure)
[229.177s][info][gc,task        ] GC(344) Using 6 workers of 6 for evacuation
[229.194s][info][gc,heap        ] GC(344) ParNew: 409024K->442K(460096K)
[229.194s][info][gc,heap        ] GC(344) CMS: 15603K->15603K(7877440K)
[229.194s][info][gc,metaspace   ] GC(344) Metaspace: 60290K(69316K)->60290K(69316K) NonClass: 52588K(57232K)->52588K(57232K) Class: 7701K(12084K)->7701K(12084K)
[229.194s][info][gc             ] GC(344) Pause Young (Allocation Failure) 414M->15M(8142M) 16.625ms
[229.194s][info][gc,cpu         ] GC(344) User=0.02s Sys=0.00s Real=0.02s
[229.874s][info][gc,start       ] GC(345) Pause Young (Allocation Failure)
[229.874s][info][gc,task        ] GC(345) Using 6 workers of 6 for evacuation
[229.890s][info][gc,heap        ] GC(345) ParNew: 409466K->547K(460096K)
[229.890s][info][gc,heap        ] GC(345) CMS: 15603K->15603K(7877440K)
[229.890s][info][gc,metaspace   ] GC(345) Metaspace: 60290K(69316K)->60290K(69316K) NonClass: 52588K(57232K)->52588K(57232K) Class: 7701K(12084K)->7701K(12084K)
[229.890s][info][gc             ] GC(345) Pause Young (Allocation Failure) 415M->15M(8142M) 16.493ms
[229.890s][info][gc,cpu         ] GC(345) User=0.02s Sys=0.00s Real=0.01s
[230.567s][info][gc,start       ] GC(346) Pause Young (Allocation Failure)
[230.567s][info][gc,task        ] GC(346) Using 6 workers of 6 for evacuation
[230.583s][info][gc,heap        ] GC(346) ParNew: 409571K->514K(460096K)
[230.583s][info][gc,heap        ] GC(346) CMS: 15603K->15603K(7877440K)
[230.583s][info][gc,metaspace   ] GC(346) Metaspace: 60290K(69316K)->60290K(69316K) NonClass: 52588K(57232K)->52588K(57232K) Class: 7701K(12084K)->7701K(12084K)
[230.583s][info][gc             ] GC(346) Pause Young (Allocation Failure) 415M->15M(8142M) 16.557ms
[230.583s][info][gc,cpu         ] GC(346) User=0.02s Sys=0.00s Real=0.01s
[231.266s][info][gc,start       ] GC(347) Pause Young (Allocation Failure)
[231.266s][info][gc,task        ] GC(347) Using 6 workers of 6 for evacuation
[231.282s][info][gc,heap        ] GC(347) ParNew: 409538K->703K(460096K)
[231.282s][info][gc,heap        ] GC(347) CMS: 15603K->15603K(7877440K)
[231.282s][info][gc,metaspace   ] GC(347) Metaspace: 60290K(69316K)->60290K(69316K) NonClass: 52588K(57232K)->52588K(57232K) Class: 7701K(12084K)->7701K(12084K)
[231.282s][info][gc             ] GC(347) Pause Young (Allocation Failure) 415M->15M(8142M) 15.880ms
[231.282s][info][gc,cpu         ] GC(347) User=0.00s Sys=0.00s Real=0.02s
[231.964s][info][gc,start       ] GC(348) Pause Young (Allocation Failure)
[231.964s][info][gc,task        ] GC(348) Using 6 workers of 6 for evacuation
[231.981s][info][gc,heap        ] GC(348) ParNew: 409727K->526K(460096K)
[231.981s][info][gc,heap        ] GC(348) CMS: 15603K->15603K(7877440K)
[231.981s][info][gc,metaspace   ] GC(348) Metaspace: 60290K(69316K)->60290K(69316K) NonClass: 52588K(57232K)->52588K(57232K) Class: 7701K(12084K)->7701K(12084K)
[231.981s][info][gc             ] GC(348) Pause Young (Allocation Failure) 415M->15M(8142M) 17.155ms
[231.981s][info][gc,cpu         ] GC(348) User=0.02s Sys=0.00s Real=0.01s
[232.662s][info][gc,start       ] GC(349) Pause Young (Allocation Failure)
[232.662s][info][gc,task        ] GC(349) Using 6 workers of 6 for evacuation
[232.679s][info][gc,heap        ] GC(349) ParNew: 409550K->684K(460096K)
[232.679s][info][gc,heap        ] GC(349) CMS: 15603K->15603K(7877440K)
[232.679s][info][gc,metaspace   ] GC(349) Metaspace: 60290K(69316K)->60290K(69316K) NonClass: 52588K(57232K)->52588K(57232K) Class: 7701K(12084K)->7701K(12084K)
[232.679s][info][gc             ] GC(349) Pause Young (Allocation Failure) 415M->15M(8142M) 17.093ms
[232.679s][info][gc,cpu         ] GC(349) User=0.00s Sys=0.00s Real=0.01s
[233.369s][info][gc,start       ] GC(350) Pause Young (Allocation Failure)
[233.369s][info][gc,task        ] GC(350) Using 6 workers of 6 for evacuation
[233.387s][info][gc,heap        ] GC(350) ParNew: 409708K->402K(460096K)
[233.387s][info][gc,heap        ] GC(350) CMS: 15603K->15781K(7877440K)
[233.387s][info][gc,metaspace   ] GC(350) Metaspace: 60297K(69316K)->60297K(69316K) NonClass: 52596K(57232K)->52596K(57232K) Class: 7701K(12084K)->7701K(12084K)
[233.387s][info][gc             ] GC(350) Pause Young (Allocation Failure) 415M->15M(8142M) 17.357ms
[233.387s][info][gc,cpu         ] GC(350) User=0.02s Sys=0.00s Real=0.01s
[233.387s][info][gc,start       ] GC(351) Pause Full (System.gc())
[233.388s][info][gc,phases,start] GC(351) Phase 1: Mark live objects
[233.412s][info][gc,phases      ] GC(351) Phase 1: Mark live objects 24.063ms
[233.412s][info][gc,phases,start] GC(351) Phase 2: Compute new object addresses
[233.417s][info][gc,phases      ] GC(351) Phase 2: Compute new object addresses 4.762ms
[233.417s][info][gc,phases,start] GC(351) Phase 3: Adjust pointers
[233.434s][info][gc,phases      ] GC(351) Phase 3: Adjust pointers 17.698ms
[233.435s][info][gc,phases,start] GC(351) Phase 4: Move objects
[233.435s][info][gc,phases      ] GC(351) Phase 4: Move objects 0.859ms
[233.440s][info][gc,heap        ] GC(351) ParNew: 1600K->0K(460096K)
[233.440s][info][gc,heap        ] GC(351) CMS: 15781K->15480K(7877440K)
[233.440s][info][gc,metaspace   ] GC(351) Metaspace: 60300K(69316K)->60300K(69316K) NonClass: 52599K(57232K)->52599K(57232K) Class: 7701K(12084K)->7701K(12084K)
[233.441s][info][gc             ] GC(351) Pause Full (System.gc()) 16M->15M(8142M) 53.674ms
[233.441s][info][gc,cpu         ] GC(351) User=0.05s Sys=0.00s Real=0.05s
[234.127s][info][gc,start       ] GC(352) Pause Young (Allocation Failure)
[234.127s][info][gc,task        ] GC(352) Using 6 workers of 6 for evacuation
[234.144s][info][gc,heap        ] GC(352) ParNew: 409024K->553K(460096K)
[234.144s][info][gc,heap        ] GC(352) CMS: 15480K->15480K(7877440K)
[234.144s][info][gc,metaspace   ] GC(352) Metaspace: 60342K(69572K)->60342K(69572K) NonClass: 52641K(57488K)->52641K(57488K) Class: 7701K(12084K)->7701K(12084K)
[234.144s][info][gc             ] GC(352) Pause Young (Allocation Failure) 414M->15M(8142M) 16.983ms
[234.144s][info][gc,cpu         ] GC(352) User=0.02s Sys=0.00s Real=0.01s
[234.815s][info][gc,start       ] GC(353) Pause Young (Allocation Failure)
[234.815s][info][gc,task        ] GC(353) Using 6 workers of 6 for evacuation
[234.833s][info][gc,heap        ] GC(353) ParNew: 409577K->743K(460096K)
[234.833s][info][gc,heap        ] GC(353) CMS: 15480K->15480K(7877440K)
[234.833s][info][gc,metaspace   ] GC(353) Metaspace: 60342K(69572K)->60342K(69572K) NonClass: 52641K(57488K)->52641K(57488K) Class: 7701K(12084K)->7701K(12084K)
[234.833s][info][gc             ] GC(353) Pause Young (Allocation Failure) 415M->15M(8142M) 17.328ms
[234.833s][info][gc,cpu         ] GC(353) User=0.00s Sys=0.00s Real=0.01s
[235.499s][info][gc,start       ] GC(354) Pause Young (Allocation Failure)
[235.499s][info][gc,task        ] GC(354) Using 6 workers of 6 for evacuation
[235.516s][info][gc,heap        ] GC(354) ParNew: 409767K->741K(460096K)
[235.516s][info][gc,heap        ] GC(354) CMS: 15480K->15480K(7877440K)
[235.516s][info][gc,metaspace   ] GC(354) Metaspace: 60342K(69572K)->60342K(69572K) NonClass: 52641K(57488K)->52641K(57488K) Class: 7701K(12084K)->7701K(12084K)
[235.516s][info][gc             ] GC(354) Pause Young (Allocation Failure) 415M->15M(8142M) 17.087ms
[235.516s][info][gc,cpu         ] GC(354) User=0.02s Sys=0.00s Real=0.02s
[236.174s][info][gc,start       ] GC(355) Pause Young (Allocation Failure)
[236.174s][info][gc,task        ] GC(355) Using 6 workers of 6 for evacuation
[236.191s][info][gc,heap        ] GC(355) ParNew: 409765K->893K(460096K)
[236.191s][info][gc,heap        ] GC(355) CMS: 15480K->15480K(7877440K)
[236.191s][info][gc,metaspace   ] GC(355) Metaspace: 60342K(69572K)->60342K(69572K) NonClass: 52641K(57488K)->52641K(57488K) Class: 7701K(12084K)->7701K(12084K)
[236.191s][info][gc             ] GC(355) Pause Young (Allocation Failure) 415M->15M(8142M) 16.786ms
[236.191s][info][gc,cpu         ] GC(355) User=0.02s Sys=0.00s Real=0.02s
[236.857s][info][gc,start       ] GC(356) Pause Young (Allocation Failure)
[236.857s][info][gc,task        ] GC(356) Using 6 workers of 6 for evacuation
[236.875s][info][gc,heap        ] GC(356) ParNew: 409917K->728K(460096K)
[236.875s][info][gc,heap        ] GC(356) CMS: 15480K->15480K(7877440K)
[236.875s][info][gc,metaspace   ] GC(356) Metaspace: 60342K(69572K)->60342K(69572K) NonClass: 52641K(57488K)->52641K(57488K) Class: 7701K(12084K)->7701K(12084K)
[236.875s][info][gc             ] GC(356) Pause Young (Allocation Failure) 415M->15M(8142M) 17.575ms
[236.875s][info][gc,cpu         ] GC(356) User=0.02s Sys=0.00s Real=0.02s
[237.538s][info][gc,start       ] GC(357) Pause Young (Allocation Failure)
[237.539s][info][gc,task        ] GC(357) Using 6 workers of 6 for evacuation
[237.556s][info][gc,heap        ] GC(357) ParNew: 409752K->803K(460096K)
[237.556s][info][gc,heap        ] GC(357) CMS: 15480K->15480K(7877440K)
[237.556s][info][gc,metaspace   ] GC(357) Metaspace: 60342K(69572K)->60342K(69572K) NonClass: 52641K(57488K)->52641K(57488K) Class: 7701K(12084K)->7701K(12084K)
[237.556s][info][gc             ] GC(357) Pause Young (Allocation Failure) 415M->15M(8142M) 17.309ms
[237.556s][info][gc,cpu         ] GC(357) User=0.02s Sys=0.00s Real=0.02s
[238.217s][info][gc,start       ] GC(358) Pause Young (Allocation Failure)
[238.217s][info][gc,task        ] GC(358) Using 6 workers of 6 for evacuation
[238.233s][info][gc,heap        ] GC(358) ParNew: 409827K->508K(460096K)
[238.233s][info][gc,heap        ] GC(358) CMS: 15480K->15763K(7877440K)
[238.233s][info][gc,metaspace   ] GC(358) Metaspace: 60342K(69572K)->60342K(69572K) NonClass: 52641K(57488K)->52641K(57488K) Class: 7701K(12084K)->7701K(12084K)
[238.233s][info][gc             ] GC(358) Pause Young (Allocation Failure) 415M->15M(8142M) 16.661ms
[238.233s][info][gc,cpu         ] GC(358) User=0.02s Sys=0.00s Real=0.02s
[238.244s][info][gc,start       ] GC(359) Pause Full (System.gc())
[238.245s][info][gc,phases,start] GC(359) Phase 1: Mark live objects
[238.269s][info][gc,phases      ] GC(359) Phase 1: Mark live objects 23.680ms
[238.269s][info][gc,phases,start] GC(359) Phase 2: Compute new object addresses
[238.274s][info][gc,phases      ] GC(359) Phase 2: Compute new object addresses 5.306ms
[238.274s][info][gc,phases,start] GC(359) Phase 3: Adjust pointers
[238.292s][info][gc,phases      ] GC(359) Phase 3: Adjust pointers 17.911ms
[238.292s][info][gc,phases,start] GC(359) Phase 4: Move objects
[238.293s][info][gc,phases      ] GC(359) Phase 4: Move objects 0.653ms
[238.298s][info][gc,heap        ] GC(359) ParNew: 7009K->0K(460096K)
[238.298s][info][gc,heap        ] GC(359) CMS: 15763K->15554K(7877440K)
[238.298s][info][gc,metaspace   ] GC(359) Metaspace: 60342K(69572K)->60342K(69572K) NonClass: 52641K(57488K)->52641K(57488K) Class: 7701K(12084K)->7701K(12084K)
[238.298s][info][gc             ] GC(359) Pause Full (System.gc()) 22M->15M(8142M) 54.057ms
[238.298s][info][gc,cpu         ] GC(359) User=0.03s Sys=0.00s Real=0.05s
[239.001s][info][gc,start       ] GC(360) Pause Young (Allocation Failure)
[239.001s][info][gc,task        ] GC(360) Using 6 workers of 6 for evacuation
[239.018s][info][gc,heap        ] GC(360) ParNew: 409024K->582K(460096K)
[239.018s][info][gc,heap        ] GC(360) CMS: 15554K->15554K(7877440K)
[239.018s][info][gc,metaspace   ] GC(360) Metaspace: 60347K(69572K)->60347K(69572K) NonClass: 52646K(57488K)->52646K(57488K) Class: 7701K(12084K)->7701K(12084K)
[239.018s][info][gc             ] GC(360) Pause Young (Allocation Failure) 414M->15M(8142M) 17.261ms
[239.018s][info][gc,cpu         ] GC(360) User=0.02s Sys=0.00s Real=0.02s
[239.691s][info][gc,start       ] GC(361) Pause Young (Allocation Failure)
[239.691s][info][gc,task        ] GC(361) Using 6 workers of 6 for evacuation
[239.708s][info][gc,heap        ] GC(361) ParNew: 409606K->688K(460096K)
[239.709s][info][gc,heap        ] GC(361) CMS: 15554K->15554K(7877440K)
[239.709s][info][gc,metaspace   ] GC(361) Metaspace: 60347K(69572K)->60347K(69572K) NonClass: 52646K(57488K)->52646K(57488K) Class: 7701K(12084K)->7701K(12084K)
[239.709s][info][gc             ] GC(361) Pause Young (Allocation Failure) 415M->15M(8142M) 17.227ms
[239.709s][info][gc,cpu         ] GC(361) User=0.02s Sys=0.00s Real=0.02s
[240.372s][info][gc,start       ] GC(362) Pause Young (Allocation Failure)
[240.372s][info][gc,task        ] GC(362) Using 6 workers of 6 for evacuation
[240.389s][info][gc,heap        ] GC(362) ParNew: 409712K->804K(460096K)
[240.389s][info][gc,heap        ] GC(362) CMS: 15554K->15554K(7877440K)
[240.389s][info][gc,metaspace   ] GC(362) Metaspace: 60347K(69572K)->60347K(69572K) NonClass: 52646K(57488K)->52646K(57488K) Class: 7701K(12084K)->7701K(12084K)
[240.389s][info][gc             ] GC(362) Pause Young (Allocation Failure) 415M->15M(8142M) 17.255ms
[240.389s][info][gc,cpu         ] GC(362) User=0.00s Sys=0.00s Real=0.03s
[241.064s][info][gc,start       ] GC(363) Pause Young (Allocation Failure)
[241.065s][info][gc,task        ] GC(363) Using 6 workers of 6 for evacuation
[241.082s][info][gc,heap        ] GC(363) ParNew: 409828K->908K(460096K)
[241.082s][info][gc,heap        ] GC(363) CMS: 15554K->15554K(7877440K)
[241.082s][info][gc,metaspace   ] GC(363) Metaspace: 60347K(69572K)->60347K(69572K) NonClass: 52646K(57488K)->52646K(57488K) Class: 7701K(12084K)->7701K(12084K)
[241.082s][info][gc             ] GC(363) Pause Young (Allocation Failure) 415M->16M(8142M) 17.622ms
[241.082s][info][gc,cpu         ] GC(363) User=0.02s Sys=0.00s Real=0.01s
[241.752s][info][gc,start       ] GC(364) Pause Young (Allocation Failure)
[241.752s][info][gc,task        ] GC(364) Using 6 workers of 6 for evacuation
[241.769s][info][gc,heap        ] GC(364) ParNew: 409932K->715K(460096K)
[241.769s][info][gc,heap        ] GC(364) CMS: 15554K->15554K(7877440K)
[241.769s][info][gc,metaspace   ] GC(364) Metaspace: 60347K(69572K)->60347K(69572K) NonClass: 52646K(57488K)->52646K(57488K) Class: 7701K(12084K)->7701K(12084K)
[241.769s][info][gc             ] GC(364) Pause Young (Allocation Failure) 415M->15M(8142M) 16.951ms
[241.769s][info][gc,cpu         ] GC(364) User=0.03s Sys=0.00s Real=0.02s
[242.444s][info][gc,start       ] GC(365) Pause Young (Allocation Failure)
[242.444s][info][gc,task        ] GC(365) Using 6 workers of 6 for evacuation
[242.462s][info][gc,heap        ] GC(365) ParNew: 409739K->736K(460096K)
[242.462s][info][gc,heap        ] GC(365) CMS: 15554K->15554K(7877440K)
[242.462s][info][gc,metaspace   ] GC(365) Metaspace: 60347K(69572K)->60347K(69572K) NonClass: 52646K(57488K)->52646K(57488K) Class: 7701K(12084K)->7701K(12084K)
[242.462s][info][gc             ] GC(365) Pause Young (Allocation Failure) 415M->15M(8142M) 17.705ms
[242.462s][info][gc,cpu         ] GC(365) User=0.02s Sys=0.00s Real=0.01s
[243.146s][info][gc,start       ] GC(366) Pause Young (Allocation Failure)
[243.146s][info][gc,task        ] GC(366) Using 6 workers of 6 for evacuation
[243.163s][info][gc,heap        ] GC(366) ParNew: 409760K->476K(460096K)
[243.163s][info][gc,heap        ] GC(366) CMS: 15554K->15869K(7877440K)
[243.163s][info][gc,metaspace   ] GC(366) Metaspace: 60347K(69572K)->60347K(69572K) NonClass: 52646K(57488K)->52646K(57488K) Class: 7701K(12084K)->7701K(12084K)
[243.163s][info][gc             ] GC(366) Pause Young (Allocation Failure) 415M->15M(8142M) 17.091ms
[243.163s][info][gc,cpu         ] GC(366) User=0.02s Sys=0.00s Real=0.02s
[243.173s][info][gc,start       ] GC(367) Pause Full (System.gc())
[243.173s][info][gc,phases,start] GC(367) Phase 1: Mark live objects
[243.196s][info][gc,phases      ] GC(367) Phase 1: Mark live objects 22.717ms
[243.196s][info][gc,phases,start] GC(367) Phase 2: Compute new object addresses
[243.201s][info][gc,phases      ] GC(367) Phase 2: Compute new object addresses 5.105ms
[243.201s][info][gc,phases,start] GC(367) Phase 3: Adjust pointers
[243.217s][info][gc,phases      ] GC(367) Phase 3: Adjust pointers 16.265ms
[243.217s][info][gc,phases,start] GC(367) Phase 4: Move objects
[243.218s][info][gc,phases      ] GC(367) Phase 4: Move objects 0.624ms
[243.223s][info][gc,heap        ] GC(367) ParNew: 6657K->0K(460096K)
[243.223s][info][gc,heap        ] GC(367) CMS: 15869K->15480K(7877440K)
[243.223s][info][gc,metaspace   ] GC(367) Metaspace: 60347K(69572K)->60347K(69572K) NonClass: 52646K(57488K)->52646K(57488K) Class: 7701K(12084K)->7701K(12084K)
[243.223s][info][gc             ] GC(367) Pause Full (System.gc()) 21M->15M(8142M) 50.945ms
[243.223s][info][gc,cpu         ] GC(367) User=0.00s Sys=0.00s Real=0.05s
[243.916s][info][gc,start       ] GC(368) Pause Young (Allocation Failure)
[243.916s][info][gc,task        ] GC(368) Using 6 workers of 6 for evacuation
[243.933s][info][gc,heap        ] GC(368) ParNew: 409024K->537K(460096K)
[243.933s][info][gc,heap        ] GC(368) CMS: 15480K->15480K(7877440K)
[243.933s][info][gc,metaspace   ] GC(368) Metaspace: 60358K(69572K)->60358K(69572K) NonClass: 52657K(57488K)->52657K(57488K) Class: 7701K(12084K)->7701K(12084K)
[243.933s][info][gc             ] GC(368) Pause Young (Allocation Failure) 414M->15M(8142M) 16.970ms
[243.933s][info][gc,cpu         ] GC(368) User=0.02s Sys=0.00s Real=0.02s
[244.609s][info][gc,start       ] GC(369) Pause Young (Allocation Failure)
[244.609s][info][gc,task        ] GC(369) Using 6 workers of 6 for evacuation
[244.626s][info][gc,heap        ] GC(369) ParNew: 409561K->870K(460096K)
[244.626s][info][gc,heap        ] GC(369) CMS: 15480K->15480K(7877440K)
[244.626s][info][gc,metaspace   ] GC(369) Metaspace: 60358K(69572K)->60358K(69572K) NonClass: 52657K(57488K)->52657K(57488K) Class: 7701K(12084K)->7701K(12084K)
[244.626s][info][gc             ] GC(369) Pause Young (Allocation Failure) 415M->15M(8142M) 16.940ms
[244.626s][info][gc,cpu         ] GC(369) User=0.02s Sys=0.00s Real=0.01s
[245.291s][info][gc,start       ] GC(370) Pause Young (Allocation Failure)
[245.291s][info][gc,task        ] GC(370) Using 6 workers of 6 for evacuation
[245.308s][info][gc,heap        ] GC(370) ParNew: 409894K->847K(460096K)
[245.308s][info][gc,heap        ] GC(370) CMS: 15480K->15480K(7877440K)
[245.308s][info][gc,metaspace   ] GC(370) Metaspace: 60358K(69572K)->60358K(69572K) NonClass: 52657K(57488K)->52657K(57488K) Class: 7701K(12084K)->7701K(12084K)
[245.309s][info][gc             ] GC(370) Pause Young (Allocation Failure) 415M->15M(8142M) 17.214ms
[245.309s][info][gc,cpu         ] GC(370) User=0.02s Sys=0.00s Real=0.02s
[245.986s][info][gc,start       ] GC(371) Pause Young (Allocation Failure)
[245.986s][info][gc,task        ] GC(371) Using 6 workers of 6 for evacuation
[246.003s][info][gc,heap        ] GC(371) ParNew: 409871K->870K(460096K)
[246.003s][info][gc,heap        ] GC(371) CMS: 15480K->15480K(7877440K)
[246.003s][info][gc,metaspace   ] GC(371) Metaspace: 60358K(69572K)->60358K(69572K) NonClass: 52657K(57488K)->52657K(57488K) Class: 7701K(12084K)->7701K(12084K)
[246.003s][info][gc             ] GC(371) Pause Young (Allocation Failure) 415M->15M(8142M) 17.341ms
[246.003s][info][gc,cpu         ] GC(371) User=0.02s Sys=0.00s Real=0.01s
[246.750s][info][gc,start       ] GC(372) Pause Young (Allocation Failure)
[246.750s][info][gc,task        ] GC(372) Using 6 workers of 6 for evacuation
[246.773s][info][gc,heap        ] GC(372) ParNew: 409894K->871K(460096K)
[246.773s][info][gc,heap        ] GC(372) CMS: 15480K->15480K(7877440K)
[246.773s][info][gc,metaspace   ] GC(372) Metaspace: 60358K(69572K)->60358K(69572K) NonClass: 52657K(57488K)->52657K(57488K) Class: 7701K(12084K)->7701K(12084K)
[246.773s][info][gc             ] GC(372) Pause Young (Allocation Failure) 415M->15M(8142M) 23.822ms
[246.773s][info][gc,cpu         ] GC(372) User=0.03s Sys=0.00s Real=0.02s
[247.553s][info][gc,start       ] GC(373) Pause Young (Allocation Failure)
[247.553s][info][gc,task        ] GC(373) Using 6 workers of 6 for evacuation
[247.570s][info][gc,heap        ] GC(373) ParNew: 409895K->695K(460096K)
[247.570s][info][gc,heap        ] GC(373) CMS: 15480K->15480K(7877440K)
[247.570s][info][gc,metaspace   ] GC(373) Metaspace: 60358K(69572K)->60358K(69572K) NonClass: 52657K(57488K)->52657K(57488K) Class: 7701K(12084K)->7701K(12084K)
[247.570s][info][gc             ] GC(373) Pause Young (Allocation Failure) 415M->15M(8142M) 17.327ms
[247.570s][info][gc,cpu         ] GC(373) User=0.02s Sys=0.00s Real=0.02s
[248.302s][info][gc,start       ] GC(374) Pause Young (Allocation Failure)
[248.302s][info][gc,task        ] GC(374) Using 6 workers of 6 for evacuation
[248.319s][info][gc,heap        ] GC(374) ParNew: 409719K->464K(460096K)
[248.319s][info][gc,heap        ] GC(374) CMS: 15480K->15717K(7877440K)
[248.319s][info][gc,metaspace   ] GC(374) Metaspace: 60358K(69572K)->60358K(69572K) NonClass: 52657K(57488K)->52657K(57488K) Class: 7701K(12084K)->7701K(12084K)
[248.319s][info][gc             ] GC(374) Pause Young (Allocation Failure) 415M->15M(8142M) 16.682ms
[248.319s][info][gc,cpu         ] GC(374) User=0.03s Sys=0.00s Real=0.03s
[248.325s][info][gc,start       ] GC(375) Pause Full (System.gc())
[248.326s][info][gc,phases,start] GC(375) Phase 1: Mark live objects
[248.348s][info][gc,phases      ] GC(375) Phase 1: Mark live objects 21.882ms
[248.348s][info][gc,phases,start] GC(375) Phase 2: Compute new object addresses
[248.353s][info][gc,phases      ] GC(375) Phase 2: Compute new object addresses 4.936ms
[248.353s][info][gc,phases,start] GC(375) Phase 3: Adjust pointers
[248.369s][info][gc,phases      ] GC(375) Phase 3: Adjust pointers 16.517ms
[248.369s][info][gc,phases,start] GC(375) Phase 4: Move objects
[248.370s][info][gc,phases      ] GC(375) Phase 4: Move objects 0.660ms
[248.375s][info][gc,heap        ] GC(375) ParNew: 3980K->0K(460096K)
[248.375s][info][gc,heap        ] GC(375) CMS: 15717K->15565K(7877440K)
[248.375s][info][gc,metaspace   ] GC(375) Metaspace: 60359K(69572K)->60359K(69572K) NonClass: 52658K(57488K)->52658K(57488K) Class: 7701K(12084K)->7701K(12084K)
[248.376s][info][gc             ] GC(375) Pause Full (System.gc()) 19M->15M(8142M) 50.925ms
[248.376s][info][gc,cpu         ] GC(375) User=0.05s Sys=0.00s Real=0.05s
[249.087s][info][gc,start       ] GC(376) Pause Young (Allocation Failure)
[249.088s][info][gc,task        ] GC(376) Using 6 workers of 6 for evacuation
[249.109s][info][gc,heap        ] GC(376) ParNew: 409024K->551K(460096K)
[249.109s][info][gc,heap        ] GC(376) CMS: 15565K->15565K(7877440K)
[249.109s][info][gc,metaspace   ] GC(376) Metaspace: 60366K(69572K)->60366K(69572K) NonClass: 52665K(57488K)->52665K(57488K) Class: 7701K(12084K)->7701K(12084K)
[249.111s][info][gc             ] GC(376) Pause Young (Allocation Failure) 414M->15M(8142M) 23.864ms
[249.111s][info][gc,cpu         ] GC(376) User=0.02s Sys=0.00s Real=0.03s
[249.805s][info][gc,start       ] GC(377) Pause Young (Allocation Failure)
[249.805s][info][gc,task        ] GC(377) Using 6 workers of 6 for evacuation
[249.821s][info][gc,heap        ] GC(377) ParNew: 409575K->717K(460096K)
[249.821s][info][gc,heap        ] GC(377) CMS: 15565K->15565K(7877440K)
[249.821s][info][gc,metaspace   ] GC(377) Metaspace: 60366K(69572K)->60366K(69572K) NonClass: 52665K(57488K)->52665K(57488K) Class: 7701K(12084K)->7701K(12084K)
[249.821s][info][gc             ] GC(377) Pause Young (Allocation Failure) 415M->15M(8142M) 16.867ms
[249.821s][info][gc,cpu         ] GC(377) User=0.05s Sys=0.00s Real=0.02s
[250.515s][info][gc,start       ] GC(378) Pause Young (Allocation Failure)
[250.515s][info][gc,task        ] GC(378) Using 6 workers of 6 for evacuation
[250.532s][info][gc,heap        ] GC(378) ParNew: 409741K->843K(460096K)
[250.532s][info][gc,heap        ] GC(378) CMS: 15565K->15565K(7877440K)
[250.532s][info][gc,metaspace   ] GC(378) Metaspace: 60366K(69572K)->60366K(69572K) NonClass: 52665K(57488K)->52665K(57488K) Class: 7701K(12084K)->7701K(12084K)
[250.532s][info][gc             ] GC(378) Pause Young (Allocation Failure) 415M->16M(8142M) 16.642ms
[250.532s][info][gc,cpu         ] GC(378) User=0.03s Sys=0.00s Real=0.02s
[251.211s][info][gc,start       ] GC(379) Pause Young (Allocation Failure)
[251.211s][info][gc,task        ] GC(379) Using 6 workers of 6 for evacuation
[251.228s][info][gc,heap        ] GC(379) ParNew: 409867K->642K(460096K)
[251.228s][info][gc,heap        ] GC(379) CMS: 15565K->15565K(7877440K)
[251.228s][info][gc,metaspace   ] GC(379) Metaspace: 60366K(69572K)->60366K(69572K) NonClass: 52665K(57488K)->52665K(57488K) Class: 7701K(12084K)->7701K(12084K)
[251.228s][info][gc             ] GC(379) Pause Young (Allocation Failure) 415M->15M(8142M) 17.260ms
[251.228s][info][gc,cpu         ] GC(379) User=0.02s Sys=0.00s Real=0.02s
[251.924s][info][gc,start       ] GC(380) Pause Young (Allocation Failure)
[251.924s][info][gc,task        ] GC(380) Using 6 workers of 6 for evacuation
[251.941s][info][gc,heap        ] GC(380) ParNew: 409666K->695K(460096K)
[251.941s][info][gc,heap        ] GC(380) CMS: 15565K->15565K(7877440K)
[251.941s][info][gc,metaspace   ] GC(380) Metaspace: 60366K(69572K)->60366K(69572K) NonClass: 52665K(57488K)->52665K(57488K) Class: 7701K(12084K)->7701K(12084K)
[251.941s][info][gc             ] GC(380) Pause Young (Allocation Failure) 415M->15M(8142M) 17.288ms
[251.941s][info][gc,cpu         ] GC(380) User=0.02s Sys=0.00s Real=0.02s
[252.633s][info][gc,start       ] GC(381) Pause Young (Allocation Failure)
[252.633s][info][gc,task        ] GC(381) Using 6 workers of 6 for evacuation
[252.649s][info][gc,heap        ] GC(381) ParNew: 409719K->778K(460096K)
[252.649s][info][gc,heap        ] GC(381) CMS: 15565K->15565K(7877440K)
[252.650s][info][gc,metaspace   ] GC(381) Metaspace: 60366K(69572K)->60366K(69572K) NonClass: 52665K(57488K)->52665K(57488K) Class: 7701K(12084K)->7701K(12084K)
[252.650s][info][gc             ] GC(381) Pause Young (Allocation Failure) 415M->15M(8142M) 16.870ms
[252.650s][info][gc,cpu         ] GC(381) User=0.05s Sys=0.00s Real=0.01s
[253.353s][info][gc,start       ] GC(382) Pause Young (Allocation Failure)
[253.353s][info][gc,task        ] GC(382) Using 6 workers of 6 for evacuation
[253.371s][info][gc,heap        ] GC(382) ParNew: 409802K->289K(460096K)
[253.371s][info][gc,heap        ] GC(382) CMS: 15565K->15874K(7877440K)
[253.371s][info][gc,metaspace   ] GC(382) Metaspace: 60366K(69572K)->60366K(69572K) NonClass: 52665K(57488K)->52665K(57488K) Class: 7701K(12084K)->7701K(12084K)
[253.371s][info][gc             ] GC(382) Pause Young (Allocation Failure) 415M->15M(8142M) 17.404ms
[253.371s][info][gc,cpu         ] GC(382) User=0.02s Sys=0.00s Real=0.02s
[253.376s][info][gc,start       ] GC(383) Pause Full (System.gc())
[253.377s][info][gc,phases,start] GC(383) Phase 1: Mark live objects
[253.401s][info][gc,phases      ] GC(383) Phase 1: Mark live objects 24.467ms
[253.401s][info][gc,phases,start] GC(383) Phase 2: Compute new object addresses
[253.406s][info][gc,phases      ] GC(383) Phase 2: Compute new object addresses 5.001ms
[253.406s][info][gc,phases,start] GC(383) Phase 3: Adjust pointers
[253.423s][info][gc,phases      ] GC(383) Phase 3: Adjust pointers 17.025ms
[253.423s][info][gc,phases,start] GC(383) Phase 4: Move objects
[253.424s][info][gc,phases      ] GC(383) Phase 4: Move objects 0.829ms
[253.430s][info][gc,heap        ] GC(383) ParNew: 5057K->0K(460096K)
[253.430s][info][gc,heap        ] GC(383) CMS: 15874K->15561K(7877440K)
[253.430s][info][gc,metaspace   ] GC(383) Metaspace: 60370K(69572K)->60370K(69572K) NonClass: 52669K(57488K)->52669K(57488K) Class: 7701K(12084K)->7701K(12084K)
[253.431s][info][gc             ] GC(383) Pause Full (System.gc()) 20M->15M(8142M) 55.030ms
[253.431s][info][gc,cpu         ] GC(383) User=0.05s Sys=0.00s Real=0.05s
[254.142s][info][gc,start       ] GC(384) Pause Young (Allocation Failure)
[254.142s][info][gc,task        ] GC(384) Using 6 workers of 6 for evacuation
[254.159s][info][gc,heap        ] GC(384) ParNew: 409024K->577K(460096K)
[254.159s][info][gc,heap        ] GC(384) CMS: 15561K->15561K(7877440K)
[254.159s][info][gc,metaspace   ] GC(384) Metaspace: 60373K(69572K)->60373K(69572K) NonClass: 52671K(57488K)->52671K(57488K) Class: 7701K(12084K)->7701K(12084K)
[254.159s][info][gc             ] GC(384) Pause Young (Allocation Failure) 414M->15M(8142M) 17.177ms
[254.159s][info][gc,cpu         ] GC(384) User=0.03s Sys=0.00s Real=0.03s
[254.852s][info][gc,start       ] GC(385) Pause Young (Allocation Failure)
[254.852s][info][gc,task        ] GC(385) Using 6 workers of 6 for evacuation
[254.870s][info][gc,heap        ] GC(385) ParNew: 409601K->723K(460096K)
[254.870s][info][gc,heap        ] GC(385) CMS: 15561K->15561K(7877440K)
[254.870s][info][gc,metaspace   ] GC(385) Metaspace: 60373K(69572K)->60373K(69572K) NonClass: 52671K(57488K)->52671K(57488K) Class: 7701K(12084K)->7701K(12084K)
[254.870s][info][gc             ] GC(385) Pause Young (Allocation Failure) 415M->15M(8142M) 17.665ms
[254.870s][info][gc,cpu         ] GC(385) User=0.03s Sys=0.00s Real=0.03s
[255.557s][info][gc,start       ] GC(386) Pause Young (Allocation Failure)
[255.557s][info][gc,task        ] GC(386) Using 6 workers of 6 for evacuation
[255.574s][info][gc,heap        ] GC(386) ParNew: 409747K->703K(460096K)
[255.574s][info][gc,heap        ] GC(386) CMS: 15561K->15561K(7877440K)
[255.574s][info][gc,metaspace   ] GC(386) Metaspace: 60373K(69572K)->60373K(69572K) NonClass: 52671K(57488K)->52671K(57488K) Class: 7701K(12084K)->7701K(12084K)
[255.574s][info][gc             ] GC(386) Pause Young (Allocation Failure) 415M->15M(8142M) 17.263ms
[255.574s][info][gc,cpu         ] GC(386) User=0.05s Sys=0.00s Real=0.01s
[256.254s][info][gc,start       ] GC(387) Pause Young (Allocation Failure)
[256.254s][info][gc,task        ] GC(387) Using 6 workers of 6 for evacuation
[256.270s][info][gc,heap        ] GC(387) ParNew: 409727K->777K(460096K)
[256.270s][info][gc,heap        ] GC(387) CMS: 15561K->15561K(7877440K)
[256.270s][info][gc,metaspace   ] GC(387) Metaspace: 60373K(69572K)->60373K(69572K) NonClass: 52671K(57488K)->52671K(57488K) Class: 7701K(12084K)->7701K(12084K)
[256.270s][info][gc             ] GC(387) Pause Young (Allocation Failure) 415M->15M(8142M) 16.846ms
[256.270s][info][gc,cpu         ] GC(387) User=0.03s Sys=0.00s Real=0.02s
[256.963s][info][gc,start       ] GC(388) Pause Young (Allocation Failure)
[256.963s][info][gc,task        ] GC(388) Using 6 workers of 6 for evacuation
[256.980s][info][gc,heap        ] GC(388) ParNew: 409801K->714K(460096K)
[256.980s][info][gc,heap        ] GC(388) CMS: 15561K->15561K(7877440K)
[256.980s][info][gc,metaspace   ] GC(388) Metaspace: 60373K(69572K)->60373K(69572K) NonClass: 52671K(57488K)->52671K(57488K) Class: 7701K(12084K)->7701K(12084K)
[256.980s][info][gc             ] GC(388) Pause Young (Allocation Failure) 415M->15M(8142M) 17.219ms
[256.980s][info][gc,cpu         ] GC(388) User=0.03s Sys=0.00s Real=0.03s
[257.670s][info][gc,start       ] GC(389) Pause Young (Allocation Failure)
[257.670s][info][gc,task        ] GC(389) Using 6 workers of 6 for evacuation
[257.688s][info][gc,heap        ] GC(389) ParNew: 409738K->717K(460096K)
[257.688s][info][gc,heap        ] GC(389) CMS: 15561K->15561K(7877440K)
[257.688s][info][gc,metaspace   ] GC(389) Metaspace: 60373K(69572K)->60373K(69572K) NonClass: 52671K(57488K)->52671K(57488K) Class: 7701K(12084K)->7701K(12084K)
[257.688s][info][gc             ] GC(389) Pause Young (Allocation Failure) 415M->15M(8142M) 17.558ms
[257.688s][info][gc,cpu         ] GC(389) User=0.03s Sys=0.00s Real=0.02s
[258.385s][info][gc,start       ] GC(390) Pause Young (Allocation Failure)
[258.385s][info][gc,task        ] GC(390) Using 6 workers of 6 for evacuation
[258.402s][info][gc,heap        ] GC(390) ParNew: 409741K->475K(460096K)
[258.402s][info][gc,heap        ] GC(390) CMS: 15561K->15837K(7877440K)
[258.402s][info][gc,metaspace   ] GC(390) Metaspace: 60373K(69572K)->60373K(69572K) NonClass: 52671K(57488K)->52671K(57488K) Class: 7701K(12084K)->7701K(12084K)
[258.402s][info][gc             ] GC(390) Pause Young (Allocation Failure) 415M->15M(8142M) 17.556ms
[258.402s][info][gc,cpu         ] GC(390) User=0.02s Sys=0.00s Real=0.02s
[258.403s][info][gc,start       ] GC(391) Pause Full (System.gc())
[258.404s][info][gc,phases,start] GC(391) Phase 1: Mark live objects
[258.428s][info][gc,phases      ] GC(391) Phase 1: Mark live objects 23.791ms
[258.428s][info][gc,phases,start] GC(391) Phase 2: Compute new object addresses
[258.433s][info][gc,phases      ] GC(391) Phase 2: Compute new object addresses 4.619ms
[258.433s][info][gc,phases,start] GC(391) Phase 3: Adjust pointers
[258.449s][info][gc,phases      ] GC(391) Phase 3: Adjust pointers 16.495ms
[258.449s][info][gc,phases,start] GC(391) Phase 4: Move objects
[258.450s][info][gc,phases      ] GC(391) Phase 4: Move objects 0.674ms
[258.455s][info][gc,heap        ] GC(391) ParNew: 2654K->0K(460096K)
[258.456s][info][gc,heap        ] GC(391) CMS: 15837K->15478K(7877440K)
[258.456s][info][gc,metaspace   ] GC(391) Metaspace: 60373K(69572K)->60373K(69572K) NonClass: 52671K(57488K)->52671K(57488K) Class: 7701K(12084K)->7701K(12084K)
[258.456s][info][gc             ] GC(391) Pause Full (System.gc()) 18M->15M(8142M) 52.787ms
[258.456s][info][gc,cpu         ] GC(391) User=0.03s Sys=0.00s Real=0.05s
[259.188s][info][gc,start       ] GC(392) Pause Young (Allocation Failure)
[259.188s][info][gc,task        ] GC(392) Using 6 workers of 6 for evacuation
[259.205s][info][gc,heap        ] GC(392) ParNew: 409024K->603K(460096K)
[259.205s][info][gc,heap        ] GC(392) CMS: 15478K->15478K(7877440K)
[259.205s][info][gc,metaspace   ] GC(392) Metaspace: 60373K(69572K)->60373K(69572K) NonClass: 52672K(57488K)->52672K(57488K) Class: 7701K(12084K)->7701K(12084K)
[259.205s][info][gc             ] GC(392) Pause Young (Allocation Failure) 414M->15M(8142M) 17.158ms
[259.205s][info][gc,cpu         ] GC(392) User=0.02s Sys=0.00s Real=0.01s
[259.922s][info][gc,start       ] GC(393) Pause Young (Allocation Failure)
[259.922s][info][gc,task        ] GC(393) Using 6 workers of 6 for evacuation
[259.930s][info][gc,heap        ] GC(393) ParNew: 409627K->697K(460096K)
[259.930s][info][gc,heap        ] GC(393) CMS: 15478K->15478K(7877440K)
[259.930s][info][gc,metaspace   ] GC(393) Metaspace: 60373K(69572K)->60373K(69572K) NonClass: 52672K(57488K)->52672K(57488K) Class: 7701K(12084K)->7701K(12084K)
[259.930s][info][gc             ] GC(393) Pause Young (Allocation Failure) 415M->15M(8142M) 8.229ms
[259.930s][info][gc,cpu         ] GC(393) User=0.00s Sys=0.00s Real=0.00s
[260.615s][info][gc,start       ] GC(394) Pause Young (Allocation Failure)
[260.615s][info][gc,task        ] GC(394) Using 6 workers of 6 for evacuation
[260.622s][info][gc,heap        ] GC(394) ParNew: 409721K->714K(460096K)
[260.622s][info][gc,heap        ] GC(394) CMS: 15478K->15478K(7877440K)
[260.622s][info][gc,metaspace   ] GC(394) Metaspace: 60373K(69572K)->60373K(69572K) NonClass: 52672K(57488K)->52672K(57488K) Class: 7701K(12084K)->7701K(12084K)
[260.622s][info][gc             ] GC(394) Pause Young (Allocation Failure) 415M->15M(8142M) 7.182ms
[260.622s][info][gc,cpu         ] GC(394) User=0.00s Sys=0.00s Real=0.00s
[261.191s][info][gc,start       ] GC(395) Pause Young (Allocation Failure)
[261.191s][info][gc,task        ] GC(395) Using 6 workers of 6 for evacuation
[261.197s][info][gc,heap        ] GC(395) ParNew: 409738K->747K(460096K)
[261.197s][info][gc,heap        ] GC(395) CMS: 15478K->15478K(7877440K)
[261.197s][info][gc,metaspace   ] GC(395) Metaspace: 60373K(69572K)->60373K(69572K) NonClass: 52672K(57488K)->52672K(57488K) Class: 7701K(12084K)->7701K(12084K)
[261.197s][info][gc             ] GC(395) Pause Young (Allocation Failure) 415M->15M(8142M) 5.635ms
[261.197s][info][gc,cpu         ] GC(395) User=0.00s Sys=0.00s Real=0.00s
[261.738s][info][gc,start       ] GC(396) Pause Young (Allocation Failure)
[261.738s][info][gc,task        ] GC(396) Using 6 workers of 6 for evacuation
[261.744s][info][gc,heap        ] GC(396) ParNew: 409771K->665K(460096K)
[261.744s][info][gc,heap        ] GC(396) CMS: 15478K->15478K(7877440K)
[261.744s][info][gc,metaspace   ] GC(396) Metaspace: 60373K(69572K)->60373K(69572K) NonClass: 52672K(57488K)->52672K(57488K) Class: 7701K(12084K)->7701K(12084K)
[261.744s][info][gc             ] GC(396) Pause Young (Allocation Failure) 415M->15M(8142M) 5.631ms
[261.744s][info][gc,cpu         ] GC(396) User=0.00s Sys=0.00s Real=0.00s
[262.284s][info][gc,start       ] GC(397) Pause Young (Allocation Failure)
[262.285s][info][gc,task        ] GC(397) Using 6 workers of 6 for evacuation
[262.290s][info][gc,heap        ] GC(397) ParNew: 409689K->757K(460096K)
[262.290s][info][gc,heap        ] GC(397) CMS: 15478K->15478K(7877440K)
[262.290s][info][gc,metaspace   ] GC(397) Metaspace: 60373K(69572K)->60373K(69572K) NonClass: 52672K(57488K)->52672K(57488K) Class: 7701K(12084K)->7701K(12084K)
[262.290s][info][gc             ] GC(397) Pause Young (Allocation Failure) 415M->15M(8142M) 5.999ms
[262.290s][info][gc,cpu         ] GC(397) User=0.00s Sys=0.00s Real=0.00s
[262.866s][info][gc,start       ] GC(398) Pause Young (Allocation Failure)
[262.866s][info][gc,task        ] GC(398) Using 6 workers of 6 for evacuation
[262.873s][info][gc,heap        ] GC(398) ParNew: 409781K->514K(460096K)
[262.873s][info][gc,heap        ] GC(398) CMS: 15478K->15662K(7877440K)
[262.873s][info][gc,metaspace   ] GC(398) Metaspace: 60373K(69572K)->60373K(69572K) NonClass: 52672K(57488K)->52672K(57488K) Class: 7701K(12084K)->7701K(12084K)
[262.873s][info][gc             ] GC(398) Pause Young (Allocation Failure) 415M->15M(8142M) 6.936ms
[262.873s][info][gc,cpu         ] GC(398) User=0.02s Sys=0.00s Real=0.02s
[262.874s][info][gc,start       ] GC(399) Pause Full (System.gc())
[262.875s][info][gc,phases,start] GC(399) Phase 1: Mark live objects
[262.896s][info][gc,phases      ] GC(399) Phase 1: Mark live objects 21.309ms
[262.896s][info][gc,phases,start] GC(399) Phase 2: Compute new object addresses
[262.901s][info][gc,phases      ] GC(399) Phase 2: Compute new object addresses 4.450ms
[262.901s][info][gc,phases,start] GC(399) Phase 3: Adjust pointers
[262.917s][info][gc,phases      ] GC(399) Phase 3: Adjust pointers 16.527ms
[262.917s][info][gc,phases,start] GC(399) Phase 4: Move objects
[262.925s][info][gc,phases      ] GC(399) Phase 4: Move objects 7.541ms
[262.958s][info][gc,heap        ] GC(399) ParNew: 1298K->0K(460096K)
[262.958s][info][gc,heap        ] GC(399) CMS: 15662K->15471K(7877440K)
[262.958s][info][gc,metaspace   ] GC(399) Metaspace: 60373K(69572K)->60373K(69572K) NonClass: 52672K(57488K)->52672K(57488K) Class: 7701K(12084K)->7701K(12084K)
[262.959s][info][gc             ] GC(399) Pause Full (System.gc()) 16M->15M(8142M) 85.100ms
[262.959s][info][gc,cpu         ] GC(399) User=0.02s Sys=0.08s Real=0.08s
[263.515s][info][gc,start       ] GC(400) Pause Young (Allocation Failure)
[263.515s][info][gc,task        ] GC(400) Using 6 workers of 6 for evacuation
[263.531s][info][gc,heap        ] GC(400) ParNew: 409024K->616K(460096K)
[263.531s][info][gc,heap        ] GC(400) CMS: 15471K->15471K(7877440K)
[263.531s][info][gc,metaspace   ] GC(400) Metaspace: 60374K(69572K)->60374K(69572K) NonClass: 52673K(57488K)->52673K(57488K) Class: 7701K(12084K)->7701K(12084K)
[263.531s][info][gc             ] GC(400) Pause Young (Allocation Failure) 414M->15M(8142M) 15.997ms
[263.531s][info][gc,cpu         ] GC(400) User=0.00s Sys=0.02s Real=0.02s
[264.067s][info][gc,start       ] GC(401) Pause Young (Allocation Failure)
[264.067s][info][gc,task        ] GC(401) Using 6 workers of 6 for evacuation
[264.082s][info][gc,heap        ] GC(401) ParNew: 409640K->779K(460096K)
[264.082s][info][gc,heap        ] GC(401) CMS: 15471K->15471K(7877440K)
[264.082s][info][gc,metaspace   ] GC(401) Metaspace: 60374K(69572K)->60374K(69572K) NonClass: 52673K(57488K)->52673K(57488K) Class: 7701K(12084K)->7701K(12084K)
[264.082s][info][gc             ] GC(401) Pause Young (Allocation Failure) 415M->15M(8142M) 15.180ms
[264.082s][info][gc,cpu         ] GC(401) User=0.02s Sys=0.00s Real=0.01s
[264.625s][info][gc,start       ] GC(402) Pause Young (Allocation Failure)
[264.625s][info][gc,task        ] GC(402) Using 6 workers of 6 for evacuation
[264.640s][info][gc,heap        ] GC(402) ParNew: 409803K->848K(460096K)
[264.640s][info][gc,heap        ] GC(402) CMS: 15471K->15471K(7877440K)
[264.640s][info][gc,metaspace   ] GC(402) Metaspace: 60374K(69572K)->60374K(69572K) NonClass: 52673K(57488K)->52673K(57488K) Class: 7701K(12084K)->7701K(12084K)
[264.640s][info][gc             ] GC(402) Pause Young (Allocation Failure) 415M->15M(8142M) 15.181ms
[264.640s][info][gc,cpu         ] GC(402) User=0.02s Sys=0.00s Real=0.02s
[265.175s][info][gc,start       ] GC(403) Pause Young (Allocation Failure)
[265.175s][info][gc,task        ] GC(403) Using 6 workers of 6 for evacuation
[265.190s][info][gc,heap        ] GC(403) ParNew: 409872K->952K(460096K)
[265.190s][info][gc,heap        ] GC(403) CMS: 15471K->15471K(7877440K)
[265.190s][info][gc,metaspace   ] GC(403) Metaspace: 60374K(69572K)->60374K(69572K) NonClass: 52673K(57488K)->52673K(57488K) Class: 7701K(12084K)->7701K(12084K)
[265.190s][info][gc             ] GC(403) Pause Young (Allocation Failure) 415M->16M(8142M) 15.397ms
[265.190s][info][gc,cpu         ] GC(403) User=0.00s Sys=0.00s Real=0.01s
[265.738s][info][gc,start       ] GC(404) Pause Young (Allocation Failure)
[265.738s][info][gc,task        ] GC(404) Using 6 workers of 6 for evacuation
[265.753s][info][gc,heap        ] GC(404) ParNew: 409976K->763K(460096K)
[265.753s][info][gc,heap        ] GC(404) CMS: 15471K->15471K(7877440K)
[265.753s][info][gc,metaspace   ] GC(404) Metaspace: 60374K(69572K)->60374K(69572K) NonClass: 52673K(57488K)->52673K(57488K) Class: 7701K(12084K)->7701K(12084K)
[265.754s][info][gc             ] GC(404) Pause Young (Allocation Failure) 415M->15M(8142M) 15.130ms
[265.754s][info][gc,cpu         ] GC(404) User=0.02s Sys=0.00s Real=0.02s
[266.290s][info][gc,start       ] GC(405) Pause Young (Allocation Failure)
[266.290s][info][gc,task        ] GC(405) Using 6 workers of 6 for evacuation
[266.306s][info][gc,heap        ] GC(405) ParNew: 409787K->728K(460096K)
[266.306s][info][gc,heap        ] GC(405) CMS: 15471K->15471K(7877440K)
[266.306s][info][gc,metaspace   ] GC(405) Metaspace: 60374K(69572K)->60374K(69572K) NonClass: 52673K(57488K)->52673K(57488K) Class: 7701K(12084K)->7701K(12084K)
[266.306s][info][gc             ] GC(405) Pause Young (Allocation Failure) 415M->15M(8142M) 15.628ms
[266.306s][info][gc,cpu         ] GC(405) User=0.00s Sys=0.00s Real=0.01s
[266.867s][info][gc,start       ] GC(406) Pause Full (System.gc())
[266.868s][info][gc,phases,start] GC(406) Phase 1: Mark live objects
[266.890s][info][gc,phases      ] GC(406) Phase 1: Mark live objects 21.993ms
[266.890s][info][gc,phases,start] GC(406) Phase 2: Compute new object addresses
[266.964s][info][gc,phases      ] GC(406) Phase 2: Compute new object addresses 74.128ms
[266.964s][info][gc,phases,start] GC(406) Phase 3: Adjust pointers
[266.981s][info][gc,phases      ] GC(406) Phase 3: Adjust pointers 16.622ms
[266.981s][info][gc,phases,start] GC(406) Phase 4: Move objects
[266.982s][info][gc,phases      ] GC(406) Phase 4: Move objects 1.506ms
[266.987s][info][gc,heap        ] GC(406) ParNew: 409752K->0K(460096K)
[266.987s][info][gc,heap        ] GC(406) CMS: 15471K->15479K(7877440K)
[266.987s][info][gc,metaspace   ] GC(406) Metaspace: 60374K(69572K)->60374K(69572K) NonClass: 52673K(57488K)->52673K(57488K) Class: 7701K(12084K)->7701K(12084K)
[266.988s][info][gc             ] GC(406) Pause Full (System.gc()) 415M->15M(8142M) 120.691ms
[266.988s][info][gc,cpu         ] GC(406) User=0.11s Sys=0.00s Real=0.12s
[267.552s][info][gc,start       ] GC(407) Pause Young (Allocation Failure)
[267.553s][info][gc,task        ] GC(407) Using 6 workers of 6 for evacuation
[267.568s][info][gc,heap        ] GC(407) ParNew: 409024K->848K(460096K)
[267.568s][info][gc,heap        ] GC(407) CMS: 15479K->15479K(7877440K)
[267.568s][info][gc,metaspace   ] GC(407) Metaspace: 60377K(69572K)->60377K(69572K) NonClass: 52675K(57488K)->52675K(57488K) Class: 7701K(12084K)->7701K(12084K)
[267.568s][info][gc             ] GC(407) Pause Young (Allocation Failure) 414M->15M(8142M) 15.718ms
[267.568s][info][gc,cpu         ] GC(407) User=0.00s Sys=0.00s Real=0.00s
[268.111s][info][gc,start       ] GC(408) Pause Young (Allocation Failure)
[268.111s][info][gc,task        ] GC(408) Using 6 workers of 6 for evacuation
[268.127s][info][gc,heap        ] GC(408) ParNew: 409872K->780K(460096K)
[268.127s][info][gc,heap        ] GC(408) CMS: 15479K->15479K(7877440K)
[268.127s][info][gc,metaspace   ] GC(408) Metaspace: 60381K(69572K)->60381K(69572K) NonClass: 52679K(57488K)->52679K(57488K) Class: 7701K(12084K)->7701K(12084K)
[268.127s][info][gc             ] GC(408) Pause Young (Allocation Failure) 415M->15M(8142M) 15.592ms
[268.127s][info][gc,cpu         ] GC(408) User=0.02s Sys=0.00s Real=0.02s
[268.679s][info][gc,start       ] GC(409) Pause Young (Allocation Failure)
[268.679s][info][gc,task        ] GC(409) Using 6 workers of 6 for evacuation
[268.694s][info][gc,heap        ] GC(409) ParNew: 409804K->868K(460096K)
[268.694s][info][gc,heap        ] GC(409) CMS: 15479K->15479K(7877440K)
[268.694s][info][gc,metaspace   ] GC(409) Metaspace: 60381K(69572K)->60381K(69572K) NonClass: 52679K(57488K)->52679K(57488K) Class: 7701K(12084K)->7701K(12084K)
[268.694s][info][gc             ] GC(409) Pause Young (Allocation Failure) 415M->15M(8142M) 15.338ms
[268.694s][info][gc,cpu         ] GC(409) User=0.02s Sys=0.00s Real=0.02s
[269.234s][info][gc,start       ] GC(410) Pause Young (Allocation Failure)
[269.234s][info][gc,task        ] GC(410) Using 6 workers of 6 for evacuation
[269.248s][info][gc,heap        ] GC(410) ParNew: 409892K->755K(460096K)
[269.249s][info][gc,heap        ] GC(410) CMS: 15479K->15479K(7877440K)
[269.249s][info][gc,metaspace   ] GC(410) Metaspace: 60381K(69572K)->60381K(69572K) NonClass: 52679K(57488K)->52679K(57488K) Class: 7701K(12084K)->7701K(12084K)
[269.249s][info][gc             ] GC(410) Pause Young (Allocation Failure) 415M->15M(8142M) 14.298ms
[269.249s][info][gc,cpu         ] GC(410) User=0.02s Sys=0.00s Real=0.02s
[269.795s][info][gc,start       ] GC(411) Pause Young (Allocation Failure)
[269.795s][info][gc,task        ] GC(411) Using 6 workers of 6 for evacuation
[269.810s][info][gc,heap        ] GC(411) ParNew: 409779K->772K(460096K)
[269.810s][info][gc,heap        ] GC(411) CMS: 15479K->15479K(7877440K)
[269.810s][info][gc,metaspace   ] GC(411) Metaspace: 60381K(69572K)->60381K(69572K) NonClass: 52679K(57488K)->52679K(57488K) Class: 7701K(12084K)->7701K(12084K)
[269.810s][info][gc             ] GC(411) Pause Young (Allocation Failure) 415M->15M(8142M) 15.216ms
[269.810s][info][gc,cpu         ] GC(411) User=0.02s Sys=0.00s Real=0.01s
[270.353s][info][gc,start       ] GC(412) Pause Young (Allocation Failure)
[270.353s][info][gc,task        ] GC(412) Using 6 workers of 6 for evacuation
[270.368s][info][gc,heap        ] GC(412) ParNew: 409796K->892K(460096K)
[270.368s][info][gc,heap        ] GC(412) CMS: 15479K->15479K(7877440K)
[270.368s][info][gc,metaspace   ] GC(412) Metaspace: 60381K(69572K)->60381K(69572K) NonClass: 52679K(57488K)->52679K(57488K) Class: 7701K(12084K)->7701K(12084K)
[270.368s][info][gc             ] GC(412) Pause Young (Allocation Failure) 415M->15M(8142M) 15.082ms
[270.368s][info][gc,cpu         ] GC(412) User=0.02s Sys=0.00s Real=0.02s
[270.924s][info][gc,start       ] GC(413) Pause Young (Allocation Failure)
[270.924s][info][gc,task        ] GC(413) Using 6 workers of 6 for evacuation
[270.940s][info][gc,heap        ] GC(413) ParNew: 409916K->362K(460096K)
[270.940s][info][gc,heap        ] GC(413) CMS: 15479K->15717K(7877440K)
[270.940s][info][gc,metaspace   ] GC(413) Metaspace: 60381K(69572K)->60381K(69572K) NonClass: 52679K(57488K)->52679K(57488K) Class: 7701K(12084K)->7701K(12084K)
[270.940s][info][gc             ] GC(413) Pause Young (Allocation Failure) 415M->15M(8142M) 15.876ms
[270.940s][info][gc,cpu         ] GC(413) User=0.02s Sys=0.00s Real=0.02s
[270.948s][info][gc,start       ] GC(414) Pause Full (System.gc())
[270.948s][info][gc,phases,start] GC(414) Phase 1: Mark live objects
[270.970s][info][gc,phases      ] GC(414) Phase 1: Mark live objects 21.777ms
[270.970s][info][gc,phases,start] GC(414) Phase 2: Compute new object addresses
[270.975s][info][gc,phases      ] GC(414) Phase 2: Compute new object addresses 4.777ms
[270.975s][info][gc,phases,start] GC(414) Phase 3: Adjust pointers
[270.991s][info][gc,phases      ] GC(414) Phase 3: Adjust pointers 16.347ms
[270.991s][info][gc,phases,start] GC(414) Phase 4: Move objects
[270.992s][info][gc,phases      ] GC(414) Phase 4: Move objects 0.612ms
[270.997s][info][gc,heap        ] GC(414) ParNew: 3139K->0K(460096K)
[270.997s][info][gc,heap        ] GC(414) CMS: 15717K->15472K(7877440K)
[270.997s][info][gc,metaspace   ] GC(414) Metaspace: 60381K(69572K)->60381K(69572K) NonClass: 52679K(57488K)->52679K(57488K) Class: 7701K(12084K)->7701K(12084K)
[270.998s][info][gc             ] GC(414) Pause Full (System.gc()) 18M->15M(8142M) 49.919ms
[270.998s][info][gc,cpu         ] GC(414) User=0.05s Sys=0.00s Real=0.05s
[271.554s][info][gc,start       ] GC(415) Pause Young (Allocation Failure)
[271.554s][info][gc,task        ] GC(415) Using 6 workers of 6 for evacuation
[271.570s][info][gc,heap        ] GC(415) ParNew: 409024K->552K(460096K)
[271.570s][info][gc,heap        ] GC(415) CMS: 15472K->15472K(7877440K)
[271.570s][info][gc,metaspace   ] GC(415) Metaspace: 60386K(69572K)->60386K(69572K) NonClass: 52684K(57488K)->52684K(57488K) Class: 7701K(12084K)->7701K(12084K)
[271.570s][info][gc             ] GC(415) Pause Young (Allocation Failure) 414M->15M(8142M) 16.303ms
[271.570s][info][gc,cpu         ] GC(415) User=0.02s Sys=0.00s Real=0.01s
[272.101s][info][gc,start       ] GC(416) Pause Young (Allocation Failure)
[272.101s][info][gc,task        ] GC(416) Using 6 workers of 6 for evacuation
[272.117s][info][gc,heap        ] GC(416) ParNew: 409576K->750K(460096K)
[272.117s][info][gc,heap        ] GC(416) CMS: 15472K->15472K(7877440K)
[272.117s][info][gc,metaspace   ] GC(416) Metaspace: 60386K(69572K)->60386K(69572K) NonClass: 52684K(57488K)->52684K(57488K) Class: 7701K(12084K)->7701K(12084K)
[272.117s][info][gc             ] GC(416) Pause Young (Allocation Failure) 415M->15M(8142M) 15.901ms
[272.117s][info][gc,cpu         ] GC(416) User=0.02s Sys=0.00s Real=0.01s
[272.657s][info][gc,start       ] GC(417) Pause Young (Allocation Failure)
[272.657s][info][gc,task        ] GC(417) Using 6 workers of 6 for evacuation
[272.673s][info][gc,heap        ] GC(417) ParNew: 409774K->842K(460096K)
[272.673s][info][gc,heap        ] GC(417) CMS: 15472K->15472K(7877440K)
[272.673s][info][gc,metaspace   ] GC(417) Metaspace: 60386K(69572K)->60386K(69572K) NonClass: 52684K(57488K)->52684K(57488K) Class: 7701K(12084K)->7701K(12084K)
[272.673s][info][gc             ] GC(417) Pause Young (Allocation Failure) 415M->15M(8142M) 15.842ms
[272.673s][info][gc,cpu         ] GC(417) User=0.00s Sys=0.00s Real=0.02s
[273.206s][info][gc,start       ] GC(418) Pause Young (Allocation Failure)
[273.206s][info][gc,task        ] GC(418) Using 6 workers of 6 for evacuation
[273.222s][info][gc,heap        ] GC(418) ParNew: 409866K->871K(460096K)
[273.222s][info][gc,heap        ] GC(418) CMS: 15472K->15472K(7877440K)
[273.222s][info][gc,metaspace   ] GC(418) Metaspace: 60386K(69572K)->60386K(69572K) NonClass: 52684K(57488K)->52684K(57488K) Class: 7701K(12084K)->7701K(12084K)
[273.222s][info][gc             ] GC(418) Pause Young (Allocation Failure) 415M->15M(8142M) 16.437ms
[273.222s][info][gc,cpu         ] GC(418) User=0.00s Sys=0.00s Real=0.02s
[273.764s][info][gc,start       ] GC(419) Pause Young (Allocation Failure)
[273.764s][info][gc,task        ] GC(419) Using 6 workers of 6 for evacuation
[273.779s][info][gc,heap        ] GC(419) ParNew: 409895K->896K(460096K)
[273.779s][info][gc,heap        ] GC(419) CMS: 15472K->15472K(7877440K)
[273.779s][info][gc,metaspace   ] GC(419) Metaspace: 60386K(69572K)->60386K(69572K) NonClass: 52684K(57488K)->52684K(57488K) Class: 7701K(12084K)->7701K(12084K)
[273.779s][info][gc             ] GC(419) Pause Young (Allocation Failure) 415M->15M(8142M) 15.286ms
[273.779s][info][gc,cpu         ] GC(419) User=0.02s Sys=0.00s Real=0.01s
[274.314s][info][gc,start       ] GC(420) Pause Young (Allocation Failure)
[274.314s][info][gc,task        ] GC(420) Using 6 workers of 6 for evacuation
[274.330s][info][gc,heap        ] GC(420) ParNew: 409920K->710K(460096K)
[274.330s][info][gc,heap        ] GC(420) CMS: 15472K->15472K(7877440K)
[274.330s][info][gc,metaspace   ] GC(420) Metaspace: 60386K(69572K)->60386K(69572K) NonClass: 52684K(57488K)->52684K(57488K) Class: 7701K(12084K)->7701K(12084K)
[274.330s][info][gc             ] GC(420) Pause Young (Allocation Failure) 415M->15M(8142M) 15.887ms
[274.330s][info][gc,cpu         ] GC(420) User=0.02s Sys=0.00s Real=0.01s
[274.871s][info][gc,start       ] GC(421) Pause Young (Allocation Failure)
[274.871s][info][gc,task        ] GC(421) Using 6 workers of 6 for evacuation
[274.887s][info][gc,heap        ] GC(421) ParNew: 409734K->480K(460096K)
[274.887s][info][gc,heap        ] GC(421) CMS: 15472K->15826K(7877440K)
[274.887s][info][gc,metaspace   ] GC(421) Metaspace: 60387K(69572K)->60387K(69572K) NonClass: 52686K(57488K)->52686K(57488K) Class: 7701K(12084K)->7701K(12084K)
[274.887s][info][gc             ] GC(421) Pause Young (Allocation Failure) 415M->15M(8142M) 15.720ms
[274.887s][info][gc,cpu         ] GC(421) User=0.02s Sys=0.00s Real=0.02s
[274.900s][info][gc,start       ] GC(422) Pause Full (System.gc())
[274.900s][info][gc,phases,start] GC(422) Phase 1: Mark live objects
[274.923s][info][gc,phases      ] GC(422) Phase 1: Mark live objects 22.424ms
[274.923s][info][gc,phases,start] GC(422) Phase 2: Compute new object addresses
[274.928s][info][gc,phases      ] GC(422) Phase 2: Compute new object addresses 5.519ms
[274.928s][info][gc,phases,start] GC(422) Phase 3: Adjust pointers
[274.945s][info][gc,phases      ] GC(422) Phase 3: Adjust pointers 16.469ms
[274.945s][info][gc,phases,start] GC(422) Phase 4: Move objects
[274.946s][info][gc,phases      ] GC(422) Phase 4: Move objects 0.633ms
[274.950s][info][gc,heap        ] GC(422) ParNew: 11237K->0K(460096K)
[274.950s][info][gc,heap        ] GC(422) CMS: 15826K->15496K(7877440K)
[274.950s][info][gc,metaspace   ] GC(422) Metaspace: 60387K(69572K)->60387K(69572K) NonClass: 52686K(57488K)->52686K(57488K) Class: 7701K(12084K)->7701K(12084K)
[274.951s][info][gc             ] GC(422) Pause Full (System.gc()) 26M->15M(8142M) 51.464ms
[274.951s][info][gc,cpu         ] GC(422) User=0.05s Sys=0.00s Real=0.06s
[275.524s][info][gc,start       ] GC(423) Pause Young (Allocation Failure)
[275.524s][info][gc,task        ] GC(423) Using 6 workers of 6 for evacuation
[275.541s][info][gc,heap        ] GC(423) ParNew: 409024K->595K(460096K)
[275.541s][info][gc,heap        ] GC(423) CMS: 15496K->15496K(7877440K)
[275.541s][info][gc,metaspace   ] GC(423) Metaspace: 60404K(69572K)->60404K(69572K) NonClass: 52702K(57488K)->52702K(57488K) Class: 7701K(12084K)->7701K(12084K)
[275.541s][info][gc             ] GC(423) Pause Young (Allocation Failure) 414M->15M(8142M) 17.325ms
[275.541s][info][gc,cpu         ] GC(423) User=0.02s Sys=0.00s Real=0.01s
[276.080s][info][gc,start       ] GC(424) Pause Young (Allocation Failure)
[276.080s][info][gc,task        ] GC(424) Using 6 workers of 6 for evacuation
[276.096s][info][gc,heap        ] GC(424) ParNew: 409619K->656K(460096K)
[276.096s][info][gc,heap        ] GC(424) CMS: 15496K->15496K(7877440K)
[276.096s][info][gc,metaspace   ] GC(424) Metaspace: 60404K(69572K)->60404K(69572K) NonClass: 52702K(57488K)->52702K(57488K) Class: 7701K(12084K)->7701K(12084K)
[276.096s][info][gc             ] GC(424) Pause Young (Allocation Failure) 415M->15M(8142M) 16.365ms
[276.096s][info][gc,cpu         ] GC(424) User=0.02s Sys=0.00s Real=0.02s
[276.651s][info][gc,start       ] GC(425) Pause Young (Allocation Failure)
[276.651s][info][gc,task        ] GC(425) Using 6 workers of 6 for evacuation
[276.668s][info][gc,heap        ] GC(425) ParNew: 409680K->768K(460096K)
[276.668s][info][gc,heap        ] GC(425) CMS: 15496K->15496K(7877440K)
[276.668s][info][gc,metaspace   ] GC(425) Metaspace: 60404K(69572K)->60404K(69572K) NonClass: 52702K(57488K)->52702K(57488K) Class: 7701K(12084K)->7701K(12084K)
[276.668s][info][gc             ] GC(425) Pause Young (Allocation Failure) 415M->15M(8142M) 16.743ms
[276.668s][info][gc,cpu         ] GC(425) User=0.02s Sys=0.00s Real=0.01s
[277.228s][info][gc,start       ] GC(426) Pause Young (Allocation Failure)
[277.228s][info][gc,task        ] GC(426) Using 6 workers of 6 for evacuation
[277.244s][info][gc,heap        ] GC(426) ParNew: 409792K->765K(460096K)
[277.244s][info][gc,heap        ] GC(426) CMS: 15496K->15496K(7877440K)
[277.244s][info][gc,metaspace   ] GC(426) Metaspace: 60404K(69572K)->60404K(69572K) NonClass: 52702K(57488K)->52702K(57488K) Class: 7701K(12084K)->7701K(12084K)
[277.244s][info][gc             ] GC(426) Pause Young (Allocation Failure) 415M->15M(8142M) 16.362ms
[277.244s][info][gc,cpu         ] GC(426) User=0.00s Sys=0.00s Real=0.02s
[277.801s][info][gc,start       ] GC(427) Pause Young (Allocation Failure)
[277.801s][info][gc,task        ] GC(427) Using 6 workers of 6 for evacuation
[277.818s][info][gc,heap        ] GC(427) ParNew: 409789K->732K(460096K)
[277.818s][info][gc,heap        ] GC(427) CMS: 15496K->15496K(7877440K)
[277.818s][info][gc,metaspace   ] GC(427) Metaspace: 60404K(69572K)->60404K(69572K) NonClass: 52702K(57488K)->52702K(57488K) Class: 7701K(12084K)->7701K(12084K)
[277.818s][info][gc             ] GC(427) Pause Young (Allocation Failure) 415M->15M(8142M) 16.538ms
[277.818s][info][gc,cpu         ] GC(427) User=0.02s Sys=0.00s Real=0.01s
[278.367s][info][gc,start       ] GC(428) Pause Young (Allocation Failure)
[278.367s][info][gc,task        ] GC(428) Using 6 workers of 6 for evacuation
[278.383s][info][gc,heap        ] GC(428) ParNew: 409756K->828K(460096K)
[278.383s][info][gc,heap        ] GC(428) CMS: 15496K->15496K(7877440K)
[278.383s][info][gc,metaspace   ] GC(428) Metaspace: 60404K(69572K)->60404K(69572K) NonClass: 52702K(57488K)->52702K(57488K) Class: 7701K(12084K)->7701K(12084K)
[278.383s][info][gc             ] GC(428) Pause Young (Allocation Failure) 415M->15M(8142M) 16.292ms
[278.383s][info][gc,cpu         ] GC(428) User=0.00s Sys=0.00s Real=0.02s
[278.953s][info][gc,start       ] GC(429) Pause Young (Allocation Failure)
[278.953s][info][gc,task        ] GC(429) Using 6 workers of 6 for evacuation
[278.968s][info][gc,heap        ] GC(429) ParNew: 409852K->517K(460096K)
[278.968s][info][gc,heap        ] GC(429) CMS: 15496K->15754K(7877440K)
[278.968s][info][gc,metaspace   ] GC(429) Metaspace: 60404K(69572K)->60404K(69572K) NonClass: 52702K(57488K)->52702K(57488K) Class: 7701K(12084K)->7701K(12084K)
[278.968s][info][gc             ] GC(429) Pause Young (Allocation Failure) 415M->15M(8142M) 15.120ms
[278.968s][info][gc,cpu         ] GC(429) User=0.02s Sys=0.00s Real=0.02s
[278.975s][info][gc,start       ] GC(430) Pause Full (System.gc())
[278.976s][info][gc,phases,start] GC(430) Phase 1: Mark live objects
[278.998s][info][gc,phases      ] GC(430) Phase 1: Mark live objects 22.262ms
[278.998s][info][gc,phases,start] GC(430) Phase 2: Compute new object addresses
[279.003s][info][gc,phases      ] GC(430) Phase 2: Compute new object addresses 4.972ms
[279.003s][info][gc,phases,start] GC(430) Phase 3: Adjust pointers
[279.020s][info][gc,phases      ] GC(430) Phase 3: Adjust pointers 16.494ms
[279.020s][info][gc,phases,start] GC(430) Phase 4: Move objects
[279.020s][info][gc,phases      ] GC(430) Phase 4: Move objects 0.661ms
[279.025s][info][gc,heap        ] GC(430) ParNew: 4194K->0K(460096K)
[279.025s][info][gc,heap        ] GC(430) CMS: 15754K->15571K(7877440K)
[279.025s][info][gc,metaspace   ] GC(430) Metaspace: 60405K(69572K)->60405K(69572K) NonClass: 52704K(57488K)->52704K(57488K) Class: 7701K(12084K)->7701K(12084K)
[279.026s][info][gc             ] GC(430) Pause Full (System.gc()) 19M->15M(8142M) 51.040ms
[279.026s][info][gc,cpu         ] GC(430) User=0.05s Sys=0.00s Real=0.05s
[279.592s][info][gc,start       ] GC(431) Pause Young (Allocation Failure)
[279.593s][info][gc,task        ] GC(431) Using 6 workers of 6 for evacuation
[279.608s][info][gc,heap        ] GC(431) ParNew: 409024K->510K(460096K)
[279.608s][info][gc,heap        ] GC(431) CMS: 15571K->15571K(7877440K)
[279.608s][info][gc,metaspace   ] GC(431) Metaspace: 60407K(69572K)->60407K(69572K) NonClass: 52705K(57488K)->52705K(57488K) Class: 7701K(12084K)->7701K(12084K)
[279.608s][info][gc             ] GC(431) Pause Young (Allocation Failure) 414M->15M(8142M) 15.703ms
[279.608s][info][gc,cpu         ] GC(431) User=0.00s Sys=0.00s Real=0.00s
[280.150s][info][gc,start       ] GC(432) Pause Young (Allocation Failure)
[280.150s][info][gc,task        ] GC(432) Using 6 workers of 6 for evacuation
[280.166s][info][gc,heap        ] GC(432) ParNew: 409534K->672K(460096K)
[280.166s][info][gc,heap        ] GC(432) CMS: 15571K->15571K(7877440K)
[280.166s][info][gc,metaspace   ] GC(432) Metaspace: 60407K(69572K)->60407K(69572K) NonClass: 52705K(57488K)->52705K(57488K) Class: 7701K(12084K)->7701K(12084K)
[280.166s][info][gc             ] GC(432) Pause Young (Allocation Failure) 415M->15M(8142M) 15.555ms
[280.166s][info][gc,cpu         ] GC(432) User=0.02s Sys=0.00s Real=0.02s
[280.718s][info][gc,start       ] GC(433) Pause Young (Allocation Failure)
[280.718s][info][gc,task        ] GC(433) Using 6 workers of 6 for evacuation
[280.734s][info][gc,heap        ] GC(433) ParNew: 409696K->734K(460096K)
[280.734s][info][gc,heap        ] GC(433) CMS: 15571K->15571K(7877440K)
[280.734s][info][gc,metaspace   ] GC(433) Metaspace: 60407K(69572K)->60407K(69572K) NonClass: 52705K(57488K)->52705K(57488K) Class: 7701K(12084K)->7701K(12084K)
[280.734s][info][gc             ] GC(433) Pause Young (Allocation Failure) 415M->15M(8142M) 15.837ms
[280.734s][info][gc,cpu         ] GC(433) User=0.02s Sys=0.00s Real=0.02s
[281.275s][info][gc,start       ] GC(434) Pause Young (Allocation Failure)
[281.275s][info][gc,task        ] GC(434) Using 6 workers of 6 for evacuation
[281.291s][info][gc,heap        ] GC(434) ParNew: 409758K->780K(460096K)
[281.291s][info][gc,heap        ] GC(434) CMS: 15571K->15571K(7877440K)
[281.291s][info][gc,metaspace   ] GC(434) Metaspace: 60407K(69572K)->60407K(69572K) NonClass: 52705K(57488K)->52705K(57488K) Class: 7701K(12084K)->7701K(12084K)
[281.291s][info][gc             ] GC(434) Pause Young (Allocation Failure) 415M->15M(8142M) 16.044ms
[281.291s][info][gc,cpu         ] GC(434) User=0.00s Sys=0.00s Real=0.02s
[281.843s][info][gc,start       ] GC(435) Pause Young (Allocation Failure)
[281.843s][info][gc,task        ] GC(435) Using 6 workers of 6 for evacuation
[281.859s][info][gc,heap        ] GC(435) ParNew: 409804K->727K(460096K)
[281.859s][info][gc,heap        ] GC(435) CMS: 15571K->15571K(7877440K)
[281.859s][info][gc,metaspace   ] GC(435) Metaspace: 60407K(69572K)->60407K(69572K) NonClass: 52705K(57488K)->52705K(57488K) Class: 7701K(12084K)->7701K(12084K)
[281.859s][info][gc             ] GC(435) Pause Young (Allocation Failure) 415M->15M(8142M) 16.133ms
[281.859s][info][gc,cpu         ] GC(435) User=0.02s Sys=0.00s Real=0.02s
[282.403s][info][gc,start       ] GC(436) Pause Young (Allocation Failure)
[282.403s][info][gc,task        ] GC(436) Using 6 workers of 6 for evacuation
[282.418s][info][gc,heap        ] GC(436) ParNew: 409751K->746K(460096K)
[282.418s][info][gc,heap        ] GC(436) CMS: 15571K->15571K(7877440K)
[282.418s][info][gc,metaspace   ] GC(436) Metaspace: 60407K(69572K)->60407K(69572K) NonClass: 52705K(57488K)->52705K(57488K) Class: 7701K(12084K)->7701K(12084K)
[282.418s][info][gc             ] GC(436) Pause Young (Allocation Failure) 415M->15M(8142M) 15.838ms
[282.418s][info][gc,cpu         ] GC(436) User=0.02s Sys=0.00s Real=0.02s
[282.982s][info][gc,start       ] GC(437) Pause Young (Allocation Failure)
[282.982s][info][gc,task        ] GC(437) Using 6 workers of 6 for evacuation
[282.998s][info][gc,heap        ] GC(437) ParNew: 409770K->476K(460096K)
[282.998s][info][gc,heap        ] GC(437) CMS: 15571K->15859K(7877440K)
[282.998s][info][gc,metaspace   ] GC(437) Metaspace: 60407K(69572K)->60407K(69572K) NonClass: 52705K(57488K)->52705K(57488K) Class: 7701K(12084K)->7701K(12084K)
[282.998s][info][gc             ] GC(437) Pause Young (Allocation Failure) 415M->15M(8142M) 15.991ms
[282.998s][info][gc,cpu         ] GC(437) User=0.02s Sys=0.00s Real=0.02s
[283.004s][info][gc,start       ] GC(438) Pause Full (System.gc())
[283.005s][info][gc,phases,start] GC(438) Phase 1: Mark live objects
[283.027s][info][gc,phases      ] GC(438) Phase 1: Mark live objects 22.085ms
[283.027s][info][gc,phases,start] GC(438) Phase 2: Compute new object addresses
[283.032s][info][gc,phases      ] GC(438) Phase 2: Compute new object addresses 4.952ms
[283.032s][info][gc,phases,start] GC(438) Phase 3: Adjust pointers
[283.049s][info][gc,phases      ] GC(438) Phase 3: Adjust pointers 16.838ms
[283.049s][info][gc,phases,start] GC(438) Phase 4: Move objects
[283.050s][info][gc,phases      ] GC(438) Phase 4: Move objects 0.620ms
[283.055s][info][gc,heap        ] GC(438) ParNew: 4061K->0K(460096K)
[283.055s][info][gc,heap        ] GC(438) CMS: 15859K->15478K(7877440K)
[283.055s][info][gc,metaspace   ] GC(438) Metaspace: 60407K(69572K)->60407K(69572K) NonClass: 52705K(57488K)->52705K(57488K) Class: 7701K(12084K)->7701K(12084K)
[283.055s][info][gc             ] GC(438) Pause Full (System.gc()) 19M->15M(8142M) 50.746ms
[283.055s][info][gc,cpu         ] GC(438) User=0.05s Sys=0.00s Real=0.05s
[283.633s][info][gc,start       ] GC(439) Pause Young (Allocation Failure)
[283.633s][info][gc,task        ] GC(439) Using 6 workers of 6 for evacuation
[283.649s][info][gc,heap        ] GC(439) ParNew: 409024K->604K(460096K)
[283.649s][info][gc,heap        ] GC(439) CMS: 15478K->15478K(7877440K)
[283.649s][info][gc,metaspace   ] GC(439) Metaspace: 60408K(69572K)->60408K(69572K) NonClass: 52707K(57488K)->52707K(57488K) Class: 7701K(12084K)->7701K(12084K)
[283.649s][info][gc             ] GC(439) Pause Young (Allocation Failure) 414M->15M(8142M) 15.293ms
[283.649s][info][gc,cpu         ] GC(439) User=0.02s Sys=0.00s Real=0.02s
[284.187s][info][gc,start       ] GC(440) Pause Young (Allocation Failure)
[284.187s][info][gc,task        ] GC(440) Using 6 workers of 6 for evacuation
[284.202s][info][gc,heap        ] GC(440) ParNew: 409628K->792K(460096K)
[284.202s][info][gc,heap        ] GC(440) CMS: 15478K->15478K(7877440K)
[284.202s][info][gc,metaspace   ] GC(440) Metaspace: 60411K(69572K)->60411K(69572K) NonClass: 52710K(57488K)->52710K(57488K) Class: 7701K(12084K)->7701K(12084K)
[284.202s][info][gc             ] GC(440) Pause Young (Allocation Failure) 415M->15M(8142M) 15.374ms
[284.202s][info][gc,cpu         ] GC(440) User=0.02s Sys=0.00s Real=0.02s
[284.756s][info][gc,start       ] GC(441) Pause Young (Allocation Failure)
[284.756s][info][gc,task        ] GC(441) Using 6 workers of 6 for evacuation
[284.771s][info][gc,heap        ] GC(441) ParNew: 409816K->908K(460096K)
[284.771s][info][gc,heap        ] GC(441) CMS: 15478K->15478K(7877440K)
[284.771s][info][gc,metaspace   ] GC(441) Metaspace: 60418K(69572K)->60418K(69572K) NonClass: 52716K(57488K)->52716K(57488K) Class: 7701K(12084K)->7701K(12084K)
[284.771s][info][gc             ] GC(441) Pause Young (Allocation Failure) 415M->16M(8142M) 15.190ms
[284.771s][info][gc,cpu         ] GC(441) User=0.00s Sys=0.00s Real=0.00s
[285.316s][info][gc,start       ] GC(442) Pause Young (Allocation Failure)
[285.316s][info][gc,task        ] GC(442) Using 6 workers of 6 for evacuation
[285.332s][info][gc,heap        ] GC(442) ParNew: 409932K->680K(460096K)
[285.332s][info][gc,heap        ] GC(442) CMS: 15478K->15478K(7877440K)
[285.332s][info][gc,metaspace   ] GC(442) Metaspace: 60418K(69572K)->60418K(69572K) NonClass: 52716K(57488K)->52716K(57488K) Class: 7701K(12084K)->7701K(12084K)
[285.332s][info][gc             ] GC(442) Pause Young (Allocation Failure) 415M->15M(8142M) 15.658ms
[285.332s][info][gc,cpu         ] GC(442) User=0.02s Sys=0.00s Real=0.02s
[285.886s][info][gc,start       ] GC(443) Pause Young (Allocation Failure)
[285.887s][info][gc,task        ] GC(443) Using 6 workers of 6 for evacuation
[285.902s][info][gc,heap        ] GC(443) ParNew: 409704K->869K(460096K)
[285.902s][info][gc,heap        ] GC(443) CMS: 15478K->15478K(7877440K)
[285.902s][info][gc,metaspace   ] GC(443) Metaspace: 60418K(69572K)->60418K(69572K) NonClass: 52716K(57488K)->52716K(57488K) Class: 7701K(12084K)->7701K(12084K)
[285.902s][info][gc             ] GC(443) Pause Young (Allocation Failure) 415M->15M(8142M) 15.286ms
[285.902s][info][gc,cpu         ] GC(443) User=0.02s Sys=0.00s Real=0.02s
[286.442s][info][gc,start       ] GC(444) Pause Young (Allocation Failure)
[286.443s][info][gc,task        ] GC(444) Using 6 workers of 6 for evacuation
[286.458s][info][gc,heap        ] GC(444) ParNew: 409893K->788K(460096K)
[286.458s][info][gc,heap        ] GC(444) CMS: 15478K->15478K(7877440K)
[286.458s][info][gc,metaspace   ] GC(444) Metaspace: 60418K(69572K)->60418K(69572K) NonClass: 52716K(57488K)->52716K(57488K) Class: 7701K(12084K)->7701K(12084K)
[286.458s][info][gc             ] GC(444) Pause Young (Allocation Failure) 415M->15M(8142M) 15.801ms
[286.458s][info][gc,cpu         ] GC(444) User=0.02s Sys=0.00s Real=0.02s
[287.121s][info][gc,start       ] GC(445) Pause Young (Allocation Failure)
[287.121s][info][gc,task        ] GC(445) Using 6 workers of 6 for evacuation
[287.137s][info][gc,heap        ] GC(445) ParNew: 409812K->510K(460096K)
[287.137s][info][gc,heap        ] GC(445) CMS: 15478K->15664K(7877440K)
[287.137s][info][gc,metaspace   ] GC(445) Metaspace: 60418K(69572K)->60418K(69572K) NonClass: 52716K(57488K)->52716K(57488K) Class: 7701K(12084K)->7701K(12084K)
[287.137s][info][gc             ] GC(445) Pause Young (Allocation Failure) 415M->15M(8142M) 16.494ms
[287.137s][info][gc,cpu         ] GC(445) User=0.02s Sys=0.00s Real=0.02s
[287.138s][info][gc,start       ] GC(446) Pause Full (System.gc())
[287.139s][info][gc,phases,start] GC(446) Phase 1: Mark live objects
[287.162s][info][gc,phases      ] GC(446) Phase 1: Mark live objects 22.792ms
[287.162s][info][gc,phases,start] GC(446) Phase 2: Compute new object addresses
[287.167s][info][gc,phases      ] GC(446) Phase 2: Compute new object addresses 4.505ms
[287.167s][info][gc,phases,start] GC(446) Phase 3: Adjust pointers
[287.183s][info][gc,phases      ] GC(446) Phase 3: Adjust pointers 16.733ms
[287.184s][info][gc,phases,start] GC(446) Phase 4: Move objects
[287.184s][info][gc,phases      ] GC(446) Phase 4: Move objects 0.657ms
[287.190s][info][gc,heap        ] GC(446) ParNew: 2102K->0K(460096K)
[287.190s][info][gc,heap        ] GC(446) CMS: 15664K->15504K(7877440K)
[287.190s][info][gc,metaspace   ] GC(446) Metaspace: 60418K(69572K)->60418K(69572K) NonClass: 52716K(57488K)->52716K(57488K) Class: 7701K(12084K)->7701K(12084K)
[287.191s][info][gc             ] GC(446) Pause Full (System.gc()) 17M->15M(8142M) 52.468ms
[287.191s][info][gc,cpu         ] GC(446) User=0.06s Sys=0.00s Real=0.06s
[287.828s][info][gc,start       ] GC(447) Pause Young (Allocation Failure)
[287.828s][info][gc,task        ] GC(447) Using 6 workers of 6 for evacuation
[287.844s][info][gc,heap        ] GC(447) ParNew: 409024K->599K(460096K)
[287.844s][info][gc,heap        ] GC(447) CMS: 15504K->15504K(7877440K)
[287.844s][info][gc,metaspace   ] GC(447) Metaspace: 60418K(69572K)->60418K(69572K) NonClass: 52716K(57488K)->52716K(57488K) Class: 7701K(12084K)->7701K(12084K)
[287.844s][info][gc             ] GC(447) Pause Young (Allocation Failure) 414M->15M(8142M) 16.901ms
[287.844s][info][gc,cpu         ] GC(447) User=0.02s Sys=0.00s Real=0.01s
[288.410s][info][gc,start       ] GC(448) Pause Young (Allocation Failure)
[288.410s][info][gc,task        ] GC(448) Using 6 workers of 6 for evacuation
[288.426s][info][gc,heap        ] GC(448) ParNew: 409623K->686K(460096K)
[288.426s][info][gc,heap        ] GC(448) CMS: 15504K->15504K(7877440K)
[288.426s][info][gc,metaspace   ] GC(448) Metaspace: 60418K(69572K)->60418K(69572K) NonClass: 52716K(57488K)->52716K(57488K) Class: 7701K(12084K)->7701K(12084K)
[288.426s][info][gc             ] GC(448) Pause Young (Allocation Failure) 415M->15M(8142M) 16.588ms
[288.426s][info][gc,cpu         ] GC(448) User=0.02s Sys=0.00s Real=0.01s
[288.985s][info][gc,start       ] GC(449) Pause Young (Allocation Failure)
[288.985s][info][gc,task        ] GC(449) Using 6 workers of 6 for evacuation
[289.001s][info][gc,heap        ] GC(449) ParNew: 409710K->762K(460096K)
[289.001s][info][gc,heap        ] GC(449) CMS: 15504K->15504K(7877440K)
[289.001s][info][gc,metaspace   ] GC(449) Metaspace: 60418K(69572K)->60418K(69572K) NonClass: 52716K(57488K)->52716K(57488K) Class: 7701K(12084K)->7701K(12084K)
[289.001s][info][gc             ] GC(449) Pause Young (Allocation Failure) 415M->15M(8142M) 16.377ms
[289.001s][info][gc,cpu         ] GC(449) User=0.00s Sys=0.02s Real=0.01s
[289.553s][info][gc,start       ] GC(450) Pause Young (Allocation Failure)
[289.553s][info][gc,task        ] GC(450) Using 6 workers of 6 for evacuation
[289.570s][info][gc,heap        ] GC(450) ParNew: 409786K->811K(460096K)
[289.570s][info][gc,heap        ] GC(450) CMS: 15504K->15504K(7877440K)
[289.570s][info][gc,metaspace   ] GC(450) Metaspace: 60418K(69572K)->60418K(69572K) NonClass: 52716K(57488K)->52716K(57488K) Class: 7701K(12084K)->7701K(12084K)
[289.570s][info][gc             ] GC(450) Pause Young (Allocation Failure) 415M->15M(8142M) 17.315ms
[289.571s][info][gc,cpu         ] GC(450) User=0.02s Sys=0.00s Real=0.02s
[290.114s][info][gc,start       ] GC(451) Pause Young (Allocation Failure)
[290.114s][info][gc,task        ] GC(451) Using 6 workers of 6 for evacuation
[290.130s][info][gc,heap        ] GC(451) ParNew: 409835K->900K(460096K)
[290.130s][info][gc,heap        ] GC(451) CMS: 15504K->15504K(7877440K)
[290.130s][info][gc,metaspace   ] GC(451) Metaspace: 60418K(69572K)->60418K(69572K) NonClass: 52716K(57488K)->52716K(57488K) Class: 7701K(12084K)->7701K(12084K)
[290.130s][info][gc             ] GC(451) Pause Young (Allocation Failure) 415M->16M(8142M) 16.534ms
[290.130s][info][gc,cpu         ] GC(451) User=0.00s Sys=0.00s Real=0.02s
[290.679s][info][gc,start       ] GC(452) Pause Young (Allocation Failure)
[290.680s][info][gc,task        ] GC(452) Using 6 workers of 6 for evacuation
[290.696s][info][gc,heap        ] GC(452) ParNew: 409924K->880K(460096K)
[290.696s][info][gc,heap        ] GC(452) CMS: 15504K->15504K(7877440K)
[290.696s][info][gc,metaspace   ] GC(452) Metaspace: 60418K(69572K)->60418K(69572K) NonClass: 52716K(57488K)->52716K(57488K) Class: 7701K(12084K)->7701K(12084K)
[290.696s][info][gc             ] GC(452) Pause Young (Allocation Failure) 415M->16M(8142M) 16.142ms
[290.696s][info][gc,cpu         ] GC(452) User=0.02s Sys=0.00s Real=0.02s
[291.263s][info][gc,start       ] GC(453) Pause Young (Allocation Failure)
[291.263s][info][gc,task        ] GC(453) Using 6 workers of 6 for evacuation
[291.279s][info][gc,heap        ] GC(453) ParNew: 409904K->531K(460096K)
[291.279s][info][gc,heap        ] GC(453) CMS: 15504K->15801K(7877440K)
[291.279s][info][gc,metaspace   ] GC(453) Metaspace: 60418K(69572K)->60418K(69572K) NonClass: 52716K(57488K)->52716K(57488K) Class: 7701K(12084K)->7701K(12084K)
[291.279s][info][gc             ] GC(453) Pause Young (Allocation Failure) 415M->15M(8142M) 15.901ms
[291.279s][info][gc,cpu         ] GC(453) User=0.02s Sys=0.00s Real=0.02s
[291.289s][info][gc,start       ] GC(454) Pause Full (System.gc())
[291.290s][info][gc,phases,start] GC(454) Phase 1: Mark live objects
[291.312s][info][gc,phases      ] GC(454) Phase 1: Mark live objects 22.613ms
[291.312s][info][gc,phases,start] GC(454) Phase 2: Compute new object addresses
[291.317s][info][gc,phases      ] GC(454) Phase 2: Compute new object addresses 5.030ms
[291.317s][info][gc,phases,start] GC(454) Phase 3: Adjust pointers
[291.334s][info][gc,phases      ] GC(454) Phase 3: Adjust pointers 16.739ms
[291.334s][info][gc,phases,start] GC(454) Phase 4: Move objects
[291.335s][info][gc,phases      ] GC(454) Phase 4: Move objects 0.620ms
[291.340s][info][gc,heap        ] GC(454) ParNew: 4724K->0K(460096K)
[291.340s][info][gc,heap        ] GC(454) CMS: 15801K->15480K(7877440K)
[291.340s][info][gc,metaspace   ] GC(454) Metaspace: 60418K(69572K)->60418K(69572K) NonClass: 52716K(57488K)->52716K(57488K) Class: 7701K(12084K)->7701K(12084K)
[291.340s][info][gc             ] GC(454) Pause Full (System.gc()) 20M->15M(8142M) 51.395ms
[291.340s][info][gc,cpu         ] GC(454) User=0.02s Sys=0.00s Real=0.05s
[291.906s][info][gc,start       ] GC(455) Pause Young (Allocation Failure)
[291.906s][info][gc,task        ] GC(455) Using 6 workers of 6 for evacuation
[291.922s][info][gc,heap        ] GC(455) ParNew: 409024K->557K(460096K)
[291.922s][info][gc,heap        ] GC(455) CMS: 15480K->15480K(7877440K)
[291.922s][info][gc,metaspace   ] GC(455) Metaspace: 60423K(69572K)->60423K(69572K) NonClass: 52722K(57488K)->52722K(57488K) Class: 7701K(12084K)->7701K(12084K)
[291.922s][info][gc             ] GC(455) Pause Young (Allocation Failure) 414M->15M(8142M) 16.004ms
[291.922s][info][gc,cpu         ] GC(455) User=0.02s Sys=0.00s Real=0.01s
[292.463s][info][gc,start       ] GC(456) Pause Young (Allocation Failure)
[292.463s][info][gc,task        ] GC(456) Using 6 workers of 6 for evacuation
[292.479s][info][gc,heap        ] GC(456) ParNew: 409581K->818K(460096K)
[292.479s][info][gc,heap        ] GC(456) CMS: 15480K->15480K(7877440K)
[292.479s][info][gc,metaspace   ] GC(456) Metaspace: 60423K(69572K)->60423K(69572K) NonClass: 52722K(57488K)->52722K(57488K) Class: 7701K(12084K)->7701K(12084K)
[292.479s][info][gc             ] GC(456) Pause Young (Allocation Failure) 415M->15M(8142M) 15.966ms
[292.479s][info][gc,cpu         ] GC(456) User=0.02s Sys=0.00s Real=0.01s
[293.042s][info][gc,start       ] GC(457) Pause Young (Allocation Failure)
[293.042s][info][gc,task        ] GC(457) Using 6 workers of 6 for evacuation
[293.058s][info][gc,heap        ] GC(457) ParNew: 409842K->830K(460096K)
[293.058s][info][gc,heap        ] GC(457) CMS: 15480K->15480K(7877440K)
[293.058s][info][gc,metaspace   ] GC(457) Metaspace: 60423K(69572K)->60423K(69572K) NonClass: 52722K(57488K)->52722K(57488K) Class: 7701K(12084K)->7701K(12084K)
[293.058s][info][gc             ] GC(457) Pause Young (Allocation Failure) 415M->15M(8142M) 16.057ms
[293.058s][info][gc,cpu         ] GC(457) User=0.02s Sys=0.00s Real=0.02s
[293.615s][info][gc,start       ] GC(458) Pause Young (Allocation Failure)
[293.615s][info][gc,task        ] GC(458) Using 6 workers of 6 for evacuation
[293.631s][info][gc,heap        ] GC(458) ParNew: 409854K->765K(460096K)
[293.631s][info][gc,heap        ] GC(458) CMS: 15480K->15480K(7877440K)
[293.631s][info][gc,metaspace   ] GC(458) Metaspace: 60423K(69572K)->60423K(69572K) NonClass: 52722K(57488K)->52722K(57488K) Class: 7701K(12084K)->7701K(12084K)
[293.631s][info][gc             ] GC(458) Pause Young (Allocation Failure) 415M->15M(8142M) 16.172ms
[293.631s][info][gc,cpu         ] GC(458) User=0.02s Sys=0.00s Real=0.02s
[294.180s][info][gc,start       ] GC(459) Pause Young (Allocation Failure)
[294.180s][info][gc,task        ] GC(459) Using 6 workers of 6 for evacuation
[294.196s][info][gc,heap        ] GC(459) ParNew: 409789K->895K(460096K)
[294.196s][info][gc,heap        ] GC(459) CMS: 15480K->15480K(7877440K)
[294.196s][info][gc,metaspace   ] GC(459) Metaspace: 60423K(69572K)->60423K(69572K) NonClass: 52722K(57488K)->52722K(57488K) Class: 7701K(12084K)->7701K(12084K)
[294.196s][info][gc             ] GC(459) Pause Young (Allocation Failure) 415M->15M(8142M) 15.870ms
[294.196s][info][gc,cpu         ] GC(459) User=0.02s Sys=0.00s Real=0.02s
[294.751s][info][gc,start       ] GC(460) Pause Young (Allocation Failure)
[294.752s][info][gc,task        ] GC(460) Using 6 workers of 6 for evacuation
[294.768s][info][gc,heap        ] GC(460) ParNew: 409919K->718K(460096K)
[294.768s][info][gc,heap        ] GC(460) CMS: 15480K->15480K(7877440K)
[294.768s][info][gc,metaspace   ] GC(460) Metaspace: 60423K(69572K)->60423K(69572K) NonClass: 52722K(57488K)->52722K(57488K) Class: 7701K(12084K)->7701K(12084K)
[294.768s][info][gc             ] GC(460) Pause Young (Allocation Failure) 415M->15M(8142M) 16.207ms
[294.768s][info][gc,cpu         ] GC(460) User=0.02s Sys=0.00s Real=0.02s
[295.325s][info][gc,start       ] GC(461) Pause Young (Allocation Failure)
[295.325s][info][gc,task        ] GC(461) Using 6 workers of 6 for evacuation
[295.343s][info][gc,heap        ] GC(461) ParNew: 409742K->468K(460096K)
[295.343s][info][gc,heap        ] GC(461) CMS: 15480K->15718K(7877440K)
[295.343s][info][gc,metaspace   ] GC(461) Metaspace: 60423K(69572K)->60423K(69572K) NonClass: 52722K(57488K)->52722K(57488K) Class: 7701K(12084K)->7701K(12084K)
[295.343s][info][gc             ] GC(461) Pause Young (Allocation Failure) 415M->15M(8142M) 17.668ms
[295.343s][info][gc,cpu         ] GC(461) User=0.02s Sys=0.00s Real=0.01s
[295.350s][info][gc,start       ] GC(462) Pause Full (System.gc())
[295.350s][info][gc,phases,start] GC(462) Phase 1: Mark live objects
[295.372s][info][gc,phases      ] GC(462) Phase 1: Mark live objects 22.141ms
[295.372s][info][gc,phases,start] GC(462) Phase 2: Compute new object addresses
[295.377s][info][gc,phases      ] GC(462) Phase 2: Compute new object addresses 4.802ms
[295.377s][info][gc,phases,start] GC(462) Phase 3: Adjust pointers
[295.394s][info][gc,phases      ] GC(462) Phase 3: Adjust pointers 16.583ms
[295.394s][info][gc,phases,start] GC(462) Phase 4: Move objects
[295.395s][info][gc,phases      ] GC(462) Phase 4: Move objects 0.803ms
[295.400s][info][gc,heap        ] GC(462) ParNew: 4243K->0K(460096K)
[295.400s][info][gc,heap        ] GC(462) CMS: 15718K->15483K(7877440K)
[295.400s][info][gc,metaspace   ] GC(462) Metaspace: 60424K(69572K)->60424K(69572K) NonClass: 52723K(57488K)->52723K(57488K) Class: 7701K(12084K)->7701K(12084K)
[295.401s][info][gc             ] GC(462) Pause Full (System.gc()) 19M->15M(8142M) 51.388ms
[295.401s][info][gc,cpu         ] GC(462) User=0.05s Sys=0.00s Real=0.05s
[295.963s][info][gc,start       ] GC(463) Pause Young (Allocation Failure)
[295.963s][info][gc,task        ] GC(463) Using 6 workers of 6 for evacuation
[295.978s][info][gc,heap        ] GC(463) ParNew: 409024K->562K(460096K)
[295.978s][info][gc,heap        ] GC(463) CMS: 15483K->15483K(7877440K)
[295.978s][info][gc,metaspace   ] GC(463) Metaspace: 60427K(69572K)->60427K(69572K) NonClass: 52725K(57488K)->52725K(57488K) Class: 7701K(12084K)->7701K(12084K)
[295.979s][info][gc             ] GC(463) Pause Young (Allocation Failure) 414M->15M(8142M) 15.905ms
[295.979s][info][gc,cpu         ] GC(463) User=0.02s Sys=0.00s Real=0.02s
[296.529s][info][gc,start       ] GC(464) Pause Young (Allocation Failure)
[296.529s][info][gc,task        ] GC(464) Using 6 workers of 6 for evacuation
[296.545s][info][gc,heap        ] GC(464) ParNew: 409586K->768K(460096K)
[296.545s][info][gc,heap        ] GC(464) CMS: 15483K->15483K(7877440K)
[296.545s][info][gc,metaspace   ] GC(464) Metaspace: 60427K(69572K)->60427K(69572K) NonClass: 52725K(57488K)->52725K(57488K) Class: 7701K(12084K)->7701K(12084K)
[296.545s][info][gc             ] GC(464) Pause Young (Allocation Failure) 415M->15M(8142M) 15.684ms
[296.545s][info][gc,cpu         ] GC(464) User=0.02s Sys=0.00s Real=0.02s
[297.096s][info][gc,start       ] GC(465) Pause Young (Allocation Failure)
[297.096s][info][gc,task        ] GC(465) Using 6 workers of 6 for evacuation
[297.112s][info][gc,heap        ] GC(465) ParNew: 409792K->814K(460096K)
[297.112s][info][gc,heap        ] GC(465) CMS: 15483K->15483K(7877440K)
[297.112s][info][gc,metaspace   ] GC(465) Metaspace: 60427K(69572K)->60427K(69572K) NonClass: 52725K(57488K)->52725K(57488K) Class: 7701K(12084K)->7701K(12084K)
[297.112s][info][gc             ] GC(465) Pause Young (Allocation Failure) 415M->15M(8142M) 15.856ms
[297.112s][info][gc,cpu         ] GC(465) User=0.00s Sys=0.00s Real=0.01s
[297.667s][info][gc,start       ] GC(466) Pause Young (Allocation Failure)
[297.667s][info][gc,task        ] GC(466) Using 6 workers of 6 for evacuation
[297.682s][info][gc,heap        ] GC(466) ParNew: 409838K->860K(460096K)
[297.682s][info][gc,heap        ] GC(466) CMS: 15483K->15483K(7877440K)
[297.682s][info][gc,metaspace   ] GC(466) Metaspace: 60427K(69572K)->60427K(69572K) NonClass: 52725K(57488K)->52725K(57488K) Class: 7701K(12084K)->7701K(12084K)
[297.682s][info][gc             ] GC(466) Pause Young (Allocation Failure) 415M->15M(8142M) 15.559ms
[297.682s][info][gc,cpu         ] GC(466) User=0.00s Sys=0.02s Real=0.02s
[298.231s][info][gc,start       ] GC(467) Pause Young (Allocation Failure)
[298.231s][info][gc,task        ] GC(467) Using 6 workers of 6 for evacuation
[298.246s][info][gc,heap        ] GC(467) ParNew: 409884K->622K(460096K)
[298.246s][info][gc,heap        ] GC(467) CMS: 15483K->15483K(7877440K)
[298.246s][info][gc,metaspace   ] GC(467) Metaspace: 60427K(69572K)->60427K(69572K) NonClass: 52725K(57488K)->52725K(57488K) Class: 7701K(12084K)->7701K(12084K)
[298.246s][info][gc             ] GC(467) Pause Young (Allocation Failure) 415M->15M(8142M) 15.393ms
[298.246s][info][gc,cpu         ] GC(467) User=0.02s Sys=0.00s Real=0.01s
[298.805s][info][gc,start       ] GC(468) Pause Young (Allocation Failure)
[298.806s][info][gc,task        ] GC(468) Using 6 workers of 6 for evacuation
[298.821s][info][gc,heap        ] GC(468) ParNew: 409646K->767K(460096K)
[298.821s][info][gc,heap        ] GC(468) CMS: 15483K->15483K(7877440K)
[298.821s][info][gc,metaspace   ] GC(468) Metaspace: 60427K(69572K)->60427K(69572K) NonClass: 52725K(57488K)->52725K(57488K) Class: 7701K(12084K)->7701K(12084K)
[298.821s][info][gc             ] GC(468) Pause Young (Allocation Failure) 415M->15M(8142M) 15.762ms
[298.821s][info][gc,cpu         ] GC(468) User=0.02s Sys=0.00s Real=0.02s
[299.384s][info][gc,start       ] GC(469) Pause Young (Allocation Failure)
[299.384s][info][gc,task        ] GC(469) Using 6 workers of 6 for evacuation
[299.400s][info][gc,heap        ] GC(469) ParNew: 409791K->525K(460096K)
[299.400s][info][gc,heap        ] GC(469) CMS: 15483K->15715K(7877440K)
[299.400s][info][gc,metaspace   ] GC(469) Metaspace: 60427K(69572K)->60427K(69572K) NonClass: 52725K(57488K)->52725K(57488K) Class: 7701K(12084K)->7701K(12084K)
[299.400s][info][gc             ] GC(469) Pause Young (Allocation Failure) 415M->15M(8142M) 15.662ms
[299.400s][info][gc,cpu         ] GC(469) User=0.00s Sys=0.00s Real=0.00s
[299.404s][info][gc,start       ] GC(470) Pause Full (System.gc())
[299.405s][info][gc,phases,start] GC(470) Phase 1: Mark live objects
[299.427s][info][gc,phases      ] GC(470) Phase 1: Mark live objects 22.033ms
[299.427s][info][gc,phases,start] GC(470) Phase 2: Compute new object addresses
[299.432s][info][gc,phases      ] GC(470) Phase 2: Compute new object addresses 4.864ms
[299.432s][info][gc,phases,start] GC(470) Phase 3: Adjust pointers
[299.449s][info][gc,phases      ] GC(470) Phase 3: Adjust pointers 16.683ms
[299.449s][info][gc,phases,start] GC(470) Phase 4: Move objects
[299.449s][info][gc,phases      ] GC(470) Phase 4: Move objects 0.614ms
[299.454s][info][gc,heap        ] GC(470) ParNew: 4186K->0K(460096K)
[299.454s][info][gc,heap        ] GC(470) CMS: 15715K->15479K(7877440K)
[299.454s][info][gc,metaspace   ] GC(470) Metaspace: 60427K(69572K)->60427K(69572K) NonClass: 52726K(57488K)->52726K(57488K) Class: 7701K(12084K)->7701K(12084K)
[299.455s][info][gc             ] GC(470) Pause Full (System.gc()) 19M->15M(8142M) 50.570ms
[299.455s][info][gc,cpu         ] GC(470) User=0.00s Sys=0.06s Real=0.05s
[300.018s][info][gc,start       ] GC(471) Pause Young (Allocation Failure)
[300.018s][info][gc,task        ] GC(471) Using 6 workers of 6 for evacuation
[300.033s][info][gc,heap        ] GC(471) ParNew: 409024K->610K(460096K)
[300.033s][info][gc,heap        ] GC(471) CMS: 15479K->15479K(7877440K)
[300.033s][info][gc,metaspace   ] GC(471) Metaspace: 60432K(69572K)->60432K(69572K) NonClass: 52731K(57488K)->52731K(57488K) Class: 7701K(12084K)->7701K(12084K)
[300.033s][info][gc             ] GC(471) Pause Young (Allocation Failure) 414M->15M(8142M) 14.976ms
[300.033s][info][gc,cpu         ] GC(471) User=0.00s Sys=0.00s Real=0.00s
[300.583s][info][gc,start       ] GC(472) Pause Young (Allocation Failure)
[300.583s][info][gc,task        ] GC(472) Using 6 workers of 6 for evacuation
[300.598s][info][gc,heap        ] GC(472) ParNew: 409634K->652K(460096K)
[300.598s][info][gc,heap        ] GC(472) CMS: 15479K->15479K(7877440K)
[300.598s][info][gc,metaspace   ] GC(472) Metaspace: 60432K(69572K)->60432K(69572K) NonClass: 52731K(57488K)->52731K(57488K) Class: 7701K(12084K)->7701K(12084K)
[300.598s][info][gc             ] GC(472) Pause Young (Allocation Failure) 415M->15M(8142M) 15.053ms
[300.598s][info][gc,cpu         ] GC(472) User=0.00s Sys=0.02s Real=0.01s
[301.149s][info][gc,start       ] GC(473) Pause Young (Allocation Failure)
[301.149s][info][gc,task        ] GC(473) Using 6 workers of 6 for evacuation
[301.164s][info][gc,heap        ] GC(473) ParNew: 409676K->791K(460096K)
[301.164s][info][gc,heap        ] GC(473) CMS: 15479K->15479K(7877440K)
[301.164s][info][gc,metaspace   ] GC(473) Metaspace: 60432K(69572K)->60432K(69572K) NonClass: 52731K(57488K)->52731K(57488K) Class: 7701K(12084K)->7701K(12084K)
[301.164s][info][gc             ] GC(473) Pause Young (Allocation Failure) 415M->15M(8142M) 15.113ms
[301.164s][info][gc,cpu         ] GC(473) User=0.00s Sys=0.00s Real=0.01s
[301.723s][info][gc,start       ] GC(474) Pause Young (Allocation Failure)
[301.723s][info][gc,task        ] GC(474) Using 6 workers of 6 for evacuation
[301.738s][info][gc,heap        ] GC(474) ParNew: 409815K->872K(460096K)
[301.738s][info][gc,heap        ] GC(474) CMS: 15479K->15479K(7877440K)
[301.738s][info][gc,metaspace   ] GC(474) Metaspace: 60432K(69572K)->60432K(69572K) NonClass: 52731K(57488K)->52731K(57488K) Class: 7701K(12084K)->7701K(12084K)
[301.738s][info][gc             ] GC(474) Pause Young (Allocation Failure) 415M->15M(8142M) 15.233ms
[301.738s][info][gc,cpu         ] GC(474) User=0.02s Sys=0.00s Real=0.01s
[302.285s][info][gc,start       ] GC(475) Pause Young (Allocation Failure)
[302.286s][info][gc,task        ] GC(475) Using 6 workers of 6 for evacuation
[302.300s][info][gc,heap        ] GC(475) ParNew: 409896K->748K(460096K)
[302.300s][info][gc,heap        ] GC(475) CMS: 15479K->15479K(7877440K)
[302.300s][info][gc,metaspace   ] GC(475) Metaspace: 60432K(69572K)->60432K(69572K) NonClass: 52731K(57488K)->52731K(57488K) Class: 7701K(12084K)->7701K(12084K)
[302.300s][info][gc             ] GC(475) Pause Young (Allocation Failure) 415M->15M(8142M) 15.007ms
[302.300s][info][gc,cpu         ] GC(475) User=0.02s Sys=0.00s Real=0.01s
[302.861s][info][gc,start       ] GC(476) Pause Young (Allocation Failure)
[302.861s][info][gc,task        ] GC(476) Using 6 workers of 6 for evacuation
[302.875s][info][gc,heap        ] GC(476) ParNew: 409772K->688K(460096K)
[302.876s][info][gc,heap        ] GC(476) CMS: 15479K->15479K(7877440K)
[302.876s][info][gc,metaspace   ] GC(476) Metaspace: 60432K(69572K)->60432K(69572K) NonClass: 52731K(57488K)->52731K(57488K) Class: 7701K(12084K)->7701K(12084K)
[302.876s][info][gc             ] GC(476) Pause Young (Allocation Failure) 415M->15M(8142M) 14.971ms
[302.876s][info][gc,cpu         ] GC(476) User=0.02s Sys=0.00s Real=0.01s
[303.432s][info][gc,start       ] GC(477) Pause Young (Allocation Failure)
[303.432s][info][gc,task        ] GC(477) Using 6 workers of 6 for evacuation
[303.447s][info][gc,heap        ] GC(477) ParNew: 409712K->495K(460096K)
[303.447s][info][gc,heap        ] GC(477) CMS: 15479K->15753K(7877440K)
[303.447s][info][gc,metaspace   ] GC(477) Metaspace: 60432K(69572K)->60432K(69572K) NonClass: 52731K(57488K)->52731K(57488K) Class: 7701K(12084K)->7701K(12084K)
[303.447s][info][gc             ] GC(477) Pause Young (Allocation Failure) 415M->15M(8142M) 15.671ms
[303.447s][info][gc,cpu         ] GC(477) User=0.02s Sys=0.00s Real=0.02s
[303.453s][info][gc,start       ] GC(478) Pause Full (System.gc())
[303.453s][info][gc,phases,start] GC(478) Phase 1: Mark live objects
[303.476s][info][gc,phases      ] GC(478) Phase 1: Mark live objects 22.354ms
[303.476s][info][gc,phases,start] GC(478) Phase 2: Compute new object addresses
[303.481s][info][gc,phases      ] GC(478) Phase 2: Compute new object addresses 4.957ms
[303.481s][info][gc,phases,start] GC(478) Phase 3: Adjust pointers
[303.498s][info][gc,phases      ] GC(478) Phase 3: Adjust pointers 17.026ms
[303.498s][info][gc,phases,start] GC(478) Phase 4: Move objects
[303.498s][info][gc,phases      ] GC(478) Phase 4: Move objects 0.615ms
[303.503s][info][gc,heap        ] GC(478) ParNew: 4705K->0K(460096K)
[303.503s][info][gc,heap        ] GC(478) CMS: 15753K->15479K(7877440K)
[303.503s][info][gc,metaspace   ] GC(478) Metaspace: 60432K(69572K)->60432K(69572K) NonClass: 52731K(57488K)->52731K(57488K) Class: 7701K(12084K)->7701K(12084K)
[303.504s][info][gc             ] GC(478) Pause Full (System.gc()) 19M->15M(8142M) 51.182ms
[303.504s][info][gc,cpu         ] GC(478) User=0.05s Sys=0.00s Real=0.05s
[304.072s][info][gc,start       ] GC(479) Pause Young (Allocation Failure)
[304.072s][info][gc,task        ] GC(479) Using 6 workers of 6 for evacuation
[304.087s][info][gc,heap        ] GC(479) ParNew: 409024K->592K(460096K)
[304.087s][info][gc,heap        ] GC(479) CMS: 15479K->15479K(7877440K)
[304.087s][info][gc,metaspace   ] GC(479) Metaspace: 60437K(69572K)->60437K(69572K) NonClass: 52735K(57488K)->52735K(57488K) Class: 7701K(12084K)->7701K(12084K)
[304.087s][info][gc             ] GC(479) Pause Young (Allocation Failure) 414M->15M(8142M) 15.393ms
[304.087s][info][gc,cpu         ] GC(479) User=0.02s Sys=0.00s Real=0.02s
[304.637s][info][gc,start       ] GC(480) Pause Young (Allocation Failure)
[304.637s][info][gc,task        ] GC(480) Using 6 workers of 6 for evacuation
[304.652s][info][gc,heap        ] GC(480) ParNew: 409616K->756K(460096K)
[304.652s][info][gc,heap        ] GC(480) CMS: 15479K->15479K(7877440K)
[304.652s][info][gc,metaspace   ] GC(480) Metaspace: 60437K(69572K)->60437K(69572K) NonClass: 52735K(57488K)->52735K(57488K) Class: 7701K(12084K)->7701K(12084K)
[304.652s][info][gc             ] GC(480) Pause Young (Allocation Failure) 415M->15M(8142M) 14.994ms
[304.652s][info][gc,cpu         ] GC(480) User=0.02s Sys=0.00s Real=0.02s
[305.198s][info][gc,start       ] GC(481) Pause Young (Allocation Failure)
[305.198s][info][gc,task        ] GC(481) Using 6 workers of 6 for evacuation
[305.213s][info][gc,heap        ] GC(481) ParNew: 409780K->790K(460096K)
[305.213s][info][gc,heap        ] GC(481) CMS: 15479K->15479K(7877440K)
[305.213s][info][gc,metaspace   ] GC(481) Metaspace: 60437K(69572K)->60437K(69572K) NonClass: 52735K(57488K)->52735K(57488K) Class: 7701K(12084K)->7701K(12084K)
[305.213s][info][gc             ] GC(481) Pause Young (Allocation Failure) 415M->15M(8142M) 14.949ms
[305.213s][info][gc,cpu         ] GC(481) User=0.02s Sys=0.00s Real=0.02s
[305.767s][info][gc,start       ] GC(482) Pause Young (Allocation Failure)
[305.767s][info][gc,task        ] GC(482) Using 6 workers of 6 for evacuation
[305.783s][info][gc,heap        ] GC(482) ParNew: 409814K->690K(460096K)
[305.783s][info][gc,heap        ] GC(482) CMS: 15479K->15479K(7877440K)
[305.783s][info][gc,metaspace   ] GC(482) Metaspace: 60437K(69572K)->60437K(69572K) NonClass: 52735K(57488K)->52735K(57488K) Class: 7701K(12084K)->7701K(12084K)
[305.783s][info][gc             ] GC(482) Pause Young (Allocation Failure) 415M->15M(8142M) 15.483ms
[305.783s][info][gc,cpu         ] GC(482) User=0.02s Sys=0.00s Real=0.02s
[306.335s][info][gc,start       ] GC(483) Pause Young (Allocation Failure)
[306.335s][info][gc,task        ] GC(483) Using 6 workers of 6 for evacuation
[306.350s][info][gc,heap        ] GC(483) ParNew: 409714K->839K(460096K)
[306.350s][info][gc,heap        ] GC(483) CMS: 15479K->15479K(7877440K)
[306.350s][info][gc,metaspace   ] GC(483) Metaspace: 60437K(69572K)->60437K(69572K) NonClass: 52735K(57488K)->52735K(57488K) Class: 7701K(12084K)->7701K(12084K)
[306.350s][info][gc             ] GC(483) Pause Young (Allocation Failure) 415M->15M(8142M) 15.330ms
[306.350s][info][gc,cpu         ] GC(483) User=0.02s Sys=0.00s Real=0.01s
[306.904s][info][gc,start       ] GC(484) Pause Young (Allocation Failure)
[306.904s][info][gc,task        ] GC(484) Using 6 workers of 6 for evacuation
[306.919s][info][gc,heap        ] GC(484) ParNew: 409863K->765K(460096K)
[306.919s][info][gc,heap        ] GC(484) CMS: 15479K->15479K(7877440K)
[306.919s][info][gc,metaspace   ] GC(484) Metaspace: 60437K(69572K)->60437K(69572K) NonClass: 52735K(57488K)->52735K(57488K) Class: 7701K(12084K)->7701K(12084K)
[306.919s][info][gc             ] GC(484) Pause Young (Allocation Failure) 415M->15M(8142M) 15.219ms
[306.919s][info][gc,cpu         ] GC(484) User=0.02s Sys=0.00s Real=0.02s
[307.469s][info][gc,start       ] GC(485) Pause Young (Allocation Failure)
[307.469s][info][gc,task        ] GC(485) Using 6 workers of 6 for evacuation
[307.485s][info][gc,heap        ] GC(485) ParNew: 409789K->515K(460096K)
[307.485s][info][gc,heap        ] GC(485) CMS: 15479K->15757K(7877440K)
[307.485s][info][gc,metaspace   ] GC(485) Metaspace: 60437K(69572K)->60437K(69572K) NonClass: 52735K(57488K)->52735K(57488K) Class: 7701K(12084K)->7701K(12084K)
[307.485s][info][gc             ] GC(485) Pause Young (Allocation Failure) 415M->15M(8142M) 15.919ms
[307.485s][info][gc,cpu         ] GC(485) User=0.02s Sys=0.00s Real=0.02s
[307.488s][info][gc,start       ] GC(486) Pause Full (System.gc())
[307.489s][info][gc,phases,start] GC(486) Phase 1: Mark live objects
[307.513s][info][gc,phases      ] GC(486) Phase 1: Mark live objects 24.154ms
[307.513s][info][gc,phases,start] GC(486) Phase 2: Compute new object addresses
[307.518s][info][gc,phases      ] GC(486) Phase 2: Compute new object addresses 4.985ms
[307.518s][info][gc,phases,start] GC(486) Phase 3: Adjust pointers
[307.535s][info][gc,phases      ] GC(486) Phase 3: Adjust pointers 17.409ms
[307.535s][info][gc,phases,start] GC(486) Phase 4: Move objects
[307.536s][info][gc,phases      ] GC(486) Phase 4: Move objects 0.846ms
[307.541s][info][gc,heap        ] GC(486) ParNew: 5256K->0K(460096K)
[307.541s][info][gc,heap        ] GC(486) CMS: 15757K->15483K(7877440K)
[307.541s][info][gc,metaspace   ] GC(486) Metaspace: 60438K(69572K)->60438K(69572K) NonClass: 52737K(57488K)->52737K(57488K) Class: 7701K(12084K)->7701K(12084K)
[307.542s][info][gc             ] GC(486) Pause Full (System.gc()) 20M->15M(8142M) 53.969ms
[307.542s][info][gc,cpu         ] GC(486) User=0.05s Sys=0.00s Real=0.05s
[308.099s][info][gc,start       ] GC(487) Pause Young (Allocation Failure)
[308.099s][info][gc,task        ] GC(487) Using 6 workers of 6 for evacuation
[308.115s][info][gc,heap        ] GC(487) ParNew: 409024K->575K(460096K)
[308.115s][info][gc,heap        ] GC(487) CMS: 15483K->15483K(7877440K)
[308.115s][info][gc,metaspace   ] GC(487) Metaspace: 60447K(69572K)->60447K(69572K) NonClass: 52746K(57488K)->52746K(57488K) Class: 7701K(12084K)->7701K(12084K)
[308.115s][info][gc             ] GC(487) Pause Young (Allocation Failure) 414M->15M(8142M) 15.272ms
[308.115s][info][gc,cpu         ] GC(487) User=0.02s Sys=0.00s Real=0.02s
[308.669s][info][gc,start       ] GC(488) Pause Young (Allocation Failure)
[308.669s][info][gc,task        ] GC(488) Using 6 workers of 6 for evacuation
[308.685s][info][gc,heap        ] GC(488) ParNew: 409599K->746K(460096K)
[308.685s][info][gc,heap        ] GC(488) CMS: 15483K->15483K(7877440K)
[308.685s][info][gc,metaspace   ] GC(488) Metaspace: 60450K(69572K)->60450K(69572K) NonClass: 52748K(57488K)->52748K(57488K) Class: 7701K(12084K)->7701K(12084K)
[308.685s][info][gc             ] GC(488) Pause Young (Allocation Failure) 415M->15M(8142M) 15.693ms
[308.685s][info][gc,cpu         ] GC(488) User=0.02s Sys=0.00s Real=0.02s
[309.232s][info][gc,start       ] GC(489) Pause Young (Allocation Failure)
[309.232s][info][gc,task        ] GC(489) Using 6 workers of 6 for evacuation
[309.248s][info][gc,heap        ] GC(489) ParNew: 409770K->847K(460096K)
[309.248s][info][gc,heap        ] GC(489) CMS: 15483K->15483K(7877440K)
[309.248s][info][gc,metaspace   ] GC(489) Metaspace: 60450K(69572K)->60450K(69572K) NonClass: 52748K(57488K)->52748K(57488K) Class: 7701K(12084K)->7701K(12084K)
[309.248s][info][gc             ] GC(489) Pause Young (Allocation Failure) 415M->15M(8142M) 15.893ms
[309.248s][info][gc,cpu         ] GC(489) User=0.02s Sys=0.00s Real=0.02s
[309.807s][info][gc,start       ] GC(490) Pause Young (Allocation Failure)
[309.807s][info][gc,task        ] GC(490) Using 6 workers of 6 for evacuation
[309.823s][info][gc,heap        ] GC(490) ParNew: 409871K->719K(460096K)
[309.823s][info][gc,heap        ] GC(490) CMS: 15483K->15483K(7877440K)
[309.823s][info][gc,metaspace   ] GC(490) Metaspace: 60450K(69572K)->60450K(69572K) NonClass: 52748K(57488K)->52748K(57488K) Class: 7701K(12084K)->7701K(12084K)
[309.823s][info][gc             ] GC(490) Pause Young (Allocation Failure) 415M->15M(8142M) 15.908ms
[309.823s][info][gc,cpu         ] GC(490) User=0.02s Sys=0.00s Real=0.02s
[310.366s][info][gc,start       ] GC(491) Pause Young (Allocation Failure)
[310.366s][info][gc,task        ] GC(491) Using 6 workers of 6 for evacuation
[310.381s][info][gc,heap        ] GC(491) ParNew: 409743K->788K(460096K)
[310.381s][info][gc,heap        ] GC(491) CMS: 15483K->15483K(7877440K)
[310.381s][info][gc,metaspace   ] GC(491) Metaspace: 60450K(69572K)->60450K(69572K) NonClass: 52748K(57488K)->52748K(57488K) Class: 7701K(12084K)->7701K(12084K)
[310.381s][info][gc             ] GC(491) Pause Young (Allocation Failure) 415M->15M(8142M) 15.258ms
[310.382s][info][gc,cpu         ] GC(491) User=0.02s Sys=0.00s Real=0.01s
[310.942s][info][gc,start       ] GC(492) Pause Young (Allocation Failure)
[310.942s][info][gc,task        ] GC(492) Using 6 workers of 6 for evacuation
[310.957s][info][gc,heap        ] GC(492) ParNew: 409812K->769K(460096K)
[310.957s][info][gc,heap        ] GC(492) CMS: 15483K->15483K(7877440K)
[310.957s][info][gc,metaspace   ] GC(492) Metaspace: 60450K(69572K)->60450K(69572K) NonClass: 52748K(57488K)->52748K(57488K) Class: 7701K(12084K)->7701K(12084K)
[310.957s][info][gc             ] GC(492) Pause Young (Allocation Failure) 415M->15M(8142M) 15.519ms
[310.957s][info][gc,cpu         ] GC(492) User=0.02s Sys=0.00s Real=0.02s
[311.518s][info][gc,start       ] GC(493) Pause Young (Allocation Failure)
[311.518s][info][gc,task        ] GC(493) Using 6 workers of 6 for evacuation
[311.534s][info][gc,heap        ] GC(493) ParNew: 409793K->513K(460096K)
[311.534s][info][gc,heap        ] GC(493) CMS: 15483K->15755K(7877440K)
[311.534s][info][gc,metaspace   ] GC(493) Metaspace: 60450K(69572K)->60450K(69572K) NonClass: 52748K(57488K)->52748K(57488K) Class: 7701K(12084K)->7701K(12084K)
[311.534s][info][gc             ] GC(493) Pause Young (Allocation Failure) 415M->15M(8142M) 16.303ms
[311.534s][info][gc,cpu         ] GC(493) User=0.00s Sys=0.00s Real=0.02s
[311.542s][info][gc,start       ] GC(494) Pause Full (System.gc())
[311.543s][info][gc,phases,start] GC(494) Phase 1: Mark live objects
[311.566s][info][gc,phases      ] GC(494) Phase 1: Mark live objects 22.708ms
[311.566s][info][gc,phases,start] GC(494) Phase 2: Compute new object addresses
[311.571s][info][gc,phases      ] GC(494) Phase 2: Compute new object addresses 5.388ms
[311.571s][info][gc,phases,start] GC(494) Phase 3: Adjust pointers
[311.589s][info][gc,phases      ] GC(494) Phase 3: Adjust pointers 17.530ms
[311.589s][info][gc,phases,start] GC(494) Phase 4: Move objects
[311.589s][info][gc,phases      ] GC(494) Phase 4: Move objects 0.780ms
[311.594s][info][gc,heap        ] GC(494) ParNew: 5366K->0K(460096K)
[311.594s][info][gc,heap        ] GC(494) CMS: 15755K->15567K(7877440K)
[311.594s][info][gc,metaspace   ] GC(494) Metaspace: 60450K(69572K)->60450K(69572K) NonClass: 52748K(57488K)->52748K(57488K) Class: 7701K(12084K)->7701K(12084K)
[311.595s][info][gc             ] GC(494) Pause Full (System.gc()) 20M->15M(8142M) 52.902ms
[311.595s][info][gc,cpu         ] GC(494) User=0.05s Sys=0.00s Real=0.05s
[312.149s][info][gc,start       ] GC(495) Pause Young (Allocation Failure)
[312.149s][info][gc,task        ] GC(495) Using 6 workers of 6 for evacuation
[312.164s][info][gc,heap        ] GC(495) ParNew: 409024K->577K(460096K)
[312.164s][info][gc,heap        ] GC(495) CMS: 15567K->15567K(7877440K)
[312.164s][info][gc,metaspace   ] GC(495) Metaspace: 60456K(69572K)->60456K(69572K) NonClass: 52754K(57488K)->52754K(57488K) Class: 7701K(12084K)->7701K(12084K)
[312.164s][info][gc             ] GC(495) Pause Young (Allocation Failure) 414M->15M(8142M) 15.431ms
[312.164s][info][gc,cpu         ] GC(495) User=0.00s Sys=0.00s Real=0.01s
[312.720s][info][gc,start       ] GC(496) Pause Young (Allocation Failure)
[312.720s][info][gc,task        ] GC(496) Using 6 workers of 6 for evacuation
[312.735s][info][gc,heap        ] GC(496) ParNew: 409601K->739K(460096K)
[312.735s][info][gc,heap        ] GC(496) CMS: 15567K->15567K(7877440K)
[312.735s][info][gc,metaspace   ] GC(496) Metaspace: 60456K(69572K)->60456K(69572K) NonClass: 52754K(57488K)->52754K(57488K) Class: 7701K(12084K)->7701K(12084K)
[312.735s][info][gc             ] GC(496) Pause Young (Allocation Failure) 415M->15M(8142M) 15.254ms
[312.735s][info][gc,cpu         ] GC(496) User=0.02s Sys=0.00s Real=0.01s
[313.283s][info][gc,start       ] GC(497) Pause Young (Allocation Failure)
[313.283s][info][gc,task        ] GC(497) Using 6 workers of 6 for evacuation
[313.299s][info][gc,heap        ] GC(497) ParNew: 409763K->913K(460096K)
[313.299s][info][gc,heap        ] GC(497) CMS: 15567K->15567K(7877440K)
[313.299s][info][gc,metaspace   ] GC(497) Metaspace: 60456K(69572K)->60456K(69572K) NonClass: 52754K(57488K)->52754K(57488K) Class: 7701K(12084K)->7701K(12084K)
[313.299s][info][gc             ] GC(497) Pause Young (Allocation Failure) 415M->16M(8142M) 15.971ms
[313.299s][info][gc,cpu         ] GC(497) User=0.00s Sys=0.02s Real=0.03s
[313.856s][info][gc,start       ] GC(498) Pause Young (Allocation Failure)
[313.856s][info][gc,task        ] GC(498) Using 6 workers of 6 for evacuation
[313.871s][info][gc,heap        ] GC(498) ParNew: 409937K->648K(460096K)
[313.871s][info][gc,heap        ] GC(498) CMS: 15567K->15567K(7877440K)
[313.871s][info][gc,metaspace   ] GC(498) Metaspace: 60456K(69572K)->60456K(69572K) NonClass: 52754K(57488K)->52754K(57488K) Class: 7701K(12084K)->7701K(12084K)
[313.871s][info][gc             ] GC(498) Pause Young (Allocation Failure) 415M->15M(8142M) 15.182ms
[313.871s][info][gc,cpu         ] GC(498) User=0.00s Sys=0.00s Real=0.00s
[314.415s][info][gc,start       ] GC(499) Pause Young (Allocation Failure)
[314.415s][info][gc,task        ] GC(499) Using 6 workers of 6 for evacuation
[314.430s][info][gc,heap        ] GC(499) ParNew: 409672K->719K(460096K)
[314.430s][info][gc,heap        ] GC(499) CMS: 15567K->15567K(7877440K)
[314.431s][info][gc,metaspace   ] GC(499) Metaspace: 60456K(69572K)->60456K(69572K) NonClass: 52754K(57488K)->52754K(57488K) Class: 7701K(12084K)->7701K(12084K)
[314.431s][info][gc             ] GC(499) Pause Young (Allocation Failure) 415M->15M(8142M) 15.430ms
[314.431s][info][gc,cpu         ] GC(499) User=0.02s Sys=0.00s Real=0.01s
[314.992s][info][gc,start       ] GC(500) Pause Young (Allocation Failure)
[314.992s][info][gc,task        ] GC(500) Using 6 workers of 6 for evacuation
[315.007s][info][gc,heap        ] GC(500) ParNew: 409743K->858K(460096K)
[315.007s][info][gc,heap        ] GC(500) CMS: 15567K->15567K(7877440K)
[315.007s][info][gc,metaspace   ] GC(500) Metaspace: 60456K(69572K)->60456K(69572K) NonClass: 52754K(57488K)->52754K(57488K) Class: 7701K(12084K)->7701K(12084K)
[315.007s][info][gc             ] GC(500) Pause Young (Allocation Failure) 415M->16M(8142M) 15.449ms
[315.007s][info][gc,cpu         ] GC(500) User=0.02s Sys=0.00s Real=0.02s
[315.578s][info][gc,start       ] GC(501) Pause Young (Allocation Failure)
[315.578s][info][gc,task        ] GC(501) Using 6 workers of 6 for evacuation
[315.593s][info][gc,heap        ] GC(501) ParNew: 409882K->314K(460096K)
[315.593s][info][gc,heap        ] GC(501) CMS: 15567K->15869K(7877440K)
[315.593s][info][gc,metaspace   ] GC(501) Metaspace: 60456K(69572K)->60456K(69572K) NonClass: 52754K(57488K)->52754K(57488K) Class: 7701K(12084K)->7701K(12084K)
[315.593s][info][gc             ] GC(501) Pause Young (Allocation Failure) 415M->15M(8142M) 15.060ms
[315.593s][info][gc,cpu         ] GC(501) User=0.02s Sys=0.00s Real=0.01s
[315.598s][info][gc,start       ] GC(502) Pause Full (System.gc())
[315.599s][info][gc,phases,start] GC(502) Phase 1: Mark live objects
[315.621s][info][gc,phases      ] GC(502) Phase 1: Mark live objects 22.874ms
[315.622s][info][gc,phases,start] GC(502) Phase 2: Compute new object addresses
[315.626s][info][gc,phases      ] GC(502) Phase 2: Compute new object addresses 4.726ms
[315.626s][info][gc,phases,start] GC(502) Phase 3: Adjust pointers
[315.644s][info][gc,phases      ] GC(502) Phase 3: Adjust pointers 17.833ms
[315.644s][info][gc,phases,start] GC(502) Phase 4: Move objects
[315.646s][info][gc,phases      ] GC(502) Phase 4: Move objects 2.102ms
[315.651s][info][gc,heap        ] GC(502) ParNew: 3689K->0K(460096K)
[315.651s][info][gc,heap        ] GC(502) CMS: 15869K->15484K(7877440K)
[315.651s][info][gc,metaspace   ] GC(502) Metaspace: 60456K(69572K)->60456K(69572K) NonClass: 52754K(57488K)->52754K(57488K) Class: 7701K(12084K)->7701K(12084K)
[315.652s][info][gc             ] GC(502) Pause Full (System.gc()) 19M->15M(8142M) 53.829ms
[315.652s][info][gc,cpu         ] GC(502) User=0.05s Sys=0.00s Real=0.05s
[316.268s][info][gc,start       ] GC(503) Pause Young (Allocation Failure)
[316.268s][info][gc,task        ] GC(503) Using 6 workers of 6 for evacuation
[316.284s][info][gc,heap        ] GC(503) ParNew: 409023K->591K(460096K)
[316.284s][info][gc,heap        ] GC(503) CMS: 15484K->15484K(7877440K)
[316.284s][info][gc,metaspace   ] GC(503) Metaspace: 60486K(69572K)->60486K(69572K) NonClass: 52785K(57488K)->52785K(57488K) Class: 7701K(12084K)->7701K(12084K)
[316.284s][info][gc             ] GC(503) Pause Young (Allocation Failure) 414M->15M(8142M) 15.633ms
[316.284s][info][gc,cpu         ] GC(503) User=0.02s Sys=0.00s Real=0.02s
[316.841s][info][gc,start       ] GC(504) Pause Young (Allocation Failure)
[316.841s][info][gc,task        ] GC(504) Using 6 workers of 6 for evacuation
[316.857s][info][gc,heap        ] GC(504) ParNew: 409615K->756K(460096K)
[316.857s][info][gc,heap        ] GC(504) CMS: 15484K->15484K(7877440K)
[316.857s][info][gc,metaspace   ] GC(504) Metaspace: 60486K(69572K)->60486K(69572K) NonClass: 52785K(57488K)->52785K(57488K) Class: 7701K(12084K)->7701K(12084K)
[316.857s][info][gc             ] GC(504) Pause Young (Allocation Failure) 415M->15M(8142M) 16.014ms
[316.857s][info][gc,cpu         ] GC(504) User=0.02s Sys=0.00s Real=0.01s
[317.406s][info][gc,start       ] GC(505) Pause Young (Allocation Failure)
[317.406s][info][gc,task        ] GC(505) Using 6 workers of 6 for evacuation
[317.422s][info][gc,heap        ] GC(505) ParNew: 409780K->809K(460096K)
[317.422s][info][gc,heap        ] GC(505) CMS: 15484K->15484K(7877440K)
[317.422s][info][gc,metaspace   ] GC(505) Metaspace: 60486K(69572K)->60486K(69572K) NonClass: 52785K(57488K)->52785K(57488K) Class: 7701K(12084K)->7701K(12084K)
[317.422s][info][gc             ] GC(505) Pause Young (Allocation Failure) 415M->15M(8142M) 15.547ms
[317.422s][info][gc,cpu         ] GC(505) User=0.02s Sys=0.00s Real=0.02s
[317.989s][info][gc,start       ] GC(506) Pause Young (Allocation Failure)
[317.989s][info][gc,task        ] GC(506) Using 6 workers of 6 for evacuation
[318.004s][info][gc,heap        ] GC(506) ParNew: 409833K->899K(460096K)
[318.004s][info][gc,heap        ] GC(506) CMS: 15484K->15484K(7877440K)
[318.004s][info][gc,metaspace   ] GC(506) Metaspace: 60486K(69572K)->60486K(69572K) NonClass: 52785K(57488K)->52785K(57488K) Class: 7701K(12084K)->7701K(12084K)
[318.004s][info][gc             ] GC(506) Pause Young (Allocation Failure) 415M->15M(8142M) 15.512ms
[318.004s][info][gc,cpu         ] GC(506) User=0.02s Sys=0.00s Real=0.02s
[318.565s][info][gc,start       ] GC(507) Pause Young (Allocation Failure)
[318.565s][info][gc,task        ] GC(507) Using 6 workers of 6 for evacuation
[318.580s][info][gc,heap        ] GC(507) ParNew: 409923K->828K(460096K)
[318.580s][info][gc,heap        ] GC(507) CMS: 15484K->15484K(7877440K)
[318.580s][info][gc,metaspace   ] GC(507) Metaspace: 60486K(69572K)->60486K(69572K) NonClass: 52785K(57488K)->52785K(57488K) Class: 7701K(12084K)->7701K(12084K)
[318.580s][info][gc             ] GC(507) Pause Young (Allocation Failure) 415M->15M(8142M) 15.611ms
[318.580s][info][gc,cpu         ] GC(507) User=0.00s Sys=0.00s Real=0.02s
[319.134s][info][gc,start       ] GC(508) Pause Young (Allocation Failure)
[319.134s][info][gc,task        ] GC(508) Using 6 workers of 6 for evacuation
[319.150s][info][gc,heap        ] GC(508) ParNew: 409852K->698K(460096K)
[319.150s][info][gc,heap        ] GC(508) CMS: 15484K->15484K(7877440K)
[319.150s][info][gc,metaspace   ] GC(508) Metaspace: 60486K(69572K)->60486K(69572K) NonClass: 52785K(57488K)->52785K(57488K) Class: 7701K(12084K)->7701K(12084K)
[319.150s][info][gc             ] GC(508) Pause Young (Allocation Failure) 415M->15M(8142M) 15.494ms
[319.150s][info][gc,cpu         ] GC(508) User=0.00s Sys=0.00s Real=0.00s
[319.723s][info][gc,start       ] GC(509) Pause Young (Allocation Failure)
[319.724s][info][gc,task        ] GC(509) Using 6 workers of 6 for evacuation
[319.739s][info][gc,heap        ] GC(509) ParNew: 409722K->522K(460096K)
[319.739s][info][gc,heap        ] GC(509) CMS: 15484K->15757K(7877440K)
[319.739s][info][gc,metaspace   ] GC(509) Metaspace: 60487K(69572K)->60487K(69572K) NonClass: 52785K(57488K)->52785K(57488K) Class: 7701K(12084K)->7701K(12084K)
[319.739s][info][gc             ] GC(509) Pause Young (Allocation Failure) 415M->15M(8142M) 15.892ms
[319.739s][info][gc,cpu         ] GC(509) User=0.02s Sys=0.00s Real=0.01s
[319.749s][info][gc,start       ] GC(510) Pause Full (System.gc())
[319.749s][info][gc,phases,start] GC(510) Phase 1: Mark live objects
[319.771s][info][gc,phases      ] GC(510) Phase 1: Mark live objects 22.259ms
[319.772s][info][gc,phases,start] GC(510) Phase 2: Compute new object addresses
[319.777s][info][gc,phases      ] GC(510) Phase 2: Compute new object addresses 5.103ms
[319.777s][info][gc,phases,start] GC(510) Phase 3: Adjust pointers
[319.793s][info][gc,phases      ] GC(510) Phase 3: Adjust pointers 16.753ms
[319.793s][info][gc,phases,start] GC(510) Phase 4: Move objects
[319.794s][info][gc,phases      ] GC(510) Phase 4: Move objects 0.785ms
[319.799s][info][gc,heap        ] GC(510) ParNew: 6886K->0K(460096K)
[319.799s][info][gc,heap        ] GC(510) CMS: 15757K->15484K(7877440K)
[319.799s][info][gc,metaspace   ] GC(510) Metaspace: 60490K(69572K)->60490K(69572K) NonClass: 52789K(57488K)->52789K(57488K) Class: 7701K(12084K)->7701K(12084K)
[319.800s][info][gc             ] GC(510) Pause Full (System.gc()) 22M->15M(8142M) 51.539ms
[319.800s][info][gc,cpu         ] GC(510) User=0.05s Sys=0.00s Real=0.05s
[320.357s][info][gc,start       ] GC(511) Pause Young (Allocation Failure)
[320.357s][info][gc,task        ] GC(511) Using 6 workers of 6 for evacuation
[320.372s][info][gc,heap        ] GC(511) ParNew: 409024K->600K(460096K)
[320.372s][info][gc,heap        ] GC(511) CMS: 15484K->15484K(7877440K)
[320.372s][info][gc,metaspace   ] GC(511) Metaspace: 60506K(69572K)->60506K(69572K) NonClass: 52804K(57488K)->52804K(57488K) Class: 7701K(12084K)->7701K(12084K)
[320.372s][info][gc             ] GC(511) Pause Young (Allocation Failure) 414M->15M(8142M) 15.284ms
[320.372s][info][gc,cpu         ] GC(511) User=0.02s Sys=0.00s Real=0.01s
[320.927s][info][gc,start       ] GC(512) Pause Young (Allocation Failure)
[320.927s][info][gc,task        ] GC(512) Using 6 workers of 6 for evacuation
[320.942s][info][gc,heap        ] GC(512) ParNew: 409624K->702K(460096K)
[320.943s][info][gc,heap        ] GC(512) CMS: 15484K->15484K(7877440K)
[320.943s][info][gc,metaspace   ] GC(512) Metaspace: 60508K(69572K)->60508K(69572K) NonClass: 52807K(57488K)->52807K(57488K) Class: 7701K(12084K)->7701K(12084K)
[320.943s][info][gc             ] GC(512) Pause Young (Allocation Failure) 415M->15M(8142M) 15.313ms
[320.943s][info][gc,cpu         ] GC(512) User=0.00s Sys=0.00s Real=0.01s
[321.495s][info][gc,start       ] GC(513) Pause Young (Allocation Failure)
[321.495s][info][gc,task        ] GC(513) Using 6 workers of 6 for evacuation
[321.511s][info][gc,heap        ] GC(513) ParNew: 409726K->901K(460096K)
[321.511s][info][gc,heap        ] GC(513) CMS: 15484K->15484K(7877440K)
[321.511s][info][gc,metaspace   ] GC(513) Metaspace: 60508K(69572K)->60508K(69572K) NonClass: 52807K(57488K)->52807K(57488K) Class: 7701K(12084K)->7701K(12084K)
[321.511s][info][gc             ] GC(513) Pause Young (Allocation Failure) 415M->16M(8142M) 16.914ms
[321.511s][info][gc,cpu         ] GC(513) User=0.02s Sys=0.00s Real=0.02s
[322.064s][info][gc,start       ] GC(514) Pause Young (Allocation Failure)
[322.064s][info][gc,task        ] GC(514) Using 6 workers of 6 for evacuation
[322.080s][info][gc,heap        ] GC(514) ParNew: 409925K->691K(460096K)
[322.080s][info][gc,heap        ] GC(514) CMS: 15484K->15484K(7877440K)
[322.080s][info][gc,metaspace   ] GC(514) Metaspace: 60508K(69572K)->60508K(69572K) NonClass: 52807K(57488K)->52807K(57488K) Class: 7701K(12084K)->7701K(12084K)
[322.080s][info][gc             ] GC(514) Pause Young (Allocation Failure) 415M->15M(8142M) 15.828ms
[322.080s][info][gc,cpu         ] GC(514) User=0.02s Sys=0.00s Real=0.01s
[322.638s][info][gc,start       ] GC(515) Pause Young (Allocation Failure)
[322.638s][info][gc,task        ] GC(515) Using 6 workers of 6 for evacuation
[322.654s][info][gc,heap        ] GC(515) ParNew: 409715K->828K(460096K)
[322.654s][info][gc,heap        ] GC(515) CMS: 15484K->15484K(7877440K)
[322.654s][info][gc,metaspace   ] GC(515) Metaspace: 60508K(69572K)->60508K(69572K) NonClass: 52807K(57488K)->52807K(57488K) Class: 7701K(12084K)->7701K(12084K)
[322.654s][info][gc             ] GC(515) Pause Young (Allocation Failure) 415M->15M(8142M) 15.652ms
[322.654s][info][gc,cpu         ] GC(515) User=0.00s Sys=0.00s Real=0.02s
[323.206s][info][gc,start       ] GC(516) Pause Young (Allocation Failure)
[323.206s][info][gc,task        ] GC(516) Using 6 workers of 6 for evacuation
[323.222s][info][gc,heap        ] GC(516) ParNew: 409852K->857K(460096K)
[323.222s][info][gc,heap        ] GC(516) CMS: 15484K->15484K(7877440K)
[323.222s][info][gc,metaspace   ] GC(516) Metaspace: 60508K(69572K)->60508K(69572K) NonClass: 52807K(57488K)->52807K(57488K) Class: 7701K(12084K)->7701K(12084K)
[323.222s][info][gc             ] GC(516) Pause Young (Allocation Failure) 415M->15M(8142M) 15.445ms
[323.222s][info][gc,cpu         ] GC(516) User=0.00s Sys=0.00s Real=0.00s
[323.788s][info][gc,start       ] GC(517) Pause Young (Allocation Failure)
[323.788s][info][gc,task        ] GC(517) Using 6 workers of 6 for evacuation
[323.804s][info][gc,heap        ] GC(517) ParNew: 409881K->523K(460096K)
[323.804s][info][gc,heap        ] GC(517) CMS: 15484K->15800K(7877440K)
[323.804s][info][gc,metaspace   ] GC(517) Metaspace: 60519K(69572K)->60519K(69572K) NonClass: 52818K(57488K)->52818K(57488K) Class: 7701K(12084K)->7701K(12084K)
[323.804s][info][gc             ] GC(517) Pause Young (Allocation Failure) 415M->15M(8142M) 16.486ms
[323.804s][info][gc,cpu         ] GC(517) User=0.02s Sys=0.00s Real=0.01s
[323.813s][info][gc,start       ] GC(518) Pause Full (System.gc())
[323.814s][info][gc,phases,start] GC(518) Phase 1: Mark live objects
[323.837s][info][gc,phases      ] GC(518) Phase 1: Mark live objects 22.730ms
[323.837s][info][gc,phases,start] GC(518) Phase 2: Compute new object addresses
[323.842s][info][gc,phases      ] GC(518) Phase 2: Compute new object addresses 5.336ms
[323.842s][info][gc,phases,start] GC(518) Phase 3: Adjust pointers
[323.859s][info][gc,phases      ] GC(518) Phase 3: Adjust pointers 17.036ms
[323.859s][info][gc,phases,start] GC(518) Phase 4: Move objects
[323.860s][info][gc,phases      ] GC(518) Phase 4: Move objects 0.651ms
[323.865s][info][gc,heap        ] GC(518) ParNew: 6855K->0K(460096K)
[323.865s][info][gc,heap        ] GC(518) CMS: 15800K->15557K(7877440K)
[323.865s][info][gc,metaspace   ] GC(518) Metaspace: 60526K(69572K)->60526K(69572K) NonClass: 52824K(57488K)->52824K(57488K) Class: 7701K(12084K)->7701K(12084K)
[323.866s][info][gc             ] GC(518) Pause Full (System.gc()) 22M->15M(8142M) 52.184ms
[323.866s][info][gc,cpu         ] GC(518) User=0.05s Sys=0.00s Real=0.05s
[324.424s][info][gc,start       ] GC(519) Pause Young (Allocation Failure)
[324.424s][info][gc,task        ] GC(519) Using 6 workers of 6 for evacuation
[324.440s][info][gc,heap        ] GC(519) ParNew: 409024K->522K(460096K)
[324.440s][info][gc,heap        ] GC(519) CMS: 15557K->15557K(7877440K)
[324.440s][info][gc,metaspace   ] GC(519) Metaspace: 60532K(69572K)->60532K(69572K) NonClass: 52830K(57488K)->52830K(57488K) Class: 7701K(12084K)->7701K(12084K)
[324.440s][info][gc             ] GC(519) Pause Young (Allocation Failure) 414M->15M(8142M) 15.849ms
[324.440s][info][gc,cpu         ] GC(519) User=0.02s Sys=0.00s Real=0.01s
[324.997s][info][gc,start       ] GC(520) Pause Young (Allocation Failure)
[324.997s][info][gc,task        ] GC(520) Using 6 workers of 6 for evacuation
[325.013s][info][gc,heap        ] GC(520) ParNew: 409546K->671K(460096K)
[325.013s][info][gc,heap        ] GC(520) CMS: 15557K->15557K(7877440K)
[325.013s][info][gc,metaspace   ] GC(520) Metaspace: 60539K(69572K)->60539K(69572K) NonClass: 52838K(57488K)->52838K(57488K) Class: 7701K(12084K)->7701K(12084K)
[325.013s][info][gc             ] GC(520) Pause Young (Allocation Failure) 415M->15M(8142M) 16.059ms
[325.013s][info][gc,cpu         ] GC(520) User=0.02s Sys=0.00s Real=0.02s
[325.571s][info][gc,start       ] GC(521) Pause Young (Allocation Failure)
[325.571s][info][gc,task        ] GC(521) Using 6 workers of 6 for evacuation
[325.587s][info][gc,heap        ] GC(521) ParNew: 409695K->697K(460096K)
[325.587s][info][gc,heap        ] GC(521) CMS: 15557K->15557K(7877440K)
[325.587s][info][gc,metaspace   ] GC(521) Metaspace: 60539K(69572K)->60539K(69572K) NonClass: 52838K(57488K)->52838K(57488K) Class: 7701K(12084K)->7701K(12084K)
[325.587s][info][gc             ] GC(521) Pause Young (Allocation Failure) 415M->15M(8142M) 16.069ms
[325.587s][info][gc,cpu         ] GC(521) User=0.06s Sys=0.00s Real=0.02s
[326.135s][info][gc,start       ] GC(522) Pause Young (Allocation Failure)
[326.135s][info][gc,task        ] GC(522) Using 6 workers of 6 for evacuation
[326.151s][info][gc,heap        ] GC(522) ParNew: 409721K->716K(460096K)
[326.151s][info][gc,heap        ] GC(522) CMS: 15557K->15557K(7877440K)
[326.151s][info][gc,metaspace   ] GC(522) Metaspace: 60539K(69572K)->60539K(69572K) NonClass: 52838K(57488K)->52838K(57488K) Class: 7701K(12084K)->7701K(12084K)
[326.151s][info][gc             ] GC(522) Pause Young (Allocation Failure) 415M->15M(8142M) 16.022ms
[326.151s][info][gc,cpu         ] GC(522) User=0.02s Sys=0.00s Real=0.01s
[326.708s][info][gc,start       ] GC(523) Pause Young (Allocation Failure)
[326.708s][info][gc,task        ] GC(523) Using 6 workers of 6 for evacuation
[326.722s][info][gc,heap        ] GC(523) ParNew: 409740K->753K(460096K)
[326.722s][info][gc,heap        ] GC(523) CMS: 15557K->15557K(7877440K)
[326.722s][info][gc,metaspace   ] GC(523) Metaspace: 60539K(69572K)->60539K(69572K) NonClass: 52838K(57488K)->52838K(57488K) Class: 7701K(12084K)->7701K(12084K)
[326.722s][info][gc             ] GC(523) Pause Young (Allocation Failure) 415M->15M(8142M) 14.786ms
[326.722s][info][gc,cpu         ] GC(523) User=0.00s Sys=0.00s Real=0.00s
[327.273s][info][gc,start       ] GC(524) Pause Young (Allocation Failure)
[327.273s][info][gc,task        ] GC(524) Using 6 workers of 6 for evacuation
[327.289s][info][gc,heap        ] GC(524) ParNew: 409777K->790K(460096K)
[327.289s][info][gc,heap        ] GC(524) CMS: 15557K->15557K(7877440K)
[327.289s][info][gc,metaspace   ] GC(524) Metaspace: 60539K(69572K)->60539K(69572K) NonClass: 52838K(57488K)->52838K(57488K) Class: 7701K(12084K)->7701K(12084K)
[327.289s][info][gc             ] GC(524) Pause Young (Allocation Failure) 415M->15M(8142M) 15.882ms
[327.289s][info][gc,cpu         ] GC(524) User=0.02s Sys=0.00s Real=0.02s
[327.857s][info][gc,start       ] GC(525) Pause Young (Allocation Failure)
[327.857s][info][gc,task        ] GC(525) Using 6 workers of 6 for evacuation
[327.873s][info][gc,heap        ] GC(525) ParNew: 409814K->292K(460096K)
[327.873s][info][gc,heap        ] GC(525) CMS: 15557K->15836K(7877440K)
[327.873s][info][gc,metaspace   ] GC(525) Metaspace: 60540K(69572K)->60540K(69572K) NonClass: 52838K(57488K)->52838K(57488K) Class: 7701K(12084K)->7701K(12084K)
[327.873s][info][gc             ] GC(525) Pause Young (Allocation Failure) 415M->15M(8142M) 16.048ms
[327.873s][info][gc,cpu         ] GC(525) User=0.02s Sys=0.00s Real=0.02s
[327.882s][info][gc,start       ] GC(526) Pause Full (System.gc())
[327.882s][info][gc,phases,start] GC(526) Phase 1: Mark live objects
[327.905s][info][gc,phases      ] GC(526) Phase 1: Mark live objects 22.687ms
[327.905s][info][gc,phases,start] GC(526) Phase 2: Compute new object addresses
[327.910s][info][gc,phases      ] GC(526) Phase 2: Compute new object addresses 5.393ms
[327.911s][info][gc,phases,start] GC(526) Phase 3: Adjust pointers
[327.928s][info][gc,phases      ] GC(526) Phase 3: Adjust pointers 17.166ms
[327.928s][info][gc,phases,start] GC(526) Phase 4: Move objects
[327.928s][info][gc,phases      ] GC(526) Phase 4: Move objects 0.617ms
[327.933s][info][gc,heap        ] GC(526) ParNew: 4858K->0K(460096K)
[327.933s][info][gc,heap        ] GC(526) CMS: 15836K->15483K(7877440K)
[327.933s][info][gc,metaspace   ] GC(526) Metaspace: 60540K(69572K)->60540K(69572K) NonClass: 52839K(57488K)->52839K(57488K) Class: 7701K(12084K)->7701K(12084K)
[327.934s][info][gc             ] GC(526) Pause Full (System.gc()) 20M->15M(8142M) 52.106ms
[327.934s][info][gc,cpu         ] GC(526) User=0.03s Sys=0.00s Real=0.05s
[328.489s][info][gc,start       ] GC(527) Pause Young (Allocation Failure)
[328.489s][info][gc,task        ] GC(527) Using 6 workers of 6 for evacuation
[328.504s][info][gc,heap        ] GC(527) ParNew: 409024K->561K(460096K)
[328.504s][info][gc,heap        ] GC(527) CMS: 15483K->15483K(7877440K)
[328.504s][info][gc,metaspace   ] GC(527) Metaspace: 60575K(69572K)->60575K(69572K) NonClass: 52874K(57488K)->52874K(57488K) Class: 7701K(12084K)->7701K(12084K)
[328.505s][info][gc             ] GC(527) Pause Young (Allocation Failure) 414M->15M(8142M) 15.427ms
[328.505s][info][gc,cpu         ] GC(527) User=0.02s Sys=0.00s Real=0.01s
[329.053s][info][gc,start       ] GC(528) Pause Young (Allocation Failure)
[329.053s][info][gc,task        ] GC(528) Using 6 workers of 6 for evacuation
[329.068s][info][gc,heap        ] GC(528) ParNew: 409585K->757K(460096K)
[329.068s][info][gc,heap        ] GC(528) CMS: 15483K->15483K(7877440K)
[329.068s][info][gc,metaspace   ] GC(528) Metaspace: 60576K(69572K)->60576K(69572K) NonClass: 52874K(57488K)->52874K(57488K) Class: 7701K(12084K)->7701K(12084K)
[329.068s][info][gc             ] GC(528) Pause Young (Allocation Failure) 415M->15M(8142M) 15.594ms
[329.068s][info][gc,cpu         ] GC(528) User=0.02s Sys=0.00s Real=0.02s
[329.623s][info][gc,start       ] GC(529) Pause Young (Allocation Failure)
[329.623s][info][gc,task        ] GC(529) Using 6 workers of 6 for evacuation
[329.638s][info][gc,heap        ] GC(529) ParNew: 409781K->729K(460096K)
[329.638s][info][gc,heap        ] GC(529) CMS: 15483K->15483K(7877440K)
[329.638s][info][gc,metaspace   ] GC(529) Metaspace: 60576K(69572K)->60576K(69572K) NonClass: 52874K(57488K)->52874K(57488K) Class: 7701K(12084K)->7701K(12084K)
[329.638s][info][gc             ] GC(529) Pause Young (Allocation Failure) 415M->15M(8142M) 15.658ms
[329.638s][info][gc,cpu         ] GC(529) User=0.02s Sys=0.00s Real=0.02s
[330.183s][info][gc,start       ] GC(530) Pause Young (Allocation Failure)
[330.183s][info][gc,task        ] GC(530) Using 6 workers of 6 for evacuation
[330.198s][info][gc,heap        ] GC(530) ParNew: 409753K->841K(460096K)
[330.198s][info][gc,heap        ] GC(530) CMS: 15483K->15483K(7877440K)
[330.198s][info][gc,metaspace   ] GC(530) Metaspace: 60576K(69572K)->60576K(69572K) NonClass: 52874K(57488K)->52874K(57488K) Class: 7701K(12084K)->7701K(12084K)
[330.198s][info][gc             ] GC(530) Pause Young (Allocation Failure) 415M->15M(8142M) 15.528ms
[330.198s][info][gc,cpu         ] GC(530) User=0.02s Sys=0.00s Real=0.02s
[330.752s][info][gc,start       ] GC(531) Pause Young (Allocation Failure)
[330.752s][info][gc,task        ] GC(531) Using 6 workers of 6 for evacuation
[330.768s][info][gc,heap        ] GC(531) ParNew: 409865K->791K(460096K)
[330.768s][info][gc,heap        ] GC(531) CMS: 15483K->15483K(7877440K)
[330.768s][info][gc,metaspace   ] GC(531) Metaspace: 60576K(69572K)->60576K(69572K) NonClass: 52874K(57488K)->52874K(57488K) Class: 7701K(12084K)->7701K(12084K)
[330.768s][info][gc             ] GC(531) Pause Young (Allocation Failure) 415M->15M(8142M) 15.513ms
[330.768s][info][gc,cpu         ] GC(531) User=0.02s Sys=0.00s Real=0.02s
[331.316s][info][gc,start       ] GC(532) Pause Young (Allocation Failure)
[331.316s][info][gc,task        ] GC(532) Using 6 workers of 6 for evacuation
[331.332s][info][gc,heap        ] GC(532) ParNew: 409815K->797K(460096K)
[331.332s][info][gc,heap        ] GC(532) CMS: 15483K->15483K(7877440K)
[331.332s][info][gc,metaspace   ] GC(532) Metaspace: 60576K(69572K)->60576K(69572K) NonClass: 52874K(57488K)->52874K(57488K) Class: 7701K(12084K)->7701K(12084K)
[331.332s][info][gc             ] GC(532) Pause Young (Allocation Failure) 415M->15M(8142M) 15.395ms
[331.332s][info][gc,cpu         ] GC(532) User=0.02s Sys=0.00s Real=0.02s
[331.887s][info][gc,start       ] GC(533) Pause Young (Allocation Failure)
[331.887s][info][gc,task        ] GC(533) Using 6 workers of 6 for evacuation
[331.903s][info][gc,heap        ] GC(533) ParNew: 409821K->531K(460096K)
[331.903s][info][gc,heap        ] GC(533) CMS: 15483K->15835K(7877440K)
[331.903s][info][gc,metaspace   ] GC(533) Metaspace: 60576K(69572K)->60576K(69572K) NonClass: 52874K(57488K)->52874K(57488K) Class: 7701K(12084K)->7701K(12084K)
[331.903s][info][gc             ] GC(533) Pause Young (Allocation Failure) 415M->15M(8142M) 16.079ms
[331.903s][info][gc,cpu         ] GC(533) User=0.00s Sys=0.00s Real=0.02s
[331.913s][info][gc,start       ] GC(534) Pause Full (System.gc())
[331.914s][info][gc,phases,start] GC(534) Phase 1: Mark live objects
[331.937s][info][gc,phases      ] GC(534) Phase 1: Mark live objects 22.769ms
[331.937s][info][gc,phases,start] GC(534) Phase 2: Compute new object addresses
[331.942s][info][gc,phases      ] GC(534) Phase 2: Compute new object addresses 5.679ms
[331.943s][info][gc,phases,start] GC(534) Phase 3: Adjust pointers
[331.960s][info][gc,phases      ] GC(534) Phase 3: Adjust pointers 17.065ms
[331.960s][info][gc,phases,start] GC(534) Phase 4: Move objects
[331.960s][info][gc,phases      ] GC(534) Phase 4: Move objects 0.635ms
[331.965s][info][gc,heap        ] GC(534) ParNew: 9783K->0K(460096K)
[331.965s][info][gc,heap        ] GC(534) CMS: 15835K->15490K(7877440K)
[331.965s][info][gc,metaspace   ] GC(534) Metaspace: 60576K(69572K)->60576K(69572K) NonClass: 52875K(57488K)->52875K(57488K) Class: 7701K(12084K)->7701K(12084K)
[331.966s][info][gc             ] GC(534) Pause Full (System.gc()) 25M->15M(8142M) 52.505ms
[331.966s][info][gc,cpu         ] GC(534) User=0.05s Sys=0.00s Real=0.05s
[332.523s][info][gc,start       ] GC(535) Pause Young (Allocation Failure)
[332.523s][info][gc,task        ] GC(535) Using 6 workers of 6 for evacuation
[332.539s][info][gc,heap        ] GC(535) ParNew: 409024K->619K(460096K)
[332.539s][info][gc,heap        ] GC(535) CMS: 15490K->15490K(7877440K)
[332.539s][info][gc,metaspace   ] GC(535) Metaspace: 60611K(69828K)->60611K(69828K) NonClass: 52910K(57744K)->52910K(57744K) Class: 7701K(12084K)->7701K(12084K)
[332.539s][info][gc             ] GC(535) Pause Young (Allocation Failure) 414M->15M(8142M) 16.924ms
[332.539s][info][gc,cpu         ] GC(535) User=0.02s Sys=0.00s Real=0.01s
[333.096s][info][gc,start       ] GC(536) Pause Young (Allocation Failure)
[333.096s][info][gc,task        ] GC(536) Using 6 workers of 6 for evacuation
[333.112s][info][gc,heap        ] GC(536) ParNew: 409643K->804K(460096K)
[333.112s][info][gc,heap        ] GC(536) CMS: 15490K->15490K(7877440K)
[333.112s][info][gc,metaspace   ] GC(536) Metaspace: 60611K(69828K)->60611K(69828K) NonClass: 52910K(57744K)->52910K(57744K) Class: 7701K(12084K)->7701K(12084K)
[333.112s][info][gc             ] GC(536) Pause Young (Allocation Failure) 415M->15M(8142M) 16.066ms
[333.112s][info][gc,cpu         ] GC(536) User=0.00s Sys=0.00s Real=0.02s
[333.670s][info][gc,start       ] GC(537) Pause Young (Allocation Failure)
[333.670s][info][gc,task        ] GC(537) Using 6 workers of 6 for evacuation
[333.687s][info][gc,heap        ] GC(537) ParNew: 409828K->683K(460096K)
[333.687s][info][gc,heap        ] GC(537) CMS: 15490K->15490K(7877440K)
[333.687s][info][gc,metaspace   ] GC(537) Metaspace: 60611K(69828K)->60611K(69828K) NonClass: 52910K(57744K)->52910K(57744K) Class: 7701K(12084K)->7701K(12084K)
[333.687s][info][gc             ] GC(537) Pause Young (Allocation Failure) 415M->15M(8142M) 16.744ms
[333.687s][info][gc,cpu         ] GC(537) User=0.02s Sys=0.00s Real=0.02s
[334.234s][info][gc,start       ] GC(538) Pause Young (Allocation Failure)
[334.234s][info][gc,task        ] GC(538) Using 6 workers of 6 for evacuation
[334.250s][info][gc,heap        ] GC(538) ParNew: 409707K->841K(460096K)
[334.250s][info][gc,heap        ] GC(538) CMS: 15490K->15490K(7877440K)
[334.250s][info][gc,metaspace   ] GC(538) Metaspace: 60611K(69828K)->60611K(69828K) NonClass: 52910K(57744K)->52910K(57744K) Class: 7701K(12084K)->7701K(12084K)
[334.250s][info][gc             ] GC(538) Pause Young (Allocation Failure) 415M->15M(8142M) 16.095ms
[334.250s][info][gc,cpu         ] GC(538) User=0.02s Sys=0.00s Real=0.02s
[334.804s][info][gc,start       ] GC(539) Pause Young (Allocation Failure)
[334.804s][info][gc,task        ] GC(539) Using 6 workers of 6 for evacuation
[334.820s][info][gc,heap        ] GC(539) ParNew: 409865K->854K(460096K)
[334.821s][info][gc,heap        ] GC(539) CMS: 15490K->15490K(7877440K)
[334.821s][info][gc,metaspace   ] GC(539) Metaspace: 60611K(69828K)->60611K(69828K) NonClass: 52910K(57744K)->52910K(57744K) Class: 7701K(12084K)->7701K(12084K)
[334.821s][info][gc             ] GC(539) Pause Young (Allocation Failure) 415M->15M(8142M) 16.778ms
[334.821s][info][gc,cpu         ] GC(539) User=0.02s Sys=0.00s Real=0.02s
[335.370s][info][gc,start       ] GC(540) Pause Young (Allocation Failure)
[335.370s][info][gc,task        ] GC(540) Using 6 workers of 6 for evacuation
[335.386s][info][gc,heap        ] GC(540) ParNew: 409878K->701K(460096K)
[335.386s][info][gc,heap        ] GC(540) CMS: 15490K->15490K(7877440K)
[335.386s][info][gc,metaspace   ] GC(540) Metaspace: 60611K(69828K)->60611K(69828K) NonClass: 52910K(57744K)->52910K(57744K) Class: 7701K(12084K)->7701K(12084K)
[335.386s][info][gc             ] GC(540) Pause Young (Allocation Failure) 415M->15M(8142M) 16.161ms
[335.386s][info][gc,cpu         ] GC(540) User=0.02s Sys=0.00s Real=0.02s
[335.955s][info][gc,start       ] GC(541) Pause Young (Allocation Failure)
[335.955s][info][gc,task        ] GC(541) Using 6 workers of 6 for evacuation
[335.970s][info][gc,heap        ] GC(541) ParNew: 409725K->504K(460096K)
[335.970s][info][gc,heap        ] GC(541) CMS: 15490K->15724K(7877440K)
[335.970s][info][gc,metaspace   ] GC(541) Metaspace: 60611K(69828K)->60611K(69828K) NonClass: 52910K(57744K)->52910K(57744K) Class: 7701K(12084K)->7701K(12084K)
[335.970s][info][gc             ] GC(541) Pause Young (Allocation Failure) 415M->15M(8142M) 15.279ms
[335.970s][info][gc,cpu         ] GC(541) User=0.02s Sys=0.00s Real=0.02s
[335.979s][info][gc,start       ] GC(542) Pause Full (System.gc())
[335.980s][info][gc,phases,start] GC(542) Phase 1: Mark live objects
[336.004s][info][gc,phases      ] GC(542) Phase 1: Mark live objects 23.405ms
[336.004s][info][gc,phases,start] GC(542) Phase 2: Compute new object addresses
[336.008s][info][gc,phases      ] GC(542) Phase 2: Compute new object addresses 4.915ms
[336.009s][info][gc,phases,start] GC(542) Phase 3: Adjust pointers
[336.026s][info][gc,phases      ] GC(542) Phase 3: Adjust pointers 17.226ms
[336.026s][info][gc,phases,start] GC(542) Phase 4: Move objects
[336.026s][info][gc,phases      ] GC(542) Phase 4: Move objects 0.626ms
[336.031s][info][gc,heap        ] GC(542) ParNew: 5500K->0K(460096K)
[336.031s][info][gc,heap        ] GC(542) CMS: 15724K->15507K(7877440K)
[336.031s][info][gc,metaspace   ] GC(542) Metaspace: 60613K(69828K)->60613K(69828K) NonClass: 52912K(57744K)->52912K(57744K) Class: 7701K(12084K)->7701K(12084K)
[336.032s][info][gc             ] GC(542) Pause Full (System.gc()) 20M->15M(8142M) 52.711ms
[336.032s][info][gc,cpu         ] GC(542) User=0.05s Sys=0.00s Real=0.05s
[336.585s][info][gc,start       ] GC(543) Pause Young (Allocation Failure)
[336.585s][info][gc,task        ] GC(543) Using 6 workers of 6 for evacuation
[336.602s][info][gc,heap        ] GC(543) ParNew: 409024K->577K(460096K)
[336.602s][info][gc,heap        ] GC(543) CMS: 15507K->15507K(7877440K)
[336.602s][info][gc,metaspace   ] GC(543) Metaspace: 60652K(69828K)->60652K(69828K) NonClass: 52951K(57744K)->52951K(57744K) Class: 7701K(12084K)->7701K(12084K)
[336.602s][info][gc             ] GC(543) Pause Young (Allocation Failure) 414M->15M(8142M) 16.462ms
[336.602s][info][gc,cpu         ] GC(543) User=0.02s Sys=0.00s Real=0.02s
[337.162s][info][gc,start       ] GC(544) Pause Young (Allocation Failure)
[337.162s][info][gc,task        ] GC(544) Using 6 workers of 6 for evacuation
[337.178s][info][gc,heap        ] GC(544) ParNew: 409601K->771K(460096K)
[337.178s][info][gc,heap        ] GC(544) CMS: 15507K->15507K(7877440K)
[337.178s][info][gc,metaspace   ] GC(544) Metaspace: 60652K(69828K)->60652K(69828K) NonClass: 52951K(57744K)->52951K(57744K) Class: 7701K(12084K)->7701K(12084K)
[337.178s][info][gc             ] GC(544) Pause Young (Allocation Failure) 415M->15M(8142M) 16.081ms
[337.178s][info][gc,cpu         ] GC(544) User=0.02s Sys=0.00s Real=0.01s
[337.731s][info][gc,start       ] GC(545) Pause Young (Allocation Failure)
[337.731s][info][gc,task        ] GC(545) Using 6 workers of 6 for evacuation
[337.747s][info][gc,heap        ] GC(545) ParNew: 409795K->841K(460096K)
[337.747s][info][gc,heap        ] GC(545) CMS: 15507K->15507K(7877440K)
[337.747s][info][gc,metaspace   ] GC(545) Metaspace: 60652K(69828K)->60652K(69828K) NonClass: 52951K(57744K)->52951K(57744K) Class: 7701K(12084K)->7701K(12084K)
[337.748s][info][gc             ] GC(545) Pause Young (Allocation Failure) 415M->15M(8142M) 16.325ms
[337.748s][info][gc,cpu         ] GC(545) User=0.02s Sys=0.00s Real=0.02s
[338.293s][info][gc,start       ] GC(546) Pause Young (Allocation Failure)
[338.293s][info][gc,task        ] GC(546) Using 6 workers of 6 for evacuation
[338.308s][info][gc,heap        ] GC(546) ParNew: 409865K->784K(460096K)
[338.308s][info][gc,heap        ] GC(546) CMS: 15507K->15507K(7877440K)
[338.308s][info][gc,metaspace   ] GC(546) Metaspace: 60652K(69828K)->60652K(69828K) NonClass: 52951K(57744K)->52951K(57744K) Class: 7701K(12084K)->7701K(12084K)
[338.308s][info][gc             ] GC(546) Pause Young (Allocation Failure) 415M->15M(8142M) 15.782ms
[338.308s][info][gc,cpu         ] GC(546) User=0.02s Sys=0.00s Real=0.02s
[338.862s][info][gc,start       ] GC(547) Pause Young (Allocation Failure)
[338.862s][info][gc,task        ] GC(547) Using 6 workers of 6 for evacuation
[338.878s][info][gc,heap        ] GC(547) ParNew: 409808K->786K(460096K)
[338.878s][info][gc,heap        ] GC(547) CMS: 15507K->15507K(7877440K)
[338.878s][info][gc,metaspace   ] GC(547) Metaspace: 60652K(69828K)->60652K(69828K) NonClass: 52951K(57744K)->52951K(57744K) Class: 7701K(12084K)->7701K(12084K)
[338.878s][info][gc             ] GC(547) Pause Young (Allocation Failure) 415M->15M(8142M) 16.184ms
[338.878s][info][gc,cpu         ] GC(547) User=0.02s Sys=0.00s Real=0.02s
[339.421s][info][gc,start       ] GC(548) Pause Young (Allocation Failure)
[339.421s][info][gc,task        ] GC(548) Using 6 workers of 6 for evacuation
[339.437s][info][gc,heap        ] GC(548) ParNew: 409810K->862K(460096K)
[339.437s][info][gc,heap        ] GC(548) CMS: 15507K->15507K(7877440K)
[339.437s][info][gc,metaspace   ] GC(548) Metaspace: 60652K(69828K)->60652K(69828K) NonClass: 52951K(57744K)->52951K(57744K) Class: 7701K(12084K)->7701K(12084K)
[339.437s][info][gc             ] GC(548) Pause Young (Allocation Failure) 415M->15M(8142M) 16.224ms
[339.437s][info][gc,cpu         ] GC(548) User=0.02s Sys=0.00s Real=0.01s
[340.012s][info][gc,start       ] GC(549) Pause Young (Allocation Failure)
[340.012s][info][gc,task        ] GC(549) Using 6 workers of 6 for evacuation
[340.028s][info][gc,heap        ] GC(549) ParNew: 409886K->323K(460096K)
[340.028s][info][gc,heap        ] GC(549) CMS: 15507K->15741K(7877440K)
[340.028s][info][gc,metaspace   ] GC(549) Metaspace: 60652K(69828K)->60652K(69828K) NonClass: 52951K(57744K)->52951K(57744K) Class: 7701K(12084K)->7701K(12084K)
[340.028s][info][gc             ] GC(549) Pause Young (Allocation Failure) 415M->15M(8142M) 16.550ms
[340.028s][info][gc,cpu         ] GC(549) User=0.02s Sys=0.00s Real=0.02s
[340.030s][info][gc,start       ] GC(550) Pause Full (System.gc())
[340.031s][info][gc,phases,start] GC(550) Phase 1: Mark live objects
[340.053s][info][gc,phases      ] GC(550) Phase 1: Mark live objects 22.636ms
[340.053s][info][gc,phases,start] GC(550) Phase 2: Compute new object addresses
[340.058s][info][gc,phases      ] GC(550) Phase 2: Compute new object addresses 4.676ms
[340.058s][info][gc,phases,start] GC(550) Phase 3: Adjust pointers
[340.075s][info][gc,phases      ] GC(550) Phase 3: Adjust pointers 17.055ms
[340.075s][info][gc,phases,start] GC(550) Phase 4: Move objects
[340.076s][info][gc,phases      ] GC(550) Phase 4: Move objects 0.649ms
[340.081s][info][gc,heap        ] GC(550) ParNew: 2499K->0K(460096K)
[340.081s][info][gc,heap        ] GC(550) CMS: 15741K->15574K(7877440K)
[340.081s][info][gc,metaspace   ] GC(550) Metaspace: 60652K(69828K)->60652K(69828K) NonClass: 52951K(57744K)->52951K(57744K) Class: 7701K(12084K)->7701K(12084K)
[340.081s][info][gc             ] GC(550) Pause Full (System.gc()) 17M->15M(8142M) 51.679ms
[340.081s][info][gc,cpu         ] GC(550) User=0.06s Sys=0.00s Real=0.05s
[340.648s][info][gc,start       ] GC(551) Pause Young (Allocation Failure)
[340.648s][info][gc,task        ] GC(551) Using 6 workers of 6 for evacuation
[340.664s][info][gc,heap        ] GC(551) ParNew: 409024K->526K(460096K)
[340.664s][info][gc,heap        ] GC(551) CMS: 15574K->15574K(7877440K)
[340.664s][info][gc,metaspace   ] GC(551) Metaspace: 60666K(69828K)->60666K(69828K) NonClass: 52964K(57744K)->52964K(57744K) Class: 7701K(12084K)->7701K(12084K)
[340.664s][info][gc             ] GC(551) Pause Young (Allocation Failure) 414M->15M(8142M) 15.663ms
[340.664s][info][gc,cpu         ] GC(551) User=0.00s Sys=0.00s Real=0.01s
[341.205s][info][gc,start       ] GC(552) Pause Young (Allocation Failure)
[341.205s][info][gc,task        ] GC(552) Using 6 workers of 6 for evacuation
[341.221s][info][gc,heap        ] GC(552) ParNew: 409550K->703K(460096K)
[341.221s][info][gc,heap        ] GC(552) CMS: 15574K->15574K(7877440K)
[341.221s][info][gc,metaspace   ] GC(552) Metaspace: 60666K(69828K)->60666K(69828K) NonClass: 52964K(57744K)->52964K(57744K) Class: 7701K(12084K)->7701K(12084K)
[341.221s][info][gc             ] GC(552) Pause Young (Allocation Failure) 415M->15M(8142M) 15.719ms
[341.221s][info][gc,cpu         ] GC(552) User=0.02s Sys=0.00s Real=0.02s
[341.774s][info][gc,start       ] GC(553) Pause Young (Allocation Failure)
[341.774s][info][gc,task        ] GC(553) Using 6 workers of 6 for evacuation
[341.789s][info][gc,heap        ] GC(553) ParNew: 409727K->583K(460096K)
[341.789s][info][gc,heap        ] GC(553) CMS: 15574K->15574K(7877440K)
[341.789s][info][gc,metaspace   ] GC(553) Metaspace: 60666K(69828K)->60666K(69828K) NonClass: 52964K(57744K)->52964K(57744K) Class: 7701K(12084K)->7701K(12084K)
[341.789s][info][gc             ] GC(553) Pause Young (Allocation Failure) 415M->15M(8142M) 15.239ms
[341.789s][info][gc,cpu         ] GC(553) User=0.02s Sys=0.00s Real=0.02s
[342.333s][info][gc,start       ] GC(554) Pause Young (Allocation Failure)
[342.333s][info][gc,task        ] GC(554) Using 6 workers of 6 for evacuation
[342.348s][info][gc,heap        ] GC(554) ParNew: 409607K->687K(460096K)
[342.348s][info][gc,heap        ] GC(554) CMS: 15574K->15574K(7877440K)
[342.348s][info][gc,metaspace   ] GC(554) Metaspace: 60666K(69828K)->60666K(69828K) NonClass: 52964K(57744K)->52964K(57744K) Class: 7701K(12084K)->7701K(12084K)
[342.348s][info][gc             ] GC(554) Pause Young (Allocation Failure) 415M->15M(8142M) 15.437ms
[342.348s][info][gc,cpu         ] GC(554) User=0.02s Sys=0.00s Real=0.02s
[342.906s][info][gc,start       ] GC(555) Pause Young (Allocation Failure)
[342.906s][info][gc,task        ] GC(555) Using 6 workers of 6 for evacuation
[342.921s][info][gc,heap        ] GC(555) ParNew: 409711K->737K(460096K)
[342.921s][info][gc,heap        ] GC(555) CMS: 15574K->15574K(7877440K)
[342.921s][info][gc,metaspace   ] GC(555) Metaspace: 60666K(69828K)->60666K(69828K) NonClass: 52964K(57744K)->52964K(57744K) Class: 7701K(12084K)->7701K(12084K)
[342.921s][info][gc             ] GC(555) Pause Young (Allocation Failure) 415M->15M(8142M) 15.588ms
[342.921s][info][gc,cpu         ] GC(555) User=0.00s Sys=0.02s Real=0.02s
[343.467s][info][gc,start       ] GC(556) Pause Young (Allocation Failure)
[343.467s][info][gc,task        ] GC(556) Using 6 workers of 6 for evacuation
[343.483s][info][gc,heap        ] GC(556) ParNew: 409761K->726K(460096K)
[343.483s][info][gc,heap        ] GC(556) CMS: 15574K->15574K(7877440K)
[343.483s][info][gc,metaspace   ] GC(556) Metaspace: 60666K(69828K)->60666K(69828K) NonClass: 52964K(57744K)->52964K(57744K) Class: 7701K(12084K)->7701K(12084K)
[343.483s][info][gc             ] GC(556) Pause Young (Allocation Failure) 415M->15M(8142M) 15.501ms
[343.483s][info][gc,cpu         ] GC(556) User=0.02s Sys=0.00s Real=0.02s
[344.062s][info][gc,start       ] GC(557) Pause Young (Allocation Failure)
[344.062s][info][gc,task        ] GC(557) Using 6 workers of 6 for evacuation
[344.080s][info][gc,heap        ] GC(557) ParNew: 409750K->514K(460096K)
[344.080s][info][gc,heap        ] GC(557) CMS: 15574K->15839K(7877440K)
[344.080s][info][gc,metaspace   ] GC(557) Metaspace: 60666K(69828K)->60666K(69828K) NonClass: 52964K(57744K)->52964K(57744K) Class: 7701K(12084K)->7701K(12084K)
[344.080s][info][gc             ] GC(557) Pause Young (Allocation Failure) 415M->15M(8142M) 18.395ms
[344.080s][info][gc,cpu         ] GC(557) User=0.02s Sys=0.00s Real=0.01s
[344.081s][info][gc,start       ] GC(558) Pause Full (System.gc())
[344.081s][info][gc,phases,start] GC(558) Phase 1: Mark live objects
[344.103s][info][gc,phases      ] GC(558) Phase 1: Mark live objects 21.784ms
[344.103s][info][gc,phases,start] GC(558) Phase 2: Compute new object addresses
[344.108s][info][gc,phases      ] GC(558) Phase 2: Compute new object addresses 4.514ms
[344.108s][info][gc,phases,start] GC(558) Phase 3: Adjust pointers
[344.124s][info][gc,phases      ] GC(558) Phase 3: Adjust pointers 16.802ms
[344.124s][info][gc,phases,start] GC(558) Phase 4: Move objects
[344.125s][info][gc,phases      ] GC(558) Phase 4: Move objects 0.616ms
[344.130s][info][gc,heap        ] GC(558) ParNew: 1767K->0K(460096K)
[344.130s][info][gc,heap        ] GC(558) CMS: 15839K->15497K(7877440K)
[344.130s][info][gc,metaspace   ] GC(558) Metaspace: 60666K(69828K)->60666K(69828K) NonClass: 52964K(57744K)->52964K(57744K) Class: 7701K(12084K)->7701K(12084K)
[344.131s][info][gc             ] GC(558) Pause Full (System.gc()) 17M->15M(8142M) 50.063ms
[344.131s][info][gc,cpu         ] GC(558) User=0.05s Sys=0.00s Real=0.05s
[344.698s][info][gc,start       ] GC(559) Pause Young (Allocation Failure)
[344.698s][info][gc,task        ] GC(559) Using 6 workers of 6 for evacuation
[344.714s][info][gc,heap        ] GC(559) ParNew: 409024K->604K(460096K)
[344.715s][info][gc,heap        ] GC(559) CMS: 15497K->15497K(7877440K)
[344.715s][info][gc,metaspace   ] GC(559) Metaspace: 60679K(69828K)->60679K(69828K) NonClass: 52977K(57744K)->52977K(57744K) Class: 7701K(12084K)->7701K(12084K)
[344.715s][info][gc             ] GC(559) Pause Young (Allocation Failure) 414M->15M(8142M) 16.846ms
[344.715s][info][gc,cpu         ] GC(559) User=0.02s Sys=0.00s Real=0.02s
[345.264s][info][gc,start       ] GC(560) Pause Young (Allocation Failure)
[345.264s][info][gc,task        ] GC(560) Using 6 workers of 6 for evacuation
[345.280s][info][gc,heap        ] GC(560) ParNew: 409628K->778K(460096K)
[345.280s][info][gc,heap        ] GC(560) CMS: 15497K->15497K(7877440K)
[345.280s][info][gc,metaspace   ] GC(560) Metaspace: 60679K(69828K)->60679K(69828K) NonClass: 52977K(57744K)->52977K(57744K) Class: 7701K(12084K)->7701K(12084K)
[345.280s][info][gc             ] GC(560) Pause Young (Allocation Failure) 415M->15M(8142M) 16.091ms
[345.281s][info][gc,cpu         ] GC(560) User=0.02s Sys=0.00s Real=0.02s
[345.841s][info][gc,start       ] GC(561) Pause Young (Allocation Failure)
[345.841s][info][gc,task        ] GC(561) Using 6 workers of 6 for evacuation
[345.857s][info][gc,heap        ] GC(561) ParNew: 409802K->815K(460096K)
[345.857s][info][gc,heap        ] GC(561) CMS: 15497K->15497K(7877440K)
[345.857s][info][gc,metaspace   ] GC(561) Metaspace: 60679K(69828K)->60679K(69828K) NonClass: 52977K(57744K)->52977K(57744K) Class: 7701K(12084K)->7701K(12084K)
[345.857s][info][gc             ] GC(561) Pause Young (Allocation Failure) 415M->15M(8142M) 16.431ms
[345.857s][info][gc,cpu         ] GC(561) User=0.02s Sys=0.00s Real=0.02s
[346.410s][info][gc,start       ] GC(562) Pause Young (Allocation Failure)
[346.410s][info][gc,task        ] GC(562) Using 6 workers of 6 for evacuation
[346.426s][info][gc,heap        ] GC(562) ParNew: 409839K->821K(460096K)
[346.426s][info][gc,heap        ] GC(562) CMS: 15497K->15497K(7877440K)
[346.426s][info][gc,metaspace   ] GC(562) Metaspace: 60679K(69828K)->60679K(69828K) NonClass: 52977K(57744K)->52977K(57744K) Class: 7701K(12084K)->7701K(12084K)
[346.426s][info][gc             ] GC(562) Pause Young (Allocation Failure) 415M->15M(8142M) 16.074ms
[346.426s][info][gc,cpu         ] GC(562) User=0.02s Sys=0.00s Real=0.02s
[346.986s][info][gc,start       ] GC(563) Pause Young (Allocation Failure)
[346.986s][info][gc,task        ] GC(563) Using 6 workers of 6 for evacuation
[347.002s][info][gc,heap        ] GC(563) ParNew: 409845K->945K(460096K)
[347.002s][info][gc,heap        ] GC(563) CMS: 15497K->15497K(7877440K)
[347.002s][info][gc,metaspace   ] GC(563) Metaspace: 60679K(69828K)->60679K(69828K) NonClass: 52977K(57744K)->52977K(57744K) Class: 7701K(12084K)->7701K(12084K)
[347.002s][info][gc             ] GC(563) Pause Young (Allocation Failure) 415M->16M(8142M) 16.251ms
[347.002s][info][gc,cpu         ] GC(563) User=0.02s Sys=0.00s Real=0.02s
[347.552s][info][gc,start       ] GC(564) Pause Young (Allocation Failure)
[347.552s][info][gc,task        ] GC(564) Using 6 workers of 6 for evacuation
[347.569s][info][gc,heap        ] GC(564) ParNew: 409969K->751K(460096K)
[347.569s][info][gc,heap        ] GC(564) CMS: 15497K->15497K(7877440K)
[347.569s][info][gc,metaspace   ] GC(564) Metaspace: 60679K(69828K)->60679K(69828K) NonClass: 52977K(57744K)->52977K(57744K) Class: 7701K(12084K)->7701K(12084K)
[347.569s][info][gc             ] GC(564) Pause Young (Allocation Failure) 415M->15M(8142M) 16.879ms
[347.569s][info][gc,cpu         ] GC(564) User=0.00s Sys=0.00s Real=0.02s
[348.158s][info][gc,start       ] GC(565) Pause Young (Allocation Failure)
[348.159s][info][gc,task        ] GC(565) Using 6 workers of 6 for evacuation
[348.175s][info][gc,heap        ] GC(565) ParNew: 409775K->473K(460096K)
[348.175s][info][gc,heap        ] GC(565) CMS: 15497K->15688K(7877440K)
[348.175s][info][gc,metaspace   ] GC(565) Metaspace: 60679K(69828K)->60679K(69828K) NonClass: 52977K(57744K)->52977K(57744K) Class: 7701K(12084K)->7701K(12084K)
[348.175s][info][gc             ] GC(565) Pause Young (Allocation Failure) 415M->15M(8142M) 16.497ms
[348.175s][info][gc,cpu         ] GC(565) User=0.00s Sys=0.00s Real=0.02s
[348.178s][info][gc,start       ] GC(566) Pause Full (System.gc())
[348.179s][info][gc,phases,start] GC(566) Phase 1: Mark live objects
[348.202s][info][gc,phases      ] GC(566) Phase 1: Mark live objects 23.194ms
[348.202s][info][gc,phases,start] GC(566) Phase 2: Compute new object addresses
[348.207s][info][gc,phases      ] GC(566) Phase 2: Compute new object addresses 5.060ms
[348.207s][info][gc,phases,start] GC(566) Phase 3: Adjust pointers
[348.225s][info][gc,phases      ] GC(566) Phase 3: Adjust pointers 17.504ms
[348.225s][info][gc,phases,start] GC(566) Phase 4: Move objects
[348.226s][info][gc,phases      ] GC(566) Phase 4: Move objects 0.759ms
[348.231s][info][gc,heap        ] GC(566) ParNew: 2873K->0K(460096K)
[348.231s][info][gc,heap        ] GC(566) CMS: 15688K->15629K(7877440K)
[348.231s][info][gc,metaspace   ] GC(566) Metaspace: 60679K(69828K)->60679K(69828K) NonClass: 52977K(57744K)->52977K(57744K) Class: 7701K(12084K)->7701K(12084K)
[348.232s][info][gc             ] GC(566) Pause Full (System.gc()) 18M->15M(8142M) 53.589ms
[348.232s][info][gc,cpu         ] GC(566) User=0.05s Sys=0.00s Real=0.05s
[348.874s][info][gc,start       ] GC(567) Pause Young (Allocation Failure)
[348.874s][info][gc,task        ] GC(567) Using 6 workers of 6 for evacuation
[348.890s][info][gc,heap        ] GC(567) ParNew: 409024K->488K(460096K)
[348.890s][info][gc,heap        ] GC(567) CMS: 15629K->15629K(7877440K)
[348.890s][info][gc,metaspace   ] GC(567) Metaspace: 60682K(69828K)->60682K(69828K) NonClass: 52981K(57744K)->52981K(57744K) Class: 7701K(12084K)->7701K(12084K)
[348.890s][info][gc             ] GC(567) Pause Young (Allocation Failure) 414M->15M(8142M) 16.013ms
[348.890s][info][gc,cpu         ] GC(567) User=0.03s Sys=0.00s Real=0.02s
[349.510s][info][gc,start       ] GC(568) Pause Young (Allocation Failure)
[349.510s][info][gc,task        ] GC(568) Using 6 workers of 6 for evacuation
[349.526s][info][gc,heap        ] GC(568) ParNew: 409512K->533K(460096K)
[349.526s][info][gc,heap        ] GC(568) CMS: 15629K->15629K(7877440K)
[349.526s][info][gc,metaspace   ] GC(568) Metaspace: 60682K(69828K)->60682K(69828K) NonClass: 52981K(57744K)->52981K(57744K) Class: 7701K(12084K)->7701K(12084K)
[349.526s][info][gc             ] GC(568) Pause Young (Allocation Failure) 415M->15M(8142M) 15.995ms
[349.526s][info][gc,cpu         ] GC(568) User=0.03s Sys=0.00s Real=0.02s
[350.110s][info][gc,start       ] GC(569) Pause Young (Allocation Failure)
[350.110s][info][gc,task        ] GC(569) Using 6 workers of 6 for evacuation
[350.125s][info][gc,heap        ] GC(569) ParNew: 409557K->590K(460096K)
[350.125s][info][gc,heap        ] GC(569) CMS: 15629K->15629K(7877440K)
[350.125s][info][gc,metaspace   ] GC(569) Metaspace: 60682K(69828K)->60682K(69828K) NonClass: 52981K(57744K)->52981K(57744K) Class: 7701K(12084K)->7701K(12084K)
[350.125s][info][gc             ] GC(569) Pause Young (Allocation Failure) 415M->15M(8142M) 15.254ms
[350.125s][info][gc,cpu         ] GC(569) User=0.02s Sys=0.00s Real=0.02s
[350.680s][info][gc,start       ] GC(570) Pause Young (Allocation Failure)
[350.680s][info][gc,task        ] GC(570) Using 6 workers of 6 for evacuation
[350.696s][info][gc,heap        ] GC(570) ParNew: 409614K->643K(460096K)
[350.696s][info][gc,heap        ] GC(570) CMS: 15629K->15629K(7877440K)
[350.696s][info][gc,metaspace   ] GC(570) Metaspace: 60682K(69828K)->60682K(69828K) NonClass: 52981K(57744K)->52981K(57744K) Class: 7701K(12084K)->7701K(12084K)
[350.696s][info][gc             ] GC(570) Pause Young (Allocation Failure) 415M->15M(8142M) 16.602ms
[350.696s][info][gc,cpu         ] GC(570) User=0.02s Sys=0.00s Real=0.02s
[351.253s][info][gc,start       ] GC(571) Pause Young (Allocation Failure)
[351.253s][info][gc,task        ] GC(571) Using 6 workers of 6 for evacuation
[351.268s][info][gc,heap        ] GC(571) ParNew: 409667K->511K(460096K)
[351.269s][info][gc,heap        ] GC(571) CMS: 15629K->15629K(7877440K)
[351.269s][info][gc,metaspace   ] GC(571) Metaspace: 60682K(69828K)->60682K(69828K) NonClass: 52981K(57744K)->52981K(57744K) Class: 7701K(12084K)->7701K(12084K)
[351.269s][info][gc             ] GC(571) Pause Young (Allocation Failure) 415M->15M(8142M) 15.768ms
[351.269s][info][gc,cpu         ] GC(571) User=0.02s Sys=0.00s Real=0.02s
[351.822s][info][gc,start       ] GC(572) Pause Young (Allocation Failure)
[351.822s][info][gc,task        ] GC(572) Using 6 workers of 6 for evacuation
[351.838s][info][gc,heap        ] GC(572) ParNew: 409535K->602K(460096K)
[351.838s][info][gc,heap        ] GC(572) CMS: 15629K->15629K(7877440K)
[351.838s][info][gc,metaspace   ] GC(572) Metaspace: 60682K(69828K)->60682K(69828K) NonClass: 52981K(57744K)->52981K(57744K) Class: 7701K(12084K)->7701K(12084K)
[351.838s][info][gc             ] GC(572) Pause Young (Allocation Failure) 415M->15M(8142M) 16.153ms
[351.838s][info][gc,cpu         ] GC(572) User=0.00s Sys=0.00s Real=0.02s
[352.414s][info][gc,start       ] GC(573) Pause Full (System.gc())
[352.415s][info][gc,phases,start] GC(573) Phase 1: Mark live objects
[352.437s][info][gc,phases      ] GC(573) Phase 1: Mark live objects 22.264ms
[352.437s][info][gc,phases,start] GC(573) Phase 2: Compute new object addresses
[352.512s][info][gc,phases      ] GC(573) Phase 2: Compute new object addresses 74.481ms
[352.512s][info][gc,phases,start] GC(573) Phase 3: Adjust pointers
[352.529s][info][gc,phases      ] GC(573) Phase 3: Adjust pointers 16.857ms
[352.529s][info][gc,phases,start] GC(573) Phase 4: Move objects
[352.529s][info][gc,phases      ] GC(573) Phase 4: Move objects 0.634ms
[352.534s][info][gc,heap        ] GC(573) ParNew: 409626K->0K(460096K)
[352.534s][info][gc,heap        ] GC(573) CMS: 15629K->15491K(7877440K)
[352.534s][info][gc,metaspace   ] GC(573) Metaspace: 60682K(69828K)->60682K(69828K) NonClass: 52981K(57744K)->52981K(57744K) Class: 7701K(12084K)->7701K(12084K)
[352.535s][info][gc             ] GC(573) Pause Full (System.gc()) 415M->15M(8142M) 121.257ms
[352.535s][info][gc,cpu         ] GC(573) User=0.11s Sys=0.00s Real=0.11s
[353.100s][info][gc,start       ] GC(574) Pause Young (Allocation Failure)
[353.100s][info][gc,task        ] GC(574) Using 6 workers of 6 for evacuation
[353.116s][info][gc,heap        ] GC(574) ParNew: 409024K->741K(460096K)
[353.116s][info][gc,heap        ] GC(574) CMS: 15491K->15491K(7877440K)
[353.116s][info][gc,metaspace   ] GC(574) Metaspace: 60690K(69828K)->60690K(69828K) NonClass: 52989K(57744K)->52989K(57744K) Class: 7701K(12084K)->7701K(12084K)
[353.116s][info][gc             ] GC(574) Pause Young (Allocation Failure) 414M->15M(8142M) 16.722ms
[353.116s][info][gc,cpu         ] GC(574) User=0.02s Sys=0.00s Real=0.02s
[353.668s][info][gc,start       ] GC(575) Pause Young (Allocation Failure)
[353.668s][info][gc,task        ] GC(575) Using 6 workers of 6 for evacuation
[353.686s][info][gc,heap        ] GC(575) ParNew: 409765K->749K(460096K)
[353.686s][info][gc,heap        ] GC(575) CMS: 15491K->15491K(7877440K)
[353.686s][info][gc,metaspace   ] GC(575) Metaspace: 60690K(69828K)->60690K(69828K) NonClass: 52989K(57744K)->52989K(57744K) Class: 7701K(12084K)->7701K(12084K)
[353.686s][info][gc             ] GC(575) Pause Young (Allocation Failure) 415M->15M(8142M) 17.892ms
[353.686s][info][gc,cpu         ] GC(575) User=0.02s Sys=0.00s Real=0.02s
[354.225s][info][gc,start       ] GC(576) Pause Young (Allocation Failure)
[354.225s][info][gc,task        ] GC(576) Using 6 workers of 6 for evacuation
[354.241s][info][gc,heap        ] GC(576) ParNew: 409773K->792K(460096K)
[354.241s][info][gc,heap        ] GC(576) CMS: 15491K->15491K(7877440K)
[354.241s][info][gc,metaspace   ] GC(576) Metaspace: 60690K(69828K)->60690K(69828K) NonClass: 52989K(57744K)->52989K(57744K) Class: 7701K(12084K)->7701K(12084K)
[354.241s][info][gc             ] GC(576) Pause Young (Allocation Failure) 415M->15M(8142M) 16.218ms
[354.241s][info][gc,cpu         ] GC(576) User=0.02s Sys=0.00s Real=0.02s
[354.799s][info][gc,start       ] GC(577) Pause Young (Allocation Failure)
[354.799s][info][gc,task        ] GC(577) Using 6 workers of 6 for evacuation
[354.815s][info][gc,heap        ] GC(577) ParNew: 409816K->682K(460096K)
[354.815s][info][gc,heap        ] GC(577) CMS: 15491K->15491K(7877440K)
[354.815s][info][gc,metaspace   ] GC(577) Metaspace: 60690K(69828K)->60690K(69828K) NonClass: 52989K(57744K)->52989K(57744K) Class: 7701K(12084K)->7701K(12084K)
[354.815s][info][gc             ] GC(577) Pause Young (Allocation Failure) 415M->15M(8142M) 16.435ms
[354.815s][info][gc,cpu         ] GC(577) User=0.02s Sys=0.00s Real=0.02s
[355.364s][info][gc,start       ] GC(578) Pause Young (Allocation Failure)
[355.364s][info][gc,task        ] GC(578) Using 6 workers of 6 for evacuation
[355.380s][info][gc,heap        ] GC(578) ParNew: 409706K->913K(460096K)
[355.380s][info][gc,heap        ] GC(578) CMS: 15491K->15491K(7877440K)
[355.380s][info][gc,metaspace   ] GC(578) Metaspace: 60690K(69828K)->60690K(69828K) NonClass: 52989K(57744K)->52989K(57744K) Class: 7701K(12084K)->7701K(12084K)
[355.380s][info][gc             ] GC(578) Pause Young (Allocation Failure) 415M->16M(8142M) 16.893ms
[355.381s][info][gc,cpu         ] GC(578) User=0.02s Sys=0.00s Real=0.02s
[355.938s][info][gc,start       ] GC(579) Pause Young (Allocation Failure)
[355.938s][info][gc,task        ] GC(579) Using 6 workers of 6 for evacuation
[355.954s][info][gc,heap        ] GC(579) ParNew: 409937K->676K(460096K)
[355.954s][info][gc,heap        ] GC(579) CMS: 15491K->15491K(7877440K)
[355.954s][info][gc,metaspace   ] GC(579) Metaspace: 60690K(69828K)->60690K(69828K) NonClass: 52989K(57744K)->52989K(57744K) Class: 7701K(12084K)->7701K(12084K)
[355.954s][info][gc             ] GC(579) Pause Young (Allocation Failure) 415M->15M(8142M) 16.054ms
[355.954s][info][gc,cpu         ] GC(579) User=0.00s Sys=0.02s Real=0.02s
[356.510s][info][gc,start       ] GC(580) Pause Young (Allocation Failure)
[356.510s][info][gc,task        ] GC(580) Using 6 workers of 6 for evacuation
[356.525s][info][gc,heap        ] GC(580) ParNew: 409700K->453K(460096K)
[356.525s][info][gc,heap        ] GC(580) CMS: 15491K->15675K(7877440K)
[356.525s][info][gc,metaspace   ] GC(580) Metaspace: 60690K(69828K)->60690K(69828K) NonClass: 52989K(57744K)->52989K(57744K) Class: 7701K(12084K)->7701K(12084K)
[356.525s][info][gc             ] GC(580) Pause Young (Allocation Failure) 415M->15M(8142M) 15.378ms
[356.525s][info][gc,cpu         ] GC(580) User=0.02s Sys=0.00s Real=0.02s
[356.526s][info][gc,start       ] GC(581) Pause Full (System.gc())
[356.527s][info][gc,phases,start] GC(581) Phase 1: Mark live objects
[356.549s][info][gc,phases      ] GC(581) Phase 1: Mark live objects 22.008ms
[356.549s][info][gc,phases,start] GC(581) Phase 2: Compute new object addresses
[356.554s][info][gc,phases      ] GC(581) Phase 2: Compute new object addresses 4.804ms
[356.554s][info][gc,phases,start] GC(581) Phase 3: Adjust pointers
[356.571s][info][gc,phases      ] GC(581) Phase 3: Adjust pointers 17.060ms
[356.571s][info][gc,phases,start] GC(581) Phase 4: Move objects
[356.572s][info][gc,phases      ] GC(581) Phase 4: Move objects 0.648ms
[356.577s][info][gc,heap        ] GC(581) ParNew: 2435K->0K(460096K)
[356.577s][info][gc,heap        ] GC(581) CMS: 15675K->15579K(7877440K)
[356.577s][info][gc,metaspace   ] GC(581) Metaspace: 60690K(69828K)->60690K(69828K) NonClass: 52989K(57744K)->52989K(57744K) Class: 7701K(12084K)->7701K(12084K)
[356.578s][info][gc             ] GC(581) Pause Full (System.gc()) 17M->15M(8142M) 51.179ms
[356.578s][info][gc,cpu         ] GC(581) User=0.05s Sys=0.00s Real=0.05s
[357.149s][info][gc,start       ] GC(582) Pause Young (Allocation Failure)
[357.149s][info][gc,task        ] GC(582) Using 6 workers of 6 for evacuation
[357.165s][info][gc,heap        ] GC(582) ParNew: 409024K->533K(460096K)
[357.165s][info][gc,heap        ] GC(582) CMS: 15579K->15579K(7877440K)
[357.165s][info][gc,metaspace   ] GC(582) Metaspace: 60692K(69828K)->60692K(69828K) NonClass: 52991K(57744K)->52991K(57744K) Class: 7701K(12084K)->7701K(12084K)
[357.165s][info][gc             ] GC(582) Pause Young (Allocation Failure) 414M->15M(8142M) 15.951ms
[357.165s][info][gc,cpu         ] GC(582) User=0.00s Sys=0.00s Real=0.02s
[357.724s][info][gc,start       ] GC(583) Pause Young (Allocation Failure)
[357.724s][info][gc,task        ] GC(583) Using 6 workers of 6 for evacuation
[357.740s][info][gc,heap        ] GC(583) ParNew: 409557K->555K(460096K)
[357.740s][info][gc,heap        ] GC(583) CMS: 15579K->15579K(7877440K)
[357.740s][info][gc,metaspace   ] GC(583) Metaspace: 60692K(69828K)->60692K(69828K) NonClass: 52991K(57744K)->52991K(57744K) Class: 7701K(12084K)->7701K(12084K)
[357.740s][info][gc             ] GC(583) Pause Young (Allocation Failure) 415M->15M(8142M) 15.610ms
[357.740s][info][gc,cpu         ] GC(583) User=0.02s Sys=0.00s Real=0.02s
[358.285s][info][gc,start       ] GC(584) Pause Young (Allocation Failure)
[358.285s][info][gc,task        ] GC(584) Using 6 workers of 6 for evacuation
[358.301s][info][gc,heap        ] GC(584) ParNew: 409579K->719K(460096K)
[358.301s][info][gc,heap        ] GC(584) CMS: 15579K->15579K(7877440K)
[358.301s][info][gc,metaspace   ] GC(584) Metaspace: 60692K(69828K)->60692K(69828K) NonClass: 52991K(57744K)->52991K(57744K) Class: 7701K(12084K)->7701K(12084K)
[358.301s][info][gc             ] GC(584) Pause Young (Allocation Failure) 415M->15M(8142M) 15.533ms
[358.301s][info][gc,cpu         ] GC(584) User=0.00s Sys=0.00s Real=0.01s
[358.858s][info][gc,start       ] GC(585) Pause Young (Allocation Failure)
[358.858s][info][gc,task        ] GC(585) Using 6 workers of 6 for evacuation
[358.874s][info][gc,heap        ] GC(585) ParNew: 409743K->658K(460096K)
[358.874s][info][gc,heap        ] GC(585) CMS: 15579K->15579K(7877440K)
[358.874s][info][gc,metaspace   ] GC(585) Metaspace: 60692K(69828K)->60692K(69828K) NonClass: 52991K(57744K)->52991K(57744K) Class: 7701K(12084K)->7701K(12084K)
[358.874s][info][gc             ] GC(585) Pause Young (Allocation Failure) 415M->15M(8142M) 15.782ms
[358.874s][info][gc,cpu         ] GC(585) User=0.02s Sys=0.00s Real=0.01s
[359.414s][info][gc,start       ] GC(586) Pause Young (Allocation Failure)
[359.414s][info][gc,task        ] GC(586) Using 6 workers of 6 for evacuation
[359.429s][info][gc,heap        ] GC(586) ParNew: 409682K->702K(460096K)
[359.430s][info][gc,heap        ] GC(586) CMS: 15579K->15579K(7877440K)
[359.430s][info][gc,metaspace   ] GC(586) Metaspace: 60692K(69828K)->60692K(69828K) NonClass: 52991K(57744K)->52991K(57744K) Class: 7701K(12084K)->7701K(12084K)
[359.430s][info][gc             ] GC(586) Pause Young (Allocation Failure) 415M->15M(8142M) 16.043ms
[359.430s][info][gc,cpu         ] GC(586) User=0.02s Sys=0.00s Real=0.02s
[359.992s][info][gc,start       ] GC(587) Pause Young (Allocation Failure)
[359.992s][info][gc,task        ] GC(587) Using 6 workers of 6 for evacuation
[360.008s][info][gc,heap        ] GC(587) ParNew: 409726K->861K(460096K)
[360.008s][info][gc,heap        ] GC(587) CMS: 15579K->15579K(7877440K)
[360.008s][info][gc,metaspace   ] GC(587) Metaspace: 60705K(69828K)->60705K(69828K) NonClass: 53004K(57744K)->53004K(57744K) Class: 7701K(12084K)->7701K(12084K)
[360.008s][info][gc             ] GC(587) Pause Young (Allocation Failure) 415M->16M(8142M) 16.213ms
[360.008s][info][gc,cpu         ] GC(587) User=0.02s Sys=0.00s Real=0.02s
[360.560s][info][gc,start       ] GC(588) Pause Young (Allocation Failure)
[360.560s][info][gc,task        ] GC(588) Using 6 workers of 6 for evacuation
[360.576s][info][gc,heap        ] GC(588) ParNew: 409885K->310K(460096K)
[360.576s][info][gc,heap        ] GC(588) CMS: 15579K->15868K(7877440K)
[360.576s][info][gc,metaspace   ] GC(588) Metaspace: 60705K(69828K)->60705K(69828K) NonClass: 53004K(57744K)->53004K(57744K) Class: 7701K(12084K)->7701K(12084K)
[360.576s][info][gc             ] GC(588) Pause Young (Allocation Failure) 415M->15M(8142M) 16.136ms
[360.576s][info][gc,cpu         ] GC(588) User=0.02s Sys=0.00s Real=0.02s
[360.589s][info][gc,start       ] GC(589) Pause Full (System.gc())
[360.590s][info][gc,phases,start] GC(589) Phase 1: Mark live objects
[360.613s][info][gc,phases      ] GC(589) Phase 1: Mark live objects 22.921ms
[360.613s][info][gc,phases,start] GC(589) Phase 2: Compute new object addresses
[360.619s][info][gc,phases      ] GC(589) Phase 2: Compute new object addresses 5.407ms
[360.619s][info][gc,phases,start] GC(589) Phase 3: Adjust pointers
[360.636s][info][gc,phases      ] GC(589) Phase 3: Adjust pointers 17.364ms
[360.636s][info][gc,phases,start] GC(589) Phase 4: Move objects
[360.637s][info][gc,phases      ] GC(589) Phase 4: Move objects 0.632ms
[360.642s][info][gc,heap        ] GC(589) ParNew: 6658K->0K(460096K)
[360.642s][info][gc,heap        ] GC(589) CMS: 15868K->15513K(7877440K)
[360.642s][info][gc,metaspace   ] GC(589) Metaspace: 60705K(69828K)->60705K(69828K) NonClass: 53004K(57744K)->53004K(57744K) Class: 7701K(12084K)->7701K(12084K)
[360.643s][info][gc             ] GC(589) Pause Full (System.gc()) 21M->15M(8142M) 53.787ms
[360.643s][info][gc,cpu         ] GC(589) User=0.06s Sys=0.00s Real=0.06s
[361.213s][info][gc,start       ] GC(590) Pause Young (Allocation Failure)
[361.213s][info][gc,task        ] GC(590) Using 6 workers of 6 for evacuation
[361.229s][info][gc,heap        ] GC(590) ParNew: 409024K->555K(460096K)
[361.230s][info][gc,heap        ] GC(590) CMS: 15513K->15513K(7877440K)
[361.230s][info][gc,metaspace   ] GC(590) Metaspace: 60705K(69828K)->60705K(69828K) NonClass: 53004K(57744K)->53004K(57744K) Class: 7701K(12084K)->7701K(12084K)
[361.230s][info][gc             ] GC(590) Pause Young (Allocation Failure) 414M->15M(8142M) 16.318ms
[361.230s][info][gc,cpu         ] GC(590) User=0.02s Sys=0.00s Real=0.01s
[361.792s][info][gc,start       ] GC(591) Pause Young (Allocation Failure)
[361.792s][info][gc,task        ] GC(591) Using 6 workers of 6 for evacuation
[361.809s][info][gc,heap        ] GC(591) ParNew: 409579K->767K(460096K)
[361.809s][info][gc,heap        ] GC(591) CMS: 15513K->15513K(7877440K)
[361.809s][info][gc,metaspace   ] GC(591) Metaspace: 60705K(69828K)->60705K(69828K) NonClass: 53004K(57744K)->53004K(57744K) Class: 7701K(12084K)->7701K(12084K)
[361.809s][info][gc             ] GC(591) Pause Young (Allocation Failure) 415M->15M(8142M) 16.904ms
[361.809s][info][gc,cpu         ] GC(591) User=0.02s Sys=0.00s Real=0.02s
[362.360s][info][gc,start       ] GC(592) Pause Young (Allocation Failure)
[362.360s][info][gc,task        ] GC(592) Using 6 workers of 6 for evacuation
[362.377s][info][gc,heap        ] GC(592) ParNew: 409791K->805K(460096K)
[362.377s][info][gc,heap        ] GC(592) CMS: 15513K->15513K(7877440K)
[362.377s][info][gc,metaspace   ] GC(592) Metaspace: 60705K(69828K)->60705K(69828K) NonClass: 53004K(57744K)->53004K(57744K) Class: 7701K(12084K)->7701K(12084K)
[362.377s][info][gc             ] GC(592) Pause Young (Allocation Failure) 415M->15M(8142M) 16.313ms
[362.377s][info][gc,cpu         ] GC(592) User=0.00s Sys=0.00s Real=0.00s
[362.946s][info][gc,start       ] GC(593) Pause Young (Allocation Failure)
[362.946s][info][gc,task        ] GC(593) Using 6 workers of 6 for evacuation
[362.962s][info][gc,heap        ] GC(593) ParNew: 409829K->602K(460096K)
[362.962s][info][gc,heap        ] GC(593) CMS: 15513K->15513K(7877440K)
[362.962s][info][gc,metaspace   ] GC(593) Metaspace: 60705K(69828K)->60705K(69828K) NonClass: 53004K(57744K)->53004K(57744K) Class: 7701K(12084K)->7701K(12084K)
[362.962s][info][gc             ] GC(593) Pause Young (Allocation Failure) 415M->15M(8142M) 16.133ms
[362.962s][info][gc,cpu         ] GC(593) User=0.02s Sys=0.00s Real=0.02s
[363.513s][info][gc,start       ] GC(594) Pause Young (Allocation Failure)
[363.513s][info][gc,task        ] GC(594) Using 6 workers of 6 for evacuation
[363.529s][info][gc,heap        ] GC(594) ParNew: 409626K->818K(460096K)
[363.529s][info][gc,heap        ] GC(594) CMS: 15513K->15513K(7877440K)
[363.529s][info][gc,metaspace   ] GC(594) Metaspace: 60705K(69828K)->60705K(69828K) NonClass: 53004K(57744K)->53004K(57744K) Class: 7701K(12084K)->7701K(12084K)
[363.530s][info][gc             ] GC(594) Pause Young (Allocation Failure) 415M->15M(8142M) 16.320ms
[363.530s][info][gc,cpu         ] GC(594) User=0.00s Sys=0.02s Real=0.03s
[364.092s][info][gc,start       ] GC(595) Pause Young (Allocation Failure)
[364.092s][info][gc,task        ] GC(595) Using 6 workers of 6 for evacuation
[364.109s][info][gc,heap        ] GC(595) ParNew: 409842K->668K(460096K)
[364.109s][info][gc,heap        ] GC(595) CMS: 15513K->15513K(7877440K)
[364.109s][info][gc,metaspace   ] GC(595) Metaspace: 60705K(69828K)->60705K(69828K) NonClass: 53004K(57744K)->53004K(57744K) Class: 7701K(12084K)->7701K(12084K)
[364.109s][info][gc             ] GC(595) Pause Young (Allocation Failure) 415M->15M(8142M) 16.774ms
[364.109s][info][gc,cpu         ] GC(595) User=0.02s Sys=0.00s Real=0.01s
[364.692s][info][gc,start       ] GC(596) Pause Young (Allocation Failure)
[364.692s][info][gc,task        ] GC(596) Using 6 workers of 6 for evacuation
[364.707s][info][gc,heap        ] GC(596) ParNew: 409692K->488K(460096K)
[364.708s][info][gc,heap        ] GC(596) CMS: 15513K->15792K(7877440K)
[364.708s][info][gc,metaspace   ] GC(596) Metaspace: 60705K(69828K)->60705K(69828K) NonClass: 53004K(57744K)->53004K(57744K) Class: 7701K(12084K)->7701K(12084K)
[364.708s][info][gc             ] GC(596) Pause Young (Allocation Failure) 415M->15M(8142M) 15.847ms
[364.708s][info][gc,cpu         ] GC(596) User=0.02s Sys=0.00s Real=0.02s
[364.721s][info][gc,start       ] GC(597) Pause Full (System.gc())
[364.721s][info][gc,phases,start] GC(597) Phase 1: Mark live objects
[364.744s][info][gc,phases      ] GC(597) Phase 1: Mark live objects 22.542ms
[364.744s][info][gc,phases,start] GC(597) Phase 2: Compute new object addresses
[364.749s][info][gc,phases      ] GC(597) Phase 2: Compute new object addresses 5.279ms
[364.749s][info][gc,phases,start] GC(597) Phase 3: Adjust pointers
[364.766s][info][gc,phases      ] GC(597) Phase 3: Adjust pointers 17.030ms
[364.766s][info][gc,phases,start] GC(597) Phase 4: Move objects
[364.767s][info][gc,phases      ] GC(597) Phase 4: Move objects 0.657ms
[364.772s][info][gc,heap        ] GC(597) ParNew: 5722K->0K(460096K)
[364.772s][info][gc,heap        ] GC(597) CMS: 15792K->15569K(7877440K)
[364.772s][info][gc,metaspace   ] GC(597) Metaspace: 60705K(69828K)->60705K(69828K) NonClass: 53004K(57744K)->53004K(57744K) Class: 7701K(12084K)->7701K(12084K)
[364.773s][info][gc             ] GC(597) Pause Full (System.gc()) 21M->15M(8142M) 52.419ms
[364.773s][info][gc,cpu         ] GC(597) User=0.05s Sys=0.00s Real=0.05s
[365.330s][info][gc,start       ] GC(598) Pause Young (Allocation Failure)
[365.330s][info][gc,task        ] GC(598) Using 6 workers of 6 for evacuation
[365.346s][info][gc,heap        ] GC(598) ParNew: 409024K->531K(460096K)
[365.346s][info][gc,heap        ] GC(598) CMS: 15569K->15569K(7877440K)
[365.346s][info][gc,metaspace   ] GC(598) Metaspace: 60717K(69828K)->60717K(69828K) NonClass: 53016K(57744K)->53016K(57744K) Class: 7701K(12084K)->7701K(12084K)
[365.346s][info][gc             ] GC(598) Pause Young (Allocation Failure) 414M->15M(8142M) 16.137ms
[365.346s][info][gc,cpu         ] GC(598) User=0.02s Sys=0.00s Real=0.02s
[365.900s][info][gc,start       ] GC(599) Pause Young (Allocation Failure)
[365.900s][info][gc,task        ] GC(599) Using 6 workers of 6 for evacuation
[365.916s][info][gc,heap        ] GC(599) ParNew: 409555K->647K(460096K)
[365.916s][info][gc,heap        ] GC(599) CMS: 15569K->15569K(7877440K)
[365.916s][info][gc,metaspace   ] GC(599) Metaspace: 60717K(69828K)->60717K(69828K) NonClass: 53016K(57744K)->53016K(57744K) Class: 7701K(12084K)->7701K(12084K)
[365.916s][info][gc             ] GC(599) Pause Young (Allocation Failure) 415M->15M(8142M) 16.386ms
[365.916s][info][gc,cpu         ] GC(599) User=0.02s Sys=0.00s Real=0.01s
[366.461s][info][gc,start       ] GC(600) Pause Young (Allocation Failure)
[366.461s][info][gc,task        ] GC(600) Using 6 workers of 6 for evacuation
[366.477s][info][gc,heap        ] GC(600) ParNew: 409671K->770K(460096K)
[366.477s][info][gc,heap        ] GC(600) CMS: 15569K->15569K(7877440K)
[366.477s][info][gc,metaspace   ] GC(600) Metaspace: 60717K(69828K)->60717K(69828K) NonClass: 53016K(57744K)->53016K(57744K) Class: 7701K(12084K)->7701K(12084K)
[366.477s][info][gc             ] GC(600) Pause Young (Allocation Failure) 415M->15M(8142M) 16.056ms
[366.477s][info][gc,cpu         ] GC(600) User=0.02s Sys=0.00s Real=0.02s
[367.040s][info][gc,start       ] GC(601) Pause Young (Allocation Failure)
[367.040s][info][gc,task        ] GC(601) Using 6 workers of 6 for evacuation
[367.055s][info][gc,heap        ] GC(601) ParNew: 409794K->737K(460096K)
[367.055s][info][gc,heap        ] GC(601) CMS: 15569K->15569K(7877440K)
[367.055s][info][gc,metaspace   ] GC(601) Metaspace: 60717K(69828K)->60717K(69828K) NonClass: 53016K(57744K)->53016K(57744K) Class: 7701K(12084K)->7701K(12084K)
[367.055s][info][gc             ] GC(601) Pause Young (Allocation Failure) 415M->15M(8142M) 15.002ms
[367.055s][info][gc,cpu         ] GC(601) User=0.02s Sys=0.00s Real=0.01s
[367.597s][info][gc,start       ] GC(602) Pause Young (Allocation Failure)
[367.597s][info][gc,task        ] GC(602) Using 6 workers of 6 for evacuation
[367.613s][info][gc,heap        ] GC(602) ParNew: 409761K->807K(460096K)
[367.613s][info][gc,heap        ] GC(602) CMS: 15569K->15569K(7877440K)
[367.613s][info][gc,metaspace   ] GC(602) Metaspace: 60717K(69828K)->60717K(69828K) NonClass: 53016K(57744K)->53016K(57744K) Class: 7701K(12084K)->7701K(12084K)
[367.613s][info][gc             ] GC(602) Pause Young (Allocation Failure) 415M->15M(8142M) 15.966ms
[367.613s][info][gc,cpu         ] GC(602) User=0.02s Sys=0.00s Real=0.01s
[368.181s][info][gc,start       ] GC(603) Pause Young (Allocation Failure)
[368.181s][info][gc,task        ] GC(603) Using 6 workers of 6 for evacuation
[368.197s][info][gc,heap        ] GC(603) ParNew: 409831K->837K(460096K)
[368.197s][info][gc,heap        ] GC(603) CMS: 15569K->15569K(7877440K)
[368.197s][info][gc,metaspace   ] GC(603) Metaspace: 60717K(69828K)->60717K(69828K) NonClass: 53016K(57744K)->53016K(57744K) Class: 7701K(12084K)->7701K(12084K)
[368.197s][info][gc             ] GC(603) Pause Young (Allocation Failure) 415M->16M(8142M) 16.043ms
[368.197s][info][gc,cpu         ] GC(603) User=0.02s Sys=0.00s Real=0.02s
[368.774s][info][gc,start       ] GC(604) Pause Young (Allocation Failure)
[368.774s][info][gc,task        ] GC(604) Using 6 workers of 6 for evacuation
[368.788s][info][gc,heap        ] GC(604) ParNew: 409861K->514K(460096K)
[368.788s][info][gc,heap        ] GC(604) CMS: 15569K->15859K(7877440K)
[368.788s][info][gc,metaspace   ] GC(604) Metaspace: 60717K(69828K)->60717K(69828K) NonClass: 53016K(57744K)->53016K(57744K) Class: 7701K(12084K)->7701K(12084K)
[368.788s][info][gc             ] GC(604) Pause Young (Allocation Failure) 415M->15M(8142M) 14.755ms
[368.788s][info][gc,cpu         ] GC(604) User=0.02s Sys=0.00s Real=0.01s
[368.793s][info][gc,start       ] GC(605) Pause Full (System.gc())
[368.794s][info][gc,phases,start] GC(605) Phase 1: Mark live objects
[368.816s][info][gc,phases      ] GC(605) Phase 1: Mark live objects 22.327ms
[368.816s][info][gc,phases,start] GC(605) Phase 2: Compute new object addresses
[368.821s][info][gc,phases      ] GC(605) Phase 2: Compute new object addresses 4.791ms
[368.821s][info][gc,phases,start] GC(605) Phase 3: Adjust pointers
[368.838s][info][gc,phases      ] GC(605) Phase 3: Adjust pointers 17.367ms
[368.838s][info][gc,phases,start] GC(605) Phase 4: Move objects
[368.839s][info][gc,phases      ] GC(605) Phase 4: Move objects 0.767ms
[368.845s][info][gc,heap        ] GC(605) ParNew: 4080K->0K(460096K)
[368.845s][info][gc,heap        ] GC(605) CMS: 15859K->15489K(7877440K)
[368.845s][info][gc,metaspace   ] GC(605) Metaspace: 60717K(69828K)->60717K(69828K) NonClass: 53016K(57744K)->53016K(57744K) Class: 7701K(12084K)->7701K(12084K)
[368.846s][info][gc             ] GC(605) Pause Full (System.gc()) 19M->15M(8142M) 52.700ms
[368.846s][info][gc,cpu         ] GC(605) User=0.05s Sys=0.00s Real=0.05s
[369.404s][info][gc,start       ] GC(606) Pause Young (Allocation Failure)
[369.404s][info][gc,task        ] GC(606) Using 6 workers of 6 for evacuation
[369.421s][info][gc,heap        ] GC(606) ParNew: 409024K->608K(460096K)
[369.421s][info][gc,heap        ] GC(606) CMS: 15489K->15489K(7877440K)
[369.421s][info][gc,metaspace   ] GC(606) Metaspace: 60720K(69828K)->60720K(69828K) NonClass: 53019K(57744K)->53019K(57744K) Class: 7701K(12084K)->7701K(12084K)
[369.421s][info][gc             ] GC(606) Pause Young (Allocation Failure) 414M->15M(8142M) 16.814ms
[369.421s][info][gc,cpu         ] GC(606) User=0.02s Sys=0.00s Real=0.01s
[369.974s][info][gc,start       ] GC(607) Pause Young (Allocation Failure)
[369.974s][info][gc,task        ] GC(607) Using 6 workers of 6 for evacuation
[369.991s][info][gc,heap        ] GC(607) ParNew: 409632K->735K(460096K)
[369.991s][info][gc,heap        ] GC(607) CMS: 15489K->15489K(7877440K)
[369.991s][info][gc,metaspace   ] GC(607) Metaspace: 60720K(69828K)->60720K(69828K) NonClass: 53019K(57744K)->53019K(57744K) Class: 7701K(12084K)->7701K(12084K)
[369.991s][info][gc             ] GC(607) Pause Young (Allocation Failure) 415M->15M(8142M) 16.516ms
[369.991s][info][gc,cpu         ] GC(607) User=0.02s Sys=0.00s Real=0.01s
[370.535s][info][gc,start       ] GC(608) Pause Young (Allocation Failure)
[370.536s][info][gc,task        ] GC(608) Using 6 workers of 6 for evacuation
[370.553s][info][gc,heap        ] GC(608) ParNew: 409759K->757K(460096K)
[370.553s][info][gc,heap        ] GC(608) CMS: 15489K->15489K(7877440K)
[370.553s][info][gc,metaspace   ] GC(608) Metaspace: 60720K(69828K)->60720K(69828K) NonClass: 53019K(57744K)->53019K(57744K) Class: 7701K(12084K)->7701K(12084K)
[370.553s][info][gc             ] GC(608) Pause Young (Allocation Failure) 415M->15M(8142M) 17.406ms
[370.553s][info][gc,cpu         ] GC(608) User=0.00s Sys=0.00s Real=0.02s
[371.111s][info][gc,start       ] GC(609) Pause Young (Allocation Failure)
[371.111s][info][gc,task        ] GC(609) Using 6 workers of 6 for evacuation
[371.128s][info][gc,heap        ] GC(609) ParNew: 409781K->851K(460096K)
[371.128s][info][gc,heap        ] GC(609) CMS: 15489K->15489K(7877440K)
[371.128s][info][gc,metaspace   ] GC(609) Metaspace: 60720K(69828K)->60720K(69828K) NonClass: 53019K(57744K)->53019K(57744K) Class: 7701K(12084K)->7701K(12084K)
[371.128s][info][gc             ] GC(609) Pause Young (Allocation Failure) 415M->15M(8142M) 16.390ms
[371.128s][info][gc,cpu         ] GC(609) User=0.02s Sys=0.00s Real=0.01s
[371.689s][info][gc,start       ] GC(610) Pause Young (Allocation Failure)
[371.689s][info][gc,task        ] GC(610) Using 6 workers of 6 for evacuation
[371.705s][info][gc,heap        ] GC(610) ParNew: 409875K->875K(460096K)
[371.705s][info][gc,heap        ] GC(610) CMS: 15489K->15489K(7877440K)
[371.705s][info][gc,metaspace   ] GC(610) Metaspace: 60720K(69828K)->60720K(69828K) NonClass: 53019K(57744K)->53019K(57744K) Class: 7701K(12084K)->7701K(12084K)
[371.705s][info][gc             ] GC(610) Pause Young (Allocation Failure) 415M->15M(8142M) 16.802ms
[371.705s][info][gc,cpu         ] GC(610) User=0.02s Sys=0.00s Real=0.01s
[372.260s][info][gc,start       ] GC(611) Pause Young (Allocation Failure)
[372.260s][info][gc,task        ] GC(611) Using 6 workers of 6 for evacuation
[372.276s][info][gc,heap        ] GC(611) ParNew: 409899K->884K(460096K)
[372.276s][info][gc,heap        ] GC(611) CMS: 15489K->15489K(7877440K)
[372.276s][info][gc,metaspace   ] GC(611) Metaspace: 60720K(69828K)->60720K(69828K) NonClass: 53019K(57744K)->53019K(57744K) Class: 7701K(12084K)->7701K(12084K)
[372.276s][info][gc             ] GC(611) Pause Young (Allocation Failure) 415M->15M(8142M) 16.282ms
[372.276s][info][gc,cpu         ] GC(611) User=0.02s Sys=0.00s Real=0.02s
[372.841s][info][gc,start       ] GC(612) Pause Young (Allocation Failure)
[372.841s][info][gc,task        ] GC(612) Using 6 workers of 6 for evacuation
[372.857s][info][gc,heap        ] GC(612) ParNew: 409908K->329K(460096K)
[372.857s][info][gc,heap        ] GC(612) CMS: 15489K->15797K(7877440K)
[372.857s][info][gc,metaspace   ] GC(612) Metaspace: 60720K(69828K)->60720K(69828K) NonClass: 53019K(57744K)->53019K(57744K) Class: 7701K(12084K)->7701K(12084K)
[372.857s][info][gc             ] GC(612) Pause Young (Allocation Failure) 415M->15M(8142M) 15.635ms
[372.857s][info][gc,cpu         ] GC(612) User=0.02s Sys=0.00s Real=0.02s
[372.868s][info][gc,start       ] GC(613) Pause Full (System.gc())
[372.869s][info][gc,phases,start] GC(613) Phase 1: Mark live objects
[372.891s][info][gc,phases      ] GC(613) Phase 1: Mark live objects 22.579ms
[372.891s][info][gc,phases,start] GC(613) Phase 2: Compute new object addresses
[372.897s][info][gc,phases      ] GC(613) Phase 2: Compute new object addresses 5.315ms
[372.897s][info][gc,phases,start] GC(613) Phase 3: Adjust pointers
[372.914s][info][gc,phases      ] GC(613) Phase 3: Adjust pointers 17.270ms
[372.914s][info][gc,phases,start] GC(613) Phase 4: Move objects
[372.915s][info][gc,phases      ] GC(613) Phase 4: Move objects 0.740ms
[372.920s][info][gc,heap        ] GC(613) ParNew: 7885K->0K(460096K)
[372.920s][info][gc,heap        ] GC(613) CMS: 15797K->15487K(7877440K)
[372.920s][info][gc,metaspace   ] GC(613) Metaspace: 60720K(69828K)->60720K(69828K) NonClass: 53019K(57744K)->53019K(57744K) Class: 7701K(12084K)->7701K(12084K)
[372.920s][info][gc             ] GC(613) Pause Full (System.gc()) 23M->15M(8142M) 52.056ms
[372.920s][info][gc,cpu         ] GC(613) User=0.05s Sys=0.00s Real=0.04s
[373.477s][info][gc,start       ] GC(614) Pause Young (Allocation Failure)
[373.477s][info][gc,task        ] GC(614) Using 6 workers of 6 for evacuation
[373.492s][info][gc,heap        ] GC(614) ParNew: 409024K->559K(460096K)
[373.492s][info][gc,heap        ] GC(614) CMS: 15487K->15487K(7877440K)
[373.492s][info][gc,metaspace   ] GC(614) Metaspace: 60720K(69828K)->60720K(69828K) NonClass: 53019K(57744K)->53019K(57744K) Class: 7701K(12084K)->7701K(12084K)
[373.492s][info][gc             ] GC(614) Pause Young (Allocation Failure) 414M->15M(8142M) 15.291ms
[373.492s][info][gc,cpu         ] GC(614) User=0.00s Sys=0.00s Real=0.00s
[374.048s][info][gc,start       ] GC(615) Pause Young (Allocation Failure)
[374.048s][info][gc,task        ] GC(615) Using 6 workers of 6 for evacuation
[374.063s][info][gc,heap        ] GC(615) ParNew: 409583K->725K(460096K)
[374.063s][info][gc,heap        ] GC(615) CMS: 15487K->15487K(7877440K)
[374.063s][info][gc,metaspace   ] GC(615) Metaspace: 60720K(69828K)->60720K(69828K) NonClass: 53019K(57744K)->53019K(57744K) Class: 7701K(12084K)->7701K(12084K)
[374.063s][info][gc             ] GC(615) Pause Young (Allocation Failure) 415M->15M(8142M) 15.432ms
[374.063s][info][gc,cpu         ] GC(615) User=0.00s Sys=0.00s Real=0.01s
[374.609s][info][gc,start       ] GC(616) Pause Young (Allocation Failure)
[374.610s][info][gc,task        ] GC(616) Using 6 workers of 6 for evacuation
[374.625s][info][gc,heap        ] GC(616) ParNew: 409749K->747K(460096K)
[374.626s][info][gc,heap        ] GC(616) CMS: 15487K->15487K(7877440K)
[374.626s][info][gc,metaspace   ] GC(616) Metaspace: 60720K(69828K)->60720K(69828K) NonClass: 53019K(57744K)->53019K(57744K) Class: 7701K(12084K)->7701K(12084K)
[374.626s][info][gc             ] GC(616) Pause Young (Allocation Failure) 415M->15M(8142M) 16.185ms
[374.626s][info][gc,cpu         ] GC(616) User=0.02s Sys=0.00s Real=0.02s
[375.181s][info][gc,start       ] GC(617) Pause Young (Allocation Failure)
[375.181s][info][gc,task        ] GC(617) Using 6 workers of 6 for evacuation
[375.196s][info][gc,heap        ] GC(617) ParNew: 409771K->745K(460096K)
[375.196s][info][gc,heap        ] GC(617) CMS: 15487K->15487K(7877440K)
[375.196s][info][gc,metaspace   ] GC(617) Metaspace: 60720K(69828K)->60720K(69828K) NonClass: 53019K(57744K)->53019K(57744K) Class: 7701K(12084K)->7701K(12084K)
[375.196s][info][gc             ] GC(617) Pause Young (Allocation Failure) 415M->15M(8142M) 14.981ms
[375.196s][info][gc,cpu         ] GC(617) User=0.02s Sys=0.00s Real=0.02s
[375.752s][info][gc,start       ] GC(618) Pause Young (Allocation Failure)
[375.752s][info][gc,task        ] GC(618) Using 6 workers of 6 for evacuation
[375.768s][info][gc,heap        ] GC(618) ParNew: 409769K->834K(460096K)
[375.768s][info][gc,heap        ] GC(618) CMS: 15487K->15487K(7877440K)
[375.768s][info][gc,metaspace   ] GC(618) Metaspace: 60720K(69828K)->60720K(69828K) NonClass: 53019K(57744K)->53019K(57744K) Class: 7701K(12084K)->7701K(12084K)
[375.768s][info][gc             ] GC(618) Pause Young (Allocation Failure) 415M->15M(8142M) 15.528ms
[375.768s][info][gc,cpu         ] GC(618) User=0.02s Sys=0.00s Real=0.01s
[376.318s][info][gc,start       ] GC(619) Pause Young (Allocation Failure)
[376.318s][info][gc,task        ] GC(619) Using 6 workers of 6 for evacuation
[376.333s][info][gc,heap        ] GC(619) ParNew: 409858K->808K(460096K)
[376.333s][info][gc,heap        ] GC(619) CMS: 15487K->15487K(7877440K)
[376.333s][info][gc,metaspace   ] GC(619) Metaspace: 60720K(69828K)->60720K(69828K) NonClass: 53019K(57744K)->53019K(57744K) Class: 7701K(12084K)->7701K(12084K)
[376.333s][info][gc             ] GC(619) Pause Young (Allocation Failure) 415M->15M(8142M) 15.177ms
[376.333s][info][gc,cpu         ] GC(619) User=0.00s Sys=0.00s Real=0.00s
[376.902s][info][gc,start       ] GC(620) Pause Young (Allocation Failure)
[376.902s][info][gc,task        ] GC(620) Using 6 workers of 6 for evacuation
[376.918s][info][gc,heap        ] GC(620) ParNew: 409832K->511K(460096K)
[376.918s][info][gc,heap        ] GC(620) CMS: 15487K->15777K(7877440K)
[376.918s][info][gc,metaspace   ] GC(620) Metaspace: 60720K(69828K)->60720K(69828K) NonClass: 53019K(57744K)->53019K(57744K) Class: 7701K(12084K)->7701K(12084K)
[376.918s][info][gc             ] GC(620) Pause Young (Allocation Failure) 415M->15M(8142M) 16.043ms
[376.918s][info][gc,cpu         ] GC(620) User=0.02s Sys=0.00s Real=0.02s
[376.921s][info][gc,start       ] GC(621) Pause Full (System.gc())
[376.922s][info][gc,phases,start] GC(621) Phase 1: Mark live objects
[376.945s][info][gc,phases      ] GC(621) Phase 1: Mark live objects 22.502ms
[376.945s][info][gc,phases,start] GC(621) Phase 2: Compute new object addresses
[376.949s][info][gc,phases      ] GC(621) Phase 2: Compute new object addresses 4.787ms
[376.950s][info][gc,phases,start] GC(621) Phase 3: Adjust pointers
[376.967s][info][gc,phases      ] GC(621) Phase 3: Adjust pointers 17.348ms
[376.967s][info][gc,phases,start] GC(621) Phase 4: Move objects
[376.968s][info][gc,phases      ] GC(621) Phase 4: Move objects 0.622ms
[376.973s][info][gc,heap        ] GC(621) ParNew: 4879K->0K(460096K)
[376.973s][info][gc,heap        ] GC(621) CMS: 15777K->15507K(7877440K)
[376.973s][info][gc,metaspace   ] GC(621) Metaspace: 60720K(69828K)->60720K(69828K) NonClass: 53019K(57744K)->53019K(57744K) Class: 7701K(12084K)->7701K(12084K)
[376.973s][info][gc             ] GC(621) Pause Full (System.gc()) 20M->15M(8142M) 51.845ms
[376.973s][info][gc,cpu         ] GC(621) User=0.05s Sys=0.00s Real=0.05s
[377.532s][info][gc,start       ] GC(622) Pause Young (Allocation Failure)
[377.532s][info][gc,task        ] GC(622) Using 6 workers of 6 for evacuation
[377.548s][info][gc,heap        ] GC(622) ParNew: 409024K->521K(460096K)
[377.548s][info][gc,heap        ] GC(622) CMS: 15507K->15507K(7877440K)
[377.548s][info][gc,metaspace   ] GC(622) Metaspace: 60720K(69828K)->60720K(69828K) NonClass: 53019K(57744K)->53019K(57744K) Class: 7701K(12084K)->7701K(12084K)
[377.548s][info][gc             ] GC(622) Pause Young (Allocation Failure) 414M->15M(8142M) 15.903ms
[377.548s][info][gc,cpu         ] GC(622) User=0.02s Sys=0.00s Real=0.02s
[378.107s][info][gc,start       ] GC(623) Pause Young (Allocation Failure)
[378.107s][info][gc,task        ] GC(623) Using 6 workers of 6 for evacuation
[378.124s][info][gc,heap        ] GC(623) ParNew: 409545K->853K(460096K)
[378.124s][info][gc,heap        ] GC(623) CMS: 15507K->15507K(7877440K)
[378.124s][info][gc,metaspace   ] GC(623) Metaspace: 60720K(69828K)->60720K(69828K) NonClass: 53019K(57744K)->53019K(57744K) Class: 7701K(12084K)->7701K(12084K)
[378.124s][info][gc             ] GC(623) Pause Young (Allocation Failure) 415M->15M(8142M) 16.503ms
[378.124s][info][gc,cpu         ] GC(623) User=0.02s Sys=0.00s Real=0.02s
[378.684s][info][gc,start       ] GC(624) Pause Young (Allocation Failure)
[378.684s][info][gc,task        ] GC(624) Using 6 workers of 6 for evacuation
[378.701s][info][gc,heap        ] GC(624) ParNew: 409877K->739K(460096K)
[378.701s][info][gc,heap        ] GC(624) CMS: 15507K->15507K(7877440K)
[378.701s][info][gc,metaspace   ] GC(624) Metaspace: 60720K(69828K)->60720K(69828K) NonClass: 53019K(57744K)->53019K(57744K) Class: 7701K(12084K)->7701K(12084K)
[378.701s][info][gc             ] GC(624) Pause Young (Allocation Failure) 415M->15M(8142M) 16.563ms
[378.701s][info][gc,cpu         ] GC(624) User=0.02s Sys=0.00s Real=0.02s
[379.253s][info][gc,start       ] GC(625) Pause Young (Allocation Failure)
[379.253s][info][gc,task        ] GC(625) Using 6 workers of 6 for evacuation
[379.269s][info][gc,heap        ] GC(625) ParNew: 409763K->825K(460096K)
[379.269s][info][gc,heap        ] GC(625) CMS: 15507K->15507K(7877440K)
[379.269s][info][gc,metaspace   ] GC(625) Metaspace: 60720K(69828K)->60720K(69828K) NonClass: 53019K(57744K)->53019K(57744K) Class: 7701K(12084K)->7701K(12084K)
[379.269s][info][gc             ] GC(625) Pause Young (Allocation Failure) 415M->15M(8142M) 15.672ms
[379.269s][info][gc,cpu         ] GC(625) User=0.02s Sys=0.00s Real=0.02s
[379.830s][info][gc,start       ] GC(626) Pause Young (Allocation Failure)
[379.830s][info][gc,task        ] GC(626) Using 6 workers of 6 for evacuation
[379.846s][info][gc,heap        ] GC(626) ParNew: 409849K->616K(460096K)
[379.846s][info][gc,heap        ] GC(626) CMS: 15507K->15507K(7877440K)
[379.846s][info][gc,metaspace   ] GC(626) Metaspace: 60720K(69828K)->60720K(69828K) NonClass: 53019K(57744K)->53019K(57744K) Class: 7701K(12084K)->7701K(12084K)
[379.846s][info][gc             ] GC(626) Pause Young (Allocation Failure) 415M->15M(8142M) 16.226ms
[379.846s][info][gc,cpu         ] GC(626) User=0.02s Sys=0.00s Real=0.02s
[380.397s][info][gc,start       ] GC(627) Pause Young (Allocation Failure)
[380.397s][info][gc,task        ] GC(627) Using 6 workers of 6 for evacuation
[380.414s][info][gc,heap        ] GC(627) ParNew: 409640K->758K(460096K)
[380.414s][info][gc,heap        ] GC(627) CMS: 15507K->15507K(7877440K)
[380.414s][info][gc,metaspace   ] GC(627) Metaspace: 60720K(69828K)->60720K(69828K) NonClass: 53019K(57744K)->53019K(57744K) Class: 7701K(12084K)->7701K(12084K)
[380.414s][info][gc             ] GC(627) Pause Young (Allocation Failure) 415M->15M(8142M) 16.492ms
[380.414s][info][gc,cpu         ] GC(627) User=0.02s Sys=0.00s Real=0.02s
[380.982s][info][gc,start       ] GC(628) Pause Young (Allocation Failure)
[380.982s][info][gc,task        ] GC(628) Using 6 workers of 6 for evacuation
[380.997s][info][gc,heap        ] GC(628) ParNew: 409782K->485K(460096K)
[380.997s][info][gc,heap        ] GC(628) CMS: 15507K->15802K(7877440K)
[380.998s][info][gc,metaspace   ] GC(628) Metaspace: 60720K(69828K)->60720K(69828K) NonClass: 53019K(57744K)->53019K(57744K) Class: 7701K(12084K)->7701K(12084K)
[380.998s][info][gc             ] GC(628) Pause Young (Allocation Failure) 415M->15M(8142M) 15.895ms
[380.998s][info][gc,cpu         ] GC(628) User=0.02s Sys=0.00s Real=0.01s
[381.009s][info][gc,start       ] GC(629) Pause Full (System.gc())
[381.009s][info][gc,phases,start] GC(629) Phase 1: Mark live objects
[381.032s][info][gc,phases      ] GC(629) Phase 1: Mark live objects 22.720ms
[381.032s][info][gc,phases,start] GC(629) Phase 2: Compute new object addresses
[381.037s][info][gc,phases      ] GC(629) Phase 2: Compute new object addresses 5.090ms
[381.037s][info][gc,phases,start] GC(629) Phase 3: Adjust pointers
[381.055s][info][gc,phases      ] GC(629) Phase 3: Adjust pointers 17.168ms
[381.055s][info][gc,phases,start] GC(629) Phase 4: Move objects
[381.055s][info][gc,phases      ] GC(629) Phase 4: Move objects 0.624ms
[381.060s][info][gc,heap        ] GC(629) ParNew: 5790K->0K(460096K)
[381.060s][info][gc,heap        ] GC(629) CMS: 15802K->15491K(7877440K)
[381.060s][info][gc,metaspace   ] GC(629) Metaspace: 60721K(69828K)->60721K(69828K) NonClass: 53020K(57744K)->53020K(57744K) Class: 7701K(12084K)->7701K(12084K)
[381.061s][info][gc             ] GC(629) Pause Full (System.gc()) 21M->15M(8142M) 51.841ms
[381.061s][info][gc,cpu         ] GC(629) User=0.05s Sys=0.00s Real=0.05s
[381.620s][info][gc,start       ] GC(630) Pause Young (Allocation Failure)
[381.620s][info][gc,task        ] GC(630) Using 6 workers of 6 for evacuation
[381.637s][info][gc,heap        ] GC(630) ParNew: 409024K->601K(460096K)
[381.637s][info][gc,heap        ] GC(630) CMS: 15491K->15491K(7877440K)
[381.637s][info][gc,metaspace   ] GC(630) Metaspace: 60721K(69828K)->60721K(69828K) NonClass: 53020K(57744K)->53020K(57744K) Class: 7701K(12084K)->7701K(12084K)
[381.637s][info][gc             ] GC(630) Pause Young (Allocation Failure) 414M->15M(8142M) 16.373ms
[381.637s][info][gc,cpu         ] GC(630) User=0.02s Sys=0.00s Real=0.02s
[382.196s][info][gc,start       ] GC(631) Pause Young (Allocation Failure)
[382.196s][info][gc,task        ] GC(631) Using 6 workers of 6 for evacuation
[382.213s][info][gc,heap        ] GC(631) ParNew: 409625K->861K(460096K)
[382.213s][info][gc,heap        ] GC(631) CMS: 15491K->15491K(7877440K)
[382.213s][info][gc,metaspace   ] GC(631) Metaspace: 60721K(69828K)->60721K(69828K) NonClass: 53020K(57744K)->53020K(57744K) Class: 7701K(12084K)->7701K(12084K)
[382.213s][info][gc             ] GC(631) Pause Young (Allocation Failure) 415M->15M(8142M) 16.473ms
[382.213s][info][gc,cpu         ] GC(631) User=0.02s Sys=0.00s Real=0.01s
[382.775s][info][gc,start       ] GC(632) Pause Young (Allocation Failure)
[382.775s][info][gc,task        ] GC(632) Using 6 workers of 6 for evacuation
[382.791s][info][gc,heap        ] GC(632) ParNew: 409885K->835K(460096K)
[382.791s][info][gc,heap        ] GC(632) CMS: 15491K->15491K(7877440K)
[382.791s][info][gc,metaspace   ] GC(632) Metaspace: 60721K(69828K)->60721K(69828K) NonClass: 53020K(57744K)->53020K(57744K) Class: 7701K(12084K)->7701K(12084K)
[382.791s][info][gc             ] GC(632) Pause Young (Allocation Failure) 415M->15M(8142M) 16.246ms
[382.791s][info][gc,cpu         ] GC(632) User=0.00s Sys=0.00s Real=0.00s
[383.343s][info][gc,start       ] GC(633) Pause Young (Allocation Failure)
[383.343s][info][gc,task        ] GC(633) Using 6 workers of 6 for evacuation
[383.359s][info][gc,heap        ] GC(633) ParNew: 409859K->791K(460096K)
[383.360s][info][gc,heap        ] GC(633) CMS: 15491K->15491K(7877440K)
[383.360s][info][gc,metaspace   ] GC(633) Metaspace: 60721K(69828K)->60721K(69828K) NonClass: 53020K(57744K)->53020K(57744K) Class: 7701K(12084K)->7701K(12084K)
[383.360s][info][gc             ] GC(633) Pause Young (Allocation Failure) 415M->15M(8142M) 16.331ms
[383.360s][info][gc,cpu         ] GC(633) User=0.02s Sys=0.00s Real=0.03s
[383.921s][info][gc,start       ] GC(634) Pause Young (Allocation Failure)
[383.921s][info][gc,task        ] GC(634) Using 6 workers of 6 for evacuation
[383.937s][info][gc,heap        ] GC(634) ParNew: 409815K->769K(460096K)
[383.937s][info][gc,heap        ] GC(634) CMS: 15491K->15491K(7877440K)
[383.937s][info][gc,metaspace   ] GC(634) Metaspace: 60721K(69828K)->60721K(69828K) NonClass: 53020K(57744K)->53020K(57744K) Class: 7701K(12084K)->7701K(12084K)
[383.937s][info][gc             ] GC(634) Pause Young (Allocation Failure) 415M->15M(8142M) 16.327ms
[383.937s][info][gc,cpu         ] GC(634) User=0.02s Sys=0.00s Real=0.02s
[384.490s][info][gc,start       ] GC(635) Pause Young (Allocation Failure)
[384.490s][info][gc,task        ] GC(635) Using 6 workers of 6 for evacuation
[384.506s][info][gc,heap        ] GC(635) ParNew: 409793K->765K(460096K)
[384.507s][info][gc,heap        ] GC(635) CMS: 15491K->15491K(7877440K)
[384.507s][info][gc,metaspace   ] GC(635) Metaspace: 60721K(69828K)->60721K(69828K) NonClass: 53020K(57744K)->53020K(57744K) Class: 7701K(12084K)->7701K(12084K)
[384.507s][info][gc             ] GC(635) Pause Young (Allocation Failure) 415M->15M(8142M) 16.664ms
[384.507s][info][gc,cpu         ] GC(635) User=0.02s Sys=0.00s Real=0.02s
[385.074s][info][gc,start       ] GC(636) Pause Young (Allocation Failure)
[385.074s][info][gc,task        ] GC(636) Using 6 workers of 6 for evacuation
[385.090s][info][gc,heap        ] GC(636) ParNew: 409789K->505K(460096K)
[385.090s][info][gc,heap        ] GC(636) CMS: 15491K->15727K(7877440K)
[385.090s][info][gc,metaspace   ] GC(636) Metaspace: 60721K(69828K)->60721K(69828K) NonClass: 53020K(57744K)->53020K(57744K) Class: 7701K(12084K)->7701K(12084K)
[385.090s][info][gc             ] GC(636) Pause Young (Allocation Failure) 415M->15M(8142M) 16.271ms
[385.090s][info][gc,cpu         ] GC(636) User=0.02s Sys=0.00s Real=0.02s
[385.098s][info][gc,start       ] GC(637) Pause Full (System.gc())
[385.099s][info][gc,phases,start] GC(637) Phase 1: Mark live objects
[385.122s][info][gc,phases      ] GC(637) Phase 1: Mark live objects 22.869ms
[385.122s][info][gc,phases,start] GC(637) Phase 2: Compute new object addresses
[385.127s][info][gc,phases      ] GC(637) Phase 2: Compute new object addresses 5.183ms
[385.127s][info][gc,phases,start] GC(637) Phase 3: Adjust pointers
[385.145s][info][gc,phases      ] GC(637) Phase 3: Adjust pointers 17.525ms
[385.145s][info][gc,phases,start] GC(637) Phase 4: Move objects
[385.146s][info][gc,phases      ] GC(637) Phase 4: Move objects 0.631ms
[385.150s][info][gc,heap        ] GC(637) ParNew: 5290K->0K(460096K)
[385.150s][info][gc,heap        ] GC(637) CMS: 15727K->15520K(7877440K)
[385.150s][info][gc,metaspace   ] GC(637) Metaspace: 60721K(69828K)->60721K(69828K) NonClass: 53020K(57744K)->53020K(57744K) Class: 7701K(12084K)->7701K(12084K)
[385.151s][info][gc             ] GC(637) Pause Full (System.gc()) 20M->15M(8142M) 52.604ms
[385.151s][info][gc,cpu         ] GC(637) User=0.05s Sys=0.00s Real=0.05s
[385.718s][info][gc,start       ] GC(638) Pause Young (Allocation Failure)
[385.718s][info][gc,task        ] GC(638) Using 6 workers of 6 for evacuation
[385.735s][info][gc,heap        ] GC(638) ParNew: 409024K->571K(460096K)
[385.735s][info][gc,heap        ] GC(638) CMS: 15520K->15520K(7877440K)
[385.735s][info][gc,metaspace   ] GC(638) Metaspace: 60721K(69828K)->60721K(69828K) NonClass: 53020K(57744K)->53020K(57744K) Class: 7701K(12084K)->7701K(12084K)
[385.735s][info][gc             ] GC(638) Pause Young (Allocation Failure) 414M->15M(8142M) 17.542ms
[385.735s][info][gc,cpu         ] GC(638) User=0.02s Sys=0.00s Real=0.02s
[386.282s][info][gc,start       ] GC(639) Pause Young (Allocation Failure)
[386.282s][info][gc,task        ] GC(639) Using 6 workers of 6 for evacuation
[386.299s][info][gc,heap        ] GC(639) ParNew: 409595K->745K(460096K)
[386.299s][info][gc,heap        ] GC(639) CMS: 15520K->15520K(7877440K)
[386.299s][info][gc,metaspace   ] GC(639) Metaspace: 60721K(69828K)->60721K(69828K) NonClass: 53020K(57744K)->53020K(57744K) Class: 7701K(12084K)->7701K(12084K)
[386.299s][info][gc             ] GC(639) Pause Young (Allocation Failure) 415M->15M(8142M) 16.619ms
[386.299s][info][gc,cpu         ] GC(639) User=0.02s Sys=0.00s Real=0.01s
[386.866s][info][gc,start       ] GC(640) Pause Young (Allocation Failure)
[386.866s][info][gc,task        ] GC(640) Using 6 workers of 6 for evacuation
[386.882s][info][gc,heap        ] GC(640) ParNew: 409769K->717K(460096K)
[386.882s][info][gc,heap        ] GC(640) CMS: 15520K->15520K(7877440K)
[386.882s][info][gc,metaspace   ] GC(640) Metaspace: 60721K(69828K)->60721K(69828K) NonClass: 53020K(57744K)->53020K(57744K) Class: 7701K(12084K)->7701K(12084K)
[386.882s][info][gc             ] GC(640) Pause Young (Allocation Failure) 415M->15M(8142M) 16.244ms
[386.882s][info][gc,cpu         ] GC(640) User=0.02s Sys=0.00s Real=0.02s
[387.434s][info][gc,start       ] GC(641) Pause Young (Allocation Failure)
[387.434s][info][gc,task        ] GC(641) Using 6 workers of 6 for evacuation
[387.450s][info][gc,heap        ] GC(641) ParNew: 409741K->821K(460096K)
[387.450s][info][gc,heap        ] GC(641) CMS: 15520K->15520K(7877440K)
[387.450s][info][gc,metaspace   ] GC(641) Metaspace: 60721K(69828K)->60721K(69828K) NonClass: 53020K(57744K)->53020K(57744K) Class: 7701K(12084K)->7701K(12084K)
[387.450s][info][gc             ] GC(641) Pause Young (Allocation Failure) 415M->15M(8142M) 16.334ms
[387.450s][info][gc,cpu         ] GC(641) User=0.02s Sys=0.00s Real=0.02s
[388.016s][info][gc,start       ] GC(642) Pause Young (Allocation Failure)
[388.016s][info][gc,task        ] GC(642) Using 6 workers of 6 for evacuation
[388.032s][info][gc,heap        ] GC(642) ParNew: 409845K->848K(460096K)
[388.032s][info][gc,heap        ] GC(642) CMS: 15520K->15520K(7877440K)
[388.032s][info][gc,metaspace   ] GC(642) Metaspace: 60721K(69828K)->60721K(69828K) NonClass: 53020K(57744K)->53020K(57744K) Class: 7701K(12084K)->7701K(12084K)
[388.032s][info][gc             ] GC(642) Pause Young (Allocation Failure) 415M->15M(8142M) 16.052ms
[388.032s][info][gc,cpu         ] GC(642) User=0.00s Sys=0.00s Real=0.01s
[388.582s][info][gc,start       ] GC(643) Pause Young (Allocation Failure)
[388.582s][info][gc,task        ] GC(643) Using 6 workers of 6 for evacuation
[388.599s][info][gc,heap        ] GC(643) ParNew: 409872K->694K(460096K)
[388.599s][info][gc,heap        ] GC(643) CMS: 15520K->15520K(7877440K)
[388.599s][info][gc,metaspace   ] GC(643) Metaspace: 60721K(69828K)->60721K(69828K) NonClass: 53020K(57744K)->53020K(57744K) Class: 7701K(12084K)->7701K(12084K)
[388.599s][info][gc             ] GC(643) Pause Young (Allocation Failure) 415M->15M(8142M) 16.616ms
[388.599s][info][gc,cpu         ] GC(643) User=0.02s Sys=0.00s Real=0.02s
[389.164s][info][gc,start       ] GC(644) Pause Young (Allocation Failure)
[389.164s][info][gc,task        ] GC(644) Using 6 workers of 6 for evacuation
[389.180s][info][gc,heap        ] GC(644) ParNew: 409718K->497K(460096K)
[389.180s][info][gc,heap        ] GC(644) CMS: 15520K->15919K(7877440K)
[389.180s][info][gc,metaspace   ] GC(644) Metaspace: 60721K(69828K)->60721K(69828K) NonClass: 53020K(57744K)->53020K(57744K) Class: 7701K(12084K)->7701K(12084K)
[389.180s][info][gc             ] GC(644) Pause Young (Allocation Failure) 415M->16M(8142M) 16.537ms
[389.180s][info][gc,cpu         ] GC(644) User=0.02s Sys=0.00s Real=0.02s
[389.204s][info][gc,start       ] GC(645) Pause Full (System.gc())
[389.205s][info][gc,phases,start] GC(645) Phase 1: Mark live objects
[389.228s][info][gc,phases      ] GC(645) Phase 1: Mark live objects 22.591ms
[389.228s][info][gc,phases,start] GC(645) Phase 2: Compute new object addresses
[389.233s][info][gc,phases      ] GC(645) Phase 2: Compute new object addresses 5.506ms
[389.233s][info][gc,phases,start] GC(645) Phase 3: Adjust pointers
[389.250s][info][gc,phases      ] GC(645) Phase 3: Adjust pointers 17.179ms
[389.251s][info][gc,phases,start] GC(645) Phase 4: Move objects
[389.251s][info][gc,phases      ] GC(645) Phase 4: Move objects 0.678ms
[389.256s][info][gc,heap        ] GC(645) ParNew: 11486K->0K(460096K)
[389.256s][info][gc,heap        ] GC(645) CMS: 15919K->15556K(7877440K)
[389.256s][info][gc,metaspace   ] GC(645) Metaspace: 60722K(69828K)->60722K(69828K) NonClass: 53020K(57744K)->53020K(57744K) Class: 7701K(12084K)->7701K(12084K)
[389.257s][info][gc             ] GC(645) Pause Full (System.gc()) 26M->15M(8142M) 52.776ms
[389.257s][info][gc,cpu         ] GC(645) User=0.05s Sys=0.00s Real=0.05s
[389.825s][info][gc,start       ] GC(646) Pause Young (Allocation Failure)
[389.825s][info][gc,task        ] GC(646) Using 6 workers of 6 for evacuation
[389.842s][info][gc,heap        ] GC(646) ParNew: 409024K->567K(460096K)
[389.842s][info][gc,heap        ] GC(646) CMS: 15556K->15556K(7877440K)
[389.842s][info][gc,metaspace   ] GC(646) Metaspace: 60724K(69828K)->60724K(69828K) NonClass: 53023K(57744K)->53023K(57744K) Class: 7701K(12084K)->7701K(12084K)
[389.842s][info][gc             ] GC(646) Pause Young (Allocation Failure) 414M->15M(8142M) 16.755ms
[389.842s][info][gc,cpu         ] GC(646) User=0.02s Sys=0.00s Real=0.02s
[390.379s][info][gc,start       ] GC(647) Pause Young (Allocation Failure)
[390.379s][info][gc,task        ] GC(647) Using 6 workers of 6 for evacuation
[390.395s][info][gc,heap        ] GC(647) ParNew: 409591K->710K(460096K)
[390.395s][info][gc,heap        ] GC(647) CMS: 15556K->15556K(7877440K)
[390.395s][info][gc,metaspace   ] GC(647) Metaspace: 60724K(69828K)->60724K(69828K) NonClass: 53023K(57744K)->53023K(57744K) Class: 7701K(12084K)->7701K(12084K)
[390.395s][info][gc             ] GC(647) Pause Young (Allocation Failure) 415M->15M(8142M) 16.167ms
[390.395s][info][gc,cpu         ] GC(647) User=0.02s Sys=0.00s Real=0.02s
[390.952s][info][gc,start       ] GC(648) Pause Young (Allocation Failure)
[390.952s][info][gc,task        ] GC(648) Using 6 workers of 6 for evacuation
[390.968s][info][gc,heap        ] GC(648) ParNew: 409734K->778K(460096K)
[390.968s][info][gc,heap        ] GC(648) CMS: 15556K->15556K(7877440K)
[390.968s][info][gc,metaspace   ] GC(648) Metaspace: 60724K(69828K)->60724K(69828K) NonClass: 53023K(57744K)->53023K(57744K) Class: 7701K(12084K)->7701K(12084K)
[390.968s][info][gc             ] GC(648) Pause Young (Allocation Failure) 415M->15M(8142M) 15.822ms
[390.968s][info][gc,cpu         ] GC(648) User=0.02s Sys=0.00s Real=0.02s
[391.514s][info][gc,start       ] GC(649) Pause Young (Allocation Failure)
[391.514s][info][gc,task        ] GC(649) Using 6 workers of 6 for evacuation
[391.530s][info][gc,heap        ] GC(649) ParNew: 409802K->789K(460096K)
[391.530s][info][gc,heap        ] GC(649) CMS: 15556K->15556K(7877440K)
[391.530s][info][gc,metaspace   ] GC(649) Metaspace: 60724K(69828K)->60724K(69828K) NonClass: 53023K(57744K)->53023K(57744K) Class: 7701K(12084K)->7701K(12084K)
[391.530s][info][gc             ] GC(649) Pause Young (Allocation Failure) 415M->15M(8142M) 16.095ms
[391.530s][info][gc,cpu         ] GC(649) User=0.02s Sys=0.00s Real=0.01s
[392.089s][info][gc,start       ] GC(650) Pause Young (Allocation Failure)
[392.089s][info][gc,task        ] GC(650) Using 6 workers of 6 for evacuation
[392.105s][info][gc,heap        ] GC(650) ParNew: 409813K->804K(460096K)
[392.105s][info][gc,heap        ] GC(650) CMS: 15556K->15556K(7877440K)
[392.105s][info][gc,metaspace   ] GC(650) Metaspace: 60724K(69828K)->60724K(69828K) NonClass: 53023K(57744K)->53023K(57744K) Class: 7701K(12084K)->7701K(12084K)
[392.105s][info][gc             ] GC(650) Pause Young (Allocation Failure) 415M->15M(8142M) 15.766ms
[392.105s][info][gc,cpu         ] GC(650) User=0.02s Sys=0.00s Real=0.01s
[392.647s][info][gc,start       ] GC(651) Pause Young (Allocation Failure)
[392.647s][info][gc,task        ] GC(651) Using 6 workers of 6 for evacuation
[392.662s][info][gc,heap        ] GC(651) ParNew: 409828K->885K(460096K)
[392.662s][info][gc,heap        ] GC(651) CMS: 15556K->15556K(7877440K)
[392.662s][info][gc,metaspace   ] GC(651) Metaspace: 60724K(69828K)->60724K(69828K) NonClass: 53023K(57744K)->53023K(57744K) Class: 7701K(12084K)->7701K(12084K)
[392.662s][info][gc             ] GC(651) Pause Young (Allocation Failure) 415M->16M(8142M) 15.716ms
[392.662s][info][gc,cpu         ] GC(651) User=0.02s Sys=0.00s Real=0.01s
[393.226s][info][gc,start       ] GC(652) Pause Young (Allocation Failure)
[393.226s][info][gc,task        ] GC(652) Using 6 workers of 6 for evacuation
[393.242s][info][gc,heap        ] GC(652) ParNew: 409909K->351K(460096K)
[393.242s][info][gc,heap        ] GC(652) CMS: 15556K->15873K(7877440K)
[393.242s][info][gc,metaspace   ] GC(652) Metaspace: 60724K(69828K)->60724K(69828K) NonClass: 53023K(57744K)->53023K(57744K) Class: 7701K(12084K)->7701K(12084K)
[393.242s][info][gc             ] GC(652) Pause Young (Allocation Failure) 415M->15M(8142M) 16.165ms
[393.242s][info][gc,cpu         ] GC(652) User=0.02s Sys=0.00s Real=0.02s
[393.255s][info][gc,start       ] GC(653) Pause Full (System.gc())
[393.256s][info][gc,phases,start] GC(653) Phase 1: Mark live objects
[393.278s][info][gc,phases      ] GC(653) Phase 1: Mark live objects 22.269ms
[393.278s][info][gc,phases,start] GC(653) Phase 2: Compute new object addresses
[393.284s][info][gc,phases      ] GC(653) Phase 2: Compute new object addresses 5.374ms
[393.284s][info][gc,phases,start] GC(653) Phase 3: Adjust pointers
[393.301s][info][gc,phases      ] GC(653) Phase 3: Adjust pointers 17.262ms
[393.301s][info][gc,phases,start] GC(653) Phase 4: Move objects
[393.302s][info][gc,phases      ] GC(653) Phase 4: Move objects 0.772ms
[393.307s][info][gc,heap        ] GC(653) ParNew: 7860K->0K(460096K)
[393.307s][info][gc,heap        ] GC(653) CMS: 15873K->15491K(7877440K)
[393.307s][info][gc,metaspace   ] GC(653) Metaspace: 60724K(69828K)->60724K(69828K) NonClass: 53023K(57744K)->53023K(57744K) Class: 7701K(12084K)->7701K(12084K)
[393.308s][info][gc             ] GC(653) Pause Full (System.gc()) 23M->15M(8142M) 52.160ms
[393.308s][info][gc,cpu         ] GC(653) User=0.06s Sys=0.00s Real=0.05s
[393.873s][info][gc,start       ] GC(654) Pause Young (Allocation Failure)
[393.873s][info][gc,task        ] GC(654) Using 6 workers of 6 for evacuation
[393.889s][info][gc,heap        ] GC(654) ParNew: 409024K->538K(460096K)
[393.889s][info][gc,heap        ] GC(654) CMS: 15491K->15491K(7877440K)
[393.889s][info][gc,metaspace   ] GC(654) Metaspace: 60724K(69828K)->60724K(69828K) NonClass: 53023K(57744K)->53023K(57744K) Class: 7701K(12084K)->7701K(12084K)
[393.889s][info][gc             ] GC(654) Pause Young (Allocation Failure) 414M->15M(8142M) 15.846ms
[393.889s][info][gc,cpu         ] GC(654) User=0.02s Sys=0.00s Real=0.02s
[394.428s][info][gc,start       ] GC(655) Pause Young (Allocation Failure)
[394.428s][info][gc,task        ] GC(655) Using 6 workers of 6 for evacuation
[394.445s][info][gc,heap        ] GC(655) ParNew: 409562K->718K(460096K)
[394.445s][info][gc,heap        ] GC(655) CMS: 15491K->15491K(7877440K)
[394.445s][info][gc,metaspace   ] GC(655) Metaspace: 60724K(69828K)->60724K(69828K) NonClass: 53023K(57744K)->53023K(57744K) Class: 7701K(12084K)->7701K(12084K)
[394.445s][info][gc             ] GC(655) Pause Young (Allocation Failure) 415M->15M(8142M) 16.325ms
[394.445s][info][gc,cpu         ] GC(655) User=0.02s Sys=0.00s Real=0.02s
[395.004s][info][gc,start       ] GC(656) Pause Young (Allocation Failure)
[395.004s][info][gc,task        ] GC(656) Using 6 workers of 6 for evacuation
[395.020s][info][gc,heap        ] GC(656) ParNew: 409742K->753K(460096K)
[395.020s][info][gc,heap        ] GC(656) CMS: 15491K->15491K(7877440K)
[395.020s][info][gc,metaspace   ] GC(656) Metaspace: 60724K(69828K)->60724K(69828K) NonClass: 53023K(57744K)->53023K(57744K) Class: 7701K(12084K)->7701K(12084K)
[395.020s][info][gc             ] GC(656) Pause Young (Allocation Failure) 415M->15M(8142M) 16.459ms
[395.020s][info][gc,cpu         ] GC(656) User=0.00s Sys=0.00s Real=0.02s
[395.568s][info][gc,start       ] GC(657) Pause Young (Allocation Failure)
[395.568s][info][gc,task        ] GC(657) Using 6 workers of 6 for evacuation
[395.584s][info][gc,heap        ] GC(657) ParNew: 409777K->743K(460096K)
[395.584s][info][gc,heap        ] GC(657) CMS: 15491K->15491K(7877440K)
[395.584s][info][gc,metaspace   ] GC(657) Metaspace: 60724K(69828K)->60724K(69828K) NonClass: 53023K(57744K)->53023K(57744K) Class: 7701K(12084K)->7701K(12084K)
[395.584s][info][gc             ] GC(657) Pause Young (Allocation Failure) 415M->15M(8142M) 16.079ms
[395.584s][info][gc,cpu         ] GC(657) User=0.00s Sys=0.00s Real=0.00s
[396.145s][info][gc,start       ] GC(658) Pause Young (Allocation Failure)
[396.145s][info][gc,task        ] GC(658) Using 6 workers of 6 for evacuation
[396.162s][info][gc,heap        ] GC(658) ParNew: 409767K->762K(460096K)
[396.162s][info][gc,heap        ] GC(658) CMS: 15491K->15491K(7877440K)
[396.162s][info][gc,metaspace   ] GC(658) Metaspace: 60724K(69828K)->60724K(69828K) NonClass: 53023K(57744K)->53023K(57744K) Class: 7701K(12084K)->7701K(12084K)
[396.162s][info][gc             ] GC(658) Pause Young (Allocation Failure) 415M->15M(8142M) 16.720ms
[396.162s][info][gc,cpu         ] GC(658) User=0.02s Sys=0.00s Real=0.01s
[396.707s][info][gc,start       ] GC(659) Pause Young (Allocation Failure)
[396.707s][info][gc,task        ] GC(659) Using 6 workers of 6 for evacuation
[396.725s][info][gc,heap        ] GC(659) ParNew: 409786K->751K(460096K)
[396.725s][info][gc,heap        ] GC(659) CMS: 15491K->15491K(7877440K)
[396.725s][info][gc,metaspace   ] GC(659) Metaspace: 60724K(69828K)->60724K(69828K) NonClass: 53023K(57744K)->53023K(57744K) Class: 7701K(12084K)->7701K(12084K)
[396.725s][info][gc             ] GC(659) Pause Young (Allocation Failure) 415M->15M(8142M) 17.754ms
[396.725s][info][gc,cpu         ] GC(659) User=0.05s Sys=0.00s Real=0.02s
[397.297s][info][gc,start       ] GC(660) Pause Young (Allocation Failure)
[397.297s][info][gc,task        ] GC(660) Using 6 workers of 6 for evacuation
[397.313s][info][gc,heap        ] GC(660) ParNew: 409775K->504K(460096K)
[397.313s][info][gc,heap        ] GC(660) CMS: 15491K->15880K(7877440K)
[397.313s][info][gc,metaspace   ] GC(660) Metaspace: 60724K(69828K)->60724K(69828K) NonClass: 53023K(57744K)->53023K(57744K) Class: 7701K(12084K)->7701K(12084K)
[397.313s][info][gc             ] GC(660) Pause Young (Allocation Failure) 415M->16M(8142M) 15.575ms
[397.313s][info][gc,cpu         ] GC(660) User=0.02s Sys=0.00s Real=0.01s
[397.330s][info][gc,start       ] GC(661) Pause Full (System.gc())
[397.331s][info][gc,phases,start] GC(661) Phase 1: Mark live objects
[397.353s][info][gc,phases      ] GC(661) Phase 1: Mark live objects 22.541ms
[397.353s][info][gc,phases,start] GC(661) Phase 2: Compute new object addresses
[397.359s][info][gc,phases      ] GC(661) Phase 2: Compute new object addresses 6.011ms
[397.359s][info][gc,phases,start] GC(661) Phase 3: Adjust pointers
[397.377s][info][gc,phases      ] GC(661) Phase 3: Adjust pointers 17.790ms
[397.377s][info][gc,phases,start] GC(661) Phase 4: Move objects
[397.378s][info][gc,phases      ] GC(661) Phase 4: Move objects 0.657ms
[397.384s][info][gc,heap        ] GC(661) ParNew: 13900K->0K(460096K)
[397.384s][info][gc,heap        ] GC(661) CMS: 15880K->15578K(7877440K)
[397.384s][info][gc,metaspace   ] GC(661) Metaspace: 60724K(69828K)->60724K(69828K) NonClass: 53023K(57744K)->53023K(57744K) Class: 7701K(12084K)->7701K(12084K)
[397.384s][info][gc             ] GC(661) Pause Full (System.gc()) 29M->15M(8142M) 54.372ms
[397.384s][info][gc,cpu         ] GC(661) User=0.05s Sys=0.00s Real=0.06s
[397.946s][info][gc,start       ] GC(662) Pause Young (Allocation Failure)
[397.946s][info][gc,task        ] GC(662) Using 6 workers of 6 for evacuation
[397.961s][info][gc,heap        ] GC(662) ParNew: 409024K->553K(460096K)
[397.961s][info][gc,heap        ] GC(662) CMS: 15578K->15578K(7877440K)
[397.961s][info][gc,metaspace   ] GC(662) Metaspace: 60724K(69828K)->60724K(69828K) NonClass: 53023K(57744K)->53023K(57744K) Class: 7701K(12084K)->7701K(12084K)
[397.961s][info][gc             ] GC(662) Pause Young (Allocation Failure) 414M->15M(8142M) 15.846ms
[397.961s][info][gc,cpu         ] GC(662) User=0.00s Sys=0.00s Real=0.00s
[398.501s][info][gc,start       ] GC(663) Pause Young (Allocation Failure)
[398.501s][info][gc,task        ] GC(663) Using 6 workers of 6 for evacuation
[398.516s][info][gc,heap        ] GC(663) ParNew: 409577K->733K(460096K)
[398.516s][info][gc,heap        ] GC(663) CMS: 15578K->15578K(7877440K)
[398.516s][info][gc,metaspace   ] GC(663) Metaspace: 60725K(69828K)->60725K(69828K) NonClass: 53024K(57744K)->53024K(57744K) Class: 7701K(12084K)->7701K(12084K)
[398.516s][info][gc             ] GC(663) Pause Young (Allocation Failure) 415M->15M(8142M) 14.933ms
[398.516s][info][gc,cpu         ] GC(663) User=0.02s Sys=0.00s Real=0.01s
[399.071s][info][gc,start       ] GC(664) Pause Young (Allocation Failure)
[399.071s][info][gc,task        ] GC(664) Using 6 workers of 6 for evacuation
[399.087s][info][gc,heap        ] GC(664) ParNew: 409757K->752K(460096K)
[399.087s][info][gc,heap        ] GC(664) CMS: 15578K->15578K(7877440K)
[399.087s][info][gc,metaspace   ] GC(664) Metaspace: 60725K(69828K)->60725K(69828K) NonClass: 53024K(57744K)->53024K(57744K) Class: 7701K(12084K)->7701K(12084K)
[399.087s][info][gc             ] GC(664) Pause Young (Allocation Failure) 415M->15M(8142M) 15.815ms
[399.087s][info][gc,cpu         ] GC(664) User=0.02s Sys=0.00s Real=0.02s
[399.630s][info][gc,start       ] GC(665) Pause Young (Allocation Failure)
[399.630s][info][gc,task        ] GC(665) Using 6 workers of 6 for evacuation
[399.645s][info][gc,heap        ] GC(665) ParNew: 409776K->822K(460096K)
[399.645s][info][gc,heap        ] GC(665) CMS: 15578K->15578K(7877440K)
[399.645s][info][gc,metaspace   ] GC(665) Metaspace: 60725K(69828K)->60725K(69828K) NonClass: 53024K(57744K)->53024K(57744K) Class: 7701K(12084K)->7701K(12084K)
[399.645s][info][gc             ] GC(665) Pause Young (Allocation Failure) 415M->16M(8142M) 15.148ms
[399.645s][info][gc,cpu         ] GC(665) User=0.00s Sys=0.00s Real=0.01s
[400.199s][info][gc,start       ] GC(666) Pause Young (Allocation Failure)
[400.199s][info][gc,task        ] GC(666) Using 6 workers of 6 for evacuation
[400.216s][info][gc,heap        ] GC(666) ParNew: 409846K->697K(460096K)
[400.216s][info][gc,heap        ] GC(666) CMS: 15578K->15578K(7877440K)
[400.216s][info][gc,metaspace   ] GC(666) Metaspace: 60725K(69828K)->60725K(69828K) NonClass: 53024K(57744K)->53024K(57744K) Class: 7701K(12084K)->7701K(12084K)
[400.216s][info][gc             ] GC(666) Pause Young (Allocation Failure) 415M->15M(8142M) 17.070ms
[400.216s][info][gc,cpu         ] GC(666) User=0.02s Sys=0.00s Real=0.01s
[400.770s][info][gc,start       ] GC(667) Pause Young (Allocation Failure)
[400.770s][info][gc,task        ] GC(667) Using 6 workers of 6 for evacuation
[400.785s][info][gc,heap        ] GC(667) ParNew: 409721K->766K(460096K)
[400.785s][info][gc,heap        ] GC(667) CMS: 15578K->15578K(7877440K)
[400.785s][info][gc,metaspace   ] GC(667) Metaspace: 60725K(69828K)->60725K(69828K) NonClass: 53024K(57744K)->53024K(57744K) Class: 7701K(12084K)->7701K(12084K)
[400.785s][info][gc             ] GC(667) Pause Young (Allocation Failure) 415M->15M(8142M) 15.899ms
[400.785s][info][gc,cpu         ] GC(667) User=0.02s Sys=0.00s Real=0.02s
[401.340s][info][gc,start       ] GC(668) Pause Full (System.gc())
[401.341s][info][gc,phases,start] GC(668) Phase 1: Mark live objects
[401.363s][info][gc,phases      ] GC(668) Phase 1: Mark live objects 22.218ms
[401.363s][info][gc,phases,start] GC(668) Phase 2: Compute new object addresses
[401.438s][info][gc,phases      ] GC(668) Phase 2: Compute new object addresses 74.544ms
[401.438s][info][gc,phases,start] GC(668) Phase 3: Adjust pointers
[401.455s][info][gc,phases      ] GC(668) Phase 3: Adjust pointers 17.089ms
[401.455s][info][gc,phases,start] GC(668) Phase 4: Move objects
[401.456s][info][gc,phases      ] GC(668) Phase 4: Move objects 0.636ms
[401.461s][info][gc,heap        ] GC(668) ParNew: 409790K->0K(460096K)
[401.461s][info][gc,heap        ] GC(668) CMS: 15578K->15498K(7877440K)
[401.461s][info][gc,metaspace   ] GC(668) Metaspace: 60725K(69828K)->60725K(69828K) NonClass: 53024K(57744K)->53024K(57744K) Class: 7701K(12084K)->7701K(12084K)
[401.461s][info][gc             ] GC(668) Pause Full (System.gc()) 415M->15M(8142M) 120.957ms
[401.461s][info][gc,cpu         ] GC(668) User=0.11s Sys=0.00s Real=0.11s
[402.034s][info][gc,start       ] GC(669) Pause Young (Allocation Failure)
[402.035s][info][gc,task        ] GC(669) Using 6 workers of 6 for evacuation
[402.051s][info][gc,heap        ] GC(669) ParNew: 409024K->880K(460096K)
[402.051s][info][gc,heap        ] GC(669) CMS: 15498K->15498K(7877440K)
[402.051s][info][gc,metaspace   ] GC(669) Metaspace: 60725K(69828K)->60725K(69828K) NonClass: 53024K(57744K)->53024K(57744K) Class: 7701K(12084K)->7701K(12084K)
[402.051s][info][gc             ] GC(669) Pause Young (Allocation Failure) 414M->15M(8142M) 16.336ms
[402.051s][info][gc,cpu         ] GC(669) User=0.00s Sys=0.00s Real=0.00s
[402.593s][info][gc,start       ] GC(670) Pause Young (Allocation Failure)
[402.593s][info][gc,task        ] GC(670) Using 6 workers of 6 for evacuation
[402.610s][info][gc,heap        ] GC(670) ParNew: 409904K->658K(460096K)
[402.610s][info][gc,heap        ] GC(670) CMS: 15498K->15498K(7877440K)
[402.610s][info][gc,metaspace   ] GC(670) Metaspace: 60725K(69828K)->60725K(69828K) NonClass: 53024K(57744K)->53024K(57744K) Class: 7701K(12084K)->7701K(12084K)
[402.610s][info][gc             ] GC(670) Pause Young (Allocation Failure) 415M->15M(8142M) 16.419ms
[402.610s][info][gc,cpu         ] GC(670) User=0.02s Sys=0.00s Real=0.02s
[403.167s][info][gc,start       ] GC(671) Pause Young (Allocation Failure)
[403.167s][info][gc,task        ] GC(671) Using 6 workers of 6 for evacuation
[403.183s][info][gc,heap        ] GC(671) ParNew: 409682K->788K(460096K)
[403.183s][info][gc,heap        ] GC(671) CMS: 15498K->15498K(7877440K)
[403.183s][info][gc,metaspace   ] GC(671) Metaspace: 60725K(69828K)->60725K(69828K) NonClass: 53024K(57744K)->53024K(57744K) Class: 7701K(12084K)->7701K(12084K)
[403.183s][info][gc             ] GC(671) Pause Young (Allocation Failure) 415M->15M(8142M) 16.360ms
[403.183s][info][gc,cpu         ] GC(671) User=0.02s Sys=0.00s Real=0.02s
[403.738s][info][gc,start       ] GC(672) Pause Young (Allocation Failure)
[403.738s][info][gc,task        ] GC(672) Using 6 workers of 6 for evacuation
[403.755s][info][gc,heap        ] GC(672) ParNew: 409812K->843K(460096K)
[403.755s][info][gc,heap        ] GC(672) CMS: 15498K->15498K(7877440K)
[403.755s][info][gc,metaspace   ] GC(672) Metaspace: 60725K(69828K)->60725K(69828K) NonClass: 53024K(57744K)->53024K(57744K) Class: 7701K(12084K)->7701K(12084K)
[403.755s][info][gc             ] GC(672) Pause Young (Allocation Failure) 415M->15M(8142M) 16.359ms
[403.755s][info][gc,cpu         ] GC(672) User=0.03s Sys=0.00s Real=0.02s
[404.354s][info][gc,start       ] GC(673) Pause Young (Allocation Failure)
[404.354s][info][gc,task        ] GC(673) Using 6 workers of 6 for evacuation
[404.370s][info][gc,heap        ] GC(673) ParNew: 409867K->864K(460096K)
[404.370s][info][gc,heap        ] GC(673) CMS: 15498K->15498K(7877440K)
[404.370s][info][gc,metaspace   ] GC(673) Metaspace: 60725K(69828K)->60725K(69828K) NonClass: 53024K(57744K)->53024K(57744K) Class: 7701K(12084K)->7701K(12084K)
[404.370s][info][gc             ] GC(673) Pause Young (Allocation Failure) 415M->15M(8142M) 16.538ms
[404.370s][info][gc,cpu         ] GC(673) User=0.02s Sys=0.00s Real=0.02s
[405.070s][info][gc,start       ] GC(674) Pause Young (Allocation Failure)
[405.071s][info][gc,task        ] GC(674) Using 6 workers of 6 for evacuation
[405.087s][info][gc,heap        ] GC(674) ParNew: 409888K->891K(460096K)
[405.087s][info][gc,heap        ] GC(674) CMS: 15498K->15498K(7877440K)
[405.087s][info][gc,metaspace   ] GC(674) Metaspace: 60725K(69828K)->60725K(69828K) NonClass: 53024K(57744K)->53024K(57744K) Class: 7701K(12084K)->7701K(12084K)
[405.087s][info][gc             ] GC(674) Pause Young (Allocation Failure) 415M->16M(8142M) 16.656ms
[405.087s][info][gc,cpu         ] GC(674) User=0.03s Sys=0.00s Real=0.01s
[405.768s][info][gc,start       ] GC(675) Pause Full (System.gc())
[405.769s][info][gc,phases,start] GC(675) Phase 1: Mark live objects
[405.791s][info][gc,phases      ] GC(675) Phase 1: Mark live objects 22.450ms
[405.791s][info][gc,phases,start] GC(675) Phase 2: Compute new object addresses
[405.867s][info][gc,phases      ] GC(675) Phase 2: Compute new object addresses 75.590ms
[405.867s][info][gc,phases,start] GC(675) Phase 3: Adjust pointers
[405.884s][info][gc,phases      ] GC(675) Phase 3: Adjust pointers 17.174ms
[405.884s][info][gc,phases,start] GC(675) Phase 4: Move objects
[405.885s][info][gc,phases      ] GC(675) Phase 4: Move objects 0.644ms
[405.890s][info][gc,heap        ] GC(675) ParNew: 409915K->0K(460096K)
[405.890s][info][gc,heap        ] GC(675) CMS: 15498K->15510K(7877440K)
[405.890s][info][gc,metaspace   ] GC(675) Metaspace: 60734K(69828K)->60734K(69828K) NonClass: 53033K(57744K)->53033K(57744K) Class: 7701K(12084K)->7701K(12084K)
[405.890s][info][gc             ] GC(675) Pause Full (System.gc()) 415M->15M(8142M) 122.264ms
[405.890s][info][gc,cpu         ] GC(675) User=0.11s Sys=0.00s Real=0.11s
[406.449s][info][gc,start       ] GC(676) Pause Young (Allocation Failure)
[406.449s][info][gc,task        ] GC(676) Using 6 workers of 6 for evacuation
[406.465s][info][gc,heap        ] GC(676) ParNew: 409024K->705K(460096K)
[406.465s][info][gc,heap        ] GC(676) CMS: 15510K->15510K(7877440K)
[406.465s][info][gc,metaspace   ] GC(676) Metaspace: 60836K(69828K)->60836K(69828K) NonClass: 53135K(57744K)->53135K(57744K) Class: 7701K(12084K)->7701K(12084K)
[406.465s][info][gc             ] GC(676) Pause Young (Allocation Failure) 414M->15M(8142M) 15.774ms
[406.465s][info][gc,cpu         ] GC(676) User=0.02s Sys=0.00s Real=0.02s
[407.015s][info][gc,start       ] GC(677) Pause Young (Allocation Failure)
[407.015s][info][gc,task        ] GC(677) Using 6 workers of 6 for evacuation
[407.031s][info][gc,heap        ] GC(677) ParNew: 409729K->752K(460096K)
[407.031s][info][gc,heap        ] GC(677) CMS: 15510K->15510K(7877440K)
[407.031s][info][gc,metaspace   ] GC(677) Metaspace: 60836K(69828K)->60836K(69828K) NonClass: 53135K(57744K)->53135K(57744K) Class: 7701K(12084K)->7701K(12084K)
[407.031s][info][gc             ] GC(677) Pause Young (Allocation Failure) 415M->15M(8142M) 15.949ms
[407.031s][info][gc,cpu         ] GC(677) User=0.02s Sys=0.00s Real=0.02s
[407.574s][info][gc,start       ] GC(678) Pause Young (Allocation Failure)
[407.574s][info][gc,task        ] GC(678) Using 6 workers of 6 for evacuation
[407.590s][info][gc,heap        ] GC(678) ParNew: 409776K->798K(460096K)
[407.590s][info][gc,heap        ] GC(678) CMS: 15510K->15510K(7877440K)
[407.590s][info][gc,metaspace   ] GC(678) Metaspace: 60836K(69828K)->60836K(69828K) NonClass: 53135K(57744K)->53135K(57744K) Class: 7701K(12084K)->7701K(12084K)
[407.590s][info][gc             ] GC(678) Pause Young (Allocation Failure) 415M->15M(8142M) 15.872ms
[407.590s][info][gc,cpu         ] GC(678) User=0.02s Sys=0.00s Real=0.01s
[408.150s][info][gc,start       ] GC(679) Pause Young (Allocation Failure)
[408.150s][info][gc,task        ] GC(679) Using 6 workers of 6 for evacuation
[408.165s][info][gc,heap        ] GC(679) ParNew: 409822K->885K(460096K)
[408.165s][info][gc,heap        ] GC(679) CMS: 15510K->15510K(7877440K)
[408.165s][info][gc,metaspace   ] GC(679) Metaspace: 60836K(69828K)->60836K(69828K) NonClass: 53135K(57744K)->53135K(57744K) Class: 7701K(12084K)->7701K(12084K)
[408.165s][info][gc             ] GC(679) Pause Young (Allocation Failure) 415M->16M(8142M) 15.267ms
[408.165s][info][gc,cpu         ] GC(679) User=0.02s Sys=0.00s Real=0.01s
[408.711s][info][gc,start       ] GC(680) Pause Young (Allocation Failure)
[408.711s][info][gc,task        ] GC(680) Using 6 workers of 6 for evacuation
[408.727s][info][gc,heap        ] GC(680) ParNew: 409909K->649K(460096K)
[408.727s][info][gc,heap        ] GC(680) CMS: 15510K->15510K(7877440K)
[408.727s][info][gc,metaspace   ] GC(680) Metaspace: 60836K(69828K)->60836K(69828K) NonClass: 53135K(57744K)->53135K(57744K) Class: 7701K(12084K)->7701K(12084K)
[408.727s][info][gc             ] GC(680) Pause Young (Allocation Failure) 415M->15M(8142M) 15.923ms
[408.727s][info][gc,cpu         ] GC(680) User=0.02s Sys=0.00s Real=0.02s
[409.281s][info][gc,start       ] GC(681) Pause Young (Allocation Failure)
[409.281s][info][gc,task        ] GC(681) Using 6 workers of 6 for evacuation
[409.297s][info][gc,heap        ] GC(681) ParNew: 409673K->785K(460096K)
[409.297s][info][gc,heap        ] GC(681) CMS: 15510K->15510K(7877440K)
[409.297s][info][gc,metaspace   ] GC(681) Metaspace: 60836K(69828K)->60836K(69828K) NonClass: 53135K(57744K)->53135K(57744K) Class: 7701K(12084K)->7701K(12084K)
[409.297s][info][gc             ] GC(681) Pause Young (Allocation Failure) 415M->15M(8142M) 15.574ms
[409.297s][info][gc,cpu         ] GC(681) User=0.02s Sys=0.00s Real=0.02s
[409.904s][info][gc,start       ] GC(682) Pause Full (System.gc())
[409.905s][info][gc,phases,start] GC(682) Phase 1: Mark live objects
[409.930s][info][gc,phases      ] GC(682) Phase 1: Mark live objects 25.200ms
[409.930s][info][gc,phases,start] GC(682) Phase 2: Compute new object addresses
[410.006s][info][gc,phases      ] GC(682) Phase 2: Compute new object addresses 75.146ms
[410.006s][info][gc,phases,start] GC(682) Phase 3: Adjust pointers
[410.023s][info][gc,phases      ] GC(682) Phase 3: Adjust pointers 17.597ms
[410.023s][info][gc,phases,start] GC(682) Phase 4: Move objects
[410.024s][info][gc,phases      ] GC(682) Phase 4: Move objects 0.908ms
[410.030s][info][gc,heap        ] GC(682) ParNew: 409809K->0K(460096K)
[410.030s][info][gc,heap        ] GC(682) CMS: 15510K->15508K(7877440K)
[410.030s][info][gc,metaspace   ] GC(682) Metaspace: 60907K(69828K)->60907K(69828K) NonClass: 53206K(57744K)->53206K(57744K) Class: 7701K(12084K)->7701K(12084K)
[410.031s][info][gc             ] GC(682) Pause Full (System.gc()) 415M->15M(8142M) 126.426ms
[410.031s][info][gc,cpu         ] GC(682) User=0.12s Sys=0.00s Real=0.13s
[410.599s][info][gc,start       ] GC(683) Pause Young (Allocation Failure)
[410.599s][info][gc,task        ] GC(683) Using 6 workers of 6 for evacuation
[410.615s][info][gc,heap        ] GC(683) ParNew: 409024K->734K(460096K)
[410.615s][info][gc,heap        ] GC(683) CMS: 15508K->15508K(7877440K)
[410.615s][info][gc,metaspace   ] GC(683) Metaspace: 61091K(70084K)->61091K(70084K) NonClass: 53390K(58000K)->53390K(58000K) Class: 7701K(12084K)->7701K(12084K)
[410.615s][info][gc             ] GC(683) Pause Young (Allocation Failure) 414M->15M(8142M) 16.590ms
[410.615s][info][gc,cpu         ] GC(683) User=0.00s Sys=0.00s Real=0.02s
[411.183s][info][gc,start       ] GC(684) Pause Young (Allocation Failure)
[411.183s][info][gc,task        ] GC(684) Using 6 workers of 6 for evacuation
[411.199s][info][gc,heap        ] GC(684) ParNew: 409758K->804K(460096K)
[411.199s][info][gc,heap        ] GC(684) CMS: 15508K->15508K(7877440K)
[411.199s][info][gc,metaspace   ] GC(684) Metaspace: 61091K(70084K)->61091K(70084K) NonClass: 53390K(58000K)->53390K(58000K) Class: 7701K(12084K)->7701K(12084K)
[411.199s][info][gc             ] GC(684) Pause Young (Allocation Failure) 415M->15M(8142M) 16.439ms
[411.199s][info][gc,cpu         ] GC(684) User=0.00s Sys=0.00s Real=0.02s
[411.750s][info][gc,start       ] GC(685) Pause Young (Allocation Failure)
[411.750s][info][gc,task        ] GC(685) Using 6 workers of 6 for evacuation
[411.773s][info][gc,heap        ] GC(685) ParNew: 409828K->766K(460096K)
[411.773s][info][gc,heap        ] GC(685) CMS: 15508K->15508K(7877440K)
[411.773s][info][gc,metaspace   ] GC(685) Metaspace: 61091K(70084K)->61091K(70084K) NonClass: 53390K(58000K)->53390K(58000K) Class: 7701K(12084K)->7701K(12084K)
[411.773s][info][gc             ] GC(685) Pause Young (Allocation Failure) 415M->15M(8142M) 22.678ms
[411.773s][info][gc,cpu         ] GC(685) User=0.02s Sys=0.00s Real=0.02s
[412.324s][info][gc,start       ] GC(686) Pause Young (Allocation Failure)
[412.324s][info][gc,task        ] GC(686) Using 6 workers of 6 for evacuation
[412.340s][info][gc,heap        ] GC(686) ParNew: 409790K->804K(460096K)
[412.340s][info][gc,heap        ] GC(686) CMS: 15508K->15508K(7877440K)
[412.340s][info][gc,metaspace   ] GC(686) Metaspace: 61091K(70084K)->61091K(70084K) NonClass: 53390K(58000K)->53390K(58000K) Class: 7701K(12084K)->7701K(12084K)
[412.340s][info][gc             ] GC(686) Pause Young (Allocation Failure) 415M->15M(8142M) 16.101ms
[412.340s][info][gc,cpu         ] GC(686) User=0.00s Sys=0.00s Real=0.00s
[412.901s][info][gc,start       ] GC(687) Pause Young (Allocation Failure)
[412.901s][info][gc,task        ] GC(687) Using 6 workers of 6 for evacuation
[412.917s][info][gc,heap        ] GC(687) ParNew: 409828K->742K(460096K)
[412.917s][info][gc,heap        ] GC(687) CMS: 15508K->15508K(7877440K)
[412.917s][info][gc,metaspace   ] GC(687) Metaspace: 61091K(70084K)->61091K(70084K) NonClass: 53390K(58000K)->53390K(58000K) Class: 7701K(12084K)->7701K(12084K)
[412.917s][info][gc             ] GC(687) Pause Young (Allocation Failure) 415M->15M(8142M) 16.459ms
[412.917s][info][gc,cpu         ] GC(687) User=0.00s Sys=0.00s Real=0.01s
[413.465s][info][gc,start       ] GC(688) Pause Young (Allocation Failure)
[413.465s][info][gc,task        ] GC(688) Using 6 workers of 6 for evacuation
[413.481s][info][gc,heap        ] GC(688) ParNew: 409766K->809K(460096K)
[413.481s][info][gc,heap        ] GC(688) CMS: 15508K->15508K(7877440K)
[413.481s][info][gc,metaspace   ] GC(688) Metaspace: 61091K(70084K)->61091K(70084K) NonClass: 53390K(58000K)->53390K(58000K) Class: 7701K(12084K)->7701K(12084K)
[413.481s][info][gc             ] GC(688) Pause Young (Allocation Failure) 415M->15M(8142M) 16.232ms
[413.481s][info][gc,cpu         ] GC(688) User=0.02s Sys=0.00s Real=0.01s
[414.051s][info][gc,start       ] GC(689) Pause Young (Allocation Failure)
[414.051s][info][gc,task        ] GC(689) Using 6 workers of 6 for evacuation
[414.066s][info][gc,heap        ] GC(689) ParNew: 409833K->506K(460096K)
[414.066s][info][gc,heap        ] GC(689) CMS: 15508K->15792K(7877440K)
[414.066s][info][gc,metaspace   ] GC(689) Metaspace: 61091K(70084K)->61091K(70084K) NonClass: 53390K(58000K)->53390K(58000K) Class: 7701K(12084K)->7701K(12084K)
[414.066s][info][gc             ] GC(689) Pause Young (Allocation Failure) 415M->15M(8142M) 15.245ms
[414.066s][info][gc,cpu         ] GC(689) User=0.02s Sys=0.00s Real=0.02s
[414.069s][info][gc,start       ] GC(690) Pause Full (System.gc())
[414.070s][info][gc,phases,start] GC(690) Phase 1: Mark live objects
[414.093s][info][gc,phases      ] GC(690) Phase 1: Mark live objects 23.421ms
[414.093s][info][gc,phases,start] GC(690) Phase 2: Compute new object addresses
[414.098s][info][gc,phases      ] GC(690) Phase 2: Compute new object addresses 4.654ms
[414.098s][info][gc,phases,start] GC(690) Phase 3: Adjust pointers
[414.116s][info][gc,phases      ] GC(690) Phase 3: Adjust pointers 17.713ms
[414.116s][info][gc,phases,start] GC(690) Phase 4: Move objects
[414.116s][info][gc,phases      ] GC(690) Phase 4: Move objects 0.624ms
[414.121s][info][gc,heap        ] GC(690) ParNew: 3973K->0K(460096K)
[414.121s][info][gc,heap        ] GC(690) CMS: 15792K->15516K(7877440K)
[414.121s][info][gc,metaspace   ] GC(690) Metaspace: 61095K(70084K)->61095K(70084K) NonClass: 53394K(58000K)->53394K(58000K) Class: 7701K(12084K)->7701K(12084K)
[414.122s][info][gc             ] GC(690) Pause Full (System.gc()) 19M->15M(8142M) 52.802ms
[414.122s][info][gc,cpu         ] GC(690) User=0.05s Sys=0.00s Real=0.05s
[414.679s][info][gc,start       ] GC(691) Pause Young (Allocation Failure)
[414.679s][info][gc,task        ] GC(691) Using 6 workers of 6 for evacuation
[414.695s][info][gc,heap        ] GC(691) ParNew: 409024K->575K(460096K)
[414.695s][info][gc,heap        ] GC(691) CMS: 15516K->15516K(7877440K)
[414.695s][info][gc,metaspace   ] GC(691) Metaspace: 61251K(70084K)->61251K(70084K) NonClass: 53550K(58000K)->53550K(58000K) Class: 7701K(12084K)->7701K(12084K)
[414.695s][info][gc             ] GC(691) Pause Young (Allocation Failure) 414M->15M(8142M) 16.090ms
[414.695s][info][gc,cpu         ] GC(691) User=0.00s Sys=0.00s Real=0.02s
[415.253s][info][gc,start       ] GC(692) Pause Young (Allocation Failure)
[415.253s][info][gc,task        ] GC(692) Using 6 workers of 6 for evacuation
[415.269s][info][gc,heap        ] GC(692) ParNew: 409599K->651K(460096K)
[415.269s][info][gc,heap        ] GC(692) CMS: 15516K->15516K(7877440K)
[415.269s][info][gc,metaspace   ] GC(692) Metaspace: 61251K(70084K)->61251K(70084K) NonClass: 53550K(58000K)->53550K(58000K) Class: 7701K(12084K)->7701K(12084K)
[415.269s][info][gc             ] GC(692) Pause Young (Allocation Failure) 415M->15M(8142M) 15.967ms
[415.269s][info][gc,cpu         ] GC(692) User=0.02s Sys=0.00s Real=0.02s
[415.830s][info][gc,start       ] GC(693) Pause Young (Allocation Failure)
[415.830s][info][gc,task        ] GC(693) Using 6 workers of 6 for evacuation
[415.846s][info][gc,heap        ] GC(693) ParNew: 409675K->777K(460096K)
[415.846s][info][gc,heap        ] GC(693) CMS: 15516K->15516K(7877440K)
[415.846s][info][gc,metaspace   ] GC(693) Metaspace: 61251K(70084K)->61251K(70084K) NonClass: 53550K(58000K)->53550K(58000K) Class: 7701K(12084K)->7701K(12084K)
[415.846s][info][gc             ] GC(693) Pause Young (Allocation Failure) 415M->15M(8142M) 16.528ms
[415.846s][info][gc,cpu         ] GC(693) User=0.02s Sys=0.00s Real=0.01s
[416.396s][info][gc,start       ] GC(694) Pause Young (Allocation Failure)
[416.396s][info][gc,task        ] GC(694) Using 6 workers of 6 for evacuation
[416.413s][info][gc,heap        ] GC(694) ParNew: 409801K->752K(460096K)
[416.413s][info][gc,heap        ] GC(694) CMS: 15516K->15516K(7877440K)
[416.413s][info][gc,metaspace   ] GC(694) Metaspace: 61251K(70084K)->61251K(70084K) NonClass: 53550K(58000K)->53550K(58000K) Class: 7701K(12084K)->7701K(12084K)
[416.413s][info][gc             ] GC(694) Pause Young (Allocation Failure) 415M->15M(8142M) 16.220ms
[416.413s][info][gc,cpu         ] GC(694) User=0.03s Sys=0.00s Real=0.02s
[416.974s][info][gc,start       ] GC(695) Pause Young (Allocation Failure)
[416.974s][info][gc,task        ] GC(695) Using 6 workers of 6 for evacuation
[416.990s][info][gc,heap        ] GC(695) ParNew: 409776K->954K(460096K)
[416.990s][info][gc,heap        ] GC(695) CMS: 15516K->15516K(7877440K)
[416.990s][info][gc,metaspace   ] GC(695) Metaspace: 61251K(70084K)->61251K(70084K) NonClass: 53550K(58000K)->53550K(58000K) Class: 7701K(12084K)->7701K(12084K)
[416.990s][info][gc             ] GC(695) Pause Young (Allocation Failure) 415M->16M(8142M) 16.016ms
[416.990s][info][gc,cpu         ] GC(695) User=0.02s Sys=0.00s Real=0.01s
[417.539s][info][gc,start       ] GC(696) Pause Young (Allocation Failure)
[417.539s][info][gc,task        ] GC(696) Using 6 workers of 6 for evacuation
[417.555s][info][gc,heap        ] GC(696) ParNew: 409978K->744K(460096K)
[417.555s][info][gc,heap        ] GC(696) CMS: 15516K->15516K(7877440K)
[417.555s][info][gc,metaspace   ] GC(696) Metaspace: 61251K(70084K)->61251K(70084K) NonClass: 53550K(58000K)->53550K(58000K) Class: 7701K(12084K)->7701K(12084K)
[417.555s][info][gc             ] GC(696) Pause Young (Allocation Failure) 415M->15M(8142M) 15.953ms
[417.555s][info][gc,cpu         ] GC(696) User=0.02s Sys=0.00s Real=0.02s
[418.124s][info][gc,start       ] GC(697) Pause Young (Allocation Failure)
[418.125s][info][gc,task        ] GC(697) Using 6 workers of 6 for evacuation
[418.140s][info][gc,heap        ] GC(697) ParNew: 409768K->479K(460096K)
[418.140s][info][gc,heap        ] GC(697) CMS: 15516K->15833K(7877440K)
[418.140s][info][gc,metaspace   ] GC(697) Metaspace: 61251K(70084K)->61251K(70084K) NonClass: 53550K(58000K)->53550K(58000K) Class: 7701K(12084K)->7701K(12084K)
[418.140s][info][gc             ] GC(697) Pause Young (Allocation Failure) 415M->15M(8142M) 15.986ms
[418.140s][info][gc,cpu         ] GC(697) User=0.02s Sys=0.00s Real=0.02s
[418.154s][info][gc,start       ] GC(698) Pause Full (System.gc())
[418.156s][info][gc,phases,start] GC(698) Phase 1: Mark live objects
[418.179s][info][gc,phases      ] GC(698) Phase 1: Mark live objects 23.372ms
[418.179s][info][gc,phases,start] GC(698) Phase 2: Compute new object addresses
[418.185s][info][gc,phases      ] GC(698) Phase 2: Compute new object addresses 5.686ms
[418.185s][info][gc,phases,start] GC(698) Phase 3: Adjust pointers
[418.202s][info][gc,phases      ] GC(698) Phase 3: Adjust pointers 17.715ms
[418.202s][info][gc,phases,start] GC(698) Phase 4: Move objects
[418.203s][info][gc,phases      ] GC(698) Phase 4: Move objects 0.653ms
[418.208s][info][gc,heap        ] GC(698) ParNew: 7876K->0K(460096K)
[418.208s][info][gc,heap        ] GC(698) CMS: 15833K->15574K(7877440K)
[418.208s][info][gc,metaspace   ] GC(698) Metaspace: 61255K(70084K)->61255K(70084K) NonClass: 53554K(58000K)->53554K(58000K) Class: 7701K(12084K)->7701K(12084K)
[418.209s][info][gc             ] GC(698) Pause Full (System.gc()) 23M->15M(8142M) 54.229ms
[418.209s][info][gc,cpu         ] GC(698) User=0.06s Sys=0.00s Real=0.06s
[418.773s][info][gc,start       ] GC(699) Pause Young (Allocation Failure)
[418.773s][info][gc,task        ] GC(699) Using 6 workers of 6 for evacuation
[418.794s][info][gc,heap        ] GC(699) ParNew: 409024K->536K(460096K)
[418.794s][info][gc,heap        ] GC(699) CMS: 15574K->15574K(7877440K)
[418.794s][info][gc,metaspace   ] GC(699) Metaspace: 61369K(70340K)->61369K(70340K) NonClass: 53668K(58256K)->53668K(58256K) Class: 7701K(12084K)->7701K(12084K)
[418.794s][info][gc             ] GC(699) Pause Young (Allocation Failure) 414M->15M(8142M) 21.392ms
[418.794s][info][gc,cpu         ] GC(699) User=0.02s Sys=0.00s Real=0.02s
[419.339s][info][gc,start       ] GC(700) Pause Young (Allocation Failure)
[419.339s][info][gc,task        ] GC(700) Using 6 workers of 6 for evacuation
[419.354s][info][gc,heap        ] GC(700) ParNew: 409560K->742K(460096K)
[419.354s][info][gc,heap        ] GC(700) CMS: 15574K->15574K(7877440K)
[419.354s][info][gc,metaspace   ] GC(700) Metaspace: 61370K(70340K)->61370K(70340K) NonClass: 53668K(58256K)->53668K(58256K) Class: 7701K(12084K)->7701K(12084K)
[419.354s][info][gc             ] GC(700) Pause Young (Allocation Failure) 415M->15M(8142M) 14.829ms
[419.354s][info][gc,cpu         ] GC(700) User=0.02s Sys=0.00s Real=0.02s
[419.910s][info][gc,start       ] GC(701) Pause Young (Allocation Failure)
[419.910s][info][gc,task        ] GC(701) Using 6 workers of 6 for evacuation
[419.925s][info][gc,heap        ] GC(701) ParNew: 409766K->645K(460096K)
[419.925s][info][gc,heap        ] GC(701) CMS: 15574K->15574K(7877440K)
[419.925s][info][gc,metaspace   ] GC(701) Metaspace: 61370K(70340K)->61370K(70340K) NonClass: 53668K(58256K)->53668K(58256K) Class: 7701K(12084K)->7701K(12084K)
[419.925s][info][gc             ] GC(701) Pause Young (Allocation Failure) 415M->15M(8142M) 15.513ms
[419.925s][info][gc,cpu         ] GC(701) User=0.02s Sys=0.00s Real=0.01s
[420.469s][info][gc,start       ] GC(702) Pause Young (Allocation Failure)
[420.469s][info][gc,task        ] GC(702) Using 6 workers of 6 for evacuation
[420.484s][info][gc,heap        ] GC(702) ParNew: 409669K->706K(460096K)
[420.484s][info][gc,heap        ] GC(702) CMS: 15574K->15574K(7877440K)
[420.484s][info][gc,metaspace   ] GC(702) Metaspace: 61370K(70340K)->61370K(70340K) NonClass: 53668K(58256K)->53668K(58256K) Class: 7701K(12084K)->7701K(12084K)
[420.484s][info][gc             ] GC(702) Pause Young (Allocation Failure) 415M->15M(8142M) 14.960ms
[420.484s][info][gc,cpu         ] GC(702) User=0.02s Sys=0.00s Real=0.02s
[421.045s][info][gc,start       ] GC(703) Pause Young (Allocation Failure)
[421.045s][info][gc,task        ] GC(703) Using 6 workers of 6 for evacuation
[421.060s][info][gc,heap        ] GC(703) ParNew: 409730K->693K(460096K)
[421.060s][info][gc,heap        ] GC(703) CMS: 15574K->15574K(7877440K)
[421.060s][info][gc,metaspace   ] GC(703) Metaspace: 61370K(70340K)->61370K(70340K) NonClass: 53668K(58256K)->53668K(58256K) Class: 7701K(12084K)->7701K(12084K)
[421.060s][info][gc             ] GC(703) Pause Young (Allocation Failure) 415M->15M(8142M) 15.619ms
[421.060s][info][gc,cpu         ] GC(703) User=0.02s Sys=0.00s Real=0.02s
[421.607s][info][gc,start       ] GC(704) Pause Young (Allocation Failure)
[421.607s][info][gc,task        ] GC(704) Using 6 workers of 6 for evacuation
[421.622s][info][gc,heap        ] GC(704) ParNew: 409717K->801K(460096K)
[421.622s][info][gc,heap        ] GC(704) CMS: 15574K->15574K(7877440K)
[421.622s][info][gc,metaspace   ] GC(704) Metaspace: 61370K(70340K)->61370K(70340K) NonClass: 53668K(58256K)->53668K(58256K) Class: 7701K(12084K)->7701K(12084K)
[421.622s][info][gc             ] GC(704) Pause Young (Allocation Failure) 415M->15M(8142M) 15.785ms
[421.622s][info][gc,cpu         ] GC(704) User=0.02s Sys=0.00s Real=0.00s
[422.196s][info][gc,start       ] GC(705) Pause Full (System.gc())
[422.196s][info][gc,phases,start] GC(705) Phase 1: Mark live objects
[422.220s][info][gc,phases      ] GC(705) Phase 1: Mark live objects 23.121ms
[422.220s][info][gc,phases,start] GC(705) Phase 2: Compute new object addresses
[422.294s][info][gc,phases      ] GC(705) Phase 2: Compute new object addresses 74.162ms
[422.294s][info][gc,phases,start] GC(705) Phase 3: Adjust pointers
[422.311s][info][gc,phases      ] GC(705) Phase 3: Adjust pointers 17.468ms
[422.311s][info][gc,phases,start] GC(705) Phase 4: Move objects
[422.312s][info][gc,phases      ] GC(705) Phase 4: Move objects 0.642ms
[422.317s][info][gc,heap        ] GC(705) ParNew: 409825K->0K(460096K)
[422.317s][info][gc,heap        ] GC(705) CMS: 15574K->15494K(7877440K)
[422.317s][info][gc,metaspace   ] GC(705) Metaspace: 61370K(70340K)->61370K(70340K) NonClass: 53668K(58256K)->53668K(58256K) Class: 7701K(12084K)->7701K(12084K)
[422.317s][info][gc             ] GC(705) Pause Full (System.gc()) 415M->15M(8142M) 121.576ms
[422.317s][info][gc,cpu         ] GC(705) User=0.11s Sys=0.00s Real=0.11s
[422.882s][info][gc,start       ] GC(706) Pause Young (Allocation Failure)
[422.883s][info][gc,task        ] GC(706) Using 6 workers of 6 for evacuation
[422.899s][info][gc,heap        ] GC(706) ParNew: 409024K->689K(460096K)
[422.899s][info][gc,heap        ] GC(706) CMS: 15494K->15494K(7877440K)
[422.899s][info][gc,metaspace   ] GC(706) Metaspace: 61434K(70340K)->61434K(70340K) NonClass: 53732K(58256K)->53732K(58256K) Class: 7701K(12084K)->7701K(12084K)
[422.899s][info][gc             ] GC(706) Pause Young (Allocation Failure) 414M->15M(8142M) 16.388ms
[422.899s][info][gc,cpu         ] GC(706) User=0.02s Sys=0.00s Real=0.03s
[423.444s][info][gc,start       ] GC(707) Pause Young (Allocation Failure)
[423.444s][info][gc,task        ] GC(707) Using 6 workers of 6 for evacuation
[423.460s][info][gc,heap        ] GC(707) ParNew: 409713K->710K(460096K)
[423.460s][info][gc,heap        ] GC(707) CMS: 15494K->15494K(7877440K)
[423.460s][info][gc,metaspace   ] GC(707) Metaspace: 61434K(70340K)->61434K(70340K) NonClass: 53732K(58256K)->53732K(58256K) Class: 7701K(12084K)->7701K(12084K)
[423.460s][info][gc             ] GC(707) Pause Young (Allocation Failure) 415M->15M(8142M) 15.892ms
[423.460s][info][gc,cpu         ] GC(707) User=0.00s Sys=0.00s Real=0.01s
[424.014s][info][gc,start       ] GC(708) Pause Young (Allocation Failure)
[424.014s][info][gc,task        ] GC(708) Using 6 workers of 6 for evacuation
[424.030s][info][gc,heap        ] GC(708) ParNew: 409734K->722K(460096K)
[424.030s][info][gc,heap        ] GC(708) CMS: 15494K->15494K(7877440K)
[424.030s][info][gc,metaspace   ] GC(708) Metaspace: 61434K(70340K)->61434K(70340K) NonClass: 53732K(58256K)->53732K(58256K) Class: 7701K(12084K)->7701K(12084K)
[424.030s][info][gc             ] GC(708) Pause Young (Allocation Failure) 415M->15M(8142M) 16.395ms
[424.030s][info][gc,cpu         ] GC(708) User=0.02s Sys=0.00s Real=0.01s
[424.579s][info][gc,start       ] GC(709) Pause Young (Allocation Failure)
[424.579s][info][gc,task        ] GC(709) Using 6 workers of 6 for evacuation
[424.595s][info][gc,heap        ] GC(709) ParNew: 409746K->747K(460096K)
[424.595s][info][gc,heap        ] GC(709) CMS: 15494K->15494K(7877440K)
[424.595s][info][gc,metaspace   ] GC(709) Metaspace: 61434K(70340K)->61434K(70340K) NonClass: 53732K(58256K)->53732K(58256K) Class: 7701K(12084K)->7701K(12084K)
[424.595s][info][gc             ] GC(709) Pause Young (Allocation Failure) 415M->15M(8142M) 16.480ms
[424.595s][info][gc,cpu         ] GC(709) User=0.02s Sys=0.00s Real=0.02s
[425.160s][info][gc,start       ] GC(710) Pause Young (Allocation Failure)
[425.160s][info][gc,task        ] GC(710) Using 6 workers of 6 for evacuation
[425.176s][info][gc,heap        ] GC(710) ParNew: 409771K->678K(460096K)
[425.176s][info][gc,heap        ] GC(710) CMS: 15494K->15494K(7877440K)
[425.176s][info][gc,metaspace   ] GC(710) Metaspace: 61434K(70340K)->61434K(70340K) NonClass: 53732K(58256K)->53732K(58256K) Class: 7701K(12084K)->7701K(12084K)
[425.176s][info][gc             ] GC(710) Pause Young (Allocation Failure) 415M->15M(8142M) 15.919ms
[425.176s][info][gc,cpu         ] GC(710) User=0.02s Sys=0.00s Real=0.02s
[425.724s][info][gc,start       ] GC(711) Pause Young (Allocation Failure)
[425.725s][info][gc,task        ] GC(711) Using 6 workers of 6 for evacuation
[425.740s][info][gc,heap        ] GC(711) ParNew: 409702K->833K(460096K)
[425.740s][info][gc,heap        ] GC(711) CMS: 15494K->15494K(7877440K)
[425.740s][info][gc,metaspace   ] GC(711) Metaspace: 61434K(70340K)->61434K(70340K) NonClass: 53732K(58256K)->53732K(58256K) Class: 7701K(12084K)->7701K(12084K)
[425.740s][info][gc             ] GC(711) Pause Young (Allocation Failure) 415M->15M(8142M) 15.865ms
[425.740s][info][gc,cpu         ] GC(711) User=0.00s Sys=0.00s Real=0.01s
[426.312s][info][gc,start       ] GC(712) Pause Young (Allocation Failure)
[426.313s][info][gc,task        ] GC(712) Using 6 workers of 6 for evacuation
[426.330s][info][gc,heap        ] GC(712) ParNew: 409857K->529K(460096K)
[426.330s][info][gc,heap        ] GC(712) CMS: 15494K->15677K(7877440K)
[426.330s][info][gc,metaspace   ] GC(712) Metaspace: 61434K(70340K)->61434K(70340K) NonClass: 53732K(58256K)->53732K(58256K) Class: 7701K(12084K)->7701K(12084K)
[426.330s][info][gc             ] GC(712) Pause Young (Allocation Failure) 415M->15M(8142M) 17.163ms
[426.330s][info][gc,cpu         ] GC(712) User=0.00s Sys=0.00s Real=0.02s
[426.332s][info][gc,start       ] GC(713) Pause Full (System.gc())
[426.333s][info][gc,phases,start] GC(713) Phase 1: Mark live objects
[426.356s][info][gc,phases      ] GC(713) Phase 1: Mark live objects 23.019ms
[426.356s][info][gc,phases,start] GC(713) Phase 2: Compute new object addresses
[426.360s][info][gc,phases      ] GC(713) Phase 2: Compute new object addresses 4.642ms
[426.360s][info][gc,phases,start] GC(713) Phase 3: Adjust pointers
[426.378s][info][gc,phases      ] GC(713) Phase 3: Adjust pointers 17.473ms
[426.378s][info][gc,phases,start] GC(713) Phase 4: Move objects
[426.379s][info][gc,phases      ] GC(713) Phase 4: Move objects 0.647ms
[426.384s][info][gc,heap        ] GC(713) ParNew: 2706K->0K(460096K)
[426.384s][info][gc,heap        ] GC(713) CMS: 15677K->15573K(7877440K)
[426.384s][info][gc,metaspace   ] GC(713) Metaspace: 61434K(70340K)->61434K(70340K) NonClass: 53732K(58256K)->53732K(58256K) Class: 7701K(12084K)->7701K(12084K)
[426.384s][info][gc             ] GC(713) Pause Full (System.gc()) 17M->15M(8142M) 52.666ms
[426.384s][info][gc,cpu         ] GC(713) User=0.05s Sys=0.00s Real=0.05s
[426.949s][info][gc,start       ] GC(714) Pause Young (Allocation Failure)
[426.949s][info][gc,task        ] GC(714) Using 6 workers of 6 for evacuation
[426.965s][info][gc,heap        ] GC(714) ParNew: 409024K->562K(460096K)
[426.965s][info][gc,heap        ] GC(714) CMS: 15573K->15573K(7877440K)
[426.965s][info][gc,metaspace   ] GC(714) Metaspace: 61467K(70340K)->61467K(70340K) NonClass: 53766K(58256K)->53766K(58256K) Class: 7701K(12084K)->7701K(12084K)
[426.965s][info][gc             ] GC(714) Pause Young (Allocation Failure) 414M->15M(8142M) 15.899ms
[426.965s][info][gc,cpu         ] GC(714) User=0.02s Sys=0.00s Real=0.02s
[427.512s][info][gc,start       ] GC(715) Pause Young (Allocation Failure)
[427.512s][info][gc,task        ] GC(715) Using 6 workers of 6 for evacuation
[427.528s][info][gc,heap        ] GC(715) ParNew: 409586K->674K(460096K)
[427.528s][info][gc,heap        ] GC(715) CMS: 15573K->15573K(7877440K)
[427.528s][info][gc,metaspace   ] GC(715) Metaspace: 61467K(70340K)->61467K(70340K) NonClass: 53766K(58256K)->53766K(58256K) Class: 7701K(12084K)->7701K(12084K)
[427.528s][info][gc             ] GC(715) Pause Young (Allocation Failure) 415M->15M(8142M) 15.444ms
[427.528s][info][gc,cpu         ] GC(715) User=0.02s Sys=0.00s Real=0.02s
[428.102s][info][gc,start       ] GC(716) Pause Young (Allocation Failure)
[428.102s][info][gc,task        ] GC(716) Using 6 workers of 6 for evacuation
[428.117s][info][gc,heap        ] GC(716) ParNew: 409698K->800K(460096K)
[428.117s][info][gc,heap        ] GC(716) CMS: 15573K->15573K(7877440K)
[428.117s][info][gc,metaspace   ] GC(716) Metaspace: 61467K(70340K)->61467K(70340K) NonClass: 53766K(58256K)->53766K(58256K) Class: 7701K(12084K)->7701K(12084K)
[428.117s][info][gc             ] GC(716) Pause Young (Allocation Failure) 415M->15M(8142M) 15.704ms
[428.117s][info][gc,cpu         ] GC(716) User=0.03s Sys=0.00s Real=0.02s
[428.668s][info][gc,start       ] GC(717) Pause Young (Allocation Failure)
[428.668s][info][gc,task        ] GC(717) Using 6 workers of 6 for evacuation
[428.684s][info][gc,heap        ] GC(717) ParNew: 409824K->765K(460096K)
[428.684s][info][gc,heap        ] GC(717) CMS: 15573K->15573K(7877440K)
[428.684s][info][gc,metaspace   ] GC(717) Metaspace: 61467K(70340K)->61467K(70340K) NonClass: 53766K(58256K)->53766K(58256K) Class: 7701K(12084K)->7701K(12084K)
[428.684s][info][gc             ] GC(717) Pause Young (Allocation Failure) 415M->15M(8142M) 15.650ms
[428.684s][info][gc,cpu         ] GC(717) User=0.02s Sys=0.00s Real=0.02s
[429.247s][info][gc,start       ] GC(718) Pause Young (Allocation Failure)
[429.247s][info][gc,task        ] GC(718) Using 6 workers of 6 for evacuation
[429.262s][info][gc,heap        ] GC(718) ParNew: 409789K->745K(460096K)
[429.262s][info][gc,heap        ] GC(718) CMS: 15573K->15573K(7877440K)
[429.262s][info][gc,metaspace   ] GC(718) Metaspace: 61467K(70340K)->61467K(70340K) NonClass: 53766K(58256K)->53766K(58256K) Class: 7701K(12084K)->7701K(12084K)
[429.262s][info][gc             ] GC(718) Pause Young (Allocation Failure) 415M->15M(8142M) 15.447ms
[429.262s][info][gc,cpu         ] GC(718) User=0.02s Sys=0.00s Real=0.02s
[429.822s][info][gc,start       ] GC(719) Pause Young (Allocation Failure)
[429.822s][info][gc,task        ] GC(719) Using 6 workers of 6 for evacuation
[429.838s][info][gc,heap        ] GC(719) ParNew: 409769K->740K(460096K)
[429.838s][info][gc,heap        ] GC(719) CMS: 15573K->15573K(7877440K)
[429.838s][info][gc,metaspace   ] GC(719) Metaspace: 61467K(70340K)->61467K(70340K) NonClass: 53766K(58256K)->53766K(58256K) Class: 7701K(12084K)->7701K(12084K)
[429.838s][info][gc             ] GC(719) Pause Young (Allocation Failure) 415M->15M(8142M) 16.185ms
[429.838s][info][gc,cpu         ] GC(719) User=0.02s Sys=0.00s Real=0.02s
[430.401s][info][gc,start       ] GC(720) Pause Young (Allocation Failure)
[430.401s][info][gc,task        ] GC(720) Using 6 workers of 6 for evacuation
[430.418s][info][gc,heap        ] GC(720) ParNew: 409764K->483K(460096K)
[430.418s][info][gc,heap        ] GC(720) CMS: 15573K->15842K(7877440K)
[430.418s][info][gc,metaspace   ] GC(720) Metaspace: 61467K(70340K)->61467K(70340K) NonClass: 53766K(58256K)->53766K(58256K) Class: 7701K(12084K)->7701K(12084K)
[430.418s][info][gc             ] GC(720) Pause Young (Allocation Failure) 415M->15M(8142M) 16.981ms
[430.418s][info][gc,cpu         ] GC(720) User=0.03s Sys=0.00s Real=0.03s
[430.420s][info][gc,start       ] GC(721) Pause Full (System.gc())
[430.421s][info][gc,phases,start] GC(721) Phase 1: Mark live objects
[430.443s][info][gc,phases      ] GC(721) Phase 1: Mark live objects 22.795ms
[430.443s][info][gc,phases,start] GC(721) Phase 2: Compute new object addresses
[430.448s][info][gc,phases      ] GC(721) Phase 2: Compute new object addresses 4.644ms
[430.448s][info][gc,phases,start] GC(721) Phase 3: Adjust pointers
[430.465s][info][gc,phases      ] GC(721) Phase 3: Adjust pointers 17.407ms
[430.465s][info][gc,phases,start] GC(721) Phase 4: Move objects
[430.466s][info][gc,phases      ] GC(721) Phase 4: Move objects 0.637ms
[430.471s][info][gc,heap        ] GC(721) ParNew: 2657K->0K(460096K)
[430.471s][info][gc,heap        ] GC(721) CMS: 15842K->15550K(7877440K)
[430.471s][info][gc,metaspace   ] GC(721) Metaspace: 61472K(70340K)->61472K(70340K) NonClass: 53770K(58256K)->53770K(58256K) Class: 7701K(12084K)->7701K(12084K)
[430.472s][info][gc             ] GC(721) Pause Full (System.gc()) 18M->15M(8142M) 52.150ms
[430.472s][info][gc,cpu         ] GC(721) User=0.05s Sys=0.00s Real=0.05s
[431.042s][info][gc,start       ] GC(722) Pause Young (Allocation Failure)
[431.042s][info][gc,task        ] GC(722) Using 6 workers of 6 for evacuation
[431.058s][info][gc,heap        ] GC(722) ParNew: 409024K->547K(460096K)
[431.058s][info][gc,heap        ] GC(722) CMS: 15550K->15550K(7877440K)
[431.058s][info][gc,metaspace   ] GC(722) Metaspace: 61490K(70340K)->61490K(70340K) NonClass: 53788K(58256K)->53788K(58256K) Class: 7701K(12084K)->7701K(12084K)
[431.058s][info][gc             ] GC(722) Pause Young (Allocation Failure) 414M->15M(8142M) 15.920ms
[431.058s][info][gc,cpu         ] GC(722) User=0.02s Sys=0.00s Real=0.02s
[431.603s][info][gc,start       ] GC(723) Pause Young (Allocation Failure)
[431.603s][info][gc,task        ] GC(723) Using 6 workers of 6 for evacuation
[431.619s][info][gc,heap        ] GC(723) ParNew: 409571K->702K(460096K)
[431.619s][info][gc,heap        ] GC(723) CMS: 15550K->15550K(7877440K)
[431.619s][info][gc,metaspace   ] GC(723) Metaspace: 61490K(70340K)->61490K(70340K) NonClass: 53788K(58256K)->53788K(58256K) Class: 7701K(12084K)->7701K(12084K)
[431.619s][info][gc             ] GC(723) Pause Young (Allocation Failure) 415M->15M(8142M) 16.055ms
[431.619s][info][gc,cpu         ] GC(723) User=0.02s Sys=0.00s Real=0.02s
[432.174s][info][gc,start       ] GC(724) Pause Young (Allocation Failure)
[432.174s][info][gc,task        ] GC(724) Using 6 workers of 6 for evacuation
[432.190s][info][gc,heap        ] GC(724) ParNew: 409726K->734K(460096K)
[432.190s][info][gc,heap        ] GC(724) CMS: 15550K->15550K(7877440K)
[432.190s][info][gc,metaspace   ] GC(724) Metaspace: 61490K(70340K)->61490K(70340K) NonClass: 53788K(58256K)->53788K(58256K) Class: 7701K(12084K)->7701K(12084K)
[432.191s][info][gc             ] GC(724) Pause Young (Allocation Failure) 415M->15M(8142M) 16.100ms
[432.191s][info][gc,cpu         ] GC(724) User=0.02s Sys=0.00s Real=0.02s
[432.734s][info][gc,start       ] GC(725) Pause Young (Allocation Failure)
[432.734s][info][gc,task        ] GC(725) Using 6 workers of 6 for evacuation
[432.750s][info][gc,heap        ] GC(725) ParNew: 409758K->823K(460096K)
[432.750s][info][gc,heap        ] GC(725) CMS: 15550K->15550K(7877440K)
[432.750s][info][gc,metaspace   ] GC(725) Metaspace: 61490K(70340K)->61490K(70340K) NonClass: 53788K(58256K)->53788K(58256K) Class: 7701K(12084K)->7701K(12084K)
[432.750s][info][gc             ] GC(725) Pause Young (Allocation Failure) 415M->15M(8142M) 15.753ms
[432.750s][info][gc,cpu         ] GC(725) User=0.00s Sys=0.00s Real=0.01s
[433.307s][info][gc,start       ] GC(726) Pause Young (Allocation Failure)
[433.307s][info][gc,task        ] GC(726) Using 6 workers of 6 for evacuation
[433.323s][info][gc,heap        ] GC(726) ParNew: 409847K->688K(460096K)
[433.323s][info][gc,heap        ] GC(726) CMS: 15550K->15550K(7877440K)
[433.323s][info][gc,metaspace   ] GC(726) Metaspace: 61490K(70340K)->61490K(70340K) NonClass: 53788K(58256K)->53788K(58256K) Class: 7701K(12084K)->7701K(12084K)
[433.323s][info][gc             ] GC(726) Pause Young (Allocation Failure) 415M->15M(8142M) 15.894ms
[433.323s][info][gc,cpu         ] GC(726) User=0.02s Sys=0.00s Real=0.02s
[433.880s][info][gc,start       ] GC(727) Pause Young (Allocation Failure)
[433.880s][info][gc,task        ] GC(727) Using 6 workers of 6 for evacuation
[433.896s][info][gc,heap        ] GC(727) ParNew: 409712K->732K(460096K)
[433.896s][info][gc,heap        ] GC(727) CMS: 15550K->15550K(7877440K)
[433.896s][info][gc,metaspace   ] GC(727) Metaspace: 61490K(70340K)->61490K(70340K) NonClass: 53788K(58256K)->53788K(58256K) Class: 7701K(12084K)->7701K(12084K)
[433.896s][info][gc             ] GC(727) Pause Young (Allocation Failure) 415M->15M(8142M) 15.728ms
[433.896s][info][gc,cpu         ] GC(727) User=0.02s Sys=0.00s Real=0.01s
[434.453s][info][gc,start       ] GC(728) Pause Young (Allocation Failure)
[434.453s][info][gc,task        ] GC(728) Using 6 workers of 6 for evacuation
[434.469s][info][gc,heap        ] GC(728) ParNew: 409756K->478K(460096K)
[434.469s][info][gc,heap        ] GC(728) CMS: 15550K->15868K(7877440K)
[434.469s][info][gc,metaspace   ] GC(728) Metaspace: 61490K(70340K)->61490K(70340K) NonClass: 53788K(58256K)->53788K(58256K) Class: 7701K(12084K)->7701K(12084K)
[434.469s][info][gc             ] GC(728) Pause Young (Allocation Failure) 415M->15M(8142M) 15.885ms
[434.469s][info][gc,cpu         ] GC(728) User=0.02s Sys=0.00s Real=0.02s
[434.475s][info][gc,start       ] GC(729) Pause Full (System.gc())
[434.476s][info][gc,phases,start] GC(729) Phase 1: Mark live objects
[434.499s][info][gc,phases      ] GC(729) Phase 1: Mark live objects 23.322ms
[434.499s][info][gc,phases,start] GC(729) Phase 2: Compute new object addresses
[434.504s][info][gc,phases      ] GC(729) Phase 2: Compute new object addresses 5.076ms
[434.504s][info][gc,phases,start] GC(729) Phase 3: Adjust pointers
[434.522s][info][gc,phases      ] GC(729) Phase 3: Adjust pointers 18.236ms
[434.522s][info][gc,phases,start] GC(729) Phase 4: Move objects
[434.523s][info][gc,phases      ] GC(729) Phase 4: Move objects 0.655ms
[434.528s][info][gc,heap        ] GC(729) ParNew: 5226K->0K(460096K)
[434.528s][info][gc,heap        ] GC(729) CMS: 15868K->15569K(7877440K)
[434.528s][info][gc,metaspace   ] GC(729) Metaspace: 61490K(70340K)->61490K(70340K) NonClass: 53789K(58256K)->53789K(58256K) Class: 7701K(12084K)->7701K(12084K)
[434.528s][info][gc             ] GC(729) Pause Full (System.gc()) 20M->15M(8142M) 53.817ms
[434.528s][info][gc,cpu         ] GC(729) User=0.05s Sys=0.00s Real=0.05s
[435.095s][info][gc,start       ] GC(730) Pause Young (Allocation Failure)
[435.095s][info][gc,task        ] GC(730) Using 6 workers of 6 for evacuation
[435.110s][info][gc,heap        ] GC(730) ParNew: 409024K->536K(460096K)
[435.111s][info][gc,heap        ] GC(730) CMS: 15569K->15569K(7877440K)
[435.111s][info][gc,metaspace   ] GC(730) Metaspace: 61494K(70340K)->61494K(70340K) NonClass: 53792K(58256K)->53792K(58256K) Class: 7701K(12084K)->7701K(12084K)
[435.111s][info][gc             ] GC(730) Pause Young (Allocation Failure) 414M->15M(8142M) 15.959ms
[435.111s][info][gc,cpu         ] GC(730) User=0.00s Sys=0.00s Real=0.02s
[435.657s][info][gc,start       ] GC(731) Pause Young (Allocation Failure)
[435.657s][info][gc,task        ] GC(731) Using 6 workers of 6 for evacuation
[435.673s][info][gc,heap        ] GC(731) ParNew: 409560K->731K(460096K)
[435.673s][info][gc,heap        ] GC(731) CMS: 15569K->15569K(7877440K)
[435.673s][info][gc,metaspace   ] GC(731) Metaspace: 61494K(70340K)->61494K(70340K) NonClass: 53792K(58256K)->53792K(58256K) Class: 7701K(12084K)->7701K(12084K)
[435.673s][info][gc             ] GC(731) Pause Young (Allocation Failure) 415M->15M(8142M) 16.270ms
[435.673s][info][gc,cpu         ] GC(731) User=0.02s Sys=0.00s Real=0.02s
[436.229s][info][gc,start       ] GC(732) Pause Young (Allocation Failure)
[436.229s][info][gc,task        ] GC(732) Using 6 workers of 6 for evacuation
[436.245s][info][gc,heap        ] GC(732) ParNew: 409755K->640K(460096K)
[436.245s][info][gc,heap        ] GC(732) CMS: 15569K->15569K(7877440K)
[436.245s][info][gc,metaspace   ] GC(732) Metaspace: 61494K(70340K)->61494K(70340K) NonClass: 53792K(58256K)->53792K(58256K) Class: 7701K(12084K)->7701K(12084K)
[436.245s][info][gc             ] GC(732) Pause Young (Allocation Failure) 415M->15M(8142M) 15.475ms
[436.245s][info][gc,cpu         ] GC(732) User=0.00s Sys=0.00s Real=0.00s
[436.792s][info][gc,start       ] GC(733) Pause Young (Allocation Failure)
[436.792s][info][gc,task        ] GC(733) Using 6 workers of 6 for evacuation
[436.808s][info][gc,heap        ] GC(733) ParNew: 409664K->716K(460096K)
[436.808s][info][gc,heap        ] GC(733) CMS: 15569K->15569K(7877440K)
[436.808s][info][gc,metaspace   ] GC(733) Metaspace: 61494K(70340K)->61494K(70340K) NonClass: 53792K(58256K)->53792K(58256K) Class: 7701K(12084K)->7701K(12084K)
[436.808s][info][gc             ] GC(733) Pause Young (Allocation Failure) 415M->15M(8142M) 15.449ms
[436.808s][info][gc,cpu         ] GC(733) User=0.02s Sys=0.00s Real=0.02s
[437.365s][info][gc,start       ] GC(734) Pause Young (Allocation Failure)
[437.365s][info][gc,task        ] GC(734) Using 6 workers of 6 for evacuation
[437.380s][info][gc,heap        ] GC(734) ParNew: 409740K->698K(460096K)
[437.380s][info][gc,heap        ] GC(734) CMS: 15569K->15569K(7877440K)
[437.380s][info][gc,metaspace   ] GC(734) Metaspace: 61494K(70340K)->61494K(70340K) NonClass: 53792K(58256K)->53792K(58256K) Class: 7701K(12084K)->7701K(12084K)
[437.380s][info][gc             ] GC(734) Pause Young (Allocation Failure) 415M->15M(8142M) 15.031ms
[437.380s][info][gc,cpu         ] GC(734) User=0.02s Sys=0.00s Real=0.02s
[437.938s][info][gc,start       ] GC(735) Pause Young (Allocation Failure)
[437.938s][info][gc,task        ] GC(735) Using 6 workers of 6 for evacuation
[437.954s][info][gc,heap        ] GC(735) ParNew: 409722K->689K(460096K)
[437.954s][info][gc,heap        ] GC(735) CMS: 15569K->15569K(7877440K)
[437.954s][info][gc,metaspace   ] GC(735) Metaspace: 61494K(70340K)->61494K(70340K) NonClass: 53792K(58256K)->53792K(58256K) Class: 7701K(12084K)->7701K(12084K)
[437.954s][info][gc             ] GC(735) Pause Young (Allocation Failure) 415M->15M(8142M) 16.043ms
[437.954s][info][gc,cpu         ] GC(735) User=0.02s Sys=0.00s Real=0.02s
[438.503s][info][gc,start       ] GC(736) Pause Young (Allocation Failure)
[438.503s][info][gc,task        ] GC(736) Using 6 workers of 6 for evacuation
[438.519s][info][gc,heap        ] GC(736) ParNew: 409713K->466K(460096K)
[438.519s][info][gc,heap        ] GC(736) CMS: 15569K->15877K(7877440K)
[438.519s][info][gc,metaspace   ] GC(736) Metaspace: 61494K(70340K)->61494K(70340K) NonClass: 53792K(58256K)->53792K(58256K) Class: 7701K(12084K)->7701K(12084K)
[438.519s][info][gc             ] GC(736) Pause Young (Allocation Failure) 415M->15M(8142M) 15.588ms
[438.519s][info][gc,cpu         ] GC(736) User=0.02s Sys=0.00s Real=0.02s
[438.526s][info][gc,start       ] GC(737) Pause Full (System.gc())
[438.527s][info][gc,phases,start] GC(737) Phase 1: Mark live objects
[438.550s][info][gc,phases      ] GC(737) Phase 1: Mark live objects 22.599ms
[438.550s][info][gc,phases,start] GC(737) Phase 2: Compute new object addresses
[438.555s][info][gc,phases      ] GC(737) Phase 2: Compute new object addresses 5.252ms
[438.555s][info][gc,phases,start] GC(737) Phase 3: Adjust pointers
[438.573s][info][gc,phases      ] GC(737) Phase 3: Adjust pointers 17.580ms
[438.573s][info][gc,phases,start] GC(737) Phase 4: Move objects
[438.574s][info][gc,phases      ] GC(737) Phase 4: Move objects 0.726ms
[438.578s][info][gc,heap        ] GC(737) ParNew: 5979K->0K(460096K)
[438.578s][info][gc,heap        ] GC(737) CMS: 15877K->15509K(7877440K)
[438.578s][info][gc,metaspace   ] GC(737) Metaspace: 61494K(70340K)->61494K(70340K) NonClass: 53792K(58256K)->53792K(58256K) Class: 7701K(12084K)->7701K(12084K)
[438.579s][info][gc             ] GC(737) Pause Full (System.gc()) 21M->15M(8142M) 52.718ms
[438.579s][info][gc,cpu         ] GC(737) User=0.05s Sys=0.00s Real=0.05s
[439.147s][info][gc,start       ] GC(738) Pause Young (Allocation Failure)
[439.147s][info][gc,task        ] GC(738) Using 6 workers of 6 for evacuation
[439.163s][info][gc,heap        ] GC(738) ParNew: 409024K->544K(460096K)
[439.163s][info][gc,heap        ] GC(738) CMS: 15509K->15509K(7877440K)
[439.163s][info][gc,metaspace   ] GC(738) Metaspace: 61495K(70340K)->61495K(70340K) NonClass: 53793K(58256K)->53793K(58256K) Class: 7701K(12084K)->7701K(12084K)
[439.163s][info][gc             ] GC(738) Pause Young (Allocation Failure) 414M->15M(8142M) 16.054ms
[439.163s][info][gc,cpu         ] GC(738) User=0.00s Sys=0.00s Real=0.00s
[439.708s][info][gc,start       ] GC(739) Pause Young (Allocation Failure)
[439.708s][info][gc,task        ] GC(739) Using 6 workers of 6 for evacuation
[439.724s][info][gc,heap        ] GC(739) ParNew: 409568K->788K(460096K)
[439.724s][info][gc,heap        ] GC(739) CMS: 15509K->15509K(7877440K)
[439.724s][info][gc,metaspace   ] GC(739) Metaspace: 61495K(70340K)->61495K(70340K) NonClass: 53793K(58256K)->53793K(58256K) Class: 7701K(12084K)->7701K(12084K)
[439.724s][info][gc             ] GC(739) Pause Young (Allocation Failure) 415M->15M(8142M) 16.015ms
[439.724s][info][gc,cpu         ] GC(739) User=0.02s Sys=0.00s Real=0.02s
[440.286s][info][gc,start       ] GC(740) Pause Young (Allocation Failure)
[440.286s][info][gc,task        ] GC(740) Using 6 workers of 6 for evacuation
[440.301s][info][gc,heap        ] GC(740) ParNew: 409812K->762K(460096K)
[440.301s][info][gc,heap        ] GC(740) CMS: 15509K->15509K(7877440K)
[440.301s][info][gc,metaspace   ] GC(740) Metaspace: 61495K(70340K)->61495K(70340K) NonClass: 53793K(58256K)->53793K(58256K) Class: 7701K(12084K)->7701K(12084K)
[440.301s][info][gc             ] GC(740) Pause Young (Allocation Failure) 415M->15M(8142M) 15.503ms
[440.301s][info][gc,cpu         ] GC(740) User=0.02s Sys=0.00s Real=0.02s
[440.853s][info][gc,start       ] GC(741) Pause Young (Allocation Failure)
[440.854s][info][gc,task        ] GC(741) Using 6 workers of 6 for evacuation
[440.870s][info][gc,heap        ] GC(741) ParNew: 409786K->746K(460096K)
[440.870s][info][gc,heap        ] GC(741) CMS: 15509K->15509K(7877440K)
[440.870s][info][gc,metaspace   ] GC(741) Metaspace: 61495K(70340K)->61495K(70340K) NonClass: 53793K(58256K)->53793K(58256K) Class: 7701K(12084K)->7701K(12084K)
[440.870s][info][gc             ] GC(741) Pause Young (Allocation Failure) 415M->15M(8142M) 16.318ms
[440.870s][info][gc,cpu         ] GC(741) User=0.02s Sys=0.00s Real=0.02s
[441.426s][info][gc,start       ] GC(742) Pause Young (Allocation Failure)
[441.426s][info][gc,task        ] GC(742) Using 6 workers of 6 for evacuation
[441.442s][info][gc,heap        ] GC(742) ParNew: 409770K->902K(460096K)
[441.442s][info][gc,heap        ] GC(742) CMS: 15509K->15509K(7877440K)
[441.442s][info][gc,metaspace   ] GC(742) Metaspace: 61495K(70340K)->61495K(70340K) NonClass: 53793K(58256K)->53793K(58256K) Class: 7701K(12084K)->7701K(12084K)
[441.442s][info][gc             ] GC(742) Pause Young (Allocation Failure) 415M->16M(8142M) 15.984ms
[441.442s][info][gc,cpu         ] GC(742) User=0.00s Sys=0.00s Real=0.01s
[442.003s][info][gc,start       ] GC(743) Pause Young (Allocation Failure)
[442.003s][info][gc,task        ] GC(743) Using 6 workers of 6 for evacuation
[442.019s][info][gc,heap        ] GC(743) ParNew: 409926K->669K(460096K)
[442.019s][info][gc,heap        ] GC(743) CMS: 15509K->15509K(7877440K)
[442.019s][info][gc,metaspace   ] GC(743) Metaspace: 61495K(70340K)->61495K(70340K) NonClass: 53793K(58256K)->53793K(58256K) Class: 7701K(12084K)->7701K(12084K)
[442.019s][info][gc             ] GC(743) Pause Young (Allocation Failure) 415M->15M(8142M) 15.760ms
[442.019s][info][gc,cpu         ] GC(743) User=0.00s Sys=0.00s Real=0.01s
[442.570s][info][gc,start       ] GC(744) Pause Young (Allocation Failure)
[442.570s][info][gc,task        ] GC(744) Using 6 workers of 6 for evacuation
[442.585s][info][gc,heap        ] GC(744) ParNew: 409693K->479K(460096K)
[442.585s][info][gc,heap        ] GC(744) CMS: 15509K->15843K(7877440K)
[442.585s][info][gc,metaspace   ] GC(744) Metaspace: 61495K(70340K)->61495K(70340K) NonClass: 53793K(58256K)->53793K(58256K) Class: 7701K(12084K)->7701K(12084K)
[442.585s][info][gc             ] GC(744) Pause Young (Allocation Failure) 415M->15M(8142M) 15.548ms
[442.585s][info][gc,cpu         ] GC(744) User=0.02s Sys=0.00s Real=0.02s
[442.601s][info][gc,start       ] GC(745) Pause Full (System.gc())
[442.602s][info][gc,phases,start] GC(745) Phase 1: Mark live objects
[442.625s][info][gc,phases      ] GC(745) Phase 1: Mark live objects 22.626ms
[442.625s][info][gc,phases,start] GC(745) Phase 2: Compute new object addresses
[442.630s][info][gc,phases      ] GC(745) Phase 2: Compute new object addresses 5.557ms
[442.630s][info][gc,phases,start] GC(745) Phase 3: Adjust pointers
[442.648s][info][gc,phases      ] GC(745) Phase 3: Adjust pointers 17.883ms
[442.648s][info][gc,phases,start] GC(745) Phase 4: Move objects
[442.649s][info][gc,phases      ] GC(745) Phase 4: Move objects 0.934ms
[442.654s][info][gc,heap        ] GC(745) ParNew: 9277K->0K(460096K)
[442.654s][info][gc,heap        ] GC(745) CMS: 15843K->15534K(7877440K)
[442.654s][info][gc,metaspace   ] GC(745) Metaspace: 61495K(70340K)->61495K(70340K) NonClass: 53793K(58256K)->53793K(58256K) Class: 7701K(12084K)->7701K(12084K)
[442.655s][info][gc             ] GC(745) Pause Full (System.gc()) 24M->15M(8142M) 54.087ms
[442.655s][info][gc,cpu         ] GC(745) User=0.06s Sys=0.00s Real=0.06s
[443.224s][info][gc,start       ] GC(746) Pause Young (Allocation Failure)
[443.224s][info][gc,task        ] GC(746) Using 6 workers of 6 for evacuation
[443.240s][info][gc,heap        ] GC(746) ParNew: 409024K->641K(460096K)
[443.240s][info][gc,heap        ] GC(746) CMS: 15534K->15534K(7877440K)
[443.240s][info][gc,metaspace   ] GC(746) Metaspace: 61499K(70596K)->61499K(70596K) NonClass: 53797K(58512K)->53797K(58512K) Class: 7701K(12084K)->7701K(12084K)
[443.240s][info][gc             ] GC(746) Pause Young (Allocation Failure) 414M->15M(8142M) 16.147ms
[443.240s][info][gc,cpu         ] GC(746) User=0.00s Sys=0.02s Real=0.02s
[443.786s][info][gc,start       ] GC(747) Pause Young (Allocation Failure)
[443.786s][info][gc,task        ] GC(747) Using 6 workers of 6 for evacuation
[443.802s][info][gc,heap        ] GC(747) ParNew: 409665K->881K(460096K)
[443.802s][info][gc,heap        ] GC(747) CMS: 15534K->15534K(7877440K)
[443.802s][info][gc,metaspace   ] GC(747) Metaspace: 61499K(70596K)->61499K(70596K) NonClass: 53797K(58512K)->53797K(58512K) Class: 7701K(12084K)->7701K(12084K)
[443.802s][info][gc             ] GC(747) Pause Young (Allocation Failure) 415M->16M(8142M) 16.044ms
[443.802s][info][gc,cpu         ] GC(747) User=0.02s Sys=0.00s Real=0.02s
[444.367s][info][gc,start       ] GC(748) Pause Young (Allocation Failure)
[444.367s][info][gc,task        ] GC(748) Using 6 workers of 6 for evacuation
[444.383s][info][gc,heap        ] GC(748) ParNew: 409905K->879K(460096K)
[444.383s][info][gc,heap        ] GC(748) CMS: 15534K->15534K(7877440K)
[444.383s][info][gc,metaspace   ] GC(748) Metaspace: 61499K(70596K)->61499K(70596K) NonClass: 53797K(58512K)->53797K(58512K) Class: 7701K(12084K)->7701K(12084K)
[444.383s][info][gc             ] GC(748) Pause Young (Allocation Failure) 415M->16M(8142M) 15.827ms
[444.383s][info][gc,cpu         ] GC(748) User=0.02s Sys=0.00s Real=0.02s
[444.944s][info][gc,start       ] GC(749) Pause Young (Allocation Failure)
[444.944s][info][gc,task        ] GC(749) Using 6 workers of 6 for evacuation
[444.960s][info][gc,heap        ] GC(749) ParNew: 409903K->650K(460096K)
[444.960s][info][gc,heap        ] GC(749) CMS: 15534K->15534K(7877440K)
[444.960s][info][gc,metaspace   ] GC(749) Metaspace: 61499K(70596K)->61499K(70596K) NonClass: 53797K(58512K)->53797K(58512K) Class: 7701K(12084K)->7701K(12084K)
[444.960s][info][gc             ] GC(749) Pause Young (Allocation Failure) 415M->15M(8142M) 16.029ms
[444.960s][info][gc,cpu         ] GC(749) User=0.02s Sys=0.00s Real=0.02s
[445.508s][info][gc,start       ] GC(750) Pause Young (Allocation Failure)
[445.508s][info][gc,task        ] GC(750) Using 6 workers of 6 for evacuation
[445.524s][info][gc,heap        ] GC(750) ParNew: 409674K->771K(460096K)
[445.524s][info][gc,heap        ] GC(750) CMS: 15534K->15534K(7877440K)
[445.524s][info][gc,metaspace   ] GC(750) Metaspace: 61499K(70596K)->61499K(70596K) NonClass: 53797K(58512K)->53797K(58512K) Class: 7701K(12084K)->7701K(12084K)
[445.524s][info][gc             ] GC(750) Pause Young (Allocation Failure) 415M->15M(8142M) 15.849ms
[445.524s][info][gc,cpu         ] GC(750) User=0.00s Sys=0.00s Real=0.02s
[446.091s][info][gc,start       ] GC(751) Pause Young (Allocation Failure)
[446.091s][info][gc,task        ] GC(751) Using 6 workers of 6 for evacuation
[446.107s][info][gc,heap        ] GC(751) ParNew: 409795K->873K(460096K)
[446.107s][info][gc,heap        ] GC(751) CMS: 15534K->15534K(7877440K)
[446.107s][info][gc,metaspace   ] GC(751) Metaspace: 61499K(70596K)->61499K(70596K) NonClass: 53797K(58512K)->53797K(58512K) Class: 7701K(12084K)->7701K(12084K)
[446.107s][info][gc             ] GC(751) Pause Young (Allocation Failure) 415M->16M(8142M) 16.269ms
[446.107s][info][gc,cpu         ] GC(751) User=0.02s Sys=0.00s Real=0.01s
[446.676s][info][gc,start       ] GC(752) Pause Young (Allocation Failure)
[446.676s][info][gc,task        ] GC(752) Using 6 workers of 6 for evacuation
[446.692s][info][gc,heap        ] GC(752) ParNew: 409897K->327K(460096K)
[446.692s][info][gc,heap        ] GC(752) CMS: 15534K->15839K(7877440K)
[446.692s][info][gc,metaspace   ] GC(752) Metaspace: 61499K(70596K)->61499K(70596K) NonClass: 53797K(58512K)->53797K(58512K) Class: 7701K(12084K)->7701K(12084K)
[446.692s][info][gc             ] GC(752) Pause Young (Allocation Failure) 415M->15M(8142M) 16.117ms
[446.693s][info][gc,cpu         ] GC(752) User=0.00s Sys=0.00s Real=0.00s
[446.694s][info][gc,start       ] GC(753) Pause Full (System.gc())
[446.695s][info][gc,phases,start] GC(753) Phase 1: Mark live objects
[446.718s][info][gc,phases      ] GC(753) Phase 1: Mark live objects 23.055ms
[446.718s][info][gc,phases,start] GC(753) Phase 2: Compute new object addresses
[446.722s][info][gc,phases      ] GC(753) Phase 2: Compute new object addresses 4.688ms
[446.723s][info][gc,phases,start] GC(753) Phase 3: Adjust pointers
[446.740s][info][gc,phases      ] GC(753) Phase 3: Adjust pointers 17.491ms
[446.740s][info][gc,phases,start] GC(753) Phase 4: Move objects
[446.741s][info][gc,phases      ] GC(753) Phase 4: Move objects 0.642ms
[446.746s][info][gc,heap        ] GC(753) ParNew: 2246K->0K(460096K)
[446.746s][info][gc,heap        ] GC(753) CMS: 15839K->15567K(7877440K)
[446.746s][info][gc,metaspace   ] GC(753) Metaspace: 61499K(70596K)->61499K(70596K) NonClass: 53797K(58512K)->53797K(58512K) Class: 7701K(12084K)->7701K(12084K)
[446.746s][info][gc             ] GC(753) Pause Full (System.gc()) 17M->15M(8142M) 52.804ms
[446.746s][info][gc,cpu         ] GC(753) User=0.05s Sys=0.00s Real=0.05s
[447.320s][info][gc,start       ] GC(754) Pause Young (Allocation Failure)
[447.320s][info][gc,task        ] GC(754) Using 6 workers of 6 for evacuation
[447.335s][info][gc,heap        ] GC(754) ParNew: 409024K->515K(460096K)
[447.335s][info][gc,heap        ] GC(754) CMS: 15567K->15567K(7877440K)
[447.335s][info][gc,metaspace   ] GC(754) Metaspace: 61500K(70596K)->61500K(70596K) NonClass: 53798K(58512K)->53798K(58512K) Class: 7701K(12084K)->7701K(12084K)
[447.335s][info][gc             ] GC(754) Pause Young (Allocation Failure) 414M->15M(8142M) 15.692ms
[447.335s][info][gc,cpu         ] GC(754) User=0.02s Sys=0.00s Real=0.02s
[447.884s][info][gc,start       ] GC(755) Pause Young (Allocation Failure)
[447.884s][info][gc,task        ] GC(755) Using 6 workers of 6 for evacuation
[447.900s][info][gc,heap        ] GC(755) ParNew: 409539K->699K(460096K)
[447.900s][info][gc,heap        ] GC(755) CMS: 15567K->15567K(7877440K)
[447.900s][info][gc,metaspace   ] GC(755) Metaspace: 61500K(70596K)->61500K(70596K) NonClass: 53798K(58512K)->53798K(58512K) Class: 7701K(12084K)->7701K(12084K)
[447.900s][info][gc             ] GC(755) Pause Young (Allocation Failure) 415M->15M(8142M) 15.649ms
[447.900s][info][gc,cpu         ] GC(755) User=0.02s Sys=0.00s Real=0.02s
[448.460s][info][gc,start       ] GC(756) Pause Young (Allocation Failure)
[448.460s][info][gc,task        ] GC(756) Using 6 workers of 6 for evacuation
[448.475s][info][gc,heap        ] GC(756) ParNew: 409723K->675K(460096K)
[448.475s][info][gc,heap        ] GC(756) CMS: 15567K->15567K(7877440K)
[448.475s][info][gc,metaspace   ] GC(756) Metaspace: 61500K(70596K)->61500K(70596K) NonClass: 53798K(58512K)->53798K(58512K) Class: 7701K(12084K)->7701K(12084K)
[448.475s][info][gc             ] GC(756) Pause Young (Allocation Failure) 415M->15M(8142M) 15.428ms
[448.475s][info][gc,cpu         ] GC(756) User=0.02s Sys=0.00s Real=0.02s
[449.081s][info][gc,start       ] GC(757) Pause Young (Allocation Failure)
[449.081s][info][gc,task        ] GC(757) Using 6 workers of 6 for evacuation
[449.096s][info][gc,heap        ] GC(757) ParNew: 409699K->785K(460096K)
[449.096s][info][gc,heap        ] GC(757) CMS: 15567K->15567K(7877440K)
[449.096s][info][gc,metaspace   ] GC(757) Metaspace: 61500K(70596K)->61500K(70596K) NonClass: 53798K(58512K)->53798K(58512K) Class: 7701K(12084K)->7701K(12084K)
[449.096s][info][gc             ] GC(757) Pause Young (Allocation Failure) 415M->15M(8142M) 15.119ms
[449.096s][info][gc,cpu         ] GC(757) User=0.02s Sys=0.00s Real=0.02s
[449.730s][info][gc,start       ] GC(758) Pause Young (Allocation Failure)
[449.730s][info][gc,task        ] GC(758) Using 6 workers of 6 for evacuation
[449.745s][info][gc,heap        ] GC(758) ParNew: 409809K->713K(460096K)
[449.745s][info][gc,heap        ] GC(758) CMS: 15567K->15567K(7877440K)
[449.745s][info][gc,metaspace   ] GC(758) Metaspace: 61500K(70596K)->61500K(70596K) NonClass: 53798K(58512K)->53798K(58512K) Class: 7701K(12084K)->7701K(12084K)
[449.745s][info][gc             ] GC(758) Pause Young (Allocation Failure) 415M->15M(8142M) 15.365ms
[449.745s][info][gc,cpu         ] GC(758) User=0.00s Sys=0.00s Real=0.00s
[450.366s][info][gc,start       ] GC(759) Pause Young (Allocation Failure)
[450.366s][info][gc,task        ] GC(759) Using 6 workers of 6 for evacuation
[450.381s][info][gc,heap        ] GC(759) ParNew: 409737K->737K(460096K)
[450.381s][info][gc,heap        ] GC(759) CMS: 15567K->15567K(7877440K)
[450.381s][info][gc,metaspace   ] GC(759) Metaspace: 61500K(70596K)->61500K(70596K) NonClass: 53798K(58512K)->53798K(58512K) Class: 7701K(12084K)->7701K(12084K)
[450.381s][info][gc             ] GC(759) Pause Young (Allocation Failure) 415M->15M(8142M) 15.464ms
[450.381s][info][gc,cpu         ] GC(759) User=0.00s Sys=0.00s Real=0.00s
[450.950s][info][gc,start       ] GC(760) Pause Young (Allocation Failure)
[450.950s][info][gc,task        ] GC(760) Using 6 workers of 6 for evacuation
[450.968s][info][gc,heap        ] GC(760) ParNew: 409761K->497K(460096K)
[450.968s][info][gc,heap        ] GC(760) CMS: 15567K->15843K(7877440K)
[450.968s][info][gc,metaspace   ] GC(760) Metaspace: 61507K(70596K)->61507K(70596K) NonClass: 53806K(58512K)->53806K(58512K) Class: 7701K(12084K)->7701K(12084K)
[450.968s][info][gc             ] GC(760) Pause Young (Allocation Failure) 415M->15M(8142M) 18.063ms
[450.968s][info][gc,cpu         ] GC(760) User=0.02s Sys=0.00s Real=0.02s
[450.969s][info][gc,start       ] GC(761) Pause Full (System.gc())
[450.970s][info][gc,phases,start] GC(761) Phase 1: Mark live objects
[450.992s][info][gc,phases      ] GC(761) Phase 1: Mark live objects 22.016ms
[450.992s][info][gc,phases,start] GC(761) Phase 2: Compute new object addresses
[450.997s][info][gc,phases      ] GC(761) Phase 2: Compute new object addresses 4.710ms
[450.997s][info][gc,phases,start] GC(761) Phase 3: Adjust pointers
[451.014s][info][gc,phases      ] GC(761) Phase 3: Adjust pointers 17.502ms
[451.014s][info][gc,phases,start] GC(761) Phase 4: Move objects
[451.015s][info][gc,phases      ] GC(761) Phase 4: Move objects 0.645ms
[451.020s][info][gc,heap        ] GC(761) ParNew: 1697K->0K(460096K)
[451.020s][info][gc,heap        ] GC(761) CMS: 15843K->15568K(7877440K)
[451.020s][info][gc,metaspace   ] GC(761) Metaspace: 61510K(70596K)->61510K(70596K) NonClass: 53809K(58512K)->53809K(58512K) Class: 7701K(12084K)->7701K(12084K)
[451.021s][info][gc             ] GC(761) Pause Full (System.gc()) 17M->15M(8142M) 51.645ms
[451.021s][info][gc,cpu         ] GC(761) User=0.05s Sys=0.00s Real=0.05s
[451.614s][info][gc,start       ] GC(762) Pause Young (Allocation Failure)
[451.614s][info][gc,task        ] GC(762) Using 6 workers of 6 for evacuation
[451.630s][info][gc,heap        ] GC(762) ParNew: 409024K->606K(460096K)
[451.630s][info][gc,heap        ] GC(762) CMS: 15568K->15568K(7877440K)
[451.630s][info][gc,metaspace   ] GC(762) Metaspace: 61520K(70596K)->61520K(70596K) NonClass: 53819K(58512K)->53819K(58512K) Class: 7701K(12084K)->7701K(12084K)
[451.630s][info][gc             ] GC(762) Pause Young (Allocation Failure) 414M->15M(8142M) 16.850ms
[451.630s][info][gc,cpu         ] GC(762) User=0.02s Sys=0.00s Real=0.03s
[452.195s][info][gc,start       ] GC(763) Pause Young (Allocation Failure)
[452.195s][info][gc,task        ] GC(763) Using 6 workers of 6 for evacuation
[452.211s][info][gc,heap        ] GC(763) ParNew: 409630K->762K(460096K)
[452.211s][info][gc,heap        ] GC(763) CMS: 15568K->15568K(7877440K)
[452.211s][info][gc,metaspace   ] GC(763) Metaspace: 61520K(70596K)->61520K(70596K) NonClass: 53819K(58512K)->53819K(58512K) Class: 7701K(12084K)->7701K(12084K)
[452.211s][info][gc             ] GC(763) Pause Young (Allocation Failure) 415M->15M(8142M) 16.005ms
[452.211s][info][gc,cpu         ] GC(763) User=0.02s Sys=0.00s Real=0.02s
[452.765s][info][gc,start       ] GC(764) Pause Young (Allocation Failure)
[452.765s][info][gc,task        ] GC(764) Using 6 workers of 6 for evacuation
[452.781s][info][gc,heap        ] GC(764) ParNew: 409786K->633K(460096K)
[452.781s][info][gc,heap        ] GC(764) CMS: 15568K->15568K(7877440K)
[452.781s][info][gc,metaspace   ] GC(764) Metaspace: 61520K(70596K)->61520K(70596K) NonClass: 53819K(58512K)->53819K(58512K) Class: 7701K(12084K)->7701K(12084K)
[452.781s][info][gc             ] GC(764) Pause Young (Allocation Failure) 415M->15M(8142M) 16.343ms
[452.781s][info][gc,cpu         ] GC(764) User=0.00s Sys=0.00s Real=0.01s
[453.349s][info][gc,start       ] GC(765) Pause Young (Allocation Failure)
[453.349s][info][gc,task        ] GC(765) Using 6 workers of 6 for evacuation
[453.365s][info][gc,heap        ] GC(765) ParNew: 409657K->753K(460096K)
[453.365s][info][gc,heap        ] GC(765) CMS: 15568K->15568K(7877440K)
[453.365s][info][gc,metaspace   ] GC(765) Metaspace: 61520K(70596K)->61520K(70596K) NonClass: 53819K(58512K)->53819K(58512K) Class: 7701K(12084K)->7701K(12084K)
[453.365s][info][gc             ] GC(765) Pause Young (Allocation Failure) 415M->15M(8142M) 16.145ms
[453.365s][info][gc,cpu         ] GC(765) User=0.02s Sys=0.00s Real=0.01s
[453.928s][info][gc,start       ] GC(766) Pause Young (Allocation Failure)
[453.928s][info][gc,task        ] GC(766) Using 6 workers of 6 for evacuation
[453.944s][info][gc,heap        ] GC(766) ParNew: 409777K->717K(460096K)
[453.944s][info][gc,heap        ] GC(766) CMS: 15568K->15568K(7877440K)
[453.944s][info][gc,metaspace   ] GC(766) Metaspace: 61520K(70596K)->61520K(70596K) NonClass: 53819K(58512K)->53819K(58512K) Class: 7701K(12084K)->7701K(12084K)
[453.944s][info][gc             ] GC(766) Pause Young (Allocation Failure) 415M->15M(8142M) 16.298ms
[453.944s][info][gc,cpu         ] GC(766) User=0.00s Sys=0.00s Real=0.02s
[454.496s][info][gc,start       ] GC(767) Pause Young (Allocation Failure)
[454.496s][info][gc,task        ] GC(767) Using 6 workers of 6 for evacuation
[454.511s][info][gc,heap        ] GC(767) ParNew: 409741K->744K(460096K)
[454.511s][info][gc,heap        ] GC(767) CMS: 15568K->15568K(7877440K)
[454.511s][info][gc,metaspace   ] GC(767) Metaspace: 61520K(70596K)->61520K(70596K) NonClass: 53819K(58512K)->53819K(58512K) Class: 7701K(12084K)->7701K(12084K)
[454.511s][info][gc             ] GC(767) Pause Young (Allocation Failure) 415M->15M(8142M) 14.981ms
[454.511s][info][gc,cpu         ] GC(767) User=0.00s Sys=0.00s Real=0.00s
[455.089s][info][gc,start       ] GC(768) Pause Young (Allocation Failure)
[455.089s][info][gc,task        ] GC(768) Using 6 workers of 6 for evacuation
[455.105s][info][gc,heap        ] GC(768) ParNew: 409768K->499K(460096K)
[455.106s][info][gc,heap        ] GC(768) CMS: 15568K->15838K(7877440K)
[455.106s][info][gc,metaspace   ] GC(768) Metaspace: 61520K(70596K)->61520K(70596K) NonClass: 53819K(58512K)->53819K(58512K) Class: 7701K(12084K)->7701K(12084K)
[455.106s][info][gc             ] GC(768) Pause Young (Allocation Failure) 415M->15M(8142M) 17.370ms
[455.106s][info][gc,cpu         ] GC(768) User=0.02s Sys=0.00s Real=0.02s
[455.107s][info][gc,start       ] GC(769) Pause Full (System.gc())
[455.108s][info][gc,phases,start] GC(769) Phase 1: Mark live objects
[455.130s][info][gc,phases      ] GC(769) Phase 1: Mark live objects 22.444ms
[455.130s][info][gc,phases,start] GC(769) Phase 2: Compute new object addresses
[455.135s][info][gc,phases      ] GC(769) Phase 2: Compute new object addresses 4.676ms
[455.135s][info][gc,phases,start] GC(769) Phase 3: Adjust pointers
[455.153s][info][gc,phases      ] GC(769) Phase 3: Adjust pointers 17.548ms
[455.153s][info][gc,phases,start] GC(769) Phase 4: Move objects
[455.153s][info][gc,phases      ] GC(769) Phase 4: Move objects 0.637ms
[455.158s][info][gc,heap        ] GC(769) ParNew: 1891K->0K(460096K)
[455.158s][info][gc,heap        ] GC(769) CMS: 15838K->15526K(7877440K)
[455.158s][info][gc,metaspace   ] GC(769) Metaspace: 61520K(70596K)->61520K(70596K) NonClass: 53819K(58512K)->53819K(58512K) Class: 7701K(12084K)->7701K(12084K)
[455.159s][info][gc             ] GC(769) Pause Full (System.gc()) 17M->15M(8142M) 52.077ms
[455.159s][info][gc,cpu         ] GC(769) User=0.05s Sys=0.00s Real=0.05s
[455.721s][info][gc,start       ] GC(770) Pause Young (Allocation Failure)
[455.721s][info][gc,task        ] GC(770) Using 6 workers of 6 for evacuation
[455.737s][info][gc,heap        ] GC(770) ParNew: 409024K->596K(460096K)
[455.737s][info][gc,heap        ] GC(770) CMS: 15526K->15526K(7877440K)
[455.737s][info][gc,metaspace   ] GC(770) Metaspace: 61520K(70596K)->61520K(70596K) NonClass: 53819K(58512K)->53819K(58512K) Class: 7701K(12084K)->7701K(12084K)
[455.737s][info][gc             ] GC(770) Pause Young (Allocation Failure) 414M->15M(8142M) 15.725ms
[455.737s][info][gc,cpu         ] GC(770) User=0.03s Sys=0.00s Real=0.03s
[456.297s][info][gc,start       ] GC(771) Pause Young (Allocation Failure)
[456.297s][info][gc,task        ] GC(771) Using 6 workers of 6 for evacuation
[456.313s][info][gc,heap        ] GC(771) ParNew: 409620K->762K(460096K)
[456.313s][info][gc,heap        ] GC(771) CMS: 15526K->15526K(7877440K)
[456.313s][info][gc,metaspace   ] GC(771) Metaspace: 61520K(70596K)->61520K(70596K) NonClass: 53819K(58512K)->53819K(58512K) Class: 7701K(12084K)->7701K(12084K)
[456.313s][info][gc             ] GC(771) Pause Young (Allocation Failure) 415M->15M(8142M) 16.480ms
[456.313s][info][gc,cpu         ] GC(771) User=0.00s Sys=0.00s Real=0.01s
[456.878s][info][gc,start       ] GC(772) Pause Young (Allocation Failure)
[456.878s][info][gc,task        ] GC(772) Using 6 workers of 6 for evacuation
[456.893s][info][gc,heap        ] GC(772) ParNew: 409786K->885K(460096K)
[456.894s][info][gc,heap        ] GC(772) CMS: 15526K->15526K(7877440K)
[456.894s][info][gc,metaspace   ] GC(772) Metaspace: 61520K(70596K)->61520K(70596K) NonClass: 53819K(58512K)->53819K(58512K) Class: 7701K(12084K)->7701K(12084K)
[456.894s][info][gc             ] GC(772) Pause Young (Allocation Failure) 415M->16M(8142M) 15.871ms
[456.894s][info][gc,cpu         ] GC(772) User=0.03s Sys=0.00s Real=0.02s
[457.455s][info][gc,start       ] GC(773) Pause Young (Allocation Failure)
[457.455s][info][gc,task        ] GC(773) Using 6 workers of 6 for evacuation
[457.470s][info][gc,heap        ] GC(773) ParNew: 409909K->894K(460096K)
[457.471s][info][gc,heap        ] GC(773) CMS: 15526K->15526K(7877440K)
[457.471s][info][gc,metaspace   ] GC(773) Metaspace: 61520K(70596K)->61520K(70596K) NonClass: 53819K(58512K)->53819K(58512K) Class: 7701K(12084K)->7701K(12084K)
[457.471s][info][gc             ] GC(773) Pause Young (Allocation Failure) 415M->16M(8142M) 15.966ms
[457.471s][info][gc,cpu         ] GC(773) User=0.02s Sys=0.00s Real=0.02s
[458.034s][info][gc,start       ] GC(774) Pause Young (Allocation Failure)
[458.034s][info][gc,task        ] GC(774) Using 6 workers of 6 for evacuation
[458.049s][info][gc,heap        ] GC(774) ParNew: 409918K->833K(460096K)
[458.049s][info][gc,heap        ] GC(774) CMS: 15526K->15526K(7877440K)
[458.049s][info][gc,metaspace   ] GC(774) Metaspace: 61520K(70596K)->61520K(70596K) NonClass: 53819K(58512K)->53819K(58512K) Class: 7701K(12084K)->7701K(12084K)
[458.049s][info][gc             ] GC(774) Pause Young (Allocation Failure) 415M->15M(8142M) 15.807ms
[458.049s][info][gc,cpu         ] GC(774) User=0.00s Sys=0.00s Real=0.00s
[458.602s][info][gc,start       ] GC(775) Pause Young (Allocation Failure)
[458.602s][info][gc,task        ] GC(775) Using 6 workers of 6 for evacuation
[458.618s][info][gc,heap        ] GC(775) ParNew: 409857K->879K(460096K)
[458.618s][info][gc,heap        ] GC(775) CMS: 15526K->15526K(7877440K)
[458.618s][info][gc,metaspace   ] GC(775) Metaspace: 61520K(70596K)->61520K(70596K) NonClass: 53819K(58512K)->53819K(58512K) Class: 7701K(12084K)->7701K(12084K)
[458.618s][info][gc             ] GC(775) Pause Young (Allocation Failure) 415M->16M(8142M) 16.070ms
[458.618s][info][gc,cpu         ] GC(775) User=0.02s Sys=0.00s Real=0.02s
[459.188s][info][gc,start       ] GC(776) Pause Young (Allocation Failure)
[459.188s][info][gc,task        ] GC(776) Using 6 workers of 6 for evacuation
[459.203s][info][gc,heap        ] GC(776) ParNew: 409903K->551K(460096K)
[459.203s][info][gc,heap        ] GC(776) CMS: 15526K->15898K(7877440K)
[459.203s][info][gc,metaspace   ] GC(776) Metaspace: 61520K(70596K)->61520K(70596K) NonClass: 53819K(58512K)->53819K(58512K) Class: 7701K(12084K)->7701K(12084K)
[459.203s][info][gc             ] GC(776) Pause Young (Allocation Failure) 415M->16M(8142M) 15.464ms
[459.203s][info][gc,cpu         ] GC(776) User=0.02s Sys=0.00s Real=0.02s
[459.214s][info][gc,start       ] GC(777) Pause Full (System.gc())
[459.215s][info][gc,phases,start] GC(777) Phase 1: Mark live objects
[459.239s][info][gc,phases      ] GC(777) Phase 1: Mark live objects 23.805ms
[459.239s][info][gc,phases,start] GC(777) Phase 2: Compute new object addresses
[459.244s][info][gc,phases      ] GC(777) Phase 2: Compute new object addresses 5.142ms
[459.244s][info][gc,phases,start] GC(777) Phase 3: Adjust pointers
[459.262s][info][gc,phases      ] GC(777) Phase 3: Adjust pointers 17.676ms
[459.262s][info][gc,phases,start] GC(777) Phase 4: Move objects
[459.263s][info][gc,phases      ] GC(777) Phase 4: Move objects 0.697ms
[459.267s][info][gc,heap        ] GC(777) ParNew: 6383K->0K(460096K)
[459.267s][info][gc,heap        ] GC(777) CMS: 15898K->15492K(7877440K)
[459.267s][info][gc,metaspace   ] GC(777) Metaspace: 61520K(70596K)->61520K(70596K) NonClass: 53819K(58512K)->53819K(58512K) Class: 7701K(12084K)->7701K(12084K)
[459.268s][info][gc             ] GC(777) Pause Full (System.gc()) 21M->15M(8142M) 53.532ms
[459.268s][info][gc,cpu         ] GC(777) User=0.05s Sys=0.00s Real=0.05s
[459.833s][info][gc,start       ] GC(778) Pause Young (Allocation Failure)
[459.833s][info][gc,task        ] GC(778) Using 6 workers of 6 for evacuation
[459.850s][info][gc,heap        ] GC(778) ParNew: 409024K->552K(460096K)
[459.850s][info][gc,heap        ] GC(778) CMS: 15492K->15492K(7877440K)
[459.850s][info][gc,metaspace   ] GC(778) Metaspace: 61520K(70596K)->61520K(70596K) NonClass: 53819K(58512K)->53819K(58512K) Class: 7701K(12084K)->7701K(12084K)
[459.850s][info][gc             ] GC(778) Pause Young (Allocation Failure) 414M->15M(8142M) 16.897ms
[459.850s][info][gc,cpu         ] GC(778) User=0.02s Sys=0.00s Real=0.02s
[460.408s][info][gc,start       ] GC(779) Pause Young (Allocation Failure)
[460.408s][info][gc,task        ] GC(779) Using 6 workers of 6 for evacuation
[460.424s][info][gc,heap        ] GC(779) ParNew: 409576K->755K(460096K)
[460.424s][info][gc,heap        ] GC(779) CMS: 15492K->15492K(7877440K)
[460.424s][info][gc,metaspace   ] GC(779) Metaspace: 61520K(70596K)->61520K(70596K) NonClass: 53819K(58512K)->53819K(58512K) Class: 7701K(12084K)->7701K(12084K)
[460.424s][info][gc             ] GC(779) Pause Young (Allocation Failure) 415M->15M(8142M) 16.092ms
[460.424s][info][gc,cpu         ] GC(779) User=0.02s Sys=0.00s Real=0.01s
[460.987s][info][gc,start       ] GC(780) Pause Young (Allocation Failure)
[460.987s][info][gc,task        ] GC(780) Using 6 workers of 6 for evacuation
[461.003s][info][gc,heap        ] GC(780) ParNew: 409779K->798K(460096K)
[461.003s][info][gc,heap        ] GC(780) CMS: 15492K->15492K(7877440K)
[461.003s][info][gc,metaspace   ] GC(780) Metaspace: 61520K(70596K)->61520K(70596K) NonClass: 53819K(58512K)->53819K(58512K) Class: 7701K(12084K)->7701K(12084K)
[461.003s][info][gc             ] GC(780) Pause Young (Allocation Failure) 415M->15M(8142M) 16.215ms
[461.003s][info][gc,cpu         ] GC(780) User=0.02s Sys=0.00s Real=0.01s
[461.558s][info][gc,start       ] GC(781) Pause Young (Allocation Failure)
[461.558s][info][gc,task        ] GC(781) Using 6 workers of 6 for evacuation
[461.574s][info][gc,heap        ] GC(781) ParNew: 409822K->874K(460096K)
[461.574s][info][gc,heap        ] GC(781) CMS: 15492K->15492K(7877440K)
[461.574s][info][gc,metaspace   ] GC(781) Metaspace: 61520K(70596K)->61520K(70596K) NonClass: 53819K(58512K)->53819K(58512K) Class: 7701K(12084K)->7701K(12084K)
[461.574s][info][gc             ] GC(781) Pause Young (Allocation Failure) 415M->15M(8142M) 16.134ms
[461.574s][info][gc,cpu         ] GC(781) User=0.00s Sys=0.02s Real=0.02s
[462.138s][info][gc,start       ] GC(782) Pause Young (Allocation Failure)
[462.138s][info][gc,task        ] GC(782) Using 6 workers of 6 for evacuation
[462.154s][info][gc,heap        ] GC(782) ParNew: 409898K->793K(460096K)
[462.154s][info][gc,heap        ] GC(782) CMS: 15492K->15492K(7877440K)
[462.154s][info][gc,metaspace   ] GC(782) Metaspace: 61520K(70596K)->61520K(70596K) NonClass: 53819K(58512K)->53819K(58512K) Class: 7701K(12084K)->7701K(12084K)
[462.154s][info][gc             ] GC(782) Pause Young (Allocation Failure) 415M->15M(8142M) 16.009ms
[462.154s][info][gc,cpu         ] GC(782) User=0.02s Sys=0.00s Real=0.01s
[462.708s][info][gc,start       ] GC(783) Pause Young (Allocation Failure)
[462.708s][info][gc,task        ] GC(783) Using 6 workers of 6 for evacuation
[462.724s][info][gc,heap        ] GC(783) ParNew: 409817K->880K(460096K)
[462.724s][info][gc,heap        ] GC(783) CMS: 15492K->15492K(7877440K)
[462.724s][info][gc,metaspace   ] GC(783) Metaspace: 61520K(70596K)->61520K(70596K) NonClass: 53819K(58512K)->53819K(58512K) Class: 7701K(12084K)->7701K(12084K)
[462.724s][info][gc             ] GC(783) Pause Young (Allocation Failure) 415M->15M(8142M) 16.384ms
[462.724s][info][gc,cpu         ] GC(783) User=0.02s Sys=0.00s Real=0.02s
[463.305s][info][gc,start       ] GC(784) Pause Young (Allocation Failure)
[463.305s][info][gc,task        ] GC(784) Using 6 workers of 6 for evacuation
[463.322s][info][gc,heap        ] GC(784) ParNew: 409904K->375K(460096K)
[463.322s][info][gc,heap        ] GC(784) CMS: 15492K->15672K(7877440K)
[463.322s][info][gc,metaspace   ] GC(784) Metaspace: 61520K(70596K)->61520K(70596K) NonClass: 53819K(58512K)->53819K(58512K) Class: 7701K(12084K)->7701K(12084K)
[463.322s][info][gc             ] GC(784) Pause Young (Allocation Failure) 415M->15M(8142M) 16.594ms
[463.322s][info][gc,cpu         ] GC(784) User=0.02s Sys=0.00s Real=0.02s
[463.323s][info][gc,start       ] GC(785) Pause Full (System.gc())
[463.324s][info][gc,phases,start] GC(785) Phase 1: Mark live objects
[463.346s][info][gc,phases      ] GC(785) Phase 1: Mark live objects 22.791ms
[463.346s][info][gc,phases,start] GC(785) Phase 2: Compute new object addresses
[463.351s][info][gc,phases      ] GC(785) Phase 2: Compute new object addresses 4.624ms
[463.351s][info][gc,phases,start] GC(785) Phase 3: Adjust pointers
[463.369s][info][gc,phases      ] GC(785) Phase 3: Adjust pointers 17.499ms
[463.369s][info][gc,phases,start] GC(785) Phase 4: Move objects
[463.369s][info][gc,phases      ] GC(785) Phase 4: Move objects 0.645ms
[463.374s][info][gc,heap        ] GC(785) ParNew: 2552K->0K(460096K)
[463.374s][info][gc,heap        ] GC(785) CMS: 15672K->15581K(7877440K)
[463.374s][info][gc,metaspace   ] GC(785) Metaspace: 61520K(70596K)->61520K(70596K) NonClass: 53819K(58512K)->53819K(58512K) Class: 7701K(12084K)->7701K(12084K)
[463.375s][info][gc             ] GC(785) Pause Full (System.gc()) 17M->15M(8142M) 52.248ms
[463.375s][info][gc,cpu         ] GC(785) User=0.05s Sys=0.00s Real=0.05s
[463.947s][info][gc,start       ] GC(786) Pause Young (Allocation Failure)
[463.947s][info][gc,task        ] GC(786) Using 6 workers of 6 for evacuation
[463.963s][info][gc,heap        ] GC(786) ParNew: 409024K->547K(460096K)
[463.963s][info][gc,heap        ] GC(786) CMS: 15581K->15581K(7877440K)
[463.963s][info][gc,metaspace   ] GC(786) Metaspace: 61520K(70596K)->61520K(70596K) NonClass: 53819K(58512K)->53819K(58512K) Class: 7701K(12084K)->7701K(12084K)
[463.963s][info][gc             ] GC(786) Pause Young (Allocation Failure) 414M->15M(8142M) 15.653ms
[463.963s][info][gc,cpu         ] GC(786) User=0.02s Sys=0.00s Real=0.02s
[464.506s][info][gc,start       ] GC(787) Pause Young (Allocation Failure)
[464.506s][info][gc,task        ] GC(787) Using 6 workers of 6 for evacuation
[464.522s][info][gc,heap        ] GC(787) ParNew: 409571K->696K(460096K)
[464.522s][info][gc,heap        ] GC(787) CMS: 15581K->15581K(7877440K)
[464.522s][info][gc,metaspace   ] GC(787) Metaspace: 61520K(70596K)->61520K(70596K) NonClass: 53819K(58512K)->53819K(58512K) Class: 7701K(12084K)->7701K(12084K)
[464.522s][info][gc             ] GC(787) Pause Young (Allocation Failure) 415M->15M(8142M) 15.775ms
[464.522s][info][gc,cpu         ] GC(787) User=0.00s Sys=0.00s Real=0.00s
[465.087s][info][gc,start       ] GC(788) Pause Young (Allocation Failure)
[465.087s][info][gc,task        ] GC(788) Using 6 workers of 6 for evacuation
[465.102s][info][gc,heap        ] GC(788) ParNew: 409720K->656K(460096K)
[465.102s][info][gc,heap        ] GC(788) CMS: 15581K->15581K(7877440K)
[465.103s][info][gc,metaspace   ] GC(788) Metaspace: 61520K(70596K)->61520K(70596K) NonClass: 53819K(58512K)->53819K(58512K) Class: 7701K(12084K)->7701K(12084K)
[465.103s][info][gc             ] GC(788) Pause Young (Allocation Failure) 415M->15M(8142M) 15.835ms
[465.103s][info][gc,cpu         ] GC(788) User=0.02s Sys=0.00s Real=0.02s
[465.654s][info][gc,start       ] GC(789) Pause Young (Allocation Failure)
[465.654s][info][gc,task        ] GC(789) Using 6 workers of 6 for evacuation
[465.669s][info][gc,heap        ] GC(789) ParNew: 409680K->665K(460096K)
[465.669s][info][gc,heap        ] GC(789) CMS: 15581K->15581K(7877440K)
[465.669s][info][gc,metaspace   ] GC(789) Metaspace: 61520K(70596K)->61520K(70596K) NonClass: 53819K(58512K)->53819K(58512K) Class: 7701K(12084K)->7701K(12084K)
[465.669s][info][gc             ] GC(789) Pause Young (Allocation Failure) 415M->15M(8142M) 15.424ms
[465.669s][info][gc,cpu         ] GC(789) User=0.02s Sys=0.00s Real=0.02s
[466.241s][info][gc,start       ] GC(790) Pause Young (Allocation Failure)
[466.241s][info][gc,task        ] GC(790) Using 6 workers of 6 for evacuation
[466.257s][info][gc,heap        ] GC(790) ParNew: 409689K->705K(460096K)
[466.257s][info][gc,heap        ] GC(790) CMS: 15581K->15581K(7877440K)
[466.257s][info][gc,metaspace   ] GC(790) Metaspace: 61520K(70596K)->61520K(70596K) NonClass: 53819K(58512K)->53819K(58512K) Class: 7701K(12084K)->7701K(12084K)
[466.257s][info][gc             ] GC(790) Pause Young (Allocation Failure) 415M->15M(8142M) 15.325ms
[466.257s][info][gc,cpu         ] GC(790) User=0.02s Sys=0.00s Real=0.01s
[466.805s][info][gc,start       ] GC(791) Pause Young (Allocation Failure)
[466.805s][info][gc,task        ] GC(791) Using 6 workers of 6 for evacuation
[466.821s][info][gc,heap        ] GC(791) ParNew: 409729K->720K(460096K)
[466.821s][info][gc,heap        ] GC(791) CMS: 15581K->15581K(7877440K)
[466.821s][info][gc,metaspace   ] GC(791) Metaspace: 61520K(70596K)->61520K(70596K) NonClass: 53819K(58512K)->53819K(58512K) Class: 7701K(12084K)->7701K(12084K)
[466.821s][info][gc             ] GC(791) Pause Young (Allocation Failure) 415M->15M(8142M) 15.320ms
[466.821s][info][gc,cpu         ] GC(791) User=0.00s Sys=0.00s Real=0.00s
[467.402s][info][gc,start       ] GC(792) Pause Young (Allocation Failure)
[467.402s][info][gc,task        ] GC(792) Using 6 workers of 6 for evacuation
[467.419s][info][gc,heap        ] GC(792) ParNew: 409744K->485K(460096K)
[467.419s][info][gc,heap        ] GC(792) CMS: 15581K->15839K(7877440K)
[467.419s][info][gc,metaspace   ] GC(792) Metaspace: 61520K(70596K)->61520K(70596K) NonClass: 53819K(58512K)->53819K(58512K) Class: 7701K(12084K)->7701K(12084K)
[467.419s][info][gc             ] GC(792) Pause Young (Allocation Failure) 415M->15M(8142M) 17.025ms
[467.419s][info][gc,cpu         ] GC(792) User=0.02s Sys=0.00s Real=0.02s
[467.427s][info][gc,heap,exit   ] Heap
[467.427s][info][gc,heap,exit   ]  par new generation   total 460096K, used 2262K [0x0000000600000000, 0x000000061f330000, 0x000000061f330000)
[467.427s][info][gc,heap,exit   ]   eden space 409024K,   0% used [0x0000000600000000, 0x00000006001bc440, 0x0000000618f70000)
[467.427s][info][gc,heap,exit   ]   from space 51072K,   0% used [0x0000000618f70000, 0x0000000618fe95c0, 0x000000061c150000)
[467.427s][info][gc,heap,exit   ]   to   space 51072K,   0% used [0x000000061c150000, 0x000000061c150000, 0x000000061f330000)
[467.428s][info][gc,heap,exit   ]  concurrent mark-sweep generation total 7877440K, used 15839K [0x000000061f330000, 0x0000000800000000, 0x0000000800000000)
[467.428s][info][gc,heap,exit   ]  Metaspace       used 61604K, capacity 63914K, committed 70596K, reserved 1107968K
[467.428s][info][gc,heap,exit   ]   class space    used 7721K, capacity 8737K, committed 12084K, reserved 1048576K
