[0.004s][info][gc] Min heap equals to max heap, disabling ShenandoahUncommit
[0.008s][info][gc] Heuristics ergonomically sets -XX:+ExplicitGCInvokesConcurrent
[0.008s][info][gc] Heuristics ergonomically sets -XX:+ShenandoahImplicitGCInvokesConcurrent
[0.008s][info][gc] Using Shenandoah
[0.012s][info][gc,ergo] Pacer for Idle. Initial: 41943K, Alloc Tax Rate: 1.0x
[0.012s][info][gc,init] Version: 17.0.12+7-adhoc..jdk17u (release)
[0.012s][info][gc,init] CPUs: 6 total, 6 available
[0.012s][info][gc,init] Memory: 15591M
[0.012s][info][gc,init] Large Page Support: Disabled
[0.012s][info][gc,init] NUMA Support: Disabled
[0.012s][info][gc,init] Compressed Oops: Enabled (32-bit)
[0.014s][info][gc,init] Heap Min Capacity: 2G
[0.014s][info][gc,init] Heap Initial Capacity: 2G
[0.014s][info][gc,init] Heap Max Capacity: 2G
[0.014s][info][gc,init] Pre-touch: Disabled
[0.014s][info][gc,init] Mode: Snapshot-At-The-Beginning (SATB)
[0.014s][info][gc,init] Heuristics: Adaptive
[0.014s][info][gc,init] Heap Region Count: 2048
[0.015s][info][gc,init] Heap Region Size: 1M
[0.015s][info][gc,init] TLAB Size Max: 1M
[0.015s][info][gc,init] Humongous Object Threshold: 1M
[0.015s][info][gc,init] Parallel Workers: 3
[0.015s][info][gc,init] Concurrent Workers: 1
[0.022s][info][gc,metaspace] CDS archive(s) mapped at: [0x000001fa8f000000-0x000001fa8fbc0000-0x000001fa8fbc0000), size 12320768, SharedBaseAddress: 0x000001fa8f000000, ArchiveRelocationMode: 1.
[0.022s][info][gc,metaspace] Compressed class space mapped at: 0x000001fa90000000-0x000001fad0000000, reserved size: 1073741824
[0.022s][info][gc,metaspace] Narrow klass base: 0x000001fa8f000000, Narrow klass shift: 0, Narrow klass range: 0x100000000
[2.066s][info][gc          ] Trigger: Explicit GC request (System.gc())
[2.067s][info][gc,ergo     ] Free: 1799M, Max: 1024K regular, 1799M humongous, Frag: 0% external, 0% internal; Reserve: 103M, Max: 1024K
[2.067s][info][gc,start    ] GC(0) Concurrent reset
[2.067s][info][gc,task     ] GC(0) Using 1 of 3 workers for concurrent reset
[2.067s][info][gc,ergo     ] GC(0) Pacer for Reset. Non-Taxable: 2048M
[2.067s][info][gc          ] GC(0) Concurrent reset 0.403ms
[2.067s][info][gc,start    ] GC(0) Pause Init Mark (unload classes)
[2.068s][info][gc,task     ] GC(0) Using 3 of 3 workers for init marking
[2.068s][info][gc,ref      ] GC(0) Clearing All SoftReferences
[2.068s][info][gc,ergo     ] GC(0) Pacer for Mark. Expected Live: 204M, Free: 1799M, Non-Taxable: 179M, Alloc Tax Rate: 0.1x
[2.068s][info][gc          ] GC(0) Pause Init Mark (unload classes) 0.513ms
[2.068s][info][gc,start    ] GC(0) Concurrent marking roots
[2.068s][info][gc,task     ] GC(0) Using 1 of 3 workers for concurrent marking roots
[2.069s][info][gc          ] GC(0) Concurrent marking roots 0.545ms
[2.069s][info][gc,start    ] GC(0) Concurrent marking (unload classes)
[2.069s][info][gc,task     ] GC(0) Using 1 of 3 workers for concurrent marking
[2.074s][info][gc          ] GC(0) Concurrent marking (unload classes) 5.335ms
[2.074s][info][gc,start    ] GC(0) Pause Final Mark (unload classes)
[2.074s][info][gc,task     ] GC(0) Using 3 of 3 workers for final marking
[2.074s][info][gc,ergo     ] GC(0) Adaptive CSet Selection. Target Free: 290M, Actual Free: 1902M, Max CSet: 87381K, Min Garbage: 0B
[2.074s][info][gc,ergo     ] GC(0) Collectable Garbage: 142M (100%), Immediate: 0B (0%), CSet: 142M (100%)
[2.075s][info][gc,ergo     ] GC(0) Pacer for Evacuation. Used CSet: 146M, Free: 1799M, Non-Taxable: 179M, Alloc Tax Rate: 1.1x
[2.075s][info][gc          ] GC(0) Pause Final Mark (unload classes) 0.524ms
[2.075s][info][gc,start    ] GC(0) Concurrent thread roots
[2.075s][info][gc,task     ] GC(0) Using 1 of 3 workers for Concurrent thread roots
[2.075s][info][gc          ] GC(0) Concurrent thread roots 0.366ms
[2.075s][info][gc,start    ] GC(0) Concurrent weak references
[2.075s][info][gc,task     ] GC(0) Using 1 of 3 workers for concurrent weak references
[2.075s][info][gc,ref      ] GC(0) Encountered references: Soft: 114, Weak: 333, Final: 3, Phantom: 63
[2.075s][info][gc,ref      ] GC(0) Discovered  references: Soft: 86, Weak: 197, Final: 1, Phantom: 59
[2.075s][info][gc,ref      ] GC(0) Enqueued    references: Soft: 46, Weak: 69, Final: 0, Phantom: 33
[2.075s][info][gc          ] GC(0) Concurrent weak references 0.209ms
[2.075s][info][gc,start    ] GC(0) Concurrent weak roots
[2.075s][info][gc,task     ] GC(0) Using 1 of 3 workers for concurrent weak root
[2.076s][info][gc          ] GC(0) Concurrent weak roots 0.509ms
[2.076s][info][gc,start    ] GC(0) Concurrent cleanup
[2.076s][info][gc          ] GC(0) Concurrent cleanup 146M->146M(2048M) 0.020ms
[2.076s][info][gc,ergo     ] GC(0) Free: 1799M, Max: 1024K regular, 1799M humongous, Frag: 0% external, 0% internal; Reserve: 102M, Max: 1024K
[2.076s][info][gc,start    ] GC(0) Concurrent class unloading
[2.076s][info][gc,task     ] GC(0) Using 1 of 3 workers for concurrent class unloading
[2.078s][info][gc          ] GC(0) Concurrent class unloading 1.890ms
[2.078s][info][gc,start    ] GC(0) Concurrent strong roots
[2.078s][info][gc,task     ] GC(0) Using 1 of 3 workers for concurrent strong root
[2.078s][info][gc          ] GC(0) Concurrent strong roots 0.193ms
[2.078s][info][gc,start    ] GC(0) Concurrent evacuation
[2.078s][info][gc,task     ] GC(0) Using 1 of 3 workers for concurrent evacuation
[2.081s][info][gc          ] GC(0) Concurrent evacuation 2.663ms
[2.081s][info][gc,start    ] GC(0) Pause Init Update Refs
[2.081s][info][gc,ergo     ] GC(0) Pacer for Update Refs. Used: 150M, Free: 1799M, Non-Taxable: 179M, Alloc Tax Rate: 1.1x
[2.081s][info][gc          ] GC(0) Pause Init Update Refs 0.086ms
[2.081s][info][gc,start    ] GC(0) Concurrent update references
[2.081s][info][gc,task     ] GC(0) Using 1 of 3 workers for concurrent reference update
[2.083s][info][gc          ] GC(0) Concurrent update references 1.923ms
[2.083s][info][gc,start    ] GC(0) Concurrent update thread roots
[2.084s][info][gc          ] GC(0) Concurrent update thread roots 0.600ms
[2.084s][info][gc,start    ] GC(0) Pause Final Update Refs
[2.084s][info][gc,task     ] GC(0) Using 3 of 3 workers for final reference update
[2.084s][info][gc          ] GC(0) Pause Final Update Refs 0.105ms
[2.084s][info][gc,start    ] GC(0) Concurrent cleanup
[2.084s][info][gc          ] GC(0) Concurrent cleanup 150M->4M(2048M) 0.036ms
[2.084s][info][gc,ergo     ] Free: 1941M, Max: 1024K regular, 1941M humongous, Frag: 0% external, 0% internal; Reserve: 103M, Max: 1024K
[2.084s][info][gc,stats    ] 
[2.084s][info][gc,stats    ] All times are wall-clock times, except per-root-class counters, that are sum over
[2.084s][info][gc,stats    ] all workers. Dividing the <total> over the root stage time estimates parallelism.
[2.084s][info][gc,stats    ] 
[2.084s][info][gc,stats    ] Concurrent Reset                    466 us
[2.084s][info][gc,stats    ] Pause Init Mark (G)                 774 us
[2.084s][info][gc,stats    ] Pause Init Mark (N)                 530 us
[2.084s][info][gc,stats    ]   Update Region States              109 us
[2.084s][info][gc,stats    ] Concurrent Mark Roots               564 us, parallelism: 0.74x
[2.084s][info][gc,stats    ]   CMR: <total>                      415 us
[2.084s][info][gc,stats    ]   CMR: Thread Roots                 258 us, workers (us): 258, ---, ---, 
[2.084s][info][gc,stats    ]   CMR: VM Strong Roots               30 us, workers (us):  30, ---, ---, 
[2.084s][info][gc,stats    ]   CMR: CLDG Roots                   128 us, workers (us): 128, ---, ---, 
[2.084s][info][gc,stats    ] Concurrent Marking                 5403 us
[2.084s][info][gc,stats    ] Pause Final Mark (G)                682 us
[2.084s][info][gc,stats    ] Pause Final Mark (N)                547 us
[2.084s][info][gc,stats    ]   Finish Mark                       157 us
[2.084s][info][gc,stats    ]   Update Region States               77 us
[2.084s][info][gc,stats    ]   Choose Collection Set             120 us
[2.084s][info][gc,stats    ]   Rebuild Free Set                   21 us
[2.084s][info][gc,stats    ] Concurrent Thread Roots             405 us, parallelism: 0.60x
[2.084s][info][gc,stats    ]   CTR: <total>                      243 us
[2.084s][info][gc,stats    ]   CTR: Thread Roots                 243 us, workers (us): 243, ---, ---, 
[2.084s][info][gc,stats    ] Concurrent Weak References          217 us, parallelism: 0.16x
[2.084s][info][gc,stats    ]   CWRF: <total>                      35 us
[2.084s][info][gc,stats    ]   CWRF: Weak References              35 us, workers (us):  35, ---, ---, 
[2.084s][info][gc,stats    ] Concurrent Weak Roots               528 us
[2.084s][info][gc,stats    ]   Roots                             424 us, parallelism: 0.87x
[2.084s][info][gc,stats    ]     CWR: <total>                    368 us
[2.084s][info][gc,stats    ]     CWR: Code Cache Roots           214 us, workers (us): 214, ---, ---, 
[2.084s][info][gc,stats    ]     CWR: VM Weak Roots              151 us, workers (us): 151, ---, ---, 
[2.084s][info][gc,stats    ]     CWR: CLDG Roots                   3 us, workers (us):   3, ---, ---, 
[2.084s][info][gc,stats    ]   Rendezvous                         68 us
[2.084s][info][gc,stats    ] Concurrent Cleanup                   28 us
[2.084s][info][gc,stats    ] Concurrent Class Unloading         1933 us
[2.084s][info][gc,stats    ]   Unlink Stale                     1759 us
[2.084s][info][gc,stats    ]     System Dictionary                80 us
[2.084s][info][gc,stats    ]     Weak Class Links                635 us
[2.084s][info][gc,stats    ]     Code Roots                     1043 us
[2.084s][info][gc,stats    ]   Rendezvous                         38 us
[2.084s][info][gc,stats    ]   Purge Unlinked                     74 us
[2.084s][info][gc,stats    ]     Code Roots                       43 us
[2.084s][info][gc,stats    ]     CLDG                             31 us
[2.084s][info][gc,stats    ]     Exception Caches                  0 us
[2.084s][info][gc,stats    ] Concurrent Strong Roots             211 us, parallelism: 0.68x
[2.084s][info][gc,stats    ]   CSR: <total>                      143 us
[2.084s][info][gc,stats    ]   CSR: VM Strong Roots                7 us, workers (us):   7, ---, ---, 
[2.084s][info][gc,stats    ]   CSR: CLDG Roots                   136 us, workers (us): 136, ---, ---, 
[2.084s][info][gc,stats    ] Concurrent Evacuation              2733 us
[2.084s][info][gc,stats    ] Pause Init Update Refs (G)          230 us
[2.084s][info][gc,stats    ] Pause Init Update Refs (N)          106 us
[2.084s][info][gc,stats    ]   Manage GCLABs                       4 us
[2.084s][info][gc,stats    ] Concurrent Update Refs             1977 us
[2.084s][info][gc,stats    ] Concurrent Update Thread Roots      650 us
[2.084s][info][gc,stats    ] Pause Final Update Refs (G)         182 us
[2.084s][info][gc,stats    ] Pause Final Update Refs (N)         128 us
[2.084s][info][gc,stats    ]   Update Region States               60 us
[2.084s][info][gc,stats    ]   Trash Collection Set                4 us
[2.084s][info][gc,stats    ]   Rebuild Free Set                   10 us
[2.084s][info][gc,stats    ] Concurrent Cleanup                   46 us
[2.084s][info][gc,stats    ] 
[2.084s][info][gc,stats    ] Allocation pacing accrued:
[2.084s][info][gc,stats    ]       0 of  2073 ms (  0.0%): <total>
[2.084s][info][gc,stats    ]       0 of  2073 ms (  0.0%): <average total>
[2.084s][info][gc,stats    ] 
[2.084s][info][gc,metaspace] Metaspace: 2885K(3072K)->2869K(3072K) NonClass: 2616K(2688K)->2604K(2688K) Class: 269K(384K)->265K(384K)
[2.084s][info][gc,ergo     ] Pacer for Idle. Initial: 41943K, Alloc Tax Rate: 1.0x
[3.018s][info][gc          ] Trigger: Learning 2 of 5. Free (1428M) is below initial threshold (1433M)
[3.018s][info][gc,ergo     ] Free: 1428M, Max: 1024K regular, 1428M humongous, Frag: 0% external, 0% internal; Reserve: 103M, Max: 1024K
[3.018s][info][gc,start    ] GC(1) Concurrent reset
[3.018s][info][gc,task     ] GC(1) Using 1 of 3 workers for concurrent reset
[3.018s][info][gc,ergo     ] GC(1) Pacer for Reset. Non-Taxable: 2048M
[3.019s][info][gc          ] GC(1) Concurrent reset 0.830ms
[3.019s][info][gc,start    ] GC(1) Pause Init Mark (unload classes)
[3.019s][info][gc,task     ] GC(1) Using 3 of 3 workers for init marking
[3.019s][info][gc,ergo     ] GC(1) Pacer for Mark. Expected Live: 3072K, Free: 1428M, Non-Taxable: 142M, Alloc Tax Rate: 0.0x
[3.019s][info][gc          ] GC(1) Pause Init Mark (unload classes) 0.244ms
[3.019s][info][gc,start    ] GC(1) Concurrent marking roots
[3.019s][info][gc,task     ] GC(1) Using 1 of 3 workers for concurrent marking roots
[3.021s][info][gc          ] GC(1) Concurrent marking roots 1.557ms
[3.021s][info][gc,start    ] GC(1) Concurrent marking (unload classes)
[3.021s][info][gc,task     ] GC(1) Using 1 of 3 workers for concurrent marking
[3.049s][info][gc          ] GC(1) Concurrent marking (unload classes) 28.425ms
[3.050s][info][gc,start    ] GC(1) Pause Final Mark (unload classes)
[3.050s][info][gc,task     ] GC(1) Using 3 of 3 workers for final marking
[3.050s][info][gc,ergo     ] GC(1) Adaptive CSet Selection. Target Free: 290M, Actual Free: 1901M, Max CSet: 87381K, Min Garbage: 0B
[3.050s][info][gc,ergo     ] GC(1) Collectable Garbage: 506M (99%), Immediate: 403M (79%), CSet: 103M (20%)
[3.050s][info][gc,ergo     ] GC(1) Pacer for Evacuation. Used CSet: 105M, Free: 1798M, Non-Taxable: 179M, Alloc Tax Rate: 1.1x
[3.050s][info][gc          ] GC(1) Pause Final Mark (unload classes) 0.349ms
[3.052s][info][gc,start    ] GC(1) Concurrent thread roots
[3.052s][info][gc,task     ] GC(1) Using 1 of 3 workers for Concurrent thread roots
[3.053s][info][gc          ] GC(1) Concurrent thread roots 0.817ms
[3.053s][info][gc,start    ] GC(1) Concurrent weak references
[3.053s][info][gc,task     ] GC(1) Using 1 of 3 workers for concurrent weak references
[3.053s][info][gc,ref      ] GC(1) Encountered references: Soft: 308, Weak: 795, Final: 3, Phantom: 272
[3.053s][info][gc,ref      ] GC(1) Discovered  references: Soft: 0, Weak: 333, Final: 1, Phantom: 255
[3.053s][info][gc,ref      ] GC(1) Enqueued    references: Soft: 0, Weak: 191, Final: 0, Phantom: 182
[3.053s][info][gc          ] GC(1) Concurrent weak references 0.179ms
[3.053s][info][gc,start    ] GC(1) Concurrent weak roots
[3.053s][info][gc,task     ] GC(1) Using 1 of 3 workers for concurrent weak root
[3.055s][info][gc          ] GC(1) Concurrent weak roots 1.386ms
[3.055s][info][gc,start    ] GC(1) Concurrent cleanup
[3.055s][info][gc          ] GC(1) Concurrent cleanup 552M->149M(2048M) 0.047ms
[3.055s][info][gc,ergo     ] GC(1) Free: 1794M, Max: 1024K regular, 1391M humongous, Frag: 23% external, 0% internal; Reserve: 102M, Max: 1024K
[3.055s][info][gc,start    ] GC(1) Concurrent class unloading
[3.055s][info][gc,task     ] GC(1) Using 1 of 3 workers for concurrent class unloading
[3.066s][info][gc          ] GC(1) Concurrent class unloading 11.071ms
[3.066s][info][gc,start    ] GC(1) Concurrent strong roots
[3.066s][info][gc,task     ] GC(1) Using 1 of 3 workers for concurrent strong root
[3.066s][info][gc          ] GC(1) Concurrent strong roots 0.284ms
[3.066s][info][gc,start    ] GC(1) Concurrent evacuation
[3.066s][info][gc,task     ] GC(1) Using 1 of 3 workers for concurrent evacuation
[3.068s][info][gc          ] GC(1) Concurrent evacuation 1.962ms
[3.069s][info][gc,start    ] GC(1) Pause Init Update Refs
[3.069s][info][gc,ergo     ] GC(1) Pacer for Update Refs. Used: 161M, Free: 1783M, Non-Taxable: 178M, Alloc Tax Rate: 1.1x
[3.069s][info][gc          ] GC(1) Pause Init Update Refs 0.040ms
[3.070s][info][gc,start    ] GC(1) Concurrent update references
[3.070s][info][gc,task     ] GC(1) Using 1 of 3 workers for concurrent reference update
[3.093s][info][gc          ] GC(1) Concurrent update references 22.731ms
[3.093s][info][gc,start    ] GC(1) Concurrent update thread roots
[3.113s][info][gc          ] GC(1) Concurrent update thread roots 20.014ms
[3.113s][info][gc,start    ] GC(1) Pause Final Update Refs
[3.113s][info][gc,task     ] GC(1) Using 3 of 3 workers for final reference update
[3.113s][info][gc          ] GC(1) Pause Final Update Refs 0.178ms
[3.114s][info][gc,start    ] GC(1) Concurrent cleanup
[3.114s][info][gc          ] GC(1) Concurrent cleanup 209M->104M(2048M) 0.093ms
[3.114s][info][gc,ergo     ] Free: 1838M, Max: 1024K regular, 1390M humongous, Frag: 25% external, 0% internal; Reserve: 103M, Max: 1024K
[3.114s][info][gc,stats    ] 
[3.114s][info][gc,stats    ] All times are wall-clock times, except per-root-class counters, that are sum over
[3.114s][info][gc,stats    ] all workers. Dividing the <total> over the root stage time estimates parallelism.
[3.114s][info][gc,stats    ] 
[3.114s][info][gc,stats    ] Concurrent Reset                    903 us
[3.114s][info][gc,stats    ] Pause Init Mark (G)                 679 us
[3.114s][info][gc,stats    ] Pause Init Mark (N)                 257 us
[3.114s][info][gc,stats    ]   Update Region States               78 us
[3.114s][info][gc,stats    ] Concurrent Mark Roots              1599 us, parallelism: 0.92x
[3.114s][info][gc,stats    ]   CMR: <total>                     1467 us
[3.114s][info][gc,stats    ]   CMR: Thread Roots                1403 us, workers (us): 1403, ---, ---, 
[3.114s][info][gc,stats    ]   CMR: VM Strong Roots               15 us, workers (us):  15, ---, ---, 
[3.114s][info][gc,stats    ]   CMR: CLDG Roots                    50 us, workers (us):  50, ---, ---, 
[3.114s][info][gc,stats    ] Concurrent Marking                28465 us
[3.114s][info][gc,stats    ] Pause Final Mark (G)               2896 us
[3.114s][info][gc,stats    ] Pause Final Mark (N)                357 us
[3.114s][info][gc,stats    ]   Finish Mark                        44 us
[3.114s][info][gc,stats    ]   Update Region States              173 us
[3.114s][info][gc,stats    ]   Choose Collection Set              58 us
[3.114s][info][gc,stats    ]   Rebuild Free Set                    8 us
[3.114s][info][gc,stats    ] Concurrent Thread Roots             857 us, parallelism: 0.85x
[3.114s][info][gc,stats    ]   CTR: <total>                      727 us
[3.115s][info][gc,stats    ]   CTR: Thread Roots                 727 us, workers (us): 727, ---, ---, 
[3.115s][info][gc,stats    ] Concurrent Weak References          186 us, parallelism: 0.67x
[3.115s][info][gc,stats    ]   CWRF: <total>                     125 us
[3.115s][info][gc,stats    ]   CWRF: Weak References             125 us, workers (us): 125, ---, ---, 
[3.115s][info][gc,stats    ] Concurrent Weak Roots              1443 us
[3.115s][info][gc,stats    ]   Roots                             442 us, parallelism: 0.96x
[3.115s][info][gc,stats    ]     CWR: <total>                    424 us
[3.115s][info][gc,stats    ]     CWR: Code Cache Roots           132 us, workers (us): 132, ---, ---, 
[3.115s][info][gc,stats    ]     CWR: VM Weak Roots              269 us, workers (us): 269, ---, ---, 
[3.115s][info][gc,stats    ]     CWR: CLDG Roots                  23 us, workers (us):  23, ---, ---, 
[3.115s][info][gc,stats    ]   Rendezvous                        927 us
[3.115s][info][gc,stats    ] Concurrent Cleanup                   56 us
[3.115s][info][gc,stats    ] Concurrent Class Unloading        11127 us
[3.115s][info][gc,stats    ]   Unlink Stale                     6494 us
[3.115s][info][gc,stats    ]     System Dictionary               772 us
[3.115s][info][gc,stats    ]     Weak Class Links               1835 us
[3.115s][info][gc,stats    ]     Code Roots                     3886 us
[3.115s][info][gc,stats    ]   Rendezvous                       3975 us
[3.115s][info][gc,stats    ]   Purge Unlinked                    580 us
[3.115s][info][gc,stats    ]     Code Roots                      246 us
[3.115s][info][gc,stats    ]     CLDG                            334 us
[3.115s][info][gc,stats    ]     Exception Caches                  0 us
[3.115s][info][gc,stats    ] Concurrent Strong Roots             325 us, parallelism: 0.71x
[3.115s][info][gc,stats    ]   CSR: <total>                      229 us
[3.115s][info][gc,stats    ]   CSR: VM Strong Roots                7 us, workers (us):   7, ---, ---, 
[3.115s][info][gc,stats    ]   CSR: CLDG Roots                   223 us, workers (us): 223, ---, ---, 
[3.115s][info][gc,stats    ] Concurrent Evacuation              2028 us
[3.115s][info][gc,stats    ] Pause Init Update Refs (G)         1718 us
[3.115s][info][gc,stats    ] Pause Init Update Refs (N)           49 us
[3.115s][info][gc,stats    ]   Manage GCLABs                       7 us
[3.115s][info][gc,stats    ] Concurrent Update Refs            22791 us
[3.115s][info][gc,stats    ] Concurrent Update Thread Roots    20054 us
[3.115s][info][gc,stats    ] Pause Final Update Refs (G)        1167 us
[3.115s][info][gc,stats    ] Pause Final Update Refs (N)         217 us
[3.115s][info][gc,stats    ]   Update Region States               42 us
[3.115s][info][gc,stats    ]   Trash Collection Set                4 us
[3.115s][info][gc,stats    ]   Rebuild Free Set                    9 us
[3.115s][info][gc,stats    ] Concurrent Cleanup                  107 us
[3.115s][info][gc,stats    ] 
[3.115s][info][gc,stats    ] Allocation pacing accrued:
[3.115s][info][gc,stats    ]       0 of  1030 ms (  0.0%): <total>
[3.115s][info][gc,stats    ]       0 of  1030 ms (  0.0%): <average total>
[3.115s][info][gc,stats    ] 
[3.115s][info][gc,metaspace] Metaspace: 8737K(9152K)->8403K(9152K) NonClass: 7792K(8000K)->7541K(8000K) Class: 944K(1152K)->862K(1152K)
[3.115s][info][gc,ergo     ] Pacer for Idle. Initial: 41943K, Alloc Tax Rate: 1.0x
[3.558s][info][gc          ] Trigger: Learning 3 of 5. Free (1412M) is below initial threshold (1433M)
[3.558s][info][gc,ergo     ] Free: 1412M, Max: 1024K regular, 1390M humongous, Frag: 2% external, 0% internal; Reserve: 103M, Max: 1024K
[3.558s][info][gc,start    ] GC(2) Concurrent reset
[3.558s][info][gc,task     ] GC(2) Using 1 of 3 workers for concurrent reset
[3.558s][info][gc,ergo     ] GC(2) Pacer for Reset. Non-Taxable: 2048M
[3.559s][info][gc          ] GC(2) Concurrent reset 0.616ms
[3.559s][info][gc,start    ] GC(2) Pause Init Mark (unload classes)
[3.559s][info][gc,task     ] GC(2) Using 3 of 3 workers for init marking
[3.559s][info][gc,ergo     ] GC(2) Pacer for Mark. Expected Live: 5671K, Free: 1412M, Non-Taxable: 141M, Alloc Tax Rate: 0.0x
[3.559s][info][gc          ] GC(2) Pause Init Mark (unload classes) 0.147ms
[3.559s][info][gc,start    ] GC(2) Concurrent marking roots
[3.559s][info][gc,task     ] GC(2) Using 1 of 3 workers for concurrent marking roots
[3.560s][info][gc          ] GC(2) Concurrent marking roots 0.909ms
[3.560s][info][gc,start    ] GC(2) Concurrent marking (unload classes)
[3.560s][info][gc,task     ] GC(2) Using 1 of 3 workers for concurrent marking
[3.566s][info][gc          ] GC(2) Concurrent marking (unload classes) 5.964ms
[3.566s][info][gc,start    ] GC(2) Pause Final Mark (unload classes)
[3.566s][info][gc,task     ] GC(2) Using 3 of 3 workers for final marking
[3.567s][info][gc,ergo     ] GC(2) Adaptive CSet Selection. Target Free: 290M, Actual Free: 1945M, Max CSet: 87381K, Min Garbage: 0B
[3.567s][info][gc,ergo     ] GC(2) Collectable Garbage: 522M (99%), Immediate: 439M (83%), CSet: 85143K (15%)
[3.567s][info][gc,ergo     ] GC(2) Pacer for Evacuation. Used CSet: 86016K, Free: 1842M, Non-Taxable: 184M, Alloc Tax Rate: 1.1x
[3.567s][info][gc          ] GC(2) Pause Final Mark (unload classes) 0.198ms
[3.567s][info][gc,start    ] GC(2) Concurrent thread roots
[3.567s][info][gc,task     ] GC(2) Using 1 of 3 workers for Concurrent thread roots
[3.568s][info][gc          ] GC(2) Concurrent thread roots 0.938ms
[3.568s][info][gc,start    ] GC(2) Concurrent weak references
[3.568s][info][gc,task     ] GC(2) Using 1 of 3 workers for concurrent weak references
[3.568s][info][gc,ref      ] GC(2) Encountered references: Soft: 308, Weak: 700, Final: 3, Phantom: 100
[3.568s][info][gc,ref      ] GC(2) Discovered  references: Soft: 0, Weak: 232, Final: 1, Phantom: 83
[3.568s][info][gc,ref      ] GC(2) Enqueued    references: Soft: 0, Weak: 92, Final: 0, Phantom: 0
[3.568s][info][gc          ] GC(2) Concurrent weak references 0.124ms
[3.568s][info][gc,start    ] GC(2) Concurrent weak roots
[3.568s][info][gc,task     ] GC(2) Using 1 of 3 workers for concurrent weak root
[3.570s][info][gc          ] GC(2) Concurrent weak roots 2.424ms
[3.570s][info][gc,start    ] GC(2) Concurrent cleanup
[3.570s][info][gc          ] GC(2) Concurrent cleanup 545M->106M(2048M) 0.061ms
[3.570s][info][gc,ergo     ] GC(2) Free: 1837M, Max: 1024K regular, 1390M humongous, Frag: 25% external, 0% internal; Reserve: 102M, Max: 1024K
[3.571s][info][gc,start    ] GC(2) Concurrent class unloading
[3.571s][info][gc,task     ] GC(2) Using 1 of 3 workers for concurrent class unloading
[3.590s][info][gc          ] GC(2) Concurrent class unloading 19.400ms
[3.590s][info][gc,start    ] GC(2) Concurrent strong roots
[3.590s][info][gc,task     ] GC(2) Using 1 of 3 workers for concurrent strong root
[3.590s][info][gc          ] GC(2) Concurrent strong roots 0.087ms
[3.590s][info][gc,start    ] GC(2) Concurrent evacuation
[3.590s][info][gc,task     ] GC(2) Using 1 of 3 workers for concurrent evacuation
[3.591s][info][gc          ] GC(2) Concurrent evacuation 1.249ms
[3.592s][info][gc,start    ] GC(2) Pause Init Update Refs
[3.592s][info][gc,ergo     ] GC(2) Pacer for Update Refs. Used: 141M, Free: 1803M, Non-Taxable: 180M, Alloc Tax Rate: 1.1x
[3.592s][info][gc          ] GC(2) Pause Init Update Refs 0.089ms
[3.595s][info][gc,start    ] GC(2) Concurrent update references
[3.595s][info][gc,task     ] GC(2) Using 1 of 3 workers for concurrent reference update
[3.599s][info][gc          ] GC(2) Concurrent update references 3.960ms
[3.599s][info][gc,start    ] GC(2) Concurrent update thread roots
[3.605s][info][gc          ] GC(2) Concurrent update thread roots 6.184ms
[3.606s][info][gc,start    ] GC(2) Pause Final Update Refs
[3.606s][info][gc,task     ] GC(2) Using 3 of 3 workers for final reference update
[3.606s][info][gc          ] GC(2) Pause Final Update Refs 0.141ms
[3.611s][info][gc,start    ] GC(2) Concurrent cleanup
[3.611s][info][gc          ] GC(2) Concurrent cleanup 161M->82M(2048M) 0.096ms
[3.611s][info][gc,ergo     ] Free: 1860M, Max: 1024K regular, 1434M humongous, Frag: 23% external, 0% internal; Reserve: 103M, Max: 1024K
[3.611s][info][gc,stats    ] 
[3.611s][info][gc,stats    ] All times are wall-clock times, except per-root-class counters, that are sum over
[3.611s][info][gc,stats    ] all workers. Dividing the <total> over the root stage time estimates parallelism.
[3.611s][info][gc,stats    ] 
[3.611s][info][gc,stats    ] Concurrent Reset                    688 us
[3.611s][info][gc,stats    ] Pause Init Mark (G)                 476 us
[3.611s][info][gc,stats    ] Pause Init Mark (N)                 158 us
[3.611s][info][gc,stats    ]   Update Region States               48 us
[3.611s][info][gc,stats    ] Concurrent Mark Roots               959 us, parallelism: 0.88x
[3.611s][info][gc,stats    ]   CMR: <total>                      845 us
[3.611s][info][gc,stats    ]   CMR: Thread Roots                 795 us, workers (us): 795, ---, ---, 
[3.611s][info][gc,stats    ]   CMR: VM Strong Roots                5 us, workers (us):   5, ---, ---, 
[3.611s][info][gc,stats    ]   CMR: CLDG Roots                    44 us, workers (us):  44, ---, ---, 
[3.611s][info][gc,stats    ] Concurrent Marking                 6012 us
[3.611s][info][gc,stats    ] Pause Final Mark (G)                448 us
[3.611s][info][gc,stats    ] Pause Final Mark (N)                206 us
[3.611s][info][gc,stats    ]   Finish Mark                        37 us
[3.611s][info][gc,stats    ]   Update Region States               43 us
[3.611s][info][gc,stats    ]   Choose Collection Set              56 us
[3.611s][info][gc,stats    ]   Rebuild Free Set                    8 us
[3.611s][info][gc,stats    ] Concurrent Thread Roots             991 us, parallelism: 0.86x
[3.611s][info][gc,stats    ]   CTR: <total>                      852 us
[3.611s][info][gc,stats    ]   CTR: Thread Roots                 852 us, workers (us): 852, ---, ---, 
[3.611s][info][gc,stats    ] Concurrent Weak References          136 us, parallelism: 0.33x
[3.611s][info][gc,stats    ]   CWRF: <total>                      44 us
[3.611s][info][gc,stats    ]   CWRF: Weak References              44 us, workers (us):  44, ---, ---, 
[3.611s][info][gc,stats    ] Concurrent Weak Roots              2500 us
[3.611s][info][gc,stats    ]   Roots                            1108 us, parallelism: 0.96x
[3.611s][info][gc,stats    ]     CWR: <total>                   1060 us
[3.611s][info][gc,stats    ]     CWR: Code Cache Roots           959 us, workers (us): 959, ---, ---, 
[3.611s][info][gc,stats    ]     CWR: VM Weak Roots               90 us, workers (us):  90, ---, ---, 
[3.611s][info][gc,stats    ]     CWR: CLDG Roots                  11 us, workers (us):  11, ---, ---, 
[3.611s][info][gc,stats    ]   Rendezvous                       1296 us
[3.611s][info][gc,stats    ] Concurrent Cleanup                   70 us
[3.611s][info][gc,stats    ] Concurrent Class Unloading        19453 us
[3.611s][info][gc,stats    ]   Unlink Stale                     3967 us
[3.611s][info][gc,stats    ]     System Dictionary                14 us
[3.611s][info][gc,stats    ]     Weak Class Links                  0 us
[3.611s][info][gc,stats    ]     Code Roots                     3951 us
[3.611s][info][gc,stats    ]   Rendezvous                      15184 us
[3.611s][info][gc,stats    ]   Purge Unlinked                    229 us
[3.611s][info][gc,stats    ]     Code Roots                      225 us
[3.611s][info][gc,stats    ]     CLDG                              4 us
[3.611s][info][gc,stats    ]     Exception Caches                  0 us
[3.611s][info][gc,stats    ] Concurrent Strong Roots              96 us, parallelism: 0.35x
[3.611s][info][gc,stats    ]   CSR: <total>                       34 us
[3.611s][info][gc,stats    ]   CSR: VM Strong Roots                3 us, workers (us):   3, ---, ---, 
[3.611s][info][gc,stats    ]   CSR: CLDG Roots                    31 us, workers (us):  31, ---, ---, 
[3.611s][info][gc,stats    ] Concurrent Evacuation              1301 us
[3.611s][info][gc,stats    ] Pause Init Update Refs (G)         3822 us
[3.611s][info][gc,stats    ] Pause Init Update Refs (N)           99 us
[3.611s][info][gc,stats    ]   Manage GCLABs                       7 us
[3.611s][info][gc,stats    ] Concurrent Update Refs             4005 us
[3.611s][info][gc,stats    ] Concurrent Update Thread Roots     6227 us
[3.611s][info][gc,stats    ] Pause Final Update Refs (G)        5440 us
[3.611s][info][gc,stats    ] Pause Final Update Refs (N)         152 us
[3.611s][info][gc,stats    ]   Update Region States               52 us
[3.611s][info][gc,stats    ]   Trash Collection Set                7 us
[3.611s][info][gc,stats    ]   Rebuild Free Set                   22 us
[3.611s][info][gc,stats    ] Concurrent Cleanup                  111 us
[3.611s][info][gc,stats    ] 
[3.611s][info][gc,stats    ] Allocation pacing accrued:
[3.611s][info][gc,stats    ]       0 of   497 ms (  0.0%): <total>
[3.611s][info][gc,stats    ]       0 of   497 ms (  0.0%): <average total>
[3.611s][info][gc,stats    ] 
[3.612s][info][gc,metaspace] Metaspace: 8448K(9216K)->8451K(9216K) NonClass: 7586K(8064K)->7589K(8064K) Class: 862K(1152K)->862K(1152K)
[3.612s][info][gc,ergo     ] Pacer for Idle. Initial: 41943K, Alloc Tax Rate: 1.0x
[3.866s][info][gc          ] Trigger: Learning 4 of 5. Free (1430M) is below initial threshold (1433M)
[3.866s][info][gc,ergo     ] Free: 1429M, Max: 1024K regular, 1429M humongous, Frag: 0% external, 0% internal; Reserve: 103M, Max: 1024K
[3.866s][info][gc,start    ] GC(3) Concurrent reset
[3.866s][info][gc,task     ] GC(3) Using 1 of 3 workers for concurrent reset
[3.866s][info][gc,ergo     ] GC(3) Pacer for Reset. Non-Taxable: 2048M
[3.866s][info][gc          ] GC(3) Concurrent reset 0.780ms
[3.867s][info][gc,start    ] GC(3) Pause Init Mark (unload classes)
[3.867s][info][gc,task     ] GC(3) Using 3 of 3 workers for init marking
[3.867s][info][gc,ergo     ] GC(3) Pacer for Mark. Expected Live: 6587K, Free: 1428M, Non-Taxable: 142M, Alloc Tax Rate: 0.0x
[3.867s][info][gc          ] GC(3) Pause Init Mark (unload classes) 0.158ms
[3.867s][info][gc,start    ] GC(3) Concurrent marking roots
[3.867s][info][gc,task     ] GC(3) Using 1 of 3 workers for concurrent marking roots
[3.868s][info][gc          ] GC(3) Concurrent marking roots 0.918ms
[3.868s][info][gc,start    ] GC(3) Concurrent marking (unload classes)
[3.868s][info][gc,task     ] GC(3) Using 1 of 3 workers for concurrent marking
[3.898s][info][gc          ] GC(3) Concurrent marking (unload classes) 29.284ms
[3.898s][info][gc,start    ] GC(3) Pause Final Mark (unload classes)
[3.898s][info][gc,task     ] GC(3) Using 3 of 3 workers for final marking
[3.898s][info][gc,ergo     ] GC(3) Adaptive CSet Selection. Target Free: 290M, Actual Free: 1928M, Max CSet: 87381K, Min Garbage: 0B
[3.898s][info][gc,ergo     ] GC(3) Collectable Garbage: 505M (99%), Immediate: 446M (88%), CSet: 61070K (11%)
[3.898s][info][gc,ergo     ] GC(3) Pacer for Evacuation. Used CSet: 62292K, Free: 1825M, Non-Taxable: 182M, Alloc Tax Rate: 1.1x
[3.898s][info][gc          ] GC(3) Pause Final Mark (unload classes) 0.244ms
[3.905s][info][gc,start    ] GC(3) Concurrent thread roots
[3.905s][info][gc,task     ] GC(3) Using 1 of 3 workers for Concurrent thread roots
[3.906s][info][gc          ] GC(3) Concurrent thread roots 0.476ms
[3.906s][info][gc,start    ] GC(3) Concurrent weak references
[3.906s][info][gc,task     ] GC(3) Using 1 of 3 workers for concurrent weak references
[3.906s][info][gc,ref      ] GC(3) Encountered references: Soft: 308, Weak: 692, Final: 3, Phantom: 108
[3.906s][info][gc,ref      ] GC(3) Discovered  references: Soft: 0, Weak: 229, Final: 1, Phantom: 90
[3.906s][info][gc,ref      ] GC(3) Enqueued    references: Soft: 0, Weak: 93, Final: 0, Phantom: 1
[3.906s][info][gc          ] GC(3) Concurrent weak references 0.114ms
[3.906s][info][gc,start    ] GC(3) Concurrent weak roots
[3.906s][info][gc,task     ] GC(3) Using 1 of 3 workers for concurrent weak root
[3.908s][info][gc          ] GC(3) Concurrent weak roots 1.940ms
[3.908s][info][gc,start    ] GC(3) Concurrent cleanup
[3.908s][info][gc          ] GC(3) Concurrent cleanup 578M->132M(2048M) 0.055ms
[3.908s][info][gc,ergo     ] GC(3) Free: 1810M, Max: 1024K regular, 1364M humongous, Frag: 25% external, 0% internal; Reserve: 102M, Max: 1024K
[3.908s][info][gc,start    ] GC(3) Concurrent class unloading
[3.908s][info][gc,task     ] GC(3) Using 1 of 3 workers for concurrent class unloading
[3.930s][info][gc          ] GC(3) Concurrent class unloading 21.588ms
[3.930s][info][gc,start    ] GC(3) Concurrent strong roots
[3.930s][info][gc,task     ] GC(3) Using 1 of 3 workers for concurrent strong root
[3.930s][info][gc          ] GC(3) Concurrent strong roots 0.192ms
[3.930s][info][gc,start    ] GC(3) Concurrent evacuation
[3.930s][info][gc,task     ] GC(3) Using 1 of 3 workers for concurrent evacuation
[3.931s][info][gc          ] GC(3) Concurrent evacuation 1.114ms
[3.932s][info][gc,start    ] GC(3) Pause Init Update Refs
[3.932s][info][gc,ergo     ] GC(3) Pacer for Update Refs. Used: 166M, Free: 1777M, Non-Taxable: 177M, Alloc Tax Rate: 1.1x
[3.932s][info][gc          ] GC(3) Pause Init Update Refs 0.067ms
[3.934s][info][gc,start    ] GC(3) Concurrent update references
[3.934s][info][gc,task     ] GC(3) Using 1 of 3 workers for concurrent reference update
[3.948s][info][gc          ] GC(3) Concurrent update references 13.538ms
[3.948s][info][gc,start    ] GC(3) Concurrent update thread roots
[3.961s][info][gc          ] GC(3) Concurrent update thread roots 13.157ms
[3.961s][info][gc,start    ] GC(3) Pause Final Update Refs
[3.961s][info][gc,task     ] GC(3) Using 3 of 3 workers for final reference update
[3.961s][info][gc          ] GC(3) Pause Final Update Refs 0.138ms
[3.979s][info][gc,start    ] GC(3) Concurrent cleanup
[3.979s][info][gc          ] GC(3) Concurrent cleanup 221M->172M(2048M) 0.090ms
[3.979s][info][gc,ergo     ] Free: 1769M, Max: 1024K regular, 1364M humongous, Frag: 23% external, 0% internal; Reserve: 103M, Max: 1024K
[3.979s][info][gc,stats    ] 
[3.979s][info][gc,stats    ] All times are wall-clock times, except per-root-class counters, that are sum over
[3.979s][info][gc,stats    ] all workers. Dividing the <total> over the root stage time estimates parallelism.
[3.979s][info][gc,stats    ] 
[3.979s][info][gc,stats    ] Concurrent Reset                    869 us
[3.979s][info][gc,stats    ] Pause Init Mark (G)                 790 us
[3.979s][info][gc,stats    ] Pause Init Mark (N)                 167 us
[3.979s][info][gc,stats    ]   Update Region States               74 us
[3.979s][info][gc,stats    ] Concurrent Mark Roots               969 us, parallelism: 0.84x
[3.979s][info][gc,stats    ]   CMR: <total>                      810 us
[3.979s][info][gc,stats    ]   CMR: Thread Roots                 762 us, workers (us): 762, ---, ---, 
[3.979s][info][gc,stats    ]   CMR: VM Strong Roots                6 us, workers (us):   6, ---, ---, 
[3.979s][info][gc,stats    ]   CMR: CLDG Roots                    42 us, workers (us):  42, ---, ---, 
[3.979s][info][gc,stats    ] Concurrent Marking                29346 us
[3.979s][info][gc,stats    ] Pause Final Mark (G)               7701 us
[3.979s][info][gc,stats    ] Pause Final Mark (N)                254 us
[3.979s][info][gc,stats    ]   Finish Mark                        47 us
[3.979s][info][gc,stats    ]   Update Region States               44 us
[3.979s][info][gc,stats    ]   Choose Collection Set              69 us
[3.979s][info][gc,stats    ]   Rebuild Free Set                    9 us
[3.979s][info][gc,stats    ] Concurrent Thread Roots             501 us, parallelism: 0.77x
[3.979s][info][gc,stats    ]   CTR: <total>                      388 us
[3.979s][info][gc,stats    ]   CTR: Thread Roots                 388 us, workers (us): 388, ---, ---, 
[3.979s][info][gc,stats    ] Concurrent Weak References          123 us, parallelism: 0.39x
[3.979s][info][gc,stats    ]   CWRF: <total>                      48 us
[3.979s][info][gc,stats    ]   CWRF: Weak References              48 us, workers (us):  48, ---, ---, 
[3.979s][info][gc,stats    ] Concurrent Weak Roots              1990 us
[3.979s][info][gc,stats    ]   Roots                             987 us, parallelism: 0.96x
[3.979s][info][gc,stats    ]     CWR: <total>                    951 us
[3.979s][info][gc,stats    ]     CWR: Code Cache Roots           837 us, workers (us): 837, ---, ---, 
[3.979s][info][gc,stats    ]     CWR: VM Weak Roots              102 us, workers (us): 102, ---, ---, 
[3.979s][info][gc,stats    ]     CWR: CLDG Roots                  12 us, workers (us):  12, ---, ---, 
[3.979s][info][gc,stats    ]   Rendezvous                        934 us
[3.979s][info][gc,stats    ] Concurrent Cleanup                   65 us
[3.979s][info][gc,stats    ] Concurrent Class Unloading        21644 us
[3.979s][info][gc,stats    ]   Unlink Stale                     4487 us
[3.979s][info][gc,stats    ]     System Dictionary                17 us
[3.979s][info][gc,stats    ]     Weak Class Links                  1 us
[3.979s][info][gc,stats    ]     Code Roots                     4468 us
[3.979s][info][gc,stats    ]   Rendezvous                      16796 us
[3.979s][info][gc,stats    ]   Purge Unlinked                    282 us
[3.979s][info][gc,stats    ]     Code Roots                      275 us
[3.979s][info][gc,stats    ]     CLDG                              7 us
[3.979s][info][gc,stats    ]     Exception Caches                  0 us
[3.979s][info][gc,stats    ] Concurrent Strong Roots             209 us, parallelism: 0.66x
[3.979s][info][gc,stats    ]   CSR: <total>                      139 us
[3.979s][info][gc,stats    ]   CSR: VM Strong Roots                4 us, workers (us):   4, ---, ---, 
[3.979s][info][gc,stats    ]   CSR: CLDG Roots                   135 us, workers (us): 135, ---, ---, 
[3.979s][info][gc,stats    ] Concurrent Evacuation              1170 us
[3.979s][info][gc,stats    ] Pause Init Update Refs (G)         3171 us
[3.979s][info][gc,stats    ] Pause Init Update Refs (N)           76 us
[3.979s][info][gc,stats    ]   Manage GCLABs                       5 us
[3.979s][info][gc,stats    ] Concurrent Update Refs            13586 us
[3.979s][info][gc,stats    ] Concurrent Update Thread Roots    13207 us
[3.979s][info][gc,stats    ] Pause Final Update Refs (G)       17612 us
[3.979s][info][gc,stats    ] Pause Final Update Refs (N)         149 us
[3.979s][info][gc,stats    ]   Update Region States               63 us
[3.979s][info][gc,stats    ]   Trash Collection Set                6 us
[3.979s][info][gc,stats    ]   Rebuild Free Set                   17 us
[3.979s][info][gc,stats    ] Concurrent Cleanup                  112 us
[3.979s][info][gc,stats    ] 
[3.979s][info][gc,stats    ] Allocation pacing accrued:
[3.979s][info][gc,stats    ]       0 of   368 ms (  0.0%): <total>
[3.979s][info][gc,stats    ]       0 of   368 ms (  0.0%): <average total>
[3.979s][info][gc,stats    ] 
[3.979s][info][gc,metaspace] Metaspace: 8527K(9280K)->8530K(9280K) NonClass: 7663K(8128K)->7666K(8128K) Class: 864K(1152K)->864K(1152K)
[3.979s][info][gc,ergo     ] Pacer for Idle. Initial: 41943K, Alloc Tax Rate: 1.0x
[4.183s][info][gc          ] Trigger: Learning 5 of 5. Free (1432M) is below initial threshold (1433M)
[4.183s][info][gc,ergo     ] Free: 1432M, Max: 1024K regular, 1364M humongous, Frag: 5% external, 0% internal; Reserve: 103M, Max: 1024K
[4.183s][info][gc,start    ] GC(4) Concurrent reset
[4.183s][info][gc,task     ] GC(4) Using 1 of 3 workers for concurrent reset
[4.183s][info][gc,ergo     ] GC(4) Pacer for Reset. Non-Taxable: 2048M
[4.183s][info][gc          ] GC(4) Concurrent reset 0.397ms
[4.184s][info][gc,start    ] GC(4) Pause Init Mark (unload classes)
[4.184s][info][gc,task     ] GC(4) Using 3 of 3 workers for init marking
[4.184s][info][gc,ergo     ] GC(4) Pacer for Mark. Expected Live: 7023K, Free: 1430M, Non-Taxable: 143M, Alloc Tax Rate: 0.0x
[4.184s][info][gc          ] GC(4) Pause Init Mark (unload classes) 0.150ms
[4.184s][info][gc,start    ] GC(4) Concurrent marking roots
[4.184s][info][gc,task     ] GC(4) Using 1 of 3 workers for concurrent marking roots
[4.188s][info][gc          ] GC(4) Concurrent marking roots 4.109ms
[4.188s][info][gc,start    ] GC(4) Concurrent marking (unload classes)
[4.188s][info][gc,task     ] GC(4) Using 1 of 3 workers for concurrent marking
[4.246s][info][gc          ] GC(4) Concurrent marking (unload classes) 57.912ms
[4.246s][info][gc,start    ] GC(4) Pause Final Mark (unload classes)
[4.246s][info][gc,task     ] GC(4) Using 3 of 3 workers for final marking
[4.247s][info][gc,ergo     ] GC(4) Adaptive CSet Selection. Target Free: 290M, Actual Free: 1874M, Max CSet: 87381K, Min Garbage: 0B
[4.247s][info][gc,ergo     ] GC(4) Collectable Garbage: 503M (99%), Immediate: 445M (88%), CSet: 60404K (11%)
[4.247s][info][gc,ergo     ] GC(4) Pacer for Evacuation. Used CSet: 61440K, Free: 1772M, Non-Taxable: 177M, Alloc Tax Rate: 1.1x
[4.247s][info][gc          ] GC(4) Pause Final Mark (unload classes) 0.251ms
[4.247s][info][gc,start    ] GC(4) Concurrent thread roots
[4.247s][info][gc,task     ] GC(4) Using 1 of 3 workers for Concurrent thread roots
[4.260s][info][gc          ] GC(4) Concurrent thread roots 12.928ms
[4.260s][info][gc,start    ] GC(4) Concurrent weak references
[4.260s][info][gc,task     ] GC(4) Using 1 of 3 workers for concurrent weak references
[4.260s][info][gc,ref      ] GC(4) Encountered references: Soft: 308, Weak: 691, Final: 3, Phantom: 98
[4.260s][info][gc,ref      ] GC(4) Discovered  references: Soft: 0, Weak: 224, Final: 1, Phantom: 74
[4.260s][info][gc,ref      ] GC(4) Enqueued    references: Soft: 0, Weak: 84, Final: 0, Phantom: 0
[4.260s][info][gc          ] GC(4) Concurrent weak references 0.115ms
[4.260s][info][gc,start    ] GC(4) Concurrent weak roots
[4.260s][info][gc,task     ] GC(4) Using 1 of 3 workers for concurrent weak root
[4.278s][info][gc          ] GC(4) Concurrent weak roots 18.160ms
[4.278s][info][gc,start    ] GC(4) Concurrent cleanup
[4.278s][info][gc          ] GC(4) Concurrent cleanup 667M->223M(2048M) 0.052ms
[4.278s][info][gc,ergo     ] GC(4) Free: 1720M, Max: 1024K regular, 1275M humongous, Frag: 26% external, 0% internal; Reserve: 102M, Max: 1024K
[4.278s][info][gc,start    ] GC(4) Concurrent class unloading
[4.278s][info][gc,task     ] GC(4) Using 1 of 3 workers for concurrent class unloading
[4.294s][info][gc          ] GC(4) Concurrent class unloading 15.856ms
[4.294s][info][gc,start    ] GC(4) Concurrent strong roots
[4.294s][info][gc,task     ] GC(4) Using 1 of 3 workers for concurrent strong root
[4.294s][info][gc          ] GC(4) Concurrent strong roots 0.147ms
[4.294s][info][gc,start    ] GC(4) Concurrent evacuation
[4.294s][info][gc,task     ] GC(4) Using 1 of 3 workers for concurrent evacuation
[4.295s][info][gc          ] GC(4) Concurrent evacuation 1.028ms
[4.295s][info][gc,start    ] GC(4) Pause Init Update Refs
[4.296s][info][gc,ergo     ] GC(4) Pacer for Update Refs. Used: 254M, Free: 1690M, Non-Taxable: 169M, Alloc Tax Rate: 1.1x
[4.296s][info][gc          ] GC(4) Pause Init Update Refs 0.068ms
[4.302s][info][gc,start    ] GC(4) Concurrent update references
[4.302s][info][gc,task     ] GC(4) Using 1 of 3 workers for concurrent reference update
[4.330s][info][gc          ] GC(4) Concurrent update references 27.562ms
[4.330s][info][gc,start    ] GC(4) Concurrent update thread roots
[4.341s][info][gc          ] GC(4) Concurrent update thread roots 11.710ms
[4.342s][info][gc,start    ] GC(4) Pause Final Update Refs
[4.342s][info][gc,task     ] GC(4) Using 3 of 3 workers for final reference update
[4.342s][info][gc          ] GC(4) Pause Final Update Refs 0.138ms
[4.345s][info][gc,start    ] GC(4) Concurrent cleanup
[4.346s][info][gc          ] GC(4) Concurrent cleanup 309M->256M(2048M) 0.103ms
[4.346s][info][gc,ergo     ] Free: 1686M, Max: 1024K regular, 1274M humongous, Frag: 25% external, 0% internal; Reserve: 103M, Max: 1024K
[4.346s][info][gc,stats    ] 
[4.346s][info][gc,stats    ] All times are wall-clock times, except per-root-class counters, that are sum over
[4.346s][info][gc,stats    ] all workers. Dividing the <total> over the root stage time estimates parallelism.
[4.346s][info][gc,stats    ] 
[4.346s][info][gc,stats    ] Concurrent Reset                    437 us
[4.346s][info][gc,stats    ] Pause Init Mark (G)                 614 us
[4.346s][info][gc,stats    ] Pause Init Mark (N)                 160 us
[4.346s][info][gc,stats    ]   Update Region States               68 us
[4.346s][info][gc,stats    ] Concurrent Mark Roots              4156 us, parallelism: 0.97x
[4.346s][info][gc,stats    ]   CMR: <total>                     4015 us
[4.346s][info][gc,stats    ]   CMR: Thread Roots                3965 us, workers (us): 3965, ---, ---, 
[4.346s][info][gc,stats    ]   CMR: VM Strong Roots                6 us, workers (us):   6, ---, ---, 
[4.346s][info][gc,stats    ]   CMR: CLDG Roots                    44 us, workers (us):  44, ---, ---, 
[4.346s][info][gc,stats    ] Concurrent Marking                57991 us
[4.346s][info][gc,stats    ] Pause Final Mark (G)                583 us
[4.346s][info][gc,stats    ] Pause Final Mark (N)                259 us
[4.346s][info][gc,stats    ]   Finish Mark                        52 us
[4.346s][info][gc,stats    ]   Update Region States               54 us
[4.346s][info][gc,stats    ]   Choose Collection Set              77 us
[4.346s][info][gc,stats    ]   Rebuild Free Set                    8 us
[4.346s][info][gc,stats    ] Concurrent Thread Roots           12967 us, parallelism: 0.99x
[4.346s][info][gc,stats    ]   CTR: <total>                    12851 us
[4.346s][info][gc,stats    ]   CTR: Thread Roots               12851 us, workers (us): 12851, ---, ---, 
[4.346s][info][gc,stats    ] Concurrent Weak References          122 us, parallelism: 0.41x
[4.346s][info][gc,stats    ]   CWRF: <total>                      50 us
[4.346s][info][gc,stats    ]   CWRF: Weak References              50 us, workers (us):  50, ---, ---, 
[4.346s][info][gc,stats    ] Concurrent Weak Roots             18201 us
[4.346s][info][gc,stats    ]   Roots                            1153 us, parallelism: 0.96x
[4.346s][info][gc,stats    ]     CWR: <total>                   1103 us
[4.346s][info][gc,stats    ]     CWR: Code Cache Roots           980 us, workers (us): 980, ---, ---, 
[4.346s][info][gc,stats    ]     CWR: VM Weak Roots              110 us, workers (us): 110, ---, ---, 
[4.346s][info][gc,stats    ]     CWR: CLDG Roots                  13 us, workers (us):  13, ---, ---, 
[4.346s][info][gc,stats    ]   Rendezvous                      16985 us
[4.346s][info][gc,stats    ] Concurrent Cleanup                   62 us
[4.346s][info][gc,stats    ] Concurrent Class Unloading        15906 us
[4.346s][info][gc,stats    ]   Unlink Stale                     4443 us
[4.346s][info][gc,stats    ]     System Dictionary                14 us
[4.346s][info][gc,stats    ]     Weak Class Links                  0 us
[4.346s][info][gc,stats    ]     Code Roots                     4427 us
[4.346s][info][gc,stats    ]   Rendezvous                      11065 us
[4.346s][info][gc,stats    ]   Purge Unlinked                    302 us
[4.346s][info][gc,stats    ]     Code Roots                      295 us
[4.346s][info][gc,stats    ]     CLDG                              6 us
[4.346s][info][gc,stats    ]     Exception Caches                  0 us
[4.346s][info][gc,stats    ] Concurrent Strong Roots             157 us, parallelism: 0.67x
[4.346s][info][gc,stats    ]   CSR: <total>                      104 us
[4.346s][info][gc,stats    ]   CSR: VM Strong Roots                4 us, workers (us):   4, ---, ---, 
[4.346s][info][gc,stats    ]   CSR: CLDG Roots                   100 us, workers (us): 100, ---, ---, 
[4.346s][info][gc,stats    ] Concurrent Evacuation              1090 us
[4.346s][info][gc,stats    ] Pause Init Update Refs (G)         6678 us
[4.346s][info][gc,stats    ] Pause Init Update Refs (N)           77 us
[4.346s][info][gc,stats    ]   Manage GCLABs                       5 us
[4.346s][info][gc,stats    ] Concurrent Update Refs            27609 us
[4.346s][info][gc,stats    ] Concurrent Update Thread Roots    11788 us
[4.346s][info][gc,stats    ] Pause Final Update Refs (G)        3944 us
[4.346s][info][gc,stats    ] Pause Final Update Refs (N)         156 us
[4.346s][info][gc,stats    ]   Update Region States               55 us
[4.346s][info][gc,stats    ]   Trash Collection Set                6 us
[4.346s][info][gc,stats    ]   Rebuild Free Set                   22 us
[4.346s][info][gc,stats    ] Concurrent Cleanup                  116 us
[4.346s][info][gc,stats    ] 
[4.346s][info][gc,stats    ] Allocation pacing accrued:
[4.346s][info][gc,stats    ]       0 of   367 ms (  0.0%): <total>
[4.346s][info][gc,stats    ]       0 of   367 ms (  0.0%): <average total>
[4.346s][info][gc,stats    ] 
[4.346s][info][gc,metaspace] Metaspace: 8539K(9280K)->8558K(9280K) NonClass: 7675K(8128K)->7694K(8128K) Class: 864K(1152K)->864K(1152K)
[4.346s][info][gc,ergo     ] Pacer for Idle. Initial: 41943K, Alloc Tax Rate: 1.0x
[5.067s][info][gc          ] Trigger: Average GC time (206.96 ms) is above the time for average allocation rate (1610 MB/s) to deplete free headroom (333M) (margin of error = 1.80)
[5.067s][info][gc,ergo     ] Free headroom: 435M (free) - 102M (spike) - 0B (penalties) = 333M
[5.067s][info][gc,ergo     ] Free: 435M, Max: 1024K regular, 434M humongous, Frag: 0% external, 0% internal; Reserve: 103M, Max: 1024K
[5.067s][info][gc,start    ] GC(5) Concurrent reset
[5.067s][info][gc,task     ] GC(5) Using 1 of 3 workers for concurrent reset
[5.067s][info][gc,ergo     ] GC(5) Pacer for Reset. Non-Taxable: 2048M
[5.068s][info][gc          ] GC(5) Concurrent reset 0.432ms
[5.068s][info][gc,start    ] GC(5) Pause Init Mark (unload classes)
[5.068s][info][gc,task     ] GC(5) Using 3 of 3 workers for init marking
[5.068s][info][gc,ergo     ] GC(5) Pacer for Mark. Expected Live: 7302K, Free: 434M, Non-Taxable: 44500K, Alloc Tax Rate: 0.0x
[5.068s][info][gc          ] GC(5) Pause Init Mark (unload classes) 0.143ms
[5.077s][info][gc,start    ] GC(5) Concurrent marking roots
[5.077s][info][gc,task     ] GC(5) Using 1 of 3 workers for concurrent marking roots
[5.077s][info][gc          ] GC(5) Concurrent marking roots 0.601ms
[5.077s][info][gc,start    ] GC(5) Concurrent marking (unload classes)
[5.077s][info][gc,task     ] GC(5) Using 1 of 3 workers for concurrent marking
[5.084s][info][gc          ] GC(5) Concurrent marking (unload classes) 6.862ms
[5.084s][info][gc,start    ] GC(5) Pause Final Mark (unload classes)
[5.084s][info][gc,task     ] GC(5) Using 3 of 3 workers for final marking
[5.085s][info][gc,ergo     ] GC(5) Adaptive CSet Selection. Target Free: 290M, Actual Free: 1864M, Max CSet: 87381K, Min Garbage: 0B
[5.085s][info][gc,ergo     ] GC(5) Collectable Garbage: 1499M (99%), Immediate: 1350M (89%), CSet: 149M (9%)
[5.085s][info][gc,ergo     ] GC(5) Pacer for Evacuation. Used CSet: 150M, Free: 1761M, Non-Taxable: 176M, Alloc Tax Rate: 1.1x
[5.085s][info][gc          ] GC(5) Pause Final Mark (unload classes) 0.180ms
[5.086s][info][gc,start    ] GC(5) Concurrent thread roots
[5.086s][info][gc,task     ] GC(5) Using 1 of 3 workers for Concurrent thread roots
[5.087s][info][gc          ] GC(5) Concurrent thread roots 0.800ms
[5.087s][info][gc,start    ] GC(5) Concurrent weak references
[5.087s][info][gc,task     ] GC(5) Using 1 of 3 workers for concurrent weak references
[5.087s][info][gc,ref      ] GC(5) Encountered references: Soft: 308, Weak: 863, Final: 3, Phantom: 98
[5.087s][info][gc,ref      ] GC(5) Discovered  references: Soft: 0, Weak: 400, Final: 1, Phantom: 70
[5.087s][info][gc,ref      ] GC(5) Enqueued    references: Soft: 0, Weak: 258, Final: 0, Phantom: 0
[5.087s][info][gc          ] GC(5) Concurrent weak references 0.164ms
[5.087s][info][gc,start    ] GC(5) Concurrent weak roots
[5.087s][info][gc,task     ] GC(5) Using 1 of 3 workers for concurrent weak root
[5.099s][info][gc          ] GC(5) Concurrent weak roots 12.354ms
[5.099s][info][gc,start    ] GC(5) Concurrent cleanup
[5.099s][info][gc          ] GC(5) Concurrent cleanup 1555M->205M(2048M) 0.119ms
[5.099s][info][gc,ergo     ] GC(5) Free: 1736M, Max: 1024K regular, 386M humongous, Frag: 78% external, 0% internal; Reserve: 102M, Max: 1024K
[5.099s][info][gc,start    ] GC(5) Concurrent class unloading
[5.099s][info][gc,task     ] GC(5) Using 1 of 3 workers for concurrent class unloading
[5.115s][info][gc          ] GC(5) Concurrent class unloading 16.018ms
[5.116s][info][gc,start    ] GC(5) Concurrent strong roots
[5.116s][info][gc,task     ] GC(5) Using 1 of 3 workers for concurrent strong root
[5.116s][info][gc          ] GC(5) Concurrent strong roots 0.197ms
[5.116s][info][gc,start    ] GC(5) Concurrent evacuation
[5.116s][info][gc,task     ] GC(5) Using 1 of 3 workers for concurrent evacuation
[5.118s][info][gc          ] GC(5) Concurrent evacuation 2.340ms
[5.118s][info][gc,start    ] GC(5) Pause Init Update Refs
[5.118s][info][gc,ergo     ] GC(5) Pacer for Update Refs. Used: 240M, Free: 1703M, Non-Taxable: 170M, Alloc Tax Rate: 1.1x
[5.118s][info][gc          ] GC(5) Pause Init Update Refs 0.053ms
[5.119s][info][gc,start    ] GC(5) Concurrent update references
[5.119s][info][gc,task     ] GC(5) Using 1 of 3 workers for concurrent reference update
[5.126s][info][gc          ] GC(5) Concurrent update references 7.037ms
[5.126s][info][gc,start    ] GC(5) Concurrent update thread roots
[5.126s][info][gc          ] GC(5) Concurrent update thread roots 0.659ms
[5.126s][info][gc,start    ] GC(5) Pause Final Update Refs
[5.126s][info][gc,task     ] GC(5) Using 3 of 3 workers for final reference update
[5.127s][info][gc          ] GC(5) Pause Final Update Refs 0.127ms
[5.127s][info][gc,start    ] GC(5) Concurrent cleanup
[5.127s][info][gc          ] GC(5) Concurrent cleanup 248M->97M(2048M) 0.060ms
[5.127s][info][gc,ergo     ] Free: 1845M, Max: 1024K regular, 1452M humongous, Frag: 22% external, 0% internal; Reserve: 103M, Max: 1024K
[5.127s][info][gc,stats    ] 
[5.127s][info][gc,stats    ] All times are wall-clock times, except per-root-class counters, that are sum over
[5.127s][info][gc,stats    ] all workers. Dividing the <total> over the root stage time estimates parallelism.
[5.127s][info][gc,stats    ] 
[5.127s][info][gc,stats    ] Concurrent Reset                    488 us
[5.127s][info][gc,stats    ] Pause Init Mark (G)                9162 us
[5.127s][info][gc,stats    ] Pause Init Mark (N)                 153 us
[5.127s][info][gc,stats    ]   Update Region States               39 us
[5.127s][info][gc,stats    ] Concurrent Mark Roots               626 us, parallelism: 0.79x
[5.127s][info][gc,stats    ]   CMR: <total>                      496 us
[5.127s][info][gc,stats    ]   CMR: Thread Roots                 452 us, workers (us): 452, ---, ---, 
[5.127s][info][gc,stats    ]   CMR: VM Strong Roots                5 us, workers (us):   5, ---, ---, 
[5.127s][info][gc,stats    ]   CMR: CLDG Roots                    39 us, workers (us):  39, ---, ---, 
[5.127s][info][gc,stats    ] Concurrent Marking                 6903 us
[5.127s][info][gc,stats    ] Pause Final Mark (G)               1541 us
[5.127s][info][gc,stats    ] Pause Final Mark (N)                188 us
[5.127s][info][gc,stats    ]   Finish Mark                        36 us
[5.127s][info][gc,stats    ]   Update Region States               39 us
[5.127s][info][gc,stats    ]   Choose Collection Set              44 us
[5.127s][info][gc,stats    ]   Rebuild Free Set                    8 us
[5.127s][info][gc,stats    ] Concurrent Thread Roots             837 us, parallelism: 0.84x
[5.127s][info][gc,stats    ]   CTR: <total>                      705 us
[5.127s][info][gc,stats    ]   CTR: Thread Roots                 705 us, workers (us): 705, ---, ---, 
[5.127s][info][gc,stats    ] Concurrent Weak References          174 us, parallelism: 0.50x
[5.127s][info][gc,stats    ]   CWRF: <total>                      87 us
[5.127s][info][gc,stats    ]   CWRF: Weak References              87 us, workers (us):  87, ---, ---, 
[5.127s][info][gc,stats    ] Concurrent Weak Roots             12411 us
[5.127s][info][gc,stats    ]   Roots                            1247 us, parallelism: 0.96x
[5.127s][info][gc,stats    ]     CWR: <total>                   1200 us
[5.127s][info][gc,stats    ]     CWR: Code Cache Roots          1073 us, workers (us): 1073, ---, ---, 
[5.127s][info][gc,stats    ]     CWR: VM Weak Roots              113 us, workers (us): 113, ---, ---, 
[5.127s][info][gc,stats    ]     CWR: CLDG Roots                  15 us, workers (us):  15, ---, ---, 
[5.127s][info][gc,stats    ]   Rendezvous                      11086 us
[5.127s][info][gc,stats    ] Concurrent Cleanup                  141 us
[5.127s][info][gc,stats    ] Concurrent Class Unloading        16072 us
[5.127s][info][gc,stats    ]   Unlink Stale                     4812 us
[5.127s][info][gc,stats    ]     System Dictionary                19 us
[5.127s][info][gc,stats    ]     Weak Class Links                  0 us
[5.127s][info][gc,stats    ]     Code Roots                     4791 us
[5.127s][info][gc,stats    ]   Rendezvous                      10776 us
[5.127s][info][gc,stats    ]   Purge Unlinked                    406 us
[5.127s][info][gc,stats    ]     Code Roots                      398 us
[5.127s][info][gc,stats    ]     CLDG                              7 us
[5.127s][info][gc,stats    ]     Exception Caches                  0 us
[5.127s][info][gc,stats    ] Concurrent Strong Roots             211 us, parallelism: 0.65x
[5.127s][info][gc,stats    ]   CSR: <total>                      137 us
[5.127s][info][gc,stats    ]   CSR: VM Strong Roots                5 us, workers (us):   5, ---, ---, 
[5.127s][info][gc,stats    ]   CSR: CLDG Roots                   132 us, workers (us): 132, ---, ---, 
[5.127s][info][gc,stats    ] Concurrent Evacuation              2414 us
[5.127s][info][gc,stats    ] Pause Init Update Refs (G)          403 us
[5.127s][info][gc,stats    ] Pause Init Update Refs (N)           62 us
[5.127s][info][gc,stats    ]   Manage GCLABs                       5 us
[5.127s][info][gc,stats    ] Concurrent Update Refs             7086 us
[5.127s][info][gc,stats    ] Concurrent Update Thread Roots      697 us
[5.127s][info][gc,stats    ] Pause Final Update Refs (G)         606 us
[5.127s][info][gc,stats    ] Pause Final Update Refs (N)         145 us
[5.127s][info][gc,stats    ]   Update Region States               52 us
[5.127s][info][gc,stats    ]   Trash Collection Set                5 us
[5.127s][info][gc,stats    ]   Rebuild Free Set                   15 us
[5.127s][info][gc,stats    ] Concurrent Cleanup                   76 us
[5.127s][info][gc,stats    ] 
[5.127s][info][gc,stats    ] Allocation pacing accrued:
[5.127s][info][gc,stats    ]       0 of   781 ms (  0.0%): <total>
[5.127s][info][gc,stats    ]       0 of   781 ms (  0.0%): <average total>
[5.127s][info][gc,stats    ] 
[5.128s][info][gc,metaspace] Metaspace: 8648K(9344K)->8648K(9344K) NonClass: 7784K(8192K)->7784K(8192K) Class: 864K(1152K)->864K(1152K)
[5.128s][info][gc,ergo     ] Pacer for Idle. Initial: 41943K, Alloc Tax Rate: 1.0x
[5.690s][info][gc          ] Trigger: Average GC time (173.74 ms) is above the time for average allocation rate (2461 MB/s) to deplete free headroom (404M) (margin of error = 1.80)
[5.690s][info][gc,ergo     ] Free headroom: 506M (free) - 102M (spike) - 0B (penalties) = 404M
[5.690s][info][gc,ergo     ] Free: 506M, Max: 1024K regular, 386M humongous, Frag: 24% external, 0% internal; Reserve: 103M, Max: 1024K
[5.690s][info][gc,start    ] GC(6) Concurrent reset
[5.690s][info][gc,task     ] GC(6) Using 1 of 3 workers for concurrent reset
[5.690s][info][gc,ergo     ] GC(6) Pacer for Reset. Non-Taxable: 2048M
[5.691s][info][gc          ] GC(6) Concurrent reset 0.864ms
[5.692s][info][gc,start    ] GC(6) Pause Init Mark (unload classes)
[5.692s][info][gc,task     ] GC(6) Using 3 of 3 workers for init marking
[5.692s][info][gc,ergo     ] GC(6) Pacer for Mark. Expected Live: 8384K, Free: 505M, Non-Taxable: 51762K, Alloc Tax Rate: 0.0x
[5.692s][info][gc          ] GC(6) Pause Init Mark (unload classes) 0.098ms
[5.704s][info][gc,start    ] GC(6) Concurrent marking roots
[5.704s][info][gc,task     ] GC(6) Using 1 of 3 workers for concurrent marking roots
[5.704s][info][gc          ] GC(6) Concurrent marking roots 0.493ms
[5.704s][info][gc,start    ] GC(6) Concurrent marking (unload classes)
[5.704s][info][gc,task     ] GC(6) Using 1 of 3 workers for concurrent marking
[5.711s][info][gc          ] GC(6) Concurrent marking (unload classes) 6.977ms
[5.711s][info][gc,start    ] GC(6) Pause Final Mark (unload classes)
[5.711s][info][gc,task     ] GC(6) Using 3 of 3 workers for final marking
[5.711s][info][gc,ergo     ] GC(6) Adaptive CSet Selection. Target Free: 290M, Actual Free: 1853M, Max CSet: 87381K, Min Garbage: 0B
[5.711s][info][gc,ergo     ] GC(6) Collectable Garbage: 1428M (99%), Immediate: 1288M (90%), CSet: 140M (9%)
[5.711s][info][gc,ergo     ] GC(6) Pacer for Evacuation. Used CSet: 141M, Free: 1750M, Non-Taxable: 175M, Alloc Tax Rate: 1.1x
[5.711s][info][gc          ] GC(6) Pause Final Mark (unload classes) 0.218ms
[5.712s][info][gc,start    ] GC(6) Concurrent thread roots
[5.712s][info][gc,task     ] GC(6) Using 1 of 3 workers for Concurrent thread roots
[5.713s][info][gc          ] GC(6) Concurrent thread roots 0.515ms
[5.713s][info][gc,start    ] GC(6) Concurrent weak references
[5.713s][info][gc,task     ] GC(6) Using 1 of 3 workers for concurrent weak references
[5.713s][info][gc,ref      ] GC(6) Encountered references: Soft: 308, Weak: 859, Final: 3, Phantom: 111
[5.713s][info][gc,ref      ] GC(6) Discovered  references: Soft: 0, Weak: 384, Final: 1, Phantom: 91
[5.713s][info][gc,ref      ] GC(6) Enqueued    references: Soft: 0, Weak: 253, Final: 0, Phantom: 0
[5.713s][info][gc          ] GC(6) Concurrent weak references 0.239ms
[5.713s][info][gc,start    ] GC(6) Concurrent weak roots
[5.713s][info][gc,task     ] GC(6) Using 1 of 3 workers for concurrent weak root
[5.714s][info][gc          ] GC(6) Concurrent weak roots 1.199ms
[5.714s][info][gc,start    ] GC(6) Concurrent cleanup
[5.714s][info][gc          ] GC(6) Concurrent cleanup 1486M->198M(2048M) 0.073ms
[5.714s][info][gc,ergo     ] GC(6) Free: 1743M, Max: 1024K regular, 405M humongous, Frag: 77% external, 0% internal; Reserve: 102M, Max: 1024K
[5.714s][info][gc,start    ] GC(6) Concurrent class unloading
[5.714s][info][gc,task     ] GC(6) Using 1 of 3 workers for concurrent class unloading
[5.722s][info][gc          ] GC(6) Concurrent class unloading 7.319ms
[5.722s][info][gc,start    ] GC(6) Concurrent strong roots
[5.722s][info][gc,task     ] GC(6) Using 1 of 3 workers for concurrent strong root
[5.722s][info][gc          ] GC(6) Concurrent strong roots 0.131ms
[5.722s][info][gc,start    ] GC(6) Concurrent evacuation
[5.722s][info][gc,task     ] GC(6) Using 1 of 3 workers for concurrent evacuation
[5.724s][info][gc          ] GC(6) Concurrent evacuation 1.880ms
[5.724s][info][gc,start    ] GC(6) Pause Init Update Refs
[5.724s][info][gc,ergo     ] GC(6) Pacer for Update Refs. Used: 212M, Free: 1731M, Non-Taxable: 173M, Alloc Tax Rate: 1.1x
[5.724s][info][gc          ] GC(6) Pause Init Update Refs 0.060ms
[5.726s][info][gc,start    ] GC(6) Concurrent update references
[5.726s][info][gc,task     ] GC(6) Using 1 of 3 workers for concurrent reference update
[5.738s][info][gc          ] GC(6) Concurrent update references 12.183ms
[5.738s][info][gc,start    ] GC(6) Concurrent update thread roots
[5.753s][info][gc          ] GC(6) Concurrent update thread roots 14.623ms
[5.753s][info][gc,start    ] GC(6) Pause Final Update Refs
[5.754s][info][gc,task     ] GC(6) Using 3 of 3 workers for final reference update
[5.754s][info][gc          ] GC(6) Pause Final Update Refs 0.141ms
[5.765s][info][gc,start    ] GC(6) Concurrent cleanup
[5.765s][info][gc          ] GC(6) Concurrent cleanup 273M->138M(2048M) 0.090ms
[5.765s][info][gc,ergo     ] Free: 1804M, Max: 1024K regular, 1301M humongous, Frag: 28% external, 0% internal; Reserve: 103M, Max: 1024K
[5.765s][info][gc,stats    ] 
[5.765s][info][gc,stats    ] All times are wall-clock times, except per-root-class counters, that are sum over
[5.765s][info][gc,stats    ] all workers. Dividing the <total> over the root stage time estimates parallelism.
[5.765s][info][gc,stats    ] 
[5.765s][info][gc,stats    ] Concurrent Reset                    945 us
[5.765s][info][gc,stats    ] Pause Init Mark (G)               12137 us
[5.765s][info][gc,stats    ] Pause Init Mark (N)                 107 us
[5.765s][info][gc,stats    ]   Update Region States               35 us
[5.765s][info][gc,stats    ] Concurrent Mark Roots               526 us, parallelism: 0.69x
[5.765s][info][gc,stats    ]   CMR: <total>                      365 us
[5.765s][info][gc,stats    ]   CMR: Thread Roots                 319 us, workers (us): 319, ---, ---, 
[5.765s][info][gc,stats    ]   CMR: VM Strong Roots                6 us, workers (us):   6, ---, ---, 
[5.765s][info][gc,stats    ]   CMR: CLDG Roots                    40 us, workers (us):  40, ---, ---, 
[5.765s][info][gc,stats    ] Concurrent Marking                 7022 us
[5.765s][info][gc,stats    ] Pause Final Mark (G)               1007 us
[5.765s][info][gc,stats    ] Pause Final Mark (N)                228 us
[5.765s][info][gc,stats    ]   Finish Mark                        54 us
[5.765s][info][gc,stats    ]   Update Region States               37 us
[5.765s][info][gc,stats    ]   Choose Collection Set              77 us
[5.765s][info][gc,stats    ]   Rebuild Free Set                    8 us
[5.765s][info][gc,stats    ] Concurrent Thread Roots             537 us, parallelism: 0.82x
[5.765s][info][gc,stats    ]   CTR: <total>                      439 us
[5.765s][info][gc,stats    ]   CTR: Thread Roots                 439 us, workers (us): 439, ---, ---, 
[5.765s][info][gc,stats    ] Concurrent Weak References          253 us, parallelism: 0.42x
[5.765s][info][gc,stats    ]   CWRF: <total>                     105 us
[5.765s][info][gc,stats    ]   CWRF: Weak References             105 us, workers (us): 105, ---, ---, 
[5.765s][info][gc,stats    ] Concurrent Weak Roots              1251 us
[5.765s][info][gc,stats    ]   Roots                            1065 us, parallelism: 0.96x
[5.765s][info][gc,stats    ]     CWR: <total>                   1025 us
[5.765s][info][gc,stats    ]     CWR: Code Cache Roots           912 us, workers (us): 912, ---, ---, 
[5.765s][info][gc,stats    ]     CWR: VM Weak Roots              103 us, workers (us): 103, ---, ---, 
[5.765s][info][gc,stats    ]     CWR: CLDG Roots                  10 us, workers (us):  10, ---, ---, 
[5.765s][info][gc,stats    ]   Rendezvous                        113 us
[5.765s][info][gc,stats    ] Concurrent Cleanup                   82 us
[5.765s][info][gc,stats    ] Concurrent Class Unloading         7370 us
[5.765s][info][gc,stats    ]   Unlink Stale                     3673 us
[5.765s][info][gc,stats    ]     System Dictionary                15 us
[5.765s][info][gc,stats    ]     Weak Class Links                  0 us
[5.765s][info][gc,stats    ]     Code Roots                     3655 us
[5.765s][info][gc,stats    ]   Rendezvous                       3352 us
[5.765s][info][gc,stats    ]   Purge Unlinked                    274 us
[5.765s][info][gc,stats    ]     Code Roots                      266 us
[5.765s][info][gc,stats    ]     CLDG                              7 us
[5.765s][info][gc,stats    ]     Exception Caches                  0 us
[5.765s][info][gc,stats    ] Concurrent Strong Roots             148 us, parallelism: 0.54x
[5.765s][info][gc,stats    ]   CSR: <total>                       79 us
[5.765s][info][gc,stats    ]   CSR: VM Strong Roots                5 us, workers (us):   5, ---, ---, 
[5.765s][info][gc,stats    ]   CSR: CLDG Roots                    74 us, workers (us):  74, ---, ---, 
[5.765s][info][gc,stats    ] Concurrent Evacuation              1947 us
[5.765s][info][gc,stats    ] Pause Init Update Refs (G)         2500 us
[5.765s][info][gc,stats    ] Pause Init Update Refs (N)           68 us
[5.765s][info][gc,stats    ]   Manage GCLABs                       6 us
[5.765s][info][gc,stats    ] Concurrent Update Refs            12236 us
[5.765s][info][gc,stats    ] Concurrent Update Thread Roots    14680 us
[5.765s][info][gc,stats    ] Pause Final Update Refs (G)       11636 us
[5.765s][info][gc,stats    ] Pause Final Update Refs (N)         166 us
[5.765s][info][gc,stats    ]   Update Region States               53 us
[5.765s][info][gc,stats    ]   Trash Collection Set                6 us
[5.765s][info][gc,stats    ]   Rebuild Free Set                   15 us
[5.765s][info][gc,stats    ] Concurrent Cleanup                  102 us
[5.765s][info][gc,stats    ] 
[5.765s][info][gc,stats    ] Allocation pacing accrued:
[5.765s][info][gc,stats    ]       0 of   638 ms (  0.0%): <total>
[5.765s][info][gc,stats    ]       0 of   638 ms (  0.0%): <average total>
[5.765s][info][gc,stats    ] 
[5.765s][info][gc,metaspace] Metaspace: 8722K(9344K)->8722K(9344K) NonClass: 7858K(8192K)->7858K(8192K) Class: 864K(1152K)->864K(1152K)
[5.765s][info][gc,ergo     ] Pacer for Idle. Initial: 41943K, Alloc Tax Rate: 1.0x
[6.162s][info][gc          ] Trigger: Average GC time (143.11 ms) is above the time for average allocation rate (3220 MB/s) to deplete free headroom (428M) (margin of error = 1.80)
[6.162s][info][gc,ergo     ] Free headroom: 530M (free) - 102M (spike) - 0B (penalties) = 428M
[6.163s][info][gc,ergo     ] Free: 530M, Max: 1024K regular, 502M humongous, Frag: 6% external, 0% internal; Reserve: 103M, Max: 1024K
[6.163s][info][gc,start    ] GC(7) Concurrent reset
[6.163s][info][gc,task     ] GC(7) Using 1 of 3 workers for concurrent reset
[6.163s][info][gc,ergo     ] GC(7) Pacer for Reset. Non-Taxable: 2048M
[6.163s][info][gc          ] GC(7) Concurrent reset 0.854ms
[6.164s][info][gc,start    ] GC(7) Pause Init Mark (unload classes)
[6.164s][info][gc,task     ] GC(7) Using 3 of 3 workers for init marking
[6.164s][info][gc,ergo     ] GC(7) Pacer for Mark. Expected Live: 8426K, Free: 529M, Non-Taxable: 54219K, Alloc Tax Rate: 0.0x
[6.164s][info][gc          ] GC(7) Pause Init Mark (unload classes) 0.109ms
[6.165s][info][gc,start    ] GC(7) Concurrent marking roots
[6.166s][info][gc,task     ] GC(7) Using 1 of 3 workers for concurrent marking roots
[6.166s][info][gc          ] GC(7) Concurrent marking roots 0.552ms
[6.166s][info][gc,start    ] GC(7) Concurrent marking (unload classes)
[6.166s][info][gc,task     ] GC(7) Using 1 of 3 workers for concurrent marking
[6.172s][info][gc          ] GC(7) Concurrent marking (unload classes) 6.347ms
[6.173s][info][gc,start    ] GC(7) Pause Final Mark (unload classes)
[6.173s][info][gc,task     ] GC(7) Using 3 of 3 workers for final marking
[6.173s][info][gc,ergo     ] GC(7) Adaptive CSet Selection. Target Free: 290M, Actual Free: 1879M, Max CSet: 87381K, Min Garbage: 0B
[6.173s][info][gc,ergo     ] GC(7) Collectable Garbage: 1404M (99%), Immediate: 1272M (90%), CSet: 132M (9%)
[6.173s][info][gc,ergo     ] GC(7) Pacer for Evacuation. Used CSet: 133M, Free: 1776M, Non-Taxable: 177M, Alloc Tax Rate: 1.1x
[6.173s][info][gc          ] GC(7) Pause Final Mark (unload classes) 0.243ms
[6.173s][info][gc,start    ] GC(7) Concurrent thread roots
[6.173s][info][gc,task     ] GC(7) Using 1 of 3 workers for Concurrent thread roots
[6.173s][info][gc          ] GC(7) Concurrent thread roots 0.479ms
[6.174s][info][gc,start    ] GC(7) Concurrent weak references
[6.174s][info][gc,task     ] GC(7) Using 1 of 3 workers for concurrent weak references
[6.174s][info][gc,ref      ] GC(7) Encountered references: Soft: 308, Weak: 840, Final: 3, Phantom: 103
[6.174s][info][gc,ref      ] GC(7) Discovered  references: Soft: 0, Weak: 378, Final: 1, Phantom: 82
[6.174s][info][gc,ref      ] GC(7) Enqueued    references: Soft: 0, Weak: 242, Final: 0, Phantom: 0
[6.174s][info][gc          ] GC(7) Concurrent weak references 0.178ms
[6.174s][info][gc,start    ] GC(7) Concurrent weak roots
[6.174s][info][gc,task     ] GC(7) Using 1 of 3 workers for concurrent weak root
[6.194s][info][gc          ] GC(7) Concurrent weak roots 20.624ms
[6.194s][info][gc,start    ] GC(7) Concurrent cleanup
[6.194s][info][gc          ] GC(7) Concurrent cleanup 1494M->222M(2048M) 0.099ms
[6.195s][info][gc,ergo     ] GC(7) Free: 1720M, Max: 1024K regular, 448M humongous, Frag: 74% external, 0% internal; Reserve: 102M, Max: 1024K
[6.195s][info][gc,start    ] GC(7) Concurrent class unloading
[6.195s][info][gc,task     ] GC(7) Using 1 of 3 workers for concurrent class unloading
[6.201s][info][gc          ] GC(7) Concurrent class unloading 6.273ms
[6.201s][info][gc,start    ] GC(7) Concurrent strong roots
[6.201s][info][gc,task     ] GC(7) Using 1 of 3 workers for concurrent strong root
[6.201s][info][gc          ] GC(7) Concurrent strong roots 0.115ms
[6.201s][info][gc,start    ] GC(7) Concurrent evacuation
[6.201s][info][gc,task     ] GC(7) Using 1 of 3 workers for concurrent evacuation
[6.202s][info][gc          ] GC(7) Concurrent evacuation 1.458ms
[6.203s][info][gc,start    ] GC(7) Pause Init Update Refs
[6.203s][info][gc,ergo     ] GC(7) Pacer for Update Refs. Used: 234M, Free: 1709M, Non-Taxable: 170M, Alloc Tax Rate: 1.1x
[6.203s][info][gc          ] GC(7) Pause Init Update Refs 0.053ms
[6.206s][info][gc,start    ] GC(7) Concurrent update references
[6.206s][info][gc,task     ] GC(7) Using 1 of 3 workers for concurrent reference update
[6.213s][info][gc          ] GC(7) Concurrent update references 7.293ms
[6.213s][info][gc,start    ] GC(7) Concurrent update thread roots
[6.214s][info][gc          ] GC(7) Concurrent update thread roots 0.526ms
[6.214s][info][gc,start    ] GC(7) Pause Final Update Refs
[6.214s][info][gc,task     ] GC(7) Using 3 of 3 workers for final reference update
[6.214s][info][gc          ] GC(7) Pause Final Update Refs 0.102ms
[6.214s][info][gc,start    ] GC(7) Concurrent cleanup
[6.214s][info][gc          ] GC(7) Concurrent cleanup 268M->134M(2048M) 0.037ms
[6.214s][info][gc,ergo     ] Free: 1808M, Max: 1024K regular, 1308M humongous, Frag: 28% external, 0% internal; Reserve: 103M, Max: 1024K
[6.214s][info][gc,stats    ] 
[6.214s][info][gc,stats    ] All times are wall-clock times, except per-root-class counters, that are sum over
[6.214s][info][gc,stats    ] all workers. Dividing the <total> over the root stage time estimates parallelism.
[6.214s][info][gc,stats    ] 
[6.214s][info][gc,stats    ] Concurrent Reset                    932 us
[6.214s][info][gc,stats    ] Pause Init Mark (G)                2008 us
[6.214s][info][gc,stats    ] Pause Init Mark (N)                 119 us
[6.214s][info][gc,stats    ]   Update Region States               40 us
[6.214s][info][gc,stats    ] Concurrent Mark Roots               576 us, parallelism: 0.78x
[6.214s][info][gc,stats    ]   CMR: <total>                      451 us
[6.214s][info][gc,stats    ]   CMR: Thread Roots                 413 us, workers (us): 413, ---, ---, 
[6.214s][info][gc,stats    ]   CMR: VM Strong Roots                5 us, workers (us):   5, ---, ---, 
[6.214s][info][gc,stats    ]   CMR: CLDG Roots                    34 us, workers (us):  34, ---, ---, 
[6.214s][info][gc,stats    ] Concurrent Marking                 6386 us
[6.214s][info][gc,stats    ] Pause Final Mark (G)                559 us
[6.214s][info][gc,stats    ] Pause Final Mark (N)                252 us
[6.214s][info][gc,stats    ]   Finish Mark                        50 us
[6.214s][info][gc,stats    ]   Update Region States               53 us
[6.214s][info][gc,stats    ]   Choose Collection Set              74 us
[6.214s][info][gc,stats    ]   Rebuild Free Set                    8 us
[6.214s][info][gc,stats    ] Concurrent Thread Roots             506 us, parallelism: 0.82x
[6.214s][info][gc,stats    ]   CTR: <total>                      414 us
[6.214s][info][gc,stats    ]   CTR: Thread Roots                 414 us, workers (us): 414, ---, ---, 
[6.214s][info][gc,stats    ] Concurrent Weak References          186 us, parallelism: 0.54x
[6.214s][info][gc,stats    ]   CWRF: <total>                     100 us
[6.214s][info][gc,stats    ]   CWRF: Weak References             100 us, workers (us): 100, ---, ---, 
[6.214s][info][gc,stats    ] Concurrent Weak Roots             20673 us
[6.214s][info][gc,stats    ]   Roots                            1050 us, parallelism: 0.97x
[6.214s][info][gc,stats    ]     CWR: <total>                   1015 us
[6.214s][info][gc,stats    ]     CWR: Code Cache Roots           895 us, workers (us): 895, ---, ---, 
[6.214s][info][gc,stats    ]     CWR: VM Weak Roots              109 us, workers (us): 109, ---, ---, 
[6.214s][info][gc,stats    ]     CWR: CLDG Roots                  11 us, workers (us):  11, ---, ---, 
[6.214s][info][gc,stats    ]   Rendezvous                      19554 us
[6.214s][info][gc,stats    ] Concurrent Cleanup                  110 us
[6.214s][info][gc,stats    ] Concurrent Class Unloading         6309 us
[6.214s][info][gc,stats    ]   Unlink Stale                     4394 us
[6.214s][info][gc,stats    ]     System Dictionary                16 us
[6.214s][info][gc,stats    ]     Weak Class Links                  0 us
[6.215s][info][gc,stats    ]     Code Roots                     4376 us
[6.215s][info][gc,stats    ]   Rendezvous                       1620 us
[6.215s][info][gc,stats    ]   Purge Unlinked                    238 us
[6.215s][info][gc,stats    ]     Code Roots                      232 us
[6.215s][info][gc,stats    ]     CLDG                              5 us
[6.215s][info][gc,stats    ]     Exception Caches                  0 us
[6.215s][info][gc,stats    ] Concurrent Strong Roots             132 us, parallelism: 0.53x
[6.215s][info][gc,stats    ]   CSR: <total>                       70 us
[6.215s][info][gc,stats    ]   CSR: VM Strong Roots                4 us, workers (us):   4, ---, ---, 
[6.215s][info][gc,stats    ]   CSR: CLDG Roots                    66 us, workers (us):  66, ---, ---, 
[6.215s][info][gc,stats    ] Concurrent Evacuation              1507 us
[6.215s][info][gc,stats    ] Pause Init Update Refs (G)         3384 us
[6.215s][info][gc,stats    ] Pause Init Update Refs (N)           61 us
[6.215s][info][gc,stats    ]   Manage GCLABs                       5 us
[6.215s][info][gc,stats    ] Concurrent Update Refs             7347 us
[6.215s][info][gc,stats    ] Concurrent Update Thread Roots      554 us
[6.215s][info][gc,stats    ] Pause Final Update Refs (G)         286 us
[6.215s][info][gc,stats    ] Pause Final Update Refs (N)         138 us
[6.215s][info][gc,stats    ]   Update Region States               44 us
[6.215s][info][gc,stats    ]   Trash Collection Set                7 us
[6.215s][info][gc,stats    ]   Rebuild Free Set                   16 us
[6.215s][info][gc,stats    ] Concurrent Cleanup                   47 us
[6.215s][info][gc,stats    ] 
[6.215s][info][gc,stats    ] Allocation pacing accrued:
[6.215s][info][gc,stats    ]       0 of   449 ms (  0.0%): <total>
[6.215s][info][gc,stats    ]       0 of   449 ms (  0.0%): <average total>
[6.215s][info][gc,stats    ] 
[6.215s][info][gc,metaspace] Metaspace: 8755K(9344K)->8755K(9344K) NonClass: 7891K(8192K)->7891K(8192K) Class: 864K(1152K)->864K(1152K)
[6.215s][info][gc,ergo     ] Pacer for Idle. Initial: 41943K, Alloc Tax Rate: 1.0x
[6.625s][info][gc          ] Trigger: Average GC time (118.34 ms) is above the time for average allocation rate (3238 MB/s) to deplete free headroom (374M) (margin of error = 1.80)
[6.625s][info][gc,ergo     ] Free headroom: 476M (free) - 102M (spike) - 0B (penalties) = 374M
[6.625s][info][gc,ergo     ] Free: 476M, Max: 1024K regular, 448M humongous, Frag: 6% external, 0% internal; Reserve: 103M, Max: 1024K
[6.625s][info][gc,start    ] GC(8) Concurrent reset
[6.625s][info][gc,task     ] GC(8) Using 1 of 3 workers for concurrent reset
[6.625s][info][gc,ergo     ] GC(8) Pacer for Reset. Non-Taxable: 2048M
[6.626s][info][gc          ] GC(8) Concurrent reset 0.748ms
[6.626s][info][gc,start    ] GC(8) Pause Init Mark (unload classes)
[6.626s][info][gc,task     ] GC(8) Using 3 of 3 workers for init marking
[6.626s][info][gc,ergo     ] GC(8) Pacer for Mark. Expected Live: 8411K, Free: 475M, Non-Taxable: 48690K, Alloc Tax Rate: 0.0x
[6.626s][info][gc          ] GC(8) Pause Init Mark (unload classes) 0.133ms
[6.633s][info][gc,start    ] GC(8) Concurrent marking roots
[6.633s][info][gc,task     ] GC(8) Using 1 of 3 workers for concurrent marking roots
[6.634s][info][gc          ] GC(8) Concurrent marking roots 0.488ms
[6.634s][info][gc,start    ] GC(8) Concurrent marking (unload classes)
[6.634s][info][gc,task     ] GC(8) Using 1 of 3 workers for concurrent marking
[6.672s][info][gc          ] GC(8) Concurrent marking (unload classes) 38.686ms
[6.673s][info][gc,start    ] GC(8) Pause Final Mark (unload classes)
[6.673s][info][gc,task     ] GC(8) Using 3 of 3 workers for final marking
[6.673s][info][gc,ergo     ] GC(8) Adaptive CSet Selection. Target Free: 290M, Actual Free: 1784M, Max CSet: 87381K, Min Garbage: 0B
[6.673s][info][gc,ergo     ] GC(8) Collectable Garbage: 1458M (99%), Immediate: 1316M (90%), CSet: 142M (9%)
[6.673s][info][gc,ergo     ] GC(8) Pacer for Evacuation. Used CSet: 143M, Free: 1681M, Non-Taxable: 168M, Alloc Tax Rate: 1.1x
[6.673s][info][gc          ] GC(8) Pause Final Mark (unload classes) 0.257ms
[6.675s][info][gc,start    ] GC(8) Concurrent thread roots
[6.675s][info][gc,task     ] GC(8) Using 1 of 3 workers for Concurrent thread roots
[6.675s][info][gc          ] GC(8) Concurrent thread roots 0.398ms
[6.675s][info][gc,start    ] GC(8) Concurrent weak references
[6.675s][info][gc,task     ] GC(8) Using 1 of 3 workers for concurrent weak references
[6.675s][info][gc,ref      ] GC(8) Encountered references: Soft: 308, Weak: 858, Final: 3, Phantom: 99
[6.676s][info][gc,ref      ] GC(8) Discovered  references: Soft: 0, Weak: 382, Final: 1, Phantom: 58
[6.676s][info][gc,ref      ] GC(8) Enqueued    references: Soft: 0, Weak: 252, Final: 0, Phantom: 0
[6.676s][info][gc          ] GC(8) Concurrent weak references 0.179ms
[6.676s][info][gc,start    ] GC(8) Concurrent weak roots
[6.676s][info][gc,task     ] GC(8) Using 1 of 3 workers for concurrent weak root
[6.689s][info][gc          ] GC(8) Concurrent weak roots 12.947ms
[6.689s][info][gc,start    ] GC(8) Concurrent cleanup
[6.689s][info][gc          ] GC(8) Concurrent cleanup 1603M->287M(2048M) 0.100ms
[6.689s][info][gc,ergo     ] GC(8) Free: 1654M, Max: 1024K regular, 338M humongous, Frag: 80% external, 0% internal; Reserve: 102M, Max: 1024K
[6.689s][info][gc,start    ] GC(8) Concurrent class unloading
[6.689s][info][gc,task     ] GC(8) Using 1 of 3 workers for concurrent class unloading
[6.695s][info][gc          ] GC(8) Concurrent class unloading 6.239ms
[6.695s][info][gc,start    ] GC(8) Concurrent strong roots
[6.695s][info][gc,task     ] GC(8) Using 1 of 3 workers for concurrent strong root
[6.695s][info][gc          ] GC(8) Concurrent strong roots 0.138ms
[6.695s][info][gc,start    ] GC(8) Concurrent evacuation
[6.695s][info][gc,task     ] GC(8) Using 1 of 3 workers for concurrent evacuation
[6.698s][info][gc          ] GC(8) Concurrent evacuation 2.520ms
[6.698s][info][gc,start    ] GC(8) Pause Init Update Refs
[6.698s][info][gc,ergo     ] GC(8) Pacer for Update Refs. Used: 307M, Free: 1636M, Non-Taxable: 163M, Alloc Tax Rate: 1.1x
[6.698s][info][gc          ] GC(8) Pause Init Update Refs 0.053ms
[6.698s][info][gc,start    ] GC(8) Concurrent update references
[6.698s][info][gc,task     ] GC(8) Using 1 of 3 workers for concurrent reference update
[6.726s][info][gc          ] GC(8) Concurrent update references 27.646ms
[6.726s][info][gc,start    ] GC(8) Concurrent update thread roots
[6.727s][info][gc          ] GC(8) Concurrent update thread roots 1.106ms
[6.727s][info][gc,start    ] GC(8) Pause Final Update Refs
[6.727s][info][gc,task     ] GC(8) Using 3 of 3 workers for final reference update
[6.727s][info][gc          ] GC(8) Pause Final Update Refs 0.118ms
[6.735s][info][gc,start    ] GC(8) Concurrent cleanup
[6.735s][info][gc          ] GC(8) Concurrent cleanup 382M->246M(2048M) 0.088ms
[6.735s][info][gc,ergo     ] Free: 1696M, Max: 1024K regular, 1304M humongous, Frag: 24% external, 0% internal; Reserve: 103M, Max: 1024K
[6.735s][info][gc,stats    ] 
[6.735s][info][gc,stats    ] All times are wall-clock times, except per-root-class counters, that are sum over
[6.735s][info][gc,stats    ] all workers. Dividing the <total> over the root stage time estimates parallelism.
[6.735s][info][gc,stats    ] 
[6.735s][info][gc,stats    ] Concurrent Reset                    789 us
[6.735s][info][gc,stats    ] Pause Init Mark (G)                7627 us
[6.735s][info][gc,stats    ] Pause Init Mark (N)                 142 us
[6.735s][info][gc,stats    ]   Update Region States               51 us
[6.735s][info][gc,stats    ] Concurrent Mark Roots               510 us, parallelism: 0.73x
[6.735s][info][gc,stats    ]   CMR: <total>                      374 us
[6.735s][info][gc,stats    ]   CMR: Thread Roots                 321 us, workers (us): 321, ---, ---, 
[6.735s][info][gc,stats    ]   CMR: VM Strong Roots                8 us, workers (us):   8, ---, ---, 
[6.735s][info][gc,stats    ]   CMR: CLDG Roots                    44 us, workers (us):  44, ---, ---, 
[6.735s][info][gc,stats    ] Concurrent Marking                38728 us
[6.735s][info][gc,stats    ] Pause Final Mark (G)               2461 us
[6.735s][info][gc,stats    ] Pause Final Mark (N)                265 us
[6.735s][info][gc,stats    ]   Finish Mark                        46 us
[6.735s][info][gc,stats    ]   Update Region States               53 us
[6.735s][info][gc,stats    ]   Choose Collection Set              76 us
[6.735s][info][gc,stats    ]   Rebuild Free Set                    8 us
[6.736s][info][gc,stats    ] Concurrent Thread Roots             414 us, parallelism: 0.75x
[6.736s][info][gc,stats    ]   CTR: <total>                      310 us
[6.736s][info][gc,stats    ]   CTR: Thread Roots                 310 us, workers (us): 310, ---, ---, 
[6.736s][info][gc,stats    ] Concurrent Weak References          186 us, parallelism: 0.54x
[6.736s][info][gc,stats    ]   CWRF: <total>                     101 us
[6.736s][info][gc,stats    ]   CWRF: Weak References             101 us, workers (us): 101, ---, ---, 
[6.736s][info][gc,stats    ] Concurrent Weak Roots             12997 us
[6.736s][info][gc,stats    ]   Roots                            1165 us, parallelism: 0.97x
[6.736s][info][gc,stats    ]     CWR: <total>                   1130 us
[6.736s][info][gc,stats    ]     CWR: Code Cache Roots          1013 us, workers (us): 1013, ---, ---, 
[6.736s][info][gc,stats    ]     CWR: VM Weak Roots              104 us, workers (us): 104, ---, ---, 
[6.736s][info][gc,stats    ]     CWR: CLDG Roots                  13 us, workers (us):  13, ---, ---, 
[6.736s][info][gc,stats    ]   Rendezvous                      11761 us
[6.736s][info][gc,stats    ] Concurrent Cleanup                  112 us
[6.736s][info][gc,stats    ] Concurrent Class Unloading         6276 us
[6.736s][info][gc,stats    ]   Unlink Stale                     3887 us
[6.736s][info][gc,stats    ]     System Dictionary                21 us
[6.736s][info][gc,stats    ]     Weak Class Links                  2 us
[6.736s][info][gc,stats    ]     Code Roots                     3862 us
[6.736s][info][gc,stats    ]   Rendezvous                       2052 us
[6.736s][info][gc,stats    ]   Purge Unlinked                    273 us
[6.736s][info][gc,stats    ]     Code Roots                      268 us
[6.736s][info][gc,stats    ]     CLDG                              4 us
[6.736s][info][gc,stats    ]     Exception Caches                  1 us
[6.736s][info][gc,stats    ] Concurrent Strong Roots             151 us, parallelism: 0.56x
[6.736s][info][gc,stats    ]   CSR: <total>                       85 us
[6.736s][info][gc,stats    ]   CSR: VM Strong Roots                4 us, workers (us):   4, ---, ---, 
[6.736s][info][gc,stats    ]   CSR: CLDG Roots                    81 us, workers (us):  81, ---, ---, 
[6.736s][info][gc,stats    ] Concurrent Evacuation              2587 us
[6.736s][info][gc,stats    ] Pause Init Update Refs (G)          272 us
[6.736s][info][gc,stats    ] Pause Init Update Refs (N)           61 us
[6.736s][info][gc,stats    ]   Manage GCLABs                       5 us
[6.736s][info][gc,stats    ] Concurrent Update Refs            27691 us
[6.736s][info][gc,stats    ] Concurrent Update Thread Roots     1142 us
[6.736s][info][gc,stats    ] Pause Final Update Refs (G)        8391 us
[6.736s][info][gc,stats    ] Pause Final Update Refs (N)         137 us
[6.736s][info][gc,stats    ]   Update Region States               48 us
[6.736s][info][gc,stats    ]   Trash Collection Set                5 us
[6.736s][info][gc,stats    ]   Rebuild Free Set                   13 us
[6.736s][info][gc,stats    ] Concurrent Cleanup                  100 us
[6.736s][info][gc,stats    ] 
[6.736s][info][gc,stats    ] Allocation pacing accrued:
[6.736s][info][gc,stats    ]       0 of   521 ms (  0.0%): <total>
[6.736s][info][gc,stats    ]       0 of   521 ms (  0.0%): <average total>
[6.736s][info][gc,stats    ] 
[6.736s][info][gc,metaspace] Metaspace: 8758K(9344K)->8758K(9344K) NonClass: 7893K(8192K)->7893K(8192K) Class: 864K(1152K)->864K(1152K)
[6.736s][info][gc,ergo     ] Pacer for Idle. Initial: 41943K, Alloc Tax Rate: 1.0x
[7.117s][info][gc          ] Trigger: Average GC time (142.40 ms) is above the time for average allocation rate (3068 MB/s) to deplete free headroom (394M) (margin of error = 1.81)
[7.117s][info][gc,ergo     ] Free headroom: 496M (free) - 102M (spike) - 0B (penalties) = 394M
[7.117s][info][gc,ergo     ] Free: 495M, Max: 1024K regular, 338M humongous, Frag: 32% external, 0% internal; Reserve: 103M, Max: 1024K
[7.117s][info][gc,start    ] GC(9) Concurrent reset
[7.117s][info][gc,task     ] GC(9) Using 1 of 3 workers for concurrent reset
[7.117s][info][gc,ergo     ] GC(9) Pacer for Reset. Non-Taxable: 2048M
[7.118s][info][gc          ] GC(9) Concurrent reset 0.762ms
[7.118s][info][gc,start    ] GC(9) Pause Init Mark (unload classes)
[7.118s][info][gc,task     ] GC(9) Using 3 of 3 workers for init marking
[7.118s][info][gc,ergo     ] GC(9) Pacer for Mark. Expected Live: 8444K, Free: 495M, Non-Taxable: 50789K, Alloc Tax Rate: 0.0x
[7.118s][info][gc          ] GC(9) Pause Init Mark (unload classes) 0.105ms
[7.118s][info][gc,start    ] GC(9) Concurrent marking roots
[7.118s][info][gc,task     ] GC(9) Using 1 of 3 workers for concurrent marking roots
[7.119s][info][gc          ] GC(9) Concurrent marking roots 0.427ms
[7.119s][info][gc,start    ] GC(9) Concurrent marking (unload classes)
[7.119s][info][gc,task     ] GC(9) Using 1 of 3 workers for concurrent marking
[7.126s][info][gc          ] GC(9) Concurrent marking (unload classes) 7.460ms
[7.126s][info][gc,start    ] GC(9) Pause Final Mark (unload classes)
[7.126s][info][gc,task     ] GC(9) Using 3 of 3 workers for final marking
[7.126s][info][gc,ergo     ] GC(9) Adaptive CSet Selection. Target Free: 290M, Actual Free: 1870M, Max CSet: 87381K, Min Garbage: 0B
[7.126s][info][gc,ergo     ] GC(9) Collectable Garbage: 1438M (99%), Immediate: 1299M (90%), CSet: 139M (9%)
[7.126s][info][gc,ergo     ] GC(9) Pacer for Evacuation. Used CSet: 140M, Free: 1767M, Non-Taxable: 176M, Alloc Tax Rate: 1.1x
[7.126s][info][gc          ] GC(9) Pause Final Mark (unload classes) 0.206ms
[7.127s][info][gc,start    ] GC(9) Concurrent thread roots
[7.127s][info][gc,task     ] GC(9) Using 1 of 3 workers for Concurrent thread roots
[7.127s][info][gc          ] GC(9) Concurrent thread roots 0.468ms
[7.127s][info][gc,start    ] GC(9) Concurrent weak references
[7.127s][info][gc,task     ] GC(9) Using 1 of 3 workers for concurrent weak references
[7.127s][info][gc,ref      ] GC(9) Encountered references: Soft: 308, Weak: 859, Final: 3, Phantom: 111
[7.127s][info][gc,ref      ] GC(9) Discovered  references: Soft: 0, Weak: 396, Final: 1, Phantom: 93
[7.127s][info][gc,ref      ] GC(9) Enqueued    references: Soft: 0, Weak: 254, Final: 0, Phantom: 0
[7.127s][info][gc          ] GC(9) Concurrent weak references 0.161ms
[7.127s][info][gc,start    ] GC(9) Concurrent weak roots
[7.127s][info][gc,task     ] GC(9) Using 1 of 3 workers for concurrent weak root
[7.132s][info][gc          ] GC(9) Concurrent weak roots 5.166ms
[7.132s][info][gc,start    ] GC(9) Concurrent cleanup
[7.133s][info][gc          ] GC(9) Concurrent cleanup 1495M->196M(2048M) 0.113ms
[7.133s][info][gc,ergo     ] GC(9) Free: 1746M, Max: 1024K regular, 344M humongous, Frag: 81% external, 0% internal; Reserve: 102M, Max: 1024K
[7.133s][info][gc,start    ] GC(9) Concurrent class unloading
[7.133s][info][gc,task     ] GC(9) Using 1 of 3 workers for concurrent class unloading
[7.138s][info][gc          ] GC(9) Concurrent class unloading 5.827ms
[7.138s][info][gc,start    ] GC(9) Concurrent strong roots
[7.138s][info][gc,task     ] GC(9) Using 1 of 3 workers for concurrent strong root
[7.139s][info][gc          ] GC(9) Concurrent strong roots 0.131ms
[7.139s][info][gc,start    ] GC(9) Concurrent evacuation
[7.139s][info][gc,task     ] GC(9) Using 1 of 3 workers for concurrent evacuation
[7.141s][info][gc          ] GC(9) Concurrent evacuation 1.987ms
[7.141s][info][gc,start    ] GC(9) Pause Init Update Refs
[7.141s][info][gc,ergo     ] GC(9) Pacer for Update Refs. Used: 219M, Free: 1724M, Non-Taxable: 172M, Alloc Tax Rate: 1.1x
[7.141s][info][gc          ] GC(9) Pause Init Update Refs 0.050ms
[7.141s][info][gc,start    ] GC(9) Concurrent update references
[7.141s][info][gc,task     ] GC(9) Using 1 of 3 workers for concurrent reference update
[7.149s][info][gc          ] GC(9) Concurrent update references 8.386ms
[7.150s][info][gc,start    ] GC(9) Concurrent update thread roots
[7.150s][info][gc          ] GC(9) Concurrent update thread roots 0.452ms
[7.150s][info][gc,start    ] GC(9) Pause Final Update Refs
[7.150s][info][gc,task     ] GC(9) Using 3 of 3 workers for final reference update
[7.150s][info][gc          ] GC(9) Pause Final Update Refs 0.112ms
[7.150s][info][gc,start    ] GC(9) Concurrent cleanup
[7.150s][info][gc          ] GC(9) Concurrent cleanup 242M->102M(2048M) 0.039ms
[7.150s][info][gc,ergo     ] Free: 1840M, Max: 1024K regular, 1252M humongous, Frag: 32% external, 0% internal; Reserve: 103M, Max: 1024K
[7.150s][info][gc,stats    ] 
[7.150s][info][gc,stats    ] All times are wall-clock times, except per-root-class counters, that are sum over
[7.150s][info][gc,stats    ] all workers. Dividing the <total> over the root stage time estimates parallelism.
[7.150s][info][gc,stats    ] 
[7.150s][info][gc,stats    ] Concurrent Reset                    819 us
[7.150s][info][gc,stats    ] Pause Init Mark (G)                 494 us
[7.150s][info][gc,stats    ] Pause Init Mark (N)                 115 us
[7.150s][info][gc,stats    ]   Update Region States               42 us
[7.150s][info][gc,stats    ] Concurrent Mark Roots               447 us, parallelism: 0.78x
[7.150s][info][gc,stats    ]   CMR: <total>                      347 us
[7.150s][info][gc,stats    ]   CMR: Thread Roots                 301 us, workers (us): 301, ---, ---, 
[7.150s][info][gc,stats    ]   CMR: VM Strong Roots                6 us, workers (us):   6, ---, ---, 
[7.150s][info][gc,stats    ]   CMR: CLDG Roots                    39 us, workers (us):  39, ---, ---, 
[7.151s][info][gc,stats    ] Concurrent Marking                 7510 us
[7.151s][info][gc,stats    ] Pause Final Mark (G)                328 us
[7.151s][info][gc,stats    ] Pause Final Mark (N)                215 us
[7.151s][info][gc,stats    ]   Finish Mark                        48 us
[7.151s][info][gc,stats    ]   Update Region States               35 us
[7.151s][info][gc,stats    ]   Choose Collection Set              58 us
[7.151s][info][gc,stats    ]   Rebuild Free Set                    8 us
[7.151s][info][gc,stats    ] Concurrent Thread Roots             485 us, parallelism: 0.86x
[7.151s][info][gc,stats    ]   CTR: <total>                      416 us
[7.151s][info][gc,stats    ]   CTR: Thread Roots                 416 us, workers (us): 416, ---, ---, 
[7.151s][info][gc,stats    ] Concurrent Weak References          169 us, parallelism: 0.55x
[7.151s][info][gc,stats    ]   CWRF: <total>                      93 us
[7.151s][info][gc,stats    ]   CWRF: Weak References              93 us, workers (us):  93, ---, ---, 
[7.151s][info][gc,stats    ] Concurrent Weak Roots              5218 us
[7.151s][info][gc,stats    ]   Roots                            1064 us, parallelism: 0.97x
[7.151s][info][gc,stats    ]     CWR: <total>                   1032 us
[7.151s][info][gc,stats    ]     CWR: Code Cache Roots           917 us, workers (us): 917, ---, ---, 
[7.151s][info][gc,stats    ]     CWR: VM Weak Roots              103 us, workers (us): 103, ---, ---, 
[7.151s][info][gc,stats    ]     CWR: CLDG Roots                  12 us, workers (us):  12, ---, ---, 
[7.151s][info][gc,stats    ]   Rendezvous                       4084 us
[7.151s][info][gc,stats    ] Concurrent Cleanup                  133 us
[7.151s][info][gc,stats    ] Concurrent Class Unloading         5868 us
[7.151s][info][gc,stats    ]   Unlink Stale                     4007 us
[7.151s][info][gc,stats    ]     System Dictionary                13 us
[7.151s][info][gc,stats    ]     Weak Class Links                  0 us
[7.151s][info][gc,stats    ]     Code Roots                     3992 us
[7.151s][info][gc,stats    ]   Rendezvous                       1516 us
[7.151s][info][gc,stats    ]   Purge Unlinked                    282 us
[7.151s][info][gc,stats    ]     Code Roots                      276 us
[7.151s][info][gc,stats    ]     CLDG                              5 us
[7.151s][info][gc,stats    ]     Exception Caches                  0 us
[7.151s][info][gc,stats    ] Concurrent Strong Roots             143 us, parallelism: 0.57x
[7.151s][info][gc,stats    ]   CSR: <total>                       82 us
[7.151s][info][gc,stats    ]   CSR: VM Strong Roots                4 us, workers (us):   4, ---, ---, 
[7.151s][info][gc,stats    ]   CSR: CLDG Roots                    78 us, workers (us):  78, ---, ---, 
[7.151s][info][gc,stats    ] Concurrent Evacuation              2038 us
[7.151s][info][gc,stats    ] Pause Init Update Refs (G)          425 us
[7.151s][info][gc,stats    ] Pause Init Update Refs (N)           59 us
[7.151s][info][gc,stats    ]   Manage GCLABs                       4 us
[7.151s][info][gc,stats    ] Concurrent Update Refs             8446 us
[7.151s][info][gc,stats    ] Concurrent Update Thread Roots      489 us
[7.151s][info][gc,stats    ] Pause Final Update Refs (G)         310 us
[7.151s][info][gc,stats    ] Pause Final Update Refs (N)         123 us
[7.151s][info][gc,stats    ]   Update Region States               45 us
[7.151s][info][gc,stats    ]   Trash Collection Set                8 us
[7.151s][info][gc,stats    ]   Rebuild Free Set                   16 us
[7.151s][info][gc,stats    ] Concurrent Cleanup                   49 us
[7.151s][info][gc,stats    ] 
[7.151s][info][gc,stats    ] Allocation pacing accrued:
[7.151s][info][gc,stats    ]       0 of   415 ms (  0.0%): <total>
[7.151s][info][gc,stats    ]       0 of   415 ms (  0.0%): <average total>
[7.151s][info][gc,stats    ] 
[7.151s][info][gc,metaspace] Metaspace: 8758K(9344K)->8758K(9344K) NonClass: 7893K(8192K)->7893K(8192K) Class: 864K(1152K)->864K(1152K)
[7.151s][info][gc,ergo     ] Pacer for Idle. Initial: 41943K, Alloc Tax Rate: 1.0x
[7.548s][info][gc          ] Trigger: Average GC time (124.11 ms) is above the time for average allocation rate (3443 MB/s) to deplete free headroom (415M) (margin of error = 1.81)
[7.548s][info][gc,ergo     ] Free headroom: 517M (free) - 102M (spike) - 0B (penalties) = 415M
[7.548s][info][gc,ergo     ] Free: 517M, Max: 1024K regular, 516M humongous, Frag: 0% external, 0% internal; Reserve: 103M, Max: 1024K
[7.548s][info][gc,start    ] GC(10) Concurrent reset
[7.548s][info][gc,task     ] GC(10) Using 1 of 3 workers for concurrent reset
[7.548s][info][gc,ergo     ] GC(10) Pacer for Reset. Non-Taxable: 2048M
[7.549s][info][gc          ] GC(10) Concurrent reset 0.803ms
[7.549s][info][gc,start    ] GC(10) Pause Init Mark (unload classes)
[7.549s][info][gc,task     ] GC(10) Using 3 of 3 workers for init marking
[7.549s][info][gc,ergo     ] GC(10) Pacer for Mark. Expected Live: 8443K, Free: 514M, Non-Taxable: 52683K, Alloc Tax Rate: 0.0x
[7.549s][info][gc          ] GC(10) Pause Init Mark (unload classes) 0.113ms
[7.551s][info][gc,start    ] GC(10) Concurrent marking roots
[7.551s][info][gc,task     ] GC(10) Using 1 of 3 workers for concurrent marking roots
[7.551s][info][gc          ] GC(10) Concurrent marking roots 0.410ms
[7.551s][info][gc,start    ] GC(10) Concurrent marking (unload classes)
[7.551s][info][gc,task     ] GC(10) Using 1 of 3 workers for concurrent marking
[7.559s][info][gc          ] GC(10) Concurrent marking (unload classes) 7.978ms
[7.559s][info][gc,start    ] GC(10) Pause Final Mark (unload classes)
[7.559s][info][gc,task     ] GC(10) Using 3 of 3 workers for final marking
[7.559s][info][gc,ergo     ] GC(10) Adaptive CSet Selection. Target Free: 290M, Actual Free: 1865M, Max CSet: 87381K, Min Garbage: 0B
[7.559s][info][gc,ergo     ] GC(10) Collectable Garbage: 1419M (99%), Immediate: 1283M (90%), CSet: 136M (9%)
[7.560s][info][gc,ergo     ] GC(10) Pacer for Evacuation. Used CSet: 137M, Free: 1762M, Non-Taxable: 176M, Alloc Tax Rate: 1.1x
[7.560s][info][gc          ] GC(10) Pause Final Mark (unload classes) 0.212ms
[7.560s][info][gc,start    ] GC(10) Concurrent thread roots
[7.560s][info][gc,task     ] GC(10) Using 1 of 3 workers for Concurrent thread roots
[7.560s][info][gc          ] GC(10) Concurrent thread roots 0.342ms
[7.560s][info][gc,start    ] GC(10) Concurrent weak references
[7.560s][info][gc,task     ] GC(10) Using 1 of 3 workers for concurrent weak references
[7.560s][info][gc,ref      ] GC(10) Encountered references: Soft: 308, Weak: 853, Final: 3, Phantom: 111
[7.560s][info][gc,ref      ] GC(10) Discovered  references: Soft: 0, Weak: 379, Final: 1, Phantom: 96
[7.560s][info][gc,ref      ] GC(10) Enqueued    references: Soft: 0, Weak: 248, Final: 0, Phantom: 0
[7.560s][info][gc          ] GC(10) Concurrent weak references 0.185ms
[7.560s][info][gc,start    ] GC(10) Concurrent weak roots
[7.560s][info][gc,task     ] GC(10) Using 1 of 3 workers for concurrent weak root
[7.562s][info][gc          ] GC(10) Concurrent weak roots 1.308ms
[7.562s][info][gc,start    ] GC(10) Concurrent cleanup
[7.562s][info][gc          ] GC(10) Concurrent cleanup 1472M->189M(2048M) 0.092ms
[7.562s][info][gc,ergo     ] GC(10) Free: 1753M, Max: 1024K regular, 470M humongous, Frag: 74% external, 0% internal; Reserve: 102M, Max: 1024K
[7.562s][info][gc,start    ] GC(10) Concurrent class unloading
[7.562s][info][gc,task     ] GC(10) Using 1 of 3 workers for concurrent class unloading
[7.567s][info][gc          ] GC(10) Concurrent class unloading 4.827ms
[7.567s][info][gc,start    ] GC(10) Concurrent strong roots
[7.567s][info][gc,task     ] GC(10) Using 1 of 3 workers for concurrent strong root
[7.567s][info][gc          ] GC(10) Concurrent strong roots 0.130ms
[7.567s][info][gc,start    ] GC(10) Concurrent evacuation
[7.567s][info][gc,task     ] GC(10) Using 1 of 3 workers for concurrent evacuation
[7.569s][info][gc          ] GC(10) Concurrent evacuation 1.817ms
[7.569s][info][gc,start    ] GC(10) Pause Init Update Refs
[7.569s][info][gc,ergo     ] GC(10) Pacer for Update Refs. Used: 208M, Free: 1735M, Non-Taxable: 173M, Alloc Tax Rate: 1.1x
[7.569s][info][gc          ] GC(10) Pause Init Update Refs 0.056ms
[7.572s][info][gc,start    ] GC(10) Concurrent update references
[7.572s][info][gc,task     ] GC(10) Using 1 of 3 workers for concurrent reference update
[7.582s][info][gc          ] GC(10) Concurrent update references 10.041ms
[7.582s][info][gc,start    ] GC(10) Concurrent update thread roots
[7.582s][info][gc          ] GC(10) Concurrent update thread roots 0.702ms
[7.582s][info][gc,start    ] GC(10) Pause Final Update Refs
[7.582s][info][gc,task     ] GC(10) Using 3 of 3 workers for final reference update
[7.583s][info][gc          ] GC(10) Pause Final Update Refs 0.110ms
[7.584s][info][gc,start    ] GC(10) Concurrent cleanup
[7.584s][info][gc          ] GC(10) Concurrent cleanup 241M->109M(2048M) 0.062ms
[7.584s][info][gc,ergo     ] Free: 1833M, Max: 1024K regular, 1362M humongous, Frag: 26% external, 0% internal; Reserve: 103M, Max: 1024K
[7.584s][info][gc,stats    ] 
[7.584s][info][gc,stats    ] All times are wall-clock times, except per-root-class counters, that are sum over
[7.585s][info][gc,stats    ] all workers. Dividing the <total> over the root stage time estimates parallelism.
[7.585s][info][gc,stats    ] 
[7.585s][info][gc,stats    ] Concurrent Reset                    871 us
[7.585s][info][gc,stats    ] Pause Init Mark (G)                1671 us
[7.585s][info][gc,stats    ] Pause Init Mark (N)                 122 us
[7.585s][info][gc,stats    ]   Update Region States               34 us
[7.585s][info][gc,stats    ] Concurrent Mark Roots               430 us, parallelism: 0.73x
[7.585s][info][gc,stats    ]   CMR: <total>                      312 us
[7.585s][info][gc,stats    ]   CMR: Thread Roots                 265 us, workers (us): 265, ---, ---, 
[7.585s][info][gc,stats    ]   CMR: VM Strong Roots                6 us, workers (us):   6, ---, ---, 
[7.585s][info][gc,stats    ]   CMR: CLDG Roots                    41 us, workers (us):  41, ---, ---, 
[7.585s][info][gc,stats    ] Concurrent Marking                 8015 us
[7.585s][info][gc,stats    ] Pause Final Mark (G)                491 us
[7.585s][info][gc,stats    ] Pause Final Mark (N)                220 us
[7.585s][info][gc,stats    ]   Finish Mark                        46 us
[7.585s][info][gc,stats    ]   Update Region States               49 us
[7.585s][info][gc,stats    ]   Choose Collection Set              58 us
[7.585s][info][gc,stats    ]   Rebuild Free Set                    8 us
[7.585s][info][gc,stats    ] Concurrent Thread Roots             381 us, parallelism: 0.75x
[7.585s][info][gc,stats    ]   CTR: <total>                      287 us
[7.585s][info][gc,stats    ]   CTR: Thread Roots                 287 us, workers (us): 287, ---, ---, 
[7.585s][info][gc,stats    ] Concurrent Weak References          192 us, parallelism: 0.55x
[7.585s][info][gc,stats    ]   CWRF: <total>                     105 us
[7.585s][info][gc,stats    ]   CWRF: Weak References             105 us, workers (us): 105, ---, ---, 
[7.585s][info][gc,stats    ] Concurrent Weak Roots              1357 us
[7.585s][info][gc,stats    ]   Roots                            1115 us, parallelism: 0.97x
[7.585s][info][gc,stats    ]     CWR: <total>                   1080 us
[7.585s][info][gc,stats    ]     CWR: Code Cache Roots           962 us, workers (us): 962, ---, ---, 
[7.585s][info][gc,stats    ]     CWR: VM Weak Roots              106 us, workers (us): 106, ---, ---, 
[7.585s][info][gc,stats    ]     CWR: CLDG Roots                  13 us, workers (us):  13, ---, ---, 
[7.585s][info][gc,stats    ]   Rendezvous                        174 us
[7.585s][info][gc,stats    ] Concurrent Cleanup                  102 us
[7.585s][info][gc,stats    ] Concurrent Class Unloading         4870 us
[7.585s][info][gc,stats    ]   Unlink Stale                     4382 us
[7.585s][info][gc,stats    ]     System Dictionary                11 us
[7.585s][info][gc,stats    ]     Weak Class Links                  1 us
[7.585s][info][gc,stats    ]     Code Roots                     4369 us
[7.585s][info][gc,stats    ]   Rendezvous                        203 us
[7.585s][info][gc,stats    ]   Purge Unlinked                    222 us
[7.585s][info][gc,stats    ]     Code Roots                      217 us
[7.585s][info][gc,stats    ]     CLDG                              4 us
[7.585s][info][gc,stats    ]     Exception Caches                  0 us
[7.585s][info][gc,stats    ] Concurrent Strong Roots             143 us, parallelism: 0.54x
[7.585s][info][gc,stats    ]   CSR: <total>                       77 us
[7.585s][info][gc,stats    ]   CSR: VM Strong Roots                4 us, workers (us):   4, ---, ---, 
[7.585s][info][gc,stats    ]   CSR: CLDG Roots                    73 us, workers (us):  73, ---, ---, 
[7.585s][info][gc,stats    ] Concurrent Evacuation              1870 us
[7.585s][info][gc,stats    ] Pause Init Update Refs (G)         2804 us
[7.585s][info][gc,stats    ] Pause Init Update Refs (N)           64 us
[7.585s][info][gc,stats    ]   Manage GCLABs                       6 us
[7.585s][info][gc,stats    ] Concurrent Update Refs            10096 us
[7.585s][info][gc,stats    ] Concurrent Update Thread Roots      742 us
[7.585s][info][gc,stats    ] Pause Final Update Refs (G)        2012 us
[7.585s][info][gc,stats    ] Pause Final Update Refs (N)         129 us
[7.585s][info][gc,stats    ]   Update Region States               46 us
[7.585s][info][gc,stats    ]   Trash Collection Set                6 us
[7.585s][info][gc,stats    ]   Rebuild Free Set                   14 us
[7.585s][info][gc,stats    ] Concurrent Cleanup                   73 us
[7.585s][info][gc,stats    ] Pacing                           106832 us
[7.585s][info][gc,stats    ] 
[7.585s][info][gc,stats    ] Allocation pacing accrued:
[7.585s][info][gc,stats    ]      18 of   434 ms (  4.1%): Query0
[7.585s][info][gc,stats    ]      19 of   434 ms (  4.3%): Query1
[7.585s][info][gc,stats    ]      18 of   434 ms (  4.2%): Query2
[7.585s][info][gc,stats    ]      17 of   434 ms (  4.0%): Query3
[7.585s][info][gc,stats    ]      17 of   434 ms (  3.9%): Query4
[7.585s][info][gc,stats    ]      18 of   434 ms (  4.2%): Query5
[7.585s][info][gc,stats    ]     107 of   434 ms ( 24.6%): <total>
[7.585s][info][gc,stats    ]       6 of   434 ms (  1.3%): <average total>
[7.585s][info][gc,stats    ]      18 of   434 ms (  4.1%): <average non-zero>
[7.585s][info][gc,stats    ] 
[7.585s][info][gc,metaspace] Metaspace: 8761K(9344K)->8761K(9344K) NonClass: 7896K(8192K)->7896K(8192K) Class: 864K(1152K)->864K(1152K)
[7.585s][info][gc,ergo     ] Pacer for Idle. Initial: 41943K, Alloc Tax Rate: 1.0x
[8.002s][info][gc          ] Trigger: Average GC time (98.45 ms) is above the time for average allocation rate (3347 MB/s) to deplete free headroom (316M) (margin of error = 1.81)
[8.002s][info][gc,ergo     ] Free headroom: 418M (free) - 102M (spike) - 0B (penalties) = 316M
[8.002s][info][gc,ergo     ] Free: 418M, Max: 1024K regular, 417M humongous, Frag: 0% external, 0% internal; Reserve: 103M, Max: 1024K
[8.002s][info][gc,start    ] GC(11) Concurrent reset
[8.002s][info][gc,task     ] GC(11) Using 1 of 3 workers for concurrent reset
[8.002s][info][gc,ergo     ] GC(11) Pacer for Reset. Non-Taxable: 2048M
[8.003s][info][gc          ] GC(11) Concurrent reset 0.728ms
[8.003s][info][gc,start    ] GC(11) Pause Init Mark (unload classes)
[8.003s][info][gc,task     ] GC(11) Using 3 of 3 workers for init marking
[8.004s][info][gc,ergo     ] GC(11) Pacer for Mark. Expected Live: 8433K, Free: 415M, Non-Taxable: 42546K, Alloc Tax Rate: 0.0x
[8.004s][info][gc          ] GC(11) Pause Init Mark (unload classes) 0.115ms
[8.004s][info][gc,start    ] GC(11) Concurrent marking roots
[8.004s][info][gc,task     ] GC(11) Using 1 of 3 workers for concurrent marking roots
[8.004s][info][gc          ] GC(11) Concurrent marking roots 0.449ms
[8.004s][info][gc,start    ] GC(11) Concurrent marking (unload classes)
[8.004s][info][gc,task     ] GC(11) Using 1 of 3 workers for concurrent marking
[8.010s][info][gc          ] GC(11) Concurrent marking (unload classes) 5.581ms
[8.010s][info][gc,start    ] GC(11) Pause Final Mark (unload classes)
[8.010s][info][gc,task     ] GC(11) Using 3 of 3 workers for final marking
[8.010s][info][gc,ergo     ] GC(11) Adaptive CSet Selection. Target Free: 290M, Actual Free: 1867M, Max CSet: 87381K, Min Garbage: 0B
[8.010s][info][gc,ergo     ] GC(11) Collectable Garbage: 1518M (99%), Immediate: 1374M (90%), CSet: 144M (9%)
[8.010s][info][gc,ergo     ] GC(11) Pacer for Evacuation. Used CSet: 145M, Free: 1764M, Non-Taxable: 176M, Alloc Tax Rate: 1.1x
[8.010s][info][gc          ] GC(11) Pause Final Mark (unload classes) 0.238ms
[8.010s][info][gc,start    ] GC(11) Concurrent thread roots
[8.010s][info][gc,task     ] GC(11) Using 1 of 3 workers for Concurrent thread roots
[8.011s][info][gc          ] GC(11) Concurrent thread roots 0.428ms
[8.011s][info][gc,start    ] GC(11) Concurrent weak references
[8.011s][info][gc,task     ] GC(11) Using 1 of 3 workers for concurrent weak references
[8.011s][info][gc,ref      ] GC(11) Encountered references: Soft: 308, Weak: 874, Final: 3, Phantom: 112
[8.011s][info][gc,ref      ] GC(11) Discovered  references: Soft: 0, Weak: 403, Final: 1, Phantom: 94
[8.011s][info][gc,ref      ] GC(11) Enqueued    references: Soft: 0, Weak: 261, Final: 0, Phantom: 0
[8.011s][info][gc          ] GC(11) Concurrent weak references 0.153ms
[8.011s][info][gc,start    ] GC(11) Concurrent weak roots
[8.011s][info][gc,task     ] GC(11) Using 1 of 3 workers for concurrent weak root
[8.012s][info][gc          ] GC(11) Concurrent weak roots 1.453ms
[8.012s][info][gc,start    ] GC(11) Concurrent cleanup
[8.012s][info][gc          ] GC(11) Concurrent cleanup 1559M->186M(2048M) 0.106ms
[8.012s][info][gc,ergo     ] GC(11) Free: 1756M, Max: 1024K regular, 382M humongous, Frag: 79% external, 0% internal; Reserve: 102M, Max: 1024K
[8.012s][info][gc,start    ] GC(11) Concurrent class unloading
[8.012s][info][gc,task     ] GC(11) Using 1 of 3 workers for concurrent class unloading
[8.017s][info][gc          ] GC(11) Concurrent class unloading 4.731ms
[8.017s][info][gc,start    ] GC(11) Concurrent strong roots
[8.017s][info][gc,task     ] GC(11) Using 1 of 3 workers for concurrent strong root
[8.017s][info][gc          ] GC(11) Concurrent strong roots 0.130ms
[8.017s][info][gc,start    ] GC(11) Concurrent evacuation
[8.017s][info][gc,task     ] GC(11) Using 1 of 3 workers for concurrent evacuation
[8.019s][info][gc          ] GC(11) Concurrent evacuation 1.672ms
[8.019s][info][gc,start    ] GC(11) Pause Init Update Refs
[8.019s][info][gc,ergo     ] GC(11) Pacer for Update Refs. Used: 199M, Free: 1743M, Non-Taxable: 174M, Alloc Tax Rate: 1.1x
[8.019s][info][gc          ] GC(11) Pause Init Update Refs 0.046ms
[8.024s][info][gc,start    ] GC(11) Concurrent update references
[8.024s][info][gc,task     ] GC(11) Using 1 of 3 workers for concurrent reference update
[8.032s][info][gc          ] GC(11) Concurrent update references 7.217ms
[8.032s][info][gc,start    ] GC(11) Concurrent update thread roots
[8.033s][info][gc          ] GC(11) Concurrent update thread roots 1.232ms
[8.033s][info][gc,start    ] GC(11) Pause Final Update Refs
[8.033s][info][gc,task     ] GC(11) Using 3 of 3 workers for final reference update
[8.033s][info][gc          ] GC(11) Pause Final Update Refs 0.113ms
[8.033s][info][gc,start    ] GC(11) Concurrent cleanup
[8.033s][info][gc          ] GC(11) Concurrent cleanup 240M->97M(2048M) 0.042ms
[8.033s][info][gc,ergo     ] Free: 1845M, Max: 1024K regular, 1457M humongous, Frag: 21% external, 0% internal; Reserve: 103M, Max: 1024K
[8.033s][info][gc,stats    ] 
[8.033s][info][gc,stats    ] All times are wall-clock times, except per-root-class counters, that are sum over
[8.033s][info][gc,stats    ] all workers. Dividing the <total> over the root stage time estimates parallelism.
[8.033s][info][gc,stats    ] 
[8.033s][info][gc,stats    ] Concurrent Reset                    788 us
[8.033s][info][gc,stats    ] Pause Init Mark (G)                 446 us
[8.033s][info][gc,stats    ] Pause Init Mark (N)                 124 us
[8.033s][info][gc,stats    ]   Update Region States               50 us
[8.033s][info][gc,stats    ] Concurrent Mark Roots               465 us, parallelism: 0.79x
[8.033s][info][gc,stats    ]   CMR: <total>                      367 us
[8.033s][info][gc,stats    ]   CMR: Thread Roots                 313 us, workers (us): 313, ---, ---, 
[8.033s][info][gc,stats    ]   CMR: VM Strong Roots                6 us, workers (us):   6, ---, ---, 
[8.033s][info][gc,stats    ]   CMR: CLDG Roots                    48 us, workers (us):  48, ---, ---, 
[8.033s][info][gc,stats    ] Concurrent Marking                 5627 us
[8.033s][info][gc,stats    ] Pause Final Mark (G)                359 us
[8.033s][info][gc,stats    ] Pause Final Mark (N)                247 us
[8.033s][info][gc,stats    ]   Finish Mark                        50 us
[8.033s][info][gc,stats    ]   Update Region States               64 us
[8.033s][info][gc,stats    ]   Choose Collection Set              59 us
[8.033s][info][gc,stats    ]   Rebuild Free Set                    8 us
[8.033s][info][gc,stats    ] Concurrent Thread Roots             446 us, parallelism: 0.86x
[8.033s][info][gc,stats    ]   CTR: <total>                      385 us
[8.033s][info][gc,stats    ]   CTR: Thread Roots                 385 us, workers (us): 385, ---, ---, 
[8.033s][info][gc,stats    ] Concurrent Weak References          161 us, parallelism: 0.54x
[8.033s][info][gc,stats    ]   CWRF: <total>                      86 us
[8.033s][info][gc,stats    ]   CWRF: Weak References              86 us, workers (us):  86, ---, ---, 
[8.033s][info][gc,stats    ] Concurrent Weak Roots              1493 us
[8.033s][info][gc,stats    ]   Roots                            1137 us, parallelism: 0.97x
[8.034s][info][gc,stats    ]     CWR: <total>                   1103 us
[8.034s][info][gc,stats    ]     CWR: Code Cache Roots           986 us, workers (us): 986, ---, ---, 
[8.034s][info][gc,stats    ]     CWR: VM Weak Roots              107 us, workers (us): 107, ---, ---, 
[8.034s][info][gc,stats    ]     CWR: CLDG Roots                  11 us, workers (us):  11, ---, ---, 
[8.034s][info][gc,stats    ]   Rendezvous                        297 us
[8.034s][info][gc,stats    ] Concurrent Cleanup                  115 us
[8.034s][info][gc,stats    ] Concurrent Class Unloading         4771 us
[8.034s][info][gc,stats    ]   Unlink Stale                     4102 us
[8.034s][info][gc,stats    ]     System Dictionary                15 us
[8.034s][info][gc,stats    ]     Weak Class Links                  0 us
[8.034s][info][gc,stats    ]     Code Roots                     4086 us
[8.034s][info][gc,stats    ]   Rendezvous                        324 us
[8.034s][info][gc,stats    ]   Purge Unlinked                    284 us
[8.034s][info][gc,stats    ]     Code Roots                      279 us
[8.034s][info][gc,stats    ]     CLDG                              4 us
[8.034s][info][gc,stats    ]     Exception Caches                  0 us
[8.034s][info][gc,stats    ] Concurrent Strong Roots             143 us, parallelism: 0.57x
[8.034s][info][gc,stats    ]   CSR: <total>                       81 us
[8.034s][info][gc,stats    ]   CSR: VM Strong Roots                4 us, workers (us):   4, ---, ---, 
[8.034s][info][gc,stats    ]   CSR: CLDG Roots                    77 us, workers (us):  77, ---, ---, 
[8.034s][info][gc,stats    ] Concurrent Evacuation              1729 us
[8.034s][info][gc,stats    ] Pause Init Update Refs (G)         5373 us
[8.034s][info][gc,stats    ] Pause Init Update Refs (N)           54 us
[8.034s][info][gc,stats    ]   Manage GCLABs                       3 us
[8.034s][info][gc,stats    ] Concurrent Update Refs             7272 us
[8.034s][info][gc,stats    ] Concurrent Update Thread Roots     1274 us
[8.034s][info][gc,stats    ] Pause Final Update Refs (G)         227 us
[8.034s][info][gc,stats    ] Pause Final Update Refs (N)         131 us
[8.034s][info][gc,stats    ]   Update Region States               45 us
[8.034s][info][gc,stats    ]   Trash Collection Set                9 us
[8.034s][info][gc,stats    ]   Rebuild Free Set                   17 us
[8.034s][info][gc,stats    ] Concurrent Cleanup                   52 us
[8.034s][info][gc,stats    ] 
[8.034s][info][gc,stats    ] Allocation pacing accrued:
[8.034s][info][gc,stats    ]       0 of   449 ms (  0.0%): <total>
[8.034s][info][gc,stats    ]       0 of   449 ms (  0.0%): <average total>
[8.034s][info][gc,stats    ] 
[8.034s][info][gc,metaspace] Metaspace: 8761K(9344K)->8761K(9344K) NonClass: 7896K(8192K)->7896K(8192K) Class: 864K(1152K)->864K(1152K)
[8.034s][info][gc,ergo     ] Pacer for Idle. Initial: 41943K, Alloc Tax Rate: 1.0x
[8.443s][info][gc          ] Trigger: Average GC time (78.30 ms) is above the time for average allocation rate (3615 MB/s) to deplete free headroom (281M) (margin of error = 1.80)
[8.443s][info][gc,ergo     ] Free headroom: 383M (free) - 102M (spike) - 0B (penalties) = 281M
[8.443s][info][gc,ergo     ] Free: 383M, Max: 1024K regular, 382M humongous, Frag: 0% external, 0% internal; Reserve: 103M, Max: 1024K
[8.443s][info][gc,start    ] GC(12) Concurrent reset
[8.443s][info][gc,task     ] GC(12) Using 1 of 3 workers for concurrent reset
[8.443s][info][gc,ergo     ] GC(12) Pacer for Reset. Non-Taxable: 2048M
[8.444s][info][gc          ] GC(12) Concurrent reset 0.820ms
[8.444s][info][gc,start    ] GC(12) Pause Init Mark (unload classes)
[8.444s][info][gc,task     ] GC(12) Using 3 of 3 workers for init marking
[8.444s][info][gc,ergo     ] GC(12) Pacer for Mark. Expected Live: 8431K, Free: 381M, Non-Taxable: 39090K, Alloc Tax Rate: 0.0x
[8.444s][info][gc          ] GC(12) Pause Init Mark (unload classes) 0.128ms
[8.444s][info][gc,start    ] GC(12) Concurrent marking roots
[8.445s][info][gc,task     ] GC(12) Using 1 of 3 workers for concurrent marking roots
[8.445s][info][gc          ] GC(12) Concurrent marking roots 0.486ms
[8.445s][info][gc,start    ] GC(12) Concurrent marking (unload classes)
[8.445s][info][gc,task     ] GC(12) Using 1 of 3 workers for concurrent marking
[8.475s][info][gc          ] GC(12) Concurrent marking (unload classes) 29.972ms
[8.475s][info][gc,start    ] GC(12) Pause Final Mark (unload classes)
[8.475s][info][gc,task     ] GC(12) Using 3 of 3 workers for final marking
[8.475s][info][gc,ergo     ] GC(12) Adaptive CSet Selection. Target Free: 290M, Actual Free: 1813M, Max CSet: 87381K, Min Garbage: 0B
[8.475s][info][gc,ergo     ] GC(12) Collectable Garbage: 1552M (99%), Immediate: 1404M (90%), CSet: 148M (9%)
[8.475s][info][gc,ergo     ] GC(12) Pacer for Evacuation. Used CSet: 149M, Free: 1711M, Non-Taxable: 171M, Alloc Tax Rate: 1.1x
[8.475s][info][gc          ] GC(12) Pause Final Mark (unload classes) 0.183ms
[8.475s][info][gc,start    ] GC(12) Concurrent thread roots
[8.475s][info][gc,task     ] GC(12) Using 1 of 3 workers for Concurrent thread roots
[8.476s][info][gc          ] GC(12) Concurrent thread roots 0.435ms
[8.476s][info][gc,start    ] GC(12) Concurrent weak references
[8.476s][info][gc,task     ] GC(12) Using 1 of 3 workers for concurrent weak references
[8.476s][info][gc,ref      ] GC(12) Encountered references: Soft: 308, Weak: 880, Final: 3, Phantom: 121
[8.476s][info][gc,ref      ] GC(12) Discovered  references: Soft: 0, Weak: 413, Final: 1, Phantom: 102
[8.476s][info][gc,ref      ] GC(12) Enqueued    references: Soft: 0, Weak: 274, Final: 0, Phantom: 0
[8.476s][info][gc          ] GC(12) Concurrent weak references 0.159ms
[8.476s][info][gc,start    ] GC(12) Concurrent weak roots
[8.476s][info][gc,task     ] GC(12) Using 1 of 3 workers for concurrent weak root
[8.477s][info][gc          ] GC(12) Concurrent weak roots 1.439ms
[8.478s][info][gc,start    ] GC(12) Concurrent cleanup
[8.478s][info][gc          ] GC(12) Concurrent cleanup 1641M->237M(2048M) 0.107ms
[8.478s][info][gc,ergo     ] GC(12) Free: 1705M, Max: 1024K regular, 300M humongous, Frag: 83% external, 0% internal; Reserve: 102M, Max: 1024K
[8.478s][info][gc,start    ] GC(12) Concurrent class unloading
[8.478s][info][gc,task     ] GC(12) Using 1 of 3 workers for concurrent class unloading
[8.507s][info][gc          ] GC(12) Concurrent class unloading 29.300ms
[8.507s][info][gc,start    ] GC(12) Concurrent strong roots
[8.507s][info][gc,task     ] GC(12) Using 1 of 3 workers for concurrent strong root
[8.507s][info][gc          ] GC(12) Concurrent strong roots 0.131ms
[8.507s][info][gc,start    ] GC(12) Concurrent evacuation
[8.507s][info][gc,task     ] GC(12) Using 1 of 3 workers for concurrent evacuation
[8.509s][info][gc          ] GC(12) Concurrent evacuation 1.496ms
[8.509s][info][gc,start    ] GC(12) Pause Init Update Refs
[8.509s][info][gc,ergo     ] GC(12) Pacer for Update Refs. Used: 322M, Free: 1621M, Non-Taxable: 162M, Alloc Tax Rate: 1.1x
[8.509s][info][gc          ] GC(12) Pause Init Update Refs 0.048ms
[8.510s][info][gc,start    ] GC(12) Concurrent update references
[8.510s][info][gc,task     ] GC(12) Using 1 of 3 workers for concurrent reference update
[8.530s][info][gc          ] GC(12) Concurrent update references 19.532ms
[8.530s][info][gc,start    ] GC(12) Concurrent update thread roots
[8.530s][info][gc          ] GC(12) Concurrent update thread roots 0.512ms
[8.531s][info][gc,start    ] GC(12) Pause Final Update Refs
[8.531s][info][gc,task     ] GC(12) Using 3 of 3 workers for final reference update
[8.531s][info][gc          ] GC(12) Pause Final Update Refs 0.110ms
[8.531s][info][gc,start    ] GC(12) Concurrent cleanup
[8.531s][info][gc          ] GC(12) Concurrent cleanup 376M->228M(2048M) 0.053ms
[8.531s][info][gc,ergo     ] Free: 1714M, Max: 1024K regular, 1401M humongous, Frag: 19% external, 0% internal; Reserve: 103M, Max: 1024K
[8.531s][info][gc,stats    ] 
[8.531s][info][gc,stats    ] All times are wall-clock times, except per-root-class counters, that are sum over
[8.531s][info][gc,stats    ] all workers. Dividing the <total> over the root stage time estimates parallelism.
[8.531s][info][gc,stats    ] 
[8.531s][info][gc,stats    ] Concurrent Reset                    884 us
[8.531s][info][gc,stats    ] Pause Init Mark (G)                 490 us
[8.531s][info][gc,stats    ] Pause Init Mark (N)                 138 us
[8.531s][info][gc,stats    ]   Update Region States               43 us
[8.531s][info][gc,stats    ] Concurrent Mark Roots               505 us, parallelism: 0.81x
[8.531s][info][gc,stats    ]   CMR: <total>                      406 us
[8.531s][info][gc,stats    ]   CMR: Thread Roots                 358 us, workers (us): 358, ---, ---, 
[8.531s][info][gc,stats    ]   CMR: VM Strong Roots                6 us, workers (us):   6, ---, ---, 
[8.531s][info][gc,stats    ]   CMR: CLDG Roots                    43 us, workers (us):  43, ---, ---, 
[8.531s][info][gc,stats    ] Concurrent Marking                30017 us
[8.531s][info][gc,stats    ] Pause Final Mark (G)                382 us
[8.531s][info][gc,stats    ] Pause Final Mark (N)                192 us
[8.531s][info][gc,stats    ]   Finish Mark                        31 us
[8.531s][info][gc,stats    ]   Update Region States               48 us
[8.531s][info][gc,stats    ]   Choose Collection Set              52 us
[8.531s][info][gc,stats    ]   Rebuild Free Set                    8 us
[8.532s][info][gc,stats    ] Concurrent Thread Roots             458 us, parallelism: 0.85x
[8.532s][info][gc,stats    ]   CTR: <total>                      389 us
[8.532s][info][gc,stats    ]   CTR: Thread Roots                 389 us, workers (us): 389, ---, ---, 
[8.532s][info][gc,stats    ] Concurrent Weak References          166 us, parallelism: 0.59x
[8.532s][info][gc,stats    ]   CWRF: <total>                      99 us
[8.532s][info][gc,stats    ]   CWRF: Weak References              99 us, workers (us):  99, ---, ---, 
[8.532s][info][gc,stats    ] Concurrent Weak Roots              1495 us
[8.532s][info][gc,stats    ]   Roots                            1109 us, parallelism: 0.97x
[8.532s][info][gc,stats    ]     CWR: <total>                   1077 us
[8.532s][info][gc,stats    ]     CWR: Code Cache Roots           967 us, workers (us): 967, ---, ---, 
[8.532s][info][gc,stats    ]     CWR: VM Weak Roots               99 us, workers (us):  99, ---, ---, 
[8.532s][info][gc,stats    ]     CWR: CLDG Roots                  11 us, workers (us):  11, ---, ---, 
[8.532s][info][gc,stats    ]   Rendezvous                        311 us
[8.532s][info][gc,stats    ] Concurrent Cleanup                  117 us
[8.532s][info][gc,stats    ] Concurrent Class Unloading        29340 us
[8.532s][info][gc,stats    ]   Unlink Stale                     4073 us
[8.532s][info][gc,stats    ]     System Dictionary                13 us
[8.532s][info][gc,stats    ]     Weak Class Links                  0 us
[8.532s][info][gc,stats    ]     Code Roots                     4058 us
[8.532s][info][gc,stats    ]   Rendezvous                      24919 us
[8.532s][info][gc,stats    ]   Purge Unlinked                    286 us
[8.532s][info][gc,stats    ]     Code Roots                      278 us
[8.532s][info][gc,stats    ]     CLDG                              8 us
[8.532s][info][gc,stats    ]     Exception Caches                  0 us
[8.532s][info][gc,stats    ] Concurrent Strong Roots             150 us, parallelism: 0.53x
[8.532s][info][gc,stats    ]   CSR: <total>                       80 us
[8.532s][info][gc,stats    ]   CSR: VM Strong Roots                4 us, workers (us):   4, ---, ---, 
[8.532s][info][gc,stats    ]   CSR: CLDG Roots                    75 us, workers (us):  75, ---, ---, 
[8.532s][info][gc,stats    ] Concurrent Evacuation              1532 us
[8.532s][info][gc,stats    ] Pause Init Update Refs (G)         1720 us
[8.532s][info][gc,stats    ] Pause Init Update Refs (N)           57 us
[8.532s][info][gc,stats    ]   Manage GCLABs                       4 us
[8.532s][info][gc,stats    ] Concurrent Update Refs            19579 us
[8.532s][info][gc,stats    ] Concurrent Update Thread Roots      540 us
[8.532s][info][gc,stats    ] Pause Final Update Refs (G)         680 us
[8.532s][info][gc,stats    ] Pause Final Update Refs (N)         129 us
[8.532s][info][gc,stats    ]   Update Region States               45 us
[8.532s][info][gc,stats    ]   Trash Collection Set                7 us
[8.532s][info][gc,stats    ]   Rebuild Free Set                   12 us
[8.532s][info][gc,stats    ] Concurrent Cleanup                   64 us
[8.532s][info][gc,stats    ] Pacing                            14122 us
[8.532s][info][gc,stats    ] 
[8.532s][info][gc,stats    ] Allocation pacing accrued:
[8.532s][info][gc,stats    ]       1 of   498 ms (  0.2%): Query0
[8.532s][info][gc,stats    ]       2 of   498 ms (  0.4%): Query1
[8.532s][info][gc,stats    ]       3 of   498 ms (  0.6%): Query2
[8.532s][info][gc,stats    ]       1 of   498 ms (  0.2%): Query3
[8.532s][info][gc,stats    ]       4 of   498 ms (  0.8%): Query4
[8.532s][info][gc,stats    ]       3 of   498 ms (  0.7%): Query5
[8.532s][info][gc,stats    ]      14 of   498 ms (  2.8%): <total>
[8.532s][info][gc,stats    ]       1 of   498 ms (  0.2%): <average total>
[8.532s][info][gc,stats    ]       2 of   498 ms (  0.5%): <average non-zero>
[8.532s][info][gc,stats    ] 
[8.532s][info][gc,metaspace] Metaspace: 8761K(9344K)->8761K(9344K) NonClass: 7896K(8192K)->7896K(8192K) Class: 864K(1152K)->864K(1152K)
[8.532s][info][gc,ergo     ] Pacer for Idle. Initial: 41943K, Alloc Tax Rate: 1.0x
[8.886s][info][gc          ] Trigger: Average GC time (115.71 ms) is above the time for average allocation rate (3565 MB/s) to deplete free headroom (365M) (margin of error = 1.81)
[8.886s][info][gc,ergo     ] Free headroom: 467M (free) - 102M (spike) - 0B (penalties) = 365M
[8.886s][info][gc,ergo     ] Free: 467M, Max: 1024K regular, 300M humongous, Frag: 36% external, 0% internal; Reserve: 103M, Max: 1024K
[8.886s][info][gc,start    ] GC(13) Concurrent reset
[8.886s][info][gc,task     ] GC(13) Using 1 of 3 workers for concurrent reset
[8.886s][info][gc,ergo     ] GC(13) Pacer for Reset. Non-Taxable: 2048M
[8.887s][info][gc          ] GC(13) Concurrent reset 0.879ms
[8.887s][info][gc,start    ] GC(13) Pause Init Mark (unload classes)
[8.887s][info][gc,task     ] GC(13) Using 3 of 3 workers for init marking
[8.887s][info][gc,ergo     ] GC(13) Pacer for Mark. Expected Live: 8455K, Free: 467M, Non-Taxable: 47896K, Alloc Tax Rate: 0.0x
[8.887s][info][gc          ] GC(13) Pause Init Mark (unload classes) 0.160ms
[8.888s][info][gc,start    ] GC(13) Concurrent marking roots
[8.888s][info][gc,task     ] GC(13) Using 1 of 3 workers for concurrent marking roots
[8.888s][info][gc          ] GC(13) Concurrent marking roots 0.439ms
[8.888s][info][gc,start    ] GC(13) Concurrent marking (unload classes)
[8.888s][info][gc,task     ] GC(13) Using 1 of 3 workers for concurrent marking
[8.907s][info][gc          ] GC(13) Concurrent marking (unload classes) 19.159ms
[8.907s][info][gc,start    ] GC(13) Pause Final Mark (unload classes)
[8.907s][info][gc,task     ] GC(13) Using 3 of 3 workers for final marking
[8.907s][info][gc,ergo     ] GC(13) Adaptive CSet Selection. Target Free: 290M, Actual Free: 1829M, Max CSet: 87381K, Min Garbage: 0B
[8.908s][info][gc,ergo     ] GC(13) Collectable Garbage: 1466M (99%), Immediate: 1328M (90%), CSet: 138M (9%)
[8.908s][info][gc,ergo     ] GC(13) Pacer for Evacuation. Used CSet: 139M, Free: 1727M, Non-Taxable: 172M, Alloc Tax Rate: 1.1x
[8.908s][info][gc          ] GC(13) Pause Final Mark (unload classes) 0.216ms
[8.908s][info][gc,start    ] GC(13) Concurrent thread roots
[8.908s][info][gc,task     ] GC(13) Using 1 of 3 workers for Concurrent thread roots
[8.908s][info][gc          ] GC(13) Concurrent thread roots 0.348ms
[8.908s][info][gc,start    ] GC(13) Concurrent weak references
[8.908s][info][gc,task     ] GC(13) Using 1 of 3 workers for concurrent weak references
[8.908s][info][gc,ref      ] GC(13) Encountered references: Soft: 308, Weak: 864, Final: 3, Phantom: 99
[8.908s][info][gc,ref      ] GC(13) Discovered  references: Soft: 0, Weak: 397, Final: 1, Phantom: 81
[8.908s][info][gc,ref      ] GC(13) Enqueued    references: Soft: 0, Weak: 258, Final: 0, Phantom: 0
[8.908s][info][gc          ] GC(13) Concurrent weak references 0.147ms
[8.908s][info][gc,start    ] GC(13) Concurrent weak roots
[8.908s][info][gc,task     ] GC(13) Using 1 of 3 workers for concurrent weak root
[8.910s][info][gc          ] GC(13) Concurrent weak roots 1.649ms
[8.910s][info][gc,start    ] GC(13) Concurrent cleanup
[8.910s][info][gc          ] GC(13) Concurrent cleanup 1553M->225M(2048M) 0.100ms
[8.910s][info][gc,ergo     ] GC(13) Free: 1717M, Max: 1024K regular, 300M humongous, Frag: 83% external, 0% internal; Reserve: 102M, Max: 1024K
[8.910s][info][gc,start    ] GC(13) Concurrent class unloading
[8.910s][info][gc,task     ] GC(13) Using 1 of 3 workers for concurrent class unloading
[8.917s][info][gc          ] GC(13) Concurrent class unloading 6.760ms
[8.917s][info][gc,start    ] GC(13) Concurrent strong roots
[8.917s][info][gc,task     ] GC(13) Using 1 of 3 workers for concurrent strong root
[8.917s][info][gc          ] GC(13) Concurrent strong roots 0.144ms
[8.917s][info][gc,start    ] GC(13) Concurrent evacuation
[8.917s][info][gc,task     ] GC(13) Using 1 of 3 workers for concurrent evacuation
[8.919s][info][gc          ] GC(13) Concurrent evacuation 1.748ms
[8.919s][info][gc,start    ] GC(13) Pause Init Update Refs
[8.919s][info][gc,ergo     ] GC(13) Pacer for Update Refs. Used: 250M, Free: 1693M, Non-Taxable: 169M, Alloc Tax Rate: 1.1x
[8.919s][info][gc          ] GC(13) Pause Init Update Refs 0.033ms
[8.919s][info][gc,start    ] GC(13) Concurrent update references
[8.919s][info][gc,task     ] GC(13) Using 1 of 3 workers for concurrent reference update
[8.938s][info][gc          ] GC(13) Concurrent update references 18.648ms
[8.938s][info][gc,start    ] GC(13) Concurrent update thread roots
[8.942s][info][gc          ] GC(13) Concurrent update thread roots 4.272ms
[8.942s][info][gc,start    ] GC(13) Pause Final Update Refs
[8.942s][info][gc,task     ] GC(13) Using 3 of 3 workers for final reference update
[8.942s][info][gc          ] GC(13) Pause Final Update Refs 0.104ms
[8.948s][info][gc,start    ] GC(13) Concurrent cleanup
[8.948s][info][gc          ] GC(13) Concurrent cleanup 305M->174M(2048M) 0.081ms
[8.948s][info][gc,ergo     ] Free: 1768M, Max: 1024K regular, 1299M humongous, Frag: 27% external, 0% internal; Reserve: 103M, Max: 1024K
[8.948s][info][gc,stats    ] 
[8.948s][info][gc,stats    ] All times are wall-clock times, except per-root-class counters, that are sum over
[8.948s][info][gc,stats    ] all workers. Dividing the <total> over the root stage time estimates parallelism.
[8.948s][info][gc,stats    ] 
[8.948s][info][gc,stats    ] Concurrent Reset                    951 us
[8.948s][info][gc,stats    ] Pause Init Mark (G)                 403 us
[8.948s][info][gc,stats    ] Pause Init Mark (N)                 170 us
[8.948s][info][gc,stats    ]   Update Region States               77 us
[8.948s][info][gc,stats    ] Concurrent Mark Roots               460 us, parallelism: 0.78x
[8.948s][info][gc,stats    ]   CMR: <total>                      360 us
[8.948s][info][gc,stats    ]   CMR: Thread Roots                 310 us, workers (us): 310, ---, ---, 
[8.948s][info][gc,stats    ]   CMR: VM Strong Roots                6 us, workers (us):   6, ---, ---, 
[8.948s][info][gc,stats    ]   CMR: CLDG Roots                    44 us, workers (us):  44, ---, ---, 
[8.948s][info][gc,stats    ] Concurrent Marking                19203 us
[8.948s][info][gc,stats    ] Pause Final Mark (G)                445 us
[8.948s][info][gc,stats    ] Pause Final Mark (N)                225 us
[8.948s][info][gc,stats    ]   Finish Mark                        44 us
[8.948s][info][gc,stats    ]   Update Region States               46 us
[8.948s][info][gc,stats    ]   Choose Collection Set              74 us
[8.948s][info][gc,stats    ]   Rebuild Free Set                    8 us
[8.948s][info][gc,stats    ] Concurrent Thread Roots             365 us, parallelism: 0.82x
[8.948s][info][gc,stats    ]   CTR: <total>                      300 us
[8.948s][info][gc,stats    ]   CTR: Thread Roots                 300 us, workers (us): 300, ---, ---, 
[8.948s][info][gc,stats    ] Concurrent Weak References          154 us, parallelism: 0.55x
[8.948s][info][gc,stats    ]   CWRF: <total>                      84 us
[8.948s][info][gc,stats    ]   CWRF: Weak References              84 us, workers (us):  84, ---, ---, 
[8.948s][info][gc,stats    ] Concurrent Weak Roots              1714 us
[8.948s][info][gc,stats    ]   Roots                            1150 us, parallelism: 0.96x
[8.948s][info][gc,stats    ]     CWR: <total>                   1108 us
[8.948s][info][gc,stats    ]     CWR: Code Cache Roots           982 us, workers (us): 982, ---, ---, 
[8.948s][info][gc,stats    ]     CWR: VM Weak Roots              113 us, workers (us): 113, ---, ---, 
[8.948s][info][gc,stats    ]     CWR: CLDG Roots                  14 us, workers (us):  14, ---, ---, 
[8.948s][info][gc,stats    ]   Rendezvous                        471 us
[8.948s][info][gc,stats    ] Concurrent Cleanup                  111 us
[8.948s][info][gc,stats    ] Concurrent Class Unloading         6806 us
[8.948s][info][gc,stats    ]   Unlink Stale                     4038 us
[8.948s][info][gc,stats    ]     System Dictionary                14 us
[8.948s][info][gc,stats    ]     Weak Class Links                  0 us
[8.948s][info][gc,stats    ]     Code Roots                     4022 us
[8.948s][info][gc,stats    ]   Rendezvous                       2452 us
[8.948s][info][gc,stats    ]   Purge Unlinked                    247 us
[8.948s][info][gc,stats    ]     Code Roots                      243 us
[8.948s][info][gc,stats    ]     CLDG                              4 us
[8.948s][info][gc,stats    ]     Exception Caches                  0 us
[8.948s][info][gc,stats    ] Concurrent Strong Roots             157 us, parallelism: 0.61x
[8.948s][info][gc,stats    ]   CSR: <total>                       95 us
[8.948s][info][gc,stats    ]   CSR: VM Strong Roots                4 us, workers (us):   4, ---, ---, 
[8.948s][info][gc,stats    ]   CSR: CLDG Roots                    91 us, workers (us):  91, ---, ---, 
[8.948s][info][gc,stats    ] Concurrent Evacuation              1817 us
[8.948s][info][gc,stats    ] Pause Init Update Refs (G)          180 us
[8.948s][info][gc,stats    ] Pause Init Update Refs (N)           42 us
[8.948s][info][gc,stats    ]   Manage GCLABs                       4 us
[8.948s][info][gc,stats    ] Concurrent Update Refs            18717 us
[8.948s][info][gc,stats    ] Concurrent Update Thread Roots     4326 us
[8.948s][info][gc,stats    ] Pause Final Update Refs (G)        5764 us
[8.948s][info][gc,stats    ] Pause Final Update Refs (N)         140 us
[8.948s][info][gc,stats    ]   Update Region States               36 us
[8.948s][info][gc,stats    ]   Trash Collection Set               11 us
[8.948s][info][gc,stats    ]   Rebuild Free Set                   15 us
[8.948s][info][gc,stats    ] Concurrent Cleanup                   94 us
[8.948s][info][gc,stats    ] 
[8.948s][info][gc,stats    ] Allocation pacing accrued:
[8.948s][info][gc,stats    ]       0 of   417 ms (  0.0%): <total>
[8.948s][info][gc,stats    ]       0 of   417 ms (  0.0%): <average total>
[8.948s][info][gc,stats    ] 
[8.948s][info][gc,metaspace] Metaspace: 8762K(9344K)->8762K(9344K) NonClass: 7898K(8192K)->7898K(8192K) Class: 864K(1152K)->864K(1152K)
[8.948s][info][gc,ergo     ] Pacer for Idle. Initial: 41943K, Alloc Tax Rate: 1.0x
[9.378s][info][gc          ] Trigger: Average GC time (99.49 ms) is above the time for average allocation rate (3255 MB/s) to deplete free headroom (281M) (margin of error = 1.81)
[9.378s][info][gc,ergo     ] Free headroom: 383M (free) - 102M (spike) - 0B (penalties) = 281M
[9.378s][info][gc,ergo     ] Free: 383M, Max: 1024K regular, 382M humongous, Frag: 0% external, 0% internal; Reserve: 103M, Max: 1024K
[9.378s][info][gc,start    ] GC(14) Concurrent reset
[9.379s][info][gc,task     ] GC(14) Using 1 of 3 workers for concurrent reset
[9.379s][info][gc,ergo     ] GC(14) Pacer for Reset. Non-Taxable: 2048M
[9.379s][info][gc          ] GC(14) Concurrent reset 0.887ms
[9.380s][info][gc,start    ] GC(14) Pause Init Mark (unload classes)
[9.380s][info][gc,task     ] GC(14) Using 3 of 3 workers for init marking
[9.380s][info][gc,ergo     ] GC(14) Pacer for Mark. Expected Live: 8442K, Free: 379M, Non-Taxable: 38890K, Alloc Tax Rate: 0.0x
[9.380s][info][gc          ] GC(14) Pause Init Mark (unload classes) 0.178ms
[9.380s][info][gc,start    ] GC(14) Concurrent marking roots
[9.380s][info][gc,task     ] GC(14) Using 1 of 3 workers for concurrent marking roots
[9.380s][info][gc          ] GC(14) Concurrent marking roots 0.468ms
[9.380s][info][gc,start    ] GC(14) Concurrent marking (unload classes)
[9.380s][info][gc,task     ] GC(14) Using 1 of 3 workers for concurrent marking
[9.410s][info][gc          ] GC(14) Concurrent marking (unload classes) 29.502ms
[9.410s][info][gc,start    ] GC(14) Pause Final Mark (unload classes)
[9.410s][info][gc,task     ] GC(14) Using 3 of 3 workers for final marking
[9.410s][info][gc,ergo     ] GC(14) Adaptive CSet Selection. Target Free: 290M, Actual Free: 1797M, Max CSet: 87381K, Min Garbage: 0B
[9.410s][info][gc,ergo     ] GC(14) Collectable Garbage: 1554M (99%), Immediate: 1403M (90%), CSet: 151M (9%)
[9.410s][info][gc,ergo     ] GC(14) Pacer for Evacuation. Used CSet: 151M, Free: 1695M, Non-Taxable: 169M, Alloc Tax Rate: 1.1x
[9.410s][info][gc          ] GC(14) Pause Final Mark (unload classes) 0.226ms
[9.410s][info][gc,start    ] GC(14) Concurrent thread roots
[9.410s][info][gc,task     ] GC(14) Using 1 of 3 workers for Concurrent thread roots
[9.414s][info][gc          ] GC(14) Concurrent thread roots 3.329ms
[9.414s][info][gc,start    ] GC(14) Concurrent weak references
[9.414s][info][gc,task     ] GC(14) Using 1 of 3 workers for concurrent weak references
[9.414s][info][gc,ref      ] GC(14) Encountered references: Soft: 308, Weak: 877, Final: 3, Phantom: 117
[9.414s][info][gc,ref      ] GC(14) Discovered  references: Soft: 0, Weak: 404, Final: 1, Phantom: 100
[9.414s][info][gc,ref      ] GC(14) Enqueued    references: Soft: 0, Weak: 256, Final: 0, Phantom: 0
[9.414s][info][gc          ] GC(14) Concurrent weak references 0.191ms
[9.414s][info][gc,start    ] GC(14) Concurrent weak roots
[9.414s][info][gc,task     ] GC(14) Using 1 of 3 workers for concurrent weak root
[9.416s][info][gc          ] GC(14) Concurrent weak roots 1.636ms
[9.416s][info][gc,start    ] GC(14) Concurrent cleanup
[9.416s][info][gc          ] GC(14) Concurrent cleanup 1665M->262M(2048M) 0.099ms
[9.416s][info][gc,ergo     ] GC(14) Free: 1680M, Max: 1024K regular, 276M humongous, Frag: 84% external, 0% internal; Reserve: 102M, Max: 1024K
[9.416s][info][gc,start    ] GC(14) Concurrent class unloading
[9.416s][info][gc,task     ] GC(14) Using 1 of 3 workers for concurrent class unloading
[9.426s][info][gc          ] GC(14) Concurrent class unloading 10.482ms
[9.426s][info][gc,start    ] GC(14) Concurrent strong roots
[9.426s][info][gc,task     ] GC(14) Using 1 of 3 workers for concurrent strong root
[9.426s][info][gc          ] GC(14) Concurrent strong roots 0.121ms
[9.426s][info][gc,start    ] GC(14) Concurrent evacuation
[9.426s][info][gc,task     ] GC(14) Using 1 of 3 workers for concurrent evacuation
[9.428s][info][gc          ] GC(14) Concurrent evacuation 1.506ms
[9.428s][info][gc,start    ] GC(14) Pause Init Update Refs
[9.428s][info][gc,ergo     ] GC(14) Pacer for Update Refs. Used: 293M, Free: 1651M, Non-Taxable: 165M, Alloc Tax Rate: 1.1x
[9.428s][info][gc          ] GC(14) Pause Init Update Refs 0.046ms
[9.430s][info][gc,start    ] GC(14) Concurrent update references
[9.430s][info][gc,task     ] GC(14) Using 1 of 3 workers for concurrent reference update
[9.453s][info][gc          ] GC(14) Concurrent update references 22.724ms
[9.453s][info][gc,start    ] GC(14) Concurrent update thread roots
[9.453s][info][gc          ] GC(14) Concurrent update thread roots 0.472ms
[9.453s][info][gc,start    ] GC(14) Pause Final Update Refs
[9.453s][info][gc,task     ] GC(14) Using 3 of 3 workers for final reference update
[9.453s][info][gc          ] GC(14) Pause Final Update Refs 0.101ms
[9.454s][info][gc,start    ] GC(14) Concurrent cleanup
[9.454s][info][gc          ] GC(14) Concurrent cleanup 361M->209M(2048M) 0.043ms
[9.454s][info][gc,ergo     ] Free: 1733M, Max: 1024K regular, 1448M humongous, Frag: 17% external, 0% internal; Reserve: 103M, Max: 1024K
[9.454s][info][gc,stats    ] 
[9.454s][info][gc,stats    ] All times are wall-clock times, except per-root-class counters, that are sum over
[9.454s][info][gc,stats    ] all workers. Dividing the <total> over the root stage time estimates parallelism.
[9.454s][info][gc,stats    ] 
[9.454s][info][gc,stats    ] Concurrent Reset                    941 us
[9.454s][info][gc,stats    ] Pause Init Mark (G)                 500 us
[9.454s][info][gc,stats    ] Pause Init Mark (N)                 188 us
[9.454s][info][gc,stats    ]   Update Region States               76 us
[9.454s][info][gc,stats    ] Concurrent Mark Roots               491 us, parallelism: 0.78x
[9.454s][info][gc,stats    ]   CMR: <total>                      385 us
[9.454s][info][gc,stats    ]   CMR: Thread Roots                 331 us, workers (us): 331, ---, ---, 
[9.454s][info][gc,stats    ]   CMR: VM Strong Roots                6 us, workers (us):   6, ---, ---, 
[9.454s][info][gc,stats    ]   CMR: CLDG Roots                    47 us, workers (us):  47, ---, ---, 
[9.454s][info][gc,stats    ] Concurrent Marking                29554 us
[9.454s][info][gc,stats    ] Pause Final Mark (G)                368 us
[9.454s][info][gc,stats    ] Pause Final Mark (N)                234 us
[9.454s][info][gc,stats    ]   Finish Mark                        49 us
[9.454s][info][gc,stats    ]   Update Region States               50 us
[9.454s][info][gc,stats    ]   Choose Collection Set              63 us
[9.454s][info][gc,stats    ]   Rebuild Free Set                    8 us
[9.454s][info][gc,stats    ] Concurrent Thread Roots            3368 us, parallelism: 0.97x
[9.454s][info][gc,stats    ]   CTR: <total>                     3258 us
[9.454s][info][gc,stats    ]   CTR: Thread Roots                3258 us, workers (us): 3258, ---, ---, 
[9.454s][info][gc,stats    ] Concurrent Weak References          198 us, parallelism: 0.55x
[9.454s][info][gc,stats    ]   CWRF: <total>                     110 us
[9.454s][info][gc,stats    ]   CWRF: Weak References             110 us, workers (us): 110, ---, ---, 
[9.454s][info][gc,stats    ] Concurrent Weak Roots              1691 us
[9.454s][info][gc,stats    ]   Roots                            1333 us, parallelism: 0.96x
[9.454s][info][gc,stats    ]     CWR: <total>                   1285 us
[9.454s][info][gc,stats    ]     CWR: Code Cache Roots          1134 us, workers (us): 1134, ---, ---, 
[9.454s][info][gc,stats    ]     CWR: VM Weak Roots              139 us, workers (us): 139, ---, ---, 
[9.454s][info][gc,stats    ]     CWR: CLDG Roots                  12 us, workers (us):  12, ---, ---, 
[9.454s][info][gc,stats    ]   Rendezvous                        285 us
[9.454s][info][gc,stats    ] Concurrent Cleanup                  108 us
[9.454s][info][gc,stats    ] Concurrent Class Unloading        10524 us
[9.454s][info][gc,stats    ]   Unlink Stale                     4290 us
[9.454s][info][gc,stats    ]     System Dictionary                13 us
[9.454s][info][gc,stats    ]     Weak Class Links                  0 us
[9.454s][info][gc,stats    ]     Code Roots                     4275 us
[9.454s][info][gc,stats    ]   Rendezvous                       5885 us
[9.454s][info][gc,stats    ]   Purge Unlinked                    286 us
[9.454s][info][gc,stats    ]     Code Roots                      279 us
[9.454s][info][gc,stats    ]     CLDG                              7 us
[9.454s][info][gc,stats    ]     Exception Caches                  0 us
[9.454s][info][gc,stats    ] Concurrent Strong Roots             132 us, parallelism: 0.58x
[9.454s][info][gc,stats    ]   CSR: <total>                       76 us
[9.454s][info][gc,stats    ]   CSR: VM Strong Roots                4 us, workers (us):   4, ---, ---, 
[9.454s][info][gc,stats    ]   CSR: CLDG Roots                    72 us, workers (us):  72, ---, ---, 
[9.454s][info][gc,stats    ] Concurrent Evacuation              1548 us
[9.454s][info][gc,stats    ] Pause Init Update Refs (G)         2081 us
[9.454s][info][gc,stats    ] Pause Init Update Refs (N)           61 us
[9.454s][info][gc,stats    ]   Manage GCLABs                       3 us
[9.454s][info][gc,stats    ] Concurrent Update Refs            22768 us
[9.454s][info][gc,stats    ] Concurrent Update Thread Roots      500 us
[9.454s][info][gc,stats    ] Pause Final Update Refs (G)         496 us
[9.454s][info][gc,stats    ] Pause Final Update Refs (N)         131 us
[9.454s][info][gc,stats    ]   Update Region States               44 us
[9.454s][info][gc,stats    ]   Trash Collection Set                9 us
[9.454s][info][gc,stats    ]   Rebuild Free Set                   16 us
[9.454s][info][gc,stats    ] Concurrent Cleanup                   63 us
[9.454s][info][gc,stats    ] 
[9.454s][info][gc,stats    ] Allocation pacing accrued:
[9.454s][info][gc,stats    ]       0 of   506 ms (  0.0%): <total>
[9.454s][info][gc,stats    ]       0 of   506 ms (  0.0%): <average total>
[9.454s][info][gc,stats    ] 
[9.454s][info][gc,metaspace] Metaspace: 8762K(9344K)->8762K(9344K) NonClass: 7898K(8192K)->7898K(8192K) Class: 864K(1152K)->864K(1152K)
[9.454s][info][gc,ergo     ] Pacer for Idle. Initial: 41943K, Alloc Tax Rate: 1.0x
[9.837s][info][gc          ] Trigger: Average GC time (97.57 ms) is above the time for average allocation rate (3489 MB/s) to deplete free headroom (282M) (margin of error = 1.82)
[9.837s][info][gc,ergo     ] Free headroom: 384M (free) - 102M (spike) - 0B (penalties) = 282M
[9.837s][info][gc,ergo     ] Free: 384M, Max: 1024K regular, 275M humongous, Frag: 29% external, 0% internal; Reserve: 103M, Max: 1024K
[9.837s][info][gc,start    ] GC(15) Concurrent reset
[9.837s][info][gc,task     ] GC(15) Using 1 of 3 workers for concurrent reset
[9.837s][info][gc,ergo     ] GC(15) Pacer for Reset. Non-Taxable: 2048M
[9.838s][info][gc          ] GC(15) Concurrent reset 0.981ms
[9.838s][info][gc,start    ] GC(15) Pause Init Mark (unload classes)
[9.838s][info][gc,task     ] GC(15) Using 3 of 3 workers for init marking
[9.839s][info][gc,ergo     ] GC(15) Pacer for Mark. Expected Live: 8465K, Free: 383M, Non-Taxable: 39295K, Alloc Tax Rate: 0.0x
[9.839s][info][gc          ] GC(15) Pause Init Mark (unload classes) 0.119ms
[9.839s][info][gc,start    ] GC(15) Concurrent marking roots
[9.839s][info][gc,task     ] GC(15) Using 1 of 3 workers for concurrent marking roots
[9.839s][info][gc          ] GC(15) Concurrent marking roots 0.489ms
[9.839s][info][gc,start    ] GC(15) Concurrent marking (unload classes)
[9.839s][info][gc,task     ] GC(15) Using 1 of 3 workers for concurrent marking
[9.846s][info][gc          ] GC(15) Concurrent marking (unload classes) 7.160ms
[9.846s][info][gc,start    ] GC(15) Pause Final Mark (unload classes)
[9.846s][info][gc,task     ] GC(15) Using 3 of 3 workers for final marking
[9.847s][info][gc,ergo     ] GC(15) Adaptive CSet Selection. Target Free: 290M, Actual Free: 1865M, Max CSet: 87381K, Min Garbage: 0B
[9.847s][info][gc,ergo     ] GC(15) Collectable Garbage: 1550M (99%), Immediate: 1401M (90%), CSet: 149M (9%)
[9.847s][info][gc,ergo     ] GC(15) Pacer for Evacuation. Used CSet: 150M, Free: 1763M, Non-Taxable: 176M, Alloc Tax Rate: 1.1x
[9.847s][info][gc          ] GC(15) Pause Final Mark (unload classes) 0.215ms
[9.847s][info][gc,start    ] GC(15) Concurrent thread roots
[9.847s][info][gc,task     ] GC(15) Using 1 of 3 workers for Concurrent thread roots
[9.847s][info][gc          ] GC(15) Concurrent thread roots 0.378ms
[9.847s][info][gc,start    ] GC(15) Concurrent weak references
[9.847s][info][gc,task     ] GC(15) Using 1 of 3 workers for concurrent weak references
[9.847s][info][gc,ref      ] GC(15) Encountered references: Soft: 308, Weak: 886, Final: 3, Phantom: 114
[9.847s][info][gc,ref      ] GC(15) Discovered  references: Soft: 0, Weak: 423, Final: 1, Phantom: 97
[9.847s][info][gc,ref      ] GC(15) Enqueued    references: Soft: 0, Weak: 282, Final: 0, Phantom: 0
[9.847s][info][gc          ] GC(15) Concurrent weak references 0.175ms
[9.847s][info][gc,start    ] GC(15) Concurrent weak roots
[9.847s][info][gc,task     ] GC(15) Using 1 of 3 workers for concurrent weak root
[9.850s][info][gc          ] GC(15) Concurrent weak roots 2.523ms
[9.850s][info][gc,start    ] GC(15) Concurrent cleanup
[9.850s][info][gc          ] GC(15) Concurrent cleanup 1591M->190M(2048M) 0.097ms
[9.850s][info][gc,ergo     ] GC(15) Free: 1752M, Max: 1024K regular, 277M humongous, Frag: 85% external, 0% internal; Reserve: 102M, Max: 1024K
[9.850s][info][gc,start    ] GC(15) Concurrent class unloading
[9.850s][info][gc,task     ] GC(15) Using 1 of 3 workers for concurrent class unloading
[9.869s][info][gc          ] GC(15) Concurrent class unloading 18.879ms
[9.869s][info][gc,start    ] GC(15) Concurrent strong roots
[9.869s][info][gc,task     ] GC(15) Using 1 of 3 workers for concurrent strong root
[9.869s][info][gc          ] GC(15) Concurrent strong roots 0.112ms
[9.869s][info][gc,start    ] GC(15) Concurrent evacuation
[9.869s][info][gc,task     ] GC(15) Using 1 of 3 workers for concurrent evacuation
[9.871s][info][gc          ] GC(15) Concurrent evacuation 1.480ms
[9.871s][info][gc,start    ] GC(15) Pause Init Update Refs
[9.871s][info][gc,ergo     ] GC(15) Pacer for Update Refs. Used: 255M, Free: 1688M, Non-Taxable: 168M, Alloc Tax Rate: 1.1x
[9.871s][info][gc          ] GC(15) Pause Init Update Refs 0.045ms
[9.871s][info][gc,start    ] GC(15) Concurrent update references
[9.871s][info][gc,task     ] GC(15) Using 1 of 3 workers for concurrent reference update
[9.878s][info][gc          ] GC(15) Concurrent update references 6.753ms
[9.878s][info][gc,start    ] GC(15) Concurrent update thread roots
[9.878s][info][gc          ] GC(15) Concurrent update thread roots 0.467ms
[9.878s][info][gc,start    ] GC(15) Pause Final Update Refs
[9.878s][info][gc,task     ] GC(15) Using 3 of 3 workers for final reference update
[9.878s][info][gc          ] GC(15) Pause Final Update Refs 0.108ms
[9.879s][info][gc,start    ] GC(15) Concurrent cleanup
[9.879s][info][gc          ] GC(15) Concurrent cleanup 275M->125M(2048M) 0.049ms
[9.879s][info][gc,ergo     ] Free: 1816M, Max: 1024K regular, 1355M humongous, Frag: 26% external, 0% internal; Reserve: 103M, Max: 1024K
[9.879s][info][gc,stats    ] 
[9.879s][info][gc,stats    ] All times are wall-clock times, except per-root-class counters, that are sum over
[9.879s][info][gc,stats    ] all workers. Dividing the <total> over the root stage time estimates parallelism.
[9.879s][info][gc,stats    ] 
[9.879s][info][gc,stats    ] Concurrent Reset                   1072 us
[9.879s][info][gc,stats    ] Pause Init Mark (G)                 344 us
[9.879s][info][gc,stats    ] Pause Init Mark (N)                 128 us
[9.879s][info][gc,stats    ]   Update Region States               44 us
[9.879s][info][gc,stats    ] Concurrent Mark Roots               512 us, parallelism: 0.81x
[9.879s][info][gc,stats    ]   CMR: <total>                      415 us
[9.879s][info][gc,stats    ]   CMR: Thread Roots                 364 us, workers (us): 364, ---, ---, 
[9.879s][info][gc,stats    ]   CMR: VM Strong Roots                6 us, workers (us):   6, ---, ---, 
[9.879s][info][gc,stats    ]   CMR: CLDG Roots                    46 us, workers (us):  46, ---, ---, 
[9.879s][info][gc,stats    ] Concurrent Marking                 7203 us
[9.879s][info][gc,stats    ] Pause Final Mark (G)                481 us
[9.879s][info][gc,stats    ] Pause Final Mark (N)                223 us
[9.879s][info][gc,stats    ]   Finish Mark                        52 us
[9.879s][info][gc,stats    ]   Update Region States               36 us
[9.879s][info][gc,stats    ]   Choose Collection Set              66 us
[9.879s][info][gc,stats    ]   Rebuild Free Set                    8 us
[9.879s][info][gc,stats    ] Concurrent Thread Roots             393 us, parallelism: 0.80x
[9.879s][info][gc,stats    ]   CTR: <total>                      314 us
[9.879s][info][gc,stats    ]   CTR: Thread Roots                 314 us, workers (us): 314, ---, ---, 
[9.879s][info][gc,stats    ] Concurrent Weak References          184 us, parallelism: 0.54x
[9.879s][info][gc,stats    ]   CWRF: <total>                     100 us
[9.879s][info][gc,stats    ]   CWRF: Weak References             100 us, workers (us): 100, ---, ---, 
[9.879s][info][gc,stats    ] Concurrent Weak Roots              2565 us
[9.879s][info][gc,stats    ]   Roots                            1211 us, parallelism: 0.98x
[9.879s][info][gc,stats    ]     CWR: <total>                   1183 us
[9.879s][info][gc,stats    ]     CWR: Code Cache Roots          1079 us, workers (us): 1079, ---, ---, 
[9.879s][info][gc,stats    ]     CWR: VM Weak Roots               93 us, workers (us):  93, ---, ---, 
[9.879s][info][gc,stats    ]     CWR: CLDG Roots                  12 us, workers (us):  12, ---, ---, 
[9.879s][info][gc,stats    ]   Rendezvous                       1290 us
[9.879s][info][gc,stats    ] Concurrent Cleanup                  108 us
[9.879s][info][gc,stats    ] Concurrent Class Unloading        18916 us
[9.879s][info][gc,stats    ]   Unlink Stale                     4374 us
[9.879s][info][gc,stats    ]     System Dictionary                15 us
[9.879s][info][gc,stats    ]     Weak Class Links                  0 us
[9.879s][info][gc,stats    ]     Code Roots                     4357 us
[9.879s][info][gc,stats    ]   Rendezvous                      14228 us
[9.879s][info][gc,stats    ]   Purge Unlinked                    256 us
[9.879s][info][gc,stats    ]     Code Roots                      250 us
[9.879s][info][gc,stats    ]     CLDG                              4 us
[9.879s][info][gc,stats    ]     Exception Caches                  0 us
[9.879s][info][gc,stats    ] Concurrent Strong Roots             125 us, parallelism: 0.56x
[9.879s][info][gc,stats    ]   CSR: <total>                       70 us
[9.879s][info][gc,stats    ]   CSR: VM Strong Roots                4 us, workers (us):   4, ---, ---, 
[9.879s][info][gc,stats    ]   CSR: CLDG Roots                    67 us, workers (us):  67, ---, ---, 
[9.879s][info][gc,stats    ] Concurrent Evacuation              1542 us
[9.879s][info][gc,stats    ] Pause Init Update Refs (G)          279 us
[9.879s][info][gc,stats    ] Pause Init Update Refs (N)           54 us
[9.879s][info][gc,stats    ]   Manage GCLABs                       3 us
[9.879s][info][gc,stats    ] Concurrent Update Refs             6816 us
[9.879s][info][gc,stats    ] Concurrent Update Thread Roots      493 us
[9.879s][info][gc,stats    ] Pause Final Update Refs (G)         416 us
[9.879s][info][gc,stats    ] Pause Final Update Refs (N)         128 us
[9.879s][info][gc,stats    ]   Update Region States               42 us
[9.879s][info][gc,stats    ]   Trash Collection Set                9 us
[9.879s][info][gc,stats    ]   Rebuild Free Set                   16 us
[9.879s][info][gc,stats    ] Concurrent Cleanup                   60 us
[9.879s][info][gc,stats    ] 
[9.879s][info][gc,stats    ] Allocation pacing accrued:
[9.879s][info][gc,stats    ]       0 of   425 ms (  0.0%): <total>
[9.879s][info][gc,stats    ]       0 of   425 ms (  0.0%): <average total>
[9.879s][info][gc,stats    ] 
[9.879s][info][gc,metaspace] Metaspace: 8762K(9344K)->8762K(9344K) NonClass: 7898K(8192K)->7898K(8192K) Class: 864K(1152K)->864K(1152K)
[9.879s][info][gc,ergo     ] Pacer for Idle. Initial: 41943K, Alloc Tax Rate: 1.0x
[10.342s][info][gc          ] Trigger: Average GC time (87.41 ms) is above the time for average allocation rate (3121 MB/s) to deplete free headroom (271M) (margin of error = 1.82)
[10.342s][info][gc,ergo     ] Free headroom: 374M (free) - 102M (spike) - 0B (penalties) = 271M
[10.342s][info][gc,ergo     ] Free: 374M, Max: 1024K regular, 372M humongous, Frag: 0% external, 0% internal; Reserve: 103M, Max: 1024K
[10.342s][info][gc,start    ] GC(16) Concurrent reset
[10.342s][info][gc,task     ] GC(16) Using 1 of 3 workers for concurrent reset
[10.342s][info][gc,ergo     ] GC(16) Pacer for Reset. Non-Taxable: 2048M
[10.343s][info][gc          ] GC(16) Concurrent reset 0.865ms
[10.343s][info][gc,start    ] GC(16) Pause Init Mark (unload classes)
[10.343s][info][gc,task     ] GC(16) Using 3 of 3 workers for init marking
[10.343s][info][gc,ergo     ] GC(16) Pacer for Mark. Expected Live: 8466K, Free: 372M, Non-Taxable: 38117K, Alloc Tax Rate: 0.0x
[10.343s][info][gc          ] GC(16) Pause Init Mark (unload classes) 0.119ms
[10.345s][info][gc,start    ] GC(16) Concurrent marking roots
[10.345s][info][gc,task     ] GC(16) Using 1 of 3 workers for concurrent marking roots
[10.345s][info][gc          ] GC(16) Concurrent marking roots 0.453ms
[10.345s][info][gc,start    ] GC(16) Concurrent marking (unload classes)
[10.345s][info][gc,task     ] GC(16) Using 1 of 3 workers for concurrent marking
[10.357s][info][gc          ] GC(16) Concurrent marking (unload classes) 11.635ms
[10.357s][info][gc,start    ] GC(16) Pause Final Mark (unload classes)
[10.357s][info][gc,task     ] GC(16) Using 3 of 3 workers for final marking
[10.357s][info][gc,ergo     ] GC(16) Adaptive CSet Selection. Target Free: 290M, Actual Free: 1852M, Max CSet: 87381K, Min Garbage: 0B
[10.357s][info][gc,ergo     ] GC(16) Collectable Garbage: 1561M (99%), Immediate: 1411M (90%), CSet: 150M (9%)
[10.357s][info][gc,ergo     ] GC(16) Pacer for Evacuation. Used CSet: 151M, Free: 1750M, Non-Taxable: 175M, Alloc Tax Rate: 1.1x
[10.357s][info][gc          ] GC(16) Pause Final Mark (unload classes) 0.217ms
[10.359s][info][gc,start    ] GC(16) Concurrent thread roots
[10.359s][info][gc,task     ] GC(16) Using 1 of 3 workers for Concurrent thread roots
[10.359s][info][gc          ] GC(16) Concurrent thread roots 0.416ms
[10.359s][info][gc,start    ] GC(16) Concurrent weak references
[10.359s][info][gc,task     ] GC(16) Using 1 of 3 workers for concurrent weak references
[10.359s][info][gc,ref      ] GC(16) Encountered references: Soft: 308, Weak: 881, Final: 3, Phantom: 103
[10.359s][info][gc,ref      ] GC(16) Discovered  references: Soft: 0, Weak: 413, Final: 1, Phantom: 80
[10.359s][info][gc,ref      ] GC(16) Enqueued    references: Soft: 0, Weak: 272, Final: 0, Phantom: 0
[10.359s][info][gc          ] GC(16) Concurrent weak references 0.155ms
[10.359s][info][gc,start    ] GC(16) Concurrent weak roots
[10.359s][info][gc,task     ] GC(16) Using 1 of 3 workers for concurrent weak root
[10.361s][info][gc          ] GC(16) Concurrent weak roots 1.637ms
[10.361s][info][gc,start    ] GC(16) Concurrent cleanup
[10.361s][info][gc          ] GC(16) Concurrent cleanup 1611M->201M(2048M) 0.101ms
[10.361s][info][gc,ergo     ] GC(16) Free: 1741M, Max: 1024K regular, 330M humongous, Frag: 82% external, 0% internal; Reserve: 102M, Max: 1024K
[10.361s][info][gc,start    ] GC(16) Concurrent class unloading
[10.361s][info][gc,task     ] GC(16) Using 1 of 3 workers for concurrent class unloading
[10.374s][info][gc          ] GC(16) Concurrent class unloading 12.792ms
[10.374s][info][gc,start    ] GC(16) Concurrent strong roots
[10.374s][info][gc,task     ] GC(16) Using 1 of 3 workers for concurrent strong root
[10.374s][info][gc          ] GC(16) Concurrent strong roots 0.111ms
[10.374s][info][gc,start    ] GC(16) Concurrent evacuation
[10.374s][info][gc,task     ] GC(16) Using 1 of 3 workers for concurrent evacuation
[10.375s][info][gc          ] GC(16) Concurrent evacuation 1.323ms
[10.376s][info][gc,start    ] GC(16) Pause Init Update Refs
[10.376s][info][gc,ergo     ] GC(16) Pacer for Update Refs. Used: 232M, Free: 1711M, Non-Taxable: 171M, Alloc Tax Rate: 1.1x
[10.376s][info][gc          ] GC(16) Pause Init Update Refs 0.055ms
[10.384s][info][gc,start    ] GC(16) Concurrent update references
[10.384s][info][gc,task     ] GC(16) Using 1 of 3 workers for concurrent reference update
[10.393s][info][gc          ] GC(16) Concurrent update references 9.413ms
[10.393s][info][gc,start    ] GC(16) Concurrent update thread roots
[10.394s][info][gc          ] GC(16) Concurrent update thread roots 0.542ms
[10.394s][info][gc,start    ] GC(16) Pause Final Update Refs
[10.394s][info][gc,task     ] GC(16) Using 3 of 3 workers for final reference update
[10.394s][info][gc          ] GC(16) Pause Final Update Refs 0.112ms
[10.394s][info][gc,start    ] GC(16) Concurrent cleanup
[10.394s][info][gc          ] GC(16) Concurrent cleanup 278M->126M(2048M) 0.057ms
[10.394s][info][gc,ergo     ] Free: 1816M, Max: 1024K regular, 1476M humongous, Frag: 19% external, 0% internal; Reserve: 103M, Max: 1024K
[10.394s][info][gc,stats    ] 
[10.394s][info][gc,stats    ] All times are wall-clock times, except per-root-class counters, that are sum over
[10.394s][info][gc,stats    ] all workers. Dividing the <total> over the root stage time estimates parallelism.
[10.394s][info][gc,stats    ] 
[10.394s][info][gc,stats    ] Concurrent Reset                    930 us
[10.394s][info][gc,stats    ] Pause Init Mark (G)                2036 us
[10.394s][info][gc,stats    ] Pause Init Mark (N)                 128 us
[10.394s][info][gc,stats    ]   Update Region States               46 us
[10.394s][info][gc,stats    ] Concurrent Mark Roots               470 us, parallelism: 0.74x
[10.394s][info][gc,stats    ]   CMR: <total>                      349 us
[10.394s][info][gc,stats    ]   CMR: Thread Roots                 305 us, workers (us): 305, ---, ---, 
[10.394s][info][gc,stats    ]   CMR: VM Strong Roots                6 us, workers (us):   6, ---, ---, 
[10.394s][info][gc,stats    ]   CMR: CLDG Roots                    38 us, workers (us):  38, ---, ---, 
[10.394s][info][gc,stats    ] Concurrent Marking                11682 us
[10.394s][info][gc,stats    ] Pause Final Mark (G)               1566 us
[10.394s][info][gc,stats    ] Pause Final Mark (N)                226 us
[10.394s][info][gc,stats    ]   Finish Mark                        53 us
[10.394s][info][gc,stats    ]   Update Region States               43 us
[10.394s][info][gc,stats    ]   Choose Collection Set              53 us
[10.394s][info][gc,stats    ]   Rebuild Free Set                    8 us
[10.394s][info][gc,stats    ] Concurrent Thread Roots             463 us, parallelism: 0.71x
[10.395s][info][gc,stats    ]   CTR: <total>                      329 us
[10.395s][info][gc,stats    ]   CTR: Thread Roots                 329 us, workers (us): 329, ---, ---, 
[10.395s][info][gc,stats    ] Concurrent Weak References          163 us, parallelism: 0.53x
[10.395s][info][gc,stats    ]   CWRF: <total>                      86 us
[10.395s][info][gc,stats    ]   CWRF: Weak References              86 us, workers (us):  86, ---, ---, 
[10.395s][info][gc,stats    ] Concurrent Weak Roots              1683 us
[10.395s][info][gc,stats    ]   Roots                            1200 us, parallelism: 0.97x
[10.395s][info][gc,stats    ]     CWR: <total>                   1160 us
[10.395s][info][gc,stats    ]     CWR: Code Cache Roots          1044 us, workers (us): 1044, ---, ---, 
[10.395s][info][gc,stats    ]     CWR: VM Weak Roots              102 us, workers (us): 102, ---, ---, 
[10.395s][info][gc,stats    ]     CWR: CLDG Roots                  14 us, workers (us):  14, ---, ---, 
[10.395s][info][gc,stats    ]   Rendezvous                        416 us
[10.395s][info][gc,stats    ] Concurrent Cleanup                  111 us
[10.395s][info][gc,stats    ] Concurrent Class Unloading        12841 us
[10.395s][info][gc,stats    ]   Unlink Stale                     4195 us
[10.395s][info][gc,stats    ]     System Dictionary                17 us
[10.395s][info][gc,stats    ]     Weak Class Links                  0 us
[10.395s][info][gc,stats    ]     Code Roots                     4176 us
[10.395s][info][gc,stats    ]   Rendezvous                       8266 us
[10.395s][info][gc,stats    ]   Purge Unlinked                    309 us
[10.395s][info][gc,stats    ]     Code Roots                      299 us
[10.395s][info][gc,stats    ]     CLDG                              9 us
[10.395s][info][gc,stats    ]     Exception Caches                  0 us
[10.395s][info][gc,stats    ] Concurrent Strong Roots             121 us, parallelism: 0.59x
[10.395s][info][gc,stats    ]   CSR: <total>                       71 us
[10.395s][info][gc,stats    ]   CSR: VM Strong Roots                3 us, workers (us):   3, ---, ---, 
[10.395s][info][gc,stats    ]   CSR: CLDG Roots                    68 us, workers (us):  68, ---, ---, 
[10.395s][info][gc,stats    ] Concurrent Evacuation              1375 us
[10.395s][info][gc,stats    ] Pause Init Update Refs (G)         8058 us
[10.395s][info][gc,stats    ] Pause Init Update Refs (N)           64 us
[10.395s][info][gc,stats    ]   Manage GCLABs                       3 us
[10.395s][info][gc,stats    ] Concurrent Update Refs             9471 us
[10.395s][info][gc,stats    ] Concurrent Update Thread Roots      575 us
[10.395s][info][gc,stats    ] Pause Final Update Refs (G)         619 us
[10.395s][info][gc,stats    ] Pause Final Update Refs (N)         132 us
[10.395s][info][gc,stats    ]   Update Region States               49 us
[10.395s][info][gc,stats    ]   Trash Collection Set                6 us
[10.395s][info][gc,stats    ]   Rebuild Free Set                   13 us
[10.395s][info][gc,stats    ] Concurrent Cleanup                   68 us
[10.395s][info][gc,stats    ] 
[10.395s][info][gc,stats    ] Allocation pacing accrued:
[10.395s][info][gc,stats    ]       0 of   515 ms (  0.0%): <total>
[10.395s][info][gc,stats    ]       0 of   515 ms (  0.0%): <average total>
[10.395s][info][gc,stats    ] 
[10.395s][info][gc,metaspace] Metaspace: 8762K(9344K)->8762K(9344K) NonClass: 7898K(8192K)->7898K(8192K) Class: 864K(1152K)->864K(1152K)
[10.395s][info][gc,ergo     ] Pacer for Idle. Initial: 41943K, Alloc Tax Rate: 1.0x
[10.870s][info][gc          ] Trigger: Average GC time (76.58 ms) is above the time for average allocation rate (3084 MB/s) to deplete free headroom (181M) (margin of error = 1.81)
[10.870s][info][gc,ergo     ] Free headroom: 284M (free) - 102M (spike) - 0B (penalties) = 181M
[10.870s][info][gc,ergo     ] Free: 283M, Max: 1024K regular, 281M humongous, Frag: 0% external, 0% internal; Reserve: 103M, Max: 1024K
[10.870s][info][gc,start    ] GC(17) Concurrent reset
[10.870s][info][gc,task     ] GC(17) Using 1 of 3 workers for concurrent reset
[10.870s][info][gc,ergo     ] GC(17) Pacer for Reset. Non-Taxable: 2048M
[10.871s][info][gc          ] GC(17) Concurrent reset 0.908ms
[10.871s][info][gc,start    ] GC(17) Pause Init Mark (unload classes)
[10.871s][info][gc,task     ] GC(17) Using 3 of 3 workers for init marking
[10.871s][info][gc,ergo     ] GC(17) Pacer for Mark. Expected Live: 8467K, Free: 282M, Non-Taxable: 28901K, Alloc Tax Rate: 0.0x
[10.871s][info][gc          ] GC(17) Pause Init Mark (unload classes) 0.164ms
[10.878s][info][gc,start    ] GC(17) Concurrent marking roots
[10.878s][info][gc,task     ] GC(17) Using 1 of 3 workers for concurrent marking roots
[10.879s][info][gc          ] GC(17) Concurrent marking roots 0.423ms
[10.879s][info][gc,start    ] GC(17) Concurrent marking (unload classes)
[10.879s][info][gc,task     ] GC(17) Using 1 of 3 workers for concurrent marking
[10.917s][info][gc          ] GC(17) Concurrent marking (unload classes) 38.722ms
[10.918s][info][gc,start    ] GC(17) Pause Final Mark (unload classes)
[10.918s][info][gc,task     ] GC(17) Using 3 of 3 workers for final marking
[10.918s][info][gc,ergo     ] GC(17) Adaptive CSet Selection. Target Free: 290M, Actual Free: 1764M, Max CSet: 87381K, Min Garbage: 0B
[10.918s][info][gc,ergo     ] GC(17) Collectable Garbage: 1651M (99%), Immediate: 1494M (90%), CSet: 157M (9%)
[10.918s][info][gc,ergo     ] GC(17) Pacer for Evacuation. Used CSet: 158M, Free: 1662M, Non-Taxable: 166M, Alloc Tax Rate: 1.1x
[10.918s][info][gc          ] GC(17) Pause Final Mark (unload classes) 0.271ms
[10.920s][info][gc,start    ] GC(17) Concurrent thread roots
[10.920s][info][gc,task     ] GC(17) Using 1 of 3 workers for Concurrent thread roots
[10.921s][info][gc          ] GC(17) Concurrent thread roots 0.365ms
[10.921s][info][gc,start    ] GC(17) Concurrent weak references
[10.921s][info][gc,task     ] GC(17) Using 1 of 3 workers for concurrent weak references
[10.921s][info][gc,ref      ] GC(17) Encountered references: Soft: 308, Weak: 902, Final: 3, Phantom: 116
[10.921s][info][gc,ref      ] GC(17) Discovered  references: Soft: 0, Weak: 421, Final: 1, Phantom: 98
[10.921s][info][gc,ref      ] GC(17) Enqueued    references: Soft: 0, Weak: 288, Final: 0, Phantom: 0
[10.921s][info][gc          ] GC(17) Concurrent weak references 0.196ms
[10.921s][info][gc,start    ] GC(17) Concurrent weak roots
[10.921s][info][gc,task     ] GC(17) Using 1 of 3 workers for concurrent weak root
[10.922s][info][gc          ] GC(17) Concurrent weak roots 1.479ms
[10.922s][info][gc,start    ] GC(17) Concurrent cleanup
[10.922s][info][gc          ] GC(17) Concurrent cleanup 1787M->294M(2048M) 0.112ms
[10.922s][info][gc,ergo     ] GC(17) Free: 1648M, Max: 1024K regular, 154M humongous, Frag: 91% external, 0% internal; Reserve: 102M, Max: 1024K
[10.922s][info][gc,start    ] GC(17) Concurrent class unloading
[10.922s][info][gc,task     ] GC(17) Using 1 of 3 workers for concurrent class unloading
[10.928s][info][gc          ] GC(17) Concurrent class unloading 5.474ms
[10.928s][info][gc,start    ] GC(17) Concurrent strong roots
[10.928s][info][gc,task     ] GC(17) Using 1 of 3 workers for concurrent strong root
[10.928s][info][gc          ] GC(17) Concurrent strong roots 0.125ms
[10.928s][info][gc,start    ] GC(17) Concurrent evacuation
[10.928s][info][gc,task     ] GC(17) Using 1 of 3 workers for concurrent evacuation
[10.930s][info][gc          ] GC(17) Concurrent evacuation 1.814ms
[10.930s][info][gc,start    ] GC(17) Pause Init Update Refs
[10.930s][info][gc,ergo     ] GC(17) Pacer for Update Refs. Used: 310M, Free: 1633M, Non-Taxable: 163M, Alloc Tax Rate: 1.1x
[10.930s][info][gc          ] GC(17) Pause Init Update Refs 0.056ms
[10.931s][info][gc,start    ] GC(17) Concurrent update references
[10.931s][info][gc,task     ] GC(17) Using 1 of 3 workers for concurrent reference update
[10.960s][info][gc          ] GC(17) Concurrent update references 28.676ms
[10.960s][info][gc,start    ] GC(17) Concurrent update thread roots
[10.965s][info][gc          ] GC(17) Concurrent update thread roots 5.219ms
[10.965s][info][gc,start    ] GC(17) Pause Final Update Refs
[10.965s][info][gc,task     ] GC(17) Using 3 of 3 workers for final reference update
[10.965s][info][gc          ] GC(17) Pause Final Update Refs 0.111ms
[10.966s][info][gc,start    ] GC(17) Concurrent cleanup
[10.966s][info][gc          ] GC(17) Concurrent cleanup 395M->237M(2048M) 0.110ms
[10.966s][info][gc,ergo     ] Free: 1705M, Max: 1024K regular, 1542M humongous, Frag: 10% external, 0% internal; Reserve: 103M, Max: 1024K
[10.966s][info][gc,stats    ] 
[10.966s][info][gc,stats    ] All times are wall-clock times, except per-root-class counters, that are sum over
[10.966s][info][gc,stats    ] all workers. Dividing the <total> over the root stage time estimates parallelism.
[10.966s][info][gc,stats    ] 
[10.966s][info][gc,stats    ] Concurrent Reset                    988 us
[10.966s][info][gc,stats    ] Pause Init Mark (G)                7305 us
[10.966s][info][gc,stats    ] Pause Init Mark (N)                 174 us
[10.966s][info][gc,stats    ]   Update Region States               65 us
[10.966s][info][gc,stats    ] Concurrent Mark Roots               444 us, parallelism: 0.71x
[10.966s][info][gc,stats    ]   CMR: <total>                      316 us
[10.966s][info][gc,stats    ]   CMR: Thread Roots                 267 us, workers (us): 267, ---, ---, 
[10.966s][info][gc,stats    ]   CMR: VM Strong Roots                6 us, workers (us):   6, ---, ---, 
[10.966s][info][gc,stats    ]   CMR: CLDG Roots                    42 us, workers (us):  42, ---, ---, 
[10.966s][info][gc,stats    ] Concurrent Marking                38777 us
[10.966s][info][gc,stats    ] Pause Final Mark (G)               2645 us
[10.966s][info][gc,stats    ] Pause Final Mark (N)                280 us
[10.966s][info][gc,stats    ]   Finish Mark                        62 us
[10.966s][info][gc,stats    ]   Update Region States               66 us
[10.966s][info][gc,stats    ]   Choose Collection Set              74 us
[10.966s][info][gc,stats    ]   Rebuild Free Set                    8 us
[10.966s][info][gc,stats    ] Concurrent Thread Roots             384 us, parallelism: 0.76x
[10.966s][info][gc,stats    ]   CTR: <total>                      292 us
[10.966s][info][gc,stats    ]   CTR: Thread Roots                 292 us, workers (us): 292, ---, ---, 
[10.966s][info][gc,stats    ] Concurrent Weak References          205 us, parallelism: 0.60x
[10.966s][info][gc,stats    ]   CWRF: <total>                     123 us
[10.966s][info][gc,stats    ]   CWRF: Weak References             123 us, workers (us): 123, ---, ---, 
[10.966s][info][gc,stats    ] Concurrent Weak Roots              1523 us
[10.966s][info][gc,stats    ]   Roots                            1341 us, parallelism: 0.97x
[10.966s][info][gc,stats    ]     CWR: <total>                   1302 us
[10.966s][info][gc,stats    ]     CWR: Code Cache Roots          1177 us, workers (us): 1177, ---, ---, 
[10.966s][info][gc,stats    ]     CWR: VM Weak Roots              110 us, workers (us): 110, ---, ---, 
[10.966s][info][gc,stats    ]     CWR: CLDG Roots                  15 us, workers (us):  15, ---, ---, 
[10.966s][info][gc,stats    ]   Rendezvous                        119 us
[10.966s][info][gc,stats    ] Concurrent Cleanup                  123 us
[10.966s][info][gc,stats    ] Concurrent Class Unloading         5511 us
[10.966s][info][gc,stats    ]   Unlink Stale                     4344 us
[10.966s][info][gc,stats    ]     System Dictionary                18 us
[10.966s][info][gc,stats    ]     Weak Class Links                  0 us
[10.966s][info][gc,stats    ]     Code Roots                     4324 us
[10.966s][info][gc,stats    ]   Rendezvous                        865 us
[10.966s][info][gc,stats    ]   Purge Unlinked                    245 us
[10.966s][info][gc,stats    ]     Code Roots                      238 us
[10.966s][info][gc,stats    ]     CLDG                              7 us
[10.966s][info][gc,stats    ]     Exception Caches                  0 us
[10.966s][info][gc,stats    ] Concurrent Strong Roots             139 us, parallelism: 0.56x
[10.966s][info][gc,stats    ]   CSR: <total>                       77 us
[10.966s][info][gc,stats    ]   CSR: VM Strong Roots                6 us, workers (us):   6, ---, ---, 
[10.966s][info][gc,stats    ]   CSR: CLDG Roots                    71 us, workers (us):  71, ---, ---, 
[10.966s][info][gc,stats    ] Concurrent Evacuation              1872 us
[10.966s][info][gc,stats    ] Pause Init Update Refs (G)          947 us
[10.966s][info][gc,stats    ] Pause Init Update Refs (N)           65 us
[10.966s][info][gc,stats    ]   Manage GCLABs                       5 us
[10.966s][info][gc,stats    ] Concurrent Update Refs            28735 us
[10.966s][info][gc,stats    ] Concurrent Update Thread Roots     5263 us
[10.966s][info][gc,stats    ] Pause Final Update Refs (G)         801 us
[10.966s][info][gc,stats    ] Pause Final Update Refs (N)         130 us
[10.966s][info][gc,stats    ]   Update Region States               51 us
[10.966s][info][gc,stats    ]   Trash Collection Set                4 us
[10.966s][info][gc,stats    ]   Rebuild Free Set                    9 us
[10.966s][info][gc,stats    ] Concurrent Cleanup                  123 us
[10.966s][info][gc,stats    ] 
[10.966s][info][gc,stats    ] Allocation pacing accrued:
[10.966s][info][gc,stats    ]       0 of   572 ms (  0.0%): <total>
[10.966s][info][gc,stats    ]       0 of   572 ms (  0.0%): <average total>
[10.966s][info][gc,stats    ] 
[10.966s][info][gc,metaspace] Metaspace: 8762K(9344K)->8762K(9344K) NonClass: 7898K(8192K)->7898K(8192K) Class: 864K(1152K)->864K(1152K)
[10.966s][info][gc,ergo     ] Pacer for Idle. Initial: 41943K, Alloc Tax Rate: 1.0x
[11.305s][info][gc          ] Trigger: Average GC time (116.43 ms) is above the time for average allocation rate (3522 MB/s) to deplete free headroom (401M) (margin of error = 1.82)
[11.305s][info][gc,ergo     ] Free headroom: 504M (free) - 102M (spike) - 0B (penalties) = 401M
[11.305s][info][gc,ergo     ] Free: 504M, Max: 1024K regular, 348M humongous, Frag: 31% external, 0% internal; Reserve: 103M, Max: 1024K
[11.305s][info][gc,start    ] GC(18) Concurrent reset
[11.305s][info][gc,task     ] GC(18) Using 1 of 3 workers for concurrent reset
[11.305s][info][gc,ergo     ] GC(18) Pacer for Reset. Non-Taxable: 2048M
[11.306s][info][gc          ] GC(18) Concurrent reset 0.971ms
[11.306s][info][gc,start    ] GC(18) Pause Init Mark (unload classes)
[11.306s][info][gc,task     ] GC(18) Using 3 of 3 workers for init marking
[11.306s][info][gc,ergo     ] GC(18) Pacer for Mark. Expected Live: 8482K, Free: 503M, Non-Taxable: 51532K, Alloc Tax Rate: 0.0x
[11.306s][info][gc          ] GC(18) Pause Init Mark (unload classes) 0.096ms
[11.306s][info][gc,start    ] GC(18) Concurrent marking roots
[11.306s][info][gc,task     ] GC(18) Using 1 of 3 workers for concurrent marking roots
[11.307s][info][gc          ] GC(18) Concurrent marking roots 0.509ms
[11.307s][info][gc,start    ] GC(18) Concurrent marking (unload classes)
[11.307s][info][gc,task     ] GC(18) Using 1 of 3 workers for concurrent marking
[11.312s][info][gc          ] GC(18) Concurrent marking (unload classes) 4.981ms
[11.312s][info][gc,start    ] GC(18) Pause Final Mark (unload classes)
[11.312s][info][gc,task     ] GC(18) Using 3 of 3 workers for final marking
[11.312s][info][gc,ergo     ] GC(18) Collectable Garbage: 1317M (91%), Immediate: 1317M (91%), CSet: 0B (0%)
[11.312s][info][gc          ] GC(18) Pause Final Mark (unload classes) 0.170ms
[11.312s][info][gc,start    ] GC(18) Concurrent weak references
[11.312s][info][gc,task     ] GC(18) Using 1 of 3 workers for concurrent weak references
[11.312s][info][gc,ref      ] GC(18) Encountered references: Soft: 308, Weak: 801, Final: 3, Phantom: 90
[11.312s][info][gc,ref      ] GC(18) Discovered  references: Soft: 0, Weak: 348, Final: 1, Phantom: 65
[11.312s][info][gc,ref      ] GC(18) Enqueued    references: Soft: 0, Weak: 203, Final: 0, Phantom: 0
[11.312s][info][gc          ] GC(18) Concurrent weak references 0.143ms
[11.312s][info][gc,start    ] GC(18) Concurrent weak roots
[11.312s][info][gc,task     ] GC(18) Using 1 of 3 workers for concurrent weak root
[11.314s][info][gc          ] GC(18) Concurrent weak roots 1.443ms
[11.314s][info][gc,start    ] GC(18) Concurrent cleanup
[11.314s][info][gc          ] GC(18) Concurrent cleanup 1459M->142M(2048M) 0.098ms
[11.314s][info][gc,ergo     ] GC(18) Free: 1800M, Max: 1024K regular, 332M humongous, Frag: 82% external, 0% internal; Reserve: 103M, Max: 1024K
[11.314s][info][gc,start    ] GC(18) Concurrent class unloading
[11.314s][info][gc,task     ] GC(18) Using 1 of 3 workers for concurrent class unloading
[11.318s][info][gc          ] GC(18) Concurrent class unloading 4.585ms
[11.318s][info][gc,start    ] GC(18) Pause Final Roots
[11.318s][info][gc          ] GC(18) Pause Final Roots 0.034ms
[11.319s][info][gc,ergo     ] Free: 1786M, Max: 1024K regular, 332M humongous, Frag: 82% external, 0% internal; Reserve: 103M, Max: 1024K
[11.319s][info][gc,stats    ] 
[11.319s][info][gc,stats    ] All times are wall-clock times, except per-root-class counters, that are sum over
[11.319s][info][gc,stats    ] all workers. Dividing the <total> over the root stage time estimates parallelism.
[11.319s][info][gc,stats    ] 
[11.319s][info][gc,stats    ] Concurrent Reset                   1031 us
[11.319s][info][gc,stats    ] Pause Init Mark (G)                 237 us
[11.319s][info][gc,stats    ] Pause Init Mark (N)                 105 us
[11.319s][info][gc,stats    ]   Update Region States               39 us
[11.319s][info][gc,stats    ] Concurrent Mark Roots               529 us, parallelism: 0.75x
[11.319s][info][gc,stats    ]   CMR: <total>                      399 us
[11.319s][info][gc,stats    ]   CMR: Thread Roots                 343 us, workers (us): 343, ---, ---, 
[11.319s][info][gc,stats    ]   CMR: VM Strong Roots                8 us, workers (us):   8, ---, ---, 
[11.319s][info][gc,stats    ]   CMR: CLDG Roots                    48 us, workers (us):  48, ---, ---, 
[11.319s][info][gc,stats    ] Concurrent Marking                 5023 us
[11.319s][info][gc,stats    ] Pause Final Mark (G)                237 us
[11.319s][info][gc,stats    ] Pause Final Mark (N)                179 us
[11.319s][info][gc,stats    ]   Finish Mark                        44 us
[11.319s][info][gc,stats    ]   Update Region States               32 us
[11.319s][info][gc,stats    ]   Choose Collection Set              39 us
[11.319s][info][gc,stats    ]   Rebuild Free Set                    8 us
[11.319s][info][gc,stats    ] Concurrent Weak References          151 us, parallelism: 0.36x
[11.319s][info][gc,stats    ]   CWRF: <total>                      54 us
[11.319s][info][gc,stats    ]   CWRF: Weak References              54 us, workers (us):  54, ---, ---, 
[11.319s][info][gc,stats    ] Concurrent Weak Roots              1489 us
[11.319s][info][gc,stats    ]   Roots                            1143 us, parallelism: 0.96x
[11.319s][info][gc,stats    ]     CWR: <total>                   1094 us
[11.319s][info][gc,stats    ]     CWR: Code Cache Roots          1008 us, workers (us): 1008, ---, ---, 
[11.319s][info][gc,stats    ]     CWR: VM Weak Roots               75 us, workers (us):  75, ---, ---, 
[11.319s][info][gc,stats    ]     CWR: CLDG Roots                  11 us, workers (us):  11, ---, ---, 
[11.319s][info][gc,stats    ]   Rendezvous                        283 us
[11.319s][info][gc,stats    ] Concurrent Cleanup                  108 us
[11.319s][info][gc,stats    ] Concurrent Class Unloading         4639 us
[11.319s][info][gc,stats    ]   Unlink Stale                     4260 us
[11.319s][info][gc,stats    ]     System Dictionary                17 us
[11.319s][info][gc,stats    ]     Weak Class Links                  0 us
[11.319s][info][gc,stats    ]     Code Roots                     4241 us
[11.319s][info][gc,stats    ]   Rendezvous                         89 us
[11.319s][info][gc,stats    ]   Purge Unlinked                    216 us
[11.319s][info][gc,stats    ]     Code Roots                      210 us
[11.319s][info][gc,stats    ]     CLDG                              5 us
[11.319s][info][gc,stats    ]     Exception Caches                  0 us
[11.319s][info][gc,stats    ] Pause Final Roots (G)               140 us
[11.319s][info][gc,stats    ] Pause Final Roots (N)                44 us
[11.319s][info][gc,stats    ] Pacing                             6306 us
[11.319s][info][gc,stats    ] 
[11.319s][info][gc,stats    ] Allocation pacing accrued:
[11.319s][info][gc,stats    ]       0 of   353 ms (  0.1%): Query0
[11.319s][info][gc,stats    ]       1 of   353 ms (  0.3%): Query1
[11.319s][info][gc,stats    ]       2 of   353 ms (  0.4%): Query3
[11.319s][info][gc,stats    ]       1 of   353 ms (  0.3%): Query4
[11.319s][info][gc,stats    ]       2 of   353 ms (  0.6%): Query5
[11.319s][info][gc,stats    ]       6 of   353 ms (  1.8%): <total>
[11.319s][info][gc,stats    ]       0 of   353 ms (  0.1%): <average total>
[11.319s][info][gc,stats    ]       1 of   353 ms (  0.4%): <average non-zero>
[11.319s][info][gc,stats    ] 
[11.319s][info][gc,metaspace] Metaspace: 8762K(9344K)->8762K(9344K) NonClass: 7898K(8192K)->7898K(8192K) Class: 864K(1152K)->864K(1152K)
[11.319s][info][gc,ergo     ] Pacer for Idle. Initial: 41943K, Alloc Tax Rate: 1.0x
[11.925s][info][gc          ] Trigger: Explicit GC request (System.gc())
[11.925s][info][gc,ergo     ] Free: 1213M, Max: 1024K regular, 332M humongous, Frag: 73% external, 0% internal; Reserve: 103M, Max: 1024K
[11.925s][info][gc,start    ] GC(19) Concurrent reset
[11.925s][info][gc,task     ] GC(19) Using 1 of 3 workers for concurrent reset
[11.925s][info][gc,ergo     ] GC(19) Pacer for Reset. Non-Taxable: 2048M
[11.927s][info][gc          ] GC(19) Concurrent reset 1.458ms
[11.927s][info][gc,start    ] GC(19) Pause Init Mark (unload classes)
[11.927s][info][gc,task     ] GC(19) Using 3 of 3 workers for init marking
[11.927s][info][gc,ref      ] GC(19) Clearing All SoftReferences
[11.927s][info][gc,ergo     ] GC(19) Pacer for Mark. Expected Live: 8465K, Free: 1213M, Non-Taxable: 121M, Alloc Tax Rate: 0.0x
[11.927s][info][gc          ] GC(19) Pause Init Mark (unload classes) 0.132ms
[11.927s][info][gc,start    ] GC(19) Concurrent marking roots
[11.927s][info][gc,task     ] GC(19) Using 1 of 3 workers for concurrent marking roots
[11.928s][info][gc          ] GC(19) Concurrent marking roots 0.410ms
[11.928s][info][gc,start    ] GC(19) Concurrent marking (unload classes)
[11.928s][info][gc,task     ] GC(19) Using 1 of 3 workers for concurrent marking
[11.932s][info][gc          ] GC(19) Concurrent marking (unload classes) 4.044ms
[11.932s][info][gc,start    ] GC(19) Pause Final Mark (unload classes)
[11.932s][info][gc,task     ] GC(19) Using 3 of 3 workers for final marking
[11.932s][info][gc,ergo     ] GC(19) Collectable Garbage: 712M (99%), Immediate: 712M (99%), CSet: 0B (0%)
[11.932s][info][gc          ] GC(19) Pause Final Mark (unload classes) 0.209ms
[11.932s][info][gc,start    ] GC(19) Concurrent weak references
[11.932s][info][gc,task     ] GC(19) Using 1 of 3 workers for concurrent weak references
[11.932s][info][gc,ref      ] GC(19) Encountered references: Soft: 264, Weak: 567, Final: 3, Phantom: 26
[11.932s][info][gc,ref      ] GC(19) Discovered  references: Soft: 218, Weak: 161, Final: 1, Phantom: 24
[11.932s][info][gc,ref      ] GC(19) Enqueued    references: Soft: 127, Weak: 12, Final: 0, Phantom: 0
[11.932s][info][gc          ] GC(19) Concurrent weak references 0.136ms
[11.932s][info][gc,start    ] GC(19) Concurrent weak roots
[11.932s][info][gc,task     ] GC(19) Using 1 of 3 workers for concurrent weak root
[11.933s][info][gc          ] GC(19) Concurrent weak roots 1.075ms
[11.933s][info][gc,start    ] GC(19) Concurrent cleanup
[11.933s][info][gc          ] GC(19) Concurrent cleanup 726M->14M(2048M) 0.053ms
[11.933s][info][gc,ergo     ] GC(19) Free: 1928M, Max: 1024K regular, 667M humongous, Frag: 66% external, 0% internal; Reserve: 103M, Max: 1024K
[11.933s][info][gc,start    ] GC(19) Concurrent class unloading
[11.933s][info][gc,task     ] GC(19) Using 1 of 3 workers for concurrent class unloading
[11.940s][info][gc          ] GC(19) Concurrent class unloading 6.354ms
[11.940s][info][gc,start    ] GC(19) Pause Final Roots
[11.940s][info][gc          ] GC(19) Pause Final Roots 0.075ms
[11.940s][info][gc,ergo     ] Free: 1928M, Max: 1024K regular, 667M humongous, Frag: 66% external, 0% internal; Reserve: 103M, Max: 1024K
[11.940s][info][gc,stats    ] 
[11.940s][info][gc,stats    ] All times are wall-clock times, except per-root-class counters, that are sum over
[11.940s][info][gc,stats    ] all workers. Dividing the <total> over the root stage time estimates parallelism.
[11.940s][info][gc,stats    ] 
[11.940s][info][gc,stats    ] Concurrent Reset                   1551 us
[11.940s][info][gc,stats    ] Pause Init Mark (G)                 316 us
[11.940s][info][gc,stats    ] Pause Init Mark (N)                 140 us
[11.940s][info][gc,stats    ]   Update Region States               42 us
[11.940s][info][gc,stats    ] Concurrent Mark Roots               450 us, parallelism: 0.74x
[11.940s][info][gc,stats    ]   CMR: <total>                      332 us
[11.940s][info][gc,stats    ]   CMR: Thread Roots                 264 us, workers (us): 264, ---, ---, 
[11.940s][info][gc,stats    ]   CMR: VM Strong Roots                6 us, workers (us):   6, ---, ---, 
[11.940s][info][gc,stats    ]   CMR: CLDG Roots                    62 us, workers (us):  62, ---, ---, 
[11.940s][info][gc,stats    ] Concurrent Marking                 4097 us
[11.940s][info][gc,stats    ] Pause Final Mark (G)                263 us
[11.940s][info][gc,stats    ] Pause Final Mark (N)                219 us
[11.940s][info][gc,stats    ]   Finish Mark                        57 us
[11.940s][info][gc,stats    ]   Update Region States               47 us
[11.940s][info][gc,stats    ]   Choose Collection Set              45 us
[11.940s][info][gc,stats    ]   Rebuild Free Set                    9 us
[11.940s][info][gc,stats    ] Concurrent Weak References          144 us, parallelism: 0.16x
[11.940s][info][gc,stats    ]   CWRF: <total>                      23 us
[11.940s][info][gc,stats    ]   CWRF: Weak References              23 us, workers (us):  23, ---, ---, 
[11.940s][info][gc,stats    ] Concurrent Weak Roots              1093 us
[11.940s][info][gc,stats    ]   Roots                             996 us, parallelism: 0.95x
[11.940s][info][gc,stats    ]     CWR: <total>                    948 us
[11.940s][info][gc,stats    ]     CWR: Code Cache Roots           855 us, workers (us): 855, ---, ---, 
[11.940s][info][gc,stats    ]     CWR: VM Weak Roots               84 us, workers (us):  84, ---, ---, 
[11.940s][info][gc,stats    ]     CWR: CLDG Roots                   9 us, workers (us):   9, ---, ---, 
[11.940s][info][gc,stats    ]   Rendezvous                         63 us
[11.940s][info][gc,stats    ] Concurrent Cleanup                   61 us
[11.940s][info][gc,stats    ] Concurrent Class Unloading         6403 us
[11.940s][info][gc,stats    ]   Unlink Stale                     5875 us
[11.940s][info][gc,stats    ]     System Dictionary               217 us
[11.940s][info][gc,stats    ]     Weak Class Links               1625 us
[11.940s][info][gc,stats    ]     Code Roots                     4031 us
[11.940s][info][gc,stats    ]   Rendezvous                         87 us
[11.940s][info][gc,stats    ]   Purge Unlinked                    373 us
[11.940s][info][gc,stats    ]     Code Roots                      271 us
[11.940s][info][gc,stats    ]     CLDG                            101 us
[11.940s][info][gc,stats    ]     Exception Caches                  0 us
[11.940s][info][gc,stats    ] Pause Final Roots (G)               199 us
[11.940s][info][gc,stats    ] Pause Final Roots (N)                99 us
[11.940s][info][gc,stats    ] 
[11.940s][info][gc,stats    ] Allocation pacing accrued:
[11.940s][info][gc,stats    ]       0 of   622 ms (  0.0%): <total>
[11.940s][info][gc,stats    ]       0 of   622 ms (  0.0%): <average total>
[11.940s][info][gc,stats    ] 
[11.940s][info][gc,metaspace] Metaspace: 8867K(9472K)->8788K(9472K) NonClass: 7998K(8320K)->7939K(8320K) Class: 869K(1152K)->849K(1152K)
[11.940s][info][gc,ergo     ] Pacer for Idle. Initial: 41943K, Alloc Tax Rate: 1.0x
[12.259s][info][gc          ] Trigger: Learning 2 of 5. Free (1403M) is below initial threshold (1433M)
[12.259s][info][gc,ergo     ] Free: 1403M, Max: 1024K regular, 667M humongous, Frag: 53% external, 0% internal; Reserve: 103M, Max: 1024K
[12.259s][info][gc,start    ] GC(20) Concurrent reset
[12.259s][info][gc,task     ] GC(20) Using 1 of 3 workers for concurrent reset
[12.259s][info][gc,ergo     ] GC(20) Pacer for Reset. Non-Taxable: 2048M
[12.259s][info][gc          ] GC(20) Concurrent reset 0.182ms
[12.259s][info][gc,start    ] GC(20) Pause Init Mark (unload classes)
[12.260s][info][gc,task     ] GC(20) Using 3 of 3 workers for init marking
[12.260s][info][gc,ergo     ] GC(20) Pacer for Mark. Expected Live: 8329K, Free: 1403M, Non-Taxable: 140M, Alloc Tax Rate: 0.0x
[12.260s][info][gc          ] GC(20) Pause Init Mark (unload classes) 0.181ms
[12.260s][info][gc,start    ] GC(20) Concurrent marking roots
[12.260s][info][gc,task     ] GC(20) Using 1 of 3 workers for concurrent marking roots
[12.260s][info][gc          ] GC(20) Concurrent marking roots 0.531ms
[12.260s][info][gc,start    ] GC(20) Concurrent marking (unload classes)
[12.260s][info][gc,task     ] GC(20) Using 1 of 3 workers for concurrent marking
[12.264s][info][gc          ] GC(20) Concurrent marking (unload classes) 4.169ms
[12.264s][info][gc,start    ] GC(20) Pause Final Mark (unload classes)
[12.265s][info][gc,task     ] GC(20) Using 3 of 3 workers for final marking
[12.265s][info][gc,ergo     ] GC(20) Adaptive CSet Selection. Target Free: 290M, Actual Free: 1967M, Max CSet: 87381K, Min Garbage: 0B
[12.265s][info][gc,ergo     ] GC(20) Collectable Garbage: 528M (99%), Immediate: 463M (87%), CSet: 67379K (12%)
[12.265s][info][gc,ergo     ] GC(20) Pacer for Evacuation. Used CSet: 68602K, Free: 1867M, Non-Taxable: 186M, Alloc Tax Rate: 1.1x
[12.265s][info][gc          ] GC(20) Pause Final Mark (unload classes) 0.315ms
[12.265s][info][gc,start    ] GC(20) Concurrent thread roots
[12.265s][info][gc,task     ] GC(20) Using 1 of 3 workers for Concurrent thread roots
[12.266s][info][gc          ] GC(20) Concurrent thread roots 0.840ms
[12.266s][info][gc,start    ] GC(20) Concurrent weak references
[12.266s][info][gc,task     ] GC(20) Using 1 of 3 workers for concurrent weak references
[12.266s][info][gc,ref      ] GC(20) Encountered references: Soft: 137, Weak: 692, Final: 3, Phantom: 124
[12.266s][info][gc,ref      ] GC(20) Discovered  references: Soft: 0, Weak: 221, Final: 1, Phantom: 109
[12.266s][info][gc,ref      ] GC(20) Enqueued    references: Soft: 0, Weak: 86, Final: 0, Phantom: 0
[12.266s][info][gc          ] GC(20) Concurrent weak references 0.082ms
[12.266s][info][gc,start    ] GC(20) Concurrent weak roots
[12.266s][info][gc,task     ] GC(20) Using 1 of 3 workers for concurrent weak root
[12.267s][info][gc          ] GC(20) Concurrent weak roots 1.220ms
[12.267s][info][gc,start    ] GC(20) Concurrent cleanup
[12.267s][info][gc          ] GC(20) Concurrent cleanup 537M->74M(2048M) 0.042ms
[12.267s][info][gc,ergo     ] GC(20) Free: 1867M, Max: 1024K regular, 667M humongous, Frag: 65% external, 0% internal; Reserve: 102M, Max: 1024K
[12.267s][info][gc,start    ] GC(20) Concurrent class unloading
[12.267s][info][gc,task     ] GC(20) Using 1 of 3 workers for concurrent class unloading
[12.271s][info][gc          ] GC(20) Concurrent class unloading 4.149ms
[12.271s][info][gc,start    ] GC(20) Concurrent strong roots
[12.271s][info][gc,task     ] GC(20) Using 1 of 3 workers for concurrent strong root
[12.271s][info][gc          ] GC(20) Concurrent strong roots 0.122ms
[12.271s][info][gc,start    ] GC(20) Concurrent evacuation
[12.271s][info][gc,task     ] GC(20) Using 1 of 3 workers for concurrent evacuation
[12.272s][info][gc          ] GC(20) Concurrent evacuation 0.771ms
[12.272s][info][gc,start    ] GC(20) Pause Init Update Refs
[12.272s][info][gc,ergo     ] GC(20) Pacer for Update Refs. Used: 78592K, Free: 1867M, Non-Taxable: 186M, Alloc Tax Rate: 1.1x
[12.272s][info][gc          ] GC(20) Pause Init Update Refs 0.057ms
[12.272s][info][gc,start    ] GC(20) Concurrent update references
[12.272s][info][gc,task     ] GC(20) Using 1 of 3 workers for concurrent reference update
[12.274s][info][gc          ] GC(20) Concurrent update references 2.031ms
[12.274s][info][gc,start    ] GC(20) Concurrent update thread roots
[12.275s][info][gc          ] GC(20) Concurrent update thread roots 0.441ms
[12.275s][info][gc,start    ] GC(20) Pause Final Update Refs
[12.275s][info][gc,task     ] GC(20) Using 3 of 3 workers for final reference update
[12.275s][info][gc          ] GC(20) Pause Final Update Refs 0.166ms
[12.275s][info][gc,start    ] GC(20) Concurrent cleanup
[12.275s][info][gc          ] GC(20) Concurrent cleanup 77M->13M(2048M) 0.065ms
[12.275s][info][gc,ergo     ] Free: 1929M, Max: 1024K regular, 1925M humongous, Frag: 1% external, 0% internal; Reserve: 103M, Max: 1024K
[12.275s][info][gc,stats    ] 
[12.275s][info][gc,stats    ] All times are wall-clock times, except per-root-class counters, that are sum over
[12.275s][info][gc,stats    ] all workers. Dividing the <total> over the root stage time estimates parallelism.
[12.275s][info][gc,stats    ] 
[12.275s][info][gc,stats    ] Concurrent Reset                    202 us
[12.275s][info][gc,stats    ] Pause Init Mark (G)                 324 us
[12.275s][info][gc,stats    ] Pause Init Mark (N)                 204 us
[12.275s][info][gc,stats    ]   Update Region States               55 us
[12.275s][info][gc,stats    ] Concurrent Mark Roots               540 us, parallelism: 0.81x
[12.275s][info][gc,stats    ]   CMR: <total>                      440 us
[12.275s][info][gc,stats    ]   CMR: Thread Roots                 401 us, workers (us): 401, ---, ---, 
[12.275s][info][gc,stats    ]   CMR: VM Strong Roots                4 us, workers (us):   4, ---, ---, 
[12.275s][info][gc,stats    ]   CMR: CLDG Roots                    35 us, workers (us):  35, ---, ---, 
[12.275s][info][gc,stats    ] Concurrent Marking                 4195 us
[12.275s][info][gc,stats    ] Pause Final Mark (G)                380 us
[12.276s][info][gc,stats    ] Pause Final Mark (N)                335 us
[12.276s][info][gc,stats    ]   Finish Mark                        58 us
[12.276s][info][gc,stats    ]   Update Region States               48 us
[12.276s][info][gc,stats    ]   Choose Collection Set              99 us
[12.276s][info][gc,stats    ]   Rebuild Free Set                   22 us
[12.276s][info][gc,stats    ] Concurrent Thread Roots             848 us, parallelism: 0.94x
[12.276s][info][gc,stats    ]   CTR: <total>                      793 us
[12.276s][info][gc,stats    ]   CTR: Thread Roots                 793 us, workers (us): 793, ---, ---, 
[12.276s][info][gc,stats    ] Concurrent Weak References           89 us, parallelism: 0.28x
[12.276s][info][gc,stats    ]   CWRF: <total>                      25 us
[12.276s][info][gc,stats    ]   CWRF: Weak References              25 us, workers (us):  25, ---, ---, 
[12.276s][info][gc,stats    ] Concurrent Weak Roots              1233 us
[12.276s][info][gc,stats    ]   Roots                            1177 us, parallelism: 0.97x
[12.276s][info][gc,stats    ]     CWR: <total>                   1140 us
[12.276s][info][gc,stats    ]     CWR: Code Cache Roots           960 us, workers (us): 960, ---, ---, 
[12.276s][info][gc,stats    ]     CWR: VM Weak Roots              173 us, workers (us): 173, ---, ---, 
[12.276s][info][gc,stats    ]     CWR: CLDG Roots                   6 us, workers (us):   6, ---, ---, 
[12.276s][info][gc,stats    ]   Rendezvous                         28 us
[12.276s][info][gc,stats    ] Concurrent Cleanup                   50 us
[12.276s][info][gc,stats    ] Concurrent Class Unloading         4180 us
[12.276s][info][gc,stats    ]   Unlink Stale                     3904 us
[12.276s][info][gc,stats    ]     System Dictionary                 6 us
[12.276s][info][gc,stats    ]     Weak Class Links                  0 us
[12.276s][info][gc,stats    ]     Code Roots                     3896 us
[12.276s][info][gc,stats    ]   Rendezvous                         51 us
[12.276s][info][gc,stats    ]   Purge Unlinked                    177 us
[12.276s][info][gc,stats    ]     Code Roots                      170 us
[12.276s][info][gc,stats    ]     CLDG                              6 us
[12.276s][info][gc,stats    ]     Exception Caches                  0 us
[12.276s][info][gc,stats    ] Concurrent Strong Roots             140 us, parallelism: 0.41x
[12.276s][info][gc,stats    ]   CSR: <total>                       58 us
[12.276s][info][gc,stats    ]   CSR: VM Strong Roots                4 us, workers (us):   4, ---, ---, 
[12.276s][info][gc,stats    ]   CSR: CLDG Roots                    54 us, workers (us):  54, ---, ---, 
[12.276s][info][gc,stats    ] Concurrent Evacuation               784 us
[12.276s][info][gc,stats    ] Pause Init Update Refs (G)          125 us
[12.276s][info][gc,stats    ] Pause Init Update Refs (N)           76 us
[12.276s][info][gc,stats    ]   Manage GCLABs                       4 us
[12.276s][info][gc,stats    ] Concurrent Update Refs             2054 us
[12.276s][info][gc,stats    ] Concurrent Update Thread Roots      487 us
[12.276s][info][gc,stats    ] Pause Final Update Refs (G)         270 us
[12.276s][info][gc,stats    ] Pause Final Update Refs (N)         193 us
[12.276s][info][gc,stats    ]   Update Region States               69 us
[12.276s][info][gc,stats    ]   Trash Collection Set                9 us
[12.276s][info][gc,stats    ]   Rebuild Free Set                   24 us
[12.276s][info][gc,stats    ] Concurrent Cleanup                   86 us
[12.276s][info][gc,stats    ] Pacing                          1002955 us
[12.276s][info][gc,stats    ] 
[12.276s][info][gc,stats    ] Allocation pacing accrued:
[12.276s][info][gc,stats    ]     164 of   336 ms ( 48.9%): Query0
[12.276s][info][gc,stats    ]     172 of   336 ms ( 51.3%): Query1
[12.276s][info][gc,stats    ]     170 of   336 ms ( 50.8%): Query2
[12.276s][info][gc,stats    ]     170 of   336 ms ( 50.8%): Query3
[12.276s][info][gc,stats    ]     173 of   336 ms ( 51.6%): Query4
[12.276s][info][gc,stats    ]     172 of   336 ms ( 51.2%): Query5
[12.276s][info][gc,stats    ]    1022 of   336 ms (304.5%): <total>
[12.276s][info][gc,stats    ]      57 of   336 ms ( 16.9%): <average total>
[12.276s][info][gc,stats    ]     170 of   336 ms ( 50.8%): <average non-zero>
[12.276s][info][gc,stats    ] 
[12.276s][info][gc,metaspace] Metaspace: 8788K(9472K)->8788K(9472K) NonClass: 7939K(8320K)->7939K(8320K) Class: 849K(1152K)->849K(1152K)
[12.276s][info][gc,ergo     ] Pacer for Idle. Initial: 41943K, Alloc Tax Rate: 1.0x
[12.530s][info][gc          ] Trigger: Learning 3 of 5. Free (1426M) is below initial threshold (1433M)
[12.530s][info][gc,ergo     ] Free: 1426M, Max: 1024K regular, 1425M humongous, Frag: 0% external, 0% internal; Reserve: 103M, Max: 1024K
[12.530s][info][gc,start    ] GC(21) Concurrent reset
[12.530s][info][gc,task     ] GC(21) Using 1 of 3 workers for concurrent reset
[12.530s][info][gc,ergo     ] GC(21) Pacer for Reset. Non-Taxable: 2048M
[12.531s][info][gc          ] GC(21) Concurrent reset 0.625ms
[12.531s][info][gc,start    ] GC(21) Pause Init Mark (unload classes)
[12.531s][info][gc,task     ] GC(21) Using 3 of 3 workers for init marking
[12.531s][info][gc,ergo     ] GC(21) Pacer for Mark. Expected Live: 8330K, Free: 1426M, Non-Taxable: 142M, Alloc Tax Rate: 0.0x
[12.531s][info][gc          ] GC(21) Pause Init Mark (unload classes) 0.128ms
[12.531s][info][gc,start    ] GC(21) Concurrent marking roots
[12.531s][info][gc,task     ] GC(21) Using 1 of 3 workers for concurrent marking roots
[12.532s][info][gc          ] GC(21) Concurrent marking roots 0.750ms
[12.532s][info][gc,start    ] GC(21) Concurrent marking (unload classes)
[12.532s][info][gc,task     ] GC(21) Using 1 of 3 workers for concurrent marking
[12.536s][info][gc          ] GC(21) Concurrent marking (unload classes) 4.324ms
[12.536s][info][gc,start    ] GC(21) Pause Final Mark (unload classes)
[12.536s][info][gc,task     ] GC(21) Using 3 of 3 workers for final marking
[12.536s][info][gc,ergo     ] GC(21) Adaptive CSet Selection. Target Free: 290M, Actual Free: 1975M, Max CSet: 87381K, Min Garbage: 0B
[12.536s][info][gc,ergo     ] GC(21) Collectable Garbage: 507M (99%), Immediate: 447M (87%), CSet: 62307K (11%)
[12.536s][info][gc,ergo     ] GC(21) Pacer for Evacuation. Used CSet: 63455K, Free: 1873M, Non-Taxable: 187M, Alloc Tax Rate: 1.1x
[12.536s][info][gc          ] GC(21) Pause Final Mark (unload classes) 0.292ms
[12.536s][info][gc,start    ] GC(21) Concurrent thread roots
[12.536s][info][gc,task     ] GC(21) Using 1 of 3 workers for Concurrent thread roots
[12.537s][info][gc          ] GC(21) Concurrent thread roots 0.848ms
[12.537s][info][gc,start    ] GC(21) Concurrent weak references
[12.537s][info][gc,task     ] GC(21) Using 1 of 3 workers for concurrent weak references
[12.537s][info][gc,ref      ] GC(21) Encountered references: Soft: 137, Weak: 690, Final: 3, Phantom: 114
[12.537s][info][gc,ref      ] GC(21) Discovered  references: Soft: 0, Weak: 222, Final: 1, Phantom: 99
[12.537s][info][gc,ref      ] GC(21) Enqueued    references: Soft: 0, Weak: 88, Final: 0, Phantom: 0
[12.537s][info][gc          ] GC(21) Concurrent weak references 0.079ms
[12.537s][info][gc,start    ] GC(21) Concurrent weak roots
[12.537s][info][gc,task     ] GC(21) Using 1 of 3 workers for concurrent weak root
[12.538s][info][gc          ] GC(21) Concurrent weak roots 1.001ms
[12.538s][info][gc,start    ] GC(21) Concurrent cleanup
[12.538s][info][gc          ] GC(21) Concurrent cleanup 516M->69M(2048M) 0.047ms
[12.538s][info][gc,ergo     ] GC(21) Free: 1873M, Max: 1024K regular, 1425M humongous, Frag: 24% external, 0% internal; Reserve: 102M, Max: 1024K
[12.538s][info][gc,start    ] GC(21) Concurrent class unloading
[12.538s][info][gc,task     ] GC(21) Using 1 of 3 workers for concurrent class unloading
[12.543s][info][gc          ] GC(21) Concurrent class unloading 4.157ms
[12.543s][info][gc,start    ] GC(21) Concurrent strong roots
[12.543s][info][gc,task     ] GC(21) Using 1 of 3 workers for concurrent strong root
[12.543s][info][gc          ] GC(21) Concurrent strong roots 0.119ms
[12.543s][info][gc,start    ] GC(21) Concurrent evacuation
[12.543s][info][gc,task     ] GC(21) Using 1 of 3 workers for concurrent evacuation
[12.543s][info][gc          ] GC(21) Concurrent evacuation 0.693ms
[12.543s][info][gc,start    ] GC(21) Pause Init Update Refs
[12.544s][info][gc,ergo     ] GC(21) Pacer for Update Refs. Used: 73445K, Free: 1873M, Non-Taxable: 187M, Alloc Tax Rate: 1.1x
[12.544s][info][gc          ] GC(21) Pause Init Update Refs 0.056ms
[12.544s][info][gc,start    ] GC(21) Concurrent update references
[12.544s][info][gc,task     ] GC(21) Using 1 of 3 workers for concurrent reference update
[12.545s][info][gc          ] GC(21) Concurrent update references 1.709ms
[12.545s][info][gc,start    ] GC(21) Concurrent update thread roots
[12.546s][info][gc          ] GC(21) Concurrent update thread roots 0.418ms
[12.546s][info][gc,start    ] GC(21) Pause Final Update Refs
[12.546s][info][gc,task     ] GC(21) Using 3 of 3 workers for final reference update
[12.546s][info][gc          ] GC(21) Pause Final Update Refs 0.071ms
[12.546s][info][gc,start    ] GC(21) Concurrent cleanup
[12.546s][info][gc          ] GC(21) Concurrent cleanup 71M->9M(2048M) 0.039ms
[12.546s][info][gc,ergo     ] Free: 1933M, Max: 1024K regular, 1925M humongous, Frag: 1% external, 0% internal; Reserve: 103M, Max: 1024K
[12.546s][info][gc,stats    ] 
[12.546s][info][gc,stats    ] All times are wall-clock times, except per-root-class counters, that are sum over
[12.546s][info][gc,stats    ] all workers. Dividing the <total> over the root stage time estimates parallelism.
[12.546s][info][gc,stats    ] 
[12.546s][info][gc,stats    ] Concurrent Reset                    703 us
[12.546s][info][gc,stats    ] Pause Init Mark (G)                 218 us
[12.546s][info][gc,stats    ] Pause Init Mark (N)                 145 us
[12.546s][info][gc,stats    ]   Update Region States               52 us
[12.546s][info][gc,stats    ] Concurrent Mark Roots               759 us, parallelism: 0.89x
[12.546s][info][gc,stats    ]   CMR: <total>                      674 us
[12.546s][info][gc,stats    ]   CMR: Thread Roots                 596 us, workers (us): 596, ---, ---, 
[12.546s][info][gc,stats    ]   CMR: VM Strong Roots                7 us, workers (us):   7, ---, ---, 
[12.546s][info][gc,stats    ]   CMR: CLDG Roots                    71 us, workers (us):  71, ---, ---, 
[12.546s][info][gc,stats    ] Concurrent Marking                 4349 us
[12.546s][info][gc,stats    ] Pause Final Mark (G)                355 us
[12.546s][info][gc,stats    ] Pause Final Mark (N)                312 us
[12.546s][info][gc,stats    ]   Finish Mark                        57 us
[12.546s][info][gc,stats    ]   Update Region States               46 us
[12.546s][info][gc,stats    ]   Choose Collection Set              90 us
[12.546s][info][gc,stats    ]   Rebuild Free Set                   21 us
[12.546s][info][gc,stats    ] Concurrent Thread Roots             857 us, parallelism: 0.93x
[12.546s][info][gc,stats    ]   CTR: <total>                      798 us
[12.546s][info][gc,stats    ]   CTR: Thread Roots                 798 us, workers (us): 798, ---, ---, 
[12.546s][info][gc,stats    ] Concurrent Weak References           87 us, parallelism: 0.25x
[12.546s][info][gc,stats    ]   CWRF: <total>                      22 us
[12.546s][info][gc,stats    ]   CWRF: Weak References              22 us, workers (us):  22, ---, ---, 
[12.546s][info][gc,stats    ] Concurrent Weak Roots              1023 us
[12.546s][info][gc,stats    ]   Roots                             947 us, parallelism: 0.97x
[12.546s][info][gc,stats    ]     CWR: <total>                    916 us
[12.546s][info][gc,stats    ]     CWR: Code Cache Roots           820 us, workers (us): 820, ---, ---, 
[12.546s][info][gc,stats    ]     CWR: VM Weak Roots               90 us, workers (us):  90, ---, ---, 
[12.546s][info][gc,stats    ]     CWR: CLDG Roots                   5 us, workers (us):   5, ---, ---, 
[12.546s][info][gc,stats    ]   Rendezvous                         29 us
[12.546s][info][gc,stats    ] Concurrent Cleanup                   55 us
[12.546s][info][gc,stats    ] Concurrent Class Unloading         4188 us
[12.546s][info][gc,stats    ]   Unlink Stale                     3947 us
[12.546s][info][gc,stats    ]     System Dictionary                 6 us
[12.546s][info][gc,stats    ]     Weak Class Links                  0 us
[12.546s][info][gc,stats    ]     Code Roots                     3939 us
[12.546s][info][gc,stats    ]   Rendezvous                         50 us
[12.546s][info][gc,stats    ]   Purge Unlinked                    142 us
[12.546s][info][gc,stats    ]     Code Roots                      135 us
[12.546s][info][gc,stats    ]     CLDG                              6 us
[12.546s][info][gc,stats    ]     Exception Caches                  0 us
[12.546s][info][gc,stats    ] Concurrent Strong Roots             137 us, parallelism: 0.42x
[12.546s][info][gc,stats    ]   CSR: <total>                       57 us
[12.546s][info][gc,stats    ]   CSR: VM Strong Roots                3 us, workers (us):   3, ---, ---, 
[12.546s][info][gc,stats    ]   CSR: CLDG Roots                    53 us, workers (us):  53, ---, ---, 
[12.546s][info][gc,stats    ] Concurrent Evacuation               704 us
[12.547s][info][gc,stats    ] Pause Init Update Refs (G)          117 us
[12.547s][info][gc,stats    ] Pause Init Update Refs (N)           76 us
[12.547s][info][gc,stats    ]   Manage GCLABs                       3 us
[12.547s][info][gc,stats    ] Concurrent Update Refs             1729 us
[12.547s][info][gc,stats    ] Concurrent Update Thread Roots      436 us
[12.547s][info][gc,stats    ] Pause Final Update Refs (G)         110 us
[12.547s][info][gc,stats    ] Pause Final Update Refs (N)          81 us
[12.547s][info][gc,stats    ]   Update Region States               34 us
[12.547s][info][gc,stats    ]   Trash Collection Set                4 us
[12.547s][info][gc,stats    ]   Rebuild Free Set                   10 us
[12.547s][info][gc,stats    ] Concurrent Cleanup                   56 us
[12.547s][info][gc,stats    ] Pacing                           688659 us
[12.547s][info][gc,stats    ] 
[12.547s][info][gc,stats    ] Allocation pacing accrued:
[12.547s][info][gc,stats    ]     129 of   271 ms ( 47.6%): Query0
[12.547s][info][gc,stats    ]     133 of   271 ms ( 49.2%): Query1
[12.547s][info][gc,stats    ]     132 of   271 ms ( 48.8%): Query2
[12.547s][info][gc,stats    ]     128 of   271 ms ( 47.5%): Query3
[12.547s][info][gc,stats    ]     131 of   271 ms ( 48.4%): Query4
[12.547s][info][gc,stats    ]     132 of   271 ms ( 48.9%): Query5
[12.547s][info][gc,stats    ]     786 of   271 ms (290.3%): <total>
[12.547s][info][gc,stats    ]      44 of   271 ms ( 16.1%): <average total>
[12.547s][info][gc,stats    ]     131 of   271 ms ( 48.4%): <average non-zero>
[12.547s][info][gc,stats    ] 
[12.547s][info][gc,metaspace] Metaspace: 8788K(9472K)->8788K(9472K) NonClass: 7939K(8320K)->7939K(8320K) Class: 849K(1152K)->849K(1152K)
[12.547s][info][gc,ergo     ] Pacer for Idle. Initial: 41943K, Alloc Tax Rate: 1.0x
[12.780s][info][gc          ] Trigger: Learning 4 of 5. Free (1405M) is below initial threshold (1433M)
[12.780s][info][gc,ergo     ] Free: 1405M, Max: 1024K regular, 1404M humongous, Frag: 0% external, 0% internal; Reserve: 103M, Max: 1024K
[12.781s][info][gc,start    ] GC(22) Concurrent reset
[12.781s][info][gc,task     ] GC(22) Using 1 of 3 workers for concurrent reset
[12.781s][info][gc,ergo     ] GC(22) Pacer for Reset. Non-Taxable: 2048M
[12.781s][info][gc          ] GC(22) Concurrent reset 0.564ms
[12.781s][info][gc,start    ] GC(22) Pause Init Mark (unload classes)
[12.781s][info][gc,task     ] GC(22) Using 3 of 3 workers for init marking
[12.781s][info][gc,ergo     ] GC(22) Pacer for Mark. Expected Live: 8307K, Free: 1405M, Non-Taxable: 140M, Alloc Tax Rate: 0.0x
[12.781s][info][gc          ] GC(22) Pause Init Mark (unload classes) 0.140ms
[12.781s][info][gc,start    ] GC(22) Concurrent marking roots
[12.781s][info][gc,task     ] GC(22) Using 1 of 3 workers for concurrent marking roots
[12.782s][info][gc          ] GC(22) Concurrent marking roots 0.688ms
[12.782s][info][gc,start    ] GC(22) Concurrent marking (unload classes)
[12.782s][info][gc,task     ] GC(22) Using 1 of 3 workers for concurrent marking
[12.786s][info][gc          ] GC(22) Concurrent marking (unload classes) 3.941ms
[12.786s][info][gc,start    ] GC(22) Pause Final Mark (unload classes)
[12.786s][info][gc,task     ] GC(22) Using 3 of 3 workers for final marking
[12.786s][info][gc,ergo     ] GC(22) Adaptive CSet Selection. Target Free: 290M, Actual Free: 1972M, Max CSet: 87381K, Min Garbage: 0B
[12.786s][info][gc,ergo     ] GC(22) Collectable Garbage: 528M (99%), Immediate: 465M (87%), CSet: 65289K (12%)
[12.786s][info][gc,ergo     ] GC(22) Pacer for Evacuation. Used CSet: 66530K, Free: 1870M, Non-Taxable: 187M, Alloc Tax Rate: 1.1x
[12.786s][info][gc          ] GC(22) Pause Final Mark (unload classes) 0.294ms
[12.786s][info][gc,start    ] GC(22) Concurrent thread roots
[12.786s][info][gc,task     ] GC(22) Using 1 of 3 workers for Concurrent thread roots
[12.787s][info][gc          ] GC(22) Concurrent thread roots 0.839ms
[12.787s][info][gc,start    ] GC(22) Concurrent weak references
[12.787s][info][gc,task     ] GC(22) Using 1 of 3 workers for concurrent weak references
[12.787s][info][gc,ref      ] GC(22) Encountered references: Soft: 137, Weak: 699, Final: 3, Phantom: 124
[12.787s][info][gc,ref      ] GC(22) Discovered  references: Soft: 0, Weak: 225, Final: 1, Phantom: 109
[12.787s][info][gc,ref      ] GC(22) Enqueued    references: Soft: 0, Weak: 90, Final: 0, Phantom: 0
[12.787s][info][gc          ] GC(22) Concurrent weak references 0.082ms
[12.787s][info][gc,start    ] GC(22) Concurrent weak roots
[12.787s][info][gc,task     ] GC(22) Using 1 of 3 workers for concurrent weak root
[12.788s][info][gc          ] GC(22) Concurrent weak roots 1.004ms
[12.788s][info][gc,start    ] GC(22) Concurrent cleanup
[12.788s][info][gc          ] GC(22) Concurrent cleanup 537M->72M(2048M) 0.045ms
[12.788s][info][gc,ergo     ] GC(22) Free: 1870M, Max: 1024K regular, 1404M humongous, Frag: 25% external, 0% internal; Reserve: 102M, Max: 1024K
[12.788s][info][gc,start    ] GC(22) Concurrent class unloading
[12.788s][info][gc,task     ] GC(22) Using 1 of 3 workers for concurrent class unloading
[12.793s][info][gc          ] GC(22) Concurrent class unloading 4.130ms
[12.793s][info][gc,start    ] GC(22) Concurrent strong roots
[12.793s][info][gc,task     ] GC(22) Using 1 of 3 workers for concurrent strong root
[12.793s][info][gc          ] GC(22) Concurrent strong roots 0.117ms
[12.793s][info][gc,start    ] GC(22) Concurrent evacuation
[12.793s][info][gc,task     ] GC(22) Using 1 of 3 workers for concurrent evacuation
[12.793s][info][gc          ] GC(22) Concurrent evacuation 0.758ms
[12.794s][info][gc,start    ] GC(22) Pause Init Update Refs
[12.794s][info][gc,ergo     ] GC(22) Pacer for Update Refs. Used: 76520K, Free: 1870M, Non-Taxable: 187M, Alloc Tax Rate: 1.1x
[12.794s][info][gc          ] GC(22) Pause Init Update Refs 0.058ms
[12.794s][info][gc,start    ] GC(22) Concurrent update references
[12.794s][info][gc,task     ] GC(22) Using 1 of 3 workers for concurrent reference update
[12.795s][info][gc          ] GC(22) Concurrent update references 1.766ms
[12.795s][info][gc,start    ] GC(22) Concurrent update thread roots
[12.812s][info][gc          ] GC(22) Concurrent update thread roots 16.096ms
[12.812s][info][gc,start    ] GC(22) Pause Final Update Refs
[12.812s][info][gc,task     ] GC(22) Using 3 of 3 workers for final reference update
[12.812s][info][gc          ] GC(22) Pause Final Update Refs 0.142ms
[12.816s][info][gc,start    ] GC(22) Concurrent cleanup
[12.816s][info][gc          ] GC(22) Concurrent cleanup 134M->76M(2048M) 0.069ms
[12.816s][info][gc,ergo     ] Free: 1866M, Max: 1024K regular, 1865M humongous, Frag: 0% external, 0% internal; Reserve: 103M, Max: 1024K
[12.816s][info][gc,stats    ] 
[12.816s][info][gc,stats    ] All times are wall-clock times, except per-root-class counters, that are sum over
[12.816s][info][gc,stats    ] all workers. Dividing the <total> over the root stage time estimates parallelism.
[12.816s][info][gc,stats    ] 
[12.816s][info][gc,stats    ] Concurrent Reset                    612 us
[12.816s][info][gc,stats    ] Pause Init Mark (G)                 244 us
[12.816s][info][gc,stats    ] Pause Init Mark (N)                 161 us
[12.816s][info][gc,stats    ]   Update Region States               52 us
[12.816s][info][gc,stats    ] Concurrent Mark Roots               697 us, parallelism: 0.90x
[12.816s][info][gc,stats    ]   CMR: <total>                      625 us
[12.816s][info][gc,stats    ]   CMR: Thread Roots                 558 us, workers (us): 558, ---, ---, 
[12.816s][info][gc,stats    ]   CMR: VM Strong Roots                6 us, workers (us):   6, ---, ---, 
[12.816s][info][gc,stats    ]   CMR: CLDG Roots                    61 us, workers (us):  61, ---, ---, 
[12.816s][info][gc,stats    ] Concurrent Marking                 3965 us
[12.816s][info][gc,stats    ] Pause Final Mark (G)                364 us
[12.816s][info][gc,stats    ] Pause Final Mark (N)                314 us
[12.816s][info][gc,stats    ]   Finish Mark                        57 us
[12.816s][info][gc,stats    ]   Update Region States               47 us
[12.816s][info][gc,stats    ]   Choose Collection Set              93 us
[12.816s][info][gc,stats    ]   Rebuild Free Set                   21 us
[12.816s][info][gc,stats    ] Concurrent Thread Roots             847 us, parallelism: 0.91x
[12.816s][info][gc,stats    ]   CTR: <total>                      772 us
[12.816s][info][gc,stats    ]   CTR: Thread Roots                 772 us, workers (us): 772, ---, ---, 
[12.816s][info][gc,stats    ] Concurrent Weak References           89 us, parallelism: 0.27x
[12.816s][info][gc,stats    ]   CWRF: <total>                      24 us
[12.816s][info][gc,stats    ]   CWRF: Weak References              24 us, workers (us):  24, ---, ---, 
[12.816s][info][gc,stats    ] Concurrent Weak Roots              1017 us
[12.816s][info][gc,stats    ]   Roots                             959 us, parallelism: 0.97x
[12.816s][info][gc,stats    ]     CWR: <total>                    931 us
[12.816s][info][gc,stats    ]     CWR: Code Cache Roots           836 us, workers (us): 836, ---, ---, 
[12.816s][info][gc,stats    ]     CWR: VM Weak Roots               90 us, workers (us):  90, ---, ---, 
[12.816s][info][gc,stats    ]     CWR: CLDG Roots                   5 us, workers (us):   5, ---, ---, 
[12.816s][info][gc,stats    ]   Rendezvous                         29 us
[12.817s][info][gc,stats    ] Concurrent Cleanup                   53 us
[12.817s][info][gc,stats    ] Concurrent Class Unloading         4161 us
[12.817s][info][gc,stats    ]   Unlink Stale                     3922 us
[12.817s][info][gc,stats    ]     System Dictionary                 6 us
[12.817s][info][gc,stats    ]     Weak Class Links                  0 us
[12.817s][info][gc,stats    ]     Code Roots                     3914 us
[12.817s][info][gc,stats    ]   Rendezvous                         49 us
[12.817s][info][gc,stats    ]   Purge Unlinked                    141 us
[12.817s][info][gc,stats    ]     Code Roots                      134 us
[12.817s][info][gc,stats    ]     CLDG                              6 us
[12.817s][info][gc,stats    ]     Exception Caches                  0 us
[12.817s][info][gc,stats    ] Concurrent Strong Roots             135 us, parallelism: 0.42x
[12.817s][info][gc,stats    ]   CSR: <total>                       56 us
[12.817s][info][gc,stats    ]   CSR: VM Strong Roots                3 us, workers (us):   3, ---, ---, 
[12.817s][info][gc,stats    ]   CSR: CLDG Roots                    53 us, workers (us):  53, ---, ---, 
[12.817s][info][gc,stats    ] Concurrent Evacuation               779 us
[12.817s][info][gc,stats    ] Pause Init Update Refs (G)          122 us
[12.817s][info][gc,stats    ] Pause Init Update Refs (N)           77 us
[12.817s][info][gc,stats    ]   Manage GCLABs                       3 us
[12.817s][info][gc,stats    ] Concurrent Update Refs             1794 us
[12.817s][info][gc,stats    ] Concurrent Update Thread Roots    16145 us
[12.817s][info][gc,stats    ] Pause Final Update Refs (G)        4539 us
[12.817s][info][gc,stats    ] Pause Final Update Refs (N)         154 us
[12.817s][info][gc,stats    ]   Update Region States               65 us
[12.817s][info][gc,stats    ]   Trash Collection Set                4 us
[12.817s][info][gc,stats    ]   Rebuild Free Set                   12 us
[12.817s][info][gc,stats    ] Concurrent Cleanup                   81 us
[12.817s][info][gc,stats    ] Pacing                           663825 us
[12.817s][info][gc,stats    ] 
[12.817s][info][gc,stats    ] Allocation pacing accrued:
[12.817s][info][gc,stats    ]     119 of   270 ms ( 44.0%): Query0
[12.817s][info][gc,stats    ]     115 of   270 ms ( 42.7%): Query1
[12.817s][info][gc,stats    ]     101 of   270 ms ( 37.5%): Query2
[12.817s][info][gc,stats    ]     113 of   270 ms ( 41.7%): Query3
[12.817s][info][gc,stats    ]      99 of   270 ms ( 36.8%): Query4
[12.817s][info][gc,stats    ]     117 of   270 ms ( 43.1%): Query5
[12.817s][info][gc,stats    ]     664 of   270 ms (245.8%): <total>
[12.817s][info][gc,stats    ]      37 of   270 ms ( 13.7%): <average total>
[12.817s][info][gc,stats    ]     111 of   270 ms ( 41.0%): <average non-zero>
[12.817s][info][gc,stats    ] 
[12.817s][info][gc,metaspace] Metaspace: 8788K(9472K)->8788K(9472K) NonClass: 7939K(8320K)->7939K(8320K) Class: 849K(1152K)->849K(1152K)
[12.817s][info][gc,ergo     ] Pacer for Idle. Initial: 41943K, Alloc Tax Rate: 1.0x
[12.938s][info][gc          ] Trigger: Learning 5 of 5. Free (1423M) is below initial threshold (1433M)
[12.938s][info][gc,ergo     ] Free: 1423M, Max: 1024K regular, 1422M humongous, Frag: 0% external, 0% internal; Reserve: 103M, Max: 1024K
[12.938s][info][gc,start    ] GC(23) Concurrent reset
[12.938s][info][gc,task     ] GC(23) Using 1 of 3 workers for concurrent reset
[12.938s][info][gc,ergo     ] GC(23) Pacer for Reset. Non-Taxable: 2048M
[12.938s][info][gc          ] GC(23) Concurrent reset 0.382ms
[12.938s][info][gc,start    ] GC(23) Pause Init Mark (unload classes)
[12.938s][info][gc,task     ] GC(23) Using 3 of 3 workers for init marking
[12.938s][info][gc,ergo     ] GC(23) Pacer for Mark. Expected Live: 8291K, Free: 1422M, Non-Taxable: 142M, Alloc Tax Rate: 0.0x
[12.938s][info][gc          ] GC(23) Pause Init Mark (unload classes) 0.118ms
[12.950s][info][gc,start    ] GC(23) Concurrent marking roots
[12.950s][info][gc,task     ] GC(23) Using 1 of 3 workers for concurrent marking roots
[12.951s][info][gc          ] GC(23) Concurrent marking roots 0.453ms
[12.951s][info][gc,start    ] GC(23) Concurrent marking (unload classes)
[12.951s][info][gc,task     ] GC(23) Using 1 of 3 workers for concurrent marking
[12.956s][info][gc          ] GC(23) Concurrent marking (unload classes) 5.102ms
[12.956s][info][gc,start    ] GC(23) Pause Final Mark (unload classes)
[12.956s][info][gc,task     ] GC(23) Using 3 of 3 workers for final marking
[12.956s][info][gc,ergo     ] GC(23) Adaptive CSet Selection. Target Free: 290M, Actual Free: 1924M, Max CSet: 87381K, Min Garbage: 0B
[12.956s][info][gc,ergo     ] GC(23) Collectable Garbage: 511M (99%), Immediate: 454M (88%), CSet: 59239K (11%)
[12.956s][info][gc,ergo     ] GC(23) Pacer for Evacuation. Used CSet: 60416K, Free: 1822M, Non-Taxable: 182M, Alloc Tax Rate: 1.1x
[12.956s][info][gc          ] GC(23) Pause Final Mark (unload classes) 0.196ms
[12.957s][info][gc,start    ] GC(23) Concurrent thread roots
[12.957s][info][gc,task     ] GC(23) Using 1 of 3 workers for Concurrent thread roots
[12.957s][info][gc          ] GC(23) Concurrent thread roots 0.394ms
[12.957s][info][gc,start    ] GC(23) Concurrent weak references
[12.957s][info][gc,task     ] GC(23) Using 1 of 3 workers for concurrent weak references
[12.957s][info][gc,ref      ] GC(23) Encountered references: Soft: 137, Weak: 691, Final: 3, Phantom: 86
[12.957s][info][gc,ref      ] GC(23) Discovered  references: Soft: 0, Weak: 232, Final: 1, Phantom: 49
[12.957s][info][gc,ref      ] GC(23) Enqueued    references: Soft: 0, Weak: 92, Final: 0, Phantom: 0
[12.957s][info][gc          ] GC(23) Concurrent weak references 0.109ms
[12.957s][info][gc,start    ] GC(23) Concurrent weak roots
[12.957s][info][gc,task     ] GC(23) Using 1 of 3 workers for concurrent weak root
[12.960s][info][gc          ] GC(23) Concurrent weak roots 2.566ms
[12.960s][info][gc,start    ] GC(23) Concurrent cleanup
[12.960s][info][gc          ] GC(23) Concurrent cleanup 584M->131M(2048M) 0.053ms
[12.960s][info][gc,ergo     ] GC(23) Free: 1811M, Max: 1024K regular, 1357M humongous, Frag: 26% external, 0% internal; Reserve: 102M, Max: 1024K
[12.960s][info][gc,start    ] GC(23) Concurrent class unloading
[12.960s][info][gc,task     ] GC(23) Using 1 of 3 workers for concurrent class unloading
[12.966s][info][gc          ] GC(23) Concurrent class unloading 6.294ms
[12.966s][info][gc,start    ] GC(23) Concurrent strong roots
[12.966s][info][gc,task     ] GC(23) Using 1 of 3 workers for concurrent strong root
[12.966s][info][gc          ] GC(23) Concurrent strong roots 0.106ms
[12.966s][info][gc,start    ] GC(23) Concurrent evacuation
[12.966s][info][gc,task     ] GC(23) Using 1 of 3 workers for concurrent evacuation
[12.967s][info][gc          ] GC(23) Concurrent evacuation 0.793ms
[12.967s][info][gc,start    ] GC(23) Pause Init Update Refs
[12.967s][info][gc,ergo     ] GC(23) Pacer for Update Refs. Used: 154M, Free: 1790M, Non-Taxable: 179M, Alloc Tax Rate: 1.1x
[12.967s][info][gc          ] GC(23) Pause Init Update Refs 0.055ms
[12.971s][info][gc,start    ] GC(23) Concurrent update references
[12.971s][info][gc,task     ] GC(23) Using 1 of 3 workers for concurrent reference update
[12.986s][info][gc          ] GC(23) Concurrent update references 14.698ms
[12.986s][info][gc,start    ] GC(23) Concurrent update thread roots
[12.986s][info][gc          ] GC(23) Concurrent update thread roots 0.471ms
[12.986s][info][gc,start    ] GC(23) Pause Final Update Refs
[12.986s][info][gc,task     ] GC(23) Using 3 of 3 workers for final reference update
[12.986s][info][gc          ] GC(23) Pause Final Update Refs 0.113ms
[12.990s][info][gc,start    ] GC(23) Concurrent cleanup
[12.990s][info][gc          ] GC(23) Concurrent cleanup 208M->156M(2048M) 0.072ms
[12.990s][info][gc,ergo     ] Free: 1785M, Max: 1024K regular, 1357M humongous, Frag: 24% external, 0% internal; Reserve: 103M, Max: 1024K
[12.990s][info][gc,stats    ] 
[12.990s][info][gc,stats    ] All times are wall-clock times, except per-root-class counters, that are sum over
[12.990s][info][gc,stats    ] all workers. Dividing the <total> over the root stage time estimates parallelism.
[12.990s][info][gc,stats    ] 
[12.990s][info][gc,stats    ] Concurrent Reset                    429 us
[12.990s][info][gc,stats    ] Pause Init Mark (G)               12060 us
[12.990s][info][gc,stats    ] Pause Init Mark (N)                 127 us
[12.990s][info][gc,stats    ]   Update Region States               46 us
[12.990s][info][gc,stats    ] Concurrent Mark Roots               473 us, parallelism: 0.70x
[12.990s][info][gc,stats    ]   CMR: <total>                      333 us
[12.990s][info][gc,stats    ]   CMR: Thread Roots                 288 us, workers (us): 288, ---, ---, 
[12.990s][info][gc,stats    ]   CMR: VM Strong Roots                6 us, workers (us):   6, ---, ---, 
[12.990s][info][gc,stats    ]   CMR: CLDG Roots                    39 us, workers (us):  39, ---, ---, 
[12.990s][info][gc,stats    ] Concurrent Marking                 5139 us
[12.990s][info][gc,stats    ] Pause Final Mark (G)                754 us
[12.990s][info][gc,stats    ] Pause Final Mark (N)                204 us
[12.990s][info][gc,stats    ]   Finish Mark                        43 us
[12.990s][info][gc,stats    ]   Update Region States               36 us
[12.990s][info][gc,stats    ]   Choose Collection Set              56 us
[12.990s][info][gc,stats    ]   Rebuild Free Set                    8 us
[12.990s][info][gc,stats    ] Concurrent Thread Roots             419 us, parallelism: 0.76x
[12.990s][info][gc,stats    ]   CTR: <total>                      319 us
[12.990s][info][gc,stats    ]   CTR: Thread Roots                 319 us, workers (us): 319, ---, ---, 
[12.990s][info][gc,stats    ] Concurrent Weak References          117 us, parallelism: 0.38x
[12.990s][info][gc,stats    ]   CWRF: <total>                      44 us
[12.990s][info][gc,stats    ]   CWRF: Weak References              44 us, workers (us):  44, ---, ---, 
[12.990s][info][gc,stats    ] Concurrent Weak Roots              2603 us
[12.990s][info][gc,stats    ]   Roots                            1167 us, parallelism: 0.97x
[12.990s][info][gc,stats    ]     CWR: <total>                   1134 us
[12.990s][info][gc,stats    ]     CWR: Code Cache Roots          1032 us, workers (us): 1032, ---, ---, 
[12.990s][info][gc,stats    ]     CWR: VM Weak Roots               95 us, workers (us):  95, ---, ---, 
[12.990s][info][gc,stats    ]     CWR: CLDG Roots                   7 us, workers (us):   7, ---, ---, 
[12.990s][info][gc,stats    ]   Rendezvous                       1376 us
[12.990s][info][gc,stats    ] Concurrent Cleanup                   62 us
[12.990s][info][gc,stats    ] Concurrent Class Unloading         6339 us
[12.990s][info][gc,stats    ]   Unlink Stale                     4743 us
[12.990s][info][gc,stats    ]     System Dictionary                60 us
[12.990s][info][gc,stats    ]     Weak Class Links                  1 us
[12.990s][info][gc,stats    ]     Code Roots                     4680 us
[12.990s][info][gc,stats    ]   Rendezvous                       1222 us
[12.990s][info][gc,stats    ]   Purge Unlinked                    308 us
[12.990s][info][gc,stats    ]     Code Roots                      300 us
[12.990s][info][gc,stats    ]     CLDG                              7 us
[12.990s][info][gc,stats    ]     Exception Caches                  0 us
[12.990s][info][gc,stats    ] Concurrent Strong Roots             119 us, parallelism: 0.55x
[12.990s][info][gc,stats    ]   CSR: <total>                       66 us
[12.990s][info][gc,stats    ]   CSR: VM Strong Roots                4 us, workers (us):   4, ---, ---, 
[12.990s][info][gc,stats    ]   CSR: CLDG Roots                    62 us, workers (us):  62, ---, ---, 
[12.990s][info][gc,stats    ] Concurrent Evacuation               822 us
[12.990s][info][gc,stats    ] Pause Init Update Refs (G)         3739 us
[12.990s][info][gc,stats    ] Pause Init Update Refs (N)           65 us
[12.990s][info][gc,stats    ]   Manage GCLABs                       4 us
[12.990s][info][gc,stats    ] Concurrent Update Refs            14758 us
[12.990s][info][gc,stats    ] Concurrent Update Thread Roots      494 us
[12.990s][info][gc,stats    ] Pause Final Update Refs (G)        3311 us
[12.990s][info][gc,stats    ] Pause Final Update Refs (N)         123 us
[12.990s][info][gc,stats    ]   Update Region States               44 us
[12.990s][info][gc,stats    ]   Trash Collection Set                5 us
[12.990s][info][gc,stats    ]   Rebuild Free Set                   17 us
[12.990s][info][gc,stats    ] Concurrent Cleanup                   92 us
[12.990s][info][gc,stats    ] 
[12.990s][info][gc,stats    ] Allocation pacing accrued:
[12.990s][info][gc,stats    ]       0 of   173 ms (  0.0%): <total>
[12.990s][info][gc,stats    ]       0 of   173 ms (  0.0%): <average total>
[12.990s][info][gc,stats    ] 
[12.990s][info][gc,metaspace] Metaspace: 8788K(9472K)->8788K(9472K) NonClass: 7939K(8320K)->7939K(8320K) Class: 849K(1152K)->849K(1152K)
[12.990s][info][gc,ergo     ] Pacer for Idle. Initial: 41943K, Alloc Tax Rate: 1.0x
[13.383s][info][gc          ] Trigger: Average GC time (67.91 ms) is above the time for average allocation rate (3660 MB/s) to deplete free headroom (232M) (margin of error = 1.82)
[13.383s][info][gc,ergo     ] Free headroom: 335M (free) - 102M (spike) - 0B (penalties) = 232M
[13.383s][info][gc,ergo     ] Free: 335M, Max: 1024K regular, 334M humongous, Frag: 0% external, 0% internal; Reserve: 103M, Max: 1024K
[13.383s][info][gc,start    ] GC(24) Concurrent reset
[13.383s][info][gc,task     ] GC(24) Using 1 of 3 workers for concurrent reset
[13.383s][info][gc,ergo     ] GC(24) Pacer for Reset. Non-Taxable: 2048M
[13.384s][info][gc          ] GC(24) Concurrent reset 0.484ms
[13.415s][info][gc,start    ] GC(24) Pause Init Mark (unload classes)
[13.415s][info][gc,task     ] GC(24) Using 3 of 3 workers for init marking
[13.415s][info][gc,ergo     ] GC(24) Pacer for Mark. Expected Live: 8297K, Free: 334M, Non-Taxable: 34232K, Alloc Tax Rate: 0.0x
[13.415s][info][gc          ] GC(24) Pause Init Mark (unload classes) 0.261ms
[13.416s][info][gc,start    ] GC(24) Concurrent marking roots
[13.416s][info][gc,task     ] GC(24) Using 1 of 3 workers for concurrent marking roots
[13.417s][info][gc          ] GC(24) Concurrent marking roots 0.951ms
[13.417s][info][gc,start    ] GC(24) Concurrent marking (unload classes)
[13.417s][info][gc,task     ] GC(24) Using 1 of 3 workers for concurrent marking
[13.428s][info][gc          ] GC(24) Concurrent marking (unload classes) 10.845ms
[13.428s][info][gc,start    ] GC(24) Pause Final Mark (unload classes)
[13.428s][info][gc,task     ] GC(24) Using 3 of 3 workers for final marking
[13.428s][info][gc,ergo     ] GC(24) Adaptive CSet Selection. Target Free: 290M, Actual Free: 1834M, Max CSet: 87381K, Min Garbage: 0B
[13.428s][info][gc,ergo     ] GC(24) Collectable Garbage: 1599M (99%), Immediate: 1438M (89%), CSet: 161M (10%)
[13.428s][info][gc,ergo     ] GC(24) Pacer for Evacuation. Used CSet: 163M, Free: 1732M, Non-Taxable: 173M, Alloc Tax Rate: 1.1x
[13.428s][info][gc          ] GC(24) Pause Final Mark (unload classes) 0.241ms
[13.428s][info][gc,start    ] GC(24) Concurrent thread roots
[13.428s][info][gc,task     ] GC(24) Using 1 of 3 workers for Concurrent thread roots
[13.429s][info][gc          ] GC(24) Concurrent thread roots 0.426ms
[13.429s][info][gc,start    ] GC(24) Concurrent weak references
[13.429s][info][gc,task     ] GC(24) Using 1 of 3 workers for concurrent weak references
[13.429s][info][gc,ref      ] GC(24) Encountered references: Soft: 137, Weak: 883, Final: 3, Phantom: 116
[13.429s][info][gc,ref      ] GC(24) Discovered  references: Soft: 0, Weak: 410, Final: 1, Phantom: 92
[13.429s][info][gc,ref      ] GC(24) Enqueued    references: Soft: 0, Weak: 274, Final: 0, Phantom: 0
[13.429s][info][gc          ] GC(24) Concurrent weak references 0.180ms
[13.429s][info][gc,start    ] GC(24) Concurrent weak roots
[13.429s][info][gc,task     ] GC(24) Using 1 of 3 workers for concurrent weak root
[13.431s][info][gc          ] GC(24) Concurrent weak roots 1.549ms
[13.431s][info][gc,start    ] GC(24) Concurrent cleanup
[13.431s][info][gc          ] GC(24) Concurrent cleanup 1657M->219M(2048M) 0.100ms
[13.431s][info][gc,ergo     ] GC(24) Free: 1724M, Max: 1024K regular, 285M humongous, Frag: 84% external, 0% internal; Reserve: 102M, Max: 1024K
[13.431s][info][gc,start    ] GC(24) Concurrent class unloading
[13.431s][info][gc,task     ] GC(24) Using 1 of 3 workers for concurrent class unloading
[13.438s][info][gc          ] GC(24) Concurrent class unloading 7.698ms
[13.438s][info][gc,start    ] GC(24) Concurrent strong roots
[13.438s][info][gc,task     ] GC(24) Using 1 of 3 workers for concurrent strong root
[13.439s][info][gc          ] GC(24) Concurrent strong roots 0.121ms
[13.439s][info][gc,start    ] GC(24) Concurrent evacuation
[13.439s][info][gc,task     ] GC(24) Using 1 of 3 workers for concurrent evacuation
[13.440s][info][gc          ] GC(24) Concurrent evacuation 1.643ms
[13.440s][info][gc,start    ] GC(24) Pause Init Update Refs
[13.440s][info][gc,ergo     ] GC(24) Pacer for Update Refs. Used: 249M, Free: 1695M, Non-Taxable: 169M, Alloc Tax Rate: 1.1x
[13.440s][info][gc          ] GC(24) Pause Init Update Refs 0.049ms
[13.441s][info][gc,start    ] GC(24) Concurrent update references
[13.441s][info][gc,task     ] GC(24) Using 1 of 3 workers for concurrent reference update
[13.452s][info][gc          ] GC(24) Concurrent update references 11.554ms
[13.452s][info][gc,start    ] GC(24) Concurrent update thread roots
[13.453s][info][gc          ] GC(24) Concurrent update thread roots 0.527ms
[13.453s][info][gc,start    ] GC(24) Pause Final Update Refs
[13.453s][info][gc,task     ] GC(24) Using 3 of 3 workers for final reference update
[13.453s][info][gc          ] GC(24) Pause Final Update Refs 0.116ms
[13.453s][info][gc,start    ] GC(24) Concurrent cleanup
[13.453s][info][gc          ] GC(24) Concurrent cleanup 284M->121M(2048M) 0.037ms
[13.453s][info][gc,ergo     ] Free: 1821M, Max: 1024K regular, 1530M humongous, Frag: 16% external, 0% internal; Reserve: 103M, Max: 1024K
[13.453s][info][gc,stats    ] 
[13.453s][info][gc,stats    ] All times are wall-clock times, except per-root-class counters, that are sum over
[13.453s][info][gc,stats    ] all workers. Dividing the <total> over the root stage time estimates parallelism.
[13.453s][info][gc,stats    ] 
[13.453s][info][gc,stats    ] Concurrent Reset                    540 us
[13.453s][info][gc,stats    ] Pause Init Mark (G)               32177 us
[13.453s][info][gc,stats    ] Pause Init Mark (N)                 284 us
[13.453s][info][gc,stats    ]   Update Region States              101 us
[13.453s][info][gc,stats    ] Concurrent Mark Roots               986 us, parallelism: 0.77x
[13.453s][info][gc,stats    ]   CMR: <total>                      755 us
[13.453s][info][gc,stats    ]   CMR: Thread Roots                 664 us, workers (us): 664, ---, ---, 
[13.453s][info][gc,stats    ]   CMR: VM Strong Roots                9 us, workers (us):   9, ---, ---, 
[13.453s][info][gc,stats    ]   CMR: CLDG Roots                    82 us, workers (us):  82, ---, ---, 
[13.453s][info][gc,stats    ] Concurrent Marking                10887 us
[13.453s][info][gc,stats    ] Pause Final Mark (G)                385 us
[13.453s][info][gc,stats    ] Pause Final Mark (N)                250 us
[13.453s][info][gc,stats    ]   Finish Mark                        60 us
[13.453s][info][gc,stats    ]   Update Region States               48 us
[13.453s][info][gc,stats    ]   Choose Collection Set              70 us
[13.453s][info][gc,stats    ]   Rebuild Free Set                    9 us
[13.453s][info][gc,stats    ] Concurrent Thread Roots             450 us, parallelism: 0.84x
[13.453s][info][gc,stats    ]   CTR: <total>                      377 us
[13.453s][info][gc,stats    ]   CTR: Thread Roots                 377 us, workers (us): 377, ---, ---, 
[13.453s][info][gc,stats    ] Concurrent Weak References          189 us, parallelism: 0.59x
[13.453s][info][gc,stats    ]   CWRF: <total>                     112 us
[13.453s][info][gc,stats    ]   CWRF: Weak References             112 us, workers (us): 112, ---, ---, 
[13.453s][info][gc,stats    ] Concurrent Weak Roots              1596 us
[13.453s][info][gc,stats    ]   Roots                            1270 us, parallelism: 0.97x
[13.453s][info][gc,stats    ]     CWR: <total>                   1235 us
[13.453s][info][gc,stats    ]     CWR: Code Cache Roots          1115 us, workers (us): 1115, ---, ---, 
[13.453s][info][gc,stats    ]     CWR: VM Weak Roots              112 us, workers (us): 112, ---, ---, 
[13.453s][info][gc,stats    ]     CWR: CLDG Roots                   8 us, workers (us):   8, ---, ---, 
[13.453s][info][gc,stats    ]   Rendezvous                        260 us
[13.453s][info][gc,stats    ] Concurrent Cleanup                  110 us
[13.453s][info][gc,stats    ] Concurrent Class Unloading         7745 us
[13.453s][info][gc,stats    ]   Unlink Stale                     4446 us
[13.453s][info][gc,stats    ]     System Dictionary                11 us
[13.453s][info][gc,stats    ]     Weak Class Links                  0 us
[13.453s][info][gc,stats    ]     Code Roots                     4433 us
[13.453s][info][gc,stats    ]   Rendezvous                       2939 us
[13.453s][info][gc,stats    ]   Purge Unlinked                    285 us
[13.453s][info][gc,stats    ]     Code Roots                      279 us
[13.453s][info][gc,stats    ]     CLDG                              6 us
[13.453s][info][gc,stats    ]     Exception Caches                  1 us
[13.453s][info][gc,stats    ] Concurrent Strong Roots             133 us, parallelism: 0.54x
[13.453s][info][gc,stats    ]   CSR: <total>                       71 us
[13.453s][info][gc,stats    ]   CSR: VM Strong Roots                5 us, workers (us):   5, ---, ---, 
[13.453s][info][gc,stats    ]   CSR: CLDG Roots                    67 us, workers (us):  67, ---, ---, 
[13.453s][info][gc,stats    ] Concurrent Evacuation              1698 us
[13.453s][info][gc,stats    ] Pause Init Update Refs (G)          248 us
[13.453s][info][gc,stats    ] Pause Init Update Refs (N)           58 us
[13.453s][info][gc,stats    ]   Manage GCLABs                       3 us
[13.453s][info][gc,stats    ] Concurrent Update Refs            11604 us
[13.453s][info][gc,stats    ] Concurrent Update Thread Roots      558 us
[13.453s][info][gc,stats    ] Pause Final Update Refs (G)         247 us
[13.453s][info][gc,stats    ] Pause Final Update Refs (N)         136 us
[13.453s][info][gc,stats    ]   Update Region States               43 us
[13.453s][info][gc,stats    ]   Trash Collection Set                8 us
[13.453s][info][gc,stats    ]   Rebuild Free Set                   16 us
[13.453s][info][gc,stats    ] Concurrent Cleanup                   48 us
[13.453s][info][gc,stats    ] 
[13.453s][info][gc,stats    ] Allocation pacing accrued:
[13.453s][info][gc,stats    ]       0 of   463 ms (  0.0%): <total>
[13.453s][info][gc,stats    ]       0 of   463 ms (  0.0%): <average total>
[13.453s][info][gc,stats    ] 
[13.453s][info][gc,metaspace] Metaspace: 8788K(9472K)->8788K(9472K) NonClass: 7939K(8320K)->7939K(8320K) Class: 849K(1152K)->849K(1152K)
[13.453s][info][gc,ergo     ] Pacer for Idle. Initial: 41943K, Alloc Tax Rate: 1.0x
[13.842s][info][gc          ] Trigger: Average GC time (88.54 ms) is above the time for average allocation rate (3694 MB/s) to deplete free headroom (298M) (margin of error = 1.82)
[13.842s][info][gc,ergo     ] Free headroom: 400M (free) - 102M (spike) - 0B (penalties) = 298M
[13.842s][info][gc,ergo     ] Free: 400M, Max: 1024K regular, 285M humongous, Frag: 29% external, 0% internal; Reserve: 103M, Max: 1024K
[13.842s][info][gc,start    ] GC(25) Concurrent reset
[13.842s][info][gc,task     ] GC(25) Using 1 of 3 workers for concurrent reset
[13.842s][info][gc,ergo     ] GC(25) Pacer for Reset. Non-Taxable: 2048M
[13.843s][info][gc          ] GC(25) Concurrent reset 0.949ms
[13.843s][info][gc,start    ] GC(25) Pause Init Mark (unload classes)
[13.843s][info][gc,task     ] GC(25) Using 3 of 3 workers for init marking
[13.843s][info][gc,ergo     ] GC(25) Pacer for Mark. Expected Live: 8421K, Free: 397M, Non-Taxable: 40728K, Alloc Tax Rate: 0.0x
[13.843s][info][gc          ] GC(25) Pause Init Mark (unload classes) 0.111ms
[13.843s][info][gc,start    ] GC(25) Concurrent marking roots
[13.843s][info][gc,task     ] GC(25) Using 1 of 3 workers for concurrent marking roots
[13.844s][info][gc          ] GC(25) Concurrent marking roots 0.442ms
[13.844s][info][gc,start    ] GC(25) Concurrent marking (unload classes)
[13.844s][info][gc,task     ] GC(25) Using 1 of 3 workers for concurrent marking
[13.849s][info][gc          ] GC(25) Concurrent marking (unload classes) 4.960ms
[13.849s][info][gc,start    ] GC(25) Pause Final Mark (unload classes)
[13.849s][info][gc,task     ] GC(25) Using 3 of 3 workers for final marking
[13.849s][info][gc,ergo     ] GC(25) Adaptive CSet Selection. Target Free: 290M, Actual Free: 1869M, Max CSet: 87381K, Min Garbage: 0B
[13.849s][info][gc,ergo     ] GC(25) Collectable Garbage: 1536M (99%), Immediate: 1388M (90%), CSet: 148M (9%)
[13.849s][info][gc,ergo     ] GC(25) Pacer for Evacuation. Used CSet: 149M, Free: 1767M, Non-Taxable: 176M, Alloc Tax Rate: 1.1x
[13.849s][info][gc          ] GC(25) Pause Final Mark (unload classes) 0.212ms
[13.849s][info][gc,start    ] GC(25) Concurrent thread roots
[13.849s][info][gc,task     ] GC(25) Using 1 of 3 workers for Concurrent thread roots
[13.850s][info][gc          ] GC(25) Concurrent thread roots 0.340ms
[13.850s][info][gc,start    ] GC(25) Concurrent weak references
[13.850s][info][gc,task     ] GC(25) Using 1 of 3 workers for concurrent weak references
[13.850s][info][gc,ref      ] GC(25) Encountered references: Soft: 137, Weak: 869, Final: 3, Phantom: 104
[13.850s][info][gc,ref      ] GC(25) Discovered  references: Soft: 0, Weak: 408, Final: 1, Phantom: 82
[13.850s][info][gc,ref      ] GC(25) Enqueued    references: Soft: 0, Weak: 268, Final: 0, Phantom: 0
[13.850s][info][gc          ] GC(25) Concurrent weak references 0.159ms
[13.850s][info][gc,start    ] GC(25) Concurrent weak roots
[13.850s][info][gc,task     ] GC(25) Using 1 of 3 workers for concurrent weak root
[13.852s][info][gc          ] GC(25) Concurrent weak roots 2.216ms
[13.852s][info][gc,start    ] GC(25) Concurrent cleanup
[13.852s][info][gc          ] GC(25) Concurrent cleanup 1574M->186M(2048M) 0.102ms
[13.852s][info][gc,ergo     ] GC(25) Free: 1756M, Max: 1024K regular, 287M humongous, Frag: 84% external, 0% internal; Reserve: 102M, Max: 1024K
[13.852s][info][gc,start    ] GC(25) Concurrent class unloading
[13.852s][info][gc,task     ] GC(25) Using 1 of 3 workers for concurrent class unloading
[13.858s][info][gc          ] GC(25) Concurrent class unloading 5.856ms
[13.858s][info][gc,start    ] GC(25) Concurrent strong roots
[13.858s][info][gc,task     ] GC(25) Using 1 of 3 workers for concurrent strong root
[13.858s][info][gc          ] GC(25) Concurrent strong roots 0.112ms
[13.858s][info][gc,start    ] GC(25) Concurrent evacuation
[13.858s][info][gc,task     ] GC(25) Using 1 of 3 workers for concurrent evacuation
[13.860s][info][gc          ] GC(25) Concurrent evacuation 1.183ms
[13.860s][info][gc,start    ] GC(25) Pause Init Update Refs
[13.860s][info][gc,ergo     ] GC(25) Pacer for Update Refs. Used: 208M, Free: 1735M, Non-Taxable: 173M, Alloc Tax Rate: 1.1x
[13.860s][info][gc          ] GC(25) Pause Init Update Refs 0.054ms
[13.862s][info][gc,start    ] GC(25) Concurrent update references
[13.862s][info][gc,task     ] GC(25) Using 1 of 3 workers for concurrent reference update
[13.867s][info][gc          ] GC(25) Concurrent update references 5.554ms
[13.867s][info][gc,start    ] GC(25) Concurrent update thread roots
[13.869s][info][gc          ] GC(25) Concurrent update thread roots 2.018ms
[13.869s][info][gc,start    ] GC(25) Pause Final Update Refs
[13.869s][info][gc,task     ] GC(25) Using 3 of 3 workers for final reference update
[13.869s][info][gc          ] GC(25) Pause Final Update Refs 0.118ms
[13.870s][info][gc,start    ] GC(25) Concurrent cleanup
[13.870s][info][gc          ] GC(25) Concurrent cleanup 237M->90M(2048M) 0.037ms
[13.870s][info][gc,ergo     ] Free: 1852M, Max: 1024K regular, 1436M humongous, Frag: 23% external, 0% internal; Reserve: 103M, Max: 1024K
[13.870s][info][gc,stats    ] 
[13.870s][info][gc,stats    ] All times are wall-clock times, except per-root-class counters, that are sum over
[13.870s][info][gc,stats    ] all workers. Dividing the <total> over the root stage time estimates parallelism.
[13.870s][info][gc,stats    ] 
[13.870s][info][gc,stats    ] Concurrent Reset                   1008 us
[13.871s][info][gc,stats    ] Pause Init Mark (G)                 373 us
[13.871s][info][gc,stats    ] Pause Init Mark (N)                 122 us
[13.871s][info][gc,stats    ]   Update Region States               45 us
[13.871s][info][gc,stats    ] Concurrent Mark Roots               460 us, parallelism: 0.80x
[13.871s][info][gc,stats    ]   CMR: <total>                      368 us
[13.871s][info][gc,stats    ]   CMR: Thread Roots                 310 us, workers (us): 310, ---, ---, 
[13.871s][info][gc,stats    ]   CMR: VM Strong Roots                6 us, workers (us):   6, ---, ---, 
[13.871s][info][gc,stats    ]   CMR: CLDG Roots                    52 us, workers (us):  52, ---, ---, 
[13.871s][info][gc,stats    ] Concurrent Marking                 4999 us
[13.871s][info][gc,stats    ] Pause Final Mark (G)                555 us
[13.871s][info][gc,stats    ] Pause Final Mark (N)                222 us
[13.871s][info][gc,stats    ]   Finish Mark                        49 us
[13.871s][info][gc,stats    ]   Update Region States               41 us
[13.871s][info][gc,stats    ]   Choose Collection Set              81 us
[13.871s][info][gc,stats    ]   Rebuild Free Set                    8 us
[13.871s][info][gc,stats    ] Concurrent Thread Roots             362 us, parallelism: 0.76x
[13.871s][info][gc,stats    ]   CTR: <total>                      277 us
[13.871s][info][gc,stats    ]   CTR: Thread Roots                 277 us, workers (us): 277, ---, ---, 
[13.871s][info][gc,stats    ] Concurrent Weak References          167 us, parallelism: 0.55x
[13.871s][info][gc,stats    ]   CWRF: <total>                      92 us
[13.871s][info][gc,stats    ]   CWRF: Weak References              92 us, workers (us):  92, ---, ---, 
[13.871s][info][gc,stats    ] Concurrent Weak Roots              2268 us
[13.871s][info][gc,stats    ]   Roots                            1245 us, parallelism: 0.97x
[13.871s][info][gc,stats    ]     CWR: <total>                   1209 us
[13.871s][info][gc,stats    ]     CWR: Code Cache Roots          1097 us, workers (us): 1097, ---, ---, 
[13.871s][info][gc,stats    ]     CWR: VM Weak Roots              103 us, workers (us): 103, ---, ---, 
[13.871s][info][gc,stats    ]     CWR: CLDG Roots                   9 us, workers (us):   9, ---, ---, 
[13.871s][info][gc,stats    ]   Rendezvous                        952 us
[13.871s][info][gc,stats    ] Concurrent Cleanup                  112 us
[13.871s][info][gc,stats    ] Concurrent Class Unloading         5998 us
[13.871s][info][gc,stats    ]   Unlink Stale                     4535 us
[13.871s][info][gc,stats    ]     System Dictionary                13 us
[13.871s][info][gc,stats    ]     Weak Class Links                  0 us
[13.871s][info][gc,stats    ]     Code Roots                     4519 us
[13.871s][info][gc,stats    ]   Rendezvous                        973 us
[13.871s][info][gc,stats    ]   Purge Unlinked                    324 us
[13.871s][info][gc,stats    ]     Code Roots                      318 us
[13.871s][info][gc,stats    ]     CLDG                              6 us
[13.871s][info][gc,stats    ]     Exception Caches                  0 us
[13.871s][info][gc,stats    ] Concurrent Strong Roots             120 us, parallelism: 0.58x
[13.871s][info][gc,stats    ]   CSR: <total>                       70 us
[13.871s][info][gc,stats    ]   CSR: VM Strong Roots                4 us, workers (us):   4, ---, ---, 
[13.871s][info][gc,stats    ]   CSR: CLDG Roots                    66 us, workers (us):  66, ---, ---, 
[13.871s][info][gc,stats    ] Concurrent Evacuation              1245 us
[13.871s][info][gc,stats    ] Pause Init Update Refs (G)         1948 us
[13.871s][info][gc,stats    ] Pause Init Update Refs (N)           63 us
[13.871s][info][gc,stats    ]   Manage GCLABs                       4 us
[13.871s][info][gc,stats    ] Concurrent Update Refs             5594 us
[13.871s][info][gc,stats    ] Concurrent Update Thread Roots     2050 us
[13.871s][info][gc,stats    ] Pause Final Update Refs (G)         904 us
[13.871s][info][gc,stats    ] Pause Final Update Refs (N)         138 us
[13.871s][info][gc,stats    ]   Update Region States               48 us
[13.871s][info][gc,stats    ]   Trash Collection Set                8 us
[13.871s][info][gc,stats    ]   Rebuild Free Set                   16 us
[13.871s][info][gc,stats    ] Concurrent Cleanup                   46 us
[13.871s][info][gc,stats    ] 
[13.871s][info][gc,stats    ] Allocation pacing accrued:
[13.871s][info][gc,stats    ]       0 of   417 ms (  0.0%): <total>
[13.871s][info][gc,stats    ]       0 of   417 ms (  0.0%): <average total>
[13.871s][info][gc,stats    ] 
[13.871s][info][gc,metaspace] Metaspace: 8788K(9472K)->8788K(9472K) NonClass: 7939K(8320K)->7939K(8320K) Class: 849K(1152K)->849K(1152K)
[13.871s][info][gc,ergo     ] Pacer for Idle. Initial: 41943K, Alloc Tax Rate: 1.0x
[14.285s][info][gc          ] Trigger: Average GC time (75.41 ms) is above the time for average allocation rate (3729 MB/s) to deplete free headroom (269M) (margin of error = 1.82)
[14.285s][info][gc,ergo     ] Free headroom: 371M (free) - 102M (spike) - 0B (penalties) = 269M
[14.285s][info][gc,ergo     ] Free: 371M, Max: 1024K regular, 369M humongous, Frag: 0% external, 0% internal; Reserve: 103M, Max: 1024K
[14.285s][info][gc,start    ] GC(26) Concurrent reset
[14.285s][info][gc,task     ] GC(26) Using 1 of 3 workers for concurrent reset
[14.285s][info][gc,ergo     ] GC(26) Pacer for Reset. Non-Taxable: 2048M
[14.286s][info][gc          ] GC(26) Concurrent reset 0.850ms
[14.286s][info][gc,start    ] GC(26) Pause Init Mark (unload classes)
[14.287s][info][gc,task     ] GC(26) Using 3 of 3 workers for init marking
[14.287s][info][gc,ergo     ] GC(26) Pacer for Mark. Expected Live: 8406K, Free: 370M, Non-Taxable: 37938K, Alloc Tax Rate: 0.0x
[14.287s][info][gc          ] GC(26) Pause Init Mark (unload classes) 0.117ms
[14.287s][info][gc,start    ] GC(26) Concurrent marking roots
[14.287s][info][gc,task     ] GC(26) Using 1 of 3 workers for concurrent marking roots
[14.287s][info][gc          ] GC(26) Concurrent marking roots 0.412ms
[14.287s][info][gc,start    ] GC(26) Concurrent marking (unload classes)
[14.287s][info][gc,task     ] GC(26) Using 1 of 3 workers for concurrent marking
[14.292s][info][gc          ] GC(26) Concurrent marking (unload classes) 5.396ms
[14.293s][info][gc,start    ] GC(26) Pause Final Mark (unload classes)
[14.293s][info][gc,task     ] GC(26) Using 3 of 3 workers for final marking
[14.293s][info][gc,ergo     ] GC(26) Adaptive CSet Selection. Target Free: 290M, Actual Free: 1858M, Max CSet: 87381K, Min Garbage: 0B
[14.293s][info][gc,ergo     ] GC(26) Collectable Garbage: 1563M (99%), Immediate: 1410M (90%), CSet: 153M (9%)
[14.293s][info][gc,ergo     ] GC(26) Pacer for Evacuation. Used CSet: 154M, Free: 1756M, Non-Taxable: 175M, Alloc Tax Rate: 1.1x
[14.293s][info][gc          ] GC(26) Pause Final Mark (unload classes) 0.227ms
[14.293s][info][gc,start    ] GC(26) Concurrent thread roots
[14.293s][info][gc,task     ] GC(26) Using 1 of 3 workers for Concurrent thread roots
[14.293s][info][gc          ] GC(26) Concurrent thread roots 0.363ms
[14.293s][info][gc,start    ] GC(26) Concurrent weak references
[14.293s][info][gc,task     ] GC(26) Using 1 of 3 workers for concurrent weak references
[14.293s][info][gc,ref      ] GC(26) Encountered references: Soft: 137, Weak: 887, Final: 3, Phantom: 124
[14.293s][info][gc,ref      ] GC(26) Discovered  references: Soft: 0, Weak: 420, Final: 1, Phantom: 109
[14.293s][info][gc,ref      ] GC(26) Enqueued    references: Soft: 0, Weak: 278, Final: 0, Phantom: 0
[14.293s][info][gc          ] GC(26) Concurrent weak references 0.148ms
[14.293s][info][gc,start    ] GC(26) Concurrent weak roots
[14.293s][info][gc,task     ] GC(26) Using 1 of 3 workers for concurrent weak root
[14.296s][info][gc          ] GC(26) Concurrent weak roots 2.276ms
[14.296s][info][gc,start    ] GC(26) Concurrent cleanup
[14.296s][info][gc          ] GC(26) Concurrent cleanup 1607M->197M(2048M) 0.108ms
[14.296s][info][gc,ergo     ] GC(26) Free: 1745M, Max: 1024K regular, 334M humongous, Frag: 81% external, 0% internal; Reserve: 102M, Max: 1024K
[14.296s][info][gc,start    ] GC(26) Concurrent class unloading
[14.296s][info][gc,task     ] GC(26) Using 1 of 3 workers for concurrent class unloading
[14.302s][info][gc          ] GC(26) Concurrent class unloading 5.929ms
[14.302s][info][gc,start    ] GC(26) Concurrent strong roots
[14.302s][info][gc,task     ] GC(26) Using 1 of 3 workers for concurrent strong root
[14.302s][info][gc          ] GC(26) Concurrent strong roots 0.135ms
[14.302s][info][gc,start    ] GC(26) Concurrent evacuation
[14.302s][info][gc,task     ] GC(26) Using 1 of 3 workers for concurrent evacuation
[14.303s][info][gc          ] GC(26) Concurrent evacuation 1.217ms
[14.303s][info][gc,start    ] GC(26) Pause Init Update Refs
[14.303s][info][gc,ergo     ] GC(26) Pacer for Update Refs. Used: 215M, Free: 1727M, Non-Taxable: 172M, Alloc Tax Rate: 1.1x
[14.303s][info][gc          ] GC(26) Pause Init Update Refs 0.046ms
[14.303s][info][gc,start    ] GC(26) Concurrent update references
[14.304s][info][gc,task     ] GC(26) Using 1 of 3 workers for concurrent reference update
[14.311s][info][gc          ] GC(26) Concurrent update references 7.036ms
[14.311s][info][gc,start    ] GC(26) Concurrent update thread roots
[14.311s][info][gc          ] GC(26) Concurrent update thread roots 0.518ms
[14.311s][info][gc,start    ] GC(26) Pause Final Update Refs
[14.311s][info][gc,task     ] GC(26) Using 3 of 3 workers for final reference update
[14.311s][info][gc          ] GC(26) Pause Final Update Refs 0.110ms
[14.311s][info][gc,start    ] GC(26) Concurrent cleanup
[14.311s][info][gc          ] GC(26) Concurrent cleanup 236M->82M(2048M) 0.035ms
[14.312s][info][gc,ergo     ] Free: 1859M, Max: 1024K regular, 1523M humongous, Frag: 18% external, 0% internal; Reserve: 103M, Max: 1024K
[14.312s][info][gc,stats    ] 
[14.312s][info][gc,stats    ] All times are wall-clock times, except per-root-class counters, that are sum over
[14.312s][info][gc,stats    ] all workers. Dividing the <total> over the root stage time estimates parallelism.
[14.312s][info][gc,stats    ] 
[14.312s][info][gc,stats    ] Concurrent Reset                    909 us
[14.312s][info][gc,stats    ] Pause Init Mark (G)                 295 us
[14.312s][info][gc,stats    ] Pause Init Mark (N)                 127 us
[14.312s][info][gc,stats    ]   Update Region States               34 us
[14.312s][info][gc,stats    ] Concurrent Mark Roots               427 us, parallelism: 0.82x
[14.312s][info][gc,stats    ]   CMR: <total>                      350 us
[14.312s][info][gc,stats    ]   CMR: Thread Roots                 307 us, workers (us): 307, ---, ---, 
[14.312s][info][gc,stats    ]   CMR: VM Strong Roots                6 us, workers (us):   6, ---, ---, 
[14.312s][info][gc,stats    ]   CMR: CLDG Roots                    38 us, workers (us):  38, ---, ---, 
[14.312s][info][gc,stats    ] Concurrent Marking                 5434 us
[14.312s][info][gc,stats    ] Pause Final Mark (G)                324 us
[14.312s][info][gc,stats    ] Pause Final Mark (N)                236 us
[14.312s][info][gc,stats    ]   Finish Mark                        44 us
[14.312s][info][gc,stats    ]   Update Region States               38 us
[14.312s][info][gc,stats    ]   Choose Collection Set              91 us
[14.312s][info][gc,stats    ]   Rebuild Free Set                    9 us
[14.312s][info][gc,stats    ] Concurrent Thread Roots             382 us, parallelism: 0.85x
[14.312s][info][gc,stats    ]   CTR: <total>                      324 us
[14.312s][info][gc,stats    ]   CTR: Thread Roots                 324 us, workers (us): 324, ---, ---, 
[14.312s][info][gc,stats    ] Concurrent Weak References          156 us, parallelism: 0.56x
[14.312s][info][gc,stats    ]   CWRF: <total>                      87 us
[14.312s][info][gc,stats    ]   CWRF: Weak References              87 us, workers (us):  87, ---, ---, 
[14.312s][info][gc,stats    ] Concurrent Weak Roots              2343 us
[14.312s][info][gc,stats    ]   Roots                            1331 us, parallelism: 0.98x
[14.312s][info][gc,stats    ]     CWR: <total>                   1298 us
[14.312s][info][gc,stats    ]     CWR: Code Cache Roots          1187 us, workers (us): 1187, ---, ---, 
[14.312s][info][gc,stats    ]     CWR: VM Weak Roots              101 us, workers (us): 101, ---, ---, 
[14.312s][info][gc,stats    ]     CWR: CLDG Roots                  10 us, workers (us):  10, ---, ---, 
[14.312s][info][gc,stats    ]   Rendezvous                        921 us
[14.312s][info][gc,stats    ] Concurrent Cleanup                  119 us
[14.312s][info][gc,stats    ] Concurrent Class Unloading         5961 us
[14.312s][info][gc,stats    ]   Unlink Stale                     4558 us
[14.312s][info][gc,stats    ]     System Dictionary                10 us
[14.312s][info][gc,stats    ]     Weak Class Links                  0 us
[14.312s][info][gc,stats    ]     Code Roots                     4547 us
[14.312s][info][gc,stats    ]   Rendezvous                       1083 us
[14.312s][info][gc,stats    ]   Purge Unlinked                    263 us
[14.312s][info][gc,stats    ]     Code Roots                      255 us
[14.312s][info][gc,stats    ]     CLDG                              7 us
[14.312s][info][gc,stats    ]     Exception Caches                  0 us
[14.312s][info][gc,stats    ] Concurrent Strong Roots             148 us, parallelism: 0.61x
[14.312s][info][gc,stats    ]   CSR: <total>                       91 us
[14.312s][info][gc,stats    ]   CSR: VM Strong Roots                4 us, workers (us):   4, ---, ---, 
[14.312s][info][gc,stats    ]   CSR: CLDG Roots                    87 us, workers (us):  87, ---, ---, 
[14.312s][info][gc,stats    ] Concurrent Evacuation              1262 us
[14.312s][info][gc,stats    ] Pause Init Update Refs (G)          225 us
[14.312s][info][gc,stats    ] Pause Init Update Refs (N)           55 us
[14.312s][info][gc,stats    ]   Manage GCLABs                       4 us
[14.312s][info][gc,stats    ] Concurrent Update Refs             7103 us
[14.312s][info][gc,stats    ] Concurrent Update Thread Roots      543 us
[14.312s][info][gc,stats    ] Pause Final Update Refs (G)         331 us
[14.312s][info][gc,stats    ] Pause Final Update Refs (N)         122 us
[14.312s][info][gc,stats    ]   Update Region States               44 us
[14.312s][info][gc,stats    ]   Trash Collection Set                8 us
[14.312s][info][gc,stats    ]   Rebuild Free Set                   16 us
[14.312s][info][gc,stats    ] Concurrent Cleanup                   44 us
[14.312s][info][gc,stats    ] 
[14.312s][info][gc,stats    ] Allocation pacing accrued:
[14.312s][info][gc,stats    ]       0 of   441 ms (  0.0%): <total>
[14.312s][info][gc,stats    ]       0 of   441 ms (  0.0%): <average total>
[14.312s][info][gc,stats    ] 
[14.312s][info][gc,metaspace] Metaspace: 8788K(9472K)->8788K(9472K) NonClass: 7939K(8320K)->7939K(8320K) Class: 849K(1152K)->849K(1152K)
[14.312s][info][gc,ergo     ] Pacer for Idle. Initial: 41943K, Alloc Tax Rate: 1.0x
[14.744s][info][gc          ] Trigger: Average GC time (61.57 ms) is above the time for average allocation rate (3694 MB/s) to deplete free headroom (201M) (margin of error = 1.82)
[14.744s][info][gc,ergo     ] Free headroom: 303M (free) - 102M (spike) - 0B (penalties) = 201M
[14.745s][info][gc,ergo     ] Free: 303M, Max: 1024K regular, 301M humongous, Frag: 0% external, 0% internal; Reserve: 103M, Max: 1024K
[14.745s][info][gc,start    ] GC(27) Concurrent reset
[14.745s][info][gc,task     ] GC(27) Using 1 of 3 workers for concurrent reset
[14.745s][info][gc,ergo     ] GC(27) Pacer for Reset. Non-Taxable: 2048M
[14.746s][info][gc          ] GC(27) Concurrent reset 0.988ms
[14.746s][info][gc,start    ] GC(27) Pause Init Mark (unload classes)
[14.746s][info][gc,task     ] GC(27) Using 3 of 3 workers for init marking
[14.746s][info][gc,ergo     ] GC(27) Pacer for Mark. Expected Live: 8425K, Free: 301M, Non-Taxable: 30866K, Alloc Tax Rate: 0.0x
[14.746s][info][gc          ] GC(27) Pause Init Mark (unload classes) 0.113ms
[14.746s][info][gc,start    ] GC(27) Concurrent marking roots
[14.746s][info][gc,task     ] GC(27) Using 1 of 3 workers for concurrent marking roots
[14.746s][info][gc          ] GC(27) Concurrent marking roots 0.396ms
[14.746s][info][gc,start    ] GC(27) Concurrent marking (unload classes)
[14.746s][info][gc,task     ] GC(27) Using 1 of 3 workers for concurrent marking
[14.756s][info][gc          ] GC(27) Concurrent marking (unload classes) 9.313ms
[14.756s][info][gc,start    ] GC(27) Pause Final Mark (unload classes)
[14.756s][info][gc,task     ] GC(27) Using 3 of 3 workers for final marking
[14.756s][info][gc,ergo     ] GC(27) Adaptive CSet Selection. Target Free: 290M, Actual Free: 1845M, Max CSet: 87381K, Min Garbage: 0B
[14.756s][info][gc,ergo     ] GC(27) Collectable Garbage: 1632M (99%), Immediate: 1477M (90%), CSet: 155M (9%)
[14.756s][info][gc,ergo     ] GC(27) Pacer for Evacuation. Used CSet: 156M, Free: 1744M, Non-Taxable: 174M, Alloc Tax Rate: 1.1x
[14.756s][info][gc          ] GC(27) Pause Final Mark (unload classes) 0.238ms
[14.756s][info][gc,start    ] GC(27) Concurrent thread roots
[14.756s][info][gc,task     ] GC(27) Using 1 of 3 workers for Concurrent thread roots
[14.757s][info][gc          ] GC(27) Concurrent thread roots 0.380ms
[14.757s][info][gc,start    ] GC(27) Concurrent weak references
[14.757s][info][gc,task     ] GC(27) Using 1 of 3 workers for concurrent weak references
[14.757s][info][gc,ref      ] GC(27) Encountered references: Soft: 137, Weak: 885, Final: 3, Phantom: 113
[14.757s][info][gc,ref      ] GC(27) Discovered  references: Soft: 0, Weak: 427, Final: 1, Phantom: 90
[14.757s][info][gc,ref      ] GC(27) Enqueued    references: Soft: 0, Weak: 277, Final: 0, Phantom: 0
[14.757s][info][gc          ] GC(27) Concurrent weak references 0.159ms
[14.757s][info][gc,start    ] GC(27) Concurrent weak roots
[14.757s][info][gc,task     ] GC(27) Using 1 of 3 workers for concurrent weak root
[14.759s][info][gc          ] GC(27) Concurrent weak roots 1.879ms
[14.759s][info][gc,start    ] GC(27) Concurrent cleanup
[14.759s][info][gc          ] GC(27) Concurrent cleanup 1687M->210M(2048M) 0.110ms
[14.759s][info][gc,ergo     ] GC(27) Free: 1733M, Max: 1024K regular, 254M humongous, Frag: 86% external, 0% internal; Reserve: 102M, Max: 1024K
[14.759s][info][gc,start    ] GC(27) Concurrent class unloading
[14.759s][info][gc,task     ] GC(27) Using 1 of 3 workers for concurrent class unloading
[14.764s][info][gc          ] GC(27) Concurrent class unloading 5.666ms
[14.764s][info][gc,start    ] GC(27) Concurrent strong roots
[14.764s][info][gc,task     ] GC(27) Using 1 of 3 workers for concurrent strong root
[14.765s][info][gc          ] GC(27) Concurrent strong roots 0.085ms
[14.765s][info][gc,start    ] GC(27) Concurrent evacuation
[14.765s][info][gc,task     ] GC(27) Using 1 of 3 workers for concurrent evacuation
[14.766s][info][gc          ] GC(27) Concurrent evacuation 1.159ms
[14.766s][info][gc,start    ] GC(27) Pause Init Update Refs
[14.766s][info][gc,ergo     ] GC(27) Pacer for Update Refs. Used: 228M, Free: 1715M, Non-Taxable: 171M, Alloc Tax Rate: 1.1x
[14.766s][info][gc          ] GC(27) Pause Init Update Refs 0.028ms
[14.766s][info][gc,start    ] GC(27) Concurrent update references
[14.766s][info][gc,task     ] GC(27) Using 1 of 3 workers for concurrent reference update
[14.776s][info][gc          ] GC(27) Concurrent update references 9.710ms
[14.776s][info][gc,start    ] GC(27) Concurrent update thread roots
[14.779s][info][gc          ] GC(27) Concurrent update thread roots 2.541ms
[14.779s][info][gc,start    ] GC(27) Pause Final Update Refs
[14.779s][info][gc,task     ] GC(27) Using 3 of 3 workers for final reference update
[14.779s][info][gc          ] GC(27) Pause Final Update Refs 0.137ms
[14.779s][info][gc,start    ] GC(27) Concurrent cleanup
[14.779s][info][gc          ] GC(27) Concurrent cleanup 263M->108M(2048M) 0.042ms
[14.779s][info][gc,ergo     ] Free: 1834M, Max: 1024K regular, 1573M humongous, Frag: 15% external, 0% internal; Reserve: 103M, Max: 1024K
[14.779s][info][gc,stats    ] 
[14.779s][info][gc,stats    ] All times are wall-clock times, except per-root-class counters, that are sum over
[14.779s][info][gc,stats    ] all workers. Dividing the <total> over the root stage time estimates parallelism.
[14.779s][info][gc,stats    ] 
[14.779s][info][gc,stats    ] Concurrent Reset                   1042 us
[14.779s][info][gc,stats    ] Pause Init Mark (G)                 378 us
[14.779s][info][gc,stats    ] Pause Init Mark (N)                 122 us
[14.779s][info][gc,stats    ]   Update Region States               42 us
[14.779s][info][gc,stats    ] Concurrent Mark Roots               411 us, parallelism: 0.78x
[14.779s][info][gc,stats    ]   CMR: <total>                      321 us
[14.779s][info][gc,stats    ]   CMR: Thread Roots                 275 us, workers (us): 275, ---, ---, 
[14.779s][info][gc,stats    ]   CMR: VM Strong Roots                6 us, workers (us):   6, ---, ---, 
[14.779s][info][gc,stats    ]   CMR: CLDG Roots                    41 us, workers (us):  41, ---, ---, 
[14.779s][info][gc,stats    ] Concurrent Marking                 9355 us
[14.779s][info][gc,stats    ] Pause Final Mark (G)                345 us
[14.779s][info][gc,stats    ] Pause Final Mark (N)                248 us
[14.779s][info][gc,stats    ]   Finish Mark                        49 us
[14.779s][info][gc,stats    ]   Update Region States               53 us
[14.779s][info][gc,stats    ]   Choose Collection Set              72 us
[14.779s][info][gc,stats    ]   Rebuild Free Set                    8 us
[14.779s][info][gc,stats    ] Concurrent Thread Roots             399 us, parallelism: 0.84x
[14.779s][info][gc,stats    ]   CTR: <total>                      335 us
[14.779s][info][gc,stats    ]   CTR: Thread Roots                 335 us, workers (us): 335, ---, ---, 
[14.779s][info][gc,stats    ] Concurrent Weak References          167 us, parallelism: 0.57x
[14.779s][info][gc,stats    ]   CWRF: <total>                      95 us
[14.779s][info][gc,stats    ]   CWRF: Weak References              95 us, workers (us):  95, ---, ---, 
[14.779s][info][gc,stats    ] Concurrent Weak Roots              1935 us
[14.779s][info][gc,stats    ]   Roots                            1306 us, parallelism: 0.97x
[14.779s][info][gc,stats    ]     CWR: <total>                   1269 us
[14.779s][info][gc,stats    ]     CWR: Code Cache Roots          1161 us, workers (us): 1161, ---, ---, 
[14.779s][info][gc,stats    ]     CWR: VM Weak Roots               99 us, workers (us):  99, ---, ---, 
[14.779s][info][gc,stats    ]     CWR: CLDG Roots                   9 us, workers (us):   9, ---, ---, 
[14.779s][info][gc,stats    ]   Rendezvous                        555 us
[14.779s][info][gc,stats    ] Concurrent Cleanup                  122 us
[14.779s][info][gc,stats    ] Concurrent Class Unloading         5705 us
[14.779s][info][gc,stats    ]   Unlink Stale                     4610 us
[14.779s][info][gc,stats    ]     System Dictionary                12 us
[14.779s][info][gc,stats    ]     Weak Class Links                  0 us
[14.779s][info][gc,stats    ]     Code Roots                     4595 us
[14.779s][info][gc,stats    ]   Rendezvous                        753 us
[14.779s][info][gc,stats    ]   Purge Unlinked                    278 us
[14.779s][info][gc,stats    ]     Code Roots                      272 us
[14.779s][info][gc,stats    ]     CLDG                              5 us
[14.779s][info][gc,stats    ]     Exception Caches                  0 us
[14.779s][info][gc,stats    ] Concurrent Strong Roots             103 us, parallelism: 0.39x
[14.779s][info][gc,stats    ]   CSR: <total>                       40 us
[14.779s][info][gc,stats    ]   CSR: VM Strong Roots                4 us, workers (us):   4, ---, ---, 
[14.779s][info][gc,stats    ]   CSR: CLDG Roots                    36 us, workers (us):  36, ---, ---, 
[14.779s][info][gc,stats    ] Concurrent Evacuation              1204 us
[14.779s][info][gc,stats    ] Pause Init Update Refs (G)          477 us
[14.779s][info][gc,stats    ] Pause Init Update Refs (N)           37 us
[14.779s][info][gc,stats    ]   Manage GCLABs                       4 us
[14.779s][info][gc,stats    ] Concurrent Update Refs             9786 us
[14.779s][info][gc,stats    ] Concurrent Update Thread Roots     2583 us
[14.779s][info][gc,stats    ] Pause Final Update Refs (G)         326 us
[14.779s][info][gc,stats    ] Pause Final Update Refs (N)         158 us
[14.779s][info][gc,stats    ]   Update Region States               58 us
[14.779s][info][gc,stats    ]   Trash Collection Set               10 us
[14.779s][info][gc,stats    ]   Rebuild Free Set                   19 us
[14.779s][info][gc,stats    ] Concurrent Cleanup                   52 us
[14.779s][info][gc,stats    ] 
[14.779s][info][gc,stats    ] Allocation pacing accrued:
[14.779s][info][gc,stats    ]       0 of   468 ms (  0.0%): <total>
[14.779s][info][gc,stats    ]       0 of   468 ms (  0.0%): <average total>
[14.780s][info][gc,stats    ] 
[14.780s][info][gc,metaspace] Metaspace: 8788K(9472K)->8788K(9472K) NonClass: 7939K(8320K)->7939K(8320K) Class: 849K(1152K)->849K(1152K)
[14.780s][info][gc,ergo     ] Pacer for Idle. Initial: 41943K, Alloc Tax Rate: 1.0x
[15.203s][info][gc          ] Trigger: Average GC time (53.77 ms) is above the time for average allocation rate (3770 MB/s) to deplete free headroom (174M) (margin of error = 1.82)
[15.204s][info][gc,ergo     ] Free headroom: 276M (free) - 102M (spike) - 0B (penalties) = 174M
[15.204s][info][gc,ergo     ] Free: 276M, Max: 1024K regular, 254M humongous, Frag: 8% external, 0% internal; Reserve: 103M, Max: 1024K
[15.204s][info][gc,start    ] GC(28) Concurrent reset
[15.204s][info][gc,task     ] GC(28) Using 1 of 3 workers for concurrent reset
[15.204s][info][gc,ergo     ] GC(28) Pacer for Reset. Non-Taxable: 2048M
[15.205s][info][gc          ] GC(28) Concurrent reset 0.988ms
[15.205s][info][gc,start    ] GC(28) Pause Init Mark (unload classes)
[15.205s][info][gc,task     ] GC(28) Using 3 of 3 workers for init marking
[15.205s][info][gc,ergo     ] GC(28) Pacer for Mark. Expected Live: 8411K, Free: 274M, Non-Taxable: 28101K, Alloc Tax Rate: 0.0x
[15.205s][info][gc          ] GC(28) Pause Init Mark (unload classes) 0.089ms
[15.206s][info][gc,start    ] GC(28) Concurrent marking roots
[15.206s][info][gc,task     ] GC(28) Using 1 of 3 workers for concurrent marking roots
[15.206s][info][gc          ] GC(28) Concurrent marking roots 0.454ms
[15.206s][info][gc,start    ] GC(28) Concurrent marking (unload classes)
[15.206s][info][gc,task     ] GC(28) Using 1 of 3 workers for concurrent marking
[15.211s][info][gc          ] GC(28) Concurrent marking (unload classes) 4.972ms
[15.212s][info][gc,start    ] GC(28) Pause Final Mark (unload classes)
[15.212s][info][gc,task     ] GC(28) Using 3 of 3 workers for final marking
[15.212s][info][gc,ergo     ] GC(28) Adaptive CSet Selection. Target Free: 290M, Actual Free: 1855M, Max CSet: 87381K, Min Garbage: 0B
[15.212s][info][gc,ergo     ] GC(28) Collectable Garbage: 1659M (99%), Immediate: 1501M (90%), CSet: 158M (9%)
[15.212s][info][gc,ergo     ] GC(28) Pacer for Evacuation. Used CSet: 159M, Free: 1754M, Non-Taxable: 175M, Alloc Tax Rate: 1.1x
[15.212s][info][gc          ] GC(28) Pause Final Mark (unload classes) 0.213ms
[15.212s][info][gc,start    ] GC(28) Concurrent thread roots
[15.212s][info][gc,task     ] GC(28) Using 1 of 3 workers for Concurrent thread roots
[15.212s][info][gc          ] GC(28) Concurrent thread roots 0.396ms
[15.212s][info][gc,start    ] GC(28) Concurrent weak references
[15.212s][info][gc,task     ] GC(28) Using 1 of 3 workers for concurrent weak references
[15.212s][info][gc,ref      ] GC(28) Encountered references: Soft: 137, Weak: 887, Final: 3, Phantom: 102
[15.212s][info][gc,ref      ] GC(28) Discovered  references: Soft: 0, Weak: 429, Final: 1, Phantom: 86
[15.212s][info][gc,ref      ] GC(28) Enqueued    references: Soft: 0, Weak: 293, Final: 0, Phantom: 0
[15.212s][info][gc          ] GC(28) Concurrent weak references 0.151ms
[15.212s][info][gc,start    ] GC(28) Concurrent weak roots
[15.212s][info][gc,task     ] GC(28) Using 1 of 3 workers for concurrent weak root
[15.214s][info][gc          ] GC(28) Concurrent weak roots 1.614ms
[15.214s][info][gc,start    ] GC(28) Concurrent cleanup
[15.214s][info][gc          ] GC(28) Concurrent cleanup 1698M->197M(2048M) 0.098ms
[15.214s][info][gc,ergo     ] GC(28) Free: 1745M, Max: 1024K regular, 242M humongous, Frag: 87% external, 0% internal; Reserve: 102M, Max: 1024K
[15.214s][info][gc,start    ] GC(28) Concurrent class unloading
[15.214s][info][gc,task     ] GC(28) Using 1 of 3 workers for concurrent class unloading
[15.224s][info][gc          ] GC(28) Concurrent class unloading 9.795ms
[15.224s][info][gc,start    ] GC(28) Concurrent strong roots
[15.224s][info][gc,task     ] GC(28) Using 1 of 3 workers for concurrent strong root
[15.224s][info][gc          ] GC(28) Concurrent strong roots 0.090ms
[15.224s][info][gc,start    ] GC(28) Concurrent evacuation
[15.224s][info][gc,task     ] GC(28) Using 1 of 3 workers for concurrent evacuation
[15.225s][info][gc          ] GC(28) Concurrent evacuation 1.313ms
[15.226s][info][gc,start    ] GC(28) Pause Init Update Refs
[15.226s][info][gc,ergo     ] GC(28) Pacer for Update Refs. Used: 235M, Free: 1708M, Non-Taxable: 170M, Alloc Tax Rate: 1.1x
[15.226s][info][gc          ] GC(28) Pause Init Update Refs 0.047ms
[15.226s][info][gc,start    ] GC(28) Concurrent update references
[15.226s][info][gc,task     ] GC(28) Using 1 of 3 workers for concurrent reference update
[15.233s][info][gc          ] GC(28) Concurrent update references 6.490ms
[15.233s][info][gc,start    ] GC(28) Concurrent update thread roots
[15.233s][info][gc          ] GC(28) Concurrent update thread roots 0.762ms
[15.234s][info][gc,start    ] GC(28) Pause Final Update Refs
[15.234s][info][gc,task     ] GC(28) Using 3 of 3 workers for final reference update
[15.234s][info][gc          ] GC(28) Pause Final Update Refs 0.129ms
[15.234s][info][gc,start    ] GC(28) Concurrent cleanup
[15.234s][info][gc          ] GC(28) Concurrent cleanup 253M->94M(2048M) 0.043ms
[15.234s][info][gc,ergo     ] Free: 1848M, Max: 1024K regular, 1553M humongous, Frag: 16% external, 0% internal; Reserve: 103M, Max: 1024K
[15.234s][info][gc,stats    ] 
[15.234s][info][gc,stats    ] All times are wall-clock times, except per-root-class counters, that are sum over
[15.234s][info][gc,stats    ] all workers. Dividing the <total> over the root stage time estimates parallelism.
[15.234s][info][gc,stats    ] 
[15.234s][info][gc,stats    ] Concurrent Reset                   1033 us
[15.234s][info][gc,stats    ] Pause Init Mark (G)                1398 us
[15.234s][info][gc,stats    ] Pause Init Mark (N)                  98 us
[15.234s][info][gc,stats    ]   Update Region States               29 us
[15.234s][info][gc,stats    ] Concurrent Mark Roots               474 us, parallelism: 0.82x
[15.234s][info][gc,stats    ]   CMR: <total>                      387 us
[15.234s][info][gc,stats    ]   CMR: Thread Roots                 342 us, workers (us): 342, ---, ---, 
[15.234s][info][gc,stats    ]   CMR: VM Strong Roots                5 us, workers (us):   5, ---, ---, 
[15.234s][info][gc,stats    ]   CMR: CLDG Roots                    39 us, workers (us):  39, ---, ---, 
[15.234s][info][gc,stats    ] Concurrent Marking                 5015 us
[15.234s][info][gc,stats    ] Pause Final Mark (G)                316 us
[15.234s][info][gc,stats    ] Pause Final Mark (N)                222 us
[15.234s][info][gc,stats    ]   Finish Mark                        48 us
[15.234s][info][gc,stats    ]   Update Region States               35 us
[15.234s][info][gc,stats    ]   Choose Collection Set              68 us
[15.234s][info][gc,stats    ]   Rebuild Free Set                    8 us
[15.234s][info][gc,stats    ] Concurrent Thread Roots             416 us, parallelism: 0.84x
[15.234s][info][gc,stats    ]   CTR: <total>                      349 us
[15.234s][info][gc,stats    ]   CTR: Thread Roots                 349 us, workers (us): 349, ---, ---, 
[15.234s][info][gc,stats    ] Concurrent Weak References          159 us, parallelism: 0.53x
[15.234s][info][gc,stats    ]   CWRF: <total>                      84 us
[15.234s][info][gc,stats    ]   CWRF: Weak References              84 us, workers (us):  84, ---, ---, 
[15.234s][info][gc,stats    ] Concurrent Weak Roots              1644 us
[15.234s][info][gc,stats    ]   Roots                            1235 us, parallelism: 0.98x
[15.234s][info][gc,stats    ]     CWR: <total>                   1204 us
[15.234s][info][gc,stats    ]     CWR: Code Cache Roots          1093 us, workers (us): 1093, ---, ---, 
[15.234s][info][gc,stats    ]     CWR: VM Weak Roots              101 us, workers (us): 101, ---, ---, 
[15.234s][info][gc,stats    ]     CWR: CLDG Roots                  10 us, workers (us):  10, ---, ---, 
[15.234s][info][gc,stats    ]   Rendezvous                        361 us
[15.234s][info][gc,stats    ] Concurrent Cleanup                  107 us
[15.234s][info][gc,stats    ] Concurrent Class Unloading         9841 us
[15.234s][info][gc,stats    ]   Unlink Stale                     4495 us
[15.234s][info][gc,stats    ]     System Dictionary                 9 us
[15.234s][info][gc,stats    ]     Weak Class Links                  0 us
[15.234s][info][gc,stats    ]     Code Roots                     4485 us
[15.234s][info][gc,stats    ]   Rendezvous                       4921 us
[15.234s][info][gc,stats    ]   Purge Unlinked                    357 us
[15.234s][info][gc,stats    ]     Code Roots                      348 us
[15.234s][info][gc,stats    ]     CLDG                              9 us
[15.234s][info][gc,stats    ]     Exception Caches                  0 us
[15.234s][info][gc,stats    ] Concurrent Strong Roots              99 us, parallelism: 0.41x
[15.234s][info][gc,stats    ]   CSR: <total>                       41 us
[15.234s][info][gc,stats    ]   CSR: VM Strong Roots                4 us, workers (us):   4, ---, ---, 
[15.234s][info][gc,stats    ]   CSR: CLDG Roots                    37 us, workers (us):  37, ---, ---, 
[15.234s][info][gc,stats    ] Concurrent Evacuation              1369 us
[15.234s][info][gc,stats    ] Pause Init Update Refs (G)          688 us
[15.234s][info][gc,stats    ] Pause Init Update Refs (N)           64 us
[15.234s][info][gc,stats    ]   Manage GCLABs                       4 us
[15.234s][info][gc,stats    ] Concurrent Update Refs             6531 us
[15.234s][info][gc,stats    ] Concurrent Update Thread Roots      799 us
[15.234s][info][gc,stats    ] Pause Final Update Refs (G)         288 us
[15.234s][info][gc,stats    ] Pause Final Update Refs (N)         147 us
[15.234s][info][gc,stats    ]   Update Region States               51 us
[15.234s][info][gc,stats    ]   Trash Collection Set               10 us
[15.234s][info][gc,stats    ]   Rebuild Free Set                   16 us
[15.234s][info][gc,stats    ] Concurrent Cleanup                   54 us
[15.234s][info][gc,stats    ] Pacing                             1979 us
[15.234s][info][gc,stats    ] 
[15.234s][info][gc,stats    ] Allocation pacing accrued:
[15.234s][info][gc,stats    ]       1 of   455 ms (  0.2%): Query0
[15.234s][info][gc,stats    ]       0 of   455 ms (  0.0%): Query1
[15.234s][info][gc,stats    ]       0 of   455 ms (  0.1%): Query2
[15.234s][info][gc,stats    ]       1 of   455 ms (  0.1%): Query4
[15.234s][info][gc,stats    ]       0 of   455 ms (  0.1%): Query5
[15.234s][info][gc,stats    ]       2 of   455 ms (  0.4%): <total>
[15.234s][info][gc,stats    ]       0 of   455 ms (  0.0%): <average total>
[15.234s][info][gc,stats    ]       0 of   455 ms (  0.1%): <average non-zero>
[15.234s][info][gc,stats    ] 
[15.234s][info][gc,metaspace] Metaspace: 8788K(9472K)->8788K(9472K) NonClass: 7939K(8320K)->7939K(8320K) Class: 849K(1152K)->849K(1152K)
[15.234s][info][gc,ergo     ] Pacer for Idle. Initial: 41943K, Alloc Tax Rate: 1.0x
[15.681s][info][gc          ] Trigger: Average GC time (46.53 ms) is above the time for average allocation rate (3788 MB/s) to deplete free headroom (149M) (margin of error = 1.82)
[15.681s][info][gc,ergo     ] Free headroom: 251M (free) - 102M (spike) - 0B (penalties) = 149M
[15.681s][info][gc,ergo     ] Free: 251M, Max: 1024K regular, 242M humongous, Frag: 3% external, 0% internal; Reserve: 103M, Max: 1024K
[15.681s][info][gc,start    ] GC(29) Concurrent reset
[15.681s][info][gc,task     ] GC(29) Using 1 of 3 workers for concurrent reset
[15.681s][info][gc,ergo     ] GC(29) Pacer for Reset. Non-Taxable: 2048M
[15.682s][info][gc          ] GC(29) Concurrent reset 0.880ms
[15.682s][info][gc,start    ] GC(29) Pause Init Mark (unload classes)
[15.682s][info][gc,task     ] GC(29) Using 3 of 3 workers for init marking
[15.682s][info][gc,ergo     ] GC(29) Pacer for Mark. Expected Live: 8396K, Free: 251M, Non-Taxable: 25766K, Alloc Tax Rate: 0.0x
[15.682s][info][gc          ] GC(29) Pause Init Mark (unload classes) 0.105ms
[15.682s][info][gc,start    ] GC(29) Concurrent marking roots
[15.682s][info][gc,task     ] GC(29) Using 1 of 3 workers for concurrent marking roots
[15.683s][info][gc          ] GC(29) Concurrent marking roots 0.465ms
[15.683s][info][gc,start    ] GC(29) Concurrent marking (unload classes)
[15.683s][info][gc,task     ] GC(29) Using 1 of 3 workers for concurrent marking
[15.747s][info][gc          ] GC(29) Concurrent marking (unload classes) 63.678ms
[15.747s][info][gc,start    ] GC(29) Pause Final Mark (unload classes)
[15.747s][info][gc,task     ] GC(29) Using 3 of 3 workers for final marking
[15.747s][info][gc,ergo     ] GC(29) Adaptive CSet Selection. Target Free: 290M, Actual Free: 1710M, Max CSet: 87381K, Min Garbage: 0B
[15.747s][info][gc,ergo     ] GC(29) Collectable Garbage: 1682M (99%), Immediate: 1524M (90%), CSet: 158M (9%)
[15.747s][info][gc,ergo     ] GC(29) Pacer for Evacuation. Used CSet: 158M, Free: 1609M, Non-Taxable: 160M, Alloc Tax Rate: 1.1x
[15.747s][info][gc          ] GC(29) Pause Final Mark (unload classes) 0.256ms
[15.748s][info][gc,start    ] GC(29) Concurrent thread roots
[15.748s][info][gc,task     ] GC(29) Using 1 of 3 workers for Concurrent thread roots
[15.748s][info][gc          ] GC(29) Concurrent thread roots 0.416ms
[15.748s][info][gc,start    ] GC(29) Concurrent weak references
[15.748s][info][gc,task     ] GC(29) Using 1 of 3 workers for concurrent weak references
[15.749s][info][gc,ref      ] GC(29) Encountered references: Soft: 137, Weak: 887, Final: 3, Phantom: 85
[15.749s][info][gc,ref      ] GC(29) Discovered  references: Soft: 0, Weak: 437, Final: 1, Phantom: 66
[15.749s][info][gc,ref      ] GC(29) Enqueued    references: Soft: 0, Weak: 287, Final: 0, Phantom: 0
[15.749s][info][gc          ] GC(29) Concurrent weak references 0.180ms
[15.749s][info][gc,start    ] GC(29) Concurrent weak roots
[15.749s][info][gc,task     ] GC(29) Using 1 of 3 workers for concurrent weak root
[15.762s][info][gc          ] GC(29) Concurrent weak roots 13.845ms
[15.762s][info][gc,start    ] GC(29) Concurrent cleanup
[15.763s][info][gc          ] GC(29) Concurrent cleanup 1884M->360M(2048M) 0.097ms
[15.763s][info][gc,ergo     ] GC(29) Free: 1582M, Max: 1024K regular, 57344K humongous, Frag: 97% external, 0% internal; Reserve: 102M, Max: 1024K
[15.763s][info][gc,start    ] GC(29) Concurrent class unloading
[15.763s][info][gc,task     ] GC(29) Using 1 of 3 workers for concurrent class unloading
[15.794s][info][gc          ] GC(29) Concurrent class unloading 31.838ms
[15.794s][info][gc,start    ] GC(29) Concurrent strong roots
[15.795s][info][gc,task     ] GC(29) Using 1 of 3 workers for concurrent strong root
[15.795s][info][gc          ] GC(29) Concurrent strong roots 0.099ms
[15.795s][info][gc,start    ] GC(29) Concurrent evacuation
[15.795s][info][gc,task     ] GC(29) Using 1 of 3 workers for concurrent evacuation
[15.796s][info][gc          ] GC(29) Concurrent evacuation 1.237ms
[15.796s][info][gc,start    ] GC(29) Pause Init Update Refs
[15.796s][info][gc,ergo     ] GC(29) Pacer for Update Refs. Used: 449M, Free: 1494M, Non-Taxable: 149M, Alloc Tax Rate: 1.1x
[15.796s][info][gc          ] GC(29) Pause Init Update Refs 0.044ms
[15.798s][info][gc,start    ] GC(29) Concurrent update references
[15.798s][info][gc,task     ] GC(29) Using 1 of 3 workers for concurrent reference update
[15.841s][info][gc          ] GC(29) Concurrent update references 43.669ms
[15.841s][info][gc,start    ] GC(29) Concurrent update thread roots
[15.842s][info][gc          ] GC(29) Concurrent update thread roots 0.742ms
[15.842s][info][gc,start    ] GC(29) Pause Final Update Refs
[15.842s][info][gc,task     ] GC(29) Using 3 of 3 workers for final reference update
[15.842s][info][gc          ] GC(29) Pause Final Update Refs 0.134ms
[15.843s][info][gc,start    ] GC(29) Concurrent cleanup
[15.843s][info][gc          ] GC(29) Concurrent cleanup 550M->391M(2048M) 0.045ms
[15.843s][info][gc,ergo     ] Free: 1551M, Max: 1024K regular, 1464M humongous, Frag: 6% external, 0% internal; Reserve: 103M, Max: 1024K
[15.843s][info][gc,stats    ] 
[15.843s][info][gc,stats    ] All times are wall-clock times, except per-root-class counters, that are sum over
[15.843s][info][gc,stats    ] all workers. Dividing the <total> over the root stage time estimates parallelism.
[15.843s][info][gc,stats    ] 
[15.843s][info][gc,stats    ] Concurrent Reset                    940 us
[15.843s][info][gc,stats    ] Pause Init Mark (G)                 318 us
[15.843s][info][gc,stats    ] Pause Init Mark (N)                 115 us
[15.843s][info][gc,stats    ]   Update Region States               40 us
[15.843s][info][gc,stats    ] Concurrent Mark Roots               481 us, parallelism: 0.83x
[15.843s][info][gc,stats    ]   CMR: <total>                      400 us
[15.843s][info][gc,stats    ]   CMR: Thread Roots                 357 us, workers (us): 357, ---, ---, 
[15.843s][info][gc,stats    ]   CMR: VM Strong Roots                6 us, workers (us):   6, ---, ---, 
[15.843s][info][gc,stats    ]   CMR: CLDG Roots                    38 us, workers (us):  38, ---, ---, 
[15.843s][info][gc,stats    ] Concurrent Marking                63735 us
[15.843s][info][gc,stats    ] Pause Final Mark (G)               1384 us
[15.843s][info][gc,stats    ] Pause Final Mark (N)                266 us
[15.843s][info][gc,stats    ]   Finish Mark                        71 us
[15.843s][info][gc,stats    ]   Update Region States               37 us
[15.843s][info][gc,stats    ]   Choose Collection Set              61 us
[15.843s][info][gc,stats    ]   Rebuild Free Set                    8 us
[15.843s][info][gc,stats    ] Concurrent Thread Roots             436 us, parallelism: 0.72x
[15.843s][info][gc,stats    ]   CTR: <total>                      314 us
[15.843s][info][gc,stats    ]   CTR: Thread Roots                 314 us, workers (us): 314, ---, ---, 
[15.843s][info][gc,stats    ] Concurrent Weak References          189 us, parallelism: 0.53x
[15.843s][info][gc,stats    ]   CWRF: <total>                     100 us
[15.843s][info][gc,stats    ]   CWRF: Weak References             100 us, workers (us): 100, ---, ---, 
[15.843s][info][gc,stats    ] Concurrent Weak Roots             13893 us
[15.843s][info][gc,stats    ]   Roots                            1269 us, parallelism: 0.96x
[15.843s][info][gc,stats    ]     CWR: <total>                   1221 us
[15.843s][info][gc,stats    ]     CWR: Code Cache Roots          1099 us, workers (us): 1099, ---, ---, 
[15.843s][info][gc,stats    ]     CWR: VM Weak Roots              114 us, workers (us): 114, ---, ---, 
[15.843s][info][gc,stats    ]     CWR: CLDG Roots                   8 us, workers (us):   8, ---, ---, 
[15.843s][info][gc,stats    ]   Rendezvous                      12554 us
[15.843s][info][gc,stats    ] Concurrent Cleanup                  108 us
[15.843s][info][gc,stats    ] Concurrent Class Unloading        31889 us
[15.843s][info][gc,stats    ]   Unlink Stale                     5133 us
[15.843s][info][gc,stats    ]     System Dictionary                11 us
[15.843s][info][gc,stats    ]     Weak Class Links                  1 us
[15.843s][info][gc,stats    ]     Code Roots                     5120 us
[15.843s][info][gc,stats    ]   Rendezvous                      26378 us
[15.843s][info][gc,stats    ]   Purge Unlinked                    306 us
[15.843s][info][gc,stats    ]     Code Roots                      300 us
[15.843s][info][gc,stats    ]     CLDG                              5 us
[15.843s][info][gc,stats    ]     Exception Caches                  0 us
[15.843s][info][gc,stats    ] Concurrent Strong Roots             115 us, parallelism: 0.39x
[15.843s][info][gc,stats    ]   CSR: <total>                       45 us
[15.843s][info][gc,stats    ]   CSR: VM Strong Roots                4 us, workers (us):   4, ---, ---, 
[15.843s][info][gc,stats    ]   CSR: CLDG Roots                    41 us, workers (us):  41, ---, ---, 
[15.843s][info][gc,stats    ] Concurrent Evacuation              1286 us
[15.843s][info][gc,stats    ] Pause Init Update Refs (G)         1808 us
[15.843s][info][gc,stats    ] Pause Init Update Refs (N)           53 us
[15.843s][info][gc,stats    ]   Manage GCLABs                       5 us
[15.843s][info][gc,stats    ] Concurrent Update Refs            43717 us
[15.843s][info][gc,stats    ] Concurrent Update Thread Roots      784 us
[15.843s][info][gc,stats    ] Pause Final Update Refs (G)         482 us
[15.843s][info][gc,stats    ] Pause Final Update Refs (N)         153 us
[15.843s][info][gc,stats    ]   Update Region States               58 us
[15.843s][info][gc,stats    ]   Trash Collection Set               10 us
[15.843s][info][gc,stats    ]   Rebuild Free Set                   18 us
[15.843s][info][gc,stats    ] Concurrent Cleanup                   56 us
[15.843s][info][gc,stats    ] Pacing                           127563 us
[15.843s][info][gc,stats    ] 
[15.843s][info][gc,stats    ] Allocation pacing accrued:
[15.843s][info][gc,stats    ]      22 of   609 ms (  3.6%): Query0
[15.843s][info][gc,stats    ]      21 of   609 ms (  3.4%): Query1
[15.843s][info][gc,stats    ]      22 of   609 ms (  3.6%): Query2
[15.843s][info][gc,stats    ]      22 of   609 ms (  3.6%): Query3
[15.843s][info][gc,stats    ]      20 of   609 ms (  3.3%): Query4
[15.843s][info][gc,stats    ]      21 of   609 ms (  3.4%): Query5
[15.843s][info][gc,stats    ]     128 of   609 ms ( 20.9%): <total>
[15.843s][info][gc,stats    ]       7 of   609 ms (  1.2%): <average total>
[15.843s][info][gc,stats    ]      21 of   609 ms (  3.5%): <average non-zero>
[15.843s][info][gc,stats    ] 
[15.843s][info][gc,metaspace] Metaspace: 8788K(9472K)->8788K(9472K) NonClass: 7939K(8320K)->7939K(8320K) Class: 849K(1152K)->849K(1152K)
[15.843s][info][gc,ergo     ] Pacer for Idle. Initial: 41943K, Alloc Tax Rate: 1.0x
[16.063s][info][gc          ] Trigger: Average GC time (217.20 ms) is above the time for average allocation rate (3217 MB/s) to deplete free headroom (693M) (margin of error = 1.85)
[16.063s][info][gc,ergo     ] Free headroom: 795M (free) - 102M (spike) - 0B (penalties) = 693M
[16.063s][info][gc,ergo     ] Free: 795M, Max: 1024K regular, 725M humongous, Frag: 9% external, 0% internal; Reserve: 103M, Max: 1024K
[16.063s][info][gc,start    ] GC(30) Concurrent reset
[16.063s][info][gc,task     ] GC(30) Using 1 of 3 workers for concurrent reset
[16.063s][info][gc,ergo     ] GC(30) Pacer for Reset. Non-Taxable: 2048M
[16.064s][info][gc          ] GC(30) Concurrent reset 0.821ms
[16.064s][info][gc,start    ] GC(30) Pause Init Mark (unload classes)
[16.064s][info][gc,task     ] GC(30) Using 3 of 3 workers for init marking
[16.064s][info][gc,ergo     ] GC(30) Pacer for Mark. Expected Live: 8352K, Free: 791M, Non-Taxable: 81065K, Alloc Tax Rate: 0.0x
[16.065s][info][gc          ] GC(30) Pause Init Mark (unload classes) 0.130ms
[16.065s][info][gc,start    ] GC(30) Concurrent marking roots
[16.065s][info][gc,task     ] GC(30) Using 1 of 3 workers for concurrent marking roots
[16.065s][info][gc          ] GC(30) Concurrent marking roots 0.418ms
[16.065s][info][gc,start    ] GC(30) Concurrent marking (unload classes)
[16.065s][info][gc,task     ] GC(30) Using 1 of 3 workers for concurrent marking
[16.070s][info][gc          ] GC(30) Concurrent marking (unload classes) 4.880ms
[16.070s][info][gc,start    ] GC(30) Pause Final Mark (unload classes)
[16.070s][info][gc,task     ] GC(30) Using 3 of 3 workers for final marking
[16.070s][info][gc,ergo     ] GC(30) Adaptive CSet Selection. Target Free: 290M, Actual Free: 1898M, Max CSet: 87381K, Min Garbage: 0B
[16.070s][info][gc,ergo     ] GC(30) Collectable Garbage: 1141M (99%), Immediate: 1026M (89%), CSet: 115M (10%)
[16.070s][info][gc,ergo     ] GC(30) Pacer for Evacuation. Used CSet: 116M, Free: 1797M, Non-Taxable: 179M, Alloc Tax Rate: 1.1x
[16.070s][info][gc          ] GC(30) Pause Final Mark (unload classes) 0.216ms
[16.070s][info][gc,start    ] GC(30) Concurrent thread roots
[16.070s][info][gc,task     ] GC(30) Using 1 of 3 workers for Concurrent thread roots
[16.071s][info][gc          ] GC(30) Concurrent thread roots 0.398ms
[16.071s][info][gc,start    ] GC(30) Concurrent weak references
[16.071s][info][gc,task     ] GC(30) Using 1 of 3 workers for concurrent weak references
[16.071s][info][gc,ref      ] GC(30) Encountered references: Soft: 137, Weak: 816, Final: 3, Phantom: 124
[16.071s][info][gc,ref      ] GC(30) Discovered  references: Soft: 0, Weak: 342, Final: 1, Phantom: 108
[16.071s][info][gc,ref      ] GC(30) Enqueued    references: Soft: 0, Weak: 209, Final: 0, Phantom: 0
[16.071s][info][gc          ] GC(30) Concurrent weak references 0.141ms
[16.071s][info][gc,start    ] GC(30) Concurrent weak roots
[16.071s][info][gc,task     ] GC(30) Using 1 of 3 workers for concurrent weak root
[16.073s][info][gc          ] GC(30) Concurrent weak roots 2.461ms
[16.073s][info][gc,start    ] GC(30) Concurrent cleanup
[16.073s][info][gc          ] GC(30) Concurrent cleanup 1184M->158M(2048M) 0.085ms
[16.073s][info][gc,ergo     ] GC(30) Free: 1785M, Max: 1024K regular, 692M humongous, Frag: 62% external, 0% internal; Reserve: 102M, Max: 1024K
[16.073s][info][gc,start    ] GC(30) Concurrent class unloading
[16.073s][info][gc,task     ] GC(30) Using 1 of 3 workers for concurrent class unloading
[16.080s][info][gc          ] GC(30) Concurrent class unloading 6.285ms
[16.080s][info][gc,start    ] GC(30) Concurrent strong roots
[16.080s][info][gc,task     ] GC(30) Using 1 of 3 workers for concurrent strong root
[16.080s][info][gc          ] GC(30) Concurrent strong roots 0.100ms
[16.080s][info][gc,start    ] GC(30) Concurrent evacuation
[16.080s][info][gc,task     ] GC(30) Using 1 of 3 workers for concurrent evacuation
[16.081s][info][gc          ] GC(30) Concurrent evacuation 1.131ms
[16.081s][info][gc,start    ] GC(30) Pause Init Update Refs
[16.081s][info][gc,ergo     ] GC(30) Pacer for Update Refs. Used: 178M, Free: 1765M, Non-Taxable: 176M, Alloc Tax Rate: 1.1x
[16.081s][info][gc          ] GC(30) Pause Init Update Refs 0.049ms
[16.081s][info][gc,start    ] GC(30) Concurrent update references
[16.082s][info][gc,task     ] GC(30) Using 1 of 3 workers for concurrent reference update
[16.088s][info][gc          ] GC(30) Concurrent update references 6.204ms
[16.088s][info][gc,start    ] GC(30) Concurrent update thread roots
[16.088s][info][gc          ] GC(30) Concurrent update thread roots 0.534ms
[16.088s][info][gc,start    ] GC(30) Pause Final Update Refs
[16.091s][info][gc,task     ] GC(30) Using 3 of 3 workers for final reference update
[16.091s][info][gc          ] GC(30) Pause Final Update Refs 2.660ms
[16.091s][info][gc,start    ] GC(30) Concurrent cleanup
[16.091s][info][gc          ] GC(30) Concurrent cleanup 197M->81M(2048M) 0.072ms
[16.092s][info][gc,ergo     ] Free: 1861M, Max: 1024K regular, 949M humongous, Frag: 49% external, 0% internal; Reserve: 103M, Max: 1024K
[16.092s][info][gc,stats    ] 
[16.092s][info][gc,stats    ] All times are wall-clock times, except per-root-class counters, that are sum over
[16.092s][info][gc,stats    ] all workers. Dividing the <total> over the root stage time estimates parallelism.
[16.092s][info][gc,stats    ] 
[16.092s][info][gc,stats    ] Concurrent Reset                    887 us
[16.092s][info][gc,stats    ] Pause Init Mark (G)                 335 us
[16.092s][info][gc,stats    ] Pause Init Mark (N)                 141 us
[16.092s][info][gc,stats    ]   Update Region States               58 us
[16.092s][info][gc,stats    ] Concurrent Mark Roots               440 us, parallelism: 0.80x
[16.092s][info][gc,stats    ]   CMR: <total>                      350 us
[16.092s][info][gc,stats    ]   CMR: Thread Roots                 300 us, workers (us): 300, ---, ---, 
[16.092s][info][gc,stats    ]   CMR: VM Strong Roots                6 us, workers (us):   6, ---, ---, 
[16.092s][info][gc,stats    ]   CMR: CLDG Roots                    44 us, workers (us):  44, ---, ---, 
[16.092s][info][gc,stats    ] Concurrent Marking                 4919 us
[16.092s][info][gc,stats    ] Pause Final Mark (G)                330 us
[16.092s][info][gc,stats    ] Pause Final Mark (N)                226 us
[16.092s][info][gc,stats    ]   Finish Mark                        44 us
[16.092s][info][gc,stats    ]   Update Region States               37 us
[16.092s][info][gc,stats    ]   Choose Collection Set              72 us
[16.092s][info][gc,stats    ]   Rebuild Free Set                    8 us
[16.092s][info][gc,stats    ] Concurrent Thread Roots             415 us, parallelism: 0.83x
[16.092s][info][gc,stats    ]   CTR: <total>                      345 us
[16.092s][info][gc,stats    ]   CTR: Thread Roots                 345 us, workers (us): 345, ---, ---, 
[16.092s][info][gc,stats    ] Concurrent Weak References          149 us, parallelism: 0.51x
[16.092s][info][gc,stats    ]   CWRF: <total>                      77 us
[16.092s][info][gc,stats    ]   CWRF: Weak References              77 us, workers (us):  77, ---, ---, 
[16.092s][info][gc,stats    ] Concurrent Weak Roots              2498 us
[16.092s][info][gc,stats    ]   Roots                            1331 us, parallelism: 0.98x
[16.092s][info][gc,stats    ]     CWR: <total>                   1303 us
[16.092s][info][gc,stats    ]     CWR: Code Cache Roots          1181 us, workers (us): 1181, ---, ---, 
[16.092s][info][gc,stats    ]     CWR: VM Weak Roots              114 us, workers (us): 114, ---, ---, 
[16.092s][info][gc,stats    ]     CWR: CLDG Roots                   8 us, workers (us):   8, ---, ---, 
[16.092s][info][gc,stats    ]   Rendezvous                       1113 us
[16.092s][info][gc,stats    ] Concurrent Cleanup                   96 us
[16.092s][info][gc,stats    ] Concurrent Class Unloading         6324 us
[16.092s][info][gc,stats    ]   Unlink Stale                     4773 us
[16.092s][info][gc,stats    ]     System Dictionary                12 us
[16.092s][info][gc,stats    ]     Weak Class Links                  0 us
[16.092s][info][gc,stats    ]     Code Roots                     4759 us
[16.092s][info][gc,stats    ]   Rendezvous                       1235 us
[16.092s][info][gc,stats    ]   Purge Unlinked                    255 us
[16.092s][info][gc,stats    ]     Code Roots                      249 us
[16.092s][info][gc,stats    ]     CLDG                              6 us
[16.092s][info][gc,stats    ]     Exception Caches                  0 us
[16.092s][info][gc,stats    ] Concurrent Strong Roots             113 us, parallelism: 0.46x
[16.092s][info][gc,stats    ]   CSR: <total>                       52 us
[16.092s][info][gc,stats    ]   CSR: VM Strong Roots                4 us, workers (us):   4, ---, ---, 
[16.092s][info][gc,stats    ]   CSR: CLDG Roots                    48 us, workers (us):  48, ---, ---, 
[16.092s][info][gc,stats    ] Concurrent Evacuation              1189 us
[16.092s][info][gc,stats    ] Pause Init Update Refs (G)          365 us
[16.092s][info][gc,stats    ] Pause Init Update Refs (N)           59 us
[16.092s][info][gc,stats    ]   Manage GCLABs                       4 us
[16.092s][info][gc,stats    ] Concurrent Update Refs             6256 us
[16.092s][info][gc,stats    ] Concurrent Update Thread Roots      565 us
[16.092s][info][gc,stats    ] Pause Final Update Refs (G)        3075 us
[16.092s][info][gc,stats    ] Pause Final Update Refs (N)        2674 us
[16.092s][info][gc,stats    ]   Update Region States               53 us
[16.092s][info][gc,stats    ]   Trash Collection Set               10 us
[16.092s][info][gc,stats    ]   Rebuild Free Set                   18 us
[16.092s][info][gc,stats    ] Concurrent Cleanup                  105 us
[16.092s][info][gc,stats    ] Pacing                            11143 us
[16.092s][info][gc,stats    ] 
[16.092s][info][gc,stats    ] Allocation pacing accrued:
[16.092s][info][gc,stats    ]       2 of   249 ms (  0.8%): Query0
[16.092s][info][gc,stats    ]       0 of   249 ms (  0.1%): Query1
[16.092s][info][gc,stats    ]       6 of   249 ms (  2.6%): Query3
[16.092s][info][gc,stats    ]       2 of   249 ms (  0.9%): Query4
[16.092s][info][gc,stats    ]       0 of   249 ms (  0.1%): Query5
[16.092s][info][gc,stats    ]      11 of   249 ms (  4.5%): <total>
[16.092s][info][gc,stats    ]       1 of   249 ms (  0.2%): <average total>
[16.092s][info][gc,stats    ]       2 of   249 ms (  0.9%): <average non-zero>
[16.092s][info][gc,stats    ] 
[16.092s][info][gc,metaspace] Metaspace: 8788K(9472K)->8788K(9472K) NonClass: 7939K(8320K)->7939K(8320K) Class: 849K(1152K)->849K(1152K)
[16.092s][info][gc,ergo     ] Pacer for Idle. Initial: 41943K, Alloc Tax Rate: 1.0x
[16.405s][info][gc          ] Trigger: Average GC time (168.77 ms) is above the time for average allocation rate (3704 MB/s) to deplete free headroom (593M) (margin of error = 1.85)
[16.405s][info][gc,ergo     ] Free headroom: 696M (free) - 102M (spike) - 0B (penalties) = 593M
[16.405s][info][gc,ergo     ] Free: 696M, Max: 1024K regular, 693M humongous, Frag: 0% external, 0% internal; Reserve: 103M, Max: 1024K
[16.405s][info][gc,start    ] GC(31) Concurrent reset
[16.405s][info][gc,task     ] GC(31) Using 1 of 3 workers for concurrent reset
[16.405s][info][gc,ergo     ] GC(31) Pacer for Reset. Non-Taxable: 2048M
[16.405s][info][gc          ] GC(31) Concurrent reset 0.677ms
[16.406s][info][gc,start    ] GC(31) Pause Init Mark (unload classes)
[16.406s][info][gc,task     ] GC(31) Using 3 of 3 workers for init marking
[16.406s][info][gc,ergo     ] GC(31) Pacer for Mark. Expected Live: 8372K, Free: 693M, Non-Taxable: 70981K, Alloc Tax Rate: 0.0x
[16.406s][info][gc          ] GC(31) Pause Init Mark (unload classes) 0.116ms
[16.406s][info][gc,start    ] GC(31) Concurrent marking roots
[16.406s][info][gc,task     ] GC(31) Using 1 of 3 workers for concurrent marking roots
[16.406s][info][gc          ] GC(31) Concurrent marking roots 0.630ms
[16.406s][info][gc,start    ] GC(31) Concurrent marking (unload classes)
[16.407s][info][gc,task     ] GC(31) Using 1 of 3 workers for concurrent marking
[16.414s][info][gc          ] GC(31) Concurrent marking (unload classes) 7.062ms
[16.414s][info][gc,start    ] GC(31) Pause Final Mark (unload classes)
[16.414s][info][gc,task     ] GC(31) Using 3 of 3 workers for final marking
[16.414s][info][gc,ergo     ] GC(31) Adaptive CSet Selection. Target Free: 290M, Actual Free: 1884M, Max CSet: 87381K, Min Garbage: 0B
[16.414s][info][gc,ergo     ] GC(31) Collectable Garbage: 1240M (99%), Immediate: 1119M (90%), CSet: 121M (9%)
[16.414s][info][gc,ergo     ] GC(31) Pacer for Evacuation. Used CSet: 122M, Free: 1783M, Non-Taxable: 178M, Alloc Tax Rate: 1.1x
[16.414s][info][gc          ] GC(31) Pause Final Mark (unload classes) 0.219ms
[16.414s][info][gc,start    ] GC(31) Concurrent thread roots
[16.414s][info][gc,task     ] GC(31) Using 1 of 3 workers for Concurrent thread roots
[16.414s][info][gc          ] GC(31) Concurrent thread roots 0.423ms
[16.414s][info][gc,start    ] GC(31) Concurrent weak references
[16.414s][info][gc,task     ] GC(31) Using 1 of 3 workers for concurrent weak references
[16.415s][info][gc,ref      ] GC(31) Encountered references: Soft: 137, Weak: 825, Final: 3, Phantom: 124
[16.415s][info][gc,ref      ] GC(31) Discovered  references: Soft: 0, Weak: 355, Final: 1, Phantom: 108
[16.415s][info][gc,ref      ] GC(31) Enqueued    references: Soft: 0, Weak: 216, Final: 0, Phantom: 0
[16.415s][info][gc          ] GC(31) Concurrent weak references 0.159ms
[16.415s][info][gc,start    ] GC(31) Concurrent weak roots
[16.415s][info][gc,task     ] GC(31) Using 1 of 3 workers for concurrent weak root
[16.417s][info][gc          ] GC(31) Concurrent weak roots 1.989ms
[16.417s][info][gc,start    ] GC(31) Concurrent cleanup
[16.417s][info][gc          ] GC(31) Concurrent cleanup 1287M->168M(2048M) 0.107ms
[16.417s][info][gc,ergo     ] GC(31) Free: 1774M, Max: 1024K regular, 653M humongous, Frag: 64% external, 0% internal; Reserve: 102M, Max: 1024K
[16.417s][info][gc,start    ] GC(31) Concurrent class unloading
[16.417s][info][gc,task     ] GC(31) Using 1 of 3 workers for concurrent class unloading
[16.422s][info][gc          ] GC(31) Concurrent class unloading 5.190ms
[16.422s][info][gc,start    ] GC(31) Concurrent strong roots
[16.422s][info][gc,task     ] GC(31) Using 1 of 3 workers for concurrent strong root
[16.422s][info][gc          ] GC(31) Concurrent strong roots 0.084ms
[16.422s][info][gc,start    ] GC(31) Concurrent evacuation
[16.422s][info][gc,task     ] GC(31) Using 1 of 3 workers for concurrent evacuation
[16.423s][info][gc          ] GC(31) Concurrent evacuation 1.062ms
[16.423s][info][gc,start    ] GC(31) Pause Init Update Refs
[16.423s][info][gc,ergo     ] GC(31) Pacer for Update Refs. Used: 181M, Free: 1762M, Non-Taxable: 176M, Alloc Tax Rate: 1.1x
[16.423s][info][gc          ] GC(31) Pause Init Update Refs 0.037ms
[16.424s][info][gc,start    ] GC(31) Concurrent update references
[16.424s][info][gc,task     ] GC(31) Using 1 of 3 workers for concurrent reference update
[16.432s][info][gc          ] GC(31) Concurrent update references 8.388ms
[16.432s][info][gc,start    ] GC(31) Concurrent update thread roots
[16.438s][info][gc          ] GC(31) Concurrent update thread roots 5.996ms
[16.438s][info][gc,start    ] GC(31) Pause Final Update Refs
[16.438s][info][gc,task     ] GC(31) Using 3 of 3 workers for final reference update
[16.438s][info][gc          ] GC(31) Pause Final Update Refs 0.114ms
[16.439s][info][gc,start    ] GC(31) Concurrent cleanup
[16.439s][info][gc          ] GC(31) Concurrent cleanup 227M->107M(2048M) 0.057ms
[16.439s][info][gc,ergo     ] Free: 1835M, Max: 1024K regular, 1176M humongous, Frag: 36% external, 0% internal; Reserve: 103M, Max: 1024K
[16.439s][info][gc,stats    ] 
[16.439s][info][gc,stats    ] All times are wall-clock times, except per-root-class counters, that are sum over
[16.439s][info][gc,stats    ] all workers. Dividing the <total> over the root stage time estimates parallelism.
[16.439s][info][gc,stats    ] 
[16.439s][info][gc,stats    ] Concurrent Reset                    740 us
[16.439s][info][gc,stats    ] Pause Init Mark (G)                 410 us
[16.439s][info][gc,stats    ] Pause Init Mark (N)                 126 us
[16.439s][info][gc,stats    ]   Update Region States               45 us
[16.439s][info][gc,stats    ] Concurrent Mark Roots               655 us, parallelism: 0.86x
[16.439s][info][gc,stats    ]   CMR: <total>                      561 us
[16.439s][info][gc,stats    ]   CMR: Thread Roots                 515 us, workers (us): 515, ---, ---, 
[16.439s][info][gc,stats    ]   CMR: VM Strong Roots                5 us, workers (us):   5, ---, ---, 
[16.439s][info][gc,stats    ]   CMR: CLDG Roots                    41 us, workers (us):  41, ---, ---, 
[16.439s][info][gc,stats    ] Concurrent Marking                 7109 us
[16.439s][info][gc,stats    ] Pause Final Mark (G)                348 us
[16.439s][info][gc,stats    ] Pause Final Mark (N)                228 us
[16.439s][info][gc,stats    ]   Finish Mark                        55 us
[16.439s][info][gc,stats    ]   Update Region States               36 us
[16.439s][info][gc,stats    ]   Choose Collection Set              58 us
[16.439s][info][gc,stats    ]   Rebuild Free Set                    8 us
[16.439s][info][gc,stats    ] Concurrent Thread Roots             438 us, parallelism: 0.83x
[16.439s][info][gc,stats    ]   CTR: <total>                      365 us
[16.439s][info][gc,stats    ]   CTR: Thread Roots                 365 us, workers (us): 365, ---, ---, 
[16.439s][info][gc,stats    ] Concurrent Weak References          167 us, parallelism: 0.52x
[16.439s][info][gc,stats    ]   CWRF: <total>                      87 us
[16.439s][info][gc,stats    ]   CWRF: Weak References              87 us, workers (us):  87, ---, ---, 
[16.439s][info][gc,stats    ] Concurrent Weak Roots              2033 us
[16.439s][info][gc,stats    ]   Roots                            1348 us, parallelism: 0.97x
[16.439s][info][gc,stats    ]     CWR: <total>                   1312 us
[16.439s][info][gc,stats    ]     CWR: Code Cache Roots          1206 us, workers (us): 1206, ---, ---, 
[16.439s][info][gc,stats    ]     CWR: VM Weak Roots               97 us, workers (us):  97, ---, ---, 
[16.439s][info][gc,stats    ]     CWR: CLDG Roots                   8 us, workers (us):   8, ---, ---, 
[16.439s][info][gc,stats    ]   Rendezvous                        621 us
[16.439s][info][gc,stats    ] Concurrent Cleanup                  118 us
[16.439s][info][gc,stats    ] Concurrent Class Unloading         5234 us
[16.439s][info][gc,stats    ]   Unlink Stale                     4801 us
[16.439s][info][gc,stats    ]     System Dictionary                 9 us
[16.439s][info][gc,stats    ]     Weak Class Links                  0 us
[16.439s][info][gc,stats    ]     Code Roots                     4790 us
[16.439s][info][gc,stats    ]   Rendezvous                         77 us
[16.439s][info][gc,stats    ]   Purge Unlinked                    291 us
[16.439s][info][gc,stats    ]     Code Roots                      286 us
[16.439s][info][gc,stats    ]     CLDG                              5 us
[16.439s][info][gc,stats    ]     Exception Caches                  0 us
[16.439s][info][gc,stats    ] Concurrent Strong Roots              94 us, parallelism: 0.41x
[16.439s][info][gc,stats    ]   CSR: <total>                       38 us
[16.439s][info][gc,stats    ]   CSR: VM Strong Roots                4 us, workers (us):   4, ---, ---, 
[16.439s][info][gc,stats    ]   CSR: CLDG Roots                    35 us, workers (us):  35, ---, ---, 
[16.439s][info][gc,stats    ] Concurrent Evacuation              1115 us
[16.439s][info][gc,stats    ] Pause Init Update Refs (G)          489 us
[16.439s][info][gc,stats    ] Pause Init Update Refs (N)           45 us
[16.439s][info][gc,stats    ]   Manage GCLABs                       3 us
[16.439s][info][gc,stats    ] Concurrent Update Refs             8437 us
[16.439s][info][gc,stats    ] Concurrent Update Thread Roots     6033 us
[16.440s][info][gc,stats    ] Pause Final Update Refs (G)         799 us
[16.440s][info][gc,stats    ] Pause Final Update Refs (N)         148 us
[16.440s][info][gc,stats    ]   Update Region States               57 us
[16.440s][info][gc,stats    ]   Trash Collection Set                8 us
[16.440s][info][gc,stats    ]   Rebuild Free Set                   20 us
[16.440s][info][gc,stats    ] Concurrent Cleanup                   72 us
[16.440s][info][gc,stats    ] 
[16.440s][info][gc,stats    ] Allocation pacing accrued:
[16.440s][info][gc,stats    ]       0 of   348 ms (  0.0%): <total>
[16.440s][info][gc,stats    ]       0 of   348 ms (  0.0%): <average total>
[16.440s][info][gc,stats    ] 
[16.440s][info][gc,metaspace] Metaspace: 8788K(9472K)->8788K(9472K) NonClass: 7939K(8320K)->7939K(8320K) Class: 849K(1152K)->849K(1152K)
[16.440s][info][gc,ergo     ] Pacer for Idle. Initial: 41943K, Alloc Tax Rate: 1.0x
[16.792s][info][gc          ] Trigger: Average GC time (127.96 ms) is above the time for average allocation rate (3691 MB/s) to deplete free headroom (431M) (margin of error = 1.85)
[16.792s][info][gc,ergo     ] Free headroom: 534M (free) - 102M (spike) - 0B (penalties) = 431M
[16.793s][info][gc,ergo     ] Free: 534M, Max: 1024K regular, 531M humongous, Frag: 0% external, 0% internal; Reserve: 103M, Max: 1024K
[16.793s][info][gc,start    ] GC(32) Concurrent reset
[16.793s][info][gc,task     ] GC(32) Using 1 of 3 workers for concurrent reset
[16.793s][info][gc,ergo     ] GC(32) Pacer for Reset. Non-Taxable: 2048M
[16.793s][info][gc          ] GC(32) Concurrent reset 0.759ms
[16.793s][info][gc,start    ] GC(32) Pause Init Mark (unload classes)
[16.794s][info][gc,task     ] GC(32) Using 3 of 3 workers for init marking
[16.794s][info][gc,ergo     ] GC(32) Pacer for Mark. Expected Live: 8374K, Free: 533M, Non-Taxable: 54597K, Alloc Tax Rate: 0.0x
[16.794s][info][gc          ] GC(32) Pause Init Mark (unload classes) 0.114ms
[16.795s][info][gc,start    ] GC(32) Concurrent marking roots
[16.795s][info][gc,task     ] GC(32) Using 1 of 3 workers for concurrent marking roots
[16.796s][info][gc          ] GC(32) Concurrent marking roots 0.424ms
[16.796s][info][gc,start    ] GC(32) Concurrent marking (unload classes)
[16.796s][info][gc,task     ] GC(32) Using 1 of 3 workers for concurrent marking
[16.803s][info][gc          ] GC(32) Concurrent marking (unload classes) 7.503ms
[16.803s][info][gc,start    ] GC(32) Pause Final Mark (unload classes)
[16.804s][info][gc,task     ] GC(32) Using 3 of 3 workers for final marking
[16.804s][info][gc,ergo     ] GC(32) Adaptive CSet Selection. Target Free: 290M, Actual Free: 1868M, Max CSet: 87381K, Min Garbage: 0B
[16.804s][info][gc,ergo     ] GC(32) Collectable Garbage: 1400M (99%), Immediate: 1268M (90%), CSet: 132M (9%)
[16.804s][info][gc,ergo     ] GC(32) Pacer for Evacuation. Used CSet: 133M, Free: 1768M, Non-Taxable: 176M, Alloc Tax Rate: 1.1x
[16.804s][info][gc          ] GC(32) Pause Final Mark (unload classes) 0.231ms
[16.804s][info][gc,start    ] GC(32) Concurrent thread roots
[16.804s][info][gc,task     ] GC(32) Using 1 of 3 workers for Concurrent thread roots
[16.804s][info][gc          ] GC(32) Concurrent thread roots 0.361ms
[16.804s][info][gc,start    ] GC(32) Concurrent weak references
[16.804s][info][gc,task     ] GC(32) Using 1 of 3 workers for concurrent weak references
[16.804s][info][gc,ref      ] GC(32) Encountered references: Soft: 137, Weak: 844, Final: 3, Phantom: 108
[16.804s][info][gc,ref      ] GC(32) Discovered  references: Soft: 0, Weak: 377, Final: 1, Phantom: 81
[16.804s][info][gc,ref      ] GC(32) Enqueued    references: Soft: 0, Weak: 241, Final: 0, Phantom: 0
[16.804s][info][gc          ] GC(32) Concurrent weak references 0.131ms
[16.804s][info][gc,start    ] GC(32) Concurrent weak roots
[16.804s][info][gc,task     ] GC(32) Using 1 of 3 workers for concurrent weak root
[16.812s][info][gc          ] GC(32) Concurrent weak roots 7.424ms
[16.812s][info][gc,start    ] GC(32) Concurrent cleanup
[16.812s][info][gc          ] GC(32) Concurrent cleanup 1471M->203M(2048M) 0.090ms
[16.812s][info][gc,ergo     ] GC(32) Free: 1740M, Max: 1024K regular, 469M humongous, Frag: 73% external, 0% internal; Reserve: 102M, Max: 1024K
[16.812s][info][gc,start    ] GC(32) Concurrent class unloading
[16.812s][info][gc,task     ] GC(32) Using 1 of 3 workers for concurrent class unloading
[16.817s][info][gc          ] GC(32) Concurrent class unloading 5.438ms
[16.817s][info][gc,start    ] GC(32) Concurrent strong roots
[16.817s][info][gc,task     ] GC(32) Using 1 of 3 workers for concurrent strong root
[16.818s][info][gc          ] GC(32) Concurrent strong roots 0.097ms
[16.818s][info][gc,start    ] GC(32) Concurrent evacuation
[16.818s][info][gc,task     ] GC(32) Using 1 of 3 workers for concurrent evacuation
[16.819s][info][gc          ] GC(32) Concurrent evacuation 1.000ms
[16.819s][info][gc,start    ] GC(32) Pause Init Update Refs
[16.819s][info][gc,ergo     ] GC(32) Pacer for Update Refs. Used: 222M, Free: 1721M, Non-Taxable: 172M, Alloc Tax Rate: 1.1x
[16.819s][info][gc          ] GC(32) Pause Init Update Refs 0.053ms
[16.819s][info][gc,start    ] GC(32) Concurrent update references
[16.819s][info][gc,task     ] GC(32) Using 1 of 3 workers for concurrent reference update
[16.829s][info][gc          ] GC(32) Concurrent update references 9.368ms
[16.829s][info][gc,start    ] GC(32) Concurrent update thread roots
[16.829s][info][gc          ] GC(32) Concurrent update thread roots 0.463ms
[16.829s][info][gc,start    ] GC(32) Pause Final Update Refs
[16.829s][info][gc,task     ] GC(32) Using 3 of 3 workers for final reference update
[16.829s][info][gc          ] GC(32) Pause Final Update Refs 0.099ms
[16.831s][info][gc,start    ] GC(32) Concurrent cleanup
[16.831s][info][gc          ] GC(32) Concurrent cleanup 250M->121M(2048M) 0.094ms
[16.831s][info][gc,ergo     ] Free: 1821M, Max: 1024K regular, 1349M humongous, Frag: 26% external, 0% internal; Reserve: 103M, Max: 1024K
[16.831s][info][gc,stats    ] 
[16.831s][info][gc,stats    ] All times are wall-clock times, except per-root-class counters, that are sum over
[16.831s][info][gc,stats    ] all workers. Dividing the <total> over the root stage time estimates parallelism.
[16.831s][info][gc,stats    ] 
[16.831s][info][gc,stats    ] Concurrent Reset                    828 us
[16.831s][info][gc,stats    ] Pause Init Mark (G)                2046 us
[16.831s][info][gc,stats    ] Pause Init Mark (N)                 124 us
[16.831s][info][gc,stats    ]   Update Region States               45 us
[16.831s][info][gc,stats    ] Concurrent Mark Roots               448 us, parallelism: 0.76x
[16.831s][info][gc,stats    ]   CMR: <total>                      339 us
[16.831s][info][gc,stats    ]   CMR: Thread Roots                 300 us, workers (us): 300, ---, ---, 
[16.831s][info][gc,stats    ]   CMR: VM Strong Roots                4 us, workers (us):   4, ---, ---, 
[16.831s][info][gc,stats    ]   CMR: CLDG Roots                    35 us, workers (us):  35, ---, ---, 
[16.831s][info][gc,stats    ] Concurrent Marking                 7556 us
[16.831s][info][gc,stats    ] Pause Final Mark (G)                482 us
[16.831s][info][gc,stats    ] Pause Final Mark (N)                240 us
[16.831s][info][gc,stats    ]   Finish Mark                        52 us
[16.831s][info][gc,stats    ]   Update Region States               40 us
[16.831s][info][gc,stats    ]   Choose Collection Set              75 us
[16.831s][info][gc,stats    ]   Rebuild Free Set                    8 us
[16.831s][info][gc,stats    ] Concurrent Thread Roots             381 us, parallelism: 0.80x
[16.831s][info][gc,stats    ]   CTR: <total>                      306 us
[16.831s][info][gc,stats    ]   CTR: Thread Roots                 306 us, workers (us): 306, ---, ---, 
[16.831s][info][gc,stats    ] Concurrent Weak References          138 us, parallelism: 0.54x
[16.831s][info][gc,stats    ]   CWRF: <total>                      75 us
[16.831s][info][gc,stats    ]   CWRF: Weak References              75 us, workers (us):  75, ---, ---, 
[16.831s][info][gc,stats    ] Concurrent Weak Roots              7466 us
[16.831s][info][gc,stats    ]   Roots                            1273 us, parallelism: 0.97x
[16.831s][info][gc,stats    ]     CWR: <total>                   1238 us
[16.831s][info][gc,stats    ]     CWR: Code Cache Roots          1131 us, workers (us): 1131, ---, ---, 
[16.831s][info][gc,stats    ]     CWR: VM Weak Roots              100 us, workers (us): 100, ---, ---, 
[16.831s][info][gc,stats    ]     CWR: CLDG Roots                   8 us, workers (us):   8, ---, ---, 
[16.832s][info][gc,stats    ]   Rendezvous                       6130 us
[16.832s][info][gc,stats    ] Concurrent Cleanup                   99 us
[16.832s][info][gc,stats    ] Concurrent Class Unloading         5469 us
[16.832s][info][gc,stats    ]   Unlink Stale                     4708 us
[16.832s][info][gc,stats    ]     System Dictionary                13 us
[16.832s][info][gc,stats    ]     Weak Class Links                  0 us
[16.832s][info][gc,stats    ]     Code Roots                     4692 us
[16.832s][info][gc,stats    ]   Rendezvous                        477 us
[16.832s][info][gc,stats    ]   Purge Unlinked                    230 us
[16.832s][info][gc,stats    ]     Code Roots                      224 us
[16.832s][info][gc,stats    ]     CLDG                              7 us
[16.832s][info][gc,stats    ]     Exception Caches                  0 us
[16.832s][info][gc,stats    ] Concurrent Strong Roots             109 us, parallelism: 0.47x
[16.832s][info][gc,stats    ]   CSR: <total>                       51 us
[16.832s][info][gc,stats    ]   CSR: VM Strong Roots                3 us, workers (us):   3, ---, ---, 
[16.832s][info][gc,stats    ]   CSR: CLDG Roots                    47 us, workers (us):  47, ---, ---, 
[16.832s][info][gc,stats    ] Concurrent Evacuation              1052 us
[16.832s][info][gc,stats    ] Pause Init Update Refs (G)          629 us
[16.832s][info][gc,stats    ] Pause Init Update Refs (N)           63 us
[16.832s][info][gc,stats    ]   Manage GCLABs                       4 us
[16.832s][info][gc,stats    ] Concurrent Update Refs             9426 us
[16.832s][info][gc,stats    ] Concurrent Update Thread Roots      488 us
[16.832s][info][gc,stats    ] Pause Final Update Refs (G)        1900 us
[16.832s][info][gc,stats    ] Pause Final Update Refs (N)         130 us
[16.832s][info][gc,stats    ]   Update Region States               41 us
[16.832s][info][gc,stats    ]   Trash Collection Set                8 us
[16.832s][info][gc,stats    ]   Rebuild Free Set                   16 us
[16.832s][info][gc,stats    ] Concurrent Cleanup                  107 us
[16.832s][info][gc,stats    ] Pacing                             6339 us
[16.832s][info][gc,stats    ] 
[16.832s][info][gc,stats    ] Allocation pacing accrued:
[16.832s][info][gc,stats    ]       2 of   392 ms (  0.4%): Query0
[16.832s][info][gc,stats    ]       0 of   392 ms (  0.1%): Query1
[16.832s][info][gc,stats    ]       1 of   392 ms (  0.2%): Query2
[16.832s][info][gc,stats    ]       2 of   392 ms (  0.5%): Query3
[16.832s][info][gc,stats    ]       1 of   392 ms (  0.2%): Query4
[16.832s][info][gc,stats    ]       1 of   392 ms (  0.2%): Query5
[16.832s][info][gc,stats    ]       6 of   392 ms (  1.6%): <total>
[16.832s][info][gc,stats    ]       0 of   392 ms (  0.1%): <average total>
[16.832s][info][gc,stats    ]       1 of   392 ms (  0.3%): <average non-zero>
[16.832s][info][gc,stats    ] 
[16.832s][info][gc,metaspace] Metaspace: 8788K(9472K)->8788K(9472K) NonClass: 7939K(8320K)->7939K(8320K) Class: 849K(1152K)->849K(1152K)
[16.832s][info][gc,ergo     ] Pacer for Idle. Initial: 41943K, Alloc Tax Rate: 1.0x
[17.204s][info][gc          ] Trigger: Average GC time (100.51 ms) is above the time for average allocation rate (3674 MB/s) to deplete free headroom (342M) (margin of error = 1.85)
[17.204s][info][gc,ergo     ] Free headroom: 445M (free) - 102M (spike) - 0B (penalties) = 342M
[17.204s][info][gc,ergo     ] Free: 444M, Max: 1024K regular, 441M humongous, Frag: 0% external, 0% internal; Reserve: 103M, Max: 1024K
[17.204s][info][gc,start    ] GC(33) Concurrent reset
[17.204s][info][gc,task     ] GC(33) Using 1 of 3 workers for concurrent reset
[17.204s][info][gc,ergo     ] GC(33) Pacer for Reset. Non-Taxable: 2048M
[17.205s][info][gc          ] GC(33) Concurrent reset 0.753ms
[17.205s][info][gc,start    ] GC(33) Pause Init Mark (unload classes)
[17.205s][info][gc,task     ] GC(33) Using 3 of 3 workers for init marking
[17.205s][info][gc,ergo     ] GC(33) Pacer for Mark. Expected Live: 8384K, Free: 443M, Non-Taxable: 45381K, Alloc Tax Rate: 0.0x
[17.205s][info][gc          ] GC(33) Pause Init Mark (unload classes) 0.109ms
[17.205s][info][gc,start    ] GC(33) Concurrent marking roots
[17.205s][info][gc,task     ] GC(33) Using 1 of 3 workers for concurrent marking roots
[17.206s][info][gc          ] GC(33) Concurrent marking roots 0.452ms
[17.206s][info][gc,start    ] GC(33) Concurrent marking (unload classes)
[17.206s][info][gc,task     ] GC(33) Using 1 of 3 workers for concurrent marking
[17.219s][info][gc          ] GC(33) Concurrent marking (unload classes) 13.466ms
[17.219s][info][gc,start    ] GC(33) Pause Final Mark (unload classes)
[17.219s][info][gc,task     ] GC(33) Using 3 of 3 workers for final marking
[17.220s][info][gc,ergo     ] GC(33) Adaptive CSet Selection. Target Free: 290M, Actual Free: 1843M, Max CSet: 87381K, Min Garbage: 0B
[17.220s][info][gc,ergo     ] GC(33) Collectable Garbage: 1490M (99%), Immediate: 1350M (90%), CSet: 140M (9%)
[17.220s][info][gc,ergo     ] GC(33) Pacer for Evacuation. Used CSet: 141M, Free: 1743M, Non-Taxable: 174M, Alloc Tax Rate: 1.1x
[17.220s][info][gc          ] GC(33) Pause Final Mark (unload classes) 0.272ms
[17.220s][info][gc,start    ] GC(33) Concurrent thread roots
[17.220s][info][gc,task     ] GC(33) Using 1 of 3 workers for Concurrent thread roots
[17.220s][info][gc          ] GC(33) Concurrent thread roots 0.415ms
[17.220s][info][gc,start    ] GC(33) Concurrent weak references
[17.220s][info][gc,task     ] GC(33) Using 1 of 3 workers for concurrent weak references
[17.220s][info][gc,ref      ] GC(33) Encountered references: Soft: 137, Weak: 858, Final: 3, Phantom: 103
[17.220s][info][gc,ref      ] GC(33) Discovered  references: Soft: 0, Weak: 403, Final: 1, Phantom: 78
[17.220s][info][gc,ref      ] GC(33) Enqueued    references: Soft: 0, Weak: 262, Final: 0, Phantom: 0
[17.220s][info][gc          ] GC(33) Concurrent weak references 0.167ms
[17.220s][info][gc,start    ] GC(33) Concurrent weak roots
[17.220s][info][gc,task     ] GC(33) Using 1 of 3 workers for concurrent weak root
[17.236s][info][gc          ] GC(33) Concurrent weak roots 15.584ms
[17.236s][info][gc,start    ] GC(33) Concurrent cleanup
[17.236s][info][gc          ] GC(33) Concurrent cleanup 1599M->249M(2048M) 0.099ms
[17.236s][info][gc,ergo     ] GC(33) Free: 1694M, Max: 1024K regular, 341M humongous, Frag: 80% external, 0% internal; Reserve: 102M, Max: 1024K
[17.236s][info][gc,start    ] GC(33) Concurrent class unloading
[17.236s][info][gc,task     ] GC(33) Using 1 of 3 workers for concurrent class unloading
[17.242s][info][gc          ] GC(33) Concurrent class unloading 6.063ms
[17.242s][info][gc,start    ] GC(33) Concurrent strong roots
[17.242s][info][gc,task     ] GC(33) Using 1 of 3 workers for concurrent strong root
[17.242s][info][gc          ] GC(33) Concurrent strong roots 0.096ms
[17.242s][info][gc,start    ] GC(33) Concurrent evacuation
[17.242s][info][gc,task     ] GC(33) Using 1 of 3 workers for concurrent evacuation
[17.244s][info][gc          ] GC(33) Concurrent evacuation 1.159ms
[17.244s][info][gc,start    ] GC(33) Pause Init Update Refs
[17.244s][info][gc,ergo     ] GC(33) Pacer for Update Refs. Used: 273M, Free: 1670M, Non-Taxable: 167M, Alloc Tax Rate: 1.1x
[17.244s][info][gc          ] GC(33) Pause Init Update Refs 0.049ms
[17.244s][info][gc,start    ] GC(33) Concurrent update references
[17.244s][info][gc,task     ] GC(33) Using 1 of 3 workers for concurrent reference update
[17.258s][info][gc          ] GC(33) Concurrent update references 13.703ms
[17.258s][info][gc,start    ] GC(33) Concurrent update thread roots
[17.258s][info][gc          ] GC(33) Concurrent update thread roots 0.455ms
[17.258s][info][gc,start    ] GC(33) Pause Final Update Refs
[17.258s][info][gc,task     ] GC(33) Using 3 of 3 workers for final reference update
[17.258s][info][gc          ] GC(33) Pause Final Update Refs 0.103ms
[17.269s][info][gc,start    ] GC(33) Concurrent cleanup
[17.269s][info][gc          ] GC(33) Concurrent cleanup 333M->201M(2048M) 0.081ms
[17.269s][info][gc,ergo     ] Free: 1741M, Max: 1024K regular, 1397M humongous, Frag: 20% external, 0% internal; Reserve: 103M, Max: 1024K
[17.270s][info][gc,stats    ] 
[17.270s][info][gc,stats    ] All times are wall-clock times, except per-root-class counters, that are sum over
[17.270s][info][gc,stats    ] all workers. Dividing the <total> over the root stage time estimates parallelism.
[17.270s][info][gc,stats    ] 
[17.270s][info][gc,stats    ] Concurrent Reset                    815 us
[17.270s][info][gc,stats    ] Pause Init Mark (G)                 319 us
[17.270s][info][gc,stats    ] Pause Init Mark (N)                 117 us
[17.270s][info][gc,stats    ]   Update Region States               45 us
[17.270s][info][gc,stats    ] Concurrent Mark Roots               471 us, parallelism: 0.78x
[17.270s][info][gc,stats    ]   CMR: <total>                      368 us
[17.270s][info][gc,stats    ]   CMR: Thread Roots                 319 us, workers (us): 319, ---, ---, 
[17.270s][info][gc,stats    ]   CMR: VM Strong Roots                8 us, workers (us):   8, ---, ---, 
[17.270s][info][gc,stats    ]   CMR: CLDG Roots                    40 us, workers (us):  40, ---, ---, 
[17.270s][info][gc,stats    ] Concurrent Marking                13517 us
[17.270s][info][gc,stats    ] Pause Final Mark (G)                428 us
[17.270s][info][gc,stats    ] Pause Final Mark (N)                281 us
[17.270s][info][gc,stats    ]   Finish Mark                        64 us
[17.270s][info][gc,stats    ]   Update Region States               55 us
[17.270s][info][gc,stats    ]   Choose Collection Set              80 us
[17.270s][info][gc,stats    ]   Rebuild Free Set                    8 us
[17.270s][info][gc,stats    ] Concurrent Thread Roots             437 us, parallelism: 0.82x
[17.270s][info][gc,stats    ]   CTR: <total>                      360 us
[17.270s][info][gc,stats    ]   CTR: Thread Roots                 360 us, workers (us): 360, ---, ---, 
[17.270s][info][gc,stats    ] Concurrent Weak References          176 us, parallelism: 0.55x
[17.270s][info][gc,stats    ]   CWRF: <total>                      96 us
[17.270s][info][gc,stats    ]   CWRF: Weak References              96 us, workers (us):  96, ---, ---, 
[17.270s][info][gc,stats    ] Concurrent Weak Roots             15640 us
[17.270s][info][gc,stats    ]   Roots                            1268 us, parallelism: 0.97x
[17.270s][info][gc,stats    ]     CWR: <total>                   1230 us
[17.270s][info][gc,stats    ]     CWR: Code Cache Roots          1119 us, workers (us): 1119, ---, ---, 
[17.270s][info][gc,stats    ]     CWR: VM Weak Roots              101 us, workers (us): 101, ---, ---, 
[17.270s][info][gc,stats    ]     CWR: CLDG Roots                  10 us, workers (us):  10, ---, ---, 
[17.270s][info][gc,stats    ]   Rendezvous                      14294 us
[17.270s][info][gc,stats    ] Concurrent Cleanup                  109 us
[17.270s][info][gc,stats    ] Concurrent Class Unloading         6110 us
[17.270s][info][gc,stats    ]   Unlink Stale                     4686 us
[17.270s][info][gc,stats    ]     System Dictionary                13 us
[17.270s][info][gc,stats    ]     Weak Class Links                  0 us
[17.270s][info][gc,stats    ]     Code Roots                     4670 us
[17.270s][info][gc,stats    ]   Rendezvous                       1089 us
[17.270s][info][gc,stats    ]   Purge Unlinked                    266 us
[17.270s][info][gc,stats    ]     Code Roots                      259 us
[17.270s][info][gc,stats    ]     CLDG                              6 us
[17.270s][info][gc,stats    ]     Exception Caches                  0 us
[17.270s][info][gc,stats    ] Concurrent Strong Roots             109 us, parallelism: 0.46x
[17.270s][info][gc,stats    ]   CSR: <total>                       50 us
[17.270s][info][gc,stats    ]   CSR: VM Strong Roots                5 us, workers (us):   5, ---, ---, 
[17.270s][info][gc,stats    ]   CSR: CLDG Roots                    45 us, workers (us):  45, ---, ---, 
[17.270s][info][gc,stats    ] Concurrent Evacuation              1224 us
[17.270s][info][gc,stats    ] Pause Init Update Refs (G)          336 us
[17.270s][info][gc,stats    ] Pause Init Update Refs (N)           58 us
[17.270s][info][gc,stats    ]   Manage GCLABs                       3 us
[17.270s][info][gc,stats    ] Concurrent Update Refs            13752 us
[17.270s][info][gc,stats    ] Concurrent Update Thread Roots      483 us
[17.270s][info][gc,stats    ] Pause Final Update Refs (G)       11222 us
[17.270s][info][gc,stats    ] Pause Final Update Refs (N)         123 us
[17.270s][info][gc,stats    ]   Update Region States               45 us
[17.270s][info][gc,stats    ]   Trash Collection Set                4 us
[17.270s][info][gc,stats    ]   Rebuild Free Set                    9 us
[17.270s][info][gc,stats    ] Concurrent Cleanup                   93 us
[17.270s][info][gc,stats    ] 
[17.270s][info][gc,stats    ] Allocation pacing accrued:
[17.270s][info][gc,stats    ]       0 of   438 ms (  0.0%): <total>
[17.270s][info][gc,stats    ]       0 of   438 ms (  0.0%): <average total>
[17.270s][info][gc,stats    ] 
[17.270s][info][gc,metaspace] Metaspace: 8788K(9472K)->8788K(9472K) NonClass: 7939K(8320K)->7939K(8320K) Class: 849K(1152K)->849K(1152K)
[17.270s][info][gc,ergo     ] Pacer for Idle. Initial: 41943K, Alloc Tax Rate: 1.0x
[17.663s][info][gc          ] Trigger: Average GC time (99.61 ms) is above the time for average allocation rate (3507 MB/s) to deplete free headroom (326M) (margin of error = 1.86)
[17.663s][info][gc,ergo     ] Free headroom: 429M (free) - 102M (spike) - 0B (penalties) = 326M
[17.663s][info][gc,ergo     ] Free: 429M, Max: 1024K regular, 341M humongous, Frag: 20% external, 0% internal; Reserve: 103M, Max: 1024K
[17.663s][info][gc,start    ] GC(34) Concurrent reset
[17.663s][info][gc,task     ] GC(34) Using 1 of 3 workers for concurrent reset
[17.663s][info][gc,ergo     ] GC(34) Pacer for Reset. Non-Taxable: 2048M
[17.664s][info][gc          ] GC(34) Concurrent reset 0.820ms
[17.664s][info][gc,start    ] GC(34) Pause Init Mark (unload classes)
[17.664s][info][gc,task     ] GC(34) Using 3 of 3 workers for init marking
[17.664s][info][gc,ergo     ] GC(34) Pacer for Mark. Expected Live: 8406K, Free: 429M, Non-Taxable: 43949K, Alloc Tax Rate: 0.0x
[17.664s][info][gc          ] GC(34) Pause Init Mark (unload classes) 0.129ms
[17.674s][info][gc,start    ] GC(34) Concurrent marking roots
[17.674s][info][gc,task     ] GC(34) Using 1 of 3 workers for concurrent marking roots
[17.675s][info][gc          ] GC(34) Concurrent marking roots 0.464ms
[17.675s][info][gc,start    ] GC(34) Concurrent marking (unload classes)
[17.675s][info][gc,task     ] GC(34) Using 1 of 3 workers for concurrent marking
[17.680s][info][gc          ] GC(34) Concurrent marking (unload classes) 5.326ms
[17.680s][info][gc,start    ] GC(34) Pause Final Mark (unload classes)
[17.680s][info][gc,task     ] GC(34) Using 3 of 3 workers for final marking
[17.680s][info][gc,ergo     ] GC(34) Adaptive CSet Selection. Target Free: 290M, Actual Free: 1841M, Max CSet: 87381K, Min Garbage: 0B
[17.680s][info][gc,ergo     ] GC(34) Collectable Garbage: 1504M (99%), Immediate: 1362M (90%), CSet: 142M (9%)
[17.680s][info][gc,ergo     ] GC(34) Pacer for Evacuation. Used CSet: 142M, Free: 1741M, Non-Taxable: 174M, Alloc Tax Rate: 1.1x
[17.680s][info][gc          ] GC(34) Pause Final Mark (unload classes) 0.224ms
[17.682s][info][gc,start    ] GC(34) Concurrent thread roots
[17.682s][info][gc,task     ] GC(34) Using 1 of 3 workers for Concurrent thread roots
[17.683s][info][gc          ] GC(34) Concurrent thread roots 0.919ms
[17.683s][info][gc,start    ] GC(34) Concurrent weak references
[17.683s][info][gc,task     ] GC(34) Using 1 of 3 workers for concurrent weak references
[17.683s][info][gc,ref      ] GC(34) Encountered references: Soft: 137, Weak: 856, Final: 3, Phantom: 107
[17.683s][info][gc,ref      ] GC(34) Discovered  references: Soft: 0, Weak: 399, Final: 1, Phantom: 88
[17.683s][info][gc,ref      ] GC(34) Enqueued    references: Soft: 0, Weak: 265, Final: 0, Phantom: 0
[17.683s][info][gc          ] GC(34) Concurrent weak references 0.172ms
[17.683s][info][gc,start    ] GC(34) Concurrent weak roots
[17.683s][info][gc,task     ] GC(34) Using 1 of 3 workers for concurrent weak root
[17.694s][info][gc          ] GC(34) Concurrent weak roots 10.867ms
[17.694s][info][gc,start    ] GC(34) Concurrent cleanup
[17.694s][info][gc          ] GC(34) Concurrent cleanup 1608M->246M(2048M) 0.133ms
[17.694s][info][gc,ergo     ] GC(34) Free: 1697M, Max: 1024K regular, 332M humongous, Frag: 81% external, 0% internal; Reserve: 102M, Max: 1024K
[17.694s][info][gc,start    ] GC(34) Concurrent class unloading
[17.694s][info][gc,task     ] GC(34) Using 1 of 3 workers for concurrent class unloading
[17.700s][info][gc          ] GC(34) Concurrent class unloading 5.957ms
[17.700s][info][gc,start    ] GC(34) Concurrent strong roots
[17.700s][info][gc,task     ] GC(34) Using 1 of 3 workers for concurrent strong root
[17.701s][info][gc          ] GC(34) Concurrent strong roots 0.094ms
[17.701s][info][gc,start    ] GC(34) Concurrent evacuation
[17.701s][info][gc,task     ] GC(34) Using 1 of 3 workers for concurrent evacuation
[17.702s][info][gc          ] GC(34) Concurrent evacuation 0.998ms
[17.702s][info][gc,start    ] GC(34) Pause Init Update Refs
[17.702s][info][gc,ergo     ] GC(34) Pacer for Update Refs. Used: 268M, Free: 1675M, Non-Taxable: 167M, Alloc Tax Rate: 1.1x
[17.702s][info][gc          ] GC(34) Pause Init Update Refs 0.051ms
[17.702s][info][gc,start    ] GC(34) Concurrent update references
[17.702s][info][gc,task     ] GC(34) Using 1 of 3 workers for concurrent reference update
[17.716s][info][gc          ] GC(34) Concurrent update references 13.616ms
[17.716s][info][gc,start    ] GC(34) Concurrent update thread roots
[17.717s][info][gc          ] GC(34) Concurrent update thread roots 0.504ms
[17.717s][info][gc,start    ] GC(34) Pause Final Update Refs
[17.717s][info][gc,task     ] GC(34) Using 3 of 3 workers for final reference update
[17.717s][info][gc          ] GC(34) Pause Final Update Refs 0.110ms
[17.717s][info][gc,start    ] GC(34) Concurrent cleanup
[17.717s][info][gc          ] GC(34) Concurrent cleanup 307M->167M(2048M) 0.048ms
[17.717s][info][gc,ergo     ] Free: 1775M, Max: 1024K regular, 1338M humongous, Frag: 25% external, 0% internal; Reserve: 103M, Max: 1024K
[17.717s][info][gc,stats    ] 
[17.717s][info][gc,stats    ] All times are wall-clock times, except per-root-class counters, that are sum over
[17.717s][info][gc,stats    ] all workers. Dividing the <total> over the root stage time estimates parallelism.
[17.717s][info][gc,stats    ] 
[17.717s][info][gc,stats    ] Concurrent Reset                    888 us
[17.717s][info][gc,stats    ] Pause Init Mark (G)               10548 us
[17.718s][info][gc,stats    ] Pause Init Mark (N)                 138 us
[17.718s][info][gc,stats    ]   Update Region States               36 us
[17.718s][info][gc,stats    ] Concurrent Mark Roots               481 us, parallelism: 0.73x
[17.718s][info][gc,stats    ]   CMR: <total>                      353 us
[17.718s][info][gc,stats    ]   CMR: Thread Roots                 306 us, workers (us): 306, ---, ---, 
[17.718s][info][gc,stats    ]   CMR: VM Strong Roots                5 us, workers (us):   5, ---, ---, 
[17.718s][info][gc,stats    ]   CMR: CLDG Roots                    41 us, workers (us):  41, ---, ---, 
[17.718s][info][gc,stats    ] Concurrent Marking                 5365 us
[17.718s][info][gc,stats    ] Pause Final Mark (G)               2070 us
[17.718s][info][gc,stats    ] Pause Final Mark (N)                233 us
[17.718s][info][gc,stats    ]   Finish Mark                        51 us
[17.718s][info][gc,stats    ]   Update Region States               41 us
[17.718s][info][gc,stats    ]   Choose Collection Set              81 us
[17.718s][info][gc,stats    ]   Rebuild Free Set                   10 us
[17.718s][info][gc,stats    ] Concurrent Thread Roots             953 us, parallelism: 0.88x
[17.718s][info][gc,stats    ]   CTR: <total>                      834 us
[17.718s][info][gc,stats    ]   CTR: Thread Roots                 834 us, workers (us): 834, ---, ---, 
[17.718s][info][gc,stats    ] Concurrent Weak References          185 us, parallelism: 0.53x
[17.718s][info][gc,stats    ]   CWRF: <total>                      98 us
[17.718s][info][gc,stats    ]   CWRF: Weak References              98 us, workers (us):  98, ---, ---, 
[17.718s][info][gc,stats    ] Concurrent Weak Roots             10931 us
[17.718s][info][gc,stats    ]   Roots                            1211 us, parallelism: 0.97x
[17.718s][info][gc,stats    ]     CWR: <total>                   1174 us
[17.718s][info][gc,stats    ]     CWR: Code Cache Roots          1059 us, workers (us): 1059, ---, ---, 
[17.718s][info][gc,stats    ]     CWR: VM Weak Roots              106 us, workers (us): 106, ---, ---, 
[17.718s][info][gc,stats    ]     CWR: CLDG Roots                   8 us, workers (us):   8, ---, ---, 
[17.718s][info][gc,stats    ]   Rendezvous                       9633 us
[17.718s][info][gc,stats    ] Concurrent Cleanup                  154 us
[17.718s][info][gc,stats    ] Concurrent Class Unloading         6002 us
[17.718s][info][gc,stats    ]   Unlink Stale                     4756 us
[17.718s][info][gc,stats    ]     System Dictionary                12 us
[17.718s][info][gc,stats    ]     Weak Class Links                  0 us
[17.718s][info][gc,stats    ]     Code Roots                     4741 us
[17.718s][info][gc,stats    ]   Rendezvous                        839 us
[17.718s][info][gc,stats    ]   Purge Unlinked                    340 us
[17.718s][info][gc,stats    ]     Code Roots                      334 us
[17.718s][info][gc,stats    ]     CLDG                              5 us
[17.718s][info][gc,stats    ]     Exception Caches                  0 us
[17.718s][info][gc,stats    ] Concurrent Strong Roots             107 us, parallelism: 0.46x
[17.718s][info][gc,stats    ]   CSR: <total>                       49 us
[17.718s][info][gc,stats    ]   CSR: VM Strong Roots                5 us, workers (us):   5, ---, ---, 
[17.718s][info][gc,stats    ]   CSR: CLDG Roots                    44 us, workers (us):  44, ---, ---, 
[17.718s][info][gc,stats    ] Concurrent Evacuation              1045 us
[17.718s][info][gc,stats    ] Pause Init Update Refs (G)          709 us
[17.718s][info][gc,stats    ] Pause Init Update Refs (N)           59 us
[17.718s][info][gc,stats    ]   Manage GCLABs                       4 us
[17.718s][info][gc,stats    ] Concurrent Update Refs            13672 us
[17.718s][info][gc,stats    ] Concurrent Update Thread Roots      531 us
[17.718s][info][gc,stats    ] Pause Final Update Refs (G)         805 us
[17.718s][info][gc,stats    ] Pause Final Update Refs (N)         130 us
[17.718s][info][gc,stats    ]   Update Region States               44 us
[17.718s][info][gc,stats    ]   Trash Collection Set                8 us
[17.718s][info][gc,stats    ]   Rebuild Free Set                   14 us
[17.718s][info][gc,stats    ] Concurrent Cleanup                   61 us
[17.718s][info][gc,stats    ] Pacing                             1629 us
[17.718s][info][gc,stats    ] 
[17.718s][info][gc,stats    ] Allocation pacing accrued:
[17.718s][info][gc,stats    ]       0 of   448 ms (  0.1%): Query3
[17.718s][info][gc,stats    ]       1 of   448 ms (  0.3%): Query4
[17.718s][info][gc,stats    ]       0 of   448 ms (  0.0%): Query5
[17.718s][info][gc,stats    ]       2 of   448 ms (  0.4%): <total>
[17.718s][info][gc,stats    ]       0 of   448 ms (  0.0%): <average total>
[17.718s][info][gc,stats    ]       1 of   448 ms (  0.1%): <average non-zero>
[17.718s][info][gc,stats    ] 
[17.718s][info][gc,metaspace] Metaspace: 8788K(9472K)->8788K(9472K) NonClass: 7939K(8320K)->7939K(8320K) Class: 849K(1152K)->849K(1152K)
[17.718s][info][gc,ergo     ] Pacer for Idle. Initial: 41943K, Alloc Tax Rate: 1.0x
[18.108s][info][gc          ] Trigger: Average GC time (86.44 ms) is above the time for average allocation rate (3613 MB/s) to deplete free headroom (251M) (margin of error = 1.86)
[18.108s][info][gc,ergo     ] Free headroom: 354M (free) - 102M (spike) - 0B (penalties) = 251M
[18.108s][info][gc,ergo     ] Free: 354M, Max: 1024K regular, 332M humongous, Frag: 6% external, 0% internal; Reserve: 103M, Max: 1024K
[18.108s][info][gc,start    ] GC(35) Concurrent reset
[18.108s][info][gc,task     ] GC(35) Using 1 of 3 workers for concurrent reset
[18.108s][info][gc,ergo     ] GC(35) Pacer for Reset. Non-Taxable: 2048M
[18.109s][info][gc          ] GC(35) Concurrent reset 0.859ms
[18.109s][info][gc,start    ] GC(35) Pause Init Mark (unload classes)
[18.109s][info][gc,task     ] GC(35) Using 3 of 3 workers for init marking
[18.109s][info][gc,ergo     ] GC(35) Pacer for Mark. Expected Live: 8413K, Free: 349M, Non-Taxable: 35776K, Alloc Tax Rate: 0.0x
[18.109s][info][gc          ] GC(35) Pause Init Mark (unload classes) 0.142ms
[18.111s][info][gc,start    ] GC(35) Concurrent marking roots
[18.111s][info][gc,task     ] GC(35) Using 1 of 3 workers for concurrent marking roots
[18.112s][info][gc          ] GC(35) Concurrent marking roots 0.425ms
[18.112s][info][gc,start    ] GC(35) Concurrent marking (unload classes)
[18.112s][info][gc,task     ] GC(35) Using 1 of 3 workers for concurrent marking
[18.120s][info][gc          ] GC(35) Concurrent marking (unload classes) 8.141ms
[18.120s][info][gc,start    ] GC(35) Pause Final Mark (unload classes)
[18.120s][info][gc,task     ] GC(35) Using 3 of 3 workers for final marking
[18.120s][info][gc,ergo     ] GC(35) Adaptive CSet Selection. Target Free: 290M, Actual Free: 1837M, Max CSet: 87381K, Min Garbage: 0B
[18.120s][info][gc,ergo     ] GC(35) Collectable Garbage: 1583M (99%), Immediate: 1425M (89%), CSet: 158M (10%)
[18.120s][info][gc,ergo     ] GC(35) Pacer for Evacuation. Used CSet: 159M, Free: 1737M, Non-Taxable: 173M, Alloc Tax Rate: 1.1x
[18.120s][info][gc          ] GC(35) Pause Final Mark (unload classes) 0.229ms
[18.120s][info][gc,start    ] GC(35) Concurrent thread roots
[18.120s][info][gc,task     ] GC(35) Using 1 of 3 workers for Concurrent thread roots
[18.121s][info][gc          ] GC(35) Concurrent thread roots 0.388ms
[18.121s][info][gc,start    ] GC(35) Concurrent weak references
[18.121s][info][gc,task     ] GC(35) Using 1 of 3 workers for concurrent weak references
[18.121s][info][gc,ref      ] GC(35) Encountered references: Soft: 137, Weak: 882, Final: 3, Phantom: 124
[18.121s][info][gc,ref      ] GC(35) Discovered  references: Soft: 0, Weak: 412, Final: 1, Phantom: 108
[18.121s][info][gc,ref      ] GC(35) Enqueued    references: Soft: 0, Weak: 273, Final: 0, Phantom: 0
[18.121s][info][gc          ] GC(35) Concurrent weak references 0.156ms
[18.121s][info][gc,start    ] GC(35) Concurrent weak roots
[18.121s][info][gc,task     ] GC(35) Using 1 of 3 workers for concurrent weak root
[18.122s][info][gc          ] GC(35) Concurrent weak roots 1.443ms
[18.122s][info][gc,start    ] GC(35) Concurrent cleanup
[18.122s][info][gc          ] GC(35) Concurrent cleanup 1639M->215M(2048M) 0.112ms
[18.123s][info][gc,ergo     ] GC(35) Free: 1728M, Max: 1024K regular, 300M humongous, Frag: 83% external, 0% internal; Reserve: 102M, Max: 1024K
[18.123s][info][gc,start    ] GC(35) Concurrent class unloading
[18.123s][info][gc,task     ] GC(35) Using 1 of 3 workers for concurrent class unloading
[18.129s][info][gc          ] GC(35) Concurrent class unloading 6.094ms
[18.129s][info][gc,start    ] GC(35) Concurrent strong roots
[18.129s][info][gc,task     ] GC(35) Using 1 of 3 workers for concurrent strong root
[18.129s][info][gc          ] GC(35) Concurrent strong roots 0.086ms
[18.129s][info][gc,start    ] GC(35) Concurrent evacuation
[18.129s][info][gc,task     ] GC(35) Using 1 of 3 workers for concurrent evacuation
[18.130s][info][gc          ] GC(35) Concurrent evacuation 1.223ms
[18.130s][info][gc,start    ] GC(35) Pause Init Update Refs
[18.130s][info][gc,ergo     ] GC(35) Pacer for Update Refs. Used: 234M, Free: 1709M, Non-Taxable: 170M, Alloc Tax Rate: 1.1x
[18.130s][info][gc          ] GC(35) Pause Init Update Refs 0.046ms
[18.130s][info][gc,start    ] GC(35) Concurrent update references
[18.130s][info][gc,task     ] GC(35) Using 1 of 3 workers for concurrent reference update
[18.141s][info][gc          ] GC(35) Concurrent update references 10.419ms
[18.141s][info][gc,start    ] GC(35) Concurrent update thread roots
[18.141s][info][gc          ] GC(35) Concurrent update thread roots 0.454ms
[18.141s][info][gc,start    ] GC(35) Pause Final Update Refs
[18.141s][info][gc,task     ] GC(35) Using 3 of 3 workers for final reference update
[18.141s][info][gc          ] GC(35) Pause Final Update Refs 0.110ms
[18.142s][info][gc,start    ] GC(35) Concurrent cleanup
[18.142s][info][gc          ] GC(35) Concurrent cleanup 265M->105M(2048M) 0.040ms
[18.142s][info][gc,ergo     ] Free: 1837M, Max: 1024K regular, 1519M humongous, Frag: 18% external, 0% internal; Reserve: 103M, Max: 1024K
[18.142s][info][gc,stats    ] 
[18.142s][info][gc,stats    ] All times are wall-clock times, except per-root-class counters, that are sum over
[18.142s][info][gc,stats    ] all workers. Dividing the <total> over the root stage time estimates parallelism.
[18.142s][info][gc,stats    ] 
[18.142s][info][gc,stats    ] Concurrent Reset                    928 us
[18.142s][info][gc,stats    ] Pause Init Mark (G)                2075 us
[18.142s][info][gc,stats    ] Pause Init Mark (N)                 151 us
[18.142s][info][gc,stats    ]   Update Region States               50 us
[18.142s][info][gc,stats    ] Concurrent Mark Roots               446 us, parallelism: 0.75x
[18.142s][info][gc,stats    ]   CMR: <total>                      336 us
[18.142s][info][gc,stats    ]   CMR: Thread Roots                 291 us, workers (us): 291, ---, ---, 
[18.142s][info][gc,stats    ]   CMR: VM Strong Roots                6 us, workers (us):   6, ---, ---, 
[18.142s][info][gc,stats    ]   CMR: CLDG Roots                    39 us, workers (us):  39, ---, ---, 
[18.142s][info][gc,stats    ] Concurrent Marking                 8192 us
[18.142s][info][gc,stats    ] Pause Final Mark (G)                416 us
[18.142s][info][gc,stats    ] Pause Final Mark (N)                238 us
[18.142s][info][gc,stats    ]   Finish Mark                        57 us
[18.142s][info][gc,stats    ]   Update Region States               51 us
[18.142s][info][gc,stats    ]   Choose Collection Set              71 us
[18.142s][info][gc,stats    ]   Rebuild Free Set                    9 us
[18.142s][info][gc,stats    ] Concurrent Thread Roots             412 us, parallelism: 0.83x
[18.142s][info][gc,stats    ]   CTR: <total>                      340 us
[18.142s][info][gc,stats    ]   CTR: Thread Roots                 340 us, workers (us): 340, ---, ---, 
[18.142s][info][gc,stats    ] Concurrent Weak References          163 us, parallelism: 0.53x
[18.142s][info][gc,stats    ]   CWRF: <total>                      86 us
[18.142s][info][gc,stats    ]   CWRF: Weak References              86 us, workers (us):  86, ---, ---, 
[18.142s][info][gc,stats    ] Concurrent Weak Roots              1480 us
[18.142s][info][gc,stats    ]   Roots                            1283 us, parallelism: 0.97x
[18.142s][info][gc,stats    ]     CWR: <total>                   1247 us
[18.142s][info][gc,stats    ]     CWR: Code Cache Roots          1138 us, workers (us): 1138, ---, ---, 
[18.142s][info][gc,stats    ]     CWR: VM Weak Roots              101 us, workers (us): 101, ---, ---, 
[18.142s][info][gc,stats    ]     CWR: CLDG Roots                   8 us, workers (us):   8, ---, ---, 
[18.142s][info][gc,stats    ]   Rendezvous                        142 us
[18.142s][info][gc,stats    ] Concurrent Cleanup                  124 us
[18.142s][info][gc,stats    ] Concurrent Class Unloading         6141 us
[18.142s][info][gc,stats    ]   Unlink Stale                     4612 us
[18.142s][info][gc,stats    ]     System Dictionary                10 us
[18.142s][info][gc,stats    ]     Weak Class Links                  0 us
[18.142s][info][gc,stats    ]     Code Roots                     4601 us
[18.142s][info][gc,stats    ]   Rendezvous                       1151 us
[18.142s][info][gc,stats    ]   Purge Unlinked                    310 us
[18.142s][info][gc,stats    ]     Code Roots                      302 us
[18.142s][info][gc,stats    ]     CLDG                              8 us
[18.142s][info][gc,stats    ]     Exception Caches                  0 us
[18.142s][info][gc,stats    ] Concurrent Strong Roots              99 us, parallelism: 0.41x
[18.142s][info][gc,stats    ]   CSR: <total>                       41 us
[18.142s][info][gc,stats    ]   CSR: VM Strong Roots                4 us, workers (us):   4, ---, ---, 
[18.142s][info][gc,stats    ]   CSR: CLDG Roots                    37 us, workers (us):  37, ---, ---, 
[18.142s][info][gc,stats    ] Concurrent Evacuation              1285 us
[18.142s][info][gc,stats    ] Pause Init Update Refs (G)          178 us
[18.142s][info][gc,stats    ] Pause Init Update Refs (N)           59 us
[18.142s][info][gc,stats    ]   Manage GCLABs                       4 us
[18.142s][info][gc,stats    ] Concurrent Update Refs            10457 us
[18.142s][info][gc,stats    ] Concurrent Update Thread Roots      481 us
[18.142s][info][gc,stats    ] Pause Final Update Refs (G)         422 us
[18.142s][info][gc,stats    ] Pause Final Update Refs (N)         130 us
[18.142s][info][gc,stats    ]   Update Region States               42 us
[18.142s][info][gc,stats    ]   Trash Collection Set                8 us
[18.142s][info][gc,stats    ]   Rebuild Free Set                   16 us
[18.142s][info][gc,stats    ] Concurrent Cleanup                   53 us
[18.142s][info][gc,stats    ] 
[18.142s][info][gc,stats    ] Allocation pacing accrued:
[18.142s][info][gc,stats    ]       0 of   424 ms (  0.0%): <total>
[18.142s][info][gc,stats    ]       0 of   424 ms (  0.0%): <average total>
[18.142s][info][gc,stats    ] 
[18.142s][info][gc,metaspace] Metaspace: 8788K(9472K)->8788K(9472K) NonClass: 7939K(8320K)->7939K(8320K) Class: 849K(1152K)->849K(1152K)
[18.142s][info][gc,ergo     ] Pacer for Idle. Initial: 41943K, Alloc Tax Rate: 1.0x
[18.544s][info][gc          ] Trigger: Average GC time (73.85 ms) is above the time for average allocation rate (3721 MB/s) to deplete free headroom (246M) (margin of error = 1.86)
[18.544s][info][gc,ergo     ] Free headroom: 349M (free) - 102M (spike) - 0B (penalties) = 246M
[18.544s][info][gc,ergo     ] Free: 349M, Max: 1024K regular, 300M humongous, Frag: 14% external, 0% internal; Reserve: 103M, Max: 1024K
[18.544s][info][gc,start    ] GC(36) Concurrent reset
[18.544s][info][gc,task     ] GC(36) Using 1 of 3 workers for concurrent reset
[18.544s][info][gc,ergo     ] GC(36) Pacer for Reset. Non-Taxable: 2048M
[18.545s][info][gc          ] GC(36) Concurrent reset 0.880ms
[18.545s][info][gc,start    ] GC(36) Pause Init Mark (unload classes)
[18.545s][info][gc,task     ] GC(36) Using 3 of 3 workers for init marking
[18.545s][info][gc,ergo     ] GC(36) Pacer for Mark. Expected Live: 8414K, Free: 346M, Non-Taxable: 35448K, Alloc Tax Rate: 0.0x
[18.545s][info][gc          ] GC(36) Pause Init Mark (unload classes) 0.105ms
[18.545s][info][gc,start    ] GC(36) Concurrent marking roots
[18.545s][info][gc,task     ] GC(36) Using 1 of 3 workers for concurrent marking roots
[18.546s][info][gc          ] GC(36) Concurrent marking roots 0.414ms
[18.546s][info][gc,start    ] GC(36) Concurrent marking (unload classes)
[18.546s][info][gc,task     ] GC(36) Using 1 of 3 workers for concurrent marking
[18.551s][info][gc          ] GC(36) Concurrent marking (unload classes) 5.191ms
[18.551s][info][gc,start    ] GC(36) Pause Final Mark (unload classes)
[18.551s][info][gc,task     ] GC(36) Using 3 of 3 workers for final marking
[18.551s][info][gc,ergo     ] GC(36) Adaptive CSet Selection. Target Free: 290M, Actual Free: 1861M, Max CSet: 87381K, Min Garbage: 0B
[18.551s][info][gc,ergo     ] GC(36) Collectable Garbage: 1587M (99%), Immediate: 1437M (90%), CSet: 150M (9%)
[18.551s][info][gc,ergo     ] GC(36) Pacer for Evacuation. Used CSet: 151M, Free: 1761M, Non-Taxable: 176M, Alloc Tax Rate: 1.1x
[18.551s][info][gc          ] GC(36) Pause Final Mark (unload classes) 0.218ms
[18.551s][info][gc,start    ] GC(36) Concurrent thread roots
[18.551s][info][gc,task     ] GC(36) Using 1 of 3 workers for Concurrent thread roots
[18.551s][info][gc          ] GC(36) Concurrent thread roots 0.373ms
[18.552s][info][gc,start    ] GC(36) Concurrent weak references
[18.552s][info][gc,task     ] GC(36) Using 1 of 3 workers for concurrent weak references
[18.552s][info][gc,ref      ] GC(36) Encountered references: Soft: 137, Weak: 885, Final: 3, Phantom: 124
[18.552s][info][gc,ref      ] GC(36) Discovered  references: Soft: 0, Weak: 410, Final: 1, Phantom: 108
[18.552s][info][gc,ref      ] GC(36) Enqueued    references: Soft: 0, Weak: 277, Final: 0, Phantom: 0
[18.552s][info][gc          ] GC(36) Concurrent weak references 0.143ms
[18.552s][info][gc,start    ] GC(36) Concurrent weak roots
[18.552s][info][gc,task     ] GC(36) Using 1 of 3 workers for concurrent weak root
[18.554s][info][gc          ] GC(36) Concurrent weak roots 1.837ms
[18.554s][info][gc,start    ] GC(36) Concurrent cleanup
[18.554s][info][gc          ] GC(36) Concurrent cleanup 1628M->192M(2048M) 0.097ms
[18.554s][info][gc,ergo     ] GC(36) Free: 1751M, Max: 1024K regular, 303M humongous, Frag: 83% external, 0% internal; Reserve: 102M, Max: 1024K
[18.554s][info][gc,start    ] GC(36) Concurrent class unloading
[18.554s][info][gc,task     ] GC(36) Using 1 of 3 workers for concurrent class unloading
[18.560s][info][gc          ] GC(36) Concurrent class unloading 5.998ms
[18.560s][info][gc,start    ] GC(36) Concurrent strong roots
[18.560s][info][gc,task     ] GC(36) Using 1 of 3 workers for concurrent strong root
[18.560s][info][gc          ] GC(36) Concurrent strong roots 0.083ms
[18.560s][info][gc,start    ] GC(36) Concurrent evacuation
[18.560s][info][gc,task     ] GC(36) Using 1 of 3 workers for concurrent evacuation
[18.561s][info][gc          ] GC(36) Concurrent evacuation 1.028ms
[18.561s][info][gc,start    ] GC(36) Pause Init Update Refs
[18.561s][info][gc,ergo     ] GC(36) Pacer for Update Refs. Used: 211M, Free: 1732M, Non-Taxable: 173M, Alloc Tax Rate: 1.1x
[18.561s][info][gc          ] GC(36) Pause Init Update Refs 0.052ms
[18.562s][info][gc,start    ] GC(36) Concurrent update references
[18.562s][info][gc,task     ] GC(36) Using 1 of 3 workers for concurrent reference update
[18.568s][info][gc          ] GC(36) Concurrent update references 6.726ms
[18.569s][info][gc,start    ] GC(36) Concurrent update thread roots
[18.569s][info][gc          ] GC(36) Concurrent update thread roots 0.510ms
[18.569s][info][gc,start    ] GC(36) Pause Final Update Refs
[18.569s][info][gc,task     ] GC(36) Using 3 of 3 workers for final reference update
[18.569s][info][gc          ] GC(36) Pause Final Update Refs 0.103ms
[18.571s][info][gc,start    ] GC(36) Concurrent cleanup
[18.571s][info][gc          ] GC(36) Concurrent cleanup 236M->88M(2048M) 0.110ms
[18.571s][info][gc,ergo     ] Free: 1854M, Max: 1024K regular, 1493M humongous, Frag: 20% external, 0% internal; Reserve: 103M, Max: 1024K
[18.571s][info][gc,stats    ] 
[18.571s][info][gc,stats    ] All times are wall-clock times, except per-root-class counters, that are sum over
[18.571s][info][gc,stats    ] all workers. Dividing the <total> over the root stage time estimates parallelism.
[18.571s][info][gc,stats    ] 
[18.571s][info][gc,stats    ] Concurrent Reset                    942 us
[18.571s][info][gc,stats    ] Pause Init Mark (G)                 365 us
[18.571s][info][gc,stats    ] Pause Init Mark (N)                 114 us
[18.571s][info][gc,stats    ]   Update Region States               42 us
[18.571s][info][gc,stats    ] Concurrent Mark Roots               431 us, parallelism: 0.78x
[18.571s][info][gc,stats    ]   CMR: <total>                      337 us
[18.571s][info][gc,stats    ]   CMR: Thread Roots                 286 us, workers (us): 286, ---, ---, 
[18.571s][info][gc,stats    ]   CMR: VM Strong Roots                8 us, workers (us):   8, ---, ---, 
[18.571s][info][gc,stats    ]   CMR: CLDG Roots                    43 us, workers (us):  43, ---, ---, 
[18.571s][info][gc,stats    ] Concurrent Marking                 5235 us
[18.571s][info][gc,stats    ] Pause Final Mark (G)                334 us
[18.571s][info][gc,stats    ] Pause Final Mark (N)                230 us
[18.571s][info][gc,stats    ]   Finish Mark                        45 us
[18.571s][info][gc,stats    ]   Update Region States               37 us
[18.571s][info][gc,stats    ]   Choose Collection Set              67 us
[18.571s][info][gc,stats    ]   Rebuild Free Set                    8 us
[18.571s][info][gc,stats    ] Concurrent Thread Roots             392 us, parallelism: 0.83x
[18.571s][info][gc,stats    ]   CTR: <total>                      324 us
[18.571s][info][gc,stats    ]   CTR: Thread Roots                 324 us, workers (us): 324, ---, ---, 
[18.571s][info][gc,stats    ] Concurrent Weak References          151 us, parallelism: 0.56x
[18.571s][info][gc,stats    ]   CWRF: <total>                      84 us
[18.571s][info][gc,stats    ]   CWRF: Weak References              84 us, workers (us):  84, ---, ---, 
[18.571s][info][gc,stats    ] Concurrent Weak Roots              1880 us
[18.571s][info][gc,stats    ]   Roots                            1278 us, parallelism: 0.97x
[18.571s][info][gc,stats    ]     CWR: <total>                   1241 us
[18.572s][info][gc,stats    ]     CWR: Code Cache Roots          1135 us, workers (us): 1135, ---, ---, 
[18.572s][info][gc,stats    ]     CWR: VM Weak Roots               99 us, workers (us):  99, ---, ---, 
[18.572s][info][gc,stats    ]     CWR: CLDG Roots                   7 us, workers (us):   7, ---, ---, 
[18.572s][info][gc,stats    ]   Rendezvous                        540 us
[18.572s][info][gc,stats    ] Concurrent Cleanup                  106 us
[18.572s][info][gc,stats    ] Concurrent Class Unloading         6031 us
[18.572s][info][gc,stats    ]   Unlink Stale                     4692 us
[18.572s][info][gc,stats    ]     System Dictionary                12 us
[18.572s][info][gc,stats    ]     Weak Class Links                  0 us
[18.572s][info][gc,stats    ]     Code Roots                     4678 us
[18.572s][info][gc,stats    ]   Rendezvous                       1017 us
[18.572s][info][gc,stats    ]   Purge Unlinked                    267 us
[18.572s][info][gc,stats    ]     Code Roots                      261 us
[18.572s][info][gc,stats    ]     CLDG                              6 us
[18.572s][info][gc,stats    ]     Exception Caches                  0 us
[18.572s][info][gc,stats    ] Concurrent Strong Roots              95 us, parallelism: 0.44x
[18.572s][info][gc,stats    ]   CSR: <total>                       42 us
[18.572s][info][gc,stats    ]   CSR: VM Strong Roots                4 us, workers (us):   4, ---, ---, 
[18.572s][info][gc,stats    ]   CSR: CLDG Roots                    38 us, workers (us):  38, ---, ---, 
[18.572s][info][gc,stats    ] Concurrent Evacuation              1093 us
[18.572s][info][gc,stats    ] Pause Init Update Refs (G)          874 us
[18.572s][info][gc,stats    ] Pause Init Update Refs (N)           61 us
[18.572s][info][gc,stats    ]   Manage GCLABs                       3 us
[18.572s][info][gc,stats    ] Concurrent Update Refs             6784 us
[18.572s][info][gc,stats    ] Concurrent Update Thread Roots      536 us
[18.572s][info][gc,stats    ] Pause Final Update Refs (G)        1902 us
[18.572s][info][gc,stats    ] Pause Final Update Refs (N)         122 us
[18.572s][info][gc,stats    ]   Update Region States               43 us
[18.572s][info][gc,stats    ]   Trash Collection Set                8 us
[18.572s][info][gc,stats    ]   Rebuild Free Set                   16 us
[18.572s][info][gc,stats    ] Concurrent Cleanup                  125 us
[18.572s][info][gc,stats    ] Pacing                             3193 us
[18.572s][info][gc,stats    ] 
[18.572s][info][gc,stats    ] Allocation pacing accrued:
[18.572s][info][gc,stats    ]       1 of   430 ms (  0.2%): Query0
[18.572s][info][gc,stats    ]       1 of   430 ms (  0.1%): Query2
[18.572s][info][gc,stats    ]       1 of   430 ms (  0.1%): Query3
[18.572s][info][gc,stats    ]       0 of   430 ms (  0.0%): Query4
[18.572s][info][gc,stats    ]       1 of   430 ms (  0.3%): Query5
[18.572s][info][gc,stats    ]       3 of   430 ms (  0.7%): <total>
[18.572s][info][gc,stats    ]       0 of   430 ms (  0.0%): <average total>
[18.572s][info][gc,stats    ]       1 of   430 ms (  0.1%): <average non-zero>
[18.572s][info][gc,stats    ] 
[18.572s][info][gc,metaspace] Metaspace: 8788K(9472K)->8788K(9472K) NonClass: 7939K(8320K)->7939K(8320K) Class: 849K(1152K)->849K(1152K)
[18.572s][info][gc,ergo     ] Pacer for Idle. Initial: 41943K, Alloc Tax Rate: 1.0x
[19.003s][info][gc          ] Trigger: Average GC time (61.72 ms) is above the time for average allocation rate (3532 MB/s) to deplete free headroom (201M) (margin of error = 1.85)
[19.003s][info][gc,ergo     ] Free headroom: 304M (free) - 102M (spike) - 0B (penalties) = 201M
[19.003s][info][gc,ergo     ] Free: 304M, Max: 1024K regular, 300M humongous, Frag: 0% external, 0% internal; Reserve: 103M, Max: 1024K
[19.003s][info][gc,start    ] GC(37) Concurrent reset
[19.003s][info][gc,task     ] GC(37) Using 1 of 3 workers for concurrent reset
[19.003s][info][gc,ergo     ] GC(37) Pacer for Reset. Non-Taxable: 2048M
[19.004s][info][gc          ] GC(37) Concurrent reset 0.989ms
[19.005s][info][gc,start    ] GC(37) Pause Init Mark (unload classes)
[19.005s][info][gc,task     ] GC(37) Using 3 of 3 workers for init marking
[19.005s][info][gc,ergo     ] GC(37) Pacer for Mark. Expected Live: 8413K, Free: 300M, Non-Taxable: 30725K, Alloc Tax Rate: 0.0x
[19.005s][info][gc          ] GC(37) Pause Init Mark (unload classes) 0.125ms
[19.005s][info][gc,start    ] GC(37) Concurrent marking roots
[19.005s][info][gc,task     ] GC(37) Using 1 of 3 workers for concurrent marking roots
[19.005s][info][gc          ] GC(37) Concurrent marking roots 0.457ms
[19.005s][info][gc,start    ] GC(37) Concurrent marking (unload classes)
[19.005s][info][gc,task     ] GC(37) Using 1 of 3 workers for concurrent marking
[19.010s][info][gc          ] GC(37) Concurrent marking (unload classes) 4.579ms
[19.010s][info][gc,start    ] GC(37) Pause Final Mark (unload classes)
[19.010s][info][gc,task     ] GC(37) Using 3 of 3 workers for final marking
[19.010s][info][gc,ergo     ] GC(37) Collectable Garbage: 1529M (93%), Immediate: 1529M (93%), CSet: 0B (0%)
[19.010s][info][gc          ] GC(37) Pause Final Mark (unload classes) 0.193ms
[19.010s][info][gc,start    ] GC(37) Concurrent weak references
[19.010s][info][gc,task     ] GC(37) Using 1 of 3 workers for concurrent weak references
[19.010s][info][gc,ref      ] GC(37) Encountered references: Soft: 137, Weak: 773, Final: 3, Phantom: 79
[19.010s][info][gc,ref      ] GC(37) Discovered  references: Soft: 0, Weak: 321, Final: 1, Phantom: 62
[19.010s][info][gc,ref      ] GC(37) Enqueued    references: Soft: 0, Weak: 189, Final: 0, Phantom: 0
[19.010s][info][gc          ] GC(37) Concurrent weak references 0.178ms
[19.010s][info][gc,start    ] GC(37) Concurrent weak roots
[19.010s][info][gc,task     ] GC(37) Using 1 of 3 workers for concurrent weak root
[19.012s][info][gc          ] GC(37) Concurrent weak roots 1.344ms
[19.012s][info][gc,start    ] GC(37) Concurrent cleanup
[19.012s][info][gc          ] GC(37) Concurrent cleanup 1660M->131M(2048M) 0.098ms
[19.012s][info][gc,ergo     ] GC(37) Free: 1811M, Max: 1024K regular, 278M humongous, Frag: 85% external, 0% internal; Reserve: 103M, Max: 1024K
[19.012s][info][gc,start    ] GC(37) Concurrent class unloading
[19.012s][info][gc,task     ] GC(37) Using 1 of 3 workers for concurrent class unloading
[19.016s][info][gc          ] GC(37) Concurrent class unloading 4.303ms
[19.016s][info][gc,start    ] GC(37) Pause Final Roots
[19.016s][info][gc          ] GC(37) Pause Final Roots 0.039ms
[19.016s][info][gc,ergo     ] Free: 1804M, Max: 1024K regular, 278M humongous, Frag: 85% external, 0% internal; Reserve: 103M, Max: 1024K
[19.016s][info][gc,stats    ] 
[19.016s][info][gc,stats    ] All times are wall-clock times, except per-root-class counters, that are sum over
[19.016s][info][gc,stats    ] all workers. Dividing the <total> over the root stage time estimates parallelism.
[19.016s][info][gc,stats    ] 
[19.016s][info][gc,stats    ] Concurrent Reset                   1089 us
[19.016s][info][gc,stats    ] Pause Init Mark (G)                 255 us
[19.016s][info][gc,stats    ] Pause Init Mark (N)                 134 us
[19.017s][info][gc,stats    ]   Update Region States               45 us
[19.017s][info][gc,stats    ] Concurrent Mark Roots               472 us, parallelism: 0.78x
[19.017s][info][gc,stats    ]   CMR: <total>                      367 us
[19.017s][info][gc,stats    ]   CMR: Thread Roots                 320 us, workers (us): 320, ---, ---, 
[19.017s][info][gc,stats    ]   CMR: VM Strong Roots                5 us, workers (us):   5, ---, ---, 
[19.017s][info][gc,stats    ]   CMR: CLDG Roots                    43 us, workers (us):  43, ---, ---, 
[19.017s][info][gc,stats    ] Concurrent Marking                 4616 us
[19.017s][info][gc,stats    ] Pause Final Mark (G)                267 us
[19.017s][info][gc,stats    ] Pause Final Mark (N)                204 us
[19.017s][info][gc,stats    ]   Finish Mark                        46 us
[19.017s][info][gc,stats    ]   Update Region States               37 us
[19.017s][info][gc,stats    ]   Choose Collection Set              51 us
[19.017s][info][gc,stats    ]   Rebuild Free Set                    8 us
[19.017s][info][gc,stats    ] Concurrent Weak References          197 us, parallelism: 0.25x
[19.017s][info][gc,stats    ]   CWRF: <total>                      48 us
[19.017s][info][gc,stats    ]   CWRF: Weak References              48 us, workers (us):  48, ---, ---, 
[19.017s][info][gc,stats    ] Concurrent Weak Roots              1378 us
[19.017s][info][gc,stats    ]   Roots                            1256 us, parallelism: 0.97x
[19.017s][info][gc,stats    ]     CWR: <total>                   1222 us
[19.017s][info][gc,stats    ]     CWR: Code Cache Roots          1138 us, workers (us): 1138, ---, ---, 
[19.017s][info][gc,stats    ]     CWR: VM Weak Roots               76 us, workers (us):  76, ---, ---, 
[19.017s][info][gc,stats    ]     CWR: CLDG Roots                   8 us, workers (us):   8, ---, ---, 
[19.017s][info][gc,stats    ]   Rendezvous                         50 us
[19.017s][info][gc,stats    ] Concurrent Cleanup                  108 us
[19.017s][info][gc,stats    ] Concurrent Class Unloading         4351 us
[19.017s][info][gc,stats    ]   Unlink Stale                     4068 us
[19.017s][info][gc,stats    ]     System Dictionary                10 us
[19.017s][info][gc,stats    ]     Weak Class Links                  0 us
[19.017s][info][gc,stats    ]     Code Roots                     4056 us
[19.017s][info][gc,stats    ]   Rendezvous                         63 us
[19.017s][info][gc,stats    ]   Purge Unlinked                    152 us
[19.017s][info][gc,stats    ]     Code Roots                      146 us
[19.017s][info][gc,stats    ]     CLDG                              5 us
[19.017s][info][gc,stats    ]     Exception Caches                  0 us
[19.017s][info][gc,stats    ] Pause Final Roots (G)               110 us
[19.017s][info][gc,stats    ] Pause Final Roots (N)                49 us
[19.017s][info][gc,stats    ] 
[19.017s][info][gc,stats    ] Allocation pacing accrued:
[19.017s][info][gc,stats    ]       0 of   445 ms (  0.0%): <total>
[19.017s][info][gc,stats    ]       0 of   445 ms (  0.0%): <average total>
[19.017s][info][gc,stats    ] 
[19.017s][info][gc,metaspace] Metaspace: 8788K(9472K)->8788K(9472K) NonClass: 7939K(8320K)->7939K(8320K) Class: 849K(1152K)->849K(1152K)
[19.017s][info][gc,ergo     ] Pacer for Idle. Initial: 41943K, Alloc Tax Rate: 1.0x
[19.368s][info][gc          ] Trigger: Explicit GC request (System.gc())
[19.368s][info][gc,ergo     ] Free: 1644M, Max: 1024K regular, 278M humongous, Frag: 84% external, 0% internal; Reserve: 103M, Max: 1024K
[19.368s][info][gc,start    ] GC(38) Concurrent reset
[19.368s][info][gc,task     ] GC(38) Using 1 of 3 workers for concurrent reset
[19.368s][info][gc,ergo     ] GC(38) Pacer for Reset. Non-Taxable: 2048M
[19.369s][info][gc          ] GC(38) Concurrent reset 0.924ms
[19.369s][info][gc,start    ] GC(38) Pause Init Mark (unload classes)
[19.369s][info][gc,task     ] GC(38) Using 3 of 3 workers for init marking
[19.370s][info][gc,ref      ] GC(38) Clearing All SoftReferences
[19.370s][info][gc,ergo     ] GC(38) Pacer for Mark. Expected Live: 8359K, Free: 1644M, Non-Taxable: 164M, Alloc Tax Rate: 0.0x
[19.370s][info][gc          ] GC(38) Pause Init Mark (unload classes) 0.246ms
[19.370s][info][gc,start    ] GC(38) Concurrent marking roots
[19.370s][info][gc,task     ] GC(38) Using 1 of 3 workers for concurrent marking roots
[19.370s][info][gc          ] GC(38) Concurrent marking roots 0.623ms
[19.370s][info][gc,start    ] GC(38) Concurrent marking (unload classes)
[19.370s][info][gc,task     ] GC(38) Using 1 of 3 workers for concurrent marking
[19.375s][info][gc          ] GC(38) Concurrent marking (unload classes) 4.804ms
[19.375s][info][gc,start    ] GC(38) Pause Final Mark (unload classes)
[19.375s][info][gc,task     ] GC(38) Using 3 of 3 workers for final marking
[19.376s][info][gc,ergo     ] GC(38) Collectable Garbage: 283M (98%), Immediate: 283M (98%), CSet: 0B (0%)
[19.376s][info][gc          ] GC(38) Pause Final Mark (unload classes) 0.413ms
[19.376s][info][gc,start    ] GC(38) Concurrent weak references
[19.376s][info][gc,task     ] GC(38) Using 1 of 3 workers for concurrent weak references
[19.376s][info][gc,ref      ] GC(38) Encountered references: Soft: 138, Weak: 556, Final: 3, Phantom: 26
[19.376s][info][gc,ref      ] GC(38) Discovered  references: Soft: 92, Weak: 149, Final: 1, Phantom: 24
[19.376s][info][gc,ref      ] GC(38) Enqueued    references: Soft: 1, Weak: 0, Final: 0, Phantom: 0
[19.376s][info][gc          ] GC(38) Concurrent weak references 0.153ms
[19.376s][info][gc,start    ] GC(38) Concurrent weak roots
[19.376s][info][gc,task     ] GC(38) Using 1 of 3 workers for concurrent weak root
[19.377s][info][gc          ] GC(38) Concurrent weak roots 1.077ms
[19.377s][info][gc,start    ] GC(38) Concurrent cleanup
[19.377s][info][gc          ] GC(38) Concurrent cleanup 295M->11M(2048M) 0.038ms
[19.377s][info][gc,ergo     ] GC(38) Free: 1931M, Max: 1024K regular, 1765M humongous, Frag: 9% external, 0% internal; Reserve: 103M, Max: 1024K
[19.377s][info][gc,start    ] GC(38) Concurrent class unloading
[19.377s][info][gc,task     ] GC(38) Using 1 of 3 workers for concurrent class unloading
[19.382s][info][gc          ] GC(38) Concurrent class unloading 5.284ms
[19.383s][info][gc,start    ] GC(38) Pause Final Roots
[19.383s][info][gc          ] GC(38) Pause Final Roots 0.058ms
[19.383s][info][gc,ergo     ] Free: 1931M, Max: 1024K regular, 1765M humongous, Frag: 9% external, 0% internal; Reserve: 103M, Max: 1024K
[19.383s][info][gc,stats    ] 
[19.383s][info][gc,stats    ] All times are wall-clock times, except per-root-class counters, that are sum over
[19.383s][info][gc,stats    ] all workers. Dividing the <total> over the root stage time estimates parallelism.
[19.383s][info][gc,stats    ] 
[19.383s][info][gc,stats    ] Concurrent Reset                   1002 us
[19.383s][info][gc,stats    ] Pause Init Mark (G)                 395 us
[19.383s][info][gc,stats    ] Pause Init Mark (N)                 263 us
[19.383s][info][gc,stats    ]   Update Region States              113 us
[19.383s][info][gc,stats    ] Concurrent Mark Roots               641 us, parallelism: 0.80x
[19.383s][info][gc,stats    ]   CMR: <total>                      514 us
[19.383s][info][gc,stats    ]   CMR: Thread Roots                 449 us, workers (us): 449, ---, ---, 
[19.383s][info][gc,stats    ]   CMR: VM Strong Roots                6 us, workers (us):   6, ---, ---, 
[19.383s][info][gc,stats    ]   CMR: CLDG Roots                    60 us, workers (us):  60, ---, ---, 
[19.383s][info][gc,stats    ] Concurrent Marking                 4872 us
[19.383s][info][gc,stats    ] Pause Final Mark (G)                548 us
[19.383s][info][gc,stats    ] Pause Final Mark (N)                441 us
[19.383s][info][gc,stats    ]   Finish Mark                        96 us
[19.383s][info][gc,stats    ]   Update Region States               99 us
[19.383s][info][gc,stats    ]   Choose Collection Set              88 us
[19.383s][info][gc,stats    ]   Rebuild Free Set                   24 us
[19.383s][info][gc,stats    ] Concurrent Weak References          161 us, parallelism: 0.09x
[19.383s][info][gc,stats    ]   CWRF: <total>                      14 us
[19.383s][info][gc,stats    ]   CWRF: Weak References              14 us, workers (us):  14, ---, ---, 
[19.383s][info][gc,stats    ] Concurrent Weak Roots              1110 us
[19.383s][info][gc,stats    ]   Roots                            1002 us, parallelism: 0.93x
[19.383s][info][gc,stats    ]     CWR: <total>                    934 us
[19.383s][info][gc,stats    ]     CWR: Code Cache Roots           860 us, workers (us): 860, ---, ---, 
[19.383s][info][gc,stats    ]     CWR: VM Weak Roots               69 us, workers (us):  69, ---, ---, 
[19.383s][info][gc,stats    ]     CWR: CLDG Roots                   6 us, workers (us):   6, ---, ---, 
[19.383s][info][gc,stats    ]   Rendezvous                         57 us
[19.383s][info][gc,stats    ] Concurrent Cleanup                   47 us
[19.383s][info][gc,stats    ] Concurrent Class Unloading         5354 us
[19.383s][info][gc,stats    ]   Unlink Stale                     4925 us
[19.383s][info][gc,stats    ]     System Dictionary                 6 us
[19.383s][info][gc,stats    ]     Weak Class Links                  0 us
[19.383s][info][gc,stats    ]     Code Roots                     4917 us
[19.383s][info][gc,stats    ]   Rendezvous                        132 us
[19.383s][info][gc,stats    ]   Purge Unlinked                    204 us
[19.383s][info][gc,stats    ]     Code Roots                      193 us
[19.383s][info][gc,stats    ]     CLDG                             11 us
[19.383s][info][gc,stats    ]     Exception Caches                  0 us
[19.383s][info][gc,stats    ] Pause Final Roots (G)               196 us
[19.383s][info][gc,stats    ] Pause Final Roots (N)                81 us
[19.383s][info][gc,stats    ] 
[19.383s][info][gc,stats    ] Allocation pacing accrued:
[19.383s][info][gc,stats    ]       0 of   366 ms (  0.0%): <total>
[19.383s][info][gc,stats    ]       0 of   366 ms (  0.0%): <average total>
[19.383s][info][gc,stats    ] 
[19.383s][info][gc,metaspace] Metaspace: 8793K(9472K)->8793K(9472K) NonClass: 7943K(8320K)->7943K(8320K) Class: 850K(1152K)->850K(1152K)
[19.383s][info][gc,ergo     ] Pacer for Idle. Initial: 41943K, Alloc Tax Rate: 1.0x
[19.637s][info][gc          ] Trigger: Learning 2 of 5. Free (1396M) is below initial threshold (1433M)
[19.637s][info][gc,ergo     ] Free: 1396M, Max: 1024K regular, 1392M humongous, Frag: 0% external, 0% internal; Reserve: 103M, Max: 1024K
[19.637s][info][gc,start    ] GC(39) Concurrent reset
[19.637s][info][gc,task     ] GC(39) Using 1 of 3 workers for concurrent reset
[19.637s][info][gc,ergo     ] GC(39) Pacer for Reset. Non-Taxable: 2048M
[19.637s][info][gc          ] GC(39) Concurrent reset 0.315ms
[19.637s][info][gc,start    ] GC(39) Pause Init Mark (unload classes)
[19.637s][info][gc,task     ] GC(39) Using 3 of 3 workers for init marking
[19.637s][info][gc,ergo     ] GC(39) Pacer for Mark. Expected Live: 8249K, Free: 1396M, Non-Taxable: 139M, Alloc Tax Rate: 0.0x
[19.637s][info][gc          ] GC(39) Pause Init Mark (unload classes) 0.162ms
[19.637s][info][gc,start    ] GC(39) Concurrent marking roots
[19.637s][info][gc,task     ] GC(39) Using 1 of 3 workers for concurrent marking roots
[19.638s][info][gc          ] GC(39) Concurrent marking roots 0.959ms
[19.638s][info][gc,start    ] GC(39) Concurrent marking (unload classes)
[19.638s][info][gc,task     ] GC(39) Using 1 of 3 workers for concurrent marking
[19.643s][info][gc          ] GC(39) Concurrent marking (unload classes) 4.249ms
[19.643s][info][gc,start    ] GC(39) Pause Final Mark (unload classes)
[19.643s][info][gc,task     ] GC(39) Using 3 of 3 workers for final marking
[19.643s][info][gc,ergo     ] GC(39) Adaptive CSet Selection. Target Free: 290M, Actual Free: 1969M, Max CSet: 87381K, Min Garbage: 0B
[19.643s][info][gc,ergo     ] GC(39) Collectable Garbage: 535M (99%), Immediate: 474M (88%), CSet: 62750K (11%)
[19.643s][info][gc,ergo     ] GC(39) Pacer for Evacuation. Used CSet: 63488K, Free: 1872M, Non-Taxable: 187M, Alloc Tax Rate: 1.1x
[19.643s][info][gc          ] GC(39) Pause Final Mark (unload classes) 0.294ms
[19.643s][info][gc,start    ] GC(39) Concurrent thread roots
[19.643s][info][gc,task     ] GC(39) Using 1 of 3 workers for Concurrent thread roots
[19.644s][info][gc          ] GC(39) Concurrent thread roots 0.938ms
[19.644s][info][gc,start    ] GC(39) Concurrent weak references
[19.644s][info][gc,task     ] GC(39) Using 1 of 3 workers for concurrent weak references
[19.644s][info][gc,ref      ] GC(39) Encountered references: Soft: 137, Weak: 691, Final: 3, Phantom: 110
[19.644s][info][gc,ref      ] GC(39) Discovered  references: Soft: 0, Weak: 223, Final: 1, Phantom: 95
[19.644s][info][gc,ref      ] GC(39) Enqueued    references: Soft: 0, Weak: 88, Final: 0, Phantom: 0
[19.644s][info][gc          ] GC(39) Concurrent weak references 0.079ms
[19.644s][info][gc,start    ] GC(39) Concurrent weak roots
[19.644s][info][gc,task     ] GC(39) Using 1 of 3 workers for concurrent weak root
[19.645s][info][gc          ] GC(39) Concurrent weak roots 1.017ms
[19.645s][info][gc,start    ] GC(39) Concurrent cleanup
[19.645s][info][gc          ] GC(39) Concurrent cleanup 545M->71M(2048M) 0.044ms
[19.645s][info][gc,ergo     ] GC(39) Free: 1872M, Max: 1024K regular, 1392M humongous, Frag: 26% external, 0% internal; Reserve: 102M, Max: 1024K
[19.645s][info][gc,start    ] GC(39) Concurrent class unloading
[19.645s][info][gc,task     ] GC(39) Using 1 of 3 workers for concurrent class unloading
[19.649s][info][gc          ] GC(39) Concurrent class unloading 4.299ms
[19.649s][info][gc,start    ] GC(39) Concurrent strong roots
[19.650s][info][gc,task     ] GC(39) Using 1 of 3 workers for concurrent strong root
[19.650s][info][gc          ] GC(39) Concurrent strong roots 0.132ms
[19.650s][info][gc,start    ] GC(39) Concurrent evacuation
[19.650s][info][gc,task     ] GC(39) Using 1 of 3 workers for concurrent evacuation
[19.650s][info][gc          ] GC(39) Concurrent evacuation 0.525ms
[19.650s][info][gc,start    ] GC(39) Pause Init Update Refs
[19.650s][info][gc,ergo     ] GC(39) Pacer for Update Refs. Used: 73671K, Free: 1872M, Non-Taxable: 187M, Alloc Tax Rate: 1.1x
[19.650s][info][gc          ] GC(39) Pause Init Update Refs 0.059ms
[19.650s][info][gc,start    ] GC(39) Concurrent update references
[19.650s][info][gc,task     ] GC(39) Using 1 of 3 workers for concurrent reference update
[19.652s][info][gc          ] GC(39) Concurrent update references 1.773ms
[19.652s][info][gc,start    ] GC(39) Concurrent update thread roots
[19.653s][info][gc          ] GC(39) Concurrent update thread roots 0.677ms
[19.653s][info][gc,start    ] GC(39) Pause Final Update Refs
[19.653s][info][gc,task     ] GC(39) Using 3 of 3 workers for final reference update
[19.653s][info][gc          ] GC(39) Pause Final Update Refs 0.115ms
[19.654s][info][gc,start    ] GC(39) Concurrent cleanup
[19.654s][info][gc          ] GC(39) Concurrent cleanup 77M->15M(2048M) 0.038ms
[19.654s][info][gc,ergo     ] Free: 1927M, Max: 1024K regular, 1922M humongous, Frag: 1% external, 0% internal; Reserve: 103M, Max: 1024K
[19.654s][info][gc,stats    ] 
[19.654s][info][gc,stats    ] All times are wall-clock times, except per-root-class counters, that are sum over
[19.654s][info][gc,stats    ] all workers. Dividing the <total> over the root stage time estimates parallelism.
[19.654s][info][gc,stats    ] 
[19.654s][info][gc,stats    ] Concurrent Reset                    406 us
[19.654s][info][gc,stats    ] Pause Init Mark (G)                 284 us
[19.654s][info][gc,stats    ] Pause Init Mark (N)                 184 us
[19.654s][info][gc,stats    ]   Update Region States               66 us
[19.654s][info][gc,stats    ] Concurrent Mark Roots               974 us, parallelism: 0.90x
[19.654s][info][gc,stats    ]   CMR: <total>                      873 us
[19.654s][info][gc,stats    ]   CMR: Thread Roots                 797 us, workers (us): 797, ---, ---, 
[19.654s][info][gc,stats    ]   CMR: VM Strong Roots                8 us, workers (us):   8, ---, ---, 
[19.654s][info][gc,stats    ]   CMR: CLDG Roots                    68 us, workers (us):  68, ---, ---, 
[19.654s][info][gc,stats    ] Concurrent Marking                 4273 us
[19.654s][info][gc,stats    ] Pause Final Mark (G)                365 us
[19.654s][info][gc,stats    ] Pause Final Mark (N)                315 us
[19.654s][info][gc,stats    ]   Finish Mark                        57 us
[19.654s][info][gc,stats    ]   Update Region States               46 us
[19.654s][info][gc,stats    ]   Choose Collection Set              92 us
[19.654s][info][gc,stats    ]   Rebuild Free Set                   22 us
[19.654s][info][gc,stats    ] Concurrent Thread Roots             946 us, parallelism: 0.92x
[19.654s][info][gc,stats    ]   CTR: <total>                      871 us
[19.654s][info][gc,stats    ]   CTR: Thread Roots                 871 us, workers (us): 871, ---, ---, 
[19.654s][info][gc,stats    ] Concurrent Weak References           87 us, parallelism: 0.26x
[19.654s][info][gc,stats    ]   CWRF: <total>                      23 us
[19.654s][info][gc,stats    ]   CWRF: Weak References              23 us, workers (us):  23, ---, ---, 
[19.654s][info][gc,stats    ] Concurrent Weak Roots              1031 us
[19.654s][info][gc,stats    ]   Roots                             974 us, parallelism: 0.97x
[19.654s][info][gc,stats    ]     CWR: <total>                    944 us
[19.654s][info][gc,stats    ]     CWR: Code Cache Roots           845 us, workers (us): 845, ---, ---, 
[19.654s][info][gc,stats    ]     CWR: VM Weak Roots               94 us, workers (us):  94, ---, ---, 
[19.654s][info][gc,stats    ]     CWR: CLDG Roots                   5 us, workers (us):   5, ---, ---, 
[19.654s][info][gc,stats    ]   Rendezvous                         29 us
[19.654s][info][gc,stats    ] Concurrent Cleanup                   52 us
[19.654s][info][gc,stats    ] Concurrent Class Unloading         4353 us
[19.654s][info][gc,stats    ]   Unlink Stale                     4034 us
[19.654s][info][gc,stats    ]     System Dictionary                 7 us
[19.654s][info][gc,stats    ]     Weak Class Links                  0 us
[19.654s][info][gc,stats    ]     Code Roots                     4026 us
[19.654s][info][gc,stats    ]   Rendezvous                         53 us
[19.654s][info][gc,stats    ]   Purge Unlinked                    190 us
[19.654s][info][gc,stats    ]     Code Roots                      178 us
[19.654s][info][gc,stats    ]     CLDG                             11 us
[19.654s][info][gc,stats    ]     Exception Caches                  0 us
[19.654s][info][gc,stats    ] Concurrent Strong Roots             170 us, parallelism: 0.23x
[19.654s][info][gc,stats    ]   CSR: <total>                       39 us
[19.654s][info][gc,stats    ]   CSR: VM Strong Roots                4 us, workers (us):   4, ---, ---, 
[19.654s][info][gc,stats    ]   CSR: CLDG Roots                    35 us, workers (us):  35, ---, ---, 
[19.654s][info][gc,stats    ] Concurrent Evacuation               554 us
[19.654s][info][gc,stats    ] Pause Init Update Refs (G)          136 us
[19.654s][info][gc,stats    ] Pause Init Update Refs (N)           79 us
[19.654s][info][gc,stats    ]   Manage GCLABs                       3 us
[19.654s][info][gc,stats    ] Concurrent Update Refs             1896 us
[19.654s][info][gc,stats    ] Concurrent Update Thread Roots      708 us
[19.654s][info][gc,stats    ] Pause Final Update Refs (G)         771 us
[19.654s][info][gc,stats    ] Pause Final Update Refs (N)         144 us
[19.654s][info][gc,stats    ]   Update Region States               65 us
[19.654s][info][gc,stats    ]   Trash Collection Set                3 us
[19.654s][info][gc,stats    ]   Rebuild Free Set                   11 us
[19.654s][info][gc,stats    ] Concurrent Cleanup                   48 us
[19.654s][info][gc,stats    ] Pacing                           653149 us
[19.654s][info][gc,stats    ] 
[19.654s][info][gc,stats    ] Allocation pacing accrued:
[19.654s][info][gc,stats    ]     106 of   271 ms ( 39.3%): Query0
[19.654s][info][gc,stats    ]     111 of   271 ms ( 40.9%): Query1
[19.654s][info][gc,stats    ]     106 of   271 ms ( 39.2%): Query2
[19.654s][info][gc,stats    ]     106 of   271 ms ( 39.2%): Query3
[19.654s][info][gc,stats    ]     110 of   271 ms ( 40.4%): Query4
[19.654s][info][gc,stats    ]     113 of   271 ms ( 41.9%): Query5
[19.654s][info][gc,stats    ]     653 of   271 ms (240.9%): <total>
[19.654s][info][gc,stats    ]      34 of   271 ms ( 12.7%): <average total>
[19.654s][info][gc,stats    ]     109 of   271 ms ( 40.1%): <average non-zero>
[19.654s][info][gc,stats    ] 
[19.654s][info][gc,metaspace] Metaspace: 8793K(9472K)->8793K(9472K) NonClass: 7943K(8320K)->7943K(8320K) Class: 850K(1152K)->850K(1152K)
[19.654s][info][gc,ergo     ] Pacer for Idle. Initial: 41943K, Alloc Tax Rate: 1.0x
[19.921s][info][gc          ] Trigger: Learning 3 of 5. Free (1414M) is below initial threshold (1433M)
[19.921s][info][gc,ergo     ] Free: 1414M, Max: 1024K regular, 1410M humongous, Frag: 0% external, 0% internal; Reserve: 103M, Max: 1024K
[19.921s][info][gc,start    ] GC(40) Concurrent reset
[19.921s][info][gc,task     ] GC(40) Using 1 of 3 workers for concurrent reset
[19.921s][info][gc,ergo     ] GC(40) Pacer for Reset. Non-Taxable: 2048M
[19.921s][info][gc          ] GC(40) Concurrent reset 0.299ms
[19.921s][info][gc,start    ] GC(40) Pause Init Mark (unload classes)
[19.921s][info][gc,task     ] GC(40) Using 3 of 3 workers for init marking
[19.921s][info][gc,ergo     ] GC(40) Pacer for Mark. Expected Live: 8264K, Free: 1414M, Non-Taxable: 141M, Alloc Tax Rate: 0.0x
[19.921s][info][gc          ] GC(40) Pause Init Mark (unload classes) 0.063ms
[19.921s][info][gc,start    ] GC(40) Concurrent marking roots
[19.921s][info][gc,task     ] GC(40) Using 1 of 3 workers for concurrent marking roots
[19.922s][info][gc          ] GC(40) Concurrent marking roots 0.507ms
[19.922s][info][gc,start    ] GC(40) Concurrent marking (unload classes)
[19.922s][info][gc,task     ] GC(40) Using 1 of 3 workers for concurrent marking
[19.926s][info][gc          ] GC(40) Concurrent marking (unload classes) 3.957ms
[19.926s][info][gc,start    ] GC(40) Pause Final Mark (unload classes)
[19.926s][info][gc,task     ] GC(40) Using 3 of 3 workers for final marking
[19.926s][info][gc,ergo     ] GC(40) Adaptive CSet Selection. Target Free: 290M, Actual Free: 1969M, Max CSet: 87381K, Min Garbage: 0B
[19.926s][info][gc,ergo     ] GC(40) Collectable Garbage: 519M (99%), Immediate: 456M (87%), CSet: 64660K (12%)
[19.926s][info][gc,ergo     ] GC(40) Pacer for Evacuation. Used CSet: 65505K, Free: 1870M, Non-Taxable: 187M, Alloc Tax Rate: 1.1x
[19.926s][info][gc          ] GC(40) Pause Final Mark (unload classes) 0.291ms
[19.926s][info][gc,start    ] GC(40) Concurrent thread roots
[19.926s][info][gc,task     ] GC(40) Using 1 of 3 workers for Concurrent thread roots
[19.927s][info][gc          ] GC(40) Concurrent thread roots 0.892ms
[19.927s][info][gc,start    ] GC(40) Concurrent weak references
[19.927s][info][gc,task     ] GC(40) Using 1 of 3 workers for concurrent weak references
[19.927s][info][gc,ref      ] GC(40) Encountered references: Soft: 137, Weak: 700, Final: 3, Phantom: 124
[19.927s][info][gc,ref      ] GC(40) Discovered  references: Soft: 0, Weak: 225, Final: 1, Phantom: 108
[19.927s][info][gc,ref      ] GC(40) Enqueued    references: Soft: 0, Weak: 90, Final: 0, Phantom: 0
[19.927s][info][gc          ] GC(40) Concurrent weak references 0.092ms
[19.927s][info][gc,start    ] GC(40) Concurrent weak roots
[19.927s][info][gc,task     ] GC(40) Using 1 of 3 workers for concurrent weak root
[19.928s][info][gc          ] GC(40) Concurrent weak roots 1.035ms
[19.928s][info][gc,start    ] GC(40) Concurrent cleanup
[19.928s][info][gc          ] GC(40) Concurrent cleanup 529M->73M(2048M) 0.044ms
[19.928s][info][gc,ergo     ] GC(40) Free: 1870M, Max: 1024K regular, 1410M humongous, Frag: 25% external, 0% internal; Reserve: 102M, Max: 1024K
[19.928s][info][gc,start    ] GC(40) Concurrent class unloading
[19.928s][info][gc,task     ] GC(40) Using 1 of 3 workers for concurrent class unloading
[19.933s][info][gc          ] GC(40) Concurrent class unloading 4.348ms
[19.933s][info][gc,start    ] GC(40) Concurrent strong roots
[19.933s][info][gc,task     ] GC(40) Using 1 of 3 workers for concurrent strong root
[19.933s][info][gc          ] GC(40) Concurrent strong roots 0.120ms
[19.933s][info][gc,start    ] GC(40) Concurrent evacuation
[19.933s][info][gc,task     ] GC(40) Using 1 of 3 workers for concurrent evacuation
[19.933s][info][gc          ] GC(40) Concurrent evacuation 0.519ms
[19.933s][info][gc,start    ] GC(40) Pause Init Update Refs
[19.934s][info][gc,ergo     ] GC(40) Pacer for Update Refs. Used: 75688K, Free: 1870M, Non-Taxable: 187M, Alloc Tax Rate: 1.1x
[19.934s][info][gc          ] GC(40) Pause Init Update Refs 0.058ms
[19.934s][info][gc,start    ] GC(40) Concurrent update references
[19.934s][info][gc,task     ] GC(40) Using 1 of 3 workers for concurrent reference update
[19.936s][info][gc          ] GC(40) Concurrent update references 2.313ms
[19.936s][info][gc,start    ] GC(40) Concurrent update thread roots
[19.936s][info][gc          ] GC(40) Concurrent update thread roots 0.439ms
[19.936s][info][gc,start    ] GC(40) Pause Final Update Refs
[19.936s][info][gc,task     ] GC(40) Using 3 of 3 workers for final reference update
[19.937s][info][gc          ] GC(40) Pause Final Update Refs 0.071ms
[19.937s][info][gc,start    ] GC(40) Concurrent cleanup
[19.937s][info][gc          ] GC(40) Concurrent cleanup 73M->9M(2048M) 0.062ms
[19.937s][info][gc,ergo     ] Free: 1931M, Max: 1024K regular, 1927M humongous, Frag: 0% external, 0% internal; Reserve: 103M, Max: 1024K
[19.937s][info][gc,stats    ] 
[19.937s][info][gc,stats    ] All times are wall-clock times, except per-root-class counters, that are sum over
[19.937s][info][gc,stats    ] all workers. Dividing the <total> over the root stage time estimates parallelism.
[19.937s][info][gc,stats    ] 
[19.937s][info][gc,stats    ] Concurrent Reset                    340 us
[19.937s][info][gc,stats    ] Pause Init Mark (G)                 115 us
[19.937s][info][gc,stats    ] Pause Init Mark (N)                  71 us
[19.937s][info][gc,stats    ]   Update Region States               28 us
[19.937s][info][gc,stats    ] Concurrent Mark Roots               516 us, parallelism: 0.86x
[19.937s][info][gc,stats    ]   CMR: <total>                      446 us
[19.937s][info][gc,stats    ]   CMR: Thread Roots                 408 us, workers (us): 408, ---, ---, 
[19.937s][info][gc,stats    ]   CMR: VM Strong Roots                5 us, workers (us):   5, ---, ---, 
[19.937s][info][gc,stats    ]   CMR: CLDG Roots                    33 us, workers (us):  33, ---, ---, 
[19.937s][info][gc,stats    ] Concurrent Marking                 3982 us
[19.937s][info][gc,stats    ] Pause Final Mark (G)                360 us
[19.937s][info][gc,stats    ] Pause Final Mark (N)                311 us
[19.937s][info][gc,stats    ]   Finish Mark                        56 us
[19.937s][info][gc,stats    ]   Update Region States               48 us
[19.937s][info][gc,stats    ]   Choose Collection Set              89 us
[19.937s][info][gc,stats    ]   Rebuild Free Set                   21 us
[19.937s][info][gc,stats    ] Concurrent Thread Roots             901 us, parallelism: 0.92x
[19.937s][info][gc,stats    ]   CTR: <total>                      825 us
[19.937s][info][gc,stats    ]   CTR: Thread Roots                 825 us, workers (us): 825, ---, ---, 
[19.937s][info][gc,stats    ] Concurrent Weak References           99 us, parallelism: 0.24x
[19.937s][info][gc,stats    ]   CWRF: <total>                      24 us
[19.937s][info][gc,stats    ]   CWRF: Weak References              24 us, workers (us):  24, ---, ---, 
[19.937s][info][gc,stats    ] Concurrent Weak Roots              1049 us
[19.937s][info][gc,stats    ]   Roots                             990 us, parallelism: 0.97x
[19.937s][info][gc,stats    ]     CWR: <total>                    957 us
[19.937s][info][gc,stats    ]     CWR: Code Cache Roots           862 us, workers (us): 862, ---, ---, 
[19.937s][info][gc,stats    ]     CWR: VM Weak Roots               90 us, workers (us):  90, ---, ---, 
[19.937s][info][gc,stats    ]     CWR: CLDG Roots                   6 us, workers (us):   6, ---, ---, 
[19.937s][info][gc,stats    ]   Rendezvous                         29 us
[19.937s][info][gc,stats    ] Concurrent Cleanup                   52 us
[19.937s][info][gc,stats    ] Concurrent Class Unloading         4378 us
[19.937s][info][gc,stats    ]   Unlink Stale                     4106 us
[19.937s][info][gc,stats    ]     System Dictionary                 7 us
[19.937s][info][gc,stats    ]     Weak Class Links                  0 us
[19.937s][info][gc,stats    ]     Code Roots                     4098 us
[19.937s][info][gc,stats    ]   Rendezvous                         51 us
[19.937s][info][gc,stats    ]   Purge Unlinked                    172 us
[19.937s][info][gc,stats    ]     Code Roots                      166 us
[19.937s][info][gc,stats    ]     CLDG                              6 us
[19.937s][info][gc,stats    ]     Exception Caches                  0 us
[19.937s][info][gc,stats    ] Concurrent Strong Roots             138 us, parallelism: 0.37x
[19.937s][info][gc,stats    ]   CSR: <total>                       52 us
[19.937s][info][gc,stats    ]   CSR: VM Strong Roots                6 us, workers (us):   6, ---, ---, 
[19.937s][info][gc,stats    ]   CSR: CLDG Roots                    46 us, workers (us):  46, ---, ---, 
[19.937s][info][gc,stats    ] Concurrent Evacuation               538 us
[19.937s][info][gc,stats    ] Pause Init Update Refs (G)          126 us
[19.937s][info][gc,stats    ] Pause Init Update Refs (N)           77 us
[19.937s][info][gc,stats    ]   Manage GCLABs                       4 us
[19.937s][info][gc,stats    ] Concurrent Update Refs             2334 us
[19.937s][info][gc,stats    ] Concurrent Update Thread Roots      482 us
[19.937s][info][gc,stats    ] Pause Final Update Refs (G)         137 us
[19.937s][info][gc,stats    ] Pause Final Update Refs (N)          81 us
[19.937s][info][gc,stats    ]   Update Region States               34 us
[19.937s][info][gc,stats    ]   Trash Collection Set                4 us
[19.937s][info][gc,stats    ]   Rebuild Free Set                    9 us
[19.937s][info][gc,stats    ] Concurrent Cleanup                   97 us
[19.937s][info][gc,stats    ] Pacing                           847953 us
[19.937s][info][gc,stats    ] 
[19.937s][info][gc,stats    ] Allocation pacing accrued:
[19.937s][info][gc,stats    ]     143 of   283 ms ( 50.4%): Query0
[19.937s][info][gc,stats    ]     144 of   283 ms ( 51.0%): Query1
[19.937s][info][gc,stats    ]     149 of   283 ms ( 52.8%): Query2
[19.937s][info][gc,stats    ]     143 of   283 ms ( 50.5%): Query3
[19.937s][info][gc,stats    ]     146 of   283 ms ( 51.7%): Query4
[19.937s][info][gc,stats    ]     141 of   283 ms ( 49.8%): Query5
[19.937s][info][gc,stats    ]     866 of   283 ms (306.2%): <total>
[19.937s][info][gc,stats    ]      46 of   283 ms ( 16.1%): <average total>
[19.937s][info][gc,stats    ]     144 of   283 ms ( 51.0%): <average non-zero>
[19.937s][info][gc,stats    ] 
[19.937s][info][gc,metaspace] Metaspace: 8793K(9472K)->8793K(9472K) NonClass: 7943K(8320K)->7943K(8320K) Class: 850K(1152K)->850K(1152K)
[19.937s][info][gc,ergo     ] Pacer for Idle. Initial: 41943K, Alloc Tax Rate: 1.0x
[20.212s][info][gc          ] Trigger: Learning 4 of 5. Free (1398M) is below initial threshold (1433M)
[20.212s][info][gc,ergo     ] Free: 1397M, Max: 1024K regular, 1393M humongous, Frag: 0% external, 0% internal; Reserve: 103M, Max: 1024K
[20.212s][info][gc,start    ] GC(41) Concurrent reset
[20.212s][info][gc,task     ] GC(41) Using 1 of 3 workers for concurrent reset
[20.212s][info][gc,ergo     ] GC(41) Pacer for Reset. Non-Taxable: 2048M
[20.212s][info][gc          ] GC(41) Concurrent reset 0.424ms
[20.212s][info][gc,start    ] GC(41) Pause Init Mark (unload classes)
[20.212s][info][gc,task     ] GC(41) Using 3 of 3 workers for init marking
[20.212s][info][gc,ergo     ] GC(41) Pacer for Mark. Expected Live: 8264K, Free: 1397M, Non-Taxable: 139M, Alloc Tax Rate: 0.0x
[20.212s][info][gc          ] GC(41) Pause Init Mark (unload classes) 0.109ms
[20.212s][info][gc,start    ] GC(41) Concurrent marking roots
[20.212s][info][gc,task     ] GC(41) Using 1 of 3 workers for concurrent marking roots
[20.213s][info][gc          ] GC(41) Concurrent marking roots 0.491ms
[20.213s][info][gc,start    ] GC(41) Concurrent marking (unload classes)
[20.213s][info][gc,task     ] GC(41) Using 1 of 3 workers for concurrent marking
[20.217s][info][gc          ] GC(41) Concurrent marking (unload classes) 4.175ms
[20.217s][info][gc,start    ] GC(41) Pause Final Mark (unload classes)
[20.217s][info][gc,task     ] GC(41) Using 3 of 3 workers for final marking
[20.217s][info][gc,ergo     ] GC(41) Adaptive CSet Selection. Target Free: 290M, Actual Free: 1970M, Max CSet: 87381K, Min Garbage: 0B
[20.217s][info][gc,ergo     ] GC(41) Collectable Garbage: 536M (99%), Immediate: 483M (89%), CSet: 54615K (9%)
[20.217s][info][gc,ergo     ] GC(41) Pacer for Evacuation. Used CSet: 55296K, Free: 1871M, Non-Taxable: 187M, Alloc Tax Rate: 1.1x
[20.217s][info][gc          ] GC(41) Pause Final Mark (unload classes) 0.204ms
[20.217s][info][gc,start    ] GC(41) Concurrent thread roots
[20.217s][info][gc,task     ] GC(41) Using 1 of 3 workers for Concurrent thread roots
[20.218s][info][gc          ] GC(41) Concurrent thread roots 0.366ms
[20.218s][info][gc,start    ] GC(41) Concurrent weak references
[20.218s][info][gc,task     ] GC(41) Using 1 of 3 workers for concurrent weak references
[20.218s][info][gc,ref      ] GC(41) Encountered references: Soft: 137, Weak: 691, Final: 3, Phantom: 96
[20.218s][info][gc,ref      ] GC(41) Discovered  references: Soft: 0, Weak: 235, Final: 1, Phantom: 80
[20.218s][info][gc,ref      ] GC(41) Enqueued    references: Soft: 0, Weak: 96, Final: 0, Phantom: 0
[20.218s][info][gc          ] GC(41) Concurrent weak references 0.088ms
[20.218s][info][gc,start    ] GC(41) Concurrent weak roots
[20.218s][info][gc,task     ] GC(41) Using 1 of 3 workers for concurrent weak root
[20.219s][info][gc          ] GC(41) Concurrent weak roots 1.151ms
[20.219s][info][gc,start    ] GC(41) Concurrent cleanup
[20.219s][info][gc          ] GC(41) Concurrent cleanup 558M->76M(2048M) 0.049ms
[20.219s][info][gc,ergo     ] GC(41) Free: 1867M, Max: 1024K regular, 1381M humongous, Frag: 26% external, 0% internal; Reserve: 102M, Max: 1024K
[20.219s][info][gc,start    ] GC(41) Concurrent class unloading
[20.219s][info][gc,task     ] GC(41) Using 1 of 3 workers for concurrent class unloading
[20.224s][info][gc          ] GC(41) Concurrent class unloading 4.559ms
[20.224s][info][gc,start    ] GC(41) Concurrent strong roots
[20.224s][info][gc,task     ] GC(41) Using 1 of 3 workers for concurrent strong root
[20.224s][info][gc          ] GC(41) Concurrent strong roots 0.107ms
[20.224s][info][gc,start    ] GC(41) Concurrent evacuation
[20.224s][info][gc,task     ] GC(41) Using 1 of 3 workers for concurrent evacuation
[20.224s][info][gc          ] GC(41) Concurrent evacuation 0.449ms
[20.224s][info][gc,start    ] GC(41) Pause Init Update Refs
[20.224s][info][gc,ergo     ] GC(41) Pacer for Update Refs. Used: 88775K, Free: 1857M, Non-Taxable: 185M, Alloc Tax Rate: 1.1x
[20.224s][info][gc          ] GC(41) Pause Init Update Refs 0.087ms
[20.224s][info][gc,start    ] GC(41) Concurrent update references
[20.224s][info][gc,task     ] GC(41) Using 1 of 3 workers for concurrent reference update
[20.228s][info][gc          ] GC(41) Concurrent update references 3.449ms
[20.228s][info][gc,start    ] GC(41) Concurrent update thread roots
[20.228s][info][gc          ] GC(41) Concurrent update thread roots 0.462ms
[20.228s][info][gc,start    ] GC(41) Pause Final Update Refs
[20.228s][info][gc,task     ] GC(41) Using 3 of 3 workers for final reference update
[20.229s][info][gc          ] GC(41) Pause Final Update Refs 0.081ms
[20.234s][info][gc,start    ] GC(41) Concurrent cleanup
[20.234s][info][gc          ] GC(41) Concurrent cleanup 108M->59M(2048M) 0.067ms
[20.234s][info][gc,ergo     ] Free: 1883M, Max: 1024K regular, 1381M humongous, Frag: 27% external, 0% internal; Reserve: 103M, Max: 1024K
[20.234s][info][gc,stats    ] 
[20.234s][info][gc,stats    ] All times are wall-clock times, except per-root-class counters, that are sum over
[20.234s][info][gc,stats    ] all workers. Dividing the <total> over the root stage time estimates parallelism.
[20.234s][info][gc,stats    ] 
[20.234s][info][gc,stats    ] Concurrent Reset                    447 us
[20.234s][info][gc,stats    ] Pause Init Mark (G)                 223 us
[20.234s][info][gc,stats    ] Pause Init Mark (N)                 118 us
[20.234s][info][gc,stats    ]   Update Region States               38 us
[20.234s][info][gc,stats    ] Concurrent Mark Roots               502 us, parallelism: 0.85x
[20.234s][info][gc,stats    ]   CMR: <total>                      429 us
[20.234s][info][gc,stats    ]   CMR: Thread Roots                 381 us, workers (us): 381, ---, ---, 
[20.234s][info][gc,stats    ]   CMR: VM Strong Roots                5 us, workers (us):   5, ---, ---, 
[20.234s][info][gc,stats    ]   CMR: CLDG Roots                    42 us, workers (us):  42, ---, ---, 
[20.234s][info][gc,stats    ] Concurrent Marking                 4217 us
[20.234s][info][gc,stats    ] Pause Final Mark (G)                273 us
[20.234s][info][gc,stats    ] Pause Final Mark (N)                212 us
[20.234s][info][gc,stats    ]   Finish Mark                        42 us
[20.234s][info][gc,stats    ]   Update Region States               30 us
[20.234s][info][gc,stats    ]   Choose Collection Set              46 us
[20.234s][info][gc,stats    ]   Rebuild Free Set                    8 us
[20.234s][info][gc,stats    ] Concurrent Thread Roots             375 us, parallelism: 0.87x
[20.234s][info][gc,stats    ]   CTR: <total>                      327 us
[20.234s][info][gc,stats    ]   CTR: Thread Roots                 327 us, workers (us): 327, ---, ---, 
[20.234s][info][gc,stats    ] Concurrent Weak References           96 us, parallelism: 0.33x
[20.234s][info][gc,stats    ]   CWRF: <total>                      31 us
[20.234s][info][gc,stats    ]   CWRF: Weak References              31 us, workers (us):  31, ---, ---, 
[20.234s][info][gc,stats    ] Concurrent Weak Roots              1169 us
[20.234s][info][gc,stats    ]   Roots                            1081 us, parallelism: 0.97x
[20.234s][info][gc,stats    ]     CWR: <total>                   1046 us
[20.234s][info][gc,stats    ]     CWR: Code Cache Roots           948 us, workers (us): 948, ---, ---, 
[20.234s][info][gc,stats    ]     CWR: VM Weak Roots               91 us, workers (us):  91, ---, ---, 
[20.234s][info][gc,stats    ]     CWR: CLDG Roots                   7 us, workers (us):   7, ---, ---, 
[20.234s][info][gc,stats    ]   Rendezvous                         54 us
[20.234s][info][gc,stats    ] Concurrent Cleanup                   57 us
[20.234s][info][gc,stats    ] Concurrent Class Unloading         4586 us
[20.234s][info][gc,stats    ]   Unlink Stale                     4239 us
[20.234s][info][gc,stats    ]     System Dictionary                11 us
[20.234s][info][gc,stats    ]     Weak Class Links                  1 us
[20.234s][info][gc,stats    ]     Code Roots                     4227 us
[20.234s][info][gc,stats    ]   Rendezvous                         65 us
[20.234s][info][gc,stats    ]   Purge Unlinked                    236 us
[20.234s][info][gc,stats    ]     Code Roots                      229 us
[20.234s][info][gc,stats    ]     CLDG                              7 us
[20.234s][info][gc,stats    ]     Exception Caches                  0 us
[20.234s][info][gc,stats    ] Concurrent Strong Roots             125 us, parallelism: 0.33x
[20.234s][info][gc,stats    ]   CSR: <total>                       42 us
[20.234s][info][gc,stats    ]   CSR: VM Strong Roots                4 us, workers (us):   4, ---, ---, 
[20.234s][info][gc,stats    ]   CSR: CLDG Roots                    38 us, workers (us):  38, ---, ---, 
[20.234s][info][gc,stats    ] Concurrent Evacuation               460 us
[20.234s][info][gc,stats    ] Pause Init Update Refs (G)          183 us
[20.234s][info][gc,stats    ] Pause Init Update Refs (N)          105 us
[20.234s][info][gc,stats    ]   Manage GCLABs                       3 us
[20.234s][info][gc,stats    ] Concurrent Update Refs             3479 us
[20.234s][info][gc,stats    ] Concurrent Update Thread Roots      486 us
[20.234s][info][gc,stats    ] Pause Final Update Refs (G)        5502 us
[20.234s][info][gc,stats    ] Pause Final Update Refs (N)         108 us
[20.234s][info][gc,stats    ]   Update Region States               39 us
[20.235s][info][gc,stats    ]   Trash Collection Set                4 us
[20.235s][info][gc,stats    ]   Rebuild Free Set                   16 us
[20.235s][info][gc,stats    ] Concurrent Cleanup                   80 us
[20.235s][info][gc,stats    ] Pacing                           769644 us
[20.235s][info][gc,stats    ] 
[20.235s][info][gc,stats    ] Allocation pacing accrued:
[20.235s][info][gc,stats    ]     136 of   297 ms ( 45.8%): Query0
[20.235s][info][gc,stats    ]     135 of   297 ms ( 45.4%): Query1
[20.235s][info][gc,stats    ]     132 of   297 ms ( 44.4%): Query2
[20.235s][info][gc,stats    ]     132 of   297 ms ( 44.5%): Query3
[20.235s][info][gc,stats    ]     117 of   297 ms ( 39.3%): Query4
[20.235s][info][gc,stats    ]     117 of   297 ms ( 39.5%): Query5
[20.235s][info][gc,stats    ]     770 of   297 ms (258.8%): <total>
[20.235s][info][gc,stats    ]      41 of   297 ms ( 13.6%): <average total>
[20.235s][info][gc,stats    ]     128 of   297 ms ( 43.1%): <average non-zero>
[20.235s][info][gc,stats    ] 
[20.235s][info][gc,metaspace] Metaspace: 8793K(9472K)->8793K(9472K) NonClass: 7943K(8320K)->7943K(8320K) Class: 850K(1152K)->850K(1152K)
[20.235s][info][gc,ergo     ] Pacer for Idle. Initial: 41943K, Alloc Tax Rate: 1.0x
[20.354s][info][gc          ] Trigger: Learning 5 of 5. Free (1428M) is below initial threshold (1433M)
[20.354s][info][gc,ergo     ] Free: 1428M, Max: 1024K regular, 1381M humongous, Frag: 4% external, 0% internal; Reserve: 103M, Max: 1024K
[20.354s][info][gc,start    ] GC(42) Concurrent reset
[20.354s][info][gc,task     ] GC(42) Using 1 of 3 workers for concurrent reset
[20.354s][info][gc,ergo     ] GC(42) Pacer for Reset. Non-Taxable: 2048M
[20.354s][info][gc          ] GC(42) Concurrent reset 0.328ms
[20.354s][info][gc,start    ] GC(42) Pause Init Mark (unload classes)
[20.354s][info][gc,task     ] GC(42) Using 3 of 3 workers for init marking
[20.354s][info][gc,ergo     ] GC(42) Pacer for Mark. Expected Live: 8225K, Free: 1428M, Non-Taxable: 142M, Alloc Tax Rate: 0.0x
[20.354s][info][gc          ] GC(42) Pause Init Mark (unload classes) 0.100ms
[20.355s][info][gc,start    ] GC(42) Concurrent marking roots
[20.355s][info][gc,task     ] GC(42) Using 1 of 3 workers for concurrent marking roots
[20.355s][info][gc          ] GC(42) Concurrent marking roots 0.427ms
[20.355s][info][gc,start    ] GC(42) Concurrent marking (unload classes)
[20.355s][info][gc,task     ] GC(42) Using 1 of 3 workers for concurrent marking
[20.368s][info][gc          ] GC(42) Concurrent marking (unload classes) 13.249ms
[20.368s][info][gc,start    ] GC(42) Pause Final Mark (unload classes)
[20.368s][info][gc,task     ] GC(42) Using 3 of 3 workers for final marking
[20.368s][info][gc,ergo     ] GC(42) Adaptive CSet Selection. Target Free: 290M, Actual Free: 1923M, Max CSet: 87381K, Min Garbage: 0B
[20.368s][info][gc,ergo     ] GC(42) Collectable Garbage: 505M (99%), Immediate: 447M (88%), CSet: 59440K (11%)
[20.369s][info][gc,ergo     ] GC(42) Pacer for Evacuation. Used CSet: 60223K, Free: 1824M, Non-Taxable: 182M, Alloc Tax Rate: 1.1x
[20.369s][info][gc          ] GC(42) Pause Final Mark (unload classes) 0.204ms
[20.369s][info][gc,start    ] GC(42) Concurrent thread roots
[20.369s][info][gc,task     ] GC(42) Using 1 of 3 workers for Concurrent thread roots
[20.369s][info][gc          ] GC(42) Concurrent thread roots 0.383ms
[20.369s][info][gc,start    ] GC(42) Concurrent weak references
[20.369s][info][gc,task     ] GC(42) Using 1 of 3 workers for concurrent weak references
[20.369s][info][gc,ref      ] GC(42) Encountered references: Soft: 137, Weak: 681, Final: 3, Phantom: 119
[20.369s][info][gc,ref      ] GC(42) Discovered  references: Soft: 0, Weak: 224, Final: 1, Phantom: 101
[20.369s][info][gc,ref      ] GC(42) Enqueued    references: Soft: 0, Weak: 86, Final: 0, Phantom: 0
[20.369s][info][gc          ] GC(42) Concurrent weak references 0.117ms
[20.369s][info][gc,start    ] GC(42) Concurrent weak roots
[20.369s][info][gc,task     ] GC(42) Using 1 of 3 workers for concurrent weak root
[20.371s][info][gc          ] GC(42) Concurrent weak roots 1.446ms
[20.371s][info][gc,start    ] GC(42) Concurrent cleanup
[20.371s][info][gc          ] GC(42) Concurrent cleanup 573M->126M(2048M) 0.053ms
[20.371s][info][gc,ergo     ] GC(42) Free: 1817M, Max: 1024K regular, 1366M humongous, Frag: 25% external, 0% internal; Reserve: 102M, Max: 1024K
[20.371s][info][gc,start    ] GC(42) Concurrent class unloading
[20.371s][info][gc,task     ] GC(42) Using 1 of 3 workers for concurrent class unloading
[20.376s][info][gc          ] GC(42) Concurrent class unloading 5.156ms
[20.376s][info][gc,start    ] GC(42) Concurrent strong roots
[20.376s][info][gc,task     ] GC(42) Using 1 of 3 workers for concurrent strong root
[20.376s][info][gc          ] GC(42) Concurrent strong roots 0.083ms
[20.376s][info][gc,start    ] GC(42) Concurrent evacuation
[20.376s][info][gc,task     ] GC(42) Using 1 of 3 workers for concurrent evacuation
[20.377s][info][gc          ] GC(42) Concurrent evacuation 0.545ms
[20.377s][info][gc,start    ] GC(42) Pause Init Update Refs
[20.377s][info][gc,ergo     ] GC(42) Pacer for Update Refs. Used: 141M, Free: 1802M, Non-Taxable: 180M, Alloc Tax Rate: 1.1x
[20.377s][info][gc          ] GC(42) Pause Init Update Refs 0.048ms
[20.378s][info][gc,start    ] GC(42) Concurrent update references
[20.378s][info][gc,task     ] GC(42) Using 1 of 3 workers for concurrent reference update
[20.392s][info][gc          ] GC(42) Concurrent update references 14.247ms
[20.392s][info][gc,start    ] GC(42) Concurrent update thread roots
[20.393s][info][gc          ] GC(42) Concurrent update thread roots 0.384ms
[20.393s][info][gc,start    ] GC(42) Pause Final Update Refs
[20.393s][info][gc,task     ] GC(42) Using 3 of 3 workers for final reference update
[20.393s][info][gc          ] GC(42) Pause Final Update Refs 0.109ms
[20.393s][info][gc,start    ] GC(42) Concurrent cleanup
[20.393s][info][gc          ] GC(42) Concurrent cleanup 187M->129M(2048M) 0.040ms
[20.393s][info][gc,ergo     ] Free: 1813M, Max: 1024K regular, 1366M humongous, Frag: 25% external, 0% internal; Reserve: 103M, Max: 1024K
[20.393s][info][gc,stats    ] 
[20.393s][info][gc,stats    ] All times are wall-clock times, except per-root-class counters, that are sum over
[20.393s][info][gc,stats    ] all workers. Dividing the <total> over the root stage time estimates parallelism.
[20.393s][info][gc,stats    ] 
[20.393s][info][gc,stats    ] Concurrent Reset                    359 us
[20.393s][info][gc,stats    ] Pause Init Mark (G)                 426 us
[20.393s][info][gc,stats    ] Pause Init Mark (N)                 108 us
[20.393s][info][gc,stats    ]   Update Region States               39 us
[20.393s][info][gc,stats    ] Concurrent Mark Roots               447 us, parallelism: 0.78x
[20.393s][info][gc,stats    ]   CMR: <total>                      349 us
[20.393s][info][gc,stats    ]   CMR: Thread Roots                 304 us, workers (us): 304, ---, ---, 
[20.393s][info][gc,stats    ]   CMR: VM Strong Roots                5 us, workers (us):   5, ---, ---, 
[20.393s][info][gc,stats    ]   CMR: CLDG Roots                    39 us, workers (us):  39, ---, ---, 
[20.393s][info][gc,stats    ] Concurrent Marking                13301 us
[20.393s][info][gc,stats    ] Pause Final Mark (G)                461 us
[20.393s][info][gc,stats    ] Pause Final Mark (N)                213 us
[20.393s][info][gc,stats    ]   Finish Mark                        57 us
[20.393s][info][gc,stats    ]   Update Region States               38 us
[20.393s][info][gc,stats    ]   Choose Collection Set              44 us
[20.393s][info][gc,stats    ]   Rebuild Free Set                    8 us
[20.393s][info][gc,stats    ] Concurrent Thread Roots             401 us, parallelism: 0.80x
[20.393s][info][gc,stats    ]   CTR: <total>                      323 us
[20.394s][info][gc,stats    ]   CTR: Thread Roots                 323 us, workers (us): 323, ---, ---, 
[20.394s][info][gc,stats    ] Concurrent Weak References          125 us, parallelism: 0.36x
[20.394s][info][gc,stats    ]   CWRF: <total>                      45 us
[20.394s][info][gc,stats    ]   CWRF: Weak References              45 us, workers (us):  45, ---, ---, 
[20.394s][info][gc,stats    ] Concurrent Weak Roots              1486 us
[20.394s][info][gc,stats    ]   Roots                            1351 us, parallelism: 0.97x
[20.394s][info][gc,stats    ]     CWR: <total>                   1308 us
[20.394s][info][gc,stats    ]     CWR: Code Cache Roots          1197 us, workers (us): 1197, ---, ---, 
[20.394s][info][gc,stats    ]     CWR: VM Weak Roots              101 us, workers (us): 101, ---, ---, 
[20.394s][info][gc,stats    ]     CWR: CLDG Roots                  10 us, workers (us):  10, ---, ---, 
[20.394s][info][gc,stats    ]   Rendezvous                         73 us
[20.394s][info][gc,stats    ] Concurrent Cleanup                   63 us
[20.394s][info][gc,stats    ] Concurrent Class Unloading         5201 us
[20.394s][info][gc,stats    ]   Unlink Stale                     4654 us
[20.394s][info][gc,stats    ]     System Dictionary                11 us
[20.394s][info][gc,stats    ]     Weak Class Links                  0 us
[20.394s][info][gc,stats    ]     Code Roots                     4642 us
[20.394s][info][gc,stats    ]   Rendezvous                        229 us
[20.394s][info][gc,stats    ]   Purge Unlinked                    253 us
[20.394s][info][gc,stats    ]     Code Roots                      247 us
[20.394s][info][gc,stats    ]     CLDG                              5 us
[20.394s][info][gc,stats    ]     Exception Caches                  0 us
[20.394s][info][gc,stats    ] Concurrent Strong Roots              92 us, parallelism: 0.44x
[20.394s][info][gc,stats    ]   CSR: <total>                       40 us
[20.394s][info][gc,stats    ]   CSR: VM Strong Roots                5 us, workers (us):   5, ---, ---, 
[20.394s][info][gc,stats    ]   CSR: CLDG Roots                    36 us, workers (us):  36, ---, ---, 
[20.394s][info][gc,stats    ] Concurrent Evacuation               581 us
[20.394s][info][gc,stats    ] Pause Init Update Refs (G)         1470 us
[20.394s][info][gc,stats    ] Pause Init Update Refs (N)           56 us
[20.394s][info][gc,stats    ]   Manage GCLABs                       3 us
[20.394s][info][gc,stats    ] Concurrent Update Refs            14294 us
[20.394s][info][gc,stats    ] Concurrent Update Thread Roots      412 us
[20.394s][info][gc,stats    ] Pause Final Update Refs (G)         356 us
[20.394s][info][gc,stats    ] Pause Final Update Refs (N)         127 us
[20.394s][info][gc,stats    ]   Update Region States               45 us
[20.394s][info][gc,stats    ]   Trash Collection Set                6 us
[20.394s][info][gc,stats    ]   Rebuild Free Set                   12 us
[20.394s][info][gc,stats    ] Concurrent Cleanup                   50 us
[20.394s][info][gc,stats    ] 
[20.394s][info][gc,stats    ] Allocation pacing accrued:
[20.394s][info][gc,stats    ]       0 of   159 ms (  0.0%): <total>
[20.394s][info][gc,stats    ]       0 of   159 ms (  0.0%): <average total>
[20.394s][info][gc,stats    ] 
[20.394s][info][gc,metaspace] Metaspace: 8793K(9472K)->8793K(9472K) NonClass: 7943K(8320K)->7943K(8320K) Class: 850K(1152K)->850K(1152K)
[20.394s][info][gc,ergo     ] Pacer for Idle. Initial: 41943K, Alloc Tax Rate: 1.0x
[20.813s][info][gc          ] Trigger: Average GC time (49.21 ms) is above the time for average allocation rate (3664 MB/s) to deplete free headroom (138M) (margin of error = 1.85)
[20.813s][info][gc,ergo     ] Free headroom: 241M (free) - 102M (spike) - 0B (penalties) = 138M
[20.813s][info][gc,ergo     ] Free: 241M, Max: 1024K regular, 237M humongous, Frag: 0% external, 1% internal; Reserve: 103M, Max: 1024K
[20.813s][info][gc,start    ] GC(43) Concurrent reset
[20.813s][info][gc,task     ] GC(43) Using 1 of 3 workers for concurrent reset
[20.813s][info][gc,ergo     ] GC(43) Pacer for Reset. Non-Taxable: 2048M
[20.813s][info][gc          ] GC(43) Concurrent reset 0.377ms
[20.814s][info][gc,start    ] GC(43) Pause Init Mark (unload classes)
[20.814s][info][gc,task     ] GC(43) Using 3 of 3 workers for init marking
[20.814s][info][gc,ergo     ] GC(43) Pacer for Mark. Expected Live: 8259K, Free: 239M, Non-Taxable: 24489K, Alloc Tax Rate: 0.0x
[20.814s][info][gc          ] GC(43) Pause Init Mark (unload classes) 0.118ms
[20.814s][info][gc,start    ] GC(43) Concurrent marking roots
[20.814s][info][gc,task     ] GC(43) Using 1 of 3 workers for concurrent marking roots
[20.814s][info][gc          ] GC(43) Concurrent marking roots 0.427ms
[20.814s][info][gc,start    ] GC(43) Concurrent marking (unload classes)
[20.814s][info][gc,task     ] GC(43) Using 1 of 3 workers for concurrent marking
[20.819s][info][gc          ] GC(43) Concurrent marking (unload classes) 5.250ms
[20.820s][info][gc,start    ] GC(43) Pause Final Mark (unload classes)
[20.820s][info][gc,task     ] GC(43) Using 3 of 3 workers for final marking
[20.820s][info][gc,ergo     ] GC(43) Adaptive CSet Selection. Target Free: 290M, Actual Free: 1848M, Max CSet: 87381K, Min Garbage: 0B
[20.820s][info][gc,ergo     ] GC(43) Collectable Garbage: 1694M (99%), Immediate: 1530M (90%), CSet: 164M (9%)
[20.820s][info][gc,ergo     ] GC(43) Pacer for Evacuation. Used CSet: 164M, Free: 1749M, Non-Taxable: 174M, Alloc Tax Rate: 1.1x
[20.820s][info][gc          ] GC(43) Pause Final Mark (unload classes) 0.221ms
[20.820s][info][gc,start    ] GC(43) Concurrent thread roots
[20.820s][info][gc,task     ] GC(43) Using 1 of 3 workers for Concurrent thread roots
[20.820s][info][gc          ] GC(43) Concurrent thread roots 0.395ms
[20.820s][info][gc,start    ] GC(43) Concurrent weak references
[20.820s][info][gc,task     ] GC(43) Using 1 of 3 workers for concurrent weak references
[20.820s][info][gc,ref      ] GC(43) Encountered references: Soft: 137, Weak: 893, Final: 3, Phantom: 116
[20.820s][info][gc,ref      ] GC(43) Discovered  references: Soft: 0, Weak: 425, Final: 1, Phantom: 101
[20.820s][info][gc,ref      ] GC(43) Enqueued    references: Soft: 0, Weak: 292, Final: 0, Phantom: 0
[20.820s][info][gc          ] GC(43) Concurrent weak references 0.201ms
[20.820s][info][gc,start    ] GC(43) Concurrent weak roots
[20.820s][info][gc,task     ] GC(43) Using 1 of 3 workers for concurrent weak root
[20.822s][info][gc          ] GC(43) Concurrent weak roots 1.487ms
[20.822s][info][gc,start    ] GC(43) Concurrent cleanup
[20.822s][info][gc          ] GC(43) Concurrent cleanup 1732M->202M(2048M) 0.117ms
[20.822s][info][gc,ergo     ] GC(43) Free: 1741M, Max: 1024K regular, 207M humongous, Frag: 89% external, 0% internal; Reserve: 102M, Max: 1024K
[20.822s][info][gc,start    ] GC(43) Concurrent class unloading
[20.822s][info][gc,task     ] GC(43) Using 1 of 3 workers for concurrent class unloading
[20.836s][info][gc          ] GC(43) Concurrent class unloading 13.613ms
[20.836s][info][gc,start    ] GC(43) Concurrent strong roots
[20.836s][info][gc,task     ] GC(43) Using 1 of 3 workers for concurrent strong root
[20.836s][info][gc          ] GC(43) Concurrent strong roots 0.081ms
[20.836s][info][gc,start    ] GC(43) Concurrent evacuation
[20.836s][info][gc,task     ] GC(43) Using 1 of 3 workers for concurrent evacuation
[20.837s][info][gc          ] GC(43) Concurrent evacuation 1.125ms
[20.837s][info][gc,start    ] GC(43) Pause Init Update Refs
[20.837s][info][gc,ergo     ] GC(43) Pacer for Update Refs. Used: 249M, Free: 1694M, Non-Taxable: 169M, Alloc Tax Rate: 1.1x
[20.837s][info][gc          ] GC(43) Pause Init Update Refs 0.043ms
[20.837s][info][gc,start    ] GC(43) Concurrent update references
[20.837s][info][gc,task     ] GC(43) Using 1 of 3 workers for concurrent reference update
[20.844s][info][gc          ] GC(43) Concurrent update references 6.185ms
[20.844s][info][gc,start    ] GC(43) Concurrent update thread roots
[20.844s][info][gc          ] GC(43) Concurrent update thread roots 0.459ms
[20.844s][info][gc,start    ] GC(43) Pause Final Update Refs
[20.844s][info][gc,task     ] GC(43) Using 3 of 3 workers for final reference update
[20.844s][info][gc          ] GC(43) Pause Final Update Refs 0.102ms
[20.844s][info][gc,start    ] GC(43) Concurrent cleanup
[20.844s][info][gc          ] GC(43) Concurrent cleanup 265M->100M(2048M) 0.043ms
[20.844s][info][gc,ergo     ] Free: 1842M, Max: 1024K regular, 1623M humongous, Frag: 12% external, 0% internal; Reserve: 103M, Max: 1024K
[20.844s][info][gc,stats    ] 
[20.844s][info][gc,stats    ] All times are wall-clock times, except per-root-class counters, that are sum over
[20.844s][info][gc,stats    ] all workers. Dividing the <total> over the root stage time estimates parallelism.
[20.844s][info][gc,stats    ] 
[20.844s][info][gc,stats    ] Concurrent Reset                    426 us
[20.844s][info][gc,stats    ] Pause Init Mark (G)                 346 us
[20.844s][info][gc,stats    ] Pause Init Mark (N)                 128 us
[20.845s][info][gc,stats    ]   Update Region States               45 us
[20.845s][info][gc,stats    ] Concurrent Mark Roots               447 us, parallelism: 0.80x
[20.845s][info][gc,stats    ]   CMR: <total>                      356 us
[20.845s][info][gc,stats    ]   CMR: Thread Roots                 306 us, workers (us): 306, ---, ---, 
[20.845s][info][gc,stats    ]   CMR: VM Strong Roots                5 us, workers (us):   5, ---, ---, 
[20.845s][info][gc,stats    ]   CMR: CLDG Roots                    44 us, workers (us):  44, ---, ---, 
[20.845s][info][gc,stats    ] Concurrent Marking                 5289 us
[20.845s][info][gc,stats    ] Pause Final Mark (G)                325 us
[20.845s][info][gc,stats    ] Pause Final Mark (N)                230 us
[20.845s][info][gc,stats    ]   Finish Mark                        48 us
[20.845s][info][gc,stats    ]   Update Region States               39 us
[20.845s][info][gc,stats    ]   Choose Collection Set              71 us
[20.845s][info][gc,stats    ]   Rebuild Free Set                    8 us
[20.845s][info][gc,stats    ] Concurrent Thread Roots             419 us, parallelism: 0.82x
[20.845s][info][gc,stats    ]   CTR: <total>                      344 us
[20.845s][info][gc,stats    ]   CTR: Thread Roots                 344 us, workers (us): 344, ---, ---, 
[20.845s][info][gc,stats    ] Concurrent Weak References          209 us, parallelism: 0.56x
[20.845s][info][gc,stats    ]   CWRF: <total>                     116 us
[20.845s][info][gc,stats    ]   CWRF: Weak References             116 us, workers (us): 116, ---, ---, 
[20.845s][info][gc,stats    ] Concurrent Weak Roots              1531 us
[20.845s][info][gc,stats    ]   Roots                            1328 us, parallelism: 0.97x
[20.845s][info][gc,stats    ]     CWR: <total>                   1288 us
[20.845s][info][gc,stats    ]     CWR: Code Cache Roots          1174 us, workers (us): 1174, ---, ---, 
[20.845s][info][gc,stats    ]     CWR: VM Weak Roots              106 us, workers (us): 106, ---, ---, 
[20.845s][info][gc,stats    ]     CWR: CLDG Roots                   8 us, workers (us):   8, ---, ---, 
[20.845s][info][gc,stats    ]   Rendezvous                        134 us
[20.845s][info][gc,stats    ] Concurrent Cleanup                  129 us
[20.845s][info][gc,stats    ] Concurrent Class Unloading        13647 us
[20.845s][info][gc,stats    ]   Unlink Stale                     4564 us
[20.845s][info][gc,stats    ]     System Dictionary                10 us
[20.845s][info][gc,stats    ]     Weak Class Links                  0 us
[20.845s][info][gc,stats    ]     Code Roots                     4552 us
[20.845s][info][gc,stats    ]   Rendezvous                       8693 us
[20.845s][info][gc,stats    ]   Purge Unlinked                    335 us
[20.845s][info][gc,stats    ]     Code Roots                      328 us
[20.845s][info][gc,stats    ]     CLDG                              7 us
[20.845s][info][gc,stats    ]     Exception Caches                  0 us
[20.845s][info][gc,stats    ] Concurrent Strong Roots              92 us, parallelism: 0.41x
[20.845s][info][gc,stats    ]   CSR: <total>                       38 us
[20.845s][info][gc,stats    ]   CSR: VM Strong Roots                4 us, workers (us):   4, ---, ---, 
[20.845s][info][gc,stats    ]   CSR: CLDG Roots                    34 us, workers (us):  34, ---, ---, 
[20.845s][info][gc,stats    ] Concurrent Evacuation              1165 us
[20.845s][info][gc,stats    ] Pause Init Update Refs (G)          375 us
[20.845s][info][gc,stats    ] Pause Init Update Refs (N)           52 us
[20.845s][info][gc,stats    ]   Manage GCLABs                       4 us
[20.845s][info][gc,stats    ] Concurrent Update Refs             6234 us
[20.845s][info][gc,stats    ] Concurrent Update Thread Roots      489 us
[20.845s][info][gc,stats    ] Pause Final Update Refs (G)         195 us
[20.845s][info][gc,stats    ] Pause Final Update Refs (N)         119 us
[20.845s][info][gc,stats    ]   Update Region States               42 us
[20.845s][info][gc,stats    ]   Trash Collection Set                6 us
[20.845s][info][gc,stats    ]   Rebuild Free Set                   12 us
[20.845s][info][gc,stats    ] Concurrent Cleanup                   53 us
[20.845s][info][gc,stats    ] 
[20.845s][info][gc,stats    ] Allocation pacing accrued:
[20.845s][info][gc,stats    ]       0 of   451 ms (  0.0%): <total>
[20.845s][info][gc,stats    ]       0 of   451 ms (  0.0%): <average total>
[20.845s][info][gc,stats    ] 
[20.845s][info][gc,metaspace] Metaspace: 8793K(9472K)->8793K(9472K) NonClass: 7943K(8320K)->7943K(8320K) Class: 850K(1152K)->850K(1152K)
[20.845s][info][gc,ergo     ] Pacer for Idle. Initial: 41943K, Alloc Tax Rate: 1.0x
[21.286s][info][gc          ] Trigger: Average GC time (44.48 ms) is above the time for average allocation rate (3723 MB/s) to deplete free headroom (124M) (margin of error = 1.85)
[21.286s][info][gc,ergo     ] Free headroom: 227M (free) - 102M (spike) - 0B (penalties) = 124M
[21.286s][info][gc,ergo     ] Free: 226M, Max: 1024K regular, 207M humongous, Frag: 7% external, 0% internal; Reserve: 103M, Max: 1024K
[21.286s][info][gc,start    ] GC(44) Concurrent reset
[21.286s][info][gc,task     ] GC(44) Using 1 of 3 workers for concurrent reset
[21.286s][info][gc,ergo     ] GC(44) Pacer for Reset. Non-Taxable: 2048M
[21.287s][info][gc          ] GC(44) Concurrent reset 0.843ms
[21.287s][info][gc,start    ] GC(44) Pause Init Mark (unload classes)
[21.287s][info][gc,task     ] GC(44) Using 3 of 3 workers for init marking
[21.287s][info][gc,ergo     ] GC(44) Pacer for Mark. Expected Live: 8365K, Free: 223M, Non-Taxable: 22840K, Alloc Tax Rate: 0.0x
[21.287s][info][gc          ] GC(44) Pause Init Mark (unload classes) 0.139ms
[21.288s][info][gc,start    ] GC(44) Concurrent marking roots
[21.288s][info][gc,task     ] GC(44) Using 1 of 3 workers for concurrent marking roots
[21.289s][info][gc          ] GC(44) Concurrent marking roots 0.455ms
[21.289s][info][gc,start    ] GC(44) Concurrent marking (unload classes)
[21.289s][info][gc,task     ] GC(44) Using 1 of 3 workers for concurrent marking
[21.295s][info][gc          ] GC(44) Concurrent marking (unload classes) 5.979ms
[21.295s][info][gc,start    ] GC(44) Pause Final Mark (unload classes)
[21.295s][info][gc,task     ] GC(44) Using 3 of 3 workers for final marking
[21.295s][info][gc,ergo     ] GC(44) Adaptive CSet Selection. Target Free: 290M, Actual Free: 1843M, Max CSet: 87381K, Min Garbage: 0B
[21.295s][info][gc,ergo     ] GC(44) Collectable Garbage: 1710M (99%), Immediate: 1546M (90%), CSet: 164M (9%)
[21.295s][info][gc,ergo     ] GC(44) Pacer for Evacuation. Used CSet: 165M, Free: 1744M, Non-Taxable: 174M, Alloc Tax Rate: 1.1x
[21.295s][info][gc          ] GC(44) Pause Final Mark (unload classes) 0.233ms
[21.295s][info][gc,start    ] GC(44) Concurrent thread roots
[21.295s][info][gc,task     ] GC(44) Using 1 of 3 workers for Concurrent thread roots
[21.296s][info][gc          ] GC(44) Concurrent thread roots 0.451ms
[21.296s][info][gc,start    ] GC(44) Concurrent weak references
[21.296s][info][gc,task     ] GC(44) Using 1 of 3 workers for concurrent weak references
[21.296s][info][gc,ref      ] GC(44) Encountered references: Soft: 137, Weak: 902, Final: 3, Phantom: 123
[21.296s][info][gc,ref      ] GC(44) Discovered  references: Soft: 0, Weak: 434, Final: 1, Phantom: 117
[21.296s][info][gc,ref      ] GC(44) Enqueued    references: Soft: 0, Weak: 300, Final: 0, Phantom: 0
[21.296s][info][gc          ] GC(44) Concurrent weak references 0.176ms
[21.296s][info][gc,start    ] GC(44) Concurrent weak roots
[21.296s][info][gc,task     ] GC(44) Using 1 of 3 workers for concurrent weak root
[21.302s][info][gc          ] GC(44) Concurrent weak roots 5.989ms
[21.302s][info][gc,start    ] GC(44) Concurrent cleanup
[21.302s][info][gc          ] GC(44) Concurrent cleanup 1764M->218M(2048M) 0.105ms
[21.302s][info][gc,ergo     ] GC(44) Free: 1725M, Max: 1024K regular, 175M humongous, Frag: 90% external, 0% internal; Reserve: 102M, Max: 1024K
[21.302s][info][gc,start    ] GC(44) Concurrent class unloading
[21.302s][info][gc,task     ] GC(44) Using 1 of 3 workers for concurrent class unloading
[21.307s][info][gc          ] GC(44) Concurrent class unloading 5.448ms
[21.308s][info][gc,start    ] GC(44) Concurrent strong roots
[21.308s][info][gc,task     ] GC(44) Using 1 of 3 workers for concurrent strong root
[21.308s][info][gc          ] GC(44) Concurrent strong roots 0.093ms
[21.308s][info][gc,start    ] GC(44) Concurrent evacuation
[21.308s][info][gc,task     ] GC(44) Using 1 of 3 workers for concurrent evacuation
[21.309s][info][gc          ] GC(44) Concurrent evacuation 1.206ms
[21.309s][info][gc,start    ] GC(44) Pause Init Update Refs
[21.309s][info][gc,ergo     ] GC(44) Pacer for Update Refs. Used: 234M, Free: 1709M, Non-Taxable: 170M, Alloc Tax Rate: 1.1x
[21.309s][info][gc          ] GC(44) Pause Init Update Refs 0.039ms
[21.310s][info][gc,start    ] GC(44) Concurrent update references
[21.310s][info][gc,task     ] GC(44) Using 1 of 3 workers for concurrent reference update
[21.317s][info][gc          ] GC(44) Concurrent update references 7.079ms
[21.317s][info][gc,start    ] GC(44) Concurrent update thread roots
[21.317s][info][gc          ] GC(44) Concurrent update thread roots 0.399ms
[21.317s][info][gc,start    ] GC(44) Pause Final Update Refs
[21.317s][info][gc,task     ] GC(44) Using 3 of 3 workers for final reference update
[21.317s][info][gc          ] GC(44) Pause Final Update Refs 0.092ms
[21.318s][info][gc,start    ] GC(44) Concurrent cleanup
[21.318s][info][gc          ] GC(44) Concurrent cleanup 258M->93M(2048M) 0.117ms
[21.318s][info][gc,ergo     ] Free: 1849M, Max: 1024K regular, 1640M humongous, Frag: 12% external, 0% internal; Reserve: 103M, Max: 1024K
[21.318s][info][gc,stats    ] 
[21.318s][info][gc,stats    ] All times are wall-clock times, except per-root-class counters, that are sum over
[21.318s][info][gc,stats    ] all workers. Dividing the <total> over the root stage time estimates parallelism.
[21.318s][info][gc,stats    ] 
[21.318s][info][gc,stats    ] Concurrent Reset                    897 us
[21.318s][info][gc,stats    ] Pause Init Mark (G)                1252 us
[21.318s][info][gc,stats    ] Pause Init Mark (N)                 149 us
[21.318s][info][gc,stats    ]   Update Region States               57 us
[21.318s][info][gc,stats    ] Concurrent Mark Roots               497 us, parallelism: 0.70x
[21.318s][info][gc,stats    ]   CMR: <total>                      346 us
[21.318s][info][gc,stats    ]   CMR: Thread Roots                 300 us, workers (us): 300, ---, ---, 
[21.318s][info][gc,stats    ]   CMR: VM Strong Roots                6 us, workers (us):   6, ---, ---, 
[21.318s][info][gc,stats    ]   CMR: CLDG Roots                    41 us, workers (us):  41, ---, ---, 
[21.318s][info][gc,stats    ] Concurrent Marking                 6014 us
[21.318s][info][gc,stats    ] Pause Final Mark (G)                366 us
[21.318s][info][gc,stats    ] Pause Final Mark (N)                242 us
[21.318s][info][gc,stats    ]   Finish Mark                        56 us
[21.318s][info][gc,stats    ]   Update Region States               41 us
[21.318s][info][gc,stats    ]   Choose Collection Set              89 us
[21.318s][info][gc,stats    ]   Rebuild Free Set                    8 us
[21.318s][info][gc,stats    ] Concurrent Thread Roots             480 us, parallelism: 0.83x
[21.318s][info][gc,stats    ]   CTR: <total>                      397 us
[21.318s][info][gc,stats    ]   CTR: Thread Roots                 397 us, workers (us): 397, ---, ---, 
[21.318s][info][gc,stats    ] Concurrent Weak References          184 us, parallelism: 0.58x
[21.318s][info][gc,stats    ]   CWRF: <total>                     106 us
[21.318s][info][gc,stats    ]   CWRF: Weak References             106 us, workers (us): 106, ---, ---, 
[21.318s][info][gc,stats    ] Concurrent Weak Roots              6027 us
[21.318s][info][gc,stats    ]   Roots                            1188 us, parallelism: 0.97x
[21.318s][info][gc,stats    ]     CWR: <total>                   1154 us
[21.318s][info][gc,stats    ]     CWR: Code Cache Roots          1046 us, workers (us): 1046, ---, ---, 
[21.318s][info][gc,stats    ]     CWR: VM Weak Roots              101 us, workers (us): 101, ---, ---, 
[21.318s][info][gc,stats    ]     CWR: CLDG Roots                   8 us, workers (us):   8, ---, ---, 
[21.318s][info][gc,stats    ]   Rendezvous                       4784 us
[21.318s][info][gc,stats    ] Concurrent Cleanup                  114 us
[21.318s][info][gc,stats    ] Concurrent Class Unloading         5489 us
[21.318s][info][gc,stats    ]   Unlink Stale                     4902 us
[21.318s][info][gc,stats    ]     System Dictionary                11 us
[21.318s][info][gc,stats    ]     Weak Class Links                  0 us
[21.318s][info][gc,stats    ]     Code Roots                     4889 us
[21.318s][info][gc,stats    ]   Rendezvous                        208 us
[21.318s][info][gc,stats    ]   Purge Unlinked                    316 us
[21.318s][info][gc,stats    ]     Code Roots                      310 us
[21.318s][info][gc,stats    ]     CLDG                              6 us
[21.318s][info][gc,stats    ]     Exception Caches                  0 us
[21.318s][info][gc,stats    ] Concurrent Strong Roots             103 us, parallelism: 0.41x
[21.318s][info][gc,stats    ]   CSR: <total>                       42 us
[21.318s][info][gc,stats    ]   CSR: VM Strong Roots                3 us, workers (us):   3, ---, ---, 
[21.318s][info][gc,stats    ]   CSR: CLDG Roots                    39 us, workers (us):  39, ---, ---, 
[21.318s][info][gc,stats    ] Concurrent Evacuation              1253 us
[21.318s][info][gc,stats    ] Pause Init Update Refs (G)          772 us
[21.318s][info][gc,stats    ] Pause Init Update Refs (N)           47 us
[21.318s][info][gc,stats    ]   Manage GCLABs                       5 us
[21.318s][info][gc,stats    ] Concurrent Update Refs             7131 us
[21.318s][info][gc,stats    ] Concurrent Update Thread Roots      426 us
[21.318s][info][gc,stats    ] Pause Final Update Refs (G)         313 us
[21.318s][info][gc,stats    ] Pause Final Update Refs (N)         122 us
[21.318s][info][gc,stats    ]   Update Region States               45 us
[21.318s][info][gc,stats    ]   Trash Collection Set                7 us
[21.318s][info][gc,stats    ]   Rebuild Free Set                   13 us
[21.318s][info][gc,stats    ] Concurrent Cleanup                  136 us
[21.318s][info][gc,stats    ] Pacing                            28116 us
[21.318s][info][gc,stats    ] 
[21.318s][info][gc,stats    ] Allocation pacing accrued:
[21.318s][info][gc,stats    ]       6 of   473 ms (  1.2%): Query0
[21.318s][info][gc,stats    ]       5 of   473 ms (  1.1%): Query1
[21.318s][info][gc,stats    ]       5 of   473 ms (  1.0%): Query2
[21.318s][info][gc,stats    ]       4 of   473 ms (  0.8%): Query3
[21.318s][info][gc,stats    ]       5 of   473 ms (  1.0%): Query4
[21.318s][info][gc,stats    ]       4 of   473 ms (  0.9%): Query5
[21.318s][info][gc,stats    ]      28 of   473 ms (  5.9%): <total>
[21.318s][info][gc,stats    ]       2 of   473 ms (  0.3%): <average total>
[21.318s][info][gc,stats    ]       5 of   473 ms (  1.0%): <average non-zero>
[21.318s][info][gc,stats    ] 
[21.318s][info][gc,metaspace] Metaspace: 8793K(9472K)->8793K(9472K) NonClass: 7943K(8320K)->7943K(8320K) Class: 850K(1152K)->850K(1152K)
[21.318s][info][gc,ergo     ] Pacer for Idle. Initial: 41943K, Alloc Tax Rate: 1.0x
[21.765s][info][gc          ] Trigger: Average GC time (40.93 ms) is above the time for average allocation rate (3689 MB/s) to deplete free headroom (109M) (margin of error = 1.85)
[21.765s][info][gc,ergo     ] Free headroom: 212M (free) - 102M (spike) - 0B (penalties) = 109M
[21.765s][info][gc,ergo     ] Free: 212M, Max: 1024K regular, 175M humongous, Frag: 16% external, 0% internal; Reserve: 103M, Max: 1024K
[21.765s][info][gc,start    ] GC(45) Concurrent reset
[21.765s][info][gc,task     ] GC(45) Using 1 of 3 workers for concurrent reset
[21.765s][info][gc,ergo     ] GC(45) Pacer for Reset. Non-Taxable: 2048M
[21.766s][info][gc          ] GC(45) Concurrent reset 0.950ms
[21.766s][info][gc,start    ] GC(45) Pause Init Mark (unload classes)
[21.766s][info][gc,task     ] GC(45) Using 3 of 3 workers for init marking
[21.767s][info][gc,ergo     ] GC(45) Pacer for Mark. Expected Live: 8376K, Free: 210M, Non-Taxable: 21509K, Alloc Tax Rate: 0.0x
[21.767s][info][gc          ] GC(45) Pause Init Mark (unload classes) 0.140ms
[21.767s][info][gc,start    ] GC(45) Concurrent marking roots
[21.767s][info][gc,task     ] GC(45) Using 1 of 3 workers for concurrent marking roots
[21.767s][info][gc          ] GC(45) Concurrent marking roots 0.452ms
[21.767s][info][gc,start    ] GC(45) Concurrent marking (unload classes)
[21.767s][info][gc,task     ] GC(45) Using 1 of 3 workers for concurrent marking
[21.772s][info][gc          ] GC(45) Concurrent marking (unload classes) 4.846ms
[21.772s][info][gc,start    ] GC(45) Pause Final Mark (unload classes)
[21.772s][info][gc,task     ] GC(45) Using 3 of 3 workers for final marking
[21.772s][info][gc,ergo     ] GC(45) Adaptive CSet Selection. Target Free: 290M, Actual Free: 1850M, Max CSet: 87381K, Min Garbage: 0B
[21.772s][info][gc,ergo     ] GC(45) Collectable Garbage: 1723M (99%), Immediate: 1561M (90%), CSet: 162M (9%)
[21.772s][info][gc,ergo     ] GC(45) Pacer for Evacuation. Used CSet: 163M, Free: 1751M, Non-Taxable: 175M, Alloc Tax Rate: 1.1x
[21.772s][info][gc          ] GC(45) Pause Final Mark (unload classes) 0.257ms
[21.772s][info][gc,start    ] GC(45) Concurrent thread roots
[21.772s][info][gc,task     ] GC(45) Using 1 of 3 workers for Concurrent thread roots
[21.773s][info][gc          ] GC(45) Concurrent thread roots 0.389ms
[21.773s][info][gc,start    ] GC(45) Concurrent weak references
[21.773s][info][gc,task     ] GC(45) Using 1 of 3 workers for concurrent weak references
[21.773s][info][gc,ref      ] GC(45) Encountered references: Soft: 137, Weak: 899, Final: 3, Phantom: 97
[21.773s][info][gc,ref      ] GC(45) Discovered  references: Soft: 0, Weak: 442, Final: 1, Phantom: 81
[21.773s][info][gc,ref      ] GC(45) Enqueued    references: Soft: 0, Weak: 301, Final: 0, Phantom: 0
[21.773s][info][gc          ] GC(45) Concurrent weak references 0.169ms
[21.773s][info][gc,start    ] GC(45) Concurrent weak roots
[21.773s][info][gc,task     ] GC(45) Using 1 of 3 workers for concurrent weak root
[21.775s][info][gc          ] GC(45) Concurrent weak roots 1.926ms
[21.775s][info][gc,start    ] GC(45) Concurrent cleanup
[21.775s][info][gc          ] GC(45) Concurrent cleanup 1763M->202M(2048M) 0.108ms
[21.775s][info][gc,ergo     ] GC(45) Free: 1741M, Max: 1024K regular, 186M humongous, Frag: 90% external, 0% internal; Reserve: 102M, Max: 1024K
[21.775s][info][gc,start    ] GC(45) Concurrent class unloading
[21.775s][info][gc,task     ] GC(45) Using 1 of 3 workers for concurrent class unloading
[21.789s][info][gc          ] GC(45) Concurrent class unloading 14.245ms
[21.789s][info][gc,start    ] GC(45) Concurrent strong roots
[21.789s][info][gc,task     ] GC(45) Using 1 of 3 workers for concurrent strong root
[21.790s][info][gc          ] GC(45) Concurrent strong roots 0.096ms
[21.790s][info][gc,start    ] GC(45) Concurrent evacuation
[21.790s][info][gc,task     ] GC(45) Using 1 of 3 workers for concurrent evacuation
[21.791s][info][gc          ] GC(45) Concurrent evacuation 1.129ms
[21.791s][info][gc,start    ] GC(45) Pause Init Update Refs
[21.791s][info][gc,ergo     ] GC(45) Pacer for Update Refs. Used: 251M, Free: 1692M, Non-Taxable: 169M, Alloc Tax Rate: 1.1x
[21.791s][info][gc          ] GC(45) Pause Init Update Refs 0.048ms
[21.793s][info][gc,start    ] GC(45) Concurrent update references
[21.793s][info][gc,task     ] GC(45) Using 1 of 3 workers for concurrent reference update
[21.799s][info][gc          ] GC(45) Concurrent update references 6.371ms
[21.799s][info][gc,start    ] GC(45) Concurrent update thread roots
[21.800s][info][gc          ] GC(45) Concurrent update thread roots 0.493ms
[21.800s][info][gc,start    ] GC(45) Pause Final Update Refs
[21.800s][info][gc,task     ] GC(45) Using 3 of 3 workers for final reference update
[21.800s][info][gc          ] GC(45) Pause Final Update Refs 0.115ms
[21.800s][info][gc,start    ] GC(45) Concurrent cleanup
[21.800s][info][gc          ] GC(45) Concurrent cleanup 273M->110M(2048M) 0.043ms
[21.800s][info][gc,ergo     ] Free: 1832M, Max: 1024K regular, 1601M humongous, Frag: 13% external, 0% internal; Reserve: 103M, Max: 1024K
[21.800s][info][gc,stats    ] 
[21.800s][info][gc,stats    ] All times are wall-clock times, except per-root-class counters, that are sum over
[21.800s][info][gc,stats    ] all workers. Dividing the <total> over the root stage time estimates parallelism.
[21.800s][info][gc,stats    ] 
[21.800s][info][gc,stats    ] Concurrent Reset                   1008 us
[21.800s][info][gc,stats    ] Pause Init Mark (G)                 366 us
[21.800s][info][gc,stats    ] Pause Init Mark (N)                 149 us
[21.800s][info][gc,stats    ]   Update Region States               68 us
[21.800s][info][gc,stats    ] Concurrent Mark Roots               473 us, parallelism: 0.83x
[21.800s][info][gc,stats    ]   CMR: <total>                      390 us
[21.800s][info][gc,stats    ]   CMR: Thread Roots                 338 us, workers (us): 338, ---, ---, 
[21.800s][info][gc,stats    ]   CMR: VM Strong Roots                7 us, workers (us):   7, ---, ---, 
[21.800s][info][gc,stats    ]   CMR: CLDG Roots                    46 us, workers (us):  46, ---, ---, 
[21.800s][info][gc,stats    ] Concurrent Marking                 4896 us
[21.800s][info][gc,stats    ] Pause Final Mark (G)                397 us
[21.800s][info][gc,stats    ] Pause Final Mark (N)                271 us
[21.800s][info][gc,stats    ]   Finish Mark                        64 us
[21.800s][info][gc,stats    ]   Update Region States               37 us
[21.800s][info][gc,stats    ]   Choose Collection Set              88 us
[21.800s][info][gc,stats    ]   Rebuild Free Set                    9 us
[21.800s][info][gc,stats    ] Concurrent Thread Roots             407 us, parallelism: 0.81x
[21.800s][info][gc,stats    ]   CTR: <total>                      330 us
[21.800s][info][gc,stats    ]   CTR: Thread Roots                 330 us, workers (us): 330, ---, ---, 
[21.800s][info][gc,stats    ] Concurrent Weak References          177 us, parallelism: 0.58x
[21.800s][info][gc,stats    ]   CWRF: <total>                     103 us
[21.800s][info][gc,stats    ]   CWRF: Weak References             103 us, workers (us): 103, ---, ---, 
[21.800s][info][gc,stats    ] Concurrent Weak Roots              1964 us
[21.800s][info][gc,stats    ]   Roots                            1257 us, parallelism: 0.97x
[21.800s][info][gc,stats    ]     CWR: <total>                   1215 us
[21.800s][info][gc,stats    ]     CWR: Code Cache Roots          1104 us, workers (us): 1104, ---, ---, 
[21.800s][info][gc,stats    ]     CWR: VM Weak Roots              103 us, workers (us): 103, ---, ---, 
[21.800s][info][gc,stats    ]     CWR: CLDG Roots                   8 us, workers (us):   8, ---, ---, 
[21.800s][info][gc,stats    ]   Rendezvous                        651 us
[21.800s][info][gc,stats    ] Concurrent Cleanup                  119 us
[21.800s][info][gc,stats    ] Concurrent Class Unloading        14289 us
[21.800s][info][gc,stats    ]   Unlink Stale                     4757 us
[21.800s][info][gc,stats    ]     System Dictionary                11 us
[21.800s][info][gc,stats    ]     Weak Class Links                  0 us
[21.800s][info][gc,stats    ]     Code Roots                     4743 us
[21.801s][info][gc,stats    ]   Rendezvous                       9120 us
[21.801s][info][gc,stats    ]   Purge Unlinked                    345 us
[21.801s][info][gc,stats    ]     Code Roots                      334 us
[21.801s][info][gc,stats    ]     CLDG                             11 us
[21.801s][info][gc,stats    ]     Exception Caches                  0 us
[21.801s][info][gc,stats    ] Concurrent Strong Roots             106 us, parallelism: 0.50x
[21.801s][info][gc,stats    ]   CSR: <total>                       53 us
[21.801s][info][gc,stats    ]   CSR: VM Strong Roots                5 us, workers (us):   5, ---, ---, 
[21.801s][info][gc,stats    ]   CSR: CLDG Roots                    48 us, workers (us):  48, ---, ---, 
[21.801s][info][gc,stats    ] Concurrent Evacuation              1186 us
[21.801s][info][gc,stats    ] Pause Init Update Refs (G)         1933 us
[21.801s][info][gc,stats    ] Pause Init Update Refs (N)           58 us
[21.801s][info][gc,stats    ]   Manage GCLABs                       4 us
[21.801s][info][gc,stats    ] Concurrent Update Refs             6417 us
[21.801s][info][gc,stats    ] Concurrent Update Thread Roots      519 us
[21.801s][info][gc,stats    ] Pause Final Update Refs (G)         539 us
[21.801s][info][gc,stats    ] Pause Final Update Refs (N)         133 us
[21.801s][info][gc,stats    ]   Update Region States               45 us
[21.801s][info][gc,stats    ]   Trash Collection Set                9 us
[21.801s][info][gc,stats    ]   Rebuild Free Set                   16 us
[21.801s][info][gc,stats    ] Concurrent Cleanup                   53 us
[21.801s][info][gc,stats    ] Pacing                            25078 us
[21.801s][info][gc,stats    ] 
[21.801s][info][gc,stats    ] Allocation pacing accrued:
[21.801s][info][gc,stats    ]       4 of   482 ms (  0.7%): Query0
[21.801s][info][gc,stats    ]       4 of   482 ms (  0.9%): Query1
[21.801s][info][gc,stats    ]       4 of   482 ms (  0.8%): Query2
[21.801s][info][gc,stats    ]       4 of   482 ms (  0.8%): Query3
[21.801s][info][gc,stats    ]       4 of   482 ms (  0.9%): Query4
[21.801s][info][gc,stats    ]       6 of   482 ms (  1.2%): Query5
[21.801s][info][gc,stats    ]      25 of   482 ms (  5.2%): <total>
[21.801s][info][gc,stats    ]       1 of   482 ms (  0.3%): <average total>
[21.801s][info][gc,stats    ]       4 of   482 ms (  0.9%): <average non-zero>
[21.801s][info][gc,stats    ] 
[21.801s][info][gc,metaspace] Metaspace: 8793K(9472K)->8793K(9472K) NonClass: 7943K(8320K)->7943K(8320K) Class: 850K(1152K)->850K(1152K)
[21.801s][info][gc,ergo     ] Pacer for Idle. Initial: 41943K, Alloc Tax Rate: 1.0x
[22.246s][info][gc          ] Trigger: Average GC time (40.87 ms) is above the time for average allocation rate (3674 MB/s) to deplete free headroom (106M) (margin of error = 1.86)
[22.246s][info][gc,ergo     ] Free headroom: 209M (free) - 102M (spike) - 0B (penalties) = 106M
[22.246s][info][gc,ergo     ] Free: 209M, Max: 1024K regular, 205M humongous, Frag: 0% external, 1% internal; Reserve: 103M, Max: 1024K
[22.246s][info][gc,start    ] GC(46) Concurrent reset
[22.246s][info][gc,task     ] GC(46) Using 1 of 3 workers for concurrent reset
[22.246s][info][gc,ergo     ] GC(46) Pacer for Reset. Non-Taxable: 2048M
[22.247s][info][gc          ] GC(46) Concurrent reset 0.986ms
[22.247s][info][gc,start    ] GC(46) Pause Init Mark (unload classes)
[22.248s][info][gc,task     ] GC(46) Using 3 of 3 workers for init marking
[22.248s][info][gc,ergo     ] GC(46) Pacer for Mark. Expected Live: 8348K, Free: 206M, Non-Taxable: 21108K, Alloc Tax Rate: 0.0x
[22.248s][info][gc          ] GC(46) Pause Init Mark (unload classes) 0.126ms
[22.248s][info][gc,start    ] GC(46) Concurrent marking roots
[22.248s][info][gc,task     ] GC(46) Using 1 of 3 workers for concurrent marking roots
[22.248s][info][gc          ] GC(46) Concurrent marking roots 0.395ms
[22.248s][info][gc,start    ] GC(46) Concurrent marking (unload classes)
[22.248s][info][gc,task     ] GC(46) Using 1 of 3 workers for concurrent marking
[22.257s][info][gc          ] GC(46) Concurrent marking (unload classes) 8.467ms
[22.257s][info][gc,start    ] GC(46) Pause Final Mark (unload classes)
[22.257s][info][gc,task     ] GC(46) Using 3 of 3 workers for final marking
[22.257s][info][gc,ergo     ] GC(46) Adaptive CSet Selection. Target Free: 290M, Actual Free: 1837M, Max CSet: 87381K, Min Garbage: 0B
[22.257s][info][gc,ergo     ] GC(46) Collectable Garbage: 1727M (99%), Immediate: 1565M (90%), CSet: 162M (9%)
[22.257s][info][gc,ergo     ] GC(46) Pacer for Evacuation. Used CSet: 162M, Free: 1738M, Non-Taxable: 173M, Alloc Tax Rate: 1.1x
[22.257s][info][gc          ] GC(46) Pause Final Mark (unload classes) 0.241ms
[22.257s][info][gc,start    ] GC(46) Concurrent thread roots
[22.257s][info][gc,task     ] GC(46) Using 1 of 3 workers for Concurrent thread roots
[22.257s][info][gc          ] GC(46) Concurrent thread roots 0.382ms
[22.257s][info][gc,start    ] GC(46) Concurrent weak references
[22.257s][info][gc,task     ] GC(46) Using 1 of 3 workers for concurrent weak references
[22.258s][info][gc,ref      ] GC(46) Encountered references: Soft: 137, Weak: 908, Final: 3, Phantom: 124
[22.258s][info][gc,ref      ] GC(46) Discovered  references: Soft: 0, Weak: 440, Final: 1, Phantom: 108
[22.258s][info][gc,ref      ] GC(46) Enqueued    references: Soft: 0, Weak: 300, Final: 0, Phantom: 0
[22.258s][info][gc          ] GC(46) Concurrent weak references 0.169ms
[22.258s][info][gc,start    ] GC(46) Concurrent weak roots
[22.258s][info][gc,task     ] GC(46) Using 1 of 3 workers for concurrent weak root
[22.260s][info][gc          ] GC(46) Concurrent weak roots 2.829ms
[22.260s][info][gc,start    ] GC(46) Concurrent cleanup
[22.261s][info][gc          ] GC(46) Concurrent cleanup 1785M->220M(2048M) 0.111ms
[22.261s][info][gc,ergo     ] GC(46) Free: 1723M, Max: 1024K regular, 154M humongous, Frag: 92% external, 0% internal; Reserve: 102M, Max: 1024K
[22.261s][info][gc,start    ] GC(46) Concurrent class unloading
[22.261s][info][gc,task     ] GC(46) Using 1 of 3 workers for concurrent class unloading
[22.266s][info][gc          ] GC(46) Concurrent class unloading 5.717ms
[22.266s][info][gc,start    ] GC(46) Concurrent strong roots
[22.266s][info][gc,task     ] GC(46) Using 1 of 3 workers for concurrent strong root
[22.266s][info][gc          ] GC(46) Concurrent strong roots 0.095ms
[22.267s][info][gc,start    ] GC(46) Concurrent evacuation
[22.267s][info][gc,task     ] GC(46) Using 1 of 3 workers for concurrent evacuation
[22.268s][info][gc          ] GC(46) Concurrent evacuation 1.256ms
[22.268s][info][gc,start    ] GC(46) Pause Init Update Refs
[22.268s][info][gc,ergo     ] GC(46) Pacer for Update Refs. Used: 240M, Free: 1704M, Non-Taxable: 170M, Alloc Tax Rate: 1.1x
[22.268s][info][gc          ] GC(46) Pause Init Update Refs 0.039ms
[22.268s][info][gc,start    ] GC(46) Concurrent update references
[22.268s][info][gc,task     ] GC(46) Using 1 of 3 workers for concurrent reference update
[22.277s][info][gc          ] GC(46) Concurrent update references 9.254ms
[22.277s][info][gc,start    ] GC(46) Concurrent update thread roots
[22.278s][info][gc          ] GC(46) Concurrent update thread roots 0.388ms
[22.278s][info][gc,start    ] GC(46) Pause Final Update Refs
[22.278s][info][gc,task     ] GC(46) Using 3 of 3 workers for final reference update
[22.278s][info][gc          ] GC(46) Pause Final Update Refs 0.105ms
[22.280s][info][gc,start    ] GC(46) Concurrent cleanup
[22.280s][info][gc          ] GC(46) Concurrent cleanup 270M->109M(2048M) 0.066ms
[22.280s][info][gc,ergo     ] Free: 1832M, Max: 1024K regular, 1675M humongous, Frag: 9% external, 0% internal; Reserve: 103M, Max: 1024K
[22.280s][info][gc,stats    ] 
[22.280s][info][gc,stats    ] All times are wall-clock times, except per-root-class counters, that are sum over
[22.280s][info][gc,stats    ] all workers. Dividing the <total> over the root stage time estimates parallelism.
[22.280s][info][gc,stats    ] 
[22.280s][info][gc,stats    ] Concurrent Reset                   1044 us
[22.280s][info][gc,stats    ] Pause Init Mark (G)                 391 us
[22.280s][info][gc,stats    ] Pause Init Mark (N)                 135 us
[22.280s][info][gc,stats    ]   Update Region States               36 us
[22.280s][info][gc,stats    ] Concurrent Mark Roots               410 us, parallelism: 0.80x
[22.280s][info][gc,stats    ]   CMR: <total>                      327 us
[22.280s][info][gc,stats    ]   CMR: Thread Roots                 282 us, workers (us): 282, ---, ---, 
[22.280s][info][gc,stats    ]   CMR: VM Strong Roots                5 us, workers (us):   5, ---, ---, 
[22.280s][info][gc,stats    ]   CMR: CLDG Roots                    40 us, workers (us):  40, ---, ---, 
[22.280s][info][gc,stats    ] Concurrent Marking                 8508 us
[22.280s][info][gc,stats    ] Pause Final Mark (G)                381 us
[22.280s][info][gc,stats    ] Pause Final Mark (N)                250 us
[22.280s][info][gc,stats    ]   Finish Mark                        59 us
[22.280s][info][gc,stats    ]   Update Region States               47 us
[22.280s][info][gc,stats    ]   Choose Collection Set              66 us
[22.280s][info][gc,stats    ]   Rebuild Free Set                    8 us
[22.280s][info][gc,stats    ] Concurrent Thread Roots             399 us, parallelism: 0.83x
[22.280s][info][gc,stats    ]   CTR: <total>                      333 us
[22.280s][info][gc,stats    ]   CTR: Thread Roots                 333 us, workers (us): 333, ---, ---, 
[22.280s][info][gc,stats    ] Concurrent Weak References          176 us, parallelism: 0.60x
[22.280s][info][gc,stats    ]   CWRF: <total>                     106 us
[22.280s][info][gc,stats    ]   CWRF: Weak References             106 us, workers (us): 106, ---, ---, 
[22.280s][info][gc,stats    ] Concurrent Weak Roots              2868 us
[22.280s][info][gc,stats    ]   Roots                            1294 us, parallelism: 0.97x
[22.280s][info][gc,stats    ]     CWR: <total>                   1261 us
[22.280s][info][gc,stats    ]     CWR: Code Cache Roots          1157 us, workers (us): 1157, ---, ---, 
[22.280s][info][gc,stats    ]     CWR: VM Weak Roots               95 us, workers (us):  95, ---, ---, 
[22.280s][info][gc,stats    ]     CWR: CLDG Roots                   8 us, workers (us):   8, ---, ---, 
[22.280s][info][gc,stats    ]   Rendezvous                       1516 us
[22.280s][info][gc,stats    ] Concurrent Cleanup                  120 us
[22.280s][info][gc,stats    ] Concurrent Class Unloading         5757 us
[22.280s][info][gc,stats    ]   Unlink Stale                     4735 us
[22.280s][info][gc,stats    ]     System Dictionary                30 us
[22.280s][info][gc,stats    ]     Weak Class Links                  1 us
[22.280s][info][gc,stats    ]     Code Roots                     4703 us
[22.280s][info][gc,stats    ]   Rendezvous                        622 us
[22.280s][info][gc,stats    ]   Purge Unlinked                    337 us
[22.280s][info][gc,stats    ]     Code Roots                      331 us
[22.280s][info][gc,stats    ]     CLDG                              5 us
[22.280s][info][gc,stats    ]     Exception Caches                  0 us
[22.280s][info][gc,stats    ] Concurrent Strong Roots             106 us, parallelism: 0.44x
[22.280s][info][gc,stats    ]   CSR: <total>                       47 us
[22.280s][info][gc,stats    ]   CSR: VM Strong Roots                4 us, workers (us):   4, ---, ---, 
[22.280s][info][gc,stats    ]   CSR: CLDG Roots                    43 us, workers (us):  43, ---, ---, 
[22.280s][info][gc,stats    ] Concurrent Evacuation              1313 us
[22.280s][info][gc,stats    ] Pause Init Update Refs (G)          188 us
[22.280s][info][gc,stats    ] Pause Init Update Refs (N)           48 us
[22.280s][info][gc,stats    ]   Manage GCLABs                       3 us
[22.280s][info][gc,stats    ] Concurrent Update Refs             9318 us
[22.280s][info][gc,stats    ] Concurrent Update Thread Roots      412 us
[22.280s][info][gc,stats    ] Pause Final Update Refs (G)        1993 us
[22.280s][info][gc,stats    ] Pause Final Update Refs (N)         125 us
[22.280s][info][gc,stats    ]   Update Region States               46 us
[22.280s][info][gc,stats    ]   Trash Collection Set                4 us
[22.280s][info][gc,stats    ]   Rebuild Free Set                   10 us
[22.280s][info][gc,stats    ] Concurrent Cleanup                   78 us
[22.280s][info][gc,stats    ] Pacing                             8230 us
[22.280s][info][gc,stats    ] 
[22.280s][info][gc,stats    ] Allocation pacing accrued:
[22.280s][info][gc,stats    ]       2 of   480 ms (  0.4%): Query0
[22.280s][info][gc,stats    ]       1 of   480 ms (  0.3%): Query1
[22.280s][info][gc,stats    ]       2 of   480 ms (  0.4%): Query3
[22.280s][info][gc,stats    ]       1 of   480 ms (  0.2%): Query4
[22.280s][info][gc,stats    ]       2 of   480 ms (  0.4%): Query5
[22.280s][info][gc,stats    ]       8 of   480 ms (  1.7%): <total>
[22.280s][info][gc,stats    ]       0 of   480 ms (  0.1%): <average total>
[22.280s][info][gc,stats    ]       2 of   480 ms (  0.3%): <average non-zero>
[22.280s][info][gc,stats    ] 
[22.280s][info][gc,metaspace] Metaspace: 8793K(9472K)->8793K(9472K) NonClass: 7943K(8320K)->7943K(8320K) Class: 850K(1152K)->850K(1152K)
[22.280s][info][gc,ergo     ] Pacer for Idle. Initial: 41943K, Alloc Tax Rate: 1.0x
[22.708s][info][gc          ] Trigger: Average GC time (38.88 ms) is above the time for average allocation rate (3753 MB/s) to deplete free headroom (132M) (margin of error = 1.87)
[22.708s][info][gc,ergo     ] Free headroom: 234M (free) - 102M (spike) - 0B (penalties) = 132M
[22.708s][info][gc,ergo     ] Free: 234M, Max: 1024K regular, 153M humongous, Frag: 34% external, 1% internal; Reserve: 103M, Max: 1024K
[22.708s][info][gc,start    ] GC(47) Concurrent reset
[22.708s][info][gc,task     ] GC(47) Using 1 of 3 workers for concurrent reset
[22.708s][info][gc,ergo     ] GC(47) Pacer for Reset. Non-Taxable: 2048M
[22.709s][info][gc          ] GC(47) Concurrent reset 0.917ms
[22.709s][info][gc,start    ] GC(47) Pause Init Mark (unload classes)
[22.710s][info][gc,task     ] GC(47) Using 3 of 3 workers for init marking
[22.710s][info][gc,ergo     ] GC(47) Pacer for Mark. Expected Live: 8388K, Free: 233M, Non-Taxable: 23915K, Alloc Tax Rate: 0.0x
[22.710s][info][gc          ] GC(47) Pause Init Mark (unload classes) 0.122ms
[22.710s][info][gc,start    ] GC(47) Concurrent marking roots
[22.710s][info][gc,task     ] GC(47) Using 1 of 3 workers for concurrent marking roots
[22.711s][info][gc          ] GC(47) Concurrent marking roots 0.445ms
[22.711s][info][gc,start    ] GC(47) Concurrent marking (unload classes)
[22.711s][info][gc,task     ] GC(47) Using 1 of 3 workers for concurrent marking
[22.717s][info][gc          ] GC(47) Concurrent marking (unload classes) 5.734ms
[22.717s][info][gc,start    ] GC(47) Pause Final Mark (unload classes)
[22.717s][info][gc,task     ] GC(47) Using 3 of 3 workers for final marking
[22.717s][info][gc,ergo     ] GC(47) Adaptive CSet Selection. Target Free: 290M, Actual Free: 1848M, Max CSet: 87381K, Min Garbage: 0B
[22.717s][info][gc,ergo     ] GC(47) Collectable Garbage: 1699M (99%), Immediate: 1541M (90%), CSet: 158M (9%)
[22.717s][info][gc,ergo     ] GC(47) Pacer for Evacuation. Used CSet: 159M, Free: 1749M, Non-Taxable: 174M, Alloc Tax Rate: 1.1x
[22.717s][info][gc          ] GC(47) Pause Final Mark (unload classes) 0.231ms
[22.717s][info][gc,start    ] GC(47) Concurrent thread roots
[22.717s][info][gc,task     ] GC(47) Using 1 of 3 workers for Concurrent thread roots
[22.717s][info][gc          ] GC(47) Concurrent thread roots 0.385ms
[22.717s][info][gc,start    ] GC(47) Concurrent weak references
[22.717s][info][gc,task     ] GC(47) Using 1 of 3 workers for concurrent weak references
[22.718s][info][gc,ref      ] GC(47) Encountered references: Soft: 137, Weak: 898, Final: 3, Phantom: 101
[22.718s][info][gc,ref      ] GC(47) Discovered  references: Soft: 0, Weak: 440, Final: 1, Phantom: 81
[22.718s][info][gc,ref      ] GC(47) Enqueued    references: Soft: 0, Weak: 300, Final: 0, Phantom: 0
[22.718s][info][gc          ] GC(47) Concurrent weak references 0.181ms
[22.718s][info][gc,start    ] GC(47) Concurrent weak roots
[22.718s][info][gc,task     ] GC(47) Using 1 of 3 workers for concurrent weak root
[22.723s][info][gc          ] GC(47) Concurrent weak roots 5.018ms
[22.723s][info][gc,start    ] GC(47) Concurrent cleanup
[22.723s][info][gc          ] GC(47) Concurrent cleanup 1754M->213M(2048M) 0.119ms
[22.723s][info][gc,ergo     ] GC(47) Free: 1729M, Max: 1024K regular, 164M humongous, Frag: 91% external, 0% internal; Reserve: 102M, Max: 1024K
[22.723s][info][gc,start    ] GC(47) Concurrent class unloading
[22.723s][info][gc,task     ] GC(47) Using 1 of 3 workers for concurrent class unloading
[22.729s][info][gc          ] GC(47) Concurrent class unloading 6.167ms
[22.729s][info][gc,start    ] GC(47) Concurrent strong roots
[22.729s][info][gc,task     ] GC(47) Using 1 of 3 workers for concurrent strong root
[22.729s][info][gc          ] GC(47) Concurrent strong roots 0.090ms
[22.729s][info][gc,start    ] GC(47) Concurrent evacuation
[22.729s][info][gc,task     ] GC(47) Using 1 of 3 workers for concurrent evacuation
[22.730s][info][gc          ] GC(47) Concurrent evacuation 1.106ms
[22.730s][info][gc,start    ] GC(47) Pause Init Update Refs
[22.730s][info][gc,ergo     ] GC(47) Pacer for Update Refs. Used: 236M, Free: 1707M, Non-Taxable: 170M, Alloc Tax Rate: 1.1x
[22.731s][info][gc          ] GC(47) Pause Init Update Refs 0.057ms
[22.731s][info][gc,start    ] GC(47) Concurrent update references
[22.731s][info][gc,task     ] GC(47) Using 1 of 3 workers for concurrent reference update
[22.738s][info][gc          ] GC(47) Concurrent update references 7.634ms
[22.738s][info][gc,start    ] GC(47) Concurrent update thread roots
[22.739s][info][gc          ] GC(47) Concurrent update thread roots 0.515ms
[22.739s][info][gc,start    ] GC(47) Pause Final Update Refs
[22.739s][info][gc,task     ] GC(47) Using 3 of 3 workers for final reference update
[22.739s][info][gc          ] GC(47) Pause Final Update Refs 0.110ms
[22.740s][info][gc,start    ] GC(47) Concurrent cleanup
[22.740s][info][gc          ] GC(47) Concurrent cleanup 261M->104M(2048M) 0.067ms
[22.740s][info][gc,ergo     ] Free: 1838M, Max: 1024K regular, 1598M humongous, Frag: 13% external, 0% internal; Reserve: 103M, Max: 1024K
[22.740s][info][gc,stats    ] 
[22.740s][info][gc,stats    ] All times are wall-clock times, except per-root-class counters, that are sum over
[22.740s][info][gc,stats    ] all workers. Dividing the <total> over the root stage time estimates parallelism.
[22.740s][info][gc,stats    ] 
[22.740s][info][gc,stats    ] Concurrent Reset                    992 us
[22.740s][info][gc,stats    ] Pause Init Mark (G)                1063 us
[22.740s][info][gc,stats    ] Pause Init Mark (N)                 133 us
[22.740s][info][gc,stats    ]   Update Region States               37 us
[22.740s][info][gc,stats    ] Concurrent Mark Roots               468 us, parallelism: 0.74x
[22.740s][info][gc,stats    ]   CMR: <total>                      347 us
[22.740s][info][gc,stats    ]   CMR: Thread Roots                 304 us, workers (us): 304, ---, ---, 
[22.740s][info][gc,stats    ]   CMR: VM Strong Roots                5 us, workers (us):   5, ---, ---, 
[22.740s][info][gc,stats    ]   CMR: CLDG Roots                    38 us, workers (us):  38, ---, ---, 
[22.740s][info][gc,stats    ] Concurrent Marking                 5774 us
[22.740s][info][gc,stats    ] Pause Final Mark (G)                386 us
[22.740s][info][gc,stats    ] Pause Final Mark (N)                240 us
[22.740s][info][gc,stats    ]   Finish Mark                        45 us
[22.740s][info][gc,stats    ]   Update Region States               45 us
[22.741s][info][gc,stats    ]   Choose Collection Set              71 us
[22.741s][info][gc,stats    ]   Rebuild Free Set                    9 us
[22.741s][info][gc,stats    ] Concurrent Thread Roots             405 us, parallelism: 0.79x
[22.741s][info][gc,stats    ]   CTR: <total>                      321 us
[22.741s][info][gc,stats    ]   CTR: Thread Roots                 321 us, workers (us): 321, ---, ---, 
[22.741s][info][gc,stats    ] Concurrent Weak References          189 us, parallelism: 0.47x
[22.741s][info][gc,stats    ]   CWRF: <total>                      88 us
[22.741s][info][gc,stats    ]   CWRF: Weak References              88 us, workers (us):  88, ---, ---, 
[22.741s][info][gc,stats    ] Concurrent Weak Roots              5061 us
[22.741s][info][gc,stats    ]   Roots                            1398 us, parallelism: 0.97x
[22.741s][info][gc,stats    ]     CWR: <total>                   1358 us
[22.741s][info][gc,stats    ]     CWR: Code Cache Roots          1240 us, workers (us): 1240, ---, ---, 
[22.741s][info][gc,stats    ]     CWR: VM Weak Roots              108 us, workers (us): 108, ---, ---, 
[22.741s][info][gc,stats    ]     CWR: CLDG Roots                   9 us, workers (us):   9, ---, ---, 
[22.741s][info][gc,stats    ]   Rendezvous                       3600 us
[22.741s][info][gc,stats    ] Concurrent Cleanup                  129 us
[22.741s][info][gc,stats    ] Concurrent Class Unloading         6213 us
[22.741s][info][gc,stats    ]   Unlink Stale                     4967 us
[22.741s][info][gc,stats    ]     System Dictionary                14 us
[22.741s][info][gc,stats    ]     Weak Class Links                  0 us
[22.741s][info][gc,stats    ]     Code Roots                     4950 us
[22.741s][info][gc,stats    ]   Rendezvous                        938 us
[22.741s][info][gc,stats    ]   Purge Unlinked                    241 us
[22.741s][info][gc,stats    ]     Code Roots                      234 us
[22.741s][info][gc,stats    ]     CLDG                              6 us
[22.741s][info][gc,stats    ]     Exception Caches                  0 us
[22.741s][info][gc,stats    ] Concurrent Strong Roots             103 us, parallelism: 0.46x
[22.741s][info][gc,stats    ]   CSR: <total>                       47 us
[22.741s][info][gc,stats    ]   CSR: VM Strong Roots                5 us, workers (us):   5, ---, ---, 
[22.741s][info][gc,stats    ]   CSR: CLDG Roots                    42 us, workers (us):  42, ---, ---, 
[22.741s][info][gc,stats    ] Concurrent Evacuation              1181 us
[22.741s][info][gc,stats    ] Pause Init Update Refs (G)          252 us
[22.741s][info][gc,stats    ] Pause Init Update Refs (N)           66 us
[22.741s][info][gc,stats    ]   Manage GCLABs                       3 us
[22.741s][info][gc,stats    ] Concurrent Update Refs             7674 us
[22.741s][info][gc,stats    ] Concurrent Update Thread Roots      548 us
[22.741s][info][gc,stats    ] Pause Final Update Refs (G)        1387 us
[22.741s][info][gc,stats    ] Pause Final Update Refs (N)         130 us
[22.741s][info][gc,stats    ]   Update Region States               45 us
[22.741s][info][gc,stats    ]   Trash Collection Set                9 us
[22.741s][info][gc,stats    ]   Rebuild Free Set                   16 us
[22.741s][info][gc,stats    ] Concurrent Cleanup                   80 us
[22.741s][info][gc,stats    ] Pacing                            14492 us
[22.741s][info][gc,stats    ] 
[22.741s][info][gc,stats    ] Allocation pacing accrued:
[22.741s][info][gc,stats    ]       2 of   461 ms (  0.5%): Query0
[22.741s][info][gc,stats    ]       2 of   461 ms (  0.5%): Query1
[22.741s][info][gc,stats    ]       3 of   461 ms (  0.6%): Query2
[22.741s][info][gc,stats    ]       2 of   461 ms (  0.5%): Query3
[22.741s][info][gc,stats    ]       3 of   461 ms (  0.7%): Query4
[22.741s][info][gc,stats    ]       2 of   461 ms (  0.4%): Query5
[22.741s][info][gc,stats    ]      14 of   461 ms (  3.1%): <total>
[22.741s][info][gc,stats    ]       1 of   461 ms (  0.2%): <average total>
[22.741s][info][gc,stats    ]       2 of   461 ms (  0.5%): <average non-zero>
[22.741s][info][gc,stats    ] 
[22.741s][info][gc,metaspace] Metaspace: 8793K(9472K)->8793K(9472K) NonClass: 7943K(8320K)->7943K(8320K) Class: 850K(1152K)->850K(1152K)
[22.741s][info][gc,ergo     ] Pacer for Idle. Initial: 41943K, Alloc Tax Rate: 1.0x
[23.198s][info][gc          ] Trigger: Free (199M) is below minimum threshold (204M)
[23.198s][info][gc,ergo     ] Free: 199M, Max: 1024K regular, 195M humongous, Frag: 0% external, 0% internal; Reserve: 103M, Max: 1024K
[23.198s][info][gc,start    ] GC(48) Concurrent reset
[23.198s][info][gc,task     ] GC(48) Using 1 of 3 workers for concurrent reset
[23.198s][info][gc,ergo     ] GC(48) Pacer for Reset. Non-Taxable: 2048M
[23.198s][info][gc          ] GC(48) Concurrent reset 0.875ms
[23.199s][info][gc,start    ] GC(48) Pause Init Mark (unload classes)
[23.199s][info][gc,task     ] GC(48) Using 3 of 3 workers for init marking
[23.199s][info][gc,ergo     ] GC(48) Pacer for Mark. Expected Live: 8389K, Free: 197M, Non-Taxable: 20178K, Alloc Tax Rate: 0.1x
[23.199s][info][gc          ] GC(48) Pause Init Mark (unload classes) 0.109ms
[23.201s][info][gc,start    ] GC(48) Concurrent marking roots
[23.201s][info][gc,task     ] GC(48) Using 1 of 3 workers for concurrent marking roots
[23.202s][info][gc          ] GC(48) Concurrent marking roots 0.446ms
[23.202s][info][gc,start    ] GC(48) Concurrent marking (unload classes)
[23.202s][info][gc,task     ] GC(48) Using 1 of 3 workers for concurrent marking
[23.208s][info][gc          ] GC(48) Concurrent marking (unload classes) 5.905ms
[23.208s][info][gc,start    ] GC(48) Pause Final Mark (unload classes)
[23.208s][info][gc,task     ] GC(48) Using 3 of 3 workers for final marking
[23.208s][info][gc,ergo     ] GC(48) Adaptive CSet Selection. Target Free: 290M, Actual Free: 1836M, Max CSet: 87381K, Min Garbage: 0B
[23.208s][info][gc,ergo     ] GC(48) Collectable Garbage: 1736M (99%), Immediate: 1570M (90%), CSet: 166M (9%)
[23.208s][info][gc,ergo     ] GC(48) Pacer for Evacuation. Used CSet: 167M, Free: 1737M, Non-Taxable: 173M, Alloc Tax Rate: 1.1x
[23.208s][info][gc          ] GC(48) Pause Final Mark (unload classes) 0.239ms
[23.208s][info][gc,start    ] GC(48) Concurrent thread roots
[23.208s][info][gc,task     ] GC(48) Using 1 of 3 workers for Concurrent thread roots
[23.209s][info][gc          ] GC(48) Concurrent thread roots 0.371ms
[23.209s][info][gc,start    ] GC(48) Concurrent weak references
[23.209s][info][gc,task     ] GC(48) Using 1 of 3 workers for concurrent weak references
[23.209s][info][gc,ref      ] GC(48) Encountered references: Soft: 137, Weak: 903, Final: 3, Phantom: 104
[23.209s][info][gc,ref      ] GC(48) Discovered  references: Soft: 0, Weak: 431, Final: 1, Phantom: 81
[23.209s][info][gc,ref      ] GC(48) Enqueued    references: Soft: 0, Weak: 299, Final: 0, Phantom: 0
[23.209s][info][gc          ] GC(48) Concurrent weak references 0.159ms
[23.209s][info][gc,start    ] GC(48) Concurrent weak roots
[23.209s][info][gc,task     ] GC(48) Using 1 of 3 workers for concurrent weak root
[23.210s][info][gc          ] GC(48) Concurrent weak roots 1.394ms
[23.210s][info][gc,start    ] GC(48) Concurrent cleanup
[23.210s][info][gc          ] GC(48) Concurrent cleanup 1785M->215M(2048M) 0.107ms
[23.210s][info][gc,ergo     ] GC(48) Free: 1728M, Max: 1024K regular, 154M humongous, Frag: 92% external, 0% internal; Reserve: 102M, Max: 1024K
[23.210s][info][gc,start    ] GC(48) Concurrent class unloading
[23.210s][info][gc,task     ] GC(48) Using 1 of 3 workers for concurrent class unloading
[23.220s][info][gc          ] GC(48) Concurrent class unloading 9.435ms
[23.220s][info][gc,start    ] GC(48) Concurrent strong roots
[23.220s][info][gc,task     ] GC(48) Using 1 of 3 workers for concurrent strong root
[23.220s][info][gc          ] GC(48) Concurrent strong roots 0.104ms
[23.220s][info][gc,start    ] GC(48) Concurrent evacuation
[23.220s][info][gc,task     ] GC(48) Using 1 of 3 workers for concurrent evacuation
[23.221s][info][gc          ] GC(48) Concurrent evacuation 1.205ms
[23.221s][info][gc,start    ] GC(48) Pause Init Update Refs
[23.221s][info][gc,ergo     ] GC(48) Pacer for Update Refs. Used: 247M, Free: 1696M, Non-Taxable: 169M, Alloc Tax Rate: 1.1x
[23.221s][info][gc          ] GC(48) Pause Init Update Refs 0.045ms
[23.221s][info][gc,start    ] GC(48) Concurrent update references
[23.221s][info][gc,task     ] GC(48) Using 1 of 3 workers for concurrent reference update
[23.230s][info][gc          ] GC(48) Concurrent update references 8.483ms
[23.230s][info][gc,start    ] GC(48) Concurrent update thread roots
[23.230s][info][gc          ] GC(48) Concurrent update thread roots 0.437ms
[23.230s][info][gc,start    ] GC(48) Pause Final Update Refs
[23.230s][info][gc,task     ] GC(48) Using 3 of 3 workers for final reference update
[23.231s][info][gc          ] GC(48) Pause Final Update Refs 0.128ms
[23.231s][info][gc,start    ] GC(48) Concurrent cleanup
[23.231s][info][gc          ] GC(48) Concurrent cleanup 269M->104M(2048M) 0.047ms
[23.231s][info][gc,ergo     ] Free: 1838M, Max: 1024K regular, 1675M humongous, Frag: 9% external, 0% internal; Reserve: 103M, Max: 1024K
[23.231s][info][gc,stats    ] 
[23.231s][info][gc,stats    ] All times are wall-clock times, except per-root-class counters, that are sum over
[23.231s][info][gc,stats    ] all workers. Dividing the <total> over the root stage time estimates parallelism.
[23.231s][info][gc,stats    ] 
[23.231s][info][gc,stats    ] Concurrent Reset                    958 us
[23.231s][info][gc,stats    ] Pause Init Mark (G)                2855 us
[23.231s][info][gc,stats    ] Pause Init Mark (N)                 118 us
[23.231s][info][gc,stats    ]   Update Region States               46 us
[23.231s][info][gc,stats    ] Concurrent Mark Roots               470 us, parallelism: 0.69x
[23.231s][info][gc,stats    ]   CMR: <total>                      326 us
[23.231s][info][gc,stats    ]   CMR: Thread Roots                 282 us, workers (us): 282, ---, ---, 
[23.231s][info][gc,stats    ]   CMR: VM Strong Roots                5 us, workers (us):   5, ---, ---, 
[23.231s][info][gc,stats    ]   CMR: CLDG Roots                    39 us, workers (us):  39, ---, ---, 
[23.231s][info][gc,stats    ] Concurrent Marking                 5946 us
[23.231s][info][gc,stats    ] Pause Final Mark (G)                358 us
[23.231s][info][gc,stats    ] Pause Final Mark (N)                248 us
[23.231s][info][gc,stats    ]   Finish Mark                        55 us
[23.231s][info][gc,stats    ]   Update Region States               40 us
[23.231s][info][gc,stats    ]   Choose Collection Set              76 us
[23.231s][info][gc,stats    ]   Rebuild Free Set                    8 us
[23.231s][info][gc,stats    ] Concurrent Thread Roots             387 us, parallelism: 0.83x
[23.231s][info][gc,stats    ]   CTR: <total>                      323 us
[23.231s][info][gc,stats    ]   CTR: Thread Roots                 323 us, workers (us): 323, ---, ---, 
[23.231s][info][gc,stats    ] Concurrent Weak References          166 us, parallelism: 0.61x
[23.231s][info][gc,stats    ]   CWRF: <total>                     101 us
[23.231s][info][gc,stats    ]   CWRF: Weak References             101 us, workers (us): 101, ---, ---, 
[23.231s][info][gc,stats    ] Concurrent Weak Roots              1450 us
[23.231s][info][gc,stats    ]   Roots                            1304 us, parallelism: 0.98x
[23.231s][info][gc,stats    ]     CWR: <total>                   1271 us
[23.231s][info][gc,stats    ]     CWR: Code Cache Roots          1166 us, workers (us): 1166, ---, ---, 
[23.231s][info][gc,stats    ]     CWR: VM Weak Roots               96 us, workers (us):  96, ---, ---, 
[23.231s][info][gc,stats    ]     CWR: CLDG Roots                   9 us, workers (us):   9, ---, ---, 
[23.231s][info][gc,stats    ]   Rendezvous                         72 us
[23.231s][info][gc,stats    ] Concurrent Cleanup                  117 us
[23.231s][info][gc,stats    ] Concurrent Class Unloading         9480 us
[23.231s][info][gc,stats    ]   Unlink Stale                     4617 us
[23.231s][info][gc,stats    ]     System Dictionary                 8 us
[23.231s][info][gc,stats    ]     Weak Class Links                  0 us
[23.231s][info][gc,stats    ]     Code Roots                     4607 us
[23.231s][info][gc,stats    ]   Rendezvous                       4398 us
[23.231s][info][gc,stats    ]   Purge Unlinked                    399 us
[23.231s][info][gc,stats    ]     Code Roots                      388 us
[23.231s][info][gc,stats    ]     CLDG                             10 us
[23.231s][info][gc,stats    ]     Exception Caches                  0 us
[23.231s][info][gc,stats    ] Concurrent Strong Roots             129 us, parallelism: 0.39x
[23.231s][info][gc,stats    ]   CSR: <total>                       50 us
[23.231s][info][gc,stats    ]   CSR: VM Strong Roots                5 us, workers (us):   5, ---, ---, 
[23.231s][info][gc,stats    ]   CSR: CLDG Roots                    45 us, workers (us):  45, ---, ---, 
[23.231s][info][gc,stats    ] Concurrent Evacuation              1262 us
[23.231s][info][gc,stats    ] Pause Init Update Refs (G)          184 us
[23.231s][info][gc,stats    ] Pause Init Update Refs (N)           54 us
[23.231s][info][gc,stats    ]   Manage GCLABs                       3 us
[23.231s][info][gc,stats    ] Concurrent Update Refs             8517 us
[23.231s][info][gc,stats    ] Concurrent Update Thread Roots      469 us
[23.231s][info][gc,stats    ] Pause Final Update Refs (G)         371 us
[23.231s][info][gc,stats    ] Pause Final Update Refs (N)         139 us
[23.231s][info][gc,stats    ]   Update Region States               55 us
[23.231s][info][gc,stats    ]   Trash Collection Set                9 us
[23.231s][info][gc,stats    ]   Rebuild Free Set                   17 us
[23.231s][info][gc,stats    ] Concurrent Cleanup                   62 us
[23.231s][info][gc,stats    ] Pacing                            22986 us
[23.231s][info][gc,stats    ] 
[23.231s][info][gc,stats    ] Allocation pacing accrued:
[23.231s][info][gc,stats    ]       4 of   490 ms (  0.8%): Query0
[23.231s][info][gc,stats    ]       3 of   490 ms (  0.7%): Query1
[23.231s][info][gc,stats    ]       4 of   490 ms (  0.8%): Query2
[23.231s][info][gc,stats    ]       4 of   490 ms (  0.7%): Query3
[23.231s][info][gc,stats    ]       4 of   490 ms (  0.7%): Query4
[23.231s][info][gc,stats    ]       4 of   490 ms (  0.9%): Query5
[23.231s][info][gc,stats    ]      23 of   490 ms (  4.7%): <total>
[23.231s][info][gc,stats    ]       1 of   490 ms (  0.3%): <average total>
[23.231s][info][gc,stats    ]       4 of   490 ms (  0.8%): <average non-zero>
[23.231s][info][gc,stats    ] 
[23.231s][info][gc,metaspace] Metaspace: 8793K(9472K)->8793K(9472K) NonClass: 7943K(8320K)->7943K(8320K) Class: 850K(1152K)->850K(1152K)
[23.231s][info][gc,ergo     ] Pacer for Idle. Initial: 41943K, Alloc Tax Rate: 1.0x
[23.672s][info][gc          ] Trigger: Free (188M) is below minimum threshold (204M)
[23.672s][info][gc,ergo     ] Free: 188M, Max: 1024K regular, 154M humongous, Frag: 17% external, 1% internal; Reserve: 103M, Max: 1024K
[23.672s][info][gc,start    ] GC(49) Concurrent reset
[23.672s][info][gc,task     ] GC(49) Using 1 of 3 workers for concurrent reset
[23.672s][info][gc,ergo     ] GC(49) Pacer for Reset. Non-Taxable: 2048M
[23.673s][info][gc          ] GC(49) Concurrent reset 0.879ms
[23.673s][info][gc,start    ] GC(49) Pause Init Mark (unload classes)
[23.673s][info][gc,task     ] GC(49) Using 3 of 3 workers for init marking
[23.673s][info][gc,ergo     ] GC(49) Pacer for Mark. Expected Live: 8402K, Free: 186M, Non-Taxable: 19052K, Alloc Tax Rate: 0.1x
[23.673s][info][gc          ] GC(49) Pause Init Mark (unload classes) 0.160ms
[23.673s][info][gc,start    ] GC(49) Concurrent marking roots
[23.673s][info][gc,task     ] GC(49) Using 1 of 3 workers for concurrent marking roots
[23.674s][info][gc          ] GC(49) Concurrent marking roots 0.472ms
[23.674s][info][gc,start    ] GC(49) Concurrent marking (unload classes)
[23.674s][info][gc,task     ] GC(49) Using 1 of 3 workers for concurrent marking
[23.680s][info][gc          ] GC(49) Concurrent marking (unload classes) 5.696ms
[23.680s][info][gc,start    ] GC(49) Pause Final Mark (unload classes)
[23.680s][info][gc,task     ] GC(49) Using 3 of 3 workers for final marking
[23.680s][info][gc,ergo     ] GC(49) Adaptive CSet Selection. Target Free: 290M, Actual Free: 1846M, Max CSet: 87381K, Min Garbage: 0B
[23.680s][info][gc,ergo     ] GC(49) Collectable Garbage: 1747M (99%), Immediate: 1582M (90%), CSet: 165M (9%)
[23.680s][info][gc,ergo     ] GC(49) Pacer for Evacuation. Used CSet: 166M, Free: 1747M, Non-Taxable: 174M, Alloc Tax Rate: 1.1x
[23.680s][info][gc          ] GC(49) Pause Final Mark (unload classes) 0.212ms
[23.680s][info][gc,start    ] GC(49) Concurrent thread roots
[23.680s][info][gc,task     ] GC(49) Using 1 of 3 workers for Concurrent thread roots
[23.680s][info][gc          ] GC(49) Concurrent thread roots 0.399ms
[23.680s][info][gc,start    ] GC(49) Concurrent weak references
[23.680s][info][gc,task     ] GC(49) Using 1 of 3 workers for concurrent weak references
[23.680s][info][gc,ref      ] GC(49) Encountered references: Soft: 137, Weak: 915, Final: 3, Phantom: 124
[23.680s][info][gc,ref      ] GC(49) Discovered  references: Soft: 0, Weak: 446, Final: 1, Phantom: 108
[23.681s][info][gc,ref      ] GC(49) Enqueued    references: Soft: 0, Weak: 305, Final: 0, Phantom: 0
[23.681s][info][gc          ] GC(49) Concurrent weak references 0.175ms
[23.681s][info][gc,start    ] GC(49) Concurrent weak roots
[23.681s][info][gc,task     ] GC(49) Using 1 of 3 workers for concurrent weak root
[23.682s][info][gc          ] GC(49) Concurrent weak roots 1.342ms
[23.682s][info][gc,start    ] GC(49) Concurrent cleanup
[23.682s][info][gc          ] GC(49) Concurrent cleanup 1785M->203M(2048M) 0.098ms
[23.682s][info][gc,ergo     ] GC(49) Free: 1740M, Max: 1024K regular, 154M humongous, Frag: 92% external, 0% internal; Reserve: 102M, Max: 1024K
[23.682s][info][gc,start    ] GC(49) Concurrent class unloading
[23.682s][info][gc,task     ] GC(49) Using 1 of 3 workers for concurrent class unloading
[23.688s][info][gc          ] GC(49) Concurrent class unloading 6.343ms
[23.688s][info][gc,start    ] GC(49) Concurrent strong roots
[23.688s][info][gc,task     ] GC(49) Using 1 of 3 workers for concurrent strong root
[23.689s][info][gc          ] GC(49) Concurrent strong roots 0.093ms
[23.689s][info][gc,start    ] GC(49) Concurrent evacuation
[23.689s][info][gc,task     ] GC(49) Using 1 of 3 workers for concurrent evacuation
[23.690s][info][gc          ] GC(49) Concurrent evacuation 1.199ms
[23.690s][info][gc,start    ] GC(49) Pause Init Update Refs
[23.690s][info][gc,ergo     ] GC(49) Pacer for Update Refs. Used: 225M, Free: 1719M, Non-Taxable: 171M, Alloc Tax Rate: 1.1x
[23.690s][info][gc          ] GC(49) Pause Init Update Refs 0.052ms
[23.690s][info][gc,start    ] GC(49) Concurrent update references
[23.690s][info][gc,task     ] GC(49) Using 1 of 3 workers for concurrent reference update
[23.697s][info][gc          ] GC(49) Concurrent update references 6.729ms
[23.697s][info][gc,start    ] GC(49) Concurrent update thread roots
[23.699s][info][gc          ] GC(49) Concurrent update thread roots 1.974ms
[23.699s][info][gc,start    ] GC(49) Pause Final Update Refs
[23.699s][info][gc,task     ] GC(49) Using 3 of 3 workers for final reference update
[23.699s][info][gc          ] GC(49) Pause Final Update Refs 0.108ms
[23.699s][info][gc,start    ] GC(49) Concurrent cleanup
[23.700s][info][gc          ] GC(49) Concurrent cleanup 251M->87M(2048M) 0.061ms
[23.700s][info][gc,ergo     ] Free: 1855M, Max: 1024K regular, 1656M humongous, Frag: 11% external, 0% internal; Reserve: 103M, Max: 1024K
[23.700s][info][gc,stats    ] 
[23.700s][info][gc,stats    ] All times are wall-clock times, except per-root-class counters, that are sum over
[23.700s][info][gc,stats    ] all workers. Dividing the <total> over the root stage time estimates parallelism.
[23.700s][info][gc,stats    ] 
[23.700s][info][gc,stats    ] Concurrent Reset                    950 us
[23.700s][info][gc,stats    ] Pause Init Mark (G)                 419 us
[23.700s][info][gc,stats    ] Pause Init Mark (N)                 171 us
[23.700s][info][gc,stats    ]   Update Region States               58 us
[23.700s][info][gc,stats    ] Concurrent Mark Roots               490 us, parallelism: 0.81x
[23.700s][info][gc,stats    ]   CMR: <total>                      398 us
[23.700s][info][gc,stats    ]   CMR: Thread Roots                 350 us, workers (us): 350, ---, ---, 
[23.700s][info][gc,stats    ]   CMR: VM Strong Roots                6 us, workers (us):   6, ---, ---, 
[23.700s][info][gc,stats    ]   CMR: CLDG Roots                    42 us, workers (us):  42, ---, ---, 
[23.700s][info][gc,stats    ] Concurrent Marking                 5752 us
[23.700s][info][gc,stats    ] Pause Final Mark (G)                324 us
[23.700s][info][gc,stats    ] Pause Final Mark (N)                221 us
[23.700s][info][gc,stats    ]   Finish Mark                        50 us
[23.700s][info][gc,stats    ]   Update Region States               35 us
[23.700s][info][gc,stats    ]   Choose Collection Set              60 us
[23.700s][info][gc,stats    ]   Rebuild Free Set                    8 us
[23.700s][info][gc,stats    ] Concurrent Thread Roots             417 us, parallelism: 0.84x
[23.700s][info][gc,stats    ]   CTR: <total>                      352 us
[23.700s][info][gc,stats    ]   CTR: Thread Roots                 352 us, workers (us): 352, ---, ---, 
[23.700s][info][gc,stats    ] Concurrent Weak References          183 us, parallelism: 0.59x
[23.700s][info][gc,stats    ]   CWRF: <total>                     109 us
[23.700s][info][gc,stats    ]   CWRF: Weak References             109 us, workers (us): 109, ---, ---, 
[23.700s][info][gc,stats    ] Concurrent Weak Roots              1394 us
[23.700s][info][gc,stats    ]   Roots                            1211 us, parallelism: 0.97x
[23.700s][info][gc,stats    ]     CWR: <total>                   1172 us
[23.700s][info][gc,stats    ]     CWR: Code Cache Roots          1057 us, workers (us): 1057, ---, ---, 
[23.700s][info][gc,stats    ]     CWR: VM Weak Roots              106 us, workers (us): 106, ---, ---, 
[23.700s][info][gc,stats    ]     CWR: CLDG Roots                  10 us, workers (us):  10, ---, ---, 
[23.700s][info][gc,stats    ]   Rendezvous                        112 us
[23.700s][info][gc,stats    ] Concurrent Cleanup                  107 us
[23.700s][info][gc,stats    ] Concurrent Class Unloading         6391 us
[23.700s][info][gc,stats    ]   Unlink Stale                     4884 us
[23.700s][info][gc,stats    ]     System Dictionary                 9 us
[23.700s][info][gc,stats    ]     Weak Class Links                  0 us
[23.700s][info][gc,stats    ]     Code Roots                     4874 us
[23.700s][info][gc,stats    ]   Rendezvous                       1033 us
[23.700s][info][gc,stats    ]   Purge Unlinked                    403 us
[23.700s][info][gc,stats    ]     Code Roots                      398 us
[23.700s][info][gc,stats    ]     CLDG                              4 us
[23.700s][info][gc,stats    ]     Exception Caches                  0 us
[23.700s][info][gc,stats    ] Concurrent Strong Roots             104 us, parallelism: 0.48x
[23.700s][info][gc,stats    ]   CSR: <total>                       50 us
[23.700s][info][gc,stats    ]   CSR: VM Strong Roots                4 us, workers (us):   4, ---, ---, 
[23.700s][info][gc,stats    ]   CSR: CLDG Roots                    45 us, workers (us):  45, ---, ---, 
[23.700s][info][gc,stats    ] Concurrent Evacuation              1260 us
[23.700s][info][gc,stats    ] Pause Init Update Refs (G)          216 us
[23.700s][info][gc,stats    ] Pause Init Update Refs (N)           64 us
[23.700s][info][gc,stats    ]   Manage GCLABs                       4 us
[23.700s][info][gc,stats    ] Concurrent Update Refs             6777 us
[23.700s][info][gc,stats    ] Concurrent Update Thread Roots     2016 us
[23.700s][info][gc,stats    ] Pause Final Update Refs (G)         607 us
[23.700s][info][gc,stats    ] Pause Final Update Refs (N)         138 us
[23.700s][info][gc,stats    ]   Update Region States               52 us
[23.700s][info][gc,stats    ]   Trash Collection Set                9 us
[23.700s][info][gc,stats    ]   Rebuild Free Set                   15 us
[23.700s][info][gc,stats    ] Concurrent Cleanup                   73 us
[23.700s][info][gc,stats    ] Pacing                            18864 us
[23.700s][info][gc,stats    ] 
[23.700s][info][gc,stats    ] Allocation pacing accrued:
[23.700s][info][gc,stats    ]       3 of   469 ms (  0.6%): Query0
[23.700s][info][gc,stats    ]       3 of   469 ms (  0.6%): Query1
[23.700s][info][gc,stats    ]       4 of   469 ms (  0.9%): Query2
[23.700s][info][gc,stats    ]       3 of   469 ms (  0.6%): Query3
[23.700s][info][gc,stats    ]       4 of   469 ms (  0.8%): Query4
[23.700s][info][gc,stats    ]       3 of   469 ms (  0.7%): Query5
[23.700s][info][gc,stats    ]      19 of   469 ms (  4.0%): <total>
[23.700s][info][gc,stats    ]       1 of   469 ms (  0.2%): <average total>
[23.700s][info][gc,stats    ]       3 of   469 ms (  0.7%): <average non-zero>
[23.700s][info][gc,stats    ] 
[23.700s][info][gc,metaspace] Metaspace: 8793K(9472K)->8793K(9472K) NonClass: 7943K(8320K)->7943K(8320K) Class: 850K(1152K)->850K(1152K)
[23.700s][info][gc,ergo     ] Pacer for Idle. Initial: 41943K, Alloc Tax Rate: 1.0x
[24.177s][info][gc          ] Trigger: Free (189M) is below minimum threshold (204M)
[24.177s][info][gc,ergo     ] Free: 189M, Max: 1024K regular, 185M humongous, Frag: 0% external, 1% internal; Reserve: 103M, Max: 1024K
[24.177s][info][gc,start    ] GC(50) Concurrent reset
[24.177s][info][gc,task     ] GC(50) Using 1 of 3 workers for concurrent reset
[24.177s][info][gc,ergo     ] GC(50) Pacer for Reset. Non-Taxable: 2048M
[24.178s][info][gc          ] GC(50) Concurrent reset 0.900ms
[24.178s][info][gc,start    ] GC(50) Pause Init Mark (unload classes)
[24.178s][info][gc,task     ] GC(50) Using 3 of 3 workers for init marking
[24.178s][info][gc,ergo     ] GC(50) Pacer for Mark. Expected Live: 8416K, Free: 186M, Non-Taxable: 19102K, Alloc Tax Rate: 0.1x
[24.178s][info][gc          ] GC(50) Pause Init Mark (unload classes) 0.122ms
[24.178s][info][gc,start    ] GC(50) Concurrent marking roots
[24.178s][info][gc,task     ] GC(50) Using 1 of 3 workers for concurrent marking roots
[24.179s][info][gc          ] GC(50) Concurrent marking roots 0.396ms
[24.179s][info][gc,start    ] GC(50) Concurrent marking (unload classes)
[24.179s][info][gc,task     ] GC(50) Using 1 of 3 workers for concurrent marking
[24.188s][info][gc          ] GC(50) Concurrent marking (unload classes) 9.727ms
[24.189s][info][gc,start    ] GC(50) Pause Final Mark (unload classes)
[24.189s][info][gc,task     ] GC(50) Using 3 of 3 workers for final marking
[24.189s][info][gc,ergo     ] GC(50) Adaptive CSet Selection. Target Free: 290M, Actual Free: 1824M, Max CSet: 87381K, Min Garbage: 0B
[24.189s][info][gc,ergo     ] GC(50) Collectable Garbage: 1746M (99%), Immediate: 1581M (90%), CSet: 165M (9%)
[24.189s][info][gc,ergo     ] GC(50) Pacer for Evacuation. Used CSet: 166M, Free: 1725M, Non-Taxable: 172M, Alloc Tax Rate: 1.1x
[24.189s][info][gc          ] GC(50) Pause Final Mark (unload classes) 0.253ms
[24.189s][info][gc,start    ] GC(50) Concurrent thread roots
[24.189s][info][gc,task     ] GC(50) Using 1 of 3 workers for Concurrent thread roots
[24.189s][info][gc          ] GC(50) Concurrent thread roots 0.375ms
[24.189s][info][gc,start    ] GC(50) Concurrent weak references
[24.189s][info][gc,task     ] GC(50) Using 1 of 3 workers for concurrent weak references
[24.189s][info][gc,ref      ] GC(50) Encountered references: Soft: 137, Weak: 918, Final: 3, Phantom: 123
[24.189s][info][gc,ref      ] GC(50) Discovered  references: Soft: 0, Weak: 445, Final: 1, Phantom: 105
[24.189s][info][gc,ref      ] GC(50) Enqueued    references: Soft: 0, Weak: 308, Final: 0, Phantom: 0
[24.189s][info][gc          ] GC(50) Concurrent weak references 0.162ms
[24.189s][info][gc,start    ] GC(50) Concurrent weak roots
[24.189s][info][gc,task     ] GC(50) Using 1 of 3 workers for concurrent weak root
[24.193s][info][gc          ] GC(50) Concurrent weak roots 3.116ms
[24.193s][info][gc,start    ] GC(50) Concurrent cleanup
[24.193s][info][gc          ] GC(50) Concurrent cleanup 1812M->231M(2048M) 0.110ms
[24.193s][info][gc,ergo     ] GC(50) Free: 1712M, Max: 1024K regular, 127M humongous, Frag: 93% external, 0% internal; Reserve: 102M, Max: 1024K
[24.193s][info][gc,start    ] GC(50) Concurrent class unloading
[24.193s][info][gc,task     ] GC(50) Using 1 of 3 workers for concurrent class unloading
[24.198s][info][gc          ] GC(50) Concurrent class unloading 5.502ms
[24.198s][info][gc,start    ] GC(50) Concurrent strong roots
[24.198s][info][gc,task     ] GC(50) Using 1 of 3 workers for concurrent strong root
[24.198s][info][gc          ] GC(50) Concurrent strong roots 0.093ms
[24.198s][info][gc,start    ] GC(50) Concurrent evacuation
[24.198s][info][gc,task     ] GC(50) Using 1 of 3 workers for concurrent evacuation
[24.199s][info][gc          ] GC(50) Concurrent evacuation 1.097ms
[24.200s][info][gc,start    ] GC(50) Pause Init Update Refs
[24.200s][info][gc,ergo     ] GC(50) Pacer for Update Refs. Used: 249M, Free: 1694M, Non-Taxable: 169M, Alloc Tax Rate: 1.1x
[24.200s][info][gc          ] GC(50) Pause Init Update Refs 0.031ms
[24.200s][info][gc,start    ] GC(50) Concurrent update references
[24.200s][info][gc,task     ] GC(50) Using 1 of 3 workers for concurrent reference update
[24.212s][info][gc          ] GC(50) Concurrent update references 11.395ms
[24.212s][info][gc,start    ] GC(50) Concurrent update thread roots
[24.212s][info][gc          ] GC(50) Concurrent update thread roots 0.397ms
[24.212s][info][gc,start    ] GC(50) Pause Final Update Refs
[24.212s][info][gc,task     ] GC(50) Using 3 of 3 workers for final reference update
[24.212s][info][gc          ] GC(50) Pause Final Update Refs 0.190ms
[24.213s][info][gc,start    ] GC(50) Concurrent cleanup
[24.213s][info][gc          ] GC(50) Concurrent cleanup 282M->119M(2048M) 0.068ms
[24.213s][info][gc,ergo     ] Free: 1822M, Max: 1024K regular, 1689M humongous, Frag: 8% external, 0% internal; Reserve: 103M, Max: 1024K
[24.213s][info][gc,stats    ] 
[24.213s][info][gc,stats    ] All times are wall-clock times, except per-root-class counters, that are sum over
[24.213s][info][gc,stats    ] all workers. Dividing the <total> over the root stage time estimates parallelism.
[24.213s][info][gc,stats    ] 
[24.213s][info][gc,stats    ] Concurrent Reset                    978 us
[24.213s][info][gc,stats    ] Pause Init Mark (G)                 618 us
[24.213s][info][gc,stats    ] Pause Init Mark (N)                 131 us
[24.213s][info][gc,stats    ]   Update Region States               46 us
[24.213s][info][gc,stats    ] Concurrent Mark Roots               411 us, parallelism: 0.78x
[24.213s][info][gc,stats    ]   CMR: <total>                      322 us
[24.214s][info][gc,stats    ]   CMR: Thread Roots                 276 us, workers (us): 276, ---, ---, 
[24.214s][info][gc,stats    ]   CMR: VM Strong Roots                5 us, workers (us):   5, ---, ---, 
[24.214s][info][gc,stats    ]   CMR: CLDG Roots                    41 us, workers (us):  41, ---, ---, 
[24.214s][info][gc,stats    ] Concurrent Marking                 9771 us
[24.214s][info][gc,stats    ] Pause Final Mark (G)                412 us
[24.214s][info][gc,stats    ] Pause Final Mark (N)                262 us
[24.214s][info][gc,stats    ]   Finish Mark                        53 us
[24.214s][info][gc,stats    ]   Update Region States               50 us
[24.214s][info][gc,stats    ]   Choose Collection Set              85 us
[24.214s][info][gc,stats    ]   Rebuild Free Set                    8 us
[24.214s][info][gc,stats    ] Concurrent Thread Roots             393 us, parallelism: 0.84x
[24.214s][info][gc,stats    ]   CTR: <total>                      330 us
[24.214s][info][gc,stats    ]   CTR: Thread Roots                 330 us, workers (us): 330, ---, ---, 
[24.214s][info][gc,stats    ] Concurrent Weak References          170 us, parallelism: 0.56x
[24.214s][info][gc,stats    ]   CWRF: <total>                      96 us
[24.214s][info][gc,stats    ]   CWRF: Weak References              96 us, workers (us):  96, ---, ---, 
[24.214s][info][gc,stats    ] Concurrent Weak Roots              3168 us
[24.214s][info][gc,stats    ]   Roots                            1313 us, parallelism: 0.97x
[24.214s][info][gc,stats    ]     CWR: <total>                   1277 us
[24.214s][info][gc,stats    ]     CWR: Code Cache Roots          1166 us, workers (us): 1166, ---, ---, 
[24.214s][info][gc,stats    ]     CWR: VM Weak Roots              102 us, workers (us): 102, ---, ---, 
[24.214s][info][gc,stats    ]     CWR: CLDG Roots                   8 us, workers (us):   8, ---, ---, 
[24.214s][info][gc,stats    ]   Rendezvous                       1784 us
[24.214s][info][gc,stats    ] Concurrent Cleanup                  119 us
[24.214s][info][gc,stats    ] Concurrent Class Unloading         5542 us
[24.214s][info][gc,stats    ]   Unlink Stale                     4885 us
[24.214s][info][gc,stats    ]     System Dictionary                11 us
[24.214s][info][gc,stats    ]     Weak Class Links                  0 us
[24.214s][info][gc,stats    ]     Code Roots                     4872 us
[24.214s][info][gc,stats    ]   Rendezvous                        315 us
[24.214s][info][gc,stats    ]   Purge Unlinked                    279 us
[24.214s][info][gc,stats    ]     Code Roots                      272 us
[24.214s][info][gc,stats    ]     CLDG                              6 us
[24.214s][info][gc,stats    ]     Exception Caches                  0 us
[24.214s][info][gc,stats    ] Concurrent Strong Roots             107 us, parallelism: 0.46x
[24.214s][info][gc,stats    ]   CSR: <total>                       49 us
[24.214s][info][gc,stats    ]   CSR: VM Strong Roots                5 us, workers (us):   5, ---, ---, 
[24.214s][info][gc,stats    ]   CSR: CLDG Roots                    44 us, workers (us):  44, ---, ---, 
[24.214s][info][gc,stats    ] Concurrent Evacuation              1132 us
[24.214s][info][gc,stats    ] Pause Init Update Refs (G)          649 us
[24.214s][info][gc,stats    ] Pause Init Update Refs (N)           39 us
[24.214s][info][gc,stats    ]   Manage GCLABs                       3 us
[24.214s][info][gc,stats    ] Concurrent Update Refs            11439 us
[24.214s][info][gc,stats    ] Concurrent Update Thread Roots      431 us
[24.214s][info][gc,stats    ] Pause Final Update Refs (G)        1252 us
[24.214s][info][gc,stats    ] Pause Final Update Refs (N)         226 us
[24.214s][info][gc,stats    ]   Update Region States               50 us
[24.214s][info][gc,stats    ]   Trash Collection Set                4 us
[24.214s][info][gc,stats    ]   Rebuild Free Set                    9 us
[24.214s][info][gc,stats    ] Concurrent Cleanup                   82 us
[24.214s][info][gc,stats    ] 
[24.214s][info][gc,stats    ] Allocation pacing accrued:
[24.214s][info][gc,stats    ]       0 of   514 ms (  0.0%): <total>
[24.214s][info][gc,stats    ]       0 of   514 ms (  0.0%): <average total>
[24.214s][info][gc,stats    ] 
[24.214s][info][gc,metaspace] Metaspace: 8793K(9472K)->8793K(9472K) NonClass: 7943K(8320K)->7943K(8320K) Class: 850K(1152K)->850K(1152K)
[24.214s][info][gc,ergo     ] Pacer for Idle. Initial: 41943K, Alloc Tax Rate: 1.0x
[24.732s][info][gc          ] Trigger: Free (190M) is below minimum threshold (204M)
[24.732s][info][gc,ergo     ] Free: 189M, Max: 1024K regular, 127M humongous, Frag: 32% external, 1% internal; Reserve: 103M, Max: 1024K
[24.732s][info][gc,start    ] GC(51) Concurrent reset
[24.732s][info][gc,task     ] GC(51) Using 1 of 3 workers for concurrent reset
[24.732s][info][gc,ergo     ] GC(51) Pacer for Reset. Non-Taxable: 2048M
[24.733s][info][gc          ] GC(51) Concurrent reset 0.859ms
[24.733s][info][gc,start    ] GC(51) Pause Init Mark (unload classes)
[24.733s][info][gc,task     ] GC(51) Using 3 of 3 workers for init marking
[24.733s][info][gc,ergo     ] GC(51) Pacer for Mark. Expected Live: 8446K, Free: 187M, Non-Taxable: 19231K, Alloc Tax Rate: 0.1x
[24.733s][info][gc          ] GC(51) Pause Init Mark (unload classes) 0.132ms
[24.739s][info][gc,start    ] GC(51) Concurrent marking roots
[24.739s][info][gc,task     ] GC(51) Using 1 of 3 workers for concurrent marking roots
[24.740s][info][gc          ] GC(51) Concurrent marking roots 0.505ms
[24.740s][info][gc,start    ] GC(51) Concurrent marking (unload classes)
[24.740s][info][gc,task     ] GC(51) Using 1 of 3 workers for concurrent marking
[24.744s][info][gc          ] GC(51) Concurrent marking (unload classes) 4.476ms
[24.744s][info][gc,start    ] GC(51) Pause Final Mark (unload classes)
[24.744s][info][gc,task     ] GC(51) Using 3 of 3 workers for final marking
[24.744s][info][gc,ergo     ] GC(51) Adaptive CSet Selection. Target Free: 290M, Actual Free: 1848M, Max CSet: 87381K, Min Garbage: 0B
[24.744s][info][gc,ergo     ] GC(51) Collectable Garbage: 1745M (99%), Immediate: 1583M (90%), CSet: 162M (9%)
[24.745s][info][gc,ergo     ] GC(51) Pacer for Evacuation. Used CSet: 163M, Free: 1749M, Non-Taxable: 174M, Alloc Tax Rate: 1.1x
[24.745s][info][gc          ] GC(51) Pause Final Mark (unload classes) 0.264ms
[24.745s][info][gc,start    ] GC(51) Concurrent thread roots
[24.745s][info][gc,task     ] GC(51) Using 1 of 3 workers for Concurrent thread roots
[24.745s][info][gc          ] GC(51) Concurrent thread roots 0.824ms
[24.745s][info][gc,start    ] GC(51) Concurrent weak references
[24.745s][info][gc,task     ] GC(51) Using 1 of 3 workers for concurrent weak references
[24.745s][info][gc,ref      ] GC(51) Encountered references: Soft: 137, Weak: 907, Final: 3, Phantom: 104
[24.745s][info][gc,ref      ] GC(51) Discovered  references: Soft: 0, Weak: 433, Final: 1, Phantom: 86
[24.745s][info][gc,ref      ] GC(51) Enqueued    references: Soft: 0, Weak: 305, Final: 0, Phantom: 0
[24.745s][info][gc          ] GC(51) Concurrent weak references 0.106ms
[24.745s][info][gc,start    ] GC(51) Concurrent weak roots
[24.746s][info][gc,task     ] GC(51) Using 1 of 3 workers for concurrent weak root
[24.747s][info][gc          ] GC(51) Concurrent weak roots 1.227ms
[24.747s][info][gc,start    ] GC(51) Concurrent cleanup
[24.747s][info][gc          ] GC(51) Concurrent cleanup 1777M->194M(2048M) 0.088ms
[24.747s][info][gc,ergo     ] GC(51) Free: 1748M, Max: 1024K regular, 127M humongous, Frag: 93% external, 0% internal; Reserve: 102M, Max: 1024K
[24.747s][info][gc,start    ] GC(51) Concurrent class unloading
[24.747s][info][gc,task     ] GC(51) Using 1 of 3 workers for concurrent class unloading
[24.764s][info][gc          ] GC(51) Concurrent class unloading 17.024ms
[24.764s][info][gc,start    ] GC(51) Concurrent strong roots
[24.764s][info][gc,task     ] GC(51) Using 1 of 3 workers for concurrent strong root
[24.764s][info][gc          ] GC(51) Concurrent strong roots 0.183ms
[24.764s][info][gc,start    ] GC(51) Concurrent evacuation
[24.764s][info][gc,task     ] GC(51) Using 1 of 3 workers for concurrent evacuation
[24.765s][info][gc          ] GC(51) Concurrent evacuation 1.121ms
[24.765s][info][gc,start    ] GC(51) Pause Init Update Refs
[24.765s][info][gc,ergo     ] GC(51) Pacer for Update Refs. Used: 240M, Free: 1703M, Non-Taxable: 170M, Alloc Tax Rate: 1.1x
[24.765s][info][gc          ] GC(51) Pause Init Update Refs 0.076ms
[24.766s][info][gc,start    ] GC(51) Concurrent update references
[24.766s][info][gc,task     ] GC(51) Using 1 of 3 workers for concurrent reference update
[24.773s][info][gc          ] GC(51) Concurrent update references 7.134ms
[24.773s][info][gc,start    ] GC(51) Concurrent update thread roots
[24.779s][info][gc          ] GC(51) Concurrent update thread roots 6.155ms
[24.779s][info][gc,start    ] GC(51) Pause Final Update Refs
[24.779s][info][gc,task     ] GC(51) Using 3 of 3 workers for final reference update
[24.780s][info][gc          ] GC(51) Pause Final Update Refs 0.136ms
[24.784s][info][gc,start    ] GC(51) Concurrent cleanup
[24.784s][info][gc          ] GC(51) Concurrent cleanup 280M->125M(2048M) 0.089ms
[24.784s][info][gc,ergo     ] Free: 1817M, Max: 1024K regular, 1597M humongous, Frag: 12% external, 0% internal; Reserve: 103M, Max: 1024K
[24.784s][info][gc,stats    ] 
[24.784s][info][gc,stats    ] All times are wall-clock times, except per-root-class counters, that are sum over
[24.784s][info][gc,stats    ] all workers. Dividing the <total> over the root stage time estimates parallelism.
[24.784s][info][gc,stats    ] 
[24.784s][info][gc,stats    ] Concurrent Reset                    935 us
[24.784s][info][gc,stats    ] Pause Init Mark (G)                6471 us
[24.784s][info][gc,stats    ] Pause Init Mark (N)                 141 us
[24.784s][info][gc,stats    ]   Update Region States               42 us
[24.784s][info][gc,stats    ] Concurrent Mark Roots               522 us, parallelism: 0.73x
[24.784s][info][gc,stats    ]   CMR: <total>                      383 us
[24.784s][info][gc,stats    ]   CMR: Thread Roots                 335 us, workers (us): 335, ---, ---, 
[24.784s][info][gc,stats    ]   CMR: VM Strong Roots                7 us, workers (us):   7, ---, ---, 
[24.784s][info][gc,stats    ]   CMR: CLDG Roots                    42 us, workers (us):  42, ---, ---, 
[24.784s][info][gc,stats    ] Concurrent Marking                 4540 us
[24.784s][info][gc,stats    ] Pause Final Mark (G)                344 us
[24.784s][info][gc,stats    ] Pause Final Mark (N)                273 us
[24.784s][info][gc,stats    ]   Finish Mark                        53 us
[24.784s][info][gc,stats    ]   Update Region States               41 us
[24.784s][info][gc,stats    ]   Choose Collection Set              71 us
[24.784s][info][gc,stats    ]   Rebuild Free Set                    8 us
[24.784s][info][gc,stats    ] Concurrent Thread Roots             832 us, parallelism: 0.91x
[24.784s][info][gc,stats    ]   CTR: <total>                      754 us
[24.784s][info][gc,stats    ]   CTR: Thread Roots                 754 us, workers (us): 754, ---, ---, 
[24.784s][info][gc,stats    ] Concurrent Weak References          113 us, parallelism: 0.37x
[24.784s][info][gc,stats    ]   CWRF: <total>                      42 us
[24.784s][info][gc,stats    ]   CWRF: Weak References              42 us, workers (us):  42, ---, ---, 
[24.784s][info][gc,stats    ] Concurrent Weak Roots              1241 us
[24.784s][info][gc,stats    ]   Roots                            1163 us, parallelism: 0.97x
[24.784s][info][gc,stats    ]     CWR: <total>                   1126 us
[24.784s][info][gc,stats    ]     CWR: Code Cache Roots           948 us, workers (us): 948, ---, ---, 
[24.784s][info][gc,stats    ]     CWR: VM Weak Roots              172 us, workers (us): 172, ---, ---, 
[24.784s][info][gc,stats    ]     CWR: CLDG Roots                   7 us, workers (us):   7, ---, ---, 
[24.784s][info][gc,stats    ]   Rendezvous                         48 us
[24.784s][info][gc,stats    ] Concurrent Cleanup                   96 us
[24.784s][info][gc,stats    ] Concurrent Class Unloading        17068 us
[24.784s][info][gc,stats    ]   Unlink Stale                     5201 us
[24.784s][info][gc,stats    ]     System Dictionary                 8 us
[24.784s][info][gc,stats    ]     Weak Class Links                  0 us
[24.784s][info][gc,stats    ]     Code Roots                     5191 us
[24.784s][info][gc,stats    ]   Rendezvous                      11411 us
[24.784s][info][gc,stats    ]   Purge Unlinked                    391 us
[24.784s][info][gc,stats    ]     Code Roots                      383 us
[24.784s][info][gc,stats    ]     CLDG                              7 us
[24.784s][info][gc,stats    ]     Exception Caches                  0 us
[24.784s][info][gc,stats    ] Concurrent Strong Roots             202 us, parallelism: 0.24x
[24.784s][info][gc,stats    ]   CSR: <total>                       49 us
[24.784s][info][gc,stats    ]   CSR: VM Strong Roots                4 us, workers (us):   4, ---, ---, 
[24.784s][info][gc,stats    ]   CSR: CLDG Roots                    45 us, workers (us):  45, ---, ---, 
[24.784s][info][gc,stats    ] Concurrent Evacuation              1164 us
[24.784s][info][gc,stats    ] Pause Init Update Refs (G)          694 us
[24.784s][info][gc,stats    ] Pause Init Update Refs (N)           86 us
[24.784s][info][gc,stats    ]   Manage GCLABs                       4 us
[24.784s][info][gc,stats    ] Concurrent Update Refs             7179 us
[24.784s][info][gc,stats    ] Concurrent Update Thread Roots     6195 us
[24.784s][info][gc,stats    ] Pause Final Update Refs (G)        4538 us
[24.784s][info][gc,stats    ] Pause Final Update Refs (N)         148 us
[24.784s][info][gc,stats    ]   Update Region States               56 us
[24.784s][info][gc,stats    ]   Trash Collection Set                7 us
[24.784s][info][gc,stats    ]   Rebuild Free Set                   14 us
[24.784s][info][gc,stats    ] Concurrent Cleanup                  102 us
[24.784s][info][gc,stats    ] Pacing                            47717 us
[24.784s][info][gc,stats    ] 
[24.785s][info][gc,stats    ] Allocation pacing accrued:
[24.785s][info][gc,stats    ]      13 of   571 ms (  2.3%): Query0
[24.785s][info][gc,stats    ]       7 of   571 ms (  1.3%): Query1
[24.785s][info][gc,stats    ]      12 of   571 ms (  2.1%): Query2
[24.785s][info][gc,stats    ]       8 of   571 ms (  1.3%): Query4
[24.785s][info][gc,stats    ]       8 of   571 ms (  1.3%): Query5
[24.785s][info][gc,stats    ]      48 of   571 ms (  8.4%): <total>
[24.785s][info][gc,stats    ]       3 of   571 ms (  0.5%): <average total>
[24.785s][info][gc,stats    ]      10 of   571 ms (  1.7%): <average non-zero>
[24.785s][info][gc,stats    ] 
[24.785s][info][gc,metaspace] Metaspace: 8793K(9472K)->8793K(9472K) NonClass: 7943K(8320K)->7943K(8320K) Class: 850K(1152K)->850K(1152K)
[24.785s][info][gc,ergo     ] Pacer for Idle. Initial: 41943K, Alloc Tax Rate: 1.0x
[25.302s][info][gc          ] Trigger: Average GC time (61.21 ms) is above the time for average allocation rate (3262 MB/s) to deplete free headroom (184M) (margin of error = 1.87)
[25.303s][info][gc,ergo     ] Free headroom: 286M (free) - 102M (spike) - 0B (penalties) = 184M
[25.303s][info][gc,ergo     ] Free: 286M, Max: 1024K regular, 215M humongous, Frag: 24% external, 0% internal; Reserve: 103M, Max: 1024K
[25.303s][info][gc,start    ] GC(52) Concurrent reset
[25.303s][info][gc,task     ] GC(52) Using 1 of 3 workers for concurrent reset
[25.303s][info][gc,ergo     ] GC(52) Pacer for Reset. Non-Taxable: 2048M
[25.303s][info][gc          ] GC(52) Concurrent reset 0.901ms
[25.304s][info][gc,start    ] GC(52) Pause Init Mark (unload classes)
[25.304s][info][gc,task     ] GC(52) Using 3 of 3 workers for init marking
[25.304s][info][gc,ergo     ] GC(52) Pacer for Mark. Expected Live: 8429K, Free: 283M, Non-Taxable: 29035K, Alloc Tax Rate: 0.0x
[25.304s][info][gc          ] GC(52) Pause Init Mark (unload classes) 0.141ms
[25.304s][info][gc,start    ] GC(52) Concurrent marking roots
[25.304s][info][gc,task     ] GC(52) Using 1 of 3 workers for concurrent marking roots
[25.304s][info][gc          ] GC(52) Concurrent marking roots 0.413ms
[25.304s][info][gc,start    ] GC(52) Concurrent marking (unload classes)
[25.304s][info][gc,task     ] GC(52) Using 1 of 3 workers for concurrent marking
[25.310s][info][gc          ] GC(52) Concurrent marking (unload classes) 5.331ms
[25.310s][info][gc,start    ] GC(52) Pause Final Mark (unload classes)
[25.310s][info][gc,task     ] GC(52) Using 3 of 3 workers for final marking
[25.310s][info][gc,ergo     ] GC(52) Adaptive CSet Selection. Target Free: 290M, Actual Free: 1852M, Max CSet: 87381K, Min Garbage: 0B
[25.310s][info][gc,ergo     ] GC(52) Collectable Garbage: 1649M (99%), Immediate: 1492M (90%), CSet: 157M (9%)
[25.310s][info][gc,ergo     ] GC(52) Pacer for Evacuation. Used CSet: 158M, Free: 1753M, Non-Taxable: 175M, Alloc Tax Rate: 1.1x
[25.310s][info][gc          ] GC(52) Pause Final Mark (unload classes) 0.198ms
[25.310s][info][gc,start    ] GC(52) Concurrent thread roots
[25.310s][info][gc,task     ] GC(52) Using 1 of 3 workers for Concurrent thread roots
[25.311s][info][gc          ] GC(52) Concurrent thread roots 0.296ms
[25.311s][info][gc,start    ] GC(52) Concurrent weak references
[25.311s][info][gc,task     ] GC(52) Using 1 of 3 workers for concurrent weak references
[25.311s][info][gc,ref      ] GC(52) Encountered references: Soft: 137, Weak: 888, Final: 3, Phantom: 119
[25.311s][info][gc,ref      ] GC(52) Discovered  references: Soft: 0, Weak: 425, Final: 1, Phantom: 101
[25.311s][info][gc,ref      ] GC(52) Enqueued    references: Soft: 0, Weak: 286, Final: 0, Phantom: 0
[25.311s][info][gc          ] GC(52) Concurrent weak references 0.157ms
[25.311s][info][gc,start    ] GC(52) Concurrent weak roots
[25.311s][info][gc,task     ] GC(52) Using 1 of 3 workers for concurrent weak root
[25.312s][info][gc          ] GC(52) Concurrent weak roots 1.442ms
[25.312s][info][gc,start    ] GC(52) Concurrent cleanup
[25.312s][info][gc          ] GC(52) Concurrent cleanup 1688M->196M(2048M) 0.084ms
[25.312s][info][gc,ergo     ] GC(52) Free: 1746M, Max: 1024K regular, 233M humongous, Frag: 87% external, 0% internal; Reserve: 102M, Max: 1024K
[25.312s][info][gc,start    ] GC(52) Concurrent class unloading
[25.312s][info][gc,task     ] GC(52) Using 1 of 3 workers for concurrent class unloading
[25.318s][info][gc          ] GC(52) Concurrent class unloading 5.575ms
[25.318s][info][gc,start    ] GC(52) Concurrent strong roots
[25.318s][info][gc,task     ] GC(52) Using 1 of 3 workers for concurrent strong root
[25.318s][info][gc          ] GC(52) Concurrent strong roots 0.085ms
[25.318s][info][gc,start    ] GC(52) Concurrent evacuation
[25.318s][info][gc,task     ] GC(52) Using 1 of 3 workers for concurrent evacuation
[25.319s][info][gc          ] GC(52) Concurrent evacuation 1.049ms
[25.319s][info][gc,start    ] GC(52) Pause Init Update Refs
[25.319s][info][gc,ergo     ] GC(52) Pacer for Update Refs. Used: 213M, Free: 1729M, Non-Taxable: 172M, Alloc Tax Rate: 1.1x
[25.319s][info][gc          ] GC(52) Pause Init Update Refs 0.031ms
[25.323s][info][gc,start    ] GC(52) Concurrent update references
[25.323s][info][gc,task     ] GC(52) Using 1 of 3 workers for concurrent reference update
[25.330s][info][gc          ] GC(52) Concurrent update references 6.610ms
[25.330s][info][gc,start    ] GC(52) Concurrent update thread roots
[25.330s][info][gc          ] GC(52) Concurrent update thread roots 0.477ms
[25.330s][info][gc,start    ] GC(52) Pause Final Update Refs
[25.330s][info][gc,task     ] GC(52) Using 3 of 3 workers for final reference update
[25.331s][info][gc          ] GC(52) Pause Final Update Refs 0.110ms
[25.331s][info][gc,start    ] GC(52) Concurrent cleanup
[25.331s][info][gc          ] GC(52) Concurrent cleanup 241M->83M(2048M) 0.053ms
[25.331s][info][gc,ergo     ] Free: 1859M, Max: 1024K regular, 1577M humongous, Frag: 15% external, 0% internal; Reserve: 103M, Max: 1024K
[25.331s][info][gc,stats    ] 
[25.331s][info][gc,stats    ] All times are wall-clock times, except per-root-class counters, that are sum over
[25.331s][info][gc,stats    ] all workers. Dividing the <total> over the root stage time estimates parallelism.
[25.331s][info][gc,stats    ] 
[25.331s][info][gc,stats    ] Concurrent Reset                    964 us
[25.331s][info][gc,stats    ] Pause Init Mark (G)                 388 us
[25.331s][info][gc,stats    ] Pause Init Mark (N)                 151 us
[25.331s][info][gc,stats    ]   Update Region States               51 us
[25.331s][info][gc,stats    ] Concurrent Mark Roots               431 us, parallelism: 0.84x
[25.331s][info][gc,stats    ]   CMR: <total>                      361 us
[25.331s][info][gc,stats    ]   CMR: Thread Roots                 310 us, workers (us): 310, ---, ---, 
[25.331s][info][gc,stats    ]   CMR: VM Strong Roots                6 us, workers (us):   6, ---, ---, 
[25.331s][info][gc,stats    ]   CMR: CLDG Roots                    45 us, workers (us):  45, ---, ---, 
[25.331s][info][gc,stats    ] Concurrent Marking                 5368 us
[25.331s][info][gc,stats    ] Pause Final Mark (G)                580 us
[25.331s][info][gc,stats    ] Pause Final Mark (N)                207 us
[25.331s][info][gc,stats    ]   Finish Mark                        25 us
[25.331s][info][gc,stats    ]   Update Region States               36 us
[25.331s][info][gc,stats    ]   Choose Collection Set              81 us
[25.331s][info][gc,stats    ]   Rebuild Free Set                    9 us
[25.331s][info][gc,stats    ] Concurrent Thread Roots             314 us, parallelism: 0.74x
[25.331s][info][gc,stats    ]   CTR: <total>                      233 us
[25.331s][info][gc,stats    ]   CTR: Thread Roots                 233 us, workers (us): 233, ---, ---, 
[25.331s][info][gc,stats    ] Concurrent Weak References          165 us, parallelism: 0.58x
[25.331s][info][gc,stats    ]   CWRF: <total>                      96 us
[25.331s][info][gc,stats    ]   CWRF: Weak References              96 us, workers (us):  96, ---, ---, 
[25.331s][info][gc,stats    ] Concurrent Weak Roots              1482 us
[25.331s][info][gc,stats    ]   Roots                            1183 us, parallelism: 0.97x
[25.331s][info][gc,stats    ]     CWR: <total>                   1146 us
[25.331s][info][gc,stats    ]     CWR: Code Cache Roots          1039 us, workers (us): 1039, ---, ---, 
[25.331s][info][gc,stats    ]     CWR: VM Weak Roots               98 us, workers (us):  98, ---, ---, 
[25.331s][info][gc,stats    ]     CWR: CLDG Roots                   9 us, workers (us):   9, ---, ---, 
[25.331s][info][gc,stats    ]   Rendezvous                        239 us
[25.331s][info][gc,stats    ] Concurrent Cleanup                   94 us
[25.331s][info][gc,stats    ] Concurrent Class Unloading         5614 us
[25.331s][info][gc,stats    ]   Unlink Stale                     4690 us
[25.331s][info][gc,stats    ]     System Dictionary                11 us
[25.331s][info][gc,stats    ]     Weak Class Links                  0 us
[25.331s][info][gc,stats    ]     Code Roots                     4677 us
[25.331s][info][gc,stats    ]   Rendezvous                        573 us
[25.331s][info][gc,stats    ]   Purge Unlinked                    290 us
[25.331s][info][gc,stats    ]     Code Roots                      284 us
[25.331s][info][gc,stats    ]     CLDG                              5 us
[25.331s][info][gc,stats    ]     Exception Caches                  0 us
[25.331s][info][gc,stats    ] Concurrent Strong Roots              96 us, parallelism: 0.44x
[25.331s][info][gc,stats    ]   CSR: <total>                       42 us
[25.331s][info][gc,stats    ]   CSR: VM Strong Roots                4 us, workers (us):   4, ---, ---, 
[25.331s][info][gc,stats    ]   CSR: CLDG Roots                    39 us, workers (us):  39, ---, ---, 
[25.331s][info][gc,stats    ] Concurrent Evacuation              1092 us
[25.331s][info][gc,stats    ] Pause Init Update Refs (G)         4058 us
[25.331s][info][gc,stats    ] Pause Init Update Refs (N)           39 us
[25.331s][info][gc,stats    ]   Manage GCLABs                       4 us
[25.331s][info][gc,stats    ] Concurrent Update Refs             6660 us
[25.331s][info][gc,stats    ] Concurrent Update Thread Roots      506 us
[25.331s][info][gc,stats    ] Pause Final Update Refs (G)         430 us
[25.331s][info][gc,stats    ] Pause Final Update Refs (N)         143 us
[25.331s][info][gc,stats    ]   Update Region States               50 us
[25.331s][info][gc,stats    ]   Trash Collection Set                9 us
[25.331s][info][gc,stats    ]   Rebuild Free Set                   18 us
[25.331s][info][gc,stats    ] Concurrent Cleanup                   65 us
[25.331s][info][gc,stats    ] 
[25.331s][info][gc,stats    ] Allocation pacing accrued:
[25.331s][info][gc,stats    ]       0 of   547 ms (  0.0%): <total>
[25.331s][info][gc,stats    ]       0 of   547 ms (  0.0%): <average total>
[25.331s][info][gc,stats    ] 
[25.331s][info][gc,metaspace] Metaspace: 8793K(9472K)->8793K(9472K) NonClass: 7943K(8320K)->7943K(8320K) Class: 850K(1152K)->850K(1152K)
[25.331s][info][gc,ergo     ] Pacer for Idle. Initial: 41943K, Alloc Tax Rate: 1.0x
[25.789s][info][gc          ] Trigger: Average GC time (54.24 ms) is above the time for average allocation rate (3428 MB/s) to deplete free headroom (138M) (margin of error = 1.86)
[25.789s][info][gc,ergo     ] Free headroom: 241M (free) - 102M (spike) - 0B (penalties) = 138M
[25.789s][info][gc,ergo     ] Free: 241M, Max: 1024K regular, 236M humongous, Frag: 0% external, 1% internal; Reserve: 103M, Max: 1024K
[25.789s][info][gc,start    ] GC(53) Concurrent reset
[25.789s][info][gc,task     ] GC(53) Using 1 of 3 workers for concurrent reset
[25.789s][info][gc,ergo     ] GC(53) Pacer for Reset. Non-Taxable: 2048M
[25.790s][info][gc          ] GC(53) Concurrent reset 0.938ms
[25.791s][info][gc,start    ] GC(53) Pause Init Mark (unload classes)
[25.791s][info][gc,task     ] GC(53) Using 3 of 3 workers for init marking
[25.791s][info][gc,ergo     ] GC(53) Pacer for Mark. Expected Live: 8450K, Free: 237M, Non-Taxable: 24299K, Alloc Tax Rate: 0.0x
[25.791s][info][gc          ] GC(53) Pause Init Mark (unload classes) 0.114ms
[25.791s][info][gc,start    ] GC(53) Concurrent marking roots
[25.791s][info][gc,task     ] GC(53) Using 1 of 3 workers for concurrent marking roots
[25.791s][info][gc          ] GC(53) Concurrent marking roots 0.471ms
[25.791s][info][gc,start    ] GC(53) Concurrent marking (unload classes)
[25.791s][info][gc,task     ] GC(53) Using 1 of 3 workers for concurrent marking
[25.796s][info][gc          ] GC(53) Concurrent marking (unload classes) 5.078ms
[25.796s][info][gc,start    ] GC(53) Pause Final Mark (unload classes)
[25.796s][info][gc,task     ] GC(53) Using 3 of 3 workers for final marking
[25.797s][info][gc,ergo     ] GC(53) Adaptive CSet Selection. Target Free: 290M, Actual Free: 1853M, Max CSet: 87381K, Min Garbage: 0B
[25.797s][info][gc,ergo     ] GC(53) Collectable Garbage: 1695M (99%), Immediate: 1533M (90%), CSet: 162M (9%)
[25.797s][info][gc,ergo     ] GC(53) Pacer for Evacuation. Used CSet: 163M, Free: 1754M, Non-Taxable: 175M, Alloc Tax Rate: 1.1x
[25.797s][info][gc          ] GC(53) Pause Final Mark (unload classes) 0.216ms
[25.797s][info][gc,start    ] GC(53) Concurrent thread roots
[25.797s][info][gc,task     ] GC(53) Using 1 of 3 workers for Concurrent thread roots
[25.797s][info][gc          ] GC(53) Concurrent thread roots 0.449ms
[25.797s][info][gc,start    ] GC(53) Concurrent weak references
[25.797s][info][gc,task     ] GC(53) Using 1 of 3 workers for concurrent weak references
[25.797s][info][gc,ref      ] GC(53) Encountered references: Soft: 137, Weak: 898, Final: 3, Phantom: 123
[25.797s][info][gc,ref      ] GC(53) Discovered  references: Soft: 0, Weak: 438, Final: 1, Phantom: 106
[25.797s][info][gc,ref      ] GC(53) Enqueued    references: Soft: 0, Weak: 296, Final: 0, Phantom: 0
[25.797s][info][gc          ] GC(53) Concurrent weak references 0.170ms
[25.797s][info][gc,start    ] GC(53) Concurrent weak roots
[25.797s][info][gc,task     ] GC(53) Using 1 of 3 workers for concurrent weak root
[25.805s][info][gc          ] GC(53) Concurrent weak roots 7.779ms
[25.805s][info][gc,start    ] GC(53) Concurrent cleanup
[25.805s][info][gc          ] GC(53) Concurrent cleanup 1748M->215M(2048M) 0.104ms
[25.805s][info][gc,ergo     ] GC(53) Free: 1726M, Max: 1024K regular, 190M humongous, Frag: 89% external, 0% internal; Reserve: 102M, Max: 1024K
[25.805s][info][gc,start    ] GC(53) Concurrent class unloading
[25.805s][info][gc,task     ] GC(53) Using 1 of 3 workers for concurrent class unloading
[25.811s][info][gc          ] GC(53) Concurrent class unloading 5.619ms
[25.811s][info][gc,start    ] GC(53) Concurrent strong roots
[25.811s][info][gc,task     ] GC(53) Using 1 of 3 workers for concurrent strong root
[25.811s][info][gc          ] GC(53) Concurrent strong roots 0.101ms
[25.811s][info][gc,start    ] GC(53) Concurrent evacuation
[25.811s][info][gc,task     ] GC(53) Using 1 of 3 workers for concurrent evacuation
[25.812s][info][gc          ] GC(53) Concurrent evacuation 1.122ms
[25.812s][info][gc,start    ] GC(53) Pause Init Update Refs
[25.812s][info][gc,ergo     ] GC(53) Pacer for Update Refs. Used: 235M, Free: 1708M, Non-Taxable: 170M, Alloc Tax Rate: 1.1x
[25.812s][info][gc          ] GC(53) Pause Init Update Refs 0.051ms
[25.813s][info][gc,start    ] GC(53) Concurrent update references
[25.813s][info][gc,task     ] GC(53) Using 1 of 3 workers for concurrent reference update
[25.818s][info][gc          ] GC(53) Concurrent update references 5.038ms
[25.818s][info][gc,start    ] GC(53) Concurrent update thread roots
[25.818s][info][gc          ] GC(53) Concurrent update thread roots 0.464ms
[25.818s][info][gc,start    ] GC(53) Pause Final Update Refs
[25.818s][info][gc,task     ] GC(53) Using 3 of 3 workers for final reference update
[25.818s][info][gc          ] GC(53) Pause Final Update Refs 0.123ms
[25.819s][info][gc,start    ] GC(53) Concurrent cleanup
[25.819s][info][gc          ] GC(53) Concurrent cleanup 248M->84M(2048M) 0.045ms
[25.819s][info][gc,ergo     ] Free: 1858M, Max: 1024K regular, 1661M humongous, Frag: 11% external, 0% internal; Reserve: 103M, Max: 1024K
[25.819s][info][gc,stats    ] 
[25.819s][info][gc,stats    ] All times are wall-clock times, except per-root-class counters, that are sum over
[25.819s][info][gc,stats    ] all workers. Dividing the <total> over the root stage time estimates parallelism.
[25.819s][info][gc,stats    ] 
[25.819s][info][gc,stats    ] Concurrent Reset                   1018 us
[25.819s][info][gc,stats    ] Pause Init Mark (G)                 347 us
[25.819s][info][gc,stats    ] Pause Init Mark (N)                 123 us
[25.819s][info][gc,stats    ]   Update Region States               38 us
[25.819s][info][gc,stats    ] Concurrent Mark Roots               491 us, parallelism: 0.81x
[25.819s][info][gc,stats    ]   CMR: <total>                      400 us
[25.819s][info][gc,stats    ]   CMR: Thread Roots                 350 us, workers (us): 350, ---, ---, 
[25.819s][info][gc,stats    ]   CMR: VM Strong Roots                7 us, workers (us):   7, ---, ---, 
[25.819s][info][gc,stats    ]   CMR: CLDG Roots                    43 us, workers (us):  43, ---, ---, 
[25.819s][info][gc,stats    ] Concurrent Marking                 5125 us
[25.819s][info][gc,stats    ] Pause Final Mark (G)                328 us
[25.819s][info][gc,stats    ] Pause Final Mark (N)                225 us
[25.819s][info][gc,stats    ]   Finish Mark                        36 us
[25.819s][info][gc,stats    ]   Update Region States               37 us
[25.819s][info][gc,stats    ]   Choose Collection Set              75 us
[25.819s][info][gc,stats    ]   Rebuild Free Set                    9 us
[25.819s][info][gc,stats    ] Concurrent Thread Roots             474 us, parallelism: 0.83x
[25.819s][info][gc,stats    ]   CTR: <total>                      393 us
[25.819s][info][gc,stats    ]   CTR: Thread Roots                 393 us, workers (us): 393, ---, ---, 
[25.819s][info][gc,stats    ] Concurrent Weak References          178 us, parallelism: 0.56x
[25.819s][info][gc,stats    ]   CWRF: <total>                     100 us
[25.819s][info][gc,stats    ]   CWRF: Weak References             100 us, workers (us): 100, ---, ---, 
[25.819s][info][gc,stats    ] Concurrent Weak Roots              7823 us
[25.819s][info][gc,stats    ]   Roots                            1270 us, parallelism: 0.97x
[25.819s][info][gc,stats    ]     CWR: <total>                   1228 us
[25.819s][info][gc,stats    ]     CWR: Code Cache Roots          1107 us, workers (us): 1107, ---, ---, 
[25.819s][info][gc,stats    ]     CWR: VM Weak Roots              111 us, workers (us): 111, ---, ---, 
[25.819s][info][gc,stats    ]     CWR: CLDG Roots                  10 us, workers (us):  10, ---, ---, 
[25.819s][info][gc,stats    ]   Rendezvous                       6488 us
[25.819s][info][gc,stats    ] Concurrent Cleanup                  114 us
[25.819s][info][gc,stats    ] Concurrent Class Unloading         5658 us
[25.819s][info][gc,stats    ]   Unlink Stale                     4820 us
[25.819s][info][gc,stats    ]     System Dictionary                10 us
[25.819s][info][gc,stats    ]     Weak Class Links                  1 us
[25.819s][info][gc,stats    ]     Code Roots                     4807 us
[25.819s][info][gc,stats    ]   Rendezvous                        505 us
[25.819s][info][gc,stats    ]   Purge Unlinked                    273 us
[25.819s][info][gc,stats    ]     Code Roots                      266 us
[25.819s][info][gc,stats    ]     CLDG                              7 us
[25.819s][info][gc,stats    ]     Exception Caches                  0 us
[25.819s][info][gc,stats    ] Concurrent Strong Roots             115 us, parallelism: 0.40x
[25.819s][info][gc,stats    ]   CSR: <total>                       46 us
[25.819s][info][gc,stats    ]   CSR: VM Strong Roots                4 us, workers (us):   4, ---, ---, 
[25.819s][info][gc,stats    ]   CSR: CLDG Roots                    42 us, workers (us):  42, ---, ---, 
[25.819s][info][gc,stats    ] Concurrent Evacuation              1165 us
[25.819s][info][gc,stats    ] Pause Init Update Refs (G)          361 us
[25.819s][info][gc,stats    ] Pause Init Update Refs (N)           60 us
[25.819s][info][gc,stats    ]   Manage GCLABs                       3 us
[25.819s][info][gc,stats    ] Concurrent Update Refs             5102 us
[25.819s][info][gc,stats    ] Concurrent Update Thread Roots      497 us
[25.819s][info][gc,stats    ] Pause Final Update Refs (G)         303 us
[25.819s][info][gc,stats    ] Pause Final Update Refs (N)         143 us
[25.819s][info][gc,stats    ]   Update Region States               54 us
[25.819s][info][gc,stats    ]   Trash Collection Set                9 us
[25.819s][info][gc,stats    ]   Rebuild Free Set                   16 us
[25.819s][info][gc,stats    ] Concurrent Cleanup                   56 us
[25.819s][info][gc,stats    ] 
[25.819s][info][gc,stats    ] Allocation pacing accrued:
[25.819s][info][gc,stats    ]       0 of   488 ms (  0.0%): <total>
[25.819s][info][gc,stats    ]       0 of   488 ms (  0.0%): <average total>
[25.819s][info][gc,stats    ] 
[25.819s][info][gc,metaspace] Metaspace: 8793K(9472K)->8793K(9472K) NonClass: 7943K(8320K)->7943K(8320K) Class: 850K(1152K)->850K(1152K)
[25.819s][info][gc,ergo     ] Pacer for Idle. Initial: 41943K, Alloc Tax Rate: 1.0x
[26.286s][info][gc          ] Trigger: Average GC time (46.76 ms) is above the time for average allocation rate (3425 MB/s) to deplete free headroom (137M) (margin of error = 1.84)
[26.286s][info][gc,ergo     ] Free headroom: 240M (free) - 102M (spike) - 0B (penalties) = 137M
[26.286s][info][gc,ergo     ] Free: 240M, Max: 1024K regular, 190M humongous, Frag: 20% external, 1% internal; Reserve: 103M, Max: 1024K
[26.286s][info][gc,start    ] GC(54) Concurrent reset
[26.286s][info][gc,task     ] GC(54) Using 1 of 3 workers for concurrent reset
[26.286s][info][gc,ergo     ] GC(54) Pacer for Reset. Non-Taxable: 2048M
[26.287s][info][gc          ] GC(54) Concurrent reset 0.879ms
[26.287s][info][gc,start    ] GC(54) Pause Init Mark (unload classes)
[26.287s][info][gc,task     ] GC(54) Using 3 of 3 workers for init marking
[26.287s][info][gc,ergo     ] GC(54) Pacer for Mark. Expected Live: 8448K, Free: 236M, Non-Taxable: 24197K, Alloc Tax Rate: 0.0x
[26.287s][info][gc          ] GC(54) Pause Init Mark (unload classes) 0.124ms
[26.289s][info][gc,start    ] GC(54) Concurrent marking roots
[26.289s][info][gc,task     ] GC(54) Using 1 of 3 workers for concurrent marking roots
[26.290s][info][gc          ] GC(54) Concurrent marking roots 0.442ms
[26.290s][info][gc,start    ] GC(54) Concurrent marking (unload classes)
[26.290s][info][gc,task     ] GC(54) Using 1 of 3 workers for concurrent marking
[26.296s][info][gc          ] GC(54) Concurrent marking (unload classes) 6.607ms
[26.296s][info][gc,start    ] GC(54) Pause Final Mark (unload classes)
[26.296s][info][gc,task     ] GC(54) Using 3 of 3 workers for final marking
[26.297s][info][gc,ergo     ] GC(54) Adaptive CSet Selection. Target Free: 290M, Actual Free: 1836M, Max CSet: 87381K, Min Garbage: 0B
[26.297s][info][gc,ergo     ] GC(54) Collectable Garbage: 1696M (99%), Immediate: 1534M (90%), CSet: 162M (9%)
[26.297s][info][gc,ergo     ] GC(54) Pacer for Evacuation. Used CSet: 163M, Free: 1737M, Non-Taxable: 173M, Alloc Tax Rate: 1.1x
[26.297s][info][gc          ] GC(54) Pause Final Mark (unload classes) 0.237ms
[26.297s][info][gc,start    ] GC(54) Concurrent thread roots
[26.297s][info][gc,task     ] GC(54) Using 1 of 3 workers for Concurrent thread roots
[26.297s][info][gc          ] GC(54) Concurrent thread roots 0.449ms
[26.297s][info][gc,start    ] GC(54) Concurrent weak references
[26.297s][info][gc,task     ] GC(54) Using 1 of 3 workers for concurrent weak references
[26.297s][info][gc,ref      ] GC(54) Encountered references: Soft: 137, Weak: 905, Final: 3, Phantom: 124
[26.297s][info][gc,ref      ] GC(54) Discovered  references: Soft: 0, Weak: 435, Final: 1, Phantom: 108
[26.297s][info][gc,ref      ] GC(54) Enqueued    references: Soft: 0, Weak: 296, Final: 0, Phantom: 0
[26.297s][info][gc          ] GC(54) Concurrent weak references 0.173ms
[26.297s][info][gc,start    ] GC(54) Concurrent weak roots
[26.297s][info][gc,task     ] GC(54) Using 1 of 3 workers for concurrent weak root
[26.299s][info][gc          ] GC(54) Concurrent weak roots 1.705ms
[26.299s][info][gc,start    ] GC(54) Concurrent cleanup
[26.299s][info][gc          ] GC(54) Concurrent cleanup 1747M->213M(2048M) 0.106ms
[26.299s][info][gc,ergo     ] GC(54) Free: 1729M, Max: 1024K regular, 200M humongous, Frag: 89% external, 0% internal; Reserve: 102M, Max: 1024K
[26.299s][info][gc,start    ] GC(54) Concurrent class unloading
[26.299s][info][gc,task     ] GC(54) Using 1 of 3 workers for concurrent class unloading
[26.304s][info][gc          ] GC(54) Concurrent class unloading 5.239ms
[26.304s][info][gc,start    ] GC(54) Concurrent strong roots
[26.304s][info][gc,task     ] GC(54) Using 1 of 3 workers for concurrent strong root
[26.305s][info][gc          ] GC(54) Concurrent strong roots 0.098ms
[26.305s][info][gc,start    ] GC(54) Concurrent evacuation
[26.305s][info][gc,task     ] GC(54) Using 1 of 3 workers for concurrent evacuation
[26.306s][info][gc          ] GC(54) Concurrent evacuation 1.068ms
[26.306s][info][gc,start    ] GC(54) Pause Init Update Refs
[26.306s][info][gc,ergo     ] GC(54) Pacer for Update Refs. Used: 229M, Free: 1714M, Non-Taxable: 171M, Alloc Tax Rate: 1.1x
[26.306s][info][gc          ] GC(54) Pause Init Update Refs 0.047ms
[26.316s][info][gc,start    ] GC(54) Concurrent update references
[26.316s][info][gc,task     ] GC(54) Using 1 of 3 workers for concurrent reference update
[26.325s][info][gc          ] GC(54) Concurrent update references 9.294ms
[26.325s][info][gc,start    ] GC(54) Concurrent update thread roots
[26.325s][info][gc          ] GC(54) Concurrent update thread roots 0.422ms
[26.325s][info][gc,start    ] GC(54) Pause Final Update Refs
[26.326s][info][gc,task     ] GC(54) Using 3 of 3 workers for final reference update
[26.326s][info][gc          ] GC(54) Pause Final Update Refs 0.129ms
[26.328s][info][gc,start    ] GC(54) Concurrent cleanup
[26.328s][info][gc          ] GC(54) Concurrent cleanup 288M->129M(2048M) 0.064ms
[26.328s][info][gc,ergo     ] Free: 1812M, Max: 1024K regular, 1573M humongous, Frag: 13% external, 0% internal; Reserve: 103M, Max: 1024K
[26.328s][info][gc,stats    ] 
[26.328s][info][gc,stats    ] All times are wall-clock times, except per-root-class counters, that are sum over
[26.328s][info][gc,stats    ] all workers. Dividing the <total> over the root stage time estimates parallelism.
[26.328s][info][gc,stats    ] 
[26.328s][info][gc,stats    ] Concurrent Reset                    950 us
[26.328s][info][gc,stats    ] Pause Init Mark (G)                1947 us
[26.328s][info][gc,stats    ] Pause Init Mark (N)                 134 us
[26.328s][info][gc,stats    ]   Update Region States               42 us
[26.328s][info][gc,stats    ] Concurrent Mark Roots               463 us, parallelism: 0.75x
[26.328s][info][gc,stats    ]   CMR: <total>                      345 us
[26.328s][info][gc,stats    ]   CMR: Thread Roots                 298 us, workers (us): 298, ---, ---, 
[26.328s][info][gc,stats    ]   CMR: VM Strong Roots                6 us, workers (us):   6, ---, ---, 
[26.328s][info][gc,stats    ]   CMR: CLDG Roots                    41 us, workers (us):  41, ---, ---, 
[26.328s][info][gc,stats    ] Concurrent Marking                 6655 us
[26.328s][info][gc,stats    ] Pause Final Mark (G)                362 us
[26.328s][info][gc,stats    ] Pause Final Mark (N)                246 us
[26.328s][info][gc,stats    ]   Finish Mark                        57 us
[26.328s][info][gc,stats    ]   Update Region States               38 us
[26.328s][info][gc,stats    ]   Choose Collection Set              77 us
[26.328s][info][gc,stats    ]   Rebuild Free Set                    8 us
[26.328s][info][gc,stats    ] Concurrent Thread Roots             478 us, parallelism: 0.81x
[26.328s][info][gc,stats    ]   CTR: <total>                      386 us
[26.328s][info][gc,stats    ]   CTR: Thread Roots                 386 us, workers (us): 386, ---, ---, 
[26.328s][info][gc,stats    ] Concurrent Weak References          181 us, parallelism: 0.54x
[26.328s][info][gc,stats    ]   CWRF: <total>                      98 us
[26.328s][info][gc,stats    ]   CWRF: Weak References              98 us, workers (us):  98, ---, ---, 
[26.328s][info][gc,stats    ] Concurrent Weak Roots              1755 us
[26.328s][info][gc,stats    ]   Roots                            1336 us, parallelism: 0.97x
[26.328s][info][gc,stats    ]     CWR: <total>                   1297 us
[26.328s][info][gc,stats    ]     CWR: Code Cache Roots          1191 us, workers (us): 1191, ---, ---, 
[26.328s][info][gc,stats    ]     CWR: VM Weak Roots              101 us, workers (us): 101, ---, ---, 
[26.328s][info][gc,stats    ]     CWR: CLDG Roots                   6 us, workers (us):   6, ---, ---, 
[26.328s][info][gc,stats    ]   Rendezvous                        350 us
[26.328s][info][gc,stats    ] Concurrent Cleanup                  115 us
[26.328s][info][gc,stats    ] Concurrent Class Unloading         5283 us
[26.328s][info][gc,stats    ]   Unlink Stale                     4809 us
[26.328s][info][gc,stats    ]     System Dictionary                10 us
[26.328s][info][gc,stats    ]     Weak Class Links                  0 us
[26.328s][info][gc,stats    ]     Code Roots                     4798 us
[26.328s][info][gc,stats    ]   Rendezvous                        167 us
[26.328s][info][gc,stats    ]   Purge Unlinked                    238 us
[26.328s][info][gc,stats    ]     Code Roots                      233 us
[26.328s][info][gc,stats    ]     CLDG                              5 us
[26.328s][info][gc,stats    ]     Exception Caches                  0 us
[26.328s][info][gc,stats    ] Concurrent Strong Roots             111 us, parallelism: 0.40x
[26.328s][info][gc,stats    ]   CSR: <total>                       44 us
[26.328s][info][gc,stats    ]   CSR: VM Strong Roots                4 us, workers (us):   4, ---, ---, 
[26.328s][info][gc,stats    ]   CSR: CLDG Roots                    40 us, workers (us):  40, ---, ---, 
[26.328s][info][gc,stats    ] Concurrent Evacuation              1118 us
[26.328s][info][gc,stats    ] Pause Init Update Refs (G)         9970 us
[26.328s][info][gc,stats    ] Pause Init Update Refs (N)           57 us
[26.328s][info][gc,stats    ]   Manage GCLABs                       4 us
[26.328s][info][gc,stats    ] Concurrent Update Refs             9342 us
[26.328s][info][gc,stats    ] Concurrent Update Thread Roots      444 us
[26.328s][info][gc,stats    ] Pause Final Update Refs (G)        2144 us
[26.328s][info][gc,stats    ] Pause Final Update Refs (N)         149 us
[26.328s][info][gc,stats    ]   Update Region States               44 us
[26.328s][info][gc,stats    ]   Trash Collection Set               10 us
[26.328s][info][gc,stats    ]   Rebuild Free Set                   21 us
[26.328s][info][gc,stats    ] Concurrent Cleanup                   77 us
[26.328s][info][gc,stats    ] 
[26.328s][info][gc,stats    ] Allocation pacing accrued:
[26.328s][info][gc,stats    ]       0 of   509 ms (  0.0%): <total>
[26.328s][info][gc,stats    ]       0 of   509 ms (  0.0%): <average total>
[26.328s][info][gc,stats    ] 
[26.328s][info][gc,metaspace] Metaspace: 8793K(9472K)->8793K(9472K) NonClass: 7943K(8320K)->7943K(8320K) Class: 850K(1152K)->850K(1152K)
[26.328s][info][gc,ergo     ] Pacer for Idle. Initial: 41943K, Alloc Tax Rate: 1.0x
[26.840s][info][gc          ] Trigger: Explicit GC request (System.gc())
[26.840s][info][gc,ergo     ] Free: 1091M, Max: 1024K regular, 853M humongous, Frag: 22% external, 0% internal; Reserve: 103M, Max: 1024K
[26.840s][info][gc,start    ] GC(55) Concurrent reset
[26.840s][info][gc,task     ] GC(55) Using 1 of 3 workers for concurrent reset
[26.840s][info][gc,ergo     ] GC(55) Pacer for Reset. Non-Taxable: 2048M
[26.841s][info][gc          ] GC(55) Concurrent reset 1.110ms
[26.841s][info][gc,start    ] GC(55) Pause Init Mark (unload classes)
[26.841s][info][gc,task     ] GC(55) Using 3 of 3 workers for init marking
[26.842s][info][gc,ref      ] GC(55) Clearing All SoftReferences
[26.842s][info][gc,ergo     ] GC(55) Pacer for Mark. Expected Live: 8446K, Free: 1091M, Non-Taxable: 109M, Alloc Tax Rate: 0.0x
[26.842s][info][gc          ] GC(55) Pause Init Mark (unload classes) 0.169ms
[26.842s][info][gc,start    ] GC(55) Concurrent marking roots
[26.842s][info][gc,task     ] GC(55) Using 1 of 3 workers for concurrent marking roots
[26.842s][info][gc          ] GC(55) Concurrent marking roots 0.421ms
[26.842s][info][gc,start    ] GC(55) Concurrent marking (unload classes)
[26.842s][info][gc,task     ] GC(55) Using 1 of 3 workers for concurrent marking
[26.846s][info][gc          ] GC(55) Concurrent marking (unload classes) 3.718ms
[26.846s][info][gc,start    ] GC(55) Pause Final Mark (unload classes)
[26.846s][info][gc,task     ] GC(55) Using 3 of 3 workers for final marking
[26.846s][info][gc,ergo     ] GC(55) Collectable Garbage: 836M (99%), Immediate: 836M (99%), CSet: 0B (0%)
[26.846s][info][gc          ] GC(55) Pause Final Mark (unload classes) 0.276ms
[26.846s][info][gc,start    ] GC(55) Concurrent weak references
[26.846s][info][gc,task     ] GC(55) Using 1 of 3 workers for concurrent weak references
[26.846s][info][gc,ref      ] GC(55) Encountered references: Soft: 137, Weak: 556, Final: 3, Phantom: 26
[26.846s][info][gc,ref      ] GC(55) Discovered  references: Soft: 91, Weak: 149, Final: 1, Phantom: 24
[26.846s][info][gc,ref      ] GC(55) Enqueued    references: Soft: 0, Weak: 0, Final: 0, Phantom: 0
[26.846s][info][gc          ] GC(55) Concurrent weak references 0.120ms
[26.846s][info][gc,start    ] GC(55) Concurrent weak roots
[26.846s][info][gc,task     ] GC(55) Using 1 of 3 workers for concurrent weak root
[26.848s][info][gc          ] GC(55) Concurrent weak roots 1.106ms
[26.848s][info][gc,start    ] GC(55) Concurrent cleanup
[26.848s][info][gc          ] GC(55) Concurrent cleanup 848M->11M(2048M) 0.075ms
[26.848s][info][gc,ergo     ] GC(55) Free: 1931M, Max: 1024K regular, 1150M humongous, Frag: 41% external, 0% internal; Reserve: 103M, Max: 1024K
[26.848s][info][gc,start    ] GC(55) Concurrent class unloading
[26.848s][info][gc,task     ] GC(55) Using 1 of 3 workers for concurrent class unloading
[26.853s][info][gc          ] GC(55) Concurrent class unloading 5.168ms
[26.853s][info][gc,start    ] GC(55) Pause Final Roots
[26.853s][info][gc          ] GC(55) Pause Final Roots 0.047ms
[26.853s][info][gc,ergo     ] Free: 1931M, Max: 1024K regular, 1150M humongous, Frag: 41% external, 0% internal; Reserve: 103M, Max: 1024K
[26.853s][info][gc,stats    ] 
[26.853s][info][gc,stats    ] All times are wall-clock times, except per-root-class counters, that are sum over
[26.853s][info][gc,stats    ] all workers. Dividing the <total> over the root stage time estimates parallelism.
[26.853s][info][gc,stats    ] 
[26.853s][info][gc,stats    ] Concurrent Reset                   1172 us
[26.853s][info][gc,stats    ] Pause Init Mark (G)                 282 us
[26.853s][info][gc,stats    ] Pause Init Mark (N)                 187 us
[26.853s][info][gc,stats    ]   Update Region States               65 us
[26.853s][info][gc,stats    ] Concurrent Mark Roots               469 us, parallelism: 0.58x
[26.853s][info][gc,stats    ]   CMR: <total>                      274 us
[26.853s][info][gc,stats    ]   CMR: Thread Roots                 234 us, workers (us): 234, ---, ---, 
[26.853s][info][gc,stats    ]   CMR: VM Strong Roots                4 us, workers (us):   4, ---, ---, 
[26.853s][info][gc,stats    ]   CMR: CLDG Roots                    35 us, workers (us):  35, ---, ---, 
[26.853s][info][gc,stats    ] Concurrent Marking                 3776 us
[26.853s][info][gc,stats    ] Pause Final Mark (G)                368 us
[26.853s][info][gc,stats    ] Pause Final Mark (N)                297 us
[26.853s][info][gc,stats    ]   Finish Mark                        71 us
[26.853s][info][gc,stats    ]   Update Region States               63 us
[26.853s][info][gc,stats    ]   Choose Collection Set              65 us
[26.853s][info][gc,stats    ]   Rebuild Free Set                   20 us
[26.853s][info][gc,stats    ] Concurrent Weak References          128 us, parallelism: 0.06x
[26.853s][info][gc,stats    ]   CWRF: <total>                       8 us
[26.853s][info][gc,stats    ]   CWRF: Weak References               8 us, workers (us):   8, ---, ---, 
[26.853s][info][gc,stats    ] Concurrent Weak Roots              1145 us
[26.853s][info][gc,stats    ]   Roots                            1022 us, parallelism: 0.93x
[26.853s][info][gc,stats    ]     CWR: <total>                    949 us
[26.853s][info][gc,stats    ]     CWR: Code Cache Roots           876 us, workers (us): 876, ---, ---, 
[26.853s][info][gc,stats    ]     CWR: VM Weak Roots               68 us, workers (us):  68, ---, ---, 
[26.853s][info][gc,stats    ]     CWR: CLDG Roots                   4 us, workers (us):   4, ---, ---, 
[26.853s][info][gc,stats    ]   Rendezvous                         65 us
[26.853s][info][gc,stats    ] Concurrent Cleanup                   85 us
[26.853s][info][gc,stats    ] Concurrent Class Unloading         5237 us
[26.853s][info][gc,stats    ]   Unlink Stale                     4856 us
[26.853s][info][gc,stats    ]     System Dictionary                 7 us
[26.853s][info][gc,stats    ]     Weak Class Links                  0 us
[26.853s][info][gc,stats    ]     Code Roots                     4847 us
[26.853s][info][gc,stats    ]   Rendezvous                         62 us
[26.853s][info][gc,stats    ]   Purge Unlinked                    227 us
[26.853s][info][gc,stats    ]     Code Roots                      216 us
[26.853s][info][gc,stats    ]     CLDG                             11 us
[26.853s][info][gc,stats    ]     Exception Caches                  1 us
[26.853s][info][gc,stats    ] Pause Final Roots (G)               145 us
[26.853s][info][gc,stats    ] Pause Final Roots (N)                68 us
[26.853s][info][gc,stats    ] 
[26.853s][info][gc,stats    ] Allocation pacing accrued:
[26.853s][info][gc,stats    ]       0 of   525 ms (  0.0%): <total>
[26.854s][info][gc,stats    ]       0 of   525 ms (  0.0%): <average total>
[26.854s][info][gc,stats    ] 
[26.854s][info][gc,metaspace] Metaspace: 8795K(9472K)->8795K(9472K) NonClass: 7944K(8320K)->7944K(8320K) Class: 850K(1152K)->850K(1152K)
[26.854s][info][gc,ergo     ] Pacer for Idle. Initial: 41943K, Alloc Tax Rate: 1.0x
[27.157s][info][gc          ] Trigger: Learning 2 of 5. Free (1418M) is below initial threshold (1433M)
[27.157s][info][gc,ergo     ] Free: 1418M, Max: 1024K regular, 1150M humongous, Frag: 19% external, 0% internal; Reserve: 103M, Max: 1024K
[27.157s][info][gc,start    ] GC(56) Concurrent reset
[27.157s][info][gc,task     ] GC(56) Using 1 of 3 workers for concurrent reset
[27.157s][info][gc,ergo     ] GC(56) Pacer for Reset. Non-Taxable: 2048M
[27.157s][info][gc          ] GC(56) Concurrent reset 0.170ms
[27.157s][info][gc,start    ] GC(56) Pause Init Mark (unload classes)
[27.157s][info][gc,task     ] GC(56) Using 3 of 3 workers for init marking
[27.157s][info][gc,ergo     ] GC(56) Pacer for Mark. Expected Live: 8321K, Free: 1418M, Non-Taxable: 141M, Alloc Tax Rate: 0.0x
[27.157s][info][gc          ] GC(56) Pause Init Mark (unload classes) 0.064ms
[27.157s][info][gc,start    ] GC(56) Concurrent marking roots
[27.157s][info][gc,task     ] GC(56) Using 1 of 3 workers for concurrent marking roots
[27.158s][info][gc          ] GC(56) Concurrent marking roots 0.654ms
[27.158s][info][gc,start    ] GC(56) Concurrent marking (unload classes)
[27.158s][info][gc,task     ] GC(56) Using 1 of 3 workers for concurrent marking
[27.162s][info][gc          ] GC(56) Concurrent marking (unload classes) 4.152ms
[27.162s][info][gc,start    ] GC(56) Pause Final Mark (unload classes)
[27.162s][info][gc,task     ] GC(56) Using 3 of 3 workers for final marking
[27.162s][info][gc,ergo     ] GC(56) Adaptive CSet Selection. Target Free: 290M, Actual Free: 1968M, Max CSet: 87381K, Min Garbage: 0B
[27.162s][info][gc,ergo     ] GC(56) Collectable Garbage: 512M (99%), Immediate: 452M (87%), CSet: 62258K (11%)
[27.162s][info][gc,ergo     ] GC(56) Pacer for Evacuation. Used CSet: 63109K, Free: 1871M, Non-Taxable: 187M, Alloc Tax Rate: 1.1x
[27.162s][info][gc          ] GC(56) Pause Final Mark (unload classes) 0.254ms
[27.162s][info][gc,start    ] GC(56) Concurrent thread roots
[27.162s][info][gc,task     ] GC(56) Using 1 of 3 workers for Concurrent thread roots
[27.163s][info][gc          ] GC(56) Concurrent thread roots 0.915ms
[27.163s][info][gc,start    ] GC(56) Concurrent weak references
[27.163s][info][gc,task     ] GC(56) Using 1 of 3 workers for concurrent weak references
[27.163s][info][gc,ref      ] GC(56) Encountered references: Soft: 137, Weak: 694, Final: 3, Phantom: 124
[27.163s][info][gc,ref      ] GC(56) Discovered  references: Soft: 0, Weak: 220, Final: 1, Phantom: 109
[27.163s][info][gc,ref      ] GC(56) Enqueued    references: Soft: 0, Weak: 84, Final: 0, Phantom: 0
[27.163s][info][gc          ] GC(56) Concurrent weak references 0.080ms
[27.163s][info][gc,start    ] GC(56) Concurrent weak roots
[27.163s][info][gc,task     ] GC(56) Using 1 of 3 workers for concurrent weak root
[27.165s][info][gc          ] GC(56) Concurrent weak roots 1.299ms
[27.165s][info][gc,start    ] GC(56) Concurrent cleanup
[27.165s][info][gc          ] GC(56) Concurrent cleanup 522M->70M(2048M) 0.044ms
[27.165s][info][gc,ergo     ] GC(56) Free: 1871M, Max: 1024K regular, 1414M humongous, Frag: 25% external, 0% internal; Reserve: 102M, Max: 1024K
[27.165s][info][gc,start    ] GC(56) Concurrent class unloading
[27.165s][info][gc,task     ] GC(56) Using 1 of 3 workers for concurrent class unloading
[27.170s][info][gc          ] GC(56) Concurrent class unloading 4.760ms
[27.170s][info][gc,start    ] GC(56) Concurrent strong roots
[27.170s][info][gc,task     ] GC(56) Using 1 of 3 workers for concurrent strong root
[27.170s][info][gc          ] GC(56) Concurrent strong roots 0.076ms
[27.170s][info][gc,start    ] GC(56) Concurrent evacuation
[27.170s][info][gc,task     ] GC(56) Using 1 of 3 workers for concurrent evacuation
[27.171s][info][gc          ] GC(56) Concurrent evacuation 0.808ms
[27.171s][info][gc,start    ] GC(56) Pause Init Update Refs
[27.171s][info][gc,ergo     ] GC(56) Pacer for Update Refs. Used: 73292K, Free: 1871M, Non-Taxable: 187M, Alloc Tax Rate: 1.1x
[27.171s][info][gc          ] GC(56) Pause Init Update Refs 0.058ms
[27.171s][info][gc,start    ] GC(56) Concurrent update references
[27.171s][info][gc,task     ] GC(56) Using 1 of 3 workers for concurrent reference update
[27.172s][info][gc          ] GC(56) Concurrent update references 1.737ms
[27.172s][info][gc,start    ] GC(56) Concurrent update thread roots
[27.182s][info][gc          ] GC(56) Concurrent update thread roots 9.258ms
[27.182s][info][gc,start    ] GC(56) Pause Final Update Refs
[27.182s][info][gc,task     ] GC(56) Using 3 of 3 workers for final reference update
[27.182s][info][gc          ] GC(56) Pause Final Update Refs 0.125ms
[27.185s][info][gc,start    ] GC(56) Concurrent cleanup
[27.185s][info][gc          ] GC(56) Concurrent cleanup 106M->51M(2048M) 0.072ms
[27.185s][info][gc,ergo     ] Free: 1891M, Max: 1024K regular, 1887M humongous, Frag: 0% external, 0% internal; Reserve: 103M, Max: 1024K
[27.185s][info][gc,stats    ] 
[27.185s][info][gc,stats    ] All times are wall-clock times, except per-root-class counters, that are sum over
[27.185s][info][gc,stats    ] all workers. Dividing the <total> over the root stage time estimates parallelism.
[27.185s][info][gc,stats    ] 
[27.185s][info][gc,stats    ] Concurrent Reset                    218 us
[27.185s][info][gc,stats    ] Pause Init Mark (G)                 131 us
[27.185s][info][gc,stats    ] Pause Init Mark (N)                  72 us
[27.185s][info][gc,stats    ]   Update Region States               28 us
[27.185s][info][gc,stats    ] Concurrent Mark Roots               663 us, parallelism: 0.87x
[27.185s][info][gc,stats    ]   CMR: <total>                      578 us
[27.186s][info][gc,stats    ]   CMR: Thread Roots                 542 us, workers (us): 542, ---, ---, 
[27.186s][info][gc,stats    ]   CMR: VM Strong Roots                4 us, workers (us):   4, ---, ---, 
[27.186s][info][gc,stats    ]   CMR: CLDG Roots                    32 us, workers (us):  32, ---, ---, 
[27.186s][info][gc,stats    ] Concurrent Marking                 4177 us
[27.186s][info][gc,stats    ] Pause Final Mark (G)                315 us
[27.186s][info][gc,stats    ] Pause Final Mark (N)                270 us
[27.186s][info][gc,stats    ]   Finish Mark                        52 us
[27.186s][info][gc,stats    ]   Update Region States               40 us
[27.186s][info][gc,stats    ]   Choose Collection Set              77 us
[27.186s][info][gc,stats    ]   Rebuild Free Set                   17 us
[27.186s][info][gc,stats    ] Concurrent Thread Roots             932 us, parallelism: 0.91x
[27.186s][info][gc,stats    ]   CTR: <total>                      850 us
[27.186s][info][gc,stats    ]   CTR: Thread Roots                 850 us, workers (us): 850, ---, ---, 
[27.186s][info][gc,stats    ] Concurrent Weak References           87 us, parallelism: 0.26x
[27.186s][info][gc,stats    ]   CWRF: <total>                      23 us
[27.186s][info][gc,stats    ]   CWRF: Weak References              23 us, workers (us):  23, ---, ---, 
[27.186s][info][gc,stats    ] Concurrent Weak Roots              1317 us
[27.186s][info][gc,stats    ]   Roots                            1227 us, parallelism: 0.97x
[27.186s][info][gc,stats    ]     CWR: <total>                   1195 us
[27.186s][info][gc,stats    ]     CWR: Code Cache Roots          1100 us, workers (us): 1100, ---, ---, 
[27.186s][info][gc,stats    ]     CWR: VM Weak Roots               90 us, workers (us):  90, ---, ---, 
[27.186s][info][gc,stats    ]     CWR: CLDG Roots                   5 us, workers (us):   5, ---, ---, 
[27.186s][info][gc,stats    ]   Rendezvous                         56 us
[27.186s][info][gc,stats    ] Concurrent Cleanup                   53 us
[27.186s][info][gc,stats    ] Concurrent Class Unloading         4795 us
[27.186s][info][gc,stats    ]   Unlink Stale                     4544 us
[27.186s][info][gc,stats    ]     System Dictionary                 8 us
[27.186s][info][gc,stats    ]     Weak Class Links                  0 us
[27.186s][info][gc,stats    ]     Code Roots                     4535 us
[27.186s][info][gc,stats    ]   Rendezvous                         45 us
[27.186s][info][gc,stats    ]   Purge Unlinked                    151 us
[27.186s][info][gc,stats    ]     Code Roots                      146 us
[27.186s][info][gc,stats    ]     CLDG                              4 us
[27.186s][info][gc,stats    ]     Exception Caches                  0 us
[27.186s][info][gc,stats    ] Concurrent Strong Roots              85 us, parallelism: 0.44x
[27.186s][info][gc,stats    ]   CSR: <total>                       37 us
[27.186s][info][gc,stats    ]   CSR: VM Strong Roots                4 us, workers (us):   4, ---, ---, 
[27.186s][info][gc,stats    ]   CSR: CLDG Roots                    33 us, workers (us):  33, ---, ---, 
[27.186s][info][gc,stats    ] Concurrent Evacuation               819 us
[27.186s][info][gc,stats    ] Pause Init Update Refs (G)          109 us
[27.186s][info][gc,stats    ] Pause Init Update Refs (N)           74 us
[27.186s][info][gc,stats    ]   Manage GCLABs                       3 us
[27.186s][info][gc,stats    ] Concurrent Update Refs             1749 us
[27.186s][info][gc,stats    ] Concurrent Update Thread Roots     9303 us
[27.186s][info][gc,stats    ] Pause Final Update Refs (G)        3549 us
[27.186s][info][gc,stats    ] Pause Final Update Refs (N)         171 us
[27.186s][info][gc,stats    ]   Update Region States               63 us
[27.186s][info][gc,stats    ]   Trash Collection Set                6 us
[27.186s][info][gc,stats    ]   Rebuild Free Set                   19 us
[27.186s][info][gc,stats    ] Concurrent Cleanup                   84 us
[27.186s][info][gc,stats    ] Pacing                           934601 us
[27.186s][info][gc,stats    ] 
[27.186s][info][gc,stats    ] Allocation pacing accrued:
[27.186s][info][gc,stats    ]     146 of   332 ms ( 43.9%): Query0
[27.186s][info][gc,stats    ]     150 of   332 ms ( 45.1%): Query1
[27.186s][info][gc,stats    ]     177 of   332 ms ( 53.1%): Query2
[27.186s][info][gc,stats    ]     151 of   332 ms ( 45.3%): Query3
[27.186s][info][gc,stats    ]     161 of   332 ms ( 48.3%): Query4
[27.186s][info][gc,stats    ]     151 of   332 ms ( 45.4%): Query5
[27.186s][info][gc,stats    ]     935 of   332 ms (281.2%): <total>
[27.186s][info][gc,stats    ]      52 of   332 ms ( 15.6%): <average total>
[27.186s][info][gc,stats    ]     156 of   332 ms ( 46.9%): <average non-zero>
[27.186s][info][gc,stats    ] 
[27.186s][info][gc,metaspace] Metaspace: 8796K(9472K)->8796K(9472K) NonClass: 7946K(8320K)->7946K(8320K) Class: 850K(1152K)->850K(1152K)
[27.186s][info][gc,ergo     ] Pacer for Idle. Initial: 41943K, Alloc Tax Rate: 1.0x
[27.315s][info][gc          ] Trigger: Learning 3 of 5. Free (1423M) is below initial threshold (1433M)
[27.315s][info][gc,ergo     ] Free: 1423M, Max: 1024K regular, 1419M humongous, Frag: 0% external, 0% internal; Reserve: 103M, Max: 1024K
[27.315s][info][gc,start    ] GC(57) Concurrent reset
[27.315s][info][gc,task     ] GC(57) Using 1 of 3 workers for concurrent reset
[27.315s][info][gc,ergo     ] GC(57) Pacer for Reset. Non-Taxable: 2048M
[27.315s][info][gc          ] GC(57) Concurrent reset 0.538ms
[27.315s][info][gc,start    ] GC(57) Pause Init Mark (unload classes)
[27.315s][info][gc,task     ] GC(57) Using 3 of 3 workers for init marking
[27.316s][info][gc,ergo     ] GC(57) Pacer for Mark. Expected Live: 8338K, Free: 1422M, Non-Taxable: 142M, Alloc Tax Rate: 0.0x
[27.316s][info][gc          ] GC(57) Pause Init Mark (unload classes) 0.108ms
[27.316s][info][gc,start    ] GC(57) Concurrent marking roots
[27.316s][info][gc,task     ] GC(57) Using 1 of 3 workers for concurrent marking roots
[27.316s][info][gc          ] GC(57) Concurrent marking roots 0.463ms
[27.316s][info][gc,start    ] GC(57) Concurrent marking (unload classes)
[27.316s][info][gc,task     ] GC(57) Using 1 of 3 workers for concurrent marking
[27.325s][info][gc          ] GC(57) Concurrent marking (unload classes) 9.060ms
[27.326s][info][gc,start    ] GC(57) Pause Final Mark (unload classes)
[27.326s][info][gc,task     ] GC(57) Using 3 of 3 workers for final marking
[27.326s][info][gc,ergo     ] GC(57) Adaptive CSet Selection. Target Free: 290M, Actual Free: 1939M, Max CSet: 87381K, Min Garbage: 0B
[27.326s][info][gc,ergo     ] GC(57) Collectable Garbage: 511M (99%), Immediate: 456M (89%), CSet: 55578K (10%)
[27.326s][info][gc,ergo     ] GC(57) Pacer for Evacuation. Used CSet: 56320K, Free: 1841M, Non-Taxable: 184M, Alloc Tax Rate: 1.1x
[27.326s][info][gc          ] GC(57) Pause Final Mark (unload classes) 0.201ms
[27.326s][info][gc,start    ] GC(57) Concurrent thread roots
[27.326s][info][gc,task     ] GC(57) Using 1 of 3 workers for Concurrent thread roots
[27.326s][info][gc          ] GC(57) Concurrent thread roots 0.437ms
[27.326s][info][gc,start    ] GC(57) Concurrent weak references
[27.326s][info][gc,task     ] GC(57) Using 1 of 3 workers for concurrent weak references
[27.326s][info][gc,ref      ] GC(57) Encountered references: Soft: 137, Weak: 689, Final: 3, Phantom: 112
[27.326s][info][gc,ref      ] GC(57) Discovered  references: Soft: 0, Weak: 230, Final: 1, Phantom: 91
[27.326s][info][gc,ref      ] GC(57) Enqueued    references: Soft: 0, Weak: 92, Final: 0, Phantom: 0
[27.326s][info][gc          ] GC(57) Concurrent weak references 0.104ms
[27.326s][info][gc,start    ] GC(57) Concurrent weak roots
[27.327s][info][gc,task     ] GC(57) Using 1 of 3 workers for concurrent weak root
[27.328s][info][gc          ] GC(57) Concurrent weak roots 1.407ms
[27.328s][info][gc,start    ] GC(57) Concurrent cleanup
[27.328s][info][gc          ] GC(57) Concurrent cleanup 566M->109M(2048M) 0.050ms
[27.328s][info][gc,ergo     ] GC(57) Free: 1834M, Max: 1024K regular, 1373M humongous, Frag: 25% external, 0% internal; Reserve: 102M, Max: 1024K
[27.328s][info][gc,start    ] GC(57) Concurrent class unloading
[27.328s][info][gc,task     ] GC(57) Using 1 of 3 workers for concurrent class unloading
[27.333s][info][gc          ] GC(57) Concurrent class unloading 5.169ms
[27.333s][info][gc,start    ] GC(57) Concurrent strong roots
[27.333s][info][gc,task     ] GC(57) Using 1 of 3 workers for concurrent strong root
[27.333s][info][gc          ] GC(57) Concurrent strong roots 0.091ms
[27.333s][info][gc,start    ] GC(57) Concurrent evacuation
[27.333s][info][gc,task     ] GC(57) Using 1 of 3 workers for concurrent evacuation
[27.334s][info][gc          ] GC(57) Concurrent evacuation 0.496ms
[27.334s][info][gc,start    ] GC(57) Pause Init Update Refs
[27.334s][info][gc,ergo     ] GC(57) Pacer for Update Refs. Used: 125M, Free: 1819M, Non-Taxable: 181M, Alloc Tax Rate: 1.1x
[27.334s][info][gc          ] GC(57) Pause Init Update Refs 0.048ms
[27.342s][info][gc,start    ] GC(57) Concurrent update references
[27.342s][info][gc,task     ] GC(57) Using 1 of 3 workers for concurrent reference update
[27.353s][info][gc          ] GC(57) Concurrent update references 10.871ms
[27.353s][info][gc,start    ] GC(57) Concurrent update thread roots
[27.354s][info][gc          ] GC(57) Concurrent update thread roots 0.971ms
[27.354s][info][gc,start    ] GC(57) Pause Final Update Refs
[27.354s][info][gc,task     ] GC(57) Using 3 of 3 workers for final reference update
[27.354s][info][gc          ] GC(57) Pause Final Update Refs 0.098ms
[27.355s][info][gc,start    ] GC(57) Concurrent cleanup
[27.355s][info][gc          ] GC(57) Concurrent cleanup 181M->128M(2048M) 0.048ms
[27.355s][info][gc,ergo     ] Free: 1814M, Max: 1024K regular, 1372M humongous, Frag: 25% external, 0% internal; Reserve: 103M, Max: 1024K
[27.355s][info][gc,stats    ] 
[27.355s][info][gc,stats    ] All times are wall-clock times, except per-root-class counters, that are sum over
[27.355s][info][gc,stats    ] all workers. Dividing the <total> over the root stage time estimates parallelism.
[27.355s][info][gc,stats    ] 
[27.355s][info][gc,stats    ] Concurrent Reset                    579 us
[27.355s][info][gc,stats    ] Pause Init Mark (G)                 570 us
[27.355s][info][gc,stats    ] Pause Init Mark (N)                 118 us
[27.355s][info][gc,stats    ]   Update Region States               37 us
[27.355s][info][gc,stats    ] Concurrent Mark Roots               483 us, parallelism: 0.80x
[27.355s][info][gc,stats    ]   CMR: <total>                      388 us
[27.355s][info][gc,stats    ]   CMR: Thread Roots                 330 us, workers (us): 330, ---, ---, 
[27.355s][info][gc,stats    ]   CMR: VM Strong Roots                5 us, workers (us):   5, ---, ---, 
[27.355s][info][gc,stats    ]   CMR: CLDG Roots                    53 us, workers (us):  53, ---, ---, 
[27.355s][info][gc,stats    ] Concurrent Marking                 9106 us
[27.355s][info][gc,stats    ] Pause Final Mark (G)                392 us
[27.355s][info][gc,stats    ] Pause Final Mark (N)                210 us
[27.355s][info][gc,stats    ]   Finish Mark                        50 us
[27.355s][info][gc,stats    ]   Update Region States               34 us
[27.355s][info][gc,stats    ]   Choose Collection Set              52 us
[27.355s][info][gc,stats    ]   Rebuild Free Set                    8 us
[27.355s][info][gc,stats    ] Concurrent Thread Roots             461 us, parallelism: 0.84x
[27.355s][info][gc,stats    ]   CTR: <total>                      385 us
[27.355s][info][gc,stats    ]   CTR: Thread Roots                 385 us, workers (us): 385, ---, ---, 
[27.355s][info][gc,stats    ] Concurrent Weak References          113 us, parallelism: 0.39x
[27.355s][info][gc,stats    ]   CWRF: <total>                      44 us
[27.355s][info][gc,stats    ]   CWRF: Weak References              44 us, workers (us):  44, ---, ---, 
[27.355s][info][gc,stats    ] Concurrent Weak Roots              1442 us
[27.355s][info][gc,stats    ]   Roots                            1317 us, parallelism: 0.96x
[27.355s][info][gc,stats    ]     CWR: <total>                   1270 us
[27.355s][info][gc,stats    ]     CWR: Code Cache Roots          1155 us, workers (us): 1155, ---, ---, 
[27.355s][info][gc,stats    ]     CWR: VM Weak Roots              106 us, workers (us): 106, ---, ---, 
[27.355s][info][gc,stats    ]     CWR: CLDG Roots                   8 us, workers (us):   8, ---, ---, 
[27.355s][info][gc,stats    ]   Rendezvous                         71 us
[27.355s][info][gc,stats    ] Concurrent Cleanup                   59 us
[27.355s][info][gc,stats    ] Concurrent Class Unloading         5214 us
[27.355s][info][gc,stats    ]   Unlink Stale                     4845 us
[27.355s][info][gc,stats    ]     System Dictionary                13 us
[27.355s][info][gc,stats    ]     Weak Class Links                  0 us
[27.355s][info][gc,stats    ]     Code Roots                     4830 us
[27.355s][info][gc,stats    ]   Rendezvous                         74 us
[27.355s][info][gc,stats    ]   Purge Unlinked                    228 us
[27.355s][info][gc,stats    ]     Code Roots                      223 us
[27.355s][info][gc,stats    ]     CLDG                              4 us
[27.355s][info][gc,stats    ]     Exception Caches                  0 us
[27.355s][info][gc,stats    ] Concurrent Strong Roots             105 us, parallelism: 0.37x
[27.355s][info][gc,stats    ]   CSR: <total>                       39 us
[27.355s][info][gc,stats    ]   CSR: VM Strong Roots                3 us, workers (us):   3, ---, ---, 
[27.355s][info][gc,stats    ]   CSR: CLDG Roots                    35 us, workers (us):  35, ---, ---, 
[27.355s][info][gc,stats    ] Concurrent Evacuation               530 us
[27.355s][info][gc,stats    ] Pause Init Update Refs (G)         8014 us
[27.355s][info][gc,stats    ] Pause Init Update Refs (N)           56 us
[27.355s][info][gc,stats    ]   Manage GCLABs                       4 us
[27.355s][info][gc,stats    ] Concurrent Update Refs            10931 us
[27.355s][info][gc,stats    ] Concurrent Update Thread Roots     1001 us
[27.355s][info][gc,stats    ] Pause Final Update Refs (G)         673 us
[27.355s][info][gc,stats    ] Pause Final Update Refs (N)         113 us
[27.355s][info][gc,stats    ]   Update Region States               38 us
[27.355s][info][gc,stats    ]   Trash Collection Set                3 us
[27.355s][info][gc,stats    ]   Rebuild Free Set                    9 us
[27.355s][info][gc,stats    ] Concurrent Cleanup                   60 us
[27.355s][info][gc,stats    ] 
[27.355s][info][gc,stats    ] Allocation pacing accrued:
[27.355s][info][gc,stats    ]       0 of   169 ms (  0.0%): <total>
[27.355s][info][gc,stats    ]       0 of   169 ms (  0.0%): <average total>
[27.355s][info][gc,stats    ] 
[27.355s][info][gc,metaspace] Metaspace: 8796K(9472K)->8796K(9472K) NonClass: 7946K(8320K)->7946K(8320K) Class: 850K(1152K)->850K(1152K)
[27.355s][info][gc,ergo     ] Pacer for Idle. Initial: 41943K, Alloc Tax Rate: 1.0x
[27.472s][info][gc          ] Trigger: Learning 4 of 5. Free (1376M) is below initial threshold (1433M)
[27.472s][info][gc,ergo     ] Free: 1376M, Max: 1024K regular, 1372M humongous, Frag: 0% external, 0% internal; Reserve: 103M, Max: 1024K
[27.472s][info][gc,start    ] GC(58) Concurrent reset
[27.473s][info][gc,task     ] GC(58) Using 1 of 3 workers for concurrent reset
[27.473s][info][gc,ergo     ] GC(58) Pacer for Reset. Non-Taxable: 2048M
[27.473s][info][gc          ] GC(58) Concurrent reset 0.329ms
[27.473s][info][gc,start    ] GC(58) Pause Init Mark (unload classes)
[27.473s][info][gc,task     ] GC(58) Using 3 of 3 workers for init marking
[27.473s][info][gc,ergo     ] GC(58) Pacer for Mark. Expected Live: 8315K, Free: 1376M, Non-Taxable: 137M, Alloc Tax Rate: 0.0x
[27.473s][info][gc          ] GC(58) Pause Init Mark (unload classes) 0.113ms
[27.473s][info][gc,start    ] GC(58) Concurrent marking roots
[27.473s][info][gc,task     ] GC(58) Using 1 of 3 workers for concurrent marking roots
[27.474s][info][gc          ] GC(58) Concurrent marking roots 0.412ms
[27.474s][info][gc,start    ] GC(58) Concurrent marking (unload classes)
[27.474s][info][gc,task     ] GC(58) Using 1 of 3 workers for concurrent marking
[27.478s][info][gc          ] GC(58) Concurrent marking (unload classes) 4.741ms
[27.478s][info][gc,start    ] GC(58) Pause Final Mark (unload classes)
[27.478s][info][gc,task     ] GC(58) Using 3 of 3 workers for final marking
[27.479s][info][gc,ergo     ] GC(58) Adaptive CSet Selection. Target Free: 290M, Actual Free: 1947M, Max CSet: 87381K, Min Garbage: 0B
[27.479s][info][gc,ergo     ] GC(58) Collectable Garbage: 556M (99%), Immediate: 493M (88%), CSet: 64654K (11%)
[27.479s][info][gc,ergo     ] GC(58) Pacer for Evacuation. Used CSet: 65536K, Free: 1848M, Non-Taxable: 184M, Alloc Tax Rate: 1.1x
[27.479s][info][gc          ] GC(58) Pause Final Mark (unload classes) 0.220ms
[27.479s][info][gc,start    ] GC(58) Concurrent thread roots
[27.479s][info][gc,task     ] GC(58) Using 1 of 3 workers for Concurrent thread roots
[27.479s][info][gc          ] GC(58) Concurrent thread roots 0.386ms
[27.479s][info][gc,start    ] GC(58) Concurrent weak references
[27.479s][info][gc,task     ] GC(58) Using 1 of 3 workers for concurrent weak references
[27.479s][info][gc,ref      ] GC(58) Encountered references: Soft: 137, Weak: 702, Final: 3, Phantom: 124
[27.479s][info][gc,ref      ] GC(58) Discovered  references: Soft: 0, Weak: 235, Final: 1, Phantom: 108
[27.479s][info][gc,ref      ] GC(58) Enqueued    references: Soft: 0, Weak: 92, Final: 0, Phantom: 0
[27.479s][info][gc          ] GC(58) Concurrent weak references 0.134ms
[27.479s][info][gc,start    ] GC(58) Concurrent weak roots
[27.479s][info][gc,task     ] GC(58) Using 1 of 3 workers for concurrent weak root
[27.481s][info][gc          ] GC(58) Concurrent weak roots 1.604ms
[27.481s][info][gc,start    ] GC(58) Concurrent cleanup
[27.481s][info][gc          ] GC(58) Concurrent cleanup 598M->105M(2048M) 0.063ms
[27.481s][info][gc,ergo     ] GC(58) Free: 1838M, Max: 1024K regular, 1341M humongous, Frag: 27% external, 0% internal; Reserve: 102M, Max: 1024K
[27.481s][info][gc,start    ] GC(58) Concurrent class unloading
[27.481s][info][gc,task     ] GC(58) Using 1 of 3 workers for concurrent class unloading
[27.486s][info][gc          ] GC(58) Concurrent class unloading 5.333ms
[27.486s][info][gc,start    ] GC(58) Concurrent strong roots
[27.486s][info][gc,task     ] GC(58) Using 1 of 3 workers for concurrent strong root
[27.487s][info][gc          ] GC(58) Concurrent strong roots 0.089ms
[27.487s][info][gc,start    ] GC(58) Concurrent evacuation
[27.487s][info][gc,task     ] GC(58) Using 1 of 3 workers for concurrent evacuation
[27.487s][info][gc          ] GC(58) Concurrent evacuation 0.503ms
[27.487s][info][gc,start    ] GC(58) Pause Init Update Refs
[27.487s][info][gc,ergo     ] GC(58) Pacer for Update Refs. Used: 116M, Free: 1827M, Non-Taxable: 182M, Alloc Tax Rate: 1.1x
[27.487s][info][gc          ] GC(58) Pause Init Update Refs 0.048ms
[27.501s][info][gc,start    ] GC(58) Concurrent update references
[27.501s][info][gc,task     ] GC(58) Using 1 of 3 workers for concurrent reference update
[27.508s][info][gc          ] GC(58) Concurrent update references 6.637ms
[27.508s][info][gc,start    ] GC(58) Concurrent update thread roots
[27.508s][info][gc          ] GC(58) Concurrent update thread roots 0.453ms
[27.508s][info][gc,start    ] GC(58) Pause Final Update Refs
[27.508s][info][gc,task     ] GC(58) Using 3 of 3 workers for final reference update
[27.508s][info][gc          ] GC(58) Pause Final Update Refs 0.097ms
[27.509s][info][gc,start    ] GC(58) Concurrent cleanup
[27.509s][info][gc          ] GC(58) Concurrent cleanup 181M->118M(2048M) 0.037ms
[27.509s][info][gc,ergo     ] Free: 1824M, Max: 1024K regular, 1340M humongous, Frag: 27% external, 0% internal; Reserve: 103M, Max: 1024K
[27.509s][info][gc,stats    ] 
[27.509s][info][gc,stats    ] All times are wall-clock times, except per-root-class counters, that are sum over
[27.509s][info][gc,stats    ] all workers. Dividing the <total> over the root stage time estimates parallelism.
[27.509s][info][gc,stats    ] 
[27.509s][info][gc,stats    ] Concurrent Reset                    365 us
[27.509s][info][gc,stats    ] Pause Init Mark (G)                 316 us
[27.509s][info][gc,stats    ] Pause Init Mark (N)                 122 us
[27.509s][info][gc,stats    ]   Update Region States               43 us
[27.509s][info][gc,stats    ] Concurrent Mark Roots               427 us, parallelism: 0.81x
[27.509s][info][gc,stats    ]   CMR: <total>                      346 us
[27.509s][info][gc,stats    ]   CMR: Thread Roots                 295 us, workers (us): 295, ---, ---, 
[27.509s][info][gc,stats    ]   CMR: VM Strong Roots                6 us, workers (us):   6, ---, ---, 
[27.509s][info][gc,stats    ]   CMR: CLDG Roots                    45 us, workers (us):  45, ---, ---, 
[27.509s][info][gc,stats    ] Concurrent Marking                 4797 us
[27.509s][info][gc,stats    ] Pause Final Mark (G)                345 us
[27.509s][info][gc,stats    ] Pause Final Mark (N)                229 us
[27.509s][info][gc,stats    ]   Finish Mark                        54 us
[27.509s][info][gc,stats    ]   Update Region States               35 us
[27.509s][info][gc,stats    ]   Choose Collection Set              60 us
[27.509s][info][gc,stats    ]   Rebuild Free Set                    8 us
[27.509s][info][gc,stats    ] Concurrent Thread Roots             408 us, parallelism: 0.82x
[27.509s][info][gc,stats    ]   CTR: <total>                      336 us
[27.509s][info][gc,stats    ]   CTR: Thread Roots                 336 us, workers (us): 336, ---, ---, 
[27.509s][info][gc,stats    ] Concurrent Weak References          142 us, parallelism: 0.29x
[27.509s][info][gc,stats    ]   CWRF: <total>                      41 us
[27.509s][info][gc,stats    ]   CWRF: Weak References              41 us, workers (us):  41, ---, ---, 
[27.509s][info][gc,stats    ] Concurrent Weak Roots              1650 us
[27.509s][info][gc,stats    ]   Roots                            1267 us, parallelism: 0.97x
[27.509s][info][gc,stats    ]     CWR: <total>                   1232 us
[27.509s][info][gc,stats    ]     CWR: Code Cache Roots          1130 us, workers (us): 1130, ---, ---, 
[27.509s][info][gc,stats    ]     CWR: VM Weak Roots               95 us, workers (us):  95, ---, ---, 
[27.509s][info][gc,stats    ]     CWR: CLDG Roots                   7 us, workers (us):   7, ---, ---, 
[27.509s][info][gc,stats    ]   Rendezvous                        317 us
[27.509s][info][gc,stats    ] Concurrent Cleanup                   73 us
[27.509s][info][gc,stats    ] Concurrent Class Unloading         5368 us
[27.509s][info][gc,stats    ]   Unlink Stale                     4850 us
[27.509s][info][gc,stats    ]     System Dictionary                11 us
[27.509s][info][gc,stats    ]     Weak Class Links                  0 us
[27.509s][info][gc,stats    ]     Code Roots                     4837 us
[27.509s][info][gc,stats    ]   Rendezvous                        183 us
[27.509s][info][gc,stats    ]   Purge Unlinked                    279 us
[27.509s][info][gc,stats    ]     Code Roots                      273 us
[27.509s][info][gc,stats    ]     CLDG                              5 us
[27.509s][info][gc,stats    ]     Exception Caches                  0 us
[27.509s][info][gc,stats    ] Concurrent Strong Roots              99 us, parallelism: 0.52x
[27.509s][info][gc,stats    ]   CSR: <total>                       52 us
[27.509s][info][gc,stats    ]   CSR: VM Strong Roots                3 us, workers (us):   3, ---, ---, 
[27.509s][info][gc,stats    ]   CSR: CLDG Roots                    49 us, workers (us):  49, ---, ---, 
[27.509s][info][gc,stats    ] Concurrent Evacuation               531 us
[27.509s][info][gc,stats    ] Pause Init Update Refs (G)        13951 us
[27.509s][info][gc,stats    ] Pause Init Update Refs (N)           56 us
[27.509s][info][gc,stats    ]   Manage GCLABs                       4 us
[27.509s][info][gc,stats    ] Concurrent Update Refs             6676 us
[27.509s][info][gc,stats    ] Concurrent Update Thread Roots      483 us
[27.509s][info][gc,stats    ] Pause Final Update Refs (G)         337 us
[27.509s][info][gc,stats    ] Pause Final Update Refs (N)         108 us
[27.509s][info][gc,stats    ]   Update Region States               37 us
[27.509s][info][gc,stats    ]   Trash Collection Set                5 us
[27.509s][info][gc,stats    ]   Rebuild Free Set                   16 us
[27.509s][info][gc,stats    ] Concurrent Cleanup                   48 us
[27.509s][info][gc,stats    ] 
[27.509s][info][gc,stats    ] Allocation pacing accrued:
[27.509s][info][gc,stats    ]       0 of   154 ms (  0.0%): <total>
[27.509s][info][gc,stats    ]       0 of   154 ms (  0.0%): <average total>
[27.509s][info][gc,stats    ] 
[27.509s][info][gc,metaspace] Metaspace: 8796K(9472K)->8796K(9472K) NonClass: 7946K(8320K)->7946K(8320K) Class: 850K(1152K)->850K(1152K)
[27.509s][info][gc,ergo     ] Pacer for Idle. Initial: 41943K, Alloc Tax Rate: 1.0x
[27.615s][info][gc          ] Trigger: Learning 5 of 5. Free (1419M) is below initial threshold (1433M)
[27.615s][info][gc,ergo     ] Free: 1419M, Max: 1024K regular, 1340M humongous, Frag: 6% external, 0% internal; Reserve: 103M, Max: 1024K
[27.615s][info][gc,start    ] GC(59) Concurrent reset
[27.615s][info][gc,task     ] GC(59) Using 1 of 3 workers for concurrent reset
[27.615s][info][gc,ergo     ] GC(59) Pacer for Reset. Non-Taxable: 2048M
[27.615s][info][gc          ] GC(59) Concurrent reset 0.472ms
[27.615s][info][gc,start    ] GC(59) Pause Init Mark (unload classes)
[27.615s][info][gc,task     ] GC(59) Using 3 of 3 workers for init marking
[27.615s][info][gc,ergo     ] GC(59) Pacer for Mark. Expected Live: 8321K, Free: 1419M, Non-Taxable: 141M, Alloc Tax Rate: 0.0x
[27.615s][info][gc          ] GC(59) Pause Init Mark (unload classes) 0.126ms
[27.616s][info][gc,start    ] GC(59) Concurrent marking roots
[27.616s][info][gc,task     ] GC(59) Using 1 of 3 workers for concurrent marking roots
[27.616s][info][gc          ] GC(59) Concurrent marking roots 0.365ms
[27.616s][info][gc,start    ] GC(59) Concurrent marking (unload classes)
[27.616s][info][gc,task     ] GC(59) Using 1 of 3 workers for concurrent marking
[27.622s][info][gc          ] GC(59) Concurrent marking (unload classes) 5.404ms
[27.622s][info][gc,start    ] GC(59) Pause Final Mark (unload classes)
[27.622s][info][gc,task     ] GC(59) Using 3 of 3 workers for final marking
[27.622s][info][gc,ergo     ] GC(59) Adaptive CSet Selection. Target Free: 290M, Actual Free: 1955M, Max CSet: 87381K, Min Garbage: 0B
[27.622s][info][gc,ergo     ] GC(59) Collectable Garbage: 513M (99%), Immediate: 456M (88%), CSet: 58507K (11%)
[27.622s][info][gc,ergo     ] GC(59) Pacer for Evacuation. Used CSet: 59348K, Free: 1857M, Non-Taxable: 185M, Alloc Tax Rate: 1.1x
[27.622s][info][gc          ] GC(59) Pause Final Mark (unload classes) 0.197ms
[27.624s][info][gc,start    ] GC(59) Concurrent thread roots
[27.624s][info][gc,task     ] GC(59) Using 1 of 3 workers for Concurrent thread roots
[27.624s][info][gc          ] GC(59) Concurrent thread roots 0.398ms
[27.624s][info][gc,start    ] GC(59) Concurrent weak references
[27.624s][info][gc,task     ] GC(59) Using 1 of 3 workers for concurrent weak references
[27.624s][info][gc,ref      ] GC(59) Encountered references: Soft: 137, Weak: 690, Final: 3, Phantom: 108
[27.624s][info][gc,ref      ] GC(59) Discovered  references: Soft: 0, Weak: 226, Final: 1, Phantom: 81
[27.624s][info][gc,ref      ] GC(59) Enqueued    references: Soft: 0, Weak: 88, Final: 0, Phantom: 0
[27.624s][info][gc          ] GC(59) Concurrent weak references 0.104ms
[27.624s][info][gc,start    ] GC(59) Concurrent weak roots
[27.624s][info][gc,task     ] GC(59) Using 1 of 3 workers for concurrent weak root
[27.626s][info][gc          ] GC(59) Concurrent weak roots 1.630ms
[27.626s][info][gc,start    ] GC(59) Concurrent cleanup
[27.626s][info][gc          ] GC(59) Concurrent cleanup 554M->98M(2048M) 0.058ms
[27.626s][info][gc,ergo     ] GC(59) Free: 1844M, Max: 1024K regular, 1340M humongous, Frag: 28% external, 0% internal; Reserve: 102M, Max: 1024K
[27.626s][info][gc,start    ] GC(59) Concurrent class unloading
[27.626s][info][gc,task     ] GC(59) Using 1 of 3 workers for concurrent class unloading
[27.632s][info][gc          ] GC(59) Concurrent class unloading 6.051ms
[27.632s][info][gc,start    ] GC(59) Concurrent strong roots
[27.632s][info][gc,task     ] GC(59) Using 1 of 3 workers for concurrent strong root
[27.632s][info][gc          ] GC(59) Concurrent strong roots 0.088ms
[27.632s][info][gc,start    ] GC(59) Concurrent evacuation
[27.632s][info][gc,task     ] GC(59) Using 1 of 3 workers for concurrent evacuation
[27.633s][info][gc          ] GC(59) Concurrent evacuation 0.560ms
[27.633s][info][gc,start    ] GC(59) Pause Init Update Refs
[27.633s][info][gc,ergo     ] GC(59) Pacer for Update Refs. Used: 119M, Free: 1824M, Non-Taxable: 182M, Alloc Tax Rate: 1.1x
[27.633s][info][gc          ] GC(59) Pause Init Update Refs 0.053ms
[27.639s][info][gc,start    ] GC(59) Concurrent update references
[27.639s][info][gc,task     ] GC(59) Using 1 of 3 workers for concurrent reference update
[27.645s][info][gc          ] GC(59) Concurrent update references 5.973ms
[27.645s][info][gc,start    ] GC(59) Concurrent update thread roots
[27.645s][info][gc          ] GC(59) Concurrent update thread roots 0.542ms
[27.646s][info][gc,start    ] GC(59) Pause Final Update Refs
[27.646s][info][gc,task     ] GC(59) Using 3 of 3 workers for final reference update
[27.646s][info][gc          ] GC(59) Pause Final Update Refs 0.110ms
[27.646s][info][gc,start    ] GC(59) Concurrent cleanup
[27.646s][info][gc          ] GC(59) Concurrent cleanup 159M->102M(2048M) 0.042ms
[27.646s][info][gc,ergo     ] Free: 1840M, Max: 1024K regular, 1414M humongous, Frag: 23% external, 0% internal; Reserve: 103M, Max: 1024K
[27.646s][info][gc,stats    ] 
[27.646s][info][gc,stats    ] All times are wall-clock times, except per-root-class counters, that are sum over
[27.646s][info][gc,stats    ] all workers. Dividing the <total> over the root stage time estimates parallelism.
[27.646s][info][gc,stats    ] 
[27.646s][info][gc,stats    ] Concurrent Reset                    523 us
[27.646s][info][gc,stats    ] Pause Init Mark (G)                 829 us
[27.646s][info][gc,stats    ] Pause Init Mark (N)                 136 us
[27.646s][info][gc,stats    ]   Update Region States               43 us
[27.646s][info][gc,stats    ] Concurrent Mark Roots               386 us, parallelism: 0.79x
[27.646s][info][gc,stats    ]   CMR: <total>                      304 us
[27.646s][info][gc,stats    ]   CMR: Thread Roots                 257 us, workers (us): 257, ---, ---, 
[27.646s][info][gc,stats    ]   CMR: VM Strong Roots                5 us, workers (us):   5, ---, ---, 
[27.646s][info][gc,stats    ]   CMR: CLDG Roots                    42 us, workers (us):  42, ---, ---, 
[27.646s][info][gc,stats    ] Concurrent Marking                 5435 us
[27.646s][info][gc,stats    ] Pause Final Mark (G)               1947 us
[27.646s][info][gc,stats    ] Pause Final Mark (N)                206 us
[27.646s][info][gc,stats    ]   Finish Mark                        54 us
[27.647s][info][gc,stats    ]   Update Region States               34 us
[27.647s][info][gc,stats    ]   Choose Collection Set              69 us
[27.647s][info][gc,stats    ]   Rebuild Free Set                    8 us
[27.647s][info][gc,stats    ] Concurrent Thread Roots             415 us, parallelism: 0.72x
[27.647s][info][gc,stats    ]   CTR: <total>                      297 us
[27.647s][info][gc,stats    ]   CTR: Thread Roots                 297 us, workers (us): 297, ---, ---, 
[27.647s][info][gc,stats    ] Concurrent Weak References          111 us, parallelism: 0.37x
[27.647s][info][gc,stats    ]   CWRF: <total>                      41 us
[27.647s][info][gc,stats    ]   CWRF: Weak References              41 us, workers (us):  41, ---, ---, 
[27.647s][info][gc,stats    ] Concurrent Weak Roots              1685 us
[27.647s][info][gc,stats    ]   Roots                            1203 us, parallelism: 0.96x
[27.647s][info][gc,stats    ]     CWR: <total>                   1152 us
[27.647s][info][gc,stats    ]     CWR: Code Cache Roots          1047 us, workers (us): 1047, ---, ---, 
[27.647s][info][gc,stats    ]     CWR: VM Weak Roots               97 us, workers (us):  97, ---, ---, 
[27.647s][info][gc,stats    ]     CWR: CLDG Roots                   8 us, workers (us):   8, ---, ---, 
[27.647s][info][gc,stats    ]   Rendezvous                        408 us
[27.647s][info][gc,stats    ] Concurrent Cleanup                   70 us
[27.647s][info][gc,stats    ] Concurrent Class Unloading         6101 us
[27.647s][info][gc,stats    ]   Unlink Stale                     4874 us
[27.647s][info][gc,stats    ]     System Dictionary                13 us
[27.647s][info][gc,stats    ]     Weak Class Links                  0 us
[27.647s][info][gc,stats    ]     Code Roots                     4859 us
[27.647s][info][gc,stats    ]   Rendezvous                        927 us
[27.647s][info][gc,stats    ]   Purge Unlinked                    222 us
[27.647s][info][gc,stats    ]     Code Roots                      217 us
[27.647s][info][gc,stats    ]     CLDG                              5 us
[27.647s][info][gc,stats    ]     Exception Caches                  0 us
[27.647s][info][gc,stats    ] Concurrent Strong Roots             101 us, parallelism: 0.41x
[27.647s][info][gc,stats    ]   CSR: <total>                       41 us
[27.647s][info][gc,stats    ]   CSR: VM Strong Roots                3 us, workers (us):   3, ---, ---, 
[27.647s][info][gc,stats    ]   CSR: CLDG Roots                    38 us, workers (us):  38, ---, ---, 
[27.647s][info][gc,stats    ] Concurrent Evacuation               587 us
[27.647s][info][gc,stats    ] Pause Init Update Refs (G)         6060 us
[27.647s][info][gc,stats    ] Pause Init Update Refs (N)           62 us
[27.647s][info][gc,stats    ]   Manage GCLABs                       4 us
[27.647s][info][gc,stats    ] Concurrent Update Refs             6015 us
[27.647s][info][gc,stats    ] Concurrent Update Thread Roots      570 us
[27.647s][info][gc,stats    ] Pause Final Update Refs (G)         765 us
[27.647s][info][gc,stats    ] Pause Final Update Refs (N)         131 us
[27.647s][info][gc,stats    ]   Update Region States               43 us
[27.647s][info][gc,stats    ]   Trash Collection Set                4 us
[27.647s][info][gc,stats    ]   Rebuild Free Set                   14 us
[27.647s][info][gc,stats    ] Concurrent Cleanup                   57 us
[27.647s][info][gc,stats    ] Pacing                              709 us
[27.647s][info][gc,stats    ] 
[27.647s][info][gc,stats    ] Allocation pacing accrued:
[27.647s][info][gc,stats    ]       0 of   138 ms (  0.2%): Query0
[27.647s][info][gc,stats    ]       0 of   138 ms (  0.3%): Query1
[27.647s][info][gc,stats    ]       0 of   138 ms (  0.0%): Query2
[27.647s][info][gc,stats    ]       1 of   138 ms (  0.5%): <total>
[27.647s][info][gc,stats    ]       0 of   138 ms (  0.0%): <average total>
[27.647s][info][gc,stats    ]       0 of   138 ms (  0.2%): <average non-zero>
[27.647s][info][gc,stats    ] 
[27.647s][info][gc,metaspace] Metaspace: 8796K(9472K)->8796K(9472K) NonClass: 7946K(8320K)->7946K(8320K) Class: 850K(1152K)->850K(1152K)
[27.647s][info][gc,ergo     ] Pacer for Idle. Initial: 41943K, Alloc Tax Rate: 1.0x
[28.086s][info][gc          ] Trigger: Average GC time (42.46 ms) is above the time for average allocation rate (3528 MB/s) to deplete free headroom (142M) (margin of error = 1.86)
[28.086s][info][gc,ergo     ] Free headroom: 244M (free) - 102M (spike) - 0B (penalties) = 142M
[28.086s][info][gc,ergo     ] Free: 244M, Max: 1024K regular, 239M humongous, Frag: 0% external, 1% internal; Reserve: 103M, Max: 1024K
[28.086s][info][gc,start    ] GC(60) Concurrent reset
[28.086s][info][gc,task     ] GC(60) Using 1 of 3 workers for concurrent reset
[28.086s][info][gc,ergo     ] GC(60) Pacer for Reset. Non-Taxable: 2048M
[28.086s][info][gc          ] GC(60) Concurrent reset 0.468ms
[28.086s][info][gc,start    ] GC(60) Pause Init Mark (unload classes)
[28.086s][info][gc,task     ] GC(60) Using 3 of 3 workers for init marking
[28.086s][info][gc,ergo     ] GC(60) Pacer for Mark. Expected Live: 8311K, Free: 242M, Non-Taxable: 24847K, Alloc Tax Rate: 0.0x
[28.086s][info][gc          ] GC(60) Pause Init Mark (unload classes) 0.103ms
[28.088s][info][gc,start    ] GC(60) Concurrent marking roots
[28.088s][info][gc,task     ] GC(60) Using 1 of 3 workers for concurrent marking roots
[28.089s][info][gc          ] GC(60) Concurrent marking roots 0.426ms
[28.089s][info][gc,start    ] GC(60) Concurrent marking (unload classes)
[28.089s][info][gc,task     ] GC(60) Using 1 of 3 workers for concurrent marking
[28.096s][info][gc          ] GC(60) Concurrent marking (unload classes) 7.540ms
[28.096s][info][gc,start    ] GC(60) Pause Final Mark (unload classes)
[28.096s][info][gc,task     ] GC(60) Using 3 of 3 workers for final marking
[28.097s][info][gc,ergo     ] GC(60) Adaptive CSet Selection. Target Free: 290M, Actual Free: 1834M, Max CSet: 87381K, Min Garbage: 0B
[28.097s][info][gc,ergo     ] GC(60) Collectable Garbage: 1690M (99%), Immediate: 1529M (90%), CSet: 161M (9%)
[28.097s][info][gc,ergo     ] GC(60) Pacer for Evacuation. Used CSet: 162M, Free: 1736M, Non-Taxable: 173M, Alloc Tax Rate: 1.1x
[28.097s][info][gc          ] GC(60) Pause Final Mark (unload classes) 0.228ms
[28.097s][info][gc,start    ] GC(60) Concurrent thread roots
[28.097s][info][gc,task     ] GC(60) Using 1 of 3 workers for Concurrent thread roots
[28.097s][info][gc          ] GC(60) Concurrent thread roots 0.535ms
[28.097s][info][gc,start    ] GC(60) Concurrent weak references
[28.097s][info][gc,task     ] GC(60) Using 1 of 3 workers for concurrent weak references
[28.097s][info][gc,ref      ] GC(60) Encountered references: Soft: 137, Weak: 901, Final: 3, Phantom: 113
[28.097s][info][gc,ref      ] GC(60) Discovered  references: Soft: 0, Weak: 433, Final: 1, Phantom: 88
[28.097s][info][gc,ref      ] GC(60) Enqueued    references: Soft: 0, Weak: 294, Final: 0, Phantom: 0
[28.097s][info][gc          ] GC(60) Concurrent weak references 0.172ms
[28.097s][info][gc,start    ] GC(60) Concurrent weak roots
[28.097s][info][gc,task     ] GC(60) Using 1 of 3 workers for concurrent weak root
[28.100s][info][gc          ] GC(60) Concurrent weak roots 3.003ms
[28.100s][info][gc,start    ] GC(60) Concurrent cleanup
[28.101s][info][gc          ] GC(60) Concurrent cleanup 1747M->219M(2048M) 0.105ms
[28.101s][info][gc,ergo     ] GC(60) Free: 1723M, Max: 1024K regular, 190M humongous, Frag: 89% external, 0% internal; Reserve: 102M, Max: 1024K
[28.101s][info][gc,start    ] GC(60) Concurrent class unloading
[28.101s][info][gc,task     ] GC(60) Using 1 of 3 workers for concurrent class unloading
[28.107s][info][gc          ] GC(60) Concurrent class unloading 6.028ms
[28.107s][info][gc,start    ] GC(60) Concurrent strong roots
[28.107s][info][gc,task     ] GC(60) Using 1 of 3 workers for concurrent strong root
[28.107s][info][gc          ] GC(60) Concurrent strong roots 0.082ms
[28.107s][info][gc,start    ] GC(60) Concurrent evacuation
[28.107s][info][gc,task     ] GC(60) Using 1 of 3 workers for concurrent evacuation
[28.108s][info][gc          ] GC(60) Concurrent evacuation 1.059ms
[28.108s][info][gc,start    ] GC(60) Pause Init Update Refs
[28.108s][info][gc,ergo     ] GC(60) Pacer for Update Refs. Used: 241M, Free: 1702M, Non-Taxable: 170M, Alloc Tax Rate: 1.1x
[28.108s][info][gc          ] GC(60) Pause Init Update Refs 0.052ms
[28.111s][info][gc,start    ] GC(60) Concurrent update references
[28.111s][info][gc,task     ] GC(60) Using 1 of 3 workers for concurrent reference update
[28.120s][info][gc          ] GC(60) Concurrent update references 9.791ms
[28.120s][info][gc,start    ] GC(60) Concurrent update thread roots
[28.121s][info][gc          ] GC(60) Concurrent update thread roots 0.482ms
[28.121s][info][gc,start    ] GC(60) Pause Final Update Refs
[28.121s][info][gc,task     ] GC(60) Using 3 of 3 workers for final reference update
[28.121s][info][gc          ] GC(60) Pause Final Update Refs 0.084ms
[28.121s][info][gc,start    ] GC(60) Concurrent cleanup
[28.121s][info][gc          ] GC(60) Concurrent cleanup 275M->113M(2048M) 0.054ms
[28.121s][info][gc,ergo     ] Free: 1829M, Max: 1024K regular, 1629M humongous, Frag: 11% external, 0% internal; Reserve: 103M, Max: 1024K
[28.121s][info][gc,stats    ] 
[28.121s][info][gc,stats    ] All times are wall-clock times, except per-root-class counters, that are sum over
[28.121s][info][gc,stats    ] all workers. Dividing the <total> over the root stage time estimates parallelism.
[28.121s][info][gc,stats    ] 
[28.121s][info][gc,stats    ] Concurrent Reset                    518 us
[28.121s][info][gc,stats    ] Pause Init Mark (G)                1988 us
[28.121s][info][gc,stats    ] Pause Init Mark (N)                 112 us
[28.121s][info][gc,stats    ]   Update Region States               32 us
[28.121s][info][gc,stats    ] Concurrent Mark Roots               443 us, parallelism: 0.78x
[28.121s][info][gc,stats    ]   CMR: <total>                      346 us
[28.121s][info][gc,stats    ]   CMR: Thread Roots                 299 us, workers (us): 299, ---, ---, 
[28.121s][info][gc,stats    ]   CMR: VM Strong Roots                5 us, workers (us):   5, ---, ---, 
[28.121s][info][gc,stats    ]   CMR: CLDG Roots                    41 us, workers (us):  41, ---, ---, 
[28.121s][info][gc,stats    ] Concurrent Marking                 7597 us
[28.121s][info][gc,stats    ] Pause Final Mark (G)                346 us
[28.121s][info][gc,stats    ] Pause Final Mark (N)                237 us
[28.121s][info][gc,stats    ]   Finish Mark                        56 us
[28.121s][info][gc,stats    ]   Update Region States               37 us
[28.121s][info][gc,stats    ]   Choose Collection Set              71 us
[28.121s][info][gc,stats    ]   Rebuild Free Set                    8 us
[28.121s][info][gc,stats    ] Concurrent Thread Roots             562 us, parallelism: 0.83x
[28.121s][info][gc,stats    ]   CTR: <total>                      464 us
[28.121s][info][gc,stats    ]   CTR: Thread Roots                 464 us, workers (us): 464, ---, ---, 
[28.122s][info][gc,stats    ] Concurrent Weak References          181 us, parallelism: 0.60x
[28.122s][info][gc,stats    ]   CWRF: <total>                     109 us
[28.122s][info][gc,stats    ]   CWRF: Weak References             109 us, workers (us): 109, ---, ---, 
[28.122s][info][gc,stats    ] Concurrent Weak Roots              3048 us
[28.122s][info][gc,stats    ]   Roots                            1316 us, parallelism: 0.97x
[28.122s][info][gc,stats    ]     CWR: <total>                   1283 us
[28.122s][info][gc,stats    ]     CWR: Code Cache Roots          1173 us, workers (us): 1173, ---, ---, 
[28.122s][info][gc,stats    ]     CWR: VM Weak Roots              101 us, workers (us): 101, ---, ---, 
[28.122s][info][gc,stats    ]     CWR: CLDG Roots                   8 us, workers (us):   8, ---, ---, 
[28.122s][info][gc,stats    ]   Rendezvous                       1668 us
[28.122s][info][gc,stats    ] Concurrent Cleanup                  116 us
[28.122s][info][gc,stats    ] Concurrent Class Unloading         6065 us
[28.122s][info][gc,stats    ]   Unlink Stale                     4874 us
[28.122s][info][gc,stats    ]     System Dictionary                 9 us
[28.122s][info][gc,stats    ]     Weak Class Links                  0 us
[28.122s][info][gc,stats    ]     Code Roots                     4863 us
[28.122s][info][gc,stats    ]   Rendezvous                        844 us
[28.122s][info][gc,stats    ]   Purge Unlinked                    289 us
[28.122s][info][gc,stats    ]     Code Roots                      281 us
[28.122s][info][gc,stats    ]     CLDG                              7 us
[28.122s][info][gc,stats    ]     Exception Caches                  0 us
[28.122s][info][gc,stats    ] Concurrent Strong Roots              93 us, parallelism: 0.45x
[28.122s][info][gc,stats    ]   CSR: <total>                       42 us
[28.122s][info][gc,stats    ]   CSR: VM Strong Roots                3 us, workers (us):   3, ---, ---, 
[28.122s][info][gc,stats    ]   CSR: CLDG Roots                    38 us, workers (us):  38, ---, ---, 
[28.122s][info][gc,stats    ] Concurrent Evacuation              1100 us
[28.122s][info][gc,stats    ] Pause Init Update Refs (G)         2709 us
[28.122s][info][gc,stats    ] Pause Init Update Refs (N)           61 us
[28.122s][info][gc,stats    ]   Manage GCLABs                       3 us
[28.122s][info][gc,stats    ] Concurrent Update Refs             9831 us
[28.122s][info][gc,stats    ] Concurrent Update Thread Roots      511 us
[28.122s][info][gc,stats    ] Pause Final Update Refs (G)         351 us
[28.122s][info][gc,stats    ] Pause Final Update Refs (N)         113 us
[28.122s][info][gc,stats    ]   Update Region States               47 us
[28.122s][info][gc,stats    ]   Trash Collection Set                4 us
[28.122s][info][gc,stats    ]   Rebuild Free Set                    9 us
[28.122s][info][gc,stats    ] Concurrent Cleanup                   66 us
[28.122s][info][gc,stats    ] Pacing                            18429 us
[28.122s][info][gc,stats    ] 
[28.122s][info][gc,stats    ] Allocation pacing accrued:
[28.122s][info][gc,stats    ]       3 of   475 ms (  0.6%): Query0
[28.122s][info][gc,stats    ]       3 of   475 ms (  0.6%): Query1
[28.122s][info][gc,stats    ]       3 of   475 ms (  0.6%): Query2
[28.122s][info][gc,stats    ]       3 of   475 ms (  0.7%): Query3
[28.122s][info][gc,stats    ]       3 of   475 ms (  0.6%): Query4
[28.122s][info][gc,stats    ]       4 of   475 ms (  0.7%): Query5
[28.122s][info][gc,stats    ]      18 of   475 ms (  3.9%): <total>
[28.122s][info][gc,stats    ]       1 of   475 ms (  0.2%): <average total>
[28.122s][info][gc,stats    ]       3 of   475 ms (  0.6%): <average non-zero>
[28.122s][info][gc,stats    ] 
[28.122s][info][gc,metaspace] Metaspace: 8796K(9472K)->8796K(9472K) NonClass: 7946K(8320K)->7946K(8320K) Class: 850K(1152K)->850K(1152K)
[28.122s][info][gc,ergo     ] Pacer for Idle. Initial: 41943K, Alloc Tax Rate: 1.0x
[28.570s][info][gc          ] Trigger: Average GC time (41.32 ms) is above the time for average allocation rate (3520 MB/s) to deplete free headroom (142M) (margin of error = 1.86)
[28.570s][info][gc,ergo     ] Free headroom: 245M (free) - 102M (spike) - 0B (penalties) = 142M
[28.570s][info][gc,ergo     ] Free: 244M, Max: 1024K regular, 189M humongous, Frag: 21% external, 1% internal; Reserve: 103M, Max: 1024K
[28.570s][info][gc,start    ] GC(61) Concurrent reset
[28.570s][info][gc,task     ] GC(61) Using 1 of 3 workers for concurrent reset
[28.570s][info][gc,ergo     ] GC(61) Pacer for Reset. Non-Taxable: 2048M
[28.571s][info][gc          ] GC(61) Concurrent reset 1.017ms
[28.571s][info][gc,start    ] GC(61) Pause Init Mark (unload classes)
[28.571s][info][gc,task     ] GC(61) Using 3 of 3 workers for init marking
[28.571s][info][gc,ergo     ] GC(61) Pacer for Mark. Expected Live: 8436K, Free: 242M, Non-Taxable: 24792K, Alloc Tax Rate: 0.0x
[28.571s][info][gc          ] GC(61) Pause Init Mark (unload classes) 0.156ms
[28.575s][info][gc,start    ] GC(61) Concurrent marking roots
[28.575s][info][gc,task     ] GC(61) Using 1 of 3 workers for concurrent marking roots
[28.576s][info][gc          ] GC(61) Concurrent marking roots 0.432ms
[28.576s][info][gc,start    ] GC(61) Concurrent marking (unload classes)
[28.576s][info][gc,task     ] GC(61) Using 1 of 3 workers for concurrent marking
[28.581s][info][gc          ] GC(61) Concurrent marking (unload classes) 5.032ms
[28.581s][info][gc,start    ] GC(61) Pause Final Mark (unload classes)
[28.581s][info][gc,task     ] GC(61) Using 3 of 3 workers for final marking
[28.581s][info][gc,ergo     ] GC(61) Adaptive CSet Selection. Target Free: 290M, Actual Free: 1833M, Max CSet: 87381K, Min Garbage: 0B
[28.581s][info][gc,ergo     ] GC(61) Collectable Garbage: 1690M (99%), Immediate: 1527M (90%), CSet: 163M (9%)
[28.581s][info][gc,ergo     ] GC(61) Pacer for Evacuation. Used CSet: 164M, Free: 1735M, Non-Taxable: 173M, Alloc Tax Rate: 1.1x
[28.581s][info][gc          ] GC(61) Pause Final Mark (unload classes) 0.214ms
[28.581s][info][gc,start    ] GC(61) Concurrent thread roots
[28.581s][info][gc,task     ] GC(61) Using 1 of 3 workers for Concurrent thread roots
[28.581s][info][gc          ] GC(61) Concurrent thread roots 0.409ms
[28.581s][info][gc,start    ] GC(61) Concurrent weak references
[28.581s][info][gc,task     ] GC(61) Using 1 of 3 workers for concurrent weak references
[28.581s][info][gc,ref      ] GC(61) Encountered references: Soft: 137, Weak: 907, Final: 3, Phantom: 124
[28.581s][info][gc,ref      ] GC(61) Discovered  references: Soft: 0, Weak: 438, Final: 1, Phantom: 108
[28.581s][info][gc,ref      ] GC(61) Enqueued    references: Soft: 0, Weak: 297, Final: 0, Phantom: 0
[28.581s][info][gc          ] GC(61) Concurrent weak references 0.154ms
[28.581s][info][gc,start    ] GC(61) Concurrent weak roots
[28.582s][info][gc,task     ] GC(61) Using 1 of 3 workers for concurrent weak root
[28.583s][info][gc          ] GC(61) Concurrent weak roots 1.322ms
[28.583s][info][gc,start    ] GC(61) Concurrent cleanup
[28.583s][info][gc          ] GC(61) Concurrent cleanup 1739M->212M(2048M) 0.102ms
[28.583s][info][gc,ergo     ] GC(61) Free: 1730M, Max: 1024K regular, 195M humongous, Frag: 89% external, 0% internal; Reserve: 102M, Max: 1024K
[28.583s][info][gc,start    ] GC(61) Concurrent class unloading
[28.583s][info][gc,task     ] GC(61) Using 1 of 3 workers for concurrent class unloading
[28.590s][info][gc          ] GC(61) Concurrent class unloading 6.794ms
[28.590s][info][gc,start    ] GC(61) Concurrent strong roots
[28.590s][info][gc,task     ] GC(61) Using 1 of 3 workers for concurrent strong root
[28.590s][info][gc          ] GC(61) Concurrent strong roots 0.102ms
[28.590s][info][gc,start    ] GC(61) Concurrent evacuation
[28.590s][info][gc,task     ] GC(61) Using 1 of 3 workers for concurrent evacuation
[28.591s][info][gc          ] GC(61) Concurrent evacuation 1.128ms
[28.591s][info][gc,start    ] GC(61) Pause Init Update Refs
[28.591s][info][gc,ergo     ] GC(61) Pacer for Update Refs. Used: 237M, Free: 1706M, Non-Taxable: 170M, Alloc Tax Rate: 1.1x
[28.591s][info][gc          ] GC(61) Pause Init Update Refs 0.044ms
[28.595s][info][gc,start    ] GC(61) Concurrent update references
[28.595s][info][gc,task     ] GC(61) Using 1 of 3 workers for concurrent reference update
[28.605s][info][gc          ] GC(61) Concurrent update references 9.612ms
[28.605s][info][gc,start    ] GC(61) Concurrent update thread roots
[28.605s][info][gc          ] GC(61) Concurrent update thread roots 0.521ms
[28.605s][info][gc,start    ] GC(61) Pause Final Update Refs
[28.605s][info][gc,task     ] GC(61) Using 3 of 3 workers for final reference update
[28.605s][info][gc          ] GC(61) Pause Final Update Refs 0.107ms
[28.607s][info][gc,start    ] GC(61) Concurrent cleanup
[28.607s][info][gc          ] GC(61) Concurrent cleanup 275M->117M(2048M) 0.087ms
[28.607s][info][gc,ergo     ] Free: 1825M, Max: 1024K regular, 1574M humongous, Frag: 14% external, 0% internal; Reserve: 103M, Max: 1024K
[28.607s][info][gc,stats    ] 
[28.607s][info][gc,stats    ] All times are wall-clock times, except per-root-class counters, that are sum over
[28.607s][info][gc,stats    ] all workers. Dividing the <total> over the root stage time estimates parallelism.
[28.607s][info][gc,stats    ] 
[28.607s][info][gc,stats    ] Concurrent Reset                   1074 us
[28.607s][info][gc,stats    ] Pause Init Mark (G)                4061 us
[28.607s][info][gc,stats    ] Pause Init Mark (N)                 165 us
[28.607s][info][gc,stats    ]   Update Region States               77 us
[28.607s][info][gc,stats    ] Concurrent Mark Roots               454 us, parallelism: 0.78x
[28.607s][info][gc,stats    ]   CMR: <total>                      356 us
[28.607s][info][gc,stats    ]   CMR: Thread Roots                 306 us, workers (us): 306, ---, ---, 
[28.607s][info][gc,stats    ]   CMR: VM Strong Roots                7 us, workers (us):   7, ---, ---, 
[28.607s][info][gc,stats    ]   CMR: CLDG Roots                    42 us, workers (us):  42, ---, ---, 
[28.607s][info][gc,stats    ] Concurrent Marking                 5083 us
[28.607s][info][gc,stats    ] Pause Final Mark (G)                294 us
[28.607s][info][gc,stats    ] Pause Final Mark (N)                227 us
[28.607s][info][gc,stats    ]   Finish Mark                        47 us
[28.607s][info][gc,stats    ]   Update Region States               37 us
[28.607s][info][gc,stats    ]   Choose Collection Set              78 us
[28.607s][info][gc,stats    ]   Rebuild Free Set                    8 us
[28.607s][info][gc,stats    ] Concurrent Thread Roots             424 us, parallelism: 0.79x
[28.607s][info][gc,stats    ]   CTR: <total>                      335 us
[28.608s][info][gc,stats    ]   CTR: Thread Roots                 335 us, workers (us): 335, ---, ---, 
[28.608s][info][gc,stats    ] Concurrent Weak References          162 us, parallelism: 0.56x
[28.608s][info][gc,stats    ]   CWRF: <total>                      90 us
[28.608s][info][gc,stats    ]   CWRF: Weak References              90 us, workers (us):  90, ---, ---, 
[28.608s][info][gc,stats    ] Concurrent Weak Roots              1362 us
[28.608s][info][gc,stats    ]   Roots                            1242 us, parallelism: 0.97x
[28.608s][info][gc,stats    ]     CWR: <total>                   1202 us
[28.608s][info][gc,stats    ]     CWR: Code Cache Roots          1097 us, workers (us): 1097, ---, ---, 
[28.608s][info][gc,stats    ]     CWR: VM Weak Roots               98 us, workers (us):  98, ---, ---, 
[28.608s][info][gc,stats    ]     CWR: CLDG Roots                   7 us, workers (us):   7, ---, ---, 
[28.608s][info][gc,stats    ]   Rendezvous                         63 us
[28.608s][info][gc,stats    ] Concurrent Cleanup                  111 us
[28.608s][info][gc,stats    ] Concurrent Class Unloading         6852 us
[28.608s][info][gc,stats    ]   Unlink Stale                     4693 us
[28.608s][info][gc,stats    ]     System Dictionary                 8 us
[28.608s][info][gc,stats    ]     Weak Class Links                  0 us
[28.608s][info][gc,stats    ]     Code Roots                     4683 us
[28.608s][info][gc,stats    ]   Rendezvous                       1765 us
[28.608s][info][gc,stats    ]   Purge Unlinked                    315 us
[28.608s][info][gc,stats    ]     Code Roots                      310 us
[28.608s][info][gc,stats    ]     CLDG                              5 us
[28.608s][info][gc,stats    ]     Exception Caches                  0 us
[28.608s][info][gc,stats    ] Concurrent Strong Roots             116 us, parallelism: 0.42x
[28.608s][info][gc,stats    ]   CSR: <total>                       49 us
[28.608s][info][gc,stats    ]   CSR: VM Strong Roots                5 us, workers (us):   5, ---, ---, 
[28.608s][info][gc,stats    ]   CSR: CLDG Roots                    44 us, workers (us):  44, ---, ---, 
[28.608s][info][gc,stats    ] Concurrent Evacuation              1179 us
[28.608s][info][gc,stats    ] Pause Init Update Refs (G)         3933 us
[28.608s][info][gc,stats    ] Pause Init Update Refs (N)           53 us
[28.608s][info][gc,stats    ]   Manage GCLABs                       3 us
[28.608s][info][gc,stats    ] Concurrent Update Refs             9669 us
[28.608s][info][gc,stats    ] Concurrent Update Thread Roots      551 us
[28.608s][info][gc,stats    ] Pause Final Update Refs (G)        1902 us
[28.608s][info][gc,stats    ] Pause Final Update Refs (N)         128 us
[28.608s][info][gc,stats    ]   Update Region States               47 us
[28.608s][info][gc,stats    ]   Trash Collection Set                7 us
[28.608s][info][gc,stats    ]   Rebuild Free Set                   13 us
[28.608s][info][gc,stats    ] Concurrent Cleanup                   98 us
[28.608s][info][gc,stats    ] Pacing                            16463 us
[28.608s][info][gc,stats    ] 
[28.608s][info][gc,stats    ] Allocation pacing accrued:
[28.608s][info][gc,stats    ]       9 of   486 ms (  1.8%): Query1
[28.608s][info][gc,stats    ]       8 of   486 ms (  1.6%): Query4
[28.608s][info][gc,stats    ]      16 of   486 ms (  3.4%): <total>
[28.608s][info][gc,stats    ]       1 of   486 ms (  0.2%): <average total>
[28.608s][info][gc,stats    ]       8 of   486 ms (  1.7%): <average non-zero>
[28.608s][info][gc,stats    ] 
[28.608s][info][gc,metaspace] Metaspace: 8796K(9472K)->8796K(9472K) NonClass: 7946K(8320K)->7946K(8320K) Class: 850K(1152K)->850K(1152K)
[28.608s][info][gc,ergo     ] Pacer for Idle. Initial: 41943K, Alloc Tax Rate: 1.0x
[29.094s][info][gc          ] Trigger: Average GC time (41.55 ms) is above the time for average allocation rate (3155 MB/s) to deplete free headroom (129M) (margin of error = 1.87)
[29.094s][info][gc,ergo     ] Free headroom: 232M (free) - 102M (spike) - 0B (penalties) = 129M
[29.094s][info][gc,ergo     ] Free: 231M, Max: 1024K regular, 225M humongous, Frag: 0% external, 1% internal; Reserve: 103M, Max: 1024K
[29.094s][info][gc,start    ] GC(62) Concurrent reset
[29.094s][info][gc,task     ] GC(62) Using 1 of 3 workers for concurrent reset
[29.094s][info][gc,ergo     ] GC(62) Pacer for Reset. Non-Taxable: 2048M
[29.095s][info][gc          ] GC(62) Concurrent reset 0.990ms
[29.095s][info][gc,start    ] GC(62) Pause Init Mark (unload classes)
[29.095s][info][gc,task     ] GC(62) Using 3 of 3 workers for init marking
[29.095s][info][gc,ergo     ] GC(62) Pacer for Mark. Expected Live: 8437K, Free: 228M, Non-Taxable: 23387K, Alloc Tax Rate: 0.0x
[29.095s][info][gc          ] GC(62) Pause Init Mark (unload classes) 0.105ms
[29.097s][info][gc,start    ] GC(62) Concurrent marking roots
[29.097s][info][gc,task     ] GC(62) Using 1 of 3 workers for concurrent marking roots
[29.098s][info][gc          ] GC(62) Concurrent marking roots 0.586ms
[29.098s][info][gc,start    ] GC(62) Concurrent marking (unload classes)
[29.098s][info][gc,task     ] GC(62) Using 1 of 3 workers for concurrent marking
[29.103s][info][gc          ] GC(62) Concurrent marking (unload classes) 5.358ms
[29.103s][info][gc,start    ] GC(62) Pause Final Mark (unload classes)
[29.103s][info][gc,task     ] GC(62) Using 3 of 3 workers for final marking
[29.103s][info][gc,ergo     ] GC(62) Adaptive CSet Selection. Target Free: 290M, Actual Free: 1843M, Max CSet: 87381K, Min Garbage: 0B
[29.103s][info][gc,ergo     ] GC(62) Collectable Garbage: 1704M (99%), Immediate: 1543M (90%), CSet: 161M (9%)
[29.103s][info][gc,ergo     ] GC(62) Pacer for Evacuation. Used CSet: 162M, Free: 1746M, Non-Taxable: 174M, Alloc Tax Rate: 1.1x
[29.103s][info][gc          ] GC(62) Pause Final Mark (unload classes) 0.216ms
[29.104s][info][gc,start    ] GC(62) Concurrent thread roots
[29.104s][info][gc,task     ] GC(62) Using 1 of 3 workers for Concurrent thread roots
[29.104s][info][gc          ] GC(62) Concurrent thread roots 0.431ms
[29.104s][info][gc,start    ] GC(62) Concurrent weak references
[29.104s][info][gc,task     ] GC(62) Using 1 of 3 workers for concurrent weak references
[29.104s][info][gc,ref      ] GC(62) Encountered references: Soft: 137, Weak: 898, Final: 3, Phantom: 112
[29.104s][info][gc,ref      ] GC(62) Discovered  references: Soft: 0, Weak: 435, Final: 1, Phantom: 86
[29.104s][info][gc,ref      ] GC(62) Enqueued    references: Soft: 0, Weak: 296, Final: 0, Phantom: 0
[29.104s][info][gc          ] GC(62) Concurrent weak references 0.181ms
[29.104s][info][gc,start    ] GC(62) Concurrent weak roots
[29.104s][info][gc,task     ] GC(62) Using 1 of 3 workers for concurrent weak root
[29.109s][info][gc          ] GC(62) Concurrent weak roots 4.978ms
[29.109s][info][gc,start    ] GC(62) Concurrent cleanup
[29.109s][info][gc          ] GC(62) Concurrent cleanup 1759M->216M(2048M) 0.106ms
[29.109s][info][gc,ergo     ] GC(62) Free: 1727M, Max: 1024K regular, 178M humongous, Frag: 90% external, 0% internal; Reserve: 102M, Max: 1024K
[29.109s][info][gc,start    ] GC(62) Concurrent class unloading
[29.109s][info][gc,task     ] GC(62) Using 1 of 3 workers for concurrent class unloading
[29.116s][info][gc          ] GC(62) Concurrent class unloading 6.179ms
[29.116s][info][gc,start    ] GC(62) Concurrent strong roots
[29.116s][info][gc,task     ] GC(62) Using 1 of 3 workers for concurrent strong root
[29.116s][info][gc          ] GC(62) Concurrent strong roots 0.095ms
[29.116s][info][gc,start    ] GC(62) Concurrent evacuation
[29.116s][info][gc,task     ] GC(62) Using 1 of 3 workers for concurrent evacuation
[29.117s][info][gc          ] GC(62) Concurrent evacuation 1.070ms
[29.117s][info][gc,start    ] GC(62) Pause Init Update Refs
[29.117s][info][gc,ergo     ] GC(62) Pacer for Update Refs. Used: 240M, Free: 1703M, Non-Taxable: 170M, Alloc Tax Rate: 1.1x
[29.117s][info][gc          ] GC(62) Pause Init Update Refs 0.047ms
[29.118s][info][gc,start    ] GC(62) Concurrent update references
[29.118s][info][gc,task     ] GC(62) Using 1 of 3 workers for concurrent reference update
[29.125s][info][gc          ] GC(62) Concurrent update references 7.729ms
[29.125s][info][gc,start    ] GC(62) Concurrent update thread roots
[29.126s][info][gc          ] GC(62) Concurrent update thread roots 0.434ms
[29.126s][info][gc,start    ] GC(62) Pause Final Update Refs
[29.126s][info][gc,task     ] GC(62) Using 3 of 3 workers for final reference update
[29.126s][info][gc          ] GC(62) Pause Final Update Refs 0.090ms
[29.126s][info][gc,start    ] GC(62) Concurrent cleanup
[29.126s][info][gc          ] GC(62) Concurrent cleanup 263M->102M(2048M) 0.035ms
[29.126s][info][gc,ergo     ] Free: 1840M, Max: 1024K regular, 1652M humongous, Frag: 10% external, 0% internal; Reserve: 103M, Max: 1024K
[29.126s][info][gc,stats    ] 
[29.126s][info][gc,stats    ] All times are wall-clock times, except per-root-class counters, that are sum over
[29.126s][info][gc,stats    ] all workers. Dividing the <total> over the root stage time estimates parallelism.
[29.126s][info][gc,stats    ] 
[29.126s][info][gc,stats    ] Concurrent Reset                   1044 us
[29.126s][info][gc,stats    ] Pause Init Mark (G)                2180 us
[29.126s][info][gc,stats    ] Pause Init Mark (N)                 114 us
[29.126s][info][gc,stats    ]   Update Region States               39 us
[29.126s][info][gc,stats    ] Concurrent Mark Roots               610 us, parallelism: 0.57x
[29.126s][info][gc,stats    ]   CMR: <total>                      351 us
[29.126s][info][gc,stats    ]   CMR: Thread Roots                 304 us, workers (us): 304, ---, ---, 
[29.126s][info][gc,stats    ]   CMR: VM Strong Roots                5 us, workers (us):   5, ---, ---, 
[29.126s][info][gc,stats    ]   CMR: CLDG Roots                    41 us, workers (us):  41, ---, ---, 
[29.126s][info][gc,stats    ] Concurrent Marking                 5390 us
[29.126s][info][gc,stats    ] Pause Final Mark (G)                394 us
[29.126s][info][gc,stats    ] Pause Final Mark (N)                225 us
[29.126s][info][gc,stats    ]   Finish Mark                        48 us
[29.126s][info][gc,stats    ]   Update Region States               35 us
[29.126s][info][gc,stats    ]   Choose Collection Set              69 us
[29.126s][info][gc,stats    ]   Rebuild Free Set                    8 us
[29.127s][info][gc,stats    ] Concurrent Thread Roots             456 us, parallelism: 0.81x
[29.127s][info][gc,stats    ]   CTR: <total>                      371 us
[29.127s][info][gc,stats    ]   CTR: Thread Roots                 371 us, workers (us): 371, ---, ---, 
[29.127s][info][gc,stats    ] Concurrent Weak References          189 us, parallelism: 0.56x
[29.127s][info][gc,stats    ]   CWRF: <total>                     105 us
[29.127s][info][gc,stats    ]   CWRF: Weak References             105 us, workers (us): 105, ---, ---, 
[29.127s][info][gc,stats    ] Concurrent Weak Roots              5031 us
[29.127s][info][gc,stats    ]   Roots                            1287 us, parallelism: 0.96x
[29.127s][info][gc,stats    ]     CWR: <total>                   1239 us
[29.127s][info][gc,stats    ]     CWR: Code Cache Roots          1128 us, workers (us): 1128, ---, ---, 
[29.127s][info][gc,stats    ]     CWR: VM Weak Roots              103 us, workers (us): 103, ---, ---, 
[29.127s][info][gc,stats    ]     CWR: CLDG Roots                   8 us, workers (us):   8, ---, ---, 
[29.127s][info][gc,stats    ]   Rendezvous                       3669 us
[29.127s][info][gc,stats    ] Concurrent Cleanup                  116 us
[29.127s][info][gc,stats    ] Concurrent Class Unloading         6218 us
[29.127s][info][gc,stats    ]   Unlink Stale                     4873 us
[29.127s][info][gc,stats    ]     System Dictionary                13 us
[29.127s][info][gc,stats    ]     Weak Class Links                  0 us
[29.127s][info][gc,stats    ]     Code Roots                     4858 us
[29.127s][info][gc,stats    ]   Rendezvous                        990 us
[29.127s][info][gc,stats    ]   Purge Unlinked                    294 us
[29.127s][info][gc,stats    ]     Code Roots                      288 us
[29.127s][info][gc,stats    ]     CLDG                              6 us
[29.127s][info][gc,stats    ]     Exception Caches                  0 us
[29.127s][info][gc,stats    ] Concurrent Strong Roots             104 us, parallelism: 0.46x
[29.127s][info][gc,stats    ]   CSR: <total>                       48 us
[29.127s][info][gc,stats    ]   CSR: VM Strong Roots                4 us, workers (us):   4, ---, ---, 
[29.127s][info][gc,stats    ]   CSR: CLDG Roots                    44 us, workers (us):  44, ---, ---, 
[29.127s][info][gc,stats    ] Concurrent Evacuation              1120 us
[29.127s][info][gc,stats    ] Pause Init Update Refs (G)          942 us
[29.127s][info][gc,stats    ] Pause Init Update Refs (N)           56 us
[29.127s][info][gc,stats    ]   Manage GCLABs                       3 us
[29.127s][info][gc,stats    ] Concurrent Update Refs             7764 us
[29.127s][info][gc,stats    ] Concurrent Update Thread Roots      466 us
[29.127s][info][gc,stats    ] Pause Final Update Refs (G)         316 us
[29.127s][info][gc,stats    ] Pause Final Update Refs (N)         123 us
[29.127s][info][gc,stats    ]   Update Region States               41 us
[29.127s][info][gc,stats    ]   Trash Collection Set               10 us
[29.127s][info][gc,stats    ]   Rebuild Free Set                   15 us
[29.127s][info][gc,stats    ] Concurrent Cleanup                   45 us
[29.127s][info][gc,stats    ] 
[29.127s][info][gc,stats    ] Allocation pacing accrued:
[29.127s][info][gc,stats    ]       0 of   519 ms (  0.0%): <total>
[29.127s][info][gc,stats    ]       0 of   519 ms (  0.0%): <average total>
[29.127s][info][gc,stats    ] 
[29.127s][info][gc,metaspace] Metaspace: 8796K(9472K)->8796K(9472K) NonClass: 7946K(8320K)->7946K(8320K) Class: 850K(1152K)->850K(1152K)
[29.127s][info][gc,ergo     ] Pacer for Idle. Initial: 41943K, Alloc Tax Rate: 1.0x
[29.567s][info][gc          ] Trigger: Free (195M) is below minimum threshold (204M)
[29.567s][info][gc,ergo     ] Free: 195M, Max: 1024K regular, 178M humongous, Frag: 6% external, 1% internal; Reserve: 103M, Max: 1024K
[29.567s][info][gc,start    ] GC(63) Concurrent reset
[29.567s][info][gc,task     ] GC(63) Using 1 of 3 workers for concurrent reset
[29.567s][info][gc,ergo     ] GC(63) Pacer for Reset. Non-Taxable: 2048M
[29.568s][info][gc          ] GC(63) Concurrent reset 0.960ms
[29.568s][info][gc,start    ] GC(63) Pause Init Mark (unload classes)
[29.568s][info][gc,task     ] GC(63) Using 3 of 3 workers for init marking
[29.568s][info][gc,ergo     ] GC(63) Pacer for Mark. Expected Live: 8458K, Free: 192M, Non-Taxable: 19707K, Alloc Tax Rate: 0.1x
[29.568s][info][gc          ] GC(63) Pause Init Mark (unload classes) 0.133ms
[29.568s][info][gc,start    ] GC(63) Concurrent marking roots
[29.569s][info][gc,task     ] GC(63) Using 1 of 3 workers for concurrent marking roots
[29.569s][info][gc          ] GC(63) Concurrent marking roots 0.472ms
[29.569s][info][gc,start    ] GC(63) Concurrent marking (unload classes)
[29.569s][info][gc,task     ] GC(63) Using 1 of 3 workers for concurrent marking
[29.582s][info][gc          ] GC(63) Concurrent marking (unload classes) 13.033ms
[29.582s][info][gc,start    ] GC(63) Pause Final Mark (unload classes)
[29.582s][info][gc,task     ] GC(63) Using 3 of 3 workers for final marking
[29.582s][info][gc,ergo     ] GC(63) Adaptive CSet Selection. Target Free: 290M, Actual Free: 1812M, Max CSet: 87381K, Min Garbage: 0B
[29.582s][info][gc,ergo     ] GC(63) Collectable Garbage: 1740M (99%), Immediate: 1576M (90%), CSet: 164M (9%)
[29.582s][info][gc,ergo     ] GC(63) Pacer for Evacuation. Used CSet: 164M, Free: 1715M, Non-Taxable: 171M, Alloc Tax Rate: 1.1x
[29.583s][info][gc          ] GC(63) Pause Final Mark (unload classes) 0.261ms
[29.583s][info][gc,start    ] GC(63) Concurrent thread roots
[29.583s][info][gc,task     ] GC(63) Using 1 of 3 workers for Concurrent thread roots
[29.583s][info][gc          ] GC(63) Concurrent thread roots 0.379ms
[29.583s][info][gc,start    ] GC(63) Concurrent weak references
[29.583s][info][gc,task     ] GC(63) Using 1 of 3 workers for concurrent weak references
[29.583s][info][gc,ref      ] GC(63) Encountered references: Soft: 137, Weak: 908, Final: 3, Phantom: 116
[29.583s][info][gc,ref      ] GC(63) Discovered  references: Soft: 0, Weak: 445, Final: 1, Phantom: 97
[29.583s][info][gc,ref      ] GC(63) Enqueued    references: Soft: 0, Weak: 307, Final: 0, Phantom: 0
[29.583s][info][gc          ] GC(63) Concurrent weak references 0.160ms
[29.583s][info][gc,start    ] GC(63) Concurrent weak roots
[29.583s][info][gc,task     ] GC(63) Using 1 of 3 workers for concurrent weak root
[29.585s][info][gc          ] GC(63) Concurrent weak roots 1.500ms
[29.585s][info][gc,start    ] GC(63) Concurrent cleanup
[29.585s][info][gc          ] GC(63) Concurrent cleanup 1811M->237M(2048M) 0.109ms
[29.585s][info][gc,ergo     ] GC(63) Free: 1706M, Max: 1024K regular, 126M humongous, Frag: 93% external, 0% internal; Reserve: 102M, Max: 1024K
[29.585s][info][gc,start    ] GC(63) Concurrent class unloading
[29.585s][info][gc,task     ] GC(63) Using 1 of 3 workers for concurrent class unloading
[29.591s][info][gc          ] GC(63) Concurrent class unloading 5.740ms
[29.591s][info][gc,start    ] GC(63) Concurrent strong roots
[29.591s][info][gc,task     ] GC(63) Using 1 of 3 workers for concurrent strong root
[29.591s][info][gc          ] GC(63) Concurrent strong roots 0.093ms
[29.591s][info][gc,start    ] GC(63) Concurrent evacuation
[29.591s][info][gc,task     ] GC(63) Using 1 of 3 workers for concurrent evacuation
[29.592s][info][gc          ] GC(63) Concurrent evacuation 1.040ms
[29.592s][info][gc,start    ] GC(63) Pause Init Update Refs
[29.592s][info][gc,ergo     ] GC(63) Pacer for Update Refs. Used: 254M, Free: 1689M, Non-Taxable: 168M, Alloc Tax Rate: 1.1x
[29.592s][info][gc          ] GC(63) Pause Init Update Refs 0.042ms
[29.592s][info][gc,start    ] GC(63) Concurrent update references
[29.592s][info][gc,task     ] GC(63) Using 1 of 3 workers for concurrent reference update
[29.607s][info][gc          ] GC(63) Concurrent update references 14.371ms
[29.607s][info][gc,start    ] GC(63) Concurrent update thread roots
[29.607s][info][gc          ] GC(63) Concurrent update thread roots 0.392ms
[29.607s][info][gc,start    ] GC(63) Pause Final Update Refs
[29.607s][info][gc,task     ] GC(63) Using 3 of 3 workers for final reference update
[29.607s][info][gc          ] GC(63) Pause Final Update Refs 0.102ms
[29.609s][info][gc,start    ] GC(63) Concurrent cleanup
[29.609s][info][gc          ] GC(63) Concurrent cleanup 298M->137M(2048M) 0.096ms
[29.609s][info][gc,ergo     ] Free: 1805M, Max: 1024K regular, 1627M humongous, Frag: 10% external, 0% internal; Reserve: 103M, Max: 1024K
[29.609s][info][gc,stats    ] 
[29.609s][info][gc,stats    ] All times are wall-clock times, except per-root-class counters, that are sum over
[29.609s][info][gc,stats    ] all workers. Dividing the <total> over the root stage time estimates parallelism.
[29.609s][info][gc,stats    ] 
[29.609s][info][gc,stats    ] Concurrent Reset                   1010 us
[29.609s][info][gc,stats    ] Pause Init Mark (G)                 376 us
[29.609s][info][gc,stats    ] Pause Init Mark (N)                 143 us
[29.609s][info][gc,stats    ]   Update Region States               51 us
[29.609s][info][gc,stats    ] Concurrent Mark Roots               487 us, parallelism: 0.83x
[29.609s][info][gc,stats    ]   CMR: <total>                      405 us
[29.609s][info][gc,stats    ]   CMR: Thread Roots                 355 us, workers (us): 355, ---, ---, 
[29.609s][info][gc,stats    ]   CMR: VM Strong Roots                6 us, workers (us):   6, ---, ---, 
[29.609s][info][gc,stats    ]   CMR: CLDG Roots                    44 us, workers (us):  44, ---, ---, 
[29.609s][info][gc,stats    ] Concurrent Marking                13164 us
[29.609s][info][gc,stats    ] Pause Final Mark (G)                457 us
[29.609s][info][gc,stats    ] Pause Final Mark (N)                270 us
[29.609s][info][gc,stats    ]   Finish Mark                        72 us
[29.609s][info][gc,stats    ]   Update Region States               48 us
[29.609s][info][gc,stats    ]   Choose Collection Set              67 us
[29.609s][info][gc,stats    ]   Rebuild Free Set                    8 us
[29.609s][info][gc,stats    ] Concurrent Thread Roots             395 us, parallelism: 0.80x
[29.609s][info][gc,stats    ]   CTR: <total>                      318 us
[29.609s][info][gc,stats    ]   CTR: Thread Roots                 318 us, workers (us): 318, ---, ---, 
[29.609s][info][gc,stats    ] Concurrent Weak References          168 us, parallelism: 0.57x
[29.609s][info][gc,stats    ]   CWRF: <total>                      96 us
[29.609s][info][gc,stats    ]   CWRF: Weak References              96 us, workers (us):  96, ---, ---, 
[29.609s][info][gc,stats    ] Concurrent Weak Roots              1541 us
[29.609s][info][gc,stats    ]   Roots                            1331 us, parallelism: 0.97x
[29.609s][info][gc,stats    ]     CWR: <total>                   1292 us
[29.609s][info][gc,stats    ]     CWR: Code Cache Roots          1186 us, workers (us): 1186, ---, ---, 
[29.609s][info][gc,stats    ]     CWR: VM Weak Roots               98 us, workers (us):  98, ---, ---, 
[29.609s][info][gc,stats    ]     CWR: CLDG Roots                   9 us, workers (us):   9, ---, ---, 
[29.609s][info][gc,stats    ]   Rendezvous                        151 us
[29.609s][info][gc,stats    ] Concurrent Cleanup                  119 us
[29.609s][info][gc,stats    ] Concurrent Class Unloading         5780 us
[29.609s][info][gc,stats    ]   Unlink Stale                     4952 us
[29.609s][info][gc,stats    ]     System Dictionary                11 us
[29.609s][info][gc,stats    ]     Weak Class Links                  0 us
[29.609s][info][gc,stats    ]     Code Roots                     4940 us
[29.609s][info][gc,stats    ]   Rendezvous                        530 us
[29.609s][info][gc,stats    ]   Purge Unlinked                    236 us
[29.609s][info][gc,stats    ]     Code Roots                      230 us
[29.609s][info][gc,stats    ]     CLDG                              6 us
[29.609s][info][gc,stats    ]     Exception Caches                  0 us
[29.609s][info][gc,stats    ] Concurrent Strong Roots             105 us, parallelism: 0.45x
[29.609s][info][gc,stats    ]   CSR: <total>                       47 us
[29.609s][info][gc,stats    ]   CSR: VM Strong Roots                4 us, workers (us):   4, ---, ---, 
[29.609s][info][gc,stats    ]   CSR: CLDG Roots                    43 us, workers (us):  43, ---, ---, 
[29.609s][info][gc,stats    ] Concurrent Evacuation              1093 us
[29.609s][info][gc,stats    ] Pause Init Update Refs (G)          338 us
[29.609s][info][gc,stats    ] Pause Init Update Refs (N)           51 us
[29.609s][info][gc,stats    ]   Manage GCLABs                       3 us
[29.609s][info][gc,stats    ] Concurrent Update Refs            14427 us
[29.609s][info][gc,stats    ] Concurrent Update Thread Roots      419 us
[29.609s][info][gc,stats    ] Pause Final Update Refs (G)        1859 us
[29.609s][info][gc,stats    ] Pause Final Update Refs (N)         121 us
[29.609s][info][gc,stats    ]   Update Region States               46 us
[29.609s][info][gc,stats    ]   Trash Collection Set                4 us
[29.609s][info][gc,stats    ]   Rebuild Free Set                    9 us
[29.609s][info][gc,stats    ] Concurrent Cleanup                  108 us
[29.609s][info][gc,stats    ] Pacing                            15721 us
[29.609s][info][gc,stats    ] 
[29.609s][info][gc,stats    ] Allocation pacing accrued:
[29.609s][info][gc,stats    ]       3 of   483 ms (  0.5%): Query0
[29.610s][info][gc,stats    ]       2 of   483 ms (  0.4%): Query1
[29.610s][info][gc,stats    ]       2 of   483 ms (  0.5%): Query2
[29.610s][info][gc,stats    ]       4 of   483 ms (  0.8%): Query3
[29.610s][info][gc,stats    ]       2 of   483 ms (  0.5%): Query4
[29.610s][info][gc,stats    ]       3 of   483 ms (  0.5%): Query5
[29.610s][info][gc,stats    ]      16 of   483 ms (  3.3%): <total>
[29.610s][info][gc,stats    ]       1 of   483 ms (  0.2%): <average total>
[29.610s][info][gc,stats    ]       3 of   483 ms (  0.5%): <average non-zero>
[29.610s][info][gc,stats    ] 
[29.610s][info][gc,metaspace] Metaspace: 8796K(9472K)->8796K(9472K) NonClass: 7946K(8320K)->7946K(8320K) Class: 850K(1152K)->850K(1152K)
[29.610s][info][gc,ergo     ] Pacer for Idle. Initial: 41943K, Alloc Tax Rate: 1.0x
[30.043s][info][gc          ] Trigger: Average GC time (46.12 ms) is above the time for average allocation rate (3613 MB/s) to deplete free headroom (122M) (margin of error = 1.87)
[30.043s][info][gc,ergo     ] Free headroom: 225M (free) - 102M (spike) - 0B (penalties) = 122M
[30.043s][info][gc,ergo     ] Free: 225M, Max: 1024K regular, 126M humongous, Frag: 43% external, 1% internal; Reserve: 103M, Max: 1024K
[30.043s][info][gc,start    ] GC(64) Concurrent reset
[30.043s][info][gc,task     ] GC(64) Using 1 of 3 workers for concurrent reset
[30.043s][info][gc,ergo     ] GC(64) Pacer for Reset. Non-Taxable: 2048M
[30.044s][info][gc          ] GC(64) Concurrent reset 0.926ms
[30.044s][info][gc,start    ] GC(64) Pause Init Mark (unload classes)
[30.044s][info][gc,task     ] GC(64) Using 3 of 3 workers for init marking
[30.044s][info][gc,ergo     ] GC(64) Pacer for Mark. Expected Live: 8442K, Free: 221M, Non-Taxable: 22670K, Alloc Tax Rate: 0.0x
[30.044s][info][gc          ] GC(64) Pause Init Mark (unload classes) 0.159ms
[30.044s][info][gc,start    ] GC(64) Concurrent marking roots
[30.044s][info][gc,task     ] GC(64) Using 1 of 3 workers for concurrent marking roots
[30.047s][info][gc          ] GC(64) Concurrent marking roots 2.765ms
[30.047s][info][gc,start    ] GC(64) Concurrent marking (unload classes)
[30.047s][info][gc,task     ] GC(64) Using 1 of 3 workers for concurrent marking
[30.054s][info][gc          ] GC(64) Concurrent marking (unload classes) 6.537ms
[30.054s][info][gc,start    ] GC(64) Pause Final Mark (unload classes)
[30.054s][info][gc,task     ] GC(64) Using 3 of 3 workers for final marking
[30.054s][info][gc,ergo     ] GC(64) Adaptive CSet Selection. Target Free: 290M, Actual Free: 1833M, Max CSet: 87381K, Min Garbage: 0B
[30.054s][info][gc,ergo     ] GC(64) Collectable Garbage: 1711M (99%), Immediate: 1545M (90%), CSet: 166M (9%)
[30.054s][info][gc,ergo     ] GC(64) Pacer for Evacuation. Used CSet: 167M, Free: 1736M, Non-Taxable: 173M, Alloc Tax Rate: 1.1x
[30.054s][info][gc          ] GC(64) Pause Final Mark (unload classes) 0.226ms
[30.054s][info][gc,start    ] GC(64) Concurrent thread roots
[30.054s][info][gc,task     ] GC(64) Using 1 of 3 workers for Concurrent thread roots
[30.055s][info][gc          ] GC(64) Concurrent thread roots 0.434ms
[30.055s][info][gc,start    ] GC(64) Concurrent weak references
[30.055s][info][gc,task     ] GC(64) Using 1 of 3 workers for concurrent weak references
[30.055s][info][gc,ref      ] GC(64) Encountered references: Soft: 137, Weak: 903, Final: 3, Phantom: 124
[30.055s][info][gc,ref      ] GC(64) Discovered  references: Soft: 0, Weak: 434, Final: 1, Phantom: 108
[30.055s][info][gc,ref      ] GC(64) Enqueued    references: Soft: 0, Weak: 293, Final: 0, Phantom: 0
[30.055s][info][gc          ] GC(64) Concurrent weak references 0.187ms
[30.055s][info][gc,start    ] GC(64) Concurrent weak roots
[30.055s][info][gc,task     ] GC(64) Using 1 of 3 workers for concurrent weak root
[30.056s][info][gc          ] GC(64) Concurrent weak roots 1.523ms
[30.056s][info][gc,start    ] GC(64) Concurrent cleanup
[30.057s][info][gc          ] GC(64) Concurrent cleanup 1760M->215M(2048M) 0.112ms
[30.057s][info][gc,ergo     ] GC(64) Free: 1727M, Max: 1024K regular, 127M humongous, Frag: 93% external, 0% internal; Reserve: 102M, Max: 1024K
[30.057s][info][gc,start    ] GC(64) Concurrent class unloading
[30.057s][info][gc,task     ] GC(64) Using 1 of 3 workers for concurrent class unloading
[30.063s][info][gc          ] GC(64) Concurrent class unloading 5.993ms
[30.063s][info][gc,start    ] GC(64) Concurrent strong roots
[30.063s][info][gc,task     ] GC(64) Using 1 of 3 workers for concurrent strong root
[30.063s][info][gc          ] GC(64) Concurrent strong roots 0.100ms
[30.063s][info][gc,start    ] GC(64) Concurrent evacuation
[30.063s][info][gc,task     ] GC(64) Using 1 of 3 workers for concurrent evacuation
[30.064s][info][gc          ] GC(64) Concurrent evacuation 1.141ms
[30.064s][info][gc,start    ] GC(64) Pause Init Update Refs
[30.064s][info][gc,ergo     ] GC(64) Pacer for Update Refs. Used: 237M, Free: 1706M, Non-Taxable: 170M, Alloc Tax Rate: 1.1x
[30.064s][info][gc          ] GC(64) Pause Init Update Refs 0.055ms
[30.072s][info][gc,start    ] GC(64) Concurrent update references
[30.072s][info][gc,task     ] GC(64) Using 1 of 3 workers for concurrent reference update
[30.081s][info][gc          ] GC(64) Concurrent update references 9.138ms
[30.081s][info][gc,start    ] GC(64) Concurrent update thread roots
[30.082s][info][gc          ] GC(64) Concurrent update thread roots 0.511ms
[30.082s][info][gc,start    ] GC(64) Pause Final Update Refs
[30.082s][info][gc,task     ] GC(64) Using 3 of 3 workers for final reference update
[30.082s][info][gc          ] GC(64) Pause Final Update Refs 0.107ms
[30.082s][info][gc,start    ] GC(64) Concurrent cleanup
[30.082s][info][gc          ] GC(64) Concurrent cleanup 285M->118M(2048M) 0.044ms
[30.082s][info][gc,ergo     ] Free: 1824M, Max: 1024K regular, 1572M humongous, Frag: 14% external, 0% internal; Reserve: 103M, Max: 1024K
[30.082s][info][gc,stats    ] 
[30.082s][info][gc,stats    ] All times are wall-clock times, except per-root-class counters, that are sum over
[30.082s][info][gc,stats    ] all workers. Dividing the <total> over the root stage time estimates parallelism.
[30.082s][info][gc,stats    ] 
[30.082s][info][gc,stats    ] Concurrent Reset                    973 us
[30.082s][info][gc,stats    ] Pause Init Mark (G)                 461 us
[30.082s][info][gc,stats    ] Pause Init Mark (N)                 169 us
[30.082s][info][gc,stats    ]   Update Region States               62 us
[30.082s][info][gc,stats    ] Concurrent Mark Roots              2811 us, parallelism: 0.96x
[30.082s][info][gc,stats    ]   CMR: <total>                     2684 us
[30.082s][info][gc,stats    ]   CMR: Thread Roots                2640 us, workers (us): 2640, ---, ---, 
[30.082s][info][gc,stats    ]   CMR: VM Strong Roots                6 us, workers (us):   6, ---, ---, 
[30.082s][info][gc,stats    ]   CMR: CLDG Roots                    39 us, workers (us):  39, ---, ---, 
[30.082s][info][gc,stats    ] Concurrent Marking                 6572 us
[30.082s][info][gc,stats    ] Pause Final Mark (G)                334 us
[30.082s][info][gc,stats    ] Pause Final Mark (N)                236 us
[30.082s][info][gc,stats    ]   Finish Mark                        49 us
[30.082s][info][gc,stats    ]   Update Region States               39 us
[30.082s][info][gc,stats    ]   Choose Collection Set              70 us
[30.082s][info][gc,stats    ]   Rebuild Free Set                    8 us
[30.082s][info][gc,stats    ] Concurrent Thread Roots             455 us, parallelism: 0.84x
[30.082s][info][gc,stats    ]   CTR: <total>                      382 us
[30.082s][info][gc,stats    ]   CTR: Thread Roots                 382 us, workers (us): 382, ---, ---, 
[30.082s][info][gc,stats    ] Concurrent Weak References          196 us, parallelism: 0.58x
[30.082s][info][gc,stats    ]   CWRF: <total>                     114 us
[30.082s][info][gc,stats    ]   CWRF: Weak References             114 us, workers (us): 114, ---, ---, 
[30.082s][info][gc,stats    ] Concurrent Weak Roots              1557 us
[30.082s][info][gc,stats    ]   Roots                            1275 us, parallelism: 0.97x
[30.082s][info][gc,stats    ]     CWR: <total>                   1237 us
[30.082s][info][gc,stats    ]     CWR: Code Cache Roots          1133 us, workers (us): 1133, ---, ---, 
[30.082s][info][gc,stats    ]     CWR: VM Weak Roots               97 us, workers (us):  97, ---, ---, 
[30.082s][info][gc,stats    ]     CWR: CLDG Roots                   7 us, workers (us):   7, ---, ---, 
[30.082s][info][gc,stats    ]   Rendezvous                        229 us
[30.082s][info][gc,stats    ] Concurrent Cleanup                  122 us
[30.082s][info][gc,stats    ] Concurrent Class Unloading         6041 us
[30.082s][info][gc,stats    ]   Unlink Stale                     4749 us
[30.082s][info][gc,stats    ]     System Dictionary                11 us
[30.082s][info][gc,stats    ]     Weak Class Links                  0 us
[30.082s][info][gc,stats    ]     Code Roots                     4736 us
[30.082s][info][gc,stats    ]   Rendezvous                        880 us
[30.082s][info][gc,stats    ]   Purge Unlinked                    342 us
[30.082s][info][gc,stats    ]     Code Roots                      335 us
[30.082s][info][gc,stats    ]     CLDG                              7 us
[30.082s][info][gc,stats    ]     Exception Caches                  0 us
[30.082s][info][gc,stats    ] Concurrent Strong Roots             113 us, parallelism: 0.47x
[30.082s][info][gc,stats    ]   CSR: <total>                       53 us
[30.082s][info][gc,stats    ]   CSR: VM Strong Roots                5 us, workers (us):   5, ---, ---, 
[30.082s][info][gc,stats    ]   CSR: CLDG Roots                    48 us, workers (us):  48, ---, ---, 
[30.082s][info][gc,stats    ] Concurrent Evacuation              1194 us
[30.082s][info][gc,stats    ] Pause Init Update Refs (G)         8021 us
[30.082s][info][gc,stats    ] Pause Init Update Refs (N)           63 us
[30.082s][info][gc,stats    ]   Manage GCLABs                       4 us
[30.082s][info][gc,stats    ] Concurrent Update Refs             9182 us
[30.082s][info][gc,stats    ] Concurrent Update Thread Roots      536 us
[30.082s][info][gc,stats    ] Pause Final Update Refs (G)         189 us
[30.082s][info][gc,stats    ] Pause Final Update Refs (N)         118 us
[30.082s][info][gc,stats    ]   Update Region States               39 us
[30.082s][info][gc,stats    ]   Trash Collection Set                7 us
[30.082s][info][gc,stats    ]   Rebuild Free Set                   16 us
[30.082s][info][gc,stats    ] Concurrent Cleanup                   56 us
[30.082s][info][gc,stats    ] 
[30.082s][info][gc,stats    ] Allocation pacing accrued:
[30.082s][info][gc,stats    ]       0 of   473 ms (  0.0%): <total>
[30.082s][info][gc,stats    ]       0 of   473 ms (  0.0%): <average total>
[30.082s][info][gc,stats    ] 
[30.082s][info][gc,metaspace] Metaspace: 8796K(9472K)->8796K(9472K) NonClass: 7946K(8320K)->7946K(8320K) Class: 850K(1152K)->850K(1152K)
[30.082s][info][gc,ergo     ] Pacer for Idle. Initial: 41943K, Alloc Tax Rate: 1.0x
[30.551s][info][gc          ] Trigger: Average GC time (44.22 ms) is above the time for average allocation rate (3297 MB/s) to deplete free headroom (118M) (margin of error = 1.87)
[30.551s][info][gc,ergo     ] Free headroom: 221M (free) - 102M (spike) - 0B (penalties) = 118M
[30.551s][info][gc,ergo     ] Free: 221M, Max: 1024K regular, 215M humongous, Frag: 0% external, 1% internal; Reserve: 103M, Max: 1024K
[30.551s][info][gc,start    ] GC(65) Concurrent reset
[30.551s][info][gc,task     ] GC(65) Using 1 of 3 workers for concurrent reset
[30.551s][info][gc,ergo     ] GC(65) Pacer for Reset. Non-Taxable: 2048M
[30.552s][info][gc          ] GC(65) Concurrent reset 0.958ms
[30.552s][info][gc,start    ] GC(65) Pause Init Mark (unload classes)
[30.552s][info][gc,task     ] GC(65) Using 3 of 3 workers for init marking
[30.552s][info][gc,ergo     ] GC(65) Pacer for Mark. Expected Live: 8450K, Free: 218M, Non-Taxable: 22364K, Alloc Tax Rate: 0.0x
[30.552s][info][gc          ] GC(65) Pause Init Mark (unload classes) 0.113ms
[30.558s][info][gc,start    ] GC(65) Concurrent marking roots
[30.558s][info][gc,task     ] GC(65) Using 1 of 3 workers for concurrent marking roots
[30.558s][info][gc          ] GC(65) Concurrent marking roots 0.558ms
[30.558s][info][gc,start    ] GC(65) Concurrent marking (unload classes)
[30.558s][info][gc,task     ] GC(65) Using 1 of 3 workers for concurrent marking
[30.562s][info][gc          ] GC(65) Concurrent marking (unload classes) 4.339ms
[30.563s][info][gc,start    ] GC(65) Pause Final Mark (unload classes)
[30.563s][info][gc,task     ] GC(65) Using 3 of 3 workers for final marking
[30.563s][info][gc,ergo     ] GC(65) Adaptive CSet Selection. Target Free: 290M, Actual Free: 1847M, Max CSet: 87381K, Min Garbage: 0B
[30.563s][info][gc,ergo     ] GC(65) Collectable Garbage: 1714M (99%), Immediate: 1553M (90%), CSet: 161M (9%)
[30.563s][info][gc,ergo     ] GC(65) Pacer for Evacuation. Used CSet: 161M, Free: 1750M, Non-Taxable: 175M, Alloc Tax Rate: 1.1x
[30.563s][info][gc          ] GC(65) Pause Final Mark (unload classes) 0.362ms
[30.563s][info][gc,start    ] GC(65) Concurrent thread roots
[30.563s][info][gc,task     ] GC(65) Using 1 of 3 workers for Concurrent thread roots
[30.564s][info][gc          ] GC(65) Concurrent thread roots 0.788ms
[30.564s][info][gc,start    ] GC(65) Concurrent weak references
[30.564s][info][gc,task     ] GC(65) Using 1 of 3 workers for concurrent weak references
[30.564s][info][gc,ref      ] GC(65) Encountered references: Soft: 137, Weak: 908, Final: 3, Phantom: 113
[30.564s][info][gc,ref      ] GC(65) Discovered  references: Soft: 0, Weak: 443, Final: 1, Phantom: 96
[30.564s][info][gc,ref      ] GC(65) Enqueued    references: Soft: 0, Weak: 305, Final: 0, Phantom: 0
[30.564s][info][gc          ] GC(65) Concurrent weak references 0.182ms
[30.564s][info][gc,start    ] GC(65) Concurrent weak roots
[30.564s][info][gc,task     ] GC(65) Using 1 of 3 workers for concurrent weak root
[30.565s][info][gc          ] GC(65) Concurrent weak roots 1.363ms
[30.565s][info][gc,start    ] GC(65) Concurrent cleanup
[30.566s][info][gc          ] GC(65) Concurrent cleanup 1745M->192M(2048M) 0.171ms
[30.566s][info][gc,ergo     ] GC(65) Free: 1750M, Max: 1024K regular, 191M humongous, Frag: 90% external, 0% internal; Reserve: 102M, Max: 1024K
[30.566s][info][gc,start    ] GC(65) Concurrent class unloading
[30.566s][info][gc,task     ] GC(65) Using 1 of 3 workers for concurrent class unloading
[30.573s][info][gc          ] GC(65) Concurrent class unloading 7.060ms
[30.573s][info][gc,start    ] GC(65) Concurrent strong roots
[30.573s][info][gc,task     ] GC(65) Using 1 of 3 workers for concurrent strong root
[30.573s][info][gc          ] GC(65) Concurrent strong roots 0.088ms
[30.573s][info][gc,start    ] GC(65) Concurrent evacuation
[30.573s][info][gc,task     ] GC(65) Using 1 of 3 workers for concurrent evacuation
[30.574s][info][gc          ] GC(65) Concurrent evacuation 0.915ms
[30.574s][info][gc,start    ] GC(65) Pause Init Update Refs
[30.574s][info][gc,ergo     ] GC(65) Pacer for Update Refs. Used: 213M, Free: 1730M, Non-Taxable: 173M, Alloc Tax Rate: 1.1x
[30.574s][info][gc          ] GC(65) Pause Init Update Refs 0.035ms
[30.574s][info][gc,start    ] GC(65) Concurrent update references
[30.574s][info][gc,task     ] GC(65) Using 1 of 3 workers for concurrent reference update
[30.581s][info][gc          ] GC(65) Concurrent update references 7.378ms
[30.581s][info][gc,start    ] GC(65) Concurrent update thread roots
[30.583s][info][gc          ] GC(65) Concurrent update thread roots 1.309ms
[30.583s][info][gc,start    ] GC(65) Pause Final Update Refs
[30.583s][info][gc,task     ] GC(65) Using 3 of 3 workers for final reference update
[30.583s][info][gc          ] GC(65) Pause Final Update Refs 0.112ms
[30.584s][info][gc,start    ] GC(65) Concurrent cleanup
[30.584s][info][gc          ] GC(65) Concurrent cleanup 239M->81M(2048M) 0.061ms
[30.584s][info][gc,ergo     ] Free: 1861M, Max: 1024K regular, 1664M humongous, Frag: 11% external, 0% internal; Reserve: 103M, Max: 1024K
[30.584s][info][gc,stats    ] 
[30.584s][info][gc,stats    ] All times are wall-clock times, except per-root-class counters, that are sum over
[30.584s][info][gc,stats    ] all workers. Dividing the <total> over the root stage time estimates parallelism.
[30.584s][info][gc,stats    ] 
[30.584s][info][gc,stats    ] Concurrent Reset                   1020 us
[30.584s][info][gc,stats    ] Pause Init Mark (G)                5794 us
[30.584s][info][gc,stats    ] Pause Init Mark (N)                 121 us
[30.584s][info][gc,stats    ]   Update Region States               45 us
[30.584s][info][gc,stats    ] Concurrent Mark Roots               576 us, parallelism: 0.75x
[30.584s][info][gc,stats    ]   CMR: <total>                      434 us
[30.585s][info][gc,stats    ]   CMR: Thread Roots                 384 us, workers (us): 384, ---, ---, 
[30.585s][info][gc,stats    ]   CMR: VM Strong Roots                8 us, workers (us):   8, ---, ---, 
[30.585s][info][gc,stats    ]   CMR: CLDG Roots                    42 us, workers (us):  42, ---, ---, 
[30.585s][info][gc,stats    ] Concurrent Marking                 4401 us
[30.585s][info][gc,stats    ] Pause Final Mark (G)                450 us
[30.585s][info][gc,stats    ] Pause Final Mark (N)                379 us
[30.585s][info][gc,stats    ]   Finish Mark                        95 us
[30.585s][info][gc,stats    ]   Update Region States               41 us
[30.585s][info][gc,stats    ]   Choose Collection Set             107 us
[30.585s][info][gc,stats    ]   Rebuild Free Set                   18 us
[30.585s][info][gc,stats    ] Concurrent Thread Roots             828 us, parallelism: 0.83x
[30.585s][info][gc,stats    ]   CTR: <total>                      688 us
[30.585s][info][gc,stats    ]   CTR: Thread Roots                 688 us, workers (us): 688, ---, ---, 
[30.585s][info][gc,stats    ] Concurrent Weak References          190 us, parallelism: 0.45x
[30.585s][info][gc,stats    ]   CWRF: <total>                      86 us
[30.585s][info][gc,stats    ]   CWRF: Weak References              86 us, workers (us):  86, ---, ---, 
[30.585s][info][gc,stats    ] Concurrent Weak Roots              1388 us
[30.585s][info][gc,stats    ]   Roots                            1255 us, parallelism: 0.97x
[30.585s][info][gc,stats    ]     CWR: <total>                   1217 us
[30.585s][info][gc,stats    ]     CWR: Code Cache Roots          1031 us, workers (us): 1031, ---, ---, 
[30.585s][info][gc,stats    ]     CWR: VM Weak Roots              179 us, workers (us): 179, ---, ---, 
[30.585s][info][gc,stats    ]     CWR: CLDG Roots                   8 us, workers (us):   8, ---, ---, 
[30.585s][info][gc,stats    ]   Rendezvous                         90 us
[30.585s][info][gc,stats    ] Concurrent Cleanup                  189 us
[30.585s][info][gc,stats    ] Concurrent Class Unloading         7099 us
[30.585s][info][gc,stats    ]   Unlink Stale                     5637 us
[30.585s][info][gc,stats    ]     System Dictionary                 9 us
[30.585s][info][gc,stats    ]     Weak Class Links                  0 us
[30.585s][info][gc,stats    ]     Code Roots                     5627 us
[30.585s][info][gc,stats    ]   Rendezvous                       1112 us
[30.585s][info][gc,stats    ]   Purge Unlinked                    276 us
[30.585s][info][gc,stats    ]     Code Roots                      269 us
[30.585s][info][gc,stats    ]     CLDG                              6 us
[30.585s][info][gc,stats    ]     Exception Caches                  0 us
[30.585s][info][gc,stats    ] Concurrent Strong Roots             101 us, parallelism: 0.41x
[30.585s][info][gc,stats    ]   CSR: <total>                       41 us
[30.585s][info][gc,stats    ]   CSR: VM Strong Roots                4 us, workers (us):   4, ---, ---, 
[30.585s][info][gc,stats    ]   CSR: CLDG Roots                    37 us, workers (us):  37, ---, ---, 
[30.585s][info][gc,stats    ] Concurrent Evacuation               952 us
[30.585s][info][gc,stats    ] Pause Init Update Refs (G)          219 us
[30.585s][info][gc,stats    ] Pause Init Update Refs (N)           43 us
[30.585s][info][gc,stats    ]   Manage GCLABs                       3 us
[30.585s][info][gc,stats    ] Concurrent Update Refs             7439 us
[30.585s][info][gc,stats    ] Concurrent Update Thread Roots     1348 us
[30.585s][info][gc,stats    ] Pause Final Update Refs (G)        1516 us
[30.585s][info][gc,stats    ] Pause Final Update Refs (N)         132 us
[30.585s][info][gc,stats    ]   Update Region States               51 us
[30.585s][info][gc,stats    ]   Trash Collection Set                4 us
[30.585s][info][gc,stats    ]   Rebuild Free Set                   10 us
[30.585s][info][gc,stats    ] Concurrent Cleanup                   74 us
[30.585s][info][gc,stats    ] Pacing                            52733 us
[30.585s][info][gc,stats    ] 
[30.585s][info][gc,stats    ] Allocation pacing accrued:
[30.585s][info][gc,stats    ]       8 of   503 ms (  1.6%): Query0
[30.585s][info][gc,stats    ]      10 of   503 ms (  1.9%): Query1
[30.585s][info][gc,stats    ]       8 of   503 ms (  1.6%): Query2
[30.585s][info][gc,stats    ]       9 of   503 ms (  1.7%): Query3
[30.585s][info][gc,stats    ]       9 of   503 ms (  1.8%): Query4
[30.585s][info][gc,stats    ]       9 of   503 ms (  1.8%): Query5
[30.585s][info][gc,stats    ]      53 of   503 ms ( 10.5%): <total>
[30.585s][info][gc,stats    ]       3 of   503 ms (  0.6%): <average total>
[30.585s][info][gc,stats    ]       9 of   503 ms (  1.7%): <average non-zero>
[30.585s][info][gc,stats    ] 
[30.585s][info][gc,metaspace] Metaspace: 8796K(9472K)->8796K(9472K) NonClass: 7946K(8320K)->7946K(8320K) Class: 850K(1152K)->850K(1152K)
[30.585s][info][gc,ergo     ] Pacer for Idle. Initial: 41943K, Alloc Tax Rate: 1.0x
[31.035s][info][gc          ] Trigger: Average GC time (42.07 ms) is above the time for average allocation rate (3560 MB/s) to deplete free headroom (110M) (margin of error = 1.86)
[31.035s][info][gc,ergo     ] Free headroom: 213M (free) - 102M (spike) - 0B (penalties) = 110M
[31.035s][info][gc,ergo     ] Free: 213M, Max: 1024K regular, 190M humongous, Frag: 8% external, 1% internal; Reserve: 103M, Max: 1024K
[31.035s][info][gc,start    ] GC(66) Concurrent reset
[31.035s][info][gc,task     ] GC(66) Using 1 of 3 workers for concurrent reset
[31.035s][info][gc,ergo     ] GC(66) Pacer for Reset. Non-Taxable: 2048M
[31.036s][info][gc          ] GC(66) Concurrent reset 0.968ms
[31.037s][info][gc,start    ] GC(66) Pause Init Mark (unload classes)
[31.037s][info][gc,task     ] GC(66) Using 3 of 3 workers for init marking
[31.037s][info][gc,ergo     ] GC(66) Pacer for Mark. Expected Live: 8430K, Free: 210M, Non-Taxable: 21524K, Alloc Tax Rate: 0.0x
[31.037s][info][gc          ] GC(66) Pause Init Mark (unload classes) 0.099ms
[31.038s][info][gc,start    ] GC(66) Concurrent marking roots
[31.038s][info][gc,task     ] GC(66) Using 1 of 3 workers for concurrent marking roots
[31.038s][info][gc          ] GC(66) Concurrent marking roots 0.420ms
[31.038s][info][gc,start    ] GC(66) Concurrent marking (unload classes)
[31.038s][info][gc,task     ] GC(66) Using 1 of 3 workers for concurrent marking
[31.043s][info][gc          ] GC(66) Concurrent marking (unload classes) 4.872ms
[31.043s][info][gc,start    ] GC(66) Pause Final Mark (unload classes)
[31.043s][info][gc,task     ] GC(66) Using 3 of 3 workers for final marking
[31.043s][info][gc,ergo     ] GC(66) Adaptive CSet Selection. Target Free: 290M, Actual Free: 1846M, Max CSet: 87381K, Min Garbage: 0B
[31.043s][info][gc,ergo     ] GC(66) Collectable Garbage: 1722M (99%), Immediate: 1558M (90%), CSet: 164M (9%)
[31.043s][info][gc,ergo     ] GC(66) Pacer for Evacuation. Used CSet: 165M, Free: 1750M, Non-Taxable: 175M, Alloc Tax Rate: 1.1x
[31.043s][info][gc          ] GC(66) Pause Final Mark (unload classes) 0.228ms
[31.044s][info][gc,start    ] GC(66) Concurrent thread roots
[31.044s][info][gc,task     ] GC(66) Using 1 of 3 workers for Concurrent thread roots
[31.044s][info][gc          ] GC(66) Concurrent thread roots 0.350ms
[31.044s][info][gc,start    ] GC(66) Concurrent weak references
[31.044s][info][gc,task     ] GC(66) Using 1 of 3 workers for concurrent weak references
[31.044s][info][gc,ref      ] GC(66) Encountered references: Soft: 137, Weak: 903, Final: 3, Phantom: 108
[31.044s][info][gc,ref      ] GC(66) Discovered  references: Soft: 0, Weak: 430, Final: 1, Phantom: 90
[31.044s][info][gc,ref      ] GC(66) Enqueued    references: Soft: 0, Weak: 296, Final: 0, Phantom: 0
[31.044s][info][gc          ] GC(66) Concurrent weak references 0.153ms
[31.044s][info][gc,start    ] GC(66) Concurrent weak roots
[31.044s][info][gc,task     ] GC(66) Using 1 of 3 workers for concurrent weak root
[31.049s][info][gc          ] GC(66) Concurrent weak roots 4.919ms
[31.049s][info][gc,start    ] GC(66) Concurrent cleanup
[31.049s][info][gc          ] GC(66) Concurrent cleanup 1771M->213M(2048M) 0.113ms
[31.049s][info][gc,ergo     ] GC(66) Free: 1730M, Max: 1024K regular, 165M humongous, Frag: 91% external, 0% internal; Reserve: 102M, Max: 1024K
[31.049s][info][gc,start    ] GC(66) Concurrent class unloading
[31.049s][info][gc,task     ] GC(66) Using 1 of 3 workers for concurrent class unloading
[31.060s][info][gc          ] GC(66) Concurrent class unloading 10.415ms
[31.060s][info][gc,start    ] GC(66) Concurrent strong roots
[31.060s][info][gc,task     ] GC(66) Using 1 of 3 workers for concurrent strong root
[31.060s][info][gc          ] GC(66) Concurrent strong roots 0.086ms
[31.060s][info][gc,start    ] GC(66) Concurrent evacuation
[31.060s][info][gc,task     ] GC(66) Using 1 of 3 workers for concurrent evacuation
[31.061s][info][gc          ] GC(66) Concurrent evacuation 1.169ms
[31.061s][info][gc,start    ] GC(66) Pause Init Update Refs
[31.061s][info][gc,ergo     ] GC(66) Pacer for Update Refs. Used: 250M, Free: 1694M, Non-Taxable: 169M, Alloc Tax Rate: 1.1x
[31.061s][info][gc          ] GC(66) Pause Init Update Refs 0.055ms
[31.064s][info][gc,start    ] GC(66) Concurrent update references
[31.064s][info][gc,task     ] GC(66) Using 1 of 3 workers for concurrent reference update
[31.070s][info][gc          ] GC(66) Concurrent update references 6.348ms
[31.070s][info][gc,start    ] GC(66) Concurrent update thread roots
[31.072s][info][gc          ] GC(66) Concurrent update thread roots 1.711ms
[31.072s][info][gc,start    ] GC(66) Pause Final Update Refs
[31.072s][info][gc,task     ] GC(66) Using 3 of 3 workers for final reference update
[31.072s][info][gc          ] GC(66) Pause Final Update Refs 0.122ms
[31.072s][info][gc,start    ] GC(66) Concurrent cleanup
[31.072s][info][gc          ] GC(66) Concurrent cleanup 274M->110M(2048M) 0.046ms
[31.072s][info][gc,ergo     ] Free: 1832M, Max: 1024K regular, 1633M humongous, Frag: 11% external, 0% internal; Reserve: 103M, Max: 1024K
[31.072s][info][gc,stats    ] 
[31.072s][info][gc,stats    ] All times are wall-clock times, except per-root-class counters, that are sum over
[31.072s][info][gc,stats    ] all workers. Dividing the <total> over the root stage time estimates parallelism.
[31.072s][info][gc,stats    ] 
[31.072s][info][gc,stats    ] Concurrent Reset                   1045 us
[31.072s][info][gc,stats    ] Pause Init Mark (G)                1317 us
[31.072s][info][gc,stats    ] Pause Init Mark (N)                 109 us
[31.072s][info][gc,stats    ]   Update Region States               30 us
[31.072s][info][gc,stats    ] Concurrent Mark Roots               444 us, parallelism: 0.76x
[31.072s][info][gc,stats    ]   CMR: <total>                      337 us
[31.072s][info][gc,stats    ]   CMR: Thread Roots                 294 us, workers (us): 294, ---, ---, 
[31.072s][info][gc,stats    ]   CMR: VM Strong Roots                6 us, workers (us):   6, ---, ---, 
[31.072s][info][gc,stats    ]   CMR: CLDG Roots                    37 us, workers (us):  37, ---, ---, 
[31.073s][info][gc,stats    ] Concurrent Marking                 4907 us
[31.073s][info][gc,stats    ] Pause Final Mark (G)                378 us
[31.073s][info][gc,stats    ] Pause Final Mark (N)                237 us
[31.073s][info][gc,stats    ]   Finish Mark                        52 us
[31.073s][info][gc,stats    ]   Update Region States               36 us
[31.073s][info][gc,stats    ]   Choose Collection Set              69 us
[31.073s][info][gc,stats    ]   Rebuild Free Set                    9 us
[31.073s][info][gc,stats    ] Concurrent Thread Roots             367 us, parallelism: 0.83x
[31.073s][info][gc,stats    ]   CTR: <total>                      305 us
[31.073s][info][gc,stats    ]   CTR: Thread Roots                 305 us, workers (us): 305, ---, ---, 
[31.073s][info][gc,stats    ] Concurrent Weak References          161 us, parallelism: 0.57x
[31.073s][info][gc,stats    ]   CWRF: <total>                      92 us
[31.073s][info][gc,stats    ]   CWRF: Weak References              92 us, workers (us):  92, ---, ---, 
[31.073s][info][gc,stats    ] Concurrent Weak Roots              4962 us
[31.073s][info][gc,stats    ]   Roots                            1409 us, parallelism: 0.98x
[31.073s][info][gc,stats    ]     CWR: <total>                   1377 us
[31.073s][info][gc,stats    ]     CWR: Code Cache Roots          1260 us, workers (us): 1260, ---, ---, 
[31.073s][info][gc,stats    ]     CWR: VM Weak Roots              110 us, workers (us): 110, ---, ---, 
[31.073s][info][gc,stats    ]     CWR: CLDG Roots                   7 us, workers (us):   7, ---, ---, 
[31.073s][info][gc,stats    ]   Rendezvous                       3491 us
[31.073s][info][gc,stats    ] Concurrent Cleanup                  124 us
[31.073s][info][gc,stats    ] Concurrent Class Unloading        10457 us
[31.073s][info][gc,stats    ]   Unlink Stale                     5060 us
[31.073s][info][gc,stats    ]     System Dictionary                12 us
[31.073s][info][gc,stats    ]     Weak Class Links                  0 us
[31.073s][info][gc,stats    ]     Code Roots                     5046 us
[31.073s][info][gc,stats    ]   Rendezvous                       5032 us
[31.073s][info][gc,stats    ]   Purge Unlinked                    302 us
[31.073s][info][gc,stats    ]     Code Roots                      295 us
[31.073s][info][gc,stats    ]     CLDG                              6 us
[31.073s][info][gc,stats    ]     Exception Caches                  1 us
[31.073s][info][gc,stats    ] Concurrent Strong Roots              96 us, parallelism: 0.45x
[31.073s][info][gc,stats    ]   CSR: <total>                       44 us
[31.073s][info][gc,stats    ]   CSR: VM Strong Roots                5 us, workers (us):   5, ---, ---, 
[31.073s][info][gc,stats    ]   CSR: CLDG Roots                    39 us, workers (us):  39, ---, ---, 
[31.073s][info][gc,stats    ] Concurrent Evacuation              1212 us
[31.073s][info][gc,stats    ] Pause Init Update Refs (G)         2775 us
[31.073s][info][gc,stats    ] Pause Init Update Refs (N)           65 us
[31.073s][info][gc,stats    ]   Manage GCLABs                       4 us
[31.073s][info][gc,stats    ] Concurrent Update Refs             6410 us
[31.073s][info][gc,stats    ] Concurrent Update Thread Roots     1744 us
[31.073s][info][gc,stats    ] Pause Final Update Refs (G)         407 us
[31.073s][info][gc,stats    ] Pause Final Update Refs (N)         142 us
[31.073s][info][gc,stats    ]   Update Region States               55 us
[31.073s][info][gc,stats    ]   Trash Collection Set                9 us
[31.073s][info][gc,stats    ]   Rebuild Free Set                   15 us
[31.073s][info][gc,stats    ] Concurrent Cleanup                   57 us
[31.073s][info][gc,stats    ] Pacing                            10094 us
[31.073s][info][gc,stats    ] 
[31.073s][info][gc,stats    ] Allocation pacing accrued:
[31.073s][info][gc,stats    ]       3 of   488 ms (  0.7%): Query0
[31.073s][info][gc,stats    ]       2 of   488 ms (  0.4%): Query2
[31.073s][info][gc,stats    ]       1 of   488 ms (  0.2%): Query3
[31.073s][info][gc,stats    ]       2 of   488 ms (  0.4%): Query4
[31.073s][info][gc,stats    ]       2 of   488 ms (  0.3%): Query5
[31.073s][info][gc,stats    ]      10 of   488 ms (  2.1%): <total>
[31.073s][info][gc,stats    ]       1 of   488 ms (  0.1%): <average total>
[31.073s][info][gc,stats    ]       2 of   488 ms (  0.4%): <average non-zero>
[31.073s][info][gc,stats    ] 
[31.073s][info][gc,metaspace] Metaspace: 8796K(9472K)->8796K(9472K) NonClass: 7946K(8320K)->7946K(8320K) Class: 850K(1152K)->850K(1152K)
[31.073s][info][gc,ergo     ] Pacer for Idle. Initial: 41943K, Alloc Tax Rate: 1.0x
[31.508s][info][gc          ] Trigger: Average GC time (40.82 ms) is above the time for average allocation rate (3667 MB/s) to deplete free headroom (136M) (margin of error = 1.86)
[31.508s][info][gc,ergo     ] Free headroom: 238M (free) - 102M (spike) - 0B (penalties) = 136M
[31.508s][info][gc,ergo     ] Free: 238M, Max: 1024K regular, 164M humongous, Frag: 30% external, 1% internal; Reserve: 103M, Max: 1024K
[31.508s][info][gc,start    ] GC(67) Concurrent reset
[31.508s][info][gc,task     ] GC(67) Using 1 of 3 workers for concurrent reset
[31.508s][info][gc,ergo     ] GC(67) Pacer for Reset. Non-Taxable: 2048M
[31.509s][info][gc          ] GC(67) Concurrent reset 0.948ms
[31.509s][info][gc,start    ] GC(67) Pause Init Mark (unload classes)
[31.509s][info][gc,task     ] GC(67) Using 3 of 3 workers for init marking
[31.510s][info][gc,ergo     ] GC(67) Pacer for Mark. Expected Live: 8431K, Free: 236M, Non-Taxable: 24238K, Alloc Tax Rate: 0.0x
[31.510s][info][gc          ] GC(67) Pause Init Mark (unload classes) 0.124ms
[31.510s][info][gc,start    ] GC(67) Concurrent marking roots
[31.510s][info][gc,task     ] GC(67) Using 1 of 3 workers for concurrent marking roots
[31.510s][info][gc          ] GC(67) Concurrent marking roots 0.429ms
[31.510s][info][gc,start    ] GC(67) Concurrent marking (unload classes)
[31.510s][info][gc,task     ] GC(67) Using 1 of 3 workers for concurrent marking
[31.517s][info][gc          ] GC(67) Concurrent marking (unload classes) 7.151ms
[31.517s][info][gc,start    ] GC(67) Pause Final Mark (unload classes)
[31.517s][info][gc,task     ] GC(67) Using 3 of 3 workers for final marking
[31.518s][info][gc,ergo     ] GC(67) Adaptive CSet Selection. Target Free: 290M, Actual Free: 1837M, Max CSet: 87381K, Min Garbage: 0B
[31.518s][info][gc,ergo     ] GC(67) Collectable Garbage: 1695M (99%), Immediate: 1531M (90%), CSet: 164M (9%)
[31.518s][info][gc,ergo     ] GC(67) Pacer for Evacuation. Used CSet: 165M, Free: 1741M, Non-Taxable: 174M, Alloc Tax Rate: 1.1x
[31.518s][info][gc          ] GC(67) Pause Final Mark (unload classes) 0.215ms
[31.518s][info][gc,start    ] GC(67) Concurrent thread roots
[31.518s][info][gc,task     ] GC(67) Using 1 of 3 workers for Concurrent thread roots
[31.518s][info][gc          ] GC(67) Concurrent thread roots 0.359ms
[31.518s][info][gc,start    ] GC(67) Concurrent weak references
[31.518s][info][gc,task     ] GC(67) Using 1 of 3 workers for concurrent weak references
[31.518s][info][gc,ref      ] GC(67) Encountered references: Soft: 137, Weak: 907, Final: 3, Phantom: 124
[31.518s][info][gc,ref      ] GC(67) Discovered  references: Soft: 0, Weak: 438, Final: 1, Phantom: 108
[31.518s][info][gc,ref      ] GC(67) Enqueued    references: Soft: 0, Weak: 289, Final: 0, Phantom: 0
[31.518s][info][gc          ] GC(67) Concurrent weak references 0.168ms
[31.518s][info][gc,start    ] GC(67) Concurrent weak roots
[31.518s][info][gc,task     ] GC(67) Using 1 of 3 workers for concurrent weak root
[31.520s][info][gc          ] GC(67) Concurrent weak roots 1.566ms
[31.520s][info][gc,start    ] GC(67) Concurrent cleanup
[31.520s][info][gc          ] GC(67) Concurrent cleanup 1742M->211M(2048M) 0.116ms
[31.520s][info][gc,ergo     ] GC(67) Free: 1731M, Max: 1024K regular, 165M humongous, Frag: 91% external, 0% internal; Reserve: 102M, Max: 1024K
[31.520s][info][gc,start    ] GC(67) Concurrent class unloading
[31.520s][info][gc,task     ] GC(67) Using 1 of 3 workers for concurrent class unloading
[31.539s][info][gc          ] GC(67) Concurrent class unloading 19.434ms
[31.540s][info][gc,start    ] GC(67) Concurrent strong roots
[31.540s][info][gc,task     ] GC(67) Using 1 of 3 workers for concurrent strong root
[31.540s][info][gc          ] GC(67) Concurrent strong roots 0.088ms
[31.540s][info][gc,start    ] GC(67) Concurrent evacuation
[31.540s][info][gc,task     ] GC(67) Using 1 of 3 workers for concurrent evacuation
[31.541s][info][gc          ] GC(67) Concurrent evacuation 1.116ms
[31.541s][info][gc,start    ] GC(67) Pause Init Update Refs
[31.541s][info][gc,ergo     ] GC(67) Pacer for Update Refs. Used: 275M, Free: 1668M, Non-Taxable: 166M, Alloc Tax Rate: 1.1x
[31.541s][info][gc          ] GC(67) Pause Init Update Refs 0.051ms
[31.543s][info][gc,start    ] GC(67) Concurrent update references
[31.543s][info][gc,task     ] GC(67) Using 1 of 3 workers for concurrent reference update
[31.550s][info][gc          ] GC(67) Concurrent update references 7.783ms
[31.550s][info][gc,start    ] GC(67) Concurrent update thread roots
[31.551s][info][gc          ] GC(67) Concurrent update thread roots 0.472ms
[31.551s][info][gc,start    ] GC(67) Pause Final Update Refs
[31.551s][info][gc,task     ] GC(67) Using 3 of 3 workers for final reference update
[31.551s][info][gc          ] GC(67) Pause Final Update Refs 0.118ms
[31.551s][info][gc,start    ] GC(67) Concurrent cleanup
[31.551s][info][gc          ] GC(67) Concurrent cleanup 303M->138M(2048M) 0.039ms
[31.551s][info][gc,ergo     ] Free: 1804M, Max: 1024K regular, 1560M humongous, Frag: 14% external, 0% internal; Reserve: 103M, Max: 1024K
[31.551s][info][gc,stats    ] 
[31.551s][info][gc,stats    ] All times are wall-clock times, except per-root-class counters, that are sum over
[31.551s][info][gc,stats    ] all workers. Dividing the <total> over the root stage time estimates parallelism.
[31.551s][info][gc,stats    ] 
[31.551s][info][gc,stats    ] Concurrent Reset                   1003 us
[31.551s][info][gc,stats    ] Pause Init Mark (G)                 393 us
[31.551s][info][gc,stats    ] Pause Init Mark (N)                 134 us
[31.551s][info][gc,stats    ]   Update Region States               46 us
[31.551s][info][gc,stats    ] Concurrent Mark Roots               445 us, parallelism: 0.81x
[31.551s][info][gc,stats    ]   CMR: <total>                      362 us
[31.551s][info][gc,stats    ]   CMR: Thread Roots                 319 us, workers (us): 319, ---, ---, 
[31.551s][info][gc,stats    ]   CMR: VM Strong Roots                5 us, workers (us):   5, ---, ---, 
[31.551s][info][gc,stats    ]   CMR: CLDG Roots                    38 us, workers (us):  38, ---, ---, 
[31.551s][info][gc,stats    ] Concurrent Marking                 7195 us
[31.551s][info][gc,stats    ] Pause Final Mark (G)                364 us
[31.551s][info][gc,stats    ] Pause Final Mark (N)                225 us
[31.551s][info][gc,stats    ]   Finish Mark                        43 us
[31.551s][info][gc,stats    ]   Update Region States               36 us
[31.551s][info][gc,stats    ]   Choose Collection Set              81 us
[31.551s][info][gc,stats    ]   Rebuild Free Set                    9 us
[31.551s][info][gc,stats    ] Concurrent Thread Roots             381 us, parallelism: 0.82x
[31.551s][info][gc,stats    ]   CTR: <total>                      312 us
[31.551s][info][gc,stats    ]   CTR: Thread Roots                 312 us, workers (us): 312, ---, ---, 
[31.551s][info][gc,stats    ] Concurrent Weak References          177 us, parallelism: 0.56x
[31.551s][info][gc,stats    ]   CWRF: <total>                      99 us
[31.551s][info][gc,stats    ]   CWRF: Weak References              99 us, workers (us):  99, ---, ---, 
[31.551s][info][gc,stats    ] Concurrent Weak Roots              1628 us
[31.551s][info][gc,stats    ]   Roots                            1343 us, parallelism: 0.97x
[31.551s][info][gc,stats    ]     CWR: <total>                   1302 us
[31.552s][info][gc,stats    ]     CWR: Code Cache Roots          1195 us, workers (us): 1195, ---, ---, 
[31.552s][info][gc,stats    ]     CWR: VM Weak Roots              100 us, workers (us): 100, ---, ---, 
[31.552s][info][gc,stats    ]     CWR: CLDG Roots                   8 us, workers (us):   8, ---, ---, 
[31.552s][info][gc,stats    ]   Rendezvous                        196 us
[31.552s][info][gc,stats    ] Concurrent Cleanup                  125 us
[31.552s][info][gc,stats    ] Concurrent Class Unloading        19492 us
[31.552s][info][gc,stats    ]   Unlink Stale                     4834 us
[31.552s][info][gc,stats    ]     System Dictionary                12 us
[31.552s][info][gc,stats    ]     Weak Class Links                  0 us
[31.552s][info][gc,stats    ]     Code Roots                     4821 us
[31.552s][info][gc,stats    ]   Rendezvous                      14267 us
[31.552s][info][gc,stats    ]   Purge Unlinked                    312 us
[31.552s][info][gc,stats    ]     Code Roots                      303 us
[31.552s][info][gc,stats    ]     CLDG                              8 us
[31.552s][info][gc,stats    ]     Exception Caches                  0 us
[31.552s][info][gc,stats    ] Concurrent Strong Roots              97 us, parallelism: 0.43x
[31.552s][info][gc,stats    ]   CSR: <total>                       42 us
[31.552s][info][gc,stats    ]   CSR: VM Strong Roots                4 us, workers (us):   4, ---, ---, 
[31.552s][info][gc,stats    ]   CSR: CLDG Roots                    38 us, workers (us):  38, ---, ---, 
[31.552s][info][gc,stats    ] Concurrent Evacuation              1168 us
[31.552s][info][gc,stats    ] Pause Init Update Refs (G)         1792 us
[31.552s][info][gc,stats    ] Pause Init Update Refs (N)           61 us
[31.552s][info][gc,stats    ]   Manage GCLABs                       4 us
[31.552s][info][gc,stats    ] Concurrent Update Refs             7830 us
[31.552s][info][gc,stats    ] Concurrent Update Thread Roots      502 us
[31.552s][info][gc,stats    ] Pause Final Update Refs (G)         247 us
[31.552s][info][gc,stats    ] Pause Final Update Refs (N)         138 us
[31.552s][info][gc,stats    ]   Update Region States               46 us
[31.552s][info][gc,stats    ]   Trash Collection Set                9 us
[31.552s][info][gc,stats    ]   Rebuild Free Set                   15 us
[31.552s][info][gc,stats    ] Concurrent Cleanup                   53 us
[31.552s][info][gc,stats    ] 
[31.552s][info][gc,stats    ] Allocation pacing accrued:
[31.552s][info][gc,stats    ]       0 of   479 ms (  0.0%): <total>
[31.552s][info][gc,stats    ]       0 of   479 ms (  0.0%): <average total>
[31.552s][info][gc,stats    ] 
[31.552s][info][gc,metaspace] Metaspace: 8796K(9472K)->8796K(9472K) NonClass: 7946K(8320K)->7946K(8320K) Class: 850K(1152K)->850K(1152K)
[31.552s][info][gc,ergo     ] Pacer for Idle. Initial: 41943K, Alloc Tax Rate: 1.0x
[31.982s][info][gc          ] Trigger: Average GC time (46.50 ms) is above the time for average allocation rate (3624 MB/s) to deplete free headroom (160M) (margin of error = 1.87)
[31.982s][info][gc,ergo     ] Free headroom: 262M (free) - 102M (spike) - 0B (penalties) = 160M
[31.982s][info][gc,ergo     ] Free: 262M, Max: 1024K regular, 231M humongous, Frag: 10% external, 1% internal; Reserve: 103M, Max: 1024K
[31.982s][info][gc,start    ] GC(68) Concurrent reset
[31.982s][info][gc,task     ] GC(68) Using 1 of 3 workers for concurrent reset
[31.982s][info][gc,ergo     ] GC(68) Pacer for Reset. Non-Taxable: 2048M
[31.983s][info][gc          ] GC(68) Concurrent reset 0.992ms
[31.984s][info][gc,start    ] GC(68) Pause Init Mark (unload classes)
[31.984s][info][gc,task     ] GC(68) Using 3 of 3 workers for init marking
[31.984s][info][gc,ergo     ] GC(68) Pacer for Mark. Expected Live: 8441K, Free: 261M, Non-Taxable: 26798K, Alloc Tax Rate: 0.0x
[31.984s][info][gc          ] GC(68) Pause Init Mark (unload classes) 0.111ms
[31.984s][info][gc,start    ] GC(68) Concurrent marking roots
[31.984s][info][gc,task     ] GC(68) Using 1 of 3 workers for concurrent marking roots
[31.984s][info][gc          ] GC(68) Concurrent marking roots 0.469ms
[31.984s][info][gc,start    ] GC(68) Concurrent marking (unload classes)
[31.984s][info][gc,task     ] GC(68) Using 1 of 3 workers for concurrent marking
[31.990s][info][gc          ] GC(68) Concurrent marking (unload classes) 5.739ms
[31.990s][info][gc,start    ] GC(68) Pause Final Mark (unload classes)
[31.990s][info][gc,task     ] GC(68) Using 3 of 3 workers for final marking
[31.990s][info][gc,ergo     ] GC(68) Adaptive CSet Selection. Target Free: 290M, Actual Free: 1843M, Max CSet: 87381K, Min Garbage: 0B
[31.990s][info][gc,ergo     ] GC(68) Collectable Garbage: 1670M (99%), Immediate: 1508M (90%), CSet: 162M (9%)
[31.990s][info][gc,ergo     ] GC(68) Pacer for Evacuation. Used CSet: 163M, Free: 1747M, Non-Taxable: 174M, Alloc Tax Rate: 1.1x
[31.990s][info][gc          ] GC(68) Pause Final Mark (unload classes) 0.213ms
[31.990s][info][gc,start    ] GC(68) Concurrent thread roots
[31.990s][info][gc,task     ] GC(68) Using 1 of 3 workers for Concurrent thread roots
[31.991s][info][gc          ] GC(68) Concurrent thread roots 0.368ms
[31.991s][info][gc,start    ] GC(68) Concurrent weak references
[31.991s][info][gc,task     ] GC(68) Using 1 of 3 workers for concurrent weak references
[31.991s][info][gc,ref      ] GC(68) Encountered references: Soft: 137, Weak: 908, Final: 3, Phantom: 124
[31.991s][info][gc,ref      ] GC(68) Discovered  references: Soft: 0, Weak: 442, Final: 1, Phantom: 109
[31.991s][info][gc,ref      ] GC(68) Enqueued    references: Soft: 0, Weak: 298, Final: 0, Phantom: 0
[31.991s][info][gc          ] GC(68) Concurrent weak references 0.166ms
[31.991s][info][gc,start    ] GC(68) Concurrent weak roots
[31.991s][info][gc,task     ] GC(68) Using 1 of 3 workers for concurrent weak root
[31.994s][info][gc          ] GC(68) Concurrent weak roots 2.873ms
[31.994s][info][gc,start    ] GC(68) Concurrent cleanup
[31.994s][info][gc          ] GC(68) Concurrent cleanup 1717M->209M(2048M) 0.109ms
[31.994s][info][gc,ergo     ] GC(68) Free: 1734M, Max: 1024K regular, 219M humongous, Frag: 88% external, 0% internal; Reserve: 102M, Max: 1024K
[31.994s][info][gc,start    ] GC(68) Concurrent class unloading
[31.994s][info][gc,task     ] GC(68) Using 1 of 3 workers for concurrent class unloading
[32.000s][info][gc          ] GC(68) Concurrent class unloading 5.969ms
[32.000s][info][gc,start    ] GC(68) Concurrent strong roots
[32.000s][info][gc,task     ] GC(68) Using 1 of 3 workers for concurrent strong root
[32.000s][info][gc          ] GC(68) Concurrent strong roots 0.087ms
[32.000s][info][gc,start    ] GC(68) Concurrent evacuation
[32.000s][info][gc,task     ] GC(68) Using 1 of 3 workers for concurrent evacuation
[32.001s][info][gc          ] GC(68) Concurrent evacuation 0.963ms
[32.001s][info][gc,start    ] GC(68) Pause Init Update Refs
[32.001s][info][gc,ergo     ] GC(68) Pacer for Update Refs. Used: 226M, Free: 1717M, Non-Taxable: 171M, Alloc Tax Rate: 1.1x
[32.001s][info][gc          ] GC(68) Pause Init Update Refs 0.052ms
[32.011s][info][gc,start    ] GC(68) Concurrent update references
[32.011s][info][gc,task     ] GC(68) Using 1 of 3 workers for concurrent reference update
[32.018s][info][gc          ] GC(68) Concurrent update references 6.871ms
[32.018s][info][gc,start    ] GC(68) Concurrent update thread roots
[32.018s][info][gc          ] GC(68) Concurrent update thread roots 0.483ms
[32.019s][info][gc,start    ] GC(68) Pause Final Update Refs
[32.019s][info][gc,task     ] GC(68) Using 3 of 3 workers for final reference update
[32.019s][info][gc          ] GC(68) Pause Final Update Refs 0.124ms
[32.019s][info][gc,start    ] GC(68) Concurrent cleanup
[32.019s][info][gc          ] GC(68) Concurrent cleanup 274M->111M(2048M) 0.040ms
[32.019s][info][gc,ergo     ] Free: 1831M, Max: 1024K regular, 1563M humongous, Frag: 15% external, 0% internal; Reserve: 103M, Max: 1024K
[32.019s][info][gc,stats    ] 
[32.019s][info][gc,stats    ] All times are wall-clock times, except per-root-class counters, that are sum over
[32.019s][info][gc,stats    ] all workers. Dividing the <total> over the root stage time estimates parallelism.
[32.019s][info][gc,stats    ] 
[32.019s][info][gc,stats    ] Concurrent Reset                   1055 us
[32.019s][info][gc,stats    ] Pause Init Mark (G)                 364 us
[32.019s][info][gc,stats    ] Pause Init Mark (N)                 120 us
[32.019s][info][gc,stats    ]   Update Region States               47 us
[32.019s][info][gc,stats    ] Concurrent Mark Roots               490 us, parallelism: 0.81x
[32.019s][info][gc,stats    ]   CMR: <total>                      399 us
[32.019s][info][gc,stats    ]   CMR: Thread Roots                 350 us, workers (us): 350, ---, ---, 
[32.019s][info][gc,stats    ]   CMR: VM Strong Roots                5 us, workers (us):   5, ---, ---, 
[32.019s][info][gc,stats    ]   CMR: CLDG Roots                    44 us, workers (us):  44, ---, ---, 
[32.019s][info][gc,stats    ] Concurrent Marking                 5780 us
[32.019s][info][gc,stats    ] Pause Final Mark (G)                321 us
[32.019s][info][gc,stats    ] Pause Final Mark (N)                222 us
[32.019s][info][gc,stats    ]   Finish Mark                        47 us
[32.019s][info][gc,stats    ]   Update Region States               40 us
[32.019s][info][gc,stats    ]   Choose Collection Set              64 us
[32.019s][info][gc,stats    ]   Rebuild Free Set                    9 us
[32.019s][info][gc,stats    ] Concurrent Thread Roots             386 us, parallelism: 0.81x
[32.019s][info][gc,stats    ]   CTR: <total>                      313 us
[32.019s][info][gc,stats    ]   CTR: Thread Roots                 313 us, workers (us): 313, ---, ---, 
[32.019s][info][gc,stats    ] Concurrent Weak References          174 us, parallelism: 0.57x
[32.019s][info][gc,stats    ]   CWRF: <total>                      98 us
[32.019s][info][gc,stats    ]   CWRF: Weak References              98 us, workers (us):  98, ---, ---, 
[32.019s][info][gc,stats    ] Concurrent Weak Roots              2906 us
[32.019s][info][gc,stats    ]   Roots                            1302 us, parallelism: 0.97x
[32.019s][info][gc,stats    ]     CWR: <total>                   1264 us
[32.019s][info][gc,stats    ]     CWR: Code Cache Roots          1149 us, workers (us): 1149, ---, ---, 
[32.019s][info][gc,stats    ]     CWR: VM Weak Roots              108 us, workers (us): 108, ---, ---, 
[32.019s][info][gc,stats    ]     CWR: CLDG Roots                   7 us, workers (us):   7, ---, ---, 
[32.019s][info][gc,stats    ]   Rendezvous                       1549 us
[32.019s][info][gc,stats    ] Concurrent Cleanup                  118 us
[32.019s][info][gc,stats    ] Concurrent Class Unloading         6003 us
[32.019s][info][gc,stats    ]   Unlink Stale                     5392 us
[32.019s][info][gc,stats    ]     System Dictionary                11 us
[32.019s][info][gc,stats    ]     Weak Class Links                  0 us
[32.019s][info][gc,stats    ]     Code Roots                     5379 us
[32.019s][info][gc,stats    ]   Rendezvous                        293 us
[32.019s][info][gc,stats    ]   Purge Unlinked                    264 us
[32.019s][info][gc,stats    ]     Code Roots                      258 us
[32.019s][info][gc,stats    ]     CLDG                              6 us
[32.019s][info][gc,stats    ]     Exception Caches                  0 us
[32.019s][info][gc,stats    ] Concurrent Strong Roots              98 us, parallelism: 0.42x
[32.019s][info][gc,stats    ]   CSR: <total>                       41 us
[32.019s][info][gc,stats    ]   CSR: VM Strong Roots                4 us, workers (us):   4, ---, ---, 
[32.019s][info][gc,stats    ]   CSR: CLDG Roots                    37 us, workers (us):  37, ---, ---, 
[32.019s][info][gc,stats    ] Concurrent Evacuation              1019 us
[32.019s][info][gc,stats    ] Pause Init Update Refs (G)         9970 us
[32.019s][info][gc,stats    ] Pause Init Update Refs (N)           61 us
[32.019s][info][gc,stats    ]   Manage GCLABs                       3 us
[32.019s][info][gc,stats    ] Concurrent Update Refs             6906 us
[32.019s][info][gc,stats    ] Concurrent Update Thread Roots      521 us
[32.019s][info][gc,stats    ] Pause Final Update Refs (G)         277 us
[32.019s][info][gc,stats    ] Pause Final Update Refs (N)         145 us
[32.019s][info][gc,stats    ]   Update Region States               50 us
[32.019s][info][gc,stats    ]   Trash Collection Set                9 us
[32.019s][info][gc,stats    ]   Rebuild Free Set                   16 us
[32.019s][info][gc,stats    ] Concurrent Cleanup                   50 us
[32.019s][info][gc,stats    ] 
[32.019s][info][gc,stats    ] Allocation pacing accrued:
[32.019s][info][gc,stats    ]       0 of   468 ms (  0.0%): <total>
[32.019s][info][gc,stats    ]       0 of   468 ms (  0.0%): <average total>
[32.019s][info][gc,stats    ] 
[32.019s][info][gc,metaspace] Metaspace: 8796K(9472K)->8796K(9472K) NonClass: 7946K(8320K)->7946K(8320K) Class: 850K(1152K)->850K(1152K)
[32.019s][info][gc,ergo     ] Pacer for Idle. Initial: 41943K, Alloc Tax Rate: 1.0x
[32.456s][info][gc          ] Trigger: Average GC time (43.77 ms) is above the time for average allocation rate (3751 MB/s) to deplete free headroom (149M) (margin of error = 1.87)
[32.456s][info][gc,ergo     ] Free headroom: 251M (free) - 102M (spike) - 0B (penalties) = 149M
[32.456s][info][gc,ergo     ] Free: 250M, Max: 1024K regular, 219M humongous, Frag: 10% external, 1% internal; Reserve: 103M, Max: 1024K
[32.456s][info][gc,start    ] GC(69) Concurrent reset
[32.456s][info][gc,task     ] GC(69) Using 1 of 3 workers for concurrent reset
[32.456s][info][gc,ergo     ] GC(69) Pacer for Reset. Non-Taxable: 2048M
[32.457s][info][gc          ] GC(69) Concurrent reset 0.998ms
[32.458s][info][gc,start    ] GC(69) Pause Init Mark (unload classes)
[32.458s][info][gc,task     ] GC(69) Using 3 of 3 workers for init marking
[32.458s][info][gc,ergo     ] GC(69) Pacer for Mark. Expected Live: 8460K, Free: 246M, Non-Taxable: 25275K, Alloc Tax Rate: 0.0x
[32.458s][info][gc          ] GC(69) Pause Init Mark (unload classes) 0.123ms
[32.459s][info][gc,start    ] GC(69) Concurrent marking roots
[32.459s][info][gc,task     ] GC(69) Using 1 of 3 workers for concurrent marking roots
[32.460s][info][gc          ] GC(69) Concurrent marking roots 0.458ms
[32.460s][info][gc,start    ] GC(69) Concurrent marking (unload classes)
[32.460s][info][gc,task     ] GC(69) Using 1 of 3 workers for concurrent marking
[32.465s][info][gc          ] GC(69) Concurrent marking (unload classes) 5.306ms
[32.465s][info][gc,start    ] GC(69) Pause Final Mark (unload classes)
[32.465s][info][gc,task     ] GC(69) Using 3 of 3 workers for final marking
[32.465s][info][gc,ergo     ] GC(69) Adaptive CSet Selection. Target Free: 290M, Actual Free: 1842M, Max CSet: 87381K, Min Garbage: 0B
[32.465s][info][gc,ergo     ] GC(69) Collectable Garbage: 1685M (99%), Immediate: 1522M (90%), CSet: 163M (9%)
[32.465s][info][gc,ergo     ] GC(69) Pacer for Evacuation. Used CSet: 164M, Free: 1746M, Non-Taxable: 174M, Alloc Tax Rate: 1.1x
[32.465s][info][gc          ] GC(69) Pause Final Mark (unload classes) 0.215ms
[32.465s][info][gc,start    ] GC(69) Concurrent thread roots
[32.465s][info][gc,task     ] GC(69) Using 1 of 3 workers for Concurrent thread roots
[32.466s][info][gc          ] GC(69) Concurrent thread roots 0.444ms
[32.466s][info][gc,start    ] GC(69) Concurrent weak references
[32.466s][info][gc,task     ] GC(69) Using 1 of 3 workers for concurrent weak references
[32.466s][info][gc,ref      ] GC(69) Encountered references: Soft: 137, Weak: 902, Final: 3, Phantom: 124
[32.466s][info][gc,ref      ] GC(69) Discovered  references: Soft: 0, Weak: 434, Final: 1, Phantom: 108
[32.466s][info][gc,ref      ] GC(69) Enqueued    references: Soft: 0, Weak: 295, Final: 0, Phantom: 0
[32.466s][info][gc          ] GC(69) Concurrent weak references 0.258ms
[32.466s][info][gc,start    ] GC(69) Concurrent weak roots
[32.466s][info][gc,task     ] GC(69) Using 1 of 3 workers for concurrent weak root
[32.468s][info][gc          ] GC(69) Concurrent weak roots 1.443ms
[32.468s][info][gc,start    ] GC(69) Concurrent cleanup
[32.468s][info][gc          ] GC(69) Concurrent cleanup 1724M->202M(2048M) 0.085ms
[32.468s][info][gc,ergo     ] GC(69) Free: 1740M, Max: 1024K regular, 211M humongous, Frag: 88% external, 0% internal; Reserve: 102M, Max: 1024K
[32.468s][info][gc,start    ] GC(69) Concurrent class unloading
[32.468s][info][gc,task     ] GC(69) Using 1 of 3 workers for concurrent class unloading
[32.476s][info][gc          ] GC(69) Concurrent class unloading 7.748ms
[32.476s][info][gc,start    ] GC(69) Concurrent strong roots
[32.476s][info][gc,task     ] GC(69) Using 1 of 3 workers for concurrent strong root
[32.476s][info][gc          ] GC(69) Concurrent strong roots 0.099ms
[32.476s][info][gc,start    ] GC(69) Concurrent evacuation
[32.476s][info][gc,task     ] GC(69) Using 1 of 3 workers for concurrent evacuation
[32.477s][info][gc          ] GC(69) Concurrent evacuation 1.085ms
[32.477s][info][gc,start    ] GC(69) Pause Init Update Refs
[32.477s][info][gc,ergo     ] GC(69) Pacer for Update Refs. Used: 229M, Free: 1714M, Non-Taxable: 171M, Alloc Tax Rate: 1.1x
[32.477s][info][gc          ] GC(69) Pause Init Update Refs 0.047ms
[32.485s][info][gc,start    ] GC(69) Concurrent update references
[32.485s][info][gc,task     ] GC(69) Using 1 of 3 workers for concurrent reference update
[32.492s][info][gc          ] GC(69) Concurrent update references 7.214ms
[32.492s][info][gc,start    ] GC(69) Concurrent update thread roots
[32.492s][info][gc          ] GC(69) Concurrent update thread roots 0.466ms
[32.492s][info][gc,start    ] GC(69) Pause Final Update Refs
[32.492s][info][gc,task     ] GC(69) Using 3 of 3 workers for final reference update
[32.492s][info][gc          ] GC(69) Pause Final Update Refs 0.107ms
[32.493s][info][gc,start    ] GC(69) Concurrent cleanup
[32.493s][info][gc          ] GC(69) Concurrent cleanup 270M->107M(2048M) 0.039ms
[32.493s][info][gc,ergo     ] Free: 1835M, Max: 1024K regular, 1598M humongous, Frag: 13% external, 0% internal; Reserve: 103M, Max: 1024K
[32.493s][info][gc,stats    ] 
[32.493s][info][gc,stats    ] All times are wall-clock times, except per-root-class counters, that are sum over
[32.493s][info][gc,stats    ] all workers. Dividing the <total> over the root stage time estimates parallelism.
[32.493s][info][gc,stats    ] 
[32.493s][info][gc,stats    ] Concurrent Reset                   1056 us
[32.493s][info][gc,stats    ] Pause Init Mark (G)                1837 us
[32.493s][info][gc,stats    ] Pause Init Mark (N)                 133 us
[32.493s][info][gc,stats    ]   Update Region States               25 us
[32.493s][info][gc,stats    ] Concurrent Mark Roots               477 us, parallelism: 0.76x
[32.493s][info][gc,stats    ]   CMR: <total>                      362 us
[32.493s][info][gc,stats    ]   CMR: Thread Roots                 307 us, workers (us): 307, ---, ---, 
[32.493s][info][gc,stats    ]   CMR: VM Strong Roots                5 us, workers (us):   5, ---, ---, 
[32.493s][info][gc,stats    ]   CMR: CLDG Roots                    50 us, workers (us):  50, ---, ---, 
[32.493s][info][gc,stats    ] Concurrent Marking                 5341 us
[32.493s][info][gc,stats    ] Pause Final Mark (G)                342 us
[32.493s][info][gc,stats    ] Pause Final Mark (N)                223 us
[32.493s][info][gc,stats    ]   Finish Mark                        51 us
[32.493s][info][gc,stats    ]   Update Region States               36 us
[32.493s][info][gc,stats    ]   Choose Collection Set              62 us
[32.493s][info][gc,stats    ]   Rebuild Free Set                    8 us
[32.493s][info][gc,stats    ] Concurrent Thread Roots             466 us, parallelism: 0.84x
[32.493s][info][gc,stats    ]   CTR: <total>                      393 us
[32.493s][info][gc,stats    ]   CTR: Thread Roots                 393 us, workers (us): 393, ---, ---, 
[32.493s][info][gc,stats    ] Concurrent Weak References          270 us, parallelism: 0.45x
[32.493s][info][gc,stats    ]   CWRF: <total>                     122 us
[32.493s][info][gc,stats    ]   CWRF: Weak References             122 us, workers (us): 122, ---, ---, 
[32.493s][info][gc,stats    ] Concurrent Weak Roots              1490 us
[32.493s][info][gc,stats    ]   Roots                            1354 us, parallelism: 0.97x
[32.493s][info][gc,stats    ]     CWR: <total>                   1319 us
[32.493s][info][gc,stats    ]     CWR: Code Cache Roots          1207 us, workers (us): 1207, ---, ---, 
[32.493s][info][gc,stats    ]     CWR: VM Weak Roots              103 us, workers (us): 103, ---, ---, 
[32.493s][info][gc,stats    ]     CWR: CLDG Roots                   9 us, workers (us):   9, ---, ---, 
[32.493s][info][gc,stats    ]   Rendezvous                         65 us
[32.493s][info][gc,stats    ] Concurrent Cleanup                   95 us
[32.493s][info][gc,stats    ] Concurrent Class Unloading         7784 us
[32.493s][info][gc,stats    ]   Unlink Stale                     4769 us
[32.493s][info][gc,stats    ]     System Dictionary                 9 us
[32.493s][info][gc,stats    ]     Weak Class Links                  0 us
[32.493s][info][gc,stats    ]     Code Roots                     4758 us
[32.493s][info][gc,stats    ]   Rendezvous                       2637 us
[32.493s][info][gc,stats    ]   Purge Unlinked                    320 us
[32.493s][info][gc,stats    ]     Code Roots                      312 us
[32.493s][info][gc,stats    ]     CLDG                              7 us
[32.493s][info][gc,stats    ]     Exception Caches                  0 us
[32.493s][info][gc,stats    ] Concurrent Strong Roots             111 us, parallelism: 0.47x
[32.493s][info][gc,stats    ]   CSR: <total>                       52 us
[32.493s][info][gc,stats    ]   CSR: VM Strong Roots                5 us, workers (us):   5, ---, ---, 
[32.493s][info][gc,stats    ]   CSR: CLDG Roots                    47 us, workers (us):  47, ---, ---, 
[32.493s][info][gc,stats    ] Concurrent Evacuation              1137 us
[32.493s][info][gc,stats    ] Pause Init Update Refs (G)         7697 us
[32.493s][info][gc,stats    ] Pause Init Update Refs (N)           57 us
[32.493s][info][gc,stats    ]   Manage GCLABs                       4 us
[32.493s][info][gc,stats    ] Concurrent Update Refs             7264 us
[32.493s][info][gc,stats    ] Concurrent Update Thread Roots      488 us
[32.493s][info][gc,stats    ] Pause Final Update Refs (G)         349 us
[32.493s][info][gc,stats    ] Pause Final Update Refs (N)         127 us
[32.493s][info][gc,stats    ]   Update Region States               42 us
[32.493s][info][gc,stats    ]   Trash Collection Set                9 us
[32.493s][info][gc,stats    ]   Rebuild Free Set                   15 us
[32.493s][info][gc,stats    ] Concurrent Cleanup                   49 us
[32.493s][info][gc,stats    ] 
[32.493s][info][gc,stats    ] Allocation pacing accrued:
[32.493s][info][gc,stats    ]       0 of   474 ms (  0.0%): <total>
[32.493s][info][gc,stats    ]       0 of   474 ms (  0.0%): <average total>
[32.493s][info][gc,stats    ] 
[32.493s][info][gc,metaspace] Metaspace: 8796K(9472K)->8796K(9472K) NonClass: 7946K(8320K)->7946K(8320K) Class: 850K(1152K)->850K(1152K)
[32.493s][info][gc,ergo     ] Pacer for Idle. Initial: 41943K, Alloc Tax Rate: 1.0x
[32.922s][info][gc          ] Trigger: Average GC time (41.55 ms) is above the time for average allocation rate (3715 MB/s) to deplete free headroom (135M) (margin of error = 1.87)
[32.923s][info][gc,ergo     ] Free headroom: 237M (free) - 102M (spike) - 0B (penalties) = 135M
[32.923s][info][gc,ergo     ] Free: 237M, Max: 1024K regular, 211M humongous, Frag: 9% external, 1% internal; Reserve: 103M, Max: 1024K
[32.923s][info][gc,start    ] GC(70) Concurrent reset
[32.923s][info][gc,task     ] GC(70) Using 1 of 3 workers for concurrent reset
[32.923s][info][gc,ergo     ] GC(70) Pacer for Reset. Non-Taxable: 2048M
[32.924s][info][gc          ] GC(70) Concurrent reset 0.969ms
[32.924s][info][gc,start    ] GC(70) Pause Init Mark (unload classes)
[32.924s][info][gc,task     ] GC(70) Using 3 of 3 workers for init marking
[32.924s][info][gc,ergo     ] GC(70) Pacer for Mark. Expected Live: 8463K, Free: 234M, Non-Taxable: 24033K, Alloc Tax Rate: 0.0x
[32.924s][info][gc          ] GC(70) Pause Init Mark (unload classes) 0.120ms
[32.924s][info][gc,start    ] GC(70) Concurrent marking roots
[32.924s][info][gc,task     ] GC(70) Using 1 of 3 workers for concurrent marking roots
[32.924s][info][gc          ] GC(70) Concurrent marking roots 0.459ms
[32.924s][info][gc,start    ] GC(70) Concurrent marking (unload classes)
[32.925s][info][gc,task     ] GC(70) Using 1 of 3 workers for concurrent marking
[32.930s][info][gc          ] GC(70) Concurrent marking (unload classes) 5.185ms
[32.930s][info][gc,start    ] GC(70) Pause Final Mark (unload classes)
[32.930s][info][gc,task     ] GC(70) Using 3 of 3 workers for final marking
[32.930s][info][gc,ergo     ] GC(70) Adaptive CSet Selection. Target Free: 290M, Actual Free: 1843M, Max CSet: 87381K, Min Garbage: 0B
[32.930s][info][gc,ergo     ] GC(70) Collectable Garbage: 1697M (99%), Immediate: 1534M (90%), CSet: 163M (9%)
[32.930s][info][gc,ergo     ] GC(70) Pacer for Evacuation. Used CSet: 164M, Free: 1747M, Non-Taxable: 174M, Alloc Tax Rate: 1.1x
[32.930s][info][gc          ] GC(70) Pause Final Mark (unload classes) 0.208ms
[32.930s][info][gc,start    ] GC(70) Concurrent thread roots
[32.930s][info][gc,task     ] GC(70) Using 1 of 3 workers for Concurrent thread roots
[32.930s][info][gc          ] GC(70) Concurrent thread roots 0.399ms
[32.930s][info][gc,start    ] GC(70) Concurrent weak references
[32.930s][info][gc,task     ] GC(70) Using 1 of 3 workers for concurrent weak references
[32.931s][info][gc,ref      ] GC(70) Encountered references: Soft: 137, Weak: 907, Final: 3, Phantom: 124
[32.931s][info][gc,ref      ] GC(70) Discovered  references: Soft: 0, Weak: 436, Final: 1, Phantom: 108
[32.931s][info][gc,ref      ] GC(70) Enqueued    references: Soft: 0, Weak: 298, Final: 0, Phantom: 0
[32.931s][info][gc          ] GC(70) Concurrent weak references 0.163ms
[32.931s][info][gc,start    ] GC(70) Concurrent weak roots
[32.931s][info][gc,task     ] GC(70) Using 1 of 3 workers for concurrent weak root
[32.932s][info][gc          ] GC(70) Concurrent weak roots 1.470ms
[32.932s][info][gc,start    ] GC(70) Concurrent cleanup
[32.932s][info][gc          ] GC(70) Concurrent cleanup 1737M->204M(2048M) 0.101ms
[32.932s][info][gc,ergo     ] GC(70) Free: 1739M, Max: 1024K regular, 199M humongous, Frag: 89% external, 0% internal; Reserve: 102M, Max: 1024K
[32.932s][info][gc,start    ] GC(70) Concurrent class unloading
[32.932s][info][gc,task     ] GC(70) Using 1 of 3 workers for concurrent class unloading
[32.938s][info][gc          ] GC(70) Concurrent class unloading 6.008ms
[32.938s][info][gc,start    ] GC(70) Concurrent strong roots
[32.938s][info][gc,task     ] GC(70) Using 1 of 3 workers for concurrent strong root
[32.938s][info][gc          ] GC(70) Concurrent strong roots 0.091ms
[32.938s][info][gc,start    ] GC(70) Concurrent evacuation
[32.938s][info][gc,task     ] GC(70) Using 1 of 3 workers for concurrent evacuation
[32.939s][info][gc          ] GC(70) Concurrent evacuation 0.998ms
[32.940s][info][gc,start    ] GC(70) Pause Init Update Refs
[32.940s][info][gc,ergo     ] GC(70) Pacer for Update Refs. Used: 220M, Free: 1723M, Non-Taxable: 172M, Alloc Tax Rate: 1.1x
[32.940s][info][gc          ] GC(70) Pause Init Update Refs 0.070ms
[32.943s][info][gc,start    ] GC(70) Concurrent update references
[32.943s][info][gc,task     ] GC(70) Using 1 of 3 workers for concurrent reference update
[32.949s][info][gc          ] GC(70) Concurrent update references 6.790ms
[32.950s][info][gc,start    ] GC(70) Concurrent update thread roots
[32.950s][info][gc          ] GC(70) Concurrent update thread roots 0.473ms
[32.950s][info][gc,start    ] GC(70) Pause Final Update Refs
[32.950s][info][gc,task     ] GC(70) Using 3 of 3 workers for final reference update
[32.950s][info][gc          ] GC(70) Pause Final Update Refs 0.109ms
[32.951s][info][gc,start    ] GC(70) Concurrent cleanup
[32.951s][info][gc          ] GC(70) Concurrent cleanup 246M->81M(2048M) 0.040ms
[32.951s][info][gc,ergo     ] Free: 1861M, Max: 1024K regular, 1625M humongous, Frag: 13% external, 0% internal; Reserve: 103M, Max: 1024K
[32.951s][info][gc,stats    ] 
[32.951s][info][gc,stats    ] All times are wall-clock times, except per-root-class counters, that are sum over
[32.951s][info][gc,stats    ] all workers. Dividing the <total> over the root stage time estimates parallelism.
[32.951s][info][gc,stats    ] 
[32.951s][info][gc,stats    ] Concurrent Reset                   1056 us
[32.951s][info][gc,stats    ] Pause Init Mark (G)                 382 us
[32.951s][info][gc,stats    ] Pause Init Mark (N)                 129 us
[32.951s][info][gc,stats    ]   Update Region States               50 us
[32.951s][info][gc,stats    ] Concurrent Mark Roots               486 us, parallelism: 0.81x
[32.951s][info][gc,stats    ]   CMR: <total>                      392 us
[32.951s][info][gc,stats    ]   CMR: Thread Roots                 344 us, workers (us): 344, ---, ---, 
[32.951s][info][gc,stats    ]   CMR: VM Strong Roots                6 us, workers (us):   6, ---, ---, 
[32.951s][info][gc,stats    ]   CMR: CLDG Roots                    42 us, workers (us):  42, ---, ---, 
[32.951s][info][gc,stats    ] Concurrent Marking                 5228 us
[32.951s][info][gc,stats    ] Pause Final Mark (G)                329 us
[32.951s][info][gc,stats    ] Pause Final Mark (N)                217 us
[32.951s][info][gc,stats    ]   Finish Mark                        45 us
[32.951s][info][gc,stats    ]   Update Region States               36 us
[32.951s][info][gc,stats    ]   Choose Collection Set              62 us
[32.951s][info][gc,stats    ]   Rebuild Free Set                   10 us
[32.951s][info][gc,stats    ] Concurrent Thread Roots             422 us, parallelism: 0.83x
[32.951s][info][gc,stats    ]   CTR: <total>                      349 us
[32.951s][info][gc,stats    ]   CTR: Thread Roots                 349 us, workers (us): 349, ---, ---, 
[32.951s][info][gc,stats    ] Concurrent Weak References          171 us, parallelism: 0.56x
[32.951s][info][gc,stats    ]   CWRF: <total>                      95 us
[32.951s][info][gc,stats    ]   CWRF: Weak References              95 us, workers (us):  95, ---, ---, 
[32.951s][info][gc,stats    ] Concurrent Weak Roots              1521 us
[32.951s][info][gc,stats    ]   Roots                            1313 us, parallelism: 0.97x
[32.951s][info][gc,stats    ]     CWR: <total>                   1280 us
[32.951s][info][gc,stats    ]     CWR: Code Cache Roots          1170 us, workers (us): 1170, ---, ---, 
[32.951s][info][gc,stats    ]     CWR: VM Weak Roots              103 us, workers (us): 103, ---, ---, 
[32.951s][info][gc,stats    ]     CWR: CLDG Roots                   7 us, workers (us):   7, ---, ---, 
[32.951s][info][gc,stats    ]   Rendezvous                        137 us
[32.951s][info][gc,stats    ] Concurrent Cleanup                  111 us
[32.951s][info][gc,stats    ] Concurrent Class Unloading         6055 us
[32.951s][info][gc,stats    ]   Unlink Stale                     5018 us
[32.951s][info][gc,stats    ]     System Dictionary                10 us
[32.951s][info][gc,stats    ]     Weak Class Links                  0 us
[32.951s][info][gc,stats    ]     Code Roots                     5006 us
[32.951s][info][gc,stats    ]   Rendezvous                        650 us
[32.951s][info][gc,stats    ]   Purge Unlinked                    318 us
[32.951s][info][gc,stats    ]     Code Roots                      310 us
[32.951s][info][gc,stats    ]     CLDG                              7 us
[32.951s][info][gc,stats    ]     Exception Caches                  0 us
[32.951s][info][gc,stats    ] Concurrent Strong Roots             104 us, parallelism: 0.44x
[32.951s][info][gc,stats    ]   CSR: <total>                       46 us
[32.951s][info][gc,stats    ]   CSR: VM Strong Roots                3 us, workers (us):   3, ---, ---, 
[32.951s][info][gc,stats    ]   CSR: CLDG Roots                    42 us, workers (us):  42, ---, ---, 
[32.951s][info][gc,stats    ] Concurrent Evacuation              1052 us
[32.951s][info][gc,stats    ] Pause Init Update Refs (G)         3130 us
[32.951s][info][gc,stats    ] Pause Init Update Refs (N)           81 us
[32.951s][info][gc,stats    ]   Manage GCLABs                       4 us
[32.951s][info][gc,stats    ] Concurrent Update Refs             6865 us
[32.951s][info][gc,stats    ] Concurrent Update Thread Roots      499 us
[32.951s][info][gc,stats    ] Pause Final Update Refs (G)         535 us
[32.951s][info][gc,stats    ] Pause Final Update Refs (N)         130 us
[32.951s][info][gc,stats    ]   Update Region States               47 us
[32.951s][info][gc,stats    ]   Trash Collection Set                5 us
[32.951s][info][gc,stats    ]   Rebuild Free Set                   11 us
[32.951s][info][gc,stats    ] Concurrent Cleanup                   51 us
[32.951s][info][gc,stats    ] 
[32.951s][info][gc,stats    ] Allocation pacing accrued:
[32.951s][info][gc,stats    ]       0 of   458 ms (  0.0%): <total>
[32.951s][info][gc,stats    ]       0 of   458 ms (  0.0%): <average total>
[32.951s][info][gc,stats    ] 
[32.951s][info][gc,metaspace] Metaspace: 8796K(9472K)->8796K(9472K) NonClass: 7946K(8320K)->7946K(8320K) Class: 850K(1152K)->850K(1152K)
[32.951s][info][gc,ergo     ] Pacer for Idle. Initial: 41943K, Alloc Tax Rate: 1.0x
[33.397s][info][gc          ] Trigger: Average GC time (41.66 ms) is above the time for average allocation rate (3689 MB/s) to deplete free headroom (110M) (margin of error = 1.86)
[33.397s][info][gc,ergo     ] Free headroom: 213M (free) - 102M (spike) - 0B (penalties) = 110M
[33.397s][info][gc,ergo     ] Free: 213M, Max: 1024K regular, 199M humongous, Frag: 3% external, 1% internal; Reserve: 103M, Max: 1024K
[33.397s][info][gc,start    ] GC(71) Concurrent reset
[33.397s][info][gc,task     ] GC(71) Using 1 of 3 workers for concurrent reset
[33.397s][info][gc,ergo     ] GC(71) Pacer for Reset. Non-Taxable: 2048M
[33.398s][info][gc          ] GC(71) Concurrent reset 0.971ms
[33.398s][info][gc,start    ] GC(71) Pause Init Mark (unload classes)
[33.398s][info][gc,task     ] GC(71) Using 3 of 3 workers for init marking
[33.398s][info][gc,ergo     ] GC(71) Pacer for Mark. Expected Live: 8481K, Free: 211M, Non-Taxable: 21608K, Alloc Tax Rate: 0.0x
[33.398s][info][gc          ] GC(71) Pause Init Mark (unload classes) 0.104ms
[33.400s][info][gc,start    ] GC(71) Concurrent marking roots
[33.400s][info][gc,task     ] GC(71) Using 1 of 3 workers for concurrent marking roots
[33.401s][info][gc          ] GC(71) Concurrent marking roots 0.428ms
[33.401s][info][gc,start    ] GC(71) Concurrent marking (unload classes)
[33.401s][info][gc,task     ] GC(71) Using 1 of 3 workers for concurrent marking
[33.412s][info][gc          ] GC(71) Concurrent marking (unload classes) 11.179ms
[33.412s][info][gc,start    ] GC(71) Pause Final Mark (unload classes)
[33.412s][info][gc,task     ] GC(71) Using 3 of 3 workers for final marking
[33.412s][info][gc,ergo     ] GC(71) Adaptive CSet Selection. Target Free: 290M, Actual Free: 1816M, Max CSet: 87381K, Min Garbage: 0B
[33.412s][info][gc,ergo     ] GC(71) Collectable Garbage: 1721M (99%), Immediate: 1559M (90%), CSet: 162M (9%)
[33.412s][info][gc,ergo     ] GC(71) Pacer for Evacuation. Used CSet: 163M, Free: 1721M, Non-Taxable: 172M, Alloc Tax Rate: 1.1x
[33.412s][info][gc          ] GC(71) Pause Final Mark (unload classes) 0.259ms
[33.412s][info][gc,start    ] GC(71) Concurrent thread roots
[33.412s][info][gc,task     ] GC(71) Using 1 of 3 workers for Concurrent thread roots
[33.413s][info][gc          ] GC(71) Concurrent thread roots 0.382ms
[33.413s][info][gc,start    ] GC(71) Concurrent weak references
[33.413s][info][gc,task     ] GC(71) Using 1 of 3 workers for concurrent weak references
[33.413s][info][gc,ref      ] GC(71) Encountered references: Soft: 137, Weak: 907, Final: 3, Phantom: 108
[33.413s][info][gc,ref      ] GC(71) Discovered  references: Soft: 0, Weak: 432, Final: 1, Phantom: 79
[33.413s][info][gc,ref      ] GC(71) Enqueued    references: Soft: 0, Weak: 297, Final: 0, Phantom: 0
[33.413s][info][gc          ] GC(71) Concurrent weak references 0.173ms
[33.413s][info][gc,start    ] GC(71) Concurrent weak roots
[33.413s][info][gc,task     ] GC(71) Using 1 of 3 workers for concurrent weak root
[33.414s][info][gc          ] GC(71) Concurrent weak roots 1.437ms
[33.415s][info][gc,start    ] GC(71) Concurrent cleanup
[33.415s][info][gc          ] GC(71) Concurrent cleanup 1790M->231M(2048M) 0.108ms
[33.415s][info][gc,ergo     ] GC(71) Free: 1712M, Max: 1024K regular, 145M humongous, Frag: 92% external, 0% internal; Reserve: 102M, Max: 1024K
[33.415s][info][gc,start    ] GC(71) Concurrent class unloading
[33.415s][info][gc,task     ] GC(71) Using 1 of 3 workers for concurrent class unloading
[33.420s][info][gc          ] GC(71) Concurrent class unloading 5.422ms
[33.420s][info][gc,start    ] GC(71) Concurrent strong roots
[33.420s][info][gc,task     ] GC(71) Using 1 of 3 workers for concurrent strong root
[33.420s][info][gc          ] GC(71) Concurrent strong roots 0.081ms
[33.420s][info][gc,start    ] GC(71) Concurrent evacuation
[33.420s][info][gc,task     ] GC(71) Using 1 of 3 workers for concurrent evacuation
[33.421s][info][gc          ] GC(71) Concurrent evacuation 1.054ms
[33.421s][info][gc,start    ] GC(71) Pause Init Update Refs
[33.421s][info][gc,ergo     ] GC(71) Pacer for Update Refs. Used: 250M, Free: 1694M, Non-Taxable: 169M, Alloc Tax Rate: 1.1x
[33.421s][info][gc          ] GC(71) Pause Init Update Refs 0.051ms
[33.422s][info][gc,start    ] GC(71) Concurrent update references
[33.422s][info][gc,task     ] GC(71) Using 1 of 3 workers for concurrent reference update
[33.436s][info][gc          ] GC(71) Concurrent update references 13.382ms
[33.436s][info][gc,start    ] GC(71) Concurrent update thread roots
[33.437s][info][gc          ] GC(71) Concurrent update thread roots 0.670ms
[33.437s][info][gc,start    ] GC(71) Pause Final Update Refs
[33.437s][info][gc,task     ] GC(71) Using 3 of 3 workers for final reference update
[33.437s][info][gc          ] GC(71) Pause Final Update Refs 0.099ms
[33.437s][info][gc,start    ] GC(71) Concurrent cleanup
[33.437s][info][gc          ] GC(71) Concurrent cleanup 291M->128M(2048M) 0.038ms
[33.437s][info][gc,ergo     ] Free: 1814M, Max: 1024K regular, 1645M humongous, Frag: 9% external, 0% internal; Reserve: 103M, Max: 1024K
[33.437s][info][gc,stats    ] 
[33.437s][info][gc,stats    ] All times are wall-clock times, except per-root-class counters, that are sum over
[33.437s][info][gc,stats    ] all workers. Dividing the <total> over the root stage time estimates parallelism.
[33.437s][info][gc,stats    ] 
[33.437s][info][gc,stats    ] Concurrent Reset                   1030 us
[33.437s][info][gc,stats    ] Pause Init Mark (G)                2470 us
[33.437s][info][gc,stats    ] Pause Init Mark (N)                 113 us
[33.437s][info][gc,stats    ]   Update Region States               38 us
[33.437s][info][gc,stats    ] Concurrent Mark Roots               450 us, parallelism: 0.75x
[33.437s][info][gc,stats    ]   CMR: <total>                      337 us
[33.437s][info][gc,stats    ]   CMR: Thread Roots                 287 us, workers (us): 287, ---, ---, 
[33.437s][info][gc,stats    ]   CMR: VM Strong Roots                6 us, workers (us):   6, ---, ---, 
[33.437s][info][gc,stats    ]   CMR: CLDG Roots                    44 us, workers (us):  44, ---, ---, 
[33.437s][info][gc,stats    ] Concurrent Marking                11226 us
[33.437s][info][gc,stats    ] Pause Final Mark (G)                413 us
[33.437s][info][gc,stats    ] Pause Final Mark (N)                268 us
[33.437s][info][gc,stats    ]   Finish Mark                        51 us
[33.437s][info][gc,stats    ]   Update Region States               61 us
[33.437s][info][gc,stats    ]   Choose Collection Set              67 us
[33.437s][info][gc,stats    ]   Rebuild Free Set                    9 us
[33.437s][info][gc,stats    ] Concurrent Thread Roots             405 us, parallelism: 0.85x
[33.437s][info][gc,stats    ]   CTR: <total>                      344 us
[33.437s][info][gc,stats    ]   CTR: Thread Roots                 344 us, workers (us): 344, ---, ---, 
[33.437s][info][gc,stats    ] Concurrent Weak References          181 us, parallelism: 0.57x
[33.437s][info][gc,stats    ]   CWRF: <total>                     104 us
[33.437s][info][gc,stats    ]   CWRF: Weak References             104 us, workers (us): 104, ---, ---, 
[33.437s][info][gc,stats    ] Concurrent Weak Roots              1491 us
[33.437s][info][gc,stats    ]   Roots                            1351 us, parallelism: 0.97x
[33.437s][info][gc,stats    ]     CWR: <total>                   1315 us
[33.437s][info][gc,stats    ]     CWR: Code Cache Roots          1193 us, workers (us): 1193, ---, ---, 
[33.437s][info][gc,stats    ]     CWR: VM Weak Roots              115 us, workers (us): 115, ---, ---, 
[33.437s][info][gc,stats    ]     CWR: CLDG Roots                   7 us, workers (us):   7, ---, ---, 
[33.437s][info][gc,stats    ]   Rendezvous                         66 us
[33.437s][info][gc,stats    ] Concurrent Cleanup                  119 us
[33.437s][info][gc,stats    ] Concurrent Class Unloading         5473 us
[33.437s][info][gc,stats    ]   Unlink Stale                     4911 us
[33.437s][info][gc,stats    ]     System Dictionary                10 us
[33.437s][info][gc,stats    ]     Weak Class Links                  0 us
[33.437s][info][gc,stats    ]     Code Roots                     4899 us
[33.437s][info][gc,stats    ]   Rendezvous                        227 us
[33.437s][info][gc,stats    ]   Purge Unlinked                    262 us
[33.437s][info][gc,stats    ]     Code Roots                      256 us
[33.437s][info][gc,stats    ]     CLDG                              5 us
[33.437s][info][gc,stats    ]     Exception Caches                  1 us
[33.437s][info][gc,stats    ] Concurrent Strong Roots              91 us, parallelism: 0.41x
[33.437s][info][gc,stats    ]   CSR: <total>                       37 us
[33.437s][info][gc,stats    ]   CSR: VM Strong Roots                4 us, workers (us):   4, ---, ---, 
[33.437s][info][gc,stats    ]   CSR: CLDG Roots                    33 us, workers (us):  33, ---, ---, 
[33.437s][info][gc,stats    ] Concurrent Evacuation              1111 us
[33.437s][info][gc,stats    ] Pause Init Update Refs (G)         1045 us
[33.437s][info][gc,stats    ] Pause Init Update Refs (N)           60 us
[33.437s][info][gc,stats    ]   Manage GCLABs                       4 us
[33.437s][info][gc,stats    ] Concurrent Update Refs            13428 us
[33.437s][info][gc,stats    ] Concurrent Update Thread Roots      705 us
[33.437s][info][gc,stats    ] Pause Final Update Refs (G)         206 us
[33.437s][info][gc,stats    ] Pause Final Update Refs (N)         133 us
[33.437s][info][gc,stats    ]   Update Region States               47 us
[33.437s][info][gc,stats    ]   Trash Collection Set                7 us
[33.437s][info][gc,stats    ]   Rebuild Free Set                   13 us
[33.437s][info][gc,stats    ] Concurrent Cleanup                   50 us
[33.437s][info][gc,stats    ] 
[33.437s][info][gc,stats    ] Allocation pacing accrued:
[33.437s][info][gc,stats    ]       0 of   486 ms (  0.0%): <total>
[33.437s][info][gc,stats    ]       0 of   486 ms (  0.0%): <average total>
[33.437s][info][gc,stats    ] 
[33.437s][info][gc,metaspace] Metaspace: 8796K(9472K)->8796K(9472K) NonClass: 7946K(8320K)->7946K(8320K) Class: 850K(1152K)->850K(1152K)
[33.437s][info][gc,ergo     ] Pacer for Idle. Initial: 41943K, Alloc Tax Rate: 1.0x
[33.960s][info][gc          ] Trigger: Explicit GC request (System.gc())
[33.960s][info][gc,ergo     ] Free: 961M, Max: 1024K regular, 797M humongous, Frag: 17% external, 0% internal; Reserve: 103M, Max: 1024K
[33.960s][info][gc,start    ] GC(72) Concurrent reset
[33.960s][info][gc,task     ] GC(72) Using 1 of 3 workers for concurrent reset
[33.960s][info][gc,ergo     ] GC(72) Pacer for Reset. Non-Taxable: 2048M
[33.961s][info][gc          ] GC(72) Concurrent reset 1.034ms
[33.961s][info][gc,start    ] GC(72) Pause Init Mark (unload classes)
[33.961s][info][gc,task     ] GC(72) Using 3 of 3 workers for init marking
[33.962s][info][gc,ref      ] GC(72) Clearing All SoftReferences
[33.962s][info][gc,ergo     ] GC(72) Pacer for Mark. Expected Live: 8480K, Free: 961M, Non-Taxable: 98470K, Alloc Tax Rate: 0.0x
[33.962s][info][gc          ] GC(72) Pause Init Mark (unload classes) 0.136ms
[33.962s][info][gc,start    ] GC(72) Concurrent marking roots
[33.962s][info][gc,task     ] GC(72) Using 1 of 3 workers for concurrent marking roots
[33.962s][info][gc          ] GC(72) Concurrent marking roots 0.378ms
[33.962s][info][gc,start    ] GC(72) Concurrent marking (unload classes)
[33.962s][info][gc,task     ] GC(72) Using 1 of 3 workers for concurrent marking
[33.966s][info][gc          ] GC(72) Concurrent marking (unload classes) 3.791ms
[33.966s][info][gc,start    ] GC(72) Pause Final Mark (unload classes)
[33.966s][info][gc,task     ] GC(72) Using 3 of 3 workers for final marking
[33.966s][info][gc,ergo     ] GC(72) Collectable Garbage: 966M (99%), Immediate: 966M (99%), CSet: 0B (0%)
[33.966s][info][gc          ] GC(72) Pause Final Mark (unload classes) 0.285ms
[33.966s][info][gc,start    ] GC(72) Concurrent weak references
[33.966s][info][gc,task     ] GC(72) Using 1 of 3 workers for concurrent weak references
[33.966s][info][gc,ref      ] GC(72) Encountered references: Soft: 137, Weak: 556, Final: 3, Phantom: 26
[33.966s][info][gc,ref      ] GC(72) Discovered  references: Soft: 91, Weak: 149, Final: 1, Phantom: 24
[33.966s][info][gc,ref      ] GC(72) Enqueued    references: Soft: 0, Weak: 0, Final: 0, Phantom: 0
[33.966s][info][gc          ] GC(72) Concurrent weak references 0.125ms
[33.966s][info][gc,start    ] GC(72) Concurrent weak roots
[33.966s][info][gc,task     ] GC(72) Using 1 of 3 workers for concurrent weak root
[33.967s][info][gc          ] GC(72) Concurrent weak roots 1.135ms
[33.968s][info][gc,start    ] GC(72) Concurrent cleanup
[33.968s][info][gc          ] GC(72) Concurrent cleanup 978M->11M(2048M) 0.082ms
[33.968s][info][gc,ergo     ] GC(72) Free: 1931M, Max: 1024K regular, 1038M humongous, Frag: 47% external, 0% internal; Reserve: 103M, Max: 1024K
[33.968s][info][gc,start    ] GC(72) Concurrent class unloading
[33.968s][info][gc,task     ] GC(72) Using 1 of 3 workers for concurrent class unloading
[33.972s][info][gc          ] GC(72) Concurrent class unloading 4.660ms
[33.972s][info][gc,start    ] GC(72) Pause Final Roots
[33.972s][info][gc          ] GC(72) Pause Final Roots 0.033ms
[33.973s][info][gc,ergo     ] Free: 1931M, Max: 1024K regular, 1038M humongous, Frag: 47% external, 0% internal; Reserve: 103M, Max: 1024K
[33.973s][info][gc,stats    ] 
[33.973s][info][gc,stats    ] All times are wall-clock times, except per-root-class counters, that are sum over
[33.973s][info][gc,stats    ] all workers. Dividing the <total> over the root stage time estimates parallelism.
[33.973s][info][gc,stats    ] 
[33.973s][info][gc,stats    ] Concurrent Reset                   1099 us
[33.973s][info][gc,stats    ] Pause Init Mark (G)                 216 us
[33.973s][info][gc,stats    ] Pause Init Mark (N)                 146 us
[33.973s][info][gc,stats    ]   Update Region States               56 us
[33.973s][info][gc,stats    ] Concurrent Mark Roots               401 us, parallelism: 0.71x
[33.973s][info][gc,stats    ]   CMR: <total>                      284 us
[33.973s][info][gc,stats    ]   CMR: Thread Roots                 242 us, workers (us): 242, ---, ---, 
[33.973s][info][gc,stats    ]   CMR: VM Strong Roots                6 us, workers (us):   6, ---, ---, 
[33.973s][info][gc,stats    ]   CMR: CLDG Roots                    37 us, workers (us):  37, ---, ---, 
[33.973s][info][gc,stats    ] Concurrent Marking                 3862 us
[33.973s][info][gc,stats    ] Pause Final Mark (G)                367 us
[33.973s][info][gc,stats    ] Pause Final Mark (N)                306 us
[33.973s][info][gc,stats    ]   Finish Mark                        81 us
[33.973s][info][gc,stats    ]   Update Region States               60 us
[33.973s][info][gc,stats    ]   Choose Collection Set              66 us
[33.973s][info][gc,stats    ]   Rebuild Free Set                   21 us
[33.973s][info][gc,stats    ] Concurrent Weak References          133 us, parallelism: 0.10x
[33.973s][info][gc,stats    ]   CWRF: <total>                      13 us
[33.973s][info][gc,stats    ]   CWRF: Weak References              13 us, workers (us):  13, ---, ---, 
[33.973s][info][gc,stats    ] Concurrent Weak Roots              1172 us
[33.973s][info][gc,stats    ]   Roots                            1051 us, parallelism: 0.93x
[33.973s][info][gc,stats    ]     CWR: <total>                    977 us
[33.973s][info][gc,stats    ]     CWR: Code Cache Roots           901 us, workers (us): 901, ---, ---, 
[33.973s][info][gc,stats    ]     CWR: VM Weak Roots               70 us, workers (us):  70, ---, ---, 
[33.973s][info][gc,stats    ]     CWR: CLDG Roots                   6 us, workers (us):   6, ---, ---, 
[33.973s][info][gc,stats    ]   Rendezvous                         65 us
[33.973s][info][gc,stats    ] Concurrent Cleanup                   91 us
[33.973s][info][gc,stats    ] Concurrent Class Unloading         4727 us
[33.973s][info][gc,stats    ]   Unlink Stale                     4271 us
[33.973s][info][gc,stats    ]     System Dictionary                 7 us
[33.973s][info][gc,stats    ]     Weak Class Links                  0 us
[33.973s][info][gc,stats    ]     Code Roots                     4261 us
[33.973s][info][gc,stats    ]   Rendezvous                         62 us
[33.973s][info][gc,stats    ]   Purge Unlinked                    305 us
[33.973s][info][gc,stats    ]     Code Roots                      291 us
[33.973s][info][gc,stats    ]     CLDG                             13 us
[33.973s][info][gc,stats    ]     Exception Caches                  0 us
[33.973s][info][gc,stats    ] Pause Final Roots (G)               124 us
[33.973s][info][gc,stats    ] Pause Final Roots (N)                53 us
[33.973s][info][gc,stats    ] 
[33.973s][info][gc,stats    ] Allocation pacing accrued:
[33.973s][info][gc,stats    ]       0 of   536 ms (  0.0%): <total>
[33.973s][info][gc,stats    ]       0 of   536 ms (  0.0%): <average total>
[33.973s][info][gc,stats    ] 
[33.973s][info][gc,metaspace] Metaspace: 8796K(9472K)->8796K(9472K) NonClass: 7946K(8320K)->7946K(8320K) Class: 850K(1152K)->850K(1152K)
[33.973s][info][gc,ergo     ] Pacer for Idle. Initial: 41943K, Alloc Tax Rate: 1.0x
[34.293s][info][gc          ] Trigger: Learning 2 of 5. Free (1420M) is below initial threshold (1433M)
[34.293s][info][gc,ergo     ] Free: 1420M, Max: 1024K regular, 1038M humongous, Frag: 27% external, 0% internal; Reserve: 103M, Max: 1024K
[34.293s][info][gc,start    ] GC(73) Concurrent reset
[34.293s][info][gc,task     ] GC(73) Using 1 of 3 workers for concurrent reset
[34.293s][info][gc,ergo     ] GC(73) Pacer for Reset. Non-Taxable: 2048M
[34.293s][info][gc          ] GC(73) Concurrent reset 0.220ms
[34.293s][info][gc,start    ] GC(73) Pause Init Mark (unload classes)
[34.293s][info][gc,task     ] GC(73) Using 3 of 3 workers for init marking
[34.294s][info][gc,ergo     ] GC(73) Pacer for Mark. Expected Live: 8352K, Free: 1420M, Non-Taxable: 142M, Alloc Tax Rate: 0.0x
[34.294s][info][gc          ] GC(73) Pause Init Mark (unload classes) 0.203ms
[34.294s][info][gc,start    ] GC(73) Concurrent marking roots
[34.294s][info][gc,task     ] GC(73) Using 1 of 3 workers for concurrent marking roots
[34.294s][info][gc          ] GC(73) Concurrent marking roots 0.894ms
[34.294s][info][gc,start    ] GC(73) Concurrent marking (unload classes)
[34.294s][info][gc,task     ] GC(73) Using 1 of 3 workers for concurrent marking
[34.298s][info][gc          ] GC(73) Concurrent marking (unload classes) 3.915ms
[34.298s][info][gc,start    ] GC(73) Pause Final Mark (unload classes)
[34.299s][info][gc,task     ] GC(73) Using 3 of 3 workers for final marking
[34.299s][info][gc,ergo     ] GC(73) Adaptive CSet Selection. Target Free: 290M, Actual Free: 1967M, Max CSet: 87381K, Min Garbage: 0B
[34.299s][info][gc,ergo     ] GC(73) Collectable Garbage: 510M (99%), Immediate: 450M (87%), CSet: 61889K (11%)
[34.299s][info][gc,ergo     ] GC(73) Pacer for Evacuation. Used CSet: 62722K, Free: 1871M, Non-Taxable: 187M, Alloc Tax Rate: 1.1x
[34.299s][info][gc          ] GC(73) Pause Final Mark (unload classes) 0.400ms
[34.299s][info][gc,start    ] GC(73) Concurrent thread roots
[34.299s][info][gc,task     ] GC(73) Using 1 of 3 workers for Concurrent thread roots
[34.299s][info][gc          ] GC(73) Concurrent thread roots 0.475ms
[34.299s][info][gc,start    ] GC(73) Concurrent weak references
[34.299s][info][gc,task     ] GC(73) Using 1 of 3 workers for concurrent weak references
[34.299s][info][gc,ref      ] GC(73) Encountered references: Soft: 137, Weak: 694, Final: 3, Phantom: 124
[34.299s][info][gc,ref      ] GC(73) Discovered  references: Soft: 0, Weak: 219, Final: 1, Phantom: 109
[34.299s][info][gc,ref      ] GC(73) Enqueued    references: Soft: 0, Weak: 84, Final: 0, Phantom: 0
[34.300s][info][gc          ] GC(73) Concurrent weak references 0.135ms
[34.300s][info][gc,start    ] GC(73) Concurrent weak roots
[34.300s][info][gc,task     ] GC(73) Using 1 of 3 workers for concurrent weak root
[34.301s][info][gc          ] GC(73) Concurrent weak roots 1.193ms
[34.301s][info][gc,start    ] GC(73) Concurrent cleanup
[34.301s][info][gc          ] GC(73) Concurrent cleanup 520M->70M(2048M) 0.043ms
[34.301s][info][gc,ergo     ] GC(73) Free: 1871M, Max: 1024K regular, 1415M humongous, Frag: 25% external, 0% internal; Reserve: 102M, Max: 1024K
[34.301s][info][gc,start    ] GC(73) Concurrent class unloading
[34.301s][info][gc,task     ] GC(73) Using 1 of 3 workers for concurrent class unloading
[34.306s][info][gc          ] GC(73) Concurrent class unloading 4.720ms
[34.306s][info][gc,start    ] GC(73) Concurrent strong roots
[34.306s][info][gc,task     ] GC(73) Using 1 of 3 workers for concurrent strong root
[34.306s][info][gc          ] GC(73) Concurrent strong roots 0.161ms
[34.306s][info][gc,start    ] GC(73) Concurrent evacuation
[34.306s][info][gc,task     ] GC(73) Using 1 of 3 workers for concurrent evacuation
[34.306s][info][gc          ] GC(73) Concurrent evacuation 0.487ms
[34.306s][info][gc,start    ] GC(73) Pause Init Update Refs
[34.306s][info][gc,ergo     ] GC(73) Pacer for Update Refs. Used: 73292K, Free: 1871M, Non-Taxable: 187M, Alloc Tax Rate: 1.1x
[34.306s][info][gc          ] GC(73) Pause Init Update Refs 0.063ms
[34.306s][info][gc,start    ] GC(73) Concurrent update references
[34.306s][info][gc,task     ] GC(73) Using 1 of 3 workers for concurrent reference update
[34.308s][info][gc          ] GC(73) Concurrent update references 1.771ms
[34.308s][info][gc,start    ] GC(73) Concurrent update thread roots
[34.309s][info][gc          ] GC(73) Concurrent update thread roots 0.422ms
[34.309s][info][gc,start    ] GC(73) Pause Final Update Refs
[34.309s][info][gc,task     ] GC(73) Using 3 of 3 workers for final reference update
[34.309s][info][gc          ] GC(73) Pause Final Update Refs 0.179ms
[34.311s][info][gc,start    ] GC(73) Concurrent cleanup
[34.311s][info][gc          ] GC(73) Concurrent cleanup 77M->17M(2048M) 0.062ms
[34.311s][info][gc,ergo     ] Free: 1925M, Max: 1024K regular, 1920M humongous, Frag: 0% external, 0% internal; Reserve: 103M, Max: 1024K
[34.311s][info][gc,stats    ] 
[34.311s][info][gc,stats    ] All times are wall-clock times, except per-root-class counters, that are sum over
[34.311s][info][gc,stats    ] all workers. Dividing the <total> over the root stage time estimates parallelism.
[34.311s][info][gc,stats    ] 
[34.311s][info][gc,stats    ] Concurrent Reset                    260 us
[34.311s][info][gc,stats    ] Pause Init Mark (G)                 318 us
[34.311s][info][gc,stats    ] Pause Init Mark (N)                 221 us
[34.311s][info][gc,stats    ]   Update Region States               70 us
[34.311s][info][gc,stats    ] Concurrent Mark Roots               903 us, parallelism: 0.92x
[34.311s][info][gc,stats    ]   CMR: <total>                      833 us
[34.311s][info][gc,stats    ]   CMR: Thread Roots                 769 us, workers (us): 769, ---, ---, 
[34.311s][info][gc,stats    ]   CMR: VM Strong Roots                6 us, workers (us):   6, ---, ---, 
[34.311s][info][gc,stats    ]   CMR: CLDG Roots                    58 us, workers (us):  58, ---, ---, 
[34.311s][info][gc,stats    ] Concurrent Marking                 3939 us
[34.311s][info][gc,stats    ] Pause Final Mark (G)                468 us
[34.311s][info][gc,stats    ] Pause Final Mark (N)                417 us
[34.311s][info][gc,stats    ]   Finish Mark                       121 us
[34.311s][info][gc,stats    ]   Update Region States               65 us
[34.311s][info][gc,stats    ]   Choose Collection Set              96 us
[34.311s][info][gc,stats    ]   Rebuild Free Set                   18 us
[34.311s][info][gc,stats    ] Concurrent Thread Roots             493 us, parallelism: 0.83x
[34.311s][info][gc,stats    ]   CTR: <total>                      411 us
[34.311s][info][gc,stats    ]   CTR: Thread Roots                 411 us, workers (us): 411, ---, ---, 
[34.311s][info][gc,stats    ] Concurrent Weak References          150 us, parallelism: 0.17x
[34.311s][info][gc,stats    ]   CWRF: <total>                      25 us
[34.311s][info][gc,stats    ]   CWRF: Weak References              25 us, workers (us):  25, ---, ---, 
[34.311s][info][gc,stats    ] Concurrent Weak Roots              1207 us
[34.311s][info][gc,stats    ]   Roots                            1068 us, parallelism: 0.96x
[34.311s][info][gc,stats    ]     CWR: <total>                   1022 us
[34.311s][info][gc,stats    ]     CWR: Code Cache Roots           922 us, workers (us): 922, ---, ---, 
[34.311s][info][gc,stats    ]     CWR: VM Weak Roots               94 us, workers (us):  94, ---, ---, 
[34.311s][info][gc,stats    ]     CWR: CLDG Roots                   6 us, workers (us):   6, ---, ---, 
[34.311s][info][gc,stats    ]   Rendezvous                         94 us
[34.311s][info][gc,stats    ] Concurrent Cleanup                   51 us
[34.311s][info][gc,stats    ] Concurrent Class Unloading         4751 us
[34.311s][info][gc,stats    ]   Unlink Stale                     4478 us
[34.311s][info][gc,stats    ]     System Dictionary                 7 us
[34.311s][info][gc,stats    ]     Weak Class Links                  0 us
[34.311s][info][gc,stats    ]     Code Roots                     4469 us
[34.311s][info][gc,stats    ]   Rendezvous                         70 us
[34.311s][info][gc,stats    ]   Purge Unlinked                    154 us
[34.311s][info][gc,stats    ]     Code Roots                      148 us
[34.311s][info][gc,stats    ]     CLDG                              6 us
[34.311s][info][gc,stats    ]     Exception Caches                  0 us
[34.311s][info][gc,stats    ] Concurrent Strong Roots             179 us, parallelism: 0.31x
[34.311s][info][gc,stats    ]   CSR: <total>                       55 us
[34.311s][info][gc,stats    ]   CSR: VM Strong Roots                7 us, workers (us):   7, ---, ---, 
[34.311s][info][gc,stats    ]   CSR: CLDG Roots                    48 us, workers (us):  48, ---, ---, 
[34.311s][info][gc,stats    ] Concurrent Evacuation               506 us
[34.311s][info][gc,stats    ] Pause Init Update Refs (G)          109 us
[34.311s][info][gc,stats    ] Pause Init Update Refs (N)           72 us
[34.311s][info][gc,stats    ]   Manage GCLABs                       3 us
[34.311s][info][gc,stats    ] Concurrent Update Refs             1790 us
[34.311s][info][gc,stats    ] Concurrent Update Thread Roots      442 us
[34.311s][info][gc,stats    ] Pause Final Update Refs (G)        2162 us
[34.311s][info][gc,stats    ] Pause Final Update Refs (N)         207 us
[34.311s][info][gc,stats    ]   Update Region States               68 us
[34.311s][info][gc,stats    ]   Trash Collection Set                8 us
[34.311s][info][gc,stats    ]   Rebuild Free Set                   28 us
[34.311s][info][gc,stats    ] Concurrent Cleanup                   73 us
[34.311s][info][gc,stats    ] Pacing                          1105491 us
[34.311s][info][gc,stats    ] 
[34.311s][info][gc,stats    ] Allocation pacing accrued:
[34.311s][info][gc,stats    ]     184 of   338 ms ( 54.3%): Query0
[34.311s][info][gc,stats    ]     178 of   338 ms ( 52.7%): Query1
[34.311s][info][gc,stats    ]     182 of   338 ms ( 53.8%): Query2
[34.311s][info][gc,stats    ]     208 of   338 ms ( 61.5%): Query3
[34.311s][info][gc,stats    ]     177 of   338 ms ( 52.3%): Query4
[34.311s][info][gc,stats    ]     177 of   338 ms ( 52.2%): Query5
[34.311s][info][gc,stats    ]    1105 of   338 ms (326.9%): <total>
[34.311s][info][gc,stats    ]      61 of   338 ms ( 18.2%): <average total>
[34.311s][info][gc,stats    ]     184 of   338 ms ( 54.5%): <average non-zero>
[34.311s][info][gc,stats    ] 
[34.311s][info][gc,metaspace] Metaspace: 8796K(9472K)->8796K(9472K) NonClass: 7946K(8320K)->7946K(8320K) Class: 850K(1152K)->850K(1152K)
[34.311s][info][gc,ergo     ] Pacer for Idle. Initial: 41943K, Alloc Tax Rate: 1.0x
[34.579s][info][gc          ] Trigger: Learning 3 of 5. Free (1432M) is below initial threshold (1433M)
[34.579s][info][gc,ergo     ] Free: 1432M, Max: 1024K regular, 1427M humongous, Frag: 0% external, 0% internal; Reserve: 103M, Max: 1024K
[34.579s][info][gc,start    ] GC(74) Concurrent reset
[34.579s][info][gc,task     ] GC(74) Using 1 of 3 workers for concurrent reset
[34.579s][info][gc,ergo     ] GC(74) Pacer for Reset. Non-Taxable: 2048M
[34.579s][info][gc          ] GC(74) Concurrent reset 0.359ms
[34.579s][info][gc,start    ] GC(74) Pause Init Mark (unload classes)
[34.579s][info][gc,task     ] GC(74) Using 3 of 3 workers for init marking
[34.579s][info][gc,ergo     ] GC(74) Pacer for Mark. Expected Live: 8348K, Free: 1432M, Non-Taxable: 143M, Alloc Tax Rate: 0.0x
[34.579s][info][gc          ] GC(74) Pause Init Mark (unload classes) 0.157ms
[34.579s][info][gc,start    ] GC(74) Concurrent marking roots
[34.579s][info][gc,task     ] GC(74) Using 1 of 3 workers for concurrent marking roots
[34.580s][info][gc          ] GC(74) Concurrent marking roots 0.905ms
[34.580s][info][gc,start    ] GC(74) Concurrent marking (unload classes)
[34.580s][info][gc,task     ] GC(74) Using 1 of 3 workers for concurrent marking
[34.584s][info][gc          ] GC(74) Concurrent marking (unload classes) 3.936ms
[34.584s][info][gc,start    ] GC(74) Pause Final Mark (unload classes)
[34.584s][info][gc,task     ] GC(74) Using 3 of 3 workers for final marking
[34.584s][info][gc,ergo     ] GC(74) Adaptive CSet Selection. Target Free: 290M, Actual Free: 1971M, Max CSet: 87381K, Min Garbage: 0B
[34.584s][info][gc,ergo     ] GC(74) Collectable Garbage: 500M (99%), Immediate: 441M (87%), CSet: 60654K (11%)
[34.585s][info][gc,ergo     ] GC(74) Pacer for Evacuation. Used CSet: 61410K, Free: 1873M, Non-Taxable: 187M, Alloc Tax Rate: 1.1x
[34.585s][info][gc          ] GC(74) Pause Final Mark (unload classes) 0.345ms
[34.585s][info][gc,start    ] GC(74) Concurrent thread roots
[34.585s][info][gc,task     ] GC(74) Using 1 of 3 workers for Concurrent thread roots
[34.586s][info][gc          ] GC(74) Concurrent thread roots 1.016ms
[34.586s][info][gc,start    ] GC(74) Concurrent weak references
[34.586s][info][gc,task     ] GC(74) Using 1 of 3 workers for concurrent weak references
[34.586s][info][gc,ref      ] GC(74) Encountered references: Soft: 137, Weak: 689, Final: 3, Phantom: 116
[34.586s][info][gc,ref      ] GC(74) Discovered  references: Soft: 0, Weak: 220, Final: 1, Phantom: 99
[34.586s][info][gc,ref      ] GC(74) Enqueued    references: Soft: 0, Weak: 86, Final: 0, Phantom: 0
[34.586s][info][gc          ] GC(74) Concurrent weak references 0.080ms
[34.586s][info][gc,start    ] GC(74) Concurrent weak roots
[34.586s][info][gc,task     ] GC(74) Using 1 of 3 workers for concurrent weak root
[34.587s][info][gc          ] GC(74) Concurrent weak roots 1.069ms
[34.587s][info][gc,start    ] GC(74) Concurrent cleanup
[34.587s][info][gc          ] GC(74) Concurrent cleanup 510M->69M(2048M) 0.042ms
[34.587s][info][gc,ergo     ] GC(74) Free: 1873M, Max: 1024K regular, 1427M humongous, Frag: 24% external, 0% internal; Reserve: 102M, Max: 1024K
[34.587s][info][gc,start    ] GC(74) Concurrent class unloading
[34.587s][info][gc,task     ] GC(74) Using 1 of 3 workers for concurrent class unloading
[34.591s][info][gc          ] GC(74) Concurrent class unloading 4.522ms
[34.591s][info][gc,start    ] GC(74) Concurrent strong roots
[34.591s][info][gc,task     ] GC(74) Using 1 of 3 workers for concurrent strong root
[34.592s][info][gc          ] GC(74) Concurrent strong roots 0.120ms
[34.592s][info][gc,start    ] GC(74) Concurrent evacuation
[34.592s][info][gc,task     ] GC(74) Using 1 of 3 workers for concurrent evacuation
[34.592s][info][gc          ] GC(74) Concurrent evacuation 0.466ms
[34.592s][info][gc,start    ] GC(74) Pause Init Update Refs
[34.592s][info][gc,ergo     ] GC(74) Pacer for Update Refs. Used: 71980K, Free: 1873M, Non-Taxable: 187M, Alloc Tax Rate: 1.1x
[34.592s][info][gc          ] GC(74) Pause Init Update Refs 0.087ms
[34.592s][info][gc,start    ] GC(74) Concurrent update references
[34.592s][info][gc,task     ] GC(74) Using 1 of 3 workers for concurrent reference update
[34.594s][info][gc          ] GC(74) Concurrent update references 1.729ms
[34.594s][info][gc,start    ] GC(74) Concurrent update thread roots
[34.595s][info][gc          ] GC(74) Concurrent update thread roots 0.733ms
[34.595s][info][gc,start    ] GC(74) Pause Final Update Refs
[34.595s][info][gc,task     ] GC(74) Using 3 of 3 workers for final reference update
[34.595s][info][gc          ] GC(74) Pause Final Update Refs 0.096ms
[34.595s][info][gc,start    ] GC(74) Concurrent cleanup
[34.595s][info][gc          ] GC(74) Concurrent cleanup 75M->15M(2048M) 0.028ms
[34.595s][info][gc,ergo     ] Free: 1927M, Max: 1024K regular, 1922M humongous, Frag: 0% external, 0% internal; Reserve: 103M, Max: 1024K
[34.595s][info][gc,stats    ] 
[34.595s][info][gc,stats    ] All times are wall-clock times, except per-root-class counters, that are sum over
[34.595s][info][gc,stats    ] all workers. Dividing the <total> over the root stage time estimates parallelism.
[34.595s][info][gc,stats    ] 
[34.595s][info][gc,stats    ] Concurrent Reset                    410 us
[34.595s][info][gc,stats    ] Pause Init Mark (G)                 248 us
[34.595s][info][gc,stats    ] Pause Init Mark (N)                 179 us
[34.595s][info][gc,stats    ]   Update Region States               66 us
[34.595s][info][gc,stats    ] Concurrent Mark Roots               913 us, parallelism: 0.92x
[34.595s][info][gc,stats    ]   CMR: <total>                      844 us
[34.595s][info][gc,stats    ]   CMR: Thread Roots                 775 us, workers (us): 775, ---, ---, 
[34.595s][info][gc,stats    ]   CMR: VM Strong Roots                7 us, workers (us):   7, ---, ---, 
[34.595s][info][gc,stats    ]   CMR: CLDG Roots                    62 us, workers (us):  62, ---, ---, 
[34.595s][info][gc,stats    ] Concurrent Marking                 3960 us
[34.595s][info][gc,stats    ] Pause Final Mark (G)                423 us
[34.595s][info][gc,stats    ] Pause Final Mark (N)                366 us
[34.595s][info][gc,stats    ]   Finish Mark                        68 us
[34.595s][info][gc,stats    ]   Update Region States               54 us
[34.595s][info][gc,stats    ]   Choose Collection Set              94 us
[34.595s][info][gc,stats    ]   Rebuild Free Set                   22 us
[34.595s][info][gc,stats    ] Concurrent Thread Roots            1025 us, parallelism: 0.91x
[34.595s][info][gc,stats    ]   CTR: <total>                      929 us
[34.595s][info][gc,stats    ]   CTR: Thread Roots                 929 us, workers (us): 929, ---, ---, 
[34.595s][info][gc,stats    ] Concurrent Weak References           87 us, parallelism: 0.26x
[34.595s][info][gc,stats    ]   CWRF: <total>                      23 us
[34.595s][info][gc,stats    ]   CWRF: Weak References              23 us, workers (us):  23, ---, ---, 
[34.595s][info][gc,stats    ] Concurrent Weak Roots              1083 us
[34.595s][info][gc,stats    ]   Roots                            1006 us, parallelism: 0.97x
[34.595s][info][gc,stats    ]     CWR: <total>                    978 us
[34.595s][info][gc,stats    ]     CWR: Code Cache Roots           883 us, workers (us): 883, ---, ---, 
[34.595s][info][gc,stats    ]     CWR: VM Weak Roots               90 us, workers (us):  90, ---, ---, 
[34.595s][info][gc,stats    ]     CWR: CLDG Roots                   5 us, workers (us):   5, ---, ---, 
[34.595s][info][gc,stats    ]   Rendezvous                         48 us
[34.595s][info][gc,stats    ] Concurrent Cleanup                   50 us
[34.595s][info][gc,stats    ] Concurrent Class Unloading         4555 us
[34.595s][info][gc,stats    ]   Unlink Stale                     4208 us
[34.595s][info][gc,stats    ]     System Dictionary                 6 us
[34.595s][info][gc,stats    ]     Weak Class Links                  0 us
[34.595s][info][gc,stats    ]     Code Roots                     4200 us
[34.595s][info][gc,stats    ]   Rendezvous                        108 us
[34.595s][info][gc,stats    ]   Purge Unlinked                    188 us
[34.595s][info][gc,stats    ]     Code Roots                      181 us
[34.595s][info][gc,stats    ]     CLDG                              6 us
[34.595s][info][gc,stats    ]     Exception Caches                  0 us
[34.595s][info][gc,stats    ] Concurrent Strong Roots             139 us, parallelism: 0.37x
[34.595s][info][gc,stats    ]   CSR: <total>                       52 us
[34.595s][info][gc,stats    ]   CSR: VM Strong Roots                6 us, workers (us):   6, ---, ---, 
[34.595s][info][gc,stats    ]   CSR: CLDG Roots                    46 us, workers (us):  46, ---, ---, 
[34.595s][info][gc,stats    ] Concurrent Evacuation               487 us
[34.595s][info][gc,stats    ] Pause Init Update Refs (G)          198 us
[34.596s][info][gc,stats    ] Pause Init Update Refs (N)          108 us
[34.596s][info][gc,stats    ]   Manage GCLABs                       4 us
[34.596s][info][gc,stats    ] Concurrent Update Refs             1741 us
[34.596s][info][gc,stats    ] Concurrent Update Thread Roots      757 us
[34.596s][info][gc,stats    ] Pause Final Update Refs (G)         356 us
[34.596s][info][gc,stats    ] Pause Final Update Refs (N)         122 us
[34.596s][info][gc,stats    ]   Update Region States               46 us
[34.596s][info][gc,stats    ]   Trash Collection Set                4 us
[34.596s][info][gc,stats    ]   Rebuild Free Set                   14 us
[34.596s][info][gc,stats    ] Concurrent Cleanup                   37 us
[34.596s][info][gc,stats    ] Pacing                           870388 us
[34.596s][info][gc,stats    ] 
[34.596s][info][gc,stats    ] Allocation pacing accrued:
[34.596s][info][gc,stats    ]     145 of   284 ms ( 50.9%): Query0
[34.596s][info][gc,stats    ]     146 of   284 ms ( 51.3%): Query1
[34.596s][info][gc,stats    ]     142 of   284 ms ( 49.8%): Query2
[34.596s][info][gc,stats    ]     145 of   284 ms ( 50.8%): Query3
[34.596s][info][gc,stats    ]     152 of   284 ms ( 53.5%): Query4
[34.596s][info][gc,stats    ]     142 of   284 ms ( 49.9%): Query5
[34.596s][info][gc,stats    ]     870 of   284 ms (306.2%): <total>
[34.596s][info][gc,stats    ]      48 of   284 ms ( 17.0%): <average total>
[34.596s][info][gc,stats    ]     145 of   284 ms ( 51.0%): <average non-zero>
[34.596s][info][gc,stats    ] 
[34.596s][info][gc,metaspace] Metaspace: 8796K(9472K)->8796K(9472K) NonClass: 7946K(8320K)->7946K(8320K) Class: 850K(1152K)->850K(1152K)
[34.596s][info][gc,ergo     ] Pacer for Idle. Initial: 41943K, Alloc Tax Rate: 1.0x
[34.833s][info][gc          ] Trigger: Learning 4 of 5. Free (1392M) is below initial threshold (1433M)
[34.833s][info][gc,ergo     ] Free: 1392M, Max: 1024K regular, 1387M humongous, Frag: 0% external, 0% internal; Reserve: 103M, Max: 1024K
[34.833s][info][gc,start    ] GC(75) Concurrent reset
[34.833s][info][gc,task     ] GC(75) Using 1 of 3 workers for concurrent reset
[34.833s][info][gc,ergo     ] GC(75) Pacer for Reset. Non-Taxable: 2048M
[34.833s][info][gc          ] GC(75) Concurrent reset 0.589ms
[34.834s][info][gc,start    ] GC(75) Pause Init Mark (unload classes)
[34.834s][info][gc,task     ] GC(75) Using 3 of 3 workers for init marking
[34.834s][info][gc,ergo     ] GC(75) Pacer for Mark. Expected Live: 8327K, Free: 1392M, Non-Taxable: 139M, Alloc Tax Rate: 0.0x
[34.834s][info][gc          ] GC(75) Pause Init Mark (unload classes) 0.168ms
[34.834s][info][gc,start    ] GC(75) Concurrent marking roots
[34.834s][info][gc,task     ] GC(75) Using 1 of 3 workers for concurrent marking roots
[34.835s][info][gc          ] GC(75) Concurrent marking roots 0.856ms
[34.835s][info][gc,start    ] GC(75) Concurrent marking (unload classes)
[34.835s][info][gc,task     ] GC(75) Using 1 of 3 workers for concurrent marking
[34.839s][info][gc          ] GC(75) Concurrent marking (unload classes) 3.976ms
[34.839s][info][gc,start    ] GC(75) Pause Final Mark (unload classes)
[34.839s][info][gc,task     ] GC(75) Using 3 of 3 workers for final marking
[34.839s][info][gc,ergo     ] GC(75) Adaptive CSet Selection. Target Free: 290M, Actual Free: 1972M, Max CSet: 87381K, Min Garbage: 0B
[34.839s][info][gc,ergo     ] GC(75) Collectable Garbage: 540M (99%), Immediate: 482M (88%), CSet: 59593K (10%)
[34.839s][info][gc,ergo     ] GC(75) Pacer for Evacuation. Used CSet: 60385K, Free: 1874M, Non-Taxable: 187M, Alloc Tax Rate: 1.1x
[34.839s][info][gc          ] GC(75) Pause Final Mark (unload classes) 0.288ms
[34.839s][info][gc,start    ] GC(75) Concurrent thread roots
[34.839s][info][gc,task     ] GC(75) Using 1 of 3 workers for Concurrent thread roots
[34.840s][info][gc          ] GC(75) Concurrent thread roots 0.932ms
[34.840s][info][gc,start    ] GC(75) Concurrent weak references
[34.840s][info][gc,task     ] GC(75) Using 1 of 3 workers for concurrent weak references
[34.840s][info][gc,ref      ] GC(75) Encountered references: Soft: 137, Weak: 700, Final: 3, Phantom: 124
[34.840s][info][gc,ref      ] GC(75) Discovered  references: Soft: 0, Weak: 231, Final: 1, Phantom: 109
[34.840s][info][gc,ref      ] GC(75) Enqueued    references: Soft: 0, Weak: 96, Final: 0, Phantom: 0
[34.840s][info][gc          ] GC(75) Concurrent weak references 0.081ms
[34.840s][info][gc,start    ] GC(75) Concurrent weak roots
[34.840s][info][gc,task     ] GC(75) Using 1 of 3 workers for concurrent weak root
[34.841s][info][gc          ] GC(75) Concurrent weak roots 1.061ms
[34.841s][info][gc,start    ] GC(75) Concurrent cleanup
[34.841s][info][gc          ] GC(75) Concurrent cleanup 550M->68M(2048M) 0.045ms
[34.841s][info][gc,ergo     ] GC(75) Free: 1874M, Max: 1024K regular, 1387M humongous, Frag: 26% external, 0% internal; Reserve: 102M, Max: 1024K
[34.841s][info][gc,start    ] GC(75) Concurrent class unloading
[34.841s][info][gc,task     ] GC(75) Using 1 of 3 workers for concurrent class unloading
[34.846s][info][gc          ] GC(75) Concurrent class unloading 4.533ms
[34.846s][info][gc,start    ] GC(75) Concurrent strong roots
[34.846s][info][gc,task     ] GC(75) Using 1 of 3 workers for concurrent strong root
[34.846s][info][gc          ] GC(75) Concurrent strong roots 0.123ms
[34.846s][info][gc,start    ] GC(75) Concurrent evacuation
[34.846s][info][gc,task     ] GC(75) Using 1 of 3 workers for concurrent evacuation
[34.846s][info][gc          ] GC(75) Concurrent evacuation 0.483ms
[34.846s][info][gc,start    ] GC(75) Pause Init Update Refs
[34.847s][info][gc,ergo     ] GC(75) Pacer for Update Refs. Used: 70955K, Free: 1874M, Non-Taxable: 187M, Alloc Tax Rate: 1.1x
[34.847s][info][gc          ] GC(75) Pause Init Update Refs 0.057ms
[34.847s][info][gc,start    ] GC(75) Concurrent update references
[34.847s][info][gc,task     ] GC(75) Using 1 of 3 workers for concurrent reference update
[34.849s][info][gc          ] GC(75) Concurrent update references 2.316ms
[34.849s][info][gc,start    ] GC(75) Concurrent update thread roots
[34.854s][info][gc          ] GC(75) Concurrent update thread roots 5.078ms
[34.854s][info][gc,start    ] GC(75) Pause Final Update Refs
[34.854s][info][gc,task     ] GC(75) Using 3 of 3 workers for final reference update
[34.854s][info][gc          ] GC(75) Pause Final Update Refs 0.117ms
[34.855s][info][gc,start    ] GC(75) Concurrent cleanup
[34.855s][info][gc          ] GC(75) Concurrent cleanup 90M->33M(2048M) 0.048ms
[34.855s][info][gc,ergo     ] Free: 1908M, Max: 1024K regular, 1903M humongous, Frag: 0% external, 0% internal; Reserve: 103M, Max: 1024K
[34.855s][info][gc,stats    ] 
[34.855s][info][gc,stats    ] All times are wall-clock times, except per-root-class counters, that are sum over
[34.855s][info][gc,stats    ] all workers. Dividing the <total> over the root stage time estimates parallelism.
[34.855s][info][gc,stats    ] 
[34.855s][info][gc,stats    ] Concurrent Reset                    698 us
[34.855s][info][gc,stats    ] Pause Init Mark (G)                 276 us
[34.855s][info][gc,stats    ] Pause Init Mark (N)                 189 us
[34.855s][info][gc,stats    ]   Update Region States               66 us
[34.855s][info][gc,stats    ] Concurrent Mark Roots               865 us, parallelism: 0.92x
[34.855s][info][gc,stats    ]   CMR: <total>                      794 us
[34.855s][info][gc,stats    ]   CMR: Thread Roots                 728 us, workers (us): 728, ---, ---, 
[34.855s][info][gc,stats    ]   CMR: VM Strong Roots                6 us, workers (us):   6, ---, ---, 
[34.855s][info][gc,stats    ]   CMR: CLDG Roots                    60 us, workers (us):  60, ---, ---, 
[34.855s][info][gc,stats    ] Concurrent Marking                 3999 us
[34.855s][info][gc,stats    ] Pause Final Mark (G)                356 us
[34.855s][info][gc,stats    ] Pause Final Mark (N)                308 us
[34.855s][info][gc,stats    ]   Finish Mark                        54 us
[34.855s][info][gc,stats    ]   Update Region States               47 us
[34.855s][info][gc,stats    ]   Choose Collection Set              90 us
[34.855s][info][gc,stats    ]   Rebuild Free Set                   21 us
[34.855s][info][gc,stats    ] Concurrent Thread Roots             941 us, parallelism: 0.92x
[34.855s][info][gc,stats    ]   CTR: <total>                      865 us
[34.855s][info][gc,stats    ]   CTR: Thread Roots                 865 us, workers (us): 865, ---, ---, 
[34.855s][info][gc,stats    ] Concurrent Weak References           88 us, parallelism: 0.26x
[34.855s][info][gc,stats    ]   CWRF: <total>                      23 us
[34.855s][info][gc,stats    ]   CWRF: Weak References              23 us, workers (us):  23, ---, ---, 
[34.855s][info][gc,stats    ] Concurrent Weak Roots              1075 us
[34.855s][info][gc,stats    ]   Roots                            1016 us, parallelism: 0.97x
[34.855s][info][gc,stats    ]     CWR: <total>                    987 us
[34.855s][info][gc,stats    ]     CWR: Code Cache Roots           888 us, workers (us): 888, ---, ---, 
[34.855s][info][gc,stats    ]     CWR: VM Weak Roots               94 us, workers (us):  94, ---, ---, 
[34.855s][info][gc,stats    ]     CWR: CLDG Roots                   5 us, workers (us):   5, ---, ---, 
[34.855s][info][gc,stats    ]   Rendezvous                         29 us
[34.855s][info][gc,stats    ] Concurrent Cleanup                   53 us
[34.855s][info][gc,stats    ] Concurrent Class Unloading         4574 us
[34.855s][info][gc,stats    ]   Unlink Stale                     4256 us
[34.855s][info][gc,stats    ]     System Dictionary                 6 us
[34.855s][info][gc,stats    ]     Weak Class Links                  0 us
[34.855s][info][gc,stats    ]     Code Roots                     4249 us
[34.855s][info][gc,stats    ]   Rendezvous                         50 us
[34.855s][info][gc,stats    ]   Purge Unlinked                    198 us
[34.855s][info][gc,stats    ]     Code Roots                      191 us
[34.855s][info][gc,stats    ]     CLDG                              6 us
[34.855s][info][gc,stats    ]     Exception Caches                  0 us
[34.855s][info][gc,stats    ] Concurrent Strong Roots             141 us, parallelism: 0.37x
[34.855s][info][gc,stats    ]   CSR: <total>                       52 us
[34.855s][info][gc,stats    ]   CSR: VM Strong Roots                6 us, workers (us):   6, ---, ---, 
[34.855s][info][gc,stats    ]   CSR: CLDG Roots                    47 us, workers (us):  47, ---, ---, 
[34.855s][info][gc,stats    ] Concurrent Evacuation               502 us
[34.855s][info][gc,stats    ] Pause Init Update Refs (G)          124 us
[34.855s][info][gc,stats    ] Pause Init Update Refs (N)           77 us
[34.855s][info][gc,stats    ]   Manage GCLABs                       3 us
[34.855s][info][gc,stats    ] Concurrent Update Refs             2350 us
[34.855s][info][gc,stats    ] Concurrent Update Thread Roots     5115 us
[34.855s][info][gc,stats    ] Pause Final Update Refs (G)         686 us
[34.855s][info][gc,stats    ] Pause Final Update Refs (N)         137 us
[34.855s][info][gc,stats    ]   Update Region States               50 us
[34.855s][info][gc,stats    ]   Trash Collection Set                4 us
[34.855s][info][gc,stats    ]   Rebuild Free Set                   18 us
[34.855s][info][gc,stats    ] Concurrent Cleanup                   59 us
[34.855s][info][gc,stats    ] Pacing                           643072 us
[34.855s][info][gc,stats    ] 
[34.855s][info][gc,stats    ] Allocation pacing accrued:
[34.855s][info][gc,stats    ]     109 of   260 ms ( 42.1%): Query0
[34.855s][info][gc,stats    ]     108 of   260 ms ( 41.5%): Query1
[34.855s][info][gc,stats    ]     104 of   260 ms ( 39.9%): Query2
[34.855s][info][gc,stats    ]     109 of   260 ms ( 42.0%): Query3
[34.855s][info][gc,stats    ]     106 of   260 ms ( 40.7%): Query4
[34.855s][info][gc,stats    ]     107 of   260 ms ( 41.2%): Query5
[34.855s][info][gc,stats    ]     643 of   260 ms (247.6%): <total>
[34.855s][info][gc,stats    ]      36 of   260 ms ( 13.8%): <average total>
[34.855s][info][gc,stats    ]     107 of   260 ms ( 41.3%): <average non-zero>
[34.855s][info][gc,stats    ] 
[34.855s][info][gc,metaspace] Metaspace: 8796K(9472K)->8796K(9472K) NonClass: 7946K(8320K)->7946K(8320K) Class: 850K(1152K)->850K(1152K)
[34.855s][info][gc,ergo     ] Pacer for Idle. Initial: 41943K, Alloc Tax Rate: 1.0x
[34.991s][info][gc          ] Trigger: Learning 5 of 5. Free (1423M) is below initial threshold (1433M)
[34.991s][info][gc,ergo     ] Free: 1423M, Max: 1024K regular, 1418M humongous, Frag: 0% external, 0% internal; Reserve: 103M, Max: 1024K
[34.991s][info][gc,start    ] GC(76) Concurrent reset
[34.991s][info][gc,task     ] GC(76) Using 1 of 3 workers for concurrent reset
[34.991s][info][gc,ergo     ] GC(76) Pacer for Reset. Non-Taxable: 2048M
[34.991s][info][gc          ] GC(76) Concurrent reset 0.370ms
[34.991s][info][gc,start    ] GC(76) Pause Init Mark (unload classes)
[34.991s][info][gc,task     ] GC(76) Using 3 of 3 workers for init marking
[34.991s][info][gc,ergo     ] GC(76) Pacer for Mark. Expected Live: 8317K, Free: 1423M, Non-Taxable: 142M, Alloc Tax Rate: 0.0x
[34.991s][info][gc          ] GC(76) Pause Init Mark (unload classes) 0.117ms
[34.993s][info][gc,start    ] GC(76) Concurrent marking roots
[34.993s][info][gc,task     ] GC(76) Using 1 of 3 workers for concurrent marking roots
[34.994s][info][gc          ] GC(76) Concurrent marking roots 0.447ms
[34.994s][info][gc,start    ] GC(76) Concurrent marking (unload classes)
[34.994s][info][gc,task     ] GC(76) Using 1 of 3 workers for concurrent marking
[34.999s][info][gc          ] GC(76) Concurrent marking (unload classes) 5.701ms
[34.999s][info][gc,start    ] GC(76) Pause Final Mark (unload classes)
[34.999s][info][gc,task     ] GC(76) Using 3 of 3 workers for final marking
[35.000s][info][gc,ergo     ] GC(76) Adaptive CSet Selection. Target Free: 290M, Actual Free: 1947M, Max CSet: 87381K, Min Garbage: 0B
[35.000s][info][gc,ergo     ] GC(76) Collectable Garbage: 509M (99%), Immediate: 455M (89%), CSet: 55444K (10%)
[35.000s][info][gc,ergo     ] GC(76) Pacer for Evacuation. Used CSet: 56320K, Free: 1849M, Non-Taxable: 184M, Alloc Tax Rate: 1.1x
[35.000s][info][gc          ] GC(76) Pause Final Mark (unload classes) 0.197ms
[35.000s][info][gc,start    ] GC(76) Concurrent thread roots
[35.000s][info][gc,task     ] GC(76) Using 1 of 3 workers for Concurrent thread roots
[35.000s][info][gc          ] GC(76) Concurrent thread roots 0.367ms
[35.000s][info][gc,start    ] GC(76) Concurrent weak references
[35.000s][info][gc,task     ] GC(76) Using 1 of 3 workers for concurrent weak references
[35.000s][info][gc,ref      ] GC(76) Encountered references: Soft: 137, Weak: 697, Final: 3, Phantom: 124
[35.000s][info][gc,ref      ] GC(76) Discovered  references: Soft: 0, Weak: 227, Final: 1, Phantom: 108
[35.000s][info][gc,ref      ] GC(76) Enqueued    references: Soft: 0, Weak: 87, Final: 0, Phantom: 0
[35.000s][info][gc          ] GC(76) Concurrent weak references 0.122ms
[35.000s][info][gc,start    ] GC(76) Concurrent weak roots
[35.000s][info][gc,task     ] GC(76) Using 1 of 3 workers for concurrent weak root
[35.007s][info][gc          ] GC(76) Concurrent weak roots 6.363ms
[35.007s][info][gc,start    ] GC(76) Concurrent cleanup
[35.007s][info][gc          ] GC(76) Concurrent cleanup 573M->119M(2048M) 0.065ms
[35.007s][info][gc,ergo     ] GC(76) Free: 1824M, Max: 1024K regular, 1365M humongous, Frag: 25% external, 0% internal; Reserve: 102M, Max: 1024K
[35.007s][info][gc,start    ] GC(76) Concurrent class unloading
[35.007s][info][gc,task     ] GC(76) Using 1 of 3 workers for concurrent class unloading
[35.015s][info][gc          ] GC(76) Concurrent class unloading 8.234ms
[35.015s][info][gc,start    ] GC(76) Concurrent strong roots
[35.015s][info][gc,task     ] GC(76) Using 1 of 3 workers for concurrent strong root
[35.015s][info][gc          ] GC(76) Concurrent strong roots 0.088ms
[35.015s][info][gc,start    ] GC(76) Concurrent evacuation
[35.015s][info][gc,task     ] GC(76) Using 1 of 3 workers for concurrent evacuation
[35.016s][info][gc          ] GC(76) Concurrent evacuation 0.517ms
[35.016s][info][gc,start    ] GC(76) Pause Init Update Refs
[35.016s][info][gc,ergo     ] GC(76) Pacer for Update Refs. Used: 146M, Free: 1797M, Non-Taxable: 179M, Alloc Tax Rate: 1.1x
[35.016s][info][gc          ] GC(76) Pause Init Update Refs 0.053ms
[35.018s][info][gc,start    ] GC(76) Concurrent update references
[35.018s][info][gc,task     ] GC(76) Using 1 of 3 workers for concurrent reference update
[35.026s][info][gc          ] GC(76) Concurrent update references 8.697ms
[35.026s][info][gc,start    ] GC(76) Concurrent update thread roots
[35.027s][info][gc          ] GC(76) Concurrent update thread roots 0.652ms
[35.027s][info][gc,start    ] GC(76) Pause Final Update Refs
[35.027s][info][gc,task     ] GC(76) Using 3 of 3 workers for final reference update
[35.027s][info][gc          ] GC(76) Pause Final Update Refs 0.102ms
[35.028s][info][gc,start    ] GC(76) Concurrent cleanup
[35.028s][info][gc          ] GC(76) Concurrent cleanup 174M->122M(2048M) 0.051ms
[35.028s][info][gc,ergo     ] Free: 1820M, Max: 1024K regular, 1364M humongous, Frag: 25% external, 0% internal; Reserve: 103M, Max: 1024K
[35.028s][info][gc,stats    ] 
[35.028s][info][gc,stats    ] All times are wall-clock times, except per-root-class counters, that are sum over
[35.028s][info][gc,stats    ] all workers. Dividing the <total> over the root stage time estimates parallelism.
[35.028s][info][gc,stats    ] 
[35.028s][info][gc,stats    ] Concurrent Reset                    400 us
[35.028s][info][gc,stats    ] Pause Init Mark (G)                2007 us
[35.028s][info][gc,stats    ] Pause Init Mark (N)                 127 us
[35.028s][info][gc,stats    ]   Update Region States               44 us
[35.028s][info][gc,stats    ] Concurrent Mark Roots               465 us, parallelism: 0.74x
[35.028s][info][gc,stats    ]   CMR: <total>                      346 us
[35.028s][info][gc,stats    ]   CMR: Thread Roots                 303 us, workers (us): 303, ---, ---, 
[35.028s][info][gc,stats    ]   CMR: VM Strong Roots                6 us, workers (us):   6, ---, ---, 
[35.028s][info][gc,stats    ]   CMR: CLDG Roots                    37 us, workers (us):  37, ---, ---, 
[35.028s][info][gc,stats    ] Concurrent Marking                 5742 us
[35.028s][info][gc,stats    ] Pause Final Mark (G)                450 us
[35.028s][info][gc,stats    ] Pause Final Mark (N)                206 us
[35.028s][info][gc,stats    ]   Finish Mark                        45 us
[35.028s][info][gc,stats    ]   Update Region States               34 us
[35.028s][info][gc,stats    ]   Choose Collection Set              58 us
[35.028s][info][gc,stats    ]   Rebuild Free Set                    8 us
[35.028s][info][gc,stats    ] Concurrent Thread Roots             388 us, parallelism: 0.82x
[35.028s][info][gc,stats    ]   CTR: <total>                      318 us
[35.028s][info][gc,stats    ]   CTR: Thread Roots                 318 us, workers (us): 318, ---, ---, 
[35.028s][info][gc,stats    ] Concurrent Weak References          130 us, parallelism: 0.38x
[35.028s][info][gc,stats    ]   CWRF: <total>                      50 us
[35.028s][info][gc,stats    ]   CWRF: Weak References              50 us, workers (us):  50, ---, ---, 
[35.028s][info][gc,stats    ] Concurrent Weak Roots              6426 us
[35.028s][info][gc,stats    ]   Roots                            1400 us, parallelism: 0.97x
[35.028s][info][gc,stats    ]     CWR: <total>                   1363 us
[35.028s][info][gc,stats    ]     CWR: Code Cache Roots          1250 us, workers (us): 1250, ---, ---, 
[35.028s][info][gc,stats    ]     CWR: VM Weak Roots              103 us, workers (us): 103, ---, ---, 
[35.028s][info][gc,stats    ]     CWR: CLDG Roots                   9 us, workers (us):   9, ---, ---, 
[35.028s][info][gc,stats    ]   Rendezvous                       4941 us
[35.028s][info][gc,stats    ] Concurrent Cleanup                   75 us
[35.028s][info][gc,stats    ] Concurrent Class Unloading         8268 us
[35.028s][info][gc,stats    ]   Unlink Stale                     5181 us
[35.029s][info][gc,stats    ]     System Dictionary                16 us
[35.029s][info][gc,stats    ]     Weak Class Links                  0 us
[35.029s][info][gc,stats    ]     Code Roots                     5163 us
[35.029s][info][gc,stats    ]   Rendezvous                       2721 us
[35.029s][info][gc,stats    ]   Purge Unlinked                    311 us
[35.029s][info][gc,stats    ]     Code Roots                      302 us
[35.029s][info][gc,stats    ]     CLDG                              8 us
[35.029s][info][gc,stats    ]     Exception Caches                  0 us
[35.029s][info][gc,stats    ] Concurrent Strong Roots              99 us, parallelism: 0.45x
[35.029s][info][gc,stats    ]   CSR: <total>                       44 us
[35.029s][info][gc,stats    ]   CSR: VM Strong Roots                3 us, workers (us):   3, ---, ---, 
[35.029s][info][gc,stats    ]   CSR: CLDG Roots                    41 us, workers (us):  41, ---, ---, 
[35.029s][info][gc,stats    ] Concurrent Evacuation               545 us
[35.029s][info][gc,stats    ] Pause Init Update Refs (G)         1907 us
[35.029s][info][gc,stats    ] Pause Init Update Refs (N)           62 us
[35.029s][info][gc,stats    ]   Manage GCLABs                       4 us
[35.029s][info][gc,stats    ] Concurrent Update Refs             8758 us
[35.029s][info][gc,stats    ] Concurrent Update Thread Roots      675 us
[35.029s][info][gc,stats    ] Pause Final Update Refs (G)        1073 us
[35.029s][info][gc,stats    ] Pause Final Update Refs (N)         126 us
[35.029s][info][gc,stats    ]   Update Region States               45 us
[35.029s][info][gc,stats    ]   Trash Collection Set                2 us
[35.029s][info][gc,stats    ]   Rebuild Free Set                   11 us
[35.029s][info][gc,stats    ] Concurrent Cleanup                   61 us
[35.029s][info][gc,stats    ] 
[35.029s][info][gc,stats    ] Allocation pacing accrued:
[35.029s][info][gc,stats    ]       0 of   173 ms (  0.0%): <total>
[35.029s][info][gc,stats    ]       0 of   173 ms (  0.0%): <average total>
[35.029s][info][gc,stats    ] 
[35.029s][info][gc,metaspace] Metaspace: 8796K(9472K)->8796K(9472K) NonClass: 7946K(8320K)->7946K(8320K) Class: 850K(1152K)->850K(1152K)
[35.029s][info][gc,ergo     ] Pacer for Idle. Initial: 41943K, Alloc Tax Rate: 1.0x
[35.448s][info][gc          ] Trigger: Average GC time (46.38 ms) is above the time for average allocation rate (3656 MB/s) to deplete free headroom (162M) (margin of error = 1.87)
[35.448s][info][gc,ergo     ] Free headroom: 264M (free) - 102M (spike) - 0B (penalties) = 162M
[35.448s][info][gc,ergo     ] Free: 263M, Max: 1024K regular, 257M humongous, Frag: 0% external, 1% internal; Reserve: 103M, Max: 1024K
[35.448s][info][gc,start    ] GC(77) Concurrent reset
[35.448s][info][gc,task     ] GC(77) Using 1 of 3 workers for concurrent reset
[35.448s][info][gc,ergo     ] GC(77) Pacer for Reset. Non-Taxable: 2048M
[35.448s][info][gc          ] GC(77) Concurrent reset 0.426ms
[35.448s][info][gc,start    ] GC(77) Pause Init Mark (unload classes)
[35.448s][info][gc,task     ] GC(77) Using 3 of 3 workers for init marking
[35.448s][info][gc,ergo     ] GC(77) Pacer for Mark. Expected Live: 8315K, Free: 260M, Non-Taxable: 26671K, Alloc Tax Rate: 0.0x
[35.448s][info][gc          ] GC(77) Pause Init Mark (unload classes) 0.126ms
[35.450s][info][gc,start    ] GC(77) Concurrent marking roots
[35.450s][info][gc,task     ] GC(77) Using 1 of 3 workers for concurrent marking roots
[35.451s][info][gc          ] GC(77) Concurrent marking roots 0.440ms
[35.451s][info][gc,start    ] GC(77) Concurrent marking (unload classes)
[35.451s][info][gc,task     ] GC(77) Using 1 of 3 workers for concurrent marking
[35.456s][info][gc          ] GC(77) Concurrent marking (unload classes) 5.662ms
[35.456s][info][gc,start    ] GC(77) Pause Final Mark (unload classes)
[35.456s][info][gc,task     ] GC(77) Using 3 of 3 workers for final marking
[35.456s][info][gc,ergo     ] GC(77) Adaptive CSet Selection. Target Free: 290M, Actual Free: 1841M, Max CSet: 87381K, Min Garbage: 0B
[35.456s][info][gc,ergo     ] GC(77) Collectable Garbage: 1672M (99%), Immediate: 1513M (90%), CSet: 159M (9%)
[35.456s][info][gc,ergo     ] GC(77) Pacer for Evacuation. Used CSet: 160M, Free: 1744M, Non-Taxable: 174M, Alloc Tax Rate: 1.1x
[35.456s][info][gc          ] GC(77) Pause Final Mark (unload classes) 0.209ms
[35.457s][info][gc,start    ] GC(77) Concurrent thread roots
[35.457s][info][gc,task     ] GC(77) Using 1 of 3 workers for Concurrent thread roots
[35.457s][info][gc          ] GC(77) Concurrent thread roots 0.411ms
[35.457s][info][gc,start    ] GC(77) Concurrent weak references
[35.457s][info][gc,task     ] GC(77) Using 1 of 3 workers for concurrent weak references
[35.457s][info][gc,ref      ] GC(77) Encountered references: Soft: 137, Weak: 900, Final: 3, Phantom: 117
[35.457s][info][gc,ref      ] GC(77) Discovered  references: Soft: 0, Weak: 431, Final: 1, Phantom: 95
[35.457s][info][gc,ref      ] GC(77) Enqueued    references: Soft: 0, Weak: 288, Final: 0, Phantom: 0
[35.457s][info][gc          ] GC(77) Concurrent weak references 0.172ms
[35.457s][info][gc,start    ] GC(77) Concurrent weak roots
[35.457s][info][gc,task     ] GC(77) Using 1 of 3 workers for concurrent weak root
[35.463s][info][gc          ] GC(77) Concurrent weak roots 6.286ms
[35.464s][info][gc,start    ] GC(77) Concurrent cleanup
[35.464s][info][gc          ] GC(77) Concurrent cleanup 1736M->223M(2048M) 0.107ms
[35.464s][info][gc,ergo     ] GC(77) Free: 1720M, Max: 1024K regular, 201M humongous, Frag: 89% external, 0% internal; Reserve: 102M, Max: 1024K
[35.464s][info][gc,start    ] GC(77) Concurrent class unloading
[35.464s][info][gc,task     ] GC(77) Using 1 of 3 workers for concurrent class unloading
[35.473s][info][gc          ] GC(77) Concurrent class unloading 9.083ms
[35.473s][info][gc,start    ] GC(77) Concurrent strong roots
[35.473s][info][gc,task     ] GC(77) Using 1 of 3 workers for concurrent strong root
[35.473s][info][gc          ] GC(77) Concurrent strong roots 0.103ms
[35.473s][info][gc,start    ] GC(77) Concurrent evacuation
[35.473s][info][gc,task     ] GC(77) Using 1 of 3 workers for concurrent evacuation
[35.474s][info][gc          ] GC(77) Concurrent evacuation 1.002ms
[35.474s][info][gc,start    ] GC(77) Pause Init Update Refs
[35.474s][info][gc,ergo     ] GC(77) Pacer for Update Refs. Used: 257M, Free: 1686M, Non-Taxable: 168M, Alloc Tax Rate: 1.1x
[35.474s][info][gc          ] GC(77) Pause Init Update Refs 0.036ms
[35.476s][info][gc,start    ] GC(77) Concurrent update references
[35.476s][info][gc,task     ] GC(77) Using 1 of 3 workers for concurrent reference update
[35.485s][info][gc          ] GC(77) Concurrent update references 8.445ms
[35.485s][info][gc,start    ] GC(77) Concurrent update thread roots
[35.485s][info][gc          ] GC(77) Concurrent update thread roots 0.419ms
[35.485s][info][gc,start    ] GC(77) Pause Final Update Refs
[35.485s][info][gc,task     ] GC(77) Using 3 of 3 workers for final reference update
[35.485s][info][gc          ] GC(77) Pause Final Update Refs 0.103ms
[35.485s][info][gc,start    ] GC(77) Concurrent cleanup
[35.486s][info][gc          ] GC(77) Concurrent cleanup 278M->118M(2048M) 0.054ms
[35.486s][info][gc,ergo     ] Free: 1824M, Max: 1024K regular, 1612M humongous, Frag: 12% external, 0% internal; Reserve: 103M, Max: 1024K
[35.486s][info][gc,stats    ] 
[35.486s][info][gc,stats    ] All times are wall-clock times, except per-root-class counters, that are sum over
[35.486s][info][gc,stats    ] all workers. Dividing the <total> over the root stage time estimates parallelism.
[35.486s][info][gc,stats    ] 
[35.486s][info][gc,stats    ] Concurrent Reset                    477 us
[35.486s][info][gc,stats    ] Pause Init Mark (G)                1971 us
[35.486s][info][gc,stats    ] Pause Init Mark (N)                 136 us
[35.486s][info][gc,stats    ]   Update Region States               51 us
[35.486s][info][gc,stats    ] Concurrent Mark Roots               456 us, parallelism: 0.76x
[35.486s][info][gc,stats    ]   CMR: <total>                      347 us
[35.486s][info][gc,stats    ]   CMR: Thread Roots                 302 us, workers (us): 302, ---, ---, 
[35.486s][info][gc,stats    ]   CMR: VM Strong Roots                6 us, workers (us):   6, ---, ---, 
[35.486s][info][gc,stats    ]   CMR: CLDG Roots                    39 us, workers (us):  39, ---, ---, 
[35.486s][info][gc,stats    ] Concurrent Marking                 5705 us
[35.486s][info][gc,stats    ] Pause Final Mark (G)                314 us
[35.486s][info][gc,stats    ] Pause Final Mark (N)                218 us
[35.486s][info][gc,stats    ]   Finish Mark                        45 us
[35.486s][info][gc,stats    ]   Update Region States               36 us
[35.486s][info][gc,stats    ]   Choose Collection Set              68 us
[35.486s][info][gc,stats    ]   Rebuild Free Set                    8 us
[35.486s][info][gc,stats    ] Concurrent Thread Roots             432 us, parallelism: 0.86x
[35.486s][info][gc,stats    ]   CTR: <total>                      371 us
[35.486s][info][gc,stats    ]   CTR: Thread Roots                 371 us, workers (us): 371, ---, ---, 
[35.486s][info][gc,stats    ] Concurrent Weak References          180 us, parallelism: 0.50x
[35.486s][info][gc,stats    ]   CWRF: <total>                      90 us
[35.486s][info][gc,stats    ]   CWRF: Weak References              90 us, workers (us):  90, ---, ---, 
[35.486s][info][gc,stats    ] Concurrent Weak Roots              6333 us
[35.486s][info][gc,stats    ]   Roots                            1431 us, parallelism: 0.97x
[35.486s][info][gc,stats    ]     CWR: <total>                   1385 us
[35.486s][info][gc,stats    ]     CWR: Code Cache Roots          1276 us, workers (us): 1276, ---, ---, 
[35.486s][info][gc,stats    ]     CWR: VM Weak Roots              101 us, workers (us): 101, ---, ---, 
[35.486s][info][gc,stats    ]     CWR: CLDG Roots                   7 us, workers (us):   7, ---, ---, 
[35.486s][info][gc,stats    ]   Rendezvous                       4834 us
[35.486s][info][gc,stats    ] Concurrent Cleanup                  116 us
[35.486s][info][gc,stats    ] Concurrent Class Unloading         9126 us
[35.486s][info][gc,stats    ]   Unlink Stale                     4960 us
[35.486s][info][gc,stats    ]     System Dictionary                11 us
[35.486s][info][gc,stats    ]     Weak Class Links                  0 us
[35.486s][info][gc,stats    ]     Code Roots                     4946 us
[35.486s][info][gc,stats    ]   Rendezvous                       3763 us
[35.486s][info][gc,stats    ]   Purge Unlinked                    339 us
[35.486s][info][gc,stats    ]     Code Roots                      331 us
[35.486s][info][gc,stats    ]     CLDG                              7 us
[35.486s][info][gc,stats    ]     Exception Caches                  0 us
[35.486s][info][gc,stats    ] Concurrent Strong Roots             113 us, parallelism: 0.41x
[35.486s][info][gc,stats    ]   CSR: <total>                       46 us
[35.486s][info][gc,stats    ]   CSR: VM Strong Roots                4 us, workers (us):   4, ---, ---, 
[35.486s][info][gc,stats    ]   CSR: CLDG Roots                    43 us, workers (us):  43, ---, ---, 
[35.486s][info][gc,stats    ] Concurrent Evacuation              1064 us
[35.486s][info][gc,stats    ] Pause Init Update Refs (G)         2249 us
[35.486s][info][gc,stats    ] Pause Init Update Refs (N)           44 us
[35.486s][info][gc,stats    ]   Manage GCLABs                       3 us
[35.486s][info][gc,stats    ] Concurrent Update Refs             8486 us
[35.486s][info][gc,stats    ] Concurrent Update Thread Roots      452 us
[35.486s][info][gc,stats    ] Pause Final Update Refs (G)         298 us
[35.486s][info][gc,stats    ] Pause Final Update Refs (N)         121 us
[35.486s][info][gc,stats    ]   Update Region States               43 us
[35.486s][info][gc,stats    ]   Trash Collection Set                7 us
[35.486s][info][gc,stats    ]   Rebuild Free Set                   12 us
[35.486s][info][gc,stats    ] Concurrent Cleanup                   65 us
[35.486s][info][gc,stats    ] 
[35.486s][info][gc,stats    ] Allocation pacing accrued:
[35.486s][info][gc,stats    ]       0 of   457 ms (  0.0%): <total>
[35.486s][info][gc,stats    ]       0 of   457 ms (  0.0%): <average total>
[35.486s][info][gc,stats    ] 
[35.486s][info][gc,metaspace] Metaspace: 8796K(9472K)->8796K(9472K) NonClass: 7946K(8320K)->7946K(8320K) Class: 850K(1152K)->850K(1152K)
[35.486s][info][gc,ergo     ] Pacer for Idle. Initial: 41943K, Alloc Tax Rate: 1.0x
[35.907s][info][gc          ] Trigger: Average GC time (48.38 ms) is above the time for average allocation rate (3749 MB/s) to deplete free headroom (121M) (margin of error = 1.88)
[35.907s][info][gc,ergo     ] Free headroom: 224M (free) - 102M (spike) - 0B (penalties) = 121M
[35.907s][info][gc,ergo     ] Free: 224M, Max: 1024K regular, 200M humongous, Frag: 8% external, 1% internal; Reserve: 103M, Max: 1024K
[35.907s][info][gc,start    ] GC(78) Concurrent reset
[35.907s][info][gc,task     ] GC(78) Using 1 of 3 workers for concurrent reset
[35.907s][info][gc,ergo     ] GC(78) Pacer for Reset. Non-Taxable: 2048M
[35.908s][info][gc          ] GC(78) Concurrent reset 1.099ms
[35.908s][info][gc,start    ] GC(78) Pause Init Mark (unload classes)
[35.908s][info][gc,task     ] GC(78) Using 3 of 3 workers for init marking
[35.908s][info][gc,ergo     ] GC(78) Pacer for Mark. Expected Live: 8441K, Free: 220M, Non-Taxable: 22545K, Alloc Tax Rate: 0.0x
[35.908s][info][gc          ] GC(78) Pause Init Mark (unload classes) 0.111ms
[35.910s][info][gc,start    ] GC(78) Concurrent marking roots
[35.910s][info][gc,task     ] GC(78) Using 1 of 3 workers for concurrent marking roots
[35.911s][info][gc          ] GC(78) Concurrent marking roots 0.452ms
[35.911s][info][gc,start    ] GC(78) Concurrent marking (unload classes)
[35.911s][info][gc,task     ] GC(78) Using 1 of 3 workers for concurrent marking
[35.917s][info][gc          ] GC(78) Concurrent marking (unload classes) 6.651ms
[35.917s][info][gc,start    ] GC(78) Pause Final Mark (unload classes)
[35.917s][info][gc,task     ] GC(78) Using 3 of 3 workers for final marking
[35.918s][info][gc,ergo     ] GC(78) Adaptive CSet Selection. Target Free: 290M, Actual Free: 1838M, Max CSet: 87381K, Min Garbage: 0B
[35.918s][info][gc,ergo     ] GC(78) Collectable Garbage: 1712M (99%), Immediate: 1551M (90%), CSet: 161M (9%)
[35.918s][info][gc,ergo     ] GC(78) Pacer for Evacuation. Used CSet: 162M, Free: 1741M, Non-Taxable: 174M, Alloc Tax Rate: 1.1x
[35.918s][info][gc          ] GC(78) Pause Final Mark (unload classes) 0.216ms
[35.918s][info][gc,start    ] GC(78) Concurrent thread roots
[35.918s][info][gc,task     ] GC(78) Using 1 of 3 workers for Concurrent thread roots
[35.918s][info][gc          ] GC(78) Concurrent thread roots 0.396ms
[35.918s][info][gc,start    ] GC(78) Concurrent weak references
[35.918s][info][gc,task     ] GC(78) Using 1 of 3 workers for concurrent weak references
[35.918s][info][gc,ref      ] GC(78) Encountered references: Soft: 137, Weak: 908, Final: 3, Phantom: 116
[35.918s][info][gc,ref      ] GC(78) Discovered  references: Soft: 0, Weak: 441, Final: 1, Phantom: 95
[35.918s][info][gc,ref      ] GC(78) Enqueued    references: Soft: 0, Weak: 290, Final: 0, Phantom: 0
[35.918s][info][gc          ] GC(78) Concurrent weak references 0.168ms
[35.918s][info][gc,start    ] GC(78) Concurrent weak roots
[35.918s][info][gc,task     ] GC(78) Using 1 of 3 workers for concurrent weak root
[35.923s][info][gc          ] GC(78) Concurrent weak roots 5.159ms
[35.923s][info][gc,start    ] GC(78) Concurrent cleanup
[35.924s][info][gc          ] GC(78) Concurrent cleanup 1775M->224M(2048M) 0.107ms
[35.924s][info][gc,ergo     ] GC(78) Free: 1718M, Max: 1024K regular, 161M humongous, Frag: 91% external, 0% internal; Reserve: 102M, Max: 1024K
[35.924s][info][gc,start    ] GC(78) Concurrent class unloading
[35.924s][info][gc,task     ] GC(78) Using 1 of 3 workers for concurrent class unloading
[35.933s][info][gc          ] GC(78) Concurrent class unloading 9.743ms
[35.933s][info][gc,start    ] GC(78) Concurrent strong roots
[35.933s][info][gc,task     ] GC(78) Using 1 of 3 workers for concurrent strong root
[35.933s][info][gc          ] GC(78) Concurrent strong roots 0.100ms
[35.933s][info][gc,start    ] GC(78) Concurrent evacuation
[35.933s][info][gc,task     ] GC(78) Using 1 of 3 workers for concurrent evacuation
[35.935s][info][gc          ] GC(78) Concurrent evacuation 1.016ms
[35.935s][info][gc,start    ] GC(78) Pause Init Update Refs
[35.935s][info][gc,ergo     ] GC(78) Pacer for Update Refs. Used: 258M, Free: 1685M, Non-Taxable: 168M, Alloc Tax Rate: 1.1x
[35.935s][info][gc          ] GC(78) Pause Init Update Refs 0.050ms
[35.935s][info][gc,start    ] GC(78) Concurrent update references
[35.935s][info][gc,task     ] GC(78) Using 1 of 3 workers for concurrent reference update
[35.944s][info][gc          ] GC(78) Concurrent update references 8.797ms
[35.944s][info][gc,start    ] GC(78) Concurrent update thread roots
[35.945s][info][gc          ] GC(78) Concurrent update thread roots 1.198ms
[35.945s][info][gc,start    ] GC(78) Pause Final Update Refs
[35.945s][info][gc,task     ] GC(78) Using 3 of 3 workers for final reference update
[35.945s][info][gc          ] GC(78) Pause Final Update Refs 0.547ms
[35.946s][info][gc,start    ] GC(78) Concurrent cleanup
[35.946s][info][gc          ] GC(78) Concurrent cleanup 279M->119M(2048M) 0.065ms
[35.946s][info][gc,ergo     ] Free: 1822M, Max: 1024K regular, 1599M humongous, Frag: 12% external, 0% internal; Reserve: 103M, Max: 1024K
[35.946s][info][gc,stats    ] 
[35.946s][info][gc,stats    ] All times are wall-clock times, except per-root-class counters, that are sum over
[35.946s][info][gc,stats    ] all workers. Dividing the <total> over the root stage time estimates parallelism.
[35.946s][info][gc,stats    ] 
[35.946s][info][gc,stats    ] Concurrent Reset                   1143 us
[35.946s][info][gc,stats    ] Pause Init Mark (G)                2020 us
[35.946s][info][gc,stats    ] Pause Init Mark (N)                 120 us
[35.946s][info][gc,stats    ]   Update Region States               44 us
[35.946s][info][gc,stats    ] Concurrent Mark Roots               468 us, parallelism: 0.77x
[35.946s][info][gc,stats    ]   CMR: <total>                      360 us
[35.946s][info][gc,stats    ]   CMR: Thread Roots                 315 us, workers (us): 315, ---, ---, 
[35.947s][info][gc,stats    ]   CMR: VM Strong Roots                6 us, workers (us):   6, ---, ---, 
[35.947s][info][gc,stats    ]   CMR: CLDG Roots                    38 us, workers (us):  38, ---, ---, 
[35.947s][info][gc,stats    ] Concurrent Marking                 6693 us
[35.947s][info][gc,stats    ] Pause Final Mark (G)                358 us
[35.947s][info][gc,stats    ] Pause Final Mark (N)                225 us
[35.947s][info][gc,stats    ]   Finish Mark                        49 us
[35.947s][info][gc,stats    ]   Update Region States               35 us
[35.947s][info][gc,stats    ]   Choose Collection Set              68 us
[35.947s][info][gc,stats    ]   Rebuild Free Set                    8 us
[35.947s][info][gc,stats    ] Concurrent Thread Roots             413 us, parallelism: 0.84x
[35.947s][info][gc,stats    ]   CTR: <total>                      348 us
[35.947s][info][gc,stats    ]   CTR: Thread Roots                 348 us, workers (us): 348, ---, ---, 
[35.947s][info][gc,stats    ] Concurrent Weak References          176 us, parallelism: 0.58x
[35.947s][info][gc,stats    ]   CWRF: <total>                     101 us
[35.947s][info][gc,stats    ]   CWRF: Weak References             101 us, workers (us): 101, ---, ---, 
[35.947s][info][gc,stats    ] Concurrent Weak Roots              5199 us
[35.947s][info][gc,stats    ]   Roots                            1323 us, parallelism: 0.97x
[35.947s][info][gc,stats    ]     CWR: <total>                   1287 us
[35.947s][info][gc,stats    ]     CWR: Code Cache Roots          1174 us, workers (us): 1174, ---, ---, 
[35.947s][info][gc,stats    ]     CWR: VM Weak Roots              106 us, workers (us): 106, ---, ---, 
[35.947s][info][gc,stats    ]     CWR: CLDG Roots                   7 us, workers (us):   7, ---, ---, 
[35.947s][info][gc,stats    ]   Rendezvous                       3815 us
[35.947s][info][gc,stats    ] Concurrent Cleanup                  117 us
[35.947s][info][gc,stats    ] Concurrent Class Unloading         9777 us
[35.947s][info][gc,stats    ]   Unlink Stale                     5142 us
[35.947s][info][gc,stats    ]     System Dictionary                10 us
[35.947s][info][gc,stats    ]     Weak Class Links                  0 us
[35.947s][info][gc,stats    ]     Code Roots                     5130 us
[35.947s][info][gc,stats    ]   Rendezvous                       4263 us
[35.947s][info][gc,stats    ]   Purge Unlinked                    316 us
[35.947s][info][gc,stats    ]     Code Roots                      311 us
[35.947s][info][gc,stats    ]     CLDG                              5 us
[35.947s][info][gc,stats    ]     Exception Caches                  0 us
[35.947s][info][gc,stats    ] Concurrent Strong Roots             112 us, parallelism: 0.48x
[35.947s][info][gc,stats    ]   CSR: <total>                       54 us
[35.947s][info][gc,stats    ]   CSR: VM Strong Roots                4 us, workers (us):   4, ---, ---, 
[35.947s][info][gc,stats    ]   CSR: CLDG Roots                    50 us, workers (us):  50, ---, ---, 
[35.947s][info][gc,stats    ] Concurrent Evacuation              1054 us
[35.947s][info][gc,stats    ] Pause Init Update Refs (G)          172 us
[35.947s][info][gc,stats    ] Pause Init Update Refs (N)           58 us
[35.947s][info][gc,stats    ]   Manage GCLABs                       4 us
[35.947s][info][gc,stats    ] Concurrent Update Refs             8856 us
[35.947s][info][gc,stats    ] Concurrent Update Thread Roots     1244 us
[35.947s][info][gc,stats    ] Pause Final Update Refs (G)        1485 us
[35.947s][info][gc,stats    ] Pause Final Update Refs (N)         569 us
[35.947s][info][gc,stats    ]   Update Region States              475 us
[35.947s][info][gc,stats    ]   Trash Collection Set                9 us
[35.947s][info][gc,stats    ]   Rebuild Free Set                   16 us
[35.947s][info][gc,stats    ] Concurrent Cleanup                   76 us
[35.947s][info][gc,stats    ] 
[35.947s][info][gc,stats    ] Allocation pacing accrued:
[35.947s][info][gc,stats    ]       0 of   461 ms (  0.0%): <total>
[35.947s][info][gc,stats    ]       0 of   461 ms (  0.0%): <average total>
[35.947s][info][gc,stats    ] 
[35.947s][info][gc,metaspace] Metaspace: 8796K(9472K)->8796K(9472K) NonClass: 7946K(8320K)->7946K(8320K) Class: 850K(1152K)->850K(1152K)
[35.947s][info][gc,ergo     ] Pacer for Idle. Initial: 41943K, Alloc Tax Rate: 1.0x
[36.368s][info][gc          ] Trigger: Average GC time (48.46 ms) is above the time for average allocation rate (3750 MB/s) to deplete free headroom (167M) (margin of error = 1.89)
[36.368s][info][gc,ergo     ] Free headroom: 269M (free) - 102M (spike) - 0B (penalties) = 167M
[36.368s][info][gc,ergo     ] Free: 269M, Max: 1024K regular, 161M humongous, Frag: 39% external, 1% internal; Reserve: 103M, Max: 1024K
[36.368s][info][gc,start    ] GC(79) Concurrent reset
[36.368s][info][gc,task     ] GC(79) Using 1 of 3 workers for concurrent reset
[36.368s][info][gc,ergo     ] GC(79) Pacer for Reset. Non-Taxable: 2048M
[36.369s][info][gc          ] GC(79) Concurrent reset 0.914ms
[36.369s][info][gc,start    ] GC(79) Pause Init Mark (unload classes)
[36.369s][info][gc,task     ] GC(79) Using 3 of 3 workers for init marking
[36.369s][info][gc,ergo     ] GC(79) Pacer for Mark. Expected Live: 8444K, Free: 265M, Non-Taxable: 27230K, Alloc Tax Rate: 0.0x
[36.369s][info][gc          ] GC(79) Pause Init Mark (unload classes) 0.109ms
[36.369s][info][gc,start    ] GC(79) Concurrent marking roots
[36.369s][info][gc,task     ] GC(79) Using 1 of 3 workers for concurrent marking roots
[36.370s][info][gc          ] GC(79) Concurrent marking roots 0.539ms
[36.370s][info][gc,start    ] GC(79) Concurrent marking (unload classes)
[36.370s][info][gc,task     ] GC(79) Using 1 of 3 workers for concurrent marking
[36.375s][info][gc          ] GC(79) Concurrent marking (unload classes) 5.488ms
[36.375s][info][gc,start    ] GC(79) Pause Final Mark (unload classes)
[36.375s][info][gc,task     ] GC(79) Using 3 of 3 workers for final marking
[36.376s][info][gc,ergo     ] GC(79) Adaptive CSet Selection. Target Free: 290M, Actual Free: 1851M, Max CSet: 87381K, Min Garbage: 0B
[36.376s][info][gc,ergo     ] GC(79) Collectable Garbage: 1666M (99%), Immediate: 1507M (90%), CSet: 159M (9%)
[36.376s][info][gc,ergo     ] GC(79) Pacer for Evacuation. Used CSet: 160M, Free: 1754M, Non-Taxable: 175M, Alloc Tax Rate: 1.1x
[36.376s][info][gc          ] GC(79) Pause Final Mark (unload classes) 0.247ms
[36.376s][info][gc,start    ] GC(79) Concurrent thread roots
[36.376s][info][gc,task     ] GC(79) Using 1 of 3 workers for Concurrent thread roots
[36.376s][info][gc          ] GC(79) Concurrent thread roots 0.384ms
[36.376s][info][gc,start    ] GC(79) Concurrent weak references
[36.376s][info][gc,task     ] GC(79) Using 1 of 3 workers for concurrent weak references
[36.376s][info][gc,ref      ] GC(79) Encountered references: Soft: 137, Weak: 905, Final: 3, Phantom: 116
[36.376s][info][gc,ref      ] GC(79) Discovered  references: Soft: 0, Weak: 442, Final: 1, Phantom: 94
[36.376s][info][gc,ref      ] GC(79) Enqueued    references: Soft: 0, Weak: 297, Final: 0, Phantom: 0
[36.376s][info][gc          ] GC(79) Concurrent weak references 0.187ms
[36.376s][info][gc,start    ] GC(79) Concurrent weak roots
[36.376s][info][gc,task     ] GC(79) Using 1 of 3 workers for concurrent weak root
[36.378s][info][gc          ] GC(79) Concurrent weak roots 1.577ms
[36.378s][info][gc,start    ] GC(79) Concurrent cleanup
[36.378s][info][gc          ] GC(79) Concurrent cleanup 1704M->198M(2048M) 0.104ms
[36.378s][info][gc,ergo     ] GC(79) Free: 1744M, Max: 1024K regular, 178M humongous, Frag: 90% external, 0% internal; Reserve: 102M, Max: 1024K
[36.378s][info][gc,start    ] GC(79) Concurrent class unloading
[36.378s][info][gc,task     ] GC(79) Using 1 of 3 workers for concurrent class unloading
[36.384s][info][gc          ] GC(79) Concurrent class unloading 5.942ms
[36.384s][info][gc,start    ] GC(79) Concurrent strong roots
[36.384s][info][gc,task     ] GC(79) Using 1 of 3 workers for concurrent strong root
[36.384s][info][gc          ] GC(79) Concurrent strong roots 0.096ms
[36.384s][info][gc,start    ] GC(79) Concurrent evacuation
[36.384s][info][gc,task     ] GC(79) Using 1 of 3 workers for concurrent evacuation
[36.385s][info][gc          ] GC(79) Concurrent evacuation 1.036ms
[36.385s][info][gc,start    ] GC(79) Pause Init Update Refs
[36.385s][info][gc,ergo     ] GC(79) Pacer for Update Refs. Used: 218M, Free: 1725M, Non-Taxable: 172M, Alloc Tax Rate: 1.1x
[36.385s][info][gc          ] GC(79) Pause Init Update Refs 0.048ms
[36.386s][info][gc,start    ] GC(79) Concurrent update references
[36.386s][info][gc,task     ] GC(79) Using 1 of 3 workers for concurrent reference update
[36.392s][info][gc          ] GC(79) Concurrent update references 5.825ms
[36.392s][info][gc,start    ] GC(79) Concurrent update thread roots
[36.392s][info][gc          ] GC(79) Concurrent update thread roots 0.486ms
[36.392s][info][gc,start    ] GC(79) Pause Final Update Refs
[36.392s][info][gc,task     ] GC(79) Using 3 of 3 workers for final reference update
[36.392s][info][gc          ] GC(79) Pause Final Update Refs 0.093ms
[36.394s][info][gc,start    ] GC(79) Concurrent cleanup
[36.395s][info][gc          ] GC(79) Concurrent cleanup 240M->85M(2048M) 0.083ms
[36.395s][info][gc,ergo     ] Free: 1856M, Max: 1024K regular, 1566M humongous, Frag: 16% external, 0% internal; Reserve: 103M, Max: 1024K
[36.395s][info][gc,stats    ] 
[36.395s][info][gc,stats    ] All times are wall-clock times, except per-root-class counters, that are sum over
[36.395s][info][gc,stats    ] all workers. Dividing the <total> over the root stage time estimates parallelism.
[36.395s][info][gc,stats    ] 
[36.395s][info][gc,stats    ] Concurrent Reset                    998 us
[36.395s][info][gc,stats    ] Pause Init Mark (G)                 428 us
[36.395s][info][gc,stats    ] Pause Init Mark (N)                 118 us
[36.395s][info][gc,stats    ]   Update Region States               41 us
[36.395s][info][gc,stats    ] Concurrent Mark Roots               561 us, parallelism: 0.83x
[36.395s][info][gc,stats    ]   CMR: <total>                      466 us
[36.395s][info][gc,stats    ]   CMR: Thread Roots                 417 us, workers (us): 417, ---, ---, 
[36.395s][info][gc,stats    ]   CMR: VM Strong Roots                6 us, workers (us):   6, ---, ---, 
[36.395s][info][gc,stats    ]   CMR: CLDG Roots                    43 us, workers (us):  43, ---, ---, 
[36.395s][info][gc,stats    ] Concurrent Marking                 5540 us
[36.395s][info][gc,stats    ] Pause Final Mark (G)                374 us
[36.395s][info][gc,stats    ] Pause Final Mark (N)                262 us
[36.395s][info][gc,stats    ]   Finish Mark                        56 us
[36.395s][info][gc,stats    ]   Update Region States               41 us
[36.395s][info][gc,stats    ]   Choose Collection Set              92 us
[36.395s][info][gc,stats    ]   Rebuild Free Set                    9 us
[36.395s][info][gc,stats    ] Concurrent Thread Roots             406 us, parallelism: 0.80x
[36.395s][info][gc,stats    ]   CTR: <total>                      326 us
[36.395s][info][gc,stats    ]   CTR: Thread Roots                 326 us, workers (us): 326, ---, ---, 
[36.395s][info][gc,stats    ] Concurrent Weak References          195 us, parallelism: 0.58x
[36.395s][info][gc,stats    ]   CWRF: <total>                     114 us
[36.395s][info][gc,stats    ]   CWRF: Weak References             114 us, workers (us): 114, ---, ---, 
[36.395s][info][gc,stats    ] Concurrent Weak Roots              1634 us
[36.395s][info][gc,stats    ]   Roots                            1409 us, parallelism: 0.97x
[36.395s][info][gc,stats    ]     CWR: <total>                   1360 us
[36.395s][info][gc,stats    ]     CWR: Code Cache Roots          1249 us, workers (us): 1249, ---, ---, 
[36.395s][info][gc,stats    ]     CWR: VM Weak Roots              103 us, workers (us): 103, ---, ---, 
[36.395s][info][gc,stats    ]     CWR: CLDG Roots                   7 us, workers (us):   7, ---, ---, 
[36.395s][info][gc,stats    ]   Rendezvous                        149 us
[36.395s][info][gc,stats    ] Concurrent Cleanup                  114 us
[36.395s][info][gc,stats    ] Concurrent Class Unloading         5987 us
[36.395s][info][gc,stats    ]   Unlink Stale                     4865 us
[36.395s][info][gc,stats    ]     System Dictionary                11 us
[36.395s][info][gc,stats    ]     Weak Class Links                  0 us
[36.395s][info][gc,stats    ]     Code Roots                     4852 us
[36.395s][info][gc,stats    ]   Rendezvous                        719 us
[36.395s][info][gc,stats    ]   Purge Unlinked                    339 us
[36.395s][info][gc,stats    ]     Code Roots                      332 us
[36.395s][info][gc,stats    ]     CLDG                              6 us
[36.395s][info][gc,stats    ]     Exception Caches                  0 us
[36.395s][info][gc,stats    ] Concurrent Strong Roots             108 us, parallelism: 0.46x
[36.395s][info][gc,stats    ]   CSR: <total>                       50 us
[36.395s][info][gc,stats    ]   CSR: VM Strong Roots                4 us, workers (us):   4, ---, ---, 
[36.395s][info][gc,stats    ]   CSR: CLDG Roots                    46 us, workers (us):  46, ---, ---, 
[36.395s][info][gc,stats    ] Concurrent Evacuation              1095 us
[36.395s][info][gc,stats    ] Pause Init Update Refs (G)          411 us
[36.395s][info][gc,stats    ] Pause Init Update Refs (N)           56 us
[36.395s][info][gc,stats    ]   Manage GCLABs                       3 us
[36.395s][info][gc,stats    ] Concurrent Update Refs             5887 us
[36.395s][info][gc,stats    ] Concurrent Update Thread Roots      518 us
[36.395s][info][gc,stats    ] Pause Final Update Refs (G)        2313 us
[36.395s][info][gc,stats    ] Pause Final Update Refs (N)         127 us
[36.395s][info][gc,stats    ]   Update Region States               43 us
[36.395s][info][gc,stats    ]   Trash Collection Set                9 us
[36.395s][info][gc,stats    ]   Rebuild Free Set                   17 us
[36.395s][info][gc,stats    ] Concurrent Cleanup                   98 us
[36.395s][info][gc,stats    ] 
[36.395s][info][gc,stats    ] Allocation pacing accrued:
[36.395s][info][gc,stats    ]       0 of   448 ms (  0.0%): <total>
[36.395s][info][gc,stats    ]       0 of   448 ms (  0.0%): <average total>
[36.395s][info][gc,stats    ] 
[36.395s][info][gc,metaspace] Metaspace: 8796K(9472K)->8796K(9472K) NonClass: 7946K(8320K)->7946K(8320K) Class: 850K(1152K)->850K(1152K)
[36.395s][info][gc,ergo     ] Pacer for Idle. Initial: 41943K, Alloc Tax Rate: 1.0x
[36.826s][info][gc          ] Trigger: Average GC time (44.06 ms) is above the time for average allocation rate (3732 MB/s) to deplete free headroom (159M) (margin of error = 1.89)
[36.826s][info][gc,ergo     ] Free headroom: 261M (free) - 102M (spike) - 0B (penalties) = 159M
[36.827s][info][gc,ergo     ] Free: 261M, Max: 1024K regular, 255M humongous, Frag: 0% external, 1% internal; Reserve: 103M, Max: 1024K
[36.827s][info][gc,start    ] GC(80) Concurrent reset
[36.827s][info][gc,task     ] GC(80) Using 1 of 3 workers for concurrent reset
[36.827s][info][gc,ergo     ] GC(80) Pacer for Reset. Non-Taxable: 2048M
[36.827s][info][gc          ] GC(80) Concurrent reset 0.889ms
[36.828s][info][gc,start    ] GC(80) Pause Init Mark (unload classes)
[36.828s][info][gc,task     ] GC(80) Using 3 of 3 workers for init marking
[36.828s][info][gc,ergo     ] GC(80) Pacer for Mark. Expected Live: 8458K, Free: 258M, Non-Taxable: 26513K, Alloc Tax Rate: 0.0x
[36.828s][info][gc          ] GC(80) Pause Init Mark (unload classes) 0.163ms
[36.828s][info][gc,start    ] GC(80) Concurrent marking roots
[36.828s][info][gc,task     ] GC(80) Using 1 of 3 workers for concurrent marking roots
[36.828s][info][gc          ] GC(80) Concurrent marking roots 0.459ms
[36.828s][info][gc,start    ] GC(80) Concurrent marking (unload classes)
[36.828s][info][gc,task     ] GC(80) Using 1 of 3 workers for concurrent marking
[36.835s][info][gc          ] GC(80) Concurrent marking (unload classes) 6.766ms
[36.835s][info][gc,start    ] GC(80) Pause Final Mark (unload classes)
[36.835s][info][gc,task     ] GC(80) Using 3 of 3 workers for final marking
[36.835s][info][gc,ergo     ] GC(80) Adaptive CSet Selection. Target Free: 290M, Actual Free: 1840M, Max CSet: 87381K, Min Garbage: 0B
[36.835s][info][gc,ergo     ] GC(80) Collectable Garbage: 1673M (99%), Immediate: 1513M (90%), CSet: 160M (9%)
[36.835s][info][gc,ergo     ] GC(80) Pacer for Evacuation. Used CSet: 161M, Free: 1743M, Non-Taxable: 174M, Alloc Tax Rate: 1.1x
[36.835s][info][gc          ] GC(80) Pause Final Mark (unload classes) 0.235ms
[36.836s][info][gc,start    ] GC(80) Concurrent thread roots
[36.836s][info][gc,task     ] GC(80) Using 1 of 3 workers for Concurrent thread roots
[36.836s][info][gc          ] GC(80) Concurrent thread roots 0.407ms
[36.836s][info][gc,start    ] GC(80) Concurrent weak references
[36.836s][info][gc,task     ] GC(80) Using 1 of 3 workers for concurrent weak references
[36.836s][info][gc,ref      ] GC(80) Encountered references: Soft: 137, Weak: 905, Final: 3, Phantom: 124
[36.836s][info][gc,ref      ] GC(80) Discovered  references: Soft: 0, Weak: 436, Final: 1, Phantom: 108
[36.836s][info][gc,ref      ] GC(80) Enqueued    references: Soft: 0, Weak: 296, Final: 0, Phantom: 0
[36.836s][info][gc          ] GC(80) Concurrent weak references 0.170ms
[36.836s][info][gc,start    ] GC(80) Concurrent weak roots
[36.836s][info][gc,task     ] GC(80) Using 1 of 3 workers for concurrent weak root
[36.838s][info][gc          ] GC(80) Concurrent weak roots 2.185ms
[36.838s][info][gc,start    ] GC(80) Concurrent cleanup
[36.839s][info][gc          ] GC(80) Concurrent cleanup 1723M->210M(2048M) 0.109ms
[36.839s][info][gc,ergo     ] GC(80) Free: 1732M, Max: 1024K regular, 213M humongous, Frag: 88% external, 0% internal; Reserve: 102M, Max: 1024K
[36.839s][info][gc,start    ] GC(80) Concurrent class unloading
[36.839s][info][gc,task     ] GC(80) Using 1 of 3 workers for concurrent class unloading
[36.848s][info][gc          ] GC(80) Concurrent class unloading 9.265ms
[36.848s][info][gc,start    ] GC(80) Concurrent strong roots
[36.848s][info][gc,task     ] GC(80) Using 1 of 3 workers for concurrent strong root
[36.848s][info][gc          ] GC(80) Concurrent strong roots 0.113ms
[36.848s][info][gc,start    ] GC(80) Concurrent evacuation
[36.848s][info][gc,task     ] GC(80) Using 1 of 3 workers for concurrent evacuation
[36.849s][info][gc          ] GC(80) Concurrent evacuation 1.132ms
[36.849s][info][gc,start    ] GC(80) Pause Init Update Refs
[36.849s][info][gc,ergo     ] GC(80) Pacer for Update Refs. Used: 243M, Free: 1700M, Non-Taxable: 170M, Alloc Tax Rate: 1.1x
[36.849s][info][gc          ] GC(80) Pause Init Update Refs 0.052ms
[36.849s][info][gc,start    ] GC(80) Concurrent update references
[36.849s][info][gc,task     ] GC(80) Using 1 of 3 workers for concurrent reference update
[36.859s][info][gc          ] GC(80) Concurrent update references 9.123ms
[36.859s][info][gc,start    ] GC(80) Concurrent update thread roots
[36.859s][info][gc          ] GC(80) Concurrent update thread roots 0.523ms
[36.859s][info][gc,start    ] GC(80) Pause Final Update Refs
[36.859s][info][gc,task     ] GC(80) Using 3 of 3 workers for final reference update
[36.859s][info][gc          ] GC(80) Pause Final Update Refs 0.104ms
[36.863s][info][gc,start    ] GC(80) Concurrent cleanup
[36.864s][info][gc          ] GC(80) Concurrent cleanup 274M->118M(2048M) 0.091ms
[36.864s][info][gc,ergo     ] Free: 1824M, Max: 1024K regular, 1604M humongous, Frag: 12% external, 0% internal; Reserve: 103M, Max: 1024K
[36.864s][info][gc,stats    ] 
[36.864s][info][gc,stats    ] All times are wall-clock times, except per-root-class counters, that are sum over
[36.864s][info][gc,stats    ] all workers. Dividing the <total> over the root stage time estimates parallelism.
[36.864s][info][gc,stats    ] 
[36.864s][info][gc,stats    ] Concurrent Reset                    949 us
[36.864s][info][gc,stats    ] Pause Init Mark (G)                 429 us
[36.864s][info][gc,stats    ] Pause Init Mark (N)                 172 us
[36.864s][info][gc,stats    ]   Update Region States               67 us
[36.864s][info][gc,stats    ] Concurrent Mark Roots               476 us, parallelism: 0.82x
[36.864s][info][gc,stats    ]   CMR: <total>                      389 us
[36.864s][info][gc,stats    ]   CMR: Thread Roots                 341 us, workers (us): 341, ---, ---, 
[36.864s][info][gc,stats    ]   CMR: VM Strong Roots                6 us, workers (us):   6, ---, ---, 
[36.864s][info][gc,stats    ]   CMR: CLDG Roots                    43 us, workers (us):  43, ---, ---, 
[36.864s][info][gc,stats    ] Concurrent Marking                 6808 us
[36.864s][info][gc,stats    ] Pause Final Mark (G)                362 us
[36.864s][info][gc,stats    ] Pause Final Mark (N)                245 us
[36.864s][info][gc,stats    ]   Finish Mark                        53 us
[36.864s][info][gc,stats    ]   Update Region States               40 us
[36.864s][info][gc,stats    ]   Choose Collection Set             100 us
[36.864s][info][gc,stats    ]   Rebuild Free Set                    8 us
[36.864s][info][gc,stats    ] Concurrent Thread Roots             427 us, parallelism: 0.86x
[36.864s][info][gc,stats    ]   CTR: <total>                      367 us
[36.864s][info][gc,stats    ]   CTR: Thread Roots                 367 us, workers (us): 367, ---, ---, 
[36.864s][info][gc,stats    ] Concurrent Weak References          178 us, parallelism: 0.58x
[36.864s][info][gc,stats    ]   CWRF: <total>                     103 us
[36.864s][info][gc,stats    ]   CWRF: Weak References             103 us, workers (us): 103, ---, ---, 
[36.864s][info][gc,stats    ] Concurrent Weak Roots              2230 us
[36.864s][info][gc,stats    ]   Roots                            1312 us, parallelism: 0.97x
[36.864s][info][gc,stats    ]     CWR: <total>                   1275 us
[36.864s][info][gc,stats    ]     CWR: Code Cache Roots          1161 us, workers (us): 1161, ---, ---, 
[36.864s][info][gc,stats    ]     CWR: VM Weak Roots              106 us, workers (us): 106, ---, ---, 
[36.864s][info][gc,stats    ]     CWR: CLDG Roots                   8 us, workers (us):   8, ---, ---, 
[36.864s][info][gc,stats    ]   Rendezvous                        852 us
[36.864s][info][gc,stats    ] Concurrent Cleanup                  121 us
[36.864s][info][gc,stats    ] Concurrent Class Unloading         9315 us
[36.864s][info][gc,stats    ]   Unlink Stale                     5048 us
[36.864s][info][gc,stats    ]     System Dictionary                 9 us
[36.864s][info][gc,stats    ]     Weak Class Links                  0 us
[36.864s][info][gc,stats    ]     Code Roots                     5036 us
[36.864s][info][gc,stats    ]   Rendezvous                       3833 us
[36.864s][info][gc,stats    ]   Purge Unlinked                    360 us
[36.864s][info][gc,stats    ]     Code Roots                      349 us
[36.864s][info][gc,stats    ]     CLDG                             10 us
[36.864s][info][gc,stats    ]     Exception Caches                  0 us
[36.864s][info][gc,stats    ] Concurrent Strong Roots             127 us, parallelism: 0.45x
[36.864s][info][gc,stats    ]   CSR: <total>                       58 us
[36.864s][info][gc,stats    ]   CSR: VM Strong Roots                4 us, workers (us):   4, ---, ---, 
[36.864s][info][gc,stats    ]   CSR: CLDG Roots                    54 us, workers (us):  54, ---, ---, 
[36.864s][info][gc,stats    ] Concurrent Evacuation              1189 us
[36.864s][info][gc,stats    ] Pause Init Update Refs (G)          289 us
[36.864s][info][gc,stats    ] Pause Init Update Refs (N)           61 us
[36.864s][info][gc,stats    ]   Manage GCLABs                       4 us
[36.864s][info][gc,stats    ] Concurrent Update Refs             9172 us
[36.864s][info][gc,stats    ] Concurrent Update Thread Roots      554 us
[36.864s][info][gc,stats    ] Pause Final Update Refs (G)        4270 us
[36.864s][info][gc,stats    ] Pause Final Update Refs (N)         133 us
[36.864s][info][gc,stats    ]   Update Region States               45 us
[36.864s][info][gc,stats    ]   Trash Collection Set                9 us
[36.864s][info][gc,stats    ]   Rebuild Free Set                   16 us
[36.864s][info][gc,stats    ] Concurrent Cleanup                  105 us
[36.864s][info][gc,stats    ] 
[36.864s][info][gc,stats    ] Allocation pacing accrued:
[36.864s][info][gc,stats    ]       0 of   469 ms (  0.0%): <total>
[36.864s][info][gc,stats    ]       0 of   469 ms (  0.0%): <average total>
[36.864s][info][gc,stats    ] 
[36.864s][info][gc,metaspace] Metaspace: 8796K(9472K)->8796K(9472K) NonClass: 7946K(8320K)->7946K(8320K) Class: 850K(1152K)->850K(1152K)
[36.864s][info][gc,ergo     ] Pacer for Idle. Initial: 41943K, Alloc Tax Rate: 1.0x
[37.287s][info][gc          ] Trigger: Average GC time (44.59 ms) is above the time for average allocation rate (3745 MB/s) to deplete free headroom (151M) (margin of error = 1.89)
[37.287s][info][gc,ergo     ] Free headroom: 254M (free) - 102M (spike) - 0B (penalties) = 151M
[37.287s][info][gc,ergo     ] Free: 254M, Max: 1024K regular, 213M humongous, Frag: 14% external, 1% internal; Reserve: 103M, Max: 1024K
[37.287s][info][gc,start    ] GC(81) Concurrent reset
[37.287s][info][gc,task     ] GC(81) Using 1 of 3 workers for concurrent reset
[37.287s][info][gc,ergo     ] GC(81) Pacer for Reset. Non-Taxable: 2048M
[37.288s][info][gc          ] GC(81) Concurrent reset 0.899ms
[37.289s][info][gc,start    ] GC(81) Pause Init Mark (unload classes)
[37.289s][info][gc,task     ] GC(81) Using 3 of 3 workers for init marking
[37.289s][info][gc,ergo     ] GC(81) Pacer for Mark. Expected Live: 8469K, Free: 250M, Non-Taxable: 25617K, Alloc Tax Rate: 0.0x
[37.289s][info][gc          ] GC(81) Pause Init Mark (unload classes) 0.124ms
[37.294s][info][gc,start    ] GC(81) Concurrent marking roots
[37.295s][info][gc,task     ] GC(81) Using 1 of 3 workers for concurrent marking roots
[37.295s][info][gc          ] GC(81) Concurrent marking roots 0.403ms
[37.295s][info][gc,start    ] GC(81) Concurrent marking (unload classes)
[37.295s][info][gc,task     ] GC(81) Using 1 of 3 workers for concurrent marking
[37.300s][info][gc          ] GC(81) Concurrent marking (unload classes) 4.746ms
[37.300s][info][gc,start    ] GC(81) Pause Final Mark (unload classes)
[37.300s][info][gc,task     ] GC(81) Using 3 of 3 workers for final marking
[37.300s][info][gc,ergo     ] GC(81) Adaptive CSet Selection. Target Free: 290M, Actual Free: 1839M, Max CSet: 87381K, Min Garbage: 0B
[37.300s][info][gc,ergo     ] GC(81) Collectable Garbage: 1682M (99%), Immediate: 1523M (90%), CSet: 159M (9%)
[37.300s][info][gc,ergo     ] GC(81) Pacer for Evacuation. Used CSet: 160M, Free: 1742M, Non-Taxable: 174M, Alloc Tax Rate: 1.1x
[37.300s][info][gc          ] GC(81) Pause Final Mark (unload classes) 0.380ms
[37.300s][info][gc,start    ] GC(81) Concurrent thread roots
[37.300s][info][gc,task     ] GC(81) Using 1 of 3 workers for Concurrent thread roots
[37.301s][info][gc          ] GC(81) Concurrent thread roots 0.448ms
[37.301s][info][gc,start    ] GC(81) Concurrent weak references
[37.301s][info][gc,task     ] GC(81) Using 1 of 3 workers for concurrent weak references
[37.301s][info][gc,ref      ] GC(81) Encountered references: Soft: 137, Weak: 898, Final: 3, Phantom: 108
[37.301s][info][gc,ref      ] GC(81) Discovered  references: Soft: 0, Weak: 427, Final: 1, Phantom: 82
[37.301s][info][gc,ref      ] GC(81) Enqueued    references: Soft: 0, Weak: 296, Final: 0, Phantom: 0
[37.301s][info][gc          ] GC(81) Concurrent weak references 0.146ms
[37.301s][info][gc,start    ] GC(81) Concurrent weak roots
[37.301s][info][gc,task     ] GC(81) Using 1 of 3 workers for concurrent weak root
[37.302s][info][gc          ] GC(81) Concurrent weak roots 1.190ms
[37.302s][info][gc,start    ] GC(81) Concurrent cleanup
[37.302s][info][gc          ] GC(81) Concurrent cleanup 1725M->202M(2048M) 0.086ms
[37.302s][info][gc,ergo     ] GC(81) Free: 1740M, Max: 1024K regular, 211M humongous, Frag: 88% external, 0% internal; Reserve: 102M, Max: 1024K
[37.302s][info][gc,start    ] GC(81) Concurrent class unloading
[37.302s][info][gc,task     ] GC(81) Using 1 of 3 workers for concurrent class unloading
[37.307s][info][gc          ] GC(81) Concurrent class unloading 5.121ms
[37.307s][info][gc,start    ] GC(81) Concurrent strong roots
[37.307s][info][gc,task     ] GC(81) Using 1 of 3 workers for concurrent strong root
[37.307s][info][gc          ] GC(81) Concurrent strong roots 0.097ms
[37.307s][info][gc,start    ] GC(81) Concurrent evacuation
[37.307s][info][gc,task     ] GC(81) Using 1 of 3 workers for concurrent evacuation
[37.308s][info][gc          ] GC(81) Concurrent evacuation 1.041ms
[37.309s][info][gc,start    ] GC(81) Pause Init Update Refs
[37.309s][info][gc,ergo     ] GC(81) Pacer for Update Refs. Used: 219M, Free: 1724M, Non-Taxable: 172M, Alloc Tax Rate: 1.1x
[37.309s][info][gc          ] GC(81) Pause Init Update Refs 0.039ms
[37.309s][info][gc,start    ] GC(81) Concurrent update references
[37.309s][info][gc,task     ] GC(81) Using 1 of 3 workers for concurrent reference update
[37.318s][info][gc          ] GC(81) Concurrent update references 9.441ms
[37.318s][info][gc,start    ] GC(81) Concurrent update thread roots
[37.319s][info][gc          ] GC(81) Concurrent update thread roots 0.491ms
[37.319s][info][gc,start    ] GC(81) Pause Final Update Refs
[37.319s][info][gc,task     ] GC(81) Using 3 of 3 workers for final reference update
[37.319s][info][gc          ] GC(81) Pause Final Update Refs 0.095ms
[37.321s][info][gc,start    ] GC(81) Concurrent cleanup
[37.321s][info][gc          ] GC(81) Concurrent cleanup 251M->96M(2048M) 0.076ms
[37.321s][info][gc,ergo     ] Free: 1846M, Max: 1024K regular, 1590M humongous, Frag: 14% external, 0% internal; Reserve: 103M, Max: 1024K
[37.321s][info][gc,stats    ] 
[37.321s][info][gc,stats    ] All times are wall-clock times, except per-root-class counters, that are sum over
[37.321s][info][gc,stats    ] all workers. Dividing the <total> over the root stage time estimates parallelism.
[37.321s][info][gc,stats    ] 
[37.321s][info][gc,stats    ] Concurrent Reset                    966 us
[37.321s][info][gc,stats    ] Pause Init Mark (G)                6056 us
[37.321s][info][gc,stats    ] Pause Init Mark (N)                 134 us
[37.321s][info][gc,stats    ]   Update Region States               48 us
[37.321s][info][gc,stats    ] Concurrent Mark Roots               419 us, parallelism: 0.74x
[37.321s][info][gc,stats    ]   CMR: <total>                      311 us
[37.321s][info][gc,stats    ]   CMR: Thread Roots                 267 us, workers (us): 267, ---, ---, 
[37.321s][info][gc,stats    ]   CMR: VM Strong Roots                6 us, workers (us):   6, ---, ---, 
[37.321s][info][gc,stats    ]   CMR: CLDG Roots                    38 us, workers (us):  38, ---, ---, 
[37.321s][info][gc,stats    ] Concurrent Marking                 4782 us
[37.321s][info][gc,stats    ] Pause Final Mark (G)                484 us
[37.321s][info][gc,stats    ] Pause Final Mark (N)                401 us
[37.321s][info][gc,stats    ]   Finish Mark                        60 us
[37.321s][info][gc,stats    ]   Update Region States               46 us
[37.321s][info][gc,stats    ]   Choose Collection Set             124 us
[37.321s][info][gc,stats    ]   Rebuild Free Set                   23 us
[37.321s][info][gc,stats    ] Concurrent Thread Roots             457 us, parallelism: 0.87x
[37.321s][info][gc,stats    ]   CTR: <total>                      397 us
[37.321s][info][gc,stats    ]   CTR: Thread Roots                 397 us, workers (us): 397, ---, ---, 
[37.321s][info][gc,stats    ] Concurrent Weak References          153 us, parallelism: 0.55x
[37.321s][info][gc,stats    ]   CWRF: <total>                      85 us
[37.321s][info][gc,stats    ]   CWRF: Weak References              85 us, workers (us):  85, ---, ---, 
[37.321s][info][gc,stats    ] Concurrent Weak Roots              1220 us
[37.321s][info][gc,stats    ]   Roots                            1117 us, parallelism: 0.96x
[37.321s][info][gc,stats    ]     CWR: <total>                   1069 us
[37.321s][info][gc,stats    ]     CWR: Code Cache Roots           971 us, workers (us): 971, ---, ---, 
[37.321s][info][gc,stats    ]     CWR: VM Weak Roots               92 us, workers (us):  92, ---, ---, 
[37.321s][info][gc,stats    ]     CWR: CLDG Roots                   6 us, workers (us):   6, ---, ---, 
[37.321s][info][gc,stats    ]   Rendezvous                         54 us
[37.321s][info][gc,stats    ] Concurrent Cleanup                   96 us
[37.321s][info][gc,stats    ] Concurrent Class Unloading         5164 us
[37.321s][info][gc,stats    ]   Unlink Stale                     4695 us
[37.321s][info][gc,stats    ]     System Dictionary                 9 us
[37.321s][info][gc,stats    ]     Weak Class Links                  0 us
[37.321s][info][gc,stats    ]     Code Roots                     4685 us
[37.321s][info][gc,stats    ]   Rendezvous                        146 us
[37.321s][info][gc,stats    ]   Purge Unlinked                    259 us
[37.321s][info][gc,stats    ]     Code Roots                      253 us
[37.321s][info][gc,stats    ]     CLDG                              6 us
[37.321s][info][gc,stats    ]     Exception Caches                  0 us
[37.321s][info][gc,stats    ] Concurrent Strong Roots             106 us, parallelism: 0.53x
[37.321s][info][gc,stats    ]   CSR: <total>                       56 us
[37.321s][info][gc,stats    ]   CSR: VM Strong Roots                3 us, workers (us):   3, ---, ---, 
[37.321s][info][gc,stats    ]   CSR: CLDG Roots                    53 us, workers (us):  53, ---, ---, 
[37.321s][info][gc,stats    ] Concurrent Evacuation              1090 us
[37.321s][info][gc,stats    ] Pause Init Update Refs (G)          193 us
[37.321s][info][gc,stats    ] Pause Init Update Refs (N)           47 us
[37.321s][info][gc,stats    ]   Manage GCLABs                       3 us
[37.321s][info][gc,stats    ] Concurrent Update Refs             9480 us
[37.321s][info][gc,stats    ] Concurrent Update Thread Roots      524 us
[37.321s][info][gc,stats    ] Pause Final Update Refs (G)        1833 us
[37.321s][info][gc,stats    ] Pause Final Update Refs (N)         125 us
[37.321s][info][gc,stats    ]   Update Region States               46 us
[37.321s][info][gc,stats    ]   Trash Collection Set                7 us
[37.321s][info][gc,stats    ]   Rebuild Free Set                   12 us
[37.321s][info][gc,stats    ] Concurrent Cleanup                   89 us
[37.321s][info][gc,stats    ] Pacing                            32308 us
[37.321s][info][gc,stats    ] 
[37.321s][info][gc,stats    ] Allocation pacing accrued:
[37.321s][info][gc,stats    ]       9 of   457 ms (  2.0%): Query0
[37.321s][info][gc,stats    ]       8 of   457 ms (  1.7%): Query2
[37.321s][info][gc,stats    ]       8 of   457 ms (  1.7%): Query3
[37.321s][info][gc,stats    ]       8 of   457 ms (  1.7%): Query5
[37.321s][info][gc,stats    ]      32 of   457 ms (  7.1%): <total>
[37.321s][info][gc,stats    ]       2 of   457 ms (  0.4%): <average total>
[37.321s][info][gc,stats    ]       8 of   457 ms (  1.8%): <average non-zero>
[37.321s][info][gc,stats    ] 
[37.321s][info][gc,metaspace] Metaspace: 8796K(9472K)->8796K(9472K) NonClass: 7946K(8320K)->7946K(8320K) Class: 850K(1152K)->850K(1152K)
[37.321s][info][gc,ergo     ] Pacer for Idle. Initial: 41943K, Alloc Tax Rate: 1.0x
[37.762s][info][gc          ] Trigger: Free (200M) is below minimum threshold (204M)
[37.762s][info][gc,ergo     ] Free: 200M, Max: 1024K regular, 194M humongous, Frag: 0% external, 1% internal; Reserve: 103M, Max: 1024K
[37.762s][info][gc,start    ] GC(82) Concurrent reset
[37.762s][info][gc,task     ] GC(82) Using 1 of 3 workers for concurrent reset
[37.762s][info][gc,ergo     ] GC(82) Pacer for Reset. Non-Taxable: 2048M
[37.763s][info][gc          ] GC(82) Concurrent reset 0.879ms
[37.763s][info][gc,start    ] GC(82) Pause Init Mark (unload classes)
[37.763s][info][gc,task     ] GC(82) Using 3 of 3 workers for init marking
[37.763s][info][gc,ergo     ] GC(82) Pacer for Mark. Expected Live: 8464K, Free: 196M, Non-Taxable: 20164K, Alloc Tax Rate: 0.1x
[37.763s][info][gc          ] GC(82) Pause Init Mark (unload classes) 0.127ms
[37.764s][info][gc,start    ] GC(82) Concurrent marking roots
[37.764s][info][gc,task     ] GC(82) Using 1 of 3 workers for concurrent marking roots
[37.765s][info][gc          ] GC(82) Concurrent marking roots 0.475ms
[37.765s][info][gc,start    ] GC(82) Concurrent marking (unload classes)
[37.765s][info][gc,task     ] GC(82) Using 1 of 3 workers for concurrent marking
[37.772s][info][gc          ] GC(82) Concurrent marking (unload classes) 6.934ms
[37.772s][info][gc,start    ] GC(82) Pause Final Mark (unload classes)
[37.772s][info][gc,task     ] GC(82) Using 3 of 3 workers for final marking
[37.772s][info][gc,ergo     ] GC(82) Adaptive CSet Selection. Target Free: 290M, Actual Free: 1833M, Max CSet: 87381K, Min Garbage: 0B
[37.772s][info][gc,ergo     ] GC(82) Collectable Garbage: 1735M (99%), Immediate: 1570M (90%), CSet: 165M (9%)
[37.772s][info][gc,ergo     ] GC(82) Pacer for Evacuation. Used CSet: 166M, Free: 1736M, Non-Taxable: 173M, Alloc Tax Rate: 1.1x
[37.772s][info][gc          ] GC(82) Pause Final Mark (unload classes) 0.208ms
[37.772s][info][gc,start    ] GC(82) Concurrent thread roots
[37.772s][info][gc,task     ] GC(82) Using 1 of 3 workers for Concurrent thread roots
[37.772s][info][gc          ] GC(82) Concurrent thread roots 0.412ms
[37.772s][info][gc,start    ] GC(82) Concurrent weak references
[37.772s][info][gc,task     ] GC(82) Using 1 of 3 workers for concurrent weak references
[37.773s][info][gc,ref      ] GC(82) Encountered references: Soft: 137, Weak: 911, Final: 3, Phantom: 116
[37.773s][info][gc,ref      ] GC(82) Discovered  references: Soft: 0, Weak: 440, Final: 1, Phantom: 94
[37.773s][info][gc,ref      ] GC(82) Enqueued    references: Soft: 0, Weak: 299, Final: 0, Phantom: 0
[37.773s][info][gc          ] GC(82) Concurrent weak references 0.285ms
[37.773s][info][gc,start    ] GC(82) Concurrent weak roots
[37.773s][info][gc,task     ] GC(82) Using 1 of 3 workers for concurrent weak root
[37.774s][info][gc          ] GC(82) Concurrent weak roots 1.432ms
[37.774s][info][gc,start    ] GC(82) Concurrent cleanup
[37.774s][info][gc          ] GC(82) Concurrent cleanup 1785M->215M(2048M) 0.118ms
[37.774s][info][gc,ergo     ] GC(82) Free: 1727M, Max: 1024K regular, 151M humongous, Frag: 92% external, 0% internal; Reserve: 102M, Max: 1024K
[37.774s][info][gc,start    ] GC(82) Concurrent class unloading
[37.774s][info][gc,task     ] GC(82) Using 1 of 3 workers for concurrent class unloading
[37.780s][info][gc          ] GC(82) Concurrent class unloading 5.930ms
[37.780s][info][gc,start    ] GC(82) Concurrent strong roots
[37.780s][info][gc,task     ] GC(82) Using 1 of 3 workers for concurrent strong root
[37.780s][info][gc          ] GC(82) Concurrent strong roots 0.093ms
[37.780s][info][gc,start    ] GC(82) Concurrent evacuation
[37.780s][info][gc,task     ] GC(82) Using 1 of 3 workers for concurrent evacuation
[37.781s][info][gc          ] GC(82) Concurrent evacuation 0.998ms
[37.782s][info][gc,start    ] GC(82) Pause Init Update Refs
[37.782s][info][gc,ergo     ] GC(82) Pacer for Update Refs. Used: 236M, Free: 1707M, Non-Taxable: 170M, Alloc Tax Rate: 1.1x
[37.782s][info][gc          ] GC(82) Pause Init Update Refs 0.046ms
[37.782s][info][gc,start    ] GC(82) Concurrent update references
[37.782s][info][gc,task     ] GC(82) Using 1 of 3 workers for concurrent reference update
[37.790s][info][gc          ] GC(82) Concurrent update references 8.705ms
[37.790s][info][gc,start    ] GC(82) Concurrent update thread roots
[37.791s][info][gc          ] GC(82) Concurrent update thread roots 0.937ms
[37.791s][info][gc,start    ] GC(82) Pause Final Update Refs
[37.791s][info][gc,task     ] GC(82) Using 3 of 3 workers for final reference update
[37.792s][info][gc          ] GC(82) Pause Final Update Refs 0.124ms
[37.800s][info][gc,start    ] GC(82) Concurrent cleanup
[37.800s][info][gc          ] GC(82) Concurrent cleanup 281M->120M(2048M) 0.085ms
[37.800s][info][gc,ergo     ] Free: 1820M, Max: 1024K regular, 1662M humongous, Frag: 9% external, 0% internal; Reserve: 103M, Max: 1024K
[37.800s][info][gc,stats    ] 
[37.800s][info][gc,stats    ] All times are wall-clock times, except per-root-class counters, that are sum over
[37.800s][info][gc,stats    ] all workers. Dividing the <total> over the root stage time estimates parallelism.
[37.800s][info][gc,stats    ] 
[37.800s][info][gc,stats    ] Concurrent Reset                    948 us
[37.800s][info][gc,stats    ] Pause Init Mark (G)                1119 us
[37.800s][info][gc,stats    ] Pause Init Mark (N)                 137 us
[37.800s][info][gc,stats    ]   Update Region States               45 us
[37.800s][info][gc,stats    ] Concurrent Mark Roots               491 us, parallelism: 0.77x
[37.800s][info][gc,stats    ]   CMR: <total>                      379 us
[37.800s][info][gc,stats    ]   CMR: Thread Roots                 324 us, workers (us): 324, ---, ---, 
[37.800s][info][gc,stats    ]   CMR: VM Strong Roots                8 us, workers (us):   8, ---, ---, 
[37.800s][info][gc,stats    ]   CMR: CLDG Roots                    47 us, workers (us):  47, ---, ---, 
[37.800s][info][gc,stats    ] Concurrent Marking                 6974 us
[37.800s][info][gc,stats    ] Pause Final Mark (G)                393 us
[37.800s][info][gc,stats    ] Pause Final Mark (N)                218 us
[37.800s][info][gc,stats    ]   Finish Mark                        47 us
[37.800s][info][gc,stats    ]   Update Region States               35 us
[37.800s][info][gc,stats    ]   Choose Collection Set              63 us
[37.800s][info][gc,stats    ]   Rebuild Free Set                    8 us
[37.800s][info][gc,stats    ] Concurrent Thread Roots             433 us, parallelism: 0.84x
[37.800s][info][gc,stats    ]   CTR: <total>                      364 us
[37.800s][info][gc,stats    ]   CTR: Thread Roots                 364 us, workers (us): 364, ---, ---, 
[37.800s][info][gc,stats    ] Concurrent Weak References          293 us, parallelism: 0.74x
[37.800s][info][gc,stats    ]   CWRF: <total>                     216 us
[37.800s][info][gc,stats    ]   CWRF: Weak References             216 us, workers (us): 216, ---, ---, 
[37.800s][info][gc,stats    ] Concurrent Weak Roots              1478 us
[37.800s][info][gc,stats    ]   Roots                            1333 us, parallelism: 0.97x
[37.800s][info][gc,stats    ]     CWR: <total>                   1296 us
[37.800s][info][gc,stats    ]     CWR: Code Cache Roots          1180 us, workers (us): 1180, ---, ---, 
[37.800s][info][gc,stats    ]     CWR: VM Weak Roots              107 us, workers (us): 107, ---, ---, 
[37.800s][info][gc,stats    ]     CWR: CLDG Roots                   8 us, workers (us):   8, ---, ---, 
[37.800s][info][gc,stats    ]   Rendezvous                         81 us
[37.800s][info][gc,stats    ] Concurrent Cleanup                  131 us
[37.800s][info][gc,stats    ] Concurrent Class Unloading         5985 us
[37.800s][info][gc,stats    ]   Unlink Stale                     5056 us
[37.800s][info][gc,stats    ]     System Dictionary                11 us
[37.800s][info][gc,stats    ]     Weak Class Links                  0 us
[37.800s][info][gc,stats    ]     Code Roots                     5043 us
[37.800s][info][gc,stats    ]   Rendezvous                        619 us
[37.800s][info][gc,stats    ]   Purge Unlinked                    235 us
[37.800s][info][gc,stats    ]     Code Roots                      230 us
[37.800s][info][gc,stats    ]     CLDG                              4 us
[37.800s][info][gc,stats    ]     Exception Caches                  0 us
[37.800s][info][gc,stats    ] Concurrent Strong Roots             111 us, parallelism: 0.40x
[37.800s][info][gc,stats    ]   CSR: <total>                       45 us
[37.800s][info][gc,stats    ]   CSR: VM Strong Roots                5 us, workers (us):   5, ---, ---, 
[37.800s][info][gc,stats    ]   CSR: CLDG Roots                    40 us, workers (us):  40, ---, ---, 
[37.800s][info][gc,stats    ] Concurrent Evacuation              1032 us
[37.800s][info][gc,stats    ] Pause Init Update Refs (G)          204 us
[37.800s][info][gc,stats    ] Pause Init Update Refs (N)           55 us
[37.800s][info][gc,stats    ]   Manage GCLABs                       7 us
[37.800s][info][gc,stats    ] Concurrent Update Refs             8745 us
[37.800s][info][gc,stats    ] Concurrent Update Thread Roots      975 us
[37.800s][info][gc,stats    ] Pause Final Update Refs (G)        8190 us
[37.800s][info][gc,stats    ] Pause Final Update Refs (N)         135 us
[37.800s][info][gc,stats    ]   Update Region States               51 us
[37.800s][info][gc,stats    ]   Trash Collection Set                9 us
[37.800s][info][gc,stats    ]   Rebuild Free Set                   17 us
[37.800s][info][gc,stats    ] Concurrent Cleanup                   97 us
[37.800s][info][gc,stats    ] Pacing                            15157 us
[37.800s][info][gc,stats    ] 
[37.800s][info][gc,stats    ] Allocation pacing accrued:
[37.800s][info][gc,stats    ]       3 of   479 ms (  0.7%): Query0
[37.800s][info][gc,stats    ]       1 of   479 ms (  0.3%): Query1
[37.800s][info][gc,stats    ]       2 of   479 ms (  0.4%): Query2
[37.800s][info][gc,stats    ]       3 of   479 ms (  0.6%): Query3
[37.800s][info][gc,stats    ]       2 of   479 ms (  0.5%): Query4
[37.800s][info][gc,stats    ]       3 of   479 ms (  0.6%): Query5
[37.800s][info][gc,stats    ]      15 of   479 ms (  3.2%): <total>
[37.800s][info][gc,stats    ]       1 of   479 ms (  0.2%): <average total>
[37.800s][info][gc,stats    ]       3 of   479 ms (  0.5%): <average non-zero>
[37.800s][info][gc,stats    ] 
[37.800s][info][gc,metaspace] Metaspace: 8796K(9472K)->8796K(9472K) NonClass: 7946K(8320K)->7946K(8320K) Class: 850K(1152K)->850K(1152K)
[37.800s][info][gc,ergo     ] Pacer for Idle. Initial: 41943K, Alloc Tax Rate: 1.0x
[38.230s][info][gc          ] Trigger: Average GC time (42.07 ms) is above the time for average allocation rate (3707 MB/s) to deplete free headroom (135M) (margin of error = 1.89)
[38.230s][info][gc,ergo     ] Free headroom: 238M (free) - 102M (spike) - 0B (penalties) = 135M
[38.230s][info][gc,ergo     ] Free: 238M, Max: 1024K regular, 151M humongous, Frag: 35% external, 1% internal; Reserve: 103M, Max: 1024K
[38.230s][info][gc,start    ] GC(83) Concurrent reset
[38.230s][info][gc,task     ] GC(83) Using 1 of 3 workers for concurrent reset
[38.230s][info][gc,ergo     ] GC(83) Pacer for Reset. Non-Taxable: 2048M
[38.231s][info][gc          ] GC(83) Concurrent reset 0.959ms
[38.231s][info][gc,start    ] GC(83) Pause Init Mark (unload classes)
[38.232s][info][gc,task     ] GC(83) Using 3 of 3 workers for init marking
[38.232s][info][gc,ergo     ] GC(83) Pacer for Mark. Expected Live: 8463K, Free: 235M, Non-Taxable: 24081K, Alloc Tax Rate: 0.0x
[38.232s][info][gc          ] GC(83) Pause Init Mark (unload classes) 0.120ms
[38.233s][info][gc,start    ] GC(83) Concurrent marking roots
[38.233s][info][gc,task     ] GC(83) Using 1 of 3 workers for concurrent marking roots
[38.233s][info][gc          ] GC(83) Concurrent marking roots 0.443ms
[38.233s][info][gc,start    ] GC(83) Concurrent marking (unload classes)
[38.234s][info][gc,task     ] GC(83) Using 1 of 3 workers for concurrent marking
[38.239s][info][gc          ] GC(83) Concurrent marking (unload classes) 5.335ms
[38.239s][info][gc,start    ] GC(83) Pause Final Mark (unload classes)
[38.239s][info][gc,task     ] GC(83) Using 3 of 3 workers for final marking
[38.239s][info][gc,ergo     ] GC(83) Adaptive CSet Selection. Target Free: 290M, Actual Free: 1844M, Max CSet: 87381K, Min Garbage: 0B
[38.239s][info][gc,ergo     ] GC(83) Collectable Garbage: 1697M (99%), Immediate: 1537M (90%), CSet: 160M (9%)
[38.239s][info][gc,ergo     ] GC(83) Pacer for Evacuation. Used CSet: 161M, Free: 1747M, Non-Taxable: 174M, Alloc Tax Rate: 1.1x
[38.239s][info][gc          ] GC(83) Pause Final Mark (unload classes) 0.212ms
[38.239s][info][gc,start    ] GC(83) Concurrent thread roots
[38.239s][info][gc,task     ] GC(83) Using 1 of 3 workers for Concurrent thread roots
[38.240s][info][gc          ] GC(83) Concurrent thread roots 0.444ms
[38.240s][info][gc,start    ] GC(83) Concurrent weak references
[38.240s][info][gc,task     ] GC(83) Using 1 of 3 workers for concurrent weak references
[38.240s][info][gc,ref      ] GC(83) Encountered references: Soft: 137, Weak: 900, Final: 3, Phantom: 113
[38.240s][info][gc,ref      ] GC(83) Discovered  references: Soft: 0, Weak: 436, Final: 1, Phantom: 99
[38.240s][info][gc,ref      ] GC(83) Enqueued    references: Soft: 0, Weak: 290, Final: 0, Phantom: 0
[38.240s][info][gc          ] GC(83) Concurrent weak references 0.191ms
[38.240s][info][gc,start    ] GC(83) Concurrent weak roots
[38.240s][info][gc,task     ] GC(83) Using 1 of 3 workers for concurrent weak root
[38.246s][info][gc          ] GC(83) Concurrent weak roots 6.260ms
[38.246s][info][gc,start    ] GC(83) Concurrent cleanup
[38.246s][info][gc          ] GC(83) Concurrent cleanup 1757M->220M(2048M) 0.109ms
[38.246s][info][gc,ergo     ] GC(83) Free: 1722M, Max: 1024K regular, 151M humongous, Frag: 92% external, 0% internal; Reserve: 102M, Max: 1024K
[38.246s][info][gc,start    ] GC(83) Concurrent class unloading
[38.246s][info][gc,task     ] GC(83) Using 1 of 3 workers for concurrent class unloading
[38.262s][info][gc          ] GC(83) Concurrent class unloading 15.895ms
[38.262s][info][gc,start    ] GC(83) Concurrent strong roots
[38.262s][info][gc,task     ] GC(83) Using 1 of 3 workers for concurrent strong root
[38.262s][info][gc          ] GC(83) Concurrent strong roots 0.100ms
[38.262s][info][gc,start    ] GC(83) Concurrent evacuation
[38.262s][info][gc,task     ] GC(83) Using 1 of 3 workers for concurrent evacuation
[38.263s][info][gc          ] GC(83) Concurrent evacuation 1.094ms
[38.264s][info][gc,start    ] GC(83) Pause Init Update Refs
[38.264s][info][gc,ergo     ] GC(83) Pacer for Update Refs. Used: 274M, Free: 1668M, Non-Taxable: 166M, Alloc Tax Rate: 1.1x
[38.264s][info][gc          ] GC(83) Pause Init Update Refs 0.059ms
[38.268s][info][gc,start    ] GC(83) Concurrent update references
[38.268s][info][gc,task     ] GC(83) Using 1 of 3 workers for concurrent reference update
[38.276s][info][gc          ] GC(83) Concurrent update references 7.621ms
[38.276s][info][gc,start    ] GC(83) Concurrent update thread roots
[38.276s][info][gc          ] GC(83) Concurrent update thread roots 0.535ms
[38.276s][info][gc,start    ] GC(83) Pause Final Update Refs
[38.276s][info][gc,task     ] GC(83) Using 3 of 3 workers for final reference update
[38.277s][info][gc          ] GC(83) Pause Final Update Refs 0.083ms
[38.286s][info][gc,start    ] GC(83) Concurrent cleanup
[38.287s][info][gc          ] GC(83) Concurrent cleanup 335M->185M(2048M) 0.081ms
[38.287s][info][gc,ergo     ] Free: 1757M, Max: 1024K regular, 1532M humongous, Frag: 13% external, 0% internal; Reserve: 103M, Max: 1024K
[38.287s][info][gc,stats    ] 
[38.287s][info][gc,stats    ] All times are wall-clock times, except per-root-class counters, that are sum over
[38.287s][info][gc,stats    ] all workers. Dividing the <total> over the root stage time estimates parallelism.
[38.287s][info][gc,stats    ] 
[38.287s][info][gc,stats    ] Concurrent Reset                   1033 us
[38.287s][info][gc,stats    ] Pause Init Mark (G)                1689 us
[38.287s][info][gc,stats    ] Pause Init Mark (N)                 129 us
[38.287s][info][gc,stats    ]   Update Region States               43 us
[38.287s][info][gc,stats    ] Concurrent Mark Roots               459 us, parallelism: 0.78x
[38.287s][info][gc,stats    ]   CMR: <total>                      360 us
[38.287s][info][gc,stats    ]   CMR: Thread Roots                 315 us, workers (us): 315, ---, ---, 
[38.287s][info][gc,stats    ]   CMR: VM Strong Roots                6 us, workers (us):   6, ---, ---, 
[38.287s][info][gc,stats    ]   CMR: CLDG Roots                    39 us, workers (us):  39, ---, ---, 
[38.287s][info][gc,stats    ] Concurrent Marking                 5371 us
[38.287s][info][gc,stats    ] Pause Final Mark (G)                311 us
[38.287s][info][gc,stats    ] Pause Final Mark (N)                221 us
[38.287s][info][gc,stats    ]   Finish Mark                        46 us
[38.287s][info][gc,stats    ]   Update Region States               35 us
[38.287s][info][gc,stats    ]   Choose Collection Set              68 us
[38.287s][info][gc,stats    ]   Rebuild Free Set                    8 us
[38.287s][info][gc,stats    ] Concurrent Thread Roots             467 us, parallelism: 0.84x
[38.287s][info][gc,stats    ]   CTR: <total>                      392 us
[38.287s][info][gc,stats    ]   CTR: Thread Roots                 392 us, workers (us): 392, ---, ---, 
[38.287s][info][gc,stats    ] Concurrent Weak References          199 us, parallelism: 0.57x
[38.287s][info][gc,stats    ]   CWRF: <total>                     113 us
[38.287s][info][gc,stats    ]   CWRF: Weak References             113 us, workers (us): 113, ---, ---, 
[38.287s][info][gc,stats    ] Concurrent Weak Roots              6300 us
[38.287s][info][gc,stats    ]   Roots                            1316 us, parallelism: 0.97x
[38.287s][info][gc,stats    ]     CWR: <total>                   1275 us
[38.287s][info][gc,stats    ]     CWR: Code Cache Roots          1167 us, workers (us): 1167, ---, ---, 
[38.287s][info][gc,stats    ]     CWR: VM Weak Roots              100 us, workers (us): 100, ---, ---, 
[38.287s][info][gc,stats    ]     CWR: CLDG Roots                   8 us, workers (us):   8, ---, ---, 
[38.287s][info][gc,stats    ]   Rendezvous                       4922 us
[38.287s][info][gc,stats    ] Concurrent Cleanup                  119 us
[38.287s][info][gc,stats    ] Concurrent Class Unloading        15952 us
[38.287s][info][gc,stats    ]   Unlink Stale                     5087 us
[38.287s][info][gc,stats    ]     System Dictionary                 9 us
[38.287s][info][gc,stats    ]     Weak Class Links                  0 us
[38.287s][info][gc,stats    ]     Code Roots                     5076 us
[38.287s][info][gc,stats    ]   Rendezvous                      10412 us
[38.287s][info][gc,stats    ]   Purge Unlinked                    374 us
[38.287s][info][gc,stats    ]     Code Roots                      366 us
[38.287s][info][gc,stats    ]     CLDG                              7 us
[38.287s][info][gc,stats    ]     Exception Caches                  0 us
[38.287s][info][gc,stats    ] Concurrent Strong Roots             112 us, parallelism: 0.46x
[38.287s][info][gc,stats    ]   CSR: <total>                       52 us
[38.287s][info][gc,stats    ]   CSR: VM Strong Roots                3 us, workers (us):   3, ---, ---, 
[38.287s][info][gc,stats    ]   CSR: CLDG Roots                    48 us, workers (us):  48, ---, ---, 
[38.287s][info][gc,stats    ] Concurrent Evacuation              1146 us
[38.287s][info][gc,stats    ] Pause Init Update Refs (G)         4683 us
[38.287s][info][gc,stats    ] Pause Init Update Refs (N)           69 us
[38.287s][info][gc,stats    ]   Manage GCLABs                       3 us
[38.287s][info][gc,stats    ] Concurrent Update Refs             7673 us
[38.287s][info][gc,stats    ] Concurrent Update Thread Roots      564 us
[38.287s][info][gc,stats    ] Pause Final Update Refs (G)       10002 us
[38.287s][info][gc,stats    ] Pause Final Update Refs (N)         114 us
[38.287s][info][gc,stats    ]   Update Region States               43 us
[38.287s][info][gc,stats    ]   Trash Collection Set                6 us
[38.287s][info][gc,stats    ]   Rebuild Free Set                   12 us
[38.287s][info][gc,stats    ] Concurrent Cleanup                   94 us
[38.287s][info][gc,stats    ] 
[38.287s][info][gc,stats    ] Allocation pacing accrued:
[38.287s][info][gc,stats    ]       0 of   487 ms (  0.0%): <total>
[38.287s][info][gc,stats    ]       0 of   487 ms (  0.0%): <average total>
[38.287s][info][gc,stats    ] 
[38.287s][info][gc,metaspace] Metaspace: 8796K(9472K)->8796K(9472K) NonClass: 7946K(8320K)->7946K(8320K) Class: 850K(1152K)->850K(1152K)
[38.287s][info][gc,ergo     ] Pacer for Idle. Initial: 41943K, Alloc Tax Rate: 1.0x
[38.670s][info][gc          ] Trigger: Average GC time (66.12 ms) is above the time for average allocation rate (3741 MB/s) to deplete free headroom (217M) (margin of error = 1.91)
[38.670s][info][gc,ergo     ] Free headroom: 319M (free) - 102M (spike) - 0B (penalties) = 217M
[38.670s][info][gc,ergo     ] Free: 319M, Max: 1024K regular, 219M humongous, Frag: 31% external, 1% internal; Reserve: 103M, Max: 1024K
[38.670s][info][gc,start    ] GC(84) Concurrent reset
[38.670s][info][gc,task     ] GC(84) Using 1 of 3 workers for concurrent reset
[38.670s][info][gc,ergo     ] GC(84) Pacer for Reset. Non-Taxable: 2048M
[38.671s][info][gc          ] GC(84) Concurrent reset 0.836ms
[38.671s][info][gc,start    ] GC(84) Pause Init Mark (unload classes)
[38.671s][info][gc,task     ] GC(84) Using 3 of 3 workers for init marking
[38.671s][info][gc,ergo     ] GC(84) Pacer for Mark. Expected Live: 8450K, Free: 317M, Non-Taxable: 32504K, Alloc Tax Rate: 0.0x
[38.671s][info][gc          ] GC(84) Pause Init Mark (unload classes) 0.147ms
[38.677s][info][gc,start    ] GC(84) Concurrent marking roots
[38.677s][info][gc,task     ] GC(84) Using 1 of 3 workers for concurrent marking roots
[38.678s][info][gc          ] GC(84) Concurrent marking roots 0.422ms
[38.678s][info][gc,start    ] GC(84) Concurrent marking (unload classes)
[38.678s][info][gc,task     ] GC(84) Using 1 of 3 workers for concurrent marking
[38.687s][info][gc          ] GC(84) Concurrent marking (unload classes) 9.570ms
[38.687s][info][gc,start    ] GC(84) Pause Final Mark (unload classes)
[38.687s][info][gc,task     ] GC(84) Using 3 of 3 workers for final marking
[38.687s][info][gc,ergo     ] GC(84) Adaptive CSet Selection. Target Free: 290M, Actual Free: 1820M, Max CSet: 87381K, Min Garbage: 0B
[38.687s][info][gc,ergo     ] GC(84) Collectable Garbage: 1615M (99%), Immediate: 1460M (90%), CSet: 155M (9%)
[38.687s][info][gc,ergo     ] GC(84) Pacer for Evacuation. Used CSet: 155M, Free: 1723M, Non-Taxable: 172M, Alloc Tax Rate: 1.1x
[38.687s][info][gc          ] GC(84) Pause Final Mark (unload classes) 0.230ms
[38.688s][info][gc,start    ] GC(84) Concurrent thread roots
[38.688s][info][gc,task     ] GC(84) Using 1 of 3 workers for Concurrent thread roots
[38.688s][info][gc          ] GC(84) Concurrent thread roots 0.412ms
[38.688s][info][gc,start    ] GC(84) Concurrent weak references
[38.688s][info][gc,task     ] GC(84) Using 1 of 3 workers for concurrent weak references
[38.688s][info][gc,ref      ] GC(84) Encountered references: Soft: 137, Weak: 894, Final: 3, Phantom: 107
[38.688s][info][gc,ref      ] GC(84) Discovered  references: Soft: 0, Weak: 424, Final: 1, Phantom: 88
[38.688s][info][gc,ref      ] GC(84) Enqueued    references: Soft: 0, Weak: 292, Final: 0, Phantom: 0
[38.688s][info][gc          ] GC(84) Concurrent weak references 0.174ms
[38.688s][info][gc,start    ] GC(84) Concurrent weak roots
[38.688s][info][gc,task     ] GC(84) Using 1 of 3 workers for concurrent weak root
[38.694s][info][gc          ] GC(84) Concurrent weak roots 5.598ms
[38.694s][info][gc,start    ] GC(84) Concurrent cleanup
[38.694s][info][gc          ] GC(84) Concurrent cleanup 1702M->242M(2048M) 0.109ms
[38.694s][info][gc,ergo     ] GC(84) Free: 1699M, Max: 1024K regular, 229M humongous, Frag: 87% external, 0% internal; Reserve: 102M, Max: 1024K
[38.694s][info][gc,start    ] GC(84) Concurrent class unloading
[38.694s][info][gc,task     ] GC(84) Using 1 of 3 workers for concurrent class unloading
[38.702s][info][gc          ] GC(84) Concurrent class unloading 7.707ms
[38.702s][info][gc,start    ] GC(84) Concurrent strong roots
[38.702s][info][gc,task     ] GC(84) Using 1 of 3 workers for concurrent strong root
[38.702s][info][gc          ] GC(84) Concurrent strong roots 0.086ms
[38.702s][info][gc,start    ] GC(84) Concurrent evacuation
[38.702s][info][gc,task     ] GC(84) Using 1 of 3 workers for concurrent evacuation
[38.703s][info][gc          ] GC(84) Concurrent evacuation 1.005ms
[38.703s][info][gc,start    ] GC(84) Pause Init Update Refs
[38.703s][info][gc,ergo     ] GC(84) Pacer for Update Refs. Used: 268M, Free: 1675M, Non-Taxable: 167M, Alloc Tax Rate: 1.1x
[38.703s][info][gc          ] GC(84) Pause Init Update Refs 0.047ms
[38.703s][info][gc,start    ] GC(84) Concurrent update references
[38.703s][info][gc,task     ] GC(84) Using 1 of 3 workers for concurrent reference update
[38.719s][info][gc          ] GC(84) Concurrent update references 15.237ms
[38.719s][info][gc,start    ] GC(84) Concurrent update thread roots
[38.721s][info][gc          ] GC(84) Concurrent update thread roots 1.983ms
[38.721s][info][gc,start    ] GC(84) Pause Final Update Refs
[38.721s][info][gc,task     ] GC(84) Using 3 of 3 workers for final reference update
[38.721s][info][gc          ] GC(84) Pause Final Update Refs 0.115ms
[38.721s][info][gc,start    ] GC(84) Concurrent cleanup
[38.721s][info][gc          ] GC(84) Concurrent cleanup 318M->162M(2048M) 0.046ms
[38.721s][info][gc,ergo     ] Free: 1780M, Max: 1024K regular, 1484M humongous, Frag: 17% external, 0% internal; Reserve: 103M, Max: 1024K
[38.721s][info][gc,stats    ] 
[38.721s][info][gc,stats    ] All times are wall-clock times, except per-root-class counters, that are sum over
[38.721s][info][gc,stats    ] all workers. Dividing the <total> over the root stage time estimates parallelism.
[38.721s][info][gc,stats    ] 
[38.721s][info][gc,stats    ] Concurrent Reset                    896 us
[38.721s][info][gc,stats    ] Pause Init Mark (G)                6195 us
[38.721s][info][gc,stats    ] Pause Init Mark (N)                 157 us
[38.721s][info][gc,stats    ]   Update Region States               62 us
[38.721s][info][gc,stats    ] Concurrent Mark Roots               439 us, parallelism: 0.71x
[38.721s][info][gc,stats    ]   CMR: <total>                      312 us
[38.721s][info][gc,stats    ]   CMR: Thread Roots                 261 us, workers (us): 261, ---, ---, 
[38.721s][info][gc,stats    ]   CMR: VM Strong Roots                8 us, workers (us):   8, ---, ---, 
[38.721s][info][gc,stats    ]   CMR: CLDG Roots                    42 us, workers (us):  42, ---, ---, 
[38.721s][info][gc,stats    ] Concurrent Marking                 9610 us
[38.721s][info][gc,stats    ] Pause Final Mark (G)                371 us
[38.721s][info][gc,stats    ] Pause Final Mark (N)                242 us
[38.721s][info][gc,stats    ]   Finish Mark                        51 us
[38.721s][info][gc,stats    ]   Update Region States               37 us
[38.721s][info][gc,stats    ]   Choose Collection Set              81 us
[38.721s][info][gc,stats    ]   Rebuild Free Set                    8 us
[38.721s][info][gc,stats    ] Concurrent Thread Roots             434 us, parallelism: 0.82x
[38.721s][info][gc,stats    ]   CTR: <total>                      354 us
[38.721s][info][gc,stats    ]   CTR: Thread Roots                 354 us, workers (us): 354, ---, ---, 
[38.721s][info][gc,stats    ] Concurrent Weak References          182 us, parallelism: 0.57x
[38.721s][info][gc,stats    ]   CWRF: <total>                     104 us
[38.721s][info][gc,stats    ]   CWRF: Weak References             104 us, workers (us): 104, ---, ---, 
[38.721s][info][gc,stats    ] Concurrent Weak Roots              5653 us
[38.721s][info][gc,stats    ]   Roots                            1432 us, parallelism: 0.97x
[38.721s][info][gc,stats    ]     CWR: <total>                   1386 us
[38.721s][info][gc,stats    ]     CWR: Code Cache Roots          1271 us, workers (us): 1271, ---, ---, 
[38.721s][info][gc,stats    ]     CWR: VM Weak Roots              104 us, workers (us): 104, ---, ---, 
[38.721s][info][gc,stats    ]     CWR: CLDG Roots                  11 us, workers (us):  11, ---, ---, 
[38.721s][info][gc,stats    ]   Rendezvous                       4145 us
[38.721s][info][gc,stats    ] Concurrent Cleanup                  122 us
[38.721s][info][gc,stats    ] Concurrent Class Unloading         7753 us
[38.721s][info][gc,stats    ]   Unlink Stale                     4992 us
[38.721s][info][gc,stats    ]     System Dictionary                14 us
[38.721s][info][gc,stats    ]     Weak Class Links                  0 us
[38.721s][info][gc,stats    ]     Code Roots                     4976 us
[38.721s][info][gc,stats    ]   Rendezvous                       2388 us
[38.721s][info][gc,stats    ]   Purge Unlinked                    300 us
[38.721s][info][gc,stats    ]     Code Roots                      292 us
[38.721s][info][gc,stats    ]     CLDG                              7 us
[38.721s][info][gc,stats    ]     Exception Caches                  0 us
[38.721s][info][gc,stats    ] Concurrent Strong Roots              97 us, parallelism: 0.47x
[38.721s][info][gc,stats    ]   CSR: <total>                       46 us
[38.721s][info][gc,stats    ]   CSR: VM Strong Roots                4 us, workers (us):   4, ---, ---, 
[38.721s][info][gc,stats    ]   CSR: CLDG Roots                    42 us, workers (us):  42, ---, ---, 
[38.721s][info][gc,stats    ] Concurrent Evacuation              1058 us
[38.721s][info][gc,stats    ] Pause Init Update Refs (G)          460 us
[38.721s][info][gc,stats    ] Pause Init Update Refs (N)           56 us
[38.721s][info][gc,stats    ]   Manage GCLABs                       6 us
[38.721s][info][gc,stats    ] Concurrent Update Refs            15292 us
[38.721s][info][gc,stats    ] Concurrent Update Thread Roots     2025 us
[38.721s][info][gc,stats    ] Pause Final Update Refs (G)         232 us
[38.721s][info][gc,stats    ] Pause Final Update Refs (N)         138 us
[38.721s][info][gc,stats    ]   Update Region States               50 us
[38.721s][info][gc,stats    ]   Trash Collection Set                6 us
[38.721s][info][gc,stats    ]   Rebuild Free Set                   13 us
[38.721s][info][gc,stats    ] Concurrent Cleanup                   58 us
[38.721s][info][gc,stats    ] 
[38.721s][info][gc,stats    ] Allocation pacing accrued:
[38.721s][info][gc,stats    ]       0 of   434 ms (  0.0%): <total>
[38.721s][info][gc,stats    ]       0 of   434 ms (  0.0%): <average total>
[38.721s][info][gc,stats    ] 
[38.721s][info][gc,metaspace] Metaspace: 8796K(9472K)->8796K(9472K) NonClass: 7946K(8320K)->7946K(8320K) Class: 850K(1152K)->850K(1152K)
[38.721s][info][gc,ergo     ] Pacer for Idle. Initial: 41943K, Alloc Tax Rate: 1.0x
[39.126s][info][gc          ] Trigger: Average GC time (63.57 ms) is above the time for average allocation rate (3732 MB/s) to deplete free headroom (181M) (margin of error = 1.92)
[39.127s][info][gc,ergo     ] Free headroom: 283M (free) - 102M (spike) - 0B (penalties) = 181M
[39.127s][info][gc,ergo     ] Free: 283M, Max: 1024K regular, 277M humongous, Frag: 0% external, 0% internal; Reserve: 103M, Max: 1024K
[39.127s][info][gc,start    ] GC(85) Concurrent reset
[39.127s][info][gc,task     ] GC(85) Using 1 of 3 workers for concurrent reset
[39.127s][info][gc,ergo     ] GC(85) Pacer for Reset. Non-Taxable: 2048M
[39.127s][info][gc          ] GC(85) Concurrent reset 0.915ms
[39.128s][info][gc,start    ] GC(85) Pause Init Mark (unload classes)
[39.128s][info][gc,task     ] GC(85) Using 3 of 3 workers for init marking
[39.128s][info][gc,ergo     ] GC(85) Pacer for Mark. Expected Live: 8449K, Free: 280M, Non-Taxable: 28715K, Alloc Tax Rate: 0.0x
[39.128s][info][gc          ] GC(85) Pause Init Mark (unload classes) 0.102ms
[39.131s][info][gc,start    ] GC(85) Concurrent marking roots
[39.131s][info][gc,task     ] GC(85) Using 1 of 3 workers for concurrent marking roots
[39.132s][info][gc          ] GC(85) Concurrent marking roots 0.439ms
[39.132s][info][gc,start    ] GC(85) Concurrent marking (unload classes)
[39.132s][info][gc,task     ] GC(85) Using 1 of 3 workers for concurrent marking
[39.147s][info][gc          ] GC(85) Concurrent marking (unload classes) 15.051ms
[39.147s][info][gc,start    ] GC(85) Pause Final Mark (unload classes)
[39.147s][info][gc,task     ] GC(85) Using 3 of 3 workers for final marking
[39.147s][info][gc,ergo     ] GC(85) Adaptive CSet Selection. Target Free: 290M, Actual Free: 1807M, Max CSet: 87381K, Min Garbage: 0B
[39.147s][info][gc,ergo     ] GC(85) Collectable Garbage: 1652M (99%), Immediate: 1494M (90%), CSet: 158M (9%)
[39.147s][info][gc,ergo     ] GC(85) Pacer for Evacuation. Used CSet: 159M, Free: 1710M, Non-Taxable: 171M, Alloc Tax Rate: 1.1x
[39.147s][info][gc          ] GC(85) Pause Final Mark (unload classes) 0.247ms
[39.147s][info][gc,start    ] GC(85) Concurrent thread roots
[39.147s][info][gc,task     ] GC(85) Using 1 of 3 workers for Concurrent thread roots
[39.148s][info][gc          ] GC(85) Concurrent thread roots 0.395ms
[39.148s][info][gc,start    ] GC(85) Concurrent weak references
[39.148s][info][gc,task     ] GC(85) Using 1 of 3 workers for concurrent weak references
[39.148s][info][gc,ref      ] GC(85) Encountered references: Soft: 137, Weak: 888, Final: 3, Phantom: 108
[39.148s][info][gc,ref      ] GC(85) Discovered  references: Soft: 0, Weak: 419, Final: 1, Phantom: 88
[39.148s][info][gc,ref      ] GC(85) Enqueued    references: Soft: 0, Weak: 278, Final: 0, Phantom: 0
[39.148s][info][gc          ] GC(85) Concurrent weak references 0.155ms
[39.148s][info][gc,start    ] GC(85) Concurrent weak roots
[39.148s][info][gc,task     ] GC(85) Using 1 of 3 workers for concurrent weak root
[39.149s][info][gc          ] GC(85) Concurrent weak roots 1.469ms
[39.149s][info][gc,start    ] GC(85) Concurrent cleanup
[39.149s][info][gc          ] GC(85) Concurrent cleanup 1736M->242M(2048M) 0.105ms
[39.149s][info][gc,ergo     ] GC(85) Free: 1700M, Max: 1024K regular, 200M humongous, Frag: 89% external, 0% internal; Reserve: 102M, Max: 1024K
[39.149s][info][gc,start    ] GC(85) Concurrent class unloading
[39.149s][info][gc,task     ] GC(85) Using 1 of 3 workers for concurrent class unloading
[39.156s][info][gc          ] GC(85) Concurrent class unloading 6.174ms
[39.156s][info][gc,start    ] GC(85) Concurrent strong roots
[39.156s][info][gc,task     ] GC(85) Using 1 of 3 workers for concurrent strong root
[39.156s][info][gc          ] GC(85) Concurrent strong roots 0.096ms
[39.156s][info][gc,start    ] GC(85) Concurrent evacuation
[39.156s][info][gc,task     ] GC(85) Using 1 of 3 workers for concurrent evacuation
[39.157s][info][gc          ] GC(85) Concurrent evacuation 1.072ms
[39.157s][info][gc,start    ] GC(85) Pause Init Update Refs
[39.157s][info][gc,ergo     ] GC(85) Pacer for Update Refs. Used: 264M, Free: 1679M, Non-Taxable: 167M, Alloc Tax Rate: 1.1x
[39.157s][info][gc          ] GC(85) Pause Init Update Refs 0.048ms
[39.157s][info][gc,start    ] GC(85) Concurrent update references
[39.157s][info][gc,task     ] GC(85) Using 1 of 3 workers for concurrent reference update
[39.174s][info][gc          ] GC(85) Concurrent update references 17.345ms
[39.175s][info][gc,start    ] GC(85) Concurrent update thread roots
[39.175s][info][gc          ] GC(85) Concurrent update thread roots 0.466ms
[39.175s][info][gc,start    ] GC(85) Pause Final Update Refs
[39.175s][info][gc,task     ] GC(85) Using 3 of 3 workers for final reference update
[39.175s][info][gc          ] GC(85) Pause Final Update Refs 0.109ms
[39.176s][info][gc,start    ] GC(85) Concurrent cleanup
[39.176s][info][gc          ] GC(85) Concurrent cleanup 312M->158M(2048M) 0.065ms
[39.176s][info][gc,ergo     ] Free: 1784M, Max: 1024K regular, 1578M humongous, Frag: 12% external, 0% internal; Reserve: 103M, Max: 1024K
[39.176s][info][gc,stats    ] 
[39.176s][info][gc,stats    ] All times are wall-clock times, except per-root-class counters, that are sum over
[39.176s][info][gc,stats    ] all workers. Dividing the <total> over the root stage time estimates parallelism.
[39.176s][info][gc,stats    ] 
[39.176s][info][gc,stats    ] Concurrent Reset                    988 us
[39.176s][info][gc,stats    ] Pause Init Mark (G)                3717 us
[39.176s][info][gc,stats    ] Pause Init Mark (N)                 111 us
[39.176s][info][gc,stats    ]   Update Region States               47 us
[39.176s][info][gc,stats    ] Concurrent Mark Roots               456 us, parallelism: 0.77x
[39.176s][info][gc,stats    ]   CMR: <total>                      351 us
[39.176s][info][gc,stats    ]   CMR: Thread Roots                 305 us, workers (us): 305, ---, ---, 
[39.176s][info][gc,stats    ]   CMR: VM Strong Roots                6 us, workers (us):   6, ---, ---, 
[39.176s][info][gc,stats    ]   CMR: CLDG Roots                    40 us, workers (us):  40, ---, ---, 
[39.176s][info][gc,stats    ] Concurrent Marking                15086 us
[39.176s][info][gc,stats    ] Pause Final Mark (G)                390 us
[39.176s][info][gc,stats    ] Pause Final Mark (N)                256 us
[39.176s][info][gc,stats    ]   Finish Mark                        52 us
[39.176s][info][gc,stats    ]   Update Region States               52 us
[39.176s][info][gc,stats    ]   Choose Collection Set              72 us
[39.176s][info][gc,stats    ]   Rebuild Free Set                    8 us
[39.176s][info][gc,stats    ] Concurrent Thread Roots             416 us, parallelism: 0.83x
[39.176s][info][gc,stats    ]   CTR: <total>                      345 us
[39.176s][info][gc,stats    ]   CTR: Thread Roots                 345 us, workers (us): 345, ---, ---, 
[39.176s][info][gc,stats    ] Concurrent Weak References          163 us, parallelism: 0.55x
[39.176s][info][gc,stats    ]   CWRF: <total>                      90 us
[39.176s][info][gc,stats    ]   CWRF: Weak References              90 us, workers (us):  90, ---, ---, 
[39.176s][info][gc,stats    ] Concurrent Weak Roots              1523 us
[39.176s][info][gc,stats    ]   Roots                            1364 us, parallelism: 0.98x
[39.176s][info][gc,stats    ]     CWR: <total>                   1334 us
[39.176s][info][gc,stats    ]     CWR: Code Cache Roots          1221 us, workers (us): 1221, ---, ---, 
[39.176s][info][gc,stats    ]     CWR: VM Weak Roots              102 us, workers (us): 102, ---, ---, 
[39.176s][info][gc,stats    ]     CWR: CLDG Roots                  11 us, workers (us):  11, ---, ---, 
[39.176s][info][gc,stats    ]   Rendezvous                         86 us
[39.176s][info][gc,stats    ] Concurrent Cleanup                  115 us
[39.176s][info][gc,stats    ] Concurrent Class Unloading         6215 us
[39.176s][info][gc,stats    ]   Unlink Stale                     4859 us
[39.176s][info][gc,stats    ]     System Dictionary                10 us
[39.176s][info][gc,stats    ]     Weak Class Links                  0 us
[39.176s][info][gc,stats    ]     Code Roots                     4848 us
[39.176s][info][gc,stats    ]   Rendezvous                        967 us
[39.176s][info][gc,stats    ]   Purge Unlinked                    327 us
[39.177s][info][gc,stats    ]     Code Roots                      321 us
[39.177s][info][gc,stats    ]     CLDG                              5 us
[39.177s][info][gc,stats    ]     Exception Caches                  0 us
[39.177s][info][gc,stats    ] Concurrent Strong Roots             110 us, parallelism: 0.45x
[39.177s][info][gc,stats    ]   CSR: <total>                       50 us
[39.177s][info][gc,stats    ]   CSR: VM Strong Roots                4 us, workers (us):   4, ---, ---, 
[39.177s][info][gc,stats    ]   CSR: CLDG Roots                    46 us, workers (us):  46, ---, ---, 
[39.177s][info][gc,stats    ] Concurrent Evacuation              1114 us
[39.177s][info][gc,stats    ] Pause Init Update Refs (G)          264 us
[39.177s][info][gc,stats    ] Pause Init Update Refs (N)           58 us
[39.177s][info][gc,stats    ]   Manage GCLABs                       6 us
[39.177s][info][gc,stats    ] Concurrent Update Refs            17388 us
[39.177s][info][gc,stats    ] Concurrent Update Thread Roots      498 us
[39.177s][info][gc,stats    ] Pause Final Update Refs (G)        1017 us
[39.177s][info][gc,stats    ] Pause Final Update Refs (N)         120 us
[39.177s][info][gc,stats    ]   Update Region States               43 us
[39.177s][info][gc,stats    ]   Trash Collection Set                9 us
[39.177s][info][gc,stats    ]   Rebuild Free Set                   15 us
[39.177s][info][gc,stats    ] Concurrent Cleanup                   77 us
[39.177s][info][gc,stats    ] Pacing                             1775 us
[39.177s][info][gc,stats    ] 
[39.177s][info][gc,stats    ] Allocation pacing accrued:
[39.177s][info][gc,stats    ]       0 of   455 ms (  0.0%): Query0
[39.177s][info][gc,stats    ]       0 of   455 ms (  0.0%): Query1
[39.177s][info][gc,stats    ]       0 of   455 ms (  0.1%): Query3
[39.177s][info][gc,stats    ]       0 of   455 ms (  0.1%): Query4
[39.177s][info][gc,stats    ]       1 of   455 ms (  0.2%): Query5
[39.177s][info][gc,stats    ]       2 of   455 ms (  0.4%): <total>
[39.177s][info][gc,stats    ]       0 of   455 ms (  0.0%): <average total>
[39.177s][info][gc,stats    ]       0 of   455 ms (  0.1%): <average non-zero>
[39.177s][info][gc,stats    ] 
[39.177s][info][gc,metaspace] Metaspace: 8796K(9472K)->8796K(9472K) NonClass: 7946K(8320K)->7946K(8320K) Class: 850K(1152K)->850K(1152K)
[39.177s][info][gc,ergo     ] Pacer for Idle. Initial: 41943K, Alloc Tax Rate: 1.0x
[39.568s][info][gc          ] Trigger: Average GC time (59.82 ms) is above the time for average allocation rate (3755 MB/s) to deplete free headroom (212M) (margin of error = 1.93)
[39.568s][info][gc,ergo     ] Free headroom: 314M (free) - 102M (spike) - 0B (penalties) = 212M
[39.568s][info][gc,ergo     ] Free: 314M, Max: 1024K regular, 200M humongous, Frag: 36% external, 0% internal; Reserve: 103M, Max: 1024K
[39.568s][info][gc,start    ] GC(86) Concurrent reset
[39.568s][info][gc,task     ] GC(86) Using 1 of 3 workers for concurrent reset
[39.568s][info][gc,ergo     ] GC(86) Pacer for Reset. Non-Taxable: 2048M
[39.569s][info][gc          ] GC(86) Concurrent reset 0.933ms
[39.569s][info][gc,start    ] GC(86) Pause Init Mark (unload classes)
[39.569s][info][gc,task     ] GC(86) Using 3 of 3 workers for init marking
[39.569s][info][gc,ergo     ] GC(86) Pacer for Mark. Expected Live: 8445K, Free: 312M, Non-Taxable: 31992K, Alloc Tax Rate: 0.0x
[39.570s][info][gc          ] GC(86) Pause Init Mark (unload classes) 0.131ms
[39.570s][info][gc,start    ] GC(86) Concurrent marking roots
[39.570s][info][gc,task     ] GC(86) Using 1 of 3 workers for concurrent marking roots
[39.570s][info][gc          ] GC(86) Concurrent marking roots 0.462ms
[39.570s][info][gc,start    ] GC(86) Concurrent marking (unload classes)
[39.570s][info][gc,task     ] GC(86) Using 1 of 3 workers for concurrent marking
[39.577s][info][gc          ] GC(86) Concurrent marking (unload classes) 7.249ms
[39.577s][info][gc,start    ] GC(86) Pause Final Mark (unload classes)
[39.577s][info][gc,task     ] GC(86) Using 3 of 3 workers for final marking
[39.578s][info][gc,ergo     ] GC(86) Adaptive CSet Selection. Target Free: 290M, Actual Free: 1847M, Max CSet: 87381K, Min Garbage: 0B
[39.578s][info][gc,ergo     ] GC(86) Collectable Garbage: 1620M (99%), Immediate: 1465M (90%), CSet: 155M (9%)
[39.578s][info][gc,ergo     ] GC(86) Pacer for Evacuation. Used CSet: 156M, Free: 1750M, Non-Taxable: 175M, Alloc Tax Rate: 1.1x
[39.578s][info][gc          ] GC(86) Pause Final Mark (unload classes) 0.238ms
[39.578s][info][gc,start    ] GC(86) Concurrent thread roots
[39.578s][info][gc,task     ] GC(86) Using 1 of 3 workers for Concurrent thread roots
[39.578s][info][gc          ] GC(86) Concurrent thread roots 0.375ms
[39.578s][info][gc,start    ] GC(86) Concurrent weak references
[39.578s][info][gc,task     ] GC(86) Using 1 of 3 workers for concurrent weak references
[39.578s][info][gc,ref      ] GC(86) Encountered references: Soft: 137, Weak: 899, Final: 3, Phantom: 119
[39.578s][info][gc,ref      ] GC(86) Discovered  references: Soft: 0, Weak: 434, Final: 1, Phantom: 111
[39.578s][info][gc,ref      ] GC(86) Enqueued    references: Soft: 0, Weak: 295, Final: 0, Phantom: 0
[39.578s][info][gc          ] GC(86) Concurrent weak references 0.169ms
[39.578s][info][gc,start    ] GC(86) Concurrent weak roots
[39.578s][info][gc,task     ] GC(86) Using 1 of 3 workers for concurrent weak root
[39.580s][info][gc          ] GC(86) Concurrent weak roots 2.101ms
[39.581s][info][gc,start    ] GC(86) Concurrent cleanup
[39.581s][info][gc          ] GC(86) Concurrent cleanup 1669M->204M(2048M) 0.106ms
[39.581s][info][gc,ergo     ] GC(86) Free: 1739M, Max: 1024K regular, 204M humongous, Frag: 89% external, 0% internal; Reserve: 102M, Max: 1024K
[39.581s][info][gc,start    ] GC(86) Concurrent class unloading
[39.581s][info][gc,task     ] GC(86) Using 1 of 3 workers for concurrent class unloading
[39.586s][info][gc          ] GC(86) Concurrent class unloading 5.772ms
[39.586s][info][gc,start    ] GC(86) Concurrent strong roots
[39.586s][info][gc,task     ] GC(86) Using 1 of 3 workers for concurrent strong root
[39.587s][info][gc          ] GC(86) Concurrent strong roots 0.093ms
[39.587s][info][gc,start    ] GC(86) Concurrent evacuation
[39.587s][info][gc,task     ] GC(86) Using 1 of 3 workers for concurrent evacuation
[39.588s][info][gc          ] GC(86) Concurrent evacuation 0.927ms
[39.588s][info][gc,start    ] GC(86) Pause Init Update Refs
[39.588s][info][gc,ergo     ] GC(86) Pacer for Update Refs. Used: 218M, Free: 1725M, Non-Taxable: 172M, Alloc Tax Rate: 1.1x
[39.588s][info][gc          ] GC(86) Pause Init Update Refs 0.048ms
[39.589s][info][gc,start    ] GC(86) Concurrent update references
[39.589s][info][gc,task     ] GC(86) Using 1 of 3 workers for concurrent reference update
[39.597s][info][gc          ] GC(86) Concurrent update references 8.347ms
[39.597s][info][gc,start    ] GC(86) Concurrent update thread roots
[39.598s][info][gc          ] GC(86) Concurrent update thread roots 0.484ms
[39.598s][info][gc,start    ] GC(86) Pause Final Update Refs
[39.598s][info][gc,task     ] GC(86) Using 3 of 3 workers for final reference update
[39.598s][info][gc          ] GC(86) Pause Final Update Refs 0.112ms
[39.598s][info][gc,start    ] GC(86) Concurrent cleanup
[39.598s][info][gc          ] GC(86) Concurrent cleanup 248M->92M(2048M) 0.032ms
[39.598s][info][gc,ergo     ] Free: 1850M, Max: 1024K regular, 1497M humongous, Frag: 19% external, 0% internal; Reserve: 103M, Max: 1024K
[39.598s][info][gc,stats    ] 
[39.598s][info][gc,stats    ] All times are wall-clock times, except per-root-class counters, that are sum over
[39.598s][info][gc,stats    ] all workers. Dividing the <total> over the root stage time estimates parallelism.
[39.598s][info][gc,stats    ] 
[39.598s][info][gc,stats    ] Concurrent Reset                    958 us
[39.598s][info][gc,stats    ] Pause Init Mark (G)                 386 us
[39.598s][info][gc,stats    ] Pause Init Mark (N)                 147 us
[39.598s][info][gc,stats    ]   Update Region States               41 us
[39.598s][info][gc,stats    ] Concurrent Mark Roots               484 us, parallelism: 0.81x
[39.598s][info][gc,stats    ]   CMR: <total>                      393 us
[39.598s][info][gc,stats    ]   CMR: Thread Roots                 338 us, workers (us): 338, ---, ---, 
[39.598s][info][gc,stats    ]   CMR: VM Strong Roots                6 us, workers (us):   6, ---, ---, 
[39.598s][info][gc,stats    ]   CMR: CLDG Roots                    48 us, workers (us):  48, ---, ---, 
[39.598s][info][gc,stats    ] Concurrent Marking                 7289 us
[39.598s][info][gc,stats    ] Pause Final Mark (G)                373 us
[39.598s][info][gc,stats    ] Pause Final Mark (N)                247 us
[39.598s][info][gc,stats    ]   Finish Mark                        53 us
[39.598s][info][gc,stats    ]   Update Region States               37 us
[39.598s][info][gc,stats    ]   Choose Collection Set              81 us
[39.598s][info][gc,stats    ]   Rebuild Free Set                    9 us
[39.598s][info][gc,stats    ] Concurrent Thread Roots             393 us, parallelism: 0.84x
[39.598s][info][gc,stats    ]   CTR: <total>                      329 us
[39.598s][info][gc,stats    ]   CTR: Thread Roots                 329 us, workers (us): 329, ---, ---, 
[39.598s][info][gc,stats    ] Concurrent Weak References          177 us, parallelism: 0.59x
[39.598s][info][gc,stats    ]   CWRF: <total>                     104 us
[39.598s][info][gc,stats    ]   CWRF: Weak References             104 us, workers (us): 104, ---, ---, 
[39.598s][info][gc,stats    ] Concurrent Weak Roots              2156 us
[39.598s][info][gc,stats    ]   Roots                            1445 us, parallelism: 0.98x
[39.598s][info][gc,stats    ]     CWR: <total>                   1412 us
[39.598s][info][gc,stats    ]     CWR: Code Cache Roots          1295 us, workers (us): 1295, ---, ---, 
[39.598s][info][gc,stats    ]     CWR: VM Weak Roots              107 us, workers (us): 107, ---, ---, 
[39.598s][info][gc,stats    ]     CWR: CLDG Roots                   9 us, workers (us):   9, ---, ---, 
[39.598s][info][gc,stats    ]   Rendezvous                        635 us
[39.598s][info][gc,stats    ] Concurrent Cleanup                  117 us
[39.598s][info][gc,stats    ] Concurrent Class Unloading         5826 us
[39.598s][info][gc,stats    ]   Unlink Stale                     5312 us
[39.598s][info][gc,stats    ]     System Dictionary                12 us
[39.598s][info][gc,stats    ]     Weak Class Links                  0 us
[39.598s][info][gc,stats    ]     Code Roots                     5299 us
[39.598s][info][gc,stats    ]   Rendezvous                        182 us
[39.598s][info][gc,stats    ]   Purge Unlinked                    256 us
[39.598s][info][gc,stats    ]     Code Roots                      249 us
[39.598s][info][gc,stats    ]     CLDG                              6 us
[39.598s][info][gc,stats    ]     Exception Caches                  0 us
[39.598s][info][gc,stats    ] Concurrent Strong Roots             103 us, parallelism: 0.44x
[39.598s][info][gc,stats    ]   CSR: <total>                       45 us
[39.598s][info][gc,stats    ]   CSR: VM Strong Roots                4 us, workers (us):   4, ---, ---, 
[39.598s][info][gc,stats    ]   CSR: CLDG Roots                    41 us, workers (us):  41, ---, ---, 
[39.598s][info][gc,stats    ] Concurrent Evacuation               978 us
[39.598s][info][gc,stats    ] Pause Init Update Refs (G)         1071 us
[39.598s][info][gc,stats    ] Pause Init Update Refs (N)           57 us
[39.598s][info][gc,stats    ]   Manage GCLABs                       3 us
[39.598s][info][gc,stats    ] Concurrent Update Refs             8399 us
[39.598s][info][gc,stats    ] Concurrent Update Thread Roots      509 us
[39.598s][info][gc,stats    ] Pause Final Update Refs (G)         201 us
[39.598s][info][gc,stats    ] Pause Final Update Refs (N)         131 us
[39.598s][info][gc,stats    ]   Update Region States               44 us
[39.598s][info][gc,stats    ]   Trash Collection Set                9 us
[39.598s][info][gc,stats    ]   Rebuild Free Set                   16 us
[39.598s][info][gc,stats    ] Concurrent Cleanup                   42 us
[39.598s][info][gc,stats    ] Pacing                             6014 us
[39.598s][info][gc,stats    ] 
[39.598s][info][gc,stats    ] Allocation pacing accrued:
[39.598s][info][gc,stats    ]       1 of   422 ms (  0.3%): Query0
[39.598s][info][gc,stats    ]       2 of   422 ms (  0.4%): Query1
[39.598s][info][gc,stats    ]       1 of   422 ms (  0.2%): Query2
[39.598s][info][gc,stats    ]       1 of   422 ms (  0.2%): Query4
[39.598s][info][gc,stats    ]       1 of   422 ms (  0.3%): Query5
[39.598s][info][gc,stats    ]       6 of   422 ms (  1.4%): <total>
[39.598s][info][gc,stats    ]       0 of   422 ms (  0.1%): <average total>
[39.598s][info][gc,stats    ]       1 of   422 ms (  0.3%): <average non-zero>
[39.598s][info][gc,stats    ] 
[39.598s][info][gc,metaspace] Metaspace: 8797K(9472K)->8797K(9472K) NonClass: 7947K(8320K)->7947K(8320K) Class: 850K(1152K)->850K(1152K)
[39.598s][info][gc,ergo     ] Pacer for Idle. Initial: 41943K, Alloc Tax Rate: 1.0x
[40.043s][info][gc          ] Trigger: Average GC time (59.50 ms) is above the time for average allocation rate (3554 MB/s) to deplete free headroom (192M) (margin of error = 1.92)
[40.043s][info][gc,ergo     ] Free headroom: 295M (free) - 102M (spike) - 0B (penalties) = 192M
[40.043s][info][gc,ergo     ] Free: 295M, Max: 1024K regular, 288M humongous, Frag: 0% external, 0% internal; Reserve: 103M, Max: 1024K
[40.043s][info][gc,start    ] GC(87) Concurrent reset
[40.043s][info][gc,task     ] GC(87) Using 1 of 3 workers for concurrent reset
[40.043s][info][gc,ergo     ] GC(87) Pacer for Reset. Non-Taxable: 2048M
[40.044s][info][gc          ] GC(87) Concurrent reset 0.879ms
[40.044s][info][gc,start    ] GC(87) Pause Init Mark (unload classes)
[40.044s][info][gc,task     ] GC(87) Using 3 of 3 workers for init marking
[40.044s][info][gc,ergo     ] GC(87) Pacer for Mark. Expected Live: 8445K, Free: 294M, Non-Taxable: 30124K, Alloc Tax Rate: 0.0x
[40.044s][info][gc          ] GC(87) Pause Init Mark (unload classes) 0.116ms
[40.044s][info][gc,start    ] GC(87) Concurrent marking roots
[40.044s][info][gc,task     ] GC(87) Using 1 of 3 workers for concurrent marking roots
[40.045s][info][gc          ] GC(87) Concurrent marking roots 0.388ms
[40.045s][info][gc,start    ] GC(87) Concurrent marking (unload classes)
[40.045s][info][gc,task     ] GC(87) Using 1 of 3 workers for concurrent marking
[40.059s][info][gc          ] GC(87) Concurrent marking (unload classes) 14.517ms
[40.059s][info][gc,start    ] GC(87) Pause Final Mark (unload classes)
[40.059s][info][gc,task     ] GC(87) Using 3 of 3 workers for final marking
[40.060s][info][gc,ergo     ] GC(87) Adaptive CSet Selection. Target Free: 290M, Actual Free: 1820M, Max CSet: 87381K, Min Garbage: 0B
[40.060s][info][gc,ergo     ] GC(87) Collectable Garbage: 1638M (99%), Immediate: 1485M (90%), CSet: 153M (9%)
[40.060s][info][gc,ergo     ] GC(87) Pacer for Evacuation. Used CSet: 154M, Free: 1724M, Non-Taxable: 172M, Alloc Tax Rate: 1.1x
[40.060s][info][gc          ] GC(87) Pause Final Mark (unload classes) 0.252ms
[40.060s][info][gc,start    ] GC(87) Concurrent thread roots
[40.060s][info][gc,task     ] GC(87) Using 1 of 3 workers for Concurrent thread roots
[40.060s][info][gc          ] GC(87) Concurrent thread roots 0.420ms
[40.060s][info][gc,start    ] GC(87) Concurrent weak references
[40.060s][info][gc,task     ] GC(87) Using 1 of 3 workers for concurrent weak references
[40.060s][info][gc,ref      ] GC(87) Encountered references: Soft: 137, Weak: 881, Final: 3, Phantom: 103
[40.060s][info][gc,ref      ] GC(87) Discovered  references: Soft: 0, Weak: 424, Final: 1, Phantom: 86
[40.060s][info][gc,ref      ] GC(87) Enqueued    references: Soft: 0, Weak: 286, Final: 0, Phantom: 0
[40.060s][info][gc          ] GC(87) Concurrent weak references 0.146ms
[40.060s][info][gc,start    ] GC(87) Concurrent weak roots
[40.060s][info][gc,task     ] GC(87) Using 1 of 3 workers for concurrent weak root
[40.062s][info][gc          ] GC(87) Concurrent weak roots 1.579ms
[40.062s][info][gc,start    ] GC(87) Concurrent cleanup
[40.062s][info][gc          ] GC(87) Concurrent cleanup 1712M->227M(2048M) 0.105ms
[40.062s][info][gc,ergo     ] GC(87) Free: 1716M, Max: 1024K regular, 224M humongous, Frag: 87% external, 0% internal; Reserve: 102M, Max: 1024K
[40.062s][info][gc,start    ] GC(87) Concurrent class unloading
[40.062s][info][gc,task     ] GC(87) Using 1 of 3 workers for concurrent class unloading
[40.068s][info][gc          ] GC(87) Concurrent class unloading 5.679ms
[40.068s][info][gc,start    ] GC(87) Concurrent strong roots
[40.068s][info][gc,task     ] GC(87) Using 1 of 3 workers for concurrent strong root
[40.068s][info][gc          ] GC(87) Concurrent strong roots 0.089ms
[40.068s][info][gc,start    ] GC(87) Concurrent evacuation
[40.068s][info][gc,task     ] GC(87) Using 1 of 3 workers for concurrent evacuation
[40.069s][info][gc          ] GC(87) Concurrent evacuation 0.935ms
[40.069s][info][gc,start    ] GC(87) Pause Init Update Refs
[40.069s][info][gc,ergo     ] GC(87) Pacer for Update Refs. Used: 246M, Free: 1697M, Non-Taxable: 169M, Alloc Tax Rate: 1.1x
[40.069s][info][gc          ] GC(87) Pause Init Update Refs 0.055ms
[40.077s][info][gc,start    ] GC(87) Concurrent update references
[40.077s][info][gc,task     ] GC(87) Using 1 of 3 workers for concurrent reference update
[40.092s][info][gc          ] GC(87) Concurrent update references 15.508ms
[40.092s][info][gc,start    ] GC(87) Concurrent update thread roots
[40.093s][info][gc          ] GC(87) Concurrent update thread roots 1.075ms
[40.094s][info][gc,start    ] GC(87) Pause Final Update Refs
[40.094s][info][gc,task     ] GC(87) Using 3 of 3 workers for final reference update
[40.094s][info][gc          ] GC(87) Pause Final Update Refs 0.117ms
[40.095s][info][gc,start    ] GC(87) Concurrent cleanup
[40.095s][info][gc          ] GC(87) Concurrent cleanup 315M->170M(2048M) 0.055ms
[40.096s][info][gc,ergo     ] Free: 1772M, Max: 1024K regular, 1541M humongous, Frag: 13% external, 0% internal; Reserve: 103M, Max: 1024K
[40.096s][info][gc,stats    ] 
[40.096s][info][gc,stats    ] All times are wall-clock times, except per-root-class counters, that are sum over
[40.096s][info][gc,stats    ] all workers. Dividing the <total> over the root stage time estimates parallelism.
[40.096s][info][gc,stats    ] 
[40.096s][info][gc,stats    ] Concurrent Reset                    936 us
[40.096s][info][gc,stats    ] Pause Init Mark (G)                 659 us
[40.096s][info][gc,stats    ] Pause Init Mark (N)                 126 us
[40.096s][info][gc,stats    ]   Update Region States               45 us
[40.096s][info][gc,stats    ] Concurrent Mark Roots               408 us, parallelism: 0.75x
[40.096s][info][gc,stats    ]   CMR: <total>                      306 us
[40.096s][info][gc,stats    ]   CMR: Thread Roots                 259 us, workers (us): 259, ---, ---, 
[40.096s][info][gc,stats    ]   CMR: VM Strong Roots                7 us, workers (us):   7, ---, ---, 
[40.096s][info][gc,stats    ]   CMR: CLDG Roots                    40 us, workers (us):  40, ---, ---, 
[40.096s][info][gc,stats    ] Concurrent Marking                14563 us
[40.096s][info][gc,stats    ] Pause Final Mark (G)                374 us
[40.096s][info][gc,stats    ] Pause Final Mark (N)                261 us
[40.096s][info][gc,stats    ]   Finish Mark                        52 us
[40.096s][info][gc,stats    ]   Update Region States               56 us
[40.096s][info][gc,stats    ]   Choose Collection Set              73 us
[40.096s][info][gc,stats    ]   Rebuild Free Set                    9 us
[40.096s][info][gc,stats    ] Concurrent Thread Roots             450 us, parallelism: 0.81x
[40.096s][info][gc,stats    ]   CTR: <total>                      366 us
[40.096s][info][gc,stats    ]   CTR: Thread Roots                 366 us, workers (us): 366, ---, ---, 
[40.096s][info][gc,stats    ] Concurrent Weak References          154 us, parallelism: 0.55x
[40.096s][info][gc,stats    ]   CWRF: <total>                      85 us
[40.096s][info][gc,stats    ]   CWRF: Weak References              85 us, workers (us):  85, ---, ---, 
[40.096s][info][gc,stats    ] Concurrent Weak Roots              1632 us
[40.096s][info][gc,stats    ]   Roots                            1354 us, parallelism: 0.97x
[40.096s][info][gc,stats    ]     CWR: <total>                   1311 us
[40.096s][info][gc,stats    ]     CWR: Code Cache Roots          1205 us, workers (us): 1205, ---, ---, 
[40.096s][info][gc,stats    ]     CWR: VM Weak Roots               99 us, workers (us):  99, ---, ---, 
[40.096s][info][gc,stats    ]     CWR: CLDG Roots                   7 us, workers (us):   7, ---, ---, 
[40.096s][info][gc,stats    ]   Rendezvous                        205 us
[40.096s][info][gc,stats    ] Concurrent Cleanup                  116 us
[40.096s][info][gc,stats    ] Concurrent Class Unloading         5720 us
[40.096s][info][gc,stats    ]   Unlink Stale                     4989 us
[40.096s][info][gc,stats    ]     System Dictionary                 8 us
[40.096s][info][gc,stats    ]     Weak Class Links                  0 us
[40.096s][info][gc,stats    ]     Code Roots                     4978 us
[40.096s][info][gc,stats    ]   Rendezvous                        425 us
[40.096s][info][gc,stats    ]   Purge Unlinked                    245 us
[40.096s][info][gc,stats    ]     Code Roots                      241 us
[40.096s][info][gc,stats    ]     CLDG                              3 us
[40.096s][info][gc,stats    ]     Exception Caches                  0 us
[40.096s][info][gc,stats    ] Concurrent Strong Roots             102 us, parallelism: 0.40x
[40.096s][info][gc,stats    ]   CSR: <total>                       41 us
[40.096s][info][gc,stats    ]   CSR: VM Strong Roots                4 us, workers (us):   4, ---, ---, 
[40.096s][info][gc,stats    ]   CSR: CLDG Roots                    38 us, workers (us):  38, ---, ---, 
[40.096s][info][gc,stats    ] Concurrent Evacuation               982 us
[40.096s][info][gc,stats    ] Pause Init Update Refs (G)         7907 us
[40.096s][info][gc,stats    ] Pause Init Update Refs (N)           64 us
[40.096s][info][gc,stats    ]   Manage GCLABs                       4 us
[40.096s][info][gc,stats    ] Concurrent Update Refs            15555 us
[40.096s][info][gc,stats    ] Concurrent Update Thread Roots     1108 us
[40.096s][info][gc,stats    ] Pause Final Update Refs (G)        1964 us
[40.096s][info][gc,stats    ] Pause Final Update Refs (N)         129 us
[40.096s][info][gc,stats    ]   Update Region States               46 us
[40.096s][info][gc,stats    ]   Trash Collection Set                8 us
[40.096s][info][gc,stats    ]   Rebuild Free Set                   17 us
[40.096s][info][gc,stats    ] Concurrent Cleanup                   66 us
[40.096s][info][gc,stats    ] Pacing                           125705 us
[40.096s][info][gc,stats    ] 
[40.096s][info][gc,stats    ] Allocation pacing accrued:
[40.096s][info][gc,stats    ]      21 of   498 ms (  4.1%): Query0
[40.096s][info][gc,stats    ]      21 of   498 ms (  4.1%): Query1
[40.096s][info][gc,stats    ]      22 of   498 ms (  4.4%): Query2
[40.096s][info][gc,stats    ]      21 of   498 ms (  4.2%): Query3
[40.096s][info][gc,stats    ]      21 of   498 ms (  4.2%): Query4
[40.096s][info][gc,stats    ]      21 of   498 ms (  4.2%): Query5
[40.096s][info][gc,stats    ]     126 of   498 ms ( 25.3%): <total>
[40.096s][info][gc,stats    ]       7 of   498 ms (  1.4%): <average total>
[40.096s][info][gc,stats    ]      21 of   498 ms (  4.2%): <average non-zero>
[40.096s][info][gc,stats    ] 
[40.096s][info][gc,metaspace] Metaspace: 8797K(9472K)->8797K(9472K) NonClass: 7947K(8320K)->7947K(8320K) Class: 850K(1152K)->850K(1152K)
[40.096s][info][gc,ergo     ] Pacer for Idle. Initial: 41943K, Alloc Tax Rate: 1.0x
[40.485s][info][gc          ] Trigger: Average GC time (65.43 ms) is above the time for average allocation rate (3702 MB/s) to deplete free headroom (222M) (margin of error = 1.94)
[40.485s][info][gc,ergo     ] Free headroom: 325M (free) - 102M (spike) - 0B (penalties) = 222M
[40.485s][info][gc,ergo     ] Free: 325M, Max: 1024K regular, 224M humongous, Frag: 30% external, 1% internal; Reserve: 103M, Max: 1024K
[40.485s][info][gc,start    ] GC(88) Concurrent reset
[40.485s][info][gc,task     ] GC(88) Using 1 of 3 workers for concurrent reset
[40.485s][info][gc,ergo     ] GC(88) Pacer for Reset. Non-Taxable: 2048M
[40.486s][info][gc          ] GC(88) Concurrent reset 0.788ms
[40.486s][info][gc,start    ] GC(88) Pause Init Mark (unload classes)
[40.486s][info][gc,task     ] GC(88) Using 3 of 3 workers for init marking
[40.486s][info][gc,ergo     ] GC(88) Pacer for Mark. Expected Live: 8406K, Free: 325M, Non-Taxable: 33301K, Alloc Tax Rate: 0.0x
[40.486s][info][gc          ] GC(88) Pause Init Mark (unload classes) 0.114ms
[40.488s][info][gc,start    ] GC(88) Concurrent marking roots
[40.488s][info][gc,task     ] GC(88) Using 1 of 3 workers for concurrent marking roots
[40.488s][info][gc          ] GC(88) Concurrent marking roots 0.420ms
[40.488s][info][gc,start    ] GC(88) Concurrent marking (unload classes)
[40.488s][info][gc,task     ] GC(88) Using 1 of 3 workers for concurrent marking
[40.493s][info][gc          ] GC(88) Concurrent marking (unload classes) 5.274ms
[40.494s][info][gc,start    ] GC(88) Pause Final Mark (unload classes)
[40.494s][info][gc,task     ] GC(88) Using 3 of 3 workers for final marking
[40.494s][info][gc,ergo     ] GC(88) Adaptive CSet Selection. Target Free: 290M, Actual Free: 1843M, Max CSet: 87381K, Min Garbage: 0B
[40.494s][info][gc,ergo     ] GC(88) Collectable Garbage: 1607M (99%), Immediate: 1451M (90%), CSet: 156M (9%)
[40.494s][info][gc,ergo     ] GC(88) Pacer for Evacuation. Used CSet: 156M, Free: 1747M, Non-Taxable: 174M, Alloc Tax Rate: 1.1x
[40.494s][info][gc          ] GC(88) Pause Final Mark (unload classes) 0.215ms
[40.494s][info][gc,start    ] GC(88) Concurrent thread roots
[40.494s][info][gc,task     ] GC(88) Using 1 of 3 workers for Concurrent thread roots
[40.494s][info][gc          ] GC(88) Concurrent thread roots 0.450ms
[40.494s][info][gc,start    ] GC(88) Concurrent weak references
[40.494s][info][gc,task     ] GC(88) Using 1 of 3 workers for concurrent weak references
[40.495s][info][gc,ref      ] GC(88) Encountered references: Soft: 137, Weak: 887, Final: 3, Phantom: 124
[40.495s][info][gc,ref      ] GC(88) Discovered  references: Soft: 0, Weak: 417, Final: 1, Phantom: 108
[40.495s][info][gc,ref      ] GC(88) Enqueued    references: Soft: 0, Weak: 276, Final: 0, Phantom: 0
[40.495s][info][gc          ] GC(88) Concurrent weak references 0.186ms
[40.495s][info][gc,start    ] GC(88) Concurrent weak roots
[40.495s][info][gc,task     ] GC(88) Using 1 of 3 workers for concurrent weak root
[40.496s][info][gc          ] GC(88) Concurrent weak roots 1.599ms
[40.496s][info][gc,start    ] GC(88) Concurrent cleanup
[40.496s][info][gc          ] GC(88) Concurrent cleanup 1655M->204M(2048M) 0.098ms
[40.496s][info][gc,ergo     ] GC(88) Free: 1739M, Max: 1024K regular, 231M humongous, Frag: 87% external, 0% internal; Reserve: 102M, Max: 1024K
[40.496s][info][gc,start    ] GC(88) Concurrent class unloading
[40.496s][info][gc,task     ] GC(88) Using 1 of 3 workers for concurrent class unloading
[40.502s][info][gc          ] GC(88) Concurrent class unloading 5.625ms
[40.502s][info][gc,start    ] GC(88) Concurrent strong roots
[40.502s][info][gc,task     ] GC(88) Using 1 of 3 workers for concurrent strong root
[40.502s][info][gc          ] GC(88) Concurrent strong roots 0.091ms
[40.502s][info][gc,start    ] GC(88) Concurrent evacuation
[40.502s][info][gc,task     ] GC(88) Using 1 of 3 workers for concurrent evacuation
[40.503s][info][gc          ] GC(88) Concurrent evacuation 0.960ms
[40.503s][info][gc,start    ] GC(88) Pause Init Update Refs
[40.503s][info][gc,ergo     ] GC(88) Pacer for Update Refs. Used: 222M, Free: 1722M, Non-Taxable: 172M, Alloc Tax Rate: 1.1x
[40.503s][info][gc          ] GC(88) Pause Init Update Refs 0.047ms
[40.511s][info][gc,start    ] GC(88) Concurrent update references
[40.511s][info][gc,task     ] GC(88) Using 1 of 3 workers for concurrent reference update
[40.520s][info][gc          ] GC(88) Concurrent update references 8.970ms
[40.520s][info][gc,start    ] GC(88) Concurrent update thread roots
[40.521s][info][gc          ] GC(88) Concurrent update thread roots 0.450ms
[40.521s][info][gc,start    ] GC(88) Pause Final Update Refs
[40.521s][info][gc,task     ] GC(88) Using 3 of 3 workers for final reference update
[40.521s][info][gc          ] GC(88) Pause Final Update Refs 0.102ms
[40.521s][info][gc,start    ] GC(88) Concurrent cleanup
[40.521s][info][gc          ] GC(88) Concurrent cleanup 274M->117M(2048M) 0.046ms
[40.521s][info][gc,ergo     ] Free: 1825M, Max: 1024K regular, 1467M humongous, Frag: 20% external, 0% internal; Reserve: 103M, Max: 1024K
[40.521s][info][gc,stats    ] 
[40.521s][info][gc,stats    ] All times are wall-clock times, except per-root-class counters, that are sum over
[40.521s][info][gc,stats    ] all workers. Dividing the <total> over the root stage time estimates parallelism.
[40.521s][info][gc,stats    ] 
[40.521s][info][gc,stats    ] Concurrent Reset                    845 us
[40.521s][info][gc,stats    ] Pause Init Mark (G)                2033 us
[40.521s][info][gc,stats    ] Pause Init Mark (N)                 123 us
[40.521s][info][gc,stats    ]   Update Region States               45 us
[40.521s][info][gc,stats    ] Concurrent Mark Roots               434 us, parallelism: 0.78x
[40.521s][info][gc,stats    ]   CMR: <total>                      339 us
[40.521s][info][gc,stats    ]   CMR: Thread Roots                 292 us, workers (us): 292, ---, ---, 
[40.521s][info][gc,stats    ]   CMR: VM Strong Roots                6 us, workers (us):   6, ---, ---, 
[40.521s][info][gc,stats    ]   CMR: CLDG Roots                    41 us, workers (us):  41, ---, ---, 
[40.521s][info][gc,stats    ] Concurrent Marking                 5318 us
[40.521s][info][gc,stats    ] Pause Final Mark (G)                351 us
[40.521s][info][gc,stats    ] Pause Final Mark (N)                224 us
[40.521s][info][gc,stats    ]   Finish Mark                        55 us
[40.521s][info][gc,stats    ]   Update Region States               36 us
[40.521s][info][gc,stats    ]   Choose Collection Set              60 us
[40.521s][info][gc,stats    ]   Rebuild Free Set                    9 us
[40.521s][info][gc,stats    ] Concurrent Thread Roots             471 us, parallelism: 0.84x
[40.521s][info][gc,stats    ]   CTR: <total>                      396 us
[40.521s][info][gc,stats    ]   CTR: Thread Roots                 396 us, workers (us): 396, ---, ---, 
[40.521s][info][gc,stats    ] Concurrent Weak References          194 us, parallelism: 0.57x
[40.521s][info][gc,stats    ]   CWRF: <total>                     111 us
[40.521s][info][gc,stats    ]   CWRF: Weak References             111 us, workers (us): 111, ---, ---, 
[40.521s][info][gc,stats    ] Concurrent Weak Roots              1635 us
[40.521s][info][gc,stats    ]   Roots                            1424 us, parallelism: 0.97x
[40.521s][info][gc,stats    ]     CWR: <total>                   1384 us
[40.521s][info][gc,stats    ]     CWR: Code Cache Roots          1271 us, workers (us): 1271, ---, ---, 
[40.521s][info][gc,stats    ]     CWR: VM Weak Roots              105 us, workers (us): 105, ---, ---, 
[40.521s][info][gc,stats    ]     CWR: CLDG Roots                   8 us, workers (us):   8, ---, ---, 
[40.521s][info][gc,stats    ]   Rendezvous                        155 us
[40.521s][info][gc,stats    ] Concurrent Cleanup                  107 us
[40.521s][info][gc,stats    ] Concurrent Class Unloading         5669 us
[40.521s][info][gc,stats    ]   Unlink Stale                     4931 us
[40.521s][info][gc,stats    ]     System Dictionary                10 us
[40.521s][info][gc,stats    ]     Weak Class Links                  0 us
[40.521s][info][gc,stats    ]     Code Roots                     4920 us
[40.521s][info][gc,stats    ]   Rendezvous                        394 us
[40.521s][info][gc,stats    ]   Purge Unlinked                    275 us
[40.521s][info][gc,stats    ]     Code Roots                      268 us
[40.521s][info][gc,stats    ]     CLDG                              7 us
[40.521s][info][gc,stats    ]     Exception Caches                  0 us
[40.521s][info][gc,stats    ] Concurrent Strong Roots             103 us, parallelism: 0.41x
[40.521s][info][gc,stats    ]   CSR: <total>                       43 us
[40.521s][info][gc,stats    ]   CSR: VM Strong Roots                3 us, workers (us):   3, ---, ---, 
[40.521s][info][gc,stats    ]   CSR: CLDG Roots                    39 us, workers (us):  39, ---, ---, 
[40.521s][info][gc,stats    ] Concurrent Evacuation              1008 us
[40.521s][info][gc,stats    ] Pause Init Update Refs (G)         7956 us
[40.521s][info][gc,stats    ] Pause Init Update Refs (N)           56 us
[40.521s][info][gc,stats    ]   Manage GCLABs                       4 us
[40.521s][info][gc,stats    ] Concurrent Update Refs             9013 us
[40.521s][info][gc,stats    ] Concurrent Update Thread Roots      484 us
[40.521s][info][gc,stats    ] Pause Final Update Refs (G)         313 us
[40.521s][info][gc,stats    ] Pause Final Update Refs (N)         120 us
[40.521s][info][gc,stats    ]   Update Region States               44 us
[40.521s][info][gc,stats    ]   Trash Collection Set                4 us
[40.521s][info][gc,stats    ]   Rebuild Free Set                    9 us
[40.521s][info][gc,stats    ] Concurrent Cleanup                   56 us
[40.521s][info][gc,stats    ] 
[40.521s][info][gc,stats    ] Allocation pacing accrued:
[40.521s][info][gc,stats    ]       0 of   425 ms (  0.0%): <total>
[40.521s][info][gc,stats    ]       0 of   425 ms (  0.0%): <average total>
[40.521s][info][gc,stats    ] 
[40.521s][info][gc,metaspace] Metaspace: 8797K(9472K)->8797K(9472K) NonClass: 7947K(8320K)->7947K(8320K) Class: 850K(1152K)->850K(1152K)
[40.521s][info][gc,ergo     ] Pacer for Idle. Initial: 41943K, Alloc Tax Rate: 1.0x
[41.181s][info][gc          ] Trigger: Explicit GC request (System.gc())
[41.181s][info][gc,ergo     ] Free: 470M, Max: 1024K regular, 343M humongous, Frag: 26% external, 0% internal; Reserve: 103M, Max: 1024K
[41.181s][info][gc,start    ] GC(89) Concurrent reset
[41.181s][info][gc,task     ] GC(89) Using 1 of 3 workers for concurrent reset
[41.181s][info][gc,ergo     ] GC(89) Pacer for Reset. Non-Taxable: 2048M
[41.182s][info][gc          ] GC(89) Concurrent reset 1.265ms
[41.182s][info][gc,start    ] GC(89) Pause Init Mark (unload classes)
[41.183s][info][gc,task     ] GC(89) Using 3 of 3 workers for init marking
[41.183s][info][gc,ref      ] GC(89) Clearing All SoftReferences
[41.183s][info][gc,ergo     ] GC(89) Pacer for Mark. Expected Live: 8420K, Free: 470M, Non-Taxable: 48220K, Alloc Tax Rate: 0.0x
[41.183s][info][gc          ] GC(89) Pause Init Mark (unload classes) 0.248ms
[41.183s][info][gc,start    ] GC(89) Concurrent marking roots
[41.183s][info][gc,task     ] GC(89) Using 1 of 3 workers for concurrent marking roots
[41.183s][info][gc          ] GC(89) Concurrent marking roots 0.512ms
[41.183s][info][gc,start    ] GC(89) Concurrent marking (unload classes)
[41.183s][info][gc,task     ] GC(89) Using 1 of 3 workers for concurrent marking
[41.188s][info][gc          ] GC(89) Concurrent marking (unload classes) 4.245ms
[41.188s][info][gc,start    ] GC(89) Pause Final Mark (unload classes)
[41.188s][info][gc,task     ] GC(89) Using 3 of 3 workers for final marking
[41.188s][info][gc,ergo     ] GC(89) Collectable Garbage: 1457M (99%), Immediate: 1457M (99%), CSet: 0B (0%)
[41.188s][info][gc          ] GC(89) Pause Final Mark (unload classes) 0.364ms
[41.188s][info][gc,start    ] GC(89) Concurrent weak references
[41.188s][info][gc,task     ] GC(89) Using 1 of 3 workers for concurrent weak references
[41.188s][info][gc,ref      ] GC(89) Encountered references: Soft: 137, Weak: 556, Final: 3, Phantom: 26
[41.188s][info][gc,ref      ] GC(89) Discovered  references: Soft: 91, Weak: 149, Final: 1, Phantom: 24
[41.188s][info][gc,ref      ] GC(89) Enqueued    references: Soft: 0, Weak: 0, Final: 0, Phantom: 0
[41.188s][info][gc          ] GC(89) Concurrent weak references 0.157ms
[41.188s][info][gc,start    ] GC(89) Concurrent weak roots
[41.188s][info][gc,task     ] GC(89) Using 1 of 3 workers for concurrent weak root
[41.190s][info][gc          ] GC(89) Concurrent weak roots 1.509ms
[41.190s][info][gc,start    ] GC(89) Concurrent cleanup
[41.190s][info][gc          ] GC(89) Concurrent cleanup 1469M->11M(2048M) 0.093ms
[41.190s][info][gc,ergo     ] GC(89) Free: 1931M, Max: 1024K regular, 1386M humongous, Frag: 28% external, 0% internal; Reserve: 103M, Max: 1024K
[41.190s][info][gc,start    ] GC(89) Concurrent class unloading
[41.190s][info][gc,task     ] GC(89) Using 1 of 3 workers for concurrent class unloading
[41.195s][info][gc          ] GC(89) Concurrent class unloading 5.184ms
[41.195s][info][gc,start    ] GC(89) Pause Final Roots
[41.195s][info][gc          ] GC(89) Pause Final Roots 0.055ms
[41.195s][info][gc,ergo     ] Free: 1931M, Max: 1024K regular, 1386M humongous, Frag: 28% external, 0% internal; Reserve: 103M, Max: 1024K
[41.196s][info][gc,stats    ] 
[41.196s][info][gc,stats    ] All times are wall-clock times, except per-root-class counters, that are sum over
[41.196s][info][gc,stats    ] all workers. Dividing the <total> over the root stage time estimates parallelism.
[41.196s][info][gc,stats    ] 
[41.196s][info][gc,stats    ] Concurrent Reset                   1339 us
[41.196s][info][gc,stats    ] Pause Init Mark (G)                 399 us
[41.196s][info][gc,stats    ] Pause Init Mark (N)                 266 us
[41.196s][info][gc,stats    ]   Update Region States               80 us
[41.196s][info][gc,stats    ] Concurrent Mark Roots               532 us, parallelism: 0.74x
[41.196s][info][gc,stats    ]   CMR: <total>                      393 us
[41.196s][info][gc,stats    ]   CMR: Thread Roots                 317 us, workers (us): 317, ---, ---, 
[41.196s][info][gc,stats    ]   CMR: VM Strong Roots                7 us, workers (us):   7, ---, ---, 
[41.196s][info][gc,stats    ]   CMR: CLDG Roots                    68 us, workers (us):  68, ---, ---, 
[41.196s][info][gc,stats    ] Concurrent Marking                 4315 us
[41.196s][info][gc,stats    ] Pause Final Mark (G)                496 us
[41.196s][info][gc,stats    ] Pause Final Mark (N)                387 us
[41.196s][info][gc,stats    ]   Finish Mark                        99 us
[41.196s][info][gc,stats    ]   Update Region States               75 us
[41.196s][info][gc,stats    ]   Choose Collection Set              79 us
[41.196s][info][gc,stats    ]   Rebuild Free Set                   20 us
[41.196s][info][gc,stats    ] Concurrent Weak References          165 us, parallelism: 0.15x
[41.196s][info][gc,stats    ]   CWRF: <total>                      25 us
[41.196s][info][gc,stats    ]   CWRF: Weak References              25 us, workers (us):  25, ---, ---, 
[41.196s][info][gc,stats    ] Concurrent Weak Roots              1551 us
[41.196s][info][gc,stats    ]   Roots                            1425 us, parallelism: 0.86x
[41.196s][info][gc,stats    ]     CWR: <total>                   1223 us
[41.196s][info][gc,stats    ]     CWR: Code Cache Roots          1090 us, workers (us): 1090, ---, ---, 
[41.196s][info][gc,stats    ]     CWR: VM Weak Roots              126 us, workers (us): 126, ---, ---, 
[41.196s][info][gc,stats    ]     CWR: CLDG Roots                   7 us, workers (us):   7, ---, ---, 
[41.196s][info][gc,stats    ]   Rendezvous                         65 us
[41.196s][info][gc,stats    ] Concurrent Cleanup                  102 us
[41.196s][info][gc,stats    ] Concurrent Class Unloading         5255 us
[41.196s][info][gc,stats    ]   Unlink Stale                     4793 us
[41.196s][info][gc,stats    ]     System Dictionary                 7 us
[41.196s][info][gc,stats    ]     Weak Class Links                  0 us
[41.196s][info][gc,stats    ]     Code Roots                     4784 us
[41.196s][info][gc,stats    ]   Rendezvous                        101 us
[41.196s][info][gc,stats    ]   Purge Unlinked                    267 us
[41.196s][info][gc,stats    ]     Code Roots                      254 us
[41.196s][info][gc,stats    ]     CLDG                             13 us
[41.196s][info][gc,stats    ]     Exception Caches                  0 us
[41.196s][info][gc,stats    ] Pause Final Roots (G)               193 us
[41.196s][info][gc,stats    ] Pause Final Roots (N)                78 us
[41.196s][info][gc,stats    ] 
[41.196s][info][gc,stats    ] Allocation pacing accrued:
[41.196s][info][gc,stats    ]       0 of   675 ms (  0.0%): <total>
[41.196s][info][gc,stats    ]       0 of   675 ms (  0.0%): <average total>
[41.196s][info][gc,stats    ] 
[41.196s][info][gc,metaspace] Metaspace: 8797K(9472K)->8797K(9472K) NonClass: 7947K(8320K)->7947K(8320K) Class: 850K(1152K)->850K(1152K)
[41.196s][info][gc,ergo     ] Pacer for Idle. Initial: 41943K, Alloc Tax Rate: 1.0x
[41.435s][info][gc          ] Trigger: Learning 2 of 5. Free (1432M) is below initial threshold (1433M)
[41.435s][info][gc,ergo     ] Free: 1432M, Max: 1024K regular, 888M humongous, Frag: 38% external, 0% internal; Reserve: 103M, Max: 1024K
[41.435s][info][gc,start    ] GC(90) Concurrent reset
[41.436s][info][gc,task     ] GC(90) Using 1 of 3 workers for concurrent reset
[41.436s][info][gc,ergo     ] GC(90) Pacer for Reset. Non-Taxable: 2048M
[41.436s][info][gc          ] GC(90) Concurrent reset 0.200ms
[41.436s][info][gc,start    ] GC(90) Pause Init Mark (unload classes)
[41.436s][info][gc,task     ] GC(90) Using 3 of 3 workers for init marking
[41.436s][info][gc,ergo     ] GC(90) Pacer for Mark. Expected Live: 8302K, Free: 1432M, Non-Taxable: 143M, Alloc Tax Rate: 0.0x
[41.436s][info][gc          ] GC(90) Pause Init Mark (unload classes) 0.143ms
[41.436s][info][gc,start    ] GC(90) Concurrent marking roots
[41.436s][info][gc,task     ] GC(90) Using 1 of 3 workers for concurrent marking roots
[41.437s][info][gc          ] GC(90) Concurrent marking roots 0.576ms
[41.437s][info][gc,start    ] GC(90) Concurrent marking (unload classes)
[41.437s][info][gc,task     ] GC(90) Using 1 of 3 workers for concurrent marking
[41.441s][info][gc          ] GC(90) Concurrent marking (unload classes) 4.230ms
[41.441s][info][gc,start    ] GC(90) Pause Final Mark (unload classes)
[41.441s][info][gc,task     ] GC(90) Using 3 of 3 workers for final marking
[41.441s][info][gc,ergo     ] GC(90) Adaptive CSet Selection. Target Free: 290M, Actual Free: 1972M, Max CSet: 87381K, Min Garbage: 0B
[41.441s][info][gc,ergo     ] GC(90) Collectable Garbage: 498M (99%), Immediate: 443M (88%), CSet: 56747K (11%)
[41.441s][info][gc,ergo     ] GC(90) Pacer for Evacuation. Used CSet: 57602K, Free: 1876M, Non-Taxable: 187M, Alloc Tax Rate: 1.1x
[41.441s][info][gc          ] GC(90) Pause Final Mark (unload classes) 0.312ms
[41.441s][info][gc,start    ] GC(90) Concurrent thread roots
[41.441s][info][gc,task     ] GC(90) Using 1 of 3 workers for Concurrent thread roots
[41.442s][info][gc          ] GC(90) Concurrent thread roots 0.903ms
[41.442s][info][gc,start    ] GC(90) Concurrent weak references
[41.442s][info][gc,task     ] GC(90) Using 1 of 3 workers for concurrent weak references
[41.442s][info][gc,ref      ] GC(90) Encountered references: Soft: 137, Weak: 694, Final: 3, Phantom: 124
[41.442s][info][gc,ref      ] GC(90) Discovered  references: Soft: 0, Weak: 220, Final: 1, Phantom: 108
[41.442s][info][gc,ref      ] GC(90) Enqueued    references: Soft: 0, Weak: 84, Final: 0, Phantom: 0
[41.442s][info][gc          ] GC(90) Concurrent weak references 0.099ms
[41.442s][info][gc,start    ] GC(90) Concurrent weak roots
[41.442s][info][gc,task     ] GC(90) Using 1 of 3 workers for concurrent weak root
[41.443s][info][gc          ] GC(90) Concurrent weak roots 1.066ms
[41.443s][info][gc,start    ] GC(90) Concurrent cleanup
[41.443s][info][gc          ] GC(90) Concurrent cleanup 508M->65M(2048M) 0.044ms
[41.443s][info][gc,ergo     ] GC(90) Free: 1876M, Max: 1024K regular, 1427M humongous, Frag: 24% external, 0% internal; Reserve: 102M, Max: 1024K
[41.443s][info][gc,start    ] GC(90) Concurrent class unloading
[41.443s][info][gc,task     ] GC(90) Using 1 of 3 workers for concurrent class unloading
[41.448s][info][gc          ] GC(90) Concurrent class unloading 4.514ms
[41.448s][info][gc,start    ] GC(90) Concurrent strong roots
[41.448s][info][gc,task     ] GC(90) Using 1 of 3 workers for concurrent strong root
[41.448s][info][gc          ] GC(90) Concurrent strong roots 0.097ms
[41.448s][info][gc,start    ] GC(90) Concurrent evacuation
[41.448s][info][gc,task     ] GC(90) Using 1 of 3 workers for concurrent evacuation
[41.449s][info][gc          ] GC(90) Concurrent evacuation 0.484ms
[41.449s][info][gc,start    ] GC(90) Pause Init Update Refs
[41.449s][info][gc,ergo     ] GC(90) Pacer for Update Refs. Used: 68172K, Free: 1876M, Non-Taxable: 187M, Alloc Tax Rate: 1.1x
[41.449s][info][gc          ] GC(90) Pause Init Update Refs 0.059ms
[41.449s][info][gc,start    ] GC(90) Concurrent update references
[41.449s][info][gc,task     ] GC(90) Using 1 of 3 workers for concurrent reference update
[41.450s][info][gc          ] GC(90) Concurrent update references 1.747ms
[41.450s][info][gc,start    ] GC(90) Concurrent update thread roots
[41.451s][info][gc          ] GC(90) Concurrent update thread roots 0.397ms
[41.451s][info][gc,start    ] GC(90) Pause Final Update Refs
[41.451s][info][gc,task     ] GC(90) Using 3 of 3 workers for final reference update
[41.451s][info][gc          ] GC(90) Pause Final Update Refs 0.069ms
[41.451s][info][gc,start    ] GC(90) Concurrent cleanup
[41.451s][info][gc          ] GC(90) Concurrent cleanup 66M->10M(2048M) 0.038ms
[41.451s][info][gc,ergo     ] Free: 1932M, Max: 1024K regular, 1920M humongous, Frag: 1% external, 0% internal; Reserve: 103M, Max: 1024K
[41.451s][info][gc,stats    ] 
[41.451s][info][gc,stats    ] All times are wall-clock times, except per-root-class counters, that are sum over
[41.451s][info][gc,stats    ] all workers. Dividing the <total> over the root stage time estimates parallelism.
[41.451s][info][gc,stats    ] 
[41.451s][info][gc,stats    ] Concurrent Reset                    259 us
[41.451s][info][gc,stats    ] Pause Init Mark (G)                 237 us
[41.451s][info][gc,stats    ] Pause Init Mark (N)                 164 us
[41.451s][info][gc,stats    ]   Update Region States               54 us
[41.451s][info][gc,stats    ] Concurrent Mark Roots               585 us, parallelism: 0.85x
[41.451s][info][gc,stats    ]   CMR: <total>                      496 us
[41.451s][info][gc,stats    ]   CMR: Thread Roots                 461 us, workers (us): 461, ---, ---, 
[41.451s][info][gc,stats    ]   CMR: VM Strong Roots                4 us, workers (us):   4, ---, ---, 
[41.451s][info][gc,stats    ]   CMR: CLDG Roots                    32 us, workers (us):  32, ---, ---, 
[41.451s][info][gc,stats    ] Concurrent Marking                 4255 us
[41.451s][info][gc,stats    ] Pause Final Mark (G)                382 us
[41.451s][info][gc,stats    ] Pause Final Mark (N)                332 us
[41.451s][info][gc,stats    ]   Finish Mark                        72 us
[41.451s][info][gc,stats    ]   Update Region States               49 us
[41.451s][info][gc,stats    ]   Choose Collection Set              91 us
[41.451s][info][gc,stats    ]   Rebuild Free Set                   21 us
[41.451s][info][gc,stats    ] Concurrent Thread Roots             912 us, parallelism: 0.92x
[41.451s][info][gc,stats    ]   CTR: <total>                      837 us
[41.451s][info][gc,stats    ]   CTR: Thread Roots                 837 us, workers (us): 837, ---, ---, 
[41.451s][info][gc,stats    ] Concurrent Weak References          106 us, parallelism: 0.23x
[41.451s][info][gc,stats    ]   CWRF: <total>                      24 us
[41.451s][info][gc,stats    ]   CWRF: Weak References              24 us, workers (us):  24, ---, ---, 
[41.451s][info][gc,stats    ] Concurrent Weak Roots              1081 us
[41.451s][info][gc,stats    ]   Roots                            1022 us, parallelism: 0.97x
[41.451s][info][gc,stats    ]     CWR: <total>                    991 us
[41.451s][info][gc,stats    ]     CWR: Code Cache Roots           894 us, workers (us): 894, ---, ---, 
[41.451s][info][gc,stats    ]     CWR: VM Weak Roots               92 us, workers (us):  92, ---, ---, 
[41.451s][info][gc,stats    ]     CWR: CLDG Roots                   5 us, workers (us):   5, ---, ---, 
[41.451s][info][gc,stats    ]   Rendezvous                         28 us
[41.451s][info][gc,stats    ] Concurrent Cleanup                   52 us
[41.451s][info][gc,stats    ] Concurrent Class Unloading         4544 us
[41.451s][info][gc,stats    ]   Unlink Stale                     4290 us
[41.451s][info][gc,stats    ]     System Dictionary                 7 us
[41.451s][info][gc,stats    ]     Weak Class Links                  0 us
[41.451s][info][gc,stats    ]     Code Roots                     4282 us
[41.452s][info][gc,stats    ]   Rendezvous                         53 us
[41.452s][info][gc,stats    ]   Purge Unlinked                    153 us
[41.452s][info][gc,stats    ]     Code Roots                      146 us
[41.452s][info][gc,stats    ]     CLDG                              6 us
[41.452s][info][gc,stats    ]     Exception Caches                  0 us
[41.452s][info][gc,stats    ] Concurrent Strong Roots             115 us, parallelism: 0.31x
[41.452s][info][gc,stats    ]   CSR: <total>                       35 us
[41.452s][info][gc,stats    ]   CSR: VM Strong Roots                4 us, workers (us):   4, ---, ---, 
[41.452s][info][gc,stats    ]   CSR: CLDG Roots                    31 us, workers (us):  31, ---, ---, 
[41.452s][info][gc,stats    ] Concurrent Evacuation               494 us
[41.452s][info][gc,stats    ] Pause Init Update Refs (G)          120 us
[41.452s][info][gc,stats    ] Pause Init Update Refs (N)           78 us
[41.452s][info][gc,stats    ]   Manage GCLABs                       3 us
[41.452s][info][gc,stats    ] Concurrent Update Refs             1768 us
[41.452s][info][gc,stats    ] Concurrent Update Thread Roots      415 us
[41.452s][info][gc,stats    ] Pause Final Update Refs (G)         106 us
[41.452s][info][gc,stats    ] Pause Final Update Refs (N)          79 us
[41.452s][info][gc,stats    ]   Update Region States               32 us
[41.452s][info][gc,stats    ]   Trash Collection Set                3 us
[41.452s][info][gc,stats    ]   Rebuild Free Set                   10 us
[41.452s][info][gc,stats    ] Concurrent Cleanup                   55 us
[41.452s][info][gc,stats    ] Pacing                           563685 us
[41.452s][info][gc,stats    ] 
[41.452s][info][gc,stats    ] Allocation pacing accrued:
[41.452s][info][gc,stats    ]     112 of   256 ms ( 43.9%): Query0
[41.452s][info][gc,stats    ]     116 of   256 ms ( 45.4%): Query1
[41.452s][info][gc,stats    ]     113 of   256 ms ( 44.4%): Query2
[41.452s][info][gc,stats    ]     112 of   256 ms ( 43.7%): Query3
[41.452s][info][gc,stats    ]     112 of   256 ms ( 43.9%): Query4
[41.452s][info][gc,stats    ]      92 of   256 ms ( 35.9%): Query5
[41.452s][info][gc,stats    ]     657 of   256 ms (257.1%): <total>
[41.452s][info][gc,stats    ]      36 of   256 ms ( 14.3%): <average total>
[41.452s][info][gc,stats    ]     109 of   256 ms ( 42.8%): <average non-zero>
[41.452s][info][gc,stats    ] 
[41.452s][info][gc,metaspace] Metaspace: 8797K(9472K)->8797K(9472K) NonClass: 7947K(8320K)->7947K(8320K) Class: 850K(1152K)->850K(1152K)
[41.452s][info][gc,ergo     ] Pacer for Idle. Initial: 41943K, Alloc Tax Rate: 1.0x
[41.704s][info][gc          ] Trigger: Learning 3 of 5. Free (1425M) is below initial threshold (1433M)
[41.704s][info][gc,ergo     ] Free: 1425M, Max: 1024K regular, 1420M humongous, Frag: 0% external, 0% internal; Reserve: 103M, Max: 1024K
[41.705s][info][gc,start    ] GC(91) Concurrent reset
[41.705s][info][gc,task     ] GC(91) Using 1 of 3 workers for concurrent reset
[41.705s][info][gc,ergo     ] GC(91) Pacer for Reset. Non-Taxable: 2048M
[41.705s][info][gc          ] GC(91) Concurrent reset 0.376ms
[41.705s][info][gc,start    ] GC(91) Pause Init Mark (unload classes)
[41.705s][info][gc,task     ] GC(91) Using 3 of 3 workers for init marking
[41.705s][info][gc,ergo     ] GC(91) Pacer for Mark. Expected Live: 8308K, Free: 1425M, Non-Taxable: 142M, Alloc Tax Rate: 0.0x
[41.705s][info][gc          ] GC(91) Pause Init Mark (unload classes) 0.153ms
[41.705s][info][gc,start    ] GC(91) Concurrent marking roots
[41.705s][info][gc,task     ] GC(91) Using 1 of 3 workers for concurrent marking roots
[41.706s][info][gc          ] GC(91) Concurrent marking roots 0.941ms
[41.706s][info][gc,start    ] GC(91) Concurrent marking (unload classes)
[41.706s][info][gc,task     ] GC(91) Using 1 of 3 workers for concurrent marking
[41.710s][info][gc          ] GC(91) Concurrent marking (unload classes) 3.972ms
[41.710s][info][gc,start    ] GC(91) Pause Final Mark (unload classes)
[41.710s][info][gc,task     ] GC(91) Using 3 of 3 workers for final marking
[41.710s][info][gc,ergo     ] GC(91) Adaptive CSet Selection. Target Free: 290M, Actual Free: 1977M, Max CSet: 87381K, Min Garbage: 0B
[41.710s][info][gc,ergo     ] GC(91) Collectable Garbage: 507M (99%), Immediate: 454M (89%), CSet: 54451K (10%)
[41.710s][info][gc,ergo     ] GC(91) Pacer for Evacuation. Used CSet: 55296K, Free: 1879M, Non-Taxable: 187M, Alloc Tax Rate: 1.1x
[41.710s][info][gc          ] GC(91) Pause Final Mark (unload classes) 0.293ms
[41.710s][info][gc,start    ] GC(91) Concurrent thread roots
[41.711s][info][gc,task     ] GC(91) Using 1 of 3 workers for Concurrent thread roots
[41.711s][info][gc          ] GC(91) Concurrent thread roots 0.927ms
[41.711s][info][gc,start    ] GC(91) Concurrent weak references
[41.711s][info][gc,task     ] GC(91) Using 1 of 3 workers for concurrent weak references
[41.711s][info][gc,ref      ] GC(91) Encountered references: Soft: 137, Weak: 696, Final: 3, Phantom: 124
[41.711s][info][gc,ref      ] GC(91) Discovered  references: Soft: 0, Weak: 220, Final: 1, Phantom: 109
[41.711s][info][gc,ref      ] GC(91) Enqueued    references: Soft: 0, Weak: 86, Final: 0, Phantom: 0
[41.711s][info][gc          ] GC(91) Concurrent weak references 0.082ms
[41.712s][info][gc,start    ] GC(91) Concurrent weak roots
[41.712s][info][gc,task     ] GC(91) Using 1 of 3 workers for concurrent weak root
[41.713s][info][gc          ] GC(91) Concurrent weak roots 1.075ms
[41.713s][info][gc,start    ] GC(91) Concurrent cleanup
[41.713s][info][gc          ] GC(91) Concurrent cleanup 517M->63M(2048M) 0.043ms
[41.713s][info][gc,ergo     ] GC(91) Free: 1879M, Max: 1024K regular, 1420M humongous, Frag: 25% external, 0% internal; Reserve: 102M, Max: 1024K
[41.713s][info][gc,start    ] GC(91) Concurrent class unloading
[41.713s][info][gc,task     ] GC(91) Using 1 of 3 workers for concurrent class unloading
[41.718s][info][gc          ] GC(91) Concurrent class unloading 4.893ms
[41.718s][info][gc,start    ] GC(91) Concurrent strong roots
[41.718s][info][gc,task     ] GC(91) Using 1 of 3 workers for concurrent strong root
[41.718s][info][gc          ] GC(91) Concurrent strong roots 0.099ms
[41.718s][info][gc,start    ] GC(91) Concurrent evacuation
[41.718s][info][gc,task     ] GC(91) Using 1 of 3 workers for concurrent evacuation
[41.718s][info][gc          ] GC(91) Concurrent evacuation 0.488ms
[41.718s][info][gc,start    ] GC(91) Pause Init Update Refs
[41.718s][info][gc,ergo     ] GC(91) Pacer for Update Refs. Used: 65866K, Free: 1879M, Non-Taxable: 187M, Alloc Tax Rate: 1.1x
[41.718s][info][gc          ] GC(91) Pause Init Update Refs 0.060ms
[41.718s][info][gc,start    ] GC(91) Concurrent update references
[41.718s][info][gc,task     ] GC(91) Using 1 of 3 workers for concurrent reference update
[41.720s][info][gc          ] GC(91) Concurrent update references 1.748ms
[41.720s][info][gc,start    ] GC(91) Concurrent update thread roots
[41.721s][info][gc          ] GC(91) Concurrent update thread roots 0.379ms
[41.721s][info][gc,start    ] GC(91) Pause Final Update Refs
[41.721s][info][gc,task     ] GC(91) Using 3 of 3 workers for final reference update
[41.721s][info][gc          ] GC(91) Pause Final Update Refs 0.077ms
[41.723s][info][gc,start    ] GC(91) Concurrent cleanup
[41.723s][info][gc          ] GC(91) Concurrent cleanup 76M->22M(2048M) 0.055ms
[41.723s][info][gc,ergo     ] Free: 1920M, Max: 1024K regular, 1915M humongous, Frag: 0% external, 0% internal; Reserve: 103M, Max: 1024K
[41.723s][info][gc,stats    ] 
[41.723s][info][gc,stats    ] All times are wall-clock times, except per-root-class counters, that are sum over
[41.723s][info][gc,stats    ] all workers. Dividing the <total> over the root stage time estimates parallelism.
[41.723s][info][gc,stats    ] 
[41.723s][info][gc,stats    ] Concurrent Reset                    422 us
[41.723s][info][gc,stats    ] Pause Init Mark (G)                 228 us
[41.723s][info][gc,stats    ] Pause Init Mark (N)                 171 us
[41.723s][info][gc,stats    ]   Update Region States               59 us
[41.723s][info][gc,stats    ] Concurrent Mark Roots               951 us, parallelism: 0.89x
[41.723s][info][gc,stats    ]   CMR: <total>                      846 us
[41.723s][info][gc,stats    ]   CMR: Thread Roots                 770 us, workers (us): 770, ---, ---, 
[41.723s][info][gc,stats    ]   CMR: VM Strong Roots                7 us, workers (us):   7, ---, ---, 
[41.723s][info][gc,stats    ]   CMR: CLDG Roots                    68 us, workers (us):  68, ---, ---, 
[41.723s][info][gc,stats    ] Concurrent Marking                 4003 us
[41.723s][info][gc,stats    ] Pause Final Mark (G)                363 us
[41.723s][info][gc,stats    ] Pause Final Mark (N)                313 us
[41.723s][info][gc,stats    ]   Finish Mark                        57 us
[41.723s][info][gc,stats    ]   Update Region States               46 us
[41.723s][info][gc,stats    ]   Choose Collection Set              91 us
[41.723s][info][gc,stats    ]   Rebuild Free Set                   21 us
[41.723s][info][gc,stats    ] Concurrent Thread Roots             935 us, parallelism: 0.92x
[41.723s][info][gc,stats    ]   CTR: <total>                      857 us
[41.723s][info][gc,stats    ]   CTR: Thread Roots                 857 us, workers (us): 857, ---, ---, 
[41.723s][info][gc,stats    ] Concurrent Weak References           89 us, parallelism: 0.27x
[41.723s][info][gc,stats    ]   CWRF: <total>                      24 us
[41.723s][info][gc,stats    ]   CWRF: Weak References              24 us, workers (us):  24, ---, ---, 
[41.723s][info][gc,stats    ] Concurrent Weak Roots              1091 us
[41.723s][info][gc,stats    ]   Roots                            1031 us, parallelism: 0.97x
[41.723s][info][gc,stats    ]     CWR: <total>                    999 us
[41.723s][info][gc,stats    ]     CWR: Code Cache Roots           901 us, workers (us): 901, ---, ---, 
[41.723s][info][gc,stats    ]     CWR: VM Weak Roots               92 us, workers (us):  92, ---, ---, 
[41.723s][info][gc,stats    ]     CWR: CLDG Roots                   6 us, workers (us):   6, ---, ---, 
[41.723s][info][gc,stats    ]   Rendezvous                         28 us
[41.723s][info][gc,stats    ] Concurrent Cleanup                   52 us
[41.723s][info][gc,stats    ] Concurrent Class Unloading         4961 us
[41.723s][info][gc,stats    ]   Unlink Stale                     4665 us
[41.723s][info][gc,stats    ]     System Dictionary                 7 us
[41.723s][info][gc,stats    ]     Weak Class Links                  0 us
[41.723s][info][gc,stats    ]     Code Roots                     4656 us
[41.723s][info][gc,stats    ]   Rendezvous                         51 us
[41.723s][info][gc,stats    ]   Purge Unlinked                    157 us
[41.723s][info][gc,stats    ]     Code Roots                      150 us
[41.723s][info][gc,stats    ]     CLDG                              6 us
[41.723s][info][gc,stats    ]     Exception Caches                  0 us
[41.723s][info][gc,stats    ] Concurrent Strong Roots             117 us, parallelism: 0.29x
[41.723s][info][gc,stats    ]   CSR: <total>                       35 us
[41.723s][info][gc,stats    ]   CSR: VM Strong Roots                4 us, workers (us):   4, ---, ---, 
[41.723s][info][gc,stats    ]   CSR: CLDG Roots                    31 us, workers (us):  31, ---, ---, 
[41.723s][info][gc,stats    ] Concurrent Evacuation               499 us
[41.723s][info][gc,stats    ] Pause Init Update Refs (G)          118 us
[41.723s][info][gc,stats    ] Pause Init Update Refs (N)           80 us
[41.723s][info][gc,stats    ]   Manage GCLABs                       4 us
[41.723s][info][gc,stats    ] Concurrent Update Refs             1769 us
[41.723s][info][gc,stats    ] Concurrent Update Thread Roots      404 us
[41.723s][info][gc,stats    ] Pause Final Update Refs (G)        2227 us
[41.723s][info][gc,stats    ] Pause Final Update Refs (N)          87 us
[41.723s][info][gc,stats    ]   Update Region States               38 us
[41.723s][info][gc,stats    ]   Trash Collection Set                4 us
[41.723s][info][gc,stats    ]   Rebuild Free Set                   11 us
[41.723s][info][gc,stats    ] Concurrent Cleanup                   65 us
[41.723s][info][gc,stats    ] Pacing                           813401 us
[41.723s][info][gc,stats    ] 
[41.723s][info][gc,stats    ] Allocation pacing accrued:
[41.723s][info][gc,stats    ]     132 of   272 ms ( 48.7%): Query0
[41.723s][info][gc,stats    ]     133 of   272 ms ( 49.1%): Query1
[41.723s][info][gc,stats    ]     135 of   272 ms ( 49.6%): Query2
[41.723s][info][gc,stats    ]     128 of   272 ms ( 47.1%): Query3
[41.723s][info][gc,stats    ]     137 of   272 ms ( 50.4%): Query4
[41.723s][info][gc,stats    ]     148 of   272 ms ( 54.5%): Query5
[41.723s][info][gc,stats    ]     813 of   272 ms (299.4%): <total>
[41.723s][info][gc,stats    ]      45 of   272 ms ( 16.6%): <average total>
[41.723s][info][gc,stats    ]     136 of   272 ms ( 49.9%): <average non-zero>
[41.723s][info][gc,stats    ] 
[41.723s][info][gc,metaspace] Metaspace: 8797K(9472K)->8797K(9472K) NonClass: 7947K(8320K)->7947K(8320K) Class: 850K(1152K)->850K(1152K)
[41.723s][info][gc,ergo     ] Pacer for Idle. Initial: 41943K, Alloc Tax Rate: 1.0x
[41.871s][info][gc          ] Trigger: Learning 4 of 5. Free (1425M) is below initial threshold (1433M)
[41.871s][info][gc,ergo     ] Free: 1425M, Max: 1024K regular, 1420M humongous, Frag: 0% external, 0% internal; Reserve: 103M, Max: 1024K
[41.871s][info][gc,start    ] GC(92) Concurrent reset
[41.871s][info][gc,task     ] GC(92) Using 1 of 3 workers for concurrent reset
[41.871s][info][gc,ergo     ] GC(92) Pacer for Reset. Non-Taxable: 2048M
[41.871s][info][gc          ] GC(92) Concurrent reset 0.425ms
[41.871s][info][gc,start    ] GC(92) Pause Init Mark (unload classes)
[41.872s][info][gc,task     ] GC(92) Using 3 of 3 workers for init marking
[41.872s][info][gc,ergo     ] GC(92) Pacer for Mark. Expected Live: 8312K, Free: 1425M, Non-Taxable: 142M, Alloc Tax Rate: 0.0x
[41.872s][info][gc          ] GC(92) Pause Init Mark (unload classes) 0.163ms
[41.872s][info][gc,start    ] GC(92) Concurrent marking roots
[41.872s][info][gc,task     ] GC(92) Using 1 of 3 workers for concurrent marking roots
[41.873s][info][gc          ] GC(92) Concurrent marking roots 1.028ms
[41.873s][info][gc,start    ] GC(92) Concurrent marking (unload classes)
[41.873s][info][gc,task     ] GC(92) Using 1 of 3 workers for concurrent marking
[41.877s][info][gc          ] GC(92) Concurrent marking (unload classes) 4.335ms
[41.877s][info][gc,start    ] GC(92) Pause Final Mark (unload classes)
[41.877s][info][gc,task     ] GC(92) Using 3 of 3 workers for final marking
[41.877s][info][gc,ergo     ] GC(92) Adaptive CSet Selection. Target Free: 290M, Actual Free: 1966M, Max CSet: 87381K, Min Garbage: 0B
[41.877s][info][gc,ergo     ] GC(92) Collectable Garbage: 507M (99%), Immediate: 443M (87%), CSet: 65676K (12%)
[41.877s][info][gc,ergo     ] GC(92) Pacer for Evacuation. Used CSet: 66533K, Free: 1868M, Non-Taxable: 186M, Alloc Tax Rate: 1.1x
[41.877s][info][gc          ] GC(92) Pause Final Mark (unload classes) 0.294ms
[41.877s][info][gc,start    ] GC(92) Concurrent thread roots
[41.877s][info][gc,task     ] GC(92) Using 1 of 3 workers for Concurrent thread roots
[41.878s][info][gc          ] GC(92) Concurrent thread roots 0.915ms
[41.878s][info][gc,start    ] GC(92) Concurrent weak references
[41.878s][info][gc,task     ] GC(92) Using 1 of 3 workers for concurrent weak references
[41.878s][info][gc,ref      ] GC(92) Encountered references: Soft: 137, Weak: 694, Final: 3, Phantom: 124
[41.878s][info][gc,ref      ] GC(92) Discovered  references: Soft: 0, Weak: 219, Final: 1, Phantom: 112
[41.878s][info][gc,ref      ] GC(92) Enqueued    references: Soft: 0, Weak: 84, Final: 0, Phantom: 0
[41.878s][info][gc          ] GC(92) Concurrent weak references 0.079ms
[41.878s][info][gc,start    ] GC(92) Concurrent weak roots
[41.878s][info][gc,task     ] GC(92) Using 1 of 3 workers for concurrent weak root
[41.880s][info][gc          ] GC(92) Concurrent weak roots 1.071ms
[41.880s][info][gc,start    ] GC(92) Concurrent cleanup
[41.880s][info][gc          ] GC(92) Concurrent cleanup 517M->74M(2048M) 0.043ms
[41.880s][info][gc,ergo     ] GC(92) Free: 1868M, Max: 1024K regular, 1420M humongous, Frag: 24% external, 0% internal; Reserve: 102M, Max: 1024K
[41.880s][info][gc,start    ] GC(92) Concurrent class unloading
[41.880s][info][gc,task     ] GC(92) Using 1 of 3 workers for concurrent class unloading
[41.884s][info][gc          ] GC(92) Concurrent class unloading 4.450ms
[41.884s][info][gc,start    ] GC(92) Concurrent strong roots
[41.884s][info][gc,task     ] GC(92) Using 1 of 3 workers for concurrent strong root
[41.884s][info][gc          ] GC(92) Concurrent strong roots 0.095ms
[41.884s][info][gc,start    ] GC(92) Concurrent evacuation
[41.884s][info][gc,task     ] GC(92) Using 1 of 3 workers for concurrent evacuation
[41.885s][info][gc          ] GC(92) Concurrent evacuation 0.514ms
[41.885s][info][gc,start    ] GC(92) Pause Init Update Refs
[41.885s][info][gc,ergo     ] GC(92) Pacer for Update Refs. Used: 77103K, Free: 1868M, Non-Taxable: 186M, Alloc Tax Rate: 1.1x
[41.885s][info][gc          ] GC(92) Pause Init Update Refs 0.057ms
[41.885s][info][gc,start    ] GC(92) Concurrent update references
[41.885s][info][gc,task     ] GC(92) Using 1 of 3 workers for concurrent reference update
[41.887s][info][gc          ] GC(92) Concurrent update references 1.860ms
[41.887s][info][gc,start    ] GC(92) Concurrent update thread roots
[41.887s][info][gc          ] GC(92) Concurrent update thread roots 0.472ms
[41.887s][info][gc,start    ] GC(92) Pause Final Update Refs
[41.887s][info][gc,task     ] GC(92) Using 3 of 3 workers for final reference update
[41.887s][info][gc          ] GC(92) Pause Final Update Refs 0.144ms
[41.889s][info][gc,start    ] GC(92) Concurrent cleanup
[41.889s][info][gc          ] GC(92) Concurrent cleanup 81M->16M(2048M) 0.060ms
[41.889s][info][gc,ergo     ] Free: 1925M, Max: 1024K regular, 1920M humongous, Frag: 0% external, 0% internal; Reserve: 103M, Max: 1024K
[41.889s][info][gc,stats    ] 
[41.889s][info][gc,stats    ] All times are wall-clock times, except per-root-class counters, that are sum over
[41.889s][info][gc,stats    ] all workers. Dividing the <total> over the root stage time estimates parallelism.
[41.889s][info][gc,stats    ] 
[41.889s][info][gc,stats    ] Concurrent Reset                    510 us
[41.889s][info][gc,stats    ] Pause Init Mark (G)                 270 us
[41.889s][info][gc,stats    ] Pause Init Mark (N)                 185 us
[41.889s][info][gc,stats    ]   Update Region States               66 us
[41.889s][info][gc,stats    ] Concurrent Mark Roots              1041 us, parallelism: 0.90x
[41.889s][info][gc,stats    ]   CMR: <total>                      936 us
[41.889s][info][gc,stats    ]   CMR: Thread Roots                 859 us, workers (us): 859, ---, ---, 
[41.889s][info][gc,stats    ]   CMR: VM Strong Roots                8 us, workers (us):   8, ---, ---, 
[41.889s][info][gc,stats    ]   CMR: CLDG Roots                    70 us, workers (us):  70, ---, ---, 
[41.889s][info][gc,stats    ] Concurrent Marking                 4358 us
[41.889s][info][gc,stats    ] Pause Final Mark (G)                364 us
[41.889s][info][gc,stats    ] Pause Final Mark (N)                314 us
[41.889s][info][gc,stats    ]   Finish Mark                        55 us
[41.889s][info][gc,stats    ]   Update Region States               47 us
[41.889s][info][gc,stats    ]   Choose Collection Set              91 us
[41.889s][info][gc,stats    ]   Rebuild Free Set                   22 us
[41.889s][info][gc,stats    ] Concurrent Thread Roots             923 us, parallelism: 0.92x
[41.889s][info][gc,stats    ]   CTR: <total>                      849 us
[41.889s][info][gc,stats    ]   CTR: Thread Roots                 849 us, workers (us): 849, ---, ---, 
[41.889s][info][gc,stats    ] Concurrent Weak References           86 us, parallelism: 0.26x
[41.889s][info][gc,stats    ]   CWRF: <total>                      22 us
[41.889s][info][gc,stats    ]   CWRF: Weak References              22 us, workers (us):  22, ---, ---, 
[41.889s][info][gc,stats    ] Concurrent Weak Roots              1086 us
[41.889s][info][gc,stats    ]   Roots                            1027 us, parallelism: 0.97x
[41.889s][info][gc,stats    ]     CWR: <total>                    995 us
[41.889s][info][gc,stats    ]     CWR: Code Cache Roots           900 us, workers (us): 900, ---, ---, 
[41.889s][info][gc,stats    ]     CWR: VM Weak Roots               90 us, workers (us):  90, ---, ---, 
[41.889s][info][gc,stats    ]     CWR: CLDG Roots                   5 us, workers (us):   5, ---, ---, 
[41.889s][info][gc,stats    ]   Rendezvous                         29 us
[41.889s][info][gc,stats    ] Concurrent Cleanup                   51 us
[41.889s][info][gc,stats    ] Concurrent Class Unloading         4481 us
[41.889s][info][gc,stats    ]   Unlink Stale                     4233 us
[41.889s][info][gc,stats    ]     System Dictionary                 7 us
[41.889s][info][gc,stats    ]     Weak Class Links                  0 us
[41.889s][info][gc,stats    ]     Code Roots                     4225 us
[41.889s][info][gc,stats    ]   Rendezvous                         50 us
[41.889s][info][gc,stats    ]   Purge Unlinked                    149 us
[41.889s][info][gc,stats    ]     Code Roots                      142 us
[41.889s][info][gc,stats    ]     CLDG                              6 us
[41.889s][info][gc,stats    ]     Exception Caches                  0 us
[41.889s][info][gc,stats    ] Concurrent Strong Roots             113 us, parallelism: 0.31x
[41.889s][info][gc,stats    ]   CSR: <total>                       35 us
[41.889s][info][gc,stats    ]   CSR: VM Strong Roots                4 us, workers (us):   4, ---, ---, 
[41.889s][info][gc,stats    ]   CSR: CLDG Roots                    31 us, workers (us):  31, ---, ---, 
[41.889s][info][gc,stats    ] Concurrent Evacuation               534 us
[41.889s][info][gc,stats    ] Pause Init Update Refs (G)          119 us
[41.889s][info][gc,stats    ] Pause Init Update Refs (N)           77 us
[41.889s][info][gc,stats    ]   Manage GCLABs                       3 us
[41.889s][info][gc,stats    ] Concurrent Update Refs             1903 us
[41.889s][info][gc,stats    ] Concurrent Update Thread Roots      499 us
[41.889s][info][gc,stats    ] Pause Final Update Refs (G)        1377 us
[41.889s][info][gc,stats    ] Pause Final Update Refs (N)         178 us
[41.889s][info][gc,stats    ]   Update Region States               60 us
[41.889s][info][gc,stats    ]   Trash Collection Set                6 us
[41.889s][info][gc,stats    ]   Rebuild Free Set                   20 us
[41.889s][info][gc,stats    ] Concurrent Cleanup                   72 us
[41.889s][info][gc,stats    ] Pacing                           167551 us
[41.889s][info][gc,stats    ] 
[41.889s][info][gc,stats    ] Allocation pacing accrued:
[41.889s][info][gc,stats    ]      27 of   166 ms ( 16.6%): Query0
[41.889s][info][gc,stats    ]      28 of   166 ms ( 16.9%): Query1
[41.889s][info][gc,stats    ]      28 of   166 ms ( 17.0%): Query2
[41.889s][info][gc,stats    ]      27 of   166 ms ( 16.3%): Query3
[41.889s][info][gc,stats    ]      29 of   166 ms ( 17.7%): Query4
[41.889s][info][gc,stats    ]      27 of   166 ms ( 16.5%): Query5
[41.889s][info][gc,stats    ]     168 of   166 ms (101.0%): <total>
[41.889s][info][gc,stats    ]       9 of   166 ms (  5.6%): <average total>
[41.889s][info][gc,stats    ]      28 of   166 ms ( 16.8%): <average non-zero>
[41.889s][info][gc,stats    ] 
[41.889s][info][gc,metaspace] Metaspace: 8797K(9472K)->8797K(9472K) NonClass: 7947K(8320K)->7947K(8320K) Class: 850K(1152K)->850K(1152K)
[41.889s][info][gc,ergo     ] Pacer for Idle. Initial: 41943K, Alloc Tax Rate: 1.0x
[42.093s][info][gc          ] Trigger: Learning 5 of 5. Free (1387M) is below initial threshold (1433M)
[42.093s][info][gc,ergo     ] Free: 1387M, Max: 1024K regular, 1382M humongous, Frag: 0% external, 0% internal; Reserve: 103M, Max: 1024K
[42.093s][info][gc,start    ] GC(93) Concurrent reset
[42.093s][info][gc,task     ] GC(93) Using 1 of 3 workers for concurrent reset
[42.093s][info][gc,ergo     ] GC(93) Pacer for Reset. Non-Taxable: 2048M
[42.093s][info][gc          ] GC(93) Concurrent reset 0.414ms
[42.093s][info][gc,start    ] GC(93) Pause Init Mark (unload classes)
[42.093s][info][gc,task     ] GC(93) Using 3 of 3 workers for init marking
[42.093s][info][gc,ergo     ] GC(93) Pacer for Mark. Expected Live: 8352K, Free: 1387M, Non-Taxable: 138M, Alloc Tax Rate: 0.0x
[42.093s][info][gc          ] GC(93) Pause Init Mark (unload classes) 0.082ms
[42.093s][info][gc,start    ] GC(93) Concurrent marking roots
[42.093s][info][gc,task     ] GC(93) Using 1 of 3 workers for concurrent marking roots
[42.094s][info][gc          ] GC(93) Concurrent marking roots 0.927ms
[42.094s][info][gc,start    ] GC(93) Concurrent marking (unload classes)
[42.094s][info][gc,task     ] GC(93) Using 1 of 3 workers for concurrent marking
[42.099s][info][gc          ] GC(93) Concurrent marking (unload classes) 4.470ms
[42.099s][info][gc,start    ] GC(93) Pause Final Mark (unload classes)
[42.099s][info][gc,task     ] GC(93) Using 3 of 3 workers for final marking
[42.099s][info][gc,ergo     ] GC(93) Adaptive CSet Selection. Target Free: 290M, Actual Free: 1967M, Max CSet: 87381K, Min Garbage: 0B
[42.099s][info][gc,ergo     ] GC(93) Collectable Garbage: 545M (99%), Immediate: 482M (88%), CSet: 64657K (11%)
[42.099s][info][gc,ergo     ] GC(93) Pacer for Evacuation. Used CSet: 65503K, Free: 1869M, Non-Taxable: 186M, Alloc Tax Rate: 1.1x
[42.099s][info][gc          ] GC(93) Pause Final Mark (unload classes) 0.294ms
[42.099s][info][gc,start    ] GC(93) Concurrent thread roots
[42.099s][info][gc,task     ] GC(93) Using 1 of 3 workers for Concurrent thread roots
[42.100s][info][gc          ] GC(93) Concurrent thread roots 0.845ms
[42.100s][info][gc,start    ] GC(93) Concurrent weak references
[42.100s][info][gc,task     ] GC(93) Using 1 of 3 workers for concurrent weak references
[42.100s][info][gc,ref      ] GC(93) Encountered references: Soft: 137, Weak: 710, Final: 3, Phantom: 124
[42.100s][info][gc,ref      ] GC(93) Discovered  references: Soft: 0, Weak: 233, Final: 1, Phantom: 109
[42.100s][info][gc,ref      ] GC(93) Enqueued    references: Soft: 0, Weak: 100, Final: 0, Phantom: 0
[42.100s][info][gc          ] GC(93) Concurrent weak references 0.098ms
[42.100s][info][gc,start    ] GC(93) Concurrent weak roots
[42.100s][info][gc,task     ] GC(93) Using 1 of 3 workers for concurrent weak root
[42.101s][info][gc          ] GC(93) Concurrent weak roots 1.209ms
[42.101s][info][gc,start    ] GC(93) Concurrent cleanup
[42.101s][info][gc          ] GC(93) Concurrent cleanup 555M->73M(2048M) 0.045ms
[42.101s][info][gc,ergo     ] GC(93) Free: 1869M, Max: 1024K regular, 1382M humongous, Frag: 26% external, 0% internal; Reserve: 102M, Max: 1024K
[42.101s][info][gc,start    ] GC(93) Concurrent class unloading
[42.101s][info][gc,task     ] GC(93) Using 1 of 3 workers for concurrent class unloading
[42.106s][info][gc          ] GC(93) Concurrent class unloading 4.601ms
[42.106s][info][gc,start    ] GC(93) Concurrent strong roots
[42.106s][info][gc,task     ] GC(93) Using 1 of 3 workers for concurrent strong root
[42.106s][info][gc          ] GC(93) Concurrent strong roots 0.095ms
[42.106s][info][gc,start    ] GC(93) Concurrent evacuation
[42.106s][info][gc,task     ] GC(93) Using 1 of 3 workers for concurrent evacuation
[42.107s][info][gc          ] GC(93) Concurrent evacuation 0.493ms
[42.107s][info][gc,start    ] GC(93) Pause Init Update Refs
[42.107s][info][gc,ergo     ] GC(93) Pacer for Update Refs. Used: 76073K, Free: 1869M, Non-Taxable: 186M, Alloc Tax Rate: 1.1x
[42.107s][info][gc          ] GC(93) Pause Init Update Refs 0.058ms
[42.107s][info][gc,start    ] GC(93) Concurrent update references
[42.107s][info][gc,task     ] GC(93) Using 1 of 3 workers for concurrent reference update
[42.109s][info][gc          ] GC(93) Concurrent update references 2.212ms
[42.109s][info][gc,start    ] GC(93) Concurrent update thread roots
[42.110s][info][gc          ] GC(93) Concurrent update thread roots 0.422ms
[42.110s][info][gc,start    ] GC(93) Pause Final Update Refs
[42.110s][info][gc,task     ] GC(93) Using 3 of 3 workers for final reference update
[42.110s][info][gc          ] GC(93) Pause Final Update Refs 0.073ms
[42.112s][info][gc,start    ] GC(93) Concurrent cleanup
[42.112s][info][gc          ] GC(93) Concurrent cleanup 87M->26M(2048M) 0.058ms
[42.112s][info][gc,ergo     ] Free: 1916M, Max: 1024K regular, 1911M humongous, Frag: 0% external, 0% internal; Reserve: 103M, Max: 1024K
[42.112s][info][gc,stats    ] 
[42.112s][info][gc,stats    ] All times are wall-clock times, except per-root-class counters, that are sum over
[42.112s][info][gc,stats    ] all workers. Dividing the <total> over the root stage time estimates parallelism.
[42.112s][info][gc,stats    ] 
[42.112s][info][gc,stats    ] Concurrent Reset                    472 us
[42.112s][info][gc,stats    ] Pause Init Mark (G)                 141 us
[42.112s][info][gc,stats    ] Pause Init Mark (N)                  90 us
[42.112s][info][gc,stats    ]   Update Region States               35 us
[42.112s][info][gc,stats    ] Concurrent Mark Roots               936 us, parallelism: 0.90x
[42.112s][info][gc,stats    ]   CMR: <total>                      844 us
[42.112s][info][gc,stats    ]   CMR: Thread Roots                 778 us, workers (us): 778, ---, ---, 
[42.112s][info][gc,stats    ]   CMR: VM Strong Roots                6 us, workers (us):   6, ---, ---, 
[42.113s][info][gc,stats    ]   CMR: CLDG Roots                    60 us, workers (us):  60, ---, ---, 
[42.113s][info][gc,stats    ] Concurrent Marking                 4496 us
[42.113s][info][gc,stats    ] Pause Final Mark (G)                363 us
[42.113s][info][gc,stats    ] Pause Final Mark (N)                314 us
[42.113s][info][gc,stats    ]   Finish Mark                        58 us
[42.113s][info][gc,stats    ]   Update Region States               47 us
[42.113s][info][gc,stats    ]   Choose Collection Set              89 us
[42.113s][info][gc,stats    ]   Rebuild Free Set                   22 us
[42.113s][info][gc,stats    ] Concurrent Thread Roots             854 us, parallelism: 0.91x
[42.113s][info][gc,stats    ]   CTR: <total>                      779 us
[42.113s][info][gc,stats    ]   CTR: Thread Roots                 779 us, workers (us): 779, ---, ---, 
[42.113s][info][gc,stats    ] Concurrent Weak References          105 us, parallelism: 0.23x
[42.113s][info][gc,stats    ]   CWRF: <total>                      24 us
[42.113s][info][gc,stats    ]   CWRF: Weak References              24 us, workers (us):  24, ---, ---, 
[42.113s][info][gc,stats    ] Concurrent Weak Roots              1224 us
[42.113s][info][gc,stats    ]   Roots                            1165 us, parallelism: 0.97x
[42.113s][info][gc,stats    ]     CWR: <total>                   1127 us
[42.113s][info][gc,stats    ]     CWR: Code Cache Roots           948 us, workers (us): 948, ---, ---, 
[42.113s][info][gc,stats    ]     CWR: VM Weak Roots              172 us, workers (us): 172, ---, ---, 
[42.113s][info][gc,stats    ]     CWR: CLDG Roots                   6 us, workers (us):   6, ---, ---, 
[42.113s][info][gc,stats    ]   Rendezvous                         28 us
[42.113s][info][gc,stats    ] Concurrent Cleanup                   53 us
[42.113s][info][gc,stats    ] Concurrent Class Unloading         4632 us
[42.113s][info][gc,stats    ]   Unlink Stale                     4342 us
[42.113s][info][gc,stats    ]     System Dictionary                 7 us
[42.113s][info][gc,stats    ]     Weak Class Links                  0 us
[42.113s][info][gc,stats    ]     Code Roots                     4333 us
[42.113s][info][gc,stats    ]   Rendezvous                         50 us
[42.113s][info][gc,stats    ]   Purge Unlinked                    191 us
[42.113s][info][gc,stats    ]     Code Roots                      185 us
[42.113s][info][gc,stats    ]     CLDG                              6 us
[42.113s][info][gc,stats    ]     Exception Caches                  0 us
[42.113s][info][gc,stats    ] Concurrent Strong Roots             113 us, parallelism: 0.30x
[42.113s][info][gc,stats    ]   CSR: <total>                       34 us
[42.113s][info][gc,stats    ]   CSR: VM Strong Roots                3 us, workers (us):   3, ---, ---, 
[42.113s][info][gc,stats    ]   CSR: CLDG Roots                    30 us, workers (us):  30, ---, ---, 
[42.113s][info][gc,stats    ] Concurrent Evacuation               504 us
[42.113s][info][gc,stats    ] Pause Init Update Refs (G)          115 us
[42.113s][info][gc,stats    ] Pause Init Update Refs (N)           78 us
[42.113s][info][gc,stats    ]   Manage GCLABs                       4 us
[42.113s][info][gc,stats    ] Concurrent Update Refs             2248 us
[42.113s][info][gc,stats    ] Concurrent Update Thread Roots      439 us
[42.113s][info][gc,stats    ] Pause Final Update Refs (G)        2791 us
[42.113s][info][gc,stats    ] Pause Final Update Refs (N)          97 us
[42.113s][info][gc,stats    ]   Update Region States               39 us
[42.113s][info][gc,stats    ]   Trash Collection Set                3 us
[42.113s][info][gc,stats    ]   Rebuild Free Set                   10 us
[42.113s][info][gc,stats    ] Concurrent Cleanup                   70 us
[42.113s][info][gc,stats    ] Pacing                           423444 us
[42.113s][info][gc,stats    ] 
[42.113s][info][gc,stats    ] Allocation pacing accrued:
[42.113s][info][gc,stats    ]      73 of   224 ms ( 32.8%): Query0
[42.113s][info][gc,stats    ]      70 of   224 ms ( 31.4%): Query1
[42.113s][info][gc,stats    ]      74 of   224 ms ( 33.0%): Query2
[42.113s][info][gc,stats    ]      76 of   224 ms ( 34.1%): Query3
[42.113s][info][gc,stats    ]      72 of   224 ms ( 32.2%): Query4
[42.113s][info][gc,stats    ]      58 of   224 ms ( 25.8%): Query5
[42.113s][info][gc,stats    ]     423 of   224 ms (189.3%): <total>
[42.113s][info][gc,stats    ]      24 of   224 ms ( 10.5%): <average total>
[42.113s][info][gc,stats    ]      71 of   224 ms ( 31.6%): <average non-zero>
[42.113s][info][gc,stats    ] 
[42.113s][info][gc,metaspace] Metaspace: 8797K(9472K)->8797K(9472K) NonClass: 7947K(8320K)->7947K(8320K) Class: 850K(1152K)->850K(1152K)
[42.113s][info][gc,ergo     ] Pacer for Idle. Initial: 41943K, Alloc Tax Rate: 1.0x
[42.758s][info][gc          ] Trigger: Free (178M) is below minimum threshold (204M)
[42.758s][info][gc,ergo     ] Free: 178M, Max: 1024K regular, 173M humongous, Frag: 0% external, 1% internal; Reserve: 103M, Max: 1024K
[42.758s][info][gc,start    ] GC(94) Concurrent reset
[42.758s][info][gc,task     ] GC(94) Using 1 of 3 workers for concurrent reset
[42.758s][info][gc,ergo     ] GC(94) Pacer for Reset. Non-Taxable: 2048M
[42.759s][info][gc          ] GC(94) Concurrent reset 0.414ms
[42.759s][info][gc,start    ] GC(94) Pause Init Mark (unload classes)
[42.759s][info][gc,task     ] GC(94) Using 3 of 3 workers for init marking
[42.759s][info][gc,ergo     ] GC(94) Pacer for Mark. Expected Live: 8350K, Free: 177M, Non-Taxable: 18197K, Alloc Tax Rate: 0.1x
[42.759s][info][gc          ] GC(94) Pause Init Mark (unload classes) 0.097ms
[42.759s][info][gc,start    ] GC(94) Concurrent marking roots
[42.759s][info][gc,task     ] GC(94) Using 1 of 3 workers for concurrent marking roots
[42.759s][info][gc          ] GC(94) Concurrent marking roots 0.468ms
[42.759s][info][gc,start    ] GC(94) Concurrent marking (unload classes)
[42.759s][info][gc,task     ] GC(94) Using 1 of 3 workers for concurrent marking
[42.764s][info][gc          ] GC(94) Concurrent marking (unload classes) 4.104ms
[42.764s][info][gc,start    ] GC(94) Pause Final Mark (unload classes)
[42.764s][info][gc,task     ] GC(94) Using 3 of 3 workers for final marking
[42.764s][info][gc,ergo     ] GC(94) Adaptive CSet Selection. Target Free: 290M, Actual Free: 1860M, Max CSet: 87381K, Min Garbage: 0B
[42.764s][info][gc,ergo     ] GC(94) Collectable Garbage: 1755M (99%), Immediate: 1589M (90%), CSet: 166M (9%)
[42.764s][info][gc,ergo     ] GC(94) Pacer for Evacuation. Used CSet: 167M, Free: 1762M, Non-Taxable: 176M, Alloc Tax Rate: 1.1x
[42.764s][info][gc          ] GC(94) Pause Final Mark (unload classes) 0.342ms
[42.764s][info][gc,start    ] GC(94) Concurrent thread roots
[42.764s][info][gc,task     ] GC(94) Using 1 of 3 workers for Concurrent thread roots
[42.765s][info][gc          ] GC(94) Concurrent thread roots 0.791ms
[42.765s][info][gc,start    ] GC(94) Concurrent weak references
[42.765s][info][gc,task     ] GC(94) Using 1 of 3 workers for concurrent weak references
[42.765s][info][gc,ref      ] GC(94) Encountered references: Soft: 137, Weak: 914, Final: 3, Phantom: 124
[42.765s][info][gc,ref      ] GC(94) Discovered  references: Soft: 0, Weak: 445, Final: 1, Phantom: 108
[42.765s][info][gc,ref      ] GC(94) Enqueued    references: Soft: 0, Weak: 304, Final: 0, Phantom: 0
[42.765s][info][gc          ] GC(94) Concurrent weak references 0.177ms
[42.765s][info][gc,start    ] GC(94) Concurrent weak roots
[42.765s][info][gc,task     ] GC(94) Using 1 of 3 workers for concurrent weak root
[42.766s][info][gc          ] GC(94) Concurrent weak roots 1.143ms
[42.766s][info][gc,start    ] GC(94) Concurrent cleanup
[42.766s][info][gc          ] GC(94) Concurrent cleanup 1771M->182M(2048M) 0.100ms
[42.766s][info][gc,ergo     ] GC(94) Free: 1760M, Max: 1024K regular, 166M humongous, Frag: 91% external, 0% internal; Reserve: 102M, Max: 1024K
[42.766s][info][gc,start    ] GC(94) Concurrent class unloading
[42.766s][info][gc,task     ] GC(94) Using 1 of 3 workers for concurrent class unloading
[42.771s][info][gc          ] GC(94) Concurrent class unloading 4.622ms
[42.771s][info][gc,start    ] GC(94) Concurrent strong roots
[42.771s][info][gc,task     ] GC(94) Using 1 of 3 workers for concurrent strong root
[42.771s][info][gc          ] GC(94) Concurrent strong roots 0.095ms
[42.771s][info][gc,start    ] GC(94) Concurrent evacuation
[42.771s][info][gc,task     ] GC(94) Using 1 of 3 workers for concurrent evacuation
[42.772s][info][gc          ] GC(94) Concurrent evacuation 0.962ms
[42.772s][info][gc,start    ] GC(94) Pause Init Update Refs
[42.772s][info][gc,ergo     ] GC(94) Pacer for Update Refs. Used: 188M, Free: 1756M, Non-Taxable: 175M, Alloc Tax Rate: 1.1x
[42.772s][info][gc          ] GC(94) Pause Init Update Refs 0.049ms
[42.772s][info][gc,start    ] GC(94) Concurrent update references
[42.772s][info][gc,task     ] GC(94) Using 1 of 3 workers for concurrent reference update
[42.775s][info][gc          ] GC(94) Concurrent update references 2.525ms
[42.775s][info][gc,start    ] GC(94) Concurrent update thread roots
[42.790s][info][gc          ] GC(94) Concurrent update thread roots 15.377ms
[42.790s][info][gc,start    ] GC(94) Pause Final Update Refs
[42.790s][info][gc,task     ] GC(94) Using 3 of 3 workers for final reference update
[42.790s][info][gc          ] GC(94) Pause Final Update Refs 0.181ms
[42.794s][info][gc,start    ] GC(94) Concurrent cleanup
[42.794s][info][gc          ] GC(94) Concurrent cleanup 249M->88M(2048M) 0.073ms
[42.794s][info][gc,ergo     ] Free: 1854M, Max: 1024K regular, 1684M humongous, Frag: 9% external, 0% internal; Reserve: 103M, Max: 1024K
[42.794s][info][gc,stats    ] 
[42.794s][info][gc,stats    ] All times are wall-clock times, except per-root-class counters, that are sum over
[42.794s][info][gc,stats    ] all workers. Dividing the <total> over the root stage time estimates parallelism.
[42.794s][info][gc,stats    ] 
[42.794s][info][gc,stats    ] Concurrent Reset                    451 us
[42.794s][info][gc,stats    ] Pause Init Mark (G)                 186 us
[42.794s][info][gc,stats    ] Pause Init Mark (N)                 106 us
[42.794s][info][gc,stats    ]   Update Region States               32 us
[42.794s][info][gc,stats    ] Concurrent Mark Roots               479 us, parallelism: 0.84x
[42.794s][info][gc,stats    ]   CMR: <total>                      403 us
[42.794s][info][gc,stats    ]   CMR: Thread Roots                 360 us, workers (us): 360, ---, ---, 
[42.794s][info][gc,stats    ]   CMR: VM Strong Roots                5 us, workers (us):   5, ---, ---, 
[42.794s][info][gc,stats    ]   CMR: CLDG Roots                    39 us, workers (us):  39, ---, ---, 
[42.794s][info][gc,stats    ] Concurrent Marking                 4155 us
[42.794s][info][gc,stats    ] Pause Final Mark (G)                430 us
[42.794s][info][gc,stats    ] Pause Final Mark (N)                362 us
[42.794s][info][gc,stats    ]   Finish Mark                        63 us
[42.794s][info][gc,stats    ]   Update Region States               51 us
[42.794s][info][gc,stats    ]   Choose Collection Set             125 us
[42.794s][info][gc,stats    ]   Rebuild Free Set                   23 us
[42.795s][info][gc,stats    ] Concurrent Thread Roots             801 us, parallelism: 0.92x
[42.795s][info][gc,stats    ]   CTR: <total>                      739 us
[42.795s][info][gc,stats    ]   CTR: Thread Roots                 739 us, workers (us): 739, ---, ---, 
[42.795s][info][gc,stats    ] Concurrent Weak References          184 us, parallelism: 0.59x
[42.795s][info][gc,stats    ]   CWRF: <total>                     109 us
[42.795s][info][gc,stats    ]   CWRF: Weak References             109 us, workers (us): 109, ---, ---, 
[42.795s][info][gc,stats    ] Concurrent Weak Roots              1159 us
[42.795s][info][gc,stats    ]   Roots                            1083 us, parallelism: 0.97x
[42.795s][info][gc,stats    ]     CWR: <total>                   1045 us
[42.795s][info][gc,stats    ]     CWR: Code Cache Roots           947 us, workers (us): 947, ---, ---, 
[42.795s][info][gc,stats    ]     CWR: VM Weak Roots               93 us, workers (us):  93, ---, ---, 
[42.795s][info][gc,stats    ]     CWR: CLDG Roots                   6 us, workers (us):   6, ---, ---, 
[42.795s][info][gc,stats    ]   Rendezvous                         45 us
[42.795s][info][gc,stats    ] Concurrent Cleanup                  109 us
[42.795s][info][gc,stats    ] Concurrent Class Unloading         4654 us
[42.795s][info][gc,stats    ]   Unlink Stale                     4370 us
[42.795s][info][gc,stats    ]     System Dictionary                 8 us
[42.795s][info][gc,stats    ]     Weak Class Links                  0 us
[42.795s][info][gc,stats    ]     Code Roots                     4361 us
[42.795s][info][gc,stats    ]   Rendezvous                         53 us
[42.795s][info][gc,stats    ]   Purge Unlinked                    181 us
[42.795s][info][gc,stats    ]     Code Roots                      175 us
[42.795s][info][gc,stats    ]     CLDG                              5 us
[42.795s][info][gc,stats    ]     Exception Caches                  0 us
[42.795s][info][gc,stats    ] Concurrent Strong Roots             103 us, parallelism: 0.33x
[42.795s][info][gc,stats    ]   CSR: <total>                       34 us
[42.795s][info][gc,stats    ]   CSR: VM Strong Roots                3 us, workers (us):   3, ---, ---, 
[42.795s][info][gc,stats    ]   CSR: CLDG Roots                    31 us, workers (us):  31, ---, ---, 
[42.795s][info][gc,stats    ] Concurrent Evacuation               991 us
[42.795s][info][gc,stats    ] Pause Init Update Refs (G)          136 us
[42.795s][info][gc,stats    ] Pause Init Update Refs (N)           65 us
[42.795s][info][gc,stats    ]   Manage GCLABs                       4 us
[42.795s][info][gc,stats    ] Concurrent Update Refs             2563 us
[42.795s][info][gc,stats    ] Concurrent Update Thread Roots    15423 us
[42.795s][info][gc,stats    ] Pause Final Update Refs (G)        4089 us
[42.795s][info][gc,stats    ] Pause Final Update Refs (N)         193 us
[42.795s][info][gc,stats    ]   Update Region States               93 us
[42.795s][info][gc,stats    ]   Trash Collection Set                7 us
[42.795s][info][gc,stats    ]   Rebuild Free Set                   25 us
[42.795s][info][gc,stats    ] Concurrent Cleanup                   85 us
[42.795s][info][gc,stats    ] Pacing                          1193409 us
[42.795s][info][gc,stats    ] 
[42.795s][info][gc,stats    ] Allocation pacing accrued:
[42.795s][info][gc,stats    ]     180 of   682 ms ( 26.4%): Query0
[42.795s][info][gc,stats    ]     216 of   682 ms ( 31.7%): Query1
[42.795s][info][gc,stats    ]     197 of   682 ms ( 28.8%): Query2
[42.795s][info][gc,stats    ]     186 of   682 ms ( 27.2%): Query3
[42.795s][info][gc,stats    ]     215 of   682 ms ( 31.5%): Query4
[42.795s][info][gc,stats    ]     200 of   682 ms ( 29.4%): Query5
[42.795s][info][gc,stats    ]    1193 of   682 ms (175.0%): <total>
[42.795s][info][gc,stats    ]      66 of   682 ms (  9.7%): <average total>
[42.795s][info][gc,stats    ]     199 of   682 ms ( 29.2%): <average non-zero>
[42.795s][info][gc,stats    ] 
[42.795s][info][gc,metaspace] Metaspace: 8797K(9472K)->8797K(9472K) NonClass: 7947K(8320K)->7947K(8320K) Class: 850K(1152K)->850K(1152K)
[42.795s][info][gc,ergo     ] Pacer for Idle. Initial: 41943K, Alloc Tax Rate: 1.0x
[43.238s][info][gc          ] Trigger: Average GC time (44.98 ms) is above the time for average allocation rate (3655 MB/s) to deplete free headroom (103M) (margin of error = 1.94)
[43.238s][info][gc,ergo     ] Free headroom: 205M (free) - 102M (spike) - 0B (penalties) = 103M
[43.238s][info][gc,ergo     ] Free: 204M, Max: 1024K regular, 165M humongous, Frag: 18% external, 1% internal; Reserve: 103M, Max: 1024K
[43.238s][info][gc,start    ] GC(95) Concurrent reset
[43.238s][info][gc,task     ] GC(95) Using 1 of 3 workers for concurrent reset
[43.238s][info][gc,ergo     ] GC(95) Pacer for Reset. Non-Taxable: 2048M
[43.239s][info][gc          ] GC(95) Concurrent reset 0.899ms
[43.239s][info][gc,start    ] GC(95) Pause Init Mark (unload classes)
[43.239s][info][gc,task     ] GC(95) Using 3 of 3 workers for init marking
[43.239s][info][gc,ergo     ] GC(95) Pacer for Mark. Expected Live: 8476K, Free: 202M, Non-Taxable: 20754K, Alloc Tax Rate: 0.0x
[43.239s][info][gc          ] GC(95) Pause Init Mark (unload classes) 0.133ms
[43.239s][info][gc,start    ] GC(95) Concurrent marking roots
[43.239s][info][gc,task     ] GC(95) Using 1 of 3 workers for concurrent marking roots
[43.240s][info][gc          ] GC(95) Concurrent marking roots 0.403ms
[43.240s][info][gc,start    ] GC(95) Concurrent marking (unload classes)
[43.240s][info][gc,task     ] GC(95) Using 1 of 3 workers for concurrent marking
[43.249s][info][gc          ] GC(95) Concurrent marking (unload classes) 8.971ms
[43.249s][info][gc,start    ] GC(95) Pause Final Mark (unload classes)
[43.249s][info][gc,task     ] GC(95) Using 3 of 3 workers for final marking
[43.249s][info][gc,ergo     ] GC(95) Adaptive CSet Selection. Target Free: 290M, Actual Free: 1828M, Max CSet: 87381K, Min Garbage: 0B
[43.249s][info][gc,ergo     ] GC(95) Collectable Garbage: 1730M (99%), Immediate: 1563M (90%), CSet: 167M (9%)
[43.249s][info][gc,ergo     ] GC(95) Pacer for Evacuation. Used CSet: 168M, Free: 1730M, Non-Taxable: 173M, Alloc Tax Rate: 1.1x
[43.249s][info][gc          ] GC(95) Pause Final Mark (unload classes) 0.237ms
[43.249s][info][gc,start    ] GC(95) Concurrent thread roots
[43.249s][info][gc,task     ] GC(95) Using 1 of 3 workers for Concurrent thread roots
[43.249s][info][gc          ] GC(95) Concurrent thread roots 0.364ms
[43.249s][info][gc,start    ] GC(95) Concurrent weak references
[43.249s][info][gc,task     ] GC(95) Using 1 of 3 workers for concurrent weak references
[43.249s][info][gc,ref      ] GC(95) Encountered references: Soft: 137, Weak: 909, Final: 3, Phantom: 111
[43.249s][info][gc,ref      ] GC(95) Discovered  references: Soft: 0, Weak: 439, Final: 1, Phantom: 94
[43.249s][info][gc,ref      ] GC(95) Enqueued    references: Soft: 0, Weak: 306, Final: 0, Phantom: 0
[43.249s][info][gc          ] GC(95) Concurrent weak references 0.167ms
[43.250s][info][gc,start    ] GC(95) Concurrent weak roots
[43.250s][info][gc,task     ] GC(95) Using 1 of 3 workers for concurrent weak root
[43.253s][info][gc          ] GC(95) Concurrent weak roots 3.702ms
[43.253s][info][gc,start    ] GC(95) Concurrent cleanup
[43.253s][info][gc          ] GC(95) Concurrent cleanup 1790M->227M(2048M) 0.110ms
[43.253s][info][gc,ergo     ] GC(95) Free: 1715M, Max: 1024K regular, 147M humongous, Frag: 92% external, 0% internal; Reserve: 102M, Max: 1024K
[43.253s][info][gc,start    ] GC(95) Concurrent class unloading
[43.253s][info][gc,task     ] GC(95) Using 1 of 3 workers for concurrent class unloading
[43.259s][info][gc          ] GC(95) Concurrent class unloading 5.882ms
[43.259s][info][gc,start    ] GC(95) Concurrent strong roots
[43.259s][info][gc,task     ] GC(95) Using 1 of 3 workers for concurrent strong root
[43.259s][info][gc          ] GC(95) Concurrent strong roots 0.093ms
[43.259s][info][gc,start    ] GC(95) Concurrent evacuation
[43.259s][info][gc,task     ] GC(95) Using 1 of 3 workers for concurrent evacuation
[43.261s][info][gc          ] GC(95) Concurrent evacuation 1.063ms
[43.261s][info][gc,start    ] GC(95) Pause Init Update Refs
[43.261s][info][gc,ergo     ] GC(95) Pacer for Update Refs. Used: 248M, Free: 1695M, Non-Taxable: 169M, Alloc Tax Rate: 1.1x
[43.261s][info][gc          ] GC(95) Pause Init Update Refs 0.051ms
[43.261s][info][gc,start    ] GC(95) Concurrent update references
[43.261s][info][gc,task     ] GC(95) Using 1 of 3 workers for concurrent reference update
[43.271s][info][gc          ] GC(95) Concurrent update references 10.123ms
[43.271s][info][gc,start    ] GC(95) Concurrent update thread roots
[43.271s][info][gc          ] GC(95) Concurrent update thread roots 0.497ms
[43.272s][info][gc,start    ] GC(95) Pause Final Update Refs
[43.272s][info][gc,task     ] GC(95) Using 3 of 3 workers for final reference update
[43.272s][info][gc          ] GC(95) Pause Final Update Refs 0.114ms
[43.272s][info][gc,start    ] GC(95) Concurrent cleanup
[43.272s][info][gc          ] GC(95) Concurrent cleanup 277M->109M(2048M) 0.039ms
[43.272s][info][gc,ergo     ] Free: 1833M, Max: 1024K regular, 1669M humongous, Frag: 9% external, 0% internal; Reserve: 103M, Max: 1024K
[43.272s][info][gc,stats    ] 
[43.272s][info][gc,stats    ] All times are wall-clock times, except per-root-class counters, that are sum over
[43.272s][info][gc,stats    ] all workers. Dividing the <total> over the root stage time estimates parallelism.
[43.272s][info][gc,stats    ] 
[43.272s][info][gc,stats    ] Concurrent Reset                    966 us
[43.272s][info][gc,stats    ] Pause Init Mark (G)                 461 us
[43.272s][info][gc,stats    ] Pause Init Mark (N)                 143 us
[43.272s][info][gc,stats    ]   Update Region States               48 us
[43.272s][info][gc,stats    ] Concurrent Mark Roots               417 us, parallelism: 0.73x
[43.272s][info][gc,stats    ]   CMR: <total>                      306 us
[43.272s][info][gc,stats    ]   CMR: Thread Roots                 252 us, workers (us): 252, ---, ---, 
[43.272s][info][gc,stats    ]   CMR: VM Strong Roots                6 us, workers (us):   6, ---, ---, 
[43.272s][info][gc,stats    ]   CMR: CLDG Roots                    47 us, workers (us):  47, ---, ---, 
[43.272s][info][gc,stats    ] Concurrent Marking                 9016 us
[43.272s][info][gc,stats    ] Pause Final Mark (G)                407 us
[43.272s][info][gc,stats    ] Pause Final Mark (N)                247 us
[43.272s][info][gc,stats    ]   Finish Mark                        46 us
[43.272s][info][gc,stats    ]   Update Region States               53 us
[43.272s][info][gc,stats    ]   Choose Collection Set              84 us
[43.272s][info][gc,stats    ]   Rebuild Free Set                    9 us
[43.272s][info][gc,stats    ] Concurrent Thread Roots             380 us, parallelism: 0.84x
[43.272s][info][gc,stats    ]   CTR: <total>                      321 us
[43.272s][info][gc,stats    ]   CTR: Thread Roots                 321 us, workers (us): 321, ---, ---, 
[43.272s][info][gc,stats    ] Concurrent Weak References          174 us, parallelism: 0.59x
[43.272s][info][gc,stats    ]   CWRF: <total>                     102 us
[43.272s][info][gc,stats    ]   CWRF: Weak References             102 us, workers (us): 102, ---, ---, 
[43.272s][info][gc,stats    ] Concurrent Weak Roots              3752 us
[43.272s][info][gc,stats    ]   Roots                            1320 us, parallelism: 0.97x
[43.272s][info][gc,stats    ]     CWR: <total>                   1285 us
[43.272s][info][gc,stats    ]     CWR: Code Cache Roots          1174 us, workers (us): 1174, ---, ---, 
[43.272s][info][gc,stats    ]     CWR: VM Weak Roots              100 us, workers (us): 100, ---, ---, 
[43.272s][info][gc,stats    ]     CWR: CLDG Roots                  11 us, workers (us):  11, ---, ---, 
[43.272s][info][gc,stats    ]   Rendezvous                       2363 us
[43.272s][info][gc,stats    ] Concurrent Cleanup                  120 us
[43.272s][info][gc,stats    ] Concurrent Class Unloading         5927 us
[43.272s][info][gc,stats    ]   Unlink Stale                     4940 us
[43.272s][info][gc,stats    ]     System Dictionary                10 us
[43.272s][info][gc,stats    ]     Weak Class Links                  0 us
[43.272s][info][gc,stats    ]     Code Roots                     4928 us
[43.272s][info][gc,stats    ]   Rendezvous                        640 us
[43.272s][info][gc,stats    ]   Purge Unlinked                    280 us
[43.272s][info][gc,stats    ]     Code Roots                      272 us
[43.272s][info][gc,stats    ]     CLDG                              7 us
[43.272s][info][gc,stats    ]     Exception Caches                  0 us
[43.272s][info][gc,stats    ] Concurrent Strong Roots             112 us, parallelism: 0.43x
[43.272s][info][gc,stats    ]   CSR: <total>                       48 us
[43.272s][info][gc,stats    ]   CSR: VM Strong Roots                4 us, workers (us):   4, ---, ---, 
[43.272s][info][gc,stats    ]   CSR: CLDG Roots                    44 us, workers (us):  44, ---, ---, 
[43.272s][info][gc,stats    ] Concurrent Evacuation              1097 us
[43.272s][info][gc,stats    ] Pause Init Update Refs (G)          213 us
[43.272s][info][gc,stats    ] Pause Init Update Refs (N)           59 us
[43.272s][info][gc,stats    ]   Manage GCLABs                       3 us
[43.272s][info][gc,stats    ] Concurrent Update Refs            10175 us
[43.272s][info][gc,stats    ] Concurrent Update Thread Roots      529 us
[43.272s][info][gc,stats    ] Pause Final Update Refs (G)         209 us
[43.272s][info][gc,stats    ] Pause Final Update Refs (N)         132 us
[43.272s][info][gc,stats    ]   Update Region States               44 us
[43.272s][info][gc,stats    ]   Trash Collection Set               10 us
[43.272s][info][gc,stats    ]   Rebuild Free Set                   16 us
[43.272s][info][gc,stats    ] Concurrent Cleanup                   51 us
[43.272s][info][gc,stats    ] 
[43.272s][info][gc,stats    ] Allocation pacing accrued:
[43.272s][info][gc,stats    ]       0 of   477 ms (  0.0%): <total>
[43.272s][info][gc,stats    ]       0 of   477 ms (  0.0%): <average total>
[43.272s][info][gc,stats    ] 
[43.272s][info][gc,metaspace] Metaspace: 8797K(9472K)->8797K(9472K) NonClass: 7947K(8320K)->7947K(8320K) Class: 850K(1152K)->850K(1152K)
[43.272s][info][gc,ergo     ] Pacer for Idle. Initial: 41943K, Alloc Tax Rate: 1.0x
[43.701s][info][gc          ] Trigger: Average GC time (44.64 ms) is above the time for average allocation rate (3720 MB/s) to deplete free headroom (129M) (margin of error = 1.94)
[43.701s][info][gc,ergo     ] Free headroom: 231M (free) - 102M (spike) - 0B (penalties) = 129M
[43.701s][info][gc,ergo     ] Free: 231M, Max: 1024K regular, 148M humongous, Frag: 35% external, 0% internal; Reserve: 103M, Max: 1024K
[43.701s][info][gc,start    ] GC(96) Concurrent reset
[43.701s][info][gc,task     ] GC(96) Using 1 of 3 workers for concurrent reset
[43.701s][info][gc,ergo     ] GC(96) Pacer for Reset. Non-Taxable: 2048M
[43.702s][info][gc          ] GC(96) Concurrent reset 0.998ms
[43.703s][info][gc,start    ] GC(96) Pause Init Mark (unload classes)
[43.703s][info][gc,task     ] GC(96) Using 3 of 3 workers for init marking
[43.703s][info][gc,ergo     ] GC(96) Pacer for Mark. Expected Live: 8463K, Free: 227M, Non-Taxable: 23314K, Alloc Tax Rate: 0.0x
[43.703s][info][gc          ] GC(96) Pause Init Mark (unload classes) 0.112ms
[43.703s][info][gc,start    ] GC(96) Concurrent marking roots
[43.703s][info][gc,task     ] GC(96) Using 1 of 3 workers for concurrent marking roots
[43.703s][info][gc          ] GC(96) Concurrent marking roots 0.434ms
[43.703s][info][gc,start    ] GC(96) Concurrent marking (unload classes)
[43.703s][info][gc,task     ] GC(96) Using 1 of 3 workers for concurrent marking
[43.709s][info][gc          ] GC(96) Concurrent marking (unload classes) 5.473ms
[43.709s][info][gc,start    ] GC(96) Pause Final Mark (unload classes)
[43.709s][info][gc,task     ] GC(96) Using 3 of 3 workers for final marking
[43.709s][info][gc,ergo     ] GC(96) Adaptive CSet Selection. Target Free: 290M, Actual Free: 1845M, Max CSet: 87381K, Min Garbage: 0B
[43.709s][info][gc,ergo     ] GC(96) Collectable Garbage: 1705M (99%), Immediate: 1542M (90%), CSet: 163M (9%)
[43.709s][info][gc,ergo     ] GC(96) Pacer for Evacuation. Used CSet: 164M, Free: 1747M, Non-Taxable: 174M, Alloc Tax Rate: 1.1x
[43.709s][info][gc          ] GC(96) Pause Final Mark (unload classes) 0.225ms
[43.709s][info][gc,start    ] GC(96) Concurrent thread roots
[43.709s][info][gc,task     ] GC(96) Using 1 of 3 workers for Concurrent thread roots
[43.710s][info][gc          ] GC(96) Concurrent thread roots 0.398ms
[43.710s][info][gc,start    ] GC(96) Concurrent weak references
[43.710s][info][gc,task     ] GC(96) Using 1 of 3 workers for concurrent weak references
[43.710s][info][gc,ref      ] GC(96) Encountered references: Soft: 137, Weak: 901, Final: 3, Phantom: 116
[43.710s][info][gc,ref      ] GC(96) Discovered  references: Soft: 0, Weak: 434, Final: 1, Phantom: 95
[43.710s][info][gc,ref      ] GC(96) Enqueued    references: Soft: 0, Weak: 291, Final: 0, Phantom: 0
[43.710s][info][gc          ] GC(96) Concurrent weak references 0.163ms
[43.710s][info][gc,start    ] GC(96) Concurrent weak roots
[43.710s][info][gc,task     ] GC(96) Using 1 of 3 workers for concurrent weak root
[43.712s][info][gc          ] GC(96) Concurrent weak roots 1.917ms
[43.712s][info][gc,start    ] GC(96) Concurrent cleanup
[43.712s][info][gc          ] GC(96) Concurrent cleanup 1747M->205M(2048M) 0.102ms
[43.712s][info][gc,ergo     ] GC(96) Free: 1737M, Max: 1024K regular, 150M humongous, Frag: 92% external, 0% internal; Reserve: 102M, Max: 1024K
[43.712s][info][gc,start    ] GC(96) Concurrent class unloading
[43.712s][info][gc,task     ] GC(96) Using 1 of 3 workers for concurrent class unloading
[43.719s][info][gc          ] GC(96) Concurrent class unloading 6.889ms
[43.719s][info][gc,start    ] GC(96) Concurrent strong roots
[43.719s][info][gc,task     ] GC(96) Using 1 of 3 workers for concurrent strong root
[43.719s][info][gc          ] GC(96) Concurrent strong roots 0.096ms
[43.719s][info][gc,start    ] GC(96) Concurrent evacuation
[43.719s][info][gc,task     ] GC(96) Using 1 of 3 workers for concurrent evacuation
[43.720s][info][gc          ] GC(96) Concurrent evacuation 1.131ms
[43.720s][info][gc,start    ] GC(96) Pause Init Update Refs
[43.720s][info][gc,ergo     ] GC(96) Pacer for Update Refs. Used: 228M, Free: 1715M, Non-Taxable: 171M, Alloc Tax Rate: 1.1x
[43.720s][info][gc          ] GC(96) Pause Init Update Refs 0.046ms
[43.720s][info][gc,start    ] GC(96) Concurrent update references
[43.720s][info][gc,task     ] GC(96) Using 1 of 3 workers for concurrent reference update
[43.727s][info][gc          ] GC(96) Concurrent update references 6.492ms
[43.727s][info][gc,start    ] GC(96) Concurrent update thread roots
[43.728s][info][gc          ] GC(96) Concurrent update thread roots 1.521ms
[43.728s][info][gc,start    ] GC(96) Pause Final Update Refs
[43.728s][info][gc,task     ] GC(96) Using 3 of 3 workers for final reference update
[43.729s][info][gc          ] GC(96) Pause Final Update Refs 0.118ms
[43.729s][info][gc,start    ] GC(96) Concurrent cleanup
[43.729s][info][gc          ] GC(96) Concurrent cleanup 251M->87M(2048M) 0.049ms
[43.729s][info][gc,ergo     ] Free: 1855M, Max: 1024K regular, 1606M humongous, Frag: 14% external, 0% internal; Reserve: 103M, Max: 1024K
[43.729s][info][gc,stats    ] 
[43.729s][info][gc,stats    ] All times are wall-clock times, except per-root-class counters, that are sum over
[43.729s][info][gc,stats    ] all workers. Dividing the <total> over the root stage time estimates parallelism.
[43.729s][info][gc,stats    ] 
[43.729s][info][gc,stats    ] Concurrent Reset                   1051 us
[43.729s][info][gc,stats    ] Pause Init Mark (G)                 371 us
[43.729s][info][gc,stats    ] Pause Init Mark (N)                 121 us
[43.729s][info][gc,stats    ]   Update Region States               42 us
[43.729s][info][gc,stats    ] Concurrent Mark Roots               454 us, parallelism: 0.80x
[43.729s][info][gc,stats    ]   CMR: <total>                      365 us
[43.729s][info][gc,stats    ]   CMR: Thread Roots                 312 us, workers (us): 312, ---, ---, 
[43.729s][info][gc,stats    ]   CMR: VM Strong Roots                7 us, workers (us):   7, ---, ---, 
[43.729s][info][gc,stats    ]   CMR: CLDG Roots                    46 us, workers (us):  46, ---, ---, 
[43.729s][info][gc,stats    ] Concurrent Marking                 5518 us
[43.729s][info][gc,stats    ] Pause Final Mark (G)                359 us
[43.729s][info][gc,stats    ] Pause Final Mark (N)                234 us
[43.729s][info][gc,stats    ]   Finish Mark                        50 us
[43.729s][info][gc,stats    ]   Update Region States               42 us
[43.729s][info][gc,stats    ]   Choose Collection Set              76 us
[43.729s][info][gc,stats    ]   Rebuild Free Set                    8 us
[43.729s][info][gc,stats    ] Concurrent Thread Roots             419 us, parallelism: 0.85x
[43.729s][info][gc,stats    ]   CTR: <total>                      356 us
[43.729s][info][gc,stats    ]   CTR: Thread Roots                 356 us, workers (us): 356, ---, ---, 
[43.729s][info][gc,stats    ] Concurrent Weak References          177 us, parallelism: 0.52x
[43.729s][info][gc,stats    ]   CWRF: <total>                      92 us
[43.729s][info][gc,stats    ]   CWRF: Weak References              92 us, workers (us):  92, ---, ---, 
[43.729s][info][gc,stats    ] Concurrent Weak Roots              1947 us
[43.729s][info][gc,stats    ]   Roots                            1275 us, parallelism: 0.97x
[43.729s][info][gc,stats    ]     CWR: <total>                   1236 us
[43.729s][info][gc,stats    ]     CWR: Code Cache Roots          1121 us, workers (us): 1121, ---, ---, 
[43.729s][info][gc,stats    ]     CWR: VM Weak Roots              106 us, workers (us): 106, ---, ---, 
[43.729s][info][gc,stats    ]     CWR: CLDG Roots                   9 us, workers (us):   9, ---, ---, 
[43.729s][info][gc,stats    ]   Rendezvous                        621 us
[43.729s][info][gc,stats    ] Concurrent Cleanup                  111 us
[43.729s][info][gc,stats    ] Concurrent Class Unloading         6939 us
[43.729s][info][gc,stats    ]   Unlink Stale                     4933 us
[43.729s][info][gc,stats    ]     System Dictionary                10 us
[43.729s][info][gc,stats    ]     Weak Class Links                  0 us
[43.729s][info][gc,stats    ]     Code Roots                     4921 us
[43.729s][info][gc,stats    ]   Rendezvous                       1644 us
[43.729s][info][gc,stats    ]   Purge Unlinked                    291 us
[43.729s][info][gc,stats    ]     Code Roots                      284 us
[43.729s][info][gc,stats    ]     CLDG                              7 us
[43.729s][info][gc,stats    ]     Exception Caches                  0 us
[43.729s][info][gc,stats    ] Concurrent Strong Roots             121 us, parallelism: 0.40x
[43.729s][info][gc,stats    ]   CSR: <total>                       49 us
[43.729s][info][gc,stats    ]   CSR: VM Strong Roots                4 us, workers (us):   4, ---, ---, 
[43.729s][info][gc,stats    ]   CSR: CLDG Roots                    45 us, workers (us):  45, ---, ---, 
[43.729s][info][gc,stats    ] Concurrent Evacuation              1169 us
[43.729s][info][gc,stats    ] Pause Init Update Refs (G)          223 us
[43.729s][info][gc,stats    ] Pause Init Update Refs (N)           55 us
[43.729s][info][gc,stats    ]   Manage GCLABs                       4 us
[43.729s][info][gc,stats    ] Concurrent Update Refs             6543 us
[43.729s][info][gc,stats    ] Concurrent Update Thread Roots     1564 us
[43.729s][info][gc,stats    ] Pause Final Update Refs (G)         355 us
[43.729s][info][gc,stats    ] Pause Final Update Refs (N)         138 us
[43.729s][info][gc,stats    ]   Update Region States               52 us
[43.729s][info][gc,stats    ]   Trash Collection Set                9 us
[43.729s][info][gc,stats    ]   Rebuild Free Set                   16 us
[43.729s][info][gc,stats    ] Concurrent Cleanup                   60 us
[43.729s][info][gc,stats    ] Pacing                             2208 us
[43.729s][info][gc,stats    ] 
[43.729s][info][gc,stats    ] Allocation pacing accrued:
[43.729s][info][gc,stats    ]       1 of   457 ms (  0.2%): Query1
[43.729s][info][gc,stats    ]       1 of   457 ms (  0.1%): Query3
[43.729s][info][gc,stats    ]       0 of   457 ms (  0.1%): Query4
[43.729s][info][gc,stats    ]       0 of   457 ms (  0.1%): Query5
[43.729s][info][gc,stats    ]       2 of   457 ms (  0.5%): <total>
[43.729s][info][gc,stats    ]       0 of   457 ms (  0.0%): <average total>
[43.729s][info][gc,stats    ]       1 of   457 ms (  0.1%): <average non-zero>
[43.729s][info][gc,stats    ] 
[43.729s][info][gc,metaspace] Metaspace: 8797K(9472K)->8797K(9472K) NonClass: 7947K(8320K)->7947K(8320K) Class: 850K(1152K)->850K(1152K)
[43.729s][info][gc,ergo     ] Pacer for Idle. Initial: 41943K, Alloc Tax Rate: 1.0x
[44.177s][info][gc          ] Trigger: Free (191M) is below minimum threshold (204M)
[44.177s][info][gc,ergo     ] Free: 191M, Max: 1024K regular, 185M humongous, Frag: 0% external, 1% internal; Reserve: 103M, Max: 1024K
[44.177s][info][gc,start    ] GC(97) Concurrent reset
[44.177s][info][gc,task     ] GC(97) Using 1 of 3 workers for concurrent reset
[44.177s][info][gc,ergo     ] GC(97) Pacer for Reset. Non-Taxable: 2048M
[44.178s][info][gc          ] GC(97) Concurrent reset 0.960ms
[44.178s][info][gc,start    ] GC(97) Pause Init Mark (unload classes)
[44.178s][info][gc,task     ] GC(97) Using 3 of 3 workers for init marking
[44.178s][info][gc,ergo     ] GC(97) Pacer for Mark. Expected Live: 8467K, Free: 188M, Non-Taxable: 19268K, Alloc Tax Rate: 0.1x
[44.178s][info][gc          ] GC(97) Pause Init Mark (unload classes) 0.117ms
[44.180s][info][gc,start    ] GC(97) Concurrent marking roots
[44.180s][info][gc,task     ] GC(97) Using 1 of 3 workers for concurrent marking roots
[44.180s][info][gc          ] GC(97) Concurrent marking roots 0.409ms
[44.180s][info][gc,start    ] GC(97) Concurrent marking (unload classes)
[44.180s][info][gc,task     ] GC(97) Using 1 of 3 workers for concurrent marking
[44.186s][info][gc          ] GC(97) Concurrent marking (unload classes) 5.102ms
[44.186s][info][gc,start    ] GC(97) Pause Final Mark (unload classes)
[44.186s][info][gc,task     ] GC(97) Using 3 of 3 workers for final marking
[44.186s][info][gc,ergo     ] GC(97) Adaptive CSet Selection. Target Free: 290M, Actual Free: 1837M, Max CSet: 87381K, Min Garbage: 0B
[44.186s][info][gc,ergo     ] GC(97) Collectable Garbage: 1744M (99%), Immediate: 1577M (90%), CSet: 167M (9%)
[44.186s][info][gc,ergo     ] GC(97) Pacer for Evacuation. Used CSet: 168M, Free: 1739M, Non-Taxable: 173M, Alloc Tax Rate: 1.1x
[44.186s][info][gc          ] GC(97) Pause Final Mark (unload classes) 0.219ms
[44.186s][info][gc,start    ] GC(97) Concurrent thread roots
[44.186s][info][gc,task     ] GC(97) Using 1 of 3 workers for Concurrent thread roots
[44.186s][info][gc          ] GC(97) Concurrent thread roots 0.375ms
[44.186s][info][gc,start    ] GC(97) Concurrent weak references
[44.186s][info][gc,task     ] GC(97) Using 1 of 3 workers for concurrent weak references
[44.186s][info][gc,ref      ] GC(97) Encountered references: Soft: 137, Weak: 912, Final: 3, Phantom: 111
[44.186s][info][gc,ref      ] GC(97) Discovered  references: Soft: 0, Weak: 447, Final: 1, Phantom: 102
[44.186s][info][gc,ref      ] GC(97) Enqueued    references: Soft: 0, Weak: 311, Final: 0, Phantom: 0
[44.186s][info][gc          ] GC(97) Concurrent weak references 0.154ms
[44.186s][info][gc,start    ] GC(97) Concurrent weak roots
[44.186s][info][gc,task     ] GC(97) Using 1 of 3 workers for concurrent weak root
[44.194s][info][gc          ] GC(97) Concurrent weak roots 7.058ms
[44.194s][info][gc,start    ] GC(97) Concurrent cleanup
[44.194s][info][gc          ] GC(97) Concurrent cleanup 1806M->229M(2048M) 0.120ms
[44.194s][info][gc,ergo     ] GC(97) Free: 1713M, Max: 1024K regular, 131M humongous, Frag: 93% external, 0% internal; Reserve: 102M, Max: 1024K
[44.194s][info][gc,start    ] GC(97) Concurrent class unloading
[44.194s][info][gc,task     ] GC(97) Using 1 of 3 workers for concurrent class unloading
[44.201s][info][gc          ] GC(97) Concurrent class unloading 7.460ms
[44.201s][info][gc,start    ] GC(97) Concurrent strong roots
[44.201s][info][gc,task     ] GC(97) Using 1 of 3 workers for concurrent strong root
[44.201s][info][gc          ] GC(97) Concurrent strong roots 0.102ms
[44.201s][info][gc,start    ] GC(97) Concurrent evacuation
[44.201s][info][gc,task     ] GC(97) Using 1 of 3 workers for concurrent evacuation
[44.202s][info][gc          ] GC(97) Concurrent evacuation 1.063ms
[44.202s][info][gc,start    ] GC(97) Pause Init Update Refs
[44.203s][info][gc,ergo     ] GC(97) Pacer for Update Refs. Used: 252M, Free: 1690M, Non-Taxable: 169M, Alloc Tax Rate: 1.1x
[44.203s][info][gc          ] GC(97) Pause Init Update Refs 0.088ms
[44.204s][info][gc,start    ] GC(97) Concurrent update references
[44.204s][info][gc,task     ] GC(97) Using 1 of 3 workers for concurrent reference update
[44.212s][info][gc          ] GC(97) Concurrent update references 7.695ms
[44.212s][info][gc,start    ] GC(97) Concurrent update thread roots
[44.218s][info][gc          ] GC(97) Concurrent update thread roots 6.066ms
[44.218s][info][gc,start    ] GC(97) Pause Final Update Refs
[44.218s][info][gc,task     ] GC(97) Using 3 of 3 workers for final reference update
[44.218s][info][gc          ] GC(97) Pause Final Update Refs 0.136ms
[44.219s][info][gc,start    ] GC(97) Concurrent cleanup
[44.219s][info][gc          ] GC(97) Concurrent cleanup 298M->133M(2048M) 0.071ms
[44.219s][info][gc,ergo     ] Free: 1809M, Max: 1024K regular, 1669M humongous, Frag: 8% external, 0% internal; Reserve: 103M, Max: 1024K
[44.219s][info][gc,stats    ] 
[44.219s][info][gc,stats    ] All times are wall-clock times, except per-root-class counters, that are sum over
[44.219s][info][gc,stats    ] all workers. Dividing the <total> over the root stage time estimates parallelism.
[44.219s][info][gc,stats    ] 
[44.219s][info][gc,stats    ] Concurrent Reset                   1049 us
[44.219s][info][gc,stats    ] Pause Init Mark (G)                2003 us
[44.219s][info][gc,stats    ] Pause Init Mark (N)                 126 us
[44.219s][info][gc,stats    ]   Update Region States               41 us
[44.219s][info][gc,stats    ] Concurrent Mark Roots               424 us, parallelism: 0.77x
[44.219s][info][gc,stats    ]   CMR: <total>                      326 us
[44.219s][info][gc,stats    ]   CMR: Thread Roots                 283 us, workers (us): 283, ---, ---, 
[44.219s][info][gc,stats    ]   CMR: VM Strong Roots                5 us, workers (us):   5, ---, ---, 
[44.219s][info][gc,stats    ]   CMR: CLDG Roots                    38 us, workers (us):  38, ---, ---, 
[44.219s][info][gc,stats    ] Concurrent Marking                 5134 us
[44.219s][info][gc,stats    ] Pause Final Mark (G)                317 us
[44.219s][info][gc,stats    ] Pause Final Mark (N)                228 us
[44.219s][info][gc,stats    ]   Finish Mark                        55 us
[44.219s][info][gc,stats    ]   Update Region States               40 us
[44.219s][info][gc,stats    ]   Choose Collection Set              60 us
[44.219s][info][gc,stats    ]   Rebuild Free Set                    8 us
[44.219s][info][gc,stats    ] Concurrent Thread Roots             394 us, parallelism: 0.85x
[44.219s][info][gc,stats    ]   CTR: <total>                      334 us
[44.219s][info][gc,stats    ]   CTR: Thread Roots                 334 us, workers (us): 334, ---, ---, 
[44.219s][info][gc,stats    ] Concurrent Weak References          165 us, parallelism: 0.55x
[44.219s][info][gc,stats    ]   CWRF: <total>                      90 us
[44.219s][info][gc,stats    ]   CWRF: Weak References              90 us, workers (us):  90, ---, ---, 
[44.219s][info][gc,stats    ] Concurrent Weak Roots              7101 us
[44.219s][info][gc,stats    ]   Roots                            1273 us, parallelism: 0.97x
[44.219s][info][gc,stats    ]     CWR: <total>                   1239 us
[44.219s][info][gc,stats    ]     CWR: Code Cache Roots          1130 us, workers (us): 1130, ---, ---, 
[44.219s][info][gc,stats    ]     CWR: VM Weak Roots              100 us, workers (us): 100, ---, ---, 
[44.219s][info][gc,stats    ]     CWR: CLDG Roots                   8 us, workers (us):   8, ---, ---, 
[44.219s][info][gc,stats    ]   Rendezvous                       5764 us
[44.219s][info][gc,stats    ] Concurrent Cleanup                  131 us
[44.219s][info][gc,stats    ] Concurrent Class Unloading         7513 us
[44.219s][info][gc,stats    ]   Unlink Stale                     4905 us
[44.219s][info][gc,stats    ]     System Dictionary                 9 us
[44.219s][info][gc,stats    ]     Weak Class Links                  0 us
[44.219s][info][gc,stats    ]     Code Roots                     4894 us
[44.219s][info][gc,stats    ]   Rendezvous                       2231 us
[44.219s][info][gc,stats    ]   Purge Unlinked                    301 us
[44.219s][info][gc,stats    ]     Code Roots                      294 us
[44.219s][info][gc,stats    ]     CLDG                              7 us
[44.219s][info][gc,stats    ]     Exception Caches                  0 us
[44.219s][info][gc,stats    ] Concurrent Strong Roots             115 us, parallelism: 0.49x
[44.219s][info][gc,stats    ]   CSR: <total>                       56 us
[44.219s][info][gc,stats    ]   CSR: VM Strong Roots                5 us, workers (us):   5, ---, ---, 
[44.219s][info][gc,stats    ]   CSR: CLDG Roots                    51 us, workers (us):  51, ---, ---, 
[44.219s][info][gc,stats    ] Concurrent Evacuation              1115 us
[44.219s][info][gc,stats    ] Pause Init Update Refs (G)         1383 us
[44.219s][info][gc,stats    ] Pause Init Update Refs (N)           97 us
[44.219s][info][gc,stats    ]   Manage GCLABs                       6 us
[44.219s][info][gc,stats    ] Concurrent Update Refs             7737 us
[44.219s][info][gc,stats    ] Concurrent Update Thread Roots     6105 us
[44.219s][info][gc,stats    ] Pause Final Update Refs (G)        1225 us
[44.219s][info][gc,stats    ] Pause Final Update Refs (N)         157 us
[44.219s][info][gc,stats    ]   Update Region States               60 us
[44.219s][info][gc,stats    ]   Trash Collection Set               10 us
[44.219s][info][gc,stats    ]   Rebuild Free Set                   20 us
[44.219s][info][gc,stats    ] Concurrent Cleanup                   82 us
[44.219s][info][gc,stats    ] 
[44.219s][info][gc,stats    ] Allocation pacing accrued:
[44.219s][info][gc,stats    ]       0 of   490 ms (  0.0%): <total>
[44.220s][info][gc,stats    ]       0 of   490 ms (  0.0%): <average total>
[44.220s][info][gc,stats    ] 
[44.220s][info][gc,metaspace] Metaspace: 8797K(9472K)->8797K(9472K) NonClass: 7947K(8320K)->7947K(8320K) Class: 850K(1152K)->850K(1152K)
[44.220s][info][gc,ergo     ] Pacer for Idle. Initial: 41943K, Alloc Tax Rate: 1.0x
[44.630s][info][gc          ] Trigger: Average GC time (50.09 ms) is above the time for average allocation rate (3740 MB/s) to deplete free headroom (167M) (margin of error = 1.94)
[44.630s][info][gc,ergo     ] Free headroom: 269M (free) - 102M (spike) - 0B (penalties) = 167M
[44.630s][info][gc,ergo     ] Free: 269M, Max: 1024K regular, 132M humongous, Frag: 50% external, 0% internal; Reserve: 103M, Max: 1024K
[44.630s][info][gc,start    ] GC(98) Concurrent reset
[44.630s][info][gc,task     ] GC(98) Using 1 of 3 workers for concurrent reset
[44.630s][info][gc,ergo     ] GC(98) Pacer for Reset. Non-Taxable: 2048M
[44.631s][info][gc          ] GC(98) Concurrent reset 0.943ms
[44.631s][info][gc,start    ] GC(98) Pause Init Mark (unload classes)
[44.631s][info][gc,task     ] GC(98) Using 3 of 3 workers for init marking
[44.631s][info][gc,ergo     ] GC(98) Pacer for Mark. Expected Live: 8447K, Free: 265M, Non-Taxable: 27205K, Alloc Tax Rate: 0.0x
[44.631s][info][gc          ] GC(98) Pause Init Mark (unload classes) 0.155ms
[44.631s][info][gc,start    ] GC(98) Concurrent marking roots
[44.631s][info][gc,task     ] GC(98) Using 1 of 3 workers for concurrent marking roots
[44.632s][info][gc          ] GC(98) Concurrent marking roots 0.414ms
[44.632s][info][gc,start    ] GC(98) Concurrent marking (unload classes)
[44.632s][info][gc,task     ] GC(98) Using 1 of 3 workers for concurrent marking
[44.640s][info][gc          ] GC(98) Concurrent marking (unload classes) 8.544ms
[44.640s][info][gc,start    ] GC(98) Pause Final Mark (unload classes)
[44.640s][info][gc,task     ] GC(98) Using 3 of 3 workers for final marking
[44.640s][info][gc,ergo     ] GC(98) Adaptive CSet Selection. Target Free: 290M, Actual Free: 1841M, Max CSet: 87381K, Min Garbage: 0B
[44.640s][info][gc,ergo     ] GC(98) Collectable Garbage: 1667M (99%), Immediate: 1510M (90%), CSet: 157M (9%)
[44.640s][info][gc,ergo     ] GC(98) Pacer for Evacuation. Used CSet: 158M, Free: 1743M, Non-Taxable: 174M, Alloc Tax Rate: 1.1x
[44.640s][info][gc          ] GC(98) Pause Final Mark (unload classes) 0.218ms
[44.641s][info][gc,start    ] GC(98) Concurrent thread roots
[44.641s][info][gc,task     ] GC(98) Using 1 of 3 workers for Concurrent thread roots
[44.641s][info][gc          ] GC(98) Concurrent thread roots 0.419ms
[44.641s][info][gc,start    ] GC(98) Concurrent weak references
[44.641s][info][gc,task     ] GC(98) Using 1 of 3 workers for concurrent weak references
[44.641s][info][gc,ref      ] GC(98) Encountered references: Soft: 137, Weak: 899, Final: 3, Phantom: 124
[44.641s][info][gc,ref      ] GC(98) Discovered  references: Soft: 0, Weak: 432, Final: 1, Phantom: 109
[44.641s][info][gc,ref      ] GC(98) Enqueued    references: Soft: 0, Weak: 290, Final: 0, Phantom: 0
[44.641s][info][gc          ] GC(98) Concurrent weak references 0.179ms
[44.641s][info][gc,start    ] GC(98) Concurrent weak roots
[44.641s][info][gc,task     ] GC(98) Using 1 of 3 workers for concurrent weak root
[44.647s][info][gc          ] GC(98) Concurrent weak roots 5.467ms
[44.647s][info][gc,start    ] GC(98) Concurrent cleanup
[44.647s][info][gc          ] GC(98) Concurrent cleanup 1731M->222M(2048M) 0.109ms
[44.647s][info][gc,ergo     ] GC(98) Free: 1720M, Max: 1024K regular, 133M humongous, Frag: 93% external, 0% internal; Reserve: 102M, Max: 1024K
[44.647s][info][gc,start    ] GC(98) Concurrent class unloading
[44.647s][info][gc,task     ] GC(98) Using 1 of 3 workers for concurrent class unloading
[44.653s][info][gc          ] GC(98) Concurrent class unloading 6.238ms
[44.653s][info][gc,start    ] GC(98) Concurrent strong roots
[44.653s][info][gc,task     ] GC(98) Using 1 of 3 workers for concurrent strong root
[44.653s][info][gc          ] GC(98) Concurrent strong roots 0.082ms
[44.653s][info][gc,start    ] GC(98) Concurrent evacuation
[44.653s][info][gc,task     ] GC(98) Using 1 of 3 workers for concurrent evacuation
[44.654s][info][gc          ] GC(98) Concurrent evacuation 1.013ms
[44.654s][info][gc,start    ] GC(98) Pause Init Update Refs
[44.654s][info][gc,ergo     ] GC(98) Pacer for Update Refs. Used: 243M, Free: 1700M, Non-Taxable: 170M, Alloc Tax Rate: 1.1x
[44.654s][info][gc          ] GC(98) Pause Init Update Refs 0.047ms
[44.654s][info][gc,start    ] GC(98) Concurrent update references
[44.655s][info][gc,task     ] GC(98) Using 1 of 3 workers for concurrent reference update
[44.664s][info][gc          ] GC(98) Concurrent update references 9.362ms
[44.664s][info][gc,start    ] GC(98) Concurrent update thread roots
[44.664s][info][gc          ] GC(98) Concurrent update thread roots 0.586ms
[44.665s][info][gc,start    ] GC(98) Pause Final Update Refs
[44.665s][info][gc,task     ] GC(98) Using 3 of 3 workers for final reference update
[44.665s][info][gc          ] GC(98) Pause Final Update Refs 0.119ms
[44.666s][info][gc,start    ] GC(98) Concurrent cleanup
[44.666s][info][gc          ] GC(98) Concurrent cleanup 272M->119M(2048M) 0.047ms
[44.666s][info][gc,ergo     ] Free: 1823M, Max: 1024K regular, 1561M humongous, Frag: 15% external, 0% internal; Reserve: 103M, Max: 1024K
[44.666s][info][gc,stats    ] 
[44.666s][info][gc,stats    ] All times are wall-clock times, except per-root-class counters, that are sum over
[44.666s][info][gc,stats    ] all workers. Dividing the <total> over the root stage time estimates parallelism.
[44.666s][info][gc,stats    ] 
[44.666s][info][gc,stats    ] Concurrent Reset                   1017 us
[44.666s][info][gc,stats    ] Pause Init Mark (G)                 376 us
[44.666s][info][gc,stats    ] Pause Init Mark (N)                 165 us
[44.666s][info][gc,stats    ]   Update Region States               75 us
[44.666s][info][gc,stats    ] Concurrent Mark Roots               435 us, parallelism: 0.81x
[44.666s][info][gc,stats    ]   CMR: <total>                      352 us
[44.666s][info][gc,stats    ]   CMR: Thread Roots                 306 us, workers (us): 306, ---, ---, 
[44.666s][info][gc,stats    ]   CMR: VM Strong Roots                6 us, workers (us):   6, ---, ---, 
[44.666s][info][gc,stats    ]   CMR: CLDG Roots                    40 us, workers (us):  40, ---, ---, 
[44.666s][info][gc,stats    ] Concurrent Marking                 8578 us
[44.666s][info][gc,stats    ] Pause Final Mark (G)                340 us
[44.666s][info][gc,stats    ] Pause Final Mark (N)                227 us
[44.666s][info][gc,stats    ]   Finish Mark                        55 us
[44.666s][info][gc,stats    ]   Update Region States               36 us
[44.666s][info][gc,stats    ]   Choose Collection Set              66 us
[44.666s][info][gc,stats    ]   Rebuild Free Set                    8 us
[44.666s][info][gc,stats    ] Concurrent Thread Roots             438 us, parallelism: 0.84x
[44.666s][info][gc,stats    ]   CTR: <total>                      367 us
[44.666s][info][gc,stats    ]   CTR: Thread Roots                 367 us, workers (us): 367, ---, ---, 
[44.666s][info][gc,stats    ] Concurrent Weak References          187 us, parallelism: 0.58x
[44.666s][info][gc,stats    ]   CWRF: <total>                     109 us
[44.666s][info][gc,stats    ]   CWRF: Weak References             109 us, workers (us): 109, ---, ---, 
[44.666s][info][gc,stats    ] Concurrent Weak Roots              5507 us
[44.666s][info][gc,stats    ]   Roots                            1341 us, parallelism: 0.97x
[44.667s][info][gc,stats    ]     CWR: <total>                   1294 us
[44.667s][info][gc,stats    ]     CWR: Code Cache Roots          1186 us, workers (us): 1186, ---, ---, 
[44.667s][info][gc,stats    ]     CWR: VM Weak Roots              100 us, workers (us): 100, ---, ---, 
[44.667s][info][gc,stats    ]     CWR: CLDG Roots                   8 us, workers (us):   8, ---, ---, 
[44.667s][info][gc,stats    ]   Rendezvous                       4107 us
[44.667s][info][gc,stats    ] Concurrent Cleanup                  119 us
[44.667s][info][gc,stats    ] Concurrent Class Unloading         6287 us
[44.667s][info][gc,stats    ]   Unlink Stale                     5093 us
[44.667s][info][gc,stats    ]     System Dictionary                17 us
[44.667s][info][gc,stats    ]     Weak Class Links                  0 us
[44.667s][info][gc,stats    ]     Code Roots                     5074 us
[44.667s][info][gc,stats    ]   Rendezvous                        863 us
[44.667s][info][gc,stats    ]   Purge Unlinked                    260 us
[44.667s][info][gc,stats    ]     Code Roots                      253 us
[44.667s][info][gc,stats    ]     CLDG                              7 us
[44.667s][info][gc,stats    ]     Exception Caches                  0 us
[44.667s][info][gc,stats    ] Concurrent Strong Roots              93 us, parallelism: 0.41x
[44.667s][info][gc,stats    ]   CSR: <total>                       38 us
[44.667s][info][gc,stats    ]   CSR: VM Strong Roots                4 us, workers (us):   4, ---, ---, 
[44.667s][info][gc,stats    ]   CSR: CLDG Roots                    34 us, workers (us):  34, ---, ---, 
[44.667s][info][gc,stats    ] Concurrent Evacuation              1069 us
[44.667s][info][gc,stats    ] Pause Init Update Refs (G)          225 us
[44.667s][info][gc,stats    ] Pause Init Update Refs (N)           56 us
[44.667s][info][gc,stats    ]   Manage GCLABs                       3 us
[44.667s][info][gc,stats    ] Concurrent Update Refs             9407 us
[44.667s][info][gc,stats    ] Concurrent Update Thread Roots      615 us
[44.667s][info][gc,stats    ] Pause Final Update Refs (G)        1660 us
[44.667s][info][gc,stats    ] Pause Final Update Refs (N)         140 us
[44.667s][info][gc,stats    ]   Update Region States               48 us
[44.667s][info][gc,stats    ]   Trash Collection Set                8 us
[44.667s][info][gc,stats    ]   Rebuild Free Set                   16 us
[44.667s][info][gc,stats    ] Concurrent Cleanup                   59 us
[44.667s][info][gc,stats    ] 
[44.667s][info][gc,stats    ] Allocation pacing accrued:
[44.667s][info][gc,stats    ]       0 of   447 ms (  0.0%): <total>
[44.667s][info][gc,stats    ]       0 of   447 ms (  0.0%): <average total>
[44.667s][info][gc,stats    ] 
[44.667s][info][gc,metaspace] Metaspace: 8797K(9472K)->8797K(9472K) NonClass: 7947K(8320K)->7947K(8320K) Class: 850K(1152K)->850K(1152K)
[44.667s][info][gc,ergo     ] Pacer for Idle. Initial: 41943K, Alloc Tax Rate: 1.0x
[45.105s][info][gc          ] Trigger: Average GC time (46.37 ms) is above the time for average allocation rate (3638 MB/s) to deplete free headroom (114M) (margin of error = 1.96)
[45.105s][info][gc,ergo     ] Free headroom: 217M (free) - 102M (spike) - 0B (penalties) = 114M
[45.105s][info][gc,ergo     ] Free: 217M, Max: 1024K regular, 211M humongous, Frag: 0% external, 1% internal; Reserve: 103M, Max: 1024K
[45.105s][info][gc,start    ] GC(99) Concurrent reset
[45.105s][info][gc,task     ] GC(99) Using 1 of 3 workers for concurrent reset
[45.105s][info][gc,ergo     ] GC(99) Pacer for Reset. Non-Taxable: 2048M
[45.106s][info][gc          ] GC(99) Concurrent reset 0.848ms
[45.106s][info][gc,start    ] GC(99) Pause Init Mark (unload classes)
[45.106s][info][gc,task     ] GC(99) Using 3 of 3 workers for init marking
[45.106s][info][gc,ergo     ] GC(99) Pacer for Mark. Expected Live: 8449K, Free: 216M, Non-Taxable: 22136K, Alloc Tax Rate: 0.0x
[45.106s][info][gc          ] GC(99) Pause Init Mark (unload classes) 0.130ms
[45.109s][info][gc,start    ] GC(99) Concurrent marking roots
[45.109s][info][gc,task     ] GC(99) Using 1 of 3 workers for concurrent marking roots
[45.109s][info][gc          ] GC(99) Concurrent marking roots 0.472ms
[45.109s][info][gc,start    ] GC(99) Concurrent marking (unload classes)
[45.109s][info][gc,task     ] GC(99) Using 1 of 3 workers for concurrent marking
[45.122s][info][gc          ] GC(99) Concurrent marking (unload classes) 12.849ms
[45.122s][info][gc,start    ] GC(99) Pause Final Mark (unload classes)
[45.122s][info][gc,task     ] GC(99) Using 3 of 3 workers for final marking
[45.122s][info][gc,ergo     ] GC(99) Adaptive CSet Selection. Target Free: 290M, Actual Free: 1814M, Max CSet: 87381K, Min Garbage: 0B
[45.122s][info][gc,ergo     ] GC(99) Collectable Garbage: 1716M (99%), Immediate: 1553M (90%), CSet: 163M (9%)
[45.123s][info][gc,ergo     ] GC(99) Pacer for Evacuation. Used CSet: 164M, Free: 1716M, Non-Taxable: 171M, Alloc Tax Rate: 1.1x
[45.123s][info][gc          ] GC(99) Pause Final Mark (unload classes) 0.216ms
[45.123s][info][gc,start    ] GC(99) Concurrent thread roots
[45.123s][info][gc,task     ] GC(99) Using 1 of 3 workers for Concurrent thread roots
[45.123s][info][gc          ] GC(99) Concurrent thread roots 0.354ms
[45.123s][info][gc,start    ] GC(99) Concurrent weak references
[45.123s][info][gc,task     ] GC(99) Using 1 of 3 workers for concurrent weak references
[45.123s][info][gc,ref      ] GC(99) Encountered references: Soft: 137, Weak: 905, Final: 3, Phantom: 108
[45.123s][info][gc,ref      ] GC(99) Discovered  references: Soft: 0, Weak: 437, Final: 1, Phantom: 80
[45.123s][info][gc,ref      ] GC(99) Enqueued    references: Soft: 0, Weak: 297, Final: 0, Phantom: 0
[45.123s][info][gc          ] GC(99) Concurrent weak references 0.142ms
[45.123s][info][gc,start    ] GC(99) Concurrent weak roots
[45.123s][info][gc,task     ] GC(99) Using 1 of 3 workers for concurrent weak root
[45.128s][info][gc          ] GC(99) Concurrent weak roots 4.752ms
[45.128s][info][gc,start    ] GC(99) Concurrent cleanup
[45.128s][info][gc          ] GC(99) Concurrent cleanup 1800M->247M(2048M) 0.105ms
[45.128s][info][gc,ergo     ] GC(99) Free: 1695M, Max: 1024K regular, 137M humongous, Frag: 92% external, 0% internal; Reserve: 102M, Max: 1024K
[45.128s][info][gc,start    ] GC(99) Concurrent class unloading
[45.128s][info][gc,task     ] GC(99) Using 1 of 3 workers for concurrent class unloading
[45.135s][info][gc          ] GC(99) Concurrent class unloading 6.529ms
[45.135s][info][gc,start    ] GC(99) Concurrent strong roots
[45.135s][info][gc,task     ] GC(99) Using 1 of 3 workers for concurrent strong root
[45.135s][info][gc          ] GC(99) Concurrent strong roots 0.085ms
[45.135s][info][gc,start    ] GC(99) Concurrent evacuation
[45.135s][info][gc,task     ] GC(99) Using 1 of 3 workers for concurrent evacuation
[45.136s][info][gc          ] GC(99) Concurrent evacuation 1.075ms
[45.136s][info][gc,start    ] GC(99) Pause Init Update Refs
[45.136s][info][gc,ergo     ] GC(99) Pacer for Update Refs. Used: 270M, Free: 1672M, Non-Taxable: 167M, Alloc Tax Rate: 1.1x
[45.136s][info][gc          ] GC(99) Pause Init Update Refs 0.054ms
[45.137s][info][gc,start    ] GC(99) Concurrent update references
[45.137s][info][gc,task     ] GC(99) Using 1 of 3 workers for concurrent reference update
[45.151s][info][gc          ] GC(99) Concurrent update references 14.378ms
[45.151s][info][gc,start    ] GC(99) Concurrent update thread roots
[45.152s][info][gc          ] GC(99) Concurrent update thread roots 0.468ms
[45.152s][info][gc,start    ] GC(99) Pause Final Update Refs
[45.152s][info][gc,task     ] GC(99) Using 3 of 3 workers for final reference update
[45.152s][info][gc          ] GC(99) Pause Final Update Refs 0.102ms
[45.152s][info][gc,start    ] GC(99) Concurrent cleanup
[45.152s][info][gc          ] GC(99) Concurrent cleanup 311M->147M(2048M) 0.049ms
[45.152s][info][gc,ergo     ] Free: 1795M, Max: 1024K regular, 1646M humongous, Frag: 9% external, 0% internal; Reserve: 103M, Max: 1024K
[45.152s][info][gc,stats    ] 
[45.152s][info][gc,stats    ] All times are wall-clock times, except per-root-class counters, that are sum over
[45.152s][info][gc,stats    ] all workers. Dividing the <total> over the root stage time estimates parallelism.
[45.152s][info][gc,stats    ] 
[45.152s][info][gc,stats    ] Concurrent Reset                    922 us
[45.152s][info][gc,stats    ] Pause Init Mark (G)                2909 us
[45.152s][info][gc,stats    ] Pause Init Mark (N)                 140 us
[45.152s][info][gc,stats    ]   Update Region States               48 us
[45.152s][info][gc,stats    ] Concurrent Mark Roots               490 us, parallelism: 0.78x
[45.152s][info][gc,stats    ]   CMR: <total>                      382 us
[45.152s][info][gc,stats    ]   CMR: Thread Roots                 334 us, workers (us): 334, ---, ---, 
[45.152s][info][gc,stats    ]   CMR: VM Strong Roots                6 us, workers (us):   6, ---, ---, 
[45.152s][info][gc,stats    ]   CMR: CLDG Roots                    42 us, workers (us):  42, ---, ---, 
[45.152s][info][gc,stats    ] Concurrent Marking                12895 us
[45.152s][info][gc,stats    ] Pause Final Mark (G)                345 us
[45.152s][info][gc,stats    ] Pause Final Mark (N)                225 us
[45.152s][info][gc,stats    ]   Finish Mark                        49 us
[45.152s][info][gc,stats    ]   Update Region States               37 us
[45.152s][info][gc,stats    ]   Choose Collection Set              80 us
[45.152s][info][gc,stats    ]   Rebuild Free Set                    8 us
[45.152s][info][gc,stats    ] Concurrent Thread Roots             373 us, parallelism: 0.84x
[45.152s][info][gc,stats    ]   CTR: <total>                      312 us
[45.152s][info][gc,stats    ]   CTR: Thread Roots                 312 us, workers (us): 312, ---, ---, 
[45.152s][info][gc,stats    ] Concurrent Weak References          150 us, parallelism: 0.54x
[45.152s][info][gc,stats    ]   CWRF: <total>                      80 us
[45.152s][info][gc,stats    ]   CWRF: Weak References              80 us, workers (us):  80, ---, ---, 
[45.152s][info][gc,stats    ] Concurrent Weak Roots              4803 us
[45.152s][info][gc,stats    ]   Roots                            1348 us, parallelism: 0.97x
[45.152s][info][gc,stats    ]     CWR: <total>                   1307 us
[45.152s][info][gc,stats    ]     CWR: Code Cache Roots          1198 us, workers (us): 1198, ---, ---, 
[45.152s][info][gc,stats    ]     CWR: VM Weak Roots              102 us, workers (us): 102, ---, ---, 
[45.152s][info][gc,stats    ]     CWR: CLDG Roots                   7 us, workers (us):   7, ---, ---, 
[45.152s][info][gc,stats    ]   Rendezvous                       3380 us
[45.152s][info][gc,stats    ] Concurrent Cleanup                  116 us
[45.152s][info][gc,stats    ] Concurrent Class Unloading         6574 us
[45.152s][info][gc,stats    ]   Unlink Stale                     5121 us
[45.152s][info][gc,stats    ]     System Dictionary                11 us
[45.152s][info][gc,stats    ]     Weak Class Links                  0 us
[45.152s][info][gc,stats    ]     Code Roots                     5107 us
[45.152s][info][gc,stats    ]   Rendezvous                       1148 us
[45.152s][info][gc,stats    ]   Purge Unlinked                    239 us
[45.152s][info][gc,stats    ]     Code Roots                      233 us
[45.152s][info][gc,stats    ]     CLDG                              6 us
[45.152s][info][gc,stats    ]     Exception Caches                  0 us
[45.152s][info][gc,stats    ] Concurrent Strong Roots              97 us, parallelism: 0.45x
[45.152s][info][gc,stats    ]   CSR: <total>                       44 us
[45.152s][info][gc,stats    ]   CSR: VM Strong Roots                4 us, workers (us):   4, ---, ---, 
[45.152s][info][gc,stats    ]   CSR: CLDG Roots                    40 us, workers (us):  40, ---, ---, 
[45.152s][info][gc,stats    ] Concurrent Evacuation              1131 us
[45.152s][info][gc,stats    ] Pause Init Update Refs (G)          866 us
[45.152s][info][gc,stats    ] Pause Init Update Refs (N)           64 us
[45.152s][info][gc,stats    ]   Manage GCLABs                       5 us
[45.152s][info][gc,stats    ] Concurrent Update Refs            14429 us
[45.152s][info][gc,stats    ] Concurrent Update Thread Roots      493 us
[45.152s][info][gc,stats    ] Pause Final Update Refs (G)         230 us
[45.152s][info][gc,stats    ] Pause Final Update Refs (N)         122 us
[45.152s][info][gc,stats    ]   Update Region States               41 us
[45.152s][info][gc,stats    ]   Trash Collection Set                6 us
[45.152s][info][gc,stats    ]   Rebuild Free Set                   12 us
[45.152s][info][gc,stats    ] Concurrent Cleanup                   59 us
[45.152s][info][gc,stats    ] Pacing                              648 us
[45.152s][info][gc,stats    ] 
[45.152s][info][gc,stats    ] Allocation pacing accrued:
[45.152s][info][gc,stats    ]       0 of   486 ms (  0.1%): Query4
[45.152s][info][gc,stats    ]       0 of   486 ms (  0.1%): Query5
[45.152s][info][gc,stats    ]       1 of   486 ms (  0.1%): <total>
[45.152s][info][gc,stats    ]       0 of   486 ms (  0.0%): <average total>
[45.152s][info][gc,stats    ]       0 of   486 ms (  0.1%): <average non-zero>
[45.152s][info][gc,stats    ] 
[45.153s][info][gc,metaspace] Metaspace: 8797K(9472K)->8797K(9472K) NonClass: 7947K(8320K)->7947K(8320K) Class: 850K(1152K)->850K(1152K)
[45.153s][info][gc,ergo     ] Pacer for Idle. Initial: 41943K, Alloc Tax Rate: 1.0x
[45.561s][info][gc          ] Trigger: Average GC time (54.50 ms) is above the time for average allocation rate (3789 MB/s) to deplete free headroom (172M) (margin of error = 1.97)
[45.561s][info][gc,ergo     ] Free headroom: 274M (free) - 102M (spike) - 0B (penalties) = 172M
[45.561s][info][gc,ergo     ] Free: 274M, Max: 1024K regular, 138M humongous, Frag: 49% external, 0% internal; Reserve: 103M, Max: 1024K
[45.561s][info][gc,start    ] GC(100) Concurrent reset
[45.561s][info][gc,task     ] GC(100) Using 1 of 3 workers for concurrent reset
[45.561s][info][gc,ergo     ] GC(100) Pacer for Reset. Non-Taxable: 2048M
[45.562s][info][gc          ] GC(100) Concurrent reset 0.975ms
[45.562s][info][gc,start    ] GC(100) Pause Init Mark (unload classes)
[45.562s][info][gc,task     ] GC(100) Using 3 of 3 workers for init marking
[45.562s][info][gc,ergo     ] GC(100) Pacer for Mark. Expected Live: 8448K, Free: 270M, Non-Taxable: 27717K, Alloc Tax Rate: 0.0x
[45.562s][info][gc          ] GC(100) Pause Init Mark (unload classes) 0.131ms
[45.563s][info][gc,start    ] GC(100) Concurrent marking roots
[45.563s][info][gc,task     ] GC(100) Using 1 of 3 workers for concurrent marking roots
[45.564s][info][gc          ] GC(100) Concurrent marking roots 0.388ms
[45.564s][info][gc,start    ] GC(100) Concurrent marking (unload classes)
[45.564s][info][gc,task     ] GC(100) Using 1 of 3 workers for concurrent marking
[45.569s][info][gc          ] GC(100) Concurrent marking (unload classes) 5.766ms
[45.569s][info][gc,start    ] GC(100) Pause Final Mark (unload classes)
[45.569s][info][gc,task     ] GC(100) Using 3 of 3 workers for final marking
[45.570s][info][gc,ergo     ] GC(100) Adaptive CSet Selection. Target Free: 290M, Actual Free: 1847M, Max CSet: 87381K, Min Garbage: 0B
[45.570s][info][gc,ergo     ] GC(100) Collectable Garbage: 1662M (99%), Immediate: 1504M (90%), CSet: 158M (9%)
[45.570s][info][gc,ergo     ] GC(100) Pacer for Evacuation. Used CSet: 159M, Free: 1749M, Non-Taxable: 174M, Alloc Tax Rate: 1.1x
[45.570s][info][gc          ] GC(100) Pause Final Mark (unload classes) 0.224ms
[45.570s][info][gc,start    ] GC(100) Concurrent thread roots
[45.570s][info][gc,task     ] GC(100) Using 1 of 3 workers for Concurrent thread roots
[45.570s][info][gc          ] GC(100) Concurrent thread roots 0.358ms
[45.570s][info][gc,start    ] GC(100) Concurrent weak references
[45.570s][info][gc,task     ] GC(100) Using 1 of 3 workers for concurrent weak references
[45.570s][info][gc,ref      ] GC(100) Encountered references: Soft: 137, Weak: 896, Final: 3, Phantom: 111
[45.570s][info][gc,ref      ] GC(100) Discovered  references: Soft: 0, Weak: 432, Final: 1, Phantom: 101
[45.570s][info][gc,ref      ] GC(100) Enqueued    references: Soft: 0, Weak: 293, Final: 0, Phantom: 0
[45.570s][info][gc          ] GC(100) Concurrent weak references 0.147ms
[45.570s][info][gc,start    ] GC(100) Concurrent weak roots
[45.570s][info][gc,task     ] GC(100) Using 1 of 3 workers for concurrent weak root
[45.572s][info][gc          ] GC(100) Concurrent weak roots 2.075ms
[45.572s][info][gc,start    ] GC(100) Concurrent cleanup
[45.572s][info][gc          ] GC(100) Concurrent cleanup 1706M->202M(2048M) 0.099ms
[45.572s][info][gc,ergo     ] GC(100) Free: 1741M, Max: 1024K regular, 154M humongous, Frag: 92% external, 0% internal; Reserve: 102M, Max: 1024K
[45.572s][info][gc,start    ] GC(100) Concurrent class unloading
[45.572s][info][gc,task     ] GC(100) Using 1 of 3 workers for concurrent class unloading
[45.578s][info][gc          ] GC(100) Concurrent class unloading 5.475ms
[45.578s][info][gc,start    ] GC(100) Concurrent strong roots
[45.578s][info][gc,task     ] GC(100) Using 1 of 3 workers for concurrent strong root
[45.578s][info][gc          ] GC(100) Concurrent strong roots 0.084ms
[45.578s][info][gc,start    ] GC(100) Concurrent evacuation
[45.578s][info][gc,task     ] GC(100) Using 1 of 3 workers for concurrent evacuation
[45.579s][info][gc          ] GC(100) Concurrent evacuation 0.981ms
[45.579s][info][gc,start    ] GC(100) Pause Init Update Refs
[45.579s][info][gc,ergo     ] GC(100) Pacer for Update Refs. Used: 222M, Free: 1721M, Non-Taxable: 172M, Alloc Tax Rate: 1.1x
[45.579s][info][gc          ] GC(100) Pause Init Update Refs 0.046ms
[45.581s][info][gc,start    ] GC(100) Concurrent update references
[45.581s][info][gc,task     ] GC(100) Using 1 of 3 workers for concurrent reference update
[45.588s][info][gc          ] GC(100) Concurrent update references 7.450ms
[45.588s][info][gc,start    ] GC(100) Concurrent update thread roots
[45.590s][info][gc          ] GC(100) Concurrent update thread roots 1.436ms
[45.590s][info][gc,start    ] GC(100) Pause Final Update Refs
[45.590s][info][gc,task     ] GC(100) Using 3 of 3 workers for final reference update
[45.590s][info][gc          ] GC(100) Pause Final Update Refs 0.118ms
[45.590s][info][gc,start    ] GC(100) Concurrent cleanup
[45.590s][info][gc          ] GC(100) Concurrent cleanup 248M->89M(2048M) 0.039ms
[45.590s][info][gc,ergo     ] Free: 1853M, Max: 1024K regular, 1538M humongous, Frag: 17% external, 0% internal; Reserve: 103M, Max: 1024K
[45.590s][info][gc,stats    ] 
[45.590s][info][gc,stats    ] All times are wall-clock times, except per-root-class counters, that are sum over
[45.590s][info][gc,stats    ] all workers. Dividing the <total> over the root stage time estimates parallelism.
[45.590s][info][gc,stats    ] 
[45.590s][info][gc,stats    ] Concurrent Reset                   1053 us
[45.590s][info][gc,stats    ] Pause Init Mark (G)                 959 us
[45.590s][info][gc,stats    ] Pause Init Mark (N)                 141 us
[45.590s][info][gc,stats    ]   Update Region States               53 us
[45.590s][info][gc,stats    ] Concurrent Mark Roots               404 us, parallelism: 0.74x
[45.590s][info][gc,stats    ]   CMR: <total>                      300 us
[45.590s][info][gc,stats    ]   CMR: Thread Roots                 256 us, workers (us): 256, ---, ---, 
[45.590s][info][gc,stats    ]   CMR: VM Strong Roots                6 us, workers (us):   6, ---, ---, 
[45.590s][info][gc,stats    ]   CMR: CLDG Roots                    38 us, workers (us):  38, ---, ---, 
[45.590s][info][gc,stats    ] Concurrent Marking                 5818 us
[45.590s][info][gc,stats    ] Pause Final Mark (G)                349 us
[45.590s][info][gc,stats    ] Pause Final Mark (N)                233 us
[45.590s][info][gc,stats    ]   Finish Mark                        48 us
[45.590s][info][gc,stats    ]   Update Region States               38 us
[45.590s][info][gc,stats    ]   Choose Collection Set              72 us
[45.590s][info][gc,stats    ]   Rebuild Free Set                    8 us
[45.590s][info][gc,stats    ] Concurrent Thread Roots             375 us, parallelism: 0.81x
[45.590s][info][gc,stats    ]   CTR: <total>                      304 us
[45.590s][info][gc,stats    ]   CTR: Thread Roots                 304 us, workers (us): 304, ---, ---, 
[45.590s][info][gc,stats    ] Concurrent Weak References          154 us, parallelism: 0.58x
[45.590s][info][gc,stats    ]   CWRF: <total>                      89 us
[45.590s][info][gc,stats    ]   CWRF: Weak References              89 us, workers (us):  89, ---, ---, 
[45.590s][info][gc,stats    ] Concurrent Weak Roots              2114 us
[45.590s][info][gc,stats    ]   Roots                            1441 us, parallelism: 0.98x
[45.590s][info][gc,stats    ]     CWR: <total>                   1406 us
[45.590s][info][gc,stats    ]     CWR: Code Cache Roots          1297 us, workers (us): 1297, ---, ---, 
[45.590s][info][gc,stats    ]     CWR: VM Weak Roots              101 us, workers (us): 101, ---, ---, 
[45.590s][info][gc,stats    ]     CWR: CLDG Roots                   8 us, workers (us):   8, ---, ---, 
[45.590s][info][gc,stats    ]   Rendezvous                        612 us
[45.590s][info][gc,stats    ] Concurrent Cleanup                  109 us
[45.590s][info][gc,stats    ] Concurrent Class Unloading         5517 us
[45.590s][info][gc,stats    ]   Unlink Stale                     4946 us
[45.590s][info][gc,stats    ]     System Dictionary                11 us
[45.590s][info][gc,stats    ]     Weak Class Links                  0 us
[45.590s][info][gc,stats    ]     Code Roots                     4932 us
[45.590s][info][gc,stats    ]   Rendezvous                        239 us
[45.590s][info][gc,stats    ]   Purge Unlinked                    265 us
[45.590s][info][gc,stats    ]     Code Roots                      259 us
[45.590s][info][gc,stats    ]     CLDG                              6 us
[45.590s][info][gc,stats    ]     Exception Caches                  0 us
[45.590s][info][gc,stats    ] Concurrent Strong Roots              96 us, parallelism: 0.42x
[45.590s][info][gc,stats    ]   CSR: <total>                       41 us
[45.590s][info][gc,stats    ]   CSR: VM Strong Roots                3 us, workers (us):   3, ---, ---, 
[45.590s][info][gc,stats    ]   CSR: CLDG Roots                    37 us, workers (us):  37, ---, ---, 
[45.590s][info][gc,stats    ] Concurrent Evacuation              1029 us
[45.590s][info][gc,stats    ] Pause Init Update Refs (G)         1489 us
[45.590s][info][gc,stats    ] Pause Init Update Refs (N)           54 us
[45.590s][info][gc,stats    ]   Manage GCLABs                       3 us
[45.590s][info][gc,stats    ] Concurrent Update Refs             7490 us
[45.591s][info][gc,stats    ] Concurrent Update Thread Roots     1480 us
[45.591s][info][gc,stats    ] Pause Final Update Refs (G)         232 us
[45.591s][info][gc,stats    ] Pause Final Update Refs (N)         129 us
[45.591s][info][gc,stats    ]   Update Region States               51 us
[45.591s][info][gc,stats    ]   Trash Collection Set                6 us
[45.591s][info][gc,stats    ]   Rebuild Free Set                   13 us
[45.591s][info][gc,stats    ] Concurrent Cleanup                   48 us
[45.591s][info][gc,stats    ] Pacing                            29939 us
[45.591s][info][gc,stats    ] 
[45.591s][info][gc,stats    ] Allocation pacing accrued:
[45.591s][info][gc,stats    ]       6 of   438 ms (  1.4%): Query0
[45.591s][info][gc,stats    ]       5 of   438 ms (  1.1%): Query1
[45.591s][info][gc,stats    ]       5 of   438 ms (  1.1%): Query2
[45.591s][info][gc,stats    ]       4 of   438 ms (  1.0%): Query3
[45.591s][info][gc,stats    ]       5 of   438 ms (  1.2%): Query4
[45.591s][info][gc,stats    ]       4 of   438 ms (  1.0%): Query5
[45.591s][info][gc,stats    ]      30 of   438 ms (  6.8%): <total>
[45.591s][info][gc,stats    ]       2 of   438 ms (  0.4%): <average total>
[45.591s][info][gc,stats    ]       5 of   438 ms (  1.1%): <average non-zero>
[45.591s][info][gc,stats    ] 
[45.591s][info][gc,metaspace] Metaspace: 8797K(9472K)->8797K(9472K) NonClass: 7947K(8320K)->7947K(8320K) Class: 850K(1152K)->850K(1152K)
[45.591s][info][gc,ergo     ] Pacer for Idle. Initial: 41943K, Alloc Tax Rate: 1.0x
[46.020s][info][gc          ] Trigger: Average GC time (50.66 ms) is above the time for average allocation rate (3675 MB/s) to deplete free headroom (160M) (margin of error = 1.97)
[46.020s][info][gc,ergo     ] Free headroom: 262M (free) - 102M (spike) - 0B (penalties) = 160M
[46.020s][info][gc,ergo     ] Free: 262M, Max: 1024K regular, 256M humongous, Frag: 0% external, 0% internal; Reserve: 103M, Max: 1024K
[46.020s][info][gc,start    ] GC(101) Concurrent reset
[46.020s][info][gc,task     ] GC(101) Using 1 of 3 workers for concurrent reset
[46.020s][info][gc,ergo     ] GC(101) Pacer for Reset. Non-Taxable: 2048M
[46.021s][info][gc          ] GC(101) Concurrent reset 0.922ms
[46.021s][info][gc,start    ] GC(101) Pause Init Mark (unload classes)
[46.021s][info][gc,task     ] GC(101) Using 3 of 3 workers for init marking
[46.021s][info][gc,ergo     ] GC(101) Pacer for Mark. Expected Live: 8450K, Free: 261M, Non-Taxable: 26769K, Alloc Tax Rate: 0.0x
[46.021s][info][gc          ] GC(101) Pause Init Mark (unload classes) 0.118ms
[46.023s][info][gc,start    ] GC(101) Concurrent marking roots
[46.023s][info][gc,task     ] GC(101) Using 1 of 3 workers for concurrent marking roots
[46.024s][info][gc          ] GC(101) Concurrent marking roots 0.510ms
[46.024s][info][gc,start    ] GC(101) Concurrent marking (unload classes)
[46.024s][info][gc,task     ] GC(101) Using 1 of 3 workers for concurrent marking
[46.031s][info][gc          ] GC(101) Concurrent marking (unload classes) 7.436ms
[46.031s][info][gc,start    ] GC(101) Pause Final Mark (unload classes)
[46.031s][info][gc,task     ] GC(101) Using 3 of 3 workers for final marking
[46.031s][info][gc,ergo     ] GC(101) Adaptive CSet Selection. Target Free: 290M, Actual Free: 1838M, Max CSet: 87381K, Min Garbage: 0B
[46.031s][info][gc,ergo     ] GC(101) Collectable Garbage: 1671M (99%), Immediate: 1513M (90%), CSet: 158M (9%)
[46.031s][info][gc,ergo     ] GC(101) Pacer for Evacuation. Used CSet: 159M, Free: 1741M, Non-Taxable: 174M, Alloc Tax Rate: 1.1x
[46.031s][info][gc          ] GC(101) Pause Final Mark (unload classes) 0.236ms
[46.032s][info][gc,start    ] GC(101) Concurrent thread roots
[46.032s][info][gc,task     ] GC(101) Using 1 of 3 workers for Concurrent thread roots
[46.032s][info][gc          ] GC(101) Concurrent thread roots 0.354ms
[46.032s][info][gc,start    ] GC(101) Concurrent weak references
[46.032s][info][gc,task     ] GC(101) Using 1 of 3 workers for concurrent weak references
[46.032s][info][gc,ref      ] GC(101) Encountered references: Soft: 137, Weak: 894, Final: 3, Phantom: 110
[46.032s][info][gc,ref      ] GC(101) Discovered  references: Soft: 0, Weak: 432, Final: 1, Phantom: 85
[46.032s][info][gc,ref      ] GC(101) Enqueued    references: Soft: 0, Weak: 286, Final: 0, Phantom: 0
[46.032s][info][gc          ] GC(101) Concurrent weak references 0.165ms
[46.032s][info][gc,start    ] GC(101) Concurrent weak roots
[46.032s][info][gc,task     ] GC(101) Using 1 of 3 workers for concurrent weak root
[46.034s][info][gc          ] GC(101) Concurrent weak roots 2.354ms
[46.035s][info][gc,start    ] GC(101) Concurrent cleanup
[46.035s][info][gc          ] GC(101) Concurrent cleanup 1725M->213M(2048M) 0.100ms
[46.035s][info][gc,ergo     ] GC(101) Free: 1730M, Max: 1024K regular, 212M humongous, Frag: 88% external, 0% internal; Reserve: 102M, Max: 1024K
[46.035s][info][gc,start    ] GC(101) Concurrent class unloading
[46.035s][info][gc,task     ] GC(101) Using 1 of 3 workers for concurrent class unloading
[46.040s][info][gc          ] GC(101) Concurrent class unloading 5.581ms
[46.040s][info][gc,start    ] GC(101) Concurrent strong roots
[46.040s][info][gc,task     ] GC(101) Using 1 of 3 workers for concurrent strong root
[46.040s][info][gc          ] GC(101) Concurrent strong roots 0.096ms
[46.040s][info][gc,start    ] GC(101) Concurrent evacuation
[46.040s][info][gc,task     ] GC(101) Using 1 of 3 workers for concurrent evacuation
[46.041s][info][gc          ] GC(101) Concurrent evacuation 0.993ms
[46.041s][info][gc,start    ] GC(101) Pause Init Update Refs
[46.042s][info][gc,ergo     ] GC(101) Pacer for Update Refs. Used: 232M, Free: 1711M, Non-Taxable: 171M, Alloc Tax Rate: 1.1x
[46.042s][info][gc          ] GC(101) Pause Init Update Refs 0.049ms
[46.042s][info][gc,start    ] GC(101) Concurrent update references
[46.042s][info][gc,task     ] GC(101) Using 1 of 3 workers for concurrent reference update
[46.052s][info][gc          ] GC(101) Concurrent update references 9.597ms
[46.052s][info][gc,start    ] GC(101) Concurrent update thread roots
[46.053s][info][gc          ] GC(101) Concurrent update thread roots 0.686ms
[46.053s][info][gc,start    ] GC(101) Pause Final Update Refs
[46.053s][info][gc,task     ] GC(101) Using 3 of 3 workers for final reference update
[46.053s][info][gc          ] GC(101) Pause Final Update Refs 0.122ms
[46.053s][info][gc,start    ] GC(101) Concurrent cleanup
[46.053s][info][gc          ] GC(101) Concurrent cleanup 259M->101M(2048M) 0.047ms
[46.053s][info][gc,ergo     ] Free: 1841M, Max: 1024K regular, 1621M humongous, Frag: 12% external, 0% internal; Reserve: 103M, Max: 1024K
[46.053s][info][gc,stats    ] 
[46.053s][info][gc,stats    ] All times are wall-clock times, except per-root-class counters, that are sum over
[46.053s][info][gc,stats    ] all workers. Dividing the <total> over the root stage time estimates parallelism.
[46.053s][info][gc,stats    ] 
[46.053s][info][gc,stats    ] Concurrent Reset                    977 us
[46.053s][info][gc,stats    ] Pause Init Mark (G)                2075 us
[46.053s][info][gc,stats    ] Pause Init Mark (N)                 127 us
[46.053s][info][gc,stats    ]   Update Region States               46 us
[46.053s][info][gc,stats    ] Concurrent Mark Roots               531 us, parallelism: 0.78x
[46.053s][info][gc,stats    ]   CMR: <total>                      413 us
[46.053s][info][gc,stats    ]   CMR: Thread Roots                 357 us, workers (us): 357, ---, ---, 
[46.053s][info][gc,stats    ]   CMR: VM Strong Roots               14 us, workers (us):  14, ---, ---, 
[46.053s][info][gc,stats    ]   CMR: CLDG Roots                    42 us, workers (us):  42, ---, ---, 
[46.053s][info][gc,stats    ] Concurrent Marking                 7473 us
[46.053s][info][gc,stats    ] Pause Final Mark (G)                366 us
[46.053s][info][gc,stats    ] Pause Final Mark (N)                245 us
[46.053s][info][gc,stats    ]   Finish Mark                        53 us
[46.053s][info][gc,stats    ]   Update Region States               38 us
[46.053s][info][gc,stats    ]   Choose Collection Set              75 us
[46.053s][info][gc,stats    ]   Rebuild Free Set                    9 us
[46.053s][info][gc,stats    ] Concurrent Thread Roots             369 us, parallelism: 0.82x
[46.053s][info][gc,stats    ]   CTR: <total>                      304 us
[46.053s][info][gc,stats    ]   CTR: Thread Roots                 304 us, workers (us): 304, ---, ---, 
[46.053s][info][gc,stats    ] Concurrent Weak References          172 us, parallelism: 0.56x
[46.053s][info][gc,stats    ]   CWRF: <total>                      97 us
[46.053s][info][gc,stats    ]   CWRF: Weak References              97 us, workers (us):  97, ---, ---, 
[46.053s][info][gc,stats    ] Concurrent Weak Roots              2409 us
[46.053s][info][gc,stats    ]   Roots                            1498 us, parallelism: 0.98x
[46.053s][info][gc,stats    ]     CWR: <total>                   1461 us
[46.054s][info][gc,stats    ]     CWR: Code Cache Roots          1358 us, workers (us): 1358, ---, ---, 
[46.054s][info][gc,stats    ]     CWR: VM Weak Roots               96 us, workers (us):  96, ---, ---, 
[46.054s][info][gc,stats    ]     CWR: CLDG Roots                   7 us, workers (us):   7, ---, ---, 
[46.054s][info][gc,stats    ]   Rendezvous                        836 us
[46.054s][info][gc,stats    ] Concurrent Cleanup                  110 us
[46.054s][info][gc,stats    ] Concurrent Class Unloading         5625 us
[46.054s][info][gc,stats    ]   Unlink Stale                     5227 us
[46.054s][info][gc,stats    ]     System Dictionary                10 us
[46.054s][info][gc,stats    ]     Weak Class Links                  0 us
[46.054s][info][gc,stats    ]     Code Roots                     5215 us
[46.054s][info][gc,stats    ]   Rendezvous                         82 us
[46.054s][info][gc,stats    ]   Purge Unlinked                    253 us
[46.054s][info][gc,stats    ]     Code Roots                      247 us
[46.054s][info][gc,stats    ]     CLDG                              6 us
[46.054s][info][gc,stats    ]     Exception Caches                  0 us
[46.054s][info][gc,stats    ] Concurrent Strong Roots             109 us, parallelism: 0.47x
[46.054s][info][gc,stats    ]   CSR: <total>                       51 us
[46.054s][info][gc,stats    ]   CSR: VM Strong Roots                4 us, workers (us):   4, ---, ---, 
[46.054s][info][gc,stats    ]   CSR: CLDG Roots                    47 us, workers (us):  47, ---, ---, 
[46.054s][info][gc,stats    ] Concurrent Evacuation              1045 us
[46.054s][info][gc,stats    ] Pause Init Update Refs (G)         1020 us
[46.054s][info][gc,stats    ] Pause Init Update Refs (N)           58 us
[46.054s][info][gc,stats    ]   Manage GCLABs                       4 us
[46.054s][info][gc,stats    ] Concurrent Update Refs             9648 us
[46.054s][info][gc,stats    ] Concurrent Update Thread Roots      725 us
[46.054s][info][gc,stats    ] Pause Final Update Refs (G)         360 us
[46.054s][info][gc,stats    ] Pause Final Update Refs (N)         133 us
[46.054s][info][gc,stats    ]   Update Region States               53 us
[46.054s][info][gc,stats    ]   Trash Collection Set                9 us
[46.054s][info][gc,stats    ]   Rebuild Free Set                   16 us
[46.054s][info][gc,stats    ] Concurrent Cleanup                   58 us
[46.054s][info][gc,stats    ] 
[46.054s][info][gc,stats    ] Allocation pacing accrued:
[46.054s][info][gc,stats    ]       0 of   463 ms (  0.0%): <total>
[46.054s][info][gc,stats    ]       0 of   463 ms (  0.0%): <average total>
[46.054s][info][gc,stats    ] 
[46.054s][info][gc,metaspace] Metaspace: 8797K(9472K)->8797K(9472K) NonClass: 7947K(8320K)->7947K(8320K) Class: 850K(1152K)->850K(1152K)
[46.054s][info][gc,ergo     ] Pacer for Idle. Initial: 41943K, Alloc Tax Rate: 1.0x
[46.491s][info][gc          ] Trigger: Average GC time (45.28 ms) is above the time for average allocation rate (3758 MB/s) to deplete free headroom (122M) (margin of error = 1.97)
[46.491s][info][gc,ergo     ] Free headroom: 225M (free) - 102M (spike) - 0B (penalties) = 122M
[46.491s][info][gc,ergo     ] Free: 225M, Max: 1024K regular, 211M humongous, Frag: 4% external, 1% internal; Reserve: 103M, Max: 1024K
[46.491s][info][gc,start    ] GC(102) Concurrent reset
[46.491s][info][gc,task     ] GC(102) Using 1 of 3 workers for concurrent reset
[46.491s][info][gc,ergo     ] GC(102) Pacer for Reset. Non-Taxable: 2048M
[46.492s][info][gc          ] GC(102) Concurrent reset 0.969ms
[46.492s][info][gc,start    ] GC(102) Pause Init Mark (unload classes)
[46.492s][info][gc,task     ] GC(102) Using 3 of 3 workers for init marking
[46.492s][info][gc,ergo     ] GC(102) Pacer for Mark. Expected Live: 8443K, Free: 221M, Non-Taxable: 22648K, Alloc Tax Rate: 0.0x
[46.492s][info][gc          ] GC(102) Pause Init Mark (unload classes) 0.116ms
[46.493s][info][gc,start    ] GC(102) Concurrent marking roots
[46.493s][info][gc,task     ] GC(102) Using 1 of 3 workers for concurrent marking roots
[46.494s][info][gc          ] GC(102) Concurrent marking roots 0.410ms
[46.494s][info][gc,start    ] GC(102) Concurrent marking (unload classes)
[46.494s][info][gc,task     ] GC(102) Using 1 of 3 workers for concurrent marking
[46.500s][info][gc          ] GC(102) Concurrent marking (unload classes) 6.603ms
[46.500s][info][gc,start    ] GC(102) Pause Final Mark (unload classes)
[46.501s][info][gc,task     ] GC(102) Using 3 of 3 workers for final marking
[46.501s][info][gc,ergo     ] GC(102) Adaptive CSet Selection. Target Free: 290M, Actual Free: 1840M, Max CSet: 87381K, Min Garbage: 0B
[46.501s][info][gc,ergo     ] GC(102) Collectable Garbage: 1711M (99%), Immediate: 1547M (90%), CSet: 164M (9%)
[46.501s][info][gc,ergo     ] GC(102) Pacer for Evacuation. Used CSet: 165M, Free: 1743M, Non-Taxable: 174M, Alloc Tax Rate: 1.1x
[46.501s][info][gc          ] GC(102) Pause Final Mark (unload classes) 0.230ms
[46.501s][info][gc,start    ] GC(102) Concurrent thread roots
[46.501s][info][gc,task     ] GC(102) Using 1 of 3 workers for Concurrent thread roots
[46.501s][info][gc          ] GC(102) Concurrent thread roots 0.417ms
[46.501s][info][gc,start    ] GC(102) Concurrent weak references
[46.501s][info][gc,task     ] GC(102) Using 1 of 3 workers for concurrent weak references
[46.501s][info][gc,ref      ] GC(102) Encountered references: Soft: 137, Weak: 903, Final: 3, Phantom: 108
[46.501s][info][gc,ref      ] GC(102) Discovered  references: Soft: 0, Weak: 434, Final: 1, Phantom: 86
[46.501s][info][gc,ref      ] GC(102) Enqueued    references: Soft: 0, Weak: 300, Final: 0, Phantom: 0
[46.501s][info][gc          ] GC(102) Concurrent weak references 0.155ms
[46.501s][info][gc,start    ] GC(102) Concurrent weak roots
[46.501s][info][gc,task     ] GC(102) Using 1 of 3 workers for concurrent weak root
[46.504s][info][gc          ] GC(102) Concurrent weak roots 2.223ms
[46.504s][info][gc,start    ] GC(102) Concurrent cleanup
[46.504s][info][gc          ] GC(102) Concurrent cleanup 1757M->210M(2048M) 0.102ms
[46.504s][info][gc,ergo     ] GC(102) Free: 1732M, Max: 1024K regular, 179M humongous, Frag: 90% external, 0% internal; Reserve: 102M, Max: 1024K
[46.504s][info][gc,start    ] GC(102) Concurrent class unloading
[46.504s][info][gc,task     ] GC(102) Using 1 of 3 workers for concurrent class unloading
[46.510s][info][gc          ] GC(102) Concurrent class unloading 6.118ms
[46.510s][info][gc,start    ] GC(102) Concurrent strong roots
[46.510s][info][gc,task     ] GC(102) Using 1 of 3 workers for concurrent strong root
[46.510s][info][gc          ] GC(102) Concurrent strong roots 0.077ms
[46.510s][info][gc,start    ] GC(102) Concurrent evacuation
[46.510s][info][gc,task     ] GC(102) Using 1 of 3 workers for concurrent evacuation
[46.511s][info][gc          ] GC(102) Concurrent evacuation 1.039ms
[46.511s][info][gc,start    ] GC(102) Pause Init Update Refs
[46.511s][info][gc,ergo     ] GC(102) Pacer for Update Refs. Used: 232M, Free: 1710M, Non-Taxable: 171M, Alloc Tax Rate: 1.1x
[46.511s][info][gc          ] GC(102) Pause Init Update Refs 0.053ms
[46.511s][info][gc,start    ] GC(102) Concurrent update references
[46.511s][info][gc,task     ] GC(102) Using 1 of 3 workers for concurrent reference update
[46.519s][info][gc          ] GC(102) Concurrent update references 7.883ms
[46.519s][info][gc,start    ] GC(102) Concurrent update thread roots
[46.520s][info][gc          ] GC(102) Concurrent update thread roots 0.468ms
[46.520s][info][gc,start    ] GC(102) Pause Final Update Refs
[46.520s][info][gc,task     ] GC(102) Using 3 of 3 workers for final reference update
[46.520s][info][gc          ] GC(102) Pause Final Update Refs 0.109ms
[46.520s][info][gc,start    ] GC(102) Concurrent cleanup
[46.520s][info][gc          ] GC(102) Concurrent cleanup 254M->89M(2048M) 0.041ms
[46.520s][info][gc,ergo     ] Free: 1853M, Max: 1024K regular, 1619M humongous, Frag: 13% external, 0% internal; Reserve: 103M, Max: 1024K
[46.520s][info][gc,stats    ] 
[46.520s][info][gc,stats    ] All times are wall-clock times, except per-root-class counters, that are sum over
[46.520s][info][gc,stats    ] all workers. Dividing the <total> over the root stage time estimates parallelism.
[46.520s][info][gc,stats    ] 
[46.520s][info][gc,stats    ] Concurrent Reset                   1035 us
[46.520s][info][gc,stats    ] Pause Init Mark (G)                1322 us
[46.520s][info][gc,stats    ] Pause Init Mark (N)                 126 us
[46.520s][info][gc,stats    ]   Update Region States               43 us
[46.520s][info][gc,stats    ] Concurrent Mark Roots               430 us, parallelism: 0.77x
[46.520s][info][gc,stats    ]   CMR: <total>                      329 us
[46.520s][info][gc,stats    ]   CMR: Thread Roots                 281 us, workers (us): 281, ---, ---, 
[46.520s][info][gc,stats    ]   CMR: VM Strong Roots                7 us, workers (us):   7, ---, ---, 
[46.520s][info][gc,stats    ]   CMR: CLDG Roots                    41 us, workers (us):  41, ---, ---, 
[46.520s][info][gc,stats    ] Concurrent Marking                 6638 us
[46.520s][info][gc,stats    ] Pause Final Mark (G)                364 us
[46.520s][info][gc,stats    ] Pause Final Mark (N)                239 us
[46.520s][info][gc,stats    ]   Finish Mark                        49 us
[46.520s][info][gc,stats    ]   Update Region States               37 us
[46.520s][info][gc,stats    ]   Choose Collection Set              72 us
[46.520s][info][gc,stats    ]   Rebuild Free Set                    8 us
[46.520s][info][gc,stats    ] Concurrent Thread Roots             441 us, parallelism: 0.82x
[46.520s][info][gc,stats    ]   CTR: <total>                      361 us
[46.520s][info][gc,stats    ]   CTR: Thread Roots                 361 us, workers (us): 361, ---, ---, 
[46.520s][info][gc,stats    ] Concurrent Weak References          162 us, parallelism: 0.54x
[46.520s][info][gc,stats    ]   CWRF: <total>                      89 us
[46.521s][info][gc,stats    ]   CWRF: Weak References              89 us, workers (us):  89, ---, ---, 
[46.521s][info][gc,stats    ] Concurrent Weak Roots              2266 us
[46.521s][info][gc,stats    ]   Roots                            1340 us, parallelism: 0.97x
[46.521s][info][gc,stats    ]     CWR: <total>                   1305 us
[46.521s][info][gc,stats    ]     CWR: Code Cache Roots          1200 us, workers (us): 1200, ---, ---, 
[46.521s][info][gc,stats    ]     CWR: VM Weak Roots               96 us, workers (us):  96, ---, ---, 
[46.521s][info][gc,stats    ]     CWR: CLDG Roots                   8 us, workers (us):   8, ---, ---, 
[46.521s][info][gc,stats    ]   Rendezvous                        864 us
[46.521s][info][gc,stats    ] Concurrent Cleanup                  112 us
[46.521s][info][gc,stats    ] Concurrent Class Unloading         6153 us
[46.521s][info][gc,stats    ]   Unlink Stale                     5077 us
[46.521s][info][gc,stats    ]     System Dictionary                 9 us
[46.521s][info][gc,stats    ]     Weak Class Links                  0 us
[46.521s][info][gc,stats    ]     Code Roots                     5066 us
[46.521s][info][gc,stats    ]   Rendezvous                        720 us
[46.521s][info][gc,stats    ]   Purge Unlinked                    300 us
[46.521s][info][gc,stats    ]     Code Roots                      294 us
[46.521s][info][gc,stats    ]     CLDG                              6 us
[46.521s][info][gc,stats    ]     Exception Caches                  0 us
[46.521s][info][gc,stats    ] Concurrent Strong Roots              89 us, parallelism: 0.43x
[46.521s][info][gc,stats    ]   CSR: <total>                       38 us
[46.521s][info][gc,stats    ]   CSR: VM Strong Roots                3 us, workers (us):   3, ---, ---, 
[46.521s][info][gc,stats    ]   CSR: CLDG Roots                    35 us, workers (us):  35, ---, ---, 
[46.521s][info][gc,stats    ] Concurrent Evacuation              1096 us
[46.521s][info][gc,stats    ] Pause Init Update Refs (G)          255 us
[46.521s][info][gc,stats    ] Pause Init Update Refs (N)           62 us
[46.521s][info][gc,stats    ]   Manage GCLABs                       3 us
[46.521s][info][gc,stats    ] Concurrent Update Refs             7943 us
[46.521s][info][gc,stats    ] Concurrent Update Thread Roots      494 us
[46.521s][info][gc,stats    ] Pause Final Update Refs (G)         419 us
[46.521s][info][gc,stats    ] Pause Final Update Refs (N)         128 us
[46.521s][info][gc,stats    ]   Update Region States               43 us
[46.521s][info][gc,stats    ]   Trash Collection Set                9 us
[46.521s][info][gc,stats    ]   Rebuild Free Set                   15 us
[46.521s][info][gc,stats    ] Concurrent Cleanup                   51 us
[46.521s][info][gc,stats    ] Pacing                            15776 us
[46.521s][info][gc,stats    ] 
[46.521s][info][gc,stats    ] Allocation pacing accrued:
[46.521s][info][gc,stats    ]       3 of   467 ms (  0.7%): Query0
[46.521s][info][gc,stats    ]       2 of   467 ms (  0.5%): Query1
[46.521s][info][gc,stats    ]       2 of   467 ms (  0.4%): Query2
[46.521s][info][gc,stats    ]       3 of   467 ms (  0.7%): Query3
[46.521s][info][gc,stats    ]       3 of   467 ms (  0.6%): Query4
[46.521s][info][gc,stats    ]       2 of   467 ms (  0.5%): Query5
[46.521s][info][gc,stats    ]      16 of   467 ms (  3.4%): <total>
[46.521s][info][gc,stats    ]       1 of   467 ms (  0.2%): <average total>
[46.521s][info][gc,stats    ]       3 of   467 ms (  0.6%): <average non-zero>
[46.521s][info][gc,stats    ] 
[46.521s][info][gc,metaspace] Metaspace: 8797K(9472K)->8797K(9472K) NonClass: 7947K(8320K)->7947K(8320K) Class: 850K(1152K)->850K(1152K)
[46.521s][info][gc,ergo     ] Pacer for Idle. Initial: 41943K, Alloc Tax Rate: 1.0x
[46.973s][info][gc          ] Trigger: Average GC time (40.92 ms) is above the time for average allocation rate (3698 MB/s) to deplete free headroom (115M) (margin of error = 1.97)
[46.973s][info][gc,ergo     ] Free headroom: 217M (free) - 102M (spike) - 0B (penalties) = 115M
[46.973s][info][gc,ergo     ] Free: 216M, Max: 1024K regular, 180M humongous, Frag: 15% external, 1% internal; Reserve: 103M, Max: 1024K
[46.973s][info][gc,start    ] GC(103) Concurrent reset
[46.973s][info][gc,task     ] GC(103) Using 1 of 3 workers for concurrent reset
[46.973s][info][gc,ergo     ] GC(103) Pacer for Reset. Non-Taxable: 2048M
[46.974s][info][gc          ] GC(103) Concurrent reset 0.868ms
[46.974s][info][gc,start    ] GC(103) Pause Init Mark (unload classes)
[46.974s][info][gc,task     ] GC(103) Using 3 of 3 workers for init marking
[46.974s][info][gc,ergo     ] GC(103) Pacer for Mark. Expected Live: 8455K, Free: 214M, Non-Taxable: 21963K, Alloc Tax Rate: 0.0x
[46.974s][info][gc          ] GC(103) Pause Init Mark (unload classes) 0.133ms
[46.981s][info][gc,start    ] GC(103) Concurrent marking roots
[46.981s][info][gc,task     ] GC(103) Using 1 of 3 workers for concurrent marking roots
[46.981s][info][gc          ] GC(103) Concurrent marking roots 0.509ms
[46.981s][info][gc,start    ] GC(103) Concurrent marking (unload classes)
[46.981s][info][gc,task     ] GC(103) Using 1 of 3 workers for concurrent marking
[46.986s][info][gc          ] GC(103) Concurrent marking (unload classes) 4.944ms
[46.986s][info][gc,start    ] GC(103) Pause Final Mark (unload classes)
[46.986s][info][gc,task     ] GC(103) Using 3 of 3 workers for final marking
[46.987s][info][gc,ergo     ] GC(103) Adaptive CSet Selection. Target Free: 290M, Actual Free: 1839M, Max CSet: 87381K, Min Garbage: 0B
[46.987s][info][gc,ergo     ] GC(103) Collectable Garbage: 1718M (99%), Immediate: 1552M (90%), CSet: 166M (9%)
[46.987s][info][gc,ergo     ] GC(103) Pacer for Evacuation. Used CSet: 166M, Free: 1742M, Non-Taxable: 174M, Alloc Tax Rate: 1.1x
[46.987s][info][gc          ] GC(103) Pause Final Mark (unload classes) 0.207ms
[46.987s][info][gc,start    ] GC(103) Concurrent thread roots
[46.987s][info][gc,task     ] GC(103) Using 1 of 3 workers for Concurrent thread roots
[46.987s][info][gc          ] GC(103) Concurrent thread roots 0.409ms
[46.987s][info][gc,start    ] GC(103) Concurrent weak references
[46.987s][info][gc,task     ] GC(103) Using 1 of 3 workers for concurrent weak references
[46.987s][info][gc,ref      ] GC(103) Encountered references: Soft: 137, Weak: 912, Final: 3, Phantom: 118
[46.987s][info][gc,ref      ] GC(103) Discovered  references: Soft: 0, Weak: 442, Final: 1, Phantom: 94
[46.987s][info][gc,ref      ] GC(103) Enqueued    references: Soft: 0, Weak: 300, Final: 0, Phantom: 0
[46.987s][info][gc          ] GC(103) Concurrent weak references 0.150ms
[46.987s][info][gc,start    ] GC(103) Concurrent weak roots
[46.987s][info][gc,task     ] GC(103) Using 1 of 3 workers for concurrent weak root
[46.988s][info][gc          ] GC(103) Concurrent weak roots 1.143ms
[46.988s][info][gc,start    ] GC(103) Concurrent cleanup
[46.988s][info][gc          ] GC(103) Concurrent cleanup 1755M->203M(2048M) 0.094ms
[46.988s][info][gc,ergo     ] GC(103) Free: 1739M, Max: 1024K regular, 185M humongous, Frag: 90% external, 0% internal; Reserve: 102M, Max: 1024K
[46.988s][info][gc,start    ] GC(103) Concurrent class unloading
[46.988s][info][gc,task     ] GC(103) Using 1 of 3 workers for concurrent class unloading
[46.994s][info][gc          ] GC(103) Concurrent class unloading 5.477ms
[46.994s][info][gc,start    ] GC(103) Concurrent strong roots
[46.994s][info][gc,task     ] GC(103) Using 1 of 3 workers for concurrent strong root
[46.994s][info][gc          ] GC(103) Concurrent strong roots 0.089ms
[46.994s][info][gc,start    ] GC(103) Concurrent evacuation
[46.994s][info][gc,task     ] GC(103) Using 1 of 3 workers for concurrent evacuation
[46.995s][info][gc          ] GC(103) Concurrent evacuation 1.018ms
[46.995s][info][gc,start    ] GC(103) Pause Init Update Refs
[46.995s][info][gc,ergo     ] GC(103) Pacer for Update Refs. Used: 225M, Free: 1718M, Non-Taxable: 171M, Alloc Tax Rate: 1.1x
[46.995s][info][gc          ] GC(103) Pause Init Update Refs 0.050ms
[46.997s][info][gc,start    ] GC(103) Concurrent update references
[46.997s][info][gc,task     ] GC(103) Using 1 of 3 workers for concurrent reference update
[47.004s][info][gc          ] GC(103) Concurrent update references 7.875ms
[47.004s][info][gc,start    ] GC(103) Concurrent update thread roots
[47.005s][info][gc          ] GC(103) Concurrent update thread roots 0.511ms
[47.005s][info][gc,start    ] GC(103) Pause Final Update Refs
[47.005s][info][gc,task     ] GC(103) Using 3 of 3 workers for final reference update
[47.005s][info][gc          ] GC(103) Pause Final Update Refs 0.115ms
[47.006s][info][gc,start    ] GC(103) Concurrent cleanup
[47.007s][info][gc          ] GC(103) Concurrent cleanup 250M->86M(2048M) 0.063ms
[47.007s][info][gc,ergo     ] Free: 1855M, Max: 1024K regular, 1635M humongous, Frag: 12% external, 0% internal; Reserve: 103M, Max: 1024K
[47.007s][info][gc,stats    ] 
[47.007s][info][gc,stats    ] All times are wall-clock times, except per-root-class counters, that are sum over
[47.007s][info][gc,stats    ] all workers. Dividing the <total> over the root stage time estimates parallelism.
[47.007s][info][gc,stats    ] 
[47.007s][info][gc,stats    ] Concurrent Reset                    914 us
[47.007s][info][gc,stats    ] Pause Init Mark (G)                6611 us
[47.007s][info][gc,stats    ] Pause Init Mark (N)                 144 us
[47.007s][info][gc,stats    ]   Update Region States               46 us
[47.007s][info][gc,stats    ] Concurrent Mark Roots               547 us, parallelism: 0.67x
[47.007s][info][gc,stats    ]   CMR: <total>                      369 us
[47.007s][info][gc,stats    ]   CMR: Thread Roots                 319 us, workers (us): 319, ---, ---, 
[47.007s][info][gc,stats    ]   CMR: VM Strong Roots                7 us, workers (us):   7, ---, ---, 
[47.007s][info][gc,stats    ]   CMR: CLDG Roots                    43 us, workers (us):  43, ---, ---, 
[47.007s][info][gc,stats    ] Concurrent Marking                 4992 us
[47.007s][info][gc,stats    ] Pause Final Mark (G)                266 us
[47.007s][info][gc,stats    ] Pause Final Mark (N)                215 us
[47.007s][info][gc,stats    ]   Finish Mark                        42 us
[47.007s][info][gc,stats    ]   Update Region States               34 us
[47.007s][info][gc,stats    ]   Choose Collection Set              68 us
[47.007s][info][gc,stats    ]   Rebuild Free Set                    8 us
[47.007s][info][gc,stats    ] Concurrent Thread Roots             419 us, parallelism: 0.85x
[47.007s][info][gc,stats    ]   CTR: <total>                      356 us
[47.007s][info][gc,stats    ]   CTR: Thread Roots                 356 us, workers (us): 356, ---, ---, 
[47.007s][info][gc,stats    ] Concurrent Weak References          157 us, parallelism: 0.57x
[47.007s][info][gc,stats    ]   CWRF: <total>                      89 us
[47.007s][info][gc,stats    ]   CWRF: Weak References              89 us, workers (us):  89, ---, ---, 
[47.007s][info][gc,stats    ] Concurrent Weak Roots              1152 us
[47.007s][info][gc,stats    ]   Roots                            1078 us, parallelism: 0.97x
[47.007s][info][gc,stats    ]     CWR: <total>                   1050 us
[47.007s][info][gc,stats    ]     CWR: Code Cache Roots           945 us, workers (us): 945, ---, ---, 
[47.007s][info][gc,stats    ]     CWR: VM Weak Roots               98 us, workers (us):  98, ---, ---, 
[47.007s][info][gc,stats    ]     CWR: CLDG Roots                   7 us, workers (us):   7, ---, ---, 
[47.007s][info][gc,stats    ]   Rendezvous                         49 us
[47.007s][info][gc,stats    ] Concurrent Cleanup                  102 us
[47.007s][info][gc,stats    ] Concurrent Class Unloading         5521 us
[47.007s][info][gc,stats    ]   Unlink Stale                     4873 us
[47.007s][info][gc,stats    ]     System Dictionary                 8 us
[47.007s][info][gc,stats    ]     Weak Class Links                  0 us
[47.007s][info][gc,stats    ]     Code Roots                     4864 us
[47.007s][info][gc,stats    ]   Rendezvous                        272 us
[47.007s][info][gc,stats    ]   Purge Unlinked                    310 us
[47.007s][info][gc,stats    ]     Code Roots                      305 us
[47.007s][info][gc,stats    ]     CLDG                              4 us
[47.007s][info][gc,stats    ]     Exception Caches                  0 us
[47.007s][info][gc,stats    ] Concurrent Strong Roots             102 us, parallelism: 0.46x
[47.007s][info][gc,stats    ]   CSR: <total>                       47 us
[47.007s][info][gc,stats    ]   CSR: VM Strong Roots                4 us, workers (us):   4, ---, ---, 
[47.007s][info][gc,stats    ]   CSR: CLDG Roots                    43 us, workers (us):  43, ---, ---, 
[47.007s][info][gc,stats    ] Concurrent Evacuation              1062 us
[47.007s][info][gc,stats    ] Pause Init Update Refs (G)         1407 us
[47.007s][info][gc,stats    ] Pause Init Update Refs (N)           59 us
[47.007s][info][gc,stats    ]   Manage GCLABs                       4 us
[47.007s][info][gc,stats    ] Concurrent Update Refs             7931 us
[47.007s][info][gc,stats    ] Concurrent Update Thread Roots      563 us
[47.007s][info][gc,stats    ] Pause Final Update Refs (G)        1452 us
[47.007s][info][gc,stats    ] Pause Final Update Refs (N)         136 us
[47.007s][info][gc,stats    ]   Update Region States               43 us
[47.007s][info][gc,stats    ]   Trash Collection Set                6 us
[47.007s][info][gc,stats    ]   Rebuild Free Set                   13 us
[47.007s][info][gc,stats    ] Concurrent Cleanup                   75 us
[47.007s][info][gc,stats    ] Pacing                            72148 us
[47.007s][info][gc,stats    ] 
[47.007s][info][gc,stats    ] Allocation pacing accrued:
[47.007s][info][gc,stats    ]      14 of   486 ms (  2.8%): Query0
[47.007s][info][gc,stats    ]       8 of   486 ms (  1.6%): Query1
[47.007s][info][gc,stats    ]      13 of   486 ms (  2.7%): Query2
[47.007s][info][gc,stats    ]      13 of   486 ms (  2.8%): Query3
[47.007s][info][gc,stats    ]      17 of   486 ms (  3.5%): Query4
[47.007s][info][gc,stats    ]       7 of   486 ms (  1.4%): Query5
[47.007s][info][gc,stats    ]      72 of   486 ms ( 14.8%): <total>
[47.007s][info][gc,stats    ]       4 of   486 ms (  0.8%): <average total>
[47.007s][info][gc,stats    ]      12 of   486 ms (  2.5%): <average non-zero>
[47.007s][info][gc,stats    ] 
[47.007s][info][gc,metaspace] Metaspace: 8797K(9472K)->8797K(9472K) NonClass: 7947K(8320K)->7947K(8320K) Class: 850K(1152K)->850K(1152K)
[47.007s][info][gc,ergo     ] Pacer for Idle. Initial: 41943K, Alloc Tax Rate: 1.0x
[47.448s][info][gc          ] Trigger: Average GC time (39.19 ms) is above the time for average allocation rate (3688 MB/s) to deplete free headroom (125M) (margin of error = 1.96)
[47.448s][info][gc,ergo     ] Free headroom: 228M (free) - 102M (spike) - 0B (penalties) = 125M
[47.448s][info][gc,ergo     ] Free: 228M, Max: 1024K regular, 212M humongous, Frag: 5% external, 1% internal; Reserve: 103M, Max: 1024K
[47.448s][info][gc,start    ] GC(104) Concurrent reset
[47.448s][info][gc,task     ] GC(104) Using 1 of 3 workers for concurrent reset
[47.448s][info][gc,ergo     ] GC(104) Pacer for Reset. Non-Taxable: 2048M
[47.449s][info][gc          ] GC(104) Concurrent reset 0.986ms
[47.449s][info][gc,start    ] GC(104) Pause Init Mark (unload classes)
[47.449s][info][gc,task     ] GC(104) Using 3 of 3 workers for init marking
[47.449s][info][gc,ergo     ] GC(104) Pacer for Mark. Expected Live: 8455K, Free: 226M, Non-Taxable: 23160K, Alloc Tax Rate: 0.0x
[47.449s][info][gc          ] GC(104) Pause Init Mark (unload classes) 0.144ms
[47.452s][info][gc,start    ] GC(104) Concurrent marking roots
[47.452s][info][gc,task     ] GC(104) Using 1 of 3 workers for concurrent marking roots
[47.453s][info][gc          ] GC(104) Concurrent marking roots 0.666ms
[47.453s][info][gc,start    ] GC(104) Concurrent marking (unload classes)
[47.453s][info][gc,task     ] GC(104) Using 1 of 3 workers for concurrent marking
[47.464s][info][gc          ] GC(104) Concurrent marking (unload classes) 10.906ms
[47.464s][info][gc,start    ] GC(104) Pause Final Mark (unload classes)
[47.464s][info][gc,task     ] GC(104) Using 3 of 3 workers for final marking
[47.464s][info][gc,ergo     ] GC(104) Adaptive CSet Selection. Target Free: 290M, Actual Free: 1832M, Max CSet: 87381K, Min Garbage: 0B
[47.464s][info][gc,ergo     ] GC(104) Collectable Garbage: 1706M (99%), Immediate: 1546M (90%), CSet: 160M (9%)
[47.464s][info][gc,ergo     ] GC(104) Pacer for Evacuation. Used CSet: 161M, Free: 1735M, Non-Taxable: 173M, Alloc Tax Rate: 1.1x
[47.464s][info][gc          ] GC(104) Pause Final Mark (unload classes) 0.200ms
[47.464s][info][gc,start    ] GC(104) Concurrent thread roots
[47.464s][info][gc,task     ] GC(104) Using 1 of 3 workers for Concurrent thread roots
[47.464s][info][gc          ] GC(104) Concurrent thread roots 0.368ms
[47.464s][info][gc,start    ] GC(104) Concurrent weak references
[47.464s][info][gc,task     ] GC(104) Using 1 of 3 workers for concurrent weak references
[47.464s][info][gc,ref      ] GC(104) Encountered references: Soft: 137, Weak: 906, Final: 3, Phantom: 117
[47.464s][info][gc,ref      ] GC(104) Discovered  references: Soft: 0, Weak: 441, Final: 1, Phantom: 95
[47.464s][info][gc,ref      ] GC(104) Enqueued    references: Soft: 0, Weak: 300, Final: 0, Phantom: 0
[47.465s][info][gc          ] GC(104) Concurrent weak references 0.172ms
[47.465s][info][gc,start    ] GC(104) Concurrent weak roots
[47.465s][info][gc,task     ] GC(104) Using 1 of 3 workers for concurrent weak root
[47.466s][info][gc          ] GC(104) Concurrent weak roots 1.858ms
[47.466s][info][gc,start    ] GC(104) Concurrent cleanup
[47.467s][info][gc          ] GC(104) Concurrent cleanup 1763M->217M(2048M) 0.108ms
[47.467s][info][gc,ergo     ] GC(104) Free: 1725M, Max: 1024K regular, 173M humongous, Frag: 90% external, 0% internal; Reserve: 102M, Max: 1024K
[47.467s][info][gc,start    ] GC(104) Concurrent class unloading
[47.467s][info][gc,task     ] GC(104) Using 1 of 3 workers for concurrent class unloading
[47.473s][info][gc          ] GC(104) Concurrent class unloading 6.135ms
[47.473s][info][gc,start    ] GC(104) Concurrent strong roots
[47.473s][info][gc,task     ] GC(104) Using 1 of 3 workers for concurrent strong root
[47.473s][info][gc          ] GC(104) Concurrent strong roots 0.081ms
[47.473s][info][gc,start    ] GC(104) Concurrent evacuation
[47.473s][info][gc,task     ] GC(104) Using 1 of 3 workers for concurrent evacuation
[47.474s][info][gc          ] GC(104) Concurrent evacuation 0.991ms
[47.474s][info][gc,start    ] GC(104) Pause Init Update Refs
[47.474s][info][gc,ergo     ] GC(104) Pacer for Update Refs. Used: 238M, Free: 1705M, Non-Taxable: 170M, Alloc Tax Rate: 1.1x
[47.474s][info][gc          ] GC(104) Pause Init Update Refs 0.038ms
[47.474s][info][gc,start    ] GC(104) Concurrent update references
[47.474s][info][gc,task     ] GC(104) Using 1 of 3 workers for concurrent reference update
[47.485s][info][gc          ] GC(104) Concurrent update references 10.947ms
[47.485s][info][gc,start    ] GC(104) Concurrent update thread roots
[47.486s][info][gc          ] GC(104) Concurrent update thread roots 0.499ms
[47.486s][info][gc,start    ] GC(104) Pause Final Update Refs
[47.486s][info][gc,task     ] GC(104) Using 3 of 3 workers for final reference update
[47.486s][info][gc          ] GC(104) Pause Final Update Refs 0.100ms
[47.486s][info][gc,start    ] GC(104) Concurrent cleanup
[47.486s][info][gc          ] GC(104) Concurrent cleanup 268M->107M(2048M) 0.038ms
[47.486s][info][gc,ergo     ] Free: 1835M, Max: 1024K regular, 1623M humongous, Frag: 12% external, 0% internal; Reserve: 103M, Max: 1024K
[47.486s][info][gc,stats    ] 
[47.486s][info][gc,stats    ] All times are wall-clock times, except per-root-class counters, that are sum over
[47.486s][info][gc,stats    ] all workers. Dividing the <total> over the root stage time estimates parallelism.
[47.486s][info][gc,stats    ] 
[47.486s][info][gc,stats    ] Concurrent Reset                   1047 us
[47.486s][info][gc,stats    ] Pause Init Mark (G)                2806 us
[47.486s][info][gc,stats    ] Pause Init Mark (N)                 155 us
[47.486s][info][gc,stats    ]   Update Region States               57 us
[47.486s][info][gc,stats    ] Concurrent Mark Roots               702 us, parallelism: 0.70x
[47.486s][info][gc,stats    ]   CMR: <total>                      493 us
[47.486s][info][gc,stats    ]   CMR: Thread Roots                 430 us, workers (us): 430, ---, ---, 
[47.486s][info][gc,stats    ]   CMR: VM Strong Roots                7 us, workers (us):   7, ---, ---, 
[47.486s][info][gc,stats    ]   CMR: CLDG Roots                    57 us, workers (us):  57, ---, ---, 
[47.486s][info][gc,stats    ] Concurrent Marking                10947 us
[47.486s][info][gc,stats    ] Pause Final Mark (G)                308 us
[47.486s][info][gc,stats    ] Pause Final Mark (N)                209 us
[47.486s][info][gc,stats    ]   Finish Mark                        36 us
[47.486s][info][gc,stats    ]   Update Region States               47 us
[47.486s][info][gc,stats    ]   Choose Collection Set              56 us
[47.486s][info][gc,stats    ]   Rebuild Free Set                    9 us
[47.486s][info][gc,stats    ] Concurrent Thread Roots             388 us, parallelism: 0.81x
[47.486s][info][gc,stats    ]   CTR: <total>                      315 us
[47.486s][info][gc,stats    ]   CTR: Thread Roots                 315 us, workers (us): 315, ---, ---, 
[47.486s][info][gc,stats    ] Concurrent Weak References          181 us, parallelism: 0.55x
[47.486s][info][gc,stats    ]   CWRF: <total>                      99 us
[47.486s][info][gc,stats    ]   CWRF: Weak References              99 us, workers (us):  99, ---, ---, 
[47.486s][info][gc,stats    ] Concurrent Weak Roots              1910 us
[47.486s][info][gc,stats    ]   Roots                            1368 us, parallelism: 0.97x
[47.486s][info][gc,stats    ]     CWR: <total>                   1325 us
[47.486s][info][gc,stats    ]     CWR: Code Cache Roots          1211 us, workers (us): 1211, ---, ---, 
[47.486s][info][gc,stats    ]     CWR: VM Weak Roots              104 us, workers (us): 104, ---, ---, 
[47.486s][info][gc,stats    ]     CWR: CLDG Roots                   9 us, workers (us):   9, ---, ---, 
[47.486s][info][gc,stats    ]   Rendezvous                        471 us
[47.486s][info][gc,stats    ] Concurrent Cleanup                  119 us
[47.486s][info][gc,stats    ] Concurrent Class Unloading         6171 us
[47.487s][info][gc,stats    ]   Unlink Stale                     4948 us
[47.487s][info][gc,stats    ]     System Dictionary                10 us
[47.487s][info][gc,stats    ]     Weak Class Links                  0 us
[47.487s][info][gc,stats    ]     Code Roots                     4936 us
[47.487s][info][gc,stats    ]   Rendezvous                        855 us
[47.487s][info][gc,stats    ]   Purge Unlinked                    307 us
[47.487s][info][gc,stats    ]     Code Roots                      300 us
[47.487s][info][gc,stats    ]     CLDG                              6 us
[47.487s][info][gc,stats    ]     Exception Caches                  0 us
[47.487s][info][gc,stats    ] Concurrent Strong Roots              92 us, parallelism: 0.45x
[47.487s][info][gc,stats    ]   CSR: <total>                       41 us
[47.487s][info][gc,stats    ]   CSR: VM Strong Roots                4 us, workers (us):   4, ---, ---, 
[47.487s][info][gc,stats    ]   CSR: CLDG Roots                    37 us, workers (us):  37, ---, ---, 
[47.487s][info][gc,stats    ] Concurrent Evacuation              1028 us
[47.487s][info][gc,stats    ] Pause Init Update Refs (G)          343 us
[47.487s][info][gc,stats    ] Pause Init Update Refs (N)           46 us
[47.487s][info][gc,stats    ]   Manage GCLABs                       3 us
[47.487s][info][gc,stats    ] Concurrent Update Refs            11005 us
[47.487s][info][gc,stats    ] Concurrent Update Thread Roots      532 us
[47.487s][info][gc,stats    ] Pause Final Update Refs (G)         395 us
[47.487s][info][gc,stats    ] Pause Final Update Refs (N)         129 us
[47.487s][info][gc,stats    ]   Update Region States               44 us
[47.487s][info][gc,stats    ]   Trash Collection Set                9 us
[47.487s][info][gc,stats    ]   Rebuild Free Set                   16 us
[47.487s][info][gc,stats    ] Concurrent Cleanup                   50 us
[47.487s][info][gc,stats    ] Pacing                            12502 us
[47.487s][info][gc,stats    ] 
[47.487s][info][gc,stats    ] Allocation pacing accrued:
[47.487s][info][gc,stats    ]       2 of   480 ms (  0.3%): Query0
[47.487s][info][gc,stats    ]       3 of   480 ms (  0.7%): Query1
[47.487s][info][gc,stats    ]       2 of   480 ms (  0.5%): Query2
[47.487s][info][gc,stats    ]       3 of   480 ms (  0.5%): Query3
[47.487s][info][gc,stats    ]       0 of   480 ms (  0.0%): Query4
[47.487s][info][gc,stats    ]       2 of   480 ms (  0.5%): Query5
[47.487s][info][gc,stats    ]      13 of   480 ms (  2.6%): <total>
[47.487s][info][gc,stats    ]       1 of   480 ms (  0.1%): <average total>
[47.487s][info][gc,stats    ]       2 of   480 ms (  0.4%): <average non-zero>
[47.487s][info][gc,stats    ] 
[47.487s][info][gc,metaspace] Metaspace: 8797K(9472K)->8798K(9472K) NonClass: 7947K(8320K)->7948K(8320K) Class: 850K(1152K)->850K(1152K)
[47.487s][info][gc,ergo     ] Pacer for Idle. Initial: 41943K, Alloc Tax Rate: 1.0x
[47.916s][info][gc          ] Trigger: Average GC time (42.52 ms) is above the time for average allocation rate (3652 MB/s) to deplete free headroom (147M) (margin of error = 1.96)
[47.916s][info][gc,ergo     ] Free headroom: 249M (free) - 102M (spike) - 0B (penalties) = 147M
[47.916s][info][gc,ergo     ] Free: 249M, Max: 1024K regular, 173M humongous, Frag: 29% external, 1% internal; Reserve: 103M, Max: 1024K
[47.916s][info][gc,start    ] GC(105) Concurrent reset
[47.916s][info][gc,task     ] GC(105) Using 1 of 3 workers for concurrent reset
[47.916s][info][gc,ergo     ] GC(105) Pacer for Reset. Non-Taxable: 2048M
[47.916s][info][gc          ] GC(105) Concurrent reset 0.838ms
[47.917s][info][gc,start    ] GC(105) Pause Init Mark (unload classes)
[47.917s][info][gc,task     ] GC(105) Using 3 of 3 workers for init marking
[47.917s][info][gc,ergo     ] GC(105) Pacer for Mark. Expected Live: 8449K, Free: 246M, Non-Taxable: 25284K, Alloc Tax Rate: 0.0x
[47.917s][info][gc          ] GC(105) Pause Init Mark (unload classes) 0.121ms
[47.917s][info][gc,start    ] GC(105) Concurrent marking roots
[47.917s][info][gc,task     ] GC(105) Using 1 of 3 workers for concurrent marking roots
[47.917s][info][gc          ] GC(105) Concurrent marking roots 0.464ms
[47.917s][info][gc,start    ] GC(105) Concurrent marking (unload classes)
[47.917s][info][gc,task     ] GC(105) Using 1 of 3 workers for concurrent marking
[47.922s][info][gc          ] GC(105) Concurrent marking (unload classes) 5.042ms
[47.923s][info][gc,start    ] GC(105) Pause Final Mark (unload classes)
[47.923s][info][gc,task     ] GC(105) Using 3 of 3 workers for final marking
[47.923s][info][gc,ergo     ] GC(105) Adaptive CSet Selection. Target Free: 290M, Actual Free: 1847M, Max CSet: 87381K, Min Garbage: 0B
[47.923s][info][gc,ergo     ] GC(105) Collectable Garbage: 1685M (99%), Immediate: 1525M (90%), CSet: 160M (9%)
[47.923s][info][gc,ergo     ] GC(105) Pacer for Evacuation. Used CSet: 161M, Free: 1750M, Non-Taxable: 175M, Alloc Tax Rate: 1.1x
[47.923s][info][gc          ] GC(105) Pause Final Mark (unload classes) 0.296ms
[47.925s][info][gc,start    ] GC(105) Concurrent thread roots
[47.925s][info][gc,task     ] GC(105) Using 1 of 3 workers for Concurrent thread roots
[47.925s][info][gc          ] GC(105) Concurrent thread roots 0.388ms
[47.925s][info][gc,start    ] GC(105) Concurrent weak references
[47.925s][info][gc,task     ] GC(105) Using 1 of 3 workers for concurrent weak references
[47.925s][info][gc,ref      ] GC(105) Encountered references: Soft: 137, Weak: 900, Final: 3, Phantom: 112
[47.925s][info][gc,ref      ] GC(105) Discovered  references: Soft: 0, Weak: 436, Final: 1, Phantom: 94
[47.925s][info][gc,ref      ] GC(105) Enqueued    references: Soft: 0, Weak: 296, Final: 0, Phantom: 0
[47.925s][info][gc          ] GC(105) Concurrent weak references 0.178ms
[47.925s][info][gc,start    ] GC(105) Concurrent weak roots
[47.925s][info][gc,task     ] GC(105) Using 1 of 3 workers for concurrent weak root
[47.927s][info][gc          ] GC(105) Concurrent weak roots 1.594ms
[47.927s][info][gc,start    ] GC(105) Concurrent cleanup
[47.927s][info][gc          ] GC(105) Concurrent cleanup 1731M->207M(2048M) 0.118ms
[47.927s][info][gc,ergo     ] GC(105) Free: 1735M, Max: 1024K regular, 175M humongous, Frag: 90% external, 0% internal; Reserve: 102M, Max: 1024K
[47.927s][info][gc,start    ] GC(105) Concurrent class unloading
[47.927s][info][gc,task     ] GC(105) Using 1 of 3 workers for concurrent class unloading
[47.933s][info][gc          ] GC(105) Concurrent class unloading 5.871ms
[47.933s][info][gc,start    ] GC(105) Concurrent strong roots
[47.933s][info][gc,task     ] GC(105) Using 1 of 3 workers for concurrent strong root
[47.933s][info][gc          ] GC(105) Concurrent strong roots 0.094ms
[47.933s][info][gc,start    ] GC(105) Concurrent evacuation
[47.933s][info][gc,task     ] GC(105) Using 1 of 3 workers for concurrent evacuation
[47.934s][info][gc          ] GC(105) Concurrent evacuation 0.957ms
[47.934s][info][gc,start    ] GC(105) Pause Init Update Refs
[47.934s][info][gc,ergo     ] GC(105) Pacer for Update Refs. Used: 229M, Free: 1714M, Non-Taxable: 171M, Alloc Tax Rate: 1.1x
[47.934s][info][gc          ] GC(105) Pause Init Update Refs 0.049ms
[47.937s][info][gc,start    ] GC(105) Concurrent update references
[47.937s][info][gc,task     ] GC(105) Using 1 of 3 workers for concurrent reference update
[47.944s][info][gc          ] GC(105) Concurrent update references 6.843ms
[47.944s][info][gc,start    ] GC(105) Concurrent update thread roots
[47.945s][info][gc          ] GC(105) Concurrent update thread roots 0.468ms
[47.945s][info][gc,start    ] GC(105) Pause Final Update Refs
[47.945s][info][gc,task     ] GC(105) Using 3 of 3 workers for final reference update
[47.945s][info][gc          ] GC(105) Pause Final Update Refs 0.083ms
[47.951s][info][gc,start    ] GC(105) Concurrent cleanup
[47.952s][info][gc          ] GC(105) Concurrent cleanup 270M->113M(2048M) 0.102ms
[47.952s][info][gc,ergo     ] Free: 1829M, Max: 1024K regular, 1571M humongous, Frag: 14% external, 0% internal; Reserve: 103M, Max: 1024K
[47.952s][info][gc,stats    ] 
[47.952s][info][gc,stats    ] All times are wall-clock times, except per-root-class counters, that are sum over
[47.952s][info][gc,stats    ] all workers. Dividing the <total> over the root stage time estimates parallelism.
[47.952s][info][gc,stats    ] 
[47.952s][info][gc,stats    ] Concurrent Reset                    916 us
[47.952s][info][gc,stats    ] Pause Init Mark (G)                 352 us
[47.952s][info][gc,stats    ] Pause Init Mark (N)                 131 us
[47.952s][info][gc,stats    ]   Update Region States               44 us
[47.952s][info][gc,stats    ] Concurrent Mark Roots               489 us, parallelism: 0.80x
[47.952s][info][gc,stats    ]   CMR: <total>                      390 us
[47.952s][info][gc,stats    ]   CMR: Thread Roots                 338 us, workers (us): 338, ---, ---, 
[47.952s][info][gc,stats    ]   CMR: VM Strong Roots                6 us, workers (us):   6, ---, ---, 
[47.952s][info][gc,stats    ]   CMR: CLDG Roots                    47 us, workers (us):  47, ---, ---, 
[47.952s][info][gc,stats    ] Concurrent Marking                 5090 us
[47.952s][info][gc,stats    ] Pause Final Mark (G)               2163 us
[47.952s][info][gc,stats    ] Pause Final Mark (N)                305 us
[47.952s][info][gc,stats    ]   Finish Mark                        40 us
[47.952s][info][gc,stats    ]   Update Region States               60 us
[47.952s][info][gc,stats    ]   Choose Collection Set              85 us
[47.952s][info][gc,stats    ]   Rebuild Free Set                    9 us
[47.952s][info][gc,stats    ] Concurrent Thread Roots             410 us, parallelism: 0.74x
[47.952s][info][gc,stats    ]   CTR: <total>                      303 us
[47.952s][info][gc,stats    ]   CTR: Thread Roots                 303 us, workers (us): 303, ---, ---, 
[47.952s][info][gc,stats    ] Concurrent Weak References          186 us, parallelism: 0.58x
[47.952s][info][gc,stats    ]   CWRF: <total>                     108 us
[47.952s][info][gc,stats    ]   CWRF: Weak References             108 us, workers (us): 108, ---, ---, 
[47.952s][info][gc,stats    ] Concurrent Weak Roots              1633 us
[47.952s][info][gc,stats    ]   Roots                            1405 us, parallelism: 0.97x
[47.952s][info][gc,stats    ]     CWR: <total>                   1369 us
[47.952s][info][gc,stats    ]     CWR: Code Cache Roots          1249 us, workers (us): 1249, ---, ---, 
[47.952s][info][gc,stats    ]     CWR: VM Weak Roots              110 us, workers (us): 110, ---, ---, 
[47.952s][info][gc,stats    ]     CWR: CLDG Roots                   9 us, workers (us):   9, ---, ---, 
[47.952s][info][gc,stats    ]   Rendezvous                        166 us
[47.952s][info][gc,stats    ] Concurrent Cleanup                  128 us
[47.952s][info][gc,stats    ] Concurrent Class Unloading         5922 us
[47.952s][info][gc,stats    ]   Unlink Stale                     5126 us
[47.952s][info][gc,stats    ]     System Dictionary                11 us
[47.952s][info][gc,stats    ]     Weak Class Links                  0 us
[47.952s][info][gc,stats    ]     Code Roots                     5114 us
[47.952s][info][gc,stats    ]   Rendezvous                        453 us
[47.952s][info][gc,stats    ]   Purge Unlinked                    271 us
[47.952s][info][gc,stats    ]     Code Roots                      265 us
[47.952s][info][gc,stats    ]     CLDG                              5 us
[47.952s][info][gc,stats    ]     Exception Caches                  0 us
[47.952s][info][gc,stats    ] Concurrent Strong Roots             112 us, parallelism: 0.40x
[47.952s][info][gc,stats    ]   CSR: <total>                       45 us
[47.952s][info][gc,stats    ]   CSR: VM Strong Roots                4 us, workers (us):   4, ---, ---, 
[47.952s][info][gc,stats    ]   CSR: CLDG Roots                    41 us, workers (us):  41, ---, ---, 
[47.952s][info][gc,stats    ] Concurrent Evacuation              1012 us
[47.952s][info][gc,stats    ] Pause Init Update Refs (G)         3115 us
[47.952s][info][gc,stats    ] Pause Init Update Refs (N)           58 us
[47.952s][info][gc,stats    ]   Manage GCLABs                       4 us
[47.952s][info][gc,stats    ] Concurrent Update Refs             6906 us
[47.952s][info][gc,stats    ] Concurrent Update Thread Roots      497 us
[47.952s][info][gc,stats    ] Pause Final Update Refs (G)        6903 us
[47.952s][info][gc,stats    ] Pause Final Update Refs (N)         113 us
[47.952s][info][gc,stats    ]   Update Region States               40 us
[47.952s][info][gc,stats    ]   Trash Collection Set                6 us
[47.952s][info][gc,stats    ]   Rebuild Free Set                   13 us
[47.952s][info][gc,stats    ] Concurrent Cleanup                  115 us
[47.952s][info][gc,stats    ] 
[47.952s][info][gc,stats    ] Allocation pacing accrued:
[47.952s][info][gc,stats    ]       0 of   465 ms (  0.0%): <total>
[47.952s][info][gc,stats    ]       0 of   465 ms (  0.0%): <average total>
[47.952s][info][gc,stats    ] 
[47.952s][info][gc,metaspace] Metaspace: 8798K(9472K)->8798K(9472K) NonClass: 7948K(8320K)->7948K(8320K) Class: 850K(1152K)->850K(1152K)
[47.952s][info][gc,ergo     ] Pacer for Idle. Initial: 41943K, Alloc Tax Rate: 1.0x
[48.519s][info][gc          ] Trigger: Explicit GC request (System.gc())
[48.519s][info][gc,ergo     ] Free: 979M, Max: 1024K regular, 721M humongous, Frag: 26% external, 0% internal; Reserve: 103M, Max: 1024K
[48.519s][info][gc,start    ] GC(106) Concurrent reset
[48.519s][info][gc,task     ] GC(106) Using 1 of 3 workers for concurrent reset
[48.519s][info][gc,ergo     ] GC(106) Pacer for Reset. Non-Taxable: 2048M
[48.520s][info][gc          ] GC(106) Concurrent reset 1.102ms
[48.520s][info][gc,start    ] GC(106) Pause Init Mark (unload classes)
[48.521s][info][gc,task     ] GC(106) Using 3 of 3 workers for init marking
[48.521s][info][gc,ref      ] GC(106) Clearing All SoftReferences
[48.521s][info][gc,ergo     ] GC(106) Pacer for Mark. Expected Live: 8438K, Free: 979M, Non-Taxable: 100326K, Alloc Tax Rate: 0.0x
[48.521s][info][gc          ] GC(106) Pause Init Mark (unload classes) 0.179ms
[48.521s][info][gc,start    ] GC(106) Concurrent marking roots
[48.521s][info][gc,task     ] GC(106) Using 1 of 3 workers for concurrent marking roots
[48.521s][info][gc          ] GC(106) Concurrent marking roots 0.607ms
[48.521s][info][gc,start    ] GC(106) Concurrent marking (unload classes)
[48.521s][info][gc,task     ] GC(106) Using 1 of 3 workers for concurrent marking
[48.525s][info][gc          ] GC(106) Concurrent marking (unload classes) 3.867ms
[48.525s][info][gc,start    ] GC(106) Pause Final Mark (unload classes)
[48.525s][info][gc,task     ] GC(106) Using 3 of 3 workers for final marking
[48.526s][info][gc,ergo     ] GC(106) Collectable Garbage: 948M (99%), Immediate: 948M (99%), CSet: 0B (0%)
[48.526s][info][gc          ] GC(106) Pause Final Mark (unload classes) 0.321ms
[48.526s][info][gc,start    ] GC(106) Concurrent weak references
[48.526s][info][gc,task     ] GC(106) Using 1 of 3 workers for concurrent weak references
[48.526s][info][gc,ref      ] GC(106) Encountered references: Soft: 137, Weak: 556, Final: 3, Phantom: 26
[48.526s][info][gc,ref      ] GC(106) Discovered  references: Soft: 91, Weak: 149, Final: 1, Phantom: 24
[48.526s][info][gc,ref      ] GC(106) Enqueued    references: Soft: 0, Weak: 0, Final: 0, Phantom: 0
[48.526s][info][gc          ] GC(106) Concurrent weak references 0.166ms
[48.526s][info][gc,start    ] GC(106) Concurrent weak roots
[48.526s][info][gc,task     ] GC(106) Using 1 of 3 workers for concurrent weak root
[48.528s][info][gc          ] GC(106) Concurrent weak roots 1.777ms
[48.528s][info][gc,start    ] GC(106) Concurrent cleanup
[48.528s][info][gc          ] GC(106) Concurrent cleanup 960M->11M(2048M) 0.123ms
[48.528s][info][gc,ergo     ] GC(106) Free: 1931M, Max: 1024K regular, 1032M humongous, Frag: 47% external, 0% internal; Reserve: 103M, Max: 1024K
[48.528s][info][gc,start    ] GC(106) Concurrent class unloading
[48.528s][info][gc,task     ] GC(106) Using 1 of 3 workers for concurrent class unloading
[48.533s][info][gc          ] GC(106) Concurrent class unloading 5.128ms
[48.533s][info][gc,start    ] GC(106) Pause Final Roots
[48.533s][info][gc          ] GC(106) Pause Final Roots 0.061ms
[48.533s][info][gc,ergo     ] Free: 1931M, Max: 1024K regular, 1032M humongous, Frag: 47% external, 0% internal; Reserve: 103M, Max: 1024K
[48.533s][info][gc,stats    ] 
[48.533s][info][gc,stats    ] All times are wall-clock times, except per-root-class counters, that are sum over
[48.533s][info][gc,stats    ] all workers. Dividing the <total> over the root stage time estimates parallelism.
[48.533s][info][gc,stats    ] 
[48.533s][info][gc,stats    ] Concurrent Reset                   1189 us
[48.533s][info][gc,stats    ] Pause Init Mark (G)                 302 us
[48.533s][info][gc,stats    ] Pause Init Mark (N)                 195 us
[48.533s][info][gc,stats    ]   Update Region States               73 us
[48.533s][info][gc,stats    ] Concurrent Mark Roots               629 us, parallelism: 0.79x
[48.533s][info][gc,stats    ]   CMR: <total>                      499 us
[48.533s][info][gc,stats    ]   CMR: Thread Roots                 432 us, workers (us): 432, ---, ---, 
[48.533s][info][gc,stats    ]   CMR: VM Strong Roots                6 us, workers (us):   6, ---, ---, 
[48.533s][info][gc,stats    ]   CMR: CLDG Roots                    61 us, workers (us):  61, ---, ---, 
[48.533s][info][gc,stats    ] Concurrent Marking                 3924 us
[48.533s][info][gc,stats    ] Pause Final Mark (G)                468 us
[48.534s][info][gc,stats    ] Pause Final Mark (N)                344 us
[48.534s][info][gc,stats    ]   Finish Mark                        97 us
[48.534s][info][gc,stats    ]   Update Region States               53 us
[48.534s][info][gc,stats    ]   Choose Collection Set              67 us
[48.534s][info][gc,stats    ]   Rebuild Free Set                   20 us
[48.534s][info][gc,stats    ] Concurrent Weak References          182 us, parallelism: 0.04x
[48.534s][info][gc,stats    ]   CWRF: <total>                       7 us
[48.534s][info][gc,stats    ]   CWRF: Weak References               7 us, workers (us):   7, ---, ---, 
[48.534s][info][gc,stats    ] Concurrent Weak Roots              1834 us
[48.534s][info][gc,stats    ]   Roots                            1694 us, parallelism: 0.72x
[48.534s][info][gc,stats    ]     CWR: <total>                   1223 us
[48.534s][info][gc,stats    ]     CWR: Code Cache Roots          1093 us, workers (us): 1093, ---, ---, 
[48.534s][info][gc,stats    ]     CWR: VM Weak Roots              124 us, workers (us): 124, ---, ---, 
[48.534s][info][gc,stats    ]     CWR: CLDG Roots                   6 us, workers (us):   6, ---, ---, 
[48.534s][info][gc,stats    ]   Rendezvous                         47 us
[48.534s][info][gc,stats    ] Concurrent Cleanup                  142 us
[48.534s][info][gc,stats    ] Concurrent Class Unloading         5210 us
[48.534s][info][gc,stats    ]   Unlink Stale                     4731 us
[48.534s][info][gc,stats    ]     System Dictionary                 8 us
[48.534s][info][gc,stats    ]     Weak Class Links                  0 us
[48.534s][info][gc,stats    ]     Code Roots                     4721 us
[48.534s][info][gc,stats    ]   Rendezvous                        131 us
[48.534s][info][gc,stats    ]   Purge Unlinked                    228 us
[48.534s][info][gc,stats    ]     Code Roots                      216 us
[48.534s][info][gc,stats    ]     CLDG                             11 us
[48.534s][info][gc,stats    ]     Exception Caches                  0 us
[48.534s][info][gc,stats    ] Pause Final Roots (G)               173 us
[48.534s][info][gc,stats    ] Pause Final Roots (N)                81 us
[48.534s][info][gc,stats    ] 
[48.534s][info][gc,stats    ] Allocation pacing accrued:
[48.534s][info][gc,stats    ]       0 of   582 ms (  0.0%): <total>
[48.534s][info][gc,stats    ]       0 of   582 ms (  0.0%): <average total>
[48.534s][info][gc,stats    ] 
[48.534s][info][gc,metaspace] Metaspace: 8798K(9472K)->8798K(9472K) NonClass: 7948K(8320K)->7948K(8320K) Class: 850K(1152K)->850K(1152K)
[48.534s][info][gc,ergo     ] Pacer for Idle. Initial: 41943K, Alloc Tax Rate: 1.0x
[48.820s][info][gc          ] Trigger: Learning 2 of 5. Free (1393M) is below initial threshold (1433M)
[48.820s][info][gc,ergo     ] Free: 1393M, Max: 1024K regular, 1032M humongous, Frag: 26% external, 0% internal; Reserve: 103M, Max: 1024K
[48.821s][info][gc,start    ] GC(107) Concurrent reset
[48.821s][info][gc,task     ] GC(107) Using 1 of 3 workers for concurrent reset
[48.821s][info][gc,ergo     ] GC(107) Pacer for Reset. Non-Taxable: 2048M
[48.821s][info][gc          ] GC(107) Concurrent reset 0.150ms
[48.821s][info][gc,start    ] GC(107) Pause Init Mark (unload classes)
[48.821s][info][gc,task     ] GC(107) Using 3 of 3 workers for init marking
[48.821s][info][gc,ergo     ] GC(107) Pacer for Mark. Expected Live: 8319K, Free: 1393M, Non-Taxable: 139M, Alloc Tax Rate: 0.0x
[48.821s][info][gc          ] GC(107) Pause Init Mark (unload classes) 0.126ms
[48.821s][info][gc,start    ] GC(107) Concurrent marking roots
[48.821s][info][gc,task     ] GC(107) Using 1 of 3 workers for concurrent marking roots
[48.822s][info][gc          ] GC(107) Concurrent marking roots 1.134ms
[48.822s][info][gc,start    ] GC(107) Concurrent marking (unload classes)
[48.822s][info][gc,task     ] GC(107) Using 1 of 3 workers for concurrent marking
[48.826s][info][gc          ] GC(107) Concurrent marking (unload classes) 4.212ms
[48.826s][info][gc,start    ] GC(107) Pause Final Mark (unload classes)
[48.826s][info][gc,task     ] GC(107) Using 3 of 3 workers for final marking
[48.827s][info][gc,ergo     ] GC(107) Adaptive CSet Selection. Target Free: 290M, Actual Free: 1965M, Max CSet: 87381K, Min Garbage: 0B
[48.827s][info][gc,ergo     ] GC(107) Collectable Garbage: 537M (99%), Immediate: 475M (88%), CSet: 63932K (11%)
[48.827s][info][gc,ergo     ] GC(107) Pacer for Evacuation. Used CSet: 64770K, Free: 1869M, Non-Taxable: 186M, Alloc Tax Rate: 1.1x
[48.827s][info][gc          ] GC(107) Pause Final Mark (unload classes) 0.319ms
[48.827s][info][gc,start    ] GC(107) Concurrent thread roots
[48.827s][info][gc,task     ] GC(107) Using 1 of 3 workers for Concurrent thread roots
[48.828s][info][gc          ] GC(107) Concurrent thread roots 0.832ms
[48.828s][info][gc,start    ] GC(107) Concurrent weak references
[48.828s][info][gc,task     ] GC(107) Using 1 of 3 workers for concurrent weak references
[48.828s][info][gc,ref      ] GC(107) Encountered references: Soft: 137, Weak: 698, Final: 3, Phantom: 124
[48.828s][info][gc,ref      ] GC(107) Discovered  references: Soft: 0, Weak: 221, Final: 1, Phantom: 109
[48.828s][info][gc,ref      ] GC(107) Enqueued    references: Soft: 0, Weak: 88, Final: 0, Phantom: 0
[48.828s][info][gc          ] GC(107) Concurrent weak references 0.176ms
[48.828s][info][gc,start    ] GC(107) Concurrent weak roots
[48.828s][info][gc,task     ] GC(107) Using 1 of 3 workers for concurrent weak root
[48.829s][info][gc          ] GC(107) Concurrent weak roots 1.098ms
[48.829s][info][gc,start    ] GC(107) Concurrent cleanup
[48.829s][info][gc          ] GC(107) Concurrent cleanup 547M->72M(2048M) 0.046ms
[48.829s][info][gc,ergo     ] GC(107) Free: 1869M, Max: 1024K regular, 1388M humongous, Frag: 26% external, 0% internal; Reserve: 102M, Max: 1024K
[48.829s][info][gc,start    ] GC(107) Concurrent class unloading
[48.829s][info][gc,task     ] GC(107) Using 1 of 3 workers for concurrent class unloading
[48.833s][info][gc          ] GC(107) Concurrent class unloading 4.468ms
[48.833s][info][gc,start    ] GC(107) Concurrent strong roots
[48.833s][info][gc,task     ] GC(107) Using 1 of 3 workers for concurrent strong root
[48.833s][info][gc          ] GC(107) Concurrent strong roots 0.097ms
[48.834s][info][gc,start    ] GC(107) Concurrent evacuation
[48.834s][info][gc,task     ] GC(107) Using 1 of 3 workers for concurrent evacuation
[48.834s][info][gc          ] GC(107) Concurrent evacuation 0.505ms
[48.834s][info][gc,start    ] GC(107) Pause Init Update Refs
[48.834s][info][gc,ergo     ] GC(107) Pacer for Update Refs. Used: 75340K, Free: 1869M, Non-Taxable: 186M, Alloc Tax Rate: 1.1x
[48.834s][info][gc          ] GC(107) Pause Init Update Refs 0.062ms
[48.834s][info][gc,start    ] GC(107) Concurrent update references
[48.834s][info][gc,task     ] GC(107) Using 1 of 3 workers for concurrent reference update
[48.836s][info][gc          ] GC(107) Concurrent update references 1.748ms
[48.836s][info][gc,start    ] GC(107) Concurrent update thread roots
[48.836s][info][gc          ] GC(107) Concurrent update thread roots 0.357ms
[48.836s][info][gc,start    ] GC(107) Pause Final Update Refs
[48.836s][info][gc,task     ] GC(107) Using 3 of 3 workers for final reference update
[48.836s][info][gc          ] GC(107) Pause Final Update Refs 0.075ms
[48.839s][info][gc,start    ] GC(107) Concurrent cleanup
[48.839s][info][gc          ] GC(107) Concurrent cleanup 80M->23M(2048M) 0.063ms
[48.839s][info][gc,ergo     ] Free: 1919M, Max: 1024K regular, 1914M humongous, Frag: 0% external, 0% internal; Reserve: 103M, Max: 1024K
[48.839s][info][gc,stats    ] 
[48.839s][info][gc,stats    ] All times are wall-clock times, except per-root-class counters, that are sum over
[48.839s][info][gc,stats    ] all workers. Dividing the <total> over the root stage time estimates parallelism.
[48.839s][info][gc,stats    ] 
[48.839s][info][gc,stats    ] Concurrent Reset                    181 us
[48.839s][info][gc,stats    ] Pause Init Mark (G)                 207 us
[48.839s][info][gc,stats    ] Pause Init Mark (N)                 135 us
[48.839s][info][gc,stats    ]   Update Region States               68 us
[48.839s][info][gc,stats    ] Concurrent Mark Roots              1143 us, parallelism: 0.88x
[48.839s][info][gc,stats    ]   CMR: <total>                     1001 us
[48.839s][info][gc,stats    ]   CMR: Thread Roots                 916 us, workers (us): 916, ---, ---, 
[48.839s][info][gc,stats    ]   CMR: VM Strong Roots                8 us, workers (us):   8, ---, ---, 
[48.840s][info][gc,stats    ]   CMR: CLDG Roots                    77 us, workers (us):  77, ---, ---, 
[48.840s][info][gc,stats    ] Concurrent Marking                 4237 us
[48.840s][info][gc,stats    ] Pause Final Mark (G)                390 us
[48.840s][info][gc,stats    ] Pause Final Mark (N)                340 us
[48.840s][info][gc,stats    ]   Finish Mark                        53 us
[48.840s][info][gc,stats    ]   Update Region States               43 us
[48.840s][info][gc,stats    ]   Choose Collection Set              94 us
[48.840s][info][gc,stats    ]   Rebuild Free Set                   22 us
[48.840s][info][gc,stats    ] Concurrent Thread Roots             840 us, parallelism: 0.91x
[48.840s][info][gc,stats    ]   CTR: <total>                      765 us
[48.840s][info][gc,stats    ]   CTR: Thread Roots                 765 us, workers (us): 765, ---, ---, 
[48.840s][info][gc,stats    ] Concurrent Weak References          183 us, parallelism: 0.14x
[48.840s][info][gc,stats    ]   CWRF: <total>                      26 us
[48.840s][info][gc,stats    ]   CWRF: Weak References              26 us, workers (us):  26, ---, ---, 
[48.840s][info][gc,stats    ] Concurrent Weak Roots              1113 us
[48.840s][info][gc,stats    ]   Roots                            1051 us, parallelism: 0.97x
[48.840s][info][gc,stats    ]     CWR: <total>                   1021 us
[48.840s][info][gc,stats    ]     CWR: Code Cache Roots           918 us, workers (us): 918, ---, ---, 
[48.840s][info][gc,stats    ]     CWR: VM Weak Roots               97 us, workers (us):  97, ---, ---, 
[48.840s][info][gc,stats    ]     CWR: CLDG Roots                   5 us, workers (us):   5, ---, ---, 
[48.840s][info][gc,stats    ]   Rendezvous                         32 us
[48.840s][info][gc,stats    ] Concurrent Cleanup                   54 us
[48.840s][info][gc,stats    ] Concurrent Class Unloading         4499 us
[48.840s][info][gc,stats    ]   Unlink Stale                     4239 us
[48.840s][info][gc,stats    ]     System Dictionary                 7 us
[48.840s][info][gc,stats    ]     Weak Class Links                  0 us
[48.840s][info][gc,stats    ]     Code Roots                     4231 us
[48.840s][info][gc,stats    ]   Rendezvous                         55 us
[48.840s][info][gc,stats    ]   Purge Unlinked                    155 us
[48.840s][info][gc,stats    ]     Code Roots                      148 us
[48.840s][info][gc,stats    ]     CLDG                              6 us
[48.840s][info][gc,stats    ]     Exception Caches                  0 us
[48.840s][info][gc,stats    ] Concurrent Strong Roots             115 us, parallelism: 0.30x
[48.840s][info][gc,stats    ]   CSR: <total>                       35 us
[48.840s][info][gc,stats    ]   CSR: VM Strong Roots                4 us, workers (us):   4, ---, ---, 
[48.840s][info][gc,stats    ]   CSR: CLDG Roots                    31 us, workers (us):  31, ---, ---, 
[48.840s][info][gc,stats    ] Concurrent Evacuation               517 us
[48.840s][info][gc,stats    ] Pause Init Update Refs (G)          125 us
[48.840s][info][gc,stats    ] Pause Init Update Refs (N)           82 us
[48.840s][info][gc,stats    ]   Manage GCLABs                       4 us
[48.840s][info][gc,stats    ] Concurrent Update Refs             1769 us
[48.840s][info][gc,stats    ] Concurrent Update Thread Roots      379 us
[48.840s][info][gc,stats    ] Pause Final Update Refs (G)        3004 us
[48.840s][info][gc,stats    ] Pause Final Update Refs (N)          93 us
[48.840s][info][gc,stats    ]   Update Region States               43 us
[48.840s][info][gc,stats    ]   Trash Collection Set                3 us
[48.840s][info][gc,stats    ]   Rebuild Free Set                    8 us
[48.840s][info][gc,stats    ] Concurrent Cleanup                   74 us
[48.840s][info][gc,stats    ] Pacing                           877321 us
[48.840s][info][gc,stats    ] 
[48.840s][info][gc,stats    ] Allocation pacing accrued:
[48.840s][info][gc,stats    ]     151 of   306 ms ( 49.2%): Query0
[48.840s][info][gc,stats    ]     147 of   306 ms ( 48.0%): Query1
[48.840s][info][gc,stats    ]     146 of   306 ms ( 47.6%): Query2
[48.840s][info][gc,stats    ]     141 of   306 ms ( 46.1%): Query3
[48.840s][info][gc,stats    ]     146 of   306 ms ( 47.9%): Query4
[48.840s][info][gc,stats    ]     147 of   306 ms ( 48.0%): Query5
[48.840s][info][gc,stats    ]     877 of   306 ms (286.6%): <total>
[48.840s][info][gc,stats    ]      49 of   306 ms ( 15.9%): <average total>
[48.840s][info][gc,stats    ]     146 of   306 ms ( 47.8%): <average non-zero>
[48.840s][info][gc,stats    ] 
[48.840s][info][gc,metaspace] Metaspace: 8798K(9472K)->8798K(9472K) NonClass: 7948K(8320K)->7948K(8320K) Class: 850K(1152K)->850K(1152K)
[48.840s][info][gc,ergo     ] Pacer for Idle. Initial: 41943K, Alloc Tax Rate: 1.0x
[49.042s][info][gc          ] Trigger: Learning 3 of 5. Free (1384M) is below initial threshold (1433M)
[49.042s][info][gc,ergo     ] Free: 1384M, Max: 1024K regular, 1379M humongous, Frag: 0% external, 0% internal; Reserve: 103M, Max: 1024K
[49.042s][info][gc,start    ] GC(108) Concurrent reset
[49.042s][info][gc,task     ] GC(108) Using 1 of 3 workers for concurrent reset
[49.042s][info][gc,ergo     ] GC(108) Pacer for Reset. Non-Taxable: 2048M
[49.043s][info][gc          ] GC(108) Concurrent reset 0.404ms
[49.043s][info][gc,start    ] GC(108) Pause Init Mark (unload classes)
[49.043s][info][gc,task     ] GC(108) Using 3 of 3 workers for init marking
[49.043s][info][gc,ergo     ] GC(108) Pacer for Mark. Expected Live: 8323K, Free: 1384M, Non-Taxable: 138M, Alloc Tax Rate: 0.0x
[49.043s][info][gc          ] GC(108) Pause Init Mark (unload classes) 0.122ms
[49.043s][info][gc,start    ] GC(108) Concurrent marking roots
[49.043s][info][gc,task     ] GC(108) Using 1 of 3 workers for concurrent marking roots
[49.044s][info][gc          ] GC(108) Concurrent marking roots 0.439ms
[49.044s][info][gc,start    ] GC(108) Concurrent marking (unload classes)
[49.044s][info][gc,task     ] GC(108) Using 1 of 3 workers for concurrent marking
[49.048s][info][gc          ] GC(108) Concurrent marking (unload classes) 4.737ms
[49.048s][info][gc,start    ] GC(108) Pause Final Mark (unload classes)
[49.048s][info][gc,task     ] GC(108) Using 3 of 3 workers for final marking
[49.049s][info][gc,ergo     ] GC(108) Adaptive CSet Selection. Target Free: 290M, Actual Free: 1947M, Max CSet: 87381K, Min Garbage: 0B
[49.049s][info][gc,ergo     ] GC(108) Collectable Garbage: 548M (99%), Immediate: 483M (87%), CSet: 66699K (11%)
[49.049s][info][gc,ergo     ] GC(108) Pacer for Evacuation. Used CSet: 67584K, Free: 1849M, Non-Taxable: 184M, Alloc Tax Rate: 1.1x
[49.049s][info][gc          ] GC(108) Pause Final Mark (unload classes) 0.219ms
[49.049s][info][gc,start    ] GC(108) Concurrent thread roots
[49.049s][info][gc,task     ] GC(108) Using 1 of 3 workers for Concurrent thread roots
[49.049s][info][gc          ] GC(108) Concurrent thread roots 0.422ms
[49.049s][info][gc,start    ] GC(108) Concurrent weak references
[49.049s][info][gc,task     ] GC(108) Using 1 of 3 workers for concurrent weak references
[49.049s][info][gc,ref      ] GC(108) Encountered references: Soft: 137, Weak: 706, Final: 3, Phantom: 124
[49.049s][info][gc,ref      ] GC(108) Discovered  references: Soft: 0, Weak: 236, Final: 1, Phantom: 108
[49.049s][info][gc,ref      ] GC(108) Enqueued    references: Soft: 0, Weak: 96, Final: 0, Phantom: 0
[49.049s][info][gc          ] GC(108) Concurrent weak references 0.114ms
[49.049s][info][gc,start    ] GC(108) Concurrent weak roots
[49.049s][info][gc,task     ] GC(108) Using 1 of 3 workers for concurrent weak root
[49.051s][info][gc          ] GC(108) Concurrent weak roots 1.350ms
[49.051s][info][gc,start    ] GC(108) Concurrent cleanup
[49.051s][info][gc          ] GC(108) Concurrent cleanup 583M->100M(2048M) 0.046ms
[49.051s][info][gc,ergo     ] GC(108) Free: 1843M, Max: 1024K regular, 1355M humongous, Frag: 27% external, 0% internal; Reserve: 102M, Max: 1024K
[49.051s][info][gc,start    ] GC(108) Concurrent class unloading
[49.051s][info][gc,task     ] GC(108) Using 1 of 3 workers for concurrent class unloading
[49.056s][info][gc          ] GC(108) Concurrent class unloading 5.100ms
[49.056s][info][gc,start    ] GC(108) Concurrent strong roots
[49.056s][info][gc,task     ] GC(108) Using 1 of 3 workers for concurrent strong root
[49.056s][info][gc          ] GC(108) Concurrent strong roots 0.236ms
[49.056s][info][gc,start    ] GC(108) Concurrent evacuation
[49.056s][info][gc,task     ] GC(108) Using 1 of 3 workers for concurrent evacuation
[49.057s][info][gc          ] GC(108) Concurrent evacuation 0.592ms
[49.057s][info][gc,start    ] GC(108) Pause Init Update Refs
[49.057s][info][gc,ergo     ] GC(108) Pacer for Update Refs. Used: 112M, Free: 1831M, Non-Taxable: 183M, Alloc Tax Rate: 1.1x
[49.057s][info][gc          ] GC(108) Pause Init Update Refs 0.048ms
[49.057s][info][gc,start    ] GC(108) Concurrent update references
[49.057s][info][gc,task     ] GC(108) Using 1 of 3 workers for concurrent reference update
[49.063s][info][gc          ] GC(108) Concurrent update references 5.684ms
[49.063s][info][gc,start    ] GC(108) Concurrent update thread roots
[49.063s][info][gc          ] GC(108) Concurrent update thread roots 0.456ms
[49.063s][info][gc,start    ] GC(108) Pause Final Update Refs
[49.063s][info][gc,task     ] GC(108) Using 3 of 3 workers for final reference update
[49.063s][info][gc          ] GC(108) Pause Final Update Refs 0.104ms
[49.065s][info][gc,start    ] GC(108) Concurrent cleanup
[49.065s][info][gc          ] GC(108) Concurrent cleanup 135M->71M(2048M) 0.056ms
[49.065s][info][gc,ergo     ] Free: 1870M, Max: 1024K regular, 1354M humongous, Frag: 28% external, 0% internal; Reserve: 103M, Max: 1024K
[49.065s][info][gc,stats    ] 
[49.065s][info][gc,stats    ] All times are wall-clock times, except per-root-class counters, that are sum over
[49.065s][info][gc,stats    ] all workers. Dividing the <total> over the root stage time estimates parallelism.
[49.065s][info][gc,stats    ] 
[49.065s][info][gc,stats    ] Concurrent Reset                    420 us
[49.065s][info][gc,stats    ] Pause Init Mark (G)                 244 us
[49.065s][info][gc,stats    ] Pause Init Mark (N)                 132 us
[49.065s][info][gc,stats    ]   Update Region States               42 us
[49.065s][info][gc,stats    ] Concurrent Mark Roots               454 us, parallelism: 0.81x
[49.065s][info][gc,stats    ]   CMR: <total>                      370 us
[49.065s][info][gc,stats    ]   CMR: Thread Roots                 322 us, workers (us): 322, ---, ---, 
[49.065s][info][gc,stats    ]   CMR: VM Strong Roots                5 us, workers (us):   5, ---, ---, 
[49.065s][info][gc,stats    ]   CMR: CLDG Roots                    42 us, workers (us):  42, ---, ---, 
[49.065s][info][gc,stats    ] Concurrent Marking                 4770 us
[49.065s][info][gc,stats    ] Pause Final Mark (G)                299 us
[49.065s][info][gc,stats    ] Pause Final Mark (N)                228 us
[49.065s][info][gc,stats    ]   Finish Mark                        48 us
[49.065s][info][gc,stats    ]   Update Region States               37 us
[49.065s][info][gc,stats    ]   Choose Collection Set              63 us
[49.065s][info][gc,stats    ]   Rebuild Free Set                    8 us
[49.065s][info][gc,stats    ] Concurrent Thread Roots             433 us, parallelism: 0.85x
[49.065s][info][gc,stats    ]   CTR: <total>                      368 us
[49.065s][info][gc,stats    ]   CTR: Thread Roots                 368 us, workers (us): 368, ---, ---, 
[49.065s][info][gc,stats    ] Concurrent Weak References          121 us, parallelism: 0.41x
[49.065s][info][gc,stats    ]   CWRF: <total>                      50 us
[49.065s][info][gc,stats    ]   CWRF: Weak References              50 us, workers (us):  50, ---, ---, 
[49.065s][info][gc,stats    ] Concurrent Weak Roots              1360 us
[49.065s][info][gc,stats    ]   Roots                            1267 us, parallelism: 0.97x
[49.065s][info][gc,stats    ]     CWR: <total>                   1230 us
[49.065s][info][gc,stats    ]     CWR: Code Cache Roots          1122 us, workers (us): 1122, ---, ---, 
[49.065s][info][gc,stats    ]     CWR: VM Weak Roots              101 us, workers (us): 101, ---, ---, 
[49.065s][info][gc,stats    ]     CWR: CLDG Roots                   7 us, workers (us):   7, ---, ---, 
[49.065s][info][gc,stats    ]   Rendezvous                         69 us
[49.065s][info][gc,stats    ] Concurrent Cleanup                   54 us
[49.065s][info][gc,stats    ] Concurrent Class Unloading         5167 us
[49.065s][info][gc,stats    ]   Unlink Stale                     4740 us
[49.065s][info][gc,stats    ]     System Dictionary                 8 us
[49.065s][info][gc,stats    ]     Weak Class Links                  0 us
[49.065s][info][gc,stats    ]     Code Roots                     4730 us
[49.065s][info][gc,stats    ]   Rendezvous                         81 us
[49.065s][info][gc,stats    ]   Purge Unlinked                    260 us
[49.065s][info][gc,stats    ]     Code Roots                      252 us
[49.065s][info][gc,stats    ]     CLDG                              7 us
[49.065s][info][gc,stats    ]     Exception Caches                  1 us
[49.065s][info][gc,stats    ] Concurrent Strong Roots             269 us, parallelism: 0.17x
[49.065s][info][gc,stats    ]   CSR: <total>                       47 us
[49.065s][info][gc,stats    ]   CSR: VM Strong Roots                3 us, workers (us):   3, ---, ---, 
[49.065s][info][gc,stats    ]   CSR: CLDG Roots                    43 us, workers (us):  43, ---, ---, 
[49.065s][info][gc,stats    ] Concurrent Evacuation               613 us
[49.065s][info][gc,stats    ] Pause Init Update Refs (G)          159 us
[49.065s][info][gc,stats    ] Pause Init Update Refs (N)           57 us
[49.065s][info][gc,stats    ]   Manage GCLABs                       3 us
[49.065s][info][gc,stats    ] Concurrent Update Refs             5731 us
[49.065s][info][gc,stats    ] Concurrent Update Thread Roots      480 us
[49.065s][info][gc,stats    ] Pause Final Update Refs (G)        1963 us
[49.065s][info][gc,stats    ] Pause Final Update Refs (N)         124 us
[49.066s][info][gc,stats    ]   Update Region States               40 us
[49.066s][info][gc,stats    ]   Trash Collection Set                5 us
[49.066s][info][gc,stats    ]   Rebuild Free Set                   16 us
[49.066s][info][gc,stats    ] Concurrent Cleanup                   68 us
[49.066s][info][gc,stats    ] Pacing                           351938 us
[49.066s][info][gc,stats    ] 
[49.066s][info][gc,stats    ] Allocation pacing accrued:
[49.066s][info][gc,stats    ]      54 of   226 ms ( 24.0%): Query0
[49.066s][info][gc,stats    ]      58 of   226 ms ( 25.6%): Query1
[49.066s][info][gc,stats    ]      57 of   226 ms ( 25.1%): Query2
[49.066s][info][gc,stats    ]      56 of   226 ms ( 24.7%): Query3
[49.066s][info][gc,stats    ]      70 of   226 ms ( 31.1%): Query4
[49.066s][info][gc,stats    ]      58 of   226 ms ( 25.5%): Query5
[49.066s][info][gc,stats    ]     352 of   226 ms (156.0%): <total>
[49.066s][info][gc,stats    ]      20 of   226 ms (  8.7%): <average total>
[49.066s][info][gc,stats    ]      59 of   226 ms ( 26.0%): <average non-zero>
[49.066s][info][gc,stats    ] 
[49.066s][info][gc,metaspace] Metaspace: 8798K(9472K)->8798K(9472K) NonClass: 7948K(8320K)->7948K(8320K) Class: 850K(1152K)->850K(1152K)
[49.066s][info][gc,ergo     ] Pacer for Idle. Initial: 41943K, Alloc Tax Rate: 1.0x
[49.184s][info][gc          ] Trigger: Learning 4 of 5. Free (1426M) is below initial threshold (1433M)
[49.184s][info][gc,ergo     ] Free: 1426M, Max: 1024K regular, 1354M humongous, Frag: 5% external, 1% internal; Reserve: 103M, Max: 1024K
[49.184s][info][gc,start    ] GC(109) Concurrent reset
[49.184s][info][gc,task     ] GC(109) Using 1 of 3 workers for concurrent reset
[49.184s][info][gc,ergo     ] GC(109) Pacer for Reset. Non-Taxable: 2048M
[49.185s][info][gc          ] GC(109) Concurrent reset 0.404ms
[49.185s][info][gc,start    ] GC(109) Pause Init Mark (unload classes)
[49.185s][info][gc,task     ] GC(109) Using 3 of 3 workers for init marking
[49.185s][info][gc,ergo     ] GC(109) Pacer for Mark. Expected Live: 8324K, Free: 1422M, Non-Taxable: 142M, Alloc Tax Rate: 0.0x
[49.185s][info][gc          ] GC(109) Pause Init Mark (unload classes) 0.139ms
[49.185s][info][gc,start    ] GC(109) Concurrent marking roots
[49.185s][info][gc,task     ] GC(109) Using 1 of 3 workers for concurrent marking roots
[49.186s][info][gc          ] GC(109) Concurrent marking roots 0.436ms
[49.186s][info][gc,start    ] GC(109) Concurrent marking (unload classes)
[49.186s][info][gc,task     ] GC(109) Using 1 of 3 workers for concurrent marking
[49.191s][info][gc          ] GC(109) Concurrent marking (unload classes) 5.549ms
[49.191s][info][gc,start    ] GC(109) Pause Final Mark (unload classes)
[49.191s][info][gc,task     ] GC(109) Using 3 of 3 workers for final marking
[49.191s][info][gc,ergo     ] GC(109) Adaptive CSet Selection. Target Free: 290M, Actual Free: 1951M, Max CSet: 87381K, Min Garbage: 0B
[49.191s][info][gc,ergo     ] GC(109) Collectable Garbage: 510M (99%), Immediate: 453M (88%), CSet: 57512K (10%)
[49.191s][info][gc,ergo     ] GC(109) Pacer for Evacuation. Used CSet: 58368K, Free: 1855M, Non-Taxable: 185M, Alloc Tax Rate: 1.1x
[49.191s][info][gc          ] GC(109) Pause Final Mark (unload classes) 0.212ms
[49.192s][info][gc,start    ] GC(109) Concurrent thread roots
[49.192s][info][gc,task     ] GC(109) Using 1 of 3 workers for Concurrent thread roots
[49.192s][info][gc          ] GC(109) Concurrent thread roots 0.338ms
[49.192s][info][gc,start    ] GC(109) Concurrent weak references
[49.192s][info][gc,task     ] GC(109) Using 1 of 3 workers for concurrent weak references
[49.192s][info][gc,ref      ] GC(109) Encountered references: Soft: 137, Weak: 691, Final: 3, Phantom: 116
[49.192s][info][gc,ref      ] GC(109) Discovered  references: Soft: 0, Weak: 226, Final: 1, Phantom: 94
[49.192s][info][gc,ref      ] GC(109) Enqueued    references: Soft: 0, Weak: 87, Final: 0, Phantom: 0
[49.192s][info][gc          ] GC(109) Concurrent weak references 0.118ms
[49.192s][info][gc,start    ] GC(109) Concurrent weak roots
[49.192s][info][gc,task     ] GC(109) Using 1 of 3 workers for concurrent weak root
[49.194s][info][gc          ] GC(109) Concurrent weak roots 1.882ms
[49.194s][info][gc,start    ] GC(109) Concurrent cleanup
[49.194s][info][gc          ] GC(109) Concurrent cleanup 551M->98M(2048M) 0.058ms
[49.194s][info][gc,ergo     ] GC(109) Free: 1845M, Max: 1024K regular, 1354M humongous, Frag: 27% external, 0% internal; Reserve: 102M, Max: 1024K
[49.194s][info][gc,start    ] GC(109) Concurrent class unloading
[49.194s][info][gc,task     ] GC(109) Using 1 of 3 workers for concurrent class unloading
[49.200s][info][gc          ] GC(109) Concurrent class unloading 6.113ms
[49.200s][info][gc,start    ] GC(109) Concurrent strong roots
[49.200s][info][gc,task     ] GC(109) Using 1 of 3 workers for concurrent strong root
[49.200s][info][gc          ] GC(109) Concurrent strong roots 0.092ms
[49.200s][info][gc,start    ] GC(109) Concurrent evacuation
[49.200s][info][gc,task     ] GC(109) Using 1 of 3 workers for concurrent evacuation
[49.201s][info][gc          ] GC(109) Concurrent evacuation 0.519ms
[49.201s][info][gc,start    ] GC(109) Pause Init Update Refs
[49.201s][info][gc,ergo     ] GC(109) Pacer for Update Refs. Used: 115M, Free: 1828M, Non-Taxable: 182M, Alloc Tax Rate: 1.1x
[49.201s][info][gc          ] GC(109) Pause Init Update Refs 0.047ms
[49.203s][info][gc,start    ] GC(109) Concurrent update references
[49.203s][info][gc,task     ] GC(109) Using 1 of 3 workers for concurrent reference update
[49.210s][info][gc          ] GC(109) Concurrent update references 6.756ms
[49.210s][info][gc,start    ] GC(109) Concurrent update thread roots
[49.210s][info][gc          ] GC(109) Concurrent update thread roots 0.503ms
[49.210s][info][gc,start    ] GC(109) Pause Final Update Refs
[49.210s][info][gc,task     ] GC(109) Using 3 of 3 workers for final reference update
[49.210s][info][gc          ] GC(109) Pause Final Update Refs 0.109ms
[49.212s][info][gc,start    ] GC(109) Concurrent cleanup
[49.212s][info][gc          ] GC(109) Concurrent cleanup 142M->89M(2048M) 0.058ms
[49.212s][info][gc,ergo     ] Free: 1853M, Max: 1024K regular, 1409M humongous, Frag: 24% external, 0% internal; Reserve: 103M, Max: 1024K
[49.212s][info][gc,stats    ] 
[49.212s][info][gc,stats    ] All times are wall-clock times, except per-root-class counters, that are sum over
[49.212s][info][gc,stats    ] all workers. Dividing the <total> over the root stage time estimates parallelism.
[49.212s][info][gc,stats    ] 
[49.212s][info][gc,stats    ] Concurrent Reset                    464 us
[49.212s][info][gc,stats    ] Pause Init Mark (G)                 424 us
[49.212s][info][gc,stats    ] Pause Init Mark (N)                 156 us
[49.212s][info][gc,stats    ]   Update Region States               57 us
[49.212s][info][gc,stats    ] Concurrent Mark Roots               452 us, parallelism: 0.80x
[49.212s][info][gc,stats    ]   CMR: <total>                      362 us
[49.212s][info][gc,stats    ]   CMR: Thread Roots                 306 us, workers (us): 306, ---, ---, 
[49.212s][info][gc,stats    ]   CMR: VM Strong Roots                6 us, workers (us):   6, ---, ---, 
[49.212s][info][gc,stats    ]   CMR: CLDG Roots                    50 us, workers (us):  50, ---, ---, 
[49.212s][info][gc,stats    ] Concurrent Marking                 5582 us
[49.212s][info][gc,stats    ] Pause Final Mark (G)                478 us
[49.212s][info][gc,stats    ] Pause Final Mark (N)                222 us
[49.212s][info][gc,stats    ]   Finish Mark                        48 us
[49.212s][info][gc,stats    ]   Update Region States               37 us
[49.212s][info][gc,stats    ]   Choose Collection Set              59 us
[49.213s][info][gc,stats    ]   Rebuild Free Set                    9 us
[49.213s][info][gc,stats    ] Concurrent Thread Roots             355 us, parallelism: 0.79x
[49.213s][info][gc,stats    ]   CTR: <total>                      279 us
[49.213s][info][gc,stats    ]   CTR: Thread Roots                 279 us, workers (us): 279, ---, ---, 
[49.213s][info][gc,stats    ] Concurrent Weak References          127 us, parallelism: 0.40x
[49.213s][info][gc,stats    ]   CWRF: <total>                      50 us
[49.213s][info][gc,stats    ]   CWRF: Weak References              50 us, workers (us):  50, ---, ---, 
[49.213s][info][gc,stats    ] Concurrent Weak Roots              1922 us
[49.213s][info][gc,stats    ]   Roots                            1318 us, parallelism: 0.97x
[49.213s][info][gc,stats    ]     CWR: <total>                   1278 us
[49.213s][info][gc,stats    ]     CWR: Code Cache Roots          1172 us, workers (us): 1172, ---, ---, 
[49.213s][info][gc,stats    ]     CWR: VM Weak Roots               99 us, workers (us):  99, ---, ---, 
[49.213s][info][gc,stats    ]     CWR: CLDG Roots                   7 us, workers (us):   7, ---, ---, 
[49.213s][info][gc,stats    ]   Rendezvous                        542 us
[49.213s][info][gc,stats    ] Concurrent Cleanup                   69 us
[49.213s][info][gc,stats    ] Concurrent Class Unloading         6151 us
[49.213s][info][gc,stats    ]   Unlink Stale                     4954 us
[49.213s][info][gc,stats    ]     System Dictionary                12 us
[49.213s][info][gc,stats    ]     Weak Class Links                  0 us
[49.213s][info][gc,stats    ]     Code Roots                     4941 us
[49.213s][info][gc,stats    ]   Rendezvous                        856 us
[49.213s][info][gc,stats    ]   Purge Unlinked                    277 us
[49.213s][info][gc,stats    ]     Code Roots                      270 us
[49.213s][info][gc,stats    ]     CLDG                              6 us
[49.213s][info][gc,stats    ]     Exception Caches                  0 us
[49.213s][info][gc,stats    ] Concurrent Strong Roots             102 us, parallelism: 0.46x
[49.213s][info][gc,stats    ]   CSR: <total>                       47 us
[49.213s][info][gc,stats    ]   CSR: VM Strong Roots                4 us, workers (us):   4, ---, ---, 
[49.213s][info][gc,stats    ]   CSR: CLDG Roots                    43 us, workers (us):  43, ---, ---, 
[49.213s][info][gc,stats    ] Concurrent Evacuation               560 us
[49.213s][info][gc,stats    ] Pause Init Update Refs (G)         1924 us
[49.213s][info][gc,stats    ] Pause Init Update Refs (N)           57 us
[49.213s][info][gc,stats    ]   Manage GCLABs                       4 us
[49.213s][info][gc,stats    ] Concurrent Update Refs             6799 us
[49.213s][info][gc,stats    ] Concurrent Update Thread Roots      526 us
[49.213s][info][gc,stats    ] Pause Final Update Refs (G)        1963 us
[49.213s][info][gc,stats    ] Pause Final Update Refs (N)         128 us
[49.213s][info][gc,stats    ]   Update Region States               45 us
[49.213s][info][gc,stats    ]   Trash Collection Set                4 us
[49.213s][info][gc,stats    ]   Rebuild Free Set                   13 us
[49.213s][info][gc,stats    ] Concurrent Cleanup                   70 us
[49.213s][info][gc,stats    ] 
[49.213s][info][gc,stats    ] Allocation pacing accrued:
[49.213s][info][gc,stats    ]       0 of   147 ms (  0.0%): <total>
[49.213s][info][gc,stats    ]       0 of   147 ms (  0.0%): <average total>
[49.213s][info][gc,stats    ] 
[49.213s][info][gc,metaspace] Metaspace: 8798K(9472K)->8798K(9472K) NonClass: 7948K(8320K)->7948K(8320K) Class: 850K(1152K)->850K(1152K)
[49.213s][info][gc,ergo     ] Pacer for Idle. Initial: 41943K, Alloc Tax Rate: 1.0x
[49.326s][info][gc          ] Trigger: Learning 5 of 5. Free (1422M) is below initial threshold (1433M)
[49.326s][info][gc,ergo     ] Free: 1422M, Max: 1024K regular, 1409M humongous, Frag: 1% external, 0% internal; Reserve: 103M, Max: 1024K
[49.326s][info][gc,start    ] GC(110) Concurrent reset
[49.326s][info][gc,task     ] GC(110) Using 1 of 3 workers for concurrent reset
[49.326s][info][gc,ergo     ] GC(110) Pacer for Reset. Non-Taxable: 2048M
[49.327s][info][gc          ] GC(110) Concurrent reset 0.406ms
[49.327s][info][gc,start    ] GC(110) Pause Init Mark (unload classes)
[49.327s][info][gc,task     ] GC(110) Using 3 of 3 workers for init marking
[49.327s][info][gc,ergo     ] GC(110) Pacer for Mark. Expected Live: 8323K, Free: 1422M, Non-Taxable: 142M, Alloc Tax Rate: 0.0x
[49.327s][info][gc          ] GC(110) Pause Init Mark (unload classes) 0.104ms
[49.327s][info][gc,start    ] GC(110) Concurrent marking roots
[49.327s][info][gc,task     ] GC(110) Using 1 of 3 workers for concurrent marking roots
[49.328s][info][gc          ] GC(110) Concurrent marking roots 0.373ms
[49.328s][info][gc,start    ] GC(110) Concurrent marking (unload classes)
[49.328s][info][gc,task     ] GC(110) Using 1 of 3 workers for concurrent marking
[49.332s][info][gc          ] GC(110) Concurrent marking (unload classes) 4.828ms
[49.333s][info][gc,start    ] GC(110) Pause Final Mark (unload classes)
[49.333s][info][gc,task     ] GC(110) Using 3 of 3 workers for final marking
[49.333s][info][gc,ergo     ] GC(110) Adaptive CSet Selection. Target Free: 290M, Actual Free: 1954M, Max CSet: 87381K, Min Garbage: 0B
[49.333s][info][gc,ergo     ] GC(110) Collectable Garbage: 510M (99%), Immediate: 454M (88%), CSet: 57833K (11%)
[49.333s][info][gc,ergo     ] GC(110) Pacer for Evacuation. Used CSet: 58626K, Free: 1857M, Non-Taxable: 185M, Alloc Tax Rate: 1.1x
[49.333s][info][gc          ] GC(110) Pause Final Mark (unload classes) 0.209ms
[49.333s][info][gc,start    ] GC(110) Concurrent thread roots
[49.333s][info][gc,task     ] GC(110) Using 1 of 3 workers for Concurrent thread roots
[49.333s][info][gc          ] GC(110) Concurrent thread roots 0.378ms
[49.333s][info][gc,start    ] GC(110) Concurrent weak references
[49.333s][info][gc,task     ] GC(110) Using 1 of 3 workers for concurrent weak references
[49.333s][info][gc,ref      ] GC(110) Encountered references: Soft: 137, Weak: 688, Final: 3, Phantom: 121
[49.333s][info][gc,ref      ] GC(110) Discovered  references: Soft: 0, Weak: 225, Final: 1, Phantom: 112
[49.333s][info][gc,ref      ] GC(110) Enqueued    references: Soft: 0, Weak: 87, Final: 0, Phantom: 0
[49.333s][info][gc          ] GC(110) Concurrent weak references 0.110ms
[49.333s][info][gc,start    ] GC(110) Concurrent weak roots
[49.333s][info][gc,task     ] GC(110) Using 1 of 3 workers for concurrent weak root
[49.335s][info][gc          ] GC(110) Concurrent weak roots 2.015ms
[49.336s][info][gc,start    ] GC(110) Concurrent cleanup
[49.336s][info][gc          ] GC(110) Concurrent cleanup 548M->95M(2048M) 0.050ms
[49.336s][info][gc,ergo     ] GC(110) Free: 1847M, Max: 1024K regular, 1388M humongous, Frag: 25% external, 0% internal; Reserve: 102M, Max: 1024K
[49.336s][info][gc,start    ] GC(110) Concurrent class unloading
[49.336s][info][gc,task     ] GC(110) Using 1 of 3 workers for concurrent class unloading
[49.348s][info][gc          ] GC(110) Concurrent class unloading 11.968ms
[49.348s][info][gc,start    ] GC(110) Concurrent strong roots
[49.348s][info][gc,task     ] GC(110) Using 1 of 3 workers for concurrent strong root
[49.348s][info][gc          ] GC(110) Concurrent strong roots 0.105ms
[49.348s][info][gc,start    ] GC(110) Concurrent evacuation
[49.348s][info][gc,task     ] GC(110) Using 1 of 3 workers for concurrent evacuation
[49.348s][info][gc          ] GC(110) Concurrent evacuation 0.567ms
[49.349s][info][gc,start    ] GC(110) Pause Init Update Refs
[49.349s][info][gc,ergo     ] GC(110) Pacer for Update Refs. Used: 135M, Free: 1807M, Non-Taxable: 180M, Alloc Tax Rate: 1.1x
[49.349s][info][gc          ] GC(110) Pause Init Update Refs 0.058ms
[49.351s][info][gc,start    ] GC(110) Concurrent update references
[49.351s][info][gc,task     ] GC(110) Using 1 of 3 workers for concurrent reference update
[49.357s][info][gc          ] GC(110) Concurrent update references 5.902ms
[49.357s][info][gc,start    ] GC(110) Concurrent update thread roots
[49.357s][info][gc          ] GC(110) Concurrent update thread roots 0.489ms
[49.357s][info][gc,start    ] GC(110) Pause Final Update Refs
[49.357s][info][gc,task     ] GC(110) Using 3 of 3 workers for final reference update
[49.357s][info][gc          ] GC(110) Pause Final Update Refs 0.113ms
[49.357s][info][gc,start    ] GC(110) Concurrent cleanup
[49.357s][info][gc          ] GC(110) Concurrent cleanup 156M->99M(2048M) 0.036ms
[49.357s][info][gc,ergo     ] Free: 1843M, Max: 1024K regular, 1389M humongous, Frag: 25% external, 0% internal; Reserve: 103M, Max: 1024K
[49.357s][info][gc,stats    ] 
[49.357s][info][gc,stats    ] All times are wall-clock times, except per-root-class counters, that are sum over
[49.357s][info][gc,stats    ] all workers. Dividing the <total> over the root stage time estimates parallelism.
[49.357s][info][gc,stats    ] 
[49.357s][info][gc,stats    ] Concurrent Reset                    448 us
[49.357s][info][gc,stats    ] Pause Init Mark (G)                 582 us
[49.358s][info][gc,stats    ] Pause Init Mark (N)                 113 us
[49.358s][info][gc,stats    ]   Update Region States               35 us
[49.358s][info][gc,stats    ] Concurrent Mark Roots               387 us, parallelism: 0.80x
[49.358s][info][gc,stats    ]   CMR: <total>                      309 us
[49.358s][info][gc,stats    ]   CMR: Thread Roots                 262 us, workers (us): 262, ---, ---, 
[49.358s][info][gc,stats    ]   CMR: VM Strong Roots                5 us, workers (us):   5, ---, ---, 
[49.358s][info][gc,stats    ]   CMR: CLDG Roots                    42 us, workers (us):  42, ---, ---, 
[49.358s][info][gc,stats    ] Concurrent Marking                 4869 us
[49.358s][info][gc,stats    ] Pause Final Mark (G)                404 us
[49.358s][info][gc,stats    ] Pause Final Mark (N)                218 us
[49.358s][info][gc,stats    ]   Finish Mark                        49 us
[49.358s][info][gc,stats    ]   Update Region States               38 us
[49.358s][info][gc,stats    ]   Choose Collection Set              56 us
[49.358s][info][gc,stats    ]   Rebuild Free Set                    8 us
[49.358s][info][gc,stats    ] Concurrent Thread Roots             402 us, parallelism: 0.79x
[49.358s][info][gc,stats    ]   CTR: <total>                      317 us
[49.358s][info][gc,stats    ]   CTR: Thread Roots                 317 us, workers (us): 317, ---, ---, 
[49.358s][info][gc,stats    ] Concurrent Weak References          117 us, parallelism: 0.38x
[49.358s][info][gc,stats    ]   CWRF: <total>                      44 us
[49.358s][info][gc,stats    ]   CWRF: Weak References              44 us, workers (us):  44, ---, ---, 
[49.358s][info][gc,stats    ] Concurrent Weak Roots              2067 us
[49.358s][info][gc,stats    ]   Roots                            1311 us, parallelism: 0.97x
[49.358s][info][gc,stats    ]     CWR: <total>                   1269 us
[49.358s][info][gc,stats    ]     CWR: Code Cache Roots          1153 us, workers (us): 1153, ---, ---, 
[49.358s][info][gc,stats    ]     CWR: VM Weak Roots              107 us, workers (us): 107, ---, ---, 
[49.358s][info][gc,stats    ]     CWR: CLDG Roots                   9 us, workers (us):   9, ---, ---, 
[49.358s][info][gc,stats    ]   Rendezvous                        678 us
[49.358s][info][gc,stats    ] Concurrent Cleanup                   60 us
[49.358s][info][gc,stats    ] Concurrent Class Unloading        12022 us
[49.358s][info][gc,stats    ]   Unlink Stale                     4925 us
[49.358s][info][gc,stats    ]     System Dictionary                 8 us
[49.358s][info][gc,stats    ]     Weak Class Links                  0 us
[49.358s][info][gc,stats    ]     Code Roots                     4915 us
[49.358s][info][gc,stats    ]   Rendezvous                       6674 us
[49.358s][info][gc,stats    ]   Purge Unlinked                    347 us
[49.358s][info][gc,stats    ]     Code Roots                      335 us
[49.358s][info][gc,stats    ]     CLDG                             11 us
[49.358s][info][gc,stats    ]     Exception Caches                  0 us
[49.358s][info][gc,stats    ] Concurrent Strong Roots             119 us, parallelism: 0.49x
[49.358s][info][gc,stats    ]   CSR: <total>                       58 us
[49.358s][info][gc,stats    ]   CSR: VM Strong Roots                6 us, workers (us):   6, ---, ---, 
[49.358s][info][gc,stats    ]   CSR: CLDG Roots                    52 us, workers (us):  52, ---, ---, 
[49.358s][info][gc,stats    ] Concurrent Evacuation               590 us
[49.358s][info][gc,stats    ] Pause Init Update Refs (G)         2300 us
[49.358s][info][gc,stats    ] Pause Init Update Refs (N)           67 us
[49.358s][info][gc,stats    ]   Manage GCLABs                       4 us
[49.358s][info][gc,stats    ] Concurrent Update Refs             5962 us
[49.358s][info][gc,stats    ] Concurrent Update Thread Roots      515 us
[49.358s][info][gc,stats    ] Pause Final Update Refs (G)         263 us
[49.358s][info][gc,stats    ] Pause Final Update Refs (N)         124 us
[49.358s][info][gc,stats    ]   Update Region States               47 us
[49.358s][info][gc,stats    ]   Trash Collection Set                5 us
[49.358s][info][gc,stats    ]   Rebuild Free Set                   13 us
[49.358s][info][gc,stats    ] Concurrent Cleanup                   48 us
[49.358s][info][gc,stats    ] 
[49.358s][info][gc,stats    ] Allocation pacing accrued:
[49.358s][info][gc,stats    ]       0 of   145 ms (  0.0%): <total>
[49.358s][info][gc,stats    ]       0 of   145 ms (  0.0%): <average total>
[49.358s][info][gc,stats    ] 
[49.358s][info][gc,metaspace] Metaspace: 8798K(9472K)->8798K(9472K) NonClass: 7948K(8320K)->7948K(8320K) Class: 850K(1152K)->850K(1152K)
[49.358s][info][gc,ergo     ] Pacer for Idle. Initial: 41943K, Alloc Tax Rate: 1.0x
[49.801s][info][gc          ] Trigger: Free (202M) is below minimum threshold (204M)
[49.801s][info][gc,ergo     ] Free: 202M, Max: 1024K regular, 196M humongous, Frag: 0% external, 2% internal; Reserve: 103M, Max: 1024K
[49.801s][info][gc,start    ] GC(111) Concurrent reset
[49.801s][info][gc,task     ] GC(111) Using 1 of 3 workers for concurrent reset
[49.801s][info][gc,ergo     ] GC(111) Pacer for Reset. Non-Taxable: 2048M
[49.801s][info][gc          ] GC(111) Concurrent reset 0.510ms
[49.801s][info][gc,start    ] GC(111) Pause Init Mark (unload classes)
[49.801s][info][gc,task     ] GC(111) Using 3 of 3 workers for init marking
[49.801s][info][gc,ergo     ] GC(111) Pacer for Mark. Expected Live: 8324K, Free: 200M, Non-Taxable: 20536K, Alloc Tax Rate: 0.0x
[49.801s][info][gc          ] GC(111) Pause Init Mark (unload classes) 0.162ms
[49.803s][info][gc,start    ] GC(111) Concurrent marking roots
[49.803s][info][gc,task     ] GC(111) Using 1 of 3 workers for concurrent marking roots
[49.804s][info][gc          ] GC(111) Concurrent marking roots 0.395ms
[49.804s][info][gc,start    ] GC(111) Concurrent marking (unload classes)
[49.804s][info][gc,task     ] GC(111) Using 1 of 3 workers for concurrent marking
[49.810s][info][gc          ] GC(111) Concurrent marking (unload classes) 6.508ms
[49.810s][info][gc,start    ] GC(111) Pause Final Mark (unload classes)
[49.810s][info][gc,task     ] GC(111) Using 3 of 3 workers for final marking
[49.810s][info][gc,ergo     ] GC(111) Adaptive CSet Selection. Target Free: 290M, Actual Free: 1835M, Max CSet: 87381K, Min Garbage: 0B
[49.810s][info][gc,ergo     ] GC(111) Collectable Garbage: 1732M (99%), Immediate: 1565M (90%), CSet: 167M (9%)
[49.810s][info][gc,ergo     ] GC(111) Pacer for Evacuation. Used CSet: 167M, Free: 1738M, Non-Taxable: 173M, Alloc Tax Rate: 1.1x
[49.810s][info][gc          ] GC(111) Pause Final Mark (unload classes) 0.239ms
[49.811s][info][gc,start    ] GC(111) Concurrent thread roots
[49.811s][info][gc,task     ] GC(111) Using 1 of 3 workers for Concurrent thread roots
[49.811s][info][gc          ] GC(111) Concurrent thread roots 0.392ms
[49.811s][info][gc,start    ] GC(111) Concurrent weak references
[49.811s][info][gc,task     ] GC(111) Using 1 of 3 workers for concurrent weak references
[49.811s][info][gc,ref      ] GC(111) Encountered references: Soft: 137, Weak: 907, Final: 3, Phantom: 114
[49.811s][info][gc,ref      ] GC(111) Discovered  references: Soft: 0, Weak: 439, Final: 1, Phantom: 88
[49.811s][info][gc,ref      ] GC(111) Enqueued    references: Soft: 0, Weak: 294, Final: 0, Phantom: 0
[49.811s][info][gc          ] GC(111) Concurrent weak references 0.188ms
[49.811s][info][gc,start    ] GC(111) Concurrent weak roots
[49.811s][info][gc,task     ] GC(111) Using 1 of 3 workers for concurrent weak root
[49.813s][info][gc          ] GC(111) Concurrent weak roots 1.446ms
[49.813s][info][gc,start    ] GC(111) Concurrent cleanup
[49.813s][info][gc          ] GC(111) Concurrent cleanup 1777M->212M(2048M) 0.111ms
[49.813s][info][gc,ergo     ] GC(111) Free: 1730M, Max: 1024K regular, 159M humongous, Frag: 91% external, 0% internal; Reserve: 102M, Max: 1024K
[49.813s][info][gc,start    ] GC(111) Concurrent class unloading
[49.813s][info][gc,task     ] GC(111) Using 1 of 3 workers for concurrent class unloading
[49.821s][info][gc          ] GC(111) Concurrent class unloading 7.865ms
[49.821s][info][gc,start    ] GC(111) Concurrent strong roots
[49.821s][info][gc,task     ] GC(111) Using 1 of 3 workers for concurrent strong root
[49.821s][info][gc          ] GC(111) Concurrent strong roots 0.088ms
[49.821s][info][gc,start    ] GC(111) Concurrent evacuation
[49.821s][info][gc,task     ] GC(111) Using 1 of 3 workers for concurrent evacuation
[49.822s][info][gc          ] GC(111) Concurrent evacuation 1.103ms
[49.822s][info][gc,start    ] GC(111) Pause Init Update Refs
[49.822s][info][gc,ergo     ] GC(111) Pacer for Update Refs. Used: 241M, Free: 1702M, Non-Taxable: 170M, Alloc Tax Rate: 1.1x
[49.822s][info][gc          ] GC(111) Pause Init Update Refs 0.050ms
[49.825s][info][gc,start    ] GC(111) Concurrent update references
[49.825s][info][gc,task     ] GC(111) Using 1 of 3 workers for concurrent reference update
[49.833s][info][gc          ] GC(111) Concurrent update references 8.186ms
[49.833s][info][gc,start    ] GC(111) Concurrent update thread roots
[49.834s][info][gc          ] GC(111) Concurrent update thread roots 0.579ms
[49.834s][info][gc,start    ] GC(111) Pause Final Update Refs
[49.834s][info][gc,task     ] GC(111) Using 3 of 3 workers for final reference update
[49.834s][info][gc          ] GC(111) Pause Final Update Refs 0.124ms
[49.834s][info][gc,start    ] GC(111) Concurrent cleanup
[49.834s][info][gc          ] GC(111) Concurrent cleanup 273M->105M(2048M) 0.049ms
[49.834s][info][gc,ergo     ] Free: 1837M, Max: 1024K regular, 1667M humongous, Frag: 9% external, 0% internal; Reserve: 103M, Max: 1024K
[49.834s][info][gc,stats    ] 
[49.834s][info][gc,stats    ] All times are wall-clock times, except per-root-class counters, that are sum over
[49.834s][info][gc,stats    ] all workers. Dividing the <total> over the root stage time estimates parallelism.
[49.834s][info][gc,stats    ] 
[49.834s][info][gc,stats    ] Concurrent Reset                    544 us
[49.834s][info][gc,stats    ] Pause Init Mark (G)                2048 us
[49.834s][info][gc,stats    ] Pause Init Mark (N)                 172 us
[49.834s][info][gc,stats    ]   Update Region States               52 us
[49.834s][info][gc,stats    ] Concurrent Mark Roots               416 us, parallelism: 0.72x
[49.834s][info][gc,stats    ]   CMR: <total>                      301 us
[49.834s][info][gc,stats    ]   CMR: Thread Roots                 256 us, workers (us): 256, ---, ---, 
[49.834s][info][gc,stats    ]   CMR: VM Strong Roots                8 us, workers (us):   8, ---, ---, 
[49.834s][info][gc,stats    ]   CMR: CLDG Roots                    38 us, workers (us):  38, ---, ---, 
[49.834s][info][gc,stats    ] Concurrent Marking                 6552 us
[49.834s][info][gc,stats    ] Pause Final Mark (G)                390 us
[49.834s][info][gc,stats    ] Pause Final Mark (N)                248 us
[49.834s][info][gc,stats    ]   Finish Mark                        43 us
[49.834s][info][gc,stats    ]   Update Region States               46 us
[49.834s][info][gc,stats    ]   Choose Collection Set              74 us
[49.834s][info][gc,stats    ]   Rebuild Free Set                    8 us
[49.834s][info][gc,stats    ] Concurrent Thread Roots             418 us, parallelism: 0.81x
[49.834s][info][gc,stats    ]   CTR: <total>                      340 us
[49.834s][info][gc,stats    ]   CTR: Thread Roots                 340 us, workers (us): 340, ---, ---, 
[49.834s][info][gc,stats    ] Concurrent Weak References          196 us, parallelism: 0.57x
[49.834s][info][gc,stats    ]   CWRF: <total>                     112 us
[49.834s][info][gc,stats    ]   CWRF: Weak References             112 us, workers (us): 112, ---, ---, 
[49.834s][info][gc,stats    ] Concurrent Weak Roots              1488 us
[49.834s][info][gc,stats    ]   Roots                            1354 us, parallelism: 0.97x
[49.834s][info][gc,stats    ]     CWR: <total>                   1319 us
[49.834s][info][gc,stats    ]     CWR: Code Cache Roots          1205 us, workers (us): 1205, ---, ---, 
[49.834s][info][gc,stats    ]     CWR: VM Weak Roots              106 us, workers (us): 106, ---, ---, 
[49.834s][info][gc,stats    ]     CWR: CLDG Roots                   9 us, workers (us):   9, ---, ---, 
[49.834s][info][gc,stats    ]   Rendezvous                         72 us
[49.834s][info][gc,stats    ] Concurrent Cleanup                  121 us
[49.834s][info][gc,stats    ] Concurrent Class Unloading         7911 us
[49.834s][info][gc,stats    ]   Unlink Stale                     4911 us
[49.834s][info][gc,stats    ]     System Dictionary                 8 us
[49.834s][info][gc,stats    ]     Weak Class Links                  0 us
[49.834s][info][gc,stats    ]     Code Roots                     4900 us
[49.834s][info][gc,stats    ]   Rendezvous                       2613 us
[49.834s][info][gc,stats    ]   Purge Unlinked                    320 us
[49.834s][info][gc,stats    ]     Code Roots                      311 us
[49.834s][info][gc,stats    ]     CLDG                              9 us
[49.834s][info][gc,stats    ]     Exception Caches                  0 us
[49.834s][info][gc,stats    ] Concurrent Strong Roots             101 us, parallelism: 0.41x
[49.834s][info][gc,stats    ]   CSR: <total>                       42 us
[49.835s][info][gc,stats    ]   CSR: VM Strong Roots                4 us, workers (us):   4, ---, ---, 
[49.835s][info][gc,stats    ]   CSR: CLDG Roots                    37 us, workers (us):  37, ---, ---, 
[49.835s][info][gc,stats    ] Concurrent Evacuation              1148 us
[49.835s][info][gc,stats    ] Pause Init Update Refs (G)         2769 us
[49.835s][info][gc,stats    ] Pause Init Update Refs (N)           59 us
[49.835s][info][gc,stats    ]   Manage GCLABs                       3 us
[49.835s][info][gc,stats    ] Concurrent Update Refs             8231 us
[49.835s][info][gc,stats    ] Concurrent Update Thread Roots      614 us
[49.835s][info][gc,stats    ] Pause Final Update Refs (G)         454 us
[49.835s][info][gc,stats    ] Pause Final Update Refs (N)         146 us
[49.835s][info][gc,stats    ]   Update Region States               50 us
[49.835s][info][gc,stats    ]   Trash Collection Set               11 us
[49.835s][info][gc,stats    ]   Rebuild Free Set                   17 us
[49.835s][info][gc,stats    ] Concurrent Cleanup                   60 us
[49.835s][info][gc,stats    ] Pacing                            25832 us
[49.835s][info][gc,stats    ] 
[49.835s][info][gc,stats    ] Allocation pacing accrued:
[49.835s][info][gc,stats    ]       5 of   477 ms (  1.0%): Query0
[49.835s][info][gc,stats    ]       5 of   477 ms (  1.0%): Query1
[49.835s][info][gc,stats    ]       4 of   477 ms (  0.8%): Query2
[49.835s][info][gc,stats    ]       4 of   477 ms (  0.8%): Query3
[49.835s][info][gc,stats    ]       4 of   477 ms (  0.9%): Query4
[49.835s][info][gc,stats    ]       4 of   477 ms (  0.9%): Query5
[49.835s][info][gc,stats    ]      26 of   477 ms (  5.4%): <total>
[49.835s][info][gc,stats    ]       1 of   477 ms (  0.3%): <average total>
[49.835s][info][gc,stats    ]       4 of   477 ms (  0.9%): <average non-zero>
[49.835s][info][gc,stats    ] 
[49.835s][info][gc,metaspace] Metaspace: 8798K(9472K)->8798K(9472K) NonClass: 7948K(8320K)->7948K(8320K) Class: 850K(1152K)->850K(1152K)
[49.835s][info][gc,ergo     ] Pacer for Idle. Initial: 41943K, Alloc Tax Rate: 1.0x
[50.270s][info][gc          ] Trigger: Average GC time (39.19 ms) is above the time for average allocation rate (3660 MB/s) to deplete free headroom (133M) (margin of error = 1.96)
[50.270s][info][gc,ergo     ] Free headroom: 235M (free) - 102M (spike) - 0B (penalties) = 133M
[50.270s][info][gc,ergo     ] Free: 235M, Max: 1024K regular, 159M humongous, Frag: 31% external, 1% internal; Reserve: 103M, Max: 1024K
[50.270s][info][gc,start    ] GC(112) Concurrent reset
[50.270s][info][gc,task     ] GC(112) Using 1 of 3 workers for concurrent reset
[50.270s][info][gc,ergo     ] GC(112) Pacer for Reset. Non-Taxable: 2048M
[50.271s][info][gc          ] GC(112) Concurrent reset 0.973ms
[50.271s][info][gc,start    ] GC(112) Pause Init Mark (unload classes)
[50.271s][info][gc,task     ] GC(112) Using 3 of 3 workers for init marking
[50.271s][info][gc,ergo     ] GC(112) Pacer for Mark. Expected Live: 8449K, Free: 231M, Non-Taxable: 23697K, Alloc Tax Rate: 0.0x
[50.271s][info][gc          ] GC(112) Pause Init Mark (unload classes) 0.114ms
[50.275s][info][gc,start    ] GC(112) Concurrent marking roots
[50.275s][info][gc,task     ] GC(112) Using 1 of 3 workers for concurrent marking roots
[50.276s][info][gc          ] GC(112) Concurrent marking roots 0.419ms
[50.276s][info][gc,start    ] GC(112) Concurrent marking (unload classes)
[50.276s][info][gc,task     ] GC(112) Using 1 of 3 workers for concurrent marking
[50.281s][info][gc          ] GC(112) Concurrent marking (unload classes) 5.536ms
[50.281s][info][gc,start    ] GC(112) Pause Final Mark (unload classes)
[50.281s][info][gc,task     ] GC(112) Using 3 of 3 workers for final marking
[50.282s][info][gc,ergo     ] GC(112) Adaptive CSet Selection. Target Free: 290M, Actual Free: 1835M, Max CSet: 87381K, Min Garbage: 0B
[50.282s][info][gc,ergo     ] GC(112) Collectable Garbage: 1701M (99%), Immediate: 1536M (90%), CSet: 165M (9%)
[50.282s][info][gc,ergo     ] GC(112) Pacer for Evacuation. Used CSet: 166M, Free: 1738M, Non-Taxable: 173M, Alloc Tax Rate: 1.1x
[50.282s][info][gc          ] GC(112) Pause Final Mark (unload classes) 0.225ms
[50.282s][info][gc,start    ] GC(112) Concurrent thread roots
[50.282s][info][gc,task     ] GC(112) Using 1 of 3 workers for Concurrent thread roots
[50.282s][info][gc          ] GC(112) Concurrent thread roots 0.383ms
[50.282s][info][gc,start    ] GC(112) Concurrent weak references
[50.282s][info][gc,task     ] GC(112) Using 1 of 3 workers for concurrent weak references
[50.282s][info][gc,ref      ] GC(112) Encountered references: Soft: 137, Weak: 906, Final: 3, Phantom: 108
[50.282s][info][gc,ref      ] GC(112) Discovered  references: Soft: 0, Weak: 436, Final: 1, Phantom: 81
[50.282s][info][gc,ref      ] GC(112) Enqueued    references: Soft: 0, Weak: 303, Final: 0, Phantom: 0
[50.282s][info][gc          ] GC(112) Concurrent weak references 0.138ms
[50.282s][info][gc,start    ] GC(112) Concurrent weak roots
[50.282s][info][gc,task     ] GC(112) Using 1 of 3 workers for concurrent weak root
[50.285s][info][gc          ] GC(112) Concurrent weak roots 2.738ms
[50.285s][info][gc,start    ] GC(112) Concurrent cleanup
[50.285s][info][gc          ] GC(112) Concurrent cleanup 1754M->218M(2048M) 0.110ms
[50.285s][info][gc,ergo     ] GC(112) Free: 1724M, Max: 1024K regular, 162M humongous, Frag: 91% external, 0% internal; Reserve: 102M, Max: 1024K
[50.285s][info][gc,start    ] GC(112) Concurrent class unloading
[50.285s][info][gc,task     ] GC(112) Using 1 of 3 workers for concurrent class unloading
[50.292s][info][gc          ] GC(112) Concurrent class unloading 6.529ms
[50.292s][info][gc,start    ] GC(112) Concurrent strong roots
[50.292s][info][gc,task     ] GC(112) Using 1 of 3 workers for concurrent strong root
[50.292s][info][gc          ] GC(112) Concurrent strong roots 0.083ms
[50.292s][info][gc,start    ] GC(112) Concurrent evacuation
[50.292s][info][gc,task     ] GC(112) Using 1 of 3 workers for concurrent evacuation
[50.293s][info][gc          ] GC(112) Concurrent evacuation 1.110ms
[50.293s][info][gc,start    ] GC(112) Pause Init Update Refs
[50.293s][info][gc,ergo     ] GC(112) Pacer for Update Refs. Used: 243M, Free: 1700M, Non-Taxable: 170M, Alloc Tax Rate: 1.1x
[50.293s][info][gc          ] GC(112) Pause Init Update Refs 0.055ms
[50.296s][info][gc,start    ] GC(112) Concurrent update references
[50.296s][info][gc,task     ] GC(112) Using 1 of 3 workers for concurrent reference update
[50.305s][info][gc          ] GC(112) Concurrent update references 8.852ms
[50.305s][info][gc,start    ] GC(112) Concurrent update thread roots
[50.307s][info][gc          ] GC(112) Concurrent update thread roots 1.695ms
[50.307s][info][gc,start    ] GC(112) Pause Final Update Refs
[50.307s][info][gc,task     ] GC(112) Using 3 of 3 workers for final reference update
[50.307s][info][gc          ] GC(112) Pause Final Update Refs 0.120ms
[50.307s][info][gc,start    ] GC(112) Concurrent cleanup
[50.307s][info][gc          ] GC(112) Concurrent cleanup 278M->112M(2048M) 0.037ms
[50.307s][info][gc,ergo     ] Free: 1830M, Max: 1024K regular, 1603M humongous, Frag: 13% external, 0% internal; Reserve: 103M, Max: 1024K
[50.307s][info][gc,stats    ] 
[50.307s][info][gc,stats    ] All times are wall-clock times, except per-root-class counters, that are sum over
[50.307s][info][gc,stats    ] all workers. Dividing the <total> over the root stage time estimates parallelism.
[50.307s][info][gc,stats    ] 
[50.307s][info][gc,stats    ] Concurrent Reset                   1039 us
[50.307s][info][gc,stats    ] Pause Init Mark (G)                4056 us
[50.307s][info][gc,stats    ] Pause Init Mark (N)                 123 us
[50.307s][info][gc,stats    ]   Update Region States               45 us
[50.307s][info][gc,stats    ] Concurrent Mark Roots               436 us, parallelism: 0.75x
[50.307s][info][gc,stats    ]   CMR: <total>                      327 us
[50.307s][info][gc,stats    ]   CMR: Thread Roots                 281 us, workers (us): 281, ---, ---, 
[50.307s][info][gc,stats    ]   CMR: VM Strong Roots                6 us, workers (us):   6, ---, ---, 
[50.307s][info][gc,stats    ]   CMR: CLDG Roots                    40 us, workers (us):  40, ---, ---, 
[50.307s][info][gc,stats    ] Concurrent Marking                 5583 us
[50.307s][info][gc,stats    ] Pause Final Mark (G)                333 us
[50.307s][info][gc,stats    ] Pause Final Mark (N)                234 us
[50.307s][info][gc,stats    ]   Finish Mark                        47 us
[50.307s][info][gc,stats    ]   Update Region States               38 us
[50.307s][info][gc,stats    ]   Choose Collection Set              75 us
[50.307s][info][gc,stats    ]   Rebuild Free Set                    8 us
[50.307s][info][gc,stats    ] Concurrent Thread Roots             403 us, parallelism: 0.81x
[50.307s][info][gc,stats    ]   CTR: <total>                      328 us
[50.307s][info][gc,stats    ]   CTR: Thread Roots                 328 us, workers (us): 328, ---, ---, 
[50.307s][info][gc,stats    ] Concurrent Weak References          146 us, parallelism: 0.55x
[50.307s][info][gc,stats    ]   CWRF: <total>                      80 us
[50.307s][info][gc,stats    ]   CWRF: Weak References              80 us, workers (us):  80, ---, ---, 
[50.307s][info][gc,stats    ] Concurrent Weak Roots              2784 us
[50.307s][info][gc,stats    ]   Roots                            1366 us, parallelism: 0.97x
[50.308s][info][gc,stats    ]     CWR: <total>                   1325 us
[50.308s][info][gc,stats    ]     CWR: Code Cache Roots          1211 us, workers (us): 1211, ---, ---, 
[50.308s][info][gc,stats    ]     CWR: VM Weak Roots              104 us, workers (us): 104, ---, ---, 
[50.308s][info][gc,stats    ]     CWR: CLDG Roots                   9 us, workers (us):   9, ---, ---, 
[50.308s][info][gc,stats    ]   Rendezvous                       1352 us
[50.308s][info][gc,stats    ] Concurrent Cleanup                  121 us
[50.308s][info][gc,stats    ] Concurrent Class Unloading         6583 us
[50.308s][info][gc,stats    ]   Unlink Stale                     5016 us
[50.308s][info][gc,stats    ]     System Dictionary                14 us
[50.308s][info][gc,stats    ]     Weak Class Links                  0 us
[50.308s][info][gc,stats    ]     Code Roots                     5000 us
[50.308s][info][gc,stats    ]   Rendezvous                       1239 us
[50.308s][info][gc,stats    ]   Purge Unlinked                    251 us
[50.308s][info][gc,stats    ]     Code Roots                      245 us
[50.308s][info][gc,stats    ]     CLDG                              6 us
[50.308s][info][gc,stats    ]     Exception Caches                  0 us
[50.308s][info][gc,stats    ] Concurrent Strong Roots              93 us, parallelism: 0.43x
[50.308s][info][gc,stats    ]   CSR: <total>                       40 us
[50.308s][info][gc,stats    ]   CSR: VM Strong Roots                4 us, workers (us):   4, ---, ---, 
[50.308s][info][gc,stats    ]   CSR: CLDG Roots                    36 us, workers (us):  36, ---, ---, 
[50.308s][info][gc,stats    ] Concurrent Evacuation              1150 us
[50.308s][info][gc,stats    ] Pause Init Update Refs (G)         3363 us
[50.308s][info][gc,stats    ] Pause Init Update Refs (N)           65 us
[50.308s][info][gc,stats    ]   Manage GCLABs                       5 us
[50.308s][info][gc,stats    ] Concurrent Update Refs             8889 us
[50.308s][info][gc,stats    ] Concurrent Update Thread Roots     1743 us
[50.308s][info][gc,stats    ] Pause Final Update Refs (G)         230 us
[50.308s][info][gc,stats    ] Pause Final Update Refs (N)         143 us
[50.308s][info][gc,stats    ]   Update Region States               50 us
[50.308s][info][gc,stats    ]   Trash Collection Set                9 us
[50.308s][info][gc,stats    ]   Rebuild Free Set                   16 us
[50.308s][info][gc,stats    ] Concurrent Cleanup                   48 us
[50.308s][info][gc,stats    ] 
[50.308s][info][gc,stats    ] Allocation pacing accrued:
[50.308s][info][gc,stats    ]       0 of   473 ms (  0.0%): <total>
[50.308s][info][gc,stats    ]       0 of   473 ms (  0.0%): <average total>
[50.308s][info][gc,stats    ] 
[50.308s][info][gc,metaspace] Metaspace: 8798K(9472K)->8798K(9472K) NonClass: 7948K(8320K)->7948K(8320K) Class: 850K(1152K)->850K(1152K)
[50.308s][info][gc,ergo     ] Pacer for Idle. Initial: 41943K, Alloc Tax Rate: 1.0x
[50.728s][info][gc          ] Trigger: Average GC time (42.46 ms) is above the time for average allocation rate (3746 MB/s) to deplete free headroom (145M) (margin of error = 1.97)
[50.728s][info][gc,ergo     ] Free headroom: 247M (free) - 102M (spike) - 0B (penalties) = 145M
[50.728s][info][gc,ergo     ] Free: 247M, Max: 1024K regular, 217M humongous, Frag: 10% external, 1% internal; Reserve: 103M, Max: 1024K
[50.728s][info][gc,start    ] GC(113) Concurrent reset
[50.728s][info][gc,task     ] GC(113) Using 1 of 3 workers for concurrent reset
[50.728s][info][gc,ergo     ] GC(113) Pacer for Reset. Non-Taxable: 2048M
[50.729s][info][gc          ] GC(113) Concurrent reset 0.902ms
[50.729s][info][gc,start    ] GC(113) Pause Init Mark (unload classes)
[50.729s][info][gc,task     ] GC(113) Using 3 of 3 workers for init marking
[50.730s][info][gc,ergo     ] GC(113) Pacer for Mark. Expected Live: 8444K, Free: 243M, Non-Taxable: 24930K, Alloc Tax Rate: 0.0x
[50.730s][info][gc          ] GC(113) Pause Init Mark (unload classes) 0.126ms
[50.730s][info][gc,start    ] GC(113) Concurrent marking roots
[50.730s][info][gc,task     ] GC(113) Using 1 of 3 workers for concurrent marking roots
[50.730s][info][gc          ] GC(113) Concurrent marking roots 0.706ms
[50.730s][info][gc,start    ] GC(113) Concurrent marking (unload classes)
[50.730s][info][gc,task     ] GC(113) Using 1 of 3 workers for concurrent marking
[50.743s][info][gc          ] GC(113) Concurrent marking (unload classes) 12.401ms
[50.743s][info][gc,start    ] GC(113) Pause Final Mark (unload classes)
[50.743s][info][gc,task     ] GC(113) Using 3 of 3 workers for final marking
[50.743s][info][gc,ergo     ] GC(113) Adaptive CSet Selection. Target Free: 290M, Actual Free: 1822M, Max CSet: 87381K, Min Garbage: 0B
[50.743s][info][gc,ergo     ] GC(113) Collectable Garbage: 1689M (99%), Immediate: 1529M (90%), CSet: 160M (9%)
[50.743s][info][gc,ergo     ] GC(113) Pacer for Evacuation. Used CSet: 160M, Free: 1725M, Non-Taxable: 172M, Alloc Tax Rate: 1.1x
[50.743s][info][gc          ] GC(113) Pause Final Mark (unload classes) 0.219ms
[50.743s][info][gc,start    ] GC(113) Concurrent thread roots
[50.743s][info][gc,task     ] GC(113) Using 1 of 3 workers for Concurrent thread roots
[50.744s][info][gc          ] GC(113) Concurrent thread roots 0.366ms
[50.744s][info][gc,start    ] GC(113) Concurrent weak references
[50.744s][info][gc,task     ] GC(113) Using 1 of 3 workers for concurrent weak references
[50.744s][info][gc,ref      ] GC(113) Encountered references: Soft: 137, Weak: 908, Final: 3, Phantom: 124
[50.744s][info][gc,ref      ] GC(113) Discovered  references: Soft: 0, Weak: 440, Final: 1, Phantom: 108
[50.744s][info][gc,ref      ] GC(113) Enqueued    references: Soft: 0, Weak: 295, Final: 0, Phantom: 0
[50.744s][info][gc          ] GC(113) Concurrent weak references 0.151ms
[50.744s][info][gc,start    ] GC(113) Concurrent weak roots
[50.744s][info][gc,task     ] GC(113) Using 1 of 3 workers for concurrent weak root
[50.745s][info][gc          ] GC(113) Concurrent weak roots 1.689ms
[50.746s][info][gc,start    ] GC(113) Concurrent cleanup
[50.746s][info][gc          ] GC(113) Concurrent cleanup 1756M->227M(2048M) 0.111ms
[50.746s][info][gc,ergo     ] GC(113) Free: 1716M, Max: 1024K regular, 181M humongous, Frag: 90% external, 0% internal; Reserve: 102M, Max: 1024K
[50.746s][info][gc,start    ] GC(113) Concurrent class unloading
[50.746s][info][gc,task     ] GC(113) Using 1 of 3 workers for concurrent class unloading
[50.751s][info][gc          ] GC(113) Concurrent class unloading 5.818ms
[50.752s][info][gc,start    ] GC(113) Concurrent strong roots
[50.752s][info][gc,task     ] GC(113) Using 1 of 3 workers for concurrent strong root
[50.752s][info][gc          ] GC(113) Concurrent strong roots 0.100ms
[50.752s][info][gc,start    ] GC(113) Concurrent evacuation
[50.752s][info][gc,task     ] GC(113) Using 1 of 3 workers for concurrent evacuation
[50.753s][info][gc          ] GC(113) Concurrent evacuation 0.979ms
[50.753s][info][gc,start    ] GC(113) Pause Init Update Refs
[50.753s][info][gc,ergo     ] GC(113) Pacer for Update Refs. Used: 248M, Free: 1696M, Non-Taxable: 169M, Alloc Tax Rate: 1.1x
[50.753s][info][gc          ] GC(113) Pause Init Update Refs 0.052ms
[50.755s][info][gc,start    ] GC(113) Concurrent update references
[50.755s][info][gc,task     ] GC(113) Using 1 of 3 workers for concurrent reference update
[50.768s][info][gc          ] GC(113) Concurrent update references 13.343ms
[50.768s][info][gc,start    ] GC(113) Concurrent update thread roots
[50.768s][info][gc          ] GC(113) Concurrent update thread roots 0.493ms
[50.769s][info][gc,start    ] GC(113) Pause Final Update Refs
[50.769s][info][gc,task     ] GC(113) Using 3 of 3 workers for final reference update
[50.769s][info][gc          ] GC(113) Pause Final Update Refs 0.122ms
[50.771s][info][gc,start    ] GC(113) Concurrent cleanup
[50.771s][info][gc          ] GC(113) Concurrent cleanup 292M->137M(2048M) 0.055ms
[50.771s][info][gc,ergo     ] Free: 1805M, Max: 1024K regular, 1576M humongous, Frag: 13% external, 0% internal; Reserve: 103M, Max: 1024K
[50.771s][info][gc,stats    ] 
[50.771s][info][gc,stats    ] All times are wall-clock times, except per-root-class counters, that are sum over
[50.771s][info][gc,stats    ] all workers. Dividing the <total> over the root stage time estimates parallelism.
[50.771s][info][gc,stats    ] 
[50.771s][info][gc,stats    ] Concurrent Reset                    971 us
[50.771s][info][gc,stats    ] Pause Init Mark (G)                 379 us
[50.771s][info][gc,stats    ] Pause Init Mark (N)                 134 us
[50.771s][info][gc,stats    ]   Update Region States               40 us
[50.771s][info][gc,stats    ] Concurrent Mark Roots               723 us, parallelism: 0.87x
[50.771s][info][gc,stats    ]   CMR: <total>                      630 us
[50.771s][info][gc,stats    ]   CMR: Thread Roots                 578 us, workers (us): 578, ---, ---, 
[50.771s][info][gc,stats    ]   CMR: VM Strong Roots                7 us, workers (us):   7, ---, ---, 
[50.771s][info][gc,stats    ]   CMR: CLDG Roots                    45 us, workers (us):  45, ---, ---, 
[50.771s][info][gc,stats    ] Concurrent Marking                12453 us
[50.771s][info][gc,stats    ] Pause Final Mark (G)                367 us
[50.771s][info][gc,stats    ] Pause Final Mark (N)                228 us
[50.771s][info][gc,stats    ]   Finish Mark                        49 us
[50.771s][info][gc,stats    ]   Update Region States               47 us
[50.771s][info][gc,stats    ]   Choose Collection Set              55 us
[50.771s][info][gc,stats    ]   Rebuild Free Set                    8 us
[50.771s][info][gc,stats    ] Concurrent Thread Roots             382 us, parallelism: 0.80x
[50.771s][info][gc,stats    ]   CTR: <total>                      305 us
[50.771s][info][gc,stats    ]   CTR: Thread Roots                 305 us, workers (us): 305, ---, ---, 
[50.771s][info][gc,stats    ] Concurrent Weak References          158 us, parallelism: 0.58x
[50.771s][info][gc,stats    ]   CWRF: <total>                      91 us
[50.771s][info][gc,stats    ]   CWRF: Weak References              91 us, workers (us):  91, ---, ---, 
[50.771s][info][gc,stats    ] Concurrent Weak Roots              1746 us
[50.771s][info][gc,stats    ]   Roots                            1462 us, parallelism: 0.98x
[50.771s][info][gc,stats    ]     CWR: <total>                   1430 us
[50.771s][info][gc,stats    ]     CWR: Code Cache Roots          1316 us, workers (us): 1316, ---, ---, 
[50.771s][info][gc,stats    ]     CWR: VM Weak Roots              106 us, workers (us): 106, ---, ---, 
[50.771s][info][gc,stats    ]     CWR: CLDG Roots                   7 us, workers (us):   7, ---, ---, 
[50.771s][info][gc,stats    ]   Rendezvous                        208 us
[50.771s][info][gc,stats    ] Concurrent Cleanup                  121 us
[50.771s][info][gc,stats    ] Concurrent Class Unloading         5868 us
[50.771s][info][gc,stats    ]   Unlink Stale                     5033 us
[50.771s][info][gc,stats    ]     System Dictionary                10 us
[50.771s][info][gc,stats    ]     Weak Class Links                  0 us
[50.771s][info][gc,stats    ]     Code Roots                     5021 us
[50.771s][info][gc,stats    ]   Rendezvous                        449 us
[50.771s][info][gc,stats    ]   Purge Unlinked                    316 us
[50.771s][info][gc,stats    ]     Code Roots                      306 us
[50.771s][info][gc,stats    ]     CLDG                              9 us
[50.771s][info][gc,stats    ]     Exception Caches                  0 us
[50.771s][info][gc,stats    ] Concurrent Strong Roots             112 us, parallelism: 0.43x
[50.771s][info][gc,stats    ]   CSR: <total>                       48 us
[50.771s][info][gc,stats    ]   CSR: VM Strong Roots                4 us, workers (us):   4, ---, ---, 
[50.771s][info][gc,stats    ]   CSR: CLDG Roots                    43 us, workers (us):  43, ---, ---, 
[50.771s][info][gc,stats    ] Concurrent Evacuation              1025 us
[50.771s][info][gc,stats    ] Pause Init Update Refs (G)         1885 us
[50.771s][info][gc,stats    ] Pause Init Update Refs (N)           62 us
[50.771s][info][gc,stats    ]   Manage GCLABs                       4 us
[50.771s][info][gc,stats    ] Concurrent Update Refs            13403 us
[50.771s][info][gc,stats    ] Concurrent Update Thread Roots      520 us
[50.772s][info][gc,stats    ] Pause Final Update Refs (G)        2514 us
[50.772s][info][gc,stats    ] Pause Final Update Refs (N)         133 us
[50.772s][info][gc,stats    ]   Update Region States               48 us
[50.772s][info][gc,stats    ]   Trash Collection Set                8 us
[50.772s][info][gc,stats    ]   Rebuild Free Set                   15 us
[50.772s][info][gc,stats    ] Concurrent Cleanup                   67 us
[50.772s][info][gc,stats    ] 
[50.772s][info][gc,stats    ] Allocation pacing accrued:
[50.772s][info][gc,stats    ]       0 of   464 ms (  0.0%): <total>
[50.772s][info][gc,stats    ]       0 of   464 ms (  0.0%): <average total>
[50.772s][info][gc,stats    ] 
[50.772s][info][gc,metaspace] Metaspace: 8798K(9472K)->8798K(9472K) NonClass: 7948K(8320K)->7948K(8320K) Class: 850K(1152K)->850K(1152K)
[50.772s][info][gc,ergo     ] Pacer for Idle. Initial: 41943K, Alloc Tax Rate: 1.0x
[51.188s][info][gc          ] Trigger: Average GC time (48.97 ms) is above the time for average allocation rate (3710 MB/s) to deplete free headroom (163M) (margin of error = 1.98)
[51.188s][info][gc,ergo     ] Free headroom: 265M (free) - 102M (spike) - 0B (penalties) = 163M
[51.188s][info][gc,ergo     ] Free: 265M, Max: 1024K regular, 180M humongous, Frag: 31% external, 1% internal; Reserve: 103M, Max: 1024K
[51.188s][info][gc,start    ] GC(114) Concurrent reset
[51.188s][info][gc,task     ] GC(114) Using 1 of 3 workers for concurrent reset
[51.188s][info][gc,ergo     ] GC(114) Pacer for Reset. Non-Taxable: 2048M
[51.189s][info][gc          ] GC(114) Concurrent reset 0.945ms
[51.189s][info][gc,start    ] GC(114) Pause Init Mark (unload classes)
[51.189s][info][gc,task     ] GC(114) Using 3 of 3 workers for init marking
[51.189s][info][gc,ergo     ] GC(114) Pacer for Mark. Expected Live: 8448K, Free: 260M, Non-Taxable: 26718K, Alloc Tax Rate: 0.0x
[51.189s][info][gc          ] GC(114) Pause Init Mark (unload classes) 0.154ms
[51.189s][info][gc,start    ] GC(114) Concurrent marking roots
[51.189s][info][gc,task     ] GC(114) Using 1 of 3 workers for concurrent marking roots
[51.190s][info][gc          ] GC(114) Concurrent marking roots 0.428ms
[51.190s][info][gc,start    ] GC(114) Concurrent marking (unload classes)
[51.190s][info][gc,task     ] GC(114) Using 1 of 3 workers for concurrent marking
[51.195s][info][gc          ] GC(114) Concurrent marking (unload classes) 5.557ms
[51.195s][info][gc,start    ] GC(114) Pause Final Mark (unload classes)
[51.195s][info][gc,task     ] GC(114) Using 3 of 3 workers for final marking
[51.196s][info][gc,ergo     ] GC(114) Adaptive CSet Selection. Target Free: 290M, Actual Free: 1844M, Max CSet: 87381K, Min Garbage: 0B
[51.196s][info][gc,ergo     ] GC(114) Collectable Garbage: 1671M (99%), Immediate: 1510M (90%), CSet: 161M (9%)
[51.196s][info][gc,ergo     ] GC(114) Pacer for Evacuation. Used CSet: 162M, Free: 1747M, Non-Taxable: 174M, Alloc Tax Rate: 1.1x
[51.196s][info][gc          ] GC(114) Pause Final Mark (unload classes) 0.200ms
[51.196s][info][gc,start    ] GC(114) Concurrent thread roots
[51.196s][info][gc,task     ] GC(114) Using 1 of 3 workers for Concurrent thread roots
[51.196s][info][gc          ] GC(114) Concurrent thread roots 0.401ms
[51.196s][info][gc,start    ] GC(114) Concurrent weak references
[51.196s][info][gc,task     ] GC(114) Using 1 of 3 workers for concurrent weak references
[51.196s][info][gc,ref      ] GC(114) Encountered references: Soft: 137, Weak: 905, Final: 3, Phantom: 124
[51.196s][info][gc,ref      ] GC(114) Discovered  references: Soft: 0, Weak: 436, Final: 1, Phantom: 108
[51.196s][info][gc,ref      ] GC(114) Enqueued    references: Soft: 0, Weak: 295, Final: 0, Phantom: 0
[51.196s][info][gc          ] GC(114) Concurrent weak references 0.185ms
[51.196s][info][gc,start    ] GC(114) Concurrent weak roots
[51.196s][info][gc,task     ] GC(114) Using 1 of 3 workers for concurrent weak root
[51.199s][info][gc          ] GC(114) Concurrent weak roots 2.430ms
[51.199s][info][gc,start    ] GC(114) Concurrent cleanup
[51.199s][info][gc          ] GC(114) Concurrent cleanup 1715M->206M(2048M) 0.101ms
[51.199s][info][gc,ergo     ] GC(114) Free: 1736M, Max: 1024K regular, 185M humongous, Frag: 90% external, 0% internal; Reserve: 102M, Max: 1024K
[51.199s][info][gc,start    ] GC(114) Concurrent class unloading
[51.199s][info][gc,task     ] GC(114) Using 1 of 3 workers for concurrent class unloading
[51.204s][info][gc          ] GC(114) Concurrent class unloading 5.590ms
[51.205s][info][gc,start    ] GC(114) Concurrent strong roots
[51.205s][info][gc,task     ] GC(114) Using 1 of 3 workers for concurrent strong root
[51.205s][info][gc          ] GC(114) Concurrent strong roots 0.098ms
[51.205s][info][gc,start    ] GC(114) Concurrent evacuation
[51.205s][info][gc,task     ] GC(114) Using 1 of 3 workers for concurrent evacuation
[51.206s][info][gc          ] GC(114) Concurrent evacuation 0.993ms
[51.206s][info][gc,start    ] GC(114) Pause Init Update Refs
[51.206s][info][gc,ergo     ] GC(114) Pacer for Update Refs. Used: 223M, Free: 1720M, Non-Taxable: 172M, Alloc Tax Rate: 1.1x
[51.206s][info][gc          ] GC(114) Pause Init Update Refs 0.051ms
[51.206s][info][gc,start    ] GC(114) Concurrent update references
[51.206s][info][gc,task     ] GC(114) Using 1 of 3 workers for concurrent reference update
[51.213s][info][gc          ] GC(114) Concurrent update references 6.977ms
[51.213s][info][gc,start    ] GC(114) Concurrent update thread roots
[51.214s][info][gc          ] GC(114) Concurrent update thread roots 1.143ms
[51.214s][info][gc,start    ] GC(114) Pause Final Update Refs
[51.214s][info][gc,task     ] GC(114) Using 3 of 3 workers for final reference update
[51.214s][info][gc          ] GC(114) Pause Final Update Refs 0.103ms
[51.217s][info][gc,start    ] GC(114) Concurrent cleanup
[51.217s][info][gc          ] GC(114) Concurrent cleanup 251M->92M(2048M) 0.058ms
[51.217s][info][gc,ergo     ] Free: 1850M, Max: 1024K regular, 1566M humongous, Frag: 16% external, 0% internal; Reserve: 103M, Max: 1024K
[51.217s][info][gc,stats    ] 
[51.217s][info][gc,stats    ] All times are wall-clock times, except per-root-class counters, that are sum over
[51.217s][info][gc,stats    ] all workers. Dividing the <total> over the root stage time estimates parallelism.
[51.217s][info][gc,stats    ] 
[51.217s][info][gc,stats    ] Concurrent Reset                   1017 us
[51.217s][info][gc,stats    ] Pause Init Mark (G)                 387 us
[51.217s][info][gc,stats    ] Pause Init Mark (N)                 163 us
[51.217s][info][gc,stats    ]   Update Region States               75 us
[51.217s][info][gc,stats    ] Concurrent Mark Roots               456 us, parallelism: 0.82x
[51.217s][info][gc,stats    ]   CMR: <total>                      376 us
[51.217s][info][gc,stats    ]   CMR: Thread Roots                 328 us, workers (us): 328, ---, ---, 
[51.217s][info][gc,stats    ]   CMR: VM Strong Roots                6 us, workers (us):   6, ---, ---, 
[51.217s][info][gc,stats    ]   CMR: CLDG Roots                    41 us, workers (us):  41, ---, ---, 
[51.217s][info][gc,stats    ] Concurrent Marking                 5605 us
[51.217s][info][gc,stats    ] Pause Final Mark (G)                315 us
[51.217s][info][gc,stats    ] Pause Final Mark (N)                209 us
[51.217s][info][gc,stats    ]   Finish Mark                        46 us
[51.217s][info][gc,stats    ]   Update Region States               35 us
[51.217s][info][gc,stats    ]   Choose Collection Set              54 us
[51.217s][info][gc,stats    ]   Rebuild Free Set                    9 us
[51.217s][info][gc,stats    ] Concurrent Thread Roots             420 us, parallelism: 0.83x
[51.217s][info][gc,stats    ]   CTR: <total>                      348 us
[51.217s][info][gc,stats    ]   CTR: Thread Roots                 348 us, workers (us): 348, ---, ---, 
[51.217s][info][gc,stats    ] Concurrent Weak References          193 us, parallelism: 0.62x
[51.217s][info][gc,stats    ]   CWRF: <total>                     120 us
[51.217s][info][gc,stats    ]   CWRF: Weak References             120 us, workers (us): 120, ---, ---, 
[51.217s][info][gc,stats    ] Concurrent Weak Roots              2468 us
[51.217s][info][gc,stats    ]   Roots                            1297 us, parallelism: 0.98x
[51.217s][info][gc,stats    ]     CWR: <total>                   1266 us
[51.217s][info][gc,stats    ]     CWR: Code Cache Roots          1156 us, workers (us): 1156, ---, ---, 
[51.217s][info][gc,stats    ]     CWR: VM Weak Roots              103 us, workers (us): 103, ---, ---, 
[51.217s][info][gc,stats    ]     CWR: CLDG Roots                   7 us, workers (us):   7, ---, ---, 
[51.217s][info][gc,stats    ]   Rendezvous                       1113 us
[51.217s][info][gc,stats    ] Concurrent Cleanup                  110 us
[51.217s][info][gc,stats    ] Concurrent Class Unloading         5629 us
[51.217s][info][gc,stats    ]   Unlink Stale                     5019 us
[51.217s][info][gc,stats    ]     System Dictionary                11 us
[51.217s][info][gc,stats    ]     Weak Class Links                  0 us
[51.217s][info][gc,stats    ]     Code Roots                     5006 us
[51.217s][info][gc,stats    ]   Rendezvous                        300 us
[51.217s][info][gc,stats    ]   Purge Unlinked                    250 us
[51.217s][info][gc,stats    ]     Code Roots                      244 us
[51.217s][info][gc,stats    ]     CLDG                              6 us
[51.217s][info][gc,stats    ]     Exception Caches                  0 us
[51.217s][info][gc,stats    ] Concurrent Strong Roots             116 us, parallelism: 0.40x
[51.217s][info][gc,stats    ]   CSR: <total>                       46 us
[51.217s][info][gc,stats    ]   CSR: VM Strong Roots                4 us, workers (us):   4, ---, ---, 
[51.217s][info][gc,stats    ]   CSR: CLDG Roots                    42 us, workers (us):  42, ---, ---, 
[51.217s][info][gc,stats    ] Concurrent Evacuation              1043 us
[51.217s][info][gc,stats    ] Pause Init Update Refs (G)          337 us
[51.217s][info][gc,stats    ] Pause Init Update Refs (N)           59 us
[51.217s][info][gc,stats    ]   Manage GCLABs                       4 us
[51.217s][info][gc,stats    ] Concurrent Update Refs             7054 us
[51.217s][info][gc,stats    ] Concurrent Update Thread Roots     1174 us
[51.217s][info][gc,stats    ] Pause Final Update Refs (G)        2500 us
[51.217s][info][gc,stats    ] Pause Final Update Refs (N)         136 us
[51.217s][info][gc,stats    ]   Update Region States               46 us
[51.217s][info][gc,stats    ]   Trash Collection Set                9 us
[51.217s][info][gc,stats    ]   Rebuild Free Set                   16 us
[51.217s][info][gc,stats    ] Concurrent Cleanup                   72 us
[51.217s][info][gc,stats    ] 
[51.217s][info][gc,stats    ] Allocation pacing accrued:
[51.217s][info][gc,stats    ]       0 of   446 ms (  0.0%): <total>
[51.217s][info][gc,stats    ]       0 of   446 ms (  0.0%): <average total>
[51.217s][info][gc,stats    ] 
[51.217s][info][gc,metaspace] Metaspace: 8798K(9472K)->8798K(9472K) NonClass: 7948K(8320K)->7948K(8320K) Class: 850K(1152K)->850K(1152K)
[51.217s][info][gc,ergo     ] Pacer for Idle. Initial: 41943K, Alloc Tax Rate: 1.0x
[51.647s][info][gc          ] Trigger: Average GC time (45.61 ms) is above the time for average allocation rate (3703 MB/s) to deplete free headroom (149M) (margin of error = 1.98)
[51.647s][info][gc,ergo     ] Free headroom: 252M (free) - 102M (spike) - 0B (penalties) = 149M
[51.647s][info][gc,ergo     ] Free: 252M, Max: 1024K regular, 245M humongous, Frag: 0% external, 1% internal; Reserve: 103M, Max: 1024K
[51.647s][info][gc,start    ] GC(115) Concurrent reset
[51.647s][info][gc,task     ] GC(115) Using 1 of 3 workers for concurrent reset
[51.647s][info][gc,ergo     ] GC(115) Pacer for Reset. Non-Taxable: 2048M
[51.648s][info][gc          ] GC(115) Concurrent reset 0.992ms
[51.648s][info][gc,start    ] GC(115) Pause Init Mark (unload classes)
[51.648s][info][gc,task     ] GC(115) Using 3 of 3 workers for init marking
[51.648s][info][gc,ergo     ] GC(115) Pacer for Mark. Expected Live: 8455K, Free: 251M, Non-Taxable: 25726K, Alloc Tax Rate: 0.0x
[51.648s][info][gc          ] GC(115) Pause Init Mark (unload classes) 0.115ms
[51.649s][info][gc,start    ] GC(115) Concurrent marking roots
[51.649s][info][gc,task     ] GC(115) Using 1 of 3 workers for concurrent marking roots
[51.649s][info][gc          ] GC(115) Concurrent marking roots 0.380ms
[51.649s][info][gc,start    ] GC(115) Concurrent marking (unload classes)
[51.649s][info][gc,task     ] GC(115) Using 1 of 3 workers for concurrent marking
[51.656s][info][gc          ] GC(115) Concurrent marking (unload classes) 6.522ms
[51.656s][info][gc,start    ] GC(115) Pause Final Mark (unload classes)
[51.656s][info][gc,task     ] GC(115) Using 3 of 3 workers for final marking
[51.656s][info][gc,ergo     ] GC(115) Adaptive CSet Selection. Target Free: 290M, Actual Free: 1842M, Max CSet: 87381K, Min Garbage: 0B
[51.656s][info][gc,ergo     ] GC(115) Collectable Garbage: 1681M (99%), Immediate: 1524M (90%), CSet: 157M (9%)
[51.656s][info][gc,ergo     ] GC(115) Pacer for Evacuation. Used CSet: 158M, Free: 1746M, Non-Taxable: 174M, Alloc Tax Rate: 1.1x
[51.656s][info][gc          ] GC(115) Pause Final Mark (unload classes) 0.227ms
[51.656s][info][gc,start    ] GC(115) Concurrent thread roots
[51.656s][info][gc,task     ] GC(115) Using 1 of 3 workers for Concurrent thread roots
[51.657s][info][gc          ] GC(115) Concurrent thread roots 0.361ms
[51.657s][info][gc,start    ] GC(115) Concurrent weak references
[51.657s][info][gc,task     ] GC(115) Using 1 of 3 workers for concurrent weak references
[51.657s][info][gc,ref      ] GC(115) Encountered references: Soft: 137, Weak: 899, Final: 3, Phantom: 111
[51.657s][info][gc,ref      ] GC(115) Discovered  references: Soft: 0, Weak: 433, Final: 1, Phantom: 99
[51.657s][info][gc,ref      ] GC(115) Enqueued    references: Soft: 0, Weak: 295, Final: 0, Phantom: 0
[51.657s][info][gc          ] GC(115) Concurrent weak references 0.147ms
[51.657s][info][gc,start    ] GC(115) Concurrent weak roots
[51.657s][info][gc,task     ] GC(115) Using 1 of 3 workers for concurrent weak root
[51.658s][info][gc          ] GC(115) Concurrent weak roots 1.489ms
[51.658s][info][gc,start    ] GC(115) Concurrent cleanup
[51.658s][info][gc          ] GC(115) Concurrent cleanup 1729M->205M(2048M) 0.101ms
[51.659s][info][gc,ergo     ] GC(115) Free: 1738M, Max: 1024K regular, 207M humongous, Frag: 89% external, 0% internal; Reserve: 102M, Max: 1024K
[51.659s][info][gc,start    ] GC(115) Concurrent class unloading
[51.659s][info][gc,task     ] GC(115) Using 1 of 3 workers for concurrent class unloading
[51.664s][info][gc          ] GC(115) Concurrent class unloading 5.801ms
[51.664s][info][gc,start    ] GC(115) Concurrent strong roots
[51.664s][info][gc,task     ] GC(115) Using 1 of 3 workers for concurrent strong root
[51.664s][info][gc          ] GC(115) Concurrent strong roots 0.081ms
[51.664s][info][gc,start    ] GC(115) Concurrent evacuation
[51.664s][info][gc,task     ] GC(115) Using 1 of 3 workers for concurrent evacuation
[51.665s][info][gc          ] GC(115) Concurrent evacuation 0.953ms
[51.666s][info][gc,start    ] GC(115) Pause Init Update Refs
[51.666s][info][gc,ergo     ] GC(115) Pacer for Update Refs. Used: 224M, Free: 1720M, Non-Taxable: 172M, Alloc Tax Rate: 1.1x
[51.666s][info][gc          ] GC(115) Pause Init Update Refs 0.048ms
[51.666s][info][gc,start    ] GC(115) Concurrent update references
[51.666s][info][gc,task     ] GC(115) Using 1 of 3 workers for concurrent reference update
[51.674s][info][gc          ] GC(115) Concurrent update references 8.379ms
[51.674s][info][gc,start    ] GC(115) Concurrent update thread roots
[51.675s][info][gc          ] GC(115) Concurrent update thread roots 0.448ms
[51.675s][info][gc,start    ] GC(115) Pause Final Update Refs
[51.675s][info][gc,task     ] GC(115) Using 3 of 3 workers for final reference update
[51.675s][info][gc          ] GC(115) Pause Final Update Refs 0.121ms
[51.675s][info][gc,start    ] GC(115) Concurrent cleanup
[51.675s][info][gc          ] GC(115) Concurrent cleanup 249M->93M(2048M) 0.044ms
[51.675s][info][gc,ergo     ] Free: 1849M, Max: 1024K regular, 1634M humongous, Frag: 12% external, 0% internal; Reserve: 103M, Max: 1024K
[51.675s][info][gc,stats    ] 
[51.675s][info][gc,stats    ] All times are wall-clock times, except per-root-class counters, that are sum over
[51.675s][info][gc,stats    ] all workers. Dividing the <total> over the root stage time estimates parallelism.
[51.675s][info][gc,stats    ] 
[51.675s][info][gc,stats    ] Concurrent Reset                   1054 us
[51.675s][info][gc,stats    ] Pause Init Mark (G)                1131 us
[51.675s][info][gc,stats    ] Pause Init Mark (N)                 124 us
[51.675s][info][gc,stats    ]   Update Region States               38 us
[51.675s][info][gc,stats    ] Concurrent Mark Roots               395 us, parallelism: 0.74x
[51.675s][info][gc,stats    ]   CMR: <total>                      294 us
[51.675s][info][gc,stats    ]   CMR: Thread Roots                 236 us, workers (us): 236, ---, ---, 
[51.675s][info][gc,stats    ]   CMR: VM Strong Roots                8 us, workers (us):   8, ---, ---, 
[51.675s][info][gc,stats    ]   CMR: CLDG Roots                    49 us, workers (us):  49, ---, ---, 
[51.675s][info][gc,stats    ] Concurrent Marking                 6569 us
[51.675s][info][gc,stats    ] Pause Final Mark (G)                343 us
[51.675s][info][gc,stats    ] Pause Final Mark (N)                236 us
[51.675s][info][gc,stats    ]   Finish Mark                        51 us
[51.675s][info][gc,stats    ]   Update Region States               47 us
[51.675s][info][gc,stats    ]   Choose Collection Set              60 us
[51.675s][info][gc,stats    ]   Rebuild Free Set                    8 us
[51.675s][info][gc,stats    ] Concurrent Thread Roots             378 us, parallelism: 0.83x
[51.675s][info][gc,stats    ]   CTR: <total>                      314 us
[51.675s][info][gc,stats    ]   CTR: Thread Roots                 314 us, workers (us): 314, ---, ---, 
[51.675s][info][gc,stats    ] Concurrent Weak References          155 us, parallelism: 0.57x
[51.676s][info][gc,stats    ]   CWRF: <total>                      88 us
[51.676s][info][gc,stats    ]   CWRF: Weak References              88 us, workers (us):  88, ---, ---, 
[51.676s][info][gc,stats    ] Concurrent Weak Roots              1525 us
[51.676s][info][gc,stats    ]   Roots                            1335 us, parallelism: 0.97x
[51.676s][info][gc,stats    ]     CWR: <total>                   1292 us
[51.676s][info][gc,stats    ]     CWR: Code Cache Roots          1186 us, workers (us): 1186, ---, ---, 
[51.676s][info][gc,stats    ]     CWR: VM Weak Roots               98 us, workers (us):  98, ---, ---, 
[51.676s][info][gc,stats    ]     CWR: CLDG Roots                   7 us, workers (us):   7, ---, ---, 
[51.676s][info][gc,stats    ]   Rendezvous                        127 us
[51.676s][info][gc,stats    ] Concurrent Cleanup                  110 us
[51.676s][info][gc,stats    ] Concurrent Class Unloading         5847 us
[51.676s][info][gc,stats    ]   Unlink Stale                     5119 us
[51.676s][info][gc,stats    ]     System Dictionary                10 us
[51.676s][info][gc,stats    ]     Weak Class Links                  0 us
[51.676s][info][gc,stats    ]     Code Roots                     5107 us
[51.676s][info][gc,stats    ]   Rendezvous                        418 us
[51.676s][info][gc,stats    ]   Purge Unlinked                    243 us
[51.676s][info][gc,stats    ]     Code Roots                      236 us
[51.676s][info][gc,stats    ]     CLDG                              6 us
[51.676s][info][gc,stats    ]     Exception Caches                  0 us
[51.676s][info][gc,stats    ] Concurrent Strong Roots              94 us, parallelism: 0.43x
[51.676s][info][gc,stats    ]   CSR: <total>                       41 us
[51.676s][info][gc,stats    ]   CSR: VM Strong Roots                4 us, workers (us):   4, ---, ---, 
[51.676s][info][gc,stats    ]   CSR: CLDG Roots                    37 us, workers (us):  37, ---, ---, 
[51.676s][info][gc,stats    ] Concurrent Evacuation              1006 us
[51.676s][info][gc,stats    ] Pause Init Update Refs (G)          487 us
[51.676s][info][gc,stats    ] Pause Init Update Refs (N)           57 us
[51.676s][info][gc,stats    ]   Manage GCLABs                       3 us
[51.676s][info][gc,stats    ] Concurrent Update Refs             8430 us
[51.676s][info][gc,stats    ] Concurrent Update Thread Roots      473 us
[51.676s][info][gc,stats    ] Pause Final Update Refs (G)         364 us
[51.676s][info][gc,stats    ] Pause Final Update Refs (N)         142 us
[51.676s][info][gc,stats    ]   Update Region States               51 us
[51.676s][info][gc,stats    ]   Trash Collection Set                9 us
[51.676s][info][gc,stats    ]   Rebuild Free Set                   16 us
[51.676s][info][gc,stats    ] Concurrent Cleanup                   55 us
[51.676s][info][gc,stats    ] 
[51.676s][info][gc,stats    ] Allocation pacing accrued:
[51.676s][info][gc,stats    ]       0 of   458 ms (  0.0%): <total>
[51.676s][info][gc,stats    ]       0 of   458 ms (  0.0%): <average total>
[51.676s][info][gc,stats    ] 
[51.676s][info][gc,metaspace] Metaspace: 8798K(9472K)->8798K(9472K) NonClass: 7948K(8320K)->7948K(8320K) Class: 850K(1152K)->850K(1152K)
[51.676s][info][gc,ergo     ] Pacer for Idle. Initial: 41943K, Alloc Tax Rate: 1.0x
[52.119s][info][gc          ] Trigger: Average GC time (40.95 ms) is above the time for average allocation rate (3662 MB/s) to deplete free headroom (103M) (margin of error = 1.98)
[52.119s][info][gc,ergo     ] Free headroom: 205M (free) - 102M (spike) - 0B (penalties) = 103M
[52.119s][info][gc,ergo     ] Free: 205M, Max: 1024K regular, 198M humongous, Frag: 0% external, 1% internal; Reserve: 103M, Max: 1024K
[52.119s][info][gc,start    ] GC(116) Concurrent reset
[52.119s][info][gc,task     ] GC(116) Using 1 of 3 workers for concurrent reset
[52.119s][info][gc,ergo     ] GC(116) Pacer for Reset. Non-Taxable: 2048M
[52.120s][info][gc          ] GC(116) Concurrent reset 0.931ms
[52.120s][info][gc,start    ] GC(116) Pause Init Mark (unload classes)
[52.120s][info][gc,task     ] GC(116) Using 3 of 3 workers for init marking
[52.120s][info][gc,ergo     ] GC(116) Pacer for Mark. Expected Live: 8462K, Free: 203M, Non-Taxable: 20862K, Alloc Tax Rate: 0.0x
[52.120s][info][gc          ] GC(116) Pause Init Mark (unload classes) 0.124ms
[52.126s][info][gc,start    ] GC(116) Concurrent marking roots
[52.126s][info][gc,task     ] GC(116) Using 1 of 3 workers for concurrent marking roots
[52.126s][info][gc          ] GC(116) Concurrent marking roots 0.430ms
[52.126s][info][gc,start    ] GC(116) Concurrent marking (unload classes)
[52.126s][info][gc,task     ] GC(116) Using 1 of 3 workers for concurrent marking
[52.131s][info][gc          ] GC(116) Concurrent marking (unload classes) 4.589ms
[52.131s][info][gc,start    ] GC(116) Pause Final Mark (unload classes)
[52.131s][info][gc,task     ] GC(116) Using 3 of 3 workers for final marking
[52.131s][info][gc,ergo     ] GC(116) Adaptive CSet Selection. Target Free: 290M, Actual Free: 1839M, Max CSet: 87381K, Min Garbage: 0B
[52.131s][info][gc,ergo     ] GC(116) Collectable Garbage: 1728M (99%), Immediate: 1564M (90%), CSet: 164M (9%)
[52.131s][info][gc,ergo     ] GC(116) Pacer for Evacuation. Used CSet: 165M, Free: 1743M, Non-Taxable: 174M, Alloc Tax Rate: 1.1x
[52.131s][info][gc          ] GC(116) Pause Final Mark (unload classes) 0.253ms
[52.131s][info][gc,start    ] GC(116) Concurrent thread roots
[52.131s][info][gc,task     ] GC(116) Using 1 of 3 workers for Concurrent thread roots
[52.132s][info][gc          ] GC(116) Concurrent thread roots 0.403ms
[52.132s][info][gc,start    ] GC(116) Concurrent weak references
[52.132s][info][gc,task     ] GC(116) Using 1 of 3 workers for concurrent weak references
[52.132s][info][gc,ref      ] GC(116) Encountered references: Soft: 137, Weak: 902, Final: 3, Phantom: 107
[52.132s][info][gc,ref      ] GC(116) Discovered  references: Soft: 0, Weak: 430, Final: 1, Phantom: 84
[52.132s][info][gc,ref      ] GC(116) Enqueued    references: Soft: 0, Weak: 299, Final: 0, Phantom: 0
[52.132s][info][gc          ] GC(116) Concurrent weak references 0.164ms
[52.132s][info][gc,start    ] GC(116) Concurrent weak roots
[52.132s][info][gc,task     ] GC(116) Using 1 of 3 workers for concurrent weak root
[52.133s][info][gc          ] GC(116) Concurrent weak roots 1.152ms
[52.133s][info][gc,start    ] GC(116) Concurrent cleanup
[52.133s][info][gc          ] GC(116) Concurrent cleanup 1766M->202M(2048M) 0.099ms
[52.133s][info][gc,ergo     ] GC(116) Free: 1740M, Max: 1024K regular, 169M humongous, Frag: 91% external, 0% internal; Reserve: 102M, Max: 1024K
[52.133s][info][gc,start    ] GC(116) Concurrent class unloading
[52.133s][info][gc,task     ] GC(116) Using 1 of 3 workers for concurrent class unloading
[52.139s][info][gc          ] GC(116) Concurrent class unloading 5.452ms
[52.139s][info][gc,start    ] GC(116) Concurrent strong roots
[52.139s][info][gc,task     ] GC(116) Using 1 of 3 workers for concurrent strong root
[52.139s][info][gc          ] GC(116) Concurrent strong roots 0.081ms
[52.139s][info][gc,start    ] GC(116) Concurrent evacuation
[52.139s][info][gc,task     ] GC(116) Using 1 of 3 workers for concurrent evacuation
[52.140s][info][gc          ] GC(116) Concurrent evacuation 1.013ms
[52.140s][info][gc,start    ] GC(116) Pause Init Update Refs
[52.140s][info][gc,ergo     ] GC(116) Pacer for Update Refs. Used: 221M, Free: 1722M, Non-Taxable: 172M, Alloc Tax Rate: 1.1x
[52.140s][info][gc          ] GC(116) Pause Init Update Refs 0.044ms
[52.140s][info][gc,start    ] GC(116) Concurrent update references
[52.140s][info][gc,task     ] GC(116) Using 1 of 3 workers for concurrent reference update
[52.148s][info][gc          ] GC(116) Concurrent update references 7.642ms
[52.148s][info][gc,start    ] GC(116) Concurrent update thread roots
[52.150s][info][gc          ] GC(116) Concurrent update thread roots 1.795ms
[52.150s][info][gc,start    ] GC(116) Pause Final Update Refs
[52.150s][info][gc,task     ] GC(116) Using 3 of 3 workers for final reference update
[52.150s][info][gc          ] GC(116) Pause Final Update Refs 0.106ms
[52.151s][info][gc,start    ] GC(116) Concurrent cleanup
[52.151s][info][gc          ] GC(116) Concurrent cleanup 246M->82M(2048M) 0.063ms
[52.151s][info][gc,ergo     ] Free: 1860M, Max: 1024K regular, 1681M humongous, Frag: 10% external, 0% internal; Reserve: 103M, Max: 1024K
[52.151s][info][gc,stats    ] 
[52.151s][info][gc,stats    ] All times are wall-clock times, except per-root-class counters, that are sum over
[52.151s][info][gc,stats    ] all workers. Dividing the <total> over the root stage time estimates parallelism.
[52.151s][info][gc,stats    ] 
[52.151s][info][gc,stats    ] Concurrent Reset                   1013 us
[52.151s][info][gc,stats    ] Pause Init Mark (G)                6080 us
[52.151s][info][gc,stats    ] Pause Init Mark (N)                 134 us
[52.151s][info][gc,stats    ]   Update Region States               39 us
[52.151s][info][gc,stats    ] Concurrent Mark Roots               446 us, parallelism: 0.73x
[52.151s][info][gc,stats    ]   CMR: <total>                      324 us
[52.151s][info][gc,stats    ]   CMR: Thread Roots                 255 us, workers (us): 255, ---, ---, 
[52.151s][info][gc,stats    ]   CMR: VM Strong Roots                8 us, workers (us):   8, ---, ---, 
[52.151s][info][gc,stats    ]   CMR: CLDG Roots                    61 us, workers (us):  61, ---, ---, 
[52.151s][info][gc,stats    ] Concurrent Marking                 4652 us
[52.151s][info][gc,stats    ] Pause Final Mark (G)                335 us
[52.151s][info][gc,stats    ] Pause Final Mark (N)                261 us
[52.151s][info][gc,stats    ]   Finish Mark                        51 us
[52.151s][info][gc,stats    ]   Update Region States               39 us
[52.151s][info][gc,stats    ]   Choose Collection Set              71 us
[52.151s][info][gc,stats    ]   Rebuild Free Set                    8 us
[52.151s][info][gc,stats    ] Concurrent Thread Roots             422 us, parallelism: 0.79x
[52.151s][info][gc,stats    ]   CTR: <total>                      334 us
[52.151s][info][gc,stats    ]   CTR: Thread Roots                 334 us, workers (us): 334, ---, ---, 
[52.151s][info][gc,stats    ] Concurrent Weak References          179 us, parallelism: 0.29x
[52.151s][info][gc,stats    ]   CWRF: <total>                      52 us
[52.151s][info][gc,stats    ]   CWRF: Weak References              52 us, workers (us):  52, ---, ---, 
[52.151s][info][gc,stats    ] Concurrent Weak Roots              1169 us
[52.151s][info][gc,stats    ]   Roots                            1068 us, parallelism: 0.97x
[52.151s][info][gc,stats    ]     CWR: <total>                   1037 us
[52.151s][info][gc,stats    ]     CWR: Code Cache Roots           939 us, workers (us): 939, ---, ---, 
[52.151s][info][gc,stats    ]     CWR: VM Weak Roots               91 us, workers (us):  91, ---, ---, 
[52.151s][info][gc,stats    ]     CWR: CLDG Roots                   6 us, workers (us):   6, ---, ---, 
[52.151s][info][gc,stats    ]   Rendezvous                         51 us
[52.151s][info][gc,stats    ] Concurrent Cleanup                  107 us
[52.151s][info][gc,stats    ] Concurrent Class Unloading         5482 us
[52.151s][info][gc,stats    ]   Unlink Stale                     4807 us
[52.151s][info][gc,stats    ]     System Dictionary                 8 us
[52.151s][info][gc,stats    ]     Weak Class Links                  0 us
[52.151s][info][gc,stats    ]     Code Roots                     4797 us
[52.151s][info][gc,stats    ]   Rendezvous                        345 us
[52.151s][info][gc,stats    ]   Purge Unlinked                    282 us
[52.151s][info][gc,stats    ]     Code Roots                      278 us
[52.151s][info][gc,stats    ]     CLDG                              4 us
[52.151s][info][gc,stats    ]     Exception Caches                  0 us
[52.151s][info][gc,stats    ] Concurrent Strong Roots              97 us, parallelism: 0.37x
[52.151s][info][gc,stats    ]   CSR: <total>                       36 us
[52.151s][info][gc,stats    ]   CSR: VM Strong Roots                3 us, workers (us):   3, ---, ---, 
[52.151s][info][gc,stats    ]   CSR: CLDG Roots                    33 us, workers (us):  33, ---, ---, 
[52.151s][info][gc,stats    ] Concurrent Evacuation              1055 us
[52.151s][info][gc,stats    ] Pause Init Update Refs (G)          179 us
[52.151s][info][gc,stats    ] Pause Init Update Refs (N)           53 us
[52.151s][info][gc,stats    ]   Manage GCLABs                       3 us
[52.151s][info][gc,stats    ] Concurrent Update Refs             7682 us
[52.151s][info][gc,stats    ] Concurrent Update Thread Roots     1833 us
[52.151s][info][gc,stats    ] Pause Final Update Refs (G)         815 us
[52.151s][info][gc,stats    ] Pause Final Update Refs (N)         140 us
[52.151s][info][gc,stats    ]   Update Region States               48 us
[52.151s][info][gc,stats    ]   Trash Collection Set                6 us
[52.151s][info][gc,stats    ]   Rebuild Free Set                   12 us
[52.151s][info][gc,stats    ] Concurrent Cleanup                   74 us
[52.151s][info][gc,stats    ] Pacing                            34382 us
[52.151s][info][gc,stats    ] 
[52.151s][info][gc,stats    ] Allocation pacing accrued:
[52.151s][info][gc,stats    ]      10 of   475 ms (  2.2%): Query0
[52.151s][info][gc,stats    ]       8 of   475 ms (  1.6%): Query1
[52.151s][info][gc,stats    ]       8 of   475 ms (  1.8%): Query2
[52.151s][info][gc,stats    ]       8 of   475 ms (  1.7%): Query4
[52.151s][info][gc,stats    ]      34 of   475 ms (  7.2%): <total>
[52.151s][info][gc,stats    ]       2 of   475 ms (  0.4%): <average total>
[52.151s][info][gc,stats    ]       9 of   475 ms (  1.8%): <average non-zero>
[52.151s][info][gc,stats    ] 
[52.151s][info][gc,metaspace] Metaspace: 8798K(9472K)->8798K(9472K) NonClass: 7948K(8320K)->7948K(8320K) Class: 850K(1152K)->850K(1152K)
[52.151s][info][gc,ergo     ] Pacer for Idle. Initial: 41943K, Alloc Tax Rate: 1.0x
[52.602s][info][gc          ] Trigger: Free (204M) is below minimum threshold (204M)
[52.602s][info][gc,ergo     ] Free: 204M, Max: 1024K regular, 170M humongous, Frag: 14% external, 1% internal; Reserve: 103M, Max: 1024K
[52.602s][info][gc,start    ] GC(117) Concurrent reset
[52.602s][info][gc,task     ] GC(117) Using 1 of 3 workers for concurrent reset
[52.602s][info][gc,ergo     ] GC(117) Pacer for Reset. Non-Taxable: 2048M
[52.603s][info][gc          ] GC(117) Concurrent reset 0.994ms
[52.603s][info][gc,start    ] GC(117) Pause Init Mark (unload classes)
[52.603s][info][gc,task     ] GC(117) Using 3 of 3 workers for init marking
[52.603s][info][gc,ergo     ] GC(117) Pacer for Mark. Expected Live: 8455K, Free: 203M, Non-Taxable: 20811K, Alloc Tax Rate: 0.0x
[52.603s][info][gc          ] GC(117) Pause Init Mark (unload classes) 0.128ms
[52.603s][info][gc,start    ] GC(117) Concurrent marking roots
[52.603s][info][gc,task     ] GC(117) Using 1 of 3 workers for concurrent marking roots
[52.604s][info][gc          ] GC(117) Concurrent marking roots 0.398ms
[52.604s][info][gc,start    ] GC(117) Concurrent marking (unload classes)
[52.604s][info][gc,task     ] GC(117) Using 1 of 3 workers for concurrent marking
[52.610s][info][gc          ] GC(117) Concurrent marking (unload classes) 6.455ms
[52.610s][info][gc,start    ] GC(117) Pause Final Mark (unload classes)
[52.610s][info][gc,task     ] GC(117) Using 3 of 3 workers for final marking
[52.610s][info][gc,ergo     ] GC(117) Adaptive CSet Selection. Target Free: 290M, Actual Free: 1840M, Max CSet: 87381K, Min Garbage: 0B
[52.610s][info][gc,ergo     ] GC(117) Collectable Garbage: 1729M (99%), Immediate: 1566M (90%), CSet: 163M (9%)
[52.610s][info][gc,ergo     ] GC(117) Pacer for Evacuation. Used CSet: 164M, Free: 1744M, Non-Taxable: 174M, Alloc Tax Rate: 1.1x
[52.610s][info][gc          ] GC(117) Pause Final Mark (unload classes) 0.221ms
[52.610s][info][gc,start    ] GC(117) Concurrent thread roots
[52.611s][info][gc,task     ] GC(117) Using 1 of 3 workers for Concurrent thread roots
[52.611s][info][gc          ] GC(117) Concurrent thread roots 0.437ms
[52.611s][info][gc,start    ] GC(117) Concurrent weak references
[52.611s][info][gc,task     ] GC(117) Using 1 of 3 workers for concurrent weak references
[52.611s][info][gc,ref      ] GC(117) Encountered references: Soft: 137, Weak: 914, Final: 3, Phantom: 124
[52.611s][info][gc,ref      ] GC(117) Discovered  references: Soft: 0, Weak: 443, Final: 1, Phantom: 109
[52.611s][info][gc,ref      ] GC(117) Enqueued    references: Soft: 0, Weak: 304, Final: 0, Phantom: 0
[52.611s][info][gc          ] GC(117) Concurrent weak references 0.186ms
[52.611s][info][gc,start    ] GC(117) Concurrent weak roots
[52.611s][info][gc,task     ] GC(117) Using 1 of 3 workers for concurrent weak root
[52.613s][info][gc          ] GC(117) Concurrent weak roots 1.480ms
[52.613s][info][gc,start    ] GC(117) Concurrent cleanup
[52.613s][info][gc          ] GC(117) Concurrent cleanup 1772M->207M(2048M) 0.134ms
[52.613s][info][gc,ergo     ] GC(117) Free: 1736M, Max: 1024K regular, 164M humongous, Frag: 91% external, 0% internal; Reserve: 102M, Max: 1024K
[52.613s][info][gc,start    ] GC(117) Concurrent class unloading
[52.613s][info][gc,task     ] GC(117) Using 1 of 3 workers for concurrent class unloading
[52.619s][info][gc          ] GC(117) Concurrent class unloading 5.664ms
[52.619s][info][gc,start    ] GC(117) Concurrent strong roots
[52.619s][info][gc,task     ] GC(117) Using 1 of 3 workers for concurrent strong root
[52.619s][info][gc          ] GC(117) Concurrent strong roots 0.087ms
[52.619s][info][gc,start    ] GC(117) Concurrent evacuation
[52.619s][info][gc,task     ] GC(117) Using 1 of 3 workers for concurrent evacuation
[52.620s][info][gc          ] GC(117) Concurrent evacuation 1.007ms
[52.620s][info][gc,start    ] GC(117) Pause Init Update Refs
[52.620s][info][gc,ergo     ] GC(117) Pacer for Update Refs. Used: 226M, Free: 1718M, Non-Taxable: 171M, Alloc Tax Rate: 1.1x
[52.620s][info][gc          ] GC(117) Pause Init Update Refs 0.049ms
[52.620s][info][gc,start    ] GC(117) Concurrent update references
[52.620s][info][gc,task     ] GC(117) Using 1 of 3 workers for concurrent reference update
[52.628s][info][gc          ] GC(117) Concurrent update references 7.539ms
[52.628s][info][gc,start    ] GC(117) Concurrent update thread roots
[52.629s][info][gc          ] GC(117) Concurrent update thread roots 0.565ms
[52.629s][info][gc,start    ] GC(117) Pause Final Update Refs
[52.629s][info][gc,task     ] GC(117) Using 3 of 3 workers for final reference update
[52.629s][info][gc          ] GC(117) Pause Final Update Refs 0.139ms
[52.632s][info][gc,start    ] GC(117) Concurrent cleanup
[52.632s][info][gc          ] GC(117) Concurrent cleanup 256M->98M(2048M) 0.083ms
[52.632s][info][gc,ergo     ] Free: 1844M, Max: 1024K regular, 1647M humongous, Frag: 11% external, 0% internal; Reserve: 103M, Max: 1024K
[52.632s][info][gc,stats    ] 
[52.632s][info][gc,stats    ] All times are wall-clock times, except per-root-class counters, that are sum over
[52.632s][info][gc,stats    ] all workers. Dividing the <total> over the root stage time estimates parallelism.
[52.632s][info][gc,stats    ] 
[52.632s][info][gc,stats    ] Concurrent Reset                   1036 us
[52.632s][info][gc,stats    ] Pause Init Mark (G)                 308 us
[52.632s][info][gc,stats    ] Pause Init Mark (N)                 138 us
[52.632s][info][gc,stats    ]   Update Region States               46 us
[52.632s][info][gc,stats    ] Concurrent Mark Roots               418 us, parallelism: 0.80x
[52.632s][info][gc,stats    ]   CMR: <total>                      336 us
[52.632s][info][gc,stats    ]   CMR: Thread Roots                 294 us, workers (us): 294, ---, ---, 
[52.632s][info][gc,stats    ]   CMR: VM Strong Roots                5 us, workers (us):   5, ---, ---, 
[52.632s][info][gc,stats    ]   CMR: CLDG Roots                    37 us, workers (us):  37, ---, ---, 
[52.632s][info][gc,stats    ] Concurrent Marking                 6489 us
[52.632s][info][gc,stats    ] Pause Final Mark (G)                358 us
[52.632s][info][gc,stats    ] Pause Final Mark (N)                230 us
[52.632s][info][gc,stats    ]   Finish Mark                        51 us
[52.632s][info][gc,stats    ]   Update Region States               38 us
[52.632s][info][gc,stats    ]   Choose Collection Set              70 us
[52.632s][info][gc,stats    ]   Rebuild Free Set                    9 us
[52.632s][info][gc,stats    ] Concurrent Thread Roots             464 us, parallelism: 0.81x
[52.632s][info][gc,stats    ]   CTR: <total>                      375 us
[52.632s][info][gc,stats    ]   CTR: Thread Roots                 375 us, workers (us): 375, ---, ---, 
[52.632s][info][gc,stats    ] Concurrent Weak References          195 us, parallelism: 0.58x
[52.632s][info][gc,stats    ]   CWRF: <total>                     113 us
[52.632s][info][gc,stats    ]   CWRF: Weak References             113 us, workers (us): 113, ---, ---, 
[52.632s][info][gc,stats    ] Concurrent Weak Roots              1532 us
[52.632s][info][gc,stats    ]   Roots                            1303 us, parallelism: 0.97x
[52.632s][info][gc,stats    ]     CWR: <total>                   1263 us
[52.633s][info][gc,stats    ]     CWR: Code Cache Roots          1155 us, workers (us): 1155, ---, ---, 
[52.633s][info][gc,stats    ]     CWR: VM Weak Roots              101 us, workers (us): 101, ---, ---, 
[52.633s][info][gc,stats    ]     CWR: CLDG Roots                   7 us, workers (us):   7, ---, ---, 
[52.633s][info][gc,stats    ]   Rendezvous                        159 us
[52.633s][info][gc,stats    ] Concurrent Cleanup                  145 us
[52.633s][info][gc,stats    ] Concurrent Class Unloading         5704 us
[52.633s][info][gc,stats    ]   Unlink Stale                     5114 us
[52.633s][info][gc,stats    ]     System Dictionary                11 us
[52.633s][info][gc,stats    ]     Weak Class Links                  0 us
[52.633s][info][gc,stats    ]     Code Roots                     5102 us
[52.633s][info][gc,stats    ]   Rendezvous                        250 us
[52.633s][info][gc,stats    ]   Purge Unlinked                    280 us
[52.633s][info][gc,stats    ]     Code Roots                      274 us
[52.633s][info][gc,stats    ]     CLDG                              6 us
[52.633s][info][gc,stats    ]     Exception Caches                  0 us
[52.633s][info][gc,stats    ] Concurrent Strong Roots             101 us, parallelism: 0.42x
[52.633s][info][gc,stats    ]   CSR: <total>                       42 us
[52.633s][info][gc,stats    ]   CSR: VM Strong Roots                4 us, workers (us):   4, ---, ---, 
[52.633s][info][gc,stats    ]   CSR: CLDG Roots                    38 us, workers (us):  38, ---, ---, 
[52.633s][info][gc,stats    ] Concurrent Evacuation              1055 us
[52.633s][info][gc,stats    ] Pause Init Update Refs (G)          686 us
[52.633s][info][gc,stats    ] Pause Init Update Refs (N)           58 us
[52.633s][info][gc,stats    ]   Manage GCLABs                       3 us
[52.633s][info][gc,stats    ] Concurrent Update Refs             7580 us
[52.633s][info][gc,stats    ] Concurrent Update Thread Roots      593 us
[52.633s][info][gc,stats    ] Pause Final Update Refs (G)        3526 us
[52.633s][info][gc,stats    ] Pause Final Update Refs (N)         151 us
[52.633s][info][gc,stats    ]   Update Region States               54 us
[52.633s][info][gc,stats    ]   Trash Collection Set                9 us
[52.633s][info][gc,stats    ]   Rebuild Free Set                   16 us
[52.633s][info][gc,stats    ] Concurrent Cleanup                   96 us
[52.633s][info][gc,stats    ] Pacing                            27218 us
[52.633s][info][gc,stats    ] 
[52.633s][info][gc,stats    ] Allocation pacing accrued:
[52.633s][info][gc,stats    ]       5 of   482 ms (  1.1%): Query0
[52.633s][info][gc,stats    ]       5 of   482 ms (  1.1%): Query1
[52.633s][info][gc,stats    ]       4 of   482 ms (  0.9%): Query2
[52.633s][info][gc,stats    ]       4 of   482 ms (  0.9%): Query3
[52.633s][info][gc,stats    ]       4 of   482 ms (  0.8%): Query4
[52.633s][info][gc,stats    ]       4 of   482 ms (  0.9%): Query5
[52.633s][info][gc,stats    ]      27 of   482 ms (  5.7%): <total>
[52.633s][info][gc,stats    ]       2 of   482 ms (  0.3%): <average total>
[52.633s][info][gc,stats    ]       5 of   482 ms (  0.9%): <average non-zero>
[52.633s][info][gc,stats    ] 
[52.633s][info][gc,metaspace] Metaspace: 8798K(9472K)->8798K(9472K) NonClass: 7948K(8320K)->7948K(8320K) Class: 850K(1152K)->850K(1152K)
[52.633s][info][gc,ergo     ] Pacer for Idle. Initial: 41943K, Alloc Tax Rate: 1.0x
[53.091s][info][gc          ] Trigger: Free (191M) is below minimum threshold (204M)
[53.091s][info][gc,ergo     ] Free: 191M, Max: 1024K regular, 163M humongous, Frag: 12% external, 1% internal; Reserve: 103M, Max: 1024K
[53.091s][info][gc,start    ] GC(118) Concurrent reset
[53.091s][info][gc,task     ] GC(118) Using 1 of 3 workers for concurrent reset
[53.091s][info][gc,ergo     ] GC(118) Pacer for Reset. Non-Taxable: 2048M
[53.092s][info][gc          ] GC(118) Concurrent reset 0.883ms
[53.092s][info][gc,start    ] GC(118) Pause Init Mark (unload classes)
[53.092s][info][gc,task     ] GC(118) Using 3 of 3 workers for init marking
[53.092s][info][gc,ergo     ] GC(118) Pacer for Mark. Expected Live: 8462K, Free: 187M, Non-Taxable: 19249K, Alloc Tax Rate: 0.1x
[53.092s][info][gc          ] GC(118) Pause Init Mark (unload classes) 0.125ms
[53.092s][info][gc,start    ] GC(118) Concurrent marking roots
[53.092s][info][gc,task     ] GC(118) Using 1 of 3 workers for concurrent marking roots
[53.092s][info][gc          ] GC(118) Concurrent marking roots 0.405ms
[53.092s][info][gc,start    ] GC(118) Concurrent marking (unload classes)
[53.092s][info][gc,task     ] GC(118) Using 1 of 3 workers for concurrent marking
[53.103s][info][gc          ] GC(118) Concurrent marking (unload classes) 10.595ms
[53.103s][info][gc,start    ] GC(118) Pause Final Mark (unload classes)
[53.103s][info][gc,task     ] GC(118) Using 3 of 3 workers for final marking
[53.103s][info][gc,ergo     ] GC(118) Adaptive CSet Selection. Target Free: 290M, Actual Free: 1821M, Max CSet: 87381K, Min Garbage: 0B
[53.103s][info][gc,ergo     ] GC(118) Collectable Garbage: 1744M (99%), Immediate: 1580M (90%), CSet: 164M (9%)
[53.103s][info][gc,ergo     ] GC(118) Pacer for Evacuation. Used CSet: 165M, Free: 1725M, Non-Taxable: 172M, Alloc Tax Rate: 1.1x
[53.103s][info][gc          ] GC(118) Pause Final Mark (unload classes) 0.272ms
[53.103s][info][gc,start    ] GC(118) Concurrent thread roots
[53.104s][info][gc,task     ] GC(118) Using 1 of 3 workers for Concurrent thread roots
[53.104s][info][gc          ] GC(118) Concurrent thread roots 0.432ms
[53.104s][info][gc,start    ] GC(118) Concurrent weak references
[53.104s][info][gc,task     ] GC(118) Using 1 of 3 workers for concurrent weak references
[53.104s][info][gc,ref      ] GC(118) Encountered references: Soft: 137, Weak: 917, Final: 3, Phantom: 124
[53.104s][info][gc,ref      ] GC(118) Discovered  references: Soft: 0, Weak: 444, Final: 1, Phantom: 108
[53.104s][info][gc,ref      ] GC(118) Enqueued    references: Soft: 0, Weak: 307, Final: 0, Phantom: 0
[53.104s][info][gc          ] GC(118) Concurrent weak references 0.172ms
[53.104s][info][gc,start    ] GC(118) Concurrent weak roots
[53.104s][info][gc,task     ] GC(118) Using 1 of 3 workers for concurrent weak root
[53.106s][info][gc          ] GC(118) Concurrent weak roots 1.481ms
[53.106s][info][gc,start    ] GC(118) Concurrent cleanup
[53.106s][info][gc          ] GC(118) Concurrent cleanup 1804M->225M(2048M) 0.089ms
[53.106s][info][gc,ergo     ] GC(118) Free: 1717M, Max: 1024K regular, 131M humongous, Frag: 93% external, 0% internal; Reserve: 102M, Max: 1024K
[53.106s][info][gc,start    ] GC(118) Concurrent class unloading
[53.106s][info][gc,task     ] GC(118) Using 1 of 3 workers for concurrent class unloading
[53.112s][info][gc          ] GC(118) Concurrent class unloading 5.895ms
[53.112s][info][gc,start    ] GC(118) Concurrent strong roots
[53.112s][info][gc,task     ] GC(118) Using 1 of 3 workers for concurrent strong root
[53.112s][info][gc          ] GC(118) Concurrent strong roots 0.080ms
[53.112s][info][gc,start    ] GC(118) Concurrent evacuation
[53.112s][info][gc,task     ] GC(118) Using 1 of 3 workers for concurrent evacuation
[53.113s][info][gc          ] GC(118) Concurrent evacuation 0.990ms
[53.113s][info][gc,start    ] GC(118) Pause Init Update Refs
[53.113s][info][gc,ergo     ] GC(118) Pacer for Update Refs. Used: 243M, Free: 1700M, Non-Taxable: 170M, Alloc Tax Rate: 1.1x
[53.113s][info][gc          ] GC(118) Pause Init Update Refs 0.051ms
[53.115s][info][gc,start    ] GC(118) Concurrent update references
[53.115s][info][gc,task     ] GC(118) Using 1 of 3 workers for concurrent reference update
[53.127s][info][gc          ] GC(118) Concurrent update references 12.212ms
[53.127s][info][gc,start    ] GC(118) Concurrent update thread roots
[53.128s][info][gc          ] GC(118) Concurrent update thread roots 0.443ms
[53.128s][info][gc,start    ] GC(118) Pause Final Update Refs
[53.128s][info][gc,task     ] GC(118) Using 3 of 3 workers for final reference update
[53.128s][info][gc          ] GC(118) Pause Final Update Refs 0.118ms
[53.128s][info][gc,start    ] GC(118) Concurrent cleanup
[53.128s][info][gc          ] GC(118) Concurrent cleanup 285M->120M(2048M) 0.043ms
[53.128s][info][gc,ergo     ] Free: 1822M, Max: 1024K regular, 1671M humongous, Frag: 8% external, 0% internal; Reserve: 103M, Max: 1024K
[53.128s][info][gc,stats    ] 
[53.128s][info][gc,stats    ] All times are wall-clock times, except per-root-class counters, that are sum over
[53.128s][info][gc,stats    ] all workers. Dividing the <total> over the root stage time estimates parallelism.
[53.128s][info][gc,stats    ] 
[53.128s][info][gc,stats    ] Concurrent Reset                    968 us
[53.128s][info][gc,stats    ] Pause Init Mark (G)                 344 us
[53.128s][info][gc,stats    ] Pause Init Mark (N)                 134 us
[53.128s][info][gc,stats    ]   Update Region States               51 us
[53.128s][info][gc,stats    ] Concurrent Mark Roots               422 us, parallelism: 0.79x
[53.128s][info][gc,stats    ]   CMR: <total>                      332 us
[53.128s][info][gc,stats    ]   CMR: Thread Roots                 283 us, workers (us): 283, ---, ---, 
[53.128s][info][gc,stats    ]   CMR: VM Strong Roots                6 us, workers (us):   6, ---, ---, 
[53.128s][info][gc,stats    ]   CMR: CLDG Roots                    42 us, workers (us):  42, ---, ---, 
[53.128s][info][gc,stats    ] Concurrent Marking                10640 us
[53.128s][info][gc,stats    ] Pause Final Mark (G)                466 us
[53.128s][info][gc,stats    ] Pause Final Mark (N)                282 us
[53.128s][info][gc,stats    ]   Finish Mark                        60 us
[53.128s][info][gc,stats    ]   Update Region States               54 us
[53.128s][info][gc,stats    ]   Choose Collection Set              86 us
[53.128s][info][gc,stats    ]   Rebuild Free Set                    9 us
[53.128s][info][gc,stats    ] Concurrent Thread Roots             456 us, parallelism: 0.84x
[53.128s][info][gc,stats    ]   CTR: <total>                      382 us
[53.128s][info][gc,stats    ]   CTR: Thread Roots                 382 us, workers (us): 382, ---, ---, 
[53.128s][info][gc,stats    ] Concurrent Weak References          180 us, parallelism: 0.57x
[53.128s][info][gc,stats    ]   CWRF: <total>                     103 us
[53.128s][info][gc,stats    ]   CWRF: Weak References             103 us, workers (us): 103, ---, ---, 
[53.128s][info][gc,stats    ] Concurrent Weak Roots              1535 us
[53.128s][info][gc,stats    ]   Roots                            1390 us, parallelism: 0.97x
[53.128s][info][gc,stats    ]     CWR: <total>                   1350 us
[53.128s][info][gc,stats    ]     CWR: Code Cache Roots          1230 us, workers (us): 1230, ---, ---, 
[53.128s][info][gc,stats    ]     CWR: VM Weak Roots              111 us, workers (us): 111, ---, ---, 
[53.128s][info][gc,stats    ]     CWR: CLDG Roots                   9 us, workers (us):   9, ---, ---, 
[53.128s][info][gc,stats    ]   Rendezvous                         71 us
[53.128s][info][gc,stats    ] Concurrent Cleanup                   99 us
[53.128s][info][gc,stats    ] Concurrent Class Unloading         5933 us
[53.128s][info][gc,stats    ]   Unlink Stale                     4903 us
[53.128s][info][gc,stats    ]     System Dictionary                 8 us
[53.128s][info][gc,stats    ]     Weak Class Links                  0 us
[53.128s][info][gc,stats    ]     Code Roots                     4893 us
[53.128s][info][gc,stats    ]   Rendezvous                        675 us
[53.128s][info][gc,stats    ]   Purge Unlinked                    288 us
[53.128s][info][gc,stats    ]     Code Roots                      279 us
[53.128s][info][gc,stats    ]     CLDG                              8 us
[53.128s][info][gc,stats    ]     Exception Caches                  0 us
[53.128s][info][gc,stats    ] Concurrent Strong Roots              90 us, parallelism: 0.43x
[53.128s][info][gc,stats    ]   CSR: <total>                       39 us
[53.128s][info][gc,stats    ]   CSR: VM Strong Roots                3 us, workers (us):   3, ---, ---, 
[53.128s][info][gc,stats    ]   CSR: CLDG Roots                    36 us, workers (us):  36, ---, ---, 
[53.128s][info][gc,stats    ] Concurrent Evacuation              1045 us
[53.128s][info][gc,stats    ] Pause Init Update Refs (G)         2098 us
[53.128s][info][gc,stats    ] Pause Init Update Refs (N)           59 us
[53.128s][info][gc,stats    ]   Manage GCLABs                       4 us
[53.128s][info][gc,stats    ] Concurrent Update Refs            12268 us
[53.128s][info][gc,stats    ] Concurrent Update Thread Roots      470 us
[53.128s][info][gc,stats    ] Pause Final Update Refs (G)         235 us
[53.128s][info][gc,stats    ] Pause Final Update Refs (N)         129 us
[53.128s][info][gc,stats    ]   Update Region States               50 us
[53.128s][info][gc,stats    ]   Trash Collection Set               10 us
[53.128s][info][gc,stats    ]   Rebuild Free Set                   16 us
[53.128s][info][gc,stats    ] Concurrent Cleanup                   54 us
[53.128s][info][gc,stats    ] Pacing                            19466 us
[53.128s][info][gc,stats    ] 
[53.128s][info][gc,stats    ] Allocation pacing accrued:
[53.128s][info][gc,stats    ]       3 of   496 ms (  0.7%): Query0
[53.128s][info][gc,stats    ]       3 of   496 ms (  0.5%): Query1
[53.129s][info][gc,stats    ]       4 of   496 ms (  0.8%): Query2
[53.129s][info][gc,stats    ]       4 of   496 ms (  0.7%): Query3
[53.129s][info][gc,stats    ]       3 of   496 ms (  0.5%): Query4
[53.129s][info][gc,stats    ]       4 of   496 ms (  0.7%): Query5
[53.129s][info][gc,stats    ]      19 of   496 ms (  3.9%): <total>
[53.129s][info][gc,stats    ]       1 of   496 ms (  0.2%): <average total>
[53.129s][info][gc,stats    ]       3 of   496 ms (  0.7%): <average non-zero>
[53.129s][info][gc,stats    ] 
[53.129s][info][gc,metaspace] Metaspace: 8798K(9472K)->8798K(9472K) NonClass: 7948K(8320K)->7948K(8320K) Class: 850K(1152K)->850K(1152K)
[53.129s][info][gc,ergo     ] Pacer for Idle. Initial: 41943K, Alloc Tax Rate: 1.0x
[53.564s][info][gc          ] Trigger: Average GC time (41.47 ms) is above the time for average allocation rate (3733 MB/s) to deplete free headroom (109M) (margin of error = 1.98)
[53.564s][info][gc,ergo     ] Free headroom: 211M (free) - 102M (spike) - 0B (penalties) = 109M
[53.564s][info][gc,ergo     ] Free: 211M, Max: 1024K regular, 131M humongous, Frag: 36% external, 1% internal; Reserve: 103M, Max: 1024K
[53.564s][info][gc,start    ] GC(119) Concurrent reset
[53.564s][info][gc,task     ] GC(119) Using 1 of 3 workers for concurrent reset
[53.564s][info][gc,ergo     ] GC(119) Pacer for Reset. Non-Taxable: 2048M
[53.565s][info][gc          ] GC(119) Concurrent reset 1.068ms
[53.565s][info][gc,start    ] GC(119) Pause Init Mark (unload classes)
[53.565s][info][gc,task     ] GC(119) Using 3 of 3 workers for init marking
[53.565s][info][gc,ergo     ] GC(119) Pacer for Mark. Expected Live: 8456K, Free: 209M, Non-Taxable: 21503K, Alloc Tax Rate: 0.0x
[53.565s][info][gc          ] GC(119) Pause Init Mark (unload classes) 0.133ms
[53.565s][info][gc,start    ] GC(119) Concurrent marking roots
[53.566s][info][gc,task     ] GC(119) Using 1 of 3 workers for concurrent marking roots
[53.566s][info][gc          ] GC(119) Concurrent marking roots 0.424ms
[53.566s][info][gc,start    ] GC(119) Concurrent marking (unload classes)
[53.566s][info][gc,task     ] GC(119) Using 1 of 3 workers for concurrent marking
[53.573s][info][gc          ] GC(119) Concurrent marking (unload classes) 7.246ms
[53.573s][info][gc,start    ] GC(119) Pause Final Mark (unload classes)
[53.573s][info][gc,task     ] GC(119) Using 3 of 3 workers for final marking
[53.573s][info][gc,ergo     ] GC(119) Adaptive CSet Selection. Target Free: 290M, Actual Free: 1835M, Max CSet: 87381K, Min Garbage: 0B
[53.573s][info][gc,ergo     ] GC(119) Collectable Garbage: 1722M (99%), Immediate: 1558M (90%), CSet: 164M (9%)
[53.573s][info][gc,ergo     ] GC(119) Pacer for Evacuation. Used CSet: 165M, Free: 1739M, Non-Taxable: 173M, Alloc Tax Rate: 1.1x
[53.573s][info][gc          ] GC(119) Pause Final Mark (unload classes) 0.237ms
[53.574s][info][gc,start    ] GC(119) Concurrent thread roots
[53.574s][info][gc,task     ] GC(119) Using 1 of 3 workers for Concurrent thread roots
[53.574s][info][gc          ] GC(119) Concurrent thread roots 0.358ms
[53.574s][info][gc,start    ] GC(119) Concurrent weak references
[53.574s][info][gc,task     ] GC(119) Using 1 of 3 workers for concurrent weak references
[53.574s][info][gc,ref      ] GC(119) Encountered references: Soft: 137, Weak: 905, Final: 3, Phantom: 124
[53.574s][info][gc,ref      ] GC(119) Discovered  references: Soft: 0, Weak: 430, Final: 1, Phantom: 109
[53.574s][info][gc,ref      ] GC(119) Enqueued    references: Soft: 0, Weak: 295, Final: 0, Phantom: 0
[53.574s][info][gc          ] GC(119) Concurrent weak references 0.172ms
[53.574s][info][gc,start    ] GC(119) Concurrent weak roots
[53.574s][info][gc,task     ] GC(119) Using 1 of 3 workers for concurrent weak root
[53.577s][info][gc          ] GC(119) Concurrent weak roots 2.908ms
[53.577s][info][gc,start    ] GC(119) Concurrent cleanup
[53.577s][info][gc          ] GC(119) Concurrent cleanup 1773M->215M(2048M) 0.106ms
[53.577s][info][gc,ergo     ] GC(119) Free: 1727M, Max: 1024K regular, 132M humongous, Frag: 93% external, 0% internal; Reserve: 102M, Max: 1024K
[53.577s][info][gc,start    ] GC(119) Concurrent class unloading
[53.577s][info][gc,task     ] GC(119) Using 1 of 3 workers for concurrent class unloading
[53.583s][info][gc          ] GC(119) Concurrent class unloading 5.561ms
[53.583s][info][gc,start    ] GC(119) Concurrent strong roots
[53.583s][info][gc,task     ] GC(119) Using 1 of 3 workers for concurrent strong root
[53.583s][info][gc          ] GC(119) Concurrent strong roots 0.096ms
[53.583s][info][gc,start    ] GC(119) Concurrent evacuation
[53.583s][info][gc,task     ] GC(119) Using 1 of 3 workers for concurrent evacuation
[53.584s][info][gc          ] GC(119) Concurrent evacuation 1.077ms
[53.584s][info][gc,start    ] GC(119) Pause Init Update Refs
[53.584s][info][gc,ergo     ] GC(119) Pacer for Update Refs. Used: 235M, Free: 1708M, Non-Taxable: 170M, Alloc Tax Rate: 1.1x
[53.584s][info][gc          ] GC(119) Pause Init Update Refs 0.046ms
[53.584s][info][gc,start    ] GC(119) Concurrent update references
[53.584s][info][gc,task     ] GC(119) Using 1 of 3 workers for concurrent reference update
[53.592s][info][gc          ] GC(119) Concurrent update references 7.953ms
[53.592s][info][gc,start    ] GC(119) Concurrent update thread roots
[53.593s][info][gc          ] GC(119) Concurrent update thread roots 1.015ms
[53.593s][info][gc,start    ] GC(119) Pause Final Update Refs
[53.593s][info][gc,task     ] GC(119) Using 3 of 3 workers for final reference update
[53.593s][info][gc          ] GC(119) Pause Final Update Refs 0.103ms
[53.594s][info][gc,start    ] GC(119) Concurrent cleanup
[53.594s][info][gc          ] GC(119) Concurrent cleanup 258M->93M(2048M) 0.035ms
[53.594s][info][gc,ergo     ] Free: 1849M, Max: 1024K regular, 1626M humongous, Frag: 12% external, 0% internal; Reserve: 103M, Max: 1024K
[53.594s][info][gc,stats    ] 
[53.594s][info][gc,stats    ] All times are wall-clock times, except per-root-class counters, that are sum over
[53.594s][info][gc,stats    ] all workers. Dividing the <total> over the root stage time estimates parallelism.
[53.594s][info][gc,stats    ] 
[53.594s][info][gc,stats    ] Concurrent Reset                   1155 us
[53.594s][info][gc,stats    ] Pause Init Mark (G)                 447 us
[53.594s][info][gc,stats    ] Pause Init Mark (N)                 143 us
[53.594s][info][gc,stats    ]   Update Region States               52 us
[53.594s][info][gc,stats    ] Concurrent Mark Roots               439 us, parallelism: 0.79x
[53.594s][info][gc,stats    ]   CMR: <total>                      345 us
[53.594s][info][gc,stats    ]   CMR: Thread Roots                 291 us, workers (us): 291, ---, ---, 
[53.594s][info][gc,stats    ]   CMR: VM Strong Roots                8 us, workers (us):   8, ---, ---, 
[53.594s][info][gc,stats    ]   CMR: CLDG Roots                    46 us, workers (us):  46, ---, ---, 
[53.594s][info][gc,stats    ] Concurrent Marking                 7281 us
[53.594s][info][gc,stats    ] Pause Final Mark (G)                351 us
[53.594s][info][gc,stats    ] Pause Final Mark (N)                246 us
[53.594s][info][gc,stats    ]   Finish Mark                        51 us
[53.594s][info][gc,stats    ]   Update Region States               47 us
[53.594s][info][gc,stats    ]   Choose Collection Set              84 us
[53.594s][info][gc,stats    ]   Rebuild Free Set                    9 us
[53.594s][info][gc,stats    ] Concurrent Thread Roots             376 us, parallelism: 0.84x
[53.594s][info][gc,stats    ]   CTR: <total>                      315 us
[53.594s][info][gc,stats    ]   CTR: Thread Roots                 315 us, workers (us): 315, ---, ---, 
[53.594s][info][gc,stats    ] Concurrent Weak References          180 us, parallelism: 0.58x
[53.594s][info][gc,stats    ]   CWRF: <total>                     104 us
[53.594s][info][gc,stats    ]   CWRF: Weak References             104 us, workers (us): 104, ---, ---, 
[53.594s][info][gc,stats    ] Concurrent Weak Roots              2946 us
[53.594s][info][gc,stats    ]   Roots                            1283 us, parallelism: 0.97x
[53.594s][info][gc,stats    ]     CWR: <total>                   1249 us
[53.594s][info][gc,stats    ]     CWR: Code Cache Roots          1135 us, workers (us): 1135, ---, ---, 
[53.594s][info][gc,stats    ]     CWR: VM Weak Roots              106 us, workers (us): 106, ---, ---, 
[53.594s][info][gc,stats    ]     CWR: CLDG Roots                   8 us, workers (us):   8, ---, ---, 
[53.594s][info][gc,stats    ]   Rendezvous                       1605 us
[53.594s][info][gc,stats    ] Concurrent Cleanup                  116 us
[53.594s][info][gc,stats    ] Concurrent Class Unloading         5601 us
[53.594s][info][gc,stats    ]   Unlink Stale                     5007 us
[53.594s][info][gc,stats    ]     System Dictionary                 9 us
[53.594s][info][gc,stats    ]     Weak Class Links                  0 us
[53.594s][info][gc,stats    ]     Code Roots                     4996 us
[53.594s][info][gc,stats    ]   Rendezvous                        258 us
[53.594s][info][gc,stats    ]   Purge Unlinked                    275 us
[53.594s][info][gc,stats    ]     Code Roots                      269 us
[53.594s][info][gc,stats    ]     CLDG                              6 us
[53.594s][info][gc,stats    ]     Exception Caches                  0 us
[53.594s][info][gc,stats    ] Concurrent Strong Roots             117 us, parallelism: 0.38x
[53.594s][info][gc,stats    ]   CSR: <total>                       45 us
[53.594s][info][gc,stats    ]   CSR: VM Strong Roots                4 us, workers (us):   4, ---, ---, 
[53.594s][info][gc,stats    ]   CSR: CLDG Roots                    40 us, workers (us):  40, ---, ---, 
[53.594s][info][gc,stats    ] Concurrent Evacuation              1122 us
[53.594s][info][gc,stats    ] Pause Init Update Refs (G)          180 us
[53.594s][info][gc,stats    ] Pause Init Update Refs (N)           55 us
[53.594s][info][gc,stats    ]   Manage GCLABs                       3 us
[53.594s][info][gc,stats    ] Concurrent Update Refs             8013 us
[53.594s][info][gc,stats    ] Concurrent Update Thread Roots     1057 us
[53.594s][info][gc,stats    ] Pause Final Update Refs (G)         248 us
[53.594s][info][gc,stats    ] Pause Final Update Refs (N)         140 us
[53.594s][info][gc,stats    ]   Update Region States               49 us
[53.594s][info][gc,stats    ]   Trash Collection Set                9 us
[53.594s][info][gc,stats    ]   Rebuild Free Set                   17 us
[53.594s][info][gc,stats    ] Concurrent Cleanup                   44 us
[53.594s][info][gc,stats    ] 
[53.594s][info][gc,stats    ] Allocation pacing accrued:
[53.594s][info][gc,stats    ]       0 of   466 ms (  0.0%): <total>
[53.594s][info][gc,stats    ]       0 of   466 ms (  0.0%): <average total>
[53.594s][info][gc,stats    ] 
[53.594s][info][gc,metaspace] Metaspace: 8798K(9472K)->8798K(9472K) NonClass: 7948K(8320K)->7948K(8320K) Class: 850K(1152K)->850K(1152K)
[53.594s][info][gc,ergo     ] Pacer for Idle. Initial: 41943K, Alloc Tax Rate: 1.0x
[54.054s][info][gc          ] Trigger: Average GC time (38.67 ms) is above the time for average allocation rate (3615 MB/s) to deplete free headroom (130M) (margin of error = 1.98)
[54.054s][info][gc,ergo     ] Free headroom: 232M (free) - 102M (spike) - 0B (penalties) = 130M
[54.054s][info][gc,ergo     ] Free: 230M, Max: 1024K regular, 210M humongous, Frag: 6% external, 1% internal; Reserve: 103M, Max: 1024K
[54.054s][info][gc,start    ] GC(120) Concurrent reset
[54.054s][info][gc,task     ] GC(120) Using 1 of 3 workers for concurrent reset
[54.054s][info][gc,ergo     ] GC(120) Pacer for Reset. Non-Taxable: 2048M
[54.055s][info][gc          ] GC(120) Concurrent reset 0.958ms
[54.055s][info][gc,start    ] GC(120) Pause Init Mark (unload classes)
[54.055s][info][gc,task     ] GC(120) Using 3 of 3 workers for init marking
[54.055s][info][gc,ergo     ] GC(120) Pacer for Mark. Expected Live: 8456K, Free: 226M, Non-Taxable: 23192K, Alloc Tax Rate: 0.0x
[54.055s][info][gc          ] GC(120) Pause Init Mark (unload classes) 0.140ms
[54.061s][info][gc,start    ] GC(120) Concurrent marking roots
[54.061s][info][gc,task     ] GC(120) Using 1 of 3 workers for concurrent marking roots
[54.062s][info][gc          ] GC(120) Concurrent marking roots 0.455ms
[54.062s][info][gc,start    ] GC(120) Concurrent marking (unload classes)
[54.062s][info][gc,task     ] GC(120) Using 1 of 3 workers for concurrent marking
[54.066s][info][gc          ] GC(120) Concurrent marking (unload classes) 4.404ms
[54.066s][info][gc,start    ] GC(120) Pause Final Mark (unload classes)
[54.066s][info][gc,task     ] GC(120) Using 3 of 3 workers for final marking
[54.066s][info][gc,ergo     ] GC(120) Adaptive CSet Selection. Target Free: 290M, Actual Free: 1838M, Max CSet: 87381K, Min Garbage: 0B
[54.066s][info][gc,ergo     ] GC(120) Collectable Garbage: 1705M (99%), Immediate: 1539M (90%), CSet: 166M (9%)
[54.067s][info][gc,ergo     ] GC(120) Pacer for Evacuation. Used CSet: 167M, Free: 1743M, Non-Taxable: 174M, Alloc Tax Rate: 1.1x
[54.067s][info][gc          ] GC(120) Pause Final Mark (unload classes) 0.380ms
[54.067s][info][gc,start    ] GC(120) Concurrent thread roots
[54.067s][info][gc,task     ] GC(120) Using 1 of 3 workers for Concurrent thread roots
[54.067s][info][gc          ] GC(120) Concurrent thread roots 0.892ms
[54.068s][info][gc,start    ] GC(120) Concurrent weak references
[54.068s][info][gc,task     ] GC(120) Using 1 of 3 workers for concurrent weak references
[54.068s][info][gc,ref      ] GC(120) Encountered references: Soft: 137, Weak: 911, Final: 3, Phantom: 124
[54.068s][info][gc,ref      ] GC(120) Discovered  references: Soft: 0, Weak: 440, Final: 1, Phantom: 107
[54.068s][info][gc,ref      ] GC(120) Enqueued    references: Soft: 0, Weak: 301, Final: 0, Phantom: 0
[54.068s][info][gc          ] GC(120) Concurrent weak references 0.108ms
[54.068s][info][gc,start    ] GC(120) Concurrent weak roots
[54.068s][info][gc,task     ] GC(120) Using 1 of 3 workers for concurrent weak root
[54.069s][info][gc          ] GC(120) Concurrent weak roots 1.185ms
[54.069s][info][gc,start    ] GC(120) Concurrent cleanup
[54.069s][info][gc          ] GC(120) Concurrent cleanup 1738M->199M(2048M) 0.094ms
[54.069s][info][gc,ergo     ] GC(120) Free: 1743M, Max: 1024K regular, 197M humongous, Frag: 89% external, 0% internal; Reserve: 102M, Max: 1024K
[54.069s][info][gc,start    ] GC(120) Concurrent class unloading
[54.069s][info][gc,task     ] GC(120) Using 1 of 3 workers for concurrent class unloading
[54.074s][info][gc          ] GC(120) Concurrent class unloading 5.295ms
[54.074s][info][gc,start    ] GC(120) Concurrent strong roots
[54.074s][info][gc,task     ] GC(120) Using 1 of 3 workers for concurrent strong root
[54.074s][info][gc          ] GC(120) Concurrent strong roots 0.089ms
[54.074s][info][gc,start    ] GC(120) Concurrent evacuation
[54.074s][info][gc,task     ] GC(120) Using 1 of 3 workers for concurrent evacuation
[54.075s][info][gc          ] GC(120) Concurrent evacuation 1.043ms
[54.076s][info][gc,start    ] GC(120) Pause Init Update Refs
[54.076s][info][gc,ergo     ] GC(120) Pacer for Update Refs. Used: 217M, Free: 1726M, Non-Taxable: 172M, Alloc Tax Rate: 1.1x
[54.076s][info][gc          ] GC(120) Pause Init Update Refs 0.049ms
[54.076s][info][gc,start    ] GC(120) Concurrent update references
[54.076s][info][gc,task     ] GC(120) Using 1 of 3 workers for concurrent reference update
[54.083s][info][gc          ] GC(120) Concurrent update references 7.459ms
[54.084s][info][gc,start    ] GC(120) Concurrent update thread roots
[54.084s][info][gc          ] GC(120) Concurrent update thread roots 0.558ms
[54.084s][info][gc,start    ] GC(120) Pause Final Update Refs
[54.084s][info][gc,task     ] GC(120) Using 3 of 3 workers for final reference update
[54.084s][info][gc          ] GC(120) Pause Final Update Refs 0.095ms
[54.088s][info][gc,start    ] GC(120) Concurrent cleanup
[54.088s][info][gc          ] GC(120) Concurrent cleanup 248M->86M(2048M) 0.102ms
[54.088s][info][gc,ergo     ] Free: 1856M, Max: 1024K regular, 1612M humongous, Frag: 13% external, 0% internal; Reserve: 103M, Max: 1024K
[54.088s][info][gc,stats    ] 
[54.088s][info][gc,stats    ] All times are wall-clock times, except per-root-class counters, that are sum over
[54.088s][info][gc,stats    ] all workers. Dividing the <total> over the root stage time estimates parallelism.
[54.088s][info][gc,stats    ] 
[54.088s][info][gc,stats    ] Concurrent Reset                   1025 us
[54.088s][info][gc,stats    ] Pause Init Mark (G)                6082 us
[54.088s][info][gc,stats    ] Pause Init Mark (N)                 150 us
[54.088s][info][gc,stats    ]   Update Region States               56 us
[54.088s][info][gc,stats    ] Concurrent Mark Roots               473 us, parallelism: 0.74x
[54.088s][info][gc,stats    ]   CMR: <total>                      352 us
[54.088s][info][gc,stats    ]   CMR: Thread Roots                 301 us, workers (us): 301, ---, ---, 
[54.088s][info][gc,stats    ]   CMR: VM Strong Roots                6 us, workers (us):   6, ---, ---, 
[54.088s][info][gc,stats    ]   CMR: CLDG Roots                    44 us, workers (us):  44, ---, ---, 
[54.088s][info][gc,stats    ] Concurrent Marking                 4458 us
[54.088s][info][gc,stats    ] Pause Final Mark (G)                460 us
[54.088s][info][gc,stats    ] Pause Final Mark (N)                401 us
[54.088s][info][gc,stats    ]   Finish Mark                        74 us
[54.088s][info][gc,stats    ]   Update Region States               53 us
[54.088s][info][gc,stats    ]   Choose Collection Set             126 us
[54.088s][info][gc,stats    ]   Rebuild Free Set                   23 us
[54.088s][info][gc,stats    ] Concurrent Thread Roots             908 us, parallelism: 0.90x
[54.088s][info][gc,stats    ]   CTR: <total>                      818 us
[54.088s][info][gc,stats    ]   CTR: Thread Roots                 818 us, workers (us): 818, ---, ---, 
[54.088s][info][gc,stats    ] Concurrent Weak References          115 us, parallelism: 0.40x
[54.088s][info][gc,stats    ]   CWRF: <total>                      46 us
[54.088s][info][gc,stats    ]   CWRF: Weak References              46 us, workers (us):  46, ---, ---, 
[54.088s][info][gc,stats    ] Concurrent Weak Roots              1199 us
[54.088s][info][gc,stats    ]   Roots                            1142 us, parallelism: 0.97x
[54.088s][info][gc,stats    ]     CWR: <total>                   1105 us
[54.088s][info][gc,stats    ]     CWR: Code Cache Roots           923 us, workers (us): 923, ---, ---, 
[54.088s][info][gc,stats    ]     CWR: VM Weak Roots              175 us, workers (us): 175, ---, ---, 
[54.088s][info][gc,stats    ]     CWR: CLDG Roots                   7 us, workers (us):   7, ---, ---, 
[54.088s][info][gc,stats    ]   Rendezvous                         28 us
[54.088s][info][gc,stats    ] Concurrent Cleanup                  103 us
[54.088s][info][gc,stats    ] Concurrent Class Unloading         5344 us
[54.088s][info][gc,stats    ]   Unlink Stale                     4916 us
[54.088s][info][gc,stats    ]     System Dictionary                 7 us
[54.088s][info][gc,stats    ]     Weak Class Links                  0 us
[54.088s][info][gc,stats    ]     Code Roots                     4907 us
[54.088s][info][gc,stats    ]   Rendezvous                         92 us
[54.088s][info][gc,stats    ]   Purge Unlinked                    268 us
[54.088s][info][gc,stats    ]     Code Roots                      263 us
[54.088s][info][gc,stats    ]     CLDG                              4 us
[54.088s][info][gc,stats    ]     Exception Caches                  0 us
[54.088s][info][gc,stats    ] Concurrent Strong Roots             100 us, parallelism: 0.41x
[54.088s][info][gc,stats    ]   CSR: <total>                       41 us
[54.088s][info][gc,stats    ]   CSR: VM Strong Roots                4 us, workers (us):   4, ---, ---, 
[54.088s][info][gc,stats    ]   CSR: CLDG Roots                    37 us, workers (us):  37, ---, ---, 
[54.088s][info][gc,stats    ] Concurrent Evacuation              1099 us
[54.088s][info][gc,stats    ] Pause Init Update Refs (G)          527 us
[54.088s][info][gc,stats    ] Pause Init Update Refs (N)           57 us
[54.088s][info][gc,stats    ]   Manage GCLABs                       3 us
[54.088s][info][gc,stats    ] Concurrent Update Refs             7499 us
[54.088s][info][gc,stats    ] Concurrent Update Thread Roots      587 us
[54.088s][info][gc,stats    ] Pause Final Update Refs (G)        3420 us
[54.088s][info][gc,stats    ] Pause Final Update Refs (N)         125 us
[54.088s][info][gc,stats    ]   Update Region States               45 us
[54.088s][info][gc,stats    ]   Trash Collection Set                7 us
[54.088s][info][gc,stats    ]   Rebuild Free Set                   12 us
[54.088s][info][gc,stats    ] Concurrent Cleanup                  114 us
[54.088s][info][gc,stats    ] Pacing                           174240 us
[54.088s][info][gc,stats    ] 
[54.088s][info][gc,stats    ] Allocation pacing accrued:
[54.088s][info][gc,stats    ]      27 of   494 ms (  5.5%): Query0
[54.088s][info][gc,stats    ]      33 of   494 ms (  6.6%): Query1
[54.088s][info][gc,stats    ]      28 of   494 ms (  5.6%): Query2
[54.088s][info][gc,stats    ]      28 of   494 ms (  5.7%): Query3
[54.088s][info][gc,stats    ]      30 of   494 ms (  6.0%): Query4
[54.088s][info][gc,stats    ]      28 of   494 ms (  5.7%): Query5
[54.088s][info][gc,stats    ]     174 of   494 ms ( 35.3%): <total>
[54.088s][info][gc,stats    ]      10 of   494 ms (  2.0%): <average total>
[54.088s][info][gc,stats    ]      29 of   494 ms (  5.9%): <average non-zero>
[54.088s][info][gc,stats    ] 
[54.088s][info][gc,metaspace] Metaspace: 8798K(9472K)->8798K(9472K) NonClass: 7948K(8320K)->7948K(8320K) Class: 850K(1152K)->850K(1152K)
[54.088s][info][gc,ergo     ] Pacer for Idle. Initial: 41943K, Alloc Tax Rate: 1.0x
[54.529s][info][gc          ] Trigger: Average GC time (37.76 ms) is above the time for average allocation rate (3705 MB/s) to deplete free headroom (132M) (margin of error = 1.97)
[54.529s][info][gc,ergo     ] Free headroom: 234M (free) - 102M (spike) - 0B (penalties) = 132M
[54.529s][info][gc,ergo     ] Free: 234M, Max: 1024K regular, 196M humongous, Frag: 14% external, 1% internal; Reserve: 103M, Max: 1024K
[54.530s][info][gc,start    ] GC(121) Concurrent reset
[54.530s][info][gc,task     ] GC(121) Using 1 of 3 workers for concurrent reset
[54.530s][info][gc,ergo     ] GC(121) Pacer for Reset. Non-Taxable: 2048M
[54.530s][info][gc          ] GC(121) Concurrent reset 0.948ms
[54.531s][info][gc,start    ] GC(121) Pause Init Mark (unload classes)
[54.531s][info][gc,task     ] GC(121) Using 3 of 3 workers for init marking
[54.531s][info][gc,ergo     ] GC(121) Pacer for Mark. Expected Live: 8470K, Free: 230M, Non-Taxable: 23617K, Alloc Tax Rate: 0.0x
[54.531s][info][gc          ] GC(121) Pause Init Mark (unload classes) 0.110ms
[54.531s][info][gc,start    ] GC(121) Concurrent marking roots
[54.531s][info][gc,task     ] GC(121) Using 1 of 3 workers for concurrent marking roots
[54.531s][info][gc          ] GC(121) Concurrent marking roots 0.404ms
[54.531s][info][gc,start    ] GC(121) Concurrent marking (unload classes)
[54.531s][info][gc,task     ] GC(121) Using 1 of 3 workers for concurrent marking
[54.537s][info][gc          ] GC(121) Concurrent marking (unload classes) 5.264ms
[54.537s][info][gc,start    ] GC(121) Pause Final Mark (unload classes)
[54.537s][info][gc,task     ] GC(121) Using 3 of 3 workers for final marking
[54.537s][info][gc,ergo     ] GC(121) Adaptive CSet Selection. Target Free: 290M, Actual Free: 1842M, Max CSet: 87381K, Min Garbage: 0B
[54.537s][info][gc,ergo     ] GC(121) Collectable Garbage: 1701M (99%), Immediate: 1538M (90%), CSet: 163M (9%)
[54.537s][info][gc,ergo     ] GC(121) Pacer for Evacuation. Used CSet: 164M, Free: 1746M, Non-Taxable: 174M, Alloc Tax Rate: 1.1x
[54.537s][info][gc          ] GC(121) Pause Final Mark (unload classes) 0.211ms
[54.537s][info][gc,start    ] GC(121) Concurrent thread roots
[54.537s][info][gc,task     ] GC(121) Using 1 of 3 workers for Concurrent thread roots
[54.537s][info][gc          ] GC(121) Concurrent thread roots 0.359ms
[54.537s][info][gc,start    ] GC(121) Concurrent weak references
[54.537s][info][gc,task     ] GC(121) Using 1 of 3 workers for concurrent weak references
[54.537s][info][gc,ref      ] GC(121) Encountered references: Soft: 137, Weak: 904, Final: 3, Phantom: 124
[54.537s][info][gc,ref      ] GC(121) Discovered  references: Soft: 0, Weak: 435, Final: 1, Phantom: 108
[54.537s][info][gc,ref      ] GC(121) Enqueued    references: Soft: 0, Weak: 296, Final: 0, Phantom: 0
[54.537s][info][gc          ] GC(121) Concurrent weak references 0.171ms
[54.537s][info][gc,start    ] GC(121) Concurrent weak roots
[54.538s][info][gc,task     ] GC(121) Using 1 of 3 workers for concurrent weak root
[54.539s][info][gc          ] GC(121) Concurrent weak roots 1.525ms
[54.539s][info][gc,start    ] GC(121) Concurrent cleanup
[54.539s][info][gc          ] GC(121) Concurrent cleanup 1744M->206M(2048M) 0.113ms
[54.539s][info][gc,ergo     ] GC(121) Free: 1736M, Max: 1024K regular, 191M humongous, Frag: 89% external, 0% internal; Reserve: 102M, Max: 1024K
[54.539s][info][gc,start    ] GC(121) Concurrent class unloading
[54.539s][info][gc,task     ] GC(121) Using 1 of 3 workers for concurrent class unloading
[54.545s][info][gc          ] GC(121) Concurrent class unloading 5.508ms
[54.545s][info][gc,start    ] GC(121) Concurrent strong roots
[54.545s][info][gc,task     ] GC(121) Using 1 of 3 workers for concurrent strong root
[54.545s][info][gc          ] GC(121) Concurrent strong roots 0.079ms
[54.545s][info][gc,start    ] GC(121) Concurrent evacuation
[54.545s][info][gc,task     ] GC(121) Using 1 of 3 workers for concurrent evacuation
[54.546s][info][gc          ] GC(121) Concurrent evacuation 1.055ms
[54.546s][info][gc,start    ] GC(121) Pause Init Update Refs
[54.546s][info][gc,ergo     ] GC(121) Pacer for Update Refs. Used: 223M, Free: 1719M, Non-Taxable: 171M, Alloc Tax Rate: 1.1x
[54.546s][info][gc          ] GC(121) Pause Init Update Refs 0.050ms
[54.548s][info][gc,start    ] GC(121) Concurrent update references
[54.548s][info][gc,task     ] GC(121) Using 1 of 3 workers for concurrent reference update
[54.555s][info][gc          ] GC(121) Concurrent update references 6.706ms
[54.555s][info][gc,start    ] GC(121) Concurrent update thread roots
[54.555s][info][gc          ] GC(121) Concurrent update thread roots 0.463ms
[54.555s][info][gc,start    ] GC(121) Pause Final Update Refs
[54.555s][info][gc,task     ] GC(121) Using 3 of 3 workers for final reference update
[54.556s][info][gc          ] GC(121) Pause Final Update Refs 0.101ms
[54.557s][info][gc,start    ] GC(121) Concurrent cleanup
[54.557s][info][gc          ] GC(121) Concurrent cleanup 248M->90M(2048M) 0.101ms
[54.557s][info][gc,ergo     ] Free: 1852M, Max: 1024K regular, 1639M humongous, Frag: 12% external, 0% internal; Reserve: 103M, Max: 1024K
[54.557s][info][gc,stats    ] 
[54.557s][info][gc,stats    ] All times are wall-clock times, except per-root-class counters, that are sum over
[54.557s][info][gc,stats    ] all workers. Dividing the <total> over the root stage time estimates parallelism.
[54.557s][info][gc,stats    ] 
[54.557s][info][gc,stats    ] Concurrent Reset                   1027 us
[54.557s][info][gc,stats    ] Pause Init Mark (G)                 332 us
[54.557s][info][gc,stats    ] Pause Init Mark (N)                 120 us
[54.557s][info][gc,stats    ]   Update Region States               31 us
[54.557s][info][gc,stats    ] Concurrent Mark Roots               419 us, parallelism: 0.82x
[54.557s][info][gc,stats    ]   CMR: <total>                      343 us
[54.557s][info][gc,stats    ]   CMR: Thread Roots                 292 us, workers (us): 292, ---, ---, 
[54.557s][info][gc,stats    ]   CMR: VM Strong Roots                7 us, workers (us):   7, ---, ---, 
[54.557s][info][gc,stats    ]   CMR: CLDG Roots                    45 us, workers (us):  45, ---, ---, 
[54.558s][info][gc,stats    ] Concurrent Marking                 5303 us
[54.558s][info][gc,stats    ] Pause Final Mark (G)                326 us
[54.558s][info][gc,stats    ] Pause Final Mark (N)                221 us
[54.558s][info][gc,stats    ]   Finish Mark                        51 us
[54.558s][info][gc,stats    ]   Update Region States               34 us
[54.558s][info][gc,stats    ]   Choose Collection Set              62 us
[54.558s][info][gc,stats    ]   Rebuild Free Set                    8 us
[54.558s][info][gc,stats    ] Concurrent Thread Roots             384 us, parallelism: 0.81x
[54.558s][info][gc,stats    ]   CTR: <total>                      310 us
[54.558s][info][gc,stats    ]   CTR: Thread Roots                 310 us, workers (us): 310, ---, ---, 
[54.558s][info][gc,stats    ] Concurrent Weak References          179 us, parallelism: 0.51x
[54.558s][info][gc,stats    ]   CWRF: <total>                      91 us
[54.558s][info][gc,stats    ]   CWRF: Weak References              91 us, workers (us):  91, ---, ---, 
[54.558s][info][gc,stats    ] Concurrent Weak Roots              1565 us
[54.558s][info][gc,stats    ]   Roots                            1371 us, parallelism: 0.97x
[54.558s][info][gc,stats    ]     CWR: <total>                   1327 us
[54.558s][info][gc,stats    ]     CWR: Code Cache Roots          1220 us, workers (us): 1220, ---, ---, 
[54.558s][info][gc,stats    ]     CWR: VM Weak Roots              100 us, workers (us): 100, ---, ---, 
[54.558s][info][gc,stats    ]     CWR: CLDG Roots                   7 us, workers (us):   7, ---, ---, 
[54.558s][info][gc,stats    ]   Rendezvous                        133 us
[54.558s][info][gc,stats    ] Concurrent Cleanup                  123 us
[54.558s][info][gc,stats    ] Concurrent Class Unloading         5547 us
[54.558s][info][gc,stats    ]   Unlink Stale                     4883 us
[54.558s][info][gc,stats    ]     System Dictionary                11 us
[54.558s][info][gc,stats    ]     Weak Class Links                  0 us
[54.558s][info][gc,stats    ]     Code Roots                     4871 us
[54.558s][info][gc,stats    ]   Rendezvous                        256 us
[54.558s][info][gc,stats    ]   Purge Unlinked                    337 us
[54.558s][info][gc,stats    ]     Code Roots                      332 us
[54.558s][info][gc,stats    ]     CLDG                              5 us
[54.558s][info][gc,stats    ]     Exception Caches                  0 us
[54.558s][info][gc,stats    ] Concurrent Strong Roots             100 us, parallelism: 0.39x
[54.558s][info][gc,stats    ]   CSR: <total>                       38 us
[54.558s][info][gc,stats    ]   CSR: VM Strong Roots                3 us, workers (us):   3, ---, ---, 
[54.558s][info][gc,stats    ]   CSR: CLDG Roots                    35 us, workers (us):  35, ---, ---, 
[54.558s][info][gc,stats    ] Concurrent Evacuation              1103 us
[54.558s][info][gc,stats    ] Pause Init Update Refs (G)         2178 us
[54.558s][info][gc,stats    ] Pause Init Update Refs (N)           59 us
[54.558s][info][gc,stats    ]   Manage GCLABs                       4 us
[54.558s][info][gc,stats    ] Concurrent Update Refs             6749 us
[54.558s][info][gc,stats    ] Concurrent Update Thread Roots      487 us
[54.558s][info][gc,stats    ] Pause Final Update Refs (G)        1859 us
[54.558s][info][gc,stats    ] Pause Final Update Refs (N)         121 us
[54.558s][info][gc,stats    ]   Update Region States               45 us
[54.558s][info][gc,stats    ]   Trash Collection Set                4 us
[54.558s][info][gc,stats    ]   Rebuild Free Set                   10 us
[54.558s][info][gc,stats    ] Concurrent Cleanup                  114 us
[54.558s][info][gc,stats    ] Pacing                            13282 us
[54.558s][info][gc,stats    ] 
[54.558s][info][gc,stats    ] Allocation pacing accrued:
[54.558s][info][gc,stats    ]       2 of   470 ms (  0.4%): Query0
[54.558s][info][gc,stats    ]       3 of   470 ms (  0.6%): Query1
[54.558s][info][gc,stats    ]       2 of   470 ms (  0.4%): Query2
[54.558s][info][gc,stats    ]       2 of   470 ms (  0.5%): Query3
[54.558s][info][gc,stats    ]       2 of   470 ms (  0.4%): Query4
[54.558s][info][gc,stats    ]       2 of   470 ms (  0.5%): Query5
[54.558s][info][gc,stats    ]      13 of   470 ms (  2.8%): <total>
[54.558s][info][gc,stats    ]       1 of   470 ms (  0.2%): <average total>
[54.558s][info][gc,stats    ]       2 of   470 ms (  0.5%): <average non-zero>
[54.558s][info][gc,stats    ] 
[54.558s][info][gc,metaspace] Metaspace: 8798K(9472K)->8798K(9472K) NonClass: 7948K(8320K)->7948K(8320K) Class: 850K(1152K)->850K(1152K)
[54.558s][info][gc,ergo     ] Pacer for Idle. Initial: 41943K, Alloc Tax Rate: 1.0x
[55.010s][info][gc          ] Trigger: Free (194M) is below minimum threshold (204M)
[55.010s][info][gc,ergo     ] Free: 194M, Max: 1024K regular, 186M humongous, Frag: 0% external, 1% internal; Reserve: 103M, Max: 1024K
[55.010s][info][gc,start    ] GC(122) Concurrent reset
[55.010s][info][gc,task     ] GC(122) Using 1 of 3 workers for concurrent reset
[55.010s][info][gc,ergo     ] GC(122) Pacer for Reset. Non-Taxable: 2048M
[55.011s][info][gc          ] GC(122) Concurrent reset 1.110ms
[55.012s][info][gc,start    ] GC(122) Pause Init Mark (unload classes)
[55.012s][info][gc,task     ] GC(122) Using 3 of 3 workers for init marking
[55.012s][info][gc,ergo     ] GC(122) Pacer for Mark. Expected Live: 8474K, Free: 191M, Non-Taxable: 19634K, Alloc Tax Rate: 0.1x
[55.012s][info][gc          ] GC(122) Pause Init Mark (unload classes) 0.128ms
[55.012s][info][gc,start    ] GC(122) Concurrent marking roots
[55.012s][info][gc,task     ] GC(122) Using 1 of 3 workers for concurrent marking roots
[55.012s][info][gc          ] GC(122) Concurrent marking roots 0.459ms
[55.012s][info][gc,start    ] GC(122) Concurrent marking (unload classes)
[55.012s][info][gc,task     ] GC(122) Using 1 of 3 workers for concurrent marking
[55.021s][info][gc          ] GC(122) Concurrent marking (unload classes) 9.131ms
[55.022s][info][gc,start    ] GC(122) Pause Final Mark (unload classes)
[55.022s][info][gc,task     ] GC(122) Using 3 of 3 workers for final marking
[55.022s][info][gc,ergo     ] GC(122) Adaptive CSet Selection. Target Free: 290M, Actual Free: 1829M, Max CSet: 87381K, Min Garbage: 0B
[55.022s][info][gc,ergo     ] GC(122) Collectable Garbage: 1740M (99%), Immediate: 1574M (90%), CSet: 166M (9%)
[55.022s][info][gc,ergo     ] GC(122) Pacer for Evacuation. Used CSet: 167M, Free: 1733M, Non-Taxable: 173M, Alloc Tax Rate: 1.1x
[55.022s][info][gc          ] GC(122) Pause Final Mark (unload classes) 0.252ms
[55.022s][info][gc,start    ] GC(122) Concurrent thread roots
[55.022s][info][gc,task     ] GC(122) Using 1 of 3 workers for Concurrent thread roots
[55.022s][info][gc          ] GC(122) Concurrent thread roots 0.356ms
[55.022s][info][gc,start    ] GC(122) Concurrent weak references
[55.022s][info][gc,task     ] GC(122) Using 1 of 3 workers for concurrent weak references
[55.022s][info][gc,ref      ] GC(122) Encountered references: Soft: 137, Weak: 903, Final: 3, Phantom: 109
[55.022s][info][gc,ref      ] GC(122) Discovered  references: Soft: 0, Weak: 446, Final: 1, Phantom: 90
[55.022s][info][gc,ref      ] GC(122) Enqueued    references: Soft: 0, Weak: 300, Final: 0, Phantom: 0
[55.022s][info][gc          ] GC(122) Concurrent weak references 0.159ms
[55.022s][info][gc,start    ] GC(122) Concurrent weak roots
[55.022s][info][gc,task     ] GC(122) Using 1 of 3 workers for concurrent weak root
[55.027s][info][gc          ] GC(122) Concurrent weak roots 4.723ms
[55.027s][info][gc,start    ] GC(122) Concurrent cleanup
[55.027s][info][gc          ] GC(122) Concurrent cleanup 1800M->226M(2048M) 0.121ms
[55.027s][info][gc,ergo     ] GC(122) Free: 1715M, Max: 1024K regular, 134M humongous, Frag: 93% external, 0% internal; Reserve: 102M, Max: 1024K
[55.027s][info][gc,start    ] GC(122) Concurrent class unloading
[55.027s][info][gc,task     ] GC(122) Using 1 of 3 workers for concurrent class unloading
[55.034s][info][gc          ] GC(122) Concurrent class unloading 6.214ms
[55.034s][info][gc,start    ] GC(122) Concurrent strong roots
[55.034s][info][gc,task     ] GC(122) Using 1 of 3 workers for concurrent strong root
[55.034s][info][gc          ] GC(122) Concurrent strong roots 0.093ms
[55.034s][info][gc,start    ] GC(122) Concurrent evacuation
[55.034s][info][gc,task     ] GC(122) Using 1 of 3 workers for concurrent evacuation
[55.035s][info][gc          ] GC(122) Concurrent evacuation 1.017ms
[55.035s][info][gc,start    ] GC(122) Pause Init Update Refs
[55.035s][info][gc,ergo     ] GC(122) Pacer for Update Refs. Used: 247M, Free: 1695M, Non-Taxable: 169M, Alloc Tax Rate: 1.1x
[55.035s][info][gc          ] GC(122) Pause Init Update Refs 0.055ms
[55.036s][info][gc,start    ] GC(122) Concurrent update references
[55.036s][info][gc,task     ] GC(122) Using 1 of 3 workers for concurrent reference update
[55.045s][info][gc          ] GC(122) Concurrent update references 9.088ms
[55.045s][info][gc,start    ] GC(122) Concurrent update thread roots
[55.057s][info][gc          ] GC(122) Concurrent update thread roots 12.241ms
[55.057s][info][gc,start    ] GC(122) Pause Final Update Refs
[55.057s][info][gc,task     ] GC(122) Using 3 of 3 workers for final reference update
[55.057s][info][gc          ] GC(122) Pause Final Update Refs 0.175ms
[55.059s][info][gc,start    ] GC(122) Concurrent cleanup
[55.059s][info][gc          ] GC(122) Concurrent cleanup 312M->150M(2048M) 0.065ms
[55.059s][info][gc,ergo     ] Free: 1792M, Max: 1024K regular, 1648M humongous, Frag: 8% external, 0% internal; Reserve: 103M, Max: 1024K
[55.059s][info][gc,stats    ] 
[55.059s][info][gc,stats    ] All times are wall-clock times, except per-root-class counters, that are sum over
[55.059s][info][gc,stats    ] all workers. Dividing the <total> over the root stage time estimates parallelism.
[55.059s][info][gc,stats    ] 
[55.059s][info][gc,stats    ] Concurrent Reset                   1182 us
[55.059s][info][gc,stats    ] Pause Init Mark (G)                 377 us
[55.059s][info][gc,stats    ] Pause Init Mark (N)                 137 us
[55.059s][info][gc,stats    ]   Update Region States               51 us
[55.059s][info][gc,stats    ] Concurrent Mark Roots               495 us, parallelism: 0.79x
[55.059s][info][gc,stats    ]   CMR: <total>                      393 us
[55.059s][info][gc,stats    ]   CMR: Thread Roots                 340 us, workers (us): 340, ---, ---, 
[55.059s][info][gc,stats    ]   CMR: VM Strong Roots                6 us, workers (us):   6, ---, ---, 
[55.059s][info][gc,stats    ]   CMR: CLDG Roots                    47 us, workers (us):  47, ---, ---, 
[55.059s][info][gc,stats    ] Concurrent Marking                 9178 us
[55.059s][info][gc,stats    ] Pause Final Mark (G)                393 us
[55.059s][info][gc,stats    ] Pause Final Mark (N)                261 us
[55.059s][info][gc,stats    ]   Finish Mark                        59 us
[55.059s][info][gc,stats    ]   Update Region States               52 us
[55.059s][info][gc,stats    ]   Choose Collection Set              75 us
[55.059s][info][gc,stats    ]   Rebuild Free Set                    9 us
[55.059s][info][gc,stats    ] Concurrent Thread Roots             373 us, parallelism: 0.82x
[55.059s][info][gc,stats    ]   CTR: <total>                      306 us
[55.059s][info][gc,stats    ]   CTR: Thread Roots                 306 us, workers (us): 306, ---, ---, 
[55.059s][info][gc,stats    ] Concurrent Weak References          167 us, parallelism: 0.60x
[55.059s][info][gc,stats    ]   CWRF: <total>                     100 us
[55.059s][info][gc,stats    ]   CWRF: Weak References             100 us, workers (us): 100, ---, ---, 
[55.059s][info][gc,stats    ] Concurrent Weak Roots              4755 us
[55.059s][info][gc,stats    ]   Roots                            1374 us, parallelism: 0.98x
[55.059s][info][gc,stats    ]     CWR: <total>                   1346 us
[55.059s][info][gc,stats    ]     CWR: Code Cache Roots          1231 us, workers (us): 1231, ---, ---, 
[55.059s][info][gc,stats    ]     CWR: VM Weak Roots              103 us, workers (us): 103, ---, ---, 
[55.059s][info][gc,stats    ]     CWR: CLDG Roots                  12 us, workers (us):  12, ---, ---, 
[55.059s][info][gc,stats    ]   Rendezvous                       3329 us
[55.059s][info][gc,stats    ] Concurrent Cleanup                  131 us
[55.059s][info][gc,stats    ] Concurrent Class Unloading         6255 us
[55.059s][info][gc,stats    ]   Unlink Stale                     5010 us
[55.059s][info][gc,stats    ]     System Dictionary                15 us
[55.059s][info][gc,stats    ]     Weak Class Links                  0 us
[55.059s][info][gc,stats    ]     Code Roots                     4993 us
[55.059s][info][gc,stats    ]   Rendezvous                        918 us
[55.059s][info][gc,stats    ]   Purge Unlinked                    261 us
[55.059s][info][gc,stats    ]     Code Roots                      255 us
[55.059s][info][gc,stats    ]     CLDG                              6 us
[55.059s][info][gc,stats    ]     Exception Caches                  0 us
[55.059s][info][gc,stats    ] Concurrent Strong Roots             105 us, parallelism: 0.47x
[55.059s][info][gc,stats    ]   CSR: <total>                       49 us
[55.059s][info][gc,stats    ]   CSR: VM Strong Roots               15 us, workers (us):  15, ---, ---, 
[55.059s][info][gc,stats    ]   CSR: CLDG Roots                    34 us, workers (us):  34, ---, ---, 
[55.059s][info][gc,stats    ] Concurrent Evacuation              1072 us
[55.059s][info][gc,stats    ] Pause Init Update Refs (G)          766 us
[55.059s][info][gc,stats    ] Pause Init Update Refs (N)           64 us
[55.059s][info][gc,stats    ]   Manage GCLABs                       5 us
[55.059s][info][gc,stats    ] Concurrent Update Refs             9124 us
[55.059s][info][gc,stats    ] Concurrent Update Thread Roots    12287 us
[55.059s][info][gc,stats    ] Pause Final Update Refs (G)        1839 us
[55.059s][info][gc,stats    ] Pause Final Update Refs (N)         205 us
[55.059s][info][gc,stats    ]   Update Region States               96 us
[55.059s][info][gc,stats    ]   Trash Collection Set                8 us
[55.059s][info][gc,stats    ]   Rebuild Free Set                   13 us
[55.059s][info][gc,stats    ] Concurrent Cleanup                   78 us
[55.059s][info][gc,stats    ] 
[55.059s][info][gc,stats    ] Allocation pacing accrued:
[55.059s][info][gc,stats    ]       0 of   502 ms (  0.0%): <total>
[55.059s][info][gc,stats    ]       0 of   502 ms (  0.0%): <average total>
[55.059s][info][gc,stats    ] 
[55.059s][info][gc,metaspace] Metaspace: 8798K(9472K)->8798K(9472K) NonClass: 7948K(8320K)->7948K(8320K) Class: 850K(1152K)->850K(1152K)
[55.059s][info][gc,ergo     ] Pacer for Idle. Initial: 41943K, Alloc Tax Rate: 1.0x
[55.565s][info][gc          ] Trigger: Explicit GC request (System.gc())
[55.565s][info][gc,ergo     ] Free: 1080M, Max: 1024K regular, 937M humongous, Frag: 13% external, 0% internal; Reserve: 103M, Max: 1024K
[55.565s][info][gc,start    ] GC(123) Concurrent reset
[55.565s][info][gc,task     ] GC(123) Using 1 of 3 workers for concurrent reset
[55.565s][info][gc,ergo     ] GC(123) Pacer for Reset. Non-Taxable: 2048M
[55.566s][info][gc          ] GC(123) Concurrent reset 0.776ms
[55.566s][info][gc,start    ] GC(123) Pause Init Mark (unload classes)
[55.566s][info][gc,task     ] GC(123) Using 3 of 3 workers for init marking
[55.566s][info][gc,ref      ] GC(123) Clearing All SoftReferences
[55.566s][info][gc,ergo     ] GC(123) Pacer for Mark. Expected Live: 8467K, Free: 1080M, Non-Taxable: 108M, Alloc Tax Rate: 0.0x
[55.566s][info][gc          ] GC(123) Pause Init Mark (unload classes) 0.134ms
[55.566s][info][gc,start    ] GC(123) Concurrent marking roots
[55.566s][info][gc,task     ] GC(123) Using 1 of 3 workers for concurrent marking roots
[55.566s][info][gc          ] GC(123) Concurrent marking roots 0.362ms
[55.566s][info][gc,start    ] GC(123) Concurrent marking (unload classes)
[55.566s][info][gc,task     ] GC(123) Using 1 of 3 workers for concurrent marking
[55.570s][info][gc          ] GC(123) Concurrent marking (unload classes) 3.968ms
[55.570s][info][gc,start    ] GC(123) Pause Final Mark (unload classes)
[55.571s][info][gc,task     ] GC(123) Using 3 of 3 workers for final marking
[55.571s][info][gc,ergo     ] GC(123) Collectable Garbage: 847M (99%), Immediate: 847M (99%), CSet: 0B (0%)
[55.571s][info][gc          ] GC(123) Pause Final Mark (unload classes) 0.386ms
[55.571s][info][gc,start    ] GC(123) Concurrent weak references
[55.571s][info][gc,task     ] GC(123) Using 1 of 3 workers for concurrent weak references
[55.571s][info][gc,ref      ] GC(123) Encountered references: Soft: 137, Weak: 556, Final: 3, Phantom: 26
[55.571s][info][gc,ref      ] GC(123) Discovered  references: Soft: 91, Weak: 149, Final: 1, Phantom: 24
[55.571s][info][gc,ref      ] GC(123) Enqueued    references: Soft: 0, Weak: 0, Final: 0, Phantom: 0
[55.571s][info][gc          ] GC(123) Concurrent weak references 0.184ms
[55.571s][info][gc,start    ] GC(123) Concurrent weak roots
[55.571s][info][gc,task     ] GC(123) Using 1 of 3 workers for concurrent weak root
[55.572s][info][gc          ] GC(123) Concurrent weak roots 1.121ms
[55.572s][info][gc,start    ] GC(123) Concurrent cleanup
[55.572s][info][gc          ] GC(123) Concurrent cleanup 859M->11M(2048M) 0.069ms
[55.572s][info][gc,ergo     ] GC(123) Free: 1931M, Max: 1024K regular, 1147M humongous, Frag: 41% external, 0% internal; Reserve: 103M, Max: 1024K
[55.572s][info][gc,start    ] GC(123) Concurrent class unloading
[55.572s][info][gc,task     ] GC(123) Using 1 of 3 workers for concurrent class unloading
[55.578s][info][gc          ] GC(123) Concurrent class unloading 5.160ms
[55.578s][info][gc,start    ] GC(123) Pause Final Roots
[55.578s][info][gc          ] GC(123) Pause Final Roots 0.039ms
[55.578s][info][gc,ergo     ] Free: 1931M, Max: 1024K regular, 1147M humongous, Frag: 41% external, 0% internal; Reserve: 103M, Max: 1024K
[55.578s][info][gc,stats    ] 
[55.578s][info][gc,stats    ] All times are wall-clock times, except per-root-class counters, that are sum over
[55.578s][info][gc,stats    ] all workers. Dividing the <total> over the root stage time estimates parallelism.
[55.578s][info][gc,stats    ] 
[55.578s][info][gc,stats    ] Concurrent Reset                    839 us
[55.578s][info][gc,stats    ] Pause Init Mark (G)                 227 us
[55.578s][info][gc,stats    ] Pause Init Mark (N)                 143 us
[55.578s][info][gc,stats    ]   Update Region States               69 us
[55.578s][info][gc,stats    ] Concurrent Mark Roots               382 us, parallelism: 0.69x
[55.578s][info][gc,stats    ]   CMR: <total>                      265 us
[55.578s][info][gc,stats    ]   CMR: Thread Roots                 225 us, workers (us): 225, ---, ---, 
[55.578s][info][gc,stats    ]   CMR: VM Strong Roots                4 us, workers (us):   4, ---, ---, 
[55.578s][info][gc,stats    ]   CMR: CLDG Roots                    36 us, workers (us):  36, ---, ---, 
[55.578s][info][gc,stats    ] Concurrent Marking                 4026 us
[55.578s][info][gc,stats    ] Pause Final Mark (G)                532 us
[55.578s][info][gc,stats    ] Pause Final Mark (N)                411 us
[55.578s][info][gc,stats    ]   Finish Mark                        93 us
[55.578s][info][gc,stats    ]   Update Region States              101 us
[55.578s][info][gc,stats    ]   Choose Collection Set              88 us
[55.578s][info][gc,stats    ]   Rebuild Free Set                   21 us
[55.578s][info][gc,stats    ] Concurrent Weak References          192 us, parallelism: 0.07x
[55.578s][info][gc,stats    ]   CWRF: <total>                      13 us
[55.578s][info][gc,stats    ]   CWRF: Weak References              13 us, workers (us):  13, ---, ---, 
[55.578s][info][gc,stats    ] Concurrent Weak Roots              1172 us
[55.578s][info][gc,stats    ]   Roots                            1056 us, parallelism: 0.93x
[55.578s][info][gc,stats    ]     CWR: <total>                    981 us
[55.578s][info][gc,stats    ]     CWR: Code Cache Roots           907 us, workers (us): 907, ---, ---, 
[55.578s][info][gc,stats    ]     CWR: VM Weak Roots               68 us, workers (us):  68, ---, ---, 
[55.578s][info][gc,stats    ]     CWR: CLDG Roots                   5 us, workers (us):   5, ---, ---, 
[55.578s][info][gc,stats    ]   Rendezvous                         46 us
[55.578s][info][gc,stats    ] Concurrent Cleanup                   78 us
[55.578s][info][gc,stats    ] Concurrent Class Unloading         5274 us
[55.578s][info][gc,stats    ]   Unlink Stale                     4712 us
[55.578s][info][gc,stats    ]     System Dictionary                 7 us
[55.578s][info][gc,stats    ]     Weak Class Links                  0 us
[55.578s][info][gc,stats    ]     Code Roots                     4703 us
[55.578s][info][gc,stats    ]   Rendezvous                        101 us
[55.578s][info][gc,stats    ]   Purge Unlinked                    318 us
[55.578s][info][gc,stats    ]     Code Roots                      303 us
[55.578s][info][gc,stats    ]     CLDG                             14 us
[55.578s][info][gc,stats    ]     Exception Caches                  1 us
[55.578s][info][gc,stats    ] Pause Final Roots (G)               120 us
[55.578s][info][gc,stats    ] Pause Final Roots (N)                48 us
[55.578s][info][gc,stats    ] 
[55.578s][info][gc,stats    ] Allocation pacing accrued:
[55.578s][info][gc,stats    ]       0 of   519 ms (  0.0%): <total>
[55.578s][info][gc,stats    ]       0 of   519 ms (  0.0%): <average total>
[55.578s][info][gc,stats    ] 
[55.578s][info][gc,metaspace] Metaspace: 8798K(9472K)->8798K(9472K) NonClass: 7948K(8320K)->7948K(8320K) Class: 850K(1152K)->850K(1152K)
[55.578s][info][gc,ergo     ] Pacer for Idle. Initial: 41943K, Alloc Tax Rate: 1.0x
[55.852s][info][gc          ] Trigger: Learning 2 of 5. Free (1428M) is below initial threshold (1433M)
[55.852s][info][gc,ergo     ] Free: 1428M, Max: 1024K regular, 1147M humongous, Frag: 20% external, 0% internal; Reserve: 103M, Max: 1024K
[55.852s][info][gc,start    ] GC(124) Concurrent reset
[55.852s][info][gc,task     ] GC(124) Using 1 of 3 workers for concurrent reset
[55.852s][info][gc,ergo     ] GC(124) Pacer for Reset. Non-Taxable: 2048M
[55.853s][info][gc          ] GC(124) Concurrent reset 0.314ms
[55.853s][info][gc,start    ] GC(124) Pause Init Mark (unload classes)
[55.853s][info][gc,task     ] GC(124) Using 3 of 3 workers for init marking
[55.853s][info][gc,ergo     ] GC(124) Pacer for Mark. Expected Live: 8343K, Free: 1428M, Non-Taxable: 142M, Alloc Tax Rate: 0.0x
[55.853s][info][gc          ] GC(124) Pause Init Mark (unload classes) 0.154ms
[55.853s][info][gc,start    ] GC(124) Concurrent marking roots
[55.853s][info][gc,task     ] GC(124) Using 1 of 3 workers for concurrent marking roots
[55.854s][info][gc          ] GC(124) Concurrent marking roots 0.901ms
[55.854s][info][gc,start    ] GC(124) Concurrent marking (unload classes)
[55.854s][info][gc,task     ] GC(124) Using 1 of 3 workers for concurrent marking
[55.858s][info][gc          ] GC(124) Concurrent marking (unload classes) 4.367ms
[55.858s][info][gc,start    ] GC(124) Pause Final Mark (unload classes)
[55.858s][info][gc,task     ] GC(124) Using 3 of 3 workers for final marking
[55.858s][info][gc,ergo     ] GC(124) Adaptive CSet Selection. Target Free: 290M, Actual Free: 1969M, Max CSet: 87381K, Min Garbage: 0B
[55.858s][info][gc,ergo     ] GC(124) Collectable Garbage: 502M (99%), Immediate: 444M (88%), CSet: 59788K (11%)
[55.859s][info][gc,ergo     ] GC(124) Pacer for Evacuation. Used CSet: 60643K, Free: 1873M, Non-Taxable: 187M, Alloc Tax Rate: 1.1x
[55.859s][info][gc          ] GC(124) Pause Final Mark (unload classes) 0.338ms
[55.859s][info][gc,start    ] GC(124) Concurrent thread roots
[55.859s][info][gc,task     ] GC(124) Using 1 of 3 workers for Concurrent thread roots
[55.859s][info][gc          ] GC(124) Concurrent thread roots 0.477ms
[55.859s][info][gc,start    ] GC(124) Concurrent weak references
[55.859s][info][gc,task     ] GC(124) Using 1 of 3 workers for concurrent weak references
[55.859s][info][gc,ref      ] GC(124) Encountered references: Soft: 137, Weak: 694, Final: 3, Phantom: 124
[55.859s][info][gc,ref      ] GC(124) Discovered  references: Soft: 0, Weak: 219, Final: 1, Phantom: 109
[55.859s][info][gc,ref      ] GC(124) Enqueued    references: Soft: 0, Weak: 84, Final: 0, Phantom: 0
[55.859s][info][gc          ] GC(124) Concurrent weak references 0.157ms
[55.859s][info][gc,start    ] GC(124) Concurrent weak roots
[55.859s][info][gc,task     ] GC(124) Using 1 of 3 workers for concurrent weak root
[55.860s][info][gc          ] GC(124) Concurrent weak roots 1.117ms
[55.860s][info][gc,start    ] GC(124) Concurrent cleanup
[55.860s][info][gc          ] GC(124) Concurrent cleanup 512M->68M(2048M) 0.045ms
[55.860s][info][gc,ergo     ] GC(124) Free: 1873M, Max: 1024K regular, 1423M humongous, Frag: 24% external, 0% internal; Reserve: 102M, Max: 1024K
[55.860s][info][gc,start    ] GC(124) Concurrent class unloading
[55.860s][info][gc,task     ] GC(124) Using 1 of 3 workers for concurrent class unloading
[55.865s][info][gc          ] GC(124) Concurrent class unloading 4.530ms
[55.865s][info][gc,start    ] GC(124) Concurrent strong roots
[55.865s][info][gc,task     ] GC(124) Using 1 of 3 workers for concurrent strong root
[55.865s][info][gc          ] GC(124) Concurrent strong roots 0.125ms
[55.865s][info][gc,start    ] GC(124) Concurrent evacuation
[55.865s][info][gc,task     ] GC(124) Using 1 of 3 workers for concurrent evacuation
[55.866s][info][gc          ] GC(124) Concurrent evacuation 0.496ms
[55.866s][info][gc,start    ] GC(124) Pause Init Update Refs
[55.866s][info][gc,ergo     ] GC(124) Pacer for Update Refs. Used: 71213K, Free: 1873M, Non-Taxable: 187M, Alloc Tax Rate: 1.1x
[55.866s][info][gc          ] GC(124) Pause Init Update Refs 0.057ms
[55.866s][info][gc,start    ] GC(124) Concurrent update references
[55.866s][info][gc,task     ] GC(124) Using 1 of 3 workers for concurrent reference update
[55.868s][info][gc          ] GC(124) Concurrent update references 2.064ms
[55.868s][info][gc,start    ] GC(124) Concurrent update thread roots
[55.868s][info][gc          ] GC(124) Concurrent update thread roots 0.472ms
[55.868s][info][gc,start    ] GC(124) Pause Final Update Refs
[55.868s][info][gc,task     ] GC(124) Using 3 of 3 workers for final reference update
[55.869s][info][gc          ] GC(124) Pause Final Update Refs 0.112ms
[55.876s][info][gc,start    ] GC(124) Concurrent cleanup
[55.877s][info][gc          ] GC(124) Concurrent cleanup 98M->45M(2048M) 0.092ms
[55.877s][info][gc,ergo     ] Free: 1897M, Max: 1024K regular, 1892M humongous, Frag: 0% external, 0% internal; Reserve: 103M, Max: 1024K
[55.877s][info][gc,stats    ] 
[55.877s][info][gc,stats    ] All times are wall-clock times, except per-root-class counters, that are sum over
[55.877s][info][gc,stats    ] all workers. Dividing the <total> over the root stage time estimates parallelism.
[55.877s][info][gc,stats    ] 
[55.877s][info][gc,stats    ] Concurrent Reset                    390 us
[55.877s][info][gc,stats    ] Pause Init Mark (G)                 233 us
[55.877s][info][gc,stats    ] Pause Init Mark (N)                 171 us
[55.877s][info][gc,stats    ]   Update Region States               62 us
[55.877s][info][gc,stats    ] Concurrent Mark Roots               910 us, parallelism: 0.92x
[55.877s][info][gc,stats    ]   CMR: <total>                      833 us
[55.877s][info][gc,stats    ]   CMR: Thread Roots                 766 us, workers (us): 766, ---, ---, 
[55.877s][info][gc,stats    ]   CMR: VM Strong Roots                6 us, workers (us):   6, ---, ---, 
[55.877s][info][gc,stats    ]   CMR: CLDG Roots                    61 us, workers (us):  61, ---, ---, 
[55.877s][info][gc,stats    ] Concurrent Marking                 4392 us
[55.877s][info][gc,stats    ] Pause Final Mark (G)                408 us
[55.877s][info][gc,stats    ] Pause Final Mark (N)                358 us
[55.877s][info][gc,stats    ]   Finish Mark                        85 us
[55.877s][info][gc,stats    ]   Update Region States               50 us
[55.877s][info][gc,stats    ]   Choose Collection Set             100 us
[55.877s][info][gc,stats    ]   Rebuild Free Set                   21 us
[55.877s][info][gc,stats    ] Concurrent Thread Roots             495 us, parallelism: 0.80x
[55.877s][info][gc,stats    ]   CTR: <total>                      394 us
[55.877s][info][gc,stats    ]   CTR: Thread Roots                 394 us, workers (us): 394, ---, ---, 
[55.877s][info][gc,stats    ] Concurrent Weak References          172 us, parallelism: 0.22x
[55.877s][info][gc,stats    ]   CWRF: <total>                      39 us
[55.877s][info][gc,stats    ]   CWRF: Weak References              39 us, workers (us):  39, ---, ---, 
[55.877s][info][gc,stats    ] Concurrent Weak Roots              1130 us
[55.877s][info][gc,stats    ]   Roots                            1042 us, parallelism: 0.95x
[55.877s][info][gc,stats    ]     CWR: <total>                    994 us
[55.877s][info][gc,stats    ]     CWR: Code Cache Roots           895 us, workers (us): 895, ---, ---, 
[55.877s][info][gc,stats    ]     CWR: VM Weak Roots               93 us, workers (us):  93, ---, ---, 
[55.877s][info][gc,stats    ]     CWR: CLDG Roots                   6 us, workers (us):   6, ---, ---, 
[55.877s][info][gc,stats    ]   Rendezvous                         43 us
[55.877s][info][gc,stats    ] Concurrent Cleanup                   54 us
[55.877s][info][gc,stats    ] Concurrent Class Unloading         4574 us
[55.877s][info][gc,stats    ]   Unlink Stale                     4265 us
[55.877s][info][gc,stats    ]     System Dictionary                 7 us
[55.877s][info][gc,stats    ]     Weak Class Links                  0 us
[55.877s][info][gc,stats    ]     Code Roots                     4256 us
[55.877s][info][gc,stats    ]   Rendezvous                         51 us
[55.877s][info][gc,stats    ]   Purge Unlinked                    196 us
[55.877s][info][gc,stats    ]     Code Roots                      189 us
[55.877s][info][gc,stats    ]     CLDG                              7 us
[55.877s][info][gc,stats    ]     Exception Caches                  0 us
[55.877s][info][gc,stats    ] Concurrent Strong Roots             144 us, parallelism: 0.25x
[55.877s][info][gc,stats    ]   CSR: <total>                       36 us
[55.877s][info][gc,stats    ]   CSR: VM Strong Roots                4 us, workers (us):   4, ---, ---, 
[55.877s][info][gc,stats    ]   CSR: CLDG Roots                    32 us, workers (us):  32, ---, ---, 
[55.877s][info][gc,stats    ] Concurrent Evacuation               507 us
[55.877s][info][gc,stats    ] Pause Init Update Refs (G)          118 us
[55.877s][info][gc,stats    ] Pause Init Update Refs (N)           76 us
[55.877s][info][gc,stats    ]   Manage GCLABs                       3 us
[55.877s][info][gc,stats    ] Concurrent Update Refs             2095 us
[55.877s][info][gc,stats    ] Concurrent Update Thread Roots      495 us
[55.877s][info][gc,stats    ] Pause Final Update Refs (G)        8021 us
[55.877s][info][gc,stats    ] Pause Final Update Refs (N)         147 us
[55.877s][info][gc,stats    ]   Update Region States               43 us
[55.877s][info][gc,stats    ]   Trash Collection Set                6 us
[55.877s][info][gc,stats    ]   Rebuild Free Set                   20 us
[55.877s][info][gc,stats    ] Concurrent Cleanup                  104 us
[55.877s][info][gc,stats    ] Pacing                           875430 us
[55.877s][info][gc,stats    ] 
[55.877s][info][gc,stats    ] Allocation pacing accrued:
[55.877s][info][gc,stats    ]     150 of   299 ms ( 50.1%): Query0
[55.877s][info][gc,stats    ]     145 of   299 ms ( 48.4%): Query1
[55.877s][info][gc,stats    ]     142 of   299 ms ( 47.5%): Query2
[55.877s][info][gc,stats    ]     149 of   299 ms ( 49.8%): Query3
[55.877s][info][gc,stats    ]     145 of   299 ms ( 48.6%): Query4
[55.877s][info][gc,stats    ]     145 of   299 ms ( 48.6%): Query5
[55.877s][info][gc,stats    ]     875 of   299 ms (293.0%): <total>
[55.877s][info][gc,stats    ]      49 of   299 ms ( 16.3%): <average total>
[55.877s][info][gc,stats    ]     146 of   299 ms ( 48.8%): <average non-zero>
[55.877s][info][gc,stats    ] 
[55.877s][info][gc,metaspace] Metaspace: 8798K(9472K)->8798K(9472K) NonClass: 7948K(8320K)->7948K(8320K) Class: 850K(1152K)->850K(1152K)
[55.877s][info][gc,ergo     ] Pacer for Idle. Initial: 41943K, Alloc Tax Rate: 1.0x
[56.010s][info][gc          ] Trigger: Learning 3 of 5. Free (1419M) is below initial threshold (1433M)
[56.010s][info][gc,ergo     ] Free: 1419M, Max: 1024K regular, 1414M humongous, Frag: 0% external, 0% internal; Reserve: 103M, Max: 1024K
[56.010s][info][gc,start    ] GC(125) Concurrent reset
[56.010s][info][gc,task     ] GC(125) Using 1 of 3 workers for concurrent reset
[56.010s][info][gc,ergo     ] GC(125) Pacer for Reset. Non-Taxable: 2048M
[56.010s][info][gc          ] GC(125) Concurrent reset 0.453ms
[56.010s][info][gc,start    ] GC(125) Pause Init Mark (unload classes)
[56.010s][info][gc,task     ] GC(125) Using 3 of 3 workers for init marking
[56.011s][info][gc,ergo     ] GC(125) Pacer for Mark. Expected Live: 8343K, Free: 1415M, Non-Taxable: 141M, Alloc Tax Rate: 0.0x
[56.011s][info][gc          ] GC(125) Pause Init Mark (unload classes) 0.114ms
[56.012s][info][gc,start    ] GC(125) Concurrent marking roots
[56.012s][info][gc,task     ] GC(125) Using 1 of 3 workers for concurrent marking roots
[56.013s][info][gc          ] GC(125) Concurrent marking roots 0.386ms
[56.013s][info][gc,start    ] GC(125) Concurrent marking (unload classes)
[56.013s][info][gc,task     ] GC(125) Using 1 of 3 workers for concurrent marking
[56.028s][info][gc          ] GC(125) Concurrent marking (unload classes) 15.638ms
[56.029s][info][gc,start    ] GC(125) Pause Final Mark (unload classes)
[56.029s][info][gc,task     ] GC(125) Using 3 of 3 workers for final marking
[56.029s][info][gc,ergo     ] GC(125) Adaptive CSet Selection. Target Free: 290M, Actual Free: 1909M, Max CSet: 87381K, Min Garbage: 0B
[56.029s][info][gc,ergo     ] GC(125) Collectable Garbage: 517M (99%), Immediate: 460M (88%), CSet: 58549K (11%)
[56.029s][info][gc,ergo     ] GC(125) Pacer for Evacuation. Used CSet: 59392K, Free: 1811M, Non-Taxable: 181M, Alloc Tax Rate: 1.1x
[56.029s][info][gc          ] GC(125) Pause Final Mark (unload classes) 0.232ms
[56.029s][info][gc,start    ] GC(125) Concurrent thread roots
[56.029s][info][gc,task     ] GC(125) Using 1 of 3 workers for Concurrent thread roots
[56.029s][info][gc          ] GC(125) Concurrent thread roots 0.422ms
[56.029s][info][gc,start    ] GC(125) Concurrent weak references
[56.029s][info][gc,task     ] GC(125) Using 1 of 3 workers for concurrent weak references
[56.029s][info][gc,ref      ] GC(125) Encountered references: Soft: 137, Weak: 689, Final: 3, Phantom: 105
[56.029s][info][gc,ref      ] GC(125) Discovered  references: Soft: 0, Weak: 216, Final: 1, Phantom: 76
[56.029s][info][gc,ref      ] GC(125) Enqueued    references: Soft: 0, Weak: 82, Final: 0, Phantom: 0
[56.029s][info][gc          ] GC(125) Concurrent weak references 0.116ms
[56.029s][info][gc,start    ] GC(125) Concurrent weak roots
[56.029s][info][gc,task     ] GC(125) Using 1 of 3 workers for concurrent weak root
[56.032s][info][gc          ] GC(125) Concurrent weak roots 2.435ms
[56.032s][info][gc,start    ] GC(125) Concurrent cleanup
[56.032s][info][gc          ] GC(125) Concurrent cleanup 601M->141M(2048M) 0.056ms
[56.032s][info][gc,ergo     ] GC(125) Free: 1801M, Max: 1024K regular, 1336M humongous, Frag: 26% external, 0% internal; Reserve: 102M, Max: 1024K
[56.032s][info][gc,start    ] GC(125) Concurrent class unloading
[56.032s][info][gc,task     ] GC(125) Using 1 of 3 workers for concurrent class unloading
[56.039s][info][gc          ] GC(125) Concurrent class unloading 7.071ms
[56.039s][info][gc,start    ] GC(125) Concurrent strong roots
[56.039s][info][gc,task     ] GC(125) Using 1 of 3 workers for concurrent strong root
[56.039s][info][gc          ] GC(125) Concurrent strong roots 0.087ms
[56.039s][info][gc,start    ] GC(125) Concurrent evacuation
[56.039s][info][gc,task     ] GC(125) Using 1 of 3 workers for concurrent evacuation
[56.040s][info][gc          ] GC(125) Concurrent evacuation 0.528ms
[56.040s][info][gc,start    ] GC(125) Pause Init Update Refs
[56.040s][info][gc,ergo     ] GC(125) Pacer for Update Refs. Used: 162M, Free: 1781M, Non-Taxable: 178M, Alloc Tax Rate: 1.1x
[56.040s][info][gc          ] GC(125) Pause Init Update Refs 0.061ms
[56.050s][info][gc,start    ] GC(125) Concurrent update references
[56.050s][info][gc,task     ] GC(125) Using 1 of 3 workers for concurrent reference update
[56.067s][info][gc          ] GC(125) Concurrent update references 17.643ms
[56.067s][info][gc,start    ] GC(125) Concurrent update thread roots
[56.068s][info][gc          ] GC(125) Concurrent update thread roots 0.444ms
[56.068s][info][gc,start    ] GC(125) Pause Final Update Refs
[56.068s][info][gc,task     ] GC(125) Using 3 of 3 workers for final reference update
[56.068s][info][gc          ] GC(125) Pause Final Update Refs 0.118ms
[56.069s][info][gc,start    ] GC(125) Concurrent cleanup
[56.069s][info][gc          ] GC(125) Concurrent cleanup 242M->188M(2048M) 0.215ms
[56.069s][info][gc,ergo     ] Free: 1754M, Max: 1024K regular, 1336M humongous, Frag: 24% external, 1% internal; Reserve: 103M, Max: 1024K
[56.069s][info][gc,stats    ] 
[56.069s][info][gc,stats    ] All times are wall-clock times, except per-root-class counters, that are sum over
[56.069s][info][gc,stats    ] all workers. Dividing the <total> over the root stage time estimates parallelism.
[56.069s][info][gc,stats    ] 
[56.069s][info][gc,stats    ] Concurrent Reset                    492 us
[56.069s][info][gc,stats    ] Pause Init Mark (G)                2007 us
[56.069s][info][gc,stats    ] Pause Init Mark (N)                 126 us
[56.069s][info][gc,stats    ]   Update Region States               41 us
[56.069s][info][gc,stats    ] Concurrent Mark Roots               405 us, parallelism: 0.75x
[56.069s][info][gc,stats    ]   CMR: <total>                      303 us
[56.069s][info][gc,stats    ]   CMR: Thread Roots                 254 us, workers (us): 254, ---, ---, 
[56.069s][info][gc,stats    ]   CMR: VM Strong Roots                5 us, workers (us):   5, ---, ---, 
[56.069s][info][gc,stats    ]   CMR: CLDG Roots                    44 us, workers (us):  44, ---, ---, 
[56.069s][info][gc,stats    ] Concurrent Marking                15694 us
[56.069s][info][gc,stats    ] Pause Final Mark (G)                436 us
[56.069s][info][gc,stats    ] Pause Final Mark (N)                242 us
[56.069s][info][gc,stats    ]   Finish Mark                        62 us
[56.069s][info][gc,stats    ]   Update Region States               40 us
[56.069s][info][gc,stats    ]   Choose Collection Set              73 us
[56.069s][info][gc,stats    ]   Rebuild Free Set                    9 us
[56.069s][info][gc,stats    ] Concurrent Thread Roots             447 us, parallelism: 0.84x
[56.069s][info][gc,stats    ]   CTR: <total>                      374 us
[56.069s][info][gc,stats    ]   CTR: Thread Roots                 374 us, workers (us): 374, ---, ---, 
[56.069s][info][gc,stats    ] Concurrent Weak References          124 us, parallelism: 0.35x
[56.069s][info][gc,stats    ]   CWRF: <total>                      44 us
[56.070s][info][gc,stats    ]   CWRF: Weak References              44 us, workers (us):  44, ---, ---, 
[56.070s][info][gc,stats    ] Concurrent Weak Roots              2468 us
[56.070s][info][gc,stats    ]   Roots                            1365 us, parallelism: 0.97x
[56.070s][info][gc,stats    ]     CWR: <total>                   1329 us
[56.070s][info][gc,stats    ]     CWR: Code Cache Roots          1220 us, workers (us): 1220, ---, ---, 
[56.070s][info][gc,stats    ]     CWR: VM Weak Roots               99 us, workers (us):  99, ---, ---, 
[56.070s][info][gc,stats    ]     CWR: CLDG Roots                  10 us, workers (us):  10, ---, ---, 
[56.070s][info][gc,stats    ]   Rendezvous                       1050 us
[56.070s][info][gc,stats    ] Concurrent Cleanup                   65 us
[56.070s][info][gc,stats    ] Concurrent Class Unloading         7111 us
[56.070s][info][gc,stats    ]   Unlink Stale                     4955 us
[56.070s][info][gc,stats    ]     System Dictionary                 8 us
[56.070s][info][gc,stats    ]     Weak Class Links                  0 us
[56.070s][info][gc,stats    ]     Code Roots                     4945 us
[56.070s][info][gc,stats    ]   Rendezvous                       1818 us
[56.070s][info][gc,stats    ]   Purge Unlinked                    278 us
[56.070s][info][gc,stats    ]     Code Roots                      272 us
[56.070s][info][gc,stats    ]     CLDG                              5 us
[56.070s][info][gc,stats    ]     Exception Caches                  0 us
[56.070s][info][gc,stats    ] Concurrent Strong Roots              97 us, parallelism: 0.48x
[56.070s][info][gc,stats    ]   CSR: <total>                       47 us
[56.070s][info][gc,stats    ]   CSR: VM Strong Roots                3 us, workers (us):   3, ---, ---, 
[56.070s][info][gc,stats    ]   CSR: CLDG Roots                    43 us, workers (us):  43, ---, ---, 
[56.070s][info][gc,stats    ] Concurrent Evacuation               561 us
[56.070s][info][gc,stats    ] Pause Init Update Refs (G)         9973 us
[56.070s][info][gc,stats    ] Pause Init Update Refs (N)           70 us
[56.070s][info][gc,stats    ]   Manage GCLABs                       3 us
[56.070s][info][gc,stats    ] Concurrent Update Refs            17695 us
[56.070s][info][gc,stats    ] Concurrent Update Thread Roots      470 us
[56.070s][info][gc,stats    ] Pause Final Update Refs (G)        1120 us
[56.070s][info][gc,stats    ] Pause Final Update Refs (N)         138 us
[56.070s][info][gc,stats    ]   Update Region States               50 us
[56.070s][info][gc,stats    ]   Trash Collection Set                4 us
[56.070s][info][gc,stats    ]   Rebuild Free Set                   16 us
[56.070s][info][gc,stats    ] Concurrent Cleanup                  229 us
[56.070s][info][gc,stats    ] 
[56.070s][info][gc,stats    ] Allocation pacing accrued:
[56.070s][info][gc,stats    ]       0 of   193 ms (  0.0%): <total>
[56.070s][info][gc,stats    ]       0 of   193 ms (  0.0%): <average total>
[56.070s][info][gc,stats    ] 
[56.070s][info][gc,metaspace] Metaspace: 8798K(9472K)->8798K(9472K) NonClass: 7948K(8320K)->7948K(8320K) Class: 850K(1152K)->850K(1152K)
[56.070s][info][gc,ergo     ] Pacer for Idle. Initial: 41943K, Alloc Tax Rate: 1.0x
[56.168s][info][gc          ] Trigger: Learning 4 of 5. Free (1391M) is below initial threshold (1433M)
[56.168s][info][gc,ergo     ] Free: 1390M, Max: 1024K regular, 1336M humongous, Frag: 4% external, 2% internal; Reserve: 103M, Max: 1024K
[56.168s][info][gc,start    ] GC(126) Concurrent reset
[56.168s][info][gc,task     ] GC(126) Using 1 of 3 workers for concurrent reset
[56.168s][info][gc,ergo     ] GC(126) Pacer for Reset. Non-Taxable: 2048M
[56.168s][info][gc          ] GC(126) Concurrent reset 0.345ms
[56.168s][info][gc,start    ] GC(126) Pause Init Mark (unload classes)
[56.168s][info][gc,task     ] GC(126) Using 3 of 3 workers for init marking
[56.168s][info][gc,ergo     ] GC(126) Pacer for Mark. Expected Live: 8339K, Free: 1389M, Non-Taxable: 138M, Alloc Tax Rate: 0.0x
[56.168s][info][gc          ] GC(126) Pause Init Mark (unload classes) 0.102ms
[56.168s][info][gc,start    ] GC(126) Concurrent marking roots
[56.168s][info][gc,task     ] GC(126) Using 1 of 3 workers for concurrent marking roots
[56.169s][info][gc          ] GC(126) Concurrent marking roots 0.477ms
[56.169s][info][gc,start    ] GC(126) Concurrent marking (unload classes)
[56.169s][info][gc,task     ] GC(126) Using 1 of 3 workers for concurrent marking
[56.174s][info][gc          ] GC(126) Concurrent marking (unload classes) 5.626ms
[56.175s][info][gc,start    ] GC(126) Pause Final Mark (unload classes)
[56.175s][info][gc,task     ] GC(126) Using 3 of 3 workers for final marking
[56.175s][info][gc,ergo     ] GC(126) Adaptive CSet Selection. Target Free: 290M, Actual Free: 1943M, Max CSet: 87381K, Min Garbage: 0B
[56.175s][info][gc,ergo     ] GC(126) Collectable Garbage: 542M (99%), Immediate: 479M (88%), CSet: 64606K (11%)
[56.175s][info][gc,ergo     ] GC(126) Pacer for Evacuation. Used CSet: 65530K, Free: 1846M, Non-Taxable: 184M, Alloc Tax Rate: 1.1x
[56.175s][info][gc          ] GC(126) Pause Final Mark (unload classes) 0.200ms
[56.175s][info][gc,start    ] GC(126) Concurrent thread roots
[56.175s][info][gc,task     ] GC(126) Using 1 of 3 workers for Concurrent thread roots
[56.175s][info][gc          ] GC(126) Concurrent thread roots 0.327ms
[56.175s][info][gc,start    ] GC(126) Concurrent weak references
[56.175s][info][gc,task     ] GC(126) Using 1 of 3 workers for concurrent weak references
[56.175s][info][gc,ref      ] GC(126) Encountered references: Soft: 137, Weak: 708, Final: 3, Phantom: 124
[56.175s][info][gc,ref      ] GC(126) Discovered  references: Soft: 0, Weak: 242, Final: 1, Phantom: 108
[56.175s][info][gc,ref      ] GC(126) Enqueued    references: Soft: 0, Weak: 99, Final: 0, Phantom: 0
[56.175s][info][gc          ] GC(126) Concurrent weak references 0.115ms
[56.175s][info][gc,start    ] GC(126) Concurrent weak roots
[56.175s][info][gc,task     ] GC(126) Using 1 of 3 workers for concurrent weak root
[56.178s][info][gc          ] GC(126) Concurrent weak roots 2.281ms
[56.178s][info][gc,start    ] GC(126) Concurrent cleanup
[56.178s][info][gc          ] GC(126) Concurrent cleanup 586M->107M(2048M) 0.051ms
[56.178s][info][gc,ergo     ] GC(126) Free: 1836M, Max: 1024K regular, 1339M humongous, Frag: 27% external, 0% internal; Reserve: 102M, Max: 1024K
[56.178s][info][gc,start    ] GC(126) Concurrent class unloading
[56.178s][info][gc,task     ] GC(126) Using 1 of 3 workers for concurrent class unloading
[56.184s][info][gc          ] GC(126) Concurrent class unloading 5.821ms
[56.184s][info][gc,start    ] GC(126) Concurrent strong roots
[56.184s][info][gc,task     ] GC(126) Using 1 of 3 workers for concurrent strong root
[56.184s][info][gc          ] GC(126) Concurrent strong roots 0.087ms
[56.184s][info][gc,start    ] GC(126) Concurrent evacuation
[56.184s][info][gc,task     ] GC(126) Using 1 of 3 workers for concurrent evacuation
[56.184s][info][gc          ] GC(126) Concurrent evacuation 0.591ms
[56.184s][info][gc,start    ] GC(126) Pause Init Update Refs
[56.184s][info][gc,ergo     ] GC(126) Pacer for Update Refs. Used: 127M, Free: 1816M, Non-Taxable: 181M, Alloc Tax Rate: 1.1x
[56.185s][info][gc          ] GC(126) Pause Init Update Refs 0.061ms
[56.186s][info][gc,start    ] GC(126) Concurrent update references
[56.186s][info][gc,task     ] GC(126) Using 1 of 3 workers for concurrent reference update
[56.193s][info][gc          ] GC(126) Concurrent update references 7.152ms
[56.193s][info][gc,start    ] GC(126) Concurrent update thread roots
[56.194s][info][gc          ] GC(126) Concurrent update thread roots 0.454ms
[56.194s][info][gc,start    ] GC(126) Pause Final Update Refs
[56.194s][info][gc,task     ] GC(126) Using 3 of 3 workers for final reference update
[56.194s][info][gc          ] GC(126) Pause Final Update Refs 0.099ms
[56.194s][info][gc,start    ] GC(126) Concurrent cleanup
[56.194s][info][gc          ] GC(126) Concurrent cleanup 148M->85M(2048M) 0.043ms
[56.194s][info][gc,ergo     ] Free: 1857M, Max: 1024K regular, 1424M humongous, Frag: 24% external, 0% internal; Reserve: 103M, Max: 1024K
[56.194s][info][gc,stats    ] 
[56.194s][info][gc,stats    ] All times are wall-clock times, except per-root-class counters, that are sum over
[56.194s][info][gc,stats    ] all workers. Dividing the <total> over the root stage time estimates parallelism.
[56.194s][info][gc,stats    ] 
[56.194s][info][gc,stats    ] Concurrent Reset                    376 us
[56.194s][info][gc,stats    ] Pause Init Mark (G)                 298 us
[56.194s][info][gc,stats    ] Pause Init Mark (N)                 111 us
[56.194s][info][gc,stats    ]   Update Region States               40 us
[56.194s][info][gc,stats    ] Concurrent Mark Roots               498 us, parallelism: 0.81x
[56.194s][info][gc,stats    ]   CMR: <total>                      406 us
[56.194s][info][gc,stats    ]   CMR: Thread Roots                 355 us, workers (us): 355, ---, ---, 
[56.194s][info][gc,stats    ]   CMR: VM Strong Roots                5 us, workers (us):   5, ---, ---, 
[56.194s][info][gc,stats    ]   CMR: CLDG Roots                    46 us, workers (us):  46, ---, ---, 
[56.194s][info][gc,stats    ] Concurrent Marking                 5666 us
[56.194s][info][gc,stats    ] Pause Final Mark (G)                420 us
[56.194s][info][gc,stats    ] Pause Final Mark (N)                209 us
[56.194s][info][gc,stats    ]   Finish Mark                        49 us
[56.194s][info][gc,stats    ]   Update Region States               35 us
[56.194s][info][gc,stats    ]   Choose Collection Set              58 us
[56.194s][info][gc,stats    ]   Rebuild Free Set                    8 us
[56.194s][info][gc,stats    ] Concurrent Thread Roots             344 us, parallelism: 0.79x
[56.194s][info][gc,stats    ]   CTR: <total>                      272 us
[56.194s][info][gc,stats    ]   CTR: Thread Roots                 272 us, workers (us): 272, ---, ---, 
[56.194s][info][gc,stats    ] Concurrent Weak References          123 us, parallelism: 0.41x
[56.194s][info][gc,stats    ]   CWRF: <total>                      50 us
[56.194s][info][gc,stats    ]   CWRF: Weak References              50 us, workers (us):  50, ---, ---, 
[56.194s][info][gc,stats    ] Concurrent Weak Roots              2314 us
[56.194s][info][gc,stats    ]   Roots                            1293 us, parallelism: 0.97x
[56.194s][info][gc,stats    ]     CWR: <total>                   1256 us
[56.194s][info][gc,stats    ]     CWR: Code Cache Roots          1154 us, workers (us): 1154, ---, ---, 
[56.194s][info][gc,stats    ]     CWR: VM Weak Roots               96 us, workers (us):  96, ---, ---, 
[56.194s][info][gc,stats    ]     CWR: CLDG Roots                   7 us, workers (us):   7, ---, ---, 
[56.194s][info][gc,stats    ]   Rendezvous                        967 us
[56.194s][info][gc,stats    ] Concurrent Cleanup                   61 us
[56.194s][info][gc,stats    ] Concurrent Class Unloading         5869 us
[56.194s][info][gc,stats    ]   Unlink Stale                     4925 us
[56.194s][info][gc,stats    ]     System Dictionary                11 us
[56.194s][info][gc,stats    ]     Weak Class Links                  0 us
[56.194s][info][gc,stats    ]     Code Roots                     4912 us
[56.194s][info][gc,stats    ]   Rendezvous                        578 us
[56.194s][info][gc,stats    ]   Purge Unlinked                    297 us
[56.194s][info][gc,stats    ]     Code Roots                      288 us
[56.194s][info][gc,stats    ]     CLDG                              8 us
[56.194s][info][gc,stats    ]     Exception Caches                  0 us
[56.194s][info][gc,stats    ] Concurrent Strong Roots             105 us, parallelism: 0.44x
[56.194s][info][gc,stats    ]   CSR: <total>                       46 us
[56.194s][info][gc,stats    ]   CSR: VM Strong Roots                3 us, workers (us):   3, ---, ---, 
[56.194s][info][gc,stats    ]   CSR: CLDG Roots                    43 us, workers (us):  43, ---, ---, 
[56.194s][info][gc,stats    ] Concurrent Evacuation               638 us
[56.194s][info][gc,stats    ] Pause Init Update Refs (G)         1636 us
[56.194s][info][gc,stats    ] Pause Init Update Refs (N)           71 us
[56.194s][info][gc,stats    ]   Manage GCLABs                       3 us
[56.194s][info][gc,stats    ] Concurrent Update Refs             7195 us
[56.194s][info][gc,stats    ] Concurrent Update Thread Roots      484 us
[56.194s][info][gc,stats    ] Pause Final Update Refs (G)         345 us
[56.195s][info][gc,stats    ] Pause Final Update Refs (N)         118 us
[56.195s][info][gc,stats    ]   Update Region States               43 us
[56.195s][info][gc,stats    ]   Trash Collection Set                5 us
[56.195s][info][gc,stats    ]   Rebuild Free Set                   12 us
[56.195s][info][gc,stats    ] Concurrent Cleanup                   54 us
[56.195s][info][gc,stats    ] 
[56.195s][info][gc,stats    ] Allocation pacing accrued:
[56.195s][info][gc,stats    ]       0 of   125 ms (  0.0%): <total>
[56.195s][info][gc,stats    ]       0 of   125 ms (  0.0%): <average total>
[56.195s][info][gc,stats    ] 
[56.195s][info][gc,metaspace] Metaspace: 8798K(9472K)->8798K(9472K) NonClass: 7948K(8320K)->7948K(8320K) Class: 850K(1152K)->850K(1152K)
[56.195s][info][gc,ergo     ] Pacer for Idle. Initial: 41943K, Alloc Tax Rate: 1.0x
[56.310s][info][gc          ] Trigger: Learning 5 of 5. Free (1416M) is below initial threshold (1433M)
[56.310s][info][gc,ergo     ] Free: 1416M, Max: 1024K regular, 1410M humongous, Frag: 0% external, 0% internal; Reserve: 103M, Max: 1024K
[56.310s][info][gc,start    ] GC(127) Concurrent reset
[56.310s][info][gc,task     ] GC(127) Using 1 of 3 workers for concurrent reset
[56.310s][info][gc,ergo     ] GC(127) Pacer for Reset. Non-Taxable: 2048M
[56.311s][info][gc          ] GC(127) Concurrent reset 0.414ms
[56.311s][info][gc,start    ] GC(127) Pause Init Mark (unload classes)
[56.311s][info][gc,task     ] GC(127) Using 3 of 3 workers for init marking
[56.311s][info][gc,ergo     ] GC(127) Pacer for Mark. Expected Live: 8345K, Free: 1415M, Non-Taxable: 141M, Alloc Tax Rate: 0.0x
[56.311s][info][gc          ] GC(127) Pause Init Mark (unload classes) 0.112ms
[56.311s][info][gc,start    ] GC(127) Concurrent marking roots
[56.311s][info][gc,task     ] GC(127) Using 1 of 3 workers for concurrent marking roots
[56.312s][info][gc          ] GC(127) Concurrent marking roots 0.405ms
[56.312s][info][gc,start    ] GC(127) Concurrent marking (unload classes)
[56.312s][info][gc,task     ] GC(127) Using 1 of 3 workers for concurrent marking
[56.318s][info][gc          ] GC(127) Concurrent marking (unload classes) 6.486ms
[56.318s][info][gc,start    ] GC(127) Pause Final Mark (unload classes)
[56.318s][info][gc,task     ] GC(127) Using 3 of 3 workers for final marking
[56.318s][info][gc,ergo     ] GC(127) Adaptive CSet Selection. Target Free: 290M, Actual Free: 1950M, Max CSet: 87381K, Min Garbage: 0B
[56.318s][info][gc,ergo     ] GC(127) Collectable Garbage: 517M (99%), Immediate: 464M (89%), CSet: 54590K (10%)
[56.318s][info][gc,ergo     ] GC(127) Pacer for Evacuation. Used CSet: 55296K, Free: 1853M, Non-Taxable: 185M, Alloc Tax Rate: 1.1x
[56.318s][info][gc          ] GC(127) Pause Final Mark (unload classes) 0.210ms
[56.318s][info][gc,start    ] GC(127) Concurrent thread roots
[56.318s][info][gc,task     ] GC(127) Using 1 of 3 workers for Concurrent thread roots
[56.319s][info][gc          ] GC(127) Concurrent thread roots 0.366ms
[56.319s][info][gc,start    ] GC(127) Concurrent weak references
[56.319s][info][gc,task     ] GC(127) Using 1 of 3 workers for concurrent weak references
[56.319s][info][gc,ref      ] GC(127) Encountered references: Soft: 137, Weak: 687, Final: 3, Phantom: 107
[56.319s][info][gc,ref      ] GC(127) Discovered  references: Soft: 0, Weak: 229, Final: 1, Phantom: 86
[56.319s][info][gc,ref      ] GC(127) Enqueued    references: Soft: 0, Weak: 91, Final: 0, Phantom: 0
[56.319s][info][gc          ] GC(127) Concurrent weak references 0.105ms
[56.319s][info][gc,start    ] GC(127) Concurrent weak roots
[56.319s][info][gc,task     ] GC(127) Using 1 of 3 workers for concurrent weak root
[56.324s][info][gc          ] GC(127) Concurrent weak roots 5.219ms
[56.324s][info][gc,start    ] GC(127) Concurrent cleanup
[56.324s][info][gc          ] GC(127) Concurrent cleanup 575M->111M(2048M) 0.053ms
[56.324s][info][gc,ergo     ] GC(127) Free: 1832M, Max: 1024K regular, 1362M humongous, Frag: 26% external, 0% internal; Reserve: 102M, Max: 1024K
[56.324s][info][gc,start    ] GC(127) Concurrent class unloading
[56.324s][info][gc,task     ] GC(127) Using 1 of 3 workers for concurrent class unloading
[56.330s][info][gc          ] GC(127) Concurrent class unloading 5.607ms
[56.330s][info][gc,start    ] GC(127) Concurrent strong roots
[56.330s][info][gc,task     ] GC(127) Using 1 of 3 workers for concurrent strong root
[56.330s][info][gc          ] GC(127) Concurrent strong roots 0.098ms
[56.330s][info][gc,start    ] GC(127) Concurrent evacuation
[56.330s][info][gc,task     ] GC(127) Using 1 of 3 workers for concurrent evacuation
[56.331s][info][gc          ] GC(127) Concurrent evacuation 0.503ms
[56.331s][info][gc,start    ] GC(127) Pause Init Update Refs
[56.331s][info][gc,ergo     ] GC(127) Pacer for Update Refs. Used: 126M, Free: 1817M, Non-Taxable: 181M, Alloc Tax Rate: 1.1x
[56.331s][info][gc          ] GC(127) Pause Init Update Refs 0.041ms
[56.332s][info][gc,start    ] GC(127) Concurrent update references
[56.333s][info][gc,task     ] GC(127) Using 1 of 3 workers for concurrent reference update
[56.340s][info][gc          ] GC(127) Concurrent update references 7.775ms
[56.340s][info][gc,start    ] GC(127) Concurrent update thread roots
[56.341s][info][gc          ] GC(127) Concurrent update thread roots 0.475ms
[56.341s][info][gc,start    ] GC(127) Pause Final Update Refs
[56.341s][info][gc,task     ] GC(127) Using 3 of 3 workers for final reference update
[56.341s][info][gc          ] GC(127) Pause Final Update Refs 0.106ms
[56.341s][info][gc,start    ] GC(127) Concurrent cleanup
[56.341s][info][gc          ] GC(127) Concurrent cleanup 154M->102M(2048M) 0.046ms
[56.341s][info][gc,ergo     ] Free: 1840M, Max: 1024K regular, 1362M humongous, Frag: 26% external, 0% internal; Reserve: 103M, Max: 1024K
[56.341s][info][gc,stats    ] 
[56.341s][info][gc,stats    ] All times are wall-clock times, except per-root-class counters, that are sum over
[56.341s][info][gc,stats    ] all workers. Dividing the <total> over the root stage time estimates parallelism.
[56.341s][info][gc,stats    ] 
[56.341s][info][gc,stats    ] Concurrent Reset                    462 us
[56.341s][info][gc,stats    ] Pause Init Mark (G)                 336 us
[56.341s][info][gc,stats    ] Pause Init Mark (N)                 123 us
[56.341s][info][gc,stats    ]   Update Region States               42 us
[56.341s][info][gc,stats    ] Concurrent Mark Roots               420 us, parallelism: 0.82x
[56.342s][info][gc,stats    ]   CMR: <total>                      345 us
[56.342s][info][gc,stats    ]   CMR: Thread Roots                 294 us, workers (us): 294, ---, ---, 
[56.342s][info][gc,stats    ]   CMR: VM Strong Roots                6 us, workers (us):   6, ---, ---, 
[56.342s][info][gc,stats    ]   CMR: CLDG Roots                    45 us, workers (us):  45, ---, ---, 
[56.342s][info][gc,stats    ] Concurrent Marking                 6530 us
[56.342s][info][gc,stats    ] Pause Final Mark (G)                362 us
[56.342s][info][gc,stats    ] Pause Final Mark (N)                219 us
[56.342s][info][gc,stats    ]   Finish Mark                        48 us
[56.342s][info][gc,stats    ]   Update Region States               35 us
[56.342s][info][gc,stats    ]   Choose Collection Set              59 us
[56.342s][info][gc,stats    ]   Rebuild Free Set                    8 us
[56.342s][info][gc,stats    ] Concurrent Thread Roots             381 us, parallelism: 0.81x
[56.342s][info][gc,stats    ]   CTR: <total>                      309 us
[56.342s][info][gc,stats    ]   CTR: Thread Roots                 309 us, workers (us): 309, ---, ---, 
[56.342s][info][gc,stats    ] Concurrent Weak References          112 us, parallelism: 0.42x
[56.342s][info][gc,stats    ]   CWRF: <total>                      47 us
[56.342s][info][gc,stats    ]   CWRF: Weak References              47 us, workers (us):  47, ---, ---, 
[56.342s][info][gc,stats    ] Concurrent Weak Roots              5261 us
[56.342s][info][gc,stats    ]   Roots                            1302 us, parallelism: 0.97x
[56.342s][info][gc,stats    ]     CWR: <total>                   1264 us
[56.342s][info][gc,stats    ]     CWR: Code Cache Roots          1156 us, workers (us): 1156, ---, ---, 
[56.342s][info][gc,stats    ]     CWR: VM Weak Roots               99 us, workers (us):  99, ---, ---, 
[56.342s][info][gc,stats    ]     CWR: CLDG Roots                   8 us, workers (us):   8, ---, ---, 
[56.342s][info][gc,stats    ]   Rendezvous                       3897 us
[56.342s][info][gc,stats    ] Concurrent Cleanup                   64 us
[56.342s][info][gc,stats    ] Concurrent Class Unloading         5657 us
[56.342s][info][gc,stats    ]   Unlink Stale                     5150 us
[56.342s][info][gc,stats    ]     System Dictionary                14 us
[56.342s][info][gc,stats    ]     Weak Class Links                  1 us
[56.342s][info][gc,stats    ]     Code Roots                     5133 us
[56.342s][info][gc,stats    ]   Rendezvous                        151 us
[56.342s][info][gc,stats    ]   Purge Unlinked                    286 us
[56.342s][info][gc,stats    ]     Code Roots                      280 us
[56.342s][info][gc,stats    ]     CLDG                              6 us
[56.342s][info][gc,stats    ]     Exception Caches                  0 us
[56.342s][info][gc,stats    ] Concurrent Strong Roots             113 us, parallelism: 0.35x
[56.342s][info][gc,stats    ]   CSR: <total>                       39 us
[56.342s][info][gc,stats    ]   CSR: VM Strong Roots                5 us, workers (us):   5, ---, ---, 
[56.342s][info][gc,stats    ]   CSR: CLDG Roots                    34 us, workers (us):  34, ---, ---, 
[56.342s][info][gc,stats    ] Concurrent Evacuation               538 us
[56.342s][info][gc,stats    ] Pause Init Update Refs (G)         1898 us
[56.342s][info][gc,stats    ] Pause Init Update Refs (N)           50 us
[56.342s][info][gc,stats    ]   Manage GCLABs                       3 us
[56.342s][info][gc,stats    ] Concurrent Update Refs             7830 us
[56.342s][info][gc,stats    ] Concurrent Update Thread Roots      504 us
[56.342s][info][gc,stats    ] Pause Final Update Refs (G)         529 us
[56.342s][info][gc,stats    ] Pause Final Update Refs (N)         117 us
[56.342s][info][gc,stats    ]   Update Region States               42 us
[56.342s][info][gc,stats    ]   Trash Collection Set                4 us
[56.342s][info][gc,stats    ]   Rebuild Free Set                   13 us
[56.342s][info][gc,stats    ] Concurrent Cleanup                   57 us
[56.342s][info][gc,stats    ] 
[56.342s][info][gc,stats    ] Allocation pacing accrued:
[56.342s][info][gc,stats    ]       0 of   147 ms (  0.0%): <total>
[56.342s][info][gc,stats    ]       0 of   147 ms (  0.0%): <average total>
[56.342s][info][gc,stats    ] 
[56.342s][info][gc,metaspace] Metaspace: 8798K(9472K)->8798K(9472K) NonClass: 7948K(8320K)->7948K(8320K) Class: 850K(1152K)->850K(1152K)
[56.342s][info][gc,ergo     ] Pacer for Idle. Initial: 41943K, Alloc Tax Rate: 1.0x
[56.763s][info][gc          ] Trigger: Average GC time (54.34 ms) is above the time for average allocation rate (3689 MB/s) to deplete free headroom (179M) (margin of error = 1.96)
[56.763s][info][gc,ergo     ] Free headroom: 281M (free) - 102M (spike) - 0B (penalties) = 179M
[56.763s][info][gc,ergo     ] Free: 281M, Max: 1024K regular, 275M humongous, Frag: 0% external, 1% internal; Reserve: 103M, Max: 1024K
[56.763s][info][gc,start    ] GC(128) Concurrent reset
[56.763s][info][gc,task     ] GC(128) Using 1 of 3 workers for concurrent reset
[56.763s][info][gc,ergo     ] GC(128) Pacer for Reset. Non-Taxable: 2048M
[56.764s][info][gc          ] GC(128) Concurrent reset 0.430ms
[56.764s][info][gc,start    ] GC(128) Pause Init Mark (unload classes)
[56.764s][info][gc,task     ] GC(128) Using 3 of 3 workers for init marking
[56.764s][info][gc,ergo     ] GC(128) Pacer for Mark. Expected Live: 8316K, Free: 279M, Non-Taxable: 28617K, Alloc Tax Rate: 0.0x
[56.764s][info][gc          ] GC(128) Pause Init Mark (unload classes) 0.113ms
[56.764s][info][gc,start    ] GC(128) Concurrent marking roots
[56.764s][info][gc,task     ] GC(128) Using 1 of 3 workers for concurrent marking roots
[56.764s][info][gc          ] GC(128) Concurrent marking roots 0.414ms
[56.764s][info][gc,start    ] GC(128) Concurrent marking (unload classes)
[56.764s][info][gc,task     ] GC(128) Using 1 of 3 workers for concurrent marking
[56.770s][info][gc          ] GC(128) Concurrent marking (unload classes) 5.276ms
[56.770s][info][gc,start    ] GC(128) Pause Final Mark (unload classes)
[56.770s][info][gc,task     ] GC(128) Using 3 of 3 workers for final marking
[56.770s][info][gc,ergo     ] GC(128) Adaptive CSet Selection. Target Free: 290M, Actual Free: 1851M, Max CSet: 87381K, Min Garbage: 0B
[56.770s][info][gc,ergo     ] GC(128) Collectable Garbage: 1653M (99%), Immediate: 1494M (90%), CSet: 159M (9%)
[56.770s][info][gc,ergo     ] GC(128) Pacer for Evacuation. Used CSet: 160M, Free: 1754M, Non-Taxable: 175M, Alloc Tax Rate: 1.1x
[56.770s][info][gc          ] GC(128) Pause Final Mark (unload classes) 0.206ms
[56.770s][info][gc,start    ] GC(128) Concurrent thread roots
[56.770s][info][gc,task     ] GC(128) Using 1 of 3 workers for Concurrent thread roots
[56.771s][info][gc          ] GC(128) Concurrent thread roots 0.395ms
[56.771s][info][gc,start    ] GC(128) Concurrent weak references
[56.771s][info][gc,task     ] GC(128) Using 1 of 3 workers for concurrent weak references
[56.771s][info][gc,ref      ] GC(128) Encountered references: Soft: 137, Weak: 887, Final: 3, Phantom: 115
[56.771s][info][gc,ref      ] GC(128) Discovered  references: Soft: 0, Weak: 426, Final: 1, Phantom: 95
[56.771s][info][gc,ref      ] GC(128) Enqueued    references: Soft: 0, Weak: 282, Final: 0, Phantom: 0
[56.771s][info][gc          ] GC(128) Concurrent weak references 0.165ms
[56.771s][info][gc,start    ] GC(128) Concurrent weak roots
[56.771s][info][gc,task     ] GC(128) Using 1 of 3 workers for concurrent weak root
[56.776s][info][gc          ] GC(128) Concurrent weak roots 5.250ms
[56.776s][info][gc,start    ] GC(128) Concurrent cleanup
[56.776s][info][gc          ] GC(128) Concurrent cleanup 1704M->210M(2048M) 0.102ms
[56.776s][info][gc,ergo     ] GC(128) Free: 1733M, Max: 1024K regular, 233M humongous, Frag: 87% external, 0% internal; Reserve: 102M, Max: 1024K
[56.776s][info][gc,start    ] GC(128) Concurrent class unloading
[56.776s][info][gc,task     ] GC(128) Using 1 of 3 workers for concurrent class unloading
[56.782s][info][gc          ] GC(128) Concurrent class unloading 5.741ms
[56.782s][info][gc,start    ] GC(128) Concurrent strong roots
[56.782s][info][gc,task     ] GC(128) Using 1 of 3 workers for concurrent strong root
[56.782s][info][gc          ] GC(128) Concurrent strong roots 0.091ms
[56.782s][info][gc,start    ] GC(128) Concurrent evacuation
[56.782s][info][gc,task     ] GC(128) Using 1 of 3 workers for concurrent evacuation
[56.783s][info][gc          ] GC(128) Concurrent evacuation 1.018ms
[56.783s][info][gc,start    ] GC(128) Pause Init Update Refs
[56.783s][info][gc,ergo     ] GC(128) Pacer for Update Refs. Used: 230M, Free: 1714M, Non-Taxable: 171M, Alloc Tax Rate: 1.1x
[56.783s][info][gc          ] GC(128) Pause Init Update Refs 0.052ms
[56.783s][info][gc,start    ] GC(128) Concurrent update references
[56.783s][info][gc,task     ] GC(128) Using 1 of 3 workers for concurrent reference update
[56.789s][info][gc          ] GC(128) Concurrent update references 5.946ms
[56.789s][info][gc,start    ] GC(128) Concurrent update thread roots
[56.790s][info][gc          ] GC(128) Concurrent update thread roots 0.427ms
[56.790s][info][gc,start    ] GC(128) Pause Final Update Refs
[56.790s][info][gc,task     ] GC(128) Using 3 of 3 workers for final reference update
[56.790s][info][gc          ] GC(128) Pause Final Update Refs 0.116ms
[56.790s][info][gc,start    ] GC(128) Concurrent cleanup
[56.790s][info][gc          ] GC(128) Concurrent cleanup 252M->92M(2048M) 0.043ms
[56.790s][info][gc,ergo     ] Free: 1850M, Max: 1024K regular, 1607M humongous, Frag: 13% external, 0% internal; Reserve: 103M, Max: 1024K
[56.790s][info][gc,stats    ] 
[56.790s][info][gc,stats    ] All times are wall-clock times, except per-root-class counters, that are sum over
[56.790s][info][gc,stats    ] all workers. Dividing the <total> over the root stage time estimates parallelism.
[56.790s][info][gc,stats    ] 
[56.790s][info][gc,stats    ] Concurrent Reset                    483 us
[56.790s][info][gc,stats    ] Pause Init Mark (G)                 330 us
[56.790s][info][gc,stats    ] Pause Init Mark (N)                 122 us
[56.790s][info][gc,stats    ]   Update Region States               40 us
[56.790s][info][gc,stats    ] Concurrent Mark Roots               431 us, parallelism: 0.79x
[56.790s][info][gc,stats    ]   CMR: <total>                      341 us
[56.790s][info][gc,stats    ]   CMR: Thread Roots                 291 us, workers (us): 291, ---, ---, 
[56.790s][info][gc,stats    ]   CMR: VM Strong Roots                6 us, workers (us):   6, ---, ---, 
[56.790s][info][gc,stats    ]   CMR: CLDG Roots                    44 us, workers (us):  44, ---, ---, 
[56.790s][info][gc,stats    ] Concurrent Marking                 5315 us
[56.790s][info][gc,stats    ] Pause Final Mark (G)                320 us
[56.791s][info][gc,stats    ] Pause Final Mark (N)                215 us
[56.791s][info][gc,stats    ]   Finish Mark                        43 us
[56.791s][info][gc,stats    ]   Update Region States               35 us
[56.791s][info][gc,stats    ]   Choose Collection Set              68 us
[56.791s][info][gc,stats    ]   Rebuild Free Set                    8 us
[56.791s][info][gc,stats    ] Concurrent Thread Roots             419 us, parallelism: 0.82x
[56.791s][info][gc,stats    ]   CTR: <total>                      342 us
[56.791s][info][gc,stats    ]   CTR: Thread Roots                 342 us, workers (us): 342, ---, ---, 
[56.791s][info][gc,stats    ] Concurrent Weak References          173 us, parallelism: 0.54x
[56.791s][info][gc,stats    ]   CWRF: <total>                      94 us
[56.791s][info][gc,stats    ]   CWRF: Weak References              94 us, workers (us):  94, ---, ---, 
[56.791s][info][gc,stats    ] Concurrent Weak Roots              5311 us
[56.791s][info][gc,stats    ]   Roots                            1274 us, parallelism: 0.97x
[56.791s][info][gc,stats    ]     CWR: <total>                   1239 us
[56.791s][info][gc,stats    ]     CWR: Code Cache Roots          1129 us, workers (us): 1129, ---, ---, 
[56.791s][info][gc,stats    ]     CWR: VM Weak Roots              102 us, workers (us): 102, ---, ---, 
[56.791s][info][gc,stats    ]     CWR: CLDG Roots                   8 us, workers (us):   8, ---, ---, 
[56.791s][info][gc,stats    ]   Rendezvous                       3954 us
[56.791s][info][gc,stats    ] Concurrent Cleanup                  113 us
[56.791s][info][gc,stats    ] Concurrent Class Unloading         5790 us
[56.791s][info][gc,stats    ]   Unlink Stale                     5137 us
[56.791s][info][gc,stats    ]     System Dictionary                10 us
[56.791s][info][gc,stats    ]     Weak Class Links                  0 us
[56.791s][info][gc,stats    ]     Code Roots                     5126 us
[56.791s][info][gc,stats    ]   Rendezvous                        263 us
[56.791s][info][gc,stats    ]   Purge Unlinked                    319 us
[56.791s][info][gc,stats    ]     Code Roots                      314 us
[56.791s][info][gc,stats    ]     CLDG                              5 us
[56.791s][info][gc,stats    ]     Exception Caches                  0 us
[56.791s][info][gc,stats    ] Concurrent Strong Roots             107 us, parallelism: 0.42x
[56.791s][info][gc,stats    ]   CSR: <total>                       44 us
[56.791s][info][gc,stats    ]   CSR: VM Strong Roots                5 us, workers (us):   5, ---, ---, 
[56.791s][info][gc,stats    ]   CSR: CLDG Roots                    39 us, workers (us):  39, ---, ---, 
[56.791s][info][gc,stats    ] Concurrent Evacuation              1073 us
[56.791s][info][gc,stats    ] Pause Init Update Refs (G)          317 us
[56.791s][info][gc,stats    ] Pause Init Update Refs (N)           63 us
[56.791s][info][gc,stats    ]   Manage GCLABs                       5 us
[56.791s][info][gc,stats    ] Concurrent Update Refs             5988 us
[56.791s][info][gc,stats    ] Concurrent Update Thread Roots      455 us
[56.791s][info][gc,stats    ] Pause Final Update Refs (G)         377 us
[56.791s][info][gc,stats    ] Pause Final Update Refs (N)         133 us
[56.791s][info][gc,stats    ]   Update Region States               51 us
[56.791s][info][gc,stats    ]   Trash Collection Set                9 us
[56.791s][info][gc,stats    ]   Rebuild Free Set                   16 us
[56.791s][info][gc,stats    ] Concurrent Cleanup                   56 us
[56.791s][info][gc,stats    ] Pacing                            22707 us
[56.791s][info][gc,stats    ] 
[56.791s][info][gc,stats    ] Allocation pacing accrued:
[56.791s][info][gc,stats    ]       4 of   449 ms (  0.8%): Query0
[56.791s][info][gc,stats    ]       4 of   449 ms (  0.8%): Query1
[56.791s][info][gc,stats    ]       4 of   449 ms (  1.0%): Query2
[56.791s][info][gc,stats    ]       4 of   449 ms (  1.0%): Query3
[56.791s][info][gc,stats    ]       3 of   449 ms (  0.7%): Query4
[56.791s][info][gc,stats    ]       4 of   449 ms (  0.8%): Query5
[56.791s][info][gc,stats    ]      23 of   449 ms (  5.1%): <total>
[56.791s][info][gc,stats    ]       1 of   449 ms (  0.3%): <average total>
[56.791s][info][gc,stats    ]       4 of   449 ms (  0.8%): <average non-zero>
[56.791s][info][gc,stats    ] 
[56.791s][info][gc,metaspace] Metaspace: 8798K(9472K)->8798K(9472K) NonClass: 7948K(8320K)->7948K(8320K) Class: 850K(1152K)->850K(1152K)
[56.791s][info][gc,ergo     ] Pacer for Idle. Initial: 41943K, Alloc Tax Rate: 1.0x
[57.221s][info][gc          ] Trigger: Average GC time (46.16 ms) is above the time for average allocation rate (3699 MB/s) to deplete free headroom (162M) (margin of error = 1.96)
[57.221s][info][gc,ergo     ] Free headroom: 264M (free) - 102M (spike) - 0B (penalties) = 162M
[57.221s][info][gc,ergo     ] Free: 264M, Max: 1024K regular, 232M humongous, Frag: 11% external, 1% internal; Reserve: 103M, Max: 1024K
[57.221s][info][gc,start    ] GC(129) Concurrent reset
[57.221s][info][gc,task     ] GC(129) Using 1 of 3 workers for concurrent reset
[57.221s][info][gc,ergo     ] GC(129) Pacer for Reset. Non-Taxable: 2048M
[57.222s][info][gc          ] GC(129) Concurrent reset 1.039ms
[57.223s][info][gc,start    ] GC(129) Pause Init Mark (unload classes)
[57.223s][info][gc,task     ] GC(129) Using 3 of 3 workers for init marking
[57.223s][info][gc,ergo     ] GC(129) Pacer for Mark. Expected Live: 8435K, Free: 260M, Non-Taxable: 26718K, Alloc Tax Rate: 0.0x
[57.223s][info][gc          ] GC(129) Pause Init Mark (unload classes) 0.122ms
[57.223s][info][gc,start    ] GC(129) Concurrent marking roots
[57.223s][info][gc,task     ] GC(129) Using 1 of 3 workers for concurrent marking roots
[57.223s][info][gc          ] GC(129) Concurrent marking roots 0.413ms
[57.223s][info][gc,start    ] GC(129) Concurrent marking (unload classes)
[57.223s][info][gc,task     ] GC(129) Using 1 of 3 workers for concurrent marking
[57.229s][info][gc          ] GC(129) Concurrent marking (unload classes) 6.136ms
[57.229s][info][gc,start    ] GC(129) Pause Final Mark (unload classes)
[57.229s][info][gc,task     ] GC(129) Using 3 of 3 workers for final marking
[57.230s][info][gc,ergo     ] GC(129) Adaptive CSet Selection. Target Free: 290M, Actual Free: 1841M, Max CSet: 87381K, Min Garbage: 0B
[57.230s][info][gc,ergo     ] GC(129) Collectable Garbage: 1671M (99%), Immediate: 1509M (90%), CSet: 162M (9%)
[57.230s][info][gc,ergo     ] GC(129) Pacer for Evacuation. Used CSet: 163M, Free: 1744M, Non-Taxable: 174M, Alloc Tax Rate: 1.1x
[57.230s][info][gc          ] GC(129) Pause Final Mark (unload classes) 0.225ms
[57.230s][info][gc,start    ] GC(129) Concurrent thread roots
[57.230s][info][gc,task     ] GC(129) Using 1 of 3 workers for Concurrent thread roots
[57.230s][info][gc          ] GC(129) Concurrent thread roots 0.369ms
[57.230s][info][gc,start    ] GC(129) Concurrent weak references
[57.230s][info][gc,task     ] GC(129) Using 1 of 3 workers for concurrent weak references
[57.230s][info][gc,ref      ] GC(129) Encountered references: Soft: 137, Weak: 903, Final: 3, Phantom: 120
[57.230s][info][gc,ref      ] GC(129) Discovered  references: Soft: 0, Weak: 436, Final: 1, Phantom: 99
[57.230s][info][gc,ref      ] GC(129) Enqueued    references: Soft: 0, Weak: 294, Final: 0, Phantom: 0
[57.230s][info][gc          ] GC(129) Concurrent weak references 0.161ms
[57.230s][info][gc,start    ] GC(129) Concurrent weak roots
[57.230s][info][gc,task     ] GC(129) Using 1 of 3 workers for concurrent weak root
[57.232s][info][gc          ] GC(129) Concurrent weak roots 1.793ms
[57.232s][info][gc,start    ] GC(129) Concurrent cleanup
[57.232s][info][gc          ] GC(129) Concurrent cleanup 1716M->207M(2048M) 0.100ms
[57.232s][info][gc,ergo     ] GC(129) Free: 1735M, Max: 1024K regular, 220M humongous, Frag: 88% external, 0% internal; Reserve: 102M, Max: 1024K
[57.232s][info][gc,start    ] GC(129) Concurrent class unloading
[57.232s][info][gc,task     ] GC(129) Using 1 of 3 workers for concurrent class unloading
[57.238s][info][gc          ] GC(129) Concurrent class unloading 5.645ms
[57.238s][info][gc,start    ] GC(129) Concurrent strong roots
[57.238s][info][gc,task     ] GC(129) Using 1 of 3 workers for concurrent strong root
[57.238s][info][gc          ] GC(129) Concurrent strong roots 0.086ms
[57.238s][info][gc,start    ] GC(129) Concurrent evacuation
[57.238s][info][gc,task     ] GC(129) Using 1 of 3 workers for concurrent evacuation
[57.239s][info][gc          ] GC(129) Concurrent evacuation 0.978ms
[57.239s][info][gc,start    ] GC(129) Pause Init Update Refs
[57.239s][info][gc,ergo     ] GC(129) Pacer for Update Refs. Used: 224M, Free: 1719M, Non-Taxable: 171M, Alloc Tax Rate: 1.1x
[57.239s][info][gc          ] GC(129) Pause Init Update Refs 0.037ms
[57.253s][info][gc,start    ] GC(129) Concurrent update references
[57.253s][info][gc,task     ] GC(129) Using 1 of 3 workers for concurrent reference update
[57.261s][info][gc          ] GC(129) Concurrent update references 7.438ms
[57.261s][info][gc,start    ] GC(129) Concurrent update thread roots
[57.261s][info][gc          ] GC(129) Concurrent update thread roots 0.441ms
[57.261s][info][gc,start    ] GC(129) Pause Final Update Refs
[57.261s][info][gc,task     ] GC(129) Using 3 of 3 workers for final reference update
[57.261s][info][gc          ] GC(129) Pause Final Update Refs 0.112ms
[57.261s][info][gc,start    ] GC(129) Concurrent cleanup
[57.261s][info][gc          ] GC(129) Concurrent cleanup 292M->129M(2048M) 0.041ms
[57.261s][info][gc,ergo     ] Free: 1813M, Max: 1024K regular, 1540M humongous, Frag: 15% external, 0% internal; Reserve: 103M, Max: 1024K
[57.261s][info][gc,stats    ] 
[57.261s][info][gc,stats    ] All times are wall-clock times, except per-root-class counters, that are sum over
[57.261s][info][gc,stats    ] all workers. Dividing the <total> over the root stage time estimates parallelism.
[57.261s][info][gc,stats    ] 
[57.261s][info][gc,stats    ] Concurrent Reset                   1103 us
[57.262s][info][gc,stats    ] Pause Init Mark (G)                 293 us
[57.262s][info][gc,stats    ] Pause Init Mark (N)                 131 us
[57.262s][info][gc,stats    ]   Update Region States               51 us
[57.262s][info][gc,stats    ] Concurrent Mark Roots               428 us, parallelism: 0.79x
[57.262s][info][gc,stats    ]   CMR: <total>                      338 us
[57.262s][info][gc,stats    ]   CMR: Thread Roots                 293 us, workers (us): 293, ---, ---, 
[57.262s][info][gc,stats    ]   CMR: VM Strong Roots                5 us, workers (us):   5, ---, ---, 
[57.262s][info][gc,stats    ]   CMR: CLDG Roots                    39 us, workers (us):  39, ---, ---, 
[57.262s][info][gc,stats    ] Concurrent Marking                 6176 us
[57.262s][info][gc,stats    ] Pause Final Mark (G)                331 us
[57.262s][info][gc,stats    ] Pause Final Mark (N)                234 us
[57.262s][info][gc,stats    ]   Finish Mark                        51 us
[57.262s][info][gc,stats    ]   Update Region States               38 us
[57.262s][info][gc,stats    ]   Choose Collection Set              72 us
[57.262s][info][gc,stats    ]   Rebuild Free Set                    8 us
[57.262s][info][gc,stats    ] Concurrent Thread Roots             386 us, parallelism: 0.85x
[57.262s][info][gc,stats    ]   CTR: <total>                      327 us
[57.262s][info][gc,stats    ]   CTR: Thread Roots                 327 us, workers (us): 327, ---, ---, 
[57.262s][info][gc,stats    ] Concurrent Weak References          169 us, parallelism: 0.60x
[57.262s][info][gc,stats    ]   CWRF: <total>                     101 us
[57.262s][info][gc,stats    ]   CWRF: Weak References             101 us, workers (us): 101, ---, ---, 
[57.262s][info][gc,stats    ] Concurrent Weak Roots              1830 us
[57.262s][info][gc,stats    ]   Roots                            1353 us, parallelism: 0.97x
[57.262s][info][gc,stats    ]     CWR: <total>                   1314 us
[57.262s][info][gc,stats    ]     CWR: Code Cache Roots          1201 us, workers (us): 1201, ---, ---, 
[57.262s][info][gc,stats    ]     CWR: VM Weak Roots              106 us, workers (us): 106, ---, ---, 
[57.262s][info][gc,stats    ]     CWR: CLDG Roots                   7 us, workers (us):   7, ---, ---, 
[57.262s][info][gc,stats    ]   Rendezvous                        421 us
[57.262s][info][gc,stats    ] Concurrent Cleanup                  108 us
[57.262s][info][gc,stats    ] Concurrent Class Unloading         5694 us
[57.262s][info][gc,stats    ]   Unlink Stale                     5213 us
[57.262s][info][gc,stats    ]     System Dictionary                 9 us
[57.262s][info][gc,stats    ]     Weak Class Links                  0 us
[57.262s][info][gc,stats    ]     Code Roots                     5202 us
[57.262s][info][gc,stats    ]   Rendezvous                        152 us
[57.262s][info][gc,stats    ]   Purge Unlinked                    257 us
[57.262s][info][gc,stats    ]     Code Roots                      250 us
[57.262s][info][gc,stats    ]     CLDG                              7 us
[57.262s][info][gc,stats    ]     Exception Caches                  0 us
[57.262s][info][gc,stats    ] Concurrent Strong Roots              95 us, parallelism: 0.45x
[57.262s][info][gc,stats    ]   CSR: <total>                       42 us
[57.262s][info][gc,stats    ]   CSR: VM Strong Roots                4 us, workers (us):   4, ---, ---, 
[57.262s][info][gc,stats    ]   CSR: CLDG Roots                    38 us, workers (us):  38, ---, ---, 
[57.262s][info][gc,stats    ] Concurrent Evacuation              1046 us
[57.262s][info][gc,stats    ] Pause Init Update Refs (G)        14001 us
[57.262s][info][gc,stats    ] Pause Init Update Refs (N)           46 us
[57.262s][info][gc,stats    ]   Manage GCLABs                       3 us
[57.262s][info][gc,stats    ] Concurrent Update Refs             7479 us
[57.262s][info][gc,stats    ] Concurrent Update Thread Roots      472 us
[57.262s][info][gc,stats    ] Pause Final Update Refs (G)         316 us
[57.262s][info][gc,stats    ] Pause Final Update Refs (N)         132 us
[57.262s][info][gc,stats    ]   Update Region States               43 us
[57.262s][info][gc,stats    ]   Trash Collection Set                9 us
[57.262s][info][gc,stats    ]   Rebuild Free Set                   15 us
[57.262s][info][gc,stats    ] Concurrent Cleanup                   51 us
[57.262s][info][gc,stats    ] 
[57.262s][info][gc,stats    ] Allocation pacing accrued:
[57.262s][info][gc,stats    ]       0 of   471 ms (  0.0%): <total>
[57.262s][info][gc,stats    ]       0 of   471 ms (  0.0%): <average total>
[57.262s][info][gc,stats    ] 
[57.262s][info][gc,metaspace] Metaspace: 8798K(9472K)->8798K(9472K) NonClass: 7948K(8320K)->7948K(8320K) Class: 850K(1152K)->850K(1152K)
[57.262s][info][gc,ergo     ] Pacer for Idle. Initial: 41943K, Alloc Tax Rate: 1.0x
[57.680s][info][gc          ] Trigger: Average GC time (50.18 ms) is above the time for average allocation rate (3768 MB/s) to deplete free headroom (136M) (margin of error = 1.97)
[57.680s][info][gc,ergo     ] Free headroom: 238M (free) - 102M (spike) - 0B (penalties) = 136M
[57.680s][info][gc,ergo     ] Free: 238M, Max: 1024K regular, 220M humongous, Frag: 6% external, 1% internal; Reserve: 103M, Max: 1024K
[57.680s][info][gc,start    ] GC(130) Concurrent reset
[57.680s][info][gc,task     ] GC(130) Using 1 of 3 workers for concurrent reset
[57.680s][info][gc,ergo     ] GC(130) Pacer for Reset. Non-Taxable: 2048M
[57.682s][info][gc          ] GC(130) Concurrent reset 1.099ms
[57.682s][info][gc,start    ] GC(130) Pause Init Mark (unload classes)
[57.682s][info][gc,task     ] GC(130) Using 3 of 3 workers for init marking
[57.682s][info][gc,ergo     ] GC(130) Pacer for Mark. Expected Live: 8434K, Free: 235M, Non-Taxable: 24158K, Alloc Tax Rate: 0.0x
[57.682s][info][gc          ] GC(130) Pause Init Mark (unload classes) 0.134ms
[57.685s][info][gc,start    ] GC(130) Concurrent marking roots
[57.685s][info][gc,task     ] GC(130) Using 1 of 3 workers for concurrent marking roots
[57.686s][info][gc          ] GC(130) Concurrent marking roots 0.466ms
[57.686s][info][gc,start    ] GC(130) Concurrent marking (unload classes)
[57.686s][info][gc,task     ] GC(130) Using 1 of 3 workers for concurrent marking
[57.691s][info][gc          ] GC(130) Concurrent marking (unload classes) 5.602ms
[57.691s][info][gc,start    ] GC(130) Pause Final Mark (unload classes)
[57.691s][info][gc,task     ] GC(130) Using 3 of 3 workers for final marking
[57.692s][info][gc,ergo     ] GC(130) Adaptive CSet Selection. Target Free: 290M, Actual Free: 1833M, Max CSet: 87381K, Min Garbage: 0B
[57.692s][info][gc,ergo     ] GC(130) Collectable Garbage: 1696M (99%), Immediate: 1530M (90%), CSet: 166M (9%)
[57.692s][info][gc,ergo     ] GC(130) Pacer for Evacuation. Used CSet: 167M, Free: 1736M, Non-Taxable: 173M, Alloc Tax Rate: 1.1x
[57.692s][info][gc          ] GC(130) Pause Final Mark (unload classes) 0.350ms
[57.692s][info][gc,start    ] GC(130) Concurrent thread roots
[57.692s][info][gc,task     ] GC(130) Using 1 of 3 workers for Concurrent thread roots
[57.692s][info][gc          ] GC(130) Concurrent thread roots 0.359ms
[57.692s][info][gc,start    ] GC(130) Concurrent weak references
[57.692s][info][gc,task     ] GC(130) Using 1 of 3 workers for concurrent weak references
[57.692s][info][gc,ref      ] GC(130) Encountered references: Soft: 137, Weak: 903, Final: 3, Phantom: 113
[57.692s][info][gc,ref      ] GC(130) Discovered  references: Soft: 0, Weak: 426, Final: 1, Phantom: 91
[57.692s][info][gc,ref      ] GC(130) Enqueued    references: Soft: 0, Weak: 295, Final: 0, Phantom: 0
[57.692s][info][gc          ] GC(130) Concurrent weak references 0.192ms
[57.692s][info][gc,start    ] GC(130) Concurrent weak roots
[57.692s][info][gc,task     ] GC(130) Using 1 of 3 workers for concurrent weak root
[57.694s][info][gc          ] GC(130) Concurrent weak roots 1.433ms
[57.694s][info][gc,start    ] GC(130) Concurrent cleanup
[57.694s][info][gc          ] GC(130) Concurrent cleanup 1744M->214M(2048M) 0.098ms
[57.694s][info][gc,ergo     ] GC(130) Free: 1728M, Max: 1024K regular, 192M humongous, Frag: 89% external, 0% internal; Reserve: 102M, Max: 1024K
[57.694s][info][gc,start    ] GC(130) Concurrent class unloading
[57.694s][info][gc,task     ] GC(130) Using 1 of 3 workers for concurrent class unloading
[57.704s][info][gc          ] GC(130) Concurrent class unloading 9.606ms
[57.704s][info][gc,start    ] GC(130) Concurrent strong roots
[57.704s][info][gc,task     ] GC(130) Using 1 of 3 workers for concurrent strong root
[57.704s][info][gc          ] GC(130) Concurrent strong roots 0.077ms
[57.704s][info][gc,start    ] GC(130) Concurrent evacuation
[57.704s][info][gc,task     ] GC(130) Using 1 of 3 workers for concurrent evacuation
[57.705s][info][gc          ] GC(130) Concurrent evacuation 1.066ms
[57.705s][info][gc,start    ] GC(130) Pause Init Update Refs
[57.705s][info][gc,ergo     ] GC(130) Pacer for Update Refs. Used: 249M, Free: 1694M, Non-Taxable: 169M, Alloc Tax Rate: 1.1x
[57.705s][info][gc          ] GC(130) Pause Init Update Refs 0.046ms
[57.705s][info][gc,start    ] GC(130) Concurrent update references
[57.705s][info][gc,task     ] GC(130) Using 1 of 3 workers for concurrent reference update
[57.714s][info][gc          ] GC(130) Concurrent update references 8.745ms
[57.714s][info][gc,start    ] GC(130) Concurrent update thread roots
[57.714s][info][gc          ] GC(130) Concurrent update thread roots 0.455ms
[57.714s][info][gc,start    ] GC(130) Pause Final Update Refs
[57.714s][info][gc,task     ] GC(130) Using 3 of 3 workers for final reference update
[57.714s][info][gc          ] GC(130) Pause Final Update Refs 0.121ms
[57.715s][info][gc,start    ] GC(130) Concurrent cleanup
[57.715s][info][gc          ] GC(130) Concurrent cleanup 272M->105M(2048M) 0.036ms
[57.715s][info][gc,ergo     ] Free: 1837M, Max: 1024K regular, 1621M humongous, Frag: 12% external, 0% internal; Reserve: 103M, Max: 1024K
[57.715s][info][gc,stats    ] 
[57.715s][info][gc,stats    ] All times are wall-clock times, except per-root-class counters, that are sum over
[57.715s][info][gc,stats    ] all workers. Dividing the <total> over the root stage time estimates parallelism.
[57.715s][info][gc,stats    ] 
[57.715s][info][gc,stats    ] Concurrent Reset                   1176 us
[57.715s][info][gc,stats    ] Pause Init Mark (G)                3548 us
[57.715s][info][gc,stats    ] Pause Init Mark (N)                 143 us
[57.715s][info][gc,stats    ]   Update Region States               48 us
[57.715s][info][gc,stats    ] Concurrent Mark Roots               484 us, parallelism: 0.71x
[57.715s][info][gc,stats    ]   CMR: <total>                      343 us
[57.715s][info][gc,stats    ]   CMR: Thread Roots                 298 us, workers (us): 298, ---, ---, 
[57.715s][info][gc,stats    ]   CMR: VM Strong Roots                6 us, workers (us):   6, ---, ---, 
[57.715s][info][gc,stats    ]   CMR: CLDG Roots                    39 us, workers (us):  39, ---, ---, 
[57.715s][info][gc,stats    ] Concurrent Marking                 5645 us
[57.715s][info][gc,stats    ] Pause Final Mark (G)                504 us
[57.715s][info][gc,stats    ] Pause Final Mark (N)                359 us
[57.715s][info][gc,stats    ]   Finish Mark                       172 us
[57.715s][info][gc,stats    ]   Update Region States               37 us
[57.715s][info][gc,stats    ]   Choose Collection Set              70 us
[57.715s][info][gc,stats    ]   Rebuild Free Set                    9 us
[57.715s][info][gc,stats    ] Concurrent Thread Roots             379 us, parallelism: 0.77x
[57.715s][info][gc,stats    ]   CTR: <total>                      292 us
[57.715s][info][gc,stats    ]   CTR: Thread Roots                 292 us, workers (us): 292, ---, ---, 
[57.715s][info][gc,stats    ] Concurrent Weak References          200 us, parallelism: 0.60x
[57.715s][info][gc,stats    ]   CWRF: <total>                     119 us
[57.715s][info][gc,stats    ]   CWRF: Weak References             119 us, workers (us): 119, ---, ---, 
[57.715s][info][gc,stats    ] Concurrent Weak Roots              1482 us
[57.715s][info][gc,stats    ]   Roots                            1342 us, parallelism: 0.97x
[57.715s][info][gc,stats    ]     CWR: <total>                   1298 us
[57.715s][info][gc,stats    ]     CWR: Code Cache Roots          1180 us, workers (us): 1180, ---, ---, 
[57.715s][info][gc,stats    ]     CWR: VM Weak Roots              111 us, workers (us): 111, ---, ---, 
[57.715s][info][gc,stats    ]     CWR: CLDG Roots                   7 us, workers (us):   7, ---, ---, 
[57.715s][info][gc,stats    ]   Rendezvous                         72 us
[57.715s][info][gc,stats    ] Concurrent Cleanup                  108 us
[57.715s][info][gc,stats    ] Concurrent Class Unloading         9643 us
[57.715s][info][gc,stats    ]   Unlink Stale                     4757 us
[57.715s][info][gc,stats    ]     System Dictionary                10 us
[57.715s][info][gc,stats    ]     Weak Class Links                  0 us
[57.715s][info][gc,stats    ]     Code Roots                     4745 us
[57.715s][info][gc,stats    ]   Rendezvous                       4494 us
[57.715s][info][gc,stats    ]   Purge Unlinked                    333 us
[57.715s][info][gc,stats    ]     Code Roots                      326 us
[57.715s][info][gc,stats    ]     CLDG                              7 us
[57.715s][info][gc,stats    ]     Exception Caches                  0 us
[57.715s][info][gc,stats    ] Concurrent Strong Roots              87 us, parallelism: 0.44x
[57.715s][info][gc,stats    ]   CSR: <total>                       38 us
[57.715s][info][gc,stats    ]   CSR: VM Strong Roots                3 us, workers (us):   3, ---, ---, 
[57.715s][info][gc,stats    ]   CSR: CLDG Roots                    35 us, workers (us):  35, ---, ---, 
[57.715s][info][gc,stats    ] Concurrent Evacuation              1126 us
[57.715s][info][gc,stats    ] Pause Init Update Refs (G)          220 us
[57.715s][info][gc,stats    ] Pause Init Update Refs (N)           55 us
[57.715s][info][gc,stats    ]   Manage GCLABs                       4 us
[57.715s][info][gc,stats    ] Concurrent Update Refs             8786 us
[57.715s][info][gc,stats    ] Concurrent Update Thread Roots      484 us
[57.715s][info][gc,stats    ] Pause Final Update Refs (G)         271 us
[57.715s][info][gc,stats    ] Pause Final Update Refs (N)         141 us
[57.715s][info][gc,stats    ]   Update Region States               51 us
[57.715s][info][gc,stats    ]   Trash Collection Set                9 us
[57.715s][info][gc,stats    ]   Rebuild Free Set                   15 us
[57.715s][info][gc,stats    ] Concurrent Cleanup                   47 us
[57.715s][info][gc,stats    ] 
[57.715s][info][gc,stats    ] Allocation pacing accrued:
[57.715s][info][gc,stats    ]       0 of   453 ms (  0.0%): <total>
[57.715s][info][gc,stats    ]       0 of   453 ms (  0.0%): <average total>
[57.715s][info][gc,stats    ] 
[57.715s][info][gc,metaspace] Metaspace: 8798K(9472K)->8798K(9472K) NonClass: 7948K(8320K)->7948K(8320K) Class: 850K(1152K)->850K(1152K)
[57.715s][info][gc,ergo     ] Pacer for Idle. Initial: 41943K, Alloc Tax Rate: 1.0x
[58.153s][info][gc          ] Trigger: Average GC time (45.38 ms) is above the time for average allocation rate (3603 MB/s) to deplete free headroom (134M) (margin of error = 1.97)
[58.153s][info][gc,ergo     ] Free headroom: 236M (free) - 102M (spike) - 0B (penalties) = 134M
[58.153s][info][gc,ergo     ] Free: 235M, Max: 1024K regular, 192M humongous, Frag: 17% external, 1% internal; Reserve: 103M, Max: 1024K
[58.153s][info][gc,start    ] GC(131) Concurrent reset
[58.153s][info][gc,task     ] GC(131) Using 1 of 3 workers for concurrent reset
[58.153s][info][gc,ergo     ] GC(131) Pacer for Reset. Non-Taxable: 2048M
[58.154s][info][gc          ] GC(131) Concurrent reset 0.859ms
[58.154s][info][gc,start    ] GC(131) Pause Init Mark (unload classes)
[58.154s][info][gc,task     ] GC(131) Using 3 of 3 workers for init marking
[58.154s][info][gc,ergo     ] GC(131) Pacer for Mark. Expected Live: 8435K, Free: 234M, Non-Taxable: 24055K, Alloc Tax Rate: 0.0x
[58.154s][info][gc          ] GC(131) Pause Init Mark (unload classes) 0.119ms
[58.155s][info][gc,start    ] GC(131) Concurrent marking roots
[58.155s][info][gc,task     ] GC(131) Using 1 of 3 workers for concurrent marking roots
[58.155s][info][gc          ] GC(131) Concurrent marking roots 0.387ms
[58.155s][info][gc,start    ] GC(131) Concurrent marking (unload classes)
[58.155s][info][gc,task     ] GC(131) Using 1 of 3 workers for concurrent marking
[58.161s][info][gc          ] GC(131) Concurrent marking (unload classes) 5.661ms
[58.161s][info][gc,start    ] GC(131) Pause Final Mark (unload classes)
[58.161s][info][gc,task     ] GC(131) Using 3 of 3 workers for final marking
[58.161s][info][gc,ergo     ] GC(131) Adaptive CSet Selection. Target Free: 290M, Actual Free: 1843M, Max CSet: 87381K, Min Garbage: 0B
[58.161s][info][gc,ergo     ] GC(131) Collectable Garbage: 1697M (99%), Immediate: 1537M (90%), CSet: 160M (9%)
[58.161s][info][gc,ergo     ] GC(131) Pacer for Evacuation. Used CSet: 161M, Free: 1746M, Non-Taxable: 174M, Alloc Tax Rate: 1.1x
[58.161s][info][gc          ] GC(131) Pause Final Mark (unload classes) 0.216ms
[58.161s][info][gc,start    ] GC(131) Concurrent thread roots
[58.161s][info][gc,task     ] GC(131) Using 1 of 3 workers for Concurrent thread roots
[58.162s][info][gc          ] GC(131) Concurrent thread roots 0.378ms
[58.162s][info][gc,start    ] GC(131) Concurrent weak references
[58.162s][info][gc,task     ] GC(131) Using 1 of 3 workers for concurrent weak references
[58.162s][info][gc,ref      ] GC(131) Encountered references: Soft: 137, Weak: 909, Final: 3, Phantom: 123
[58.162s][info][gc,ref      ] GC(131) Discovered  references: Soft: 0, Weak: 441, Final: 1, Phantom: 118
[58.162s][info][gc,ref      ] GC(131) Enqueued    references: Soft: 0, Weak: 299, Final: 0, Phantom: 0
[58.162s][info][gc          ] GC(131) Concurrent weak references 0.187ms
[58.162s][info][gc,start    ] GC(131) Concurrent weak roots
[58.162s][info][gc,task     ] GC(131) Using 1 of 3 workers for concurrent weak root
[58.163s][info][gc          ] GC(131) Concurrent weak roots 1.566ms
[58.163s][info][gc,start    ] GC(131) Concurrent cleanup
[58.164s][info][gc          ] GC(131) Concurrent cleanup 1741M->204M(2048M) 0.100ms
[58.164s][info][gc,ergo     ] GC(131) Free: 1738M, Max: 1024K regular, 194M humongous, Frag: 89% external, 0% internal; Reserve: 102M, Max: 1024K
[58.164s][info][gc,start    ] GC(131) Concurrent class unloading
[58.164s][info][gc,task     ] GC(131) Using 1 of 3 workers for concurrent class unloading
[58.169s][info][gc          ] GC(131) Concurrent class unloading 5.729ms
[58.169s][info][gc,start    ] GC(131) Concurrent strong roots
[58.169s][info][gc,task     ] GC(131) Using 1 of 3 workers for concurrent strong root
[58.169s][info][gc          ] GC(131) Concurrent strong roots 0.090ms
[58.169s][info][gc,start    ] GC(131) Concurrent evacuation
[58.169s][info][gc,task     ] GC(131) Using 1 of 3 workers for concurrent evacuation
[58.170s][info][gc          ] GC(131) Concurrent evacuation 0.982ms
[58.171s][info][gc,start    ] GC(131) Pause Init Update Refs
[58.171s][info][gc,ergo     ] GC(131) Pacer for Update Refs. Used: 225M, Free: 1718M, Non-Taxable: 171M, Alloc Tax Rate: 1.1x
[58.171s][info][gc          ] GC(131) Pause Init Update Refs 0.058ms
[58.172s][info][gc,start    ] GC(131) Concurrent update references
[58.172s][info][gc,task     ] GC(131) Using 1 of 3 workers for concurrent reference update
[58.180s][info][gc          ] GC(131) Concurrent update references 7.472ms
[58.180s][info][gc,start    ] GC(131) Concurrent update thread roots
[58.181s][info][gc          ] GC(131) Concurrent update thread roots 0.774ms
[58.181s][info][gc,start    ] GC(131) Pause Final Update Refs
[58.181s][info][gc,task     ] GC(131) Using 3 of 3 workers for final reference update
[58.181s][info][gc          ] GC(131) Pause Final Update Refs 0.095ms
[58.181s][info][gc,start    ] GC(131) Concurrent cleanup
[58.181s][info][gc          ] GC(131) Concurrent cleanup 251M->91M(2048M) 0.037ms
[58.181s][info][gc,ergo     ] Free: 1851M, Max: 1024K regular, 1611M humongous, Frag: 13% external, 0% internal; Reserve: 103M, Max: 1024K
[58.181s][info][gc,stats    ] 
[58.181s][info][gc,stats    ] All times are wall-clock times, except per-root-class counters, that are sum over
[58.181s][info][gc,stats    ] all workers. Dividing the <total> over the root stage time estimates parallelism.
[58.181s][info][gc,stats    ] 
[58.181s][info][gc,stats    ] Concurrent Reset                    932 us
[58.181s][info][gc,stats    ] Pause Init Mark (G)                 593 us
[58.181s][info][gc,stats    ] Pause Init Mark (N)                 127 us
[58.181s][info][gc,stats    ]   Update Region States               42 us
[58.181s][info][gc,stats    ] Concurrent Mark Roots               406 us, parallelism: 0.76x
[58.181s][info][gc,stats    ]   CMR: <total>                      310 us
[58.181s][info][gc,stats    ]   CMR: Thread Roots                 268 us, workers (us): 268, ---, ---, 
[58.181s][info][gc,stats    ]   CMR: VM Strong Roots                5 us, workers (us):   5, ---, ---, 
[58.181s][info][gc,stats    ]   CMR: CLDG Roots                    36 us, workers (us):  36, ---, ---, 
[58.181s][info][gc,stats    ] Concurrent Marking                 5706 us
[58.181s][info][gc,stats    ] Pause Final Mark (G)                320 us
[58.181s][info][gc,stats    ] Pause Final Mark (N)                226 us
[58.181s][info][gc,stats    ]   Finish Mark                        48 us
[58.181s][info][gc,stats    ]   Update Region States               38 us
[58.181s][info][gc,stats    ]   Choose Collection Set              76 us
[58.181s][info][gc,stats    ]   Rebuild Free Set                    9 us
[58.181s][info][gc,stats    ] Concurrent Thread Roots             398 us, parallelism: 0.84x
[58.181s][info][gc,stats    ]   CTR: <total>                      336 us
[58.181s][info][gc,stats    ]   CTR: Thread Roots                 336 us, workers (us): 336, ---, ---, 
[58.181s][info][gc,stats    ] Concurrent Weak References          202 us, parallelism: 0.55x
[58.181s][info][gc,stats    ]   CWRF: <total>                     111 us
[58.181s][info][gc,stats    ]   CWRF: Weak References             111 us, workers (us): 111, ---, ---, 
[58.181s][info][gc,stats    ] Concurrent Weak Roots              1610 us
[58.181s][info][gc,stats    ]   Roots                            1331 us, parallelism: 0.97x
[58.181s][info][gc,stats    ]     CWR: <total>                   1289 us
[58.181s][info][gc,stats    ]     CWR: Code Cache Roots          1177 us, workers (us): 1177, ---, ---, 
[58.181s][info][gc,stats    ]     CWR: VM Weak Roots              104 us, workers (us): 104, ---, ---, 
[58.181s][info][gc,stats    ]     CWR: CLDG Roots                   8 us, workers (us):   8, ---, ---, 
[58.181s][info][gc,stats    ]   Rendezvous                        216 us
[58.181s][info][gc,stats    ] Concurrent Cleanup                  110 us
[58.181s][info][gc,stats    ] Concurrent Class Unloading         5779 us
[58.181s][info][gc,stats    ]   Unlink Stale                     4965 us
[58.181s][info][gc,stats    ]     System Dictionary                 8 us
[58.181s][info][gc,stats    ]     Weak Class Links                  0 us
[58.181s][info][gc,stats    ]     Code Roots                     4955 us
[58.181s][info][gc,stats    ]   Rendezvous                        481 us
[58.181s][info][gc,stats    ]   Purge Unlinked                    262 us
[58.181s][info][gc,stats    ]     Code Roots                      257 us
[58.181s][info][gc,stats    ]     CLDG                              5 us
[58.181s][info][gc,stats    ]     Exception Caches                  0 us
[58.181s][info][gc,stats    ] Concurrent Strong Roots             103 us, parallelism: 0.42x
[58.181s][info][gc,stats    ]   CSR: <total>                       43 us
[58.181s][info][gc,stats    ]   CSR: VM Strong Roots                5 us, workers (us):   5, ---, ---, 
[58.182s][info][gc,stats    ]   CSR: CLDG Roots                    39 us, workers (us):  39, ---, ---, 
[58.182s][info][gc,stats    ] Concurrent Evacuation              1036 us
[58.182s][info][gc,stats    ] Pause Init Update Refs (G)         1855 us
[58.182s][info][gc,stats    ] Pause Init Update Refs (N)           67 us
[58.182s][info][gc,stats    ]   Manage GCLABs                       5 us
[58.182s][info][gc,stats    ] Concurrent Update Refs             7527 us
[58.182s][info][gc,stats    ] Concurrent Update Thread Roots      803 us
[58.182s][info][gc,stats    ] Pause Final Update Refs (G)         284 us
[58.182s][info][gc,stats    ] Pause Final Update Refs (N)         124 us
[58.182s][info][gc,stats    ]   Update Region States               43 us
[58.182s][info][gc,stats    ]   Trash Collection Set               10 us
[58.182s][info][gc,stats    ]   Rebuild Free Set                   16 us
[58.182s][info][gc,stats    ] Concurrent Cleanup                   47 us
[58.182s][info][gc,stats    ] Pacing                             1713 us
[58.182s][info][gc,stats    ] 
[58.182s][info][gc,stats    ] Allocation pacing accrued:
[58.182s][info][gc,stats    ]       0 of   467 ms (  0.1%): Query1
[58.182s][info][gc,stats    ]       0 of   467 ms (  0.0%): Query2
[58.182s][info][gc,stats    ]       0 of   467 ms (  0.1%): Query3
[58.182s][info][gc,stats    ]       1 of   467 ms (  0.2%): Query4
[58.182s][info][gc,stats    ]       2 of   467 ms (  0.4%): <total>
[58.182s][info][gc,stats    ]       0 of   467 ms (  0.0%): <average total>
[58.182s][info][gc,stats    ]       0 of   467 ms (  0.1%): <average non-zero>
[58.182s][info][gc,stats    ] 
[58.182s][info][gc,metaspace] Metaspace: 8798K(9472K)->8798K(9472K) NonClass: 7948K(8320K)->7948K(8320K) Class: 850K(1152K)->850K(1152K)
[58.182s][info][gc,ergo     ] Pacer for Idle. Initial: 41943K, Alloc Tax Rate: 1.0x
[58.611s][info][gc          ] Trigger: Average GC time (41.35 ms) is above the time for average allocation rate (3754 MB/s) to deplete free headroom (141M) (margin of error = 1.97)
[58.611s][info][gc,ergo     ] Free headroom: 244M (free) - 102M (spike) - 0B (penalties) = 141M
[58.611s][info][gc,ergo     ] Free: 243M, Max: 1024K regular, 223M humongous, Frag: 6% external, 1% internal; Reserve: 103M, Max: 1024K
[58.611s][info][gc,start    ] GC(132) Concurrent reset
[58.611s][info][gc,task     ] GC(132) Using 1 of 3 workers for concurrent reset
[58.611s][info][gc,ergo     ] GC(132) Pacer for Reset. Non-Taxable: 2048M
[58.613s][info][gc          ] GC(132) Concurrent reset 1.038ms
[58.613s][info][gc,start    ] GC(132) Pause Init Mark (unload classes)
[58.613s][info][gc,task     ] GC(132) Using 3 of 3 workers for init marking
[58.613s][info][gc,ergo     ] GC(132) Pacer for Mark. Expected Live: 8434K, Free: 241M, Non-Taxable: 24683K, Alloc Tax Rate: 0.0x
[58.613s][info][gc          ] GC(132) Pause Init Mark (unload classes) 0.141ms
[58.613s][info][gc,start    ] GC(132) Concurrent marking roots
[58.613s][info][gc,task     ] GC(132) Using 1 of 3 workers for concurrent marking roots
[58.613s][info][gc          ] GC(132) Concurrent marking roots 0.416ms
[58.613s][info][gc,start    ] GC(132) Concurrent marking (unload classes)
[58.613s][info][gc,task     ] GC(132) Using 1 of 3 workers for concurrent marking
[58.619s][info][gc          ] GC(132) Concurrent marking (unload classes) 5.917ms
[58.619s][info][gc,start    ] GC(132) Pause Final Mark (unload classes)
[58.619s][info][gc,task     ] GC(132) Using 3 of 3 workers for final marking
[58.619s][info][gc,ergo     ] GC(132) Adaptive CSet Selection. Target Free: 290M, Actual Free: 1845M, Max CSet: 87381K, Min Garbage: 0B
[58.619s][info][gc,ergo     ] GC(132) Collectable Garbage: 1691M (99%), Immediate: 1529M (90%), CSet: 162M (9%)
[58.620s][info][gc,ergo     ] GC(132) Pacer for Evacuation. Used CSet: 163M, Free: 1748M, Non-Taxable: 174M, Alloc Tax Rate: 1.1x
[58.620s][info][gc          ] GC(132) Pause Final Mark (unload classes) 0.218ms
[58.620s][info][gc,start    ] GC(132) Concurrent thread roots
[58.620s][info][gc,task     ] GC(132) Using 1 of 3 workers for Concurrent thread roots
[58.620s][info][gc          ] GC(132) Concurrent thread roots 0.325ms
[58.620s][info][gc,start    ] GC(132) Concurrent weak references
[58.620s][info][gc,task     ] GC(132) Using 1 of 3 workers for concurrent weak references
[58.620s][info][gc,ref      ] GC(132) Encountered references: Soft: 137, Weak: 895, Final: 3, Phantom: 111
[58.620s][info][gc,ref      ] GC(132) Discovered  references: Soft: 0, Weak: 433, Final: 1, Phantom: 93
[58.620s][info][gc,ref      ] GC(132) Enqueued    references: Soft: 0, Weak: 293, Final: 0, Phantom: 0
[58.620s][info][gc          ] GC(132) Concurrent weak references 0.176ms
[58.620s][info][gc,start    ] GC(132) Concurrent weak roots
[58.620s][info][gc,task     ] GC(132) Using 1 of 3 workers for concurrent weak root
[58.623s][info][gc          ] GC(132) Concurrent weak roots 3.087ms
[58.623s][info][gc,start    ] GC(132) Concurrent cleanup
[58.623s][info][gc          ] GC(132) Concurrent cleanup 1738M->209M(2048M) 0.104ms
[58.624s][info][gc,ergo     ] GC(132) Free: 1733M, Max: 1024K regular, 198M humongous, Frag: 89% external, 0% internal; Reserve: 102M, Max: 1024K
[58.624s][info][gc,start    ] GC(132) Concurrent class unloading
[58.624s][info][gc,task     ] GC(132) Using 1 of 3 workers for concurrent class unloading
[58.632s][info][gc          ] GC(132) Concurrent class unloading 8.128ms
[58.632s][info][gc,start    ] GC(132) Concurrent strong roots
[58.632s][info][gc,task     ] GC(132) Using 1 of 3 workers for concurrent strong root
[58.632s][info][gc          ] GC(132) Concurrent strong roots 0.084ms
[58.632s][info][gc,start    ] GC(132) Concurrent evacuation
[58.632s][info][gc,task     ] GC(132) Using 1 of 3 workers for concurrent evacuation
[58.633s][info][gc          ] GC(132) Concurrent evacuation 1.003ms
[58.633s][info][gc,start    ] GC(132) Pause Init Update Refs
[58.633s][info][gc,ergo     ] GC(132) Pacer for Update Refs. Used: 238M, Free: 1704M, Non-Taxable: 170M, Alloc Tax Rate: 1.1x
[58.633s][info][gc          ] GC(132) Pause Init Update Refs 0.055ms
[58.634s][info][gc,start    ] GC(132) Concurrent update references
[58.634s][info][gc,task     ] GC(132) Using 1 of 3 workers for concurrent reference update
[58.640s][info][gc          ] GC(132) Concurrent update references 6.371ms
[58.640s][info][gc,start    ] GC(132) Concurrent update thread roots
[58.640s][info][gc          ] GC(132) Concurrent update thread roots 0.458ms
[58.641s][info][gc,start    ] GC(132) Pause Final Update Refs
[58.641s][info][gc,task     ] GC(132) Using 3 of 3 workers for final reference update
[58.641s][info][gc          ] GC(132) Pause Final Update Refs 0.114ms
[58.641s][info][gc,start    ] GC(132) Concurrent cleanup
[58.641s][info][gc          ] GC(132) Concurrent cleanup 260M->97M(2048M) 0.048ms
[58.641s][info][gc,ergo     ] Free: 1845M, Max: 1024K regular, 1603M humongous, Frag: 13% external, 0% internal; Reserve: 103M, Max: 1024K
[58.641s][info][gc,stats    ] 
[58.641s][info][gc,stats    ] All times are wall-clock times, except per-root-class counters, that are sum over
[58.641s][info][gc,stats    ] all workers. Dividing the <total> over the root stage time estimates parallelism.
[58.641s][info][gc,stats    ] 
[58.641s][info][gc,stats    ] Concurrent Reset                   1104 us
[58.641s][info][gc,stats    ] Pause Init Mark (G)                 286 us
[58.641s][info][gc,stats    ] Pause Init Mark (N)                 152 us
[58.641s][info][gc,stats    ]   Update Region States               57 us
[58.641s][info][gc,stats    ] Concurrent Mark Roots               432 us, parallelism: 0.80x
[58.641s][info][gc,stats    ]   CMR: <total>                      343 us
[58.641s][info][gc,stats    ]   CMR: Thread Roots                 293 us, workers (us): 293, ---, ---, 
[58.641s][info][gc,stats    ]   CMR: VM Strong Roots                6 us, workers (us):   6, ---, ---, 
[58.641s][info][gc,stats    ]   CMR: CLDG Roots                    44 us, workers (us):  44, ---, ---, 
[58.641s][info][gc,stats    ] Concurrent Marking                 5953 us
[58.641s][info][gc,stats    ] Pause Final Mark (G)                478 us
[58.641s][info][gc,stats    ] Pause Final Mark (N)                228 us
[58.641s][info][gc,stats    ]   Finish Mark                        55 us
[58.641s][info][gc,stats    ]   Update Region States               41 us
[58.641s][info][gc,stats    ]   Choose Collection Set              61 us
[58.641s][info][gc,stats    ]   Rebuild Free Set                    8 us
[58.641s][info][gc,stats    ] Concurrent Thread Roots             343 us, parallelism: 0.76x
[58.641s][info][gc,stats    ]   CTR: <total>                      262 us
[58.641s][info][gc,stats    ]   CTR: Thread Roots                 262 us, workers (us): 262, ---, ---, 
[58.641s][info][gc,stats    ] Concurrent Weak References          183 us, parallelism: 0.58x
[58.641s][info][gc,stats    ]   CWRF: <total>                     105 us
[58.641s][info][gc,stats    ]   CWRF: Weak References             105 us, workers (us): 105, ---, ---, 
[58.641s][info][gc,stats    ] Concurrent Weak Roots              3127 us
[58.641s][info][gc,stats    ]   Roots                            1397 us, parallelism: 0.97x
[58.641s][info][gc,stats    ]     CWR: <total>                   1353 us
[58.641s][info][gc,stats    ]     CWR: Code Cache Roots          1241 us, workers (us): 1241, ---, ---, 
[58.641s][info][gc,stats    ]     CWR: VM Weak Roots              103 us, workers (us): 103, ---, ---, 
[58.641s][info][gc,stats    ]     CWR: CLDG Roots                   9 us, workers (us):   9, ---, ---, 
[58.641s][info][gc,stats    ]   Rendezvous                       1671 us
[58.641s][info][gc,stats    ] Concurrent Cleanup                  113 us
[58.641s][info][gc,stats    ] Concurrent Class Unloading         8173 us
[58.641s][info][gc,stats    ]   Unlink Stale                     5070 us
[58.641s][info][gc,stats    ]     System Dictionary                10 us
[58.641s][info][gc,stats    ]     Weak Class Links                  0 us
[58.641s][info][gc,stats    ]     Code Roots                     5059 us
[58.641s][info][gc,stats    ]   Rendezvous                       2759 us
[58.641s][info][gc,stats    ]   Purge Unlinked                    276 us
[58.641s][info][gc,stats    ]     Code Roots                      269 us
[58.641s][info][gc,stats    ]     CLDG                              7 us
[58.641s][info][gc,stats    ]     Exception Caches                  0 us
[58.641s][info][gc,stats    ] Concurrent Strong Roots              94 us, parallelism: 0.44x
[58.641s][info][gc,stats    ]   CSR: <total>                       41 us
[58.641s][info][gc,stats    ]   CSR: VM Strong Roots                3 us, workers (us):   3, ---, ---, 
[58.641s][info][gc,stats    ]   CSR: CLDG Roots                    38 us, workers (us):  38, ---, ---, 
[58.641s][info][gc,stats    ] Concurrent Evacuation              1055 us
[58.641s][info][gc,stats    ] Pause Init Update Refs (G)          752 us
[58.641s][info][gc,stats    ] Pause Init Update Refs (N)           66 us
[58.641s][info][gc,stats    ]   Manage GCLABs                       3 us
[58.641s][info][gc,stats    ] Concurrent Update Refs             6416 us
[58.641s][info][gc,stats    ] Concurrent Update Thread Roots      483 us
[58.641s][info][gc,stats    ] Pause Final Update Refs (G)         232 us
[58.641s][info][gc,stats    ] Pause Final Update Refs (N)         125 us
[58.641s][info][gc,stats    ]   Update Region States               46 us
[58.641s][info][gc,stats    ]   Trash Collection Set                7 us
[58.641s][info][gc,stats    ]   Rebuild Free Set                   12 us
[58.641s][info][gc,stats    ] Concurrent Cleanup                   59 us
[58.641s][info][gc,stats    ] 
[58.641s][info][gc,stats    ] Allocation pacing accrued:
[58.641s][info][gc,stats    ]       0 of   460 ms (  0.0%): <total>
[58.641s][info][gc,stats    ]       0 of   460 ms (  0.0%): <average total>
[58.641s][info][gc,stats    ] 
[58.641s][info][gc,metaspace] Metaspace: 8798K(9472K)->8798K(9472K) NonClass: 7948K(8320K)->7948K(8320K) Class: 850K(1152K)->850K(1152K)
[58.641s][info][gc,ergo     ] Pacer for Idle. Initial: 41943K, Alloc Tax Rate: 1.0x
[59.082s][info][gc          ] Trigger: Average GC time (37.67 ms) is above the time for average allocation rate (3608 MB/s) to deplete free headroom (124M) (margin of error = 1.97)
[59.082s][info][gc,ergo     ] Free headroom: 226M (free) - 102M (spike) - 0B (penalties) = 124M
[59.082s][info][gc,ergo     ] Free: 226M, Max: 1024K regular, 199M humongous, Frag: 10% external, 1% internal; Reserve: 103M, Max: 1024K
[59.082s][info][gc,start    ] GC(133) Concurrent reset
[59.082s][info][gc,task     ] GC(133) Using 1 of 3 workers for concurrent reset
[59.082s][info][gc,ergo     ] GC(133) Pacer for Reset. Non-Taxable: 2048M
[59.083s][info][gc          ] GC(133) Concurrent reset 0.928ms
[59.083s][info][gc,start    ] GC(133) Pause Init Mark (unload classes)
[59.083s][info][gc,task     ] GC(133) Using 3 of 3 workers for init marking
[59.083s][info][gc,ergo     ] GC(133) Pacer for Mark. Expected Live: 8460K, Free: 223M, Non-Taxable: 22878K, Alloc Tax Rate: 0.0x
[59.083s][info][gc          ] GC(133) Pause Init Mark (unload classes) 0.129ms
[59.085s][info][gc,start    ] GC(133) Concurrent marking roots
[59.085s][info][gc,task     ] GC(133) Using 1 of 3 workers for concurrent marking roots
[59.086s][info][gc          ] GC(133) Concurrent marking roots 0.445ms
[59.086s][info][gc,start    ] GC(133) Concurrent marking (unload classes)
[59.086s][info][gc,task     ] GC(133) Using 1 of 3 workers for concurrent marking
[59.094s][info][gc          ] GC(133) Concurrent marking (unload classes) 8.207ms
[59.094s][info][gc,start    ] GC(133) Pause Final Mark (unload classes)
[59.094s][info][gc,task     ] GC(133) Using 3 of 3 workers for final marking
[59.094s][info][gc,ergo     ] GC(133) Adaptive CSet Selection. Target Free: 290M, Actual Free: 1828M, Max CSet: 87381K, Min Garbage: 0B
[59.094s][info][gc,ergo     ] GC(133) Collectable Garbage: 1709M (99%), Immediate: 1545M (90%), CSet: 164M (9%)
[59.094s][info][gc,ergo     ] GC(133) Pacer for Evacuation. Used CSet: 165M, Free: 1731M, Non-Taxable: 173M, Alloc Tax Rate: 1.1x
[59.094s][info][gc          ] GC(133) Pause Final Mark (unload classes) 0.242ms
[59.094s][info][gc,start    ] GC(133) Concurrent thread roots
[59.095s][info][gc,task     ] GC(133) Using 1 of 3 workers for Concurrent thread roots
[59.095s][info][gc          ] GC(133) Concurrent thread roots 0.362ms
[59.095s][info][gc,start    ] GC(133) Concurrent weak references
[59.095s][info][gc,task     ] GC(133) Using 1 of 3 workers for concurrent weak references
[59.095s][info][gc,ref      ] GC(133) Encountered references: Soft: 137, Weak: 903, Final: 3, Phantom: 118
[59.095s][info][gc,ref      ] GC(133) Discovered  references: Soft: 0, Weak: 440, Final: 1, Phantom: 99
[59.095s][info][gc,ref      ] GC(133) Enqueued    references: Soft: 0, Weak: 298, Final: 0, Phantom: 0
[59.095s][info][gc          ] GC(133) Concurrent weak references 0.165ms
[59.095s][info][gc,start    ] GC(133) Concurrent weak roots
[59.095s][info][gc,task     ] GC(133) Using 1 of 3 workers for concurrent weak root
[59.097s][info][gc          ] GC(133) Concurrent weak roots 1.609ms
[59.097s][info][gc,start    ] GC(133) Concurrent cleanup
[59.097s][info][gc          ] GC(133) Concurrent cleanup 1765M->220M(2048M) 0.109ms
[59.097s][info][gc,ergo     ] GC(133) Free: 1723M, Max: 1024K regular, 172M humongous, Frag: 90% external, 0% internal; Reserve: 102M, Max: 1024K
[59.097s][info][gc,start    ] GC(133) Concurrent class unloading
[59.097s][info][gc,task     ] GC(133) Using 1 of 3 workers for concurrent class unloading
[59.108s][info][gc          ] GC(133) Concurrent class unloading 11.196ms
[59.108s][info][gc,start    ] GC(133) Concurrent strong roots
[59.108s][info][gc,task     ] GC(133) Using 1 of 3 workers for concurrent strong root
[59.108s][info][gc          ] GC(133) Concurrent strong roots 0.094ms
[59.108s][info][gc,start    ] GC(133) Concurrent evacuation
[59.108s][info][gc,task     ] GC(133) Using 1 of 3 workers for concurrent evacuation
[59.109s][info][gc          ] GC(133) Concurrent evacuation 1.107ms
[59.109s][info][gc,start    ] GC(133) Pause Init Update Refs
[59.109s][info][gc,ergo     ] GC(133) Pacer for Update Refs. Used: 258M, Free: 1685M, Non-Taxable: 168M, Alloc Tax Rate: 1.1x
[59.109s][info][gc          ] GC(133) Pause Init Update Refs 0.053ms
[59.110s][info][gc,start    ] GC(133) Concurrent update references
[59.110s][info][gc,task     ] GC(133) Using 1 of 3 workers for concurrent reference update
[59.120s][info][gc          ] GC(133) Concurrent update references 10.446ms
[59.120s][info][gc,start    ] GC(133) Concurrent update thread roots
[59.121s][info][gc          ] GC(133) Concurrent update thread roots 0.407ms
[59.121s][info][gc,start    ] GC(133) Pause Final Update Refs
[59.121s][info][gc,task     ] GC(133) Using 3 of 3 workers for final reference update
[59.121s][info][gc          ] GC(133) Pause Final Update Refs 0.096ms
[59.123s][info][gc,start    ] GC(133) Concurrent cleanup
[59.123s][info][gc          ] GC(133) Concurrent cleanup 288M->129M(2048M) 0.100ms
[59.123s][info][gc,ergo     ] Free: 1813M, Max: 1024K regular, 1600M humongous, Frag: 12% external, 0% internal; Reserve: 103M, Max: 1024K
[59.123s][info][gc,stats    ] 
[59.123s][info][gc,stats    ] All times are wall-clock times, except per-root-class counters, that are sum over
[59.123s][info][gc,stats    ] all workers. Dividing the <total> over the root stage time estimates parallelism.
[59.123s][info][gc,stats    ] 
[59.123s][info][gc,stats    ] Concurrent Reset                    990 us
[59.123s][info][gc,stats    ] Pause Init Mark (G)                2793 us
[59.123s][info][gc,stats    ] Pause Init Mark (N)                 138 us
[59.123s][info][gc,stats    ]   Update Region States               48 us
[59.123s][info][gc,stats    ] Concurrent Mark Roots               466 us, parallelism: 0.74x
[59.123s][info][gc,stats    ]   CMR: <total>                      344 us
[59.123s][info][gc,stats    ]   CMR: Thread Roots                 301 us, workers (us): 301, ---, ---, 
[59.123s][info][gc,stats    ]   CMR: VM Strong Roots                6 us, workers (us):   6, ---, ---, 
[59.123s][info][gc,stats    ]   CMR: CLDG Roots                    37 us, workers (us):  37, ---, ---, 
[59.123s][info][gc,stats    ] Concurrent Marking                 8246 us
[59.123s][info][gc,stats    ] Pause Final Mark (G)                381 us
[59.123s][info][gc,stats    ] Pause Final Mark (N)                251 us
[59.123s][info][gc,stats    ]   Finish Mark                        56 us
[59.123s][info][gc,stats    ]   Update Region States               38 us
[59.123s][info][gc,stats    ]   Choose Collection Set              82 us
[59.123s][info][gc,stats    ]   Rebuild Free Set                    9 us
[59.123s][info][gc,stats    ] Concurrent Thread Roots             380 us, parallelism: 0.84x
[59.123s][info][gc,stats    ]   CTR: <total>                      318 us
[59.123s][info][gc,stats    ]   CTR: Thread Roots                 318 us, workers (us): 318, ---, ---, 
[59.123s][info][gc,stats    ] Concurrent Weak References          173 us, parallelism: 0.57x
[59.123s][info][gc,stats    ]   CWRF: <total>                      99 us
[59.123s][info][gc,stats    ]   CWRF: Weak References              99 us, workers (us):  99, ---, ---, 
[59.123s][info][gc,stats    ] Concurrent Weak Roots              1650 us
[59.123s][info][gc,stats    ]   Roots                            1384 us, parallelism: 0.98x
[59.123s][info][gc,stats    ]     CWR: <total>                   1351 us
[59.123s][info][gc,stats    ]     CWR: Code Cache Roots          1235 us, workers (us): 1235, ---, ---, 
[59.123s][info][gc,stats    ]     CWR: VM Weak Roots              108 us, workers (us): 108, ---, ---, 
[59.123s][info][gc,stats    ]     CWR: CLDG Roots                   9 us, workers (us):   9, ---, ---, 
[59.123s][info][gc,stats    ]   Rendezvous                        206 us
[59.123s][info][gc,stats    ] Concurrent Cleanup                  119 us
[59.123s][info][gc,stats    ] Concurrent Class Unloading        11242 us
[59.123s][info][gc,stats    ]   Unlink Stale                     5005 us
[59.123s][info][gc,stats    ]     System Dictionary                11 us
[59.123s][info][gc,stats    ]     Weak Class Links                  0 us
[59.123s][info][gc,stats    ]     Code Roots                     4992 us
[59.123s][info][gc,stats    ]   Rendezvous                       5796 us
[59.123s][info][gc,stats    ]   Purge Unlinked                    372 us
[59.123s][info][gc,stats    ]     Code Roots                      365 us
[59.123s][info][gc,stats    ]     CLDG                              7 us
[59.123s][info][gc,stats    ]     Exception Caches                  0 us
[59.123s][info][gc,stats    ] Concurrent Strong Roots             104 us, parallelism: 0.47x
[59.123s][info][gc,stats    ]   CSR: <total>                       49 us
[59.123s][info][gc,stats    ]   CSR: VM Strong Roots                4 us, workers (us):   4, ---, ---, 
[59.123s][info][gc,stats    ]   CSR: CLDG Roots                    45 us, workers (us):  45, ---, ---, 
[59.123s][info][gc,stats    ] Concurrent Evacuation              1152 us
[59.123s][info][gc,stats    ] Pause Init Update Refs (G)          627 us
[59.123s][info][gc,stats    ] Pause Init Update Refs (N)           62 us
[59.123s][info][gc,stats    ]   Manage GCLABs                       4 us
[59.123s][info][gc,stats    ] Concurrent Update Refs            10481 us
[59.123s][info][gc,stats    ] Concurrent Update Thread Roots      437 us
[59.123s][info][gc,stats    ] Pause Final Update Refs (G)        1896 us
[59.123s][info][gc,stats    ] Pause Final Update Refs (N)         114 us
[59.123s][info][gc,stats    ]   Update Region States               42 us
[59.123s][info][gc,stats    ]   Trash Collection Set                4 us
[59.123s][info][gc,stats    ]   Rebuild Free Set                   10 us
[59.123s][info][gc,stats    ] Concurrent Cleanup                  112 us
[59.123s][info][gc,stats    ] 
[59.123s][info][gc,stats    ] Allocation pacing accrued:
[59.123s][info][gc,stats    ]       0 of   482 ms (  0.0%): <total>
[59.123s][info][gc,stats    ]       0 of   482 ms (  0.0%): <average total>
[59.123s][info][gc,stats    ] 
[59.123s][info][gc,metaspace] Metaspace: 8798K(9472K)->8798K(9472K) NonClass: 7948K(8320K)->7948K(8320K) Class: 850K(1152K)->850K(1152K)
[59.123s][info][gc,ergo     ] Pacer for Idle. Initial: 41943K, Alloc Tax Rate: 1.0x
[59.532s][info][gc          ] Trigger: Average GC time (47.88 ms) is above the time for average allocation rate (3715 MB/s) to deplete free headroom (176M) (margin of error = 1.97)
[59.532s][info][gc,ergo     ] Free headroom: 278M (free) - 102M (spike) - 0B (penalties) = 176M
[59.532s][info][gc,ergo     ] Free: 278M, Max: 1024K regular, 172M humongous, Frag: 37% external, 0% internal; Reserve: 103M, Max: 1024K
[59.532s][info][gc,start    ] GC(134) Concurrent reset
[59.532s][info][gc,task     ] GC(134) Using 1 of 3 workers for concurrent reset
[59.532s][info][gc,ergo     ] GC(134) Pacer for Reset. Non-Taxable: 2048M
[59.533s][info][gc          ] GC(134) Concurrent reset 0.933ms
[59.533s][info][gc,start    ] GC(134) Pause Init Mark (unload classes)
[59.533s][info][gc,task     ] GC(134) Using 3 of 3 workers for init marking
[59.533s][info][gc,ergo     ] GC(134) Pacer for Mark. Expected Live: 8458K, Free: 276M, Non-Taxable: 28305K, Alloc Tax Rate: 0.0x
[59.533s][info][gc          ] GC(134) Pause Init Mark (unload classes) 0.143ms
[59.533s][info][gc,start    ] GC(134) Concurrent marking roots
[59.533s][info][gc,task     ] GC(134) Using 1 of 3 workers for concurrent marking roots
[59.534s][info][gc          ] GC(134) Concurrent marking roots 0.406ms
[59.534s][info][gc,start    ] GC(134) Concurrent marking (unload classes)
[59.534s][info][gc,task     ] GC(134) Using 1 of 3 workers for concurrent marking
[59.544s][info][gc          ] GC(134) Concurrent marking (unload classes) 10.485ms
[59.544s][info][gc,start    ] GC(134) Pause Final Mark (unload classes)
[59.544s][info][gc,task     ] GC(134) Using 3 of 3 workers for final marking
[59.545s][info][gc,ergo     ] GC(134) Adaptive CSet Selection. Target Free: 290M, Actual Free: 1829M, Max CSet: 87381K, Min Garbage: 0B
[59.545s][info][gc,ergo     ] GC(134) Collectable Garbage: 1656M (99%), Immediate: 1498M (90%), CSet: 158M (9%)
[59.545s][info][gc,ergo     ] GC(134) Pacer for Evacuation. Used CSet: 159M, Free: 1732M, Non-Taxable: 173M, Alloc Tax Rate: 1.1x
[59.545s][info][gc          ] GC(134) Pause Final Mark (unload classes) 0.238ms
[59.545s][info][gc,start    ] GC(134) Concurrent thread roots
[59.545s][info][gc,task     ] GC(134) Using 1 of 3 workers for Concurrent thread roots
[59.546s][info][gc          ] GC(134) Concurrent thread roots 1.017ms
[59.546s][info][gc,start    ] GC(134) Concurrent weak references
[59.546s][info][gc,task     ] GC(134) Using 1 of 3 workers for concurrent weak references
[59.546s][info][gc,ref      ] GC(134) Encountered references: Soft: 137, Weak: 897, Final: 3, Phantom: 110
[59.546s][info][gc,ref      ] GC(134) Discovered  references: Soft: 0, Weak: 434, Final: 1, Phantom: 94
[59.546s][info][gc,ref      ] GC(134) Enqueued    references: Soft: 0, Weak: 295, Final: 0, Phantom: 0
[59.546s][info][gc          ] GC(134) Concurrent weak references 0.163ms
[59.546s][info][gc,start    ] GC(134) Concurrent weak roots
[59.546s][info][gc,task     ] GC(134) Using 1 of 3 workers for concurrent weak root
[59.548s][info][gc          ] GC(134) Concurrent weak roots 1.778ms
[59.548s][info][gc,start    ] GC(134) Concurrent cleanup
[59.548s][info][gc          ] GC(134) Concurrent cleanup 1720M->222M(2048M) 0.110ms
[59.548s][info][gc,ergo     ] GC(134) Free: 1721M, Max: 1024K regular, 176M humongous, Frag: 90% external, 0% internal; Reserve: 102M, Max: 1024K
[59.548s][info][gc,start    ] GC(134) Concurrent class unloading
[59.548s][info][gc,task     ] GC(134) Using 1 of 3 workers for concurrent class unloading
[59.554s][info][gc          ] GC(134) Concurrent class unloading 5.719ms
[59.554s][info][gc,start    ] GC(134) Concurrent strong roots
[59.554s][info][gc,task     ] GC(134) Using 1 of 3 workers for concurrent strong root
[59.554s][info][gc          ] GC(134) Concurrent strong roots 0.084ms
[59.554s][info][gc,start    ] GC(134) Concurrent evacuation
[59.554s][info][gc,task     ] GC(134) Using 1 of 3 workers for concurrent evacuation
[59.555s][info][gc          ] GC(134) Concurrent evacuation 0.948ms
[59.555s][info][gc,start    ] GC(134) Pause Init Update Refs
[59.555s][info][gc,ergo     ] GC(134) Pacer for Update Refs. Used: 242M, Free: 1701M, Non-Taxable: 170M, Alloc Tax Rate: 1.1x
[59.555s][info][gc          ] GC(134) Pause Init Update Refs 0.048ms
[59.556s][info][gc,start    ] GC(134) Concurrent update references
[59.556s][info][gc,task     ] GC(134) Using 1 of 3 workers for concurrent reference update
[59.567s][info][gc          ] GC(134) Concurrent update references 11.745ms
[59.567s][info][gc,start    ] GC(134) Concurrent update thread roots
[59.568s][info][gc          ] GC(134) Concurrent update thread roots 0.464ms
[59.568s][info][gc,start    ] GC(134) Pause Final Update Refs
[59.568s][info][gc,task     ] GC(134) Using 3 of 3 workers for final reference update
[59.568s][info][gc          ] GC(134) Pause Final Update Refs 0.088ms
[59.568s][info][gc,start    ] GC(134) Concurrent cleanup
[59.568s][info][gc          ] GC(134) Concurrent cleanup 276M->118M(2048M) 0.032ms
[59.568s][info][gc,ergo     ] Free: 1824M, Max: 1024K regular, 1554M humongous, Frag: 15% external, 0% internal; Reserve: 103M, Max: 1024K
[59.568s][info][gc,stats    ] 
[59.568s][info][gc,stats    ] All times are wall-clock times, except per-root-class counters, that are sum over
[59.568s][info][gc,stats    ] all workers. Dividing the <total> over the root stage time estimates parallelism.
[59.568s][info][gc,stats    ] 
[59.568s][info][gc,stats    ] Concurrent Reset                   1001 us
[59.568s][info][gc,stats    ] Pause Init Mark (G)                 388 us
[59.568s][info][gc,stats    ] Pause Init Mark (N)                 153 us
[59.568s][info][gc,stats    ]   Update Region States               68 us
[59.568s][info][gc,stats    ] Concurrent Mark Roots               419 us, parallelism: 0.82x
[59.568s][info][gc,stats    ]   CMR: <total>                      343 us
[59.568s][info][gc,stats    ]   CMR: Thread Roots                 292 us, workers (us): 292, ---, ---, 
[59.568s][info][gc,stats    ]   CMR: VM Strong Roots                5 us, workers (us):   5, ---, ---, 
[59.568s][info][gc,stats    ]   CMR: CLDG Roots                    46 us, workers (us):  46, ---, ---, 
[59.568s][info][gc,stats    ] Concurrent Marking                10536 us
[59.568s][info][gc,stats    ] Pause Final Mark (G)                389 us
[59.568s][info][gc,stats    ] Pause Final Mark (N)                247 us
[59.568s][info][gc,stats    ]   Finish Mark                        61 us
[59.569s][info][gc,stats    ]   Update Region States               39 us
[59.569s][info][gc,stats    ]   Choose Collection Set              74 us
[59.569s][info][gc,stats    ]   Rebuild Free Set                   10 us
[59.569s][info][gc,stats    ] Concurrent Thread Roots            1048 us, parallelism: 0.92x
[59.569s][info][gc,stats    ]   CTR: <total>                      966 us
[59.569s][info][gc,stats    ]   CTR: Thread Roots                 966 us, workers (us): 966, ---, ---, 
[59.569s][info][gc,stats    ] Concurrent Weak References          171 us, parallelism: 0.54x
[59.569s][info][gc,stats    ]   CWRF: <total>                      93 us
[59.569s][info][gc,stats    ]   CWRF: Weak References              93 us, workers (us):  93, ---, ---, 
[59.569s][info][gc,stats    ] Concurrent Weak Roots              1827 us
[59.569s][info][gc,stats    ]   Roots                            1370 us, parallelism: 0.97x
[59.569s][info][gc,stats    ]     CWR: <total>                   1334 us
[59.569s][info][gc,stats    ]     CWR: Code Cache Roots          1218 us, workers (us): 1218, ---, ---, 
[59.569s][info][gc,stats    ]     CWR: VM Weak Roots              105 us, workers (us): 105, ---, ---, 
[59.569s][info][gc,stats    ]     CWR: CLDG Roots                  10 us, workers (us):  10, ---, ---, 
[59.569s][info][gc,stats    ]   Rendezvous                        389 us
[59.569s][info][gc,stats    ] Concurrent Cleanup                  121 us
[59.569s][info][gc,stats    ] Concurrent Class Unloading         5774 us
[59.569s][info][gc,stats    ]   Unlink Stale                     5044 us
[59.569s][info][gc,stats    ]     System Dictionary                11 us
[59.569s][info][gc,stats    ]     Weak Class Links                  0 us
[59.569s][info][gc,stats    ]     Code Roots                     5032 us
[59.569s][info][gc,stats    ]   Rendezvous                        298 us
[59.569s][info][gc,stats    ]   Purge Unlinked                    311 us
[59.569s][info][gc,stats    ]     Code Roots                      303 us
[59.569s][info][gc,stats    ]     CLDG                              7 us
[59.569s][info][gc,stats    ]     Exception Caches                  0 us
[59.569s][info][gc,stats    ] Concurrent Strong Roots              93 us, parallelism: 0.43x
[59.569s][info][gc,stats    ]   CSR: <total>                       40 us
[59.569s][info][gc,stats    ]   CSR: VM Strong Roots                5 us, workers (us):   5, ---, ---, 
[59.569s][info][gc,stats    ]   CSR: CLDG Roots                    35 us, workers (us):  35, ---, ---, 
[59.569s][info][gc,stats    ] Concurrent Evacuation               998 us
[59.569s][info][gc,stats    ] Pause Init Update Refs (G)          892 us
[59.569s][info][gc,stats    ] Pause Init Update Refs (N)           57 us
[59.569s][info][gc,stats    ]   Manage GCLABs                       4 us
[59.569s][info][gc,stats    ] Concurrent Update Refs            11792 us
[59.569s][info][gc,stats    ] Concurrent Update Thread Roots      493 us
[59.569s][info][gc,stats    ] Pause Final Update Refs (G)         367 us
[59.569s][info][gc,stats    ] Pause Final Update Refs (N)         118 us
[59.569s][info][gc,stats    ]   Update Region States               42 us
[59.569s][info][gc,stats    ]   Trash Collection Set                9 us
[59.569s][info][gc,stats    ]   Rebuild Free Set                   15 us
[59.569s][info][gc,stats    ] Concurrent Cleanup                   42 us
[59.569s][info][gc,stats    ] 
[59.569s][info][gc,stats    ] Allocation pacing accrued:
[59.569s][info][gc,stats    ]       0 of   445 ms (  0.0%): <total>
[59.569s][info][gc,stats    ]       0 of   445 ms (  0.0%): <average total>
[59.569s][info][gc,stats    ] 
[59.569s][info][gc,metaspace] Metaspace: 8798K(9472K)->8798K(9472K) NonClass: 7948K(8320K)->7948K(8320K) Class: 850K(1152K)->850K(1152K)
[59.569s][info][gc,ergo     ] Pacer for Idle. Initial: 41943K, Alloc Tax Rate: 1.0x
[60.014s][info][gc          ] Trigger: Average GC time (44.67 ms) is above the time for average allocation rate (3567 MB/s) to deplete free headroom (108M) (margin of error = 1.97)
[60.014s][info][gc,ergo     ] Free headroom: 210M (free) - 102M (spike) - 0B (penalties) = 108M
[60.014s][info][gc,ergo     ] Free: 210M, Max: 1024K regular, 204M humongous, Frag: 0% external, 1% internal; Reserve: 103M, Max: 1024K
[60.014s][info][gc,start    ] GC(135) Concurrent reset
[60.014s][info][gc,task     ] GC(135) Using 1 of 3 workers for concurrent reset
[60.014s][info][gc,ergo     ] GC(135) Pacer for Reset. Non-Taxable: 2048M
[60.015s][info][gc          ] GC(135) Concurrent reset 0.925ms
[60.015s][info][gc,start    ] GC(135) Pause Init Mark (unload classes)
[60.015s][info][gc,task     ] GC(135) Using 3 of 3 workers for init marking
[60.015s][info][gc,ergo     ] GC(135) Pacer for Mark. Expected Live: 8441K, Free: 209M, Non-Taxable: 21450K, Alloc Tax Rate: 0.0x
[60.015s][info][gc          ] GC(135) Pause Init Mark (unload classes) 0.139ms
[60.015s][info][gc,start    ] GC(135) Concurrent marking roots
[60.015s][info][gc,task     ] GC(135) Using 1 of 3 workers for concurrent marking roots
[60.016s][info][gc          ] GC(135) Concurrent marking roots 0.470ms
[60.016s][info][gc,start    ] GC(135) Concurrent marking (unload classes)
[60.016s][info][gc,task     ] GC(135) Using 1 of 3 workers for concurrent marking
[60.021s][info][gc          ] GC(135) Concurrent marking (unload classes) 4.941ms
[60.021s][info][gc,start    ] GC(135) Pause Final Mark (unload classes)
[60.021s][info][gc,task     ] GC(135) Using 3 of 3 workers for final marking
[60.021s][info][gc,ergo     ] GC(135) Adaptive CSet Selection. Target Free: 290M, Actual Free: 1850M, Max CSet: 87381K, Min Garbage: 0B
[60.021s][info][gc,ergo     ] GC(135) Collectable Garbage: 1723M (99%), Immediate: 1562M (90%), CSet: 161M (9%)
[60.021s][info][gc,ergo     ] GC(135) Pacer for Evacuation. Used CSet: 161M, Free: 1753M, Non-Taxable: 175M, Alloc Tax Rate: 1.1x
[60.021s][info][gc          ] GC(135) Pause Final Mark (unload classes) 0.279ms
[60.021s][info][gc,start    ] GC(135) Concurrent thread roots
[60.021s][info][gc,task     ] GC(135) Using 1 of 3 workers for Concurrent thread roots
[60.022s][info][gc          ] GC(135) Concurrent thread roots 0.424ms
[60.022s][info][gc,start    ] GC(135) Concurrent weak references
[60.022s][info][gc,task     ] GC(135) Using 1 of 3 workers for concurrent weak references
[60.022s][info][gc,ref      ] GC(135) Encountered references: Soft: 137, Weak: 895, Final: 3, Phantom: 104
[60.022s][info][gc,ref      ] GC(135) Discovered  references: Soft: 0, Weak: 440, Final: 1, Phantom: 82
[60.022s][info][gc,ref      ] GC(135) Enqueued    references: Soft: 0, Weak: 299, Final: 0, Phantom: 0
[60.022s][info][gc          ] GC(135) Concurrent weak references 0.164ms
[60.022s][info][gc,start    ] GC(135) Concurrent weak roots
[60.022s][info][gc,task     ] GC(135) Using 1 of 3 workers for concurrent weak root
[60.029s][info][gc          ] GC(135) Concurrent weak roots 6.949ms
[60.029s][info][gc,start    ] GC(135) Concurrent cleanup
[60.029s][info][gc          ] GC(135) Concurrent cleanup 1780M->218M(2048M) 0.117ms
[60.029s][info][gc,ergo     ] GC(135) Free: 1725M, Max: 1024K regular, 157M humongous, Frag: 91% external, 0% internal; Reserve: 102M, Max: 1024K
[60.029s][info][gc,start    ] GC(135) Concurrent class unloading
[60.029s][info][gc,task     ] GC(135) Using 1 of 3 workers for concurrent class unloading
[60.035s][info][gc          ] GC(135) Concurrent class unloading 5.849ms
[60.035s][info][gc,start    ] GC(135) Concurrent strong roots
[60.035s][info][gc,task     ] GC(135) Using 1 of 3 workers for concurrent strong root
[60.035s][info][gc          ] GC(135) Concurrent strong roots 0.100ms
[60.035s][info][gc,start    ] GC(135) Concurrent evacuation
[60.035s][info][gc,task     ] GC(135) Using 1 of 3 workers for concurrent evacuation
[60.036s][info][gc          ] GC(135) Concurrent evacuation 1.001ms
[60.036s][info][gc,start    ] GC(135) Pause Init Update Refs
[60.036s][info][gc,ergo     ] GC(135) Pacer for Update Refs. Used: 236M, Free: 1707M, Non-Taxable: 170M, Alloc Tax Rate: 1.1x
[60.036s][info][gc          ] GC(135) Pause Init Update Refs 0.047ms
[60.037s][info][gc,start    ] GC(135) Concurrent update references
[60.037s][info][gc,task     ] GC(135) Using 1 of 3 workers for concurrent reference update
[60.043s][info][gc          ] GC(135) Concurrent update references 5.989ms
[60.043s][info][gc,start    ] GC(135) Concurrent update thread roots
[60.047s][info][gc          ] GC(135) Concurrent update thread roots 3.985ms
[60.047s][info][gc,start    ] GC(135) Pause Final Update Refs
[60.047s][info][gc,task     ] GC(135) Using 3 of 3 workers for final reference update
[60.047s][info][gc          ] GC(135) Pause Final Update Refs 0.113ms
[60.048s][info][gc,start    ] GC(135) Concurrent cleanup
[60.048s][info][gc          ] GC(135) Concurrent cleanup 266M->106M(2048M) 0.041ms
[60.048s][info][gc,ergo     ] Free: 1836M, Max: 1024K regular, 1671M humongous, Frag: 9% external, 0% internal; Reserve: 103M, Max: 1024K
[60.048s][info][gc,stats    ] 
[60.048s][info][gc,stats    ] All times are wall-clock times, except per-root-class counters, that are sum over
[60.048s][info][gc,stats    ] all workers. Dividing the <total> over the root stage time estimates parallelism.
[60.048s][info][gc,stats    ] 
[60.048s][info][gc,stats    ] Concurrent Reset                    978 us
[60.048s][info][gc,stats    ] Pause Init Mark (G)                 370 us
[60.048s][info][gc,stats    ] Pause Init Mark (N)                 149 us
[60.048s][info][gc,stats    ]   Update Region States               56 us
[60.048s][info][gc,stats    ] Concurrent Mark Roots               494 us, parallelism: 0.77x
[60.048s][info][gc,stats    ]   CMR: <total>                      383 us
[60.048s][info][gc,stats    ]   CMR: Thread Roots                 326 us, workers (us): 326, ---, ---, 
[60.048s][info][gc,stats    ]   CMR: VM Strong Roots                6 us, workers (us):   6, ---, ---, 
[60.048s][info][gc,stats    ]   CMR: CLDG Roots                    50 us, workers (us):  50, ---, ---, 
[60.048s][info][gc,stats    ] Concurrent Marking                 4998 us
[60.048s][info][gc,stats    ] Pause Final Mark (G)                456 us
[60.048s][info][gc,stats    ] Pause Final Mark (N)                288 us
[60.048s][info][gc,stats    ]   Finish Mark                        53 us
[60.048s][info][gc,stats    ]   Update Region States               61 us
[60.048s][info][gc,stats    ]   Choose Collection Set              84 us
[60.048s][info][gc,stats    ]   Rebuild Free Set                    9 us
[60.048s][info][gc,stats    ] Concurrent Thread Roots             448 us, parallelism: 0.82x
[60.048s][info][gc,stats    ]   CTR: <total>                      370 us
[60.048s][info][gc,stats    ]   CTR: Thread Roots                 370 us, workers (us): 370, ---, ---, 
[60.048s][info][gc,stats    ] Concurrent Weak References          172 us, parallelism: 0.56x
[60.048s][info][gc,stats    ]   CWRF: <total>                      97 us
[60.048s][info][gc,stats    ]   CWRF: Weak References              97 us, workers (us):  97, ---, ---, 
[60.048s][info][gc,stats    ] Concurrent Weak Roots              6996 us
[60.048s][info][gc,stats    ]   Roots                            1270 us, parallelism: 0.97x
[60.048s][info][gc,stats    ]     CWR: <total>                   1230 us
[60.048s][info][gc,stats    ]     CWR: Code Cache Roots          1121 us, workers (us): 1121, ---, ---, 
[60.048s][info][gc,stats    ]     CWR: VM Weak Roots              101 us, workers (us): 101, ---, ---, 
[60.048s][info][gc,stats    ]     CWR: CLDG Roots                   8 us, workers (us):   8, ---, ---, 
[60.048s][info][gc,stats    ]   Rendezvous                       5656 us
[60.049s][info][gc,stats    ] Concurrent Cleanup                  127 us
[60.049s][info][gc,stats    ] Concurrent Class Unloading         5889 us
[60.049s][info][gc,stats    ]   Unlink Stale                     5367 us
[60.049s][info][gc,stats    ]     System Dictionary                11 us
[60.049s][info][gc,stats    ]     Weak Class Links                  0 us
[60.049s][info][gc,stats    ]     Code Roots                     5353 us
[60.049s][info][gc,stats    ]   Rendezvous                        206 us
[60.049s][info][gc,stats    ]   Purge Unlinked                    255 us
[60.049s][info][gc,stats    ]     Code Roots                      248 us
[60.049s][info][gc,stats    ]     CLDG                              7 us
[60.049s][info][gc,stats    ]     Exception Caches                  0 us
[60.049s][info][gc,stats    ] Concurrent Strong Roots             110 us, parallelism: 0.39x
[60.049s][info][gc,stats    ]   CSR: <total>                       43 us
[60.049s][info][gc,stats    ]   CSR: VM Strong Roots                4 us, workers (us):   4, ---, ---, 
[60.049s][info][gc,stats    ]   CSR: CLDG Roots                    39 us, workers (us):  39, ---, ---, 
[60.049s][info][gc,stats    ] Concurrent Evacuation              1060 us
[60.049s][info][gc,stats    ] Pause Init Update Refs (G)         1189 us
[60.049s][info][gc,stats    ] Pause Init Update Refs (N)           56 us
[60.049s][info][gc,stats    ]   Manage GCLABs                       3 us
[60.049s][info][gc,stats    ] Concurrent Update Refs             6041 us
[60.049s][info][gc,stats    ] Concurrent Update Thread Roots     4031 us
[60.049s][info][gc,stats    ] Pause Final Update Refs (G)         929 us
[60.049s][info][gc,stats    ] Pause Final Update Refs (N)         145 us
[60.049s][info][gc,stats    ]   Update Region States               57 us
[60.049s][info][gc,stats    ]   Trash Collection Set                9 us
[60.049s][info][gc,stats    ]   Rebuild Free Set                   18 us
[60.049s][info][gc,stats    ] Concurrent Cleanup                   51 us
[60.049s][info][gc,stats    ] Pacing                             2288 us
[60.049s][info][gc,stats    ] 
[60.049s][info][gc,stats    ] Allocation pacing accrued:
[60.049s][info][gc,stats    ]       0 of   480 ms (  0.0%): Query0
[60.049s][info][gc,stats    ]       1 of   480 ms (  0.1%): Query2
[60.049s][info][gc,stats    ]       1 of   480 ms (  0.1%): Query3
[60.049s][info][gc,stats    ]       1 of   480 ms (  0.2%): Query4
[60.049s][info][gc,stats    ]       2 of   480 ms (  0.5%): <total>
[60.049s][info][gc,stats    ]       0 of   480 ms (  0.0%): <average total>
[60.049s][info][gc,stats    ]       1 of   480 ms (  0.1%): <average non-zero>
[60.049s][info][gc,stats    ] 
[60.049s][info][gc,metaspace] Metaspace: 8798K(9472K)->8798K(9472K) NonClass: 7948K(8320K)->7948K(8320K) Class: 850K(1152K)->850K(1152K)
[60.049s][info][gc,ergo     ] Pacer for Idle. Initial: 41943K, Alloc Tax Rate: 1.0x
[60.485s][info][gc          ] Trigger: Average GC time (41.53 ms) is above the time for average allocation rate (3717 MB/s) to deplete free headroom (117M) (margin of error = 1.97)
[60.485s][info][gc,ergo     ] Free headroom: 219M (free) - 102M (spike) - 0B (penalties) = 117M
[60.485s][info][gc,ergo     ] Free: 219M, Max: 1024K regular, 157M humongous, Frag: 27% external, 1% internal; Reserve: 103M, Max: 1024K
[60.485s][info][gc,start    ] GC(136) Concurrent reset
[60.485s][info][gc,task     ] GC(136) Using 1 of 3 workers for concurrent reset
[60.485s][info][gc,ergo     ] GC(136) Pacer for Reset. Non-Taxable: 2048M
[60.486s][info][gc          ] GC(136) Concurrent reset 0.890ms
[60.486s][info][gc,start    ] GC(136) Pause Init Mark (unload classes)
[60.486s][info][gc,task     ] GC(136) Using 3 of 3 workers for init marking
[60.486s][info][gc,ergo     ] GC(136) Pacer for Mark. Expected Live: 8417K, Free: 217M, Non-Taxable: 22264K, Alloc Tax Rate: 0.0x
[60.486s][info][gc          ] GC(136) Pause Init Mark (unload classes) 0.131ms
[60.486s][info][gc,start    ] GC(136) Concurrent marking roots
[60.487s][info][gc,task     ] GC(136) Using 1 of 3 workers for concurrent marking roots
[60.487s][info][gc          ] GC(136) Concurrent marking roots 0.425ms
[60.487s][info][gc,start    ] GC(136) Concurrent marking (unload classes)
[60.487s][info][gc,task     ] GC(136) Using 1 of 3 workers for concurrent marking
[60.495s][info][gc          ] GC(136) Concurrent marking (unload classes) 7.712ms
[60.495s][info][gc,start    ] GC(136) Pause Final Mark (unload classes)
[60.495s][info][gc,task     ] GC(136) Using 3 of 3 workers for final marking
[60.495s][info][gc,ergo     ] GC(136) Adaptive CSet Selection. Target Free: 290M, Actual Free: 1832M, Max CSet: 87381K, Min Garbage: 0B
[60.495s][info][gc,ergo     ] GC(136) Collectable Garbage: 1715M (99%), Immediate: 1553M (90%), CSet: 162M (9%)
[60.495s][info][gc,ergo     ] GC(136) Pacer for Evacuation. Used CSet: 163M, Free: 1735M, Non-Taxable: 173M, Alloc Tax Rate: 1.1x
[60.495s][info][gc          ] GC(136) Pause Final Mark (unload classes) 0.224ms
[60.495s][info][gc,start    ] GC(136) Concurrent thread roots
[60.495s][info][gc,task     ] GC(136) Using 1 of 3 workers for Concurrent thread roots
[60.496s][info][gc          ] GC(136) Concurrent thread roots 0.463ms
[60.496s][info][gc,start    ] GC(136) Concurrent weak references
[60.496s][info][gc,task     ] GC(136) Using 1 of 3 workers for concurrent weak references
[60.496s][info][gc,ref      ] GC(136) Encountered references: Soft: 137, Weak: 904, Final: 3, Phantom: 110
[60.496s][info][gc,ref      ] GC(136) Discovered  references: Soft: 0, Weak: 440, Final: 1, Phantom: 94
[60.496s][info][gc,ref      ] GC(136) Enqueued    references: Soft: 0, Weak: 301, Final: 0, Phantom: 0
[60.496s][info][gc          ] GC(136) Concurrent weak references 0.181ms
[60.496s][info][gc,start    ] GC(136) Concurrent weak roots
[60.496s][info][gc,task     ] GC(136) Using 1 of 3 workers for concurrent weak root
[60.498s][info][gc          ] GC(136) Concurrent weak roots 2.023ms
[60.498s][info][gc,start    ] GC(136) Concurrent cleanup
[60.498s][info][gc          ] GC(136) Concurrent cleanup 1771M->219M(2048M) 0.126ms
[60.498s][info][gc,ergo     ] GC(136) Free: 1724M, Max: 1024K regular, 180M humongous, Frag: 90% external, 0% internal; Reserve: 102M, Max: 1024K
[60.498s][info][gc,start    ] GC(136) Concurrent class unloading
[60.498s][info][gc,task     ] GC(136) Using 1 of 3 workers for concurrent class unloading
[60.517s][info][gc          ] GC(136) Concurrent class unloading 18.647ms
[60.517s][info][gc,start    ] GC(136) Concurrent strong roots
[60.517s][info][gc,task     ] GC(136) Using 1 of 3 workers for concurrent strong root
[60.517s][info][gc          ] GC(136) Concurrent strong roots 0.097ms
[60.517s][info][gc,start    ] GC(136) Concurrent evacuation
[60.517s][info][gc,task     ] GC(136) Using 1 of 3 workers for concurrent evacuation
[60.518s][info][gc          ] GC(136) Concurrent evacuation 1.020ms
[60.518s][info][gc,start    ] GC(136) Pause Init Update Refs
[60.518s][info][gc,ergo     ] GC(136) Pacer for Update Refs. Used: 277M, Free: 1666M, Non-Taxable: 166M, Alloc Tax Rate: 1.1x
[60.518s][info][gc          ] GC(136) Pause Init Update Refs 0.047ms
[60.520s][info][gc,start    ] GC(136) Concurrent update references
[60.520s][info][gc,task     ] GC(136) Using 1 of 3 workers for concurrent reference update
[60.530s][info][gc          ] GC(136) Concurrent update references 10.094ms
[60.530s][info][gc,start    ] GC(136) Concurrent update thread roots
[60.530s][info][gc          ] GC(136) Concurrent update thread roots 0.494ms
[60.530s][info][gc,start    ] GC(136) Pause Final Update Refs
[60.530s][info][gc,task     ] GC(136) Using 3 of 3 workers for final reference update
[60.531s][info][gc          ] GC(136) Pause Final Update Refs 0.107ms
[60.531s][info][gc,start    ] GC(136) Concurrent cleanup
[60.531s][info][gc          ] GC(136) Concurrent cleanup 311M->148M(2048M) 0.063ms
[60.531s][info][gc,ergo     ] Free: 1794M, Max: 1024K regular, 1566M humongous, Frag: 13% external, 0% internal; Reserve: 103M, Max: 1024K
[60.531s][info][gc,stats    ] 
[60.531s][info][gc,stats    ] All times are wall-clock times, except per-root-class counters, that are sum over
[60.531s][info][gc,stats    ] all workers. Dividing the <total> over the root stage time estimates parallelism.
[60.531s][info][gc,stats    ] 
[60.531s][info][gc,stats    ] Concurrent Reset                    955 us
[60.531s][info][gc,stats    ] Pause Init Mark (G)                 762 us
[60.531s][info][gc,stats    ] Pause Init Mark (N)                 141 us
[60.531s][info][gc,stats    ]   Update Region States               51 us
[60.531s][info][gc,stats    ] Concurrent Mark Roots               442 us, parallelism: 0.78x
[60.531s][info][gc,stats    ]   CMR: <total>                      344 us
[60.531s][info][gc,stats    ]   CMR: Thread Roots                 300 us, workers (us): 300, ---, ---, 
[60.531s][info][gc,stats    ]   CMR: VM Strong Roots                5 us, workers (us):   5, ---, ---, 
[60.531s][info][gc,stats    ]   CMR: CLDG Roots                    38 us, workers (us):  38, ---, ---, 
[60.531s][info][gc,stats    ] Concurrent Marking                 7767 us
[60.531s][info][gc,stats    ] Pause Final Mark (G)                356 us
[60.531s][info][gc,stats    ] Pause Final Mark (N)                233 us
[60.531s][info][gc,stats    ]   Finish Mark                        57 us
[60.531s][info][gc,stats    ]   Update Region States               40 us
[60.531s][info][gc,stats    ]   Choose Collection Set              68 us
[60.531s][info][gc,stats    ]   Rebuild Free Set                    9 us
[60.531s][info][gc,stats    ] Concurrent Thread Roots             488 us, parallelism: 0.85x
[60.531s][info][gc,stats    ]   CTR: <total>                      414 us
[60.531s][info][gc,stats    ]   CTR: Thread Roots                 414 us, workers (us): 414, ---, ---, 
[60.531s][info][gc,stats    ] Concurrent Weak References          189 us, parallelism: 0.54x
[60.531s][info][gc,stats    ]   CWRF: <total>                     101 us
[60.531s][info][gc,stats    ]   CWRF: Weak References             101 us, workers (us): 101, ---, ---, 
[60.531s][info][gc,stats    ] Concurrent Weak Roots              2061 us
[60.531s][info][gc,stats    ]   Roots                            1365 us, parallelism: 0.98x
[60.531s][info][gc,stats    ]     CWR: <total>                   1334 us
[60.531s][info][gc,stats    ]     CWR: Code Cache Roots          1227 us, workers (us): 1227, ---, ---, 
[60.531s][info][gc,stats    ]     CWR: VM Weak Roots              100 us, workers (us): 100, ---, ---, 
[60.531s][info][gc,stats    ]     CWR: CLDG Roots                   7 us, workers (us):   7, ---, ---, 
[60.531s][info][gc,stats    ]   Rendezvous                        638 us
[60.531s][info][gc,stats    ] Concurrent Cleanup                  136 us
[60.531s][info][gc,stats    ] Concurrent Class Unloading        18693 us
[60.531s][info][gc,stats    ]   Unlink Stale                     5060 us
[60.531s][info][gc,stats    ]     System Dictionary                12 us
[60.531s][info][gc,stats    ]     Weak Class Links                  0 us
[60.531s][info][gc,stats    ]     Code Roots                     5045 us
[60.531s][info][gc,stats    ]   Rendezvous                      13206 us
[60.531s][info][gc,stats    ]   Purge Unlinked                    356 us
[60.531s][info][gc,stats    ]     Code Roots                      348 us
[60.531s][info][gc,stats    ]     CLDG                              7 us
[60.531s][info][gc,stats    ]     Exception Caches                  0 us
[60.531s][info][gc,stats    ] Concurrent Strong Roots             110 us, parallelism: 0.47x
[60.531s][info][gc,stats    ]   CSR: <total>                       51 us
[60.531s][info][gc,stats    ]   CSR: VM Strong Roots                4 us, workers (us):   4, ---, ---, 
[60.531s][info][gc,stats    ]   CSR: CLDG Roots                    47 us, workers (us):  47, ---, ---, 
[60.531s][info][gc,stats    ] Concurrent Evacuation              1077 us
[60.531s][info][gc,stats    ] Pause Init Update Refs (G)         1926 us
[60.531s][info][gc,stats    ] Pause Init Update Refs (N)           56 us
[60.531s][info][gc,stats    ]   Manage GCLABs                       3 us
[60.531s][info][gc,stats    ] Concurrent Update Refs            10140 us
[60.531s][info][gc,stats    ] Concurrent Update Thread Roots      529 us
[60.531s][info][gc,stats    ] Pause Final Update Refs (G)         252 us
[60.531s][info][gc,stats    ] Pause Final Update Refs (N)         142 us
[60.531s][info][gc,stats    ]   Update Region States               57 us
[60.531s][info][gc,stats    ]   Trash Collection Set                5 us
[60.531s][info][gc,stats    ]   Rebuild Free Set                   10 us
[60.531s][info][gc,stats    ] Concurrent Cleanup                   77 us
[60.531s][info][gc,stats    ] Pacing                             4916 us
[60.531s][info][gc,stats    ] 
[60.531s][info][gc,stats    ] Allocation pacing accrued:
[60.531s][info][gc,stats    ]       1 of   483 ms (  0.1%): Query0
[60.531s][info][gc,stats    ]       1 of   483 ms (  0.3%): Query1
[60.531s][info][gc,stats    ]       2 of   483 ms (  0.4%): Query4
[60.531s][info][gc,stats    ]       1 of   483 ms (  0.3%): Query5
[60.531s][info][gc,stats    ]       5 of   483 ms (  1.0%): <total>
[60.531s][info][gc,stats    ]       0 of   483 ms (  0.1%): <average total>
[60.531s][info][gc,stats    ]       1 of   483 ms (  0.3%): <average non-zero>
[60.531s][info][gc,stats    ] 
[60.531s][info][gc,metaspace] Metaspace: 8798K(9472K)->8798K(9472K) NonClass: 7948K(8320K)->7948K(8320K) Class: 850K(1152K)->850K(1152K)
[60.531s][info][gc,ergo     ] Pacer for Idle. Initial: 41943K, Alloc Tax Rate: 1.0x
[60.942s][info][gc          ] Trigger: Average GC time (52.26 ms) is above the time for average allocation rate (3728 MB/s) to deplete free headroom (186M) (margin of error = 1.99)
[60.942s][info][gc,ergo     ] Free headroom: 289M (free) - 102M (spike) - 0B (penalties) = 186M
[60.942s][info][gc,ergo     ] Free: 289M, Max: 1024K regular, 211M humongous, Frag: 26% external, 0% internal; Reserve: 103M, Max: 1024K
[60.942s][info][gc,start    ] GC(137) Concurrent reset
[60.942s][info][gc,task     ] GC(137) Using 1 of 3 workers for concurrent reset
[60.942s][info][gc,ergo     ] GC(137) Pacer for Reset. Non-Taxable: 2048M
[60.943s][info][gc          ] GC(137) Concurrent reset 1.018ms
[60.943s][info][gc,start    ] GC(137) Pause Init Mark (unload classes)
[60.943s][info][gc,task     ] GC(137) Using 3 of 3 workers for init marking
[60.944s][info][gc,ergo     ] GC(137) Pacer for Mark. Expected Live: 8397K, Free: 287M, Non-Taxable: 29419K, Alloc Tax Rate: 0.0x
[60.944s][info][gc          ] GC(137) Pause Init Mark (unload classes) 0.149ms
[60.945s][info][gc,start    ] GC(137) Concurrent marking roots
[60.945s][info][gc,task     ] GC(137) Using 1 of 3 workers for concurrent marking roots
[60.946s][info][gc          ] GC(137) Concurrent marking roots 0.466ms
[60.946s][info][gc,start    ] GC(137) Concurrent marking (unload classes)
[60.946s][info][gc,task     ] GC(137) Using 1 of 3 workers for concurrent marking
[60.964s][info][gc          ] GC(137) Concurrent marking (unload classes) 18.602ms
[60.964s][info][gc,start    ] GC(137) Pause Final Mark (unload classes)
[60.964s][info][gc,task     ] GC(137) Using 3 of 3 workers for final marking
[60.965s][info][gc,ergo     ] GC(137) Adaptive CSet Selection. Target Free: 290M, Actual Free: 1814M, Max CSet: 87381K, Min Garbage: 0B
[60.965s][info][gc,ergo     ] GC(137) Collectable Garbage: 1645M (99%), Immediate: 1490M (90%), CSet: 155M (9%)
[60.965s][info][gc,ergo     ] GC(137) Pacer for Evacuation. Used CSet: 156M, Free: 1718M, Non-Taxable: 171M, Alloc Tax Rate: 1.1x
[60.965s][info][gc          ] GC(137) Pause Final Mark (unload classes) 0.272ms
[60.974s][info][gc,start    ] GC(137) Concurrent thread roots
[60.974s][info][gc,task     ] GC(137) Using 1 of 3 workers for Concurrent thread roots
[60.975s][info][gc          ] GC(137) Concurrent thread roots 0.404ms
[60.975s][info][gc,start    ] GC(137) Concurrent weak references
[60.975s][info][gc,task     ] GC(137) Using 1 of 3 workers for concurrent weak references
[60.975s][info][gc,ref      ] GC(137) Encountered references: Soft: 137, Weak: 887, Final: 3, Phantom: 113
[60.975s][info][gc,ref      ] GC(137) Discovered  references: Soft: 0, Weak: 423, Final: 1, Phantom: 97
[60.975s][info][gc,ref      ] GC(137) Enqueued    references: Soft: 0, Weak: 278, Final: 0, Phantom: 0
[60.975s][info][gc          ] GC(137) Concurrent weak references 0.184ms
[60.975s][info][gc,start    ] GC(137) Concurrent weak roots
[60.975s][info][gc,task     ] GC(137) Using 1 of 3 workers for concurrent weak root
[60.978s][info][gc          ] GC(137) Concurrent weak roots 3.172ms
[60.978s][info][gc,start    ] GC(137) Concurrent cleanup
[60.978s][info][gc          ] GC(137) Concurrent cleanup 1749M->259M(2048M) 0.110ms
[60.978s][info][gc,ergo     ] GC(137) Free: 1683M, Max: 1024K regular, 186M humongous, Frag: 89% external, 0% internal; Reserve: 102M, Max: 1024K
[60.978s][info][gc,start    ] GC(137) Concurrent class unloading
[60.978s][info][gc,task     ] GC(137) Using 1 of 3 workers for concurrent class unloading
[60.989s][info][gc          ] GC(137) Concurrent class unloading 10.472ms
[60.989s][info][gc,start    ] GC(137) Concurrent strong roots
[60.989s][info][gc,task     ] GC(137) Using 1 of 3 workers for concurrent strong root
[60.989s][info][gc          ] GC(137) Concurrent strong roots 0.099ms
[60.989s][info][gc,start    ] GC(137) Concurrent evacuation
[60.989s][info][gc,task     ] GC(137) Using 1 of 3 workers for concurrent evacuation
[60.990s][info][gc          ] GC(137) Concurrent evacuation 0.967ms
[60.990s][info][gc,start    ] GC(137) Pause Init Update Refs
[60.990s][info][gc,ergo     ] GC(137) Pacer for Update Refs. Used: 296M, Free: 1647M, Non-Taxable: 164M, Alloc Tax Rate: 1.1x
[60.990s][info][gc          ] GC(137) Pause Init Update Refs 0.055ms
[60.993s][info][gc,start    ] GC(137) Concurrent update references
[60.993s][info][gc,task     ] GC(137) Using 1 of 3 workers for concurrent reference update
[61.008s][info][gc          ] GC(137) Concurrent update references 15.537ms
[61.008s][info][gc,start    ] GC(137) Concurrent update thread roots
[61.009s][info][gc          ] GC(137) Concurrent update thread roots 0.397ms
[61.009s][info][gc,start    ] GC(137) Pause Final Update Refs
[61.009s][info][gc,task     ] GC(137) Using 3 of 3 workers for final reference update
[61.009s][info][gc          ] GC(137) Pause Final Update Refs 0.129ms
[61.012s][info][gc,start    ] GC(137) Concurrent cleanup
[61.012s][info][gc          ] GC(137) Concurrent cleanup 349M->201M(2048M) 0.084ms
[61.012s][info][gc,ergo     ] Free: 1741M, Max: 1024K regular, 1503M humongous, Frag: 14% external, 0% internal; Reserve: 103M, Max: 1024K
[61.012s][info][gc,stats    ] 
[61.012s][info][gc,stats    ] All times are wall-clock times, except per-root-class counters, that are sum over
[61.012s][info][gc,stats    ] all workers. Dividing the <total> over the root stage time estimates parallelism.
[61.012s][info][gc,stats    ] 
[61.012s][info][gc,stats    ] Concurrent Reset                   1066 us
[61.012s][info][gc,stats    ] Pause Init Mark (G)                1865 us
[61.012s][info][gc,stats    ] Pause Init Mark (N)                 160 us
[61.012s][info][gc,stats    ]   Update Region States               54 us
[61.012s][info][gc,stats    ] Concurrent Mark Roots               487 us, parallelism: 0.77x
[61.012s][info][gc,stats    ]   CMR: <total>                      375 us
[61.012s][info][gc,stats    ]   CMR: Thread Roots                 330 us, workers (us): 330, ---, ---, 
[61.012s][info][gc,stats    ]   CMR: VM Strong Roots                6 us, workers (us):   6, ---, ---, 
[61.012s][info][gc,stats    ]   CMR: CLDG Roots                    40 us, workers (us):  40, ---, ---, 
[61.012s][info][gc,stats    ] Concurrent Marking                18648 us
[61.012s][info][gc,stats    ] Pause Final Mark (G)              10023 us
[61.012s][info][gc,stats    ] Pause Final Mark (N)                282 us
[61.012s][info][gc,stats    ]   Finish Mark                        70 us
[61.012s][info][gc,stats    ]   Update Region States               48 us
[61.012s][info][gc,stats    ]   Choose Collection Set              86 us
[61.012s][info][gc,stats    ]   Rebuild Free Set                    8 us
[61.012s][info][gc,stats    ] Concurrent Thread Roots             422 us, parallelism: 0.70x
[61.012s][info][gc,stats    ]   CTR: <total>                      294 us
[61.012s][info][gc,stats    ]   CTR: Thread Roots                 294 us, workers (us): 294, ---, ---, 
[61.012s][info][gc,stats    ] Concurrent Weak References          192 us, parallelism: 0.52x
[61.012s][info][gc,stats    ]   CWRF: <total>                     100 us
[61.012s][info][gc,stats    ]   CWRF: Weak References             100 us, workers (us): 100, ---, ---, 
[61.012s][info][gc,stats    ] Concurrent Weak Roots              3207 us
[61.012s][info][gc,stats    ]   Roots                            1329 us, parallelism: 0.96x
[61.012s][info][gc,stats    ]     CWR: <total>                   1274 us
[61.012s][info][gc,stats    ]     CWR: Code Cache Roots          1158 us, workers (us): 1158, ---, ---, 
[61.012s][info][gc,stats    ]     CWR: VM Weak Roots              108 us, workers (us): 108, ---, ---, 
[61.012s][info][gc,stats    ]     CWR: CLDG Roots                   8 us, workers (us):   8, ---, ---, 
[61.012s][info][gc,stats    ]   Rendezvous                       1823 us
[61.012s][info][gc,stats    ] Concurrent Cleanup                  121 us
[61.012s][info][gc,stats    ] Concurrent Class Unloading        10519 us
[61.012s][info][gc,stats    ]   Unlink Stale                     4955 us
[61.012s][info][gc,stats    ]     System Dictionary                15 us
[61.012s][info][gc,stats    ]     Weak Class Links                  0 us
[61.012s][info][gc,stats    ]     Code Roots                     4938 us
[61.013s][info][gc,stats    ]   Rendezvous                       5063 us
[61.013s][info][gc,stats    ]   Purge Unlinked                    432 us
[61.013s][info][gc,stats    ]     Code Roots                      423 us
[61.013s][info][gc,stats    ]     CLDG                              8 us
[61.013s][info][gc,stats    ]     Exception Caches                  0 us
[61.013s][info][gc,stats    ] Concurrent Strong Roots             115 us, parallelism: 0.42x
[61.013s][info][gc,stats    ]   CSR: <total>                       48 us
[61.013s][info][gc,stats    ]   CSR: VM Strong Roots                4 us, workers (us):   4, ---, ---, 
[61.013s][info][gc,stats    ]   CSR: CLDG Roots                    44 us, workers (us):  44, ---, ---, 
[61.013s][info][gc,stats    ] Concurrent Evacuation              1025 us
[61.013s][info][gc,stats    ] Pause Init Update Refs (G)         2801 us
[61.013s][info][gc,stats    ] Pause Init Update Refs (N)           65 us
[61.013s][info][gc,stats    ]   Manage GCLABs                       4 us
[61.013s][info][gc,stats    ] Concurrent Update Refs            15599 us
[61.013s][info][gc,stats    ] Concurrent Update Thread Roots      425 us
[61.013s][info][gc,stats    ] Pause Final Update Refs (G)        3214 us
[61.013s][info][gc,stats    ] Pause Final Update Refs (N)         141 us
[61.013s][info][gc,stats    ]   Update Region States               56 us
[61.013s][info][gc,stats    ]   Trash Collection Set                9 us
[61.013s][info][gc,stats    ]   Rebuild Free Set                   17 us
[61.013s][info][gc,stats    ] Concurrent Cleanup                   97 us
[61.013s][info][gc,stats    ] Pacing                            35134 us
[61.013s][info][gc,stats    ] 
[61.013s][info][gc,stats    ] Allocation pacing accrued:
[61.013s][info][gc,stats    ]       6 of   481 ms (  1.3%): Query0
[61.013s][info][gc,stats    ]       6 of   481 ms (  1.2%): Query1
[61.013s][info][gc,stats    ]       6 of   481 ms (  1.3%): Query2
[61.013s][info][gc,stats    ]       5 of   481 ms (  1.1%): Query3
[61.013s][info][gc,stats    ]       6 of   481 ms (  1.2%): Query4
[61.013s][info][gc,stats    ]       6 of   481 ms (  1.3%): Query5
[61.013s][info][gc,stats    ]      35 of   481 ms (  7.3%): <total>
[61.013s][info][gc,stats    ]       2 of   481 ms (  0.4%): <average total>
[61.013s][info][gc,stats    ]       6 of   481 ms (  1.2%): <average non-zero>
[61.013s][info][gc,stats    ] 
[61.013s][info][gc,metaspace] Metaspace: 8798K(9472K)->8798K(9472K) NonClass: 7948K(8320K)->7948K(8320K) Class: 850K(1152K)->850K(1152K)
[61.013s][info][gc,ergo     ] Pacer for Idle. Initial: 41943K, Alloc Tax Rate: 1.0x
[61.384s][info][gc          ] Trigger: Average GC time (85.94 ms) is above the time for average allocation rate (3666 MB/s) to deplete free headroom (274M) (margin of error = 2.02)
[61.384s][info][gc,ergo     ] Free headroom: 377M (free) - 102M (spike) - 0B (penalties) = 274M
[61.384s][info][gc,ergo     ] Free: 377M, Max: 1024K regular, 186M humongous, Frag: 50% external, 0% internal; Reserve: 103M, Max: 1024K
[61.384s][info][gc,start    ] GC(138) Concurrent reset
[61.384s][info][gc,task     ] GC(138) Using 1 of 3 workers for concurrent reset
[61.384s][info][gc,ergo     ] GC(138) Pacer for Reset. Non-Taxable: 2048M
[61.385s][info][gc          ] GC(138) Concurrent reset 0.883ms
[61.385s][info][gc,start    ] GC(138) Pause Init Mark (unload classes)
[61.385s][info][gc,task     ] GC(138) Using 3 of 3 workers for init marking
[61.385s][info][gc,ergo     ] GC(138) Pacer for Mark. Expected Live: 8389K, Free: 376M, Non-Taxable: 38533K, Alloc Tax Rate: 0.0x
[61.385s][info][gc          ] GC(138) Pause Init Mark (unload classes) 0.112ms
[61.385s][info][gc,start    ] GC(138) Concurrent marking roots
[61.385s][info][gc,task     ] GC(138) Using 1 of 3 workers for concurrent marking roots
[61.386s][info][gc          ] GC(138) Concurrent marking roots 0.404ms
[61.386s][info][gc,start    ] GC(138) Concurrent marking (unload classes)
[61.386s][info][gc,task     ] GC(138) Using 1 of 3 workers for concurrent marking
[61.391s][info][gc          ] GC(138) Concurrent marking (unload classes) 5.243ms
[61.391s][info][gc,start    ] GC(138) Pause Final Mark (unload classes)
[61.391s][info][gc,task     ] GC(138) Using 3 of 3 workers for final marking
[61.391s][info][gc,ergo     ] GC(138) Adaptive CSet Selection. Target Free: 290M, Actual Free: 1861M, Max CSet: 87381K, Min Garbage: 0B
[61.391s][info][gc,ergo     ] GC(138) Collectable Garbage: 1556M (99%), Immediate: 1410M (90%), CSet: 146M (9%)
[61.391s][info][gc,ergo     ] GC(138) Pacer for Evacuation. Used CSet: 147M, Free: 1765M, Non-Taxable: 176M, Alloc Tax Rate: 1.1x
[61.391s][info][gc          ] GC(138) Pause Final Mark (unload classes) 0.211ms
[61.391s][info][gc,start    ] GC(138) Concurrent thread roots
[61.392s][info][gc,task     ] GC(138) Using 1 of 3 workers for Concurrent thread roots
[61.392s][info][gc          ] GC(138) Concurrent thread roots 0.352ms
[61.392s][info][gc,start    ] GC(138) Concurrent weak references
[61.392s][info][gc,task     ] GC(138) Using 1 of 3 workers for concurrent weak references
[61.392s][info][gc,ref      ] GC(138) Encountered references: Soft: 137, Weak: 874, Final: 3, Phantom: 105
[61.392s][info][gc,ref      ] GC(138) Discovered  references: Soft: 0, Weak: 413, Final: 1, Phantom: 87
[61.392s][info][gc,ref      ] GC(138) Enqueued    references: Soft: 0, Weak: 278, Final: 0, Phantom: 0
[61.392s][info][gc          ] GC(138) Concurrent weak references 0.188ms
[61.392s][info][gc,start    ] GC(138) Concurrent weak roots
[61.392s][info][gc,task     ] GC(138) Using 1 of 3 workers for concurrent weak root
[61.394s][info][gc          ] GC(138) Concurrent weak roots 1.798ms
[61.394s][info][gc,start    ] GC(138) Concurrent cleanup
[61.394s][info][gc          ] GC(138) Concurrent cleanup 1597M->187M(2048M) 0.096ms
[61.394s][info][gc,ergo     ] GC(138) Free: 1756M, Max: 1024K regular, 188M humongous, Frag: 90% external, 0% internal; Reserve: 102M, Max: 1024K
[61.394s][info][gc,start    ] GC(138) Concurrent class unloading
[61.394s][info][gc,task     ] GC(138) Using 1 of 3 workers for concurrent class unloading
[61.402s][info][gc          ] GC(138) Concurrent class unloading 7.566ms
[61.402s][info][gc,start    ] GC(138) Concurrent strong roots
[61.402s][info][gc,task     ] GC(138) Using 1 of 3 workers for concurrent strong root
[61.402s][info][gc          ] GC(138) Concurrent strong roots 0.080ms
[61.402s][info][gc,start    ] GC(138) Concurrent evacuation
[61.402s][info][gc,task     ] GC(138) Using 1 of 3 workers for concurrent evacuation
[61.403s][info][gc          ] GC(138) Concurrent evacuation 0.867ms
[61.403s][info][gc,start    ] GC(138) Pause Init Update Refs
[61.403s][info][gc,ergo     ] GC(138) Pacer for Update Refs. Used: 209M, Free: 1734M, Non-Taxable: 173M, Alloc Tax Rate: 1.1x
[61.403s][info][gc          ] GC(138) Pause Init Update Refs 0.046ms
[61.404s][info][gc,start    ] GC(138) Concurrent update references
[61.404s][info][gc,task     ] GC(138) Using 1 of 3 workers for concurrent reference update
[61.410s][info][gc          ] GC(138) Concurrent update references 6.498ms
[61.410s][info][gc,start    ] GC(138) Concurrent update thread roots
[61.411s][info][gc          ] GC(138) Concurrent update thread roots 0.416ms
[61.411s][info][gc,start    ] GC(138) Pause Final Update Refs
[61.411s][info][gc,task     ] GC(138) Using 3 of 3 workers for final reference update
[61.411s][info][gc          ] GC(138) Pause Final Update Refs 0.098ms
[61.411s][info][gc,start    ] GC(138) Concurrent cleanup
[61.411s][info][gc          ] GC(138) Concurrent cleanup 234M->87M(2048M) 0.043ms
[61.411s][info][gc,ergo     ] Free: 1855M, Max: 1024K regular, 1415M humongous, Frag: 24% external, 0% internal; Reserve: 103M, Max: 1024K
[61.411s][info][gc,stats    ] 
[61.411s][info][gc,stats    ] All times are wall-clock times, except per-root-class counters, that are sum over
[61.411s][info][gc,stats    ] all workers. Dividing the <total> over the root stage time estimates parallelism.
[61.411s][info][gc,stats    ] 
[61.411s][info][gc,stats    ] Concurrent Reset                    944 us
[61.411s][info][gc,stats    ] Pause Init Mark (G)                 296 us
[61.411s][info][gc,stats    ] Pause Init Mark (N)                 121 us
[61.411s][info][gc,stats    ]   Update Region States               42 us
[61.411s][info][gc,stats    ] Concurrent Mark Roots               424 us, parallelism: 0.79x
[61.411s][info][gc,stats    ]   CMR: <total>                      333 us
[61.411s][info][gc,stats    ]   CMR: Thread Roots                 284 us, workers (us): 284, ---, ---, 
[61.411s][info][gc,stats    ]   CMR: VM Strong Roots                6 us, workers (us):   6, ---, ---, 
[61.411s][info][gc,stats    ]   CMR: CLDG Roots                    43 us, workers (us):  43, ---, ---, 
[61.411s][info][gc,stats    ] Concurrent Marking                 5308 us
[61.411s][info][gc,stats    ] Pause Final Mark (G)                458 us
[61.411s][info][gc,stats    ] Pause Final Mark (N)                221 us
[61.411s][info][gc,stats    ]   Finish Mark                        49 us
[61.411s][info][gc,stats    ]   Update Region States               38 us
[61.411s][info][gc,stats    ]   Choose Collection Set              59 us
[61.411s][info][gc,stats    ]   Rebuild Free Set                    8 us
[61.411s][info][gc,stats    ] Concurrent Thread Roots             388 us, parallelism: 0.77x
[61.411s][info][gc,stats    ]   CTR: <total>                      297 us
[61.411s][info][gc,stats    ]   CTR: Thread Roots                 297 us, workers (us): 297, ---, ---, 
[61.411s][info][gc,stats    ] Concurrent Weak References          197 us, parallelism: 0.57x
[61.411s][info][gc,stats    ]   CWRF: <total>                     112 us
[61.411s][info][gc,stats    ]   CWRF: Weak References             112 us, workers (us): 112, ---, ---, 
[61.411s][info][gc,stats    ] Concurrent Weak Roots              1832 us
[61.411s][info][gc,stats    ]   Roots                            1386 us, parallelism: 0.97x
[61.411s][info][gc,stats    ]     CWR: <total>                   1348 us
[61.411s][info][gc,stats    ]     CWR: Code Cache Roots          1227 us, workers (us): 1227, ---, ---, 
[61.411s][info][gc,stats    ]     CWR: VM Weak Roots              112 us, workers (us): 112, ---, ---, 
[61.411s][info][gc,stats    ]     CWR: CLDG Roots                   9 us, workers (us):   9, ---, ---, 
[61.411s][info][gc,stats    ]   Rendezvous                        392 us
[61.411s][info][gc,stats    ] Concurrent Cleanup                  106 us
[61.411s][info][gc,stats    ] Concurrent Class Unloading         7605 us
[61.411s][info][gc,stats    ]   Unlink Stale                     4902 us
[61.411s][info][gc,stats    ]     System Dictionary                 9 us
[61.411s][info][gc,stats    ]     Weak Class Links                  0 us
[61.411s][info][gc,stats    ]     Code Roots                     4891 us
[61.411s][info][gc,stats    ]   Rendezvous                       2374 us
[61.412s][info][gc,stats    ]   Purge Unlinked                    267 us
[61.412s][info][gc,stats    ]     Code Roots                      260 us
[61.412s][info][gc,stats    ]     CLDG                              7 us
[61.412s][info][gc,stats    ]     Exception Caches                  0 us
[61.412s][info][gc,stats    ] Concurrent Strong Roots              90 us, parallelism: 0.44x
[61.412s][info][gc,stats    ]   CSR: <total>                       40 us
[61.412s][info][gc,stats    ]   CSR: VM Strong Roots                3 us, workers (us):   3, ---, ---, 
[61.412s][info][gc,stats    ]   CSR: CLDG Roots                    36 us, workers (us):  36, ---, ---, 
[61.412s][info][gc,stats    ] Concurrent Evacuation               920 us
[61.412s][info][gc,stats    ] Pause Init Update Refs (G)         1276 us
[61.412s][info][gc,stats    ] Pause Init Update Refs (N)           55 us
[61.412s][info][gc,stats    ]   Manage GCLABs                       4 us
[61.412s][info][gc,stats    ] Concurrent Update Refs             6531 us
[61.412s][info][gc,stats    ] Concurrent Update Thread Roots      440 us
[61.412s][info][gc,stats    ] Pause Final Update Refs (G)         214 us
[61.412s][info][gc,stats    ] Pause Final Update Refs (N)         135 us
[61.412s][info][gc,stats    ]   Update Region States               51 us
[61.412s][info][gc,stats    ]   Trash Collection Set                4 us
[61.412s][info][gc,stats    ]   Rebuild Free Set                    9 us
[61.412s][info][gc,stats    ] Concurrent Cleanup                   54 us
[61.412s][info][gc,stats    ] 
[61.412s][info][gc,stats    ] Allocation pacing accrued:
[61.412s][info][gc,stats    ]       0 of   399 ms (  0.0%): <total>
[61.412s][info][gc,stats    ]       0 of   399 ms (  0.0%): <average total>
[61.412s][info][gc,stats    ] 
[61.412s][info][gc,metaspace] Metaspace: 8798K(9472K)->8798K(9472K) NonClass: 7948K(8320K)->7948K(8320K) Class: 850K(1152K)->850K(1152K)
[61.412s][info][gc,ergo     ] Pacer for Idle. Initial: 41943K, Alloc Tax Rate: 1.0x
[61.810s][info][gc          ] Trigger: Average GC time (76.73 ms) is above the time for average allocation rate (3701 MB/s) to deplete free headroom (271M) (margin of error = 2.01)
[61.810s][info][gc,ergo     ] Free headroom: 374M (free) - 102M (spike) - 0B (penalties) = 271M
[61.810s][info][gc,ergo     ] Free: 374M, Max: 1024K regular, 367M humongous, Frag: 0% external, 0% internal; Reserve: 103M, Max: 1024K
[61.810s][info][gc,start    ] GC(139) Concurrent reset
[61.810s][info][gc,task     ] GC(139) Using 1 of 3 workers for concurrent reset
[61.810s][info][gc,ergo     ] GC(139) Pacer for Reset. Non-Taxable: 2048M
[61.811s][info][gc          ] GC(139) Concurrent reset 0.802ms
[61.811s][info][gc,start    ] GC(139) Pause Init Mark (unload classes)
[61.811s][info][gc,task     ] GC(139) Using 3 of 3 workers for init marking
[61.811s][info][gc,ergo     ] GC(139) Pacer for Mark. Expected Live: 8372K, Free: 370M, Non-Taxable: 37918K, Alloc Tax Rate: 0.0x
[61.811s][info][gc          ] GC(139) Pause Init Mark (unload classes) 0.159ms
[61.812s][info][gc,start    ] GC(139) Concurrent marking roots
[61.812s][info][gc,task     ] GC(139) Using 1 of 3 workers for concurrent marking roots
[61.812s][info][gc          ] GC(139) Concurrent marking roots 0.408ms
[61.812s][info][gc,start    ] GC(139) Concurrent marking (unload classes)
[61.812s][info][gc,task     ] GC(139) Using 1 of 3 workers for concurrent marking
[61.821s][info][gc          ] GC(139) Concurrent marking (unload classes) 8.880ms
[61.821s][info][gc,start    ] GC(139) Pause Final Mark (unload classes)
[61.821s][info][gc,task     ] GC(139) Using 3 of 3 workers for final marking
[61.821s][info][gc,ergo     ] GC(139) Adaptive CSet Selection. Target Free: 290M, Actual Free: 1838M, Max CSet: 87381K, Min Garbage: 0B
[61.821s][info][gc,ergo     ] GC(139) Collectable Garbage: 1562M (99%), Immediate: 1411M (90%), CSet: 151M (9%)
[61.821s][info][gc,ergo     ] GC(139) Pacer for Evacuation. Used CSet: 152M, Free: 1742M, Non-Taxable: 174M, Alloc Tax Rate: 1.1x
[61.821s][info][gc          ] GC(139) Pause Final Mark (unload classes) 0.239ms
[61.821s][info][gc,start    ] GC(139) Concurrent thread roots
[61.821s][info][gc,task     ] GC(139) Using 1 of 3 workers for Concurrent thread roots
[61.822s][info][gc          ] GC(139) Concurrent thread roots 0.377ms
[61.822s][info][gc,start    ] GC(139) Concurrent weak references
[61.822s][info][gc,task     ] GC(139) Using 1 of 3 workers for concurrent weak references
[61.822s][info][gc,ref      ] GC(139) Encountered references: Soft: 137, Weak: 884, Final: 3, Phantom: 124
[61.822s][info][gc,ref      ] GC(139) Discovered  references: Soft: 0, Weak: 416, Final: 1, Phantom: 107
[61.822s][info][gc,ref      ] GC(139) Enqueued    references: Soft: 0, Weak: 274, Final: 0, Phantom: 0
[61.822s][info][gc          ] GC(139) Concurrent weak references 0.159ms
[61.822s][info][gc,start    ] GC(139) Concurrent weak roots
[61.822s][info][gc,task     ] GC(139) Using 1 of 3 workers for concurrent weak root
[61.824s][info][gc          ] GC(139) Concurrent weak roots 1.679ms
[61.824s][info][gc,start    ] GC(139) Concurrent cleanup
[61.824s][info][gc          ] GC(139) Concurrent cleanup 1620M->209M(2048M) 0.107ms
[61.824s][info][gc,ergo     ] GC(139) Free: 1734M, Max: 1024K regular, 316M humongous, Frag: 82% external, 0% internal; Reserve: 102M, Max: 1024K
[61.824s][info][gc,start    ] GC(139) Concurrent class unloading
[61.824s][info][gc,task     ] GC(139) Using 1 of 3 workers for concurrent class unloading
[61.830s][info][gc          ] GC(139) Concurrent class unloading 5.668ms
[61.830s][info][gc,start    ] GC(139) Concurrent strong roots
[61.830s][info][gc,task     ] GC(139) Using 1 of 3 workers for concurrent strong root
[61.830s][info][gc          ] GC(139) Concurrent strong roots 0.086ms
[61.830s][info][gc,start    ] GC(139) Concurrent evacuation
[61.830s][info][gc,task     ] GC(139) Using 1 of 3 workers for concurrent evacuation
[61.831s][info][gc          ] GC(139) Concurrent evacuation 0.871ms
[61.831s][info][gc,start    ] GC(139) Pause Init Update Refs
[61.831s][info][gc,ergo     ] GC(139) Pacer for Update Refs. Used: 224M, Free: 1719M, Non-Taxable: 171M, Alloc Tax Rate: 1.1x
[61.831s][info][gc          ] GC(139) Pause Init Update Refs 0.054ms
[61.832s][info][gc,start    ] GC(139) Concurrent update references
[61.832s][info][gc,task     ] GC(139) Using 1 of 3 workers for concurrent reference update
[61.843s][info][gc          ] GC(139) Concurrent update references 11.018ms
[61.843s][info][gc,start    ] GC(139) Concurrent update thread roots
[61.843s][info][gc          ] GC(139) Concurrent update thread roots 0.615ms
[61.843s][info][gc,start    ] GC(139) Pause Final Update Refs
[61.843s][info][gc,task     ] GC(139) Using 3 of 3 workers for final reference update
[61.844s][info][gc          ] GC(139) Pause Final Update Refs 0.113ms
[61.844s][info][gc,start    ] GC(139) Concurrent cleanup
[61.844s][info][gc          ] GC(139) Concurrent cleanup 259M->107M(2048M) 0.037ms
[61.844s][info][gc,ergo     ] Free: 1835M, Max: 1024K regular, 1508M humongous, Frag: 18% external, 0% internal; Reserve: 103M, Max: 1024K
[61.844s][info][gc,stats    ] 
[61.844s][info][gc,stats    ] All times are wall-clock times, except per-root-class counters, that are sum over
[61.844s][info][gc,stats    ] all workers. Dividing the <total> over the root stage time estimates parallelism.
[61.844s][info][gc,stats    ] 
[61.844s][info][gc,stats    ] Concurrent Reset                    855 us
[61.844s][info][gc,stats    ] Pause Init Mark (G)                 767 us
[61.844s][info][gc,stats    ] Pause Init Mark (N)                 169 us
[61.844s][info][gc,stats    ]   Update Region States               57 us
[61.844s][info][gc,stats    ] Concurrent Mark Roots               424 us, parallelism: 0.78x
[61.844s][info][gc,stats    ]   CMR: <total>                      330 us
[61.844s][info][gc,stats    ]   CMR: Thread Roots                 287 us, workers (us): 287, ---, ---, 
[61.844s][info][gc,stats    ]   CMR: VM Strong Roots                5 us, workers (us):   5, ---, ---, 
[61.844s][info][gc,stats    ]   CMR: CLDG Roots                    38 us, workers (us):  38, ---, ---, 
[61.844s][info][gc,stats    ] Concurrent Marking                 8922 us
[61.844s][info][gc,stats    ] Pause Final Mark (G)                368 us
[61.844s][info][gc,stats    ] Pause Final Mark (N)                249 us
[61.844s][info][gc,stats    ]   Finish Mark                        52 us
[61.844s][info][gc,stats    ]   Update Region States               42 us
[61.844s][info][gc,stats    ]   Choose Collection Set              76 us
[61.844s][info][gc,stats    ]   Rebuild Free Set                    9 us
[61.844s][info][gc,stats    ] Concurrent Thread Roots             394 us, parallelism: 0.83x
[61.844s][info][gc,stats    ]   CTR: <total>                      326 us
[61.844s][info][gc,stats    ]   CTR: Thread Roots                 326 us, workers (us): 326, ---, ---, 
[61.844s][info][gc,stats    ] Concurrent Weak References          167 us, parallelism: 0.54x
[61.844s][info][gc,stats    ]   CWRF: <total>                      90 us
[61.844s][info][gc,stats    ]   CWRF: Weak References              90 us, workers (us):  90, ---, ---, 
[61.844s][info][gc,stats    ] Concurrent Weak Roots              1727 us
[61.844s][info][gc,stats    ]   Roots                            1395 us, parallelism: 0.98x
[61.844s][info][gc,stats    ]     CWR: <total>                   1361 us
[61.844s][info][gc,stats    ]     CWR: Code Cache Roots          1253 us, workers (us): 1253, ---, ---, 
[61.844s][info][gc,stats    ]     CWR: VM Weak Roots              100 us, workers (us): 100, ---, ---, 
[61.844s][info][gc,stats    ]     CWR: CLDG Roots                   8 us, workers (us):   8, ---, ---, 
[61.844s][info][gc,stats    ]   Rendezvous                        263 us
[61.844s][info][gc,stats    ] Concurrent Cleanup                  119 us
[61.844s][info][gc,stats    ] Concurrent Class Unloading         5705 us
[61.844s][info][gc,stats    ]   Unlink Stale                     5119 us
[61.844s][info][gc,stats    ]     System Dictionary                 9 us
[61.844s][info][gc,stats    ]     Weak Class Links                  0 us
[61.844s][info][gc,stats    ]     Code Roots                     5106 us
[61.844s][info][gc,stats    ]   Rendezvous                        265 us
[61.844s][info][gc,stats    ]   Purge Unlinked                    262 us
[61.844s][info][gc,stats    ]     Code Roots                      254 us
[61.844s][info][gc,stats    ]     CLDG                              7 us
[61.844s][info][gc,stats    ]     Exception Caches                  0 us
[61.844s][info][gc,stats    ] Concurrent Strong Roots              98 us, parallelism: 0.43x
[61.844s][info][gc,stats    ]   CSR: <total>                       42 us
[61.844s][info][gc,stats    ]   CSR: VM Strong Roots                4 us, workers (us):   4, ---, ---, 
[61.844s][info][gc,stats    ]   CSR: CLDG Roots                    38 us, workers (us):  38, ---, ---, 
[61.844s][info][gc,stats    ] Concurrent Evacuation               916 us
[61.844s][info][gc,stats    ] Pause Init Update Refs (G)         1037 us
[61.844s][info][gc,stats    ] Pause Init Update Refs (N)           64 us
[61.844s][info][gc,stats    ]   Manage GCLABs                       3 us
[61.844s][info][gc,stats    ] Concurrent Update Refs            11062 us
[61.844s][info][gc,stats    ] Concurrent Update Thread Roots      656 us
[61.844s][info][gc,stats    ] Pause Final Update Refs (G)         277 us
[61.844s][info][gc,stats    ] Pause Final Update Refs (N)         134 us
[61.844s][info][gc,stats    ]   Update Region States               43 us
[61.844s][info][gc,stats    ]   Trash Collection Set                8 us
[61.844s][info][gc,stats    ]   Rebuild Free Set                   16 us
[61.844s][info][gc,stats    ] Concurrent Cleanup                   49 us
[61.844s][info][gc,stats    ] 
[61.844s][info][gc,stats    ] Allocation pacing accrued:
[61.844s][info][gc,stats    ]       0 of   433 ms (  0.0%): <total>
[61.844s][info][gc,stats    ]       0 of   433 ms (  0.0%): <average total>
[61.844s][info][gc,stats    ] 
[61.844s][info][gc,metaspace] Metaspace: 8798K(9472K)->8798K(9472K) NonClass: 7948K(8320K)->7948K(8320K) Class: 850K(1152K)->850K(1152K)
[61.844s][info][gc,ergo     ] Pacer for Idle. Initial: 41943K, Alloc Tax Rate: 1.0x
[62.539s][info][gc          ] Trigger: Explicit GC request (System.gc())
[62.539s][info][gc,ergo     ] Free: 477M, Max: 1024K regular, 315M humongous, Frag: 33% external, 0% internal; Reserve: 103M, Max: 1024K
[62.539s][info][gc,start    ] GC(140) Concurrent reset
[62.539s][info][gc,task     ] GC(140) Using 1 of 3 workers for concurrent reset
[62.539s][info][gc,ergo     ] GC(140) Pacer for Reset. Non-Taxable: 2048M
[62.540s][info][gc          ] GC(140) Concurrent reset 0.757ms
[62.540s][info][gc,start    ] GC(140) Pause Init Mark (unload classes)
[62.540s][info][gc,task     ] GC(140) Using 3 of 3 workers for init marking
[62.540s][info][gc,ref      ] GC(140) Clearing All SoftReferences
[62.540s][info][gc,ergo     ] GC(140) Pacer for Mark. Expected Live: 8389K, Free: 477M, Non-Taxable: 48896K, Alloc Tax Rate: 0.0x
[62.540s][info][gc          ] GC(140) Pause Init Mark (unload classes) 0.211ms
[62.540s][info][gc,start    ] GC(140) Concurrent marking roots
[62.540s][info][gc,task     ] GC(140) Using 1 of 3 workers for concurrent marking roots
[62.540s][info][gc          ] GC(140) Concurrent marking roots 0.370ms
[62.540s][info][gc,start    ] GC(140) Concurrent marking (unload classes)
[62.540s][info][gc,task     ] GC(140) Using 1 of 3 workers for concurrent marking
[62.544s][info][gc          ] GC(140) Concurrent marking (unload classes) 3.927ms
[62.545s][info][gc,start    ] GC(140) Pause Final Mark (unload classes)
[62.545s][info][gc,task     ] GC(140) Using 3 of 3 workers for final marking
[62.545s][info][gc,ergo     ] GC(140) Collectable Garbage: 1450M (99%), Immediate: 1450M (99%), CSet: 0B (0%)
[62.545s][info][gc          ] GC(140) Pause Final Mark (unload classes) 0.324ms
[62.545s][info][gc,start    ] GC(140) Concurrent weak references
[62.545s][info][gc,task     ] GC(140) Using 1 of 3 workers for concurrent weak references
[62.545s][info][gc,ref      ] GC(140) Encountered references: Soft: 137, Weak: 556, Final: 3, Phantom: 26
[62.545s][info][gc,ref      ] GC(140) Discovered  references: Soft: 91, Weak: 149, Final: 1, Phantom: 24
[62.545s][info][gc,ref      ] GC(140) Enqueued    references: Soft: 0, Weak: 0, Final: 0, Phantom: 0
[62.545s][info][gc          ] GC(140) Concurrent weak references 0.170ms
[62.545s][info][gc,start    ] GC(140) Concurrent weak roots
[62.545s][info][gc,task     ] GC(140) Using 1 of 3 workers for concurrent weak root
[62.546s][info][gc          ] GC(140) Concurrent weak roots 1.177ms
[62.546s][info][gc,start    ] GC(140) Concurrent cleanup
[62.546s][info][gc          ] GC(140) Concurrent cleanup 1462M->11M(2048M) 0.092ms
[62.546s][info][gc,ergo     ] GC(140) Free: 1931M, Max: 1024K regular, 1376M humongous, Frag: 29% external, 0% internal; Reserve: 103M, Max: 1024K
[62.546s][info][gc,start    ] GC(140) Concurrent class unloading
[62.546s][info][gc,task     ] GC(140) Using 1 of 3 workers for concurrent class unloading
[62.552s][info][gc          ] GC(140) Concurrent class unloading 5.182ms
[62.552s][info][gc,start    ] GC(140) Pause Final Roots
[62.552s][info][gc          ] GC(140) Pause Final Roots 0.055ms
[62.552s][info][gc,ergo     ] Free: 1931M, Max: 1024K regular, 1376M humongous, Frag: 29% external, 0% internal; Reserve: 103M, Max: 1024K
[62.552s][info][gc,stats    ] 
[62.552s][info][gc,stats    ] All times are wall-clock times, except per-root-class counters, that are sum over
[62.552s][info][gc,stats    ] all workers. Dividing the <total> over the root stage time estimates parallelism.
[62.552s][info][gc,stats    ] 
[62.552s][info][gc,stats    ] Concurrent Reset                    813 us
[62.552s][info][gc,stats    ] Pause Init Mark (G)                 345 us
[62.552s][info][gc,stats    ] Pause Init Mark (N)                 233 us
[62.552s][info][gc,stats    ]   Update Region States               68 us
[62.552s][info][gc,stats    ] Concurrent Mark Roots               389 us, parallelism: 0.71x
[62.552s][info][gc,stats    ]   CMR: <total>                      276 us
[62.552s][info][gc,stats    ]   CMR: Thread Roots                 236 us, workers (us): 236, ---, ---, 
[62.552s][info][gc,stats    ]   CMR: VM Strong Roots                6 us, workers (us):   6, ---, ---, 
[62.552s][info][gc,stats    ]   CMR: CLDG Roots                    34 us, workers (us):  34, ---, ---, 
[62.552s][info][gc,stats    ] Concurrent Marking                 3983 us
[62.552s][info][gc,stats    ] Pause Final Mark (G)                443 us
[62.552s][info][gc,stats    ] Pause Final Mark (N)                333 us
[62.552s][info][gc,stats    ]   Finish Mark                        93 us
[62.552s][info][gc,stats    ]   Update Region States               94 us
[62.552s][info][gc,stats    ]   Choose Collection Set              47 us
[62.552s][info][gc,stats    ]   Rebuild Free Set                    7 us
[62.552s][info][gc,stats    ] Concurrent Weak References          186 us, parallelism: 0.04x
[62.552s][info][gc,stats    ]   CWRF: <total>                       8 us
[62.552s][info][gc,stats    ]   CWRF: Weak References               8 us, workers (us):   8, ---, ---, 
[62.552s][info][gc,stats    ] Concurrent Weak Roots              1216 us
[62.552s][info][gc,stats    ]   Roots                            1059 us, parallelism: 0.93x
[62.552s][info][gc,stats    ]     CWR: <total>                    982 us
[62.552s][info][gc,stats    ]     CWR: Code Cache Roots           908 us, workers (us): 908, ---, ---, 
[62.552s][info][gc,stats    ]     CWR: VM Weak Roots               70 us, workers (us):  70, ---, ---, 
[62.552s][info][gc,stats    ]     CWR: CLDG Roots                   5 us, workers (us):   5, ---, ---, 
[62.552s][info][gc,stats    ]   Rendezvous                         84 us
[62.552s][info][gc,stats    ] Concurrent Cleanup                  102 us
[62.552s][info][gc,stats    ] Concurrent Class Unloading         5254 us
[62.552s][info][gc,stats    ]   Unlink Stale                     4788 us
[62.552s][info][gc,stats    ]     System Dictionary                 7 us
[62.552s][info][gc,stats    ]     Weak Class Links                  0 us
[62.552s][info][gc,stats    ]     Code Roots                     4779 us
[62.552s][info][gc,stats    ]   Rendezvous                        128 us
[62.552s][info][gc,stats    ]   Purge Unlinked                    244 us
[62.553s][info][gc,stats    ]     Code Roots                      229 us
[62.553s][info][gc,stats    ]     CLDG                             14 us
[62.553s][info][gc,stats    ]     Exception Caches                  1 us
[62.553s][info][gc,stats    ] Pause Final Roots (G)               192 us
[62.553s][info][gc,stats    ] Pause Final Roots (N)                78 us
[62.553s][info][gc,stats    ] 
[62.553s][info][gc,stats    ] Allocation pacing accrued:
[62.553s][info][gc,stats    ]       0 of   708 ms (  0.0%): <total>
[62.553s][info][gc,stats    ]       0 of   708 ms (  0.0%): <average total>
[62.553s][info][gc,stats    ] 
[62.553s][info][gc,metaspace] Metaspace: 8799K(9472K)->8799K(9472K) NonClass: 7949K(8320K)->7949K(8320K) Class: 850K(1152K)->850K(1152K)
[62.553s][info][gc,ergo     ] Pacer for Idle. Initial: 41943K, Alloc Tax Rate: 1.0x
[62.891s][info][gc          ] Trigger: Learning 2 of 5. Free (1431M) is below initial threshold (1433M)
[62.891s][info][gc,ergo     ] Free: 1431M, Max: 1024K regular, 883M humongous, Frag: 38% external, 0% internal; Reserve: 103M, Max: 1024K
[62.891s][info][gc,start    ] GC(141) Concurrent reset
[62.891s][info][gc,task     ] GC(141) Using 1 of 3 workers for concurrent reset
[62.891s][info][gc,ergo     ] GC(141) Pacer for Reset. Non-Taxable: 2048M
[62.891s][info][gc          ] GC(141) Concurrent reset 0.402ms
[62.891s][info][gc,start    ] GC(141) Pause Init Mark (unload classes)
[62.891s][info][gc,task     ] GC(141) Using 3 of 3 workers for init marking
[62.891s][info][gc,ergo     ] GC(141) Pacer for Mark. Expected Live: 8289K, Free: 1431M, Non-Taxable: 143M, Alloc Tax Rate: 0.0x
[62.891s][info][gc          ] GC(141) Pause Init Mark (unload classes) 0.181ms
[62.892s][info][gc,start    ] GC(141) Concurrent marking roots
[62.892s][info][gc,task     ] GC(141) Using 1 of 3 workers for concurrent marking roots
[62.892s][info][gc          ] GC(141) Concurrent marking roots 0.516ms
[62.892s][info][gc,start    ] GC(141) Concurrent marking (unload classes)
[62.892s][info][gc,task     ] GC(141) Using 1 of 3 workers for concurrent marking
[62.896s][info][gc          ] GC(141) Concurrent marking (unload classes) 4.022ms
[62.896s][info][gc,start    ] GC(141) Pause Final Mark (unload classes)
[62.896s][info][gc,task     ] GC(141) Using 3 of 3 workers for final marking
[62.897s][info][gc,ergo     ] GC(141) Adaptive CSet Selection. Target Free: 290M, Actual Free: 1969M, Max CSet: 87381K, Min Garbage: 0B
[62.897s][info][gc,ergo     ] GC(141) Collectable Garbage: 499M (99%), Immediate: 443M (88%), CSet: 57887K (11%)
[62.897s][info][gc,ergo     ] GC(141) Pacer for Evacuation. Used CSet: 58626K, Free: 1875M, Non-Taxable: 187M, Alloc Tax Rate: 1.1x
[62.897s][info][gc          ] GC(141) Pause Final Mark (unload classes) 0.467ms
[62.897s][info][gc,start    ] GC(141) Concurrent thread roots
[62.897s][info][gc,task     ] GC(141) Using 1 of 3 workers for Concurrent thread roots
[62.897s][info][gc          ] GC(141) Concurrent thread roots 0.562ms
[62.897s][info][gc,start    ] GC(141) Concurrent weak references
[62.897s][info][gc,task     ] GC(141) Using 1 of 3 workers for concurrent weak references
[62.897s][info][gc,ref      ] GC(141) Encountered references: Soft: 137, Weak: 684, Final: 3, Phantom: 114
[62.897s][info][gc,ref      ] GC(141) Discovered  references: Soft: 0, Weak: 220, Final: 1, Phantom: 98
[62.897s][info][gc,ref      ] GC(141) Enqueued    references: Soft: 0, Weak: 84, Final: 0, Phantom: 0
[62.897s][info][gc          ] GC(141) Concurrent weak references 0.165ms
[62.898s][info][gc,start    ] GC(141) Concurrent weak roots
[62.898s][info][gc,task     ] GC(141) Using 1 of 3 workers for concurrent weak root
[62.899s][info][gc          ] GC(141) Concurrent weak roots 1.146ms
[62.899s][info][gc,start    ] GC(141) Concurrent cleanup
[62.899s][info][gc          ] GC(141) Concurrent cleanup 510M->67M(2048M) 0.046ms
[62.899s][info][gc,ergo     ] GC(141) Free: 1875M, Max: 1024K regular, 1424M humongous, Frag: 24% external, 0% internal; Reserve: 102M, Max: 1024K
[62.899s][info][gc,start    ] GC(141) Concurrent class unloading
[62.899s][info][gc,task     ] GC(141) Using 1 of 3 workers for concurrent class unloading
[62.904s][info][gc          ] GC(141) Concurrent class unloading 4.844ms
[62.904s][info][gc,start    ] GC(141) Concurrent strong roots
[62.904s][info][gc,task     ] GC(141) Using 1 of 3 workers for concurrent strong root
[62.904s][info][gc          ] GC(141) Concurrent strong roots 0.146ms
[62.904s][info][gc,start    ] GC(141) Concurrent evacuation
[62.904s][info][gc,task     ] GC(141) Using 1 of 3 workers for concurrent evacuation
[62.904s][info][gc          ] GC(141) Concurrent evacuation 0.487ms
[62.904s][info][gc,start    ] GC(141) Pause Init Update Refs
[62.905s][info][gc,ergo     ] GC(141) Pacer for Update Refs. Used: 69579K, Free: 1875M, Non-Taxable: 187M, Alloc Tax Rate: 1.1x
[62.905s][info][gc          ] GC(141) Pause Init Update Refs 0.085ms
[62.905s][info][gc,start    ] GC(141) Concurrent update references
[62.905s][info][gc,task     ] GC(141) Using 1 of 3 workers for concurrent reference update
[62.906s][info][gc          ] GC(141) Concurrent update references 1.778ms
[62.906s][info][gc,start    ] GC(141) Concurrent update thread roots
[62.907s][info][gc          ] GC(141) Concurrent update thread roots 0.431ms
[62.907s][info][gc,start    ] GC(141) Pause Final Update Refs
[62.907s][info][gc,task     ] GC(141) Using 3 of 3 workers for final reference update
[62.907s][info][gc          ] GC(141) Pause Final Update Refs 0.101ms
[62.917s][info][gc,start    ] GC(141) Concurrent cleanup
[62.917s][info][gc          ] GC(141) Concurrent cleanup 109M->58M(2048M) 0.087ms
[62.917s][info][gc,ergo     ] Free: 1884M, Max: 1024K regular, 1877M humongous, Frag: 0% external, 0% internal; Reserve: 103M, Max: 1024K
[62.917s][info][gc,stats    ] 
[62.917s][info][gc,stats    ] All times are wall-clock times, except per-root-class counters, that are sum over
[62.917s][info][gc,stats    ] all workers. Dividing the <total> over the root stage time estimates parallelism.
[62.917s][info][gc,stats    ] 
[62.917s][info][gc,stats    ] Concurrent Reset                    492 us
[62.917s][info][gc,stats    ] Pause Init Mark (G)                 318 us
[62.917s][info][gc,stats    ] Pause Init Mark (N)                 199 us
[62.917s][info][gc,stats    ]   Update Region States               70 us
[62.917s][info][gc,stats    ] Concurrent Mark Roots               535 us, parallelism: 0.80x
[62.917s][info][gc,stats    ]   CMR: <total>                      429 us
[62.917s][info][gc,stats    ]   CMR: Thread Roots                 393 us, workers (us): 393, ---, ---, 
[62.917s][info][gc,stats    ]   CMR: VM Strong Roots                4 us, workers (us):   4, ---, ---, 
[62.917s][info][gc,stats    ]   CMR: CLDG Roots                    33 us, workers (us):  33, ---, ---, 
[62.917s][info][gc,stats    ] Concurrent Marking                 4088 us
[62.917s][info][gc,stats    ] Pause Final Mark (G)                608 us
[62.917s][info][gc,stats    ] Pause Final Mark (N)                488 us
[62.917s][info][gc,stats    ]   Finish Mark                       147 us
[62.917s][info][gc,stats    ]   Update Region States               72 us
[62.917s][info][gc,stats    ]   Choose Collection Set             118 us
[62.917s][info][gc,stats    ]   Rebuild Free Set                   22 us
[62.917s][info][gc,stats    ] Concurrent Thread Roots             582 us, parallelism: 0.77x
[62.917s][info][gc,stats    ]   CTR: <total>                      449 us
[62.917s][info][gc,stats    ]   CTR: Thread Roots                 449 us, workers (us): 449, ---, ---, 
[62.917s][info][gc,stats    ] Concurrent Weak References          173 us, parallelism: 0.24x
[62.917s][info][gc,stats    ]   CWRF: <total>                      42 us
[62.917s][info][gc,stats    ]   CWRF: Weak References              42 us, workers (us):  42, ---, ---, 
[62.917s][info][gc,stats    ] Concurrent Weak Roots              1186 us
[62.917s][info][gc,stats    ]   Roots                            1066 us, parallelism: 0.93x
[62.917s][info][gc,stats    ]     CWR: <total>                    991 us
[62.917s][info][gc,stats    ]     CWR: Code Cache Roots           895 us, workers (us): 895, ---, ---, 
[62.917s][info][gc,stats    ]     CWR: VM Weak Roots               90 us, workers (us):  90, ---, ---, 
[62.917s][info][gc,stats    ]     CWR: CLDG Roots                   6 us, workers (us):   6, ---, ---, 
[62.917s][info][gc,stats    ]   Rendezvous                         61 us
[62.917s][info][gc,stats    ] Concurrent Cleanup                   54 us
[62.917s][info][gc,stats    ] Concurrent Class Unloading         4912 us
[62.917s][info][gc,stats    ]   Unlink Stale                     4378 us
[62.918s][info][gc,stats    ]     System Dictionary                 8 us
[62.918s][info][gc,stats    ]     Weak Class Links                  0 us
[62.918s][info][gc,stats    ]     Code Roots                     4368 us
[62.918s][info][gc,stats    ]   Rendezvous                        130 us
[62.918s][info][gc,stats    ]   Purge Unlinked                    313 us
[62.918s][info][gc,stats    ]     Code Roots                      299 us
[62.918s][info][gc,stats    ]     CLDG                             13 us
[62.918s][info][gc,stats    ]     Exception Caches                  0 us
[62.918s][info][gc,stats    ] Concurrent Strong Roots             185 us, parallelism: 0.20x
[62.918s][info][gc,stats    ]   CSR: <total>                       37 us
[62.918s][info][gc,stats    ]   CSR: VM Strong Roots                4 us, workers (us):   4, ---, ---, 
[62.918s][info][gc,stats    ]   CSR: CLDG Roots                    32 us, workers (us):  32, ---, ---, 
[62.918s][info][gc,stats    ] Concurrent Evacuation               516 us
[62.918s][info][gc,stats    ] Pause Init Update Refs (G)          219 us
[62.918s][info][gc,stats    ] Pause Init Update Refs (N)          106 us
[62.918s][info][gc,stats    ]   Manage GCLABs                       4 us
[62.918s][info][gc,stats    ] Concurrent Update Refs             1831 us
[62.918s][info][gc,stats    ] Concurrent Update Thread Roots      454 us
[62.918s][info][gc,stats    ] Pause Final Update Refs (G)       10165 us
[62.918s][info][gc,stats    ] Pause Final Update Refs (N)         129 us
[62.918s][info][gc,stats    ]   Update Region States               63 us
[62.918s][info][gc,stats    ]   Trash Collection Set                4 us
[62.918s][info][gc,stats    ]   Rebuild Free Set                   10 us
[62.918s][info][gc,stats    ] Concurrent Cleanup                  101 us
[62.918s][info][gc,stats    ] Pacing                          1261135 us
[62.918s][info][gc,stats    ] 
[62.918s][info][gc,stats    ] Allocation pacing accrued:
[62.918s][info][gc,stats    ]     211 of   365 ms ( 57.7%): Query0
[62.918s][info][gc,stats    ]     208 of   365 ms ( 56.9%): Query1
[62.918s][info][gc,stats    ]     211 of   365 ms ( 57.7%): Query2
[62.918s][info][gc,stats    ]     209 of   365 ms ( 57.3%): Query3
[62.918s][info][gc,stats    ]     210 of   365 ms ( 57.6%): Query4
[62.918s][info][gc,stats    ]     212 of   365 ms ( 58.2%): Query5
[62.918s][info][gc,stats    ]    1261 of   365 ms (345.4%): <total>
[62.918s][info][gc,stats    ]      70 of   365 ms ( 19.2%): <average total>
[62.918s][info][gc,stats    ]     210 of   365 ms ( 57.6%): <average non-zero>
[62.918s][info][gc,stats    ] 
[62.918s][info][gc,metaspace] Metaspace: 8805K(9472K)->8805K(9472K) NonClass: 7955K(8320K)->7955K(8320K) Class: 850K(1152K)->850K(1152K)
[62.918s][info][gc,ergo     ] Pacer for Idle. Initial: 41943K, Alloc Tax Rate: 1.0x
[63.048s][info][gc          ] Trigger: Learning 3 of 5. Free (1418M) is below initial threshold (1433M)
[63.048s][info][gc,ergo     ] Free: 1418M, Max: 1024K regular, 1411M humongous, Frag: 0% external, 0% internal; Reserve: 103M, Max: 1024K
[63.048s][info][gc,start    ] GC(142) Concurrent reset
[63.048s][info][gc,task     ] GC(142) Using 1 of 3 workers for concurrent reset
[63.048s][info][gc,ergo     ] GC(142) Pacer for Reset. Non-Taxable: 2048M
[63.049s][info][gc          ] GC(142) Concurrent reset 0.421ms
[63.049s][info][gc,start    ] GC(142) Pause Init Mark (unload classes)
[63.049s][info][gc,task     ] GC(142) Using 3 of 3 workers for init marking
[63.049s][info][gc,ergo     ] GC(142) Pacer for Mark. Expected Live: 8286K, Free: 1417M, Non-Taxable: 141M, Alloc Tax Rate: 0.0x
[63.049s][info][gc          ] GC(142) Pause Init Mark (unload classes) 0.125ms
[63.049s][info][gc,start    ] GC(142) Concurrent marking roots
[63.049s][info][gc,task     ] GC(142) Using 1 of 3 workers for concurrent marking roots
[63.049s][info][gc          ] GC(142) Concurrent marking roots 0.416ms
[63.049s][info][gc,start    ] GC(142) Concurrent marking (unload classes)
[63.049s][info][gc,task     ] GC(142) Using 1 of 3 workers for concurrent marking
[63.057s][info][gc          ] GC(142) Concurrent marking (unload classes) 7.827ms
[63.057s][info][gc,start    ] GC(142) Pause Final Mark (unload classes)
[63.057s][info][gc,task     ] GC(142) Using 3 of 3 workers for final marking
[63.058s][info][gc,ergo     ] GC(142) Adaptive CSet Selection. Target Free: 290M, Actual Free: 1937M, Max CSet: 87381K, Min Garbage: 0B
[63.058s][info][gc,ergo     ] GC(142) Collectable Garbage: 515M (99%), Immediate: 457M (88%), CSet: 59550K (11%)
[63.058s][info][gc,ergo     ] GC(142) Pacer for Evacuation. Used CSet: 60416K, Free: 1841M, Non-Taxable: 184M, Alloc Tax Rate: 1.1x
[63.058s][info][gc          ] GC(142) Pause Final Mark (unload classes) 0.212ms
[63.058s][info][gc,start    ] GC(142) Concurrent thread roots
[63.058s][info][gc,task     ] GC(142) Using 1 of 3 workers for Concurrent thread roots
[63.058s][info][gc          ] GC(142) Concurrent thread roots 0.413ms
[63.058s][info][gc,start    ] GC(142) Concurrent weak references
[63.058s][info][gc,task     ] GC(142) Using 1 of 3 workers for concurrent weak references
[63.058s][info][gc,ref      ] GC(142) Encountered references: Soft: 137, Weak: 698, Final: 3, Phantom: 124
[63.058s][info][gc,ref      ] GC(142) Discovered  references: Soft: 0, Weak: 230, Final: 1, Phantom: 108
[63.058s][info][gc,ref      ] GC(142) Enqueued    references: Soft: 0, Weak: 88, Final: 0, Phantom: 0
[63.058s][info][gc          ] GC(142) Concurrent weak references 0.122ms
[63.058s][info][gc,start    ] GC(142) Concurrent weak roots
[63.058s][info][gc,task     ] GC(142) Using 1 of 3 workers for concurrent weak root
[63.060s][info][gc          ] GC(142) Concurrent weak roots 1.583ms
[63.060s][info][gc,start    ] GC(142) Concurrent cleanup
[63.060s][info][gc          ] GC(142) Concurrent cleanup 568M->111M(2048M) 0.057ms
[63.060s][info][gc,ergo     ] GC(142) Free: 1832M, Max: 1024K regular, 1368M humongous, Frag: 26% external, 0% internal; Reserve: 102M, Max: 1024K
[63.060s][info][gc,start    ] GC(142) Concurrent class unloading
[63.060s][info][gc,task     ] GC(142) Using 1 of 3 workers for concurrent class unloading
[63.066s][info][gc          ] GC(142) Concurrent class unloading 5.581ms
[63.066s][info][gc,start    ] GC(142) Concurrent strong roots
[63.066s][info][gc,task     ] GC(142) Using 1 of 3 workers for concurrent strong root
[63.066s][info][gc          ] GC(142) Concurrent strong roots 0.085ms
[63.066s][info][gc,start    ] GC(142) Concurrent evacuation
[63.066s][info][gc,task     ] GC(142) Using 1 of 3 workers for concurrent evacuation
[63.066s][info][gc          ] GC(142) Concurrent evacuation 0.456ms
[63.066s][info][gc,start    ] GC(142) Pause Init Update Refs
[63.066s][info][gc,ergo     ] GC(142) Pacer for Update Refs. Used: 124M, Free: 1819M, Non-Taxable: 181M, Alloc Tax Rate: 1.1x
[63.066s][info][gc          ] GC(142) Pause Init Update Refs 0.053ms
[63.072s][info][gc,start    ] GC(142) Concurrent update references
[63.073s][info][gc,task     ] GC(142) Using 1 of 3 workers for concurrent reference update
[63.082s][info][gc          ] GC(142) Concurrent update references 9.658ms
[63.082s][info][gc,start    ] GC(142) Concurrent update thread roots
[63.083s][info][gc          ] GC(142) Concurrent update thread roots 0.459ms
[63.083s][info][gc,start    ] GC(142) Pause Final Update Refs
[63.083s][info][gc,task     ] GC(142) Using 3 of 3 workers for final reference update
[63.083s][info][gc          ] GC(142) Pause Final Update Refs 0.108ms
[63.083s][info][gc,start    ] GC(142) Concurrent cleanup
[63.083s][info][gc          ] GC(142) Concurrent cleanup 172M->114M(2048M) 0.052ms
[63.083s][info][gc,ergo     ] Free: 1828M, Max: 1024K regular, 1367M humongous, Frag: 25% external, 0% internal; Reserve: 103M, Max: 1024K
[63.083s][info][gc,stats    ] 
[63.083s][info][gc,stats    ] All times are wall-clock times, except per-root-class counters, that are sum over
[63.083s][info][gc,stats    ] all workers. Dividing the <total> over the root stage time estimates parallelism.
[63.083s][info][gc,stats    ] 
[63.084s][info][gc,stats    ] Concurrent Reset                    465 us
[63.084s][info][gc,stats    ] Pause Init Mark (G)                 323 us
[63.084s][info][gc,stats    ] Pause Init Mark (N)                 135 us
[63.084s][info][gc,stats    ]   Update Region States               46 us
[63.084s][info][gc,stats    ] Concurrent Mark Roots               431 us, parallelism: 0.81x
[63.084s][info][gc,stats    ]   CMR: <total>                      348 us
[63.084s][info][gc,stats    ]   CMR: Thread Roots                 298 us, workers (us): 298, ---, ---, 
[63.084s][info][gc,stats    ]   CMR: VM Strong Roots                5 us, workers (us):   5, ---, ---, 
[63.084s][info][gc,stats    ]   CMR: CLDG Roots                    46 us, workers (us):  46, ---, ---, 
[63.084s][info][gc,stats    ] Concurrent Marking                 7874 us
[63.084s][info][gc,stats    ] Pause Final Mark (G)                334 us
[63.084s][info][gc,stats    ] Pause Final Mark (N)                222 us
[63.084s][info][gc,stats    ]   Finish Mark                        51 us
[63.084s][info][gc,stats    ]   Update Region States               37 us
[63.084s][info][gc,stats    ]   Choose Collection Set              58 us
[63.084s][info][gc,stats    ]   Rebuild Free Set                    8 us
[63.084s][info][gc,stats    ] Concurrent Thread Roots             430 us, parallelism: 0.83x
[63.084s][info][gc,stats    ]   CTR: <total>                      356 us
[63.084s][info][gc,stats    ]   CTR: Thread Roots                 356 us, workers (us): 356, ---, ---, 
[63.084s][info][gc,stats    ] Concurrent Weak References          130 us, parallelism: 0.40x
[63.084s][info][gc,stats    ]   CWRF: <total>                      52 us
[63.084s][info][gc,stats    ]   CWRF: Weak References              52 us, workers (us):  52, ---, ---, 
[63.084s][info][gc,stats    ] Concurrent Weak Roots              1619 us
[63.084s][info][gc,stats    ]   Roots                            1390 us, parallelism: 0.98x
[63.084s][info][gc,stats    ]     CWR: <total>                   1358 us
[63.084s][info][gc,stats    ]     CWR: Code Cache Roots          1247 us, workers (us): 1247, ---, ---, 
[63.084s][info][gc,stats    ]     CWR: VM Weak Roots              102 us, workers (us): 102, ---, ---, 
[63.084s][info][gc,stats    ]     CWR: CLDG Roots                   9 us, workers (us):   9, ---, ---, 
[63.084s][info][gc,stats    ]   Rendezvous                        173 us
[63.084s][info][gc,stats    ] Concurrent Cleanup                   69 us
[63.084s][info][gc,stats    ] Concurrent Class Unloading         5617 us
[63.084s][info][gc,stats    ]   Unlink Stale                     5091 us
[63.084s][info][gc,stats    ]     System Dictionary                 9 us
[63.084s][info][gc,stats    ]     Weak Class Links                  0 us
[63.084s][info][gc,stats    ]     Code Roots                     5080 us
[63.084s][info][gc,stats    ]   Rendezvous                        196 us
[63.084s][info][gc,stats    ]   Purge Unlinked                    272 us
[63.084s][info][gc,stats    ]     Code Roots                      265 us
[63.084s][info][gc,stats    ]     CLDG                              6 us
[63.084s][info][gc,stats    ]     Exception Caches                  0 us
[63.084s][info][gc,stats    ] Concurrent Strong Roots              96 us, parallelism: 0.47x
[63.084s][info][gc,stats    ]   CSR: <total>                       45 us
[63.084s][info][gc,stats    ]   CSR: VM Strong Roots                3 us, workers (us):   3, ---, ---, 
[63.084s][info][gc,stats    ]   CSR: CLDG Roots                    42 us, workers (us):  42, ---, ---, 
[63.084s][info][gc,stats    ] Concurrent Evacuation               476 us
[63.084s][info][gc,stats    ] Pause Init Update Refs (G)         6356 us
[63.084s][info][gc,stats    ] Pause Init Update Refs (N)           62 us
[63.084s][info][gc,stats    ]   Manage GCLABs                       3 us
[63.084s][info][gc,stats    ] Concurrent Update Refs             9718 us
[63.084s][info][gc,stats    ] Concurrent Update Thread Roots      488 us
[63.084s][info][gc,stats    ] Pause Final Update Refs (G)         676 us
[63.084s][info][gc,stats    ] Pause Final Update Refs (N)         119 us
[63.084s][info][gc,stats    ]   Update Region States               45 us
[63.084s][info][gc,stats    ]   Trash Collection Set                4 us
[63.084s][info][gc,stats    ]   Rebuild Free Set                   12 us
[63.084s][info][gc,stats    ] Concurrent Cleanup                   66 us
[63.084s][info][gc,stats    ] 
[63.084s][info][gc,stats    ] Allocation pacing accrued:
[63.084s][info][gc,stats    ]       0 of   166 ms (  0.0%): <total>
[63.084s][info][gc,stats    ]       0 of   166 ms (  0.0%): <average total>
[63.084s][info][gc,stats    ] 
[63.084s][info][gc,metaspace] Metaspace: 8805K(9472K)->8805K(9472K) NonClass: 7955K(8320K)->7955K(8320K) Class: 850K(1152K)->850K(1152K)
[63.084s][info][gc,ergo     ] Pacer for Idle. Initial: 41943K, Alloc Tax Rate: 1.0x
[63.191s][info][gc          ] Trigger: Learning 4 of 5. Free (1433M) is below initial threshold (1433M)
[63.191s][info][gc,ergo     ] Free: 1433M, Max: 1024K regular, 1367M humongous, Frag: 5% external, 1% internal; Reserve: 103M, Max: 1024K
[63.191s][info][gc,start    ] GC(143) Concurrent reset
[63.191s][info][gc,task     ] GC(143) Using 1 of 3 workers for concurrent reset
[63.191s][info][gc,ergo     ] GC(143) Pacer for Reset. Non-Taxable: 2048M
[63.191s][info][gc          ] GC(143) Concurrent reset 0.453ms
[63.192s][info][gc,start    ] GC(143) Pause Init Mark (unload classes)
[63.192s][info][gc,task     ] GC(143) Using 3 of 3 workers for init marking
[63.192s][info][gc,ergo     ] GC(143) Pacer for Mark. Expected Live: 8303K, Free: 1430M, Non-Taxable: 143M, Alloc Tax Rate: 0.0x
[63.192s][info][gc          ] GC(143) Pause Init Mark (unload classes) 0.123ms
[63.193s][info][gc,start    ] GC(143) Concurrent marking roots
[63.193s][info][gc,task     ] GC(143) Using 1 of 3 workers for concurrent marking roots
[63.194s][info][gc          ] GC(143) Concurrent marking roots 0.473ms
[63.194s][info][gc,start    ] GC(143) Concurrent marking (unload classes)
[63.194s][info][gc,task     ] GC(143) Using 1 of 3 workers for concurrent marking
[63.210s][info][gc          ] GC(143) Concurrent marking (unload classes) 15.779ms
[63.210s][info][gc,start    ] GC(143) Pause Final Mark (unload classes)
[63.210s][info][gc,task     ] GC(143) Using 3 of 3 workers for final marking
[63.210s][info][gc,ergo     ] GC(143) Adaptive CSet Selection. Target Free: 290M, Actual Free: 1898M, Max CSet: 87381K, Min Garbage: 0B
[63.210s][info][gc,ergo     ] GC(143) Collectable Garbage: 502M (99%), Immediate: 438M (87%), CSet: 64606K (12%)
[63.210s][info][gc,ergo     ] GC(143) Pacer for Evacuation. Used CSet: 65535K, Free: 1804M, Non-Taxable: 180M, Alloc Tax Rate: 1.1x
[63.210s][info][gc          ] GC(143) Pause Final Mark (unload classes) 0.239ms
[63.210s][info][gc,start    ] GC(143) Concurrent thread roots
[63.210s][info][gc,task     ] GC(143) Using 1 of 3 workers for Concurrent thread roots
[63.210s][info][gc          ] GC(143) Concurrent thread roots 0.351ms
[63.210s][info][gc,start    ] GC(143) Concurrent weak references
[63.210s][info][gc,task     ] GC(143) Using 1 of 3 workers for concurrent weak references
[63.211s][info][gc,ref      ] GC(143) Encountered references: Soft: 137, Weak: 688, Final: 3, Phantom: 113
[63.211s][info][gc,ref      ] GC(143) Discovered  references: Soft: 0, Weak: 220, Final: 1, Phantom: 86
[63.211s][info][gc,ref      ] GC(143) Enqueued    references: Soft: 0, Weak: 80, Final: 0, Phantom: 0
[63.211s][info][gc          ] GC(143) Concurrent weak references 0.101ms
[63.211s][info][gc,start    ] GC(143) Concurrent weak roots
[63.211s][info][gc,task     ] GC(143) Using 1 of 3 workers for concurrent weak root
[63.212s][info][gc          ] GC(143) Concurrent weak roots 1.434ms
[63.212s][info][gc,start    ] GC(143) Concurrent cleanup
[63.212s][info][gc          ] GC(143) Concurrent cleanup 584M->145M(2048M) 0.054ms
[63.212s][info][gc,ergo     ] GC(143) Free: 1797M, Max: 1024K regular, 1351M humongous, Frag: 25% external, 0% internal; Reserve: 102M, Max: 1024K
[63.212s][info][gc,start    ] GC(143) Concurrent class unloading
[63.212s][info][gc,task     ] GC(143) Using 1 of 3 workers for concurrent class unloading
[63.218s][info][gc          ] GC(143) Concurrent class unloading 6.021ms
[63.218s][info][gc,start    ] GC(143) Concurrent strong roots
[63.218s][info][gc,task     ] GC(143) Using 1 of 3 workers for concurrent strong root
[63.218s][info][gc          ] GC(143) Concurrent strong roots 0.078ms
[63.218s][info][gc,start    ] GC(143) Concurrent evacuation
[63.218s][info][gc,task     ] GC(143) Using 1 of 3 workers for concurrent evacuation
[63.219s][info][gc          ] GC(143) Concurrent evacuation 0.686ms
[63.219s][info][gc,start    ] GC(143) Pause Init Update Refs
[63.219s][info][gc,ergo     ] GC(143) Pacer for Update Refs. Used: 166M, Free: 1777M, Non-Taxable: 177M, Alloc Tax Rate: 1.1x
[63.219s][info][gc          ] GC(143) Pause Init Update Refs 0.050ms
[63.219s][info][gc,start    ] GC(143) Concurrent update references
[63.219s][info][gc,task     ] GC(143) Using 1 of 3 workers for concurrent reference update
[63.236s][info][gc          ] GC(143) Concurrent update references 16.980ms
[63.236s][info][gc,start    ] GC(143) Concurrent update thread roots
[63.237s][info][gc          ] GC(143) Concurrent update thread roots 0.513ms
[63.237s][info][gc,start    ] GC(143) Pause Final Update Refs
[63.237s][info][gc,task     ] GC(143) Using 3 of 3 workers for final reference update
[63.237s][info][gc          ] GC(143) Pause Final Update Refs 0.106ms
[63.238s][info][gc,start    ] GC(143) Concurrent cleanup
[63.238s][info][gc          ] GC(143) Concurrent cleanup 213M->153M(2048M) 0.056ms
[63.238s][info][gc,ergo     ] Free: 1789M, Max: 1024K regular, 1351M humongous, Frag: 25% external, 0% internal; Reserve: 103M, Max: 1024K
[63.238s][info][gc,stats    ] 
[63.238s][info][gc,stats    ] All times are wall-clock times, except per-root-class counters, that are sum over
[63.238s][info][gc,stats    ] all workers. Dividing the <total> over the root stage time estimates parallelism.
[63.238s][info][gc,stats    ] 
[63.238s][info][gc,stats    ] Concurrent Reset                    485 us
[63.238s][info][gc,stats    ] Pause Init Mark (G)                1829 us
[63.238s][info][gc,stats    ] Pause Init Mark (N)                 132 us
[63.238s][info][gc,stats    ]   Update Region States               48 us
[63.238s][info][gc,stats    ] Concurrent Mark Roots               491 us, parallelism: 0.79x
[63.238s][info][gc,stats    ]   CMR: <total>                      387 us
[63.238s][info][gc,stats    ]   CMR: Thread Roots                 340 us, workers (us): 340, ---, ---, 
[63.238s][info][gc,stats    ]   CMR: VM Strong Roots                6 us, workers (us):   6, ---, ---, 
[63.238s][info][gc,stats    ]   CMR: CLDG Roots                    40 us, workers (us):  40, ---, ---, 
[63.238s][info][gc,stats    ] Concurrent Marking                15827 us
[63.238s][info][gc,stats    ] Pause Final Mark (G)                426 us
[63.238s][info][gc,stats    ] Pause Final Mark (N)                248 us
[63.238s][info][gc,stats    ]   Finish Mark                        60 us
[63.238s][info][gc,stats    ]   Update Region States               44 us
[63.238s][info][gc,stats    ]   Choose Collection Set              65 us
[63.238s][info][gc,stats    ]   Rebuild Free Set                    8 us
[63.238s][info][gc,stats    ] Concurrent Thread Roots             367 us, parallelism: 0.79x
[63.238s][info][gc,stats    ]   CTR: <total>                      290 us
[63.238s][info][gc,stats    ]   CTR: Thread Roots                 290 us, workers (us): 290, ---, ---, 
[63.238s][info][gc,stats    ] Concurrent Weak References          109 us, parallelism: 0.38x
[63.238s][info][gc,stats    ]   CWRF: <total>                      41 us
[63.238s][info][gc,stats    ]   CWRF: Weak References              41 us, workers (us):  41, ---, ---, 
[63.238s][info][gc,stats    ] Concurrent Weak Roots              1473 us
[63.238s][info][gc,stats    ]   Roots                            1349 us, parallelism: 0.98x
[63.238s][info][gc,stats    ]     CWR: <total>                   1315 us
[63.238s][info][gc,stats    ]     CWR: Code Cache Roots          1207 us, workers (us): 1207, ---, ---, 
[63.238s][info][gc,stats    ]     CWR: VM Weak Roots               98 us, workers (us):  98, ---, ---, 
[63.238s][info][gc,stats    ]     CWR: CLDG Roots                  10 us, workers (us):  10, ---, ---, 
[63.238s][info][gc,stats    ]   Rendezvous                         66 us
[63.238s][info][gc,stats    ] Concurrent Cleanup                   64 us
[63.238s][info][gc,stats    ] Concurrent Class Unloading         6060 us
[63.238s][info][gc,stats    ]   Unlink Stale                     4896 us
[63.238s][info][gc,stats    ]     System Dictionary                13 us
[63.238s][info][gc,stats    ]     Weak Class Links                  0 us
[63.238s][info][gc,stats    ]     Code Roots                     4881 us
[63.238s][info][gc,stats    ]   Rendezvous                        805 us
[63.238s][info][gc,stats    ]   Purge Unlinked                    299 us
[63.238s][info][gc,stats    ]     Code Roots                      293 us
[63.239s][info][gc,stats    ]     CLDG                              6 us
[63.239s][info][gc,stats    ]     Exception Caches                  0 us
[63.239s][info][gc,stats    ] Concurrent Strong Roots              87 us, parallelism: 0.43x
[63.239s][info][gc,stats    ]   CSR: <total>                       37 us
[63.239s][info][gc,stats    ]   CSR: VM Strong Roots                3 us, workers (us):   3, ---, ---, 
[63.239s][info][gc,stats    ]   CSR: CLDG Roots                    35 us, workers (us):  35, ---, ---, 
[63.239s][info][gc,stats    ] Concurrent Evacuation               735 us
[63.239s][info][gc,stats    ] Pause Init Update Refs (G)          211 us
[63.239s][info][gc,stats    ] Pause Init Update Refs (N)           59 us
[63.239s][info][gc,stats    ]   Manage GCLABs                       4 us
[63.239s][info][gc,stats    ] Concurrent Update Refs            17032 us
[63.239s][info][gc,stats    ] Concurrent Update Thread Roots      548 us
[63.239s][info][gc,stats    ] Pause Final Update Refs (G)        1310 us
[63.239s][info][gc,stats    ] Pause Final Update Refs (N)         116 us
[63.239s][info][gc,stats    ]   Update Region States               42 us
[63.239s][info][gc,stats    ]   Trash Collection Set                5 us
[63.239s][info][gc,stats    ]   Rebuild Free Set                   13 us
[63.239s][info][gc,stats    ] Concurrent Cleanup                   66 us
[63.239s][info][gc,stats    ] Pacing                             8313 us
[63.239s][info][gc,stats    ] 
[63.239s][info][gc,stats    ] Allocation pacing accrued:
[63.239s][info][gc,stats    ]       1 of   155 ms (  0.7%): Query0
[63.239s][info][gc,stats    ]       1 of   155 ms (  0.7%): Query1
[63.239s][info][gc,stats    ]       2 of   155 ms (  1.1%): Query2
[63.239s][info][gc,stats    ]       2 of   155 ms (  1.4%): Query3
[63.239s][info][gc,stats    ]       2 of   155 ms (  1.0%): Query4
[63.239s][info][gc,stats    ]       1 of   155 ms (  0.5%): Query5
[63.239s][info][gc,stats    ]       8 of   155 ms (  5.4%): <total>
[63.239s][info][gc,stats    ]       0 of   155 ms (  0.3%): <average total>
[63.239s][info][gc,stats    ]       1 of   155 ms (  0.9%): <average non-zero>
[63.239s][info][gc,stats    ] 
[63.239s][info][gc,metaspace] Metaspace: 8805K(9472K)->8805K(9472K) NonClass: 7955K(8320K)->7955K(8320K) Class: 850K(1152K)->850K(1152K)
[63.239s][info][gc,ergo     ] Pacer for Idle. Initial: 41943K, Alloc Tax Rate: 1.0x
[63.348s][info][gc          ] Trigger: Learning 5 of 5. Free (1387M) is below initial threshold (1433M)
[63.348s][info][gc,ergo     ] Free: 1387M, Max: 1024K regular, 1351M humongous, Frag: 3% external, 0% internal; Reserve: 103M, Max: 1024K
[63.348s][info][gc,start    ] GC(144) Concurrent reset
[63.348s][info][gc,task     ] GC(144) Using 1 of 3 workers for concurrent reset
[63.348s][info][gc,ergo     ] GC(144) Pacer for Reset. Non-Taxable: 2048M
[63.349s][info][gc          ] GC(144) Concurrent reset 0.404ms
[63.349s][info][gc,start    ] GC(144) Pause Init Mark (unload classes)
[63.349s][info][gc,task     ] GC(144) Using 3 of 3 workers for init marking
[63.349s][info][gc,ergo     ] GC(144) Pacer for Mark. Expected Live: 8324K, Free: 1385M, Non-Taxable: 138M, Alloc Tax Rate: 0.0x
[63.349s][info][gc          ] GC(144) Pause Init Mark (unload classes) 0.114ms
[63.349s][info][gc,start    ] GC(144) Concurrent marking roots
[63.349s][info][gc,task     ] GC(144) Using 1 of 3 workers for concurrent marking roots
[63.350s][info][gc          ] GC(144) Concurrent marking roots 0.400ms
[63.350s][info][gc,start    ] GC(144) Concurrent marking (unload classes)
[63.350s][info][gc,task     ] GC(144) Using 1 of 3 workers for concurrent marking
[63.356s][info][gc          ] GC(144) Concurrent marking (unload classes) 6.644ms
[63.357s][info][gc,start    ] GC(144) Pause Final Mark (unload classes)
[63.357s][info][gc,task     ] GC(144) Using 3 of 3 workers for final marking
[63.357s][info][gc,ergo     ] GC(144) Adaptive CSet Selection. Target Free: 290M, Actual Free: 1940M, Max CSet: 87381K, Min Garbage: 0B
[63.357s][info][gc,ergo     ] GC(144) Collectable Garbage: 547M (99%), Immediate: 486M (88%), CSet: 62771K (11%)
[63.357s][info][gc,ergo     ] GC(144) Pacer for Evacuation. Used CSet: 63488K, Free: 1845M, Non-Taxable: 184M, Alloc Tax Rate: 1.1x
[63.357s][info][gc          ] GC(144) Pause Final Mark (unload classes) 0.264ms
[63.357s][info][gc,start    ] GC(144) Concurrent thread roots
[63.357s][info][gc,task     ] GC(144) Using 1 of 3 workers for Concurrent thread roots
[63.357s][info][gc          ] GC(144) Concurrent thread roots 0.393ms
[63.357s][info][gc,start    ] GC(144) Concurrent weak references
[63.357s][info][gc,task     ] GC(144) Using 1 of 3 workers for concurrent weak references
[63.357s][info][gc,ref      ] GC(144) Encountered references: Soft: 137, Weak: 698, Final: 3, Phantom: 98
[63.357s][info][gc,ref      ] GC(144) Discovered  references: Soft: 0, Weak: 240, Final: 1, Phantom: 82
[63.357s][info][gc,ref      ] GC(144) Enqueued    references: Soft: 0, Weak: 102, Final: 0, Phantom: 0
[63.357s][info][gc          ] GC(144) Concurrent weak references 0.111ms
[63.357s][info][gc,start    ] GC(144) Concurrent weak roots
[63.357s][info][gc,task     ] GC(144) Using 1 of 3 workers for concurrent weak root
[63.361s][info][gc          ] GC(144) Concurrent weak roots 3.188ms
[63.361s][info][gc,start    ] GC(144) Concurrent cleanup
[63.361s][info][gc          ] GC(144) Concurrent cleanup 597M->112M(2048M) 0.056ms
[63.361s][info][gc,ergo     ] GC(144) Free: 1831M, Max: 1024K regular, 1338M humongous, Frag: 27% external, 0% internal; Reserve: 102M, Max: 1024K
[63.361s][info][gc,start    ] GC(144) Concurrent class unloading
[63.361s][info][gc,task     ] GC(144) Using 1 of 3 workers for concurrent class unloading
[63.367s][info][gc          ] GC(144) Concurrent class unloading 6.122ms
[63.367s][info][gc,start    ] GC(144) Concurrent strong roots
[63.367s][info][gc,task     ] GC(144) Using 1 of 3 workers for concurrent strong root
[63.367s][info][gc          ] GC(144) Concurrent strong roots 0.077ms
[63.367s][info][gc,start    ] GC(144) Concurrent evacuation
[63.367s][info][gc,task     ] GC(144) Using 1 of 3 workers for concurrent evacuation
[63.367s][info][gc          ] GC(144) Concurrent evacuation 0.518ms
[63.368s][info][gc,start    ] GC(144) Pause Init Update Refs
[63.368s][info][gc,ergo     ] GC(144) Pacer for Update Refs. Used: 131M, Free: 1812M, Non-Taxable: 181M, Alloc Tax Rate: 1.1x
[63.368s][info][gc          ] GC(144) Pause Init Update Refs 0.052ms
[63.368s][info][gc,start    ] GC(144) Concurrent update references
[63.368s][info][gc,task     ] GC(144) Using 1 of 3 workers for concurrent reference update
[63.376s][info][gc          ] GC(144) Concurrent update references 7.829ms
[63.376s][info][gc,start    ] GC(144) Concurrent update thread roots
[63.376s][info][gc          ] GC(144) Concurrent update thread roots 0.451ms
[63.376s][info][gc,start    ] GC(144) Pause Final Update Refs
[63.376s][info][gc,task     ] GC(144) Using 3 of 3 workers for final reference update
[63.376s][info][gc          ] GC(144) Pause Final Update Refs 0.113ms
[63.380s][info][gc,start    ] GC(144) Concurrent cleanup
[63.380s][info][gc          ] GC(144) Concurrent cleanup 162M->107M(2048M) 0.098ms
[63.380s][info][gc,ergo     ] Free: 1835M, Max: 1024K regular, 1338M humongous, Frag: 27% external, 0% internal; Reserve: 103M, Max: 1024K
[63.380s][info][gc,stats    ] 
[63.380s][info][gc,stats    ] All times are wall-clock times, except per-root-class counters, that are sum over
[63.380s][info][gc,stats    ] all workers. Dividing the <total> over the root stage time estimates parallelism.
[63.380s][info][gc,stats    ] 
[63.380s][info][gc,stats    ] Concurrent Reset                    463 us
[63.380s][info][gc,stats    ] Pause Init Mark (G)                 549 us
[63.381s][info][gc,stats    ] Pause Init Mark (N)                 125 us
[63.381s][info][gc,stats    ]   Update Region States               42 us
[63.381s][info][gc,stats    ] Concurrent Mark Roots               418 us, parallelism: 0.78x
[63.381s][info][gc,stats    ]   CMR: <total>                      326 us
[63.381s][info][gc,stats    ]   CMR: Thread Roots                 282 us, workers (us): 282, ---, ---, 
[63.381s][info][gc,stats    ]   CMR: VM Strong Roots                5 us, workers (us):   5, ---, ---, 
[63.381s][info][gc,stats    ]   CMR: CLDG Roots                    39 us, workers (us):  39, ---, ---, 
[63.381s][info][gc,stats    ] Concurrent Marking                 6682 us
[63.381s][info][gc,stats    ] Pause Final Mark (G)                424 us
[63.381s][info][gc,stats    ] Pause Final Mark (N)                274 us
[63.381s][info][gc,stats    ]   Finish Mark                        48 us
[63.381s][info][gc,stats    ]   Update Region States               37 us
[63.381s][info][gc,stats    ]   Choose Collection Set             114 us
[63.381s][info][gc,stats    ]   Rebuild Free Set                    8 us
[63.381s][info][gc,stats    ] Concurrent Thread Roots             414 us, parallelism: 0.83x
[63.381s][info][gc,stats    ]   CTR: <total>                      345 us
[63.381s][info][gc,stats    ]   CTR: Thread Roots                 345 us, workers (us): 345, ---, ---, 
[63.381s][info][gc,stats    ] Concurrent Weak References          118 us, parallelism: 0.41x
[63.381s][info][gc,stats    ]   CWRF: <total>                      49 us
[63.381s][info][gc,stats    ]   CWRF: Weak References              49 us, workers (us):  49, ---, ---, 
[63.381s][info][gc,stats    ] Concurrent Weak Roots              3229 us
[63.381s][info][gc,stats    ]   Roots                            1312 us, parallelism: 0.97x
[63.381s][info][gc,stats    ]     CWR: <total>                   1278 us
[63.381s][info][gc,stats    ]     CWR: Code Cache Roots          1170 us, workers (us): 1170, ---, ---, 
[63.381s][info][gc,stats    ]     CWR: VM Weak Roots              101 us, workers (us): 101, ---, ---, 
[63.381s][info][gc,stats    ]     CWR: CLDG Roots                   8 us, workers (us):   8, ---, ---, 
[63.381s][info][gc,stats    ]   Rendezvous                       1855 us
[63.381s][info][gc,stats    ] Concurrent Cleanup                   67 us
[63.381s][info][gc,stats    ] Concurrent Class Unloading         6164 us
[63.381s][info][gc,stats    ]   Unlink Stale                     5069 us
[63.381s][info][gc,stats    ]     System Dictionary                11 us
[63.381s][info][gc,stats    ]     Weak Class Links                  0 us
[63.381s][info][gc,stats    ]     Code Roots                     5055 us
[63.381s][info][gc,stats    ]   Rendezvous                        796 us
[63.381s][info][gc,stats    ]   Purge Unlinked                    236 us
[63.381s][info][gc,stats    ]     Code Roots                      230 us
[63.381s][info][gc,stats    ]     CLDG                              6 us
[63.381s][info][gc,stats    ]     Exception Caches                  0 us
[63.381s][info][gc,stats    ] Concurrent Strong Roots              87 us, parallelism: 0.43x
[63.381s][info][gc,stats    ]   CSR: <total>                       37 us
[63.381s][info][gc,stats    ]   CSR: VM Strong Roots                3 us, workers (us):   3, ---, ---, 
[63.381s][info][gc,stats    ]   CSR: CLDG Roots                    34 us, workers (us):  34, ---, ---, 
[63.381s][info][gc,stats    ] Concurrent Evacuation               551 us
[63.381s][info][gc,stats    ] Pause Init Update Refs (G)          366 us
[63.381s][info][gc,stats    ] Pause Init Update Refs (N)           62 us
[63.381s][info][gc,stats    ]   Manage GCLABs                       4 us
[63.381s][info][gc,stats    ] Concurrent Update Refs             7872 us
[63.381s][info][gc,stats    ] Concurrent Update Thread Roots      474 us
[63.381s][info][gc,stats    ] Pause Final Update Refs (G)        3969 us
[63.381s][info][gc,stats    ] Pause Final Update Refs (N)         134 us
[63.381s][info][gc,stats    ]   Update Region States               45 us
[63.381s][info][gc,stats    ]   Trash Collection Set                5 us
[63.381s][info][gc,stats    ]   Rebuild Free Set                   16 us
[63.381s][info][gc,stats    ] Concurrent Cleanup                  116 us
[63.381s][info][gc,stats    ] Pacing                            22381 us
[63.381s][info][gc,stats    ] 
[63.381s][info][gc,stats    ] Allocation pacing accrued:
[63.381s][info][gc,stats    ]       4 of   142 ms (  2.7%): Query0
[63.381s][info][gc,stats    ]       3 of   142 ms (  2.4%): Query1
[63.381s][info][gc,stats    ]       4 of   142 ms (  2.8%): Query2
[63.381s][info][gc,stats    ]       4 of   142 ms (  2.9%): Query3
[63.381s][info][gc,stats    ]       3 of   142 ms (  2.4%): Query4
[63.381s][info][gc,stats    ]       4 of   142 ms (  2.5%): Query5
[63.381s][info][gc,stats    ]      22 of   142 ms ( 15.7%): <total>
[63.381s][info][gc,stats    ]       1 of   142 ms (  0.9%): <average total>
[63.381s][info][gc,stats    ]       4 of   142 ms (  2.6%): <average non-zero>
[63.381s][info][gc,stats    ] 
[63.381s][info][gc,metaspace] Metaspace: 8805K(9472K)->8805K(9472K) NonClass: 7955K(8320K)->7955K(8320K) Class: 850K(1152K)->850K(1152K)
[63.381s][info][gc,ergo     ] Pacer for Idle. Initial: 41943K, Alloc Tax Rate: 1.0x
[63.813s][info][gc          ] Trigger: Average GC time (51.81 ms) is above the time for average allocation rate (3675 MB/s) to deplete free headroom (154M) (margin of error = 2.01)
[63.813s][info][gc,ergo     ] Free headroom: 257M (free) - 102M (spike) - 0B (penalties) = 154M
[63.813s][info][gc,ergo     ] Free: 257M, Max: 1024K regular, 249M humongous, Frag: 0% external, 1% internal; Reserve: 103M, Max: 1024K
[63.813s][info][gc,start    ] GC(145) Concurrent reset
[63.813s][info][gc,task     ] GC(145) Using 1 of 3 workers for concurrent reset
[63.813s][info][gc,ergo     ] GC(145) Pacer for Reset. Non-Taxable: 2048M
[63.814s][info][gc          ] GC(145) Concurrent reset 0.428ms
[63.814s][info][gc,start    ] GC(145) Pause Init Mark (unload classes)
[63.814s][info][gc,task     ] GC(145) Using 3 of 3 workers for init marking
[63.814s][info][gc,ergo     ] GC(145) Pacer for Mark. Expected Live: 8286K, Free: 253M, Non-Taxable: 25920K, Alloc Tax Rate: 0.0x
[63.814s][info][gc          ] GC(145) Pause Init Mark (unload classes) 0.121ms
[63.815s][info][gc,start    ] GC(145) Concurrent marking roots
[63.815s][info][gc,task     ] GC(145) Using 1 of 3 workers for concurrent marking roots
[63.816s][info][gc          ] GC(145) Concurrent marking roots 0.455ms
[63.816s][info][gc,start    ] GC(145) Concurrent marking (unload classes)
[63.816s][info][gc,task     ] GC(145) Using 1 of 3 workers for concurrent marking
[63.826s][info][gc          ] GC(145) Concurrent marking (unload classes) 10.586ms
[63.827s][info][gc,start    ] GC(145) Pause Final Mark (unload classes)
[63.827s][info][gc,task     ] GC(145) Using 3 of 3 workers for final marking
[63.827s][info][gc,ergo     ] GC(145) Adaptive CSet Selection. Target Free: 290M, Actual Free: 1816M, Max CSet: 87381K, Min Garbage: 0B
[63.827s][info][gc,ergo     ] GC(145) Collectable Garbage: 1679M (99%), Immediate: 1517M (90%), CSet: 162M (9%)
[63.827s][info][gc,ergo     ] GC(145) Pacer for Evacuation. Used CSet: 163M, Free: 1721M, Non-Taxable: 172M, Alloc Tax Rate: 1.1x
[63.827s][info][gc          ] GC(145) Pause Final Mark (unload classes) 0.292ms
[63.827s][info][gc,start    ] GC(145) Concurrent thread roots
[63.827s][info][gc,task     ] GC(145) Using 1 of 3 workers for Concurrent thread roots
[63.827s][info][gc          ] GC(145) Concurrent thread roots 0.388ms
[63.827s][info][gc,start    ] GC(145) Concurrent weak references
[63.827s][info][gc,task     ] GC(145) Using 1 of 3 workers for concurrent weak references
[63.827s][info][gc,ref      ] GC(145) Encountered references: Soft: 137, Weak: 898, Final: 3, Phantom: 116
[63.828s][info][gc,ref      ] GC(145) Discovered  references: Soft: 0, Weak: 429, Final: 1, Phantom: 94
[63.828s][info][gc,ref      ] GC(145) Enqueued    references: Soft: 0, Weak: 287, Final: 0, Phantom: 0
[63.828s][info][gc          ] GC(145) Concurrent weak references 0.173ms
[63.828s][info][gc,start    ] GC(145) Concurrent weak roots
[63.828s][info][gc,task     ] GC(145) Using 1 of 3 workers for concurrent weak root
[63.845s][info][gc          ] GC(145) Concurrent weak roots 17.253ms
[63.845s][info][gc,start    ] GC(145) Concurrent cleanup
[63.845s][info][gc          ] GC(145) Concurrent cleanup 1794M->277M(2048M) 0.111ms
[63.845s][info][gc,ergo     ] GC(145) Free: 1666M, Max: 1024K regular, 141M humongous, Frag: 92% external, 0% internal; Reserve: 102M, Max: 1024K
[63.845s][info][gc,start    ] GC(145) Concurrent class unloading
[63.845s][info][gc,task     ] GC(145) Using 1 of 3 workers for concurrent class unloading
[63.853s][info][gc          ] GC(145) Concurrent class unloading 7.916ms
[63.853s][info][gc,start    ] GC(145) Concurrent strong roots
[63.853s][info][gc,task     ] GC(145) Using 1 of 3 workers for concurrent strong root
[63.853s][info][gc          ] GC(145) Concurrent strong roots 0.094ms
[63.853s][info][gc,start    ] GC(145) Concurrent evacuation
[63.853s][info][gc,task     ] GC(145) Using 1 of 3 workers for concurrent evacuation
[63.854s][info][gc          ] GC(145) Concurrent evacuation 1.117ms
[63.854s][info][gc,start    ] GC(145) Pause Init Update Refs
[63.854s][info][gc,ergo     ] GC(145) Pacer for Update Refs. Used: 304M, Free: 1640M, Non-Taxable: 164M, Alloc Tax Rate: 1.1x
[63.854s][info][gc          ] GC(145) Pause Init Update Refs 0.036ms
[63.854s][info][gc,start    ] GC(145) Concurrent update references
[63.854s][info][gc,task     ] GC(145) Using 1 of 3 workers for concurrent reference update
[63.868s][info][gc          ] GC(145) Concurrent update references 13.411ms
[63.868s][info][gc,start    ] GC(145) Concurrent update thread roots
[63.868s][info][gc          ] GC(145) Concurrent update thread roots 0.555ms
[63.869s][info][gc,start    ] GC(145) Pause Final Update Refs
[63.869s][info][gc,task     ] GC(145) Using 3 of 3 workers for final reference update
[63.869s][info][gc          ] GC(145) Pause Final Update Refs 0.124ms
[63.872s][info][gc,start    ] GC(145) Concurrent cleanup
[63.872s][info][gc          ] GC(145) Concurrent cleanup 347M->191M(2048M) 0.071ms
[63.872s][info][gc,ergo     ] Free: 1751M, Max: 1024K regular, 1603M humongous, Frag: 9% external, 0% internal; Reserve: 103M, Max: 1024K
[63.872s][info][gc,stats    ] 
[63.872s][info][gc,stats    ] All times are wall-clock times, except per-root-class counters, that are sum over
[63.872s][info][gc,stats    ] all workers. Dividing the <total> over the root stage time estimates parallelism.
[63.872s][info][gc,stats    ] 
[63.872s][info][gc,stats    ] Concurrent Reset                    482 us
[63.872s][info][gc,stats    ] Pause Init Mark (G)                1608 us
[63.872s][info][gc,stats    ] Pause Init Mark (N)                 130 us
[63.872s][info][gc,stats    ]   Update Region States               43 us
[63.872s][info][gc,stats    ] Concurrent Mark Roots               471 us, parallelism: 0.78x
[63.872s][info][gc,stats    ]   CMR: <total>                      369 us
[63.872s][info][gc,stats    ]   CMR: Thread Roots                 322 us, workers (us): 322, ---, ---, 
[63.872s][info][gc,stats    ]   CMR: VM Strong Roots                6 us, workers (us):   6, ---, ---, 
[63.872s][info][gc,stats    ]   CMR: CLDG Roots                    41 us, workers (us):  41, ---, ---, 
[63.872s][info][gc,stats    ] Concurrent Marking                10640 us
[63.872s][info][gc,stats    ] Pause Final Mark (G)                444 us
[63.872s][info][gc,stats    ] Pause Final Mark (N)                301 us
[63.873s][info][gc,stats    ]   Finish Mark                        55 us
[63.873s][info][gc,stats    ]   Update Region States               67 us
[63.873s][info][gc,stats    ]   Choose Collection Set              99 us
[63.873s][info][gc,stats    ]   Rebuild Free Set                    9 us
[63.873s][info][gc,stats    ] Concurrent Thread Roots             405 us, parallelism: 0.82x
[63.873s][info][gc,stats    ]   CTR: <total>                      332 us
[63.873s][info][gc,stats    ]   CTR: Thread Roots                 332 us, workers (us): 332, ---, ---, 
[63.873s][info][gc,stats    ] Concurrent Weak References          181 us, parallelism: 0.60x
[63.873s][info][gc,stats    ]   CWRF: <total>                     109 us
[63.873s][info][gc,stats    ]   CWRF: Weak References             109 us, workers (us): 109, ---, ---, 
[63.873s][info][gc,stats    ] Concurrent Weak Roots             17307 us
[63.873s][info][gc,stats    ]   Roots                            1358 us, parallelism: 0.98x
[63.873s][info][gc,stats    ]     CWR: <total>                   1325 us
[63.873s][info][gc,stats    ]     CWR: Code Cache Roots          1214 us, workers (us): 1214, ---, ---, 
[63.873s][info][gc,stats    ]     CWR: VM Weak Roots              102 us, workers (us): 102, ---, ---, 
[63.873s][info][gc,stats    ]     CWR: CLDG Roots                   8 us, workers (us):   8, ---, ---, 
[63.873s][info][gc,stats    ]   Rendezvous                      15867 us
[63.873s][info][gc,stats    ] Concurrent Cleanup                  121 us
[63.873s][info][gc,stats    ] Concurrent Class Unloading         7963 us
[63.873s][info][gc,stats    ]   Unlink Stale                     5058 us
[63.873s][info][gc,stats    ]     System Dictionary                14 us
[63.873s][info][gc,stats    ]     Weak Class Links                  0 us
[63.873s][info][gc,stats    ]     Code Roots                     5041 us
[63.873s][info][gc,stats    ]   Rendezvous                       2503 us
[63.873s][info][gc,stats    ]   Purge Unlinked                    333 us
[63.873s][info][gc,stats    ]     Code Roots                      326 us
[63.873s][info][gc,stats    ]     CLDG                              7 us
[63.873s][info][gc,stats    ]     Exception Caches                  0 us
[63.873s][info][gc,stats    ] Concurrent Strong Roots             107 us, parallelism: 0.43x
[63.873s][info][gc,stats    ]   CSR: <total>                       46 us
[63.873s][info][gc,stats    ]   CSR: VM Strong Roots                5 us, workers (us):   5, ---, ---, 
[63.873s][info][gc,stats    ]   CSR: CLDG Roots                    41 us, workers (us):  41, ---, ---, 
[63.873s][info][gc,stats    ] Concurrent Evacuation              1159 us
[63.873s][info][gc,stats    ] Pause Init Update Refs (G)          177 us
[63.873s][info][gc,stats    ] Pause Init Update Refs (N)           44 us
[63.873s][info][gc,stats    ]   Manage GCLABs                       3 us
[63.873s][info][gc,stats    ] Concurrent Update Refs            13457 us
[63.873s][info][gc,stats    ] Concurrent Update Thread Roots      581 us
[63.873s][info][gc,stats    ] Pause Final Update Refs (G)        3805 us
[63.873s][info][gc,stats    ] Pause Final Update Refs (N)         144 us
[63.873s][info][gc,stats    ]   Update Region States               48 us
[63.873s][info][gc,stats    ]   Trash Collection Set               13 us
[63.873s][info][gc,stats    ]   Rebuild Free Set                   15 us
[63.873s][info][gc,stats    ] Concurrent Cleanup                   83 us
[63.873s][info][gc,stats    ] Pacing                            18092 us
[63.873s][info][gc,stats    ] 
[63.873s][info][gc,stats    ] Allocation pacing accrued:
[63.873s][info][gc,stats    ]       2 of   492 ms (  0.4%): Query0
[63.873s][info][gc,stats    ]       3 of   492 ms (  0.6%): Query1
[63.873s][info][gc,stats    ]       3 of   492 ms (  0.6%): Query2
[63.873s][info][gc,stats    ]       3 of   492 ms (  0.7%): Query3
[63.873s][info][gc,stats    ]       3 of   492 ms (  0.6%): Query4
[63.873s][info][gc,stats    ]       4 of   492 ms (  0.7%): Query5
[63.873s][info][gc,stats    ]      18 of   492 ms (  3.7%): <total>
[63.873s][info][gc,stats    ]       1 of   492 ms (  0.2%): <average total>
[63.873s][info][gc,stats    ]       3 of   492 ms (  0.6%): <average non-zero>
[63.873s][info][gc,stats    ] 
[63.873s][info][gc,metaspace] Metaspace: 8805K(9472K)->8805K(9472K) NonClass: 7955K(8320K)->7955K(8320K) Class: 850K(1152K)->850K(1152K)
[63.873s][info][gc,ergo     ] Pacer for Idle. Initial: 41943K, Alloc Tax Rate: 1.0x
[64.253s][info][gc          ] Trigger: Average GC time (73.79 ms) is above the time for average allocation rate (3700 MB/s) to deplete free headroom (243M) (margin of error = 2.02)
[64.253s][info][gc,ergo     ] Free headroom: 345M (free) - 102M (spike) - 0B (penalties) = 243M
[64.254s][info][gc,ergo     ] Free: 345M, Max: 1024K regular, 197M humongous, Frag: 42% external, 0% internal; Reserve: 103M, Max: 1024K
[64.254s][info][gc,start    ] GC(146) Concurrent reset
[64.254s][info][gc,task     ] GC(146) Using 1 of 3 workers for concurrent reset
[64.254s][info][gc,ergo     ] GC(146) Pacer for Reset. Non-Taxable: 2048M
[64.254s][info][gc          ] GC(146) Concurrent reset 0.932ms
[64.255s][info][gc,start    ] GC(146) Pause Init Mark (unload classes)
[64.255s][info][gc,task     ] GC(146) Using 3 of 3 workers for init marking
[64.255s][info][gc,ergo     ] GC(146) Pacer for Mark. Expected Live: 8412K, Free: 342M, Non-Taxable: 35080K, Alloc Tax Rate: 0.0x
[64.255s][info][gc          ] GC(146) Pause Init Mark (unload classes) 0.113ms
[64.255s][info][gc,start    ] GC(146) Concurrent marking roots
[64.255s][info][gc,task     ] GC(146) Using 1 of 3 workers for concurrent marking roots
[64.255s][info][gc          ] GC(146) Concurrent marking roots 0.421ms
[64.255s][info][gc,start    ] GC(146) Concurrent marking (unload classes)
[64.255s][info][gc,task     ] GC(146) Using 1 of 3 workers for concurrent marking
[64.261s][info][gc          ] GC(146) Concurrent marking (unload classes) 5.151ms
[64.261s][info][gc,start    ] GC(146) Pause Final Mark (unload classes)
[64.261s][info][gc,task     ] GC(146) Using 3 of 3 workers for final marking
[64.261s][info][gc,ergo     ] GC(146) Adaptive CSet Selection. Target Free: 290M, Actual Free: 1853M, Max CSet: 87381K, Min Garbage: 0B
[64.261s][info][gc,ergo     ] GC(146) Collectable Garbage: 1589M (99%), Immediate: 1437M (90%), CSet: 152M (9%)
[64.261s][info][gc,ergo     ] GC(146) Pacer for Evacuation. Used CSet: 153M, Free: 1758M, Non-Taxable: 175M, Alloc Tax Rate: 1.1x
[64.261s][info][gc          ] GC(146) Pause Final Mark (unload classes) 0.212ms
[64.261s][info][gc,start    ] GC(146) Concurrent thread roots
[64.261s][info][gc,task     ] GC(146) Using 1 of 3 workers for Concurrent thread roots
[64.261s][info][gc          ] GC(146) Concurrent thread roots 0.396ms
[64.261s][info][gc,start    ] GC(146) Concurrent weak references
[64.261s][info][gc,task     ] GC(146) Using 1 of 3 workers for concurrent weak references
[64.261s][info][gc,ref      ] GC(146) Encountered references: Soft: 137, Weak: 884, Final: 3, Phantom: 110
[64.261s][info][gc,ref      ] GC(146) Discovered  references: Soft: 0, Weak: 419, Final: 1, Phantom: 94
[64.261s][info][gc,ref      ] GC(146) Enqueued    references: Soft: 0, Weak: 280, Final: 0, Phantom: 0
[64.261s][info][gc          ] GC(146) Concurrent weak references 0.179ms
[64.261s][info][gc,start    ] GC(146) Concurrent weak roots
[64.262s][info][gc,task     ] GC(146) Using 1 of 3 workers for concurrent weak root
[64.267s][info][gc          ] GC(146) Concurrent weak roots 5.067ms
[64.267s][info][gc,start    ] GC(146) Concurrent cleanup
[64.267s][info][gc          ] GC(146) Concurrent cleanup 1641M->204M(2048M) 0.115ms
[64.267s][info][gc,ergo     ] GC(146) Free: 1739M, Max: 1024K regular, 172M humongous, Frag: 91% external, 0% internal; Reserve: 102M, Max: 1024K
[64.267s][info][gc,start    ] GC(146) Concurrent class unloading
[64.267s][info][gc,task     ] GC(146) Using 1 of 3 workers for concurrent class unloading
[64.272s][info][gc          ] GC(146) Concurrent class unloading 5.463ms
[64.272s][info][gc,start    ] GC(146) Concurrent strong roots
[64.272s][info][gc,task     ] GC(146) Using 1 of 3 workers for concurrent strong root
[64.272s][info][gc          ] GC(146) Concurrent strong roots 0.096ms
[64.272s][info][gc,start    ] GC(146) Concurrent evacuation
[64.272s][info][gc,task     ] GC(146) Using 1 of 3 workers for concurrent evacuation
[64.273s][info][gc          ] GC(146) Concurrent evacuation 0.914ms
[64.273s][info][gc,start    ] GC(146) Pause Init Update Refs
[64.273s][info][gc,ergo     ] GC(146) Pacer for Update Refs. Used: 222M, Free: 1721M, Non-Taxable: 172M, Alloc Tax Rate: 1.1x
[64.273s][info][gc          ] GC(146) Pause Init Update Refs 0.051ms
[64.274s][info][gc,start    ] GC(146) Concurrent update references
[64.274s][info][gc,task     ] GC(146) Using 1 of 3 workers for concurrent reference update
[64.280s][info][gc          ] GC(146) Concurrent update references 6.559ms
[64.280s][info][gc,start    ] GC(146) Concurrent update thread roots
[64.281s][info][gc          ] GC(146) Concurrent update thread roots 0.458ms
[64.281s][info][gc,start    ] GC(146) Pause Final Update Refs
[64.281s][info][gc,task     ] GC(146) Using 3 of 3 workers for final reference update
[64.281s][info][gc          ] GC(146) Pause Final Update Refs 0.108ms
[64.281s][info][gc,start    ] GC(146) Concurrent cleanup
[64.281s][info][gc          ] GC(146) Concurrent cleanup 243M->89M(2048M) 0.035ms
[64.281s][info][gc,ergo     ] Free: 1853M, Max: 1024K regular, 1440M humongous, Frag: 22% external, 0% internal; Reserve: 103M, Max: 1024K
[64.281s][info][gc,stats    ] 
[64.281s][info][gc,stats    ] All times are wall-clock times, except per-root-class counters, that are sum over
[64.281s][info][gc,stats    ] all workers. Dividing the <total> over the root stage time estimates parallelism.
[64.281s][info][gc,stats    ] 
[64.281s][info][gc,stats    ] Concurrent Reset                   1003 us
[64.281s][info][gc,stats    ] Pause Init Mark (G)                 398 us
[64.281s][info][gc,stats    ] Pause Init Mark (N)                 123 us
[64.281s][info][gc,stats    ]   Update Region States               42 us
[64.281s][info][gc,stats    ] Concurrent Mark Roots               436 us, parallelism: 0.80x
[64.281s][info][gc,stats    ]   CMR: <total>                      348 us
[64.281s][info][gc,stats    ]   CMR: Thread Roots                 300 us, workers (us): 300, ---, ---, 
[64.281s][info][gc,stats    ]   CMR: VM Strong Roots                6 us, workers (us):   6, ---, ---, 
[64.281s][info][gc,stats    ]   CMR: CLDG Roots                    42 us, workers (us):  42, ---, ---, 
[64.281s][info][gc,stats    ] Concurrent Marking                 5197 us
[64.281s][info][gc,stats    ] Pause Final Mark (G)                306 us
[64.281s][info][gc,stats    ] Pause Final Mark (N)                221 us
[64.281s][info][gc,stats    ]   Finish Mark                        48 us
[64.281s][info][gc,stats    ]   Update Region States               36 us
[64.281s][info][gc,stats    ]   Choose Collection Set              67 us
[64.281s][info][gc,stats    ]   Rebuild Free Set                    8 us
[64.281s][info][gc,stats    ] Concurrent Thread Roots             411 us, parallelism: 0.85x
[64.281s][info][gc,stats    ]   CTR: <total>                      349 us
[64.281s][info][gc,stats    ]   CTR: Thread Roots                 349 us, workers (us): 349, ---, ---, 
[64.281s][info][gc,stats    ] Concurrent Weak References          187 us, parallelism: 0.54x
[64.281s][info][gc,stats    ]   CWRF: <total>                     102 us
[64.281s][info][gc,stats    ]   CWRF: Weak References             102 us, workers (us): 102, ---, ---, 
[64.281s][info][gc,stats    ] Concurrent Weak Roots              5110 us
[64.281s][info][gc,stats    ]   Roots                            1337 us, parallelism: 0.97x
[64.281s][info][gc,stats    ]     CWR: <total>                   1300 us
[64.281s][info][gc,stats    ]     CWR: Code Cache Roots          1189 us, workers (us): 1189, ---, ---, 
[64.281s][info][gc,stats    ]     CWR: VM Weak Roots              104 us, workers (us): 104, ---, ---, 
[64.281s][info][gc,stats    ]     CWR: CLDG Roots                   7 us, workers (us):   7, ---, ---, 
[64.281s][info][gc,stats    ]   Rendezvous                       3709 us
[64.281s][info][gc,stats    ] Concurrent Cleanup                  125 us
[64.281s][info][gc,stats    ] Concurrent Class Unloading         5511 us
[64.281s][info][gc,stats    ]   Unlink Stale                     5123 us
[64.281s][info][gc,stats    ]     System Dictionary                10 us
[64.281s][info][gc,stats    ]     Weak Class Links                  0 us
[64.281s][info][gc,stats    ]     Code Roots                     5111 us
[64.281s][info][gc,stats    ]   Rendezvous                         73 us
[64.281s][info][gc,stats    ]   Purge Unlinked                    247 us
[64.281s][info][gc,stats    ]     Code Roots                      242 us
[64.281s][info][gc,stats    ]     CLDG                              4 us
[64.281s][info][gc,stats    ]     Exception Caches                  0 us
[64.281s][info][gc,stats    ] Concurrent Strong Roots             108 us, parallelism: 0.44x
[64.281s][info][gc,stats    ]   CSR: <total>                       48 us
[64.281s][info][gc,stats    ]   CSR: VM Strong Roots                4 us, workers (us):   4, ---, ---, 
[64.281s][info][gc,stats    ]   CSR: CLDG Roots                    43 us, workers (us):  43, ---, ---, 
[64.281s][info][gc,stats    ] Concurrent Evacuation               962 us
[64.281s][info][gc,stats    ] Pause Init Update Refs (G)          408 us
[64.281s][info][gc,stats    ] Pause Init Update Refs (N)           61 us
[64.281s][info][gc,stats    ]   Manage GCLABs                       4 us
[64.281s][info][gc,stats    ] Concurrent Update Refs             6604 us
[64.281s][info][gc,stats    ] Concurrent Update Thread Roots      483 us
[64.281s][info][gc,stats    ] Pause Final Update Refs (G)         194 us
[64.282s][info][gc,stats    ] Pause Final Update Refs (N)         125 us
[64.282s][info][gc,stats    ]   Update Region States               41 us
[64.282s][info][gc,stats    ]   Trash Collection Set                8 us
[64.282s][info][gc,stats    ]   Rebuild Free Set                   16 us
[64.282s][info][gc,stats    ] Concurrent Cleanup                   45 us
[64.282s][info][gc,stats    ] 
[64.282s][info][gc,stats    ] Allocation pacing accrued:
[64.282s][info][gc,stats    ]       0 of   409 ms (  0.0%): <total>
[64.282s][info][gc,stats    ]       0 of   409 ms (  0.0%): <average total>
[64.282s][info][gc,stats    ] 
[64.282s][info][gc,metaspace] Metaspace: 8805K(9472K)->8805K(9472K) NonClass: 7955K(8320K)->7955K(8320K) Class: 850K(1152K)->850K(1152K)
[64.282s][info][gc,ergo     ] Pacer for Idle. Initial: 41943K, Alloc Tax Rate: 1.0x
[64.696s][info][gc          ] Trigger: Average GC time (64.76 ms) is above the time for average allocation rate (3753 MB/s) to deplete free headroom (198M) (margin of error = 2.02)
[64.696s][info][gc,ergo     ] Free headroom: 301M (free) - 102M (spike) - 0B (penalties) = 198M
[64.696s][info][gc,ergo     ] Free: 301M, Max: 1024K regular, 293M humongous, Frag: 0% external, 1% internal; Reserve: 103M, Max: 1024K
[64.696s][info][gc,start    ] GC(147) Concurrent reset
[64.696s][info][gc,task     ] GC(147) Using 1 of 3 workers for concurrent reset
[64.696s][info][gc,ergo     ] GC(147) Pacer for Reset. Non-Taxable: 2048M
[64.697s][info][gc          ] GC(147) Concurrent reset 0.898ms
[64.697s][info][gc,start    ] GC(147) Pause Init Mark (unload classes)
[64.697s][info][gc,task     ] GC(147) Using 3 of 3 workers for init marking
[64.697s][info][gc,ergo     ] GC(147) Pacer for Mark. Expected Live: 8415K, Free: 299M, Non-Taxable: 30633K, Alloc Tax Rate: 0.0x
[64.697s][info][gc          ] GC(147) Pause Init Mark (unload classes) 0.117ms
[64.697s][info][gc,start    ] GC(147) Concurrent marking roots
[64.697s][info][gc,task     ] GC(147) Using 1 of 3 workers for concurrent marking roots
[64.697s][info][gc          ] GC(147) Concurrent marking roots 0.428ms
[64.697s][info][gc,start    ] GC(147) Concurrent marking (unload classes)
[64.697s][info][gc,task     ] GC(147) Using 1 of 3 workers for concurrent marking
[64.708s][info][gc          ] GC(147) Concurrent marking (unload classes) 10.670ms
[64.708s][info][gc,start    ] GC(147) Pause Final Mark (unload classes)
[64.708s][info][gc,task     ] GC(147) Using 3 of 3 workers for final marking
[64.708s][info][gc,ergo     ] GC(147) Adaptive CSet Selection. Target Free: 290M, Actual Free: 1832M, Max CSet: 87381K, Min Garbage: 0B
[64.708s][info][gc,ergo     ] GC(147) Collectable Garbage: 1633M (99%), Immediate: 1479M (90%), CSet: 154M (9%)
[64.708s][info][gc,ergo     ] GC(147) Pacer for Evacuation. Used CSet: 154M, Free: 1737M, Non-Taxable: 173M, Alloc Tax Rate: 1.1x
[64.708s][info][gc          ] GC(147) Pause Final Mark (unload classes) 0.258ms
[64.709s][info][gc,start    ] GC(147) Concurrent thread roots
[64.709s][info][gc,task     ] GC(147) Using 1 of 3 workers for Concurrent thread roots
[64.709s][info][gc          ] GC(147) Concurrent thread roots 0.430ms
[64.709s][info][gc,start    ] GC(147) Concurrent weak references
[64.709s][info][gc,task     ] GC(147) Using 1 of 3 workers for concurrent weak references
[64.709s][info][gc,ref      ] GC(147) Encountered references: Soft: 137, Weak: 885, Final: 3, Phantom: 100
[64.709s][info][gc,ref      ] GC(147) Discovered  references: Soft: 0, Weak: 429, Final: 1, Phantom: 80
[64.709s][info][gc,ref      ] GC(147) Enqueued    references: Soft: 0, Weak: 288, Final: 0, Phantom: 0
[64.709s][info][gc          ] GC(147) Concurrent weak references 0.157ms
[64.709s][info][gc,start    ] GC(147) Concurrent weak roots
[64.709s][info][gc,task     ] GC(147) Using 1 of 3 workers for concurrent weak root
[64.711s][info][gc          ] GC(147) Concurrent weak roots 1.499ms
[64.711s][info][gc,start    ] GC(147) Concurrent cleanup
[64.711s][info][gc          ] GC(147) Concurrent cleanup 1694M->216M(2048M) 0.094ms
[64.711s][info][gc,ergo     ] GC(147) Free: 1727M, Max: 1024K regular, 241M humongous, Frag: 86% external, 0% internal; Reserve: 102M, Max: 1024K
[64.711s][info][gc,start    ] GC(147) Concurrent class unloading
[64.711s][info][gc,task     ] GC(147) Using 1 of 3 workers for concurrent class unloading
[64.716s][info][gc          ] GC(147) Concurrent class unloading 5.568ms
[64.716s][info][gc,start    ] GC(147) Concurrent strong roots
[64.716s][info][gc,task     ] GC(147) Using 1 of 3 workers for concurrent strong root
[64.717s][info][gc          ] GC(147) Concurrent strong roots 0.094ms
[64.717s][info][gc,start    ] GC(147) Concurrent evacuation
[64.717s][info][gc,task     ] GC(147) Using 1 of 3 workers for concurrent evacuation
[64.717s][info][gc          ] GC(147) Concurrent evacuation 0.891ms
[64.718s][info][gc,start    ] GC(147) Pause Init Update Refs
[64.718s][info][gc,ergo     ] GC(147) Pacer for Update Refs. Used: 232M, Free: 1711M, Non-Taxable: 171M, Alloc Tax Rate: 1.1x
[64.718s][info][gc          ] GC(147) Pause Init Update Refs 0.044ms
[64.725s][info][gc,start    ] GC(147) Concurrent update references
[64.725s][info][gc,task     ] GC(147) Using 1 of 3 workers for concurrent reference update
[64.737s][info][gc          ] GC(147) Concurrent update references 11.610ms
[64.737s][info][gc,start    ] GC(147) Concurrent update thread roots
[64.738s][info][gc          ] GC(147) Concurrent update thread roots 0.643ms
[64.738s][info][gc,start    ] GC(147) Pause Final Update Refs
[64.738s][info][gc,task     ] GC(147) Using 3 of 3 workers for final reference update
[64.738s][info][gc          ] GC(147) Pause Final Update Refs 0.106ms
[64.738s][info][gc,start    ] GC(147) Concurrent cleanup
[64.738s][info][gc          ] GC(147) Concurrent cleanup 287M->132M(2048M) 0.037ms
[64.738s][info][gc,ergo     ] Free: 1810M, Max: 1024K regular, 1554M humongous, Frag: 14% external, 0% internal; Reserve: 103M, Max: 1024K
[64.738s][info][gc,stats    ] 
[64.738s][info][gc,stats    ] All times are wall-clock times, except per-root-class counters, that are sum over
[64.738s][info][gc,stats    ] all workers. Dividing the <total> over the root stage time estimates parallelism.
[64.738s][info][gc,stats    ] 
[64.738s][info][gc,stats    ] Concurrent Reset                    968 us
[64.738s][info][gc,stats    ] Pause Init Mark (G)                 371 us
[64.738s][info][gc,stats    ] Pause Init Mark (N)                 126 us
[64.738s][info][gc,stats    ]   Update Region States               46 us
[64.738s][info][gc,stats    ] Concurrent Mark Roots               445 us, parallelism: 0.77x
[64.738s][info][gc,stats    ]   CMR: <total>                      345 us
[64.738s][info][gc,stats    ]   CMR: Thread Roots                 295 us, workers (us): 295, ---, ---, 
[64.738s][info][gc,stats    ]   CMR: VM Strong Roots                6 us, workers (us):   6, ---, ---, 
[64.738s][info][gc,stats    ]   CMR: CLDG Roots                    44 us, workers (us):  44, ---, ---, 
[64.738s][info][gc,stats    ] Concurrent Marking                10706 us
[64.738s][info][gc,stats    ] Pause Final Mark (G)                389 us
[64.738s][info][gc,stats    ] Pause Final Mark (N)                268 us
[64.738s][info][gc,stats    ]   Finish Mark                        55 us
[64.738s][info][gc,stats    ]   Update Region States               48 us
[64.738s][info][gc,stats    ]   Choose Collection Set              86 us
[64.738s][info][gc,stats    ]   Rebuild Free Set                    8 us
[64.738s][info][gc,stats    ] Concurrent Thread Roots             447 us, parallelism: 0.86x
[64.738s][info][gc,stats    ]   CTR: <total>                      383 us
[64.738s][info][gc,stats    ]   CTR: Thread Roots                 383 us, workers (us): 383, ---, ---, 
[64.738s][info][gc,stats    ] Concurrent Weak References          165 us, parallelism: 0.61x
[64.738s][info][gc,stats    ]   CWRF: <total>                     100 us
[64.738s][info][gc,stats    ]   CWRF: Weak References             100 us, workers (us): 100, ---, ---, 
[64.738s][info][gc,stats    ] Concurrent Weak Roots              1540 us
[64.738s][info][gc,stats    ]   Roots                            1410 us, parallelism: 0.98x
[64.738s][info][gc,stats    ]     CWR: <total>                   1377 us
[64.738s][info][gc,stats    ]     CWR: Code Cache Roots          1263 us, workers (us): 1263, ---, ---, 
[64.738s][info][gc,stats    ]     CWR: VM Weak Roots              102 us, workers (us): 102, ---, ---, 
[64.738s][info][gc,stats    ]     CWR: CLDG Roots                  11 us, workers (us):  11, ---, ---, 
[64.738s][info][gc,stats    ]   Rendezvous                         70 us
[64.738s][info][gc,stats    ] Concurrent Cleanup                  104 us
[64.738s][info][gc,stats    ] Concurrent Class Unloading         5611 us
[64.738s][info][gc,stats    ]   Unlink Stale                     5117 us
[64.738s][info][gc,stats    ]     System Dictionary                10 us
[64.738s][info][gc,stats    ]     Weak Class Links                  0 us
[64.738s][info][gc,stats    ]     Code Roots                     5105 us
[64.738s][info][gc,stats    ]   Rendezvous                        165 us
[64.738s][info][gc,stats    ]   Purge Unlinked                    264 us
[64.738s][info][gc,stats    ]     Code Roots                      258 us
[64.738s][info][gc,stats    ]     CLDG                              5 us
[64.738s][info][gc,stats    ]     Exception Caches                  0 us
[64.738s][info][gc,stats    ] Concurrent Strong Roots             105 us, parallelism: 0.42x
[64.738s][info][gc,stats    ]   CSR: <total>                       44 us
[64.738s][info][gc,stats    ]   CSR: VM Strong Roots                4 us, workers (us):   4, ---, ---, 
[64.738s][info][gc,stats    ]   CSR: CLDG Roots                    40 us, workers (us):  40, ---, ---, 
[64.738s][info][gc,stats    ] Concurrent Evacuation               939 us
[64.738s][info][gc,stats    ] Pause Init Update Refs (G)         7973 us
[64.738s][info][gc,stats    ] Pause Init Update Refs (N)           52 us
[64.738s][info][gc,stats    ]   Manage GCLABs                       3 us
[64.738s][info][gc,stats    ] Concurrent Update Refs            11651 us
[64.738s][info][gc,stats    ] Concurrent Update Thread Roots      673 us
[64.738s][info][gc,stats    ] Pause Final Update Refs (G)         198 us
[64.738s][info][gc,stats    ] Pause Final Update Refs (N)         116 us
[64.738s][info][gc,stats    ]   Update Region States               43 us
[64.738s][info][gc,stats    ]   Trash Collection Set                8 us
[64.738s][info][gc,stats    ]   Rebuild Free Set                   15 us
[64.738s][info][gc,stats    ] Concurrent Cleanup                   47 us
[64.738s][info][gc,stats    ] 
[64.738s][info][gc,stats    ] Allocation pacing accrued:
[64.738s][info][gc,stats    ]       0 of   457 ms (  0.0%): <total>
[64.739s][info][gc,stats    ]       0 of   457 ms (  0.0%): <average total>
[64.739s][info][gc,stats    ] 
[64.739s][info][gc,metaspace] Metaspace: 8805K(9472K)->8805K(9472K) NonClass: 7955K(8320K)->7955K(8320K) Class: 850K(1152K)->850K(1152K)
[64.739s][info][gc,ergo     ] Pacer for Idle. Initial: 41943K, Alloc Tax Rate: 1.0x
[65.155s][info][gc          ] Trigger: Average GC time (59.94 ms) is above the time for average allocation rate (3677 MB/s) to deplete free headroom (166M) (margin of error = 2.03)
[65.155s][info][gc,ergo     ] Free headroom: 269M (free) - 102M (spike) - 0B (penalties) = 166M
[65.155s][info][gc,ergo     ] Free: 269M, Max: 1024K regular, 241M humongous, Frag: 8% external, 1% internal; Reserve: 103M, Max: 1024K
[65.155s][info][gc,start    ] GC(148) Concurrent reset
[65.155s][info][gc,task     ] GC(148) Using 1 of 3 workers for concurrent reset
[65.155s][info][gc,ergo     ] GC(148) Pacer for Reset. Non-Taxable: 2048M
[65.156s][info][gc          ] GC(148) Concurrent reset 0.921ms
[65.156s][info][gc,start    ] GC(148) Pause Init Mark (unload classes)
[65.156s][info][gc,task     ] GC(148) Using 3 of 3 workers for init marking
[65.156s][info][gc,ergo     ] GC(148) Pacer for Mark. Expected Live: 8381K, Free: 268M, Non-Taxable: 27460K, Alloc Tax Rate: 0.0x
[65.156s][info][gc          ] GC(148) Pause Init Mark (unload classes) 0.180ms
[65.157s][info][gc,start    ] GC(148) Concurrent marking roots
[65.157s][info][gc,task     ] GC(148) Using 1 of 3 workers for concurrent marking roots
[65.157s][info][gc          ] GC(148) Concurrent marking roots 0.365ms
[65.157s][info][gc,start    ] GC(148) Concurrent marking (unload classes)
[65.157s][info][gc,task     ] GC(148) Using 1 of 3 workers for concurrent marking
[65.163s][info][gc          ] GC(148) Concurrent marking (unload classes) 6.155ms
[65.163s][info][gc,start    ] GC(148) Pause Final Mark (unload classes)
[65.164s][info][gc,task     ] GC(148) Using 3 of 3 workers for final marking
[65.164s][info][gc,ergo     ] GC(148) Adaptive CSet Selection. Target Free: 290M, Actual Free: 1839M, Max CSet: 87381K, Min Garbage: 0B
[65.164s][info][gc,ergo     ] GC(148) Collectable Garbage: 1664M (99%), Immediate: 1505M (90%), CSet: 159M (9%)
[65.164s][info][gc,ergo     ] GC(148) Pacer for Evacuation. Used CSet: 159M, Free: 1744M, Non-Taxable: 174M, Alloc Tax Rate: 1.1x
[65.164s][info][gc          ] GC(148) Pause Final Mark (unload classes) 0.275ms
[65.164s][info][gc,start    ] GC(148) Concurrent thread roots
[65.164s][info][gc,task     ] GC(148) Using 1 of 3 workers for Concurrent thread roots
[65.164s][info][gc          ] GC(148) Concurrent thread roots 0.383ms
[65.164s][info][gc,start    ] GC(148) Concurrent weak references
[65.164s][info][gc,task     ] GC(148) Using 1 of 3 workers for concurrent weak references
[65.164s][info][gc,ref      ] GC(148) Encountered references: Soft: 137, Weak: 895, Final: 3, Phantom: 111
[65.164s][info][gc,ref      ] GC(148) Discovered  references: Soft: 0, Weak: 429, Final: 1, Phantom: 100
[65.164s][info][gc,ref      ] GC(148) Enqueued    references: Soft: 0, Weak: 291, Final: 0, Phantom: 0
[65.164s][info][gc          ] GC(148) Concurrent weak references 0.160ms
[65.164s][info][gc,start    ] GC(148) Concurrent weak roots
[65.164s][info][gc,task     ] GC(148) Using 1 of 3 workers for concurrent weak root
[65.166s][info][gc          ] GC(148) Concurrent weak roots 1.425ms
[65.166s][info][gc,start    ] GC(148) Concurrent cleanup
[65.166s][info][gc          ] GC(148) Concurrent cleanup 1712M->208M(2048M) 0.108ms
[65.166s][info][gc,ergo     ] GC(148) Free: 1735M, Max: 1024K regular, 223M humongous, Frag: 88% external, 0% internal; Reserve: 102M, Max: 1024K
[65.166s][info][gc,start    ] GC(148) Concurrent class unloading
[65.166s][info][gc,task     ] GC(148) Using 1 of 3 workers for concurrent class unloading
[65.187s][info][gc          ] GC(148) Concurrent class unloading 20.770ms
[65.187s][info][gc,start    ] GC(148) Concurrent strong roots
[65.187s][info][gc,task     ] GC(148) Using 1 of 3 workers for concurrent strong root
[65.187s][info][gc          ] GC(148) Concurrent strong roots 0.076ms
[65.187s][info][gc,start    ] GC(148) Concurrent evacuation
[65.187s][info][gc,task     ] GC(148) Using 1 of 3 workers for concurrent evacuation
[65.188s][info][gc          ] GC(148) Concurrent evacuation 0.954ms
[65.188s][info][gc,start    ] GC(148) Pause Init Update Refs
[65.188s][info][gc,ergo     ] GC(148) Pacer for Update Refs. Used: 265M, Free: 1679M, Non-Taxable: 167M, Alloc Tax Rate: 1.1x
[65.188s][info][gc          ] GC(148) Pause Init Update Refs 0.048ms
[65.194s][info][gc,start    ] GC(148) Concurrent update references
[65.194s][info][gc,task     ] GC(148) Using 1 of 3 workers for concurrent reference update
[65.202s][info][gc          ] GC(148) Concurrent update references 8.408ms
[65.202s][info][gc,start    ] GC(148) Concurrent update thread roots
[65.203s][info][gc          ] GC(148) Concurrent update thread roots 0.484ms
[65.203s][info][gc,start    ] GC(148) Pause Final Update Refs
[65.203s][info][gc,task     ] GC(148) Using 3 of 3 workers for final reference update
[65.203s][info][gc          ] GC(148) Pause Final Update Refs 0.096ms
[65.203s][info][gc,start    ] GC(148) Concurrent cleanup
[65.203s][info][gc          ] GC(148) Concurrent cleanup 309M->149M(2048M) 0.040ms
[65.203s][info][gc,ergo     ] Free: 1793M, Max: 1024K regular, 1505M humongous, Frag: 16% external, 0% internal; Reserve: 103M, Max: 1024K
[65.203s][info][gc,stats    ] 
[65.203s][info][gc,stats    ] All times are wall-clock times, except per-root-class counters, that are sum over
[65.203s][info][gc,stats    ] all workers. Dividing the <total> over the root stage time estimates parallelism.
[65.203s][info][gc,stats    ] 
[65.203s][info][gc,stats    ] Concurrent Reset                    994 us
[65.203s][info][gc,stats    ] Pause Init Mark (G)                1036 us
[65.203s][info][gc,stats    ] Pause Init Mark (N)                 191 us
[65.203s][info][gc,stats    ]   Update Region States               80 us
[65.203s][info][gc,stats    ] Concurrent Mark Roots               380 us, parallelism: 0.72x
[65.203s][info][gc,stats    ]   CMR: <total>                      274 us
[65.203s][info][gc,stats    ]   CMR: Thread Roots                 227 us, workers (us): 227, ---, ---, 
[65.203s][info][gc,stats    ]   CMR: VM Strong Roots                6 us, workers (us):   6, ---, ---, 
[65.203s][info][gc,stats    ]   CMR: CLDG Roots                    41 us, workers (us):  41, ---, ---, 
[65.203s][info][gc,stats    ] Concurrent Marking                 6197 us
[65.203s][info][gc,stats    ] Pause Final Mark (G)                387 us
[65.203s][info][gc,stats    ] Pause Final Mark (N)                283 us
[65.203s][info][gc,stats    ]   Finish Mark                        54 us
[65.203s][info][gc,stats    ]   Update Region States               57 us
[65.203s][info][gc,stats    ]   Choose Collection Set              91 us
[65.203s][info][gc,stats    ]   Rebuild Free Set                    9 us
[65.203s][info][gc,stats    ] Concurrent Thread Roots             401 us, parallelism: 0.82x
[65.203s][info][gc,stats    ]   CTR: <total>                      330 us
[65.203s][info][gc,stats    ]   CTR: Thread Roots                 330 us, workers (us): 330, ---, ---, 
[65.203s][info][gc,stats    ] Concurrent Weak References          168 us, parallelism: 0.54x
[65.203s][info][gc,stats    ]   CWRF: <total>                      90 us
[65.203s][info][gc,stats    ]   CWRF: Weak References              90 us, workers (us):  90, ---, ---, 
[65.203s][info][gc,stats    ] Concurrent Weak Roots              1486 us
[65.203s][info][gc,stats    ]   Roots                            1335 us, parallelism: 0.97x
[65.203s][info][gc,stats    ]     CWR: <total>                   1292 us
[65.203s][info][gc,stats    ]     CWR: Code Cache Roots          1180 us, workers (us): 1180, ---, ---, 
[65.203s][info][gc,stats    ]     CWR: VM Weak Roots              104 us, workers (us): 104, ---, ---, 
[65.203s][info][gc,stats    ]     CWR: CLDG Roots                   8 us, workers (us):   8, ---, ---, 
[65.203s][info][gc,stats    ]   Rendezvous                         70 us
[65.203s][info][gc,stats    ] Concurrent Cleanup                  118 us
[65.203s][info][gc,stats    ] Concurrent Class Unloading        20815 us
[65.203s][info][gc,stats    ]   Unlink Stale                     5236 us
[65.203s][info][gc,stats    ]     System Dictionary                 8 us
[65.203s][info][gc,stats    ]     Weak Class Links                  0 us
[65.203s][info][gc,stats    ]     Code Roots                     5227 us
[65.203s][info][gc,stats    ]   Rendezvous                      15154 us
[65.203s][info][gc,stats    ]   Purge Unlinked                    355 us
[65.203s][info][gc,stats    ]     Code Roots                      348 us
[65.203s][info][gc,stats    ]     CLDG                              6 us
[65.203s][info][gc,stats    ]     Exception Caches                  0 us
[65.203s][info][gc,stats    ] Concurrent Strong Roots              85 us, parallelism: 0.42x
[65.203s][info][gc,stats    ]   CSR: <total>                       36 us
[65.203s][info][gc,stats    ]   CSR: VM Strong Roots                4 us, workers (us):   4, ---, ---, 
[65.203s][info][gc,stats    ]   CSR: CLDG Roots                    32 us, workers (us):  32, ---, ---, 
[65.203s][info][gc,stats    ] Concurrent Evacuation               999 us
[65.203s][info][gc,stats    ] Pause Init Update Refs (G)         5633 us
[65.203s][info][gc,stats    ] Pause Init Update Refs (N)           57 us
[65.203s][info][gc,stats    ]   Manage GCLABs                       3 us
[65.203s][info][gc,stats    ] Concurrent Update Refs             8447 us
[65.203s][info][gc,stats    ] Concurrent Update Thread Roots      523 us
[65.203s][info][gc,stats    ] Pause Final Update Refs (G)         424 us
[65.203s][info][gc,stats    ] Pause Final Update Refs (N)         125 us
[65.203s][info][gc,stats    ]   Update Region States               45 us
[65.203s][info][gc,stats    ]   Trash Collection Set                9 us
[65.203s][info][gc,stats    ]   Rebuild Free Set                   17 us
[65.203s][info][gc,stats    ] Concurrent Cleanup                   49 us
[65.203s][info][gc,stats    ] 
[65.203s][info][gc,stats    ] Allocation pacing accrued:
[65.203s][info][gc,stats    ]       0 of   465 ms (  0.0%): <total>
[65.203s][info][gc,stats    ]       0 of   465 ms (  0.0%): <average total>
[65.203s][info][gc,stats    ] 
[65.204s][info][gc,metaspace] Metaspace: 8805K(9472K)->8805K(9472K) NonClass: 7955K(8320K)->7955K(8320K) Class: 850K(1152K)->850K(1152K)
[65.204s][info][gc,ergo     ] Pacer for Idle. Initial: 41943K, Alloc Tax Rate: 1.0x
[65.613s][info][gc          ] Trigger: Average GC time (60.60 ms) is above the time for average allocation rate (3712 MB/s) to deplete free headroom (165M) (margin of error = 2.04)
[65.613s][info][gc,ergo     ] Free headroom: 267M (free) - 102M (spike) - 0B (penalties) = 165M
[65.613s][info][gc,ergo     ] Free: 267M, Max: 1024K regular, 222M humongous, Frag: 15% external, 1% internal; Reserve: 103M, Max: 1024K
[65.613s][info][gc,start    ] GC(149) Concurrent reset
[65.613s][info][gc,task     ] GC(149) Using 1 of 3 workers for concurrent reset
[65.613s][info][gc,ergo     ] GC(149) Pacer for Reset. Non-Taxable: 2048M
[65.614s][info][gc          ] GC(149) Concurrent reset 1.053ms
[65.614s][info][gc,start    ] GC(149) Pause Init Mark (unload classes)
[65.614s][info][gc,task     ] GC(149) Using 3 of 3 workers for init marking
[65.614s][info][gc,ergo     ] GC(149) Pacer for Mark. Expected Live: 8373K, Free: 264M, Non-Taxable: 27118K, Alloc Tax Rate: 0.0x
[65.614s][info][gc          ] GC(149) Pause Init Mark (unload classes) 0.136ms
[65.614s][info][gc,start    ] GC(149) Concurrent marking roots
[65.614s][info][gc,task     ] GC(149) Using 1 of 3 workers for concurrent marking roots
[65.615s][info][gc          ] GC(149) Concurrent marking roots 0.438ms
[65.615s][info][gc,start    ] GC(149) Concurrent marking (unload classes)
[65.615s][info][gc,task     ] GC(149) Using 1 of 3 workers for concurrent marking
[65.620s][info][gc          ] GC(149) Concurrent marking (unload classes) 5.519ms
[65.620s][info][gc,start    ] GC(149) Pause Final Mark (unload classes)
[65.620s][info][gc,task     ] GC(149) Using 3 of 3 workers for final marking
[65.620s][info][gc,ergo     ] GC(149) Adaptive CSet Selection. Target Free: 290M, Actual Free: 1848M, Max CSet: 87381K, Min Garbage: 0B
[65.620s][info][gc,ergo     ] GC(149) Collectable Garbage: 1667M (99%), Immediate: 1510M (90%), CSet: 157M (9%)
[65.620s][info][gc,ergo     ] GC(149) Pacer for Evacuation. Used CSet: 158M, Free: 1753M, Non-Taxable: 175M, Alloc Tax Rate: 1.1x
[65.621s][info][gc          ] GC(149) Pause Final Mark (unload classes) 0.221ms
[65.621s][info][gc,start    ] GC(149) Concurrent thread roots
[65.621s][info][gc,task     ] GC(149) Using 1 of 3 workers for Concurrent thread roots
[65.621s][info][gc          ] GC(149) Concurrent thread roots 0.372ms
[65.621s][info][gc,start    ] GC(149) Concurrent weak references
[65.621s][info][gc,task     ] GC(149) Using 1 of 3 workers for concurrent weak references
[65.621s][info][gc,ref      ] GC(149) Encountered references: Soft: 137, Weak: 884, Final: 3, Phantom: 103
[65.621s][info][gc,ref      ] GC(149) Discovered  references: Soft: 0, Weak: 427, Final: 1, Phantom: 82
[65.621s][info][gc,ref      ] GC(149) Enqueued    references: Soft: 0, Weak: 287, Final: 0, Phantom: 0
[65.621s][info][gc          ] GC(149) Concurrent weak references 0.169ms
[65.621s][info][gc,start    ] GC(149) Concurrent weak roots
[65.621s][info][gc,task     ] GC(149) Using 1 of 3 workers for concurrent weak root
[65.623s][info][gc          ] GC(149) Concurrent weak roots 1.597ms
[65.623s][info][gc,start    ] GC(149) Concurrent cleanup
[65.623s][info][gc          ] GC(149) Concurrent cleanup 1707M->197M(2048M) 0.101ms
[65.623s][info][gc,ergo     ] GC(149) Free: 1745M, Max: 1024K regular, 225M humongous, Frag: 88% external, 0% internal; Reserve: 102M, Max: 1024K
[65.623s][info][gc,start    ] GC(149) Concurrent class unloading
[65.623s][info][gc,task     ] GC(149) Using 1 of 3 workers for concurrent class unloading
[65.629s][info][gc          ] GC(149) Concurrent class unloading 5.768ms
[65.629s][info][gc,start    ] GC(149) Concurrent strong roots
[65.629s][info][gc,task     ] GC(149) Using 1 of 3 workers for concurrent strong root
[65.629s][info][gc          ] GC(149) Concurrent strong roots 0.076ms
[65.629s][info][gc,start    ] GC(149) Concurrent evacuation
[65.629s][info][gc,task     ] GC(149) Using 1 of 3 workers for concurrent evacuation
[65.630s][info][gc          ] GC(149) Concurrent evacuation 0.950ms
[65.630s][info][gc,start    ] GC(149) Pause Init Update Refs
[65.630s][info][gc,ergo     ] GC(149) Pacer for Update Refs. Used: 218M, Free: 1725M, Non-Taxable: 172M, Alloc Tax Rate: 1.1x
[65.630s][info][gc          ] GC(149) Pause Init Update Refs 0.056ms
[65.632s][info][gc,start    ] GC(149) Concurrent update references
[65.632s][info][gc,task     ] GC(149) Using 1 of 3 workers for concurrent reference update
[65.639s][info][gc          ] GC(149) Concurrent update references 6.292ms
[65.639s][info][gc,start    ] GC(149) Concurrent update thread roots
[65.639s][info][gc          ] GC(149) Concurrent update thread roots 0.849ms
[65.640s][info][gc,start    ] GC(149) Pause Final Update Refs
[65.640s][info][gc,task     ] GC(149) Using 3 of 3 workers for final reference update
[65.640s][info][gc          ] GC(149) Pause Final Update Refs 0.130ms
[65.641s][info][gc,start    ] GC(149) Concurrent cleanup
[65.642s][info][gc          ] GC(149) Concurrent cleanup 244M->93M(2048M) 0.060ms
[65.642s][info][gc,ergo     ] Free: 1849M, Max: 1024K regular, 1595M humongous, Frag: 14% external, 0% internal; Reserve: 103M, Max: 1024K
[65.642s][info][gc,stats    ] 
[65.642s][info][gc,stats    ] All times are wall-clock times, except per-root-class counters, that are sum over
[65.642s][info][gc,stats    ] all workers. Dividing the <total> over the root stage time estimates parallelism.
[65.642s][info][gc,stats    ] 
[65.642s][info][gc,stats    ] Concurrent Reset                   1119 us
[65.642s][info][gc,stats    ] Pause Init Mark (G)                 391 us
[65.642s][info][gc,stats    ] Pause Init Mark (N)                 146 us
[65.642s][info][gc,stats    ]   Update Region States               60 us
[65.642s][info][gc,stats    ] Concurrent Mark Roots               461 us, parallelism: 0.78x
[65.642s][info][gc,stats    ]   CMR: <total>                      360 us
[65.642s][info][gc,stats    ]   CMR: Thread Roots                 301 us, workers (us): 301, ---, ---, 
[65.642s][info][gc,stats    ]   CMR: VM Strong Roots                8 us, workers (us):   8, ---, ---, 
[65.642s][info][gc,stats    ]   CMR: CLDG Roots                    51 us, workers (us):  51, ---, ---, 
[65.642s][info][gc,stats    ] Concurrent Marking                 5565 us
[65.642s][info][gc,stats    ] Pause Final Mark (G)                331 us
[65.642s][info][gc,stats    ] Pause Final Mark (N)                231 us
[65.642s][info][gc,stats    ]   Finish Mark                        53 us
[65.642s][info][gc,stats    ]   Update Region States               37 us
[65.642s][info][gc,stats    ]   Choose Collection Set              68 us
[65.642s][info][gc,stats    ]   Rebuild Free Set                    8 us
[65.642s][info][gc,stats    ] Concurrent Thread Roots             392 us, parallelism: 0.83x
[65.642s][info][gc,stats    ]   CTR: <total>                      326 us
[65.642s][info][gc,stats    ]   CTR: Thread Roots                 326 us, workers (us): 326, ---, ---, 
[65.642s][info][gc,stats    ] Concurrent Weak References          180 us, parallelism: 0.54x
[65.642s][info][gc,stats    ]   CWRF: <total>                      96 us
[65.642s][info][gc,stats    ]   CWRF: Weak References              96 us, workers (us):  96, ---, ---, 
[65.642s][info][gc,stats    ] Concurrent Weak Roots              1646 us
[65.642s][info][gc,stats    ]   Roots                            1330 us, parallelism: 0.97x
[65.642s][info][gc,stats    ]     CWR: <total>                   1291 us
[65.642s][info][gc,stats    ]     CWR: Code Cache Roots          1180 us, workers (us): 1180, ---, ---, 
[65.642s][info][gc,stats    ]     CWR: VM Weak Roots              103 us, workers (us): 103, ---, ---, 
[65.642s][info][gc,stats    ]     CWR: CLDG Roots                   8 us, workers (us):   8, ---, ---, 
[65.642s][info][gc,stats    ]   Rendezvous                        248 us
[65.642s][info][gc,stats    ] Concurrent Cleanup                  111 us
[65.642s][info][gc,stats    ] Concurrent Class Unloading         5810 us
[65.642s][info][gc,stats    ]   Unlink Stale                     4938 us
[65.642s][info][gc,stats    ]     System Dictionary                 9 us
[65.642s][info][gc,stats    ]     Weak Class Links                  0 us
[65.642s][info][gc,stats    ]     Code Roots                     4927 us
[65.642s][info][gc,stats    ]   Rendezvous                        520 us
[65.642s][info][gc,stats    ]   Purge Unlinked                    290 us
[65.642s][info][gc,stats    ]     Code Roots                      284 us
[65.642s][info][gc,stats    ]     CLDG                              6 us
[65.642s][info][gc,stats    ]     Exception Caches                  0 us
[65.642s][info][gc,stats    ] Concurrent Strong Roots              88 us, parallelism: 0.40x
[65.642s][info][gc,stats    ]   CSR: <total>                       36 us
[65.642s][info][gc,stats    ]   CSR: VM Strong Roots                3 us, workers (us):   3, ---, ---, 
[65.642s][info][gc,stats    ]   CSR: CLDG Roots                    33 us, workers (us):  33, ---, ---, 
[65.642s][info][gc,stats    ] Concurrent Evacuation               994 us
[65.642s][info][gc,stats    ] Pause Init Update Refs (G)         2423 us
[65.642s][info][gc,stats    ] Pause Init Update Refs (N)           66 us
[65.642s][info][gc,stats    ]   Manage GCLABs                       5 us
[65.642s][info][gc,stats    ] Concurrent Update Refs             6348 us
[65.642s][info][gc,stats    ] Concurrent Update Thread Roots      878 us
[65.642s][info][gc,stats    ] Pause Final Update Refs (G)        1987 us
[65.642s][info][gc,stats    ] Pause Final Update Refs (N)         151 us
[65.642s][info][gc,stats    ]   Update Region States               56 us
[65.642s][info][gc,stats    ]   Trash Collection Set                9 us
[65.642s][info][gc,stats    ]   Rebuild Free Set                   16 us
[65.642s][info][gc,stats    ] Concurrent Cleanup                   72 us
[65.642s][info][gc,stats    ] Pacing                            22821 us
[65.642s][info][gc,stats    ] 
[65.642s][info][gc,stats    ] Allocation pacing accrued:
[65.642s][info][gc,stats    ]       4 of   439 ms (  0.9%): Query0
[65.642s][info][gc,stats    ]       4 of   439 ms (  1.0%): Query1
[65.642s][info][gc,stats    ]       4 of   439 ms (  0.8%): Query2
[65.642s][info][gc,stats    ]       4 of   439 ms (  1.0%): Query3
[65.642s][info][gc,stats    ]       3 of   439 ms (  0.8%): Query4
[65.642s][info][gc,stats    ]       3 of   439 ms (  0.7%): Query5
[65.642s][info][gc,stats    ]      23 of   439 ms (  5.2%): <total>
[65.642s][info][gc,stats    ]       1 of   439 ms (  0.3%): <average total>
[65.642s][info][gc,stats    ]       4 of   439 ms (  0.9%): <average non-zero>
[65.642s][info][gc,stats    ] 
[65.642s][info][gc,metaspace] Metaspace: 8805K(9472K)->8805K(9472K) NonClass: 7955K(8320K)->7955K(8320K) Class: 850K(1152K)->850K(1152K)
[65.642s][info][gc,ergo     ] Pacer for Idle. Initial: 41943K, Alloc Tax Rate: 1.0x
[66.071s][info][gc          ] Trigger: Average GC time (55.84 ms) is above the time for average allocation rate (3554 MB/s) to deplete free headroom (177M) (margin of error = 2.04)
[66.071s][info][gc,ergo     ] Free headroom: 280M (free) - 102M (spike) - 0B (penalties) = 177M
[66.071s][info][gc,ergo     ] Free: 280M, Max: 1024K regular, 246M humongous, Frag: 10% external, 1% internal; Reserve: 103M, Max: 1024K
[66.071s][info][gc,start    ] GC(150) Concurrent reset
[66.071s][info][gc,task     ] GC(150) Using 1 of 3 workers for concurrent reset
[66.071s][info][gc,ergo     ] GC(150) Pacer for Reset. Non-Taxable: 2048M
[66.072s][info][gc          ] GC(150) Concurrent reset 0.951ms
[66.072s][info][gc,start    ] GC(150) Pause Init Mark (unload classes)
[66.072s][info][gc,task     ] GC(150) Using 3 of 3 workers for init marking
[66.072s][info][gc,ergo     ] GC(150) Pacer for Mark. Expected Live: 8385K, Free: 276M, Non-Taxable: 28270K, Alloc Tax Rate: 0.0x
[66.072s][info][gc          ] GC(150) Pause Init Mark (unload classes) 0.114ms
[66.073s][info][gc,start    ] GC(150) Concurrent marking roots
[66.073s][info][gc,task     ] GC(150) Using 1 of 3 workers for concurrent marking roots
[66.073s][info][gc          ] GC(150) Concurrent marking roots 0.374ms
[66.073s][info][gc,start    ] GC(150) Concurrent marking (unload classes)
[66.073s][info][gc,task     ] GC(150) Using 1 of 3 workers for concurrent marking
[66.079s][info][gc          ] GC(150) Concurrent marking (unload classes) 5.484ms
[66.079s][info][gc,start    ] GC(150) Pause Final Mark (unload classes)
[66.079s][info][gc,task     ] GC(150) Using 3 of 3 workers for final marking
[66.079s][info][gc,ergo     ] GC(150) Adaptive CSet Selection. Target Free: 290M, Actual Free: 1839M, Max CSet: 87381K, Min Garbage: 0B
[66.079s][info][gc,ergo     ] GC(150) Collectable Garbage: 1656M (99%), Immediate: 1493M (90%), CSet: 163M (9%)
[66.079s][info][gc,ergo     ] GC(150) Pacer for Evacuation. Used CSet: 164M, Free: 1744M, Non-Taxable: 174M, Alloc Tax Rate: 1.1x
[66.079s][info][gc          ] GC(150) Pause Final Mark (unload classes) 0.236ms
[66.079s][info][gc,start    ] GC(150) Concurrent thread roots
[66.079s][info][gc,task     ] GC(150) Using 1 of 3 workers for Concurrent thread roots
[66.079s][info][gc          ] GC(150) Concurrent thread roots 0.379ms
[66.079s][info][gc,start    ] GC(150) Concurrent weak references
[66.079s][info][gc,task     ] GC(150) Using 1 of 3 workers for concurrent weak references
[66.080s][info][gc,ref      ] GC(150) Encountered references: Soft: 137, Weak: 897, Final: 3, Phantom: 124
[66.080s][info][gc,ref      ] GC(150) Discovered  references: Soft: 0, Weak: 427, Final: 1, Phantom: 108
[66.080s][info][gc,ref      ] GC(150) Enqueued    references: Soft: 0, Weak: 289, Final: 0, Phantom: 0
[66.080s][info][gc          ] GC(150) Concurrent weak references 0.172ms
[66.080s][info][gc,start    ] GC(150) Concurrent weak roots
[66.080s][info][gc,task     ] GC(150) Using 1 of 3 workers for concurrent weak root
[66.081s][info][gc          ] GC(150) Concurrent weak roots 1.489ms
[66.081s][info][gc,start    ] GC(150) Concurrent cleanup
[66.081s][info][gc          ] GC(150) Concurrent cleanup 1699M->206M(2048M) 0.102ms
[66.081s][info][gc,ergo     ] GC(150) Free: 1737M, Max: 1024K regular, 236M humongous, Frag: 87% external, 0% internal; Reserve: 102M, Max: 1024K
[66.081s][info][gc,start    ] GC(150) Concurrent class unloading
[66.081s][info][gc,task     ] GC(150) Using 1 of 3 workers for concurrent class unloading
[66.087s][info][gc          ] GC(150) Concurrent class unloading 5.821ms
[66.087s][info][gc,start    ] GC(150) Concurrent strong roots
[66.087s][info][gc,task     ] GC(150) Using 1 of 3 workers for concurrent strong root
[66.087s][info][gc          ] GC(150) Concurrent strong roots 0.076ms
[66.087s][info][gc,start    ] GC(150) Concurrent evacuation
[66.087s][info][gc,task     ] GC(150) Using 1 of 3 workers for concurrent evacuation
[66.088s][info][gc          ] GC(150) Concurrent evacuation 0.967ms
[66.088s][info][gc,start    ] GC(150) Pause Init Update Refs
[66.088s][info][gc,ergo     ] GC(150) Pacer for Update Refs. Used: 226M, Free: 1718M, Non-Taxable: 171M, Alloc Tax Rate: 1.1x
[66.088s][info][gc          ] GC(150) Pause Init Update Refs 0.059ms
[66.089s][info][gc,start    ] GC(150) Concurrent update references
[66.089s][info][gc,task     ] GC(150) Using 1 of 3 workers for concurrent reference update
[66.096s][info][gc          ] GC(150) Concurrent update references 7.436ms
[66.096s][info][gc,start    ] GC(150) Concurrent update thread roots
[66.097s][info][gc          ] GC(150) Concurrent update thread roots 0.588ms
[66.097s][info][gc,start    ] GC(150) Pause Final Update Refs
[66.097s][info][gc,task     ] GC(150) Using 3 of 3 workers for final reference update
[66.097s][info][gc          ] GC(150) Pause Final Update Refs 0.092ms
[66.097s][info][gc,start    ] GC(150) Concurrent cleanup
[66.097s][info][gc          ] GC(150) Concurrent cleanup 249M->86M(2048M) 0.039ms
[66.097s][info][gc,ergo     ] Free: 1856M, Max: 1024K regular, 1582M humongous, Frag: 15% external, 0% internal; Reserve: 103M, Max: 1024K
[66.097s][info][gc,stats    ] 
[66.097s][info][gc,stats    ] All times are wall-clock times, except per-root-class counters, that are sum over
[66.097s][info][gc,stats    ] all workers. Dividing the <total> over the root stage time estimates parallelism.
[66.097s][info][gc,stats    ] 
[66.097s][info][gc,stats    ] Concurrent Reset                   1030 us
[66.097s][info][gc,stats    ] Pause Init Mark (G)                 837 us
[66.097s][info][gc,stats    ] Pause Init Mark (N)                 124 us
[66.097s][info][gc,stats    ]   Update Region States               31 us
[66.097s][info][gc,stats    ] Concurrent Mark Roots               387 us, parallelism: 0.81x
[66.097s][info][gc,stats    ]   CMR: <total>                      314 us
[66.097s][info][gc,stats    ]   CMR: Thread Roots                 272 us, workers (us): 272, ---, ---, 
[66.097s][info][gc,stats    ]   CMR: VM Strong Roots                6 us, workers (us):   6, ---, ---, 
[66.097s][info][gc,stats    ]   CMR: CLDG Roots                    36 us, workers (us):  36, ---, ---, 
[66.097s][info][gc,stats    ] Concurrent Marking                 5517 us
[66.097s][info][gc,stats    ] Pause Final Mark (G)                339 us
[66.097s][info][gc,stats    ] Pause Final Mark (N)                245 us
[66.097s][info][gc,stats    ]   Finish Mark                        51 us
[66.097s][info][gc,stats    ]   Update Region States               40 us
[66.097s][info][gc,stats    ]   Choose Collection Set              81 us
[66.097s][info][gc,stats    ]   Rebuild Free Set                    8 us
[66.097s][info][gc,stats    ] Concurrent Thread Roots             502 us, parallelism: 0.66x
[66.097s][info][gc,stats    ]   CTR: <total>                      331 us
[66.097s][info][gc,stats    ]   CTR: Thread Roots                 331 us, workers (us): 331, ---, ---, 
[66.097s][info][gc,stats    ] Concurrent Weak References          180 us, parallelism: 0.51x
[66.097s][info][gc,stats    ]   CWRF: <total>                      93 us
[66.097s][info][gc,stats    ]   CWRF: Weak References              93 us, workers (us):  93, ---, ---, 
[66.097s][info][gc,stats    ] Concurrent Weak Roots              1528 us
[66.097s][info][gc,stats    ]   Roots                            1409 us, parallelism: 0.96x
[66.097s][info][gc,stats    ]     CWR: <total>                   1349 us
[66.097s][info][gc,stats    ]     CWR: Code Cache Roots          1242 us, workers (us): 1242, ---, ---, 
[66.097s][info][gc,stats    ]     CWR: VM Weak Roots               99 us, workers (us):  99, ---, ---, 
[66.097s][info][gc,stats    ]     CWR: CLDG Roots                   8 us, workers (us):   8, ---, ---, 
[66.097s][info][gc,stats    ]   Rendezvous                         61 us
[66.097s][info][gc,stats    ] Concurrent Cleanup                  112 us
[66.097s][info][gc,stats    ] Concurrent Class Unloading         5858 us
[66.097s][info][gc,stats    ]   Unlink Stale                     4950 us
[66.097s][info][gc,stats    ]     System Dictionary                12 us
[66.097s][info][gc,stats    ]     Weak Class Links                  0 us
[66.097s][info][gc,stats    ]     Code Roots                     4935 us
[66.097s][info][gc,stats    ]   Rendezvous                        573 us
[66.097s][info][gc,stats    ]   Purge Unlinked                    277 us
[66.097s][info][gc,stats    ]     Code Roots                      269 us
[66.097s][info][gc,stats    ]     CLDG                              8 us
[66.097s][info][gc,stats    ]     Exception Caches                  0 us
[66.097s][info][gc,stats    ] Concurrent Strong Roots              87 us, parallelism: 0.41x
[66.098s][info][gc,stats    ]   CSR: <total>                       35 us
[66.098s][info][gc,stats    ]   CSR: VM Strong Roots                4 us, workers (us):   4, ---, ---, 
[66.098s][info][gc,stats    ]   CSR: CLDG Roots                    32 us, workers (us):  32, ---, ---, 
[66.098s][info][gc,stats    ] Concurrent Evacuation              1014 us
[66.098s][info][gc,stats    ] Pause Init Update Refs (G)          324 us
[66.098s][info][gc,stats    ] Pause Init Update Refs (N)           68 us
[66.098s][info][gc,stats    ]   Manage GCLABs                       3 us
[66.098s][info][gc,stats    ] Concurrent Update Refs             7506 us
[66.098s][info][gc,stats    ] Concurrent Update Thread Roots      615 us
[66.098s][info][gc,stats    ] Pause Final Update Refs (G)         407 us
[66.098s][info][gc,stats    ] Pause Final Update Refs (N)         121 us
[66.098s][info][gc,stats    ]   Update Region States               47 us
[66.098s][info][gc,stats    ]   Trash Collection Set                7 us
[66.098s][info][gc,stats    ]   Rebuild Free Set                   13 us
[66.098s][info][gc,stats    ] Concurrent Cleanup                   49 us
[66.098s][info][gc,stats    ] 
[66.098s][info][gc,stats    ] Allocation pacing accrued:
[66.098s][info][gc,stats    ]       0 of   456 ms (  0.0%): <total>
[66.098s][info][gc,stats    ]       0 of   456 ms (  0.0%): <average total>
[66.098s][info][gc,stats    ] 
[66.098s][info][gc,metaspace] Metaspace: 8805K(9472K)->8805K(9472K) NonClass: 7955K(8320K)->7955K(8320K) Class: 850K(1152K)->850K(1152K)
[66.098s][info][gc,ergo     ] Pacer for Idle. Initial: 41943K, Alloc Tax Rate: 1.0x
[66.529s][info][gc          ] Trigger: Average GC time (48.46 ms) is above the time for average allocation rate (3749 MB/s) to deplete free headroom (133M) (margin of error = 2.03)
[66.529s][info][gc,ergo     ] Free headroom: 235M (free) - 102M (spike) - 0B (penalties) = 133M
[66.529s][info][gc,ergo     ] Free: 235M, Max: 1024K regular, 227M humongous, Frag: 0% external, 1% internal; Reserve: 103M, Max: 1024K
[66.529s][info][gc,start    ] GC(151) Concurrent reset
[66.530s][info][gc,task     ] GC(151) Using 1 of 3 workers for concurrent reset
[66.530s][info][gc,ergo     ] GC(151) Pacer for Reset. Non-Taxable: 2048M
[66.530s][info][gc          ] GC(151) Concurrent reset 0.949ms
[66.531s][info][gc,start    ] GC(151) Pause Init Mark (unload classes)
[66.531s][info][gc,task     ] GC(151) Using 3 of 3 workers for init marking
[66.531s][info][gc,ergo     ] GC(151) Pacer for Mark. Expected Live: 8383K, Free: 230M, Non-Taxable: 23637K, Alloc Tax Rate: 0.0x
[66.531s][info][gc          ] GC(151) Pause Init Mark (unload classes) 0.234ms
[66.534s][info][gc,start    ] GC(151) Concurrent marking roots
[66.534s][info][gc,task     ] GC(151) Using 1 of 3 workers for concurrent marking roots
[66.534s][info][gc          ] GC(151) Concurrent marking roots 0.445ms
[66.534s][info][gc,start    ] GC(151) Concurrent marking (unload classes)
[66.534s][info][gc,task     ] GC(151) Using 1 of 3 workers for concurrent marking
[66.541s][info][gc          ] GC(151) Concurrent marking (unload classes) 6.529ms
[66.541s][info][gc,start    ] GC(151) Pause Final Mark (unload classes)
[66.541s][info][gc,task     ] GC(151) Using 3 of 3 workers for final marking
[66.541s][info][gc,ergo     ] GC(151) Adaptive CSet Selection. Target Free: 290M, Actual Free: 1836M, Max CSet: 87381K, Min Garbage: 0B
[66.541s][info][gc,ergo     ] GC(151) Collectable Garbage: 1701M (99%), Immediate: 1537M (90%), CSet: 164M (9%)
[66.541s][info][gc,ergo     ] GC(151) Pacer for Evacuation. Used CSet: 165M, Free: 1741M, Non-Taxable: 174M, Alloc Tax Rate: 1.1x
[66.541s][info][gc          ] GC(151) Pause Final Mark (unload classes) 0.224ms
[66.541s][info][gc,start    ] GC(151) Concurrent thread roots
[66.541s][info][gc,task     ] GC(151) Using 1 of 3 workers for Concurrent thread roots
[66.541s][info][gc          ] GC(151) Concurrent thread roots 0.375ms
[66.541s][info][gc,start    ] GC(151) Concurrent weak references
[66.541s][info][gc,task     ] GC(151) Using 1 of 3 workers for concurrent weak references
[66.542s][info][gc,ref      ] GC(151) Encountered references: Soft: 137, Weak: 907, Final: 3, Phantom: 124
[66.542s][info][gc,ref      ] GC(151) Discovered  references: Soft: 0, Weak: 437, Final: 1, Phantom: 109
[66.542s][info][gc,ref      ] GC(151) Enqueued    references: Soft: 0, Weak: 298, Final: 0, Phantom: 0
[66.542s][info][gc          ] GC(151) Concurrent weak references 0.177ms
[66.542s][info][gc,start    ] GC(151) Concurrent weak roots
[66.542s][info][gc,task     ] GC(151) Using 1 of 3 workers for concurrent weak root
[66.543s][info][gc          ] GC(151) Concurrent weak roots 1.772ms
[66.543s][info][gc,start    ] GC(151) Concurrent cleanup
[66.544s][info][gc          ] GC(151) Concurrent cleanup 1748M->212M(2048M) 0.119ms
[66.544s][info][gc,ergo     ] GC(151) Free: 1731M, Max: 1024K regular, 187M humongous, Frag: 90% external, 0% internal; Reserve: 102M, Max: 1024K
[66.544s][info][gc,start    ] GC(151) Concurrent class unloading
[66.544s][info][gc,task     ] GC(151) Using 1 of 3 workers for concurrent class unloading
[66.549s][info][gc          ] GC(151) Concurrent class unloading 5.889ms
[66.549s][info][gc,start    ] GC(151) Concurrent strong roots
[66.549s][info][gc,task     ] GC(151) Using 1 of 3 workers for concurrent strong root
[66.550s][info][gc          ] GC(151) Concurrent strong roots 0.160ms
[66.550s][info][gc,start    ] GC(151) Concurrent evacuation
[66.550s][info][gc,task     ] GC(151) Using 1 of 3 workers for concurrent evacuation
[66.551s][info][gc          ] GC(151) Concurrent evacuation 0.987ms
[66.551s][info][gc,start    ] GC(151) Pause Init Update Refs
[66.551s][info][gc,ergo     ] GC(151) Pacer for Update Refs. Used: 229M, Free: 1714M, Non-Taxable: 171M, Alloc Tax Rate: 1.1x
[66.551s][info][gc          ] GC(151) Pause Init Update Refs 0.045ms
[66.559s][info][gc,start    ] GC(151) Concurrent update references
[66.559s][info][gc,task     ] GC(151) Using 1 of 3 workers for concurrent reference update
[66.567s][info][gc          ] GC(151) Concurrent update references 7.948ms
[66.567s][info][gc,start    ] GC(151) Concurrent update thread roots
[66.569s][info][gc          ] GC(151) Concurrent update thread roots 2.503ms
[66.569s][info][gc,start    ] GC(151) Pause Final Update Refs
[66.569s][info][gc,task     ] GC(151) Using 3 of 3 workers for final reference update
[66.569s][info][gc          ] GC(151) Pause Final Update Refs 0.109ms
[66.569s][info][gc,start    ] GC(151) Concurrent cleanup
[66.570s][info][gc          ] GC(151) Concurrent cleanup 286M->121M(2048M) 0.040ms
[66.570s][info][gc,ergo     ] Free: 1821M, Max: 1024K regular, 1620M humongous, Frag: 11% external, 0% internal; Reserve: 103M, Max: 1024K
[66.570s][info][gc,stats    ] 
[66.570s][info][gc,stats    ] All times are wall-clock times, except per-root-class counters, that are sum over
[66.570s][info][gc,stats    ] all workers. Dividing the <total> over the root stage time estimates parallelism.
[66.570s][info][gc,stats    ] 
[66.570s][info][gc,stats    ] Concurrent Reset                   1022 us
[66.570s][info][gc,stats    ] Pause Init Mark (G)                3067 us
[66.570s][info][gc,stats    ] Pause Init Mark (N)                 246 us
[66.570s][info][gc,stats    ]   Update Region States               44 us
[66.570s][info][gc,stats    ] Concurrent Mark Roots               467 us, parallelism: 0.73x
[66.570s][info][gc,stats    ]   CMR: <total>                      343 us
[66.570s][info][gc,stats    ]   CMR: Thread Roots                 297 us, workers (us): 297, ---, ---, 
[66.570s][info][gc,stats    ]   CMR: VM Strong Roots                6 us, workers (us):   6, ---, ---, 
[66.570s][info][gc,stats    ]   CMR: CLDG Roots                    40 us, workers (us):  40, ---, ---, 
[66.570s][info][gc,stats    ] Concurrent Marking                 6577 us
[66.570s][info][gc,stats    ] Pause Final Mark (G)                371 us
[66.570s][info][gc,stats    ] Pause Final Mark (N)                233 us
[66.570s][info][gc,stats    ]   Finish Mark                        53 us
[66.570s][info][gc,stats    ]   Update Region States               40 us
[66.570s][info][gc,stats    ]   Choose Collection Set              72 us
[66.570s][info][gc,stats    ]   Rebuild Free Set                    9 us
[66.570s][info][gc,stats    ] Concurrent Thread Roots             397 us, parallelism: 0.82x
[66.570s][info][gc,stats    ]   CTR: <total>                      327 us
[66.570s][info][gc,stats    ]   CTR: Thread Roots                 327 us, workers (us): 327, ---, ---, 
[66.570s][info][gc,stats    ] Concurrent Weak References          184 us, parallelism: 0.60x
[66.570s][info][gc,stats    ]   CWRF: <total>                     111 us
[66.570s][info][gc,stats    ]   CWRF: Weak References             111 us, workers (us): 111, ---, ---, 
[66.570s][info][gc,stats    ] Concurrent Weak Roots              1801 us
[66.570s][info][gc,stats    ]   Roots                            1300 us, parallelism: 0.97x
[66.570s][info][gc,stats    ]     CWR: <total>                   1266 us
[66.570s][info][gc,stats    ]     CWR: Code Cache Roots          1162 us, workers (us): 1162, ---, ---, 
[66.570s][info][gc,stats    ]     CWR: VM Weak Roots               96 us, workers (us):  96, ---, ---, 
[66.570s][info][gc,stats    ]     CWR: CLDG Roots                   8 us, workers (us):   8, ---, ---, 
[66.570s][info][gc,stats    ]   Rendezvous                        453 us
[66.570s][info][gc,stats    ] Concurrent Cleanup                  129 us
[66.570s][info][gc,stats    ] Concurrent Class Unloading         5927 us
[66.570s][info][gc,stats    ]   Unlink Stale                     5282 us
[66.570s][info][gc,stats    ]     System Dictionary                12 us
[66.570s][info][gc,stats    ]     Weak Class Links                  0 us
[66.570s][info][gc,stats    ]     Code Roots                     5268 us
[66.570s][info][gc,stats    ]   Rendezvous                        259 us
[66.570s][info][gc,stats    ]   Purge Unlinked                    328 us
[66.570s][info][gc,stats    ]     Code Roots                      322 us
[66.570s][info][gc,stats    ]     CLDG                              6 us
[66.570s][info][gc,stats    ]     Exception Caches                  0 us
[66.570s][info][gc,stats    ] Concurrent Strong Roots             175 us, parallelism: 0.23x
[66.570s][info][gc,stats    ]   CSR: <total>                       41 us
[66.570s][info][gc,stats    ]   CSR: VM Strong Roots                4 us, workers (us):   4, ---, ---, 
[66.570s][info][gc,stats    ]   CSR: CLDG Roots                    37 us, workers (us):  37, ---, ---, 
[66.570s][info][gc,stats    ] Concurrent Evacuation              1042 us
[66.570s][info][gc,stats    ] Pause Init Update Refs (G)         7972 us
[66.570s][info][gc,stats    ] Pause Init Update Refs (N)           54 us
[66.570s][info][gc,stats    ]   Manage GCLABs                       3 us
[66.570s][info][gc,stats    ] Concurrent Update Refs             8008 us
[66.570s][info][gc,stats    ] Concurrent Update Thread Roots     2545 us
[66.570s][info][gc,stats    ] Pause Final Update Refs (G)         242 us
[66.570s][info][gc,stats    ] Pause Final Update Refs (N)         139 us
[66.570s][info][gc,stats    ]   Update Region States               50 us
[66.570s][info][gc,stats    ]   Trash Collection Set               10 us
[66.570s][info][gc,stats    ]   Rebuild Free Set                   16 us
[66.570s][info][gc,stats    ] Concurrent Cleanup                   55 us
[66.570s][info][gc,stats    ] 
[66.570s][info][gc,stats    ] Allocation pacing accrued:
[66.570s][info][gc,stats    ]       0 of   472 ms (  0.0%): <total>
[66.570s][info][gc,stats    ]       0 of   472 ms (  0.0%): <average total>
[66.570s][info][gc,stats    ] 
[66.570s][info][gc,metaspace] Metaspace: 8805K(9472K)->8805K(9472K) NonClass: 7955K(8320K)->7955K(8320K) Class: 850K(1152K)->850K(1152K)
[66.570s][info][gc,ergo     ] Pacer for Idle. Initial: 41943K, Alloc Tax Rate: 1.0x
[66.998s][info][gc          ] Trigger: Average GC time (50.62 ms) is above the time for average allocation rate (3631 MB/s) to deplete free headroom (139M) (margin of error = 2.03)
[66.998s][info][gc,ergo     ] Free headroom: 241M (free) - 102M (spike) - 0B (penalties) = 139M
[66.998s][info][gc,ergo     ] Free: 241M, Max: 1024K regular, 187M humongous, Frag: 20% external, 1% internal; Reserve: 103M, Max: 1024K
[66.998s][info][gc,start    ] GC(152) Concurrent reset
[66.998s][info][gc,task     ] GC(152) Using 1 of 3 workers for concurrent reset
[66.998s][info][gc,ergo     ] GC(152) Pacer for Reset. Non-Taxable: 2048M
[66.999s][info][gc          ] GC(152) Concurrent reset 1.051ms
[66.999s][info][gc,start    ] GC(152) Pause Init Mark (unload classes)
[66.999s][info][gc,task     ] GC(152) Using 3 of 3 workers for init marking
[66.999s][info][gc,ergo     ] GC(152) Pacer for Mark. Expected Live: 8402K, Free: 237M, Non-Taxable: 24360K, Alloc Tax Rate: 0.0x
[66.999s][info][gc          ] GC(152) Pause Init Mark (unload classes) 0.204ms
[66.999s][info][gc,start    ] GC(152) Concurrent marking roots
[67.000s][info][gc,task     ] GC(152) Using 1 of 3 workers for concurrent marking roots
[67.000s][info][gc          ] GC(152) Concurrent marking roots 0.419ms
[67.000s][info][gc,start    ] GC(152) Concurrent marking (unload classes)
[67.000s][info][gc,task     ] GC(152) Using 1 of 3 workers for concurrent marking
[67.005s][info][gc          ] GC(152) Concurrent marking (unload classes) 5.345ms
[67.005s][info][gc,start    ] GC(152) Pause Final Mark (unload classes)
[67.005s][info][gc,task     ] GC(152) Using 3 of 3 workers for final marking
[67.005s][info][gc,ergo     ] GC(152) Adaptive CSet Selection. Target Free: 290M, Actual Free: 1847M, Max CSet: 87381K, Min Garbage: 0B
[67.006s][info][gc,ergo     ] GC(152) Collectable Garbage: 1694M (99%), Immediate: 1534M (90%), CSet: 160M (9%)
[67.006s][info][gc,ergo     ] GC(152) Pacer for Evacuation. Used CSet: 161M, Free: 1752M, Non-Taxable: 175M, Alloc Tax Rate: 1.1x
[67.006s][info][gc          ] GC(152) Pause Final Mark (unload classes) 0.216ms
[67.006s][info][gc,start    ] GC(152) Concurrent thread roots
[67.006s][info][gc,task     ] GC(152) Using 1 of 3 workers for Concurrent thread roots
[67.006s][info][gc          ] GC(152) Concurrent thread roots 0.403ms
[67.006s][info][gc,start    ] GC(152) Concurrent weak references
[67.006s][info][gc,task     ] GC(152) Using 1 of 3 workers for concurrent weak references
[67.006s][info][gc,ref      ] GC(152) Encountered references: Soft: 137, Weak: 896, Final: 3, Phantom: 115
[67.006s][info][gc,ref      ] GC(152) Discovered  references: Soft: 0, Weak: 432, Final: 1, Phantom: 95
[67.006s][info][gc,ref      ] GC(152) Enqueued    references: Soft: 0, Weak: 293, Final: 0, Phantom: 0
[67.006s][info][gc          ] GC(152) Concurrent weak references 0.186ms
[67.006s][info][gc,start    ] GC(152) Concurrent weak roots
[67.006s][info][gc,task     ] GC(152) Using 1 of 3 workers for concurrent weak root
[67.008s][info][gc          ] GC(152) Concurrent weak roots 1.417ms
[67.008s][info][gc,start    ] GC(152) Concurrent cleanup
[67.008s][info][gc          ] GC(152) Concurrent cleanup 1732M->198M(2048M) 0.104ms
[67.008s][info][gc,ergo     ] GC(152) Free: 1744M, Max: 1024K regular, 187M humongous, Frag: 90% external, 0% internal; Reserve: 102M, Max: 1024K
[67.008s][info][gc,start    ] GC(152) Concurrent class unloading
[67.008s][info][gc,task     ] GC(152) Using 1 of 3 workers for concurrent class unloading
[67.018s][info][gc          ] GC(152) Concurrent class unloading 9.848ms
[67.018s][info][gc,start    ] GC(152) Concurrent strong roots
[67.018s][info][gc,task     ] GC(152) Using 1 of 3 workers for concurrent strong root
[67.018s][info][gc          ] GC(152) Concurrent strong roots 0.088ms
[67.018s][info][gc,start    ] GC(152) Concurrent evacuation
[67.018s][info][gc,task     ] GC(152) Using 1 of 3 workers for concurrent evacuation
[67.019s][info][gc          ] GC(152) Concurrent evacuation 0.969ms
[67.019s][info][gc,start    ] GC(152) Pause Init Update Refs
[67.019s][info][gc,ergo     ] GC(152) Pacer for Update Refs. Used: 231M, Free: 1712M, Non-Taxable: 171M, Alloc Tax Rate: 1.1x
[67.019s][info][gc          ] GC(152) Pause Init Update Refs 0.052ms
[67.022s][info][gc,start    ] GC(152) Concurrent update references
[67.022s][info][gc,task     ] GC(152) Using 1 of 3 workers for concurrent reference update
[67.028s][info][gc          ] GC(152) Concurrent update references 6.014ms
[67.028s][info][gc,start    ] GC(152) Concurrent update thread roots
[67.028s][info][gc          ] GC(152) Concurrent update thread roots 0.482ms
[67.028s][info][gc,start    ] GC(152) Pause Final Update Refs
[67.028s][info][gc,task     ] GC(152) Using 3 of 3 workers for final reference update
[67.028s][info][gc          ] GC(152) Pause Final Update Refs 0.108ms
[67.028s][info][gc,start    ] GC(152) Concurrent cleanup
[67.028s][info][gc          ] GC(152) Concurrent cleanup 256M->95M(2048M) 0.038ms
[67.028s][info][gc,ergo     ] Free: 1847M, Max: 1024K regular, 1597M humongous, Frag: 14% external, 0% internal; Reserve: 103M, Max: 1024K
[67.029s][info][gc,stats    ] 
[67.029s][info][gc,stats    ] All times are wall-clock times, except per-root-class counters, that are sum over
[67.029s][info][gc,stats    ] all workers. Dividing the <total> over the root stage time estimates parallelism.
[67.029s][info][gc,stats    ] 
[67.029s][info][gc,stats    ] Concurrent Reset                   1108 us
[67.029s][info][gc,stats    ] Pause Init Mark (G)                 498 us
[67.029s][info][gc,stats    ] Pause Init Mark (N)                 213 us
[67.029s][info][gc,stats    ]   Update Region States              123 us
[67.029s][info][gc,stats    ] Concurrent Mark Roots               433 us, parallelism: 0.80x
[67.029s][info][gc,stats    ]   CMR: <total>                      347 us
[67.029s][info][gc,stats    ]   CMR: Thread Roots                 292 us, workers (us): 292, ---, ---, 
[67.029s][info][gc,stats    ]   CMR: VM Strong Roots                6 us, workers (us):   6, ---, ---, 
[67.029s][info][gc,stats    ]   CMR: CLDG Roots                    49 us, workers (us):  49, ---, ---, 
[67.029s][info][gc,stats    ] Concurrent Marking                 5383 us
[67.029s][info][gc,stats    ] Pause Final Mark (G)                361 us
[67.029s][info][gc,stats    ] Pause Final Mark (N)                225 us
[67.029s][info][gc,stats    ]   Finish Mark                        44 us
[67.029s][info][gc,stats    ]   Update Region States               34 us
[67.029s][info][gc,stats    ]   Choose Collection Set              74 us
[67.029s][info][gc,stats    ]   Rebuild Free Set                    9 us
[67.029s][info][gc,stats    ] Concurrent Thread Roots             425 us, parallelism: 0.82x
[67.029s][info][gc,stats    ]   CTR: <total>                      349 us
[67.029s][info][gc,stats    ]   CTR: Thread Roots                 349 us, workers (us): 349, ---, ---, 
[67.029s][info][gc,stats    ] Concurrent Weak References          194 us, parallelism: 0.57x
[67.029s][info][gc,stats    ]   CWRF: <total>                     112 us
[67.029s][info][gc,stats    ]   CWRF: Weak References             112 us, workers (us): 112, ---, ---, 
[67.029s][info][gc,stats    ] Concurrent Weak Roots              1471 us
[67.029s][info][gc,stats    ]   Roots                            1324 us, parallelism: 0.96x
[67.029s][info][gc,stats    ]     CWR: <total>                   1273 us
[67.029s][info][gc,stats    ]     CWR: Code Cache Roots          1164 us, workers (us): 1164, ---, ---, 
[67.029s][info][gc,stats    ]     CWR: VM Weak Roots               99 us, workers (us):  99, ---, ---, 
[67.029s][info][gc,stats    ]     CWR: CLDG Roots                  10 us, workers (us):  10, ---, ---, 
[67.029s][info][gc,stats    ]   Rendezvous                         71 us
[67.029s][info][gc,stats    ] Concurrent Cleanup                  114 us
[67.029s][info][gc,stats    ] Concurrent Class Unloading         9895 us
[67.029s][info][gc,stats    ]   Unlink Stale                     4906 us
[67.029s][info][gc,stats    ]     System Dictionary                 8 us
[67.029s][info][gc,stats    ]     Weak Class Links                  0 us
[67.029s][info][gc,stats    ]     Code Roots                     4896 us
[67.029s][info][gc,stats    ]   Rendezvous                       4604 us
[67.029s][info][gc,stats    ]   Purge Unlinked                    316 us
[67.029s][info][gc,stats    ]     Code Roots                      311 us
[67.029s][info][gc,stats    ]     CLDG                              5 us
[67.029s][info][gc,stats    ]     Exception Caches                  0 us
[67.029s][info][gc,stats    ] Concurrent Strong Roots              97 us, parallelism: 0.43x
[67.029s][info][gc,stats    ]   CSR: <total>                       42 us
[67.029s][info][gc,stats    ]   CSR: VM Strong Roots                4 us, workers (us):   4, ---, ---, 
[67.029s][info][gc,stats    ]   CSR: CLDG Roots                    38 us, workers (us):  38, ---, ---, 
[67.029s][info][gc,stats    ] Concurrent Evacuation              1018 us
[67.029s][info][gc,stats    ] Pause Init Update Refs (G)         2706 us
[67.029s][info][gc,stats    ] Pause Init Update Refs (N)           61 us
[67.029s][info][gc,stats    ]   Manage GCLABs                       4 us
[67.029s][info][gc,stats    ] Concurrent Update Refs             6052 us
[67.029s][info][gc,stats    ] Concurrent Update Thread Roots      516 us
[67.029s][info][gc,stats    ] Pause Final Update Refs (G)         240 us
[67.029s][info][gc,stats    ] Pause Final Update Refs (N)         119 us
[67.029s][info][gc,stats    ]   Update Region States               43 us
[67.029s][info][gc,stats    ]   Trash Collection Set                9 us
[67.029s][info][gc,stats    ]   Rebuild Free Set                   15 us
[67.029s][info][gc,stats    ] Concurrent Cleanup                   48 us
[67.029s][info][gc,stats    ] 
[67.029s][info][gc,stats    ] Allocation pacing accrued:
[67.029s][info][gc,stats    ]       0 of   459 ms (  0.0%): <total>
[67.029s][info][gc,stats    ]       0 of   459 ms (  0.0%): <average total>
[67.029s][info][gc,stats    ] 
[67.029s][info][gc,metaspace] Metaspace: 8805K(9472K)->8805K(9472K) NonClass: 7955K(8320K)->7955K(8320K) Class: 850K(1152K)->850K(1152K)
[67.029s][info][gc,ergo     ] Pacer for Idle. Initial: 41943K, Alloc Tax Rate: 1.0x
[67.520s][info][gc          ] Trigger: Average GC time (44.86 ms) is above the time for average allocation rate (3462 MB/s) to deplete free headroom (111M) (margin of error = 2.02)
[67.520s][info][gc,ergo     ] Free headroom: 213M (free) - 102M (spike) - 0B (penalties) = 111M
[67.520s][info][gc,ergo     ] Free: 213M, Max: 1024K regular, 205M humongous, Frag: 0% external, 1% internal; Reserve: 103M, Max: 1024K
[67.520s][info][gc,start    ] GC(153) Concurrent reset
[67.520s][info][gc,task     ] GC(153) Using 1 of 3 workers for concurrent reset
[67.520s][info][gc,ergo     ] GC(153) Pacer for Reset. Non-Taxable: 2048M
[67.521s][info][gc          ] GC(153) Concurrent reset 1.011ms
[67.522s][info][gc,start    ] GC(153) Pause Init Mark (unload classes)
[67.522s][info][gc,task     ] GC(153) Using 3 of 3 workers for init marking
[67.522s][info][gc,ergo     ] GC(153) Pacer for Mark. Expected Live: 8430K, Free: 211M, Non-Taxable: 21697K, Alloc Tax Rate: 0.0x
[67.522s][info][gc          ] GC(153) Pause Init Mark (unload classes) 0.099ms
[67.522s][info][gc,start    ] GC(153) Concurrent marking roots
[67.522s][info][gc,task     ] GC(153) Using 1 of 3 workers for concurrent marking roots
[67.522s][info][gc          ] GC(153) Concurrent marking roots 0.403ms
[67.522s][info][gc,start    ] GC(153) Concurrent marking (unload classes)
[67.522s][info][gc,task     ] GC(153) Using 1 of 3 workers for concurrent marking
[67.531s][info][gc          ] GC(153) Concurrent marking (unload classes) 9.321ms
[67.532s][info][gc,start    ] GC(153) Pause Final Mark (unload classes)
[67.532s][info][gc,task     ] GC(153) Using 3 of 3 workers for final marking
[67.532s][info][gc,ergo     ] GC(153) Adaptive CSet Selection. Target Free: 290M, Actual Free: 1834M, Max CSet: 87381K, Min Garbage: 0B
[67.532s][info][gc,ergo     ] GC(153) Collectable Garbage: 1720M (99%), Immediate: 1561M (90%), CSet: 159M (9%)
[67.532s][info][gc,ergo     ] GC(153) Pacer for Evacuation. Used CSet: 160M, Free: 1739M, Non-Taxable: 173M, Alloc Tax Rate: 1.1x
[67.532s][info][gc          ] GC(153) Pause Final Mark (unload classes) 0.197ms
[67.532s][info][gc,start    ] GC(153) Concurrent thread roots
[67.532s][info][gc,task     ] GC(153) Using 1 of 3 workers for Concurrent thread roots
[67.532s][info][gc          ] GC(153) Concurrent thread roots 0.429ms
[67.532s][info][gc,start    ] GC(153) Concurrent weak references
[67.532s][info][gc,task     ] GC(153) Using 1 of 3 workers for concurrent weak references
[67.533s][info][gc,ref      ] GC(153) Encountered references: Soft: 137, Weak: 891, Final: 3, Phantom: 100
[67.533s][info][gc,ref      ] GC(153) Discovered  references: Soft: 0, Weak: 436, Final: 1, Phantom: 83
[67.533s][info][gc,ref      ] GC(153) Enqueued    references: Soft: 0, Weak: 303, Final: 0, Phantom: 0
[67.533s][info][gc          ] GC(153) Concurrent weak references 0.167ms
[67.533s][info][gc,start    ] GC(153) Concurrent weak roots
[67.533s][info][gc,task     ] GC(153) Using 1 of 3 workers for concurrent weak root
[67.540s][info][gc          ] GC(153) Concurrent weak roots 6.888ms
[67.540s][info][gc,start    ] GC(153) Concurrent cleanup
[67.540s][info][gc          ] GC(153) Concurrent cleanup 1794M->233M(2048M) 0.121ms
[67.540s][info][gc,ergo     ] GC(153) Free: 1709M, Max: 1024K regular, 140M humongous, Frag: 92% external, 0% internal; Reserve: 102M, Max: 1024K
[67.540s][info][gc,start    ] GC(153) Concurrent class unloading
[67.540s][info][gc,task     ] GC(153) Using 1 of 3 workers for concurrent class unloading
[67.545s][info][gc          ] GC(153) Concurrent class unloading 5.611ms
[67.545s][info][gc,start    ] GC(153) Concurrent strong roots
[67.545s][info][gc,task     ] GC(153) Using 1 of 3 workers for concurrent strong root
[67.545s][info][gc          ] GC(153) Concurrent strong roots 0.090ms
[67.545s][info][gc,start    ] GC(153) Concurrent evacuation
[67.545s][info][gc,task     ] GC(153) Using 1 of 3 workers for concurrent evacuation
[67.547s][info][gc          ] GC(153) Concurrent evacuation 1.048ms
[67.547s][info][gc,start    ] GC(153) Pause Init Update Refs
[67.547s][info][gc,ergo     ] GC(153) Pacer for Update Refs. Used: 252M, Free: 1690M, Non-Taxable: 169M, Alloc Tax Rate: 1.1x
[67.547s][info][gc          ] GC(153) Pause Init Update Refs 0.049ms
[67.547s][info][gc,start    ] GC(153) Concurrent update references
[67.547s][info][gc,task     ] GC(153) Using 1 of 3 workers for concurrent reference update
[67.556s][info][gc          ] GC(153) Concurrent update references 9.371ms
[67.556s][info][gc,start    ] GC(153) Concurrent update thread roots
[67.557s][info][gc          ] GC(153) Concurrent update thread roots 0.437ms
[67.557s][info][gc,start    ] GC(153) Pause Final Update Refs
[67.557s][info][gc,task     ] GC(153) Using 3 of 3 workers for final reference update
[67.557s][info][gc          ] GC(153) Pause Final Update Refs 0.121ms
[67.565s][info][gc,start    ] GC(153) Concurrent cleanup
[67.565s][info][gc          ] GC(153) Concurrent cleanup 298M->143M(2048M) 0.080ms
[67.565s][info][gc,ergo     ] Free: 1799M, Max: 1024K regular, 1650M humongous, Frag: 8% external, 0% internal; Reserve: 103M, Max: 1024K
[67.565s][info][gc,stats    ] 
[67.565s][info][gc,stats    ] All times are wall-clock times, except per-root-class counters, that are sum over
[67.565s][info][gc,stats    ] all workers. Dividing the <total> over the root stage time estimates parallelism.
[67.565s][info][gc,stats    ] 
[67.565s][info][gc,stats    ] Concurrent Reset                   1072 us
[67.565s][info][gc,stats    ] Pause Init Mark (G)                 242 us
[67.565s][info][gc,stats    ] Pause Init Mark (N)                 108 us
[67.565s][info][gc,stats    ]   Update Region States               42 us
[67.565s][info][gc,stats    ] Concurrent Mark Roots               420 us, parallelism: 0.80x
[67.565s][info][gc,stats    ]   CMR: <total>                      335 us
[67.565s][info][gc,stats    ]   CMR: Thread Roots                 287 us, workers (us): 287, ---, ---, 
[67.565s][info][gc,stats    ]   CMR: VM Strong Roots                6 us, workers (us):   6, ---, ---, 
[67.565s][info][gc,stats    ]   CMR: CLDG Roots                    42 us, workers (us):  42, ---, ---, 
[67.565s][info][gc,stats    ] Concurrent Marking                 9374 us
[67.565s][info][gc,stats    ] Pause Final Mark (G)                473 us
[67.565s][info][gc,stats    ] Pause Final Mark (N)                206 us
[67.565s][info][gc,stats    ]   Finish Mark                        47 us
[67.565s][info][gc,stats    ]   Update Region States               38 us
[67.565s][info][gc,stats    ]   Choose Collection Set              65 us
[67.565s][info][gc,stats    ]   Rebuild Free Set                    9 us
[67.565s][info][gc,stats    ] Concurrent Thread Roots             443 us, parallelism: 0.59x
[67.565s][info][gc,stats    ]   CTR: <total>                      260 us
[67.565s][info][gc,stats    ]   CTR: Thread Roots                 260 us, workers (us): 260, ---, ---, 
[67.565s][info][gc,stats    ] Concurrent Weak References          174 us, parallelism: 0.57x
[67.565s][info][gc,stats    ]   CWRF: <total>                      99 us
[67.565s][info][gc,stats    ]   CWRF: Weak References              99 us, workers (us):  99, ---, ---, 
[67.565s][info][gc,stats    ] Concurrent Weak Roots              6930 us
[67.565s][info][gc,stats    ]   Roots                            1359 us, parallelism: 0.97x
[67.565s][info][gc,stats    ]     CWR: <total>                   1317 us
[67.565s][info][gc,stats    ]     CWR: Code Cache Roots          1210 us, workers (us): 1210, ---, ---, 
[67.565s][info][gc,stats    ]     CWR: VM Weak Roots               98 us, workers (us):  98, ---, ---, 
[67.565s][info][gc,stats    ]     CWR: CLDG Roots                   9 us, workers (us):   9, ---, ---, 
[67.565s][info][gc,stats    ]   Rendezvous                       5510 us
[67.565s][info][gc,stats    ] Concurrent Cleanup                  131 us
[67.565s][info][gc,stats    ] Concurrent Class Unloading         5646 us
[67.565s][info][gc,stats    ]   Unlink Stale                     5165 us
[67.565s][info][gc,stats    ]     System Dictionary                11 us
[67.565s][info][gc,stats    ]     Weak Class Links                  0 us
[67.565s][info][gc,stats    ]     Code Roots                     5152 us
[67.565s][info][gc,stats    ]   Rendezvous                        131 us
[67.565s][info][gc,stats    ]   Purge Unlinked                    289 us
[67.565s][info][gc,stats    ]     Code Roots                      283 us
[67.565s][info][gc,stats    ]     CLDG                              5 us
[67.565s][info][gc,stats    ]     Exception Caches                  0 us
[67.565s][info][gc,stats    ] Concurrent Strong Roots             103 us, parallelism: 0.41x
[67.565s][info][gc,stats    ]   CSR: <total>                       42 us
[67.565s][info][gc,stats    ]   CSR: VM Strong Roots                4 us, workers (us):   4, ---, ---, 
[67.565s][info][gc,stats    ]   CSR: CLDG Roots                    38 us, workers (us):  38, ---, ---, 
[67.565s][info][gc,stats    ] Concurrent Evacuation              1096 us
[67.565s][info][gc,stats    ] Pause Init Update Refs (G)          177 us
[67.565s][info][gc,stats    ] Pause Init Update Refs (N)           57 us
[67.565s][info][gc,stats    ]   Manage GCLABs                       3 us
[67.565s][info][gc,stats    ] Concurrent Update Refs             9445 us
[67.565s][info][gc,stats    ] Concurrent Update Thread Roots      458 us
[67.565s][info][gc,stats    ] Pause Final Update Refs (G)        8006 us
[67.565s][info][gc,stats    ] Pause Final Update Refs (N)         133 us
[67.565s][info][gc,stats    ]   Update Region States               49 us
[67.565s][info][gc,stats    ]   Trash Collection Set               10 us
[67.565s][info][gc,stats    ]   Rebuild Free Set                   16 us
[67.565s][info][gc,stats    ] Concurrent Cleanup                   93 us
[67.565s][info][gc,stats    ] Pacing                            32928 us
[67.565s][info][gc,stats    ] 
[67.565s][info][gc,stats    ] Allocation pacing accrued:
[67.565s][info][gc,stats    ]       6 of   536 ms (  1.0%): Query0
[67.565s][info][gc,stats    ]       5 of   536 ms (  0.9%): Query1
[67.565s][info][gc,stats    ]       5 of   536 ms (  1.0%): Query2
[67.565s][info][gc,stats    ]       5 of   536 ms (  1.0%): Query3
[67.565s][info][gc,stats    ]       6 of   536 ms (  1.1%): Query4
[67.565s][info][gc,stats    ]       6 of   536 ms (  1.1%): Query5
[67.565s][info][gc,stats    ]      33 of   536 ms (  6.1%): <total>
[67.565s][info][gc,stats    ]       2 of   536 ms (  0.3%): <average total>
[67.565s][info][gc,stats    ]       5 of   536 ms (  1.0%): <average non-zero>
[67.565s][info][gc,stats    ] 
[67.565s][info][gc,metaspace] Metaspace: 8805K(9472K)->8805K(9472K) NonClass: 7955K(8320K)->7955K(8320K) Class: 850K(1152K)->850K(1152K)
[67.565s][info][gc,ergo     ] Pacer for Idle. Initial: 41943K, Alloc Tax Rate: 1.0x
[67.985s][info][gc          ] Trigger: Average GC time (52.82 ms) is above the time for average allocation rate (3627 MB/s) to deplete free headroom (150M) (margin of error = 2.03)
[67.985s][info][gc,ergo     ] Free headroom: 253M (free) - 102M (spike) - 0B (penalties) = 150M
[67.986s][info][gc,ergo     ] Free: 253M, Max: 1024K regular, 140M humongous, Frag: 43% external, 1% internal; Reserve: 103M, Max: 1024K
[67.986s][info][gc,start    ] GC(154) Concurrent reset
[67.986s][info][gc,task     ] GC(154) Using 1 of 3 workers for concurrent reset
[67.986s][info][gc,ergo     ] GC(154) Pacer for Reset. Non-Taxable: 2048M
[67.986s][info][gc          ] GC(154) Concurrent reset 0.922ms
[67.987s][info][gc,start    ] GC(154) Pause Init Mark (unload classes)
[67.987s][info][gc,task     ] GC(154) Using 3 of 3 workers for init marking
[67.987s][info][gc,ergo     ] GC(154) Pacer for Mark. Expected Live: 8397K, Free: 249M, Non-Taxable: 25509K, Alloc Tax Rate: 0.0x
[67.987s][info][gc          ] GC(154) Pause Init Mark (unload classes) 0.115ms
[67.987s][info][gc,start    ] GC(154) Concurrent marking roots
[67.987s][info][gc,task     ] GC(154) Using 1 of 3 workers for concurrent marking roots
[67.988s][info][gc          ] GC(154) Concurrent marking roots 0.423ms
[67.988s][info][gc,start    ] GC(154) Concurrent marking (unload classes)
[67.988s][info][gc,task     ] GC(154) Using 1 of 3 workers for concurrent marking
[68.000s][info][gc          ] GC(154) Concurrent marking (unload classes) 12.642ms
[68.001s][info][gc,start    ] GC(154) Pause Final Mark (unload classes)
[68.001s][info][gc,task     ] GC(154) Using 3 of 3 workers for final marking
[68.001s][info][gc,ergo     ] GC(154) Adaptive CSet Selection. Target Free: 290M, Actual Free: 1825M, Max CSet: 87381K, Min Garbage: 0B
[68.001s][info][gc,ergo     ] GC(154) Collectable Garbage: 1683M (99%), Immediate: 1524M (90%), CSet: 159M (9%)
[68.001s][info][gc,ergo     ] GC(154) Pacer for Evacuation. Used CSet: 159M, Free: 1730M, Non-Taxable: 173M, Alloc Tax Rate: 1.1x
[68.001s][info][gc          ] GC(154) Pause Final Mark (unload classes) 0.222ms
[68.001s][info][gc,start    ] GC(154) Concurrent thread roots
[68.001s][info][gc,task     ] GC(154) Using 1 of 3 workers for Concurrent thread roots
[68.001s][info][gc          ] GC(154) Concurrent thread roots 0.367ms
[68.001s][info][gc,start    ] GC(154) Concurrent weak references
[68.001s][info][gc,task     ] GC(154) Using 1 of 3 workers for concurrent weak references
[68.001s][info][gc,ref      ] GC(154) Encountered references: Soft: 137, Weak: 893, Final: 3, Phantom: 102
[68.001s][info][gc,ref      ] GC(154) Discovered  references: Soft: 0, Weak: 432, Final: 1, Phantom: 77
[68.001s][info][gc,ref      ] GC(154) Enqueued    references: Soft: 0, Weak: 291, Final: 0, Phantom: 0
[68.001s][info][gc          ] GC(154) Concurrent weak references 0.150ms
[68.001s][info][gc,start    ] GC(154) Concurrent weak roots
[68.001s][info][gc,task     ] GC(154) Using 1 of 3 workers for concurrent weak root
[68.003s][info][gc          ] GC(154) Concurrent weak roots 1.748ms
[68.003s][info][gc,start    ] GC(154) Concurrent cleanup
[68.003s][info][gc          ] GC(154) Concurrent cleanup 1746M->222M(2048M) 0.105ms
[68.003s][info][gc,ergo     ] GC(154) Free: 1720M, Max: 1024K regular, 141M humongous, Frag: 92% external, 0% internal; Reserve: 102M, Max: 1024K
[68.003s][info][gc,start    ] GC(154) Concurrent class unloading
[68.003s][info][gc,task     ] GC(154) Using 1 of 3 workers for concurrent class unloading
[68.010s][info][gc          ] GC(154) Concurrent class unloading 7.155ms
[68.010s][info][gc,start    ] GC(154) Concurrent strong roots
[68.010s][info][gc,task     ] GC(154) Using 1 of 3 workers for concurrent strong root
[68.011s][info][gc          ] GC(154) Concurrent strong roots 0.092ms
[68.011s][info][gc,start    ] GC(154) Concurrent evacuation
[68.011s][info][gc,task     ] GC(154) Using 1 of 3 workers for concurrent evacuation
[68.012s][info][gc          ] GC(154) Concurrent evacuation 1.034ms
[68.012s][info][gc,start    ] GC(154) Pause Init Update Refs
[68.012s][info][gc,ergo     ] GC(154) Pacer for Update Refs. Used: 248M, Free: 1694M, Non-Taxable: 169M, Alloc Tax Rate: 1.1x
[68.012s][info][gc          ] GC(154) Pause Init Update Refs 0.049ms
[68.013s][info][gc,start    ] GC(154) Concurrent update references
[68.013s][info][gc,task     ] GC(154) Using 1 of 3 workers for concurrent reference update
[68.025s][info][gc          ] GC(154) Concurrent update references 12.348ms
[68.025s][info][gc,start    ] GC(154) Concurrent update thread roots
[68.026s][info][gc          ] GC(154) Concurrent update thread roots 1.137ms
[68.026s][info][gc,start    ] GC(154) Pause Final Update Refs
[68.026s][info][gc,task     ] GC(154) Using 3 of 3 workers for final reference update
[68.026s][info][gc          ] GC(154) Pause Final Update Refs 0.117ms
[68.027s][info][gc,start    ] GC(154) Concurrent cleanup
[68.027s][info][gc          ] GC(154) Concurrent cleanup 284M->125M(2048M) 0.053ms
[68.027s][info][gc,ergo     ] Free: 1817M, Max: 1024K regular, 1552M humongous, Frag: 15% external, 0% internal; Reserve: 103M, Max: 1024K
[68.027s][info][gc,stats    ] 
[68.027s][info][gc,stats    ] All times are wall-clock times, except per-root-class counters, that are sum over
[68.027s][info][gc,stats    ] all workers. Dividing the <total> over the root stage time estimates parallelism.
[68.027s][info][gc,stats    ] 
[68.027s][info][gc,stats    ] Concurrent Reset                    975 us
[68.027s][info][gc,stats    ] Pause Init Mark (G)                 786 us
[68.027s][info][gc,stats    ] Pause Init Mark (N)                 124 us
[68.027s][info][gc,stats    ]   Update Region States               48 us
[68.027s][info][gc,stats    ] Concurrent Mark Roots               442 us, parallelism: 0.79x
[68.027s][info][gc,stats    ]   CMR: <total>                      348 us
[68.027s][info][gc,stats    ]   CMR: Thread Roots                 301 us, workers (us): 301, ---, ---, 
[68.027s][info][gc,stats    ]   CMR: VM Strong Roots                7 us, workers (us):   7, ---, ---, 
[68.027s][info][gc,stats    ]   CMR: CLDG Roots                    40 us, workers (us):  40, ---, ---, 
[68.027s][info][gc,stats    ] Concurrent Marking                12696 us
[68.027s][info][gc,stats    ] Pause Final Mark (G)                368 us
[68.027s][info][gc,stats    ] Pause Final Mark (N)                231 us
[68.027s][info][gc,stats    ]   Finish Mark                        53 us
[68.027s][info][gc,stats    ]   Update Region States               39 us
[68.027s][info][gc,stats    ]   Choose Collection Set              63 us
[68.027s][info][gc,stats    ]   Rebuild Free Set                    8 us
[68.027s][info][gc,stats    ] Concurrent Thread Roots             391 us, parallelism: 0.81x
[68.027s][info][gc,stats    ]   CTR: <total>                      316 us
[68.027s][info][gc,stats    ]   CTR: Thread Roots                 316 us, workers (us): 316, ---, ---, 
[68.027s][info][gc,stats    ] Concurrent Weak References          158 us, parallelism: 0.54x
[68.027s][info][gc,stats    ]   CWRF: <total>                      85 us
[68.027s][info][gc,stats    ]   CWRF: Weak References              85 us, workers (us):  85, ---, ---, 
[68.027s][info][gc,stats    ] Concurrent Weak Roots              1800 us
[68.027s][info][gc,stats    ]   Roots                            1425 us, parallelism: 0.98x
[68.027s][info][gc,stats    ]     CWR: <total>                   1392 us
[68.027s][info][gc,stats    ]     CWR: Code Cache Roots          1289 us, workers (us): 1289, ---, ---, 
[68.027s][info][gc,stats    ]     CWR: VM Weak Roots               96 us, workers (us):  96, ---, ---, 
[68.027s][info][gc,stats    ]     CWR: CLDG Roots                   7 us, workers (us):   7, ---, ---, 
[68.027s][info][gc,stats    ]   Rendezvous                        303 us
[68.027s][info][gc,stats    ] Concurrent Cleanup                  117 us
[68.027s][info][gc,stats    ] Concurrent Class Unloading         7191 us
[68.027s][info][gc,stats    ]   Unlink Stale                     4978 us
[68.027s][info][gc,stats    ]     System Dictionary                12 us
[68.027s][info][gc,stats    ]     Weak Class Links                  0 us
[68.027s][info][gc,stats    ]     Code Roots                     4965 us
[68.027s][info][gc,stats    ]   Rendezvous                       1837 us
[68.027s][info][gc,stats    ]   Purge Unlinked                    319 us
[68.027s][info][gc,stats    ]     Code Roots                      314 us
[68.027s][info][gc,stats    ]     CLDG                              5 us
[68.027s][info][gc,stats    ]     Exception Caches                  0 us
[68.027s][info][gc,stats    ] Concurrent Strong Roots             103 us, parallelism: 0.46x
[68.027s][info][gc,stats    ]   CSR: <total>                       48 us
[68.027s][info][gc,stats    ]   CSR: VM Strong Roots                4 us, workers (us):   4, ---, ---, 
[68.027s][info][gc,stats    ]   CSR: CLDG Roots                    44 us, workers (us):  44, ---, ---, 
[68.027s][info][gc,stats    ] Concurrent Evacuation              1087 us
[68.027s][info][gc,stats    ] Pause Init Update Refs (G)          849 us
[68.027s][info][gc,stats    ] Pause Init Update Refs (N)           59 us
[68.027s][info][gc,stats    ]   Manage GCLABs                       4 us
[68.027s][info][gc,stats    ] Concurrent Update Refs            12411 us
[68.027s][info][gc,stats    ] Concurrent Update Thread Roots     1181 us
[68.027s][info][gc,stats    ] Pause Final Update Refs (G)         669 us
[68.027s][info][gc,stats    ] Pause Final Update Refs (N)         128 us
[68.027s][info][gc,stats    ]   Update Region States               51 us
[68.027s][info][gc,stats    ]   Trash Collection Set                6 us
[68.027s][info][gc,stats    ]   Rebuild Free Set                   13 us
[68.027s][info][gc,stats    ] Concurrent Cleanup                   66 us
[68.027s][info][gc,stats    ] 
[68.027s][info][gc,stats    ] Allocation pacing accrued:
[68.027s][info][gc,stats    ]       0 of   462 ms (  0.0%): <total>
[68.027s][info][gc,stats    ]       0 of   462 ms (  0.0%): <average total>
[68.027s][info][gc,stats    ] 
[68.027s][info][gc,metaspace] Metaspace: 8805K(9472K)->8805K(9472K) NonClass: 7955K(8320K)->7955K(8320K) Class: 850K(1152K)->850K(1152K)
[68.027s][info][gc,ergo     ] Pacer for Idle. Initial: 41943K, Alloc Tax Rate: 1.0x
[68.449s][info][gc          ] Trigger: Average GC time (50.32 ms) is above the time for average allocation rate (3687 MB/s) to deplete free headroom (145M) (margin of error = 2.03)
[68.449s][info][gc,ergo     ] Free headroom: 248M (free) - 102M (spike) - 0B (penalties) = 145M
[68.449s][info][gc,ergo     ] Free: 248M, Max: 1024K regular, 239M humongous, Frag: 0% external, 1% internal; Reserve: 103M, Max: 1024K
[68.449s][info][gc,start    ] GC(155) Concurrent reset
[68.449s][info][gc,task     ] GC(155) Using 1 of 3 workers for concurrent reset
[68.449s][info][gc,ergo     ] GC(155) Pacer for Reset. Non-Taxable: 2048M
[68.450s][info][gc          ] GC(155) Concurrent reset 0.856ms
[68.450s][info][gc,start    ] GC(155) Pause Init Mark (unload classes)
[68.450s][info][gc,task     ] GC(155) Using 3 of 3 workers for init marking
[68.450s][info][gc,ergo     ] GC(155) Pacer for Mark. Expected Live: 8404K, Free: 245M, Non-Taxable: 25089K, Alloc Tax Rate: 0.0x
[68.450s][info][gc          ] GC(155) Pause Init Mark (unload classes) 0.132ms
[68.452s][info][gc,start    ] GC(155) Concurrent marking roots
[68.452s][info][gc,task     ] GC(155) Using 1 of 3 workers for concurrent marking roots
[68.453s][info][gc          ] GC(155) Concurrent marking roots 0.457ms
[68.453s][info][gc,start    ] GC(155) Concurrent marking (unload classes)
[68.453s][info][gc,task     ] GC(155) Using 1 of 3 workers for concurrent marking
[68.462s][info][gc          ] GC(155) Concurrent marking (unload classes) 9.523ms
[68.462s][info][gc,start    ] GC(155) Pause Final Mark (unload classes)
[68.462s][info][gc,task     ] GC(155) Using 3 of 3 workers for final marking
[68.462s][info][gc,ergo     ] GC(155) Adaptive CSet Selection. Target Free: 290M, Actual Free: 1829M, Max CSet: 87381K, Min Garbage: 0B
[68.462s][info][gc,ergo     ] GC(155) Collectable Garbage: 1687M (99%), Immediate: 1528M (90%), CSet: 159M (9%)
[68.462s][info][gc,ergo     ] GC(155) Pacer for Evacuation. Used CSet: 159M, Free: 1734M, Non-Taxable: 173M, Alloc Tax Rate: 1.1x
[68.462s][info][gc          ] GC(155) Pause Final Mark (unload classes) 0.228ms
[68.463s][info][gc,start    ] GC(155) Concurrent thread roots
[68.463s][info][gc,task     ] GC(155) Using 1 of 3 workers for Concurrent thread roots
[68.463s][info][gc          ] GC(155) Concurrent thread roots 0.380ms
[68.463s][info][gc,start    ] GC(155) Concurrent weak references
[68.463s][info][gc,task     ] GC(155) Using 1 of 3 workers for concurrent weak references
[68.463s][info][gc,ref      ] GC(155) Encountered references: Soft: 137, Weak: 902, Final: 3, Phantom: 115
[68.463s][info][gc,ref      ] GC(155) Discovered  references: Soft: 0, Weak: 434, Final: 1, Phantom: 91
[68.463s][info][gc,ref      ] GC(155) Enqueued    references: Soft: 0, Weak: 291, Final: 0, Phantom: 0
[68.463s][info][gc          ] GC(155) Concurrent weak references 0.166ms
[68.463s][info][gc,start    ] GC(155) Concurrent weak roots
[68.463s][info][gc,task     ] GC(155) Using 1 of 3 workers for concurrent weak root
[68.466s][info][gc          ] GC(155) Concurrent weak roots 2.571ms
[68.466s][info][gc,start    ] GC(155) Concurrent cleanup
[68.466s][info][gc          ] GC(155) Concurrent cleanup 1747M->220M(2048M) 0.107ms
[68.466s][info][gc,ergo     ] GC(155) Free: 1722M, Max: 1024K regular, 187M humongous, Frag: 90% external, 0% internal; Reserve: 102M, Max: 1024K
[68.466s][info][gc,start    ] GC(155) Concurrent class unloading
[68.466s][info][gc,task     ] GC(155) Using 1 of 3 workers for concurrent class unloading
[68.472s][info][gc          ] GC(155) Concurrent class unloading 6.135ms
[68.472s][info][gc,start    ] GC(155) Concurrent strong roots
[68.472s][info][gc,task     ] GC(155) Using 1 of 3 workers for concurrent strong root
[68.472s][info][gc          ] GC(155) Concurrent strong roots 0.081ms
[68.472s][info][gc,start    ] GC(155) Concurrent evacuation
[68.472s][info][gc,task     ] GC(155) Using 1 of 3 workers for concurrent evacuation
[68.473s][info][gc          ] GC(155) Concurrent evacuation 0.994ms
[68.473s][info][gc,start    ] GC(155) Pause Init Update Refs
[68.473s][info][gc,ergo     ] GC(155) Pacer for Update Refs. Used: 242M, Free: 1700M, Non-Taxable: 170M, Alloc Tax Rate: 1.1x
[68.473s][info][gc          ] GC(155) Pause Init Update Refs 0.050ms
[68.477s][info][gc,start    ] GC(155) Concurrent update references
[68.477s][info][gc,task     ] GC(155) Using 1 of 3 workers for concurrent reference update
[68.488s][info][gc          ] GC(155) Concurrent update references 10.636ms
[68.488s][info][gc,start    ] GC(155) Concurrent update thread roots
[68.488s][info][gc          ] GC(155) Concurrent update thread roots 0.469ms
[68.488s][info][gc,start    ] GC(155) Pause Final Update Refs
[68.488s][info][gc,task     ] GC(155) Using 3 of 3 workers for final reference update
[68.488s][info][gc          ] GC(155) Pause Final Update Refs 0.116ms
[68.490s][info][gc,start    ] GC(155) Concurrent cleanup
[68.490s][info][gc          ] GC(155) Concurrent cleanup 279M->125M(2048M) 0.054ms
[68.490s][info][gc,ergo     ] Free: 1817M, Max: 1024K regular, 1621M humongous, Frag: 11% external, 0% internal; Reserve: 103M, Max: 1024K
[68.490s][info][gc,stats    ] 
[68.490s][info][gc,stats    ] All times are wall-clock times, except per-root-class counters, that are sum over
[68.490s][info][gc,stats    ] all workers. Dividing the <total> over the root stage time estimates parallelism.
[68.490s][info][gc,stats    ] 
[68.490s][info][gc,stats    ] Concurrent Reset                    924 us
[68.490s][info][gc,stats    ] Pause Init Mark (G)                2002 us
[68.490s][info][gc,stats    ] Pause Init Mark (N)                 142 us
[68.490s][info][gc,stats    ]   Update Region States               43 us
[68.490s][info][gc,stats    ] Concurrent Mark Roots               474 us, parallelism: 0.76x
[68.490s][info][gc,stats    ]   CMR: <total>                      361 us
[68.490s][info][gc,stats    ]   CMR: Thread Roots                 312 us, workers (us): 312, ---, ---, 
[68.490s][info][gc,stats    ]   CMR: VM Strong Roots                7 us, workers (us):   7, ---, ---, 
[68.490s][info][gc,stats    ]   CMR: CLDG Roots                    42 us, workers (us):  42, ---, ---, 
[68.490s][info][gc,stats    ] Concurrent Marking                 9567 us
[68.490s][info][gc,stats    ] Pause Final Mark (G)                355 us
[68.490s][info][gc,stats    ] Pause Final Mark (N)                237 us
[68.490s][info][gc,stats    ]   Finish Mark                        53 us
[68.490s][info][gc,stats    ]   Update Region States               40 us
[68.490s][info][gc,stats    ]   Choose Collection Set              72 us
[68.490s][info][gc,stats    ]   Rebuild Free Set                    8 us
[68.490s][info][gc,stats    ] Concurrent Thread Roots             402 us, parallelism: 0.81x
[68.490s][info][gc,stats    ]   CTR: <total>                      326 us
[68.490s][info][gc,stats    ]   CTR: Thread Roots                 326 us, workers (us): 326, ---, ---, 
[68.490s][info][gc,stats    ] Concurrent Weak References          175 us, parallelism: 0.58x
[68.490s][info][gc,stats    ]   CWRF: <total>                     102 us
[68.490s][info][gc,stats    ]   CWRF: Weak References             102 us, workers (us): 102, ---, ---, 
[68.490s][info][gc,stats    ] Concurrent Weak Roots              2608 us
[68.490s][info][gc,stats    ]   Roots                            1294 us, parallelism: 0.97x
[68.490s][info][gc,stats    ]     CWR: <total>                   1255 us
[68.490s][info][gc,stats    ]     CWR: Code Cache Roots          1149 us, workers (us): 1149, ---, ---, 
[68.490s][info][gc,stats    ]     CWR: VM Weak Roots               97 us, workers (us):  97, ---, ---, 
[68.490s][info][gc,stats    ]     CWR: CLDG Roots                   9 us, workers (us):   9, ---, ---, 
[68.490s][info][gc,stats    ]   Rendezvous                       1256 us
[68.490s][info][gc,stats    ] Concurrent Cleanup                  118 us
[68.490s][info][gc,stats    ] Concurrent Class Unloading         6174 us
[68.490s][info][gc,stats    ]   Unlink Stale                     5023 us
[68.490s][info][gc,stats    ]     System Dictionary                14 us
[68.490s][info][gc,stats    ]     Weak Class Links                  0 us
[68.490s][info][gc,stats    ]     Code Roots                     5006 us
[68.490s][info][gc,stats    ]   Rendezvous                        799 us
[68.490s][info][gc,stats    ]   Purge Unlinked                    288 us
[68.490s][info][gc,stats    ]     Code Roots                      282 us
[68.490s][info][gc,stats    ]     CLDG                              6 us
[68.490s][info][gc,stats    ]     Exception Caches                  0 us
[68.490s][info][gc,stats    ] Concurrent Strong Roots              90 us, parallelism: 0.43x
[68.490s][info][gc,stats    ]   CSR: <total>                       39 us
[68.490s][info][gc,stats    ]   CSR: VM Strong Roots                3 us, workers (us):   3, ---, ---, 
[68.490s][info][gc,stats    ]   CSR: CLDG Roots                    36 us, workers (us):  36, ---, ---, 
[68.490s][info][gc,stats    ] Concurrent Evacuation              1037 us
[68.490s][info][gc,stats    ] Pause Init Update Refs (G)         3740 us
[68.490s][info][gc,stats    ] Pause Init Update Refs (N)           59 us
[68.490s][info][gc,stats    ]   Manage GCLABs                       4 us
[68.490s][info][gc,stats    ] Concurrent Update Refs            10687 us
[68.490s][info][gc,stats    ] Concurrent Update Thread Roots      490 us
[68.490s][info][gc,stats    ] Pause Final Update Refs (G)        1410 us
[68.490s][info][gc,stats    ] Pause Final Update Refs (N)         137 us
[68.490s][info][gc,stats    ]   Update Region States               45 us
[68.490s][info][gc,stats    ]   Trash Collection Set                9 us
[68.490s][info][gc,stats    ]   Rebuild Free Set                   16 us
[68.490s][info][gc,stats    ] Concurrent Cleanup                   66 us
[68.490s][info][gc,stats    ] 
[68.490s][info][gc,stats    ] Allocation pacing accrued:
[68.490s][info][gc,stats    ]       0 of   463 ms (  0.0%): <total>
[68.490s][info][gc,stats    ]       0 of   463 ms (  0.0%): <average total>
[68.490s][info][gc,stats    ] 
[68.490s][info][gc,metaspace] Metaspace: 8805K(9472K)->8805K(9472K) NonClass: 7955K(8320K)->7955K(8320K) Class: 850K(1152K)->850K(1152K)
[68.490s][info][gc,ergo     ] Pacer for Idle. Initial: 41943K, Alloc Tax Rate: 1.0x
[68.919s][info][gc          ] Trigger: Average GC time (47.48 ms) is above the time for average allocation rate (3688 MB/s) to deplete free headroom (116M) (margin of error = 2.03)
[68.919s][info][gc,ergo     ] Free headroom: 218M (free) - 102M (spike) - 0B (penalties) = 116M
[68.919s][info][gc,ergo     ] Free: 217M, Max: 1024K regular, 187M humongous, Frag: 11% external, 1% internal; Reserve: 103M, Max: 1024K
[68.919s][info][gc,start    ] GC(156) Concurrent reset
[68.919s][info][gc,task     ] GC(156) Using 1 of 3 workers for concurrent reset
[68.919s][info][gc,ergo     ] GC(156) Pacer for Reset. Non-Taxable: 2048M
[68.920s][info][gc          ] GC(156) Concurrent reset 0.914ms
[68.920s][info][gc,start    ] GC(156) Pause Init Mark (unload classes)
[68.920s][info][gc,task     ] GC(156) Using 3 of 3 workers for init marking
[68.920s][info][gc,ergo     ] GC(156) Pacer for Mark. Expected Live: 8405K, Free: 216M, Non-Taxable: 22209K, Alloc Tax Rate: 0.0x
[68.920s][info][gc          ] GC(156) Pause Init Mark (unload classes) 0.127ms
[68.926s][info][gc,start    ] GC(156) Concurrent marking roots
[68.926s][info][gc,task     ] GC(156) Using 1 of 3 workers for concurrent marking roots
[68.927s][info][gc          ] GC(156) Concurrent marking roots 0.450ms
[68.927s][info][gc,start    ] GC(156) Concurrent marking (unload classes)
[68.927s][info][gc,task     ] GC(156) Using 1 of 3 workers for concurrent marking
[68.932s][info][gc          ] GC(156) Concurrent marking (unload classes) 4.728ms
[68.932s][info][gc,start    ] GC(156) Pause Final Mark (unload classes)
[68.932s][info][gc,task     ] GC(156) Using 3 of 3 workers for final marking
[68.932s][info][gc,ergo     ] GC(156) Adaptive CSet Selection. Target Free: 290M, Actual Free: 1839M, Max CSet: 87381K, Min Garbage: 0B
[68.932s][info][gc,ergo     ] GC(156) Collectable Garbage: 1715M (99%), Immediate: 1551M (90%), CSet: 164M (9%)
[68.932s][info][gc,ergo     ] GC(156) Pacer for Evacuation. Used CSet: 165M, Free: 1744M, Non-Taxable: 174M, Alloc Tax Rate: 1.1x
[68.932s][info][gc          ] GC(156) Pause Final Mark (unload classes) 0.307ms
[68.932s][info][gc,start    ] GC(156) Concurrent thread roots
[68.932s][info][gc,task     ] GC(156) Using 1 of 3 workers for Concurrent thread roots
[68.933s][info][gc          ] GC(156) Concurrent thread roots 0.806ms
[68.933s][info][gc,start    ] GC(156) Concurrent weak references
[68.933s][info][gc,task     ] GC(156) Using 1 of 3 workers for concurrent weak references
[68.933s][info][gc,ref      ] GC(156) Encountered references: Soft: 137, Weak: 912, Final: 3, Phantom: 108
[68.933s][info][gc,ref      ] GC(156) Discovered  references: Soft: 0, Weak: 437, Final: 1, Phantom: 78
[68.933s][info][gc,ref      ] GC(156) Enqueued    references: Soft: 0, Weak: 304, Final: 0, Phantom: 0
[68.933s][info][gc          ] GC(156) Concurrent weak references 0.100ms
[68.933s][info][gc,start    ] GC(156) Concurrent weak roots
[68.933s][info][gc,task     ] GC(156) Using 1 of 3 workers for concurrent weak root
[68.934s][info][gc          ] GC(156) Concurrent weak roots 1.263ms
[68.934s][info][gc,start    ] GC(156) Concurrent cleanup
[68.934s][info][gc          ] GC(156) Concurrent cleanup 1751M->200M(2048M) 0.097ms
[68.934s][info][gc,ergo     ] GC(156) Free: 1742M, Max: 1024K regular, 183M humongous, Frag: 90% external, 0% internal; Reserve: 102M, Max: 1024K
[68.934s][info][gc,start    ] GC(156) Concurrent class unloading
[68.934s][info][gc,task     ] GC(156) Using 1 of 3 workers for concurrent class unloading
[68.940s][info][gc          ] GC(156) Concurrent class unloading 5.652ms
[68.940s][info][gc,start    ] GC(156) Concurrent strong roots
[68.940s][info][gc,task     ] GC(156) Using 1 of 3 workers for concurrent strong root
[68.940s][info][gc          ] GC(156) Concurrent strong roots 0.086ms
[68.940s][info][gc,start    ] GC(156) Concurrent evacuation
[68.940s][info][gc,task     ] GC(156) Using 1 of 3 workers for concurrent evacuation
[68.941s][info][gc          ] GC(156) Concurrent evacuation 1.008ms
[68.941s][info][gc,start    ] GC(156) Pause Init Update Refs
[68.941s][info][gc,ergo     ] GC(156) Pacer for Update Refs. Used: 220M, Free: 1723M, Non-Taxable: 172M, Alloc Tax Rate: 1.1x
[68.941s][info][gc          ] GC(156) Pause Init Update Refs 0.049ms
[68.941s][info][gc,start    ] GC(156) Concurrent update references
[68.941s][info][gc,task     ] GC(156) Using 1 of 3 workers for concurrent reference update
[68.949s][info][gc          ] GC(156) Concurrent update references 7.605ms
[68.949s][info][gc,start    ] GC(156) Concurrent update thread roots
[68.950s][info][gc          ] GC(156) Concurrent update thread roots 1.371ms
[68.951s][info][gc,start    ] GC(156) Pause Final Update Refs
[68.951s][info][gc,task     ] GC(156) Using 3 of 3 workers for final reference update
[68.951s][info][gc          ] GC(156) Pause Final Update Refs 0.127ms
[68.953s][info][gc,start    ] GC(156) Concurrent cleanup
[68.953s][info][gc          ] GC(156) Concurrent cleanup 246M->86M(2048M) 0.074ms
[68.953s][info][gc,ergo     ] Free: 1856M, Max: 1024K regular, 1616M humongous, Frag: 13% external, 0% internal; Reserve: 103M, Max: 1024K
[68.953s][info][gc,stats    ] 
[68.953s][info][gc,stats    ] All times are wall-clock times, except per-root-class counters, that are sum over
[68.953s][info][gc,stats    ] all workers. Dividing the <total> over the root stage time estimates parallelism.
[68.953s][info][gc,stats    ] 
[68.953s][info][gc,stats    ] Concurrent Reset                    991 us
[68.953s][info][gc,stats    ] Pause Init Mark (G)                6427 us
[68.953s][info][gc,stats    ] Pause Init Mark (N)                 137 us
[68.953s][info][gc,stats    ]   Update Region States               47 us
[68.953s][info][gc,stats    ] Concurrent Mark Roots               471 us, parallelism: 0.69x
[68.953s][info][gc,stats    ]   CMR: <total>                      325 us
[68.953s][info][gc,stats    ]   CMR: Thread Roots                 276 us, workers (us): 276, ---, ---, 
[68.953s][info][gc,stats    ]   CMR: VM Strong Roots                6 us, workers (us):   6, ---, ---, 
[68.953s][info][gc,stats    ]   CMR: CLDG Roots                    43 us, workers (us):  43, ---, ---, 
[68.953s][info][gc,stats    ] Concurrent Marking                 4791 us
[68.953s][info][gc,stats    ] Pause Final Mark (G)                396 us
[68.953s][info][gc,stats    ] Pause Final Mark (N)                324 us
[68.953s][info][gc,stats    ]   Finish Mark                        53 us
[68.953s][info][gc,stats    ]   Update Region States               45 us
[68.953s][info][gc,stats    ]   Choose Collection Set              98 us
[68.953s][info][gc,stats    ]   Rebuild Free Set                   18 us
[68.953s][info][gc,stats    ] Concurrent Thread Roots             815 us, parallelism: 0.90x
[68.953s][info][gc,stats    ]   CTR: <total>                      735 us
[68.953s][info][gc,stats    ]   CTR: Thread Roots                 735 us, workers (us): 735, ---, ---, 
[68.953s][info][gc,stats    ] Concurrent Weak References          107 us, parallelism: 0.39x
[68.953s][info][gc,stats    ]   CWRF: <total>                      42 us
[68.953s][info][gc,stats    ]   CWRF: Weak References              42 us, workers (us):  42, ---, ---, 
[68.953s][info][gc,stats    ] Concurrent Weak Roots              1277 us
[68.953s][info][gc,stats    ]   Roots                            1212 us, parallelism: 0.97x
[68.953s][info][gc,stats    ]     CWR: <total>                   1180 us
[68.953s][info][gc,stats    ]     CWR: Code Cache Roots          1001 us, workers (us): 1001, ---, ---, 
[68.953s][info][gc,stats    ]     CWR: VM Weak Roots              171 us, workers (us): 171, ---, ---, 
[68.953s][info][gc,stats    ]     CWR: CLDG Roots                   7 us, workers (us):   7, ---, ---, 
[68.953s][info][gc,stats    ]   Rendezvous                         36 us
[68.953s][info][gc,stats    ] Concurrent Cleanup                  105 us
[68.953s][info][gc,stats    ] Concurrent Class Unloading         5681 us
[68.953s][info][gc,stats    ]   Unlink Stale                     5085 us
[68.953s][info][gc,stats    ]     System Dictionary                 7 us
[68.953s][info][gc,stats    ]     Weak Class Links                  0 us
[68.953s][info][gc,stats    ]     Code Roots                     5076 us
[68.953s][info][gc,stats    ]   Rendezvous                        275 us
[68.953s][info][gc,stats    ]   Purge Unlinked                    273 us
[68.953s][info][gc,stats    ]     Code Roots                      269 us
[68.953s][info][gc,stats    ]     CLDG                              4 us
[68.953s][info][gc,stats    ]     Exception Caches                  0 us
[68.953s][info][gc,stats    ] Concurrent Strong Roots              96 us, parallelism: 0.45x
[68.953s][info][gc,stats    ]   CSR: <total>                       43 us
[68.953s][info][gc,stats    ]   CSR: VM Strong Roots                4 us, workers (us):   4, ---, ---, 
[68.953s][info][gc,stats    ]   CSR: CLDG Roots                    39 us, workers (us):  39, ---, ---, 
[68.953s][info][gc,stats    ] Concurrent Evacuation              1059 us
[68.953s][info][gc,stats    ] Pause Init Update Refs (G)          161 us
[68.954s][info][gc,stats    ] Pause Init Update Refs (N)           58 us
[68.954s][info][gc,stats    ]   Manage GCLABs                       3 us
[68.954s][info][gc,stats    ] Concurrent Update Refs             7657 us
[68.954s][info][gc,stats    ] Concurrent Update Thread Roots     1418 us
[68.954s][info][gc,stats    ] Pause Final Update Refs (G)        2503 us
[68.954s][info][gc,stats    ] Pause Final Update Refs (N)         150 us
[68.954s][info][gc,stats    ]   Update Region States               54 us
[68.954s][info][gc,stats    ]   Trash Collection Set               10 us
[68.954s][info][gc,stats    ]   Rebuild Free Set                   15 us
[68.954s][info][gc,stats    ] Concurrent Cleanup                   86 us
[68.954s][info][gc,stats    ] Pacing                            38527 us
[68.954s][info][gc,stats    ] 
[68.954s][info][gc,stats    ] Allocation pacing accrued:
[68.954s][info][gc,stats    ]       9 of   464 ms (  1.9%): Query0
[68.954s][info][gc,stats    ]       8 of   464 ms (  1.8%): Query1
[68.954s][info][gc,stats    ]       6 of   464 ms (  1.3%): Query2
[68.954s][info][gc,stats    ]       7 of   464 ms (  1.6%): Query4
[68.954s][info][gc,stats    ]       8 of   464 ms (  1.8%): Query5
[68.954s][info][gc,stats    ]      39 of   464 ms (  8.3%): <total>
[68.954s][info][gc,stats    ]       2 of   464 ms (  0.5%): <average total>
[68.954s][info][gc,stats    ]       8 of   464 ms (  1.7%): <average non-zero>
[68.954s][info][gc,stats    ] 
[68.954s][info][gc,metaspace] Metaspace: 8805K(9472K)->8805K(9472K) NonClass: 7955K(8320K)->7955K(8320K) Class: 850K(1152K)->850K(1152K)
[68.954s][info][gc,ergo     ] Pacer for Idle. Initial: 41943K, Alloc Tax Rate: 1.0x
[69.648s][info][gc          ] Trigger: Explicit GC request (System.gc())
[69.648s][info][gc,ergo     ] Free: 576M, Max: 1024K regular, 335M humongous, Frag: 41% external, 0% internal; Reserve: 103M, Max: 1024K
[69.648s][info][gc,start    ] GC(157) Concurrent reset
[69.648s][info][gc,task     ] GC(157) Using 1 of 3 workers for concurrent reset
[69.648s][info][gc,ergo     ] GC(157) Pacer for Reset. Non-Taxable: 2048M
[69.649s][info][gc          ] GC(157) Concurrent reset 1.059ms
[69.649s][info][gc,start    ] GC(157) Pause Init Mark (unload classes)
[69.649s][info][gc,task     ] GC(157) Using 3 of 3 workers for init marking
[69.649s][info][gc,ref      ] GC(157) Clearing All SoftReferences
[69.650s][info][gc,ergo     ] GC(157) Pacer for Mark. Expected Live: 8405K, Free: 576M, Non-Taxable: 59003K, Alloc Tax Rate: 0.0x
[69.650s][info][gc          ] GC(157) Pause Init Mark (unload classes) 0.128ms
[69.650s][info][gc,start    ] GC(157) Concurrent marking roots
[69.650s][info][gc,task     ] GC(157) Using 1 of 3 workers for concurrent marking roots
[69.650s][info][gc          ] GC(157) Concurrent marking roots 0.367ms
[69.650s][info][gc,start    ] GC(157) Concurrent marking (unload classes)
[69.650s][info][gc,task     ] GC(157) Using 1 of 3 workers for concurrent marking
[69.654s][info][gc          ] GC(157) Concurrent marking (unload classes) 3.974ms
[69.654s][info][gc,start    ] GC(157) Pause Final Mark (unload classes)
[69.654s][info][gc,task     ] GC(157) Using 3 of 3 workers for final marking
[69.654s][info][gc,ergo     ] GC(157) Collectable Garbage: 1351M (99%), Immediate: 1351M (99%), CSet: 0B (0%)
[69.654s][info][gc          ] GC(157) Pause Final Mark (unload classes) 0.394ms
[69.655s][info][gc,start    ] GC(157) Concurrent weak references
[69.655s][info][gc,task     ] GC(157) Using 1 of 3 workers for concurrent weak references
[69.655s][info][gc,ref      ] GC(157) Encountered references: Soft: 137, Weak: 556, Final: 3, Phantom: 26
[69.655s][info][gc,ref      ] GC(157) Discovered  references: Soft: 91, Weak: 149, Final: 1, Phantom: 24
[69.655s][info][gc,ref      ] GC(157) Enqueued    references: Soft: 0, Weak: 0, Final: 0, Phantom: 0
[69.655s][info][gc          ] GC(157) Concurrent weak references 0.240ms
[69.655s][info][gc,start    ] GC(157) Concurrent weak roots
[69.655s][info][gc,task     ] GC(157) Using 1 of 3 workers for concurrent weak root
[69.656s][info][gc          ] GC(157) Concurrent weak roots 1.178ms
[69.656s][info][gc,start    ] GC(157) Concurrent cleanup
[69.656s][info][gc          ] GC(157) Concurrent cleanup 1363M->12M(2048M) 0.088ms
[69.656s][info][gc,ergo     ] GC(157) Free: 1930M, Max: 1024K regular, 1305M humongous, Frag: 33% external, 0% internal; Reserve: 103M, Max: 1024K
[69.656s][info][gc,start    ] GC(157) Concurrent class unloading
[69.656s][info][gc,task     ] GC(157) Using 1 of 3 workers for concurrent class unloading
[69.661s][info][gc          ] GC(157) Concurrent class unloading 5.242ms
[69.662s][info][gc,start    ] GC(157) Pause Final Roots
[69.662s][info][gc          ] GC(157) Pause Final Roots 0.055ms
[69.662s][info][gc,ergo     ] Free: 1930M, Max: 1024K regular, 1305M humongous, Frag: 33% external, 0% internal; Reserve: 103M, Max: 1024K
[69.662s][info][gc,stats    ] 
[69.662s][info][gc,stats    ] All times are wall-clock times, except per-root-class counters, that are sum over
[69.662s][info][gc,stats    ] all workers. Dividing the <total> over the root stage time estimates parallelism.
[69.662s][info][gc,stats    ] 
[69.662s][info][gc,stats    ] Concurrent Reset                   1107 us
[69.662s][info][gc,stats    ] Pause Init Mark (G)                 212 us
[69.662s][info][gc,stats    ] Pause Init Mark (N)                 137 us
[69.662s][info][gc,stats    ]   Update Region States               58 us
[69.662s][info][gc,stats    ] Concurrent Mark Roots               398 us, parallelism: 0.69x
[69.662s][info][gc,stats    ]   CMR: <total>                      275 us
[69.662s][info][gc,stats    ]   CMR: Thread Roots                 231 us, workers (us): 231, ---, ---, 
[69.662s][info][gc,stats    ]   CMR: VM Strong Roots                6 us, workers (us):   6, ---, ---, 
[69.662s][info][gc,stats    ]   CMR: CLDG Roots                    39 us, workers (us):  39, ---, ---, 
[69.662s][info][gc,stats    ] Concurrent Marking                 4031 us
[69.662s][info][gc,stats    ] Pause Final Mark (G)                542 us
[69.662s][info][gc,stats    ] Pause Final Mark (N)                419 us
[69.662s][info][gc,stats    ]   Finish Mark                        96 us
[69.662s][info][gc,stats    ]   Update Region States               97 us
[69.662s][info][gc,stats    ]   Choose Collection Set              95 us
[69.662s][info][gc,stats    ]   Rebuild Free Set                   21 us
[69.662s][info][gc,stats    ] Concurrent Weak References          256 us, parallelism: 0.06x
[69.662s][info][gc,stats    ]   CWRF: <total>                      15 us
[69.662s][info][gc,stats    ]   CWRF: Weak References              15 us, workers (us):  15, ---, ---, 
[69.662s][info][gc,stats    ] Concurrent Weak Roots              1217 us
[69.662s][info][gc,stats    ]   Roots                            1056 us, parallelism: 0.92x
[69.662s][info][gc,stats    ]     CWR: <total>                    974 us
[69.662s][info][gc,stats    ]     CWR: Code Cache Roots           901 us, workers (us): 901, ---, ---, 
[69.662s][info][gc,stats    ]     CWR: VM Weak Roots               69 us, workers (us):  69, ---, ---, 
[69.662s][info][gc,stats    ]     CWR: CLDG Roots                   5 us, workers (us):   5, ---, ---, 
[69.662s][info][gc,stats    ]   Rendezvous                         86 us
[69.662s][info][gc,stats    ] Concurrent Cleanup                   98 us
[69.662s][info][gc,stats    ] Concurrent Class Unloading         5315 us
[69.662s][info][gc,stats    ]   Unlink Stale                     4874 us
[69.662s][info][gc,stats    ]     System Dictionary                 7 us
[69.662s][info][gc,stats    ]     Weak Class Links                  0 us
[69.662s][info][gc,stats    ]     Code Roots                     4864 us
[69.662s][info][gc,stats    ]   Rendezvous                        130 us
[69.662s][info][gc,stats    ]   Purge Unlinked                    216 us
[69.662s][info][gc,stats    ]     Code Roots                      204 us
[69.662s][info][gc,stats    ]     CLDG                             11 us
[69.662s][info][gc,stats    ]     Exception Caches                  0 us
[69.662s][info][gc,stats    ] Pause Final Roots (G)               194 us
[69.662s][info][gc,stats    ] Pause Final Roots (N)                78 us
[69.662s][info][gc,stats    ] 
[69.662s][info][gc,stats    ] Allocation pacing accrued:
[69.662s][info][gc,stats    ]       0 of   709 ms (  0.0%): <total>
[69.662s][info][gc,stats    ]       0 of   709 ms (  0.0%): <average total>
[69.662s][info][gc,stats    ] 
[69.662s][info][gc,metaspace] Metaspace: 8805K(9472K)->8805K(9472K) NonClass: 7955K(8320K)->7955K(8320K) Class: 850K(1152K)->850K(1152K)
[69.662s][info][gc,ergo     ] Pacer for Idle. Initial: 41943K, Alloc Tax Rate: 1.0x
[69.984s][info][gc          ] Trigger: Learning 2 of 5. Free (1402M) is below initial threshold (1433M)
[69.984s][info][gc,ergo     ] Free: 1402M, Max: 1024K regular, 778M humongous, Frag: 45% external, 0% internal; Reserve: 103M, Max: 1024K
[69.984s][info][gc,start    ] GC(158) Concurrent reset
[69.984s][info][gc,task     ] GC(158) Using 1 of 3 workers for concurrent reset
[69.984s][info][gc,ergo     ] GC(158) Pacer for Reset. Non-Taxable: 2048M
[69.984s][info][gc          ] GC(158) Concurrent reset 0.204ms
[69.985s][info][gc,start    ] GC(158) Pause Init Mark (unload classes)
[69.985s][info][gc,task     ] GC(158) Using 3 of 3 workers for init marking
[69.985s][info][gc,ergo     ] GC(158) Pacer for Mark. Expected Live: 8289K, Free: 1402M, Non-Taxable: 140M, Alloc Tax Rate: 0.0x
[69.985s][info][gc          ] GC(158) Pause Init Mark (unload classes) 0.091ms
[69.985s][info][gc,start    ] GC(158) Concurrent marking roots
[69.985s][info][gc,task     ] GC(158) Using 1 of 3 workers for concurrent marking roots
[69.986s][info][gc          ] GC(158) Concurrent marking roots 0.845ms
[69.986s][info][gc,start    ] GC(158) Concurrent marking (unload classes)
[69.986s][info][gc,task     ] GC(158) Using 1 of 3 workers for concurrent marking
[69.990s][info][gc          ] GC(158) Concurrent marking (unload classes) 4.553ms
[69.990s][info][gc,start    ] GC(158) Pause Final Mark (unload classes)
[69.990s][info][gc,task     ] GC(158) Using 3 of 3 workers for final marking
[69.991s][info][gc,ergo     ] GC(158) Adaptive CSet Selection. Target Free: 290M, Actual Free: 1960M, Max CSet: 87381K, Min Garbage: 0B
[69.991s][info][gc,ergo     ] GC(158) Collectable Garbage: 527M (99%), Immediate: 463M (87%), CSet: 65968K (12%)
[69.991s][info][gc,ergo     ] GC(158) Pacer for Evacuation. Used CSet: 66818K, Free: 1867M, Non-Taxable: 186M, Alloc Tax Rate: 1.1x
[69.991s][info][gc          ] GC(158) Pause Final Mark (unload classes) 0.409ms
[69.991s][info][gc,start    ] GC(158) Concurrent thread roots
[69.991s][info][gc,task     ] GC(158) Using 1 of 3 workers for Concurrent thread roots
[69.992s][info][gc          ] GC(158) Concurrent thread roots 0.975ms
[69.992s][info][gc,start    ] GC(158) Concurrent weak references
[69.992s][info][gc,task     ] GC(158) Using 1 of 3 workers for concurrent weak references
[69.992s][info][gc,ref      ] GC(158) Encountered references: Soft: 137, Weak: 696, Final: 3, Phantom: 124
[69.992s][info][gc,ref      ] GC(158) Discovered  references: Soft: 0, Weak: 221, Final: 1, Phantom: 109
[69.992s][info][gc,ref      ] GC(158) Enqueued    references: Soft: 0, Weak: 86, Final: 0, Phantom: 0
[69.992s][info][gc          ] GC(158) Concurrent weak references 0.171ms
[69.992s][info][gc,start    ] GC(158) Concurrent weak roots
[69.992s][info][gc,task     ] GC(158) Using 1 of 3 workers for concurrent weak root
[69.993s][info][gc          ] GC(158) Concurrent weak roots 1.277ms
[69.993s][info][gc,start    ] GC(158) Concurrent cleanup
[69.993s][info][gc          ] GC(158) Concurrent cleanup 538M->75M(2048M) 0.048ms
[69.993s][info][gc,ergo     ] GC(158) Free: 1867M, Max: 1024K regular, 1395M humongous, Frag: 25% external, 0% internal; Reserve: 102M, Max: 1024K
[69.993s][info][gc,start    ] GC(158) Concurrent class unloading
[69.993s][info][gc,task     ] GC(158) Using 1 of 3 workers for concurrent class unloading
[69.998s][info][gc          ] GC(158) Concurrent class unloading 4.738ms
[69.998s][info][gc,start    ] GC(158) Concurrent strong roots
[69.998s][info][gc,task     ] GC(158) Using 1 of 3 workers for concurrent strong root
[69.998s][info][gc          ] GC(158) Concurrent strong roots 0.188ms
[69.998s][info][gc,start    ] GC(158) Concurrent evacuation
[69.998s][info][gc,task     ] GC(158) Using 1 of 3 workers for concurrent evacuation
[69.999s][info][gc          ] GC(158) Concurrent evacuation 0.541ms
[69.999s][info][gc,start    ] GC(158) Pause Init Update Refs
[69.999s][info][gc,ergo     ] GC(158) Pacer for Update Refs. Used: 77997K, Free: 1867M, Non-Taxable: 186M, Alloc Tax Rate: 1.1x
[69.999s][info][gc          ] GC(158) Pause Init Update Refs 0.058ms
[69.999s][info][gc,start    ] GC(158) Concurrent update references
[69.999s][info][gc,task     ] GC(158) Using 1 of 3 workers for concurrent reference update
[70.001s][info][gc          ] GC(158) Concurrent update references 1.833ms
[70.001s][info][gc,start    ] GC(158) Concurrent update thread roots
[70.001s][info][gc          ] GC(158) Concurrent update thread roots 0.483ms
[70.001s][info][gc,start    ] GC(158) Pause Final Update Refs
[70.001s][info][gc,task     ] GC(158) Using 3 of 3 workers for final reference update
[70.002s][info][gc          ] GC(158) Pause Final Update Refs 0.110ms
[70.005s][info][gc,start    ] GC(158) Concurrent cleanup
[70.005s][info][gc          ] GC(158) Concurrent cleanup 90M->30M(2048M) 0.073ms
[70.005s][info][gc,ergo     ] Free: 1912M, Max: 1024K regular, 1904M humongous, Frag: 0% external, 0% internal; Reserve: 103M, Max: 1024K
[70.005s][info][gc,stats    ] 
[70.005s][info][gc,stats    ] All times are wall-clock times, except per-root-class counters, that are sum over
[70.005s][info][gc,stats    ] all workers. Dividing the <total> over the root stage time estimates parallelism.
[70.005s][info][gc,stats    ] 
[70.005s][info][gc,stats    ] Concurrent Reset                    240 us
[70.005s][info][gc,stats    ] Pause Init Mark (G)                 178 us
[70.005s][info][gc,stats    ] Pause Init Mark (N)                  99 us
[70.005s][info][gc,stats    ]   Update Region States               56 us
[70.005s][info][gc,stats    ] Concurrent Mark Roots               870 us, parallelism: 0.82x
[70.005s][info][gc,stats    ]   CMR: <total>                      712 us
[70.005s][info][gc,stats    ]   CMR: Thread Roots                 674 us, workers (us): 674, ---, ---, 
[70.005s][info][gc,stats    ]   CMR: VM Strong Roots                4 us, workers (us):   4, ---, ---, 
[70.005s][info][gc,stats    ]   CMR: CLDG Roots                    34 us, workers (us):  34, ---, ---, 
[70.005s][info][gc,stats    ] Concurrent Marking                 4615 us
[70.005s][info][gc,stats    ] Pause Final Mark (G)                505 us
[70.005s][info][gc,stats    ] Pause Final Mark (N)                429 us
[70.005s][info][gc,stats    ]   Finish Mark                       142 us
[70.005s][info][gc,stats    ]   Update Region States               74 us
[70.005s][info][gc,stats    ]   Choose Collection Set              92 us
[70.005s][info][gc,stats    ]   Rebuild Free Set                   21 us
[70.005s][info][gc,stats    ] Concurrent Thread Roots            1001 us, parallelism: 0.83x
[70.005s][info][gc,stats    ]   CTR: <total>                      831 us
[70.005s][info][gc,stats    ]   CTR: Thread Roots                 831 us, workers (us): 831, ---, ---, 
[70.005s][info][gc,stats    ] Concurrent Weak References          179 us, parallelism: 0.24x
[70.005s][info][gc,stats    ]   CWRF: <total>                      43 us
[70.006s][info][gc,stats    ]   CWRF: Weak References              43 us, workers (us):  43, ---, ---, 
[70.006s][info][gc,stats    ] Concurrent Weak Roots              1316 us
[70.006s][info][gc,stats    ]   Roots                            1225 us, parallelism: 0.94x
[70.006s][info][gc,stats    ]     CWR: <total>                   1150 us
[70.006s][info][gc,stats    ]     CWR: Code Cache Roots          1039 us, workers (us): 1039, ---, ---, 
[70.006s][info][gc,stats    ]     CWR: VM Weak Roots              103 us, workers (us): 103, ---, ---, 
[70.006s][info][gc,stats    ]     CWR: CLDG Roots                   8 us, workers (us):   8, ---, ---, 
[70.006s][info][gc,stats    ]   Rendezvous                         34 us
[70.006s][info][gc,stats    ] Concurrent Cleanup                   57 us
[70.006s][info][gc,stats    ] Concurrent Class Unloading         4806 us
[70.006s][info][gc,stats    ]   Unlink Stale                     4432 us
[70.006s][info][gc,stats    ]     System Dictionary                 7 us
[70.006s][info][gc,stats    ]     Weak Class Links                  0 us
[70.006s][info][gc,stats    ]     Code Roots                     4423 us
[70.006s][info][gc,stats    ]   Rendezvous                         62 us
[70.006s][info][gc,stats    ]   Purge Unlinked                    220 us
[70.006s][info][gc,stats    ]     Code Roots                      208 us
[70.006s][info][gc,stats    ]     CLDG                             11 us
[70.006s][info][gc,stats    ]     Exception Caches                  0 us
[70.006s][info][gc,stats    ] Concurrent Strong Roots             226 us, parallelism: 0.24x
[70.006s][info][gc,stats    ]   CSR: <total>                       55 us
[70.006s][info][gc,stats    ]   CSR: VM Strong Roots                7 us, workers (us):   7, ---, ---, 
[70.006s][info][gc,stats    ]   CSR: CLDG Roots                    47 us, workers (us):  47, ---, ---, 
[70.006s][info][gc,stats    ] Concurrent Evacuation               596 us
[70.006s][info][gc,stats    ] Pause Init Update Refs (G)          138 us
[70.006s][info][gc,stats    ] Pause Init Update Refs (N)           78 us
[70.006s][info][gc,stats    ]   Manage GCLABs                       4 us
[70.006s][info][gc,stats    ] Concurrent Update Refs             1898 us
[70.006s][info][gc,stats    ] Concurrent Update Thread Roots      508 us
[70.006s][info][gc,stats    ] Pause Final Update Refs (G)        3743 us
[70.006s][info][gc,stats    ] Pause Final Update Refs (N)         128 us
[70.006s][info][gc,stats    ]   Update Region States               54 us
[70.006s][info][gc,stats    ]   Trash Collection Set                4 us
[70.006s][info][gc,stats    ]   Rebuild Free Set                   14 us
[70.006s][info][gc,stats    ] Concurrent Cleanup                   84 us
[70.006s][info][gc,stats    ] Pacing                          1120799 us
[70.006s][info][gc,stats    ] 
[70.006s][info][gc,stats    ] Allocation pacing accrued:
[70.006s][info][gc,stats    ]     172 of   343 ms ( 50.0%): Query0
[70.006s][info][gc,stats    ]     194 of   343 ms ( 56.4%): Query1
[70.006s][info][gc,stats    ]     186 of   343 ms ( 54.2%): Query2
[70.006s][info][gc,stats    ]     192 of   343 ms ( 56.0%): Query3
[70.006s][info][gc,stats    ]     205 of   343 ms ( 59.8%): Query4
[70.006s][info][gc,stats    ]     172 of   343 ms ( 50.0%): Query5
[70.006s][info][gc,stats    ]    1121 of   343 ms (326.4%): <total>
[70.006s][info][gc,stats    ]      62 of   343 ms ( 18.1%): <average total>
[70.006s][info][gc,stats    ]     187 of   343 ms ( 54.4%): <average non-zero>
[70.006s][info][gc,stats    ] 
[70.006s][info][gc,metaspace] Metaspace: 8805K(9472K)->8805K(9472K) NonClass: 7955K(8320K)->7955K(8320K) Class: 850K(1152K)->850K(1152K)
[70.006s][info][gc,ergo     ] Pacer for Idle. Initial: 41943K, Alloc Tax Rate: 1.0x
[70.142s][info][gc          ] Trigger: Learning 3 of 5. Free (1408M) is below initial threshold (1433M)
[70.142s][info][gc,ergo     ] Free: 1408M, Max: 1024K regular, 1400M humongous, Frag: 0% external, 0% internal; Reserve: 103M, Max: 1024K
[70.142s][info][gc,start    ] GC(159) Concurrent reset
[70.142s][info][gc,task     ] GC(159) Using 1 of 3 workers for concurrent reset
[70.142s][info][gc,ergo     ] GC(159) Pacer for Reset. Non-Taxable: 2048M
[70.142s][info][gc          ] GC(159) Concurrent reset 0.428ms
[70.142s][info][gc,start    ] GC(159) Pause Init Mark (unload classes)
[70.142s][info][gc,task     ] GC(159) Using 3 of 3 workers for init marking
[70.143s][info][gc,ergo     ] GC(159) Pacer for Mark. Expected Live: 8333K, Free: 1405M, Non-Taxable: 140M, Alloc Tax Rate: 0.0x
[70.143s][info][gc          ] GC(159) Pause Init Mark (unload classes) 0.113ms
[70.143s][info][gc,start    ] GC(159) Concurrent marking roots
[70.143s][info][gc,task     ] GC(159) Using 1 of 3 workers for concurrent marking roots
[70.143s][info][gc          ] GC(159) Concurrent marking roots 0.437ms
[70.143s][info][gc,start    ] GC(159) Concurrent marking (unload classes)
[70.143s][info][gc,task     ] GC(159) Using 1 of 3 workers for concurrent marking
[70.148s][info][gc          ] GC(159) Concurrent marking (unload classes) 5.268ms
[70.148s][info][gc,start    ] GC(159) Pause Final Mark (unload classes)
[70.148s][info][gc,task     ] GC(159) Using 3 of 3 workers for final marking
[70.149s][info][gc,ergo     ] GC(159) Adaptive CSet Selection. Target Free: 290M, Actual Free: 1943M, Max CSet: 87381K, Min Garbage: 0B
[70.149s][info][gc,ergo     ] GC(159) Collectable Garbage: 527M (99%), Immediate: 466M (87%), CSet: 62608K (11%)
[70.149s][info][gc,ergo     ] GC(159) Pacer for Evacuation. Used CSet: 63488K, Free: 1848M, Non-Taxable: 184M, Alloc Tax Rate: 1.1x
[70.149s][info][gc          ] GC(159) Pause Final Mark (unload classes) 0.214ms
[70.149s][info][gc,start    ] GC(159) Concurrent thread roots
[70.149s][info][gc,task     ] GC(159) Using 1 of 3 workers for Concurrent thread roots
[70.149s][info][gc          ] GC(159) Concurrent thread roots 0.327ms
[70.149s][info][gc,start    ] GC(159) Concurrent weak references
[70.149s][info][gc,task     ] GC(159) Using 1 of 3 workers for concurrent weak references
[70.149s][info][gc,ref      ] GC(159) Encountered references: Soft: 137, Weak: 702, Final: 3, Phantom: 124
[70.149s][info][gc,ref      ] GC(159) Discovered  references: Soft: 0, Weak: 231, Final: 1, Phantom: 106
[70.150s][info][gc,ref      ] GC(159) Enqueued    references: Soft: 0, Weak: 92, Final: 0, Phantom: 0
[70.150s][info][gc          ] GC(159) Concurrent weak references 0.101ms
[70.150s][info][gc,start    ] GC(159) Concurrent weak roots
[70.150s][info][gc,task     ] GC(159) Using 1 of 3 workers for concurrent weak root
[70.152s][info][gc          ] GC(159) Concurrent weak roots 1.995ms
[70.152s][info][gc,start    ] GC(159) Concurrent cleanup
[70.152s][info][gc          ] GC(159) Concurrent cleanup 571M->105M(2048M) 0.060ms
[70.152s][info][gc,ergo     ] GC(159) Free: 1838M, Max: 1024K regular, 1364M humongous, Frag: 26% external, 0% internal; Reserve: 102M, Max: 1024K
[70.152s][info][gc,start    ] GC(159) Concurrent class unloading
[70.152s][info][gc,task     ] GC(159) Using 1 of 3 workers for concurrent class unloading
[70.157s][info][gc          ] GC(159) Concurrent class unloading 5.548ms
[70.157s][info][gc,start    ] GC(159) Concurrent strong roots
[70.157s][info][gc,task     ] GC(159) Using 1 of 3 workers for concurrent strong root
[70.157s][info][gc          ] GC(159) Concurrent strong roots 0.077ms
[70.157s][info][gc,start    ] GC(159) Concurrent evacuation
[70.157s][info][gc,task     ] GC(159) Using 1 of 3 workers for concurrent evacuation
[70.158s][info][gc          ] GC(159) Concurrent evacuation 0.479ms
[70.158s][info][gc,start    ] GC(159) Pause Init Update Refs
[70.158s][info][gc,ergo     ] GC(159) Pacer for Update Refs. Used: 122M, Free: 1822M, Non-Taxable: 182M, Alloc Tax Rate: 1.1x
[70.158s][info][gc          ] GC(159) Pause Init Update Refs 0.049ms
[70.160s][info][gc,start    ] GC(159) Concurrent update references
[70.160s][info][gc,task     ] GC(159) Using 1 of 3 workers for concurrent reference update
[70.168s][info][gc          ] GC(159) Concurrent update references 7.235ms
[70.168s][info][gc,start    ] GC(159) Concurrent update thread roots
[70.172s][info][gc          ] GC(159) Concurrent update thread roots 4.023ms
[70.172s][info][gc,start    ] GC(159) Pause Final Update Refs
[70.172s][info][gc,task     ] GC(159) Using 3 of 3 workers for final reference update
[70.172s][info][gc          ] GC(159) Pause Final Update Refs 0.106ms
[70.173s][info][gc,start    ] GC(159) Concurrent cleanup
[70.173s][info][gc          ] GC(159) Concurrent cleanup 167M->109M(2048M) 0.062ms
[70.173s][info][gc,ergo     ] Free: 1833M, Max: 1024K regular, 1363M humongous, Frag: 26% external, 0% internal; Reserve: 103M, Max: 1024K
[70.173s][info][gc,stats    ] 
[70.173s][info][gc,stats    ] All times are wall-clock times, except per-root-class counters, that are sum over
[70.173s][info][gc,stats    ] all workers. Dividing the <total> over the root stage time estimates parallelism.
[70.173s][info][gc,stats    ] 
[70.173s][info][gc,stats    ] Concurrent Reset                    469 us
[70.173s][info][gc,stats    ] Pause Init Mark (G)                 299 us
[70.173s][info][gc,stats    ] Pause Init Mark (N)                 121 us
[70.174s][info][gc,stats    ]   Update Region States               45 us
[70.174s][info][gc,stats    ] Concurrent Mark Roots               453 us, parallelism: 0.82x
[70.174s][info][gc,stats    ]   CMR: <total>                      370 us
[70.174s][info][gc,stats    ]   CMR: Thread Roots                 322 us, workers (us): 322, ---, ---, 
[70.174s][info][gc,stats    ]   CMR: VM Strong Roots                6 us, workers (us):   6, ---, ---, 
[70.174s][info][gc,stats    ]   CMR: CLDG Roots                    42 us, workers (us):  42, ---, ---, 
[70.174s][info][gc,stats    ] Concurrent Marking                 5313 us
[70.174s][info][gc,stats    ] Pause Final Mark (G)                685 us
[70.174s][info][gc,stats    ] Pause Final Mark (N)                224 us
[70.174s][info][gc,stats    ]   Finish Mark                        49 us
[70.174s][info][gc,stats    ]   Update Region States               35 us
[70.174s][info][gc,stats    ]   Choose Collection Set              65 us
[70.174s][info][gc,stats    ]   Rebuild Free Set                    8 us
[70.174s][info][gc,stats    ] Concurrent Thread Roots             341 us, parallelism: 0.79x
[70.174s][info][gc,stats    ]   CTR: <total>                      269 us
[70.174s][info][gc,stats    ]   CTR: Thread Roots                 269 us, workers (us): 269, ---, ---, 
[70.174s][info][gc,stats    ] Concurrent Weak References          108 us, parallelism: 0.39x
[70.174s][info][gc,stats    ]   CWRF: <total>                      42 us
[70.174s][info][gc,stats    ]   CWRF: Weak References              42 us, workers (us):  42, ---, ---, 
[70.174s][info][gc,stats    ] Concurrent Weak Roots              2033 us
[70.174s][info][gc,stats    ]   Roots                            1329 us, parallelism: 0.97x
[70.174s][info][gc,stats    ]     CWR: <total>                   1283 us
[70.174s][info][gc,stats    ]     CWR: Code Cache Roots          1178 us, workers (us): 1178, ---, ---, 
[70.174s][info][gc,stats    ]     CWR: VM Weak Roots               97 us, workers (us):  97, ---, ---, 
[70.174s][info][gc,stats    ]     CWR: CLDG Roots                   8 us, workers (us):   8, ---, ---, 
[70.174s][info][gc,stats    ]   Rendezvous                        645 us
[70.174s][info][gc,stats    ] Concurrent Cleanup                   71 us
[70.174s][info][gc,stats    ] Concurrent Class Unloading         5595 us
[70.174s][info][gc,stats    ]   Unlink Stale                     4970 us
[70.174s][info][gc,stats    ]     System Dictionary                12 us
[70.174s][info][gc,stats    ]     Weak Class Links                  0 us
[70.174s][info][gc,stats    ]     Code Roots                     4955 us
[70.174s][info][gc,stats    ]   Rendezvous                        290 us
[70.174s][info][gc,stats    ]   Purge Unlinked                    267 us
[70.174s][info][gc,stats    ]     Code Roots                      260 us
[70.174s][info][gc,stats    ]     CLDG                              6 us
[70.174s][info][gc,stats    ]     Exception Caches                  0 us
[70.174s][info][gc,stats    ] Concurrent Strong Roots              87 us, parallelism: 0.42x
[70.174s][info][gc,stats    ]   CSR: <total>                       37 us
[70.174s][info][gc,stats    ]   CSR: VM Strong Roots                4 us, workers (us):   4, ---, ---, 
[70.174s][info][gc,stats    ]   CSR: CLDG Roots                    33 us, workers (us):  33, ---, ---, 
[70.174s][info][gc,stats    ] Concurrent Evacuation               509 us
[70.174s][info][gc,stats    ] Pause Init Update Refs (G)         2530 us
[70.174s][info][gc,stats    ] Pause Init Update Refs (N)           59 us
[70.174s][info][gc,stats    ]   Manage GCLABs                       3 us
[70.174s][info][gc,stats    ] Concurrent Update Refs             7299 us
[70.174s][info][gc,stats    ] Concurrent Update Thread Roots     4068 us
[70.174s][info][gc,stats    ] Pause Final Update Refs (G)        1577 us
[70.174s][info][gc,stats    ] Pause Final Update Refs (N)         137 us
[70.174s][info][gc,stats    ]   Update Region States               51 us
[70.174s][info][gc,stats    ]   Trash Collection Set                5 us
[70.174s][info][gc,stats    ]   Rebuild Free Set                   17 us
[70.174s][info][gc,stats    ] Concurrent Cleanup                   74 us
[70.174s][info][gc,stats    ] Pacing                            32486 us
[70.174s][info][gc,stats    ] 
[70.174s][info][gc,stats    ] Allocation pacing accrued:
[70.174s][info][gc,stats    ]       0 of   168 ms (  0.0%): Query2
[70.174s][info][gc,stats    ]      32 of   168 ms ( 19.3%): Query3
[70.174s][info][gc,stats    ]      32 of   168 ms ( 19.3%): <total>
[70.174s][info][gc,stats    ]       2 of   168 ms (  1.1%): <average total>
[70.174s][info][gc,stats    ]      16 of   168 ms (  9.7%): <average non-zero>
[70.174s][info][gc,stats    ] 
[70.174s][info][gc,metaspace] Metaspace: 8805K(9472K)->8805K(9472K) NonClass: 7955K(8320K)->7955K(8320K) Class: 850K(1152K)->850K(1152K)
[70.174s][info][gc,ergo     ] Pacer for Idle. Initial: 41943K, Alloc Tax Rate: 1.0x
[70.293s][info][gc          ] Trigger: Learning 4 of 5. Free (1408M) is below initial threshold (1433M)
[70.293s][info][gc,ergo     ] Free: 1408M, Max: 1024K regular, 1363M humongous, Frag: 3% external, 0% internal; Reserve: 103M, Max: 1024K
[70.293s][info][gc,start    ] GC(160) Concurrent reset
[70.293s][info][gc,task     ] GC(160) Using 1 of 3 workers for concurrent reset
[70.293s][info][gc,ergo     ] GC(160) Pacer for Reset. Non-Taxable: 2048M
[70.294s][info][gc          ] GC(160) Concurrent reset 0.391ms
[70.294s][info][gc,start    ] GC(160) Pause Init Mark (unload classes)
[70.294s][info][gc,task     ] GC(160) Using 3 of 3 workers for init marking
[70.294s][info][gc,ergo     ] GC(160) Pacer for Mark. Expected Live: 8352K, Free: 1406M, Non-Taxable: 140M, Alloc Tax Rate: 0.0x
[70.294s][info][gc          ] GC(160) Pause Init Mark (unload classes) 0.139ms
[70.294s][info][gc,start    ] GC(160) Concurrent marking roots
[70.294s][info][gc,task     ] GC(160) Using 1 of 3 workers for concurrent marking roots
[70.294s][info][gc          ] GC(160) Concurrent marking roots 0.423ms
[70.294s][info][gc,start    ] GC(160) Concurrent marking (unload classes)
[70.294s][info][gc,task     ] GC(160) Using 1 of 3 workers for concurrent marking
[70.299s][info][gc          ] GC(160) Concurrent marking (unload classes) 4.939ms
[70.299s][info][gc,start    ] GC(160) Pause Final Mark (unload classes)
[70.300s][info][gc,task     ] GC(160) Using 3 of 3 workers for final marking
[70.300s][info][gc,ergo     ] GC(160) Adaptive CSet Selection. Target Free: 290M, Actual Free: 1943M, Max CSet: 87381K, Min Garbage: 0B
[70.300s][info][gc,ergo     ] GC(160) Collectable Garbage: 525M (99%), Immediate: 462M (87%), CSet: 63640K (11%)
[70.300s][info][gc,ergo     ] GC(160) Pacer for Evacuation. Used CSet: 64510K, Free: 1849M, Non-Taxable: 184M, Alloc Tax Rate: 1.1x
[70.300s][info][gc          ] GC(160) Pause Final Mark (unload classes) 0.198ms
[70.300s][info][gc,start    ] GC(160) Concurrent thread roots
[70.300s][info][gc,task     ] GC(160) Using 1 of 3 workers for Concurrent thread roots
[70.300s][info][gc          ] GC(160) Concurrent thread roots 0.326ms
[70.300s][info][gc,start    ] GC(160) Concurrent weak references
[70.300s][info][gc,task     ] GC(160) Using 1 of 3 workers for concurrent weak references
[70.300s][info][gc,ref      ] GC(160) Encountered references: Soft: 137, Weak: 701, Final: 3, Phantom: 124
[70.300s][info][gc,ref      ] GC(160) Discovered  references: Soft: 0, Weak: 234, Final: 1, Phantom: 109
[70.300s][info][gc,ref      ] GC(160) Enqueued    references: Soft: 0, Weak: 92, Final: 0, Phantom: 0
[70.300s][info][gc          ] GC(160) Concurrent weak references 0.107ms
[70.300s][info][gc,start    ] GC(160) Concurrent weak roots
[70.300s][info][gc,task     ] GC(160) Using 1 of 3 workers for concurrent weak root
[70.306s][info][gc          ] GC(160) Concurrent weak roots 5.185ms
[70.306s][info][gc,start    ] GC(160) Concurrent cleanup
[70.306s][info][gc          ] GC(160) Concurrent cleanup 580M->118M(2048M) 0.058ms
[70.306s][info][gc,ergo     ] GC(160) Free: 1825M, Max: 1024K regular, 1355M humongous, Frag: 26% external, 0% internal; Reserve: 102M, Max: 1024K
[70.306s][info][gc,start    ] GC(160) Concurrent class unloading
[70.306s][info][gc,task     ] GC(160) Using 1 of 3 workers for concurrent class unloading
[70.311s][info][gc          ] GC(160) Concurrent class unloading 5.811ms
[70.312s][info][gc,start    ] GC(160) Concurrent strong roots
[70.312s][info][gc,task     ] GC(160) Using 1 of 3 workers for concurrent strong root
[70.312s][info][gc          ] GC(160) Concurrent strong roots 0.106ms
[70.312s][info][gc,start    ] GC(160) Concurrent evacuation
[70.312s][info][gc,task     ] GC(160) Using 1 of 3 workers for concurrent evacuation
[70.312s][info][gc          ] GC(160) Concurrent evacuation 0.538ms
[70.312s][info][gc,start    ] GC(160) Pause Init Update Refs
[70.312s][info][gc,ergo     ] GC(160) Pacer for Update Refs. Used: 135M, Free: 1808M, Non-Taxable: 180M, Alloc Tax Rate: 1.1x
[70.312s][info][gc          ] GC(160) Pause Init Update Refs 0.048ms
[70.312s][info][gc,start    ] GC(160) Concurrent update references
[70.312s][info][gc,task     ] GC(160) Using 1 of 3 workers for concurrent reference update
[70.319s][info][gc          ] GC(160) Concurrent update references 6.260ms
[70.319s][info][gc,start    ] GC(160) Concurrent update thread roots
[70.319s][info][gc          ] GC(160) Concurrent update thread roots 0.567ms
[70.319s][info][gc,start    ] GC(160) Pause Final Update Refs
[70.319s][info][gc,task     ] GC(160) Using 3 of 3 workers for final reference update
[70.319s][info][gc          ] GC(160) Pause Final Update Refs 0.111ms
[70.320s][info][gc,start    ] GC(160) Concurrent cleanup
[70.320s][info][gc          ] GC(160) Concurrent cleanup 153M->91M(2048M) 0.040ms
[70.320s][info][gc,ergo     ] Free: 1851M, Max: 1024K regular, 1354M humongous, Frag: 27% external, 0% internal; Reserve: 103M, Max: 1024K
[70.320s][info][gc,stats    ] 
[70.320s][info][gc,stats    ] All times are wall-clock times, except per-root-class counters, that are sum over
[70.320s][info][gc,stats    ] all workers. Dividing the <total> over the root stage time estimates parallelism.
[70.320s][info][gc,stats    ] 
[70.320s][info][gc,stats    ] Concurrent Reset                    423 us
[70.320s][info][gc,stats    ] Pause Init Mark (G)                 387 us
[70.320s][info][gc,stats    ] Pause Init Mark (N)                 148 us
[70.320s][info][gc,stats    ]   Update Region States               60 us
[70.320s][info][gc,stats    ] Concurrent Mark Roots               445 us, parallelism: 0.78x
[70.320s][info][gc,stats    ]   CMR: <total>                      346 us
[70.320s][info][gc,stats    ]   CMR: Thread Roots                 286 us, workers (us): 286, ---, ---, 
[70.320s][info][gc,stats    ]   CMR: VM Strong Roots                6 us, workers (us):   6, ---, ---, 
[70.320s][info][gc,stats    ]   CMR: CLDG Roots                    54 us, workers (us):  54, ---, ---, 
[70.320s][info][gc,stats    ] Concurrent Marking                 4982 us
[70.320s][info][gc,stats    ] Pause Final Mark (G)                411 us
[70.320s][info][gc,stats    ] Pause Final Mark (N)                206 us
[70.320s][info][gc,stats    ]   Finish Mark                        44 us
[70.320s][info][gc,stats    ]   Update Region States               35 us
[70.320s][info][gc,stats    ]   Choose Collection Set              52 us
[70.320s][info][gc,stats    ]   Rebuild Free Set                    8 us
[70.320s][info][gc,stats    ] Concurrent Thread Roots             343 us, parallelism: 0.81x
[70.320s][info][gc,stats    ]   CTR: <total>                      278 us
[70.320s][info][gc,stats    ]   CTR: Thread Roots                 278 us, workers (us): 278, ---, ---, 
[70.320s][info][gc,stats    ] Concurrent Weak References          114 us, parallelism: 0.43x
[70.320s][info][gc,stats    ]   CWRF: <total>                      49 us
[70.320s][info][gc,stats    ]   CWRF: Weak References              49 us, workers (us):  49, ---, ---, 
[70.320s][info][gc,stats    ] Concurrent Weak Roots              5229 us
[70.320s][info][gc,stats    ]   Roots                            1295 us, parallelism: 0.97x
[70.320s][info][gc,stats    ]     CWR: <total>                   1260 us
[70.320s][info][gc,stats    ]     CWR: Code Cache Roots          1157 us, workers (us): 1157, ---, ---, 
[70.320s][info][gc,stats    ]     CWR: VM Weak Roots               96 us, workers (us):  96, ---, ---, 
[70.320s][info][gc,stats    ]     CWR: CLDG Roots                   8 us, workers (us):   8, ---, ---, 
[70.320s][info][gc,stats    ]   Rendezvous                       3871 us
[70.320s][info][gc,stats    ] Concurrent Cleanup                   67 us
[70.320s][info][gc,stats    ] Concurrent Class Unloading         5851 us
[70.320s][info][gc,stats    ]   Unlink Stale                     5238 us
[70.320s][info][gc,stats    ]     System Dictionary                11 us
[70.320s][info][gc,stats    ]     Weak Class Links                  0 us
[70.320s][info][gc,stats    ]     Code Roots                     5225 us
[70.320s][info][gc,stats    ]   Rendezvous                        213 us
[70.320s][info][gc,stats    ]   Purge Unlinked                    339 us
[70.320s][info][gc,stats    ]     Code Roots                      335 us
[70.320s][info][gc,stats    ]     CLDG                              4 us
[70.320s][info][gc,stats    ]     Exception Caches                  0 us
[70.320s][info][gc,stats    ] Concurrent Strong Roots             117 us, parallelism: 0.38x
[70.320s][info][gc,stats    ]   CSR: <total>                       44 us
[70.320s][info][gc,stats    ]   CSR: VM Strong Roots                4 us, workers (us):   4, ---, ---, 
[70.320s][info][gc,stats    ]   CSR: CLDG Roots                    40 us, workers (us):  40, ---, ---, 
[70.320s][info][gc,stats    ] Concurrent Evacuation               575 us
[70.320s][info][gc,stats    ] Pause Init Update Refs (G)          179 us
[70.320s][info][gc,stats    ] Pause Init Update Refs (N)           56 us
[70.320s][info][gc,stats    ]   Manage GCLABs                       3 us
[70.320s][info][gc,stats    ] Concurrent Update Refs             6295 us
[70.320s][info][gc,stats    ] Concurrent Update Thread Roots      600 us
[70.320s][info][gc,stats    ] Pause Final Update Refs (G)         313 us
[70.320s][info][gc,stats    ] Pause Final Update Refs (N)         132 us
[70.320s][info][gc,stats    ]   Update Region States               45 us
[70.320s][info][gc,stats    ]   Trash Collection Set                3 us
[70.320s][info][gc,stats    ]   Rebuild Free Set                   13 us
[70.320s][info][gc,stats    ] Concurrent Cleanup                   51 us
[70.320s][info][gc,stats    ] Pacing                            22680 us
[70.320s][info][gc,stats    ] 
[70.320s][info][gc,stats    ] Allocation pacing accrued:
[70.320s][info][gc,stats    ]       4 of   146 ms (  3.0%): Query0
[70.320s][info][gc,stats    ]       4 of   146 ms (  2.6%): Query1
[70.320s][info][gc,stats    ]       3 of   146 ms (  2.2%): Query2
[70.320s][info][gc,stats    ]       3 of   146 ms (  2.4%): Query3
[70.320s][info][gc,stats    ]       4 of   146 ms (  3.0%): Query4
[70.320s][info][gc,stats    ]       4 of   146 ms (  2.4%): Query5
[70.320s][info][gc,stats    ]      23 of   146 ms ( 15.5%): <total>
[70.320s][info][gc,stats    ]       1 of   146 ms (  0.9%): <average total>
[70.320s][info][gc,stats    ]       4 of   146 ms (  2.6%): <average non-zero>
[70.320s][info][gc,stats    ] 
[70.320s][info][gc,metaspace] Metaspace: 8805K(9472K)->8805K(9472K) NonClass: 7955K(8320K)->7955K(8320K) Class: 850K(1152K)->850K(1152K)
[70.320s][info][gc,ergo     ] Pacer for Idle. Initial: 41943K, Alloc Tax Rate: 1.0x
[70.436s][info][gc          ] Trigger: Learning 5 of 5. Free (1414M) is below initial threshold (1433M)
[70.436s][info][gc,ergo     ] Free: 1414M, Max: 1024K regular, 1354M humongous, Frag: 4% external, 0% internal; Reserve: 103M, Max: 1024K
[70.436s][info][gc,start    ] GC(161) Concurrent reset
[70.436s][info][gc,task     ] GC(161) Using 1 of 3 workers for concurrent reset
[70.436s][info][gc,ergo     ] GC(161) Pacer for Reset. Non-Taxable: 2048M
[70.436s][info][gc          ] GC(161) Concurrent reset 0.451ms
[70.436s][info][gc,start    ] GC(161) Pause Init Mark (unload classes)
[70.436s][info][gc,task     ] GC(161) Using 3 of 3 workers for init marking
[70.436s][info][gc,ergo     ] GC(161) Pacer for Mark. Expected Live: 8350K, Free: 1412M, Non-Taxable: 141M, Alloc Tax Rate: 0.0x
[70.436s][info][gc          ] GC(161) Pause Init Mark (unload classes) 0.107ms
[70.439s][info][gc,start    ] GC(161) Concurrent marking roots
[70.439s][info][gc,task     ] GC(161) Using 1 of 3 workers for concurrent marking roots
[70.439s][info][gc          ] GC(161) Concurrent marking roots 0.461ms
[70.439s][info][gc,start    ] GC(161) Concurrent marking (unload classes)
[70.439s][info][gc,task     ] GC(161) Using 1 of 3 workers for concurrent marking
[70.449s][info][gc          ] GC(161) Concurrent marking (unload classes) 10.316ms
[70.450s][info][gc,start    ] GC(161) Pause Final Mark (unload classes)
[70.450s][info][gc,task     ] GC(161) Using 3 of 3 workers for final marking
[70.450s][info][gc,ergo     ] GC(161) Adaptive CSet Selection. Target Free: 290M, Actual Free: 1917M, Max CSet: 87381K, Min Garbage: 0B
[70.450s][info][gc,ergo     ] GC(161) Collectable Garbage: 519M (99%), Immediate: 460M (88%), CSet: 60946K (11%)
[70.450s][info][gc,ergo     ] GC(161) Pacer for Evacuation. Used CSet: 61827K, Free: 1822M, Non-Taxable: 182M, Alloc Tax Rate: 1.1x
[70.450s][info][gc          ] GC(161) Pause Final Mark (unload classes) 0.215ms
[70.450s][info][gc,start    ] GC(161) Concurrent thread roots
[70.450s][info][gc,task     ] GC(161) Using 1 of 3 workers for Concurrent thread roots
[70.450s][info][gc          ] GC(161) Concurrent thread roots 0.394ms
[70.450s][info][gc,start    ] GC(161) Concurrent weak references
[70.450s][info][gc,task     ] GC(161) Using 1 of 3 workers for concurrent weak references
[70.450s][info][gc,ref      ] GC(161) Encountered references: Soft: 137, Weak: 696, Final: 3, Phantom: 116
[70.450s][info][gc,ref      ] GC(161) Discovered  references: Soft: 0, Weak: 227, Final: 1, Phantom: 94
[70.450s][info][gc,ref      ] GC(161) Enqueued    references: Soft: 0, Weak: 88, Final: 0, Phantom: 0
[70.450s][info][gc          ] GC(161) Concurrent weak references 0.123ms
[70.450s][info][gc,start    ] GC(161) Concurrent weak roots
[70.450s][info][gc,task     ] GC(161) Using 1 of 3 workers for concurrent weak root
[70.452s][info][gc          ] GC(161) Concurrent weak roots 1.524ms
[70.452s][info][gc,start    ] GC(161) Concurrent cleanup
[70.452s][info][gc          ] GC(161) Concurrent cleanup 589M->129M(2048M) 0.057ms
[70.452s][info][gc,ergo     ] GC(161) Free: 1813M, Max: 1024K regular, 1345M humongous, Frag: 26% external, 0% internal; Reserve: 102M, Max: 1024K
[70.452s][info][gc,start    ] GC(161) Concurrent class unloading
[70.452s][info][gc,task     ] GC(161) Using 1 of 3 workers for concurrent class unloading
[70.458s][info][gc          ] GC(161) Concurrent class unloading 5.774ms
[70.458s][info][gc,start    ] GC(161) Concurrent strong roots
[70.458s][info][gc,task     ] GC(161) Using 1 of 3 workers for concurrent strong root
[70.458s][info][gc          ] GC(161) Concurrent strong roots 0.083ms
[70.458s][info][gc,start    ] GC(161) Concurrent evacuation
[70.458s][info][gc,task     ] GC(161) Using 1 of 3 workers for concurrent evacuation
[70.459s][info][gc          ] GC(161) Concurrent evacuation 0.550ms
[70.459s][info][gc,start    ] GC(161) Pause Init Update Refs
[70.459s][info][gc,ergo     ] GC(161) Pacer for Update Refs. Used: 145M, Free: 1797M, Non-Taxable: 179M, Alloc Tax Rate: 1.1x
[70.459s][info][gc          ] GC(161) Pause Init Update Refs 0.052ms
[70.460s][info][gc,start    ] GC(161) Concurrent update references
[70.460s][info][gc,task     ] GC(161) Using 1 of 3 workers for concurrent reference update
[70.474s][info][gc          ] GC(161) Concurrent update references 13.600ms
[70.474s][info][gc,start    ] GC(161) Concurrent update thread roots
[70.474s][info][gc          ] GC(161) Concurrent update thread roots 0.461ms
[70.474s][info][gc,start    ] GC(161) Pause Final Update Refs
[70.474s][info][gc,task     ] GC(161) Using 3 of 3 workers for final reference update
[70.474s][info][gc          ] GC(161) Pause Final Update Refs 0.107ms
[70.476s][info][gc,start    ] GC(161) Concurrent cleanup
[70.476s][info][gc          ] GC(161) Concurrent cleanup 187M->134M(2048M) 0.060ms
[70.476s][info][gc,ergo     ] Free: 1808M, Max: 1024K regular, 1345M humongous, Frag: 26% external, 0% internal; Reserve: 103M, Max: 1024K
[70.476s][info][gc,stats    ] 
[70.476s][info][gc,stats    ] All times are wall-clock times, except per-root-class counters, that are sum over
[70.476s][info][gc,stats    ] all workers. Dividing the <total> over the root stage time estimates parallelism.
[70.476s][info][gc,stats    ] 
[70.476s][info][gc,stats    ] Concurrent Reset                    506 us
[70.476s][info][gc,stats    ] Pause Init Mark (G)                2440 us
[70.476s][info][gc,stats    ] Pause Init Mark (N)                 116 us
[70.476s][info][gc,stats    ]   Update Region States               41 us
[70.476s][info][gc,stats    ] Concurrent Mark Roots               479 us, parallelism: 0.75x
[70.476s][info][gc,stats    ]   CMR: <total>                      360 us
[70.476s][info][gc,stats    ]   CMR: Thread Roots                 310 us, workers (us): 310, ---, ---, 
[70.476s][info][gc,stats    ]   CMR: VM Strong Roots                5 us, workers (us):   5, ---, ---, 
[70.476s][info][gc,stats    ]   CMR: CLDG Roots                    45 us, workers (us):  45, ---, ---, 
[70.476s][info][gc,stats    ] Concurrent Marking                10350 us
[70.476s][info][gc,stats    ] Pause Final Mark (G)                404 us
[70.476s][info][gc,stats    ] Pause Final Mark (N)                224 us
[70.476s][info][gc,stats    ]   Finish Mark                        52 us
[70.476s][info][gc,stats    ]   Update Region States               36 us
[70.476s][info][gc,stats    ]   Choose Collection Set              63 us
[70.476s][info][gc,stats    ]   Rebuild Free Set                    8 us
[70.476s][info][gc,stats    ] Concurrent Thread Roots             415 us, parallelism: 0.82x
[70.476s][info][gc,stats    ]   CTR: <total>                      339 us
[70.476s][info][gc,stats    ]   CTR: Thread Roots                 339 us, workers (us): 339, ---, ---, 
[70.476s][info][gc,stats    ] Concurrent Weak References          131 us, parallelism: 0.37x
[70.476s][info][gc,stats    ]   CWRF: <total>                      49 us
[70.476s][info][gc,stats    ]   CWRF: Weak References              49 us, workers (us):  49, ---, ---, 
[70.476s][info][gc,stats    ] Concurrent Weak Roots              1569 us
[70.476s][info][gc,stats    ]   Roots                            1443 us, parallelism: 0.96x
[70.476s][info][gc,stats    ]     CWR: <total>                   1381 us
[70.476s][info][gc,stats    ]     CWR: Code Cache Roots          1274 us, workers (us): 1274, ---, ---, 
[70.476s][info][gc,stats    ]     CWR: VM Weak Roots              100 us, workers (us): 100, ---, ---, 
[70.476s][info][gc,stats    ]     CWR: CLDG Roots                   7 us, workers (us):   7, ---, ---, 
[70.476s][info][gc,stats    ]   Rendezvous                         61 us
[70.476s][info][gc,stats    ] Concurrent Cleanup                   69 us
[70.477s][info][gc,stats    ] Concurrent Class Unloading         5835 us
[70.477s][info][gc,stats    ]   Unlink Stale                     4982 us
[70.477s][info][gc,stats    ]     System Dictionary                 9 us
[70.477s][info][gc,stats    ]     Weak Class Links                  0 us
[70.477s][info][gc,stats    ]     Code Roots                     4970 us
[70.477s][info][gc,stats    ]   Rendezvous                        513 us
[70.477s][info][gc,stats    ]   Purge Unlinked                    260 us
[70.477s][info][gc,stats    ]     Code Roots                      254 us
[70.477s][info][gc,stats    ]     CLDG                              6 us
[70.477s][info][gc,stats    ]     Exception Caches                  0 us
[70.477s][info][gc,stats    ] Concurrent Strong Roots              95 us, parallelism: 0.42x
[70.477s][info][gc,stats    ]   CSR: <total>                       40 us
[70.477s][info][gc,stats    ]   CSR: VM Strong Roots                3 us, workers (us):   3, ---, ---, 
[70.477s][info][gc,stats    ]   CSR: CLDG Roots                    37 us, workers (us):  37, ---, ---, 
[70.477s][info][gc,stats    ] Concurrent Evacuation               584 us
[70.477s][info][gc,stats    ] Pause Init Update Refs (G)         1396 us
[70.477s][info][gc,stats    ] Pause Init Update Refs (N)           61 us
[70.477s][info][gc,stats    ]   Manage GCLABs                       4 us
[70.477s][info][gc,stats    ] Concurrent Update Refs            13651 us
[70.477s][info][gc,stats    ] Concurrent Update Thread Roots      484 us
[70.477s][info][gc,stats    ] Pause Final Update Refs (G)        1978 us
[70.477s][info][gc,stats    ] Pause Final Update Refs (N)         128 us
[70.477s][info][gc,stats    ]   Update Region States               44 us
[70.477s][info][gc,stats    ]   Trash Collection Set                3 us
[70.477s][info][gc,stats    ]   Rebuild Free Set                   13 us
[70.477s][info][gc,stats    ] Concurrent Cleanup                   72 us
[70.477s][info][gc,stats    ] 
[70.477s][info][gc,stats    ] Allocation pacing accrued:
[70.477s][info][gc,stats    ]       0 of   157 ms (  0.0%): <total>
[70.477s][info][gc,stats    ]       0 of   157 ms (  0.0%): <average total>
[70.477s][info][gc,stats    ] 
[70.477s][info][gc,metaspace] Metaspace: 8805K(9472K)->8805K(9472K) NonClass: 7955K(8320K)->7955K(8320K) Class: 850K(1152K)->850K(1152K)
[70.477s][info][gc,ergo     ] Pacer for Idle. Initial: 41943K, Alloc Tax Rate: 1.0x
[70.893s][info][gc          ] Trigger: Average GC time (49.38 ms) is above the time for average allocation rate (3711 MB/s) to deplete free headroom (152M) (margin of error = 2.01)
[70.893s][info][gc,ergo     ] Free headroom: 255M (free) - 102M (spike) - 0B (penalties) = 152M
[70.893s][info][gc,ergo     ] Free: 255M, Max: 1024K regular, 246M humongous, Frag: 0% external, 1% internal; Reserve: 103M, Max: 1024K
[70.893s][info][gc,start    ] GC(162) Concurrent reset
[70.893s][info][gc,task     ] GC(162) Using 1 of 3 workers for concurrent reset
[70.893s][info][gc,ergo     ] GC(162) Pacer for Reset. Non-Taxable: 2048M
[70.893s][info][gc          ] GC(162) Concurrent reset 0.447ms
[70.893s][info][gc,start    ] GC(162) Pause Init Mark (unload classes)
[70.893s][info][gc,task     ] GC(162) Using 3 of 3 workers for init marking
[70.894s][info][gc,ergo     ] GC(162) Pacer for Mark. Expected Live: 8349K, Free: 255M, Non-Taxable: 26147K, Alloc Tax Rate: 0.0x
[70.894s][info][gc          ] GC(162) Pause Init Mark (unload classes) 0.146ms
[70.898s][info][gc,start    ] GC(162) Concurrent marking roots
[70.898s][info][gc,task     ] GC(162) Using 1 of 3 workers for concurrent marking roots
[70.899s][info][gc          ] GC(162) Concurrent marking roots 0.517ms
[70.899s][info][gc,start    ] GC(162) Concurrent marking (unload classes)
[70.899s][info][gc,task     ] GC(162) Using 1 of 3 workers for concurrent marking
[70.905s][info][gc          ] GC(162) Concurrent marking (unload classes) 5.813ms
[70.905s][info][gc,start    ] GC(162) Pause Final Mark (unload classes)
[70.905s][info][gc,task     ] GC(162) Using 3 of 3 workers for final marking
[70.905s][info][gc,ergo     ] GC(162) Adaptive CSet Selection. Target Free: 290M, Actual Free: 1824M, Max CSet: 87381K, Min Garbage: 0B
[70.905s][info][gc,ergo     ] GC(162) Collectable Garbage: 1676M (99%), Immediate: 1511M (89%), CSet: 165M (9%)
[70.905s][info][gc,ergo     ] GC(162) Pacer for Evacuation. Used CSet: 166M, Free: 1729M, Non-Taxable: 172M, Alloc Tax Rate: 1.1x
[70.905s][info][gc          ] GC(162) Pause Final Mark (unload classes) 0.247ms
[70.905s][info][gc,start    ] GC(162) Concurrent thread roots
[70.905s][info][gc,task     ] GC(162) Using 1 of 3 workers for Concurrent thread roots
[70.906s][info][gc          ] GC(162) Concurrent thread roots 0.423ms
[70.906s][info][gc,start    ] GC(162) Concurrent weak references
[70.906s][info][gc,task     ] GC(162) Using 1 of 3 workers for concurrent weak references
[70.906s][info][gc,ref      ] GC(162) Encountered references: Soft: 137, Weak: 897, Final: 3, Phantom: 114
[70.906s][info][gc,ref      ] GC(162) Discovered  references: Soft: 0, Weak: 428, Final: 1, Phantom: 90
[70.906s][info][gc,ref      ] GC(162) Enqueued    references: Soft: 0, Weak: 275, Final: 0, Phantom: 0
[70.906s][info][gc          ] GC(162) Concurrent weak references 0.168ms
[70.906s][info][gc,start    ] GC(162) Concurrent weak roots
[70.906s][info][gc,task     ] GC(162) Using 1 of 3 workers for concurrent weak root
[70.907s][info][gc          ] GC(162) Concurrent weak roots 1.663ms
[70.907s][info][gc,start    ] GC(162) Concurrent cleanup
[70.908s][info][gc          ] GC(162) Concurrent cleanup 1733M->222M(2048M) 0.098ms
[70.908s][info][gc,ergo     ] GC(162) Free: 1720M, Max: 1024K regular, 201M humongous, Frag: 89% external, 0% internal; Reserve: 102M, Max: 1024K
[70.908s][info][gc,start    ] GC(162) Concurrent class unloading
[70.908s][info][gc,task     ] GC(162) Using 1 of 3 workers for concurrent class unloading
[70.917s][info][gc          ] GC(162) Concurrent class unloading 9.650ms
[70.917s][info][gc,start    ] GC(162) Concurrent strong roots
[70.917s][info][gc,task     ] GC(162) Using 1 of 3 workers for concurrent strong root
[70.917s][info][gc          ] GC(162) Concurrent strong roots 0.092ms
[70.917s][info][gc,start    ] GC(162) Concurrent evacuation
[70.917s][info][gc,task     ] GC(162) Using 1 of 3 workers for concurrent evacuation
[70.919s][info][gc          ] GC(162) Concurrent evacuation 1.101ms
[70.919s][info][gc,start    ] GC(162) Pause Init Update Refs
[70.919s][info][gc,ergo     ] GC(162) Pacer for Update Refs. Used: 253M, Free: 1689M, Non-Taxable: 168M, Alloc Tax Rate: 1.1x
[70.919s][info][gc          ] GC(162) Pause Init Update Refs 0.058ms
[70.919s][info][gc,start    ] GC(162) Concurrent update references
[70.919s][info][gc,task     ] GC(162) Using 1 of 3 workers for concurrent reference update
[70.929s][info][gc          ] GC(162) Concurrent update references 10.376ms
[70.929s][info][gc,start    ] GC(162) Concurrent update thread roots
[70.930s][info][gc          ] GC(162) Concurrent update thread roots 0.389ms
[70.930s][info][gc,start    ] GC(162) Pause Final Update Refs
[70.930s][info][gc,task     ] GC(162) Using 3 of 3 workers for final reference update
[70.930s][info][gc          ] GC(162) Pause Final Update Refs 0.108ms
[70.930s][info][gc,start    ] GC(162) Concurrent cleanup
[70.931s][info][gc          ] GC(162) Concurrent cleanup 281M->116M(2048M) 0.060ms
[70.931s][info][gc,ergo     ] Free: 1826M, Max: 1024K regular, 1612M humongous, Frag: 12% external, 0% internal; Reserve: 103M, Max: 1024K
[70.931s][info][gc,stats    ] 
[70.931s][info][gc,stats    ] All times are wall-clock times, except per-root-class counters, that are sum over
[70.931s][info][gc,stats    ] all workers. Dividing the <total> over the root stage time estimates parallelism.
[70.931s][info][gc,stats    ] 
[70.931s][info][gc,stats    ] Concurrent Reset                    481 us
[70.931s][info][gc,stats    ] Pause Init Mark (G)                5011 us
[70.931s][info][gc,stats    ] Pause Init Mark (N)                 155 us
[70.931s][info][gc,stats    ]   Update Region States               61 us
[70.931s][info][gc,stats    ] Concurrent Mark Roots               536 us, parallelism: 0.77x
[70.931s][info][gc,stats    ]   CMR: <total>                      414 us
[70.931s][info][gc,stats    ]   CMR: Thread Roots                 363 us, workers (us): 363, ---, ---, 
[70.931s][info][gc,stats    ]   CMR: VM Strong Roots                7 us, workers (us):   7, ---, ---, 
[70.931s][info][gc,stats    ]   CMR: CLDG Roots                    45 us, workers (us):  45, ---, ---, 
[70.931s][info][gc,stats    ] Concurrent Marking                 5857 us
[70.931s][info][gc,stats    ] Pause Final Mark (G)                454 us
[70.931s][info][gc,stats    ] Pause Final Mark (N)                256 us
[70.931s][info][gc,stats    ]   Finish Mark                        60 us
[70.931s][info][gc,stats    ]   Update Region States               41 us
[70.931s][info][gc,stats    ]   Choose Collection Set              75 us
[70.931s][info][gc,stats    ]   Rebuild Free Set                    9 us
[70.931s][info][gc,stats    ] Concurrent Thread Roots             440 us, parallelism: 0.84x
[70.931s][info][gc,stats    ]   CTR: <total>                      369 us
[70.931s][info][gc,stats    ]   CTR: Thread Roots                 369 us, workers (us): 369, ---, ---, 
[70.931s][info][gc,stats    ] Concurrent Weak References          175 us, parallelism: 0.60x
[70.931s][info][gc,stats    ]   CWRF: <total>                     105 us
[70.931s][info][gc,stats    ]   CWRF: Weak References             105 us, workers (us): 105, ---, ---, 
[70.931s][info][gc,stats    ] Concurrent Weak Roots              1706 us
[70.931s][info][gc,stats    ]   Roots                            1457 us, parallelism: 0.97x
[70.931s][info][gc,stats    ]     CWR: <total>                   1419 us
[70.931s][info][gc,stats    ]     CWR: Code Cache Roots          1305 us, workers (us): 1305, ---, ---, 
[70.931s][info][gc,stats    ]     CWR: VM Weak Roots              103 us, workers (us): 103, ---, ---, 
[70.931s][info][gc,stats    ]     CWR: CLDG Roots                  11 us, workers (us):  11, ---, ---, 
[70.931s][info][gc,stats    ]   Rendezvous                        188 us
[70.931s][info][gc,stats    ] Concurrent Cleanup                  108 us
[70.931s][info][gc,stats    ] Concurrent Class Unloading         9703 us
[70.931s][info][gc,stats    ]   Unlink Stale                     5035 us
[70.931s][info][gc,stats    ]     System Dictionary                11 us
[70.931s][info][gc,stats    ]     Weak Class Links                  0 us
[70.931s][info][gc,stats    ]     Code Roots                     5022 us
[70.931s][info][gc,stats    ]   Rendezvous                       4238 us
[70.931s][info][gc,stats    ]   Purge Unlinked                    356 us
[70.931s][info][gc,stats    ]     Code Roots                      349 us
[70.931s][info][gc,stats    ]     CLDG                              6 us
[70.931s][info][gc,stats    ]     Exception Caches                  0 us
[70.931s][info][gc,stats    ] Concurrent Strong Roots             104 us, parallelism: 0.41x
[70.931s][info][gc,stats    ]   CSR: <total>                       43 us
[70.931s][info][gc,stats    ]   CSR: VM Strong Roots                5 us, workers (us):   5, ---, ---, 
[70.931s][info][gc,stats    ]   CSR: CLDG Roots                    37 us, workers (us):  37, ---, ---, 
[70.931s][info][gc,stats    ] Concurrent Evacuation              1164 us
[70.931s][info][gc,stats    ] Pause Init Update Refs (G)          202 us
[70.931s][info][gc,stats    ] Pause Init Update Refs (N)           69 us
[70.931s][info][gc,stats    ]   Manage GCLABs                       5 us
[70.931s][info][gc,stats    ] Concurrent Update Refs            10414 us
[70.931s][info][gc,stats    ] Concurrent Update Thread Roots      410 us
[70.931s][info][gc,stats    ] Pause Final Update Refs (G)         860 us
[70.931s][info][gc,stats    ] Pause Final Update Refs (N)         135 us
[70.931s][info][gc,stats    ]   Update Region States               56 us
[70.931s][info][gc,stats    ]   Trash Collection Set                7 us
[70.931s][info][gc,stats    ]   Rebuild Free Set                   13 us
[70.931s][info][gc,stats    ] Concurrent Cleanup                   72 us
[70.931s][info][gc,stats    ] 
[70.931s][info][gc,stats    ] Allocation pacing accrued:
[70.931s][info][gc,stats    ]       0 of   454 ms (  0.0%): <total>
[70.931s][info][gc,stats    ]       0 of   454 ms (  0.0%): <average total>
[70.931s][info][gc,stats    ] 
[70.931s][info][gc,metaspace] Metaspace: 8805K(9472K)->8805K(9472K) NonClass: 7955K(8320K)->7955K(8320K) Class: 850K(1152K)->850K(1152K)
[70.931s][info][gc,ergo     ] Pacer for Idle. Initial: 41943K, Alloc Tax Rate: 1.0x
[71.354s][info][gc          ] Trigger: Average GC time (47.53 ms) is above the time for average allocation rate (3718 MB/s) to deplete free headroom (157M) (margin of error = 2.01)
[71.354s][info][gc,ergo     ] Free headroom: 259M (free) - 102M (spike) - 0B (penalties) = 157M
[71.354s][info][gc,ergo     ] Free: 259M, Max: 1024K regular, 202M humongous, Frag: 20% external, 1% internal; Reserve: 103M, Max: 1024K
[71.354s][info][gc,start    ] GC(163) Concurrent reset
[71.354s][info][gc,task     ] GC(163) Using 1 of 3 workers for concurrent reset
[71.354s][info][gc,ergo     ] GC(163) Pacer for Reset. Non-Taxable: 2048M
[71.355s][info][gc          ] GC(163) Concurrent reset 0.952ms
[71.355s][info][gc,start    ] GC(163) Pause Init Mark (unload classes)
[71.355s][info][gc,task     ] GC(163) Using 3 of 3 workers for init marking
[71.355s][info][gc,ergo     ] GC(163) Pacer for Mark. Expected Live: 8473K, Free: 254M, Non-Taxable: 26096K, Alloc Tax Rate: 0.0x
[71.356s][info][gc          ] GC(163) Pause Init Mark (unload classes) 0.133ms
[71.357s][info][gc,start    ] GC(163) Concurrent marking roots
[71.357s][info][gc,task     ] GC(163) Using 1 of 3 workers for concurrent marking roots
[71.358s][info][gc          ] GC(163) Concurrent marking roots 0.412ms
[71.358s][info][gc,start    ] GC(163) Concurrent marking (unload classes)
[71.358s][info][gc,task     ] GC(163) Using 1 of 3 workers for concurrent marking
[71.366s][info][gc          ] GC(163) Concurrent marking (unload classes) 7.742ms
[71.366s][info][gc,start    ] GC(163) Pause Final Mark (unload classes)
[71.366s][info][gc,task     ] GC(163) Using 3 of 3 workers for final marking
[71.366s][info][gc,ergo     ] GC(163) Adaptive CSet Selection. Target Free: 290M, Actual Free: 1828M, Max CSet: 87381K, Min Garbage: 0B
[71.366s][info][gc,ergo     ] GC(163) Collectable Garbage: 1677M (99%), Immediate: 1516M (90%), CSet: 161M (9%)
[71.366s][info][gc,ergo     ] GC(163) Pacer for Evacuation. Used CSet: 162M, Free: 1733M, Non-Taxable: 173M, Alloc Tax Rate: 1.1x
[71.366s][info][gc          ] GC(163) Pause Final Mark (unload classes) 0.228ms
[71.366s][info][gc,start    ] GC(163) Concurrent thread roots
[71.366s][info][gc,task     ] GC(163) Using 1 of 3 workers for Concurrent thread roots
[71.366s][info][gc          ] GC(163) Concurrent thread roots 0.377ms
[71.366s][info][gc,start    ] GC(163) Concurrent weak references
[71.366s][info][gc,task     ] GC(163) Using 1 of 3 workers for concurrent weak references
[71.366s][info][gc,ref      ] GC(163) Encountered references: Soft: 137, Weak: 917, Final: 3, Phantom: 124
[71.366s][info][gc,ref      ] GC(163) Discovered  references: Soft: 0, Weak: 448, Final: 1, Phantom: 108
[71.366s][info][gc,ref      ] GC(163) Enqueued    references: Soft: 0, Weak: 308, Final: 0, Phantom: 0
[71.366s][info][gc          ] GC(163) Concurrent weak references 0.175ms
[71.366s][info][gc,start    ] GC(163) Concurrent weak roots
[71.366s][info][gc,task     ] GC(163) Using 1 of 3 workers for concurrent weak root
[71.369s][info][gc          ] GC(163) Concurrent weak roots 2.093ms
[71.369s][info][gc,start    ] GC(163) Concurrent cleanup
[71.369s][info][gc          ] GC(163) Concurrent cleanup 1734M->218M(2048M) 0.098ms
[71.369s][info][gc,ergo     ] GC(163) Free: 1724M, Max: 1024K regular, 200M humongous, Frag: 89% external, 0% internal; Reserve: 102M, Max: 1024K
[71.369s][info][gc,start    ] GC(163) Concurrent class unloading
[71.369s][info][gc,task     ] GC(163) Using 1 of 3 workers for concurrent class unloading
[71.374s][info][gc          ] GC(163) Concurrent class unloading 5.690ms
[71.374s][info][gc,start    ] GC(163) Concurrent strong roots
[71.374s][info][gc,task     ] GC(163) Using 1 of 3 workers for concurrent strong root
[71.375s][info][gc          ] GC(163) Concurrent strong roots 0.086ms
[71.375s][info][gc,start    ] GC(163) Concurrent evacuation
[71.375s][info][gc,task     ] GC(163) Using 1 of 3 workers for concurrent evacuation
[71.376s][info][gc          ] GC(163) Concurrent evacuation 1.022ms
[71.376s][info][gc,start    ] GC(163) Pause Init Update Refs
[71.376s][info][gc,ergo     ] GC(163) Pacer for Update Refs. Used: 239M, Free: 1704M, Non-Taxable: 170M, Alloc Tax Rate: 1.1x
[71.376s][info][gc          ] GC(163) Pause Init Update Refs 0.048ms
[71.381s][info][gc,start    ] GC(163) Concurrent update references
[71.381s][info][gc,task     ] GC(163) Using 1 of 3 workers for concurrent reference update
[71.392s][info][gc          ] GC(163) Concurrent update references 10.507ms
[71.392s][info][gc,start    ] GC(163) Concurrent update thread roots
[71.392s][info][gc          ] GC(163) Concurrent update thread roots 0.477ms
[71.392s][info][gc,start    ] GC(163) Pause Final Update Refs
[71.392s][info][gc,task     ] GC(163) Using 3 of 3 workers for final reference update
[71.392s][info][gc          ] GC(163) Pause Final Update Refs 0.089ms
[71.392s][info][gc,start    ] GC(163) Concurrent cleanup
[71.393s][info][gc          ] GC(163) Concurrent cleanup 287M->125M(2048M) 0.045ms
[71.393s][info][gc,ergo     ] Free: 1817M, Max: 1024K regular, 1558M humongous, Frag: 14% external, 0% internal; Reserve: 103M, Max: 1024K
[71.393s][info][gc,stats    ] 
[71.393s][info][gc,stats    ] All times are wall-clock times, except per-root-class counters, that are sum over
[71.393s][info][gc,stats    ] all workers. Dividing the <total> over the root stage time estimates parallelism.
[71.393s][info][gc,stats    ] 
[71.393s][info][gc,stats    ] Concurrent Reset                   1022 us
[71.393s][info][gc,stats    ] Pause Init Mark (G)                2039 us
[71.393s][info][gc,stats    ] Pause Init Mark (N)                 143 us
[71.393s][info][gc,stats    ]   Update Region States               50 us
[71.393s][info][gc,stats    ] Concurrent Mark Roots               427 us, parallelism: 0.78x
[71.393s][info][gc,stats    ]   CMR: <total>                      334 us
[71.393s][info][gc,stats    ]   CMR: Thread Roots                 288 us, workers (us): 288, ---, ---, 
[71.393s][info][gc,stats    ]   CMR: VM Strong Roots                6 us, workers (us):   6, ---, ---, 
[71.393s][info][gc,stats    ]   CMR: CLDG Roots                    40 us, workers (us):  40, ---, ---, 
[71.393s][info][gc,stats    ] Concurrent Marking                 7777 us
[71.393s][info][gc,stats    ] Pause Final Mark (G)                367 us
[71.393s][info][gc,stats    ] Pause Final Mark (N)                237 us
[71.393s][info][gc,stats    ]   Finish Mark                        45 us
[71.393s][info][gc,stats    ]   Update Region States               38 us
[71.393s][info][gc,stats    ]   Choose Collection Set              77 us
[71.393s][info][gc,stats    ]   Rebuild Free Set                    9 us
[71.393s][info][gc,stats    ] Concurrent Thread Roots             398 us, parallelism: 0.82x
[71.393s][info][gc,stats    ]   CTR: <total>                      327 us
[71.393s][info][gc,stats    ]   CTR: Thread Roots                 327 us, workers (us): 327, ---, ---, 
[71.393s][info][gc,stats    ] Concurrent Weak References          183 us, parallelism: 0.61x
[71.393s][info][gc,stats    ]   CWRF: <total>                     112 us
[71.393s][info][gc,stats    ]   CWRF: Weak References             112 us, workers (us): 112, ---, ---, 
[71.393s][info][gc,stats    ] Concurrent Weak Roots              2128 us
[71.393s][info][gc,stats    ]   Roots                            1339 us, parallelism: 0.98x
[71.393s][info][gc,stats    ]     CWR: <total>                   1307 us
[71.393s][info][gc,stats    ]     CWR: Code Cache Roots          1200 us, workers (us): 1200, ---, ---, 
[71.393s][info][gc,stats    ]     CWR: VM Weak Roots               97 us, workers (us):  97, ---, ---, 
[71.393s][info][gc,stats    ]     CWR: CLDG Roots                  10 us, workers (us):  10, ---, ---, 
[71.393s][info][gc,stats    ]   Rendezvous                        733 us
[71.393s][info][gc,stats    ] Concurrent Cleanup                  108 us
[71.393s][info][gc,stats    ] Concurrent Class Unloading         5732 us
[71.393s][info][gc,stats    ]   Unlink Stale                     4965 us
[71.393s][info][gc,stats    ]     System Dictionary                 9 us
[71.393s][info][gc,stats    ]     Weak Class Links                  0 us
[71.393s][info][gc,stats    ]     Code Roots                     4953 us
[71.393s][info][gc,stats    ]   Rendezvous                        378 us
[71.393s][info][gc,stats    ]   Purge Unlinked                    324 us
[71.393s][info][gc,stats    ]     Code Roots                      317 us
[71.393s][info][gc,stats    ]     CLDG                              7 us
[71.393s][info][gc,stats    ]     Exception Caches                  0 us
[71.393s][info][gc,stats    ] Concurrent Strong Roots              99 us, parallelism: 0.43x
[71.393s][info][gc,stats    ]   CSR: <total>                       42 us
[71.393s][info][gc,stats    ]   CSR: VM Strong Roots                4 us, workers (us):   4, ---, ---, 
[71.393s][info][gc,stats    ]   CSR: CLDG Roots                    38 us, workers (us):  38, ---, ---, 
[71.393s][info][gc,stats    ] Concurrent Evacuation              1100 us
[71.393s][info][gc,stats    ] Pause Init Update Refs (G)         5490 us
[71.393s][info][gc,stats    ] Pause Init Update Refs (N)           57 us
[71.393s][info][gc,stats    ]   Manage GCLABs                       4 us
[71.393s][info][gc,stats    ] Concurrent Update Refs            10543 us
[71.393s][info][gc,stats    ] Concurrent Update Thread Roots      512 us
[71.393s][info][gc,stats    ] Pause Final Update Refs (G)         237 us
[71.393s][info][gc,stats    ] Pause Final Update Refs (N)         120 us
[71.393s][info][gc,stats    ]   Update Region States               45 us
[71.393s][info][gc,stats    ]   Trash Collection Set                6 us
[71.393s][info][gc,stats    ]   Rebuild Free Set                   13 us
[71.393s][info][gc,stats    ] Concurrent Cleanup                   56 us
[71.393s][info][gc,stats    ] 
[71.393s][info][gc,stats    ] Allocation pacing accrued:
[71.393s][info][gc,stats    ]       0 of   462 ms (  0.0%): <total>
[71.393s][info][gc,stats    ]       0 of   462 ms (  0.0%): <average total>
[71.393s][info][gc,stats    ] 
[71.393s][info][gc,metaspace] Metaspace: 8805K(9472K)->8805K(9472K) NonClass: 7955K(8320K)->7955K(8320K) Class: 850K(1152K)->850K(1152K)
[71.393s][info][gc,ergo     ] Pacer for Idle. Initial: 41943K, Alloc Tax Rate: 1.0x
[71.813s][info][gc          ] Trigger: Average GC time (45.76 ms) is above the time for average allocation rate (3759 MB/s) to deplete free headroom (135M) (margin of error = 2.02)
[71.813s][info][gc,ergo     ] Free headroom: 238M (free) - 102M (spike) - 0B (penalties) = 135M
[71.813s][info][gc,ergo     ] Free: 238M, Max: 1024K regular, 199M humongous, Frag: 14% external, 1% internal; Reserve: 103M, Max: 1024K
[71.813s][info][gc,start    ] GC(164) Concurrent reset
[71.813s][info][gc,task     ] GC(164) Using 1 of 3 workers for concurrent reset
[71.813s][info][gc,ergo     ] GC(164) Pacer for Reset. Non-Taxable: 2048M
[71.814s][info][gc          ] GC(164) Concurrent reset 1.015ms
[71.814s][info][gc,start    ] GC(164) Pause Init Mark (unload classes)
[71.814s][info][gc,task     ] GC(164) Using 3 of 3 workers for init marking
[71.814s][info][gc,ergo     ] GC(164) Pacer for Mark. Expected Live: 8471K, Free: 233M, Non-Taxable: 23894K, Alloc Tax Rate: 0.0x
[71.814s][info][gc          ] GC(164) Pause Init Mark (unload classes) 0.108ms
[71.816s][info][gc,start    ] GC(164) Concurrent marking roots
[71.816s][info][gc,task     ] GC(164) Using 1 of 3 workers for concurrent marking roots
[71.816s][info][gc          ] GC(164) Concurrent marking roots 0.407ms
[71.816s][info][gc,start    ] GC(164) Concurrent marking (unload classes)
[71.816s][info][gc,task     ] GC(164) Using 1 of 3 workers for concurrent marking
[71.827s][info][gc          ] GC(164) Concurrent marking (unload classes) 10.246ms
[71.827s][info][gc,start    ] GC(164) Pause Final Mark (unload classes)
[71.827s][info][gc,task     ] GC(164) Using 3 of 3 workers for final marking
[71.827s][info][gc,ergo     ] GC(164) Adaptive CSet Selection. Target Free: 290M, Actual Free: 1821M, Max CSet: 87381K, Min Garbage: 0B
[71.827s][info][gc,ergo     ] GC(164) Collectable Garbage: 1698M (99%), Immediate: 1536M (90%), CSet: 162M (9%)
[71.827s][info][gc,ergo     ] GC(164) Pacer for Evacuation. Used CSet: 163M, Free: 1726M, Non-Taxable: 172M, Alloc Tax Rate: 1.1x
[71.827s][info][gc          ] GC(164) Pause Final Mark (unload classes) 0.249ms
[71.827s][info][gc,start    ] GC(164) Concurrent thread roots
[71.827s][info][gc,task     ] GC(164) Using 1 of 3 workers for Concurrent thread roots
[71.827s][info][gc          ] GC(164) Concurrent thread roots 0.363ms
[71.827s][info][gc,start    ] GC(164) Concurrent weak references
[71.827s][info][gc,task     ] GC(164) Using 1 of 3 workers for concurrent weak references
[71.827s][info][gc,ref      ] GC(164) Encountered references: Soft: 137, Weak: 894, Final: 3, Phantom: 96
[71.828s][info][gc,ref      ] GC(164) Discovered  references: Soft: 0, Weak: 435, Final: 1, Phantom: 75
[71.828s][info][gc,ref      ] GC(164) Enqueued    references: Soft: 0, Weak: 299, Final: 0, Phantom: 0
[71.828s][info][gc          ] GC(164) Concurrent weak references 0.159ms
[71.828s][info][gc,start    ] GC(164) Concurrent weak roots
[71.828s][info][gc,task     ] GC(164) Using 1 of 3 workers for concurrent weak root
[71.831s][info][gc          ] GC(164) Concurrent weak roots 3.075ms
[71.831s][info][gc,start    ] GC(164) Concurrent cleanup
[71.831s][info][gc          ] GC(164) Concurrent cleanup 1764M->231M(2048M) 0.571ms
[71.831s][info][gc,ergo     ] GC(164) Free: 1711M, Max: 1024K regular, 168M humongous, Frag: 91% external, 0% internal; Reserve: 102M, Max: 1024K
[71.831s][info][gc,start    ] GC(164) Concurrent class unloading
[71.831s][info][gc,task     ] GC(164) Using 1 of 3 workers for concurrent class unloading
[71.837s][info][gc          ] GC(164) Concurrent class unloading 5.437ms
[71.837s][info][gc,start    ] GC(164) Concurrent strong roots
[71.837s][info][gc,task     ] GC(164) Using 1 of 3 workers for concurrent strong root
[71.837s][info][gc          ] GC(164) Concurrent strong roots 0.080ms
[71.837s][info][gc,start    ] GC(164) Concurrent evacuation
[71.837s][info][gc,task     ] GC(164) Using 1 of 3 workers for concurrent evacuation
[71.838s][info][gc          ] GC(164) Concurrent evacuation 0.969ms
[71.838s][info][gc,start    ] GC(164) Pause Init Update Refs
[71.838s][info][gc,ergo     ] GC(164) Pacer for Update Refs. Used: 249M, Free: 1693M, Non-Taxable: 169M, Alloc Tax Rate: 1.1x
[71.838s][info][gc          ] GC(164) Pause Init Update Refs 0.031ms
[71.838s][info][gc,start    ] GC(164) Concurrent update references
[71.838s][info][gc,task     ] GC(164) Using 1 of 3 workers for concurrent reference update
[71.850s][info][gc          ] GC(164) Concurrent update references 11.659ms
[71.850s][info][gc,start    ] GC(164) Concurrent update thread roots
[71.852s][info][gc          ] GC(164) Concurrent update thread roots 1.992ms
[71.852s][info][gc,start    ] GC(164) Pause Final Update Refs
[71.852s][info][gc,task     ] GC(164) Using 3 of 3 workers for final reference update
[71.852s][info][gc          ] GC(164) Pause Final Update Refs 0.134ms
[71.856s][info][gc,start    ] GC(164) Concurrent cleanup
[71.856s][info][gc          ] GC(164) Concurrent cleanup 293M->136M(2048M) 0.082ms
[71.856s][info][gc,ergo     ] Free: 1806M, Max: 1024K regular, 1627M humongous, Frag: 10% external, 0% internal; Reserve: 103M, Max: 1024K
[71.856s][info][gc,stats    ] 
[71.856s][info][gc,stats    ] All times are wall-clock times, except per-root-class counters, that are sum over
[71.856s][info][gc,stats    ] all workers. Dividing the <total> over the root stage time estimates parallelism.
[71.856s][info][gc,stats    ] 
[71.856s][info][gc,stats    ] Concurrent Reset                   1107 us
[71.856s][info][gc,stats    ] Pause Init Mark (G)                1737 us
[71.856s][info][gc,stats    ] Pause Init Mark (N)                 117 us
[71.856s][info][gc,stats    ]   Update Region States               42 us
[71.856s][info][gc,stats    ] Concurrent Mark Roots               433 us, parallelism: 0.74x
[71.856s][info][gc,stats    ]   CMR: <total>                      319 us
[71.856s][info][gc,stats    ]   CMR: Thread Roots                 274 us, workers (us): 274, ---, ---, 
[71.856s][info][gc,stats    ]   CMR: VM Strong Roots                7 us, workers (us):   7, ---, ---, 
[71.856s][info][gc,stats    ]   CMR: CLDG Roots                    38 us, workers (us):  38, ---, ---, 
[71.856s][info][gc,stats    ] Concurrent Marking                10290 us
[71.856s][info][gc,stats    ] Pause Final Mark (G)                375 us
[71.856s][info][gc,stats    ] Pause Final Mark (N)                259 us
[71.856s][info][gc,stats    ]   Finish Mark                        55 us
[71.856s][info][gc,stats    ]   Update Region States               48 us
[71.856s][info][gc,stats    ]   Choose Collection Set              79 us
[71.856s][info][gc,stats    ]   Rebuild Free Set                    8 us
[71.856s][info][gc,stats    ] Concurrent Thread Roots             380 us, parallelism: 0.83x
[71.856s][info][gc,stats    ]   CTR: <total>                      317 us
[71.856s][info][gc,stats    ]   CTR: Thread Roots                 317 us, workers (us): 317, ---, ---, 
[71.856s][info][gc,stats    ] Concurrent Weak References          167 us, parallelism: 0.57x
[71.856s][info][gc,stats    ]   CWRF: <total>                      95 us
[71.856s][info][gc,stats    ]   CWRF: Weak References              95 us, workers (us):  95, ---, ---, 
[71.856s][info][gc,stats    ] Concurrent Weak Roots              3105 us
[71.856s][info][gc,stats    ]   Roots                            1423 us, parallelism: 0.98x
[71.856s][info][gc,stats    ]     CWR: <total>                   1394 us
[71.856s][info][gc,stats    ]     CWR: Code Cache Roots          1289 us, workers (us): 1289, ---, ---, 
[71.856s][info][gc,stats    ]     CWR: VM Weak Roots               97 us, workers (us):  97, ---, ---, 
[71.856s][info][gc,stats    ]     CWR: CLDG Roots                   8 us, workers (us):   8, ---, ---, 
[71.856s][info][gc,stats    ]   Rendezvous                       1632 us
[71.856s][info][gc,stats    ] Concurrent Cleanup                  597 us
[71.856s][info][gc,stats    ] Concurrent Class Unloading         5492 us
[71.856s][info][gc,stats    ]   Unlink Stale                     5021 us
[71.856s][info][gc,stats    ]     System Dictionary                10 us
[71.856s][info][gc,stats    ]     Weak Class Links                  0 us
[71.856s][info][gc,stats    ]     Code Roots                     5009 us
[71.856s][info][gc,stats    ]   Rendezvous                         83 us
[71.856s][info][gc,stats    ]   Purge Unlinked                    305 us
[71.856s][info][gc,stats    ]     Code Roots                      299 us
[71.856s][info][gc,stats    ]     CLDG                              6 us
[71.856s][info][gc,stats    ]     Exception Caches                  0 us
[71.856s][info][gc,stats    ] Concurrent Strong Roots              92 us, parallelism: 0.40x
[71.856s][info][gc,stats    ]   CSR: <total>                       37 us
[71.856s][info][gc,stats    ]   CSR: VM Strong Roots                4 us, workers (us):   4, ---, ---, 
[71.856s][info][gc,stats    ]   CSR: CLDG Roots                    33 us, workers (us):  33, ---, ---, 
[71.856s][info][gc,stats    ] Concurrent Evacuation              1018 us
[71.856s][info][gc,stats    ] Pause Init Update Refs (G)          257 us
[71.856s][info][gc,stats    ] Pause Init Update Refs (N)           40 us
[71.856s][info][gc,stats    ]   Manage GCLABs                       5 us
[71.856s][info][gc,stats    ] Concurrent Update Refs            11697 us
[71.856s][info][gc,stats    ] Concurrent Update Thread Roots     2035 us
[71.856s][info][gc,stats    ] Pause Final Update Refs (G)        4018 us
[71.856s][info][gc,stats    ] Pause Final Update Refs (N)         147 us
[71.856s][info][gc,stats    ]   Update Region States               58 us
[71.856s][info][gc,stats    ]   Trash Collection Set                9 us
[71.856s][info][gc,stats    ]   Rebuild Free Set                   17 us
[71.856s][info][gc,stats    ] Concurrent Cleanup                   94 us
[71.856s][info][gc,stats    ] 
[71.856s][info][gc,stats    ] Allocation pacing accrued:
[71.856s][info][gc,stats    ]       0 of   463 ms (  0.0%): <total>
[71.856s][info][gc,stats    ]       0 of   463 ms (  0.0%): <average total>
[71.856s][info][gc,stats    ] 
[71.857s][info][gc,metaspace] Metaspace: 8805K(9472K)->8805K(9472K) NonClass: 7955K(8320K)->7955K(8320K) Class: 850K(1152K)->850K(1152K)
[71.857s][info][gc,ergo     ] Pacer for Idle. Initial: 41943K, Alloc Tax Rate: 1.0x
[72.277s][info][gc          ] Trigger: Average GC time (48.64 ms) is above the time for average allocation rate (3706 MB/s) to deplete free headroom (156M) (margin of error = 2.03)
[72.277s][info][gc,ergo     ] Free headroom: 258M (free) - 102M (spike) - 0B (penalties) = 156M
[72.277s][info][gc,ergo     ] Free: 258M, Max: 1024K regular, 169M humongous, Frag: 33% external, 1% internal; Reserve: 103M, Max: 1024K
[72.277s][info][gc,start    ] GC(165) Concurrent reset
[72.277s][info][gc,task     ] GC(165) Using 1 of 3 workers for concurrent reset
[72.277s][info][gc,ergo     ] GC(165) Pacer for Reset. Non-Taxable: 2048M
[72.278s][info][gc          ] GC(165) Concurrent reset 0.971ms
[72.278s][info][gc,start    ] GC(165) Pause Init Mark (unload classes)
[72.278s][info][gc,task     ] GC(165) Using 3 of 3 workers for init marking
[72.278s][info][gc,ergo     ] GC(165) Pacer for Mark. Expected Live: 8445K, Free: 253M, Non-Taxable: 26002K, Alloc Tax Rate: 0.0x
[72.278s][info][gc          ] GC(165) Pause Init Mark (unload classes) 0.245ms
[72.281s][info][gc,start    ] GC(165) Concurrent marking roots
[72.281s][info][gc,task     ] GC(165) Using 1 of 3 workers for concurrent marking roots
[72.282s][info][gc          ] GC(165) Concurrent marking roots 0.451ms
[72.282s][info][gc,start    ] GC(165) Concurrent marking (unload classes)
[72.282s][info][gc,task     ] GC(165) Using 1 of 3 workers for concurrent marking
[72.287s][info][gc          ] GC(165) Concurrent marking (unload classes) 5.149ms
[72.287s][info][gc,start    ] GC(165) Pause Final Mark (unload classes)
[72.287s][info][gc,task     ] GC(165) Using 3 of 3 workers for final marking
[72.287s][info][gc,ergo     ] GC(165) Adaptive CSet Selection. Target Free: 290M, Actual Free: 1835M, Max CSet: 87381K, Min Garbage: 0B
[72.287s][info][gc,ergo     ] GC(165) Collectable Garbage: 1678M (99%), Immediate: 1514M (90%), CSet: 164M (9%)
[72.287s][info][gc,ergo     ] GC(165) Pacer for Evacuation. Used CSet: 164M, Free: 1740M, Non-Taxable: 174M, Alloc Tax Rate: 1.1x
[72.287s][info][gc          ] GC(165) Pause Final Mark (unload classes) 0.220ms
[72.287s][info][gc,start    ] GC(165) Concurrent thread roots
[72.287s][info][gc,task     ] GC(165) Using 1 of 3 workers for Concurrent thread roots
[72.287s][info][gc          ] GC(165) Concurrent thread roots 0.355ms
[72.287s][info][gc,start    ] GC(165) Concurrent weak references
[72.287s][info][gc,task     ] GC(165) Using 1 of 3 workers for concurrent weak references
[72.288s][info][gc,ref      ] GC(165) Encountered references: Soft: 137, Weak: 899, Final: 3, Phantom: 122
[72.288s][info][gc,ref      ] GC(165) Discovered  references: Soft: 0, Weak: 432, Final: 1, Phantom: 105
[72.288s][info][gc,ref      ] GC(165) Enqueued    references: Soft: 0, Weak: 292, Final: 0, Phantom: 0
[72.288s][info][gc          ] GC(165) Concurrent weak references 0.166ms
[72.288s][info][gc,start    ] GC(165) Concurrent weak roots
[72.288s][info][gc,task     ] GC(165) Using 1 of 3 workers for concurrent weak root
[72.291s][info][gc          ] GC(165) Concurrent weak roots 3.341ms
[72.291s][info][gc,start    ] GC(165) Concurrent cleanup
[72.291s][info][gc          ] GC(165) Concurrent cleanup 1733M->219M(2048M) 0.109ms
[72.291s][info][gc,ergo     ] GC(165) Free: 1723M, Max: 1024K regular, 174M humongous, Frag: 90% external, 0% internal; Reserve: 102M, Max: 1024K
[72.291s][info][gc,start    ] GC(165) Concurrent class unloading
[72.291s][info][gc,task     ] GC(165) Using 1 of 3 workers for concurrent class unloading
[72.297s][info][gc          ] GC(165) Concurrent class unloading 5.706ms
[72.297s][info][gc,start    ] GC(165) Concurrent strong roots
[72.297s][info][gc,task     ] GC(165) Using 1 of 3 workers for concurrent strong root
[72.297s][info][gc          ] GC(165) Concurrent strong roots 0.088ms
[72.297s][info][gc,start    ] GC(165) Concurrent evacuation
[72.297s][info][gc,task     ] GC(165) Using 1 of 3 workers for concurrent evacuation
[72.298s][info][gc          ] GC(165) Concurrent evacuation 1.027ms
[72.298s][info][gc,start    ] GC(165) Pause Init Update Refs
[72.298s][info][gc,ergo     ] GC(165) Pacer for Update Refs. Used: 235M, Free: 1708M, Non-Taxable: 170M, Alloc Tax Rate: 1.1x
[72.298s][info][gc          ] GC(165) Pause Init Update Refs 0.048ms
[72.304s][info][gc,start    ] GC(165) Concurrent update references
[72.304s][info][gc,task     ] GC(165) Using 1 of 3 workers for concurrent reference update
[72.313s][info][gc          ] GC(165) Concurrent update references 8.514ms
[72.313s][info][gc,start    ] GC(165) Concurrent update thread roots
[72.313s][info][gc          ] GC(165) Concurrent update thread roots 0.476ms
[72.313s][info][gc,start    ] GC(165) Pause Final Update Refs
[72.313s][info][gc,task     ] GC(165) Using 3 of 3 workers for final reference update
[72.313s][info][gc          ] GC(165) Pause Final Update Refs 0.092ms
[72.313s][info][gc,start    ] GC(165) Concurrent cleanup
[72.313s][info][gc          ] GC(165) Concurrent cleanup 282M->117M(2048M) 0.035ms
[72.313s][info][gc,ergo     ] Free: 1825M, Max: 1024K regular, 1554M humongous, Frag: 15% external, 0% internal; Reserve: 103M, Max: 1024K
[72.313s][info][gc,stats    ] 
[72.313s][info][gc,stats    ] All times are wall-clock times, except per-root-class counters, that are sum over
[72.313s][info][gc,stats    ] all workers. Dividing the <total> over the root stage time estimates parallelism.
[72.313s][info][gc,stats    ] 
[72.313s][info][gc,stats    ] Concurrent Reset                   1019 us
[72.313s][info][gc,stats    ] Pause Init Mark (G)                3040 us
[72.313s][info][gc,stats    ] Pause Init Mark (N)                 253 us
[72.313s][info][gc,stats    ]   Update Region States              163 us
[72.313s][info][gc,stats    ] Concurrent Mark Roots               473 us, parallelism: 0.73x
[72.313s][info][gc,stats    ]   CMR: <total>                      343 us
[72.313s][info][gc,stats    ]   CMR: Thread Roots                 295 us, workers (us): 295, ---, ---, 
[72.313s][info][gc,stats    ]   CMR: VM Strong Roots                5 us, workers (us):   5, ---, ---, 
[72.313s][info][gc,stats    ]   CMR: CLDG Roots                    43 us, workers (us):  43, ---, ---, 
[72.314s][info][gc,stats    ] Concurrent Marking                 5187 us
[72.314s][info][gc,stats    ] Pause Final Mark (G)                327 us
[72.314s][info][gc,stats    ] Pause Final Mark (N)                229 us
[72.314s][info][gc,stats    ]   Finish Mark                        44 us
[72.314s][info][gc,stats    ]   Update Region States               41 us
[72.314s][info][gc,stats    ]   Choose Collection Set              70 us
[72.314s][info][gc,stats    ]   Rebuild Free Set                    8 us
[72.314s][info][gc,stats    ] Concurrent Thread Roots             375 us, parallelism: 0.81x
[72.314s][info][gc,stats    ]   CTR: <total>                      304 us
[72.314s][info][gc,stats    ]   CTR: Thread Roots                 304 us, workers (us): 304, ---, ---, 
[72.314s][info][gc,stats    ] Concurrent Weak References          174 us, parallelism: 0.58x
[72.314s][info][gc,stats    ]   CWRF: <total>                     101 us
[72.314s][info][gc,stats    ]   CWRF: Weak References             101 us, workers (us): 101, ---, ---, 
[72.314s][info][gc,stats    ] Concurrent Weak Roots              3385 us
[72.314s][info][gc,stats    ]   Roots                            1267 us, parallelism: 0.97x
[72.314s][info][gc,stats    ]     CWR: <total>                   1233 us
[72.314s][info][gc,stats    ]     CWR: Code Cache Roots          1128 us, workers (us): 1128, ---, ---, 
[72.314s][info][gc,stats    ]     CWR: VM Weak Roots               95 us, workers (us):  95, ---, ---, 
[72.314s][info][gc,stats    ]     CWR: CLDG Roots                  10 us, workers (us):  10, ---, ---, 
[72.314s][info][gc,stats    ]   Rendezvous                       2054 us
[72.314s][info][gc,stats    ] Concurrent Cleanup                  120 us
[72.314s][info][gc,stats    ] Concurrent Class Unloading         5763 us
[72.314s][info][gc,stats    ]   Unlink Stale                     5087 us
[72.314s][info][gc,stats    ]     System Dictionary                11 us
[72.314s][info][gc,stats    ]     Weak Class Links                  2 us
[72.314s][info][gc,stats    ]     Code Roots                     5071 us
[72.314s][info][gc,stats    ]   Rendezvous                        344 us
[72.314s][info][gc,stats    ]   Purge Unlinked                    254 us
[72.314s][info][gc,stats    ]     Code Roots                      249 us
[72.314s][info][gc,stats    ]     CLDG                              4 us
[72.314s][info][gc,stats    ]     Exception Caches                  0 us
[72.314s][info][gc,stats    ] Concurrent Strong Roots             101 us, parallelism: 0.40x
[72.314s][info][gc,stats    ]   CSR: <total>                       40 us
[72.314s][info][gc,stats    ]   CSR: VM Strong Roots                4 us, workers (us):   4, ---, ---, 
[72.314s][info][gc,stats    ]   CSR: CLDG Roots                    36 us, workers (us):  36, ---, ---, 
[72.314s][info][gc,stats    ] Concurrent Evacuation              1076 us
[72.314s][info][gc,stats    ] Pause Init Update Refs (G)         5916 us
[72.314s][info][gc,stats    ] Pause Init Update Refs (N)           57 us
[72.314s][info][gc,stats    ]   Manage GCLABs                       3 us
[72.314s][info][gc,stats    ] Concurrent Update Refs             8561 us
[72.314s][info][gc,stats    ] Concurrent Update Thread Roots      508 us
[72.314s][info][gc,stats    ] Pause Final Update Refs (G)         196 us
[72.314s][info][gc,stats    ] Pause Final Update Refs (N)         124 us
[72.314s][info][gc,stats    ]   Update Region States               43 us
[72.314s][info][gc,stats    ]   Trash Collection Set                9 us
[72.314s][info][gc,stats    ]   Rebuild Free Set                   16 us
[72.314s][info][gc,stats    ] Concurrent Cleanup                   45 us
[72.314s][info][gc,stats    ] 
[72.314s][info][gc,stats    ] Allocation pacing accrued:
[72.314s][info][gc,stats    ]       0 of   457 ms (  0.0%): <total>
[72.314s][info][gc,stats    ]       0 of   457 ms (  0.0%): <average total>
[72.314s][info][gc,stats    ] 
[72.314s][info][gc,metaspace] Metaspace: 8805K(9472K)->8805K(9472K) NonClass: 7955K(8320K)->7955K(8320K) Class: 850K(1152K)->850K(1152K)
[72.314s][info][gc,ergo     ] Pacer for Idle. Initial: 41943K, Alloc Tax Rate: 1.0x
[72.736s][info][gc          ] Trigger: Average GC time (45.32 ms) is above the time for average allocation rate (3743 MB/s) to deplete free headroom (128M) (margin of error = 2.03)
[72.736s][info][gc,ergo     ] Free headroom: 231M (free) - 102M (spike) - 0B (penalties) = 128M
[72.736s][info][gc,ergo     ] Free: 231M, Max: 1024K regular, 222M humongous, Frag: 0% external, 1% internal; Reserve: 103M, Max: 1024K
[72.736s][info][gc,start    ] GC(166) Concurrent reset
[72.736s][info][gc,task     ] GC(166) Using 1 of 3 workers for concurrent reset
[72.736s][info][gc,ergo     ] GC(166) Pacer for Reset. Non-Taxable: 2048M
[72.737s][info][gc          ] GC(166) Concurrent reset 0.969ms
[72.737s][info][gc,start    ] GC(166) Pause Init Mark (unload classes)
[72.737s][info][gc,task     ] GC(166) Using 3 of 3 workers for init marking
[72.737s][info][gc,ergo     ] GC(166) Pacer for Mark. Expected Live: 8450K, Free: 226M, Non-Taxable: 23177K, Alloc Tax Rate: 0.0x
[72.737s][info][gc          ] GC(166) Pause Init Mark (unload classes) 0.130ms
[72.738s][info][gc,start    ] GC(166) Concurrent marking roots
[72.738s][info][gc,task     ] GC(166) Using 1 of 3 workers for concurrent marking roots
[72.738s][info][gc          ] GC(166) Concurrent marking roots 0.401ms
[72.739s][info][gc,start    ] GC(166) Concurrent marking (unload classes)
[72.739s][info][gc,task     ] GC(166) Using 1 of 3 workers for concurrent marking
[72.746s][info][gc          ] GC(166) Concurrent marking (unload classes) 7.743ms
[72.746s][info][gc,start    ] GC(166) Pause Final Mark (unload classes)
[72.746s][info][gc,task     ] GC(166) Using 3 of 3 workers for final marking
[72.747s][info][gc,ergo     ] GC(166) Adaptive CSet Selection. Target Free: 290M, Actual Free: 1829M, Max CSet: 87381K, Min Garbage: 0B
[72.747s][info][gc,ergo     ] GC(166) Collectable Garbage: 1705M (99%), Immediate: 1543M (90%), CSet: 162M (9%)
[72.747s][info][gc,ergo     ] GC(166) Pacer for Evacuation. Used CSet: 163M, Free: 1734M, Non-Taxable: 173M, Alloc Tax Rate: 1.1x
[72.747s][info][gc          ] GC(166) Pause Final Mark (unload classes) 0.230ms
[72.747s][info][gc,start    ] GC(166) Concurrent thread roots
[72.747s][info][gc,task     ] GC(166) Using 1 of 3 workers for Concurrent thread roots
[72.747s][info][gc          ] GC(166) Concurrent thread roots 0.398ms
[72.747s][info][gc,start    ] GC(166) Concurrent weak references
[72.747s][info][gc,task     ] GC(166) Using 1 of 3 workers for concurrent weak references
[72.747s][info][gc,ref      ] GC(166) Encountered references: Soft: 137, Weak: 907, Final: 3, Phantom: 123
[72.747s][info][gc,ref      ] GC(166) Discovered  references: Soft: 0, Weak: 436, Final: 1, Phantom: 105
[72.747s][info][gc,ref      ] GC(166) Enqueued    references: Soft: 0, Weak: 297, Final: 0, Phantom: 0
[72.747s][info][gc          ] GC(166) Concurrent weak references 0.191ms
[72.747s][info][gc,start    ] GC(166) Concurrent weak roots
[72.747s][info][gc,task     ] GC(166) Using 1 of 3 workers for concurrent weak root
[72.749s][info][gc          ] GC(166) Concurrent weak roots 1.473ms
[72.749s][info][gc,start    ] GC(166) Concurrent cleanup
[72.749s][info][gc          ] GC(166) Concurrent cleanup 1760M->217M(2048M) 0.107ms
[72.749s][info][gc,ergo     ] GC(166) Free: 1725M, Max: 1024K regular, 174M humongous, Frag: 90% external, 0% internal; Reserve: 102M, Max: 1024K
[72.749s][info][gc,start    ] GC(166) Concurrent class unloading
[72.749s][info][gc,task     ] GC(166) Using 1 of 3 workers for concurrent class unloading
[72.760s][info][gc          ] GC(166) Concurrent class unloading 10.762ms
[72.760s][info][gc,start    ] GC(166) Concurrent strong roots
[72.760s][info][gc,task     ] GC(166) Using 1 of 3 workers for concurrent strong root
[72.760s][info][gc          ] GC(166) Concurrent strong roots 0.090ms
[72.760s][info][gc,start    ] GC(166) Concurrent evacuation
[72.760s][info][gc,task     ] GC(166) Using 1 of 3 workers for concurrent evacuation
[72.761s][info][gc          ] GC(166) Concurrent evacuation 0.970ms
[72.761s][info][gc,start    ] GC(166) Pause Init Update Refs
[72.761s][info][gc,ergo     ] GC(166) Pacer for Update Refs. Used: 254M, Free: 1688M, Non-Taxable: 168M, Alloc Tax Rate: 1.1x
[72.761s][info][gc          ] GC(166) Pause Init Update Refs 0.051ms
[72.765s][info][gc,start    ] GC(166) Concurrent update references
[72.765s][info][gc,task     ] GC(166) Using 1 of 3 workers for concurrent reference update
[72.775s][info][gc          ] GC(166) Concurrent update references 10.065ms
[72.775s][info][gc,start    ] GC(166) Concurrent update thread roots
[72.775s][info][gc          ] GC(166) Concurrent update thread roots 0.401ms
[72.775s][info][gc,start    ] GC(166) Pause Final Update Refs
[72.775s][info][gc,task     ] GC(166) Using 3 of 3 workers for final reference update
[72.776s][info][gc          ] GC(166) Pause Final Update Refs 0.109ms
[72.776s][info][gc,start    ] GC(166) Concurrent cleanup
[72.776s][info][gc          ] GC(166) Concurrent cleanup 290M->127M(2048M) 0.041ms
[72.776s][info][gc,ergo     ] Free: 1815M, Max: 1024K regular, 1625M humongous, Frag: 11% external, 0% internal; Reserve: 103M, Max: 1024K
[72.776s][info][gc,stats    ] 
[72.776s][info][gc,stats    ] All times are wall-clock times, except per-root-class counters, that are sum over
[72.776s][info][gc,stats    ] all workers. Dividing the <total> over the root stage time estimates parallelism.
[72.776s][info][gc,stats    ] 
[72.776s][info][gc,stats    ] Concurrent Reset                   1037 us
[72.776s][info][gc,stats    ] Pause Init Mark (G)                 935 us
[72.776s][info][gc,stats    ] Pause Init Mark (N)                 140 us
[72.776s][info][gc,stats    ]   Update Region States               48 us
[72.776s][info][gc,stats    ] Concurrent Mark Roots               421 us, parallelism: 0.80x
[72.776s][info][gc,stats    ]   CMR: <total>                      337 us
[72.776s][info][gc,stats    ]   CMR: Thread Roots                 287 us, workers (us): 287, ---, ---, 
[72.776s][info][gc,stats    ]   CMR: VM Strong Roots                5 us, workers (us):   5, ---, ---, 
[72.776s][info][gc,stats    ]   CMR: CLDG Roots                    45 us, workers (us):  45, ---, ---, 
[72.776s][info][gc,stats    ] Concurrent Marking                 7784 us
[72.776s][info][gc,stats    ] Pause Final Mark (G)                377 us
[72.776s][info][gc,stats    ] Pause Final Mark (N)                239 us
[72.776s][info][gc,stats    ]   Finish Mark                        58 us
[72.776s][info][gc,stats    ]   Update Region States               38 us
[72.776s][info][gc,stats    ]   Choose Collection Set              71 us
[72.776s][info][gc,stats    ]   Rebuild Free Set                    9 us
[72.776s][info][gc,stats    ] Concurrent Thread Roots             418 us, parallelism: 0.85x
[72.776s][info][gc,stats    ]   CTR: <total>                      355 us
[72.776s][info][gc,stats    ]   CTR: Thread Roots                 355 us, workers (us): 355, ---, ---, 
[72.776s][info][gc,stats    ] Concurrent Weak References          198 us, parallelism: 0.61x
[72.776s][info][gc,stats    ]   CWRF: <total>                     122 us
[72.776s][info][gc,stats    ]   CWRF: Weak References             122 us, workers (us): 122, ---, ---, 
[72.776s][info][gc,stats    ] Concurrent Weak Roots              1522 us
[72.776s][info][gc,stats    ]   Roots                            1292 us, parallelism: 0.97x
[72.776s][info][gc,stats    ]     CWR: <total>                   1251 us
[72.776s][info][gc,stats    ]     CWR: Code Cache Roots          1140 us, workers (us): 1140, ---, ---, 
[72.776s][info][gc,stats    ]     CWR: VM Weak Roots              103 us, workers (us): 103, ---, ---, 
[72.776s][info][gc,stats    ]     CWR: CLDG Roots                   8 us, workers (us):   8, ---, ---, 
[72.776s][info][gc,stats    ]   Rendezvous                        151 us
[72.776s][info][gc,stats    ] Concurrent Cleanup                  117 us
[72.776s][info][gc,stats    ] Concurrent Class Unloading        10797 us
[72.776s][info][gc,stats    ]   Unlink Stale                     5340 us
[72.776s][info][gc,stats    ]     System Dictionary                11 us
[72.776s][info][gc,stats    ]     Weak Class Links                  0 us
[72.776s][info][gc,stats    ]     Code Roots                     5327 us
[72.776s][info][gc,stats    ]   Rendezvous                       5033 us
[72.776s][info][gc,stats    ]   Purge Unlinked                    367 us
[72.776s][info][gc,stats    ]     Code Roots                      361 us
[72.776s][info][gc,stats    ]     CLDG                              6 us
[72.776s][info][gc,stats    ]     Exception Caches                  0 us
[72.776s][info][gc,stats    ] Concurrent Strong Roots             110 us, parallelism: 0.36x
[72.776s][info][gc,stats    ]   CSR: <total>                       40 us
[72.776s][info][gc,stats    ]   CSR: VM Strong Roots                4 us, workers (us):   4, ---, ---, 
[72.776s][info][gc,stats    ]   CSR: CLDG Roots                    36 us, workers (us):  36, ---, ---, 
[72.776s][info][gc,stats    ] Concurrent Evacuation              1007 us
[72.776s][info][gc,stats    ] Pause Init Update Refs (G)         3948 us
[72.776s][info][gc,stats    ] Pause Init Update Refs (N)           61 us
[72.776s][info][gc,stats    ]   Manage GCLABs                       4 us
[72.776s][info][gc,stats    ] Concurrent Update Refs            10139 us
[72.776s][info][gc,stats    ] Concurrent Update Thread Roots      423 us
[72.776s][info][gc,stats    ] Pause Final Update Refs (G)         221 us
[72.776s][info][gc,stats    ] Pause Final Update Refs (N)         129 us
[72.776s][info][gc,stats    ]   Update Region States               35 us
[72.776s][info][gc,stats    ]   Trash Collection Set               10 us
[72.776s][info][gc,stats    ]   Rebuild Free Set                   19 us
[72.776s][info][gc,stats    ] Concurrent Cleanup                   54 us
[72.776s][info][gc,stats    ] 
[72.776s][info][gc,stats    ] Allocation pacing accrued:
[72.776s][info][gc,stats    ]       0 of   462 ms (  0.0%): <total>
[72.776s][info][gc,stats    ]       0 of   462 ms (  0.0%): <average total>
[72.776s][info][gc,stats    ] 
[72.776s][info][gc,metaspace] Metaspace: 8805K(9472K)->8805K(9472K) NonClass: 7955K(8320K)->7955K(8320K) Class: 850K(1152K)->850K(1152K)
[72.776s][info][gc,ergo     ] Pacer for Idle. Initial: 41943K, Alloc Tax Rate: 1.0x
[73.209s][info][gc          ] Trigger: Average GC time (44.14 ms) is above the time for average allocation rate (3684 MB/s) to deplete free headroom (111M) (margin of error = 2.04)
[73.209s][info][gc,ergo     ] Free headroom: 213M (free) - 102M (spike) - 0B (penalties) = 111M
[73.209s][info][gc,ergo     ] Free: 213M, Max: 1024K regular, 175M humongous, Frag: 15% external, 1% internal; Reserve: 103M, Max: 1024K
[73.209s][info][gc,start    ] GC(167) Concurrent reset
[73.210s][info][gc,task     ] GC(167) Using 1 of 3 workers for concurrent reset
[73.210s][info][gc,ergo     ] GC(167) Pacer for Reset. Non-Taxable: 2048M
[73.210s][info][gc          ] GC(167) Concurrent reset 0.961ms
[73.211s][info][gc,start    ] GC(167) Pause Init Mark (unload classes)
[73.211s][info][gc,task     ] GC(167) Using 3 of 3 workers for init marking
[73.211s][info][gc,ergo     ] GC(167) Pacer for Mark. Expected Live: 8450K, Free: 209M, Non-Taxable: 21488K, Alloc Tax Rate: 0.0x
[73.211s][info][gc          ] GC(167) Pause Init Mark (unload classes) 0.154ms
[73.211s][info][gc,start    ] GC(167) Concurrent marking roots
[73.211s][info][gc,task     ] GC(167) Using 1 of 3 workers for concurrent marking roots
[73.211s][info][gc          ] GC(167) Concurrent marking roots 0.426ms
[73.211s][info][gc,start    ] GC(167) Concurrent marking (unload classes)
[73.211s][info][gc,task     ] GC(167) Using 1 of 3 workers for concurrent marking
[73.219s][info][gc          ] GC(167) Concurrent marking (unload classes) 8.024ms
[73.220s][info][gc,start    ] GC(167) Pause Final Mark (unload classes)
[73.220s][info][gc,task     ] GC(167) Using 3 of 3 workers for final marking
[73.220s][info][gc,ergo     ] GC(167) Adaptive CSet Selection. Target Free: 290M, Actual Free: 1833M, Max CSet: 87381K, Min Garbage: 0B
[73.220s][info][gc,ergo     ] GC(167) Collectable Garbage: 1722M (99%), Immediate: 1560M (90%), CSet: 162M (9%)
[73.220s][info][gc,ergo     ] GC(167) Pacer for Evacuation. Used CSet: 163M, Free: 1738M, Non-Taxable: 173M, Alloc Tax Rate: 1.1x
[73.220s][info][gc          ] GC(167) Pause Final Mark (unload classes) 0.261ms
[73.220s][info][gc,start    ] GC(167) Concurrent thread roots
[73.220s][info][gc,task     ] GC(167) Using 1 of 3 workers for Concurrent thread roots
[73.220s][info][gc          ] GC(167) Concurrent thread roots 0.357ms
[73.220s][info][gc,start    ] GC(167) Concurrent weak references
[73.220s][info][gc,task     ] GC(167) Using 1 of 3 workers for concurrent weak references
[73.220s][info][gc,ref      ] GC(167) Encountered references: Soft: 137, Weak: 910, Final: 3, Phantom: 124
[73.220s][info][gc,ref      ] GC(167) Discovered  references: Soft: 0, Weak: 436, Final: 1, Phantom: 108
[73.220s][info][gc,ref      ] GC(167) Enqueued    references: Soft: 0, Weak: 301, Final: 0, Phantom: 0
[73.220s][info][gc          ] GC(167) Concurrent weak references 0.167ms
[73.220s][info][gc,start    ] GC(167) Concurrent weak roots
[73.220s][info][gc,task     ] GC(167) Using 1 of 3 workers for concurrent weak root
[73.222s][info][gc          ] GC(167) Concurrent weak roots 1.857ms
[73.222s][info][gc,start    ] GC(167) Concurrent cleanup
[73.222s][info][gc          ] GC(167) Concurrent cleanup 1773M->213M(2048M) 0.105ms
[73.222s][info][gc,ergo     ] GC(167) Free: 1729M, Max: 1024K regular, 161M humongous, Frag: 91% external, 0% internal; Reserve: 102M, Max: 1024K
[73.222s][info][gc,start    ] GC(167) Concurrent class unloading
[73.222s][info][gc,task     ] GC(167) Using 1 of 3 workers for concurrent class unloading
[73.229s][info][gc          ] GC(167) Concurrent class unloading 6.971ms
[73.229s][info][gc,start    ] GC(167) Concurrent strong roots
[73.229s][info][gc,task     ] GC(167) Using 1 of 3 workers for concurrent strong root
[73.230s][info][gc          ] GC(167) Concurrent strong roots 0.093ms
[73.230s][info][gc,start    ] GC(167) Concurrent evacuation
[73.230s][info][gc,task     ] GC(167) Using 1 of 3 workers for concurrent evacuation
[73.231s][info][gc          ] GC(167) Concurrent evacuation 1.042ms
[73.231s][info][gc,start    ] GC(167) Pause Init Update Refs
[73.231s][info][gc,ergo     ] GC(167) Pacer for Update Refs. Used: 235M, Free: 1708M, Non-Taxable: 170M, Alloc Tax Rate: 1.1x
[73.231s][info][gc          ] GC(167) Pause Init Update Refs 0.037ms
[73.231s][info][gc,start    ] GC(167) Concurrent update references
[73.231s][info][gc,task     ] GC(167) Using 1 of 3 workers for concurrent reference update
[73.241s][info][gc          ] GC(167) Concurrent update references 9.203ms
[73.241s][info][gc,start    ] GC(167) Concurrent update thread roots
[73.241s][info][gc          ] GC(167) Concurrent update thread roots 0.508ms
[73.241s][info][gc,start    ] GC(167) Pause Final Update Refs
[73.241s][info][gc,task     ] GC(167) Using 3 of 3 workers for final reference update
[73.241s][info][gc          ] GC(167) Pause Final Update Refs 0.099ms
[73.243s][info][gc,start    ] GC(167) Concurrent cleanup
[73.243s][info][gc          ] GC(167) Concurrent cleanup 268M->108M(2048M) 0.065ms
[73.243s][info][gc,ergo     ] Free: 1834M, Max: 1024K regular, 1622M humongous, Frag: 12% external, 0% internal; Reserve: 103M, Max: 1024K
[73.243s][info][gc,stats    ] 
[73.243s][info][gc,stats    ] All times are wall-clock times, except per-root-class counters, that are sum over
[73.243s][info][gc,stats    ] all workers. Dividing the <total> over the root stage time estimates parallelism.
[73.243s][info][gc,stats    ] 
[73.243s][info][gc,stats    ] Concurrent Reset                   1040 us
[73.243s][info][gc,stats    ] Pause Init Mark (G)                 403 us
[73.243s][info][gc,stats    ] Pause Init Mark (N)                 164 us
[73.243s][info][gc,stats    ]   Update Region States               53 us
[73.243s][info][gc,stats    ] Concurrent Mark Roots               441 us, parallelism: 0.82x
[73.243s][info][gc,stats    ]   CMR: <total>                      362 us
[73.243s][info][gc,stats    ]   CMR: Thread Roots                 312 us, workers (us): 312, ---, ---, 
[73.243s][info][gc,stats    ]   CMR: VM Strong Roots                7 us, workers (us):   7, ---, ---, 
[73.243s][info][gc,stats    ]   CMR: CLDG Roots                    43 us, workers (us):  43, ---, ---, 
[73.243s][info][gc,stats    ] Concurrent Marking                 8067 us
[73.243s][info][gc,stats    ] Pause Final Mark (G)                395 us
[73.243s][info][gc,stats    ] Pause Final Mark (N)                272 us
[73.243s][info][gc,stats    ]   Finish Mark                        61 us
[73.243s][info][gc,stats    ]   Update Region States               52 us
[73.243s][info][gc,stats    ]   Choose Collection Set              89 us
[73.243s][info][gc,stats    ]   Rebuild Free Set                    8 us
[73.243s][info][gc,stats    ] Concurrent Thread Roots             376 us, parallelism: 0.82x
[73.243s][info][gc,stats    ]   CTR: <total>                      309 us
[73.243s][info][gc,stats    ]   CTR: Thread Roots                 309 us, workers (us): 309, ---, ---, 
[73.243s][info][gc,stats    ] Concurrent Weak References          175 us, parallelism: 0.60x
[73.243s][info][gc,stats    ]   CWRF: <total>                     105 us
[73.243s][info][gc,stats    ]   CWRF: Weak References             105 us, workers (us): 105, ---, ---, 
[73.243s][info][gc,stats    ] Concurrent Weak Roots              1890 us
[73.243s][info][gc,stats    ]   Roots                            1389 us, parallelism: 0.97x
[73.243s][info][gc,stats    ]     CWR: <total>                   1350 us
[73.243s][info][gc,stats    ]     CWR: Code Cache Roots          1249 us, workers (us): 1249, ---, ---, 
[73.243s][info][gc,stats    ]     CWR: VM Weak Roots               95 us, workers (us):  95, ---, ---, 
[73.243s][info][gc,stats    ]     CWR: CLDG Roots                   7 us, workers (us):   7, ---, ---, 
[73.243s][info][gc,stats    ]   Rendezvous                        448 us
[73.243s][info][gc,stats    ] Concurrent Cleanup                  115 us
[73.244s][info][gc,stats    ] Concurrent Class Unloading         7008 us
[73.244s][info][gc,stats    ]   Unlink Stale                     4900 us
[73.244s][info][gc,stats    ]     System Dictionary                10 us
[73.244s][info][gc,stats    ]     Weak Class Links                  0 us
[73.244s][info][gc,stats    ]     Code Roots                     4888 us
[73.244s][info][gc,stats    ]   Rendezvous                       1705 us
[73.244s][info][gc,stats    ]   Purge Unlinked                    345 us
[73.244s][info][gc,stats    ]     Code Roots                      339 us
[73.244s][info][gc,stats    ]     CLDG                              6 us
[73.244s][info][gc,stats    ]     Exception Caches                  0 us
[73.244s][info][gc,stats    ] Concurrent Strong Roots             103 us, parallelism: 0.43x
[73.244s][info][gc,stats    ]   CSR: <total>                       45 us
[73.244s][info][gc,stats    ]   CSR: VM Strong Roots                4 us, workers (us):   4, ---, ---, 
[73.244s][info][gc,stats    ]   CSR: CLDG Roots                    40 us, workers (us):  40, ---, ---, 
[73.244s][info][gc,stats    ] Concurrent Evacuation              1089 us
[73.244s][info][gc,stats    ] Pause Init Update Refs (G)          757 us
[73.244s][info][gc,stats    ] Pause Init Update Refs (N)           47 us
[73.244s][info][gc,stats    ]   Manage GCLABs                       4 us
[73.244s][info][gc,stats    ] Concurrent Update Refs             9255 us
[73.244s][info][gc,stats    ] Concurrent Update Thread Roots      539 us
[73.244s][info][gc,stats    ] Pause Final Update Refs (G)        1957 us
[73.244s][info][gc,stats    ] Pause Final Update Refs (N)         110 us
[73.244s][info][gc,stats    ]   Update Region States               48 us
[73.244s][info][gc,stats    ]   Trash Collection Set                4 us
[73.244s][info][gc,stats    ]   Rebuild Free Set                    9 us
[73.244s][info][gc,stats    ] Concurrent Cleanup                   76 us
[73.244s][info][gc,stats    ] 
[73.244s][info][gc,stats    ] Allocation pacing accrued:
[73.244s][info][gc,stats    ]       0 of   468 ms (  0.0%): <total>
[73.244s][info][gc,stats    ]       0 of   468 ms (  0.0%): <average total>
[73.244s][info][gc,stats    ] 
[73.244s][info][gc,metaspace] Metaspace: 8805K(9472K)->8805K(9472K) NonClass: 7955K(8320K)->7955K(8320K) Class: 850K(1152K)->850K(1152K)
[73.244s][info][gc,ergo     ] Pacer for Idle. Initial: 41943K, Alloc Tax Rate: 1.0x
[73.679s][info][gc          ] Trigger: Average GC time (42.72 ms) is above the time for average allocation rate (3732 MB/s) to deplete free headroom (104M) (margin of error = 2.04)
[73.679s][info][gc,ergo     ] Free headroom: 206M (free) - 102M (spike) - 0B (penalties) = 104M
[73.680s][info][gc,ergo     ] Free: 206M, Max: 1024K regular, 160M humongous, Frag: 19% external, 1% internal; Reserve: 103M, Max: 1024K
[73.680s][info][gc,start    ] GC(168) Concurrent reset
[73.680s][info][gc,task     ] GC(168) Using 1 of 3 workers for concurrent reset
[73.680s][info][gc,ergo     ] GC(168) Pacer for Reset. Non-Taxable: 2048M
[73.680s][info][gc          ] GC(168) Concurrent reset 0.940ms
[73.681s][info][gc,start    ] GC(168) Pause Init Mark (unload classes)
[73.681s][info][gc,task     ] GC(168) Using 3 of 3 workers for init marking
[73.681s][info][gc,ergo     ] GC(168) Pacer for Mark. Expected Live: 8451K, Free: 206M, Non-Taxable: 21155K, Alloc Tax Rate: 0.0x
[73.681s][info][gc          ] GC(168) Pause Init Mark (unload classes) 0.132ms
[73.683s][info][gc,start    ] GC(168) Concurrent marking roots
[73.683s][info][gc,task     ] GC(168) Using 1 of 3 workers for concurrent marking roots
[73.684s][info][gc          ] GC(168) Concurrent marking roots 0.453ms
[73.684s][info][gc,start    ] GC(168) Concurrent marking (unload classes)
[73.684s][info][gc,task     ] GC(168) Using 1 of 3 workers for concurrent marking
[73.692s][info][gc          ] GC(168) Concurrent marking (unload classes) 8.338ms
[73.692s][info][gc,start    ] GC(168) Pause Final Mark (unload classes)
[73.692s][info][gc,task     ] GC(168) Using 3 of 3 workers for final marking
[73.692s][info][gc,ergo     ] GC(168) Adaptive CSet Selection. Target Free: 290M, Actual Free: 1825M, Max CSet: 87381K, Min Garbage: 0B
[73.692s][info][gc,ergo     ] GC(168) Collectable Garbage: 1725M (99%), Immediate: 1566M (90%), CSet: 159M (9%)
[73.692s][info][gc,ergo     ] GC(168) Pacer for Evacuation. Used CSet: 160M, Free: 1730M, Non-Taxable: 173M, Alloc Tax Rate: 1.1x
[73.692s][info][gc          ] GC(168) Pause Final Mark (unload classes) 0.239ms
[73.692s][info][gc,start    ] GC(168) Concurrent thread roots
[73.692s][info][gc,task     ] GC(168) Using 1 of 3 workers for Concurrent thread roots
[73.693s][info][gc          ] GC(168) Concurrent thread roots 0.445ms
[73.693s][info][gc,start    ] GC(168) Concurrent weak references
[73.693s][info][gc,task     ] GC(168) Using 1 of 3 workers for concurrent weak references
[73.693s][info][gc,ref      ] GC(168) Encountered references: Soft: 137, Weak: 896, Final: 3, Phantom: 99
[73.693s][info][gc,ref      ] GC(168) Discovered  references: Soft: 0, Weak: 443, Final: 1, Phantom: 87
[73.693s][info][gc,ref      ] GC(168) Enqueued    references: Soft: 0, Weak: 306, Final: 0, Phantom: 0
[73.693s][info][gc          ] GC(168) Concurrent weak references 0.167ms
[73.693s][info][gc,start    ] GC(168) Concurrent weak roots
[73.693s][info][gc,task     ] GC(168) Using 1 of 3 workers for concurrent weak root
[73.698s][info][gc          ] GC(168) Concurrent weak roots 5.021ms
[73.698s][info][gc,start    ] GC(168) Concurrent cleanup
[73.698s][info][gc          ] GC(168) Concurrent cleanup 1796M->230M(2048M) 0.129ms
[73.698s][info][gc,ergo     ] GC(168) Free: 1711M, Max: 1024K regular, 137M humongous, Frag: 92% external, 0% internal; Reserve: 102M, Max: 1024K
[73.698s][info][gc,start    ] GC(168) Concurrent class unloading
[73.698s][info][gc,task     ] GC(168) Using 1 of 3 workers for concurrent class unloading
[73.709s][info][gc          ] GC(168) Concurrent class unloading 10.269ms
[73.709s][info][gc,start    ] GC(168) Concurrent strong roots
[73.709s][info][gc,task     ] GC(168) Using 1 of 3 workers for concurrent strong root
[73.709s][info][gc          ] GC(168) Concurrent strong roots 0.083ms
[73.709s][info][gc,start    ] GC(168) Concurrent evacuation
[73.709s][info][gc,task     ] GC(168) Using 1 of 3 workers for concurrent evacuation
[73.710s][info][gc          ] GC(168) Concurrent evacuation 0.968ms
[73.710s][info][gc,start    ] GC(168) Pause Init Update Refs
[73.710s][info][gc,ergo     ] GC(168) Pacer for Update Refs. Used: 265M, Free: 1677M, Non-Taxable: 167M, Alloc Tax Rate: 1.1x
[73.710s][info][gc          ] GC(168) Pause Init Update Refs 0.049ms
[73.710s][info][gc,start    ] GC(168) Concurrent update references
[73.710s][info][gc,task     ] GC(168) Using 1 of 3 workers for concurrent reference update
[73.722s][info][gc          ] GC(168) Concurrent update references 11.847ms
[73.722s][info][gc,start    ] GC(168) Concurrent update thread roots
[73.722s][info][gc          ] GC(168) Concurrent update thread roots 0.568ms
[73.722s][info][gc,start    ] GC(168) Pause Final Update Refs
[73.722s][info][gc,task     ] GC(168) Using 3 of 3 workers for final reference update
[73.723s][info][gc          ] GC(168) Pause Final Update Refs 0.106ms
[73.723s][info][gc,start    ] GC(168) Concurrent cleanup
[73.723s][info][gc          ] GC(168) Concurrent cleanup 297M->139M(2048M) 0.050ms
[73.723s][info][gc,ergo     ] Free: 1803M, Max: 1024K regular, 1640M humongous, Frag: 9% external, 0% internal; Reserve: 103M, Max: 1024K
[73.723s][info][gc,stats    ] 
[73.723s][info][gc,stats    ] All times are wall-clock times, except per-root-class counters, that are sum over
[73.723s][info][gc,stats    ] all workers. Dividing the <total> over the root stage time estimates parallelism.
[73.723s][info][gc,stats    ] 
[73.723s][info][gc,stats    ] Concurrent Reset                   1003 us
[73.723s][info][gc,stats    ] Pause Init Mark (G)                2693 us
[73.723s][info][gc,stats    ] Pause Init Mark (N)                 142 us
[73.723s][info][gc,stats    ]   Update Region States               43 us
[73.723s][info][gc,stats    ] Concurrent Mark Roots               470 us, parallelism: 0.75x
[73.723s][info][gc,stats    ]   CMR: <total>                      353 us
[73.723s][info][gc,stats    ]   CMR: Thread Roots                 302 us, workers (us): 302, ---, ---, 
[73.723s][info][gc,stats    ]   CMR: VM Strong Roots                6 us, workers (us):   6, ---, ---, 
[73.723s][info][gc,stats    ]   CMR: CLDG Roots                    45 us, workers (us):  45, ---, ---, 
[73.723s][info][gc,stats    ] Concurrent Marking                 8380 us
[73.723s][info][gc,stats    ] Pause Final Mark (G)                376 us
[73.723s][info][gc,stats    ] Pause Final Mark (N)                248 us
[73.723s][info][gc,stats    ]   Finish Mark                        55 us
[73.724s][info][gc,stats    ]   Update Region States               38 us
[73.724s][info][gc,stats    ]   Choose Collection Set              77 us
[73.724s][info][gc,stats    ]   Rebuild Free Set                    9 us
[73.724s][info][gc,stats    ] Concurrent Thread Roots             471 us, parallelism: 0.85x
[73.724s][info][gc,stats    ]   CTR: <total>                      402 us
[73.724s][info][gc,stats    ]   CTR: Thread Roots                 402 us, workers (us): 402, ---, ---, 
[73.724s][info][gc,stats    ] Concurrent Weak References          175 us, parallelism: 0.58x
[73.724s][info][gc,stats    ]   CWRF: <total>                     101 us
[73.724s][info][gc,stats    ]   CWRF: Weak References             101 us, workers (us): 101, ---, ---, 
[73.724s][info][gc,stats    ] Concurrent Weak Roots              5057 us
[73.724s][info][gc,stats    ]   Roots                            1306 us, parallelism: 0.97x
[73.724s][info][gc,stats    ]     CWR: <total>                   1267 us
[73.724s][info][gc,stats    ]     CWR: Code Cache Roots          1164 us, workers (us): 1164, ---, ---, 
[73.724s][info][gc,stats    ]     CWR: VM Weak Roots               96 us, workers (us):  96, ---, ---, 
[73.724s][info][gc,stats    ]     CWR: CLDG Roots                   7 us, workers (us):   7, ---, ---, 
[73.724s][info][gc,stats    ]   Rendezvous                       3694 us
[73.724s][info][gc,stats    ] Concurrent Cleanup                  138 us
[73.724s][info][gc,stats    ] Concurrent Class Unloading        10313 us
[73.724s][info][gc,stats    ]   Unlink Stale                     5136 us
[73.724s][info][gc,stats    ]     System Dictionary                13 us
[73.724s][info][gc,stats    ]     Weak Class Links                  1 us
[73.724s][info][gc,stats    ]     Code Roots                     5121 us
[73.724s][info][gc,stats    ]   Rendezvous                       4769 us
[73.724s][info][gc,stats    ]   Purge Unlinked                    343 us
[73.724s][info][gc,stats    ]     Code Roots                      335 us
[73.724s][info][gc,stats    ]     CLDG                              8 us
[73.724s][info][gc,stats    ]     Exception Caches                  0 us
[73.724s][info][gc,stats    ] Concurrent Strong Roots              92 us, parallelism: 0.42x
[73.724s][info][gc,stats    ]   CSR: <total>                       39 us
[73.724s][info][gc,stats    ]   CSR: VM Strong Roots                4 us, workers (us):   4, ---, ---, 
[73.724s][info][gc,stats    ]   CSR: CLDG Roots                    34 us, workers (us):  34, ---, ---, 
[73.724s][info][gc,stats    ] Concurrent Evacuation              1017 us
[73.724s][info][gc,stats    ] Pause Init Update Refs (G)          164 us
[73.724s][info][gc,stats    ] Pause Init Update Refs (N)           58 us
[73.724s][info][gc,stats    ]   Manage GCLABs                       3 us
[73.724s][info][gc,stats    ] Concurrent Update Refs            11898 us
[73.724s][info][gc,stats    ] Concurrent Update Thread Roots      594 us
[73.724s][info][gc,stats    ] Pause Final Update Refs (G)         846 us
[73.724s][info][gc,stats    ] Pause Final Update Refs (N)         132 us
[73.724s][info][gc,stats    ]   Update Region States               53 us
[73.724s][info][gc,stats    ]   Trash Collection Set                9 us
[73.724s][info][gc,stats    ]   Rebuild Free Set                   16 us
[73.724s][info][gc,stats    ] Concurrent Cleanup                   62 us
[73.724s][info][gc,stats    ] Pacing                            10734 us
[73.724s][info][gc,stats    ] 
[73.724s][info][gc,stats    ] Allocation pacing accrued:
[73.724s][info][gc,stats    ]       2 of   480 ms (  0.5%): Query0
[73.724s][info][gc,stats    ]       2 of   480 ms (  0.3%): Query1
[73.724s][info][gc,stats    ]       2 of   480 ms (  0.4%): Query2
[73.724s][info][gc,stats    ]       1 of   480 ms (  0.2%): Query3
[73.724s][info][gc,stats    ]       2 of   480 ms (  0.3%): Query4
[73.724s][info][gc,stats    ]       2 of   480 ms (  0.5%): Query5
[73.724s][info][gc,stats    ]      11 of   480 ms (  2.2%): <total>
[73.724s][info][gc,stats    ]       1 of   480 ms (  0.1%): <average total>
[73.724s][info][gc,stats    ]       2 of   480 ms (  0.4%): <average non-zero>
[73.724s][info][gc,stats    ] 
[73.724s][info][gc,metaspace] Metaspace: 8805K(9472K)->8805K(9472K) NonClass: 7955K(8320K)->7955K(8320K) Class: 850K(1152K)->850K(1152K)
[73.724s][info][gc,ergo     ] Pacer for Idle. Initial: 41943K, Alloc Tax Rate: 1.0x
[74.147s][info][gc          ] Trigger: Average GC time (49.01 ms) is above the time for average allocation rate (3671 MB/s) to deplete free headroom (140M) (margin of error = 2.05)
[74.147s][info][gc,ergo     ] Free headroom: 242M (free) - 102M (spike) - 0B (penalties) = 140M
[74.147s][info][gc,ergo     ] Free: 242M, Max: 1024K regular, 138M humongous, Frag: 42% external, 1% internal; Reserve: 103M, Max: 1024K
[74.147s][info][gc,start    ] GC(169) Concurrent reset
[74.147s][info][gc,task     ] GC(169) Using 1 of 3 workers for concurrent reset
[74.147s][info][gc,ergo     ] GC(169) Pacer for Reset. Non-Taxable: 2048M
[74.148s][info][gc          ] GC(169) Concurrent reset 1.008ms
[74.148s][info][gc,start    ] GC(169) Pause Init Mark (unload classes)
[74.148s][info][gc,task     ] GC(169) Using 3 of 3 workers for init marking
[74.148s][info][gc,ergo     ] GC(169) Pacer for Mark. Expected Live: 8408K, Free: 238M, Non-Taxable: 24466K, Alloc Tax Rate: 0.0x
[74.148s][info][gc          ] GC(169) Pause Init Mark (unload classes) 0.119ms
[74.148s][info][gc,start    ] GC(169) Concurrent marking roots
[74.148s][info][gc,task     ] GC(169) Using 1 of 3 workers for concurrent marking roots
[74.149s][info][gc          ] GC(169) Concurrent marking roots 0.459ms
[74.149s][info][gc,start    ] GC(169) Concurrent marking (unload classes)
[74.149s][info][gc,task     ] GC(169) Using 1 of 3 workers for concurrent marking
[74.154s][info][gc          ] GC(169) Concurrent marking (unload classes) 5.272ms
[74.154s][info][gc,start    ] GC(169) Pause Final Mark (unload classes)
[74.154s][info][gc,task     ] GC(169) Using 3 of 3 workers for final marking
[74.154s][info][gc,ergo     ] GC(169) Adaptive CSet Selection. Target Free: 290M, Actual Free: 1850M, Max CSet: 87381K, Min Garbage: 0B
[74.154s][info][gc,ergo     ] GC(169) Collectable Garbage: 1693M (99%), Immediate: 1534M (90%), CSet: 159M (9%)
[74.154s][info][gc,ergo     ] GC(169) Pacer for Evacuation. Used CSet: 159M, Free: 1755M, Non-Taxable: 175M, Alloc Tax Rate: 1.1x
[74.154s][info][gc          ] GC(169) Pause Final Mark (unload classes) 0.215ms
[74.154s][info][gc,start    ] GC(169) Concurrent thread roots
[74.154s][info][gc,task     ] GC(169) Using 1 of 3 workers for Concurrent thread roots
[74.155s][info][gc          ] GC(169) Concurrent thread roots 0.362ms
[74.155s][info][gc,start    ] GC(169) Concurrent weak references
[74.155s][info][gc,task     ] GC(169) Using 1 of 3 workers for concurrent weak references
[74.155s][info][gc,ref      ] GC(169) Encountered references: Soft: 137, Weak: 883, Final: 3, Phantom: 105
[74.155s][info][gc,ref      ] GC(169) Discovered  references: Soft: 0, Weak: 429, Final: 1, Phantom: 85
[74.155s][info][gc,ref      ] GC(169) Enqueued    references: Soft: 0, Weak: 285, Final: 0, Phantom: 0
[74.155s][info][gc          ] GC(169) Concurrent weak references 0.163ms
[74.155s][info][gc,start    ] GC(169) Concurrent weak roots
[74.155s][info][gc,task     ] GC(169) Using 1 of 3 workers for concurrent weak root
[74.168s][info][gc          ] GC(169) Concurrent weak roots 12.630ms
[74.168s][info][gc,start    ] GC(169) Concurrent cleanup
[74.168s][info][gc          ] GC(169) Concurrent cleanup 1770M->236M(2048M) 0.108ms
[74.168s][info][gc,ergo     ] GC(169) Free: 1706M, Max: 1024K regular, 139M humongous, Frag: 92% external, 0% internal; Reserve: 102M, Max: 1024K
[74.168s][info][gc,start    ] GC(169) Concurrent class unloading
[74.168s][info][gc,task     ] GC(169) Using 1 of 3 workers for concurrent class unloading
[74.173s][info][gc          ] GC(169) Concurrent class unloading 5.765ms
[74.174s][info][gc,start    ] GC(169) Concurrent strong roots
[74.174s][info][gc,task     ] GC(169) Using 1 of 3 workers for concurrent strong root
[74.174s][info][gc          ] GC(169) Concurrent strong roots 0.092ms
[74.174s][info][gc,start    ] GC(169) Concurrent evacuation
[74.174s][info][gc,task     ] GC(169) Using 1 of 3 workers for concurrent evacuation
[74.175s][info][gc          ] GC(169) Concurrent evacuation 1.061ms
[74.175s][info][gc,start    ] GC(169) Pause Init Update Refs
[74.175s][info][gc,ergo     ] GC(169) Pacer for Update Refs. Used: 253M, Free: 1689M, Non-Taxable: 168M, Alloc Tax Rate: 1.1x
[74.175s][info][gc          ] GC(169) Pause Init Update Refs 0.046ms
[74.175s][info][gc,start    ] GC(169) Concurrent update references
[74.175s][info][gc,task     ] GC(169) Using 1 of 3 workers for concurrent reference update
[74.180s][info][gc          ] GC(169) Concurrent update references 5.394ms
[74.180s][info][gc,start    ] GC(169) Concurrent update thread roots
[74.191s][info][gc          ] GC(169) Concurrent update thread roots 10.560ms
[74.191s][info][gc,start    ] GC(169) Pause Final Update Refs
[74.191s][info][gc,task     ] GC(169) Using 3 of 3 workers for final reference update
[74.191s][info][gc          ] GC(169) Pause Final Update Refs 0.154ms
[74.193s][info][gc,start    ] GC(169) Concurrent cleanup
[74.193s][info][gc          ] GC(169) Concurrent cleanup 303M->150M(2048M) 0.055ms
[74.193s][info][gc,ergo     ] Free: 1792M, Max: 1024K regular, 1558M humongous, Frag: 13% external, 0% internal; Reserve: 103M, Max: 1024K
[74.193s][info][gc,stats    ] 
[74.193s][info][gc,stats    ] All times are wall-clock times, except per-root-class counters, that are sum over
[74.193s][info][gc,stats    ] all workers. Dividing the <total> over the root stage time estimates parallelism.
[74.193s][info][gc,stats    ] 
[74.193s][info][gc,stats    ] Concurrent Reset                   1056 us
[74.193s][info][gc,stats    ] Pause Init Mark (G)                 427 us
[74.193s][info][gc,stats    ] Pause Init Mark (N)                 129 us
[74.193s][info][gc,stats    ]   Update Region States               46 us
[74.193s][info][gc,stats    ] Concurrent Mark Roots               475 us, parallelism: 0.78x
[74.193s][info][gc,stats    ]   CMR: <total>                      373 us
[74.193s][info][gc,stats    ]   CMR: Thread Roots                 324 us, workers (us): 324, ---, ---, 
[74.193s][info][gc,stats    ]   CMR: VM Strong Roots                6 us, workers (us):   6, ---, ---, 
[74.193s][info][gc,stats    ]   CMR: CLDG Roots                    43 us, workers (us):  43, ---, ---, 
[74.193s][info][gc,stats    ] Concurrent Marking                 5313 us
[74.193s][info][gc,stats    ] Pause Final Mark (G)                316 us
[74.193s][info][gc,stats    ] Pause Final Mark (N)                223 us
[74.193s][info][gc,stats    ]   Finish Mark                        46 us
[74.193s][info][gc,stats    ]   Update Region States               37 us
[74.193s][info][gc,stats    ]   Choose Collection Set              67 us
[74.193s][info][gc,stats    ]   Rebuild Free Set                    9 us
[74.193s][info][gc,stats    ] Concurrent Thread Roots             380 us, parallelism: 0.84x
[74.193s][info][gc,stats    ]   CTR: <total>                      319 us
[74.193s][info][gc,stats    ]   CTR: Thread Roots                 319 us, workers (us): 319, ---, ---, 
[74.193s][info][gc,stats    ] Concurrent Weak References          171 us, parallelism: 0.59x
[74.193s][info][gc,stats    ]   CWRF: <total>                     101 us
[74.193s][info][gc,stats    ]   CWRF: Weak References             101 us, workers (us): 101, ---, ---, 
[74.193s][info][gc,stats    ] Concurrent Weak Roots             12669 us
[74.193s][info][gc,stats    ]   Roots                            1314 us, parallelism: 0.97x
[74.193s][info][gc,stats    ]     CWR: <total>                   1277 us
[74.193s][info][gc,stats    ]     CWR: Code Cache Roots          1162 us, workers (us): 1162, ---, ---, 
[74.193s][info][gc,stats    ]     CWR: VM Weak Roots              107 us, workers (us): 107, ---, ---, 
[74.193s][info][gc,stats    ]     CWR: CLDG Roots                   8 us, workers (us):   8, ---, ---, 
[74.193s][info][gc,stats    ]   Rendezvous                      11296 us
[74.193s][info][gc,stats    ] Concurrent Cleanup                  118 us
[74.193s][info][gc,stats    ] Concurrent Class Unloading         5804 us
[74.193s][info][gc,stats    ]   Unlink Stale                     5103 us
[74.193s][info][gc,stats    ]     System Dictionary                11 us
[74.193s][info][gc,stats    ]     Weak Class Links                  0 us
[74.193s][info][gc,stats    ]     Code Roots                     5090 us
[74.193s][info][gc,stats    ]   Rendezvous                        311 us
[74.193s][info][gc,stats    ]   Purge Unlinked                    324 us
[74.193s][info][gc,stats    ]     Code Roots                      315 us
[74.193s][info][gc,stats    ]     CLDG                              9 us
[74.193s][info][gc,stats    ]     Exception Caches                  0 us
[74.193s][info][gc,stats    ] Concurrent Strong Roots             105 us, parallelism: 0.42x
[74.193s][info][gc,stats    ]   CSR: <total>                       44 us
[74.193s][info][gc,stats    ]   CSR: VM Strong Roots                3 us, workers (us):   3, ---, ---, 
[74.193s][info][gc,stats    ]   CSR: CLDG Roots                    40 us, workers (us):  40, ---, ---, 
[74.193s][info][gc,stats    ] Concurrent Evacuation              1110 us
[74.193s][info][gc,stats    ] Pause Init Update Refs (G)          205 us
[74.193s][info][gc,stats    ] Pause Init Update Refs (N)           55 us
[74.193s][info][gc,stats    ]   Manage GCLABs                       3 us
[74.193s][info][gc,stats    ] Concurrent Update Refs             5429 us
[74.193s][info][gc,stats    ] Concurrent Update Thread Roots    10605 us
[74.193s][info][gc,stats    ] Pause Final Update Refs (G)        1796 us
[74.193s][info][gc,stats    ] Pause Final Update Refs (N)         167 us
[74.193s][info][gc,stats    ]   Update Region States               75 us
[74.193s][info][gc,stats    ]   Trash Collection Set                9 us
[74.193s][info][gc,stats    ]   Rebuild Free Set                   17 us
[74.193s][info][gc,stats    ] Concurrent Cleanup                   67 us
[74.193s][info][gc,stats    ] 
[74.193s][info][gc,stats    ] Allocation pacing accrued:
[74.193s][info][gc,stats    ]       0 of   470 ms (  0.0%): <total>
[74.194s][info][gc,stats    ]       0 of   470 ms (  0.0%): <average total>
[74.194s][info][gc,stats    ] 
[74.194s][info][gc,metaspace] Metaspace: 8805K(9472K)->8805K(9472K) NonClass: 7955K(8320K)->7955K(8320K) Class: 850K(1152K)->850K(1152K)
[74.194s][info][gc,ergo     ] Pacer for Idle. Initial: 41943K, Alloc Tax Rate: 1.0x
[74.622s][info][gc          ] Trigger: Average GC time (52.02 ms) is above the time for average allocation rate (3708 MB/s) to deplete free headroom (167M) (margin of error = 2.07)
[74.622s][info][gc,ergo     ] Free headroom: 270M (free) - 102M (spike) - 0B (penalties) = 167M
[74.622s][info][gc,ergo     ] Free: 270M, Max: 1024K regular, 224M humongous, Frag: 15% external, 1% internal; Reserve: 103M, Max: 1024K
[74.622s][info][gc,start    ] GC(170) Concurrent reset
[74.622s][info][gc,task     ] GC(170) Using 1 of 3 workers for concurrent reset
[74.622s][info][gc,ergo     ] GC(170) Pacer for Reset. Non-Taxable: 2048M
[74.623s][info][gc          ] GC(170) Concurrent reset 0.888ms
[74.623s][info][gc,start    ] GC(170) Pause Init Mark (unload classes)
[74.623s][info][gc,task     ] GC(170) Using 3 of 3 workers for init marking
[74.623s][info][gc,ergo     ] GC(170) Pacer for Mark. Expected Live: 8409K, Free: 268M, Non-Taxable: 27447K, Alloc Tax Rate: 0.0x
[74.623s][info][gc          ] GC(170) Pause Init Mark (unload classes) 0.145ms
[74.625s][info][gc,start    ] GC(170) Concurrent marking roots
[74.625s][info][gc,task     ] GC(170) Using 1 of 3 workers for concurrent marking roots
[74.625s][info][gc          ] GC(170) Concurrent marking roots 0.472ms
[74.625s][info][gc,start    ] GC(170) Concurrent marking (unload classes)
[74.625s][info][gc,task     ] GC(170) Using 1 of 3 workers for concurrent marking
[74.630s][info][gc          ] GC(170) Concurrent marking (unload classes) 5.014ms
[74.630s][info][gc,start    ] GC(170) Pause Final Mark (unload classes)
[74.630s][info][gc,task     ] GC(170) Using 3 of 3 workers for final marking
[74.630s][info][gc,ergo     ] GC(170) Adaptive CSet Selection. Target Free: 290M, Actual Free: 1839M, Max CSet: 87381K, Min Garbage: 0B
[74.631s][info][gc,ergo     ] GC(170) Collectable Garbage: 1663M (99%), Immediate: 1502M (90%), CSet: 161M (9%)
[74.631s][info][gc,ergo     ] GC(170) Pacer for Evacuation. Used CSet: 162M, Free: 1744M, Non-Taxable: 174M, Alloc Tax Rate: 1.1x
[74.631s][info][gc          ] GC(170) Pause Final Mark (unload classes) 0.227ms
[74.631s][info][gc,start    ] GC(170) Concurrent thread roots
[74.631s][info][gc,task     ] GC(170) Using 1 of 3 workers for Concurrent thread roots
[74.631s][info][gc          ] GC(170) Concurrent thread roots 0.398ms
[74.631s][info][gc,start    ] GC(170) Concurrent weak references
[74.631s][info][gc,task     ] GC(170) Using 1 of 3 workers for concurrent weak references
[74.631s][info][gc,ref      ] GC(170) Encountered references: Soft: 137, Weak: 901, Final: 3, Phantom: 116
[74.631s][info][gc,ref      ] GC(170) Discovered  references: Soft: 0, Weak: 432, Final: 1, Phantom: 94
[74.631s][info][gc,ref      ] GC(170) Enqueued    references: Soft: 0, Weak: 293, Final: 0, Phantom: 0
[74.631s][info][gc          ] GC(170) Concurrent weak references 0.164ms
[74.631s][info][gc,start    ] GC(170) Concurrent weak roots
[74.631s][info][gc,task     ] GC(170) Using 1 of 3 workers for concurrent weak root
[74.633s][info][gc          ] GC(170) Concurrent weak roots 1.594ms
[74.633s][info][gc,start    ] GC(170) Concurrent cleanup
[74.633s][info][gc          ] GC(170) Concurrent cleanup 1707M->205M(2048M) 0.111ms
[74.633s][info][gc,ergo     ] GC(170) Free: 1737M, Max: 1024K regular, 226M humongous, Frag: 87% external, 0% internal; Reserve: 102M, Max: 1024K
[74.633s][info][gc,start    ] GC(170) Concurrent class unloading
[74.633s][info][gc,task     ] GC(170) Using 1 of 3 workers for concurrent class unloading
[74.639s][info][gc          ] GC(170) Concurrent class unloading 6.111ms
[74.639s][info][gc,start    ] GC(170) Concurrent strong roots
[74.639s][info][gc,task     ] GC(170) Using 1 of 3 workers for concurrent strong root
[74.639s][info][gc          ] GC(170) Concurrent strong roots 0.079ms
[74.639s][info][gc,start    ] GC(170) Concurrent evacuation
[74.639s][info][gc,task     ] GC(170) Using 1 of 3 workers for concurrent evacuation
[74.640s][info][gc          ] GC(170) Concurrent evacuation 0.991ms
[74.640s][info][gc,start    ] GC(170) Pause Init Update Refs
[74.640s][info][gc,ergo     ] GC(170) Pacer for Update Refs. Used: 225M, Free: 1718M, Non-Taxable: 171M, Alloc Tax Rate: 1.1x
[74.640s][info][gc          ] GC(170) Pause Init Update Refs 0.057ms
[74.648s][info][gc,start    ] GC(170) Concurrent update references
[74.648s][info][gc,task     ] GC(170) Using 1 of 3 workers for concurrent reference update
[74.656s][info][gc          ] GC(170) Concurrent update references 7.551ms
[74.656s][info][gc,start    ] GC(170) Concurrent update thread roots
[74.657s][info][gc          ] GC(170) Concurrent update thread roots 0.997ms
[74.657s][info][gc,start    ] GC(170) Pause Final Update Refs
[74.657s][info][gc,task     ] GC(170) Using 3 of 3 workers for final reference update
[74.657s][info][gc          ] GC(170) Pause Final Update Refs 0.113ms
[74.657s][info][gc,start    ] GC(170) Concurrent cleanup
[74.657s][info][gc          ] GC(170) Concurrent cleanup 272M->109M(2048M) 0.035ms
[74.657s][info][gc,ergo     ] Free: 1833M, Max: 1024K regular, 1525M humongous, Frag: 17% external, 0% internal; Reserve: 103M, Max: 1024K
[74.657s][info][gc,stats    ] 
[74.657s][info][gc,stats    ] All times are wall-clock times, except per-root-class counters, that are sum over
[74.657s][info][gc,stats    ] all workers. Dividing the <total> over the root stage time estimates parallelism.
[74.657s][info][gc,stats    ] 
[74.657s][info][gc,stats    ] Concurrent Reset                    954 us
[74.657s][info][gc,stats    ] Pause Init Mark (G)                1666 us
[74.657s][info][gc,stats    ] Pause Init Mark (N)                 155 us
[74.657s][info][gc,stats    ]   Update Region States               56 us
[74.657s][info][gc,stats    ] Concurrent Mark Roots               490 us, parallelism: 0.77x
[74.657s][info][gc,stats    ]   CMR: <total>                      377 us
[74.657s][info][gc,stats    ]   CMR: Thread Roots                 326 us, workers (us): 326, ---, ---, 
[74.657s][info][gc,stats    ]   CMR: VM Strong Roots                7 us, workers (us):   7, ---, ---, 
[74.657s][info][gc,stats    ]   CMR: CLDG Roots                    44 us, workers (us):  44, ---, ---, 
[74.657s][info][gc,stats    ] Concurrent Marking                 5064 us
[74.657s][info][gc,stats    ] Pause Final Mark (G)                336 us
[74.657s][info][gc,stats    ] Pause Final Mark (N)                236 us
[74.657s][info][gc,stats    ]   Finish Mark                        51 us
[74.657s][info][gc,stats    ]   Update Region States               39 us
[74.657s][info][gc,stats    ]   Choose Collection Set              72 us
[74.657s][info][gc,stats    ]   Rebuild Free Set                    9 us
[74.657s][info][gc,stats    ] Concurrent Thread Roots             419 us, parallelism: 0.82x
[74.657s][info][gc,stats    ]   CTR: <total>                      345 us
[74.657s][info][gc,stats    ]   CTR: Thread Roots                 345 us, workers (us): 345, ---, ---, 
[74.657s][info][gc,stats    ] Concurrent Weak References          172 us, parallelism: 0.57x
[74.657s][info][gc,stats    ]   CWRF: <total>                      99 us
[74.657s][info][gc,stats    ]   CWRF: Weak References              99 us, workers (us):  99, ---, ---, 
[74.657s][info][gc,stats    ] Concurrent Weak Roots              1634 us
[74.657s][info][gc,stats    ]   Roots                            1454 us, parallelism: 0.98x
[74.657s][info][gc,stats    ]     CWR: <total>                   1422 us
[74.657s][info][gc,stats    ]     CWR: Code Cache Roots          1308 us, workers (us): 1308, ---, ---, 
[74.657s][info][gc,stats    ]     CWR: VM Weak Roots              105 us, workers (us): 105, ---, ---, 
[74.657s][info][gc,stats    ]     CWR: CLDG Roots                   9 us, workers (us):   9, ---, ---, 
[74.657s][info][gc,stats    ]   Rendezvous                        121 us
[74.657s][info][gc,stats    ] Concurrent Cleanup                  122 us
[74.657s][info][gc,stats    ] Concurrent Class Unloading         6149 us
[74.657s][info][gc,stats    ]   Unlink Stale                     5139 us
[74.658s][info][gc,stats    ]     System Dictionary                11 us
[74.658s][info][gc,stats    ]     Weak Class Links                  0 us
[74.658s][info][gc,stats    ]     Code Roots                     5127 us
[74.658s][info][gc,stats    ]   Rendezvous                        647 us
[74.658s][info][gc,stats    ]   Purge Unlinked                    303 us
[74.658s][info][gc,stats    ]     Code Roots                      296 us
[74.658s][info][gc,stats    ]     CLDG                              7 us
[74.658s][info][gc,stats    ]     Exception Caches                  0 us
[74.658s][info][gc,stats    ] Concurrent Strong Roots              88 us, parallelism: 0.42x
[74.658s][info][gc,stats    ]   CSR: <total>                       37 us
[74.658s][info][gc,stats    ]   CSR: VM Strong Roots                3 us, workers (us):   3, ---, ---, 
[74.658s][info][gc,stats    ]   CSR: CLDG Roots                    34 us, workers (us):  34, ---, ---, 
[74.658s][info][gc,stats    ] Concurrent Evacuation              1067 us
[74.658s][info][gc,stats    ] Pause Init Update Refs (G)         7964 us
[74.658s][info][gc,stats    ] Pause Init Update Refs (N)           67 us
[74.658s][info][gc,stats    ]   Manage GCLABs                       4 us
[74.658s][info][gc,stats    ] Concurrent Update Refs             7593 us
[74.658s][info][gc,stats    ] Concurrent Update Thread Roots     1028 us
[74.658s][info][gc,stats    ] Pause Final Update Refs (G)         216 us
[74.658s][info][gc,stats    ] Pause Final Update Refs (N)         132 us
[74.658s][info][gc,stats    ]   Update Region States               46 us
[74.658s][info][gc,stats    ]   Trash Collection Set                9 us
[74.658s][info][gc,stats    ]   Rebuild Free Set                   16 us
[74.658s][info][gc,stats    ] Concurrent Cleanup                   46 us
[74.658s][info][gc,stats    ] Pacing                           122209 us
[74.658s][info][gc,stats    ] 
[74.658s][info][gc,stats    ] Allocation pacing accrued:
[74.658s][info][gc,stats    ]      20 of   464 ms (  4.4%): Query0
[74.658s][info][gc,stats    ]      21 of   464 ms (  4.4%): Query1
[74.658s][info][gc,stats    ]      20 of   464 ms (  4.4%): Query2
[74.658s][info][gc,stats    ]      22 of   464 ms (  4.6%): Query3
[74.658s][info][gc,stats    ]      20 of   464 ms (  4.2%): Query4
[74.658s][info][gc,stats    ]      20 of   464 ms (  4.3%): Query5
[74.658s][info][gc,stats    ]     122 of   464 ms ( 26.3%): <total>
[74.658s][info][gc,stats    ]       7 of   464 ms (  1.5%): <average total>
[74.658s][info][gc,stats    ]      20 of   464 ms (  4.4%): <average non-zero>
[74.658s][info][gc,stats    ] 
[74.658s][info][gc,metaspace] Metaspace: 8805K(9472K)->8805K(9472K) NonClass: 7955K(8320K)->7955K(8320K) Class: 850K(1152K)->850K(1152K)
[74.658s][info][gc,ergo     ] Pacer for Idle. Initial: 41943K, Alloc Tax Rate: 1.0x
[75.111s][info][gc          ] Trigger: Average GC time (49.43 ms) is above the time for average allocation rate (3536 MB/s) to deplete free headroom (124M) (margin of error = 2.06)
[75.111s][info][gc,ergo     ] Free headroom: 227M (free) - 102M (spike) - 0B (penalties) = 124M
[75.111s][info][gc,ergo     ] Free: 227M, Max: 1024K regular, 218M humongous, Frag: 0% external, 1% internal; Reserve: 103M, Max: 1024K
[75.111s][info][gc,start    ] GC(171) Concurrent reset
[75.111s][info][gc,task     ] GC(171) Using 1 of 3 workers for concurrent reset
[75.111s][info][gc,ergo     ] GC(171) Pacer for Reset. Non-Taxable: 2048M
[75.112s][info][gc          ] GC(171) Concurrent reset 0.857ms
[75.112s][info][gc,start    ] GC(171) Pause Init Mark (unload classes)
[75.112s][info][gc,task     ] GC(171) Using 3 of 3 workers for init marking
[75.112s][info][gc,ergo     ] GC(171) Pacer for Mark. Expected Live: 8407K, Free: 225M, Non-Taxable: 23075K, Alloc Tax Rate: 0.0x
[75.112s][info][gc          ] GC(171) Pause Init Mark (unload classes) 0.126ms
[75.112s][info][gc,start    ] GC(171) Concurrent marking roots
[75.112s][info][gc,task     ] GC(171) Using 1 of 3 workers for concurrent marking roots
[75.112s][info][gc          ] GC(171) Concurrent marking roots 0.445ms
[75.112s][info][gc,start    ] GC(171) Concurrent marking (unload classes)
[75.113s][info][gc,task     ] GC(171) Using 1 of 3 workers for concurrent marking
[75.118s][info][gc          ] GC(171) Concurrent marking (unload classes) 5.446ms
[75.118s][info][gc,start    ] GC(171) Pause Final Mark (unload classes)
[75.118s][info][gc,task     ] GC(171) Using 3 of 3 workers for final marking
[75.118s][info][gc,ergo     ] GC(171) Adaptive CSet Selection. Target Free: 290M, Actual Free: 1840M, Max CSet: 87381K, Min Garbage: 0B
[75.118s][info][gc,ergo     ] GC(171) Collectable Garbage: 1706M (99%), Immediate: 1540M (90%), CSet: 166M (9%)
[75.118s][info][gc,ergo     ] GC(171) Pacer for Evacuation. Used CSet: 167M, Free: 1745M, Non-Taxable: 174M, Alloc Tax Rate: 1.1x
[75.118s][info][gc          ] GC(171) Pause Final Mark (unload classes) 0.213ms
[75.118s][info][gc,start    ] GC(171) Concurrent thread roots
[75.118s][info][gc,task     ] GC(171) Using 1 of 3 workers for Concurrent thread roots
[75.119s][info][gc          ] GC(171) Concurrent thread roots 0.393ms
[75.119s][info][gc,start    ] GC(171) Concurrent weak references
[75.119s][info][gc,task     ] GC(171) Using 1 of 3 workers for concurrent weak references
[75.119s][info][gc,ref      ] GC(171) Encountered references: Soft: 137, Weak: 899, Final: 3, Phantom: 116
[75.119s][info][gc,ref      ] GC(171) Discovered  references: Soft: 0, Weak: 438, Final: 1, Phantom: 100
[75.119s][info][gc,ref      ] GC(171) Enqueued    references: Soft: 0, Weak: 298, Final: 0, Phantom: 0
[75.119s][info][gc          ] GC(171) Concurrent weak references 0.161ms
[75.119s][info][gc,start    ] GC(171) Concurrent weak roots
[75.119s][info][gc,task     ] GC(171) Using 1 of 3 workers for concurrent weak root
[75.126s][info][gc          ] GC(171) Concurrent weak roots 7.065ms
[75.126s][info][gc,start    ] GC(171) Concurrent cleanup
[75.126s][info][gc          ] GC(171) Concurrent cleanup 1766M->226M(2048M) 0.133ms
[75.126s][info][gc,ergo     ] GC(171) Free: 1716M, Max: 1024K regular, 168M humongous, Frag: 91% external, 0% internal; Reserve: 102M, Max: 1024K
[75.126s][info][gc,start    ] GC(171) Concurrent class unloading
[75.126s][info][gc,task     ] GC(171) Using 1 of 3 workers for concurrent class unloading
[75.134s][info][gc          ] GC(171) Concurrent class unloading 8.262ms
[75.134s][info][gc,start    ] GC(171) Concurrent strong roots
[75.134s][info][gc,task     ] GC(171) Using 1 of 3 workers for concurrent strong root
[75.135s][info][gc          ] GC(171) Concurrent strong roots 0.086ms
[75.135s][info][gc,start    ] GC(171) Concurrent evacuation
[75.135s][info][gc,task     ] GC(171) Using 1 of 3 workers for concurrent evacuation
[75.136s][info][gc          ] GC(171) Concurrent evacuation 1.036ms
[75.136s][info][gc,start    ] GC(171) Pause Init Update Refs
[75.136s][info][gc,ergo     ] GC(171) Pacer for Update Refs. Used: 253M, Free: 1689M, Non-Taxable: 168M, Alloc Tax Rate: 1.1x
[75.136s][info][gc          ] GC(171) Pause Init Update Refs 0.041ms
[75.137s][info][gc,start    ] GC(171) Concurrent update references
[75.137s][info][gc,task     ] GC(171) Using 1 of 3 workers for concurrent reference update
[75.143s][info][gc          ] GC(171) Concurrent update references 6.797ms
[75.143s][info][gc,start    ] GC(171) Concurrent update thread roots
[75.146s][info][gc          ] GC(171) Concurrent update thread roots 2.207ms
[75.146s][info][gc,start    ] GC(171) Pause Final Update Refs
[75.146s][info][gc,task     ] GC(171) Using 3 of 3 workers for final reference update
[75.146s][info][gc          ] GC(171) Pause Final Update Refs 0.130ms
[75.149s][info][gc,start    ] GC(171) Concurrent cleanup
[75.149s][info][gc          ] GC(171) Concurrent cleanup 283M->121M(2048M) 0.095ms
[75.149s][info][gc,ergo     ] Free: 1821M, Max: 1024K regular, 1644M humongous, Frag: 10% external, 0% internal; Reserve: 103M, Max: 1024K
[75.149s][info][gc,stats    ] 
[75.149s][info][gc,stats    ] All times are wall-clock times, except per-root-class counters, that are sum over
[75.149s][info][gc,stats    ] all workers. Dividing the <total> over the root stage time estimates parallelism.
[75.149s][info][gc,stats    ] 
[75.149s][info][gc,stats    ] Concurrent Reset                    925 us
[75.149s][info][gc,stats    ] Pause Init Mark (G)                 433 us
[75.149s][info][gc,stats    ] Pause Init Mark (N)                 136 us
[75.149s][info][gc,stats    ]   Update Region States               50 us
[75.149s][info][gc,stats    ] Concurrent Mark Roots               458 us, parallelism: 0.83x
[75.149s][info][gc,stats    ]   CMR: <total>                      379 us
[75.149s][info][gc,stats    ]   CMR: Thread Roots                 323 us, workers (us): 323, ---, ---, 
[75.149s][info][gc,stats    ]   CMR: VM Strong Roots                7 us, workers (us):   7, ---, ---, 
[75.149s][info][gc,stats    ]   CMR: CLDG Roots                    49 us, workers (us):  49, ---, ---, 
[75.149s][info][gc,stats    ] Concurrent Marking                 5484 us
[75.149s][info][gc,stats    ] Pause Final Mark (G)                322 us
[75.149s][info][gc,stats    ] Pause Final Mark (N)                222 us
[75.149s][info][gc,stats    ]   Finish Mark                        47 us
[75.149s][info][gc,stats    ]   Update Region States               36 us
[75.149s][info][gc,stats    ]   Choose Collection Set              78 us
[75.149s][info][gc,stats    ]   Rebuild Free Set                    9 us
[75.149s][info][gc,stats    ] Concurrent Thread Roots             418 us, parallelism: 0.81x
[75.149s][info][gc,stats    ]   CTR: <total>                      340 us
[75.149s][info][gc,stats    ]   CTR: Thread Roots                 340 us, workers (us): 340, ---, ---, 
[75.149s][info][gc,stats    ] Concurrent Weak References          169 us, parallelism: 0.59x
[75.149s][info][gc,stats    ]   CWRF: <total>                      99 us
[75.149s][info][gc,stats    ]   CWRF: Weak References              99 us, workers (us):  99, ---, ---, 
[75.149s][info][gc,stats    ] Concurrent Weak Roots              7117 us
[75.149s][info][gc,stats    ]   Roots                            1329 us, parallelism: 0.97x
[75.149s][info][gc,stats    ]     CWR: <total>                   1292 us
[75.149s][info][gc,stats    ]     CWR: Code Cache Roots          1179 us, workers (us): 1179, ---, ---, 
[75.149s][info][gc,stats    ]     CWR: VM Weak Roots              104 us, workers (us): 104, ---, ---, 
[75.149s][info][gc,stats    ]     CWR: CLDG Roots                  10 us, workers (us):  10, ---, ---, 
[75.149s][info][gc,stats    ]   Rendezvous                       5715 us
[75.149s][info][gc,stats    ] Concurrent Cleanup                  144 us
[75.149s][info][gc,stats    ] Concurrent Class Unloading         8304 us
[75.149s][info][gc,stats    ]   Unlink Stale                     5157 us
[75.149s][info][gc,stats    ]     System Dictionary                17 us
[75.149s][info][gc,stats    ]     Weak Class Links                  0 us
[75.149s][info][gc,stats    ]     Code Roots                     5139 us
[75.149s][info][gc,stats    ]   Rendezvous                       2750 us
[75.149s][info][gc,stats    ]   Purge Unlinked                    333 us
[75.149s][info][gc,stats    ]     Code Roots                      324 us
[75.149s][info][gc,stats    ]     CLDG                              8 us
[75.149s][info][gc,stats    ]     Exception Caches                  0 us
[75.149s][info][gc,stats    ] Concurrent Strong Roots              98 us, parallelism: 0.44x
[75.149s][info][gc,stats    ]   CSR: <total>                       43 us
[75.149s][info][gc,stats    ]   CSR: VM Strong Roots                5 us, workers (us):   5, ---, ---, 
[75.149s][info][gc,stats    ]   CSR: CLDG Roots                    38 us, workers (us):  38, ---, ---, 
[75.149s][info][gc,stats    ] Concurrent Evacuation              1082 us
[75.149s][info][gc,stats    ] Pause Init Update Refs (G)          920 us
[75.149s][info][gc,stats    ] Pause Init Update Refs (N)           50 us
[75.149s][info][gc,stats    ]   Manage GCLABs                       3 us
[75.149s][info][gc,stats    ] Concurrent Update Refs             6864 us
[75.149s][info][gc,stats    ] Concurrent Update Thread Roots     2247 us
[75.149s][info][gc,stats    ] Pause Final Update Refs (G)        2816 us
[75.149s][info][gc,stats    ] Pause Final Update Refs (N)         142 us
[75.149s][info][gc,stats    ]   Update Region States               57 us
[75.149s][info][gc,stats    ]   Trash Collection Set                7 us
[75.149s][info][gc,stats    ]   Rebuild Free Set                   14 us
[75.149s][info][gc,stats    ] Concurrent Cleanup                  107 us
[75.149s][info][gc,stats    ] 
[75.149s][info][gc,stats    ] Allocation pacing accrued:
[75.149s][info][gc,stats    ]       0 of   491 ms (  0.0%): <total>
[75.149s][info][gc,stats    ]       0 of   491 ms (  0.0%): <average total>
[75.149s][info][gc,stats    ] 
[75.149s][info][gc,metaspace] Metaspace: 8805K(9472K)->8805K(9472K) NonClass: 7955K(8320K)->7955K(8320K) Class: 850K(1152K)->850K(1152K)
[75.149s][info][gc,ergo     ] Pacer for Idle. Initial: 41943K, Alloc Tax Rate: 1.0x
[75.568s][info][gc          ] Trigger: Average GC time (45.93 ms) is above the time for average allocation rate (3671 MB/s) to deplete free headroom (162M) (margin of error = 2.06)
[75.568s][info][gc,ergo     ] Free headroom: 264M (free) - 102M (spike) - 0B (penalties) = 162M
[75.568s][info][gc,ergo     ] Free: 263M, Max: 1024K regular, 169M humongous, Frag: 34% external, 1% internal; Reserve: 103M, Max: 1024K
[75.568s][info][gc,start    ] GC(172) Concurrent reset
[75.569s][info][gc,task     ] GC(172) Using 1 of 3 workers for concurrent reset
[75.569s][info][gc,ergo     ] GC(172) Pacer for Reset. Non-Taxable: 2048M
[75.569s][info][gc          ] GC(172) Concurrent reset 0.953ms
[75.570s][info][gc,start    ] GC(172) Pause Init Mark (unload classes)
[75.570s][info][gc,task     ] GC(172) Using 3 of 3 workers for init marking
[75.570s][info][gc,ergo     ] GC(172) Pacer for Mark. Expected Live: 8389K, Free: 260M, Non-Taxable: 26720K, Alloc Tax Rate: 0.0x
[75.570s][info][gc          ] GC(172) Pause Init Mark (unload classes) 0.113ms
[75.570s][info][gc,start    ] GC(172) Concurrent marking roots
[75.570s][info][gc,task     ] GC(172) Using 1 of 3 workers for concurrent marking roots
[75.570s][info][gc          ] GC(172) Concurrent marking roots 0.444ms
[75.571s][info][gc,start    ] GC(172) Concurrent marking (unload classes)
[75.571s][info][gc,task     ] GC(172) Using 1 of 3 workers for concurrent marking
[75.580s][info][gc          ] GC(172) Concurrent marking (unload classes) 9.098ms
[75.580s][info][gc,start    ] GC(172) Pause Final Mark (unload classes)
[75.580s][info][gc,task     ] GC(172) Using 3 of 3 workers for final marking
[75.580s][info][gc,ergo     ] GC(172) Adaptive CSet Selection. Target Free: 290M, Actual Free: 1837M, Max CSet: 87381K, Min Garbage: 0B
[75.580s][info][gc,ergo     ] GC(172) Collectable Garbage: 1671M (99%), Immediate: 1513M (90%), CSet: 158M (9%)
[75.580s][info][gc,ergo     ] GC(172) Pacer for Evacuation. Used CSet: 158M, Free: 1742M, Non-Taxable: 174M, Alloc Tax Rate: 1.1x
[75.580s][info][gc          ] GC(172) Pause Final Mark (unload classes) 0.238ms
[75.581s][info][gc,start    ] GC(172) Concurrent thread roots
[75.581s][info][gc,task     ] GC(172) Using 1 of 3 workers for Concurrent thread roots
[75.581s][info][gc          ] GC(172) Concurrent thread roots 0.320ms
[75.581s][info][gc,start    ] GC(172) Concurrent weak references
[75.581s][info][gc,task     ] GC(172) Using 1 of 3 workers for concurrent weak references
[75.581s][info][gc,ref      ] GC(172) Encountered references: Soft: 137, Weak: 896, Final: 3, Phantom: 105
[75.581s][info][gc,ref      ] GC(172) Discovered  references: Soft: 0, Weak: 434, Final: 1, Phantom: 82
[75.581s][info][gc,ref      ] GC(172) Enqueued    references: Soft: 0, Weak: 294, Final: 0, Phantom: 0
[75.581s][info][gc          ] GC(172) Concurrent weak references 0.168ms
[75.581s][info][gc,start    ] GC(172) Concurrent weak roots
[75.581s][info][gc,task     ] GC(172) Using 1 of 3 workers for concurrent weak root
[75.584s][info][gc          ] GC(172) Concurrent weak roots 3.024ms
[75.584s][info][gc,start    ] GC(172) Concurrent cleanup
[75.584s][info][gc          ] GC(172) Concurrent cleanup 1729M->216M(2048M) 0.105ms
[75.584s][info][gc,ergo     ] GC(172) Free: 1726M, Max: 1024K regular, 192M humongous, Frag: 89% external, 0% internal; Reserve: 102M, Max: 1024K
[75.584s][info][gc,start    ] GC(172) Concurrent class unloading
[75.584s][info][gc,task     ] GC(172) Using 1 of 3 workers for concurrent class unloading
[75.594s][info][gc          ] GC(172) Concurrent class unloading 9.658ms
[75.594s][info][gc,start    ] GC(172) Concurrent strong roots
[75.594s][info][gc,task     ] GC(172) Using 1 of 3 workers for concurrent strong root
[75.594s][info][gc          ] GC(172) Concurrent strong roots 0.094ms
[75.594s][info][gc,start    ] GC(172) Concurrent evacuation
[75.594s][info][gc,task     ] GC(172) Using 1 of 3 workers for concurrent evacuation
[75.595s][info][gc          ] GC(172) Concurrent evacuation 1.040ms
[75.595s][info][gc,start    ] GC(172) Pause Init Update Refs
[75.596s][info][gc,ergo     ] GC(172) Pacer for Update Refs. Used: 250M, Free: 1692M, Non-Taxable: 169M, Alloc Tax Rate: 1.1x
[75.596s][info][gc          ] GC(172) Pause Init Update Refs 0.050ms
[75.596s][info][gc,start    ] GC(172) Concurrent update references
[75.596s][info][gc,task     ] GC(172) Using 1 of 3 workers for concurrent reference update
[75.605s][info][gc          ] GC(172) Concurrent update references 9.417ms
[75.605s][info][gc,start    ] GC(172) Concurrent update thread roots
[75.609s][info][gc          ] GC(172) Concurrent update thread roots 4.059ms
[75.609s][info][gc,start    ] GC(172) Pause Final Update Refs
[75.609s][info][gc,task     ] GC(172) Using 3 of 3 workers for final reference update
[75.609s][info][gc          ] GC(172) Pause Final Update Refs 0.122ms
[75.619s][info][gc,start    ] GC(172) Concurrent cleanup
[75.619s][info][gc          ] GC(172) Concurrent cleanup 311M->162M(2048M) 0.073ms
[75.619s][info][gc,ergo     ] Free: 1780M, Max: 1024K regular, 1519M humongous, Frag: 15% external, 0% internal; Reserve: 103M, Max: 1024K
[75.619s][info][gc,stats    ] 
[75.619s][info][gc,stats    ] All times are wall-clock times, except per-root-class counters, that are sum over
[75.619s][info][gc,stats    ] all workers. Dividing the <total> over the root stage time estimates parallelism.
[75.619s][info][gc,stats    ] 
[75.619s][info][gc,stats    ] Concurrent Reset                   1030 us
[75.619s][info][gc,stats    ] Pause Init Mark (G)                 531 us
[75.619s][info][gc,stats    ] Pause Init Mark (N)                 124 us
[75.619s][info][gc,stats    ]   Update Region States               49 us
[75.619s][info][gc,stats    ] Concurrent Mark Roots               461 us, parallelism: 0.83x
[75.619s][info][gc,stats    ]   CMR: <total>                      384 us
[75.619s][info][gc,stats    ]   CMR: Thread Roots                 323 us, workers (us): 323, ---, ---, 
[75.619s][info][gc,stats    ]   CMR: VM Strong Roots                8 us, workers (us):   8, ---, ---, 
[75.619s][info][gc,stats    ]   CMR: CLDG Roots                    53 us, workers (us):  53, ---, ---, 
[75.619s][info][gc,stats    ] Concurrent Marking                 9144 us
[75.619s][info][gc,stats    ] Pause Final Mark (G)               1036 us
[75.619s][info][gc,stats    ] Pause Final Mark (N)                247 us
[75.619s][info][gc,stats    ]   Finish Mark                        55 us
[75.619s][info][gc,stats    ]   Update Region States               40 us
[75.620s][info][gc,stats    ]   Choose Collection Set              77 us
[75.620s][info][gc,stats    ]   Rebuild Free Set                    9 us
[75.620s][info][gc,stats    ] Concurrent Thread Roots             337 us, parallelism: 0.73x
[75.620s][info][gc,stats    ]   CTR: <total>                      245 us
[75.620s][info][gc,stats    ]   CTR: Thread Roots                 245 us, workers (us): 245, ---, ---, 
[75.620s][info][gc,stats    ] Concurrent Weak References          176 us, parallelism: 0.57x
[75.620s][info][gc,stats    ]   CWRF: <total>                     101 us
[75.620s][info][gc,stats    ]   CWRF: Weak References             101 us, workers (us): 101, ---, ---, 
[75.620s][info][gc,stats    ] Concurrent Weak Roots              3076 us
[75.620s][info][gc,stats    ]   Roots                            1316 us, parallelism: 0.97x
[75.620s][info][gc,stats    ]     CWR: <total>                   1278 us
[75.620s][info][gc,stats    ]     CWR: Code Cache Roots          1166 us, workers (us): 1166, ---, ---, 
[75.620s][info][gc,stats    ]     CWR: VM Weak Roots              103 us, workers (us): 103, ---, ---, 
[75.620s][info][gc,stats    ]     CWR: CLDG Roots                  10 us, workers (us):  10, ---, ---, 
[75.620s][info][gc,stats    ]   Rendezvous                       1686 us
[75.620s][info][gc,stats    ] Concurrent Cleanup                  115 us
[75.620s][info][gc,stats    ] Concurrent Class Unloading         9703 us
[75.620s][info][gc,stats    ]   Unlink Stale                     5073 us
[75.620s][info][gc,stats    ]     System Dictionary                10 us
[75.620s][info][gc,stats    ]     Weak Class Links                  0 us
[75.620s][info][gc,stats    ]     Code Roots                     5061 us
[75.620s][info][gc,stats    ]   Rendezvous                       4185 us
[75.620s][info][gc,stats    ]   Purge Unlinked                    377 us
[75.620s][info][gc,stats    ]     Code Roots                      371 us
[75.620s][info][gc,stats    ]     CLDG                              6 us
[75.620s][info][gc,stats    ]     Exception Caches                  0 us
[75.620s][info][gc,stats    ] Concurrent Strong Roots             106 us, parallelism: 0.44x
[75.620s][info][gc,stats    ]   CSR: <total>                       46 us
[75.620s][info][gc,stats    ]   CSR: VM Strong Roots                5 us, workers (us):   5, ---, ---, 
[75.620s][info][gc,stats    ]   CSR: CLDG Roots                    41 us, workers (us):  41, ---, ---, 
[75.620s][info][gc,stats    ] Concurrent Evacuation              1111 us
[75.620s][info][gc,stats    ] Pause Init Update Refs (G)          248 us
[75.620s][info][gc,stats    ] Pause Init Update Refs (N)           59 us
[75.620s][info][gc,stats    ]   Manage GCLABs                       4 us
[75.620s][info][gc,stats    ] Concurrent Update Refs             9471 us
[75.620s][info][gc,stats    ] Concurrent Update Thread Roots     4117 us
[75.620s][info][gc,stats    ] Pause Final Update Refs (G)       10046 us
[75.620s][info][gc,stats    ] Pause Final Update Refs (N)         141 us
[75.620s][info][gc,stats    ]   Update Region States               51 us
[75.620s][info][gc,stats    ]   Trash Collection Set                9 us
[75.620s][info][gc,stats    ]   Rebuild Free Set                   17 us
[75.620s][info][gc,stats    ] Concurrent Cleanup                   85 us
[75.620s][info][gc,stats    ] 
[75.620s][info][gc,stats    ] Allocation pacing accrued:
[75.620s][info][gc,stats    ]       0 of   471 ms (  0.0%): <total>
[75.620s][info][gc,stats    ]       0 of   471 ms (  0.0%): <average total>
[75.620s][info][gc,stats    ] 
[75.620s][info][gc,metaspace] Metaspace: 8805K(9472K)->8805K(9472K) NonClass: 7955K(8320K)->7955K(8320K) Class: 850K(1152K)->850K(1152K)
[75.620s][info][gc,ergo     ] Pacer for Idle. Initial: 41943K, Alloc Tax Rate: 1.0x
[76.027s][info][gc          ] Trigger: Average GC time (58.53 ms) is above the time for average allocation rate (3565 MB/s) to deplete free headroom (191M) (margin of error = 2.08)
[76.027s][info][gc,ergo     ] Free headroom: 293M (free) - 102M (spike) - 0B (penalties) = 191M
[76.027s][info][gc,ergo     ] Free: 293M, Max: 1024K regular, 253M humongous, Frag: 12% external, 1% internal; Reserve: 103M, Max: 1024K
[76.027s][info][gc,start    ] GC(173) Concurrent reset
[76.027s][info][gc,task     ] GC(173) Using 1 of 3 workers for concurrent reset
[76.027s][info][gc,ergo     ] GC(173) Pacer for Reset. Non-Taxable: 2048M
[76.028s][info][gc          ] GC(173) Concurrent reset 0.946ms
[76.028s][info][gc,start    ] GC(173) Pause Init Mark (unload classes)
[76.028s][info][gc,task     ] GC(173) Using 3 of 3 workers for init marking
[76.028s][info][gc,ergo     ] GC(173) Pacer for Mark. Expected Live: 8381K, Free: 291M, Non-Taxable: 29895K, Alloc Tax Rate: 0.0x
[76.029s][info][gc          ] GC(173) Pause Init Mark (unload classes) 0.114ms
[76.029s][info][gc,start    ] GC(173) Concurrent marking roots
[76.029s][info][gc,task     ] GC(173) Using 1 of 3 workers for concurrent marking roots
[76.029s][info][gc          ] GC(173) Concurrent marking roots 0.445ms
[76.029s][info][gc,start    ] GC(173) Concurrent marking (unload classes)
[76.029s][info][gc,task     ] GC(173) Using 1 of 3 workers for concurrent marking
[76.034s][info][gc          ] GC(173) Concurrent marking (unload classes) 5.035ms
[76.034s][info][gc,start    ] GC(173) Pause Final Mark (unload classes)
[76.034s][info][gc,task     ] GC(173) Using 3 of 3 workers for final marking
[76.034s][info][gc,ergo     ] GC(173) Adaptive CSet Selection. Target Free: 290M, Actual Free: 1851M, Max CSet: 87381K, Min Garbage: 0B
[76.034s][info][gc,ergo     ] GC(173) Collectable Garbage: 1640M (99%), Immediate: 1484M (90%), CSet: 156M (9%)
[76.034s][info][gc,ergo     ] GC(173) Pacer for Evacuation. Used CSet: 156M, Free: 1756M, Non-Taxable: 175M, Alloc Tax Rate: 1.1x
[76.034s][info][gc          ] GC(173) Pause Final Mark (unload classes) 0.226ms
[76.034s][info][gc,start    ] GC(173) Concurrent thread roots
[76.034s][info][gc,task     ] GC(173) Using 1 of 3 workers for Concurrent thread roots
[76.035s][info][gc          ] GC(173) Concurrent thread roots 0.441ms
[76.035s][info][gc,start    ] GC(173) Concurrent weak references
[76.035s][info][gc,task     ] GC(173) Using 1 of 3 workers for concurrent weak references
[76.035s][info][gc,ref      ] GC(173) Encountered references: Soft: 137, Weak: 888, Final: 3, Phantom: 116
[76.035s][info][gc,ref      ] GC(173) Discovered  references: Soft: 0, Weak: 424, Final: 1, Phantom: 95
[76.035s][info][gc,ref      ] GC(173) Enqueued    references: Soft: 0, Weak: 285, Final: 0, Phantom: 0
[76.035s][info][gc          ] GC(173) Concurrent weak references 0.161ms
[76.035s][info][gc,start    ] GC(173) Concurrent weak roots
[76.035s][info][gc,task     ] GC(173) Using 1 of 3 workers for concurrent weak root
[76.037s][info][gc          ] GC(173) Concurrent weak roots 2.202ms
[76.037s][info][gc,start    ] GC(173) Concurrent cleanup
[76.037s][info][gc          ] GC(173) Concurrent cleanup 1680M->196M(2048M) 0.102ms
[76.037s][info][gc,ergo     ] GC(173) Free: 1746M, Max: 1024K regular, 264M humongous, Frag: 85% external, 0% internal; Reserve: 102M, Max: 1024K
[76.037s][info][gc,start    ] GC(173) Concurrent class unloading
[76.037s][info][gc,task     ] GC(173) Using 1 of 3 workers for concurrent class unloading
[76.059s][info][gc          ] GC(173) Concurrent class unloading 21.886ms
[76.059s][info][gc,start    ] GC(173) Concurrent strong roots
[76.059s][info][gc,task     ] GC(173) Using 1 of 3 workers for concurrent strong root
[76.060s][info][gc          ] GC(173) Concurrent strong roots 0.097ms
[76.060s][info][gc,start    ] GC(173) Concurrent evacuation
[76.060s][info][gc,task     ] GC(173) Using 1 of 3 workers for concurrent evacuation
[76.061s][info][gc          ] GC(173) Concurrent evacuation 1.037ms
[76.061s][info][gc,start    ] GC(173) Pause Init Update Refs
[76.061s][info][gc,ergo     ] GC(173) Pacer for Update Refs. Used: 267M, Free: 1676M, Non-Taxable: 167M, Alloc Tax Rate: 1.1x
[76.061s][info][gc          ] GC(173) Pause Init Update Refs 0.052ms
[76.062s][info][gc,start    ] GC(173) Concurrent update references
[76.062s][info][gc,task     ] GC(173) Using 1 of 3 workers for concurrent reference update
[76.068s][info][gc          ] GC(173) Concurrent update references 6.049ms
[76.068s][info][gc,start    ] GC(173) Concurrent update thread roots
[76.068s][info][gc          ] GC(173) Concurrent update thread roots 0.477ms
[76.068s][info][gc,start    ] GC(173) Pause Final Update Refs
[76.068s][info][gc,task     ] GC(173) Using 3 of 3 workers for final reference update
[76.068s][info][gc          ] GC(173) Pause Final Update Refs 0.093ms
[76.068s][info][gc,start    ] GC(173) Concurrent cleanup
[76.068s][info][gc          ] GC(173) Concurrent cleanup 288M->131M(2048M) 0.032ms
[76.068s][info][gc,ergo     ] Free: 1811M, Max: 1024K regular, 1494M humongous, Frag: 18% external, 0% internal; Reserve: 103M, Max: 1024K
[76.068s][info][gc,stats    ] 
[76.068s][info][gc,stats    ] All times are wall-clock times, except per-root-class counters, that are sum over
[76.069s][info][gc,stats    ] all workers. Dividing the <total> over the root stage time estimates parallelism.
[76.069s][info][gc,stats    ] 
[76.069s][info][gc,stats    ] Concurrent Reset                   1034 us
[76.069s][info][gc,stats    ] Pause Init Mark (G)                 309 us
[76.069s][info][gc,stats    ] Pause Init Mark (N)                 125 us
[76.069s][info][gc,stats    ]   Update Region States               43 us
[76.069s][info][gc,stats    ] Concurrent Mark Roots               461 us, parallelism: 0.79x
[76.069s][info][gc,stats    ]   CMR: <total>                      363 us
[76.069s][info][gc,stats    ]   CMR: Thread Roots                 314 us, workers (us): 314, ---, ---, 
[76.069s][info][gc,stats    ]   CMR: VM Strong Roots                6 us, workers (us):   6, ---, ---, 
[76.069s][info][gc,stats    ]   CMR: CLDG Roots                    44 us, workers (us):  44, ---, ---, 
[76.069s][info][gc,stats    ] Concurrent Marking                 5080 us
[76.069s][info][gc,stats    ] Pause Final Mark (G)                334 us
[76.069s][info][gc,stats    ] Pause Final Mark (N)                235 us
[76.069s][info][gc,stats    ]   Finish Mark                        50 us
[76.069s][info][gc,stats    ]   Update Region States               47 us
[76.069s][info][gc,stats    ]   Choose Collection Set              57 us
[76.069s][info][gc,stats    ]   Rebuild Free Set                    9 us
[76.069s][info][gc,stats    ] Concurrent Thread Roots             463 us, parallelism: 0.84x
[76.069s][info][gc,stats    ]   CTR: <total>                      391 us
[76.069s][info][gc,stats    ]   CTR: Thread Roots                 391 us, workers (us): 391, ---, ---, 
[76.069s][info][gc,stats    ] Concurrent Weak References          169 us, parallelism: 0.57x
[76.069s][info][gc,stats    ]   CWRF: <total>                      96 us
[76.069s][info][gc,stats    ]   CWRF: Weak References              96 us, workers (us):  96, ---, ---, 
[76.069s][info][gc,stats    ] Concurrent Weak Roots              2240 us
[76.069s][info][gc,stats    ]   Roots                            1392 us, parallelism: 0.98x
[76.069s][info][gc,stats    ]     CWR: <total>                   1359 us
[76.069s][info][gc,stats    ]     CWR: Code Cache Roots          1243 us, workers (us): 1243, ---, ---, 
[76.069s][info][gc,stats    ]     CWR: VM Weak Roots              107 us, workers (us): 107, ---, ---, 
[76.069s][info][gc,stats    ]     CWR: CLDG Roots                  10 us, workers (us):  10, ---, ---, 
[76.069s][info][gc,stats    ]   Rendezvous                        791 us
[76.069s][info][gc,stats    ] Concurrent Cleanup                  112 us
[76.069s][info][gc,stats    ] Concurrent Class Unloading        21923 us
[76.069s][info][gc,stats    ]   Unlink Stale                     5022 us
[76.069s][info][gc,stats    ]     System Dictionary                13 us
[76.069s][info][gc,stats    ]     Weak Class Links                  0 us
[76.069s][info][gc,stats    ]     Code Roots                     5006 us
[76.069s][info][gc,stats    ]   Rendezvous                      16458 us
[76.069s][info][gc,stats    ]   Purge Unlinked                    385 us
[76.069s][info][gc,stats    ]     Code Roots                      377 us
[76.069s][info][gc,stats    ]     CLDG                              7 us
[76.069s][info][gc,stats    ]     Exception Caches                  0 us
[76.069s][info][gc,stats    ] Concurrent Strong Roots             109 us, parallelism: 0.44x
[76.069s][info][gc,stats    ]   CSR: <total>                       48 us
[76.069s][info][gc,stats    ]   CSR: VM Strong Roots                5 us, workers (us):   5, ---, ---, 
[76.069s][info][gc,stats    ]   CSR: CLDG Roots                    43 us, workers (us):  43, ---, ---, 
[76.069s][info][gc,stats    ] Concurrent Evacuation              1078 us
[76.069s][info][gc,stats    ] Pause Init Update Refs (G)          963 us
[76.069s][info][gc,stats    ] Pause Init Update Refs (N)           61 us
[76.069s][info][gc,stats    ]   Manage GCLABs                       3 us
[76.069s][info][gc,stats    ] Concurrent Update Refs             6096 us
[76.069s][info][gc,stats    ] Concurrent Update Thread Roots      503 us
[76.069s][info][gc,stats    ] Pause Final Update Refs (G)         235 us
[76.069s][info][gc,stats    ] Pause Final Update Refs (N)         124 us
[76.069s][info][gc,stats    ]   Update Region States               43 us
[76.069s][info][gc,stats    ]   Trash Collection Set                9 us
[76.069s][info][gc,stats    ]   Rebuild Free Set                   16 us
[76.069s][info][gc,stats    ] Concurrent Cleanup                   45 us
[76.069s][info][gc,stats    ] Pacing                              158 us
[76.069s][info][gc,stats    ] 
[76.069s][info][gc,stats    ] Allocation pacing accrued:
[76.069s][info][gc,stats    ]       0 of   449 ms (  0.0%): Query4
[76.069s][info][gc,stats    ]       0 of   449 ms (  0.0%): <total>
[76.069s][info][gc,stats    ]       0 of   449 ms (  0.0%): <average total>
[76.069s][info][gc,stats    ]       0 of   449 ms (  0.0%): <average non-zero>
[76.069s][info][gc,stats    ] 
[76.069s][info][gc,metaspace] Metaspace: 8805K(9472K)->8805K(9472K) NonClass: 7955K(8320K)->7955K(8320K) Class: 850K(1152K)->850K(1152K)
[76.069s][info][gc,ergo     ] Pacer for Idle. Initial: 41943K, Alloc Tax Rate: 1.0x
[76.631s][info][gc          ] Cancelling GC: Stopping VM
[76.645s][info][gc,heap,exit] Heap
[76.645s][info][gc,heap,exit] Shenandoah Heap
[76.646s][info][gc,heap,exit]  2048M max, 2048M soft max, 2048M committed, 1162M used
[76.646s][info][gc,heap,exit]  2048 x 1024K regions
[76.646s][info][gc,heap,exit] Status: cancelled
[76.646s][info][gc,heap,exit] Reserved region:
[76.646s][info][gc,heap,exit]  - [0x0000000080000000, 0x0000000100000000) 
[76.646s][info][gc,heap,exit] Collection set:
[76.646s][info][gc,heap,exit]  - map (vanilla): 0x0000000000010800
[76.646s][info][gc,heap,exit]  - map (biased):  0x0000000000010000
[76.646s][info][gc,heap,exit] 
[76.646s][info][gc,heap,exit]  Metaspace       used 8807K, committed 9472K, reserved 1114112K
[76.646s][info][gc,heap,exit]   class space    used 850K, committed 1152K, reserved 1048576K
[76.646s][info][gc,stats    ] 
[76.646s][info][gc,stats    ] GC STATISTICS:
[76.646s][info][gc,stats    ]   "(G)" (gross) pauses include VM time: time to notify and block threads, do the pre-
[76.646s][info][gc,stats    ]         and post-safepoint housekeeping. Use -Xlog:safepoint+stats to dissect.
[76.646s][info][gc,stats    ]   "(N)" (net) pauses are the times spent in the actual GC code.
[76.646s][info][gc,stats    ]   "a" is average time for each phase, look at levels to see if average makes sense.
[76.646s][info][gc,stats    ]   "lvls" are quantiles: 0% (minimum), 25%, 50% (median), 75%, 100% (maximum).
[76.646s][info][gc,stats    ] 
[76.646s][info][gc,stats    ]   All times are wall-clock times, except per-root-class counters, that are sum over
[76.646s][info][gc,stats    ]   all workers. Dividing the <total> over the root stage time estimates parallelism.
[76.646s][info][gc,stats    ] 
[76.646s][info][gc,stats    ]   Pacing delays are measured from entering the pacing code till exiting it. Therefore,
[76.646s][info][gc,stats    ]   observed pacing delays may be higher than the threshold when paced thread spent more
[76.646s][info][gc,stats    ]   time in the pacing code. It usually happens when thread is de-scheduled while paced,
[76.646s][info][gc,stats    ]   OS takes longer to unblock the thread, or JVM experiences an STW pause.
[76.646s][info][gc,stats    ] 
[76.646s][info][gc,stats    ]   Higher delay would prevent application outpacing the GC, but it will hide the GC latencies
[76.646s][info][gc,stats    ]   from the STW pause times. Pacing affects the individual threads, and so it would also be
[76.646s][info][gc,stats    ]   invisible to the usual profiling tools, but would add up to end-to-end application latency.
[76.646s][info][gc,stats    ]   Raise max pacing delay with care.
[76.646s][info][gc,stats    ] 
[76.646s][info][gc,stats    ] Concurrent Reset               =    0.146 s (a =      842 us) (n =   174) (lvls, us =      180,      539,      949,     1016,     1551)
[76.646s][info][gc,stats    ] Pause Init Mark (G)            =    0.289 s (a =     1659 us) (n =   174) (lvls, us =      113,      332,      445,     1953,    32177)
[76.646s][info][gc,stats    ] Pause Init Mark (N)            =    0.025 s (a =      145 us) (n =   174) (lvls, us =       71,      123,      135,      152,      530)
[76.646s][info][gc,stats    ]   Update Region States         =    0.009 s (a =       51 us) (n =   174) (lvls, us =       25,       42,       46,       57,      163)
[76.646s][info][gc,stats    ] Concurrent Mark Roots          =    0.096 s (a =      550 us) (n =   174) (lvls, us =      379,      432,      467,      500,     4156)
[76.646s][info][gc,stats    ]   CMR: <total>                 =    0.077 s (a =      444 us) (n =   174) (lvls, us =      264,      336,      359,      398,     4015)
[76.646s][info][gc,stats    ]   CMR: Thread Roots            =    0.068 s (a =      393 us) (n =   174) (lvls, us =      225,      287,      305,      344,     3965)
[76.646s][info][gc,stats    ]   CMR: VM Strong Roots         =    0.001 s (a =        6 us) (n =   174) (lvls, us =        4,        5,        6,        6,       30)
[76.646s][info][gc,stats    ]   CMR: CLDG Roots              =    0.008 s (a =       45 us) (n =   174) (lvls, us =       32,       39,       42,       46,      128)
[76.646s][info][gc,stats    ] Concurrent Marking             =    1.444 s (a =     8299 us) (n =   174) (lvls, us =     3770,     4980,     5703,     8184,    63735)
[76.646s][info][gc,stats    ] Pause Final Mark (G)           =    0.101 s (a =      583 us) (n =   174) (lvls, us =      236,      344,      373,      449,    10023)
[76.646s][info][gc,stats    ] Pause Final Mark (N)           =    0.045 s (a =      260 us) (n =   174) (lvls, us =      178,      223,      236,      270,      547)
[76.646s][info][gc,stats    ]   Finish Mark                  =    0.010 s (a =       56 us) (n =   174) (lvls, us =       25,       47,       52,       57,      172)
[76.646s][info][gc,stats    ]   Update Region States         =    0.008 s (a =       45 us) (n =   174) (lvls, us =       30,       37,       40,       48,      173)
[76.646s][info][gc,stats    ]   Choose Collection Set        =    0.013 s (a =       74 us) (n =   174) (lvls, us =       39,       63,       71,       81,      126)
[76.646s][info][gc,stats    ]   Rebuild Free Set             =    0.002 s (a =       11 us) (n =   174) (lvls, us =        7,        8,        8,        9,       24)
[76.646s][info][gc,stats    ] Concurrent Thread Roots        =    0.095 s (a =      583 us) (n =   163) (lvls, us =      312,      391,      418,      467,    12967)
[76.646s][info][gc,stats    ]   CTR: <total>                 =    0.082 s (a =      503 us) (n =   163) (lvls, us =      232,      316,      342,      391,    12851)
[76.646s][info][gc,stats    ]   CTR: Thread Roots            =    0.082 s (a =      503 us) (n =   163) (lvls, us =      232,      316,      342,      391,    12851)
[76.646s][info][gc,stats    ] Concurrent Weak References     =    0.028 s (a =      163 us) (n =   174) (lvls, us =       86,      148,      170,      182,      293)
[76.646s][info][gc,stats    ]   CWRF: <total>                =    0.014 s (a =       80 us) (n =   174) (lvls, us =        7,       48,       92,      102,      216)
[76.646s][info][gc,stats    ]   CWRF: Weak References        =    0.014 s (a =       80 us) (n =   174) (lvls, us =        7,       48,       92,      102,      216)
[76.646s][info][gc,stats    ] Concurrent Weak Roots          =    0.521 s (a =     2993 us) (n =   174) (lvls, us =      527,     1445,     1680,     2852,    20673)
[76.646s][info][gc,stats    ]   Roots                        =    0.219 s (a =     1258 us) (n =   174) (lvls, us =      424,     1152,     1289,     1348,     1694)
[76.646s][info][gc,stats    ]     CWR: <total>               =    0.211 s (a =     1215 us) (n =   174) (lvls, us =      367,     1133,     1250,     1289,     1461)
[76.646s][info][gc,stats    ]     CWR: Code Cache Roots      =    0.192 s (a =     1102 us) (n =   174) (lvls, us =      131,      996,     1152,     1191,     1358)
[76.646s][info][gc,stats    ]     CWR: VM Weak Roots         =    0.018 s (a =      104 us) (n =   174) (lvls, us =       68,       97,      100,      105,      269)
[76.646s][info][gc,stats    ]     CWR: CLDG Roots            =    0.001 s (a =        8 us) (n =   174) (lvls, us =        3,        7,        8,        9,       23)
[76.646s][info][gc,stats    ]   Rendezvous                   =    0.291 s (a =     1675 us) (n =   174) (lvls, us =       28,       71,      301,     1504,    19554)
[76.646s][info][gc,stats    ] Concurrent Cleanup             =    0.018 s (a =      104 us) (n =   174) (lvls, us =       28,       75,      109,      117,      597)
[76.646s][info][gc,stats    ] Concurrent Class Unloading     =    1.297 s (a =     7451 us) (n =   174) (lvls, us =     1914,     5469,     5918,     7188,    31889)
[76.647s][info][gc,stats    ]   Unlink Stale                 =    0.833 s (a =     4790 us) (n =   174) (lvls, us =     1758,     4609,     4883,     5039,     6494)
[76.647s][info][gc,stats    ]     System Dictionary          =    0.003 s (a =       17 us) (n =   174) (lvls, us =        6,        9,       10,       12,      772)
[76.647s][info][gc,stats    ]     Weak Class Links           =    0.004 s (a =       24 us) (n =   174) (lvls, us =        0,        0,        0,        0,     1835)
[76.647s][info][gc,stats    ]     Code Roots                 =    0.826 s (a =     4748 us) (n =   174) (lvls, us =     1035,     4531,     4863,     5020,     5627)
[76.647s][info][gc,stats    ]   Rendezvous                   =    0.402 s (a =     2313 us) (n =   174) (lvls, us =       38,      164,      619,     2227,    26378)
[76.647s][info][gc,stats    ]   Purge Unlinked               =    0.049 s (a =      281 us) (n =   174) (lvls, us =       74,      246,      277,      314,      580)
[76.647s][info][gc,stats    ]     Code Roots                 =    0.047 s (a =      271 us) (n =   174) (lvls, us =       43,      242,      271,      305,      423)
[76.647s][info][gc,stats    ]     CLDG                       =    0.002 s (a =        9 us) (n =   174) (lvls, us =        3,        5,        6,        7,      334)
[76.647s][info][gc,stats    ]     Exception Caches           =    0.000 s (a =        0 us) (n =   174) (lvls, us =        0,        0,        0,        0,        1)
[76.647s][info][gc,stats    ] Concurrent Strong Roots        =    0.019 s (a =      116 us) (n =   163) (lvls, us =       85,       97,      105,      117,      325)
[76.647s][info][gc,stats    ]   CSR: <total>                 =    0.008 s (a =       51 us) (n =   163) (lvls, us =       34,       40,       45,       51,      229)
[76.647s][info][gc,stats    ]   CSR: VM Strong Roots         =    0.001 s (a =        4 us) (n =   163) (lvls, us =        3,        4,        4,        4,       15)
[76.647s][info][gc,stats    ]   CSR: CLDG Roots              =    0.008 s (a =       47 us) (n =   163) (lvls, us =       30,       36,       40,       46,      223)
[76.647s][info][gc,stats    ] Concurrent Evacuation          =    0.173 s (a =     1061 us) (n =   163) (lvls, us =      459,      951,     1055,     1152,     2733)
[76.647s][info][gc,stats    ] Pause Final Roots (G)          =    0.002 s (a =      162 us) (n =    11) (lvls, us =      109,      119,      145,      191,      199)
[76.647s][info][gc,stats    ] Pause Final Roots (N)          =    0.001 s (a =       69 us) (n =    11) (lvls, us =       44,       48,       68,       78,       99)
[76.647s][info][gc,stats    ] Pause Init Update Refs (G)     =    0.320 s (a =     1964 us) (n =   163) (lvls, us =      107,      217,      750,     2422,    14001)
[76.647s][info][gc,stats    ] Pause Init Update Refs (N)     =    0.010 s (a =       62 us) (n =   163) (lvls, us =       37,       56,       59,       65,      108)
[76.647s][info][gc,stats    ]   Manage GCLABs                =    0.001 s (a =        4 us) (n =   163) (lvls, us =        3,        3,        4,        4,        7)
[76.647s][info][gc,stats    ] Concurrent Update Refs         =    1.474 s (a =     9040 us) (n =   163) (lvls, us =     1719,     6523,     7871,    10352,    43717)
[76.647s][info][gc,stats    ] Concurrent Update Thread Roots =    0.276 s (a =     1693 us) (n =   163) (lvls, us =      379,      486,      531,      996,    20054)
[76.647s][info][gc,stats    ] Pause Final Update Refs (G)    =    0.297 s (a =     1824 us) (n =   163) (lvls, us =      105,      303,      680,     1973,    17612)
[76.647s][info][gc,stats    ] Pause Final Update Refs (N)    =    0.025 s (a =      152 us) (n =   163) (lvls, us =       79,      123,      131,      141,     2674)
[76.647s][info][gc,stats    ]   Update Region States         =    0.008 s (a =       51 us) (n =   163) (lvls, us =       32,       43,       46,       51,      475)
[76.647s][info][gc,stats    ]   Trash Collection Set         =    0.001 s (a =        7 us) (n =   163) (lvls, us =        2,        5,        7,        9,       13)
[76.647s][info][gc,stats    ]   Rebuild Free Set             =    0.002 s (a =       15 us) (n =   163) (lvls, us =        8,       12,       15,       16,       28)
[76.647s][info][gc,stats    ] Concurrent Cleanup             =    0.012 s (a =       71 us) (n =   163) (lvls, us =       37,       52,       65,       84,      229)
[76.647s][info][gc,stats    ] Pacing                         =   17.393 s (a =    99961 us) (n =   174) (lvls, us =        0,        0,        0,    19336,  1261135)
[76.647s][info][gc,stats    ] 
[76.647s][info][gc,stats    ] 
[76.647s][info][gc,stats    ] Under allocation pressure, concurrent cycles may cancel, and either continue cycle
[76.647s][info][gc,stats    ] under stop-the-world pause or result in stop-the-world Full GC. Increase heap size,
[76.647s][info][gc,stats    ] tune GC heuristics, set more aggressive pacing delay, or lower allocation rate
[76.647s][info][gc,stats    ] to avoid Degenerated and Full GC cycles.
[76.647s][info][gc,stats    ] 
[76.647s][info][gc,stats    ]   174 successful concurrent GCs
[76.647s][info][gc,stats    ]      10 invoked explicitly
[76.647s][info][gc,stats    ]       0 invoked implicitly
[76.647s][info][gc,stats    ] 
[76.647s][info][gc,stats    ]     0 Degenerated GCs
[76.647s][info][gc,stats    ]       0 caused by allocation failure
[76.647s][info][gc,stats    ]       0 upgraded to Full GC
[76.647s][info][gc,stats    ] 
[76.647s][info][gc,stats    ]     0 Full GCs
[76.647s][info][gc,stats    ]       0 invoked explicitly
[76.647s][info][gc,stats    ]       0 invoked implicitly
[76.647s][info][gc,stats    ]       0 caused by allocation failure
[76.647s][info][gc,stats    ]       0 upgraded from Degenerated GC
[76.647s][info][gc,stats    ] 
[76.647s][info][gc,stats    ] 
