[0.007s][info][gc] Using Serial
[0.016s][info][gc,init] Version: 17.0.12+7-adhoc..jdk17u (release)
[0.016s][info][gc,init] CPUs: 6 total, 6 available
[0.016s][info][gc,init] Memory: 15591M
[0.016s][info][gc,init] Large Page Support: Disabled
[0.016s][info][gc,init] NUMA Support: Disabled
[0.016s][info][gc,init] Compressed Oops: Enabled (Zero based)
[0.016s][info][gc,init] Heap Min Capacity: 4G
[0.016s][info][gc,init] Heap Initial Capacity: 4G
[0.016s][info][gc,init] Heap Max Capacity: 4G
[0.016s][info][gc,init] Pre-touch: Disabled
[0.023s][info][gc,metaspace] CDS archive(s) mapped at: [0x000001a380000000-0x000001a380bc0000-0x000001a380bc0000), size 12320768, SharedBaseAddress: 0x000001a380000000, ArchiveRelocationMode: 1.
[0.024s][info][gc,metaspace] Compressed class space mapped at: 0x000001a381000000-0x000001a3c1000000, reserved size: 1073741824
[0.024s][info][gc,metaspace] Narrow klass base: 0x000001a380000000, Narrow klass shift: 0, Narrow klass range: 0x100000000
[13.068s][info][gc,start    ] GC(0) Pause Full (System.gc())
[13.068s][info][gc,phases,start] GC(0) Phase 1: Mark live objects
[13.071s][info][gc,phases      ] GC(0) Phase 1: Mark live objects 2.807ms
[13.071s][info][gc,phases,start] GC(0) Phase 2: Compute new object addresses
[13.072s][info][gc,phases      ] GC(0) Phase 2: Compute new object addresses 0.753ms
[13.072s][info][gc,phases,start] GC(0) Phase 3: Adjust pointers
[13.073s][info][gc,phases      ] GC(0) Phase 3: Adjust pointers 1.323ms
[13.073s][info][gc,phases,start] GC(0) Phase 4: Move objects
[13.074s][info][gc,phases      ] GC(0) Phase 4: Move objects 1.167ms
[13.074s][info][gc,heap        ] GC(0) DefNew: 67111K(1258304K)->0K(1258304K) Eden: 67111K(1118528K)->0K(1118528K) From: 0K(139776K)->0K(139776K)
[13.075s][info][gc,heap        ] GC(0) Tenured: 0K(2796224K)->2540K(2796224K)
[13.075s][info][gc,metaspace   ] GC(0) Metaspace: 2611K(2816K)->2611K(2816K) NonClass: 2347K(2432K)->2347K(2432K) Class: 264K(384K)->264K(384K)
[13.075s][info][gc             ] GC(0) Pause Full (System.gc()) 65M->2M(3959M) 6.720ms
[13.075s][info][gc,cpu         ] GC(0) User=0.00s Sys=0.00s Real=0.01s
[16.941s][info][gc,start       ] GC(1) Pause Young (Allocation Failure)
[16.951s][info][gc,heap        ] GC(1) DefNew: 1118528K(1258304K)->13411K(1258304K) Eden: 1118528K(1118528K)->0K(1118528K) From: 0K(139776K)->13411K(139776K)
[16.951s][info][gc,heap        ] GC(1) Tenured: 2540K(2796224K)->2540K(2796224K)
[16.951s][info][gc,metaspace   ] GC(1) Metaspace: 8360K(8576K)->8360K(8576K) NonClass: 7494K(7616K)->7494K(7616K) Class: 866K(960K)->866K(960K)
[16.952s][info][gc             ] GC(1) Pause Young (Allocation Failure) 1094M->15M(3959M) 10.062ms
[16.952s][info][gc,cpu         ] GC(1) User=0.00s Sys=0.00s Real=0.02s
[20.291s][info][gc,start       ] GC(2) Pause Full (System.gc())
[20.291s][info][gc,phases,start] GC(2) Phase 1: Mark live objects
[20.296s][info][gc,phases      ] GC(2) Phase 1: Mark live objects 5.193ms
[20.296s][info][gc,phases,start] GC(2) Phase 2: Compute new object addresses
[20.340s][info][gc,phases      ] GC(2) Phase 2: Compute new object addresses 43.497ms
[20.340s][info][gc,phases,start] GC(2) Phase 3: Adjust pointers
[20.343s][info][gc,phases      ] GC(2) Phase 3: Adjust pointers 3.091ms
[20.343s][info][gc,phases,start] GC(2) Phase 4: Move objects
[20.344s][info][gc,phases      ] GC(2) Phase 4: Move objects 0.582ms
[20.344s][info][gc,heap        ] GC(2) DefNew: 1122649K(1258304K)->0K(1258304K) Eden: 1109238K(1118528K)->0K(1118528K) From: 13411K(139776K)->0K(139776K)
[20.344s][info][gc,heap        ] GC(2) Tenured: 2540K(2796224K)->3672K(2796224K)
[20.344s][info][gc,metaspace   ] GC(2) Metaspace: 9562K(9856K)->9562K(9856K) NonClass: 8551K(8704K)->8551K(8704K) Class: 1011K(1152K)->1011K(1152K)
[20.344s][info][gc             ] GC(2) Pause Full (System.gc()) 1098M->3M(3959M) 52.949ms
[20.344s][info][gc,cpu         ] GC(2) User=0.08s Sys=0.02s Real=0.05s
[23.284s][info][gc,start       ] GC(3) Pause Young (Allocation Failure)
[23.288s][info][gc,heap        ] GC(3) DefNew: 1118528K(1258304K)->13491K(1258304K) Eden: 1118528K(1118528K)->0K(1118528K) From: 0K(139776K)->13491K(139776K)
[23.288s][info][gc,heap        ] GC(3) Tenured: 3672K(2796224K)->3672K(2796224K)
[23.288s][info][gc,metaspace   ] GC(3) Metaspace: 9576K(9856K)->9576K(9856K) NonClass: 8564K(8704K)->8564K(8704K) Class: 1011K(1152K)->1011K(1152K)
[23.288s][info][gc             ] GC(3) Pause Young (Allocation Failure) 1095M->16M(3959M) 4.225ms
[23.288s][info][gc,cpu         ] GC(3) User=0.02s Sys=0.00s Real=0.00s
[25.299s][info][gc,start       ] GC(4) Pause Full (System.gc())
[25.299s][info][gc,phases,start] GC(4) Phase 1: Mark live objects
[25.304s][info][gc,phases      ] GC(4) Phase 1: Mark live objects 4.742ms
[25.304s][info][gc,phases,start] GC(4) Phase 2: Compute new object addresses
[25.344s][info][gc,phases      ] GC(4) Phase 2: Compute new object addresses 40.272ms
[25.345s][info][gc,phases,start] GC(4) Phase 3: Adjust pointers
[25.348s][info][gc,phases      ] GC(4) Phase 3: Adjust pointers 3.031ms
[25.348s][info][gc,phases,start] GC(4) Phase 4: Move objects
[25.348s][info][gc,phases      ] GC(4) Phase 4: Move objects 0.015ms
[25.348s][info][gc,heap        ] GC(4) DefNew: 1072351K(1258304K)->0K(1258304K) Eden: 1058859K(1118528K)->0K(1118528K) From: 13491K(139776K)->0K(139776K)
[25.348s][info][gc,heap        ] GC(4) Tenured: 3672K(2796224K)->3695K(2796224K)
[25.348s][info][gc,metaspace   ] GC(4) Metaspace: 9627K(9920K)->9627K(9920K) NonClass: 8615K(8768K)->8615K(8768K) Class: 1011K(1152K)->1011K(1152K)
[25.348s][info][gc             ] GC(4) Pause Full (System.gc()) 1050M->3M(3959M) 48.341ms
[25.348s][info][gc,cpu         ] GC(4) User=0.05s Sys=0.00s Real=0.06s
[28.255s][info][gc,start       ] GC(5) Pause Young (Allocation Failure)
[28.258s][info][gc,heap        ] GC(5) DefNew: 1118528K(1258304K)->13764K(1258304K) Eden: 1118528K(1118528K)->0K(1118528K) From: 0K(139776K)->13764K(139776K)
[28.258s][info][gc,heap        ] GC(5) Tenured: 3695K(2796224K)->3695K(2796224K)
[28.258s][info][gc,metaspace   ] GC(5) Metaspace: 9635K(9920K)->9635K(9920K) NonClass: 8623K(8768K)->8623K(8768K) Class: 1011K(1152K)->1011K(1152K)
[28.258s][info][gc             ] GC(5) Pause Young (Allocation Failure) 1095M->17M(3959M) 2.631ms
[28.258s][info][gc,cpu         ] GC(5) User=0.00s Sys=0.00s Real=0.00s
[30.191s][info][gc,start       ] GC(6) Pause Full (System.gc())
[30.191s][info][gc,phases,start] GC(6) Phase 1: Mark live objects
[30.196s][info][gc,phases      ] GC(6) Phase 1: Mark live objects 5.226ms
[30.196s][info][gc,phases,start] GC(6) Phase 2: Compute new object addresses
[30.235s][info][gc,phases      ] GC(6) Phase 2: Compute new object addresses 39.011ms
[30.235s][info][gc,phases,start] GC(6) Phase 3: Adjust pointers
[30.238s][info][gc,phases      ] GC(6) Phase 3: Adjust pointers 3.096ms
[30.238s][info][gc,phases,start] GC(6) Phase 4: Move objects
[30.239s][info][gc,phases      ] GC(6) Phase 4: Move objects 0.685ms
[30.239s][info][gc,heap        ] GC(6) DefNew: 1057862K(1258304K)->0K(1258304K) Eden: 1044097K(1118528K)->0K(1118528K) From: 13764K(139776K)->0K(139776K)
[30.239s][info][gc,heap        ] GC(6) Tenured: 3695K(2796224K)->3677K(2796224K)
[30.239s][info][gc,metaspace   ] GC(6) Metaspace: 9668K(9920K)->9668K(9920K) NonClass: 8656K(8768K)->8656K(8768K) Class: 1012K(1152K)->1012K(1152K)
[30.239s][info][gc             ] GC(6) Pause Full (System.gc()) 1036M->3M(3959M) 48.333ms
[30.239s][info][gc,cpu         ] GC(6) User=0.05s Sys=0.02s Real=0.04s
[33.132s][info][gc,start       ] GC(7) Pause Young (Allocation Failure)
[33.135s][info][gc,heap        ] GC(7) DefNew: 1118528K(1258304K)->13975K(1258304K) Eden: 1118528K(1118528K)->0K(1118528K) From: 0K(139776K)->13975K(139776K)
[33.135s][info][gc,heap        ] GC(7) Tenured: 3677K(2796224K)->3677K(2796224K)
[33.135s][info][gc,metaspace   ] GC(7) Metaspace: 9678K(9920K)->9678K(9920K) NonClass: 8666K(8768K)->8666K(8768K) Class: 1012K(1152K)->1012K(1152K)
[33.135s][info][gc             ] GC(7) Pause Young (Allocation Failure) 1095M->17M(3959M) 3.093ms
[33.135s][info][gc,cpu         ] GC(7) User=0.00s Sys=0.00s Real=0.02s
[35.073s][info][gc,start       ] GC(8) Pause Full (System.gc())
[35.073s][info][gc,phases,start] GC(8) Phase 1: Mark live objects
[35.078s][info][gc,phases      ] GC(8) Phase 1: Mark live objects 4.804ms
[35.078s][info][gc,phases,start] GC(8) Phase 2: Compute new object addresses
[35.118s][info][gc,phases      ] GC(8) Phase 2: Compute new object addresses 39.723ms
[35.118s][info][gc,phases,start] GC(8) Phase 3: Adjust pointers
[35.121s][info][gc,phases      ] GC(8) Phase 3: Adjust pointers 3.132ms
[35.121s][info][gc,phases,start] GC(8) Phase 4: Move objects
[35.121s][info][gc,phases      ] GC(8) Phase 4: Move objects 0.010ms
[35.121s][info][gc,heap        ] GC(8) DefNew: 1061354K(1258304K)->0K(1258304K) Eden: 1047378K(1118528K)->0K(1118528K) From: 13975K(139776K)->0K(139776K)
[35.121s][info][gc,heap        ] GC(8) Tenured: 3677K(2796224K)->3677K(2796224K)
[35.121s][info][gc,metaspace   ] GC(8) Metaspace: 9705K(9984K)->9705K(9984K) NonClass: 8692K(8832K)->8692K(8832K) Class: 1012K(1152K)->1012K(1152K)
[35.121s][info][gc             ] GC(8) Pause Full (System.gc()) 1040M->3M(3959M) 47.941ms
[35.121s][info][gc,cpu         ] GC(8) User=0.05s Sys=0.00s Real=0.04s
[37.955s][info][gc,start       ] GC(9) Pause Young (Allocation Failure)
[37.958s][info][gc,heap        ] GC(9) DefNew: 1118528K(1258304K)->13819K(1258304K) Eden: 1118528K(1118528K)->0K(1118528K) From: 0K(139776K)->13819K(139776K)
[37.958s][info][gc,heap        ] GC(9) Tenured: 3677K(2796224K)->3677K(2796224K)
[37.958s][info][gc,metaspace   ] GC(9) Metaspace: 9706K(9984K)->9706K(9984K) NonClass: 8694K(8832K)->8694K(8832K) Class: 1012K(1152K)->1012K(1152K)
[37.958s][info][gc             ] GC(9) Pause Young (Allocation Failure) 1095M->17M(3959M) 2.714ms
[37.958s][info][gc,cpu         ] GC(9) User=0.02s Sys=0.00s Real=0.00s
[39.850s][info][gc,start       ] GC(10) Pause Full (System.gc())
[39.850s][info][gc,phases,start] GC(10) Phase 1: Mark live objects
[39.855s][info][gc,phases      ] GC(10) Phase 1: Mark live objects 5.132ms
[39.855s][info][gc,phases,start] GC(10) Phase 2: Compute new object addresses
[39.894s][info][gc,phases      ] GC(10) Phase 2: Compute new object addresses 39.199ms
[39.895s][info][gc,phases,start] GC(10) Phase 3: Adjust pointers
[39.898s][info][gc,phases      ] GC(10) Phase 3: Adjust pointers 3.191ms
[39.898s][info][gc,phases,start] GC(10) Phase 4: Move objects
[39.898s][info][gc,phases      ] GC(10) Phase 4: Move objects 0.010ms
[39.898s][info][gc,heap        ] GC(10) DefNew: 1058759K(1258304K)->0K(1258304K) Eden: 1044940K(1118528K)->0K(1118528K) From: 13819K(139776K)->0K(139776K)
[39.898s][info][gc,heap        ] GC(10) Tenured: 3677K(2796224K)->3681K(2796224K)
[39.898s][info][gc,metaspace   ] GC(10) Metaspace: 9734K(10048K)->9734K(10048K) NonClass: 8722K(8896K)->8722K(8896K) Class: 1012K(1152K)->1012K(1152K)
[39.898s][info][gc             ] GC(10) Pause Full (System.gc()) 1037M->3M(3959M) 47.788ms
[39.898s][info][gc,cpu         ] GC(10) User=0.05s Sys=0.00s Real=0.05s
[42.724s][info][gc,start       ] GC(11) Pause Young (Allocation Failure)
[42.727s][info][gc,heap        ] GC(11) DefNew: 1118528K(1258304K)->13817K(1258304K) Eden: 1118528K(1118528K)->0K(1118528K) From: 0K(139776K)->13817K(139776K)
[42.727s][info][gc,heap        ] GC(11) Tenured: 3681K(2796224K)->3681K(2796224K)
[42.727s][info][gc,metaspace   ] GC(11) Metaspace: 9749K(10048K)->9749K(10048K) NonClass: 8737K(8896K)->8737K(8896K) Class: 1012K(1152K)->1012K(1152K)
[42.727s][info][gc             ] GC(11) Pause Young (Allocation Failure) 1095M->17M(3959M) 2.898ms
[42.727s][info][gc,cpu         ] GC(11) User=0.00s Sys=0.00s Real=0.02s
[44.633s][info][gc,start       ] GC(12) Pause Full (System.gc())
[44.633s][info][gc,phases,start] GC(12) Phase 1: Mark live objects
[44.638s][info][gc,phases      ] GC(12) Phase 1: Mark live objects 4.863ms
[44.638s][info][gc,phases,start] GC(12) Phase 2: Compute new object addresses
[44.677s][info][gc,phases      ] GC(12) Phase 2: Compute new object addresses 39.113ms
[44.678s][info][gc,phases,start] GC(12) Phase 3: Adjust pointers
[44.681s][info][gc,phases      ] GC(12) Phase 3: Adjust pointers 3.249ms
[44.681s][info][gc,phases,start] GC(12) Phase 4: Move objects
[44.681s][info][gc,phases      ] GC(12) Phase 4: Move objects 0.010ms
[44.681s][info][gc,heap        ] GC(12) DefNew: 1055043K(1258304K)->0K(1258304K) Eden: 1041226K(1118528K)->0K(1118528K) From: 13817K(139776K)->0K(139776K)
[44.681s][info][gc,heap        ] GC(12) Tenured: 3681K(2796224K)->3682K(2796224K)
[44.681s][info][gc,metaspace   ] GC(12) Metaspace: 9757K(10048K)->9757K(10048K) NonClass: 8745K(8896K)->8745K(8896K) Class: 1012K(1152K)->1012K(1152K)
[44.681s][info][gc             ] GC(12) Pause Full (System.gc()) 1033M->3M(3959M) 47.497ms
[44.681s][info][gc,cpu         ] GC(12) User=0.05s Sys=0.00s Real=0.04s
[47.504s][info][gc,start       ] GC(13) Pause Young (Allocation Failure)
[47.506s][info][gc,heap        ] GC(13) DefNew: 1118528K(1258304K)->13817K(1258304K) Eden: 1118528K(1118528K)->0K(1118528K) From: 0K(139776K)->13817K(139776K)
[47.506s][info][gc,heap        ] GC(13) Tenured: 3682K(2796224K)->3682K(2796224K)
[47.506s][info][gc,metaspace   ] GC(13) Metaspace: 9759K(10048K)->9759K(10048K) NonClass: 8747K(8896K)->8747K(8896K) Class: 1012K(1152K)->1012K(1152K)
[47.506s][info][gc             ] GC(13) Pause Young (Allocation Failure) 1095M->17M(3959M) 2.760ms
[47.506s][info][gc,cpu         ] GC(13) User=0.02s Sys=0.00s Real=0.00s
[49.415s][info][gc,start       ] GC(14) Pause Full (System.gc())
[49.415s][info][gc,phases,start] GC(14) Phase 1: Mark live objects
[49.420s][info][gc,phases      ] GC(14) Phase 1: Mark live objects 4.907ms
[49.420s][info][gc,phases,start] GC(14) Phase 2: Compute new object addresses
[49.460s][info][gc,phases      ] GC(14) Phase 2: Compute new object addresses 39.146ms
[49.460s][info][gc,phases,start] GC(14) Phase 3: Adjust pointers
[49.463s][info][gc,phases      ] GC(14) Phase 3: Adjust pointers 3.451ms
[49.463s][info][gc,phases,start] GC(14) Phase 4: Move objects
[49.463s][info][gc,phases      ] GC(14) Phase 4: Move objects 0.169ms
[49.463s][info][gc,heap        ] GC(14) DefNew: 1053645K(1258304K)->0K(1258304K) Eden: 1039828K(1118528K)->0K(1118528K) From: 13817K(139776K)->0K(139776K)
[49.463s][info][gc,heap        ] GC(14) Tenured: 3682K(2796224K)->3681K(2796224K)
[49.463s][info][gc,metaspace   ] GC(14) Metaspace: 9773K(10048K)->9773K(10048K) NonClass: 8760K(8896K)->8760K(8896K) Class: 1012K(1152K)->1012K(1152K)
[49.463s][info][gc             ] GC(14) Pause Full (System.gc()) 1032M->3M(3959M) 47.935ms
[49.463s][info][gc,cpu         ] GC(14) User=0.05s Sys=0.00s Real=0.05s
[52.310s][info][gc,start       ] GC(15) Pause Young (Allocation Failure)
[52.312s][info][gc,heap        ] GC(15) DefNew: 1118528K(1258304K)->13764K(1258304K) Eden: 1118528K(1118528K)->0K(1118528K) From: 0K(139776K)->13764K(139776K)
[52.312s][info][gc,heap        ] GC(15) Tenured: 3681K(2796224K)->3681K(2796224K)
[52.312s][info][gc,metaspace   ] GC(15) Metaspace: 9776K(10048K)->9776K(10048K) NonClass: 8764K(8896K)->8764K(8896K) Class: 1012K(1152K)->1012K(1152K)
[52.312s][info][gc             ] GC(15) Pause Young (Allocation Failure) 1095M->17M(3959M) 2.787ms
[52.312s][info][gc,cpu         ] GC(15) User=0.00s Sys=0.00s Real=0.00s
[54.212s][info][gc,start       ] GC(16) Pause Full (System.gc())
[54.212s][info][gc,phases,start] GC(16) Phase 1: Mark live objects
[54.217s][info][gc,phases      ] GC(16) Phase 1: Mark live objects 4.974ms
[54.217s][info][gc,phases,start] GC(16) Phase 2: Compute new object addresses
[54.256s][info][gc,phases      ] GC(16) Phase 2: Compute new object addresses 39.053ms
[54.256s][info][gc,phases,start] GC(16) Phase 3: Adjust pointers
[54.259s][info][gc,phases      ] GC(16) Phase 3: Adjust pointers 3.302ms
[54.259s][info][gc,phases,start] GC(16) Phase 4: Move objects
[54.259s][info][gc,phases      ] GC(16) Phase 4: Move objects 0.009ms
[54.259s][info][gc,heap        ] GC(16) DefNew: 1055585K(1258304K)->0K(1258304K) Eden: 1041821K(1118528K)->0K(1118528K) From: 13764K(139776K)->0K(139776K)
[54.260s][info][gc,heap        ] GC(16) Tenured: 3681K(2796224K)->3684K(2796224K)
[54.260s][info][gc,metaspace   ] GC(16) Metaspace: 9802K(10048K)->9802K(10048K) NonClass: 8789K(8896K)->8789K(8896K) Class: 1012K(1152K)->1012K(1152K)
[54.260s][info][gc             ] GC(16) Pause Full (System.gc()) 1034M->3M(3959M) 47.674ms
[54.260s][info][gc,cpu         ] GC(16) User=0.05s Sys=0.00s Real=0.04s
[57.123s][info][gc,start       ] GC(17) Pause Young (Allocation Failure)
[57.125s][info][gc,heap        ] GC(17) DefNew: 1118528K(1258304K)->13872K(1258304K) Eden: 1118528K(1118528K)->0K(1118528K) From: 0K(139776K)->13872K(139776K)
[57.125s][info][gc,heap        ] GC(17) Tenured: 3684K(2796224K)->3684K(2796224K)
[57.125s][info][gc,metaspace   ] GC(17) Metaspace: 9809K(10048K)->9809K(10048K) NonClass: 8796K(8896K)->8796K(8896K) Class: 1012K(1152K)->1012K(1152K)
[57.125s][info][gc             ] GC(17) Pause Young (Allocation Failure) 1095M->17M(3959M) 2.411ms
[57.125s][info][gc,cpu         ] GC(17) User=0.00s Sys=0.00s Real=0.00s
[59.026s][info][gc,start       ] GC(18) Pause Full (System.gc())
[59.026s][info][gc,phases,start] GC(18) Phase 1: Mark live objects
[59.031s][info][gc,phases      ] GC(18) Phase 1: Mark live objects 5.200ms
[59.031s][info][gc,phases,start] GC(18) Phase 2: Compute new object addresses
[59.070s][info][gc,phases      ] GC(18) Phase 2: Compute new object addresses 39.112ms
[59.070s][info][gc,phases,start] GC(18) Phase 3: Adjust pointers
[59.074s][info][gc,phases      ] GC(18) Phase 3: Adjust pointers 3.442ms
[59.074s][info][gc,phases,start] GC(18) Phase 4: Move objects
[59.074s][info][gc,phases      ] GC(18) Phase 4: Move objects 0.011ms
[59.074s][info][gc,heap        ] GC(18) DefNew: 1053999K(1258304K)->0K(1258304K) Eden: 1040127K(1118528K)->0K(1118528K) From: 13872K(139776K)->0K(139776K)
[59.074s][info][gc,heap        ] GC(18) Tenured: 3684K(2796224K)->3684K(2796224K)
[59.074s][info][gc,metaspace   ] GC(18) Metaspace: 9821K(10112K)->9821K(10112K) NonClass: 8808K(8960K)->8808K(8960K) Class: 1012K(1152K)->1012K(1152K)
[59.074s][info][gc             ] GC(18) Pause Full (System.gc()) 1032M->3M(3959M) 48.035ms
[59.074s][info][gc,cpu         ] GC(18) User=0.05s Sys=0.00s Real=0.06s
[61.914s][info][gc,start       ] GC(19) Pause Young (Allocation Failure)
[61.917s][info][gc,heap        ] GC(19) DefNew: 1118528K(1258304K)->13769K(1258304K) Eden: 1118528K(1118528K)->0K(1118528K) From: 0K(139776K)->13769K(139776K)
[61.917s][info][gc,heap        ] GC(19) Tenured: 3684K(2796224K)->3684K(2796224K)
[61.917s][info][gc,metaspace   ] GC(19) Metaspace: 9827K(10112K)->9827K(10112K) NonClass: 8814K(8960K)->8814K(8960K) Class: 1012K(1152K)->1012K(1152K)
[61.917s][info][gc             ] GC(19) Pause Young (Allocation Failure) 1095M->17M(3959M) 2.903ms
[61.917s][info][gc,cpu         ] GC(19) User=0.00s Sys=0.00s Real=0.02s
[63.850s][info][gc,heap,exit   ] Heap
[63.850s][info][gc,heap,exit   ]  def new generation   total 1258304K, used 1063469K [0x0000000700000000, 0x0000000755550000, 0x0000000755550000)
[63.850s][info][gc,heap,exit   ]   eden space 1118528K,  93% used [0x0000000700000000, 0x0000000740119068, 0x0000000744450000)
[63.850s][info][gc,heap,exit   ]   from space 139776K,   9% used [0x0000000744450000, 0x00000007451c2478, 0x000000074ccd0000)
[63.850s][info][gc,heap,exit   ]   to   space 139776K,   0% used [0x000000074ccd0000, 0x000000074ccd0000, 0x0000000755550000)
[63.850s][info][gc,heap,exit   ]  tenured generation   total 2796224K, used 3684K [0x0000000755550000, 0x0000000800000000, 0x0000000800000000)
[63.850s][info][gc,heap,exit   ]    the space 2796224K,   0% used [0x0000000755550000, 0x00000007558e93d8, 0x00000007558e9400, 0x0000000800000000)
[63.850s][info][gc,heap,exit   ]  Metaspace       used 9841K, committed 10112K, reserved 1114112K
[63.850s][info][gc,heap,exit   ]   class space    used 1012K, committed 1152K, reserved 1048576K
