[0.009s][info][gc,init] CardTable entry size: 512
[0.009s][info][gc     ] Using Parallel
[0.012s][info][gc,init] Version: 21.0.4+7-adhoc.Administrator.jdk21u (release)
[0.012s][info][gc,init] CPUs: 6 total, 6 available
[0.012s][info][gc,init] Memory: 15591M
[0.012s][info][gc,init] Large Page Support: Disabled
[0.012s][info][gc,init] NUMA Support: Disabled
[0.012s][info][gc,init] Compressed Oops: Enabled (32-bit)
[0.012s][info][gc,init] Alignments: Space 512K, Generation 512K, Heap 2M
[0.012s][info][gc,init] Heap Min Capacity: 1G
[0.012s][info][gc,init] Heap Initial Capacity: 1G
[0.012s][info][gc,init] Heap Max Capacity: 1G
[0.012s][info][gc,init] Pre-touch: Disabled
[0.015s][info][gc,init] Parallel Workers: 6
[0.023s][info][gc,metaspace] CDS archive(s) mapped at: [0x00000256b7000000-0x00000256b7c90000-0x00000256b7c90000), size 13172736, SharedBaseAddress: 0x00000256b7000000, ArchiveRelocationMode: 1.
[0.023s][info][gc,metaspace] Compressed class space mapped at: 0x00000256b8000000-0x00000256f8000000, reserved size: 1073741824
[0.023s][info][gc,metaspace] Narrow klass base: 0x00000256b7000000, Narrow klass shift: 0, Narrow klass range: 0x100000000
[1.267s][info][gc,start    ] GC(0) Pause Young (Allocation Failure)
[1.282s][info][gc,heap     ] GC(0) PSYoungGen: 262144K(305664K)->21121K(305664K) Eden: 262144K(262144K)->0K(262144K) From: 0K(43520K)->21121K(43520K)
[1.282s][info][gc,heap     ] GC(0) ParOldGen: 0K(699392K)->32K(699392K)
[1.282s][info][gc,metaspace] GC(0) Metaspace: 8722K(8960K)->8722K(8960K) NonClass: 7887K(8000K)->7887K(8000K) Class: 835K(960K)->835K(960K)
[1.282s][info][gc          ] GC(0) Pause Young (Allocation Failure) 256M->20M(981M) 15.360ms
[1.282s][info][gc,cpu      ] GC(0) User=0.09s Sys=0.00s Real=0.02s
[1.566s][info][gc,start    ] GC(1) Pause Young (Allocation Failure)
[1.591s][info][gc,heap     ] GC(1) PSYoungGen: 283265K(305664K)->38672K(305664K) Eden: 262144K(262144K)->0K(262144K) From: 21121K(43520K)->38672K(43520K)
[1.591s][info][gc,heap     ] GC(1) ParOldGen: 32K(699392K)->40K(699392K)
[1.591s][info][gc,metaspace] GC(1) Metaspace: 8754K(8960K)->8754K(8960K) NonClass: 7918K(8000K)->7918K(8000K) Class: 835K(960K)->835K(960K)
[1.592s][info][gc          ] GC(1) Pause Young (Allocation Failure) 276M->37M(981M) 25.195ms
[1.592s][info][gc,cpu      ] GC(1) User=0.11s Sys=0.08s Real=0.03s
[1.809s][info][gc,start    ] GC(2) Pause Young (Allocation Failure)
[1.838s][info][gc,heap     ] GC(2) PSYoungGen: 300816K(305664K)->43505K(305664K) Eden: 262144K(262144K)->0K(262144K) From: 38672K(43520K)->43505K(43520K)
[1.838s][info][gc,heap     ] GC(2) ParOldGen: 40K(699392K)->13304K(699392K)
[1.838s][info][gc,metaspace] GC(2) Metaspace: 8757K(8960K)->8757K(8960K) NonClass: 7922K(8000K)->7922K(8000K) Class: 835K(960K)->835K(960K)
[1.838s][info][gc          ] GC(2) Pause Young (Allocation Failure) 293M->55M(981M) 29.445ms
[1.838s][info][gc,cpu      ] GC(2) User=0.17s Sys=0.02s Real=0.03s
[2.027s][info][gc,start    ] GC(3) Pause Young (Allocation Failure)
[2.063s][info][gc,heap     ] GC(3) PSYoungGen: 305649K(305664K)->43505K(305664K) Eden: 262144K(262144K)->0K(262144K) From: 43505K(43520K)->43505K(43520K)
[2.063s][info][gc,heap     ] GC(3) ParOldGen: 13304K(699392K)->29360K(699392K)
[2.063s][info][gc,metaspace] GC(3) Metaspace: 8762K(9024K)->8762K(9024K) NonClass: 7926K(8064K)->7926K(8064K) Class: 835K(960K)->835K(960K)
[2.063s][info][gc          ] GC(3) Pause Young (Allocation Failure) 311M->71M(981M) 36.070ms
[2.063s][info][gc,cpu      ] GC(3) User=0.14s Sys=0.05s Real=0.04s
[2.254s][info][gc,start    ] GC(4) Pause Young (Allocation Failure)
[2.288s][info][gc,heap     ] GC(4) PSYoungGen: 305649K(305664K)->43488K(305664K) Eden: 262144K(262144K)->0K(262144K) From: 43505K(43520K)->43488K(43520K)
[2.288s][info][gc,heap     ] GC(4) ParOldGen: 29360K(699392K)->47352K(699392K)
[2.288s][info][gc,metaspace] GC(4) Metaspace: 8789K(9088K)->8789K(9088K) NonClass: 7953K(8128K)->7953K(8128K) Class: 835K(960K)->835K(960K)
[2.288s][info][gc          ] GC(4) Pause Young (Allocation Failure) 327M->88M(981M) 33.822ms
[2.288s][info][gc,cpu      ] GC(4) User=0.17s Sys=0.02s Real=0.03s
[2.469s][info][gc,start    ] GC(5) Pause Young (Allocation Failure)
[2.503s][info][gc,heap     ] GC(5) PSYoungGen: 305632K(305664K)->43504K(225792K) Eden: 262144K(262144K)->0K(182272K) From: 43488K(43520K)->43504K(43520K)
[2.503s][info][gc,heap     ] GC(5) ParOldGen: 47352K(699392K)->64312K(699392K)
[2.503s][info][gc,metaspace] GC(5) Metaspace: 8820K(9088K)->8820K(9088K) NonClass: 7985K(8128K)->7985K(8128K) Class: 835K(960K)->835K(960K)
[2.503s][info][gc          ] GC(5) Pause Young (Allocation Failure) 344M->105M(903M) 33.803ms
[2.503s][info][gc,cpu      ] GC(5) User=0.19s Sys=0.00s Real=0.04s
[2.625s][info][gc,start    ] GC(6) Pause Young (Allocation Failure)
[2.656s][info][gc,heap     ] GC(6) PSYoungGen: 225776K(225792K)->40096K(265728K) Eden: 182272K(182272K)->0K(182272K) From: 43504K(43520K)->40096K(83456K)
[2.656s][info][gc,heap     ] GC(6) ParOldGen: 64312K(699392K)->79705K(699392K)
[2.656s][info][gc,metaspace] GC(6) Metaspace: 8820K(9088K)->8820K(9088K) NonClass: 7985K(8128K)->7985K(8128K) Class: 835K(960K)->835K(960K)
[2.656s][info][gc          ] GC(6) Pause Young (Allocation Failure) 283M->116M(942M) 30.289ms
[2.656s][info][gc,cpu      ] GC(6) User=0.17s Sys=0.02s Real=0.03s
[2.782s][info][gc,start    ] GC(7) Pause Young (Allocation Failure)
[2.807s][info][gc,heap     ] GC(7) PSYoungGen: 222368K(265728K)->40864K(270848K) Eden: 182272K(182272K)->0K(189952K) From: 40096K(83456K)->40864K(80896K)
[2.807s][info][gc,heap     ] GC(7) ParOldGen: 79705K(699392K)->90401K(699392K)
[2.807s][info][gc,metaspace] GC(7) Metaspace: 8835K(9088K)->8835K(9088K) NonClass: 8000K(8128K)->8000K(8128K) Class: 835K(960K)->835K(960K)
[2.807s][info][gc          ] GC(7) Pause Young (Allocation Failure) 294M->128M(947M) 25.498ms
[2.807s][info][gc,cpu      ] GC(7) User=0.19s Sys=0.00s Real=0.02s
[2.933s][info][gc,start    ] GC(8) Pause Young (Allocation Failure)
[2.959s][info][gc,heap     ] GC(8) PSYoungGen: 230816K(270848K)->35104K(268288K) Eden: 189952K(189952K)->0K(189952K) From: 40864K(80896K)->35104K(78336K)
[2.959s][info][gc,heap     ] GC(8) ParOldGen: 90401K(699392K)->107577K(699392K)
[2.959s][info][gc,metaspace] GC(8) Metaspace: 8838K(9088K)->8838K(9088K) NonClass: 8003K(8128K)->8003K(8128K) Class: 835K(960K)->835K(960K)
[2.959s][info][gc          ] GC(8) Pause Young (Allocation Failure) 313M->139M(945M) 25.852ms
[2.959s][info][gc,cpu      ] GC(8) User=0.09s Sys=0.00s Real=0.03s
[3.087s][info][gc,start    ] GC(9) Pause Young (Allocation Failure)
[3.110s][info][gc,heap     ] GC(9) PSYoungGen: 225056K(268288K)->24896K(270848K) Eden: 189952K(189952K)->0K(193536K) From: 35104K(78336K)->24896K(77312K)
[3.110s][info][gc,heap     ] GC(9) ParOldGen: 107577K(699392K)->130881K(699392K)
[3.110s][info][gc,metaspace] GC(9) Metaspace: 8846K(9088K)->8846K(9088K) NonClass: 8011K(8128K)->8011K(8128K) Class: 835K(960K)->835K(960K)
[3.110s][info][gc          ] GC(9) Pause Young (Allocation Failure) 324M->152M(947M) 22.515ms
[3.110s][info][gc,cpu      ] GC(9) User=0.11s Sys=0.02s Real=0.02s
[3.239s][info][gc,start    ] GC(10) Pause Young (Allocation Failure)
[3.260s][info][gc,heap     ] GC(10) PSYoungGen: 218432K(270848K)->12608K(206336K) Eden: 193536K(193536K)->0K(193536K) From: 24896K(77312K)->12608K(12800K)
[3.260s][info][gc,heap     ] GC(10) ParOldGen: 130881K(699392K)->154873K(699392K)
[3.260s][info][gc,metaspace] GC(10) Metaspace: 8846K(9088K)->8846K(9088K) NonClass: 8011K(8128K)->8011K(8128K) Class: 835K(960K)->835K(960K)
[3.260s][info][gc          ] GC(10) Pause Young (Allocation Failure) 341M->163M(884M) 20.192ms
[3.260s][info][gc,cpu      ] GC(10) User=0.19s Sys=0.00s Real=0.03s
[3.382s][info][gc,start    ] GC(11) Pause Young (Allocation Failure)
[3.396s][info][gc,heap     ] GC(11) PSYoungGen: 206144K(206336K)->11904K(267264K) Eden: 193536K(193536K)->0K(187392K) From: 12608K(12800K)->11904K(79872K)
[3.396s][info][gc,heap     ] GC(11) ParOldGen: 154873K(699392K)->167089K(699392K)
[3.396s][info][gc,metaspace] GC(11) Metaspace: 8846K(9088K)->8846K(9088K) NonClass: 8011K(8128K)->8011K(8128K) Class: 835K(960K)->835K(960K)
[3.396s][info][gc          ] GC(11) Pause Young (Allocation Failure) 352M->174M(944M) 13.882ms
[3.396s][info][gc,cpu      ] GC(11) User=0.09s Sys=0.00s Real=0.02s
[3.515s][info][gc,start    ] GC(12) Pause Young (Allocation Failure)
[3.528s][info][gc,heap     ] GC(12) PSYoungGen: 199296K(267264K)->11904K(268288K) Eden: 187392K(187392K)->0K(187392K) From: 11904K(79872K)->11904K(80896K)
[3.528s][info][gc,heap     ] GC(12) ParOldGen: 167089K(699392K)->178897K(699392K)
[3.528s][info][gc,metaspace] GC(12) Metaspace: 8847K(9088K)->8847K(9088K) NonClass: 8012K(8128K)->8012K(8128K) Class: 835K(960K)->835K(960K)
[3.528s][info][gc          ] GC(12) Pause Young (Allocation Failure) 357M->186M(945M) 13.308ms
[3.528s][info][gc,cpu      ] GC(12) User=0.08s Sys=0.02s Real=0.01s
[3.648s][info][gc,start    ] GC(13) Pause Young (Allocation Failure)
[3.664s][info][gc,heap     ] GC(13) PSYoungGen: 199296K(268288K)->13376K(269312K) Eden: 187392K(187392K)->0K(188416K) From: 11904K(80896K)->13376K(80896K)
[3.664s][info][gc,heap     ] GC(13) ParOldGen: 178897K(699392K)->190689K(699392K)
[3.664s][info][gc,metaspace] GC(13) Metaspace: 8847K(9088K)->8847K(9088K) NonClass: 8012K(8128K)->8012K(8128K) Class: 835K(960K)->835K(960K)
[3.664s][info][gc          ] GC(13) Pause Young (Allocation Failure) 369M->199M(946M) 15.304ms
[3.664s][info][gc,cpu      ] GC(13) User=0.09s Sys=0.00s Real=0.02s
[3.782s][info][gc,start    ] GC(14) Pause Young (Allocation Failure)
[3.795s][info][gc,heap     ] GC(14) PSYoungGen: 201792K(269312K)->11872K(268288K) Eden: 188416K(188416K)->0K(188416K) From: 13376K(80896K)->11872K(79872K)
[3.795s][info][gc,heap     ] GC(14) ParOldGen: 190689K(699392K)->202905K(699392K)
[3.795s][info][gc,metaspace] GC(14) Metaspace: 8850K(9088K)->8850K(9088K) NonClass: 8015K(8128K)->8015K(8128K) Class: 835K(960K)->835K(960K)
[3.795s][info][gc          ] GC(14) Pause Young (Allocation Failure) 383M->209M(945M) 12.902ms
[3.795s][info][gc,cpu      ] GC(14) User=0.06s Sys=0.03s Real=0.03s
[4.012s][info][gc,start    ] GC(15) Pause Young (Allocation Failure)
[4.028s][info][gc,heap     ] GC(15) PSYoungGen: 200288K(268288K)->12544K(271872K) Eden: 188416K(188416K)->0K(193024K) From: 11872K(79872K)->12544K(78848K)
[4.028s][info][gc,heap     ] GC(15) ParOldGen: 202905K(699392K)->214513K(699392K)
[4.028s][info][gc,metaspace] GC(15) Metaspace: 8902K(9152K)->8902K(9152K) NonClass: 8067K(8192K)->8067K(8192K) Class: 835K(960K)->835K(960K)
[4.028s][info][gc          ] GC(15) Pause Young (Allocation Failure) 393M->221M(948M) 15.794ms
[4.028s][info][gc,cpu      ] GC(15) User=0.09s Sys=0.00s Real=0.02s
[4.173s][info][gc,start    ] GC(16) Pause Young (Allocation Failure)
[4.183s][info][gc,heap     ] GC(16) PSYoungGen: 205568K(271872K)->9749K(270336K) Eden: 193024K(193024K)->0K(193024K) From: 12544K(78848K)->9749K(77312K)
[4.183s][info][gc,heap     ] GC(16) ParOldGen: 214513K(699392K)->221057K(699392K)
[4.183s][info][gc,metaspace] GC(16) Metaspace: 8904K(9152K)->8904K(9152K) NonClass: 8069K(8192K)->8069K(8192K) Class: 835K(960K)->835K(960K)
[4.183s][info][gc          ] GC(16) Pause Young (Allocation Failure) 410M->225M(947M) 10.011ms
[4.183s][info][gc,cpu      ] GC(16) User=0.09s Sys=0.00s Real=0.02s
[4.283s][info][gc,start    ] GC(17) Pause Young (Allocation Failure)
[4.298s][info][gc,heap     ] GC(17) PSYoungGen: 202773K(270336K)->13504K(275968K) Eden: 193024K(193024K)->0K(200192K) From: 9749K(77312K)->13504K(75776K)
[4.298s][info][gc,heap     ] GC(17) ParOldGen: 221057K(699392K)->230743K(699392K)
[4.298s][info][gc,metaspace] GC(17) Metaspace: 8904K(9152K)->8904K(9152K) NonClass: 8069K(8192K)->8069K(8192K) Class: 835K(960K)->835K(960K)
[4.298s][info][gc          ] GC(17) Pause Young (Allocation Failure) 413M->238M(952M) 15.238ms
[4.298s][info][gc,cpu      ] GC(17) User=0.09s Sys=0.00s Real=0.02s
[4.412s][info][gc,start    ] GC(18) Pause Young (Allocation Failure)
[4.417s][info][gc,heap     ] GC(18) PSYoungGen: 213696K(275968K)->3669K(273408K) Eden: 200192K(200192K)->0K(200192K) From: 13504K(75776K)->3669K(73216K)
[4.417s][info][gc,heap     ] GC(18) ParOldGen: 230743K(699392K)->236279K(699392K)
[4.417s][info][gc,metaspace] GC(18) Metaspace: 8906K(9152K)->8906K(9152K) NonClass: 8070K(8192K)->8070K(8192K) Class: 835K(960K)->835K(960K)
[4.417s][info][gc          ] GC(18) Pause Young (Allocation Failure) 434M->234M(950M) 4.610ms
[4.417s][info][gc,cpu      ] GC(18) User=0.08s Sys=0.02s Real=0.02s
[4.530s][info][gc,start    ] GC(19) Pause Young (Allocation Failure)
[4.535s][info][gc,heap     ] GC(19) PSYoungGen: 203861K(273408K)->6123K(278528K) Eden: 200192K(200192K)->0K(206336K) From: 3669K(73216K)->6123K(72192K)
[4.535s][info][gc,heap     ] GC(19) ParOldGen: 236279K(699392K)->239519K(699392K)
[4.535s][info][gc,metaspace] GC(19) Metaspace: 8906K(9152K)->8906K(9152K) NonClass: 8070K(8192K)->8070K(8192K) Class: 835K(960K)->835K(960K)
[4.535s][info][gc          ] GC(19) Pause Young (Allocation Failure) 429M->239M(955M) 4.636ms
[4.535s][info][gc,cpu      ] GC(19) User=0.00s Sys=0.00s Real=0.01s
[4.666s][info][gc,start    ] GC(20) Pause Young (Allocation Failure)
[4.677s][info][gc,heap     ] GC(20) PSYoungGen: 212459K(278528K)->13909K(276992K) Eden: 206336K(206336K)->0K(206336K) From: 6123K(72192K)->13909K(70656K)
[4.677s][info][gc,heap     ] GC(20) ParOldGen: 239519K(699392K)->245095K(699392K)
[4.677s][info][gc,metaspace] GC(20) Metaspace: 8906K(9152K)->8906K(9152K) NonClass: 8070K(8192K)->8070K(8192K) Class: 835K(960K)->835K(960K)
[4.677s][info][gc          ] GC(20) Pause Young (Allocation Failure) 441M->252M(953M) 11.733ms
[4.677s][info][gc,cpu      ] GC(20) User=0.00s Sys=0.00s Real=0.02s
[4.788s][info][gc,start    ] GC(21) Pause Young (Allocation Failure)
[4.804s][info][gc,heap     ] GC(21) PSYoungGen: 220245K(276992K)->14816K(285696K) Eden: 206336K(206336K)->0K(218624K) From: 13909K(70656K)->14816K(67072K)
[4.804s][info][gc,heap     ] GC(21) ParOldGen: 245095K(699392K)->258981K(699392K)
[4.804s][info][gc,metaspace] GC(21) Metaspace: 8906K(9152K)->8906K(9152K) NonClass: 8070K(8192K)->8070K(8192K) Class: 835K(960K)->835K(960K)
[4.804s][info][gc          ] GC(21) Pause Young (Allocation Failure) 454M->267M(962M) 16.481ms
[4.804s][info][gc,cpu      ] GC(21) User=0.08s Sys=0.02s Real=0.02s
[4.917s][info][gc,start    ] GC(22) Pause Young (Allocation Failure)
[4.934s][info][gc,heap     ] GC(22) PSYoungGen: 233440K(285696K)->15616K(282112K) Eden: 218624K(218624K)->0K(218624K) From: 14816K(67072K)->15616K(63488K)
[4.934s][info][gc,heap     ] GC(22) ParOldGen: 258981K(699392K)->273813K(699392K)
[4.934s][info][gc,metaspace] GC(22) Metaspace: 8906K(9152K)->8906K(9152K) NonClass: 8070K(8192K)->8070K(8192K) Class: 835K(960K)->835K(960K)
[4.934s][info][gc          ] GC(22) Pause Young (Allocation Failure) 480M->282M(958M) 17.090ms
[4.934s][info][gc,cpu      ] GC(22) User=0.08s Sys=0.00s Real=0.02s
[5.046s][info][gc,start    ] GC(23) Pause Young (Allocation Failure)
[5.063s][info][gc,heap     ] GC(23) PSYoungGen: 234240K(282112K)->15456K(292352K) Eden: 218624K(218624K)->0K(232448K) From: 15616K(63488K)->15456K(59904K)
[5.063s][info][gc,heap     ] GC(23) ParOldGen: 273813K(699392K)->289437K(699392K)
[5.063s][info][gc,metaspace] GC(23) Metaspace: 8906K(9152K)->8906K(9152K) NonClass: 8070K(8192K)->8070K(8192K) Class: 835K(960K)->835K(960K)
[5.063s][info][gc          ] GC(23) Pause Young (Allocation Failure) 496M->297M(968M) 17.867ms
[5.064s][info][gc,cpu      ] GC(23) User=0.08s Sys=0.02s Real=0.03s
[5.185s][info][gc,start    ] GC(24) Pause Young (Allocation Failure)
[5.202s][info][gc,heap     ] GC(24) PSYoungGen: 247904K(292352K)->16256K(289280K) Eden: 232448K(232448K)->0K(232448K) From: 15456K(59904K)->16256K(56832K)
[5.202s][info][gc,heap     ] GC(24) ParOldGen: 289437K(699392K)->304909K(699392K)
[5.202s][info][gc,metaspace] GC(24) Metaspace: 8906K(9152K)->8906K(9152K) NonClass: 8070K(8192K)->8070K(8192K) Class: 835K(960K)->835K(960K)
[5.202s][info][gc          ] GC(24) Pause Young (Allocation Failure) 524M->313M(965M) 17.255ms
[5.202s][info][gc,cpu      ] GC(24) User=0.08s Sys=0.00s Real=0.02s
[5.318s][info][gc,start    ] GC(25) Pause Young (Allocation Failure)
[5.335s][info][gc,heap     ] GC(25) PSYoungGen: 248704K(289280K)->16128K(298496K) Eden: 232448K(232448K)->0K(244736K) From: 16256K(56832K)->16128K(53760K)
[5.335s][info][gc,heap     ] GC(25) ParOldGen: 304909K(699392K)->321141K(699392K)
[5.335s][info][gc,metaspace] GC(25) Metaspace: 8906K(9152K)->8906K(9152K) NonClass: 8070K(8192K)->8070K(8192K) Class: 835K(960K)->835K(960K)
[5.335s][info][gc          ] GC(25) Pause Young (Allocation Failure) 540M->329M(974M) 17.635ms
[5.335s][info][gc,cpu      ] GC(25) User=0.09s Sys=0.00s Real=0.03s
[5.458s][info][gc,start    ] GC(26) Pause Young (Allocation Failure)
[5.475s][info][gc,heap     ] GC(26) PSYoungGen: 260864K(298496K)->16800K(295424K) Eden: 244736K(244736K)->0K(244736K) From: 16128K(53760K)->16800K(50688K)
[5.475s][info][gc,heap     ] GC(26) ParOldGen: 321141K(699392K)->337261K(699392K)
[5.475s][info][gc,metaspace] GC(26) Metaspace: 8906K(9152K)->8906K(9152K) NonClass: 8070K(8192K)->8070K(8192K) Class: 835K(960K)->835K(960K)
[5.475s][info][gc          ] GC(26) Pause Young (Allocation Failure) 568M->345M(971M) 17.776ms
[5.475s][info][gc,cpu      ] GC(26) User=0.08s Sys=0.02s Real=0.03s
[5.606s][info][gc,start    ] GC(27) Pause Young (Allocation Failure)
[5.618s][info][gc,heap     ] GC(27) PSYoungGen: 261536K(295424K)->4800K(301568K) Eden: 244736K(244736K)->0K(253440K) From: 16800K(50688K)->4800K(48128K)
[5.618s][info][gc,heap     ] GC(27) ParOldGen: 337261K(699392K)->354069K(699392K)
[5.618s][info][gc,metaspace] GC(27) Metaspace: 8906K(9152K)->8906K(9152K) NonClass: 8070K(8192K)->8070K(8192K) Class: 835K(960K)->835K(960K)
[5.618s][info][gc          ] GC(27) Pause Young (Allocation Failure) 584M->350M(977M) 11.454ms
[5.618s][info][gc,cpu      ] GC(27) User=0.00s Sys=0.00s Real=0.01s
[5.755s][info][gc,start    ] GC(28) Pause Young (Allocation Failure)
[5.758s][info][gc,heap     ] GC(28) PSYoungGen: 258240K(301568K)->2272K(301056K) Eden: 253440K(253440K)->0K(253440K) From: 4800K(48128K)->2272K(47616K)
[5.758s][info][gc,heap     ] GC(28) ParOldGen: 354069K(699392K)->358797K(699392K)
[5.758s][info][gc,metaspace] GC(28) Metaspace: 8906K(9152K)->8906K(9152K) NonClass: 8070K(8192K)->8070K(8192K) Class: 835K(960K)->835K(960K)
[5.758s][info][gc          ] GC(28) Pause Young (Allocation Failure) 597M->352M(977M) 3.799ms
[5.758s][info][gc,cpu      ] GC(28) User=0.00s Sys=0.00s Real=0.01s
[5.939s][info][gc,start    ] GC(29) Pause Young (Allocation Failure)
[5.947s][info][gc,heap     ] GC(29) PSYoungGen: 255712K(301056K)->12064K(304640K) Eden: 253440K(253440K)->0K(257536K) From: 2272K(47616K)->12064K(47104K)
[5.947s][info][gc,heap     ] GC(29) ParOldGen: 358797K(699392K)->360997K(699392K)
[5.947s][info][gc,metaspace] GC(29) Metaspace: 8921K(9152K)->8921K(9152K) NonClass: 8086K(8192K)->8086K(8192K) Class: 835K(960K)->835K(960K)
[5.947s][info][gc          ] GC(29) Pause Young (Allocation Failure) 600M->364M(980M) 7.679ms
[5.947s][info][gc,cpu      ] GC(29) User=0.09s Sys=0.00s Real=0.01s
[6.216s][info][gc,start    ] GC(30) Pause Young (Allocation Failure)
[6.222s][info][gc,heap     ] GC(30) PSYoungGen: 269600K(304640K)->7477K(302080K) Eden: 257536K(257536K)->0K(257536K) From: 12064K(47104K)->7477K(44544K)
[6.222s][info][gc,heap     ] GC(30) ParOldGen: 360997K(699392K)->367285K(699392K)
[6.223s][info][gc,metaspace] GC(30) Metaspace: 9062K(9280K)->9062K(9280K) NonClass: 8223K(8320K)->8223K(8320K) Class: 839K(960K)->839K(960K)
[6.223s][info][gc          ] GC(30) Pause Young (Allocation Failure) 615M->365M(978M) 6.759ms
[6.223s][info][gc,cpu      ] GC(30) User=0.00s Sys=0.00s Real=0.02s
[6.349s][info][gc,start    ] GC(31) Pause Young (Allocation Failure)
[6.366s][info][gc,heap     ] GC(31) PSYoungGen: 265013K(302080K)->23978K(305152K) Eden: 257536K(257536K)->0K(262144K) From: 7477K(44544K)->23978K(43008K)
[6.366s][info][gc,heap     ] GC(31) ParOldGen: 367285K(699392K)->374549K(699392K)
[6.366s][info][gc,metaspace] GC(31) Metaspace: 9063K(9280K)->9063K(9280K) NonClass: 8224K(8320K)->8224K(8320K) Class: 839K(960K)->839K(960K)
[6.366s][info][gc          ] GC(31) Pause Young (Allocation Failure) 617M->389M(981M) 16.735ms
[6.366s][info][gc,cpu      ] GC(31) User=0.09s Sys=0.00s Real=0.02s
[6.502s][info][gc,start    ] GC(32) Pause Young (Allocation Failure)
[6.509s][info][gc,heap     ] GC(32) PSYoungGen: 286122K(305152K)->8021K(305664K) Eden: 262144K(262144K)->0K(262144K) From: 23978K(43008K)->8021K(43520K)
[6.510s][info][gc,heap     ] GC(32) ParOldGen: 374549K(699392K)->379845K(699392K)
[6.510s][info][gc,metaspace] GC(32) Metaspace: 9063K(9280K)->9063K(9280K) NonClass: 8224K(8320K)->8224K(8320K) Class: 839K(960K)->839K(960K)
[6.510s][info][gc          ] GC(32) Pause Young (Allocation Failure) 645M->378M(981M) 7.838ms
[6.510s][info][gc,cpu      ] GC(32) User=0.09s Sys=0.00s Real=0.02s
[6.747s][info][gc,start    ] GC(33) Pause Young (Allocation Failure)
[6.761s][info][gc,heap     ] GC(33) PSYoungGen: 270165K(305664K)->19850K(307712K) Eden: 262144K(262144K)->0K(265728K) From: 8021K(43520K)->19850K(41984K)
[6.761s][info][gc,heap     ] GC(33) ParOldGen: 379845K(699392K)->387117K(699392K)
[6.761s][info][gc,metaspace] GC(33) Metaspace: 9064K(9280K)->9064K(9280K) NonClass: 8225K(8320K)->8225K(8320K) Class: 839K(960K)->839K(960K)
[6.761s][info][gc          ] GC(33) Pause Young (Allocation Failure) 634M->397M(983M) 14.104ms
[6.761s][info][gc,cpu      ] GC(33) User=0.05s Sys=0.05s Real=0.02s
[6.985s][info][gc,start    ] GC(34) Pause Young (Allocation Failure)
[6.995s][info][gc,heap     ] GC(34) PSYoungGen: 285578K(307712K)->14664K(307200K) Eden: 265728K(265728K)->0K(265728K) From: 19850K(41984K)->14664K(41472K)
[6.996s][info][gc,heap     ] GC(34) ParOldGen: 387117K(699392K)->391365K(699392K)
[6.996s][info][gc,metaspace] GC(34) Metaspace: 9077K(9344K)->9077K(9344K) NonClass: 8237K(8384K)->8237K(8384K) Class: 839K(960K)->839K(960K)
[6.996s][info][gc          ] GC(34) Pause Young (Allocation Failure) 656M->396M(983M) 10.266ms
[6.996s][info][gc,cpu      ] GC(34) User=0.05s Sys=0.05s Real=0.01s
[7.173s][info][gc,start    ] GC(35) Pause Young (Allocation Failure)
[7.182s][info][gc,heap     ] GC(35) PSYoungGen: 280392K(307200K)->11528K(312320K) Eden: 265728K(265728K)->0K(273408K) From: 14664K(41472K)->11528K(38912K)
[7.182s][info][gc,heap     ] GC(35) ParOldGen: 391365K(699392K)->397373K(699392K)
[7.182s][info][gc,metaspace] GC(35) Metaspace: 9084K(9344K)->9084K(9344K) NonClass: 8244K(8384K)->8244K(8384K) Class: 839K(960K)->839K(960K)
[7.182s][info][gc          ] GC(35) Pause Young (Allocation Failure) 656M->399M(988M) 8.955ms
[7.182s][info][gc,cpu      ] GC(35) User=0.09s Sys=0.00s Real=0.01s
[7.447s][info][gc,start    ] GC(36) Pause Young (Allocation Failure)
[7.456s][info][gc,heap     ] GC(36) PSYoungGen: 284936K(312320K)->11093K(310272K) Eden: 273408K(273408K)->0K(273408K) From: 11528K(38912K)->11093K(36864K)
[7.456s][info][gc,heap     ] GC(36) ParOldGen: 397373K(699392K)->402653K(699392K)
[7.456s][info][gc,metaspace] GC(36) Metaspace: 9097K(9344K)->9097K(9344K) NonClass: 8257K(8384K)->8257K(8384K) Class: 839K(960K)->839K(960K)
[7.456s][info][gc          ] GC(36) Pause Young (Allocation Failure) 666M->404M(986M) 8.589ms
[7.456s][info][gc,cpu      ] GC(36) User=0.00s Sys=0.00s Real=0.01s
[7.567s][info][gc,start    ] GC(37) Pause Young (Allocation Failure)
[7.590s][info][gc,heap     ] GC(37) PSYoungGen: 284501K(310272K)->31936K(304640K) Eden: 273408K(273408K)->0K(269312K) From: 11093K(36864K)->31936K(35328K)
[7.590s][info][gc,heap     ] GC(37) ParOldGen: 402653K(699392K)->413730K(699392K)
[7.590s][info][gc,metaspace] GC(37) Metaspace: 9097K(9344K)->9097K(9344K) NonClass: 8257K(8384K)->8257K(8384K) Class: 839K(960K)->839K(960K)
[7.590s][info][gc          ] GC(37) Pause Young (Allocation Failure) 671M->435M(980M) 22.478ms
[7.590s][info][gc,cpu      ] GC(37) User=0.19s Sys=0.00s Real=0.02s
[7.698s][info][gc,start    ] GC(38) Pause Young (Allocation Failure)
[7.728s][info][gc,heap     ] GC(38) PSYoungGen: 301248K(304640K)->30400K(300032K) Eden: 269312K(269312K)->0K(269312K) From: 31936K(35328K)->30400K(30720K)
[7.728s][info][gc,heap     ] GC(38) ParOldGen: 413730K(699392K)->445690K(699392K)
[7.728s][info][gc,metaspace] GC(38) Metaspace: 9097K(9344K)->9097K(9344K) NonClass: 8257K(8384K)->8257K(8384K) Class: 839K(960K)->839K(960K)
[7.728s][info][gc          ] GC(38) Pause Young (Allocation Failure) 698M->464M(976M) 30.398ms
[7.728s][info][gc,cpu      ] GC(38) User=0.09s Sys=0.00s Real=0.03s
[7.832s][info][gc,start    ] GC(39) Pause Young (Allocation Failure)
[7.860s][info][gc,heap     ] GC(39) PSYoungGen: 299712K(300032K)->29632K(303104K) Eden: 269312K(269312K)->0K(260096K) From: 30400K(30720K)->29632K(43008K)
[7.860s][info][gc,heap     ] GC(39) ParOldGen: 445690K(699392K)->476138K(699392K)
[7.860s][info][gc,metaspace] GC(39) Metaspace: 9097K(9344K)->9097K(9344K) NonClass: 8257K(8384K)->8257K(8384K) Class: 839K(960K)->839K(960K)
[7.860s][info][gc          ] GC(39) Pause Young (Allocation Failure) 727M->493M(979M) 28.008ms
[7.860s][info][gc,cpu      ] GC(39) User=0.17s Sys=0.02s Real=0.04s
[8.091s][info][gc,start    ] GC(40) Pause Young (Allocation Failure)
[8.114s][info][gc,heap     ] GC(40) PSYoungGen: 289728K(303104K)->35790K(295936K) Eden: 260096K(260096K)->0K(260096K) From: 29632K(43008K)->35790K(35840K)
[8.114s][info][gc,heap     ] GC(40) ParOldGen: 476138K(699392K)->505794K(699392K)
[8.114s][info][gc,metaspace] GC(40) Metaspace: 9121K(9344K)->9121K(9344K) NonClass: 8281K(8384K)->8281K(8384K) Class: 839K(960K)->839K(960K)
[8.114s][info][gc          ] GC(40) Pause Young (Allocation Failure) 747M->528M(972M) 22.845ms
[8.114s][info][gc,cpu      ] GC(40) User=0.08s Sys=0.00s Real=0.02s
[8.355s][info][gc,start    ] GC(41) Pause Young (Allocation Failure)
[8.376s][info][gc,heap     ] GC(41) PSYoungGen: 295886K(295936K)->32K(299520K) Eden: 260096K(260096K)->0K(250880K) From: 35790K(35840K)->32K(48640K)
[8.376s][info][gc,heap     ] GC(41) ParOldGen: 505794K(699392K)->541585K(699392K)
[8.376s][info][gc,metaspace] GC(41) Metaspace: 9121K(9344K)->9121K(9344K) NonClass: 8281K(8384K)->8281K(8384K) Class: 839K(960K)->839K(960K)
[8.376s][info][gc          ] GC(41) Pause Young (Allocation Failure) 782M->528M(975M) 21.095ms
[8.376s][info][gc,cpu      ] GC(41) User=0.08s Sys=0.02s Real=0.03s
[8.586s][info][gc,start    ] GC(42) Pause Young (Allocation Failure)
[8.588s][info][gc,heap     ] GC(42) PSYoungGen: 250912K(299520K)->928K(300032K) Eden: 250880K(250880K)->0K(250880K) From: 32K(48640K)->928K(49152K)
[8.588s][info][gc,heap     ] GC(42) ParOldGen: 541585K(699392K)->541585K(699392K)
[8.588s][info][gc,metaspace] GC(42) Metaspace: 9121K(9344K)->9121K(9344K) NonClass: 8281K(8384K)->8281K(8384K) Class: 839K(960K)->839K(960K)
[8.588s][info][gc          ] GC(42) Pause Young (Allocation Failure) 773M->529M(976M) 1.321ms
[8.588s][info][gc,cpu      ] GC(42) User=0.09s Sys=0.00s Real=0.00s
[8.766s][info][gc,start    ] GC(43) Pause Young (Allocation Failure)
[8.768s][info][gc,heap     ] GC(43) PSYoungGen: 251808K(300032K)->2208K(300544K) Eden: 250880K(250880K)->0K(251392K) From: 928K(49152K)->2208K(49152K)
[8.768s][info][gc,heap     ] GC(43) ParOldGen: 541585K(699392K)->542417K(699392K)
[8.768s][info][gc,metaspace] GC(43) Metaspace: 9121K(9344K)->9121K(9344K) NonClass: 8281K(8384K)->8281K(8384K) Class: 839K(960K)->839K(960K)
[8.768s][info][gc          ] GC(43) Pause Young (Allocation Failure) 774M->531M(976M) 2.424ms
[8.768s][info][gc,cpu      ] GC(43) User=0.00s Sys=0.00s Real=0.01s
[8.938s][info][gc,start    ] GC(44) Pause Young (Allocation Failure)
[8.941s][info][gc,heap     ] GC(44) PSYoungGen: 253600K(300544K)->2208K(300032K) Eden: 251392K(251392K)->0K(251392K) From: 2208K(49152K)->2208K(48640K)
[8.941s][info][gc,heap     ] GC(44) ParOldGen: 542417K(699392K)->544609K(699392K)
[8.941s][info][gc,metaspace] GC(44) Metaspace: 9121K(9344K)->9121K(9344K) NonClass: 8281K(8384K)->8281K(8384K) Class: 839K(960K)->839K(960K)
[8.941s][info][gc          ] GC(44) Pause Young (Allocation Failure) 777M->534M(976M) 2.977ms
[8.941s][info][gc,cpu      ] GC(44) User=0.00s Sys=0.00s Real=0.01s
[9.195s][info][gc,start    ] GC(45) Pause Young (Allocation Failure)
[9.213s][info][gc,heap     ] GC(45) PSYoungGen: 253600K(300032K)->27669K(297984K) Eden: 251392K(251392K)->0K(250880K) From: 2208K(48640K)->27669K(47104K)
[9.213s][info][gc,heap     ] GC(45) ParOldGen: 544609K(699392K)->546785K(699392K)
[9.213s][info][gc,metaspace] GC(45) Metaspace: 9124K(9344K)->9124K(9344K) NonClass: 8284K(8384K)->8284K(8384K) Class: 839K(960K)->839K(960K)
[9.213s][info][gc          ] GC(45) Pause Young (Allocation Failure) 779M->560M(974M) 17.455ms
[9.213s][info][gc,cpu      ] GC(45) User=0.19s Sys=0.00s Real=0.03s
[9.420s][info][gc,start    ] GC(46) Pause Young (Allocation Failure)
[9.449s][info][gc,heap     ] GC(46) PSYoungGen: 278549K(297984K)->28128K(279040K) Eden: 250880K(250880K)->0K(250880K) From: 27669K(47104K)->28128K(28160K)
[9.449s][info][gc,heap     ] GC(46) ParOldGen: 546785K(699392K)->574358K(699392K)
[9.449s][info][gc,metaspace] GC(46) Metaspace: 9124K(9344K)->9124K(9344K) NonClass: 8284K(8384K)->8284K(8384K) Class: 839K(960K)->839K(960K)
[9.449s][info][gc          ] GC(46) Pause Young (Allocation Failure) 805M->588M(955M) 28.696ms
[9.449s][info][gc,cpu      ] GC(46) User=0.14s Sys=0.03s Real=0.03s
[9.680s][info][gc,start    ] GC(47) Pause Young (Allocation Failure)
[9.709s][info][gc,heap     ] GC(47) PSYoungGen: 279008K(279040K)->27680K(297472K) Eden: 250880K(250880K)->0K(246784K) From: 28128K(28160K)->27680K(50688K)
[9.709s][info][gc,heap     ] GC(47) ParOldGen: 574358K(699392K)->602262K(699392K)
[9.709s][info][gc,metaspace] GC(47) Metaspace: 9124K(9344K)->9124K(9344K) NonClass: 8284K(8384K)->8284K(8384K) Class: 839K(960K)->839K(960K)
[9.709s][info][gc          ] GC(47) Pause Young (Allocation Failure) 833M->615M(973M) 29.054ms
[9.709s][info][gc,cpu      ] GC(47) User=0.19s Sys=0.00s Real=0.04s
[10.053s][info][gc,start    ] GC(48) Pause Young (Allocation Failure)
[10.081s][info][gc,heap     ] GC(48) PSYoungGen: 274464K(297472K)->39630K(286720K) Eden: 246784K(246784K)->0K(246784K) From: 27680K(50688K)->39630K(39936K)
[10.081s][info][gc,heap     ] GC(48) ParOldGen: 602262K(699392K)->629806K(699392K)
[10.081s][info][gc,metaspace] GC(48) Metaspace: 9124K(9344K)->9124K(9344K) NonClass: 8284K(8384K)->8284K(8384K) Class: 839K(960K)->839K(960K)
[10.081s][info][gc          ] GC(48) Pause Young (Allocation Failure) 856M->653M(963M) 28.238ms
[10.081s][info][gc,cpu      ] GC(48) User=0.19s Sys=0.00s Real=0.03s
[10.350s][info][gc,start    ] GC(49) Pause Young (Allocation Failure)
[10.374s][info][gc,heap     ] GC(49) PSYoungGen: 286414K(286720K)->64K(293376K) Eden: 246784K(246784K)->0K(237568K) From: 39630K(39936K)->64K(55808K)
[10.374s][info][gc,heap     ] GC(49) ParOldGen: 629806K(699392K)->669492K(699392K)
[10.374s][info][gc,metaspace] GC(49) Metaspace: 9124K(9344K)->9124K(9344K) NonClass: 8284K(8384K)->8284K(8384K) Class: 839K(960K)->839K(960K)
[10.375s][info][gc          ] GC(49) Pause Young (Allocation Failure) 894M->653M(969M) 24.994ms
[10.375s][info][gc,cpu      ] GC(49) User=0.16s Sys=0.03s Real=0.02s
[10.626s][info][gc,start    ] GC(50) Pause Full (Ergonomics)
[10.626s][info][gc,phases,start] GC(50) Marking Phase
[10.739s][info][gc,phases      ] GC(50) Marking Phase 112.956ms
[10.739s][info][gc,phases,start] GC(50) Summary Phase
[10.739s][info][gc,phases      ] GC(50) Summary Phase 0.035ms
[10.739s][info][gc,phases,start] GC(50) Adjust Roots
[10.742s][info][gc,phases      ] GC(50) Adjust Roots 2.573ms
[10.742s][info][gc,phases,start] GC(50) Compaction Phase
[10.913s][info][gc,phases      ] GC(50) Compaction Phase 171.216ms
[10.913s][info][gc,phases,start] GC(50) Post Compact
[10.916s][info][gc,phases      ] GC(50) Post Compact 2.958ms
[10.916s][info][gc,heap        ] GC(50) PSYoungGen: 237632K(293376K)->0K(293376K) Eden: 237568K(237568K)->0K(237568K) From: 64K(55808K)->0K(55808K)
[10.916s][info][gc,heap        ] GC(50) ParOldGen: 669492K(699392K)->508909K(699392K)
[10.916s][info][gc,metaspace   ] GC(50) Metaspace: 9124K(9344K)->9124K(9344K) NonClass: 8284K(8384K)->8284K(8384K) Class: 839K(960K)->839K(960K)
[10.916s][info][gc             ] GC(50) Pause Full (Ergonomics) 885M->496M(969M) 290.239ms
[10.916s][info][gc,cpu         ] GC(50) User=1.59s Sys=0.02s Real=0.29s
[11.152s][info][gc,start       ] GC(51) Pause Young (Allocation Failure)
[11.153s][info][gc,heap        ] GC(51) PSYoungGen: 237568K(293376K)->1696K(294400K) Eden: 237568K(237568K)->0K(238592K) From: 0K(55808K)->1696K(55808K)
[11.153s][info][gc,heap        ] GC(51) ParOldGen: 508909K(699392K)->508909K(699392K)
[11.153s][info][gc,metaspace   ] GC(51) Metaspace: 9124K(9344K)->9124K(9344K) NonClass: 8284K(8384K)->8284K(8384K) Class: 839K(960K)->839K(960K)
[11.153s][info][gc             ] GC(51) Pause Young (Allocation Failure) 728M->498M(970M) 1.527ms
[11.153s][info][gc,cpu         ] GC(51) User=0.00s Sys=0.00s Real=0.00s
[11.386s][info][gc,start       ] GC(52) Pause Young (Allocation Failure)
[11.388s][info][gc,heap        ] GC(52) PSYoungGen: 240288K(294400K)->1952K(293376K) Eden: 238592K(238592K)->0K(238592K) From: 1696K(55808K)->1952K(54784K)
[11.388s][info][gc,heap        ] GC(52) ParOldGen: 508909K(699392K)->510493K(699392K)
[11.388s][info][gc,metaspace   ] GC(52) Metaspace: 9124K(9344K)->9124K(9344K) NonClass: 8284K(8384K)->8284K(8384K) Class: 839K(960K)->839K(960K)
[11.388s][info][gc             ] GC(52) Pause Young (Allocation Failure) 731M->500M(969M) 2.101ms
[11.388s][info][gc,cpu         ] GC(52) User=0.00s Sys=0.00s Real=0.00s
[11.566s][info][gc,start       ] GC(53) Pause Young (System.gc())
[11.568s][info][gc,heap        ] GC(53) PSYoungGen: 193229K(293376K)->1568K(297472K) Eden: 191277K(238592K)->0K(244224K) From: 1952K(54784K)->1568K(53248K)
[11.568s][info][gc,heap        ] GC(53) ParOldGen: 510493K(699392K)->512181K(699392K)
[11.568s][info][gc,metaspace   ] GC(53) Metaspace: 9149K(9344K)->9149K(9344K) NonClass: 8305K(8384K)->8305K(8384K) Class: 843K(960K)->843K(960K)
[11.568s][info][gc             ] GC(53) Pause Young (System.gc()) 687M->501M(973M) 2.468ms
[11.568s][info][gc,cpu         ] GC(53) User=0.00s Sys=0.00s Real=0.01s
[11.569s][info][gc,start       ] GC(54) Pause Full (System.gc())
[11.569s][info][gc,phases,start] GC(54) Marking Phase
[11.663s][info][gc,phases      ] GC(54) Marking Phase 94.496ms
[11.663s][info][gc,phases,start] GC(54) Summary Phase
[11.663s][info][gc,phases      ] GC(54) Summary Phase 0.014ms
[11.663s][info][gc,phases,start] GC(54) Adjust Roots
[11.666s][info][gc,phases      ] GC(54) Adjust Roots 3.084ms
[11.666s][info][gc,phases,start] GC(54) Compaction Phase
[12.085s][info][gc,phases      ] GC(54) Compaction Phase 418.368ms
[12.085s][info][gc,phases,start] GC(54) Post Compact
[12.086s][info][gc,phases      ] GC(54) Post Compact 1.009ms
[12.086s][info][gc,heap        ] GC(54) PSYoungGen: 1568K(297472K)->0K(297472K) Eden: 0K(244224K)->0K(244224K) From: 1568K(53248K)->0K(53248K)
[12.086s][info][gc,heap        ] GC(54) ParOldGen: 512181K(699392K)->450914K(699392K)
[12.086s][info][gc,metaspace   ] GC(54) Metaspace: 9149K(9344K)->9149K(9344K) NonClass: 8305K(8384K)->8305K(8384K) Class: 843K(960K)->843K(960K)
[12.086s][info][gc             ] GC(54) Pause Full (System.gc()) 501M->440M(973M) 517.203ms
[12.086s][info][gc,cpu         ] GC(54) User=3.02s Sys=0.00s Real=0.51s
[12.495s][info][gc,start       ] GC(55) Pause Young (Allocation Failure)
[12.499s][info][gc,heap        ] GC(55) PSYoungGen: 244224K(297472K)->6816K(295936K) Eden: 244224K(244224K)->0K(244224K) From: 0K(53248K)->6816K(51712K)
[12.499s][info][gc,heap        ] GC(55) ParOldGen: 450914K(699392K)->450922K(699392K)
[12.499s][info][gc,metaspace   ] GC(55) Metaspace: 10020K(10240K)->10020K(10240K) NonClass: 9140K(9280K)->9140K(9280K) Class: 879K(960K)->879K(960K)
[12.499s][info][gc             ] GC(55) Pause Young (Allocation Failure) 678M->447M(972M) 3.981ms
[12.499s][info][gc,cpu         ] GC(55) User=0.00s Sys=0.00s Real=0.00s
[12.747s][info][gc,start       ] GC(56) Pause Young (Allocation Failure)
[12.754s][info][gc,heap        ] GC(56) PSYoungGen: 251040K(295936K)->6656K(302592K) Eden: 244224K(244224K)->0K(253440K) From: 6816K(51712K)->6656K(49152K)
[12.754s][info][gc,heap        ] GC(56) ParOldGen: 450922K(699392K)->455428K(699392K)
[12.754s][info][gc,metaspace   ] GC(56) Metaspace: 10058K(10240K)->10058K(10240K) NonClass: 9179K(9280K)->9179K(9280K) Class: 879K(960K)->879K(960K)
[12.754s][info][gc             ] GC(56) Pause Young (Allocation Failure) 685M->451M(978M) 7.056ms
[12.754s][info][gc,cpu         ] GC(56) User=0.00s Sys=0.00s Real=0.01s
[12.982s][info][gc,start       ] GC(57) Pause Young (Allocation Failure)
[12.987s][info][gc,heap        ] GC(57) PSYoungGen: 260096K(302592K)->6496K(300032K) Eden: 253440K(253440K)->0K(253440K) From: 6656K(49152K)->6496K(46592K)
[12.988s][info][gc,heap        ] GC(57) ParOldGen: 455428K(699392K)->459636K(699392K)
[12.988s][info][gc,metaspace   ] GC(57) Metaspace: 10072K(10240K)->10072K(10240K) NonClass: 9192K(9280K)->9192K(9280K) Class: 879K(960K)->879K(960K)
[12.988s][info][gc             ] GC(57) Pause Young (Allocation Failure) 698M->455M(976M) 5.627ms
[12.988s][info][gc,cpu         ] GC(57) User=0.00s Sys=0.00s Real=0.00s
[13.216s][info][gc,start       ] GC(58) Pause Young (Allocation Failure)
[13.222s][info][gc,heap        ] GC(58) PSYoungGen: 259936K(300032K)->6368K(307200K) Eden: 253440K(253440K)->0K(263168K) From: 6496K(46592K)->6368K(44032K)
[13.223s][info][gc,heap        ] GC(58) ParOldGen: 459636K(699392K)->463676K(699392K)
[13.223s][info][gc,metaspace   ] GC(58) Metaspace: 10073K(10240K)->10073K(10240K) NonClass: 9194K(9280K)->9194K(9280K) Class: 879K(960K)->879K(960K)
[13.223s][info][gc             ] GC(58) Pause Young (Allocation Failure) 702M->459M(983M) 6.322ms
[13.223s][info][gc,cpu         ] GC(58) User=0.00s Sys=0.00s Real=0.01s
[13.434s][info][gc,start       ] GC(59) Pause Young (Allocation Failure)
[13.440s][info][gc,heap        ] GC(59) PSYoungGen: 269536K(307200K)->7040K(305152K) Eden: 263168K(263168K)->0K(263168K) From: 6368K(44032K)->7040K(41984K)
[13.441s][info][gc,heap        ] GC(59) ParOldGen: 463676K(699392K)->467900K(699392K)
[13.441s][info][gc,metaspace   ] GC(59) Metaspace: 10080K(10240K)->10080K(10240K) NonClass: 9200K(9280K)->9200K(9280K) Class: 879K(960K)->879K(960K)
[13.441s][info][gc             ] GC(59) Pause Young (Allocation Failure) 716M->463M(981M) 7.016ms
[13.441s][info][gc,cpu         ] GC(59) User=0.00s Sys=0.00s Real=0.01s
[13.624s][info][gc,start       ] GC(60) Pause Young (Allocation Failure)
[13.630s][info][gc,heap        ] GC(60) PSYoungGen: 270208K(305152K)->7200K(311808K) Eden: 263168K(263168K)->0K(272384K) From: 7040K(41984K)->7200K(39424K)
[13.630s][info][gc,heap        ] GC(60) ParOldGen: 467900K(699392K)->472420K(699392K)
[13.630s][info][gc,metaspace   ] GC(60) Metaspace: 10085K(10240K)->10085K(10240K) NonClass: 9205K(9280K)->9205K(9280K) Class: 879K(960K)->879K(960K)
[13.630s][info][gc             ] GC(60) Pause Young (Allocation Failure) 720M->468M(987M) 6.142ms
[13.630s][info][gc,cpu         ] GC(60) User=0.00s Sys=0.00s Real=0.01s
[13.809s][info][gc,start       ] GC(61) Pause Young (Allocation Failure)
[13.817s][info][gc,heap        ] GC(61) PSYoungGen: 279584K(311808K)->6688K(309760K) Eden: 272384K(272384K)->0K(272384K) From: 7200K(39424K)->6688K(37376K)
[13.817s][info][gc,heap        ] GC(61) ParOldGen: 472420K(699392K)->476804K(699392K)
[13.817s][info][gc,metaspace   ] GC(61) Metaspace: 10085K(10240K)->10085K(10240K) NonClass: 9206K(9280K)->9206K(9280K) Class: 879K(960K)->879K(960K)
[13.817s][info][gc             ] GC(61) Pause Young (Allocation Failure) 734M->472M(985M) 8.412ms
[13.817s][info][gc,cpu         ] GC(61) User=0.00s Sys=0.00s Real=0.01s
[13.992s][info][gc,start       ] GC(62) Pause Young (Allocation Failure)
[13.998s][info][gc,heap        ] GC(62) PSYoungGen: 279072K(309760K)->7104K(315904K) Eden: 272384K(272384K)->0K(280576K) From: 6688K(37376K)->7104K(35328K)
[13.998s][info][gc,heap        ] GC(62) ParOldGen: 476804K(699392K)->481252K(699392K)
[13.998s][info][gc,metaspace   ] GC(62) Metaspace: 10086K(10240K)->10086K(10240K) NonClass: 9206K(9280K)->9206K(9280K) Class: 879K(960K)->879K(960K)
[13.998s][info][gc             ] GC(62) Pause Young (Allocation Failure) 738M->476M(991M) 6.193ms
[13.998s][info][gc,cpu         ] GC(62) User=0.09s Sys=0.00s Real=0.01s
[14.177s][info][gc,start       ] GC(63) Pause Young (Allocation Failure)
[14.185s][info][gc,heap        ] GC(63) PSYoungGen: 287680K(315904K)->7488K(313856K) Eden: 280576K(280576K)->0K(280576K) From: 7104K(35328K)->7488K(33280K)
[14.185s][info][gc,heap        ] GC(63) ParOldGen: 481252K(699392K)->485860K(699392K)
[14.185s][info][gc,metaspace   ] GC(63) Metaspace: 10086K(10240K)->10086K(10240K) NonClass: 9207K(9280K)->9207K(9280K) Class: 879K(960K)->879K(960K)
[14.185s][info][gc             ] GC(63) Pause Young (Allocation Failure) 750M->481M(989M) 7.701ms
[14.185s][info][gc,cpu         ] GC(63) User=0.09s Sys=0.00s Real=0.01s
[14.353s][info][gc,start       ] GC(64) Pause Young (Allocation Failure)
[14.361s][info][gc,heap        ] GC(64) PSYoungGen: 288064K(313856K)->7424K(319488K) Eden: 280576K(280576K)->0K(288256K) From: 7488K(33280K)->7424K(31232K)
[14.361s][info][gc,heap        ] GC(64) ParOldGen: 485860K(699392K)->490732K(699392K)
[14.361s][info][gc,metaspace   ] GC(64) Metaspace: 10086K(10240K)->10086K(10240K) NonClass: 9207K(9280K)->9207K(9280K) Class: 879K(960K)->879K(960K)
[14.361s][info][gc             ] GC(64) Pause Young (Allocation Failure) 755M->486M(995M) 7.619ms
[14.361s][info][gc,cpu         ] GC(64) User=0.02s Sys=0.00s Real=0.01s
[14.531s][info][gc,start       ] GC(65) Pause Young (Allocation Failure)
[14.536s][info][gc,heap        ] GC(65) PSYoungGen: 295680K(319488K)->7328K(317952K) Eden: 288256K(288256K)->0K(288256K) From: 7424K(31232K)->7328K(29696K)
[14.537s][info][gc,heap        ] GC(65) ParOldGen: 490732K(699392K)->495316K(699392K)
[14.537s][info][gc,metaspace   ] GC(65) Metaspace: 10087K(10240K)->10087K(10240K) NonClass: 9207K(9280K)->9207K(9280K) Class: 879K(960K)->879K(960K)
[14.537s][info][gc             ] GC(65) Pause Young (Allocation Failure) 767M->490M(993M) 5.811ms
[14.537s][info][gc,cpu         ] GC(65) User=0.00s Sys=0.00s Real=0.00s
[14.694s][info][gc,start       ] GC(66) Pause Young (Allocation Failure)
[14.700s][info][gc,heap        ] GC(66) PSYoungGen: 295584K(317952K)->7392K(323072K) Eden: 288256K(288256K)->0K(295424K) From: 7328K(29696K)->7392K(27648K)
[14.700s][info][gc,heap        ] GC(66) ParOldGen: 495316K(699392K)->500100K(699392K)
[14.700s][info][gc,metaspace   ] GC(66) Metaspace: 10096K(10304K)->10096K(10304K) NonClass: 9215K(9344K)->9215K(9344K) Class: 880K(960K)->880K(960K)
[14.700s][info][gc             ] GC(66) Pause Young (Allocation Failure) 772M->495M(998M) 5.972ms
[14.700s][info][gc,cpu         ] GC(66) User=0.09s Sys=0.00s Real=0.01s
[14.860s][info][gc,start       ] GC(67) Pause Young (Allocation Failure)
[14.866s][info][gc,heap        ] GC(67) PSYoungGen: 302816K(323072K)->8000K(321536K) Eden: 295424K(295424K)->0K(295424K) From: 7392K(27648K)->8000K(26112K)
[14.867s][info][gc,heap        ] GC(67) ParOldGen: 500100K(699392K)->504828K(699392K)
[14.867s][info][gc,metaspace   ] GC(67) Metaspace: 10097K(10304K)->10097K(10304K) NonClass: 9217K(9344K)->9217K(9344K) Class: 880K(960K)->880K(960K)
[14.867s][info][gc             ] GC(67) Pause Young (Allocation Failure) 784M->500M(997M) 6.312ms
[14.867s][info][gc,cpu         ] GC(67) User=0.00s Sys=0.00s Real=0.01s
[15.025s][info][gc,start       ] GC(68) Pause Young (Allocation Failure)
[15.032s][info][gc,heap        ] GC(68) PSYoungGen: 303424K(321536K)->7584K(325632K) Eden: 295424K(295424K)->0K(301056K) From: 8000K(26112K)->7584K(24576K)
[15.032s][info][gc,heap        ] GC(68) ParOldGen: 504828K(699392K)->509940K(699392K)
[15.032s][info][gc,metaspace   ] GC(68) Metaspace: 10097K(10304K)->10097K(10304K) NonClass: 9217K(9344K)->9217K(9344K) Class: 880K(960K)->880K(960K)
[15.032s][info][gc             ] GC(68) Pause Young (Allocation Failure) 789M->505M(1001M) 7.441ms
[15.032s][info][gc,cpu         ] GC(68) User=0.03s Sys=0.00s Real=0.01s
[15.187s][info][gc,start       ] GC(69) Pause Young (Allocation Failure)
[15.193s][info][gc,heap        ] GC(69) PSYoungGen: 308640K(325632K)->7680K(324608K) Eden: 301056K(301056K)->0K(301056K) From: 7584K(24576K)->7680K(23552K)
[15.193s][info][gc,heap        ] GC(69) ParOldGen: 509940K(699392K)->514948K(699392K)
[15.193s][info][gc,metaspace   ] GC(69) Metaspace: 10097K(10304K)->10097K(10304K) NonClass: 9217K(9344K)->9217K(9344K) Class: 880K(960K)->880K(960K)
[15.193s][info][gc             ] GC(69) Pause Young (Allocation Failure) 799M->510M(1000M) 6.175ms
[15.193s][info][gc,cpu         ] GC(69) User=0.00s Sys=0.00s Real=0.01s
[15.347s][info][gc,start       ] GC(70) Pause Young (Allocation Failure)
[15.355s][info][gc,heap        ] GC(70) PSYoungGen: 308736K(324608K)->7840K(328192K) Eden: 301056K(301056K)->0K(306176K) From: 7680K(23552K)->7840K(22016K)
[15.355s][info][gc,heap        ] GC(70) ParOldGen: 514948K(699392K)->520060K(699392K)
[15.355s][info][gc,metaspace   ] GC(70) Metaspace: 10097K(10304K)->10097K(10304K) NonClass: 9217K(9344K)->9217K(9344K) Class: 880K(960K)->880K(960K)
[15.355s][info][gc             ] GC(70) Pause Young (Allocation Failure) 804M->515M(1003M) 8.159ms
[15.355s][info][gc,cpu         ] GC(70) User=0.09s Sys=0.00s Real=0.01s
[15.515s][info][gc,start       ] GC(71) Pause Young (Allocation Failure)
[15.522s][info][gc,heap        ] GC(71) PSYoungGen: 314016K(328192K)->8160K(327168K) Eden: 306176K(306176K)->0K(306176K) From: 7840K(22016K)->8160K(20992K)
[15.522s][info][gc,heap        ] GC(71) ParOldGen: 520060K(699392K)->525084K(699392K)
[15.522s][info][gc,metaspace   ] GC(71) Metaspace: 10097K(10304K)->10097K(10304K) NonClass: 9217K(9344K)->9217K(9344K) Class: 880K(960K)->880K(960K)
[15.522s][info][gc             ] GC(71) Pause Young (Allocation Failure) 814M->520M(1002M) 6.485ms
[15.522s][info][gc,cpu         ] GC(71) User=0.00s Sys=0.00s Real=0.01s
[15.676s][info][gc,start       ] GC(72) Pause Young (Allocation Failure)
[15.683s][info][gc,heap        ] GC(72) PSYoungGen: 314336K(327168K)->7840K(330240K) Eden: 306176K(306176K)->0K(310272K) From: 8160K(20992K)->7840K(19968K)
[15.683s][info][gc,heap        ] GC(72) ParOldGen: 525084K(699392K)->530236K(699392K)
[15.683s][info][gc,metaspace   ] GC(72) Metaspace: 10097K(10304K)->10097K(10304K) NonClass: 9217K(9344K)->9217K(9344K) Class: 880K(960K)->880K(960K)
[15.683s][info][gc             ] GC(72) Pause Young (Allocation Failure) 819M->525M(1005M) 7.665ms
[15.683s][info][gc,cpu         ] GC(72) User=0.09s Sys=0.00s Real=0.01s
[15.843s][info][gc,start       ] GC(73) Pause Young (Allocation Failure)
[15.851s][info][gc,heap        ] GC(73) PSYoungGen: 318112K(330240K)->7872K(329216K) Eden: 310272K(310272K)->0K(310272K) From: 7840K(19968K)->7872K(18944K)
[15.851s][info][gc,heap        ] GC(73) ParOldGen: 530236K(699392K)->535340K(699392K)
[15.851s][info][gc,metaspace   ] GC(73) Metaspace: 10098K(10304K)->10098K(10304K) NonClass: 9217K(9344K)->9217K(9344K) Class: 880K(960K)->880K(960K)
[15.851s][info][gc             ] GC(73) Pause Young (Allocation Failure) 828M->530M(1004M) 7.965ms
[15.851s][info][gc,cpu         ] GC(73) User=0.00s Sys=0.00s Real=0.01s
[16.002s][info][gc,start       ] GC(74) Pause Young (Allocation Failure)
[16.010s][info][gc,heap        ] GC(74) PSYoungGen: 318144K(329216K)->8032K(332288K) Eden: 310272K(310272K)->0K(314368K) From: 7872K(18944K)->8032K(17920K)
[16.010s][info][gc,heap        ] GC(74) ParOldGen: 535340K(699392K)->540308K(699392K)
[16.010s][info][gc,metaspace   ] GC(74) Metaspace: 10098K(10304K)->10098K(10304K) NonClass: 9217K(9344K)->9217K(9344K) Class: 880K(960K)->880K(960K)
[16.010s][info][gc             ] GC(74) Pause Young (Allocation Failure) 833M->535M(1007M) 7.943ms
[16.010s][info][gc,cpu         ] GC(74) User=0.09s Sys=0.00s Real=0.01s
[16.136s][info][gc,start       ] GC(75) Pause Young (Allocation Failure)
[16.143s][info][gc,heap        ] GC(75) PSYoungGen: 322400K(332288K)->7776K(331264K) Eden: 314368K(314368K)->0K(314368K) From: 8032K(17920K)->7776K(16896K)
[16.143s][info][gc,heap        ] GC(75) ParOldGen: 540308K(699392K)->545460K(699392K)
[16.143s][info][gc,metaspace   ] GC(75) Metaspace: 10098K(10304K)->10098K(10304K) NonClass: 9217K(9344K)->9217K(9344K) Class: 880K(960K)->880K(960K)
[16.143s][info][gc             ] GC(75) Pause Young (Allocation Failure) 842M->540M(1006M) 6.777ms
[16.143s][info][gc,cpu         ] GC(75) User=0.00s Sys=0.00s Real=0.01s
[16.281s][info][gc,start       ] GC(76) Pause Young (Allocation Failure)
[16.289s][info][gc,heap        ] GC(76) PSYoungGen: 322144K(331264K)->7712K(333824K) Eden: 314368K(314368K)->0K(317440K) From: 7776K(16896K)->7712K(16384K)
[16.289s][info][gc,heap        ] GC(76) ParOldGen: 545460K(699392K)->550660K(699392K)
[16.289s][info][gc,metaspace   ] GC(76) Metaspace: 10098K(10304K)->10098K(10304K) NonClass: 9217K(9344K)->9217K(9344K) Class: 880K(960K)->880K(960K)
[16.289s][info][gc             ] GC(76) Pause Young (Allocation Failure) 847M->545M(1009M) 7.788ms
[16.289s][info][gc,cpu         ] GC(76) User=0.00s Sys=0.00s Real=0.01s
[16.416s][info][gc,start       ] GC(77) Pause Young (Allocation Failure)
[16.422s][info][gc,heap        ] GC(77) PSYoungGen: 325152K(333824K)->8096K(332800K) Eden: 317440K(317440K)->0K(317440K) From: 7712K(16384K)->8096K(15360K)
[16.422s][info][gc,heap        ] GC(77) ParOldGen: 550660K(699392K)->555556K(699392K)
[16.422s][info][gc,metaspace   ] GC(77) Metaspace: 10098K(10304K)->10098K(10304K) NonClass: 9217K(9344K)->9217K(9344K) Class: 880K(960K)->880K(960K)
[16.422s][info][gc             ] GC(77) Pause Young (Allocation Failure) 855M->550M(1008M) 6.344ms
[16.423s][info][gc,cpu         ] GC(77) User=0.00s Sys=0.00s Real=0.01s
[16.531s][info][gc,start       ] GC(78) Pause Young (Allocation Failure)
[16.537s][info][gc,heap        ] GC(78) PSYoungGen: 325536K(332800K)->7904K(334848K) Eden: 317440K(317440K)->0K(320000K) From: 8096K(15360K)->7904K(14848K)
[16.537s][info][gc,heap        ] GC(78) ParOldGen: 555556K(699392K)->560892K(699392K)
[16.537s][info][gc,metaspace   ] GC(78) Metaspace: 10098K(10304K)->10098K(10304K) NonClass: 9217K(9344K)->9217K(9344K) Class: 880K(960K)->880K(960K)
[16.537s][info][gc             ] GC(78) Pause Young (Allocation Failure) 860M->555M(1010M) 6.381ms
[16.537s][info][gc,cpu         ] GC(78) User=0.00s Sys=0.00s Real=0.01s
[16.647s][info][gc,start       ] GC(79) Pause Young (Allocation Failure)
[16.654s][info][gc,heap        ] GC(79) PSYoungGen: 327904K(334848K)->8032K(334336K) Eden: 320000K(320000K)->0K(320000K) From: 7904K(14848K)->8032K(14336K)
[16.654s][info][gc,heap        ] GC(79) ParOldGen: 560892K(699392K)->566076K(699392K)
[16.654s][info][gc,metaspace   ] GC(79) Metaspace: 10098K(10304K)->10098K(10304K) NonClass: 9217K(9344K)->9217K(9344K) Class: 880K(960K)->880K(960K)
[16.654s][info][gc             ] GC(79) Pause Young (Allocation Failure) 867M->560M(1009M) 6.401ms
[16.654s][info][gc,cpu         ] GC(79) User=0.09s Sys=0.00s Real=0.01s
[16.762s][info][gc,start       ] GC(80) Pause Young (Allocation Failure)
[16.768s][info][gc,heap        ] GC(80) PSYoungGen: 328032K(334336K)->7808K(335872K) Eden: 320000K(320000K)->0K(322048K) From: 8032K(14336K)->7808K(13824K)
[16.768s][info][gc,heap        ] GC(80) ParOldGen: 566076K(699392K)->571348K(699392K)
[16.769s][info][gc,metaspace   ] GC(80) Metaspace: 10098K(10304K)->10098K(10304K) NonClass: 9218K(9344K)->9218K(9344K) Class: 880K(960K)->880K(960K)
[16.769s][info][gc             ] GC(80) Pause Young (Allocation Failure) 873M->565M(1011M) 6.257ms
[16.769s][info][gc,cpu         ] GC(80) User=0.00s Sys=0.00s Real=0.01s
[16.882s][info][gc,start       ] GC(81) Pause Young (Allocation Failure)
[16.889s][info][gc,heap        ] GC(81) PSYoungGen: 329856K(335872K)->8000K(335360K) Eden: 322048K(322048K)->0K(322048K) From: 7808K(13824K)->8000K(13312K)
[16.889s][info][gc,heap        ] GC(81) ParOldGen: 571348K(699392K)->576452K(699392K)
[16.889s][info][gc,metaspace   ] GC(81) Metaspace: 10098K(10304K)->10098K(10304K) NonClass: 9218K(9344K)->9218K(9344K) Class: 880K(960K)->880K(960K)
[16.889s][info][gc             ] GC(81) Pause Young (Allocation Failure) 880M->570M(1010M) 6.543ms
[16.889s][info][gc,cpu         ] GC(81) User=0.09s Sys=0.00s Real=0.01s
[17.003s][info][gc,start       ] GC(82) Pause Young (Allocation Failure)
[17.010s][info][gc,heap        ] GC(82) PSYoungGen: 330048K(335360K)->7872K(336896K) Eden: 322048K(322048K)->0K(324096K) From: 8000K(13312K)->7872K(12800K)
[17.010s][info][gc,heap        ] GC(82) ParOldGen: 576452K(699392K)->581748K(699392K)
[17.010s][info][gc,metaspace   ] GC(82) Metaspace: 10098K(10304K)->10098K(10304K) NonClass: 9218K(9344K)->9218K(9344K) Class: 880K(960K)->880K(960K)
[17.010s][info][gc             ] GC(82) Pause Young (Allocation Failure) 885M->575M(1012M) 6.714ms
[17.010s][info][gc,cpu         ] GC(82) User=0.09s Sys=0.00s Real=0.01s
[17.125s][info][gc,start       ] GC(83) Pause Young (Allocation Failure)
[17.131s][info][gc,heap        ] GC(83) PSYoungGen: 331968K(336896K)->7904K(336384K) Eden: 324096K(324096K)->0K(324096K) From: 7872K(12800K)->7904K(12288K)
[17.132s][info][gc,heap        ] GC(83) ParOldGen: 581748K(699392K)->586852K(699392K)
[17.132s][info][gc,metaspace   ] GC(83) Metaspace: 10098K(10304K)->10098K(10304K) NonClass: 9218K(9344K)->9218K(9344K) Class: 880K(960K)->880K(960K)
[17.132s][info][gc             ] GC(83) Pause Young (Allocation Failure) 892M->580M(1011M) 6.353ms
[17.132s][info][gc,cpu         ] GC(83) User=0.00s Sys=0.00s Real=0.01s
[17.242s][info][gc,start       ] GC(84) Pause Young (Allocation Failure)
[17.248s][info][gc,heap        ] GC(84) PSYoungGen: 332000K(336384K)->8192K(337408K) Eden: 324096K(324096K)->0K(325632K) From: 7904K(12288K)->8192K(11776K)
[17.249s][info][gc,heap        ] GC(84) ParOldGen: 586852K(699392K)->591996K(699392K)
[17.249s][info][gc,metaspace   ] GC(84) Metaspace: 10098K(10304K)->10098K(10304K) NonClass: 9218K(9344K)->9218K(9344K) Class: 880K(960K)->880K(960K)
[17.249s][info][gc             ] GC(84) Pause Young (Allocation Failure) 897M->586M(1012M) 6.428ms
[17.249s][info][gc,cpu         ] GC(84) User=0.09s Sys=0.00s Real=0.01s
[17.363s][info][gc,start       ] GC(85) Pause Young (Allocation Failure)
[17.370s][info][gc,heap        ] GC(85) PSYoungGen: 333824K(337408K)->7968K(337408K) Eden: 325632K(325632K)->0K(325632K) From: 8192K(11776K)->7968K(11776K)
[17.370s][info][gc,heap        ] GC(85) ParOldGen: 591996K(699392K)->597332K(699392K)
[17.370s][info][gc,metaspace   ] GC(85) Metaspace: 10098K(10304K)->10098K(10304K) NonClass: 9218K(9344K)->9218K(9344K) Class: 880K(960K)->880K(960K)
[17.370s][info][gc             ] GC(85) Pause Young (Allocation Failure) 904M->591M(1012M) 7.659ms
[17.370s][info][gc,cpu         ] GC(85) User=0.09s Sys=0.00s Real=0.01s
[17.480s][info][gc,start       ] GC(86) Pause Young (Allocation Failure)
[17.487s][info][gc,heap        ] GC(86) PSYoungGen: 333600K(337408K)->7872K(337920K) Eden: 325632K(325632K)->0K(326656K) From: 7968K(11776K)->7872K(11264K)
[17.487s][info][gc,heap        ] GC(86) ParOldGen: 597332K(699392K)->602524K(699392K)
[17.487s][info][gc,metaspace   ] GC(86) Metaspace: 10098K(10304K)->10098K(10304K) NonClass: 9218K(9344K)->9218K(9344K) Class: 880K(960K)->880K(960K)
[17.487s][info][gc             ] GC(86) Pause Young (Allocation Failure) 909M->596M(1013M) 6.296ms
[17.487s][info][gc,cpu         ] GC(86) User=0.00s Sys=0.00s Real=0.01s
[17.599s][info][gc,start       ] GC(87) Pause Young (Allocation Failure)
[17.605s][info][gc,heap        ] GC(87) PSYoungGen: 334528K(337920K)->8128K(337920K) Eden: 326656K(326656K)->0K(326656K) From: 7872K(11264K)->8128K(11264K)
[17.605s][info][gc,heap        ] GC(87) ParOldGen: 602524K(699392K)->607652K(699392K)
[17.605s][info][gc,metaspace   ] GC(87) Metaspace: 10099K(10304K)->10099K(10304K) NonClass: 9218K(9344K)->9218K(9344K) Class: 880K(960K)->880K(960K)
[17.605s][info][gc             ] GC(87) Pause Young (Allocation Failure) 915M->601M(1013M) 6.411ms
[17.605s][info][gc,cpu         ] GC(87) User=0.09s Sys=0.00s Real=0.01s
[17.714s][info][gc,start       ] GC(88) Pause Young (Allocation Failure)
[17.721s][info][gc,heap        ] GC(88) PSYoungGen: 334784K(337920K)->7872K(338432K) Eden: 326656K(326656K)->0K(327680K) From: 8128K(11264K)->7872K(10752K)
[17.721s][info][gc,heap        ] GC(88) ParOldGen: 607652K(699392K)->613020K(699392K)
[17.721s][info][gc,metaspace   ] GC(88) Metaspace: 10099K(10304K)->10099K(10304K) NonClass: 9218K(9344K)->9218K(9344K) Class: 880K(960K)->880K(960K)
[17.721s][info][gc             ] GC(88) Pause Young (Allocation Failure) 920M->606M(1013M) 6.443ms
[17.721s][info][gc,cpu         ] GC(88) User=0.00s Sys=0.00s Real=0.01s
[17.828s][info][gc,start       ] GC(89) Pause Young (Allocation Failure)
[17.834s][info][gc,heap        ] GC(89) PSYoungGen: 335552K(338432K)->7936K(338432K) Eden: 327680K(327680K)->0K(327680K) From: 7872K(10752K)->7936K(10752K)
[17.834s][info][gc,heap        ] GC(89) ParOldGen: 613020K(699392K)->618204K(699392K)
[17.834s][info][gc,metaspace   ] GC(89) Metaspace: 10099K(10304K)->10099K(10304K) NonClass: 9218K(9344K)->9218K(9344K) Class: 880K(960K)->880K(960K)
[17.834s][info][gc             ] GC(89) Pause Young (Allocation Failure) 926M->611M(1013M) 6.376ms
[17.834s][info][gc,cpu         ] GC(89) User=0.00s Sys=0.00s Real=0.01s
[17.944s][info][gc,start       ] GC(90) Pause Young (Allocation Failure)
[17.950s][info][gc,heap        ] GC(90) PSYoungGen: 335616K(338432K)->7808K(338944K) Eden: 327680K(327680K)->0K(328704K) From: 7936K(10752K)->7808K(10240K)
[17.950s][info][gc,heap        ] GC(90) ParOldGen: 618204K(699392K)->623356K(699392K)
[17.950s][info][gc,metaspace   ] GC(90) Metaspace: 10099K(10304K)->10099K(10304K) NonClass: 9218K(9344K)->9218K(9344K) Class: 880K(960K)->880K(960K)
[17.951s][info][gc             ] GC(90) Pause Young (Allocation Failure) 931M->616M(1014M) 6.271ms
[17.951s][info][gc,cpu         ] GC(90) User=0.09s Sys=0.00s Real=0.01s
[18.061s][info][gc,start       ] GC(91) Pause Young (Allocation Failure)
[18.067s][info][gc,heap        ] GC(91) PSYoungGen: 336512K(338944K)->8128K(338944K) Eden: 328704K(328704K)->0K(328704K) From: 7808K(10240K)->8128K(10240K)
[18.067s][info][gc,heap        ] GC(91) ParOldGen: 623356K(699392K)->628316K(699392K)
[18.067s][info][gc,metaspace   ] GC(91) Metaspace: 10099K(10304K)->10099K(10304K) NonClass: 9218K(9344K)->9218K(9344K) Class: 880K(960K)->880K(960K)
[18.067s][info][gc             ] GC(91) Pause Young (Allocation Failure) 937M->621M(1014M) 6.450ms
[18.067s][info][gc,cpu         ] GC(91) User=0.00s Sys=0.00s Real=0.01s
[18.179s][info][gc,start       ] GC(92) Pause Young (Allocation Failure)
[18.185s][info][gc,heap        ] GC(92) PSYoungGen: 336832K(338944K)->7872K(339456K) Eden: 328704K(328704K)->0K(329216K) From: 8128K(10240K)->7872K(10240K)
[18.185s][info][gc,heap        ] GC(92) ParOldGen: 628316K(699392K)->633580K(699392K)
[18.185s][info][gc,metaspace   ] GC(92) Metaspace: 10099K(10304K)->10099K(10304K) NonClass: 9218K(9344K)->9218K(9344K) Class: 880K(960K)->880K(960K)
[18.185s][info][gc             ] GC(92) Pause Young (Allocation Failure) 942M->626M(1014M) 6.299ms
[18.185s][info][gc,cpu         ] GC(92) User=0.08s Sys=0.00s Real=0.01s
[18.300s][info][gc,start       ] GC(93) Pause Young (Allocation Failure)
[18.307s][info][gc,heap        ] GC(93) PSYoungGen: 337088K(339456K)->8256K(338944K) Eden: 329216K(329216K)->0K(329216K) From: 7872K(10240K)->8256K(9728K)
[18.307s][info][gc,heap        ] GC(93) ParOldGen: 633580K(699392K)->638764K(699392K)
[18.307s][info][gc,metaspace   ] GC(93) Metaspace: 10099K(10304K)->10099K(10304K) NonClass: 9218K(9344K)->9218K(9344K) Class: 880K(960K)->880K(960K)
[18.307s][info][gc             ] GC(93) Pause Young (Allocation Failure) 947M->631M(1014M) 6.743ms
[18.307s][info][gc,cpu         ] GC(93) User=0.09s Sys=0.00s Real=0.01s
[18.417s][info][gc,start       ] GC(94) Pause Young (Allocation Failure)
[18.424s][info][gc,heap        ] GC(94) PSYoungGen: 337472K(338944K)->8288K(339456K) Eden: 329216K(329216K)->0K(329728K) From: 8256K(9728K)->8288K(9728K)
[18.424s][info][gc,heap        ] GC(94) ParOldGen: 638764K(699392K)->644052K(699392K)
[18.424s][info][gc,metaspace   ] GC(94) Metaspace: 10099K(10304K)->10099K(10304K) NonClass: 9218K(9344K)->9218K(9344K) Class: 880K(960K)->880K(960K)
[18.424s][info][gc             ] GC(94) Pause Young (Allocation Failure) 953M->637M(1014M) 6.659ms
[18.424s][info][gc,cpu         ] GC(94) User=0.00s Sys=0.00s Real=0.01s
[18.553s][info][gc,start       ] GC(95) Pause Young (Allocation Failure)
[18.562s][info][gc,heap        ] GC(95) PSYoungGen: 338016K(339456K)->8512K(339456K) Eden: 329728K(329728K)->0K(329728K) From: 8288K(9728K)->8512K(9728K)
[18.562s][info][gc,heap        ] GC(95) ParOldGen: 644052K(699392K)->649420K(699392K)
[18.562s][info][gc,metaspace   ] GC(95) Metaspace: 10099K(10304K)->10099K(10304K) NonClass: 9218K(9344K)->9218K(9344K) Class: 880K(960K)->880K(960K)
[18.562s][info][gc             ] GC(95) Pause Young (Allocation Failure) 959M->642M(1014M) 8.243ms
[18.562s][info][gc,cpu         ] GC(95) User=0.09s Sys=0.00s Real=0.01s
[18.693s][info][gc,start       ] GC(96) Pause Young (Allocation Failure)
[18.700s][info][gc,heap        ] GC(96) PSYoungGen: 338240K(339456K)->8480K(339456K) Eden: 329728K(329728K)->0K(329728K) From: 8512K(9728K)->8480K(9728K)
[18.700s][info][gc,heap        ] GC(96) ParOldGen: 649420K(699392K)->655020K(699392K)
[18.700s][info][gc,metaspace   ] GC(96) Metaspace: 10099K(10304K)->10099K(10304K) NonClass: 9218K(9344K)->9218K(9344K) Class: 880K(960K)->880K(960K)
[18.700s][info][gc             ] GC(96) Pause Young (Allocation Failure) 964M->647M(1014M) 6.953ms
[18.700s][info][gc,cpu         ] GC(96) User=0.09s Sys=0.00s Real=0.01s
[18.833s][info][gc,start       ] GC(97) Pause Young (Allocation Failure)
[18.840s][info][gc,heap        ] GC(97) PSYoungGen: 338208K(339456K)->8288K(339456K) Eden: 329728K(329728K)->0K(329728K) From: 8480K(9728K)->8288K(9728K)
[18.841s][info][gc,heap        ] GC(97) ParOldGen: 655020K(699392K)->660412K(699392K)
[18.841s][info][gc,metaspace   ] GC(97) Metaspace: 10099K(10304K)->10099K(10304K) NonClass: 9218K(9344K)->9218K(9344K) Class: 880K(960K)->880K(960K)
[18.841s][info][gc             ] GC(97) Pause Young (Allocation Failure) 969M->653M(1014M) 7.607ms
[18.841s][info][gc,cpu         ] GC(97) User=0.09s Sys=0.00s Real=0.01s
[18.971s][info][gc,start       ] GC(98) Pause Young (Allocation Failure)
[18.977s][info][gc,heap        ] GC(98) PSYoungGen: 338016K(339456K)->8384K(339456K) Eden: 329728K(329728K)->0K(329728K) From: 8288K(9728K)->8384K(9728K)
[18.977s][info][gc,heap        ] GC(98) ParOldGen: 660412K(699392K)->665844K(699392K)
[18.977s][info][gc,metaspace   ] GC(98) Metaspace: 10099K(10304K)->10099K(10304K) NonClass: 9218K(9344K)->9218K(9344K) Class: 880K(960K)->880K(960K)
[18.977s][info][gc             ] GC(98) Pause Young (Allocation Failure) 975M->658M(1014M) 6.787ms
[18.977s][info][gc,cpu         ] GC(98) User=0.00s Sys=0.00s Real=0.01s
[19.088s][info][gc,start       ] GC(99) Pause Young (Allocation Failure)
[19.095s][info][gc,heap        ] GC(99) PSYoungGen: 338112K(339456K)->8288K(339456K) Eden: 329728K(329728K)->0K(329728K) From: 8384K(9728K)->8288K(9728K)
[19.095s][info][gc,heap        ] GC(99) ParOldGen: 665844K(699392K)->671372K(699392K)
[19.095s][info][gc,metaspace   ] GC(99) Metaspace: 10099K(10304K)->10099K(10304K) NonClass: 9218K(9344K)->9218K(9344K) Class: 880K(960K)->880K(960K)
[19.095s][info][gc             ] GC(99) Pause Young (Allocation Failure) 980M->663M(1014M) 6.841ms
[19.095s][info][gc,cpu         ] GC(99) User=0.00s Sys=0.00s Real=0.01s
[19.208s][info][gc,start       ] GC(100) Pause Young (Allocation Failure)
[19.215s][info][gc,heap        ] GC(100) PSYoungGen: 338016K(339456K)->8544K(339456K) Eden: 329728K(329728K)->0K(329728K) From: 8288K(9728K)->8544K(9728K)
[19.215s][info][gc,heap        ] GC(100) ParOldGen: 671372K(699392K)->676732K(699392K)
[19.215s][info][gc,metaspace   ] GC(100) Metaspace: 10099K(10304K)->10099K(10304K) NonClass: 9218K(9344K)->9218K(9344K) Class: 880K(960K)->880K(960K)
[19.215s][info][gc             ] GC(100) Pause Young (Allocation Failure) 985M->669M(1014M) 7.032ms
[19.215s][info][gc,cpu         ] GC(100) User=0.09s Sys=0.00s Real=0.01s
[19.325s][info][gc,start       ] GC(101) Pause Young (Allocation Failure)
[19.332s][info][gc,heap        ] GC(101) PSYoungGen: 338272K(339456K)->8064K(339456K) Eden: 329728K(329728K)->0K(329728K) From: 8544K(9728K)->8064K(9728K)
[19.332s][info][gc,heap        ] GC(101) ParOldGen: 676732K(699392K)->682276K(699392K)
[19.332s][info][gc,metaspace   ] GC(101) Metaspace: 10099K(10304K)->10099K(10304K) NonClass: 9218K(9344K)->9218K(9344K) Class: 880K(960K)->880K(960K)
[19.332s][info][gc             ] GC(101) Pause Young (Allocation Failure) 991M->674M(1014M) 6.820ms
[19.332s][info][gc,cpu         ] GC(101) User=0.00s Sys=0.00s Real=0.01s
[19.445s][info][gc,start       ] GC(102) Pause Young (Allocation Failure)
[19.452s][info][gc,heap        ] GC(102) PSYoungGen: 337792K(339456K)->8288K(339968K) Eden: 329728K(329728K)->0K(330240K) From: 8064K(9728K)->8288K(9728K)
[19.452s][info][gc,heap        ] GC(102) ParOldGen: 682276K(699392K)->687620K(699392K)
[19.452s][info][gc,metaspace   ] GC(102) Metaspace: 10099K(10304K)->10099K(10304K) NonClass: 9218K(9344K)->9218K(9344K) Class: 880K(960K)->880K(960K)
[19.452s][info][gc             ] GC(102) Pause Young (Allocation Failure) 996M->679M(1015M) 7.190ms
[19.452s][info][gc,cpu         ] GC(102) User=0.09s Sys=0.00s Real=0.01s
[19.568s][info][gc,start       ] GC(103) Pause Young (Allocation Failure)
[19.575s][info][gc,heap        ] GC(103) PSYoungGen: 338528K(339968K)->8352K(339456K) Eden: 330240K(330240K)->0K(330240K) From: 8288K(9728K)->8352K(9216K)
[19.575s][info][gc,heap        ] GC(103) ParOldGen: 687620K(699392K)->693044K(699392K)
[19.575s][info][gc,metaspace   ] GC(103) Metaspace: 10099K(10304K)->10099K(10304K) NonClass: 9218K(9344K)->9218K(9344K) Class: 880K(960K)->880K(960K)
[19.575s][info][gc             ] GC(103) Pause Young (Allocation Failure) 1002M->684M(1014M) 7.006ms
[19.575s][info][gc,cpu         ] GC(103) User=0.09s Sys=0.00s Real=0.01s
[19.687s][info][gc,start       ] GC(104) Pause Young (Allocation Failure)
[19.694s][info][gc,heap        ] GC(104) PSYoungGen: 338592K(339456K)->8320K(339968K) Eden: 330240K(330240K)->0K(330752K) From: 8352K(9216K)->8320K(9216K)
[19.694s][info][gc,heap        ] GC(104) ParOldGen: 693044K(699392K)->698460K(699392K)
[19.694s][info][gc,metaspace   ] GC(104) Metaspace: 10099K(10304K)->10099K(10304K) NonClass: 9218K(9344K)->9218K(9344K) Class: 880K(960K)->880K(960K)
[19.694s][info][gc             ] GC(104) Pause Young (Allocation Failure) 1007M->690M(1015M) 7.019ms
[19.694s][info][gc,cpu         ] GC(104) User=0.00s Sys=0.00s Real=0.01s
[19.803s][info][gc,start       ] GC(105) Pause Full (Ergonomics)
[19.803s][info][gc,phases,start] GC(105) Marking Phase
[19.927s][info][gc,phases      ] GC(105) Marking Phase 124.074ms
[19.927s][info][gc,phases,start] GC(105) Summary Phase
[19.927s][info][gc,phases      ] GC(105) Summary Phase 0.021ms
[19.927s][info][gc,phases,start] GC(105) Adjust Roots
[19.932s][info][gc,phases      ] GC(105) Adjust Roots 4.547ms
[19.932s][info][gc,phases,start] GC(105) Compaction Phase
[20.389s][info][gc,phases      ] GC(105) Compaction Phase 457.422ms
[20.389s][info][gc,phases,start] GC(105) Post Compact
[20.392s][info][gc,phases      ] GC(105) Post Compact 2.777ms
[20.392s][info][gc,heap        ] GC(105) PSYoungGen: 339072K(339968K)->0K(339968K) Eden: 330752K(330752K)->0K(330752K) From: 8320K(9216K)->0K(9216K)
[20.392s][info][gc,heap        ] GC(105) ParOldGen: 698460K(699392K)->546157K(699392K)
[20.392s][info][gc,metaspace   ] GC(105) Metaspace: 10099K(10304K)->10099K(10304K) NonClass: 9218K(9344K)->9218K(9344K) Class: 880K(960K)->880K(960K)
[20.392s][info][gc             ] GC(105) Pause Full (Ergonomics) 1013M->533M(1015M) 589.183ms
[20.392s][info][gc,cpu         ] GC(105) User=3.38s Sys=0.03s Real=0.58s
[20.508s][info][gc,start       ] GC(106) Pause Young (Allocation Failure)
[20.513s][info][gc,heap        ] GC(106) PSYoungGen: 330752K(339968K)->8320K(339968K) Eden: 330752K(330752K)->0K(330752K) From: 0K(9216K)->8320K(9216K)
[20.513s][info][gc,heap        ] GC(106) ParOldGen: 546157K(699392K)->546157K(699392K)
[20.513s][info][gc,metaspace   ] GC(106) Metaspace: 10099K(10304K)->10099K(10304K) NonClass: 9218K(9344K)->9218K(9344K) Class: 880K(960K)->880K(960K)
[20.513s][info][gc             ] GC(106) Pause Young (Allocation Failure) 856M->541M(1015M) 4.820ms
[20.513s][info][gc,cpu         ] GC(106) User=0.09s Sys=0.00s Real=0.00s
[20.623s][info][gc,start       ] GC(107) Pause Young (Allocation Failure)
[20.630s][info][gc,heap        ] GC(107) PSYoungGen: 339072K(339968K)->9216K(339968K) Eden: 330752K(330752K)->0K(330752K) From: 8320K(9216K)->9216K(9216K)
[20.630s][info][gc,heap        ] GC(107) ParOldGen: 546157K(699392K)->550493K(699392K)
[20.630s][info][gc,metaspace   ] GC(107) Metaspace: 10099K(10304K)->10099K(10304K) NonClass: 9218K(9344K)->9218K(9344K) Class: 880K(960K)->880K(960K)
[20.630s][info][gc             ] GC(107) Pause Young (Allocation Failure) 864M->546M(1015M) 6.751ms
[20.630s][info][gc,cpu         ] GC(107) User=0.00s Sys=0.00s Real=0.01s
[20.756s][info][gc,start       ] GC(108) Pause Young (Allocation Failure)
[20.764s][info][gc,heap        ] GC(108) PSYoungGen: 339968K(339968K)->8192K(335872K) Eden: 330752K(330752K)->0K(326656K) From: 9216K(9216K)->8192K(9216K)
[20.764s][info][gc,heap        ] GC(108) ParOldGen: 550493K(699392K)->559669K(699392K)
[20.764s][info][gc,metaspace   ] GC(108) Metaspace: 10099K(10304K)->10099K(10304K) NonClass: 9218K(9344K)->9218K(9344K) Class: 880K(960K)->880K(960K)
[20.764s][info][gc             ] GC(108) Pause Young (Allocation Failure) 869M->554M(1011M) 8.402ms
[20.764s][info][gc,cpu         ] GC(108) User=0.09s Sys=0.00s Real=0.01s
[20.932s][info][gc,start       ] GC(109) Pause Young (Allocation Failure)
[20.940s][info][gc,heap        ] GC(109) PSYoungGen: 334848K(335872K)->8064K(337920K) Eden: 326656K(326656K)->0K(326656K) From: 8192K(9216K)->8064K(11264K)
[20.940s][info][gc,heap        ] GC(109) ParOldGen: 559669K(699392K)->565197K(699392K)
[20.940s][info][gc,metaspace   ] GC(109) Metaspace: 10099K(10304K)->10099K(10304K) NonClass: 9218K(9344K)->9218K(9344K) Class: 880K(960K)->880K(960K)
[20.940s][info][gc             ] GC(109) Pause Young (Allocation Failure) 873M->559M(1013M) 8.536ms
[20.940s][info][gc,cpu         ] GC(109) User=0.02s Sys=0.00s Real=0.01s
[21.132s][info][gc,start       ] GC(110) Pause Young (Allocation Failure)
[21.139s][info][gc,heap        ] GC(110) PSYoungGen: 334720K(337920K)->8384K(338432K) Eden: 326656K(326656K)->0K(327680K) From: 8064K(11264K)->8384K(10752K)
[21.139s][info][gc,heap        ] GC(110) ParOldGen: 565197K(699392K)->570581K(699392K)
[21.139s][info][gc,metaspace   ] GC(110) Metaspace: 10099K(10304K)->10099K(10304K) NonClass: 9218K(9344K)->9218K(9344K) Class: 880K(960K)->880K(960K)
[21.139s][info][gc             ] GC(110) Pause Young (Allocation Failure) 878M->565M(1013M) 6.667ms
[21.139s][info][gc,cpu         ] GC(110) User=0.09s Sys=0.00s Real=0.00s
[21.335s][info][gc,start       ] GC(111) Pause Young (Allocation Failure)
[21.341s][info][gc,heap        ] GC(111) PSYoungGen: 336064K(338432K)->8288K(338432K) Eden: 327680K(327680K)->0K(327680K) From: 8384K(10752K)->8288K(10752K)
[21.341s][info][gc,heap        ] GC(111) ParOldGen: 570581K(699392K)->576213K(699392K)
[21.341s][info][gc,metaspace   ] GC(111) Metaspace: 10099K(10304K)->10099K(10304K) NonClass: 9218K(9344K)->9218K(9344K) Class: 880K(960K)->880K(960K)
[21.342s][info][gc             ] GC(111) Pause Young (Allocation Failure) 885M->570M(1013M) 6.801ms
[21.342s][info][gc,cpu         ] GC(111) User=0.09s Sys=0.00s Real=0.01s
[21.776s][info][gc,start       ] GC(112) Pause Young (Allocation Failure)
[21.801s][info][gc,heap        ] GC(112) PSYoungGen: 335968K(338432K)->10736K(316928K) Eden: 327680K(327680K)->0K(306176K) From: 8288K(10752K)->10736K(10752K)
[21.801s][info][gc,heap        ] GC(112) ParOldGen: 576213K(699392K)->604373K(699392K)
[21.801s][info][gc,metaspace   ] GC(112) Metaspace: 10233K(10496K)->10233K(10496K) NonClass: 9343K(9472K)->9343K(9472K) Class: 890K(1024K)->890K(1024K)
[21.801s][info][gc             ] GC(112) Pause Young (Allocation Failure) 890M->600M(992M) 25.191ms
[21.801s][info][gc,cpu         ] GC(112) User=0.09s Sys=0.00s Real=0.03s
[22.464s][info][gc,start       ] GC(113) Pause Young (Allocation Failure)
[22.497s][info][gc,heap        ] GC(113) PSYoungGen: 316912K(316928K)->21482K(327680K) Eden: 306176K(306176K)->0K(306176K) From: 10736K(10752K)->21482K(21504K)
[22.497s][info][gc,heap        ] GC(113) ParOldGen: 604373K(699392K)->634589K(699392K)
[22.497s][info][gc,metaspace   ] GC(113) Metaspace: 10233K(10496K)->10233K(10496K) NonClass: 9343K(9472K)->9343K(9472K) Class: 890K(1024K)->890K(1024K)
[22.497s][info][gc             ] GC(113) Pause Young (Allocation Failure) 899M->640M(1003M) 32.429ms
[22.497s][info][gc,cpu         ] GC(113) User=0.19s Sys=0.00s Real=0.03s
[22.875s][info][gc,start       ] GC(114) Pause Young (Allocation Failure)
[22.909s][info][gc,heap        ] GC(114) PSYoungGen: 327658K(327680K)->21504K(270336K) Eden: 306176K(306176K)->0K(248832K) From: 21482K(21504K)->21504K(21504K)
[22.910s][info][gc,heap        ] GC(114) ParOldGen: 634589K(699392K)->673287K(699392K)
[22.910s][info][gc,metaspace   ] GC(114) Metaspace: 10233K(10496K)->10233K(10496K) NonClass: 9343K(9472K)->9343K(9472K) Class: 890K(1024K)->890K(1024K)
[22.910s][info][gc             ] GC(114) Pause Young (Allocation Failure) 939M->678M(947M) 34.605ms
[22.910s][info][gc,cpu         ] GC(114) User=0.19s Sys=0.00s Real=0.04s
[23.203s][info][gc,start       ] GC(115) Pause Full (Ergonomics)
[23.204s][info][gc,phases,start] GC(115) Marking Phase
[23.361s][info][gc,phases      ] GC(115) Marking Phase 157.204ms
[23.361s][info][gc,phases,start] GC(115) Summary Phase
[23.361s][info][gc,phases      ] GC(115) Summary Phase 0.025ms
[23.361s][info][gc,phases,start] GC(115) Adjust Roots
[23.364s][info][gc,phases      ] GC(115) Adjust Roots 2.979ms
[23.364s][info][gc,phases,start] GC(115) Compaction Phase
[23.630s][info][gc,phases      ] GC(115) Compaction Phase 265.825ms
[23.630s][info][gc,phases,start] GC(115) Post Compact
[23.632s][info][gc,phases      ] GC(115) Post Compact 2.275ms
[23.632s][info][gc,heap        ] GC(115) PSYoungGen: 270336K(270336K)->0K(299008K) Eden: 248832K(248832K)->0K(248832K) From: 21504K(21504K)->0K(50176K)
[23.632s][info][gc,heap        ] GC(115) ParOldGen: 673287K(699392K)->676964K(699392K)
[23.632s][info][gc,metaspace   ] GC(115) Metaspace: 10233K(10496K)->10233K(10496K) NonClass: 9343K(9472K)->9343K(9472K) Class: 890K(1024K)->890K(1024K)
[23.632s][info][gc             ] GC(115) Pause Full (Ergonomics) 921M->661M(975M) 428.657ms
[23.632s][info][gc,cpu         ] GC(115) User=2.52s Sys=0.00s Real=0.44s
[23.921s][info][gc,start       ] GC(116) Pause Full (Ergonomics)
[23.921s][info][gc,phases,start] GC(116) Marking Phase
[24.097s][info][gc,phases      ] GC(116) Marking Phase 175.780ms
[24.097s][info][gc,phases,start] GC(116) Summary Phase
[24.097s][info][gc,phases      ] GC(116) Summary Phase 0.019ms
[24.097s][info][gc,phases,start] GC(116) Adjust Roots
[24.099s][info][gc,phases      ] GC(116) Adjust Roots 2.652ms
[24.099s][info][gc,phases,start] GC(116) Compaction Phase
[24.473s][info][gc,phases      ] GC(116) Compaction Phase 373.807ms
[24.473s][info][gc,phases,start] GC(116) Post Compact
[24.475s][info][gc,phases      ] GC(116) Post Compact 2.001ms
[24.475s][info][gc,heap        ] GC(116) PSYoungGen: 248832K(299008K)->4864K(299008K) Eden: 248832K(248832K)->4864K(248832K) From: 0K(50176K)->0K(50176K)
[24.475s][info][gc,heap        ] GC(116) ParOldGen: 676964K(699392K)->699373K(699392K)
[24.475s][info][gc,metaspace   ] GC(116) Metaspace: 10235K(10496K)->10235K(10496K) NonClass: 9345K(9472K)->9345K(9472K) Class: 890K(1024K)->890K(1024K)
[24.475s][info][gc             ] GC(116) Pause Full (Ergonomics) 904M->687M(975M) 554.602ms
[24.475s][info][gc,cpu         ] GC(116) User=3.25s Sys=0.00s Real=0.55s
[24.827s][info][gc,start       ] GC(117) Pause Full (Ergonomics)
[24.827s][info][gc,phases,start] GC(117) Marking Phase
[24.985s][info][gc,phases      ] GC(117) Marking Phase 157.868ms
[24.985s][info][gc,phases,start] GC(117) Summary Phase
[24.985s][info][gc,phases      ] GC(117) Summary Phase 0.029ms
[24.985s][info][gc,phases,start] GC(117) Adjust Roots
[24.988s][info][gc,phases      ] GC(117) Adjust Roots 2.558ms
[24.988s][info][gc,phases,start] GC(117) Compaction Phase
[25.238s][info][gc,phases      ] GC(117) Compaction Phase 249.751ms
[25.238s][info][gc,phases,start] GC(117) Post Compact
[25.240s][info][gc,phases      ] GC(117) Post Compact 1.761ms
[25.240s][info][gc,heap        ] GC(117) PSYoungGen: 248832K(299008K)->0K(299008K) Eden: 248832K(248832K)->0K(248832K) From: 0K(50176K)->0K(50176K)
[25.240s][info][gc,heap        ] GC(117) ParOldGen: 699373K(699392K)->687846K(699392K)
[25.240s][info][gc,metaspace   ] GC(117) Metaspace: 10236K(10496K)->10236K(10496K) NonClass: 9346K(9472K)->9346K(9472K) Class: 890K(1024K)->890K(1024K)
[25.240s][info][gc             ] GC(117) Pause Full (Ergonomics) 925M->671M(975M) 412.327ms
[25.240s][info][gc,cpu         ] GC(117) User=2.44s Sys=0.00s Real=0.41s
[25.623s][info][gc,start       ] GC(118) Pause Full (Ergonomics)
[25.623s][info][gc,phases,start] GC(118) Marking Phase
[25.773s][info][gc,phases      ] GC(118) Marking Phase 149.845ms
[25.773s][info][gc,phases,start] GC(118) Summary Phase
[25.773s][info][gc,phases      ] GC(118) Summary Phase 0.023ms
[25.773s][info][gc,phases,start] GC(118) Adjust Roots
[25.776s][info][gc,phases      ] GC(118) Adjust Roots 2.680ms
[25.776s][info][gc,phases,start] GC(118) Compaction Phase
[25.996s][info][gc,phases      ] GC(118) Compaction Phase 220.116ms
[25.996s][info][gc,phases,start] GC(118) Post Compact
[25.998s][info][gc,phases      ] GC(118) Post Compact 2.295ms
[25.998s][info][gc,heap        ] GC(118) PSYoungGen: 248832K(299008K)->0K(299008K) Eden: 248832K(248832K)->0K(248832K) From: 0K(50176K)->0K(50176K)
[25.998s][info][gc,heap        ] GC(118) ParOldGen: 687846K(699392K)->664817K(699392K)
[25.998s][info][gc,metaspace   ] GC(118) Metaspace: 10236K(10496K)->10236K(10496K) NonClass: 9346K(9472K)->9346K(9472K) Class: 890K(1024K)->890K(1024K)
[25.998s][info][gc             ] GC(118) Pause Full (Ergonomics) 914M->649M(975M) 375.344ms
[25.998s][info][gc,cpu         ] GC(118) User=2.16s Sys=0.02s Real=0.38s
[26.340s][info][gc,start       ] GC(119) Pause Young (Allocation Failure)
[26.342s][info][gc,heap        ] GC(119) PSYoungGen: 248832K(299008K)->4352K(299008K) Eden: 248832K(248832K)->0K(248832K) From: 0K(50176K)->4352K(50176K)
[26.343s][info][gc,heap        ] GC(119) ParOldGen: 664817K(699392K)->664817K(699392K)
[26.343s][info][gc,metaspace   ] GC(119) Metaspace: 10236K(10496K)->10236K(10496K) NonClass: 9346K(9472K)->9346K(9472K) Class: 890K(1024K)->890K(1024K)
[26.343s][info][gc             ] GC(119) Pause Young (Allocation Failure) 892M->653M(975M) 2.756ms
[26.343s][info][gc,cpu         ] GC(119) User=0.00s Sys=0.00s Real=0.02s
[26.670s][info][gc,start       ] GC(120) Pause Young (Allocation Failure)
[26.672s][info][gc,heap        ] GC(120) PSYoungGen: 253184K(299008K)->6176K(300544K) Eden: 248832K(248832K)->0K(250880K) From: 4352K(50176K)->6176K(49664K)
[26.672s][info][gc,heap        ] GC(120) ParOldGen: 664817K(699392K)->664817K(699392K)
[26.672s][info][gc,metaspace   ] GC(120) Metaspace: 10236K(10496K)->10236K(10496K) NonClass: 9346K(9472K)->9346K(9472K) Class: 890K(1024K)->890K(1024K)
[26.672s][info][gc             ] GC(120) Pause Young (Allocation Failure) 896M->655M(976M) 2.995ms
[26.673s][info][gc,cpu         ] GC(120) User=0.00s Sys=0.00s Real=0.01s
[26.935s][info][gc,start       ] GC(121) Pause Young (Allocation Failure)
[26.952s][info][gc,heap        ] GC(121) PSYoungGen: 257056K(300544K)->33968K(285184K) Eden: 250880K(250880K)->0K(250880K) From: 6176K(49664K)->33968K(34304K)
[26.952s][info][gc,heap        ] GC(121) ParOldGen: 664817K(699392K)->664817K(699392K)
[26.952s][info][gc,metaspace   ] GC(121) Metaspace: 10238K(10496K)->10238K(10496K) NonClass: 9348K(9472K)->9348K(9472K) Class: 890K(1024K)->890K(1024K)
[26.953s][info][gc             ] GC(121) Pause Young (Allocation Failure) 900M->682M(961M) 17.036ms
[26.953s][info][gc,cpu         ] GC(121) User=0.09s Sys=0.00s Real=0.02s
[27.244s][info][gc,start       ] GC(122) Pause Young (Allocation Failure)
[27.268s][info][gc,heap        ] GC(122) PSYoungGen: 284848K(285184K)->50848K(280064K) Eden: 250880K(250880K)->0K(228352K) From: 33968K(34304K)->50848K(51712K)
[27.268s][info][gc,heap        ] GC(122) ParOldGen: 664817K(699392K)->664817K(699392K)
[27.268s][info][gc,metaspace   ] GC(122) Metaspace: 10238K(10496K)->10238K(10496K) NonClass: 9348K(9472K)->9348K(9472K) Class: 890K(1024K)->890K(1024K)
[27.268s][info][gc             ] GC(122) Pause Young (Allocation Failure) 927M->698M(956M) 23.459ms
[27.268s][info][gc,cpu         ] GC(122) User=0.09s Sys=0.00s Real=0.02s
[27.475s][info][gc,start       ] GC(123) Pause Young (Allocation Failure)
[27.495s][info][gc,heap        ] GC(123) PSYoungGen: 279200K(280064K)->49834K(278528K) Eden: 228352K(228352K)->0K(228352K) From: 50848K(51712K)->49834K(50176K)
[27.495s][info][gc,heap        ] GC(123) ParOldGen: 664817K(699392K)->664817K(699392K)
[27.495s][info][gc,metaspace   ] GC(123) Metaspace: 10243K(10496K)->10243K(10496K) NonClass: 9353K(9472K)->9353K(9472K) Class: 890K(1024K)->890K(1024K)
[27.495s][info][gc             ] GC(123) Pause Young (Allocation Failure) 921M->697M(955M) 20.385ms
[27.495s][info][gc,cpu         ] GC(123) User=0.19s Sys=0.00s Real=0.03s
[27.635s][info][gc,start       ] GC(124) Pause Young (Allocation Failure)
[27.667s][info][gc,heap        ] GC(124) PSYoungGen: 278186K(278528K)->66538K(251904K) Eden: 228352K(228352K)->0K(185344K) From: 49834K(50176K)->66538K(66560K)
[27.667s][info][gc,heap        ] GC(124) ParOldGen: 664817K(699392K)->675465K(699392K)
[27.667s][info][gc,metaspace   ] GC(124) Metaspace: 10243K(10496K)->10243K(10496K) NonClass: 9353K(9472K)->9353K(9472K) Class: 890K(1024K)->890K(1024K)
[27.667s][info][gc             ] GC(124) Pause Young (Allocation Failure) 920M->724M(929M) 31.748ms
[27.667s][info][gc,cpu         ] GC(124) User=0.19s Sys=0.00s Real=0.04s
[27.779s][info][gc,start       ] GC(125) Pause Full (Ergonomics)
[27.779s][info][gc,phases,start] GC(125) Marking Phase
[27.889s][info][gc,phases      ] GC(125) Marking Phase 109.691ms
[27.889s][info][gc,phases,start] GC(125) Summary Phase
[27.889s][info][gc,phases      ] GC(125) Summary Phase 0.024ms
[27.889s][info][gc,phases,start] GC(125) Adjust Roots
[27.892s][info][gc,phases      ] GC(125) Adjust Roots 2.395ms
[27.892s][info][gc,phases,start] GC(125) Compaction Phase
[27.990s][info][gc,phases      ] GC(125) Compaction Phase 98.747ms
[27.990s][info][gc,phases,start] GC(125) Post Compact
[27.992s][info][gc,phases      ] GC(125) Post Compact 1.897ms
[27.992s][info][gc,heap        ] GC(125) PSYoungGen: 251882K(251904K)->0K(267264K) Eden: 185344K(185344K)->0K(185344K) From: 66538K(66560K)->0K(81920K)
[27.992s][info][gc,heap        ] GC(125) ParOldGen: 675465K(699392K)->521151K(699392K)
[27.992s][info][gc,metaspace   ] GC(125) Metaspace: 10243K(10496K)->10243K(10496K) NonClass: 9353K(9472K)->9353K(9472K) Class: 890K(1024K)->890K(1024K)
[27.992s][info][gc             ] GC(125) Pause Full (Ergonomics) 905M->508M(944M) 213.084ms
[27.992s][info][gc,cpu         ] GC(125) User=1.22s Sys=0.00s Real=0.22s
[28.150s][info][gc,start       ] GC(126) Pause Young (Allocation Failure)
[28.167s][info][gc,heap        ] GC(126) PSYoungGen: 185344K(267264K)->23488K(271360K) Eden: 185344K(185344K)->0K(189440K) From: 0K(81920K)->23488K(81920K)
[28.167s][info][gc,heap        ] GC(126) ParOldGen: 521151K(699392K)->521151K(699392K)
[28.167s][info][gc,metaspace   ] GC(126) Metaspace: 10243K(10496K)->10243K(10496K) NonClass: 9353K(9472K)->9353K(9472K) Class: 890K(1024K)->890K(1024K)
[28.167s][info][gc             ] GC(126) Pause Young (Allocation Failure) 689M->531M(948M) 16.638ms
[28.167s][info][gc,cpu         ] GC(126) User=0.09s Sys=0.00s Real=0.02s
[28.338s][info][gc,start       ] GC(127) Pause Young (Allocation Failure)
[28.360s][info][gc,heap        ] GC(127) PSYoungGen: 212928K(271360K)->46208K(267264K) Eden: 189440K(189440K)->0K(189440K) From: 23488K(81920K)->46208K(77824K)
[28.360s][info][gc,heap        ] GC(127) ParOldGen: 521151K(699392K)->521151K(699392K)
[28.360s][info][gc,metaspace   ] GC(127) Metaspace: 10243K(10496K)->10243K(10496K) NonClass: 9353K(9472K)->9353K(9472K) Class: 890K(1024K)->890K(1024K)
[28.360s][info][gc             ] GC(127) Pause Young (Allocation Failure) 716M->554M(944M) 22.326ms
[28.360s][info][gc,cpu         ] GC(127) User=0.08s Sys=0.00s Real=0.02s
[28.527s][info][gc,start       ] GC(128) Pause Young (Allocation Failure)
[28.554s][info][gc,heap        ] GC(128) PSYoungGen: 235648K(267264K)->68800K(251392K) Eden: 189440K(189440K)->0K(172032K) From: 46208K(77824K)->68800K(79360K)
[28.554s][info][gc,heap        ] GC(128) ParOldGen: 521151K(699392K)->521151K(699392K)
[28.554s][info][gc,metaspace   ] GC(128) Metaspace: 10243K(10496K)->10243K(10496K) NonClass: 9353K(9472K)->9353K(9472K) Class: 890K(1024K)->890K(1024K)
[28.554s][info][gc             ] GC(128) Pause Young (Allocation Failure) 739M->576M(928M) 26.611ms
[28.554s][info][gc,cpu         ] GC(128) User=0.09s Sys=0.00s Real=0.03s
[28.846s][info][gc,start       ] GC(129) Pause Young (Allocation Failure)
[28.864s][info][gc,heap        ] GC(129) PSYoungGen: 240832K(251392K)->69600K(241664K) Eden: 172032K(172032K)->0K(172032K) From: 68800K(79360K)->69600K(69632K)
[28.864s][info][gc,heap        ] GC(129) ParOldGen: 521151K(699392K)->521151K(699392K)
[28.864s][info][gc,metaspace   ] GC(129) Metaspace: 10243K(10496K)->10243K(10496K) NonClass: 9353K(9472K)->9353K(9472K) Class: 890K(1024K)->890K(1024K)
[28.864s][info][gc             ] GC(129) Pause Young (Allocation Failure) 744M->576M(919M) 18.553ms
[28.864s][info][gc,cpu         ] GC(129) User=0.09s Sys=0.00s Real=0.02s
[28.991s][info][gc,start       ] GC(130) Pause Young (Allocation Failure)
[29.008s][info][gc,heap        ] GC(130) PSYoungGen: 241632K(241664K)->63264K(246272K) Eden: 172032K(172032K)->0K(150528K) From: 69600K(69632K)->63264K(95744K)
[29.008s][info][gc,heap        ] GC(130) ParOldGen: 521151K(699392K)->521151K(699392K)
[29.008s][info][gc,metaspace   ] GC(130) Metaspace: 10243K(10496K)->10243K(10496K) NonClass: 9353K(9472K)->9353K(9472K) Class: 890K(1024K)->890K(1024K)
[29.008s][info][gc             ] GC(130) Pause Young (Allocation Failure) 744M->570M(923M) 16.168ms
[29.008s][info][gc,cpu         ] GC(130) User=0.09s Sys=0.00s Real=0.02s
[29.361s][info][gc,start       ] GC(131) Pause Young (System.gc())
[29.367s][info][gc,heap        ] GC(131) PSYoungGen: 182200K(246272K)->17933K(249856K) Eden: 118936K(150528K)->0K(150528K) From: 63264K(95744K)->17933K(99328K)
[29.367s][info][gc,heap        ] GC(131) ParOldGen: 521151K(699392K)->521151K(699392K)
[29.367s][info][gc,metaspace   ] GC(131) Metaspace: 10310K(10560K)->10310K(10560K) NonClass: 9419K(9536K)->9419K(9536K) Class: 891K(1024K)->891K(1024K)
[29.367s][info][gc             ] GC(131) Pause Young (System.gc()) 686M->526M(927M) 5.978ms
[29.367s][info][gc,cpu         ] GC(131) User=0.00s Sys=0.00s Real=0.01s
[29.367s][info][gc,start       ] GC(132) Pause Full (System.gc())
[29.367s][info][gc,phases,start] GC(132) Marking Phase
[29.456s][info][gc,phases      ] GC(132) Marking Phase 89.473ms
[29.456s][info][gc,phases,start] GC(132) Summary Phase
[29.456s][info][gc,phases      ] GC(132) Summary Phase 0.014ms
[29.456s][info][gc,phases,start] GC(132) Adjust Roots
[29.459s][info][gc,phases      ] GC(132) Adjust Roots 2.825ms
[29.459s][info][gc,phases,start] GC(132) Compaction Phase
[29.595s][info][gc,phases      ] GC(132) Compaction Phase 135.704ms
[29.595s][info][gc,phases,start] GC(132) Post Compact
[29.596s][info][gc,phases      ] GC(132) Post Compact 0.842ms
[29.596s][info][gc,heap        ] GC(132) PSYoungGen: 17933K(249856K)->0K(249856K) Eden: 0K(150528K)->0K(150528K) From: 17933K(99328K)->0K(99328K)
[29.596s][info][gc,heap        ] GC(132) ParOldGen: 521151K(699392K)->434416K(699392K)
[29.596s][info][gc,metaspace   ] GC(132) Metaspace: 10310K(10560K)->10310K(10560K) NonClass: 9419K(9536K)->9419K(9536K) Class: 891K(1024K)->891K(1024K)
[29.596s][info][gc             ] GC(132) Pause Full (System.gc()) 526M->424M(927M) 229.120ms
[29.596s][info][gc,cpu         ] GC(132) User=1.38s Sys=0.02s Real=0.23s
[29.688s][info][gc,start       ] GC(133) Pause Young (Allocation Failure)
[29.691s][info][gc,heap        ] GC(133) PSYoungGen: 150528K(249856K)->4544K(251904K) Eden: 150528K(150528K)->0K(154624K) From: 0K(99328K)->4544K(97280K)
[29.692s][info][gc,heap        ] GC(133) ParOldGen: 434416K(699392K)->434416K(699392K)
[29.692s][info][gc,metaspace   ] GC(133) Metaspace: 10399K(10624K)->10399K(10624K) NonClass: 9508K(9600K)->9508K(9600K) Class: 891K(1024K)->891K(1024K)
[29.692s][info][gc             ] GC(133) Pause Young (Allocation Failure) 571M->428M(929M) 3.209ms
[29.692s][info][gc,cpu         ] GC(133) User=0.00s Sys=0.00s Real=0.00s
[29.757s][info][gc,start       ] GC(134) Pause Young (Allocation Failure)
[29.761s][info][gc,heap        ] GC(134) PSYoungGen: 159168K(251904K)->7776K(251904K) Eden: 154624K(154624K)->0K(154624K) From: 4544K(97280K)->7776K(97280K)
[29.761s][info][gc,heap        ] GC(134) ParOldGen: 434416K(699392K)->434416K(699392K)
[29.761s][info][gc,metaspace   ] GC(134) Metaspace: 10400K(10624K)->10400K(10624K) NonClass: 9509K(9600K)->9509K(9600K) Class: 891K(1024K)->891K(1024K)
[29.761s][info][gc             ] GC(134) Pause Young (Allocation Failure) 579M->431M(929M) 3.695ms
[29.761s][info][gc,cpu         ] GC(134) User=0.09s Sys=0.00s Real=0.00s
[29.814s][info][gc,start       ] GC(135) Pause Young (Allocation Failure)
[29.818s][info][gc,heap        ] GC(135) PSYoungGen: 162400K(251904K)->10464K(256000K) Eden: 154624K(154624K)->0K(160256K) From: 7776K(97280K)->10464K(95744K)
[29.818s][info][gc,heap        ] GC(135) ParOldGen: 434416K(699392K)->434416K(699392K)
[29.818s][info][gc,metaspace   ] GC(135) Metaspace: 10400K(10624K)->10400K(10624K) NonClass: 9509K(9600K)->9509K(9600K) Class: 891K(1024K)->891K(1024K)
[29.818s][info][gc             ] GC(135) Pause Young (Allocation Failure) 582M->434M(933M) 4.273ms
[29.818s][info][gc,cpu         ] GC(135) User=0.00s Sys=0.00s Real=0.00s
[29.869s][info][gc,start       ] GC(136) Pause Young (Allocation Failure)
[29.874s][info][gc,heap        ] GC(136) PSYoungGen: 170720K(256000K)->12832K(253440K) Eden: 160256K(160256K)->0K(160256K) From: 10464K(95744K)->12832K(93184K)
[29.874s][info][gc,heap        ] GC(136) ParOldGen: 434416K(699392K)->434416K(699392K)
[29.874s][info][gc,metaspace   ] GC(136) Metaspace: 10400K(10624K)->10400K(10624K) NonClass: 9509K(9600K)->9509K(9600K) Class: 891K(1024K)->891K(1024K)
[29.874s][info][gc             ] GC(136) Pause Young (Allocation Failure) 590M->436M(930M) 4.903ms
[29.874s][info][gc,cpu         ] GC(136) User=0.00s Sys=0.00s Real=0.00s
[29.927s][info][gc,start       ] GC(137) Pause Young (Allocation Failure)
[29.932s][info][gc,heap        ] GC(137) PSYoungGen: 173088K(253440K)->15008K(263168K) Eden: 160256K(160256K)->0K(173056K) From: 12832K(93184K)->15008K(90112K)
[29.932s][info][gc,heap        ] GC(137) ParOldGen: 434416K(699392K)->434416K(699392K)
[29.932s][info][gc,metaspace   ] GC(137) Metaspace: 10400K(10624K)->10400K(10624K) NonClass: 9509K(9600K)->9509K(9600K) Class: 891K(1024K)->891K(1024K)
[29.932s][info][gc             ] GC(137) Pause Young (Allocation Failure) 593M->438M(940M) 5.309ms
[29.932s][info][gc,cpu         ] GC(137) User=0.02s Sys=0.00s Real=0.01s
[29.989s][info][gc,start       ] GC(138) Pause Young (Allocation Failure)
[29.994s][info][gc,heap        ] GC(138) PSYoungGen: 188064K(263168K)->17056K(259072K) Eden: 173056K(173056K)->0K(173056K) From: 15008K(90112K)->17056K(86016K)
[29.995s][info][gc,heap        ] GC(138) ParOldGen: 434416K(699392K)->434416K(699392K)
[29.995s][info][gc,metaspace   ] GC(138) Metaspace: 10400K(10624K)->10400K(10624K) NonClass: 9509K(9600K)->9509K(9600K) Class: 891K(1024K)->891K(1024K)
[29.995s][info][gc             ] GC(138) Pause Young (Allocation Failure) 607M->440M(936M) 5.943ms
[29.995s][info][gc,cpu         ] GC(138) User=0.08s Sys=0.00s Real=0.01s
[30.051s][info][gc,start       ] GC(139) Pause Young (Allocation Failure)
[30.057s][info][gc,heap        ] GC(139) PSYoungGen: 190112K(259072K)->18944K(271360K) Eden: 173056K(173056K)->0K(189440K) From: 17056K(86016K)->18944K(81920K)
[30.057s][info][gc,heap        ] GC(139) ParOldGen: 434416K(699392K)->434416K(699392K)
[30.057s][info][gc,metaspace   ] GC(139) Metaspace: 10400K(10624K)->10400K(10624K) NonClass: 9509K(9600K)->9509K(9600K) Class: 891K(1024K)->891K(1024K)
[30.057s][info][gc             ] GC(139) Pause Young (Allocation Failure) 609M->442M(948M) 6.175ms
[30.057s][info][gc,cpu         ] GC(139) User=0.09s Sys=0.00s Real=0.01s
[30.120s][info][gc,start       ] GC(140) Pause Young (Allocation Failure)
[30.127s][info][gc,heap        ] GC(140) PSYoungGen: 208384K(271360K)->21216K(267264K) Eden: 189440K(189440K)->0K(189440K) From: 18944K(81920K)->21216K(77824K)
[30.127s][info][gc,heap        ] GC(140) ParOldGen: 434416K(699392K)->434416K(699392K)
[30.127s][info][gc,metaspace   ] GC(140) Metaspace: 10400K(10624K)->10400K(10624K) NonClass: 9509K(9600K)->9509K(9600K) Class: 891K(1024K)->891K(1024K)
[30.127s][info][gc             ] GC(140) Pause Young (Allocation Failure) 627M->444M(944M) 7.320ms
[30.127s][info][gc,cpu         ] GC(140) User=0.00s Sys=0.00s Real=0.01s
[30.189s][info][gc,start       ] GC(141) Pause Young (Allocation Failure)
[30.197s][info][gc,heap        ] GC(141) PSYoungGen: 210656K(267264K)->23360K(280576K) Eden: 189440K(189440K)->0K(207360K) From: 21216K(77824K)->23360K(73216K)
[30.197s][info][gc,heap        ] GC(141) ParOldGen: 434416K(699392K)->434416K(699392K)
[30.197s][info][gc,metaspace   ] GC(141) Metaspace: 10400K(10624K)->10400K(10624K) NonClass: 9509K(9600K)->9509K(9600K) Class: 891K(1024K)->891K(1024K)
[30.197s][info][gc             ] GC(141) Pause Young (Allocation Failure) 629M->447M(957M) 8.256ms
[30.197s][info][gc,cpu         ] GC(141) User=0.09s Sys=0.00s Real=0.01s
[30.264s][info][gc,start       ] GC(142) Pause Young (Allocation Failure)
[30.272s][info][gc,heap        ] GC(142) PSYoungGen: 230720K(280576K)->25312K(275968K) Eden: 207360K(207360K)->0K(207360K) From: 23360K(73216K)->25312K(68608K)
[30.272s][info][gc,heap        ] GC(142) ParOldGen: 434416K(699392K)->434416K(699392K)
[30.272s][info][gc,metaspace   ] GC(142) Metaspace: 10400K(10624K)->10400K(10624K) NonClass: 9509K(9600K)->9509K(9600K) Class: 891K(1024K)->891K(1024K)
[30.272s][info][gc             ] GC(142) Pause Young (Allocation Failure) 649M->448M(952M) 8.206ms
[30.272s][info][gc,cpu         ] GC(142) User=0.00s Sys=0.00s Real=0.01s
[30.345s][info][gc,start       ] GC(143) Pause Young (Allocation Failure)
[30.354s][info][gc,heap        ] GC(143) PSYoungGen: 232672K(275968K)->27168K(287744K) Eden: 207360K(207360K)->0K(223232K) From: 25312K(68608K)->27168K(64512K)
[30.354s][info][gc,heap        ] GC(143) ParOldGen: 434416K(699392K)->434416K(699392K)
[30.354s][info][gc,metaspace   ] GC(143) Metaspace: 10400K(10624K)->10400K(10624K) NonClass: 9509K(9600K)->9509K(9600K) Class: 891K(1024K)->891K(1024K)
[30.354s][info][gc             ] GC(143) Pause Young (Allocation Failure) 651M->450M(964M) 8.613ms
[30.354s][info][gc,cpu         ] GC(143) User=0.09s Sys=0.00s Real=0.01s
[30.438s][info][gc,start       ] GC(144) Pause Young (Allocation Failure)
[30.449s][info][gc,heap        ] GC(144) PSYoungGen: 250400K(287744K)->29184K(284672K) Eden: 223232K(223232K)->0K(223232K) From: 27168K(64512K)->29184K(61440K)
[30.449s][info][gc,heap        ] GC(144) ParOldGen: 434416K(699392K)->434416K(699392K)
[30.449s][info][gc,metaspace   ] GC(144) Metaspace: 10400K(10624K)->10400K(10624K) NonClass: 9509K(9600K)->9509K(9600K) Class: 891K(1024K)->891K(1024K)
[30.449s][info][gc             ] GC(144) Pause Young (Allocation Failure) 668M->452M(961M) 10.589ms
[30.449s][info][gc,cpu         ] GC(144) User=0.09s Sys=0.00s Real=0.01s
[30.523s][info][gc,start       ] GC(145) Pause Young (Allocation Failure)
[30.532s][info][gc,heap        ] GC(145) PSYoungGen: 252416K(284672K)->31168K(291328K) Eden: 223232K(223232K)->0K(231936K) From: 29184K(61440K)->31168K(59392K)
[30.532s][info][gc,heap        ] GC(145) ParOldGen: 434416K(699392K)->434416K(699392K)
[30.532s][info][gc,metaspace   ] GC(145) Metaspace: 10400K(10624K)->10400K(10624K) NonClass: 9509K(9600K)->9509K(9600K) Class: 891K(1024K)->891K(1024K)
[30.532s][info][gc             ] GC(145) Pause Young (Allocation Failure) 670M->454M(967M) 9.635ms
[30.532s][info][gc,cpu         ] GC(145) User=0.09s Sys=0.00s Real=0.01s
[30.617s][info][gc,start       ] GC(146) Pause Young (Allocation Failure)
[30.627s][info][gc,heap        ] GC(146) PSYoungGen: 263104K(291328K)->33376K(289792K) Eden: 231936K(231936K)->0K(231936K) From: 31168K(59392K)->33376K(57856K)
[30.627s][info][gc,heap        ] GC(146) ParOldGen: 434416K(699392K)->434416K(699392K)
[30.627s][info][gc,metaspace   ] GC(146) Metaspace: 10400K(10624K)->10400K(10624K) NonClass: 9509K(9600K)->9509K(9600K) Class: 891K(1024K)->891K(1024K)
[30.627s][info][gc             ] GC(146) Pause Young (Allocation Failure) 681M->456M(966M) 10.373ms
[30.627s][info][gc,cpu         ] GC(146) User=0.08s Sys=0.02s Real=0.01s
[30.709s][info][gc,start       ] GC(147) Pause Young (Allocation Failure)
[30.720s][info][gc,heap        ] GC(147) PSYoungGen: 265312K(289792K)->35392K(290816K) Eden: 231936K(231936K)->0K(233472K) From: 33376K(57856K)->35392K(57344K)
[30.720s][info][gc,heap        ] GC(147) ParOldGen: 434416K(699392K)->434416K(699392K)
[30.720s][info][gc,metaspace   ] GC(147) Metaspace: 10401K(10624K)->10401K(10624K) NonClass: 9510K(9600K)->9510K(9600K) Class: 891K(1024K)->891K(1024K)
[30.720s][info][gc             ] GC(147) Pause Young (Allocation Failure) 683M->458M(967M) 11.285ms
[30.720s][info][gc,cpu         ] GC(147) User=0.06s Sys=0.00s Real=0.01s
[30.796s][info][gc,start       ] GC(148) Pause Young (Allocation Failure)
[30.808s][info][gc,heap        ] GC(148) PSYoungGen: 268864K(290816K)->35680K(291328K) Eden: 233472K(233472K)->0K(233472K) From: 35392K(57344K)->35680K(57856K)
[30.808s][info][gc,heap        ] GC(148) ParOldGen: 434416K(699392K)->436032K(699392K)
[30.808s][info][gc,metaspace   ] GC(148) Metaspace: 10401K(10624K)->10401K(10624K) NonClass: 9510K(9600K)->9510K(9600K) Class: 891K(1024K)->891K(1024K)
[30.808s][info][gc             ] GC(148) Pause Young (Allocation Failure) 686M->460M(967M) 11.464ms
[30.808s][info][gc,cpu         ] GC(148) User=0.09s Sys=0.00s Real=0.01s
[30.886s][info][gc,start       ] GC(149) Pause Young (Allocation Failure)
[30.897s][info][gc,heap        ] GC(149) PSYoungGen: 269152K(291328K)->36288K(291328K) Eden: 233472K(233472K)->0K(233472K) From: 35680K(57856K)->36288K(57856K)
[30.897s][info][gc,heap        ] GC(149) ParOldGen: 436032K(699392K)->437344K(699392K)
[30.897s][info][gc,metaspace   ] GC(149) Metaspace: 10401K(10624K)->10401K(10624K) NonClass: 9510K(9600K)->9510K(9600K) Class: 891K(1024K)->891K(1024K)
[30.897s][info][gc             ] GC(149) Pause Young (Allocation Failure) 688M->462M(967M) 11.508ms
[30.897s][info][gc,cpu         ] GC(149) User=0.00s Sys=0.00s Real=0.01s
[30.976s][info][gc,start       ] GC(150) Pause Young (Allocation Failure)
[30.988s][info][gc,heap        ] GC(150) PSYoungGen: 269760K(291328K)->37088K(291328K) Eden: 233472K(233472K)->0K(233472K) From: 36288K(57856K)->37088K(57856K)
[30.988s][info][gc,heap        ] GC(150) ParOldGen: 437344K(699392K)->438752K(699392K)
[30.988s][info][gc,metaspace   ] GC(150) Metaspace: 10401K(10624K)->10401K(10624K) NonClass: 9510K(9600K)->9510K(9600K) Class: 891K(1024K)->891K(1024K)
[30.988s][info][gc             ] GC(150) Pause Young (Allocation Failure) 690M->464M(967M) 11.799ms
[30.988s][info][gc,cpu         ] GC(150) User=0.09s Sys=0.00s Real=0.01s
[31.079s][info][gc,start       ] GC(151) Pause Young (Allocation Failure)
[31.091s][info][gc,heap        ] GC(151) PSYoungGen: 270560K(291328K)->37888K(291328K) Eden: 233472K(233472K)->0K(233472K) From: 37088K(57856K)->37888K(57856K)
[31.091s][info][gc,heap        ] GC(151) ParOldGen: 438752K(699392K)->440040K(699392K)
[31.091s][info][gc,metaspace   ] GC(151) Metaspace: 10401K(10624K)->10401K(10624K) NonClass: 9510K(9600K)->9510K(9600K) Class: 891K(1024K)->891K(1024K)
[31.091s][info][gc             ] GC(151) Pause Young (Allocation Failure) 692M->466M(967M) 12.171ms
[31.091s][info][gc,cpu         ] GC(151) User=0.09s Sys=0.00s Real=0.01s
[31.181s][info][gc,start       ] GC(152) Pause Young (Allocation Failure)
[31.195s][info][gc,heap        ] GC(152) PSYoungGen: 271360K(291328K)->38432K(291328K) Eden: 233472K(233472K)->0K(233472K) From: 37888K(57856K)->38432K(57856K)
[31.195s][info][gc,heap        ] GC(152) ParOldGen: 440040K(699392K)->441312K(699392K)
[31.195s][info][gc,metaspace   ] GC(152) Metaspace: 10401K(10624K)->10401K(10624K) NonClass: 9510K(9600K)->9510K(9600K) Class: 891K(1024K)->891K(1024K)
[31.195s][info][gc             ] GC(152) Pause Young (Allocation Failure) 694M->468M(967M) 13.681ms
[31.195s][info][gc,cpu         ] GC(152) User=0.00s Sys=0.00s Real=0.01s
[31.277s][info][gc,start       ] GC(153) Pause Young (Allocation Failure)
[31.290s][info][gc,heap        ] GC(153) PSYoungGen: 271904K(291328K)->38912K(290304K) Eden: 233472K(233472K)->0K(232448K) From: 38432K(57856K)->38912K(57856K)
[31.290s][info][gc,heap        ] GC(153) ParOldGen: 441312K(699392K)->442768K(699392K)
[31.290s][info][gc,metaspace   ] GC(153) Metaspace: 10402K(10624K)->10402K(10624K) NonClass: 9511K(9600K)->9511K(9600K) Class: 891K(1024K)->891K(1024K)
[31.290s][info][gc             ] GC(153) Pause Young (Allocation Failure) 696M->470M(966M) 12.410ms
[31.290s][info][gc,cpu         ] GC(153) User=0.00s Sys=0.00s Real=0.01s
[31.368s][info][gc,start       ] GC(154) Pause Young (Allocation Failure)
[31.381s][info][gc,heap        ] GC(154) PSYoungGen: 271360K(290304K)->39552K(290816K) Eden: 232448K(232448K)->0K(232448K) From: 38912K(57856K)->39552K(58368K)
[31.381s][info][gc,heap        ] GC(154) ParOldGen: 442768K(699392K)->444144K(699392K)
[31.381s][info][gc,metaspace   ] GC(154) Metaspace: 10402K(10624K)->10402K(10624K) NonClass: 9511K(9600K)->9511K(9600K) Class: 891K(1024K)->891K(1024K)
[31.381s][info][gc             ] GC(154) Pause Young (Allocation Failure) 697M->472M(967M) 12.892ms
[31.381s][info][gc,cpu         ] GC(154) User=0.09s Sys=0.00s Real=0.01s
[31.457s][info][gc,start       ] GC(155) Pause Young (Allocation Failure)
[31.470s][info][gc,heap        ] GC(155) PSYoungGen: 272000K(290816K)->39744K(290816K) Eden: 232448K(232448K)->0K(232448K) From: 39552K(58368K)->39744K(58368K)
[31.470s][info][gc,heap        ] GC(155) ParOldGen: 444144K(699392K)->445728K(699392K)
[31.470s][info][gc,metaspace   ] GC(155) Metaspace: 10402K(10624K)->10402K(10624K) NonClass: 9511K(9600K)->9511K(9600K) Class: 891K(1024K)->891K(1024K)
[31.470s][info][gc             ] GC(155) Pause Young (Allocation Failure) 699M->474M(967M) 12.408ms
[31.470s][info][gc,cpu         ] GC(155) User=0.09s Sys=0.00s Real=0.01s
[31.548s][info][gc,start       ] GC(156) Pause Young (Allocation Failure)
[31.561s][info][gc,heap        ] GC(156) PSYoungGen: 272192K(290816K)->40480K(290816K) Eden: 232448K(232448K)->0K(232448K) From: 39744K(58368K)->40480K(58368K)
[31.561s][info][gc,heap        ] GC(156) ParOldGen: 445728K(699392K)->447128K(699392K)
[31.561s][info][gc,metaspace   ] GC(156) Metaspace: 10402K(10624K)->10402K(10624K) NonClass: 9511K(9600K)->9511K(9600K) Class: 891K(1024K)->891K(1024K)
[31.561s][info][gc             ] GC(156) Pause Young (Allocation Failure) 701M->476M(967M) 12.732ms
[31.561s][info][gc,cpu         ] GC(156) User=0.09s Sys=0.00s Real=0.01s
[31.638s][info][gc,start       ] GC(157) Pause Young (Allocation Failure)
[31.651s][info][gc,heap        ] GC(157) PSYoungGen: 272928K(290816K)->40608K(290816K) Eden: 232448K(232448K)->0K(232448K) From: 40480K(58368K)->40608K(58368K)
[31.651s][info][gc,heap        ] GC(157) ParOldGen: 447128K(699392K)->448792K(699392K)
[31.651s][info][gc,metaspace   ] GC(157) Metaspace: 10402K(10624K)->10402K(10624K) NonClass: 9511K(9600K)->9511K(9600K) Class: 891K(1024K)->891K(1024K)
[31.651s][info][gc             ] GC(157) Pause Young (Allocation Failure) 703M->477M(967M) 12.709ms
[31.651s][info][gc,cpu         ] GC(157) User=0.09s Sys=0.00s Real=0.01s
[31.728s][info][gc,start       ] GC(158) Pause Young (Allocation Failure)
[31.741s][info][gc,heap        ] GC(158) PSYoungGen: 273056K(290816K)->40672K(290816K) Eden: 232448K(232448K)->0K(232448K) From: 40608K(58368K)->40672K(58368K)
[31.741s][info][gc,heap        ] GC(158) ParOldGen: 448792K(699392K)->450416K(699392K)
[31.741s][info][gc,metaspace   ] GC(158) Metaspace: 10402K(10624K)->10402K(10624K) NonClass: 9511K(9600K)->9511K(9600K) Class: 891K(1024K)->891K(1024K)
[31.741s][info][gc             ] GC(158) Pause Young (Allocation Failure) 704M->479M(967M) 12.608ms
[31.741s][info][gc,cpu         ] GC(158) User=0.00s Sys=0.00s Real=0.01s
[31.819s][info][gc,start       ] GC(159) Pause Young (Allocation Failure)
[31.831s][info][gc,heap        ] GC(159) PSYoungGen: 273120K(290816K)->40928K(291328K) Eden: 232448K(232448K)->0K(233472K) From: 40672K(58368K)->40928K(57856K)
[31.831s][info][gc,heap        ] GC(159) ParOldGen: 450416K(699392K)->452240K(699392K)
[31.832s][info][gc,metaspace   ] GC(159) Metaspace: 10402K(10624K)->10402K(10624K) NonClass: 9511K(9600K)->9511K(9600K) Class: 891K(1024K)->891K(1024K)
[31.832s][info][gc             ] GC(159) Pause Young (Allocation Failure) 706M->481M(967M) 13.000ms
[31.832s][info][gc,cpu         ] GC(159) User=0.09s Sys=0.00s Real=0.01s
[31.908s][info][gc,start       ] GC(160) Pause Young (Allocation Failure)
[31.921s][info][gc,heap        ] GC(160) PSYoungGen: 274400K(291328K)->41056K(291328K) Eden: 233472K(233472K)->0K(233472K) From: 40928K(57856K)->41056K(57856K)
[31.921s][info][gc,heap        ] GC(160) ParOldGen: 452240K(699392K)->454008K(699392K)
[31.921s][info][gc,metaspace   ] GC(160) Metaspace: 10402K(10624K)->10402K(10624K) NonClass: 9511K(9600K)->9511K(9600K) Class: 891K(1024K)->891K(1024K)
[31.921s][info][gc             ] GC(160) Pause Young (Allocation Failure) 709M->483M(967M) 12.984ms
[31.921s][info][gc,cpu         ] GC(160) User=0.09s Sys=0.00s Real=0.01s
[31.998s][info][gc,start       ] GC(161) Pause Young (Allocation Failure)
[32.011s][info][gc,heap        ] GC(161) PSYoungGen: 274528K(291328K)->40800K(292352K) Eden: 233472K(233472K)->0K(235008K) From: 41056K(57856K)->40800K(57344K)
[32.011s][info][gc,heap        ] GC(161) ParOldGen: 454008K(699392K)->455880K(699392K)
[32.011s][info][gc,metaspace   ] GC(161) Metaspace: 10402K(10624K)->10402K(10624K) NonClass: 9511K(9600K)->9511K(9600K) Class: 891K(1024K)->891K(1024K)
[32.011s][info][gc             ] GC(161) Pause Young (Allocation Failure) 711M->485M(968M) 12.702ms
[32.011s][info][gc,cpu         ] GC(161) User=0.09s Sys=0.00s Real=0.01s
[32.088s][info][gc,start       ] GC(162) Pause Young (Allocation Failure)
[32.101s][info][gc,heap        ] GC(162) PSYoungGen: 275808K(292352K)->40864K(291840K) Eden: 235008K(235008K)->0K(235008K) From: 40800K(57344K)->40864K(56832K)
[32.101s][info][gc,heap        ] GC(162) ParOldGen: 455880K(699392K)->457824K(699392K)
[32.101s][info][gc,metaspace   ] GC(162) Metaspace: 10402K(10624K)->10402K(10624K) NonClass: 9511K(9600K)->9511K(9600K) Class: 891K(1024K)->891K(1024K)
[32.101s][info][gc             ] GC(162) Pause Young (Allocation Failure) 714M->487M(968M) 13.311ms
[32.101s][info][gc,cpu         ] GC(162) User=0.00s Sys=0.00s Real=0.01s
[32.179s][info][gc,start       ] GC(163) Pause Young (Allocation Failure)
[32.192s][info][gc,heap        ] GC(163) PSYoungGen: 275872K(291840K)->40896K(293376K) Eden: 235008K(235008K)->0K(237056K) From: 40864K(56832K)->40896K(56320K)
[32.192s][info][gc,heap        ] GC(163) ParOldGen: 457824K(699392K)->459688K(699392K)
[32.192s][info][gc,metaspace   ] GC(163) Metaspace: 10402K(10624K)->10402K(10624K) NonClass: 9511K(9600K)->9511K(9600K) Class: 891K(1024K)->891K(1024K)
[32.192s][info][gc             ] GC(163) Pause Young (Allocation Failure) 716M->488M(969M) 12.854ms
[32.192s][info][gc,cpu         ] GC(163) User=0.09s Sys=0.00s Real=0.01s
[32.271s][info][gc,start       ] GC(164) Pause Young (Allocation Failure)
[32.284s][info][gc,heap        ] GC(164) PSYoungGen: 277952K(293376K)->40992K(292864K) Eden: 237056K(237056K)->0K(237056K) From: 40896K(56320K)->40992K(55808K)
[32.284s][info][gc,heap        ] GC(164) ParOldGen: 459688K(699392K)->461608K(699392K)
[32.284s][info][gc,metaspace   ] GC(164) Metaspace: 10402K(10624K)->10402K(10624K) NonClass: 9511K(9600K)->9511K(9600K) Class: 891K(1024K)->891K(1024K)
[32.284s][info][gc             ] GC(164) Pause Young (Allocation Failure) 720M->490M(969M) 13.122ms
[32.284s][info][gc,cpu         ] GC(164) User=0.09s Sys=0.00s Real=0.01s
[32.363s][info][gc,start       ] GC(165) Pause Young (Allocation Failure)
[32.376s][info][gc,heap        ] GC(165) PSYoungGen: 278048K(292864K)->41120K(294400K) Eden: 237056K(237056K)->0K(239104K) From: 40992K(55808K)->41120K(55296K)
[32.376s][info][gc,heap        ] GC(165) ParOldGen: 461608K(699392K)->463528K(699392K)
[32.376s][info][gc,metaspace   ] GC(165) Metaspace: 10402K(10624K)->10402K(10624K) NonClass: 9511K(9600K)->9511K(9600K) Class: 891K(1024K)->891K(1024K)
[32.376s][info][gc             ] GC(165) Pause Young (Allocation Failure) 722M->492M(970M) 13.326ms
[32.376s][info][gc,cpu         ] GC(165) User=0.09s Sys=0.00s Real=0.01s
[32.457s][info][gc,start       ] GC(166) Pause Young (Allocation Failure)
[32.470s][info][gc,heap        ] GC(166) PSYoungGen: 280224K(294400K)->41056K(293888K) Eden: 239104K(239104K)->0K(239104K) From: 41120K(55296K)->41056K(54784K)
[32.470s][info][gc,heap        ] GC(166) ParOldGen: 463528K(699392K)->465488K(699392K)
[32.470s][info][gc,metaspace   ] GC(166) Metaspace: 10402K(10624K)->10402K(10624K) NonClass: 9511K(9600K)->9511K(9600K) Class: 891K(1024K)->891K(1024K)
[32.470s][info][gc             ] GC(166) Pause Young (Allocation Failure) 726M->494M(970M) 13.066ms
[32.470s][info][gc,cpu         ] GC(166) User=0.09s Sys=0.00s Real=0.01s
[32.549s][info][gc,start       ] GC(167) Pause Young (Allocation Failure)
[32.562s][info][gc,heap        ] GC(167) PSYoungGen: 280160K(293888K)->41120K(295936K) Eden: 239104K(239104K)->0K(241664K) From: 41056K(54784K)->41120K(54272K)
[32.562s][info][gc,heap        ] GC(167) ParOldGen: 465488K(699392K)->467400K(699392K)
[32.562s][info][gc,metaspace   ] GC(167) Metaspace: 10402K(10624K)->10402K(10624K) NonClass: 9511K(9600K)->9511K(9600K) Class: 891K(1024K)->891K(1024K)
[32.562s][info][gc             ] GC(167) Pause Young (Allocation Failure) 728M->496M(972M) 12.989ms
[32.562s][info][gc,cpu         ] GC(167) User=0.09s Sys=0.00s Real=0.01s
[32.642s][info][gc,start       ] GC(168) Pause Young (Allocation Failure)
[32.655s][info][gc,heap        ] GC(168) PSYoungGen: 282784K(295936K)->41216K(294912K) Eden: 241664K(241664K)->0K(241664K) From: 41120K(54272K)->41216K(53248K)
[32.656s][info][gc,heap        ] GC(168) ParOldGen: 467400K(699392K)->469288K(699392K)
[32.656s][info][gc,metaspace   ] GC(168) Metaspace: 10402K(10624K)->10402K(10624K) NonClass: 9511K(9600K)->9511K(9600K) Class: 891K(1024K)->891K(1024K)
[32.656s][info][gc             ] GC(168) Pause Young (Allocation Failure) 732M->498M(971M) 13.139ms
[32.656s][info][gc,cpu         ] GC(168) User=0.09s Sys=0.00s Real=0.01s
[32.735s][info][gc,start       ] GC(169) Pause Young (Allocation Failure)
[32.748s][info][gc,heap        ] GC(169) PSYoungGen: 282880K(294912K)->41184K(296960K) Eden: 241664K(241664K)->0K(244224K) From: 41216K(53248K)->41184K(52736K)
[32.748s][info][gc,heap        ] GC(169) ParOldGen: 469288K(699392K)->471192K(699392K)
[32.748s][info][gc,metaspace   ] GC(169) Metaspace: 10402K(10624K)->10402K(10624K) NonClass: 9511K(9600K)->9511K(9600K) Class: 891K(1024K)->891K(1024K)
[32.748s][info][gc             ] GC(169) Pause Young (Allocation Failure) 734M->500M(973M) 13.032ms
[32.748s][info][gc,cpu         ] GC(169) User=0.09s Sys=0.00s Real=0.01s
[32.832s][info][gc,start       ] GC(170) Pause Young (Allocation Failure)
[32.844s][info][gc,heap        ] GC(170) PSYoungGen: 285408K(296960K)->41184K(296448K) Eden: 244224K(244224K)->0K(244224K) From: 41184K(52736K)->41184K(52224K)
[32.845s][info][gc,heap        ] GC(170) ParOldGen: 471192K(699392K)->473056K(699392K)
[32.845s][info][gc,metaspace   ] GC(170) Metaspace: 10403K(10624K)->10403K(10624K) NonClass: 9511K(9600K)->9511K(9600K) Class: 891K(1024K)->891K(1024K)
[32.845s][info][gc             ] GC(170) Pause Young (Allocation Failure) 738M->502M(972M) 13.076ms
[32.845s][info][gc,cpu         ] GC(170) User=0.09s Sys=0.00s Real=0.01s
[32.926s][info][gc,start       ] GC(171) Pause Young (Allocation Failure)
[32.939s][info][gc,heap        ] GC(171) PSYoungGen: 285408K(296448K)->41440K(297984K) Eden: 244224K(244224K)->0K(246272K) From: 41184K(52224K)->41440K(51712K)
[32.939s][info][gc,heap        ] GC(171) ParOldGen: 473056K(699392K)->474952K(699392K)
[32.939s][info][gc,metaspace   ] GC(171) Metaspace: 10403K(10624K)->10403K(10624K) NonClass: 9511K(9600K)->9511K(9600K) Class: 891K(1024K)->891K(1024K)
[32.939s][info][gc             ] GC(171) Pause Young (Allocation Failure) 740M->504M(974M) 13.203ms
[32.939s][info][gc,cpu         ] GC(171) User=0.08s Sys=0.00s Real=0.01s
[33.022s][info][gc,start       ] GC(172) Pause Young (Allocation Failure)
[33.035s][info][gc,heap        ] GC(172) PSYoungGen: 287712K(297984K)->41536K(297472K) Eden: 246272K(246272K)->0K(246272K) From: 41440K(51712K)->41536K(51200K)
[33.035s][info][gc,heap        ] GC(172) ParOldGen: 474952K(699392K)->476808K(699392K)
[33.035s][info][gc,metaspace   ] GC(172) Metaspace: 10403K(10624K)->10403K(10624K) NonClass: 9511K(9600K)->9511K(9600K) Class: 891K(1024K)->891K(1024K)
[33.035s][info][gc             ] GC(172) Pause Young (Allocation Failure) 744M->506M(973M) 13.199ms
[33.035s][info][gc,cpu         ] GC(172) User=0.09s Sys=0.00s Real=0.01s
[33.118s][info][gc,start       ] GC(173) Pause Young (Allocation Failure)
[33.131s][info][gc,heap        ] GC(173) PSYoungGen: 287808K(297472K)->41632K(299008K) Eden: 246272K(246272K)->0K(248320K) From: 41536K(51200K)->41632K(50688K)
[33.133s][info][gc,heap        ] GC(173) ParOldGen: 476808K(699392K)->478640K(699392K)
[33.133s][info][gc,metaspace   ] GC(173) Metaspace: 10403K(10624K)->10403K(10624K) NonClass: 9511K(9600K)->9511K(9600K) Class: 891K(1024K)->891K(1024K)
[33.133s][info][gc             ] GC(173) Pause Young (Allocation Failure) 746M->508M(975M) 15.790ms
[33.133s][info][gc,cpu         ] GC(173) User=0.09s Sys=0.00s Real=0.02s
[33.215s][info][gc,start       ] GC(174) Pause Young (Allocation Failure)
[33.228s][info][gc,heap        ] GC(174) PSYoungGen: 289952K(299008K)->41696K(298496K) Eden: 248320K(248320K)->0K(248320K) From: 41632K(50688K)->41696K(50176K)
[33.228s][info][gc,heap        ] GC(174) ParOldGen: 478640K(699392K)->480528K(699392K)
[33.228s][info][gc,metaspace   ] GC(174) Metaspace: 10403K(10624K)->10403K(10624K) NonClass: 9511K(9600K)->9511K(9600K) Class: 891K(1024K)->891K(1024K)
[33.228s][info][gc             ] GC(174) Pause Young (Allocation Failure) 750M->509M(974M) 13.208ms
[33.228s][info][gc,cpu         ] GC(174) User=0.09s Sys=0.00s Real=0.01s
[33.309s][info][gc,start       ] GC(175) Pause Young (Allocation Failure)
[33.322s][info][gc,heap        ] GC(175) PSYoungGen: 290016K(298496K)->41824K(299520K) Eden: 248320K(248320K)->0K(249344K) From: 41696K(50176K)->41824K(50176K)
[33.322s][info][gc,heap        ] GC(175) ParOldGen: 480528K(699392K)->482376K(699392K)
[33.322s][info][gc,metaspace   ] GC(175) Metaspace: 10403K(10624K)->10403K(10624K) NonClass: 9511K(9600K)->9511K(9600K) Class: 891K(1024K)->891K(1024K)
[33.322s][info][gc             ] GC(175) Pause Young (Allocation Failure) 752M->511M(975M) 13.319ms
[33.322s][info][gc,cpu         ] GC(175) User=0.09s Sys=0.00s Real=0.01s
[33.404s][info][gc,start       ] GC(176) Pause Young (Allocation Failure)
[33.418s][info][gc,heap        ] GC(176) PSYoungGen: 291168K(299520K)->41888K(299008K) Eden: 249344K(249344K)->0K(249344K) From: 41824K(50176K)->41888K(49664K)
[33.418s][info][gc,heap        ] GC(176) ParOldGen: 482376K(699392K)->484184K(699392K)
[33.418s][info][gc,metaspace   ] GC(176) Metaspace: 10403K(10624K)->10403K(10624K) NonClass: 9511K(9600K)->9511K(9600K) Class: 891K(1024K)->891K(1024K)
[33.418s][info][gc             ] GC(176) Pause Young (Allocation Failure) 755M->513M(975M) 13.467ms
[33.418s][info][gc,cpu         ] GC(176) User=0.09s Sys=0.00s Real=0.01s
[33.502s][info][gc,start       ] GC(177) Pause Young (Allocation Failure)
[33.515s][info][gc,heap        ] GC(177) PSYoungGen: 291232K(299008K)->42272K(300032K) Eden: 249344K(249344K)->0K(250880K) From: 41888K(49664K)->42272K(49152K)
[33.515s][info][gc,heap        ] GC(177) ParOldGen: 484184K(699392K)->485984K(699392K)
[33.515s][info][gc,metaspace   ] GC(177) Metaspace: 10403K(10624K)->10403K(10624K) NonClass: 9511K(9600K)->9511K(9600K) Class: 891K(1024K)->891K(1024K)
[33.515s][info][gc             ] GC(177) Pause Young (Allocation Failure) 757M->515M(976M) 13.239ms
[33.515s][info][gc,cpu         ] GC(177) User=0.09s Sys=0.00s Real=0.01s
[33.595s][info][gc,start       ] GC(178) Pause Young (Allocation Failure)
[33.608s][info][gc,heap        ] GC(178) PSYoungGen: 293152K(300032K)->42208K(300032K) Eden: 250880K(250880K)->0K(250880K) From: 42272K(49152K)->42208K(49152K)
[33.608s][info][gc,heap        ] GC(178) ParOldGen: 485984K(699392K)->487960K(699392K)
[33.608s][info][gc,metaspace   ] GC(178) Metaspace: 10403K(10624K)->10403K(10624K) NonClass: 9511K(9600K)->9511K(9600K) Class: 891K(1024K)->891K(1024K)
[33.608s][info][gc             ] GC(178) Pause Young (Allocation Failure) 760M->517M(976M) 13.399ms
[33.608s][info][gc,cpu         ] GC(178) User=0.09s Sys=0.00s Real=0.01s
[33.691s][info][gc,start       ] GC(179) Pause Young (Allocation Failure)
[33.704s][info][gc,heap        ] GC(179) PSYoungGen: 293088K(300032K)->42048K(300544K) Eden: 250880K(250880K)->0K(251904K) From: 42208K(49152K)->42048K(48640K)
[33.704s][info][gc,heap        ] GC(179) ParOldGen: 487960K(699392K)->489880K(699392K)
[33.704s][info][gc,metaspace   ] GC(179) Metaspace: 10403K(10624K)->10403K(10624K) NonClass: 9511K(9600K)->9511K(9600K) Class: 891K(1024K)->891K(1024K)
[33.704s][info][gc             ] GC(179) Pause Young (Allocation Failure) 762M->519M(976M) 13.096ms
[33.704s][info][gc,cpu         ] GC(179) User=0.09s Sys=0.00s Real=0.01s
[33.787s][info][gc,start       ] GC(180) Pause Young (Allocation Failure)
[33.801s][info][gc,heap        ] GC(180) PSYoungGen: 293952K(300544K)->42208K(300544K) Eden: 251904K(251904K)->0K(251904K) From: 42048K(48640K)->42208K(48640K)
[33.801s][info][gc,heap        ] GC(180) ParOldGen: 489880K(699392K)->491808K(699392K)
[33.801s][info][gc,metaspace   ] GC(180) Metaspace: 10403K(10624K)->10403K(10624K) NonClass: 9511K(9600K)->9511K(9600K) Class: 891K(1024K)->891K(1024K)
[33.801s][info][gc             ] GC(180) Pause Young (Allocation Failure) 765M->521M(976M) 13.697ms
[33.801s][info][gc,cpu         ] GC(180) User=0.09s Sys=0.00s Real=0.01s
[33.884s][info][gc,start       ] GC(181) Pause Young (Allocation Failure)
[33.897s][info][gc,heap        ] GC(181) PSYoungGen: 294112K(300544K)->42208K(301056K) Eden: 251904K(251904K)->0K(252928K) From: 42208K(48640K)->42208K(48128K)
[33.897s][info][gc,heap        ] GC(181) ParOldGen: 491808K(699392K)->493768K(699392K)
[33.897s][info][gc,metaspace   ] GC(181) Metaspace: 10403K(10624K)->10403K(10624K) NonClass: 9511K(9600K)->9511K(9600K) Class: 891K(1024K)->891K(1024K)
[33.898s][info][gc             ] GC(181) Pause Young (Allocation Failure) 767M->523M(977M) 13.409ms
[33.898s][info][gc,cpu         ] GC(181) User=0.00s Sys=0.02s Real=0.01s
[33.981s][info][gc,start       ] GC(182) Pause Young (Allocation Failure)
[33.994s][info][gc,heap        ] GC(182) PSYoungGen: 295136K(301056K)->42272K(301056K) Eden: 252928K(252928K)->0K(252928K) From: 42208K(48128K)->42272K(48128K)
[33.994s][info][gc,heap        ] GC(182) ParOldGen: 493768K(699392K)->495712K(699392K)
[33.994s][info][gc,metaspace   ] GC(182) Metaspace: 10403K(10624K)->10403K(10624K) NonClass: 9511K(9600K)->9511K(9600K) Class: 891K(1024K)->891K(1024K)
[33.994s][info][gc             ] GC(182) Pause Young (Allocation Failure) 770M->525M(977M) 13.383ms
[33.994s][info][gc,cpu         ] GC(182) User=0.09s Sys=0.00s Real=0.01s
[34.077s][info][gc,start       ] GC(183) Pause Young (Allocation Failure)
[34.090s][info][gc,heap        ] GC(183) PSYoungGen: 295200K(301056K)->42304K(301568K) Eden: 252928K(252928K)->0K(253952K) From: 42272K(48128K)->42304K(47616K)
[34.090s][info][gc,heap        ] GC(183) ParOldGen: 495712K(699392K)->497672K(699392K)
[34.090s][info][gc,metaspace   ] GC(183) Metaspace: 10403K(10624K)->10403K(10624K) NonClass: 9511K(9600K)->9511K(9600K) Class: 891K(1024K)->891K(1024K)
[34.090s][info][gc             ] GC(183) Pause Young (Allocation Failure) 772M->527M(977M) 13.396ms
[34.090s][info][gc,cpu         ] GC(183) User=0.09s Sys=0.00s Real=0.01s
[34.175s][info][gc,start       ] GC(184) Pause Young (Allocation Failure)
[34.189s][info][gc,heap        ] GC(184) PSYoungGen: 296256K(301568K)->42496K(301568K) Eden: 253952K(253952K)->0K(253952K) From: 42304K(47616K)->42496K(47616K)
[34.189s][info][gc,heap        ] GC(184) ParOldGen: 497672K(699392K)->499592K(699392K)
[34.189s][info][gc,metaspace   ] GC(184) Metaspace: 10403K(10624K)->10403K(10624K) NonClass: 9511K(9600K)->9511K(9600K) Class: 891K(1024K)->891K(1024K)
[34.189s][info][gc             ] GC(184) Pause Young (Allocation Failure) 775M->529M(977M) 13.624ms
[34.189s][info][gc,cpu         ] GC(184) User=0.08s Sys=0.00s Real=0.01s
[34.273s][info][gc,start       ] GC(185) Pause Young (Allocation Failure)
[34.287s][info][gc,heap        ] GC(185) PSYoungGen: 296448K(301568K)->42656K(302080K) Eden: 253952K(253952K)->0K(254976K) From: 42496K(47616K)->42656K(47104K)
[34.287s][info][gc,heap        ] GC(185) ParOldGen: 499592K(699392K)->501464K(699392K)
[34.287s][info][gc,metaspace   ] GC(185) Metaspace: 10403K(10624K)->10403K(10624K) NonClass: 9511K(9600K)->9511K(9600K) Class: 891K(1024K)->891K(1024K)
[34.287s][info][gc             ] GC(185) Pause Young (Allocation Failure) 777M->531M(978M) 13.678ms
[34.287s][info][gc,cpu         ] GC(185) User=0.09s Sys=0.00s Real=0.01s
[34.372s][info][gc,start       ] GC(186) Pause Young (Allocation Failure)
[34.385s][info][gc,heap        ] GC(186) PSYoungGen: 297632K(302080K)->42752K(302080K) Eden: 254976K(254976K)->0K(254976K) From: 42656K(47104K)->42752K(47104K)
[34.385s][info][gc,heap        ] GC(186) ParOldGen: 501464K(699392K)->503416K(699392K)
[34.385s][info][gc,metaspace   ] GC(186) Metaspace: 10403K(10624K)->10403K(10624K) NonClass: 9511K(9600K)->9511K(9600K) Class: 891K(1024K)->891K(1024K)
[34.385s][info][gc             ] GC(186) Pause Young (Allocation Failure) 780M->533M(978M) 13.670ms
[34.385s][info][gc,cpu         ] GC(186) User=0.09s Sys=0.00s Real=0.01s
[34.471s][info][gc,start       ] GC(187) Pause Young (Allocation Failure)
[34.484s][info][gc,heap        ] GC(187) PSYoungGen: 297728K(302080K)->42816K(302080K) Eden: 254976K(254976K)->0K(254976K) From: 42752K(47104K)->42816K(47104K)
[34.485s][info][gc,heap        ] GC(187) ParOldGen: 503416K(699392K)->505400K(699392K)
[34.485s][info][gc,metaspace   ] GC(187) Metaspace: 10403K(10624K)->10403K(10624K) NonClass: 9511K(9600K)->9511K(9600K) Class: 891K(1024K)->891K(1024K)
[34.485s][info][gc             ] GC(187) Pause Young (Allocation Failure) 782M->535M(978M) 13.908ms
[34.485s][info][gc,cpu         ] GC(187) User=0.09s Sys=0.00s Real=0.01s
[34.571s][info][gc,start       ] GC(188) Pause Young (Allocation Failure)
[34.585s][info][gc,heap        ] GC(188) PSYoungGen: 297792K(302080K)->43232K(302080K) Eden: 254976K(254976K)->0K(254976K) From: 42816K(47104K)->43232K(47104K)
[34.585s][info][gc,heap        ] GC(188) ParOldGen: 505400K(699392K)->507352K(699392K)
[34.585s][info][gc,metaspace   ] GC(188) Metaspace: 10403K(10624K)->10403K(10624K) NonClass: 9511K(9600K)->9511K(9600K) Class: 891K(1024K)->891K(1024K)
[34.585s][info][gc             ] GC(188) Pause Young (Allocation Failure) 784M->537M(978M) 14.005ms
[34.585s][info][gc,cpu         ] GC(188) User=0.08s Sys=0.00s Real=0.01s
[34.670s][info][gc,start       ] GC(189) Pause Young (Allocation Failure)
[34.684s][info][gc,heap        ] GC(189) PSYoungGen: 298208K(302080K)->43296K(302080K) Eden: 254976K(254976K)->0K(254976K) From: 43232K(47104K)->43296K(47104K)
[34.684s][info][gc,heap        ] GC(189) ParOldGen: 507352K(699392K)->509296K(699392K)
[34.684s][info][gc,metaspace   ] GC(189) Metaspace: 10403K(10624K)->10403K(10624K) NonClass: 9511K(9600K)->9511K(9600K) Class: 891K(1024K)->891K(1024K)
[34.684s][info][gc             ] GC(189) Pause Young (Allocation Failure) 786M->539M(978M) 14.143ms
[34.684s][info][gc,cpu         ] GC(189) User=0.09s Sys=0.00s Real=0.01s
[34.772s][info][gc,start       ] GC(190) Pause Young (Allocation Failure)
[34.786s][info][gc,heap        ] GC(190) PSYoungGen: 298272K(302080K)->43648K(302080K) Eden: 254976K(254976K)->0K(254976K) From: 43296K(47104K)->43648K(47104K)
[34.786s][info][gc,heap        ] GC(190) ParOldGen: 509296K(699392K)->511184K(699392K)
[34.786s][info][gc,metaspace   ] GC(190) Metaspace: 10403K(10624K)->10403K(10624K) NonClass: 9511K(9600K)->9511K(9600K) Class: 891K(1024K)->891K(1024K)
[34.786s][info][gc             ] GC(190) Pause Young (Allocation Failure) 788M->541M(978M) 13.963ms
[34.786s][info][gc,cpu         ] GC(190) User=0.09s Sys=0.00s Real=0.01s
[34.872s][info][gc,start       ] GC(191) Pause Young (Allocation Failure)
[34.886s][info][gc,heap        ] GC(191) PSYoungGen: 298624K(302080K)->43488K(302080K) Eden: 254976K(254976K)->0K(254976K) From: 43648K(47104K)->43488K(47104K)
[34.886s][info][gc,heap        ] GC(191) ParOldGen: 511184K(699392K)->513224K(699392K)
[34.886s][info][gc,metaspace   ] GC(191) Metaspace: 10403K(10624K)->10403K(10624K) NonClass: 9512K(9600K)->9512K(9600K) Class: 891K(1024K)->891K(1024K)
[34.887s][info][gc             ] GC(191) Pause Young (Allocation Failure) 790M->543M(978M) 14.152ms
[34.887s][info][gc,cpu         ] GC(191) User=0.09s Sys=0.00s Real=0.01s
[34.989s][info][gc,start       ] GC(192) Pause Young (Allocation Failure)
[35.003s][info][gc,heap        ] GC(192) PSYoungGen: 298464K(302080K)->43840K(302080K) Eden: 254976K(254976K)->0K(254976K) From: 43488K(47104K)->43840K(47104K)
[35.003s][info][gc,heap        ] GC(192) ParOldGen: 513224K(699392K)->515192K(699392K)
[35.003s][info][gc,metaspace   ] GC(192) Metaspace: 10403K(10624K)->10403K(10624K) NonClass: 9512K(9600K)->9512K(9600K) Class: 891K(1024K)->891K(1024K)
[35.003s][info][gc             ] GC(192) Pause Young (Allocation Failure) 792M->545M(978M) 14.272ms
[35.003s][info][gc,cpu         ] GC(192) User=0.08s Sys=0.02s Real=0.01s
[35.092s][info][gc,start       ] GC(193) Pause Young (Allocation Failure)
[35.106s][info][gc,heap        ] GC(193) PSYoungGen: 298816K(302080K)->44000K(302080K) Eden: 254976K(254976K)->0K(254976K) From: 43840K(47104K)->44000K(47104K)
[35.106s][info][gc,heap        ] GC(193) ParOldGen: 515192K(699392K)->517064K(699392K)
[35.106s][info][gc,metaspace   ] GC(193) Metaspace: 10403K(10624K)->10403K(10624K) NonClass: 9512K(9600K)->9512K(9600K) Class: 891K(1024K)->891K(1024K)
[35.106s][info][gc             ] GC(193) Pause Young (Allocation Failure) 794M->547M(978M) 13.864ms
[35.106s][info][gc,cpu         ] GC(193) User=0.09s Sys=0.00s Real=0.01s
[35.190s][info][gc,start       ] GC(194) Pause Young (Allocation Failure)
[35.204s][info][gc,heap        ] GC(194) PSYoungGen: 298976K(302080K)->43840K(302080K) Eden: 254976K(254976K)->0K(254976K) From: 44000K(47104K)->43840K(47104K)
[35.204s][info][gc,heap        ] GC(194) ParOldGen: 517064K(699392K)->519056K(699392K)
[35.204s][info][gc,metaspace   ] GC(194) Metaspace: 10403K(10624K)->10403K(10624K) NonClass: 9512K(9600K)->9512K(9600K) Class: 891K(1024K)->891K(1024K)
[35.204s][info][gc             ] GC(194) Pause Young (Allocation Failure) 796M->549M(978M) 13.926ms
[35.204s][info][gc,cpu         ] GC(194) User=0.09s Sys=0.00s Real=0.01s
[35.289s][info][gc,start       ] GC(195) Pause Young (Allocation Failure)
[35.303s][info][gc,heap        ] GC(195) PSYoungGen: 298816K(302080K)->44160K(302080K) Eden: 254976K(254976K)->0K(254976K) From: 43840K(47104K)->44160K(47104K)
[35.303s][info][gc,heap        ] GC(195) ParOldGen: 519056K(699392K)->520928K(699392K)
[35.303s][info][gc,metaspace   ] GC(195) Metaspace: 10403K(10624K)->10403K(10624K) NonClass: 9512K(9600K)->9512K(9600K) Class: 891K(1024K)->891K(1024K)
[35.303s][info][gc             ] GC(195) Pause Young (Allocation Failure) 798M->551M(978M) 14.089ms
[35.303s][info][gc,cpu         ] GC(195) User=0.09s Sys=0.00s Real=0.01s
[35.386s][info][gc,start       ] GC(196) Pause Young (Allocation Failure)
[35.400s][info][gc,heap        ] GC(196) PSYoungGen: 299136K(302080K)->44288K(299520K) Eden: 254976K(254976K)->0K(254976K) From: 44160K(47104K)->44288K(44544K)
[35.400s][info][gc,heap        ] GC(196) ParOldGen: 520928K(699392K)->522832K(699392K)
[35.400s][info][gc,metaspace   ] GC(196) Metaspace: 10403K(10624K)->10403K(10624K) NonClass: 9512K(9600K)->9512K(9600K) Class: 891K(1024K)->891K(1024K)
[35.400s][info][gc             ] GC(196) Pause Young (Allocation Failure) 800M->553M(975M) 14.271ms
[35.400s][info][gc,cpu         ] GC(196) User=0.06s Sys=0.00s Real=0.01s
[35.486s][info][gc,start       ] GC(197) Pause Young (Allocation Failure)
[35.500s][info][gc,heap        ] GC(197) PSYoungGen: 299264K(299520K)->44512K(301568K) Eden: 254976K(254976K)->0K(253952K) From: 44288K(44544K)->44512K(47616K)
[35.500s][info][gc,heap        ] GC(197) ParOldGen: 522832K(699392K)->524760K(699392K)
[35.500s][info][gc,metaspace   ] GC(197) Metaspace: 10403K(10624K)->10403K(10624K) NonClass: 9512K(9600K)->9512K(9600K) Class: 891K(1024K)->891K(1024K)
[35.500s][info][gc             ] GC(197) Pause Young (Allocation Failure) 802M->555M(977M) 14.386ms
[35.500s][info][gc,cpu         ] GC(197) User=0.09s Sys=0.00s Real=0.02s
[35.586s][info][gc,start       ] GC(198) Pause Young (Allocation Failure)
[35.601s][info][gc,heap        ] GC(198) PSYoungGen: 298464K(301568K)->44608K(301568K) Eden: 253952K(253952K)->0K(253952K) From: 44512K(47616K)->44608K(47616K)
[35.601s][info][gc,heap        ] GC(198) ParOldGen: 524760K(699392K)->526736K(699392K)
[35.601s][info][gc,metaspace   ] GC(198) Metaspace: 10403K(10624K)->10403K(10624K) NonClass: 9512K(9600K)->9512K(9600K) Class: 891K(1024K)->891K(1024K)
[35.601s][info][gc             ] GC(198) Pause Young (Allocation Failure) 803M->557M(977M) 14.974ms
[35.601s][info][gc,cpu         ] GC(198) User=0.08s Sys=0.00s Real=0.01s
[35.684s][info][gc,start       ] GC(199) Pause Young (Allocation Failure)
[35.698s][info][gc,heap        ] GC(199) PSYoungGen: 298560K(301568K)->44608K(301568K) Eden: 253952K(253952K)->0K(253952K) From: 44608K(47616K)->44608K(47616K)
[35.698s][info][gc,heap        ] GC(199) ParOldGen: 526736K(699392K)->528736K(699392K)
[35.698s][info][gc,metaspace   ] GC(199) Metaspace: 10403K(10624K)->10403K(10624K) NonClass: 9512K(9600K)->9512K(9600K) Class: 891K(1024K)->891K(1024K)
[35.698s][info][gc             ] GC(199) Pause Young (Allocation Failure) 805M->559M(977M) 14.047ms
[35.698s][info][gc,cpu         ] GC(199) User=0.09s Sys=0.00s Real=0.01s
[35.783s][info][gc,start       ] GC(200) Pause Young (Allocation Failure)
[35.797s][info][gc,heap        ] GC(200) PSYoungGen: 298560K(301568K)->44544K(301568K) Eden: 253952K(253952K)->0K(253952K) From: 44608K(47616K)->44544K(47616K)
[35.797s][info][gc,heap        ] GC(200) ParOldGen: 528736K(699392K)->530768K(699392K)
[35.798s][info][gc,metaspace   ] GC(200) Metaspace: 10403K(10624K)->10403K(10624K) NonClass: 9512K(9600K)->9512K(9600K) Class: 891K(1024K)->891K(1024K)
[35.798s][info][gc             ] GC(200) Pause Young (Allocation Failure) 807M->561M(977M) 14.023ms
[35.798s][info][gc,cpu         ] GC(200) User=0.09s Sys=0.00s Real=0.01s
[35.884s][info][gc,start       ] GC(201) Pause Young (Allocation Failure)
[35.898s][info][gc,heap        ] GC(201) PSYoungGen: 298496K(301568K)->44448K(301568K) Eden: 253952K(253952K)->0K(253952K) From: 44544K(47616K)->44448K(47616K)
[35.898s][info][gc,heap        ] GC(201) ParOldGen: 530768K(699392K)->532856K(699392K)
[35.898s][info][gc,metaspace   ] GC(201) Metaspace: 10403K(10624K)->10403K(10624K) NonClass: 9512K(9600K)->9512K(9600K) Class: 891K(1024K)->891K(1024K)
[35.898s][info][gc             ] GC(201) Pause Young (Allocation Failure) 809M->563M(977M) 14.570ms
[35.898s][info][gc,cpu         ] GC(201) User=0.09s Sys=0.00s Real=0.01s
[35.984s][info][gc,start       ] GC(202) Pause Young (Allocation Failure)
[35.998s][info][gc,heap        ] GC(202) PSYoungGen: 298400K(301568K)->44512K(301568K) Eden: 253952K(253952K)->0K(253952K) From: 44448K(47616K)->44512K(47616K)
[35.998s][info][gc,heap        ] GC(202) ParOldGen: 532856K(699392K)->534880K(699392K)
[35.998s][info][gc,metaspace   ] GC(202) Metaspace: 10403K(10624K)->10403K(10624K) NonClass: 9512K(9600K)->9512K(9600K) Class: 891K(1024K)->891K(1024K)
[35.998s][info][gc             ] GC(202) Pause Young (Allocation Failure) 811M->565M(977M) 14.236ms
[35.998s][info][gc,cpu         ] GC(202) User=0.09s Sys=0.00s Real=0.02s
[36.084s][info][gc,start       ] GC(203) Pause Young (Allocation Failure)
[36.098s][info][gc,heap        ] GC(203) PSYoungGen: 298464K(301568K)->44608K(301568K) Eden: 253952K(253952K)->0K(253952K) From: 44512K(47616K)->44608K(47616K)
[36.098s][info][gc,heap        ] GC(203) ParOldGen: 534880K(699392K)->537040K(699392K)
[36.098s][info][gc,metaspace   ] GC(203) Metaspace: 10403K(10624K)->10403K(10624K) NonClass: 9512K(9600K)->9512K(9600K) Class: 891K(1024K)->891K(1024K)
[36.098s][info][gc             ] GC(203) Pause Young (Allocation Failure) 813M->568M(977M) 14.332ms
[36.098s][info][gc,cpu         ] GC(203) User=0.09s Sys=0.00s Real=0.02s
[36.189s][info][gc,start       ] GC(204) Pause Young (Allocation Failure)
[36.204s][info][gc,heap        ] GC(204) PSYoungGen: 298560K(301568K)->44480K(301568K) Eden: 253952K(253952K)->0K(253952K) From: 44608K(47616K)->44480K(47616K)
[36.204s][info][gc,heap        ] GC(204) ParOldGen: 537040K(699392K)->539160K(699392K)
[36.204s][info][gc,metaspace   ] GC(204) Metaspace: 10403K(10624K)->10403K(10624K) NonClass: 9512K(9600K)->9512K(9600K) Class: 891K(1024K)->891K(1024K)
[36.204s][info][gc             ] GC(204) Pause Young (Allocation Failure) 816M->569M(977M) 14.812ms
[36.204s][info][gc,cpu         ] GC(204) User=0.09s Sys=0.00s Real=0.01s
[36.295s][info][gc,start       ] GC(205) Pause Young (Allocation Failure)
[36.309s][info][gc,heap        ] GC(205) PSYoungGen: 298432K(301568K)->44256K(302080K) Eden: 253952K(253952K)->0K(254464K) From: 44480K(47616K)->44256K(47616K)
[36.309s][info][gc,heap        ] GC(205) ParOldGen: 539160K(699392K)->541248K(699392K)
[36.309s][info][gc,metaspace   ] GC(205) Metaspace: 10403K(10624K)->10403K(10624K) NonClass: 9512K(9600K)->9512K(9600K) Class: 891K(1024K)->891K(1024K)
[36.309s][info][gc             ] GC(205) Pause Young (Allocation Failure) 817M->571M(978M) 13.973ms
[36.309s][info][gc,cpu         ] GC(205) User=0.09s Sys=0.00s Real=0.01s
[36.394s][info][gc,start       ] GC(206) Pause Young (Allocation Failure)
[36.409s][info][gc,heap        ] GC(206) PSYoungGen: 298720K(302080K)->44512K(301568K) Eden: 254464K(254464K)->0K(254464K) From: 44256K(47616K)->44512K(47104K)
[36.409s][info][gc,heap        ] GC(206) ParOldGen: 541248K(699392K)->543256K(699392K)
[36.409s][info][gc,metaspace   ] GC(206) Metaspace: 10403K(10624K)->10403K(10624K) NonClass: 9512K(9600K)->9512K(9600K) Class: 891K(1024K)->891K(1024K)
[36.409s][info][gc             ] GC(206) Pause Young (Allocation Failure) 820M->573M(977M) 14.319ms
[36.409s][info][gc,cpu         ] GC(206) User=0.09s Sys=0.00s Real=0.01s
[36.496s][info][gc,start       ] GC(207) Pause Young (Allocation Failure)
[36.510s][info][gc,heap        ] GC(207) PSYoungGen: 298976K(301568K)->44224K(302080K) Eden: 254464K(254464K)->0K(254976K) From: 44512K(47104K)->44224K(47104K)
[36.510s][info][gc,heap        ] GC(207) ParOldGen: 543256K(699392K)->545384K(699392K)
[36.510s][info][gc,metaspace   ] GC(207) Metaspace: 10403K(10624K)->10403K(10624K) NonClass: 9512K(9600K)->9512K(9600K) Class: 891K(1024K)->891K(1024K)
[36.510s][info][gc             ] GC(207) Pause Young (Allocation Failure) 822M->575M(978M) 13.868ms
[36.510s][info][gc,cpu         ] GC(207) User=0.05s Sys=0.05s Real=0.02s
[36.689s][info][gc,start       ] GC(208) Pause Young (Allocation Failure)
[36.710s][info][gc,heap        ] GC(208) PSYoungGen: 299200K(302080K)->47088K(302080K) Eden: 254976K(254976K)->0K(254976K) From: 44224K(47104K)->47088K(47104K)
[36.710s][info][gc,heap        ] GC(208) ParOldGen: 545384K(699392K)->553288K(699392K)
[36.710s][info][gc,metaspace   ] GC(208) Metaspace: 10416K(10624K)->10416K(10624K) NonClass: 9525K(9600K)->9525K(9600K) Class: 891K(1024K)->891K(1024K)
[36.710s][info][gc             ] GC(208) Pause Young (Allocation Failure) 824M->586M(978M) 20.792ms
[36.710s][info][gc,cpu         ] GC(208) User=0.09s Sys=0.00s Real=0.03s
[37.056s][info][gc,start       ] GC(209) Pause Young (Allocation Failure)
[37.093s][info][gc,heap        ] GC(209) PSYoungGen: 302064K(302080K)->47072K(272384K) Eden: 254976K(254976K)->0K(225280K) From: 47088K(47104K)->47072K(47104K)
[37.093s][info][gc,heap        ] GC(209) ParOldGen: 553288K(699392K)->582464K(699392K)
[37.093s][info][gc,metaspace   ] GC(209) Metaspace: 10417K(10624K)->10417K(10624K) NonClass: 9525K(9600K)->9525K(9600K) Class: 891K(1024K)->891K(1024K)
[37.093s][info][gc             ] GC(209) Pause Young (Allocation Failure) 835M->614M(949M) 37.188ms
[37.093s][info][gc,cpu         ] GC(209) User=0.28s Sys=0.00s Real=0.04s
[37.603s][info][gc,start       ] GC(210) Pause Young (Allocation Failure)
[37.640s][info][gc,heap        ] GC(210) PSYoungGen: 272352K(272384K)->61930K(287232K) Eden: 225280K(225280K)->0K(225280K) From: 47072K(47104K)->61930K(61952K)
[37.640s][info][gc,heap        ] GC(210) ParOldGen: 582464K(699392K)->600320K(699392K)
[37.640s][info][gc,metaspace   ] GC(210) Metaspace: 10417K(10624K)->10417K(10624K) NonClass: 9525K(9600K)->9525K(9600K) Class: 891K(1024K)->891K(1024K)
[37.640s][info][gc             ] GC(210) Pause Young (Allocation Failure) 834M->646M(963M) 36.351ms
[37.640s][info][gc,cpu         ] GC(210) User=0.19s Sys=0.00s Real=0.04s
[37.906s][info][gc,start       ] GC(211) Pause Young (Allocation Failure)
[37.946s][info][gc,heap        ] GC(211) PSYoungGen: 287210K(287232K)->61930K(243200K) Eden: 225280K(225280K)->0K(181248K) From: 61930K(61952K)->61930K(61952K)
[37.946s][info][gc,heap        ] GC(211) ParOldGen: 600320K(699392K)->628056K(699392K)
[37.946s][info][gc,metaspace   ] GC(211) Metaspace: 10417K(10624K)->10417K(10624K) NonClass: 9525K(9600K)->9525K(9600K) Class: 891K(1024K)->891K(1024K)
[37.946s][info][gc             ] GC(211) Pause Young (Allocation Failure) 866M->673M(920M) 39.417ms
[37.946s][info][gc,cpu         ] GC(211) User=0.19s Sys=0.00s Real=0.04s
[38.159s][info][gc,start       ] GC(212) Pause Young (Allocation Failure)
[38.192s][info][gc,heap        ] GC(212) PSYoungGen: 243178K(243200K)->79978K(261632K) Eden: 181248K(181248K)->0K(181248K) From: 61930K(61952K)->79978K(80384K)
[38.192s][info][gc,heap        ] GC(212) ParOldGen: 628056K(699392K)->631688K(699392K)
[38.192s][info][gc,metaspace   ] GC(212) Metaspace: 10417K(10624K)->10417K(10624K) NonClass: 9525K(9600K)->9525K(9600K) Class: 891K(1024K)->891K(1024K)
[38.192s][info][gc             ] GC(212) Pause Young (Allocation Failure) 850M->694M(938M) 33.074ms
[38.192s][info][gc,cpu         ] GC(212) User=0.19s Sys=0.00s Real=0.03s
[38.403s][info][gc,start       ] GC(213) Pause Young (Allocation Failure)
[38.441s][info][gc,heap        ] GC(213) PSYoungGen: 261226K(261632K)->87530K(229888K) Eden: 181248K(181248K)->0K(142336K) From: 79978K(80384K)->87530K(87552K)
[38.441s][info][gc,heap        ] GC(213) ParOldGen: 631688K(699392K)->645376K(699392K)
[38.441s][info][gc,metaspace   ] GC(213) Metaspace: 10417K(10624K)->10417K(10624K) NonClass: 9525K(9600K)->9525K(9600K) Class: 891K(1024K)->891K(1024K)
[38.441s][info][gc             ] GC(213) Pause Young (Allocation Failure) 871M->715M(907M) 37.315ms
[38.441s][info][gc,cpu         ] GC(213) User=0.19s Sys=0.00s Real=0.04s
[38.607s][info][gc,start       ] GC(214) Pause Young (Allocation Failure)
[38.642s][info][gc,heap        ] GC(214) PSYoungGen: 229866K(229888K)->100746K(243200K) Eden: 142336K(142336K)->0K(142336K) From: 87530K(87552K)->100746K(100864K)
[38.642s][info][gc,heap        ] GC(214) ParOldGen: 645376K(699392K)->649504K(699392K)
[38.642s][info][gc,metaspace   ] GC(214) Metaspace: 10417K(10624K)->10417K(10624K) NonClass: 9525K(9600K)->9525K(9600K) Class: 891K(1024K)->891K(1024K)
[38.642s][info][gc             ] GC(214) Pause Young (Allocation Failure) 854M->732M(920M) 35.179ms
[38.642s][info][gc,cpu         ] GC(214) User=0.19s Sys=0.00s Real=0.04s
[38.800s][info][gc,start       ] GC(215) Pause Young (Allocation Failure)
[38.837s][info][gc,heap        ] GC(215) PSYoungGen: 243082K(243200K)->105962K(222720K) Eden: 142336K(142336K)->0K(116736K) From: 100746K(100864K)->105962K(105984K)
[38.837s][info][gc,heap        ] GC(215) ParOldGen: 649504K(699392K)->660048K(699392K)
[38.837s][info][gc,metaspace   ] GC(215) Metaspace: 10417K(10624K)->10417K(10624K) NonClass: 9525K(9600K)->9525K(9600K) Class: 891K(1024K)->891K(1024K)
[38.837s][info][gc             ] GC(215) Pause Young (Allocation Failure) 871M->748M(900M) 37.414ms
[38.837s][info][gc,cpu         ] GC(215) User=0.17s Sys=0.00s Real=0.04s
[39.012s][info][gc,start       ] GC(216) Pause Young (Allocation Failure)
[39.043s][info][gc,heap        ] GC(216) PSYoungGen: 222698K(222720K)->100864K(232960K) Eden: 116736K(116736K)->0K(116736K) From: 105962K(105984K)->100864K(116224K)
[39.043s][info][gc,heap        ] GC(216) ParOldGen: 660048K(699392K)->664072K(699392K)
[39.043s][info][gc,metaspace   ] GC(216) Metaspace: 10417K(10624K)->10417K(10624K) NonClass: 9525K(9600K)->9525K(9600K) Class: 891K(1024K)->891K(1024K)
[39.043s][info][gc             ] GC(216) Pause Young (Allocation Failure) 862M->747M(910M) 31.057ms
[39.043s][info][gc,cpu         ] GC(216) User=0.19s Sys=0.00s Real=0.04s
[39.221s][info][gc,start       ] GC(217) Pause Young (Allocation Failure)
[39.246s][info][gc,heap        ] GC(217) PSYoungGen: 217600K(232960K)->90144K(232960K) Eden: 116736K(116736K)->0K(116736K) From: 100864K(116224K)->90144K(116224K)
[39.246s][info][gc,heap        ] GC(217) ParOldGen: 664072K(699392K)->669744K(699392K)
[39.246s][info][gc,metaspace   ] GC(217) Metaspace: 10417K(10624K)->10417K(10624K) NonClass: 9525K(9600K)->9525K(9600K) Class: 891K(1024K)->891K(1024K)
[39.246s][info][gc             ] GC(217) Pause Young (Allocation Failure) 861M->742M(910M) 24.641ms
[39.246s][info][gc,cpu         ] GC(217) User=0.17s Sys=0.00s Real=0.03s
[39.433s][info][gc,start       ] GC(218) Pause Young (Allocation Failure)
[39.455s][info][gc,heap        ] GC(218) PSYoungGen: 206880K(232960K)->82240K(232960K) Eden: 116736K(116736K)->0K(116736K) From: 90144K(116224K)->82240K(116224K)
[39.455s][info][gc,heap        ] GC(218) ParOldGen: 669744K(699392K)->676536K(699392K)
[39.455s][info][gc,metaspace   ] GC(218) Metaspace: 10417K(10624K)->10417K(10624K) NonClass: 9525K(9600K)->9525K(9600K) Class: 891K(1024K)->891K(1024K)
[39.456s][info][gc             ] GC(218) Pause Young (Allocation Failure) 856M->740M(910M) 22.587ms
[39.456s][info][gc,cpu         ] GC(218) User=0.09s Sys=0.00s Real=0.03s
[39.624s][info][gc,start       ] GC(219) Pause Young (Allocation Failure)
[39.644s][info][gc,heap        ] GC(219) PSYoungGen: 198976K(232960K)->70688K(232960K) Eden: 116736K(116736K)->0K(116736K) From: 82240K(116224K)->70688K(116224K)
[39.644s][info][gc,heap        ] GC(219) ParOldGen: 676536K(699392K)->686496K(699392K)
[39.644s][info][gc,metaspace   ] GC(219) Metaspace: 10417K(10624K)->10417K(10624K) NonClass: 9525K(9600K)->9525K(9600K) Class: 891K(1024K)->891K(1024K)
[39.644s][info][gc             ] GC(219) Pause Young (Allocation Failure) 854M->739M(910M) 20.339ms
[39.644s][info][gc,cpu         ] GC(219) User=0.09s Sys=0.00s Real=0.03s
[39.814s][info][gc,start       ] GC(220) Pause Full (Ergonomics)
[39.814s][info][gc,phases,start] GC(220) Marking Phase
[39.955s][info][gc,phases      ] GC(220) Marking Phase 140.325ms
[39.955s][info][gc,phases,start] GC(220) Summary Phase
[39.955s][info][gc,phases      ] GC(220) Summary Phase 0.024ms
[39.955s][info][gc,phases,start] GC(220) Adjust Roots
[39.958s][info][gc,phases      ] GC(220) Adjust Roots 2.858ms
[39.958s][info][gc,phases,start] GC(220) Compaction Phase
[40.178s][info][gc,phases      ] GC(220) Compaction Phase 220.668ms
[40.178s][info][gc,phases,start] GC(220) Post Compact
[40.180s][info][gc,phases      ] GC(220) Post Compact 1.550ms
[40.180s][info][gc,heap        ] GC(220) PSYoungGen: 187424K(232960K)->0K(232960K) Eden: 116736K(116736K)->0K(116736K) From: 70688K(116224K)->0K(116224K)
[40.180s][info][gc,heap        ] GC(220) ParOldGen: 686496K(699392K)->649463K(699392K)
[40.180s][info][gc,metaspace   ] GC(220) Metaspace: 10417K(10624K)->10417K(10624K) NonClass: 9525K(9600K)->9525K(9600K) Class: 891K(1024K)->891K(1024K)
[40.180s][info][gc             ] GC(220) Pause Full (Ergonomics) 853M->634M(910M) 365.746ms
[40.180s][info][gc,cpu         ] GC(220) User=2.16s Sys=0.00s Real=0.37s
[40.344s][info][gc,start       ] GC(221) Pause Young (Allocation Failure)
[40.346s][info][gc,heap        ] GC(221) PSYoungGen: 116736K(232960K)->2432K(232960K) Eden: 116736K(116736K)->0K(116736K) From: 0K(116224K)->2432K(116224K)
[40.346s][info][gc,heap        ] GC(221) ParOldGen: 649463K(699392K)->649463K(699392K)
[40.346s][info][gc,metaspace   ] GC(221) Metaspace: 10417K(10624K)->10417K(10624K) NonClass: 9525K(9600K)->9525K(9600K) Class: 891K(1024K)->891K(1024K)
[40.346s][info][gc             ] GC(221) Pause Young (Allocation Failure) 748M->636M(910M) 1.877ms
[40.346s][info][gc,cpu         ] GC(221) User=0.00s Sys=0.00s Real=0.00s
[40.512s][info][gc,start       ] GC(222) Pause Young (Allocation Failure)
[40.515s][info][gc,heap        ] GC(222) PSYoungGen: 119168K(232960K)->3680K(232960K) Eden: 116736K(116736K)->0K(116736K) From: 2432K(116224K)->3680K(116224K)
[40.515s][info][gc,heap        ] GC(222) ParOldGen: 649463K(699392K)->649463K(699392K)
[40.515s][info][gc,metaspace   ] GC(222) Metaspace: 10417K(10624K)->10417K(10624K) NonClass: 9525K(9600K)->9525K(9600K) Class: 891K(1024K)->891K(1024K)
[40.515s][info][gc             ] GC(222) Pause Young (Allocation Failure) 750M->637M(910M) 2.368ms
[40.515s][info][gc,cpu         ] GC(222) User=0.00s Sys=0.00s Real=0.01s
[40.678s][info][gc,start       ] GC(223) Pause Young (Allocation Failure)
[40.680s][info][gc,heap        ] GC(223) PSYoungGen: 120416K(232960K)->4480K(232960K) Eden: 116736K(116736K)->0K(116736K) From: 3680K(116224K)->4480K(116224K)
[40.680s][info][gc,heap        ] GC(223) ParOldGen: 649463K(699392K)->649463K(699392K)
[40.680s][info][gc,metaspace   ] GC(223) Metaspace: 10417K(10624K)->10417K(10624K) NonClass: 9525K(9600K)->9525K(9600K) Class: 891K(1024K)->891K(1024K)
[40.680s][info][gc             ] GC(223) Pause Young (Allocation Failure) 751M->638M(910M) 2.095ms
[40.680s][info][gc,cpu         ] GC(223) User=0.00s Sys=0.00s Real=0.01s
[40.829s][info][gc,start       ] GC(224) Pause Young (Allocation Failure)
[40.834s][info][gc,heap        ] GC(224) PSYoungGen: 121216K(232960K)->11200K(232960K) Eden: 116736K(116736K)->0K(116736K) From: 4480K(116224K)->11200K(116224K)
[40.834s][info][gc,heap        ] GC(224) ParOldGen: 649463K(699392K)->649463K(699392K)
[40.834s][info][gc,metaspace   ] GC(224) Metaspace: 10420K(10688K)->10420K(10688K) NonClass: 9528K(9664K)->9528K(9664K) Class: 891K(1024K)->891K(1024K)
[40.834s][info][gc             ] GC(224) Pause Young (Allocation Failure) 752M->645M(910M) 4.578ms
[40.834s][info][gc,cpu         ] GC(224) User=0.00s Sys=0.00s Real=0.01s
[40.930s][info][gc,start       ] GC(225) Pause Young (Allocation Failure)
[40.943s][info][gc,heap        ] GC(225) PSYoungGen: 127936K(232960K)->27408K(232960K) Eden: 116736K(116736K)->0K(116736K) From: 11200K(116224K)->27408K(116224K)
[40.943s][info][gc,heap        ] GC(225) ParOldGen: 649463K(699392K)->651991K(699392K)
[40.943s][info][gc,metaspace   ] GC(225) Metaspace: 10420K(10688K)->10420K(10688K) NonClass: 9528K(9664K)->9528K(9664K) Class: 891K(1024K)->891K(1024K)
[40.943s][info][gc             ] GC(225) Pause Young (Allocation Failure) 759M->663M(910M) 13.557ms
[40.943s][info][gc,cpu         ] GC(225) User=0.09s Sys=0.00s Real=0.01s
[41.042s][info][gc,start       ] GC(226) Pause Young (Allocation Failure)
[41.059s][info][gc,heap        ] GC(226) PSYoungGen: 144144K(232960K)->34928K(232960K) Eden: 116736K(116736K)->0K(116736K) From: 27408K(116224K)->34928K(116224K)
[41.059s][info][gc,heap        ] GC(226) ParOldGen: 651991K(699392K)->660287K(699392K)
[41.059s][info][gc,metaspace   ] GC(226) Metaspace: 10420K(10688K)->10420K(10688K) NonClass: 9528K(9664K)->9528K(9664K) Class: 891K(1024K)->891K(1024K)
[41.059s][info][gc             ] GC(226) Pause Young (Allocation Failure) 777M->678M(910M) 17.354ms
[41.059s][info][gc,cpu         ] GC(226) User=0.09s Sys=0.00s Real=0.02s
[41.221s][info][gc,start       ] GC(227) Pause Young (Allocation Failure)
[41.242s][info][gc,heap        ] GC(227) PSYoungGen: 151664K(232960K)->13824K(232960K) Eden: 116736K(116736K)->0K(116736K) From: 34928K(116224K)->13824K(116224K)
[41.242s][info][gc,heap        ] GC(227) ParOldGen: 660287K(699392K)->693911K(699392K)
[41.242s][info][gc,metaspace   ] GC(227) Metaspace: 10420K(10688K)->10420K(10688K) NonClass: 9528K(9664K)->9528K(9664K) Class: 891K(1024K)->891K(1024K)
[41.242s][info][gc             ] GC(227) Pause Young (Allocation Failure) 792M->691M(910M) 20.748ms
[41.242s][info][gc,cpu         ] GC(227) User=0.09s Sys=0.00s Real=0.03s
[41.343s][info][gc,start       ] GC(228) Pause Full (Ergonomics)
[41.343s][info][gc,phases,start] GC(228) Marking Phase
[41.430s][info][gc,phases      ] GC(228) Marking Phase 87.044ms
[41.430s][info][gc,phases,start] GC(228) Summary Phase
[41.430s][info][gc,phases      ] GC(228) Summary Phase 0.023ms
[41.430s][info][gc,phases,start] GC(228) Adjust Roots
[41.432s][info][gc,phases      ] GC(228) Adjust Roots 2.212ms
[41.432s][info][gc,phases,start] GC(228) Compaction Phase
[41.491s][info][gc,phases      ] GC(228) Compaction Phase 58.746ms
[41.491s][info][gc,phases,start] GC(228) Post Compact
[41.493s][info][gc,phases      ] GC(228) Post Compact 1.571ms
[41.493s][info][gc,heap        ] GC(228) PSYoungGen: 130560K(232960K)->0K(232960K) Eden: 116736K(116736K)->0K(116736K) From: 13824K(116224K)->0K(116224K)
[41.493s][info][gc,heap        ] GC(228) ParOldGen: 693911K(699392K)->440617K(699392K)
[41.493s][info][gc,metaspace   ] GC(228) Metaspace: 10422K(10688K)->10422K(10688K) NonClass: 9531K(9664K)->9531K(9664K) Class: 891K(1024K)->891K(1024K)
[41.493s][info][gc             ] GC(228) Pause Full (Ergonomics) 805M->430M(910M) 149.934ms
[41.493s][info][gc,cpu         ] GC(228) User=0.77s Sys=0.00s Real=0.15s
[41.603s][info][gc,start       ] GC(229) Pause Young (Allocation Failure)
[41.616s][info][gc,heap        ] GC(229) PSYoungGen: 116736K(232960K)->26538K(232960K) Eden: 116736K(116736K)->0K(116736K) From: 0K(116224K)->26538K(116224K)
[41.616s][info][gc,heap        ] GC(229) ParOldGen: 440617K(699392K)->440617K(699392K)
[41.616s][info][gc,metaspace   ] GC(229) Metaspace: 10422K(10688K)->10422K(10688K) NonClass: 9531K(9664K)->9531K(9664K) Class: 891K(1024K)->891K(1024K)
[41.616s][info][gc             ] GC(229) Pause Young (Allocation Failure) 544M->456M(910M) 12.851ms
[41.616s][info][gc,cpu         ] GC(229) User=0.00s Sys=0.00s Real=0.02s
[41.695s][info][gc,start       ] GC(230) Pause Young (Allocation Failure)
[41.714s][info][gc,heap        ] GC(230) PSYoungGen: 143274K(232960K)->17088K(232960K) Eden: 116736K(116736K)->0K(116736K) From: 26538K(116224K)->17088K(116224K)
[41.714s][info][gc,heap        ] GC(230) ParOldGen: 440617K(699392K)->467140K(699392K)
[41.714s][info][gc,metaspace   ] GC(230) Metaspace: 10422K(10688K)->10422K(10688K) NonClass: 9531K(9664K)->9531K(9664K) Class: 891K(1024K)->891K(1024K)
[41.714s][info][gc             ] GC(230) Pause Young (Allocation Failure) 570M->472M(910M) 19.085ms
[41.714s][info][gc,cpu         ] GC(230) User=0.19s Sys=0.00s Real=0.02s
[41.785s][info][gc,start       ] GC(231) Pause Young (Allocation Failure)
[41.801s][info][gc,heap        ] GC(231) PSYoungGen: 133824K(232960K)->15168K(235008K) Eden: 116736K(116736K)->0K(118784K) From: 17088K(116224K)->15168K(116224K)
[41.801s][info][gc,heap        ] GC(231) ParOldGen: 467140K(699392K)->483068K(699392K)
[41.801s][info][gc,metaspace   ] GC(231) Metaspace: 10422K(10688K)->10422K(10688K) NonClass: 9531K(9664K)->9531K(9664K) Class: 891K(1024K)->891K(1024K)
[41.801s][info][gc             ] GC(231) Pause Young (Allocation Failure) 586M->486M(912M) 16.509ms
[41.801s][info][gc,cpu         ] GC(231) User=0.09s Sys=0.00s Real=0.03s
[41.873s][info][gc,start       ] GC(232) Pause Young (Allocation Failure)
[41.888s][info][gc,heap        ] GC(232) PSYoungGen: 133952K(235008K)->29376K(232960K) Eden: 118784K(118784K)->0K(118784K) From: 15168K(116224K)->29376K(114176K)
[41.888s][info][gc,heap        ] GC(232) ParOldGen: 483068K(699392K)->483068K(699392K)
[41.888s][info][gc,metaspace   ] GC(232) Metaspace: 10422K(10688K)->10422K(10688K) NonClass: 9531K(9664K)->9531K(9664K) Class: 891K(1024K)->891K(1024K)
[41.888s][info][gc             ] GC(232) Pause Young (Allocation Failure) 602M->500M(910M) 15.140ms
[41.888s][info][gc,cpu         ] GC(232) User=0.09s Sys=0.00s Real=0.02s
[41.958s][info][gc,start       ] GC(233) Pause Young (Allocation Failure)
[41.975s][info][gc,heap        ] GC(233) PSYoungGen: 148160K(232960K)->43264K(246272K) Eden: 118784K(118784K)->0K(138240K) From: 29376K(114176K)->43264K(108032K)
[41.976s][info][gc,heap        ] GC(233) ParOldGen: 483068K(699392K)->483068K(699392K)
[41.976s][info][gc,metaspace   ] GC(233) Metaspace: 10422K(10688K)->10422K(10688K) NonClass: 9531K(9664K)->9531K(9664K) Class: 891K(1024K)->891K(1024K)
[41.976s][info][gc             ] GC(233) Pause Young (Allocation Failure) 616M->513M(923M) 17.785ms
[41.976s][info][gc,cpu         ] GC(233) User=0.09s Sys=0.00s Real=0.03s
[42.098s][info][gc,start       ] GC(234) Pause Young (Allocation Failure)
[42.121s][info][gc,heap        ] GC(234) PSYoungGen: 181504K(246272K)->59872K(241152K) Eden: 138240K(138240K)->0K(138240K) From: 43264K(108032K)->59872K(102912K)
[42.121s][info][gc,heap        ] GC(234) ParOldGen: 483068K(699392K)->483068K(699392K)
[42.121s][info][gc,metaspace   ] GC(234) Metaspace: 10422K(10688K)->10422K(10688K) NonClass: 9531K(9664K)->9531K(9664K) Class: 891K(1024K)->891K(1024K)
[42.121s][info][gc             ] GC(234) Pause Young (Allocation Failure) 648M->530M(918M) 22.221ms
[42.121s][info][gc,cpu         ] GC(234) User=0.19s Sys=0.00s Real=0.03s
[42.245s][info][gc,start       ] GC(235) Pause Young (Allocation Failure)
[42.271s][info][gc,heap        ] GC(235) PSYoungGen: 198112K(241152K)->75552K(230912K) Eden: 138240K(138240K)->0K(125952K) From: 59872K(102912K)->75552K(104960K)
[42.271s][info][gc,heap        ] GC(235) ParOldGen: 483068K(699392K)->483068K(699392K)
[42.271s][info][gc,metaspace   ] GC(235) Metaspace: 10422K(10688K)->10422K(10688K) NonClass: 9531K(9664K)->9531K(9664K) Class: 891K(1024K)->891K(1024K)
[42.271s][info][gc             ] GC(235) Pause Young (Allocation Failure) 665M->545M(908M) 26.033ms
[42.271s][info][gc,cpu         ] GC(235) User=0.08s Sys=0.00s Real=0.03s
[42.385s][info][gc,start       ] GC(236) Pause Young (Allocation Failure)
[42.413s][info][gc,heap        ] GC(236) PSYoungGen: 201504K(230912K)->89856K(216064K) Eden: 125952K(125952K)->0K(125952K) From: 75552K(104960K)->89856K(90112K)
[42.413s][info][gc,heap        ] GC(236) ParOldGen: 483068K(699392K)->483068K(699392K)
[42.413s][info][gc,metaspace   ] GC(236) Metaspace: 10422K(10688K)->10422K(10688K) NonClass: 9531K(9664K)->9531K(9664K) Class: 891K(1024K)->891K(1024K)
[42.413s][info][gc             ] GC(236) Pause Young (Allocation Failure) 668M->559M(894M) 28.027ms
[42.413s][info][gc,cpu         ] GC(236) User=0.09s Sys=0.00s Real=0.03s
[42.522s][info][gc,start       ] GC(237) Pause Young (Allocation Failure)
[42.555s][info][gc,heap        ] GC(237) PSYoungGen: 215808K(216064K)->77856K(232960K) Eden: 125952K(125952K)->0K(116736K) From: 89856K(90112K)->77856K(116224K)
[42.555s][info][gc,heap        ] GC(237) ParOldGen: 483068K(699392K)->509372K(699392K)
[42.555s][info][gc,metaspace   ] GC(237) Metaspace: 10422K(10688K)->10422K(10688K) NonClass: 9531K(9664K)->9531K(9664K) Class: 891K(1024K)->891K(1024K)
[42.555s][info][gc             ] GC(237) Pause Young (Allocation Failure) 682M->573M(910M) 33.100ms
[42.555s][info][gc,cpu         ] GC(237) User=0.19s Sys=0.00s Real=0.04s
[42.812s][info][gc,start       ] GC(238) Pause Young (Allocation Failure)
[42.836s][info][gc,heap        ] GC(238) PSYoungGen: 194592K(232960K)->52992K(232960K) Eden: 116736K(116736K)->0K(116736K) From: 77856K(116224K)->52992K(116224K)
[42.836s][info][gc,heap        ] GC(238) ParOldGen: 509372K(699392K)->538076K(699392K)
[42.836s][info][gc,metaspace   ] GC(238) Metaspace: 10422K(10688K)->10422K(10688K) NonClass: 9531K(9664K)->9531K(9664K) Class: 891K(1024K)->891K(1024K)
[42.836s][info][gc             ] GC(238) Pause Young (Allocation Failure) 687M->577M(910M) 24.018ms
[42.836s][info][gc,cpu         ] GC(238) User=0.09s Sys=0.00s Real=0.02s
[42.924s][info][gc,start       ] GC(239) Pause Young (Allocation Failure)
[42.940s][info][gc,heap        ] GC(239) PSYoungGen: 169728K(232960K)->22464K(232960K) Eden: 116736K(116736K)->0K(116736K) From: 52992K(116224K)->22464K(116224K)
[42.940s][info][gc,heap        ] GC(239) ParOldGen: 538076K(699392K)->567388K(699392K)
[42.940s][info][gc,metaspace   ] GC(239) Metaspace: 10422K(10688K)->10422K(10688K) NonClass: 9531K(9664K)->9531K(9664K) Class: 891K(1024K)->891K(1024K)
[42.940s][info][gc             ] GC(239) Pause Young (Allocation Failure) 691M->576M(910M) 15.964ms
[42.940s][info][gc,cpu         ] GC(239) User=0.09s Sys=0.00s Real=0.02s
[43.027s][info][gc,start       ] GC(240) Pause Young (Allocation Failure)
[43.037s][info][gc,heap        ] GC(240) PSYoungGen: 139200K(232960K)->3808K(232960K) Eden: 116736K(116736K)->0K(116736K) From: 22464K(116224K)->3808K(116224K)
[43.037s][info][gc,heap        ] GC(240) ParOldGen: 567388K(699392K)->587084K(699392K)
[43.037s][info][gc,metaspace   ] GC(240) Metaspace: 10422K(10688K)->10422K(10688K) NonClass: 9531K(9664K)->9531K(9664K) Class: 891K(1024K)->891K(1024K)
[43.037s][info][gc             ] GC(240) Pause Young (Allocation Failure) 690M->577M(910M) 9.636ms
[43.037s][info][gc,cpu         ] GC(240) User=0.00s Sys=0.00s Real=0.02s
[43.369s][info][gc,start       ] GC(241) Pause Young (System.gc())
[43.372s][info][gc,heap        ] GC(241) PSYoungGen: 118574K(232960K)->3085K(232960K) Eden: 114766K(116736K)->0K(116736K) From: 3808K(116224K)->3085K(116224K)
[43.372s][info][gc,heap        ] GC(241) ParOldGen: 587084K(699392K)->589684K(699392K)
[43.372s][info][gc,metaspace   ] GC(241) Metaspace: 10439K(10688K)->10439K(10688K) NonClass: 9548K(9664K)->9548K(9664K) Class: 891K(1024K)->891K(1024K)
[43.372s][info][gc             ] GC(241) Pause Young (System.gc()) 689M->578M(910M) 3.219ms
[43.372s][info][gc,cpu         ] GC(241) User=0.03s Sys=0.00s Real=0.00s
[43.372s][info][gc,start       ] GC(242) Pause Full (System.gc())
[43.372s][info][gc,phases,start] GC(242) Marking Phase
[43.461s][info][gc,phases      ] GC(242) Marking Phase 88.789ms
[43.461s][info][gc,phases,start] GC(242) Summary Phase
[43.461s][info][gc,phases      ] GC(242) Summary Phase 0.015ms
[43.461s][info][gc,phases,start] GC(242) Adjust Roots
[43.465s][info][gc,phases      ] GC(242) Adjust Roots 3.706ms
[43.465s][info][gc,phases,start] GC(242) Compaction Phase
[43.694s][info][gc,phases      ] GC(242) Compaction Phase 228.921ms
[43.694s][info][gc,phases,start] GC(242) Post Compact
[43.695s][info][gc,phases      ] GC(242) Post Compact 0.996ms
[43.695s][info][gc,heap        ] GC(242) PSYoungGen: 3085K(232960K)->0K(232960K) Eden: 0K(116736K)->0K(116736K) From: 3085K(116224K)->0K(116224K)
[43.695s][info][gc,heap        ] GC(242) ParOldGen: 589684K(699392K)->434435K(699392K)
[43.695s][info][gc,metaspace   ] GC(242) Metaspace: 10439K(10688K)->10439K(10688K) NonClass: 9548K(9664K)->9548K(9664K) Class: 891K(1024K)->891K(1024K)
[43.695s][info][gc             ] GC(242) Pause Full (System.gc()) 578M->424M(910M) 322.681ms
[43.695s][info][gc,cpu         ] GC(242) User=1.78s Sys=0.00s Real=0.32s
[43.759s][info][gc,start       ] GC(243) Pause Young (Allocation Failure)
[43.761s][info][gc,heap        ] GC(243) PSYoungGen: 116736K(232960K)->3936K(232960K) Eden: 116736K(116736K)->0K(116736K) From: 0K(116224K)->3936K(116224K)
[43.761s][info][gc,heap        ] GC(243) ParOldGen: 434435K(699392K)->434435K(699392K)
[43.761s][info][gc,metaspace   ] GC(243) Metaspace: 10539K(10752K)->10539K(10752K) NonClass: 9648K(9728K)->9648K(9728K) Class: 891K(1024K)->891K(1024K)
[43.761s][info][gc             ] GC(243) Pause Young (Allocation Failure) 538M->428M(910M) 2.330ms
[43.761s][info][gc,cpu         ] GC(243) User=0.09s Sys=0.00s Real=0.00s
[43.799s][info][gc,start       ] GC(244) Pause Young (Allocation Failure)
[43.802s][info][gc,heap        ] GC(244) PSYoungGen: 120672K(232960K)->6496K(236544K) Eden: 116736K(116736K)->0K(120832K) From: 3936K(116224K)->6496K(115712K)
[43.802s][info][gc,heap        ] GC(244) ParOldGen: 434435K(699392K)->434435K(699392K)
[43.802s][info][gc,metaspace   ] GC(244) Metaspace: 10541K(10752K)->10541K(10752K) NonClass: 9650K(9728K)->9650K(9728K) Class: 891K(1024K)->891K(1024K)
[43.802s][info][gc             ] GC(244) Pause Young (Allocation Failure) 542M->430M(914M) 2.970ms
[43.802s][info][gc,cpu         ] GC(244) User=0.00s Sys=0.00s Real=0.00s
[43.839s][info][gc,start       ] GC(245) Pause Young (Allocation Failure)
[43.843s][info][gc,heap        ] GC(245) PSYoungGen: 127328K(236544K)->8704K(233472K) Eden: 120832K(120832K)->0K(120832K) From: 6496K(115712K)->8704K(112640K)
[43.843s][info][gc,heap        ] GC(245) ParOldGen: 434435K(699392K)->434435K(699392K)
[43.843s][info][gc,metaspace   ] GC(245) Metaspace: 10541K(10752K)->10541K(10752K) NonClass: 9650K(9728K)->9650K(9728K) Class: 891K(1024K)->891K(1024K)
[43.843s][info][gc             ] GC(245) Pause Young (Allocation Failure) 548M->432M(911M) 3.579ms
[43.843s][info][gc,cpu         ] GC(245) User=0.00s Sys=0.00s Real=0.00s
[43.883s][info][gc,start       ] GC(246) Pause Young (Allocation Failure)
[43.887s][info][gc,heap        ] GC(246) PSYoungGen: 129536K(233472K)->10912K(244736K) Eden: 120832K(120832K)->0K(135680K) From: 8704K(112640K)->10912K(109056K)
[43.887s][info][gc,heap        ] GC(246) ParOldGen: 434435K(699392K)->434435K(699392K)
[43.887s][info][gc,metaspace   ] GC(246) Metaspace: 10541K(10752K)->10541K(10752K) NonClass: 9650K(9728K)->9650K(9728K) Class: 891K(1024K)->891K(1024K)
[43.887s][info][gc             ] GC(246) Pause Young (Allocation Failure) 550M->434M(922M) 4.150ms
[43.887s][info][gc,cpu         ] GC(246) User=0.09s Sys=0.00s Real=0.01s
[43.929s][info][gc,start       ] GC(247) Pause Young (Allocation Failure)
[43.934s][info][gc,heap        ] GC(247) PSYoungGen: 146592K(244736K)->12768K(240128K) Eden: 135680K(135680K)->0K(135680K) From: 10912K(109056K)->12768K(104448K)
[43.934s][info][gc,heap        ] GC(247) ParOldGen: 434435K(699392K)->434435K(699392K)
[43.934s][info][gc,metaspace   ] GC(247) Metaspace: 10541K(10752K)->10541K(10752K) NonClass: 9650K(9728K)->9650K(9728K) Class: 891K(1024K)->891K(1024K)
[43.934s][info][gc             ] GC(247) Pause Young (Allocation Failure) 567M->436M(917M) 4.575ms
[43.934s][info][gc,cpu         ] GC(247) User=0.09s Sys=0.00s Real=0.00s
[43.976s][info][gc,start       ] GC(248) Pause Young (Allocation Failure)
[43.981s][info][gc,heap        ] GC(248) PSYoungGen: 148448K(240128K)->14560K(254464K) Eden: 135680K(135680K)->0K(154624K) From: 12768K(104448K)->14560K(99840K)
[43.981s][info][gc,heap        ] GC(248) ParOldGen: 434435K(699392K)->434435K(699392K)
[43.981s][info][gc,metaspace   ] GC(248) Metaspace: 10541K(10752K)->10541K(10752K) NonClass: 9650K(9728K)->9650K(9728K) Class: 891K(1024K)->891K(1024K)
[43.981s][info][gc             ] GC(248) Pause Young (Allocation Failure) 569M->438M(931M) 4.974ms
[43.981s][info][gc,cpu         ] GC(248) User=0.09s Sys=0.00s Real=0.00s
[44.031s][info][gc,start       ] GC(249) Pause Young (Allocation Failure)
[44.037s][info][gc,heap        ] GC(249) PSYoungGen: 169184K(254464K)->16672K(249344K) Eden: 154624K(154624K)->0K(154624K) From: 14560K(99840K)->16672K(94720K)
[44.037s][info][gc,heap        ] GC(249) ParOldGen: 434435K(699392K)->434435K(699392K)
[44.037s][info][gc,metaspace   ] GC(249) Metaspace: 10541K(10752K)->10541K(10752K) NonClass: 9650K(9728K)->9650K(9728K) Class: 891K(1024K)->891K(1024K)
[44.037s][info][gc             ] GC(249) Pause Young (Allocation Failure) 589M->440M(926M) 5.752ms
[44.037s][info][gc,cpu         ] GC(249) User=0.00s Sys=0.00s Real=0.01s
[44.087s][info][gc,start       ] GC(250) Pause Young (Allocation Failure)
[44.093s][info][gc,heap        ] GC(250) PSYoungGen: 171296K(249344K)->18432K(265216K) Eden: 154624K(154624K)->0K(175616K) From: 16672K(94720K)->18432K(89600K)
[44.093s][info][gc,heap        ] GC(250) ParOldGen: 434435K(699392K)->434435K(699392K)
[44.093s][info][gc,metaspace   ] GC(250) Metaspace: 10541K(10752K)->10541K(10752K) NonClass: 9650K(9728K)->9650K(9728K) Class: 891K(1024K)->891K(1024K)
[44.093s][info][gc             ] GC(250) Pause Young (Allocation Failure) 591M->442M(942M) 6.033ms
[44.093s][info][gc,cpu         ] GC(250) User=0.00s Sys=0.00s Real=0.01s
[44.151s][info][gc,start       ] GC(251) Pause Young (Allocation Failure)
[44.157s][info][gc,heap        ] GC(251) PSYoungGen: 194048K(265216K)->20384K(259584K) Eden: 175616K(175616K)->0K(175616K) From: 18432K(89600K)->20384K(83968K)
[44.157s][info][gc,heap        ] GC(251) ParOldGen: 434435K(699392K)->434435K(699392K)
[44.157s][info][gc,metaspace   ] GC(251) Metaspace: 10541K(10752K)->10541K(10752K) NonClass: 9650K(9728K)->9650K(9728K) Class: 891K(1024K)->891K(1024K)
[44.157s][info][gc             ] GC(251) Pause Young (Allocation Failure) 613M->444M(936M) 6.670ms
[44.157s][info][gc,cpu         ] GC(251) User=0.00s Sys=0.00s Real=0.01s
[44.213s][info][gc,start       ] GC(252) Pause Young (Allocation Failure)
[44.220s][info][gc,heap        ] GC(252) PSYoungGen: 196000K(259584K)->22208K(275456K) Eden: 175616K(175616K)->0K(196608K) From: 20384K(83968K)->22208K(78848K)
[44.220s][info][gc,heap        ] GC(252) ParOldGen: 434435K(699392K)->434435K(699392K)
[44.220s][info][gc,metaspace   ] GC(252) Metaspace: 10541K(10752K)->10541K(10752K) NonClass: 9650K(9728K)->9650K(9728K) Class: 891K(1024K)->891K(1024K)
[44.220s][info][gc             ] GC(252) Pause Young (Allocation Failure) 615M->445M(952M) 7.028ms
[44.220s][info][gc,cpu         ] GC(252) User=0.00s Sys=0.00s Real=0.01s
[44.284s][info][gc,start       ] GC(253) Pause Young (Allocation Failure)
[44.292s][info][gc,heap        ] GC(253) PSYoungGen: 218816K(275456K)->24000K(270336K) Eden: 196608K(196608K)->0K(196608K) From: 22208K(78848K)->24000K(73728K)
[44.292s][info][gc,heap        ] GC(253) ParOldGen: 434435K(699392K)->434435K(699392K)
[44.292s][info][gc,metaspace   ] GC(253) Metaspace: 10541K(10752K)->10541K(10752K) NonClass: 9650K(9728K)->9650K(9728K) Class: 891K(1024K)->891K(1024K)
[44.292s][info][gc             ] GC(253) Pause Young (Allocation Failure) 637M->447M(947M) 7.467ms
[44.292s][info][gc,cpu         ] GC(253) User=0.09s Sys=0.00s Real=0.01s
[44.356s][info][gc,start       ] GC(254) Pause Young (Allocation Failure)
[44.364s][info][gc,heap        ] GC(254) PSYoungGen: 220608K(270336K)->26144K(284160K) Eden: 196608K(196608K)->0K(215552K) From: 24000K(73728K)->26144K(68608K)
[44.364s][info][gc,heap        ] GC(254) ParOldGen: 434435K(699392K)->434435K(699392K)
[44.364s][info][gc,metaspace   ] GC(254) Metaspace: 10541K(10752K)->10541K(10752K) NonClass: 9650K(9728K)->9650K(9728K) Class: 891K(1024K)->891K(1024K)
[44.364s][info][gc             ] GC(254) Pause Young (Allocation Failure) 639M->449M(960M) 8.313ms
[44.364s][info][gc,cpu         ] GC(254) User=0.00s Sys=0.00s Real=0.01s
[44.435s][info][gc,start       ] GC(255) Pause Young (Allocation Failure)
[44.444s][info][gc,heap        ] GC(255) PSYoungGen: 241696K(284160K)->28064K(280576K) Eden: 215552K(215552K)->0K(215552K) From: 26144K(68608K)->28064K(65024K)
[44.444s][info][gc,heap        ] GC(255) ParOldGen: 434435K(699392K)->434435K(699392K)
[44.444s][info][gc,metaspace   ] GC(255) Metaspace: 10541K(10752K)->10541K(10752K) NonClass: 9650K(9728K)->9650K(9728K) Class: 891K(1024K)->891K(1024K)
[44.444s][info][gc             ] GC(255) Pause Young (Allocation Failure) 660M->451M(957M) 8.868ms
[44.444s][info][gc,cpu         ] GC(255) User=0.00s Sys=0.00s Real=0.01s
[44.516s][info][gc,start       ] GC(256) Pause Young (Allocation Failure)
[44.526s][info][gc,heap        ] GC(256) PSYoungGen: 243616K(280576K)->30240K(288256K) Eden: 215552K(215552K)->0K(225792K) From: 28064K(65024K)->30240K(62464K)
[44.526s][info][gc,heap        ] GC(256) ParOldGen: 434435K(699392K)->434435K(699392K)
[44.526s][info][gc,metaspace   ] GC(256) Metaspace: 10541K(10752K)->10541K(10752K) NonClass: 9650K(9728K)->9650K(9728K) Class: 891K(1024K)->891K(1024K)
[44.526s][info][gc             ] GC(256) Pause Young (Allocation Failure) 662M->453M(964M) 9.490ms
[44.526s][info][gc,cpu         ] GC(256) User=0.06s Sys=0.03s Real=0.01s
[44.600s][info][gc,start       ] GC(257) Pause Young (Allocation Failure)
[44.609s][info][gc,heap        ] GC(257) PSYoungGen: 256032K(288256K)->32096K(286720K) Eden: 225792K(225792K)->0K(225792K) From: 30240K(62464K)->32096K(60928K)
[44.609s][info][gc,heap        ] GC(257) ParOldGen: 434435K(699392K)->434435K(699392K)
[44.609s][info][gc,metaspace   ] GC(257) Metaspace: 10541K(10752K)->10541K(10752K) NonClass: 9650K(9728K)->9650K(9728K) Class: 891K(1024K)->891K(1024K)
[44.609s][info][gc             ] GC(257) Pause Young (Allocation Failure) 674M->455M(963M) 9.931ms
[44.609s][info][gc,cpu         ] GC(257) User=0.09s Sys=0.00s Real=0.01s
[44.685s][info][gc,start       ] GC(258) Pause Young (Allocation Failure)
[44.695s][info][gc,heap        ] GC(258) PSYoungGen: 257888K(286720K)->32832K(289792K) Eden: 225792K(225792K)->0K(229888K) From: 32096K(60928K)->32832K(59904K)
[44.695s][info][gc,heap        ] GC(258) ParOldGen: 434435K(699392K)->435835K(699392K)
[44.695s][info][gc,metaspace   ] GC(258) Metaspace: 10541K(10752K)->10541K(10752K) NonClass: 9650K(9728K)->9650K(9728K) Class: 891K(1024K)->891K(1024K)
[44.695s][info][gc             ] GC(258) Pause Young (Allocation Failure) 676M->457M(966M) 10.602ms
[44.695s][info][gc,cpu         ] GC(258) User=0.00s Sys=0.00s Real=0.01s
[44.774s][info][gc,start       ] GC(259) Pause Young (Allocation Failure)
[44.785s][info][gc,heap        ] GC(259) PSYoungGen: 262720K(289792K)->33728K(289280K) Eden: 229888K(229888K)->0K(229888K) From: 32832K(59904K)->33728K(59392K)
[44.785s][info][gc,heap        ] GC(259) ParOldGen: 435835K(699392K)->436915K(699392K)
[44.785s][info][gc,metaspace   ] GC(259) Metaspace: 10541K(10752K)->10541K(10752K) NonClass: 9650K(9728K)->9650K(9728K) Class: 891K(1024K)->891K(1024K)
[44.785s][info][gc             ] GC(259) Pause Young (Allocation Failure) 682M->459M(965M) 10.982ms
[44.785s][info][gc,cpu         ] GC(259) User=0.09s Sys=0.00s Real=0.01s
[44.863s][info][gc,start       ] GC(260) Pause Young (Allocation Failure)
[44.875s][info][gc,heap        ] GC(260) PSYoungGen: 263616K(289280K)->34592K(290816K) Eden: 229888K(229888K)->0K(231936K) From: 33728K(59392K)->34592K(58880K)
[44.875s][info][gc,heap        ] GC(260) ParOldGen: 436915K(699392K)->437955K(699392K)
[44.875s][info][gc,metaspace   ] GC(260) Metaspace: 10541K(10752K)->10541K(10752K) NonClass: 9650K(9728K)->9650K(9728K) Class: 891K(1024K)->891K(1024K)
[44.875s][info][gc             ] GC(260) Pause Young (Allocation Failure) 684M->461M(967M) 11.407ms
[44.875s][info][gc,cpu         ] GC(260) User=0.06s Sys=0.03s Real=0.01s
[44.952s][info][gc,start       ] GC(261) Pause Young (Allocation Failure)
[44.963s][info][gc,heap        ] GC(261) PSYoungGen: 266528K(290816K)->35552K(290304K) Eden: 231936K(231936K)->0K(231936K) From: 34592K(58880K)->35552K(58368K)
[44.963s][info][gc,heap        ] GC(261) ParOldGen: 437955K(699392K)->439067K(699392K)
[44.963s][info][gc,metaspace   ] GC(261) Metaspace: 10541K(10752K)->10541K(10752K) NonClass: 9650K(9728K)->9650K(9728K) Class: 891K(1024K)->891K(1024K)
[44.963s][info][gc             ] GC(261) Pause Young (Allocation Failure) 687M->463M(966M) 11.557ms
[44.963s][info][gc,cpu         ] GC(261) User=0.09s Sys=0.00s Real=0.01s
[45.041s][info][gc,start       ] GC(262) Pause Young (Allocation Failure)
[45.052s][info][gc,heap        ] GC(262) PSYoungGen: 267488K(290304K)->36384K(291328K) Eden: 231936K(231936K)->0K(232960K) From: 35552K(58368K)->36384K(58368K)
[45.053s][info][gc,heap        ] GC(262) ParOldGen: 439067K(699392K)->440195K(699392K)
[45.053s][info][gc,metaspace   ] GC(262) Metaspace: 10541K(10752K)->10541K(10752K) NonClass: 9650K(9728K)->9650K(9728K) Class: 891K(1024K)->891K(1024K)
[45.053s][info][gc             ] GC(262) Pause Young (Allocation Failure) 689M->465M(967M) 11.774ms
[45.053s][info][gc,cpu         ] GC(262) User=0.00s Sys=0.00s Real=0.01s
[45.130s][info][gc,start       ] GC(263) Pause Young (Allocation Failure)
[45.141s][info][gc,heap        ] GC(263) PSYoungGen: 269344K(291328K)->37344K(290816K) Eden: 232960K(232960K)->0K(232960K) From: 36384K(58368K)->37344K(57856K)
[45.141s][info][gc,heap        ] GC(263) ParOldGen: 440195K(699392K)->441283K(699392K)
[45.141s][info][gc,metaspace   ] GC(263) Metaspace: 10541K(10752K)->10541K(10752K) NonClass: 9650K(9728K)->9650K(9728K) Class: 891K(1024K)->891K(1024K)
[45.141s][info][gc             ] GC(263) Pause Young (Allocation Failure) 692M->467M(967M) 11.705ms
[45.141s][info][gc,cpu         ] GC(263) User=0.09s Sys=0.00s Real=0.01s
[45.218s][info][gc,start       ] GC(264) Pause Young (Allocation Failure)
[45.230s][info][gc,heap        ] GC(264) PSYoungGen: 270304K(290816K)->37920K(290816K) Eden: 232960K(232960K)->0K(232448K) From: 37344K(57856K)->37920K(58368K)
[45.230s][info][gc,heap        ] GC(264) ParOldGen: 441283K(699392K)->442611K(699392K)
[45.230s][info][gc,metaspace   ] GC(264) Metaspace: 10541K(10752K)->10541K(10752K) NonClass: 9650K(9728K)->9650K(9728K) Class: 891K(1024K)->891K(1024K)
[45.230s][info][gc             ] GC(264) Pause Young (Allocation Failure) 694M->469M(967M) 11.978ms
[45.230s][info][gc,cpu         ] GC(264) User=0.09s Sys=0.00s Real=0.01s
[45.306s][info][gc,start       ] GC(265) Pause Young (Allocation Failure)
[45.318s][info][gc,heap        ] GC(265) PSYoungGen: 270368K(290816K)->38560K(290816K) Eden: 232448K(232448K)->0K(232448K) From: 37920K(58368K)->38560K(58368K)
[45.318s][info][gc,heap        ] GC(265) ParOldGen: 442611K(699392K)->443827K(699392K)
[45.318s][info][gc,metaspace   ] GC(265) Metaspace: 10541K(10752K)->10541K(10752K) NonClass: 9650K(9728K)->9650K(9728K) Class: 891K(1024K)->891K(1024K)
[45.318s][info][gc             ] GC(265) Pause Young (Allocation Failure) 696M->471M(967M) 12.520ms
[45.318s][info][gc,cpu         ] GC(265) User=0.02s Sys=0.00s Real=0.01s
[45.407s][info][gc,start       ] GC(266) Pause Young (Allocation Failure)
[45.419s][info][gc,heap        ] GC(266) PSYoungGen: 271008K(290816K)->39232K(290816K) Eden: 232448K(232448K)->0K(232448K) From: 38560K(58368K)->39232K(58368K)
[45.420s][info][gc,heap        ] GC(266) ParOldGen: 443827K(699392K)->445291K(699392K)
[45.420s][info][gc,metaspace   ] GC(266) Metaspace: 10541K(10752K)->10541K(10752K) NonClass: 9650K(9728K)->9650K(9728K) Class: 891K(1024K)->891K(1024K)
[45.420s][info][gc             ] GC(266) Pause Young (Allocation Failure) 698M->473M(967M) 12.511ms
[45.420s][info][gc,cpu         ] GC(266) User=0.09s Sys=0.00s Real=0.01s
[45.496s][info][gc,start       ] GC(267) Pause Young (Allocation Failure)
[45.508s][info][gc,heap        ] GC(267) PSYoungGen: 271680K(290816K)->39488K(290816K) Eden: 232448K(232448K)->0K(232448K) From: 39232K(58368K)->39488K(58368K)
[45.508s][info][gc,heap        ] GC(267) ParOldGen: 445291K(699392K)->446643K(699392K)
[45.508s][info][gc,metaspace   ] GC(267) Metaspace: 10541K(10752K)->10541K(10752K) NonClass: 9650K(9728K)->9650K(9728K) Class: 891K(1024K)->891K(1024K)
[45.508s][info][gc             ] GC(267) Pause Young (Allocation Failure) 700M->474M(967M) 12.105ms
[45.508s][info][gc,cpu         ] GC(267) User=0.00s Sys=0.00s Real=0.01s
[45.586s][info][gc,start       ] GC(268) Pause Young (Allocation Failure)
[45.599s][info][gc,heap        ] GC(268) PSYoungGen: 271936K(290816K)->40032K(290816K) Eden: 232448K(232448K)->0K(232448K) From: 39488K(58368K)->40032K(58368K)
[45.599s][info][gc,heap        ] GC(268) ParOldGen: 446643K(699392K)->448107K(699392K)
[45.599s][info][gc,metaspace   ] GC(268) Metaspace: 10541K(10752K)->10541K(10752K) NonClass: 9650K(9728K)->9650K(9728K) Class: 891K(1024K)->891K(1024K)
[45.599s][info][gc             ] GC(268) Pause Young (Allocation Failure) 701M->476M(967M) 12.600ms
[45.599s][info][gc,cpu         ] GC(268) User=0.09s Sys=0.00s Real=0.01s
[45.675s][info][gc,start       ] GC(269) Pause Young (Allocation Failure)
[45.687s][info][gc,heap        ] GC(269) PSYoungGen: 272480K(290816K)->40288K(290816K) Eden: 232448K(232448K)->0K(232448K) From: 40032K(58368K)->40288K(58368K)
[45.687s][info][gc,heap        ] GC(269) ParOldGen: 448107K(699392K)->449675K(699392K)
[45.687s][info][gc,metaspace   ] GC(269) Metaspace: 10541K(10752K)->10541K(10752K) NonClass: 9650K(9728K)->9650K(9728K) Class: 891K(1024K)->891K(1024K)
[45.687s][info][gc             ] GC(269) Pause Young (Allocation Failure) 703M->478M(967M) 12.441ms
[45.687s][info][gc,cpu         ] GC(269) User=0.09s Sys=0.00s Real=0.01s
[45.765s][info][gc,start       ] GC(270) Pause Young (Allocation Failure)
[45.777s][info][gc,heap        ] GC(270) PSYoungGen: 272736K(290816K)->40480K(290816K) Eden: 232448K(232448K)->0K(232448K) From: 40288K(58368K)->40480K(58368K)
[45.777s][info][gc,heap        ] GC(270) ParOldGen: 449675K(699392K)->451387K(699392K)
[45.777s][info][gc,metaspace   ] GC(270) Metaspace: 10541K(10752K)->10541K(10752K) NonClass: 9650K(9728K)->9650K(9728K) Class: 891K(1024K)->891K(1024K)
[45.777s][info][gc             ] GC(270) Pause Young (Allocation Failure) 705M->480M(967M) 12.934ms
[45.777s][info][gc,cpu         ] GC(270) User=0.09s Sys=0.00s Real=0.01s
[45.857s][info][gc,start       ] GC(271) Pause Young (Allocation Failure)
[45.870s][info][gc,heap        ] GC(271) PSYoungGen: 272928K(290816K)->40608K(290816K) Eden: 232448K(232448K)->0K(232448K) From: 40480K(58368K)->40608K(58368K)
[45.870s][info][gc,heap        ] GC(271) ParOldGen: 451387K(699392K)->453203K(699392K)
[45.870s][info][gc,metaspace   ] GC(271) Metaspace: 10541K(10752K)->10541K(10752K) NonClass: 9650K(9728K)->9650K(9728K) Class: 891K(1024K)->891K(1024K)
[45.870s][info][gc             ] GC(271) Pause Young (Allocation Failure) 707M->482M(967M) 12.831ms
[45.870s][info][gc,cpu         ] GC(271) User=0.09s Sys=0.00s Real=0.01s
[45.947s][info][gc,start       ] GC(272) Pause Young (Allocation Failure)
[45.960s][info][gc,heap        ] GC(272) PSYoungGen: 273056K(290816K)->40576K(291328K) Eden: 232448K(232448K)->0K(233472K) From: 40608K(58368K)->40576K(57856K)
[45.960s][info][gc,heap        ] GC(272) ParOldGen: 453203K(699392K)->454995K(699392K)
[45.960s][info][gc,metaspace   ] GC(272) Metaspace: 10541K(10752K)->10541K(10752K) NonClass: 9650K(9728K)->9650K(9728K) Class: 891K(1024K)->891K(1024K)
[45.960s][info][gc             ] GC(272) Pause Young (Allocation Failure) 709M->483M(967M) 12.720ms
[45.960s][info][gc,cpu         ] GC(272) User=0.00s Sys=0.00s Real=0.01s
[46.036s][info][gc,start       ] GC(273) Pause Young (Allocation Failure)
[46.049s][info][gc,heap        ] GC(273) PSYoungGen: 274048K(291328K)->40672K(291328K) Eden: 233472K(233472K)->0K(233472K) From: 40576K(57856K)->40672K(57856K)
[46.049s][info][gc,heap        ] GC(273) ParOldGen: 454995K(699392K)->456851K(699392K)
[46.049s][info][gc,metaspace   ] GC(273) Metaspace: 10541K(10752K)->10541K(10752K) NonClass: 9650K(9728K)->9650K(9728K) Class: 891K(1024K)->891K(1024K)
[46.049s][info][gc             ] GC(273) Pause Young (Allocation Failure) 711M->485M(967M) 12.740ms
[46.049s][info][gc,cpu         ] GC(273) User=0.09s Sys=0.00s Real=0.01s
[46.126s][info][gc,start       ] GC(274) Pause Young (Allocation Failure)
[46.140s][info][gc,heap        ] GC(274) PSYoungGen: 274144K(291328K)->40672K(292352K) Eden: 233472K(233472K)->0K(235008K) From: 40672K(57856K)->40672K(57344K)
[46.140s][info][gc,heap        ] GC(274) ParOldGen: 456851K(699392K)->458715K(699392K)
[46.140s][info][gc,metaspace   ] GC(274) Metaspace: 10541K(10752K)->10541K(10752K) NonClass: 9650K(9728K)->9650K(9728K) Class: 891K(1024K)->891K(1024K)
[46.140s][info][gc             ] GC(274) Pause Young (Allocation Failure) 713M->487M(968M) 13.787ms
[46.140s][info][gc,cpu         ] GC(274) User=0.09s Sys=0.00s Real=0.01s
[46.218s][info][gc,start       ] GC(275) Pause Young (Allocation Failure)
[46.231s][info][gc,heap        ] GC(275) PSYoungGen: 275680K(292352K)->40800K(291840K) Eden: 235008K(235008K)->0K(235008K) From: 40672K(57344K)->40800K(56832K)
[46.231s][info][gc,heap        ] GC(275) ParOldGen: 458715K(699392K)->460619K(699392K)
[46.231s][info][gc,metaspace   ] GC(275) Metaspace: 10541K(10752K)->10541K(10752K) NonClass: 9650K(9728K)->9650K(9728K) Class: 891K(1024K)->891K(1024K)
[46.231s][info][gc             ] GC(275) Pause Young (Allocation Failure) 717M->489M(968M) 12.999ms
[46.231s][info][gc,cpu         ] GC(275) User=0.09s Sys=0.00s Real=0.01s
[46.309s][info][gc,start       ] GC(276) Pause Young (Allocation Failure)
[46.322s][info][gc,heap        ] GC(276) PSYoungGen: 275808K(291840K)->40640K(293888K) Eden: 235008K(235008K)->0K(237568K) From: 40800K(56832K)->40640K(56320K)
[46.322s][info][gc,heap        ] GC(276) ParOldGen: 460619K(699392K)->462507K(699392K)
[46.322s][info][gc,metaspace   ] GC(276) Metaspace: 10541K(10752K)->10541K(10752K) NonClass: 9650K(9728K)->9650K(9728K) Class: 891K(1024K)->891K(1024K)
[46.322s][info][gc             ] GC(276) Pause Young (Allocation Failure) 719M->491M(970M) 12.701ms
[46.322s][info][gc,cpu         ] GC(276) User=0.03s Sys=0.00s Real=0.01s
[46.400s][info][gc,start       ] GC(277) Pause Young (Allocation Failure)
[46.413s][info][gc,heap        ] GC(277) PSYoungGen: 278208K(293888K)->40704K(292864K) Eden: 237568K(237568K)->0K(237568K) From: 40640K(56320K)->40704K(55296K)
[46.413s][info][gc,heap        ] GC(277) ParOldGen: 462507K(699392K)->464451K(699392K)
[46.413s][info][gc,metaspace   ] GC(277) Metaspace: 10541K(10752K)->10541K(10752K) NonClass: 9650K(9728K)->9650K(9728K) Class: 891K(1024K)->891K(1024K)
[46.413s][info][gc             ] GC(277) Pause Young (Allocation Failure) 723M->493M(969M) 12.671ms
[46.413s][info][gc,cpu         ] GC(277) User=0.00s Sys=0.00s Real=0.01s
[46.493s][info][gc,start       ] GC(278) Pause Young (Allocation Failure)
[46.505s][info][gc,heap        ] GC(278) PSYoungGen: 278272K(292864K)->40768K(294912K) Eden: 237568K(237568K)->0K(240128K) From: 40704K(55296K)->40768K(54784K)
[46.505s][info][gc,heap        ] GC(278) ParOldGen: 464451K(699392K)->466315K(699392K)
[46.505s][info][gc,metaspace   ] GC(278) Metaspace: 10541K(10752K)->10541K(10752K) NonClass: 9650K(9728K)->9650K(9728K) Class: 891K(1024K)->891K(1024K)
[46.505s][info][gc             ] GC(278) Pause Young (Allocation Failure) 725M->495M(971M) 12.796ms
[46.505s][info][gc,cpu         ] GC(278) User=0.09s Sys=0.00s Real=0.01s
[46.584s][info][gc,start       ] GC(279) Pause Young (Allocation Failure)
[46.596s][info][gc,heap        ] GC(279) PSYoungGen: 280896K(294912K)->40832K(294400K) Eden: 240128K(240128K)->0K(240128K) From: 40768K(54784K)->40832K(54272K)
[46.596s][info][gc,heap        ] GC(279) ParOldGen: 466315K(699392K)->468243K(699392K)
[46.596s][info][gc,metaspace   ] GC(279) Metaspace: 10541K(10752K)->10541K(10752K) NonClass: 9650K(9728K)->9650K(9728K) Class: 891K(1024K)->891K(1024K)
[46.596s][info][gc             ] GC(279) Pause Young (Allocation Failure) 729M->497M(970M) 12.639ms
[46.596s][info][gc,cpu         ] GC(279) User=0.09s Sys=0.00s Real=0.01s
[46.675s][info][gc,start       ] GC(280) Pause Young (Allocation Failure)
[46.688s][info][gc,heap        ] GC(280) PSYoungGen: 280960K(294400K)->40960K(296448K) Eden: 240128K(240128K)->0K(242688K) From: 40832K(54272K)->40960K(53760K)
[46.688s][info][gc,heap        ] GC(280) ParOldGen: 468243K(699392K)->470099K(699392K)
[46.688s][info][gc,metaspace   ] GC(280) Metaspace: 10541K(10752K)->10541K(10752K) NonClass: 9650K(9728K)->9650K(9728K) Class: 891K(1024K)->891K(1024K)
[46.688s][info][gc             ] GC(280) Pause Young (Allocation Failure) 731M->499M(972M) 12.947ms
[46.688s][info][gc,cpu         ] GC(280) User=0.09s Sys=0.00s Real=0.01s
[46.770s][info][gc,start       ] GC(281) Pause Young (Allocation Failure)
[46.783s][info][gc,heap        ] GC(281) PSYoungGen: 283648K(296448K)->41120K(295424K) Eden: 242688K(242688K)->0K(242688K) From: 40960K(53760K)->41120K(52736K)
[46.783s][info][gc,heap        ] GC(281) ParOldGen: 470099K(699392K)->472059K(699392K)
[46.783s][info][gc,metaspace   ] GC(281) Metaspace: 10541K(10752K)->10541K(10752K) NonClass: 9650K(9728K)->9650K(9728K) Class: 891K(1024K)->891K(1024K)
[46.783s][info][gc             ] GC(281) Pause Young (Allocation Failure) 736M->501M(971M) 13.231ms
[46.783s][info][gc,cpu         ] GC(281) User=0.09s Sys=0.00s Real=0.01s
[46.864s][info][gc,start       ] GC(282) Pause Young (Allocation Failure)
[46.877s][info][gc,heap        ] GC(282) PSYoungGen: 283808K(295424K)->41056K(297472K) Eden: 242688K(242688K)->0K(245248K) From: 41120K(52736K)->41056K(52224K)
[46.877s][info][gc,heap        ] GC(282) ParOldGen: 472059K(699392K)->473891K(699392K)
[46.877s][info][gc,metaspace   ] GC(282) Metaspace: 10541K(10752K)->10541K(10752K) NonClass: 9650K(9728K)->9650K(9728K) Class: 891K(1024K)->891K(1024K)
[46.877s][info][gc             ] GC(282) Pause Young (Allocation Failure) 738M->502M(973M) 13.276ms
[46.877s][info][gc,cpu         ] GC(282) User=0.09s Sys=0.00s Real=0.01s
[46.959s][info][gc,start       ] GC(283) Pause Young (Allocation Failure)
[46.973s][info][gc,heap        ] GC(283) PSYoungGen: 286304K(297472K)->41312K(296960K) Eden: 245248K(245248K)->0K(245248K) From: 41056K(52224K)->41312K(51712K)
[46.973s][info][gc,heap        ] GC(283) ParOldGen: 473891K(699392K)->475763K(699392K)
[46.973s][info][gc,metaspace   ] GC(283) Metaspace: 10541K(10752K)->10541K(10752K) NonClass: 9650K(9728K)->9650K(9728K) Class: 891K(1024K)->891K(1024K)
[46.973s][info][gc             ] GC(283) Pause Young (Allocation Failure) 742M->504M(973M) 13.547ms
[46.973s][info][gc,cpu         ] GC(283) User=0.09s Sys=0.00s Real=0.02s
[47.056s][info][gc,start       ] GC(284) Pause Young (Allocation Failure)
[47.069s][info][gc,heap        ] GC(284) PSYoungGen: 286560K(296960K)->41472K(297984K) Eden: 245248K(245248K)->0K(246784K) From: 41312K(51712K)->41472K(51200K)
[47.069s][info][gc,heap        ] GC(284) ParOldGen: 475763K(699392K)->477603K(699392K)
[47.069s][info][gc,metaspace   ] GC(284) Metaspace: 10541K(10752K)->10541K(10752K) NonClass: 9650K(9728K)->9650K(9728K) Class: 891K(1024K)->891K(1024K)
[47.069s][info][gc             ] GC(284) Pause Young (Allocation Failure) 744M->506M(974M) 13.271ms
[47.069s][info][gc,cpu         ] GC(284) User=0.09s Sys=0.00s Real=0.01s
[47.152s][info][gc,start       ] GC(285) Pause Young (Allocation Failure)
[47.165s][info][gc,heap        ] GC(285) PSYoungGen: 288256K(297984K)->41632K(297984K) Eden: 246784K(246784K)->0K(246784K) From: 41472K(51200K)->41632K(51200K)
[47.165s][info][gc,heap        ] GC(285) ParOldGen: 477603K(699392K)->479411K(699392K)
[47.165s][info][gc,metaspace   ] GC(285) Metaspace: 10541K(10752K)->10541K(10752K) NonClass: 9650K(9728K)->9650K(9728K) Class: 891K(1024K)->891K(1024K)
[47.165s][info][gc             ] GC(285) Pause Young (Allocation Failure) 747M->508M(974M) 13.285ms
[47.165s][info][gc,cpu         ] GC(285) User=0.00s Sys=0.00s Real=0.01s
[47.247s][info][gc,start       ] GC(286) Pause Young (Allocation Failure)
[47.260s][info][gc,heap        ] GC(286) PSYoungGen: 288416K(297984K)->41568K(299008K) Eden: 246784K(246784K)->0K(248320K) From: 41632K(51200K)->41568K(50688K)
[47.260s][info][gc,heap        ] GC(286) ParOldGen: 479411K(699392K)->481283K(699392K)
[47.260s][info][gc,metaspace   ] GC(286) Metaspace: 10541K(10752K)->10541K(10752K) NonClass: 9650K(9728K)->9650K(9728K) Class: 891K(1024K)->891K(1024K)
[47.260s][info][gc             ] GC(286) Pause Young (Allocation Failure) 749M->510M(975M) 12.990ms
[47.260s][info][gc,cpu         ] GC(286) User=0.09s Sys=0.00s Real=0.01s
[47.341s][info][gc,start       ] GC(287) Pause Young (Allocation Failure)
[47.354s][info][gc,heap        ] GC(287) PSYoungGen: 289888K(299008K)->41664K(298496K) Eden: 248320K(248320K)->0K(248320K) From: 41568K(50688K)->41664K(50176K)
[47.354s][info][gc,heap        ] GC(287) ParOldGen: 481283K(699392K)->483131K(699392K)
[47.354s][info][gc,metaspace   ] GC(287) Metaspace: 10541K(10752K)->10541K(10752K) NonClass: 9650K(9728K)->9650K(9728K) Class: 891K(1024K)->891K(1024K)
[47.354s][info][gc             ] GC(287) Pause Young (Allocation Failure) 753M->512M(974M) 13.073ms
[47.354s][info][gc,cpu         ] GC(287) User=0.09s Sys=0.00s Real=0.01s
[47.434s][info][gc,start       ] GC(288) Pause Young (Allocation Failure)
[47.448s][info][gc,heap        ] GC(288) PSYoungGen: 289984K(298496K)->41888K(299520K) Eden: 248320K(248320K)->0K(249856K) From: 41664K(50176K)->41888K(49664K)
[47.448s][info][gc,heap        ] GC(288) ParOldGen: 483131K(699392K)->484939K(699392K)
[47.448s][info][gc,metaspace   ] GC(288) Metaspace: 10541K(10752K)->10541K(10752K) NonClass: 9650K(9728K)->9650K(9728K) Class: 891K(1024K)->891K(1024K)
[47.448s][info][gc             ] GC(288) Pause Young (Allocation Failure) 754M->514M(975M) 13.833ms
[47.448s][info][gc,cpu         ] GC(288) User=0.08s Sys=0.00s Real=0.02s
[47.530s][info][gc,start       ] GC(289) Pause Young (Allocation Failure)
[47.544s][info][gc,heap        ] GC(289) PSYoungGen: 291744K(299520K)->42176K(299520K) Eden: 249856K(249856K)->0K(249856K) From: 41888K(49664K)->42176K(49664K)
[47.544s][info][gc,heap        ] GC(289) ParOldGen: 484939K(699392K)->486747K(699392K)
[47.544s][info][gc,metaspace   ] GC(289) Metaspace: 10541K(10752K)->10541K(10752K) NonClass: 9650K(9728K)->9650K(9728K) Class: 891K(1024K)->891K(1024K)
[47.544s][info][gc             ] GC(289) Pause Young (Allocation Failure) 758M->516M(975M) 13.218ms
[47.544s][info][gc,cpu         ] GC(289) User=0.08s Sys=0.00s Real=0.01s
[47.624s][info][gc,start       ] GC(290) Pause Young (Allocation Failure)
[47.637s][info][gc,heap        ] GC(290) PSYoungGen: 292032K(299520K)->42080K(300032K) Eden: 249856K(249856K)->0K(250880K) From: 42176K(49664K)->42080K(49152K)
[47.637s][info][gc,heap        ] GC(290) ParOldGen: 486747K(699392K)->488707K(699392K)
[47.638s][info][gc,metaspace   ] GC(290) Metaspace: 10541K(10752K)->10541K(10752K) NonClass: 9650K(9728K)->9650K(9728K) Class: 891K(1024K)->891K(1024K)
[47.638s][info][gc             ] GC(290) Pause Young (Allocation Failure) 760M->518M(976M) 13.163ms
[47.638s][info][gc,cpu         ] GC(290) User=0.09s Sys=0.00s Real=0.01s
[47.719s][info][gc,start       ] GC(291) Pause Young (Allocation Failure)
[47.733s][info][gc,heap        ] GC(291) PSYoungGen: 292960K(300032K)->42304K(300032K) Eden: 250880K(250880K)->0K(250880K) From: 42080K(49152K)->42304K(49152K)
[47.733s][info][gc,heap        ] GC(291) ParOldGen: 488707K(699392K)->490643K(699392K)
[47.733s][info][gc,metaspace   ] GC(291) Metaspace: 10541K(10752K)->10541K(10752K) NonClass: 9650K(9728K)->9650K(9728K) Class: 891K(1024K)->891K(1024K)
[47.733s][info][gc             ] GC(291) Pause Young (Allocation Failure) 763M->520M(976M) 13.375ms
[47.733s][info][gc,cpu         ] GC(291) User=0.09s Sys=0.00s Real=0.01s
[47.816s][info][gc,start       ] GC(292) Pause Young (Allocation Failure)
[47.830s][info][gc,heap        ] GC(292) PSYoungGen: 293184K(300032K)->42112K(300544K) Eden: 250880K(250880K)->0K(251904K) From: 42304K(49152K)->42112K(48640K)
[47.830s][info][gc,heap        ] GC(292) ParOldGen: 490643K(699392K)->492563K(699392K)
[47.830s][info][gc,metaspace   ] GC(292) Metaspace: 10542K(10752K)->10542K(10752K) NonClass: 9651K(9728K)->9651K(9728K) Class: 891K(1024K)->891K(1024K)
[47.830s][info][gc             ] GC(292) Pause Young (Allocation Failure) 765M->522M(976M) 13.438ms
[47.830s][info][gc,cpu         ] GC(292) User=0.09s Sys=0.00s Real=0.01s
[47.913s][info][gc,start       ] GC(293) Pause Young (Allocation Failure)
[47.926s][info][gc,heap        ] GC(293) PSYoungGen: 294016K(300544K)->42304K(300544K) Eden: 251904K(251904K)->0K(251904K) From: 42112K(48640K)->42304K(48640K)
[47.926s][info][gc,heap        ] GC(293) ParOldGen: 492563K(699392K)->494459K(699392K)
[47.926s][info][gc,metaspace   ] GC(293) Metaspace: 10542K(10752K)->10542K(10752K) NonClass: 9651K(9728K)->9651K(9728K) Class: 891K(1024K)->891K(1024K)
[47.926s][info][gc             ] GC(293) Pause Young (Allocation Failure) 768M->524M(976M) 13.376ms
[47.926s][info][gc,cpu         ] GC(293) User=0.09s Sys=0.00s Real=0.01s
[48.009s][info][gc,start       ] GC(294) Pause Young (Allocation Failure)
[48.023s][info][gc,heap        ] GC(294) PSYoungGen: 294208K(300544K)->42432K(301056K) Eden: 251904K(251904K)->0K(252928K) From: 42304K(48640K)->42432K(48128K)
[48.023s][info][gc,heap        ] GC(294) ParOldGen: 494459K(699392K)->496427K(699392K)
[48.023s][info][gc,metaspace   ] GC(294) Metaspace: 10542K(10752K)->10542K(10752K) NonClass: 9651K(9728K)->9651K(9728K) Class: 891K(1024K)->891K(1024K)
[48.023s][info][gc             ] GC(294) Pause Young (Allocation Failure) 770M->526M(977M) 13.846ms
[48.023s][info][gc,cpu         ] GC(294) User=0.00s Sys=0.00s Real=0.01s
[48.106s][info][gc,start       ] GC(295) Pause Young (Allocation Failure)
[48.120s][info][gc,heap        ] GC(295) PSYoungGen: 295360K(301056K)->42336K(301056K) Eden: 252928K(252928K)->0K(252928K) From: 42432K(48128K)->42336K(48128K)
[48.122s][info][gc,heap        ] GC(295) ParOldGen: 496427K(699392K)->498339K(699392K)
[48.122s][info][gc,metaspace   ] GC(295) Metaspace: 10542K(10752K)->10542K(10752K) NonClass: 9651K(9728K)->9651K(9728K) Class: 891K(1024K)->891K(1024K)
[48.122s][info][gc             ] GC(295) Pause Young (Allocation Failure) 773M->528M(977M) 15.921ms
[48.122s][info][gc,cpu         ] GC(295) User=0.09s Sys=0.00s Real=0.01s
[48.206s][info][gc,start       ] GC(296) Pause Young (Allocation Failure)
[48.219s][info][gc,heap        ] GC(296) PSYoungGen: 295264K(301056K)->42368K(301568K) Eden: 252928K(252928K)->0K(253952K) From: 42336K(48128K)->42368K(47616K)
[48.219s][info][gc,heap        ] GC(296) ParOldGen: 498339K(699392K)->500259K(699392K)
[48.219s][info][gc,metaspace   ] GC(296) Metaspace: 10542K(10752K)->10542K(10752K) NonClass: 9651K(9728K)->9651K(9728K) Class: 891K(1024K)->891K(1024K)
[48.219s][info][gc             ] GC(296) Pause Young (Allocation Failure) 775M->529M(977M) 13.482ms
[48.219s][info][gc,cpu         ] GC(296) User=0.08s Sys=0.00s Real=0.01s
[48.304s][info][gc,start       ] GC(297) Pause Young (Allocation Failure)
[48.317s][info][gc,heap        ] GC(297) PSYoungGen: 296320K(301568K)->42656K(301568K) Eden: 253952K(253952K)->0K(253952K) From: 42368K(47616K)->42656K(47616K)
[48.317s][info][gc,heap        ] GC(297) ParOldGen: 500259K(699392K)->502155K(699392K)
[48.317s][info][gc,metaspace   ] GC(297) Metaspace: 10542K(10752K)->10542K(10752K) NonClass: 9651K(9728K)->9651K(9728K) Class: 891K(1024K)->891K(1024K)
[48.317s][info][gc             ] GC(297) Pause Young (Allocation Failure) 777M->532M(977M) 13.429ms
[48.317s][info][gc,cpu         ] GC(297) User=0.09s Sys=0.00s Real=0.01s
[48.401s][info][gc,start       ] GC(298) Pause Young (Allocation Failure)
[48.415s][info][gc,heap        ] GC(298) PSYoungGen: 296608K(301568K)->42912K(301568K) Eden: 253952K(253952K)->0K(253952K) From: 42656K(47616K)->42912K(47616K)
[48.415s][info][gc,heap        ] GC(298) ParOldGen: 502155K(699392K)->504139K(699392K)
[48.415s][info][gc,metaspace   ] GC(298) Metaspace: 10542K(10752K)->10542K(10752K) NonClass: 9651K(9728K)->9651K(9728K) Class: 891K(1024K)->891K(1024K)
[48.415s][info][gc             ] GC(298) Pause Young (Allocation Failure) 780M->534M(977M) 13.752ms
[48.415s][info][gc,cpu         ] GC(298) User=0.00s Sys=0.00s Real=0.01s
[48.499s][info][gc,start       ] GC(299) Pause Young (Allocation Failure)
[48.513s][info][gc,heap        ] GC(299) PSYoungGen: 296864K(301568K)->42976K(301568K) Eden: 253952K(253952K)->0K(253952K) From: 42912K(47616K)->42976K(47616K)
[48.513s][info][gc,heap        ] GC(299) ParOldGen: 504139K(699392K)->506107K(699392K)
[48.513s][info][gc,metaspace   ] GC(299) Metaspace: 10542K(10752K)->10542K(10752K) NonClass: 9651K(9728K)->9651K(9728K) Class: 891K(1024K)->891K(1024K)
[48.513s][info][gc             ] GC(299) Pause Young (Allocation Failure) 782M->536M(977M) 13.976ms
[48.513s][info][gc,cpu         ] GC(299) User=0.09s Sys=0.00s Real=0.01s
[48.599s][info][gc,start       ] GC(300) Pause Young (Allocation Failure)
[48.612s][info][gc,heap        ] GC(300) PSYoungGen: 296928K(301568K)->43072K(302080K) Eden: 253952K(253952K)->0K(254976K) From: 42976K(47616K)->43072K(47104K)
[48.612s][info][gc,heap        ] GC(300) ParOldGen: 506107K(699392K)->508067K(699392K)
[48.612s][info][gc,metaspace   ] GC(300) Metaspace: 10542K(10752K)->10542K(10752K) NonClass: 9651K(9728K)->9651K(9728K) Class: 891K(1024K)->891K(1024K)
[48.612s][info][gc             ] GC(300) Pause Young (Allocation Failure) 784M->538M(978M) 13.825ms
[48.612s][info][gc,cpu         ] GC(300) User=0.08s Sys=0.02s Real=0.01s
[48.697s][info][gc,start       ] GC(301) Pause Young (Allocation Failure)
[48.711s][info][gc,heap        ] GC(301) PSYoungGen: 298048K(302080K)->43264K(302080K) Eden: 254976K(254976K)->0K(254976K) From: 43072K(47104K)->43264K(47104K)
[48.711s][info][gc,heap        ] GC(301) ParOldGen: 508067K(699392K)->510035K(699392K)
[48.711s][info][gc,metaspace   ] GC(301) Metaspace: 10542K(10752K)->10542K(10752K) NonClass: 9651K(9728K)->9651K(9728K) Class: 891K(1024K)->891K(1024K)
[48.711s][info][gc             ] GC(301) Pause Young (Allocation Failure) 787M->540M(978M) 14.131ms
[48.711s][info][gc,cpu         ] GC(301) User=0.00s Sys=0.00s Real=0.01s
[48.796s][info][gc,start       ] GC(302) Pause Young (Allocation Failure)
[48.810s][info][gc,heap        ] GC(302) PSYoungGen: 298240K(302080K)->43552K(302080K) Eden: 254976K(254976K)->0K(254976K) From: 43264K(47104K)->43552K(47104K)
[48.810s][info][gc,heap        ] GC(302) ParOldGen: 510035K(699392K)->511947K(699392K)
[48.810s][info][gc,metaspace   ] GC(302) Metaspace: 10542K(10752K)->10542K(10752K) NonClass: 9651K(9728K)->9651K(9728K) Class: 891K(1024K)->891K(1024K)
[48.810s][info][gc             ] GC(302) Pause Young (Allocation Failure) 789M->542M(978M) 13.887ms
[48.810s][info][gc,cpu         ] GC(302) User=0.09s Sys=0.00s Real=0.01s
[48.896s][info][gc,start       ] GC(303) Pause Young (Allocation Failure)
[48.909s][info][gc,heap        ] GC(303) PSYoungGen: 298528K(302080K)->43552K(302080K) Eden: 254976K(254976K)->0K(254976K) From: 43552K(47104K)->43552K(47104K)
[48.909s][info][gc,heap        ] GC(303) ParOldGen: 511947K(699392K)->513923K(699392K)
[48.909s][info][gc,metaspace   ] GC(303) Metaspace: 10542K(10752K)->10542K(10752K) NonClass: 9651K(9728K)->9651K(9728K) Class: 891K(1024K)->891K(1024K)
[48.909s][info][gc             ] GC(303) Pause Young (Allocation Failure) 791M->544M(978M) 13.753ms
[48.909s][info][gc,cpu         ] GC(303) User=0.08s Sys=0.00s Real=0.01s
[48.995s][info][gc,start       ] GC(304) Pause Young (Allocation Failure)
[49.009s][info][gc,heap        ] GC(304) PSYoungGen: 298528K(302080K)->43648K(302080K) Eden: 254976K(254976K)->0K(254976K) From: 43552K(47104K)->43648K(47104K)
[49.009s][info][gc,heap        ] GC(304) ParOldGen: 513923K(699392K)->515899K(699392K)
[49.009s][info][gc,metaspace   ] GC(304) Metaspace: 10542K(10752K)->10542K(10752K) NonClass: 9651K(9728K)->9651K(9728K) Class: 891K(1024K)->891K(1024K)
[49.009s][info][gc             ] GC(304) Pause Young (Allocation Failure) 793M->546M(978M) 13.817ms
[49.009s][info][gc,cpu         ] GC(304) User=0.00s Sys=0.00s Real=0.01s
[49.095s][info][gc,start       ] GC(305) Pause Young (Allocation Failure)
[49.109s][info][gc,heap        ] GC(305) PSYoungGen: 298624K(302080K)->43840K(302080K) Eden: 254976K(254976K)->0K(254976K) From: 43648K(47104K)->43840K(47104K)
[49.109s][info][gc,heap        ] GC(305) ParOldGen: 515899K(699392K)->517811K(699392K)
[49.109s][info][gc,metaspace   ] GC(305) Metaspace: 10542K(10752K)->10542K(10752K) NonClass: 9651K(9728K)->9651K(9728K) Class: 891K(1024K)->891K(1024K)
[49.109s][info][gc             ] GC(305) Pause Young (Allocation Failure) 795M->548M(978M) 13.982ms
[49.109s][info][gc,cpu         ] GC(305) User=0.09s Sys=0.00s Real=0.01s
[49.194s][info][gc,start       ] GC(306) Pause Young (Allocation Failure)
[49.208s][info][gc,heap        ] GC(306) PSYoungGen: 298816K(302080K)->44064K(301056K) Eden: 254976K(254976K)->0K(253952K) From: 43840K(47104K)->44064K(47104K)
[49.208s][info][gc,heap        ] GC(306) ParOldGen: 517811K(699392K)->519771K(699392K)
[49.208s][info][gc,metaspace   ] GC(306) Metaspace: 10542K(10752K)->10542K(10752K) NonClass: 9651K(9728K)->9651K(9728K) Class: 891K(1024K)->891K(1024K)
[49.208s][info][gc             ] GC(306) Pause Young (Allocation Failure) 797M->550M(977M) 14.516ms
[49.208s][info][gc,cpu         ] GC(306) User=0.06s Sys=0.00s Real=0.02s
[49.293s][info][gc,start       ] GC(307) Pause Young (Allocation Failure)
[49.306s][info][gc,heap        ] GC(307) PSYoungGen: 298016K(301056K)->44192K(301568K) Eden: 253952K(253952K)->0K(253952K) From: 44064K(47104K)->44192K(47616K)
[49.306s][info][gc,heap        ] GC(307) ParOldGen: 519771K(699392K)->521619K(699392K)
[49.307s][info][gc,metaspace   ] GC(307) Metaspace: 10542K(10752K)->10542K(10752K) NonClass: 9651K(9728K)->9651K(9728K) Class: 891K(1024K)->891K(1024K)
[49.307s][info][gc             ] GC(307) Pause Young (Allocation Failure) 798M->552M(977M) 14.012ms
[49.307s][info][gc,cpu         ] GC(307) User=0.09s Sys=0.00s Real=0.01s
[49.390s][info][gc,start       ] GC(308) Pause Young (Allocation Failure)
[49.404s][info][gc,heap        ] GC(308) PSYoungGen: 298144K(301568K)->44224K(301568K) Eden: 253952K(253952K)->0K(253952K) From: 44192K(47616K)->44224K(47616K)
[49.404s][info][gc,heap        ] GC(308) ParOldGen: 521619K(699392K)->523587K(699392K)
[49.404s][info][gc,metaspace   ] GC(308) Metaspace: 10542K(10752K)->10542K(10752K) NonClass: 9651K(9728K)->9651K(9728K) Class: 891K(1024K)->891K(1024K)
[49.404s][info][gc             ] GC(308) Pause Young (Allocation Failure) 800M->554M(977M) 13.954ms
[49.404s][info][gc,cpu         ] GC(308) User=0.09s Sys=0.00s Real=0.01s
[49.489s][info][gc,start       ] GC(309) Pause Young (Allocation Failure)
[49.504s][info][gc,heap        ] GC(309) PSYoungGen: 298176K(301568K)->44736K(301568K) Eden: 253952K(253952K)->0K(253952K) From: 44224K(47616K)->44736K(47616K)
[49.504s][info][gc,heap        ] GC(309) ParOldGen: 523587K(699392K)->525531K(699392K)
[49.504s][info][gc,metaspace   ] GC(309) Metaspace: 10542K(10752K)->10542K(10752K) NonClass: 9651K(9728K)->9651K(9728K) Class: 891K(1024K)->891K(1024K)
[49.504s][info][gc             ] GC(309) Pause Young (Allocation Failure) 802M->556M(977M) 14.628ms
[49.504s][info][gc,cpu         ] GC(309) User=0.09s Sys=0.00s Real=0.01s
[49.589s][info][gc,start       ] GC(310) Pause Young (Allocation Failure)
[49.603s][info][gc,heap        ] GC(310) PSYoungGen: 298688K(301568K)->44320K(301568K) Eden: 253952K(253952K)->0K(253952K) From: 44736K(47616K)->44320K(47616K)
[49.603s][info][gc,heap        ] GC(310) ParOldGen: 525531K(699392K)->527467K(699392K)
[49.603s][info][gc,metaspace   ] GC(310) Metaspace: 10542K(10752K)->10542K(10752K) NonClass: 9651K(9728K)->9651K(9728K) Class: 891K(1024K)->891K(1024K)
[49.603s][info][gc             ] GC(310) Pause Young (Allocation Failure) 804M->558M(977M) 14.019ms
[49.603s][info][gc,cpu         ] GC(310) User=0.08s Sys=0.00s Real=0.01s
[49.686s][info][gc,start       ] GC(311) Pause Young (Allocation Failure)
[49.700s][info][gc,heap        ] GC(311) PSYoungGen: 298272K(301568K)->44608K(301568K) Eden: 253952K(253952K)->0K(253952K) From: 44320K(47616K)->44608K(47616K)
[49.701s][info][gc,heap        ] GC(311) ParOldGen: 527467K(699392K)->529443K(699392K)
[49.701s][info][gc,metaspace   ] GC(311) Metaspace: 10542K(10752K)->10542K(10752K) NonClass: 9651K(9728K)->9651K(9728K) Class: 891K(1024K)->891K(1024K)
[49.701s][info][gc             ] GC(311) Pause Young (Allocation Failure) 806M->560M(977M) 14.270ms
[49.701s][info][gc,cpu         ] GC(311) User=0.09s Sys=0.00s Real=0.02s
[49.784s][info][gc,start       ] GC(312) Pause Young (Allocation Failure)
[49.798s][info][gc,heap        ] GC(312) PSYoungGen: 298560K(301568K)->44544K(301568K) Eden: 253952K(253952K)->0K(253952K) From: 44608K(47616K)->44544K(47616K)
[49.798s][info][gc,heap        ] GC(312) ParOldGen: 529443K(699392K)->531507K(699392K)
[49.798s][info][gc,metaspace   ] GC(312) Metaspace: 10542K(10752K)->10542K(10752K) NonClass: 9651K(9728K)->9651K(9728K) Class: 891K(1024K)->891K(1024K)
[49.798s][info][gc             ] GC(312) Pause Young (Allocation Failure) 808M->562M(977M) 14.200ms
[49.798s][info][gc,cpu         ] GC(312) User=0.09s Sys=0.00s Real=0.01s
[49.885s][info][gc,start       ] GC(313) Pause Young (Allocation Failure)
[49.899s][info][gc,heap        ] GC(313) PSYoungGen: 298496K(301568K)->44352K(301568K) Eden: 253952K(253952K)->0K(253952K) From: 44544K(47616K)->44352K(47616K)
[49.899s][info][gc,heap        ] GC(313) ParOldGen: 531507K(699392K)->533579K(699392K)
[49.899s][info][gc,metaspace   ] GC(313) Metaspace: 10542K(10752K)->10542K(10752K) NonClass: 9651K(9728K)->9651K(9728K) Class: 891K(1024K)->891K(1024K)
[49.899s][info][gc             ] GC(313) Pause Young (Allocation Failure) 810M->564M(977M) 13.918ms
[49.899s][info][gc,cpu         ] GC(313) User=0.00s Sys=0.00s Real=0.01s
[49.983s][info][gc,start       ] GC(314) Pause Young (Allocation Failure)
[49.997s][info][gc,heap        ] GC(314) PSYoungGen: 298304K(301568K)->44512K(301568K) Eden: 253952K(253952K)->0K(253952K) From: 44352K(47616K)->44512K(47616K)
[49.997s][info][gc,heap        ] GC(314) ParOldGen: 533579K(699392K)->535611K(699392K)
[49.997s][info][gc,metaspace   ] GC(314) Metaspace: 10542K(10752K)->10542K(10752K) NonClass: 9651K(9728K)->9651K(9728K) Class: 891K(1024K)->891K(1024K)
[49.997s][info][gc             ] GC(314) Pause Young (Allocation Failure) 812M->566M(977M) 14.111ms
[49.997s][info][gc,cpu         ] GC(314) User=0.09s Sys=0.00s Real=0.01s
[50.082s][info][gc,start       ] GC(315) Pause Young (Allocation Failure)
[50.096s][info][gc,heap        ] GC(315) PSYoungGen: 298464K(301568K)->44384K(301568K) Eden: 253952K(253952K)->0K(253952K) From: 44512K(47616K)->44384K(47616K)
[50.096s][info][gc,heap        ] GC(315) ParOldGen: 535611K(699392K)->537787K(699392K)
[50.096s][info][gc,metaspace   ] GC(315) Metaspace: 10542K(10752K)->10542K(10752K) NonClass: 9651K(9728K)->9651K(9728K) Class: 891K(1024K)->891K(1024K)
[50.096s][info][gc             ] GC(315) Pause Young (Allocation Failure) 814M->568M(977M) 14.071ms
[50.096s][info][gc,cpu         ] GC(315) User=0.09s Sys=0.00s Real=0.02s
[50.180s][info][gc,start       ] GC(316) Pause Young (Allocation Failure)
[50.194s][info][gc,heap        ] GC(316) PSYoungGen: 298336K(301568K)->44448K(301568K) Eden: 253952K(253952K)->0K(253952K) From: 44384K(47616K)->44448K(47616K)
[50.194s][info][gc,heap        ] GC(316) ParOldGen: 537787K(699392K)->539867K(699392K)
[50.194s][info][gc,metaspace   ] GC(316) Metaspace: 10542K(10752K)->10542K(10752K) NonClass: 9651K(9728K)->9651K(9728K) Class: 891K(1024K)->891K(1024K)
[50.194s][info][gc             ] GC(316) Pause Young (Allocation Failure) 816M->570M(977M) 13.972ms
[50.194s][info][gc,cpu         ] GC(316) User=0.09s Sys=0.00s Real=0.01s
[50.277s][info][gc,start       ] GC(317) Pause Young (Allocation Failure)
[50.291s][info][gc,heap        ] GC(317) PSYoungGen: 298400K(301568K)->44224K(301568K) Eden: 253952K(253952K)->0K(253952K) From: 44448K(47616K)->44224K(47616K)
[50.291s][info][gc,heap        ] GC(317) ParOldGen: 539867K(699392K)->541971K(699392K)
[50.291s][info][gc,metaspace   ] GC(317) Metaspace: 10542K(10752K)->10542K(10752K) NonClass: 9651K(9728K)->9651K(9728K) Class: 891K(1024K)->891K(1024K)
[50.291s][info][gc             ] GC(317) Pause Young (Allocation Failure) 818M->572M(977M) 14.055ms
[50.291s][info][gc,cpu         ] GC(317) User=0.09s Sys=0.00s Real=0.01s
[50.377s][info][gc,start       ] GC(318) Pause Young (Allocation Failure)
[50.391s][info][gc,heap        ] GC(318) PSYoungGen: 298176K(301568K)->44128K(302080K) Eden: 253952K(253952K)->0K(254976K) From: 44224K(47616K)->44128K(47104K)
[50.391s][info][gc,heap        ] GC(318) ParOldGen: 541971K(699392K)->544003K(699392K)
[50.391s][info][gc,metaspace   ] GC(318) Metaspace: 10542K(10752K)->10542K(10752K) NonClass: 9651K(9728K)->9651K(9728K) Class: 891K(1024K)->891K(1024K)
[50.391s][info][gc             ] GC(318) Pause Young (Allocation Failure) 820M->574M(978M) 14.394ms
[50.391s][info][gc,cpu         ] GC(318) User=0.09s Sys=0.00s Real=0.01s
[50.478s][info][gc,start       ] GC(319) Pause Young (Allocation Failure)
[50.492s][info][gc,heap        ] GC(319) PSYoungGen: 299104K(302080K)->44224K(302080K) Eden: 254976K(254976K)->0K(254976K) From: 44128K(47104K)->44224K(47104K)
[50.492s][info][gc,heap        ] GC(319) ParOldGen: 544003K(699392K)->546091K(699392K)
[50.492s][info][gc,metaspace   ] GC(319) Metaspace: 10542K(10752K)->10542K(10752K) NonClass: 9651K(9728K)->9651K(9728K) Class: 891K(1024K)->891K(1024K)
[50.492s][info][gc             ] GC(319) Pause Young (Allocation Failure) 823M->576M(978M) 14.120ms
[50.492s][info][gc,cpu         ] GC(319) User=0.00s Sys=0.02s Real=0.02s
[50.749s][info][gc,start       ] GC(320) Pause Young (Allocation Failure)
[50.773s][info][gc,heap        ] GC(320) PSYoungGen: 299200K(302080K)->46576K(291328K) Eden: 254976K(254976K)->0K(244736K) From: 44224K(47104K)->46576K(46592K)
[50.773s][info][gc,heap        ] GC(320) ParOldGen: 546091K(699392K)->558731K(699392K)
[50.773s][info][gc,metaspace   ] GC(320) Metaspace: 10555K(10880K)->10555K(10880K) NonClass: 9664K(9856K)->9664K(9856K) Class: 891K(1024K)->891K(1024K)
[50.773s][info][gc             ] GC(320) Pause Young (Allocation Failure) 825M->591M(967M) 24.417ms
[50.773s][info][gc,cpu         ] GC(320) User=0.09s Sys=0.00s Real=0.03s
[51.133s][info][gc,start       ] GC(321) Pause Young (Allocation Failure)
[51.169s][info][gc,heap        ] GC(321) PSYoungGen: 291312K(291328K)->52208K(296960K) Eden: 244736K(244736K)->0K(244736K) From: 46576K(46592K)->52208K(52224K)
[51.169s][info][gc,heap        ] GC(321) ParOldGen: 558731K(699392K)->581747K(699392K)
[51.169s][info][gc,metaspace   ] GC(321) Metaspace: 10555K(10880K)->10555K(10880K) NonClass: 9664K(9856K)->9664K(9856K) Class: 891K(1024K)->891K(1024K)
[51.169s][info][gc             ] GC(321) Pause Young (Allocation Failure) 830M->619M(973M) 36.141ms
[51.169s][info][gc,cpu         ] GC(321) User=0.25s Sys=0.00s Real=0.04s
[51.679s][info][gc,start       ] GC(322) Pause Young (Allocation Failure)
[51.719s][info][gc,heap        ] GC(322) PSYoungGen: 296944K(296960K)->52202K(250880K) Eden: 244736K(244736K)->0K(198656K) From: 52208K(52224K)->52202K(52224K)
[51.719s][info][gc,heap        ] GC(322) ParOldGen: 581747K(699392K)->616403K(699392K)
[51.719s][info][gc,metaspace   ] GC(322) Metaspace: 10555K(10880K)->10555K(10880K) NonClass: 9664K(9856K)->9664K(9856K) Class: 891K(1024K)->891K(1024K)
[51.720s][info][gc             ] GC(322) Pause Young (Allocation Failure) 858M->652M(928M) 40.815ms
[51.720s][info][gc,cpu         ] GC(322) User=0.28s Sys=0.00s Real=0.05s
[51.960s][info][gc,start       ] GC(323) Pause Young (Allocation Failure)
[51.993s][info][gc,heap        ] GC(323) PSYoungGen: 250858K(250880K)->73322K(272384K) Eden: 198656K(198656K)->0K(198656K) From: 52202K(52224K)->73322K(73728K)
[51.993s][info][gc,heap        ] GC(323) ParOldGen: 616403K(699392K)->619995K(699392K)
[51.994s][info][gc,metaspace   ] GC(323) Metaspace: 10555K(10880K)->10555K(10880K) NonClass: 9664K(9856K)->9664K(9856K) Class: 891K(1024K)->891K(1024K)
[51.994s][info][gc             ] GC(323) Pause Young (Allocation Failure) 846M->677M(949M) 33.171ms
[51.994s][info][gc,cpu         ] GC(323) User=0.19s Sys=0.00s Real=0.04s
[52.228s][info][gc,start       ] GC(324) Pause Young (Allocation Failure)
[52.267s][info][gc,heap        ] GC(324) PSYoungGen: 271978K(272384K)->76778K(237568K) Eden: 198656K(198656K)->0K(160768K) From: 73322K(73728K)->76778K(76800K)
[52.267s][info][gc,heap        ] GC(324) ParOldGen: 619995K(699392K)->640379K(699392K)
[52.267s][info][gc,metaspace   ] GC(324) Metaspace: 10555K(10880K)->10555K(10880K) NonClass: 9664K(9856K)->9664K(9856K) Class: 891K(1024K)->891K(1024K)
[52.267s][info][gc             ] GC(324) Pause Young (Allocation Failure) 871M->700M(915M) 39.137ms
[52.267s][info][gc,cpu         ] GC(324) User=0.19s Sys=0.00s Real=0.05s
[52.459s][info][gc,start       ] GC(325) Pause Young (Allocation Failure)
[52.494s][info][gc,heap        ] GC(325) PSYoungGen: 237546K(237568K)->91914K(252928K) Eden: 160768K(160768K)->0K(160768K) From: 76778K(76800K)->91914K(92160K)
[52.494s][info][gc,heap        ] GC(325) ParOldGen: 640379K(699392K)->644291K(699392K)
[52.495s][info][gc,metaspace   ] GC(325) Metaspace: 10555K(10880K)->10555K(10880K) NonClass: 9664K(9856K)->9664K(9856K) Class: 891K(1024K)->891K(1024K)
[52.495s][info][gc             ] GC(325) Pause Young (Allocation Failure) 857M->718M(930M) 35.087ms
[52.495s][info][gc,cpu         ] GC(325) User=0.28s Sys=0.00s Real=0.04s
[52.685s][info][gc,start       ] GC(326) Pause Young (Allocation Failure)
[52.724s][info][gc,heap        ] GC(326) PSYoungGen: 252682K(252928K)->96234K(212992K) Eden: 160768K(160768K)->0K(116736K) From: 91914K(92160K)->96234K(96256K)
[52.724s][info][gc,heap        ] GC(326) ParOldGen: 644291K(699392K)->658835K(699392K)
[52.724s][info][gc,metaspace   ] GC(326) Metaspace: 10555K(10880K)->10555K(10880K) NonClass: 9664K(9856K)->9664K(9856K) Class: 891K(1024K)->891K(1024K)
[52.724s][info][gc             ] GC(326) Pause Young (Allocation Failure) 875M->737M(891M) 39.280ms
[52.724s][info][gc,cpu         ] GC(326) User=0.19s Sys=0.00s Real=0.05s
[52.851s][info][gc,start       ] GC(327) Pause Young (Allocation Failure)
[52.886s][info][gc,heap        ] GC(327) PSYoungGen: 212970K(212992K)->104202K(232960K) Eden: 116736K(116736K)->0K(116736K) From: 96234K(96256K)->104202K(116224K)
[52.886s][info][gc,heap        ] GC(327) ParOldGen: 658835K(699392K)->663331K(699392K)
[52.886s][info][gc,metaspace   ] GC(327) Metaspace: 10555K(10880K)->10555K(10880K) NonClass: 9664K(9856K)->9664K(9856K) Class: 891K(1024K)->891K(1024K)
[52.886s][info][gc             ] GC(327) Pause Young (Allocation Failure) 851M->749M(910M) 35.236ms
[52.886s][info][gc,cpu         ] GC(327) User=0.25s Sys=0.00s Real=0.03s
[53.064s][info][gc,start       ] GC(328) Pause Young (Allocation Failure)
[53.096s][info][gc,heap        ] GC(328) PSYoungGen: 220938K(232960K)->102144K(232960K) Eden: 116736K(116736K)->0K(116736K) From: 104202K(116224K)->102144K(116224K)
[53.096s][info][gc,heap        ] GC(328) ParOldGen: 663331K(699392K)->667707K(699392K)
[53.096s][info][gc,metaspace   ] GC(328) Metaspace: 10555K(10880K)->10555K(10880K) NonClass: 9664K(9856K)->9664K(9856K) Class: 891K(1024K)->891K(1024K)
[53.097s][info][gc             ] GC(328) Pause Young (Allocation Failure) 863M->751M(910M) 32.870ms
[53.097s][info][gc,cpu         ] GC(328) User=0.19s Sys=0.00s Real=0.04s
[53.272s][info][gc,start       ] GC(329) Pause Young (Allocation Failure)
[53.298s][info][gc,heap        ] GC(329) PSYoungGen: 218880K(232960K)->91584K(232960K) Eden: 116736K(116736K)->0K(116736K) From: 102144K(116224K)->91584K(116224K)
[53.298s][info][gc,heap        ] GC(329) ParOldGen: 667707K(699392K)->674291K(699392K)
[53.298s][info][gc,metaspace   ] GC(329) Metaspace: 10555K(10880K)->10555K(10880K) NonClass: 9664K(9856K)->9664K(9856K) Class: 891K(1024K)->891K(1024K)
[53.298s][info][gc             ] GC(329) Pause Young (Allocation Failure) 865M->747M(910M) 25.882ms
[53.298s][info][gc,cpu         ] GC(329) User=0.19s Sys=0.00s Real=0.03s
[53.486s][info][gc,start       ] GC(330) Pause Young (Allocation Failure)
[53.509s][info][gc,heap        ] GC(330) PSYoungGen: 208320K(232960K)->80992K(232960K) Eden: 116736K(116736K)->0K(116736K) From: 91584K(116224K)->80992K(116224K)
[53.509s][info][gc,heap        ] GC(330) ParOldGen: 674291K(699392K)->683947K(699392K)
[53.509s][info][gc,metaspace   ] GC(330) Metaspace: 10555K(10880K)->10555K(10880K) NonClass: 9664K(9856K)->9664K(9856K) Class: 891K(1024K)->891K(1024K)
[53.509s][info][gc             ] GC(330) Pause Young (Allocation Failure) 861M->747M(910M) 23.195ms
[53.509s][info][gc,cpu         ] GC(330) User=0.19s Sys=0.00s Real=0.02s
[53.679s][info][gc,start       ] GC(331) Pause Full (Ergonomics)
[53.679s][info][gc,phases,start] GC(331) Marking Phase
[53.819s][info][gc,phases      ] GC(331) Marking Phase 139.803ms
[53.819s][info][gc,phases,start] GC(331) Summary Phase
[53.819s][info][gc,phases      ] GC(331) Summary Phase 0.024ms
[53.819s][info][gc,phases,start] GC(331) Adjust Roots
[53.822s][info][gc,phases      ] GC(331) Adjust Roots 3.049ms
[53.822s][info][gc,phases,start] GC(331) Compaction Phase
[54.045s][info][gc,phases      ] GC(331) Compaction Phase 222.695ms
[54.045s][info][gc,phases,start] GC(331) Post Compact
[54.046s][info][gc,phases      ] GC(331) Post Compact 1.597ms
[54.046s][info][gc,heap        ] GC(331) PSYoungGen: 197728K(232960K)->0K(232960K) Eden: 116736K(116736K)->0K(116736K) From: 80992K(116224K)->0K(116224K)
[54.046s][info][gc,heap        ] GC(331) ParOldGen: 683947K(699392K)->659945K(699392K)
[54.046s][info][gc,metaspace   ] GC(331) Metaspace: 10555K(10880K)->10555K(10880K) NonClass: 9664K(9856K)->9664K(9856K) Class: 891K(1024K)->891K(1024K)
[54.046s][info][gc             ] GC(331) Pause Full (Ergonomics) 861M->644M(910M) 367.512ms
[54.046s][info][gc,cpu         ] GC(331) User=2.16s Sys=0.02s Real=0.37s
[54.211s][info][gc,start       ] GC(332) Pause Young (Allocation Failure)
[54.214s][info][gc,heap        ] GC(332) PSYoungGen: 116736K(232960K)->2720K(232960K) Eden: 116736K(116736K)->0K(116736K) From: 0K(116224K)->2720K(116224K)
[54.214s][info][gc,heap        ] GC(332) ParOldGen: 659945K(699392K)->659945K(699392K)
[54.214s][info][gc,metaspace   ] GC(332) Metaspace: 10555K(10880K)->10555K(10880K) NonClass: 9664K(9856K)->9664K(9856K) Class: 891K(1024K)->891K(1024K)
[54.214s][info][gc             ] GC(332) Pause Young (Allocation Failure) 758M->647M(910M) 2.171ms
[54.214s][info][gc,cpu         ] GC(332) User=0.09s Sys=0.00s Real=0.02s
[54.381s][info][gc,start       ] GC(333) Pause Young (Allocation Failure)
[54.383s][info][gc,heap        ] GC(333) PSYoungGen: 119456K(232960K)->4000K(232960K) Eden: 116736K(116736K)->0K(116736K) From: 2720K(116224K)->4000K(116224K)
[54.383s][info][gc,heap        ] GC(333) ParOldGen: 659945K(699392K)->659945K(699392K)
[54.383s][info][gc,metaspace   ] GC(333) Metaspace: 10555K(10880K)->10555K(10880K) NonClass: 9664K(9856K)->9664K(9856K) Class: 891K(1024K)->891K(1024K)
[54.383s][info][gc             ] GC(333) Pause Young (Allocation Failure) 761M->648M(910M) 2.519ms
[54.383s][info][gc,cpu         ] GC(333) User=0.00s Sys=0.00s Real=0.01s
[54.548s][info][gc,start       ] GC(334) Pause Young (Allocation Failure)
[54.551s][info][gc,heap        ] GC(334) PSYoungGen: 120736K(232960K)->5088K(232960K) Eden: 116736K(116736K)->0K(116736K) From: 4000K(116224K)->5088K(116224K)
[54.551s][info][gc,heap        ] GC(334) ParOldGen: 659945K(699392K)->659945K(699392K)
[54.551s][info][gc,metaspace   ] GC(334) Metaspace: 10555K(10880K)->10555K(10880K) NonClass: 9664K(9856K)->9664K(9856K) Class: 891K(1024K)->891K(1024K)
[54.551s][info][gc             ] GC(334) Pause Young (Allocation Failure) 762M->649M(910M) 2.663ms
[54.551s][info][gc,cpu         ] GC(334) User=0.00s Sys=0.00s Real=0.01s
[54.716s][info][gc,start       ] GC(335) Pause Young (Allocation Failure)
[54.718s][info][gc,heap        ] GC(335) PSYoungGen: 121824K(232960K)->5696K(232960K) Eden: 116736K(116736K)->0K(116736K) From: 5088K(116224K)->5696K(116224K)
[54.718s][info][gc,heap        ] GC(335) ParOldGen: 659945K(699392K)->659945K(699392K)
[54.718s][info][gc,metaspace   ] GC(335) Metaspace: 10555K(10880K)->10555K(10880K) NonClass: 9664K(9856K)->9664K(9856K) Class: 891K(1024K)->891K(1024K)
[54.718s][info][gc             ] GC(335) Pause Young (Allocation Failure) 763M->650M(910M) 2.611ms
[54.718s][info][gc,cpu         ] GC(335) User=0.00s Sys=0.00s Real=0.02s
[54.865s][info][gc,start       ] GC(336) Pause Young (Allocation Failure)
[54.870s][info][gc,heap        ] GC(336) PSYoungGen: 122432K(232960K)->11872K(232960K) Eden: 116736K(116736K)->0K(116736K) From: 5696K(116224K)->11872K(116224K)
[54.870s][info][gc,heap        ] GC(336) ParOldGen: 659945K(699392K)->661177K(699392K)
[54.870s][info][gc,metaspace   ] GC(336) Metaspace: 10558K(10880K)->10558K(10880K) NonClass: 9667K(9856K)->9667K(9856K) Class: 891K(1024K)->891K(1024K)
[54.870s][info][gc             ] GC(336) Pause Young (Allocation Failure) 764M->657M(910M) 5.153ms
[54.870s][info][gc,cpu         ] GC(336) User=0.09s Sys=0.00s Real=0.01s
[54.964s][info][gc,start       ] GC(337) Pause Young (Allocation Failure)
[54.978s][info][gc,heap        ] GC(337) PSYoungGen: 128608K(232960K)->27824K(232960K) Eden: 116736K(116736K)->0K(116736K) From: 11872K(116224K)->27824K(116224K)
[54.978s][info][gc,heap        ] GC(337) ParOldGen: 661177K(699392K)->663713K(699392K)
[54.978s][info][gc,metaspace   ] GC(337) Metaspace: 10558K(10880K)->10558K(10880K) NonClass: 9667K(9856K)->9667K(9856K) Class: 891K(1024K)->891K(1024K)
[54.978s][info][gc             ] GC(337) Pause Young (Allocation Failure) 771M->675M(910M) 14.060ms
[54.978s][info][gc,cpu         ] GC(337) User=0.02s Sys=0.00s Real=0.02s
[55.077s][info][gc,start       ] GC(338) Pause Young (Allocation Failure)
[55.095s][info][gc,heap        ] GC(338) PSYoungGen: 144560K(232960K)->34768K(232960K) Eden: 116736K(116736K)->0K(116736K) From: 27824K(116224K)->34768K(116224K)
[55.095s][info][gc,heap        ] GC(338) ParOldGen: 663713K(699392K)->672641K(699392K)
[55.095s][info][gc,metaspace   ] GC(338) Metaspace: 10558K(10880K)->10558K(10880K) NonClass: 9667K(9856K)->9667K(9856K) Class: 891K(1024K)->891K(1024K)
[55.095s][info][gc             ] GC(338) Pause Young (Allocation Failure) 789M->690M(910M) 17.851ms
[55.095s][info][gc,cpu         ] GC(338) User=0.09s Sys=0.00s Real=0.03s
[55.258s][info][gc,start       ] GC(339) Pause Young (Allocation Failure)
[55.290s][info][gc,promotion   ] GC(339) Promotion failed
[55.290s][info][gc,heap        ] GC(339) PSYoungGen: 151504K(232960K)->151504K(232960K) Eden: 116736K(116736K)->116736K(116736K) From: 34768K(116224K)->34768K(116224K)
[55.290s][info][gc,heap        ] GC(339) ParOldGen: 672641K(699392K)->699385K(699392K)
[55.290s][info][gc,metaspace   ] GC(339) Metaspace: 10558K(10880K)->10558K(10880K) NonClass: 9667K(9856K)->9667K(9856K) Class: 891K(1024K)->891K(1024K)
[55.290s][info][gc             ] GC(339) Pause Young (Allocation Failure) 804M->830M(910M) 31.881ms
[55.290s][info][gc,cpu         ] GC(339) User=0.19s Sys=0.00s Real=0.03s
[55.290s][info][gc,start       ] GC(340) Pause Full (Ergonomics)
[55.290s][info][gc,phases,start] GC(340) Marking Phase
[55.390s][info][gc,phases      ] GC(340) Marking Phase 100.295ms
[55.390s][info][gc,phases,start] GC(340) Summary Phase
[55.390s][info][gc,phases      ] GC(340) Summary Phase 0.023ms
[55.390s][info][gc,phases,start] GC(340) Adjust Roots
[55.393s][info][gc,phases      ] GC(340) Adjust Roots 3.062ms
[55.393s][info][gc,phases,start] GC(340) Compaction Phase
[55.469s][info][gc,phases      ] GC(340) Compaction Phase 75.118ms
[55.469s][info][gc,phases,start] GC(340) Post Compact
[55.470s][info][gc,phases      ] GC(340) Post Compact 1.537ms
[55.470s][info][gc,heap        ] GC(340) PSYoungGen: 151504K(232960K)->0K(232960K) Eden: 116736K(116736K)->0K(116736K) From: 34768K(116224K)->0K(116224K)
[55.470s][info][gc,heap        ] GC(340) ParOldGen: 699385K(699392K)->483369K(699392K)
[55.470s][info][gc,metaspace   ] GC(340) Metaspace: 10558K(10880K)->10558K(10880K) NonClass: 9667K(9856K)->9667K(9856K) Class: 891K(1024K)->891K(1024K)
[55.470s][info][gc             ] GC(340) Pause Full (Ergonomics) 830M->472M(910M) 180.368ms
[55.470s][info][gc,cpu         ] GC(340) User=1.12s Sys=0.00s Real=0.18s
[55.573s][info][gc,start       ] GC(341) Pause Young (Allocation Failure)
[55.577s][info][gc,heap        ] GC(341) PSYoungGen: 116736K(232960K)->7040K(232960K) Eden: 116736K(116736K)->0K(116736K) From: 0K(116224K)->7040K(116224K)
[55.577s][info][gc,heap        ] GC(341) ParOldGen: 483369K(699392K)->483369K(699392K)
[55.577s][info][gc,metaspace   ] GC(341) Metaspace: 10558K(10880K)->10558K(10880K) NonClass: 9667K(9856K)->9667K(9856K) Class: 891K(1024K)->891K(1024K)
[55.577s][info][gc             ] GC(341) Pause Young (Allocation Failure) 586M->478M(910M) 3.853ms
[55.577s][info][gc,cpu         ] GC(341) User=0.00s Sys=0.00s Real=0.00s
[55.688s][info][gc,start       ] GC(342) Pause Young (Allocation Failure)
[55.703s][info][gc,heap        ] GC(342) PSYoungGen: 123776K(232960K)->26538K(232960K) Eden: 116736K(116736K)->0K(116736K) From: 7040K(116224K)->26538K(116224K)
[55.703s][info][gc,heap        ] GC(342) ParOldGen: 483369K(699392K)->490193K(699392K)
[55.703s][info][gc,metaspace   ] GC(342) Metaspace: 10558K(10880K)->10558K(10880K) NonClass: 9667K(9856K)->9667K(9856K) Class: 891K(1024K)->891K(1024K)
[55.703s][info][gc             ] GC(342) Pause Young (Allocation Failure) 592M->504M(910M) 15.019ms
[55.703s][info][gc,cpu         ] GC(342) User=0.09s Sys=0.00s Real=0.01s
[55.781s][info][gc,start       ] GC(343) Pause Young (Allocation Failure)
[55.800s][info][gc,heap        ] GC(343) PSYoungGen: 143274K(232960K)->16864K(233984K) Eden: 116736K(116736K)->0K(117760K) From: 26538K(116224K)->16864K(116224K)
[55.800s][info][gc,heap        ] GC(343) ParOldGen: 490193K(699392K)->516755K(699392K)
[55.800s][info][gc,metaspace   ] GC(343) Metaspace: 10558K(10880K)->10558K(10880K) NonClass: 9667K(9856K)->9667K(9856K) Class: 891K(1024K)->891K(1024K)
[55.800s][info][gc             ] GC(343) Pause Young (Allocation Failure) 618M->521M(911M) 18.564ms
[55.800s][info][gc,cpu         ] GC(343) User=0.09s Sys=0.00s Real=0.02s
[55.871s][info][gc,start       ] GC(344) Pause Young (Allocation Failure)
[55.887s][info][gc,heap        ] GC(344) PSYoungGen: 134624K(233984K)->30912K(232960K) Eden: 117760K(117760K)->0K(117760K) From: 16864K(116224K)->30912K(115200K)
[55.887s][info][gc,heap        ] GC(344) ParOldGen: 516755K(699392K)->516755K(699392K)
[55.887s][info][gc,metaspace   ] GC(344) Metaspace: 10558K(10880K)->10558K(10880K) NonClass: 9667K(9856K)->9667K(9856K) Class: 891K(1024K)->891K(1024K)
[55.887s][info][gc             ] GC(344) Pause Young (Allocation Failure) 636M->534M(910M) 15.974ms
[55.887s][info][gc,cpu         ] GC(344) User=0.09s Sys=0.00s Real=0.01s
[55.958s][info][gc,start       ] GC(345) Pause Young (Allocation Failure)
[55.976s][info][gc,heap        ] GC(345) PSYoungGen: 148672K(232960K)->44992K(244736K) Eden: 117760K(117760K)->0K(136192K) From: 30912K(115200K)->44992K(108544K)
[55.976s][info][gc,heap        ] GC(345) ParOldGen: 516755K(699392K)->516755K(699392K)
[55.976s][info][gc,metaspace   ] GC(345) Metaspace: 10558K(10880K)->10558K(10880K) NonClass: 9667K(9856K)->9667K(9856K) Class: 891K(1024K)->891K(1024K)
[55.976s][info][gc             ] GC(345) Pause Young (Allocation Failure) 649M->548M(922M) 18.312ms
[55.976s][info][gc,cpu         ] GC(345) User=0.09s Sys=0.00s Real=0.02s
[56.059s][info][gc,start       ] GC(346) Pause Young (Allocation Failure)
[56.082s][info][gc,heap        ] GC(346) PSYoungGen: 181184K(244736K)->45344K(240640K) Eden: 136192K(136192K)->0K(136192K) From: 44992K(108544K)->45344K(104448K)
[56.082s][info][gc,heap        ] GC(346) ParOldGen: 516755K(699392K)->532227K(699392K)
[56.082s][info][gc,metaspace   ] GC(346) Metaspace: 10558K(10880K)->10558K(10880K) NonClass: 9667K(9856K)->9667K(9856K) Class: 891K(1024K)->891K(1024K)
[56.082s][info][gc             ] GC(346) Pause Young (Allocation Failure) 681M->564M(918M) 23.216ms
[56.082s][info][gc,cpu         ] GC(346) User=0.09s Sys=0.00s Real=0.02s
[56.208s][info][gc,start       ] GC(347) Pause Young (Allocation Failure)
[56.233s][info][gc,heap        ] GC(347) PSYoungGen: 181536K(240640K)->33728K(253952K) Eden: 136192K(136192K)->0K(153088K) From: 45344K(104448K)->33728K(100864K)
[56.233s][info][gc,heap        ] GC(347) ParOldGen: 532227K(699392K)->560299K(699392K)
[56.233s][info][gc,metaspace   ] GC(347) Metaspace: 10558K(10880K)->10558K(10880K) NonClass: 9667K(9856K)->9667K(9856K) Class: 891K(1024K)->891K(1024K)
[56.233s][info][gc             ] GC(347) Pause Young (Allocation Failure) 697M->580M(931M) 25.553ms
[56.233s][info][gc,cpu         ] GC(347) User=0.19s Sys=0.00s Real=0.03s
[56.372s][info][gc,start       ] GC(348) Pause Young (Allocation Failure)
[56.397s][info][gc,heap        ] GC(348) PSYoungGen: 186816K(253952K)->19648K(248320K) Eden: 153088K(153088K)->0K(153088K) From: 33728K(100864K)->19648K(95232K)
[56.397s][info][gc,heap        ] GC(348) ParOldGen: 560299K(699392K)->592931K(699392K)
[56.397s][info][gc,metaspace   ] GC(348) Metaspace: 10558K(10880K)->10558K(10880K) NonClass: 9667K(9856K)->9667K(9856K) Class: 891K(1024K)->891K(1024K)
[56.397s][info][gc             ] GC(348) Pause Young (Allocation Failure) 729M->598M(925M) 25.423ms
[56.397s][info][gc,cpu         ] GC(348) User=0.09s Sys=0.00s Real=0.04s
[56.536s][info][gc,start       ] GC(349) Pause Young (Allocation Failure)
[56.555s][info][gc,heap        ] GC(349) PSYoungGen: 172736K(248320K)->19680K(259584K) Eden: 153088K(153088K)->0K(166912K) From: 19648K(95232K)->19680K(92672K)
[56.555s][info][gc,heap        ] GC(349) ParOldGen: 592931K(699392K)->611459K(699392K)
[56.555s][info][gc,metaspace   ] GC(349) Metaspace: 10558K(10880K)->10558K(10880K) NonClass: 9667K(9856K)->9667K(9856K) Class: 891K(1024K)->891K(1024K)
[56.555s][info][gc             ] GC(349) Pause Young (Allocation Failure) 747M->616M(936M) 19.243ms
[56.555s][info][gc,cpu         ] GC(349) User=0.09s Sys=0.00s Real=0.02s
[56.857s][info][gc,start       ] GC(350) Pause Young (Allocation Failure)
[56.874s][info][gc,heap        ] GC(350) PSYoungGen: 186592K(259584K)->13856K(256512K) Eden: 166912K(166912K)->0K(166912K) From: 19680K(92672K)->13856K(89600K)
[56.874s][info][gc,heap        ] GC(350) ParOldGen: 611459K(699392K)->630003K(699392K)
[56.874s][info][gc,metaspace   ] GC(350) Metaspace: 10558K(10880K)->10558K(10880K) NonClass: 9667K(9856K)->9667K(9856K) Class: 891K(1024K)->891K(1024K)
[56.874s][info][gc             ] GC(350) Pause Young (Allocation Failure) 779M->628M(933M) 16.640ms
[56.874s][info][gc,cpu         ] GC(350) User=0.09s Sys=0.00s Real=0.02s
[57.001s][info][gc,start       ] GC(351) Pause Young (Allocation Failure)
[57.006s][info][gc,heap        ] GC(351) PSYoungGen: 180768K(256512K)->15744K(264192K) Eden: 166912K(166912K)->0K(176640K) From: 13856K(89600K)->15744K(87552K)
[57.006s][info][gc,heap        ] GC(351) ParOldGen: 630003K(699392K)->630003K(699392K)
[57.006s][info][gc,metaspace   ] GC(351) Metaspace: 10558K(10880K)->10558K(10880K) NonClass: 9667K(9856K)->9667K(9856K) Class: 891K(1024K)->891K(1024K)
[57.006s][info][gc             ] GC(351) Pause Young (Allocation Failure) 791M->630M(941M) 5.125ms
[57.006s][info][gc,cpu         ] GC(351) User=0.00s Sys=0.00s Real=0.01s
[57.135s][info][gc,start       ] GC(352) Pause Young (Allocation Failure)
[57.140s][info][gc,heap        ] GC(352) PSYoungGen: 192384K(264192K)->14720K(261632K) Eden: 176640K(176640K)->0K(176640K) From: 15744K(87552K)->14720K(84992K)
[57.140s][info][gc,heap        ] GC(352) ParOldGen: 630003K(699392K)->630003K(699392K)
[57.140s][info][gc,metaspace   ] GC(352) Metaspace: 10558K(10880K)->10558K(10880K) NonClass: 9667K(9856K)->9667K(9856K) Class: 891K(1024K)->891K(1024K)
[57.140s][info][gc             ] GC(352) Pause Young (Allocation Failure) 803M->629M(938M) 4.969ms
[57.140s][info][gc,cpu         ] GC(352) User=0.00s Sys=0.00s Real=0.01s
[57.392s][info][gc,start       ] GC(353) Pause Young (System.gc())
[57.394s][info][gc,heap        ] GC(353) PSYoungGen: 35913K(261632K)->8173K(268800K) Eden: 21193K(176640K)->0K(186368K) From: 14720K(84992K)->8173K(82432K)
[57.394s][info][gc,heap        ] GC(353) ParOldGen: 630003K(699392K)->630003K(699392K)
[57.394s][info][gc,metaspace   ] GC(353) Metaspace: 10561K(10880K)->10561K(10880K) NonClass: 9669K(9856K)->9669K(9856K) Class: 891K(1024K)->891K(1024K)
[57.394s][info][gc             ] GC(353) Pause Young (System.gc()) 650M->623M(945M) 2.422ms
[57.394s][info][gc,cpu         ] GC(353) User=0.00s Sys=0.00s Real=0.00s
[57.394s][info][gc,start       ] GC(354) Pause Full (System.gc())
[57.394s][info][gc,phases,start] GC(354) Marking Phase
[57.484s][info][gc,phases      ] GC(354) Marking Phase 89.694ms
[57.484s][info][gc,phases,start] GC(354) Summary Phase
[57.484s][info][gc,phases      ] GC(354) Summary Phase 0.015ms
[57.484s][info][gc,phases,start] GC(354) Adjust Roots
[57.487s][info][gc,phases      ] GC(354) Adjust Roots 3.349ms
[57.487s][info][gc,phases,start] GC(354) Compaction Phase
[57.693s][info][gc,phases      ] GC(354) Compaction Phase 205.977ms
[57.694s][info][gc,phases,start] GC(354) Post Compact
[57.695s][info][gc,phases      ] GC(354) Post Compact 0.959ms
[57.695s][info][gc,heap        ] GC(354) PSYoungGen: 8173K(268800K)->0K(268800K) Eden: 0K(186368K)->0K(186368K) From: 8173K(82432K)->0K(82432K)
[57.695s][info][gc,heap        ] GC(354) ParOldGen: 630003K(699392K)->434444K(699392K)
[57.695s][info][gc,metaspace   ] GC(354) Metaspace: 10561K(10880K)->10561K(10880K) NonClass: 9669K(9856K)->9669K(9856K) Class: 891K(1024K)->891K(1024K)
[57.695s][info][gc             ] GC(354) Pause Full (System.gc()) 623M->424M(945M) 300.255ms
[57.695s][info][gc,cpu         ] GC(354) User=1.73s Sys=0.03s Real=0.30s
[57.786s][info][gc,start       ] GC(355) Pause Young (Allocation Failure)
[57.789s][info][gc,heap        ] GC(355) PSYoungGen: 186368K(268800K)->5600K(266752K) Eden: 186368K(186368K)->0K(186368K) From: 0K(82432K)->5600K(80384K)
[57.789s][info][gc,heap        ] GC(355) ParOldGen: 434444K(699392K)->434452K(699392K)
[57.789s][info][gc,metaspace   ] GC(355) Metaspace: 10629K(10944K)->10629K(10944K) NonClass: 9738K(9920K)->9738K(9920K) Class: 891K(1024K)->891K(1024K)
[57.789s][info][gc             ] GC(355) Pause Young (Allocation Failure) 606M->429M(943M) 3.210ms
[57.789s][info][gc,cpu         ] GC(355) User=0.00s Sys=0.00s Real=0.00s
[57.846s][info][gc,start       ] GC(356) Pause Young (Allocation Failure)
[57.850s][info][gc,heap        ] GC(356) PSYoungGen: 191968K(266752K)->8992K(273408K) Eden: 186368K(186368K)->0K(194560K) From: 5600K(80384K)->8992K(78848K)
[57.850s][info][gc,heap        ] GC(356) ParOldGen: 434452K(699392K)->434452K(699392K)
[57.850s][info][gc,metaspace   ] GC(356) Metaspace: 10629K(10944K)->10629K(10944K) NonClass: 9738K(9920K)->9738K(9920K) Class: 891K(1024K)->891K(1024K)
[57.850s][info][gc             ] GC(356) Pause Young (Allocation Failure) 611M->433M(950M) 4.106ms
[57.850s][info][gc,cpu         ] GC(356) User=0.00s Sys=0.00s Real=0.00s
[57.911s][info][gc,start       ] GC(357) Pause Young (Allocation Failure)
[57.916s][info][gc,heap        ] GC(357) PSYoungGen: 203552K(273408K)->11904K(270336K) Eden: 194560K(194560K)->0K(194560K) From: 8992K(78848K)->11904K(75776K)
[57.916s][info][gc,heap        ] GC(357) ParOldGen: 434452K(699392K)->434452K(699392K)
[57.916s][info][gc,metaspace   ] GC(357) Metaspace: 10629K(10944K)->10629K(10944K) NonClass: 9738K(9920K)->9738K(9920K) Class: 891K(1024K)->891K(1024K)
[57.916s][info][gc             ] GC(357) Pause Young (Allocation Failure) 623M->435M(947M) 4.881ms
[57.916s][info][gc,cpu         ] GC(357) User=0.09s Sys=0.00s Real=0.00s
[57.978s][info][gc,start       ] GC(358) Pause Young (Allocation Failure)
[57.983s][info][gc,heap        ] GC(358) PSYoungGen: 206464K(270336K)->14624K(280064K) Eden: 194560K(194560K)->0K(207360K) From: 11904K(75776K)->14624K(72704K)
[57.983s][info][gc,heap        ] GC(358) ParOldGen: 434452K(699392K)->434452K(699392K)
[57.983s][info][gc,metaspace   ] GC(358) Metaspace: 10629K(10944K)->10629K(10944K) NonClass: 9738K(9920K)->9738K(9920K) Class: 891K(1024K)->891K(1024K)
[57.983s][info][gc             ] GC(358) Pause Young (Allocation Failure) 625M->438M(956M) 5.551ms
[57.983s][info][gc,cpu         ] GC(358) User=0.00s Sys=0.02s Real=0.00s
[58.051s][info][gc,start       ] GC(359) Pause Young (Allocation Failure)
[58.058s][info][gc,heap        ] GC(359) PSYoungGen: 221984K(280064K)->17344K(276480K) Eden: 207360K(207360K)->0K(207360K) From: 14624K(72704K)->17344K(69120K)
[58.058s][info][gc,heap        ] GC(359) ParOldGen: 434452K(699392K)->434452K(699392K)
[58.058s][info][gc,metaspace   ] GC(359) Metaspace: 10629K(10944K)->10629K(10944K) NonClass: 9738K(9920K)->9738K(9920K) Class: 891K(1024K)->891K(1024K)
[58.058s][info][gc             ] GC(359) Pause Young (Allocation Failure) 641M->441M(953M) 6.805ms
[58.058s][info][gc,cpu         ] GC(359) User=0.08s Sys=0.00s Real=0.01s
[58.124s][info][gc,start       ] GC(360) Pause Young (Allocation Failure)
[58.131s][info][gc,heap        ] GC(360) PSYoungGen: 224704K(276480K)->19648K(288256K) Eden: 207360K(207360K)->0K(223232K) From: 17344K(69120K)->19648K(65024K)
[58.131s][info][gc,heap        ] GC(360) ParOldGen: 434452K(699392K)->434452K(699392K)
[58.131s][info][gc,metaspace   ] GC(360) Metaspace: 10629K(10944K)->10629K(10944K) NonClass: 9738K(9920K)->9738K(9920K) Class: 891K(1024K)->891K(1024K)
[58.131s][info][gc             ] GC(360) Pause Young (Allocation Failure) 643M->443M(964M) 7.013ms
[58.131s][info][gc,cpu         ] GC(360) User=0.00s Sys=0.00s Real=0.01s
[58.206s][info][gc,start       ] GC(361) Pause Young (Allocation Failure)
[58.214s][info][gc,heap        ] GC(361) PSYoungGen: 242880K(288256K)->21952K(284160K) Eden: 223232K(223232K)->0K(223232K) From: 19648K(65024K)->21952K(60928K)
[58.214s][info][gc,heap        ] GC(361) ParOldGen: 434452K(699392K)->434452K(699392K)
[58.214s][info][gc,metaspace   ] GC(361) Metaspace: 10629K(10944K)->10629K(10944K) NonClass: 9738K(9920K)->9738K(9920K) Class: 891K(1024K)->891K(1024K)
[58.214s][info][gc             ] GC(361) Pause Young (Allocation Failure) 661M->445M(960M) 7.465ms
[58.214s][info][gc,cpu         ] GC(361) User=0.09s Sys=0.00s Real=0.01s
[58.285s][info][gc,start       ] GC(362) Pause Young (Allocation Failure)
[58.293s][info][gc,heap        ] GC(362) PSYoungGen: 245184K(284160K)->24256K(294400K) Eden: 223232K(223232K)->0K(237056K) From: 21952K(60928K)->24256K(57344K)
[58.293s][info][gc,heap        ] GC(362) ParOldGen: 434452K(699392K)->434452K(699392K)
[58.293s][info][gc,metaspace   ] GC(362) Metaspace: 10629K(10944K)->10629K(10944K) NonClass: 9738K(9920K)->9738K(9920K) Class: 891K(1024K)->891K(1024K)
[58.293s][info][gc             ] GC(362) Pause Young (Allocation Failure) 663M->447M(970M) 8.120ms
[58.293s][info][gc,cpu         ] GC(362) User=0.09s Sys=0.00s Real=0.01s
[58.370s][info][gc,start       ] GC(363) Pause Young (Allocation Failure)
[58.379s][info][gc,heap        ] GC(363) PSYoungGen: 261312K(294400K)->26496K(291840K) Eden: 237056K(237056K)->0K(237056K) From: 24256K(57344K)->26496K(54784K)
[58.379s][info][gc,heap        ] GC(363) ParOldGen: 434452K(699392K)->434452K(699392K)
[58.379s][info][gc,metaspace   ] GC(363) Metaspace: 10629K(10944K)->10629K(10944K) NonClass: 9738K(9920K)->9738K(9920K) Class: 891K(1024K)->891K(1024K)
[58.379s][info][gc             ] GC(363) Pause Young (Allocation Failure) 679M->450M(968M) 9.123ms
[58.379s][info][gc,cpu         ] GC(363) User=0.00s Sys=0.00s Real=0.01s
[58.458s][info][gc,start       ] GC(364) Pause Young (Allocation Failure)
[58.467s][info][gc,heap        ] GC(364) PSYoungGen: 263552K(291840K)->28704K(296448K) Eden: 237056K(237056K)->0K(243200K) From: 26496K(54784K)->28704K(53248K)
[58.467s][info][gc,heap        ] GC(364) ParOldGen: 434452K(699392K)->434452K(699392K)
[58.467s][info][gc,metaspace   ] GC(364) Metaspace: 10629K(10944K)->10629K(10944K) NonClass: 9738K(9920K)->9738K(9920K) Class: 891K(1024K)->891K(1024K)
[58.467s][info][gc             ] GC(364) Pause Young (Allocation Failure) 681M->452M(972M) 9.248ms
[58.467s][info][gc,cpu         ] GC(364) User=0.09s Sys=0.00s Real=0.01s
[58.547s][info][gc,start       ] GC(365) Pause Young (Allocation Failure)
[58.557s][info][gc,heap        ] GC(365) PSYoungGen: 271904K(296448K)->30848K(295936K) Eden: 243200K(243200K)->0K(243200K) From: 28704K(53248K)->30848K(52736K)
[58.557s][info][gc,heap        ] GC(365) ParOldGen: 434452K(699392K)->434452K(699392K)
[58.557s][info][gc,metaspace   ] GC(365) Metaspace: 10629K(10944K)->10629K(10944K) NonClass: 9738K(9920K)->9738K(9920K) Class: 891K(1024K)->891K(1024K)
[58.557s][info][gc             ] GC(365) Pause Young (Allocation Failure) 689M->454M(972M) 9.762ms
[58.557s][info][gc,cpu         ] GC(365) User=0.09s Sys=0.00s Real=0.01s
[58.637s][info][gc,start       ] GC(366) Pause Young (Allocation Failure)
[58.647s][info][gc,heap        ] GC(366) PSYoungGen: 274048K(295936K)->33216K(294400K) Eden: 243200K(243200K)->0K(241664K) From: 30848K(52736K)->33216K(52736K)
[58.647s][info][gc,heap        ] GC(366) ParOldGen: 434452K(699392K)->434452K(699392K)
[58.647s][info][gc,metaspace   ] GC(366) Metaspace: 10629K(10944K)->10629K(10944K) NonClass: 9738K(9920K)->9738K(9920K) Class: 891K(1024K)->891K(1024K)
[58.647s][info][gc             ] GC(366) Pause Young (Allocation Failure) 691M->456M(970M) 10.369ms
[58.647s][info][gc,cpu         ] GC(366) User=0.00s Sys=0.00s Real=0.01s
[58.729s][info][gc,start       ] GC(367) Pause Young (Allocation Failure)
[58.740s][info][gc,heap        ] GC(367) PSYoungGen: 274880K(294400K)->35264K(276992K) Eden: 241664K(241664K)->0K(241664K) From: 33216K(52736K)->35264K(35328K)
[58.740s][info][gc,heap        ] GC(367) ParOldGen: 434452K(699392K)->434452K(699392K)
[58.740s][info][gc,metaspace   ] GC(367) Metaspace: 10629K(10944K)->10629K(10944K) NonClass: 9738K(9920K)->9738K(9920K) Class: 891K(1024K)->891K(1024K)
[58.740s][info][gc             ] GC(367) Pause Young (Allocation Failure) 692M->458M(953M) 11.167ms
[58.740s][info][gc,cpu         ] GC(367) User=0.00s Sys=0.00s Real=0.01s
[58.823s][info][gc,start       ] GC(368) Pause Young (Allocation Failure)
[58.834s][info][gc,heap        ] GC(368) PSYoungGen: 276928K(276992K)->37248K(291328K) Eden: 241664K(241664K)->0K(236544K) From: 35264K(35328K)->37248K(54784K)
[58.834s][info][gc,heap        ] GC(368) ParOldGen: 434452K(699392K)->434452K(699392K)
[58.834s][info][gc,metaspace   ] GC(368) Metaspace: 10629K(10944K)->10629K(10944K) NonClass: 9738K(9920K)->9738K(9920K) Class: 891K(1024K)->891K(1024K)
[58.834s][info][gc             ] GC(368) Pause Young (Allocation Failure) 694M->460M(967M) 11.810ms
[58.834s][info][gc,cpu         ] GC(368) User=0.00s Sys=0.00s Real=0.01s
[58.914s][info][gc,start       ] GC(369) Pause Young (Allocation Failure)
[58.926s][info][gc,heap        ] GC(369) PSYoungGen: 273792K(291328K)->39296K(275968K) Eden: 236544K(236544K)->0K(236544K) From: 37248K(54784K)->39296K(39424K)
[58.926s][info][gc,heap        ] GC(369) ParOldGen: 434452K(699392K)->434452K(699392K)
[58.926s][info][gc,metaspace   ] GC(369) Metaspace: 10629K(10944K)->10629K(10944K) NonClass: 9738K(9920K)->9738K(9920K) Class: 891K(1024K)->891K(1024K)
[58.926s][info][gc             ] GC(369) Pause Young (Allocation Failure) 691M->462M(952M) 12.289ms
[58.926s][info][gc,cpu         ] GC(369) User=0.08s Sys=0.00s Real=0.01s
[59.005s][info][gc,start       ] GC(370) Pause Young (Allocation Failure)
[59.017s][info][gc,heap        ] GC(370) PSYoungGen: 275840K(275968K)->39392K(288256K) Eden: 236544K(236544K)->0K(230400K) From: 39296K(39424K)->39392K(57856K)
[59.018s][info][gc,heap        ] GC(370) ParOldGen: 434452K(699392K)->436332K(699392K)
[59.018s][info][gc,metaspace   ] GC(370) Metaspace: 10629K(10944K)->10629K(10944K) NonClass: 9738K(9920K)->9738K(9920K) Class: 891K(1024K)->891K(1024K)
[59.018s][info][gc             ] GC(370) Pause Young (Allocation Failure) 693M->464M(964M) 12.620ms
[59.018s][info][gc,cpu         ] GC(370) User=0.09s Sys=0.00s Real=0.01s
[59.096s][info][gc,start       ] GC(371) Pause Young (Allocation Failure)
[59.108s][info][gc,heap        ] GC(371) PSYoungGen: 269792K(288256K)->39744K(270336K) Eden: 230400K(230400K)->0K(230400K) From: 39392K(57856K)->39744K(39936K)
[59.108s][info][gc,heap        ] GC(371) ParOldGen: 436332K(699392K)->437860K(699392K)
[59.108s][info][gc,metaspace   ] GC(371) Metaspace: 10629K(10944K)->10629K(10944K) NonClass: 9738K(9920K)->9738K(9920K) Class: 891K(1024K)->891K(1024K)
[59.108s][info][gc             ] GC(371) Pause Young (Allocation Failure) 689M->466M(947M) 12.496ms
[59.108s][info][gc,cpu         ] GC(371) User=0.09s Sys=0.00s Real=0.01s
[59.183s][info][gc,start       ] GC(372) Pause Young (Allocation Failure)
[59.195s][info][gc,heap        ] GC(372) PSYoungGen: 270144K(270336K)->40064K(287744K) Eden: 230400K(230400K)->0K(227328K) From: 39744K(39936K)->40064K(60416K)
[59.195s][info][gc,heap        ] GC(372) ParOldGen: 437860K(699392K)->439428K(699392K)
[59.195s][info][gc,metaspace   ] GC(372) Metaspace: 10629K(10944K)->10629K(10944K) NonClass: 9738K(9920K)->9738K(9920K) Class: 891K(1024K)->891K(1024K)
[59.195s][info][gc             ] GC(372) Pause Young (Allocation Failure) 691M->468M(964M) 12.575ms
[59.195s][info][gc,cpu         ] GC(372) User=0.00s Sys=0.00s Real=0.01s
[59.270s][info][gc,start       ] GC(373) Pause Young (Allocation Failure)
[59.283s][info][gc,heap        ] GC(373) PSYoungGen: 267392K(287744K)->40352K(267776K) Eden: 227328K(227328K)->0K(227328K) From: 40064K(60416K)->40352K(40448K)
[59.283s][info][gc,heap        ] GC(373) ParOldGen: 439428K(699392K)->440964K(699392K)
[59.283s][info][gc,metaspace   ] GC(373) Metaspace: 10629K(10944K)->10629K(10944K) NonClass: 9738K(9920K)->9738K(9920K) Class: 891K(1024K)->891K(1024K)
[59.283s][info][gc             ] GC(373) Pause Young (Allocation Failure) 690M->470M(944M) 12.682ms
[59.283s][info][gc,cpu         ] GC(373) User=0.09s Sys=0.00s Real=0.01s
[59.359s][info][gc,start       ] GC(374) Pause Young (Allocation Failure)
[59.372s][info][gc,heap        ] GC(374) PSYoungGen: 267680K(267776K)->40672K(286720K) Eden: 227328K(227328K)->0K(225280K) From: 40352K(40448K)->40672K(61440K)
[59.372s][info][gc,heap        ] GC(374) ParOldGen: 440964K(699392K)->442684K(699392K)
[59.372s][info][gc,metaspace   ] GC(374) Metaspace: 10629K(10944K)->10629K(10944K) NonClass: 9738K(9920K)->9738K(9920K) Class: 891K(1024K)->891K(1024K)
[59.372s][info][gc             ] GC(374) Pause Young (Allocation Failure) 692M->472M(963M) 13.203ms
[59.372s][info][gc,cpu         ] GC(374) User=0.09s Sys=0.00s Real=0.01s
[59.447s][info][gc,start       ] GC(375) Pause Young (Allocation Failure)
[59.460s][info][gc,heap        ] GC(375) PSYoungGen: 265952K(286720K)->40864K(287232K) Eden: 225280K(225280K)->0K(225280K) From: 40672K(61440K)->40864K(61952K)
[59.460s][info][gc,heap        ] GC(375) ParOldGen: 442684K(699392K)->444340K(699392K)
[59.460s][info][gc,metaspace   ] GC(375) Metaspace: 10629K(10944K)->10629K(10944K) NonClass: 9738K(9920K)->9738K(9920K) Class: 891K(1024K)->891K(1024K)
[59.460s][info][gc             ] GC(375) Pause Young (Allocation Failure) 692M->473M(963M) 12.891ms
[59.460s][info][gc,cpu         ] GC(375) User=0.00s Sys=0.00s Real=0.01s
[59.533s][info][gc,start       ] GC(376) Pause Young (Allocation Failure)
[59.546s][info][gc,heap        ] GC(376) PSYoungGen: 266144K(287232K)->40768K(287744K) Eden: 225280K(225280K)->0K(225792K) From: 40864K(61952K)->40768K(61952K)
[59.546s][info][gc,heap        ] GC(376) ParOldGen: 444340K(699392K)->446084K(699392K)
[59.546s][info][gc,metaspace   ] GC(376) Metaspace: 10629K(10944K)->10629K(10944K) NonClass: 9738K(9920K)->9738K(9920K) Class: 891K(1024K)->891K(1024K)
[59.546s][info][gc             ] GC(376) Pause Young (Allocation Failure) 693M->475M(964M) 12.637ms
[59.546s][info][gc,cpu         ] GC(376) User=0.09s Sys=0.00s Real=0.01s
[59.622s][info][gc,start       ] GC(377) Pause Young (Allocation Failure)
[59.635s][info][gc,heap        ] GC(377) PSYoungGen: 266560K(287744K)->41120K(287232K) Eden: 225792K(225792K)->0K(225792K) From: 40768K(61952K)->41120K(61440K)
[59.635s][info][gc,heap        ] GC(377) ParOldGen: 446084K(699392K)->447764K(699392K)
[59.635s][info][gc,metaspace   ] GC(377) Metaspace: 10629K(10944K)->10629K(10944K) NonClass: 9738K(9920K)->9738K(9920K) Class: 891K(1024K)->891K(1024K)
[59.635s][info][gc             ] GC(377) Pause Young (Allocation Failure) 695M->477M(963M) 13.158ms
[59.635s][info][gc,cpu         ] GC(377) User=0.09s Sys=0.00s Real=0.01s
[59.709s][info][gc,start       ] GC(378) Pause Young (Allocation Failure)
[59.723s][info][gc,heap        ] GC(378) PSYoungGen: 266912K(287232K)->40736K(288256K) Eden: 225792K(225792K)->0K(226816K) From: 41120K(61440K)->40736K(61440K)
[59.723s][info][gc,heap        ] GC(378) ParOldGen: 447764K(699392K)->449644K(699392K)
[59.723s][info][gc,metaspace   ] GC(378) Metaspace: 10629K(10944K)->10629K(10944K) NonClass: 9738K(9920K)->9738K(9920K) Class: 891K(1024K)->891K(1024K)
[59.723s][info][gc             ] GC(378) Pause Young (Allocation Failure) 697M->478M(964M) 13.546ms
[59.723s][info][gc,cpu         ] GC(378) User=0.06s Sys=0.00s Real=0.01s
[59.798s][info][gc,start       ] GC(379) Pause Young (Allocation Failure)
[59.812s][info][gc,heap        ] GC(379) PSYoungGen: 267552K(288256K)->40832K(287744K) Eden: 226816K(226816K)->0K(226816K) From: 40736K(61440K)->40832K(60928K)
[59.812s][info][gc,heap        ] GC(379) ParOldGen: 449644K(699392K)->451564K(699392K)
[59.812s][info][gc,metaspace   ] GC(379) Metaspace: 10629K(10944K)->10629K(10944K) NonClass: 9738K(9920K)->9738K(9920K) Class: 891K(1024K)->891K(1024K)
[59.812s][info][gc             ] GC(379) Pause Young (Allocation Failure) 700M->480M(964M) 13.364ms
[59.812s][info][gc,cpu         ] GC(379) User=0.09s Sys=0.00s Real=0.01s
[59.887s][info][gc,start       ] GC(380) Pause Young (Allocation Failure)
[59.900s][info][gc,heap        ] GC(380) PSYoungGen: 267648K(287744K)->40768K(289280K) Eden: 226816K(226816K)->0K(228864K) From: 40832K(60928K)->40768K(60416K)
[59.900s][info][gc,heap        ] GC(380) ParOldGen: 451564K(699392K)->453500K(699392K)
[59.900s][info][gc,metaspace   ] GC(380) Metaspace: 10629K(10944K)->10629K(10944K) NonClass: 9738K(9920K)->9738K(9920K) Class: 891K(1024K)->891K(1024K)
[59.900s][info][gc             ] GC(380) Pause Young (Allocation Failure) 702M->482M(965M) 12.831ms
[59.900s][info][gc,cpu         ] GC(380) User=0.00s Sys=0.00s Real=0.01s
[59.975s][info][gc,start       ] GC(381) Pause Young (Allocation Failure)
[59.987s][info][gc,heap        ] GC(381) PSYoungGen: 269632K(289280K)->40480K(288768K) Eden: 228864K(228864K)->0K(228864K) From: 40768K(60416K)->40480K(59904K)
[59.988s][info][gc,heap        ] GC(381) ParOldGen: 453500K(699392K)->455492K(699392K)
[59.988s][info][gc,metaspace   ] GC(381) Metaspace: 10629K(10944K)->10629K(10944K) NonClass: 9738K(9920K)->9738K(9920K) Class: 891K(1024K)->891K(1024K)
[59.988s][info][gc             ] GC(381) Pause Young (Allocation Failure) 706M->484M(965M) 12.929ms
[59.988s][info][gc,cpu         ] GC(381) User=0.09s Sys=0.00s Real=0.01s
[60.064s][info][gc,start       ] GC(382) Pause Young (Allocation Failure)
[60.077s][info][gc,heap        ] GC(382) PSYoungGen: 269344K(288768K)->40320K(291328K) Eden: 228864K(228864K)->0K(232448K) From: 40480K(59904K)->40320K(58880K)
[60.077s][info][gc,heap        ] GC(382) ParOldGen: 455492K(699392K)->457492K(699392K)
[60.077s][info][gc,metaspace   ] GC(382) Metaspace: 10629K(10944K)->10629K(10944K) NonClass: 9738K(9920K)->9738K(9920K) Class: 891K(1024K)->891K(1024K)
[60.077s][info][gc             ] GC(382) Pause Young (Allocation Failure) 707M->486M(967M) 13.096ms
[60.077s][info][gc,cpu         ] GC(382) User=0.09s Sys=0.00s Real=0.01s
[60.154s][info][gc,start       ] GC(383) Pause Young (Allocation Failure)
[60.167s][info][gc,heap        ] GC(383) PSYoungGen: 272768K(291328K)->40128K(290304K) Eden: 232448K(232448K)->0K(232448K) From: 40320K(58880K)->40128K(57856K)
[60.167s][info][gc,heap        ] GC(383) ParOldGen: 457492K(699392K)->459452K(699392K)
[60.167s][info][gc,metaspace   ] GC(383) Metaspace: 10629K(10944K)->10629K(10944K) NonClass: 9738K(9920K)->9738K(9920K) Class: 891K(1024K)->891K(1024K)
[60.167s][info][gc             ] GC(383) Pause Young (Allocation Failure) 713M->487M(966M) 12.563ms
[60.167s][info][gc,cpu         ] GC(383) User=0.09s Sys=0.00s Real=0.01s
[60.243s][info][gc,start       ] GC(384) Pause Young (Allocation Failure)
[60.255s][info][gc,heap        ] GC(384) PSYoungGen: 272576K(290304K)->40224K(293376K) Eden: 232448K(232448K)->0K(236544K) From: 40128K(57856K)->40224K(56832K)
[60.255s][info][gc,heap        ] GC(384) ParOldGen: 459452K(699392K)->461388K(699392K)
[60.255s][info][gc,metaspace   ] GC(384) Metaspace: 10629K(10944K)->10629K(10944K) NonClass: 9738K(9920K)->9738K(9920K) Class: 891K(1024K)->891K(1024K)
[60.255s][info][gc             ] GC(384) Pause Young (Allocation Failure) 714M->489M(969M) 12.657ms
[60.255s][info][gc,cpu         ] GC(384) User=0.09s Sys=0.00s Real=0.01s
[60.335s][info][gc,start       ] GC(385) Pause Young (Allocation Failure)
[60.348s][info][gc,heap        ] GC(385) PSYoungGen: 276768K(293376K)->40288K(292352K) Eden: 236544K(236544K)->0K(236544K) From: 40224K(56832K)->40288K(55808K)
[60.348s][info][gc,heap        ] GC(385) ParOldGen: 461388K(699392K)->463364K(699392K)
[60.348s][info][gc,metaspace   ] GC(385) Metaspace: 10629K(10944K)->10629K(10944K) NonClass: 9738K(9920K)->9738K(9920K) Class: 891K(1024K)->891K(1024K)
[60.348s][info][gc             ] GC(385) Pause Young (Allocation Failure) 720M->491M(968M) 13.355ms
[60.348s][info][gc,cpu         ] GC(385) User=0.06s Sys=0.00s Real=0.01s
[60.436s][info][gc,start       ] GC(386) Pause Young (Allocation Failure)
[60.449s][info][gc,heap        ] GC(386) PSYoungGen: 276832K(292352K)->40256K(294912K) Eden: 236544K(236544K)->0K(239616K) From: 40288K(55808K)->40256K(55296K)
[60.449s][info][gc,heap        ] GC(386) ParOldGen: 463364K(699392K)->465308K(699392K)
[60.449s][info][gc,metaspace   ] GC(386) Metaspace: 10629K(10944K)->10629K(10944K) NonClass: 9738K(9920K)->9738K(9920K) Class: 891K(1024K)->891K(1024K)
[60.449s][info][gc             ] GC(386) Pause Young (Allocation Failure) 722M->493M(971M) 13.336ms
[60.449s][info][gc,cpu         ] GC(386) User=0.09s Sys=0.00s Real=0.01s
[60.529s][info][gc,start       ] GC(387) Pause Young (Allocation Failure)
[60.541s][info][gc,heap        ] GC(387) PSYoungGen: 279872K(294912K)->40288K(293888K) Eden: 239616K(239616K)->0K(239616K) From: 40256K(55296K)->40288K(54272K)
[60.541s][info][gc,heap        ] GC(387) ParOldGen: 465308K(699392K)->467188K(699392K)
[60.541s][info][gc,metaspace   ] GC(387) Metaspace: 10629K(10944K)->10629K(10944K) NonClass: 9738K(9920K)->9738K(9920K) Class: 891K(1024K)->891K(1024K)
[60.541s][info][gc             ] GC(387) Pause Young (Allocation Failure) 727M->495M(970M) 12.903ms
[60.541s][info][gc,cpu         ] GC(387) User=0.09s Sys=0.00s Real=0.01s
[60.619s][info][gc,start       ] GC(388) Pause Young (Allocation Failure)
[60.632s][info][gc,heap        ] GC(388) PSYoungGen: 279904K(293888K)->40352K(296448K) Eden: 239616K(239616K)->0K(243200K) From: 40288K(54272K)->40352K(53248K)
[60.632s][info][gc,heap        ] GC(388) ParOldGen: 467188K(699392K)->469052K(699392K)
[60.632s][info][gc,metaspace   ] GC(388) Metaspace: 10629K(10944K)->10629K(10944K) NonClass: 9738K(9920K)->9738K(9920K) Class: 891K(1024K)->891K(1024K)
[60.632s][info][gc             ] GC(388) Pause Young (Allocation Failure) 729M->497M(972M) 12.886ms
[60.632s][info][gc,cpu         ] GC(388) User=0.00s Sys=0.00s Real=0.01s
[60.713s][info][gc,start       ] GC(389) Pause Young (Allocation Failure)
[60.726s][info][gc,heap        ] GC(389) PSYoungGen: 283552K(296448K)->40576K(295936K) Eden: 243200K(243200K)->0K(243200K) From: 40352K(53248K)->40576K(52736K)
[60.726s][info][gc,heap        ] GC(389) ParOldGen: 469052K(699392K)->470924K(699392K)
[60.726s][info][gc,metaspace   ] GC(389) Metaspace: 10629K(10944K)->10629K(10944K) NonClass: 9738K(9920K)->9738K(9920K) Class: 891K(1024K)->891K(1024K)
[60.726s][info][gc             ] GC(389) Pause Young (Allocation Failure) 734M->499M(972M) 12.934ms
[60.726s][info][gc,cpu         ] GC(389) User=0.00s Sys=0.00s Real=0.01s
[60.807s][info][gc,start       ] GC(390) Pause Young (Allocation Failure)
[60.820s][info][gc,heap        ] GC(390) PSYoungGen: 283776K(295936K)->40736K(297984K) Eden: 243200K(243200K)->0K(246272K) From: 40576K(52736K)->40736K(51712K)
[60.820s][info][gc,heap        ] GC(390) ParOldGen: 470924K(699392K)->472740K(699392K)
[60.820s][info][gc,metaspace   ] GC(390) Metaspace: 10629K(10944K)->10629K(10944K) NonClass: 9738K(9920K)->9738K(9920K) Class: 891K(1024K)->891K(1024K)
[60.820s][info][gc             ] GC(390) Pause Young (Allocation Failure) 737M->501M(974M) 12.958ms
[60.820s][info][gc,cpu         ] GC(390) User=0.00s Sys=0.00s Real=0.01s
[60.904s][info][gc,start       ] GC(391) Pause Young (Allocation Failure)
[60.917s][info][gc,heap        ] GC(391) PSYoungGen: 287008K(297984K)->40704K(297472K) Eden: 246272K(246272K)->0K(246272K) From: 40736K(51712K)->40704K(51200K)
[60.917s][info][gc,heap        ] GC(391) ParOldGen: 472740K(699392K)->474540K(699392K)
[60.917s][info][gc,metaspace   ] GC(391) Metaspace: 10629K(10944K)->10629K(10944K) NonClass: 9738K(9920K)->9738K(9920K) Class: 891K(1024K)->891K(1024K)
[60.917s][info][gc             ] GC(391) Pause Young (Allocation Failure) 741M->503M(973M) 12.858ms
[60.917s][info][gc,cpu         ] GC(391) User=0.09s Sys=0.00s Real=0.01s
[61.003s][info][gc,start       ] GC(392) Pause Young (Allocation Failure)
[61.016s][info][gc,heap        ] GC(392) PSYoungGen: 286976K(297472K)->41088K(299008K) Eden: 246272K(246272K)->0K(248320K) From: 40704K(51200K)->41088K(50688K)
[61.016s][info][gc,heap        ] GC(392) ParOldGen: 474540K(699392K)->476396K(699392K)
[61.016s][info][gc,metaspace   ] GC(392) Metaspace: 10629K(10944K)->10629K(10944K) NonClass: 9738K(9920K)->9738K(9920K) Class: 891K(1024K)->891K(1024K)
[61.016s][info][gc             ] GC(392) Pause Young (Allocation Failure) 743M->505M(975M) 13.050ms
[61.016s][info][gc,cpu         ] GC(392) User=0.09s Sys=0.00s Real=0.01s
[61.099s][info][gc,start       ] GC(393) Pause Young (Allocation Failure)
[61.112s][info][gc,heap        ] GC(393) PSYoungGen: 289408K(299008K)->41216K(298496K) Eden: 248320K(248320K)->0K(248320K) From: 41088K(50688K)->41216K(50176K)
[61.112s][info][gc,heap        ] GC(393) ParOldGen: 476396K(699392K)->478164K(699392K)
[61.112s][info][gc,metaspace   ] GC(393) Metaspace: 10629K(10944K)->10629K(10944K) NonClass: 9738K(9920K)->9738K(9920K) Class: 891K(1024K)->891K(1024K)
[61.112s][info][gc             ] GC(393) Pause Young (Allocation Failure) 747M->507M(974M) 13.018ms
[61.112s][info][gc,cpu         ] GC(393) User=0.09s Sys=0.00s Real=0.02s
[61.195s][info][gc,start       ] GC(394) Pause Young (Allocation Failure)
[61.208s][info][gc,heap        ] GC(394) PSYoungGen: 289536K(298496K)->41504K(299520K) Eden: 248320K(248320K)->0K(249856K) From: 41216K(50176K)->41504K(49664K)
[61.208s][info][gc,heap        ] GC(394) ParOldGen: 478164K(699392K)->479980K(699392K)
[61.208s][info][gc,metaspace   ] GC(394) Metaspace: 10629K(10944K)->10629K(10944K) NonClass: 9738K(9920K)->9738K(9920K) Class: 891K(1024K)->891K(1024K)
[61.208s][info][gc             ] GC(394) Pause Young (Allocation Failure) 749M->509M(975M) 13.257ms
[61.208s][info][gc,cpu         ] GC(394) User=0.09s Sys=0.00s Real=0.01s
[61.290s][info][gc,start       ] GC(395) Pause Young (Allocation Failure)
[61.303s][info][gc,heap        ] GC(395) PSYoungGen: 291360K(299520K)->41760K(299520K) Eden: 249856K(249856K)->0K(249856K) From: 41504K(49664K)->41760K(49664K)
[61.303s][info][gc,heap        ] GC(395) ParOldGen: 479980K(699392K)->481764K(699392K)
[61.303s][info][gc,metaspace   ] GC(395) Metaspace: 10629K(10944K)->10629K(10944K) NonClass: 9738K(9920K)->9738K(9920K) Class: 891K(1024K)->891K(1024K)
[61.303s][info][gc             ] GC(395) Pause Young (Allocation Failure) 753M->511M(975M) 13.296ms
[61.303s][info][gc,cpu         ] GC(395) User=0.09s Sys=0.00s Real=0.01s
[61.384s][info][gc,start       ] GC(396) Pause Young (Allocation Failure)
[61.397s][info][gc,heap        ] GC(396) PSYoungGen: 291616K(299520K)->41792K(300032K) Eden: 249856K(249856K)->0K(250880K) From: 41760K(49664K)->41792K(49152K)
[61.397s][info][gc,heap        ] GC(396) ParOldGen: 481764K(699392K)->483588K(699392K)
[61.397s][info][gc,metaspace   ] GC(396) Metaspace: 10629K(10944K)->10629K(10944K) NonClass: 9738K(9920K)->9738K(9920K) Class: 891K(1024K)->891K(1024K)
[61.398s][info][gc             ] GC(396) Pause Young (Allocation Failure) 755M->513M(976M) 13.317ms
[61.398s][info][gc,cpu         ] GC(396) User=0.00s Sys=0.00s Real=0.01s
[61.481s][info][gc,start       ] GC(397) Pause Young (Allocation Failure)
[61.495s][info][gc,heap        ] GC(397) PSYoungGen: 292672K(300032K)->42176K(300032K) Eden: 250880K(250880K)->0K(250880K) From: 41792K(49152K)->42176K(49152K)
[61.495s][info][gc,heap        ] GC(397) ParOldGen: 483588K(699392K)->485340K(699392K)
[61.495s][info][gc,metaspace   ] GC(397) Metaspace: 10629K(10944K)->10629K(10944K) NonClass: 9738K(9920K)->9738K(9920K) Class: 891K(1024K)->891K(1024K)
[61.495s][info][gc             ] GC(397) Pause Young (Allocation Failure) 758M->515M(976M) 13.592ms
[61.495s][info][gc,cpu         ] GC(397) User=0.09s Sys=0.00s Real=0.01s
[61.576s][info][gc,start       ] GC(398) Pause Young (Allocation Failure)
[61.590s][info][gc,heap        ] GC(398) PSYoungGen: 293056K(300032K)->42208K(300544K) Eden: 250880K(250880K)->0K(251392K) From: 42176K(49152K)->42208K(49152K)
[61.590s][info][gc,heap        ] GC(398) ParOldGen: 485340K(699392K)->487276K(699392K)
[61.590s][info][gc,metaspace   ] GC(398) Metaspace: 10629K(10944K)->10629K(10944K) NonClass: 9738K(9920K)->9738K(9920K) Class: 891K(1024K)->891K(1024K)
[61.590s][info][gc             ] GC(398) Pause Young (Allocation Failure) 760M->517M(976M) 13.571ms
[61.590s][info][gc,cpu         ] GC(398) User=0.09s Sys=0.00s Real=0.01s
[61.671s][info][gc,start       ] GC(399) Pause Young (Allocation Failure)
[61.684s][info][gc,heap        ] GC(399) PSYoungGen: 293600K(300544K)->42176K(300032K) Eden: 251392K(251392K)->0K(251392K) From: 42208K(49152K)->42176K(48640K)
[61.684s][info][gc,heap        ] GC(399) ParOldGen: 487276K(699392K)->489140K(699392K)
[61.684s][info][gc,metaspace   ] GC(399) Metaspace: 10629K(10944K)->10629K(10944K) NonClass: 9738K(9920K)->9738K(9920K) Class: 891K(1024K)->891K(1024K)
[61.684s][info][gc             ] GC(399) Pause Young (Allocation Failure) 762M->518M(976M) 13.224ms
[61.684s][info][gc,cpu         ] GC(399) User=0.08s Sys=0.02s Real=0.01s
[61.764s][info][gc,start       ] GC(400) Pause Young (Allocation Failure)
[61.778s][info][gc,heap        ] GC(400) PSYoungGen: 293568K(300032K)->42048K(301056K) Eden: 251392K(251392K)->0K(252416K) From: 42176K(48640K)->42048K(48640K)
[61.778s][info][gc,heap        ] GC(400) ParOldGen: 489140K(699392K)->491060K(699392K)
[61.778s][info][gc,metaspace   ] GC(400) Metaspace: 10629K(10944K)->10629K(10944K) NonClass: 9738K(9920K)->9738K(9920K) Class: 891K(1024K)->891K(1024K)
[61.778s][info][gc             ] GC(400) Pause Young (Allocation Failure) 764M->520M(977M) 13.202ms
[61.778s][info][gc,cpu         ] GC(400) User=0.09s Sys=0.00s Real=0.01s
[61.861s][info][gc,start       ] GC(401) Pause Young (Allocation Failure)
[61.875s][info][gc,heap        ] GC(401) PSYoungGen: 294464K(301056K)->42112K(300544K) Eden: 252416K(252416K)->0K(252416K) From: 42048K(48640K)->42112K(48128K)
[61.875s][info][gc,heap        ] GC(401) ParOldGen: 491060K(699392K)->492956K(699392K)
[61.875s][info][gc,metaspace   ] GC(401) Metaspace: 10629K(10944K)->10629K(10944K) NonClass: 9738K(9920K)->9738K(9920K) Class: 891K(1024K)->891K(1024K)
[61.875s][info][gc             ] GC(401) Pause Young (Allocation Failure) 767M->522M(976M) 13.869ms
[61.875s][info][gc,cpu         ] GC(401) User=0.08s Sys=0.00s Real=0.01s
[61.959s][info][gc,start       ] GC(402) Pause Young (Allocation Failure)
[61.972s][info][gc,heap        ] GC(402) PSYoungGen: 294528K(300544K)->42368K(301056K) Eden: 252416K(252416K)->0K(252928K) From: 42112K(48128K)->42368K(48128K)
[61.972s][info][gc,heap        ] GC(402) ParOldGen: 492956K(699392K)->494892K(699392K)
[61.972s][info][gc,metaspace   ] GC(402) Metaspace: 10629K(10944K)->10629K(10944K) NonClass: 9738K(9920K)->9738K(9920K) Class: 891K(1024K)->891K(1024K)
[61.972s][info][gc             ] GC(402) Pause Young (Allocation Failure) 769M->524M(977M) 13.772ms
[61.973s][info][gc,cpu         ] GC(402) User=0.09s Sys=0.00s Real=0.02s
[62.055s][info][gc,start       ] GC(403) Pause Young (Allocation Failure)
[62.068s][info][gc,heap        ] GC(403) PSYoungGen: 295296K(301056K)->42336K(301056K) Eden: 252928K(252928K)->0K(252928K) From: 42368K(48128K)->42336K(48128K)
[62.069s][info][gc,heap        ] GC(403) ParOldGen: 494892K(699392K)->496796K(699392K)
[62.069s][info][gc,metaspace   ] GC(403) Metaspace: 10629K(10944K)->10629K(10944K) NonClass: 9738K(9920K)->9738K(9920K) Class: 891K(1024K)->891K(1024K)
[62.069s][info][gc             ] GC(403) Pause Young (Allocation Failure) 771M->526M(977M) 13.422ms
[62.069s][info][gc,cpu         ] GC(403) User=0.09s Sys=0.00s Real=0.01s
[62.154s][info][gc,start       ] GC(404) Pause Young (Allocation Failure)
[62.168s][info][gc,heap        ] GC(404) PSYoungGen: 295264K(301056K)->42496K(301568K) Eden: 252928K(252928K)->0K(253952K) From: 42336K(48128K)->42496K(47616K)
[62.168s][info][gc,heap        ] GC(404) ParOldGen: 496796K(699392K)->498740K(699392K)
[62.168s][info][gc,metaspace   ] GC(404) Metaspace: 10629K(10944K)->10629K(10944K) NonClass: 9738K(9920K)->9738K(9920K) Class: 891K(1024K)->891K(1024K)
[62.168s][info][gc             ] GC(404) Pause Young (Allocation Failure) 773M->528M(977M) 13.804ms
[62.168s][info][gc,cpu         ] GC(404) User=0.09s Sys=0.00s Real=0.01s
[62.251s][info][gc,start       ] GC(405) Pause Young (Allocation Failure)
[62.265s][info][gc,heap        ] GC(405) PSYoungGen: 296448K(301568K)->42656K(301568K) Eden: 253952K(253952K)->0K(253952K) From: 42496K(47616K)->42656K(47616K)
[62.265s][info][gc,heap        ] GC(405) ParOldGen: 498740K(699392K)->500692K(699392K)
[62.265s][info][gc,metaspace   ] GC(405) Metaspace: 10629K(10944K)->10629K(10944K) NonClass: 9738K(9920K)->9738K(9920K) Class: 891K(1024K)->891K(1024K)
[62.265s][info][gc             ] GC(405) Pause Young (Allocation Failure) 776M->530M(977M) 13.554ms
[62.265s][info][gc,cpu         ] GC(405) User=0.09s Sys=0.00s Real=0.01s
[62.349s][info][gc,start       ] GC(406) Pause Young (Allocation Failure)
[62.362s][info][gc,heap        ] GC(406) PSYoungGen: 296608K(301568K)->42784K(301568K) Eden: 253952K(253952K)->0K(253952K) From: 42656K(47616K)->42784K(47616K)
[62.362s][info][gc,heap        ] GC(406) ParOldGen: 500692K(699392K)->502620K(699392K)
[62.362s][info][gc,metaspace   ] GC(406) Metaspace: 10629K(10944K)->10629K(10944K) NonClass: 9738K(9920K)->9738K(9920K) Class: 891K(1024K)->891K(1024K)
[62.362s][info][gc             ] GC(406) Pause Young (Allocation Failure) 778M->532M(977M) 13.533ms
[62.362s][info][gc,cpu         ] GC(406) User=0.09s Sys=0.00s Real=0.01s
[62.446s][info][gc,start       ] GC(407) Pause Young (Allocation Failure)
[62.460s][info][gc,heap        ] GC(407) PSYoungGen: 296736K(301568K)->42880K(301568K) Eden: 253952K(253952K)->0K(253952K) From: 42784K(47616K)->42880K(47616K)
[62.460s][info][gc,heap        ] GC(407) ParOldGen: 502620K(699392K)->504620K(699392K)
[62.460s][info][gc,metaspace   ] GC(407) Metaspace: 10629K(10944K)->10629K(10944K) NonClass: 9738K(9920K)->9738K(9920K) Class: 891K(1024K)->891K(1024K)
[62.460s][info][gc             ] GC(407) Pause Young (Allocation Failure) 780M->534M(977M) 13.672ms
[62.460s][info][gc,cpu         ] GC(407) User=0.09s Sys=0.00s Real=0.01s
[62.547s][info][gc,start       ] GC(408) Pause Young (Allocation Failure)
[62.560s][info][gc,heap        ] GC(408) PSYoungGen: 296832K(301568K)->43040K(302080K) Eden: 253952K(253952K)->0K(254976K) From: 42880K(47616K)->43040K(47104K)
[62.560s][info][gc,heap        ] GC(408) ParOldGen: 504620K(699392K)->506588K(699392K)
[62.560s][info][gc,metaspace   ] GC(408) Metaspace: 10629K(10944K)->10629K(10944K) NonClass: 9738K(9920K)->9738K(9920K) Class: 891K(1024K)->891K(1024K)
[62.560s][info][gc             ] GC(408) Pause Young (Allocation Failure) 782M->536M(978M) 13.648ms
[62.560s][info][gc,cpu         ] GC(408) User=0.09s Sys=0.00s Real=0.01s
[62.645s][info][gc,start       ] GC(409) Pause Young (Allocation Failure)
[62.659s][info][gc,heap        ] GC(409) PSYoungGen: 298016K(302080K)->43424K(302080K) Eden: 254976K(254976K)->0K(254976K) From: 43040K(47104K)->43424K(47104K)
[62.659s][info][gc,heap        ] GC(409) ParOldGen: 506588K(699392K)->508540K(699392K)
[62.659s][info][gc,metaspace   ] GC(409) Metaspace: 10629K(10944K)->10629K(10944K) NonClass: 9738K(9920K)->9738K(9920K) Class: 891K(1024K)->891K(1024K)
[62.659s][info][gc             ] GC(409) Pause Young (Allocation Failure) 785M->539M(978M) 14.129ms
[62.659s][info][gc,cpu         ] GC(409) User=0.09s Sys=0.00s Real=0.01s
[62.743s][info][gc,start       ] GC(410) Pause Young (Allocation Failure)
[62.757s][info][gc,heap        ] GC(410) PSYoungGen: 298400K(302080K)->43360K(302080K) Eden: 254976K(254976K)->0K(254976K) From: 43424K(47104K)->43360K(47104K)
[62.757s][info][gc,heap        ] GC(410) ParOldGen: 508540K(699392K)->510444K(699392K)
[62.757s][info][gc,metaspace   ] GC(410) Metaspace: 10629K(10944K)->10629K(10944K) NonClass: 9738K(9920K)->9738K(9920K) Class: 891K(1024K)->891K(1024K)
[62.757s][info][gc             ] GC(410) Pause Young (Allocation Failure) 788M->540M(978M) 13.682ms
[62.757s][info][gc,cpu         ] GC(410) User=0.09s Sys=0.00s Real=0.01s
[62.843s][info][gc,start       ] GC(411) Pause Young (Allocation Failure)
[62.856s][info][gc,heap        ] GC(411) PSYoungGen: 298336K(302080K)->43392K(302080K) Eden: 254976K(254976K)->0K(254976K) From: 43360K(47104K)->43392K(47104K)
[62.856s][info][gc,heap        ] GC(411) ParOldGen: 510444K(699392K)->512436K(699392K)
[62.856s][info][gc,metaspace   ] GC(411) Metaspace: 10629K(10944K)->10629K(10944K) NonClass: 9738K(9920K)->9738K(9920K) Class: 891K(1024K)->891K(1024K)
[62.856s][info][gc             ] GC(411) Pause Young (Allocation Failure) 789M->542M(978M) 13.782ms
[62.856s][info][gc,cpu         ] GC(411) User=0.09s Sys=0.00s Real=0.01s
[62.942s][info][gc,start       ] GC(412) Pause Young (Allocation Failure)
[62.956s][info][gc,heap        ] GC(412) PSYoungGen: 298368K(302080K)->43584K(302080K) Eden: 254976K(254976K)->0K(254976K) From: 43392K(47104K)->43584K(47104K)
[62.956s][info][gc,heap        ] GC(412) ParOldGen: 512436K(699392K)->514468K(699392K)
[62.956s][info][gc,metaspace   ] GC(412) Metaspace: 10629K(10944K)->10629K(10944K) NonClass: 9738K(9920K)->9738K(9920K) Class: 891K(1024K)->891K(1024K)
[62.956s][info][gc             ] GC(412) Pause Young (Allocation Failure) 791M->544M(978M) 13.838ms
[62.956s][info][gc,cpu         ] GC(412) User=0.09s Sys=0.00s Real=0.02s
[63.045s][info][gc,start       ] GC(413) Pause Young (Allocation Failure)
[63.058s][info][gc,heap        ] GC(413) PSYoungGen: 298560K(302080K)->43744K(302080K) Eden: 254976K(254976K)->0K(254976K) From: 43584K(47104K)->43744K(47104K)
[63.058s][info][gc,heap        ] GC(413) ParOldGen: 514468K(699392K)->516388K(699392K)
[63.058s][info][gc,metaspace   ] GC(413) Metaspace: 10629K(10944K)->10629K(10944K) NonClass: 9738K(9920K)->9738K(9920K) Class: 891K(1024K)->891K(1024K)
[63.058s][info][gc             ] GC(413) Pause Young (Allocation Failure) 793M->547M(978M) 13.754ms
[63.058s][info][gc,cpu         ] GC(413) User=0.09s Sys=0.00s Real=0.01s
[63.143s][info][gc,start       ] GC(414) Pause Young (Allocation Failure)
[63.157s][info][gc,heap        ] GC(414) PSYoungGen: 298720K(302080K)->43872K(302080K) Eden: 254976K(254976K)->0K(254976K) From: 43744K(47104K)->43872K(47104K)
[63.157s][info][gc,heap        ] GC(414) ParOldGen: 516388K(699392K)->518364K(699392K)
[63.157s][info][gc,metaspace   ] GC(414) Metaspace: 10629K(10944K)->10629K(10944K) NonClass: 9738K(9920K)->9738K(9920K) Class: 891K(1024K)->891K(1024K)
[63.157s][info][gc             ] GC(414) Pause Young (Allocation Failure) 796M->549M(978M) 14.045ms
[63.157s][info][gc,cpu         ] GC(414) User=0.09s Sys=0.00s Real=0.01s
[63.243s][info][gc,start       ] GC(415) Pause Young (Allocation Failure)
[63.257s][info][gc,heap        ] GC(415) PSYoungGen: 298848K(302080K)->43904K(302080K) Eden: 254976K(254976K)->0K(254976K) From: 43872K(47104K)->43904K(47104K)
[63.257s][info][gc,heap        ] GC(415) ParOldGen: 518364K(699392K)->520220K(699392K)
[63.257s][info][gc,metaspace   ] GC(415) Metaspace: 10629K(10944K)->10629K(10944K) NonClass: 9738K(9920K)->9738K(9920K) Class: 891K(1024K)->891K(1024K)
[63.257s][info][gc             ] GC(415) Pause Young (Allocation Failure) 798M->550M(978M) 13.837ms
[63.257s][info][gc,cpu         ] GC(415) User=0.09s Sys=0.00s Real=0.01s
[63.341s][info][gc,start       ] GC(416) Pause Young (Allocation Failure)
[63.355s][info][gc,heap        ] GC(416) PSYoungGen: 298880K(302080K)->44192K(301056K) Eden: 254976K(254976K)->0K(253952K) From: 43904K(47104K)->44192K(47104K)
[63.355s][info][gc,heap        ] GC(416) ParOldGen: 520220K(699392K)->522092K(699392K)
[63.355s][info][gc,metaspace   ] GC(416) Metaspace: 10629K(10944K)->10629K(10944K) NonClass: 9738K(9920K)->9738K(9920K) Class: 891K(1024K)->891K(1024K)
[63.355s][info][gc             ] GC(416) Pause Young (Allocation Failure) 799M->553M(977M) 14.011ms
[63.355s][info][gc,cpu         ] GC(416) User=0.09s Sys=0.00s Real=0.01s
[63.438s][info][gc,start       ] GC(417) Pause Young (Allocation Failure)
[63.452s][info][gc,heap        ] GC(417) PSYoungGen: 298144K(301056K)->44192K(301568K) Eden: 253952K(253952K)->0K(253952K) From: 44192K(47104K)->44192K(47616K)
[63.452s][info][gc,heap        ] GC(417) ParOldGen: 522092K(699392K)->524132K(699392K)
[63.452s][info][gc,metaspace   ] GC(417) Metaspace: 10629K(10944K)->10629K(10944K) NonClass: 9738K(9920K)->9738K(9920K) Class: 891K(1024K)->891K(1024K)
[63.452s][info][gc             ] GC(417) Pause Young (Allocation Failure) 801M->555M(977M) 13.825ms
[63.452s][info][gc,cpu         ] GC(417) User=0.09s Sys=0.00s Real=0.01s
[63.537s][info][gc,start       ] GC(418) Pause Young (Allocation Failure)
[63.551s][info][gc,heap        ] GC(418) PSYoungGen: 298144K(301568K)->44448K(301568K) Eden: 253952K(253952K)->0K(253952K) From: 44192K(47616K)->44448K(47616K)
[63.551s][info][gc,heap        ] GC(418) ParOldGen: 524132K(699392K)->526036K(699392K)
[63.551s][info][gc,metaspace   ] GC(418) Metaspace: 10629K(10944K)->10629K(10944K) NonClass: 9738K(9920K)->9738K(9920K) Class: 891K(1024K)->891K(1024K)
[63.551s][info][gc             ] GC(418) Pause Young (Allocation Failure) 803M->557M(977M) 13.949ms
[63.551s][info][gc,cpu         ] GC(418) User=0.09s Sys=0.00s Real=0.01s
[63.636s][info][gc,start       ] GC(419) Pause Young (Allocation Failure)
[63.650s][info][gc,heap        ] GC(419) PSYoungGen: 298400K(301568K)->44512K(301568K) Eden: 253952K(253952K)->0K(253952K) From: 44448K(47616K)->44512K(47616K)
[63.650s][info][gc,heap        ] GC(419) ParOldGen: 526036K(699392K)->528044K(699392K)
[63.650s][info][gc,metaspace   ] GC(419) Metaspace: 10629K(10944K)->10629K(10944K) NonClass: 9738K(9920K)->9738K(9920K) Class: 891K(1024K)->891K(1024K)
[63.650s][info][gc             ] GC(419) Pause Young (Allocation Failure) 805M->559M(977M) 14.103ms
[63.650s][info][gc,cpu         ] GC(419) User=0.00s Sys=0.00s Real=0.01s
[63.733s][info][gc,start       ] GC(420) Pause Young (Allocation Failure)
[63.746s][info][gc,heap        ] GC(420) PSYoungGen: 298464K(301568K)->44512K(301568K) Eden: 253952K(253952K)->0K(253952K) From: 44512K(47616K)->44512K(47616K)
[63.747s][info][gc,heap        ] GC(420) ParOldGen: 528044K(699392K)->530028K(699392K)
[63.747s][info][gc,metaspace   ] GC(420) Metaspace: 10629K(10944K)->10629K(10944K) NonClass: 9738K(9920K)->9738K(9920K) Class: 891K(1024K)->891K(1024K)
[63.747s][info][gc             ] GC(420) Pause Young (Allocation Failure) 807M->561M(977M) 13.934ms
[63.747s][info][gc,cpu         ] GC(420) User=0.09s Sys=0.00s Real=0.01s
[63.832s][info][gc,start       ] GC(421) Pause Young (Allocation Failure)
[63.846s][info][gc,heap        ] GC(421) PSYoungGen: 298464K(301568K)->44480K(301568K) Eden: 253952K(253952K)->0K(253952K) From: 44512K(47616K)->44480K(47616K)
[63.846s][info][gc,heap        ] GC(421) ParOldGen: 530028K(699392K)->532100K(699392K)
[63.846s][info][gc,metaspace   ] GC(421) Metaspace: 10629K(10944K)->10629K(10944K) NonClass: 9738K(9920K)->9738K(9920K) Class: 891K(1024K)->891K(1024K)
[63.846s][info][gc             ] GC(421) Pause Young (Allocation Failure) 809M->563M(977M) 14.161ms
[63.846s][info][gc,cpu         ] GC(421) User=0.09s Sys=0.00s Real=0.02s
[63.931s][info][gc,start       ] GC(422) Pause Young (Allocation Failure)
[63.945s][info][gc,heap        ] GC(422) PSYoungGen: 298432K(301568K)->44384K(301568K) Eden: 253952K(253952K)->0K(253952K) From: 44480K(47616K)->44384K(47616K)
[63.946s][info][gc,heap        ] GC(422) ParOldGen: 532100K(699392K)->534228K(699392K)
[63.946s][info][gc,metaspace   ] GC(422) Metaspace: 10629K(10944K)->10629K(10944K) NonClass: 9738K(9920K)->9738K(9920K) Class: 891K(1024K)->891K(1024K)
[63.946s][info][gc             ] GC(422) Pause Young (Allocation Failure) 811M->565M(977M) 14.127ms
[63.946s][info][gc,cpu         ] GC(422) User=0.00s Sys=0.00s Real=0.01s
[64.030s][info][gc,start       ] GC(423) Pause Young (Allocation Failure)
[64.044s][info][gc,heap        ] GC(423) PSYoungGen: 298336K(301568K)->44352K(301568K) Eden: 253952K(253952K)->0K(253952K) From: 44384K(47616K)->44352K(47616K)
[64.044s][info][gc,heap        ] GC(423) ParOldGen: 534228K(699392K)->536292K(699392K)
[64.044s][info][gc,metaspace   ] GC(423) Metaspace: 10629K(10944K)->10629K(10944K) NonClass: 9738K(9920K)->9738K(9920K) Class: 891K(1024K)->891K(1024K)
[64.044s][info][gc             ] GC(423) Pause Young (Allocation Failure) 813M->567M(977M) 14.117ms
[64.044s][info][gc,cpu         ] GC(423) User=0.09s Sys=0.00s Real=0.01s
[64.128s][info][gc,start       ] GC(424) Pause Young (Allocation Failure)
[64.142s][info][gc,heap        ] GC(424) PSYoungGen: 298304K(301568K)->44224K(302080K) Eden: 253952K(253952K)->0K(254464K) From: 44352K(47616K)->44224K(47616K)
[64.142s][info][gc,heap        ] GC(424) ParOldGen: 536292K(699392K)->538428K(699392K)
[64.142s][info][gc,metaspace   ] GC(424) Metaspace: 10629K(10944K)->10629K(10944K) NonClass: 9738K(9920K)->9738K(9920K) Class: 891K(1024K)->891K(1024K)
[64.142s][info][gc             ] GC(424) Pause Young (Allocation Failure) 815M->568M(978M) 14.029ms
[64.143s][info][gc,cpu         ] GC(424) User=0.09s Sys=0.00s Real=0.02s
[64.227s][info][gc,start       ] GC(425) Pause Young (Allocation Failure)
[64.241s][info][gc,heap        ] GC(425) PSYoungGen: 298688K(302080K)->44288K(301568K) Eden: 254464K(254464K)->0K(254464K) From: 44224K(47616K)->44288K(47104K)
[64.241s][info][gc,heap        ] GC(425) ParOldGen: 538428K(699392K)->540500K(699392K)
[64.241s][info][gc,metaspace   ] GC(425) Metaspace: 10629K(10944K)->10629K(10944K) NonClass: 9738K(9920K)->9738K(9920K) Class: 891K(1024K)->891K(1024K)
[64.241s][info][gc             ] GC(425) Pause Young (Allocation Failure) 817M->571M(977M) 14.617ms
[64.241s][info][gc,cpu         ] GC(425) User=0.09s Sys=0.00s Real=0.02s
[64.327s][info][gc,start       ] GC(426) Pause Young (Allocation Failure)
[64.341s][info][gc,heap        ] GC(426) PSYoungGen: 298752K(301568K)->44416K(302080K) Eden: 254464K(254464K)->0K(254976K) From: 44288K(47104K)->44416K(47104K)
[64.341s][info][gc,heap        ] GC(426) ParOldGen: 540500K(699392K)->542540K(699392K)
[64.341s][info][gc,metaspace   ] GC(426) Metaspace: 10629K(10944K)->10629K(10944K) NonClass: 9738K(9920K)->9738K(9920K) Class: 891K(1024K)->891K(1024K)
[64.341s][info][gc             ] GC(426) Pause Young (Allocation Failure) 819M->573M(978M) 14.451ms
[64.341s][info][gc,cpu         ] GC(426) User=0.09s Sys=0.00s Real=0.01s
[64.427s][info][gc,start       ] GC(427) Pause Young (Allocation Failure)
[64.442s][info][gc,heap        ] GC(427) PSYoungGen: 299392K(302080K)->44352K(302080K) Eden: 254976K(254976K)->0K(254976K) From: 44416K(47104K)->44352K(47104K)
[64.442s][info][gc,heap        ] GC(427) ParOldGen: 542540K(699392K)->544620K(699392K)
[64.442s][info][gc,metaspace   ] GC(427) Metaspace: 10629K(10944K)->10629K(10944K) NonClass: 9738K(9920K)->9738K(9920K) Class: 891K(1024K)->891K(1024K)
[64.442s][info][gc             ] GC(427) Pause Young (Allocation Failure) 822M->575M(978M) 14.179ms
[64.442s][info][gc,cpu         ] GC(427) User=0.08s Sys=0.02s Real=0.01s
[64.536s][info][gc,start       ] GC(428) Pause Young (Allocation Failure)
[64.550s][info][gc,heap        ] GC(428) PSYoungGen: 299328K(302080K)->44064K(302592K) Eden: 254976K(254976K)->0K(255488K) From: 44352K(47104K)->44064K(47104K)
[64.550s][info][gc,heap        ] GC(428) ParOldGen: 544620K(699392K)->546732K(699392K)
[64.550s][info][gc,metaspace   ] GC(428) Metaspace: 10629K(10944K)->10629K(10944K) NonClass: 9738K(9920K)->9738K(9920K) Class: 891K(1024K)->891K(1024K)
[64.550s][info][gc             ] GC(428) Pause Young (Allocation Failure) 824M->576M(978M) 13.997ms
[64.550s][info][gc,cpu         ] GC(428) User=0.09s Sys=0.00s Real=0.01s
[64.863s][info][gc,start       ] GC(429) Pause Young (Allocation Failure)
[64.898s][info][gc,heap        ] GC(429) PSYoungGen: 299552K(302592K)->46576K(302080K) Eden: 255488K(255488K)->0K(255488K) From: 44064K(47104K)->46576K(46592K)
[64.898s][info][gc,heap        ] GC(429) ParOldGen: 546732K(699392K)->572420K(699392K)
[64.898s][info][gc,metaspace   ] GC(429) Metaspace: 10643K(10944K)->10643K(10944K) NonClass: 9752K(9920K)->9752K(9920K) Class: 891K(1024K)->891K(1024K)
[64.898s][info][gc             ] GC(429) Pause Young (Allocation Failure) 826M->604M(978M) 34.976ms
[64.898s][info][gc,cpu         ] GC(429) User=0.17s Sys=0.02s Real=0.03s
[65.410s][info][gc,start       ] GC(430) Pause Young (Allocation Failure)
[65.448s][info][gc,heap        ] GC(430) PSYoungGen: 302064K(302080K)->47100K(261120K) Eden: 255488K(255488K)->0K(214016K) From: 46576K(46592K)->47100K(47104K)
[65.448s][info][gc,heap        ] GC(430) ParOldGen: 572420K(699392K)->603692K(699392K)
[65.448s][info][gc,metaspace   ] GC(430) Metaspace: 10643K(10944K)->10643K(10944K) NonClass: 9752K(9920K)->9752K(9920K) Class: 891K(1024K)->891K(1024K)
[65.448s][info][gc             ] GC(430) Pause Young (Allocation Failure) 853M->635M(938M) 37.817ms
[65.448s][info][gc,cpu         ] GC(430) User=0.28s Sys=0.00s Real=0.04s
[65.770s][info][gc,start       ] GC(431) Pause Young (Allocation Failure)
[65.803s][info][gc,heap        ] GC(431) PSYoungGen: 261116K(261120K)->67562K(281600K) Eden: 214016K(214016K)->0K(214016K) From: 47100K(47104K)->67562K(67584K)
[65.804s][info][gc,heap        ] GC(431) ParOldGen: 603692K(699392K)->611508K(699392K)
[65.804s][info][gc,metaspace   ] GC(431) Metaspace: 10643K(10944K)->10643K(10944K) NonClass: 9752K(9920K)->9752K(9920K) Class: 891K(1024K)->891K(1024K)
[65.804s][info][gc             ] GC(431) Pause Young (Allocation Failure) 844M->663M(958M) 33.450ms
[65.804s][info][gc,cpu         ] GC(431) User=0.19s Sys=0.00s Real=0.05s
[66.056s][info][gc,start       ] GC(432) Pause Young (Allocation Failure)
[66.095s][info][gc,heap        ] GC(432) PSYoungGen: 281578K(281600K)->67562K(240640K) Eden: 214016K(214016K)->0K(173056K) From: 67562K(67584K)->67562K(67584K)
[66.095s][info][gc,heap        ] GC(432) ParOldGen: 611508K(699392K)->637052K(699392K)
[66.095s][info][gc,metaspace   ] GC(432) Metaspace: 10643K(10944K)->10643K(10944K) NonClass: 9752K(9920K)->9752K(9920K) Class: 891K(1024K)->891K(1024K)
[66.095s][info][gc             ] GC(432) Pause Young (Allocation Failure) 872M->688M(918M) 38.854ms
[66.095s][info][gc,cpu         ] GC(432) User=0.19s Sys=0.00s Real=0.04s
[66.298s][info][gc,start       ] GC(433) Pause Young (Allocation Failure)
[66.331s][info][gc,heap        ] GC(433) PSYoungGen: 240618K(240640K)->84842K(258048K) Eden: 173056K(173056K)->0K(173056K) From: 67562K(67584K)->84842K(84992K)
[66.331s][info][gc,heap        ] GC(433) ParOldGen: 637052K(699392K)->640836K(699392K)
[66.331s][info][gc,metaspace   ] GC(433) Metaspace: 10643K(10944K)->10643K(10944K) NonClass: 9752K(9920K)->9752K(9920K) Class: 891K(1024K)->891K(1024K)
[66.331s][info][gc             ] GC(433) Pause Young (Allocation Failure) 857M->708M(935M) 33.074ms
[66.331s][info][gc,cpu         ] GC(433) User=0.11s Sys=0.00s Real=0.04s
[66.537s][info][gc,start       ] GC(434) Pause Young (Allocation Failure)
[66.574s][info][gc,heap        ] GC(434) PSYoungGen: 257898K(258048K)->91114K(222208K) Eden: 173056K(173056K)->0K(131072K) From: 84842K(84992K)->91114K(91136K)
[66.574s][info][gc,heap        ] GC(434) ParOldGen: 640836K(699392K)->655012K(699392K)
[66.574s][info][gc,metaspace   ] GC(434) Metaspace: 10643K(10944K)->10643K(10944K) NonClass: 9752K(9920K)->9752K(9920K) Class: 891K(1024K)->891K(1024K)
[66.574s][info][gc             ] GC(434) Pause Young (Allocation Failure) 877M->728M(900M) 37.670ms
[66.574s][info][gc,cpu         ] GC(434) User=0.28s Sys=0.00s Real=0.04s
[66.727s][info][gc,start       ] GC(435) Pause Young (Allocation Failure)
[66.762s][info][gc,heap        ] GC(435) PSYoungGen: 222186K(222208K)->102442K(233984K) Eden: 131072K(131072K)->0K(131072K) From: 91114K(91136K)->102442K(102912K)
[66.762s][info][gc,heap        ] GC(435) ParOldGen: 655012K(699392K)->659324K(699392K)
[66.762s][info][gc,metaspace   ] GC(435) Metaspace: 10643K(10944K)->10643K(10944K) NonClass: 9752K(9920K)->9752K(9920K) Class: 891K(1024K)->891K(1024K)
[66.762s][info][gc             ] GC(435) Pause Young (Allocation Failure) 856M->743M(911M) 34.765ms
[66.762s][info][gc,cpu         ] GC(435) User=0.27s Sys=0.00s Real=0.04s
[66.889s][info][gc,start       ] GC(436) Pause Young (Allocation Failure)
[66.923s][info][gc,heap        ] GC(436) PSYoungGen: 233514K(233984K)->104999K(231936K) Eden: 131072K(131072K)->0K(116736K) From: 102442K(102912K)->104999K(115200K)
[66.923s][info][gc,heap        ] GC(436) ParOldGen: 659324K(699392K)->664820K(699392K)
[66.923s][info][gc,metaspace   ] GC(436) Metaspace: 10643K(10944K)->10643K(10944K) NonClass: 9752K(9920K)->9752K(9920K) Class: 891K(1024K)->891K(1024K)
[66.923s][info][gc             ] GC(436) Pause Young (Allocation Failure) 871M->751M(909M) 33.706ms
[66.923s][info][gc,cpu         ] GC(436) User=0.17s Sys=0.02s Real=0.04s
[67.147s][info][gc,start       ] GC(437) Pause Young (Allocation Failure)
[67.173s][info][gc,heap        ] GC(437) PSYoungGen: 221735K(231936K)->93632K(232960K) Eden: 116736K(116736K)->0K(116736K) From: 104999K(115200K)->93632K(116224K)
[67.173s][info][gc,heap        ] GC(437) ParOldGen: 664820K(699392K)->671812K(699392K)
[67.173s][info][gc,metaspace   ] GC(437) Metaspace: 10643K(10944K)->10643K(10944K) NonClass: 9752K(9920K)->9752K(9920K) Class: 891K(1024K)->891K(1024K)
[67.173s][info][gc             ] GC(437) Pause Young (Allocation Failure) 865M->747M(910M) 25.600ms
[67.173s][info][gc,cpu         ] GC(437) User=0.19s Sys=0.00s Real=0.03s
[67.357s][info][gc,start       ] GC(438) Pause Young (Allocation Failure)
[67.380s][info][gc,heap        ] GC(438) PSYoungGen: 210368K(232960K)->80992K(232960K) Eden: 116736K(116736K)->0K(116736K) From: 93632K(116224K)->80992K(116224K)
[67.380s][info][gc,heap        ] GC(438) ParOldGen: 671812K(699392K)->682300K(699392K)
[67.380s][info][gc,metaspace   ] GC(438) Metaspace: 10643K(10944K)->10643K(10944K) NonClass: 9752K(9920K)->9752K(9920K) Class: 891K(1024K)->891K(1024K)
[67.380s][info][gc             ] GC(438) Pause Young (Allocation Failure) 861M->745M(910M) 22.825ms
[67.380s][info][gc,cpu         ] GC(438) User=0.09s Sys=0.00s Real=0.02s
[67.550s][info][gc,start       ] GC(439) Pause Full (Ergonomics)
[67.550s][info][gc,phases,start] GC(439) Marking Phase
[67.694s][info][gc,phases      ] GC(439) Marking Phase 144.635ms
[67.694s][info][gc,phases,start] GC(439) Summary Phase
[67.694s][info][gc,phases      ] GC(439) Summary Phase 0.024ms
[67.695s][info][gc,phases,start] GC(439) Adjust Roots
[67.698s][info][gc,phases      ] GC(439) Adjust Roots 3.286ms
[67.698s][info][gc,phases,start] GC(439) Compaction Phase
[67.929s][info][gc,phases      ] GC(439) Compaction Phase 231.311ms
[67.929s][info][gc,phases,start] GC(439) Post Compact
[67.931s][info][gc,phases      ] GC(439) Post Compact 1.767ms
[67.931s][info][gc,heap        ] GC(439) PSYoungGen: 197728K(232960K)->0K(232960K) Eden: 116736K(116736K)->0K(116736K) From: 80992K(116224K)->0K(116224K)
[67.931s][info][gc,heap        ] GC(439) ParOldGen: 682300K(699392K)->662824K(699392K)
[67.931s][info][gc,metaspace   ] GC(439) Metaspace: 10643K(10944K)->10643K(10944K) NonClass: 9752K(9920K)->9752K(9920K) Class: 891K(1024K)->891K(1024K)
[67.931s][info][gc             ] GC(439) Pause Full (Ergonomics) 859M->647M(910M) 381.355ms
[67.931s][info][gc,cpu         ] GC(439) User=2.16s Sys=0.02s Real=0.38s
[68.098s][info][gc,start       ] GC(440) Pause Young (Allocation Failure)
[68.099s][info][gc,heap        ] GC(440) PSYoungGen: 116736K(232960K)->2688K(232960K) Eden: 116736K(116736K)->0K(116736K) From: 0K(116224K)->2688K(116224K)
[68.099s][info][gc,heap        ] GC(440) ParOldGen: 662824K(699392K)->662824K(699392K)
[68.099s][info][gc,metaspace   ] GC(440) Metaspace: 10643K(10944K)->10643K(10944K) NonClass: 9752K(9920K)->9752K(9920K) Class: 891K(1024K)->891K(1024K)
[68.099s][info][gc             ] GC(440) Pause Young (Allocation Failure) 761M->649M(910M) 1.986ms
[68.100s][info][gc,cpu         ] GC(440) User=0.00s Sys=0.00s Real=0.00s
[68.276s][info][gc,start       ] GC(441) Pause Young (Allocation Failure)
[68.279s][info][gc,heap        ] GC(441) PSYoungGen: 119424K(232960K)->4000K(232960K) Eden: 116736K(116736K)->0K(116736K) From: 2688K(116224K)->4000K(116224K)
[68.279s][info][gc,heap        ] GC(441) ParOldGen: 662824K(699392K)->662824K(699392K)
[68.279s][info][gc,metaspace   ] GC(441) Metaspace: 10643K(10944K)->10643K(10944K) NonClass: 9752K(9920K)->9752K(9920K) Class: 891K(1024K)->891K(1024K)
[68.279s][info][gc             ] GC(441) Pause Young (Allocation Failure) 763M->651M(910M) 3.175ms
[68.279s][info][gc,cpu         ] GC(441) User=0.00s Sys=0.00s Real=0.00s
[68.456s][info][gc,start       ] GC(442) Pause Young (Allocation Failure)
[68.458s][info][gc,heap        ] GC(442) PSYoungGen: 120736K(232960K)->5216K(232960K) Eden: 116736K(116736K)->0K(116736K) From: 4000K(116224K)->5216K(116224K)
[68.458s][info][gc,heap        ] GC(442) ParOldGen: 662824K(699392K)->662824K(699392K)
[68.459s][info][gc,metaspace   ] GC(442) Metaspace: 10643K(10944K)->10643K(10944K) NonClass: 9752K(9920K)->9752K(9920K) Class: 891K(1024K)->891K(1024K)
[68.459s][info][gc             ] GC(442) Pause Young (Allocation Failure) 765M->652M(910M) 2.420ms
[68.459s][info][gc,cpu         ] GC(442) User=0.00s Sys=0.00s Real=0.01s
[68.623s][info][gc,start       ] GC(443) Pause Young (Allocation Failure)
[68.625s][info][gc,heap        ] GC(443) PSYoungGen: 121952K(232960K)->5888K(232960K) Eden: 116736K(116736K)->0K(116736K) From: 5216K(116224K)->5888K(116224K)
[68.625s][info][gc,heap        ] GC(443) ParOldGen: 662824K(699392K)->662824K(699392K)
[68.625s][info][gc,metaspace   ] GC(443) Metaspace: 10643K(10944K)->10643K(10944K) NonClass: 9752K(9920K)->9752K(9920K) Class: 891K(1024K)->891K(1024K)
[68.625s][info][gc             ] GC(443) Pause Young (Allocation Failure) 766M->653M(910M) 2.578ms
[68.625s][info][gc,cpu         ] GC(443) User=0.00s Sys=0.00s Real=0.02s
[68.772s][info][gc,start       ] GC(444) Pause Young (Allocation Failure)
[68.774s][info][gc,heap        ] GC(444) PSYoungGen: 122624K(232960K)->4608K(232960K) Eden: 116736K(116736K)->0K(116736K) From: 5888K(116224K)->4608K(116224K)
[68.774s][info][gc,heap        ] GC(444) ParOldGen: 662824K(699392K)->665288K(699392K)
[68.774s][info][gc,metaspace   ] GC(444) Metaspace: 10643K(10944K)->10643K(10944K) NonClass: 9752K(9920K)->9752K(9920K) Class: 891K(1024K)->891K(1024K)
[68.774s][info][gc             ] GC(444) Pause Young (Allocation Failure) 767M->654M(910M) 2.681ms
[68.774s][info][gc,cpu         ] GC(444) User=0.00s Sys=0.00s Real=0.01s
[68.892s][info][gc,start       ] GC(445) Pause Young (Allocation Failure)
[68.905s][info][gc,heap        ] GC(445) PSYoungGen: 121344K(232960K)->22096K(232960K) Eden: 116736K(116736K)->0K(116736K) From: 4608K(116224K)->22096K(116224K)
[68.905s][info][gc,heap        ] GC(445) ParOldGen: 665288K(699392K)->667864K(699392K)
[68.905s][info][gc,metaspace   ] GC(445) Metaspace: 10643K(10944K)->10643K(10944K) NonClass: 9752K(9920K)->9752K(9920K) Class: 891K(1024K)->891K(1024K)
[68.905s][info][gc             ] GC(445) Pause Young (Allocation Failure) 768M->673M(910M) 12.533ms
[68.905s][info][gc,cpu         ] GC(445) User=0.09s Sys=0.00s Real=0.03s
[68.994s][info][gc,start       ] GC(446) Pause Young (Allocation Failure)
[69.012s][info][gc,heap        ] GC(446) PSYoungGen: 138832K(232960K)->16992K(232960K) Eden: 116736K(116736K)->0K(116736K) From: 22096K(116224K)->16992K(116224K)
[69.012s][info][gc,heap        ] GC(446) ParOldGen: 667864K(699392K)->689192K(699392K)
[69.012s][info][gc,metaspace   ] GC(446) Metaspace: 10643K(10944K)->10643K(10944K) NonClass: 9752K(9920K)->9752K(9920K) Class: 891K(1024K)->891K(1024K)
[69.012s][info][gc             ] GC(446) Pause Young (Allocation Failure) 787M->689M(910M) 17.361ms
[69.012s][info][gc,cpu         ] GC(446) User=0.09s Sys=0.00s Real=0.02s
[69.124s][info][gc,start       ] GC(447) Pause Full (Ergonomics)
[69.124s][info][gc,phases,start] GC(447) Marking Phase
[69.230s][info][gc,phases      ] GC(447) Marking Phase 105.989ms
[69.230s][info][gc,phases,start] GC(447) Summary Phase
[69.230s][info][gc,phases      ] GC(447) Summary Phase 0.035ms
[69.230s][info][gc,phases,start] GC(447) Adjust Roots
[69.233s][info][gc,phases      ] GC(447) Adjust Roots 2.493ms
[69.233s][info][gc,phases,start] GC(447) Compaction Phase
[69.315s][info][gc,phases      ] GC(447) Compaction Phase 82.465ms
[69.315s][info][gc,phases,start] GC(447) Post Compact
[69.317s][info][gc,phases      ] GC(447) Post Compact 1.506ms
[69.317s][info][gc,heap        ] GC(447) PSYoungGen: 133728K(232960K)->0K(232960K) Eden: 116736K(116736K)->0K(116736K) From: 16992K(116224K)->0K(116224K)
[69.317s][info][gc,heap        ] GC(447) ParOldGen: 689192K(699392K)->491963K(699392K)
[69.317s][info][gc,metaspace   ] GC(447) Metaspace: 10643K(10944K)->10643K(10944K) NonClass: 9752K(9920K)->9752K(9920K) Class: 891K(1024K)->891K(1024K)
[69.317s][info][gc             ] GC(447) Pause Full (Ergonomics) 803M->480M(910M) 192.822ms
[69.317s][info][gc,cpu         ] GC(447) User=1.03s Sys=0.02s Real=0.20s
[69.463s][info][gc,start       ] GC(448) Pause Young (Allocation Failure)
[69.466s][info][gc,heap        ] GC(448) PSYoungGen: 116736K(232960K)->3296K(232960K) Eden: 116736K(116736K)->0K(116736K) From: 0K(116224K)->3296K(116224K)
[69.466s][info][gc,heap        ] GC(448) ParOldGen: 491963K(699392K)->491963K(699392K)
[69.466s][info][gc,metaspace   ] GC(448) Metaspace: 10643K(10944K)->10643K(10944K) NonClass: 9752K(9920K)->9752K(9920K) Class: 891K(1024K)->891K(1024K)
[69.466s][info][gc             ] GC(448) Pause Young (Allocation Failure) 594M->483M(910M) 2.409ms
[69.466s][info][gc,cpu         ] GC(448) User=0.00s Sys=0.00s Real=0.00s
[69.577s][info][gc,start       ] GC(449) Pause Young (Allocation Failure)
[69.590s][info][gc,heap        ] GC(449) PSYoungGen: 120032K(232960K)->24156K(232960K) Eden: 116736K(116736K)->0K(116736K) From: 3296K(116224K)->24156K(116224K)
[69.590s][info][gc,heap        ] GC(449) ParOldGen: 491963K(699392K)->494051K(699392K)
[69.590s][info][gc,metaspace   ] GC(449) Metaspace: 10643K(10944K)->10643K(10944K) NonClass: 9752K(9920K)->9752K(9920K) Class: 891K(1024K)->891K(1024K)
[69.590s][info][gc             ] GC(449) Pause Young (Allocation Failure) 597M->506M(910M) 12.209ms
[69.590s][info][gc,cpu         ] GC(449) User=0.09s Sys=0.00s Real=0.02s
[69.678s][info][gc,start       ] GC(450) Pause Young (Allocation Failure)
[69.697s][info][gc,heap        ] GC(450) PSYoungGen: 140892K(232960K)->20842K(235008K) Eden: 116736K(116736K)->0K(118784K) From: 24156K(116224K)->20842K(116224K)
[69.697s][info][gc,heap        ] GC(450) ParOldGen: 494051K(699392K)->517531K(699392K)
[69.697s][info][gc,metaspace   ] GC(450) Metaspace: 10643K(10944K)->10643K(10944K) NonClass: 9752K(9920K)->9752K(9920K) Class: 891K(1024K)->891K(1024K)
[69.697s][info][gc             ] GC(450) Pause Young (Allocation Failure) 620M->525M(912M) 18.846ms
[69.697s][info][gc,cpu         ] GC(450) User=0.19s Sys=0.00s Real=0.03s
[69.769s][info][gc,start       ] GC(451) Pause Young (Allocation Failure)
[69.785s][info][gc,heap        ] GC(451) PSYoungGen: 139626K(235008K)->35050K(232960K) Eden: 118784K(118784K)->0K(118784K) From: 20842K(116224K)->35050K(114176K)
[69.785s][info][gc,heap        ] GC(451) ParOldGen: 517531K(699392K)->517531K(699392K)
[69.785s][info][gc,metaspace   ] GC(451) Metaspace: 10643K(10944K)->10643K(10944K) NonClass: 9752K(9920K)->9752K(9920K) Class: 891K(1024K)->891K(1024K)
[69.785s][info][gc             ] GC(451) Pause Young (Allocation Failure) 641M->539M(910M) 15.715ms
[69.785s][info][gc,cpu         ] GC(451) User=0.09s Sys=0.00s Real=0.02s
[69.858s][info][gc,start       ] GC(452) Pause Young (Allocation Failure)
[69.881s][info][gc,heap        ] GC(452) PSYoungGen: 153834K(232960K)->29536K(249344K) Eden: 118784K(118784K)->0K(142848K) From: 35050K(114176K)->29536K(106496K)
[69.881s][info][gc,heap        ] GC(452) ParOldGen: 517531K(699392K)->537333K(699392K)
[69.881s][info][gc,metaspace   ] GC(452) Metaspace: 10643K(10944K)->10643K(10944K) NonClass: 9752K(9920K)->9752K(9920K) Class: 891K(1024K)->891K(1024K)
[69.881s][info][gc             ] GC(452) Pause Young (Allocation Failure) 655M->553M(926M) 23.420ms
[69.881s][info][gc,cpu         ] GC(452) User=0.08s Sys=0.00s Real=0.02s
[69.966s][info][gc,start       ] GC(453) Pause Young (Allocation Failure)
[69.989s][info][gc,heap        ] GC(453) PSYoungGen: 172384K(249344K)->18080K(242688K) Eden: 142848K(142848K)->0K(142848K) From: 29536K(106496K)->18080K(99840K)
[69.989s][info][gc,heap        ] GC(453) ParOldGen: 537333K(699392K)->565805K(699392K)
[69.989s][info][gc,metaspace   ] GC(453) Metaspace: 10643K(10944K)->10643K(10944K) NonClass: 9752K(9920K)->9752K(9920K) Class: 891K(1024K)->891K(1024K)
[69.989s][info][gc             ] GC(453) Pause Young (Allocation Failure) 693M->570M(920M) 22.835ms
[69.989s][info][gc,cpu         ] GC(453) User=0.09s Sys=0.00s Real=0.03s
[70.116s][info][gc,start       ] GC(454) Pause Young (Allocation Failure)
[70.134s][info][gc,heap        ] GC(454) PSYoungGen: 160928K(242688K)->18464K(257024K) Eden: 142848K(142848K)->0K(160768K) From: 18080K(99840K)->18464K(96256K)
[70.134s][info][gc,heap        ] GC(454) ParOldGen: 565805K(699392K)->582717K(699392K)
[70.134s][info][gc,metaspace   ] GC(454) Metaspace: 10643K(10944K)->10643K(10944K) NonClass: 9752K(9920K)->9752K(9920K) Class: 891K(1024K)->891K(1024K)
[70.134s][info][gc             ] GC(454) Pause Young (Allocation Failure) 709M->587M(934M) 18.217ms
[70.134s][info][gc,cpu         ] GC(454) User=0.09s Sys=0.00s Real=0.02s
[70.281s][info][gc,start       ] GC(455) Pause Young (Allocation Failure)
[70.300s][info][gc,heap        ] GC(455) PSYoungGen: 179232K(257024K)->20576K(252928K) Eden: 160768K(160768K)->0K(160768K) From: 18464K(96256K)->20576K(92160K)
[70.300s][info][gc,heap        ] GC(455) ParOldGen: 582717K(699392K)->600037K(699392K)
[70.300s][info][gc,metaspace   ] GC(455) Metaspace: 10643K(10944K)->10643K(10944K) NonClass: 9752K(9920K)->9752K(9920K) Class: 891K(1024K)->891K(1024K)
[70.300s][info][gc             ] GC(455) Pause Young (Allocation Failure) 744M->606M(930M) 19.590ms
[70.300s][info][gc,cpu         ] GC(455) User=0.09s Sys=0.00s Real=0.02s
[70.445s][info][gc,start       ] GC(456) Pause Young (Allocation Failure)
[70.464s][info][gc,heap        ] GC(456) PSYoungGen: 181344K(252928K)->20576K(265728K) Eden: 160768K(160768K)->0K(178176K) From: 20576K(92160K)->20576K(87552K)
[70.464s][info][gc,heap        ] GC(456) ParOldGen: 600037K(699392K)->619493K(699392K)
[70.464s][info][gc,metaspace   ] GC(456) Metaspace: 10643K(10944K)->10643K(10944K) NonClass: 9752K(9920K)->9752K(9920K) Class: 891K(1024K)->891K(1024K)
[70.464s][info][gc             ] GC(456) Pause Young (Allocation Failure) 763M->625M(942M) 19.543ms
[70.464s][info][gc,cpu         ] GC(456) User=0.19s Sys=0.00s Real=0.02s
[70.776s][info][gc,start       ] GC(457) Pause Young (Allocation Failure)
[70.793s][info][gc,heap        ] GC(457) PSYoungGen: 198752K(265728K)->14176K(261632K) Eden: 178176K(178176K)->0K(178176K) From: 20576K(87552K)->14176K(83456K)
[70.793s][info][gc,heap        ] GC(457) ParOldGen: 619493K(699392K)->638941K(699392K)
[70.793s][info][gc,metaspace   ] GC(457) Metaspace: 10643K(10944K)->10643K(10944K) NonClass: 9752K(9920K)->9752K(9920K) Class: 891K(1024K)->891K(1024K)
[70.793s][info][gc             ] GC(457) Pause Young (Allocation Failure) 799M->637M(938M) 16.584ms
[70.793s][info][gc,cpu         ] GC(457) User=0.09s Sys=0.00s Real=0.03s
[70.927s][info][gc,start       ] GC(458) Pause Young (Allocation Failure)
[70.934s][info][gc,heap        ] GC(458) PSYoungGen: 192352K(261632K)->3232K(269824K) Eden: 178176K(178176K)->0K(188928K) From: 14176K(83456K)->3232K(80896K)
[70.934s][info][gc,heap        ] GC(458) ParOldGen: 638941K(699392K)->651949K(699392K)
[70.935s][info][gc,metaspace   ] GC(458) Metaspace: 10643K(10944K)->10643K(10944K) NonClass: 9752K(9920K)->9752K(9920K) Class: 891K(1024K)->891K(1024K)
[70.935s][info][gc             ] GC(458) Pause Young (Allocation Failure) 811M->639M(946M) 7.210ms
[70.935s][info][gc,cpu         ] GC(458) User=0.09s Sys=0.00s Real=0.02s
[71.296s][info][gc,start       ] GC(459) Pause Young (System.gc())
[71.299s][info][gc,heap        ] GC(459) PSYoungGen: 180772K(269824K)->5773K(268288K) Eden: 177540K(188928K)->0K(188928K) From: 3232K(80896K)->5773K(79360K)
[71.301s][info][gc,heap        ] GC(459) ParOldGen: 651949K(699392K)->651949K(699392K)
[71.302s][info][gc,metaspace   ] GC(459) Metaspace: 10649K(10944K)->10649K(10944K) NonClass: 9758K(9920K)->9758K(9920K) Class: 891K(1024K)->891K(1024K)
[71.302s][info][gc             ] GC(459) Pause Young (System.gc()) 813M->642M(945M) 5.399ms
[71.302s][info][gc,cpu         ] GC(459) User=0.00s Sys=0.00s Real=0.02s
[71.302s][info][gc,start       ] GC(460) Pause Full (System.gc())
[71.302s][info][gc,phases,start] GC(460) Marking Phase
[71.392s][info][gc,phases      ] GC(460) Marking Phase 90.719ms
[71.392s][info][gc,phases,start] GC(460) Summary Phase
[71.392s][info][gc,phases      ] GC(460) Summary Phase 0.015ms
[71.392s][info][gc,phases,start] GC(460) Adjust Roots
[71.396s][info][gc,phases      ] GC(460) Adjust Roots 3.703ms
[71.396s][info][gc,phases,start] GC(460) Compaction Phase
[71.540s][info][gc,phases      ] GC(460) Compaction Phase 143.800ms
[71.540s][info][gc,phases,start] GC(460) Post Compact
[71.541s][info][gc,phases      ] GC(460) Post Compact 1.004ms
[71.541s][info][gc,heap        ] GC(460) PSYoungGen: 5773K(268288K)->0K(268288K) Eden: 0K(188928K)->0K(188928K) From: 5773K(79360K)->0K(79360K)
[71.541s][info][gc,heap        ] GC(460) ParOldGen: 651949K(699392K)->434450K(699392K)
[71.541s][info][gc,metaspace   ] GC(460) Metaspace: 10649K(10944K)->10649K(10944K) NonClass: 9758K(9920K)->9758K(9920K) Class: 891K(1024K)->891K(1024K)
[71.541s][info][gc             ] GC(460) Pause Full (System.gc()) 642M->424M(945M) 239.487ms
[71.541s][info][gc,cpu         ] GC(460) User=1.41s Sys=0.00s Real=0.24s
[71.620s][info][gc,start       ] GC(461) Pause Young (Allocation Failure)
[71.623s][info][gc,heap        ] GC(461) PSYoungGen: 188928K(268288K)->5248K(274432K) Eden: 188928K(188928K)->0K(197120K) From: 0K(79360K)->5248K(77312K)
[71.623s][info][gc,heap        ] GC(461) ParOldGen: 434450K(699392K)->434450K(699392K)
[71.623s][info][gc,metaspace   ] GC(461) Metaspace: 10660K(10944K)->10660K(10944K) NonClass: 9768K(9920K)->9768K(9920K) Class: 891K(1024K)->891K(1024K)
[71.623s][info][gc             ] GC(461) Pause Young (Allocation Failure) 608M->429M(951M) 3.881ms
[71.624s][info][gc,cpu         ] GC(461) User=0.02s Sys=0.00s Real=0.00s
[71.698s][info][gc,start       ] GC(462) Pause Young (Allocation Failure)
[71.703s][info][gc,heap        ] GC(462) PSYoungGen: 202368K(274432K)->9120K(271872K) Eden: 197120K(197120K)->0K(197120K) From: 5248K(77312K)->9120K(74752K)
[71.703s][info][gc,heap        ] GC(462) ParOldGen: 434450K(699392K)->434450K(699392K)
[71.703s][info][gc,metaspace   ] GC(462) Metaspace: 10660K(10944K)->10660K(10944K) NonClass: 9768K(9920K)->9768K(9920K) Class: 891K(1024K)->891K(1024K)
[71.703s][info][gc             ] GC(462) Pause Young (Allocation Failure) 621M->433M(948M) 5.370ms
[71.703s][info][gc,cpu         ] GC(462) User=0.00s Sys=0.00s Real=0.01s
[71.771s][info][gc,start       ] GC(463) Pause Young (Allocation Failure)
[71.776s][info][gc,heap        ] GC(463) PSYoungGen: 206240K(271872K)->12224K(281088K) Eden: 197120K(197120K)->0K(209408K) From: 9120K(74752K)->12224K(71680K)
[71.776s][info][gc,heap        ] GC(463) ParOldGen: 434450K(699392K)->434450K(699392K)
[71.776s][info][gc,metaspace   ] GC(463) Metaspace: 10660K(10944K)->10660K(10944K) NonClass: 9768K(9920K)->9768K(9920K) Class: 891K(1024K)->891K(1024K)
[71.776s][info][gc             ] GC(463) Pause Young (Allocation Failure) 625M->436M(957M) 5.013ms
[71.776s][info][gc,cpu         ] GC(463) User=0.08s Sys=0.00s Real=0.00s
[71.842s][info][gc,start       ] GC(464) Pause Young (Allocation Failure)
[71.848s][info][gc,heap        ] GC(464) PSYoungGen: 221632K(281088K)->14944K(277504K) Eden: 209408K(209408K)->0K(209408K) From: 12224K(71680K)->14944K(68096K)
[71.848s][info][gc,heap        ] GC(464) ParOldGen: 434450K(699392K)->434450K(699392K)
[71.848s][info][gc,metaspace   ] GC(464) Metaspace: 10660K(10944K)->10660K(10944K) NonClass: 9768K(9920K)->9768K(9920K) Class: 891K(1024K)->891K(1024K)
[71.848s][info][gc             ] GC(464) Pause Young (Allocation Failure) 640M->438M(954M) 5.821ms
[71.848s][info][gc,cpu         ] GC(464) User=0.00s Sys=0.00s Real=0.01s
[71.918s][info][gc,start       ] GC(465) Pause Young (Allocation Failure)
[71.924s][info][gc,heap        ] GC(465) PSYoungGen: 224352K(277504K)->17632K(289792K) Eden: 209408K(209408K)->0K(225792K) From: 14944K(68096K)->17632K(64000K)
[71.924s][info][gc,heap        ] GC(465) ParOldGen: 434450K(699392K)->434450K(699392K)
[71.924s][info][gc,metaspace   ] GC(465) Metaspace: 10660K(10944K)->10660K(10944K) NonClass: 9768K(9920K)->9768K(9920K) Class: 891K(1024K)->891K(1024K)
[71.924s][info][gc             ] GC(465) Pause Young (Allocation Failure) 643M->441M(966M) 6.338ms
[71.924s][info][gc,cpu         ] GC(465) User=0.00s Sys=0.00s Real=0.01s
[71.998s][info][gc,start       ] GC(466) Pause Young (Allocation Failure)
[72.005s][info][gc,heap        ] GC(466) PSYoungGen: 243424K(289792K)->20256K(285184K) Eden: 225792K(225792K)->0K(225792K) From: 17632K(64000K)->20256K(59392K)
[72.005s][info][gc,heap        ] GC(466) ParOldGen: 434450K(699392K)->434450K(699392K)
[72.005s][info][gc,metaspace   ] GC(466) Metaspace: 10660K(10944K)->10660K(10944K) NonClass: 9768K(9920K)->9768K(9920K) Class: 891K(1024K)->891K(1024K)
[72.005s][info][gc             ] GC(466) Pause Young (Allocation Failure) 661M->444M(961M) 7.131ms
[72.005s][info][gc,cpu         ] GC(466) User=0.00s Sys=0.00s Real=0.01s
[72.076s][info][gc,start       ] GC(467) Pause Young (Allocation Failure)
[72.083s][info][gc,heap        ] GC(467) PSYoungGen: 246048K(285184K)->22528K(295424K) Eden: 225792K(225792K)->0K(239104K) From: 20256K(59392K)->22528K(56320K)
[72.083s][info][gc,heap        ] GC(467) ParOldGen: 434450K(699392K)->434450K(699392K)
[72.083s][info][gc,metaspace   ] GC(467) Metaspace: 10660K(10944K)->10660K(10944K) NonClass: 9768K(9920K)->9768K(9920K) Class: 891K(1024K)->891K(1024K)
[72.083s][info][gc             ] GC(467) Pause Young (Allocation Failure) 664M->446M(971M) 7.493ms
[72.083s][info][gc,cpu         ] GC(467) User=0.00s Sys=0.00s Real=0.01s
[72.159s][info][gc,start       ] GC(468) Pause Young (Allocation Failure)
[72.168s][info][gc,heap        ] GC(468) PSYoungGen: 261632K(295424K)->24736K(292864K) Eden: 239104K(239104K)->0K(239104K) From: 22528K(56320K)->24736K(53760K)
[72.168s][info][gc,heap        ] GC(468) ParOldGen: 434450K(699392K)->434450K(699392K)
[72.168s][info][gc,metaspace   ] GC(468) Metaspace: 10660K(10944K)->10660K(10944K) NonClass: 9768K(9920K)->9768K(9920K) Class: 891K(1024K)->891K(1024K)
[72.168s][info][gc             ] GC(468) Pause Young (Allocation Failure) 679M->448M(969M) 8.168ms
[72.168s][info][gc,cpu         ] GC(468) User=0.09s Sys=0.00s Real=0.01s
[72.247s][info][gc,start       ] GC(469) Pause Young (Allocation Failure)
[72.256s][info][gc,heap        ] GC(469) PSYoungGen: 263840K(292864K)->27104K(297472K) Eden: 239104K(239104K)->0K(245248K) From: 24736K(53760K)->27104K(52224K)
[72.256s][info][gc,heap        ] GC(469) ParOldGen: 434450K(699392K)->434450K(699392K)
[72.256s][info][gc,metaspace   ] GC(469) Metaspace: 10660K(10944K)->10660K(10944K) NonClass: 9768K(9920K)->9768K(9920K) Class: 891K(1024K)->891K(1024K)
[72.256s][info][gc             ] GC(469) Pause Young (Allocation Failure) 681M->450M(973M) 8.880ms
[72.256s][info][gc,cpu         ] GC(469) User=0.00s Sys=0.00s Real=0.01s
[72.337s][info][gc,start       ] GC(470) Pause Young (Allocation Failure)
[72.347s][info][gc,heap        ] GC(470) PSYoungGen: 272352K(297472K)->29440K(296960K) Eden: 245248K(245248K)->0K(245248K) From: 27104K(52224K)->29440K(51712K)
[72.347s][info][gc,heap        ] GC(470) ParOldGen: 434450K(699392K)->434450K(699392K)
[72.347s][info][gc,metaspace   ] GC(470) Metaspace: 10660K(10944K)->10660K(10944K) NonClass: 9768K(9920K)->9768K(9920K) Class: 891K(1024K)->891K(1024K)
[72.347s][info][gc             ] GC(470) Pause Young (Allocation Failure) 690M->453M(973M) 9.598ms
[72.347s][info][gc,cpu         ] GC(470) User=0.02s Sys=0.00s Real=0.01s
[72.427s][info][gc,start       ] GC(471) Pause Young (Allocation Failure)
[72.437s][info][gc,heap        ] GC(471) PSYoungGen: 274688K(296960K)->31584K(295936K) Eden: 245248K(245248K)->0K(243712K) From: 29440K(51712K)->31584K(52224K)
[72.437s][info][gc,heap        ] GC(471) ParOldGen: 434450K(699392K)->434450K(699392K)
[72.437s][info][gc,metaspace   ] GC(471) Metaspace: 10660K(10944K)->10660K(10944K) NonClass: 9768K(9920K)->9768K(9920K) Class: 891K(1024K)->891K(1024K)
[72.437s][info][gc             ] GC(471) Pause Young (Allocation Failure) 692M->455M(972M) 10.094ms
[72.437s][info][gc,cpu         ] GC(471) User=0.09s Sys=0.00s Real=0.01s
[72.518s][info][gc,start       ] GC(472) Pause Young (Allocation Failure)
[72.529s][info][gc,heap        ] GC(472) PSYoungGen: 275296K(295936K)->33888K(278016K) Eden: 243712K(243712K)->0K(243712K) From: 31584K(52224K)->33888K(34304K)
[72.529s][info][gc,heap        ] GC(472) ParOldGen: 434450K(699392K)->434450K(699392K)
[72.529s][info][gc,metaspace   ] GC(472) Metaspace: 10660K(10944K)->10660K(10944K) NonClass: 9768K(9920K)->9768K(9920K) Class: 891K(1024K)->891K(1024K)
[72.529s][info][gc             ] GC(472) Pause Young (Allocation Failure) 693M->457M(954M) 11.219ms
[72.529s][info][gc,cpu         ] GC(472) User=0.09s Sys=0.00s Real=0.01s
[72.614s][info][gc,start       ] GC(473) Pause Young (Allocation Failure)
[72.625s][info][gc,heap        ] GC(473) PSYoungGen: 277600K(278016K)->35872K(292352K) Eden: 243712K(243712K)->0K(238592K) From: 33888K(34304K)->35872K(53760K)
[72.625s][info][gc,heap        ] GC(473) ParOldGen: 434450K(699392K)->434450K(699392K)
[72.625s][info][gc,metaspace   ] GC(473) Metaspace: 10660K(10944K)->10660K(10944K) NonClass: 9768K(9920K)->9768K(9920K) Class: 891K(1024K)->891K(1024K)
[72.625s][info][gc             ] GC(473) Pause Young (Allocation Failure) 695M->459M(968M) 11.073ms
[72.625s][info][gc,cpu         ] GC(473) User=0.08s Sys=0.02s Real=0.01s
[72.704s][info][gc,start       ] GC(474) Pause Young (Allocation Failure)
[72.716s][info][gc,heap        ] GC(474) PSYoungGen: 274464K(292352K)->37920K(276992K) Eden: 238592K(238592K)->0K(238592K) From: 35872K(53760K)->37920K(38400K)
[72.716s][info][gc,heap        ] GC(474) ParOldGen: 434450K(699392K)->434450K(699392K)
[72.716s][info][gc,metaspace   ] GC(474) Metaspace: 10660K(10944K)->10660K(10944K) NonClass: 9768K(9920K)->9768K(9920K) Class: 891K(1024K)->891K(1024K)
[72.716s][info][gc             ] GC(474) Pause Young (Allocation Failure) 692M->461M(953M) 11.676ms
[72.716s][info][gc,cpu         ] GC(474) User=0.09s Sys=0.00s Real=0.01s
[72.797s][info][gc,start       ] GC(475) Pause Young (Allocation Failure)
[72.809s][info][gc,heap        ] GC(475) PSYoungGen: 276512K(276992K)->39840K(287744K) Eden: 238592K(238592K)->0K(230400K) From: 37920K(38400K)->39840K(57344K)
[72.809s][info][gc,heap        ] GC(475) ParOldGen: 434450K(699392K)->434450K(699392K)
[72.809s][info][gc,metaspace   ] GC(475) Metaspace: 10660K(10944K)->10660K(10944K) NonClass: 9768K(9920K)->9768K(9920K) Class: 891K(1024K)->891K(1024K)
[72.809s][info][gc             ] GC(475) Pause Young (Allocation Failure) 694M->463M(964M) 12.295ms
[72.809s][info][gc,cpu         ] GC(475) User=0.09s Sys=0.00s Real=0.01s
[72.887s][info][gc,start       ] GC(476) Pause Young (Allocation Failure)
[72.900s][info][gc,heap        ] GC(476) PSYoungGen: 270240K(287744K)->39936K(270336K) Eden: 230400K(230400K)->0K(230400K) From: 39840K(57344K)->39936K(39936K)
[72.900s][info][gc,heap        ] GC(476) ParOldGen: 434450K(699392K)->436290K(699392K)
[72.900s][info][gc,metaspace   ] GC(476) Metaspace: 10660K(10944K)->10660K(10944K) NonClass: 9768K(9920K)->9768K(9920K) Class: 891K(1024K)->891K(1024K)
[72.900s][info][gc             ] GC(476) Pause Young (Allocation Failure) 688M->465M(947M) 12.956ms
[72.900s][info][gc,cpu         ] GC(476) User=0.00s Sys=0.00s Real=0.01s
[72.975s][info][gc,start       ] GC(477) Pause Young (Allocation Failure)
[72.988s][info][gc,heap        ] GC(477) PSYoungGen: 270336K(270336K)->40192K(286208K) Eden: 230400K(230400K)->0K(225280K) From: 39936K(39936K)->40192K(60928K)
[72.988s][info][gc,heap        ] GC(477) ParOldGen: 436290K(699392K)->437946K(699392K)
[72.988s][info][gc,metaspace   ] GC(477) Metaspace: 10660K(10944K)->10660K(10944K) NonClass: 9768K(9920K)->9768K(9920K) Class: 891K(1024K)->891K(1024K)
[72.988s][info][gc             ] GC(477) Pause Young (Allocation Failure) 690M->466M(962M) 12.577ms
[72.988s][info][gc,cpu         ] GC(477) User=0.09s Sys=0.00s Real=0.01s
[73.062s][info][gc,start       ] GC(478) Pause Young (Allocation Failure)
[73.074s][info][gc,heap        ] GC(478) PSYoungGen: 265472K(286208K)->40640K(266240K) Eden: 225280K(225280K)->0K(225280K) From: 40192K(60928K)->40640K(40960K)
[73.074s][info][gc,heap        ] GC(478) ParOldGen: 437946K(699392K)->439554K(699392K)
[73.074s][info][gc,metaspace   ] GC(478) Metaspace: 10660K(10944K)->10660K(10944K) NonClass: 9768K(9920K)->9768K(9920K) Class: 891K(1024K)->891K(1024K)
[73.074s][info][gc             ] GC(478) Pause Young (Allocation Failure) 686M->468M(943M) 12.791ms
[73.074s][info][gc,cpu         ] GC(478) User=0.09s Sys=0.00s Real=0.01s
[73.150s][info][gc,start       ] GC(479) Pause Young (Allocation Failure)
[73.162s][info][gc,heap        ] GC(479) PSYoungGen: 265920K(266240K)->40576K(285696K) Eden: 225280K(225280K)->0K(223232K) From: 40640K(40960K)->40576K(62464K)
[73.162s][info][gc,heap        ] GC(479) ParOldGen: 439554K(699392K)->441202K(699392K)
[73.162s][info][gc,metaspace   ] GC(479) Metaspace: 10660K(10944K)->10660K(10944K) NonClass: 9768K(9920K)->9768K(9920K) Class: 891K(1024K)->891K(1024K)
[73.162s][info][gc             ] GC(479) Pause Young (Allocation Failure) 688M->470M(962M) 12.691ms
[73.162s][info][gc,cpu         ] GC(479) User=0.00s Sys=0.02s Real=0.01s
[73.238s][info][gc,start       ] GC(480) Pause Young (Allocation Failure)
[73.251s][info][gc,heap        ] GC(480) PSYoungGen: 263808K(285696K)->40736K(286208K) Eden: 223232K(223232K)->0K(223232K) From: 40576K(62464K)->40736K(62976K)
[73.251s][info][gc,heap        ] GC(480) ParOldGen: 441202K(699392K)->442914K(699392K)
[73.251s][info][gc,metaspace   ] GC(480) Metaspace: 10660K(10944K)->10660K(10944K) NonClass: 9768K(9920K)->9768K(9920K) Class: 891K(1024K)->891K(1024K)
[73.251s][info][gc             ] GC(480) Pause Young (Allocation Failure) 688M->472M(962M) 13.229ms
[73.251s][info][gc,cpu         ] GC(480) User=0.08s Sys=0.00s Real=0.01s
[73.324s][info][gc,start       ] GC(481) Pause Young (Allocation Failure)
[73.337s][info][gc,heap        ] GC(481) PSYoungGen: 263968K(286208K)->40928K(286208K) Eden: 223232K(223232K)->0K(223232K) From: 40736K(62976K)->40928K(62976K)
[73.337s][info][gc,heap        ] GC(481) ParOldGen: 442914K(699392K)->444714K(699392K)
[73.337s][info][gc,metaspace   ] GC(481) Metaspace: 10660K(10944K)->10660K(10944K) NonClass: 9768K(9920K)->9768K(9920K) Class: 891K(1024K)->891K(1024K)
[73.337s][info][gc             ] GC(481) Pause Young (Allocation Failure) 690M->474M(962M) 12.950ms
[73.337s][info][gc,cpu         ] GC(481) User=0.02s Sys=0.00s Real=0.01s
[73.412s][info][gc,start       ] GC(482) Pause Young (Allocation Failure)
[73.424s][info][gc,heap        ] GC(482) PSYoungGen: 264160K(286208K)->39104K(286208K) Eden: 223232K(223232K)->0K(223232K) From: 40928K(62976K)->39104K(62976K)
[73.424s][info][gc,heap        ] GC(482) ParOldGen: 444714K(699392K)->448242K(699392K)
[73.424s][info][gc,metaspace   ] GC(482) Metaspace: 10660K(10944K)->10660K(10944K) NonClass: 9768K(9920K)->9768K(9920K) Class: 891K(1024K)->891K(1024K)
[73.424s][info][gc             ] GC(482) Pause Young (Allocation Failure) 692M->475M(962M) 12.912ms
[73.424s][info][gc,cpu         ] GC(482) User=0.09s Sys=0.00s Real=0.01s
[73.499s][info][gc,start       ] GC(483) Pause Young (Allocation Failure)
[73.512s][info][gc,heap        ] GC(483) PSYoungGen: 262336K(286208K)->36896K(288768K) Eden: 223232K(223232K)->0K(226304K) From: 39104K(62976K)->36896K(62464K)
[73.512s][info][gc,heap        ] GC(483) ParOldGen: 448242K(699392K)->452218K(699392K)
[73.512s][info][gc,metaspace   ] GC(483) Metaspace: 10660K(10944K)->10660K(10944K) NonClass: 9768K(9920K)->9768K(9920K) Class: 891K(1024K)->891K(1024K)
[73.512s][info][gc             ] GC(483) Pause Young (Allocation Failure) 693M->477M(965M) 12.344ms
[73.512s][info][gc,cpu         ] GC(483) User=0.09s Sys=0.00s Real=0.01s
[73.588s][info][gc,start       ] GC(484) Pause Young (Allocation Failure)
[73.600s][info][gc,heap        ] GC(484) PSYoungGen: 263200K(288768K)->34624K(286720K) Eden: 226304K(226304K)->0K(226304K) From: 36896K(62464K)->34624K(60416K)
[73.600s][info][gc,heap        ] GC(484) ParOldGen: 452218K(699392K)->456314K(699392K)
[73.600s][info][gc,metaspace   ] GC(484) Metaspace: 10660K(10944K)->10660K(10944K) NonClass: 9768K(9920K)->9768K(9920K) Class: 891K(1024K)->891K(1024K)
[73.600s][info][gc             ] GC(484) Pause Young (Allocation Failure) 698M->479M(963M) 12.155ms
[73.600s][info][gc,cpu         ] GC(484) User=0.00s Sys=0.00s Real=0.01s
[73.675s][info][gc,start       ] GC(485) Pause Young (Allocation Failure)
[73.686s][info][gc,heap        ] GC(485) PSYoungGen: 260928K(286720K)->32544K(293376K) Eden: 226304K(226304K)->0K(235520K) From: 34624K(60416K)->32544K(57856K)
[73.687s][info][gc,heap        ] GC(485) ParOldGen: 456314K(699392K)->460514K(699392K)
[73.687s][info][gc,metaspace   ] GC(485) Metaspace: 10660K(10944K)->10660K(10944K) NonClass: 9768K(9920K)->9768K(9920K) Class: 891K(1024K)->891K(1024K)
[73.687s][info][gc             ] GC(485) Pause Young (Allocation Failure) 700M->481M(969M) 11.657ms
[73.687s][info][gc,cpu         ] GC(485) User=0.09s Sys=0.00s Real=0.01s
[73.763s][info][gc,start       ] GC(486) Pause Young (Allocation Failure)
[73.774s][info][gc,heap        ] GC(486) PSYoungGen: 268064K(293376K)->32384K(291328K) Eden: 235520K(235520K)->0K(235520K) From: 32544K(57856K)->32384K(55808K)
[73.774s][info][gc,heap        ] GC(486) ParOldGen: 460514K(699392K)->462610K(699392K)
[73.774s][info][gc,metaspace   ] GC(486) Metaspace: 10660K(10944K)->10660K(10944K) NonClass: 9768K(9920K)->9768K(9920K) Class: 891K(1024K)->891K(1024K)
[73.774s][info][gc             ] GC(486) Pause Young (Allocation Failure) 711M->483M(967M) 10.725ms
[73.774s][info][gc,cpu         ] GC(486) User=0.00s Sys=0.00s Real=0.01s
[73.852s][info][gc,start       ] GC(487) Pause Young (Allocation Failure)
[73.863s][info][gc,heap        ] GC(487) PSYoungGen: 267904K(291328K)->32352K(296960K) Eden: 235520K(235520K)->0K(242688K) From: 32384K(55808K)->32352K(54272K)
[73.863s][info][gc,heap        ] GC(487) ParOldGen: 462610K(699392K)->464706K(699392K)
[73.863s][info][gc,metaspace   ] GC(487) Metaspace: 10660K(10944K)->10660K(10944K) NonClass: 9768K(9920K)->9768K(9920K) Class: 891K(1024K)->891K(1024K)
[73.863s][info][gc             ] GC(487) Pause Young (Allocation Failure) 713M->485M(973M) 10.990ms
[73.863s][info][gc,cpu         ] GC(487) User=0.09s Sys=0.00s Real=0.01s
[73.945s][info][gc,start       ] GC(488) Pause Young (Allocation Failure)
[73.955s][info][gc,heap        ] GC(488) PSYoungGen: 275040K(296960K)->32320K(294912K) Eden: 242688K(242688K)->0K(242688K) From: 32352K(54272K)->32320K(52224K)
[73.955s][info][gc,heap        ] GC(488) ParOldGen: 464706K(699392K)->466746K(699392K)
[73.955s][info][gc,metaspace   ] GC(488) Metaspace: 10660K(10944K)->10660K(10944K) NonClass: 9768K(9920K)->9768K(9920K) Class: 891K(1024K)->891K(1024K)
[73.955s][info][gc             ] GC(488) Pause Young (Allocation Failure) 722M->487M(971M) 10.743ms
[73.955s][info][gc,cpu         ] GC(488) User=0.09s Sys=0.00s Real=0.01s
[74.036s][info][gc,start       ] GC(489) Pause Young (Allocation Failure)
[74.047s][info][gc,heap        ] GC(489) PSYoungGen: 275008K(294912K)->32608K(299520K) Eden: 242688K(242688K)->0K(248832K) From: 32320K(52224K)->32608K(50688K)
[74.047s][info][gc,heap        ] GC(489) ParOldGen: 466746K(699392K)->468738K(699392K)
[74.047s][info][gc,metaspace   ] GC(489) Metaspace: 10660K(10944K)->10660K(10944K) NonClass: 9768K(9920K)->9768K(9920K) Class: 891K(1024K)->891K(1024K)
[74.047s][info][gc             ] GC(489) Pause Young (Allocation Failure) 724M->489M(975M) 10.999ms
[74.047s][info][gc,cpu         ] GC(489) User=0.09s Sys=0.00s Real=0.01s
[74.130s][info][gc,start       ] GC(490) Pause Young (Allocation Failure)
[74.141s][info][gc,heap        ] GC(490) PSYoungGen: 281440K(299520K)->33024K(298496K) Eden: 248832K(248832K)->0K(248832K) From: 32608K(50688K)->33024K(49664K)
[74.141s][info][gc,heap        ] GC(490) ParOldGen: 468738K(699392K)->470682K(699392K)
[74.141s][info][gc,metaspace   ] GC(490) Metaspace: 10660K(10944K)->10660K(10944K) NonClass: 9768K(9920K)->9768K(9920K) Class: 891K(1024K)->891K(1024K)
[74.141s][info][gc             ] GC(490) Pause Young (Allocation Failure) 732M->491M(974M) 11.046ms
[74.141s][info][gc,cpu         ] GC(490) User=0.09s Sys=0.00s Real=0.01s
[74.224s][info][gc,start       ] GC(491) Pause Young (Allocation Failure)
[74.236s][info][gc,heap        ] GC(491) PSYoungGen: 281856K(298496K)->33024K(302592K) Eden: 248832K(248832K)->0K(254464K) From: 33024K(49664K)->33024K(48128K)
[74.236s][info][gc,heap        ] GC(491) ParOldGen: 470682K(699392K)->472674K(699392K)
[74.236s][info][gc,metaspace   ] GC(491) Metaspace: 10660K(10944K)->10660K(10944K) NonClass: 9768K(9920K)->9768K(9920K) Class: 891K(1024K)->891K(1024K)
[74.236s][info][gc             ] GC(491) Pause Young (Allocation Failure) 734M->493M(978M) 11.641ms
[74.236s][info][gc,cpu         ] GC(491) User=0.09s Sys=0.00s Real=0.01s
[74.321s][info][gc,start       ] GC(492) Pause Young (Allocation Failure)
[74.333s][info][gc,heap        ] GC(492) PSYoungGen: 287488K(302592K)->33600K(301056K) Eden: 254464K(254464K)->0K(254464K) From: 33024K(48128K)->33600K(46592K)
[74.333s][info][gc,heap        ] GC(492) ParOldGen: 472674K(699392K)->474618K(699392K)
[74.333s][info][gc,metaspace   ] GC(492) Metaspace: 10660K(10944K)->10660K(10944K) NonClass: 9768K(9920K)->9768K(9920K) Class: 891K(1024K)->891K(1024K)
[74.333s][info][gc             ] GC(492) Pause Young (Allocation Failure) 742M->496M(977M) 11.655ms
[74.333s][info][gc,cpu         ] GC(492) User=0.08s Sys=0.00s Real=0.01s
[74.415s][info][gc,start       ] GC(493) Pause Young (Allocation Failure)
[74.426s][info][gc,heap        ] GC(493) PSYoungGen: 288064K(301056K)->33632K(305152K) Eden: 254464K(254464K)->0K(259584K) From: 33600K(46592K)->33632K(45568K)
[74.426s][info][gc,heap        ] GC(493) ParOldGen: 474618K(699392K)->476570K(699392K)
[74.426s][info][gc,metaspace   ] GC(493) Metaspace: 10660K(10944K)->10660K(10944K) NonClass: 9768K(9920K)->9768K(9920K) Class: 891K(1024K)->891K(1024K)
[74.426s][info][gc             ] GC(493) Pause Young (Allocation Failure) 744M->498M(981M) 11.368ms
[74.426s][info][gc,cpu         ] GC(493) User=0.09s Sys=0.00s Real=0.01s
[74.512s][info][gc,start       ] GC(494) Pause Young (Allocation Failure)
[74.523s][info][gc,heap        ] GC(494) PSYoungGen: 293216K(305152K)->33856K(303616K) Eden: 259584K(259584K)->0K(259584K) From: 33632K(45568K)->33856K(44032K)
[74.523s][info][gc,heap        ] GC(494) ParOldGen: 476570K(699392K)->478474K(699392K)
[74.523s][info][gc,metaspace   ] GC(494) Metaspace: 10660K(10944K)->10660K(10944K) NonClass: 9768K(9920K)->9768K(9920K) Class: 891K(1024K)->891K(1024K)
[74.523s][info][gc             ] GC(494) Pause Young (Allocation Failure) 751M->500M(979M) 11.178ms
[74.523s][info][gc,cpu         ] GC(494) User=0.00s Sys=0.00s Real=0.01s
[74.610s][info][gc,start       ] GC(495) Pause Young (Allocation Failure)
[74.622s][info][gc,heap        ] GC(495) PSYoungGen: 293440K(303616K)->34432K(306688K) Eden: 259584K(259584K)->0K(263168K) From: 33856K(44032K)->34432K(43520K)
[74.622s][info][gc,heap        ] GC(495) ParOldGen: 478474K(699392K)->480378K(699392K)
[74.622s][info][gc,metaspace   ] GC(495) Metaspace: 10660K(10944K)->10660K(10944K) NonClass: 9768K(9920K)->9768K(9920K) Class: 891K(1024K)->891K(1024K)
[74.622s][info][gc             ] GC(495) Pause Young (Allocation Failure) 753M->502M(982M) 11.588ms
[74.622s][info][gc,cpu         ] GC(495) User=0.09s Sys=0.00s Real=0.01s
[74.709s][info][gc,start       ] GC(496) Pause Young (Allocation Failure)
[74.721s][info][gc,heap        ] GC(496) PSYoungGen: 297600K(306688K)->34720K(305664K) Eden: 263168K(263168K)->0K(263168K) From: 34432K(43520K)->34720K(42496K)
[74.721s][info][gc,heap        ] GC(496) ParOldGen: 480378K(699392K)->482330K(699392K)
[74.721s][info][gc,metaspace   ] GC(496) Metaspace: 10660K(10944K)->10660K(10944K) NonClass: 9768K(9920K)->9768K(9920K) Class: 891K(1024K)->891K(1024K)
[74.721s][info][gc             ] GC(496) Pause Young (Allocation Failure) 759M->504M(981M) 11.769ms
[74.721s][info][gc,cpu         ] GC(496) User=0.09s Sys=0.00s Real=0.01s
[74.810s][info][gc,start       ] GC(497) Pause Young (Allocation Failure)
[74.822s][info][gc,heap        ] GC(497) PSYoungGen: 297888K(305664K)->34944K(307200K) Eden: 263168K(263168K)->0K(265216K) From: 34720K(42496K)->34944K(41984K)
[74.822s][info][gc,heap        ] GC(497) ParOldGen: 482330K(699392K)->484298K(699392K)
[74.822s][info][gc,metaspace   ] GC(497) Metaspace: 10660K(10944K)->10660K(10944K) NonClass: 9768K(9920K)->9768K(9920K) Class: 891K(1024K)->891K(1024K)
[74.822s][info][gc             ] GC(497) Pause Young (Allocation Failure) 761M->507M(983M) 11.897ms
[74.822s][info][gc,cpu         ] GC(497) User=0.09s Sys=0.00s Real=0.01s
[74.912s][info][gc,start       ] GC(498) Pause Young (Allocation Failure)
[74.924s][info][gc,heap        ] GC(498) PSYoungGen: 300160K(307200K)->35424K(307200K) Eden: 265216K(265216K)->0K(265216K) From: 34944K(41984K)->35424K(41984K)
[74.924s][info][gc,heap        ] GC(498) ParOldGen: 484298K(699392K)->486242K(699392K)
[74.924s][info][gc,metaspace   ] GC(498) Metaspace: 10660K(10944K)->10660K(10944K) NonClass: 9768K(9920K)->9768K(9920K) Class: 891K(1024K)->891K(1024K)
[74.924s][info][gc             ] GC(498) Pause Young (Allocation Failure) 766M->509M(983M) 12.105ms
[74.924s][info][gc,cpu         ] GC(498) User=0.08s Sys=0.00s Real=0.01s
[75.013s][info][gc,start       ] GC(499) Pause Young (Allocation Failure)
[75.025s][info][gc,heap        ] GC(499) PSYoungGen: 300640K(307200K)->35648K(307712K) Eden: 265216K(265216K)->0K(266240K) From: 35424K(41984K)->35648K(41472K)
[75.025s][info][gc,heap        ] GC(499) ParOldGen: 486242K(699392K)->488218K(699392K)
[75.025s][info][gc,metaspace   ] GC(499) Metaspace: 10660K(10944K)->10660K(10944K) NonClass: 9768K(9920K)->9768K(9920K) Class: 891K(1024K)->891K(1024K)
[75.026s][info][gc             ] GC(499) Pause Young (Allocation Failure) 768M->511M(983M) 12.136ms
[75.026s][info][gc,cpu         ] GC(499) User=0.09s Sys=0.00s Real=0.01s
[75.111s][info][gc,start       ] GC(500) Pause Young (Allocation Failure)
[75.123s][info][gc,heap        ] GC(500) PSYoungGen: 301888K(307712K)->35616K(307712K) Eden: 266240K(266240K)->0K(266240K) From: 35648K(41472K)->35616K(41472K)
[75.123s][info][gc,heap        ] GC(500) ParOldGen: 488218K(699392K)->490370K(699392K)
[75.123s][info][gc,metaspace   ] GC(500) Metaspace: 10660K(10944K)->10660K(10944K) NonClass: 9768K(9920K)->9768K(9920K) Class: 891K(1024K)->891K(1024K)
[75.123s][info][gc             ] GC(500) Pause Young (Allocation Failure) 771M->513M(983M) 11.997ms
[75.123s][info][gc,cpu         ] GC(500) User=0.09s Sys=0.00s Real=0.01s
[75.211s][info][gc,start       ] GC(501) Pause Young (Allocation Failure)
[75.223s][info][gc,heap        ] GC(501) PSYoungGen: 301856K(307712K)->35872K(307712K) Eden: 266240K(266240K)->0K(266240K) From: 35616K(41472K)->35872K(41472K)
[75.223s][info][gc,heap        ] GC(501) ParOldGen: 490370K(699392K)->492530K(699392K)
[75.223s][info][gc,metaspace   ] GC(501) Metaspace: 10660K(10944K)->10660K(10944K) NonClass: 9768K(9920K)->9768K(9920K) Class: 891K(1024K)->891K(1024K)
[75.223s][info][gc             ] GC(501) Pause Young (Allocation Failure) 773M->516M(983M) 12.381ms
[75.223s][info][gc,cpu         ] GC(501) User=0.09s Sys=0.00s Real=0.01s
[75.312s][info][gc,start       ] GC(502) Pause Young (Allocation Failure)
[75.324s][info][gc,heap        ] GC(502) PSYoungGen: 302112K(307712K)->35840K(307712K) Eden: 266240K(266240K)->0K(266240K) From: 35872K(41472K)->35840K(41472K)
[75.324s][info][gc,heap        ] GC(502) ParOldGen: 492530K(699392K)->494642K(699392K)
[75.324s][info][gc,metaspace   ] GC(502) Metaspace: 10660K(10944K)->10660K(10944K) NonClass: 9768K(9920K)->9768K(9920K) Class: 891K(1024K)->891K(1024K)
[75.324s][info][gc             ] GC(502) Pause Young (Allocation Failure) 776M->518M(983M) 12.260ms
[75.324s][info][gc,cpu         ] GC(502) User=0.09s Sys=0.00s Real=0.01s
[75.411s][info][gc,start       ] GC(503) Pause Young (Allocation Failure)
[75.423s][info][gc,heap        ] GC(503) PSYoungGen: 302080K(307712K)->35872K(308224K) Eden: 266240K(266240K)->0K(267264K) From: 35840K(41472K)->35872K(40960K)
[75.423s][info][gc,heap        ] GC(503) ParOldGen: 494642K(699392K)->496770K(699392K)
[75.423s][info][gc,metaspace   ] GC(503) Metaspace: 10660K(10944K)->10660K(10944K) NonClass: 9768K(9920K)->9768K(9920K) Class: 891K(1024K)->891K(1024K)
[75.423s][info][gc             ] GC(503) Pause Young (Allocation Failure) 778M->520M(984M) 11.821ms
[75.423s][info][gc,cpu         ] GC(503) User=0.08s Sys=0.02s Real=0.01s
[75.511s][info][gc,start       ] GC(504) Pause Young (Allocation Failure)
[75.523s][info][gc,heap        ] GC(504) PSYoungGen: 303136K(308224K)->35936K(308224K) Eden: 267264K(267264K)->0K(267264K) From: 35872K(40960K)->35936K(40960K)
[75.523s][info][gc,heap        ] GC(504) ParOldGen: 496770K(699392K)->498970K(699392K)
[75.523s][info][gc,metaspace   ] GC(504) Metaspace: 10660K(10944K)->10660K(10944K) NonClass: 9768K(9920K)->9768K(9920K) Class: 891K(1024K)->891K(1024K)
[75.523s][info][gc             ] GC(504) Pause Young (Allocation Failure) 781M->522M(984M) 11.879ms
[75.523s][info][gc,cpu         ] GC(504) User=0.00s Sys=0.00s Real=0.01s
[75.611s][info][gc,start       ] GC(505) Pause Young (Allocation Failure)
[75.622s][info][gc,heap        ] GC(505) PSYoungGen: 303200K(308224K)->35744K(308736K) Eden: 267264K(267264K)->0K(267776K) From: 35936K(40960K)->35744K(40960K)
[75.622s][info][gc,heap        ] GC(505) ParOldGen: 498970K(699392K)->501154K(699392K)
[75.622s][info][gc,metaspace   ] GC(505) Metaspace: 10660K(10944K)->10660K(10944K) NonClass: 9768K(9920K)->9768K(9920K) Class: 891K(1024K)->891K(1024K)
[75.622s][info][gc             ] GC(505) Pause Young (Allocation Failure) 783M->524M(984M) 11.849ms
[75.622s][info][gc,cpu         ] GC(505) User=0.09s Sys=0.00s Real=0.01s
[75.709s][info][gc,start       ] GC(506) Pause Young (Allocation Failure)
[75.722s][info][gc,heap        ] GC(506) PSYoungGen: 303520K(308736K)->35872K(308224K) Eden: 267776K(267776K)->0K(267776K) From: 35744K(40960K)->35872K(40448K)
[75.722s][info][gc,heap        ] GC(506) ParOldGen: 501154K(699392K)->503378K(699392K)
[75.722s][info][gc,metaspace   ] GC(506) Metaspace: 10660K(10944K)->10660K(10944K) NonClass: 9768K(9920K)->9768K(9920K) Class: 891K(1024K)->891K(1024K)
[75.722s][info][gc             ] GC(506) Pause Young (Allocation Failure) 785M->526M(984M) 12.119ms
[75.722s][info][gc,cpu         ] GC(506) User=0.09s Sys=0.00s Real=0.01s
[75.810s][info][gc,start       ] GC(507) Pause Young (Allocation Failure)
[75.822s][info][gc,heap        ] GC(507) PSYoungGen: 303648K(308224K)->35872K(309248K) Eden: 267776K(267776K)->0K(268800K) From: 35872K(40448K)->35872K(40448K)
[75.822s][info][gc,heap        ] GC(507) ParOldGen: 503378K(699392K)->505522K(699392K)
[75.822s][info][gc,metaspace   ] GC(507) Metaspace: 10660K(10944K)->10660K(10944K) NonClass: 9768K(9920K)->9768K(9920K) Class: 891K(1024K)->891K(1024K)
[75.822s][info][gc             ] GC(507) Pause Young (Allocation Failure) 788M->528M(985M) 11.989ms
[75.822s][info][gc,cpu         ] GC(507) User=0.09s Sys=0.00s Real=0.01s
[75.914s][info][gc,start       ] GC(508) Pause Young (Allocation Failure)
[75.926s][info][gc,heap        ] GC(508) PSYoungGen: 304672K(309248K)->36000K(308736K) Eden: 268800K(268800K)->0K(268800K) From: 35872K(40448K)->36000K(39936K)
[75.926s][info][gc,heap        ] GC(508) ParOldGen: 505522K(699392K)->507818K(699392K)
[75.926s][info][gc,metaspace   ] GC(508) Metaspace: 10660K(10944K)->10660K(10944K) NonClass: 9768K(9920K)->9768K(9920K) Class: 891K(1024K)->891K(1024K)
[75.926s][info][gc             ] GC(508) Pause Young (Allocation Failure) 791M->531M(984M) 12.531ms
[75.926s][info][gc,cpu         ] GC(508) User=0.09s Sys=0.00s Real=0.01s
[76.015s][info][gc,start       ] GC(509) Pause Young (Allocation Failure)
[76.027s][info][gc,heap        ] GC(509) PSYoungGen: 304800K(308736K)->35968K(309248K) Eden: 268800K(268800K)->0K(269312K) From: 36000K(39936K)->35968K(39936K)
[76.027s][info][gc,heap        ] GC(509) ParOldGen: 507818K(699392K)->510018K(699392K)
[76.028s][info][gc,metaspace   ] GC(509) Metaspace: 10660K(10944K)->10660K(10944K) NonClass: 9768K(9920K)->9768K(9920K) Class: 891K(1024K)->891K(1024K)
[76.028s][info][gc             ] GC(509) Pause Young (Allocation Failure) 793M->533M(985M) 12.149ms
[76.028s][info][gc,cpu         ] GC(509) User=0.09s Sys=0.00s Real=0.01s
[76.117s][info][gc,start       ] GC(510) Pause Young (Allocation Failure)
[76.129s][info][gc,heap        ] GC(510) PSYoungGen: 305280K(309248K)->35872K(309248K) Eden: 269312K(269312K)->0K(269312K) From: 35968K(39936K)->35872K(39936K)
[76.130s][info][gc,heap        ] GC(510) ParOldGen: 510018K(699392K)->512298K(699392K)
[76.130s][info][gc,metaspace   ] GC(510) Metaspace: 10660K(10944K)->10660K(10944K) NonClass: 9768K(9920K)->9768K(9920K) Class: 891K(1024K)->891K(1024K)
[76.130s][info][gc             ] GC(510) Pause Young (Allocation Failure) 796M->535M(985M) 12.148ms
[76.130s][info][gc,cpu         ] GC(510) User=0.09s Sys=0.00s Real=0.01s
[76.220s][info][gc,start       ] GC(511) Pause Young (Allocation Failure)
[76.232s][info][gc,heap        ] GC(511) PSYoungGen: 305184K(309248K)->36352K(309760K) Eden: 269312K(269312K)->0K(270336K) From: 35872K(39936K)->36352K(39424K)
[76.232s][info][gc,heap        ] GC(511) ParOldGen: 512298K(699392K)->514418K(699392K)
[76.232s][info][gc,metaspace   ] GC(511) Metaspace: 10660K(10944K)->10660K(10944K) NonClass: 9768K(9920K)->9768K(9920K) Class: 891K(1024K)->891K(1024K)
[76.232s][info][gc             ] GC(511) Pause Young (Allocation Failure) 798M->537M(985M) 12.292ms
[76.232s][info][gc,cpu         ] GC(511) User=0.09s Sys=0.00s Real=0.01s
[76.326s][info][gc,start       ] GC(512) Pause Young (Allocation Failure)
[76.338s][info][gc,heap        ] GC(512) PSYoungGen: 306688K(309760K)->36384K(309760K) Eden: 270336K(270336K)->0K(270336K) From: 36352K(39424K)->36384K(39424K)
[76.338s][info][gc,heap        ] GC(512) ParOldGen: 514418K(699392K)->516698K(699392K)
[76.338s][info][gc,metaspace   ] GC(512) Metaspace: 10660K(10944K)->10660K(10944K) NonClass: 9768K(9920K)->9768K(9920K) Class: 891K(1024K)->891K(1024K)
[76.338s][info][gc             ] GC(512) Pause Young (Allocation Failure) 801M->540M(985M) 12.296ms
[76.338s][info][gc,cpu         ] GC(512) User=0.09s Sys=0.00s Real=0.01s
[76.428s][info][gc,start       ] GC(513) Pause Young (Allocation Failure)
[76.440s][info][gc,heap        ] GC(513) PSYoungGen: 306720K(309760K)->36384K(309760K) Eden: 270336K(270336K)->0K(270336K) From: 36384K(39424K)->36384K(39424K)
[76.440s][info][gc,heap        ] GC(513) ParOldGen: 516698K(699392K)->518970K(699392K)
[76.440s][info][gc,metaspace   ] GC(513) Metaspace: 10660K(10944K)->10660K(10944K) NonClass: 9768K(9920K)->9768K(9920K) Class: 891K(1024K)->891K(1024K)
[76.440s][info][gc             ] GC(513) Pause Young (Allocation Failure) 804M->542M(985M) 12.082ms
[76.440s][info][gc,cpu         ] GC(513) User=0.09s Sys=0.00s Real=0.01s
[76.530s][info][gc,start       ] GC(514) Pause Young (Allocation Failure)
[76.542s][info][gc,heap        ] GC(514) PSYoungGen: 306720K(309760K)->36640K(309760K) Eden: 270336K(270336K)->0K(270336K) From: 36384K(39424K)->36640K(39424K)
[76.542s][info][gc,heap        ] GC(514) ParOldGen: 518970K(699392K)->521034K(699392K)
[76.542s][info][gc,metaspace   ] GC(514) Metaspace: 10660K(10944K)->10660K(10944K) NonClass: 9768K(9920K)->9768K(9920K) Class: 891K(1024K)->891K(1024K)
[76.542s][info][gc             ] GC(514) Pause Young (Allocation Failure) 806M->544M(985M) 12.094ms
[76.542s][info][gc,cpu         ] GC(514) User=0.09s Sys=0.00s Real=0.01s
[76.632s][info][gc,start       ] GC(515) Pause Young (Allocation Failure)
[76.645s][info][gc,heap        ] GC(515) PSYoungGen: 306976K(309760K)->36864K(309760K) Eden: 270336K(270336K)->0K(270336K) From: 36640K(39424K)->36864K(39424K)
[76.645s][info][gc,heap        ] GC(515) ParOldGen: 521034K(699392K)->523282K(699392K)
[76.645s][info][gc,metaspace   ] GC(515) Metaspace: 10660K(10944K)->10660K(10944K) NonClass: 9768K(9920K)->9768K(9920K) Class: 891K(1024K)->891K(1024K)
[76.645s][info][gc             ] GC(515) Pause Young (Allocation Failure) 808M->547M(985M) 12.854ms
[76.645s][info][gc,cpu         ] GC(515) User=0.08s Sys=0.02s Real=0.01s
[76.735s][info][gc,start       ] GC(516) Pause Young (Allocation Failure)
[76.748s][info][gc,heap        ] GC(516) PSYoungGen: 307200K(309760K)->37024K(309760K) Eden: 270336K(270336K)->0K(270336K) From: 36864K(39424K)->37024K(39424K)
[76.748s][info][gc,heap        ] GC(516) ParOldGen: 523282K(699392K)->525378K(699392K)
[76.748s][info][gc,metaspace   ] GC(516) Metaspace: 10660K(10944K)->10660K(10944K) NonClass: 9768K(9920K)->9768K(9920K) Class: 891K(1024K)->891K(1024K)
[76.748s][info][gc             ] GC(516) Pause Young (Allocation Failure) 811M->549M(985M) 12.345ms
[76.748s][info][gc,cpu         ] GC(516) User=0.09s Sys=0.00s Real=0.01s
[76.840s][info][gc,start       ] GC(517) Pause Young (Allocation Failure)
[76.853s][info][gc,heap        ] GC(517) PSYoungGen: 307360K(309760K)->37280K(308736K) Eden: 270336K(270336K)->0K(269312K) From: 37024K(39424K)->37280K(39424K)
[76.853s][info][gc,heap        ] GC(517) ParOldGen: 525378K(699392K)->527554K(699392K)
[76.853s][info][gc,metaspace   ] GC(517) Metaspace: 10660K(10944K)->10660K(10944K) NonClass: 9768K(9920K)->9768K(9920K) Class: 891K(1024K)->891K(1024K)
[76.853s][info][gc             ] GC(517) Pause Young (Allocation Failure) 813M->551M(984M) 12.437ms
[76.853s][info][gc,cpu         ] GC(517) User=0.00s Sys=0.00s Real=0.01s
[76.941s][info][gc,start       ] GC(518) Pause Young (Allocation Failure)
[76.953s][info][gc,heap        ] GC(518) PSYoungGen: 306592K(308736K)->37536K(309248K) Eden: 269312K(269312K)->0K(269312K) From: 37280K(39424K)->37536K(39936K)
[76.953s][info][gc,heap        ] GC(518) ParOldGen: 527554K(699392K)->529738K(699392K)
[76.953s][info][gc,metaspace   ] GC(518) Metaspace: 10660K(10944K)->10660K(10944K) NonClass: 9768K(9920K)->9768K(9920K) Class: 891K(1024K)->891K(1024K)
[76.953s][info][gc             ] GC(518) Pause Young (Allocation Failure) 814M->553M(985M) 12.792ms
[76.953s][info][gc,cpu         ] GC(518) User=0.09s Sys=0.00s Real=0.01s
[77.045s][info][gc,start       ] GC(519) Pause Young (Allocation Failure)
[77.057s][info][gc,heap        ] GC(519) PSYoungGen: 306848K(309248K)->37600K(309248K) Eden: 269312K(269312K)->0K(269312K) From: 37536K(39936K)->37600K(39936K)
[77.058s][info][gc,heap        ] GC(519) ParOldGen: 529738K(699392K)->531962K(699392K)
[77.058s][info][gc,metaspace   ] GC(519) Metaspace: 10660K(10944K)->10660K(10944K) NonClass: 9768K(9920K)->9768K(9920K) Class: 891K(1024K)->891K(1024K)
[77.058s][info][gc             ] GC(519) Pause Young (Allocation Failure) 816M->556M(985M) 12.781ms
[77.058s][info][gc,cpu         ] GC(519) User=0.09s Sys=0.00s Real=0.01s
[77.146s][info][gc,start       ] GC(520) Pause Young (Allocation Failure)
[77.158s][info][gc,heap        ] GC(520) PSYoungGen: 306912K(309248K)->37568K(307200K) Eden: 269312K(269312K)->0K(269312K) From: 37600K(39936K)->37568K(37888K)
[77.158s][info][gc,heap        ] GC(520) ParOldGen: 531962K(699392K)->534170K(699392K)
[77.158s][info][gc,metaspace   ] GC(520) Metaspace: 10660K(10944K)->10660K(10944K) NonClass: 9768K(9920K)->9768K(9920K) Class: 891K(1024K)->891K(1024K)
[77.158s][info][gc             ] GC(520) Pause Young (Allocation Failure) 819M->558M(983M) 12.553ms
[77.159s][info][gc,cpu         ] GC(520) User=0.09s Sys=0.00s Real=0.01s
[77.249s][info][gc,start       ] GC(521) Pause Young (Allocation Failure)
[77.262s][info][gc,heap        ] GC(521) PSYoungGen: 306880K(307200K)->37696K(308736K) Eden: 269312K(269312K)->0K(268288K) From: 37568K(37888K)->37696K(40448K)
[77.262s][info][gc,heap        ] GC(521) ParOldGen: 534170K(699392K)->536426K(699392K)
[77.262s][info][gc,metaspace   ] GC(521) Metaspace: 10660K(10944K)->10660K(10944K) NonClass: 9768K(9920K)->9768K(9920K) Class: 891K(1024K)->891K(1024K)
[77.262s][info][gc             ] GC(521) Pause Young (Allocation Failure) 821M->560M(984M) 13.091ms
[77.262s][info][gc,cpu         ] GC(521) User=0.09s Sys=0.00s Real=0.01s
[77.353s][info][gc,start       ] GC(522) Pause Young (Allocation Failure)
[77.366s][info][gc,heap        ] GC(522) PSYoungGen: 305984K(308736K)->37472K(308736K) Eden: 268288K(268288K)->0K(268288K) From: 37696K(40448K)->37472K(40448K)
[77.366s][info][gc,heap        ] GC(522) ParOldGen: 536426K(699392K)->538858K(699392K)
[77.366s][info][gc,metaspace   ] GC(522) Metaspace: 10660K(10944K)->10660K(10944K) NonClass: 9768K(9920K)->9768K(9920K) Class: 891K(1024K)->891K(1024K)
[77.366s][info][gc             ] GC(522) Pause Young (Allocation Failure) 822M->562M(984M) 12.541ms
[77.366s][info][gc,cpu         ] GC(522) User=0.00s Sys=0.00s Real=0.01s
[77.453s][info][gc,start       ] GC(523) Pause Young (Allocation Failure)
[77.466s][info][gc,heap        ] GC(523) PSYoungGen: 305760K(308736K)->37312K(309248K) Eden: 268288K(268288K)->0K(268800K) From: 37472K(40448K)->37312K(40448K)
[77.466s][info][gc,heap        ] GC(523) ParOldGen: 538858K(699392K)->541186K(699392K)
[77.466s][info][gc,metaspace   ] GC(523) Metaspace: 10660K(10944K)->10660K(10944K) NonClass: 9768K(9920K)->9768K(9920K) Class: 891K(1024K)->891K(1024K)
[77.466s][info][gc             ] GC(523) Pause Young (Allocation Failure) 824M->564M(985M) 12.377ms
[77.466s][info][gc,cpu         ] GC(523) User=0.09s Sys=0.00s Real=0.01s
[77.556s][info][gc,start       ] GC(524) Pause Young (Allocation Failure)
[77.568s][info][gc,heap        ] GC(524) PSYoungGen: 306112K(309248K)->37216K(308736K) Eden: 268800K(268800K)->0K(268800K) From: 37312K(40448K)->37216K(39936K)
[77.568s][info][gc,heap        ] GC(524) ParOldGen: 541186K(699392K)->543546K(699392K)
[77.568s][info][gc,metaspace   ] GC(524) Metaspace: 10660K(10944K)->10660K(10944K) NonClass: 9768K(9920K)->9768K(9920K) Class: 891K(1024K)->891K(1024K)
[77.568s][info][gc             ] GC(524) Pause Young (Allocation Failure) 827M->567M(984M) 12.441ms
[77.568s][info][gc,cpu         ] GC(524) User=0.09s Sys=0.00s Real=0.01s
[77.669s][info][gc,start       ] GC(525) Pause Young (Allocation Failure)
[77.681s][info][gc,heap        ] GC(525) PSYoungGen: 306016K(308736K)->37152K(309248K) Eden: 268800K(268800K)->0K(269312K) From: 37216K(39936K)->37152K(39936K)
[77.681s][info][gc,heap        ] GC(525) ParOldGen: 543546K(699392K)->545850K(699392K)
[77.681s][info][gc,metaspace   ] GC(525) Metaspace: 10660K(10944K)->10660K(10944K) NonClass: 9768K(9920K)->9768K(9920K) Class: 891K(1024K)->891K(1024K)
[77.681s][info][gc             ] GC(525) Pause Young (Allocation Failure) 829M->569M(985M) 12.359ms
[77.681s][info][gc,cpu         ] GC(525) User=0.09s Sys=0.00s Real=0.01s
[77.772s][info][gc,start       ] GC(526) Pause Young (Allocation Failure)
[77.784s][info][gc,heap        ] GC(526) PSYoungGen: 306464K(309248K)->37312K(309248K) Eden: 269312K(269312K)->0K(269312K) From: 37152K(39936K)->37312K(39936K)
[77.784s][info][gc,heap        ] GC(526) ParOldGen: 545850K(699392K)->548162K(699392K)
[77.784s][info][gc,metaspace   ] GC(526) Metaspace: 10660K(10944K)->10660K(10944K) NonClass: 9768K(9920K)->9768K(9920K) Class: 891K(1024K)->891K(1024K)
[77.784s][info][gc             ] GC(526) Pause Young (Allocation Failure) 832M->571M(985M) 12.482ms
[77.784s][info][gc,cpu         ] GC(526) User=0.09s Sys=0.00s Real=0.01s
[77.874s][info][gc,start       ] GC(527) Pause Young (Allocation Failure)
[77.887s][info][gc,heap        ] GC(527) PSYoungGen: 306624K(309248K)->37248K(309760K) Eden: 269312K(269312K)->0K(269824K) From: 37312K(39936K)->37248K(39936K)
[77.887s][info][gc,heap        ] GC(527) ParOldGen: 548162K(699392K)->550490K(699392K)
[77.887s][info][gc,metaspace   ] GC(527) Metaspace: 10660K(10944K)->10660K(10944K) NonClass: 9768K(9920K)->9768K(9920K) Class: 891K(1024K)->891K(1024K)
[77.887s][info][gc             ] GC(527) Pause Young (Allocation Failure) 834M->573M(985M) 12.525ms
[77.887s][info][gc,cpu         ] GC(527) User=0.09s Sys=0.00s Real=0.01s
[77.978s][info][gc,start       ] GC(528) Pause Young (Allocation Failure)
[77.991s][info][gc,heap        ] GC(528) PSYoungGen: 307072K(309760K)->37312K(309248K) Eden: 269824K(269824K)->0K(269824K) From: 37248K(39936K)->37312K(39424K)
[77.991s][info][gc,heap        ] GC(528) ParOldGen: 550490K(699392K)->552914K(699392K)
[77.991s][info][gc,metaspace   ] GC(528) Metaspace: 10660K(10944K)->10660K(10944K) NonClass: 9768K(9920K)->9768K(9920K) Class: 891K(1024K)->891K(1024K)
[77.991s][info][gc             ] GC(528) Pause Young (Allocation Failure) 837M->576M(985M) 12.925ms
[77.991s][info][gc,cpu         ] GC(528) User=0.00s Sys=0.00s Real=0.01s
[78.080s][info][gc,start       ] GC(529) Pause Young (Allocation Failure)
[78.092s][info][gc,heap        ] GC(529) PSYoungGen: 307136K(309248K)->37184K(309760K) Eden: 269824K(269824K)->0K(270336K) From: 37312K(39424K)->37184K(39424K)
[78.092s][info][gc,heap        ] GC(529) ParOldGen: 552914K(699392K)->555106K(699392K)
[78.092s][info][gc,metaspace   ] GC(529) Metaspace: 10660K(10944K)->10660K(10944K) NonClass: 9768K(9920K)->9768K(9920K) Class: 891K(1024K)->891K(1024K)
[78.092s][info][gc             ] GC(529) Pause Young (Allocation Failure) 839M->578M(985M) 12.340ms
[78.092s][info][gc,cpu         ] GC(529) User=0.09s Sys=0.00s Real=0.01s
[78.186s][info][gc,start       ] GC(530) Pause Young (Allocation Failure)
[78.199s][info][gc,heap        ] GC(530) PSYoungGen: 307520K(309760K)->37312K(309760K) Eden: 270336K(270336K)->0K(270336K) From: 37184K(39424K)->37312K(39424K)
[78.199s][info][gc,heap        ] GC(530) ParOldGen: 555106K(699392K)->557458K(699392K)
[78.199s][info][gc,metaspace   ] GC(530) Metaspace: 10660K(10944K)->10660K(10944K) NonClass: 9768K(9920K)->9768K(9920K) Class: 891K(1024K)->891K(1024K)
[78.199s][info][gc             ] GC(530) Pause Young (Allocation Failure) 842M->580M(985M) 12.618ms
[78.199s][info][gc,cpu         ] GC(530) User=0.09s Sys=0.00s Real=0.01s
[78.298s][info][gc,start       ] GC(531) Pause Young (Allocation Failure)
[78.310s][info][gc,heap        ] GC(531) PSYoungGen: 307648K(309760K)->37120K(310272K) Eden: 270336K(270336K)->0K(270848K) From: 37312K(39424K)->37120K(39424K)
[78.310s][info][gc,heap        ] GC(531) ParOldGen: 557458K(699392K)->559722K(699392K)
[78.310s][info][gc,metaspace   ] GC(531) Metaspace: 10660K(10944K)->10660K(10944K) NonClass: 9768K(9920K)->9768K(9920K) Class: 891K(1024K)->891K(1024K)
[78.310s][info][gc             ] GC(531) Pause Young (Allocation Failure) 844M->582M(986M) 12.410ms
[78.310s][info][gc,cpu         ] GC(531) User=0.09s Sys=0.00s Real=0.01s
[78.659s][info][gc,start       ] GC(532) Pause Young (Allocation Failure)
[78.692s][info][gc,heap        ] GC(532) PSYoungGen: 307968K(310272K)->38887K(309760K) Eden: 270848K(270848K)->0K(270848K) From: 37120K(39424K)->38887K(38912K)
[78.692s][info][gc,heap        ] GC(532) ParOldGen: 559722K(699392K)->585474K(699392K)
[78.692s][info][gc,metaspace   ] GC(532) Metaspace: 10662K(10944K)->10662K(10944K) NonClass: 9771K(9920K)->9771K(9920K) Class: 891K(1024K)->891K(1024K)
[78.692s][info][gc             ] GC(532) Pause Young (Allocation Failure) 847M->609M(985M) 32.279ms
[78.692s][info][gc,cpu         ] GC(532) User=0.19s Sys=0.00s Real=0.03s
[79.267s][info][gc,start       ] GC(533) Pause Young (Allocation Failure)
[79.307s][info][gc,heap        ] GC(533) PSYoungGen: 309735K(309760K)->39402K(264704K) Eden: 270848K(270848K)->0K(225280K) From: 38887K(38912K)->39402K(39424K)
[79.307s][info][gc,heap        ] GC(533) ParOldGen: 585474K(699392K)->622730K(699392K)
[79.307s][info][gc,metaspace   ] GC(533) Metaspace: 10662K(10944K)->10662K(10944K) NonClass: 9771K(9920K)->9771K(9920K) Class: 891K(1024K)->891K(1024K)
[79.307s][info][gc             ] GC(533) Pause Young (Allocation Failure) 874M->646M(941M) 39.434ms
[79.307s][info][gc,cpu         ] GC(533) User=0.27s Sys=0.00s Real=0.05s
[79.603s][info][gc,start       ] GC(534) Pause Young (Allocation Failure)
[79.635s][info][gc,heap        ] GC(534) PSYoungGen: 264682K(264704K)->61930K(287232K) Eden: 225280K(225280K)->0K(225280K) From: 39402K(39424K)->61930K(61952K)
[79.635s][info][gc,heap        ] GC(534) ParOldGen: 622730K(699392K)->628826K(699392K)
[79.635s][info][gc,metaspace   ] GC(534) Metaspace: 10662K(10944K)->10662K(10944K) NonClass: 9771K(9920K)->9771K(9920K) Class: 891K(1024K)->891K(1024K)
[79.635s][info][gc             ] GC(534) Pause Young (Allocation Failure) 866M->674M(963M) 31.972ms
[79.635s][info][gc,cpu         ] GC(534) User=0.19s Sys=0.00s Real=0.04s
[79.903s][info][gc,start       ] GC(535) Pause Young (Allocation Failure)
[79.941s][info][gc,heap        ] GC(535) PSYoungGen: 287210K(287232K)->61930K(245248K) Eden: 225280K(225280K)->0K(183296K) From: 61930K(61952K)->61930K(61952K)
[79.941s][info][gc,heap        ] GC(535) ParOldGen: 628826K(699392K)->655994K(699392K)
[79.941s][info][gc,metaspace   ] GC(535) Metaspace: 10662K(10944K)->10662K(10944K) NonClass: 9771K(9920K)->9771K(9920K) Class: 891K(1024K)->891K(1024K)
[79.941s][info][gc             ] GC(535) Pause Young (Allocation Failure) 894M->701M(922M) 38.536ms
[79.941s][info][gc,cpu         ] GC(535) User=0.19s Sys=0.00s Real=0.05s
[80.158s][info][gc,start       ] GC(536) Pause Young (Allocation Failure)
[80.190s][info][gc,heap        ] GC(536) PSYoungGen: 245226K(245248K)->78122K(261632K) Eden: 183296K(183296K)->0K(183296K) From: 61930K(61952K)->78122K(78336K)
[80.191s][info][gc,heap        ] GC(536) ParOldGen: 655994K(699392K)->662138K(699392K)
[80.191s][info][gc,metaspace   ] GC(536) Metaspace: 10662K(10944K)->10662K(10944K) NonClass: 9771K(9920K)->9771K(9920K) Class: 891K(1024K)->891K(1024K)
[80.191s][info][gc             ] GC(536) Pause Young (Allocation Failure) 880M->722M(938M) 32.322ms
[80.191s][info][gc,cpu         ] GC(536) User=0.19s Sys=0.00s Real=0.05s
[80.406s][info][gc,start       ] GC(537) Pause Young (Allocation Failure)
[80.442s][info][gc,heap        ] GC(537) PSYoungGen: 261418K(261632K)->87530K(229888K) Eden: 183296K(183296K)->0K(142336K) From: 78122K(78336K)->87530K(87552K)
[80.442s][info][gc,heap        ] GC(537) ParOldGen: 662138K(699392K)->674538K(699392K)
[80.442s][info][gc,metaspace   ] GC(537) Metaspace: 10662K(10944K)->10662K(10944K) NonClass: 9771K(9920K)->9771K(9920K) Class: 891K(1024K)->891K(1024K)
[80.442s][info][gc             ] GC(537) Pause Young (Allocation Failure) 901M->744M(907M) 35.851ms
[80.442s][info][gc,cpu         ] GC(537) User=0.19s Sys=0.00s Real=0.05s
[80.592s][info][gc,start       ] GC(538) Pause Full (Ergonomics)
[80.592s][info][gc,phases,start] GC(538) Marking Phase
[80.748s][info][gc,phases      ] GC(538) Marking Phase 156.148ms
[80.748s][info][gc,phases,start] GC(538) Summary Phase
[80.748s][info][gc,phases      ] GC(538) Summary Phase 0.019ms
[80.748s][info][gc,phases,start] GC(538) Adjust Roots
[80.751s][info][gc,phases      ] GC(538) Adjust Roots 2.945ms
[80.751s][info][gc,phases,start] GC(538) Compaction Phase
[81.140s][info][gc,phases      ] GC(538) Compaction Phase 389.240ms
[81.140s][info][gc,phases,start] GC(538) Post Compact
[81.142s][info][gc,phases      ] GC(538) Post Compact 1.726ms
[81.142s][info][gc,heap        ] GC(538) PSYoungGen: 229866K(229888K)->1979K(229888K) Eden: 142336K(142336K)->0K(142336K) From: 87530K(87552K)->1979K(87552K)
[81.142s][info][gc,heap        ] GC(538) ParOldGen: 674538K(699392K)->699277K(699392K)
[81.142s][info][gc,metaspace   ] GC(538) Metaspace: 10662K(10944K)->10662K(10944K) NonClass: 9771K(9920K)->9771K(9920K) Class: 891K(1024K)->891K(1024K)
[81.142s][info][gc             ] GC(538) Pause Full (Ergonomics) 883M->684M(907M) 550.458ms
[81.142s][info][gc,cpu         ] GC(538) User=3.27s Sys=0.02s Real=0.56s
[81.382s][info][gc,start       ] GC(539) Pause Full (Ergonomics)
[81.382s][info][gc,phases,start] GC(539) Marking Phase
[81.531s][info][gc,phases      ] GC(539) Marking Phase 149.650ms
[81.531s][info][gc,phases,start] GC(539) Summary Phase
[81.531s][info][gc,phases      ] GC(539) Summary Phase 0.022ms
[81.531s][info][gc,phases,start] GC(539) Adjust Roots
[81.535s][info][gc,phases      ] GC(539) Adjust Roots 3.172ms
[81.535s][info][gc,phases,start] GC(539) Compaction Phase
[81.748s][info][gc,phases      ] GC(539) Compaction Phase 213.089ms
[81.748s][info][gc,phases,start] GC(539) Post Compact
[81.749s][info][gc,phases      ] GC(539) Post Compact 1.435ms
[81.749s][info][gc,heap        ] GC(539) PSYoungGen: 144315K(229888K)->0K(245760K) Eden: 142336K(142336K)->0K(142336K) From: 1979K(87552K)->0K(103424K)
[81.749s][info][gc,heap        ] GC(539) ParOldGen: 699277K(699392K)->684831K(699392K)
[81.749s][info][gc,metaspace   ] GC(539) Metaspace: 10662K(10944K)->10662K(10944K) NonClass: 9771K(9920K)->9771K(9920K) Class: 891K(1024K)->891K(1024K)
[81.749s][info][gc             ] GC(539) Pause Full (Ergonomics) 823M->668M(923M) 367.698ms
[81.749s][info][gc,cpu         ] GC(539) User=2.23s Sys=0.02s Real=0.37s
[81.975s][info][gc,start       ] GC(540) Pause Full (Ergonomics)
[81.975s][info][gc,phases,start] GC(540) Marking Phase
[82.122s][info][gc,phases      ] GC(540) Marking Phase 147.054ms
[82.122s][info][gc,phases,start] GC(540) Summary Phase
[82.122s][info][gc,phases      ] GC(540) Summary Phase 0.022ms
[82.122s][info][gc,phases,start] GC(540) Adjust Roots
[82.126s][info][gc,phases      ] GC(540) Adjust Roots 3.424ms
[82.126s][info][gc,phases,start] GC(540) Compaction Phase
[82.346s][info][gc,phases      ] GC(540) Compaction Phase 220.533ms
[82.346s][info][gc,phases,start] GC(540) Post Compact
[82.348s][info][gc,phases      ] GC(540) Post Compact 1.379ms
[82.348s][info][gc,heap        ] GC(540) PSYoungGen: 142336K(245760K)->0K(245760K) Eden: 142336K(142336K)->0K(142336K) From: 0K(103424K)->0K(103424K)
[82.348s][info][gc,heap        ] GC(540) ParOldGen: 684831K(699392K)->672226K(699392K)
[82.348s][info][gc,metaspace   ] GC(540) Metaspace: 10662K(10944K)->10662K(10944K) NonClass: 9771K(9920K)->9771K(9920K) Class: 891K(1024K)->891K(1024K)
[82.348s][info][gc             ] GC(540) Pause Full (Ergonomics) 807M->656M(923M) 372.754ms
[82.348s][info][gc,cpu         ] GC(540) User=2.16s Sys=0.02s Real=0.38s
[82.552s][info][gc,start       ] GC(541) Pause Young (Allocation Failure)
[82.554s][info][gc,heap        ] GC(541) PSYoungGen: 142336K(245760K)->3104K(145920K) Eden: 142336K(142336K)->0K(142336K) From: 0K(103424K)->3104K(3584K)
[82.554s][info][gc,heap        ] GC(541) ParOldGen: 672226K(699392K)->672226K(699392K)
[82.554s][info][gc,metaspace   ] GC(541) Metaspace: 10662K(10944K)->10662K(10944K) NonClass: 9771K(9920K)->9771K(9920K) Class: 891K(1024K)->891K(1024K)
[82.554s][info][gc             ] GC(541) Pause Young (Allocation Failure) 795M->659M(825M) 2.411ms
[82.554s][info][gc,cpu         ] GC(541) User=0.00s Sys=0.00s Real=0.01s
[82.757s][info][gc,start       ] GC(542) Pause Young (Allocation Failure)
[82.760s][info][gc,heap        ] GC(542) PSYoungGen: 145440K(145920K)->4832K(236544K) Eden: 142336K(142336K)->0K(128000K) From: 3104K(3584K)->4832K(108544K)
[82.760s][info][gc,heap        ] GC(542) ParOldGen: 672226K(699392K)->672226K(699392K)
[82.760s][info][gc,metaspace   ] GC(542) Metaspace: 10662K(10944K)->10662K(10944K) NonClass: 9771K(9920K)->9771K(9920K) Class: 891K(1024K)->891K(1024K)
[82.760s][info][gc             ] GC(542) Pause Young (Allocation Failure) 798M->661M(914M) 2.596ms
[82.760s][info][gc,cpu         ] GC(542) User=0.09s Sys=0.00s Real=0.01s
[82.942s][info][gc,start       ] GC(543) Pause Young (Allocation Failure)
[82.945s][info][gc,heap        ] GC(543) PSYoungGen: 132832K(236544K)->5984K(134144K) Eden: 128000K(128000K)->0K(128000K) From: 4832K(108544K)->5984K(6144K)
[82.945s][info][gc,heap        ] GC(543) ParOldGen: 672226K(699392K)->672226K(699392K)
[82.945s][info][gc,metaspace   ] GC(543) Metaspace: 10662K(10944K)->10662K(10944K) NonClass: 9771K(9920K)->9771K(9920K) Class: 891K(1024K)->891K(1024K)
[82.945s][info][gc             ] GC(543) Pause Young (Allocation Failure) 786M->662M(814M) 2.894ms
[82.945s][info][gc,cpu         ] GC(543) User=0.00s Sys=0.00s Real=0.02s
[83.126s][info][gc,start       ] GC(544) Pause Young (Allocation Failure)
[83.129s][info][gc,heap        ] GC(544) PSYoungGen: 133984K(134144K)->6944K(238080K) Eden: 128000K(128000K)->0K(126464K) From: 5984K(6144K)->6944K(111616K)
[83.129s][info][gc,heap        ] GC(544) ParOldGen: 672226K(699392K)->672226K(699392K)
[83.129s][info][gc,metaspace   ] GC(544) Metaspace: 10662K(10944K)->10662K(10944K) NonClass: 9771K(9920K)->9771K(9920K) Class: 891K(1024K)->891K(1024K)
[83.129s][info][gc             ] GC(544) Pause Young (Allocation Failure) 787M->663M(915M) 2.831ms
[83.129s][info][gc,cpu         ] GC(544) User=0.00s Sys=0.00s Real=0.01s
[83.291s][info][gc,start       ] GC(545) Pause Young (Allocation Failure)
[83.293s][info][gc,heap        ] GC(545) PSYoungGen: 133408K(238080K)->7776K(237568K) Eden: 126464K(126464K)->0K(126464K) From: 6944K(111616K)->7776K(111104K)
[83.293s][info][gc,heap        ] GC(545) ParOldGen: 672226K(699392K)->672226K(699392K)
[83.293s][info][gc,metaspace   ] GC(545) Metaspace: 10662K(10944K)->10662K(10944K) NonClass: 9771K(9920K)->9771K(9920K) Class: 891K(1024K)->891K(1024K)
[83.293s][info][gc             ] GC(545) Pause Young (Allocation Failure) 786M->664M(915M) 2.690ms
[83.293s][info][gc,cpu         ] GC(545) User=0.00s Sys=0.00s Real=0.00s
[83.428s][info][gc,start       ] GC(546) Pause Young (Allocation Failure)
[83.439s][info][gc,heap        ] GC(546) PSYoungGen: 134240K(237568K)->26704K(245248K) Eden: 126464K(126464K)->0K(136192K) From: 7776K(111104K)->26704K(109056K)
[83.439s][info][gc,heap        ] GC(546) ParOldGen: 672226K(699392K)->672226K(699392K)
[83.439s][info][gc,metaspace   ] GC(546) Metaspace: 10662K(10944K)->10662K(10944K) NonClass: 9771K(9920K)->9771K(9920K) Class: 891K(1024K)->891K(1024K)
[83.439s][info][gc             ] GC(546) Pause Young (Allocation Failure) 787M->682M(922M) 11.852ms
[83.439s][info][gc,cpu         ] GC(546) User=0.09s Sys=0.00s Real=0.02s
[83.545s][info][gc,start       ] GC(547) Pause Young (Allocation Failure)
[83.564s][info][gc,heap        ] GC(547) PSYoungGen: 162896K(245248K)->45456K(240128K) Eden: 136192K(136192K)->0K(136192K) From: 26704K(109056K)->45456K(103936K)
[83.564s][info][gc,heap        ] GC(547) ParOldGen: 672226K(699392K)->672226K(699392K)
[83.564s][info][gc,metaspace   ] GC(547) Metaspace: 10662K(10944K)->10662K(10944K) NonClass: 9771K(9920K)->9771K(9920K) Class: 891K(1024K)->891K(1024K)
[83.564s][info][gc             ] GC(547) Pause Young (Allocation Failure) 815M->700M(917M) 18.826ms
[83.564s][info][gc,cpu         ] GC(547) User=0.09s Sys=0.00s Real=0.02s
[83.746s][info][gc,start       ] GC(548) Pause Young (Allocation Failure)
[83.766s][info][gc,heap        ] GC(548) PSYoungGen: 181648K(240128K)->53184K(248832K) Eden: 136192K(136192K)->0K(148480K) From: 45456K(103936K)->53184K(100352K)
[83.766s][info][gc,heap        ] GC(548) ParOldGen: 672226K(699392K)->672226K(699392K)
[83.766s][info][gc,metaspace   ] GC(548) Metaspace: 10662K(10944K)->10662K(10944K) NonClass: 9771K(9920K)->9771K(9920K) Class: 891K(1024K)->891K(1024K)
[83.766s][info][gc             ] GC(548) Pause Young (Allocation Failure) 833M->708M(926M) 20.190ms
[83.766s][info][gc,cpu         ] GC(548) User=0.09s Sys=0.00s Real=0.03s
[83.896s][info][gc,start       ] GC(549) Pause Young (Allocation Failure)
[83.905s][info][gc,heap        ] GC(549) PSYoungGen: 201664K(248832K)->25384K(248832K) Eden: 148480K(148480K)->0K(148480K) From: 53184K(100352K)->25384K(100352K)
[83.905s][info][gc,heap        ] GC(549) ParOldGen: 672226K(699392K)->672226K(699392K)
[83.905s][info][gc,metaspace   ] GC(549) Metaspace: 10662K(10944K)->10662K(10944K) NonClass: 9771K(9920K)->9771K(9920K) Class: 891K(1024K)->891K(1024K)
[83.905s][info][gc             ] GC(549) Pause Young (Allocation Failure) 853M->681M(926M) 9.006ms
[83.905s][info][gc,cpu         ] GC(549) User=0.09s Sys=0.00s Real=0.01s
[84.032s][info][gc,start       ] GC(550) Pause Young (Allocation Failure)
[84.052s][info][gc,heap        ] GC(550) PSYoungGen: 173864K(248832K)->55114K(250880K) Eden: 148480K(148480K)->0K(154624K) From: 25384K(100352K)->55114K(96256K)
[84.052s][info][gc,heap        ] GC(550) ParOldGen: 672226K(699392K)->672226K(699392K)
[84.052s][info][gc,metaspace   ] GC(550) Metaspace: 10662K(10944K)->10662K(10944K) NonClass: 9771K(9920K)->9771K(9920K) Class: 891K(1024K)->891K(1024K)
[84.052s][info][gc             ] GC(550) Pause Young (Allocation Failure) 826M->710M(928M) 20.786ms
[84.052s][info][gc,cpu         ] GC(550) User=0.09s Sys=0.00s Real=0.03s
[84.146s][info][gc,start       ] GC(551) Pause Young (Allocation Failure)
[84.171s][info][gc,heap        ] GC(551) PSYoungGen: 209738K(250880K)->73226K(228352K) Eden: 154624K(154624K)->0K(154624K) From: 55114K(96256K)->73226K(73728K)
[84.171s][info][gc,heap        ] GC(551) ParOldGen: 672226K(699392K)->672226K(699392K)
[84.171s][info][gc,metaspace   ] GC(551) Metaspace: 10662K(10944K)->10662K(10944K) NonClass: 9771K(9920K)->9771K(9920K) Class: 891K(1024K)->891K(1024K)
[84.171s][info][gc             ] GC(551) Pause Young (Allocation Failure) 861M->727M(906M) 24.830ms
[84.171s][info][gc,cpu         ] GC(551) User=0.19s Sys=0.00s Real=0.02s
[84.263s][info][gc,start       ] GC(552) Pause Young (Allocation Failure)
[84.292s][info][gc,heap        ] GC(552) PSYoungGen: 227850K(228352K)->91274K(220672K) Eden: 154624K(154624K)->0K(116736K) From: 73226K(73728K)->91274K(103936K)
[84.292s][info][gc,heap        ] GC(552) ParOldGen: 672226K(699392K)->672226K(699392K)
[84.292s][info][gc,metaspace   ] GC(552) Metaspace: 10662K(10944K)->10662K(10944K) NonClass: 9771K(9920K)->9771K(9920K) Class: 891K(1024K)->891K(1024K)
[84.292s][info][gc             ] GC(552) Pause Young (Allocation Failure) 878M->745M(898M) 28.934ms
[84.292s][info][gc,cpu         ] GC(552) User=0.19s Sys=0.00s Real=0.03s
[84.363s][info][gc,start       ] GC(553) Pause Young (Allocation Failure)
[84.392s][info][gc,heap        ] GC(553) PSYoungGen: 208010K(220672K)->104586K(232960K) Eden: 116736K(116736K)->0K(116736K) From: 91274K(103936K)->104586K(116224K)
[84.392s][info][gc,heap        ] GC(553) ParOldGen: 672226K(699392K)->672226K(699392K)
[84.392s][info][gc,metaspace   ] GC(553) Metaspace: 10662K(10944K)->10662K(10944K) NonClass: 9771K(9920K)->9771K(9920K) Class: 891K(1024K)->891K(1024K)
[84.392s][info][gc             ] GC(553) Pause Young (Allocation Failure) 859M->758M(910M) 29.321ms
[84.392s][info][gc,cpu         ] GC(553) User=0.19s Sys=0.00s Real=0.03s
[84.501s][info][gc,start       ] GC(554) Pause Young (Allocation Failure)
[84.533s][info][gc,heap        ] GC(554) PSYoungGen: 221322K(232960K)->116202K(232960K) Eden: 116736K(116736K)->0K(116736K) From: 104586K(116224K)->116202K(116224K)
[84.533s][info][gc,heap        ] GC(554) ParOldGen: 672226K(699392K)->673786K(699392K)
[84.533s][info][gc,metaspace   ] GC(554) Metaspace: 10662K(10944K)->10662K(10944K) NonClass: 9771K(9920K)->9771K(9920K) Class: 891K(1024K)->891K(1024K)
[84.533s][info][gc             ] GC(554) Pause Young (Allocation Failure) 872M->771M(910M) 32.611ms
[84.533s][info][gc,cpu         ] GC(554) User=0.19s Sys=0.00s Real=0.04s
[84.639s][info][gc,start       ] GC(555) Pause Young (Allocation Failure)
[84.675s][info][gc,heap        ] GC(555) PSYoungGen: 232938K(232960K)->116202K(232960K) Eden: 116736K(116736K)->0K(116736K) From: 116202K(116224K)->116202K(116224K)
[84.675s][info][gc,heap        ] GC(555) ParOldGen: 673786K(699392K)->687130K(699392K)
[84.675s][info][gc,metaspace   ] GC(555) Metaspace: 10662K(10944K)->10662K(10944K) NonClass: 9771K(9920K)->9771K(9920K) Class: 891K(1024K)->891K(1024K)
[84.675s][info][gc             ] GC(555) Pause Young (Allocation Failure) 885M->784M(910M) 35.610ms
[84.675s][info][gc,cpu         ] GC(555) User=0.19s Sys=0.00s Real=0.03s
[84.780s][info][gc,start       ] GC(556) Pause Full (Ergonomics)
[84.780s][info][gc,phases,start] GC(556) Marking Phase
[84.899s][info][gc,phases      ] GC(556) Marking Phase 118.138ms
[84.899s][info][gc,phases,start] GC(556) Summary Phase
[84.899s][info][gc,phases      ] GC(556) Summary Phase 0.024ms
[84.899s][info][gc,phases,start] GC(556) Adjust Roots
[84.902s][info][gc,phases      ] GC(556) Adjust Roots 3.290ms
[84.902s][info][gc,phases,start] GC(556) Compaction Phase
[85.016s][info][gc,phases      ] GC(556) Compaction Phase 113.966ms
[85.016s][info][gc,phases,start] GC(556) Post Compact
[85.018s][info][gc,phases      ] GC(556) Post Compact 2.046ms
[85.018s][info][gc,heap        ] GC(556) PSYoungGen: 232938K(232960K)->0K(232960K) Eden: 116736K(116736K)->0K(116736K) From: 116202K(116224K)->0K(116224K)
[85.018s][info][gc,heap        ] GC(556) ParOldGen: 687130K(699392K)->565933K(699392K)
[85.018s][info][gc,metaspace   ] GC(556) Metaspace: 10662K(10944K)->10662K(10944K) NonClass: 9771K(9920K)->9771K(9920K) Class: 891K(1024K)->891K(1024K)
[85.018s][info][gc             ] GC(556) Pause Full (Ergonomics) 898M->552M(910M) 237.838ms
[85.018s][info][gc,cpu         ] GC(556) User=1.31s Sys=0.02s Real=0.24s
[85.121s][info][gc,start       ] GC(557) Pause Young (Allocation Failure)
[85.132s][info][gc,heap        ] GC(557) PSYoungGen: 116736K(232960K)->15296K(232960K) Eden: 116736K(116736K)->0K(116736K) From: 0K(116224K)->15296K(116224K)
[85.132s][info][gc,heap        ] GC(557) ParOldGen: 565933K(699392K)->565933K(699392K)
[85.132s][info][gc,metaspace   ] GC(557) Metaspace: 10662K(10944K)->10662K(10944K) NonClass: 9771K(9920K)->9771K(9920K) Class: 891K(1024K)->891K(1024K)
[85.132s][info][gc             ] GC(557) Pause Young (Allocation Failure) 666M->567M(910M) 11.105ms
[85.132s][info][gc,cpu         ] GC(557) User=0.00s Sys=0.00s Real=0.02s
[85.233s][info][gc,start       ] GC(558) Pause Young (Allocation Failure)
[85.244s][info][gc,heap        ] GC(558) PSYoungGen: 132032K(232960K)->25344K(232960K) Eden: 116736K(116736K)->0K(116736K) From: 15296K(116224K)->25344K(116224K)
[85.244s][info][gc,heap        ] GC(558) ParOldGen: 565933K(699392K)->565933K(699392K)
[85.244s][info][gc,metaspace   ] GC(558) Metaspace: 10662K(10944K)->10662K(10944K) NonClass: 9771K(9920K)->9771K(9920K) Class: 891K(1024K)->891K(1024K)
[85.244s][info][gc             ] GC(558) Pause Young (Allocation Failure) 681M->577M(910M) 11.806ms
[85.244s][info][gc,cpu         ] GC(558) User=0.09s Sys=0.00s Real=0.02s
[85.488s][info][gc,start       ] GC(559) Pause Young (Allocation Failure)
[85.495s][info][gc,heap        ] GC(559) PSYoungGen: 142080K(232960K)->26304K(232960K) Eden: 116736K(116736K)->0K(116736K) From: 25344K(116224K)->26304K(116224K)
[85.495s][info][gc,heap        ] GC(559) ParOldGen: 565933K(699392K)->565933K(699392K)
[85.495s][info][gc,metaspace   ] GC(559) Metaspace: 10662K(10944K)->10662K(10944K) NonClass: 9771K(9920K)->9771K(9920K) Class: 891K(1024K)->891K(1024K)
[85.495s][info][gc             ] GC(559) Pause Young (Allocation Failure) 691M->578M(910M) 7.120ms
[85.495s][info][gc,cpu         ] GC(559) User=0.09s Sys=0.00s Real=0.02s
[85.580s][info][gc,start       ] GC(560) Pause Young (Allocation Failure)
[85.587s][info][gc,heap        ] GC(560) PSYoungGen: 143040K(232960K)->27616K(232960K) Eden: 116736K(116736K)->0K(116736K) From: 26304K(116224K)->27616K(116224K)
[85.588s][info][gc,heap        ] GC(560) ParOldGen: 565933K(699392K)->565933K(699392K)
[85.588s][info][gc,metaspace   ] GC(560) Metaspace: 10662K(10944K)->10662K(10944K) NonClass: 9771K(9920K)->9771K(9920K) Class: 891K(1024K)->891K(1024K)
[85.588s][info][gc             ] GC(560) Pause Young (Allocation Failure) 692M->579M(910M) 7.510ms
[85.588s][info][gc,cpu         ] GC(560) User=0.02s Sys=0.00s Real=0.02s
[85.674s][info][gc,start       ] GC(561) Pause Young (Allocation Failure)
[85.680s][info][gc,heap        ] GC(561) PSYoungGen: 144352K(232960K)->24128K(232960K) Eden: 116736K(116736K)->0K(116736K) From: 27616K(116224K)->24128K(116224K)
[85.680s][info][gc,heap        ] GC(561) ParOldGen: 565933K(699392K)->565933K(699392K)
[85.680s][info][gc,metaspace   ] GC(561) Metaspace: 10662K(10944K)->10662K(10944K) NonClass: 9771K(9920K)->9771K(9920K) Class: 891K(1024K)->891K(1024K)
[85.680s][info][gc             ] GC(561) Pause Young (Allocation Failure) 693M->576M(910M) 6.670ms
[85.680s][info][gc,cpu         ] GC(561) User=0.00s Sys=0.00s Real=0.01s
[85.941s][info][gc,start       ] GC(562) Pause Young (System.gc())
[85.944s][info][gc,heap        ] GC(562) PSYoungGen: 67705K(232960K)->10253K(232960K) Eden: 43577K(116736K)->0K(116736K) From: 24128K(116224K)->10253K(116224K)
[85.944s][info][gc,heap        ] GC(562) ParOldGen: 565933K(699392K)->565933K(699392K)
[85.944s][info][gc,metaspace   ] GC(562) Metaspace: 10665K(10944K)->10665K(10944K) NonClass: 9773K(9920K)->9773K(9920K) Class: 891K(1024K)->891K(1024K)
[85.944s][info][gc             ] GC(562) Pause Young (System.gc()) 618M->562M(910M) 2.858ms
[85.944s][info][gc,cpu         ] GC(562) User=0.00s Sys=0.00s Real=0.01s
[85.944s][info][gc,start       ] GC(563) Pause Full (System.gc())
[85.944s][info][gc,phases,start] GC(563) Marking Phase
[86.036s][info][gc,phases      ] GC(563) Marking Phase 91.414ms
[86.036s][info][gc,phases,start] GC(563) Summary Phase
[86.036s][info][gc,phases      ] GC(563) Summary Phase 0.013ms
[86.036s][info][gc,phases,start] GC(563) Adjust Roots
[86.038s][info][gc,phases      ] GC(563) Adjust Roots 2.550ms
[86.038s][info][gc,phases,start] GC(563) Compaction Phase
[86.093s][info][gc,phases      ] GC(563) Compaction Phase 54.993ms
[86.093s][info][gc,phases,start] GC(563) Post Compact
[86.094s][info][gc,phases      ] GC(563) Post Compact 0.864ms
[86.094s][info][gc,heap        ] GC(563) PSYoungGen: 10253K(232960K)->0K(232960K) Eden: 0K(116736K)->0K(116736K) From: 10253K(116224K)->0K(116224K)
[86.094s][info][gc,heap        ] GC(563) ParOldGen: 565933K(699392K)->434458K(699392K)
[86.094s][info][gc,metaspace   ] GC(563) Metaspace: 10665K(10944K)->10665K(10944K) NonClass: 9773K(9920K)->9773K(9920K) Class: 891K(1024K)->891K(1024K)
[86.094s][info][gc             ] GC(563) Pause Full (System.gc()) 562M->424M(910M) 150.046ms
[86.094s][info][gc,cpu         ] GC(563) User=0.92s Sys=0.00s Real=0.15s
[86.140s][info][gc,start       ] GC(564) Pause Young (Allocation Failure)
[86.143s][info][gc,heap        ] GC(564) PSYoungGen: 116736K(232960K)->3968K(232960K) Eden: 116736K(116736K)->0K(116736K) From: 0K(116224K)->3968K(116224K)
[86.143s][info][gc,heap        ] GC(564) ParOldGen: 434458K(699392K)->434458K(699392K)
[86.143s][info][gc,metaspace   ] GC(564) Metaspace: 10682K(10944K)->10682K(10944K) NonClass: 9790K(9920K)->9790K(9920K) Class: 891K(1024K)->891K(1024K)
[86.143s][info][gc             ] GC(564) Pause Young (Allocation Failure) 538M->428M(910M) 2.366ms
[86.143s][info][gc,cpu         ] GC(564) User=0.00s Sys=0.00s Real=0.00s
[86.179s][info][gc,start       ] GC(565) Pause Young (Allocation Failure)
[86.182s][info][gc,heap        ] GC(565) PSYoungGen: 120704K(232960K)->6496K(232960K) Eden: 116736K(116736K)->0K(116736K) From: 3968K(116224K)->6496K(116224K)
[86.182s][info][gc,heap        ] GC(565) ParOldGen: 434458K(699392K)->434458K(699392K)
[86.182s][info][gc,metaspace   ] GC(565) Metaspace: 10682K(10944K)->10682K(10944K) NonClass: 9790K(9920K)->9790K(9920K) Class: 891K(1024K)->891K(1024K)
[86.182s][info][gc             ] GC(565) Pause Young (Allocation Failure) 542M->430M(910M) 2.993ms
[86.182s][info][gc,cpu         ] GC(565) User=0.09s Sys=0.00s Real=0.00s
[86.219s][info][gc,start       ] GC(566) Pause Young (Allocation Failure)
[86.222s][info][gc,heap        ] GC(566) PSYoungGen: 123232K(232960K)->8640K(232960K) Eden: 116736K(116736K)->0K(116736K) From: 6496K(116224K)->8640K(116224K)
[86.222s][info][gc,heap        ] GC(566) ParOldGen: 434458K(699392K)->434458K(699392K)
[86.222s][info][gc,metaspace   ] GC(566) Metaspace: 10682K(10944K)->10682K(10944K) NonClass: 9790K(9920K)->9790K(9920K) Class: 891K(1024K)->891K(1024K)
[86.222s][info][gc             ] GC(566) Pause Young (Allocation Failure) 544M->432M(910M) 3.419ms
[86.222s][info][gc,cpu         ] GC(566) User=0.00s Sys=0.00s Real=0.00s
[86.259s][info][gc,start       ] GC(567) Pause Young (Allocation Failure)
[86.264s][info][gc,heap        ] GC(567) PSYoungGen: 125376K(232960K)->8608K(232960K) Eden: 116736K(116736K)->0K(116736K) From: 8640K(116224K)->8608K(116224K)
[86.264s][info][gc,heap        ] GC(567) ParOldGen: 434458K(699392K)->436722K(699392K)
[86.264s][info][gc,metaspace   ] GC(567) Metaspace: 10682K(10944K)->10682K(10944K) NonClass: 9790K(9920K)->9790K(9920K) Class: 891K(1024K)->891K(1024K)
[86.264s][info][gc             ] GC(567) Pause Young (Allocation Failure) 546M->434M(910M) 4.258ms
[86.264s][info][gc,cpu         ] GC(567) User=0.00s Sys=0.00s Real=0.01s
[86.299s][info][gc,start       ] GC(568) Pause Young (Allocation Failure)
[86.304s][info][gc,heap        ] GC(568) PSYoungGen: 125344K(232960K)->6208K(232960K) Eden: 116736K(116736K)->0K(116736K) From: 8608K(116224K)->6208K(116224K)
[86.304s][info][gc,heap        ] GC(568) ParOldGen: 436722K(699392K)->440874K(699392K)
[86.304s][info][gc,metaspace   ] GC(568) Metaspace: 10682K(10944K)->10682K(10944K) NonClass: 9790K(9920K)->9790K(9920K) Class: 891K(1024K)->891K(1024K)
[86.304s][info][gc             ] GC(568) Pause Young (Allocation Failure) 548M->436M(910M) 4.176ms
[86.304s][info][gc,cpu         ] GC(568) User=0.00s Sys=0.00s Real=0.00s
[86.341s][info][gc,start       ] GC(569) Pause Young (Allocation Failure)
[86.345s][info][gc,heap        ] GC(569) PSYoungGen: 122944K(232960K)->3840K(233984K) Eden: 116736K(116736K)->0K(117760K) From: 6208K(116224K)->3840K(116224K)
[86.345s][info][gc,heap        ] GC(569) ParOldGen: 440874K(699392K)->445434K(699392K)
[86.345s][info][gc,metaspace   ] GC(569) Metaspace: 10682K(10944K)->10682K(10944K) NonClass: 9790K(9920K)->9790K(9920K) Class: 891K(1024K)->891K(1024K)
[86.345s][info][gc             ] GC(569) Pause Young (Allocation Failure) 550M->438M(911M) 3.828ms
[86.345s][info][gc,cpu         ] GC(569) User=0.00s Sys=0.00s Real=0.00s
[86.383s][info][gc,start       ] GC(570) Pause Young (Allocation Failure)
[86.386s][info][gc,heap        ] GC(570) PSYoungGen: 121600K(233984K)->6208K(232960K) Eden: 117760K(117760K)->0K(117760K) From: 3840K(116224K)->6208K(115200K)
[86.386s][info][gc,heap        ] GC(570) ParOldGen: 445434K(699392K)->445434K(699392K)
[86.386s][info][gc,metaspace   ] GC(570) Metaspace: 10682K(10944K)->10682K(10944K) NonClass: 9790K(9920K)->9790K(9920K) Class: 891K(1024K)->891K(1024K)
[86.386s][info][gc             ] GC(570) Pause Young (Allocation Failure) 553M->441M(910M) 3.006ms
[86.386s][info][gc,cpu         ] GC(570) User=0.09s Sys=0.00s Real=0.00s
[86.425s][info][gc,start       ] GC(571) Pause Young (Allocation Failure)
[86.428s][info][gc,heap        ] GC(571) PSYoungGen: 123968K(232960K)->8224K(244736K) Eden: 117760K(117760K)->0K(134656K) From: 6208K(115200K)->8224K(110080K)
[86.428s][info][gc,heap        ] GC(571) ParOldGen: 445434K(699392K)->445434K(699392K)
[86.428s][info][gc,metaspace   ] GC(571) Metaspace: 10682K(10944K)->10682K(10944K) NonClass: 9790K(9920K)->9790K(9920K) Class: 891K(1024K)->891K(1024K)
[86.428s][info][gc             ] GC(571) Pause Young (Allocation Failure) 556M->443M(922M) 3.435ms
[86.428s][info][gc,cpu         ] GC(571) User=0.00s Sys=0.00s Real=0.00s
[86.473s][info][gc,start       ] GC(572) Pause Young (Allocation Failure)
[86.477s][info][gc,heap        ] GC(572) PSYoungGen: 142880K(244736K)->10464K(239104K) Eden: 134656K(134656K)->0K(134656K) From: 8224K(110080K)->10464K(104448K)
[86.477s][info][gc,heap        ] GC(572) ParOldGen: 445434K(699392K)->445434K(699392K)
[86.477s][info][gc,metaspace   ] GC(572) Metaspace: 10682K(10944K)->10682K(10944K) NonClass: 9790K(9920K)->9790K(9920K) Class: 891K(1024K)->891K(1024K)
[86.477s][info][gc             ] GC(572) Pause Young (Allocation Failure) 574M->445M(916M) 4.349ms
[86.477s][info][gc,cpu         ] GC(572) User=0.00s Sys=0.00s Real=0.01s
[86.522s][info][gc,start       ] GC(573) Pause Young (Allocation Failure)
[86.527s][info][gc,heap        ] GC(573) PSYoungGen: 145120K(239104K)->12544K(257024K) Eden: 134656K(134656K)->0K(158720K) From: 10464K(104448K)->12544K(98304K)
[86.527s][info][gc,heap        ] GC(573) ParOldGen: 445434K(699392K)->445434K(699392K)
[86.527s][info][gc,metaspace   ] GC(573) Metaspace: 10682K(10944K)->10682K(10944K) NonClass: 9790K(9920K)->9790K(9920K) Class: 891K(1024K)->891K(1024K)
[86.527s][info][gc             ] GC(573) Pause Young (Allocation Failure) 576M->447M(934M) 4.676ms
[86.527s][info][gc,cpu         ] GC(573) User=0.09s Sys=0.00s Real=0.00s
[86.578s][info][gc,start       ] GC(574) Pause Young (Allocation Failure)
[86.584s][info][gc,heap        ] GC(574) PSYoungGen: 171264K(257024K)->14560K(250880K) Eden: 158720K(158720K)->0K(158720K) From: 12544K(98304K)->14560K(92160K)
[86.584s][info][gc,heap        ] GC(574) ParOldGen: 445434K(699392K)->445434K(699392K)
[86.584s][info][gc,metaspace   ] GC(574) Metaspace: 10682K(10944K)->10682K(10944K) NonClass: 9790K(9920K)->9790K(9920K) Class: 891K(1024K)->891K(1024K)
[86.584s][info][gc             ] GC(574) Pause Young (Allocation Failure) 602M->449M(928M) 5.358ms
[86.584s][info][gc,cpu         ] GC(574) User=0.00s Sys=0.00s Real=0.01s
[86.635s][info][gc,start       ] GC(575) Pause Young (Allocation Failure)
[86.641s][info][gc,heap        ] GC(575) PSYoungGen: 173280K(250880K)->16256K(268800K) Eden: 158720K(158720K)->0K(182272K) From: 14560K(92160K)->16256K(86528K)
[86.641s][info][gc,heap        ] GC(575) ParOldGen: 445434K(699392K)->445434K(699392K)
[86.641s][info][gc,metaspace   ] GC(575) Metaspace: 10682K(10944K)->10682K(10944K) NonClass: 9790K(9920K)->9790K(9920K) Class: 891K(1024K)->891K(1024K)
[86.641s][info][gc             ] GC(575) Pause Young (Allocation Failure) 604M->450M(945M) 5.473ms
[86.641s][info][gc,cpu         ] GC(575) User=0.00s Sys=0.00s Real=0.01s
[86.700s][info][gc,start       ] GC(576) Pause Young (Allocation Failure)
[86.707s][info][gc,heap        ] GC(576) PSYoungGen: 198528K(268800K)->18688K(262656K) Eden: 182272K(182272K)->0K(182272K) From: 16256K(86528K)->18688K(80384K)
[86.707s][info][gc,heap        ] GC(576) ParOldGen: 445434K(699392K)->445434K(699392K)
[86.707s][info][gc,metaspace   ] GC(576) Metaspace: 10682K(10944K)->10682K(10944K) NonClass: 9790K(9920K)->9790K(9920K) Class: 891K(1024K)->891K(1024K)
[86.707s][info][gc             ] GC(576) Pause Young (Allocation Failure) 628M->453M(939M) 6.441ms
[86.707s][info][gc,cpu         ] GC(576) User=0.00s Sys=0.00s Real=0.01s
[86.768s][info][gc,start       ] GC(577) Pause Young (Allocation Failure)
[86.775s][info][gc,heap        ] GC(577) PSYoungGen: 200960K(262656K)->20384K(279552K) Eden: 182272K(182272K)->0K(204800K) From: 18688K(80384K)->20384K(74752K)
[86.775s][info][gc,heap        ] GC(577) ParOldGen: 445434K(699392K)->445434K(699392K)
[86.775s][info][gc,metaspace   ] GC(577) Metaspace: 10682K(10944K)->10682K(10944K) NonClass: 9790K(9920K)->9790K(9920K) Class: 891K(1024K)->891K(1024K)
[86.775s][info][gc             ] GC(577) Pause Young (Allocation Failure) 631M->454M(956M) 6.624ms
[86.775s][info][gc,cpu         ] GC(577) User=0.00s Sys=0.02s Real=0.01s
[86.843s][info][gc,start       ] GC(578) Pause Young (Allocation Failure)
[86.850s][info][gc,heap        ] GC(578) PSYoungGen: 225184K(279552K)->22688K(274432K) Eden: 204800K(204800K)->0K(204800K) From: 20384K(74752K)->22688K(69632K)
[86.850s][info][gc,heap        ] GC(578) ParOldGen: 445434K(699392K)->445434K(699392K)
[86.850s][info][gc,metaspace   ] GC(578) Metaspace: 10682K(10944K)->10682K(10944K) NonClass: 9790K(9920K)->9790K(9920K) Class: 891K(1024K)->891K(1024K)
[86.850s][info][gc             ] GC(578) Pause Young (Allocation Failure) 654M->457M(951M) 7.628ms
[86.850s][info][gc,cpu         ] GC(578) User=0.00s Sys=0.00s Real=0.01s
[86.919s][info][gc,start       ] GC(579) Pause Young (Allocation Failure)
[86.927s][info][gc,heap        ] GC(579) PSYoungGen: 227488K(274432K)->24704K(286720K) Eden: 204800K(204800K)->0K(221184K) From: 22688K(69632K)->24704K(65536K)
[86.927s][info][gc,heap        ] GC(579) ParOldGen: 445434K(699392K)->445434K(699392K)
[86.927s][info][gc,metaspace   ] GC(579) Metaspace: 10682K(10944K)->10682K(10944K) NonClass: 9790K(9920K)->9790K(9920K) Class: 891K(1024K)->891K(1024K)
[86.927s][info][gc             ] GC(579) Pause Young (Allocation Failure) 657M->459M(963M) 7.982ms
[86.927s][info][gc,cpu         ] GC(579) User=0.00s Sys=0.00s Real=0.01s
[87.001s][info][gc,start       ] GC(580) Pause Young (Allocation Failure)
[87.009s][info][gc,heap        ] GC(580) PSYoungGen: 245888K(286720K)->26880K(283648K) Eden: 221184K(221184K)->0K(221184K) From: 24704K(65536K)->26880K(62464K)
[87.009s][info][gc,heap        ] GC(580) ParOldGen: 445434K(699392K)->445434K(699392K)
[87.009s][info][gc,metaspace   ] GC(580) Metaspace: 10682K(10944K)->10682K(10944K) NonClass: 9790K(9920K)->9790K(9920K) Class: 891K(1024K)->891K(1024K)
[87.009s][info][gc             ] GC(580) Pause Young (Allocation Failure) 675M->461M(960M) 8.646ms
[87.009s][info][gc,cpu         ] GC(580) User=0.00s Sys=0.00s Real=0.01s
[87.084s][info][gc,start       ] GC(581) Pause Young (Allocation Failure)
[87.094s][info][gc,heap        ] GC(581) PSYoungGen: 248064K(283648K)->28992K(289280K) Eden: 221184K(221184K)->0K(228352K) From: 26880K(62464K)->28992K(60928K)
[87.094s][info][gc,heap        ] GC(581) ParOldGen: 445434K(699392K)->445434K(699392K)
[87.094s][info][gc,metaspace   ] GC(581) Metaspace: 10682K(10944K)->10682K(10944K) NonClass: 9790K(9920K)->9790K(9920K) Class: 891K(1024K)->891K(1024K)
[87.094s][info][gc             ] GC(581) Pause Young (Allocation Failure) 677M->463M(965M) 9.325ms
[87.094s][info][gc,cpu         ] GC(581) User=0.09s Sys=0.00s Real=0.01s
[87.173s][info][gc,start       ] GC(582) Pause Young (Allocation Failure)
[87.182s][info][gc,heap        ] GC(582) PSYoungGen: 257344K(289280K)->30944K(288256K) Eden: 228352K(228352K)->0K(228352K) From: 28992K(60928K)->30944K(59904K)
[87.182s][info][gc,heap        ] GC(582) ParOldGen: 445434K(699392K)->445434K(699392K)
[87.182s][info][gc,metaspace   ] GC(582) Metaspace: 10682K(10944K)->10682K(10944K) NonClass: 9790K(9920K)->9790K(9920K) Class: 891K(1024K)->891K(1024K)
[87.182s][info][gc             ] GC(582) Pause Young (Allocation Failure) 686M->465M(964M) 9.711ms
[87.182s][info][gc,cpu         ] GC(582) User=0.09s Sys=0.00s Real=0.01s
[87.259s][info][gc,start       ] GC(583) Pause Young (Allocation Failure)
[87.269s][info][gc,heap        ] GC(583) PSYoungGen: 259296K(288256K)->33120K(289792K) Eden: 228352K(228352K)->0K(230400K) From: 30944K(59904K)->33120K(59392K)
[87.269s][info][gc,heap        ] GC(583) ParOldGen: 445434K(699392K)->445434K(699392K)
[87.269s][info][gc,metaspace   ] GC(583) Metaspace: 10682K(10944K)->10682K(10944K) NonClass: 9790K(9920K)->9790K(9920K) Class: 891K(1024K)->891K(1024K)
[87.269s][info][gc             ] GC(583) Pause Young (Allocation Failure) 688M->467M(966M) 10.431ms
[87.269s][info][gc,cpu         ] GC(583) User=0.09s Sys=0.00s Real=0.01s
[87.346s][info][gc,start       ] GC(584) Pause Young (Allocation Failure)
[87.357s][info][gc,heap        ] GC(584) PSYoungGen: 263520K(289792K)->34144K(264704K) Eden: 230400K(230400K)->0K(230400K) From: 33120K(59392K)->34144K(34304K)
[87.357s][info][gc,heap        ] GC(584) ParOldGen: 445434K(699392K)->446458K(699392K)
[87.357s][info][gc,metaspace   ] GC(584) Metaspace: 10682K(10944K)->10682K(10944K) NonClass: 9790K(9920K)->9790K(9920K) Class: 891K(1024K)->891K(1024K)
[87.357s][info][gc             ] GC(584) Pause Young (Allocation Failure) 692M->469M(941M) 10.997ms
[87.357s][info][gc,cpu         ] GC(584) User=0.09s Sys=0.00s Real=0.01s
[87.434s][info][gc,start       ] GC(585) Pause Young (Allocation Failure)
[87.446s][info][gc,heap        ] GC(585) PSYoungGen: 264544K(264704K)->35200K(289280K) Eden: 230400K(230400K)->0K(229376K) From: 34144K(34304K)->35200K(59904K)
[87.446s][info][gc,heap        ] GC(585) ParOldGen: 446458K(699392K)->447434K(699392K)
[87.446s][info][gc,metaspace   ] GC(585) Metaspace: 10682K(10944K)->10682K(10944K) NonClass: 9790K(9920K)->9790K(9920K) Class: 891K(1024K)->891K(1024K)
[87.446s][info][gc             ] GC(585) Pause Young (Allocation Failure) 694M->471M(965M) 11.357ms
[87.446s][info][gc,cpu         ] GC(585) User=0.00s Sys=0.00s Real=0.01s
[87.520s][info][gc,start       ] GC(586) Pause Young (Allocation Failure)
[87.531s][info][gc,heap        ] GC(586) PSYoungGen: 264576K(289280K)->36064K(265728K) Eden: 229376K(229376K)->0K(229376K) From: 35200K(59904K)->36064K(36352K)
[87.532s][info][gc,heap        ] GC(586) ParOldGen: 447434K(699392K)->448474K(699392K)
[87.532s][info][gc,metaspace   ] GC(586) Metaspace: 10682K(10944K)->10682K(10944K) NonClass: 9790K(9920K)->9790K(9920K) Class: 891K(1024K)->891K(1024K)
[87.532s][info][gc             ] GC(586) Pause Young (Allocation Failure) 695M->473M(942M) 11.598ms
[87.532s][info][gc,cpu         ] GC(586) User=0.09s Sys=0.00s Real=0.01s
[87.609s][info][gc,start       ] GC(587) Pause Young (Allocation Failure)
[87.621s][info][gc,heap        ] GC(587) PSYoungGen: 265440K(265728K)->36832K(287744K) Eden: 229376K(229376K)->0K(227328K) From: 36064K(36352K)->36832K(60416K)
[87.621s][info][gc,heap        ] GC(587) ParOldGen: 448474K(699392K)->449554K(699392K)
[87.621s][info][gc,metaspace   ] GC(587) Metaspace: 10682K(10944K)->10682K(10944K) NonClass: 9790K(9920K)->9790K(9920K) Class: 891K(1024K)->891K(1024K)
[87.621s][info][gc             ] GC(587) Pause Young (Allocation Failure) 697M->474M(964M) 11.802ms
[87.621s][info][gc,cpu         ] GC(587) User=0.09s Sys=0.00s Real=0.01s
[87.696s][info][gc,start       ] GC(588) Pause Young (Allocation Failure)
[87.708s][info][gc,heap        ] GC(588) PSYoungGen: 264160K(287744K)->37792K(288256K) Eden: 227328K(227328K)->0K(227328K) From: 36832K(60416K)->37792K(60928K)
[87.708s][info][gc,heap        ] GC(588) ParOldGen: 449554K(699392K)->450714K(699392K)
[87.708s][info][gc,metaspace   ] GC(588) Metaspace: 10682K(10944K)->10682K(10944K) NonClass: 9790K(9920K)->9790K(9920K) Class: 891K(1024K)->891K(1024K)
[87.708s][info][gc             ] GC(588) Pause Young (Allocation Failure) 696M->477M(964M) 11.995ms
[87.708s][info][gc,cpu         ] GC(588) User=0.09s Sys=0.00s Real=0.01s
[87.785s][info][gc,start       ] GC(589) Pause Young (Allocation Failure)
[87.797s][info][gc,heap        ] GC(589) PSYoungGen: 265120K(288256K)->38528K(287232K) Eden: 227328K(227328K)->0K(226304K) From: 37792K(60928K)->38528K(60928K)
[87.797s][info][gc,heap        ] GC(589) ParOldGen: 450714K(699392K)->451994K(699392K)
[87.797s][info][gc,metaspace   ] GC(589) Metaspace: 10682K(10944K)->10682K(10944K) NonClass: 9790K(9920K)->9790K(9920K) Class: 891K(1024K)->891K(1024K)
[87.797s][info][gc             ] GC(589) Pause Young (Allocation Failure) 699M->479M(963M) 12.292ms
[87.797s][info][gc,cpu         ] GC(589) User=0.09s Sys=0.00s Real=0.01s
[87.873s][info][gc,start       ] GC(590) Pause Young (Allocation Failure)
[87.885s][info][gc,heap        ] GC(590) PSYoungGen: 264832K(287232K)->39168K(265728K) Eden: 226304K(226304K)->0K(226304K) From: 38528K(60928K)->39168K(39424K)
[87.885s][info][gc,heap        ] GC(590) ParOldGen: 451994K(699392K)->453146K(699392K)
[87.885s][info][gc,metaspace   ] GC(590) Metaspace: 10682K(10944K)->10682K(10944K) NonClass: 9790K(9920K)->9790K(9920K) Class: 891K(1024K)->891K(1024K)
[87.886s][info][gc             ] GC(590) Pause Young (Allocation Failure) 700M->480M(942M) 12.431ms
[87.886s][info][gc,cpu         ] GC(590) User=0.09s Sys=0.00s Real=0.01s
[87.962s][info][gc,start       ] GC(591) Pause Young (Allocation Failure)
[87.974s][info][gc,heap        ] GC(591) PSYoungGen: 265472K(265728K)->39392K(287232K) Eden: 226304K(226304K)->0K(225280K) From: 39168K(39424K)->39392K(61952K)
[87.974s][info][gc,heap        ] GC(591) ParOldGen: 453146K(699392K)->454658K(699392K)
[87.974s][info][gc,metaspace   ] GC(591) Metaspace: 10682K(10944K)->10682K(10944K) NonClass: 9790K(9920K)->9790K(9920K) Class: 891K(1024K)->891K(1024K)
[87.974s][info][gc             ] GC(591) Pause Young (Allocation Failure) 701M->482M(963M) 12.459ms
[87.974s][info][gc,cpu         ] GC(591) User=0.09s Sys=0.00s Real=0.01s
[88.048s][info][gc,start       ] GC(592) Pause Young (Allocation Failure)
[88.060s][info][gc,heap        ] GC(592) PSYoungGen: 264672K(287232K)->39616K(287232K) Eden: 225280K(225280K)->0K(225280K) From: 39392K(61952K)->39616K(61952K)
[88.060s][info][gc,heap        ] GC(592) ParOldGen: 454658K(699392K)->456090K(699392K)
[88.060s][info][gc,metaspace   ] GC(592) Metaspace: 10682K(10944K)->10682K(10944K) NonClass: 9790K(9920K)->9790K(9920K) Class: 891K(1024K)->891K(1024K)
[88.060s][info][gc             ] GC(592) Pause Young (Allocation Failure) 702M->484M(963M) 12.245ms
[88.060s][info][gc,cpu         ] GC(592) User=0.09s Sys=0.00s Real=0.01s
[88.137s][info][gc,start       ] GC(593) Pause Young (Allocation Failure)
[88.150s][info][gc,heap        ] GC(593) PSYoungGen: 264896K(287232K)->40000K(287744K) Eden: 225280K(225280K)->0K(225792K) From: 39616K(61952K)->40000K(61952K)
[88.150s][info][gc,heap        ] GC(593) ParOldGen: 456090K(699392K)->457770K(699392K)
[88.150s][info][gc,metaspace   ] GC(593) Metaspace: 10682K(10944K)->10682K(10944K) NonClass: 9790K(9920K)->9790K(9920K) Class: 891K(1024K)->891K(1024K)
[88.150s][info][gc             ] GC(593) Pause Young (Allocation Failure) 704M->486M(964M) 12.695ms
[88.150s][info][gc,cpu         ] GC(593) User=0.00s Sys=0.00s Real=0.01s
[88.224s][info][gc,start       ] GC(594) Pause Young (Allocation Failure)
[88.237s][info][gc,heap        ] GC(594) PSYoungGen: 265792K(287744K)->40160K(287232K) Eden: 225792K(225792K)->0K(225792K) From: 40000K(61952K)->40160K(61440K)
[88.237s][info][gc,heap        ] GC(594) ParOldGen: 457770K(699392K)->459386K(699392K)
[88.237s][info][gc,metaspace   ] GC(594) Metaspace: 10682K(10944K)->10682K(10944K) NonClass: 9790K(9920K)->9790K(9920K) Class: 891K(1024K)->891K(1024K)
[88.237s][info][gc             ] GC(594) Pause Young (Allocation Failure) 706M->487M(963M) 12.671ms
[88.237s][info][gc,cpu         ] GC(594) User=0.09s Sys=0.00s Real=0.02s
[88.311s][info][gc,start       ] GC(595) Pause Young (Allocation Failure)
[88.323s][info][gc,heap        ] GC(595) PSYoungGen: 265952K(287232K)->40096K(288256K) Eden: 225792K(225792K)->0K(226816K) From: 40160K(61440K)->40096K(61440K)
[88.323s][info][gc,heap        ] GC(595) ParOldGen: 459386K(699392K)->461194K(699392K)
[88.323s][info][gc,metaspace   ] GC(595) Metaspace: 10682K(10944K)->10682K(10944K) NonClass: 9790K(9920K)->9790K(9920K) Class: 891K(1024K)->891K(1024K)
[88.323s][info][gc             ] GC(595) Pause Young (Allocation Failure) 708M->489M(964M) 12.612ms
[88.323s][info][gc,cpu         ] GC(595) User=0.09s Sys=0.00s Real=0.01s
[88.397s][info][gc,start       ] GC(596) Pause Young (Allocation Failure)
[88.410s][info][gc,heap        ] GC(596) PSYoungGen: 266912K(288256K)->40128K(287744K) Eden: 226816K(226816K)->0K(226816K) From: 40096K(61440K)->40128K(60928K)
[88.410s][info][gc,heap        ] GC(596) ParOldGen: 461194K(699392K)->463090K(699392K)
[88.410s][info][gc,metaspace   ] GC(596) Metaspace: 10682K(10944K)->10682K(10944K) NonClass: 9790K(9920K)->9790K(9920K) Class: 891K(1024K)->891K(1024K)
[88.410s][info][gc             ] GC(596) Pause Young (Allocation Failure) 711M->491M(964M) 12.708ms
[88.410s][info][gc,cpu         ] GC(596) User=0.09s Sys=0.00s Real=0.01s
[88.485s][info][gc,start       ] GC(597) Pause Young (Allocation Failure)
[88.498s][info][gc,heap        ] GC(597) PSYoungGen: 266944K(287744K)->40064K(289280K) Eden: 226816K(226816K)->0K(228864K) From: 40128K(60928K)->40064K(60416K)
[88.498s][info][gc,heap        ] GC(597) ParOldGen: 463090K(699392K)->464922K(699392K)
[88.498s][info][gc,metaspace   ] GC(597) Metaspace: 10682K(10944K)->10682K(10944K) NonClass: 9790K(9920K)->9790K(9920K) Class: 891K(1024K)->891K(1024K)
[88.498s][info][gc             ] GC(597) Pause Young (Allocation Failure) 712M->493M(965M) 12.665ms
[88.498s][info][gc,cpu         ] GC(597) User=0.09s Sys=0.00s Real=0.01s
[88.574s][info][gc,start       ] GC(598) Pause Young (Allocation Failure)
[88.587s][info][gc,heap        ] GC(598) PSYoungGen: 268928K(289280K)->39968K(288768K) Eden: 228864K(228864K)->0K(228864K) From: 40064K(60416K)->39968K(59904K)
[88.587s][info][gc,heap        ] GC(598) ParOldGen: 464922K(699392K)->466810K(699392K)
[88.587s][info][gc,metaspace   ] GC(598) Metaspace: 10682K(10944K)->10682K(10944K) NonClass: 9790K(9920K)->9790K(9920K) Class: 891K(1024K)->891K(1024K)
[88.587s][info][gc             ] GC(598) Pause Young (Allocation Failure) 716M->494M(965M) 12.743ms
[88.587s][info][gc,cpu         ] GC(598) User=0.00s Sys=0.00s Real=0.01s
[88.665s][info][gc,start       ] GC(599) Pause Young (Allocation Failure)
[88.677s][info][gc,heap        ] GC(599) PSYoungGen: 268832K(288768K)->40064K(290816K) Eden: 228864K(228864K)->0K(231936K) From: 39968K(59904K)->40064K(58880K)
[88.677s][info][gc,heap        ] GC(599) ParOldGen: 466810K(699392K)->468714K(699392K)
[88.677s][info][gc,metaspace   ] GC(599) Metaspace: 10682K(10944K)->10682K(10944K) NonClass: 9790K(9920K)->9790K(9920K) Class: 891K(1024K)->891K(1024K)
[88.677s][info][gc             ] GC(599) Pause Young (Allocation Failure) 718M->496M(967M) 12.617ms
[88.677s][info][gc,cpu         ] GC(599) User=0.09s Sys=0.00s Real=0.01s
[88.754s][info][gc,start       ] GC(600) Pause Young (Allocation Failure)
[88.766s][info][gc,heap        ] GC(600) PSYoungGen: 272000K(290816K)->40032K(290304K) Eden: 231936K(231936K)->0K(231936K) From: 40064K(58880K)->40032K(58368K)
[88.766s][info][gc,heap        ] GC(600) ParOldGen: 468714K(699392K)->470610K(699392K)
[88.766s][info][gc,metaspace   ] GC(600) Metaspace: 10682K(10944K)->10682K(10944K) NonClass: 9790K(9920K)->9790K(9920K) Class: 891K(1024K)->891K(1024K)
[88.766s][info][gc             ] GC(600) Pause Young (Allocation Failure) 723M->498M(966M) 12.584ms
[88.766s][info][gc,cpu         ] GC(600) User=0.09s Sys=0.00s Real=0.01s
[88.844s][info][gc,start       ] GC(601) Pause Young (Allocation Failure)
[88.857s][info][gc,heap        ] GC(601) PSYoungGen: 271968K(290304K)->40320K(292352K) Eden: 231936K(231936K)->0K(235008K) From: 40032K(58368K)->40320K(57344K)
[88.857s][info][gc,heap        ] GC(601) ParOldGen: 470610K(699392K)->472434K(699392K)
[88.857s][info][gc,metaspace   ] GC(601) Metaspace: 10682K(10944K)->10682K(10944K) NonClass: 9790K(9920K)->9790K(9920K) Class: 891K(1024K)->891K(1024K)
[88.857s][info][gc             ] GC(601) Pause Young (Allocation Failure) 725M->500M(968M) 12.962ms
[88.857s][info][gc,cpu         ] GC(601) User=0.09s Sys=0.00s Real=0.01s
[88.935s][info][gc,start       ] GC(602) Pause Young (Allocation Failure)
[88.947s][info][gc,heap        ] GC(602) PSYoungGen: 275328K(292352K)->40192K(291840K) Eden: 235008K(235008K)->0K(235008K) From: 40320K(57344K)->40192K(56832K)
[88.947s][info][gc,heap        ] GC(602) ParOldGen: 472434K(699392K)->474346K(699392K)
[88.947s][info][gc,metaspace   ] GC(602) Metaspace: 10682K(10944K)->10682K(10944K) NonClass: 9790K(9920K)->9790K(9920K) Class: 891K(1024K)->891K(1024K)
[88.947s][info][gc             ] GC(602) Pause Young (Allocation Failure) 730M->502M(968M) 12.854ms
[88.947s][info][gc,cpu         ] GC(602) User=0.09s Sys=0.00s Real=0.01s
[89.025s][info][gc,start       ] GC(603) Pause Young (Allocation Failure)
[89.038s][info][gc,heap        ] GC(603) PSYoungGen: 275200K(291840K)->40320K(293888K) Eden: 235008K(235008K)->0K(238080K) From: 40192K(56832K)->40320K(55808K)
[89.038s][info][gc,heap        ] GC(603) ParOldGen: 474346K(699392K)->476210K(699392K)
[89.038s][info][gc,metaspace   ] GC(603) Metaspace: 10682K(10944K)->10682K(10944K) NonClass: 9790K(9920K)->9790K(9920K) Class: 891K(1024K)->891K(1024K)
[89.038s][info][gc             ] GC(603) Pause Young (Allocation Failure) 731M->504M(970M) 12.806ms
[89.038s][info][gc,cpu         ] GC(603) User=0.00s Sys=0.00s Real=0.01s
[89.117s][info][gc,start       ] GC(604) Pause Young (Allocation Failure)
[89.130s][info][gc,heap        ] GC(604) PSYoungGen: 278400K(293888K)->40320K(293376K) Eden: 238080K(238080K)->0K(238080K) From: 40320K(55808K)->40320K(55296K)
[89.130s][info][gc,heap        ] GC(604) ParOldGen: 476210K(699392K)->478122K(699392K)
[89.130s][info][gc,metaspace   ] GC(604) Metaspace: 10682K(10944K)->10682K(10944K) NonClass: 9790K(9920K)->9790K(9920K) Class: 891K(1024K)->891K(1024K)
[89.130s][info][gc             ] GC(604) Pause Young (Allocation Failure) 736M->506M(969M) 12.989ms
[89.130s][info][gc,cpu         ] GC(604) User=0.09s Sys=0.00s Real=0.01s
[89.211s][info][gc,start       ] GC(605) Pause Young (Allocation Failure)
[89.224s][info][gc,heap        ] GC(605) PSYoungGen: 278400K(293376K)->40416K(295424K) Eden: 238080K(238080K)->0K(241152K) From: 40320K(55296K)->40416K(54272K)
[89.224s][info][gc,heap        ] GC(605) ParOldGen: 478122K(699392K)->479922K(699392K)
[89.224s][info][gc,metaspace   ] GC(605) Metaspace: 10682K(10944K)->10682K(10944K) NonClass: 9790K(9920K)->9790K(9920K) Class: 891K(1024K)->891K(1024K)
[89.224s][info][gc             ] GC(605) Pause Young (Allocation Failure) 738M->508M(971M) 12.871ms
[89.224s][info][gc,cpu         ] GC(605) User=0.09s Sys=0.00s Real=0.01s
[89.305s][info][gc,start       ] GC(606) Pause Young (Allocation Failure)
[89.318s][info][gc,heap        ] GC(606) PSYoungGen: 281568K(295424K)->40448K(294912K) Eden: 241152K(241152K)->0K(241152K) From: 40416K(54272K)->40448K(53760K)
[89.318s][info][gc,heap        ] GC(606) ParOldGen: 479922K(699392K)->481826K(699392K)
[89.318s][info][gc,metaspace   ] GC(606) Metaspace: 10682K(10944K)->10682K(10944K) NonClass: 9790K(9920K)->9790K(9920K) Class: 891K(1024K)->891K(1024K)
[89.318s][info][gc             ] GC(606) Pause Young (Allocation Failure) 743M->510M(971M) 13.041ms
[89.318s][info][gc,cpu         ] GC(606) User=0.09s Sys=0.00s Real=0.01s
[89.400s][info][gc,start       ] GC(607) Pause Young (Allocation Failure)
[89.413s][info][gc,heap        ] GC(607) PSYoungGen: 281600K(294912K)->40800K(296960K) Eden: 241152K(241152K)->0K(244224K) From: 40448K(53760K)->40800K(52736K)
[89.413s][info][gc,heap        ] GC(607) ParOldGen: 481826K(699392K)->483522K(699392K)
[89.413s][info][gc,metaspace   ] GC(607) Metaspace: 10682K(10944K)->10682K(10944K) NonClass: 9790K(9920K)->9790K(9920K) Class: 891K(1024K)->891K(1024K)
[89.413s][info][gc             ] GC(607) Pause Young (Allocation Failure) 745M->512M(973M) 12.905ms
[89.413s][info][gc,cpu         ] GC(607) User=0.00s Sys=0.00s Real=0.01s
[89.495s][info][gc,start       ] GC(608) Pause Young (Allocation Failure)
[89.508s][info][gc,heap        ] GC(608) PSYoungGen: 285024K(296960K)->40896K(296448K) Eden: 244224K(244224K)->0K(244224K) From: 40800K(52736K)->40896K(52224K)
[89.508s][info][gc,heap        ] GC(608) ParOldGen: 483522K(699392K)->485362K(699392K)
[89.508s][info][gc,metaspace   ] GC(608) Metaspace: 10682K(10944K)->10682K(10944K) NonClass: 9790K(9920K)->9790K(9920K) Class: 891K(1024K)->891K(1024K)
[89.508s][info][gc             ] GC(608) Pause Young (Allocation Failure) 750M->513M(972M) 13.470ms
[89.508s][info][gc,cpu         ] GC(608) User=0.00s Sys=0.00s Real=0.01s
[89.588s][info][gc,start       ] GC(609) Pause Young (Allocation Failure)
[89.601s][info][gc,heap        ] GC(609) PSYoungGen: 285120K(296448K)->41088K(297984K) Eden: 244224K(244224K)->0K(246272K) From: 40896K(52224K)->41088K(51712K)
[89.601s][info][gc,heap        ] GC(609) ParOldGen: 485362K(699392K)->487202K(699392K)
[89.601s][info][gc,metaspace   ] GC(609) Metaspace: 10682K(10944K)->10682K(10944K) NonClass: 9790K(9920K)->9790K(9920K) Class: 891K(1024K)->891K(1024K)
[89.601s][info][gc             ] GC(609) Pause Young (Allocation Failure) 752M->515M(974M) 13.190ms
[89.601s][info][gc,cpu         ] GC(609) User=0.00s Sys=0.00s Real=0.01s
[89.683s][info][gc,start       ] GC(610) Pause Young (Allocation Failure)
[89.696s][info][gc,heap        ] GC(610) PSYoungGen: 287360K(297984K)->41088K(297472K) Eden: 246272K(246272K)->0K(246272K) From: 41088K(51712K)->41088K(51200K)
[89.696s][info][gc,heap        ] GC(610) ParOldGen: 487202K(699392K)->489042K(699392K)
[89.696s][info][gc,metaspace   ] GC(610) Metaspace: 10682K(10944K)->10682K(10944K) NonClass: 9790K(9920K)->9790K(9920K) Class: 891K(1024K)->891K(1024K)
[89.696s][info][gc             ] GC(610) Pause Young (Allocation Failure) 756M->517M(973M) 13.185ms
[89.696s][info][gc,cpu         ] GC(610) User=0.00s Sys=0.00s Real=0.01s
[89.779s][info][gc,start       ] GC(611) Pause Young (Allocation Failure)
[89.792s][info][gc,heap        ] GC(611) PSYoungGen: 287360K(297472K)->41568K(298496K) Eden: 246272K(246272K)->0K(247808K) From: 41088K(51200K)->41568K(50688K)
[89.792s][info][gc,heap        ] GC(611) ParOldGen: 489042K(699392K)->490778K(699392K)
[89.792s][info][gc,metaspace   ] GC(611) Metaspace: 10682K(10944K)->10682K(10944K) NonClass: 9790K(9920K)->9790K(9920K) Class: 891K(1024K)->891K(1024K)
[89.792s][info][gc             ] GC(611) Pause Young (Allocation Failure) 758M->519M(974M) 13.461ms
[89.792s][info][gc,cpu         ] GC(611) User=0.09s Sys=0.00s Real=0.01s
[89.876s][info][gc,start       ] GC(612) Pause Young (Allocation Failure)
[89.889s][info][gc,heap        ] GC(612) PSYoungGen: 289376K(298496K)->41632K(298496K) Eden: 247808K(247808K)->0K(247808K) From: 41568K(50688K)->41632K(50688K)
[89.889s][info][gc,heap        ] GC(612) ParOldGen: 490778K(699392K)->492546K(699392K)
[89.889s][info][gc,metaspace   ] GC(612) Metaspace: 10682K(10944K)->10682K(10944K) NonClass: 9790K(9920K)->9790K(9920K) Class: 891K(1024K)->891K(1024K)
[89.889s][info][gc             ] GC(612) Pause Young (Allocation Failure) 761M->521M(974M) 13.310ms
[89.889s][info][gc,cpu         ] GC(612) User=0.09s Sys=0.00s Real=0.01s
[89.969s][info][gc,start       ] GC(613) Pause Young (Allocation Failure)
[89.982s][info][gc,heap        ] GC(613) PSYoungGen: 289440K(298496K)->41600K(299008K) Eden: 247808K(247808K)->0K(248832K) From: 41632K(50688K)->41600K(50176K)
[89.982s][info][gc,heap        ] GC(613) ParOldGen: 492546K(699392K)->494466K(699392K)
[89.982s][info][gc,metaspace   ] GC(613) Metaspace: 10682K(10944K)->10682K(10944K) NonClass: 9790K(9920K)->9790K(9920K) Class: 891K(1024K)->891K(1024K)
[89.982s][info][gc             ] GC(613) Pause Young (Allocation Failure) 763M->523M(975M) 13.364ms
[89.982s][info][gc,cpu         ] GC(613) User=0.09s Sys=0.00s Real=0.01s
[90.065s][info][gc,start       ] GC(614) Pause Young (Allocation Failure)
[90.078s][info][gc,heap        ] GC(614) PSYoungGen: 290432K(299008K)->41792K(299008K) Eden: 248832K(248832K)->0K(248832K) From: 41600K(50176K)->41792K(50176K)
[90.078s][info][gc,heap        ] GC(614) ParOldGen: 494466K(699392K)->496346K(699392K)
[90.079s][info][gc,metaspace   ] GC(614) Metaspace: 10682K(10944K)->10682K(10944K) NonClass: 9790K(9920K)->9790K(9920K) Class: 891K(1024K)->891K(1024K)
[90.079s][info][gc             ] GC(614) Pause Young (Allocation Failure) 766M->525M(975M) 13.318ms
[90.079s][info][gc,cpu         ] GC(614) User=0.09s Sys=0.00s Real=0.01s
[90.159s][info][gc,start       ] GC(615) Pause Young (Allocation Failure)
[90.172s][info][gc,heap        ] GC(615) PSYoungGen: 290624K(299008K)->41632K(300032K) Eden: 248832K(248832K)->0K(250368K) From: 41792K(50176K)->41632K(49664K)
[90.172s][info][gc,heap        ] GC(615) ParOldGen: 496346K(699392K)->498226K(699392K)
[90.172s][info][gc,metaspace   ] GC(615) Metaspace: 10682K(10944K)->10682K(10944K) NonClass: 9790K(9920K)->9790K(9920K) Class: 891K(1024K)->891K(1024K)
[90.173s][info][gc             ] GC(615) Pause Young (Allocation Failure) 768M->527M(976M) 13.480ms
[90.173s][info][gc,cpu         ] GC(615) User=0.09s Sys=0.00s Real=0.01s
[90.255s][info][gc,start       ] GC(616) Pause Young (Allocation Failure)
[90.268s][info][gc,heap        ] GC(616) PSYoungGen: 292000K(300032K)->41792K(299520K) Eden: 250368K(250368K)->0K(250368K) From: 41632K(49664K)->41792K(49152K)
[90.269s][info][gc,heap        ] GC(616) ParOldGen: 498226K(699392K)->500106K(699392K)
[90.269s][info][gc,metaspace   ] GC(616) Metaspace: 10682K(10944K)->10682K(10944K) NonClass: 9790K(9920K)->9790K(9920K) Class: 891K(1024K)->891K(1024K)
[90.269s][info][gc             ] GC(616) Pause Young (Allocation Failure) 771M->529M(975M) 13.407ms
[90.269s][info][gc,cpu         ] GC(616) User=0.02s Sys=0.00s Real=0.01s
[90.353s][info][gc,start       ] GC(617) Pause Young (Allocation Failure)
[90.367s][info][gc,heap        ] GC(617) PSYoungGen: 292160K(299520K)->41792K(300544K) Eden: 250368K(250368K)->0K(251392K) From: 41792K(49152K)->41792K(49152K)
[90.367s][info][gc,heap        ] GC(617) ParOldGen: 500106K(699392K)->502002K(699392K)
[90.367s][info][gc,metaspace   ] GC(617) Metaspace: 10682K(10944K)->10682K(10944K) NonClass: 9790K(9920K)->9790K(9920K) Class: 891K(1024K)->891K(1024K)
[90.367s][info][gc             ] GC(617) Pause Young (Allocation Failure) 773M->531M(976M) 13.269ms
[90.367s][info][gc,cpu         ] GC(617) User=0.00s Sys=0.00s Real=0.01s
[90.450s][info][gc,start       ] GC(618) Pause Young (Allocation Failure)
[90.464s][info][gc,heap        ] GC(618) PSYoungGen: 293184K(300544K)->42016K(300032K) Eden: 251392K(251392K)->0K(251392K) From: 41792K(49152K)->42016K(48640K)
[90.464s][info][gc,heap        ] GC(618) ParOldGen: 502002K(699392K)->503914K(699392K)
[90.464s][info][gc,metaspace   ] GC(618) Metaspace: 10682K(10944K)->10682K(10944K) NonClass: 9790K(9920K)->9790K(9920K) Class: 891K(1024K)->891K(1024K)
[90.464s][info][gc             ] GC(618) Pause Young (Allocation Failure) 776M->533M(976M) 13.590ms
[90.464s][info][gc,cpu         ] GC(618) User=0.09s Sys=0.00s Real=0.02s
[90.548s][info][gc,start       ] GC(619) Pause Young (Allocation Failure)
[90.562s][info][gc,heap        ] GC(619) PSYoungGen: 293408K(300032K)->42240K(301056K) Eden: 251392K(251392K)->0K(252416K) From: 42016K(48640K)->42240K(48640K)
[90.562s][info][gc,heap        ] GC(619) ParOldGen: 503914K(699392K)->505818K(699392K)
[90.562s][info][gc,metaspace   ] GC(619) Metaspace: 10682K(10944K)->10682K(10944K) NonClass: 9790K(9920K)->9790K(9920K) Class: 891K(1024K)->891K(1024K)
[90.562s][info][gc             ] GC(619) Pause Young (Allocation Failure) 778M->535M(977M) 13.612ms
[90.562s][info][gc,cpu         ] GC(619) User=0.09s Sys=0.00s Real=0.01s
[90.645s][info][gc,start       ] GC(620) Pause Young (Allocation Failure)
[90.659s][info][gc,heap        ] GC(620) PSYoungGen: 294656K(301056K)->42240K(300544K) Eden: 252416K(252416K)->0K(252416K) From: 42240K(48640K)->42240K(48128K)
[90.659s][info][gc,heap        ] GC(620) ParOldGen: 505818K(699392K)->507666K(699392K)
[90.659s][info][gc,metaspace   ] GC(620) Metaspace: 10682K(10944K)->10682K(10944K) NonClass: 9790K(9920K)->9790K(9920K) Class: 891K(1024K)->891K(1024K)
[90.659s][info][gc             ] GC(620) Pause Young (Allocation Failure) 781M->537M(976M) 13.570ms
[90.659s][info][gc,cpu         ] GC(620) User=0.09s Sys=0.00s Real=0.01s
[90.742s][info][gc,start       ] GC(621) Pause Young (Allocation Failure)
[90.756s][info][gc,heap        ] GC(621) PSYoungGen: 294656K(300544K)->42432K(301056K) Eden: 252416K(252416K)->0K(252928K) From: 42240K(48128K)->42432K(48128K)
[90.756s][info][gc,heap        ] GC(621) ParOldGen: 507666K(699392K)->509594K(699392K)
[90.756s][info][gc,metaspace   ] GC(621) Metaspace: 10682K(10944K)->10682K(10944K) NonClass: 9790K(9920K)->9790K(9920K) Class: 891K(1024K)->891K(1024K)
[90.756s][info][gc             ] GC(621) Pause Young (Allocation Failure) 783M->539M(977M) 13.457ms
[90.756s][info][gc,cpu         ] GC(621) User=0.09s Sys=0.00s Real=0.01s
[90.842s][info][gc,start       ] GC(622) Pause Young (Allocation Failure)
[90.857s][info][gc,heap        ] GC(622) PSYoungGen: 295360K(301056K)->42720K(301056K) Eden: 252928K(252928K)->0K(252928K) From: 42432K(48128K)->42720K(48128K)
[90.857s][info][gc,heap        ] GC(622) ParOldGen: 509594K(699392K)->511570K(699392K)
[90.857s][info][gc,metaspace   ] GC(622) Metaspace: 10682K(10944K)->10682K(10944K) NonClass: 9790K(9920K)->9790K(9920K) Class: 891K(1024K)->891K(1024K)
[90.857s][info][gc             ] GC(622) Pause Young (Allocation Failure) 786M->541M(977M) 14.371ms
[90.857s][info][gc,cpu         ] GC(622) User=0.09s Sys=0.00s Real=0.02s
[90.943s][info][gc,start       ] GC(623) Pause Young (Allocation Failure)
[90.956s][info][gc,heap        ] GC(623) PSYoungGen: 295648K(301056K)->42848K(301568K) Eden: 252928K(252928K)->0K(253952K) From: 42720K(48128K)->42848K(47616K)
[90.957s][info][gc,heap        ] GC(623) ParOldGen: 511570K(699392K)->513442K(699392K)
[90.957s][info][gc,metaspace   ] GC(623) Metaspace: 10682K(10944K)->10682K(10944K) NonClass: 9790K(9920K)->9790K(9920K) Class: 891K(1024K)->891K(1024K)
[90.957s][info][gc             ] GC(623) Pause Young (Allocation Failure) 788M->543M(977M) 13.791ms
[90.957s][info][gc,cpu         ] GC(623) User=0.09s Sys=0.00s Real=0.01s
[91.041s][info][gc,start       ] GC(624) Pause Young (Allocation Failure)
[91.055s][info][gc,heap        ] GC(624) PSYoungGen: 296800K(301568K)->43200K(301568K) Eden: 253952K(253952K)->0K(253952K) From: 42848K(47616K)->43200K(47616K)
[91.055s][info][gc,heap        ] GC(624) ParOldGen: 513442K(699392K)->515410K(699392K)
[91.055s][info][gc,metaspace   ] GC(624) Metaspace: 10682K(10944K)->10682K(10944K) NonClass: 9790K(9920K)->9790K(9920K) Class: 891K(1024K)->891K(1024K)
[91.055s][info][gc             ] GC(624) Pause Young (Allocation Failure) 791M->545M(977M) 14.063ms
[91.055s][info][gc,cpu         ] GC(624) User=0.00s Sys=0.00s Real=0.01s
[91.139s][info][gc,start       ] GC(625) Pause Young (Allocation Failure)
[91.153s][info][gc,heap        ] GC(625) PSYoungGen: 297152K(301568K)->43264K(301568K) Eden: 253952K(253952K)->0K(253952K) From: 43200K(47616K)->43264K(47616K)
[91.153s][info][gc,heap        ] GC(625) ParOldGen: 515410K(699392K)->517306K(699392K)
[91.153s][info][gc,metaspace   ] GC(625) Metaspace: 10682K(10944K)->10682K(10944K) NonClass: 9790K(9920K)->9790K(9920K) Class: 891K(1024K)->891K(1024K)
[91.153s][info][gc             ] GC(625) Pause Young (Allocation Failure) 793M->547M(977M) 13.975ms
[91.153s][info][gc,cpu         ] GC(625) User=0.08s Sys=0.02s Real=0.02s
[91.238s][info][gc,start       ] GC(626) Pause Young (Allocation Failure)
[91.252s][info][gc,heap        ] GC(626) PSYoungGen: 297216K(301568K)->43200K(301568K) Eden: 253952K(253952K)->0K(253952K) From: 43264K(47616K)->43200K(47616K)
[91.252s][info][gc,heap        ] GC(626) ParOldGen: 517306K(699392K)->519330K(699392K)
[91.252s][info][gc,metaspace   ] GC(626) Metaspace: 10682K(10944K)->10682K(10944K) NonClass: 9790K(9920K)->9790K(9920K) Class: 891K(1024K)->891K(1024K)
[91.252s][info][gc             ] GC(626) Pause Young (Allocation Failure) 795M->549M(977M) 13.840ms
[91.252s][info][gc,cpu         ] GC(626) User=0.09s Sys=0.00s Real=0.02s
[91.337s][info][gc,start       ] GC(627) Pause Young (Allocation Failure)
[91.351s][info][gc,heap        ] GC(627) PSYoungGen: 297152K(301568K)->43488K(301568K) Eden: 253952K(253952K)->0K(253952K) From: 43200K(47616K)->43488K(47616K)
[91.351s][info][gc,heap        ] GC(627) ParOldGen: 519330K(699392K)->521290K(699392K)
[91.351s][info][gc,metaspace   ] GC(627) Metaspace: 10682K(10944K)->10682K(10944K) NonClass: 9790K(9920K)->9790K(9920K) Class: 891K(1024K)->891K(1024K)
[91.351s][info][gc             ] GC(627) Pause Young (Allocation Failure) 797M->551M(977M) 14.032ms
[91.351s][info][gc,cpu         ] GC(627) User=0.09s Sys=0.00s Real=0.01s
[91.439s][info][gc,start       ] GC(628) Pause Young (Allocation Failure)
[91.453s][info][gc,heap        ] GC(628) PSYoungGen: 297440K(301568K)->43680K(301568K) Eden: 253952K(253952K)->0K(253952K) From: 43488K(47616K)->43680K(47616K)
[91.453s][info][gc,heap        ] GC(628) ParOldGen: 521290K(699392K)->523130K(699392K)
[91.453s][info][gc,metaspace   ] GC(628) Metaspace: 10682K(10944K)->10682K(10944K) NonClass: 9790K(9920K)->9790K(9920K) Class: 891K(1024K)->891K(1024K)
[91.453s][info][gc             ] GC(628) Pause Young (Allocation Failure) 799M->553M(977M) 13.871ms
[91.453s][info][gc,cpu         ] GC(628) User=0.09s Sys=0.00s Real=0.01s
[91.535s][info][gc,start       ] GC(629) Pause Young (Allocation Failure)
[91.549s][info][gc,heap        ] GC(629) PSYoungGen: 297632K(301568K)->43872K(300544K) Eden: 253952K(253952K)->0K(252928K) From: 43680K(47616K)->43872K(47616K)
[91.549s][info][gc,heap        ] GC(629) ParOldGen: 523130K(699392K)->525130K(699392K)
[91.549s][info][gc,metaspace   ] GC(629) Metaspace: 10682K(10944K)->10682K(10944K) NonClass: 9790K(9920K)->9790K(9920K) Class: 891K(1024K)->891K(1024K)
[91.549s][info][gc             ] GC(629) Pause Young (Allocation Failure) 801M->555M(976M) 13.987ms
[91.549s][info][gc,cpu         ] GC(629) User=0.09s Sys=0.00s Real=0.01s
[91.639s][info][gc,start       ] GC(630) Pause Young (Allocation Failure)
[91.653s][info][gc,heap        ] GC(630) PSYoungGen: 296800K(300544K)->44032K(301056K) Eden: 252928K(252928K)->0K(252928K) From: 43872K(47616K)->44032K(48128K)
[91.653s][info][gc,heap        ] GC(630) ParOldGen: 525130K(699392K)->526930K(699392K)
[91.653s][info][gc,metaspace   ] GC(630) Metaspace: 10682K(10944K)->10682K(10944K) NonClass: 9790K(9920K)->9790K(9920K) Class: 891K(1024K)->891K(1024K)
[91.653s][info][gc             ] GC(630) Pause Young (Allocation Failure) 802M->557M(977M) 14.085ms
[91.653s][info][gc,cpu         ] GC(630) User=0.09s Sys=0.00s Real=0.01s
[91.737s][info][gc,start       ] GC(631) Pause Young (Allocation Failure)
[91.751s][info][gc,heap        ] GC(631) PSYoungGen: 296960K(301056K)->44032K(301056K) Eden: 252928K(252928K)->0K(252928K) From: 44032K(48128K)->44032K(48128K)
[91.753s][info][gc,heap        ] GC(631) ParOldGen: 526930K(699392K)->528826K(699392K)
[91.753s][info][gc,metaspace   ] GC(631) Metaspace: 10682K(10944K)->10682K(10944K) NonClass: 9790K(9920K)->9790K(9920K) Class: 891K(1024K)->891K(1024K)
[91.753s][info][gc             ] GC(631) Pause Young (Allocation Failure) 804M->559M(977M) 16.287ms
[91.753s][info][gc,cpu         ] GC(631) User=0.09s Sys=0.00s Real=0.02s
[91.837s][info][gc,start       ] GC(632) Pause Young (Allocation Failure)
[91.851s][info][gc,heap        ] GC(632) PSYoungGen: 296960K(301056K)->44128K(301056K) Eden: 252928K(252928K)->0K(252928K) From: 44032K(48128K)->44128K(48128K)
[91.851s][info][gc,heap        ] GC(632) ParOldGen: 528826K(699392K)->530834K(699392K)
[91.851s][info][gc,metaspace   ] GC(632) Metaspace: 10682K(10944K)->10682K(10944K) NonClass: 9790K(9920K)->9790K(9920K) Class: 891K(1024K)->891K(1024K)
[91.851s][info][gc             ] GC(632) Pause Young (Allocation Failure) 806M->561M(977M) 14.292ms
[91.851s][info][gc,cpu         ] GC(632) User=0.02s Sys=0.00s Real=0.01s
[91.939s][info][gc,start       ] GC(633) Pause Young (Allocation Failure)
[91.953s][info][gc,heap        ] GC(633) PSYoungGen: 297056K(301056K)->44288K(301056K) Eden: 252928K(252928K)->0K(252928K) From: 44128K(48128K)->44288K(48128K)
[91.953s][info][gc,heap        ] GC(633) ParOldGen: 530834K(699392K)->532810K(699392K)
[91.953s][info][gc,metaspace   ] GC(633) Metaspace: 10682K(10944K)->10682K(10944K) NonClass: 9790K(9920K)->9790K(9920K) Class: 891K(1024K)->891K(1024K)
[91.953s][info][gc             ] GC(633) Pause Young (Allocation Failure) 808M->563M(977M) 14.294ms
[91.953s][info][gc,cpu         ] GC(633) User=0.09s Sys=0.00s Real=0.01s
[92.037s][info][gc,start       ] GC(634) Pause Young (Allocation Failure)
[92.051s][info][gc,heap        ] GC(634) PSYoungGen: 297216K(301056K)->44352K(301056K) Eden: 252928K(252928K)->0K(252928K) From: 44288K(48128K)->44352K(48128K)
[92.052s][info][gc,heap        ] GC(634) ParOldGen: 532810K(699392K)->534794K(699392K)
[92.052s][info][gc,metaspace   ] GC(634) Metaspace: 10682K(10944K)->10682K(10944K) NonClass: 9790K(9920K)->9790K(9920K) Class: 891K(1024K)->891K(1024K)
[92.052s][info][gc             ] GC(634) Pause Young (Allocation Failure) 810M->565M(977M) 14.150ms
[92.052s][info][gc,cpu         ] GC(634) User=0.09s Sys=0.00s Real=0.01s
[92.136s][info][gc,start       ] GC(635) Pause Young (Allocation Failure)
[92.150s][info][gc,heap        ] GC(635) PSYoungGen: 297280K(301056K)->44128K(301056K) Eden: 252928K(252928K)->0K(252928K) From: 44352K(48128K)->44128K(48128K)
[92.150s][info][gc,heap        ] GC(635) ParOldGen: 534794K(699392K)->536786K(699392K)
[92.150s][info][gc,metaspace   ] GC(635) Metaspace: 10682K(10944K)->10682K(10944K) NonClass: 9790K(9920K)->9790K(9920K) Class: 891K(1024K)->891K(1024K)
[92.150s][info][gc             ] GC(635) Pause Young (Allocation Failure) 812M->567M(977M) 13.747ms
[92.150s][info][gc,cpu         ] GC(635) User=0.02s Sys=0.00s Real=0.01s
[92.235s][info][gc,start       ] GC(636) Pause Young (Allocation Failure)
[92.249s][info][gc,heap        ] GC(636) PSYoungGen: 297056K(301056K)->44512K(301056K) Eden: 252928K(252928K)->0K(252928K) From: 44128K(48128K)->44512K(48128K)
[92.249s][info][gc,heap        ] GC(636) ParOldGen: 536786K(699392K)->538834K(699392K)
[92.249s][info][gc,metaspace   ] GC(636) Metaspace: 10682K(10944K)->10682K(10944K) NonClass: 9790K(9920K)->9790K(9920K) Class: 891K(1024K)->891K(1024K)
[92.249s][info][gc             ] GC(636) Pause Young (Allocation Failure) 814M->569M(977M) 14.433ms
[92.249s][info][gc,cpu         ] GC(636) User=0.09s Sys=0.00s Real=0.01s
[92.334s][info][gc,start       ] GC(637) Pause Young (Allocation Failure)
[92.348s][info][gc,heap        ] GC(637) PSYoungGen: 297440K(301056K)->44256K(301056K) Eden: 252928K(252928K)->0K(252928K) From: 44512K(48128K)->44256K(48128K)
[92.348s][info][gc,heap        ] GC(637) ParOldGen: 538834K(699392K)->540922K(699392K)
[92.348s][info][gc,metaspace   ] GC(637) Metaspace: 10682K(10944K)->10682K(10944K) NonClass: 9790K(9920K)->9790K(9920K) Class: 891K(1024K)->891K(1024K)
[92.348s][info][gc             ] GC(637) Pause Young (Allocation Failure) 816M->571M(977M) 14.004ms
[92.348s][info][gc,cpu         ] GC(637) User=0.09s Sys=0.00s Real=0.01s
[92.433s][info][gc,start       ] GC(638) Pause Young (Allocation Failure)
[92.447s][info][gc,heap        ] GC(638) PSYoungGen: 297184K(301056K)->44096K(301056K) Eden: 252928K(252928K)->0K(252928K) From: 44256K(48128K)->44096K(48128K)
[92.447s][info][gc,heap        ] GC(638) ParOldGen: 540922K(699392K)->542994K(699392K)
[92.447s][info][gc,metaspace   ] GC(638) Metaspace: 10682K(10944K)->10682K(10944K) NonClass: 9790K(9920K)->9790K(9920K) Class: 891K(1024K)->891K(1024K)
[92.447s][info][gc             ] GC(638) Pause Young (Allocation Failure) 818M->573M(977M) 14.008ms
[92.447s][info][gc,cpu         ] GC(638) User=0.09s Sys=0.00s Real=0.01s
[92.532s][info][gc,start       ] GC(639) Pause Young (Allocation Failure)
[92.545s][info][gc,heap        ] GC(639) PSYoungGen: 297024K(301056K)->44160K(301568K) Eden: 252928K(252928K)->0K(253952K) From: 44096K(48128K)->44160K(47616K)
[92.546s][info][gc,heap        ] GC(639) ParOldGen: 542994K(699392K)->545130K(699392K)
[92.546s][info][gc,metaspace   ] GC(639) Metaspace: 10682K(10944K)->10682K(10944K) NonClass: 9790K(9920K)->9790K(9920K) Class: 891K(1024K)->891K(1024K)
[92.546s][info][gc             ] GC(639) Pause Young (Allocation Failure) 820M->575M(977M) 13.956ms
[92.546s][info][gc,cpu         ] GC(639) User=0.09s Sys=0.00s Real=0.01s
[92.630s][info][gc,start       ] GC(640) Pause Young (Allocation Failure)
[92.644s][info][gc,heap        ] GC(640) PSYoungGen: 298112K(301568K)->44096K(301568K) Eden: 253952K(253952K)->0K(253952K) From: 44160K(47616K)->44096K(47616K)
[92.644s][info][gc,heap        ] GC(640) ParOldGen: 545130K(699392K)->547170K(699392K)
[92.644s][info][gc,metaspace   ] GC(640) Metaspace: 10682K(10944K)->10682K(10944K) NonClass: 9790K(9920K)->9790K(9920K) Class: 891K(1024K)->891K(1024K)
[92.644s][info][gc             ] GC(640) Pause Young (Allocation Failure) 823M->577M(977M) 13.985ms
[92.644s][info][gc,cpu         ] GC(640) User=0.09s Sys=0.00s Real=0.01s
[92.730s][info][gc,start       ] GC(641) Pause Young (Allocation Failure)
[92.744s][info][gc,heap        ] GC(641) PSYoungGen: 298048K(301568K)->44192K(302080K) Eden: 253952K(253952K)->0K(254464K) From: 44096K(47616K)->44192K(47616K)
[92.744s][info][gc,heap        ] GC(641) ParOldGen: 547170K(699392K)->549170K(699392K)
[92.744s][info][gc,metaspace   ] GC(641) Metaspace: 10682K(10944K)->10682K(10944K) NonClass: 9790K(9920K)->9790K(9920K) Class: 891K(1024K)->891K(1024K)
[92.744s][info][gc             ] GC(641) Pause Young (Allocation Failure) 825M->579M(978M) 14.265ms
[92.744s][info][gc,cpu         ] GC(641) User=0.09s Sys=0.00s Real=0.01s
[92.830s][info][gc,start       ] GC(642) Pause Young (Allocation Failure)
[92.844s][info][gc,heap        ] GC(642) PSYoungGen: 298656K(302080K)->44320K(301568K) Eden: 254464K(254464K)->0K(254464K) From: 44192K(47616K)->44320K(47104K)
[92.844s][info][gc,heap        ] GC(642) ParOldGen: 549170K(699392K)->551250K(699392K)
[92.844s][info][gc,metaspace   ] GC(642) Metaspace: 10682K(10944K)->10682K(10944K) NonClass: 9790K(9920K)->9790K(9920K) Class: 891K(1024K)->891K(1024K)
[92.844s][info][gc             ] GC(642) Pause Young (Allocation Failure) 827M->581M(977M) 14.271ms
[92.844s][info][gc,cpu         ] GC(642) User=0.09s Sys=0.00s Real=0.01s
[92.946s][info][gc,start       ] GC(643) Pause Young (Allocation Failure)
[92.959s][info][gc,heap        ] GC(643) PSYoungGen: 298784K(301568K)->43904K(302080K) Eden: 254464K(254464K)->0K(254976K) From: 44320K(47104K)->43904K(47104K)
[92.960s][info][gc,heap        ] GC(643) ParOldGen: 551250K(699392K)->553394K(699392K)
[92.960s][info][gc,metaspace   ] GC(643) Metaspace: 10682K(10944K)->10682K(10944K) NonClass: 9790K(9920K)->9790K(9920K) Class: 891K(1024K)->891K(1024K)
[92.960s][info][gc             ] GC(643) Pause Young (Allocation Failure) 830M->583M(978M) 13.823ms
[92.960s][info][gc,cpu         ] GC(643) User=0.09s Sys=0.00s Real=0.02s
[93.297s][info][gc,start       ] GC(644) Pause Young (Allocation Failure)
[93.330s][info][gc,heap        ] GC(644) PSYoungGen: 298880K(302080K)->47087K(302080K) Eden: 254976K(254976K)->0K(254976K) From: 43904K(47104K)->47087K(47104K)
[93.330s][info][gc,heap        ] GC(644) ParOldGen: 553394K(699392K)->576666K(699392K)
[93.330s][info][gc,metaspace   ] GC(644) Metaspace: 10684K(10944K)->10684K(10944K) NonClass: 9793K(9920K)->9793K(9920K) Class: 891K(1024K)->891K(1024K)
[93.330s][info][gc             ] GC(644) Pause Young (Allocation Failure) 832M->609M(978M) 32.980ms
[93.330s][info][gc,cpu         ] GC(644) User=0.19s Sys=0.00s Real=0.04s
[93.862s][info][gc,start       ] GC(645) Pause Young (Allocation Failure)
[93.902s][info][gc,heap        ] GC(645) PSYoungGen: 302063K(302080K)->47100K(259072K) Eden: 254976K(254976K)->0K(211968K) From: 47087K(47104K)->47100K(47104K)
[93.902s][info][gc,heap        ] GC(645) ParOldGen: 576666K(699392K)->612090K(699392K)
[93.902s][info][gc,metaspace   ] GC(645) Metaspace: 10684K(10944K)->10684K(10944K) NonClass: 9793K(9920K)->9793K(9920K) Class: 891K(1024K)->891K(1024K)
[93.902s][info][gc             ] GC(645) Pause Young (Allocation Failure) 858M->643M(936M) 40.131ms
[93.902s][info][gc,cpu         ] GC(645) User=0.27s Sys=0.02s Real=0.04s
[94.207s][info][gc,start       ] GC(646) Pause Young (Allocation Failure)
[94.241s][info][gc,heap        ] GC(646) PSYoungGen: 259068K(259072K)->68586K(280576K) Eden: 211968K(211968K)->0K(211968K) From: 47100K(47104K)->68586K(68608K)
[94.241s][info][gc,heap        ] GC(646) ParOldGen: 612090K(699392K)->618130K(699392K)
[94.241s][info][gc,metaspace   ] GC(646) Metaspace: 10684K(10944K)->10684K(10944K) NonClass: 9793K(9920K)->9793K(9920K) Class: 891K(1024K)->891K(1024K)
[94.241s][info][gc             ] GC(646) Pause Young (Allocation Failure) 850M->670M(957M) 34.191ms
[94.241s][info][gc,cpu         ] GC(646) User=0.19s Sys=0.00s Real=0.03s
[94.495s][info][gc,start       ] GC(647) Pause Young (Allocation Failure)
[94.536s][info][gc,heap        ] GC(647) PSYoungGen: 280554K(280576K)->68586K(239616K) Eden: 211968K(211968K)->0K(171008K) From: 68586K(68608K)->68586K(68608K)
[94.536s][info][gc,heap        ] GC(647) ParOldGen: 618130K(699392K)->643786K(699392K)
[94.536s][info][gc,metaspace   ] GC(647) Metaspace: 10684K(10944K)->10684K(10944K) NonClass: 9793K(9920K)->9793K(9920K) Class: 891K(1024K)->891K(1024K)
[94.536s][info][gc             ] GC(647) Pause Young (Allocation Failure) 877M->695M(917M) 40.792ms
[94.536s][info][gc,cpu         ] GC(647) User=0.19s Sys=0.00s Real=0.04s
[94.739s][info][gc,start       ] GC(648) Pause Young (Allocation Failure)
[94.774s][info][gc,heap        ] GC(648) PSYoungGen: 239594K(239616K)->85450K(256512K) Eden: 171008K(171008K)->0K(171008K) From: 68586K(68608K)->85450K(85504K)
[94.774s][info][gc,heap        ] GC(648) ParOldGen: 643786K(699392K)->647922K(699392K)
[94.774s][info][gc,metaspace   ] GC(648) Metaspace: 10684K(10944K)->10684K(10944K) NonClass: 9793K(9920K)->9793K(9920K) Class: 891K(1024K)->891K(1024K)
[94.774s][info][gc             ] GC(648) Pause Young (Allocation Failure) 862M->716M(933M) 34.822ms
[94.774s][info][gc,cpu         ] GC(648) User=0.19s Sys=0.00s Real=0.04s
[94.976s][info][gc,start       ] GC(649) Pause Young (Allocation Failure)
[95.014s][info][gc,heap        ] GC(649) PSYoungGen: 256458K(256512K)->92650K(221696K) Eden: 171008K(171008K)->0K(129024K) From: 85450K(85504K)->92650K(92672K)
[95.014s][info][gc,heap        ] GC(649) ParOldGen: 647922K(699392K)->661194K(699392K)
[95.014s][info][gc,metaspace   ] GC(649) Metaspace: 10684K(10944K)->10684K(10944K) NonClass: 9793K(9920K)->9793K(9920K) Class: 891K(1024K)->891K(1024K)
[95.014s][info][gc             ] GC(649) Pause Young (Allocation Failure) 883M->736M(899M) 38.650ms
[95.014s][info][gc,cpu         ] GC(649) User=0.28s Sys=0.00s Real=0.05s
[95.164s][info][gc,start       ] GC(650) Pause Young (Allocation Failure)
[95.200s][info][gc,heap        ] GC(650) PSYoungGen: 221674K(221696K)->102858K(231936K) Eden: 129024K(129024K)->0K(129024K) From: 92650K(92672K)->102858K(102912K)
[95.200s][info][gc,heap        ] GC(650) ParOldGen: 661194K(699392K)->666666K(699392K)
[95.200s][info][gc,metaspace   ] GC(650) Metaspace: 10684K(10944K)->10684K(10944K) NonClass: 9793K(9920K)->9793K(9920K) Class: 891K(1024K)->891K(1024K)
[95.200s][info][gc             ] GC(650) Pause Young (Allocation Failure) 862M->751M(909M) 36.370ms
[95.200s][info][gc,cpu         ] GC(650) User=0.28s Sys=0.00s Real=0.04s
[95.331s][info][gc,start       ] GC(651) Pause Young (Allocation Failure)
[95.366s][info][gc,heap        ] GC(651) PSYoungGen: 231882K(231936K)->105383K(232960K) Eden: 129024K(129024K)->0K(116736K) From: 102858K(102912K)->105383K(116224K)
[95.366s][info][gc,heap        ] GC(651) ParOldGen: 666666K(699392K)->673322K(699392K)
[95.366s][info][gc,metaspace   ] GC(651) Metaspace: 10684K(10944K)->10684K(10944K) NonClass: 9793K(9920K)->9793K(9920K) Class: 891K(1024K)->891K(1024K)
[95.367s][info][gc             ] GC(651) Pause Young (Allocation Failure) 877M->760M(910M) 35.729ms
[95.367s][info][gc,cpu         ] GC(651) User=0.17s Sys=0.00s Real=0.04s
[95.587s][info][gc,start       ] GC(652) Pause Young (Allocation Failure)
[95.613s][info][gc,heap        ] GC(652) PSYoungGen: 222119K(232960K)->90976K(232960K) Eden: 116736K(116736K)->0K(116736K) From: 105383K(116224K)->90976K(116224K)
[95.613s][info][gc,heap        ] GC(652) ParOldGen: 673322K(699392K)->681850K(699392K)
[95.613s][info][gc,metaspace   ] GC(652) Metaspace: 10684K(10944K)->10684K(10944K) NonClass: 9793K(9920K)->9793K(9920K) Class: 891K(1024K)->891K(1024K)
[95.613s][info][gc             ] GC(652) Pause Young (Allocation Failure) 874M->754M(910M) 26.164ms
[95.613s][info][gc,cpu         ] GC(652) User=0.09s Sys=0.02s Real=0.03s
[95.799s][info][gc,start       ] GC(653) Pause Full (Ergonomics)
[95.799s][info][gc,phases,start] GC(653) Marking Phase
[95.947s][info][gc,phases      ] GC(653) Marking Phase 148.544ms
[95.947s][info][gc,phases,start] GC(653) Summary Phase
[95.947s][info][gc,phases      ] GC(653) Summary Phase 0.024ms
[95.947s][info][gc,phases,start] GC(653) Adjust Roots
[95.950s][info][gc,phases      ] GC(653) Adjust Roots 3.000ms
[95.950s][info][gc,phases,start] GC(653) Compaction Phase
[96.186s][info][gc,phases      ] GC(653) Compaction Phase 236.080ms
[96.186s][info][gc,phases,start] GC(653) Post Compact
[96.188s][info][gc,phases      ] GC(653) Post Compact 1.633ms
[96.188s][info][gc,heap        ] GC(653) PSYoungGen: 207712K(232960K)->0K(232960K) Eden: 116736K(116736K)->0K(116736K) From: 90976K(116224K)->0K(116224K)
[96.188s][info][gc,heap        ] GC(653) ParOldGen: 681850K(699392K)->672994K(699392K)
[96.188s][info][gc,metaspace   ] GC(653) Metaspace: 10684K(10944K)->10684K(10944K) NonClass: 9793K(9920K)->9793K(9920K) Class: 891K(1024K)->891K(1024K)
[96.188s][info][gc             ] GC(653) Pause Full (Ergonomics) 868M->657M(910M) 389.704ms
[96.188s][info][gc,cpu         ] GC(653) User=2.25s Sys=0.02s Real=0.40s
[96.357s][info][gc,start       ] GC(654) Pause Young (Allocation Failure)
[96.359s][info][gc,heap        ] GC(654) PSYoungGen: 116736K(232960K)->2816K(232960K) Eden: 116736K(116736K)->0K(116736K) From: 0K(116224K)->2816K(116224K)
[96.359s][info][gc,heap        ] GC(654) ParOldGen: 672994K(699392K)->672994K(699392K)
[96.359s][info][gc,metaspace   ] GC(654) Metaspace: 10684K(10944K)->10684K(10944K) NonClass: 9793K(9920K)->9793K(9920K) Class: 891K(1024K)->891K(1024K)
[96.359s][info][gc             ] GC(654) Pause Young (Allocation Failure) 771M->659M(910M) 2.230ms
[96.359s][info][gc,cpu         ] GC(654) User=0.00s Sys=0.00s Real=0.02s
[96.527s][info][gc,start       ] GC(655) Pause Young (Allocation Failure)
[96.530s][info][gc,heap        ] GC(655) PSYoungGen: 119552K(232960K)->4352K(232960K) Eden: 116736K(116736K)->0K(116736K) From: 2816K(116224K)->4352K(116224K)
[96.530s][info][gc,heap        ] GC(655) ParOldGen: 672994K(699392K)->672994K(699392K)
[96.530s][info][gc,metaspace   ] GC(655) Metaspace: 10684K(10944K)->10684K(10944K) NonClass: 9793K(9920K)->9793K(9920K) Class: 891K(1024K)->891K(1024K)
[96.530s][info][gc             ] GC(655) Pause Young (Allocation Failure) 773M->661M(910M) 2.440ms
[96.530s][info][gc,cpu         ] GC(655) User=0.00s Sys=0.00s Real=0.01s
[96.696s][info][gc,start       ] GC(656) Pause Young (Allocation Failure)
[96.699s][info][gc,heap        ] GC(656) PSYoungGen: 121088K(232960K)->5376K(232960K) Eden: 116736K(116736K)->0K(116736K) From: 4352K(116224K)->5376K(116224K)
[96.699s][info][gc,heap        ] GC(656) ParOldGen: 672994K(699392K)->672994K(699392K)
[96.699s][info][gc,metaspace   ] GC(656) Metaspace: 10684K(10944K)->10684K(10944K) NonClass: 9793K(9920K)->9793K(9920K) Class: 891K(1024K)->891K(1024K)
[96.699s][info][gc             ] GC(656) Pause Young (Allocation Failure) 775M->662M(910M) 2.644ms
[96.699s][info][gc,cpu         ] GC(656) User=0.09s Sys=0.00s Real=0.01s
[96.866s][info][gc,start       ] GC(657) Pause Young (Allocation Failure)
[96.869s][info][gc,heap        ] GC(657) PSYoungGen: 122112K(232960K)->6464K(232960K) Eden: 116736K(116736K)->0K(116736K) From: 5376K(116224K)->6464K(116224K)
[96.869s][info][gc,heap        ] GC(657) ParOldGen: 672994K(699392K)->672994K(699392K)
[96.869s][info][gc,metaspace   ] GC(657) Metaspace: 10684K(10944K)->10684K(10944K) NonClass: 9793K(9920K)->9793K(9920K) Class: 891K(1024K)->891K(1024K)
[96.869s][info][gc             ] GC(657) Pause Young (Allocation Failure) 776M->663M(910M) 2.856ms
[96.869s][info][gc,cpu         ] GC(657) User=0.09s Sys=0.00s Real=0.01s
[97.034s][info][gc,start       ] GC(658) Pause Young (Allocation Failure)
[97.037s][info][gc,heap        ] GC(658) PSYoungGen: 123200K(232960K)->5856K(232960K) Eden: 116736K(116736K)->0K(116736K) From: 6464K(116224K)->5856K(116224K)
[97.037s][info][gc,heap        ] GC(658) ParOldGen: 672994K(699392K)->674290K(699392K)
[97.037s][info][gc,metaspace   ] GC(658) Metaspace: 10684K(10944K)->10684K(10944K) NonClass: 9793K(9920K)->9793K(9920K) Class: 891K(1024K)->891K(1024K)
[97.037s][info][gc             ] GC(658) Pause Young (Allocation Failure) 777M->664M(910M) 3.037ms
[97.037s][info][gc,cpu         ] GC(658) User=0.00s Sys=0.00s Real=0.02s
[97.182s][info][gc,start       ] GC(659) Pause Young (Allocation Failure)
[97.185s][info][gc,heap        ] GC(659) PSYoungGen: 122592K(232960K)->4576K(232960K) Eden: 116736K(116736K)->0K(116736K) From: 5856K(116224K)->4576K(116224K)
[97.185s][info][gc,heap        ] GC(659) ParOldGen: 674290K(699392K)->676746K(699392K)
[97.185s][info][gc,metaspace   ] GC(659) Metaspace: 10684K(10944K)->10684K(10944K) NonClass: 9793K(9920K)->9793K(9920K) Class: 891K(1024K)->891K(1024K)
[97.185s][info][gc             ] GC(659) Pause Young (Allocation Failure) 778M->665M(910M) 2.727ms
[97.185s][info][gc,cpu         ] GC(659) User=0.00s Sys=0.00s Real=0.01s
[97.302s][info][gc,start       ] GC(660) Pause Young (Allocation Failure)
[97.315s][info][gc,heap        ] GC(660) PSYoungGen: 121312K(232960K)->22704K(232960K) Eden: 116736K(116736K)->0K(116736K) From: 4576K(116224K)->22704K(116224K)
[97.315s][info][gc,heap        ] GC(660) ParOldGen: 676746K(699392K)->679322K(699392K)
[97.315s][info][gc,metaspace   ] GC(660) Metaspace: 10684K(10944K)->10684K(10944K) NonClass: 9793K(9920K)->9793K(9920K) Class: 891K(1024K)->891K(1024K)
[97.315s][info][gc             ] GC(660) Pause Young (Allocation Failure) 779M->685M(910M) 12.634ms
[97.315s][info][gc,cpu         ] GC(660) User=0.09s Sys=0.00s Real=0.02s
[97.405s][info][gc,start       ] GC(661) Pause Young (Allocation Failure)
[97.422s][info][gc,promotion   ] GC(661) Promotion failed
[97.422s][info][gc,heap        ] GC(661) PSYoungGen: 139440K(232960K)->139440K(232960K) Eden: 116736K(116736K)->116736K(116736K) From: 22704K(116224K)->22704K(116224K)
[97.422s][info][gc,heap        ] GC(661) ParOldGen: 679322K(699392K)->699386K(699392K)
[97.422s][info][gc,metaspace   ] GC(661) Metaspace: 10684K(10944K)->10684K(10944K) NonClass: 9793K(9920K)->9793K(9920K) Class: 891K(1024K)->891K(1024K)
[97.422s][info][gc             ] GC(661) Pause Young (Allocation Failure) 799M->819M(910M) 16.975ms
[97.422s][info][gc,cpu         ] GC(661) User=0.09s Sys=0.00s Real=0.02s
[97.422s][info][gc,start       ] GC(662) Pause Full (Ergonomics)
[97.422s][info][gc,phases,start] GC(662) Marking Phase
[97.524s][info][gc,phases      ] GC(662) Marking Phase 102.254ms
[97.525s][info][gc,phases,start] GC(662) Summary Phase
[97.525s][info][gc,phases      ] GC(662) Summary Phase 0.025ms
[97.525s][info][gc,phases,start] GC(662) Adjust Roots
[97.527s][info][gc,phases      ] GC(662) Adjust Roots 2.699ms
[97.527s][info][gc,phases,start] GC(662) Compaction Phase
[97.600s][info][gc,phases      ] GC(662) Compaction Phase 73.009ms
[97.600s][info][gc,phases,start] GC(662) Post Compact
[97.602s][info][gc,phases      ] GC(662) Post Compact 1.474ms
[97.602s][info][gc,heap        ] GC(662) PSYoungGen: 139440K(232960K)->0K(232960K) Eden: 116736K(116736K)->0K(116736K) From: 22704K(116224K)->0K(116224K)
[97.602s][info][gc,heap        ] GC(662) ParOldGen: 699386K(699392K)->477253K(699392K)
[97.602s][info][gc,metaspace   ] GC(662) Metaspace: 10684K(10944K)->10684K(10944K) NonClass: 9793K(9920K)->9793K(9920K) Class: 891K(1024K)->891K(1024K)
[97.602s][info][gc             ] GC(662) Pause Full (Ergonomics) 819M->466M(910M) 179.714ms
[97.602s][info][gc,cpu         ] GC(662) User=1.03s Sys=0.00s Real=0.18s
[97.714s][info][gc,start       ] GC(663) Pause Young (Allocation Failure)
[97.726s][info][gc,heap        ] GC(663) PSYoungGen: 116736K(232960K)->16832K(232960K) Eden: 116736K(116736K)->0K(116736K) From: 0K(116224K)->16832K(116224K)
[97.726s][info][gc,heap        ] GC(663) ParOldGen: 477253K(699392K)->477253K(699392K)
[97.726s][info][gc,metaspace   ] GC(663) Metaspace: 10684K(10944K)->10684K(10944K) NonClass: 9793K(9920K)->9793K(9920K) Class: 891K(1024K)->891K(1024K)
[97.726s][info][gc             ] GC(663) Pause Young (Allocation Failure) 580M->482M(910M) 11.402ms
[97.726s][info][gc,cpu         ] GC(663) User=0.00s Sys=0.00s Real=0.02s
[97.872s][info][gc,start       ] GC(664) Pause Young (Allocation Failure)
[97.879s][info][gc,heap        ] GC(664) PSYoungGen: 133568K(232960K)->2848K(232960K) Eden: 116736K(116736K)->0K(116736K) From: 16832K(116224K)->2848K(116224K)
[97.879s][info][gc,heap        ] GC(664) ParOldGen: 477253K(699392K)->490165K(699392K)
[97.879s][info][gc,metaspace   ] GC(664) Metaspace: 10684K(10944K)->10684K(10944K) NonClass: 9793K(9920K)->9793K(9920K) Class: 891K(1024K)->891K(1024K)
[97.879s][info][gc             ] GC(664) Pause Young (Allocation Failure) 596M->481M(910M) 6.981ms
[97.879s][info][gc,cpu         ] GC(664) User=0.00s Sys=0.00s Real=0.02s
[97.991s][info][gc,start       ] GC(665) Pause Young (Allocation Failure)
[98.004s][info][gc,heap        ] GC(665) PSYoungGen: 119584K(232960K)->25034K(232960K) Eden: 116736K(116736K)->0K(116736K) From: 2848K(116224K)->25034K(116224K)
[98.004s][info][gc,heap        ] GC(665) ParOldGen: 490165K(699392K)->492253K(699392K)
[98.004s][info][gc,metaspace   ] GC(665) Metaspace: 10684K(10944K)->10684K(10944K) NonClass: 9793K(9920K)->9793K(9920K) Class: 891K(1024K)->891K(1024K)
[98.004s][info][gc             ] GC(665) Pause Young (Allocation Failure) 595M->505M(910M) 12.694ms
[98.004s][info][gc,cpu         ] GC(665) User=0.09s Sys=0.00s Real=0.02s
[98.092s][info][gc,start       ] GC(666) Pause Young (Allocation Failure)
[98.109s][info][gc,heap        ] GC(666) PSYoungGen: 141770K(232960K)->44554K(238080K) Eden: 116736K(116736K)->0K(122880K) From: 25034K(116224K)->44554K(115200K)
[98.109s][info][gc,heap        ] GC(666) ParOldGen: 492253K(699392K)->492253K(699392K)
[98.109s][info][gc,metaspace   ] GC(666) Metaspace: 10684K(10944K)->10684K(10944K) NonClass: 9793K(9920K)->9793K(9920K) Class: 891K(1024K)->891K(1024K)
[98.109s][info][gc             ] GC(666) Pause Young (Allocation Failure) 619M->524M(915M) 17.258ms
[98.109s][info][gc,cpu         ] GC(666) User=0.09s Sys=0.00s Real=0.02s
[98.183s][info][gc,start       ] GC(667) Pause Young (Allocation Failure)
[98.203s][info][gc,heap        ] GC(667) PSYoungGen: 167434K(238080K)->58922K(233984K) Eden: 122880K(122880K)->0K(122880K) From: 44554K(115200K)->58922K(111104K)
[98.203s][info][gc,heap        ] GC(667) ParOldGen: 492253K(699392K)->492253K(699392K)
[98.203s][info][gc,metaspace   ] GC(667) Metaspace: 10684K(10944K)->10684K(10944K) NonClass: 9793K(9920K)->9793K(9920K) Class: 891K(1024K)->891K(1024K)
[98.203s][info][gc             ] GC(667) Pause Young (Allocation Failure) 644M->538M(911M) 20.235ms
[98.203s][info][gc,cpu         ] GC(667) User=0.09s Sys=0.00s Real=0.02s
[98.278s][info][gc,start       ] GC(668) Pause Young (Allocation Failure)
[98.301s][info][gc,heap        ] GC(668) PSYoungGen: 181802K(233984K)->73258K(229376K) Eden: 122880K(122880K)->0K(116736K) From: 58922K(111104K)->73258K(112640K)
[98.301s][info][gc,heap        ] GC(668) ParOldGen: 492253K(699392K)->492253K(699392K)
[98.301s][info][gc,metaspace   ] GC(668) Metaspace: 10684K(10944K)->10684K(10944K) NonClass: 9793K(9920K)->9793K(9920K) Class: 891K(1024K)->891K(1024K)
[98.301s][info][gc             ] GC(668) Pause Young (Allocation Failure) 658M->552M(907M) 23.256ms
[98.301s][info][gc,cpu         ] GC(668) User=0.09s Sys=0.00s Real=0.03s
[98.370s][info][gc,start       ] GC(669) Pause Young (Allocation Failure)
[98.398s][info][gc,heap        ] GC(669) PSYoungGen: 189994K(229376K)->44288K(232960K) Eden: 116736K(116736K)->0K(116736K) From: 73258K(112640K)->44288K(116224K)
[98.398s][info][gc,heap        ] GC(669) ParOldGen: 492253K(699392K)->534887K(699392K)
[98.398s][info][gc,metaspace   ] GC(669) Metaspace: 10684K(10944K)->10684K(10944K) NonClass: 9793K(9920K)->9793K(9920K) Class: 891K(1024K)->891K(1024K)
[98.398s][info][gc             ] GC(669) Pause Young (Allocation Failure) 666M->565M(910M) 28.009ms
[98.398s][info][gc,cpu         ] GC(669) User=0.06s Sys=0.00s Real=0.03s
[98.495s][info][gc,start       ] GC(670) Pause Young (Allocation Failure)
[98.516s][info][gc,heap        ] GC(670) PSYoungGen: 161024K(232960K)->43616K(242688K) Eden: 116736K(116736K)->0K(130048K) From: 44288K(116224K)->43616K(112640K)
[98.516s][info][gc,heap        ] GC(670) ParOldGen: 534887K(699392K)->549607K(699392K)
[98.516s][info][gc,metaspace   ] GC(670) Metaspace: 10684K(10944K)->10684K(10944K) NonClass: 9793K(9920K)->9793K(9920K) Class: 891K(1024K)->891K(1024K)
[98.516s][info][gc             ] GC(670) Pause Young (Allocation Failure) 679M->579M(920M) 20.838ms
[98.516s][info][gc,cpu         ] GC(670) User=0.09s Sys=0.00s Real=0.02s
[98.634s][info][gc,start       ] GC(671) Pause Young (Allocation Failure)
[98.656s][info][gc,heap        ] GC(671) PSYoungGen: 173664K(242688K)->44704K(236544K) Eden: 130048K(130048K)->0K(130048K) From: 43616K(112640K)->44704K(106496K)
[98.656s][info][gc,heap        ] GC(671) ParOldGen: 549607K(699392K)->564351K(699392K)
[98.656s][info][gc,metaspace   ] GC(671) Metaspace: 10684K(10944K)->10684K(10944K) NonClass: 9793K(9920K)->9793K(9920K) Class: 891K(1024K)->891K(1024K)
[98.656s][info][gc             ] GC(671) Pause Young (Allocation Failure) 706M->594M(914M) 22.217ms
[98.656s][info][gc,cpu         ] GC(671) User=0.12s Sys=0.00s Real=0.04s
[98.774s][info][gc,start       ] GC(672) Pause Young (Allocation Failure)
[98.796s][info][gc,heap        ] GC(672) PSYoungGen: 174752K(236544K)->46592K(251904K) Eden: 130048K(130048K)->0K(150528K) From: 44704K(106496K)->46592K(101376K)
[98.796s][info][gc,heap        ] GC(672) ParOldGen: 564351K(699392K)->578167K(699392K)
[98.796s][info][gc,metaspace   ] GC(672) Metaspace: 10684K(10944K)->10684K(10944K) NonClass: 9793K(9920K)->9793K(9920K) Class: 891K(1024K)->891K(1024K)
[98.796s][info][gc             ] GC(672) Pause Young (Allocation Failure) 721M->610M(929M) 21.965ms
[98.796s][info][gc,cpu         ] GC(672) User=0.19s Sys=0.00s Real=0.03s
[98.928s][info][gc,start       ] GC(673) Pause Young (Allocation Failure)
[98.951s][info][gc,heap        ] GC(673) PSYoungGen: 197120K(251904K)->64640K(247808K) Eden: 150528K(150528K)->0K(150528K) From: 46592K(101376K)->64640K(97280K)
[98.951s][info][gc,heap        ] GC(673) ParOldGen: 578167K(699392K)->578167K(699392K)
[98.951s][info][gc,metaspace   ] GC(673) Metaspace: 10684K(10944K)->10684K(10944K) NonClass: 9793K(9920K)->9793K(9920K) Class: 891K(1024K)->891K(1024K)
[98.951s][info][gc             ] GC(673) Pause Young (Allocation Failure) 757M->627M(925M) 23.433ms
[98.951s][info][gc,cpu         ] GC(673) User=0.19s Sys=0.00s Real=0.03s
[99.237s][info][gc,start       ] GC(674) Pause Young (Allocation Failure)
[99.256s][info][gc,heap        ] GC(674) PSYoungGen: 215168K(247808K)->70080K(241664K) Eden: 150528K(150528K)->0K(141312K) From: 64640K(97280K)->70080K(100352K)
[99.256s][info][gc,heap        ] GC(674) ParOldGen: 578167K(699392K)->578167K(699392K)
[99.257s][info][gc,metaspace   ] GC(674) Metaspace: 10684K(10944K)->10684K(10944K) NonClass: 9793K(9920K)->9793K(9920K) Class: 891K(1024K)->891K(1024K)
[99.257s][info][gc             ] GC(674) Pause Young (Allocation Failure) 774M->633M(919M) 19.483ms
[99.257s][info][gc,cpu         ] GC(674) User=0.09s Sys=0.00s Real=0.02s
[99.364s][info][gc,start       ] GC(675) Pause Young (Allocation Failure)
[99.380s][info][gc,heap        ] GC(675) PSYoungGen: 211392K(241664K)->64896K(206336K) Eden: 141312K(141312K)->0K(141312K) From: 70080K(100352K)->64896K(65024K)
[99.380s][info][gc,heap        ] GC(675) ParOldGen: 578167K(699392K)->578167K(699392K)
[99.380s][info][gc,metaspace   ] GC(675) Metaspace: 10684K(10944K)->10684K(10944K) NonClass: 9793K(9920K)->9793K(9920K) Class: 891K(1024K)->891K(1024K)
[99.380s][info][gc             ] GC(675) Pause Young (Allocation Failure) 771M->627M(884M) 16.523ms
[99.380s][info][gc,cpu         ] GC(675) User=0.09s Sys=0.00s Real=0.03s
[99.484s][info][gc,start       ] GC(676) Pause Young (Allocation Failure)
[99.499s][info][gc,heap        ] GC(676) PSYoungGen: 206208K(206336K)->59680K(245760K) Eden: 141312K(141312K)->0K(140800K) From: 64896K(65024K)->59680K(104960K)
[99.499s][info][gc,heap        ] GC(676) ParOldGen: 578167K(699392K)->578167K(699392K)
[99.499s][info][gc,metaspace   ] GC(676) Metaspace: 10684K(10944K)->10684K(10944K) NonClass: 9793K(9920K)->9793K(9920K) Class: 891K(1024K)->891K(1024K)
[99.499s][info][gc             ] GC(676) Pause Young (Allocation Failure) 765M->622M(923M) 15.172ms
[99.499s][info][gc,cpu         ] GC(676) User=0.09s Sys=0.00s Real=0.02s
[99.765s][info][gc,start       ] GC(677) Pause Young (System.gc())
[99.769s][info][gc,heap        ] GC(677) PSYoungGen: 110748K(245760K)->17901K(244224K) Eden: 51068K(140800K)->0K(140800K) From: 59680K(104960K)->17901K(103424K)
[99.769s][info][gc,heap        ] GC(677) ParOldGen: 578167K(699392K)->578167K(699392K)
[99.769s][info][gc,metaspace   ] GC(677) Metaspace: 10685K(10944K)->10685K(10944K) NonClass: 9794K(9920K)->9794K(9920K) Class: 891K(1024K)->891K(1024K)
[99.769s][info][gc             ] GC(677) Pause Young (System.gc()) 672M->582M(921M) 4.519ms
[99.769s][info][gc,cpu         ] GC(677) User=0.00s Sys=0.00s Real=0.01s
[99.769s][info][gc,start       ] GC(678) Pause Full (System.gc())
[99.769s][info][gc,phases,start] GC(678) Marking Phase
[99.858s][info][gc,phases      ] GC(678) Marking Phase 88.616ms
[99.858s][info][gc,phases,start] GC(678) Summary Phase
[99.858s][info][gc,phases      ] GC(678) Summary Phase 0.014ms
[99.858s][info][gc,phases,start] GC(678) Adjust Roots
[99.861s][info][gc,phases      ] GC(678) Adjust Roots 2.824ms
[99.861s][info][gc,phases,start] GC(678) Compaction Phase
[99.976s][info][gc,phases      ] GC(678) Compaction Phase 114.740ms
[99.976s][info][gc,phases,start] GC(678) Post Compact
[99.977s][info][gc,phases      ] GC(678) Post Compact 0.908ms
[99.977s][info][gc,heap        ] GC(678) PSYoungGen: 17901K(244224K)->0K(244224K) Eden: 0K(140800K)->0K(140800K) From: 17901K(103424K)->0K(103424K)
[99.977s][info][gc,heap        ] GC(678) ParOldGen: 578167K(699392K)->434466K(699392K)
[99.977s][info][gc,metaspace   ] GC(678) Metaspace: 10685K(10944K)->10685K(10944K) NonClass: 9794K(9920K)->9794K(9920K) Class: 891K(1024K)->891K(1024K)
[99.977s][info][gc             ] GC(678) Pause Full (System.gc()) 582M->424M(921M) 207.328ms
[99.977s][info][gc,cpu         ] GC(678) User=1.20s Sys=0.02s Real=0.20s
[100.028s][info][gc,start       ] GC(679) Pause Young (Allocation Failure)
[100.031s][info][gc,heap        ] GC(679) PSYoungGen: 140800K(244224K)->4512K(242688K) Eden: 140800K(140800K)->0K(139264K) From: 0K(103424K)->4512K(103424K)
[100.031s][info][gc,heap        ] GC(679) ParOldGen: 434466K(699392K)->434466K(699392K)
[100.031s][info][gc,metaspace   ] GC(679) Metaspace: 10689K(10944K)->10689K(10944K) NonClass: 9797K(9920K)->9797K(9920K) Class: 891K(1024K)->891K(1024K)
[100.031s][info][gc             ] GC(679) Pause Young (Allocation Failure) 561M->428M(920M) 2.617ms
[100.031s][info][gc,cpu         ] GC(679) User=0.00s Sys=0.00s Real=0.00s
[100.073s][info][gc,start       ] GC(680) Pause Young (Allocation Failure)
[100.077s][info][gc,heap        ] GC(680) PSYoungGen: 143776K(242688K)->7200K(244224K) Eden: 139264K(139264K)->0K(139264K) From: 4512K(103424K)->7200K(104960K)
[100.077s][info][gc,heap        ] GC(680) ParOldGen: 434466K(699392K)->434466K(699392K)
[100.077s][info][gc,metaspace   ] GC(680) Metaspace: 10689K(10944K)->10689K(10944K) NonClass: 9797K(9920K)->9797K(9920K) Class: 891K(1024K)->891K(1024K)
[100.077s][info][gc             ] GC(680) Pause Young (Allocation Failure) 564M->431M(921M) 3.435ms
[100.077s][info][gc,cpu         ] GC(680) User=0.00s Sys=0.00s Real=0.00s
[100.122s][info][gc,start       ] GC(681) Pause Young (Allocation Failure)
[100.126s][info][gc,heap        ] GC(681) PSYoungGen: 146464K(244224K)->9760K(246272K) Eden: 139264K(139264K)->0K(141312K) From: 7200K(104960K)->9760K(104960K)
[100.126s][info][gc,heap        ] GC(681) ParOldGen: 434466K(699392K)->434466K(699392K)
[100.126s][info][gc,metaspace   ] GC(681) Metaspace: 10689K(10944K)->10689K(10944K) NonClass: 9797K(9920K)->9797K(9920K) Class: 891K(1024K)->891K(1024K)
[100.126s][info][gc             ] GC(681) Pause Young (Allocation Failure) 567M->433M(923M) 4.009ms
[100.126s][info][gc,cpu         ] GC(681) User=0.00s Sys=0.00s Real=0.00s
[100.171s][info][gc,start       ] GC(682) Pause Young (Allocation Failure)
[100.175s][info][gc,heap        ] GC(682) PSYoungGen: 151072K(246272K)->12000K(244224K) Eden: 141312K(141312K)->0K(141312K) From: 9760K(104960K)->12000K(102912K)
[100.175s][info][gc,heap        ] GC(682) ParOldGen: 434466K(699392K)->434466K(699392K)
[100.175s][info][gc,metaspace   ] GC(682) Metaspace: 10689K(10944K)->10689K(10944K) NonClass: 9797K(9920K)->9797K(9920K) Class: 891K(1024K)->891K(1024K)
[100.175s][info][gc             ] GC(682) Pause Young (Allocation Failure) 571M->436M(921M) 4.449ms
[100.175s][info][gc,cpu         ] GC(682) User=0.00s Sys=0.00s Real=0.01s
[100.221s][info][gc,start       ] GC(683) Pause Young (Allocation Failure)
[100.225s][info][gc,heap        ] GC(683) PSYoungGen: 153312K(244224K)->13888K(251904K) Eden: 141312K(141312K)->0K(151552K) From: 12000K(102912K)->13888K(100352K)
[100.225s][info][gc,heap        ] GC(683) ParOldGen: 434466K(699392K)->434466K(699392K)
[100.225s][info][gc,metaspace   ] GC(683) Metaspace: 10689K(10944K)->10689K(10944K) NonClass: 9797K(9920K)->9797K(9920K) Class: 891K(1024K)->891K(1024K)
[100.225s][info][gc             ] GC(683) Pause Young (Allocation Failure) 574M->437M(929M) 4.839ms
[100.225s][info][gc,cpu         ] GC(683) User=0.00s Sys=0.00s Real=0.00s
[100.274s][info][gc,start       ] GC(684) Pause Young (Allocation Failure)
[100.280s][info][gc,heap        ] GC(684) PSYoungGen: 165440K(251904K)->16000K(248832K) Eden: 151552K(151552K)->0K(151552K) From: 13888K(100352K)->16000K(97280K)
[100.280s][info][gc,heap        ] GC(684) ParOldGen: 434466K(699392K)->434466K(699392K)
[100.280s][info][gc,metaspace   ] GC(684) Metaspace: 10689K(10944K)->10689K(10944K) NonClass: 9797K(9920K)->9797K(9920K) Class: 891K(1024K)->891K(1024K)
[100.280s][info][gc             ] GC(684) Pause Young (Allocation Failure) 585M->439M(926M) 5.620ms
[100.280s][info][gc,cpu         ] GC(684) User=0.09s Sys=0.00s Real=0.01s
[100.332s][info][gc,start       ] GC(685) Pause Young (Allocation Failure)
[100.338s][info][gc,heap        ] GC(685) PSYoungGen: 167552K(248832K)->17888K(260096K) Eden: 151552K(151552K)->0K(166912K) From: 16000K(97280K)->17888K(93184K)
[100.338s][info][gc,heap        ] GC(685) ParOldGen: 434466K(699392K)->434466K(699392K)
[100.338s][info][gc,metaspace   ] GC(685) Metaspace: 10689K(10944K)->10689K(10944K) NonClass: 9797K(9920K)->9797K(9920K) Class: 891K(1024K)->891K(1024K)
[100.338s][info][gc             ] GC(685) Pause Young (Allocation Failure) 587M->441M(937M) 6.114ms
[100.338s][info][gc,cpu         ] GC(685) User=0.08s Sys=0.00s Real=0.01s
[100.392s][info][gc,start       ] GC(686) Pause Young (Allocation Failure)
[100.399s][info][gc,heap        ] GC(686) PSYoungGen: 184800K(260096K)->19648K(256000K) Eden: 166912K(166912K)->0K(166912K) From: 17888K(93184K)->19648K(89088K)
[100.399s][info][gc,heap        ] GC(686) ParOldGen: 434466K(699392K)->434466K(699392K)
[100.399s][info][gc,metaspace   ] GC(686) Metaspace: 10689K(10944K)->10689K(10944K) NonClass: 9797K(9920K)->9797K(9920K) Class: 891K(1024K)->891K(1024K)
[100.399s][info][gc             ] GC(686) Pause Young (Allocation Failure) 604M->443M(933M) 6.493ms
[100.399s][info][gc,cpu         ] GC(686) User=0.00s Sys=0.00s Real=0.01s
[100.453s][info][gc,start       ] GC(687) Pause Young (Allocation Failure)
[100.460s][info][gc,heap        ] GC(687) PSYoungGen: 186560K(256000K)->21376K(269312K) Eden: 166912K(166912K)->0K(184832K) From: 19648K(89088K)->21376K(84480K)
[100.460s][info][gc,heap        ] GC(687) ParOldGen: 434466K(699392K)->434466K(699392K)
[100.460s][info][gc,metaspace   ] GC(687) Metaspace: 10689K(10944K)->10689K(10944K) NonClass: 9797K(9920K)->9797K(9920K) Class: 891K(1024K)->891K(1024K)
[100.460s][info][gc             ] GC(687) Pause Young (Allocation Failure) 606M->445M(946M) 6.830ms
[100.460s][info][gc,cpu         ] GC(687) User=0.00s Sys=0.00s Real=0.01s
[100.519s][info][gc,start       ] GC(688) Pause Young (Allocation Failure)
[100.526s][info][gc,heap        ] GC(688) PSYoungGen: 206208K(269312K)->23168K(264704K) Eden: 184832K(184832K)->0K(184832K) From: 21376K(84480K)->23168K(79872K)
[100.526s][info][gc,heap        ] GC(688) ParOldGen: 434466K(699392K)->434466K(699392K)
[100.526s][info][gc,metaspace   ] GC(688) Metaspace: 10689K(10944K)->10689K(10944K) NonClass: 9797K(9920K)->9797K(9920K) Class: 891K(1024K)->891K(1024K)
[100.526s][info][gc             ] GC(688) Pause Young (Allocation Failure) 625M->446M(941M) 7.190ms
[100.526s][info][gc,cpu         ] GC(688) User=0.09s Sys=0.00s Real=0.01s
[100.585s][info][gc,start       ] GC(689) Pause Young (Allocation Failure)
[100.593s][info][gc,heap        ] GC(689) PSYoungGen: 208000K(264704K)->25312K(278528K) Eden: 184832K(184832K)->0K(203264K) From: 23168K(79872K)->25312K(75264K)
[100.593s][info][gc,heap        ] GC(689) ParOldGen: 434466K(699392K)->434466K(699392K)
[100.593s][info][gc,metaspace   ] GC(689) Metaspace: 10689K(10944K)->10689K(10944K) NonClass: 9797K(9920K)->9797K(9920K) Class: 891K(1024K)->891K(1024K)
[100.593s][info][gc             ] GC(689) Pause Young (Allocation Failure) 627M->449M(955M) 8.120ms
[100.593s][info][gc,cpu         ] GC(689) User=0.09s Sys=0.00s Real=0.01s
[100.662s][info][gc,start       ] GC(690) Pause Young (Allocation Failure)
[100.670s][info][gc,heap        ] GC(690) PSYoungGen: 228576K(278528K)->27040K(273920K) Eden: 203264K(203264K)->0K(203264K) From: 25312K(75264K)->27040K(70656K)
[100.670s][info][gc,heap        ] GC(690) ParOldGen: 434466K(699392K)->434466K(699392K)
[100.670s][info][gc,metaspace   ] GC(690) Metaspace: 10689K(10944K)->10689K(10944K) NonClass: 9797K(9920K)->9797K(9920K) Class: 891K(1024K)->891K(1024K)
[100.670s][info][gc             ] GC(690) Pause Young (Allocation Failure) 647M->450M(950M) 8.719ms
[100.670s][info][gc,cpu         ] GC(690) User=0.09s Sys=0.00s Real=0.01s
[100.748s][info][gc,start       ] GC(691) Pause Young (Allocation Failure)
[100.757s][info][gc,heap        ] GC(691) PSYoungGen: 230304K(273920K)->29056K(285696K) Eden: 203264K(203264K)->0K(219136K) From: 27040K(70656K)->29056K(66560K)
[100.757s][info][gc,heap        ] GC(691) ParOldGen: 434466K(699392K)->434466K(699392K)
[100.757s][info][gc,metaspace   ] GC(691) Metaspace: 10689K(10944K)->10689K(10944K) NonClass: 9797K(9920K)->9797K(9920K) Class: 891K(1024K)->891K(1024K)
[100.757s][info][gc             ] GC(691) Pause Young (Allocation Failure) 649M->452M(962M) 9.176ms
[100.757s][info][gc,cpu         ] GC(691) User=0.00s Sys=0.00s Real=0.01s
[100.831s][info][gc,start       ] GC(692) Pause Young (Allocation Failure)
[100.840s][info][gc,heap        ] GC(692) PSYoungGen: 248192K(285696K)->30880K(282624K) Eden: 219136K(219136K)->0K(219136K) From: 29056K(66560K)->30880K(63488K)
[100.840s][info][gc,heap        ] GC(692) ParOldGen: 434466K(699392K)->434466K(699392K)
[100.841s][info][gc,metaspace   ] GC(692) Metaspace: 10689K(10944K)->10689K(10944K) NonClass: 9797K(9920K)->9797K(9920K) Class: 891K(1024K)->891K(1024K)
[100.841s][info][gc             ] GC(692) Pause Young (Allocation Failure) 666M->454M(959M) 10.010ms
[100.841s][info][gc,cpu         ] GC(692) User=0.08s Sys=0.00s Real=0.01s
[100.913s][info][gc,start       ] GC(693) Pause Young (Allocation Failure)
[100.923s][info][gc,heap        ] GC(693) PSYoungGen: 250016K(282624K)->32800K(289280K) Eden: 219136K(219136K)->0K(227840K) From: 30880K(63488K)->32800K(61440K)
[100.923s][info][gc,heap        ] GC(693) ParOldGen: 434466K(699392K)->434466K(699392K)
[100.923s][info][gc,metaspace   ] GC(693) Metaspace: 10689K(10944K)->10689K(10944K) NonClass: 9797K(9920K)->9797K(9920K) Class: 891K(1024K)->891K(1024K)
[100.923s][info][gc             ] GC(693) Pause Young (Allocation Failure) 668M->456M(965M) 10.112ms
[100.923s][info][gc,cpu         ] GC(693) User=0.09s Sys=0.00s Real=0.01s
[101.001s][info][gc,start       ] GC(694) Pause Young (Allocation Failure)
[101.012s][info][gc,heap        ] GC(694) PSYoungGen: 260640K(289280K)->33312K(287744K) Eden: 227840K(227840K)->0K(227840K) From: 32800K(61440K)->33312K(59904K)
[101.012s][info][gc,heap        ] GC(694) ParOldGen: 434466K(699392K)->436050K(699392K)
[101.012s][info][gc,metaspace   ] GC(694) Metaspace: 10689K(10944K)->10689K(10944K) NonClass: 9797K(9920K)->9797K(9920K) Class: 891K(1024K)->891K(1024K)
[101.012s][info][gc             ] GC(694) Pause Young (Allocation Failure) 678M->458M(964M) 10.839ms
[101.012s][info][gc,cpu         ] GC(694) User=0.09s Sys=0.00s Real=0.01s
[101.093s][info][gc,start       ] GC(695) Pause Young (Allocation Failure)
[101.104s][info][gc,heap        ] GC(695) PSYoungGen: 261152K(287744K)->34144K(291328K) Eden: 227840K(227840K)->0K(232448K) From: 33312K(59904K)->34144K(58880K)
[101.104s][info][gc,heap        ] GC(695) ParOldGen: 436050K(699392K)->437242K(699392K)
[101.104s][info][gc,metaspace   ] GC(695) Metaspace: 10689K(10944K)->10689K(10944K) NonClass: 9797K(9920K)->9797K(9920K) Class: 891K(1024K)->891K(1024K)
[101.104s][info][gc             ] GC(695) Pause Young (Allocation Failure) 680M->460M(967M) 11.157ms
[101.104s][info][gc,cpu         ] GC(695) User=0.09s Sys=0.00s Real=0.01s
[101.181s][info][gc,start       ] GC(696) Pause Young (Allocation Failure)
[101.192s][info][gc,heap        ] GC(696) PSYoungGen: 266592K(291328K)->34816K(290304K) Eden: 232448K(232448K)->0K(232448K) From: 34144K(58880K)->34816K(57856K)
[101.192s][info][gc,heap        ] GC(696) ParOldGen: 437242K(699392K)->438538K(699392K)
[101.192s][info][gc,metaspace   ] GC(696) Metaspace: 10689K(10944K)->10689K(10944K) NonClass: 9797K(9920K)->9797K(9920K) Class: 891K(1024K)->891K(1024K)
[101.192s][info][gc             ] GC(696) Pause Young (Allocation Failure) 687M->462M(966M) 11.152ms
[101.192s][info][gc,cpu         ] GC(696) User=0.09s Sys=0.00s Real=0.01s
[101.269s][info][gc,start       ] GC(697) Pause Young (Allocation Failure)
[101.280s][info][gc,heap        ] GC(697) PSYoungGen: 267264K(290304K)->35744K(292352K) Eden: 232448K(232448K)->0K(235008K) From: 34816K(57856K)->35744K(57344K)
[101.280s][info][gc,heap        ] GC(697) ParOldGen: 438538K(699392K)->439690K(699392K)
[101.280s][info][gc,metaspace   ] GC(697) Metaspace: 10689K(10944K)->10689K(10944K) NonClass: 9797K(9920K)->9797K(9920K) Class: 891K(1024K)->891K(1024K)
[101.280s][info][gc             ] GC(697) Pause Young (Allocation Failure) 689M->464M(968M) 11.366ms
[101.280s][info][gc,cpu         ] GC(697) User=0.09s Sys=0.00s Real=0.01s
[101.361s][info][gc,start       ] GC(698) Pause Young (Allocation Failure)
[101.373s][info][gc,heap        ] GC(698) PSYoungGen: 270752K(292352K)->36512K(291840K) Eden: 235008K(235008K)->0K(235008K) From: 35744K(57344K)->36512K(56832K)
[101.373s][info][gc,heap        ] GC(698) ParOldGen: 439690K(699392K)->440890K(699392K)
[101.373s][info][gc,metaspace   ] GC(698) Metaspace: 10689K(10944K)->10689K(10944K) NonClass: 9797K(9920K)->9797K(9920K) Class: 891K(1024K)->891K(1024K)
[101.373s][info][gc             ] GC(698) Pause Young (Allocation Failure) 693M->466M(968M) 11.636ms
[101.373s][info][gc,cpu         ] GC(698) User=0.09s Sys=0.00s Real=0.01s
[101.451s][info][gc,start       ] GC(699) Pause Young (Allocation Failure)
[101.463s][info][gc,heap        ] GC(699) PSYoungGen: 271520K(291840K)->37280K(292864K) Eden: 235008K(235008K)->0K(236544K) From: 36512K(56832K)->37280K(56320K)
[101.463s][info][gc,heap        ] GC(699) ParOldGen: 440890K(699392K)->442154K(699392K)
[101.463s][info][gc,metaspace   ] GC(699) Metaspace: 10689K(10944K)->10689K(10944K) NonClass: 9797K(9920K)->9797K(9920K) Class: 891K(1024K)->891K(1024K)
[101.463s][info][gc             ] GC(699) Pause Young (Allocation Failure) 695M->468M(969M) 11.637ms
[101.463s][info][gc,cpu         ] GC(699) User=0.09s Sys=0.00s Real=0.01s
[101.541s][info][gc,start       ] GC(700) Pause Young (Allocation Failure)
[101.553s][info][gc,heap        ] GC(700) PSYoungGen: 273824K(292864K)->38016K(292864K) Eden: 236544K(236544K)->0K(236544K) From: 37280K(56320K)->38016K(56320K)
[101.553s][info][gc,heap        ] GC(700) ParOldGen: 442154K(699392K)->443442K(699392K)
[101.553s][info][gc,metaspace   ] GC(700) Metaspace: 10689K(10944K)->10689K(10944K) NonClass: 9797K(9920K)->9797K(9920K) Class: 891K(1024K)->891K(1024K)
[101.553s][info][gc             ] GC(700) Pause Young (Allocation Failure) 699M->470M(969M) 11.931ms
[101.553s][info][gc,cpu         ] GC(700) User=0.00s Sys=0.00s Real=0.01s
[101.629s][info][gc,start       ] GC(701) Pause Young (Allocation Failure)
[101.642s][info][gc,heap        ] GC(701) PSYoungGen: 274560K(292864K)->38528K(292864K) Eden: 236544K(236544K)->0K(236544K) From: 38016K(56320K)->38528K(56320K)
[101.642s][info][gc,heap        ] GC(701) ParOldGen: 443442K(699392K)->444810K(699392K)
[101.642s][info][gc,metaspace   ] GC(701) Metaspace: 10689K(10944K)->10689K(10944K) NonClass: 9797K(9920K)->9797K(9920K) Class: 891K(1024K)->891K(1024K)
[101.642s][info][gc             ] GC(701) Pause Young (Allocation Failure) 701M->472M(969M) 12.151ms
[101.642s][info][gc,cpu         ] GC(701) User=0.09s Sys=0.00s Real=0.01s
[101.723s][info][gc,start       ] GC(702) Pause Young (Allocation Failure)
[101.735s][info][gc,heap        ] GC(702) PSYoungGen: 275072K(292864K)->39104K(292864K) Eden: 236544K(236544K)->0K(236544K) From: 38528K(56320K)->39104K(56320K)
[101.735s][info][gc,heap        ] GC(702) ParOldGen: 444810K(699392K)->446162K(699392K)
[101.735s][info][gc,metaspace   ] GC(702) Metaspace: 10689K(10944K)->10689K(10944K) NonClass: 9797K(9920K)->9797K(9920K) Class: 891K(1024K)->891K(1024K)
[101.735s][info][gc             ] GC(702) Pause Young (Allocation Failure) 703M->473M(969M) 12.347ms
[101.735s][info][gc,cpu         ] GC(702) User=0.09s Sys=0.00s Real=0.01s
[101.812s][info][gc,start       ] GC(703) Pause Young (Allocation Failure)
[101.825s][info][gc,heap        ] GC(703) PSYoungGen: 275648K(292864K)->39872K(292864K) Eden: 236544K(236544K)->0K(236544K) From: 39104K(56320K)->39872K(56320K)
[101.825s][info][gc,heap        ] GC(703) ParOldGen: 446162K(699392K)->447506K(699392K)
[101.825s][info][gc,metaspace   ] GC(703) Metaspace: 10689K(10944K)->10689K(10944K) NonClass: 9797K(9920K)->9797K(9920K) Class: 891K(1024K)->891K(1024K)
[101.825s][info][gc             ] GC(703) Pause Young (Allocation Failure) 704M->475M(969M) 12.666ms
[101.825s][info][gc,cpu         ] GC(703) User=0.09s Sys=0.00s Real=0.01s
[101.906s][info][gc,start       ] GC(704) Pause Young (Allocation Failure)
[101.919s][info][gc,heap        ] GC(704) PSYoungGen: 276416K(292864K)->40384K(292864K) Eden: 236544K(236544K)->0K(236544K) From: 39872K(56320K)->40384K(56320K)
[101.919s][info][gc,heap        ] GC(704) ParOldGen: 447506K(699392K)->449010K(699392K)
[101.919s][info][gc,metaspace   ] GC(704) Metaspace: 10689K(10944K)->10689K(10944K) NonClass: 9797K(9920K)->9797K(9920K) Class: 891K(1024K)->891K(1024K)
[101.919s][info][gc             ] GC(704) Pause Young (Allocation Failure) 706M->477M(969M) 12.798ms
[101.919s][info][gc,cpu         ] GC(704) User=0.09s Sys=0.00s Real=0.01s
[101.998s][info][gc,start       ] GC(705) Pause Young (Allocation Failure)
[102.011s][info][gc,heap        ] GC(705) PSYoungGen: 276928K(292864K)->40576K(292864K) Eden: 236544K(236544K)->0K(236544K) From: 40384K(56320K)->40576K(56320K)
[102.011s][info][gc,heap        ] GC(705) ParOldGen: 449010K(699392K)->450594K(699392K)
[102.011s][info][gc,metaspace   ] GC(705) Metaspace: 10689K(10944K)->10689K(10944K) NonClass: 9797K(9920K)->9797K(9920K) Class: 891K(1024K)->891K(1024K)
[102.011s][info][gc             ] GC(705) Pause Young (Allocation Failure) 708M->479M(969M) 13.361ms
[102.011s][info][gc,cpu         ] GC(705) User=0.09s Sys=0.00s Real=0.01s
[102.090s][info][gc,start       ] GC(706) Pause Young (Allocation Failure)
[102.103s][info][gc,heap        ] GC(706) PSYoungGen: 277120K(292864K)->40832K(292864K) Eden: 236544K(236544K)->0K(236544K) From: 40576K(56320K)->40832K(56320K)
[102.103s][info][gc,heap        ] GC(706) ParOldGen: 450594K(699392K)->452298K(699392K)
[102.103s][info][gc,metaspace   ] GC(706) Metaspace: 10689K(10944K)->10689K(10944K) NonClass: 9797K(9920K)->9797K(9920K) Class: 891K(1024K)->891K(1024K)
[102.103s][info][gc             ] GC(706) Pause Young (Allocation Failure) 710M->481M(969M) 12.801ms
[102.103s][info][gc,cpu         ] GC(706) User=0.09s Sys=0.00s Real=0.01s
[102.182s][info][gc,start       ] GC(707) Pause Young (Allocation Failure)
[102.195s][info][gc,heap        ] GC(707) PSYoungGen: 277376K(292864K)->40928K(292864K) Eden: 236544K(236544K)->0K(236544K) From: 40832K(56320K)->40928K(56320K)
[102.195s][info][gc,heap        ] GC(707) ParOldGen: 452298K(699392K)->454050K(699392K)
[102.195s][info][gc,metaspace   ] GC(707) Metaspace: 10689K(10944K)->10689K(10944K) NonClass: 9797K(9920K)->9797K(9920K) Class: 891K(1024K)->891K(1024K)
[102.195s][info][gc             ] GC(707) Pause Young (Allocation Failure) 712M->483M(969M) 12.924ms
[102.195s][info][gc,cpu         ] GC(707) User=0.00s Sys=0.00s Real=0.01s
[102.273s][info][gc,start       ] GC(708) Pause Young (Allocation Failure)
[102.285s][info][gc,heap        ] GC(708) PSYoungGen: 277472K(292864K)->41088K(292864K) Eden: 236544K(236544K)->0K(236544K) From: 40928K(56320K)->41088K(56320K)
[102.285s][info][gc,heap        ] GC(708) ParOldGen: 454050K(699392K)->455818K(699392K)
[102.285s][info][gc,metaspace   ] GC(708) Metaspace: 10689K(10944K)->10689K(10944K) NonClass: 9797K(9920K)->9797K(9920K) Class: 891K(1024K)->891K(1024K)
[102.285s][info][gc             ] GC(708) Pause Young (Allocation Failure) 714M->485M(969M) 12.738ms
[102.285s][info][gc,cpu         ] GC(708) User=0.09s Sys=0.00s Real=0.01s
[102.363s][info][gc,start       ] GC(709) Pause Young (Allocation Failure)
[102.376s][info][gc,heap        ] GC(709) PSYoungGen: 277632K(292864K)->41088K(293376K) Eden: 236544K(236544K)->0K(237056K) From: 41088K(56320K)->41088K(56320K)
[102.376s][info][gc,heap        ] GC(709) ParOldGen: 455818K(699392K)->457738K(699392K)
[102.376s][info][gc,metaspace   ] GC(709) Metaspace: 10689K(10944K)->10689K(10944K) NonClass: 9797K(9920K)->9797K(9920K) Class: 891K(1024K)->891K(1024K)
[102.376s][info][gc             ] GC(709) Pause Young (Allocation Failure) 716M->487M(969M) 13.067ms
[102.376s][info][gc,cpu         ] GC(709) User=0.09s Sys=0.00s Real=0.01s
[102.459s][info][gc,start       ] GC(710) Pause Young (Allocation Failure)
[102.472s][info][gc,heap        ] GC(710) PSYoungGen: 278144K(293376K)->41088K(292864K) Eden: 237056K(237056K)->0K(237056K) From: 41088K(56320K)->41088K(55808K)
[102.473s][info][gc,heap        ] GC(710) ParOldGen: 457738K(699392K)->459586K(699392K)
[102.473s][info][gc,metaspace   ] GC(710) Metaspace: 10689K(10944K)->10689K(10944K) NonClass: 9797K(9920K)->9797K(9920K) Class: 891K(1024K)->891K(1024K)
[102.473s][info][gc             ] GC(710) Pause Young (Allocation Failure) 718M->488M(969M) 13.056ms
[102.473s][info][gc,cpu         ] GC(710) User=0.09s Sys=0.00s Real=0.01s
[102.552s][info][gc,start       ] GC(711) Pause Young (Allocation Failure)
[102.565s][info][gc,heap        ] GC(711) PSYoungGen: 278144K(292864K)->41280K(294400K) Eden: 237056K(237056K)->0K(239104K) From: 41088K(55808K)->41280K(55296K)
[102.565s][info][gc,heap        ] GC(711) ParOldGen: 459586K(699392K)->461466K(699392K)
[102.565s][info][gc,metaspace   ] GC(711) Metaspace: 10689K(10944K)->10689K(10944K) NonClass: 9797K(9920K)->9797K(9920K) Class: 891K(1024K)->891K(1024K)
[102.565s][info][gc             ] GC(711) Pause Young (Allocation Failure) 720M->490M(970M) 13.224ms
[102.565s][info][gc,cpu         ] GC(711) User=0.09s Sys=0.00s Real=0.01s
[102.644s][info][gc,start       ] GC(712) Pause Young (Allocation Failure)
[102.657s][info][gc,heap        ] GC(712) PSYoungGen: 280384K(294400K)->41184K(293888K) Eden: 239104K(239104K)->0K(239104K) From: 41280K(55296K)->41184K(54784K)
[102.660s][info][gc,heap        ] GC(712) ParOldGen: 461466K(699392K)->463346K(699392K)
[102.660s][info][gc,metaspace   ] GC(712) Metaspace: 10689K(10944K)->10689K(10944K) NonClass: 9797K(9920K)->9797K(9920K) Class: 891K(1024K)->891K(1024K)
[102.660s][info][gc             ] GC(712) Pause Young (Allocation Failure) 724M->492M(970M) 15.391ms
[102.660s][info][gc,cpu         ] GC(712) User=0.09s Sys=0.00s Real=0.01s
[102.740s][info][gc,start       ] GC(713) Pause Young (Allocation Failure)
[102.754s][info][gc,heap        ] GC(713) PSYoungGen: 280288K(293888K)->41408K(294912K) Eden: 239104K(239104K)->0K(240640K) From: 41184K(54784K)->41408K(54272K)
[102.754s][info][gc,heap        ] GC(713) ParOldGen: 463346K(699392K)->465314K(699392K)
[102.754s][info][gc,metaspace   ] GC(713) Metaspace: 10689K(10944K)->10689K(10944K) NonClass: 9797K(9920K)->9797K(9920K) Class: 891K(1024K)->891K(1024K)
[102.754s][info][gc             ] GC(713) Pause Young (Allocation Failure) 726M->494M(971M) 13.489ms
[102.754s][info][gc,cpu         ] GC(713) User=0.09s Sys=0.00s Real=0.01s
[102.832s][info][gc,start       ] GC(714) Pause Young (Allocation Failure)
[102.845s][info][gc,heap        ] GC(714) PSYoungGen: 282048K(294912K)->41280K(294912K) Eden: 240640K(240640K)->0K(240640K) From: 41408K(54272K)->41280K(54272K)
[102.845s][info][gc,heap        ] GC(714) ParOldGen: 465314K(699392K)->467178K(699392K)
[102.845s][info][gc,metaspace   ] GC(714) Metaspace: 10689K(10944K)->10689K(10944K) NonClass: 9797K(9920K)->9797K(9920K) Class: 891K(1024K)->891K(1024K)
[102.845s][info][gc             ] GC(714) Pause Young (Allocation Failure) 729M->496M(971M) 13.183ms
[102.845s][info][gc,cpu         ] GC(714) User=0.09s Sys=0.00s Real=0.01s
[102.925s][info][gc,start       ] GC(715) Pause Young (Allocation Failure)
[102.938s][info][gc,heap        ] GC(715) PSYoungGen: 281920K(294912K)->41280K(296448K) Eden: 240640K(240640K)->0K(242688K) From: 41280K(54272K)->41280K(53760K)
[102.938s][info][gc,heap        ] GC(715) ParOldGen: 467178K(699392K)->469122K(699392K)
[102.938s][info][gc,metaspace   ] GC(715) Metaspace: 10689K(10944K)->10689K(10944K) NonClass: 9797K(9920K)->9797K(9920K) Class: 891K(1024K)->891K(1024K)
[102.938s][info][gc             ] GC(715) Pause Young (Allocation Failure) 731M->498M(972M) 13.007ms
[102.938s][info][gc,cpu         ] GC(715) User=0.09s Sys=0.00s Real=0.01s
[103.018s][info][gc,start       ] GC(716) Pause Young (Allocation Failure)
[103.031s][info][gc,heap        ] GC(716) PSYoungGen: 283968K(296448K)->41408K(295424K) Eden: 242688K(242688K)->0K(242688K) From: 41280K(53760K)->41408K(52736K)
[103.031s][info][gc,heap        ] GC(716) ParOldGen: 469122K(699392K)->470994K(699392K)
[103.031s][info][gc,metaspace   ] GC(716) Metaspace: 10689K(10944K)->10689K(10944K) NonClass: 9797K(9920K)->9797K(9920K) Class: 891K(1024K)->891K(1024K)
[103.031s][info][gc             ] GC(716) Pause Young (Allocation Failure) 735M->500M(971M) 13.107ms
[103.031s][info][gc,cpu         ] GC(716) User=0.09s Sys=0.00s Real=0.01s
[103.112s][info][gc,start       ] GC(717) Pause Young (Allocation Failure)
[103.125s][info][gc,heap        ] GC(717) PSYoungGen: 284096K(295424K)->41472K(297472K) Eden: 242688K(242688K)->0K(245248K) From: 41408K(52736K)->41472K(52224K)
[103.125s][info][gc,heap        ] GC(717) ParOldGen: 470994K(699392K)->472938K(699392K)
[103.125s][info][gc,metaspace   ] GC(717) Metaspace: 10689K(10944K)->10689K(10944K) NonClass: 9797K(9920K)->9797K(9920K) Class: 891K(1024K)->891K(1024K)
[103.125s][info][gc             ] GC(717) Pause Young (Allocation Failure) 737M->502M(973M) 13.042ms
[103.125s][info][gc,cpu         ] GC(717) User=0.08s Sys=0.00s Real=0.01s
[103.207s][info][gc,start       ] GC(718) Pause Young (Allocation Failure)
[103.220s][info][gc,heap        ] GC(718) PSYoungGen: 286720K(297472K)->41568K(296960K) Eden: 245248K(245248K)->0K(245248K) From: 41472K(52224K)->41568K(51712K)
[103.220s][info][gc,heap        ] GC(718) ParOldGen: 472938K(699392K)->474834K(699392K)
[103.220s][info][gc,metaspace   ] GC(718) Metaspace: 10689K(10944K)->10689K(10944K) NonClass: 9797K(9920K)->9797K(9920K) Class: 891K(1024K)->891K(1024K)
[103.220s][info][gc             ] GC(718) Pause Young (Allocation Failure) 741M->504M(973M) 13.254ms
[103.220s][info][gc,cpu         ] GC(718) User=0.09s Sys=0.00s Real=0.01s
[103.303s][info][gc,start       ] GC(719) Pause Young (Allocation Failure)
[103.316s][info][gc,heap        ] GC(719) PSYoungGen: 286816K(296960K)->41504K(297984K) Eden: 245248K(245248K)->0K(246272K) From: 41568K(51712K)->41504K(51712K)
[103.316s][info][gc,heap        ] GC(719) ParOldGen: 474834K(699392K)->476810K(699392K)
[103.316s][info][gc,metaspace   ] GC(719) Metaspace: 10689K(10944K)->10689K(10944K) NonClass: 9797K(9920K)->9797K(9920K) Class: 891K(1024K)->891K(1024K)
[103.316s][info][gc             ] GC(719) Pause Young (Allocation Failure) 743M->506M(974M) 13.448ms
[103.316s][info][gc,cpu         ] GC(719) User=0.09s Sys=0.00s Real=0.01s
[103.398s][info][gc,start       ] GC(720) Pause Young (Allocation Failure)
[103.411s][info][gc,heap        ] GC(720) PSYoungGen: 287776K(297984K)->41568K(297472K) Eden: 246272K(246272K)->0K(246272K) From: 41504K(51712K)->41568K(51200K)
[103.412s][info][gc,heap        ] GC(720) ParOldGen: 476810K(699392K)->478674K(699392K)
[103.412s][info][gc,metaspace   ] GC(720) Metaspace: 10689K(10944K)->10689K(10944K) NonClass: 9797K(9920K)->9797K(9920K) Class: 891K(1024K)->891K(1024K)
[103.412s][info][gc             ] GC(720) Pause Young (Allocation Failure) 746M->508M(973M) 13.665ms
[103.412s][info][gc,cpu         ] GC(720) User=0.09s Sys=0.00s Real=0.01s
[103.494s][info][gc,start       ] GC(721) Pause Young (Allocation Failure)
[103.507s][info][gc,heap        ] GC(721) PSYoungGen: 287840K(297472K)->41632K(299008K) Eden: 246272K(246272K)->0K(248320K) From: 41568K(51200K)->41632K(50688K)
[103.507s][info][gc,heap        ] GC(721) ParOldGen: 478674K(699392K)->480570K(699392K)
[103.507s][info][gc,metaspace   ] GC(721) Metaspace: 10689K(10944K)->10689K(10944K) NonClass: 9797K(9920K)->9797K(9920K) Class: 891K(1024K)->891K(1024K)
[103.508s][info][gc             ] GC(721) Pause Young (Allocation Failure) 748M->509M(975M) 13.289ms
[103.508s][info][gc,cpu         ] GC(721) User=0.00s Sys=0.00s Real=0.01s
[103.589s][info][gc,start       ] GC(722) Pause Young (Allocation Failure)
[103.602s][info][gc,heap        ] GC(722) PSYoungGen: 289952K(299008K)->41824K(298496K) Eden: 248320K(248320K)->0K(248320K) From: 41632K(50688K)->41824K(50176K)
[103.603s][info][gc,heap        ] GC(722) ParOldGen: 480570K(699392K)->482426K(699392K)
[103.603s][info][gc,metaspace   ] GC(722) Metaspace: 10689K(10944K)->10689K(10944K) NonClass: 9797K(9920K)->9797K(9920K) Class: 891K(1024K)->891K(1024K)
[103.603s][info][gc             ] GC(722) Pause Young (Allocation Failure) 752M->511M(974M) 13.376ms
[103.603s][info][gc,cpu         ] GC(722) User=0.00s Sys=0.00s Real=0.01s
[103.685s][info][gc,start       ] GC(723) Pause Young (Allocation Failure)
[103.698s][info][gc,heap        ] GC(723) PSYoungGen: 290144K(298496K)->42048K(300032K) Eden: 248320K(248320K)->0K(250368K) From: 41824K(50176K)->42048K(49664K)
[103.698s][info][gc,heap        ] GC(723) ParOldGen: 482426K(699392K)->484306K(699392K)
[103.698s][info][gc,metaspace   ] GC(723) Metaspace: 10689K(10944K)->10689K(10944K) NonClass: 9797K(9920K)->9797K(9920K) Class: 891K(1024K)->891K(1024K)
[103.698s][info][gc             ] GC(723) Pause Young (Allocation Failure) 754M->514M(976M) 13.417ms
[103.698s][info][gc,cpu         ] GC(723) User=0.09s Sys=0.00s Real=0.01s
[103.782s][info][gc,start       ] GC(724) Pause Young (Allocation Failure)
[103.795s][info][gc,heap        ] GC(724) PSYoungGen: 292416K(300032K)->42240K(299520K) Eden: 250368K(250368K)->0K(250368K) From: 42048K(49664K)->42240K(49152K)
[103.795s][info][gc,heap        ] GC(724) ParOldGen: 484306K(699392K)->486122K(699392K)
[103.795s][info][gc,metaspace   ] GC(724) Metaspace: 10689K(10944K)->10689K(10944K) NonClass: 9797K(9920K)->9797K(9920K) Class: 891K(1024K)->891K(1024K)
[103.795s][info][gc             ] GC(724) Pause Young (Allocation Failure) 758M->515M(975M) 13.526ms
[103.795s][info][gc,cpu         ] GC(724) User=0.09s Sys=0.00s Real=0.01s
[103.877s][info][gc,start       ] GC(725) Pause Young (Allocation Failure)
[103.890s][info][gc,heap        ] GC(725) PSYoungGen: 292608K(299520K)->41888K(300544K) Eden: 250368K(250368K)->0K(251392K) From: 42240K(49152K)->41888K(49152K)
[103.890s][info][gc,heap        ] GC(725) ParOldGen: 486122K(699392K)->488066K(699392K)
[103.890s][info][gc,metaspace   ] GC(725) Metaspace: 10689K(10944K)->10689K(10944K) NonClass: 9797K(9920K)->9797K(9920K) Class: 891K(1024K)->891K(1024K)
[103.890s][info][gc             ] GC(725) Pause Young (Allocation Failure) 760M->517M(976M) 13.086ms
[103.890s][info][gc,cpu         ] GC(725) User=0.09s Sys=0.00s Real=0.01s
[103.973s][info][gc,start       ] GC(726) Pause Young (Allocation Failure)
[103.986s][info][gc,heap        ] GC(726) PSYoungGen: 293280K(300544K)->42176K(300032K) Eden: 251392K(251392K)->0K(251392K) From: 41888K(49152K)->42176K(48640K)
[103.986s][info][gc,heap        ] GC(726) ParOldGen: 488066K(699392K)->490010K(699392K)
[103.986s][info][gc,metaspace   ] GC(726) Metaspace: 10689K(10944K)->10689K(10944K) NonClass: 9797K(9920K)->9797K(9920K) Class: 891K(1024K)->891K(1024K)
[103.987s][info][gc             ] GC(726) Pause Young (Allocation Failure) 763M->519M(976M) 13.463ms
[103.987s][info][gc,cpu         ] GC(726) User=0.09s Sys=0.00s Real=0.01s
[104.068s][info][gc,start       ] GC(727) Pause Young (Allocation Failure)
[104.081s][info][gc,heap        ] GC(727) PSYoungGen: 293568K(300032K)->42048K(301056K) Eden: 251392K(251392K)->0K(252416K) From: 42176K(48640K)->42048K(48640K)
[104.082s][info][gc,heap        ] GC(727) ParOldGen: 490010K(699392K)->491962K(699392K)
[104.082s][info][gc,metaspace   ] GC(727) Metaspace: 10689K(10944K)->10689K(10944K) NonClass: 9797K(9920K)->9797K(9920K) Class: 891K(1024K)->891K(1024K)
[104.082s][info][gc             ] GC(727) Pause Young (Allocation Failure) 765M->521M(977M) 13.515ms
[104.082s][info][gc,cpu         ] GC(727) User=0.09s Sys=0.00s Real=0.01s
[104.164s][info][gc,start       ] GC(728) Pause Young (Allocation Failure)
[104.178s][info][gc,heap        ] GC(728) PSYoungGen: 294464K(301056K)->42080K(300544K) Eden: 252416K(252416K)->0K(252416K) From: 42048K(48640K)->42080K(48128K)
[104.178s][info][gc,heap        ] GC(728) ParOldGen: 491962K(699392K)->493922K(699392K)
[104.178s][info][gc,metaspace   ] GC(728) Metaspace: 10689K(10944K)->10689K(10944K) NonClass: 9797K(9920K)->9797K(9920K) Class: 891K(1024K)->891K(1024K)
[104.178s][info][gc             ] GC(728) Pause Young (Allocation Failure) 767M->523M(976M) 14.016ms
[104.178s][info][gc,cpu         ] GC(728) User=0.09s Sys=0.00s Real=0.01s
[104.263s][info][gc,start       ] GC(729) Pause Young (Allocation Failure)
[104.276s][info][gc,heap        ] GC(729) PSYoungGen: 294496K(300544K)->42208K(301568K) Eden: 252416K(252416K)->0K(253952K) From: 42080K(48128K)->42208K(47616K)
[104.276s][info][gc,heap        ] GC(729) ParOldGen: 493922K(699392K)->495842K(699392K)
[104.276s][info][gc,metaspace   ] GC(729) Metaspace: 10689K(10944K)->10689K(10944K) NonClass: 9797K(9920K)->9797K(9920K) Class: 891K(1024K)->891K(1024K)
[104.276s][info][gc             ] GC(729) Pause Young (Allocation Failure) 769M->525M(977M) 13.503ms
[104.276s][info][gc,cpu         ] GC(729) User=0.09s Sys=0.00s Real=0.01s
[104.359s][info][gc,start       ] GC(730) Pause Young (Allocation Failure)
[104.373s][info][gc,heap        ] GC(730) PSYoungGen: 296160K(301568K)->42368K(301568K) Eden: 253952K(253952K)->0K(253952K) From: 42208K(47616K)->42368K(47616K)
[104.373s][info][gc,heap        ] GC(730) ParOldGen: 495842K(699392K)->497794K(699392K)
[104.373s][info][gc,metaspace   ] GC(730) Metaspace: 10689K(10944K)->10689K(10944K) NonClass: 9797K(9920K)->9797K(9920K) Class: 891K(1024K)->891K(1024K)
[104.373s][info][gc             ] GC(730) Pause Young (Allocation Failure) 773M->527M(977M) 13.532ms
[104.373s][info][gc,cpu         ] GC(730) User=0.09s Sys=0.00s Real=0.01s
[104.458s][info][gc,start       ] GC(731) Pause Young (Allocation Failure)
[104.471s][info][gc,heap        ] GC(731) PSYoungGen: 296320K(301568K)->42304K(302080K) Eden: 253952K(253952K)->0K(254464K) From: 42368K(47616K)->42304K(47616K)
[104.471s][info][gc,heap        ] GC(731) ParOldGen: 497794K(699392K)->499722K(699392K)
[104.471s][info][gc,metaspace   ] GC(731) Metaspace: 10689K(10944K)->10689K(10944K) NonClass: 9797K(9920K)->9797K(9920K) Class: 891K(1024K)->891K(1024K)
[104.471s][info][gc             ] GC(731) Pause Young (Allocation Failure) 775M->529M(978M) 13.475ms
[104.471s][info][gc,cpu         ] GC(731) User=0.09s Sys=0.00s Real=0.01s
[104.555s][info][gc,start       ] GC(732) Pause Young (Allocation Failure)
[104.569s][info][gc,heap        ] GC(732) PSYoungGen: 296768K(302080K)->42624K(301568K) Eden: 254464K(254464K)->0K(254464K) From: 42304K(47616K)->42624K(47104K)
[104.569s][info][gc,heap        ] GC(732) ParOldGen: 499722K(699392K)->501602K(699392K)
[104.569s][info][gc,metaspace   ] GC(732) Metaspace: 10689K(10944K)->10689K(10944K) NonClass: 9797K(9920K)->9797K(9920K) Class: 891K(1024K)->891K(1024K)
[104.569s][info][gc             ] GC(732) Pause Young (Allocation Failure) 777M->531M(977M) 13.536ms
[104.569s][info][gc,cpu         ] GC(732) User=0.09s Sys=0.00s Real=0.01s
[104.654s][info][gc,start       ] GC(733) Pause Young (Allocation Failure)
[104.668s][info][gc,heap        ] GC(733) PSYoungGen: 297088K(301568K)->42784K(302080K) Eden: 254464K(254464K)->0K(254976K) From: 42624K(47104K)->42784K(47104K)
[104.668s][info][gc,heap        ] GC(733) ParOldGen: 501602K(699392K)->503554K(699392K)
[104.668s][info][gc,metaspace   ] GC(733) Metaspace: 10689K(10944K)->10689K(10944K) NonClass: 9797K(9920K)->9797K(9920K) Class: 891K(1024K)->891K(1024K)
[104.668s][info][gc             ] GC(733) Pause Young (Allocation Failure) 779M->533M(978M) 13.805ms
[104.668s][info][gc,cpu         ] GC(733) User=0.09s Sys=0.00s Real=0.01s
[104.754s][info][gc,start       ] GC(734) Pause Young (Allocation Failure)
[104.768s][info][gc,heap        ] GC(734) PSYoungGen: 297760K(302080K)->42912K(302080K) Eden: 254976K(254976K)->0K(254976K) From: 42784K(47104K)->42912K(47104K)
[104.768s][info][gc,heap        ] GC(734) ParOldGen: 503554K(699392K)->505506K(699392K)
[104.768s][info][gc,metaspace   ] GC(734) Metaspace: 10689K(10944K)->10689K(10944K) NonClass: 9797K(9920K)->9797K(9920K) Class: 891K(1024K)->891K(1024K)
[104.768s][info][gc             ] GC(734) Pause Young (Allocation Failure) 782M->535M(978M) 13.742ms
[104.768s][info][gc,cpu         ] GC(734) User=0.09s Sys=0.00s Real=0.01s
[104.854s][info][gc,start       ] GC(735) Pause Young (Allocation Failure)
[104.870s][info][gc,heap        ] GC(735) PSYoungGen: 297888K(302080K)->43232K(302080K) Eden: 254976K(254976K)->0K(254976K) From: 42912K(47104K)->43232K(47104K)
[104.870s][info][gc,heap        ] GC(735) ParOldGen: 505506K(699392K)->507434K(699392K)
[104.870s][info][gc,metaspace   ] GC(735) Metaspace: 10689K(10944K)->10689K(10944K) NonClass: 9797K(9920K)->9797K(9920K) Class: 891K(1024K)->891K(1024K)
[104.870s][info][gc             ] GC(735) Pause Young (Allocation Failure) 784M->537M(978M) 15.302ms
[104.870s][info][gc,cpu         ] GC(735) User=0.08s Sys=0.00s Real=0.01s
[104.954s][info][gc,start       ] GC(736) Pause Young (Allocation Failure)
[104.968s][info][gc,heap        ] GC(736) PSYoungGen: 298208K(302080K)->43392K(302080K) Eden: 254976K(254976K)->0K(254976K) From: 43232K(47104K)->43392K(47104K)
[104.968s][info][gc,heap        ] GC(736) ParOldGen: 507434K(699392K)->509434K(699392K)
[104.968s][info][gc,metaspace   ] GC(736) Metaspace: 10689K(10944K)->10689K(10944K) NonClass: 9797K(9920K)->9797K(9920K) Class: 891K(1024K)->891K(1024K)
[104.968s][info][gc             ] GC(736) Pause Young (Allocation Failure) 786M->539M(978M) 14.038ms
[104.968s][info][gc,cpu         ] GC(736) User=0.09s Sys=0.00s Real=0.01s
[105.052s][info][gc,start       ] GC(737) Pause Young (Allocation Failure)
[105.066s][info][gc,heap        ] GC(737) PSYoungGen: 298368K(302080K)->43456K(302080K) Eden: 254976K(254976K)->0K(254976K) From: 43392K(47104K)->43456K(47104K)
[105.066s][info][gc,heap        ] GC(737) ParOldGen: 509434K(699392K)->511322K(699392K)
[105.066s][info][gc,metaspace   ] GC(737) Metaspace: 10689K(10944K)->10689K(10944K) NonClass: 9797K(9920K)->9797K(9920K) Class: 891K(1024K)->891K(1024K)
[105.066s][info][gc             ] GC(737) Pause Young (Allocation Failure) 788M->541M(978M) 13.700ms
[105.066s][info][gc,cpu         ] GC(737) User=0.09s Sys=0.00s Real=0.01s
[105.151s][info][gc,start       ] GC(738) Pause Young (Allocation Failure)
[105.165s][info][gc,heap        ] GC(738) PSYoungGen: 298432K(302080K)->43520K(302080K) Eden: 254976K(254976K)->0K(254976K) From: 43456K(47104K)->43520K(47104K)
[105.165s][info][gc,heap        ] GC(738) ParOldGen: 511322K(699392K)->513314K(699392K)
[105.165s][info][gc,metaspace   ] GC(738) Metaspace: 10689K(10944K)->10689K(10944K) NonClass: 9797K(9920K)->9797K(9920K) Class: 891K(1024K)->891K(1024K)
[105.165s][info][gc             ] GC(738) Pause Young (Allocation Failure) 790M->543M(978M) 14.507ms
[105.165s][info][gc,cpu         ] GC(738) User=0.00s Sys=0.00s Real=0.01s
[105.253s][info][gc,start       ] GC(739) Pause Young (Allocation Failure)
[105.267s][info][gc,heap        ] GC(739) PSYoungGen: 298496K(302080K)->43552K(302080K) Eden: 254976K(254976K)->0K(254976K) From: 43520K(47104K)->43552K(47104K)
[105.267s][info][gc,heap        ] GC(739) ParOldGen: 513314K(699392K)->515298K(699392K)
[105.267s][info][gc,metaspace   ] GC(739) Metaspace: 10689K(10944K)->10689K(10944K) NonClass: 9797K(9920K)->9797K(9920K) Class: 891K(1024K)->891K(1024K)
[105.267s][info][gc             ] GC(739) Pause Young (Allocation Failure) 792M->545M(978M) 13.812ms
[105.267s][info][gc,cpu         ] GC(739) User=0.09s Sys=0.00s Real=0.01s
[105.353s][info][gc,start       ] GC(740) Pause Young (Allocation Failure)
[105.368s][info][gc,heap        ] GC(740) PSYoungGen: 298528K(302080K)->44064K(302080K) Eden: 254976K(254976K)->0K(254976K) From: 43552K(47104K)->44064K(47104K)
[105.368s][info][gc,heap        ] GC(740) ParOldGen: 515298K(699392K)->517154K(699392K)
[105.368s][info][gc,metaspace   ] GC(740) Metaspace: 10689K(10944K)->10689K(10944K) NonClass: 9797K(9920K)->9797K(9920K) Class: 891K(1024K)->891K(1024K)
[105.368s][info][gc             ] GC(740) Pause Young (Allocation Failure) 794M->548M(978M) 14.269ms
[105.368s][info][gc,cpu         ] GC(740) User=0.00s Sys=0.00s Real=0.01s
[105.451s][info][gc,start       ] GC(741) Pause Young (Allocation Failure)
[105.465s][info][gc,heap        ] GC(741) PSYoungGen: 299040K(302080K)->43936K(302080K) Eden: 254976K(254976K)->0K(254976K) From: 44064K(47104K)->43936K(47104K)
[105.465s][info][gc,heap        ] GC(741) ParOldGen: 517154K(699392K)->519154K(699392K)
[105.465s][info][gc,metaspace   ] GC(741) Metaspace: 10689K(10944K)->10689K(10944K) NonClass: 9797K(9920K)->9797K(9920K) Class: 891K(1024K)->891K(1024K)
[105.465s][info][gc             ] GC(741) Pause Young (Allocation Failure) 797M->549M(978M) 13.791ms
[105.465s][info][gc,cpu         ] GC(741) User=0.09s Sys=0.00s Real=0.01s
[105.550s][info][gc,start       ] GC(742) Pause Young (Allocation Failure)
[105.565s][info][gc,heap        ] GC(742) PSYoungGen: 298912K(302080K)->44288K(302080K) Eden: 254976K(254976K)->0K(254976K) From: 43936K(47104K)->44288K(47104K)
[105.565s][info][gc,heap        ] GC(742) ParOldGen: 519154K(699392K)->520986K(699392K)
[105.565s][info][gc,metaspace   ] GC(742) Metaspace: 10689K(10944K)->10689K(10944K) NonClass: 9797K(9920K)->9797K(9920K) Class: 891K(1024K)->891K(1024K)
[105.565s][info][gc             ] GC(742) Pause Young (Allocation Failure) 798M->552M(978M) 14.349ms
[105.565s][info][gc,cpu         ] GC(742) User=0.09s Sys=0.00s Real=0.02s
[105.649s][info][gc,start       ] GC(743) Pause Young (Allocation Failure)
[105.663s][info][gc,heap        ] GC(743) PSYoungGen: 299264K(302080K)->44512K(301056K) Eden: 254976K(254976K)->0K(253952K) From: 44288K(47104K)->44512K(47104K)
[105.663s][info][gc,heap        ] GC(743) ParOldGen: 520986K(699392K)->522882K(699392K)
[105.663s][info][gc,metaspace   ] GC(743) Metaspace: 10689K(10944K)->10689K(10944K) NonClass: 9797K(9920K)->9797K(9920K) Class: 891K(1024K)->891K(1024K)
[105.663s][info][gc             ] GC(743) Pause Young (Allocation Failure) 801M->554M(977M) 14.285ms
[105.663s][info][gc,cpu         ] GC(743) User=0.08s Sys=0.00s Real=0.02s
[105.748s][info][gc,start       ] GC(744) Pause Young (Allocation Failure)
[105.763s][info][gc,heap        ] GC(744) PSYoungGen: 298464K(301056K)->44416K(301568K) Eden: 253952K(253952K)->0K(253952K) From: 44512K(47104K)->44416K(47616K)
[105.763s][info][gc,heap        ] GC(744) ParOldGen: 522882K(699392K)->524914K(699392K)
[105.763s][info][gc,metaspace   ] GC(744) Metaspace: 10689K(10944K)->10689K(10944K) NonClass: 9797K(9920K)->9797K(9920K) Class: 891K(1024K)->891K(1024K)
[105.763s][info][gc             ] GC(744) Pause Young (Allocation Failure) 802M->555M(977M) 14.422ms
[105.763s][info][gc,cpu         ] GC(744) User=0.09s Sys=0.00s Real=0.01s
[105.850s][info][gc,start       ] GC(745) Pause Young (Allocation Failure)
[105.865s][info][gc,heap        ] GC(745) PSYoungGen: 298368K(301568K)->44480K(301568K) Eden: 253952K(253952K)->0K(253952K) From: 44416K(47616K)->44480K(47616K)
[105.865s][info][gc,heap        ] GC(745) ParOldGen: 524914K(699392K)->526890K(699392K)
[105.865s][info][gc,metaspace   ] GC(745) Metaspace: 10689K(10944K)->10689K(10944K) NonClass: 9797K(9920K)->9797K(9920K) Class: 891K(1024K)->891K(1024K)
[105.865s][info][gc             ] GC(745) Pause Young (Allocation Failure) 803M->557M(977M) 14.992ms
[105.865s][info][gc,cpu         ] GC(745) User=0.09s Sys=0.00s Real=0.02s
[105.948s][info][gc,start       ] GC(746) Pause Young (Allocation Failure)
[105.962s][info][gc,heap        ] GC(746) PSYoungGen: 298432K(301568K)->44512K(301568K) Eden: 253952K(253952K)->0K(253952K) From: 44480K(47616K)->44512K(47616K)
[105.962s][info][gc,heap        ] GC(746) ParOldGen: 526890K(699392K)->528874K(699392K)
[105.962s][info][gc,metaspace   ] GC(746) Metaspace: 10689K(10944K)->10689K(10944K) NonClass: 9797K(9920K)->9797K(9920K) Class: 891K(1024K)->891K(1024K)
[105.962s][info][gc             ] GC(746) Pause Young (Allocation Failure) 805M->559M(977M) 13.992ms
[105.962s][info][gc,cpu         ] GC(746) User=0.00s Sys=0.00s Real=0.01s
[106.047s][info][gc,start       ] GC(747) Pause Young (Allocation Failure)
[106.061s][info][gc,heap        ] GC(747) PSYoungGen: 298464K(301568K)->44608K(301568K) Eden: 253952K(253952K)->0K(253952K) From: 44512K(47616K)->44608K(47616K)
[106.061s][info][gc,heap        ] GC(747) ParOldGen: 528874K(699392K)->530882K(699392K)
[106.061s][info][gc,metaspace   ] GC(747) Metaspace: 10689K(10944K)->10689K(10944K) NonClass: 9797K(9920K)->9797K(9920K) Class: 891K(1024K)->891K(1024K)
[106.061s][info][gc             ] GC(747) Pause Young (Allocation Failure) 807M->562M(977M) 14.086ms
[106.061s][info][gc,cpu         ] GC(747) User=0.09s Sys=0.00s Real=0.01s
[106.146s][info][gc,start       ] GC(748) Pause Young (Allocation Failure)
[106.161s][info][gc,heap        ] GC(748) PSYoungGen: 298560K(301568K)->44480K(301568K) Eden: 253952K(253952K)->0K(253952K) From: 44608K(47616K)->44480K(47616K)
[106.161s][info][gc,heap        ] GC(748) ParOldGen: 530882K(699392K)->532954K(699392K)
[106.161s][info][gc,metaspace   ] GC(748) Metaspace: 10689K(10944K)->10689K(10944K) NonClass: 9797K(9920K)->9797K(9920K) Class: 891K(1024K)->891K(1024K)
[106.161s][info][gc             ] GC(748) Pause Young (Allocation Failure) 810M->563M(977M) 14.750ms
[106.161s][info][gc,cpu         ] GC(748) User=0.08s Sys=0.00s Real=0.01s
[106.245s][info][gc,start       ] GC(749) Pause Young (Allocation Failure)
[106.259s][info][gc,heap        ] GC(749) PSYoungGen: 298432K(301568K)->44256K(301568K) Eden: 253952K(253952K)->0K(253952K) From: 44480K(47616K)->44256K(47616K)
[106.259s][info][gc,heap        ] GC(749) ParOldGen: 532954K(699392K)->535042K(699392K)
[106.259s][info][gc,metaspace   ] GC(749) Metaspace: 10689K(10944K)->10689K(10944K) NonClass: 9797K(9920K)->9797K(9920K) Class: 891K(1024K)->891K(1024K)
[106.259s][info][gc             ] GC(749) Pause Young (Allocation Failure) 811M->565M(977M) 13.923ms
[106.259s][info][gc,cpu         ] GC(749) User=0.00s Sys=0.00s Real=0.01s
[106.344s][info][gc,start       ] GC(750) Pause Young (Allocation Failure)
[106.358s][info][gc,heap        ] GC(750) PSYoungGen: 298208K(301568K)->44256K(301568K) Eden: 253952K(253952K)->0K(253952K) From: 44256K(47616K)->44256K(47616K)
[106.358s][info][gc,heap        ] GC(750) ParOldGen: 535042K(699392K)->537162K(699392K)
[106.358s][info][gc,metaspace   ] GC(750) Metaspace: 10689K(10944K)->10689K(10944K) NonClass: 9797K(9920K)->9797K(9920K) Class: 891K(1024K)->891K(1024K)
[106.358s][info][gc             ] GC(750) Pause Young (Allocation Failure) 813M->567M(977M) 13.874ms
[106.358s][info][gc,cpu         ] GC(750) User=0.09s Sys=0.00s Real=0.01s
[106.443s][info][gc,start       ] GC(751) Pause Young (Allocation Failure)
[106.457s][info][gc,heap        ] GC(751) PSYoungGen: 298208K(301568K)->44480K(302080K) Eden: 253952K(253952K)->0K(254976K) From: 44256K(47616K)->44480K(47104K)
[106.457s][info][gc,heap        ] GC(751) ParOldGen: 537162K(699392K)->539306K(699392K)
[106.457s][info][gc,metaspace   ] GC(751) Metaspace: 10689K(10944K)->10689K(10944K) NonClass: 9797K(9920K)->9797K(9920K) Class: 891K(1024K)->891K(1024K)
[106.457s][info][gc             ] GC(751) Pause Young (Allocation Failure) 815M->570M(978M) 14.239ms
[106.457s][info][gc,cpu         ] GC(751) User=0.09s Sys=0.00s Real=0.01s
[106.541s][info][gc,start       ] GC(752) Pause Young (Allocation Failure)
[106.555s][info][gc,heap        ] GC(752) PSYoungGen: 299456K(302080K)->44320K(302080K) Eden: 254976K(254976K)->0K(254976K) From: 44480K(47104K)->44320K(47104K)
[106.555s][info][gc,heap        ] GC(752) ParOldGen: 539306K(699392K)->541354K(699392K)
[106.555s][info][gc,metaspace   ] GC(752) Metaspace: 10689K(10944K)->10689K(10944K) NonClass: 9797K(9920K)->9797K(9920K) Class: 891K(1024K)->891K(1024K)
[106.555s][info][gc             ] GC(752) Pause Young (Allocation Failure) 819M->571M(978M) 14.056ms
[106.555s][info][gc,cpu         ] GC(752) User=0.00s Sys=0.00s Real=0.01s
[106.641s][info][gc,start       ] GC(753) Pause Young (Allocation Failure)
[106.655s][info][gc,heap        ] GC(753) PSYoungGen: 299296K(302080K)->44480K(302080K) Eden: 254976K(254976K)->0K(254976K) From: 44320K(47104K)->44480K(47104K)
[106.655s][info][gc,heap        ] GC(753) ParOldGen: 541354K(699392K)->543370K(699392K)
[106.655s][info][gc,metaspace   ] GC(753) Metaspace: 10689K(10944K)->10689K(10944K) NonClass: 9797K(9920K)->9797K(9920K) Class: 891K(1024K)->891K(1024K)
[106.655s][info][gc             ] GC(753) Pause Young (Allocation Failure) 820M->574M(978M) 14.144ms
[106.655s][info][gc,cpu         ] GC(753) User=0.09s Sys=0.00s Real=0.01s
[106.741s][info][gc,start       ] GC(754) Pause Young (Allocation Failure)
[106.756s][info][gc,heap        ] GC(754) PSYoungGen: 299456K(302080K)->44288K(302080K) Eden: 254976K(254976K)->0K(254976K) From: 44480K(47104K)->44288K(47104K)
[106.756s][info][gc,heap        ] GC(754) ParOldGen: 543370K(699392K)->545506K(699392K)
[106.756s][info][gc,metaspace   ] GC(754) Metaspace: 10689K(10944K)->10689K(10944K) NonClass: 9797K(9920K)->9797K(9920K) Class: 891K(1024K)->891K(1024K)
[106.756s][info][gc             ] GC(754) Pause Young (Allocation Failure) 823M->575M(978M) 14.335ms
[106.756s][info][gc,cpu         ] GC(754) User=0.09s Sys=0.00s Real=0.01s
[106.905s][info][gc,start       ] GC(755) Pause Young (Allocation Failure)
[106.921s][info][gc,heap        ] GC(755) PSYoungGen: 299264K(302080K)->45791K(302080K) Eden: 254976K(254976K)->0K(254976K) From: 44288K(47104K)->45791K(47104K)
[106.921s][info][gc,heap        ] GC(755) ParOldGen: 545506K(699392K)->547626K(699392K)
[106.921s][info][gc,metaspace   ] GC(755) Metaspace: 10694K(10944K)->10694K(10944K) NonClass: 9803K(9920K)->9803K(9920K) Class: 891K(1024K)->891K(1024K)
[106.921s][info][gc             ] GC(755) Pause Young (Allocation Failure) 824M->579M(978M) 15.567ms
[106.921s][info][gc,cpu         ] GC(755) User=0.08s Sys=0.00s Real=0.02s
[107.211s][info][gc,start       ] GC(756) Pause Young (Allocation Failure)
[107.247s][info][gc,heap        ] GC(756) PSYoungGen: 300767K(302080K)->47079K(302080K) Eden: 254976K(254976K)->0K(254976K) From: 45791K(47104K)->47079K(47104K)
[107.247s][info][gc,heap        ] GC(756) ParOldGen: 547626K(699392K)->576754K(699392K)
[107.247s][info][gc,metaspace   ] GC(756) Metaspace: 10694K(10944K)->10694K(10944K) NonClass: 9803K(9920K)->9803K(9920K) Class: 891K(1024K)->891K(1024K)
[107.247s][info][gc             ] GC(756) Pause Young (Allocation Failure) 828M->609M(978M) 36.558ms
[107.247s][info][gc,cpu         ] GC(756) User=0.28s Sys=0.00s Real=0.04s
[107.853s][info][gc,start       ] GC(757) Pause Young (Allocation Failure)
[107.894s][info][gc,heap        ] GC(757) PSYoungGen: 302055K(302080K)->47082K(253952K) Eden: 254976K(254976K)->0K(206848K) From: 47079K(47104K)->47082K(47104K)
[107.894s][info][gc,heap        ] GC(757) ParOldGen: 576754K(699392K)->612794K(699392K)
[107.894s][info][gc,metaspace   ] GC(757) Metaspace: 10694K(10944K)->10694K(10944K) NonClass: 9803K(9920K)->9803K(9920K) Class: 891K(1024K)->891K(1024K)
[107.894s][info][gc             ] GC(757) Pause Young (Allocation Failure) 858M->644M(931M) 41.124ms
[107.894s][info][gc,cpu         ] GC(757) User=0.17s Sys=0.03s Real=0.04s
[108.141s][info][gc,start       ] GC(758) Pause Young (Allocation Failure)
[108.174s][info][gc,heap        ] GC(758) PSYoungGen: 253930K(253952K)->69706K(276992K) Eden: 206848K(206848K)->0K(206848K) From: 47082K(47104K)->69706K(70144K)
[108.174s][info][gc,heap        ] GC(758) ParOldGen: 612794K(699392K)->616242K(699392K)
[108.174s][info][gc,metaspace   ] GC(758) Metaspace: 10694K(10944K)->10694K(10944K) NonClass: 9803K(9920K)->9803K(9920K) Class: 891K(1024K)->891K(1024K)
[108.174s][info][gc             ] GC(758) Pause Young (Allocation Failure) 846M->669M(953M) 33.375ms
[108.174s][info][gc,cpu         ] GC(758) User=0.19s Sys=0.00s Real=0.04s
[108.420s][info][gc,start       ] GC(759) Pause Young (Allocation Failure)
[108.459s][info][gc,heap        ] GC(759) PSYoungGen: 276554K(276992K)->72170K(243200K) Eden: 206848K(206848K)->0K(171008K) From: 69706K(70144K)->72170K(72192K)
[108.459s][info][gc,heap        ] GC(759) ParOldGen: 616242K(699392K)->638370K(699392K)
[108.459s][info][gc,metaspace   ] GC(759) Metaspace: 10694K(10944K)->10694K(10944K) NonClass: 9803K(9920K)->9803K(9920K) Class: 891K(1024K)->891K(1024K)
[108.459s][info][gc             ] GC(759) Pause Young (Allocation Failure) 871M->693M(920M) 39.709ms
[108.459s][info][gc,cpu         ] GC(759) User=0.19s Sys=0.00s Real=0.05s
[108.663s][info][gc,start       ] GC(760) Pause Young (Allocation Failure)
[108.698s][info][gc,heap        ] GC(760) PSYoungGen: 243178K(243200K)->88778K(260096K) Eden: 171008K(171008K)->0K(171008K) From: 72170K(72192K)->88778K(89088K)
[108.698s][info][gc,heap        ] GC(760) ParOldGen: 638370K(699392K)->641994K(699392K)
[108.698s][info][gc,metaspace   ] GC(760) Metaspace: 10694K(10944K)->10694K(10944K) NonClass: 9803K(9920K)->9803K(9920K) Class: 891K(1024K)->891K(1024K)
[108.698s][info][gc             ] GC(760) Pause Young (Allocation Failure) 860M->713M(937M) 35.108ms
[108.698s][info][gc,cpu         ] GC(760) User=0.28s Sys=0.00s Real=0.04s
[108.902s][info][gc,start       ] GC(761) Pause Young (Allocation Failure)
[108.943s][info][gc,heap        ] GC(761) PSYoungGen: 259786K(260096K)->89066K(214016K) Eden: 171008K(171008K)->0K(124928K) From: 88778K(89088K)->89066K(89088K)
[108.943s][info][gc,heap        ] GC(761) ParOldGen: 641994K(699392K)->661882K(699392K)
[108.943s][info][gc,metaspace   ] GC(761) Metaspace: 10694K(10944K)->10694K(10944K) NonClass: 9803K(9920K)->9803K(9920K) Class: 891K(1024K)->891K(1024K)
[108.943s][info][gc             ] GC(761) Pause Young (Allocation Failure) 880M->733M(892M) 40.541ms
[108.943s][info][gc,cpu         ] GC(761) User=0.19s Sys=0.00s Real=0.04s
[109.081s][info][gc,start       ] GC(762) Pause Young (Allocation Failure)
[109.116s][info][gc,heap        ] GC(762) PSYoungGen: 213994K(214016K)->99978K(225280K) Eden: 124928K(124928K)->0K(124928K) From: 89066K(89088K)->99978K(100352K)
[109.116s][info][gc,heap        ] GC(762) ParOldGen: 661882K(699392K)->665826K(699392K)
[109.116s][info][gc,metaspace   ] GC(762) Metaspace: 10694K(10944K)->10694K(10944K) NonClass: 9803K(9920K)->9803K(9920K) Class: 891K(1024K)->891K(1024K)
[109.116s][info][gc             ] GC(762) Pause Young (Allocation Failure) 855M->747M(903M) 34.814ms
[109.116s][info][gc,cpu         ] GC(762) User=0.19s Sys=0.00s Real=0.04s
[109.297s][info][gc,start       ] GC(763) Pause Young (Allocation Failure)
[109.329s][info][gc,heap        ] GC(763) PSYoungGen: 224906K(225280K)->99808K(232960K) Eden: 124928K(124928K)->0K(116736K) From: 99978K(100352K)->99808K(116224K)
[109.329s][info][gc,heap        ] GC(763) ParOldGen: 665826K(699392K)->669634K(699392K)
[109.329s][info][gc,metaspace   ] GC(763) Metaspace: 10694K(10944K)->10694K(10944K) NonClass: 9803K(9920K)->9803K(9920K) Class: 891K(1024K)->891K(1024K)
[109.329s][info][gc             ] GC(763) Pause Young (Allocation Failure) 869M->751M(910M) 32.252ms
[109.329s][info][gc,cpu         ] GC(763) User=0.19s Sys=0.00s Real=0.04s
[109.507s][info][gc,start       ] GC(764) Pause Young (Allocation Failure)
[109.532s][info][gc,heap        ] GC(764) PSYoungGen: 216544K(232960K)->90144K(232960K) Eden: 116736K(116736K)->0K(116736K) From: 99808K(116224K)->90144K(116224K)
[109.532s][info][gc,heap        ] GC(764) ParOldGen: 669634K(699392K)->674354K(699392K)
[109.532s][info][gc,metaspace   ] GC(764) Metaspace: 10694K(10944K)->10694K(10944K) NonClass: 9803K(9920K)->9803K(9920K) Class: 891K(1024K)->891K(1024K)
[109.532s][info][gc             ] GC(764) Pause Young (Allocation Failure) 865M->746M(910M) 24.549ms
[109.532s][info][gc,cpu         ] GC(764) User=0.11s Sys=0.00s Real=0.03s
[109.717s][info][gc,start       ] GC(765) Pause Young (Allocation Failure)
[109.740s][info][gc,heap        ] GC(765) PSYoungGen: 206880K(232960K)->78976K(232960K) Eden: 116736K(116736K)->0K(116736K) From: 90144K(116224K)->78976K(116224K)
[109.740s][info][gc,heap        ] GC(765) ParOldGen: 674354K(699392K)->682722K(699392K)
[109.740s][info][gc,metaspace   ] GC(765) Metaspace: 10694K(10944K)->10694K(10944K) NonClass: 9803K(9920K)->9803K(9920K) Class: 891K(1024K)->891K(1024K)
[109.740s][info][gc             ] GC(765) Pause Young (Allocation Failure) 860M->743M(910M) 23.075ms
[109.740s][info][gc,cpu         ] GC(765) User=0.09s Sys=0.00s Real=0.03s
[109.912s][info][gc,start       ] GC(766) Pause Full (Ergonomics)
[109.912s][info][gc,phases,start] GC(766) Marking Phase
[110.055s][info][gc,phases      ] GC(766) Marking Phase 143.271ms
[110.055s][info][gc,phases,start] GC(766) Summary Phase
[110.055s][info][gc,phases      ] GC(766) Summary Phase 0.025ms
[110.055s][info][gc,phases,start] GC(766) Adjust Roots
[110.059s][info][gc,phases      ] GC(766) Adjust Roots 3.615ms
[110.059s][info][gc,phases,start] GC(766) Compaction Phase
[110.285s][info][gc,phases      ] GC(766) Compaction Phase 225.816ms
[110.285s][info][gc,phases,start] GC(766) Post Compact
[110.286s][info][gc,phases      ] GC(766) Post Compact 1.768ms
[110.287s][info][gc,heap        ] GC(766) PSYoungGen: 195712K(232960K)->0K(232960K) Eden: 116736K(116736K)->0K(116736K) From: 78976K(116224K)->0K(116224K)
[110.287s][info][gc,heap        ] GC(766) ParOldGen: 682722K(699392K)->659882K(699392K)
[110.287s][info][gc,metaspace   ] GC(766) Metaspace: 10694K(10944K)->10694K(10944K) NonClass: 9803K(9920K)->9803K(9920K) Class: 891K(1024K)->891K(1024K)
[110.287s][info][gc             ] GC(766) Pause Full (Ergonomics) 857M->644M(910M) 374.819ms
[110.287s][info][gc,cpu         ] GC(766) User=2.11s Sys=0.05s Real=0.37s
[110.454s][info][gc,start       ] GC(767) Pause Young (Allocation Failure)
[110.456s][info][gc,heap        ] GC(767) PSYoungGen: 116736K(232960K)->2720K(232960K) Eden: 116736K(116736K)->0K(116736K) From: 0K(116224K)->2720K(116224K)
[110.456s][info][gc,heap        ] GC(767) ParOldGen: 659882K(699392K)->659882K(699392K)
[110.456s][info][gc,metaspace   ] GC(767) Metaspace: 10694K(10944K)->10694K(10944K) NonClass: 9803K(9920K)->9803K(9920K) Class: 891K(1024K)->891K(1024K)
[110.456s][info][gc             ] GC(767) Pause Young (Allocation Failure) 758M->647M(910M) 2.001ms
[110.456s][info][gc,cpu         ] GC(767) User=0.00s Sys=0.00s Real=0.00s
[110.623s][info][gc,start       ] GC(768) Pause Young (Allocation Failure)
[110.625s][info][gc,heap        ] GC(768) PSYoungGen: 119456K(232960K)->4032K(232960K) Eden: 116736K(116736K)->0K(116736K) From: 2720K(116224K)->4032K(116224K)
[110.625s][info][gc,heap        ] GC(768) ParOldGen: 659882K(699392K)->659882K(699392K)
[110.625s][info][gc,metaspace   ] GC(768) Metaspace: 10694K(10944K)->10694K(10944K) NonClass: 9803K(9920K)->9803K(9920K) Class: 891K(1024K)->891K(1024K)
[110.625s][info][gc             ] GC(768) Pause Young (Allocation Failure) 761M->648M(910M) 2.111ms
[110.625s][info][gc,cpu         ] GC(768) User=0.00s Sys=0.00s Real=0.00s
[110.792s][info][gc,start       ] GC(769) Pause Young (Allocation Failure)
[110.794s][info][gc,heap        ] GC(769) PSYoungGen: 120768K(232960K)->5120K(232960K) Eden: 116736K(116736K)->0K(116736K) From: 4032K(116224K)->5120K(116224K)
[110.794s][info][gc,heap        ] GC(769) ParOldGen: 659882K(699392K)->659882K(699392K)
[110.794s][info][gc,metaspace   ] GC(769) Metaspace: 10694K(10944K)->10694K(10944K) NonClass: 9803K(9920K)->9803K(9920K) Class: 891K(1024K)->891K(1024K)
[110.794s][info][gc             ] GC(769) Pause Young (Allocation Failure) 762M->649M(910M) 2.463ms
[110.794s][info][gc,cpu         ] GC(769) User=0.00s Sys=0.00s Real=0.01s
[110.960s][info][gc,start       ] GC(770) Pause Young (Allocation Failure)
[110.962s][info][gc,heap        ] GC(770) PSYoungGen: 121856K(232960K)->5760K(232960K) Eden: 116736K(116736K)->0K(116736K) From: 5120K(116224K)->5760K(116224K)
[110.963s][info][gc,heap        ] GC(770) ParOldGen: 659882K(699392K)->659882K(699392K)
[110.963s][info][gc,metaspace   ] GC(770) Metaspace: 10694K(10944K)->10694K(10944K) NonClass: 9803K(9920K)->9803K(9920K) Class: 891K(1024K)->891K(1024K)
[110.963s][info][gc             ] GC(770) Pause Young (Allocation Failure) 763M->650M(910M) 2.488ms
[110.963s][info][gc,cpu         ] GC(770) User=0.08s Sys=0.00s Real=0.01s
[111.108s][info][gc,start       ] GC(771) Pause Young (Allocation Failure)
[111.113s][info][gc,heap        ] GC(771) PSYoungGen: 122496K(232960K)->12896K(232960K) Eden: 116736K(116736K)->0K(116736K) From: 5760K(116224K)->12896K(116224K)
[111.113s][info][gc,heap        ] GC(771) ParOldGen: 659882K(699392K)->659882K(699392K)
[111.113s][info][gc,metaspace   ] GC(771) Metaspace: 10694K(10944K)->10694K(10944K) NonClass: 9803K(9920K)->9803K(9920K) Class: 891K(1024K)->891K(1024K)
[111.113s][info][gc             ] GC(771) Pause Young (Allocation Failure) 764M->657M(910M) 5.076ms
[111.113s][info][gc,cpu         ] GC(771) User=0.00s Sys=0.00s Real=0.01s
[111.208s][info][gc,start       ] GC(772) Pause Young (Allocation Failure)
[111.222s][info][gc,heap        ] GC(772) PSYoungGen: 129632K(232960K)->28976K(232960K) Eden: 116736K(116736K)->0K(116736K) From: 12896K(116224K)->28976K(116224K)
[111.222s][info][gc,heap        ] GC(772) ParOldGen: 659882K(699392K)->662346K(699392K)
[111.222s][info][gc,metaspace   ] GC(772) Metaspace: 10694K(10944K)->10694K(10944K) NonClass: 9803K(9920K)->9803K(9920K) Class: 891K(1024K)->891K(1024K)
[111.222s][info][gc             ] GC(772) Pause Young (Allocation Failure) 771M->675M(910M) 13.777ms
[111.222s][info][gc,cpu         ] GC(772) User=0.09s Sys=0.00s Real=0.01s
[111.321s][info][gc,start       ] GC(773) Pause Young (Allocation Failure)
[111.339s][info][gc,heap        ] GC(773) PSYoungGen: 145712K(232960K)->42192K(232960K) Eden: 116736K(116736K)->0K(116736K) From: 28976K(116224K)->42192K(116224K)
[111.339s][info][gc,heap        ] GC(773) ParOldGen: 662346K(699392K)->664938K(699392K)
[111.339s][info][gc,metaspace   ] GC(773) Metaspace: 10694K(10944K)->10694K(10944K) NonClass: 9803K(9920K)->9803K(9920K) Class: 891K(1024K)->891K(1024K)
[111.339s][info][gc             ] GC(773) Pause Young (Allocation Failure) 789M->690M(910M) 17.622ms
[111.339s][info][gc,cpu         ] GC(773) User=0.12s Sys=0.00s Real=0.02s
[111.501s][info][gc,start       ] GC(774) Pause Young (Allocation Failure)
[111.519s][info][gc,heap        ] GC(774) PSYoungGen: 158928K(232960K)->29472K(232960K) Eden: 116736K(116736K)->0K(116736K) From: 42192K(116224K)->29472K(116224K)
[111.519s][info][gc,heap        ] GC(774) ParOldGen: 664938K(699392K)->682146K(699392K)
[111.519s][info][gc,metaspace   ] GC(774) Metaspace: 10694K(10944K)->10694K(10944K) NonClass: 9803K(9920K)->9803K(9920K) Class: 891K(1024K)->891K(1024K)
[111.519s][info][gc             ] GC(774) Pause Young (Allocation Failure) 804M->694M(910M) 17.989ms
[111.519s][info][gc,cpu         ] GC(774) User=0.09s Sys=0.00s Real=0.03s
[111.618s][info][gc,start       ] GC(775) Pause Full (Ergonomics)
[111.618s][info][gc,phases,start] GC(775) Marking Phase
[111.706s][info][gc,phases      ] GC(775) Marking Phase 87.719ms
[111.706s][info][gc,phases,start] GC(775) Summary Phase
[111.706s][info][gc,phases      ] GC(775) Summary Phase 0.029ms
[111.706s][info][gc,phases,start] GC(775) Adjust Roots
[111.708s][info][gc,phases      ] GC(775) Adjust Roots 2.507ms
[111.708s][info][gc,phases,start] GC(775) Compaction Phase
[111.767s][info][gc,phases      ] GC(775) Compaction Phase 59.023ms
[111.767s][info][gc,phases,start] GC(775) Post Compact
[111.769s][info][gc,phases      ] GC(775) Post Compact 1.459ms
[111.769s][info][gc,heap        ] GC(775) PSYoungGen: 146208K(232960K)->0K(232960K) Eden: 116736K(116736K)->0K(116736K) From: 29472K(116224K)->0K(116224K)
[111.769s][info][gc,heap        ] GC(775) ParOldGen: 682146K(699392K)->440857K(699392K)
[111.769s][info][gc,metaspace   ] GC(775) Metaspace: 10694K(10944K)->10694K(10944K) NonClass: 9803K(9920K)->9803K(9920K) Class: 891K(1024K)->891K(1024K)
[111.769s][info][gc             ] GC(775) Pause Full (Ergonomics) 808M->430M(910M) 151.103ms
[111.769s][info][gc,cpu         ] GC(775) User=0.92s Sys=0.02s Real=0.16s
[111.881s][info][gc,start       ] GC(776) Pause Young (Allocation Failure)
[111.894s][info][gc,heap        ] GC(776) PSYoungGen: 116736K(232960K)->26538K(232960K) Eden: 116736K(116736K)->0K(116736K) From: 0K(116224K)->26538K(116224K)
[111.894s][info][gc,heap        ] GC(776) ParOldGen: 440857K(699392K)->440857K(699392K)
[111.894s][info][gc,metaspace   ] GC(776) Metaspace: 10694K(10944K)->10694K(10944K) NonClass: 9803K(9920K)->9803K(9920K) Class: 891K(1024K)->891K(1024K)
[111.894s][info][gc             ] GC(776) Pause Young (Allocation Failure) 544M->456M(910M) 13.062ms
[111.894s][info][gc,cpu         ] GC(776) User=0.09s Sys=0.00s Real=0.02s
[111.973s][info][gc,start       ] GC(777) Pause Young (Allocation Failure)
[111.990s][info][gc,heap        ] GC(777) PSYoungGen: 143274K(232960K)->43242K(243712K) Eden: 116736K(116736K)->0K(131584K) From: 26538K(116224K)->43242K(112128K)
[111.990s][info][gc,heap        ] GC(777) ParOldGen: 440857K(699392K)->440857K(699392K)
[111.990s][info][gc,metaspace   ] GC(777) Metaspace: 10694K(10944K)->10694K(10944K) NonClass: 9803K(9920K)->9803K(9920K) Class: 891K(1024K)->891K(1024K)
[111.990s][info][gc             ] GC(777) Pause Young (Allocation Failure) 570M->472M(921M) 16.379ms
[111.990s][info][gc,cpu         ] GC(777) User=0.09s Sys=0.00s Real=0.02s
[112.069s][info][gc,start       ] GC(778) Pause Young (Allocation Failure)
[112.090s][info][gc,heap        ] GC(778) PSYoungGen: 174826K(243712K)->58602K(237056K) Eden: 131584K(131584K)->0K(131584K) From: 43242K(112128K)->58602K(105472K)
[112.090s][info][gc,heap        ] GC(778) ParOldGen: 440857K(699392K)->440857K(699392K)
[112.090s][info][gc,metaspace   ] GC(778) Metaspace: 10694K(10944K)->10694K(10944K) NonClass: 9803K(9920K)->9803K(9920K) Class: 891K(1024K)->891K(1024K)
[112.090s][info][gc             ] GC(778) Pause Young (Allocation Failure) 601M->487M(914M) 20.898ms
[112.090s][info][gc,cpu         ] GC(778) User=0.19s Sys=0.00s Real=0.02s
[112.169s][info][gc,start       ] GC(779) Pause Young (Allocation Failure)
[112.193s][info][gc,heap        ] GC(779) PSYoungGen: 190186K(237056K)->73898K(233472K) Eden: 131584K(131584K)->0K(128000K) From: 58602K(105472K)->73898K(105472K)
[112.194s][info][gc,heap        ] GC(779) ParOldGen: 440857K(699392K)->440857K(699392K)
[112.194s][info][gc,metaspace   ] GC(779) Metaspace: 10694K(10944K)->10694K(10944K) NonClass: 9803K(9920K)->9803K(9920K) Class: 891K(1024K)->891K(1024K)
[112.194s][info][gc             ] GC(779) Pause Young (Allocation Failure) 616M->502M(911M) 25.409ms
[112.194s][info][gc,cpu         ] GC(779) User=0.09s Sys=0.00s Real=0.03s
[112.278s][info][gc,start       ] GC(780) Pause Young (Allocation Failure)
[112.305s][info][gc,heap        ] GC(780) PSYoungGen: 201898K(233472K)->88490K(216576K) Eden: 128000K(128000K)->0K(128000K) From: 73898K(105472K)->88490K(88576K)
[112.305s][info][gc,heap        ] GC(780) ParOldGen: 440857K(699392K)->440857K(699392K)
[112.305s][info][gc,metaspace   ] GC(780) Metaspace: 10694K(10944K)->10694K(10944K) NonClass: 9803K(9920K)->9803K(9920K) Class: 891K(1024K)->891K(1024K)
[112.305s][info][gc             ] GC(780) Pause Young (Allocation Failure) 627M->516M(894M) 27.217ms
[112.305s][info][gc,cpu         ] GC(780) User=0.09s Sys=0.00s Real=0.03s
[112.422s][info][gc,start       ] GC(781) Pause Young (Allocation Failure)
[112.455s][info][gc,heap        ] GC(781) PSYoungGen: 216490K(216576K)->62912K(232960K) Eden: 128000K(128000K)->0K(116736K) From: 88490K(88576K)->62912K(116224K)
[112.455s][info][gc,heap        ] GC(781) ParOldGen: 440857K(699392K)->481235K(699392K)
[112.455s][info][gc,metaspace   ] GC(781) Metaspace: 10694K(10944K)->10694K(10944K) NonClass: 9803K(9920K)->9803K(9920K) Class: 891K(1024K)->891K(1024K)
[112.455s][info][gc             ] GC(781) Pause Young (Allocation Failure) 641M->531M(910M) 33.514ms
[112.455s][info][gc,cpu         ] GC(781) User=0.19s Sys=0.00s Real=0.04s
[112.561s][info][gc,start       ] GC(782) Pause Young (Allocation Failure)
[112.589s][info][gc,heap        ] GC(782) PSYoungGen: 179648K(232960K)->45792K(232960K) Eden: 116736K(116736K)->0K(116736K) From: 62912K(116224K)->45792K(116224K)
[112.589s][info][gc,heap        ] GC(782) ParOldGen: 481235K(699392K)->511731K(699392K)
[112.589s][info][gc,metaspace   ] GC(782) Metaspace: 10694K(10944K)->10694K(10944K) NonClass: 9803K(9920K)->9803K(9920K) Class: 891K(1024K)->891K(1024K)
[112.589s][info][gc             ] GC(782) Pause Young (Allocation Failure) 645M->544M(910M) 27.693ms
[112.589s][info][gc,cpu         ] GC(782) User=0.17s Sys=0.00s Real=0.03s
[112.694s][info][gc,start       ] GC(783) Pause Young (Allocation Failure)
[112.717s][info][gc,heap        ] GC(783) PSYoungGen: 162528K(232960K)->29376K(239616K) Eden: 116736K(116736K)->0K(127488K) From: 45792K(116224K)->29376K(112128K)
[112.717s][info][gc,heap        ] GC(783) ParOldGen: 511731K(699392K)->542387K(699392K)
[112.717s][info][gc,metaspace   ] GC(783) Metaspace: 10694K(10944K)->10694K(10944K) NonClass: 9803K(9920K)->9803K(9920K) Class: 891K(1024K)->891K(1024K)
[112.717s][info][gc             ] GC(783) Pause Young (Allocation Failure) 658M->558M(917M) 22.940ms
[112.717s][info][gc,cpu         ] GC(783) User=0.19s Sys=0.00s Real=0.03s
[112.828s][info][gc,start       ] GC(784) Pause Young (Allocation Failure)
[112.849s][info][gc,heap        ] GC(784) PSYoungGen: 156864K(239616K)->16384K(237056K) Eden: 127488K(127488K)->0K(127488K) From: 29376K(112128K)->16384K(109568K)
[112.849s][info][gc,heap        ] GC(784) ParOldGen: 542387K(699392K)->570627K(699392K)
[112.849s][info][gc,metaspace   ] GC(784) Metaspace: 10694K(10944K)->10694K(10944K) NonClass: 9803K(9920K)->9803K(9920K) Class: 891K(1024K)->891K(1024K)
[112.849s][info][gc             ] GC(784) Pause Young (Allocation Failure) 682M->573M(914M) 21.260ms
[112.849s][info][gc,cpu         ] GC(784) User=0.09s Sys=0.00s Real=0.02s
[113.112s][info][gc,start       ] GC(785) Pause Young (Allocation Failure)
[113.121s][info][gc,heap        ] GC(785) PSYoungGen: 143872K(237056K)->6304K(239104K) Eden: 127488K(127488K)->0K(130048K) From: 16384K(109568K)->6304K(109056K)
[113.121s][info][gc,heap        ] GC(785) ParOldGen: 570627K(699392K)->585907K(699392K)
[113.121s][info][gc,metaspace   ] GC(785) Metaspace: 10694K(10944K)->10694K(10944K) NonClass: 9803K(9920K)->9803K(9920K) Class: 891K(1024K)->891K(1024K)
[113.121s][info][gc             ] GC(785) Pause Young (Allocation Failure) 697M->578M(916M) 9.670ms
[113.121s][info][gc,cpu         ] GC(785) User=0.09s Sys=0.00s Real=0.01s
[113.220s][info][gc,start       ] GC(786) Pause Young (Allocation Failure)
[113.224s][info][gc,heap        ] GC(786) PSYoungGen: 136352K(239104K)->2688K(239616K) Eden: 130048K(130048K)->0K(130048K) From: 6304K(109056K)->2688K(109568K)
[113.224s][info][gc,heap        ] GC(786) ParOldGen: 585907K(699392K)->591067K(699392K)
[113.224s][info][gc,metaspace   ] GC(786) Metaspace: 10694K(10944K)->10694K(10944K) NonClass: 9803K(9920K)->9803K(9920K) Class: 891K(1024K)->891K(1024K)
[113.224s][info][gc             ] GC(786) Pause Young (Allocation Failure) 705M->579M(917M) 3.982ms
[113.224s][info][gc,cpu         ] GC(786) User=0.00s Sys=0.00s Real=0.02s
[113.322s][info][gc,start       ] GC(787) Pause Young (Allocation Failure)
[113.324s][info][gc,heap        ] GC(787) PSYoungGen: 132736K(239616K)->4096K(241152K) Eden: 130048K(130048K)->0K(131584K) From: 2688K(109568K)->4096K(109568K)
[113.324s][info][gc,heap        ] GC(787) ParOldGen: 591067K(699392K)->591067K(699392K)
[113.324s][info][gc,metaspace   ] GC(787) Metaspace: 10694K(10944K)->10694K(10944K) NonClass: 9803K(9920K)->9803K(9920K) Class: 891K(1024K)->891K(1024K)
[113.324s][info][gc             ] GC(787) Pause Young (Allocation Failure) 706M->581M(918M) 2.281ms
[113.324s][info][gc,cpu         ] GC(787) User=0.00s Sys=0.00s Real=0.01s
[113.609s][info][gc,start       ] GC(788) Pause Young (System.gc())
[113.611s][info][gc,heap        ] GC(788) PSYoungGen: 81570K(241152K)->5549K(239616K) Eden: 77474K(131584K)->0K(131584K) From: 4096K(109568K)->5549K(108032K)
[113.611s][info][gc,heap        ] GC(788) ParOldGen: 591067K(699392K)->591067K(699392K)
[113.611s][info][gc,metaspace   ] GC(788) Metaspace: 10695K(10944K)->10695K(10944K) NonClass: 9804K(9920K)->9804K(9920K) Class: 891K(1024K)->891K(1024K)
[113.611s][info][gc             ] GC(788) Pause Young (System.gc()) 656M->582M(917M) 2.073ms
[113.611s][info][gc,cpu         ] GC(788) User=0.00s Sys=0.00s Real=0.00s
[113.611s][info][gc,start       ] GC(789) Pause Full (System.gc())
[113.611s][info][gc,phases,start] GC(789) Marking Phase
[113.697s][info][gc,phases      ] GC(789) Marking Phase 86.275ms
[113.697s][info][gc,phases,start] GC(789) Summary Phase
[113.697s][info][gc,phases      ] GC(789) Summary Phase 0.013ms
[113.697s][info][gc,phases,start] GC(789) Adjust Roots
[113.700s][info][gc,phases      ] GC(789) Adjust Roots 3.153ms
[113.700s][info][gc,phases,start] GC(789) Compaction Phase
[113.835s][info][gc,phases      ] GC(789) Compaction Phase 134.420ms
[113.835s][info][gc,phases,start] GC(789) Post Compact
[113.836s][info][gc,phases      ] GC(789) Post Compact 0.871ms
[113.836s][info][gc,heap        ] GC(789) PSYoungGen: 5549K(239616K)->0K(239616K) Eden: 0K(131584K)->0K(131584K) From: 5549K(108032K)->0K(108032K)
[113.836s][info][gc,heap        ] GC(789) ParOldGen: 591067K(699392K)->434468K(699392K)
[113.836s][info][gc,metaspace   ] GC(789) Metaspace: 10695K(10944K)->10695K(10944K) NonClass: 9804K(9920K)->9804K(9920K) Class: 891K(1024K)->891K(1024K)
[113.836s][info][gc             ] GC(789) Pause Full (System.gc()) 582M->424M(917M) 224.963ms
[113.836s][info][gc,cpu         ] GC(789) User=1.17s Sys=0.02s Real=0.23s
[113.884s][info][gc,start       ] GC(790) Pause Young (Allocation Failure)
[113.886s][info][gc,heap        ] GC(790) PSYoungGen: 131584K(239616K)->4288K(246272K) Eden: 131584K(131584K)->0K(140800K) From: 0K(108032K)->4288K(105472K)
[113.886s][info][gc,heap        ] GC(790) ParOldGen: 434468K(699392K)->434468K(699392K)
[113.886s][info][gc,metaspace   ] GC(790) Metaspace: 10696K(10944K)->10696K(10944K) NonClass: 9804K(9920K)->9804K(9920K) Class: 891K(1024K)->891K(1024K)
[113.886s][info][gc             ] GC(790) Pause Young (Allocation Failure) 552M->428M(923M) 2.526ms
[113.886s][info][gc,cpu         ] GC(790) User=0.09s Sys=0.00s Real=0.00s
[113.930s][info][gc,start       ] GC(791) Pause Young (Allocation Failure)
[113.933s][info][gc,heap        ] GC(791) PSYoungGen: 145088K(246272K)->7136K(243712K) Eden: 140800K(140800K)->0K(140800K) From: 4288K(105472K)->7136K(102912K)
[113.933s][info][gc,heap        ] GC(791) ParOldGen: 434468K(699392K)->434468K(699392K)
[113.933s][info][gc,metaspace   ] GC(791) Metaspace: 10696K(10944K)->10696K(10944K) NonClass: 9804K(9920K)->9804K(9920K) Class: 891K(1024K)->891K(1024K)
[113.933s][info][gc             ] GC(791) Pause Young (Allocation Failure) 565M->431M(921M) 3.300ms
[113.933s][info][gc,cpu         ] GC(791) User=0.09s Sys=0.00s Real=0.00s
[113.979s][info][gc,start       ] GC(792) Pause Young (Allocation Failure)
[113.983s][info][gc,heap        ] GC(792) PSYoungGen: 147936K(243712K)->9824K(254464K) Eden: 140800K(140800K)->0K(155136K) From: 7136K(102912K)->9824K(99328K)
[113.983s][info][gc,heap        ] GC(792) ParOldGen: 434468K(699392K)->434468K(699392K)
[113.983s][info][gc,metaspace   ] GC(792) Metaspace: 10696K(10944K)->10696K(10944K) NonClass: 9804K(9920K)->9804K(9920K) Class: 891K(1024K)->891K(1024K)
[113.983s][info][gc             ] GC(792) Pause Young (Allocation Failure) 568M->433M(931M) 4.398ms
[113.984s][info][gc,cpu         ] GC(792) User=0.00s Sys=0.00s Real=0.00s
[114.031s][info][gc,start       ] GC(793) Pause Young (Allocation Failure)
[114.035s][info][gc,heap        ] GC(793) PSYoungGen: 164960K(254464K)->12032K(249856K) Eden: 155136K(155136K)->0K(155136K) From: 9824K(99328K)->12032K(94720K)
[114.035s][info][gc,heap        ] GC(793) ParOldGen: 434468K(699392K)->434468K(699392K)
[114.035s][info][gc,metaspace   ] GC(793) Metaspace: 10696K(10944K)->10696K(10944K) NonClass: 9804K(9920K)->9804K(9920K) Class: 891K(1024K)->891K(1024K)
[114.035s][info][gc             ] GC(793) Pause Young (Allocation Failure) 585M->436M(927M) 4.575ms
[114.035s][info][gc,cpu         ] GC(793) User=0.00s Sys=0.00s Real=0.01s
[114.084s][info][gc,start       ] GC(794) Pause Young (Allocation Failure)
[114.089s][info][gc,heap        ] GC(794) PSYoungGen: 167168K(249856K)->14272K(264192K) Eden: 155136K(155136K)->0K(174080K) From: 12032K(94720K)->14272K(90112K)
[114.089s][info][gc,heap        ] GC(794) ParOldGen: 434468K(699392K)->434468K(699392K)
[114.089s][info][gc,metaspace   ] GC(794) Metaspace: 10696K(10944K)->10696K(10944K) NonClass: 9804K(9920K)->9804K(9920K) Class: 891K(1024K)->891K(1024K)
[114.089s][info][gc             ] GC(794) Pause Young (Allocation Failure) 587M->438M(941M) 5.254ms
[114.089s][info][gc,cpu         ] GC(794) User=0.09s Sys=0.00s Real=0.00s
[114.145s][info][gc,start       ] GC(795) Pause Young (Allocation Failure)
[114.150s][info][gc,heap        ] GC(795) PSYoungGen: 188352K(264192K)->16544K(259072K) Eden: 174080K(174080K)->0K(174080K) From: 14272K(90112K)->16544K(84992K)
[114.150s][info][gc,heap        ] GC(795) ParOldGen: 434468K(699392K)->434468K(699392K)
[114.150s][info][gc,metaspace   ] GC(795) Metaspace: 10696K(10944K)->10696K(10944K) NonClass: 9804K(9920K)->9804K(9920K) Class: 891K(1024K)->891K(1024K)
[114.150s][info][gc             ] GC(795) Pause Young (Allocation Failure) 608M->440M(936M) 5.876ms
[114.150s][info][gc,cpu         ] GC(795) User=0.09s Sys=0.00s Real=0.00s
[114.208s][info][gc,start       ] GC(796) Pause Young (Allocation Failure)
[114.214s][info][gc,heap        ] GC(796) PSYoungGen: 190624K(259072K)->18464K(274432K) Eden: 174080K(174080K)->0K(194560K) From: 16544K(84992K)->18464K(79872K)
[114.214s][info][gc,heap        ] GC(796) ParOldGen: 434468K(699392K)->434468K(699392K)
[114.215s][info][gc,metaspace   ] GC(796) Metaspace: 10696K(10944K)->10696K(10944K) NonClass: 9804K(9920K)->9804K(9920K) Class: 891K(1024K)->891K(1024K)
[114.215s][info][gc             ] GC(796) Pause Young (Allocation Failure) 610M->442M(951M) 6.322ms
[114.215s][info][gc,cpu         ] GC(796) User=0.08s Sys=0.00s Real=0.01s
[114.278s][info][gc,start       ] GC(797) Pause Young (Allocation Failure)
[114.285s][info][gc,heap        ] GC(797) PSYoungGen: 213024K(274432K)->20608K(269312K) Eden: 194560K(194560K)->0K(194560K) From: 18464K(79872K)->20608K(74752K)
[114.285s][info][gc,heap        ] GC(797) ParOldGen: 434468K(699392K)->434468K(699392K)
[114.285s][info][gc,metaspace   ] GC(797) Metaspace: 10696K(10944K)->10696K(10944K) NonClass: 9804K(9920K)->9804K(9920K) Class: 891K(1024K)->891K(1024K)
[114.285s][info][gc             ] GC(797) Pause Young (Allocation Failure) 632M->444M(946M) 7.041ms
[114.285s][info][gc,cpu         ] GC(797) User=0.00s Sys=0.00s Real=0.01s
[114.347s][info][gc,start       ] GC(798) Pause Young (Allocation Failure)
[114.354s][info][gc,heap        ] GC(798) PSYoungGen: 215168K(269312K)->22720K(283648K) Eden: 194560K(194560K)->0K(214016K) From: 20608K(74752K)->22720K(69632K)
[114.355s][info][gc,heap        ] GC(798) ParOldGen: 434468K(699392K)->434468K(699392K)
[114.355s][info][gc,metaspace   ] GC(798) Metaspace: 10696K(10944K)->10696K(10944K) NonClass: 9804K(9920K)->9804K(9920K) Class: 891K(1024K)->891K(1024K)
[114.355s][info][gc             ] GC(798) Pause Young (Allocation Failure) 634M->446M(960M) 7.414ms
[114.355s][info][gc,cpu         ] GC(798) User=0.09s Sys=0.00s Real=0.01s
[114.424s][info][gc,start       ] GC(799) Pause Young (Allocation Failure)
[114.432s][info][gc,heap        ] GC(799) PSYoungGen: 236736K(283648K)->24832K(279552K) Eden: 214016K(214016K)->0K(214016K) From: 22720K(69632K)->24832K(65536K)
[114.432s][info][gc,heap        ] GC(799) ParOldGen: 434468K(699392K)->434468K(699392K)
[114.432s][info][gc,metaspace   ] GC(799) Metaspace: 10696K(10944K)->10696K(10944K) NonClass: 9804K(9920K)->9804K(9920K) Class: 891K(1024K)->891K(1024K)
[114.432s][info][gc             ] GC(799) Pause Young (Allocation Failure) 655M->448M(956M) 8.026ms
[114.432s][info][gc,cpu         ] GC(799) User=0.09s Sys=0.00s Real=0.01s
[114.503s][info][gc,start       ] GC(800) Pause Young (Allocation Failure)
[114.511s][info][gc,heap        ] GC(800) PSYoungGen: 238848K(279552K)->26784K(289280K) Eden: 214016K(214016K)->0K(227328K) From: 24832K(65536K)->26784K(61952K)
[114.511s][info][gc,heap        ] GC(800) ParOldGen: 434468K(699392K)->434468K(699392K)
[114.511s][info][gc,metaspace   ] GC(800) Metaspace: 10696K(10944K)->10696K(10944K) NonClass: 9804K(9920K)->9804K(9920K) Class: 891K(1024K)->891K(1024K)
[114.511s][info][gc             ] GC(800) Pause Young (Allocation Failure) 657M->450M(965M) 8.543ms
[114.511s][info][gc,cpu         ] GC(800) User=0.09s Sys=0.00s Real=0.01s
[114.587s][info][gc,start       ] GC(801) Pause Young (Allocation Failure)
[114.596s][info][gc,heap        ] GC(801) PSYoungGen: 254112K(289280K)->28992K(287232K) Eden: 227328K(227328K)->0K(227328K) From: 26784K(61952K)->28992K(59904K)
[114.596s][info][gc,heap        ] GC(801) ParOldGen: 434468K(699392K)->434468K(699392K)
[114.596s][info][gc,metaspace   ] GC(801) Metaspace: 10696K(10944K)->10696K(10944K) NonClass: 9804K(9920K)->9804K(9920K) Class: 891K(1024K)->891K(1024K)
[114.596s][info][gc             ] GC(801) Pause Young (Allocation Failure) 672M->452M(963M) 9.506ms
[114.596s][info][gc,cpu         ] GC(801) User=0.08s Sys=0.02s Real=0.01s
[114.670s][info][gc,start       ] GC(802) Pause Young (Allocation Failure)
[114.679s][info][gc,heap        ] GC(802) PSYoungGen: 256320K(287232K)->30912K(291328K) Eden: 227328K(227328K)->0K(232960K) From: 28992K(59904K)->30912K(58368K)
[114.679s][info][gc,heap        ] GC(802) ParOldGen: 434468K(699392K)->434468K(699392K)
[114.679s][info][gc,metaspace   ] GC(802) Metaspace: 10696K(10944K)->10696K(10944K) NonClass: 9804K(9920K)->9804K(9920K) Class: 891K(1024K)->891K(1024K)
[114.679s][info][gc             ] GC(802) Pause Young (Allocation Failure) 674M->454M(967M) 9.589ms
[114.679s][info][gc,cpu         ] GC(802) User=0.00s Sys=0.00s Real=0.01s
[114.757s][info][gc,start       ] GC(803) Pause Young (Allocation Failure)
[114.767s][info][gc,heap        ] GC(803) PSYoungGen: 263872K(291328K)->33024K(290816K) Eden: 232960K(232960K)->0K(232960K) From: 30912K(58368K)->33024K(57856K)
[114.767s][info][gc,heap        ] GC(803) ParOldGen: 434468K(699392K)->434468K(699392K)
[114.767s][info][gc,metaspace   ] GC(803) Metaspace: 10696K(10944K)->10696K(10944K) NonClass: 9804K(9920K)->9804K(9920K) Class: 891K(1024K)->891K(1024K)
[114.767s][info][gc             ] GC(803) Pause Young (Allocation Failure) 681M->456M(967M) 10.322ms
[114.767s][info][gc,cpu         ] GC(803) User=0.08s Sys=0.00s Real=0.01s
[114.846s][info][gc,start       ] GC(804) Pause Young (Allocation Failure)
[114.856s][info][gc,heap        ] GC(804) PSYoungGen: 265984K(290816K)->35104K(290304K) Eden: 232960K(232960K)->0K(232448K) From: 33024K(57856K)->35104K(57856K)
[114.857s][info][gc,heap        ] GC(804) ParOldGen: 434468K(699392K)->434468K(699392K)
[114.857s][info][gc,metaspace   ] GC(804) Metaspace: 10696K(10944K)->10696K(10944K) NonClass: 9804K(9920K)->9804K(9920K) Class: 891K(1024K)->891K(1024K)
[114.857s][info][gc             ] GC(804) Pause Young (Allocation Failure) 684M->458M(966M) 10.988ms
[114.857s][info][gc,cpu         ] GC(804) User=0.09s Sys=0.00s Real=0.01s
[114.938s][info][gc,start       ] GC(805) Pause Young (Allocation Failure)
[114.949s][info][gc,heap        ] GC(805) PSYoungGen: 267552K(290304K)->35456K(268288K) Eden: 232448K(232448K)->0K(232448K) From: 35104K(57856K)->35456K(35840K)
[114.949s][info][gc,heap        ] GC(805) ParOldGen: 434468K(699392K)->435964K(699392K)
[114.949s][info][gc,metaspace   ] GC(805) Metaspace: 10696K(10944K)->10696K(10944K) NonClass: 9804K(9920K)->9804K(9920K) Class: 891K(1024K)->891K(1024K)
[114.949s][info][gc             ] GC(805) Pause Young (Allocation Failure) 685M->460M(945M) 11.223ms
[114.949s][info][gc,cpu         ] GC(805) User=0.09s Sys=0.00s Real=0.01s
[115.027s][info][gc,start       ] GC(806) Pause Young (Allocation Failure)
[115.038s][info][gc,heap        ] GC(806) PSYoungGen: 267904K(268288K)->36416K(290304K) Eden: 232448K(232448K)->0K(231424K) From: 35456K(35840K)->36416K(58880K)
[115.038s][info][gc,heap        ] GC(806) ParOldGen: 435964K(699392K)->437164K(699392K)
[115.038s][info][gc,metaspace   ] GC(806) Metaspace: 10696K(10944K)->10696K(10944K) NonClass: 9804K(9920K)->9804K(9920K) Class: 891K(1024K)->891K(1024K)
[115.038s][info][gc             ] GC(806) Pause Young (Allocation Failure) 687M->462M(966M) 11.560ms
[115.038s][info][gc,cpu         ] GC(806) User=0.00s Sys=0.00s Real=0.01s
[115.117s][info][gc,start       ] GC(807) Pause Young (Allocation Failure)
[115.129s][info][gc,heap        ] GC(807) PSYoungGen: 267840K(290304K)->37152K(268800K) Eden: 231424K(231424K)->0K(231424K) From: 36416K(58880K)->37152K(37376K)
[115.129s][info][gc,heap        ] GC(807) ParOldGen: 437164K(699392K)->438420K(699392K)
[115.129s][info][gc,metaspace   ] GC(807) Metaspace: 10696K(10944K)->10696K(10944K) NonClass: 9804K(9920K)->9804K(9920K) Class: 891K(1024K)->891K(1024K)
[115.129s][info][gc             ] GC(807) Pause Young (Allocation Failure) 688M->464M(945M) 11.796ms
[115.129s][info][gc,cpu         ] GC(807) User=0.09s Sys=0.00s Real=0.01s
[115.206s][info][gc,start       ] GC(808) Pause Young (Allocation Failure)
[115.218s][info][gc,heap        ] GC(808) PSYoungGen: 268576K(268800K)->37856K(288768K) Eden: 231424K(231424K)->0K(229376K) From: 37152K(37376K)->37856K(59392K)
[115.218s][info][gc,heap        ] GC(808) ParOldGen: 438420K(699392K)->439644K(699392K)
[115.218s][info][gc,metaspace   ] GC(808) Metaspace: 10696K(10944K)->10696K(10944K) NonClass: 9804K(9920K)->9804K(9920K) Class: 891K(1024K)->891K(1024K)
[115.218s][info][gc             ] GC(808) Pause Young (Allocation Failure) 690M->466M(965M) 11.907ms
[115.218s][info][gc,cpu         ] GC(808) User=0.09s Sys=0.00s Real=0.01s
[115.295s][info][gc,start       ] GC(809) Pause Young (Allocation Failure)
[115.306s][info][gc,heap        ] GC(809) PSYoungGen: 267232K(288768K)->38432K(289280K) Eden: 229376K(229376K)->0K(229376K) From: 37856K(59392K)->38432K(59904K)
[115.306s][info][gc,heap        ] GC(809) ParOldGen: 439644K(699392K)->440916K(699392K)
[115.306s][info][gc,metaspace   ] GC(809) Metaspace: 10696K(10944K)->10696K(10944K) NonClass: 9804K(9920K)->9804K(9920K) Class: 891K(1024K)->891K(1024K)
[115.306s][info][gc             ] GC(809) Pause Young (Allocation Failure) 690M->468M(965M) 11.898ms
[115.306s][info][gc,cpu         ] GC(809) User=0.09s Sys=0.00s Real=0.01s
[115.381s][info][gc,start       ] GC(810) Pause Young (Allocation Failure)
[115.393s][info][gc,heap        ] GC(810) PSYoungGen: 267808K(289280K)->39136K(288256K) Eden: 229376K(229376K)->0K(228352K) From: 38432K(59904K)->39136K(59904K)
[115.393s][info][gc,heap        ] GC(810) ParOldGen: 440916K(699392K)->442324K(699392K)
[115.393s][info][gc,metaspace   ] GC(810) Metaspace: 10696K(10944K)->10696K(10944K) NonClass: 9804K(9920K)->9804K(9920K) Class: 891K(1024K)->891K(1024K)
[115.393s][info][gc             ] GC(810) Pause Young (Allocation Failure) 692M->470M(964M) 12.140ms
[115.393s][info][gc,cpu         ] GC(810) User=0.09s Sys=0.00s Real=0.01s
[115.467s][info][gc,start       ] GC(811) Pause Young (Allocation Failure)
[115.480s][info][gc,heap        ] GC(811) PSYoungGen: 267488K(288256K)->39488K(288768K) Eden: 228352K(228352K)->0K(228352K) From: 39136K(59904K)->39488K(60416K)
[115.480s][info][gc,heap        ] GC(811) ParOldGen: 442324K(699392K)->443716K(699392K)
[115.480s][info][gc,metaspace   ] GC(811) Metaspace: 10696K(10944K)->10696K(10944K) NonClass: 9804K(9920K)->9804K(9920K) Class: 891K(1024K)->891K(1024K)
[115.480s][info][gc             ] GC(811) Pause Young (Allocation Failure) 693M->471M(965M) 12.510ms
[115.480s][info][gc,cpu         ] GC(811) User=0.09s Sys=0.00s Real=0.01s
[115.557s][info][gc,start       ] GC(812) Pause Young (Allocation Failure)
[115.569s][info][gc,heap        ] GC(812) PSYoungGen: 267840K(288768K)->39744K(288768K) Eden: 228352K(228352K)->0K(228352K) From: 39488K(60416K)->39744K(60416K)
[115.569s][info][gc,heap        ] GC(812) ParOldGen: 443716K(699392K)->445332K(699392K)
[115.570s][info][gc,metaspace   ] GC(812) Metaspace: 10696K(10944K)->10696K(10944K) NonClass: 9804K(9920K)->9804K(9920K) Class: 891K(1024K)->891K(1024K)
[115.570s][info][gc             ] GC(812) Pause Young (Allocation Failure) 694M->473M(965M) 12.429ms
[115.570s][info][gc,cpu         ] GC(812) User=0.00s Sys=0.00s Real=0.01s
[115.644s][info][gc,start       ] GC(813) Pause Young (Allocation Failure)
[115.657s][info][gc,heap        ] GC(813) PSYoungGen: 268096K(288768K)->40160K(288768K) Eden: 228352K(228352K)->0K(228352K) From: 39744K(60416K)->40160K(60416K)
[115.657s][info][gc,heap        ] GC(813) ParOldGen: 445332K(699392K)->446812K(699392K)
[115.657s][info][gc,metaspace   ] GC(813) Metaspace: 10696K(10944K)->10696K(10944K) NonClass: 9804K(9920K)->9804K(9920K) Class: 891K(1024K)->891K(1024K)
[115.657s][info][gc             ] GC(813) Pause Young (Allocation Failure) 696M->475M(965M) 12.471ms
[115.657s][info][gc,cpu         ] GC(813) User=0.09s Sys=0.00s Real=0.01s
[115.734s][info][gc,start       ] GC(814) Pause Young (Allocation Failure)
[115.747s][info][gc,heap        ] GC(814) PSYoungGen: 268512K(288768K)->40256K(288768K) Eden: 228352K(228352K)->0K(228352K) From: 40160K(60416K)->40256K(60416K)
[115.747s][info][gc,heap        ] GC(814) ParOldGen: 446812K(699392K)->448500K(699392K)
[115.747s][info][gc,metaspace   ] GC(814) Metaspace: 10696K(10944K)->10696K(10944K) NonClass: 9804K(9920K)->9804K(9920K) Class: 891K(1024K)->891K(1024K)
[115.747s][info][gc             ] GC(814) Pause Young (Allocation Failure) 698M->477M(965M) 12.837ms
[115.747s][info][gc,cpu         ] GC(814) User=0.09s Sys=0.00s Real=0.01s
[115.822s][info][gc,start       ] GC(815) Pause Young (Allocation Failure)
[115.835s][info][gc,heap        ] GC(815) PSYoungGen: 268608K(288768K)->40544K(288768K) Eden: 228352K(228352K)->0K(228352K) From: 40256K(60416K)->40544K(60416K)
[115.835s][info][gc,heap        ] GC(815) ParOldGen: 448500K(699392K)->450172K(699392K)
[115.835s][info][gc,metaspace   ] GC(815) Metaspace: 10696K(10944K)->10696K(10944K) NonClass: 9804K(9920K)->9804K(9920K) Class: 891K(1024K)->891K(1024K)
[115.835s][info][gc             ] GC(815) Pause Young (Allocation Failure) 700M->479M(965M) 12.828ms
[115.835s][info][gc,cpu         ] GC(815) User=0.00s Sys=0.00s Real=0.01s
[115.914s][info][gc,start       ] GC(816) Pause Young (Allocation Failure)
[115.927s][info][gc,heap        ] GC(816) PSYoungGen: 268896K(288768K)->40480K(289792K) Eden: 228352K(228352K)->0K(229888K) From: 40544K(60416K)->40480K(59904K)
[115.927s][info][gc,heap        ] GC(816) ParOldGen: 450172K(699392K)->452036K(699392K)
[115.927s][info][gc,metaspace   ] GC(816) Metaspace: 10696K(10944K)->10696K(10944K) NonClass: 9804K(9920K)->9804K(9920K) Class: 891K(1024K)->891K(1024K)
[115.927s][info][gc             ] GC(816) Pause Young (Allocation Failure) 702M->480M(966M) 12.844ms
[115.927s][info][gc,cpu         ] GC(816) User=0.09s Sys=0.00s Real=0.01s
[116.001s][info][gc,start       ] GC(817) Pause Young (Allocation Failure)
[116.014s][info][gc,heap        ] GC(817) PSYoungGen: 270368K(289792K)->40512K(289280K) Eden: 229888K(229888K)->0K(229888K) From: 40480K(59904K)->40512K(59392K)
[116.014s][info][gc,heap        ] GC(817) ParOldGen: 452036K(699392K)->453828K(699392K)
[116.014s][info][gc,metaspace   ] GC(817) Metaspace: 10696K(10944K)->10696K(10944K) NonClass: 9804K(9920K)->9804K(9920K) Class: 891K(1024K)->891K(1024K)
[116.014s][info][gc             ] GC(817) Pause Young (Allocation Failure) 705M->482M(965M) 12.774ms
[116.014s][info][gc,cpu         ] GC(817) User=0.09s Sys=0.00s Real=0.01s
[116.090s][info][gc,start       ] GC(818) Pause Young (Allocation Failure)
[116.102s][info][gc,heap        ] GC(818) PSYoungGen: 270400K(289280K)->40320K(290816K) Eden: 229888K(229888K)->0K(231936K) From: 40512K(59392K)->40320K(58880K)
[116.102s][info][gc,heap        ] GC(818) ParOldGen: 453828K(699392K)->455732K(699392K)
[116.102s][info][gc,metaspace   ] GC(818) Metaspace: 10696K(10944K)->10696K(10944K) NonClass: 9804K(9920K)->9804K(9920K) Class: 891K(1024K)->891K(1024K)
[116.102s][info][gc             ] GC(818) Pause Young (Allocation Failure) 707M->484M(967M) 12.605ms
[116.102s][info][gc,cpu         ] GC(818) User=0.00s Sys=0.00s Real=0.01s
[116.178s][info][gc,start       ] GC(819) Pause Young (Allocation Failure)
[116.191s][info][gc,heap        ] GC(819) PSYoungGen: 272256K(290816K)->40192K(290304K) Eden: 231936K(231936K)->0K(231936K) From: 40320K(58880K)->40192K(58368K)
[116.191s][info][gc,heap        ] GC(819) ParOldGen: 455732K(699392K)->457668K(699392K)
[116.191s][info][gc,metaspace   ] GC(819) Metaspace: 10696K(10944K)->10696K(10944K) NonClass: 9804K(9920K)->9804K(9920K) Class: 891K(1024K)->891K(1024K)
[116.191s][info][gc             ] GC(819) Pause Young (Allocation Failure) 710M->486M(966M) 13.143ms
[116.191s][info][gc,cpu         ] GC(819) User=0.09s Sys=0.00s Real=0.01s
[116.269s][info][gc,start       ] GC(820) Pause Young (Allocation Failure)
[116.282s][info][gc,heap        ] GC(820) PSYoungGen: 272128K(290304K)->40416K(292352K) Eden: 231936K(231936K)->0K(235008K) From: 40192K(58368K)->40416K(57344K)
[116.282s][info][gc,heap        ] GC(820) ParOldGen: 457668K(699392K)->459556K(699392K)
[116.282s][info][gc,metaspace   ] GC(820) Metaspace: 10696K(10944K)->10696K(10944K) NonClass: 9804K(9920K)->9804K(9920K) Class: 891K(1024K)->891K(1024K)
[116.282s][info][gc             ] GC(820) Pause Young (Allocation Failure) 712M->488M(968M) 12.943ms
[116.282s][info][gc,cpu         ] GC(820) User=0.06s Sys=0.00s Real=0.01s
[116.360s][info][gc,start       ] GC(821) Pause Young (Allocation Failure)
[116.373s][info][gc,heap        ] GC(821) PSYoungGen: 275424K(292352K)->40416K(291840K) Eden: 235008K(235008K)->0K(235008K) From: 40416K(57344K)->40416K(56832K)
[116.373s][info][gc,heap        ] GC(821) ParOldGen: 459556K(699392K)->461468K(699392K)
[116.373s][info][gc,metaspace   ] GC(821) Metaspace: 10696K(10944K)->10696K(10944K) NonClass: 9804K(9920K)->9804K(9920K) Class: 891K(1024K)->891K(1024K)
[116.373s][info][gc             ] GC(821) Pause Young (Allocation Failure) 717M->490M(968M) 13.010ms
[116.373s][info][gc,cpu         ] GC(821) User=0.09s Sys=0.00s Real=0.01s
[116.453s][info][gc,start       ] GC(822) Pause Young (Allocation Failure)
[116.465s][info][gc,heap        ] GC(822) PSYoungGen: 275424K(291840K)->40480K(293888K) Eden: 235008K(235008K)->0K(237568K) From: 40416K(56832K)->40480K(56320K)
[116.465s][info][gc,heap        ] GC(822) ParOldGen: 461468K(699392K)->463388K(699392K)
[116.465s][info][gc,metaspace   ] GC(822) Metaspace: 10696K(10944K)->10696K(10944K) NonClass: 9804K(9920K)->9804K(9920K) Class: 891K(1024K)->891K(1024K)
[116.465s][info][gc             ] GC(822) Pause Young (Allocation Failure) 719M->492M(970M) 12.757ms
[116.465s][info][gc,cpu         ] GC(822) User=0.09s Sys=0.00s Real=0.01s
[116.545s][info][gc,start       ] GC(823) Pause Young (Allocation Failure)
[116.558s][info][gc,heap        ] GC(823) PSYoungGen: 278048K(293888K)->40416K(292864K) Eden: 237568K(237568K)->0K(237568K) From: 40480K(56320K)->40416K(55296K)
[116.558s][info][gc,heap        ] GC(823) ParOldGen: 463388K(699392K)->465308K(699392K)
[116.558s][info][gc,metaspace   ] GC(823) Metaspace: 10696K(10944K)->10696K(10944K) NonClass: 9804K(9920K)->9804K(9920K) Class: 891K(1024K)->891K(1024K)
[116.558s][info][gc             ] GC(823) Pause Young (Allocation Failure) 724M->493M(969M) 12.967ms
[116.558s][info][gc,cpu         ] GC(823) User=0.09s Sys=0.00s Real=0.01s
[116.637s][info][gc,start       ] GC(824) Pause Young (Allocation Failure)
[116.650s][info][gc,heap        ] GC(824) PSYoungGen: 277984K(292864K)->40544K(295424K) Eden: 237568K(237568K)->0K(240640K) From: 40416K(55296K)->40544K(54784K)
[116.650s][info][gc,heap        ] GC(824) ParOldGen: 465308K(699392K)->467196K(699392K)
[116.650s][info][gc,metaspace   ] GC(824) Metaspace: 10696K(10944K)->10696K(10944K) NonClass: 9804K(9920K)->9804K(9920K) Class: 891K(1024K)->891K(1024K)
[116.650s][info][gc             ] GC(824) Pause Young (Allocation Failure) 725M->495M(971M) 12.985ms
[116.650s][info][gc,cpu         ] GC(824) User=0.00s Sys=0.00s Real=0.01s
[116.728s][info][gc,start       ] GC(825) Pause Young (Allocation Failure)
[116.741s][info][gc,heap        ] GC(825) PSYoungGen: 281184K(295424K)->40416K(294400K) Eden: 240640K(240640K)->0K(240640K) From: 40544K(54784K)->40416K(53760K)
[116.741s][info][gc,heap        ] GC(825) ParOldGen: 467196K(699392K)->469068K(699392K)
[116.741s][info][gc,metaspace   ] GC(825) Metaspace: 10696K(10944K)->10696K(10944K) NonClass: 9804K(9920K)->9804K(9920K) Class: 891K(1024K)->891K(1024K)
[116.741s][info][gc             ] GC(825) Pause Young (Allocation Failure) 730M->497M(970M) 12.823ms
[116.741s][info][gc,cpu         ] GC(825) User=0.00s Sys=0.02s Real=0.01s
[116.821s][info][gc,start       ] GC(826) Pause Young (Allocation Failure)
[116.834s][info][gc,heap        ] GC(826) PSYoungGen: 281056K(294400K)->40736K(296448K) Eden: 240640K(240640K)->0K(243200K) From: 40416K(53760K)->40736K(53248K)
[116.834s][info][gc,heap        ] GC(826) ParOldGen: 469068K(699392K)->470900K(699392K)
[116.834s][info][gc,metaspace   ] GC(826) Metaspace: 10696K(10944K)->10696K(10944K) NonClass: 9804K(9920K)->9804K(9920K) Class: 891K(1024K)->891K(1024K)
[116.834s][info][gc             ] GC(826) Pause Young (Allocation Failure) 732M->499M(972M) 12.885ms
[116.834s][info][gc,cpu         ] GC(826) User=0.09s Sys=0.00s Real=0.01s
[116.917s][info][gc,start       ] GC(827) Pause Young (Allocation Failure)
[116.929s][info][gc,heap        ] GC(827) PSYoungGen: 283936K(296448K)->40736K(295936K) Eden: 243200K(243200K)->0K(243200K) From: 40736K(53248K)->40736K(52736K)
[116.930s][info][gc,heap        ] GC(827) ParOldGen: 470900K(699392K)->472772K(699392K)
[116.930s][info][gc,metaspace   ] GC(827) Metaspace: 10696K(10944K)->10696K(10944K) NonClass: 9804K(9920K)->9804K(9920K) Class: 891K(1024K)->891K(1024K)
[116.930s][info][gc             ] GC(827) Pause Young (Allocation Failure) 737M->501M(972M) 12.960ms
[116.930s][info][gc,cpu         ] GC(827) User=0.00s Sys=0.00s Real=0.01s
[117.011s][info][gc,start       ] GC(828) Pause Young (Allocation Failure)
[117.024s][info][gc,heap        ] GC(828) PSYoungGen: 283936K(295936K)->40992K(297984K) Eden: 243200K(243200K)->0K(246272K) From: 40736K(52736K)->40992K(51712K)
[117.024s][info][gc,heap        ] GC(828) ParOldGen: 472772K(699392K)->474612K(699392K)
[117.024s][info][gc,metaspace   ] GC(828) Metaspace: 10696K(10944K)->10696K(10944K) NonClass: 9804K(9920K)->9804K(9920K) Class: 891K(1024K)->891K(1024K)
[117.024s][info][gc             ] GC(828) Pause Young (Allocation Failure) 738M->503M(974M) 13.012ms
[117.024s][info][gc,cpu         ] GC(828) User=0.00s Sys=0.00s Real=0.01s
[117.107s][info][gc,start       ] GC(829) Pause Young (Allocation Failure)
[117.120s][info][gc,heap        ] GC(829) PSYoungGen: 287264K(297984K)->41056K(297472K) Eden: 246272K(246272K)->0K(246272K) From: 40992K(51712K)->41056K(51200K)
[117.120s][info][gc,heap        ] GC(829) ParOldGen: 474612K(699392K)->476492K(699392K)
[117.120s][info][gc,metaspace   ] GC(829) Metaspace: 10696K(10944K)->10696K(10944K) NonClass: 9804K(9920K)->9804K(9920K) Class: 891K(1024K)->891K(1024K)
[117.120s][info][gc             ] GC(829) Pause Young (Allocation Failure) 744M->505M(973M) 13.047ms
[117.120s][info][gc,cpu         ] GC(829) User=0.09s Sys=0.00s Real=0.01s
[117.202s][info][gc,start       ] GC(830) Pause Young (Allocation Failure)
[117.215s][info][gc,heap        ] GC(830) PSYoungGen: 287328K(297472K)->41216K(298496K) Eden: 246272K(246272K)->0K(247808K) From: 41056K(51200K)->41216K(50688K)
[117.215s][info][gc,heap        ] GC(830) ParOldGen: 476492K(699392K)->478268K(699392K)
[117.215s][info][gc,metaspace   ] GC(830) Metaspace: 10696K(10944K)->10696K(10944K) NonClass: 9804K(9920K)->9804K(9920K) Class: 891K(1024K)->891K(1024K)
[117.215s][info][gc             ] GC(830) Pause Young (Allocation Failure) 745M->507M(974M) 12.875ms
[117.215s][info][gc,cpu         ] GC(830) User=0.09s Sys=0.00s Real=0.01s
[117.299s][info][gc,start       ] GC(831) Pause Young (Allocation Failure)
[117.312s][info][gc,heap        ] GC(831) PSYoungGen: 289024K(298496K)->41408K(298496K) Eden: 247808K(247808K)->0K(247808K) From: 41216K(50688K)->41408K(50688K)
[117.312s][info][gc,heap        ] GC(831) ParOldGen: 478268K(699392K)->480100K(699392K)
[117.312s][info][gc,metaspace   ] GC(831) Metaspace: 10696K(10944K)->10696K(10944K) NonClass: 9804K(9920K)->9804K(9920K) Class: 891K(1024K)->891K(1024K)
[117.312s][info][gc             ] GC(831) Pause Young (Allocation Failure) 749M->509M(974M) 13.180ms
[117.312s][info][gc,cpu         ] GC(831) User=0.09s Sys=0.00s Real=0.01s
[117.394s][info][gc,start       ] GC(832) Pause Young (Allocation Failure)
[117.407s][info][gc,heap        ] GC(832) PSYoungGen: 289216K(298496K)->41664K(299520K) Eden: 247808K(247808K)->0K(249344K) From: 41408K(50688K)->41664K(50176K)
[117.407s][info][gc,heap        ] GC(832) ParOldGen: 480100K(699392K)->481940K(699392K)
[117.407s][info][gc,metaspace   ] GC(832) Metaspace: 10696K(10944K)->10696K(10944K) NonClass: 9804K(9920K)->9804K(9920K) Class: 891K(1024K)->891K(1024K)
[117.407s][info][gc             ] GC(832) Pause Young (Allocation Failure) 751M->511M(975M) 13.269ms
[117.407s][info][gc,cpu         ] GC(832) User=0.09s Sys=0.00s Real=0.01s
[117.488s][info][gc,start       ] GC(833) Pause Young (Allocation Failure)
[117.502s][info][gc,heap        ] GC(833) PSYoungGen: 291008K(299520K)->41824K(299008K) Eden: 249344K(249344K)->0K(249344K) From: 41664K(50176K)->41824K(49664K)
[117.502s][info][gc,heap        ] GC(833) ParOldGen: 481940K(699392K)->483780K(699392K)
[117.502s][info][gc,metaspace   ] GC(833) Metaspace: 10696K(10944K)->10696K(10944K) NonClass: 9804K(9920K)->9804K(9920K) Class: 891K(1024K)->891K(1024K)
[117.502s][info][gc             ] GC(833) Pause Young (Allocation Failure) 754M->513M(975M) 13.862ms
[117.502s][info][gc,cpu         ] GC(833) User=0.09s Sys=0.00s Real=0.01s
[117.585s][info][gc,start       ] GC(834) Pause Young (Allocation Failure)
[117.599s][info][gc,heap        ] GC(834) PSYoungGen: 291168K(299008K)->42080K(300032K) Eden: 249344K(249344K)->0K(250368K) From: 41824K(49664K)->42080K(49664K)
[117.599s][info][gc,heap        ] GC(834) ParOldGen: 483780K(699392K)->485524K(699392K)
[117.599s][info][gc,metaspace   ] GC(834) Metaspace: 10696K(10944K)->10696K(10944K) NonClass: 9804K(9920K)->9804K(9920K) Class: 891K(1024K)->891K(1024K)
[117.599s][info][gc             ] GC(834) Pause Young (Allocation Failure) 756M->515M(976M) 13.313ms
[117.599s][info][gc,cpu         ] GC(834) User=0.09s Sys=0.00s Real=0.01s
[117.681s][info][gc,start       ] GC(835) Pause Young (Allocation Failure)
[117.694s][info][gc,heap        ] GC(835) PSYoungGen: 292448K(300032K)->42176K(299520K) Eden: 250368K(250368K)->0K(250368K) From: 42080K(49664K)->42176K(49152K)
[117.694s][info][gc,heap        ] GC(835) ParOldGen: 485524K(699392K)->487452K(699392K)
[117.694s][info][gc,metaspace   ] GC(835) Metaspace: 10696K(10944K)->10696K(10944K) NonClass: 9804K(9920K)->9804K(9920K) Class: 891K(1024K)->891K(1024K)
[117.694s][info][gc             ] GC(835) Pause Young (Allocation Failure) 759M->517M(975M) 13.413ms
[117.695s][info][gc,cpu         ] GC(835) User=0.00s Sys=0.00s Real=0.02s
[117.775s][info][gc,start       ] GC(836) Pause Young (Allocation Failure)
[117.788s][info][gc,heap        ] GC(836) PSYoungGen: 292543K(299520K)->42144K(300032K) Eden: 250367K(250368K)->0K(250880K) From: 42176K(49152K)->42144K(49152K)
[117.788s][info][gc,heap        ] GC(836) ParOldGen: 487452K(699392K)->489356K(699392K)
[117.788s][info][gc,metaspace   ] GC(836) Metaspace: 10696K(10944K)->10696K(10944K) NonClass: 9804K(9920K)->9804K(9920K) Class: 891K(1024K)->891K(1024K)
[117.788s][info][gc             ] GC(836) Pause Young (Allocation Failure) 761M->519M(976M) 13.383ms
[117.788s][info][gc,cpu         ] GC(836) User=0.00s Sys=0.02s Real=0.01s
[117.869s][info][gc,start       ] GC(837) Pause Young (Allocation Failure)
[117.883s][info][gc,heap        ] GC(837) PSYoungGen: 293024K(300032K)->42112K(300032K) Eden: 250880K(250880K)->0K(250880K) From: 42144K(49152K)->42112K(49152K)
[117.883s][info][gc,heap        ] GC(837) ParOldGen: 489356K(699392K)->491244K(699392K)
[117.883s][info][gc,metaspace   ] GC(837) Metaspace: 10696K(10944K)->10696K(10944K) NonClass: 9804K(9920K)->9804K(9920K) Class: 891K(1024K)->891K(1024K)
[117.883s][info][gc             ] GC(837) Pause Young (Allocation Failure) 764M->520M(976M) 13.781ms
[117.883s][info][gc,cpu         ] GC(837) User=0.00s Sys=0.00s Real=0.01s
[117.969s][info][gc,start       ] GC(838) Pause Young (Allocation Failure)
[117.982s][info][gc,heap        ] GC(838) PSYoungGen: 292992K(300032K)->42080K(300544K) Eden: 250880K(250880K)->0K(251904K) From: 42112K(49152K)->42080K(48640K)
[117.982s][info][gc,heap        ] GC(838) ParOldGen: 491244K(699392K)->493140K(699392K)
[117.982s][info][gc,metaspace   ] GC(838) Metaspace: 10696K(10944K)->10696K(10944K) NonClass: 9804K(9920K)->9804K(9920K) Class: 891K(1024K)->891K(1024K)
[117.982s][info][gc             ] GC(838) Pause Young (Allocation Failure) 765M->522M(976M) 13.311ms
[117.982s][info][gc,cpu         ] GC(838) User=0.09s Sys=0.00s Real=0.01s
[118.067s][info][gc,start       ] GC(839) Pause Young (Allocation Failure)
[118.080s][info][gc,heap        ] GC(839) PSYoungGen: 293984K(300544K)->42240K(300544K) Eden: 251904K(251904K)->0K(251904K) From: 42080K(48640K)->42240K(48640K)
[118.080s][info][gc,heap        ] GC(839) ParOldGen: 493140K(699392K)->495092K(699392K)
[118.080s][info][gc,metaspace   ] GC(839) Metaspace: 10696K(10944K)->10696K(10944K) NonClass: 9804K(9920K)->9804K(9920K) Class: 891K(1024K)->891K(1024K)
[118.080s][info][gc             ] GC(839) Pause Young (Allocation Failure) 768M->524M(976M) 13.505ms
[118.080s][info][gc,cpu         ] GC(839) User=0.09s Sys=0.00s Real=0.01s
[118.162s][info][gc,start       ] GC(840) Pause Young (Allocation Failure)
[118.175s][info][gc,heap        ] GC(840) PSYoungGen: 294144K(300544K)->42208K(301056K) Eden: 251904K(251904K)->0K(252928K) From: 42240K(48640K)->42208K(48128K)
[118.175s][info][gc,heap        ] GC(840) ParOldGen: 495092K(699392K)->496988K(699392K)
[118.175s][info][gc,metaspace   ] GC(840) Metaspace: 10696K(10944K)->10696K(10944K) NonClass: 9804K(9920K)->9804K(9920K) Class: 891K(1024K)->891K(1024K)
[118.176s][info][gc             ] GC(840) Pause Young (Allocation Failure) 770M->526M(977M) 13.430ms
[118.176s][info][gc,cpu         ] GC(840) User=0.09s Sys=0.00s Real=0.01s
[118.259s][info][gc,start       ] GC(841) Pause Young (Allocation Failure)
[118.272s][info][gc,heap        ] GC(841) PSYoungGen: 295136K(301056K)->42400K(301056K) Eden: 252928K(252928K)->0K(252928K) From: 42208K(48128K)->42400K(48128K)
[118.272s][info][gc,heap        ] GC(841) ParOldGen: 496988K(699392K)->498948K(699392K)
[118.272s][info][gc,metaspace   ] GC(841) Metaspace: 10696K(10944K)->10696K(10944K) NonClass: 9804K(9920K)->9804K(9920K) Class: 891K(1024K)->891K(1024K)
[118.272s][info][gc             ] GC(841) Pause Young (Allocation Failure) 773M->528M(977M) 13.333ms
[118.272s][info][gc,cpu         ] GC(841) User=0.02s Sys=0.00s Real=0.01s
[118.356s][info][gc,start       ] GC(842) Pause Young (Allocation Failure)
[118.370s][info][gc,heap        ] GC(842) PSYoungGen: 295328K(301056K)->42432K(301568K) Eden: 252928K(252928K)->0K(253952K) From: 42400K(48128K)->42432K(47616K)
[118.370s][info][gc,heap        ] GC(842) ParOldGen: 498948K(699392K)->500892K(699392K)
[118.370s][info][gc,metaspace   ] GC(842) Metaspace: 10696K(10944K)->10696K(10944K) NonClass: 9804K(9920K)->9804K(9920K) Class: 891K(1024K)->891K(1024K)
[118.370s][info][gc             ] GC(842) Pause Young (Allocation Failure) 775M->530M(977M) 13.441ms
[118.370s][info][gc,cpu         ] GC(842) User=0.09s Sys=0.00s Real=0.02s
[118.455s][info][gc,start       ] GC(843) Pause Young (Allocation Failure)
[118.469s][info][gc,heap        ] GC(843) PSYoungGen: 296384K(301568K)->42592K(301568K) Eden: 253952K(253952K)->0K(253952K) From: 42432K(47616K)->42592K(47616K)
[118.469s][info][gc,heap        ] GC(843) ParOldGen: 500892K(699392K)->502820K(699392K)
[118.469s][info][gc,metaspace   ] GC(843) Metaspace: 10696K(10944K)->10696K(10944K) NonClass: 9804K(9920K)->9804K(9920K) Class: 891K(1024K)->891K(1024K)
[118.469s][info][gc             ] GC(843) Pause Young (Allocation Failure) 778M->532M(977M) 13.571ms
[118.469s][info][gc,cpu         ] GC(843) User=0.09s Sys=0.00s Real=0.01s
[118.555s][info][gc,start       ] GC(844) Pause Young (Allocation Failure)
[118.569s][info][gc,heap        ] GC(844) PSYoungGen: 296544K(301568K)->42880K(302080K) Eden: 253952K(253952K)->0K(254464K) From: 42592K(47616K)->42880K(47616K)
[118.569s][info][gc,heap        ] GC(844) ParOldGen: 502820K(699392K)->504836K(699392K)
[118.569s][info][gc,metaspace   ] GC(844) Metaspace: 10696K(10944K)->10696K(10944K) NonClass: 9804K(9920K)->9804K(9920K) Class: 891K(1024K)->891K(1024K)
[118.569s][info][gc             ] GC(844) Pause Young (Allocation Failure) 780M->534M(978M) 13.771ms
[118.569s][info][gc,cpu         ] GC(844) User=0.09s Sys=0.00s Real=0.01s
[118.657s][info][gc,start       ] GC(845) Pause Young (Allocation Failure)
[118.670s][info][gc,heap        ] GC(845) PSYoungGen: 297344K(302080K)->42976K(301568K) Eden: 254464K(254464K)->0K(254464K) From: 42880K(47616K)->42976K(47104K)
[118.670s][info][gc,heap        ] GC(845) ParOldGen: 504836K(699392K)->506780K(699392K)
[118.670s][info][gc,metaspace   ] GC(845) Metaspace: 10696K(10944K)->10696K(10944K) NonClass: 9804K(9920K)->9804K(9920K) Class: 891K(1024K)->891K(1024K)
[118.670s][info][gc             ] GC(845) Pause Young (Allocation Failure) 783M->536M(977M) 13.640ms
[118.670s][info][gc,cpu         ] GC(845) User=0.09s Sys=0.00s Real=0.01s
[118.755s][info][gc,start       ] GC(846) Pause Young (Allocation Failure)
[118.768s][info][gc,heap        ] GC(846) PSYoungGen: 297440K(301568K)->43232K(302080K) Eden: 254464K(254464K)->0K(254976K) From: 42976K(47104K)->43232K(47104K)
[118.768s][info][gc,heap        ] GC(846) ParOldGen: 506780K(699392K)->508732K(699392K)
[118.768s][info][gc,metaspace   ] GC(846) Metaspace: 10696K(10944K)->10696K(10944K) NonClass: 9804K(9920K)->9804K(9920K) Class: 891K(1024K)->891K(1024K)
[118.768s][info][gc             ] GC(846) Pause Young (Allocation Failure) 785M->539M(978M) 13.691ms
[118.768s][info][gc,cpu         ] GC(846) User=0.09s Sys=0.00s Real=0.01s
[118.855s][info][gc,start       ] GC(847) Pause Young (Allocation Failure)
[118.869s][info][gc,heap        ] GC(847) PSYoungGen: 298208K(302080K)->43296K(302080K) Eden: 254976K(254976K)->0K(254976K) From: 43232K(47104K)->43296K(47104K)
[118.869s][info][gc,heap        ] GC(847) ParOldGen: 508732K(699392K)->510660K(699392K)
[118.869s][info][gc,metaspace   ] GC(847) Metaspace: 10696K(10944K)->10696K(10944K) NonClass: 9804K(9920K)->9804K(9920K) Class: 891K(1024K)->891K(1024K)
[118.869s][info][gc             ] GC(847) Pause Young (Allocation Failure) 788M->540M(978M) 13.765ms
[118.869s][info][gc,cpu         ] GC(847) User=0.09s Sys=0.00s Real=0.01s
[118.955s][info][gc,start       ] GC(848) Pause Young (Allocation Failure)
[118.969s][info][gc,heap        ] GC(848) PSYoungGen: 298272K(302080K)->43456K(302080K) Eden: 254976K(254976K)->0K(254976K) From: 43296K(47104K)->43456K(47104K)
[118.969s][info][gc,heap        ] GC(848) ParOldGen: 510660K(699392K)->512612K(699392K)
[118.969s][info][gc,metaspace   ] GC(848) Metaspace: 10696K(10944K)->10696K(10944K) NonClass: 9804K(9920K)->9804K(9920K) Class: 891K(1024K)->891K(1024K)
[118.969s][info][gc             ] GC(848) Pause Young (Allocation Failure) 789M->543M(978M) 14.445ms
[118.969s][info][gc,cpu         ] GC(848) User=0.09s Sys=0.00s Real=0.01s
[119.054s][info][gc,start       ] GC(849) Pause Young (Allocation Failure)
[119.068s][info][gc,heap        ] GC(849) PSYoungGen: 298432K(302080K)->43456K(302080K) Eden: 254976K(254976K)->0K(254976K) From: 43456K(47104K)->43456K(47104K)
[119.068s][info][gc,heap        ] GC(849) ParOldGen: 512612K(699392K)->514636K(699392K)
[119.068s][info][gc,metaspace   ] GC(849) Metaspace: 10696K(10944K)->10696K(10944K) NonClass: 9804K(9920K)->9804K(9920K) Class: 891K(1024K)->891K(1024K)
[119.068s][info][gc             ] GC(849) Pause Young (Allocation Failure) 792M->545M(978M) 13.693ms
[119.068s][info][gc,cpu         ] GC(849) User=0.09s Sys=0.00s Real=0.01s
[119.154s][info][gc,start       ] GC(850) Pause Young (Allocation Failure)
[119.168s][info][gc,heap        ] GC(850) PSYoungGen: 298432K(302080K)->43712K(302080K) Eden: 254976K(254976K)->0K(254976K) From: 43456K(47104K)->43712K(47104K)
[119.168s][info][gc,heap        ] GC(850) ParOldGen: 514636K(699392K)->516548K(699392K)
[119.168s][info][gc,metaspace   ] GC(850) Metaspace: 10696K(10944K)->10696K(10944K) NonClass: 9804K(9920K)->9804K(9920K) Class: 891K(1024K)->891K(1024K)
[119.168s][info][gc             ] GC(850) Pause Young (Allocation Failure) 794M->547M(978M) 13.779ms
[119.168s][info][gc,cpu         ] GC(850) User=0.09s Sys=0.00s Real=0.01s
[119.253s][info][gc,start       ] GC(851) Pause Young (Allocation Failure)
[119.267s][info][gc,heap        ] GC(851) PSYoungGen: 298687K(302080K)->43808K(302080K) Eden: 254975K(254976K)->0K(254976K) From: 43712K(47104K)->43808K(47104K)
[119.267s][info][gc,heap        ] GC(851) ParOldGen: 516548K(699392K)->518476K(699392K)
[119.267s][info][gc,metaspace   ] GC(851) Metaspace: 10696K(10944K)->10696K(10944K) NonClass: 9804K(9920K)->9804K(9920K) Class: 891K(1024K)->891K(1024K)
[119.267s][info][gc             ] GC(851) Pause Young (Allocation Failure) 796M->549M(978M) 13.709ms
[119.267s][info][gc,cpu         ] GC(851) User=0.08s Sys=0.02s Real=0.01s
[119.352s][info][gc,start       ] GC(852) Pause Young (Allocation Failure)
[119.366s][info][gc,heap        ] GC(852) PSYoungGen: 298784K(302080K)->43968K(301056K) Eden: 254976K(254976K)->0K(253952K) From: 43808K(47104K)->43968K(47104K)
[119.366s][info][gc,heap        ] GC(852) ParOldGen: 518476K(699392K)->520356K(699392K)
[119.366s][info][gc,metaspace   ] GC(852) Metaspace: 10696K(10944K)->10696K(10944K) NonClass: 9804K(9920K)->9804K(9920K) Class: 891K(1024K)->891K(1024K)
[119.366s][info][gc             ] GC(852) Pause Young (Allocation Failure) 798M->551M(977M) 13.886ms
[119.366s][info][gc,cpu         ] GC(852) User=0.09s Sys=0.00s Real=0.01s
[119.450s][info][gc,start       ] GC(853) Pause Young (Allocation Failure)
[119.464s][info][gc,heap        ] GC(853) PSYoungGen: 297920K(301056K)->44160K(301568K) Eden: 253952K(253952K)->0K(253952K) From: 43968K(47104K)->44160K(47616K)
[119.464s][info][gc,heap        ] GC(853) ParOldGen: 520356K(699392K)->522212K(699392K)
[119.464s][info][gc,metaspace   ] GC(853) Metaspace: 10696K(10944K)->10696K(10944K) NonClass: 9804K(9920K)->9804K(9920K) Class: 891K(1024K)->891K(1024K)
[119.464s][info][gc             ] GC(853) Pause Young (Allocation Failure) 799M->553M(977M) 14.023ms
[119.464s][info][gc,cpu         ] GC(853) User=0.09s Sys=0.00s Real=0.01s
[119.549s][info][gc,start       ] GC(854) Pause Young (Allocation Failure)
[119.563s][info][gc,heap        ] GC(854) PSYoungGen: 298112K(301568K)->44320K(301568K) Eden: 253952K(253952K)->0K(253952K) From: 44160K(47616K)->44320K(47616K)
[119.563s][info][gc,heap        ] GC(854) ParOldGen: 522212K(699392K)->524244K(699392K)
[119.563s][info][gc,metaspace   ] GC(854) Metaspace: 10696K(10944K)->10696K(10944K) NonClass: 9804K(9920K)->9804K(9920K) Class: 891K(1024K)->891K(1024K)
[119.563s][info][gc             ] GC(854) Pause Young (Allocation Failure) 801M->555M(977M) 14.023ms
[119.563s][info][gc,cpu         ] GC(854) User=0.09s Sys=0.00s Real=0.01s
[119.649s][info][gc,start       ] GC(855) Pause Young (Allocation Failure)
[119.663s][info][gc,heap        ] GC(855) PSYoungGen: 298272K(301568K)->44320K(301568K) Eden: 253952K(253952K)->0K(253952K) From: 44320K(47616K)->44320K(47616K)
[119.663s][info][gc,heap        ] GC(855) ParOldGen: 524244K(699392K)->526140K(699392K)
[119.663s][info][gc,metaspace   ] GC(855) Metaspace: 10696K(10944K)->10696K(10944K) NonClass: 9804K(9920K)->9804K(9920K) Class: 891K(1024K)->891K(1024K)
[119.663s][info][gc             ] GC(855) Pause Young (Allocation Failure) 803M->557M(977M) 14.305ms
[119.663s][info][gc,cpu         ] GC(855) User=0.09s Sys=0.00s Real=0.01s
[119.747s][info][gc,start       ] GC(856) Pause Young (Allocation Failure)
[119.761s][info][gc,heap        ] GC(856) PSYoungGen: 298272K(301568K)->44544K(301568K) Eden: 253952K(253952K)->0K(253952K) From: 44320K(47616K)->44544K(47616K)
[119.761s][info][gc,heap        ] GC(856) ParOldGen: 526140K(699392K)->528132K(699392K)
[119.761s][info][gc,metaspace   ] GC(856) Metaspace: 10696K(10944K)->10696K(10944K) NonClass: 9804K(9920K)->9804K(9920K) Class: 891K(1024K)->891K(1024K)
[119.762s][info][gc             ] GC(856) Pause Young (Allocation Failure) 805M->559M(977M) 14.207ms
[119.762s][info][gc,cpu         ] GC(856) User=0.08s Sys=0.00s Real=0.02s
[119.845s][info][gc,start       ] GC(857) Pause Young (Allocation Failure)
[119.859s][info][gc,heap        ] GC(857) PSYoungGen: 298496K(301568K)->44416K(301568K) Eden: 253952K(253952K)->0K(253952K) From: 44544K(47616K)->44416K(47616K)
[119.859s][info][gc,heap        ] GC(857) ParOldGen: 528132K(699392K)->530076K(699392K)
[119.859s][info][gc,metaspace   ] GC(857) Metaspace: 10696K(10944K)->10696K(10944K) NonClass: 9804K(9920K)->9804K(9920K) Class: 891K(1024K)->891K(1024K)
[119.859s][info][gc             ] GC(857) Pause Young (Allocation Failure) 807M->561M(977M) 14.052ms
[119.859s][info][gc,cpu         ] GC(857) User=0.09s Sys=0.00s Real=0.01s
[119.946s][info][gc,start       ] GC(858) Pause Young (Allocation Failure)
[119.960s][info][gc,heap        ] GC(858) PSYoungGen: 298368K(301568K)->44480K(301568K) Eden: 253952K(253952K)->0K(253952K) From: 44416K(47616K)->44480K(47616K)
[119.960s][info][gc,heap        ] GC(858) ParOldGen: 530076K(699392K)->532132K(699392K)
[119.960s][info][gc,metaspace   ] GC(858) Metaspace: 10696K(10944K)->10696K(10944K) NonClass: 9804K(9920K)->9804K(9920K) Class: 891K(1024K)->891K(1024K)
[119.960s][info][gc             ] GC(858) Pause Young (Allocation Failure) 809M->563M(977M) 14.036ms
[119.960s][info][gc,cpu         ] GC(858) User=0.09s Sys=0.00s Real=0.02s
[120.045s][info][gc,start       ] GC(859) Pause Young (Allocation Failure)
[120.059s][info][gc,heap        ] GC(859) PSYoungGen: 298432K(301568K)->44320K(301568K) Eden: 253952K(253952K)->0K(253952K) From: 44480K(47616K)->44320K(47616K)
[120.059s][info][gc,heap        ] GC(859) ParOldGen: 532132K(699392K)->534316K(699392K)
[120.059s][info][gc,metaspace   ] GC(859) Metaspace: 10696K(10944K)->10696K(10944K) NonClass: 9804K(9920K)->9804K(9920K) Class: 891K(1024K)->891K(1024K)
[120.059s][info][gc             ] GC(859) Pause Young (Allocation Failure) 811M->565M(977M) 14.064ms
[120.059s][info][gc,cpu         ] GC(859) User=0.09s Sys=0.00s Real=0.01s
[120.143s][info][gc,start       ] GC(860) Pause Young (Allocation Failure)
[120.158s][info][gc,heap        ] GC(860) PSYoungGen: 298272K(301568K)->44448K(301568K) Eden: 253952K(253952K)->0K(253952K) From: 44320K(47616K)->44448K(47616K)
[120.158s][info][gc,heap        ] GC(860) ParOldGen: 534316K(699392K)->536356K(699392K)
[120.158s][info][gc,metaspace   ] GC(860) Metaspace: 10696K(10944K)->10696K(10944K) NonClass: 9804K(9920K)->9804K(9920K) Class: 891K(1024K)->891K(1024K)
[120.158s][info][gc             ] GC(860) Pause Young (Allocation Failure) 813M->567M(977M) 14.248ms
[120.158s][info][gc,cpu         ] GC(860) User=0.09s Sys=0.00s Real=0.01s
[120.242s][info][gc,start       ] GC(861) Pause Young (Allocation Failure)
[120.256s][info][gc,heap        ] GC(861) PSYoungGen: 298400K(301568K)->44320K(301568K) Eden: 253952K(253952K)->0K(253952K) From: 44448K(47616K)->44320K(47616K)
[120.256s][info][gc,heap        ] GC(861) ParOldGen: 536356K(699392K)->538468K(699392K)
[120.256s][info][gc,metaspace   ] GC(861) Metaspace: 10696K(10944K)->10696K(10944K) NonClass: 9804K(9920K)->9804K(9920K) Class: 891K(1024K)->891K(1024K)
[120.256s][info][gc             ] GC(861) Pause Young (Allocation Failure) 815M->569M(977M) 14.142ms
[120.256s][info][gc,cpu         ] GC(861) User=0.09s Sys=0.00s Real=0.01s
[120.342s][info][gc,start       ] GC(862) Pause Young (Allocation Failure)
[120.356s][info][gc,heap        ] GC(862) PSYoungGen: 298272K(301568K)->44320K(302080K) Eden: 253952K(253952K)->0K(254464K) From: 44320K(47616K)->44320K(47616K)
[120.356s][info][gc,heap        ] GC(862) ParOldGen: 538468K(699392K)->540580K(699392K)
[120.356s][info][gc,metaspace   ] GC(862) Metaspace: 10696K(10944K)->10696K(10944K) NonClass: 9804K(9920K)->9804K(9920K) Class: 891K(1024K)->891K(1024K)
[120.356s][info][gc             ] GC(862) Pause Young (Allocation Failure) 817M->571M(978M) 14.240ms
[120.356s][info][gc,cpu         ] GC(862) User=0.08s Sys=0.02s Real=0.02s
[120.440s][info][gc,start       ] GC(863) Pause Young (Allocation Failure)
[120.454s][info][gc,heap        ] GC(863) PSYoungGen: 298784K(302080K)->44288K(301568K) Eden: 254464K(254464K)->0K(254464K) From: 44320K(47616K)->44288K(47104K)
[120.454s][info][gc,heap        ] GC(863) ParOldGen: 540580K(699392K)->542636K(699392K)
[120.454s][info][gc,metaspace   ] GC(863) Metaspace: 10696K(10944K)->10696K(10944K) NonClass: 9804K(9920K)->9804K(9920K) Class: 891K(1024K)->891K(1024K)
[120.454s][info][gc             ] GC(863) Pause Young (Allocation Failure) 819M->573M(977M) 13.919ms
[120.454s][info][gc,cpu         ] GC(863) User=0.09s Sys=0.00s Real=0.01s
[120.541s][info][gc,start       ] GC(864) Pause Young (Allocation Failure)
[120.555s][info][gc,heap        ] GC(864) PSYoungGen: 298752K(301568K)->44384K(302080K) Eden: 254464K(254464K)->0K(254976K) From: 44288K(47104K)->44384K(47104K)
[120.555s][info][gc,heap        ] GC(864) ParOldGen: 542636K(699392K)->544700K(699392K)
[120.555s][info][gc,metaspace   ] GC(864) Metaspace: 10696K(10944K)->10696K(10944K) NonClass: 9804K(9920K)->9804K(9920K) Class: 891K(1024K)->891K(1024K)
[120.555s][info][gc             ] GC(864) Pause Young (Allocation Failure) 821M->575M(978M) 14.403ms
[120.555s][info][gc,cpu         ] GC(864) User=0.00s Sys=0.00s Real=0.01s
[120.650s][info][gc,start       ] GC(865) Pause Young (Allocation Failure)
[120.664s][info][gc,heap        ] GC(865) PSYoungGen: 299360K(302080K)->44096K(302080K) Eden: 254976K(254976K)->0K(254976K) From: 44384K(47104K)->44096K(47104K)
[120.664s][info][gc,heap        ] GC(865) ParOldGen: 544700K(699392K)->546812K(699392K)
[120.664s][info][gc,metaspace   ] GC(865) Metaspace: 10696K(10944K)->10696K(10944K) NonClass: 9804K(9920K)->9804K(9920K) Class: 891K(1024K)->891K(1024K)
[120.664s][info][gc             ] GC(865) Pause Young (Allocation Failure) 824M->577M(978M) 14.068ms
[120.664s][info][gc,cpu         ] GC(865) User=0.02s Sys=0.00s Real=0.01s
[120.964s][info][gc,start       ] GC(866) Pause Young (Allocation Failure)
[120.996s][info][gc,heap        ] GC(866) PSYoungGen: 299072K(302080K)->46576K(283136K) Eden: 254976K(254976K)->0K(236544K) From: 44096K(47104K)->46576K(46592K)
[120.996s][info][gc,heap        ] GC(866) ParOldGen: 546812K(699392K)->570604K(699392K)
[120.996s][info][gc,metaspace   ] GC(866) Metaspace: 10712K(10944K)->10712K(10944K) NonClass: 9820K(9920K)->9820K(9920K) Class: 891K(1024K)->891K(1024K)
[120.996s][info][gc             ] GC(866) Pause Young (Allocation Failure) 826M->602M(959M) 32.725ms
[120.996s][info][gc,cpu         ] GC(866) User=0.19s Sys=0.00s Real=0.04s
[121.442s][info][gc,start       ] GC(867) Pause Young (Allocation Failure)
[121.479s][info][gc,heap        ] GC(867) PSYoungGen: 283120K(283136K)->56316K(292864K) Eden: 236544K(236544K)->0K(236544K) From: 46576K(46592K)->56316K(56320K)
[121.479s][info][gc,heap        ] GC(867) ParOldGen: 570604K(699392K)->589812K(699392K)
[121.479s][info][gc,metaspace   ] GC(867) Metaspace: 10712K(10944K)->10712K(10944K) NonClass: 9820K(9920K)->9820K(9920K) Class: 891K(1024K)->891K(1024K)
[121.479s][info][gc             ] GC(867) Pause Young (Allocation Failure) 833M->630M(969M) 36.727ms
[121.479s][info][gc,cpu         ] GC(867) User=0.28s Sys=0.00s Real=0.04s
[121.871s][info][gc,start       ] GC(868) Pause Young (Allocation Failure)
[121.912s][info][gc,heap        ] GC(868) PSYoungGen: 292860K(292864K)->56298K(247808K) Eden: 236544K(236544K)->0K(191488K) From: 56316K(56320K)->56298K(56320K)
[121.913s][info][gc,heap        ] GC(868) ParOldGen: 589812K(699392K)->621476K(699392K)
[121.913s][info][gc,metaspace   ] GC(868) Metaspace: 10712K(10944K)->10712K(10944K) NonClass: 9820K(9920K)->9820K(9920K) Class: 891K(1024K)->891K(1024K)
[121.913s][info][gc             ] GC(868) Pause Young (Allocation Failure) 861M->661M(925M) 41.148ms
[121.913s][info][gc,cpu         ] GC(868) User=0.19s Sys=0.00s Real=0.04s
[122.142s][info][gc,start       ] GC(869) Pause Young (Allocation Failure)
[122.177s][info][gc,heap        ] GC(869) PSYoungGen: 247786K(247808K)->76874K(268800K) Eden: 191488K(191488K)->0K(191488K) From: 56298K(56320K)->76874K(77312K)
[122.177s][info][gc,heap        ] GC(869) ParOldGen: 621476K(699392K)->624748K(699392K)
[122.177s][info][gc,metaspace   ] GC(869) Metaspace: 10712K(10944K)->10712K(10944K) NonClass: 9820K(9920K)->9820K(9920K) Class: 891K(1024K)->891K(1024K)
[122.177s][info][gc             ] GC(869) Pause Young (Allocation Failure) 848M->685M(945M) 34.772ms
[122.177s][info][gc,cpu         ] GC(869) User=0.19s Sys=0.00s Real=0.04s
[122.402s][info][gc,start       ] GC(870) Pause Young (Allocation Failure)
[122.443s][info][gc,heap        ] GC(870) PSYoungGen: 268362K(268800K)->80362K(232960K) Eden: 191488K(191488K)->0K(152576K) From: 76874K(77312K)->80362K(80384K)
[122.443s][info][gc,heap        ] GC(870) ParOldGen: 624748K(699392K)->644060K(699392K)
[122.443s][info][gc,metaspace   ] GC(870) Metaspace: 10712K(10944K)->10712K(10944K) NonClass: 9820K(9920K)->9820K(9920K) Class: 891K(1024K)->891K(1024K)
[122.443s][info][gc             ] GC(870) Pause Young (Allocation Failure) 872M->707M(910M) 40.870ms
[122.443s][info][gc,cpu         ] GC(870) User=0.19s Sys=0.00s Real=0.05s
[122.624s][info][gc,start       ] GC(871) Pause Young (Allocation Failure)
[122.660s][info][gc,heap        ] GC(871) PSYoungGen: 232938K(232960K)->94826K(247808K) Eden: 152576K(152576K)->0K(152576K) From: 80362K(80384K)->94826K(95232K)
[122.661s][info][gc,heap        ] GC(871) ParOldGen: 644060K(699392K)->647660K(699392K)
[122.661s][info][gc,metaspace   ] GC(871) Metaspace: 10712K(10944K)->10712K(10944K) NonClass: 9820K(9920K)->9820K(9920K) Class: 891K(1024K)->891K(1024K)
[122.661s][info][gc             ] GC(871) Pause Young (Allocation Failure) 856M->725M(925M) 36.107ms
[122.661s][info][gc,cpu         ] GC(871) User=0.19s Sys=0.00s Real=0.04s
[122.838s][info][gc,start       ] GC(872) Pause Young (Allocation Failure)
[122.877s][info][gc,heap        ] GC(872) PSYoungGen: 247402K(247808K)->101354K(218112K) Eden: 152576K(152576K)->0K(116736K) From: 94826K(95232K)->101354K(101376K)
[122.878s][info][gc,heap        ] GC(872) ParOldGen: 647660K(699392K)->659076K(699392K)
[122.878s][info][gc,metaspace   ] GC(872) Metaspace: 10712K(10944K)->10712K(10944K) NonClass: 9820K(9920K)->9820K(9920K) Class: 891K(1024K)->891K(1024K)
[122.878s][info][gc             ] GC(872) Pause Young (Allocation Failure) 874M->742M(896M) 39.627ms
[122.878s][info][gc,cpu         ] GC(872) User=0.17s Sys=0.00s Real=0.04s
[122.995s][info][gc,start       ] GC(873) Pause Young (Allocation Failure)
[123.030s][info][gc,heap        ] GC(873) PSYoungGen: 218090K(218112K)->104487K(232960K) Eden: 116736K(116736K)->0K(116736K) From: 101354K(101376K)->104487K(116224K)
[123.030s][info][gc,heap        ] GC(873) ParOldGen: 659076K(699392K)->664668K(699392K)
[123.030s][info][gc,metaspace   ] GC(873) Metaspace: 10712K(10944K)->10712K(10944K) NonClass: 9820K(9920K)->9820K(9920K) Class: 891K(1024K)->891K(1024K)
[123.030s][info][gc             ] GC(873) Pause Young (Allocation Failure) 856M->751M(910M) 34.947ms
[123.030s][info][gc,cpu         ] GC(873) User=0.19s Sys=0.00s Real=0.04s
[123.234s][info][gc,start       ] GC(874) Pause Young (Allocation Failure)
[123.263s][info][gc,heap        ] GC(874) PSYoungGen: 221223K(232960K)->98240K(232960K) Eden: 116736K(116736K)->0K(116736K) From: 104487K(116224K)->98240K(116224K)
[123.263s][info][gc,heap        ] GC(874) ParOldGen: 664668K(699392K)->671916K(699392K)
[123.263s][info][gc,metaspace   ] GC(874) Metaspace: 10712K(10944K)->10712K(10944K) NonClass: 9820K(9920K)->9820K(9920K) Class: 891K(1024K)->891K(1024K)
[123.263s][info][gc             ] GC(874) Pause Young (Allocation Failure) 865M->752M(910M) 28.935ms
[123.263s][info][gc,cpu         ] GC(874) User=0.19s Sys=0.00s Real=0.03s
[123.455s][info][gc,start       ] GC(875) Pause Young (Allocation Failure)
[123.479s][info][gc,heap        ] GC(875) PSYoungGen: 214976K(232960K)->84768K(232960K) Eden: 116736K(116736K)->0K(116736K) From: 98240K(116224K)->84768K(116224K)
[123.479s][info][gc,heap        ] GC(875) ParOldGen: 671916K(699392K)->682620K(699392K)
[123.479s][info][gc,metaspace   ] GC(875) Metaspace: 10712K(10944K)->10712K(10944K) NonClass: 9820K(9920K)->9820K(9920K) Class: 891K(1024K)->891K(1024K)
[123.479s][info][gc             ] GC(875) Pause Young (Allocation Failure) 866M->749M(910M) 24.100ms
[123.479s][info][gc,cpu         ] GC(875) User=0.19s Sys=0.00s Real=0.03s
[123.649s][info][gc,start       ] GC(876) Pause Full (Ergonomics)
[123.650s][info][gc,phases,start] GC(876) Marking Phase
[123.797s][info][gc,phases      ] GC(876) Marking Phase 147.746ms
[123.797s][info][gc,phases,start] GC(876) Summary Phase
[123.797s][info][gc,phases      ] GC(876) Summary Phase 0.024ms
[123.797s][info][gc,phases,start] GC(876) Adjust Roots
[123.800s][info][gc,phases      ] GC(876) Adjust Roots 2.827ms
[123.800s][info][gc,phases,start] GC(876) Compaction Phase
[124.031s][info][gc,phases      ] GC(876) Compaction Phase 230.480ms
[124.031s][info][gc,phases,start] GC(876) Post Compact
[124.033s][info][gc,phases      ] GC(876) Post Compact 2.197ms
[124.033s][info][gc,heap        ] GC(876) PSYoungGen: 201504K(232960K)->0K(232960K) Eden: 116736K(116736K)->0K(116736K) From: 84768K(116224K)->0K(116224K)
[124.033s][info][gc,heap        ] GC(876) ParOldGen: 682620K(699392K)->665430K(699392K)
[124.033s][info][gc,metaspace   ] GC(876) Metaspace: 10712K(10944K)->10712K(10944K) NonClass: 9820K(9920K)->9820K(9920K) Class: 891K(1024K)->891K(1024K)
[124.033s][info][gc             ] GC(876) Pause Full (Ergonomics) 863M->649M(910M) 383.597ms
[124.033s][info][gc,cpu         ] GC(876) User=2.28s Sys=0.00s Real=0.39s
[124.204s][info][gc,start       ] GC(877) Pause Young (Allocation Failure)
[124.206s][info][gc,heap        ] GC(877) PSYoungGen: 116736K(232960K)->2656K(232960K) Eden: 116736K(116736K)->0K(116736K) From: 0K(116224K)->2656K(116224K)
[124.206s][info][gc,heap        ] GC(877) ParOldGen: 665430K(699392K)->665430K(699392K)
[124.206s][info][gc,metaspace   ] GC(877) Metaspace: 10712K(10944K)->10712K(10944K) NonClass: 9820K(9920K)->9820K(9920K) Class: 891K(1024K)->891K(1024K)
[124.206s][info][gc             ] GC(877) Pause Young (Allocation Failure) 763M->652M(910M) 2.054ms
[124.206s][info][gc,cpu         ] GC(877) User=0.00s Sys=0.00s Real=0.01s
[124.373s][info][gc,start       ] GC(878) Pause Young (Allocation Failure)
[124.376s][info][gc,heap        ] GC(878) PSYoungGen: 119392K(232960K)->4192K(232960K) Eden: 116736K(116736K)->0K(116736K) From: 2656K(116224K)->4192K(116224K)
[124.376s][info][gc,heap        ] GC(878) ParOldGen: 665430K(699392K)->665430K(699392K)
[124.376s][info][gc,metaspace   ] GC(878) Metaspace: 10712K(10944K)->10712K(10944K) NonClass: 9820K(9920K)->9820K(9920K) Class: 891K(1024K)->891K(1024K)
[124.376s][info][gc             ] GC(878) Pause Young (Allocation Failure) 766M->653M(910M) 2.433ms
[124.376s][info][gc,cpu         ] GC(878) User=0.00s Sys=0.00s Real=0.00s
[124.543s][info][gc,start       ] GC(879) Pause Young (Allocation Failure)
[124.546s][info][gc,heap        ] GC(879) PSYoungGen: 120928K(232960K)->5216K(232960K) Eden: 116736K(116736K)->0K(116736K) From: 4192K(116224K)->5216K(116224K)
[124.546s][info][gc,heap        ] GC(879) ParOldGen: 665430K(699392K)->665430K(699392K)
[124.546s][info][gc,metaspace   ] GC(879) Metaspace: 10712K(10944K)->10712K(10944K) NonClass: 9820K(9920K)->9820K(9920K) Class: 891K(1024K)->891K(1024K)
[124.546s][info][gc             ] GC(879) Pause Young (Allocation Failure) 767M->654M(910M) 2.648ms
[124.546s][info][gc,cpu         ] GC(879) User=0.00s Sys=0.00s Real=0.02s
[124.713s][info][gc,start       ] GC(880) Pause Young (Allocation Failure)
[124.716s][info][gc,heap        ] GC(880) PSYoungGen: 121952K(232960K)->6176K(232960K) Eden: 116736K(116736K)->0K(116736K) From: 5216K(116224K)->6176K(116224K)
[124.716s][info][gc,heap        ] GC(880) ParOldGen: 665430K(699392K)->665430K(699392K)
[124.716s][info][gc,metaspace   ] GC(880) Metaspace: 10712K(10944K)->10712K(10944K) NonClass: 9820K(9920K)->9820K(9920K) Class: 891K(1024K)->891K(1024K)
[124.716s][info][gc             ] GC(880) Pause Young (Allocation Failure) 768M->655M(910M) 2.767ms
[124.716s][info][gc,cpu         ] GC(880) User=0.00s Sys=0.00s Real=0.01s
[124.874s][info][gc,start       ] GC(881) Pause Young (Allocation Failure)
[124.876s][info][gc,heap        ] GC(881) PSYoungGen: 122912K(232960K)->5696K(232960K) Eden: 116736K(116736K)->0K(116736K) From: 6176K(116224K)->5696K(116224K)
[124.876s][info][gc,heap        ] GC(881) ParOldGen: 665430K(699392K)->666678K(699392K)
[124.876s][info][gc,metaspace   ] GC(881) Metaspace: 10712K(10944K)->10712K(10944K) NonClass: 9820K(9920K)->9820K(9920K) Class: 891K(1024K)->891K(1024K)
[124.876s][info][gc             ] GC(881) Pause Young (Allocation Failure) 769M->656M(910M) 2.615ms
[124.876s][info][gc,cpu         ] GC(881) User=0.00s Sys=0.00s Real=0.02s
[125.007s][info][gc,start       ] GC(882) Pause Young (Allocation Failure)
[125.017s][info][gc,heap        ] GC(882) PSYoungGen: 122432K(232960K)->19568K(232960K) Eden: 116736K(116736K)->0K(116736K) From: 5696K(116224K)->19568K(116224K)
[125.017s][info][gc,heap        ] GC(882) ParOldGen: 666678K(699392K)->669190K(699392K)
[125.017s][info][gc,metaspace   ] GC(882) Metaspace: 10712K(10944K)->10712K(10944K) NonClass: 9820K(9920K)->9820K(9920K) Class: 891K(1024K)->891K(1024K)
[125.017s][info][gc             ] GC(882) Pause Young (Allocation Failure) 770M->672M(910M) 10.119ms
[125.017s][info][gc,cpu         ] GC(882) User=0.09s Sys=0.00s Real=0.01s
[125.097s][info][gc,start       ] GC(883) Pause Young (Allocation Failure)
[125.112s][info][gc,heap        ] GC(883) PSYoungGen: 136304K(232960K)->33008K(232960K) Eden: 116736K(116736K)->0K(116736K) From: 19568K(116224K)->33008K(116224K)
[125.112s][info][gc,heap        ] GC(883) ParOldGen: 669190K(699392K)->672118K(699392K)
[125.112s][info][gc,metaspace   ] GC(883) Metaspace: 10712K(10944K)->10712K(10944K) NonClass: 9820K(9920K)->9820K(9920K) Class: 891K(1024K)->891K(1024K)
[125.112s][info][gc             ] GC(883) Pause Young (Allocation Failure) 786M->688M(910M) 15.638ms
[125.112s][info][gc,cpu         ] GC(883) User=0.09s Sys=0.00s Real=0.03s
[125.224s][info][gc,start       ] GC(884) Pause Young (Allocation Failure)
[125.246s][info][gc,promotion   ] GC(884) Promotion failed
[125.246s][info][gc,heap        ] GC(884) PSYoungGen: 149744K(232960K)->149744K(232960K) Eden: 116736K(116736K)->116736K(116736K) From: 33008K(116224K)->33008K(116224K)
[125.246s][info][gc,heap        ] GC(884) ParOldGen: 672118K(699392K)->699390K(699392K)
[125.246s][info][gc,metaspace   ] GC(884) Metaspace: 10712K(10944K)->10712K(10944K) NonClass: 9820K(9920K)->9820K(9920K) Class: 891K(1024K)->891K(1024K)
[125.246s][info][gc             ] GC(884) Pause Young (Allocation Failure) 802M->829M(910M) 21.408ms
[125.246s][info][gc,cpu         ] GC(884) User=0.19s Sys=0.00s Real=0.02s
[125.246s][info][gc,start       ] GC(885) Pause Full (Ergonomics)
[125.246s][info][gc,phases,start] GC(885) Marking Phase
[125.346s][info][gc,phases      ] GC(885) Marking Phase 100.214ms
[125.346s][info][gc,phases,start] GC(885) Summary Phase
[125.346s][info][gc,phases      ] GC(885) Summary Phase 0.026ms
[125.346s][info][gc,phases,start] GC(885) Adjust Roots
[125.349s][info][gc,phases      ] GC(885) Adjust Roots 2.900ms
[125.349s][info][gc,phases,start] GC(885) Compaction Phase
[125.427s][info][gc,phases      ] GC(885) Compaction Phase 78.249ms
[125.427s][info][gc,phases,start] GC(885) Post Compact
[125.429s][info][gc,phases      ] GC(885) Post Compact 1.513ms
[125.429s][info][gc,heap        ] GC(885) PSYoungGen: 149744K(232960K)->0K(232960K) Eden: 116736K(116736K)->0K(116736K) From: 33008K(116224K)->0K(116224K)
[125.429s][info][gc,heap        ] GC(885) ParOldGen: 699390K(699392K)->488220K(699392K)
[125.429s][info][gc,metaspace   ] GC(885) Metaspace: 10712K(10944K)->10712K(10944K) NonClass: 9820K(9920K)->9820K(9920K) Class: 891K(1024K)->891K(1024K)
[125.429s][info][gc             ] GC(885) Pause Full (Ergonomics) 829M->476M(910M) 183.146ms
[125.429s][info][gc,cpu         ] GC(885) User=1.03s Sys=0.00s Real=0.18s
[125.580s][info][gc,start       ] GC(886) Pause Young (Allocation Failure)
[125.585s][info][gc,heap        ] GC(886) PSYoungGen: 116736K(232960K)->6880K(232960K) Eden: 116736K(116736K)->0K(116736K) From: 0K(116224K)->6880K(116224K)
[125.585s][info][gc,heap        ] GC(886) ParOldGen: 488220K(699392K)->488220K(699392K)
[125.585s][info][gc,metaspace   ] GC(886) Metaspace: 10712K(10944K)->10712K(10944K) NonClass: 9820K(9920K)->9820K(9920K) Class: 891K(1024K)->891K(1024K)
[125.585s][info][gc             ] GC(886) Pause Young (Allocation Failure) 590M->483M(910M) 4.903ms
[125.585s][info][gc,cpu         ] GC(886) User=0.00s Sys=0.00s Real=0.01s
[125.693s][info][gc,start       ] GC(887) Pause Young (Allocation Failure)
[125.703s][info][gc,heap        ] GC(887) PSYoungGen: 123616K(232960K)->18236K(232960K) Eden: 116736K(116736K)->0K(116736K) From: 6880K(116224K)->18236K(116224K)
[125.703s][info][gc,heap        ] GC(887) ParOldGen: 488220K(699392K)->490436K(699392K)
[125.703s][info][gc,metaspace   ] GC(887) Metaspace: 10712K(10944K)->10712K(10944K) NonClass: 9820K(9920K)->9820K(9920K) Class: 891K(1024K)->891K(1024K)
[125.703s][info][gc             ] GC(887) Pause Young (Allocation Failure) 597M->496M(910M) 9.381ms
[125.703s][info][gc,cpu         ] GC(887) User=0.09s Sys=0.00s Real=0.02s
[125.801s][info][gc,start       ] GC(888) Pause Young (Allocation Failure)
[125.819s][info][gc,heap        ] GC(888) PSYoungGen: 134972K(232960K)->23722K(232960K) Eden: 116736K(116736K)->0K(116736K) From: 18236K(116224K)->23722K(116224K)
[125.819s][info][gc,heap        ] GC(888) ParOldGen: 490436K(699392K)->508036K(699392K)
[125.819s][info][gc,metaspace   ] GC(888) Metaspace: 10712K(10944K)->10712K(10944K) NonClass: 9820K(9920K)->9820K(9920K) Class: 891K(1024K)->891K(1024K)
[125.819s][info][gc             ] GC(888) Pause Young (Allocation Failure) 610M->519M(910M) 17.887ms
[125.819s][info][gc,cpu         ] GC(888) User=0.09s Sys=0.00s Real=0.02s
[125.890s][info][gc,start       ] GC(889) Pause Young (Allocation Failure)
[125.906s][info][gc,heap        ] GC(889) PSYoungGen: 140458K(232960K)->37866K(240640K) Eden: 116736K(116736K)->0K(124928K) From: 23722K(116224K)->37866K(115712K)
[125.906s][info][gc,heap        ] GC(889) ParOldGen: 508036K(699392K)->508036K(699392K)
[125.906s][info][gc,metaspace   ] GC(889) Metaspace: 10712K(10944K)->10712K(10944K) NonClass: 9820K(9920K)->9820K(9920K) Class: 891K(1024K)->891K(1024K)
[125.906s][info][gc             ] GC(889) Pause Young (Allocation Failure) 633M->533M(918M) 16.067ms
[125.906s][info][gc,cpu         ] GC(889) User=0.08s Sys=0.00s Real=0.02s
[125.981s][info][gc,start       ] GC(890) Pause Young (Allocation Failure)
[126.002s][info][gc,heap        ] GC(890) PSYoungGen: 162794K(240640K)->30112K(233472K) Eden: 124928K(124928K)->0K(124928K) From: 37866K(115712K)->30112K(108544K)
[126.002s][info][gc,heap        ] GC(890) ParOldGen: 508036K(699392K)->530750K(699392K)
[126.002s][info][gc,metaspace   ] GC(890) Metaspace: 10712K(10944K)->10712K(10944K) NonClass: 9820K(9920K)->9820K(9920K) Class: 891K(1024K)->891K(1024K)
[126.002s][info][gc             ] GC(890) Pause Young (Allocation Failure) 655M->547M(911M) 20.420ms
[126.002s][info][gc,cpu         ] GC(890) User=0.09s Sys=0.00s Real=0.03s
[126.076s][info][gc,start       ] GC(891) Pause Young (Allocation Failure)
[126.098s][info][gc,heap        ] GC(891) PSYoungGen: 155040K(233472K)->16096K(250368K) Eden: 124928K(124928K)->0K(147968K) From: 30112K(108544K)->16096K(102400K)
[126.098s][info][gc,heap        ] GC(891) ParOldGen: 530750K(699392K)->559710K(699392K)
[126.098s][info][gc,metaspace   ] GC(891) Metaspace: 10712K(10944K)->10712K(10944K) NonClass: 9820K(9920K)->9820K(9920K) Class: 891K(1024K)->891K(1024K)
[126.098s][info][gc             ] GC(891) Pause Young (Allocation Failure) 669M->562M(927M) 22.179ms
[126.098s][info][gc,cpu         ] GC(891) User=0.09s Sys=0.00s Real=0.03s
[126.214s][info][gc,start       ] GC(892) Pause Young (Allocation Failure)
[126.233s][info][gc,heap        ] GC(892) PSYoungGen: 164064K(250368K)->18848K(246784K) Eden: 147968K(147968K)->0K(147968K) From: 16096K(102400K)->18848K(98816K)
[126.233s][info][gc,heap        ] GC(892) ParOldGen: 559710K(699392K)->574662K(699392K)
[126.233s][info][gc,metaspace   ] GC(892) Metaspace: 10712K(10944K)->10712K(10944K) NonClass: 9820K(9920K)->9820K(9920K) Class: 891K(1024K)->891K(1024K)
[126.233s][info][gc             ] GC(892) Pause Young (Allocation Failure) 706M->579M(924M) 18.569ms
[126.233s][info][gc,cpu         ] GC(892) User=0.09s Sys=0.00s Real=0.03s
[126.368s][info][gc,start       ] GC(893) Pause Young (Allocation Failure)
[126.387s][info][gc,heap        ] GC(893) PSYoungGen: 166816K(246784K)->19072K(258048K) Eden: 147968K(147968K)->0K(162816K) From: 18848K(98816K)->19072K(95232K)
[126.387s][info][gc,heap        ] GC(893) ParOldGen: 574662K(699392K)->592374K(699392K)
[126.387s][info][gc,metaspace   ] GC(893) Metaspace: 10712K(10944K)->10712K(10944K) NonClass: 9820K(9920K)->9820K(9920K) Class: 891K(1024K)->891K(1024K)
[126.387s][info][gc             ] GC(893) Pause Young (Allocation Failure) 724M->597M(935M) 19.469ms
[126.387s][info][gc,cpu         ] GC(893) User=0.17s Sys=0.00s Real=0.02s
[126.533s][info][gc,start       ] GC(894) Pause Young (Allocation Failure)
[126.553s][info][gc,heap        ] GC(894) PSYoungGen: 181888K(258048K)->20864K(253952K) Eden: 162816K(162816K)->0K(162816K) From: 19072K(95232K)->20864K(91136K)
[126.553s][info][gc,heap        ] GC(894) ParOldGen: 592374K(699392K)->610286K(699392K)
[126.553s][info][gc,metaspace   ] GC(894) Metaspace: 10712K(10944K)->10712K(10944K) NonClass: 9820K(9920K)->9820K(9920K) Class: 891K(1024K)->891K(1024K)
[126.553s][info][gc             ] GC(894) Pause Young (Allocation Failure) 756M->616M(931M) 20.052ms
[126.553s][info][gc,cpu         ] GC(894) User=0.09s Sys=0.00s Real=0.03s
[126.691s][info][gc,start       ] GC(895) Pause Young (Allocation Failure)
[126.711s][info][gc,heap        ] GC(895) PSYoungGen: 183680K(253952K)->19776K(266752K) Eden: 162816K(162816K)->0K(180224K) From: 20864K(91136K)->19776K(86528K)
[126.711s][info][gc,heap        ] GC(895) ParOldGen: 610286K(699392K)->629998K(699392K)
[126.711s][info][gc,metaspace   ] GC(895) Metaspace: 10712K(10944K)->10712K(10944K) NonClass: 9820K(9920K)->9820K(9920K) Class: 891K(1024K)->891K(1024K)
[126.711s][info][gc             ] GC(895) Pause Young (Allocation Failure) 775M->634M(943M) 20.023ms
[126.711s][info][gc,cpu         ] GC(895) User=0.09s Sys=0.00s Real=0.03s
[127.002s][info][gc,start       ] GC(896) Pause Young (Allocation Failure)
[127.011s][info][gc,heap        ] GC(896) PSYoungGen: 200000K(266752K)->2720K(262656K) Eden: 180224K(180224K)->0K(180224K) From: 19776K(86528K)->2720K(82432K)
[127.011s][info][gc,heap        ] GC(896) ParOldGen: 629998K(699392K)->648622K(699392K)
[127.011s][info][gc,metaspace   ] GC(896) Metaspace: 10712K(10944K)->10712K(10944K) NonClass: 9820K(9920K)->9820K(9920K) Class: 891K(1024K)->891K(1024K)
[127.011s][info][gc             ] GC(896) Pause Young (Allocation Failure) 810M->636M(939M) 9.213ms
[127.011s][info][gc,cpu         ] GC(896) User=0.09s Sys=0.00s Real=0.01s
[127.145s][info][gc,start       ] GC(897) Pause Young (Allocation Failure)
[127.148s][info][gc,heap        ] GC(897) PSYoungGen: 182944K(262656K)->3200K(269312K) Eden: 180224K(180224K)->0K(187392K) From: 2720K(82432K)->3200K(81920K)
[127.148s][info][gc,heap        ] GC(897) ParOldGen: 648622K(699392K)->650142K(699392K)
[127.148s][info][gc,metaspace   ] GC(897) Metaspace: 10712K(10944K)->10712K(10944K) NonClass: 9820K(9920K)->9820K(9920K) Class: 891K(1024K)->891K(1024K)
[127.148s][info][gc             ] GC(897) Pause Young (Allocation Failure) 812M->638M(946M) 2.743ms
[127.148s][info][gc,cpu         ] GC(897) User=0.00s Sys=0.00s Real=0.01s
[127.417s][info][gc,start       ] GC(898) Pause Young (System.gc())
[127.419s][info][gc,heap        ] GC(898) PSYoungGen: 60580K(269312K)->4493K(267264K) Eden: 57380K(187392K)->0K(187392K) From: 3200K(81920K)->4493K(79872K)
[127.419s][info][gc,heap        ] GC(898) ParOldGen: 650142K(699392K)->650142K(699392K)
[127.419s][info][gc,metaspace   ] GC(898) Metaspace: 10714K(10944K)->10714K(10944K) NonClass: 9823K(9920K)->9823K(9920K) Class: 891K(1024K)->891K(1024K)
[127.420s][info][gc             ] GC(898) Pause Young (System.gc()) 694M->639M(944M) 2.028ms
[127.420s][info][gc,cpu         ] GC(898) User=0.00s Sys=0.00s Real=0.01s
[127.420s][info][gc,start       ] GC(899) Pause Full (System.gc())
[127.420s][info][gc,phases,start] GC(899) Marking Phase
[127.511s][info][gc,phases      ] GC(899) Marking Phase 91.151ms
[127.511s][info][gc,phases,start] GC(899) Summary Phase
[127.511s][info][gc,phases      ] GC(899) Summary Phase 0.015ms
[127.511s][info][gc,phases,start] GC(899) Adjust Roots
[127.514s][info][gc,phases      ] GC(899) Adjust Roots 3.306ms
[127.514s][info][gc,phases,start] GC(899) Compaction Phase
[127.629s][info][gc,phases      ] GC(899) Compaction Phase 114.617ms
[127.629s][info][gc,phases,start] GC(899) Post Compact
[127.630s][info][gc,phases      ] GC(899) Post Compact 0.950ms
[127.630s][info][gc,heap        ] GC(899) PSYoungGen: 4493K(267264K)->0K(267264K) Eden: 0K(187392K)->0K(187392K) From: 4493K(79872K)->0K(79872K)
[127.630s][info][gc,heap        ] GC(899) ParOldGen: 650142K(699392K)->434473K(699392K)
[127.630s][info][gc,metaspace   ] GC(899) Metaspace: 10714K(10944K)->10714K(10944K) NonClass: 9823K(9920K)->9823K(9920K) Class: 891K(1024K)->891K(1024K)
[127.630s][info][gc             ] GC(899) Pause Full (System.gc()) 639M->424M(944M) 210.254ms
[127.630s][info][gc,cpu         ] GC(899) User=1.08s Sys=0.06s Real=0.21s
[127.700s][info][gc,start       ] GC(900) Pause Young (Allocation Failure)
[127.703s][info][gc,heap        ] GC(900) PSYoungGen: 187392K(267264K)->5536K(273920K) Eden: 187392K(187392K)->0K(196096K) From: 0K(79872K)->5536K(77824K)
[127.703s][info][gc,heap        ] GC(900) ParOldGen: 434473K(699392K)->434473K(699392K)
[127.703s][info][gc,metaspace   ] GC(900) Metaspace: 10722K(10944K)->10722K(10944K) NonClass: 9830K(9920K)->9830K(9920K) Class: 891K(1024K)->891K(1024K)
[127.703s][info][gc             ] GC(900) Pause Young (Allocation Failure) 607M->429M(950M) 3.232ms
[127.703s][info][gc,cpu         ] GC(900) User=0.00s Sys=0.00s Real=0.00s
[127.767s][info][gc,start       ] GC(901) Pause Young (Allocation Failure)
[127.771s][info][gc,heap        ] GC(901) PSYoungGen: 201632K(273920K)->9376K(271360K) Eden: 196096K(196096K)->0K(196096K) From: 5536K(77824K)->9376K(75264K)
[127.771s][info][gc,heap        ] GC(901) ParOldGen: 434473K(699392K)->434473K(699392K)
[127.771s][info][gc,metaspace   ] GC(901) Metaspace: 10722K(10944K)->10722K(10944K) NonClass: 9830K(9920K)->9830K(9920K) Class: 891K(1024K)->891K(1024K)
[127.771s][info][gc             ] GC(901) Pause Young (Allocation Failure) 621M->433M(948M) 4.387ms
[127.771s][info][gc,cpu         ] GC(901) User=0.00s Sys=0.00s Real=0.00s
[127.831s][info][gc,start       ] GC(902) Pause Young (Allocation Failure)
[127.836s][info][gc,heap        ] GC(902) PSYoungGen: 205472K(271360K)->12160K(281600K) Eden: 196096K(196096K)->0K(209920K) From: 9376K(75264K)->12160K(71680K)
[127.836s][info][gc,heap        ] GC(902) ParOldGen: 434473K(699392K)->434473K(699392K)
[127.836s][info][gc,metaspace   ] GC(902) Metaspace: 10722K(10944K)->10722K(10944K) NonClass: 9830K(9920K)->9830K(9920K) Class: 891K(1024K)->891K(1024K)
[127.836s][info][gc             ] GC(902) Pause Young (Allocation Failure) 624M->436M(958M) 5.012ms
[127.836s][info][gc,cpu         ] GC(902) User=0.00s Sys=0.00s Real=0.01s
[127.903s][info][gc,start       ] GC(903) Pause Young (Allocation Failure)
[127.909s][info][gc,heap        ] GC(903) PSYoungGen: 222080K(281600K)->14944K(277504K) Eden: 209920K(209920K)->0K(209920K) From: 12160K(71680K)->14944K(67584K)
[127.909s][info][gc,heap        ] GC(903) ParOldGen: 434473K(699392K)->434473K(699392K)
[127.909s][info][gc,metaspace   ] GC(903) Metaspace: 10722K(10944K)->10722K(10944K) NonClass: 9830K(9920K)->9830K(9920K) Class: 891K(1024K)->891K(1024K)
[127.909s][info][gc             ] GC(903) Pause Young (Allocation Failure) 641M->438M(954M) 5.715ms
[127.909s][info][gc,cpu         ] GC(903) User=0.00s Sys=0.00s Real=0.01s
[127.978s][info][gc,start       ] GC(904) Pause Young (Allocation Failure)
[127.985s][info][gc,heap        ] GC(904) PSYoungGen: 224864K(277504K)->17728K(290304K) Eden: 209920K(209920K)->0K(227328K) From: 14944K(67584K)->17728K(62976K)
[127.985s][info][gc,heap        ] GC(904) ParOldGen: 434473K(699392K)->434473K(699392K)
[127.985s][info][gc,metaspace   ] GC(904) Metaspace: 10722K(10944K)->10722K(10944K) NonClass: 9830K(9920K)->9830K(9920K) Class: 891K(1024K)->891K(1024K)
[127.985s][info][gc             ] GC(904) Pause Young (Allocation Failure) 643M->441M(966M) 6.470ms
[127.985s][info][gc,cpu         ] GC(904) User=0.00s Sys=0.00s Real=0.01s
[128.059s][info][gc,start       ] GC(905) Pause Young (Allocation Failure)
[128.066s][info][gc,heap        ] GC(905) PSYoungGen: 245056K(290304K)->20224K(286208K) Eden: 227328K(227328K)->0K(227328K) From: 17728K(62976K)->20224K(58880K)
[128.067s][info][gc,heap        ] GC(905) ParOldGen: 434473K(699392K)->434473K(699392K)
[128.067s][info][gc,metaspace   ] GC(905) Metaspace: 10722K(10944K)->10722K(10944K) NonClass: 9830K(9920K)->9830K(9920K) Class: 891K(1024K)->891K(1024K)
[128.067s][info][gc             ] GC(905) Pause Young (Allocation Failure) 663M->444M(962M) 7.183ms
[128.067s][info][gc,cpu         ] GC(905) User=0.00s Sys=0.00s Real=0.01s
[128.138s][info][gc,start       ] GC(906) Pause Young (Allocation Failure)
[128.145s][info][gc,heap        ] GC(906) PSYoungGen: 247552K(286208K)->22368K(295936K) Eden: 227328K(227328K)->0K(240640K) From: 20224K(58880K)->22368K(55296K)
[128.146s][info][gc,heap        ] GC(906) ParOldGen: 434473K(699392K)->434473K(699392K)
[128.146s][info][gc,metaspace   ] GC(906) Metaspace: 10722K(10944K)->10722K(10944K) NonClass: 9830K(9920K)->9830K(9920K) Class: 891K(1024K)->891K(1024K)
[128.146s][info][gc             ] GC(906) Pause Young (Allocation Failure) 666M->446M(972M) 7.331ms
[128.146s][info][gc,cpu         ] GC(906) User=0.00s Sys=0.00s Real=0.01s
[128.223s][info][gc,start       ] GC(907) Pause Young (Allocation Failure)
[128.231s][info][gc,heap        ] GC(907) PSYoungGen: 263008K(295936K)->24896K(293888K) Eden: 240640K(240640K)->0K(240640K) From: 22368K(55296K)->24896K(53248K)
[128.231s][info][gc,heap        ] GC(907) ParOldGen: 434473K(699392K)->434473K(699392K)
[128.231s][info][gc,metaspace   ] GC(907) Metaspace: 10722K(10944K)->10722K(10944K) NonClass: 9830K(9920K)->9830K(9920K) Class: 891K(1024K)->891K(1024K)
[128.231s][info][gc             ] GC(907) Pause Young (Allocation Failure) 681M->448M(970M) 8.356ms
[128.231s][info][gc,cpu         ] GC(907) User=0.09s Sys=0.00s Real=0.01s
[128.311s][info][gc,start       ] GC(908) Pause Young (Allocation Failure)
[128.320s][info][gc,heap        ] GC(908) PSYoungGen: 265536K(293888K)->27136K(297472K) Eden: 240640K(240640K)->0K(245248K) From: 24896K(53248K)->27136K(52224K)
[128.320s][info][gc,heap        ] GC(908) ParOldGen: 434473K(699392K)->434473K(699392K)
[128.320s][info][gc,metaspace   ] GC(908) Metaspace: 10722K(10944K)->10722K(10944K) NonClass: 9830K(9920K)->9830K(9920K) Class: 891K(1024K)->891K(1024K)
[128.320s][info][gc             ] GC(908) Pause Young (Allocation Failure) 683M->450M(973M) 8.767ms
[128.320s][info][gc,cpu         ] GC(908) User=0.00s Sys=0.00s Real=0.01s
[128.401s][info][gc,start       ] GC(909) Pause Young (Allocation Failure)
[128.411s][info][gc,heap        ] GC(909) PSYoungGen: 272384K(297472K)->29344K(296960K) Eden: 245248K(245248K)->0K(245248K) From: 27136K(52224K)->29344K(51712K)
[128.411s][info][gc,heap        ] GC(909) ParOldGen: 434473K(699392K)->434473K(699392K)
[128.411s][info][gc,metaspace   ] GC(909) Metaspace: 10722K(10944K)->10722K(10944K) NonClass: 9830K(9920K)->9830K(9920K) Class: 891K(1024K)->891K(1024K)
[128.411s][info][gc             ] GC(909) Pause Young (Allocation Failure) 690M->452M(973M) 9.463ms
[128.411s][info][gc,cpu         ] GC(909) User=0.00s Sys=0.00s Real=0.01s
[128.504s][info][gc,start       ] GC(910) Pause Young (Allocation Failure)
[128.515s][info][gc,heap        ] GC(910) PSYoungGen: 274592K(296960K)->31680K(295936K) Eden: 245248K(245248K)->0K(243712K) From: 29344K(51712K)->31680K(52224K)
[128.515s][info][gc,heap        ] GC(910) ParOldGen: 434473K(699392K)->434473K(699392K)
[128.515s][info][gc,metaspace   ] GC(910) Metaspace: 10722K(10944K)->10722K(10944K) NonClass: 9830K(9920K)->9830K(9920K) Class: 891K(1024K)->891K(1024K)
[128.515s][info][gc             ] GC(910) Pause Young (Allocation Failure) 692M->455M(972M) 10.487ms
[128.515s][info][gc,cpu         ] GC(910) User=0.09s Sys=0.00s Real=0.01s
[128.602s][info][gc,start       ] GC(911) Pause Young (Allocation Failure)
[128.613s][info][gc,heap        ] GC(911) PSYoungGen: 275392K(295936K)->34304K(278016K) Eden: 243712K(243712K)->0K(243712K) From: 31680K(52224K)->34304K(34304K)
[128.614s][info][gc,heap        ] GC(911) ParOldGen: 434473K(699392K)->434473K(699392K)
[128.614s][info][gc,metaspace   ] GC(911) Metaspace: 10722K(10944K)->10722K(10944K) NonClass: 9830K(9920K)->9830K(9920K) Class: 891K(1024K)->891K(1024K)
[128.614s][info][gc             ] GC(911) Pause Young (Allocation Failure) 693M->457M(954M) 11.139ms
[128.614s][info][gc,cpu         ] GC(911) User=0.09s Sys=0.00s Real=0.01s
[128.706s][info][gc,start       ] GC(912) Pause Young (Allocation Failure)
[128.718s][info][gc,heap        ] GC(912) PSYoungGen: 278016K(278016K)->35904K(291840K) Eden: 243712K(243712K)->0K(237568K) From: 34304K(34304K)->35904K(54272K)
[128.718s][info][gc,heap        ] GC(912) ParOldGen: 434473K(699392K)->434473K(699392K)
[128.718s][info][gc,metaspace   ] GC(912) Metaspace: 10722K(10944K)->10722K(10944K) NonClass: 9830K(9920K)->9830K(9920K) Class: 891K(1024K)->891K(1024K)
[128.718s][info][gc             ] GC(912) Pause Young (Allocation Failure) 695M->459M(968M) 11.716ms
[128.718s][info][gc,cpu         ] GC(912) User=0.09s Sys=0.00s Real=0.01s
[128.803s][info][gc,start       ] GC(913) Pause Young (Allocation Failure)
[128.814s][info][gc,heap        ] GC(913) PSYoungGen: 273472K(291840K)->38048K(275968K) Eden: 237568K(237568K)->0K(237568K) From: 35904K(54272K)->38048K(38400K)
[128.814s][info][gc,heap        ] GC(913) ParOldGen: 434473K(699392K)->434473K(699392K)
[128.814s][info][gc,metaspace   ] GC(913) Metaspace: 10722K(10944K)->10722K(10944K) NonClass: 9830K(9920K)->9830K(9920K) Class: 891K(1024K)->891K(1024K)
[128.814s][info][gc             ] GC(913) Pause Young (Allocation Failure) 691M->461M(952M) 11.679ms
[128.814s][info][gc,cpu         ] GC(913) User=0.09s Sys=0.00s Real=0.01s
[128.901s][info][gc,start       ] GC(914) Pause Young (Allocation Failure)
[128.913s][info][gc,heap        ] GC(914) PSYoungGen: 275616K(275968K)->40000K(287232K) Eden: 237568K(237568K)->0K(229376K) From: 38048K(38400K)->40000K(57856K)
[128.913s][info][gc,heap        ] GC(914) ParOldGen: 434473K(699392K)->434473K(699392K)
[128.913s][info][gc,metaspace   ] GC(914) Metaspace: 10722K(10944K)->10722K(10944K) NonClass: 9830K(9920K)->9830K(9920K) Class: 891K(1024K)->891K(1024K)
[128.913s][info][gc             ] GC(914) Pause Young (Allocation Failure) 693M->463M(963M) 12.340ms
[128.913s][info][gc,cpu         ] GC(914) User=0.00s Sys=0.00s Real=0.01s
[128.994s][info][gc,start       ] GC(915) Pause Young (Allocation Failure)
[129.007s][info][gc,heap        ] GC(915) PSYoungGen: 269376K(287232K)->40064K(269824K) Eden: 229376K(229376K)->0K(229376K) From: 40000K(57856K)->40064K(40448K)
[129.007s][info][gc,heap        ] GC(915) ParOldGen: 434473K(699392K)->436337K(699392K)
[129.007s][info][gc,metaspace   ] GC(915) Metaspace: 10722K(10944K)->10722K(10944K) NonClass: 9830K(9920K)->9830K(9920K) Class: 891K(1024K)->891K(1024K)
[129.007s][info][gc             ] GC(915) Pause Young (Allocation Failure) 687M->465M(946M) 13.047ms
[129.007s][info][gc,cpu         ] GC(915) User=0.00s Sys=0.00s Real=0.01s
[129.084s][info][gc,start       ] GC(916) Pause Young (Allocation Failure)
[129.097s][info][gc,heap        ] GC(916) PSYoungGen: 269440K(269824K)->40160K(285696K) Eden: 229376K(229376K)->0K(224256K) From: 40064K(40448K)->40160K(61440K)
[129.097s][info][gc,heap        ] GC(916) ParOldGen: 436337K(699392K)->437985K(699392K)
[129.097s][info][gc,metaspace   ] GC(916) Metaspace: 10722K(10944K)->10722K(10944K) NonClass: 9830K(9920K)->9830K(9920K) Class: 891K(1024K)->891K(1024K)
[129.097s][info][gc             ] GC(916) Pause Young (Allocation Failure) 689M->466M(962M) 13.071ms
[129.097s][info][gc,cpu         ] GC(916) User=0.09s Sys=0.00s Real=0.01s
[129.179s][info][gc,start       ] GC(917) Pause Young (Allocation Failure)
[129.191s][info][gc,heap        ] GC(917) PSYoungGen: 264416K(285696K)->40512K(265216K) Eden: 224256K(224256K)->0K(224256K) From: 40160K(61440K)->40512K(40960K)
[129.191s][info][gc,heap        ] GC(917) ParOldGen: 437985K(699392K)->439537K(699392K)
[129.191s][info][gc,metaspace   ] GC(917) Metaspace: 10722K(10944K)->10722K(10944K) NonClass: 9830K(9920K)->9830K(9920K) Class: 891K(1024K)->891K(1024K)
[129.191s][info][gc             ] GC(917) Pause Young (Allocation Failure) 685M->468M(942M) 12.806ms
[129.191s][info][gc,cpu         ] GC(917) User=0.08s Sys=0.00s Real=0.01s
[129.269s][info][gc,start       ] GC(918) Pause Young (Allocation Failure)
[129.282s][info][gc,heap        ] GC(918) PSYoungGen: 264768K(265216K)->40736K(285184K) Eden: 224256K(224256K)->0K(222208K) From: 40512K(40960K)->40736K(62976K)
[129.282s][info][gc,heap        ] GC(918) ParOldGen: 439537K(699392K)->441193K(699392K)
[129.282s][info][gc,metaspace   ] GC(918) Metaspace: 10722K(10944K)->10722K(10944K) NonClass: 9830K(9920K)->9830K(9920K) Class: 891K(1024K)->891K(1024K)
[129.282s][info][gc             ] GC(918) Pause Young (Allocation Failure) 687M->470M(961M) 12.965ms
[129.282s][info][gc,cpu         ] GC(918) User=0.09s Sys=0.00s Real=0.01s
[129.357s][info][gc,start       ] GC(919) Pause Young (Allocation Failure)
[129.371s][info][gc,heap        ] GC(919) PSYoungGen: 262944K(285184K)->40896K(263168K) Eden: 222208K(222208K)->0K(222208K) From: 40736K(62976K)->40896K(40960K)
[129.371s][info][gc,heap        ] GC(919) ParOldGen: 441193K(699392K)->442913K(699392K)
[129.371s][info][gc,metaspace   ] GC(919) Metaspace: 10722K(10944K)->10722K(10944K) NonClass: 9830K(9920K)->9830K(9920K) Class: 891K(1024K)->891K(1024K)
[129.371s][info][gc             ] GC(919) Pause Young (Allocation Failure) 687M->472M(940M) 13.324ms
[129.371s][info][gc,cpu         ] GC(919) User=0.09s Sys=0.00s Real=0.01s
[129.445s][info][gc,start       ] GC(920) Pause Young (Allocation Failure)
[129.458s][info][gc,heap        ] GC(920) PSYoungGen: 263104K(263168K)->38944K(286208K) Eden: 222208K(222208K)->0K(222208K) From: 40896K(40960K)->38944K(64000K)
[129.458s][info][gc,heap        ] GC(920) ParOldGen: 442913K(699392K)->446441K(699392K)
[129.458s][info][gc,metaspace   ] GC(920) Metaspace: 10722K(10944K)->10722K(10944K) NonClass: 9830K(9920K)->9830K(9920K) Class: 891K(1024K)->891K(1024K)
[129.458s][info][gc             ] GC(920) Pause Young (Allocation Failure) 689M->474M(962M) 12.776ms
[129.458s][info][gc,cpu         ] GC(920) User=0.09s Sys=0.00s Real=0.01s
[129.532s][info][gc,start       ] GC(921) Pause Young (Allocation Failure)
[129.544s][info][gc,heap        ] GC(921) PSYoungGen: 261152K(286208K)->37216K(285184K) Eden: 222208K(222208K)->0K(222208K) From: 38944K(64000K)->37216K(62976K)
[129.544s][info][gc,heap        ] GC(921) ParOldGen: 446441K(699392K)->450241K(699392K)
[129.544s][info][gc,metaspace   ] GC(921) Metaspace: 10722K(10944K)->10722K(10944K) NonClass: 9830K(9920K)->9830K(9920K) Class: 891K(1024K)->891K(1024K)
[129.544s][info][gc             ] GC(921) Pause Young (Allocation Failure) 691M->476M(961M) 12.552ms
[129.544s][info][gc,cpu         ] GC(921) User=0.09s Sys=0.00s Real=0.01s
[129.618s][info][gc,start       ] GC(922) Pause Young (Allocation Failure)
[129.630s][info][gc,heap        ] GC(922) PSYoungGen: 259424K(285184K)->34944K(289792K) Eden: 222208K(222208K)->0K(228352K) From: 37216K(62976K)->34944K(61440K)
[129.630s][info][gc,heap        ] GC(922) ParOldGen: 450241K(699392K)->454361K(699392K)
[129.630s][info][gc,metaspace   ] GC(922) Metaspace: 10722K(10944K)->10722K(10944K) NonClass: 9830K(9920K)->9830K(9920K) Class: 891K(1024K)->891K(1024K)
[129.630s][info][gc             ] GC(922) Pause Young (Allocation Failure) 693M->477M(966M) 11.966ms
[129.630s][info][gc,cpu         ] GC(922) User=0.09s Sys=0.00s Real=0.01s
[129.707s][info][gc,start       ] GC(923) Pause Young (Allocation Failure)
[129.719s][info][gc,heap        ] GC(923) PSYoungGen: 263296K(289792K)->32480K(287744K) Eden: 228352K(228352K)->0K(228352K) From: 34944K(61440K)->32480K(59392K)
[129.719s][info][gc,heap        ] GC(923) ParOldGen: 454361K(699392K)->458617K(699392K)
[129.719s][info][gc,metaspace   ] GC(923) Metaspace: 10722K(10944K)->10722K(10944K) NonClass: 9830K(9920K)->9830K(9920K) Class: 891K(1024K)->891K(1024K)
[129.719s][info][gc             ] GC(923) Pause Young (Allocation Failure) 700M->479M(964M) 11.793ms
[129.719s][info][gc,cpu         ] GC(923) User=0.09s Sys=0.00s Real=0.01s
[129.794s][info][gc,start       ] GC(924) Pause Young (Allocation Failure)
[129.805s][info][gc,heap        ] GC(924) PSYoungGen: 260832K(287744K)->30336K(293888K) Eden: 228352K(228352K)->0K(237056K) From: 32480K(59392K)->30336K(56832K)
[129.805s][info][gc,heap        ] GC(924) ParOldGen: 458617K(699392K)->462881K(699392K)
[129.805s][info][gc,metaspace   ] GC(924) Metaspace: 10722K(10944K)->10722K(10944K) NonClass: 9830K(9920K)->9830K(9920K) Class: 891K(1024K)->891K(1024K)
[129.805s][info][gc             ] GC(924) Pause Young (Allocation Failure) 702M->481M(970M) 11.078ms
[129.806s][info][gc,cpu         ] GC(924) User=0.00s Sys=0.00s Real=0.01s
[129.890s][info][gc,start       ] GC(925) Pause Young (Allocation Failure)
[129.901s][info][gc,heap        ] GC(925) PSYoungGen: 267392K(293888K)->28096K(292352K) Eden: 237056K(237056K)->0K(237056K) From: 30336K(56832K)->28096K(55296K)
[129.901s][info][gc,heap        ] GC(925) ParOldGen: 462881K(699392K)->467097K(699392K)
[129.901s][info][gc,metaspace   ] GC(925) Metaspace: 10722K(10944K)->10722K(10944K) NonClass: 9830K(9920K)->9830K(9920K) Class: 891K(1024K)->891K(1024K)
[129.902s][info][gc             ] GC(925) Pause Young (Allocation Failure) 713M->483M(968M) 11.082ms
[129.902s][info][gc,cpu         ] GC(925) User=0.09s Sys=0.00s Real=0.01s
[129.992s][info][gc,start       ] GC(926) Pause Young (Allocation Failure)
[130.002s][info][gc,heap        ] GC(926) PSYoungGen: 265152K(292352K)->28256K(296448K) Eden: 237056K(237056K)->0K(242688K) From: 28096K(55296K)->28256K(53760K)
[130.002s][info][gc,heap        ] GC(926) ParOldGen: 467097K(699392K)->469225K(699392K)
[130.002s][info][gc,metaspace   ] GC(926) Metaspace: 10722K(10944K)->10722K(10944K) NonClass: 9830K(9920K)->9830K(9920K) Class: 891K(1024K)->891K(1024K)
[130.002s][info][gc             ] GC(926) Pause Young (Allocation Failure) 715M->485M(972M) 9.870ms
[130.002s][info][gc,cpu         ] GC(926) User=0.09s Sys=0.00s Real=0.01s
[130.090s][info][gc,start       ] GC(927) Pause Young (Allocation Failure)
[130.100s][info][gc,heap        ] GC(927) PSYoungGen: 270944K(296448K)->28320K(295424K) Eden: 242688K(242688K)->0K(242688K) From: 28256K(53760K)->28320K(52736K)
[130.100s][info][gc,heap        ] GC(927) ParOldGen: 469225K(699392K)->471297K(699392K)
[130.100s][info][gc,metaspace   ] GC(927) Metaspace: 10722K(10944K)->10722K(10944K) NonClass: 9830K(9920K)->9830K(9920K) Class: 891K(1024K)->891K(1024K)
[130.100s][info][gc             ] GC(927) Pause Young (Allocation Failure) 722M->487M(971M) 9.995ms
[130.100s][info][gc,cpu         ] GC(927) User=0.00s Sys=0.00s Real=0.01s
[130.189s][info][gc,start       ] GC(928) Pause Young (Allocation Failure)
[130.200s][info][gc,heap        ] GC(928) PSYoungGen: 271008K(295424K)->28736K(299008K) Eden: 242688K(242688K)->0K(247808K) From: 28320K(52736K)->28736K(51200K)
[130.200s][info][gc,heap        ] GC(928) ParOldGen: 471297K(699392K)->473401K(699392K)
[130.200s][info][gc,metaspace   ] GC(928) Metaspace: 10722K(10944K)->10722K(10944K) NonClass: 9830K(9920K)->9830K(9920K) Class: 891K(1024K)->891K(1024K)
[130.200s][info][gc             ] GC(928) Pause Young (Allocation Failure) 724M->490M(975M) 10.931ms
[130.200s][info][gc,cpu         ] GC(928) User=0.09s Sys=0.00s Real=0.01s
[130.295s][info][gc,start       ] GC(929) Pause Young (Allocation Failure)
[130.304s][info][gc,heap        ] GC(929) PSYoungGen: 276544K(299008K)->28736K(297984K) Eden: 247808K(247808K)->0K(247808K) From: 28736K(51200K)->28736K(50176K)
[130.304s][info][gc,heap        ] GC(929) ParOldGen: 473401K(699392K)->475433K(699392K)
[130.304s][info][gc,metaspace   ] GC(929) Metaspace: 10722K(10944K)->10722K(10944K) NonClass: 9830K(9920K)->9830K(9920K) Class: 891K(1024K)->891K(1024K)
[130.304s][info][gc             ] GC(929) Pause Young (Allocation Failure) 732M->492M(974M) 9.885ms
[130.304s][info][gc,cpu         ] GC(929) User=0.00s Sys=0.00s Real=0.01s
[130.396s][info][gc,start       ] GC(930) Pause Young (Allocation Failure)
[130.406s][info][gc,heap        ] GC(930) PSYoungGen: 276544K(297984K)->28960K(301568K) Eden: 247808K(247808K)->0K(252928K) From: 28736K(50176K)->28960K(48640K)
[130.406s][info][gc,heap        ] GC(930) ParOldGen: 475433K(699392K)->477497K(699392K)
[130.406s][info][gc,metaspace   ] GC(930) Metaspace: 10722K(10944K)->10722K(10944K) NonClass: 9830K(9920K)->9830K(9920K) Class: 891K(1024K)->891K(1024K)
[130.406s][info][gc             ] GC(930) Pause Young (Allocation Failure) 734M->494M(977M) 10.079ms
[130.406s][info][gc,cpu         ] GC(930) User=0.09s Sys=0.00s Real=0.01s
[130.506s][info][gc,start       ] GC(931) Pause Young (Allocation Failure)
[130.518s][info][gc,heap        ] GC(931) PSYoungGen: 281888K(301568K)->31456K(300544K) Eden: 252928K(252928K)->0K(252928K) From: 28960K(48640K)->31456K(47616K)
[130.518s][info][gc,heap        ] GC(931) ParOldGen: 477497K(699392K)->477497K(699392K)
[130.518s][info][gc,metaspace   ] GC(931) Metaspace: 10722K(10944K)->10722K(10944K) NonClass: 9830K(9920K)->9830K(9920K) Class: 891K(1024K)->891K(1024K)
[130.518s][info][gc             ] GC(931) Pause Young (Allocation Failure) 741M->497M(976M) 12.232ms
[130.518s][info][gc,cpu         ] GC(931) User=0.06s Sys=0.00s Real=0.01s
[130.609s][info][gc,start       ] GC(932) Pause Young (Allocation Failure)
[130.620s][info][gc,heap        ] GC(932) PSYoungGen: 284384K(300544K)->33568K(303616K) Eden: 252928K(252928K)->0K(257536K) From: 31456K(47616K)->33568K(46080K)
[130.620s][info][gc,heap        ] GC(932) ParOldGen: 477497K(699392K)->477497K(699392K)
[130.620s][info][gc,metaspace   ] GC(932) Metaspace: 10722K(10944K)->10722K(10944K) NonClass: 9830K(9920K)->9830K(9920K) Class: 891K(1024K)->891K(1024K)
[130.620s][info][gc             ] GC(932) Pause Young (Allocation Failure) 744M->499M(979M) 11.253ms
[130.620s][info][gc,cpu         ] GC(932) User=0.09s Sys=0.00s Real=0.01s
[130.709s][info][gc,start       ] GC(933) Pause Young (Allocation Failure)
[130.721s][info][gc,heap        ] GC(933) PSYoungGen: 291104K(303616K)->35872K(303104K) Eden: 257536K(257536K)->0K(257536K) From: 33568K(46080K)->35872K(45568K)
[130.721s][info][gc,heap        ] GC(933) ParOldGen: 477497K(699392K)->477497K(699392K)
[130.721s][info][gc,metaspace   ] GC(933) Metaspace: 10722K(10944K)->10722K(10944K) NonClass: 9830K(9920K)->9830K(9920K) Class: 891K(1024K)->891K(1024K)
[130.721s][info][gc             ] GC(933) Pause Young (Allocation Failure) 750M->501M(979M) 11.217ms
[130.721s][info][gc,cpu         ] GC(933) User=0.09s Sys=0.00s Real=0.01s
[130.807s][info][gc,start       ] GC(934) Pause Young (Allocation Failure)
[130.819s][info][gc,heap        ] GC(934) PSYoungGen: 293408K(303104K)->37984K(301568K) Eden: 257536K(257536K)->0K(256000K) From: 35872K(45568K)->37984K(45568K)
[130.819s][info][gc,heap        ] GC(934) ParOldGen: 477497K(699392K)->477497K(699392K)
[130.819s][info][gc,metaspace   ] GC(934) Metaspace: 10722K(10944K)->10722K(10944K) NonClass: 9830K(9920K)->9830K(9920K) Class: 891K(1024K)->891K(1024K)
[130.819s][info][gc             ] GC(934) Pause Young (Allocation Failure) 752M->503M(977M) 12.322ms
[130.819s][info][gc,cpu         ] GC(934) User=0.00s Sys=0.00s Real=0.01s
[130.905s][info][gc,start       ] GC(935) Pause Young (Allocation Failure)
[130.917s][info][gc,heap        ] GC(935) PSYoungGen: 293984K(301568K)->38368K(294400K) Eden: 256000K(256000K)->0K(256000K) From: 37984K(45568K)->38368K(38400K)
[130.917s][info][gc,heap        ] GC(935) ParOldGen: 477497K(699392K)->479313K(699392K)
[130.917s][info][gc,metaspace   ] GC(935) Metaspace: 10722K(10944K)->10722K(10944K) NonClass: 9830K(9920K)->9830K(9920K) Class: 891K(1024K)->891K(1024K)
[130.917s][info][gc             ] GC(935) Pause Young (Allocation Failure) 753M->505M(970M) 12.522ms
[130.917s][info][gc,cpu         ] GC(935) User=0.09s Sys=0.00s Real=0.01s
[131.005s][info][gc,start       ] GC(936) Pause Young (Allocation Failure)
[131.017s][info][gc,heap        ] GC(936) PSYoungGen: 294368K(294400K)->38464K(300032K) Eden: 256000K(256000K)->0K(252928K) From: 38368K(38400K)->38464K(47104K)
[131.017s][info][gc,heap        ] GC(936) ParOldGen: 479313K(699392K)->481145K(699392K)
[131.017s][info][gc,metaspace   ] GC(936) Metaspace: 10722K(10944K)->10722K(10944K) NonClass: 9830K(9920K)->9830K(9920K) Class: 891K(1024K)->891K(1024K)
[131.017s][info][gc             ] GC(936) Pause Young (Allocation Failure) 755M->507M(976M) 12.435ms
[131.017s][info][gc,cpu         ] GC(936) User=0.09s Sys=0.00s Real=0.01s
[131.102s][info][gc,start       ] GC(937) Pause Young (Allocation Failure)
[131.114s][info][gc,heap        ] GC(937) PSYoungGen: 291392K(300032K)->38848K(291840K) Eden: 252928K(252928K)->0K(252928K) From: 38464K(47104K)->38848K(38912K)
[131.114s][info][gc,heap        ] GC(937) ParOldGen: 481145K(699392K)->483041K(699392K)
[131.114s][info][gc,metaspace   ] GC(937) Metaspace: 10722K(10944K)->10722K(10944K) NonClass: 9830K(9920K)->9830K(9920K) Class: 891K(1024K)->891K(1024K)
[131.114s][info][gc             ] GC(937) Pause Young (Allocation Failure) 754M->509M(968M) 12.691ms
[131.114s][info][gc,cpu         ] GC(937) User=0.09s Sys=0.00s Real=0.01s
[131.198s][info][gc,start       ] GC(938) Pause Young (Allocation Failure)
[131.211s][info][gc,heap        ] GC(938) PSYoungGen: 291776K(291840K)->38976K(300544K) Eden: 252928K(252928K)->0K(251904K) From: 38848K(38912K)->38976K(48640K)
[131.211s][info][gc,heap        ] GC(938) ParOldGen: 483041K(699392K)->484953K(699392K)
[131.211s][info][gc,metaspace   ] GC(938) Metaspace: 10722K(10944K)->10722K(10944K) NonClass: 9830K(9920K)->9830K(9920K) Class: 891K(1024K)->891K(1024K)
[131.211s][info][gc             ] GC(938) Pause Young (Allocation Failure) 756M->511M(976M) 12.589ms
[131.211s][info][gc,cpu         ] GC(938) User=0.00s Sys=0.00s Real=0.01s
[131.293s][info][gc,start       ] GC(939) Pause Young (Allocation Failure)
[131.306s][info][gc,heap        ] GC(939) PSYoungGen: 290880K(300544K)->39136K(291328K) Eden: 251904K(251904K)->0K(251904K) From: 38976K(48640K)->39136K(39424K)
[131.306s][info][gc,heap        ] GC(939) ParOldGen: 484953K(699392K)->486873K(699392K)
[131.306s][info][gc,metaspace   ] GC(939) Metaspace: 10722K(10944K)->10722K(10944K) NonClass: 9830K(9920K)->9830K(9920K) Class: 891K(1024K)->891K(1024K)
[131.306s][info][gc             ] GC(939) Pause Young (Allocation Failure) 757M->513M(967M) 12.786ms
[131.306s][info][gc,cpu         ] GC(939) User=0.02s Sys=0.00s Real=0.01s
[131.388s][info][gc,start       ] GC(940) Pause Young (Allocation Failure)
[131.401s][info][gc,heap        ] GC(940) PSYoungGen: 291040K(291328K)->39296K(300032K) Eden: 251904K(251904K)->0K(250880K) From: 39136K(39424K)->39296K(49152K)
[131.401s][info][gc,heap        ] GC(940) ParOldGen: 486873K(699392K)->488753K(699392K)
[131.401s][info][gc,metaspace   ] GC(940) Metaspace: 10722K(10944K)->10722K(10944K) NonClass: 9830K(9920K)->9830K(9920K) Class: 891K(1024K)->891K(1024K)
[131.401s][info][gc             ] GC(940) Pause Young (Allocation Failure) 759M->515M(976M) 12.747ms
[131.401s][info][gc,cpu         ] GC(940) User=0.09s Sys=0.00s Real=0.01s
[131.485s][info][gc,start       ] GC(941) Pause Young (Allocation Failure)
[131.498s][info][gc,heap        ] GC(941) PSYoungGen: 290176K(300032K)->39296K(300032K) Eden: 250880K(250880K)->0K(250880K) From: 39296K(49152K)->39296K(49152K)
[131.498s][info][gc,heap        ] GC(941) ParOldGen: 488753K(699392K)->490825K(699392K)
[131.498s][info][gc,metaspace   ] GC(941) Metaspace: 10722K(10944K)->10722K(10944K) NonClass: 9830K(9920K)->9830K(9920K) Class: 891K(1024K)->891K(1024K)
[131.498s][info][gc             ] GC(941) Pause Young (Allocation Failure) 760M->517M(976M) 12.976ms
[131.498s][info][gc,cpu         ] GC(941) User=0.09s Sys=0.00s Real=0.01s
[131.580s][info][gc,start       ] GC(942) Pause Young (Allocation Failure)
[131.592s][info][gc,heap        ] GC(942) PSYoungGen: 290176K(300032K)->39168K(300032K) Eden: 250880K(250880K)->0K(250880K) From: 39296K(49152K)->39168K(49152K)
[131.592s][info][gc,heap        ] GC(942) ParOldGen: 490825K(699392K)->492873K(699392K)
[131.592s][info][gc,metaspace   ] GC(942) Metaspace: 10722K(10944K)->10722K(10944K) NonClass: 9830K(9920K)->9830K(9920K) Class: 891K(1024K)->891K(1024K)
[131.592s][info][gc             ] GC(942) Pause Young (Allocation Failure) 762M->519M(976M) 12.712ms
[131.592s][info][gc,cpu         ] GC(942) User=0.09s Sys=0.00s Real=0.01s
[131.673s][info][gc,start       ] GC(943) Pause Young (Allocation Failure)
[131.686s][info][gc,heap        ] GC(943) PSYoungGen: 290048K(300032K)->39264K(300032K) Eden: 250880K(250880K)->0K(250880K) From: 39168K(49152K)->39264K(49152K)
[131.686s][info][gc,heap        ] GC(943) ParOldGen: 492873K(699392K)->494953K(699392K)
[131.686s][info][gc,metaspace   ] GC(943) Metaspace: 10722K(10944K)->10722K(10944K) NonClass: 9830K(9920K)->9830K(9920K) Class: 891K(1024K)->891K(1024K)
[131.686s][info][gc             ] GC(943) Pause Young (Allocation Failure) 764M->521M(976M) 12.832ms
[131.686s][info][gc,cpu         ] GC(943) User=0.09s Sys=0.00s Real=0.01s
[131.766s][info][gc,start       ] GC(944) Pause Young (Allocation Failure)
[131.779s][info][gc,heap        ] GC(944) PSYoungGen: 290144K(300032K)->36832K(301056K) Eden: 250880K(250880K)->0K(251904K) From: 39264K(49152K)->36832K(49152K)
[131.779s][info][gc,heap        ] GC(944) ParOldGen: 494953K(699392K)->499161K(699392K)
[131.779s][info][gc,metaspace   ] GC(944) Metaspace: 10722K(10944K)->10722K(10944K) NonClass: 9830K(9920K)->9830K(9920K) Class: 891K(1024K)->891K(1024K)
[131.779s][info][gc             ] GC(944) Pause Young (Allocation Failure) 766M->523M(977M) 12.513ms
[131.779s][info][gc,cpu         ] GC(944) User=0.09s Sys=0.00s Real=0.01s
[131.862s][info][gc,start       ] GC(945) Pause Young (Allocation Failure)
[131.875s][info][gc,heap        ] GC(945) PSYoungGen: 288736K(301056K)->34624K(300032K) Eden: 251904K(251904K)->0K(251904K) From: 36832K(49152K)->34624K(48128K)
[131.875s][info][gc,heap        ] GC(945) ParOldGen: 499161K(699392K)->503481K(699392K)
[131.875s][info][gc,metaspace   ] GC(945) Metaspace: 10722K(10944K)->10722K(10944K) NonClass: 9830K(9920K)->9830K(9920K) Class: 891K(1024K)->891K(1024K)
[131.875s][info][gc             ] GC(945) Pause Young (Allocation Failure) 769M->525M(976M) 12.611ms
[131.875s][info][gc,cpu         ] GC(945) User=0.09s Sys=0.00s Real=0.01s
[131.959s][info][gc,start       ] GC(946) Pause Young (Allocation Failure)
[131.971s][info][gc,heap        ] GC(946) PSYoungGen: 286528K(300032K)->32320K(302592K) Eden: 251904K(251904K)->0K(255488K) From: 34624K(48128K)->32320K(47104K)
[131.971s][info][gc,heap        ] GC(946) ParOldGen: 503481K(699392K)->507913K(699392K)
[131.971s][info][gc,metaspace   ] GC(946) Metaspace: 10722K(10944K)->10722K(10944K) NonClass: 9830K(9920K)->9830K(9920K) Class: 891K(1024K)->891K(1024K)
[131.971s][info][gc             ] GC(946) Pause Young (Allocation Failure) 771M->527M(978M) 11.576ms
[131.971s][info][gc,cpu         ] GC(946) User=0.09s Sys=0.00s Real=0.01s
[132.054s][info][gc,start       ] GC(947) Pause Young (Allocation Failure)
[132.065s][info][gc,heap        ] GC(947) PSYoungGen: 287808K(302592K)->32256K(302080K) Eden: 255488K(255488K)->0K(255488K) From: 32320K(47104K)->32256K(46592K)
[132.065s][info][gc,heap        ] GC(947) ParOldGen: 507913K(699392K)->510137K(699392K)
[132.065s][info][gc,metaspace   ] GC(947) Metaspace: 10722K(10944K)->10722K(10944K) NonClass: 9830K(9920K)->9830K(9920K) Class: 891K(1024K)->891K(1024K)
[132.065s][info][gc             ] GC(947) Pause Young (Allocation Failure) 777M->529M(978M) 10.915ms
[132.065s][info][gc,cpu         ] GC(947) User=0.09s Sys=0.00s Real=0.01s
[132.150s][info][gc,start       ] GC(948) Pause Young (Allocation Failure)
[132.162s][info][gc,heap        ] GC(948) PSYoungGen: 287744K(302080K)->32448K(303104K) Eden: 255488K(255488K)->0K(256512K) From: 32256K(46592K)->32448K(46592K)
[132.162s][info][gc,heap        ] GC(948) ParOldGen: 510137K(699392K)->512361K(699392K)
[132.162s][info][gc,metaspace   ] GC(948) Metaspace: 10722K(10944K)->10722K(10944K) NonClass: 9830K(9920K)->9830K(9920K) Class: 891K(1024K)->891K(1024K)
[132.162s][info][gc             ] GC(948) Pause Young (Allocation Failure) 779M->532M(979M) 11.120ms
[132.162s][info][gc,cpu         ] GC(948) User=0.00s Sys=0.00s Real=0.01s
[132.245s][info][gc,start       ] GC(949) Pause Young (Allocation Failure)
[132.256s][info][gc,heap        ] GC(949) PSYoungGen: 288960K(303104K)->32544K(302592K) Eden: 256512K(256512K)->0K(256512K) From: 32448K(46592K)->32544K(46080K)
[132.256s][info][gc,heap        ] GC(949) ParOldGen: 512361K(699392K)->514537K(699392K)
[132.256s][info][gc,metaspace   ] GC(949) Metaspace: 10722K(10944K)->10722K(10944K) NonClass: 9830K(9920K)->9830K(9920K) Class: 891K(1024K)->891K(1024K)
[132.256s][info][gc             ] GC(949) Pause Young (Allocation Failure) 782M->534M(978M) 11.220ms
[132.256s][info][gc,cpu         ] GC(949) User=0.00s Sys=0.00s Real=0.01s
[132.341s][info][gc,start       ] GC(950) Pause Young (Allocation Failure)
[132.352s][info][gc,heap        ] GC(950) PSYoungGen: 289056K(302592K)->32608K(304640K) Eden: 256512K(256512K)->0K(259584K) From: 32544K(46080K)->32608K(45056K)
[132.352s][info][gc,heap        ] GC(950) ParOldGen: 514537K(699392K)->516705K(699392K)
[132.352s][info][gc,metaspace   ] GC(950) Metaspace: 10722K(10944K)->10722K(10944K) NonClass: 9830K(9920K)->9830K(9920K) Class: 891K(1024K)->891K(1024K)
[132.352s][info][gc             ] GC(950) Pause Young (Allocation Failure) 784M->536M(980M) 11.219ms
[132.352s][info][gc,cpu         ] GC(950) User=0.00s Sys=0.00s Real=0.01s
[132.440s][info][gc,start       ] GC(951) Pause Young (Allocation Failure)
[132.451s][info][gc,heap        ] GC(951) PSYoungGen: 292192K(304640K)->32672K(304128K) Eden: 259584K(259584K)->0K(259584K) From: 32608K(45056K)->32672K(44544K)
[132.451s][info][gc,heap        ] GC(951) ParOldGen: 516705K(699392K)->518937K(699392K)
[132.452s][info][gc,metaspace   ] GC(951) Metaspace: 10722K(10944K)->10722K(10944K) NonClass: 9830K(9920K)->9830K(9920K) Class: 891K(1024K)->891K(1024K)
[132.452s][info][gc             ] GC(951) Pause Young (Allocation Failure) 789M->538M(980M) 11.648ms
[132.452s][info][gc,cpu         ] GC(951) User=0.08s Sys=0.00s Real=0.01s
[132.539s][info][gc,start       ] GC(952) Pause Young (Allocation Failure)
[132.551s][info][gc,heap        ] GC(952) PSYoungGen: 292256K(304128K)->32992K(305664K) Eden: 259584K(259584K)->0K(261632K) From: 32672K(44544K)->32992K(44032K)
[132.551s][info][gc,heap        ] GC(952) ParOldGen: 518937K(699392K)->521049K(699392K)
[132.551s][info][gc,metaspace   ] GC(952) Metaspace: 10722K(10944K)->10722K(10944K) NonClass: 9830K(9920K)->9830K(9920K) Class: 891K(1024K)->891K(1024K)
[132.551s][info][gc             ] GC(952) Pause Young (Allocation Failure) 792M->541M(981M) 11.359ms
[132.551s][info][gc,cpu         ] GC(952) User=0.09s Sys=0.00s Real=0.01s
[132.637s][info][gc,start       ] GC(953) Pause Young (Allocation Failure)
[132.648s][info][gc,heap        ] GC(953) PSYoungGen: 294624K(305664K)->33376K(305152K) Eden: 261632K(261632K)->0K(261632K) From: 32992K(44032K)->33376K(43520K)
[132.648s][info][gc,heap        ] GC(953) ParOldGen: 521049K(699392K)->523217K(699392K)
[132.648s][info][gc,metaspace   ] GC(953) Metaspace: 10722K(10944K)->10722K(10944K) NonClass: 9830K(9920K)->9830K(9920K) Class: 891K(1024K)->891K(1024K)
[132.648s][info][gc             ] GC(953) Pause Young (Allocation Failure) 796M->543M(981M) 11.578ms
[132.648s][info][gc,cpu         ] GC(953) User=0.00s Sys=0.00s Real=0.01s
[132.735s][info][gc,start       ] GC(954) Pause Young (Allocation Failure)
[132.746s][info][gc,heap        ] GC(954) PSYoungGen: 295008K(305152K)->33440K(307200K) Eden: 261632K(261632K)->0K(264704K) From: 33376K(43520K)->33440K(42496K)
[132.746s][info][gc,heap        ] GC(954) ParOldGen: 523217K(699392K)->525281K(699392K)
[132.746s][info][gc,metaspace   ] GC(954) Metaspace: 10722K(10944K)->10722K(10944K) NonClass: 9830K(9920K)->9830K(9920K) Class: 891K(1024K)->891K(1024K)
[132.746s][info][gc             ] GC(954) Pause Young (Allocation Failure) 799M->545M(983M) 11.279ms
[132.746s][info][gc,cpu         ] GC(954) User=0.09s Sys=0.00s Real=0.01s
[132.835s][info][gc,start       ] GC(955) Pause Young (Allocation Failure)
[132.846s][info][gc,heap        ] GC(955) PSYoungGen: 298144K(307200K)->33696K(306688K) Eden: 264704K(264704K)->0K(264704K) From: 33440K(42496K)->33696K(41984K)
[132.846s][info][gc,heap        ] GC(955) ParOldGen: 525281K(699392K)->527361K(699392K)
[132.846s][info][gc,metaspace   ] GC(955) Metaspace: 10722K(10944K)->10722K(10944K) NonClass: 9830K(9920K)->9830K(9920K) Class: 891K(1024K)->891K(1024K)
[132.846s][info][gc             ] GC(955) Pause Young (Allocation Failure) 804M->547M(982M) 11.363ms
[132.846s][info][gc,cpu         ] GC(955) User=0.09s Sys=0.00s Real=0.01s
[132.935s][info][gc,start       ] GC(956) Pause Young (Allocation Failure)
[132.947s][info][gc,heap        ] GC(956) PSYoungGen: 298400K(306688K)->33888K(308224K) Eden: 264704K(264704K)->0K(266752K) From: 33696K(41984K)->33888K(41472K)
[132.947s][info][gc,heap        ] GC(956) ParOldGen: 527361K(699392K)->529577K(699392K)
[132.947s][info][gc,metaspace   ] GC(956) Metaspace: 10722K(10944K)->10722K(10944K) NonClass: 9830K(9920K)->9830K(9920K) Class: 891K(1024K)->891K(1024K)
[132.947s][info][gc             ] GC(956) Pause Young (Allocation Failure) 806M->550M(984M) 11.692ms
[132.947s][info][gc,cpu         ] GC(956) User=0.09s Sys=0.00s Real=0.01s
[133.039s][info][gc,start       ] GC(957) Pause Young (Allocation Failure)
[133.050s][info][gc,heap        ] GC(957) PSYoungGen: 300640K(308224K)->34208K(307712K) Eden: 266752K(266752K)->0K(266752K) From: 33888K(41472K)->34208K(40960K)
[133.050s][info][gc,heap        ] GC(957) ParOldGen: 529577K(699392K)->531681K(699392K)
[133.050s][info][gc,metaspace   ] GC(957) Metaspace: 10722K(10944K)->10722K(10944K) NonClass: 9830K(9920K)->9830K(9920K) Class: 891K(1024K)->891K(1024K)
[133.050s][info][gc             ] GC(957) Pause Young (Allocation Failure) 810M->552M(983M) 11.618ms
[133.051s][info][gc,cpu         ] GC(957) User=0.09s Sys=0.00s Real=0.01s
[133.136s][info][gc,start       ] GC(958) Pause Young (Allocation Failure)
[133.148s][info][gc,heap        ] GC(958) PSYoungGen: 300960K(307712K)->34400K(309760K) Eden: 266752K(266752K)->0K(269824K) From: 34208K(40960K)->34400K(39936K)
[133.148s][info][gc,heap        ] GC(958) ParOldGen: 531681K(699392K)->533881K(699392K)
[133.148s][info][gc,metaspace   ] GC(958) Metaspace: 10722K(10944K)->10722K(10944K) NonClass: 9830K(9920K)->9830K(9920K) Class: 891K(1024K)->891K(1024K)
[133.148s][info][gc             ] GC(958) Pause Young (Allocation Failure) 813M->554M(985M) 11.717ms
[133.148s][info][gc,cpu         ] GC(958) User=0.00s Sys=0.00s Real=0.01s
[133.238s][info][gc,start       ] GC(959) Pause Young (Allocation Failure)
[133.249s][info][gc,heap        ] GC(959) PSYoungGen: 304224K(309760K)->34592K(309248K) Eden: 269824K(269824K)->0K(269824K) From: 34400K(39936K)->34592K(39424K)
[133.249s][info][gc,heap        ] GC(959) ParOldGen: 533881K(699392K)->536025K(699392K)
[133.250s][info][gc,metaspace   ] GC(959) Metaspace: 10722K(10944K)->10722K(10944K) NonClass: 9830K(9920K)->9830K(9920K) Class: 891K(1024K)->891K(1024K)
[133.250s][info][gc             ] GC(959) Pause Young (Allocation Failure) 818M->557M(985M) 11.721ms
[133.250s][info][gc,cpu         ] GC(959) User=0.09s Sys=0.00s Real=0.01s
[133.339s][info][gc,start       ] GC(960) Pause Young (Allocation Failure)
[133.351s][info][gc,heap        ] GC(960) PSYoungGen: 304416K(309248K)->34752K(310272K) Eden: 269824K(269824K)->0K(270848K) From: 34592K(39424K)->34752K(39424K)
[133.351s][info][gc,heap        ] GC(960) ParOldGen: 536025K(699392K)->538233K(699392K)
[133.351s][info][gc,metaspace   ] GC(960) Metaspace: 10722K(10944K)->10722K(10944K) NonClass: 9830K(9920K)->9830K(9920K) Class: 891K(1024K)->891K(1024K)
[133.351s][info][gc             ] GC(960) Pause Young (Allocation Failure) 820M->559M(986M) 11.865ms
[133.351s][info][gc,cpu         ] GC(960) User=0.00s Sys=0.00s Real=0.01s
[133.440s][info][gc,start       ] GC(961) Pause Young (Allocation Failure)
[133.452s][info][gc,heap        ] GC(961) PSYoungGen: 305600K(310272K)->34848K(309760K) Eden: 270848K(270848K)->0K(270848K) From: 34752K(39424K)->34848K(38912K)
[133.452s][info][gc,heap        ] GC(961) ParOldGen: 538233K(699392K)->540633K(699392K)
[133.452s][info][gc,metaspace   ] GC(961) Metaspace: 10722K(10944K)->10722K(10944K) NonClass: 9830K(9920K)->9830K(9920K) Class: 891K(1024K)->891K(1024K)
[133.452s][info][gc             ] GC(961) Pause Young (Allocation Failure) 824M->561M(985M) 11.963ms
[133.452s][info][gc,cpu         ] GC(961) User=0.09s Sys=0.00s Real=0.01s
[133.544s][info][gc,start       ] GC(962) Pause Young (Allocation Failure)
[133.556s][info][gc,heap        ] GC(962) PSYoungGen: 305696K(309760K)->34912K(310784K) Eden: 270848K(270848K)->0K(271872K) From: 34848K(38912K)->34912K(38912K)
[133.556s][info][gc,heap        ] GC(962) ParOldGen: 540633K(699392K)->542905K(699392K)
[133.556s][info][gc,metaspace   ] GC(962) Metaspace: 10722K(10944K)->10722K(10944K) NonClass: 9830K(9920K)->9830K(9920K) Class: 891K(1024K)->891K(1024K)
[133.556s][info][gc             ] GC(962) Pause Young (Allocation Failure) 826M->564M(986M) 12.309ms
[133.556s][info][gc,cpu         ] GC(962) User=0.00s Sys=0.00s Real=0.01s
[133.644s][info][gc,start       ] GC(963) Pause Young (Allocation Failure)
[133.656s][info][gc,heap        ] GC(963) PSYoungGen: 306784K(310784K)->34848K(310272K) Eden: 271872K(271872K)->0K(271872K) From: 34912K(38912K)->34848K(38400K)
[133.656s][info][gc,heap        ] GC(963) ParOldGen: 542905K(699392K)->545273K(699392K)
[133.656s][info][gc,metaspace   ] GC(963) Metaspace: 10722K(10944K)->10722K(10944K) NonClass: 9830K(9920K)->9830K(9920K) Class: 891K(1024K)->891K(1024K)
[133.656s][info][gc             ] GC(963) Pause Young (Allocation Failure) 829M->566M(986M) 11.777ms
[133.656s][info][gc,cpu         ] GC(963) User=0.09s Sys=0.00s Real=0.01s
[133.747s][info][gc,start       ] GC(964) Pause Young (Allocation Failure)
[133.758s][info][gc,heap        ] GC(964) PSYoungGen: 306720K(310272K)->34880K(310784K) Eden: 271872K(271872K)->0K(272384K) From: 34848K(38400K)->34880K(38400K)
[133.758s][info][gc,heap        ] GC(964) ParOldGen: 545273K(699392K)->547561K(699392K)
[133.758s][info][gc,metaspace   ] GC(964) Metaspace: 10722K(10944K)->10722K(10944K) NonClass: 9830K(9920K)->9830K(9920K) Class: 891K(1024K)->891K(1024K)
[133.758s][info][gc             ] GC(964) Pause Young (Allocation Failure) 832M->568M(986M) 11.796ms
[133.758s][info][gc,cpu         ] GC(964) User=0.00s Sys=0.00s Real=0.01s
[133.851s][info][gc,start       ] GC(965) Pause Young (Allocation Failure)
[133.862s][info][gc,heap        ] GC(965) PSYoungGen: 307264K(310784K)->34976K(310784K) Eden: 272384K(272384K)->0K(272384K) From: 34880K(38400K)->34976K(38400K)
[133.862s][info][gc,heap        ] GC(965) ParOldGen: 547561K(699392K)->549897K(699392K)
[133.863s][info][gc,metaspace   ] GC(965) Metaspace: 10722K(10944K)->10722K(10944K) NonClass: 9830K(9920K)->9830K(9920K) Class: 891K(1024K)->891K(1024K)
[133.863s][info][gc             ] GC(965) Pause Young (Allocation Failure) 834M->571M(986M) 12.004ms
[133.863s][info][gc,cpu         ] GC(965) User=0.09s Sys=0.00s Real=0.01s
[133.954s][info][gc,start       ] GC(966) Pause Young (Allocation Failure)
[133.966s][info][gc,heap        ] GC(966) PSYoungGen: 307360K(310784K)->35072K(311296K) Eden: 272384K(272384K)->0K(273408K) From: 34976K(38400K)->35072K(37888K)
[133.966s][info][gc,heap        ] GC(966) ParOldGen: 549897K(699392K)->552193K(699392K)
[133.966s][info][gc,metaspace   ] GC(966) Metaspace: 10722K(10944K)->10722K(10944K) NonClass: 9830K(9920K)->9830K(9920K) Class: 891K(1024K)->891K(1024K)
[133.966s][info][gc             ] GC(966) Pause Young (Allocation Failure) 837M->573M(987M) 12.110ms
[133.966s][info][gc,cpu         ] GC(966) User=0.09s Sys=0.00s Real=0.01s
[134.056s][info][gc,start       ] GC(967) Pause Young (Allocation Failure)
[134.067s][info][gc,heap        ] GC(967) PSYoungGen: 308480K(311296K)->34880K(311296K) Eden: 273408K(273408K)->0K(273408K) From: 35072K(37888K)->34880K(37888K)
[134.070s][info][gc,heap        ] GC(967) ParOldGen: 552193K(699392K)->554665K(699392K)
[134.070s][info][gc,metaspace   ] GC(967) Metaspace: 10722K(10944K)->10722K(10944K) NonClass: 9830K(9920K)->9830K(9920K) Class: 891K(1024K)->891K(1024K)
[134.070s][info][gc             ] GC(967) Pause Young (Allocation Failure) 840M->575M(987M) 14.172ms
[134.070s][info][gc,cpu         ] GC(967) User=0.09s Sys=0.00s Real=0.01s
[134.164s][info][gc,start       ] GC(968) Pause Young (Allocation Failure)
[134.175s][info][gc,heap        ] GC(968) PSYoungGen: 308288K(311296K)->35168K(311808K) Eden: 273408K(273408K)->0K(273920K) From: 34880K(37888K)->35168K(37888K)
[134.175s][info][gc,heap        ] GC(968) ParOldGen: 554665K(699392K)->556873K(699392K)
[134.176s][info][gc,metaspace   ] GC(968) Metaspace: 10722K(10944K)->10722K(10944K) NonClass: 9830K(9920K)->9830K(9920K) Class: 891K(1024K)->891K(1024K)
[134.176s][info][gc             ] GC(968) Pause Young (Allocation Failure) 842M->578M(987M) 11.957ms
[134.176s][info][gc,cpu         ] GC(968) User=0.09s Sys=0.00s Real=0.01s
[134.265s][info][gc,start       ] GC(969) Pause Young (Allocation Failure)
[134.278s][info][gc,heap        ] GC(969) PSYoungGen: 309087K(311808K)->35296K(311296K) Eden: 273919K(273920K)->0K(273920K) From: 35168K(37888K)->35296K(37376K)
[134.278s][info][gc,heap        ] GC(969) ParOldGen: 556873K(699392K)->559257K(699392K)
[134.278s][info][gc,metaspace   ] GC(969) Metaspace: 10722K(10944K)->10722K(10944K) NonClass: 9830K(9920K)->9830K(9920K) Class: 891K(1024K)->891K(1024K)
[134.278s][info][gc             ] GC(969) Pause Young (Allocation Failure) 845M->580M(987M) 12.446ms
[134.278s][info][gc,cpu         ] GC(969) User=0.09s Sys=0.00s Real=0.01s
[134.372s][info][gc,start       ] GC(970) Pause Young (Allocation Failure)
[134.384s][info][gc,heap        ] GC(970) PSYoungGen: 309216K(311296K)->35264K(311808K) Eden: 273920K(273920K)->0K(274432K) From: 35296K(37376K)->35264K(37376K)
[134.384s][info][gc,heap        ] GC(970) ParOldGen: 559257K(699392K)->561633K(699392K)
[134.384s][info][gc,metaspace   ] GC(970) Metaspace: 10722K(10944K)->10722K(10944K) NonClass: 9830K(9920K)->9830K(9920K) Class: 891K(1024K)->891K(1024K)
[134.384s][info][gc             ] GC(970) Pause Young (Allocation Failure) 848M->582M(987M) 12.232ms
[134.384s][info][gc,cpu         ] GC(970) User=0.02s Sys=0.00s Real=0.01s
[134.579s][info][gc,start       ] GC(971) Pause Young (Allocation Failure)
[134.591s][info][gc,heap        ] GC(971) PSYoungGen: 309696K(311808K)->35104K(311808K) Eden: 274432K(274432K)->0K(274432K) From: 35264K(37376K)->35104K(37376K)
[134.591s][info][gc,heap        ] GC(971) ParOldGen: 561633K(699392K)->563985K(699392K)
[134.591s][info][gc,metaspace   ] GC(971) Metaspace: 10722K(10944K)->10722K(10944K) NonClass: 9830K(9920K)->9830K(9920K) Class: 891K(1024K)->891K(1024K)
[134.591s][info][gc             ] GC(971) Pause Young (Allocation Failure) 850M->585M(987M) 12.228ms
[134.592s][info][gc,cpu         ] GC(971) User=0.08s Sys=0.02s Real=0.02s
[134.948s][info][gc,start       ] GC(972) Pause Young (Allocation Failure)
[134.980s][info][gc,heap        ] GC(972) PSYoungGen: 309536K(311808K)->37351K(290304K) Eden: 274432K(274432K)->0K(252928K) From: 35104K(37376K)->37351K(37376K)
[134.980s][info][gc,heap        ] GC(972) ParOldGen: 563985K(699392K)->591505K(699392K)
[134.980s][info][gc,metaspace   ] GC(972) Metaspace: 10723K(11008K)->10723K(11008K) NonClass: 9832K(9984K)->9832K(9984K) Class: 891K(1024K)->891K(1024K)
[134.980s][info][gc             ] GC(972) Pause Young (Allocation Failure) 853M->614M(966M) 32.506ms
[134.980s][info][gc,cpu         ] GC(972) User=0.19s Sys=0.00s Real=0.04s
[135.542s][info][gc,start       ] GC(973) Pause Young (Allocation Failure)
[135.578s][info][gc,heap        ] GC(973) PSYoungGen: 290279K(290304K)->48106K(301056K) Eden: 252928K(252928K)->0K(252928K) From: 37351K(37376K)->48106K(48128K)
[135.578s][info][gc,heap        ] GC(973) ParOldGen: 591505K(699392K)->616153K(699392K)
[135.578s][info][gc,metaspace   ] GC(973) Metaspace: 10723K(11008K)->10723K(11008K) NonClass: 9832K(9984K)->9832K(9984K) Class: 891K(1024K)->891K(1024K)
[135.578s][info][gc             ] GC(973) Pause Young (Allocation Failure) 861M->648M(977M) 35.901ms
[135.578s][info][gc,cpu         ] GC(973) User=0.17s Sys=0.00s Real=0.04s
[135.907s][info][gc,start       ] GC(974) Pause Young (Allocation Failure)
[135.945s][info][gc,heap        ] GC(974) PSYoungGen: 301034K(301056K)->48106K(251904K) Eden: 252928K(252928K)->0K(203776K) From: 48106K(48128K)->48106K(48128K)
[135.945s][info][gc,heap        ] GC(974) ParOldGen: 616153K(699392K)->647905K(699392K)
[135.945s][info][gc,metaspace   ] GC(974) Metaspace: 10723K(11008K)->10723K(11008K) NonClass: 9832K(9984K)->9832K(9984K) Class: 891K(1024K)->891K(1024K)
[135.945s][info][gc             ] GC(974) Pause Young (Allocation Failure) 895M->679M(929M) 38.297ms
[135.945s][info][gc,cpu         ] GC(974) User=0.19s Sys=0.00s Real=0.04s
[136.186s][info][gc,start       ] GC(975) Pause Young (Allocation Failure)
[136.217s][info][gc,heap        ] GC(975) PSYoungGen: 251882K(251904K)->68490K(272384K) Eden: 203776K(203776K)->0K(203776K) From: 48106K(48128K)->68490K(68608K)
[136.217s][info][gc,heap        ] GC(975) ParOldGen: 647905K(699392K)->652665K(699392K)
[136.217s][info][gc,metaspace   ] GC(975) Metaspace: 10723K(11008K)->10723K(11008K) NonClass: 9832K(9984K)->9832K(9984K) Class: 891K(1024K)->891K(1024K)
[136.217s][info][gc             ] GC(975) Pause Young (Allocation Failure) 878M->704M(949M) 31.348ms
[136.217s][info][gc,cpu         ] GC(975) User=0.19s Sys=0.00s Real=0.04s
[136.459s][info][gc,start       ] GC(976) Pause Young (Allocation Failure)
[136.495s][info][gc,heap        ] GC(976) PSYoungGen: 272266K(272384K)->76778K(241664K) Eden: 203776K(203776K)->0K(164864K) From: 68490K(68608K)->76778K(76800K)
[136.495s][info][gc,heap        ] GC(976) ParOldGen: 652665K(699392K)->668601K(699392K)
[136.495s][info][gc,metaspace   ] GC(976) Metaspace: 10723K(11008K)->10723K(11008K) NonClass: 9832K(9984K)->9832K(9984K) Class: 891K(1024K)->891K(1024K)
[136.495s][info][gc             ] GC(976) Pause Young (Allocation Failure) 903M->727M(919M) 36.083ms
[136.495s][info][gc,cpu         ] GC(976) User=0.27s Sys=0.02s Real=0.04s
[136.689s][info][gc,start       ] GC(977) Pause Young (Allocation Failure)
[136.723s][info][gc,heap        ] GC(977) PSYoungGen: 241642K(241664K)->90826K(256000K) Eden: 164864K(164864K)->0K(164864K) From: 76778K(76800K)->90826K(91136K)
[136.723s][info][gc,heap        ] GC(977) ParOldGen: 668601K(699392K)->674561K(699392K)
[136.723s][info][gc,metaspace   ] GC(977) Metaspace: 10723K(11008K)->10723K(11008K) NonClass: 9832K(9984K)->9832K(9984K) Class: 891K(1024K)->891K(1024K)
[136.723s][info][gc             ] GC(977) Pause Young (Allocation Failure) 888M->747M(933M) 33.850ms
[136.723s][info][gc,cpu         ] GC(977) User=0.19s Sys=0.00s Real=0.04s
[136.891s][info][gc,start       ] GC(978) Pause Full (Ergonomics)
[136.891s][info][gc,phases,start] GC(978) Marking Phase
[137.063s][info][gc,phases      ] GC(978) Marking Phase 171.399ms
[137.063s][info][gc,phases,start] GC(978) Summary Phase
[137.063s][info][gc,phases      ] GC(978) Summary Phase 0.020ms
[137.063s][info][gc,phases,start] GC(978) Adjust Roots
[137.067s][info][gc,phases      ] GC(978) Adjust Roots 3.775ms
[137.067s][info][gc,phases,start] GC(978) Compaction Phase
[137.434s][info][gc,phases      ] GC(978) Compaction Phase 367.003ms
[137.434s][info][gc,phases,start] GC(978) Post Compact
[137.435s][info][gc,phases      ] GC(978) Post Compact 1.825ms
[137.436s][info][gc,heap        ] GC(978) PSYoungGen: 255690K(256000K)->6207K(171520K) Eden: 164864K(164864K)->0K(164864K) From: 90826K(91136K)->6207K(6656K)
[137.436s][info][gc,heap        ] GC(978) ParOldGen: 674561K(699392K)->699268K(699392K)
[137.436s][info][gc,metaspace   ] GC(978) Metaspace: 10723K(11008K)->10723K(11008K) NonClass: 9832K(9984K)->9832K(9984K) Class: 891K(1024K)->891K(1024K)
[137.436s][info][gc             ] GC(978) Pause Full (Ergonomics) 908M->688M(850M) 544.378ms
[137.436s][info][gc,cpu         ] GC(978) User=3.27s Sys=0.00s Real=0.55s
[137.723s][info][gc,start       ] GC(979) Pause Full (Ergonomics)
[137.723s][info][gc,phases,start] GC(979) Marking Phase
[137.867s][info][gc,phases      ] GC(979) Marking Phase 144.168ms
[137.867s][info][gc,phases,start] GC(979) Summary Phase
[137.867s][info][gc,phases      ] GC(979) Summary Phase 0.022ms
[137.867s][info][gc,phases,start] GC(979) Adjust Roots
[137.870s][info][gc,phases      ] GC(979) Adjust Roots 2.994ms
[137.870s][info][gc,phases,start] GC(979) Compaction Phase
[138.081s][info][gc,phases      ] GC(979) Compaction Phase 211.293ms
[138.081s][info][gc,phases,start] GC(979) Post Compact
[138.083s][info][gc,phases      ] GC(979) Post Compact 1.554ms
[138.083s][info][gc,heap        ] GC(979) PSYoungGen: 171071K(171520K)->0K(246784K) Eden: 164864K(164864K)->0K(144384K) From: 6207K(6656K)->0K(102400K)
[138.083s][info][gc,heap        ] GC(979) ParOldGen: 699268K(699392K)->679477K(699392K)
[138.083s][info][gc,metaspace   ] GC(979) Metaspace: 10723K(11008K)->10723K(11008K) NonClass: 9832K(9984K)->9832K(9984K) Class: 891K(1024K)->891K(1024K)
[138.083s][info][gc             ] GC(979) Pause Full (Ergonomics) 849M->663M(924M) 360.371ms
[138.083s][info][gc,cpu         ] GC(979) User=2.08s Sys=0.00s Real=0.37s
[138.313s][info][gc,start       ] GC(980) Pause Full (Ergonomics)
[138.313s][info][gc,phases,start] GC(980) Marking Phase
[138.454s][info][gc,phases      ] GC(980) Marking Phase 141.061ms
[138.454s][info][gc,phases,start] GC(980) Summary Phase
[138.454s][info][gc,phases      ] GC(980) Summary Phase 0.021ms
[138.454s][info][gc,phases,start] GC(980) Adjust Roots
[138.457s][info][gc,phases      ] GC(980) Adjust Roots 3.112ms
[138.457s][info][gc,phases,start] GC(980) Compaction Phase
[138.673s][info][gc,phases      ] GC(980) Compaction Phase 215.983ms
[138.673s][info][gc,phases,start] GC(980) Post Compact
[138.675s][info][gc,phases      ] GC(980) Post Compact 1.404ms
[138.675s][info][gc,heap        ] GC(980) PSYoungGen: 144384K(246784K)->0K(246784K) Eden: 144384K(144384K)->0K(144384K) From: 0K(102400K)->0K(102400K)
[138.675s][info][gc,heap        ] GC(980) ParOldGen: 679477K(699392K)->667761K(699392K)
[138.675s][info][gc,metaspace   ] GC(980) Metaspace: 10723K(11008K)->10723K(11008K) NonClass: 9832K(9984K)->9832K(9984K) Class: 891K(1024K)->891K(1024K)
[138.675s][info][gc             ] GC(980) Pause Full (Ergonomics) 804M->652M(924M) 361.912ms
[138.675s][info][gc,cpu         ] GC(980) User=2.16s Sys=0.00s Real=0.36s
[138.881s][info][gc,start       ] GC(981) Pause Young (Allocation Failure)
[138.883s][info][gc,heap        ] GC(981) PSYoungGen: 144384K(246784K)->2976K(237568K) Eden: 144384K(144384K)->0K(135168K) From: 0K(102400K)->2976K(102400K)
[138.883s][info][gc,heap        ] GC(981) ParOldGen: 667761K(699392K)->667761K(699392K)
[138.883s][info][gc,metaspace   ] GC(981) Metaspace: 10723K(11008K)->10723K(11008K) NonClass: 9832K(9984K)->9832K(9984K) Class: 891K(1024K)->891K(1024K)
[138.883s][info][gc             ] GC(981) Pause Young (Allocation Failure) 793M->655M(915M) 2.127ms
[138.884s][info][gc,cpu         ] GC(981) User=0.00s Sys=0.00s Real=0.00s
[139.079s][info][gc,start       ] GC(982) Pause Young (Allocation Failure)
[139.082s][info][gc,heap        ] GC(982) PSYoungGen: 138144K(237568K)->4640K(140288K) Eden: 135168K(135168K)->0K(135168K) From: 2976K(102400K)->4640K(5120K)
[139.082s][info][gc,heap        ] GC(982) ParOldGen: 667761K(699392K)->667761K(699392K)
[139.082s][info][gc,metaspace   ] GC(982) Metaspace: 10723K(11008K)->10723K(11008K) NonClass: 9832K(9984K)->9832K(9984K) Class: 891K(1024K)->891K(1024K)
[139.082s][info][gc             ] GC(982) Pause Young (Allocation Failure) 787M->656M(820M) 2.687ms
[139.082s][info][gc,cpu         ] GC(982) User=0.00s Sys=0.00s Real=0.01s
[139.274s][info][gc,start       ] GC(983) Pause Young (Allocation Failure)
[139.277s][info][gc,heap        ] GC(983) PSYoungGen: 139808K(140288K)->5856K(239104K) Eden: 135168K(135168K)->0K(130048K) From: 4640K(5120K)->5856K(109056K)
[139.277s][info][gc,heap        ] GC(983) ParOldGen: 667761K(699392K)->667761K(699392K)
[139.277s][info][gc,metaspace   ] GC(983) Metaspace: 10723K(11008K)->10723K(11008K) NonClass: 9832K(9984K)->9832K(9984K) Class: 891K(1024K)->891K(1024K)
[139.277s][info][gc             ] GC(983) Pause Young (Allocation Failure) 788M->657M(916M) 2.604ms
[139.277s][info][gc,cpu         ] GC(983) User=0.09s Sys=0.00s Real=0.00s
[139.459s][info][gc,start       ] GC(984) Pause Young (Allocation Failure)
[139.461s][info][gc,heap        ] GC(984) PSYoungGen: 135904K(239104K)->6560K(239616K) Eden: 130048K(130048K)->0K(130048K) From: 5856K(109056K)->6560K(109568K)
[139.462s][info][gc,heap        ] GC(984) ParOldGen: 667761K(699392K)->667761K(699392K)
[139.462s][info][gc,metaspace   ] GC(984) Metaspace: 10723K(11008K)->10723K(11008K) NonClass: 9832K(9984K)->9832K(9984K) Class: 891K(1024K)->891K(1024K)
[139.462s][info][gc             ] GC(984) Pause Young (Allocation Failure) 784M->658M(917M) 2.824ms
[139.462s][info][gc,cpu         ] GC(984) User=0.00s Sys=0.00s Real=0.01s
[139.621s][info][gc,start       ] GC(985) Pause Young (Allocation Failure)
[139.627s][info][gc,heap        ] GC(985) PSYoungGen: 136608K(239616K)->15232K(243200K) Eden: 130048K(130048K)->0K(134144K) From: 6560K(109568K)->15232K(109056K)
[139.627s][info][gc,heap        ] GC(985) ParOldGen: 667761K(699392K)->667761K(699392K)
[139.627s][info][gc,metaspace   ] GC(985) Metaspace: 10723K(11008K)->10723K(11008K) NonClass: 9832K(9984K)->9832K(9984K) Class: 891K(1024K)->891K(1024K)
[139.627s][info][gc             ] GC(985) Pause Young (Allocation Failure) 785M->666M(920M) 5.944ms
[139.627s][info][gc,cpu         ] GC(985) User=0.00s Sys=0.00s Real=0.02s
[139.729s][info][gc,start       ] GC(986) Pause Young (Allocation Failure)
[139.745s][info][gc,heap        ] GC(986) PSYoungGen: 149376K(243200K)->35632K(240128K) Eden: 134144K(134144K)->0K(134144K) From: 15232K(109056K)->35632K(105984K)
[139.745s][info][gc,heap        ] GC(986) ParOldGen: 667761K(699392K)->667761K(699392K)
[139.745s][info][gc,metaspace   ] GC(986) Metaspace: 10723K(11008K)->10723K(11008K) NonClass: 9832K(9984K)->9832K(9984K) Class: 891K(1024K)->891K(1024K)
[139.745s][info][gc             ] GC(986) Pause Young (Allocation Failure) 797M->686M(917M) 15.962ms
[139.745s][info][gc,cpu         ] GC(986) User=0.09s Sys=0.00s Real=0.03s
[139.868s][info][gc,start       ] GC(987) Pause Young (Allocation Failure)
[139.889s][info][gc,heap        ] GC(987) PSYoungGen: 169776K(240128K)->53552K(249344K) Eden: 134144K(134144K)->0K(150528K) From: 35632K(105984K)->53552K(98816K)
[139.889s][info][gc,heap        ] GC(987) ParOldGen: 667761K(699392K)->667761K(699392K)
[139.889s][info][gc,metaspace   ] GC(987) Metaspace: 10723K(11008K)->10723K(11008K) NonClass: 9832K(9984K)->9832K(9984K) Class: 891K(1024K)->891K(1024K)
[139.889s][info][gc             ] GC(987) Pause Young (Allocation Failure) 817M->704M(926M) 20.965ms
[139.889s][info][gc,cpu         ] GC(987) User=0.19s Sys=0.00s Real=0.03s
[140.071s][info][gc,start       ] GC(988) Pause Young (Allocation Failure)
[140.086s][info][gc,heap        ] GC(988) PSYoungGen: 204080K(249344K)->49600K(249856K) Eden: 150528K(150528K)->0K(150528K) From: 53552K(98816K)->49600K(99328K)
[140.086s][info][gc,heap        ] GC(988) ParOldGen: 667761K(699392K)->667761K(699392K)
[140.086s][info][gc,metaspace   ] GC(988) Metaspace: 10723K(11008K)->10723K(11008K) NonClass: 9832K(9984K)->9832K(9984K) Class: 891K(1024K)->891K(1024K)
[140.086s][info][gc             ] GC(988) Pause Young (Allocation Failure) 851M->700M(927M) 14.679ms
[140.086s][info][gc,cpu         ] GC(988) User=0.03s Sys=0.00s Real=0.02s
[140.229s][info][gc,start       ] GC(989) Pause Young (Allocation Failure)
[140.246s][info][gc,heap        ] GC(989) PSYoungGen: 200128K(249856K)->43178K(256000K) Eden: 150528K(150528K)->0K(158720K) From: 49600K(99328K)->43178K(97280K)
[140.246s][info][gc,heap        ] GC(989) ParOldGen: 667761K(699392K)->667761K(699392K)
[140.246s][info][gc,metaspace   ] GC(989) Metaspace: 10726K(11008K)->10726K(11008K) NonClass: 9835K(9984K)->9835K(9984K) Class: 891K(1024K)->891K(1024K)
[140.246s][info][gc             ] GC(989) Pause Young (Allocation Failure) 847M->694M(933M) 16.709ms
[140.246s][info][gc,cpu         ] GC(989) User=0.09s Sys=0.00s Real=0.02s
[140.352s][info][gc,start       ] GC(990) Pause Young (Allocation Failure)
[140.376s][info][gc,heap        ] GC(990) PSYoungGen: 201898K(256000K)->65354K(251904K) Eden: 158720K(158720K)->0K(158720K) From: 43178K(97280K)->65354K(93184K)
[140.376s][info][gc,heap        ] GC(990) ParOldGen: 667761K(699392K)->667761K(699392K)
[140.376s][info][gc,metaspace   ] GC(990) Metaspace: 10726K(11008K)->10726K(11008K) NonClass: 9835K(9984K)->9835K(9984K) Class: 891K(1024K)->891K(1024K)
[140.376s][info][gc             ] GC(990) Pause Young (Allocation Failure) 849M->715M(929M) 23.356ms
[140.376s][info][gc,cpu         ] GC(990) User=0.19s Sys=0.00s Real=0.02s
[140.472s][info][gc,start       ] GC(991) Pause Young (Allocation Failure)
[140.499s][info][gc,heap        ] GC(991) PSYoungGen: 224074K(251904K)->83882K(231424K) Eden: 158720K(158720K)->0K(134144K) From: 65354K(93184K)->83882K(97280K)
[140.499s][info][gc,heap        ] GC(991) ParOldGen: 667761K(699392K)->667761K(699392K)
[140.499s][info][gc,metaspace   ] GC(991) Metaspace: 10726K(11008K)->10726K(11008K) NonClass: 9835K(9984K)->9835K(9984K) Class: 891K(1024K)->891K(1024K)
[140.499s][info][gc             ] GC(991) Pause Young (Allocation Failure) 870M->734M(909M) 27.487ms
[140.499s][info][gc,cpu         ] GC(991) User=0.19s Sys=0.00s Real=0.04s
[140.579s][info][gc,start       ] GC(992) Pause Young (Allocation Failure)
[140.608s][info][gc,heap        ] GC(992) PSYoungGen: 218026K(231424K)->99338K(233984K) Eden: 134144K(134144K)->0K(134144K) From: 83882K(97280K)->99338K(99840K)
[140.609s][info][gc,heap        ] GC(992) ParOldGen: 667761K(699392K)->667761K(699392K)
[140.609s][info][gc,metaspace   ] GC(992) Metaspace: 10726K(11008K)->10726K(11008K) NonClass: 9835K(9984K)->9835K(9984K) Class: 891K(1024K)->891K(1024K)
[140.609s][info][gc             ] GC(992) Pause Young (Allocation Failure) 865M->749M(911M) 29.260ms
[140.609s][info][gc,cpu         ] GC(992) User=0.19s Sys=0.00s Real=0.03s
[140.721s][info][gc,start       ] GC(993) Pause Young (Allocation Failure)
[140.754s][info][gc,heap        ] GC(993) PSYoungGen: 233482K(233984K)->114538K(231936K) Eden: 134144K(134144K)->0K(116736K) From: 99338K(99840K)->114538K(115200K)
[140.754s][info][gc,heap        ] GC(993) ParOldGen: 667761K(699392K)->667761K(699392K)
[140.754s][info][gc,metaspace   ] GC(993) Metaspace: 10726K(11008K)->10726K(11008K) NonClass: 9835K(9984K)->9835K(9984K) Class: 891K(1024K)->891K(1024K)
[140.754s][info][gc             ] GC(993) Pause Young (Allocation Failure) 880M->763M(909M) 33.181ms
[140.754s][info][gc,cpu         ] GC(993) User=0.19s Sys=0.00s Real=0.04s
[140.860s][info][gc,start       ] GC(994) Pause Young (Allocation Failure)
[140.896s][info][gc,heap        ] GC(994) PSYoungGen: 231274K(231936K)->116202K(232960K) Eden: 116736K(116736K)->0K(116736K) From: 114538K(115200K)->116202K(116224K)
[140.896s][info][gc,heap        ] GC(994) ParOldGen: 667761K(699392K)->679353K(699392K)
[140.896s][info][gc,metaspace   ] GC(994) Metaspace: 10726K(11008K)->10726K(11008K) NonClass: 9835K(9984K)->9835K(9984K) Class: 891K(1024K)->891K(1024K)
[140.896s][info][gc             ] GC(994) Pause Young (Allocation Failure) 877M->776M(910M) 36.081ms
[140.896s][info][gc,cpu         ] GC(994) User=0.17s Sys=0.00s Real=0.04s
[141.001s][info][gc,start       ] GC(995) Pause Full (Ergonomics)
[141.001s][info][gc,phases,start] GC(995) Marking Phase
[141.122s][info][gc,phases      ] GC(995) Marking Phase 120.382ms
[141.122s][info][gc,phases,start] GC(995) Summary Phase
[141.122s][info][gc,phases      ] GC(995) Summary Phase 0.025ms
[141.122s][info][gc,phases,start] GC(995) Adjust Roots
[141.125s][info][gc,phases      ] GC(995) Adjust Roots 3.264ms
[141.125s][info][gc,phases,start] GC(995) Compaction Phase
[141.237s][info][gc,phases      ] GC(995) Compaction Phase 112.068ms
[141.237s][info][gc,phases,start] GC(995) Post Compact
[141.239s][info][gc,phases      ] GC(995) Post Compact 1.973ms
[141.239s][info][gc,heap        ] GC(995) PSYoungGen: 232938K(232960K)->0K(232960K) Eden: 116736K(116736K)->0K(116736K) From: 116202K(116224K)->0K(116224K)
[141.239s][info][gc,heap        ] GC(995) ParOldGen: 679353K(699392K)->563250K(699392K)
[141.239s][info][gc,metaspace   ] GC(995) Metaspace: 10726K(11008K)->10726K(11008K) NonClass: 9835K(9984K)->9835K(9984K) Class: 891K(1024K)->891K(1024K)
[141.239s][info][gc             ] GC(995) Pause Full (Ergonomics) 890M->550M(910M) 238.046ms
[141.239s][info][gc,cpu         ] GC(995) User=1.33s Sys=0.00s Real=0.24s
[141.343s][info][gc,start       ] GC(996) Pause Young (Allocation Failure)
[141.354s][info][gc,heap        ] GC(996) PSYoungGen: 116736K(232960K)->15296K(232960K) Eden: 116736K(116736K)->0K(116736K) From: 0K(116224K)->15296K(116224K)
[141.354s][info][gc,heap        ] GC(996) ParOldGen: 563250K(699392K)->563250K(699392K)
[141.354s][info][gc,metaspace   ] GC(996) Metaspace: 10726K(11008K)->10726K(11008K) NonClass: 9835K(9984K)->9835K(9984K) Class: 891K(1024K)->891K(1024K)
[141.354s][info][gc             ] GC(996) Pause Young (Allocation Failure) 664M->564M(910M) 10.911ms
[141.354s][info][gc,cpu         ] GC(996) User=0.09s Sys=0.00s Real=0.02s
[141.450s][info][gc,start       ] GC(997) Pause Young (Allocation Failure)
[141.464s][info][gc,heap        ] GC(997) PSYoungGen: 132032K(232960K)->28288K(232960K) Eden: 116736K(116736K)->0K(116736K) From: 15296K(116224K)->28288K(116224K)
[141.464s][info][gc,heap        ] GC(997) ParOldGen: 563250K(699392K)->563250K(699392K)
[141.464s][info][gc,metaspace   ] GC(997) Metaspace: 10726K(11008K)->10726K(11008K) NonClass: 9835K(9984K)->9835K(9984K) Class: 891K(1024K)->891K(1024K)
[141.464s][info][gc             ] GC(997) Pause Young (Allocation Failure) 678M->577M(910M) 13.481ms
[141.464s][info][gc,cpu         ] GC(997) User=0.09s Sys=0.00s Real=0.02s
[141.710s][info][gc,start       ] GC(998) Pause Young (Allocation Failure)
[141.718s][info][gc,heap        ] GC(998) PSYoungGen: 145024K(232960K)->29056K(232960K) Eden: 116736K(116736K)->0K(116736K) From: 28288K(116224K)->29056K(116224K)
[141.718s][info][gc,heap        ] GC(998) ParOldGen: 563250K(699392K)->563250K(699392K)
[141.718s][info][gc,metaspace   ] GC(998) Metaspace: 10726K(11008K)->10726K(11008K) NonClass: 9835K(9984K)->9835K(9984K) Class: 891K(1024K)->891K(1024K)
[141.718s][info][gc             ] GC(998) Pause Young (Allocation Failure) 691M->578M(910M) 7.822ms
[141.718s][info][gc,cpu         ] GC(998) User=0.09s Sys=0.00s Real=0.02s
[141.805s][info][gc,start       ] GC(999) Pause Young (Allocation Failure)
[141.813s][info][gc,heap        ] GC(999) PSYoungGen: 145792K(232960K)->30304K(232960K) Eden: 116736K(116736K)->0K(116736K) From: 29056K(116224K)->30304K(116224K)
[141.813s][info][gc,heap        ] GC(999) ParOldGen: 563250K(699392K)->563250K(699392K)
[141.813s][info][gc,metaspace   ] GC(999) Metaspace: 10726K(11008K)->10726K(11008K) NonClass: 9835K(9984K)->9835K(9984K) Class: 891K(1024K)->891K(1024K)
[141.813s][info][gc             ] GC(999) Pause Young (Allocation Failure) 692M->579M(910M) 8.211ms
[141.813s][info][gc,cpu         ] GC(999) User=0.09s Sys=0.00s Real=0.02s
[141.898s][info][gc,start       ] GC(1000) Pause Young (Allocation Failure)
[141.905s][info][gc,heap        ] GC(1000) PSYoungGen: 147040K(232960K)->27232K(232960K) Eden: 116736K(116736K)->0K(116736K) From: 30304K(116224K)->27232K(116224K)
[141.906s][info][gc,heap        ] GC(1000) ParOldGen: 563250K(699392K)->563250K(699392K)
[141.906s][info][gc,metaspace   ] GC(1000) Metaspace: 10726K(11008K)->10726K(11008K) NonClass: 9835K(9984K)->9835K(9984K) Class: 891K(1024K)->891K(1024K)
[141.906s][info][gc             ] GC(1000) Pause Young (Allocation Failure) 693M->576M(910M) 7.698ms
[141.906s][info][gc,cpu         ] GC(1000) User=0.09s Sys=0.00s Real=0.02s
[142.191s][info][gc,start       ] GC(1001) Pause Young (System.gc())
[142.195s][info][gc,heap        ] GC(1001) PSYoungGen: 95677K(232960K)->10765K(232960K) Eden: 68445K(116736K)->0K(116736K) From: 27232K(116224K)->10765K(116224K)
[142.195s][info][gc,heap        ] GC(1001) ParOldGen: 563250K(699392K)->563250K(699392K)
[142.195s][info][gc,metaspace   ] GC(1001) Metaspace: 10729K(11008K)->10729K(11008K) NonClass: 9838K(9984K)->9838K(9984K) Class: 891K(1024K)->891K(1024K)
[142.195s][info][gc             ] GC(1001) Pause Young (System.gc()) 643M->560M(910M) 3.365ms
[142.195s][info][gc,cpu         ] GC(1001) User=0.00s Sys=0.00s Real=0.00s
[142.195s][info][gc,start       ] GC(1002) Pause Full (System.gc())
[142.195s][info][gc,phases,start] GC(1002) Marking Phase
[142.284s][info][gc,phases      ] GC(1002) Marking Phase 89.734ms
[142.284s][info][gc,phases,start] GC(1002) Summary Phase
[142.284s][info][gc,phases      ] GC(1002) Summary Phase 0.015ms
[142.285s][info][gc,phases,start] GC(1002) Adjust Roots
[142.287s][info][gc,phases      ] GC(1002) Adjust Roots 2.578ms
[142.287s][info][gc,phases,start] GC(1002) Compaction Phase
[142.342s][info][gc,phases      ] GC(1002) Compaction Phase 54.611ms
[142.342s][info][gc,phases,start] GC(1002) Post Compact
[142.343s][info][gc,phases      ] GC(1002) Post Compact 0.863ms
[142.343s][info][gc,heap        ] GC(1002) PSYoungGen: 10765K(232960K)->0K(232960K) Eden: 0K(116736K)->0K(116736K) From: 10765K(116224K)->0K(116224K)
[142.343s][info][gc,heap        ] GC(1002) ParOldGen: 563250K(699392K)->434482K(699392K)
[142.343s][info][gc,metaspace   ] GC(1002) Metaspace: 10729K(11008K)->10729K(11008K) NonClass: 9838K(9984K)->9838K(9984K) Class: 891K(1024K)->891K(1024K)
[142.343s][info][gc             ] GC(1002) Pause Full (System.gc()) 560M->424M(910M) 148.035ms
[142.343s][info][gc,cpu         ] GC(1002) User=0.94s Sys=0.00s Real=0.15s
[142.386s][info][gc,start       ] GC(1003) Pause Young (Allocation Failure)
[142.389s][info][gc,heap        ] GC(1003) PSYoungGen: 116736K(232960K)->4000K(232960K) Eden: 116736K(116736K)->0K(116736K) From: 0K(116224K)->4000K(116224K)
[142.389s][info][gc,heap        ] GC(1003) ParOldGen: 434482K(699392K)->434482K(699392K)
[142.389s][info][gc,metaspace   ] GC(1003) Metaspace: 10730K(11008K)->10730K(11008K) NonClass: 9839K(9984K)->9839K(9984K) Class: 891K(1024K)->891K(1024K)
[142.389s][info][gc             ] GC(1003) Pause Young (Allocation Failure) 538M->428M(910M) 2.917ms
[142.389s][info][gc,cpu         ] GC(1003) User=0.00s Sys=0.00s Real=0.00s
[142.425s][info][gc,start       ] GC(1004) Pause Young (Allocation Failure)
[142.428s][info][gc,heap        ] GC(1004) PSYoungGen: 120736K(232960K)->6400K(232960K) Eden: 116736K(116736K)->0K(116736K) From: 4000K(116224K)->6400K(116224K)
[142.428s][info][gc,heap        ] GC(1004) ParOldGen: 434482K(699392K)->434482K(699392K)
[142.428s][info][gc,metaspace   ] GC(1004) Metaspace: 10730K(11008K)->10730K(11008K) NonClass: 9839K(9984K)->9839K(9984K) Class: 891K(1024K)->891K(1024K)
[142.428s][info][gc             ] GC(1004) Pause Young (Allocation Failure) 542M->430M(910M) 2.930ms
[142.428s][info][gc,cpu         ] GC(1004) User=0.00s Sys=0.00s Real=0.00s
[142.466s][info][gc,start       ] GC(1005) Pause Young (Allocation Failure)
[142.470s][info][gc,heap        ] GC(1005) PSYoungGen: 123136K(232960K)->8608K(232960K) Eden: 116736K(116736K)->0K(116736K) From: 6400K(116224K)->8608K(116224K)
[142.470s][info][gc,heap        ] GC(1005) ParOldGen: 434482K(699392K)->434482K(699392K)
[142.470s][info][gc,metaspace   ] GC(1005) Metaspace: 10730K(11008K)->10730K(11008K) NonClass: 9839K(9984K)->9839K(9984K) Class: 891K(1024K)->891K(1024K)
[142.470s][info][gc             ] GC(1005) Pause Young (Allocation Failure) 544M->432M(910M) 3.441ms
[142.470s][info][gc,cpu         ] GC(1005) User=0.00s Sys=0.00s Real=0.00s
[142.508s][info][gc,start       ] GC(1006) Pause Young (Allocation Failure)
[142.512s][info][gc,heap        ] GC(1006) PSYoungGen: 125344K(232960K)->8384K(232960K) Eden: 116736K(116736K)->0K(116736K) From: 8608K(116224K)->8384K(116224K)
[142.512s][info][gc,heap        ] GC(1006) ParOldGen: 434482K(699392K)->436722K(699392K)
[142.512s][info][gc,metaspace   ] GC(1006) Metaspace: 10730K(11008K)->10730K(11008K) NonClass: 9839K(9984K)->9839K(9984K) Class: 891K(1024K)->891K(1024K)
[142.512s][info][gc             ] GC(1006) Pause Young (Allocation Failure) 546M->434M(910M) 4.054ms
[142.512s][info][gc,cpu         ] GC(1006) User=0.09s Sys=0.00s Real=0.00s
[142.548s][info][gc,start       ] GC(1007) Pause Young (Allocation Failure)
[142.552s][info][gc,heap        ] GC(1007) PSYoungGen: 125120K(232960K)->6048K(232960K) Eden: 116736K(116736K)->0K(116736K) From: 8384K(116224K)->6048K(116224K)
[142.552s][info][gc,heap        ] GC(1007) ParOldGen: 436722K(699392K)->440826K(699392K)
[142.552s][info][gc,metaspace   ] GC(1007) Metaspace: 10730K(11008K)->10730K(11008K) NonClass: 9839K(9984K)->9839K(9984K) Class: 891K(1024K)->891K(1024K)
[142.552s][info][gc             ] GC(1007) Pause Young (Allocation Failure) 548M->436M(910M) 4.199ms
[142.552s][info][gc,cpu         ] GC(1007) User=0.00s Sys=0.00s Real=0.00s
[142.589s][info][gc,start       ] GC(1008) Pause Young (Allocation Failure)
[142.593s][info][gc,heap        ] GC(1008) PSYoungGen: 122784K(232960K)->8192K(238080K) Eden: 116736K(116736K)->0K(122368K) From: 6048K(116224K)->8192K(115712K)
[142.593s][info][gc,heap        ] GC(1008) ParOldGen: 440826K(699392K)->440826K(699392K)
[142.593s][info][gc,metaspace   ] GC(1008) Metaspace: 10730K(11008K)->10730K(11008K) NonClass: 9839K(9984K)->9839K(9984K) Class: 891K(1024K)->891K(1024K)
[142.593s][info][gc             ] GC(1008) Pause Young (Allocation Failure) 550M->438M(915M) 3.376ms
[142.593s][info][gc,cpu         ] GC(1008) User=0.00s Sys=0.00s Real=0.00s
[142.632s][info][gc,start       ] GC(1009) Pause Young (Allocation Failure)
[142.635s][info][gc,heap        ] GC(1009) PSYoungGen: 130560K(238080K)->10208K(233472K) Eden: 122368K(122368K)->0K(122368K) From: 8192K(115712K)->10208K(111104K)
[142.635s][info][gc,heap        ] GC(1009) ParOldGen: 440826K(699392K)->440826K(699392K)
[142.635s][info][gc,metaspace   ] GC(1009) Metaspace: 10730K(11008K)->10730K(11008K) NonClass: 9839K(9984K)->9839K(9984K) Class: 891K(1024K)->891K(1024K)
[142.636s][info][gc             ] GC(1009) Pause Young (Allocation Failure) 557M->440M(911M) 3.918ms
[142.636s][info][gc,cpu         ] GC(1009) User=0.09s Sys=0.00s Real=0.00s
[142.675s][info][gc,start       ] GC(1010) Pause Young (Allocation Failure)
[142.679s][info][gc,heap        ] GC(1010) PSYoungGen: 132576K(233472K)->11904K(249344K) Eden: 122368K(122368K)->0K(143872K) From: 10208K(111104K)->11904K(105472K)
[142.680s][info][gc,heap        ] GC(1010) ParOldGen: 440826K(699392K)->440826K(699392K)
[142.680s][info][gc,metaspace   ] GC(1010) Metaspace: 10730K(11008K)->10730K(11008K) NonClass: 9839K(9984K)->9839K(9984K) Class: 891K(1024K)->891K(1024K)
[142.680s][info][gc             ] GC(1010) Pause Young (Allocation Failure) 559M->442M(926M) 4.548ms
[142.680s][info][gc,cpu         ] GC(1010) User=0.00s Sys=0.00s Real=0.00s
[142.725s][info][gc,start       ] GC(1011) Pause Young (Allocation Failure)
[142.730s][info][gc,heap        ] GC(1011) PSYoungGen: 155776K(249344K)->13984K(243712K) Eden: 143872K(143872K)->0K(143872K) From: 11904K(105472K)->13984K(99840K)
[142.730s][info][gc,heap        ] GC(1011) ParOldGen: 440826K(699392K)->440826K(699392K)
[142.730s][info][gc,metaspace   ] GC(1011) Metaspace: 10730K(11008K)->10730K(11008K) NonClass: 9839K(9984K)->9839K(9984K) Class: 891K(1024K)->891K(1024K)
[142.730s][info][gc             ] GC(1011) Pause Young (Allocation Failure) 582M->444M(921M) 4.958ms
[142.730s][info][gc,cpu         ] GC(1011) User=0.09s Sys=0.00s Real=0.01s
[142.779s][info][gc,start       ] GC(1012) Pause Young (Allocation Failure)
[142.784s][info][gc,heap        ] GC(1012) PSYoungGen: 157856K(243712K)->15968K(260608K) Eden: 143872K(143872K)->0K(166400K) From: 13984K(99840K)->15968K(94208K)
[142.785s][info][gc,heap        ] GC(1012) ParOldGen: 440826K(699392K)->440826K(699392K)
[142.785s][info][gc,metaspace   ] GC(1012) Metaspace: 10730K(11008K)->10730K(11008K) NonClass: 9839K(9984K)->9839K(9984K) Class: 891K(1024K)->891K(1024K)
[142.785s][info][gc             ] GC(1012) Pause Young (Allocation Failure) 584M->446M(937M) 5.666ms
[142.785s][info][gc,cpu         ] GC(1012) User=0.00s Sys=0.00s Real=0.01s
[142.838s][info][gc,start       ] GC(1013) Pause Young (Allocation Failure)
[142.843s][info][gc,heap        ] GC(1013) PSYoungGen: 182368K(260608K)->17664K(254976K) Eden: 166400K(166400K)->0K(166400K) From: 15968K(94208K)->17664K(88576K)
[142.843s][info][gc,heap        ] GC(1013) ParOldGen: 440826K(699392K)->440826K(699392K)
[142.843s][info][gc,metaspace   ] GC(1013) Metaspace: 10730K(11008K)->10730K(11008K) NonClass: 9839K(9984K)->9839K(9984K) Class: 891K(1024K)->891K(1024K)
[142.844s][info][gc             ] GC(1013) Pause Young (Allocation Failure) 608M->447M(932M) 5.888ms
[142.844s][info][gc,cpu         ] GC(1013) User=0.00s Sys=0.00s Real=0.01s
[142.899s][info][gc,start       ] GC(1014) Pause Young (Allocation Failure)
[142.905s][info][gc,heap        ] GC(1014) PSYoungGen: 184064K(254976K)->19616K(272384K) Eden: 166400K(166400K)->0K(189952K) From: 17664K(88576K)->19616K(82432K)
[142.905s][info][gc,heap        ] GC(1014) ParOldGen: 440826K(699392K)->440826K(699392K)
[142.905s][info][gc,metaspace   ] GC(1014) Metaspace: 10730K(11008K)->10730K(11008K) NonClass: 9839K(9984K)->9839K(9984K) Class: 891K(1024K)->891K(1024K)
[142.905s][info][gc             ] GC(1014) Pause Young (Allocation Failure) 610M->449M(949M) 6.428ms
[142.905s][info][gc,cpu         ] GC(1014) User=0.09s Sys=0.00s Real=0.01s
[142.966s][info][gc,start       ] GC(1015) Pause Young (Allocation Failure)
[142.974s][info][gc,heap        ] GC(1015) PSYoungGen: 209568K(272384K)->21664K(266752K) Eden: 189952K(189952K)->0K(189952K) From: 19616K(82432K)->21664K(76800K)
[142.974s][info][gc,heap        ] GC(1015) ParOldGen: 440826K(699392K)->440826K(699392K)
[142.974s][info][gc,metaspace   ] GC(1015) Metaspace: 10730K(11008K)->10730K(11008K) NonClass: 9839K(9984K)->9839K(9984K) Class: 891K(1024K)->891K(1024K)
[142.974s][info][gc             ] GC(1015) Pause Young (Allocation Failure) 635M->451M(943M) 7.616ms
[142.974s][info][gc,cpu         ] GC(1015) User=0.00s Sys=0.00s Real=0.01s
[143.038s][info][gc,start       ] GC(1016) Pause Young (Allocation Failure)
[143.046s][info][gc,heap        ] GC(1016) PSYoungGen: 211616K(266752K)->23552K(282112K) Eden: 189952K(189952K)->0K(210432K) From: 21664K(76800K)->23552K(71680K)
[143.046s][info][gc,heap        ] GC(1016) ParOldGen: 440826K(699392K)->440826K(699392K)
[143.046s][info][gc,metaspace   ] GC(1016) Metaspace: 10730K(11008K)->10730K(11008K) NonClass: 9839K(9984K)->9839K(9984K) Class: 891K(1024K)->891K(1024K)
[143.046s][info][gc             ] GC(1016) Pause Young (Allocation Failure) 637M->453M(958M) 7.759ms
[143.046s][info][gc,cpu         ] GC(1016) User=0.09s Sys=0.00s Real=0.01s
[143.116s][info][gc,start       ] GC(1017) Pause Young (Allocation Failure)
[143.124s][info][gc,heap        ] GC(1017) PSYoungGen: 233984K(282112K)->25664K(277504K) Eden: 210432K(210432K)->0K(210432K) From: 23552K(71680K)->25664K(67072K)
[143.124s][info][gc,heap        ] GC(1017) ParOldGen: 440826K(699392K)->440826K(699392K)
[143.124s][info][gc,metaspace   ] GC(1017) Metaspace: 10730K(11008K)->10730K(11008K) NonClass: 9839K(9984K)->9839K(9984K) Class: 891K(1024K)->891K(1024K)
[143.124s][info][gc             ] GC(1017) Pause Young (Allocation Failure) 658M->455M(954M) 8.435ms
[143.124s][info][gc,cpu         ] GC(1017) User=0.09s Sys=0.00s Real=0.01s
[143.193s][info][gc,start       ] GC(1018) Pause Young (Allocation Failure)
[143.202s][info][gc,heap        ] GC(1018) PSYoungGen: 236096K(277504K)->27552K(287232K) Eden: 210432K(210432K)->0K(223232K) From: 25664K(67072K)->27552K(64000K)
[143.202s][info][gc,heap        ] GC(1018) ParOldGen: 440826K(699392K)->440826K(699392K)
[143.202s][info][gc,metaspace   ] GC(1018) Metaspace: 10730K(11008K)->10730K(11008K) NonClass: 9839K(9984K)->9839K(9984K) Class: 891K(1024K)->891K(1024K)
[143.202s][info][gc             ] GC(1018) Pause Young (Allocation Failure) 661M->457M(963M) 8.662ms
[143.202s][info][gc,cpu         ] GC(1018) User=0.09s Sys=0.00s Real=0.01s
[143.276s][info][gc,start       ] GC(1019) Pause Young (Allocation Failure)
[143.285s][info][gc,heap        ] GC(1019) PSYoungGen: 250784K(287232K)->29792K(285184K) Eden: 223232K(223232K)->0K(223232K) From: 27552K(64000K)->29792K(61952K)
[143.285s][info][gc,heap        ] GC(1019) ParOldGen: 440826K(699392K)->440826K(699392K)
[143.285s][info][gc,metaspace   ] GC(1019) Metaspace: 10730K(11008K)->10730K(11008K) NonClass: 9839K(9984K)->9839K(9984K) Class: 891K(1024K)->891K(1024K)
[143.285s][info][gc             ] GC(1019) Pause Young (Allocation Failure) 675M->459M(961M) 9.478ms
[143.285s][info][gc,cpu         ] GC(1019) User=0.00s Sys=0.00s Real=0.01s
[143.361s][info][gc,start       ] GC(1020) Pause Young (Allocation Failure)
[143.371s][info][gc,heap        ] GC(1020) PSYoungGen: 253024K(285184K)->31680K(289280K) Eden: 223232K(223232K)->0K(228864K) From: 29792K(61952K)->31680K(60416K)
[143.371s][info][gc,heap        ] GC(1020) ParOldGen: 440826K(699392K)->440826K(699392K)
[143.371s][info][gc,metaspace   ] GC(1020) Metaspace: 10730K(11008K)->10730K(11008K) NonClass: 9839K(9984K)->9839K(9984K) Class: 891K(1024K)->891K(1024K)
[143.371s][info][gc             ] GC(1020) Pause Young (Allocation Failure) 677M->461M(965M) 9.894ms
[143.371s][info][gc,cpu         ] GC(1020) User=0.09s Sys=0.00s Real=0.01s
[143.450s][info][gc,start       ] GC(1021) Pause Young (Allocation Failure)
[143.461s][info][gc,heap        ] GC(1021) PSYoungGen: 260544K(289280K)->32576K(288768K) Eden: 228864K(228864K)->0K(228864K) From: 31680K(60416K)->32576K(59904K)
[143.461s][info][gc,heap        ] GC(1021) ParOldGen: 440826K(699392K)->441938K(699392K)
[143.461s][info][gc,metaspace   ] GC(1021) Metaspace: 10730K(11008K)->10730K(11008K) NonClass: 9839K(9984K)->9839K(9984K) Class: 891K(1024K)->891K(1024K)
[143.461s][info][gc             ] GC(1021) Pause Young (Allocation Failure) 684M->463M(965M) 10.859ms
[143.461s][info][gc,cpu         ] GC(1021) User=0.00s Sys=0.00s Real=0.01s
[143.538s][info][gc,start       ] GC(1022) Pause Young (Allocation Failure)
[143.548s][info][gc,heap        ] GC(1022) PSYoungGen: 261440K(288768K)->33632K(290304K) Eden: 228864K(228864K)->0K(230912K) From: 32576K(59904K)->33632K(59392K)
[143.548s][info][gc,heap        ] GC(1022) ParOldGen: 441938K(699392K)->442898K(699392K)
[143.548s][info][gc,metaspace   ] GC(1022) Metaspace: 10730K(11008K)->10730K(11008K) NonClass: 9839K(9984K)->9839K(9984K) Class: 891K(1024K)->891K(1024K)
[143.548s][info][gc             ] GC(1022) Pause Young (Allocation Failure) 686M->465M(966M) 10.607ms
[143.548s][info][gc,cpu         ] GC(1022) User=0.08s Sys=0.02s Real=0.01s
[143.625s][info][gc,start       ] GC(1023) Pause Young (Allocation Failure)
[143.636s][info][gc,heap        ] GC(1023) PSYoungGen: 264544K(290304K)->34624K(289792K) Eden: 230912K(230912K)->0K(230912K) From: 33632K(59392K)->34624K(58880K)
[143.636s][info][gc,heap        ] GC(1023) ParOldGen: 442898K(699392K)->443906K(699392K)
[143.636s][info][gc,metaspace   ] GC(1023) Metaspace: 10730K(11008K)->10730K(11008K) NonClass: 9839K(9984K)->9839K(9984K) Class: 891K(1024K)->891K(1024K)
[143.636s][info][gc             ] GC(1023) Pause Young (Allocation Failure) 690M->467M(966M) 11.016ms
[143.636s][info][gc,cpu         ] GC(1023) User=0.09s Sys=0.00s Real=0.01s
[143.714s][info][gc,start       ] GC(1024) Pause Young (Allocation Failure)
[143.725s][info][gc,heap        ] GC(1024) PSYoungGen: 265536K(289792K)->35616K(290304K) Eden: 230912K(230912K)->0K(231424K) From: 34624K(58880K)->35616K(58880K)
[143.725s][info][gc,heap        ] GC(1024) ParOldGen: 443906K(699392K)->444946K(699392K)
[143.725s][info][gc,metaspace   ] GC(1024) Metaspace: 10730K(11008K)->10730K(11008K) NonClass: 9839K(9984K)->9839K(9984K) Class: 891K(1024K)->891K(1024K)
[143.725s][info][gc             ] GC(1024) Pause Young (Allocation Failure) 692M->469M(966M) 11.272ms
[143.725s][info][gc,cpu         ] GC(1024) User=0.00s Sys=0.00s Real=0.01s
[143.802s][info][gc,start       ] GC(1025) Pause Young (Allocation Failure)
[143.814s][info][gc,heap        ] GC(1025) PSYoungGen: 267040K(290304K)->36544K(268288K) Eden: 231424K(231424K)->0K(231424K) From: 35616K(58880K)->36544K(36864K)
[143.814s][info][gc,heap        ] GC(1025) ParOldGen: 444946K(699392K)->445994K(699392K)
[143.814s][info][gc,metaspace   ] GC(1025) Metaspace: 10730K(11008K)->10730K(11008K) NonClass: 9839K(9984K)->9839K(9984K) Class: 891K(1024K)->891K(1024K)
[143.814s][info][gc             ] GC(1025) Pause Young (Allocation Failure) 695M->471M(945M) 11.518ms
[143.814s][info][gc,cpu         ] GC(1025) User=0.09s Sys=0.00s Real=0.01s
[143.891s][info][gc,start       ] GC(1026) Pause Young (Allocation Failure)
[143.903s][info][gc,heap        ] GC(1026) PSYoungGen: 267968K(268288K)->37536K(289792K) Eden: 231424K(231424K)->0K(230400K) From: 36544K(36864K)->37536K(59392K)
[143.903s][info][gc,heap        ] GC(1026) ParOldGen: 445994K(699392K)->447122K(699392K)
[143.903s][info][gc,metaspace   ] GC(1026) Metaspace: 10730K(11008K)->10730K(11008K) NonClass: 9839K(9984K)->9839K(9984K) Class: 891K(1024K)->891K(1024K)
[143.903s][info][gc             ] GC(1026) Pause Young (Allocation Failure) 697M->473M(966M) 11.957ms
[143.903s][info][gc,cpu         ] GC(1026) User=0.09s Sys=0.00s Real=0.01s
[143.978s][info][gc,start       ] GC(1027) Pause Young (Allocation Failure)
[143.990s][info][gc,heap        ] GC(1027) PSYoungGen: 267936K(289792K)->38144K(268800K) Eden: 230400K(230400K)->0K(230400K) From: 37536K(59392K)->38144K(38400K)
[143.990s][info][gc,heap        ] GC(1027) ParOldGen: 447122K(699392K)->448362K(699392K)
[143.990s][info][gc,metaspace   ] GC(1027) Metaspace: 10730K(11008K)->10730K(11008K) NonClass: 9839K(9984K)->9839K(9984K) Class: 891K(1024K)->891K(1024K)
[143.990s][info][gc             ] GC(1027) Pause Young (Allocation Failure) 698M->475M(945M) 11.959ms
[143.990s][info][gc,cpu         ] GC(1027) User=0.00s Sys=0.00s Real=0.01s
[144.069s][info][gc,start       ] GC(1028) Pause Young (Allocation Failure)
[144.081s][info][gc,heap        ] GC(1028) PSYoungGen: 268544K(268800K)->38784K(289280K) Eden: 230400K(230400K)->0K(229376K) From: 38144K(38400K)->38784K(59904K)
[144.081s][info][gc,heap        ] GC(1028) ParOldGen: 448362K(699392K)->449642K(699392K)
[144.082s][info][gc,metaspace   ] GC(1028) Metaspace: 10730K(11008K)->10730K(11008K) NonClass: 9839K(9984K)->9839K(9984K) Class: 891K(1024K)->891K(1024K)
[144.082s][info][gc             ] GC(1028) Pause Young (Allocation Failure) 700M->476M(965M) 12.428ms
[144.082s][info][gc,cpu         ] GC(1028) User=0.09s Sys=0.00s Real=0.01s
[144.157s][info][gc,start       ] GC(1029) Pause Young (Allocation Failure)
[144.169s][info][gc,heap        ] GC(1029) PSYoungGen: 268160K(289280K)->39328K(289280K) Eden: 229376K(229376K)->0K(229376K) From: 38784K(59904K)->39328K(59904K)
[144.169s][info][gc,heap        ] GC(1029) ParOldGen: 449642K(699392K)->450898K(699392K)
[144.169s][info][gc,metaspace   ] GC(1029) Metaspace: 10730K(11008K)->10730K(11008K) NonClass: 9839K(9984K)->9839K(9984K) Class: 891K(1024K)->891K(1024K)
[144.169s][info][gc             ] GC(1029) Pause Young (Allocation Failure) 700M->478M(965M) 12.187ms
[144.169s][info][gc,cpu         ] GC(1029) User=0.09s Sys=0.00s Real=0.01s
[144.247s][info][gc,start       ] GC(1030) Pause Young (Allocation Failure)
[144.260s][info][gc,heap        ] GC(1030) PSYoungGen: 268704K(289280K)->39712K(289280K) Eden: 229376K(229376K)->0K(229376K) From: 39328K(59904K)->39712K(59904K)
[144.260s][info][gc,heap        ] GC(1030) ParOldGen: 450898K(699392K)->452418K(699392K)
[144.260s][info][gc,metaspace   ] GC(1030) Metaspace: 10730K(11008K)->10730K(11008K) NonClass: 9839K(9984K)->9839K(9984K) Class: 891K(1024K)->891K(1024K)
[144.260s][info][gc             ] GC(1030) Pause Young (Allocation Failure) 702M->480M(965M) 12.360ms
[144.260s][info][gc,cpu         ] GC(1030) User=0.09s Sys=0.00s Real=0.01s
[144.335s][info][gc,start       ] GC(1031) Pause Young (Allocation Failure)
[144.348s][info][gc,heap        ] GC(1031) PSYoungGen: 269088K(289280K)->40256K(289280K) Eden: 229376K(229376K)->0K(229376K) From: 39712K(59904K)->40256K(59904K)
[144.348s][info][gc,heap        ] GC(1031) ParOldGen: 452418K(699392K)->453938K(699392K)
[144.348s][info][gc,metaspace   ] GC(1031) Metaspace: 10730K(11008K)->10730K(11008K) NonClass: 9839K(9984K)->9839K(9984K) Class: 891K(1024K)->891K(1024K)
[144.348s][info][gc             ] GC(1031) Pause Young (Allocation Failure) 704M->482M(965M) 12.580ms
[144.348s][info][gc,cpu         ] GC(1031) User=0.09s Sys=0.00s Real=0.01s
[144.424s][info][gc,start       ] GC(1032) Pause Young (Allocation Failure)
[144.437s][info][gc,heap        ] GC(1032) PSYoungGen: 269632K(289280K)->40128K(289280K) Eden: 229376K(229376K)->0K(229376K) From: 40256K(59904K)->40128K(59904K)
[144.437s][info][gc,heap        ] GC(1032) ParOldGen: 453938K(699392K)->455674K(699392K)
[144.437s][info][gc,metaspace   ] GC(1032) Metaspace: 10730K(11008K)->10730K(11008K) NonClass: 9839K(9984K)->9839K(9984K) Class: 891K(1024K)->891K(1024K)
[144.437s][info][gc             ] GC(1032) Pause Young (Allocation Failure) 706M->484M(965M) 12.500ms
[144.437s][info][gc,cpu         ] GC(1032) User=0.09s Sys=0.00s Real=0.01s
[144.512s][info][gc,start       ] GC(1033) Pause Young (Allocation Failure)
[144.524s][info][gc,heap        ] GC(1033) PSYoungGen: 269504K(289280K)->40384K(289280K) Eden: 229376K(229376K)->0K(229376K) From: 40128K(59904K)->40384K(59904K)
[144.524s][info][gc,heap        ] GC(1033) ParOldGen: 455674K(699392K)->457346K(699392K)
[144.524s][info][gc,metaspace   ] GC(1033) Metaspace: 10730K(11008K)->10730K(11008K) NonClass: 9839K(9984K)->9839K(9984K) Class: 891K(1024K)->891K(1024K)
[144.524s][info][gc             ] GC(1033) Pause Young (Allocation Failure) 708M->486M(965M) 12.576ms
[144.524s][info][gc,cpu         ] GC(1033) User=0.00s Sys=0.00s Real=0.01s
[144.600s][info][gc,start       ] GC(1034) Pause Young (Allocation Failure)
[144.612s][info][gc,heap        ] GC(1034) PSYoungGen: 269760K(289280K)->40544K(289792K) Eden: 229376K(229376K)->0K(229888K) From: 40384K(59904K)->40544K(59904K)
[144.612s][info][gc,heap        ] GC(1034) ParOldGen: 457346K(699392K)->459194K(699392K)
[144.612s][info][gc,metaspace   ] GC(1034) Metaspace: 10730K(11008K)->10730K(11008K) NonClass: 9839K(9984K)->9839K(9984K) Class: 891K(1024K)->891K(1024K)
[144.612s][info][gc             ] GC(1034) Pause Young (Allocation Failure) 710M->488M(966M) 12.676ms
[144.612s][info][gc,cpu         ] GC(1034) User=0.09s Sys=0.00s Real=0.01s
[144.688s][info][gc,start       ] GC(1035) Pause Young (Allocation Failure)
[144.700s][info][gc,heap        ] GC(1035) PSYoungGen: 270432K(289792K)->40256K(289280K) Eden: 229888K(229888K)->0K(229888K) From: 40544K(59904K)->40256K(59392K)
[144.700s][info][gc,heap        ] GC(1035) ParOldGen: 459194K(699392K)->461034K(699392K)
[144.700s][info][gc,metaspace   ] GC(1035) Metaspace: 10730K(11008K)->10730K(11008K) NonClass: 9839K(9984K)->9839K(9984K) Class: 891K(1024K)->891K(1024K)
[144.700s][info][gc             ] GC(1035) Pause Young (Allocation Failure) 712M->489M(965M) 12.756ms
[144.700s][info][gc,cpu         ] GC(1035) User=0.09s Sys=0.00s Real=0.01s
[144.778s][info][gc,start       ] GC(1036) Pause Young (Allocation Failure)
[144.791s][info][gc,heap        ] GC(1036) PSYoungGen: 270144K(289280K)->40320K(290816K) Eden: 229888K(229888K)->0K(231936K) From: 40256K(59392K)->40320K(58880K)
[144.791s][info][gc,heap        ] GC(1036) ParOldGen: 461034K(699392K)->462898K(699392K)
[144.791s][info][gc,metaspace   ] GC(1036) Metaspace: 10730K(11008K)->10730K(11008K) NonClass: 9839K(9984K)->9839K(9984K) Class: 891K(1024K)->891K(1024K)
[144.791s][info][gc             ] GC(1036) Pause Young (Allocation Failure) 714M->491M(967M) 12.613ms
[144.791s][info][gc,cpu         ] GC(1036) User=0.09s Sys=0.00s Real=0.01s
[144.870s][info][gc,start       ] GC(1037) Pause Young (Allocation Failure)
[144.882s][info][gc,heap        ] GC(1037) PSYoungGen: 272256K(290816K)->40576K(290304K) Eden: 231936K(231936K)->0K(231936K) From: 40320K(58880K)->40576K(58368K)
[144.882s][info][gc,heap        ] GC(1037) ParOldGen: 462898K(699392K)->464762K(699392K)
[144.882s][info][gc,metaspace   ] GC(1037) Metaspace: 10730K(11008K)->10730K(11008K) NonClass: 9839K(9984K)->9839K(9984K) Class: 891K(1024K)->891K(1024K)
[144.882s][info][gc             ] GC(1037) Pause Young (Allocation Failure) 717M->493M(966M) 12.786ms
[144.882s][info][gc,cpu         ] GC(1037) User=0.00s Sys=0.00s Real=0.01s
[144.960s][info][gc,start       ] GC(1038) Pause Young (Allocation Failure)
[144.972s][info][gc,heap        ] GC(1038) PSYoungGen: 272512K(290304K)->40544K(292352K) Eden: 231936K(231936K)->0K(235008K) From: 40576K(58368K)->40544K(57344K)
[144.972s][info][gc,heap        ] GC(1038) ParOldGen: 464762K(699392K)->466666K(699392K)
[144.972s][info][gc,metaspace   ] GC(1038) Metaspace: 10730K(11008K)->10730K(11008K) NonClass: 9839K(9984K)->9839K(9984K) Class: 891K(1024K)->891K(1024K)
[144.972s][info][gc             ] GC(1038) Pause Young (Allocation Failure) 719M->495M(968M) 12.825ms
[144.972s][info][gc,cpu         ] GC(1038) User=0.09s Sys=0.00s Real=0.01s
[145.051s][info][gc,start       ] GC(1039) Pause Young (Allocation Failure)
[145.064s][info][gc,heap        ] GC(1039) PSYoungGen: 275552K(292352K)->40480K(291840K) Eden: 235008K(235008K)->0K(235008K) From: 40544K(57344K)->40480K(56832K)
[145.064s][info][gc,heap        ] GC(1039) ParOldGen: 466666K(699392K)->468578K(699392K)
[145.064s][info][gc,metaspace   ] GC(1039) Metaspace: 10730K(11008K)->10730K(11008K) NonClass: 9839K(9984K)->9839K(9984K) Class: 891K(1024K)->891K(1024K)
[145.064s][info][gc             ] GC(1039) Pause Young (Allocation Failure) 724M->497M(968M) 13.248ms
[145.064s][info][gc,cpu         ] GC(1039) User=0.09s Sys=0.00s Real=0.01s
[145.141s][info][gc,start       ] GC(1040) Pause Young (Allocation Failure)
[145.154s][info][gc,heap        ] GC(1040) PSYoungGen: 275488K(291840K)->40416K(293888K) Eden: 235008K(235008K)->0K(237568K) From: 40480K(56832K)->40416K(56320K)
[145.154s][info][gc,heap        ] GC(1040) ParOldGen: 468578K(699392K)->470474K(699392K)
[145.154s][info][gc,metaspace   ] GC(1040) Metaspace: 10730K(11008K)->10730K(11008K) NonClass: 9839K(9984K)->9839K(9984K) Class: 891K(1024K)->891K(1024K)
[145.154s][info][gc             ] GC(1040) Pause Young (Allocation Failure) 726M->498M(970M) 12.771ms
[145.154s][info][gc,cpu         ] GC(1040) User=0.09s Sys=0.00s Real=0.01s
[145.231s][info][gc,start       ] GC(1041) Pause Young (Allocation Failure)
[145.244s][info][gc,heap        ] GC(1041) PSYoungGen: 277984K(293888K)->40576K(292864K) Eden: 237568K(237568K)->0K(237568K) From: 40416K(56320K)->40576K(55296K)
[145.244s][info][gc,heap        ] GC(1041) ParOldGen: 470474K(699392K)->472386K(699392K)
[145.244s][info][gc,metaspace   ] GC(1041) Metaspace: 10730K(11008K)->10730K(11008K) NonClass: 9839K(9984K)->9839K(9984K) Class: 891K(1024K)->891K(1024K)
[145.244s][info][gc             ] GC(1041) Pause Young (Allocation Failure) 730M->500M(969M) 12.883ms
[145.244s][info][gc,cpu         ] GC(1041) User=0.09s Sys=0.00s Real=0.01s
[145.323s][info][gc,start       ] GC(1042) Pause Young (Allocation Failure)
[145.336s][info][gc,heap        ] GC(1042) PSYoungGen: 278144K(292864K)->40544K(294912K) Eden: 237568K(237568K)->0K(240128K) From: 40576K(55296K)->40544K(54784K)
[145.336s][info][gc,heap        ] GC(1042) ParOldGen: 472386K(699392K)->474242K(699392K)
[145.336s][info][gc,metaspace   ] GC(1042) Metaspace: 10730K(11008K)->10730K(11008K) NonClass: 9839K(9984K)->9839K(9984K) Class: 891K(1024K)->891K(1024K)
[145.336s][info][gc             ] GC(1042) Pause Young (Allocation Failure) 732M->502M(971M) 12.706ms
[145.336s][info][gc,cpu         ] GC(1042) User=0.00s Sys=0.00s Real=0.01s
[145.417s][info][gc,start       ] GC(1043) Pause Young (Allocation Failure)
[145.430s][info][gc,heap        ] GC(1043) PSYoungGen: 280672K(294912K)->40704K(294400K) Eden: 240128K(240128K)->0K(240128K) From: 40544K(54784K)->40704K(54272K)
[145.430s][info][gc,heap        ] GC(1043) ParOldGen: 474242K(699392K)->476130K(699392K)
[145.430s][info][gc,metaspace   ] GC(1043) Metaspace: 10730K(11008K)->10730K(11008K) NonClass: 9839K(9984K)->9839K(9984K) Class: 891K(1024K)->891K(1024K)
[145.430s][info][gc             ] GC(1043) Pause Young (Allocation Failure) 737M->504M(970M) 13.314ms
[145.430s][info][gc,cpu         ] GC(1043) User=0.00s Sys=0.00s Real=0.01s
[145.509s][info][gc,start       ] GC(1044) Pause Young (Allocation Failure)
[145.521s][info][gc,heap        ] GC(1044) PSYoungGen: 280832K(294400K)->40672K(296448K) Eden: 240128K(240128K)->0K(243200K) From: 40704K(54272K)->40672K(53248K)
[145.521s][info][gc,heap        ] GC(1044) ParOldGen: 476130K(699392K)->477978K(699392K)
[145.521s][info][gc,metaspace   ] GC(1044) Metaspace: 10730K(11008K)->10730K(11008K) NonClass: 9839K(9984K)->9839K(9984K) Class: 891K(1024K)->891K(1024K)
[145.521s][info][gc             ] GC(1044) Pause Young (Allocation Failure) 739M->506M(972M) 12.627ms
[145.521s][info][gc,cpu         ] GC(1044) User=0.09s Sys=0.00s Real=0.01s
[145.603s][info][gc,start       ] GC(1045) Pause Young (Allocation Failure)
[145.616s][info][gc,heap        ] GC(1045) PSYoungGen: 283872K(296448K)->40992K(295936K) Eden: 243200K(243200K)->0K(243200K) From: 40672K(53248K)->40992K(52736K)
[145.617s][info][gc,heap        ] GC(1045) ParOldGen: 477978K(699392K)->479866K(699392K)
[145.617s][info][gc,metaspace   ] GC(1045) Metaspace: 10730K(11008K)->10730K(11008K) NonClass: 9839K(9984K)->9839K(9984K) Class: 891K(1024K)->891K(1024K)
[145.617s][info][gc             ] GC(1045) Pause Young (Allocation Failure) 743M->508M(972M) 13.168ms
[145.617s][info][gc,cpu         ] GC(1045) User=0.00s Sys=0.00s Real=0.01s
[145.698s][info][gc,start       ] GC(1046) Pause Young (Allocation Failure)
[145.711s][info][gc,heap        ] GC(1046) PSYoungGen: 284192K(295936K)->41024K(297472K) Eden: 243200K(243200K)->0K(245248K) From: 40992K(52736K)->41024K(52224K)
[145.711s][info][gc,heap        ] GC(1046) ParOldGen: 479866K(699392K)->481682K(699392K)
[145.711s][info][gc,metaspace   ] GC(1046) Metaspace: 10730K(11008K)->10730K(11008K) NonClass: 9839K(9984K)->9839K(9984K) Class: 891K(1024K)->891K(1024K)
[145.711s][info][gc             ] GC(1046) Pause Young (Allocation Failure) 746M->510M(973M) 12.720ms
[145.711s][info][gc,cpu         ] GC(1046) User=0.00s Sys=0.00s Real=0.01s
[145.794s][info][gc,start       ] GC(1047) Pause Young (Allocation Failure)
[145.807s][info][gc,heap        ] GC(1047) PSYoungGen: 286272K(297472K)->41056K(296960K) Eden: 245248K(245248K)->0K(245248K) From: 41024K(52224K)->41056K(51712K)
[145.807s][info][gc,heap        ] GC(1047) ParOldGen: 481682K(699392K)->483514K(699392K)
[145.807s][info][gc,metaspace   ] GC(1047) Metaspace: 10730K(11008K)->10730K(11008K) NonClass: 9839K(9984K)->9839K(9984K) Class: 891K(1024K)->891K(1024K)
[145.807s][info][gc             ] GC(1047) Pause Young (Allocation Failure) 749M->512M(973M) 12.840ms
[145.807s][info][gc,cpu         ] GC(1047) User=0.09s Sys=0.00s Real=0.01s
[145.895s][info][gc,start       ] GC(1048) Pause Young (Allocation Failure)
[145.908s][info][gc,heap        ] GC(1048) PSYoungGen: 286304K(296960K)->41440K(298496K) Eden: 245248K(245248K)->0K(247296K) From: 41056K(51712K)->41440K(51200K)
[145.908s][info][gc,heap        ] GC(1048) ParOldGen: 483514K(699392K)->485338K(699392K)
[145.908s][info][gc,metaspace   ] GC(1048) Metaspace: 10731K(11008K)->10731K(11008K) NonClass: 9840K(9984K)->9840K(9984K) Class: 891K(1024K)->891K(1024K)
[145.908s][info][gc             ] GC(1048) Pause Young (Allocation Failure) 751M->514M(974M) 13.326ms
[145.908s][info][gc,cpu         ] GC(1048) User=0.09s Sys=0.00s Real=0.01s
[145.991s][info][gc,start       ] GC(1049) Pause Young (Allocation Failure)
[146.004s][info][gc,heap        ] GC(1049) PSYoungGen: 288736K(298496K)->41504K(297984K) Eden: 247296K(247296K)->0K(247296K) From: 41440K(51200K)->41504K(50688K)
[146.004s][info][gc,heap        ] GC(1049) ParOldGen: 485338K(699392K)->487170K(699392K)
[146.004s][info][gc,metaspace   ] GC(1049) Metaspace: 10732K(11008K)->10732K(11008K) NonClass: 9841K(9984K)->9841K(9984K) Class: 891K(1024K)->891K(1024K)
[146.004s][info][gc             ] GC(1049) Pause Young (Allocation Failure) 755M->516M(974M) 13.158ms
[146.004s][info][gc,cpu         ] GC(1049) User=0.09s Sys=0.00s Real=0.01s
[146.085s][info][gc,start       ] GC(1050) Pause Young (Allocation Failure)
[146.099s][info][gc,heap        ] GC(1050) PSYoungGen: 288800K(297984K)->41760K(299008K) Eden: 247296K(247296K)->0K(248832K) From: 41504K(50688K)->41760K(50176K)
[146.099s][info][gc,heap        ] GC(1050) ParOldGen: 487170K(699392K)->488906K(699392K)
[146.099s][info][gc,metaspace   ] GC(1050) Metaspace: 10732K(11008K)->10732K(11008K) NonClass: 9841K(9984K)->9841K(9984K) Class: 891K(1024K)->891K(1024K)
[146.099s][info][gc             ] GC(1050) Pause Young (Allocation Failure) 757M->518M(975M) 13.491ms
[146.099s][info][gc,cpu         ] GC(1050) User=0.09s Sys=0.00s Real=0.01s
[146.181s][info][gc,start       ] GC(1051) Pause Young (Allocation Failure)
[146.194s][info][gc,heap        ] GC(1051) PSYoungGen: 290592K(299008K)->41760K(299008K) Eden: 248832K(248832K)->0K(248832K) From: 41760K(50176K)->41760K(50176K)
[146.194s][info][gc,heap        ] GC(1051) ParOldGen: 488906K(699392K)->490818K(699392K)
[146.194s][info][gc,metaspace   ] GC(1051) Metaspace: 10732K(11008K)->10732K(11008K) NonClass: 9841K(9984K)->9841K(9984K) Class: 891K(1024K)->891K(1024K)
[146.194s][info][gc             ] GC(1051) Pause Young (Allocation Failure) 761M->520M(975M) 13.220ms
[146.194s][info][gc,cpu         ] GC(1051) User=0.09s Sys=0.00s Real=0.01s
[146.274s][info][gc,start       ] GC(1052) Pause Young (Allocation Failure)
[146.287s][info][gc,heap        ] GC(1052) PSYoungGen: 290592K(299008K)->41696K(300032K) Eden: 248832K(248832K)->0K(250368K) From: 41760K(50176K)->41696K(49664K)
[146.287s][info][gc,heap        ] GC(1052) ParOldGen: 490818K(699392K)->492738K(699392K)
[146.287s][info][gc,metaspace   ] GC(1052) Metaspace: 10732K(11008K)->10732K(11008K) NonClass: 9841K(9984K)->9841K(9984K) Class: 891K(1024K)->891K(1024K)
[146.287s][info][gc             ] GC(1052) Pause Young (Allocation Failure) 763M->521M(976M) 13.064ms
[146.287s][info][gc,cpu         ] GC(1052) User=0.09s Sys=0.00s Real=0.01s
[146.369s][info][gc,start       ] GC(1053) Pause Young (Allocation Failure)
[146.382s][info][gc,heap        ] GC(1053) PSYoungGen: 292064K(300032K)->41760K(299520K) Eden: 250368K(250368K)->0K(250368K) From: 41696K(49664K)->41760K(49152K)
[146.382s][info][gc,heap        ] GC(1053) ParOldGen: 492738K(699392K)->494602K(699392K)
[146.382s][info][gc,metaspace   ] GC(1053) Metaspace: 10732K(11008K)->10732K(11008K) NonClass: 9841K(9984K)->9841K(9984K) Class: 891K(1024K)->891K(1024K)
[146.382s][info][gc             ] GC(1053) Pause Young (Allocation Failure) 766M->523M(975M) 12.987ms
[146.382s][info][gc,cpu         ] GC(1053) User=0.00s Sys=0.00s Real=0.01s
[146.465s][info][gc,start       ] GC(1054) Pause Young (Allocation Failure)
[146.478s][info][gc,heap        ] GC(1054) PSYoungGen: 292128K(299520K)->41952K(300544K) Eden: 250368K(250368K)->0K(251392K) From: 41760K(49152K)->41952K(49152K)
[146.478s][info][gc,heap        ] GC(1054) ParOldGen: 494602K(699392K)->496498K(699392K)
[146.478s][info][gc,metaspace   ] GC(1054) Metaspace: 10732K(11008K)->10732K(11008K) NonClass: 9841K(9984K)->9841K(9984K) Class: 891K(1024K)->891K(1024K)
[146.478s][info][gc             ] GC(1054) Pause Young (Allocation Failure) 768M->525M(976M) 13.363ms
[146.478s][info][gc,cpu         ] GC(1054) User=0.02s Sys=0.00s Real=0.01s
[146.562s][info][gc,start       ] GC(1055) Pause Young (Allocation Failure)
[146.575s][info][gc,heap        ] GC(1055) PSYoungGen: 293344K(300544K)->42144K(300032K) Eden: 251392K(251392K)->0K(251392K) From: 41952K(49152K)->42144K(48640K)
[146.575s][info][gc,heap        ] GC(1055) ParOldGen: 496498K(699392K)->498402K(699392K)
[146.575s][info][gc,metaspace   ] GC(1055) Metaspace: 10732K(11008K)->10732K(11008K) NonClass: 9841K(9984K)->9841K(9984K) Class: 891K(1024K)->891K(1024K)
[146.575s][info][gc             ] GC(1055) Pause Young (Allocation Failure) 771M->527M(976M) 13.466ms
[146.575s][info][gc,cpu         ] GC(1055) User=0.09s Sys=0.00s Real=0.01s
[146.657s][info][gc,start       ] GC(1056) Pause Young (Allocation Failure)
[146.670s][info][gc,heap        ] GC(1056) PSYoungGen: 293536K(300032K)->42048K(301056K) Eden: 251392K(251392K)->0K(252416K) From: 42144K(48640K)->42048K(48640K)
[146.670s][info][gc,heap        ] GC(1056) ParOldGen: 498402K(699392K)->500314K(699392K)
[146.670s][info][gc,metaspace   ] GC(1056) Metaspace: 10732K(11008K)->10732K(11008K) NonClass: 9841K(9984K)->9841K(9984K) Class: 891K(1024K)->891K(1024K)
[146.670s][info][gc             ] GC(1056) Pause Young (Allocation Failure) 773M->529M(977M) 13.309ms
[146.670s][info][gc,cpu         ] GC(1056) User=0.09s Sys=0.00s Real=0.01s
[146.753s][info][gc,start       ] GC(1057) Pause Young (Allocation Failure)
[146.767s][info][gc,heap        ] GC(1057) PSYoungGen: 294464K(301056K)->42112K(300544K) Eden: 252416K(252416K)->0K(252416K) From: 42048K(48640K)->42112K(48128K)
[146.767s][info][gc,heap        ] GC(1057) ParOldGen: 500314K(699392K)->502218K(699392K)
[146.767s][info][gc,metaspace   ] GC(1057) Metaspace: 10732K(11008K)->10732K(11008K) NonClass: 9841K(9984K)->9841K(9984K) Class: 891K(1024K)->891K(1024K)
[146.767s][info][gc             ] GC(1057) Pause Young (Allocation Failure) 776M->531M(976M) 13.410ms
[146.767s][info][gc,cpu         ] GC(1057) User=0.09s Sys=0.00s Real=0.01s
[146.852s][info][gc,start       ] GC(1058) Pause Young (Allocation Failure)
[146.865s][info][gc,heap        ] GC(1058) PSYoungGen: 294528K(300544K)->42432K(301568K) Eden: 252416K(252416K)->0K(253440K) From: 42112K(48128K)->42432K(48128K)
[146.865s][info][gc,heap        ] GC(1058) ParOldGen: 502218K(699392K)->504154K(699392K)
[146.865s][info][gc,metaspace   ] GC(1058) Metaspace: 10732K(11008K)->10732K(11008K) NonClass: 9841K(9984K)->9841K(9984K) Class: 891K(1024K)->891K(1024K)
[146.865s][info][gc             ] GC(1058) Pause Young (Allocation Failure) 778M->533M(977M) 13.769ms
[146.865s][info][gc,cpu         ] GC(1058) User=0.09s Sys=0.00s Real=0.01s
[146.950s][info][gc,start       ] GC(1059) Pause Young (Allocation Failure)
[146.963s][info][gc,heap        ] GC(1059) PSYoungGen: 295872K(301568K)->42432K(301056K) Eden: 253440K(253440K)->0K(253440K) From: 42432K(48128K)->42432K(47616K)
[146.963s][info][gc,heap        ] GC(1059) ParOldGen: 504154K(699392K)->505994K(699392K)
[146.963s][info][gc,metaspace   ] GC(1059) Metaspace: 10732K(11008K)->10732K(11008K) NonClass: 9841K(9984K)->9841K(9984K) Class: 891K(1024K)->891K(1024K)
[146.963s][info][gc             ] GC(1059) Pause Young (Allocation Failure) 781M->535M(977M) 13.340ms
[146.963s][info][gc,cpu         ] GC(1059) User=0.09s Sys=0.00s Real=0.01s
[147.049s][info][gc,start       ] GC(1060) Pause Young (Allocation Failure)
[147.062s][info][gc,heap        ] GC(1060) PSYoungGen: 295872K(301056K)->42656K(301568K) Eden: 253440K(253440K)->0K(253952K) From: 42432K(47616K)->42656K(47616K)
[147.063s][info][gc,heap        ] GC(1060) ParOldGen: 505994K(699392K)->508034K(699392K)
[147.063s][info][gc,metaspace   ] GC(1060) Metaspace: 10732K(11008K)->10732K(11008K) NonClass: 9841K(9984K)->9841K(9984K) Class: 891K(1024K)->891K(1024K)
[147.063s][info][gc             ] GC(1060) Pause Young (Allocation Failure) 783M->537M(977M) 13.708ms
[147.063s][info][gc,cpu         ] GC(1060) User=0.09s Sys=0.00s Real=0.01s
[147.149s][info][gc,start       ] GC(1061) Pause Young (Allocation Failure)
[147.163s][info][gc,heap        ] GC(1061) PSYoungGen: 296608K(301568K)->42848K(301568K) Eden: 253952K(253952K)->0K(253952K) From: 42656K(47616K)->42848K(47616K)
[147.163s][info][gc,heap        ] GC(1061) ParOldGen: 508034K(699392K)->509954K(699392K)
[147.163s][info][gc,metaspace   ] GC(1061) Metaspace: 10732K(11008K)->10732K(11008K) NonClass: 9841K(9984K)->9841K(9984K) Class: 891K(1024K)->891K(1024K)
[147.163s][info][gc             ] GC(1061) Pause Young (Allocation Failure) 785M->539M(977M) 13.758ms
[147.163s][info][gc,cpu         ] GC(1061) User=0.09s Sys=0.00s Real=0.01s
[147.247s][info][gc,start       ] GC(1062) Pause Young (Allocation Failure)
[147.261s][info][gc,heap        ] GC(1062) PSYoungGen: 296800K(301568K)->42912K(301568K) Eden: 253952K(253952K)->0K(253952K) From: 42848K(47616K)->42912K(47616K)
[147.261s][info][gc,heap        ] GC(1062) ParOldGen: 509954K(699392K)->511890K(699392K)
[147.261s][info][gc,metaspace   ] GC(1062) Metaspace: 10732K(11008K)->10732K(11008K) NonClass: 9841K(9984K)->9841K(9984K) Class: 891K(1024K)->891K(1024K)
[147.261s][info][gc             ] GC(1062) Pause Young (Allocation Failure) 787M->541M(977M) 13.647ms
[147.261s][info][gc,cpu         ] GC(1062) User=0.09s Sys=0.00s Real=0.01s
[147.345s][info][gc,start       ] GC(1063) Pause Young (Allocation Failure)
[147.359s][info][gc,heap        ] GC(1063) PSYoungGen: 296864K(301568K)->43104K(301568K) Eden: 253952K(253952K)->0K(253952K) From: 42912K(47616K)->43104K(47616K)
[147.359s][info][gc,heap        ] GC(1063) ParOldGen: 511890K(699392K)->513810K(699392K)
[147.359s][info][gc,metaspace   ] GC(1063) Metaspace: 10732K(11008K)->10732K(11008K) NonClass: 9841K(9984K)->9841K(9984K) Class: 891K(1024K)->891K(1024K)
[147.359s][info][gc             ] GC(1063) Pause Young (Allocation Failure) 789M->543M(977M) 13.624ms
[147.359s][info][gc,cpu         ] GC(1063) User=0.08s Sys=0.02s Real=0.01s
[147.446s][info][gc,start       ] GC(1064) Pause Young (Allocation Failure)
[147.461s][info][gc,heap        ] GC(1064) PSYoungGen: 297056K(301568K)->43328K(301568K) Eden: 253952K(253952K)->0K(253952K) From: 43104K(47616K)->43328K(47616K)
[147.461s][info][gc,heap        ] GC(1064) ParOldGen: 513810K(699392K)->515754K(699392K)
[147.461s][info][gc,metaspace   ] GC(1064) Metaspace: 10732K(11008K)->10732K(11008K) NonClass: 9841K(9984K)->9841K(9984K) Class: 891K(1024K)->891K(1024K)
[147.461s][info][gc             ] GC(1064) Pause Young (Allocation Failure) 791M->545M(977M) 14.201ms
[147.461s][info][gc,cpu         ] GC(1064) User=0.09s Sys=0.00s Real=0.01s
[147.544s][info][gc,start       ] GC(1065) Pause Young (Allocation Failure)
[147.557s][info][gc,heap        ] GC(1065) PSYoungGen: 297280K(301568K)->43360K(301568K) Eden: 253952K(253952K)->0K(253952K) From: 43328K(47616K)->43360K(47616K)
[147.558s][info][gc,heap        ] GC(1065) ParOldGen: 515754K(699392K)->517738K(699392K)
[147.558s][info][gc,metaspace   ] GC(1065) Metaspace: 10732K(11008K)->10732K(11008K) NonClass: 9841K(9984K)->9841K(9984K) Class: 891K(1024K)->891K(1024K)
[147.558s][info][gc             ] GC(1065) Pause Young (Allocation Failure) 793M->547M(977M) 13.887ms
[147.558s][info][gc,cpu         ] GC(1065) User=0.09s Sys=0.00s Real=0.02s
[147.644s][info][gc,start       ] GC(1066) Pause Young (Allocation Failure)
[147.658s][info][gc,heap        ] GC(1066) PSYoungGen: 297312K(301568K)->43648K(301568K) Eden: 253952K(253952K)->0K(253952K) From: 43360K(47616K)->43648K(47616K)
[147.658s][info][gc,heap        ] GC(1066) ParOldGen: 517738K(699392K)->519650K(699392K)
[147.658s][info][gc,metaspace   ] GC(1066) Metaspace: 10732K(11008K)->10732K(11008K) NonClass: 9841K(9984K)->9841K(9984K) Class: 891K(1024K)->891K(1024K)
[147.658s][info][gc             ] GC(1066) Pause Young (Allocation Failure) 795M->550M(977M) 13.842ms
[147.658s][info][gc,cpu         ] GC(1066) User=0.09s Sys=0.00s Real=0.02s
[147.745s][info][gc,start       ] GC(1067) Pause Young (Allocation Failure)
[147.758s][info][gc,heap        ] GC(1067) PSYoungGen: 297600K(301568K)->43552K(301568K) Eden: 253952K(253952K)->0K(253952K) From: 43648K(47616K)->43552K(47616K)
[147.758s][info][gc,heap        ] GC(1067) ParOldGen: 519650K(699392K)->521586K(699392K)
[147.758s][info][gc,metaspace   ] GC(1067) Metaspace: 10732K(11008K)->10732K(11008K) NonClass: 9841K(9984K)->9841K(9984K) Class: 891K(1024K)->891K(1024K)
[147.758s][info][gc             ] GC(1067) Pause Young (Allocation Failure) 798M->551M(977M) 13.736ms
[147.759s][info][gc,cpu         ] GC(1067) User=0.00s Sys=0.00s Real=0.01s
[147.843s][info][gc,start       ] GC(1068) Pause Young (Allocation Failure)
[147.857s][info][gc,heap        ] GC(1068) PSYoungGen: 297504K(301568K)->43744K(301568K) Eden: 253952K(253952K)->0K(253952K) From: 43552K(47616K)->43744K(47616K)
[147.857s][info][gc,heap        ] GC(1068) ParOldGen: 521586K(699392K)->523474K(699392K)
[147.857s][info][gc,metaspace   ] GC(1068) Metaspace: 10732K(11008K)->10732K(11008K) NonClass: 9841K(9984K)->9841K(9984K) Class: 891K(1024K)->891K(1024K)
[147.857s][info][gc             ] GC(1068) Pause Young (Allocation Failure) 799M->553M(977M) 13.916ms
[147.857s][info][gc,cpu         ] GC(1068) User=0.09s Sys=0.00s Real=0.01s
[147.941s][info][gc,start       ] GC(1069) Pause Young (Allocation Failure)
[147.955s][info][gc,heap        ] GC(1069) PSYoungGen: 297696K(301568K)->43936K(301568K) Eden: 253952K(253952K)->0K(253952K) From: 43744K(47616K)->43936K(47616K)
[147.955s][info][gc,heap        ] GC(1069) ParOldGen: 523474K(699392K)->525354K(699392K)
[147.955s][info][gc,metaspace   ] GC(1069) Metaspace: 10732K(11008K)->10732K(11008K) NonClass: 9841K(9984K)->9841K(9984K) Class: 891K(1024K)->891K(1024K)
[147.955s][info][gc             ] GC(1069) Pause Young (Allocation Failure) 801M->555M(977M) 13.824ms
[147.955s][info][gc,cpu         ] GC(1069) User=0.09s Sys=0.00s Real=0.01s
[148.041s][info][gc,start       ] GC(1070) Pause Young (Allocation Failure)
[148.055s][info][gc,heap        ] GC(1070) PSYoungGen: 297888K(301568K)->44256K(301568K) Eden: 253952K(253952K)->0K(253952K) From: 43936K(47616K)->44256K(47616K)
[148.055s][info][gc,heap        ] GC(1070) ParOldGen: 525354K(699392K)->527346K(699392K)
[148.055s][info][gc,metaspace   ] GC(1070) Metaspace: 10732K(11008K)->10732K(11008K) NonClass: 9841K(9984K)->9841K(9984K) Class: 891K(1024K)->891K(1024K)
[148.055s][info][gc             ] GC(1070) Pause Young (Allocation Failure) 803M->558M(977M) 14.404ms
[148.055s][info][gc,cpu         ] GC(1070) User=0.00s Sys=0.00s Real=0.01s
[148.141s][info][gc,start       ] GC(1071) Pause Young (Allocation Failure)
[148.156s][info][gc,heap        ] GC(1071) PSYoungGen: 298208K(301568K)->44352K(301568K) Eden: 253952K(253952K)->0K(253952K) From: 44256K(47616K)->44352K(47616K)
[148.156s][info][gc,heap        ] GC(1071) ParOldGen: 527346K(699392K)->529218K(699392K)
[148.156s][info][gc,metaspace   ] GC(1071) Metaspace: 10732K(11008K)->10732K(11008K) NonClass: 9841K(9984K)->9841K(9984K) Class: 891K(1024K)->891K(1024K)
[148.156s][info][gc             ] GC(1071) Pause Young (Allocation Failure) 806M->560M(977M) 14.571ms
[148.156s][info][gc,cpu         ] GC(1071) User=0.08s Sys=0.00s Real=0.01s
[148.240s][info][gc,start       ] GC(1072) Pause Young (Allocation Failure)
[148.254s][info][gc,heap        ] GC(1072) PSYoungGen: 298304K(301568K)->44384K(301568K) Eden: 253952K(253952K)->0K(253952K) From: 44352K(47616K)->44384K(47616K)
[148.254s][info][gc,heap        ] GC(1072) ParOldGen: 529218K(699392K)->531210K(699392K)
[148.254s][info][gc,metaspace   ] GC(1072) Metaspace: 10732K(11008K)->10732K(11008K) NonClass: 9841K(9984K)->9841K(9984K) Class: 891K(1024K)->891K(1024K)
[148.254s][info][gc             ] GC(1072) Pause Young (Allocation Failure) 808M->562M(977M) 13.996ms
[148.254s][info][gc,cpu         ] GC(1072) User=0.09s Sys=0.00s Real=0.01s
[148.338s][info][gc,start       ] GC(1073) Pause Young (Allocation Failure)
[148.352s][info][gc,heap        ] GC(1073) PSYoungGen: 298336K(301568K)->44288K(301568K) Eden: 253952K(253952K)->0K(253952K) From: 44384K(47616K)->44288K(47616K)
[148.352s][info][gc,heap        ] GC(1073) ParOldGen: 531210K(699392K)->533178K(699392K)
[148.352s][info][gc,metaspace   ] GC(1073) Metaspace: 10732K(11008K)->10732K(11008K) NonClass: 9841K(9984K)->9841K(9984K) Class: 891K(1024K)->891K(1024K)
[148.352s][info][gc             ] GC(1073) Pause Young (Allocation Failure) 810M->563M(977M) 13.788ms
[148.352s][info][gc,cpu         ] GC(1073) User=0.00s Sys=0.00s Real=0.01s
[148.436s][info][gc,start       ] GC(1074) Pause Young (Allocation Failure)
[148.450s][info][gc,heap        ] GC(1074) PSYoungGen: 298240K(301568K)->44448K(301568K) Eden: 253952K(253952K)->0K(253952K) From: 44288K(47616K)->44448K(47616K)
[148.451s][info][gc,heap        ] GC(1074) ParOldGen: 533178K(699392K)->535194K(699392K)
[148.451s][info][gc,metaspace   ] GC(1074) Metaspace: 10732K(11008K)->10732K(11008K) NonClass: 9841K(9984K)->9841K(9984K) Class: 891K(1024K)->891K(1024K)
[148.451s][info][gc             ] GC(1074) Pause Young (Allocation Failure) 811M->566M(977M) 14.181ms
[148.451s][info][gc,cpu         ] GC(1074) User=0.09s Sys=0.00s Real=0.02s
[148.536s][info][gc,start       ] GC(1075) Pause Young (Allocation Failure)
[148.550s][info][gc,heap        ] GC(1075) PSYoungGen: 298400K(301568K)->44448K(301568K) Eden: 253952K(253952K)->0K(253952K) From: 44448K(47616K)->44448K(47616K)
[148.550s][info][gc,heap        ] GC(1075) ParOldGen: 535194K(699392K)->537314K(699392K)
[148.550s][info][gc,metaspace   ] GC(1075) Metaspace: 10732K(11008K)->10732K(11008K) NonClass: 9841K(9984K)->9841K(9984K) Class: 891K(1024K)->891K(1024K)
[148.550s][info][gc             ] GC(1075) Pause Young (Allocation Failure) 814M->568M(977M) 14.100ms
[148.550s][info][gc,cpu         ] GC(1075) User=0.09s Sys=0.00s Real=0.01s
[148.635s][info][gc,start       ] GC(1076) Pause Young (Allocation Failure)
[148.649s][info][gc,heap        ] GC(1076) PSYoungGen: 298400K(301568K)->44480K(301568K) Eden: 253952K(253952K)->0K(253952K) From: 44448K(47616K)->44480K(47616K)
[148.649s][info][gc,heap        ] GC(1076) ParOldGen: 537314K(699392K)->539362K(699392K)
[148.649s][info][gc,metaspace   ] GC(1076) Metaspace: 10732K(11008K)->10732K(11008K) NonClass: 9841K(9984K)->9841K(9984K) Class: 891K(1024K)->891K(1024K)
[148.649s][info][gc             ] GC(1076) Pause Young (Allocation Failure) 816M->570M(977M) 14.205ms
[148.650s][info][gc,cpu         ] GC(1076) User=0.00s Sys=0.00s Real=0.01s
[148.735s][info][gc,start       ] GC(1077) Pause Young (Allocation Failure)
[148.749s][info][gc,heap        ] GC(1077) PSYoungGen: 298432K(301568K)->44256K(301568K) Eden: 253952K(253952K)->0K(253952K) From: 44480K(47616K)->44256K(47616K)
[148.749s][info][gc,heap        ] GC(1077) ParOldGen: 539362K(699392K)->541498K(699392K)
[148.749s][info][gc,metaspace   ] GC(1077) Metaspace: 10732K(11008K)->10732K(11008K) NonClass: 9841K(9984K)->9841K(9984K) Class: 891K(1024K)->891K(1024K)
[148.749s][info][gc             ] GC(1077) Pause Young (Allocation Failure) 818M->572M(977M) 14.020ms
[148.749s][info][gc,cpu         ] GC(1077) User=0.09s Sys=0.00s Real=0.01s
[148.833s][info][gc,start       ] GC(1078) Pause Young (Allocation Failure)
[148.847s][info][gc,heap        ] GC(1078) PSYoungGen: 298208K(301568K)->44160K(301568K) Eden: 253952K(253952K)->0K(253952K) From: 44256K(47616K)->44160K(47616K)
[148.847s][info][gc,heap        ] GC(1078) ParOldGen: 541498K(699392K)->543562K(699392K)
[148.847s][info][gc,metaspace   ] GC(1078) Metaspace: 10732K(11008K)->10732K(11008K) NonClass: 9841K(9984K)->9841K(9984K) Class: 891K(1024K)->891K(1024K)
[148.847s][info][gc             ] GC(1078) Pause Young (Allocation Failure) 820M->573M(977M) 14.011ms
[148.847s][info][gc,cpu         ] GC(1078) User=0.09s Sys=0.00s Real=0.01s
[148.932s][info][gc,start       ] GC(1079) Pause Young (Allocation Failure)
[148.946s][info][gc,heap        ] GC(1079) PSYoungGen: 298112K(301568K)->44256K(301568K) Eden: 253952K(253952K)->0K(253952K) From: 44160K(47616K)->44256K(47616K)
[148.946s][info][gc,heap        ] GC(1079) ParOldGen: 543562K(699392K)->545666K(699392K)
[148.946s][info][gc,metaspace   ] GC(1079) Metaspace: 10732K(11008K)->10732K(11008K) NonClass: 9841K(9984K)->9841K(9984K) Class: 891K(1024K)->891K(1024K)
[148.946s][info][gc             ] GC(1079) Pause Young (Allocation Failure) 821M->576M(977M) 13.893ms
[148.946s][info][gc,cpu         ] GC(1079) User=0.00s Sys=0.00s Real=0.01s
[149.035s][info][gc,start       ] GC(1080) Pause Young (Allocation Failure)
[149.049s][info][gc,heap        ] GC(1080) PSYoungGen: 298208K(301568K)->44544K(302080K) Eden: 253952K(253952K)->0K(254976K) From: 44256K(47616K)->44544K(47104K)
[149.051s][info][gc,heap        ] GC(1080) ParOldGen: 545666K(699392K)->547634K(699392K)
[149.051s][info][gc,metaspace   ] GC(1080) Metaspace: 10732K(11008K)->10732K(11008K) NonClass: 9841K(9984K)->9841K(9984K) Class: 891K(1024K)->891K(1024K)
[149.051s][info][gc             ] GC(1080) Pause Young (Allocation Failure) 824M->578M(978M) 16.395ms
[149.051s][info][gc,cpu         ] GC(1080) User=0.09s Sys=0.00s Real=0.02s
[149.136s][info][gc,start       ] GC(1081) Pause Young (Allocation Failure)
[149.150s][info][gc,heap        ] GC(1081) PSYoungGen: 299520K(302080K)->44448K(302080K) Eden: 254976K(254976K)->0K(254976K) From: 44544K(47104K)->44448K(47104K)
[149.150s][info][gc,heap        ] GC(1081) ParOldGen: 547634K(699392K)->549738K(699392K)
[149.150s][info][gc,metaspace   ] GC(1081) Metaspace: 10732K(11008K)->10732K(11008K) NonClass: 9841K(9984K)->9841K(9984K) Class: 891K(1024K)->891K(1024K)
[149.150s][info][gc             ] GC(1081) Pause Young (Allocation Failure) 827M->580M(978M) 14.098ms
[149.150s][info][gc,cpu         ] GC(1081) User=0.09s Sys=0.00s Real=0.01s
[149.406s][info][gc,start       ] GC(1082) Pause Young (Allocation Failure)
[149.433s][info][gc,heap        ] GC(1082) PSYoungGen: 299424K(302080K)->47088K(287744K) Eden: 254976K(254976K)->0K(240640K) From: 44448K(47104K)->47088K(47104K)
[149.433s][info][gc,heap        ] GC(1082) ParOldGen: 549738K(699392K)->566074K(699392K)
[149.433s][info][gc,metaspace   ] GC(1082) Metaspace: 10735K(11008K)->10735K(11008K) NonClass: 9844K(9984K)->9844K(9984K) Class: 891K(1024K)->891K(1024K)
[149.433s][info][gc             ] GC(1082) Pause Young (Allocation Failure) 829M->598M(964M) 27.224ms
[149.433s][info][gc,cpu         ] GC(1082) User=0.19s Sys=0.00s Real=0.04s
[149.820s][info][gc,start       ] GC(1083) Pause Young (Allocation Failure)
[149.857s][info][gc,heap        ] GC(1083) PSYoungGen: 287728K(287744K)->54248K(294912K) Eden: 240640K(240640K)->0K(240640K) From: 47088K(47104K)->54248K(54272K)
[149.857s][info][gc,heap        ] GC(1083) ParOldGen: 566074K(699392K)->587730K(699392K)
[149.857s][info][gc,metaspace   ] GC(1083) Metaspace: 10735K(11008K)->10735K(11008K) NonClass: 9844K(9984K)->9844K(9984K) Class: 891K(1024K)->891K(1024K)
[149.857s][info][gc             ] GC(1083) Pause Young (Allocation Failure) 833M->626M(971M) 37.018ms
[149.857s][info][gc,cpu         ] GC(1083) User=0.28s Sys=0.00s Real=0.04s
[150.325s][info][gc,start       ] GC(1084) Pause Young (Allocation Failure)
[150.366s][info][gc,heap        ] GC(1084) PSYoungGen: 294888K(294912K)->54250K(248832K) Eden: 240640K(240640K)->0K(194560K) From: 54248K(54272K)->54250K(54272K)
[150.366s][info][gc,heap        ] GC(1084) ParOldGen: 587730K(699392K)->621218K(699392K)
[150.366s][info][gc,metaspace   ] GC(1084) Metaspace: 10735K(11008K)->10735K(11008K) NonClass: 9844K(9984K)->9844K(9984K) Class: 891K(1024K)->891K(1024K)
[150.366s][info][gc             ] GC(1084) Pause Young (Allocation Failure) 861M->659M(926M) 40.806ms
[150.366s][info][gc,cpu         ] GC(1084) User=0.19s Sys=0.00s Real=0.04s
[150.597s][info][gc,start       ] GC(1085) Pause Young (Allocation Failure)
[150.631s][info][gc,heap        ] GC(1085) PSYoungGen: 248810K(248832K)->74634K(269312K) Eden: 194560K(194560K)->0K(194560K) From: 54250K(54272K)->74634K(74752K)
[150.631s][info][gc,heap        ] GC(1085) ParOldGen: 621218K(699392K)->624994K(699392K)
[150.631s][info][gc,metaspace   ] GC(1085) Metaspace: 10735K(11008K)->10735K(11008K) NonClass: 9844K(9984K)->9844K(9984K) Class: 891K(1024K)->891K(1024K)
[150.631s][info][gc             ] GC(1085) Pause Young (Allocation Failure) 849M->683M(946M) 33.837ms
[150.631s][info][gc,cpu         ] GC(1085) User=0.19s Sys=0.00s Real=0.03s
[150.861s][info][gc,start       ] GC(1086) Pause Young (Allocation Failure)
[150.901s][info][gc,heap        ] GC(1086) PSYoungGen: 269194K(269312K)->79850K(236544K) Eden: 194560K(194560K)->0K(156672K) From: 74634K(74752K)->79850K(79872K)
[150.901s][info][gc,heap        ] GC(1086) ParOldGen: 624994K(699392K)->642906K(699392K)
[150.901s][info][gc,metaspace   ] GC(1086) Metaspace: 10735K(11008K)->10735K(11008K) NonClass: 9844K(9984K)->9844K(9984K) Class: 891K(1024K)->891K(1024K)
[150.901s][info][gc             ] GC(1086) Pause Young (Allocation Failure) 873M->705M(914M) 39.993ms
[150.901s][info][gc,cpu         ] GC(1086) User=0.28s Sys=0.00s Real=0.04s
[151.087s][info][gc,start       ] GC(1087) Pause Young (Allocation Failure)
[151.123s][info][gc,heap        ] GC(1087) PSYoungGen: 236522K(236544K)->95370K(252416K) Eden: 156672K(156672K)->0K(156672K) From: 79850K(79872K)->95370K(95744K)
[151.123s][info][gc,heap        ] GC(1087) ParOldGen: 642906K(699392K)->646490K(699392K)
[151.123s][info][gc,metaspace   ] GC(1087) Metaspace: 10735K(11008K)->10735K(11008K) NonClass: 9844K(9984K)->9844K(9984K) Class: 891K(1024K)->891K(1024K)
[151.123s][info][gc             ] GC(1087) Pause Young (Allocation Failure) 858M->724M(929M) 36.466ms
[151.123s][info][gc,cpu         ] GC(1087) User=0.22s Sys=0.00s Real=0.04s
[151.310s][info][gc,start       ] GC(1088) Pause Young (Allocation Failure)
[151.351s][info][gc,heap        ] GC(1088) PSYoungGen: 252042K(252416K)->96746K(213504K) Eden: 156672K(156672K)->0K(116736K) From: 95370K(95744K)->96746K(96768K)
[151.351s][info][gc,heap        ] GC(1088) ParOldGen: 646490K(699392K)->663650K(699392K)
[151.351s][info][gc,metaspace   ] GC(1088) Metaspace: 10735K(11008K)->10735K(11008K) NonClass: 9844K(9984K)->9844K(9984K) Class: 891K(1024K)->891K(1024K)
[151.351s][info][gc             ] GC(1088) Pause Young (Allocation Failure) 877M->742M(891M) 40.384ms
[151.351s][info][gc,cpu         ] GC(1088) User=0.19s Sys=0.00s Real=0.04s
[151.476s][info][gc,start       ] GC(1089) Pause Young (Allocation Failure)
[151.511s][info][gc,heap        ] GC(1089) PSYoungGen: 213482K(213504K)->100607K(232960K) Eden: 116736K(116736K)->0K(116736K) From: 96746K(96768K)->100607K(116224K)
[151.511s][info][gc,heap        ] GC(1089) ParOldGen: 663650K(699392K)->667842K(699392K)
[151.511s][info][gc,metaspace   ] GC(1089) Metaspace: 10735K(11008K)->10735K(11008K) NonClass: 9844K(9984K)->9844K(9984K) Class: 891K(1024K)->891K(1024K)
[151.511s][info][gc             ] GC(1089) Pause Young (Allocation Failure) 856M->750M(910M) 34.443ms
[151.511s][info][gc,cpu         ] GC(1089) User=0.28s Sys=0.00s Real=0.05s
[151.694s][info][gc,start       ] GC(1090) Pause Young (Allocation Failure)
[151.726s][info][gc,heap        ] GC(1090) PSYoungGen: 217343K(232960K)->102048K(232960K) Eden: 116736K(116736K)->0K(116736K) From: 100607K(116224K)->102048K(116224K)
[151.727s][info][gc,heap        ] GC(1090) ParOldGen: 667842K(699392K)->672202K(699392K)
[151.727s][info][gc,metaspace   ] GC(1090) Metaspace: 10735K(11008K)->10735K(11008K) NonClass: 9844K(9984K)->9844K(9984K) Class: 891K(1024K)->891K(1024K)
[151.727s][info][gc             ] GC(1090) Pause Young (Allocation Failure) 864M->756M(910M) 32.378ms
[151.727s][info][gc,cpu         ] GC(1090) User=0.19s Sys=0.00s Real=0.04s
[151.894s][info][gc,start       ] GC(1091) Pause Young (Allocation Failure)
[151.919s][info][gc,heap        ] GC(1091) PSYoungGen: 218784K(232960K)->90272K(232960K) Eden: 116736K(116736K)->0K(116736K) From: 102048K(116224K)->90272K(116224K)
[151.919s][info][gc,heap        ] GC(1091) ParOldGen: 672202K(699392K)->678922K(699392K)
[151.919s][info][gc,metaspace   ] GC(1091) Metaspace: 10735K(11008K)->10735K(11008K) NonClass: 9844K(9984K)->9844K(9984K) Class: 891K(1024K)->891K(1024K)
[151.919s][info][gc             ] GC(1091) Pause Young (Allocation Failure) 870M->751M(910M) 25.058ms
[151.919s][info][gc,cpu         ] GC(1091) User=0.11s Sys=0.00s Real=0.03s
[152.114s][info][gc,start       ] GC(1092) Pause Full (Ergonomics)
[152.114s][info][gc,phases,start] GC(1092) Marking Phase
[152.263s][info][gc,phases      ] GC(1092) Marking Phase 148.354ms
[152.263s][info][gc,phases,start] GC(1092) Summary Phase
[152.263s][info][gc,phases      ] GC(1092) Summary Phase 0.024ms
[152.263s][info][gc,phases,start] GC(1092) Adjust Roots
[152.267s][info][gc,phases      ] GC(1092) Adjust Roots 3.747ms
[152.267s][info][gc,phases,start] GC(1092) Compaction Phase
[152.500s][info][gc,phases      ] GC(1092) Compaction Phase 232.959ms
[152.500s][info][gc,phases,start] GC(1092) Post Compact
[152.501s][info][gc,phases      ] GC(1092) Post Compact 1.590ms
[152.501s][info][gc,heap        ] GC(1092) PSYoungGen: 207008K(232960K)->0K(232960K) Eden: 116736K(116736K)->0K(116736K) From: 90272K(116224K)->0K(116224K)
[152.501s][info][gc,heap        ] GC(1092) ParOldGen: 678922K(699392K)->669223K(699392K)
[152.501s][info][gc,metaspace   ] GC(1092) Metaspace: 10735K(11008K)->10735K(11008K) NonClass: 9844K(9984K)->9844K(9984K) Class: 891K(1024K)->891K(1024K)
[152.501s][info][gc             ] GC(1092) Pause Full (Ergonomics) 865M->653M(910M) 387.029ms
[152.501s][info][gc,cpu         ] GC(1092) User=2.27s Sys=0.00s Real=0.39s
[152.669s][info][gc,start       ] GC(1093) Pause Young (Allocation Failure)
[152.671s][info][gc,heap        ] GC(1093) PSYoungGen: 116736K(232960K)->2624K(232960K) Eden: 116736K(116736K)->0K(116736K) From: 0K(116224K)->2624K(116224K)
[152.671s][info][gc,heap        ] GC(1093) ParOldGen: 669223K(699392K)->669223K(699392K)
[152.671s][info][gc,metaspace   ] GC(1093) Metaspace: 10735K(11008K)->10735K(11008K) NonClass: 9844K(9984K)->9844K(9984K) Class: 891K(1024K)->891K(1024K)
[152.671s][info][gc             ] GC(1093) Pause Young (Allocation Failure) 767M->656M(910M) 2.079ms
[152.671s][info][gc,cpu         ] GC(1093) User=0.00s Sys=0.00s Real=0.01s
[152.839s][info][gc,start       ] GC(1094) Pause Young (Allocation Failure)
[152.842s][info][gc,heap        ] GC(1094) PSYoungGen: 119360K(232960K)->4288K(232960K) Eden: 116736K(116736K)->0K(116736K) From: 2624K(116224K)->4288K(116224K)
[152.842s][info][gc,heap        ] GC(1094) ParOldGen: 669223K(699392K)->669223K(699392K)
[152.842s][info][gc,metaspace   ] GC(1094) Metaspace: 10735K(11008K)->10735K(11008K) NonClass: 9844K(9984K)->9844K(9984K) Class: 891K(1024K)->891K(1024K)
[152.842s][info][gc             ] GC(1094) Pause Young (Allocation Failure) 770M->657M(910M) 2.224ms
[152.842s][info][gc,cpu         ] GC(1094) User=0.00s Sys=0.00s Real=0.00s
[153.009s][info][gc,start       ] GC(1095) Pause Young (Allocation Failure)
[153.012s][info][gc,heap        ] GC(1095) PSYoungGen: 121024K(232960K)->5312K(232960K) Eden: 116736K(116736K)->0K(116736K) From: 4288K(116224K)->5312K(116224K)
[153.012s][info][gc,heap        ] GC(1095) ParOldGen: 669223K(699392K)->669223K(699392K)
[153.012s][info][gc,metaspace   ] GC(1095) Metaspace: 10735K(11008K)->10735K(11008K) NonClass: 9844K(9984K)->9844K(9984K) Class: 891K(1024K)->891K(1024K)
[153.012s][info][gc             ] GC(1095) Pause Young (Allocation Failure) 771M->658M(910M) 2.668ms
[153.012s][info][gc,cpu         ] GC(1095) User=0.00s Sys=0.02s Real=0.01s
[153.178s][info][gc,start       ] GC(1096) Pause Young (Allocation Failure)
[153.181s][info][gc,heap        ] GC(1096) PSYoungGen: 122048K(232960K)->6336K(232960K) Eden: 116736K(116736K)->0K(116736K) From: 5312K(116224K)->6336K(116224K)
[153.181s][info][gc,heap        ] GC(1096) ParOldGen: 669223K(699392K)->669223K(699392K)
[153.181s][info][gc,metaspace   ] GC(1096) Metaspace: 10735K(11008K)->10735K(11008K) NonClass: 9844K(9984K)->9844K(9984K) Class: 891K(1024K)->891K(1024K)
[153.181s][info][gc             ] GC(1096) Pause Young (Allocation Failure) 772M->659M(910M) 2.751ms
[153.181s][info][gc,cpu         ] GC(1096) User=0.00s Sys=0.00s Real=0.01s
[153.346s][info][gc,start       ] GC(1097) Pause Young (Allocation Failure)
[153.349s][info][gc,heap        ] GC(1097) PSYoungGen: 123072K(232960K)->6848K(232960K) Eden: 116736K(116736K)->0K(116736K) From: 6336K(116224K)->6848K(116224K)
[153.349s][info][gc,heap        ] GC(1097) ParOldGen: 669223K(699392K)->669223K(699392K)
[153.349s][info][gc,metaspace   ] GC(1097) Metaspace: 10735K(11008K)->10735K(11008K) NonClass: 9844K(9984K)->9844K(9984K) Class: 891K(1024K)->891K(1024K)
[153.349s][info][gc             ] GC(1097) Pause Young (Allocation Failure) 773M->660M(910M) 2.567ms
[153.349s][info][gc,cpu         ] GC(1097) User=0.00s Sys=0.00s Real=0.00s
[153.495s][info][gc,start       ] GC(1098) Pause Young (Allocation Failure)
[153.502s][info][gc,heap        ] GC(1098) PSYoungGen: 123584K(232960K)->14640K(232960K) Eden: 116736K(116736K)->0K(116736K) From: 6848K(116224K)->14640K(116224K)
[153.502s][info][gc,heap        ] GC(1098) ParOldGen: 669223K(699392K)->671695K(699392K)
[153.502s][info][gc,metaspace   ] GC(1098) Metaspace: 10735K(11008K)->10735K(11008K) NonClass: 9844K(9984K)->9844K(9984K) Class: 891K(1024K)->891K(1024K)
[153.502s][info][gc             ] GC(1098) Pause Young (Allocation Failure) 774M->670M(910M) 6.939ms
[153.502s][info][gc,cpu         ] GC(1098) User=0.00s Sys=0.00s Real=0.01s
[153.587s][info][gc,start       ] GC(1099) Pause Young (Allocation Failure)
[153.601s][info][gc,heap        ] GC(1099) PSYoungGen: 131376K(232960K)->29520K(232960K) Eden: 116736K(116736K)->0K(116736K) From: 14640K(116224K)->29520K(116224K)
[153.601s][info][gc,heap        ] GC(1099) ParOldGen: 671695K(699392K)->674231K(699392K)
[153.601s][info][gc,metaspace   ] GC(1099) Metaspace: 10735K(11008K)->10735K(11008K) NonClass: 9844K(9984K)->9844K(9984K) Class: 891K(1024K)->891K(1024K)
[153.601s][info][gc             ] GC(1099) Pause Young (Allocation Failure) 784M->687M(910M) 14.548ms
[153.601s][info][gc,cpu         ] GC(1099) User=0.09s Sys=0.00s Real=0.02s
[153.705s][info][gc,start       ] GC(1100) Pause Young (Allocation Failure)
[153.723s][info][gc,heap        ] GC(1100) PSYoungGen: 146256K(232960K)->33536K(232960K) Eden: 116736K(116736K)->0K(116736K) From: 29520K(116224K)->33536K(116224K)
[153.723s][info][gc,heap        ] GC(1100) ParOldGen: 674231K(699392K)->685919K(699392K)
[153.723s][info][gc,metaspace   ] GC(1100) Metaspace: 10735K(11008K)->10735K(11008K) NonClass: 9844K(9984K)->9844K(9984K) Class: 891K(1024K)->891K(1024K)
[153.723s][info][gc             ] GC(1100) Pause Young (Allocation Failure) 801M->702M(910M) 18.292ms
[153.723s][info][gc,cpu         ] GC(1100) User=0.09s Sys=0.00s Real=0.03s
[153.884s][info][gc,start       ] GC(1101) Pause Full (Ergonomics)
[153.884s][info][gc,phases,start] GC(1101) Marking Phase
[153.986s][info][gc,phases      ] GC(1101) Marking Phase 102.320ms
[153.986s][info][gc,phases,start] GC(1101) Summary Phase
[153.986s][info][gc,phases      ] GC(1101) Summary Phase 0.024ms
[153.986s][info][gc,phases,start] GC(1101) Adjust Roots
[153.989s][info][gc,phases      ] GC(1101) Adjust Roots 3.233ms
[153.989s][info][gc,phases,start] GC(1101) Compaction Phase
[154.066s][info][gc,phases      ] GC(1101) Compaction Phase 76.545ms
[154.066s][info][gc,phases,start] GC(1101) Post Compact
[154.067s][info][gc,phases      ] GC(1101) Post Compact 1.457ms
[154.067s][info][gc,heap        ] GC(1101) PSYoungGen: 150272K(232960K)->0K(232960K) Eden: 116736K(116736K)->0K(116736K) From: 33536K(116224K)->0K(116224K)
[154.067s][info][gc,heap        ] GC(1101) ParOldGen: 685919K(699392K)->482831K(699392K)
[154.067s][info][gc,metaspace   ] GC(1101) Metaspace: 10735K(11008K)->10735K(11008K) NonClass: 9844K(9984K)->9844K(9984K) Class: 891K(1024K)->891K(1024K)
[154.068s][info][gc             ] GC(1101) Pause Full (Ergonomics) 816M->471M(910M) 183.892ms
[154.068s][info][gc,cpu         ] GC(1101) User=1.09s Sys=0.00s Real=0.18s
[154.168s][info][gc,start       ] GC(1102) Pause Young (Allocation Failure)
[154.173s][info][gc,heap        ] GC(1102) PSYoungGen: 116736K(232960K)->9744K(232960K) Eden: 116736K(116736K)->0K(116736K) From: 0K(116224K)->9744K(116224K)
[154.173s][info][gc,heap        ] GC(1102) ParOldGen: 482831K(699392K)->482831K(699392K)
[154.173s][info][gc,metaspace   ] GC(1102) Metaspace: 10735K(11008K)->10735K(11008K) NonClass: 9844K(9984K)->9844K(9984K) Class: 891K(1024K)->891K(1024K)
[154.173s][info][gc             ] GC(1102) Pause Young (Allocation Failure) 585M->481M(910M) 4.960ms
[154.173s][info][gc,cpu         ] GC(1102) User=0.00s Sys=0.00s Real=0.01s
[154.284s][info][gc,start       ] GC(1103) Pause Young (Allocation Failure)
[154.299s][info][gc,heap        ] GC(1103) PSYoungGen: 126480K(232960K)->26474K(232960K) Eden: 116736K(116736K)->0K(116736K) From: 9744K(116224K)->26474K(116224K)
[154.300s][info][gc,heap        ] GC(1103) ParOldGen: 482831K(699392K)->492271K(699392K)
[154.300s][info][gc,metaspace   ] GC(1103) Metaspace: 10735K(11008K)->10735K(11008K) NonClass: 9844K(9984K)->9844K(9984K) Class: 891K(1024K)->891K(1024K)
[154.300s][info][gc             ] GC(1103) Pause Young (Allocation Failure) 595M->506M(910M) 15.651ms
[154.300s][info][gc,cpu         ] GC(1103) User=0.09s Sys=0.00s Real=0.02s
[154.373s][info][gc,start       ] GC(1104) Pause Young (Allocation Failure)
[154.389s][info][gc,heap        ] GC(1104) PSYoungGen: 143210K(232960K)->41994K(239616K) Eden: 116736K(116736K)->0K(124416K) From: 26474K(116224K)->41994K(115200K)
[154.389s][info][gc,heap        ] GC(1104) ParOldGen: 492271K(699392K)->492271K(699392K)
[154.389s][info][gc,metaspace   ] GC(1104) Metaspace: 10735K(11008K)->10735K(11008K) NonClass: 9844K(9984K)->9844K(9984K) Class: 891K(1024K)->891K(1024K)
[154.389s][info][gc             ] GC(1104) Pause Young (Allocation Failure) 620M->521M(917M) 16.344ms
[154.389s][info][gc,cpu         ] GC(1104) User=0.09s Sys=0.00s Real=0.02s
[154.465s][info][gc,start       ] GC(1105) Pause Young (Allocation Failure)
[154.485s][info][gc,heap        ] GC(1105) PSYoungGen: 166410K(239616K)->56490K(233984K) Eden: 124416K(124416K)->0K(124416K) From: 41994K(115200K)->56490K(109568K)
[154.485s][info][gc,heap        ] GC(1105) ParOldGen: 492271K(699392K)->492271K(699392K)
[154.485s][info][gc,metaspace   ] GC(1105) Metaspace: 10735K(11008K)->10735K(11008K) NonClass: 9844K(9984K)->9844K(9984K) Class: 891K(1024K)->891K(1024K)
[154.485s][info][gc             ] GC(1105) Pause Young (Allocation Failure) 643M->535M(911M) 19.991ms
[154.485s][info][gc,cpu         ] GC(1105) User=0.09s Sys=0.00s Real=0.02s
[154.561s][info][gc,start       ] GC(1106) Pause Young (Allocation Failure)
[154.584s][info][gc,heap        ] GC(1106) PSYoungGen: 180906K(233984K)->71018K(229888K) Eden: 124416K(124416K)->0K(120832K) From: 56490K(109568K)->71018K(109056K)
[154.584s][info][gc,heap        ] GC(1106) ParOldGen: 492271K(699392K)->492271K(699392K)
[154.584s][info][gc,metaspace   ] GC(1106) Metaspace: 10735K(11008K)->10735K(11008K) NonClass: 9844K(9984K)->9844K(9984K) Class: 891K(1024K)->891K(1024K)
[154.584s][info][gc             ] GC(1106) Pause Young (Allocation Failure) 657M->550M(907M) 23.494ms
[154.584s][info][gc,cpu         ] GC(1106) User=0.09s Sys=0.00s Real=0.04s
[154.662s][info][gc,start       ] GC(1107) Pause Young (Allocation Failure)
[154.687s][info][gc,heap        ] GC(1107) PSYoungGen: 191850K(229888K)->84714K(205824K) Eden: 120832K(120832K)->0K(120832K) From: 71018K(109056K)->84714K(84992K)
[154.687s][info][gc,heap        ] GC(1107) ParOldGen: 492271K(699392K)->492271K(699392K)
[154.687s][info][gc,metaspace   ] GC(1107) Metaspace: 10735K(11008K)->10735K(11008K) NonClass: 9844K(9984K)->9844K(9984K) Class: 891K(1024K)->891K(1024K)
[154.687s][info][gc             ] GC(1107) Pause Young (Allocation Failure) 668M->563M(884M) 25.399ms
[154.687s][info][gc,cpu         ] GC(1107) User=0.19s Sys=0.00s Real=0.03s
[154.797s][info][gc,start       ] GC(1108) Pause Young (Allocation Failure)
[154.828s][info][gc,heap        ] GC(1108) PSYoungGen: 205546K(205824K)->59648K(232960K) Eden: 120832K(120832K)->0K(116736K) From: 84714K(84992K)->59648K(116224K)
[154.828s][info][gc,heap        ] GC(1108) ParOldGen: 492271K(699392K)->531313K(699392K)
[154.828s][info][gc,metaspace   ] GC(1108) Metaspace: 10735K(11008K)->10735K(11008K) NonClass: 9844K(9984K)->9844K(9984K) Class: 891K(1024K)->891K(1024K)
[154.828s][info][gc             ] GC(1108) Pause Young (Allocation Failure) 681M->577M(910M) 31.075ms
[154.828s][info][gc,cpu         ] GC(1108) User=0.19s Sys=0.00s Real=0.04s
[154.935s][info][gc,start       ] GC(1109) Pause Young (Allocation Failure)
[154.961s][info][gc,heap        ] GC(1109) PSYoungGen: 176384K(232960K)->44096K(232960K) Eden: 116736K(116736K)->0K(116736K) From: 59648K(116224K)->44096K(116224K)
[154.961s][info][gc,heap        ] GC(1109) ParOldGen: 531313K(699392K)->560305K(699392K)
[154.961s][info][gc,metaspace   ] GC(1109) Metaspace: 10735K(11008K)->10735K(11008K) NonClass: 9844K(9984K)->9844K(9984K) Class: 891K(1024K)->891K(1024K)
[154.961s][info][gc             ] GC(1109) Pause Young (Allocation Failure) 691M->590M(910M) 26.621ms
[154.961s][info][gc,cpu         ] GC(1109) User=0.09s Sys=0.00s Real=0.03s
[155.066s][info][gc,start       ] GC(1110) Pause Young (Allocation Failure)
[155.088s][info][gc,heap        ] GC(1110) PSYoungGen: 160832K(232960K)->43904K(241664K) Eden: 116736K(116736K)->0K(128512K) From: 44096K(116224K)->43904K(113152K)
[155.088s][info][gc,heap        ] GC(1110) ParOldGen: 560305K(699392K)->574633K(699392K)
[155.088s][info][gc,metaspace   ] GC(1110) Metaspace: 10735K(11008K)->10735K(11008K) NonClass: 9844K(9984K)->9844K(9984K) Class: 891K(1024K)->891K(1024K)
[155.088s][info][gc             ] GC(1110) Pause Young (Allocation Failure) 704M->604M(919M) 21.175ms
[155.088s][info][gc,cpu         ] GC(1110) User=0.19s Sys=0.00s Real=0.02s
[155.200s][info][gc,start       ] GC(1111) Pause Young (Allocation Failure)
[155.221s][info][gc,heap        ] GC(1111) PSYoungGen: 172416K(241664K)->44736K(236032K) Eden: 128512K(128512K)->0K(128512K) From: 43904K(113152K)->44736K(107520K)
[155.221s][info][gc,heap        ] GC(1111) ParOldGen: 574633K(699392K)->589257K(699392K)
[155.221s][info][gc,metaspace   ] GC(1111) Metaspace: 10735K(11008K)->10735K(11008K) NonClass: 9844K(9984K)->9844K(9984K) Class: 891K(1024K)->891K(1024K)
[155.221s][info][gc             ] GC(1111) Pause Young (Allocation Failure) 729M->619M(913M) 21.279ms
[155.221s][info][gc,cpu         ] GC(1111) User=0.08s Sys=0.00s Real=0.02s
[155.486s][info][gc,start       ] GC(1112) Pause Young (Allocation Failure)
[155.502s][info][gc,heap        ] GC(1112) PSYoungGen: 173248K(236032K)->37344K(251392K) Eden: 128512K(128512K)->0K(149504K) From: 44736K(107520K)->37344K(101888K)
[155.502s][info][gc,heap        ] GC(1112) ParOldGen: 589257K(699392K)->603385K(699392K)
[155.502s][info][gc,metaspace   ] GC(1112) Metaspace: 10735K(11008K)->10735K(11008K) NonClass: 9844K(9984K)->9844K(9984K) Class: 891K(1024K)->891K(1024K)
[155.502s][info][gc             ] GC(1112) Pause Young (Allocation Failure) 744M->625M(928M) 15.233ms
[155.502s][info][gc,cpu         ] GC(1112) User=0.09s Sys=0.00s Real=0.02s
[155.615s][info][gc,start       ] GC(1113) Pause Young (Allocation Failure)
[155.625s][info][gc,heap        ] GC(1113) PSYoungGen: 186848K(251392K)->38784K(247296K) Eden: 149504K(149504K)->0K(149504K) From: 37344K(101888K)->38784K(97792K)
[155.625s][info][gc,heap        ] GC(1113) ParOldGen: 603385K(699392K)->603385K(699392K)
[155.625s][info][gc,metaspace   ] GC(1113) Metaspace: 10735K(11008K)->10735K(11008K) NonClass: 9844K(9984K)->9844K(9984K) Class: 891K(1024K)->891K(1024K)
[155.625s][info][gc             ] GC(1113) Pause Young (Allocation Failure) 771M->627M(924M) 10.273ms
[155.625s][info][gc,cpu         ] GC(1113) User=0.09s Sys=0.00s Real=0.01s
[155.736s][info][gc,start       ] GC(1114) Pause Young (Allocation Failure)
[155.745s][info][gc,heap        ] GC(1114) PSYoungGen: 188288K(247296K)->33312K(258048K) Eden: 149504K(149504K)->0K(163840K) From: 38784K(97792K)->33312K(94208K)
[155.745s][info][gc,heap        ] GC(1114) ParOldGen: 603385K(699392K)->603385K(699392K)
[155.745s][info][gc,metaspace   ] GC(1114) Metaspace: 10735K(11008K)->10735K(11008K) NonClass: 9844K(9984K)->9844K(9984K) Class: 891K(1024K)->891K(1024K)
[155.745s][info][gc             ] GC(1114) Pause Young (Allocation Failure) 773M->621M(935M) 9.270ms
[155.745s][info][gc,cpu         ] GC(1114) User=0.09s Sys=0.00s Real=0.02s
[156.215s][info][gc,heap,exit   ] Heap
[156.216s][info][gc,heap,exit   ]  PSYoungGen      total 258048K, used 92284K [0x00000000eab00000, 0x0000000100000000, 0x0000000100000000)
[156.216s][info][gc,heap,exit   ]   eden space 163840K, 35% used [0x00000000eab00000,0x00000000ee497158,0x00000000f4b00000)
[156.216s][info][gc,heap,exit   ]   from space 94208K, 35% used [0x00000000fa400000,0x00000000fc488000,0x0000000100000000)
[156.216s][info][gc,heap,exit   ]   to   space 91136K, 0% used [0x00000000f4b00000,0x00000000f4b00000,0x00000000fa400000)
[156.216s][info][gc,heap,exit   ]  ParOldGen       total 699392K, used 603385K [0x00000000c0000000, 0x00000000eab00000, 0x00000000eab00000)
[156.216s][info][gc,heap,exit   ]   object space 699392K, 86% used [0x00000000c0000000,0x00000000e4d3e790,0x00000000eab00000)
[156.216s][info][gc,heap,exit   ]  Metaspace       used 10799K, committed 11072K, reserved 1114112K
[156.216s][info][gc,heap,exit   ]   class space    used 900K, committed 1024K, reserved 1048576K
