[0.007s][info][gc,heap] Heap region size: 4M
[0.093s][info][gc     ] Using G1
[0.093s][info][gc,heap,coops] Heap address: 0x0000000600000000, size: 8192 MB, Compressed Oops mode: Zero based, Oop shift amount: 3
[2.021s][info][gc,start     ] GC(0) Pause Young (Concurrent Start) (Metadata GC Threshold)
[2.021s][info][gc,task      ] GC(0) Using 6 workers of 6 for evacuation
[2.027s][info][gc,phases    ] GC(0)   Pre Evacuate Collection Set: 0.0ms
[2.027s][info][gc,phases    ] GC(0)   Evacuate Collection Set: 4.5ms
[2.027s][info][gc,phases    ] GC(0)   Post Evacuate Collection Set: 0.6ms
[2.027s][info][gc,phases    ] GC(0)   Other: 0.5ms
[2.029s][info][gc,heap      ] GC(0) Eden regions: 11->0(100)
[2.029s][info][gc,heap      ] GC(0) Survivor regions: 0->2(13)
[2.029s][info][gc,heap      ] GC(0) Old regions: 0->0
[2.029s][info][gc,heap      ] GC(0) Humongous regions: 0->0
[2.029s][info][gc,metaspace ] GC(0) Metaspace: 20581K(21248K)->20581K(21248K) NonClass: 18108K(18432K)->18108K(18432K) Class: 2473K(2816K)->2473K(2816K)
[2.029s][info][gc           ] GC(0) Pause Young (Concurrent Start) (Metadata GC Threshold) 44M->5M(8192M) 8.146ms
[2.029s][info][gc,cpu       ] GC(0) User=0.02s Sys=0.00s Real=0.01s
[2.029s][info][gc           ] GC(1) Concurrent Cycle
[2.029s][info][gc,marking   ] GC(1) Concurrent Clear Claimed Marks
[2.029s][info][gc,marking   ] GC(1) Concurrent Clear Claimed Marks 0.032ms
[2.029s][info][gc,marking   ] GC(1) Concurrent Scan Root Regions
[2.031s][info][gc,marking   ] GC(1) Concurrent Scan Root Regions 1.781ms
[2.031s][info][gc,marking   ] GC(1) Concurrent Mark (2.031s)
[2.031s][info][gc,marking   ] GC(1) Concurrent Mark From Roots
[2.031s][info][gc,task      ] GC(1) Using 2 workers of 2 for marking
[2.033s][info][gc,marking   ] GC(1) Concurrent Mark From Roots 1.479ms
[2.033s][info][gc,marking   ] GC(1) Concurrent Preclean
[2.033s][info][gc,marking   ] GC(1) Concurrent Preclean 0.031ms
[2.033s][info][gc,marking   ] GC(1) Concurrent Mark (2.031s, 2.033s) 1.550ms
[2.033s][info][gc,start     ] GC(1) Pause Remark
[2.035s][info][gc,stringtable] GC(1) Cleaned string and symbol table, strings: 5621 processed, 0 removed, symbols: 53428 processed, 7 removed
[2.035s][info][gc            ] GC(1) Pause Remark 7M->7M(8192M) 1.934ms
[2.035s][info][gc,cpu        ] GC(1) User=0.00s Sys=0.00s Real=0.00s
[2.035s][info][gc,marking    ] GC(1) Concurrent Rebuild Remembered Sets
[2.035s][info][gc,marking    ] GC(1) Concurrent Rebuild Remembered Sets 0.133ms
[2.035s][info][gc,start      ] GC(1) Pause Cleanup
[2.035s][info][gc            ] GC(1) Pause Cleanup 7M->7M(8192M) 0.141ms
[2.035s][info][gc,cpu        ] GC(1) User=0.00s Sys=0.00s Real=0.00s
[2.035s][info][gc,marking    ] GC(1) Concurrent Cleanup for Next Mark
[2.062s][info][gc,marking    ] GC(1) Concurrent Cleanup for Next Mark 26.734ms
[2.062s][info][gc            ] GC(1) Concurrent Cycle 32.796ms
[4.910s][info][gc,start      ] GC(2) Pause Young (Concurrent Start) (Metadata GC Threshold)
[4.910s][info][gc,task       ] GC(2) Using 6 workers of 6 for evacuation
[4.918s][info][gc,phases     ] GC(2)   Pre Evacuate Collection Set: 0.1ms
[4.918s][info][gc,phases     ] GC(2)   Evacuate Collection Set: 7.1ms
[4.918s][info][gc,phases     ] GC(2)   Post Evacuate Collection Set: 0.7ms
[4.918s][info][gc,phases     ] GC(2)   Other: 0.2ms
[4.918s][info][gc,heap       ] GC(2) Eden regions: 18->0(99)
[4.918s][info][gc,heap       ] GC(2) Survivor regions: 2->3(13)
[4.918s][info][gc,heap       ] GC(2) Old regions: 0->0
[4.918s][info][gc,heap       ] GC(2) Humongous regions: 0->0
[4.918s][info][gc,metaspace  ] GC(2) Metaspace: 34833K(35840K)->34833K(35840K) NonClass: 30427K(30976K)->30427K(30976K) Class: 4405K(4864K)->4405K(4864K)
[4.918s][info][gc            ] GC(2) Pause Young (Concurrent Start) (Metadata GC Threshold) 77M->9M(8192M) 8.099ms
[4.918s][info][gc,cpu        ] GC(2) User=0.00s Sys=0.00s Real=0.02s
[4.918s][info][gc            ] GC(3) Concurrent Cycle
[4.918s][info][gc,marking    ] GC(3) Concurrent Clear Claimed Marks
[4.918s][info][gc,marking    ] GC(3) Concurrent Clear Claimed Marks 0.027ms
[4.918s][info][gc,marking    ] GC(3) Concurrent Scan Root Regions
[4.920s][info][gc,marking    ] GC(3) Concurrent Scan Root Regions 1.831ms
[4.920s][info][gc,marking    ] GC(3) Concurrent Mark (4.920s)
[4.920s][info][gc,marking    ] GC(3) Concurrent Mark From Roots
[4.920s][info][gc,task       ] GC(3) Using 2 workers of 2 for marking
[4.922s][info][gc,marking    ] GC(3) Concurrent Mark From Roots 2.292ms
[4.922s][info][gc,marking    ] GC(3) Concurrent Preclean
[4.922s][info][gc,marking    ] GC(3) Concurrent Preclean 0.031ms
[4.922s][info][gc,marking    ] GC(3) Concurrent Mark (4.920s, 4.922s) 2.356ms
[4.922s][info][gc,start      ] GC(3) Pause Remark
[4.924s][info][gc,stringtable] GC(3) Cleaned string and symbol table, strings: 8646 processed, 0 removed, symbols: 84146 processed, 28 removed
[4.924s][info][gc            ] GC(3) Pause Remark 11M->11M(8192M) 1.957ms
[4.924s][info][gc,cpu        ] GC(3) User=0.00s Sys=0.00s Real=0.00s
[4.924s][info][gc,marking    ] GC(3) Concurrent Rebuild Remembered Sets
[4.925s][info][gc,marking    ] GC(3) Concurrent Rebuild Remembered Sets 0.124ms
[4.925s][info][gc,start      ] GC(3) Pause Cleanup
[4.925s][info][gc            ] GC(3) Pause Cleanup 11M->11M(8192M) 0.112ms
[4.925s][info][gc,cpu        ] GC(3) User=0.00s Sys=0.00s Real=0.00s
[4.925s][info][gc,marking    ] GC(3) Concurrent Cleanup for Next Mark
[4.953s][info][gc,marking    ] GC(3) Concurrent Cleanup for Next Mark 28.583ms
[4.954s][info][gc            ] GC(3) Concurrent Cycle 35.508ms
[6.396s][info][gc,task       ] GC(4) Using 6 workers of 6 for full compaction
[6.396s][info][gc,start      ] GC(4) Pause Full (System.gc())
[6.396s][info][gc,phases,start] GC(4) Phase 1: Mark live objects
[6.403s][info][gc,stringtable ] GC(4) Cleaned string and symbol table, strings: 13824 processed, 105 removed, symbols: 119381 processed, 24 removed
[6.403s][info][gc,phases      ] GC(4) Phase 1: Mark live objects 6.804ms
[6.403s][info][gc,phases,start] GC(4) Phase 2: Prepare for compaction
[6.409s][info][gc,phases      ] GC(4) Phase 2: Prepare for compaction 6.312ms
[6.409s][info][gc,phases,start] GC(4) Phase 3: Adjust pointers
[6.414s][info][gc,phases      ] GC(4) Phase 3: Adjust pointers 4.425ms
[6.414s][info][gc,phases,start] GC(4) Phase 4: Compact heap
[6.419s][info][gc,phases      ] GC(4) Phase 4: Compact heap 4.610ms
[6.421s][info][gc,heap        ] GC(4) Eden regions: 27->0(102)
[6.421s][info][gc,heap        ] GC(4) Survivor regions: 3->0(13)
[6.421s][info][gc,heap        ] GC(4) Old regions: 0->7
[6.421s][info][gc,heap        ] GC(4) Humongous regions: 0->0
[6.421s][info][gc,metaspace   ] GC(4) Metaspace: 54879K(56960K)->54879K(56960K) NonClass: 47370K(48384K)->47370K(48384K) Class: 7509K(8576K)->7509K(8576K)
[6.421s][info][gc             ] GC(4) Pause Full (System.gc()) 115M->16M(8192M) 25.159ms
[6.421s][info][gc,cpu         ] GC(4) User=0.02s Sys=0.00s Real=0.02s
[9.813s][info][gc,start       ] GC(5) Pause Young (Normal) (G1 Evacuation Pause)
[9.813s][info][gc,task        ] GC(5) Using 6 workers of 6 for evacuation
[9.820s][info][gc,phases      ] GC(5)   Pre Evacuate Collection Set: 0.0ms
[9.820s][info][gc,phases      ] GC(5)   Evacuate Collection Set: 6.4ms
[9.820s][info][gc,phases      ] GC(5)   Post Evacuate Collection Set: 0.8ms
[9.820s][info][gc,phases      ] GC(5)   Other: 0.3ms
[9.820s][info][gc,heap        ] GC(5) Eden regions: 102->0(99)
[9.820s][info][gc,heap        ] GC(5) Survivor regions: 0->3(13)
[9.820s][info][gc,heap        ] GC(5) Old regions: 7->7
[9.820s][info][gc,heap        ] GC(5) Humongous regions: 0->0
[9.820s][info][gc,metaspace   ] GC(5) Metaspace: 60569K(63232K)->60569K(63232K) NonClass: 52583K(54016K)->52583K(54016K) Class: 7986K(9216K)->7986K(9216K)
[9.820s][info][gc             ] GC(5) Pause Young (Normal) (G1 Evacuation Pause) 424M->25M(8192M) 7.589ms
[9.820s][info][gc,cpu         ] GC(5) User=0.00s Sys=0.00s Real=0.00s
[11.429s][info][gc,start       ] GC(6) Pause Young (Normal) (G1 Evacuation Pause)
[11.429s][info][gc,task        ] GC(6) Using 6 workers of 6 for evacuation
[11.437s][info][gc,phases      ] GC(6)   Pre Evacuate Collection Set: 0.0ms
[11.437s][info][gc,phases      ] GC(6)   Evacuate Collection Set: 7.0ms
[11.437s][info][gc,phases      ] GC(6)   Post Evacuate Collection Set: 0.7ms
[11.437s][info][gc,phases      ] GC(6)   Other: 0.3ms
[11.437s][info][gc,heap        ] GC(6) Eden regions: 99->0(139)
[11.437s][info][gc,heap        ] GC(6) Survivor regions: 3->3(13)
[11.437s][info][gc,heap        ] GC(6) Old regions: 7->7
[11.437s][info][gc,heap        ] GC(6) Humongous regions: 0->0
[11.437s][info][gc,metaspace   ] GC(6) Metaspace: 60681K(63232K)->60681K(63232K) NonClass: 52691K(54016K)->52691K(54016K) Class: 7990K(9216K)->7990K(9216K)
[11.437s][info][gc             ] GC(6) Pause Young (Normal) (G1 Evacuation Pause) 421M->26M(8192M) 8.176ms
[11.437s][info][gc,cpu         ] GC(6) User=0.00s Sys=0.00s Real=0.00s
[13.293s][info][gc,start       ] GC(7) Pause Young (Normal) (G1 Evacuation Pause)
[13.293s][info][gc,task        ] GC(7) Using 6 workers of 6 for evacuation
[13.299s][info][gc,phases      ] GC(7)   Pre Evacuate Collection Set: 0.0ms
[13.299s][info][gc,phases      ] GC(7)   Evacuate Collection Set: 5.1ms
[13.299s][info][gc,phases      ] GC(7)   Post Evacuate Collection Set: 0.6ms
[13.299s][info][gc,phases      ] GC(7)   Other: 0.2ms
[13.299s][info][gc,heap        ] GC(7) Eden regions: 139->0(174)
[13.299s][info][gc,heap        ] GC(7) Survivor regions: 3->3(18)
[13.299s][info][gc,heap        ] GC(7) Old regions: 7->7
[13.299s][info][gc,heap        ] GC(7) Humongous regions: 0->0
[13.299s][info][gc,metaspace   ] GC(7) Metaspace: 60826K(63488K)->60826K(63488K) NonClass: 52815K(54272K)->52815K(54272K) Class: 8010K(9216K)->8010K(9216K)
[13.299s][info][gc             ] GC(7) Pause Young (Normal) (G1 Evacuation Pause) 582M->25M(8192M) 6.044ms
[13.299s][info][gc,cpu         ] GC(7) User=0.00s Sys=0.00s Real=0.00s
[15.009s][info][gc,start       ] GC(8) Pause Young (Normal) (G1 Evacuation Pause)
[15.009s][info][gc,task        ] GC(8) Using 6 workers of 6 for evacuation
[15.016s][info][gc,phases      ] GC(8)   Pre Evacuate Collection Set: 0.0ms
[15.016s][info][gc,phases      ] GC(8)   Evacuate Collection Set: 5.7ms
[15.016s][info][gc,phases      ] GC(8)   Post Evacuate Collection Set: 0.7ms
[15.016s][info][gc,phases      ] GC(8)   Other: 0.2ms
[15.016s][info][gc,heap        ] GC(8) Eden regions: 172->0(230)
[15.016s][info][gc,heap        ] GC(8) Survivor regions: 3->3(22)
[15.016s][info][gc,heap        ] GC(8) Old regions: 7->7
[15.016s][info][gc,heap        ] GC(8) Humongous regions: 0->0
[15.016s][info][gc,metaspace   ] GC(8) Metaspace: 60866K(63488K)->60866K(63488K) NonClass: 52854K(54272K)->52854K(54272K) Class: 8011K(9216K)->8011K(9216K)
[15.016s][info][gc             ] GC(8) Pause Young (Normal) (G1 Evacuation Pause) 713M->25M(8192M) 6.889ms
[15.016s][info][gc,cpu         ] GC(8) User=0.02s Sys=0.00s Real=0.00s
[16.650s][info][gc,task        ] GC(9) Using 6 workers of 6 for full compaction
[16.650s][info][gc,start       ] GC(9) Pause Full (System.gc())
[16.651s][info][gc,phases,start] GC(9) Phase 1: Mark live objects
[16.670s][info][gc,stringtable ] GC(9) Cleaned string and symbol table, strings: 15804 processed, 15 removed, symbols: 124447 processed, 2 removed
[16.670s][info][gc,phases      ] GC(9) Phase 1: Mark live objects 18.852ms
[16.670s][info][gc,phases,start] GC(9) Phase 2: Prepare for compaction
[16.677s][info][gc,phases      ] GC(9) Phase 2: Prepare for compaction 7.465ms
[16.677s][info][gc,phases,start] GC(9) Phase 3: Adjust pointers
[16.687s][info][gc,phases      ] GC(9) Phase 3: Adjust pointers 9.500ms
[16.687s][info][gc,phases,start] GC(9) Phase 4: Compact heap
[16.692s][info][gc,phases      ] GC(9) Phase 4: Compact heap 5.089ms
[16.699s][info][gc,heap        ] GC(9) Eden regions: 210->0(236)
[16.699s][info][gc,heap        ] GC(9) Survivor regions: 3->0(22)
[16.699s][info][gc,heap        ] GC(9) Old regions: 7->9
[16.699s][info][gc,heap        ] GC(9) Humongous regions: 0->0
[16.699s][info][gc,metaspace   ] GC(9) Metaspace: 61160K(63744K)->60925K(63744K) NonClass: 53109K(54528K)->52946K(54528K) Class: 8050K(9216K)->7978K(9216K)
[16.699s][info][gc             ] GC(9) Pause Full (System.gc()) 865M->21M(8192M) 49.174ms
[16.700s][info][gc,cpu         ] GC(9) User=0.03s Sys=0.00s Real=0.05s
[18.294s][info][gc,start       ] GC(10) Pause Young (Normal) (G1 Evacuation Pause)
[18.294s][info][gc,task        ] GC(10) Using 6 workers of 6 for evacuation
[18.299s][info][gc,phases      ] GC(10)   Pre Evacuate Collection Set: 0.0ms
[18.299s][info][gc,phases      ] GC(10)   Evacuate Collection Set: 4.0ms
[18.299s][info][gc,phases      ] GC(10)   Post Evacuate Collection Set: 0.6ms
[18.299s][info][gc,phases      ] GC(10)   Other: 0.3ms
[18.299s][info][gc,heap        ] GC(10) Eden regions: 236->0(1226)
[18.299s][info][gc,heap        ] GC(10) Survivor regions: 0->2(30)
[18.299s][info][gc,heap        ] GC(10) Old regions: 9->9
[18.299s][info][gc,heap        ] GC(10) Humongous regions: 0->0
[18.299s][info][gc,metaspace   ] GC(10) Metaspace: 61341K(64000K)->61341K(64000K) NonClass: 53353K(54784K)->53353K(54784K) Class: 7988K(9216K)->7988K(9216K)
[18.299s][info][gc             ] GC(10) Pause Young (Normal) (G1 Evacuation Pause) 965M->28M(8192M) 4.959ms
[18.299s][info][gc,cpu         ] GC(10) User=0.00s Sys=0.00s Real=0.00s
[20.856s][info][gc,task        ] GC(11) Using 6 workers of 6 for full compaction
[20.856s][info][gc,start       ] GC(11) Pause Full (System.gc())
[20.857s][info][gc,phases,start] GC(11) Phase 1: Mark live objects
[20.876s][info][gc,stringtable ] GC(11) Cleaned string and symbol table, strings: 15928 processed, 10 removed, symbols: 124466 processed, 30 removed
[20.876s][info][gc,phases      ] GC(11) Phase 1: Mark live objects 19.178ms
[20.876s][info][gc,phases,start] GC(11) Phase 2: Prepare for compaction
[20.883s][info][gc,phases      ] GC(11) Phase 2: Prepare for compaction 6.941ms
[20.883s][info][gc,phases,start] GC(11) Phase 3: Adjust pointers
[20.893s][info][gc,phases      ] GC(11) Phase 3: Adjust pointers 10.284ms
[20.894s][info][gc,phases,start] GC(11) Phase 4: Compact heap
[20.900s][info][gc,phases      ] GC(11) Phase 4: Compact heap 6.001ms
[20.908s][info][gc,heap        ] GC(11) Eden regions: 452->0(1228)
[20.908s][info][gc,heap        ] GC(11) Survivor regions: 2->0(30)
[20.908s][info][gc,heap        ] GC(11) Old regions: 9->9
[20.908s][info][gc,heap        ] GC(11) Humongous regions: 0->0
[20.908s][info][gc,metaspace   ] GC(11) Metaspace: 61457K(64000K)->61437K(64000K) NonClass: 53468K(54784K)->53454K(54784K) Class: 7988K(9216K)->7982K(9216K)
[20.908s][info][gc             ] GC(11) Pause Full (System.gc()) 1836M->22M(8192M) 52.402ms
[20.909s][info][gc,cpu         ] GC(11) User=0.03s Sys=0.00s Real=0.05s
[24.718s][info][gc,task        ] GC(12) Using 6 workers of 6 for full compaction
[24.718s][info][gc,start       ] GC(12) Pause Full (System.gc())
[24.719s][info][gc,phases,start] GC(12) Phase 1: Mark live objects
[24.730s][info][gc,stringtable ] GC(12) Cleaned string and symbol table, strings: 15983 processed, 9 removed, symbols: 124436 processed, 4 removed
[24.730s][info][gc,phases      ] GC(12) Phase 1: Mark live objects 10.701ms
[24.730s][info][gc,phases,start] GC(12) Phase 2: Prepare for compaction
[24.737s][info][gc,phases      ] GC(12) Phase 2: Prepare for compaction 7.777ms
[24.737s][info][gc,phases,start] GC(12) Phase 3: Adjust pointers
[24.749s][info][gc,phases      ] GC(12) Phase 3: Adjust pointers 11.815ms
[24.749s][info][gc,phases,start] GC(12) Phase 4: Compact heap
[24.757s][info][gc,phases      ] GC(12) Phase 4: Compact heap 7.770ms
[24.766s][info][gc,heap        ] GC(12) Eden regions: 667->0(1228)
[24.766s][info][gc,heap        ] GC(12) Survivor regions: 0->0(30)
[24.766s][info][gc,heap        ] GC(12) Old regions: 9->9
[24.766s][info][gc,heap        ] GC(12) Humongous regions: 0->0
[24.766s][info][gc,metaspace   ] GC(12) Metaspace: 61709K(64512K)->61709K(64512K) NonClass: 53727K(55296K)->53727K(55296K) Class: 7982K(9216K)->7982K(9216K)
[24.766s][info][gc             ] GC(12) Pause Full (System.gc()) 2688M->22M(8192M) 47.852ms
[24.766s][info][gc,cpu         ] GC(12) User=0.05s Sys=0.00s Real=0.05s
[28.317s][info][gc,task        ] GC(13) Using 6 workers of 6 for full compaction
[28.317s][info][gc,start       ] GC(13) Pause Full (System.gc())
[28.318s][info][gc,phases,start] GC(13) Phase 1: Mark live objects
[28.328s][info][gc,stringtable ] GC(13) Cleaned string and symbol table, strings: 16102 processed, 9 removed, symbols: 124432 processed, 0 removed
[28.328s][info][gc,phases      ] GC(13) Phase 1: Mark live objects 10.573ms
[28.328s][info][gc,phases,start] GC(13) Phase 2: Prepare for compaction
[28.336s][info][gc,phases      ] GC(13) Phase 2: Prepare for compaction 7.499ms
[28.336s][info][gc,phases,start] GC(13) Phase 3: Adjust pointers
[28.347s][info][gc,phases      ] GC(13) Phase 3: Adjust pointers 11.458ms
[28.347s][info][gc,phases,start] GC(13) Phase 4: Compact heap
[28.355s][info][gc,phases      ] GC(13) Phase 4: Compact heap 7.263ms
[28.364s][info][gc,heap        ] GC(13) Eden regions: 649->0(1228)
[28.364s][info][gc,heap        ] GC(13) Survivor regions: 0->0(30)
[28.364s][info][gc,heap        ] GC(13) Old regions: 9->9
[28.364s][info][gc,heap        ] GC(13) Humongous regions: 0->0
[28.364s][info][gc,metaspace   ] GC(13) Metaspace: 62120K(64768K)->62120K(64768K) NonClass: 54137K(55552K)->54137K(55552K) Class: 7982K(9216K)->7982K(9216K)
[28.364s][info][gc             ] GC(13) Pause Full (System.gc()) 2616M->22M(8192M) 46.788ms
[28.364s][info][gc,cpu         ] GC(13) User=0.03s Sys=0.00s Real=0.05s
[31.923s][info][gc,task        ] GC(14) Using 6 workers of 6 for full compaction
[31.923s][info][gc,start       ] GC(14) Pause Full (System.gc())
[31.924s][info][gc,phases,start] GC(14) Phase 1: Mark live objects
[31.936s][info][gc,stringtable ] GC(14) Cleaned string and symbol table, strings: 16172 processed, 9 removed, symbols: 124432 processed, 0 removed
[31.936s][info][gc,phases      ] GC(14) Phase 1: Mark live objects 12.542ms
[31.936s][info][gc,phases,start] GC(14) Phase 2: Prepare for compaction
[31.945s][info][gc,phases      ] GC(14) Phase 2: Prepare for compaction 8.400ms
[31.945s][info][gc,phases,start] GC(14) Phase 3: Adjust pointers
[31.955s][info][gc,phases      ] GC(14) Phase 3: Adjust pointers 10.327ms
[31.955s][info][gc,phases,start] GC(14) Phase 4: Compact heap
[31.963s][info][gc,phases      ] GC(14) Phase 4: Compact heap 7.347ms
[31.971s][info][gc,heap        ] GC(14) Eden regions: 635->0(1228)
[31.971s][info][gc,heap        ] GC(14) Survivor regions: 0->0(30)
[31.971s][info][gc,heap        ] GC(14) Old regions: 9->10
[31.971s][info][gc,heap        ] GC(14) Humongous regions: 0->0
[31.971s][info][gc,metaspace   ] GC(14) Metaspace: 62258K(65024K)->62258K(65024K) NonClass: 54275K(55808K)->54275K(55808K) Class: 7982K(9216K)->7982K(9216K)
[31.971s][info][gc             ] GC(14) Pause Full (System.gc()) 2562M->22M(8192M) 47.961ms
[31.971s][info][gc,cpu         ] GC(14) User=0.02s Sys=0.00s Real=0.05s
[35.433s][info][gc,task        ] GC(15) Using 6 workers of 6 for full compaction
[35.433s][info][gc,start       ] GC(15) Pause Full (System.gc())
[35.434s][info][gc,phases,start] GC(15) Phase 1: Mark live objects
[35.469s][info][gc,stringtable ] GC(15) Cleaned string and symbol table, strings: 16199 processed, 9 removed, symbols: 124432 processed, 0 removed
[35.469s][info][gc,phases      ] GC(15) Phase 1: Mark live objects 35.453ms
[35.469s][info][gc,phases,start] GC(15) Phase 2: Prepare for compaction
[35.477s][info][gc,phases      ] GC(15) Phase 2: Prepare for compaction 7.337ms
[35.477s][info][gc,phases,start] GC(15) Phase 3: Adjust pointers
[35.487s][info][gc,phases      ] GC(15) Phase 3: Adjust pointers 10.572ms
[35.487s][info][gc,phases,start] GC(15) Phase 4: Compact heap
[35.494s][info][gc,phases      ] GC(15) Phase 4: Compact heap 7.172ms
[35.503s][info][gc,heap        ] GC(15) Eden regions: 625->0(1228)
[35.503s][info][gc,heap        ] GC(15) Survivor regions: 0->0(30)
[35.503s][info][gc,heap        ] GC(15) Old regions: 10->11
[35.503s][info][gc,heap        ] GC(15) Humongous regions: 0->0
[35.503s][info][gc,metaspace   ] GC(15) Metaspace: 62414K(65024K)->62414K(65024K) NonClass: 54431K(55808K)->54431K(55808K) Class: 7982K(9216K)->7982K(9216K)
[35.503s][info][gc             ] GC(15) Pause Full (System.gc()) 2522M->22M(8192M) 70.341ms
[35.503s][info][gc,cpu         ] GC(15) User=0.05s Sys=0.00s Real=0.07s
[38.855s][info][gc,task        ] GC(16) Using 6 workers of 6 for full compaction
[38.855s][info][gc,start       ] GC(16) Pause Full (System.gc())
[38.856s][info][gc,phases,start] GC(16) Phase 1: Mark live objects
[38.868s][info][gc,stringtable ] GC(16) Cleaned string and symbol table, strings: 16207 processed, 9 removed, symbols: 124432 processed, 0 removed
[38.868s][info][gc,phases      ] GC(16) Phase 1: Mark live objects 11.601ms
[38.868s][info][gc,phases,start] GC(16) Phase 2: Prepare for compaction
[38.875s][info][gc,phases      ] GC(16) Phase 2: Prepare for compaction 7.421ms
[38.875s][info][gc,phases,start] GC(16) Phase 3: Adjust pointers
[38.886s][info][gc,phases      ] GC(16) Phase 3: Adjust pointers 10.820ms
[38.886s][info][gc,phases,start] GC(16) Phase 4: Compact heap
[38.893s][info][gc,phases      ] GC(16) Phase 4: Compact heap 6.407ms
[38.902s][info][gc,heap        ] GC(16) Eden regions: 619->0(1228)
[38.902s][info][gc,heap        ] GC(16) Survivor regions: 0->0(30)
[38.902s][info][gc,heap        ] GC(16) Old regions: 11->10
[38.902s][info][gc,heap        ] GC(16) Humongous regions: 0->0
[38.902s][info][gc,metaspace   ] GC(16) Metaspace: 62518K(65280K)->62518K(65280K) NonClass: 54535K(56064K)->54535K(56064K) Class: 7982K(9216K)->7982K(9216K)
[38.902s][info][gc             ] GC(16) Pause Full (System.gc()) 2498M->23M(8192M) 46.582ms
[38.902s][info][gc,cpu         ] GC(16) User=0.03s Sys=0.00s Real=0.05s
[42.209s][info][gc,task        ] GC(17) Using 6 workers of 6 for full compaction
[42.209s][info][gc,start       ] GC(17) Pause Full (System.gc())
[42.211s][info][gc,phases,start] GC(17) Phase 1: Mark live objects
[42.223s][info][gc,stringtable ] GC(17) Cleaned string and symbol table, strings: 16272 processed, 9 removed, symbols: 124432 processed, 0 removed
[42.223s][info][gc,phases      ] GC(17) Phase 1: Mark live objects 12.650ms
[42.223s][info][gc,phases,start] GC(17) Phase 2: Prepare for compaction
[42.230s][info][gc,phases      ] GC(17) Phase 2: Prepare for compaction 6.934ms
[42.230s][info][gc,phases,start] GC(17) Phase 3: Adjust pointers
[42.242s][info][gc,phases      ] GC(17) Phase 3: Adjust pointers 11.225ms
[42.242s][info][gc,phases,start] GC(17) Phase 4: Compact heap
[42.248s][info][gc,phases      ] GC(17) Phase 4: Compact heap 6.620ms
[42.258s][info][gc,heap        ] GC(17) Eden regions: 603->0(1228)
[42.258s][info][gc,heap        ] GC(17) Survivor regions: 0->0(30)
[42.258s][info][gc,heap        ] GC(17) Old regions: 10->10
[42.258s][info][gc,heap        ] GC(17) Humongous regions: 0->0
[42.258s][info][gc,metaspace   ] GC(17) Metaspace: 62547K(65280K)->62547K(65280K) NonClass: 54564K(56064K)->54564K(56064K) Class: 7982K(9216K)->7982K(9216K)
[42.258s][info][gc             ] GC(17) Pause Full (System.gc()) 2433M->23M(8192M) 48.629ms
[42.258s][info][gc,cpu         ] GC(17) User=0.00s Sys=0.00s Real=0.05s
[45.514s][info][gc,task        ] GC(18) Using 6 workers of 6 for full compaction
[45.514s][info][gc,start       ] GC(18) Pause Full (System.gc())
[45.514s][info][gc,phases,start] GC(18) Phase 1: Mark live objects
[45.526s][info][gc,stringtable ] GC(18) Cleaned string and symbol table, strings: 16294 processed, 9 removed, symbols: 124432 processed, 0 removed
[45.526s][info][gc,phases      ] GC(18) Phase 1: Mark live objects 11.717ms
[45.526s][info][gc,phases,start] GC(18) Phase 2: Prepare for compaction
[45.534s][info][gc,phases      ] GC(18) Phase 2: Prepare for compaction 8.044ms
[45.534s][info][gc,phases,start] GC(18) Phase 3: Adjust pointers
[45.546s][info][gc,phases      ] GC(18) Phase 3: Adjust pointers 11.521ms
[45.546s][info][gc,phases,start] GC(18) Phase 4: Compact heap
[45.552s][info][gc,phases      ] GC(18) Phase 4: Compact heap 6.345ms
[45.562s][info][gc,heap        ] GC(18) Eden regions: 606->0(1228)
[45.562s][info][gc,heap        ] GC(18) Survivor regions: 0->0(30)
[45.562s][info][gc,heap        ] GC(18) Old regions: 10->10
[45.562s][info][gc,heap        ] GC(18) Humongous regions: 0->0
[45.562s][info][gc,metaspace   ] GC(18) Metaspace: 62635K(65280K)->62635K(65280K) NonClass: 54652K(56064K)->54652K(56064K) Class: 7982K(9216K)->7982K(9216K)
[45.562s][info][gc             ] GC(18) Pause Full (System.gc()) 2445M->23M(8192M) 47.977ms
[45.562s][info][gc,cpu         ] GC(18) User=0.03s Sys=0.00s Real=0.05s
[48.749s][info][gc,task        ] GC(19) Using 6 workers of 6 for full compaction
[48.749s][info][gc,start       ] GC(19) Pause Full (System.gc())
[48.750s][info][gc,phases,start] GC(19) Phase 1: Mark live objects
[48.761s][info][gc,stringtable ] GC(19) Cleaned string and symbol table, strings: 16303 processed, 9 removed, symbols: 124432 processed, 0 removed
[48.761s][info][gc,phases      ] GC(19) Phase 1: Mark live objects 11.056ms
[48.761s][info][gc,phases,start] GC(19) Phase 2: Prepare for compaction
[48.768s][info][gc,phases      ] GC(19) Phase 2: Prepare for compaction 7.097ms
[48.768s][info][gc,phases,start] GC(19) Phase 3: Adjust pointers
[48.780s][info][gc,phases      ] GC(19) Phase 3: Adjust pointers 11.189ms
[48.780s][info][gc,phases,start] GC(19) Phase 4: Compact heap
[48.786s][info][gc,phases      ] GC(19) Phase 4: Compact heap 6.218ms
[48.796s][info][gc,heap        ] GC(19) Eden regions: 599->0(1228)
[48.796s][info][gc,heap        ] GC(19) Survivor regions: 0->0(30)
[48.796s][info][gc,heap        ] GC(19) Old regions: 10->10
[48.796s][info][gc,heap        ] GC(19) Humongous regions: 0->0
[48.796s][info][gc,metaspace   ] GC(19) Metaspace: 62725K(65536K)->62725K(65536K) NonClass: 54742K(56320K)->54742K(56320K) Class: 7982K(9216K)->7982K(9216K)
[48.796s][info][gc             ] GC(19) Pause Full (System.gc()) 2419M->23M(8192M) 46.358ms
[48.796s][info][gc,cpu         ] GC(19) User=0.02s Sys=0.00s Real=0.05s
[51.989s][info][gc,task        ] GC(20) Using 6 workers of 6 for full compaction
[51.989s][info][gc,start       ] GC(20) Pause Full (System.gc())
[51.990s][info][gc,phases,start] GC(20) Phase 1: Mark live objects
[52.000s][info][gc,stringtable ] GC(20) Cleaned string and symbol table, strings: 16312 processed, 9 removed, symbols: 124444 processed, 0 removed
[52.000s][info][gc,phases      ] GC(20) Phase 1: Mark live objects 10.340ms
[52.000s][info][gc,phases,start] GC(20) Phase 2: Prepare for compaction
[52.008s][info][gc,phases      ] GC(20) Phase 2: Prepare for compaction 7.367ms
[52.008s][info][gc,phases,start] GC(20) Phase 3: Adjust pointers
[52.019s][info][gc,phases      ] GC(20) Phase 3: Adjust pointers 11.600ms
[52.019s][info][gc,phases,start] GC(20) Phase 4: Compact heap
[52.026s][info][gc,phases      ] GC(20) Phase 4: Compact heap 7.060ms
[52.037s][info][gc,heap        ] GC(20) Eden regions: 596->0(1228)
[52.037s][info][gc,heap        ] GC(20) Survivor regions: 0->0(30)
[52.037s][info][gc,heap        ] GC(20) Old regions: 10->10
[52.037s][info][gc,heap        ] GC(20) Humongous regions: 0->0
[52.037s][info][gc,metaspace   ] GC(20) Metaspace: 62762K(65536K)->62762K(65536K) NonClass: 54776K(56320K)->54776K(56320K) Class: 7986K(9216K)->7986K(9216K)
[52.037s][info][gc             ] GC(20) Pause Full (System.gc()) 2407M->23M(8192M) 48.265ms
[52.037s][info][gc,cpu         ] GC(20) User=0.05s Sys=0.00s Real=0.05s
[55.302s][info][gc,task        ] GC(21) Using 6 workers of 6 for full compaction
[55.302s][info][gc,start       ] GC(21) Pause Full (System.gc())
[55.303s][info][gc,phases,start] GC(21) Phase 1: Mark live objects
[55.315s][info][gc,stringtable ] GC(21) Cleaned string and symbol table, strings: 16329 processed, 9 removed, symbols: 124444 processed, 0 removed
[55.315s][info][gc,phases      ] GC(21) Phase 1: Mark live objects 11.647ms
[55.315s][info][gc,phases,start] GC(21) Phase 2: Prepare for compaction
[55.322s][info][gc,phases      ] GC(21) Phase 2: Prepare for compaction 6.971ms
[55.322s][info][gc,phases,start] GC(21) Phase 3: Adjust pointers
[55.333s][info][gc,phases      ] GC(21) Phase 3: Adjust pointers 11.584ms
[55.333s][info][gc,phases,start] GC(21) Phase 4: Compact heap
[55.341s][info][gc,phases      ] GC(21) Phase 4: Compact heap 7.607ms
[55.351s][info][gc,heap        ] GC(21) Eden regions: 592->0(1228)
[55.351s][info][gc,heap        ] GC(21) Survivor regions: 0->0(30)
[55.351s][info][gc,heap        ] GC(21) Old regions: 10->10
[55.351s][info][gc,heap        ] GC(21) Humongous regions: 0->0
[55.351s][info][gc,metaspace   ] GC(21) Metaspace: 62817K(65536K)->62817K(65536K) NonClass: 54831K(56320K)->54831K(56320K) Class: 7986K(9216K)->7986K(9216K)
[55.351s][info][gc             ] GC(21) Pause Full (System.gc()) 2391M->23M(8192M) 48.541ms
[55.351s][info][gc,cpu         ] GC(21) User=0.03s Sys=0.00s Real=0.05s
[58.639s][info][gc,task        ] GC(22) Using 6 workers of 6 for full compaction
[58.639s][info][gc,start       ] GC(22) Pause Full (System.gc())
[58.640s][info][gc,phases,start] GC(22) Phase 1: Mark live objects
[58.652s][info][gc,stringtable ] GC(22) Cleaned string and symbol table, strings: 16340 processed, 9 removed, symbols: 124444 processed, 0 removed
[58.652s][info][gc,phases      ] GC(22) Phase 1: Mark live objects 11.633ms
[58.652s][info][gc,phases,start] GC(22) Phase 2: Prepare for compaction
[58.659s][info][gc,phases      ] GC(22) Phase 2: Prepare for compaction 7.567ms
[58.659s][info][gc,phases,start] GC(22) Phase 3: Adjust pointers
[58.671s][info][gc,phases      ] GC(22) Phase 3: Adjust pointers 11.856ms
[58.671s][info][gc,phases,start] GC(22) Phase 4: Compact heap
[58.677s][info][gc,phases      ] GC(22) Phase 4: Compact heap 6.175ms
[58.687s][info][gc,heap        ] GC(22) Eden regions: 588->0(1228)
[58.687s][info][gc,heap        ] GC(22) Survivor regions: 0->0(30)
[58.687s][info][gc,heap        ] GC(22) Old regions: 10->10
[58.687s][info][gc,heap        ] GC(22) Humongous regions: 0->0
[58.687s][info][gc,metaspace   ] GC(22) Metaspace: 63225K(66048K)->63225K(66048K) NonClass: 55239K(56832K)->55239K(56832K) Class: 7986K(9216K)->7986K(9216K)
[58.687s][info][gc             ] GC(22) Pause Full (System.gc()) 2373M->23M(8192M) 48.660ms
[58.688s][info][gc,cpu         ] GC(22) User=0.02s Sys=0.00s Real=0.05s
[61.882s][info][gc,task        ] GC(23) Using 6 workers of 6 for full compaction
[61.882s][info][gc,start       ] GC(23) Pause Full (System.gc())
[61.884s][info][gc,phases,start] GC(23) Phase 1: Mark live objects
[61.895s][info][gc,stringtable ] GC(23) Cleaned string and symbol table, strings: 16359 processed, 9 removed, symbols: 124444 processed, 0 removed
[61.895s][info][gc,phases      ] GC(23) Phase 1: Mark live objects 11.888ms
[61.895s][info][gc,phases,start] GC(23) Phase 2: Prepare for compaction
[61.904s][info][gc,phases      ] GC(23) Phase 2: Prepare for compaction 8.536ms
[61.904s][info][gc,phases,start] GC(23) Phase 3: Adjust pointers
[61.916s][info][gc,phases      ] GC(23) Phase 3: Adjust pointers 11.690ms
[61.916s][info][gc,phases,start] GC(23) Phase 4: Compact heap
[61.922s][info][gc,phases      ] GC(23) Phase 4: Compact heap 6.646ms
[61.933s][info][gc,heap        ] GC(23) Eden regions: 587->0(1228)
[61.933s][info][gc,heap        ] GC(23) Survivor regions: 0->0(30)
[61.933s][info][gc,heap        ] GC(23) Old regions: 10->10
[61.933s][info][gc,heap        ] GC(23) Humongous regions: 0->0
[61.933s][info][gc,metaspace   ] GC(23) Metaspace: 63229K(66048K)->63229K(66048K) NonClass: 55243K(56832K)->55243K(56832K) Class: 7986K(9216K)->7986K(9216K)
[61.933s][info][gc             ] GC(23) Pause Full (System.gc()) 2369M->23M(8192M) 50.310ms
[61.933s][info][gc,cpu         ] GC(23) User=0.03s Sys=0.00s Real=0.06s
[65.027s][info][gc,task        ] GC(24) Using 6 workers of 6 for full compaction
[65.027s][info][gc,start       ] GC(24) Pause Full (System.gc())
[65.028s][info][gc,phases,start] GC(24) Phase 1: Mark live objects
[65.039s][info][gc,stringtable ] GC(24) Cleaned string and symbol table, strings: 16373 processed, 9 removed, symbols: 124444 processed, 0 removed
[65.039s][info][gc,phases      ] GC(24) Phase 1: Mark live objects 11.321ms
[65.039s][info][gc,phases,start] GC(24) Phase 2: Prepare for compaction
[65.046s][info][gc,phases      ] GC(24) Phase 2: Prepare for compaction 7.037ms
[65.046s][info][gc,phases,start] GC(24) Phase 3: Adjust pointers
[65.058s][info][gc,phases      ] GC(24) Phase 3: Adjust pointers 11.913ms
[65.058s][info][gc,phases,start] GC(24) Phase 4: Compact heap
[65.065s][info][gc,phases      ] GC(24) Phase 4: Compact heap 7.153ms
[65.076s][info][gc,heap        ] GC(24) Eden regions: 572->0(1228)
[65.076s][info][gc,heap        ] GC(24) Survivor regions: 0->0(30)
[65.076s][info][gc,heap        ] GC(24) Old regions: 10->10
[65.076s][info][gc,heap        ] GC(24) Humongous regions: 0->0
[65.076s][info][gc,metaspace   ] GC(24) Metaspace: 63246K(66048K)->63246K(66048K) NonClass: 55260K(56832K)->55260K(56832K) Class: 7986K(9216K)->7986K(9216K)
[65.076s][info][gc             ] GC(24) Pause Full (System.gc()) 2311M->23M(8192M) 49.120ms
[65.076s][info][gc,cpu         ] GC(24) User=0.02s Sys=0.00s Real=0.05s
[68.110s][info][gc,task        ] GC(25) Using 6 workers of 6 for full compaction
[68.110s][info][gc,start       ] GC(25) Pause Full (System.gc())
[68.111s][info][gc,phases,start] GC(25) Phase 1: Mark live objects
[68.122s][info][gc,stringtable ] GC(25) Cleaned string and symbol table, strings: 16387 processed, 9 removed, symbols: 124456 processed, 0 removed
[68.122s][info][gc,phases      ] GC(25) Phase 1: Mark live objects 10.660ms
[68.122s][info][gc,phases,start] GC(25) Phase 2: Prepare for compaction
[68.129s][info][gc,phases      ] GC(25) Phase 2: Prepare for compaction 7.075ms
[68.129s][info][gc,phases,start] GC(25) Phase 3: Adjust pointers
[68.141s][info][gc,phases      ] GC(25) Phase 3: Adjust pointers 12.017ms
[68.141s][info][gc,phases,start] GC(25) Phase 4: Compact heap
[68.147s][info][gc,phases      ] GC(25) Phase 4: Compact heap 6.552ms
[68.157s][info][gc,heap        ] GC(25) Eden regions: 572->0(1228)
[68.157s][info][gc,heap        ] GC(25) Survivor regions: 0->0(30)
[68.157s][info][gc,heap        ] GC(25) Old regions: 10->10
[68.157s][info][gc,heap        ] GC(25) Humongous regions: 0->0
[68.157s][info][gc,metaspace   ] GC(25) Metaspace: 63269K(66048K)->63269K(66048K) NonClass: 55280K(56832K)->55280K(56832K) Class: 7988K(9216K)->7988K(9216K)
[68.158s][info][gc             ] GC(25) Pause Full (System.gc()) 2311M->23M(8192M) 47.260ms
[68.158s][info][gc,cpu         ] GC(25) User=0.03s Sys=0.00s Real=0.05s
[71.242s][info][gc,task        ] GC(26) Using 6 workers of 6 for full compaction
[71.242s][info][gc,start       ] GC(26) Pause Full (System.gc())
[71.243s][info][gc,phases,start] GC(26) Phase 1: Mark live objects
[71.253s][info][gc,stringtable ] GC(26) Cleaned string and symbol table, strings: 16392 processed, 9 removed, symbols: 124456 processed, 0 removed
[71.253s][info][gc,phases      ] GC(26) Phase 1: Mark live objects 10.461ms
[71.253s][info][gc,phases,start] GC(26) Phase 2: Prepare for compaction
[71.261s][info][gc,phases      ] GC(26) Phase 2: Prepare for compaction 7.442ms
[71.261s][info][gc,phases,start] GC(26) Phase 3: Adjust pointers
[71.273s][info][gc,phases      ] GC(26) Phase 3: Adjust pointers 11.758ms
[71.273s][info][gc,phases,start] GC(26) Phase 4: Compact heap
[71.279s][info][gc,phases      ] GC(26) Phase 4: Compact heap 6.112ms
[71.289s][info][gc,heap        ] GC(26) Eden regions: 573->0(1228)
[71.289s][info][gc,heap        ] GC(26) Survivor regions: 0->0(30)
[71.289s][info][gc,heap        ] GC(26) Old regions: 10->10
[71.289s][info][gc,heap        ] GC(26) Humongous regions: 0->0
[71.289s][info][gc,metaspace   ] GC(26) Metaspace: 63271K(66048K)->63271K(66048K) NonClass: 55282K(56832K)->55282K(56832K) Class: 7988K(9216K)->7988K(9216K)
[71.289s][info][gc             ] GC(26) Pause Full (System.gc()) 2313M->23M(8192M) 47.315ms
[71.289s][info][gc,cpu         ] GC(26) User=0.03s Sys=0.00s Real=0.05s
[74.341s][info][gc,task        ] GC(27) Using 6 workers of 6 for full compaction
[74.341s][info][gc,start       ] GC(27) Pause Full (System.gc())
[74.342s][info][gc,phases,start] GC(27) Phase 1: Mark live objects
[74.353s][info][gc,stringtable ] GC(27) Cleaned string and symbol table, strings: 16400 processed, 9 removed, symbols: 124456 processed, 0 removed
[74.353s][info][gc,phases      ] GC(27) Phase 1: Mark live objects 11.191ms
[74.353s][info][gc,phases,start] GC(27) Phase 2: Prepare for compaction
[74.361s][info][gc,phases      ] GC(27) Phase 2: Prepare for compaction 8.115ms
[74.361s][info][gc,phases,start] GC(27) Phase 3: Adjust pointers
[74.373s][info][gc,phases      ] GC(27) Phase 3: Adjust pointers 11.563ms
[74.373s][info][gc,phases,start] GC(27) Phase 4: Compact heap
[74.379s][info][gc,phases      ] GC(27) Phase 4: Compact heap 5.975ms
[74.389s][info][gc,heap        ] GC(27) Eden regions: 576->0(1228)
[74.389s][info][gc,heap        ] GC(27) Survivor regions: 0->0(30)
[74.389s][info][gc,heap        ] GC(27) Old regions: 10->10
[74.389s][info][gc,heap        ] GC(27) Humongous regions: 0->0
[74.389s][info][gc,metaspace   ] GC(27) Metaspace: 63275K(66048K)->63275K(66048K) NonClass: 55286K(56832K)->55286K(56832K) Class: 7988K(9216K)->7988K(9216K)
[74.389s][info][gc             ] GC(27) Pause Full (System.gc()) 2327M->23M(8192M) 47.810ms
[74.389s][info][gc,cpu         ] GC(27) User=0.03s Sys=0.00s Real=0.04s
[77.401s][info][gc,task        ] GC(28) Using 6 workers of 6 for full compaction
[77.401s][info][gc,start       ] GC(28) Pause Full (System.gc())
[77.402s][info][gc,phases,start] GC(28) Phase 1: Mark live objects
[77.414s][info][gc,stringtable ] GC(28) Cleaned string and symbol table, strings: 16421 processed, 9 removed, symbols: 124456 processed, 0 removed
[77.414s][info][gc,phases      ] GC(28) Phase 1: Mark live objects 11.899ms
[77.414s][info][gc,phases,start] GC(28) Phase 2: Prepare for compaction
[77.421s][info][gc,phases      ] GC(28) Phase 2: Prepare for compaction 6.938ms
[77.421s][info][gc,phases,start] GC(28) Phase 3: Adjust pointers
[77.433s][info][gc,phases      ] GC(28) Phase 3: Adjust pointers 12.036ms
[77.433s][info][gc,phases,start] GC(28) Phase 4: Compact heap
[77.440s][info][gc,phases      ] GC(28) Phase 4: Compact heap 7.134ms
[77.450s][info][gc,heap        ] GC(28) Eden regions: 568->0(1228)
[77.450s][info][gc,heap        ] GC(28) Survivor regions: 0->0(30)
[77.451s][info][gc,heap        ] GC(28) Old regions: 10->10
[77.451s][info][gc,heap        ] GC(28) Humongous regions: 0->0
[77.451s][info][gc,metaspace   ] GC(28) Metaspace: 63284K(66048K)->63284K(66048K) NonClass: 55295K(56832K)->55295K(56832K) Class: 7988K(9216K)->7988K(9216K)
[77.451s][info][gc             ] GC(28) Pause Full (System.gc()) 2293M->23M(8192M) 49.216ms
[77.451s][info][gc,cpu         ] GC(28) User=0.02s Sys=0.00s Real=0.05s
[80.507s][info][gc,task        ] GC(29) Using 6 workers of 6 for full compaction
[80.507s][info][gc,start       ] GC(29) Pause Full (System.gc())
[80.508s][info][gc,phases,start] GC(29) Phase 1: Mark live objects
[80.521s][info][gc,stringtable ] GC(29) Cleaned string and symbol table, strings: 16436 processed, 9 removed, symbols: 124456 processed, 0 removed
[80.521s][info][gc,phases      ] GC(29) Phase 1: Mark live objects 13.175ms
[80.521s][info][gc,phases,start] GC(29) Phase 2: Prepare for compaction
[80.528s][info][gc,phases      ] GC(29) Phase 2: Prepare for compaction 6.736ms
[80.528s][info][gc,phases,start] GC(29) Phase 3: Adjust pointers
[80.542s][info][gc,phases      ] GC(29) Phase 3: Adjust pointers 13.669ms
[80.542s][info][gc,phases,start] GC(29) Phase 4: Compact heap
[80.547s][info][gc,phases      ] GC(29) Phase 4: Compact heap 5.803ms
[80.558s][info][gc,heap        ] GC(29) Eden regions: 567->0(1228)
[80.558s][info][gc,heap        ] GC(29) Survivor regions: 0->0(30)
[80.558s][info][gc,heap        ] GC(29) Old regions: 10->10
[80.558s][info][gc,heap        ] GC(29) Humongous regions: 0->0
[80.558s][info][gc,metaspace   ] GC(29) Metaspace: 63301K(66048K)->63301K(66048K) NonClass: 55313K(56832K)->55313K(56832K) Class: 7988K(9216K)->7988K(9216K)
[80.558s][info][gc             ] GC(29) Pause Full (System.gc()) 2289M->23M(8192M) 51.055ms
[80.558s][info][gc,cpu         ] GC(29) User=0.02s Sys=0.00s Real=0.05s
[83.585s][info][gc,task        ] GC(30) Using 6 workers of 6 for full compaction
[83.585s][info][gc,start       ] GC(30) Pause Full (System.gc())
[83.587s][info][gc,phases,start] GC(30) Phase 1: Mark live objects
[83.598s][info][gc,stringtable ] GC(30) Cleaned string and symbol table, strings: 16437 processed, 9 removed, symbols: 124456 processed, 0 removed
[83.598s][info][gc,phases      ] GC(30) Phase 1: Mark live objects 11.270ms
[83.598s][info][gc,phases,start] GC(30) Phase 2: Prepare for compaction
[83.605s][info][gc,phases      ] GC(30) Phase 2: Prepare for compaction 7.170ms
[83.605s][info][gc,phases,start] GC(30) Phase 3: Adjust pointers
[83.617s][info][gc,phases      ] GC(30) Phase 3: Adjust pointers 11.939ms
[83.617s][info][gc,phases,start] GC(30) Phase 4: Compact heap
[83.623s][info][gc,phases      ] GC(30) Phase 4: Compact heap 5.881ms
[83.634s][info][gc,heap        ] GC(30) Eden regions: 567->0(1228)
[83.634s][info][gc,heap        ] GC(30) Survivor regions: 0->0(30)
[83.634s][info][gc,heap        ] GC(30) Old regions: 10->11
[83.634s][info][gc,heap        ] GC(30) Humongous regions: 0->0
[83.634s][info][gc,metaspace   ] GC(30) Metaspace: 63309K(66048K)->63309K(66048K) NonClass: 55320K(56832K)->55320K(56832K) Class: 7988K(9216K)->7988K(9216K)
[83.634s][info][gc             ] GC(30) Pause Full (System.gc()) 2289M->23M(8192M) 48.313ms
[83.634s][info][gc,cpu         ] GC(30) User=0.02s Sys=0.00s Real=0.05s
[86.723s][info][gc,task        ] GC(31) Using 6 workers of 6 for full compaction
[86.723s][info][gc,start       ] GC(31) Pause Full (System.gc())
[86.724s][info][gc,phases,start] GC(31) Phase 1: Mark live objects
[86.736s][info][gc,stringtable ] GC(31) Cleaned string and symbol table, strings: 16450 processed, 9 removed, symbols: 124456 processed, 0 removed
[86.736s][info][gc,phases      ] GC(31) Phase 1: Mark live objects 11.851ms
[86.736s][info][gc,phases,start] GC(31) Phase 2: Prepare for compaction
[86.742s][info][gc,phases      ] GC(31) Phase 2: Prepare for compaction 6.811ms
[86.742s][info][gc,phases,start] GC(31) Phase 3: Adjust pointers
[86.755s][info][gc,phases      ] GC(31) Phase 3: Adjust pointers 12.482ms
[86.755s][info][gc,phases,start] GC(31) Phase 4: Compact heap
[86.761s][info][gc,phases      ] GC(31) Phase 4: Compact heap 6.115ms
[86.772s][info][gc,heap        ] GC(31) Eden regions: 567->0(1228)
[86.772s][info][gc,heap        ] GC(31) Survivor regions: 0->0(30)
[86.772s][info][gc,heap        ] GC(31) Old regions: 11->10
[86.772s][info][gc,heap        ] GC(31) Humongous regions: 0->0
[86.772s][info][gc,metaspace   ] GC(31) Metaspace: 63313K(66048K)->63313K(66048K) NonClass: 55324K(56832K)->55324K(56832K) Class: 7988K(9216K)->7988K(9216K)
[86.772s][info][gc             ] GC(31) Pause Full (System.gc()) 2289M->23M(8192M) 49.363ms
[86.772s][info][gc,cpu         ] GC(31) User=0.02s Sys=0.00s Real=0.05s
[89.834s][info][gc,task        ] GC(32) Using 6 workers of 6 for full compaction
[89.834s][info][gc,start       ] GC(32) Pause Full (System.gc())
[89.835s][info][gc,phases,start] GC(32) Phase 1: Mark live objects
[89.847s][info][gc,stringtable ] GC(32) Cleaned string and symbol table, strings: 16457 processed, 9 removed, symbols: 124456 processed, 0 removed
[89.847s][info][gc,phases      ] GC(32) Phase 1: Mark live objects 12.069ms
[89.847s][info][gc,phases,start] GC(32) Phase 2: Prepare for compaction
[89.854s][info][gc,phases      ] GC(32) Phase 2: Prepare for compaction 7.351ms
[89.854s][info][gc,phases,start] GC(32) Phase 3: Adjust pointers
[89.868s][info][gc,phases      ] GC(32) Phase 3: Adjust pointers 13.200ms
[89.868s][info][gc,phases,start] GC(32) Phase 4: Compact heap
[89.874s][info][gc,phases      ] GC(32) Phase 4: Compact heap 6.254ms
[89.885s][info][gc,heap        ] GC(32) Eden regions: 561->0(1228)
[89.885s][info][gc,heap        ] GC(32) Survivor regions: 0->0(30)
[89.885s][info][gc,heap        ] GC(32) Old regions: 10->10
[89.885s][info][gc,heap        ] GC(32) Humongous regions: 0->0
[89.885s][info][gc,metaspace   ] GC(32) Metaspace: 63317K(66048K)->63317K(66048K) NonClass: 55328K(56832K)->55328K(56832K) Class: 7988K(9216K)->7988K(9216K)
[89.885s][info][gc             ] GC(32) Pause Full (System.gc()) 2267M->23M(8192M) 50.814ms
[89.885s][info][gc,cpu         ] GC(32) User=0.00s Sys=0.00s Real=0.05s
[93.083s][info][gc,task        ] GC(33) Using 6 workers of 6 for full compaction
[93.083s][info][gc,start       ] GC(33) Pause Full (System.gc())
[93.084s][info][gc,phases,start] GC(33) Phase 1: Mark live objects
[93.097s][info][gc,stringtable ] GC(33) Cleaned string and symbol table, strings: 16459 processed, 9 removed, symbols: 124456 processed, 0 removed
[93.097s][info][gc,phases      ] GC(33) Phase 1: Mark live objects 12.832ms
[93.097s][info][gc,phases,start] GC(33) Phase 2: Prepare for compaction
[93.104s][info][gc,phases      ] GC(33) Phase 2: Prepare for compaction 6.803ms
[93.104s][info][gc,phases,start] GC(33) Phase 3: Adjust pointers
[93.116s][info][gc,phases      ] GC(33) Phase 3: Adjust pointers 12.596ms
[93.116s][info][gc,phases,start] GC(33) Phase 4: Compact heap
[93.122s][info][gc,phases      ] GC(33) Phase 4: Compact heap 6.135ms
[93.134s][info][gc,heap        ] GC(33) Eden regions: 560->0(1228)
[93.134s][info][gc,heap        ] GC(33) Survivor regions: 0->0(30)
[93.134s][info][gc,heap        ] GC(33) Old regions: 10->10
[93.134s][info][gc,heap        ] GC(33) Humongous regions: 0->0
[93.134s][info][gc,metaspace   ] GC(33) Metaspace: 63319K(66048K)->63319K(66048K) NonClass: 55331K(56832K)->55331K(56832K) Class: 7988K(9216K)->7988K(9216K)
[93.134s][info][gc             ] GC(33) Pause Full (System.gc()) 2263M->23M(8192M) 50.796ms
[93.134s][info][gc,cpu         ] GC(33) User=0.02s Sys=0.00s Real=0.05s
[96.349s][info][gc,task        ] GC(34) Using 6 workers of 6 for full compaction
[96.349s][info][gc,start       ] GC(34) Pause Full (System.gc())
[96.351s][info][gc,phases,start] GC(34) Phase 1: Mark live objects
[96.363s][info][gc,stringtable ] GC(34) Cleaned string and symbol table, strings: 16463 processed, 9 removed, symbols: 124456 processed, 0 removed
[96.363s][info][gc,phases      ] GC(34) Phase 1: Mark live objects 12.119ms
[96.363s][info][gc,phases,start] GC(34) Phase 2: Prepare for compaction
[96.370s][info][gc,phases      ] GC(34) Phase 2: Prepare for compaction 6.800ms
[96.370s][info][gc,phases,start] GC(34) Phase 3: Adjust pointers
[96.382s][info][gc,phases      ] GC(34) Phase 3: Adjust pointers 12.444ms
[96.382s][info][gc,phases,start] GC(34) Phase 4: Compact heap
[96.388s][info][gc,phases      ] GC(34) Phase 4: Compact heap 6.191ms
[96.399s][info][gc,heap        ] GC(34) Eden regions: 556->0(1228)
[96.399s][info][gc,heap        ] GC(34) Survivor regions: 0->0(30)
[96.399s][info][gc,heap        ] GC(34) Old regions: 10->10
[96.399s][info][gc,heap        ] GC(34) Humongous regions: 0->0
[96.399s][info][gc,metaspace   ] GC(34) Metaspace: 63323K(66048K)->63323K(66048K) NonClass: 55334K(56832K)->55334K(56832K) Class: 7988K(9216K)->7988K(9216K)
[96.399s][info][gc             ] GC(34) Pause Full (System.gc()) 2247M->23M(8192M) 50.229ms
[96.400s][info][gc,cpu         ] GC(34) User=0.03s Sys=0.00s Real=0.05s
[99.454s][info][gc,task        ] GC(35) Using 6 workers of 6 for full compaction
[99.454s][info][gc,start       ] GC(35) Pause Full (System.gc())
[99.455s][info][gc,phases,start] GC(35) Phase 1: Mark live objects
[99.466s][info][gc,stringtable ] GC(35) Cleaned string and symbol table, strings: 16475 processed, 9 removed, symbols: 124456 processed, 0 removed
[99.466s][info][gc,phases      ] GC(35) Phase 1: Mark live objects 11.182ms
[99.466s][info][gc,phases,start] GC(35) Phase 2: Prepare for compaction
[99.474s][info][gc,phases      ] GC(35) Phase 2: Prepare for compaction 8.080ms
[99.474s][info][gc,phases,start] GC(35) Phase 3: Adjust pointers
[99.487s][info][gc,phases      ] GC(35) Phase 3: Adjust pointers 12.202ms
[99.487s][info][gc,phases,start] GC(35) Phase 4: Compact heap
[99.493s][info][gc,phases      ] GC(35) Phase 4: Compact heap 6.189ms
[99.504s][info][gc,heap        ] GC(35) Eden regions: 562->0(1228)
[99.504s][info][gc,heap        ] GC(35) Survivor regions: 0->0(30)
[99.504s][info][gc,heap        ] GC(35) Old regions: 10->10
[99.504s][info][gc,heap        ] GC(35) Humongous regions: 0->0
[99.504s][info][gc,metaspace   ] GC(35) Metaspace: 63332K(66048K)->63332K(66048K) NonClass: 55343K(56832K)->55343K(56832K) Class: 7989K(9216K)->7989K(9216K)
[99.504s][info][gc             ] GC(35) Pause Full (System.gc()) 2269M->23M(8192M) 49.832ms
[99.504s][info][gc,cpu         ] GC(35) User=0.02s Sys=0.00s Real=0.05s
[102.492s][info][gc,task        ] GC(36) Using 6 workers of 6 for full compaction
[102.492s][info][gc,start       ] GC(36) Pause Full (System.gc())
[102.494s][info][gc,phases,start] GC(36) Phase 1: Mark live objects
[102.505s][info][gc,stringtable ] GC(36) Cleaned string and symbol table, strings: 16489 processed, 9 removed, symbols: 124456 processed, 0 removed
[102.505s][info][gc,phases      ] GC(36) Phase 1: Mark live objects 11.562ms
[102.505s][info][gc,phases,start] GC(36) Phase 2: Prepare for compaction
[102.512s][info][gc,phases      ] GC(36) Phase 2: Prepare for compaction 6.481ms
[102.512s][info][gc,phases,start] GC(36) Phase 3: Adjust pointers
[102.525s][info][gc,phases      ] GC(36) Phase 3: Adjust pointers 13.764ms
[102.526s][info][gc,phases,start] GC(36) Phase 4: Compact heap
[102.531s][info][gc,phases      ] GC(36) Phase 4: Compact heap 5.761ms
[102.542s][info][gc,heap        ] GC(36) Eden regions: 561->0(1228)
[102.542s][info][gc,heap        ] GC(36) Survivor regions: 0->0(30)
[102.542s][info][gc,heap        ] GC(36) Old regions: 10->10
[102.542s][info][gc,heap        ] GC(36) Humongous regions: 0->0
[102.542s][info][gc,metaspace   ] GC(36) Metaspace: 63345K(66048K)->63345K(66048K) NonClass: 55356K(56832K)->55356K(56832K) Class: 7989K(9216K)->7989K(9216K)
[102.542s][info][gc             ] GC(36) Pause Full (System.gc()) 2267M->23M(8192M) 49.206ms
[102.542s][info][gc,cpu         ] GC(36) User=0.03s Sys=0.00s Real=0.05s
[105.470s][info][gc,task        ] GC(37) Using 6 workers of 6 for full compaction
[105.470s][info][gc,start       ] GC(37) Pause Full (System.gc())
[105.471s][info][gc,phases,start] GC(37) Phase 1: Mark live objects
[105.482s][info][gc,stringtable ] GC(37) Cleaned string and symbol table, strings: 16492 processed, 9 removed, symbols: 124457 processed, 0 removed
[105.482s][info][gc,phases      ] GC(37) Phase 1: Mark live objects 11.577ms
[105.482s][info][gc,phases,start] GC(37) Phase 2: Prepare for compaction
[105.490s][info][gc,phases      ] GC(37) Phase 2: Prepare for compaction 7.262ms
[105.490s][info][gc,phases,start] GC(37) Phase 3: Adjust pointers
[105.502s][info][gc,phases      ] GC(37) Phase 3: Adjust pointers 11.775ms
[105.502s][info][gc,phases,start] GC(37) Phase 4: Compact heap
[105.508s][info][gc,phases      ] GC(37) Phase 4: Compact heap 6.049ms
[105.518s][info][gc,heap        ] GC(37) Eden regions: 552->0(1228)
[105.518s][info][gc,heap        ] GC(37) Survivor regions: 0->0(30)
[105.518s][info][gc,heap        ] GC(37) Old regions: 10->10
[105.518s][info][gc,heap        ] GC(37) Humongous regions: 0->0
[105.518s][info][gc,metaspace   ] GC(37) Metaspace: 63352K(66048K)->63352K(66048K) NonClass: 55362K(56832K)->55362K(56832K) Class: 7989K(9216K)->7989K(9216K)
[105.518s][info][gc             ] GC(37) Pause Full (System.gc()) 2229M->23M(8192M) 47.715ms
[105.518s][info][gc,cpu         ] GC(37) User=0.02s Sys=0.00s Real=0.06s
[108.361s][info][gc,task        ] GC(38) Using 6 workers of 6 for full compaction
[108.361s][info][gc,start       ] GC(38) Pause Full (System.gc())
[108.362s][info][gc,phases,start] GC(38) Phase 1: Mark live objects
[108.373s][info][gc,stringtable ] GC(38) Cleaned string and symbol table, strings: 16492 processed, 9 removed, symbols: 124457 processed, 0 removed
[108.373s][info][gc,phases      ] GC(38) Phase 1: Mark live objects 11.337ms
[108.373s][info][gc,phases,start] GC(38) Phase 2: Prepare for compaction
[108.380s][info][gc,phases      ] GC(38) Phase 2: Prepare for compaction 7.032ms
[108.380s][info][gc,phases,start] GC(38) Phase 3: Adjust pointers
[108.392s][info][gc,phases      ] GC(38) Phase 3: Adjust pointers 11.915ms
[108.392s][info][gc,phases,start] GC(38) Phase 4: Compact heap
[108.399s][info][gc,phases      ] GC(38) Phase 4: Compact heap 6.388ms
[108.409s][info][gc,heap        ] GC(38) Eden regions: 536->0(1228)
[108.409s][info][gc,heap        ] GC(38) Survivor regions: 0->0(30)
[108.409s][info][gc,heap        ] GC(38) Old regions: 10->10
[108.409s][info][gc,heap        ] GC(38) Humongous regions: 0->0
[108.409s][info][gc,metaspace   ] GC(38) Metaspace: 63354K(66048K)->63354K(66048K) NonClass: 55364K(56832K)->55364K(56832K) Class: 7989K(9216K)->7989K(9216K)
[108.409s][info][gc             ] GC(38) Pause Full (System.gc()) 2167M->23M(8192M) 47.863ms
[108.409s][info][gc,cpu         ] GC(38) User=0.02s Sys=0.00s Real=0.05s
[111.255s][info][gc,task        ] GC(39) Using 6 workers of 6 for full compaction
[111.256s][info][gc,start       ] GC(39) Pause Full (System.gc())
[111.257s][info][gc,phases,start] GC(39) Phase 1: Mark live objects
[111.269s][info][gc,stringtable ] GC(39) Cleaned string and symbol table, strings: 16495 processed, 9 removed, symbols: 124457 processed, 0 removed
[111.269s][info][gc,phases      ] GC(39) Phase 1: Mark live objects 11.958ms
[111.269s][info][gc,phases,start] GC(39) Phase 2: Prepare for compaction
[111.276s][info][gc,phases      ] GC(39) Phase 2: Prepare for compaction 6.898ms
[111.276s][info][gc,phases,start] GC(39) Phase 3: Adjust pointers
[111.287s][info][gc,phases      ] GC(39) Phase 3: Adjust pointers 11.842ms
[111.288s][info][gc,phases,start] GC(39) Phase 4: Compact heap
[111.294s][info][gc,phases      ] GC(39) Phase 4: Compact heap 6.303ms
[111.304s][info][gc,heap        ] GC(39) Eden regions: 545->0(1228)
[111.304s][info][gc,heap        ] GC(39) Survivor regions: 0->0(30)
[111.304s][info][gc,heap        ] GC(39) Old regions: 10->10
[111.304s][info][gc,heap        ] GC(39) Humongous regions: 0->0
[111.304s][info][gc,metaspace   ] GC(39) Metaspace: 63358K(66304K)->63358K(66304K) NonClass: 55368K(57088K)->55368K(57088K) Class: 7990K(9216K)->7990K(9216K)
[111.304s][info][gc             ] GC(39) Pause Full (System.gc()) 2203M->23M(8192M) 48.557ms
[111.304s][info][gc,cpu         ] GC(39) User=0.03s Sys=0.00s Real=0.05s
[114.239s][info][gc,task        ] GC(40) Using 6 workers of 6 for full compaction
[114.239s][info][gc,start       ] GC(40) Pause Full (System.gc())
[114.240s][info][gc,phases,start] GC(40) Phase 1: Mark live objects
[114.253s][info][gc,stringtable ] GC(40) Cleaned string and symbol table, strings: 16495 processed, 9 removed, symbols: 124457 processed, 0 removed
[114.253s][info][gc,phases      ] GC(40) Phase 1: Mark live objects 13.202ms
[114.253s][info][gc,phases,start] GC(40) Phase 2: Prepare for compaction
[114.260s][info][gc,phases      ] GC(40) Phase 2: Prepare for compaction 7.599ms
[114.260s][info][gc,phases,start] GC(40) Phase 3: Adjust pointers
[114.272s][info][gc,phases      ] GC(40) Phase 3: Adjust pointers 11.841ms
[114.272s][info][gc,phases,start] GC(40) Phase 4: Compact heap
[114.279s][info][gc,phases      ] GC(40) Phase 4: Compact heap 6.275ms
[114.289s][info][gc,heap        ] GC(40) Eden regions: 539->0(1228)
[114.289s][info][gc,heap        ] GC(40) Survivor regions: 0->0(30)
[114.289s][info][gc,heap        ] GC(40) Old regions: 10->10
[114.289s][info][gc,heap        ] GC(40) Humongous regions: 0->0
[114.289s][info][gc,metaspace   ] GC(40) Metaspace: 63363K(66304K)->63363K(66304K) NonClass: 55373K(57088K)->55373K(57088K) Class: 7990K(9216K)->7990K(9216K)
[114.289s][info][gc             ] GC(40) Pause Full (System.gc()) 2179M->23M(8192M) 50.171ms
[114.289s][info][gc,cpu         ] GC(40) User=0.02s Sys=0.00s Real=0.06s
[117.144s][info][gc,task        ] GC(41) Using 6 workers of 6 for full compaction
[117.144s][info][gc,start       ] GC(41) Pause Full (System.gc())
[117.146s][info][gc,phases,start] GC(41) Phase 1: Mark live objects
[117.158s][info][gc,stringtable ] GC(41) Cleaned string and symbol table, strings: 16497 processed, 9 removed, symbols: 124457 processed, 0 removed
[117.158s][info][gc,phases      ] GC(41) Phase 1: Mark live objects 12.425ms
[117.158s][info][gc,phases,start] GC(41) Phase 2: Prepare for compaction
[117.165s][info][gc,phases      ] GC(41) Phase 2: Prepare for compaction 6.793ms
[117.165s][info][gc,phases,start] GC(41) Phase 3: Adjust pointers
[117.177s][info][gc,phases      ] GC(41) Phase 3: Adjust pointers 11.870ms
[117.177s][info][gc,phases,start] GC(41) Phase 4: Compact heap
[117.183s][info][gc,phases      ] GC(41) Phase 4: Compact heap 5.732ms
[117.193s][info][gc,heap        ] GC(41) Eden regions: 540->0(1228)
[117.193s][info][gc,heap        ] GC(41) Survivor regions: 0->0(30)
[117.193s][info][gc,heap        ] GC(41) Old regions: 10->10
[117.193s][info][gc,heap        ] GC(41) Humongous regions: 0->0
[117.193s][info][gc,metaspace   ] GC(41) Metaspace: 63369K(66304K)->63369K(66304K) NonClass: 55379K(57088K)->55379K(57088K) Class: 7990K(9216K)->7990K(9216K)
[117.193s][info][gc             ] GC(41) Pause Full (System.gc()) 2183M->23M(8192M) 48.980ms
[117.193s][info][gc,cpu         ] GC(41) User=0.02s Sys=0.00s Real=0.05s
[120.069s][info][gc,task        ] GC(42) Using 6 workers of 6 for full compaction
[120.069s][info][gc,start       ] GC(42) Pause Full (System.gc())
[120.070s][info][gc,phases,start] GC(42) Phase 1: Mark live objects
[120.081s][info][gc,stringtable ] GC(42) Cleaned string and symbol table, strings: 16503 processed, 9 removed, symbols: 124457 processed, 0 removed
[120.081s][info][gc,phases      ] GC(42) Phase 1: Mark live objects 11.584ms
[120.081s][info][gc,phases,start] GC(42) Phase 2: Prepare for compaction
[120.089s][info][gc,phases      ] GC(42) Phase 2: Prepare for compaction 7.316ms
[120.089s][info][gc,phases,start] GC(42) Phase 3: Adjust pointers
[120.100s][info][gc,phases      ] GC(42) Phase 3: Adjust pointers 11.654ms
[120.100s][info][gc,phases,start] GC(42) Phase 4: Compact heap
[120.106s][info][gc,phases      ] GC(42) Phase 4: Compact heap 5.748ms
[120.116s][info][gc,heap        ] GC(42) Eden regions: 538->0(1228)
[120.116s][info][gc,heap        ] GC(42) Survivor regions: 0->0(30)
[120.116s][info][gc,heap        ] GC(42) Old regions: 10->10
[120.116s][info][gc,heap        ] GC(42) Humongous regions: 0->0
[120.116s][info][gc,metaspace   ] GC(42) Metaspace: 63372K(66304K)->63372K(66304K) NonClass: 55382K(57088K)->55382K(57088K) Class: 7990K(9216K)->7990K(9216K)
[120.116s][info][gc             ] GC(42) Pause Full (System.gc()) 2175M->23M(8192M) 47.407ms
[120.117s][info][gc,cpu         ] GC(42) User=0.05s Sys=0.00s Real=0.05s
[122.950s][info][gc,task        ] GC(43) Using 6 workers of 6 for full compaction
[122.950s][info][gc,start       ] GC(43) Pause Full (System.gc())
[122.951s][info][gc,phases,start] GC(43) Phase 1: Mark live objects
[122.961s][info][gc,stringtable ] GC(43) Cleaned string and symbol table, strings: 16512 processed, 9 removed, symbols: 124457 processed, 0 removed
[122.961s][info][gc,phases      ] GC(43) Phase 1: Mark live objects 10.437ms
[122.961s][info][gc,phases,start] GC(43) Phase 2: Prepare for compaction
[122.968s][info][gc,phases      ] GC(43) Phase 2: Prepare for compaction 7.006ms
[122.969s][info][gc,phases,start] GC(43) Phase 3: Adjust pointers
[122.981s][info][gc,phases      ] GC(43) Phase 3: Adjust pointers 12.036ms
[122.981s][info][gc,phases,start] GC(43) Phase 4: Compact heap
[122.987s][info][gc,phases      ] GC(43) Phase 4: Compact heap 6.175ms
[122.997s][info][gc,heap        ] GC(43) Eden regions: 539->0(1228)
[122.997s][info][gc,heap        ] GC(43) Survivor regions: 0->0(30)
[122.997s][info][gc,heap        ] GC(43) Old regions: 10->10
[122.997s][info][gc,heap        ] GC(43) Humongous regions: 0->0
[122.997s][info][gc,metaspace   ] GC(43) Metaspace: 63372K(66304K)->63372K(66304K) NonClass: 55382K(57088K)->55382K(57088K) Class: 7990K(9216K)->7990K(9216K)
[122.997s][info][gc             ] GC(43) Pause Full (System.gc()) 2177M->23M(8192M) 47.263ms
[122.997s][info][gc,cpu         ] GC(43) User=0.02s Sys=0.00s Real=0.05s
[125.785s][info][gc,task        ] GC(44) Using 6 workers of 6 for full compaction
[125.785s][info][gc,start       ] GC(44) Pause Full (System.gc())
[125.786s][info][gc,phases,start] GC(44) Phase 1: Mark live objects
[125.798s][info][gc,stringtable ] GC(44) Cleaned string and symbol table, strings: 16517 processed, 9 removed, symbols: 124457 processed, 0 removed
[125.798s][info][gc,phases      ] GC(44) Phase 1: Mark live objects 12.154ms
[125.798s][info][gc,phases,start] GC(44) Phase 2: Prepare for compaction
[125.806s][info][gc,phases      ] GC(44) Phase 2: Prepare for compaction 7.543ms
[125.806s][info][gc,phases,start] GC(44) Phase 3: Adjust pointers
[125.818s][info][gc,phases      ] GC(44) Phase 3: Adjust pointers 11.853ms
[125.818s][info][gc,phases,start] GC(44) Phase 4: Compact heap
[125.824s][info][gc,phases      ] GC(44) Phase 4: Compact heap 5.863ms
[125.834s][info][gc,heap        ] GC(44) Eden regions: 541->0(1228)
[125.834s][info][gc,heap        ] GC(44) Survivor regions: 0->0(30)
[125.834s][info][gc,heap        ] GC(44) Old regions: 10->10
[125.834s][info][gc,heap        ] GC(44) Humongous regions: 0->0
[125.834s][info][gc,metaspace   ] GC(44) Metaspace: 63376K(66304K)->63376K(66304K) NonClass: 55386K(57088K)->55386K(57088K) Class: 7990K(9216K)->7990K(9216K)
[125.834s][info][gc             ] GC(44) Pause Full (System.gc()) 2187M->23M(8192M) 48.845ms
[125.834s][info][gc,cpu         ] GC(44) User=0.02s Sys=0.00s Real=0.05s
[128.661s][info][gc,task        ] GC(45) Using 6 workers of 6 for full compaction
[128.661s][info][gc,start       ] GC(45) Pause Full (System.gc())
[128.662s][info][gc,phases,start] GC(45) Phase 1: Mark live objects
[128.673s][info][gc,stringtable ] GC(45) Cleaned string and symbol table, strings: 16523 processed, 9 removed, symbols: 124459 processed, 0 removed
[128.673s][info][gc,phases      ] GC(45) Phase 1: Mark live objects 11.905ms
[128.673s][info][gc,phases,start] GC(45) Phase 2: Prepare for compaction
[128.681s][info][gc,phases      ] GC(45) Phase 2: Prepare for compaction 7.031ms
[128.681s][info][gc,phases,start] GC(45) Phase 3: Adjust pointers
[128.692s][info][gc,phases      ] GC(45) Phase 3: Adjust pointers 11.511ms
[128.692s][info][gc,phases,start] GC(45) Phase 4: Compact heap
[128.699s][info][gc,phases      ] GC(45) Phase 4: Compact heap 6.930ms
[128.709s][info][gc,heap        ] GC(45) Eden regions: 540->0(1228)
[128.709s][info][gc,heap        ] GC(45) Survivor regions: 0->0(30)
[128.709s][info][gc,heap        ] GC(45) Old regions: 10->10
[128.709s][info][gc,heap        ] GC(45) Humongous regions: 0->0
[128.709s][info][gc,metaspace   ] GC(45) Metaspace: 63379K(66304K)->63379K(66304K) NonClass: 55388K(57088K)->55388K(57088K) Class: 7990K(9216K)->7990K(9216K)
[128.709s][info][gc             ] GC(45) Pause Full (System.gc()) 2183M->23M(8192M) 48.546ms
[128.709s][info][gc,cpu         ] GC(45) User=0.03s Sys=0.00s Real=0.05s
[131.494s][info][gc,task        ] GC(46) Using 6 workers of 6 for full compaction
[131.494s][info][gc,start       ] GC(46) Pause Full (System.gc())
[131.495s][info][gc,phases,start] GC(46) Phase 1: Mark live objects
[131.505s][info][gc,stringtable ] GC(46) Cleaned string and symbol table, strings: 16530 processed, 9 removed, symbols: 124459 processed, 0 removed
[131.505s][info][gc,phases      ] GC(46) Phase 1: Mark live objects 10.542ms
[131.505s][info][gc,phases,start] GC(46) Phase 2: Prepare for compaction
[131.513s][info][gc,phases      ] GC(46) Phase 2: Prepare for compaction 7.533ms
[131.513s][info][gc,phases,start] GC(46) Phase 3: Adjust pointers
[131.525s][info][gc,phases      ] GC(46) Phase 3: Adjust pointers 11.771ms
[131.525s][info][gc,phases,start] GC(46) Phase 4: Compact heap
[131.531s][info][gc,phases      ] GC(46) Phase 4: Compact heap 6.314ms
[131.541s][info][gc,heap        ] GC(46) Eden regions: 539->0(1228)
[131.541s][info][gc,heap        ] GC(46) Survivor regions: 0->0(30)
[131.541s][info][gc,heap        ] GC(46) Old regions: 10->11
[131.541s][info][gc,heap        ] GC(46) Humongous regions: 0->0
[131.541s][info][gc,metaspace   ] GC(46) Metaspace: 63386K(66304K)->63386K(66304K) NonClass: 55395K(57088K)->55395K(57088K) Class: 7990K(9216K)->7990K(9216K)
[131.542s][info][gc             ] GC(46) Pause Full (System.gc()) 2179M->23M(8192M) 47.465ms
[131.542s][info][gc,cpu         ] GC(46) User=0.02s Sys=0.00s Real=0.05s
[134.360s][info][gc,task        ] GC(47) Using 6 workers of 6 for full compaction
[134.361s][info][gc,start       ] GC(47) Pause Full (System.gc())
[134.361s][info][gc,phases,start] GC(47) Phase 1: Mark live objects
[134.373s][info][gc,stringtable ] GC(47) Cleaned string and symbol table, strings: 16536 processed, 9 removed, symbols: 124459 processed, 0 removed
[134.373s][info][gc,phases      ] GC(47) Phase 1: Mark live objects 11.498ms
[134.373s][info][gc,phases,start] GC(47) Phase 2: Prepare for compaction
[134.380s][info][gc,phases      ] GC(47) Phase 2: Prepare for compaction 7.469ms
[134.380s][info][gc,phases,start] GC(47) Phase 3: Adjust pointers
[134.392s][info][gc,phases      ] GC(47) Phase 3: Adjust pointers 11.686ms
[134.392s][info][gc,phases,start] GC(47) Phase 4: Compact heap
[134.398s][info][gc,phases      ] GC(47) Phase 4: Compact heap 5.553ms
[134.408s][info][gc,heap        ] GC(47) Eden regions: 533->0(1228)
[134.408s][info][gc,heap        ] GC(47) Survivor regions: 0->0(30)
[134.408s][info][gc,heap        ] GC(47) Old regions: 11->10
[134.408s][info][gc,heap        ] GC(47) Humongous regions: 0->0
[134.408s][info][gc,metaspace   ] GC(47) Metaspace: 63393K(66304K)->63393K(66304K) NonClass: 55402K(57088K)->55402K(57088K) Class: 7990K(9216K)->7990K(9216K)
[134.408s][info][gc             ] GC(47) Pause Full (System.gc()) 2153M->23M(8192M) 47.362ms
[134.408s][info][gc,cpu         ] GC(47) User=0.00s Sys=0.00s Real=0.05s
[137.224s][info][gc,task        ] GC(48) Using 6 workers of 6 for full compaction
[137.224s][info][gc,start       ] GC(48) Pause Full (System.gc())
[137.225s][info][gc,phases,start] GC(48) Phase 1: Mark live objects
[137.237s][info][gc,stringtable ] GC(48) Cleaned string and symbol table, strings: 16548 processed, 9 removed, symbols: 124459 processed, 0 removed
[137.237s][info][gc,phases      ] GC(48) Phase 1: Mark live objects 11.973ms
[137.237s][info][gc,phases,start] GC(48) Phase 2: Prepare for compaction
[137.244s][info][gc,phases      ] GC(48) Phase 2: Prepare for compaction 7.401ms
[137.244s][info][gc,phases,start] GC(48) Phase 3: Adjust pointers
[137.256s][info][gc,phases      ] GC(48) Phase 3: Adjust pointers 11.648ms
[137.256s][info][gc,phases,start] GC(48) Phase 4: Compact heap
[137.262s][info][gc,phases      ] GC(48) Phase 4: Compact heap 5.808ms
[137.272s][info][gc,heap        ] GC(48) Eden regions: 533->0(1228)
[137.272s][info][gc,heap        ] GC(48) Survivor regions: 0->0(30)
[137.272s][info][gc,heap        ] GC(48) Old regions: 10->10
[137.272s][info][gc,heap        ] GC(48) Humongous regions: 0->0
[137.272s][info][gc,metaspace   ] GC(48) Metaspace: 63394K(66304K)->63394K(66304K) NonClass: 55403K(57088K)->55403K(57088K) Class: 7990K(9216K)->7990K(9216K)
[137.272s][info][gc             ] GC(48) Pause Full (System.gc()) 2155M->23M(8192M) 48.298ms
[137.273s][info][gc,cpu         ] GC(48) User=0.03s Sys=0.00s Real=0.05s
[140.063s][info][gc,task        ] GC(49) Using 6 workers of 6 for full compaction
[140.063s][info][gc,start       ] GC(49) Pause Full (System.gc())
[140.064s][info][gc,phases,start] GC(49) Phase 1: Mark live objects
[140.076s][info][gc,stringtable ] GC(49) Cleaned string and symbol table, strings: 16554 processed, 9 removed, symbols: 124460 processed, 0 removed
[140.076s][info][gc,phases      ] GC(49) Phase 1: Mark live objects 11.569ms
[140.076s][info][gc,phases,start] GC(49) Phase 2: Prepare for compaction
[140.082s][info][gc,phases      ] GC(49) Phase 2: Prepare for compaction 6.475ms
[140.082s][info][gc,phases,start] GC(49) Phase 3: Adjust pointers
[140.094s][info][gc,phases      ] GC(49) Phase 3: Adjust pointers 12.187ms
[140.094s][info][gc,phases,start] GC(49) Phase 4: Compact heap
[140.100s][info][gc,phases      ] GC(49) Phase 4: Compact heap 5.531ms
[140.110s][info][gc,heap        ] GC(49) Eden regions: 534->0(1228)
[140.110s][info][gc,heap        ] GC(49) Survivor regions: 0->0(30)
[140.110s][info][gc,heap        ] GC(49) Old regions: 10->10
[140.110s][info][gc,heap        ] GC(49) Humongous regions: 0->0
[140.110s][info][gc,metaspace   ] GC(49) Metaspace: 63396K(66304K)->63396K(66304K) NonClass: 55405K(57088K)->55405K(57088K) Class: 7991K(9216K)->7991K(9216K)
[140.111s][info][gc             ] GC(49) Pause Full (System.gc()) 2159M->23M(8192M) 47.294ms
[140.111s][info][gc,cpu         ] GC(49) User=0.02s Sys=0.00s Real=0.05s
[142.898s][info][gc,task        ] GC(50) Using 6 workers of 6 for full compaction
[142.898s][info][gc,start       ] GC(50) Pause Full (System.gc())
[142.899s][info][gc,phases,start] GC(50) Phase 1: Mark live objects
[142.911s][info][gc,stringtable ] GC(50) Cleaned string and symbol table, strings: 16563 processed, 9 removed, symbols: 124460 processed, 0 removed
[142.911s][info][gc,phases      ] GC(50) Phase 1: Mark live objects 11.577ms
[142.911s][info][gc,phases,start] GC(50) Phase 2: Prepare for compaction
[142.918s][info][gc,phases      ] GC(50) Phase 2: Prepare for compaction 6.876ms
[142.918s][info][gc,phases,start] GC(50) Phase 3: Adjust pointers
[142.930s][info][gc,phases      ] GC(50) Phase 3: Adjust pointers 12.022ms
[142.930s][info][gc,phases,start] GC(50) Phase 4: Compact heap
[142.936s][info][gc,phases      ] GC(50) Phase 4: Compact heap 6.324ms
[142.947s][info][gc,heap        ] GC(50) Eden regions: 535->0(1228)
[142.947s][info][gc,heap        ] GC(50) Survivor regions: 0->0(30)
[142.947s][info][gc,heap        ] GC(50) Old regions: 10->9
[142.947s][info][gc,heap        ] GC(50) Humongous regions: 0->0
[142.947s][info][gc,metaspace   ] GC(50) Metaspace: 63396K(66304K)->63396K(66304K) NonClass: 55405K(57088K)->55405K(57088K) Class: 7991K(9216K)->7991K(9216K)
[142.947s][info][gc             ] GC(50) Pause Full (System.gc()) 2163M->23M(8192M) 49.264ms
[142.947s][info][gc,cpu         ] GC(50) User=0.02s Sys=0.00s Real=0.05s
[145.798s][info][gc,task        ] GC(51) Using 6 workers of 6 for full compaction
[145.798s][info][gc,start       ] GC(51) Pause Full (System.gc())
[145.799s][info][gc,phases,start] GC(51) Phase 1: Mark live objects
[145.810s][info][gc,stringtable ] GC(51) Cleaned string and symbol table, strings: 16568 processed, 9 removed, symbols: 124460 processed, 0 removed
[145.810s][info][gc,phases      ] GC(51) Phase 1: Mark live objects 10.911ms
[145.810s][info][gc,phases,start] GC(51) Phase 2: Prepare for compaction
[145.818s][info][gc,phases      ] GC(51) Phase 2: Prepare for compaction 7.214ms
[145.818s][info][gc,phases,start] GC(51) Phase 3: Adjust pointers
[145.830s][info][gc,phases      ] GC(51) Phase 3: Adjust pointers 11.973ms
[145.830s][info][gc,phases,start] GC(51) Phase 4: Compact heap
[145.836s][info][gc,phases      ] GC(51) Phase 4: Compact heap 6.482ms
[145.846s][info][gc,heap        ] GC(51) Eden regions: 533->0(1228)
[145.846s][info][gc,heap        ] GC(51) Survivor regions: 0->0(30)
[145.847s][info][gc,heap        ] GC(51) Old regions: 9->9
[145.847s][info][gc,heap        ] GC(51) Humongous regions: 0->0
[145.847s][info][gc,metaspace   ] GC(51) Metaspace: 63413K(66304K)->63413K(66304K) NonClass: 55422K(57088K)->55422K(57088K) Class: 7991K(9216K)->7991K(9216K)
[145.847s][info][gc             ] GC(51) Pause Full (System.gc()) 2155M->23M(8192M) 48.093ms
[145.847s][info][gc,cpu         ] GC(51) User=0.00s Sys=0.00s Real=0.05s
[148.645s][info][gc,task        ] GC(52) Using 6 workers of 6 for full compaction
[148.645s][info][gc,start       ] GC(52) Pause Full (System.gc())
[148.646s][info][gc,phases,start] GC(52) Phase 1: Mark live objects
[148.658s][info][gc,stringtable ] GC(52) Cleaned string and symbol table, strings: 16573 processed, 9 removed, symbols: 124491 processed, 0 removed
[148.658s][info][gc,phases      ] GC(52) Phase 1: Mark live objects 12.274ms
[148.658s][info][gc,phases,start] GC(52) Phase 2: Prepare for compaction
[148.666s][info][gc,phases      ] GC(52) Phase 2: Prepare for compaction 7.226ms
[148.666s][info][gc,phases,start] GC(52) Phase 3: Adjust pointers
[148.678s][info][gc,phases      ] GC(52) Phase 3: Adjust pointers 12.286ms
[148.678s][info][gc,phases,start] GC(52) Phase 4: Compact heap
[148.684s][info][gc,phases      ] GC(52) Phase 4: Compact heap 6.140ms
[148.694s][info][gc,heap        ] GC(52) Eden regions: 535->0(1228)
[148.695s][info][gc,heap        ] GC(52) Survivor regions: 0->0(30)
[148.695s][info][gc,heap        ] GC(52) Old regions: 9->10
[148.695s][info][gc,heap        ] GC(52) Humongous regions: 0->0
[148.695s][info][gc,metaspace   ] GC(52) Metaspace: 63438K(66304K)->63438K(66304K) NonClass: 55443K(57088K)->55443K(57088K) Class: 7994K(9216K)->7994K(9216K)
[148.695s][info][gc             ] GC(52) Pause Full (System.gc()) 2161M->23M(8192M) 49.377ms
[148.695s][info][gc,cpu         ] GC(52) User=0.00s Sys=0.00s Real=0.05s
[151.531s][info][gc,task        ] GC(53) Using 6 workers of 6 for full compaction
[151.531s][info][gc,start       ] GC(53) Pause Full (System.gc())
[151.532s][info][gc,phases,start] GC(53) Phase 1: Mark live objects
[151.546s][info][gc,stringtable ] GC(53) Cleaned string and symbol table, strings: 16576 processed, 9 removed, symbols: 124491 processed, 0 removed
[151.546s][info][gc,phases      ] GC(53) Phase 1: Mark live objects 13.301ms
[151.546s][info][gc,phases,start] GC(53) Phase 2: Prepare for compaction
[151.553s][info][gc,phases      ] GC(53) Phase 2: Prepare for compaction 7.725ms
[151.553s][info][gc,phases,start] GC(53) Phase 3: Adjust pointers
[151.565s][info][gc,phases      ] GC(53) Phase 3: Adjust pointers 12.059ms
[151.566s][info][gc,phases,start] GC(53) Phase 4: Compact heap
[151.572s][info][gc,phases      ] GC(53) Phase 4: Compact heap 5.960ms
[151.582s][info][gc,heap        ] GC(53) Eden regions: 537->0(1228)
[151.582s][info][gc,heap        ] GC(53) Survivor regions: 0->0(30)
[151.582s][info][gc,heap        ] GC(53) Old regions: 10->10
[151.582s][info][gc,heap        ] GC(53) Humongous regions: 0->0
[151.582s][info][gc,metaspace   ] GC(53) Metaspace: 63439K(66304K)->63439K(66304K) NonClass: 55445K(57088K)->55445K(57088K) Class: 7994K(9216K)->7994K(9216K)
[151.582s][info][gc             ] GC(53) Pause Full (System.gc()) 2171M->23M(8192M) 50.699ms
[151.582s][info][gc,cpu         ] GC(53) User=0.02s Sys=0.00s Real=0.06s
[154.402s][info][gc,task        ] GC(54) Using 6 workers of 6 for full compaction
[154.402s][info][gc,start       ] GC(54) Pause Full (System.gc())
[154.403s][info][gc,phases,start] GC(54) Phase 1: Mark live objects
[154.427s][info][gc,stringtable ] GC(54) Cleaned string and symbol table, strings: 16576 processed, 9 removed, symbols: 124491 processed, 0 removed
[154.427s][info][gc,phases      ] GC(54) Phase 1: Mark live objects 23.086ms
[154.427s][info][gc,phases,start] GC(54) Phase 2: Prepare for compaction
[154.433s][info][gc,phases      ] GC(54) Phase 2: Prepare for compaction 6.782ms
[154.433s][info][gc,phases,start] GC(54) Phase 3: Adjust pointers
[154.445s][info][gc,phases      ] GC(54) Phase 3: Adjust pointers 11.756ms
[154.445s][info][gc,phases,start] GC(54) Phase 4: Compact heap
[154.451s][info][gc,phases      ] GC(54) Phase 4: Compact heap 5.958ms
[154.462s][info][gc,heap        ] GC(54) Eden regions: 532->0(1228)
[154.462s][info][gc,heap        ] GC(54) Survivor regions: 0->0(30)
[154.462s][info][gc,heap        ] GC(54) Old regions: 10->10
[154.462s][info][gc,heap        ] GC(54) Humongous regions: 0->0
[154.462s][info][gc,metaspace   ] GC(54) Metaspace: 63446K(66304K)->63446K(66304K) NonClass: 55451K(57088K)->55451K(57088K) Class: 7994K(9216K)->7994K(9216K)
[154.462s][info][gc             ] GC(54) Pause Full (System.gc()) 2149M->23M(8192M) 59.603ms
[154.462s][info][gc,cpu         ] GC(54) User=0.03s Sys=0.00s Real=0.06s
[157.306s][info][gc,task        ] GC(55) Using 6 workers of 6 for full compaction
[157.306s][info][gc,start       ] GC(55) Pause Full (System.gc())
[157.307s][info][gc,phases,start] GC(55) Phase 1: Mark live objects
[157.318s][info][gc,stringtable ] GC(55) Cleaned string and symbol table, strings: 16576 processed, 9 removed, symbols: 124491 processed, 0 removed
[157.318s][info][gc,phases      ] GC(55) Phase 1: Mark live objects 11.405ms
[157.318s][info][gc,phases,start] GC(55) Phase 2: Prepare for compaction
[157.326s][info][gc,phases      ] GC(55) Phase 2: Prepare for compaction 7.563ms
[157.326s][info][gc,phases,start] GC(55) Phase 3: Adjust pointers
[157.338s][info][gc,phases      ] GC(55) Phase 3: Adjust pointers 12.256ms
[157.338s][info][gc,phases,start] GC(55) Phase 4: Compact heap
[157.345s][info][gc,phases      ] GC(55) Phase 4: Compact heap 6.488ms
[157.355s][info][gc,heap        ] GC(55) Eden regions: 529->0(1228)
[157.355s][info][gc,heap        ] GC(55) Survivor regions: 0->0(30)
[157.355s][info][gc,heap        ] GC(55) Old regions: 10->9
[157.355s][info][gc,heap        ] GC(55) Humongous regions: 0->0
[157.355s][info][gc,metaspace   ] GC(55) Metaspace: 63450K(66304K)->63450K(66304K) NonClass: 55455K(57088K)->55455K(57088K) Class: 7994K(9216K)->7994K(9216K)
[157.355s][info][gc             ] GC(55) Pause Full (System.gc()) 2137M->23M(8192M) 49.378ms
[157.356s][info][gc,cpu         ] GC(55) User=0.02s Sys=0.00s Real=0.05s
[160.219s][info][gc,task        ] GC(56) Using 6 workers of 6 for full compaction
[160.219s][info][gc,start       ] GC(56) Pause Full (System.gc())
[160.220s][info][gc,phases,start] GC(56) Phase 1: Mark live objects
[160.231s][info][gc,stringtable ] GC(56) Cleaned string and symbol table, strings: 16576 processed, 9 removed, symbols: 124491 processed, 0 removed
[160.231s][info][gc,phases      ] GC(56) Phase 1: Mark live objects 11.039ms
[160.231s][info][gc,phases,start] GC(56) Phase 2: Prepare for compaction
[160.251s][info][gc,phases      ] GC(56) Phase 2: Prepare for compaction 19.914ms
[160.251s][info][gc,phases,start] GC(56) Phase 3: Adjust pointers
[160.263s][info][gc,phases      ] GC(56) Phase 3: Adjust pointers 11.628ms
[160.263s][info][gc,phases,start] GC(56) Phase 4: Compact heap
[160.269s][info][gc,phases      ] GC(56) Phase 4: Compact heap 6.545ms
[160.280s][info][gc,heap        ] GC(56) Eden regions: 532->0(1228)
[160.280s][info][gc,heap        ] GC(56) Survivor regions: 0->0(30)
[160.280s][info][gc,heap        ] GC(56) Old regions: 9->10
[160.280s][info][gc,heap        ] GC(56) Humongous regions: 0->0
[160.280s][info][gc,metaspace   ] GC(56) Metaspace: 63453K(66304K)->63453K(66304K) NonClass: 55458K(57088K)->55458K(57088K) Class: 7994K(9216K)->7994K(9216K)
[160.280s][info][gc             ] GC(56) Pause Full (System.gc()) 2151M->23M(8192M) 60.585ms
[160.280s][info][gc,cpu         ] GC(56) User=0.02s Sys=0.03s Real=0.06s
[163.075s][info][gc,task        ] GC(57) Using 6 workers of 6 for full compaction
[163.075s][info][gc,start       ] GC(57) Pause Full (System.gc())
[163.076s][info][gc,phases,start] GC(57) Phase 1: Mark live objects
[163.089s][info][gc,stringtable ] GC(57) Cleaned string and symbol table, strings: 16579 processed, 9 removed, symbols: 124491 processed, 0 removed
[163.089s][info][gc,phases      ] GC(57) Phase 1: Mark live objects 12.616ms
[163.089s][info][gc,phases,start] GC(57) Phase 2: Prepare for compaction
[163.095s][info][gc,phases      ] GC(57) Phase 2: Prepare for compaction 6.749ms
[163.095s][info][gc,phases,start] GC(57) Phase 3: Adjust pointers
[163.108s][info][gc,phases      ] GC(57) Phase 3: Adjust pointers 12.395ms
[163.108s][info][gc,phases,start] GC(57) Phase 4: Compact heap
[163.113s][info][gc,phases      ] GC(57) Phase 4: Compact heap 5.246ms
[163.124s][info][gc,heap        ] GC(57) Eden regions: 529->0(1228)
[163.124s][info][gc,heap        ] GC(57) Survivor regions: 0->0(30)
[163.124s][info][gc,heap        ] GC(57) Old regions: 10->10
[163.124s][info][gc,heap        ] GC(57) Humongous regions: 0->0
[163.124s][info][gc,metaspace   ] GC(57) Metaspace: 63454K(66304K)->63454K(66304K) NonClass: 55460K(57088K)->55460K(57088K) Class: 7994K(9216K)->7994K(9216K)
[163.124s][info][gc             ] GC(57) Pause Full (System.gc()) 2137M->23M(8192M) 48.739ms
[163.124s][info][gc,cpu         ] GC(57) User=0.03s Sys=0.00s Real=0.05s
[165.904s][info][gc,task        ] GC(58) Using 6 workers of 6 for full compaction
[165.904s][info][gc,start       ] GC(58) Pause Full (System.gc())
[165.905s][info][gc,phases,start] GC(58) Phase 1: Mark live objects
[165.917s][info][gc,stringtable ] GC(58) Cleaned string and symbol table, strings: 16580 processed, 9 removed, symbols: 124491 processed, 0 removed
[165.917s][info][gc,phases      ] GC(58) Phase 1: Mark live objects 12.412ms
[165.917s][info][gc,phases,start] GC(58) Phase 2: Prepare for compaction
[165.924s][info][gc,phases      ] GC(58) Phase 2: Prepare for compaction 7.025ms
[165.924s][info][gc,phases,start] GC(58) Phase 3: Adjust pointers
[165.937s][info][gc,phases      ] GC(58) Phase 3: Adjust pointers 12.349ms
[165.937s][info][gc,phases,start] GC(58) Phase 4: Compact heap
[165.942s][info][gc,phases      ] GC(58) Phase 4: Compact heap 5.389ms
[165.953s][info][gc,heap        ] GC(58) Eden regions: 531->0(1228)
[165.953s][info][gc,heap        ] GC(58) Survivor regions: 0->0(30)
[165.953s][info][gc,heap        ] GC(58) Old regions: 10->10
[165.953s][info][gc,heap        ] GC(58) Humongous regions: 0->0
[165.953s][info][gc,metaspace   ] GC(58) Metaspace: 63458K(66304K)->63458K(66304K) NonClass: 55463K(57088K)->55463K(57088K) Class: 7994K(9216K)->7994K(9216K)
[165.953s][info][gc             ] GC(58) Pause Full (System.gc()) 2145M->23M(8192M) 48.863ms
[165.953s][info][gc,cpu         ] GC(58) User=0.00s Sys=0.00s Real=0.05s
[168.724s][info][gc,task        ] GC(59) Using 6 workers of 6 for full compaction
[168.724s][info][gc,start       ] GC(59) Pause Full (System.gc())
[168.726s][info][gc,phases,start] GC(59) Phase 1: Mark live objects
[168.739s][info][gc,stringtable ] GC(59) Cleaned string and symbol table, strings: 16588 processed, 9 removed, symbols: 124491 processed, 0 removed
[168.739s][info][gc,phases      ] GC(59) Phase 1: Mark live objects 12.564ms
[168.739s][info][gc,phases,start] GC(59) Phase 2: Prepare for compaction
[168.745s][info][gc,phases      ] GC(59) Phase 2: Prepare for compaction 6.755ms
[168.746s][info][gc,phases,start] GC(59) Phase 3: Adjust pointers
[168.758s][info][gc,phases      ] GC(59) Phase 3: Adjust pointers 12.326ms
[168.758s][info][gc,phases,start] GC(59) Phase 4: Compact heap
[168.763s][info][gc,phases      ] GC(59) Phase 4: Compact heap 5.474ms
[168.774s][info][gc,heap        ] GC(59) Eden regions: 529->0(1228)
[168.774s][info][gc,heap        ] GC(59) Survivor regions: 0->0(30)
[168.774s][info][gc,heap        ] GC(59) Old regions: 10->10
[168.774s][info][gc,heap        ] GC(59) Humongous regions: 0->0
[168.774s][info][gc,metaspace   ] GC(59) Metaspace: 63459K(66304K)->63459K(66304K) NonClass: 55464K(57088K)->55464K(57088K) Class: 7994K(9216K)->7994K(9216K)
[168.774s][info][gc             ] GC(59) Pause Full (System.gc()) 2137M->23M(8192M) 49.731ms
[168.774s][info][gc,cpu         ] GC(59) User=0.03s Sys=0.00s Real=0.05s
[171.548s][info][gc,task        ] GC(60) Using 6 workers of 6 for full compaction
[171.548s][info][gc,start       ] GC(60) Pause Full (System.gc())
[171.549s][info][gc,phases,start] GC(60) Phase 1: Mark live objects
[171.561s][info][gc,stringtable ] GC(60) Cleaned string and symbol table, strings: 16588 processed, 9 removed, symbols: 124491 processed, 0 removed
[171.561s][info][gc,phases      ] GC(60) Phase 1: Mark live objects 12.061ms
[171.561s][info][gc,phases,start] GC(60) Phase 2: Prepare for compaction
[171.568s][info][gc,phases      ] GC(60) Phase 2: Prepare for compaction 6.958ms
[171.569s][info][gc,phases,start] GC(60) Phase 3: Adjust pointers
[171.581s][info][gc,phases      ] GC(60) Phase 3: Adjust pointers 12.412ms
[171.581s][info][gc,phases,start] GC(60) Phase 4: Compact heap
[171.586s][info][gc,phases      ] GC(60) Phase 4: Compact heap 5.446ms
[171.597s][info][gc,heap        ] GC(60) Eden regions: 529->0(1228)
[171.597s][info][gc,heap        ] GC(60) Survivor regions: 0->0(30)
[171.597s][info][gc,heap        ] GC(60) Old regions: 10->10
[171.597s][info][gc,heap        ] GC(60) Humongous regions: 0->0
[171.597s][info][gc,metaspace   ] GC(60) Metaspace: 63459K(66304K)->63459K(66304K) NonClass: 55464K(57088K)->55464K(57088K) Class: 7994K(9216K)->7994K(9216K)
[171.597s][info][gc             ] GC(60) Pause Full (System.gc()) 2139M->23M(8192M) 48.600ms
[171.597s][info][gc,cpu         ] GC(60) User=0.02s Sys=0.00s Real=0.05s
[174.409s][info][gc,task        ] GC(61) Using 6 workers of 6 for full compaction
[174.409s][info][gc,start       ] GC(61) Pause Full (System.gc())
[174.410s][info][gc,phases,start] GC(61) Phase 1: Mark live objects
[174.439s][info][gc,stringtable ] GC(61) Cleaned string and symbol table, strings: 16588 processed, 9 removed, symbols: 124491 processed, 0 removed
[174.439s][info][gc,phases      ] GC(61) Phase 1: Mark live objects 28.750ms
[174.439s][info][gc,phases,start] GC(61) Phase 2: Prepare for compaction
[174.447s][info][gc,phases      ] GC(61) Phase 2: Prepare for compaction 7.422ms
[174.447s][info][gc,phases,start] GC(61) Phase 3: Adjust pointers
[174.459s][info][gc,phases      ] GC(61) Phase 3: Adjust pointers 12.152ms
[174.459s][info][gc,phases,start] GC(61) Phase 4: Compact heap
[174.464s][info][gc,phases      ] GC(61) Phase 4: Compact heap 5.472ms
[174.475s][info][gc,heap        ] GC(61) Eden regions: 528->0(1228)
[174.475s][info][gc,heap        ] GC(61) Survivor regions: 0->0(30)
[174.475s][info][gc,heap        ] GC(61) Old regions: 10->10
[174.475s][info][gc,heap        ] GC(61) Humongous regions: 0->0
[174.475s][info][gc,metaspace   ] GC(61) Metaspace: 63462K(66304K)->63462K(66304K) NonClass: 55467K(57088K)->55467K(57088K) Class: 7994K(9216K)->7994K(9216K)
[174.475s][info][gc             ] GC(61) Pause Full (System.gc()) 2133M->23M(8192M) 65.515ms
[174.475s][info][gc,cpu         ] GC(61) User=0.05s Sys=0.00s Real=0.06s
[177.252s][info][gc,task        ] GC(62) Using 6 workers of 6 for full compaction
[177.252s][info][gc,start       ] GC(62) Pause Full (System.gc())
[177.253s][info][gc,phases,start] GC(62) Phase 1: Mark live objects
[177.265s][info][gc,stringtable ] GC(62) Cleaned string and symbol table, strings: 16591 processed, 9 removed, symbols: 124491 processed, 0 removed
[177.265s][info][gc,phases      ] GC(62) Phase 1: Mark live objects 11.973ms
[177.265s][info][gc,phases,start] GC(62) Phase 2: Prepare for compaction
[177.272s][info][gc,phases      ] GC(62) Phase 2: Prepare for compaction 6.808ms
[177.272s][info][gc,phases,start] GC(62) Phase 3: Adjust pointers
[177.284s][info][gc,phases      ] GC(62) Phase 3: Adjust pointers 12.468ms
[177.284s][info][gc,phases,start] GC(62) Phase 4: Compact heap
[177.290s][info][gc,phases      ] GC(62) Phase 4: Compact heap 5.633ms
[177.300s][info][gc,heap        ] GC(62) Eden regions: 532->0(1228)
[177.301s][info][gc,heap        ] GC(62) Survivor regions: 0->0(30)
[177.301s][info][gc,heap        ] GC(62) Old regions: 10->10
[177.301s][info][gc,heap        ] GC(62) Humongous regions: 0->0
[177.301s][info][gc,metaspace   ] GC(62) Metaspace: 63462K(66304K)->63462K(66304K) NonClass: 55467K(57088K)->55467K(57088K) Class: 7994K(9216K)->7994K(9216K)
[177.301s][info][gc             ] GC(62) Pause Full (System.gc()) 2149M->23M(8192M) 48.769ms
[177.301s][info][gc,cpu         ] GC(62) User=0.03s Sys=0.00s Real=0.05s
[180.071s][info][gc,task        ] GC(63) Using 6 workers of 6 for full compaction
[180.071s][info][gc,start       ] GC(63) Pause Full (System.gc())
[180.072s][info][gc,phases,start] GC(63) Phase 1: Mark live objects
[180.084s][info][gc,stringtable ] GC(63) Cleaned string and symbol table, strings: 16594 processed, 9 removed, symbols: 124491 processed, 0 removed
[180.084s][info][gc,phases      ] GC(63) Phase 1: Mark live objects 12.154ms
[180.084s][info][gc,phases,start] GC(63) Phase 2: Prepare for compaction
[180.092s][info][gc,phases      ] GC(63) Phase 2: Prepare for compaction 8.201ms
[180.093s][info][gc,phases,start] GC(63) Phase 3: Adjust pointers
[180.105s][info][gc,phases      ] GC(63) Phase 3: Adjust pointers 12.058ms
[180.105s][info][gc,phases,start] GC(63) Phase 4: Compact heap
[180.110s][info][gc,phases      ] GC(63) Phase 4: Compact heap 5.801ms
[180.121s][info][gc,heap        ] GC(63) Eden regions: 529->0(1228)
[180.121s][info][gc,heap        ] GC(63) Survivor regions: 0->0(30)
[180.121s][info][gc,heap        ] GC(63) Old regions: 10->11
[180.121s][info][gc,heap        ] GC(63) Humongous regions: 0->0
[180.121s][info][gc,metaspace   ] GC(63) Metaspace: 63463K(66304K)->63463K(66304K) NonClass: 55468K(57088K)->55468K(57088K) Class: 7994K(9216K)->7994K(9216K)
[180.121s][info][gc             ] GC(63) Pause Full (System.gc()) 2137M->23M(8192M) 49.829ms
[180.121s][info][gc,cpu         ] GC(63) User=0.02s Sys=0.00s Real=0.05s
[182.886s][info][gc,task        ] GC(64) Using 6 workers of 6 for full compaction
[182.886s][info][gc,start       ] GC(64) Pause Full (System.gc())
[182.887s][info][gc,phases,start] GC(64) Phase 1: Mark live objects
[182.897s][info][gc,stringtable ] GC(64) Cleaned string and symbol table, strings: 16614 processed, 9 removed, symbols: 124491 processed, 0 removed
[182.897s][info][gc,phases      ] GC(64) Phase 1: Mark live objects 10.661ms
[182.897s][info][gc,phases,start] GC(64) Phase 2: Prepare for compaction
[182.905s][info][gc,phases      ] GC(64) Phase 2: Prepare for compaction 7.298ms
[182.905s][info][gc,phases,start] GC(64) Phase 3: Adjust pointers
[182.917s][info][gc,phases      ] GC(64) Phase 3: Adjust pointers 12.147ms
[182.917s][info][gc,phases,start] GC(64) Phase 4: Compact heap
[182.923s][info][gc,phases      ] GC(64) Phase 4: Compact heap 6.528ms
[182.934s][info][gc,heap        ] GC(64) Eden regions: 525->0(1228)
[182.934s][info][gc,heap        ] GC(64) Survivor regions: 0->0(30)
[182.934s][info][gc,heap        ] GC(64) Old regions: 11->10
[182.934s][info][gc,heap        ] GC(64) Humongous regions: 0->0
[182.934s][info][gc,metaspace   ] GC(64) Metaspace: 63463K(66304K)->63463K(66304K) NonClass: 55468K(57088K)->55468K(57088K) Class: 7994K(9216K)->7994K(9216K)
[182.934s][info][gc             ] GC(64) Pause Full (System.gc()) 2123M->23M(8192M) 48.355ms
[182.934s][info][gc,cpu         ] GC(64) User=0.00s Sys=0.00s Real=0.05s
[185.611s][info][gc,task        ] GC(65) Using 6 workers of 6 for full compaction
[185.611s][info][gc,start       ] GC(65) Pause Full (System.gc())
[185.612s][info][gc,phases,start] GC(65) Phase 1: Mark live objects
[185.624s][info][gc,stringtable ] GC(65) Cleaned string and symbol table, strings: 16615 processed, 9 removed, symbols: 124491 processed, 0 removed
[185.624s][info][gc,phases      ] GC(65) Phase 1: Mark live objects 12.393ms
[185.624s][info][gc,phases,start] GC(65) Phase 2: Prepare for compaction
[185.631s][info][gc,phases      ] GC(65) Phase 2: Prepare for compaction 6.946ms
[185.631s][info][gc,phases,start] GC(65) Phase 3: Adjust pointers
[185.644s][info][gc,phases      ] GC(65) Phase 3: Adjust pointers 12.185ms
[185.644s][info][gc,phases,start] GC(65) Phase 4: Compact heap
[185.650s][info][gc,phases      ] GC(65) Phase 4: Compact heap 5.933ms
[185.660s][info][gc,heap        ] GC(65) Eden regions: 516->0(1228)
[185.660s][info][gc,heap        ] GC(65) Survivor regions: 0->0(30)
[185.660s][info][gc,heap        ] GC(65) Old regions: 10->10
[185.660s][info][gc,heap        ] GC(65) Humongous regions: 0->0
[185.660s][info][gc,metaspace   ] GC(65) Metaspace: 63463K(66304K)->63463K(66304K) NonClass: 55468K(57088K)->55468K(57088K) Class: 7994K(9216K)->7994K(9216K)
[185.660s][info][gc             ] GC(65) Pause Full (System.gc()) 2087M->23M(8192M) 48.889ms
[185.660s][info][gc,cpu         ] GC(65) User=0.05s Sys=0.00s Real=0.06s
[188.386s][info][gc,task        ] GC(66) Using 6 workers of 6 for full compaction
[188.386s][info][gc,start       ] GC(66) Pause Full (System.gc())
[188.387s][info][gc,phases,start] GC(66) Phase 1: Mark live objects
[188.399s][info][gc,stringtable ] GC(66) Cleaned string and symbol table, strings: 16629 processed, 9 removed, symbols: 124491 processed, 0 removed
[188.399s][info][gc,phases      ] GC(66) Phase 1: Mark live objects 12.026ms
[188.399s][info][gc,phases,start] GC(66) Phase 2: Prepare for compaction
[188.406s][info][gc,phases      ] GC(66) Phase 2: Prepare for compaction 7.086ms
[188.406s][info][gc,phases,start] GC(66) Phase 3: Adjust pointers
[188.418s][info][gc,phases      ] GC(66) Phase 3: Adjust pointers 11.946ms
[188.418s][info][gc,phases,start] GC(66) Phase 4: Compact heap
[188.424s][info][gc,phases      ] GC(66) Phase 4: Compact heap 5.535ms
[188.435s][info][gc,heap        ] GC(66) Eden regions: 507->0(1228)
[188.435s][info][gc,heap        ] GC(66) Survivor regions: 0->0(30)
[188.435s][info][gc,heap        ] GC(66) Old regions: 10->10
[188.435s][info][gc,heap        ] GC(66) Humongous regions: 0->0
[188.435s][info][gc,metaspace   ] GC(66) Metaspace: 63464K(66304K)->63464K(66304K) NonClass: 55468K(57088K)->55468K(57088K) Class: 7995K(9216K)->7995K(9216K)
[188.435s][info][gc             ] GC(66) Pause Full (System.gc()) 2051M->23M(8192M) 48.538ms
[188.435s][info][gc,cpu         ] GC(66) User=0.03s Sys=0.00s Real=0.05s
[191.082s][info][gc,task        ] GC(67) Using 6 workers of 6 for full compaction
[191.082s][info][gc,start       ] GC(67) Pause Full (System.gc())
[191.083s][info][gc,phases,start] GC(67) Phase 1: Mark live objects
[191.094s][info][gc,stringtable ] GC(67) Cleaned string and symbol table, strings: 16634 processed, 9 removed, symbols: 124491 processed, 0 removed
[191.094s][info][gc,phases      ] GC(67) Phase 1: Mark live objects 11.637ms
[191.094s][info][gc,phases,start] GC(67) Phase 2: Prepare for compaction
[191.102s][info][gc,phases      ] GC(67) Phase 2: Prepare for compaction 7.325ms
[191.102s][info][gc,phases,start] GC(67) Phase 3: Adjust pointers
[191.114s][info][gc,phases      ] GC(67) Phase 3: Adjust pointers 12.099ms
[191.114s][info][gc,phases,start] GC(67) Phase 4: Compact heap
[191.119s][info][gc,phases      ] GC(67) Phase 4: Compact heap 5.507ms
[191.130s][info][gc,heap        ] GC(67) Eden regions: 506->0(1228)
[191.130s][info][gc,heap        ] GC(67) Survivor regions: 0->0(30)
[191.130s][info][gc,heap        ] GC(67) Old regions: 10->10
[191.130s][info][gc,heap        ] GC(67) Humongous regions: 0->0
[191.130s][info][gc,metaspace   ] GC(67) Metaspace: 63464K(66304K)->63464K(66304K) NonClass: 55468K(57088K)->55468K(57088K) Class: 7995K(9216K)->7995K(9216K)
[191.130s][info][gc             ] GC(67) Pause Full (System.gc()) 2045M->23M(8192M) 48.397ms
[191.130s][info][gc,cpu         ] GC(67) User=0.00s Sys=0.00s Real=0.05s
[193.769s][info][gc,task        ] GC(68) Using 6 workers of 6 for full compaction
[193.769s][info][gc,start       ] GC(68) Pause Full (System.gc())
[193.770s][info][gc,phases,start] GC(68) Phase 1: Mark live objects
[193.782s][info][gc,stringtable ] GC(68) Cleaned string and symbol table, strings: 16635 processed, 9 removed, symbols: 124491 processed, 0 removed
[193.782s][info][gc,phases      ] GC(68) Phase 1: Mark live objects 11.793ms
[193.782s][info][gc,phases,start] GC(68) Phase 2: Prepare for compaction
[193.788s][info][gc,phases      ] GC(68) Phase 2: Prepare for compaction 6.531ms
[193.788s][info][gc,phases,start] GC(68) Phase 3: Adjust pointers
[193.801s][info][gc,phases      ] GC(68) Phase 3: Adjust pointers 12.467ms
[193.801s][info][gc,phases,start] GC(68) Phase 4: Compact heap
[193.807s][info][gc,phases      ] GC(68) Phase 4: Compact heap 5.646ms
[193.818s][info][gc,heap        ] GC(68) Eden regions: 504->0(1228)
[193.818s][info][gc,heap        ] GC(68) Survivor regions: 0->0(30)
[193.818s][info][gc,heap        ] GC(68) Old regions: 10->10
[193.818s][info][gc,heap        ] GC(68) Humongous regions: 0->0
[193.818s][info][gc,metaspace   ] GC(68) Metaspace: 63467K(66304K)->63467K(66304K) NonClass: 55471K(57088K)->55471K(57088K) Class: 7995K(9216K)->7995K(9216K)
[193.818s][info][gc             ] GC(68) Pause Full (System.gc()) 2039M->23M(8192M) 48.535ms
[193.818s][info][gc,cpu         ] GC(68) User=0.05s Sys=0.00s Real=0.05s
[196.483s][info][gc,task        ] GC(69) Using 6 workers of 6 for full compaction
[196.483s][info][gc,start       ] GC(69) Pause Full (System.gc())
[196.484s][info][gc,phases,start] GC(69) Phase 1: Mark live objects
[196.495s][info][gc,stringtable ] GC(69) Cleaned string and symbol table, strings: 16635 processed, 9 removed, symbols: 124491 processed, 0 removed
[196.496s][info][gc,phases      ] GC(69) Phase 1: Mark live objects 11.911ms
[196.496s][info][gc,phases,start] GC(69) Phase 2: Prepare for compaction
[196.502s][info][gc,phases      ] GC(69) Phase 2: Prepare for compaction 6.707ms
[196.502s][info][gc,phases,start] GC(69) Phase 3: Adjust pointers
[196.515s][info][gc,phases      ] GC(69) Phase 3: Adjust pointers 12.422ms
[196.515s][info][gc,phases,start] GC(69) Phase 4: Compact heap
[196.520s][info][gc,phases      ] GC(69) Phase 4: Compact heap 5.122ms
[196.531s][info][gc,heap        ] GC(69) Eden regions: 505->0(1228)
[196.532s][info][gc,heap        ] GC(69) Survivor regions: 0->0(30)
[196.532s][info][gc,heap        ] GC(69) Old regions: 10->11
[196.532s][info][gc,heap        ] GC(69) Humongous regions: 0->0
[196.532s][info][gc,metaspace   ] GC(69) Metaspace: 63467K(66304K)->63467K(66304K) NonClass: 55471K(57088K)->55471K(57088K) Class: 7995K(9216K)->7995K(9216K)
[196.532s][info][gc             ] GC(69) Pause Full (System.gc()) 2041M->23M(8192M) 48.745ms
[196.532s][info][gc,cpu         ] GC(69) User=0.02s Sys=0.00s Real=0.05s
[199.206s][info][gc,task        ] GC(70) Using 6 workers of 6 for full compaction
[199.206s][info][gc,start       ] GC(70) Pause Full (System.gc())
[199.207s][info][gc,phases,start] GC(70) Phase 1: Mark live objects
[199.222s][info][gc,stringtable ] GC(70) Cleaned string and symbol table, strings: 16638 processed, 9 removed, symbols: 124491 processed, 0 removed
[199.222s][info][gc,phases      ] GC(70) Phase 1: Mark live objects 14.719ms
[199.222s][info][gc,phases,start] GC(70) Phase 2: Prepare for compaction
[199.229s][info][gc,phases      ] GC(70) Phase 2: Prepare for compaction 6.946ms
[199.229s][info][gc,phases,start] GC(70) Phase 3: Adjust pointers
[199.242s][info][gc,phases      ] GC(70) Phase 3: Adjust pointers 12.915ms
[199.242s][info][gc,phases,start] GC(70) Phase 4: Compact heap
[199.247s][info][gc,phases      ] GC(70) Phase 4: Compact heap 5.366ms
[199.258s][info][gc,heap        ] GC(70) Eden regions: 507->0(1228)
[199.258s][info][gc,heap        ] GC(70) Survivor regions: 0->0(30)
[199.258s][info][gc,heap        ] GC(70) Old regions: 11->11
[199.258s][info][gc,heap        ] GC(70) Humongous regions: 0->0
[199.258s][info][gc,metaspace   ] GC(70) Metaspace: 63467K(66304K)->63467K(66304K) NonClass: 55471K(57088K)->55471K(57088K) Class: 7995K(9216K)->7995K(9216K)
[199.258s][info][gc             ] GC(70) Pause Full (System.gc()) 2051M->23M(8192M) 51.733ms
[199.258s][info][gc,cpu         ] GC(70) User=0.03s Sys=0.00s Real=0.05s
[201.915s][info][gc,task        ] GC(71) Using 6 workers of 6 for full compaction
[201.915s][info][gc,start       ] GC(71) Pause Full (System.gc())
[201.916s][info][gc,phases,start] GC(71) Phase 1: Mark live objects
[201.929s][info][gc,stringtable ] GC(71) Cleaned string and symbol table, strings: 16638 processed, 9 removed, symbols: 124491 processed, 0 removed
[201.929s][info][gc,phases      ] GC(71) Phase 1: Mark live objects 13.726ms
[201.929s][info][gc,phases,start] GC(71) Phase 2: Prepare for compaction
[201.936s][info][gc,phases      ] GC(71) Phase 2: Prepare for compaction 6.764ms
[201.936s][info][gc,phases,start] GC(71) Phase 3: Adjust pointers
[201.949s][info][gc,phases      ] GC(71) Phase 3: Adjust pointers 12.606ms
[201.949s][info][gc,phases,start] GC(71) Phase 4: Compact heap
[201.955s][info][gc,phases      ] GC(71) Phase 4: Compact heap 5.764ms
[201.965s][info][gc,heap        ] GC(71) Eden regions: 507->0(1228)
[201.966s][info][gc,heap        ] GC(71) Survivor regions: 0->0(30)
[201.966s][info][gc,heap        ] GC(71) Old regions: 11->10
[201.966s][info][gc,heap        ] GC(71) Humongous regions: 0->0
[201.966s][info][gc,metaspace   ] GC(71) Metaspace: 63471K(66304K)->63471K(66304K) NonClass: 55475K(57088K)->55475K(57088K) Class: 7995K(9216K)->7995K(9216K)
[201.966s][info][gc             ] GC(71) Pause Full (System.gc()) 2049M->23M(8192M) 50.668ms
[201.966s][info][gc,cpu         ] GC(71) User=0.03s Sys=0.00s Real=0.05s
[204.587s][info][gc,task        ] GC(72) Using 6 workers of 6 for full compaction
[204.587s][info][gc,start       ] GC(72) Pause Full (System.gc())
[204.588s][info][gc,phases,start] GC(72) Phase 1: Mark live objects
[204.599s][info][gc,stringtable ] GC(72) Cleaned string and symbol table, strings: 16638 processed, 9 removed, symbols: 124491 processed, 0 removed
[204.599s][info][gc,phases      ] GC(72) Phase 1: Mark live objects 11.188ms
[204.599s][info][gc,phases,start] GC(72) Phase 2: Prepare for compaction
[204.607s][info][gc,phases      ] GC(72) Phase 2: Prepare for compaction 7.661ms
[204.607s][info][gc,phases,start] GC(72) Phase 3: Adjust pointers
[204.619s][info][gc,phases      ] GC(72) Phase 3: Adjust pointers 12.021ms
[204.619s][info][gc,phases,start] GC(72) Phase 4: Compact heap
[204.625s][info][gc,phases      ] GC(72) Phase 4: Compact heap 5.496ms
[204.635s][info][gc,heap        ] GC(72) Eden regions: 508->0(1228)
[204.635s][info][gc,heap        ] GC(72) Survivor regions: 0->0(30)
[204.635s][info][gc,heap        ] GC(72) Old regions: 10->10
[204.635s][info][gc,heap        ] GC(72) Humongous regions: 0->0
[204.635s][info][gc,metaspace   ] GC(72) Metaspace: 63471K(66304K)->63471K(66304K) NonClass: 55475K(57088K)->55475K(57088K) Class: 7995K(9216K)->7995K(9216K)
[204.635s][info][gc             ] GC(72) Pause Full (System.gc()) 2053M->23M(8192M) 48.282ms
[204.636s][info][gc,cpu         ] GC(72) User=0.02s Sys=0.00s Real=0.05s
[207.305s][info][gc,task        ] GC(73) Using 6 workers of 6 for full compaction
[207.305s][info][gc,start       ] GC(73) Pause Full (System.gc())
[207.306s][info][gc,phases,start] GC(73) Phase 1: Mark live objects
[207.318s][info][gc,stringtable ] GC(73) Cleaned string and symbol table, strings: 16642 processed, 9 removed, symbols: 124491 processed, 0 removed
[207.318s][info][gc,phases      ] GC(73) Phase 1: Mark live objects 12.631ms
[207.318s][info][gc,phases,start] GC(73) Phase 2: Prepare for compaction
[207.325s][info][gc,phases      ] GC(73) Phase 2: Prepare for compaction 6.755ms
[207.325s][info][gc,phases,start] GC(73) Phase 3: Adjust pointers
[207.339s][info][gc,phases      ] GC(73) Phase 3: Adjust pointers 13.863ms
[207.339s][info][gc,phases,start] GC(73) Phase 4: Compact heap
[207.345s][info][gc,phases      ] GC(73) Phase 4: Compact heap 5.360ms
[207.356s][info][gc,heap        ] GC(73) Eden regions: 506->0(1228)
[207.356s][info][gc,heap        ] GC(73) Survivor regions: 0->0(30)
[207.356s][info][gc,heap        ] GC(73) Old regions: 10->10
[207.356s][info][gc,heap        ] GC(73) Humongous regions: 0->0
[207.356s][info][gc,metaspace   ] GC(73) Metaspace: 63493K(66304K)->63493K(66304K) NonClass: 55497K(57088K)->55497K(57088K) Class: 7996K(9216K)->7996K(9216K)
[207.356s][info][gc             ] GC(73) Pause Full (System.gc()) 2045M->23M(8192M) 50.833ms
[207.356s][info][gc,cpu         ] GC(73) User=0.05s Sys=0.00s Real=0.05s
[209.995s][info][gc,task        ] GC(74) Using 6 workers of 6 for full compaction
[209.996s][info][gc,start       ] GC(74) Pause Full (System.gc())
[209.997s][info][gc,phases,start] GC(74) Phase 1: Mark live objects
[210.009s][info][gc,stringtable ] GC(74) Cleaned string and symbol table, strings: 16650 processed, 9 removed, symbols: 124491 processed, 0 removed
[210.009s][info][gc,phases      ] GC(74) Phase 1: Mark live objects 12.184ms
[210.009s][info][gc,phases,start] GC(74) Phase 2: Prepare for compaction
[210.016s][info][gc,phases      ] GC(74) Phase 2: Prepare for compaction 7.215ms
[210.016s][info][gc,phases,start] GC(74) Phase 3: Adjust pointers
[210.029s][info][gc,phases      ] GC(74) Phase 3: Adjust pointers 12.478ms
[210.029s][info][gc,phases,start] GC(74) Phase 4: Compact heap
[210.035s][info][gc,phases      ] GC(74) Phase 4: Compact heap 6.293ms
[210.045s][info][gc,heap        ] GC(74) Eden regions: 508->0(1228)
[210.045s][info][gc,heap        ] GC(74) Survivor regions: 0->0(30)
[210.045s][info][gc,heap        ] GC(74) Old regions: 10->9
[210.045s][info][gc,heap        ] GC(74) Humongous regions: 0->0
[210.045s][info][gc,metaspace   ] GC(74) Metaspace: 63493K(66304K)->63493K(66304K) NonClass: 55497K(57088K)->55497K(57088K) Class: 7996K(9216K)->7996K(9216K)
[210.045s][info][gc             ] GC(74) Pause Full (System.gc()) 2055M->23M(8192M) 49.840ms
[210.046s][info][gc,cpu         ] GC(74) User=0.03s Sys=0.00s Real=0.05s
[212.693s][info][gc,task        ] GC(75) Using 6 workers of 6 for full compaction
[212.693s][info][gc,start       ] GC(75) Pause Full (System.gc())
[212.694s][info][gc,phases,start] GC(75) Phase 1: Mark live objects
[212.705s][info][gc,stringtable ] GC(75) Cleaned string and symbol table, strings: 16669 processed, 9 removed, symbols: 124491 processed, 0 removed
[212.705s][info][gc,phases      ] GC(75) Phase 1: Mark live objects 11.720ms
[212.705s][info][gc,phases,start] GC(75) Phase 2: Prepare for compaction
[212.712s][info][gc,phases      ] GC(75) Phase 2: Prepare for compaction 7.031ms
[212.712s][info][gc,phases,start] GC(75) Phase 3: Adjust pointers
[212.725s][info][gc,phases      ] GC(75) Phase 3: Adjust pointers 12.770ms
[212.725s][info][gc,phases,start] GC(75) Phase 4: Compact heap
[212.732s][info][gc,phases      ] GC(75) Phase 4: Compact heap 7.083ms
[212.743s][info][gc,heap        ] GC(75) Eden regions: 506->0(1228)
[212.743s][info][gc,heap        ] GC(75) Survivor regions: 0->0(30)
[212.743s][info][gc,heap        ] GC(75) Old regions: 9->10
[212.743s][info][gc,heap        ] GC(75) Humongous regions: 0->0
[212.743s][info][gc,metaspace   ] GC(75) Metaspace: 63497K(66304K)->63497K(66304K) NonClass: 55501K(57088K)->55501K(57088K) Class: 7996K(9216K)->7996K(9216K)
[212.743s][info][gc             ] GC(75) Pause Full (System.gc()) 2047M->23M(8192M) 50.437ms
[212.743s][info][gc,cpu         ] GC(75) User=0.02s Sys=0.00s Real=0.05s
[215.331s][info][gc,task        ] GC(76) Using 6 workers of 6 for full compaction
[215.331s][info][gc,start       ] GC(76) Pause Full (System.gc())
[215.332s][info][gc,phases,start] GC(76) Phase 1: Mark live objects
[215.344s][info][gc,stringtable ] GC(76) Cleaned string and symbol table, strings: 16673 processed, 9 removed, symbols: 124491 processed, 0 removed
[215.344s][info][gc,phases      ] GC(76) Phase 1: Mark live objects 11.760ms
[215.344s][info][gc,phases,start] GC(76) Phase 2: Prepare for compaction
[215.351s][info][gc,phases      ] GC(76) Phase 2: Prepare for compaction 6.824ms
[215.351s][info][gc,phases,start] GC(76) Phase 3: Adjust pointers
[215.363s][info][gc,phases      ] GC(76) Phase 3: Adjust pointers 12.295ms
[215.363s][info][gc,phases,start] GC(76) Phase 4: Compact heap
[215.369s][info][gc,phases      ] GC(76) Phase 4: Compact heap 5.703ms
[215.380s][info][gc,heap        ] GC(76) Eden regions: 511->0(1228)
[215.380s][info][gc,heap        ] GC(76) Survivor regions: 0->0(30)
[215.380s][info][gc,heap        ] GC(76) Old regions: 10->10
[215.380s][info][gc,heap        ] GC(76) Humongous regions: 0->0
[215.380s][info][gc,metaspace   ] GC(76) Metaspace: 63497K(66304K)->63497K(66304K) NonClass: 55501K(57088K)->55501K(57088K) Class: 7996K(9216K)->7996K(9216K)
[215.380s][info][gc             ] GC(76) Pause Full (System.gc()) 2067M->23M(8192M) 48.286ms
[215.380s][info][gc,cpu         ] GC(76) User=0.03s Sys=0.00s Real=0.06s
[218.053s][info][gc,task        ] GC(77) Using 6 workers of 6 for full compaction
[218.053s][info][gc,start       ] GC(77) Pause Full (System.gc())
[218.054s][info][gc,phases,start] GC(77) Phase 1: Mark live objects
[218.067s][info][gc,stringtable ] GC(77) Cleaned string and symbol table, strings: 16674 processed, 9 removed, symbols: 124491 processed, 0 removed
[218.067s][info][gc,phases      ] GC(77) Phase 1: Mark live objects 13.611ms
[218.067s][info][gc,phases,start] GC(77) Phase 2: Prepare for compaction
[218.074s][info][gc,phases      ] GC(77) Phase 2: Prepare for compaction 6.804ms
[218.074s][info][gc,phases,start] GC(77) Phase 3: Adjust pointers
[218.087s][info][gc,phases      ] GC(77) Phase 3: Adjust pointers 12.428ms
[218.087s][info][gc,phases,start] GC(77) Phase 4: Compact heap
[218.093s][info][gc,phases      ] GC(77) Phase 4: Compact heap 6.368ms
[218.104s][info][gc,heap        ] GC(77) Eden regions: 509->0(1228)
[218.104s][info][gc,heap        ] GC(77) Survivor regions: 0->0(30)
[218.104s][info][gc,heap        ] GC(77) Old regions: 10->10
[218.104s][info][gc,heap        ] GC(77) Humongous regions: 0->0
[218.104s][info][gc,metaspace   ] GC(77) Metaspace: 63497K(66304K)->63497K(66304K) NonClass: 55501K(57088K)->55501K(57088K) Class: 7996K(9216K)->7996K(9216K)
[218.104s][info][gc             ] GC(77) Pause Full (System.gc()) 2059M->23M(8192M) 51.307ms
[218.104s][info][gc,cpu         ] GC(77) User=0.03s Sys=0.00s Real=0.05s
[220.733s][info][gc,task        ] GC(78) Using 6 workers of 6 for full compaction
[220.733s][info][gc,start       ] GC(78) Pause Full (System.gc())
[220.733s][info][gc,phases,start] GC(78) Phase 1: Mark live objects
[220.745s][info][gc,stringtable ] GC(78) Cleaned string and symbol table, strings: 16681 processed, 9 removed, symbols: 124491 processed, 0 removed
[220.745s][info][gc,phases      ] GC(78) Phase 1: Mark live objects 12.028ms
[220.745s][info][gc,phases,start] GC(78) Phase 2: Prepare for compaction
[220.752s][info][gc,phases      ] GC(78) Phase 2: Prepare for compaction 6.576ms
[220.752s][info][gc,phases,start] GC(78) Phase 3: Adjust pointers
[220.765s][info][gc,phases      ] GC(78) Phase 3: Adjust pointers 13.213ms
[220.765s][info][gc,phases,start] GC(78) Phase 4: Compact heap
[220.771s][info][gc,phases      ] GC(78) Phase 4: Compact heap 5.631ms
[220.782s][info][gc,heap        ] GC(78) Eden regions: 507->0(1228)
[220.782s][info][gc,heap        ] GC(78) Survivor regions: 0->0(30)
[220.782s][info][gc,heap        ] GC(78) Old regions: 10->10
[220.782s][info][gc,heap        ] GC(78) Humongous regions: 0->0
[220.782s][info][gc,metaspace   ] GC(78) Metaspace: 63497K(66304K)->63497K(66304K) NonClass: 55501K(57088K)->55501K(57088K) Class: 7996K(9216K)->7996K(9216K)
[220.782s][info][gc             ] GC(78) Pause Full (System.gc()) 2051M->23M(8192M) 49.267ms
[220.782s][info][gc,cpu         ] GC(78) User=0.03s Sys=0.00s Real=0.05s
[223.423s][info][gc,task        ] GC(79) Using 6 workers of 6 for full compaction
[223.423s][info][gc,start       ] GC(79) Pause Full (System.gc())
[223.424s][info][gc,phases,start] GC(79) Phase 1: Mark live objects
[223.436s][info][gc,stringtable ] GC(79) Cleaned string and symbol table, strings: 16687 processed, 9 removed, symbols: 124491 processed, 0 removed
[223.436s][info][gc,phases      ] GC(79) Phase 1: Mark live objects 11.327ms
[223.436s][info][gc,phases,start] GC(79) Phase 2: Prepare for compaction
[223.443s][info][gc,phases      ] GC(79) Phase 2: Prepare for compaction 7.182ms
[223.443s][info][gc,phases,start] GC(79) Phase 3: Adjust pointers
[223.455s][info][gc,phases      ] GC(79) Phase 3: Adjust pointers 12.066ms
[223.455s][info][gc,phases,start] GC(79) Phase 4: Compact heap
[223.460s][info][gc,phases      ] GC(79) Phase 4: Compact heap 5.198ms
[223.471s][info][gc,heap        ] GC(79) Eden regions: 512->0(1228)
[223.471s][info][gc,heap        ] GC(79) Survivor regions: 0->0(30)
[223.471s][info][gc,heap        ] GC(79) Old regions: 10->11
[223.471s][info][gc,heap        ] GC(79) Humongous regions: 0->0
[223.471s][info][gc,metaspace   ] GC(79) Metaspace: 63497K(66304K)->63497K(66304K) NonClass: 55501K(57088K)->55501K(57088K) Class: 7996K(9216K)->7996K(9216K)
[223.471s][info][gc             ] GC(79) Pause Full (System.gc()) 2071M->23M(8192M) 47.911ms
[223.471s][info][gc,cpu         ] GC(79) User=0.02s Sys=0.00s Real=0.05s
[226.161s][info][gc,task        ] GC(80) Using 6 workers of 6 for full compaction
[226.161s][info][gc,start       ] GC(80) Pause Full (System.gc())
[226.162s][info][gc,phases,start] GC(80) Phase 1: Mark live objects
[226.176s][info][gc,stringtable ] GC(80) Cleaned string and symbol table, strings: 16688 processed, 9 removed, symbols: 124491 processed, 0 removed
[226.176s][info][gc,phases      ] GC(80) Phase 1: Mark live objects 13.958ms
[226.176s][info][gc,phases,start] GC(80) Phase 2: Prepare for compaction
[226.183s][info][gc,phases      ] GC(80) Phase 2: Prepare for compaction 6.603ms
[226.183s][info][gc,phases,start] GC(80) Phase 3: Adjust pointers
[226.195s][info][gc,phases      ] GC(80) Phase 3: Adjust pointers 12.673ms
[226.195s][info][gc,phases,start] GC(80) Phase 4: Compact heap
[226.201s][info][gc,phases      ] GC(80) Phase 4: Compact heap 5.796ms
[226.212s][info][gc,heap        ] GC(80) Eden regions: 506->0(1228)
[226.212s][info][gc,heap        ] GC(80) Survivor regions: 0->0(30)
[226.212s][info][gc,heap        ] GC(80) Old regions: 11->10
[226.212s][info][gc,heap        ] GC(80) Humongous regions: 0->0
[226.212s][info][gc,metaspace   ] GC(80) Metaspace: 63499K(66304K)->63499K(66304K) NonClass: 55503K(57088K)->55503K(57088K) Class: 7996K(9216K)->7996K(9216K)
[226.212s][info][gc             ] GC(80) Pause Full (System.gc()) 2047M->23M(8192M) 50.947ms
[226.212s][info][gc,cpu         ] GC(80) User=0.00s Sys=0.00s Real=0.05s
[228.838s][info][gc,task        ] GC(81) Using 6 workers of 6 for full compaction
[228.838s][info][gc,start       ] GC(81) Pause Full (System.gc())
[228.839s][info][gc,phases,start] GC(81) Phase 1: Mark live objects
[228.850s][info][gc,stringtable ] GC(81) Cleaned string and symbol table, strings: 16699 processed, 9 removed, symbols: 124491 processed, 0 removed
[228.850s][info][gc,phases      ] GC(81) Phase 1: Mark live objects 11.368ms
[228.850s][info][gc,phases,start] GC(81) Phase 2: Prepare for compaction
[228.857s][info][gc,phases      ] GC(81) Phase 2: Prepare for compaction 6.973ms
[228.857s][info][gc,phases,start] GC(81) Phase 3: Adjust pointers
[228.870s][info][gc,phases      ] GC(81) Phase 3: Adjust pointers 12.320ms
[228.870s][info][gc,phases,start] GC(81) Phase 4: Compact heap
[228.875s][info][gc,phases      ] GC(81) Phase 4: Compact heap 5.087ms
[228.886s][info][gc,heap        ] GC(81) Eden regions: 506->0(1228)
[228.886s][info][gc,heap        ] GC(81) Survivor regions: 0->0(30)
[228.886s][info][gc,heap        ] GC(81) Old regions: 10->10
[228.886s][info][gc,heap        ] GC(81) Humongous regions: 0->0
[228.886s][info][gc,metaspace   ] GC(81) Metaspace: 63499K(66304K)->63499K(66304K) NonClass: 55503K(57088K)->55503K(57088K) Class: 7996K(9216K)->7996K(9216K)
[228.886s][info][gc             ] GC(81) Pause Full (System.gc()) 2047M->23M(8192M) 47.499ms
[228.886s][info][gc,cpu         ] GC(81) User=0.02s Sys=0.00s Real=0.05s
[231.542s][info][gc,task        ] GC(82) Using 6 workers of 6 for full compaction
[231.543s][info][gc,start       ] GC(82) Pause Full (System.gc())
[231.543s][info][gc,phases,start] GC(82) Phase 1: Mark live objects
[231.555s][info][gc,stringtable ] GC(82) Cleaned string and symbol table, strings: 16718 processed, 9 removed, symbols: 124491 processed, 0 removed
[231.555s][info][gc,phases      ] GC(82) Phase 1: Mark live objects 12.086ms
[231.555s][info][gc,phases,start] GC(82) Phase 2: Prepare for compaction
[231.562s][info][gc,phases      ] GC(82) Phase 2: Prepare for compaction 6.642ms
[231.562s][info][gc,phases,start] GC(82) Phase 3: Adjust pointers
[231.575s][info][gc,phases      ] GC(82) Phase 3: Adjust pointers 12.743ms
[231.575s][info][gc,phases,start] GC(82) Phase 4: Compact heap
[231.581s][info][gc,phases      ] GC(82) Phase 4: Compact heap 6.154ms
[231.592s][info][gc,heap        ] GC(82) Eden regions: 511->0(1228)
[231.592s][info][gc,heap        ] GC(82) Survivor regions: 0->0(30)
[231.592s][info][gc,heap        ] GC(82) Old regions: 10->10
[231.592s][info][gc,heap        ] GC(82) Humongous regions: 0->0
[231.592s][info][gc,metaspace   ] GC(82) Metaspace: 63508K(66304K)->63508K(66304K) NonClass: 55511K(57088K)->55511K(57088K) Class: 7996K(9216K)->7996K(9216K)
[231.592s][info][gc             ] GC(82) Pause Full (System.gc()) 2067M->23M(8192M) 49.747ms
[231.592s][info][gc,cpu         ] GC(82) User=0.03s Sys=0.00s Real=0.05s
[234.207s][info][gc,task        ] GC(83) Using 6 workers of 6 for full compaction
[234.207s][info][gc,start       ] GC(83) Pause Full (System.gc())
[234.208s][info][gc,phases,start] GC(83) Phase 1: Mark live objects
[234.220s][info][gc,stringtable ] GC(83) Cleaned string and symbol table, strings: 16718 processed, 9 removed, symbols: 124491 processed, 0 removed
[234.220s][info][gc,phases      ] GC(83) Phase 1: Mark live objects 11.942ms
[234.220s][info][gc,phases,start] GC(83) Phase 2: Prepare for compaction
[234.227s][info][gc,phases      ] GC(83) Phase 2: Prepare for compaction 6.810ms
[234.227s][info][gc,phases,start] GC(83) Phase 3: Adjust pointers
[234.239s][info][gc,phases      ] GC(83) Phase 3: Adjust pointers 12.563ms
[234.240s][info][gc,phases,start] GC(83) Phase 4: Compact heap
[234.245s][info][gc,phases      ] GC(83) Phase 4: Compact heap 5.578ms
[234.256s][info][gc,heap        ] GC(83) Eden regions: 505->0(1228)
[234.256s][info][gc,heap        ] GC(83) Survivor regions: 0->0(30)
[234.256s][info][gc,heap        ] GC(83) Old regions: 10->10
[234.256s][info][gc,heap        ] GC(83) Humongous regions: 0->0
[234.256s][info][gc,metaspace   ] GC(83) Metaspace: 63510K(66304K)->63510K(66304K) NonClass: 55514K(57088K)->55514K(57088K) Class: 7996K(9216K)->7996K(9216K)
[234.256s][info][gc             ] GC(83) Pause Full (System.gc()) 2043M->23M(8192M) 48.974ms
[234.256s][info][gc,cpu         ] GC(83) User=0.02s Sys=0.00s Real=0.05s
[237.010s][info][gc,task        ] GC(84) Using 6 workers of 6 for full compaction
[237.010s][info][gc,start       ] GC(84) Pause Full (System.gc())
[237.011s][info][gc,phases,start] GC(84) Phase 1: Mark live objects
[237.023s][info][gc,stringtable ] GC(84) Cleaned string and symbol table, strings: 16718 processed, 9 removed, symbols: 124491 processed, 0 removed
[237.023s][info][gc,phases      ] GC(84) Phase 1: Mark live objects 12.158ms
[237.023s][info][gc,phases,start] GC(84) Phase 2: Prepare for compaction
[237.031s][info][gc,phases      ] GC(84) Phase 2: Prepare for compaction 7.754ms
[237.031s][info][gc,phases,start] GC(84) Phase 3: Adjust pointers
[237.043s][info][gc,phases      ] GC(84) Phase 3: Adjust pointers 12.138ms
[237.043s][info][gc,phases,start] GC(84) Phase 4: Compact heap
[237.049s][info][gc,phases      ] GC(84) Phase 4: Compact heap 5.423ms
[237.059s][info][gc,heap        ] GC(84) Eden regions: 505->0(1228)
[237.059s][info][gc,heap        ] GC(84) Survivor regions: 0->0(30)
[237.059s][info][gc,heap        ] GC(84) Old regions: 10->11
[237.059s][info][gc,heap        ] GC(84) Humongous regions: 0->0
[237.059s][info][gc,metaspace   ] GC(84) Metaspace: 63514K(66304K)->63514K(66304K) NonClass: 55518K(57088K)->55518K(57088K) Class: 7996K(9216K)->7996K(9216K)
[237.059s][info][gc             ] GC(84) Pause Full (System.gc()) 2043M->23M(8192M) 49.168ms
[237.060s][info][gc,cpu         ] GC(84) User=0.03s Sys=0.00s Real=0.06s
[239.678s][info][gc,task        ] GC(85) Using 6 workers of 6 for full compaction
[239.678s][info][gc,start       ] GC(85) Pause Full (System.gc())
[239.680s][info][gc,phases,start] GC(85) Phase 1: Mark live objects
[239.691s][info][gc,stringtable ] GC(85) Cleaned string and symbol table, strings: 16721 processed, 9 removed, symbols: 124491 processed, 0 removed
[239.691s][info][gc,phases      ] GC(85) Phase 1: Mark live objects 11.758ms
[239.691s][info][gc,phases,start] GC(85) Phase 2: Prepare for compaction
[239.699s][info][gc,phases      ] GC(85) Phase 2: Prepare for compaction 7.187ms
[239.699s][info][gc,phases,start] GC(85) Phase 3: Adjust pointers
[239.711s][info][gc,phases      ] GC(85) Phase 3: Adjust pointers 12.274ms
[239.711s][info][gc,phases,start] GC(85) Phase 4: Compact heap
[239.717s][info][gc,phases      ] GC(85) Phase 4: Compact heap 6.123ms
[239.728s][info][gc,heap        ] GC(85) Eden regions: 510->0(1228)
[239.728s][info][gc,heap        ] GC(85) Survivor regions: 0->0(30)
[239.728s][info][gc,heap        ] GC(85) Old regions: 11->10
[239.728s][info][gc,heap        ] GC(85) Humongous regions: 0->0
[239.728s][info][gc,metaspace   ] GC(85) Metaspace: 63515K(66304K)->63515K(66304K) NonClass: 55519K(57088K)->55519K(57088K) Class: 7996K(9216K)->7996K(9216K)
[239.728s][info][gc             ] GC(85) Pause Full (System.gc()) 2063M->23M(8192M) 49.588ms
[239.728s][info][gc,cpu         ] GC(85) User=0.03s Sys=0.00s Real=0.04s
[242.304s][info][gc,task        ] GC(86) Using 6 workers of 6 for full compaction
[242.304s][info][gc,start       ] GC(86) Pause Full (System.gc())
[242.305s][info][gc,phases,start] GC(86) Phase 1: Mark live objects
[242.316s][info][gc,stringtable ] GC(86) Cleaned string and symbol table, strings: 16727 processed, 9 removed, symbols: 124491 processed, 0 removed
[242.316s][info][gc,phases      ] GC(86) Phase 1: Mark live objects 10.905ms
[242.316s][info][gc,phases,start] GC(86) Phase 2: Prepare for compaction
[242.322s][info][gc,phases      ] GC(86) Phase 2: Prepare for compaction 6.763ms
[242.322s][info][gc,phases,start] GC(86) Phase 3: Adjust pointers
[242.335s][info][gc,phases      ] GC(86) Phase 3: Adjust pointers 12.589ms
[242.335s][info][gc,phases,start] GC(86) Phase 4: Compact heap
[242.341s][info][gc,phases      ] GC(86) Phase 4: Compact heap 5.848ms
[242.352s][info][gc,heap        ] GC(86) Eden regions: 503->0(1228)
[242.352s][info][gc,heap        ] GC(86) Survivor regions: 0->0(30)
[242.352s][info][gc,heap        ] GC(86) Old regions: 10->10
[242.352s][info][gc,heap        ] GC(86) Humongous regions: 0->0
[242.352s][info][gc,metaspace   ] GC(86) Metaspace: 63517K(66304K)->63517K(66304K) NonClass: 55520K(57088K)->55520K(57088K) Class: 7996K(9216K)->7996K(9216K)
[242.352s][info][gc             ] GC(86) Pause Full (System.gc()) 2035M->23M(8192M) 47.920ms
[242.352s][info][gc,cpu         ] GC(86) User=0.02s Sys=0.00s Real=0.05s
[244.949s][info][gc,task        ] GC(87) Using 6 workers of 6 for full compaction
[244.950s][info][gc,start       ] GC(87) Pause Full (System.gc())
[244.951s][info][gc,phases,start] GC(87) Phase 1: Mark live objects
[244.962s][info][gc,stringtable ] GC(87) Cleaned string and symbol table, strings: 16727 processed, 9 removed, symbols: 124491 processed, 0 removed
[244.962s][info][gc,phases      ] GC(87) Phase 1: Mark live objects 11.812ms
[244.962s][info][gc,phases,start] GC(87) Phase 2: Prepare for compaction
[244.969s][info][gc,phases      ] GC(87) Phase 2: Prepare for compaction 6.873ms
[244.969s][info][gc,phases,start] GC(87) Phase 3: Adjust pointers
[244.982s][info][gc,phases      ] GC(87) Phase 3: Adjust pointers 12.675ms
[244.982s][info][gc,phases,start] GC(87) Phase 4: Compact heap
[244.988s][info][gc,phases      ] GC(87) Phase 4: Compact heap 6.278ms
[244.999s][info][gc,heap        ] GC(87) Eden regions: 503->0(1228)
[244.999s][info][gc,heap        ] GC(87) Survivor regions: 0->0(30)
[244.999s][info][gc,heap        ] GC(87) Old regions: 10->10
[244.999s][info][gc,heap        ] GC(87) Humongous regions: 0->0
[244.999s][info][gc,metaspace   ] GC(87) Metaspace: 63517K(66304K)->63517K(66304K) NonClass: 55521K(57088K)->55521K(57088K) Class: 7996K(9216K)->7996K(9216K)
[244.999s][info][gc             ] GC(87) Pause Full (System.gc()) 2035M->23M(8192M) 49.726ms
[244.999s][info][gc,cpu         ] GC(87) User=0.00s Sys=0.00s Real=0.05s
[247.646s][info][gc,task        ] GC(88) Using 6 workers of 6 for full compaction
[247.647s][info][gc,start       ] GC(88) Pause Full (System.gc())
[247.647s][info][gc,phases,start] GC(88) Phase 1: Mark live objects
[247.660s][info][gc,stringtable ] GC(88) Cleaned string and symbol table, strings: 16727 processed, 9 removed, symbols: 124491 processed, 0 removed
[247.660s][info][gc,phases      ] GC(88) Phase 1: Mark live objects 12.452ms
[247.660s][info][gc,phases,start] GC(88) Phase 2: Prepare for compaction
[247.667s][info][gc,phases      ] GC(88) Phase 2: Prepare for compaction 7.533ms
[247.667s][info][gc,phases,start] GC(88) Phase 3: Adjust pointers
[247.680s][info][gc,phases      ] GC(88) Phase 3: Adjust pointers 12.852ms
[247.680s][info][gc,phases,start] GC(88) Phase 4: Compact heap
[247.687s][info][gc,phases      ] GC(88) Phase 4: Compact heap 6.531ms
[247.697s][info][gc,heap        ] GC(88) Eden regions: 504->0(1228)
[247.698s][info][gc,heap        ] GC(88) Survivor regions: 0->0(30)
[247.698s][info][gc,heap        ] GC(88) Old regions: 10->10
[247.698s][info][gc,heap        ] GC(88) Humongous regions: 0->0
[247.698s][info][gc,metaspace   ] GC(88) Metaspace: 63518K(66304K)->63518K(66304K) NonClass: 55522K(57088K)->55522K(57088K) Class: 7996K(9216K)->7996K(9216K)
[247.698s][info][gc             ] GC(88) Pause Full (System.gc()) 2039M->23M(8192M) 51.041ms
[247.698s][info][gc,cpu         ] GC(88) User=0.05s Sys=0.00s Real=0.04s
[250.340s][info][gc,task        ] GC(89) Using 6 workers of 6 for full compaction
[250.340s][info][gc,start       ] GC(89) Pause Full (System.gc())
[250.341s][info][gc,phases,start] GC(89) Phase 1: Mark live objects
[250.354s][info][gc,stringtable ] GC(89) Cleaned string and symbol table, strings: 16727 processed, 9 removed, symbols: 124491 processed, 0 removed
[250.354s][info][gc,phases      ] GC(89) Phase 1: Mark live objects 13.117ms
[250.354s][info][gc,phases,start] GC(89) Phase 2: Prepare for compaction
[250.360s][info][gc,phases      ] GC(89) Phase 2: Prepare for compaction 6.548ms
[250.360s][info][gc,phases,start] GC(89) Phase 3: Adjust pointers
[250.373s][info][gc,phases      ] GC(89) Phase 3: Adjust pointers 12.460ms
[250.373s][info][gc,phases,start] GC(89) Phase 4: Compact heap
[250.379s][info][gc,phases      ] GC(89) Phase 4: Compact heap 5.621ms
[250.389s][info][gc,heap        ] GC(89) Eden regions: 504->0(1228)
[250.389s][info][gc,heap        ] GC(89) Survivor regions: 0->0(30)
[250.389s][info][gc,heap        ] GC(89) Old regions: 10->10
[250.389s][info][gc,heap        ] GC(89) Humongous regions: 0->0
[250.389s][info][gc,metaspace   ] GC(89) Metaspace: 63521K(66304K)->63521K(66304K) NonClass: 55525K(57088K)->55525K(57088K) Class: 7996K(9216K)->7996K(9216K)
[250.389s][info][gc             ] GC(89) Pause Full (System.gc()) 2039M->23M(8192M) 49.405ms
[250.389s][info][gc,cpu         ] GC(89) User=0.03s Sys=0.00s Real=0.06s
[253.032s][info][gc,task        ] GC(90) Using 6 workers of 6 for full compaction
[253.033s][info][gc,start       ] GC(90) Pause Full (System.gc())
[253.034s][info][gc,phases,start] GC(90) Phase 1: Mark live objects
[253.046s][info][gc,stringtable ] GC(90) Cleaned string and symbol table, strings: 16730 processed, 9 removed, symbols: 124491 processed, 0 removed
[253.046s][info][gc,phases      ] GC(90) Phase 1: Mark live objects 12.623ms
[253.046s][info][gc,phases,start] GC(90) Phase 2: Prepare for compaction
[253.053s][info][gc,phases      ] GC(90) Phase 2: Prepare for compaction 7.103ms
[253.053s][info][gc,phases,start] GC(90) Phase 3: Adjust pointers
[253.066s][info][gc,phases      ] GC(90) Phase 3: Adjust pointers 12.731ms
[253.066s][info][gc,phases,start] GC(90) Phase 4: Compact heap
[253.072s][info][gc,phases      ] GC(90) Phase 4: Compact heap 5.314ms
[253.083s][info][gc,heap        ] GC(90) Eden regions: 502->0(1228)
[253.083s][info][gc,heap        ] GC(90) Survivor regions: 0->0(30)
[253.083s][info][gc,heap        ] GC(90) Old regions: 10->10
[253.083s][info][gc,heap        ] GC(90) Humongous regions: 0->0
[253.083s][info][gc,metaspace   ] GC(90) Metaspace: 63528K(66304K)->63528K(66304K) NonClass: 55532K(57088K)->55532K(57088K) Class: 7996K(9216K)->7996K(9216K)
[253.083s][info][gc             ] GC(90) Pause Full (System.gc()) 2031M->23M(8192M) 50.778ms
[253.084s][info][gc,cpu         ] GC(90) User=0.00s Sys=0.00s Real=0.05s
[255.705s][info][gc,task        ] GC(91) Using 6 workers of 6 for full compaction
[255.705s][info][gc,start       ] GC(91) Pause Full (System.gc())
[255.706s][info][gc,phases,start] GC(91) Phase 1: Mark live objects
[255.719s][info][gc,stringtable ] GC(91) Cleaned string and symbol table, strings: 16733 processed, 9 removed, symbols: 124491 processed, 0 removed
[255.719s][info][gc,phases      ] GC(91) Phase 1: Mark live objects 12.878ms
[255.719s][info][gc,phases,start] GC(91) Phase 2: Prepare for compaction
[255.725s][info][gc,phases      ] GC(91) Phase 2: Prepare for compaction 6.606ms
[255.725s][info][gc,phases,start] GC(91) Phase 3: Adjust pointers
[255.738s][info][gc,phases      ] GC(91) Phase 3: Adjust pointers 12.694ms
[255.738s][info][gc,phases,start] GC(91) Phase 4: Compact heap
[255.744s][info][gc,phases      ] GC(91) Phase 4: Compact heap 5.903ms
[255.755s][info][gc,heap        ] GC(91) Eden regions: 505->0(1228)
[255.755s][info][gc,heap        ] GC(91) Survivor regions: 0->0(30)
[255.755s][info][gc,heap        ] GC(91) Old regions: 10->10
[255.755s][info][gc,heap        ] GC(91) Humongous regions: 0->0
[255.755s][info][gc,metaspace   ] GC(91) Metaspace: 63528K(66304K)->63528K(66304K) NonClass: 55532K(57088K)->55532K(57088K) Class: 7996K(9216K)->7996K(9216K)
[255.755s][info][gc             ] GC(91) Pause Full (System.gc()) 2043M->23M(8192M) 50.257ms
[255.755s][info][gc,cpu         ] GC(91) User=0.03s Sys=0.00s Real=0.05s
[258.398s][info][gc,task        ] GC(92) Using 6 workers of 6 for full compaction
[258.399s][info][gc,start       ] GC(92) Pause Full (System.gc())
[258.401s][info][gc,phases,start] GC(92) Phase 1: Mark live objects
[258.413s][info][gc,stringtable ] GC(92) Cleaned string and symbol table, strings: 16742 processed, 9 removed, symbols: 124491 processed, 0 removed
[258.413s][info][gc,phases      ] GC(92) Phase 1: Mark live objects 12.498ms
[258.413s][info][gc,phases,start] GC(92) Phase 2: Prepare for compaction
[258.420s][info][gc,phases      ] GC(92) Phase 2: Prepare for compaction 6.500ms
[258.420s][info][gc,phases,start] GC(92) Phase 3: Adjust pointers
[258.433s][info][gc,phases      ] GC(92) Phase 3: Adjust pointers 12.911ms
[258.433s][info][gc,phases,start] GC(92) Phase 4: Compact heap
[258.438s][info][gc,phases      ] GC(92) Phase 4: Compact heap 5.512ms
[258.450s][info][gc,heap        ] GC(92) Eden regions: 507->0(1228)
[258.450s][info][gc,heap        ] GC(92) Survivor regions: 0->0(30)
[258.450s][info][gc,heap        ] GC(92) Old regions: 10->10
[258.450s][info][gc,heap        ] GC(92) Humongous regions: 0->0
[258.450s][info][gc,metaspace   ] GC(92) Metaspace: 63528K(66304K)->63528K(66304K) NonClass: 55532K(57088K)->55532K(57088K) Class: 7996K(9216K)->7996K(9216K)
[258.450s][info][gc             ] GC(92) Pause Full (System.gc()) 2049M->23M(8192M) 51.153ms
[258.450s][info][gc,cpu         ] GC(92) User=0.00s Sys=0.00s Real=0.05s
[261.070s][info][gc,task        ] GC(93) Using 6 workers of 6 for full compaction
[261.070s][info][gc,start       ] GC(93) Pause Full (System.gc())
[261.071s][info][gc,phases,start] GC(93) Phase 1: Mark live objects
[261.083s][info][gc,stringtable ] GC(93) Cleaned string and symbol table, strings: 16742 processed, 9 removed, symbols: 124491 processed, 0 removed
[261.083s][info][gc,phases      ] GC(93) Phase 1: Mark live objects 11.784ms
[261.083s][info][gc,phases,start] GC(93) Phase 2: Prepare for compaction
[261.090s][info][gc,phases      ] GC(93) Phase 2: Prepare for compaction 7.237ms
[261.090s][info][gc,phases,start] GC(93) Phase 3: Adjust pointers
[261.103s][info][gc,phases      ] GC(93) Phase 3: Adjust pointers 12.718ms
[261.103s][info][gc,phases,start] GC(93) Phase 4: Compact heap
[261.109s][info][gc,phases      ] GC(93) Phase 4: Compact heap 6.449ms
[261.120s][info][gc,heap        ] GC(93) Eden regions: 503->0(1228)
[261.120s][info][gc,heap        ] GC(93) Survivor regions: 0->0(30)
[261.120s][info][gc,heap        ] GC(93) Old regions: 10->10
[261.120s][info][gc,heap        ] GC(93) Humongous regions: 0->0
[261.120s][info][gc,metaspace   ] GC(93) Metaspace: 63528K(66304K)->63528K(66304K) NonClass: 55532K(57088K)->55532K(57088K) Class: 7996K(9216K)->7996K(9216K)
[261.120s][info][gc             ] GC(93) Pause Full (System.gc()) 2035M->23M(8192M) 50.078ms
[261.120s][info][gc,cpu         ] GC(93) User=0.03s Sys=0.00s Real=0.06s
[263.766s][info][gc,task        ] GC(94) Using 6 workers of 6 for full compaction
[263.766s][info][gc,start       ] GC(94) Pause Full (System.gc())
[263.767s][info][gc,phases,start] GC(94) Phase 1: Mark live objects
[263.781s][info][gc,stringtable ] GC(94) Cleaned string and symbol table, strings: 16742 processed, 9 removed, symbols: 124491 processed, 0 removed
[263.781s][info][gc,phases      ] GC(94) Phase 1: Mark live objects 13.126ms
[263.781s][info][gc,phases,start] GC(94) Phase 2: Prepare for compaction
[263.787s][info][gc,phases      ] GC(94) Phase 2: Prepare for compaction 6.802ms
[263.787s][info][gc,phases,start] GC(94) Phase 3: Adjust pointers
[263.800s][info][gc,phases      ] GC(94) Phase 3: Adjust pointers 12.883ms
[263.800s][info][gc,phases,start] GC(94) Phase 4: Compact heap
[263.807s][info][gc,phases      ] GC(94) Phase 4: Compact heap 6.242ms
[263.817s][info][gc,heap        ] GC(94) Eden regions: 505->0(1228)
[263.817s][info][gc,heap        ] GC(94) Survivor regions: 0->0(30)
[263.817s][info][gc,heap        ] GC(94) Old regions: 10->11
[263.817s][info][gc,heap        ] GC(94) Humongous regions: 0->0
[263.817s][info][gc,metaspace   ] GC(94) Metaspace: 63529K(66304K)->63529K(66304K) NonClass: 55533K(57088K)->55533K(57088K) Class: 7996K(9216K)->7996K(9216K)
[263.817s][info][gc             ] GC(94) Pause Full (System.gc()) 2043M->23M(8192M) 50.902ms
[263.818s][info][gc,cpu         ] GC(94) User=0.05s Sys=0.00s Real=0.05s
[266.421s][info][gc,task        ] GC(95) Using 6 workers of 6 for full compaction
[266.421s][info][gc,start       ] GC(95) Pause Full (System.gc())
[266.422s][info][gc,phases,start] GC(95) Phase 1: Mark live objects
[266.435s][info][gc,stringtable ] GC(95) Cleaned string and symbol table, strings: 16742 processed, 9 removed, symbols: 124491 processed, 0 removed
[266.435s][info][gc,phases      ] GC(95) Phase 1: Mark live objects 13.245ms
[266.435s][info][gc,phases,start] GC(95) Phase 2: Prepare for compaction
[266.442s][info][gc,phases      ] GC(95) Phase 2: Prepare for compaction 7.026ms
[266.442s][info][gc,phases,start] GC(95) Phase 3: Adjust pointers
[266.455s][info][gc,phases      ] GC(95) Phase 3: Adjust pointers 12.212ms
[266.455s][info][gc,phases,start] GC(95) Phase 4: Compact heap
[266.460s][info][gc,phases      ] GC(95) Phase 4: Compact heap 5.210ms
[266.471s][info][gc,heap        ] GC(95) Eden regions: 506->0(1228)
[266.471s][info][gc,heap        ] GC(95) Survivor regions: 0->0(30)
[266.471s][info][gc,heap        ] GC(95) Old regions: 11->10
[266.471s][info][gc,heap        ] GC(95) Humongous regions: 0->0
[266.471s][info][gc,metaspace   ] GC(95) Metaspace: 63530K(66304K)->63530K(66304K) NonClass: 55534K(57088K)->55534K(57088K) Class: 7996K(9216K)->7996K(9216K)
[266.471s][info][gc             ] GC(95) Pause Full (System.gc()) 2045M->23M(8192M) 49.627ms
[266.471s][info][gc,cpu         ] GC(95) User=0.03s Sys=0.00s Real=0.06s
[269.082s][info][gc,task        ] GC(96) Using 6 workers of 6 for full compaction
[269.082s][info][gc,start       ] GC(96) Pause Full (System.gc())
[269.083s][info][gc,phases,start] GC(96) Phase 1: Mark live objects
[269.094s][info][gc,stringtable ] GC(96) Cleaned string and symbol table, strings: 16745 processed, 9 removed, symbols: 124491 processed, 0 removed
[269.094s][info][gc,phases      ] GC(96) Phase 1: Mark live objects 10.940ms
[269.094s][info][gc,phases,start] GC(96) Phase 2: Prepare for compaction
[269.101s][info][gc,phases      ] GC(96) Phase 2: Prepare for compaction 7.071ms
[269.101s][info][gc,phases,start] GC(96) Phase 3: Adjust pointers
[269.114s][info][gc,phases      ] GC(96) Phase 3: Adjust pointers 12.689ms
[269.114s][info][gc,phases,start] GC(96) Phase 4: Compact heap
[269.120s][info][gc,phases      ] GC(96) Phase 4: Compact heap 5.972ms
[269.131s][info][gc,heap        ] GC(96) Eden regions: 502->0(1228)
[269.131s][info][gc,heap        ] GC(96) Survivor regions: 0->0(30)
[269.131s][info][gc,heap        ] GC(96) Old regions: 10->9
[269.131s][info][gc,heap        ] GC(96) Humongous regions: 0->0
[269.131s][info][gc,metaspace   ] GC(96) Metaspace: 63530K(66304K)->63530K(66304K) NonClass: 55534K(57088K)->55534K(57088K) Class: 7996K(9216K)->7996K(9216K)
[269.131s][info][gc             ] GC(96) Pause Full (System.gc()) 2031M->23M(8192M) 48.401ms
[269.131s][info][gc,cpu         ] GC(96) User=0.00s Sys=0.00s Real=0.05s
[271.752s][info][gc,task        ] GC(97) Using 6 workers of 6 for full compaction
[271.753s][info][gc,start       ] GC(97) Pause Full (System.gc())
[271.753s][info][gc,phases,start] GC(97) Phase 1: Mark live objects
[271.766s][info][gc,stringtable ] GC(97) Cleaned string and symbol table, strings: 16745 processed, 9 removed, symbols: 124491 processed, 0 removed
[271.766s][info][gc,phases      ] GC(97) Phase 1: Mark live objects 12.178ms
[271.766s][info][gc,phases,start] GC(97) Phase 2: Prepare for compaction
[271.772s][info][gc,phases      ] GC(97) Phase 2: Prepare for compaction 6.826ms
[271.772s][info][gc,phases,start] GC(97) Phase 3: Adjust pointers
[271.785s][info][gc,phases      ] GC(97) Phase 3: Adjust pointers 12.333ms
[271.785s][info][gc,phases,start] GC(97) Phase 4: Compact heap
[271.790s][info][gc,phases      ] GC(97) Phase 4: Compact heap 5.053ms
[271.801s][info][gc,heap        ] GC(97) Eden regions: 504->0(1228)
[271.801s][info][gc,heap        ] GC(97) Survivor regions: 0->0(30)
[271.801s][info][gc,heap        ] GC(97) Old regions: 9->10
[271.801s][info][gc,heap        ] GC(97) Humongous regions: 0->0
[271.801s][info][gc,metaspace   ] GC(97) Metaspace: 63530K(66304K)->63530K(66304K) NonClass: 55534K(57088K)->55534K(57088K) Class: 7996K(9216K)->7996K(9216K)
[271.801s][info][gc             ] GC(97) Pause Full (System.gc()) 2039M->23M(8192M) 48.381ms
[271.801s][info][gc,cpu         ] GC(97) User=0.02s Sys=0.00s Real=0.06s
[274.394s][info][gc,task        ] GC(98) Using 6 workers of 6 for full compaction
[274.394s][info][gc,start       ] GC(98) Pause Full (System.gc())
[274.395s][info][gc,phases,start] GC(98) Phase 1: Mark live objects
[274.409s][info][gc,stringtable ] GC(98) Cleaned string and symbol table, strings: 16745 processed, 9 removed, symbols: 124491 processed, 0 removed
[274.409s][info][gc,phases      ] GC(98) Phase 1: Mark live objects 13.315ms
[274.409s][info][gc,phases,start] GC(98) Phase 2: Prepare for compaction
[274.416s][info][gc,phases      ] GC(98) Phase 2: Prepare for compaction 7.820ms
[274.416s][info][gc,phases,start] GC(98) Phase 3: Adjust pointers
[274.455s][info][gc,phases      ] GC(98) Phase 3: Adjust pointers 38.493ms
[274.455s][info][gc,phases,start] GC(98) Phase 4: Compact heap
[274.460s][info][gc,phases      ] GC(98) Phase 4: Compact heap 5.447ms
[274.471s][info][gc,heap        ] GC(98) Eden regions: 506->0(1228)
[274.471s][info][gc,heap        ] GC(98) Survivor regions: 0->0(30)
[274.471s][info][gc,heap        ] GC(98) Old regions: 10->11
[274.471s][info][gc,heap        ] GC(98) Humongous regions: 0->0
[274.471s][info][gc,metaspace   ] GC(98) Metaspace: 63530K(66304K)->63530K(66304K) NonClass: 55534K(57088K)->55534K(57088K) Class: 7996K(9216K)->7996K(9216K)
[274.471s][info][gc             ] GC(98) Pause Full (System.gc()) 2045M->23M(8192M) 76.848ms
[274.471s][info][gc,cpu         ] GC(98) User=0.06s Sys=0.00s Real=0.08s
[277.041s][info][gc,task        ] GC(99) Using 6 workers of 6 for full compaction
[277.041s][info][gc,start       ] GC(99) Pause Full (System.gc())
[277.042s][info][gc,phases,start] GC(99) Phase 1: Mark live objects
[277.054s][info][gc,stringtable ] GC(99) Cleaned string and symbol table, strings: 16745 processed, 9 removed, symbols: 124491 processed, 0 removed
[277.054s][info][gc,phases      ] GC(99) Phase 1: Mark live objects 12.540ms
[277.054s][info][gc,phases,start] GC(99) Phase 2: Prepare for compaction
[277.061s][info][gc,phases      ] GC(99) Phase 2: Prepare for compaction 6.974ms
[277.061s][info][gc,phases,start] GC(99) Phase 3: Adjust pointers
[277.074s][info][gc,phases      ] GC(99) Phase 3: Adjust pointers 12.649ms
[277.074s][info][gc,phases,start] GC(99) Phase 4: Compact heap
[277.080s][info][gc,phases      ] GC(99) Phase 4: Compact heap 6.333ms
[277.091s][info][gc,heap        ] GC(99) Eden regions: 504->0(1228)
[277.091s][info][gc,heap        ] GC(99) Survivor regions: 0->0(30)
[277.091s][info][gc,heap        ] GC(99) Old regions: 11->9
[277.091s][info][gc,heap        ] GC(99) Humongous regions: 0->0
[277.091s][info][gc,metaspace   ] GC(99) Metaspace: 63530K(66304K)->63530K(66304K) NonClass: 55534K(57088K)->55534K(57088K) Class: 7996K(9216K)->7996K(9216K)
[277.091s][info][gc             ] GC(99) Pause Full (System.gc()) 2037M->23M(8192M) 50.344ms
[277.091s][info][gc,cpu         ] GC(99) User=0.03s Sys=0.00s Real=0.06s
[279.716s][info][gc,task        ] GC(100) Using 6 workers of 6 for full compaction
[279.716s][info][gc,start       ] GC(100) Pause Full (System.gc())
[279.718s][info][gc,phases,start] GC(100) Phase 1: Mark live objects
[279.729s][info][gc,stringtable ] GC(100) Cleaned string and symbol table, strings: 16745 processed, 9 removed, symbols: 124491 processed, 0 removed
[279.729s][info][gc,phases      ] GC(100) Phase 1: Mark live objects 11.890ms
[279.729s][info][gc,phases,start] GC(100) Phase 2: Prepare for compaction
[279.736s][info][gc,phases      ] GC(100) Phase 2: Prepare for compaction 6.626ms
[279.736s][info][gc,phases,start] GC(100) Phase 3: Adjust pointers
[279.749s][info][gc,phases      ] GC(100) Phase 3: Adjust pointers 12.752ms
[279.749s][info][gc,phases,start] GC(100) Phase 4: Compact heap
[279.754s][info][gc,phases      ] GC(100) Phase 4: Compact heap 5.260ms
[279.765s][info][gc,heap        ] GC(100) Eden regions: 504->0(1228)
[279.766s][info][gc,heap        ] GC(100) Survivor regions: 0->0(30)
[279.766s][info][gc,heap        ] GC(100) Old regions: 9->10
[279.766s][info][gc,heap        ] GC(100) Humongous regions: 0->0
[279.766s][info][gc,metaspace   ] GC(100) Metaspace: 63530K(66304K)->63530K(66304K) NonClass: 55534K(57088K)->55534K(57088K) Class: 7996K(9216K)->7996K(9216K)
[279.766s][info][gc             ] GC(100) Pause Full (System.gc()) 2039M->23M(8192M) 49.309ms
[279.766s][info][gc,cpu         ] GC(100) User=0.02s Sys=0.00s Real=0.05s
[282.336s][info][gc,task        ] GC(101) Using 6 workers of 6 for full compaction
[282.336s][info][gc,start       ] GC(101) Pause Full (System.gc())
[282.337s][info][gc,phases,start] GC(101) Phase 1: Mark live objects
[282.350s][info][gc,stringtable ] GC(101) Cleaned string and symbol table, strings: 16745 processed, 9 removed, symbols: 124491 processed, 0 removed
[282.350s][info][gc,phases      ] GC(101) Phase 1: Mark live objects 12.558ms
[282.350s][info][gc,phases,start] GC(101) Phase 2: Prepare for compaction
[282.357s][info][gc,phases      ] GC(101) Phase 2: Prepare for compaction 7.278ms
[282.357s][info][gc,phases,start] GC(101) Phase 3: Adjust pointers
[282.370s][info][gc,phases      ] GC(101) Phase 3: Adjust pointers 12.728ms
[282.370s][info][gc,phases,start] GC(101) Phase 4: Compact heap
[282.376s][info][gc,phases      ] GC(101) Phase 4: Compact heap 6.314ms
[282.387s][info][gc,heap        ] GC(101) Eden regions: 505->0(1228)
[282.387s][info][gc,heap        ] GC(101) Survivor regions: 0->0(30)
[282.387s][info][gc,heap        ] GC(101) Old regions: 10->10
[282.387s][info][gc,heap        ] GC(101) Humongous regions: 0->0
[282.387s][info][gc,metaspace   ] GC(101) Metaspace: 63530K(66304K)->63530K(66304K) NonClass: 55534K(57088K)->55534K(57088K) Class: 7996K(9216K)->7996K(9216K)
[282.387s][info][gc             ] GC(101) Pause Full (System.gc()) 2041M->23M(8192M) 50.630ms
[282.387s][info][gc,cpu         ] GC(101) User=0.05s Sys=0.00s Real=0.05s
[285.009s][info][gc,task        ] GC(102) Using 6 workers of 6 for full compaction
[285.009s][info][gc,start       ] GC(102) Pause Full (System.gc())
[285.011s][info][gc,phases,start] GC(102) Phase 1: Mark live objects
[285.024s][info][gc,stringtable ] GC(102) Cleaned string and symbol table, strings: 16745 processed, 9 removed, symbols: 124491 processed, 0 removed
[285.024s][info][gc,phases      ] GC(102) Phase 1: Mark live objects 12.960ms
[285.024s][info][gc,phases,start] GC(102) Phase 2: Prepare for compaction
[285.030s][info][gc,phases      ] GC(102) Phase 2: Prepare for compaction 6.576ms
[285.030s][info][gc,phases,start] GC(102) Phase 3: Adjust pointers
[285.043s][info][gc,phases      ] GC(102) Phase 3: Adjust pointers 13.040ms
[285.043s][info][gc,phases,start] GC(102) Phase 4: Compact heap
[285.049s][info][gc,phases      ] GC(102) Phase 4: Compact heap 5.425ms
[285.060s][info][gc,heap        ] GC(102) Eden regions: 506->0(1228)
[285.060s][info][gc,heap        ] GC(102) Survivor regions: 0->0(30)
[285.060s][info][gc,heap        ] GC(102) Old regions: 10->11
[285.060s][info][gc,heap        ] GC(102) Humongous regions: 0->0
[285.060s][info][gc,metaspace   ] GC(102) Metaspace: 63530K(66304K)->63530K(66304K) NonClass: 55534K(57088K)->55534K(57088K) Class: 7996K(9216K)->7996K(9216K)
[285.060s][info][gc             ] GC(102) Pause Full (System.gc()) 2045M->23M(8192M) 50.536ms
[285.060s][info][gc,cpu         ] GC(102) User=0.00s Sys=0.00s Real=0.05s
[287.708s][info][gc,task        ] GC(103) Using 6 workers of 6 for full compaction
[287.708s][info][gc,start       ] GC(103) Pause Full (System.gc())
[287.709s][info][gc,phases,start] GC(103) Phase 1: Mark live objects
[287.721s][info][gc,stringtable ] GC(103) Cleaned string and symbol table, strings: 16745 processed, 9 removed, symbols: 124491 processed, 0 removed
[287.721s][info][gc,phases      ] GC(103) Phase 1: Mark live objects 12.123ms
[287.721s][info][gc,phases,start] GC(103) Phase 2: Prepare for compaction
[287.728s][info][gc,phases      ] GC(103) Phase 2: Prepare for compaction 6.576ms
[287.728s][info][gc,phases,start] GC(103) Phase 3: Adjust pointers
[287.739s][info][gc,phases      ] GC(103) Phase 3: Adjust pointers 11.543ms
[287.739s][info][gc,phases,start] GC(103) Phase 4: Compact heap
[287.745s][info][gc,phases      ] GC(103) Phase 4: Compact heap 5.544ms
[287.755s][info][gc,heap        ] GC(103) Eden regions: 504->0(1228)
[287.755s][info][gc,heap        ] GC(103) Survivor regions: 0->0(30)
[287.755s][info][gc,heap        ] GC(103) Old regions: 11->11
[287.755s][info][gc,heap        ] GC(103) Humongous regions: 0->0
[287.755s][info][gc,metaspace   ] GC(103) Metaspace: 63530K(66304K)->63530K(66304K) NonClass: 55534K(57088K)->55534K(57088K) Class: 7996K(9216K)->7996K(9216K)
[287.755s][info][gc             ] GC(103) Pause Full (System.gc()) 2037M->23M(8192M) 46.700ms
[287.755s][info][gc,cpu         ] GC(103) User=0.05s Sys=0.00s Real=0.05s
[290.373s][info][gc,task        ] GC(104) Using 6 workers of 6 for full compaction
[290.373s][info][gc,start       ] GC(104) Pause Full (System.gc())
[290.374s][info][gc,phases,start] GC(104) Phase 1: Mark live objects
[290.386s][info][gc,stringtable ] GC(104) Cleaned string and symbol table, strings: 16750 processed, 9 removed, symbols: 124491 processed, 0 removed
[290.386s][info][gc,phases      ] GC(104) Phase 1: Mark live objects 11.906ms
[290.386s][info][gc,phases,start] GC(104) Phase 2: Prepare for compaction
[290.393s][info][gc,phases      ] GC(104) Phase 2: Prepare for compaction 6.668ms
[290.393s][info][gc,phases,start] GC(104) Phase 3: Adjust pointers
[290.405s][info][gc,phases      ] GC(104) Phase 3: Adjust pointers 11.883ms
[290.405s][info][gc,phases,start] GC(104) Phase 4: Compact heap
[290.410s][info][gc,phases      ] GC(104) Phase 4: Compact heap 5.611ms
[290.420s][info][gc,heap        ] GC(104) Eden regions: 505->0(1228)
[290.420s][info][gc,heap        ] GC(104) Survivor regions: 0->0(30)
[290.420s][info][gc,heap        ] GC(104) Old regions: 11->11
[290.420s][info][gc,heap        ] GC(104) Humongous regions: 0->0
[290.420s][info][gc,metaspace   ] GC(104) Metaspace: 63532K(66304K)->63532K(66304K) NonClass: 55536K(57088K)->55536K(57088K) Class: 7996K(9216K)->7996K(9216K)
[290.420s][info][gc             ] GC(104) Pause Full (System.gc()) 2043M->23M(8192M) 47.253ms
[290.421s][info][gc,cpu         ] GC(104) User=0.03s Sys=0.00s Real=0.05s
[293.033s][info][gc,task        ] GC(105) Using 6 workers of 6 for full compaction
[293.034s][info][gc,start       ] GC(105) Pause Full (System.gc())
[293.034s][info][gc,phases,start] GC(105) Phase 1: Mark live objects
[293.045s][info][gc,stringtable ] GC(105) Cleaned string and symbol table, strings: 16750 processed, 9 removed, symbols: 124491 processed, 0 removed
[293.045s][info][gc,phases      ] GC(105) Phase 1: Mark live objects 11.076ms
[293.045s][info][gc,phases,start] GC(105) Phase 2: Prepare for compaction
[293.053s][info][gc,phases      ] GC(105) Phase 2: Prepare for compaction 7.478ms
[293.053s][info][gc,phases,start] GC(105) Phase 3: Adjust pointers
[293.065s][info][gc,phases      ] GC(105) Phase 3: Adjust pointers 11.619ms
[293.065s][info][gc,phases,start] GC(105) Phase 4: Compact heap
[293.070s][info][gc,phases      ] GC(105) Phase 4: Compact heap 5.322ms
[293.080s][info][gc,heap        ] GC(105) Eden regions: 504->0(1228)
[293.080s][info][gc,heap        ] GC(105) Survivor regions: 0->0(30)
[293.080s][info][gc,heap        ] GC(105) Old regions: 11->9
[293.080s][info][gc,heap        ] GC(105) Humongous regions: 0->0
[293.080s][info][gc,metaspace   ] GC(105) Metaspace: 63547K(66304K)->63547K(66304K) NonClass: 55551K(57088K)->55551K(57088K) Class: 7996K(9216K)->7996K(9216K)
[293.080s][info][gc             ] GC(105) Pause Full (System.gc()) 2039M->23M(8192M) 46.668ms
[293.080s][info][gc,cpu         ] GC(105) User=0.02s Sys=0.00s Real=0.04s
[295.737s][info][gc,task        ] GC(106) Using 6 workers of 6 for full compaction
[295.737s][info][gc,start       ] GC(106) Pause Full (System.gc())
[295.738s][info][gc,phases,start] GC(106) Phase 1: Mark live objects
[295.750s][info][gc,stringtable ] GC(106) Cleaned string and symbol table, strings: 16750 processed, 9 removed, symbols: 124491 processed, 0 removed
[295.750s][info][gc,phases      ] GC(106) Phase 1: Mark live objects 12.447ms
[295.750s][info][gc,phases,start] GC(106) Phase 2: Prepare for compaction
[295.757s][info][gc,phases      ] GC(106) Phase 2: Prepare for compaction 7.296ms
[295.758s][info][gc,phases,start] GC(106) Phase 3: Adjust pointers
[295.770s][info][gc,phases      ] GC(106) Phase 3: Adjust pointers 12.308ms
[295.770s][info][gc,phases,start] GC(106) Phase 4: Compact heap
[295.776s][info][gc,phases      ] GC(106) Phase 4: Compact heap 6.137ms
[295.786s][info][gc,heap        ] GC(106) Eden regions: 505->0(1228)
[295.786s][info][gc,heap        ] GC(106) Survivor regions: 0->0(30)
[295.786s][info][gc,heap        ] GC(106) Old regions: 9->10
[295.786s][info][gc,heap        ] GC(106) Humongous regions: 0->0
[295.786s][info][gc,metaspace   ] GC(106) Metaspace: 63547K(66304K)->63547K(66304K) NonClass: 55551K(57088K)->55551K(57088K) Class: 7996K(9216K)->7996K(9216K)
[295.786s][info][gc             ] GC(106) Pause Full (System.gc()) 2041M->23M(8192M) 49.336ms
[295.786s][info][gc,cpu         ] GC(106) User=0.03s Sys=0.00s Real=0.05s
[298.433s][info][gc,task        ] GC(107) Using 6 workers of 6 for full compaction
[298.433s][info][gc,start       ] GC(107) Pause Full (System.gc())
[298.434s][info][gc,phases,start] GC(107) Phase 1: Mark live objects
[298.446s][info][gc,stringtable ] GC(107) Cleaned string and symbol table, strings: 16750 processed, 9 removed, symbols: 124491 processed, 0 removed
[298.446s][info][gc,phases      ] GC(107) Phase 1: Mark live objects 12.110ms
[298.446s][info][gc,phases,start] GC(107) Phase 2: Prepare for compaction
[298.453s][info][gc,phases      ] GC(107) Phase 2: Prepare for compaction 6.333ms
[298.453s][info][gc,phases,start] GC(107) Phase 3: Adjust pointers
[298.465s][info][gc,phases      ] GC(107) Phase 3: Adjust pointers 12.257ms
[298.465s][info][gc,phases,start] GC(107) Phase 4: Compact heap
[298.470s][info][gc,phases      ] GC(107) Phase 4: Compact heap 5.418ms
[298.481s][info][gc,heap        ] GC(107) Eden regions: 506->0(1228)
[298.481s][info][gc,heap        ] GC(107) Survivor regions: 0->0(30)
[298.481s][info][gc,heap        ] GC(107) Old regions: 10->10
[298.481s][info][gc,heap        ] GC(107) Humongous regions: 0->0
[298.481s][info][gc,metaspace   ] GC(107) Metaspace: 63547K(66304K)->63547K(66304K) NonClass: 55551K(57088K)->55551K(57088K) Class: 7996K(9216K)->7996K(9216K)
[298.481s][info][gc             ] GC(107) Pause Full (System.gc()) 2045M->23M(8192M) 47.367ms
[298.481s][info][gc,cpu         ] GC(107) User=0.02s Sys=0.00s Real=0.05s
[301.091s][info][gc,task        ] GC(108) Using 6 workers of 6 for full compaction
[301.091s][info][gc,start       ] GC(108) Pause Full (System.gc())
[301.092s][info][gc,phases,start] GC(108) Phase 1: Mark live objects
[301.103s][info][gc,stringtable ] GC(108) Cleaned string and symbol table, strings: 16750 processed, 9 removed, symbols: 124491 processed, 0 removed
[301.103s][info][gc,phases      ] GC(108) Phase 1: Mark live objects 10.868ms
[301.103s][info][gc,phases,start] GC(108) Phase 2: Prepare for compaction
[301.110s][info][gc,phases      ] GC(108) Phase 2: Prepare for compaction 7.196ms
[301.110s][info][gc,phases,start] GC(108) Phase 3: Adjust pointers
[301.122s][info][gc,phases      ] GC(108) Phase 3: Adjust pointers 11.869ms
[301.122s][info][gc,phases,start] GC(108) Phase 4: Compact heap
[301.128s][info][gc,phases      ] GC(108) Phase 4: Compact heap 6.156ms
[301.138s][info][gc,heap        ] GC(108) Eden regions: 504->0(1228)
[301.138s][info][gc,heap        ] GC(108) Survivor regions: 0->0(30)
[301.138s][info][gc,heap        ] GC(108) Old regions: 10->9
[301.138s][info][gc,heap        ] GC(108) Humongous regions: 0->0
[301.138s][info][gc,metaspace   ] GC(108) Metaspace: 63547K(66304K)->63547K(66304K) NonClass: 55551K(57088K)->55551K(57088K) Class: 7996K(9216K)->7996K(9216K)
[301.138s][info][gc             ] GC(108) Pause Full (System.gc()) 2037M->23M(8192M) 46.861ms
[301.138s][info][gc,cpu         ] GC(108) User=0.03s Sys=0.00s Real=0.05s
[303.741s][info][gc,heap,exit   ] Heap
[303.741s][info][gc,heap,exit   ]  garbage-first heap   total 8388608K, used 2080203K [0x0000000600000000, 0x0000000800000000)
[303.741s][info][gc,heap,exit   ]   region size 4096K, 503 young (2060288K), 0 survivors (0K)
[303.741s][info][gc,heap,exit   ]  Metaspace       used 63699K, capacity 66333K, committed 66688K, reserved 1105920K
[303.741s][info][gc,heap,exit   ]   class space    used 8033K, capacity 9140K, committed 9344K, reserved 1048576K
