[0.006s][info][gc] Min heap equals to max heap, disabling ShenandoahUncommit
[0.009s][info][gc] Heuristics ergonomically sets -XX:+ExplicitGCInvokesConcurrent
[0.009s][info][gc] Heuristics ergonomically sets -XX:+ShenandoahImplicitGCInvokesConcurrent
[0.010s][info][gc] Using Shenandoah
[0.100s][info][gc,ergo] Pacer for Idle. Initial: 163M, Alloc Tax Rate: 1.0x
[0.100s][info][gc,init] Version: 17.0.12+7-adhoc..jdk17u (release)
[0.100s][info][gc,init] CPUs: 6 total, 6 available
[0.100s][info][gc,init] Memory: 15591M
[0.100s][info][gc,init] Large Page Support: Disabled
[0.100s][info][gc,init] NUMA Support: Disabled
[0.101s][info][gc,init] Compressed Oops: Enabled (Zero based)
[0.101s][info][gc,init] Heap Min Capacity: 8G
[0.101s][info][gc,init] Heap Initial Capacity: 8G
[0.101s][info][gc,init] Heap Max Capacity: 8G
[0.101s][info][gc,init] Pre-touch: Disabled
[0.101s][info][gc,init] Mode: Snapshot-At-The-Beginning (SATB)
[0.101s][info][gc,init] Heuristics: Adaptive
[0.101s][info][gc,init] Heap Region Count: 2048
[0.101s][info][gc,init] Heap Region Size: 4M
[0.101s][info][gc,init] TLAB Size Max: 4M
[0.101s][info][gc,init] Humongous Object Threshold: 4M
[0.101s][info][gc,init] Parallel Workers: 3
[0.101s][info][gc,init] Concurrent Workers: 1
[0.109s][info][gc,metaspace] CDS archive(s) mapped at: [0x00000226f8000000-0x00000226f8bc0000-0x00000226f8bc0000), size 12320768, SharedBaseAddress: 0x00000226f8000000, ArchiveRelocationMode: 1.
[0.110s][info][gc,metaspace] Compressed class space mapped at: 0x00000226f9000000-0x0000022739000000, reserved size: 1073741824
[0.110s][info][gc,metaspace] Narrow klass base: 0x00000226f8000000, Narrow klass shift: 0, Narrow klass range: 0x100000000
[7.381s][info][gc          ] Trigger: Metadata GC Threshold
[7.381s][info][gc,ergo     ] Free: 7692M, Max: 4096K regular, 7692M humongous, Frag: 0% external, 0% internal; Reserve: 412M, Max: 4096K
[7.381s][info][gc,start    ] GC(0) Concurrent reset
[7.381s][info][gc,task     ] GC(0) Using 1 of 3 workers for concurrent reset
[7.381s][info][gc,ergo     ] GC(0) Pacer for Reset. Non-Taxable: 8192M
[7.382s][info][gc          ] GC(0) Concurrent reset 0.219ms
[7.382s][info][gc,start    ] GC(0) Pause Init Mark (unload classes)
[7.383s][info][gc,task     ] GC(0) Using 3 of 3 workers for init marking
[7.383s][info][gc,ergo     ] GC(0) Pacer for Mark. Expected Live: 819M, Free: 7692M, Non-Taxable: 769M, Alloc Tax Rate: 0.1x
[7.383s][info][gc          ] GC(0) Pause Init Mark (unload classes) 0.211ms
[7.383s][info][gc,start    ] GC(0) Concurrent marking roots
[7.383s][info][gc,task     ] GC(0) Using 1 of 3 workers for concurrent marking roots
[7.384s][info][gc          ] GC(0) Concurrent marking roots 1.782ms
[7.385s][info][gc,start    ] GC(0) Concurrent marking (unload classes)
[7.385s][info][gc,task     ] GC(0) Using 1 of 3 workers for concurrent marking
[7.396s][info][gc          ] GC(0) Concurrent marking (unload classes) 11.448ms
[7.396s][info][gc,start    ] GC(0) Pause Final Mark (unload classes)
[7.396s][info][gc,task     ] GC(0) Using 3 of 3 workers for final marking
[7.396s][info][gc,ergo     ] GC(0) Adaptive CSet Selection. Target Free: 1160M, Actual Free: 8096M, Max CSet: 341M, Min Garbage: 0B
[7.396s][info][gc,ergo     ] GC(0) Collectable Garbage: 70287K (98%), Immediate: 0B (0%), CSet: 70287K (98%)
[7.396s][info][gc,ergo     ] GC(0) Pacer for Evacuation. Used CSet: 81920K, Free: 7684M, Non-Taxable: 768M, Alloc Tax Rate: 1.1x
[7.396s][info][gc          ] GC(0) Pause Final Mark (unload classes) 0.218ms
[7.396s][info][gc,start    ] GC(0) Concurrent thread roots
[7.396s][info][gc,task     ] GC(0) Using 1 of 3 workers for Concurrent thread roots
[7.398s][info][gc          ] GC(0) Concurrent thread roots 1.575ms
[7.398s][info][gc,start    ] GC(0) Concurrent weak references
[7.398s][info][gc,task     ] GC(0) Using 1 of 3 workers for concurrent weak references
[7.398s][info][gc,ref      ] GC(0) Encountered references: Soft: 3513, Weak: 1294, Final: 0, Phantom: 873
[7.398s][info][gc,ref      ] GC(0) Discovered  references: Soft: 0, Weak: 519, Final: 0, Phantom: 717
[7.398s][info][gc,ref      ] GC(0) Enqueued    references: Soft: 0, Weak: 316, Final: 0, Phantom: 319
[7.398s][info][gc          ] GC(0) Concurrent weak references 0.421ms
[7.398s][info][gc,start    ] GC(0) Concurrent weak roots
[7.398s][info][gc,task     ] GC(0) Using 1 of 3 workers for concurrent weak root
[7.400s][info][gc          ] GC(0) Concurrent weak roots 1.338ms
[7.400s][info][gc,start    ] GC(0) Concurrent cleanup
[7.400s][info][gc          ] GC(0) Concurrent cleanup 101M->101M(8192M) 0.034ms
[7.400s][info][gc,ergo     ] GC(0) Free: 7680M, Max: 4096K regular, 7680M humongous, Frag: 0% external, 0% internal; Reserve: 410M, Max: 4096K
[7.400s][info][gc,start    ] GC(0) Concurrent class unloading
[7.400s][info][gc,task     ] GC(0) Using 1 of 3 workers for concurrent class unloading
[7.403s][info][gc          ] GC(0) Concurrent class unloading 3.327ms
[7.403s][info][gc,start    ] GC(0) Concurrent strong roots
[7.403s][info][gc,task     ] GC(0) Using 1 of 3 workers for concurrent strong root
[7.404s][info][gc          ] GC(0) Concurrent strong roots 0.705ms
[7.404s][info][gc,start    ] GC(0) Concurrent evacuation
[7.404s][info][gc,task     ] GC(0) Using 1 of 3 workers for concurrent evacuation
[7.411s][info][gc          ] GC(0) Concurrent evacuation 7.425ms
[7.412s][info][gc,start    ] GC(0) Pause Init Update Refs
[7.412s][info][gc,ergo     ] GC(0) Pacer for Update Refs. Used: 116M, Free: 7680M, Non-Taxable: 768M, Alloc Tax Rate: 1.1x
[7.412s][info][gc          ] GC(0) Pause Init Update Refs 0.036ms
[7.412s][info][gc,start    ] GC(0) Concurrent update references
[7.412s][info][gc,task     ] GC(0) Using 1 of 3 workers for concurrent reference update
[7.419s][info][gc          ] GC(0) Concurrent update references 6.882ms
[7.419s][info][gc,start    ] GC(0) Concurrent update thread roots
[7.428s][info][gc          ] GC(0) Concurrent update thread roots 9.695ms
[7.429s][info][gc,start    ] GC(0) Pause Final Update Refs
[7.429s][info][gc,task     ] GC(0) Using 3 of 3 workers for final reference update
[7.429s][info][gc          ] GC(0) Pause Final Update Refs 0.076ms
[7.429s][info][gc,start    ] GC(0) Concurrent cleanup
[7.429s][info][gc          ] GC(0) Concurrent cleanup 116M->36M(8192M) 0.101ms
[7.429s][info][gc,ergo     ] Free: 7744M, Max: 4096K regular, 7664M humongous, Frag: 2% external, 0% internal; Reserve: 412M, Max: 4096K
[7.429s][info][gc,stats    ] 
[7.429s][info][gc,stats    ] All times are wall-clock times, except per-root-class counters, that are sum over
[7.429s][info][gc,stats    ] all workers. Dividing the <total> over the root stage time estimates parallelism.
[7.429s][info][gc,stats    ] 
[7.429s][info][gc,stats    ] Concurrent Reset                    320 us
[7.429s][info][gc,stats    ] Pause Init Mark (G)                1084 us
[7.429s][info][gc,stats    ] Pause Init Mark (N)                 223 us
[7.429s][info][gc,stats    ]   Update Region States               38 us
[7.429s][info][gc,stats    ] Concurrent Mark Roots              1836 us, parallelism: 0.92x
[7.429s][info][gc,stats    ]   CMR: <total>                     1688 us
[7.429s][info][gc,stats    ]   CMR: Thread Roots                1438 us, workers (us): 1438, ---, ---, 
[7.429s][info][gc,stats    ]   CMR: VM Strong Roots               44 us, workers (us):  44, ---, ---, 
[7.429s][info][gc,stats    ]   CMR: CLDG Roots                   206 us, workers (us): 206, ---, ---, 
[7.429s][info][gc,stats    ] Concurrent Marking                11511 us
[7.429s][info][gc,stats    ] Pause Final Mark (G)                321 us
[7.429s][info][gc,stats    ] Pause Final Mark (N)                226 us
[7.429s][info][gc,stats    ]   Finish Mark                        71 us
[7.429s][info][gc,stats    ]   Update Region States               38 us
[7.429s][info][gc,stats    ]   Choose Collection Set              37 us
[7.429s][info][gc,stats    ]   Rebuild Free Set                    8 us
[7.429s][info][gc,stats    ] Concurrent Thread Roots            1624 us, parallelism: 0.90x
[7.429s][info][gc,stats    ]   CTR: <total>                     1464 us
[7.429s][info][gc,stats    ]   CTR: Thread Roots                1464 us, workers (us): 1464, ---, ---, 
[7.429s][info][gc,stats    ] Concurrent Weak References          429 us, parallelism: 0.56x
[7.429s][info][gc,stats    ]   CWRF: <total>                     241 us
[7.429s][info][gc,stats    ]   CWRF: Weak References             241 us, workers (us): 241, ---, ---, 
[7.430s][info][gc,stats    ] Concurrent Weak Roots              1394 us
[7.430s][info][gc,stats    ]   Roots                            1227 us, parallelism: 0.95x
[7.430s][info][gc,stats    ]     CWR: <total>                   1163 us
[7.430s][info][gc,stats    ]     CWR: Code Cache Roots           479 us, workers (us): 479, ---, ---, 
[7.430s][info][gc,stats    ]     CWR: VM Weak Roots              670 us, workers (us): 670, ---, ---, 
[7.430s][info][gc,stats    ]     CWR: CLDG Roots                  14 us, workers (us):  14, ---, ---, 
[7.430s][info][gc,stats    ]   Rendezvous                         93 us
[7.430s][info][gc,stats    ] Concurrent Cleanup                   42 us
[7.430s][info][gc,stats    ] Concurrent Class Unloading         3366 us
[7.430s][info][gc,stats    ]   Unlink Stale                     3090 us
[7.430s][info][gc,stats    ]     System Dictionary                24 us
[7.430s][info][gc,stats    ]     Weak Class Links                  0 us
[7.430s][info][gc,stats    ]     Code Roots                     3064 us
[7.430s][info][gc,stats    ]   Rendezvous                         67 us
[7.430s][info][gc,stats    ]   Purge Unlinked                    153 us
[7.430s][info][gc,stats    ]     Code Roots                      146 us
[7.430s][info][gc,stats    ]     CLDG                              6 us
[7.430s][info][gc,stats    ]     Exception Caches                  0 us
[7.430s][info][gc,stats    ] Concurrent Strong Roots             763 us, parallelism: 0.81x
[7.430s][info][gc,stats    ]   CSR: <total>                      616 us
[7.430s][info][gc,stats    ]   CSR: VM Strong Roots               17 us, workers (us):  17, ---, ---, 
[7.430s][info][gc,stats    ]   CSR: CLDG Roots                   599 us, workers (us): 599, ---, ---, 
[7.430s][info][gc,stats    ] Concurrent Evacuation              7485 us
[7.430s][info][gc,stats    ] Pause Init Update Refs (G)          316 us
[7.430s][info][gc,stats    ] Pause Init Update Refs (N)           44 us
[7.430s][info][gc,stats    ]   Manage GCLABs                       4 us
[7.430s][info][gc,stats    ] Concurrent Update Refs             6949 us
[7.430s][info][gc,stats    ] Concurrent Update Thread Roots     9746 us
[7.430s][info][gc,stats    ] Pause Final Update Refs (G)         171 us
[7.430s][info][gc,stats    ] Pause Final Update Refs (N)          94 us
[7.430s][info][gc,stats    ]   Update Region States               32 us
[7.430s][info][gc,stats    ]   Trash Collection Set                2 us
[7.430s][info][gc,stats    ]   Rebuild Free Set                    8 us
[7.430s][info][gc,stats    ] Concurrent Cleanup                  128 us
[7.430s][info][gc,stats    ] 
[7.430s][info][gc,stats    ] Allocation pacing accrued:
[7.430s][info][gc,stats    ]       0 of  7329 ms (  0.0%): <total>
[7.430s][info][gc,stats    ]       0 of  7329 ms (  0.0%): <average total>
[7.430s][info][gc,stats    ] 
[7.430s][info][gc,metaspace] Metaspace: 21272K(21568K)->22187K(22464K) NonClass: 18565K(18752K)->19381K(19520K) Class: 2706K(2816K)->2806K(2944K)
[7.430s][info][gc,ergo     ] Pacer for Idle. Initial: 163M, Alloc Tax Rate: 1.0x
[13.726s][info][gc          ] Trigger: Metadata GC Threshold
[13.726s][info][gc,ergo     ] Free: 7640M, Max: 4096K regular, 7640M humongous, Frag: 0% external, 0% internal; Reserve: 412M, Max: 4096K
[13.726s][info][gc,start    ] GC(1) Concurrent reset
[13.726s][info][gc,task     ] GC(1) Using 1 of 3 workers for concurrent reset
[13.726s][info][gc,ergo     ] GC(1) Pacer for Reset. Non-Taxable: 8192M
[13.727s][info][gc          ] GC(1) Concurrent reset 0.605ms
[13.727s][info][gc,start    ] GC(1) Pause Init Mark (unload classes)
[13.727s][info][gc,task     ] GC(1) Using 3 of 3 workers for init marking
[13.727s][info][gc,ergo     ] GC(1) Pacer for Mark. Expected Live: 18797K, Free: 7640M, Non-Taxable: 764M, Alloc Tax Rate: 0.0x
[13.727s][info][gc          ] GC(1) Pause Init Mark (unload classes) 0.117ms
[13.727s][info][gc,start    ] GC(1) Concurrent marking roots
[13.727s][info][gc,task     ] GC(1) Using 1 of 3 workers for concurrent marking roots
[13.731s][info][gc          ] GC(1) Concurrent marking roots 3.351ms
[13.731s][info][gc,start    ] GC(1) Concurrent marking (unload classes)
[13.731s][info][gc,task     ] GC(1) Using 1 of 3 workers for concurrent marking
[13.747s][info][gc          ] GC(1) Concurrent marking (unload classes) 15.912ms
[13.747s][info][gc,start    ] GC(1) Pause Final Mark (unload classes)
[13.747s][info][gc,task     ] GC(1) Using 3 of 3 workers for final marking
[13.747s][info][gc,ergo     ] GC(1) Adaptive CSet Selection. Target Free: 1160M, Actual Free: 8048M, Max CSet: 341M, Min Garbage: 0B
[13.747s][info][gc,ergo     ] GC(1) Collectable Garbage: 116M (98%), Immediate: 0B (0%), CSet: 116M (98%)
[13.747s][info][gc,ergo     ] GC(1) Pacer for Evacuation. Used CSet: 124M, Free: 7636M, Non-Taxable: 763M, Alloc Tax Rate: 1.1x
[13.747s][info][gc          ] GC(1) Pause Final Mark (unload classes) 0.304ms
[13.747s][info][gc,start    ] GC(1) Concurrent thread roots
[13.747s][info][gc,task     ] GC(1) Using 1 of 3 workers for Concurrent thread roots
[13.750s][info][gc          ] GC(1) Concurrent thread roots 2.897ms
[13.750s][info][gc,start    ] GC(1) Concurrent weak references
[13.750s][info][gc,task     ] GC(1) Using 1 of 3 workers for concurrent weak references
[13.750s][info][gc,ref      ] GC(1) Encountered references: Soft: 3996, Weak: 2207, Final: 49, Phantom: 911
[13.750s][info][gc,ref      ] GC(1) Discovered  references: Soft: 0, Weak: 578, Final: 0, Phantom: 555
[13.750s][info][gc,ref      ] GC(1) Enqueued    references: Soft: 0, Weak: 250, Final: 0, Phantom: 349
[13.750s][info][gc          ] GC(1) Concurrent weak references 0.255ms
[13.750s][info][gc,start    ] GC(1) Concurrent weak roots
[13.750s][info][gc,task     ] GC(1) Using 1 of 3 workers for concurrent weak root
[13.752s][info][gc          ] GC(1) Concurrent weak roots 1.837ms
[13.752s][info][gc,start    ] GC(1) Concurrent cleanup
[13.752s][info][gc          ] GC(1) Concurrent cleanup 152M->152M(8192M) 0.031ms
[13.752s][info][gc,ergo     ] GC(1) Free: 7632M, Max: 4096K regular, 7632M humongous, Frag: 0% external, 0% internal; Reserve: 407M, Max: 4096K
[13.752s][info][gc,start    ] GC(1) Concurrent class unloading
[13.752s][info][gc,task     ] GC(1) Using 1 of 3 workers for concurrent class unloading
[13.756s][info][gc          ] GC(1) Concurrent class unloading 3.946ms
[13.756s][info][gc,start    ] GC(1) Concurrent strong roots
[13.756s][info][gc,task     ] GC(1) Using 1 of 3 workers for concurrent strong root
[13.757s][info][gc          ] GC(1) Concurrent strong roots 0.625ms
[13.757s][info][gc,start    ] GC(1) Concurrent evacuation
[13.757s][info][gc,task     ] GC(1) Using 1 of 3 workers for concurrent evacuation
[13.764s][info][gc          ] GC(1) Concurrent evacuation 6.708ms
[13.764s][info][gc,start    ] GC(1) Pause Init Update Refs
[13.764s][info][gc,ergo     ] GC(1) Pacer for Update Refs. Used: 160M, Free: 7632M, Non-Taxable: 763M, Alloc Tax Rate: 1.1x
[13.764s][info][gc          ] GC(1) Pause Init Update Refs 0.071ms
[13.764s][info][gc,start    ] GC(1) Concurrent update references
[13.764s][info][gc,task     ] GC(1) Using 1 of 3 workers for concurrent reference update
[13.773s][info][gc          ] GC(1) Concurrent update references 9.465ms
[13.773s][info][gc,start    ] GC(1) Concurrent update thread roots
[13.775s][info][gc          ] GC(1) Concurrent update thread roots 1.691ms
[13.775s][info][gc,start    ] GC(1) Pause Final Update Refs
[13.775s][info][gc,task     ] GC(1) Using 3 of 3 workers for final reference update
[13.775s][info][gc          ] GC(1) Pause Final Update Refs 0.141ms
[13.775s][info][gc,start    ] GC(1) Concurrent cleanup
[13.776s][info][gc          ] GC(1) Concurrent cleanup 160M->36M(8192M) 0.059ms
[13.776s][info][gc,ergo     ] Free: 7744M, Max: 4096K regular, 7628M humongous, Frag: 2% external, 0% internal; Reserve: 412M, Max: 4096K
[13.776s][info][gc,stats    ] 
[13.776s][info][gc,stats    ] All times are wall-clock times, except per-root-class counters, that are sum over
[13.776s][info][gc,stats    ] all workers. Dividing the <total> over the root stage time estimates parallelism.
[13.776s][info][gc,stats    ] 
[13.776s][info][gc,stats    ] Concurrent Reset                    674 us
[13.776s][info][gc,stats    ] Pause Init Mark (G)                 347 us
[13.776s][info][gc,stats    ] Pause Init Mark (N)                 127 us
[13.776s][info][gc,stats    ]   Update Region States               42 us
[13.776s][info][gc,stats    ] Concurrent Mark Roots              3397 us, parallelism: 0.96x
[13.776s][info][gc,stats    ]   CMR: <total>                     3272 us
[13.776s][info][gc,stats    ]   CMR: Thread Roots                3132 us, workers (us): 3132, ---, ---, 
[13.776s][info][gc,stats    ]   CMR: VM Strong Roots               27 us, workers (us):  27, ---, ---, 
[13.776s][info][gc,stats    ]   CMR: CLDG Roots                   113 us, workers (us): 113, ---, ---, 
[13.776s][info][gc,stats    ] Concurrent Marking                15974 us
[13.776s][info][gc,stats    ] Pause Final Mark (G)                369 us
[13.776s][info][gc,stats    ] Pause Final Mark (N)                321 us
[13.776s][info][gc,stats    ]   Finish Mark                       100 us
[13.776s][info][gc,stats    ]   Update Region States               44 us
[13.776s][info][gc,stats    ]   Choose Collection Set              78 us
[13.776s][info][gc,stats    ]   Rebuild Free Set                   17 us
[13.776s][info][gc,stats    ] Concurrent Thread Roots            2935 us, parallelism: 0.96x
[13.776s][info][gc,stats    ]   CTR: <total>                     2808 us
[13.776s][info][gc,stats    ]   CTR: Thread Roots                2808 us, workers (us): 2808, ---, ---, 
[13.776s][info][gc,stats    ] Concurrent Weak References          263 us, parallelism: 0.64x
[13.776s][info][gc,stats    ]   CWRF: <total>                     169 us
[13.776s][info][gc,stats    ]   CWRF: Weak References             169 us, workers (us): 169, ---, ---, 
[13.776s][info][gc,stats    ] Concurrent Weak Roots              1884 us
[13.776s][info][gc,stats    ]   Roots                            1696 us, parallelism: 0.95x
[13.776s][info][gc,stats    ]     CWR: <total>                   1620 us
[13.776s][info][gc,stats    ]     CWR: Code Cache Roots           640 us, workers (us): 640, ---, ---, 
[13.776s][info][gc,stats    ]     CWR: VM Weak Roots              959 us, workers (us): 959, ---, ---, 
[13.776s][info][gc,stats    ]     CWR: CLDG Roots                  20 us, workers (us):  20, ---, ---, 
[13.776s][info][gc,stats    ]   Rendezvous                        122 us
[13.776s][info][gc,stats    ] Concurrent Cleanup                   40 us
[13.776s][info][gc,stats    ] Concurrent Class Unloading         3984 us
[13.776s][info][gc,stats    ]   Unlink Stale                     3604 us
[13.776s][info][gc,stats    ]     System Dictionary                20 us
[13.776s][info][gc,stats    ]     Weak Class Links                  0 us
[13.776s][info][gc,stats    ]     Code Roots                     3583 us
[13.776s][info][gc,stats    ]   Rendezvous                        129 us
[13.776s][info][gc,stats    ]   Purge Unlinked                    195 us
[13.776s][info][gc,stats    ]     Code Roots                      190 us
[13.776s][info][gc,stats    ]     CLDG                              5 us
[13.776s][info][gc,stats    ]     Exception Caches                  0 us
[13.776s][info][gc,stats    ] Concurrent Strong Roots             658 us, parallelism: 0.83x
[13.776s][info][gc,stats    ]   CSR: <total>                      544 us
[13.776s][info][gc,stats    ]   CSR: VM Strong Roots               14 us, workers (us):  14, ---, ---, 
[13.776s][info][gc,stats    ]   CSR: CLDG Roots                   530 us, workers (us): 530, ---, ---, 
[13.776s][info][gc,stats    ] Concurrent Evacuation              6777 us
[13.776s][info][gc,stats    ] Pause Init Update Refs (G)          200 us
[13.776s][info][gc,stats    ] Pause Init Update Refs (N)           88 us
[13.776s][info][gc,stats    ]   Manage GCLABs                       6 us
[13.776s][info][gc,stats    ] Concurrent Update Refs             9523 us
[13.776s][info][gc,stats    ] Concurrent Update Thread Roots     1728 us
[13.776s][info][gc,stats    ] Pause Final Update Refs (G)         299 us
[13.776s][info][gc,stats    ] Pause Final Update Refs (N)         210 us
[13.776s][info][gc,stats    ]   Update Region States               68 us
[13.776s][info][gc,stats    ]   Trash Collection Set                3 us
[13.776s][info][gc,stats    ]   Rebuild Free Set                   19 us
[13.776s][info][gc,stats    ] Concurrent Cleanup                   80 us
[13.776s][info][gc,stats    ] 
[13.776s][info][gc,stats    ] Allocation pacing accrued:
[13.776s][info][gc,stats    ]       0 of  6346 ms (  0.0%): <total>
[13.776s][info][gc,stats    ]       0 of  6346 ms (  0.0%): <average total>
[13.776s][info][gc,stats    ] 
[13.776s][info][gc,metaspace] Metaspace: 37275K(37696K)->37974K(38400K) NonClass: 32587K(32832K)->33152K(33408K) Class: 4687K(4864K)->4822K(4992K)
[13.776s][info][gc,ergo     ] Pacer for Idle. Initial: 163M, Alloc Tax Rate: 1.0x
[15.354s][info][gc          ] Trigger: Metadata GC Threshold
[15.355s][info][gc,ergo     ] Free: 7544M, Max: 4096K regular, 7544M humongous, Frag: 0% external, 0% internal; Reserve: 412M, Max: 4096K
[15.355s][info][gc,start    ] GC(2) Concurrent reset
[15.355s][info][gc,task     ] GC(2) Using 1 of 3 workers for concurrent reset
[15.355s][info][gc,ergo     ] GC(2) Pacer for Reset. Non-Taxable: 8192M
[15.356s][info][gc          ] GC(2) Concurrent reset 1.277ms
[15.356s][info][gc,start    ] GC(2) Pause Init Mark (unload classes)
[15.356s][info][gc,task     ] GC(2) Using 3 of 3 workers for init marking
[15.356s][info][gc,ergo     ] GC(2) Pacer for Mark. Expected Live: 20838K, Free: 7544M, Non-Taxable: 754M, Alloc Tax Rate: 0.0x
[15.356s][info][gc          ] GC(2) Pause Init Mark (unload classes) 0.110ms
[15.356s][info][gc,start    ] GC(2) Concurrent marking roots
[15.356s][info][gc,task     ] GC(2) Using 1 of 3 workers for concurrent marking roots
[15.362s][info][gc          ] GC(2) Concurrent marking roots 5.617ms
[15.362s][info][gc,start    ] GC(2) Concurrent marking (unload classes)
[15.362s][info][gc,task     ] GC(2) Using 1 of 3 workers for concurrent marking
[15.388s][info][gc          ] GC(2) Concurrent marking (unload classes) 26.502ms
[15.389s][info][gc,start    ] GC(2) Pause Final Mark (unload classes)
[15.389s][info][gc,task     ] GC(2) Using 3 of 3 workers for final marking
[15.389s][info][gc,ergo     ] GC(2) Adaptive CSet Selection. Target Free: 1160M, Actual Free: 7960M, Max CSet: 341M, Min Garbage: 0B
[15.389s][info][gc,ergo     ] GC(2) Collectable Garbage: 205M (99%), Immediate: 8192K (3%), CSet: 197M (95%)
[15.389s][info][gc,ergo     ] GC(2) Pacer for Evacuation. Used CSet: 207M, Free: 7548M, Non-Taxable: 754M, Alloc Tax Rate: 1.1x
[15.389s][info][gc          ] GC(2) Pause Final Mark (unload classes) 0.380ms
[15.389s][info][gc,start    ] GC(2) Concurrent thread roots
[15.389s][info][gc,task     ] GC(2) Using 1 of 3 workers for Concurrent thread roots
[15.394s][info][gc          ] GC(2) Concurrent thread roots 5.161ms
[15.394s][info][gc,start    ] GC(2) Concurrent weak references
[15.394s][info][gc,task     ] GC(2) Using 1 of 3 workers for concurrent weak references
[15.395s][info][gc,ref      ] GC(2) Encountered references: Soft: 4829, Weak: 4351, Final: 53, Phantom: 1091
[15.395s][info][gc,ref      ] GC(2) Discovered  references: Soft: 0, Weak: 1365, Final: 0, Phantom: 731
[15.395s][info][gc,ref      ] GC(2) Enqueued    references: Soft: 0, Weak: 732, Final: 0, Phantom: 524
[15.395s][info][gc          ] GC(2) Concurrent weak references 0.551ms
[15.395s][info][gc,start    ] GC(2) Concurrent weak roots
[15.395s][info][gc,task     ] GC(2) Using 1 of 3 workers for concurrent weak root
[15.401s][info][gc          ] GC(2) Concurrent weak roots 6.185ms
[15.401s][info][gc,start    ] GC(2) Concurrent cleanup
[15.401s][info][gc          ] GC(2) Concurrent cleanup 245M->237M(8192M) 0.043ms
[15.401s][info][gc,ergo     ] GC(2) Free: 7544M, Max: 4096K regular, 7536M humongous, Frag: 1% external, 0% internal; Reserve: 410M, Max: 4096K
[15.401s][info][gc,start    ] GC(2) Concurrent class unloading
[15.401s][info][gc,task     ] GC(2) Using 1 of 3 workers for concurrent class unloading
[15.407s][info][gc          ] GC(2) Concurrent class unloading 5.644ms
[15.407s][info][gc,start    ] GC(2) Concurrent strong roots
[15.407s][info][gc,task     ] GC(2) Using 1 of 3 workers for concurrent strong root
[15.407s][info][gc          ] GC(2) Concurrent strong roots 0.254ms
[15.407s][info][gc,start    ] GC(2) Concurrent evacuation
[15.407s][info][gc,task     ] GC(2) Using 1 of 3 workers for concurrent evacuation
[15.417s][info][gc          ] GC(2) Concurrent evacuation 9.451ms
[15.417s][info][gc,start    ] GC(2) Pause Init Update Refs
[15.417s][info][gc,ergo     ] GC(2) Pacer for Update Refs. Used: 247M, Free: 7544M, Non-Taxable: 754M, Alloc Tax Rate: 1.1x
[15.417s][info][gc          ] GC(2) Pause Init Update Refs 0.051ms
[15.417s][info][gc,start    ] GC(2) Concurrent update references
[15.417s][info][gc,task     ] GC(2) Using 1 of 3 workers for concurrent reference update
[15.432s][info][gc          ] GC(2) Concurrent update references 14.366ms
[15.432s][info][gc,start    ] GC(2) Concurrent update thread roots
[15.436s][info][gc          ] GC(2) Concurrent update thread roots 4.424ms
[15.436s][info][gc,start    ] GC(2) Pause Final Update Refs
[15.436s][info][gc,task     ] GC(2) Using 3 of 3 workers for final reference update
[15.436s][info][gc          ] GC(2) Pause Final Update Refs 0.136ms
[15.436s][info][gc,start    ] GC(2) Concurrent cleanup
[15.436s][info][gc          ] GC(2) Concurrent cleanup 251M->43M(8192M) 0.036ms
[15.436s][info][gc,ergo     ] Free: 7736M, Max: 4096K regular, 7532M humongous, Frag: 3% external, 0% internal; Reserve: 412M, Max: 4096K
[15.437s][info][gc,stats    ] 
[15.437s][info][gc,stats    ] All times are wall-clock times, except per-root-class counters, that are sum over
[15.437s][info][gc,stats    ] all workers. Dividing the <total> over the root stage time estimates parallelism.
[15.437s][info][gc,stats    ] 
[15.437s][info][gc,stats    ] Concurrent Reset                   1323 us
[15.437s][info][gc,stats    ] Pause Init Mark (G)                 318 us
[15.437s][info][gc,stats    ] Pause Init Mark (N)                 118 us
[15.437s][info][gc,stats    ]   Update Region States               43 us
[15.437s][info][gc,stats    ] Concurrent Mark Roots              5670 us, parallelism: 0.97x
[15.437s][info][gc,stats    ]   CMR: <total>                     5484 us
[15.437s][info][gc,stats    ]   CMR: Thread Roots                5379 us, workers (us): 5379, ---, ---, 
[15.437s][info][gc,stats    ]   CMR: VM Strong Roots               24 us, workers (us):  24, ---, ---, 
[15.437s][info][gc,stats    ]   CMR: CLDG Roots                    82 us, workers (us):  82, ---, ---, 
[15.437s][info][gc,stats    ] Concurrent Marking                26553 us
[15.437s][info][gc,stats    ] Pause Final Mark (G)                586 us
[15.437s][info][gc,stats    ] Pause Final Mark (N)                397 us
[15.437s][info][gc,stats    ]   Finish Mark                       106 us
[15.437s][info][gc,stats    ]   Update Region States               64 us
[15.437s][info][gc,stats    ]   Choose Collection Set              93 us
[15.437s][info][gc,stats    ]   Rebuild Free Set                   18 us
[15.437s][info][gc,stats    ] Concurrent Thread Roots            5215 us, parallelism: 0.97x
[15.437s][info][gc,stats    ]   CTR: <total>                     5080 us
[15.437s][info][gc,stats    ]   CTR: Thread Roots                5080 us, workers (us): 5080, ---, ---, 
[15.437s][info][gc,stats    ] Concurrent Weak References          565 us, parallelism: 0.77x
[15.437s][info][gc,stats    ]   CWRF: <total>                     437 us
[15.437s][info][gc,stats    ]   CWRF: Weak References             437 us, workers (us): 437, ---, ---, 
[15.437s][info][gc,stats    ] Concurrent Weak Roots              6249 us
[15.437s][info][gc,stats    ]   Roots                            1859 us, parallelism: 0.96x
[15.437s][info][gc,stats    ]     CWR: <total>                   1787 us
[15.437s][info][gc,stats    ]     CWR: Code Cache Roots           895 us, workers (us): 895, ---, ---, 
[15.437s][info][gc,stats    ]     CWR: VM Weak Roots              861 us, workers (us): 861, ---, ---, 
[15.437s][info][gc,stats    ]     CWR: CLDG Roots                  31 us, workers (us):  31, ---, ---, 
[15.437s][info][gc,stats    ]   Rendezvous                       4302 us
[15.437s][info][gc,stats    ] Concurrent Cleanup                   52 us
[15.437s][info][gc,stats    ] Concurrent Class Unloading         5707 us
[15.437s][info][gc,stats    ]   Unlink Stale                     5217 us
[15.437s][info][gc,stats    ]     System Dictionary                37 us
[15.437s][info][gc,stats    ]     Weak Class Links                  0 us
[15.437s][info][gc,stats    ]     Code Roots                     5178 us
[15.437s][info][gc,stats    ]   Rendezvous                        127 us
[15.437s][info][gc,stats    ]   Purge Unlinked                    280 us
[15.437s][info][gc,stats    ]     Code Roots                      274 us
[15.437s][info][gc,stats    ]     CLDG                              5 us
[15.437s][info][gc,stats    ]     Exception Caches                  0 us
[15.437s][info][gc,stats    ] Concurrent Strong Roots             290 us, parallelism: 0.46x
[15.437s][info][gc,stats    ]   CSR: <total>                      134 us
[15.437s][info][gc,stats    ]   CSR: VM Strong Roots                9 us, workers (us):   9, ---, ---, 
[15.437s][info][gc,stats    ]   CSR: CLDG Roots                   125 us, workers (us): 125, ---, ---, 
[15.437s][info][gc,stats    ] Concurrent Evacuation              9542 us
[15.437s][info][gc,stats    ] Pause Init Update Refs (G)          499 us
[15.437s][info][gc,stats    ] Pause Init Update Refs (N)           59 us
[15.437s][info][gc,stats    ]   Manage GCLABs                       4 us
[15.437s][info][gc,stats    ] Concurrent Update Refs            14434 us
[15.437s][info][gc,stats    ] Concurrent Update Thread Roots     4485 us
[15.437s][info][gc,stats    ] Pause Final Update Refs (G)         255 us
[15.437s][info][gc,stats    ] Pause Final Update Refs (N)         154 us
[15.437s][info][gc,stats    ]   Update Region States               70 us
[15.437s][info][gc,stats    ]   Trash Collection Set                2 us
[15.437s][info][gc,stats    ]   Rebuild Free Set                   14 us
[15.437s][info][gc,stats    ] Concurrent Cleanup                   46 us
[15.437s][info][gc,stats    ] 
[15.437s][info][gc,stats    ] Allocation pacing accrued:
[15.437s][info][gc,stats    ]       0 of  1661 ms (  0.0%): <total>
[15.437s][info][gc,stats    ]       0 of  1661 ms (  0.0%): <average total>
[15.437s][info][gc,stats    ] 
[15.437s][info][gc,metaspace] Metaspace: 63546K(64000K)->64299K(64768K) NonClass: 55665K(55936K)->56299K(56576K) Class: 7881K(8064K)->8000K(8192K)
[15.437s][info][gc,ergo     ] Pacer for Idle. Initial: 163M, Alloc Tax Rate: 1.0x
[16.391s][info][gc          ] Trigger: Explicit GC request (System.gc())
[16.391s][info][gc,ergo     ] Free: 7672M, Max: 4096K regular, 7532M humongous, Frag: 2% external, 0% internal; Reserve: 412M, Max: 4096K
[16.391s][info][gc,start    ] GC(3) Concurrent reset
[16.391s][info][gc,task     ] GC(3) Using 1 of 3 workers for concurrent reset
[16.391s][info][gc,ergo     ] GC(3) Pacer for Reset. Non-Taxable: 8192M
[16.392s][info][gc          ] GC(3) Concurrent reset 0.964ms
[16.392s][info][gc,start    ] GC(3) Pause Init Mark (unload classes)
[16.392s][info][gc,task     ] GC(3) Using 3 of 3 workers for init marking
[16.392s][info][gc,ref      ] GC(3) Clearing All SoftReferences
[16.392s][info][gc,ergo     ] GC(3) Pacer for Mark. Expected Live: 23776K, Free: 7672M, Non-Taxable: 767M, Alloc Tax Rate: 0.0x
[16.392s][info][gc          ] GC(3) Pause Init Mark (unload classes) 0.177ms
[16.392s][info][gc,start    ] GC(3) Concurrent marking roots
[16.392s][info][gc,task     ] GC(3) Using 1 of 3 workers for concurrent marking roots
[16.398s][info][gc          ] GC(3) Concurrent marking roots 5.246ms
[16.398s][info][gc,start    ] GC(3) Concurrent marking (unload classes)
[16.398s][info][gc,task     ] GC(3) Using 1 of 3 workers for concurrent marking
[16.423s][info][gc          ] GC(3) Concurrent marking (unload classes) 25.656ms
[16.423s][info][gc,start    ] GC(3) Pause Final Mark (unload classes)
[16.424s][info][gc,task     ] GC(3) Using 3 of 3 workers for final marking
[16.424s][info][gc,ergo     ] GC(3) Adaptive CSet Selection. Target Free: 1160M, Actual Free: 8087M, Max CSet: 341M, Min Garbage: 0B
[16.424s][info][gc,ergo     ] GC(3) Collectable Garbage: 76095K (96%), Immediate: 3992K (5%), CSet: 72103K (90%)
[16.424s][info][gc,ergo     ] GC(3) Pacer for Evacuation. Used CSet: 81797K, Free: 7676M, Non-Taxable: 767M, Alloc Tax Rate: 1.1x
[16.424s][info][gc          ] GC(3) Pause Final Mark (unload classes) 0.365ms
[16.424s][info][gc,start    ] GC(3) Concurrent thread roots
[16.424s][info][gc,task     ] GC(3) Using 1 of 3 workers for Concurrent thread roots
[16.428s][info][gc          ] GC(3) Concurrent thread roots 3.822ms
[16.428s][info][gc,start    ] GC(3) Concurrent weak references
[16.428s][info][gc,task     ] GC(3) Using 1 of 3 workers for concurrent weak references
[16.429s][info][gc,ref      ] GC(3) Encountered references: Soft: 5199, Weak: 4567, Final: 53, Phantom: 1137
[16.429s][info][gc,ref      ] GC(3) Discovered  references: Soft: 3094, Weak: 1064, Final: 0, Phantom: 877
[16.429s][info][gc,ref      ] GC(3) Enqueued    references: Soft: 2876, Weak: 663, Final: 0, Phantom: 570
[16.429s][info][gc          ] GC(3) Concurrent weak references 0.923ms
[16.429s][info][gc,start    ] GC(3) Concurrent weak roots
[16.429s][info][gc,task     ] GC(3) Using 1 of 3 workers for concurrent weak root
[16.431s][info][gc          ] GC(3) Concurrent weak roots 1.873ms
[16.431s][info][gc,start    ] GC(3) Concurrent cleanup
[16.431s][info][gc          ] GC(3) Concurrent cleanup 112M->108M(8192M) 0.029ms
[16.431s][info][gc,ergo     ] GC(3) Free: 7672M, Max: 4096K regular, 7532M humongous, Frag: 2% external, 0% internal; Reserve: 411M, Max: 4096K
[16.431s][info][gc,start    ] GC(3) Concurrent class unloading
[16.431s][info][gc,task     ] GC(3) Using 1 of 3 workers for concurrent class unloading
[16.442s][info][gc          ] GC(3) Concurrent class unloading 11.859ms
[16.443s][info][gc,start    ] GC(3) Concurrent strong roots
[16.443s][info][gc,task     ] GC(3) Using 1 of 3 workers for concurrent strong root
[16.444s][info][gc          ] GC(3) Concurrent strong roots 1.186ms
[16.444s][info][gc,start    ] GC(3) Concurrent evacuation
[16.444s][info][gc,task     ] GC(3) Using 1 of 3 workers for concurrent evacuation
[16.451s][info][gc          ] GC(3) Concurrent evacuation 6.862ms
[16.451s][info][gc,start    ] GC(3) Pause Init Update Refs
[16.451s][info][gc,ergo     ] GC(3) Pacer for Update Refs. Used: 119M, Free: 7672M, Non-Taxable: 767M, Alloc Tax Rate: 1.1x
[16.451s][info][gc          ] GC(3) Pause Init Update Refs 0.101ms
[16.451s][info][gc,start    ] GC(3) Concurrent update references
[16.451s][info][gc,task     ] GC(3) Using 1 of 3 workers for concurrent reference update
[16.464s][info][gc          ] GC(3) Concurrent update references 13.142ms
[16.464s][info][gc,start    ] GC(3) Concurrent update thread roots
[16.469s][info][gc          ] GC(3) Concurrent update thread roots 5.022ms
[16.469s][info][gc,start    ] GC(3) Pause Final Update Refs
[16.469s][info][gc,task     ] GC(3) Using 3 of 3 workers for final reference update
[16.469s][info][gc          ] GC(3) Pause Final Update Refs 0.131ms
[16.469s][info][gc,start    ] GC(3) Concurrent cleanup
[16.469s][info][gc          ] GC(3) Concurrent cleanup 119M->39M(8192M) 0.072ms
[16.469s][info][gc,ergo     ] Free: 7740M, Max: 4096K regular, 7676M humongous, Frag: 1% external, 0% internal; Reserve: 412M, Max: 4096K
[16.470s][info][gc,stats    ] 
[16.470s][info][gc,stats    ] All times are wall-clock times, except per-root-class counters, that are sum over
[16.470s][info][gc,stats    ] all workers. Dividing the <total> over the root stage time estimates parallelism.
[16.470s][info][gc,stats    ] 
[16.470s][info][gc,stats    ] Concurrent Reset                   1112 us
[16.470s][info][gc,stats    ] Pause Init Mark (G)                 475 us
[16.470s][info][gc,stats    ] Pause Init Mark (N)                 193 us
[16.470s][info][gc,stats    ]   Update Region States               71 us
[16.470s][info][gc,stats    ] Concurrent Mark Roots              5301 us, parallelism: 0.96x
[16.470s][info][gc,stats    ]   CMR: <total>                     5088 us
[16.470s][info][gc,stats    ]   CMR: Thread Roots                4993 us, workers (us): 4993, ---, ---, 
[16.470s][info][gc,stats    ]   CMR: VM Strong Roots                7 us, workers (us):   7, ---, ---, 
[16.470s][info][gc,stats    ]   CMR: CLDG Roots                    88 us, workers (us):  88, ---, ---, 
[16.470s][info][gc,stats    ] Concurrent Marking                25703 us
[16.470s][info][gc,stats    ] Pause Final Mark (G)                455 us
[16.470s][info][gc,stats    ] Pause Final Mark (N)                382 us
[16.470s][info][gc,stats    ]   Finish Mark                       107 us
[16.470s][info][gc,stats    ]   Update Region States               62 us
[16.470s][info][gc,stats    ]   Choose Collection Set              80 us
[16.470s][info][gc,stats    ]   Rebuild Free Set                   17 us
[16.470s][info][gc,stats    ] Concurrent Thread Roots            3842 us, parallelism: 0.98x
[16.470s][info][gc,stats    ]   CTR: <total>                     3766 us
[16.470s][info][gc,stats    ]   CTR: Thread Roots                3766 us, workers (us): 3766, ---, ---, 
[16.470s][info][gc,stats    ] Concurrent Weak References          938 us, parallelism: 0.83x
[16.470s][info][gc,stats    ]   CWRF: <total>                     781 us
[16.470s][info][gc,stats    ]   CWRF: Weak References             781 us, workers (us): 781, ---, ---, 
[16.470s][info][gc,stats    ] Concurrent Weak Roots              1914 us
[16.470s][info][gc,stats    ]   Roots                            1750 us, parallelism: 0.93x
[16.470s][info][gc,stats    ]     CWR: <total>                   1634 us
[16.470s][info][gc,stats    ]     CWR: Code Cache Roots           969 us, workers (us): 969, ---, ---, 
[16.470s][info][gc,stats    ]     CWR: VM Weak Roots              639 us, workers (us): 639, ---, ---, 
[16.470s][info][gc,stats    ]     CWR: CLDG Roots                  25 us, workers (us):  25, ---, ---, 
[16.470s][info][gc,stats    ]   Rendezvous                         90 us
[16.470s][info][gc,stats    ] Concurrent Cleanup                   38 us
[16.470s][info][gc,stats    ] Concurrent Class Unloading        11920 us
[16.470s][info][gc,stats    ]   Unlink Stale                    11285 us
[16.470s][info][gc,stats    ]     System Dictionary               348 us
[16.470s][info][gc,stats    ]     Weak Class Links               5461 us
[16.470s][info][gc,stats    ]     Code Roots                     5475 us
[16.470s][info][gc,stats    ]   Rendezvous                        114 us
[16.470s][info][gc,stats    ]   Purge Unlinked                    439 us
[16.470s][info][gc,stats    ]     Code Roots                      252 us
[16.470s][info][gc,stats    ]     CLDG                            187 us
[16.470s][info][gc,stats    ]     Exception Caches                  0 us
[16.470s][info][gc,stats    ] Concurrent Strong Roots            1207 us, parallelism: 0.89x
[16.470s][info][gc,stats    ]   CSR: <total>                     1079 us
[16.470s][info][gc,stats    ]   CSR: VM Strong Roots               12 us, workers (us):  12, ---, ---, 
[16.470s][info][gc,stats    ]   CSR: CLDG Roots                  1068 us, workers (us): 1068, ---, ---, 
[16.470s][info][gc,stats    ] Concurrent Evacuation              6888 us
[16.470s][info][gc,stats    ] Pause Init Update Refs (G)          221 us
[16.470s][info][gc,stats    ] Pause Init Update Refs (N)          122 us
[16.470s][info][gc,stats    ]   Manage GCLABs                       6 us
[16.470s][info][gc,stats    ] Concurrent Update Refs            13207 us
[16.470s][info][gc,stats    ] Concurrent Update Thread Roots     5047 us
[16.470s][info][gc,stats    ] Pause Final Update Refs (G)         227 us
[16.470s][info][gc,stats    ] Pause Final Update Refs (N)         148 us
[16.470s][info][gc,stats    ]   Update Region States               70 us
[16.470s][info][gc,stats    ]   Trash Collection Set                3 us
[16.470s][info][gc,stats    ]   Rebuild Free Set                   19 us
[16.470s][info][gc,stats    ] Concurrent Cleanup                   97 us
[16.470s][info][gc,stats    ] 
[16.470s][info][gc,stats    ] Allocation pacing accrued:
[16.470s][info][gc,stats    ]       0 of  1033 ms (  0.0%): <total>
[16.470s][info][gc,stats    ]       0 of  1033 ms (  0.0%): <average total>
[16.470s][info][gc,stats    ] 
[16.470s][info][gc,metaspace] Metaspace: 81038K(81600K)->80929K(81600K) NonClass: 70793K(71104K)->70711K(71104K) Class: 10245K(10496K)->10218K(10496K)
[16.470s][info][gc,ergo     ] Pacer for Idle. Initial: 163M, Alloc Tax Rate: 1.0x
[19.201s][info][gc          ] Trigger: Learning 2 of 5. Free (5692M) is below initial threshold (5734M)
[19.201s][info][gc,ergo     ] Free: 5692M, Max: 4096K regular, 5692M humongous, Frag: 0% external, 0% internal; Reserve: 412M, Max: 4096K
[19.201s][info][gc,start    ] GC(4) Concurrent reset
[19.201s][info][gc,task     ] GC(4) Using 1 of 3 workers for concurrent reset
[19.201s][info][gc,ergo     ] GC(4) Pacer for Reset. Non-Taxable: 8192M
[19.202s][info][gc          ] GC(4) Concurrent reset 0.727ms
[19.202s][info][gc,start    ] GC(4) Pause Init Mark (unload classes)
[19.202s][info][gc,task     ] GC(4) Using 3 of 3 workers for init marking
[19.202s][info][gc,ergo     ] GC(4) Pacer for Mark. Expected Live: 25587K, Free: 5692M, Non-Taxable: 569M, Alloc Tax Rate: 0.0x
[19.202s][info][gc          ] GC(4) Pause Init Mark (unload classes) 0.134ms
[19.203s][info][gc,start    ] GC(4) Concurrent marking roots
[19.203s][info][gc,task     ] GC(4) Using 1 of 3 workers for concurrent marking roots
[19.211s][info][gc          ] GC(4) Concurrent marking roots 8.248ms
[19.211s][info][gc,start    ] GC(4) Concurrent marking (unload classes)
[19.211s][info][gc,task     ] GC(4) Using 1 of 3 workers for concurrent marking
[19.311s][info][gc          ] GC(4) Concurrent marking (unload classes) 99.202ms
[19.311s][info][gc,start    ] GC(4) Pause Final Mark (unload classes)
[19.311s][info][gc,task     ] GC(4) Using 3 of 3 workers for final marking
[19.311s][info][gc,ergo     ] GC(4) Adaptive CSet Selection. Target Free: 1160M, Actual Free: 7296M, Max CSet: 341M, Min Garbage: 0B
[19.311s][info][gc,ergo     ] GC(4) Collectable Garbage: 1966M (99%), Immediate: 1540M (78%), CSet: 425M (21%)
[19.311s][info][gc,ergo     ] GC(4) Pacer for Evacuation. Used CSet: 443M, Free: 6904M, Non-Taxable: 690M, Alloc Tax Rate: 1.1x
[19.311s][info][gc          ] GC(4) Pause Final Mark (unload classes) 0.211ms
[19.325s][info][gc,start    ] GC(4) Concurrent thread roots
[19.325s][info][gc,task     ] GC(4) Using 1 of 3 workers for Concurrent thread roots
[19.333s][info][gc          ] GC(4) Concurrent thread roots 7.790ms
[19.333s][info][gc,start    ] GC(4) Concurrent weak references
[19.333s][info][gc,task     ] GC(4) Using 1 of 3 workers for concurrent weak references
[19.335s][info][gc,ref      ] GC(4) Encountered references: Soft: 4037, Weak: 14525, Final: 53, Phantom: 2487
[19.335s][info][gc,ref      ] GC(4) Discovered  references: Soft: 0, Weak: 6612, Final: 0, Phantom: 2169
[19.335s][info][gc,ref      ] GC(4) Enqueued    references: Soft: 0, Weak: 3257, Final: 0, Phantom: 1894
[19.335s][info][gc          ] GC(4) Concurrent weak references 1.901ms
[19.335s][info][gc,start    ] GC(4) Concurrent weak roots
[19.335s][info][gc,task     ] GC(4) Using 1 of 3 workers for concurrent weak root
[19.358s][info][gc          ] GC(4) Concurrent weak roots 23.101ms
[19.358s][info][gc,start    ] GC(4) Concurrent cleanup
[19.358s][info][gc          ] GC(4) Concurrent cleanup 2627M->1087M(8192M) 0.071ms
[19.358s][info][gc,ergo     ] GC(4) Free: 6684M, Max: 4096K regular, 5124M humongous, Frag: 24% external, 0% internal; Reserve: 409M, Max: 4096K
[19.358s][info][gc,start    ] GC(4) Concurrent class unloading
[19.358s][info][gc,task     ] GC(4) Using 1 of 3 workers for concurrent class unloading
[19.407s][info][gc          ] GC(4) Concurrent class unloading 49.172ms
[19.408s][info][gc,start    ] GC(4) Concurrent strong roots
[19.408s][info][gc,task     ] GC(4) Using 1 of 3 workers for concurrent strong root
[19.410s][info][gc          ] GC(4) Concurrent strong roots 2.030ms
[19.410s][info][gc,start    ] GC(4) Concurrent evacuation
[19.410s][info][gc,task     ] GC(4) Using 1 of 3 workers for concurrent evacuation
[19.453s][info][gc          ] GC(4) Concurrent evacuation 43.466ms
[19.454s][info][gc,start    ] GC(4) Pause Init Update Refs
[19.454s][info][gc,ergo     ] GC(4) Pacer for Update Refs. Used: 1724M, Free: 6056M, Non-Taxable: 605M, Alloc Tax Rate: 1.1x
[19.454s][info][gc          ] GC(4) Pause Init Update Refs 0.058ms
[19.457s][info][gc,start    ] GC(4) Concurrent update references
[19.457s][info][gc,task     ] GC(4) Using 1 of 3 workers for concurrent reference update
[19.563s][info][gc          ] GC(4) Concurrent update references 106.702ms
[19.563s][info][gc,start    ] GC(4) Concurrent update thread roots
[19.570s][info][gc          ] GC(4) Concurrent update thread roots 6.628ms
[19.570s][info][gc,start    ] GC(4) Pause Final Update Refs
[19.570s][info][gc,task     ] GC(4) Using 3 of 3 workers for final reference update
[19.570s][info][gc          ] GC(4) Pause Final Update Refs 0.107ms
[19.570s][info][gc,start    ] GC(4) Concurrent cleanup
[19.570s][info][gc          ] GC(4) Concurrent cleanup 1795M->1351M(8192M) 0.036ms
[19.570s][info][gc,ergo     ] Free: 6409M, Max: 4096K regular, 5108M humongous, Frag: 21% external, 0% internal; Reserve: 412M, Max: 4096K
[19.570s][info][gc,stats    ] 
[19.570s][info][gc,stats    ] All times are wall-clock times, except per-root-class counters, that are sum over
[19.570s][info][gc,stats    ] all workers. Dividing the <total> over the root stage time estimates parallelism.
[19.570s][info][gc,stats    ] 
[19.570s][info][gc,stats    ] Concurrent Reset                    783 us
[19.570s][info][gc,stats    ] Pause Init Mark (G)                1403 us
[19.570s][info][gc,stats    ] Pause Init Mark (N)                 143 us
[19.570s][info][gc,stats    ]   Update Region States               60 us
[19.570s][info][gc,stats    ] Concurrent Mark Roots              8309 us, parallelism: 0.96x
[19.570s][info][gc,stats    ]   CMR: <total>                     8017 us
[19.570s][info][gc,stats    ]   CMR: Thread Roots                7869 us, workers (us): 7869, ---, ---, 
[19.570s][info][gc,stats    ]   CMR: VM Strong Roots               21 us, workers (us):  21, ---, ---, 
[19.570s][info][gc,stats    ]   CMR: CLDG Roots                   127 us, workers (us): 127, ---, ---, 
[19.570s][info][gc,stats    ] Concurrent Marking                99274 us
[19.570s][info][gc,stats    ] Pause Final Mark (G)              14334 us
[19.570s][info][gc,stats    ] Pause Final Mark (N)                220 us
[19.570s][info][gc,stats    ]   Finish Mark                        51 us
[19.571s][info][gc,stats    ]   Update Region States               41 us
[19.571s][info][gc,stats    ]   Choose Collection Set              73 us
[19.571s][info][gc,stats    ]   Rebuild Free Set                    9 us
[19.571s][info][gc,stats    ] Concurrent Thread Roots            7868 us, parallelism: 0.96x
[19.571s][info][gc,stats    ]   CTR: <total>                     7578 us
[19.571s][info][gc,stats    ]   CTR: Thread Roots                7578 us, workers (us): 7578, ---, ---, 
[19.571s][info][gc,stats    ] Concurrent Weak References         1912 us, parallelism: 0.90x
[19.571s][info][gc,stats    ]   CWRF: <total>                    1717 us
[19.571s][info][gc,stats    ]   CWRF: Weak References            1717 us, workers (us): 1717, ---, ---, 
[19.571s][info][gc,stats    ] Concurrent Weak Roots             23374 us
[19.571s][info][gc,stats    ]   Roots                            5416 us, parallelism: 0.98x
[19.571s][info][gc,stats    ]     CWR: <total>                   5318 us
[19.571s][info][gc,stats    ]     CWR: Code Cache Roots          2980 us, workers (us): 2980, ---, ---, 
[19.571s][info][gc,stats    ]     CWR: VM Weak Roots             2226 us, workers (us): 2226, ---, ---, 
[19.571s][info][gc,stats    ]     CWR: CLDG Roots                 112 us, workers (us): 112, ---, ---, 
[19.571s][info][gc,stats    ]   Rendezvous                      17659 us
[19.571s][info][gc,stats    ] Concurrent Cleanup                   81 us
[19.571s][info][gc,stats    ] Concurrent Class Unloading        49288 us
[19.571s][info][gc,stats    ]   Unlink Stale                    34384 us
[19.571s][info][gc,stats    ]     System Dictionary              2302 us
[19.571s][info][gc,stats    ]     Weak Class Links              17727 us
[19.571s][info][gc,stats    ]     Code Roots                    14350 us
[19.571s][info][gc,stats    ]   Rendezvous                      12138 us
[19.571s][info][gc,stats    ]   Purge Unlinked                   2620 us
[19.571s][info][gc,stats    ]     Code Roots                     1049 us
[19.571s][info][gc,stats    ]     CLDG                           1569 us
[19.571s][info][gc,stats    ]     Exception Caches                  0 us
[19.571s][info][gc,stats    ] Concurrent Strong Roots            2097 us, parallelism: 0.84x
[19.571s][info][gc,stats    ]   CSR: <total>                     1762 us
[19.571s][info][gc,stats    ]   CSR: VM Strong Roots               27 us, workers (us):  27, ---, ---, 
[19.571s][info][gc,stats    ]   CSR: CLDG Roots                  1735 us, workers (us): 1735, ---, ---, 
[19.571s][info][gc,stats    ] Concurrent Evacuation             43575 us
[19.571s][info][gc,stats    ] Pause Init Update Refs (G)         3427 us
[19.571s][info][gc,stats    ] Pause Init Update Refs (N)           67 us
[19.571s][info][gc,stats    ]   Manage GCLABs                       7 us
[19.571s][info][gc,stats    ] Concurrent Update Refs           106752 us
[19.571s][info][gc,stats    ] Concurrent Update Thread Roots     6681 us
[19.571s][info][gc,stats    ] Pause Final Update Refs (G)         238 us
[19.571s][info][gc,stats    ] Pause Final Update Refs (N)         118 us
[19.571s][info][gc,stats    ]   Update Region States               34 us
[19.571s][info][gc,stats    ]   Trash Collection Set                6 us
[19.571s][info][gc,stats    ]   Rebuild Free Set                   18 us
[19.571s][info][gc,stats    ] Concurrent Cleanup                   46 us
[19.571s][info][gc,stats    ] 
[19.571s][info][gc,stats    ] Allocation pacing accrued:
[19.571s][info][gc,stats    ]       0 of  3101 ms (  0.0%): <total>
[19.571s][info][gc,stats    ]       0 of  3101 ms (  0.0%): <average total>
[19.571s][info][gc,stats    ] 
[19.571s][info][gc,metaspace] Metaspace: 113637K(114880K)->113518K(115008K) NonClass: 98636K(99328K)->98567K(99456K) Class: 15000K(15552K)->14951K(15552K)
[19.571s][info][gc,ergo     ] Pacer for Idle. Initial: 163M, Alloc Tax Rate: 1.0x
[20.510s][info][gc          ] Trigger: Learning 3 of 5. Free (5709M) is below initial threshold (5734M)
[20.510s][info][gc,ergo     ] Free: 5709M, Max: 4096K regular, 5108M humongous, Frag: 11% external, 0% internal; Reserve: 412M, Max: 4096K
[20.510s][info][gc,start    ] GC(5) Concurrent reset
[20.510s][info][gc,task     ] GC(5) Using 1 of 3 workers for concurrent reset
[20.510s][info][gc,ergo     ] GC(5) Pacer for Reset. Non-Taxable: 8192M
[20.513s][info][gc          ] GC(5) Concurrent reset 2.931ms
[20.513s][info][gc,start    ] GC(5) Pause Init Mark (unload classes)
[20.513s][info][gc,task     ] GC(5) Using 3 of 3 workers for init marking
[20.513s][info][gc,ergo     ] GC(5) Pacer for Mark. Expected Live: 39182K, Free: 5705M, Non-Taxable: 570M, Alloc Tax Rate: 0.0x
[20.513s][info][gc          ] GC(5) Pause Init Mark (unload classes) 0.085ms
[20.513s][info][gc,start    ] GC(5) Concurrent marking roots
[20.513s][info][gc,task     ] GC(5) Using 1 of 3 workers for concurrent marking roots
[20.520s][info][gc          ] GC(5) Concurrent marking roots 7.195ms
[20.521s][info][gc,start    ] GC(5) Concurrent marking (unload classes)
[20.521s][info][gc,task     ] GC(5) Using 1 of 3 workers for concurrent marking
[20.569s][info][gc          ] GC(5) Concurrent marking (unload classes) 48.557ms
[20.569s][info][gc,start    ] GC(5) Pause Final Mark (unload classes)
[20.570s][info][gc,task     ] GC(5) Using 3 of 3 workers for final marking
[20.570s][info][gc,ergo     ] GC(5) Adaptive CSet Selection. Target Free: 1160M, Actual Free: 7711M, Max CSet: 341M, Min Garbage: 0B
[20.570s][info][gc,ergo     ] GC(5) Collectable Garbage: 1936M (99%), Immediate: 1643M (84%), CSet: 293M (15%)
[20.570s][info][gc,ergo     ] GC(5) Pacer for Evacuation. Used CSet: 308M, Free: 7324M, Non-Taxable: 732M, Alloc Tax Rate: 1.1x
[20.570s][info][gc          ] GC(5) Pause Final Mark (unload classes) 0.201ms
[20.570s][info][gc,start    ] GC(5) Concurrent thread roots
[20.570s][info][gc,task     ] GC(5) Using 1 of 3 workers for Concurrent thread roots
[20.576s][info][gc          ] GC(5) Concurrent thread roots 6.531ms
[20.576s][info][gc,start    ] GC(5) Concurrent weak references
[20.576s][info][gc,task     ] GC(5) Using 1 of 3 workers for concurrent weak references
[20.578s][info][gc,ref      ] GC(5) Encountered references: Soft: 4930, Weak: 14015, Final: 53, Phantom: 1288
[20.578s][info][gc,ref      ] GC(5) Discovered  references: Soft: 0, Weak: 7441, Final: 0, Phantom: 968
[20.578s][info][gc,ref      ] GC(5) Enqueued    references: Soft: 0, Weak: 724, Final: 0, Phantom: 698
[20.578s][info][gc          ] GC(5) Concurrent weak references 1.429ms
[20.578s][info][gc,start    ] GC(5) Concurrent weak roots
[20.578s][info][gc,task     ] GC(5) Using 1 of 3 workers for concurrent weak root
[20.582s][info][gc          ] GC(5) Concurrent weak roots 4.551ms
[20.582s][info][gc,start    ] GC(5) Concurrent cleanup
[20.582s][info][gc          ] GC(5) Concurrent cleanup 2102M->459M(8192M) 0.049ms
[20.582s][info][gc,ergo     ] GC(5) Free: 7320M, Max: 4096K regular, 5244M humongous, Frag: 29% external, 0% internal; Reserve: 408M, Max: 4096K
[20.582s][info][gc,start    ] GC(5) Concurrent class unloading
[20.582s][info][gc,task     ] GC(5) Using 1 of 3 workers for concurrent class unloading
[20.617s][info][gc          ] GC(5) Concurrent class unloading 35.000ms
[20.617s][info][gc,start    ] GC(5) Concurrent strong roots
[20.617s][info][gc,task     ] GC(5) Using 1 of 3 workers for concurrent strong root
[20.618s][info][gc          ] GC(5) Concurrent strong roots 0.578ms
[20.618s][info][gc,start    ] GC(5) Concurrent evacuation
[20.618s][info][gc,task     ] GC(5) Using 1 of 3 workers for concurrent evacuation
[20.631s][info][gc          ] GC(5) Concurrent evacuation 12.913ms
[20.632s][info][gc,start    ] GC(5) Pause Init Update Refs
[20.632s][info][gc,ergo     ] GC(5) Pacer for Update Refs. Used: 507M, Free: 7284M, Non-Taxable: 728M, Alloc Tax Rate: 1.1x
[20.632s][info][gc          ] GC(5) Pause Init Update Refs 0.058ms
[20.632s][info][gc,start    ] GC(5) Concurrent update references
[20.632s][info][gc,task     ] GC(5) Using 1 of 3 workers for concurrent reference update
[20.660s][info][gc          ] GC(5) Concurrent update references 28.252ms
[20.660s][info][gc,start    ] GC(5) Concurrent update thread roots
[20.675s][info][gc          ] GC(5) Concurrent update thread roots 15.068ms
[20.691s][info][gc,start    ] GC(5) Pause Final Update Refs
[20.691s][info][gc,task     ] GC(5) Using 3 of 3 workers for final reference update
[20.691s][info][gc          ] GC(5) Pause Final Update Refs 0.270ms
[20.692s][info][gc,start    ] GC(5) Concurrent cleanup
[20.692s][info][gc          ] GC(5) Concurrent cleanup 527M->219M(8192M) 0.124ms
[20.692s][info][gc,ergo     ] Free: 7556M, Max: 4096K regular, 5244M humongous, Frag: 31% external, 0% internal; Reserve: 412M, Max: 4096K
[20.692s][info][gc,stats    ] 
[20.692s][info][gc,stats    ] All times are wall-clock times, except per-root-class counters, that are sum over
[20.692s][info][gc,stats    ] all workers. Dividing the <total> over the root stage time estimates parallelism.
[20.692s][info][gc,stats    ] 
[20.692s][info][gc,stats    ] Concurrent Reset                   3019 us
[20.692s][info][gc,stats    ] Pause Init Mark (G)                 280 us
[20.692s][info][gc,stats    ] Pause Init Mark (N)                  94 us
[20.692s][info][gc,stats    ]   Update Region States               18 us
[20.692s][info][gc,stats    ] Concurrent Mark Roots              7255 us, parallelism: 0.96x
[20.692s][info][gc,stats    ]   CMR: <total>                     6995 us
[20.692s][info][gc,stats    ]   CMR: Thread Roots                6865 us, workers (us): 6865, ---, ---, 
[20.692s][info][gc,stats    ]   CMR: VM Strong Roots               24 us, workers (us):  24, ---, ---, 
[20.692s][info][gc,stats    ]   CMR: CLDG Roots                   106 us, workers (us): 106, ---, ---, 
[20.692s][info][gc,stats    ] Concurrent Marking                48604 us
[20.692s][info][gc,stats    ] Pause Final Mark (G)                593 us
[20.692s][info][gc,stats    ] Pause Final Mark (N)                210 us
[20.692s][info][gc,stats    ]   Finish Mark                        40 us
[20.692s][info][gc,stats    ]   Update Region States               32 us
[20.692s][info][gc,stats    ]   Choose Collection Set              63 us
[20.692s][info][gc,stats    ]   Rebuild Free Set                    9 us
[20.692s][info][gc,stats    ] Concurrent Thread Roots            6587 us, parallelism: 0.98x
[20.692s][info][gc,stats    ]   CTR: <total>                     6477 us
[20.692s][info][gc,stats    ]   CTR: Thread Roots                6477 us, workers (us): 6477, ---, ---, 
[20.692s][info][gc,stats    ] Concurrent Weak References         1439 us, parallelism: 0.90x
[20.692s][info][gc,stats    ]   CWRF: <total>                    1290 us
[20.692s][info][gc,stats    ]   CWRF: Weak References            1290 us, workers (us): 1290, ---, ---, 
[20.692s][info][gc,stats    ] Concurrent Weak Roots              4595 us
[20.692s][info][gc,stats    ]   Roots                            4313 us, parallelism: 0.99x
[20.692s][info][gc,stats    ]     CWR: <total>                   4260 us
[20.692s][info][gc,stats    ]     CWR: Code Cache Roots          2816 us, workers (us): 2816, ---, ---, 
[20.692s][info][gc,stats    ]     CWR: VM Weak Roots             1319 us, workers (us): 1319, ---, ---, 
[20.692s][info][gc,stats    ]     CWR: CLDG Roots                 126 us, workers (us): 126, ---, ---, 
[20.692s][info][gc,stats    ]   Rendezvous                        217 us
[20.692s][info][gc,stats    ] Concurrent Cleanup                   58 us
[20.692s][info][gc,stats    ] Concurrent Class Unloading        35057 us
[20.692s][info][gc,stats    ]   Unlink Stale                    27256 us
[20.692s][info][gc,stats    ]     System Dictionary              2151 us
[20.692s][info][gc,stats    ]     Weak Class Links              12903 us
[20.692s][info][gc,stats    ]     Code Roots                    12200 us
[20.692s][info][gc,stats    ]   Rendezvous                       6360 us
[20.692s][info][gc,stats    ]   Purge Unlinked                   1365 us
[20.692s][info][gc,stats    ]     Code Roots                      614 us
[20.692s][info][gc,stats    ]     CLDG                            750 us
[20.693s][info][gc,stats    ]     Exception Caches                  0 us
[20.693s][info][gc,stats    ] Concurrent Strong Roots             616 us, parallelism: 0.75x
[20.693s][info][gc,stats    ]   CSR: <total>                      461 us
[20.693s][info][gc,stats    ]   CSR: VM Strong Roots               17 us, workers (us):  17, ---, ---, 
[20.693s][info][gc,stats    ]   CSR: CLDG Roots                   444 us, workers (us): 444, ---, ---, 
[20.693s][info][gc,stats    ] Concurrent Evacuation             12967 us
[20.693s][info][gc,stats    ] Pause Init Update Refs (G)          898 us
[20.693s][info][gc,stats    ] Pause Init Update Refs (N)           66 us
[20.693s][info][gc,stats    ]   Manage GCLABs                       8 us
[20.693s][info][gc,stats    ] Concurrent Update Refs            28307 us
[20.693s][info][gc,stats    ] Concurrent Update Thread Roots    15121 us
[20.693s][info][gc,stats    ] Pause Final Update Refs (G)       16134 us
[20.693s][info][gc,stats    ] Pause Final Update Refs (N)         298 us
[20.693s][info][gc,stats    ]   Update Region States               89 us
[20.693s][info][gc,stats    ]   Trash Collection Set               10 us
[20.693s][info][gc,stats    ]   Rebuild Free Set                   34 us
[20.693s][info][gc,stats    ] Concurrent Cleanup                  151 us
[20.693s][info][gc,stats    ] 
[20.693s][info][gc,stats    ] Allocation pacing accrued:
[20.693s][info][gc,stats    ]       0 of  1122 ms (  0.0%): <total>
[20.693s][info][gc,stats    ]       0 of  1122 ms (  0.0%): <average total>
[20.693s][info][gc,stats    ] 
[20.693s][info][gc,metaspace] Metaspace: 119792K(121344K)->120485K(122560K) NonClass: 103738K(104576K)->104421K(105600K) Class: 16053K(16768K)->16063K(16960K)
[20.693s][info][gc,ergo     ] Pacer for Idle. Initial: 163M, Alloc Tax Rate: 1.0x
[23.429s][info][gc          ] Trigger: Learning 4 of 5. Free (5732M) is below initial threshold (5734M)
[23.429s][info][gc,ergo     ] Free: 5732M, Max: 4096K regular, 5244M humongous, Frag: 9% external, 0% internal; Reserve: 412M, Max: 4096K
[23.429s][info][gc,start    ] GC(6) Concurrent reset
[23.429s][info][gc,task     ] GC(6) Using 1 of 3 workers for concurrent reset
[23.429s][info][gc,ergo     ] GC(6) Pacer for Reset. Non-Taxable: 8192M
[23.431s][info][gc          ] GC(6) Concurrent reset 1.981ms
[23.431s][info][gc,start    ] GC(6) Pause Init Mark (unload classes)
[23.431s][info][gc,task     ] GC(6) Using 3 of 3 workers for init marking
[23.432s][info][gc,ergo     ] GC(6) Pacer for Mark. Expected Live: 57912K, Free: 5728M, Non-Taxable: 572M, Alloc Tax Rate: 0.0x
[23.432s][info][gc          ] GC(6) Pause Init Mark (unload classes) 0.138ms
[23.432s][info][gc,start    ] GC(6) Concurrent marking roots
[23.432s][info][gc,task     ] GC(6) Using 1 of 3 workers for concurrent marking roots
[23.440s][info][gc          ] GC(6) Concurrent marking roots 8.267ms
[23.440s][info][gc,start    ] GC(6) Concurrent marking (unload classes)
[23.440s][info][gc,task     ] GC(6) Using 1 of 3 workers for concurrent marking
[23.495s][info][gc          ] GC(6) Concurrent marking (unload classes) 55.332ms
[23.496s][info][gc,start    ] GC(6) Pause Final Mark (unload classes)
[23.496s][info][gc,task     ] GC(6) Using 3 of 3 workers for final marking
[23.496s][info][gc,ergo     ] GC(6) Adaptive CSet Selection. Target Free: 1160M, Actual Free: 6688M, Max CSet: 341M, Min Garbage: 0B
[23.496s][info][gc,ergo     ] GC(6) Collectable Garbage: 1741M (99%), Immediate: 648M (37%), CSet: 1093M (62%)
[23.496s][info][gc,ergo     ] GC(6) Pacer for Evacuation. Used CSet: 1163M, Free: 6400M, Non-Taxable: 640M, Alloc Tax Rate: 1.1x
[23.496s][info][gc          ] GC(6) Pause Final Mark (unload classes) 0.243ms
[23.497s][info][gc,start    ] GC(6) Concurrent thread roots
[23.497s][info][gc,task     ] GC(6) Using 1 of 3 workers for Concurrent thread roots
[23.510s][info][gc          ] GC(6) Concurrent thread roots 12.355ms
[23.510s][info][gc,start    ] GC(6) Concurrent weak references
[23.510s][info][gc,task     ] GC(6) Using 1 of 3 workers for concurrent weak references
[23.510s][info][gc,ref      ] GC(6) Encountered references: Soft: 5150, Weak: 15564, Final: 53, Phantom: 835
[23.511s][info][gc,ref      ] GC(6) Discovered  references: Soft: 0, Weak: 4760, Final: 0, Phantom: 515
[23.511s][info][gc,ref      ] GC(6) Enqueued    references: Soft: 0, Weak: 1552, Final: 0, Phantom: 240
[23.511s][info][gc          ] GC(6) Concurrent weak references 0.981ms
[23.511s][info][gc,start    ] GC(6) Concurrent weak roots
[23.511s][info][gc,task     ] GC(6) Using 1 of 3 workers for concurrent weak root
[23.526s][info][gc          ] GC(6) Concurrent weak roots 15.281ms
[23.526s][info][gc,start    ] GC(6) Concurrent cleanup
[23.526s][info][gc          ] GC(6) Concurrent cleanup 2156M->1508M(8192M) 0.043ms
[23.526s][info][gc,ergo     ] GC(6) Free: 6340M, Max: 4096K regular, 5244M humongous, Frag: 18% external, 0% internal; Reserve: 327M, Max: 4096K
[23.526s][info][gc,start    ] GC(6) Concurrent class unloading
[23.526s][info][gc,task     ] GC(6) Using 1 of 3 workers for concurrent class unloading
[23.559s][info][gc          ] GC(6) Concurrent class unloading 33.219ms
[23.559s][info][gc,start    ] GC(6) Concurrent strong roots
[23.559s][info][gc,task     ] GC(6) Using 1 of 3 workers for concurrent strong root
[23.561s][info][gc          ] GC(6) Concurrent strong roots 1.866ms
[23.561s][info][gc,start    ] GC(6) Concurrent evacuation
[23.561s][info][gc,task     ] GC(6) Using 1 of 3 workers for concurrent evacuation
[23.577s][info][gc          ] GC(6) Concurrent evacuation 15.366ms
[23.577s][info][gc,start    ] GC(6) Pause Init Update Refs
[23.577s][info][gc,ergo     ] GC(6) Pacer for Update Refs. Used: 1640M, Free: 6212M, Non-Taxable: 621M, Alloc Tax Rate: 1.1x
[23.577s][info][gc          ] GC(6) Pause Init Update Refs 0.045ms
[23.578s][info][gc,start    ] GC(6) Concurrent update references
[23.578s][info][gc,task     ] GC(6) Using 1 of 3 workers for concurrent reference update
[23.607s][info][gc          ] GC(6) Concurrent update references 29.528ms
[23.607s][info][gc,start    ] GC(6) Concurrent update thread roots
[23.624s][info][gc          ] GC(6) Concurrent update thread roots 16.892ms
[23.625s][info][gc,start    ] GC(6) Pause Final Update Refs
[23.625s][info][gc,task     ] GC(6) Using 3 of 3 workers for final reference update
[23.625s][info][gc          ] GC(6) Pause Final Update Refs 0.117ms
[23.626s][info][gc,start    ] GC(6) Concurrent cleanup
[23.626s][info][gc          ] GC(6) Concurrent cleanup 1832M->673M(8192M) 0.094ms
[23.626s][info][gc,ergo     ] Free: 7086M, Max: 4096K regular, 5156M humongous, Frag: 28% external, 0% internal; Reserve: 412M, Max: 4096K
[23.626s][info][gc,stats    ] 
[23.626s][info][gc,stats    ] All times are wall-clock times, except per-root-class counters, that are sum over
[23.626s][info][gc,stats    ] all workers. Dividing the <total> over the root stage time estimates parallelism.
[23.626s][info][gc,stats    ] 
[23.626s][info][gc,stats    ] Concurrent Reset                   2058 us
[23.626s][info][gc,stats    ] Pause Init Mark (G)                 413 us
[23.626s][info][gc,stats    ] Pause Init Mark (N)                 148 us
[23.626s][info][gc,stats    ]   Update Region States               45 us
[23.626s][info][gc,stats    ] Concurrent Mark Roots              8334 us, parallelism: 0.97x
[23.626s][info][gc,stats    ]   CMR: <total>                     8082 us
[23.626s][info][gc,stats    ]   CMR: Thread Roots                7957 us, workers (us): 7957, ---, ---, 
[23.626s][info][gc,stats    ]   CMR: VM Strong Roots               38 us, workers (us):  38, ---, ---, 
[23.626s][info][gc,stats    ]   CMR: CLDG Roots                    87 us, workers (us):  87, ---, ---, 
[23.626s][info][gc,stats    ] Concurrent Marking                55395 us
[23.626s][info][gc,stats    ] Pause Final Mark (G)               1799 us
[23.626s][info][gc,stats    ] Pause Final Mark (N)                250 us
[23.626s][info][gc,stats    ]   Finish Mark                        59 us
[23.626s][info][gc,stats    ]   Update Region States               29 us
[23.626s][info][gc,stats    ]   Choose Collection Set              79 us
[23.626s][info][gc,stats    ]   Rebuild Free Set                    9 us
[23.626s][info][gc,stats    ] Concurrent Thread Roots           12426 us, parallelism: 0.98x
[23.626s][info][gc,stats    ]   CTR: <total>                    12199 us
[23.626s][info][gc,stats    ]   CTR: Thread Roots               12199 us, workers (us): 12199, ---, ---, 
[23.626s][info][gc,stats    ] Concurrent Weak References          992 us, parallelism: 0.70x
[23.626s][info][gc,stats    ]   CWRF: <total>                     690 us
[23.626s][info][gc,stats    ]   CWRF: Weak References             690 us, workers (us): 690, ---, ---, 
[23.626s][info][gc,stats    ] Concurrent Weak Roots             15335 us
[23.626s][info][gc,stats    ]   Roots                            6093 us, parallelism: 0.98x
[23.626s][info][gc,stats    ]     CWR: <total>                   5999 us
[23.626s][info][gc,stats    ]     CWR: Code Cache Roots          4154 us, workers (us): 4154, ---, ---, 
[23.626s][info][gc,stats    ]     CWR: VM Weak Roots             1660 us, workers (us): 1660, ---, ---, 
[23.626s][info][gc,stats    ]     CWR: CLDG Roots                 185 us, workers (us): 185, ---, ---, 
[23.626s][info][gc,stats    ]   Rendezvous                       9164 us
[23.626s][info][gc,stats    ] Concurrent Cleanup                   51 us
[23.626s][info][gc,stats    ] Concurrent Class Unloading        33270 us
[23.626s][info][gc,stats    ]   Unlink Stale                    31041 us
[23.626s][info][gc,stats    ]     System Dictionary               521 us
[23.626s][info][gc,stats    ]     Weak Class Links              14623 us
[23.626s][info][gc,stats    ]     Code Roots                    15894 us
[23.626s][info][gc,stats    ]   Rendezvous                       1260 us
[23.626s][info][gc,stats    ]   Purge Unlinked                    899 us
[23.626s][info][gc,stats    ]     Code Roots                      801 us
[23.626s][info][gc,stats    ]     CLDG                             97 us
[23.626s][info][gc,stats    ]     Exception Caches                  0 us
[23.626s][info][gc,stats    ] Concurrent Strong Roots            1933 us, parallelism: 0.87x
[23.626s][info][gc,stats    ]   CSR: <total>                     1685 us
[23.626s][info][gc,stats    ]   CSR: VM Strong Roots               25 us, workers (us):  25, ---, ---, 
[23.626s][info][gc,stats    ]   CSR: CLDG Roots                  1660 us, workers (us): 1660, ---, ---, 
[23.626s][info][gc,stats    ] Concurrent Evacuation             15414 us
[23.626s][info][gc,stats    ] Pause Init Update Refs (G)         1186 us
[23.626s][info][gc,stats    ] Pause Init Update Refs (N)           53 us
[23.626s][info][gc,stats    ]   Manage GCLABs                      13 us
[23.626s][info][gc,stats    ] Concurrent Update Refs            29648 us
[23.626s][info][gc,stats    ] Concurrent Update Thread Roots    16941 us
[23.626s][info][gc,stats    ] Pause Final Update Refs (G)        1485 us
[23.626s][info][gc,stats    ] Pause Final Update Refs (N)         158 us
[23.626s][info][gc,stats    ]   Update Region States               45 us
[23.626s][info][gc,stats    ]   Trash Collection Set               15 us
[23.626s][info][gc,stats    ]   Rebuild Free Set                   22 us
[23.626s][info][gc,stats    ] Concurrent Cleanup                  106 us
[23.626s][info][gc,stats    ] 
[23.626s][info][gc,stats    ] Allocation pacing accrued:
[23.626s][info][gc,stats    ]       0 of  2934 ms (  0.0%): <total>
[23.626s][info][gc,stats    ]       0 of  2934 ms (  0.0%): <average total>
[23.626s][info][gc,stats    ] 
[23.626s][info][gc,metaspace] Metaspace: 146938K(148096K)->147013K(148160K) NonClass: 129153K(129792K)->129229K(129856K) Class: 17784K(18304K)->17784K(18304K)
[23.626s][info][gc,ergo     ] Pacer for Idle. Initial: 163M, Alloc Tax Rate: 1.0x
[24.831s][info][gc          ] Trigger: Explicit GC request (System.gc())
[24.831s][info][gc,ergo     ] Free: 6075M, Max: 4096K regular, 5156M humongous, Frag: 16% external, 0% internal; Reserve: 412M, Max: 4096K
[24.831s][info][gc,start    ] GC(7) Concurrent reset
[24.831s][info][gc,task     ] GC(7) Using 1 of 3 workers for concurrent reset
[24.831s][info][gc,ergo     ] GC(7) Pacer for Reset. Non-Taxable: 8192M
[24.836s][info][gc          ] GC(7) Concurrent reset 4.891ms
[24.837s][info][gc,start    ] GC(7) Pause Init Mark (unload classes)
[24.837s][info][gc,task     ] GC(7) Using 3 of 3 workers for init marking
[24.837s][info][gc,ref      ] GC(7) Clearing All SoftReferences
[24.837s][info][gc,ergo     ] GC(7) Pacer for Mark. Expected Live: 89377K, Free: 6075M, Non-Taxable: 607M, Alloc Tax Rate: 0.0x
[24.837s][info][gc          ] GC(7) Pause Init Mark (unload classes) 0.204ms
[24.837s][info][gc,start    ] GC(7) Concurrent marking roots
[24.837s][info][gc,task     ] GC(7) Using 1 of 3 workers for concurrent marking roots
[24.849s][info][gc          ] GC(7) Concurrent marking roots 11.873ms
[24.849s][info][gc,start    ] GC(7) Concurrent marking (unload classes)
[24.849s][info][gc,task     ] GC(7) Using 1 of 3 workers for concurrent marking
[24.899s][info][gc          ] GC(7) Concurrent marking (unload classes) 49.913ms
[24.899s][info][gc,start    ] GC(7) Pause Final Mark (unload classes)
[24.899s][info][gc,task     ] GC(7) Using 3 of 3 workers for final marking
[24.899s][info][gc,ergo     ] GC(7) Adaptive CSet Selection. Target Free: 1160M, Actual Free: 6728M, Max CSet: 341M, Min Garbage: 0B
[24.899s][info][gc,ergo     ] GC(7) Collectable Garbage: 1424M (99%), Immediate: 244M (17%), CSet: 1180M (82%)
[24.899s][info][gc,ergo     ] GC(7) Pacer for Evacuation. Used CSet: 1196M, Free: 6476M, Non-Taxable: 647M, Alloc Tax Rate: 1.1x
[24.899s][info][gc          ] GC(7) Pause Final Mark (unload classes) 0.474ms
[24.899s][info][gc,start    ] GC(7) Concurrent thread roots
[24.899s][info][gc,task     ] GC(7) Using 1 of 3 workers for Concurrent thread roots
[24.910s][info][gc          ] GC(7) Concurrent thread roots 10.641ms
[24.910s][info][gc,start    ] GC(7) Concurrent weak references
[24.910s][info][gc,task     ] GC(7) Using 1 of 3 workers for concurrent weak references
[24.911s][info][gc,ref      ] GC(7) Encountered references: Soft: 4968, Weak: 16614, Final: 53, Phantom: 727
[24.911s][info][gc,ref      ] GC(7) Discovered  references: Soft: 2702, Weak: 5836, Final: 0, Phantom: 407
[24.911s][info][gc,ref      ] GC(7) Enqueued    references: Soft: 2242, Weak: 2368, Final: 0, Phantom: 129
[24.911s][info][gc          ] GC(7) Concurrent weak references 0.924ms
[24.911s][info][gc,start    ] GC(7) Concurrent weak roots
[24.911s][info][gc,task     ] GC(7) Using 1 of 3 workers for concurrent weak root
[24.929s][info][gc          ] GC(7) Concurrent weak roots 18.052ms
[24.929s][info][gc,start    ] GC(7) Concurrent cleanup
[24.929s][info][gc          ] GC(7) Concurrent cleanup 1811M->1570M(8192M) 0.048ms
[24.929s][info][gc,ergo     ] GC(7) Free: 6204M, Max: 4096K regular, 5192M humongous, Frag: 17% external, 0% internal; Reserve: 409M, Max: 4096K
[24.929s][info][gc,start    ] GC(7) Concurrent class unloading
[24.929s][info][gc,task     ] GC(7) Using 1 of 3 workers for concurrent class unloading
[24.964s][info][gc          ] GC(7) Concurrent class unloading 35.077ms
[24.964s][info][gc,start    ] GC(7) Concurrent strong roots
[24.964s][info][gc,task     ] GC(7) Using 1 of 3 workers for concurrent strong root
[24.965s][info][gc          ] GC(7) Concurrent strong roots 0.818ms
[24.965s][info][gc,start    ] GC(7) Concurrent evacuation
[24.965s][info][gc,task     ] GC(7) Using 1 of 3 workers for concurrent evacuation
[24.979s][info][gc          ] GC(7) Concurrent evacuation 13.871ms
[24.979s][info][gc,start    ] GC(7) Pause Init Update Refs
[24.979s][info][gc,ergo     ] GC(7) Pacer for Update Refs. Used: 1848M, Free: 5944M, Non-Taxable: 594M, Alloc Tax Rate: 1.1x
[24.979s][info][gc          ] GC(7) Pause Init Update Refs 0.073ms
[24.979s][info][gc,start    ] GC(7) Concurrent update references
[24.979s][info][gc,task     ] GC(7) Using 1 of 3 workers for concurrent reference update
[25.002s][info][gc          ] GC(7) Concurrent update references 22.296ms
[25.002s][info][gc,start    ] GC(7) Concurrent update thread roots
[25.011s][info][gc          ] GC(7) Concurrent update thread roots 9.210ms
[25.011s][info][gc,start    ] GC(7) Pause Final Update Refs
[25.011s][info][gc,task     ] GC(7) Using 3 of 3 workers for final reference update
[25.011s][info][gc          ] GC(7) Pause Final Update Refs 0.159ms
[25.011s][info][gc,start    ] GC(7) Concurrent cleanup
[25.011s][info][gc          ] GC(7) Concurrent cleanup 1848M->652M(8192M) 0.112ms
[25.011s][info][gc,ergo     ] Free: 7128M, Max: 4096K regular, 5240M humongous, Frag: 27% external, 0% internal; Reserve: 412M, Max: 4096K
[25.011s][info][gc,stats    ] 
[25.011s][info][gc,stats    ] All times are wall-clock times, except per-root-class counters, that are sum over
[25.011s][info][gc,stats    ] all workers. Dividing the <total> over the root stage time estimates parallelism.
[25.011s][info][gc,stats    ] 
[25.011s][info][gc,stats    ] Concurrent Reset                   4961 us
[25.011s][info][gc,stats    ] Pause Init Mark (G)                 476 us
[25.011s][info][gc,stats    ] Pause Init Mark (N)                 221 us
[25.011s][info][gc,stats    ]   Update Region States               68 us
[25.012s][info][gc,stats    ] Concurrent Mark Roots             11946 us, parallelism: 0.97x
[25.012s][info][gc,stats    ]   CMR: <total>                    11545 us
[25.012s][info][gc,stats    ]   CMR: Thread Roots               11294 us, workers (us): 11294, ---, ---, 
[25.012s][info][gc,stats    ]   CMR: VM Strong Roots              114 us, workers (us): 114, ---, ---, 
[25.012s][info][gc,stats    ]   CMR: CLDG Roots                   136 us, workers (us): 136, ---, ---, 
[25.012s][info][gc,stats    ] Concurrent Marking                49966 us
[25.012s][info][gc,stats    ] Pause Final Mark (G)                592 us
[25.012s][info][gc,stats    ] Pause Final Mark (N)                495 us
[25.012s][info][gc,stats    ]   Finish Mark                        99 us
[25.012s][info][gc,stats    ]   Update Region States               55 us
[25.012s][info][gc,stats    ]   Choose Collection Set             164 us
[25.012s][info][gc,stats    ]   Rebuild Free Set                   24 us
[25.012s][info][gc,stats    ] Concurrent Thread Roots           10701 us, parallelism: 0.98x
[25.012s][info][gc,stats    ]   CTR: <total>                    10538 us
[25.012s][info][gc,stats    ]   CTR: Thread Roots               10538 us, workers (us): 10538, ---, ---, 
[25.012s][info][gc,stats    ] Concurrent Weak References          933 us, parallelism: 0.87x
[25.012s][info][gc,stats    ]   CWRF: <total>                     807 us
[25.012s][info][gc,stats    ]   CWRF: Weak References             807 us, workers (us): 807, ---, ---, 
[25.012s][info][gc,stats    ] Concurrent Weak Roots             18105 us
[25.012s][info][gc,stats    ]   Roots                            5763 us, parallelism: 0.98x
[25.012s][info][gc,stats    ]     CWR: <total>                   5651 us
[25.012s][info][gc,stats    ]     CWR: Code Cache Roots          4182 us, workers (us): 4182, ---, ---, 
[25.012s][info][gc,stats    ]     CWR: VM Weak Roots             1337 us, workers (us): 1337, ---, ---, 
[25.012s][info][gc,stats    ]     CWR: CLDG Roots                 132 us, workers (us): 132, ---, ---, 
[25.012s][info][gc,stats    ]   Rendezvous                      12270 us
[25.012s][info][gc,stats    ] Concurrent Cleanup                   57 us
[25.012s][info][gc,stats    ] Concurrent Class Unloading        35127 us
[25.012s][info][gc,stats    ]   Unlink Stale                    33172 us
[25.012s][info][gc,stats    ]     System Dictionary              2027 us
[25.012s][info][gc,stats    ]     Weak Class Links              14315 us
[25.012s][info][gc,stats    ]     Code Roots                    16827 us
[25.012s][info][gc,stats    ]   Rendezvous                        202 us
[25.012s][info][gc,stats    ]   Purge Unlinked                   1682 us
[25.012s][info][gc,stats    ]     Code Roots                      654 us
[25.012s][info][gc,stats    ]     CLDG                           1028 us
[25.012s][info][gc,stats    ]     Exception Caches                  0 us
[25.012s][info][gc,stats    ] Concurrent Strong Roots             850 us, parallelism: 0.85x
[25.012s][info][gc,stats    ]   CSR: <total>                      725 us
[25.012s][info][gc,stats    ]   CSR: VM Strong Roots               14 us, workers (us):  14, ---, ---, 
[25.012s][info][gc,stats    ]   CSR: CLDG Roots                   711 us, workers (us): 711, ---, ---, 
[25.012s][info][gc,stats    ] Concurrent Evacuation             13935 us
[25.012s][info][gc,stats    ] Pause Init Update Refs (G)          131 us
[25.012s][info][gc,stats    ] Pause Init Update Refs (N)           81 us
[25.012s][info][gc,stats    ]   Manage GCLABs                      25 us
[25.012s][info][gc,stats    ] Concurrent Update Refs            22364 us
[25.012s][info][gc,stats    ] Concurrent Update Thread Roots     9263 us
[25.012s][info][gc,stats    ] Pause Final Update Refs (G)         280 us
[25.012s][info][gc,stats    ] Pause Final Update Refs (N)         177 us
[25.012s][info][gc,stats    ]   Update Region States               86 us
[25.012s][info][gc,stats    ]   Trash Collection Set               11 us
[25.012s][info][gc,stats    ]   Rebuild Free Set                   20 us
[25.012s][info][gc,stats    ] Concurrent Cleanup                  138 us
[25.012s][info][gc,stats    ] 
[25.012s][info][gc,stats    ] Allocation pacing accrued:
[25.012s][info][gc,stats    ]       0 of  1385 ms (  0.0%): <total>
[25.012s][info][gc,stats    ]       0 of  1385 ms (  0.0%): <average total>
[25.012s][info][gc,stats    ] 
[25.012s][info][gc,metaspace] Metaspace: 149177K(150400K)->148065K(150336K) NonClass: 131162K(131840K)->130247K(131776K) Class: 18014K(18560K)->17818K(18560K)
[25.012s][info][gc,ergo     ] Pacer for Idle. Initial: 163M, Alloc Tax Rate: 1.0x
[25.583s][info][gc          ] Trigger: Learning 2 of 5. Free (5712M) is below initial threshold (5734M)
[25.583s][info][gc,ergo     ] Free: 5712M, Max: 4096K regular, 5240M humongous, Frag: 9% external, 0% internal; Reserve: 412M, Max: 4096K
[25.583s][info][gc,start    ] GC(8) Concurrent reset
[25.583s][info][gc,task     ] GC(8) Using 1 of 3 workers for concurrent reset
[25.583s][info][gc,ergo     ] GC(8) Pacer for Reset. Non-Taxable: 8192M
[25.592s][info][gc          ] GC(8) Concurrent reset 9.220ms
[25.593s][info][gc,start    ] GC(8) Pause Init Mark (unload classes)
[25.593s][info][gc,task     ] GC(8) Using 3 of 3 workers for init marking
[25.593s][info][gc,ergo     ] GC(8) Pacer for Mark. Expected Live: 103M, Free: 5688M, Non-Taxable: 568M, Alloc Tax Rate: 0.0x
[25.593s][info][gc          ] GC(8) Pause Init Mark (unload classes) 0.127ms
[25.612s][info][gc,start    ] GC(8) Concurrent marking roots
[25.612s][info][gc,task     ] GC(8) Using 1 of 3 workers for concurrent marking roots
[25.624s][info][gc          ] GC(8) Concurrent marking roots 12.712ms
[25.624s][info][gc,start    ] GC(8) Concurrent marking (unload classes)
[25.624s][info][gc,task     ] GC(8) Using 1 of 3 workers for concurrent marking
[25.697s][info][gc          ] GC(8) Concurrent marking (unload classes) 72.708ms
[25.697s][info][gc,start    ] GC(8) Pause Final Mark (unload classes)
[25.697s][info][gc,task     ] GC(8) Using 3 of 3 workers for final marking
[25.698s][info][gc,ergo     ] GC(8) Adaptive CSet Selection. Target Free: 1160M, Actual Free: 6505M, Max CSet: 341M, Min Garbage: 0B
[25.698s][info][gc,ergo     ] GC(8) Collectable Garbage: 1898M (99%), Immediate: 833M (43%), CSet: 1064M (55%)
[25.698s][info][gc,ergo     ] GC(8) Pacer for Evacuation. Used CSet: 1116M, Free: 6124M, Non-Taxable: 612M, Alloc Tax Rate: 1.1x
[25.698s][info][gc          ] GC(8) Pause Final Mark (unload classes) 0.271ms
[25.698s][info][gc,start    ] GC(8) Concurrent thread roots
[25.698s][info][gc,task     ] GC(8) Using 1 of 3 workers for Concurrent thread roots
[25.710s][info][gc          ] GC(8) Concurrent thread roots 12.100ms
[25.710s][info][gc,start    ] GC(8) Concurrent weak references
[25.710s][info][gc,task     ] GC(8) Using 1 of 3 workers for concurrent weak references
[25.710s][info][gc,ref      ] GC(8) Encountered references: Soft: 3701, Weak: 14731, Final: 53, Phantom: 601
[25.710s][info][gc,ref      ] GC(8) Discovered  references: Soft: 0, Weak: 3555, Final: 0, Phantom: 241
[25.710s][info][gc,ref      ] GC(8) Enqueued    references: Soft: 0, Weak: 209, Final: 0, Phantom: 3
[25.710s][info][gc          ] GC(8) Concurrent weak references 0.463ms
[25.710s][info][gc,start    ] GC(8) Concurrent weak roots
[25.710s][info][gc,task     ] GC(8) Using 1 of 3 workers for concurrent weak root
[25.716s][info][gc          ] GC(8) Concurrent weak roots 5.662ms
[25.716s][info][gc,start    ] GC(8) Concurrent cleanup
[25.716s][info][gc          ] GC(8) Concurrent cleanup 2560M->1726M(8192M) 0.047ms
[25.716s][info][gc,ergo     ] GC(8) Free: 6040M, Max: 4096K regular, 5180M humongous, Frag: 15% external, 0% internal; Reserve: 410M, Max: 4096K
[25.716s][info][gc,start    ] GC(8) Concurrent class unloading
[25.716s][info][gc,task     ] GC(8) Using 1 of 3 workers for concurrent class unloading
[25.761s][info][gc          ] GC(8) Concurrent class unloading 45.244ms
[25.761s][info][gc,start    ] GC(8) Concurrent strong roots
[25.761s][info][gc,task     ] GC(8) Using 1 of 3 workers for concurrent strong root
[25.762s][info][gc          ] GC(8) Concurrent strong roots 0.922ms
[25.762s][info][gc,start    ] GC(8) Concurrent evacuation
[25.762s][info][gc,task     ] GC(8) Using 1 of 3 workers for concurrent evacuation
[25.776s][info][gc          ] GC(8) Concurrent evacuation 13.274ms
[25.776s][info][gc,start    ] GC(8) Pause Init Update Refs
[25.776s][info][gc,ergo     ] GC(8) Pacer for Update Refs. Used: 1840M, Free: 5988M, Non-Taxable: 598M, Alloc Tax Rate: 1.1x
[25.776s][info][gc          ] GC(8) Pause Init Update Refs 0.089ms
[25.777s][info][gc,start    ] GC(8) Concurrent update references
[25.777s][info][gc,task     ] GC(8) Using 1 of 3 workers for concurrent reference update
[25.883s][info][gc          ] GC(8) Concurrent update references 105.524ms
[25.883s][info][gc,start    ] GC(8) Concurrent update thread roots
[25.893s][info][gc          ] GC(8) Concurrent update thread roots 10.610ms
[25.893s][info][gc,start    ] GC(8) Pause Final Update Refs
[25.893s][info][gc,task     ] GC(8) Using 3 of 3 workers for final reference update
[25.893s][info][gc          ] GC(8) Pause Final Update Refs 0.118ms
[25.893s][info][gc,start    ] GC(8) Concurrent cleanup
[25.893s][info][gc          ] GC(8) Concurrent cleanup 1897M->780M(8192M) 0.038ms
[25.894s][info][gc,ergo     ] Free: 6971M, Max: 4096K regular, 5120M humongous, Frag: 27% external, 0% internal; Reserve: 412M, Max: 4096K
[25.894s][info][gc,stats    ] 
[25.894s][info][gc,stats    ] All times are wall-clock times, except per-root-class counters, that are sum over
[25.894s][info][gc,stats    ] all workers. Dividing the <total> over the root stage time estimates parallelism.
[25.894s][info][gc,stats    ] 
[25.894s][info][gc,stats    ] Concurrent Reset                   9328 us
[25.894s][info][gc,stats    ] Pause Init Mark (G)               19271 us
[25.894s][info][gc,stats    ] Pause Init Mark (N)                 137 us
[25.894s][info][gc,stats    ]   Update Region States               35 us
[25.894s][info][gc,stats    ] Concurrent Mark Roots             12807 us, parallelism: 0.96x
[25.894s][info][gc,stats    ]   CMR: <total>                    12246 us
[25.894s][info][gc,stats    ]   CMR: Thread Roots               12109 us, workers (us): 12109, ---, ---, 
[25.894s][info][gc,stats    ]   CMR: VM Strong Roots               24 us, workers (us):  24, ---, ---, 
[25.894s][info][gc,stats    ]   CMR: CLDG Roots                   113 us, workers (us): 113, ---, ---, 
[25.894s][info][gc,stats    ] Concurrent Marking                72775 us
[25.894s][info][gc,stats    ] Pause Final Mark (G)                400 us
[25.894s][info][gc,stats    ] Pause Final Mark (N)                279 us
[25.894s][info][gc,stats    ]   Finish Mark                        73 us
[25.894s][info][gc,stats    ]   Update Region States               38 us
[25.894s][info][gc,stats    ]   Choose Collection Set              80 us
[25.894s][info][gc,stats    ]   Rebuild Free Set                    9 us
[25.894s][info][gc,stats    ] Concurrent Thread Roots           12170 us, parallelism: 0.99x
[25.894s][info][gc,stats    ]   CTR: <total>                    12032 us
[25.894s][info][gc,stats    ]   CTR: Thread Roots               12032 us, workers (us): 12032, ---, ---, 
[25.894s][info][gc,stats    ] Concurrent Weak References          473 us, parallelism: 0.78x
[25.894s][info][gc,stats    ]   CWRF: <total>                     371 us
[25.894s][info][gc,stats    ]   CWRF: Weak References             371 us, workers (us): 371, ---, ---, 
[25.894s][info][gc,stats    ] Concurrent Weak Roots              5711 us
[25.894s][info][gc,stats    ]   Roots                            5459 us, parallelism: 0.99x
[25.894s][info][gc,stats    ]     CWR: <total>                   5400 us
[25.894s][info][gc,stats    ]     CWR: Code Cache Roots          4016 us, workers (us): 4016, ---, ---, 
[25.894s][info][gc,stats    ]     CWR: VM Weak Roots             1265 us, workers (us): 1265, ---, ---, 
[25.894s][info][gc,stats    ]     CWR: CLDG Roots                 119 us, workers (us): 119, ---, ---, 
[25.894s][info][gc,stats    ]   Rendezvous                        183 us
[25.894s][info][gc,stats    ] Concurrent Cleanup                   56 us
[25.894s][info][gc,stats    ] Concurrent Class Unloading        45289 us
[25.894s][info][gc,stats    ]   Unlink Stale                    43269 us
[25.894s][info][gc,stats    ]     System Dictionary               462 us
[25.894s][info][gc,stats    ]     Weak Class Links              15857 us
[25.894s][info][gc,stats    ]     Code Roots                    26947 us
[25.894s][info][gc,stats    ]   Rendezvous                        524 us
[25.894s][info][gc,stats    ]   Purge Unlinked                   1431 us
[25.894s][info][gc,stats    ]     Code Roots                     1334 us
[25.894s][info][gc,stats    ]     CLDG                             96 us
[25.894s][info][gc,stats    ]     Exception Caches                  0 us
[25.894s][info][gc,stats    ] Concurrent Strong Roots            1000 us, parallelism: 0.74x
[25.894s][info][gc,stats    ]   CSR: <total>                      737 us
[25.894s][info][gc,stats    ]   CSR: VM Strong Roots               23 us, workers (us):  23, ---, ---, 
[25.894s][info][gc,stats    ]   CSR: CLDG Roots                   715 us, workers (us): 715, ---, ---, 
[25.894s][info][gc,stats    ] Concurrent Evacuation             13336 us
[25.894s][info][gc,stats    ] Pause Init Update Refs (G)         1296 us
[25.894s][info][gc,stats    ] Pause Init Update Refs (N)           99 us
[25.894s][info][gc,stats    ]   Manage GCLABs                      32 us
[25.894s][info][gc,stats    ] Concurrent Update Refs           105557 us
[25.894s][info][gc,stats    ] Concurrent Update Thread Roots    10659 us
[25.894s][info][gc,stats    ] Pause Final Update Refs (G)         229 us
[25.894s][info][gc,stats    ] Pause Final Update Refs (N)         131 us
[25.894s][info][gc,stats    ]   Update Region States               46 us
[25.894s][info][gc,stats    ]   Trash Collection Set                5 us
[25.894s][info][gc,stats    ]   Rebuild Free Set                   15 us
[25.894s][info][gc,stats    ] Concurrent Cleanup                   47 us
[25.894s][info][gc,stats    ] 
[25.894s][info][gc,stats    ] Allocation pacing accrued:
[25.894s][info][gc,stats    ]       0 of   882 ms (  0.0%): <total>
[25.894s][info][gc,stats    ]       0 of   882 ms (  0.0%): <average total>
[25.894s][info][gc,stats    ] 
[25.894s][info][gc,metaspace] Metaspace: 149349K(150592K)->149415K(150656K) NonClass: 131386K(132032K)->131450K(132096K) Class: 17963K(18560K)->17964K(18560K)
[25.894s][info][gc,ergo     ] Pacer for Idle. Initial: 163M, Alloc Tax Rate: 1.0x
[27.294s][info][gc          ] Trigger: Learning 3 of 5. Free (5732M) is below initial threshold (5734M)
[27.294s][info][gc,ergo     ] Free: 5732M, Max: 4096K regular, 5120M humongous, Frag: 11% external, 1% internal; Reserve: 412M, Max: 4096K
[27.294s][info][gc,start    ] GC(9) Concurrent reset
[27.294s][info][gc,task     ] GC(9) Using 1 of 3 workers for concurrent reset
[27.294s][info][gc,ergo     ] GC(9) Pacer for Reset. Non-Taxable: 8192M
[27.300s][info][gc          ] GC(9) Concurrent reset 5.755ms
[27.300s][info][gc,start    ] GC(9) Pause Init Mark (unload classes)
[27.300s][info][gc,task     ] GC(9) Using 3 of 3 workers for init marking
[27.300s][info][gc,ergo     ] GC(9) Pacer for Mark. Expected Live: 129M, Free: 5732M, Non-Taxable: 573M, Alloc Tax Rate: 0.0x
[27.300s][info][gc          ] GC(9) Pause Init Mark (unload classes) 0.131ms
[27.300s][info][gc,start    ] GC(9) Concurrent marking roots
[27.300s][info][gc,task     ] GC(9) Using 1 of 3 workers for concurrent marking roots
[27.311s][info][gc          ] GC(9) Concurrent marking roots 10.357ms
[27.311s][info][gc,start    ] GC(9) Concurrent marking (unload classes)
[27.311s][info][gc,task     ] GC(9) Using 1 of 3 workers for concurrent marking
[27.362s][info][gc          ] GC(9) Concurrent marking (unload classes) 51.781ms
[27.363s][info][gc,start    ] GC(9) Pause Final Mark (unload classes)
[27.363s][info][gc,task     ] GC(9) Using 3 of 3 workers for final marking
[27.363s][info][gc,ergo     ] GC(9) Adaptive CSet Selection. Target Free: 1160M, Actual Free: 6806M, Max CSet: 341M, Min Garbage: 0B
[27.363s][info][gc,ergo     ] GC(9) Collectable Garbage: 1645M (99%), Immediate: 678M (41%), CSet: 966M (58%)
[27.363s][info][gc,ergo     ] GC(9) Pacer for Evacuation. Used CSet: 977M, Free: 6664M, Non-Taxable: 666M, Alloc Tax Rate: 1.1x
[27.363s][info][gc          ] GC(9) Pause Final Mark (unload classes) 0.257ms
[27.363s][info][gc,start    ] GC(9) Concurrent thread roots
[27.363s][info][gc,task     ] GC(9) Using 1 of 3 workers for Concurrent thread roots
[27.373s][info][gc          ] GC(9) Concurrent thread roots 9.694ms
[27.373s][info][gc,start    ] GC(9) Concurrent weak references
[27.373s][info][gc,task     ] GC(9) Using 1 of 3 workers for concurrent weak references
[27.373s][info][gc,ref      ] GC(9) Encountered references: Soft: 3775, Weak: 17882, Final: 53, Phantom: 611
[27.373s][info][gc,ref      ] GC(9) Discovered  references: Soft: 0, Weak: 7292, Final: 0, Phantom: 289
[27.373s][info][gc,ref      ] GC(9) Enqueued    references: Soft: 0, Weak: 3347, Final: 0, Phantom: 13
[27.373s][info][gc          ] GC(9) Concurrent weak references 0.785ms
[27.373s][info][gc,start    ] GC(9) Concurrent weak roots
[27.373s][info][gc,task     ] GC(9) Using 1 of 3 workers for concurrent weak root
[27.380s][info][gc          ] GC(9) Concurrent weak roots 6.507ms
[27.380s][info][gc,start    ] GC(9) Concurrent cleanup
[27.380s][info][gc          ] GC(9) Concurrent cleanup 1877M->1199M(8192M) 0.042ms
[27.380s][info][gc,ergo     ] GC(9) Free: 6568M, Max: 4096K regular, 5144M humongous, Frag: 22% external, 0% internal; Reserve: 410M, Max: 4096K
[27.380s][info][gc,start    ] GC(9) Concurrent class unloading
[27.380s][info][gc,task     ] GC(9) Using 1 of 3 workers for concurrent class unloading
[27.401s][info][gc          ] GC(9) Concurrent class unloading 20.978ms
[27.401s][info][gc,start    ] GC(9) Concurrent strong roots
[27.401s][info][gc,task     ] GC(9) Using 1 of 3 workers for concurrent strong root
[27.402s][info][gc          ] GC(9) Concurrent strong roots 0.697ms
[27.402s][info][gc,start    ] GC(9) Concurrent evacuation
[27.402s][info][gc,task     ] GC(9) Using 1 of 3 workers for concurrent evacuation
[27.411s][info][gc          ] GC(9) Concurrent evacuation 9.573ms
[27.412s][info][gc,start    ] GC(9) Pause Init Update Refs
[27.412s][info][gc,ergo     ] GC(9) Pacer for Update Refs. Used: 1569M, Free: 6208M, Non-Taxable: 620M, Alloc Tax Rate: 1.1x
[27.412s][info][gc          ] GC(9) Pause Init Update Refs 0.082ms
[27.412s][info][gc,start    ] GC(9) Concurrent update references
[27.412s][info][gc,task     ] GC(9) Using 1 of 3 workers for concurrent reference update
[27.440s][info][gc          ] GC(9) Concurrent update references 27.939ms
[27.440s][info][gc,start    ] GC(9) Concurrent update thread roots
[27.448s][info][gc          ] GC(9) Concurrent update thread roots 7.538ms
[27.448s][info][gc,start    ] GC(9) Pause Final Update Refs
[27.448s][info][gc,task     ] GC(9) Using 3 of 3 workers for final reference update
[27.448s][info][gc          ] GC(9) Pause Final Update Refs 0.098ms
[27.448s][info][gc,start    ] GC(9) Concurrent cleanup
[27.448s][info][gc          ] GC(9) Concurrent cleanup 1649M->671M(8192M) 0.033ms
[27.448s][info][gc,ergo     ] Free: 7108M, Max: 4096K regular, 5236M humongous, Frag: 27% external, 0% internal; Reserve: 412M, Max: 4096K
[27.448s][info][gc,stats    ] 
[27.448s][info][gc,stats    ] All times are wall-clock times, except per-root-class counters, that are sum over
[27.448s][info][gc,stats    ] all workers. Dividing the <total> over the root stage time estimates parallelism.
[27.448s][info][gc,stats    ] 
[27.448s][info][gc,stats    ] Concurrent Reset                   5830 us
[27.448s][info][gc,stats    ] Pause Init Mark (G)                 280 us
[27.448s][info][gc,stats    ] Pause Init Mark (N)                 140 us
[27.448s][info][gc,stats    ]   Update Region States               43 us
[27.448s][info][gc,stats    ] Concurrent Mark Roots             10416 us, parallelism: 0.97x
[27.448s][info][gc,stats    ]   CMR: <total>                    10129 us
[27.448s][info][gc,stats    ]   CMR: Thread Roots                9941 us, workers (us): 9941, ---, ---, 
[27.448s][info][gc,stats    ]   CMR: VM Strong Roots               24 us, workers (us):  24, ---, ---, 
[27.448s][info][gc,stats    ]   CMR: CLDG Roots                   164 us, workers (us): 164, ---, ---, 
[27.448s][info][gc,stats    ] Concurrent Marking                51833 us
[27.448s][info][gc,stats    ] Pause Final Mark (G)                401 us
[27.448s][info][gc,stats    ] Pause Final Mark (N)                266 us
[27.448s][info][gc,stats    ]   Finish Mark                        66 us
[27.448s][info][gc,stats    ]   Update Region States               35 us
[27.448s][info][gc,stats    ]   Choose Collection Set             103 us
[27.448s][info][gc,stats    ]   Rebuild Free Set                    9 us
[27.448s][info][gc,stats    ] Concurrent Thread Roots            9756 us, parallelism: 0.98x
[27.448s][info][gc,stats    ]   CTR: <total>                     9592 us
[27.448s][info][gc,stats    ]   CTR: Thread Roots                9592 us, workers (us): 9592, ---, ---, 
[27.448s][info][gc,stats    ] Concurrent Weak References          793 us, parallelism: 0.84x
[27.448s][info][gc,stats    ]   CWRF: <total>                     670 us
[27.448s][info][gc,stats    ]   CWRF: Weak References             670 us, workers (us): 670, ---, ---, 
[27.448s][info][gc,stats    ] Concurrent Weak Roots              6552 us
[27.448s][info][gc,stats    ]   Roots                            6285 us, parallelism: 0.99x
[27.448s][info][gc,stats    ]     CWR: <total>                   6217 us
[27.448s][info][gc,stats    ]     CWR: Code Cache Roots          4508 us, workers (us): 4508, ---, ---, 
[27.448s][info][gc,stats    ]     CWR: VM Weak Roots             1589 us, workers (us): 1589, ---, ---, 
[27.448s][info][gc,stats    ]     CWR: CLDG Roots                 121 us, workers (us): 121, ---, ---, 
[27.448s][info][gc,stats    ]   Rendezvous                        202 us
[27.448s][info][gc,stats    ] Concurrent Cleanup                   51 us
[27.448s][info][gc,stats    ] Concurrent Class Unloading        21033 us
[27.448s][info][gc,stats    ]   Unlink Stale                    19672 us
[27.448s][info][gc,stats    ]     System Dictionary               102 us
[27.448s][info][gc,stats    ]     Weak Class Links                  0 us
[27.448s][info][gc,stats    ]     Code Roots                    19569 us
[27.448s][info][gc,stats    ]   Rendezvous                        197 us
[27.448s][info][gc,stats    ]   Purge Unlinked                   1088 us
[27.448s][info][gc,stats    ]     Code Roots                     1081 us
[27.448s][info][gc,stats    ]     CLDG                              6 us
[27.448s][info][gc,stats    ]     Exception Caches                  0 us
[27.448s][info][gc,stats    ] Concurrent Strong Roots             768 us, parallelism: 0.72x
[27.448s][info][gc,stats    ]   CSR: <total>                      550 us
[27.448s][info][gc,stats    ]   CSR: VM Strong Roots               18 us, workers (us):  18, ---, ---, 
[27.448s][info][gc,stats    ]   CSR: CLDG Roots                   532 us, workers (us): 532, ---, ---, 
[27.448s][info][gc,stats    ] Concurrent Evacuation              9631 us
[27.448s][info][gc,stats    ] Pause Init Update Refs (G)          749 us
[27.448s][info][gc,stats    ] Pause Init Update Refs (N)           96 us
[27.448s][info][gc,stats    ]   Manage GCLABs                      22 us
[27.448s][info][gc,stats    ] Concurrent Update Refs            28003 us
[27.448s][info][gc,stats    ] Concurrent Update Thread Roots     7586 us
[27.448s][info][gc,stats    ] Pause Final Update Refs (G)         224 us
[27.448s][info][gc,stats    ] Pause Final Update Refs (N)         138 us
[27.448s][info][gc,stats    ]   Update Region States               36 us
[27.448s][info][gc,stats    ]   Trash Collection Set               10 us
[27.448s][info][gc,stats    ]   Rebuild Free Set                   20 us
[27.448s][info][gc,stats    ] Concurrent Cleanup                   42 us
[27.449s][info][gc,stats    ] 
[27.449s][info][gc,stats    ] Allocation pacing accrued:
[27.449s][info][gc,stats    ]       0 of  1555 ms (  0.0%): <total>
[27.449s][info][gc,stats    ]       0 of  1555 ms (  0.0%): <average total>
[27.449s][info][gc,stats    ] 
[27.449s][info][gc,metaspace] Metaspace: 150274K(151488K)->150592K(151744K) NonClass: 132285K(132928K)->132585K(133184K) Class: 17989K(18560K)->18007K(18560K)
[27.449s][info][gc,ergo     ] Pacer for Idle. Initial: 163M, Alloc Tax Rate: 1.0x
[27.453s][info][gc          ] Trigger: Explicit GC request (System.gc())
[27.453s][info][gc,ergo     ] Free: 7108M, Max: 4096K regular, 5236M humongous, Frag: 27% external, 0% internal; Reserve: 412M, Max: 4096K
[27.453s][info][gc,start    ] GC(10) Concurrent reset
[27.453s][info][gc,task     ] GC(10) Using 1 of 3 workers for concurrent reset
[27.453s][info][gc,ergo     ] GC(10) Pacer for Reset. Non-Taxable: 8192M
[27.459s][info][gc          ] GC(10) Concurrent reset 5.957ms
[27.459s][info][gc,start    ] GC(10) Pause Init Mark (unload classes)
[27.459s][info][gc,task     ] GC(10) Using 3 of 3 workers for init marking
[27.459s][info][gc,ref      ] GC(10) Clearing All SoftReferences
[27.459s][info][gc,ergo     ] GC(10) Pacer for Mark. Expected Live: 134M, Free: 7108M, Non-Taxable: 710M, Alloc Tax Rate: 0.0x
[27.459s][info][gc          ] GC(10) Pause Init Mark (unload classes) 0.126ms
[27.459s][info][gc,start    ] GC(10) Concurrent marking roots
[27.459s][info][gc,task     ] GC(10) Using 1 of 3 workers for concurrent marking roots
[27.467s][info][gc          ] GC(10) Concurrent marking roots 7.873ms
[27.467s][info][gc,start    ] GC(10) Concurrent marking (unload classes)
[27.467s][info][gc,task     ] GC(10) Using 1 of 3 workers for concurrent marking
[27.511s][info][gc          ] GC(10) Concurrent marking (unload classes) 44.221ms
[27.512s][info][gc,start    ] GC(10) Pause Final Mark (unload classes)
[27.512s][info][gc,task     ] GC(10) Using 3 of 3 workers for final marking
[27.512s][info][gc,ergo     ] GC(10) Adaptive CSet Selection. Target Free: 1160M, Actual Free: 7332M, Max CSet: 341M, Min Garbage: 0B
[27.512s][info][gc,ergo     ] GC(10) Collectable Garbage: 556M (99%), Immediate: 0B (0%), CSet: 556M (99%)
[27.512s][info][gc,ergo     ] GC(10) Pacer for Evacuation. Used CSet: 563M, Free: 6920M, Non-Taxable: 692M, Alloc Tax Rate: 1.1x
[27.512s][info][gc          ] GC(10) Pause Final Mark (unload classes) 0.271ms
[27.512s][info][gc,start    ] GC(10) Concurrent thread roots
[27.512s][info][gc,task     ] GC(10) Using 1 of 3 workers for Concurrent thread roots
[27.520s][info][gc          ] GC(10) Concurrent thread roots 7.750ms
[27.520s][info][gc,start    ] GC(10) Concurrent weak references
[27.520s][info][gc,task     ] GC(10) Using 1 of 3 workers for concurrent weak references
[27.520s][info][gc,ref      ] GC(10) Encountered references: Soft: 3582, Weak: 14475, Final: 53, Phantom: 598
[27.520s][info][gc,ref      ] GC(10) Discovered  references: Soft: 1316, Weak: 4153, Final: 0, Phantom: 278
[27.520s][info][gc,ref      ] GC(10) Enqueued    references: Soft: 856, Weak: 112, Final: 0, Phantom: 0
[27.520s][info][gc          ] GC(10) Concurrent weak references 0.698ms
[27.520s][info][gc,start    ] GC(10) Concurrent weak roots
[27.520s][info][gc,task     ] GC(10) Using 1 of 3 workers for concurrent weak root
[27.526s][info][gc          ] GC(10) Concurrent weak roots 5.739ms
[27.526s][info][gc,start    ] GC(10) Concurrent cleanup
[27.526s][info][gc          ] GC(10) Concurrent cleanup 864M->864M(8192M) 0.039ms
[27.526s][info][gc,ergo     ] GC(10) Free: 6916M, Max: 4096K regular, 5236M humongous, Frag: 25% external, 0% internal; Reserve: 410M, Max: 4096K
[27.526s][info][gc,start    ] GC(10) Concurrent class unloading
[27.526s][info][gc,task     ] GC(10) Using 1 of 3 workers for concurrent class unloading
[27.563s][info][gc          ] GC(10) Concurrent class unloading 36.625ms
[27.563s][info][gc,start    ] GC(10) Concurrent strong roots
[27.563s][info][gc,task     ] GC(10) Using 1 of 3 workers for concurrent strong root
[27.564s][info][gc          ] GC(10) Concurrent strong roots 0.938ms
[27.564s][info][gc,start    ] GC(10) Concurrent evacuation
[27.564s][info][gc,task     ] GC(10) Using 1 of 3 workers for concurrent evacuation
[27.568s][info][gc          ] GC(10) Concurrent evacuation 4.398ms
[27.568s][info][gc,start    ] GC(10) Pause Init Update Refs
[27.569s][info][gc,ergo     ] GC(10) Pacer for Update Refs. Used: 871M, Free: 6916M, Non-Taxable: 691M, Alloc Tax Rate: 1.1x
[27.569s][info][gc          ] GC(10) Pause Init Update Refs 0.100ms
[27.569s][info][gc,start    ] GC(10) Concurrent update references
[27.569s][info][gc,task     ] GC(10) Using 1 of 3 workers for concurrent reference update
[27.589s][info][gc          ] GC(10) Concurrent update references 20.806ms
[27.590s][info][gc,start    ] GC(10) Concurrent update thread roots
[27.598s][info][gc          ] GC(10) Concurrent update thread roots 8.066ms
[27.598s][info][gc,start    ] GC(10) Pause Final Update Refs
[27.598s][info][gc,task     ] GC(10) Using 3 of 3 workers for final reference update
[27.598s][info][gc          ] GC(10) Pause Final Update Refs 0.192ms
[27.598s][info][gc,start    ] GC(10) Concurrent cleanup
[27.598s][info][gc          ] GC(10) Concurrent cleanup 871M->307M(8192M) 0.090ms
[27.598s][info][gc,ergo     ] Free: 7472M, Max: 4096K regular, 5244M humongous, Frag: 30% external, 0% internal; Reserve: 412M, Max: 4096K
[27.598s][info][gc,stats    ] 
[27.598s][info][gc,stats    ] All times are wall-clock times, except per-root-class counters, that are sum over
[27.598s][info][gc,stats    ] all workers. Dividing the <total> over the root stage time estimates parallelism.
[27.598s][info][gc,stats    ] 
[27.598s][info][gc,stats    ] Concurrent Reset                   6006 us
[27.598s][info][gc,stats    ] Pause Init Mark (G)                 233 us
[27.598s][info][gc,stats    ] Pause Init Mark (N)                 135 us
[27.598s][info][gc,stats    ]   Update Region States               28 us
[27.598s][info][gc,stats    ] Concurrent Mark Roots              7911 us, parallelism: 0.97x
[27.598s][info][gc,stats    ]   CMR: <total>                     7694 us
[27.598s][info][gc,stats    ]   CMR: Thread Roots                7580 us, workers (us): 7580, ---, ---, 
[27.598s][info][gc,stats    ]   CMR: VM Strong Roots               14 us, workers (us):  14, ---, ---, 
[27.598s][info][gc,stats    ]   CMR: CLDG Roots                   100 us, workers (us): 100, ---, ---, 
[27.598s][info][gc,stats    ] Concurrent Marking                44282 us
[27.598s][info][gc,stats    ] Pause Final Mark (G)                354 us
[27.599s][info][gc,stats    ] Pause Final Mark (N)                286 us
[27.599s][info][gc,stats    ]   Finish Mark                        67 us
[27.599s][info][gc,stats    ]   Update Region States               52 us
[27.599s][info][gc,stats    ]   Choose Collection Set              69 us
[27.599s][info][gc,stats    ]   Rebuild Free Set                    9 us
[27.599s][info][gc,stats    ] Concurrent Thread Roots            7777 us, parallelism: 0.99x
[27.599s][info][gc,stats    ]   CTR: <total>                     7688 us
[27.599s][info][gc,stats    ]   CTR: Thread Roots                7688 us, workers (us): 7688, ---, ---, 
[27.599s][info][gc,stats    ] Concurrent Weak References          713 us, parallelism: 0.82x
[27.599s][info][gc,stats    ]   CWRF: <total>                     583 us
[27.599s][info][gc,stats    ]   CWRF: Weak References             583 us, workers (us): 583, ---, ---, 
[27.599s][info][gc,stats    ] Concurrent Weak Roots              5766 us
[27.599s][info][gc,stats    ]   Roots                            5444 us, parallelism: 0.99x
[27.599s][info][gc,stats    ]     CWR: <total>                   5395 us
[27.599s][info][gc,stats    ]     CWR: Code Cache Roots          4054 us, workers (us): 4054, ---, ---, 
[27.599s][info][gc,stats    ]     CWR: VM Weak Roots             1250 us, workers (us): 1250, ---, ---, 
[27.599s][info][gc,stats    ]     CWR: CLDG Roots                  91 us, workers (us):  91, ---, ---, 
[27.599s][info][gc,stats    ]   Rendezvous                        263 us
[27.599s][info][gc,stats    ] Concurrent Cleanup                   56 us
[27.599s][info][gc,stats    ] Concurrent Class Unloading        36690 us
[27.599s][info][gc,stats    ]   Unlink Stale                    34476 us
[27.599s][info][gc,stats    ]     System Dictionary              1860 us
[27.599s][info][gc,stats    ]     Weak Class Links              14027 us
[27.599s][info][gc,stats    ]     Code Roots                    18587 us
[27.599s][info][gc,stats    ]   Rendezvous                        295 us
[27.599s][info][gc,stats    ]   Purge Unlinked                   1818 us
[27.599s][info][gc,stats    ]     Code Roots                      953 us
[27.599s][info][gc,stats    ]     CLDG                            864 us
[27.599s][info][gc,stats    ]     Exception Caches                  0 us
[27.599s][info][gc,stats    ] Concurrent Strong Roots             992 us, parallelism: 0.80x
[27.599s][info][gc,stats    ]   CSR: <total>                      790 us
[27.599s][info][gc,stats    ]   CSR: VM Strong Roots               21 us, workers (us):  21, ---, ---, 
[27.599s][info][gc,stats    ]   CSR: CLDG Roots                   769 us, workers (us): 769, ---, ---, 
[27.599s][info][gc,stats    ] Concurrent Evacuation              4463 us
[27.599s][info][gc,stats    ] Pause Init Update Refs (G)          310 us
[27.599s][info][gc,stats    ] Pause Init Update Refs (N)          117 us
[27.599s][info][gc,stats    ]   Manage GCLABs                      17 us
[27.599s][info][gc,stats    ] Concurrent Update Refs            20910 us
[27.599s][info][gc,stats    ] Concurrent Update Thread Roots     8124 us
[27.599s][info][gc,stats    ] Pause Final Update Refs (G)         319 us
[27.599s][info][gc,stats    ] Pause Final Update Refs (N)         210 us
[27.599s][info][gc,stats    ]   Update Region States              101 us
[27.599s][info][gc,stats    ]   Trash Collection Set                8 us
[27.599s][info][gc,stats    ]   Rebuild Free Set                   21 us
[27.599s][info][gc,stats    ] Concurrent Cleanup                  117 us
[27.599s][info][gc,stats    ] 
[27.599s][info][gc,stats    ] Allocation pacing accrued:
[27.599s][info][gc,stats    ]       0 of   150 ms (  0.0%): <total>
[27.599s][info][gc,stats    ]       0 of   150 ms (  0.0%): <average total>
[27.599s][info][gc,stats    ] 
[27.599s][info][gc,metaspace] Metaspace: 150594K(151808K)->149574K(151744K) NonClass: 132587K(133248K)->131738K(133184K) Class: 18007K(18560K)->17835K(18560K)
[27.599s][info][gc,ergo     ] Pacer for Idle. Initial: 163M, Alloc Tax Rate: 1.0x
[28.119s][info][gc          ] Trigger: Learning 2 of 5. Free (5696M) is below initial threshold (5734M)
[28.119s][info][gc,ergo     ] Free: 5696M, Max: 4096K regular, 5244M humongous, Frag: 8% external, 0% internal; Reserve: 412M, Max: 4096K
[28.119s][info][gc,start    ] GC(11) Concurrent reset
[28.119s][info][gc,task     ] GC(11) Using 1 of 3 workers for concurrent reset
[28.119s][info][gc,ergo     ] GC(11) Pacer for Reset. Non-Taxable: 8192M
[28.124s][info][gc          ] GC(11) Concurrent reset 5.094ms
[28.124s][info][gc,start    ] GC(11) Pause Init Mark (unload classes)
[28.124s][info][gc,task     ] GC(11) Using 3 of 3 workers for init marking
[28.124s][info][gc,ergo     ] GC(11) Pacer for Mark. Expected Live: 134M, Free: 5676M, Non-Taxable: 567M, Alloc Tax Rate: 0.0x
[28.124s][info][gc          ] GC(11) Pause Init Mark (unload classes) 0.123ms
[28.124s][info][gc,start    ] GC(11) Concurrent marking roots
[28.124s][info][gc,task     ] GC(11) Using 1 of 3 workers for concurrent marking roots
[28.134s][info][gc          ] GC(11) Concurrent marking roots 9.568ms
[28.134s][info][gc,start    ] GC(11) Concurrent marking (unload classes)
[28.134s][info][gc,task     ] GC(11) Using 1 of 3 workers for concurrent marking
[28.186s][info][gc          ] GC(11) Concurrent marking (unload classes) 51.900ms
[28.186s][info][gc,start    ] GC(11) Pause Final Mark (unload classes)
[28.186s][info][gc,task     ] GC(11) Using 3 of 3 workers for final marking
[28.186s][info][gc,ergo     ] GC(11) Adaptive CSet Selection. Target Free: 1160M, Actual Free: 7022M, Max CSet: 341M, Min Garbage: 0B
[28.186s][info][gc,ergo     ] GC(11) Collectable Garbage: 1887M (99%), Immediate: 1046M (55%), CSet: 841M (44%)
[28.186s][info][gc,ergo     ] GC(11) Pacer for Evacuation. Used CSet: 907M, Free: 6640M, Non-Taxable: 664M, Alloc Tax Rate: 1.1x
[28.186s][info][gc          ] GC(11) Pause Final Mark (unload classes) 0.244ms
[28.187s][info][gc,start    ] GC(11) Concurrent thread roots
[28.187s][info][gc,task     ] GC(11) Using 1 of 3 workers for Concurrent thread roots
[28.198s][info][gc          ] GC(11) Concurrent thread roots 10.520ms
[28.198s][info][gc,start    ] GC(11) Concurrent weak references
[28.198s][info][gc,task     ] GC(11) Using 1 of 3 workers for concurrent weak references
[28.199s][info][gc,ref      ] GC(11) Encountered references: Soft: 3700, Weak: 14794, Final: 53, Phantom: 598
[28.199s][info][gc,ref      ] GC(11) Discovered  references: Soft: 0, Weak: 8646, Final: 0, Phantom: 234
[28.199s][info][gc,ref      ] GC(11) Enqueued    references: Soft: 0, Weak: 171, Final: 0, Phantom: 0
[28.199s][info][gc          ] GC(11) Concurrent weak references 1.541ms
[28.199s][info][gc,start    ] GC(11) Concurrent weak roots
[28.199s][info][gc,task     ] GC(11) Using 1 of 3 workers for concurrent weak root
[28.207s][info][gc          ] GC(11) Concurrent weak roots 8.163ms
[28.207s][info][gc,start    ] GC(11) Concurrent cleanup
[28.208s][info][gc          ] GC(11) Concurrent cleanup 2300M->1254M(8192M) 0.065ms
[28.208s][info][gc,ergo     ] GC(11) Free: 6588M, Max: 4096K regular, 5244M humongous, Frag: 21% external, 0% internal; Reserve: 332M, Max: 4096K
[28.208s][info][gc,start    ] GC(11) Concurrent class unloading
[28.208s][info][gc,task     ] GC(11) Using 1 of 3 workers for concurrent class unloading
[28.244s][info][gc          ] GC(11) Concurrent class unloading 36.444ms
[28.244s][info][gc,start    ] GC(11) Concurrent strong roots
[28.244s][info][gc,task     ] GC(11) Using 1 of 3 workers for concurrent strong root
[28.245s][info][gc          ] GC(11) Concurrent strong roots 0.520ms
[28.245s][info][gc,start    ] GC(11) Concurrent evacuation
[28.245s][info][gc,task     ] GC(11) Using 1 of 3 workers for concurrent evacuation
[28.251s][info][gc          ] GC(11) Concurrent evacuation 6.329ms
[28.251s][info][gc,start    ] GC(11) Pause Init Update Refs
[28.251s][info][gc,ergo     ] GC(11) Pacer for Update Refs. Used: 1305M, Free: 6540M, Non-Taxable: 654M, Alloc Tax Rate: 1.1x
[28.251s][info][gc          ] GC(11) Pause Init Update Refs 0.103ms
[28.251s][info][gc,start    ] GC(11) Concurrent update references
[28.251s][info][gc,task     ] GC(11) Using 1 of 3 workers for concurrent reference update
[28.279s][info][gc          ] GC(11) Concurrent update references 27.563ms
[28.279s][info][gc,start    ] GC(11) Concurrent update thread roots
[28.290s][info][gc          ] GC(11) Concurrent update thread roots 11.395ms
[28.290s][info][gc,start    ] GC(11) Pause Final Update Refs
[28.290s][info][gc,task     ] GC(11) Using 3 of 3 workers for final reference update
[28.290s][info][gc          ] GC(11) Pause Final Update Refs 0.107ms
[28.291s][info][gc,start    ] GC(11) Concurrent cleanup
[28.291s][info][gc          ] GC(11) Concurrent cleanup 1349M->442M(8192M) 0.036ms
[28.291s][info][gc,ergo     ] Free: 7313M, Max: 4096K regular, 5156M humongous, Frag: 30% external, 0% internal; Reserve: 412M, Max: 4096K
[28.291s][info][gc,stats    ] 
[28.291s][info][gc,stats    ] All times are wall-clock times, except per-root-class counters, that are sum over
[28.291s][info][gc,stats    ] all workers. Dividing the <total> over the root stage time estimates parallelism.
[28.291s][info][gc,stats    ] 
[28.291s][info][gc,stats    ] Concurrent Reset                   5164 us
[28.291s][info][gc,stats    ] Pause Init Mark (G)                 389 us
[28.291s][info][gc,stats    ] Pause Init Mark (N)                 133 us
[28.291s][info][gc,stats    ]   Update Region States               38 us
[28.291s][info][gc,stats    ] Concurrent Mark Roots              9616 us, parallelism: 0.97x
[28.291s][info][gc,stats    ]   CMR: <total>                     9375 us
[28.291s][info][gc,stats    ]   CMR: Thread Roots                9212 us, workers (us): 9212, ---, ---, 
[28.291s][info][gc,stats    ]   CMR: VM Strong Roots               15 us, workers (us):  15, ---, ---, 
[28.291s][info][gc,stats    ]   CMR: CLDG Roots                   148 us, workers (us): 148, ---, ---, 
[28.291s][info][gc,stats    ] Concurrent Marking                51953 us
[28.291s][info][gc,stats    ] Pause Final Mark (G)               1184 us
[28.291s][info][gc,stats    ] Pause Final Mark (N)                252 us
[28.291s][info][gc,stats    ]   Finish Mark                        65 us
[28.291s][info][gc,stats    ]   Update Region States               31 us
[28.291s][info][gc,stats    ]   Choose Collection Set              72 us
[28.291s][info][gc,stats    ]   Rebuild Free Set                    9 us
[28.291s][info][gc,stats    ] Concurrent Thread Roots           10619 us, parallelism: 0.98x
[28.291s][info][gc,stats    ]   CTR: <total>                    10396 us
[28.291s][info][gc,stats    ]   CTR: Thread Roots               10396 us, workers (us): 10396, ---, ---, 
[28.291s][info][gc,stats    ] Concurrent Weak References         1555 us, parallelism: 0.88x
[28.291s][info][gc,stats    ]   CWRF: <total>                    1376 us
[28.291s][info][gc,stats    ]   CWRF: Weak References            1376 us, workers (us): 1376, ---, ---, 
[28.291s][info][gc,stats    ] Concurrent Weak Roots              8207 us
[28.291s][info][gc,stats    ]   Roots                            7856 us, parallelism: 0.99x
[28.291s][info][gc,stats    ]     CWR: <total>                   7804 us
[28.291s][info][gc,stats    ]     CWR: Code Cache Roots          6005 us, workers (us): 6005, ---, ---, 
[28.291s][info][gc,stats    ]     CWR: VM Weak Roots             1621 us, workers (us): 1621, ---, ---, 
[28.291s][info][gc,stats    ]     CWR: CLDG Roots                 177 us, workers (us): 177, ---, ---, 
[28.291s][info][gc,stats    ]   Rendezvous                        282 us
[28.291s][info][gc,stats    ] Concurrent Cleanup                   74 us
[28.291s][info][gc,stats    ] Concurrent Class Unloading        36491 us
[28.291s][info][gc,stats    ]   Unlink Stale                    35438 us
[28.291s][info][gc,stats    ]     System Dictionary               645 us
[28.291s][info][gc,stats    ]     Weak Class Links              16535 us
[28.291s][info][gc,stats    ]     Code Roots                    18257 us
[28.291s][info][gc,stats    ]   Rendezvous                        171 us
[28.291s][info][gc,stats    ]   Purge Unlinked                    813 us
[28.291s][info][gc,stats    ]     Code Roots                      739 us
[28.291s][info][gc,stats    ]     CLDG                             74 us
[28.291s][info][gc,stats    ]     Exception Caches                  0 us
[28.291s][info][gc,stats    ] Concurrent Strong Roots             530 us, parallelism: 0.77x
[28.291s][info][gc,stats    ]   CSR: <total>                      409 us
[28.291s][info][gc,stats    ]   CSR: VM Strong Roots               14 us, workers (us):  14, ---, ---, 
[28.291s][info][gc,stats    ]   CSR: CLDG Roots                   395 us, workers (us): 395, ---, ---, 
[28.291s][info][gc,stats    ] Concurrent Evacuation              6400 us
[28.291s][info][gc,stats    ] Pause Init Update Refs (G)          227 us
[28.291s][info][gc,stats    ] Pause Init Update Refs (N)          120 us
[28.291s][info][gc,stats    ]   Manage GCLABs                      19 us
[28.291s][info][gc,stats    ] Concurrent Update Refs            27622 us
[28.291s][info][gc,stats    ] Concurrent Update Thread Roots    11456 us
[28.291s][info][gc,stats    ] Pause Final Update Refs (G)         206 us
[28.291s][info][gc,stats    ] Pause Final Update Refs (N)         118 us
[28.291s][info][gc,stats    ]   Update Region States               37 us
[28.291s][info][gc,stats    ]   Trash Collection Set                5 us
[28.291s][info][gc,stats    ]   Rebuild Free Set                   15 us
[28.291s][info][gc,stats    ] Concurrent Cleanup                   45 us
[28.291s][info][gc,stats    ] 
[28.291s][info][gc,stats    ] Allocation pacing accrued:
[28.291s][info][gc,stats    ]       0 of   692 ms (  0.0%): <total>
[28.291s][info][gc,stats    ]       0 of   692 ms (  0.0%): <average total>
[28.291s][info][gc,stats    ] 
[28.291s][info][gc,metaspace] Metaspace: 150635K(151808K)->150703K(151936K) NonClass: 132653K(133248K)->132721K(133376K) Class: 17982K(18560K)->17982K(18560K)
[28.291s][info][gc,ergo     ] Pacer for Idle. Initial: 163M, Alloc Tax Rate: 1.0x
[29.580s][info][gc          ] Trigger: Explicit GC request (System.gc())
[29.580s][info][gc,ergo     ] Free: 6013M, Max: 4096K regular, 5156M humongous, Frag: 15% external, 0% internal; Reserve: 412M, Max: 4096K
[29.580s][info][gc,start    ] GC(12) Concurrent reset
[29.581s][info][gc,task     ] GC(12) Using 1 of 3 workers for concurrent reset
[29.581s][info][gc,ergo     ] GC(12) Pacer for Reset. Non-Taxable: 8192M
[29.585s][info][gc          ] GC(12) Concurrent reset 4.371ms
[29.585s][info][gc,start    ] GC(12) Pause Init Mark (unload classes)
[29.585s][info][gc,task     ] GC(12) Using 3 of 3 workers for init marking
[29.585s][info][gc,ref      ] GC(12) Clearing All SoftReferences
[29.585s][info][gc,ergo     ] GC(12) Pacer for Mark. Expected Live: 134M, Free: 6013M, Non-Taxable: 601M, Alloc Tax Rate: 0.0x
[29.585s][info][gc          ] GC(12) Pause Init Mark (unload classes) 0.153ms
[29.585s][info][gc,start    ] GC(12) Concurrent marking roots
[29.585s][info][gc,task     ] GC(12) Using 1 of 3 workers for concurrent marking roots
[29.595s][info][gc          ] GC(12) Concurrent marking roots 9.298ms
[29.595s][info][gc,start    ] GC(12) Concurrent marking (unload classes)
[29.595s][info][gc,task     ] GC(12) Using 1 of 3 workers for concurrent marking
[29.641s][info][gc          ] GC(12) Concurrent marking (unload classes) 46.031ms
[29.641s][info][gc,start    ] GC(12) Pause Final Mark (unload classes)
[29.641s][info][gc,task     ] GC(12) Using 3 of 3 workers for final marking
[29.641s][info][gc,ergo     ] GC(12) Adaptive CSet Selection. Target Free: 1160M, Actual Free: 6797M, Max CSet: 341M, Min Garbage: 0B
[29.641s][info][gc,ergo     ] GC(12) Collectable Garbage: 1376M (99%), Immediate: 373M (27%), CSet: 1002M (72%)
[29.641s][info][gc,ergo     ] GC(12) Pacer for Evacuation. Used CSet: 1007M, Free: 6648M, Non-Taxable: 664M, Alloc Tax Rate: 1.1x
[29.641s][info][gc          ] GC(12) Pause Final Mark (unload classes) 0.551ms
[29.642s][info][gc,start    ] GC(12) Concurrent thread roots
[29.642s][info][gc,task     ] GC(12) Using 1 of 3 workers for Concurrent thread roots
[29.649s][info][gc          ] GC(12) Concurrent thread roots 7.602ms
[29.649s][info][gc,start    ] GC(12) Concurrent weak references
[29.649s][info][gc,task     ] GC(12) Using 1 of 3 workers for concurrent weak references
[29.650s][info][gc,ref      ] GC(12) Encountered references: Soft: 3575, Weak: 17827, Final: 53, Phantom: 598
[29.650s][info][gc,ref      ] GC(12) Discovered  references: Soft: 1309, Weak: 6865, Final: 0, Phantom: 278
[29.650s][info][gc,ref      ] GC(12) Enqueued    references: Soft: 849, Weak: 3400, Final: 0, Phantom: 0
[29.650s][info][gc          ] GC(12) Concurrent weak references 0.810ms
[29.650s][info][gc,start    ] GC(12) Concurrent weak roots
[29.650s][info][gc,task     ] GC(12) Using 1 of 3 workers for concurrent weak root
[29.656s][info][gc          ] GC(12) Concurrent weak roots 5.506ms
[29.656s][info][gc,start    ] GC(12) Concurrent cleanup
[29.656s][info][gc          ] GC(12) Concurrent cleanup 1613M->1243M(8192M) 0.035ms
[29.656s][info][gc,ergo     ] GC(12) Free: 6528M, Max: 4096K regular, 5204M humongous, Frag: 21% external, 0% internal; Reserve: 411M, Max: 4096K
[29.656s][info][gc,start    ] GC(12) Concurrent class unloading
[29.656s][info][gc,task     ] GC(12) Using 1 of 3 workers for concurrent class unloading
[29.697s][info][gc          ] GC(12) Concurrent class unloading 41.784ms
[29.697s][info][gc,start    ] GC(12) Concurrent strong roots
[29.697s][info][gc,task     ] GC(12) Using 1 of 3 workers for concurrent strong root
[29.698s][info][gc          ] GC(12) Concurrent strong roots 0.395ms
[29.698s][info][gc,start    ] GC(12) Concurrent evacuation
[29.698s][info][gc,task     ] GC(12) Using 1 of 3 workers for concurrent evacuation
[29.703s][info][gc          ] GC(12) Concurrent evacuation 5.452ms
[29.703s][info][gc,start    ] GC(12) Pause Init Update Refs
[29.704s][info][gc,ergo     ] GC(12) Pacer for Update Refs. Used: 1642M, Free: 6136M, Non-Taxable: 613M, Alloc Tax Rate: 1.1x
[29.704s][info][gc          ] GC(12) Pause Init Update Refs 0.074ms
[29.704s][info][gc,start    ] GC(12) Concurrent update references
[29.704s][info][gc,task     ] GC(12) Using 1 of 3 workers for concurrent reference update
[29.723s][info][gc          ] GC(12) Concurrent update references 19.203ms
[29.723s][info][gc,start    ] GC(12) Concurrent update thread roots
[29.730s][info][gc          ] GC(12) Concurrent update thread roots 6.918ms
[29.730s][info][gc,start    ] GC(12) Pause Final Update Refs
[29.730s][info][gc,task     ] GC(12) Using 3 of 3 workers for final reference update
[29.730s][info][gc          ] GC(12) Pause Final Update Refs 0.212ms
[29.730s][info][gc,start    ] GC(12) Concurrent cleanup
[29.730s][info][gc          ] GC(12) Concurrent cleanup 1642M->634M(8192M) 0.107ms
[29.730s][info][gc,ergo     ] Free: 7145M, Max: 4096K regular, 5232M humongous, Frag: 27% external, 0% internal; Reserve: 412M, Max: 4096K
[29.730s][info][gc,stats    ] 
[29.730s][info][gc,stats    ] All times are wall-clock times, except per-root-class counters, that are sum over
[29.730s][info][gc,stats    ] all workers. Dividing the <total> over the root stage time estimates parallelism.
[29.731s][info][gc,stats    ] 
[29.731s][info][gc,stats    ] Concurrent Reset                   4436 us
[29.731s][info][gc,stats    ] Pause Init Mark (G)                 427 us
[29.731s][info][gc,stats    ] Pause Init Mark (N)                 162 us
[29.731s][info][gc,stats    ]   Update Region States               54 us
[29.731s][info][gc,stats    ] Concurrent Mark Roots              9359 us, parallelism: 0.97x
[29.731s][info][gc,stats    ]   CMR: <total>                     9043 us
[29.731s][info][gc,stats    ]   CMR: Thread Roots                8884 us, workers (us): 8884, ---, ---, 
[29.731s][info][gc,stats    ]   CMR: VM Strong Roots               21 us, workers (us):  21, ---, ---, 
[29.731s][info][gc,stats    ]   CMR: CLDG Roots                   138 us, workers (us): 138, ---, ---, 
[29.731s][info][gc,stats    ] Concurrent Marking                46098 us
[29.731s][info][gc,stats    ] Pause Final Mark (G)                726 us
[29.731s][info][gc,stats    ] Pause Final Mark (N)                573 us
[29.731s][info][gc,stats    ]   Finish Mark                        96 us
[29.731s][info][gc,stats    ]   Update Region States              101 us
[29.731s][info][gc,stats    ]   Choose Collection Set             190 us
[29.731s][info][gc,stats    ]   Rebuild Free Set                   25 us
[29.731s][info][gc,stats    ] Concurrent Thread Roots            7655 us, parallelism: 0.96x
[29.731s][info][gc,stats    ]   CTR: <total>                     7332 us
[29.731s][info][gc,stats    ]   CTR: Thread Roots                7332 us, workers (us): 7332, ---, ---, 
[29.731s][info][gc,stats    ] Concurrent Weak References          818 us, parallelism: 0.85x
[29.731s][info][gc,stats    ]   CWRF: <total>                     694 us
[29.731s][info][gc,stats    ]   CWRF: Weak References             694 us, workers (us): 694, ---, ---, 
[29.731s][info][gc,stats    ] Concurrent Weak Roots              5550 us
[29.731s][info][gc,stats    ]   Roots                            5316 us, parallelism: 0.99x
[29.731s][info][gc,stats    ]     CWR: <total>                   5242 us
[29.731s][info][gc,stats    ]     CWR: Code Cache Roots          4317 us, workers (us): 4317, ---, ---, 
[29.731s][info][gc,stats    ]     CWR: VM Weak Roots              840 us, workers (us): 840, ---, ---, 
[29.731s][info][gc,stats    ]     CWR: CLDG Roots                  85 us, workers (us):  85, ---, ---, 
[29.731s][info][gc,stats    ]   Rendezvous                        172 us
[29.731s][info][gc,stats    ] Concurrent Cleanup                   44 us
[29.731s][info][gc,stats    ] Concurrent Class Unloading        41830 us
[29.731s][info][gc,stats    ]   Unlink Stale                    39187 us
[29.731s][info][gc,stats    ]     System Dictionary              1838 us
[29.731s][info][gc,stats    ]     Weak Class Links              15917 us
[29.731s][info][gc,stats    ]     Code Roots                    21430 us
[29.731s][info][gc,stats    ]   Rendezvous                        187 us
[29.731s][info][gc,stats    ]   Purge Unlinked                   2390 us
[29.731s][info][gc,stats    ]     Code Roots                     1337 us
[29.731s][info][gc,stats    ]     CLDG                           1052 us
[29.731s][info][gc,stats    ]     Exception Caches                  0 us
[29.731s][info][gc,stats    ] Concurrent Strong Roots             428 us, parallelism: 0.63x
[29.731s][info][gc,stats    ]   CSR: <total>                      271 us
[29.731s][info][gc,stats    ]   CSR: VM Strong Roots                9 us, workers (us):   9, ---, ---, 
[29.731s][info][gc,stats    ]   CSR: CLDG Roots                   262 us, workers (us): 262, ---, ---, 
[29.731s][info][gc,stats    ] Concurrent Evacuation              5503 us
[29.731s][info][gc,stats    ] Pause Init Update Refs (G)          203 us
[29.731s][info][gc,stats    ] Pause Init Update Refs (N)           82 us
[29.731s][info][gc,stats    ]   Manage GCLABs                      21 us
[29.731s][info][gc,stats    ] Concurrent Update Refs            19268 us
[29.731s][info][gc,stats    ] Concurrent Update Thread Roots     6970 us
[29.731s][info][gc,stats    ] Pause Final Update Refs (G)         370 us
[29.731s][info][gc,stats    ] Pause Final Update Refs (N)         234 us
[29.731s][info][gc,stats    ]   Update Region States               82 us
[29.731s][info][gc,stats    ]   Trash Collection Set               15 us
[29.731s][info][gc,stats    ]   Rebuild Free Set                   30 us
[29.731s][info][gc,stats    ] Concurrent Cleanup                  134 us
[29.731s][info][gc,stats    ] 
[29.731s][info][gc,stats    ] Allocation pacing accrued:
[29.731s][info][gc,stats    ]       0 of  1440 ms (  0.0%): <total>
[29.731s][info][gc,stats    ]       0 of  1440 ms (  0.0%): <average total>
[29.731s][info][gc,stats    ] 
[29.731s][info][gc,metaspace] Metaspace: 151370K(152576K)->150355K(152576K) NonClass: 133360K(134016K)->132516K(134016K) Class: 18009K(18560K)->17838K(18560K)
[29.731s][info][gc,ergo     ] Pacer for Idle. Initial: 163M, Alloc Tax Rate: 1.0x
[30.192s][info][gc          ] Trigger: Learning 2 of 5. Free (5733M) is below initial threshold (5734M)
[30.193s][info][gc,ergo     ] Free: 5733M, Max: 4096K regular, 5232M humongous, Frag: 9% external, 0% internal; Reserve: 412M, Max: 4096K
[30.193s][info][gc,start    ] GC(13) Concurrent reset
[30.193s][info][gc,task     ] GC(13) Using 1 of 3 workers for concurrent reset
[30.193s][info][gc,ergo     ] GC(13) Pacer for Reset. Non-Taxable: 8192M
[30.203s][info][gc          ] GC(13) Concurrent reset 10.734ms
[30.204s][info][gc,start    ] GC(13) Pause Init Mark (unload classes)
[30.204s][info][gc,task     ] GC(13) Using 3 of 3 workers for init marking
[30.204s][info][gc,ergo     ] GC(13) Pacer for Mark. Expected Live: 134M, Free: 5673M, Non-Taxable: 567M, Alloc Tax Rate: 0.0x
[30.204s][info][gc          ] GC(13) Pause Init Mark (unload classes) 0.223ms
[30.208s][info][gc,start    ] GC(13) Concurrent marking roots
[30.208s][info][gc,task     ] GC(13) Using 1 of 3 workers for concurrent marking roots
[30.219s][info][gc          ] GC(13) Concurrent marking roots 10.719ms
[30.219s][info][gc,start    ] GC(13) Concurrent marking (unload classes)
[30.219s][info][gc,task     ] GC(13) Using 1 of 3 workers for concurrent marking
[30.295s][info][gc          ] GC(13) Concurrent marking (unload classes) 76.215ms
[30.295s][info][gc,start    ] GC(13) Pause Final Mark (unload classes)
[30.295s][info][gc,task     ] GC(13) Using 3 of 3 workers for final marking
[30.296s][info][gc,ergo     ] GC(13) Adaptive CSet Selection. Target Free: 1160M, Actual Free: 6572M, Max CSet: 341M, Min Garbage: 0B
[30.296s][info][gc,ergo     ] GC(13) Collectable Garbage: 1907M (99%), Immediate: 876M (45%), CSet: 1030M (53%)
[30.296s][info][gc,ergo     ] GC(13) Pacer for Evacuation. Used CSet: 1082M, Free: 6194M, Non-Taxable: 619M, Alloc Tax Rate: 1.1x
[30.296s][info][gc          ] GC(13) Pause Final Mark (unload classes) 0.240ms
[30.296s][info][gc,start    ] GC(13) Concurrent thread roots
[30.296s][info][gc,task     ] GC(13) Using 1 of 3 workers for Concurrent thread roots
[30.304s][info][gc          ] GC(13) Concurrent thread roots 8.294ms
[30.304s][info][gc,start    ] GC(13) Concurrent weak references
[30.304s][info][gc,task     ] GC(13) Using 1 of 3 workers for concurrent weak references
[30.304s][info][gc,ref      ] GC(13) Encountered references: Soft: 3702, Weak: 14868, Final: 53, Phantom: 598
[30.304s][info][gc,ref      ] GC(13) Discovered  references: Soft: 0, Weak: 3708, Final: 0, Phantom: 278
[30.304s][info][gc,ref      ] GC(13) Enqueued    references: Soft: 0, Weak: 221, Final: 0, Phantom: 0
[30.304s][info][gc          ] GC(13) Concurrent weak references 0.290ms
[30.304s][info][gc,start    ] GC(13) Concurrent weak roots
[30.304s][info][gc,task     ] GC(13) Using 1 of 3 workers for concurrent weak root
[30.310s][info][gc          ] GC(13) Concurrent weak roots 5.601ms
[30.310s][info][gc,start    ] GC(13) Concurrent cleanup
[30.310s][info][gc          ] GC(13) Concurrent cleanup 2537M->1661M(8192M) 0.041ms
[30.310s][info][gc,ergo     ] GC(13) Free: 6104M, Max: 4096K regular, 5196M humongous, Frag: 15% external, 0% internal; Reserve: 411M, Max: 4096K
[30.310s][info][gc,start    ] GC(13) Concurrent class unloading
[30.310s][info][gc,task     ] GC(13) Using 1 of 3 workers for concurrent class unloading
[30.359s][info][gc          ] GC(13) Concurrent class unloading 49.080ms
[30.359s][info][gc,start    ] GC(13) Concurrent strong roots
[30.359s][info][gc,task     ] GC(13) Using 1 of 3 workers for concurrent strong root
[30.360s][info][gc          ] GC(13) Concurrent strong roots 0.579ms
[30.360s][info][gc,start    ] GC(13) Concurrent evacuation
[30.360s][info][gc,task     ] GC(13) Using 1 of 3 workers for concurrent evacuation
[30.368s][info][gc          ] GC(13) Concurrent evacuation 8.144ms
[30.368s][info][gc,start    ] GC(13) Pause Init Update Refs
[30.368s][info][gc,ergo     ] GC(13) Pacer for Update Refs. Used: 1767M, Free: 6051M, Non-Taxable: 605M, Alloc Tax Rate: 1.1x
[30.368s][info][gc          ] GC(13) Pause Init Update Refs 0.108ms
[30.368s][info][gc,start    ] GC(13) Concurrent update references
[30.368s][info][gc,task     ] GC(13) Using 1 of 3 workers for concurrent reference update
[30.458s][info][gc          ] GC(13) Concurrent update references 89.426ms
[30.458s][info][gc,start    ] GC(13) Concurrent update thread roots
[30.465s][info][gc          ] GC(13) Concurrent update thread roots 7.399ms
[30.465s][info][gc,start    ] GC(13) Pause Final Update Refs
[30.465s][info][gc,task     ] GC(13) Using 3 of 3 workers for final reference update
[30.465s][info][gc          ] GC(13) Pause Final Update Refs 0.120ms
[30.465s][info][gc,start    ] GC(13) Concurrent cleanup
[30.466s][info][gc          ] GC(13) Concurrent cleanup 1840M->758M(8192M) 0.045ms
[30.466s][info][gc,ergo     ] Free: 6989M, Max: 4096K regular, 5140M humongous, Frag: 27% external, 0% internal; Reserve: 412M, Max: 4096K
[30.466s][info][gc,stats    ] 
[30.466s][info][gc,stats    ] All times are wall-clock times, except per-root-class counters, that are sum over
[30.466s][info][gc,stats    ] all workers. Dividing the <total> over the root stage time estimates parallelism.
[30.466s][info][gc,stats    ] 
[30.466s][info][gc,stats    ] Concurrent Reset                  10837 us
[30.466s][info][gc,stats    ] Pause Init Mark (G)                4931 us
[30.466s][info][gc,stats    ] Pause Init Mark (N)                 232 us
[30.466s][info][gc,stats    ]   Update Region States               63 us
[30.466s][info][gc,stats    ] Concurrent Mark Roots             10824 us, parallelism: 0.95x
[30.466s][info][gc,stats    ]   CMR: <total>                    10262 us
[30.466s][info][gc,stats    ]   CMR: Thread Roots               10077 us, workers (us): 10077, ---, ---, 
[30.466s][info][gc,stats    ]   CMR: VM Strong Roots               25 us, workers (us):  25, ---, ---, 
[30.466s][info][gc,stats    ]   CMR: CLDG Roots                   159 us, workers (us): 159, ---, ---, 
[30.466s][info][gc,stats    ] Concurrent Marking                76270 us
[30.466s][info][gc,stats    ] Pause Final Mark (G)                318 us
[30.466s][info][gc,stats    ] Pause Final Mark (N)                248 us
[30.466s][info][gc,stats    ]   Finish Mark                        56 us
[30.466s][info][gc,stats    ]   Update Region States               41 us
[30.466s][info][gc,stats    ]   Choose Collection Set              63 us
[30.466s][info][gc,stats    ]   Rebuild Free Set                    9 us
[30.466s][info][gc,stats    ] Concurrent Thread Roots            8340 us, parallelism: 0.98x
[30.466s][info][gc,stats    ]   CTR: <total>                     8208 us
[30.466s][info][gc,stats    ]   CTR: Thread Roots                8208 us, workers (us): 8208, ---, ---, 
[30.466s][info][gc,stats    ] Concurrent Weak References          297 us, parallelism: 0.76x
[30.466s][info][gc,stats    ]   CWRF: <total>                     225 us
[30.466s][info][gc,stats    ]   CWRF: Weak References             225 us, workers (us): 225, ---, ---, 
[30.466s][info][gc,stats    ] Concurrent Weak Roots              5654 us
[30.466s][info][gc,stats    ]   Roots                            5416 us, parallelism: 0.99x
[30.466s][info][gc,stats    ]     CWR: <total>                   5373 us
[30.466s][info][gc,stats    ]     CWR: Code Cache Roots          4034 us, workers (us): 4034, ---, ---, 
[30.466s][info][gc,stats    ]     CWR: VM Weak Roots             1244 us, workers (us): 1244, ---, ---, 
[30.466s][info][gc,stats    ]     CWR: CLDG Roots                  96 us, workers (us):  96, ---, ---, 
[30.466s][info][gc,stats    ]   Rendezvous                        166 us
[30.466s][info][gc,stats    ] Concurrent Cleanup                   50 us
[30.466s][info][gc,stats    ] Concurrent Class Unloading        49146 us
[30.466s][info][gc,stats    ]   Unlink Stale                    47853 us
[30.466s][info][gc,stats    ]     System Dictionary               428 us
[30.466s][info][gc,stats    ]     Weak Class Links              22556 us
[30.466s][info][gc,stats    ]     Code Roots                    24867 us
[30.466s][info][gc,stats    ]   Rendezvous                        192 us
[30.466s][info][gc,stats    ]   Purge Unlinked                   1014 us
[30.466s][info][gc,stats    ]     Code Roots                      917 us
[30.466s][info][gc,stats    ]     CLDG                             96 us
[30.466s][info][gc,stats    ]     Exception Caches                  0 us
[30.466s][info][gc,stats    ] Concurrent Strong Roots             608 us, parallelism: 0.70x
[30.466s][info][gc,stats    ]   CSR: <total>                      423 us
[30.466s][info][gc,stats    ]   CSR: VM Strong Roots               14 us, workers (us):  14, ---, ---, 
[30.466s][info][gc,stats    ]   CSR: CLDG Roots                   410 us, workers (us): 410, ---, ---, 
[30.466s][info][gc,stats    ] Concurrent Evacuation              8199 us
[30.466s][info][gc,stats    ] Pause Init Update Refs (G)          259 us
[30.466s][info][gc,stats    ] Pause Init Update Refs (N)          125 us
[30.466s][info][gc,stats    ]   Manage GCLABs                      28 us
[30.466s][info][gc,stats    ] Concurrent Update Refs            89493 us
[30.466s][info][gc,stats    ] Concurrent Update Thread Roots     7448 us
[30.466s][info][gc,stats    ] Pause Final Update Refs (G)         222 us
[30.466s][info][gc,stats    ] Pause Final Update Refs (N)         131 us
[30.466s][info][gc,stats    ]   Update Region States               38 us
[30.466s][info][gc,stats    ]   Trash Collection Set                8 us
[30.466s][info][gc,stats    ]   Rebuild Free Set                   18 us
[30.466s][info][gc,stats    ] Concurrent Cleanup                   55 us
[30.466s][info][gc,stats    ] 
[30.466s][info][gc,stats    ] Allocation pacing accrued:
[30.466s][info][gc,stats    ]       0 of   735 ms (  0.0%): <total>
[30.466s][info][gc,stats    ]       0 of   735 ms (  0.0%): <average total>
[30.466s][info][gc,stats    ] 
[30.466s][info][gc,metaspace] Metaspace: 151344K(152576K)->151362K(152576K) NonClass: 133359K(134016K)->133378K(134016K) Class: 17985K(18560K)->17984K(18560K)
[30.466s][info][gc,ergo     ] Pacer for Idle. Initial: 163M, Alloc Tax Rate: 1.0x
[31.654s][info][gc          ] Trigger: Explicit GC request (System.gc())
[31.654s][info][gc,ergo     ] Free: 5772M, Max: 4096K regular, 5140M humongous, Frag: 11% external, 1% internal; Reserve: 412M, Max: 4096K
[31.654s][info][gc,start    ] GC(14) Concurrent reset
[31.654s][info][gc,task     ] GC(14) Using 1 of 3 workers for concurrent reset
[31.654s][info][gc,ergo     ] GC(14) Pacer for Reset. Non-Taxable: 8192M
[31.658s][info][gc          ] GC(14) Concurrent reset 4.220ms
[31.658s][info][gc,start    ] GC(14) Pause Init Mark (unload classes)
[31.659s][info][gc,task     ] GC(14) Using 3 of 3 workers for init marking
[31.659s][info][gc,ref      ] GC(14) Clearing All SoftReferences
[31.659s][info][gc,ergo     ] GC(14) Pacer for Mark. Expected Live: 135M, Free: 5772M, Non-Taxable: 577M, Alloc Tax Rate: 0.0x
[31.659s][info][gc          ] GC(14) Pause Init Mark (unload classes) 0.150ms
[31.659s][info][gc,start    ] GC(14) Concurrent marking roots
[31.659s][info][gc,task     ] GC(14) Using 1 of 3 workers for concurrent marking roots
[31.667s][info][gc          ] GC(14) Concurrent marking roots 8.660ms
[31.667s][info][gc,start    ] GC(14) Concurrent marking (unload classes)
[31.667s][info][gc,task     ] GC(14) Using 1 of 3 workers for concurrent marking
[31.714s][info][gc          ] GC(14) Concurrent marking (unload classes) 47.023ms
[31.715s][info][gc,start    ] GC(14) Pause Final Mark (unload classes)
[31.715s][info][gc,task     ] GC(14) Using 3 of 3 workers for final marking
[31.715s][info][gc,ergo     ] GC(14) Adaptive CSet Selection. Target Free: 1160M, Actual Free: 6855M, Max CSet: 341M, Min Garbage: 0B
[31.715s][info][gc,ergo     ] GC(14) Collectable Garbage: 1610M (99%), Immediate: 679M (42%), CSet: 931M (57%)
[31.715s][info][gc,ergo     ] GC(14) Pacer for Evacuation. Used CSet: 939M, Free: 6719M, Non-Taxable: 671M, Alloc Tax Rate: 1.1x
[31.715s][info][gc          ] GC(14) Pause Final Mark (unload classes) 0.657ms
[31.715s][info][gc,start    ] GC(14) Concurrent thread roots
[31.715s][info][gc,task     ] GC(14) Using 1 of 3 workers for Concurrent thread roots
[31.723s][info][gc          ] GC(14) Concurrent thread roots 7.727ms
[31.723s][info][gc,start    ] GC(14) Concurrent weak references
[31.723s][info][gc,task     ] GC(14) Using 1 of 3 workers for concurrent weak references
[31.724s][info][gc,ref      ] GC(14) Encountered references: Soft: 3574, Weak: 17854, Final: 53, Phantom: 598
[31.724s][info][gc,ref      ] GC(14) Discovered  references: Soft: 1308, Weak: 6863, Final: 0, Phantom: 278
[31.724s][info][gc,ref      ] GC(14) Enqueued    references: Soft: 848, Weak: 3397, Final: 0, Phantom: 0
[31.724s][info][gc          ] GC(14) Concurrent weak references 0.750ms
[31.724s][info][gc,start    ] GC(14) Concurrent weak roots
[31.724s][info][gc,task     ] GC(14) Using 1 of 3 workers for concurrent weak root
[31.730s][info][gc          ] GC(14) Concurrent weak roots 6.419ms
[31.730s][info][gc,start    ] GC(14) Concurrent cleanup
[31.730s][info][gc          ] GC(14) Concurrent cleanup 1877M->1201M(8192M) 0.037ms
[31.730s][info][gc,ergo     ] GC(14) Free: 6571M, Max: 4096K regular, 5180M humongous, Frag: 22% external, 0% internal; Reserve: 411M, Max: 4096K
[31.730s][info][gc,start    ] GC(14) Concurrent class unloading
[31.730s][info][gc,task     ] GC(14) Using 1 of 3 workers for concurrent class unloading
[31.773s][info][gc          ] GC(14) Concurrent class unloading 42.749ms
[31.773s][info][gc,start    ] GC(14) Concurrent strong roots
[31.773s][info][gc,task     ] GC(14) Using 1 of 3 workers for concurrent strong root
[31.774s][info][gc          ] GC(14) Concurrent strong roots 0.440ms
[31.774s][info][gc,start    ] GC(14) Concurrent evacuation
[31.774s][info][gc,task     ] GC(14) Using 1 of 3 workers for concurrent evacuation
[31.781s][info][gc          ] GC(14) Concurrent evacuation 7.466ms
[31.781s][info][gc,start    ] GC(14) Pause Init Update Refs
[31.781s][info][gc,ergo     ] GC(14) Pacer for Update Refs. Used: 1596M, Free: 6187M, Non-Taxable: 618M, Alloc Tax Rate: 1.1x
[31.781s][info][gc          ] GC(14) Pause Init Update Refs 0.081ms
[31.781s][info][gc,start    ] GC(14) Concurrent update references
[31.781s][info][gc,task     ] GC(14) Using 1 of 3 workers for concurrent reference update
[31.801s][info][gc          ] GC(14) Concurrent update references 20.021ms
[31.802s][info][gc,start    ] GC(14) Concurrent update thread roots
[31.810s][info][gc          ] GC(14) Concurrent update thread roots 8.101ms
[31.810s][info][gc,start    ] GC(14) Pause Final Update Refs
[31.810s][info][gc,task     ] GC(14) Using 3 of 3 workers for final reference update
[31.810s][info][gc          ] GC(14) Pause Final Update Refs 0.163ms
[31.810s][info][gc,start    ] GC(14) Concurrent cleanup
[31.810s][info][gc          ] GC(14) Concurrent cleanup 1596M->656M(8192M) 0.126ms
[31.810s][info][gc,ergo     ] Free: 7119M, Max: 4096K regular, 5232M humongous, Frag: 27% external, 0% internal; Reserve: 412M, Max: 4096K
[31.810s][info][gc,stats    ] 
[31.810s][info][gc,stats    ] All times are wall-clock times, except per-root-class counters, that are sum over
[31.810s][info][gc,stats    ] all workers. Dividing the <total> over the root stage time estimates parallelism.
[31.810s][info][gc,stats    ] 
[31.810s][info][gc,stats    ] Concurrent Reset                   4281 us
[31.810s][info][gc,stats    ] Pause Init Mark (G)                 410 us
[31.810s][info][gc,stats    ] Pause Init Mark (N)                 158 us
[31.810s][info][gc,stats    ]   Update Region States               60 us
[31.810s][info][gc,stats    ] Concurrent Mark Roots              8722 us, parallelism: 0.96x
[31.810s][info][gc,stats    ]   CMR: <total>                     8369 us
[31.810s][info][gc,stats    ]   CMR: Thread Roots                8206 us, workers (us): 8206, ---, ---, 
[31.810s][info][gc,stats    ]   CMR: VM Strong Roots               21 us, workers (us):  21, ---, ---, 
[31.810s][info][gc,stats    ]   CMR: CLDG Roots                   142 us, workers (us): 142, ---, ---, 
[31.810s][info][gc,stats    ] Concurrent Marking                47096 us
[31.810s][info][gc,stats    ] Pause Final Mark (G)                833 us
[31.811s][info][gc,stats    ] Pause Final Mark (N)                679 us
[31.811s][info][gc,stats    ]   Finish Mark                       236 us
[31.811s][info][gc,stats    ]   Update Region States               77 us
[31.811s][info][gc,stats    ]   Choose Collection Set             179 us
[31.811s][info][gc,stats    ]   Rebuild Free Set                   25 us
[31.811s][info][gc,stats    ] Concurrent Thread Roots            7780 us, parallelism: 0.97x
[31.811s][info][gc,stats    ]   CTR: <total>                     7573 us
[31.811s][info][gc,stats    ]   CTR: Thread Roots                7573 us, workers (us): 7573, ---, ---, 
[31.811s][info][gc,stats    ] Concurrent Weak References          758 us, parallelism: 0.82x
[31.811s][info][gc,stats    ]   CWRF: <total>                     623 us
[31.811s][info][gc,stats    ]   CWRF: Weak References             623 us, workers (us): 623, ---, ---, 
[31.811s][info][gc,stats    ] Concurrent Weak Roots              6474 us
[31.811s][info][gc,stats    ]   Roots                            6212 us, parallelism: 0.99x
[31.811s][info][gc,stats    ]     CWR: <total>                   6168 us
[31.811s][info][gc,stats    ]     CWR: Code Cache Roots          4998 us, workers (us): 4998, ---, ---, 
[31.811s][info][gc,stats    ]     CWR: VM Weak Roots             1079 us, workers (us): 1079, ---, ---, 
[31.811s][info][gc,stats    ]     CWR: CLDG Roots                  91 us, workers (us):  91, ---, ---, 
[31.811s][info][gc,stats    ]   Rendezvous                        189 us
[31.811s][info][gc,stats    ] Concurrent Cleanup                   46 us
[31.811s][info][gc,stats    ] Concurrent Class Unloading        42802 us
[31.811s][info][gc,stats    ]   Unlink Stale                    40170 us
[31.811s][info][gc,stats    ]     System Dictionary              1899 us
[31.811s][info][gc,stats    ]     Weak Class Links              15464 us
[31.811s][info][gc,stats    ]     Code Roots                    22806 us
[31.811s][info][gc,stats    ]   Rendezvous                        213 us
[31.811s][info][gc,stats    ]   Purge Unlinked                   2345 us
[31.811s][info][gc,stats    ]     Code Roots                     1306 us
[31.811s][info][gc,stats    ]     CLDG                           1038 us
[31.811s][info][gc,stats    ]     Exception Caches                  0 us
[31.811s][info][gc,stats    ] Concurrent Strong Roots             472 us, parallelism: 0.62x
[31.811s][info][gc,stats    ]   CSR: <total>                      291 us
[31.811s][info][gc,stats    ]   CSR: VM Strong Roots                9 us, workers (us):   9, ---, ---, 
[31.811s][info][gc,stats    ]   CSR: CLDG Roots                   282 us, workers (us): 282, ---, ---, 
[31.811s][info][gc,stats    ] Concurrent Evacuation              7517 us
[31.811s][info][gc,stats    ] Pause Init Update Refs (G)          199 us
[31.811s][info][gc,stats    ] Pause Init Update Refs (N)           90 us
[31.811s][info][gc,stats    ]   Manage GCLABs                      36 us
[31.811s][info][gc,stats    ] Concurrent Update Refs            20088 us
[31.811s][info][gc,stats    ] Concurrent Update Thread Roots     8150 us
[31.811s][info][gc,stats    ] Pause Final Update Refs (G)         283 us
[31.811s][info][gc,stats    ] Pause Final Update Refs (N)         181 us
[31.811s][info][gc,stats    ]   Update Region States               84 us
[31.811s][info][gc,stats    ]   Trash Collection Set               10 us
[31.811s][info][gc,stats    ]   Rebuild Free Set                   21 us
[31.811s][info][gc,stats    ] Concurrent Cleanup                  154 us
[31.811s][info][gc,stats    ] 
[31.811s][info][gc,stats    ] Allocation pacing accrued:
[31.811s][info][gc,stats    ]       0 of  1345 ms (  0.0%): <total>
[31.811s][info][gc,stats    ]       0 of  1345 ms (  0.0%): <average total>
[31.811s][info][gc,stats    ] 
[31.811s][info][gc,metaspace] Metaspace: 151787K(152960K)->150765K(152896K) NonClass: 133777K(134400K)->132927K(134336K) Class: 18009K(18560K)->17838K(18560K)
[31.811s][info][gc,ergo     ] Pacer for Idle. Initial: 163M, Alloc Tax Rate: 1.0x
[32.230s][info][gc          ] Trigger: Learning 2 of 5. Free (5723M) is below initial threshold (5734M)
[32.230s][info][gc,ergo     ] Free: 5723M, Max: 4096K regular, 5232M humongous, Frag: 9% external, 0% internal; Reserve: 412M, Max: 4096K
[32.230s][info][gc,start    ] GC(15) Concurrent reset
[32.230s][info][gc,task     ] GC(15) Using 1 of 3 workers for concurrent reset
[32.230s][info][gc,ergo     ] GC(15) Pacer for Reset. Non-Taxable: 8192M
[32.244s][info][gc          ] GC(15) Concurrent reset 13.777ms
[32.244s][info][gc,start    ] GC(15) Pause Init Mark (unload classes)
[32.244s][info][gc,task     ] GC(15) Using 3 of 3 workers for init marking
[32.244s][info][gc,ergo     ] GC(15) Pacer for Mark. Expected Live: 134M, Free: 5627M, Non-Taxable: 562M, Alloc Tax Rate: 0.0x
[32.244s][info][gc          ] GC(15) Pause Init Mark (unload classes) 0.128ms
[32.246s][info][gc,start    ] GC(15) Concurrent marking roots
[32.246s][info][gc,task     ] GC(15) Using 1 of 3 workers for concurrent marking roots
[32.257s][info][gc          ] GC(15) Concurrent marking roots 10.759ms
[32.257s][info][gc,start    ] GC(15) Concurrent marking (unload classes)
[32.257s][info][gc,task     ] GC(15) Using 1 of 3 workers for concurrent marking
[32.327s][info][gc          ] GC(15) Concurrent marking (unload classes) 69.507ms
[32.327s][info][gc,start    ] GC(15) Pause Final Mark (unload classes)
[32.327s][info][gc,task     ] GC(15) Using 3 of 3 workers for final marking
[32.327s][info][gc,ergo     ] GC(15) Adaptive CSet Selection. Target Free: 1160M, Actual Free: 6545M, Max CSet: 341M, Min Garbage: 0B
[32.327s][info][gc,ergo     ] GC(15) Collectable Garbage: 1951M (99%), Immediate: 901M (46%), CSet: 1049M (53%)
[32.327s][info][gc,ergo     ] GC(15) Pacer for Evacuation. Used CSet: 1106M, Free: 6165M, Non-Taxable: 616M, Alloc Tax Rate: 1.1x
[32.327s][info][gc          ] GC(15) Pause Final Mark (unload classes) 0.254ms
[32.327s][info][gc,start    ] GC(15) Concurrent thread roots
[32.327s][info][gc,task     ] GC(15) Using 1 of 3 workers for Concurrent thread roots
[32.336s][info][gc          ] GC(15) Concurrent thread roots 9.180ms
[32.336s][info][gc,start    ] GC(15) Concurrent weak references
[32.336s][info][gc,task     ] GC(15) Using 1 of 3 workers for concurrent weak references
[32.337s][info][gc,ref      ] GC(15) Encountered references: Soft: 3702, Weak: 14883, Final: 53, Phantom: 598
[32.337s][info][gc,ref      ] GC(15) Discovered  references: Soft: 0, Weak: 3274, Final: 0, Phantom: 278
[32.337s][info][gc,ref      ] GC(15) Enqueued    references: Soft: 0, Weak: 217, Final: 0, Phantom: 0
[32.337s][info][gc          ] GC(15) Concurrent weak references 0.288ms
[32.337s][info][gc,start    ] GC(15) Concurrent weak roots
[32.337s][info][gc,task     ] GC(15) Using 1 of 3 workers for concurrent weak root
[32.343s][info][gc          ] GC(15) Concurrent weak roots 6.793ms
[32.343s][info][gc,start    ] GC(15) Concurrent cleanup
[32.343s][info][gc          ] GC(15) Concurrent cleanup 2565M->1663M(8192M) 0.041ms
[32.344s][info][gc,ergo     ] GC(15) Free: 6099M, Max: 4096K regular, 5168M humongous, Frag: 16% external, 0% internal; Reserve: 411M, Max: 4096K
[32.344s][info][gc,start    ] GC(15) Concurrent class unloading
[32.344s][info][gc,task     ] GC(15) Using 1 of 3 workers for concurrent class unloading
[32.390s][info][gc          ] GC(15) Concurrent class unloading 46.502ms
[32.390s][info][gc,start    ] GC(15) Concurrent strong roots
[32.390s][info][gc,task     ] GC(15) Using 1 of 3 workers for concurrent strong root
[32.390s][info][gc          ] GC(15) Concurrent strong roots 0.394ms
[32.390s][info][gc,start    ] GC(15) Concurrent evacuation
[32.390s][info][gc,task     ] GC(15) Using 1 of 3 workers for concurrent evacuation
[32.401s][info][gc          ] GC(15) Concurrent evacuation 10.430ms
[32.401s][info][gc,start    ] GC(15) Pause Init Update Refs
[32.401s][info][gc,ergo     ] GC(15) Pacer for Update Refs. Used: 1796M, Free: 6031M, Non-Taxable: 603M, Alloc Tax Rate: 1.1x
[32.401s][info][gc          ] GC(15) Pause Init Update Refs 0.067ms
[32.401s][info][gc,start    ] GC(15) Concurrent update references
[32.401s][info][gc,task     ] GC(15) Using 1 of 3 workers for concurrent reference update
[32.489s][info][gc          ] GC(15) Concurrent update references 87.668ms
[32.489s][info][gc,start    ] GC(15) Concurrent update thread roots
[32.496s][info][gc          ] GC(15) Concurrent update thread roots 7.450ms
[32.496s][info][gc,start    ] GC(15) Pause Final Update Refs
[32.497s][info][gc,task     ] GC(15) Using 3 of 3 workers for final reference update
[32.497s][info][gc          ] GC(15) Pause Final Update Refs 0.121ms
[32.497s][info][gc,start    ] GC(15) Concurrent cleanup
[32.497s][info][gc          ] GC(15) Concurrent cleanup 1874M->767M(8192M) 0.035ms
[32.497s][info][gc,ergo     ] Free: 6976M, Max: 4096K regular, 5104M humongous, Frag: 27% external, 0% internal; Reserve: 412M, Max: 4096K
[32.497s][info][gc,stats    ] 
[32.497s][info][gc,stats    ] All times are wall-clock times, except per-root-class counters, that are sum over
[32.497s][info][gc,stats    ] all workers. Dividing the <total> over the root stage time estimates parallelism.
[32.497s][info][gc,stats    ] 
[32.497s][info][gc,stats    ] Concurrent Reset                  13918 us
[32.497s][info][gc,stats    ] Pause Init Mark (G)                2147 us
[32.497s][info][gc,stats    ] Pause Init Mark (N)                 137 us
[32.497s][info][gc,stats    ]   Update Region States               46 us
[32.497s][info][gc,stats    ] Concurrent Mark Roots             10907 us, parallelism: 0.94x
[32.497s][info][gc,stats    ]   CMR: <total>                    10235 us
[32.497s][info][gc,stats    ]   CMR: Thread Roots               10072 us, workers (us): 10072, ---, ---, 
[32.497s][info][gc,stats    ]   CMR: VM Strong Roots               29 us, workers (us):  29, ---, ---, 
[32.497s][info][gc,stats    ]   CMR: CLDG Roots                   134 us, workers (us): 134, ---, ---, 
[32.497s][info][gc,stats    ] Concurrent Marking                69552 us
[32.497s][info][gc,stats    ] Pause Final Mark (G)                318 us
[32.497s][info][gc,stats    ] Pause Final Mark (N)                263 us
[32.497s][info][gc,stats    ]   Finish Mark                        53 us
[32.497s][info][gc,stats    ]   Update Region States               39 us
[32.497s][info][gc,stats    ]   Choose Collection Set              68 us
[32.497s][info][gc,stats    ]   Rebuild Free Set                   10 us
[32.497s][info][gc,stats    ] Concurrent Thread Roots            9219 us, parallelism: 0.99x
[32.497s][info][gc,stats    ]   CTR: <total>                     9111 us
[32.497s][info][gc,stats    ]   CTR: Thread Roots                9111 us, workers (us): 9111, ---, ---, 
[32.497s][info][gc,stats    ] Concurrent Weak References          295 us, parallelism: 0.75x
[32.497s][info][gc,stats    ]   CWRF: <total>                     222 us
[32.497s][info][gc,stats    ]   CWRF: Weak References             222 us, workers (us): 222, ---, ---, 
[32.497s][info][gc,stats    ] Concurrent Weak Roots              6843 us
[32.497s][info][gc,stats    ]   Roots                            6612 us, parallelism: 0.99x
[32.497s][info][gc,stats    ]     CWR: <total>                   6572 us
[32.497s][info][gc,stats    ]     CWR: Code Cache Roots          5407 us, workers (us): 5407, ---, ---, 
[32.497s][info][gc,stats    ]     CWR: VM Weak Roots             1056 us, workers (us): 1056, ---, ---, 
[32.497s][info][gc,stats    ]     CWR: CLDG Roots                 108 us, workers (us): 108, ---, ---, 
[32.497s][info][gc,stats    ]   Rendezvous                        163 us
[32.497s][info][gc,stats    ] Concurrent Cleanup                   50 us
[32.497s][info][gc,stats    ] Concurrent Class Unloading        46538 us
[32.497s][info][gc,stats    ]   Unlink Stale                    45306 us
[32.497s][info][gc,stats    ]     System Dictionary               379 us
[32.497s][info][gc,stats    ]     Weak Class Links              24450 us
[32.497s][info][gc,stats    ]     Code Roots                    20475 us
[32.497s][info][gc,stats    ]   Rendezvous                        179 us
[32.497s][info][gc,stats    ]   Purge Unlinked                    988 us
[32.497s][info][gc,stats    ]     Code Roots                      931 us
[32.497s][info][gc,stats    ]     CLDG                             57 us
[32.497s][info][gc,stats    ]     Exception Caches                  0 us
[32.497s][info][gc,stats    ] Concurrent Strong Roots             405 us, parallelism: 0.70x
[32.497s][info][gc,stats    ]   CSR: <total>                      285 us
[32.497s][info][gc,stats    ]   CSR: VM Strong Roots                7 us, workers (us):   7, ---, ---, 
[32.497s][info][gc,stats    ]   CSR: CLDG Roots                   277 us, workers (us): 277, ---, ---, 
[32.497s][info][gc,stats    ] Concurrent Evacuation             10516 us
[32.497s][info][gc,stats    ] Pause Init Update Refs (G)          189 us
[32.497s][info][gc,stats    ] Pause Init Update Refs (N)           76 us
[32.497s][info][gc,stats    ]   Manage GCLABs                      17 us
[32.497s][info][gc,stats    ] Concurrent Update Refs            87763 us
[32.497s][info][gc,stats    ] Concurrent Update Thread Roots     7501 us
[32.497s][info][gc,stats    ] Pause Final Update Refs (G)         216 us
[32.497s][info][gc,stats    ] Pause Final Update Refs (N)         131 us
[32.497s][info][gc,stats    ]   Update Region States               41 us
[32.497s][info][gc,stats    ]   Trash Collection Set                9 us
[32.497s][info][gc,stats    ]   Rebuild Free Set                   19 us
[32.497s][info][gc,stats    ] Concurrent Cleanup                   44 us
[32.497s][info][gc,stats    ] 
[32.497s][info][gc,stats    ] Allocation pacing accrued:
[32.497s][info][gc,stats    ]       0 of   686 ms (  0.0%): <total>
[32.497s][info][gc,stats    ]       0 of   686 ms (  0.0%): <average total>
[32.497s][info][gc,stats    ] 
[32.497s][info][gc,metaspace] Metaspace: 151742K(152960K)->151787K(152960K) NonClass: 133761K(134400K)->133803K(134400K) Class: 17981K(18560K)->17984K(18560K)
[32.497s][info][gc,ergo     ] Pacer for Idle. Initial: 163M, Alloc Tax Rate: 1.0x
[33.669s][info][gc          ] Trigger: Explicit GC request (System.gc())
[33.669s][info][gc,ergo     ] Free: 5785M, Max: 4096K regular, 5104M humongous, Frag: 12% external, 0% internal; Reserve: 412M, Max: 4096K
[33.669s][info][gc,start    ] GC(16) Concurrent reset
[33.669s][info][gc,task     ] GC(16) Using 1 of 3 workers for concurrent reset
[33.669s][info][gc,ergo     ] GC(16) Pacer for Reset. Non-Taxable: 8192M
[33.674s][info][gc          ] GC(16) Concurrent reset 5.340ms
[33.674s][info][gc,start    ] GC(16) Pause Init Mark (unload classes)
[33.674s][info][gc,task     ] GC(16) Using 3 of 3 workers for init marking
[33.675s][info][gc,ref      ] GC(16) Clearing All SoftReferences
[33.675s][info][gc,ergo     ] GC(16) Pacer for Mark. Expected Live: 145M, Free: 5785M, Non-Taxable: 578M, Alloc Tax Rate: 0.0x
[33.675s][info][gc          ] GC(16) Pause Init Mark (unload classes) 0.199ms
[33.675s][info][gc,start    ] GC(16) Concurrent marking roots
[33.675s][info][gc,task     ] GC(16) Using 1 of 3 workers for concurrent marking roots
[33.684s][info][gc          ] GC(16) Concurrent marking roots 9.107ms
[33.684s][info][gc,start    ] GC(16) Concurrent marking (unload classes)
[33.684s][info][gc,task     ] GC(16) Using 1 of 3 workers for concurrent marking
[33.730s][info][gc          ] GC(16) Concurrent marking (unload classes) 46.364ms
[33.730s][info][gc,start    ] GC(16) Pause Final Mark (unload classes)
[33.730s][info][gc,task     ] GC(16) Using 3 of 3 workers for final marking
[33.731s][info][gc,ergo     ] GC(16) Adaptive CSet Selection. Target Free: 1160M, Actual Free: 6839M, Max CSet: 341M, Min Garbage: 0B
[33.731s][info][gc,ergo     ] GC(16) Collectable Garbage: 1602M (99%), Immediate: 647M (40%), CSet: 955M (59%)
[33.731s][info][gc,ergo     ] GC(16) Pacer for Evacuation. Used CSet: 960M, Free: 6695M, Non-Taxable: 669M, Alloc Tax Rate: 1.1x
[33.731s][info][gc          ] GC(16) Pause Final Mark (unload classes) 0.472ms
[33.731s][info][gc,start    ] GC(16) Concurrent thread roots
[33.731s][info][gc,task     ] GC(16) Using 1 of 3 workers for Concurrent thread roots
[33.738s][info][gc          ] GC(16) Concurrent thread roots 6.931ms
[33.738s][info][gc,start    ] GC(16) Concurrent weak references
[33.738s][info][gc,task     ] GC(16) Using 1 of 3 workers for concurrent weak references
[33.739s][info][gc,ref      ] GC(16) Encountered references: Soft: 3574, Weak: 17863, Final: 53, Phantom: 598
[33.739s][info][gc,ref      ] GC(16) Discovered  references: Soft: 1308, Weak: 6866, Final: 0, Phantom: 278
[33.739s][info][gc,ref      ] GC(16) Enqueued    references: Soft: 848, Weak: 3400, Final: 0, Phantom: 0
[33.739s][info][gc          ] GC(16) Concurrent weak references 0.745ms
[33.739s][info][gc,start    ] GC(16) Concurrent weak roots
[33.739s][info][gc,task     ] GC(16) Using 1 of 3 workers for concurrent weak root
[33.746s][info][gc          ] GC(16) Concurrent weak roots 7.004ms
[33.746s][info][gc,start    ] GC(16) Concurrent cleanup
[33.746s][info][gc          ] GC(16) Concurrent cleanup 1873M->1226M(8192M) 0.043ms
[33.746s][info][gc,ergo     ] GC(16) Free: 6547M, Max: 4096K regular, 5152M humongous, Frag: 22% external, 0% internal; Reserve: 411M, Max: 4096K
[33.746s][info][gc,start    ] GC(16) Concurrent class unloading
[33.746s][info][gc,task     ] GC(16) Using 1 of 3 workers for concurrent class unloading
[33.788s][info][gc          ] GC(16) Concurrent class unloading 41.891ms
[33.788s][info][gc,start    ] GC(16) Concurrent strong roots
[33.788s][info][gc,task     ] GC(16) Using 1 of 3 workers for concurrent strong root
[33.788s][info][gc          ] GC(16) Concurrent strong roots 0.312ms
[33.788s][info][gc,start    ] GC(16) Concurrent evacuation
[33.788s][info][gc,task     ] GC(16) Using 1 of 3 workers for concurrent evacuation
[33.793s][info][gc          ] GC(16) Concurrent evacuation 4.448ms
[33.793s][info][gc,start    ] GC(16) Pause Init Update Refs
[33.793s][info][gc,ergo     ] GC(16) Pacer for Update Refs. Used: 1620M, Free: 6159M, Non-Taxable: 615M, Alloc Tax Rate: 1.1x
[33.793s][info][gc          ] GC(16) Pause Init Update Refs 0.141ms
[33.793s][info][gc,start    ] GC(16) Concurrent update references
[33.793s][info][gc,task     ] GC(16) Using 1 of 3 workers for concurrent reference update
[33.813s][info][gc          ] GC(16) Concurrent update references 19.798ms
[33.813s][info][gc,start    ] GC(16) Concurrent update thread roots
[33.821s][info][gc          ] GC(16) Concurrent update thread roots 7.780ms
[33.821s][info][gc,start    ] GC(16) Pause Final Update Refs
[33.821s][info][gc,task     ] GC(16) Using 3 of 3 workers for final reference update
[33.821s][info][gc          ] GC(16) Pause Final Update Refs 0.139ms
[33.821s][info][gc,start    ] GC(16) Concurrent cleanup
[33.821s][info][gc          ] GC(16) Concurrent cleanup 1620M->659M(8192M) 0.042ms
[33.821s][info][gc,ergo     ] Free: 7120M, Max: 4096K regular, 5232M humongous, Frag: 27% external, 0% internal; Reserve: 412M, Max: 4096K
[33.821s][info][gc,stats    ] 
[33.821s][info][gc,stats    ] All times are wall-clock times, except per-root-class counters, that are sum over
[33.821s][info][gc,stats    ] all workers. Dividing the <total> over the root stage time estimates parallelism.
[33.821s][info][gc,stats    ] 
[33.821s][info][gc,stats    ] Concurrent Reset                   5399 us
[33.821s][info][gc,stats    ] Pause Init Mark (G)                 473 us
[33.821s][info][gc,stats    ] Pause Init Mark (N)                 207 us
[33.821s][info][gc,stats    ]   Update Region States               87 us
[33.821s][info][gc,stats    ] Concurrent Mark Roots              9172 us, parallelism: 0.96x
[33.821s][info][gc,stats    ]   CMR: <total>                     8773 us
[33.821s][info][gc,stats    ]   CMR: Thread Roots                8567 us, workers (us): 8567, ---, ---, 
[33.821s][info][gc,stats    ]   CMR: VM Strong Roots               28 us, workers (us):  28, ---, ---, 
[33.821s][info][gc,stats    ]   CMR: CLDG Roots                   178 us, workers (us): 178, ---, ---, 
[33.821s][info][gc,stats    ] Concurrent Marking                46432 us
[33.821s][info][gc,stats    ] Pause Final Mark (G)                632 us
[33.821s][info][gc,stats    ] Pause Final Mark (N)                494 us
[33.821s][info][gc,stats    ]   Finish Mark                        96 us
[33.821s][info][gc,stats    ]   Update Region States               56 us
[33.821s][info][gc,stats    ]   Choose Collection Set             161 us
[33.821s][info][gc,stats    ]   Rebuild Free Set                   24 us
[33.821s][info][gc,stats    ] Concurrent Thread Roots            6984 us, parallelism: 0.98x
[33.821s][info][gc,stats    ]   CTR: <total>                     6843 us
[33.821s][info][gc,stats    ]   CTR: Thread Roots                6843 us, workers (us): 6843, ---, ---, 
[33.821s][info][gc,stats    ] Concurrent Weak References          753 us, parallelism: 0.84x
[33.821s][info][gc,stats    ]   CWRF: <total>                     634 us
[33.821s][info][gc,stats    ]   CWRF: Weak References             634 us, workers (us): 634, ---, ---, 
[33.821s][info][gc,stats    ] Concurrent Weak Roots              7046 us
[33.821s][info][gc,stats    ]   Roots                            6804 us, parallelism: 0.99x
[33.821s][info][gc,stats    ]     CWR: <total>                   6744 us
[33.821s][info][gc,stats    ]     CWR: Code Cache Roots          5703 us, workers (us): 5703, ---, ---, 
[33.821s][info][gc,stats    ]     CWR: VM Weak Roots              965 us, workers (us): 965, ---, ---, 
[33.821s][info][gc,stats    ]     CWR: CLDG Roots                  76 us, workers (us):  76, ---, ---, 
[33.821s][info][gc,stats    ]   Rendezvous                        181 us
[33.821s][info][gc,stats    ] Concurrent Cleanup                   52 us
[33.821s][info][gc,stats    ] Concurrent Class Unloading        41941 us
[33.821s][info][gc,stats    ]   Unlink Stale                    40029 us
[33.821s][info][gc,stats    ]     System Dictionary              1905 us
[33.821s][info][gc,stats    ]     Weak Class Links              15097 us
[33.821s][info][gc,stats    ]     Code Roots                    23024 us
[33.821s][info][gc,stats    ]   Rendezvous                        176 us
[33.821s][info][gc,stats    ]   Purge Unlinked                   1666 us
[33.821s][info][gc,stats    ]     Code Roots                      863 us
[33.821s][info][gc,stats    ]     CLDG                            802 us
[33.821s][info][gc,stats    ]     Exception Caches                  0 us
[33.821s][info][gc,stats    ] Concurrent Strong Roots             330 us, parallelism: 0.64x
[33.821s][info][gc,stats    ]   CSR: <total>                      211 us
[33.821s][info][gc,stats    ]   CSR: VM Strong Roots                8 us, workers (us):   8, ---, ---, 
[33.821s][info][gc,stats    ]   CSR: CLDG Roots                   203 us, workers (us): 203, ---, ---, 
[33.821s][info][gc,stats    ] Concurrent Evacuation              4514 us
[33.821s][info][gc,stats    ] Pause Init Update Refs (G)          314 us
[33.821s][info][gc,stats    ] Pause Init Update Refs (N)          162 us
[33.821s][info][gc,stats    ]   Manage GCLABs                      46 us
[33.821s][info][gc,stats    ] Concurrent Update Refs            19866 us
[33.821s][info][gc,stats    ] Concurrent Update Thread Roots     7831 us
[33.821s][info][gc,stats    ] Pause Final Update Refs (G)         209 us
[33.821s][info][gc,stats    ] Pause Final Update Refs (N)         149 us
[33.821s][info][gc,stats    ]   Update Region States               55 us
[33.821s][info][gc,stats    ]   Trash Collection Set               10 us
[33.821s][info][gc,stats    ]   Rebuild Free Set                   18 us
[33.821s][info][gc,stats    ] Concurrent Cleanup                   52 us
[33.821s][info][gc,stats    ] 
[33.821s][info][gc,stats    ] Allocation pacing accrued:
[33.821s][info][gc,stats    ]       0 of  1324 ms (  0.0%): <total>
[33.821s][info][gc,stats    ]       0 of  1324 ms (  0.0%): <average total>
[33.821s][info][gc,stats    ] 
[33.821s][info][gc,metaspace] Metaspace: 152105K(153280K)->151090K(153280K) NonClass: 134096K(134720K)->133251K(134720K) Class: 18009K(18560K)->17838K(18560K)
[33.821s][info][gc,ergo     ] Pacer for Idle. Initial: 163M, Alloc Tax Rate: 1.0x
[34.250s][info][gc          ] Trigger: Learning 2 of 5. Free (5644M) is below initial threshold (5734M)
[34.250s][info][gc,ergo     ] Free: 5644M, Max: 4096K regular, 5232M humongous, Frag: 8% external, 0% internal; Reserve: 412M, Max: 4096K
[34.250s][info][gc,start    ] GC(17) Concurrent reset
[34.250s][info][gc,task     ] GC(17) Using 1 of 3 workers for concurrent reset
[34.250s][info][gc,ergo     ] GC(17) Pacer for Reset. Non-Taxable: 8192M
[34.262s][info][gc          ] GC(17) Concurrent reset 12.276ms
[34.263s][info][gc,start    ] GC(17) Pause Init Mark (unload classes)
[34.263s][info][gc,task     ] GC(17) Using 3 of 3 workers for init marking
[34.263s][info][gc,ergo     ] GC(17) Pacer for Mark. Expected Live: 133M, Free: 5568M, Non-Taxable: 556M, Alloc Tax Rate: 0.0x
[34.263s][info][gc          ] GC(17) Pause Init Mark (unload classes) 0.158ms
[34.266s][info][gc,start    ] GC(17) Concurrent marking roots
[34.266s][info][gc,task     ] GC(17) Using 1 of 3 workers for concurrent marking roots
[34.276s][info][gc          ] GC(17) Concurrent marking roots 10.163ms
[34.276s][info][gc,start    ] GC(17) Concurrent marking (unload classes)
[34.276s][info][gc,task     ] GC(17) Using 1 of 3 workers for concurrent marking
[34.342s][info][gc          ] GC(17) Concurrent marking (unload classes) 65.879ms
[34.342s][info][gc,start    ] GC(17) Pause Final Mark (unload classes)
[34.342s][info][gc,task     ] GC(17) Using 3 of 3 workers for final marking
[34.342s][info][gc,ergo     ] GC(17) Adaptive CSet Selection. Target Free: 1160M, Actual Free: 6568M, Max CSet: 341M, Min Garbage: 0B
[34.343s][info][gc,ergo     ] GC(17) Collectable Garbage: 2005M (99%), Immediate: 936M (46%), CSet: 1069M (53%)
[34.343s][info][gc,ergo     ] GC(17) Pacer for Evacuation. Used CSet: 1127M, Free: 6188M, Non-Taxable: 618M, Alloc Tax Rate: 1.1x
[34.343s][info][gc          ] GC(17) Pause Final Mark (unload classes) 0.344ms
[34.343s][info][gc,start    ] GC(17) Concurrent thread roots
[34.343s][info][gc,task     ] GC(17) Using 1 of 3 workers for Concurrent thread roots
[34.351s][info][gc          ] GC(17) Concurrent thread roots 8.613ms
[34.351s][info][gc,start    ] GC(17) Concurrent weak references
[34.351s][info][gc,task     ] GC(17) Using 1 of 3 workers for concurrent weak references
[34.352s][info][gc,ref      ] GC(17) Encountered references: Soft: 3704, Weak: 14887, Final: 53, Phantom: 598
[34.352s][info][gc,ref      ] GC(17) Discovered  references: Soft: 0, Weak: 5473, Final: 0, Phantom: 278
[34.352s][info][gc,ref      ] GC(17) Enqueued    references: Soft: 0, Weak: 219, Final: 0, Phantom: 0
[34.352s][info][gc          ] GC(17) Concurrent weak references 0.389ms
[34.352s][info][gc,start    ] GC(17) Concurrent weak roots
[34.352s][info][gc,task     ] GC(17) Using 1 of 3 workers for concurrent weak root
[34.358s][info][gc          ] GC(17) Concurrent weak roots 6.590ms
[34.358s][info][gc,start    ] GC(17) Concurrent cleanup
[34.358s][info][gc          ] GC(17) Concurrent cleanup 2596M->1660M(8192M) 0.044ms
[34.358s][info][gc,ergo     ] GC(17) Free: 6104M, Max: 4096K regular, 5136M humongous, Frag: 16% external, 0% internal; Reserve: 410M, Max: 4096K
[34.358s][info][gc,start    ] GC(17) Concurrent class unloading
[34.358s][info][gc,task     ] GC(17) Using 1 of 3 workers for concurrent class unloading
[34.405s][info][gc          ] GC(17) Concurrent class unloading 46.354ms
[34.405s][info][gc,start    ] GC(17) Concurrent strong roots
[34.405s][info][gc,task     ] GC(17) Using 1 of 3 workers for concurrent strong root
[34.405s][info][gc          ] GC(17) Concurrent strong roots 0.520ms
[34.405s][info][gc,start    ] GC(17) Concurrent evacuation
[34.405s][info][gc,task     ] GC(17) Using 1 of 3 workers for concurrent evacuation
[34.414s][info][gc          ] GC(17) Concurrent evacuation 8.996ms
[34.415s][info][gc,start    ] GC(17) Pause Init Update Refs
[34.415s][info][gc,ergo     ] GC(17) Pacer for Update Refs. Used: 1781M, Free: 6048M, Non-Taxable: 604M, Alloc Tax Rate: 1.1x
[34.415s][info][gc          ] GC(17) Pause Init Update Refs 0.094ms
[34.415s][info][gc,start    ] GC(17) Concurrent update references
[34.415s][info][gc,task     ] GC(17) Using 1 of 3 workers for concurrent reference update
[34.491s][info][gc          ] GC(17) Concurrent update references 76.615ms
[34.491s][info][gc,start    ] GC(17) Concurrent update thread roots
[34.499s][info][gc          ] GC(17) Concurrent update thread roots 7.273ms
[34.499s][info][gc,start    ] GC(17) Pause Final Update Refs
[34.499s][info][gc,task     ] GC(17) Using 3 of 3 workers for final reference update
[34.499s][info][gc          ] GC(17) Pause Final Update Refs 0.124ms
[34.499s][info][gc,start    ] GC(17) Concurrent cleanup
[34.499s][info][gc          ] GC(17) Concurrent cleanup 1846M->719M(8192M) 0.042ms
[34.499s][info][gc,ergo     ] Free: 7024M, Max: 4096K regular, 5068M humongous, Frag: 28% external, 0% internal; Reserve: 412M, Max: 4096K
[34.499s][info][gc,stats    ] 
[34.499s][info][gc,stats    ] All times are wall-clock times, except per-root-class counters, that are sum over
[34.499s][info][gc,stats    ] all workers. Dividing the <total> over the root stage time estimates parallelism.
[34.499s][info][gc,stats    ] 
[34.499s][info][gc,stats    ] Concurrent Reset                  12462 us
[34.499s][info][gc,stats    ] Pause Init Mark (G)                3328 us
[34.499s][info][gc,stats    ] Pause Init Mark (N)                 168 us
[34.499s][info][gc,stats    ]   Update Region States               49 us
[34.499s][info][gc,stats    ] Concurrent Mark Roots             10330 us, parallelism: 0.92x
[34.499s][info][gc,stats    ]   CMR: <total>                     9540 us
[34.499s][info][gc,stats    ]   CMR: Thread Roots                9380 us, workers (us): 9380, ---, ---, 
[34.499s][info][gc,stats    ]   CMR: VM Strong Roots               31 us, workers (us):  31, ---, ---, 
[34.499s][info][gc,stats    ]   CMR: CLDG Roots                   128 us, workers (us): 128, ---, ---, 
[34.499s][info][gc,stats    ] Concurrent Marking                65945 us
[34.499s][info][gc,stats    ] Pause Final Mark (G)                456 us
[34.499s][info][gc,stats    ] Pause Final Mark (N)                361 us
[34.499s][info][gc,stats    ]   Finish Mark                        69 us
[34.499s][info][gc,stats    ]   Update Region States               38 us
[34.499s][info][gc,stats    ]   Choose Collection Set             119 us
[34.499s][info][gc,stats    ]   Rebuild Free Set                   19 us
[34.499s][info][gc,stats    ] Concurrent Thread Roots            8664 us, parallelism: 0.99x
[34.499s][info][gc,stats    ]   CTR: <total>                     8549 us
[34.499s][info][gc,stats    ]   CTR: Thread Roots                8549 us, workers (us): 8549, ---, ---, 
[34.499s][info][gc,stats    ] Concurrent Weak References          397 us, parallelism: 0.75x
[34.499s][info][gc,stats    ]   CWRF: <total>                     298 us
[34.499s][info][gc,stats    ]   CWRF: Weak References             298 us, workers (us): 298, ---, ---, 
[34.499s][info][gc,stats    ] Concurrent Weak Roots              6641 us
[34.499s][info][gc,stats    ]   Roots                            6379 us, parallelism: 0.99x
[34.499s][info][gc,stats    ]     CWR: <total>                   6335 us
[34.499s][info][gc,stats    ]     CWR: Code Cache Roots          5008 us, workers (us): 5008, ---, ---, 
[34.499s][info][gc,stats    ]     CWR: VM Weak Roots             1170 us, workers (us): 1170, ---, ---, 
[34.499s][info][gc,stats    ]     CWR: CLDG Roots                 157 us, workers (us): 157, ---, ---, 
[34.499s][info][gc,stats    ]   Rendezvous                        191 us
[34.499s][info][gc,stats    ] Concurrent Cleanup                   56 us
[34.499s][info][gc,stats    ] Concurrent Class Unloading        46403 us
[34.499s][info][gc,stats    ]   Unlink Stale                    44914 us
[34.499s][info][gc,stats    ]     System Dictionary               390 us
[34.499s][info][gc,stats    ]     Weak Class Links              24992 us
[34.499s][info][gc,stats    ]     Code Roots                    19530 us
[34.499s][info][gc,stats    ]   Rendezvous                        251 us
[34.499s][info][gc,stats    ]   Purge Unlinked                   1168 us
[34.499s][info][gc,stats    ]     Code Roots                     1075 us
[34.499s][info][gc,stats    ]     CLDG                             93 us
[34.499s][info][gc,stats    ]     Exception Caches                  0 us
[34.499s][info][gc,stats    ] Concurrent Strong Roots             530 us, parallelism: 0.77x
[34.499s][info][gc,stats    ]   CSR: <total>                      409 us
[34.499s][info][gc,stats    ]   CSR: VM Strong Roots               13 us, workers (us):  13, ---, ---, 
[34.499s][info][gc,stats    ]   CSR: CLDG Roots                   396 us, workers (us): 396, ---, ---, 
[34.499s][info][gc,stats    ] Concurrent Evacuation              9064 us
[34.499s][info][gc,stats    ] Pause Init Update Refs (G)          238 us
[34.499s][info][gc,stats    ] Pause Init Update Refs (N)          111 us
[34.499s][info][gc,stats    ]   Manage GCLABs                      20 us
[34.499s][info][gc,stats    ] Concurrent Update Refs            76686 us
[34.499s][info][gc,stats    ] Concurrent Update Thread Roots     7325 us
[34.499s][info][gc,stats    ] Pause Final Update Refs (G)         250 us
[34.499s][info][gc,stats    ] Pause Final Update Refs (N)         135 us
[34.499s][info][gc,stats    ]   Update Region States               45 us
[34.499s][info][gc,stats    ]   Trash Collection Set                9 us
[34.499s][info][gc,stats    ]   Rebuild Free Set                   18 us
[34.499s][info][gc,stats    ] Concurrent Cleanup                   52 us
[34.499s][info][gc,stats    ] 
[34.499s][info][gc,stats    ] Allocation pacing accrued:
[34.499s][info][gc,stats    ]       0 of   678 ms (  0.0%): <total>
[34.499s][info][gc,stats    ]       0 of   678 ms (  0.0%): <average total>
[34.499s][info][gc,stats    ] 
[34.500s][info][gc,metaspace] Metaspace: 152048K(153280K)->152068K(153344K) NonClass: 134064K(134720K)->134083K(134784K) Class: 17984K(18560K)->17984K(18560K)
[34.500s][info][gc,ergo     ] Pacer for Idle. Initial: 163M, Alloc Tax Rate: 1.0x
[35.632s][info][gc          ] Trigger: Explicit GC request (System.gc())
[35.632s][info][gc,ergo     ] Free: 5825M, Max: 4096K regular, 5068M humongous, Frag: 13% external, 0% internal; Reserve: 412M, Max: 4096K
[35.632s][info][gc,start    ] GC(18) Concurrent reset
[35.632s][info][gc,task     ] GC(18) Using 1 of 3 workers for concurrent reset
[35.632s][info][gc,ergo     ] GC(18) Pacer for Reset. Non-Taxable: 8192M
[35.637s][info][gc          ] GC(18) Concurrent reset 5.185ms
[35.637s][info][gc,start    ] GC(18) Pause Init Mark (unload classes)
[35.637s][info][gc,task     ] GC(18) Using 3 of 3 workers for init marking
[35.638s][info][gc,ref      ] GC(18) Clearing All SoftReferences
[35.638s][info][gc,ergo     ] GC(18) Pacer for Mark. Expected Live: 143M, Free: 5825M, Non-Taxable: 582M, Alloc Tax Rate: 0.0x
[35.638s][info][gc          ] GC(18) Pause Init Mark (unload classes) 0.249ms
[35.638s][info][gc,start    ] GC(18) Concurrent marking roots
[35.638s][info][gc,task     ] GC(18) Using 1 of 3 workers for concurrent marking roots
[35.645s][info][gc          ] GC(18) Concurrent marking roots 7.503ms
[35.645s][info][gc,start    ] GC(18) Concurrent marking (unload classes)
[35.645s][info][gc,task     ] GC(18) Using 1 of 3 workers for concurrent marking
[35.693s][info][gc          ] GC(18) Concurrent marking (unload classes) 47.281ms
[35.693s][info][gc,start    ] GC(18) Pause Final Mark (unload classes)
[35.693s][info][gc,task     ] GC(18) Using 3 of 3 workers for final marking
[35.693s][info][gc,ergo     ] GC(18) Adaptive CSet Selection. Target Free: 1160M, Actual Free: 6815M, Max CSet: 341M, Min Garbage: 0B
[35.693s][info][gc,ergo     ] GC(18) Collectable Garbage: 1556M (99%), Immediate: 583M (37%), CSet: 972M (62%)
[35.693s][info][gc,ergo     ] GC(18) Pacer for Evacuation. Used CSet: 979M, Free: 6671M, Non-Taxable: 667M, Alloc Tax Rate: 1.1x
[35.693s][info][gc          ] GC(18) Pause Final Mark (unload classes) 0.554ms
[35.693s][info][gc,start    ] GC(18) Concurrent thread roots
[35.693s][info][gc,task     ] GC(18) Using 1 of 3 workers for Concurrent thread roots
[35.701s][info][gc          ] GC(18) Concurrent thread roots 7.628ms
[35.701s][info][gc,start    ] GC(18) Concurrent weak references
[35.701s][info][gc,task     ] GC(18) Using 1 of 3 workers for concurrent weak references
[35.702s][info][gc,ref      ] GC(18) Encountered references: Soft: 3578, Weak: 17859, Final: 53, Phantom: 598
[35.702s][info][gc,ref      ] GC(18) Discovered  references: Soft: 1312, Weak: 6840, Final: 0, Phantom: 373
[35.702s][info][gc,ref      ] GC(18) Enqueued    references: Soft: 852, Weak: 3397, Final: 0, Phantom: 0
[35.702s][info][gc          ] GC(18) Concurrent weak references 0.758ms
[35.702s][info][gc,start    ] GC(18) Concurrent weak roots
[35.702s][info][gc,task     ] GC(18) Using 1 of 3 workers for concurrent weak root
[35.710s][info][gc          ] GC(18) Concurrent weak roots 8.091ms
[35.710s][info][gc,start    ] GC(18) Concurrent cleanup
[35.710s][info][gc          ] GC(18) Concurrent cleanup 1843M->1260M(8192M) 0.037ms
[35.710s][info][gc,ergo     ] GC(18) Free: 6507M, Max: 4096K regular, 5104M humongous, Frag: 22% external, 0% internal; Reserve: 411M, Max: 4096K
[35.710s][info][gc,start    ] GC(18) Concurrent class unloading
[35.710s][info][gc,task     ] GC(18) Using 1 of 3 workers for concurrent class unloading
[35.754s][info][gc          ] GC(18) Concurrent class unloading 43.524ms
[35.754s][info][gc,start    ] GC(18) Concurrent strong roots
[35.754s][info][gc,task     ] GC(18) Using 1 of 3 workers for concurrent strong root
[35.754s][info][gc          ] GC(18) Concurrent strong roots 0.316ms
[35.754s][info][gc,start    ] GC(18) Concurrent evacuation
[35.754s][info][gc,task     ] GC(18) Using 1 of 3 workers for concurrent evacuation
[35.759s][info][gc          ] GC(18) Concurrent evacuation 5.193ms
[35.759s][info][gc,start    ] GC(18) Pause Init Update Refs
[35.759s][info][gc,ergo     ] GC(18) Pacer for Update Refs. Used: 1635M, Free: 6139M, Non-Taxable: 613M, Alloc Tax Rate: 1.1x
[35.759s][info][gc          ] GC(18) Pause Init Update Refs 0.136ms
[35.760s][info][gc,start    ] GC(18) Concurrent update references
[35.760s][info][gc,task     ] GC(18) Using 1 of 3 workers for concurrent reference update
[35.780s][info][gc          ] GC(18) Concurrent update references 20.248ms
[35.780s][info][gc,start    ] GC(18) Concurrent update thread roots
[35.788s][info][gc          ] GC(18) Concurrent update thread roots 7.631ms
[35.788s][info][gc,start    ] GC(18) Pause Final Update Refs
[35.788s][info][gc,task     ] GC(18) Using 3 of 3 workers for final reference update
[35.788s][info][gc          ] GC(18) Pause Final Update Refs 0.172ms
[35.788s][info][gc,start    ] GC(18) Concurrent cleanup
[35.788s][info][gc          ] GC(18) Concurrent cleanup 1635M->656M(8192M) 0.104ms
[35.788s][info][gc,ergo     ] Free: 7123M, Max: 4096K regular, 5232M humongous, Frag: 27% external, 0% internal; Reserve: 412M, Max: 4096K
[35.788s][info][gc,stats    ] 
[35.788s][info][gc,stats    ] All times are wall-clock times, except per-root-class counters, that are sum over
[35.788s][info][gc,stats    ] all workers. Dividing the <total> over the root stage time estimates parallelism.
[35.788s][info][gc,stats    ] 
[35.788s][info][gc,stats    ] Concurrent Reset                   5251 us
[35.788s][info][gc,stats    ] Pause Init Mark (G)                 568 us
[35.788s][info][gc,stats    ] Pause Init Mark (N)                 274 us
[35.788s][info][gc,stats    ]   Update Region States               81 us
[35.788s][info][gc,stats    ] Concurrent Mark Roots              7556 us, parallelism: 0.95x
[35.788s][info][gc,stats    ]   CMR: <total>                     7146 us
[35.788s][info][gc,stats    ]   CMR: Thread Roots                7052 us, workers (us): 7052, ---, ---, 
[35.788s][info][gc,stats    ]   CMR: VM Strong Roots               12 us, workers (us):  12, ---, ---, 
[35.788s][info][gc,stats    ]   CMR: CLDG Roots                    82 us, workers (us):  82, ---, ---, 
[35.788s][info][gc,stats    ] Concurrent Marking                47346 us
[35.788s][info][gc,stats    ] Pause Final Mark (G)                729 us
[35.788s][info][gc,stats    ] Pause Final Mark (N)                576 us
[35.788s][info][gc,stats    ]   Finish Mark                       139 us
[35.788s][info][gc,stats    ]   Update Region States               77 us
[35.788s][info][gc,stats    ]   Choose Collection Set             181 us
[35.788s][info][gc,stats    ]   Rebuild Free Set                   24 us
[35.788s][info][gc,stats    ] Concurrent Thread Roots            7691 us, parallelism: 0.97x
[35.789s][info][gc,stats    ]   CTR: <total>                     7431 us
[35.789s][info][gc,stats    ]   CTR: Thread Roots                7431 us, workers (us): 7431, ---, ---, 
[35.789s][info][gc,stats    ] Concurrent Weak References          766 us, parallelism: 0.82x
[35.789s][info][gc,stats    ]   CWRF: <total>                     629 us
[35.789s][info][gc,stats    ]   CWRF: Weak References             629 us, workers (us): 629, ---, ---, 
[35.789s][info][gc,stats    ] Concurrent Weak Roots              8124 us
[35.789s][info][gc,stats    ]   Roots                            7646 us, parallelism: 0.99x
[35.789s][info][gc,stats    ]     CWR: <total>                   7600 us
[35.789s][info][gc,stats    ]     CWR: Code Cache Roots          6366 us, workers (us): 6366, ---, ---, 
[35.789s][info][gc,stats    ]     CWR: VM Weak Roots             1139 us, workers (us): 1139, ---, ---, 
[35.789s][info][gc,stats    ]     CWR: CLDG Roots                  96 us, workers (us):  96, ---, ---, 
[35.789s][info][gc,stats    ]   Rendezvous                        426 us
[35.789s][info][gc,stats    ] Concurrent Cleanup                   46 us
[35.789s][info][gc,stats    ] Concurrent Class Unloading        43571 us
[35.789s][info][gc,stats    ]   Unlink Stale                    41350 us
[35.789s][info][gc,stats    ]     System Dictionary              1847 us
[35.789s][info][gc,stats    ]     Weak Class Links              15983 us
[35.789s][info][gc,stats    ]     Code Roots                    23518 us
[35.789s][info][gc,stats    ]   Rendezvous                        243 us
[35.789s][info][gc,stats    ]   Purge Unlinked                   1912 us
[35.789s][info][gc,stats    ]     Code Roots                     1122 us
[35.789s][info][gc,stats    ]     CLDG                            789 us
[35.789s][info][gc,stats    ]     Exception Caches                  0 us
[35.789s][info][gc,stats    ] Concurrent Strong Roots             336 us, parallelism: 0.64x
[35.789s][info][gc,stats    ]   CSR: <total>                      214 us
[35.789s][info][gc,stats    ]   CSR: VM Strong Roots                8 us, workers (us):   8, ---, ---, 
[35.789s][info][gc,stats    ]   CSR: CLDG Roots                   206 us, workers (us): 206, ---, ---, 
[35.789s][info][gc,stats    ] Concurrent Evacuation              5264 us
[35.789s][info][gc,stats    ] Pause Init Update Refs (G)          368 us
[35.789s][info][gc,stats    ] Pause Init Update Refs (N)          157 us
[35.789s][info][gc,stats    ]   Manage GCLABs                      39 us
[35.789s][info][gc,stats    ] Concurrent Update Refs            20318 us
[35.789s][info][gc,stats    ] Concurrent Update Thread Roots     7683 us
[35.789s][info][gc,stats    ] Pause Final Update Refs (G)         304 us
[35.789s][info][gc,stats    ] Pause Final Update Refs (N)         190 us
[35.789s][info][gc,stats    ]   Update Region States               86 us
[35.789s][info][gc,stats    ]   Trash Collection Set               11 us
[35.789s][info][gc,stats    ]   Rebuild Free Set                   21 us
[35.789s][info][gc,stats    ] Concurrent Cleanup                  137 us
[35.789s][info][gc,stats    ] 
[35.789s][info][gc,stats    ] Allocation pacing accrued:
[35.789s][info][gc,stats    ]       0 of  1289 ms (  0.0%): <total>
[35.789s][info][gc,stats    ]       0 of  1289 ms (  0.0%): <average total>
[35.789s][info][gc,stats    ] 
[35.789s][info][gc,metaspace] Metaspace: 152460K(153664K)->151440K(153664K) NonClass: 134449K(135104K)->133601K(135104K) Class: 18010K(18560K)->17839K(18560K)
[35.789s][info][gc,ergo     ] Pacer for Idle. Initial: 163M, Alloc Tax Rate: 1.0x
[36.189s][info][gc          ] Trigger: Learning 2 of 5. Free (5707M) is below initial threshold (5734M)
[36.189s][info][gc,ergo     ] Free: 5707M, Max: 4096K regular, 5232M humongous, Frag: 9% external, 0% internal; Reserve: 412M, Max: 4096K
[36.189s][info][gc,start    ] GC(19) Concurrent reset
[36.189s][info][gc,task     ] GC(19) Using 1 of 3 workers for concurrent reset
[36.189s][info][gc,ergo     ] GC(19) Pacer for Reset. Non-Taxable: 8192M
[36.204s][info][gc          ] GC(19) Concurrent reset 14.443ms
[36.204s][info][gc,start    ] GC(19) Pause Init Mark (unload classes)
[36.204s][info][gc,task     ] GC(19) Using 3 of 3 workers for init marking
[36.204s][info][gc,ergo     ] GC(19) Pacer for Mark. Expected Live: 134M, Free: 5603M, Non-Taxable: 560M, Alloc Tax Rate: 0.0x
[36.205s][info][gc          ] GC(19) Pause Init Mark (unload classes) 0.157ms
[36.205s][info][gc,start    ] GC(19) Concurrent marking roots
[36.205s][info][gc,task     ] GC(19) Using 1 of 3 workers for concurrent marking roots
[36.215s][info][gc          ] GC(19) Concurrent marking roots 9.884ms
[36.215s][info][gc,start    ] GC(19) Concurrent marking (unload classes)
[36.215s][info][gc,task     ] GC(19) Using 1 of 3 workers for concurrent marking
[36.282s][info][gc          ] GC(19) Concurrent marking (unload classes) 66.936ms
[36.282s][info][gc,start    ] GC(19) Pause Final Mark (unload classes)
[36.282s][info][gc,task     ] GC(19) Using 3 of 3 workers for final marking
[36.282s][info][gc,ergo     ] GC(19) Adaptive CSet Selection. Target Free: 1160M, Actual Free: 6581M, Max CSet: 341M, Min Garbage: 0B
[36.282s][info][gc,ergo     ] GC(19) Collectable Garbage: 1973M (99%), Immediate: 893M (45%), CSet: 1079M (54%)
[36.282s][info][gc,ergo     ] GC(19) Pacer for Evacuation. Used CSet: 1136M, Free: 6201M, Non-Taxable: 620M, Alloc Tax Rate: 1.1x
[36.282s][info][gc          ] GC(19) Pause Final Mark (unload classes) 0.243ms
[36.282s][info][gc,start    ] GC(19) Concurrent thread roots
[36.282s][info][gc,task     ] GC(19) Using 1 of 3 workers for Concurrent thread roots
[36.290s][info][gc          ] GC(19) Concurrent thread roots 7.667ms
[36.290s][info][gc,start    ] GC(19) Concurrent weak references
[36.290s][info][gc,task     ] GC(19) Using 1 of 3 workers for concurrent weak references
[36.290s][info][gc,ref      ] GC(19) Encountered references: Soft: 3705, Weak: 14893, Final: 53, Phantom: 598
[36.290s][info][gc,ref      ] GC(19) Discovered  references: Soft: 0, Weak: 3578, Final: 0, Phantom: 278
[36.290s][info][gc,ref      ] GC(19) Enqueued    references: Soft: 0, Weak: 223, Final: 0, Phantom: 0
[36.290s][info][gc          ] GC(19) Concurrent weak references 0.373ms
[36.290s][info][gc,start    ] GC(19) Concurrent weak roots
[36.290s][info][gc,task     ] GC(19) Using 1 of 3 workers for concurrent weak root
[36.297s][info][gc          ] GC(19) Concurrent weak roots 6.900ms
[36.297s][info][gc,start    ] GC(19) Concurrent cleanup
[36.297s][info][gc          ] GC(19) Concurrent cleanup 2546M->1652M(8192M) 0.062ms
[36.297s][info][gc,ergo     ] GC(19) Free: 6115M, Max: 4096K regular, 5192M humongous, Frag: 16% external, 0% internal; Reserve: 411M, Max: 4096K
[36.297s][info][gc,start    ] GC(19) Concurrent class unloading
[36.297s][info][gc,task     ] GC(19) Using 1 of 3 workers for concurrent class unloading
[36.343s][info][gc          ] GC(19) Concurrent class unloading 45.555ms
[36.343s][info][gc,start    ] GC(19) Concurrent strong roots
[36.343s][info][gc,task     ] GC(19) Using 1 of 3 workers for concurrent strong root
[36.343s][info][gc          ] GC(19) Concurrent strong roots 0.414ms
[36.343s][info][gc,start    ] GC(19) Concurrent evacuation
[36.344s][info][gc,task     ] GC(19) Using 1 of 3 workers for concurrent evacuation
[36.352s][info][gc          ] GC(19) Concurrent evacuation 8.699ms
[36.352s][info][gc,start    ] GC(19) Pause Init Update Refs
[36.352s][info][gc,ergo     ] GC(19) Pacer for Update Refs. Used: 1777M, Free: 6059M, Non-Taxable: 605M, Alloc Tax Rate: 1.1x
[36.352s][info][gc          ] GC(19) Pause Init Update Refs 0.068ms
[36.352s][info][gc,start    ] GC(19) Concurrent update references
[36.352s][info][gc,task     ] GC(19) Using 1 of 3 workers for concurrent reference update
[36.431s][info][gc          ] GC(19) Concurrent update references 78.825ms
[36.431s][info][gc,start    ] GC(19) Concurrent update thread roots
[36.439s][info][gc          ] GC(19) Concurrent update thread roots 7.481ms
[36.439s][info][gc,start    ] GC(19) Pause Final Update Refs
[36.439s][info][gc,task     ] GC(19) Using 3 of 3 workers for final reference update
[36.439s][info][gc          ] GC(19) Pause Final Update Refs 0.145ms
[36.439s][info][gc,start    ] GC(19) Concurrent cleanup
[36.439s][info][gc          ] GC(19) Concurrent cleanup 1855M->719M(8192M) 0.083ms
[36.439s][info][gc,ergo     ] Free: 7028M, Max: 4096K regular, 5120M humongous, Frag: 28% external, 0% internal; Reserve: 412M, Max: 4096K
[36.439s][info][gc,stats    ] 
[36.439s][info][gc,stats    ] All times are wall-clock times, except per-root-class counters, that are sum over
[36.439s][info][gc,stats    ] all workers. Dividing the <total> over the root stage time estimates parallelism.
[36.439s][info][gc,stats    ] 
[36.439s][info][gc,stats    ] Concurrent Reset                  14548 us
[36.439s][info][gc,stats    ] Pause Init Mark (G)                 936 us
[36.439s][info][gc,stats    ] Pause Init Mark (N)                 167 us
[36.439s][info][gc,stats    ]   Update Region States               44 us
[36.439s][info][gc,stats    ] Concurrent Mark Roots             10021 us, parallelism: 0.95x
[36.439s][info][gc,stats    ]   CMR: <total>                     9514 us
[36.440s][info][gc,stats    ]   CMR: Thread Roots                9383 us, workers (us): 9383, ---, ---, 
[36.440s][info][gc,stats    ]   CMR: VM Strong Roots               22 us, workers (us):  22, ---, ---, 
[36.440s][info][gc,stats    ]   CMR: CLDG Roots                   109 us, workers (us): 109, ---, ---, 
[36.440s][info][gc,stats    ] Concurrent Marking                66992 us
[36.440s][info][gc,stats    ] Pause Final Mark (G)                315 us
[36.440s][info][gc,stats    ] Pause Final Mark (N)                251 us
[36.440s][info][gc,stats    ]   Finish Mark                        75 us
[36.440s][info][gc,stats    ]   Update Region States               35 us
[36.440s][info][gc,stats    ]   Choose Collection Set              61 us
[36.440s][info][gc,stats    ]   Rebuild Free Set                    9 us
[36.440s][info][gc,stats    ] Concurrent Thread Roots            7726 us, parallelism: 0.98x
[36.440s][info][gc,stats    ]   CTR: <total>                     7581 us
[36.440s][info][gc,stats    ]   CTR: Thread Roots                7581 us, workers (us): 7581, ---, ---, 
[36.440s][info][gc,stats    ] Concurrent Weak References          405 us, parallelism: 0.60x
[36.440s][info][gc,stats    ]   CWRF: <total>                     241 us
[36.440s][info][gc,stats    ]   CWRF: Weak References             241 us, workers (us): 241, ---, ---, 
[36.440s][info][gc,stats    ] Concurrent Weak Roots              6955 us
[36.440s][info][gc,stats    ]   Roots                            6591 us, parallelism: 0.99x
[36.440s][info][gc,stats    ]     CWR: <total>                   6532 us
[36.440s][info][gc,stats    ]     CWR: Code Cache Roots          4913 us, workers (us): 4913, ---, ---, 
[36.440s][info][gc,stats    ]     CWR: VM Weak Roots             1501 us, workers (us): 1501, ---, ---, 
[36.440s][info][gc,stats    ]     CWR: CLDG Roots                 118 us, workers (us): 118, ---, ---, 
[36.440s][info][gc,stats    ]   Rendezvous                        267 us
[36.440s][info][gc,stats    ] Concurrent Cleanup                   81 us
[36.440s][info][gc,stats    ] Concurrent Class Unloading        45609 us
[36.440s][info][gc,stats    ]   Unlink Stale                    44248 us
[36.440s][info][gc,stats    ]     System Dictionary               601 us
[36.440s][info][gc,stats    ]     Weak Class Links              14903 us
[36.440s][info][gc,stats    ]     Code Roots                    28742 us
[36.440s][info][gc,stats    ]   Rendezvous                        172 us
[36.440s][info][gc,stats    ]   Purge Unlinked                   1100 us
[36.440s][info][gc,stats    ]     Code Roots                     1014 us
[36.440s][info][gc,stats    ]     CLDG                             85 us
[36.440s][info][gc,stats    ]     Exception Caches                  0 us
[36.440s][info][gc,stats    ] Concurrent Strong Roots             443 us, parallelism: 0.66x
[36.440s][info][gc,stats    ]   CSR: <total>                      292 us
[36.440s][info][gc,stats    ]   CSR: VM Strong Roots                8 us, workers (us):   8, ---, ---, 
[36.440s][info][gc,stats    ]   CSR: CLDG Roots                   283 us, workers (us): 283, ---, ---, 
[36.440s][info][gc,stats    ] Concurrent Evacuation              8754 us
[36.440s][info][gc,stats    ] Pause Init Update Refs (G)          203 us
[36.440s][info][gc,stats    ] Pause Init Update Refs (N)           76 us
[36.440s][info][gc,stats    ]   Manage GCLABs                      19 us
[36.440s][info][gc,stats    ] Concurrent Update Refs            78895 us
[36.440s][info][gc,stats    ] Concurrent Update Thread Roots     7531 us
[36.440s][info][gc,stats    ] Pause Final Update Refs (G)         246 us
[36.440s][info][gc,stats    ] Pause Final Update Refs (N)         156 us
[36.440s][info][gc,stats    ]   Update Region States               54 us
[36.440s][info][gc,stats    ]   Trash Collection Set               11 us
[36.440s][info][gc,stats    ]   Rebuild Free Set                   21 us
[36.440s][info][gc,stats    ] Concurrent Cleanup                  108 us
[36.440s][info][gc,stats    ] 
[36.440s][info][gc,stats    ] Allocation pacing accrued:
[36.440s][info][gc,stats    ]       0 of   651 ms (  0.0%): <total>
[36.440s][info][gc,stats    ]       0 of   651 ms (  0.0%): <average total>
[36.440s][info][gc,stats    ] 
[36.440s][info][gc,metaspace] Metaspace: 152362K(153664K)->152367K(153664K) NonClass: 134374K(135104K)->134381K(135104K) Class: 17988K(18560K)->17985K(18560K)
[36.440s][info][gc,ergo     ] Pacer for Idle. Initial: 163M, Alloc Tax Rate: 1.0x
[37.614s][info][gc          ] Trigger: Explicit GC request (System.gc())
[37.614s][info][gc,ergo     ] Free: 5802M, Max: 4096K regular, 5120M humongous, Frag: 12% external, 0% internal; Reserve: 412M, Max: 4096K
[37.614s][info][gc,start    ] GC(20) Concurrent reset
[37.614s][info][gc,task     ] GC(20) Using 1 of 3 workers for concurrent reset
[37.614s][info][gc,ergo     ] GC(20) Pacer for Reset. Non-Taxable: 8192M
[37.619s][info][gc          ] GC(20) Concurrent reset 5.112ms
[37.620s][info][gc,start    ] GC(20) Pause Init Mark (unload classes)
[37.620s][info][gc,task     ] GC(20) Using 3 of 3 workers for init marking
[37.620s][info][gc,ref      ] GC(20) Clearing All SoftReferences
[37.620s][info][gc,ergo     ] GC(20) Pacer for Mark. Expected Live: 144M, Free: 5802M, Non-Taxable: 580M, Alloc Tax Rate: 0.0x
[37.620s][info][gc          ] GC(20) Pause Init Mark (unload classes) 0.225ms
[37.620s][info][gc,start    ] GC(20) Concurrent marking roots
[37.620s][info][gc,task     ] GC(20) Using 1 of 3 workers for concurrent marking roots
[37.629s][info][gc          ] GC(20) Concurrent marking roots 8.857ms
[37.629s][info][gc,start    ] GC(20) Concurrent marking (unload classes)
[37.629s][info][gc,task     ] GC(20) Using 1 of 3 workers for concurrent marking
[37.675s][info][gc          ] GC(20) Concurrent marking (unload classes) 46.465ms
[37.675s][info][gc,start    ] GC(20) Pause Final Mark (unload classes)
[37.676s][info][gc,task     ] GC(20) Using 3 of 3 workers for final marking
[37.676s][info][gc,ergo     ] GC(20) Adaptive CSet Selection. Target Free: 1160M, Actual Free: 6837M, Max CSet: 341M, Min Garbage: 0B
[37.676s][info][gc,ergo     ] GC(20) Collectable Garbage: 1573M (99%), Immediate: 629M (39%), CSet: 944M (59%)
[37.676s][info][gc,ergo     ] GC(20) Pacer for Evacuation. Used CSet: 950M, Free: 6703M, Non-Taxable: 670M, Alloc Tax Rate: 1.1x
[37.676s][info][gc          ] GC(20) Pause Final Mark (unload classes) 0.555ms
[37.676s][info][gc,start    ] GC(20) Concurrent thread roots
[37.676s][info][gc,task     ] GC(20) Using 1 of 3 workers for Concurrent thread roots
[37.684s][info][gc          ] GC(20) Concurrent thread roots 7.578ms
[37.684s][info][gc,start    ] GC(20) Concurrent weak references
[37.684s][info][gc,task     ] GC(20) Using 1 of 3 workers for concurrent weak references
[37.685s][info][gc,ref      ] GC(20) Encountered references: Soft: 3576, Weak: 17864, Final: 53, Phantom: 598
[37.685s][info][gc,ref      ] GC(20) Discovered  references: Soft: 1310, Weak: 6866, Final: 0, Phantom: 278
[37.685s][info][gc,ref      ] GC(20) Enqueued    references: Soft: 850, Weak: 3400, Final: 0, Phantom: 0
[37.685s][info][gc          ] GC(20) Concurrent weak references 1.022ms
[37.685s][info][gc,start    ] GC(20) Concurrent weak roots
[37.685s][info][gc,task     ] GC(20) Using 1 of 3 workers for concurrent weak root
[37.692s][info][gc          ] GC(20) Concurrent weak roots 6.924ms
[37.692s][info][gc,start    ] GC(20) Concurrent cleanup
[37.692s][info][gc          ] GC(20) Concurrent cleanup 1909M->1279M(8192M) 0.040ms
[37.692s][info][gc,ergo     ] GC(20) Free: 6491M, Max: 4096K regular, 5160M humongous, Frag: 21% external, 0% internal; Reserve: 411M, Max: 4096K
[37.692s][info][gc,start    ] GC(20) Concurrent class unloading
[37.692s][info][gc,task     ] GC(20) Using 1 of 3 workers for concurrent class unloading
[37.737s][info][gc          ] GC(20) Concurrent class unloading 44.748ms
[37.737s][info][gc,start    ] GC(20) Concurrent strong roots
[37.737s][info][gc,task     ] GC(20) Using 1 of 3 workers for concurrent strong root
[37.737s][info][gc          ] GC(20) Concurrent strong roots 0.300ms
[37.737s][info][gc,start    ] GC(20) Concurrent evacuation
[37.737s][info][gc,task     ] GC(20) Using 1 of 3 workers for concurrent evacuation
[37.742s][info][gc          ] GC(20) Concurrent evacuation 5.300ms
[37.742s][info][gc,start    ] GC(20) Pause Init Update Refs
[37.742s][info][gc,ergo     ] GC(20) Pacer for Update Refs. Used: 1570M, Free: 6207M, Non-Taxable: 620M, Alloc Tax Rate: 1.1x
[37.742s][info][gc          ] GC(20) Pause Init Update Refs 0.092ms
[37.742s][info][gc,start    ] GC(20) Concurrent update references
[37.743s][info][gc,task     ] GC(20) Using 1 of 3 workers for concurrent reference update
[37.763s][info][gc          ] GC(20) Concurrent update references 20.328ms
[37.763s][info][gc,start    ] GC(20) Concurrent update thread roots
[37.770s][info][gc          ] GC(20) Concurrent update thread roots 7.466ms
[37.770s][info][gc,start    ] GC(20) Pause Final Update Refs
[37.770s][info][gc,task     ] GC(20) Using 3 of 3 workers for final reference update
[37.771s][info][gc          ] GC(20) Pause Final Update Refs 0.146ms
[37.771s][info][gc,start    ] GC(20) Concurrent cleanup
[37.771s][info][gc          ] GC(20) Concurrent cleanup 1570M->619M(8192M) 0.103ms
[37.771s][info][gc,ergo     ] Free: 7160M, Max: 4096K regular, 5232M humongous, Frag: 27% external, 0% internal; Reserve: 412M, Max: 4096K
[37.771s][info][gc,stats    ] 
[37.771s][info][gc,stats    ] All times are wall-clock times, except per-root-class counters, that are sum over
[37.771s][info][gc,stats    ] all workers. Dividing the <total> over the root stage time estimates parallelism.
[37.771s][info][gc,stats    ] 
[37.771s][info][gc,stats    ] Concurrent Reset                   5187 us
[37.771s][info][gc,stats    ] Pause Init Mark (G)                 480 us
[37.771s][info][gc,stats    ] Pause Init Mark (N)                 242 us
[37.771s][info][gc,stats    ]   Update Region States               69 us
[37.771s][info][gc,stats    ] Concurrent Mark Roots              8878 us, parallelism: 0.97x
[37.771s][info][gc,stats    ]   CMR: <total>                     8648 us
[37.771s][info][gc,stats    ]   CMR: Thread Roots                8487 us, workers (us): 8487, ---, ---, 
[37.771s][info][gc,stats    ]   CMR: VM Strong Roots               20 us, workers (us):  20, ---, ---, 
[37.771s][info][gc,stats    ]   CMR: CLDG Roots                   141 us, workers (us): 141, ---, ---, 
[37.771s][info][gc,stats    ] Concurrent Marking                46531 us
[37.771s][info][gc,stats    ] Pause Final Mark (G)                731 us
[37.771s][info][gc,stats    ] Pause Final Mark (N)                577 us
[37.771s][info][gc,stats    ]   Finish Mark                       134 us
[37.771s][info][gc,stats    ]   Update Region States               77 us
[37.771s][info][gc,stats    ]   Choose Collection Set             182 us
[37.771s][info][gc,stats    ]   Rebuild Free Set                   25 us
[37.771s][info][gc,stats    ] Concurrent Thread Roots            7630 us, parallelism: 0.97x
[37.771s][info][gc,stats    ]   CTR: <total>                     7394 us
[37.771s][info][gc,stats    ]   CTR: Thread Roots                7394 us, workers (us): 7394, ---, ---, 
[37.771s][info][gc,stats    ] Concurrent Weak References         1030 us, parallelism: 0.88x
[37.771s][info][gc,stats    ]   CWRF: <total>                     904 us
[37.771s][info][gc,stats    ]   CWRF: Weak References             904 us, workers (us): 904, ---, ---, 
[37.771s][info][gc,stats    ] Concurrent Weak Roots              6972 us
[37.771s][info][gc,stats    ]   Roots                            6739 us, parallelism: 0.99x
[37.771s][info][gc,stats    ]     CWR: <total>                   6686 us
[37.771s][info][gc,stats    ]     CWR: Code Cache Roots          5972 us, workers (us): 5972, ---, ---, 
[37.771s][info][gc,stats    ]     CWR: VM Weak Roots              625 us, workers (us): 625, ---, ---, 
[37.771s][info][gc,stats    ]     CWR: CLDG Roots                  89 us, workers (us):  89, ---, ---, 
[37.771s][info][gc,stats    ]   Rendezvous                        166 us
[37.771s][info][gc,stats    ] Concurrent Cleanup                   48 us
[37.771s][info][gc,stats    ] Concurrent Class Unloading        44794 us
[37.771s][info][gc,stats    ]   Unlink Stale                    42594 us
[37.771s][info][gc,stats    ]     System Dictionary              1814 us
[37.771s][info][gc,stats    ]     Weak Class Links              16602 us
[37.771s][info][gc,stats    ]     Code Roots                    24176 us
[37.772s][info][gc,stats    ]   Rendezvous                        227 us
[37.772s][info][gc,stats    ]   Purge Unlinked                   1908 us
[37.772s][info][gc,stats    ]     Code Roots                     1062 us
[37.772s][info][gc,stats    ]     CLDG                            845 us
[37.772s][info][gc,stats    ]     Exception Caches                  0 us
[37.772s][info][gc,stats    ] Concurrent Strong Roots             309 us, parallelism: 0.68x
[37.772s][info][gc,stats    ]   CSR: <total>                      211 us
[37.772s][info][gc,stats    ]   CSR: VM Strong Roots                8 us, workers (us):   8, ---, ---, 
[37.772s][info][gc,stats    ]   CSR: CLDG Roots                   203 us, workers (us): 203, ---, ---, 
[37.772s][info][gc,stats    ] Concurrent Evacuation              5367 us
[37.772s][info][gc,stats    ] Pause Init Update Refs (G)          218 us
[37.772s][info][gc,stats    ] Pause Init Update Refs (N)          116 us
[37.772s][info][gc,stats    ]   Manage GCLABs                      34 us
[37.772s][info][gc,stats    ] Concurrent Update Refs            20389 us
[37.772s][info][gc,stats    ] Concurrent Update Thread Roots     7491 us
[37.772s][info][gc,stats    ] Pause Final Update Refs (G)         230 us
[37.772s][info][gc,stats    ] Pause Final Update Refs (N)         158 us
[37.772s][info][gc,stats    ]   Update Region States               52 us
[37.772s][info][gc,stats    ]   Trash Collection Set               11 us
[37.772s][info][gc,stats    ]   Rebuild Free Set                   21 us
[37.772s][info][gc,stats    ] Concurrent Cleanup                  130 us
[37.772s][info][gc,stats    ] 
[37.772s][info][gc,stats    ] Allocation pacing accrued:
[37.772s][info][gc,stats    ]       0 of  1332 ms (  0.0%): <total>
[37.772s][info][gc,stats    ]       0 of  1332 ms (  0.0%): <average total>
[37.772s][info][gc,stats    ] 
[37.772s][info][gc,metaspace] Metaspace: 152690K(153856K)->151657K(153792K) NonClass: 134679K(135296K)->133818K(135232K) Class: 18011K(18560K)->17839K(18560K)
[37.772s][info][gc,ergo     ] Pacer for Idle. Initial: 163M, Alloc Tax Rate: 1.0x
[38.199s][info][gc          ] Trigger: Learning 2 of 5. Free (5620M) is below initial threshold (5734M)
[38.199s][info][gc,ergo     ] Free: 5620M, Max: 4096K regular, 5232M humongous, Frag: 7% external, 0% internal; Reserve: 412M, Max: 4096K
[38.199s][info][gc,start    ] GC(21) Concurrent reset
[38.199s][info][gc,task     ] GC(21) Using 1 of 3 workers for concurrent reset
[38.200s][info][gc,ergo     ] GC(21) Pacer for Reset. Non-Taxable: 8192M
[38.214s][info][gc          ] GC(21) Concurrent reset 14.078ms
[38.214s][info][gc,start    ] GC(21) Pause Init Mark (unload classes)
[38.214s][info][gc,task     ] GC(21) Using 3 of 3 workers for init marking
[38.214s][info][gc,ergo     ] GC(21) Pacer for Mark. Expected Live: 135M, Free: 5516M, Non-Taxable: 551M, Alloc Tax Rate: 0.0x
[38.214s][info][gc          ] GC(21) Pause Init Mark (unload classes) 0.133ms
[38.214s][info][gc,start    ] GC(21) Concurrent marking roots
[38.214s][info][gc,task     ] GC(21) Using 1 of 3 workers for concurrent marking roots
[38.224s][info][gc          ] GC(21) Concurrent marking roots 10.091ms
[38.225s][info][gc,start    ] GC(21) Concurrent marking (unload classes)
[38.225s][info][gc,task     ] GC(21) Using 1 of 3 workers for concurrent marking
[38.284s][info][gc          ] GC(21) Concurrent marking (unload classes) 59.012ms
[38.284s][info][gc,start    ] GC(21) Pause Final Mark (unload classes)
[38.284s][info][gc,task     ] GC(21) Using 3 of 3 workers for final marking
[38.284s][info][gc,ergo     ] GC(21) Adaptive CSet Selection. Target Free: 1160M, Actual Free: 6633M, Max CSet: 341M, Min Garbage: 0B
[38.284s][info][gc,ergo     ] GC(21) Collectable Garbage: 2052M (99%), Immediate: 953M (46%), CSet: 1099M (53%)
[38.284s][info][gc,ergo     ] GC(21) Pacer for Evacuation. Used CSet: 1164M, Free: 6252M, Non-Taxable: 625M, Alloc Tax Rate: 1.1x
[38.284s][info][gc          ] GC(21) Pause Final Mark (unload classes) 0.224ms
[38.284s][info][gc,start    ] GC(21) Concurrent thread roots
[38.284s][info][gc,task     ] GC(21) Using 1 of 3 workers for Concurrent thread roots
[38.292s][info][gc          ] GC(21) Concurrent thread roots 8.086ms
[38.292s][info][gc,start    ] GC(21) Concurrent weak references
[38.292s][info][gc,task     ] GC(21) Using 1 of 3 workers for concurrent weak references
[38.293s][info][gc,ref      ] GC(21) Encountered references: Soft: 3703, Weak: 14885, Final: 53, Phantom: 598
[38.293s][info][gc,ref      ] GC(21) Discovered  references: Soft: 0, Weak: 6758, Final: 0, Phantom: 278
[38.293s][info][gc,ref      ] GC(21) Enqueued    references: Soft: 0, Weak: 212, Final: 0, Phantom: 0
[38.293s][info][gc          ] GC(21) Concurrent weak references 0.602ms
[38.293s][info][gc,start    ] GC(21) Concurrent weak roots
[38.293s][info][gc,task     ] GC(21) Using 1 of 3 workers for concurrent weak root
[38.304s][info][gc          ] GC(21) Concurrent weak roots 11.716ms
[38.305s][info][gc,start    ] GC(21) Concurrent cleanup
[38.305s][info][gc          ] GC(21) Concurrent cleanup 2602M->1648M(8192M) 0.053ms
[38.305s][info][gc,ergo     ] GC(21) Free: 6163M, Max: 4096K regular, 5180M humongous, Frag: 16% external, 0% internal; Reserve: 361M, Max: 4096K
[38.305s][info][gc,start    ] GC(21) Concurrent class unloading
[38.305s][info][gc,task     ] GC(21) Using 1 of 3 workers for concurrent class unloading
[38.347s][info][gc          ] GC(21) Concurrent class unloading 42.120ms
[38.347s][info][gc,start    ] GC(21) Concurrent strong roots
[38.347s][info][gc,task     ] GC(21) Using 1 of 3 workers for concurrent strong root
[38.347s][info][gc          ] GC(21) Concurrent strong roots 0.440ms
[38.347s][info][gc,start    ] GC(21) Concurrent evacuation
[38.347s][info][gc,task     ] GC(21) Using 1 of 3 workers for concurrent evacuation
[38.357s][info][gc          ] GC(21) Concurrent evacuation 10.030ms
[38.357s][info][gc,start    ] GC(21) Pause Init Update Refs
[38.357s][info][gc,ergo     ] GC(21) Pacer for Update Refs. Used: 1725M, Free: 6116M, Non-Taxable: 611M, Alloc Tax Rate: 1.1x
[38.357s][info][gc          ] GC(21) Pause Init Update Refs 0.092ms
[38.358s][info][gc,start    ] GC(21) Concurrent update references
[38.358s][info][gc,task     ] GC(21) Using 1 of 3 workers for concurrent reference update
[38.414s][info][gc          ] GC(21) Concurrent update references 56.264ms
[38.414s][info][gc,start    ] GC(21) Concurrent update thread roots
[38.421s][info][gc          ] GC(21) Concurrent update thread roots 6.850ms
[38.421s][info][gc,start    ] GC(21) Pause Final Update Refs
[38.421s][info][gc,task     ] GC(21) Using 3 of 3 workers for final reference update
[38.421s][info][gc          ] GC(21) Pause Final Update Refs 0.141ms
[38.421s][info][gc,start    ] GC(21) Concurrent cleanup
[38.421s][info][gc          ] GC(21) Concurrent cleanup 1777M->613M(8192M) 0.035ms
[38.421s][info][gc,ergo     ] Free: 7130M, Max: 4096K regular, 5100M humongous, Frag: 29% external, 0% internal; Reserve: 412M, Max: 4096K
[38.421s][info][gc,stats    ] 
[38.421s][info][gc,stats    ] All times are wall-clock times, except per-root-class counters, that are sum over
[38.421s][info][gc,stats    ] all workers. Dividing the <total> over the root stage time estimates parallelism.
[38.421s][info][gc,stats    ] 
[38.421s][info][gc,stats    ] Concurrent Reset                  14234 us
[38.421s][info][gc,stats    ] Pause Init Mark (G)                 647 us
[38.421s][info][gc,stats    ] Pause Init Mark (N)                 141 us
[38.421s][info][gc,stats    ]   Update Region States               49 us
[38.421s][info][gc,stats    ] Concurrent Mark Roots             10227 us, parallelism: 0.95x
[38.421s][info][gc,stats    ]   CMR: <total>                     9711 us
[38.421s][info][gc,stats    ]   CMR: Thread Roots                9450 us, workers (us): 9450, ---, ---, 
[38.421s][info][gc,stats    ]   CMR: VM Strong Roots               23 us, workers (us):  23, ---, ---, 
[38.421s][info][gc,stats    ]   CMR: CLDG Roots                   238 us, workers (us): 238, ---, ---, 
[38.421s][info][gc,stats    ] Concurrent Marking                59075 us
[38.421s][info][gc,stats    ] Pause Final Mark (G)                286 us
[38.421s][info][gc,stats    ] Pause Final Mark (N)                232 us
[38.421s][info][gc,stats    ]   Finish Mark                        53 us
[38.421s][info][gc,stats    ]   Update Region States               28 us
[38.421s][info][gc,stats    ]   Choose Collection Set              67 us
[38.421s][info][gc,stats    ]   Rebuild Free Set                    9 us
[38.421s][info][gc,stats    ] Concurrent Thread Roots            8133 us, parallelism: 0.99x
[38.421s][info][gc,stats    ]   CTR: <total>                     8013 us
[38.421s][info][gc,stats    ]   CTR: Thread Roots                8013 us, workers (us): 8013, ---, ---, 
[38.421s][info][gc,stats    ] Concurrent Weak References          614 us, parallelism: 0.79x
[38.421s][info][gc,stats    ]   CWRF: <total>                     483 us
[38.421s][info][gc,stats    ]   CWRF: Weak References             483 us, workers (us): 483, ---, ---, 
[38.421s][info][gc,stats    ] Concurrent Weak Roots             11787 us
[38.421s][info][gc,stats    ]   Roots                           10908 us, parallelism: 0.96x
[38.421s][info][gc,stats    ]     CWR: <total>                  10428 us
[38.421s][info][gc,stats    ]     CWR: Code Cache Roots          9260 us, workers (us): 9260, ---, ---, 
[38.421s][info][gc,stats    ]     CWR: VM Weak Roots             1083 us, workers (us): 1083, ---, ---, 
[38.421s][info][gc,stats    ]     CWR: CLDG Roots                  84 us, workers (us):  84, ---, ---, 
[38.421s][info][gc,stats    ]   Rendezvous                        777 us
[38.421s][info][gc,stats    ] Concurrent Cleanup                   63 us
[38.421s][info][gc,stats    ] Concurrent Class Unloading        42181 us
[38.421s][info][gc,stats    ]   Unlink Stale                    40678 us
[38.421s][info][gc,stats    ]     System Dictionary               689 us
[38.421s][info][gc,stats    ]     Weak Class Links              18392 us
[38.421s][info][gc,stats    ]     Code Roots                    21594 us
[38.421s][info][gc,stats    ]   Rendezvous                        181 us
[38.421s][info][gc,stats    ]   Purge Unlinked                   1241 us
[38.421s][info][gc,stats    ]     Code Roots                     1152 us
[38.421s][info][gc,stats    ]     CLDG                             88 us
[38.421s][info][gc,stats    ]     Exception Caches                  0 us
[38.421s][info][gc,stats    ] Concurrent Strong Roots             450 us, parallelism: 0.72x
[38.421s][info][gc,stats    ]   CSR: <total>                      325 us
[38.421s][info][gc,stats    ]   CSR: VM Strong Roots                8 us, workers (us):   8, ---, ---, 
[38.421s][info][gc,stats    ]   CSR: CLDG Roots                   317 us, workers (us): 317, ---, ---, 
[38.421s][info][gc,stats    ] Concurrent Evacuation             10055 us
[38.421s][info][gc,stats    ] Pause Init Update Refs (G)          238 us
[38.421s][info][gc,stats    ] Pause Init Update Refs (N)          109 us
[38.421s][info][gc,stats    ]   Manage GCLABs                      18 us
[38.421s][info][gc,stats    ] Concurrent Update Refs            56332 us
[38.421s][info][gc,stats    ] Concurrent Update Thread Roots     6873 us
[38.421s][info][gc,stats    ] Pause Final Update Refs (G)         269 us
[38.421s][info][gc,stats    ] Pause Final Update Refs (N)         163 us
[38.421s][info][gc,stats    ]   Update Region States               46 us
[38.421s][info][gc,stats    ]   Trash Collection Set               10 us
[38.421s][info][gc,stats    ]   Rebuild Free Set                   20 us
[38.421s][info][gc,stats    ] Concurrent Cleanup                   44 us
[38.421s][info][gc,stats    ] 
[38.421s][info][gc,stats    ] Allocation pacing accrued:
[38.421s][info][gc,stats    ]       0 of   650 ms (  0.0%): <total>
[38.421s][info][gc,stats    ]       0 of   650 ms (  0.0%): <average total>
[38.421s][info][gc,stats    ] 
[38.422s][info][gc,metaspace] Metaspace: 152566K(153792K)->152573K(153792K) NonClass: 134579K(135232K)->134588K(135232K) Class: 17986K(18560K)->17985K(18560K)
[38.422s][info][gc,ergo     ] Pacer for Idle. Initial: 163M, Alloc Tax Rate: 1.0x
[39.530s][info][gc          ] Trigger: Explicit GC request (System.gc())
[39.530s][info][gc,ergo     ] Free: 5918M, Max: 4096K regular, 5100M humongous, Frag: 14% external, 0% internal; Reserve: 412M, Max: 4096K
[39.530s][info][gc,start    ] GC(22) Concurrent reset
[39.530s][info][gc,task     ] GC(22) Using 1 of 3 workers for concurrent reset
[39.530s][info][gc,ergo     ] GC(22) Pacer for Reset. Non-Taxable: 8192M
[39.535s][info][gc          ] GC(22) Concurrent reset 5.587ms
[39.536s][info][gc,start    ] GC(22) Pause Init Mark (unload classes)
[39.536s][info][gc,task     ] GC(22) Using 3 of 3 workers for init marking
[39.536s][info][gc,ref      ] GC(22) Clearing All SoftReferences
[39.536s][info][gc,ergo     ] GC(22) Pacer for Mark. Expected Live: 146M, Free: 5918M, Non-Taxable: 591M, Alloc Tax Rate: 0.0x
[39.536s][info][gc          ] GC(22) Pause Init Mark (unload classes) 0.108ms
[39.536s][info][gc,start    ] GC(22) Concurrent marking roots
[39.536s][info][gc,task     ] GC(22) Using 1 of 3 workers for concurrent marking roots
[39.544s][info][gc          ] GC(22) Concurrent marking roots 7.839ms
[39.544s][info][gc,start    ] GC(22) Concurrent marking (unload classes)
[39.544s][info][gc,task     ] GC(22) Using 1 of 3 workers for concurrent marking
[39.591s][info][gc          ] GC(22) Concurrent marking (unload classes) 47.433ms
[39.591s][info][gc,start    ] GC(22) Pause Final Mark (unload classes)
[39.591s][info][gc,task     ] GC(22) Using 3 of 3 workers for final marking
[39.592s][info][gc,ergo     ] GC(22) Adaptive CSet Selection. Target Free: 1160M, Actual Free: 6808M, Max CSet: 341M, Min Garbage: 0B
[39.592s][info][gc,ergo     ] GC(22) Collectable Garbage: 1465M (99%), Immediate: 484M (32%), CSet: 980M (66%)
[39.592s][info][gc,ergo     ] GC(22) Pacer for Evacuation. Used CSet: 990M, Free: 6667M, Non-Taxable: 666M, Alloc Tax Rate: 1.1x
[39.592s][info][gc          ] GC(22) Pause Final Mark (unload classes) 0.598ms
[39.592s][info][gc,start    ] GC(22) Concurrent thread roots
[39.592s][info][gc,task     ] GC(22) Using 1 of 3 workers for Concurrent thread roots
[39.599s][info][gc          ] GC(22) Concurrent thread roots 6.935ms
[39.599s][info][gc,start    ] GC(22) Concurrent weak references
[39.599s][info][gc,task     ] GC(22) Using 1 of 3 workers for concurrent weak references
[39.600s][info][gc,ref      ] GC(22) Encountered references: Soft: 3574, Weak: 17862, Final: 53, Phantom: 598
[39.600s][info][gc,ref      ] GC(22) Discovered  references: Soft: 1308, Weak: 6840, Final: 0, Phantom: 373
[39.600s][info][gc,ref      ] GC(22) Enqueued    references: Soft: 848, Weak: 3397, Final: 0, Phantom: 0
[39.600s][info][gc          ] GC(22) Concurrent weak references 1.097ms
[39.600s][info][gc,start    ] GC(22) Concurrent weak roots
[39.600s][info][gc,task     ] GC(22) Using 1 of 3 workers for concurrent weak root
[39.607s][info][gc          ] GC(22) Concurrent weak roots 6.766ms
[39.607s][info][gc,start    ] GC(22) Concurrent cleanup
[39.607s][info][gc          ] GC(22) Concurrent cleanup 1816M->1331M(8192M) 0.045ms
[39.607s][info][gc,ergo     ] GC(22) Free: 6439M, Max: 4096K regular, 5136M humongous, Frag: 21% external, 0% internal; Reserve: 411M, Max: 4096K
[39.607s][info][gc,start    ] GC(22) Concurrent class unloading
[39.607s][info][gc,task     ] GC(22) Using 1 of 3 workers for concurrent class unloading
[39.653s][info][gc          ] GC(22) Concurrent class unloading 45.730ms
[39.653s][info][gc,start    ] GC(22) Concurrent strong roots
[39.653s][info][gc,task     ] GC(22) Using 1 of 3 workers for concurrent strong root
[39.653s][info][gc          ] GC(22) Concurrent strong roots 0.347ms
[39.653s][info][gc,start    ] GC(22) Concurrent evacuation
[39.653s][info][gc,task     ] GC(22) Using 1 of 3 workers for concurrent evacuation
[39.660s][info][gc          ] GC(22) Concurrent evacuation 7.284ms
[39.660s][info][gc,start    ] GC(22) Pause Init Update Refs
[39.661s][info][gc,ergo     ] GC(22) Pacer for Update Refs. Used: 1622M, Free: 6159M, Non-Taxable: 615M, Alloc Tax Rate: 1.1x
[39.661s][info][gc          ] GC(22) Pause Init Update Refs 0.093ms
[39.661s][info][gc,start    ] GC(22) Concurrent update references
[39.661s][info][gc,task     ] GC(22) Using 1 of 3 workers for concurrent reference update
[39.682s][info][gc          ] GC(22) Concurrent update references 21.176ms
[39.682s][info][gc,start    ] GC(22) Concurrent update thread roots
[39.689s][info][gc          ] GC(22) Concurrent update thread roots 7.341ms
[39.689s][info][gc,start    ] GC(22) Pause Final Update Refs
[39.689s][info][gc,task     ] GC(22) Using 3 of 3 workers for final reference update
[39.690s][info][gc          ] GC(22) Pause Final Update Refs 0.207ms
[39.690s][info][gc,start    ] GC(22) Concurrent cleanup
[39.690s][info][gc          ] GC(22) Concurrent cleanup 1622M->632M(8192M) 0.103ms
[39.690s][info][gc,ergo     ] Free: 7147M, Max: 4096K regular, 5232M humongous, Frag: 27% external, 0% internal; Reserve: 412M, Max: 4096K
[39.690s][info][gc,stats    ] 
[39.690s][info][gc,stats    ] All times are wall-clock times, except per-root-class counters, that are sum over
[39.690s][info][gc,stats    ] all workers. Dividing the <total> over the root stage time estimates parallelism.
[39.690s][info][gc,stats    ] 
[39.690s][info][gc,stats    ] Concurrent Reset                   5644 us
[39.690s][info][gc,stats    ] Pause Init Mark (G)                 250 us
[39.690s][info][gc,stats    ] Pause Init Mark (N)                 117 us
[39.690s][info][gc,stats    ]   Update Region States               36 us
[39.690s][info][gc,stats    ] Concurrent Mark Roots              7890 us, parallelism: 0.97x
[39.690s][info][gc,stats    ]   CMR: <total>                     7633 us
[39.690s][info][gc,stats    ]   CMR: Thread Roots                7547 us, workers (us): 7547, ---, ---, 
[39.690s][info][gc,stats    ]   CMR: VM Strong Roots               14 us, workers (us):  14, ---, ---, 
[39.690s][info][gc,stats    ]   CMR: CLDG Roots                    72 us, workers (us):  72, ---, ---, 
[39.690s][info][gc,stats    ] Concurrent Marking                47500 us
[39.690s][info][gc,stats    ] Pause Final Mark (G)                764 us
[39.690s][info][gc,stats    ] Pause Final Mark (N)                619 us
[39.690s][info][gc,stats    ]   Finish Mark                       157 us
[39.690s][info][gc,stats    ]   Update Region States              107 us
[39.690s][info][gc,stats    ]   Choose Collection Set             183 us
[39.690s][info][gc,stats    ]   Rebuild Free Set                   24 us
[39.690s][info][gc,stats    ] Concurrent Thread Roots            6985 us, parallelism: 0.98x
[39.690s][info][gc,stats    ]   CTR: <total>                     6841 us
[39.690s][info][gc,stats    ]   CTR: Thread Roots                6841 us, workers (us): 6841, ---, ---, 
[39.690s][info][gc,stats    ] Concurrent Weak References         1105 us, parallelism: 0.81x
[39.690s][info][gc,stats    ]   CWRF: <total>                     897 us
[39.690s][info][gc,stats    ]   CWRF: Weak References             897 us, workers (us): 897, ---, ---, 
[39.690s][info][gc,stats    ] Concurrent Weak Roots              6807 us
[39.690s][info][gc,stats    ]   Roots                            6557 us, parallelism: 0.99x
[39.690s][info][gc,stats    ]     CWR: <total>                   6517 us
[39.690s][info][gc,stats    ]     CWR: Code Cache Roots          5818 us, workers (us): 5818, ---, ---, 
[39.690s][info][gc,stats    ]     CWR: VM Weak Roots              621 us, workers (us): 621, ---, ---, 
[39.690s][info][gc,stats    ]     CWR: CLDG Roots                  77 us, workers (us):  77, ---, ---, 
[39.690s][info][gc,stats    ]   Rendezvous                        190 us
[39.690s][info][gc,stats    ] Concurrent Cleanup                   54 us
[39.690s][info][gc,stats    ] Concurrent Class Unloading        45783 us
[39.690s][info][gc,stats    ]   Unlink Stale                    43857 us
[39.690s][info][gc,stats    ]     System Dictionary              1933 us
[39.690s][info][gc,stats    ]     Weak Class Links              16430 us
[39.690s][info][gc,stats    ]     Code Roots                    25491 us
[39.690s][info][gc,stats    ]   Rendezvous                        167 us
[39.690s][info][gc,stats    ]   Purge Unlinked                   1687 us
[39.690s][info][gc,stats    ]     Code Roots                      901 us
[39.690s][info][gc,stats    ]     CLDG                            785 us
[39.690s][info][gc,stats    ]     Exception Caches                  0 us
[39.690s][info][gc,stats    ] Concurrent Strong Roots             357 us, parallelism: 0.66x
[39.690s][info][gc,stats    ]   CSR: <total>                      234 us
[39.690s][info][gc,stats    ]   CSR: VM Strong Roots                9 us, workers (us):   9, ---, ---, 
[39.690s][info][gc,stats    ]   CSR: CLDG Roots                   225 us, workers (us): 225, ---, ---, 
[39.690s][info][gc,stats    ] Concurrent Evacuation              7356 us
[39.690s][info][gc,stats    ] Pause Init Update Refs (G)          219 us
[39.690s][info][gc,stats    ] Pause Init Update Refs (N)          102 us
[39.690s][info][gc,stats    ]   Manage GCLABs                      36 us
[39.690s][info][gc,stats    ] Concurrent Update Refs            21246 us
[39.690s][info][gc,stats    ] Concurrent Update Thread Roots     7390 us
[39.690s][info][gc,stats    ] Pause Final Update Refs (G)         366 us
[39.690s][info][gc,stats    ] Pause Final Update Refs (N)         228 us
[39.690s][info][gc,stats    ]   Update Region States               76 us
[39.690s][info][gc,stats    ]   Trash Collection Set               13 us
[39.690s][info][gc,stats    ]   Rebuild Free Set                   31 us
[39.690s][info][gc,stats    ] Concurrent Cleanup                  129 us
[39.690s][info][gc,stats    ] 
[39.690s][info][gc,stats    ] Allocation pacing accrued:
[39.690s][info][gc,stats    ]       0 of  1269 ms (  0.0%): <total>
[39.690s][info][gc,stats    ]       0 of  1269 ms (  0.0%): <average total>
[39.690s][info][gc,stats    ] 
[39.690s][info][gc,metaspace] Metaspace: 152882K(154048K)->151851K(154048K) NonClass: 134870K(135488K)->134011K(135488K) Class: 18011K(18560K)->17839K(18560K)
[39.690s][info][gc,ergo     ] Pacer for Idle. Initial: 163M, Alloc Tax Rate: 1.0x
[40.098s][info][gc          ] Trigger: Learning 2 of 5. Free (5707M) is below initial threshold (5734M)
[40.098s][info][gc,ergo     ] Free: 5707M, Max: 4096K regular, 5232M humongous, Frag: 9% external, 0% internal; Reserve: 412M, Max: 4096K
[40.098s][info][gc,start    ] GC(23) Concurrent reset
[40.098s][info][gc,task     ] GC(23) Using 1 of 3 workers for concurrent reset
[40.098s][info][gc,ergo     ] GC(23) Pacer for Reset. Non-Taxable: 8192M
[40.110s][info][gc          ] GC(23) Concurrent reset 11.833ms
[40.111s][info][gc,start    ] GC(23) Pause Init Mark (unload classes)
[40.111s][info][gc,task     ] GC(23) Using 3 of 3 workers for init marking
[40.111s][info][gc,ergo     ] GC(23) Pacer for Mark. Expected Live: 136M, Free: 5631M, Non-Taxable: 563M, Alloc Tax Rate: 0.0x
[40.111s][info][gc          ] GC(23) Pause Init Mark (unload classes) 0.180ms
[40.114s][info][gc,start    ] GC(23) Concurrent marking roots
[40.114s][info][gc,task     ] GC(23) Using 1 of 3 workers for concurrent marking roots
[40.124s][info][gc          ] GC(23) Concurrent marking roots 9.945ms
[40.124s][info][gc,start    ] GC(23) Concurrent marking (unload classes)
[40.124s][info][gc,task     ] GC(23) Using 1 of 3 workers for concurrent marking
[40.190s][info][gc          ] GC(23) Concurrent marking (unload classes) 66.557ms
[40.191s][info][gc,start    ] GC(23) Pause Final Mark (unload classes)
[40.191s][info][gc,task     ] GC(23) Using 3 of 3 workers for final marking
[40.191s][info][gc,ergo     ] GC(23) Adaptive CSet Selection. Target Free: 1160M, Actual Free: 6581M, Max CSet: 341M, Min Garbage: 0B
[40.191s][info][gc,ergo     ] GC(23) Collectable Garbage: 1945M (99%), Immediate: 901M (46%), CSet: 1044M (53%)
[40.191s][info][gc,ergo     ] GC(23) Pacer for Evacuation. Used CSet: 1100M, Free: 6201M, Non-Taxable: 620M, Alloc Tax Rate: 1.1x
[40.191s][info][gc          ] GC(23) Pause Final Mark (unload classes) 0.271ms
[40.191s][info][gc,start    ] GC(23) Concurrent thread roots
[40.191s][info][gc,task     ] GC(23) Using 1 of 3 workers for Concurrent thread roots
[40.199s][info][gc          ] GC(23) Concurrent thread roots 8.089ms
[40.199s][info][gc,start    ] GC(23) Concurrent weak references
[40.199s][info][gc,task     ] GC(23) Using 1 of 3 workers for concurrent weak references
[40.199s][info][gc,ref      ] GC(23) Encountered references: Soft: 3702, Weak: 14889, Final: 53, Phantom: 598
[40.199s][info][gc,ref      ] GC(23) Discovered  references: Soft: 0, Weak: 3238, Final: 0, Phantom: 278
[40.199s][info][gc,ref      ] GC(23) Enqueued    references: Soft: 0, Weak: 217, Final: 0, Phantom: 0
[40.199s][info][gc          ] GC(23) Concurrent weak references 0.385ms
[40.199s][info][gc,start    ] GC(23) Concurrent weak roots
[40.199s][info][gc,task     ] GC(23) Using 1 of 3 workers for concurrent weak root
[40.207s][info][gc          ] GC(23) Concurrent weak roots 7.254ms
[40.207s][info][gc,start    ] GC(23) Concurrent cleanup
[40.207s][info][gc          ] GC(23) Concurrent cleanup 2554M->1652M(8192M) 0.038ms
[40.207s][info][gc,ergo     ] GC(23) Free: 6112M, Max: 4096K regular, 5180M humongous, Frag: 16% external, 0% internal; Reserve: 411M, Max: 4096K
[40.207s][info][gc,start    ] GC(23) Concurrent class unloading
[40.207s][info][gc,task     ] GC(23) Using 1 of 3 workers for concurrent class unloading
[40.255s][info][gc          ] GC(23) Concurrent class unloading 48.670ms
[40.256s][info][gc,start    ] GC(23) Concurrent strong roots
[40.256s][info][gc,task     ] GC(23) Using 1 of 3 workers for concurrent strong root
[40.256s][info][gc          ] GC(23) Concurrent strong roots 0.615ms
[40.256s][info][gc,start    ] GC(23) Concurrent evacuation
[40.256s][info][gc,task     ] GC(23) Using 1 of 3 workers for concurrent evacuation
[40.264s][info][gc          ] GC(23) Concurrent evacuation 8.211ms
[40.265s][info][gc,start    ] GC(23) Pause Init Update Refs
[40.265s][info][gc,ergo     ] GC(23) Pacer for Update Refs. Used: 1773M, Free: 6056M, Non-Taxable: 605M, Alloc Tax Rate: 1.1x
[40.265s][info][gc          ] GC(23) Pause Init Update Refs 0.093ms
[40.265s][info][gc,start    ] GC(23) Concurrent update references
[40.265s][info][gc,task     ] GC(23) Using 1 of 3 workers for concurrent reference update
[40.346s][info][gc          ] GC(23) Concurrent update references 81.279ms
[40.346s][info][gc,start    ] GC(23) Concurrent update thread roots
[40.353s][info][gc          ] GC(23) Concurrent update thread roots 6.987ms
[40.353s][info][gc,start    ] GC(23) Pause Final Update Refs
[40.353s][info][gc,task     ] GC(23) Using 3 of 3 workers for final reference update
[40.353s][info][gc          ] GC(23) Pause Final Update Refs 0.113ms
[40.353s][info][gc,start    ] GC(23) Concurrent cleanup
[40.353s][info][gc          ] GC(23) Concurrent cleanup 1844M->743M(8192M) 0.046ms
[40.353s][info][gc,ergo     ] Free: 6996M, Max: 4096K regular, 5112M humongous, Frag: 27% external, 0% internal; Reserve: 412M, Max: 4096K
[40.353s][info][gc,stats    ] 
[40.353s][info][gc,stats    ] All times are wall-clock times, except per-root-class counters, that are sum over
[40.353s][info][gc,stats    ] all workers. Dividing the <total> over the root stage time estimates parallelism.
[40.353s][info][gc,stats    ] 
[40.353s][info][gc,stats    ] Concurrent Reset                  11966 us
[40.353s][info][gc,stats    ] Pause Init Mark (G)                3470 us
[40.353s][info][gc,stats    ] Pause Init Mark (N)                 190 us
[40.353s][info][gc,stats    ]   Update Region States               59 us
[40.353s][info][gc,stats    ] Concurrent Mark Roots             10043 us, parallelism: 0.94x
[40.353s][info][gc,stats    ]   CMR: <total>                     9473 us
[40.353s][info][gc,stats    ]   CMR: Thread Roots                9302 us, workers (us): 9302, ---, ---, 
[40.353s][info][gc,stats    ]   CMR: VM Strong Roots               23 us, workers (us):  23, ---, ---, 
[40.353s][info][gc,stats    ]   CMR: CLDG Roots                   148 us, workers (us): 148, ---, ---, 
[40.353s][info][gc,stats    ] Concurrent Marking                66604 us
[40.353s][info][gc,stats    ] Pause Final Mark (G)                360 us
[40.353s][info][gc,stats    ] Pause Final Mark (N)                279 us
[40.354s][info][gc,stats    ]   Finish Mark                        66 us
[40.354s][info][gc,stats    ]   Update Region States               34 us
[40.354s][info][gc,stats    ]   Choose Collection Set              75 us
[40.354s][info][gc,stats    ]   Rebuild Free Set                    9 us
[40.354s][info][gc,stats    ] Concurrent Thread Roots            8121 us, parallelism: 0.99x
[40.354s][info][gc,stats    ]   CTR: <total>                     8006 us
[40.354s][info][gc,stats    ]   CTR: Thread Roots                8006 us, workers (us): 8006, ---, ---, 
[40.354s][info][gc,stats    ] Concurrent Weak References          400 us, parallelism: 0.66x
[40.354s][info][gc,stats    ]   CWRF: <total>                     263 us
[40.354s][info][gc,stats    ]   CWRF: Weak References             263 us, workers (us): 263, ---, ---, 
[40.354s][info][gc,stats    ] Concurrent Weak Roots              7310 us
[40.354s][info][gc,stats    ]   Roots                            6903 us, parallelism: 0.99x
[40.354s][info][gc,stats    ]     CWR: <total>                   6863 us
[40.354s][info][gc,stats    ]     CWR: Code Cache Roots          5105 us, workers (us): 5105, ---, ---, 
[40.354s][info][gc,stats    ]     CWR: VM Weak Roots             1648 us, workers (us): 1648, ---, ---, 
[40.354s][info][gc,stats    ]     CWR: CLDG Roots                 110 us, workers (us): 110, ---, ---, 
[40.354s][info][gc,stats    ]   Rendezvous                        319 us
[40.354s][info][gc,stats    ] Concurrent Cleanup                   46 us
[40.354s][info][gc,stats    ] Concurrent Class Unloading        48730 us
[40.354s][info][gc,stats    ]   Unlink Stale                    47336 us
[40.354s][info][gc,stats    ]     System Dictionary               409 us
[40.354s][info][gc,stats    ]     Weak Class Links              26162 us
[40.354s][info][gc,stats    ]     Code Roots                    20762 us
[40.354s][info][gc,stats    ]   Rendezvous                        177 us
[40.354s][info][gc,stats    ]   Purge Unlinked                   1138 us
[40.354s][info][gc,stats    ]     Code Roots                     1039 us
[40.354s][info][gc,stats    ]     CLDG                             98 us
[40.354s][info][gc,stats    ]     Exception Caches                  0 us
[40.354s][info][gc,stats    ] Concurrent Strong Roots             659 us, parallelism: 0.69x
[40.354s][info][gc,stats    ]   CSR: <total>                      456 us
[40.354s][info][gc,stats    ]   CSR: VM Strong Roots               14 us, workers (us):  14, ---, ---, 
[40.354s][info][gc,stats    ]   CSR: CLDG Roots                   441 us, workers (us): 441, ---, ---, 
[40.354s][info][gc,stats    ] Concurrent Evacuation              8289 us
[40.354s][info][gc,stats    ] Pause Init Update Refs (G)          228 us
[40.354s][info][gc,stats    ] Pause Init Update Refs (N)          110 us
[40.354s][info][gc,stats    ]   Manage GCLABs                      20 us
[40.354s][info][gc,stats    ] Concurrent Update Refs            81335 us
[40.354s][info][gc,stats    ] Concurrent Update Thread Roots     7040 us
[40.354s][info][gc,stats    ] Pause Final Update Refs (G)         215 us
[40.354s][info][gc,stats    ] Pause Final Update Refs (N)         124 us
[40.354s][info][gc,stats    ]   Update Region States               41 us
[40.354s][info][gc,stats    ]   Trash Collection Set                9 us
[40.354s][info][gc,stats    ]   Rebuild Free Set                   18 us
[40.354s][info][gc,stats    ] Concurrent Cleanup                   56 us
[40.354s][info][gc,stats    ] 
[40.354s][info][gc,stats    ] Allocation pacing accrued:
[40.354s][info][gc,stats    ]       0 of   663 ms (  0.0%): <total>
[40.354s][info][gc,stats    ]       0 of   663 ms (  0.0%): <average total>
[40.354s][info][gc,stats    ] 
[40.354s][info][gc,metaspace] Metaspace: 152739K(154048K)->152761K(154048K) NonClass: 134752K(135488K)->134773K(135488K) Class: 17987K(18560K)->17988K(18560K)
[40.354s][info][gc,ergo     ] Pacer for Idle. Initial: 163M, Alloc Tax Rate: 1.0x
[41.459s][info][gc          ] Trigger: Explicit GC request (System.gc())
[41.459s][info][gc,ergo     ] Free: 5818M, Max: 4096K regular, 5112M humongous, Frag: 13% external, 0% internal; Reserve: 412M, Max: 4096K
[41.459s][info][gc,start    ] GC(24) Concurrent reset
[41.459s][info][gc,task     ] GC(24) Using 1 of 3 workers for concurrent reset
[41.459s][info][gc,ergo     ] GC(24) Pacer for Reset. Non-Taxable: 8192M
[41.464s][info][gc          ] GC(24) Concurrent reset 4.913ms
[41.464s][info][gc,start    ] GC(24) Pause Init Mark (unload classes)
[41.464s][info][gc,task     ] GC(24) Using 3 of 3 workers for init marking
[41.464s][info][gc,ref      ] GC(24) Clearing All SoftReferences
[41.464s][info][gc,ergo     ] GC(24) Pacer for Mark. Expected Live: 146M, Free: 5818M, Non-Taxable: 581M, Alloc Tax Rate: 0.0x
[41.464s][info][gc          ] GC(24) Pause Init Mark (unload classes) 0.196ms
[41.465s][info][gc,start    ] GC(24) Concurrent marking roots
[41.465s][info][gc,task     ] GC(24) Using 1 of 3 workers for concurrent marking roots
[41.472s][info][gc          ] GC(24) Concurrent marking roots 7.005ms
[41.472s][info][gc,start    ] GC(24) Concurrent marking (unload classes)
[41.472s][info][gc,task     ] GC(24) Using 1 of 3 workers for concurrent marking
[41.520s][info][gc          ] GC(24) Concurrent marking (unload classes) 48.674ms
[41.520s][info][gc,start    ] GC(24) Pause Final Mark (unload classes)
[41.520s][info][gc,task     ] GC(24) Using 3 of 3 workers for final marking
[41.521s][info][gc,ergo     ] GC(24) Adaptive CSet Selection. Target Free: 1160M, Actual Free: 6849M, Max CSet: 341M, Min Garbage: 0B
[41.521s][info][gc,ergo     ] GC(24) Collectable Garbage: 1564M (99%), Immediate: 625M (39%), CSet: 938M (59%)
[41.521s][info][gc,ergo     ] GC(24) Pacer for Evacuation. Used CSet: 946M, Free: 6707M, Non-Taxable: 670M, Alloc Tax Rate: 1.1x
[41.521s][info][gc          ] GC(24) Pause Final Mark (unload classes) 0.469ms
[41.521s][info][gc,start    ] GC(24) Concurrent thread roots
[41.521s][info][gc,task     ] GC(24) Using 1 of 3 workers for Concurrent thread roots
[41.528s][info][gc          ] GC(24) Concurrent thread roots 7.053ms
[41.528s][info][gc,start    ] GC(24) Concurrent weak references
[41.528s][info][gc,task     ] GC(24) Using 1 of 3 workers for concurrent weak references
[41.529s][info][gc,ref      ] GC(24) Encountered references: Soft: 3574, Weak: 17866, Final: 53, Phantom: 598
[41.529s][info][gc,ref      ] GC(24) Discovered  references: Soft: 1308, Weak: 6843, Final: 0, Phantom: 373
[41.529s][info][gc,ref      ] GC(24) Enqueued    references: Soft: 848, Weak: 3400, Final: 0, Phantom: 0
[41.529s][info][gc          ] GC(24) Concurrent weak references 0.936ms
[41.529s][info][gc,start    ] GC(24) Concurrent weak roots
[41.529s][info][gc,task     ] GC(24) Using 1 of 3 workers for concurrent weak root
[41.536s][info][gc          ] GC(24) Concurrent weak roots 6.893ms
[41.536s][info][gc,start    ] GC(24) Concurrent cleanup
[41.536s][info][gc          ] GC(24) Concurrent cleanup 1896M->1271M(8192M) 0.041ms
[41.536s][info][gc,ergo     ] GC(24) Free: 6499M, Max: 4096K regular, 5152M humongous, Frag: 21% external, 0% internal; Reserve: 411M, Max: 4096K
[41.536s][info][gc,start    ] GC(24) Concurrent class unloading
[41.536s][info][gc,task     ] GC(24) Using 1 of 3 workers for concurrent class unloading
[41.579s][info][gc          ] GC(24) Concurrent class unloading 43.029ms
[41.579s][info][gc,start    ] GC(24) Concurrent strong roots
[41.579s][info][gc,task     ] GC(24) Using 1 of 3 workers for concurrent strong root
[41.579s][info][gc          ] GC(24) Concurrent strong roots 0.399ms
[41.580s][info][gc,start    ] GC(24) Concurrent evacuation
[41.580s][info][gc,task     ] GC(24) Using 1 of 3 workers for concurrent evacuation
[41.585s][info][gc          ] GC(24) Concurrent evacuation 5.001ms
[41.585s][info][gc,start    ] GC(24) Pause Init Update Refs
[41.585s][info][gc,ergo     ] GC(24) Pacer for Update Refs. Used: 1602M, Free: 6179M, Non-Taxable: 617M, Alloc Tax Rate: 1.1x
[41.585s][info][gc          ] GC(24) Pause Init Update Refs 0.128ms
[41.585s][info][gc,start    ] GC(24) Concurrent update references
[41.585s][info][gc,task     ] GC(24) Using 1 of 3 workers for concurrent reference update
[41.606s][info][gc          ] GC(24) Concurrent update references 21.230ms
[41.606s][info][gc,start    ] GC(24) Concurrent update thread roots
[41.613s][info][gc          ] GC(24) Concurrent update thread roots 6.589ms
[41.613s][info][gc,start    ] GC(24) Pause Final Update Refs
[41.613s][info][gc,task     ] GC(24) Using 3 of 3 workers for final reference update
[41.613s][info][gc          ] GC(24) Pause Final Update Refs 0.119ms
[41.613s][info][gc,start    ] GC(24) Concurrent cleanup
[41.613s][info][gc          ] GC(24) Concurrent cleanup 1602M->656M(8192M) 0.059ms
[41.613s][info][gc,ergo     ] Free: 7123M, Max: 4096K regular, 5228M humongous, Frag: 27% external, 0% internal; Reserve: 412M, Max: 4096K
[41.613s][info][gc,stats    ] 
[41.613s][info][gc,stats    ] All times are wall-clock times, except per-root-class counters, that are sum over
[41.613s][info][gc,stats    ] all workers. Dividing the <total> over the root stage time estimates parallelism.
[41.613s][info][gc,stats    ] 
[41.613s][info][gc,stats    ] Concurrent Reset                   4969 us
[41.613s][info][gc,stats    ] Pause Init Mark (G)                 428 us
[41.613s][info][gc,stats    ] Pause Init Mark (N)                 213 us
[41.613s][info][gc,stats    ]   Update Region States               70 us
[41.613s][info][gc,stats    ] Concurrent Mark Roots              7050 us, parallelism: 0.96x
[41.613s][info][gc,stats    ]   CMR: <total>                     6790 us
[41.613s][info][gc,stats    ]   CMR: Thread Roots                6703 us, workers (us): 6703, ---, ---, 
[41.613s][info][gc,stats    ]   CMR: VM Strong Roots               15 us, workers (us):  15, ---, ---, 
[41.613s][info][gc,stats    ]   CMR: CLDG Roots                    72 us, workers (us):  72, ---, ---, 
[41.613s][info][gc,stats    ] Concurrent Marking                48741 us
[41.613s][info][gc,stats    ] Pause Final Mark (G)                626 us
[41.613s][info][gc,stats    ] Pause Final Mark (N)                490 us
[41.613s][info][gc,stats    ]   Finish Mark                        97 us
[41.613s][info][gc,stats    ]   Update Region States               56 us
[41.613s][info][gc,stats    ]   Choose Collection Set             159 us
[41.613s][info][gc,stats    ]   Rebuild Free Set                   24 us
[41.613s][info][gc,stats    ] Concurrent Thread Roots            7108 us, parallelism: 0.98x
[41.613s][info][gc,stats    ]   CTR: <total>                     6963 us
[41.613s][info][gc,stats    ]   CTR: Thread Roots                6963 us, workers (us): 6963, ---, ---, 
[41.614s][info][gc,stats    ] Concurrent Weak References          944 us, parallelism: 0.84x
[41.614s][info][gc,stats    ]   CWRF: <total>                     792 us
[41.614s][info][gc,stats    ]   CWRF: Weak References             792 us, workers (us): 792, ---, ---, 
[41.614s][info][gc,stats    ] Concurrent Weak Roots              6935 us
[41.614s][info][gc,stats    ]   Roots                            6699 us, parallelism: 0.99x
[41.614s][info][gc,stats    ]     CWR: <total>                   6656 us
[41.614s][info][gc,stats    ]     CWR: Code Cache Roots          5953 us, workers (us): 5953, ---, ---, 
[41.614s][info][gc,stats    ]     CWR: VM Weak Roots              623 us, workers (us): 623, ---, ---, 
[41.614s][info][gc,stats    ]     CWR: CLDG Roots                  80 us, workers (us):  80, ---, ---, 
[41.614s][info][gc,stats    ]   Rendezvous                        175 us
[41.614s][info][gc,stats    ] Concurrent Cleanup                   50 us
[41.614s][info][gc,stats    ] Concurrent Class Unloading        43081 us
[41.614s][info][gc,stats    ]   Unlink Stale                    40774 us
[41.614s][info][gc,stats    ]     System Dictionary              1799 us
[41.614s][info][gc,stats    ]     Weak Class Links              16223 us
[41.614s][info][gc,stats    ]     Code Roots                    22750 us
[41.614s][info][gc,stats    ]   Rendezvous                        177 us
[41.614s][info][gc,stats    ]   Purge Unlinked                   2058 us
[41.614s][info][gc,stats    ]     Code Roots                     1049 us
[41.614s][info][gc,stats    ]     CLDG                           1009 us
[41.614s][info][gc,stats    ]     Exception Caches                  0 us
[41.614s][info][gc,stats    ] Concurrent Strong Roots             454 us, parallelism: 0.60x
[41.614s][info][gc,stats    ]   CSR: <total>                      273 us
[41.614s][info][gc,stats    ]   CSR: VM Strong Roots                8 us, workers (us):   8, ---, ---, 
[41.614s][info][gc,stats    ]   CSR: CLDG Roots                   266 us, workers (us): 266, ---, ---, 
[41.614s][info][gc,stats    ] Concurrent Evacuation              5049 us
[41.614s][info][gc,stats    ] Pause Init Update Refs (G)          320 us
[41.614s][info][gc,stats    ] Pause Init Update Refs (N)          154 us
[41.614s][info][gc,stats    ]   Manage GCLABs                      41 us
[41.614s][info][gc,stats    ] Concurrent Update Refs            21310 us
[41.614s][info][gc,stats    ] Concurrent Update Thread Roots     6625 us
[41.614s][info][gc,stats    ] Pause Final Update Refs (G)         182 us
[41.614s][info][gc,stats    ] Pause Final Update Refs (N)         129 us
[41.614s][info][gc,stats    ]   Update Region States               42 us
[41.614s][info][gc,stats    ]   Trash Collection Set                8 us
[41.614s][info][gc,stats    ]   Rebuild Free Set                   18 us
[41.614s][info][gc,stats    ] Concurrent Cleanup                   78 us
[41.614s][info][gc,stats    ] 
[41.614s][info][gc,stats    ] Allocation pacing accrued:
[41.614s][info][gc,stats    ]       0 of  1260 ms (  0.0%): <total>
[41.614s][info][gc,stats    ]       0 of  1260 ms (  0.0%): <average total>
[41.614s][info][gc,stats    ] 
[41.614s][info][gc,metaspace] Metaspace: 153053K(154240K)->152021K(154176K) NonClass: 135042K(135680K)->134182K(135616K) Class: 18010K(18560K)->17839K(18560K)
[41.614s][info][gc,ergo     ] Pacer for Idle. Initial: 163M, Alloc Tax Rate: 1.0x
[41.999s][info][gc          ] Trigger: Learning 2 of 5. Free (5687M) is below initial threshold (5734M)
[42.000s][info][gc,ergo     ] Free: 5687M, Max: 4096K regular, 5228M humongous, Frag: 9% external, 0% internal; Reserve: 412M, Max: 4096K
[42.000s][info][gc,start    ] GC(25) Concurrent reset
[42.000s][info][gc,task     ] GC(25) Using 1 of 3 workers for concurrent reset
[42.000s][info][gc,ergo     ] GC(25) Pacer for Reset. Non-Taxable: 8192M
[42.013s][info][gc          ] GC(25) Concurrent reset 13.252ms
[42.013s][info][gc,start    ] GC(25) Pause Init Mark (unload classes)
[42.013s][info][gc,task     ] GC(25) Using 3 of 3 workers for init marking
[42.013s][info][gc,ergo     ] GC(25) Pacer for Mark. Expected Live: 136M, Free: 5591M, Non-Taxable: 559M, Alloc Tax Rate: 0.0x
[42.013s][info][gc          ] GC(25) Pause Init Mark (unload classes) 0.116ms
[42.013s][info][gc,start    ] GC(25) Concurrent marking roots
[42.013s][info][gc,task     ] GC(25) Using 1 of 3 workers for concurrent marking roots
[42.023s][info][gc          ] GC(25) Concurrent marking roots 9.984ms
[42.024s][info][gc,start    ] GC(25) Concurrent marking (unload classes)
[42.024s][info][gc,task     ] GC(25) Using 1 of 3 workers for concurrent marking
[42.092s][info][gc          ] GC(25) Concurrent marking (unload classes) 68.247ms
[42.092s][info][gc,start    ] GC(25) Pause Final Mark (unload classes)
[42.092s][info][gc,task     ] GC(25) Using 3 of 3 workers for final marking
[42.092s][info][gc,ergo     ] GC(25) Adaptive CSet Selection. Target Free: 1160M, Actual Free: 6547M, Max CSet: 341M, Min Garbage: 0B
[42.092s][info][gc,ergo     ] GC(25) Collectable Garbage: 1982M (99%), Immediate: 891M (44%), CSet: 1091M (54%)
[42.092s][info][gc,ergo     ] GC(25) Pacer for Evacuation. Used CSet: 1150M, Free: 6165M, Non-Taxable: 616M, Alloc Tax Rate: 1.1x
[42.092s][info][gc          ] GC(25) Pause Final Mark (unload classes) 0.319ms
[42.092s][info][gc,start    ] GC(25) Concurrent thread roots
[42.092s][info][gc,task     ] GC(25) Using 1 of 3 workers for Concurrent thread roots
[42.100s][info][gc          ] GC(25) Concurrent thread roots 7.989ms
[42.100s][info][gc,start    ] GC(25) Concurrent weak references
[42.100s][info][gc,task     ] GC(25) Using 1 of 3 workers for concurrent weak references
[42.101s][info][gc,ref      ] GC(25) Encountered references: Soft: 3703, Weak: 14887, Final: 53, Phantom: 598
[42.101s][info][gc,ref      ] GC(25) Discovered  references: Soft: 0, Weak: 3270, Final: 0, Phantom: 278
[42.101s][info][gc,ref      ] GC(25) Enqueued    references: Soft: 0, Weak: 218, Final: 0, Phantom: 0
[42.101s][info][gc          ] GC(25) Concurrent weak references 0.387ms
[42.101s][info][gc,start    ] GC(25) Concurrent weak roots
[42.101s][info][gc,task     ] GC(25) Using 1 of 3 workers for concurrent weak root
[42.107s][info][gc          ] GC(25) Concurrent weak roots 6.665ms
[42.107s][info][gc,start    ] GC(25) Concurrent cleanup
[42.107s][info][gc          ] GC(25) Concurrent cleanup 2546M->1655M(8192M) 0.036ms
[42.107s][info][gc,ergo     ] GC(25) Free: 6111M, Max: 4096K regular, 5192M humongous, Frag: 15% external, 0% internal; Reserve: 411M, Max: 4096K
[42.107s][info][gc,start    ] GC(25) Concurrent class unloading
[42.107s][info][gc,task     ] GC(25) Using 1 of 3 workers for concurrent class unloading
[42.153s][info][gc          ] GC(25) Concurrent class unloading 45.498ms
[42.153s][info][gc,start    ] GC(25) Concurrent strong roots
[42.153s][info][gc,task     ] GC(25) Using 1 of 3 workers for concurrent strong root
[42.153s][info][gc          ] GC(25) Concurrent strong roots 0.430ms
[42.153s][info][gc,start    ] GC(25) Concurrent evacuation
[42.153s][info][gc,task     ] GC(25) Using 1 of 3 workers for concurrent evacuation
[42.163s][info][gc          ] GC(25) Concurrent evacuation 9.593ms
[42.163s][info][gc,start    ] GC(25) Pause Init Update Refs
[42.163s][info][gc,ergo     ] GC(25) Pacer for Update Refs. Used: 1797M, Free: 6035M, Non-Taxable: 603M, Alloc Tax Rate: 1.1x
[42.163s][info][gc          ] GC(25) Pause Init Update Refs 0.060ms
[42.163s][info][gc,start    ] GC(25) Concurrent update references
[42.163s][info][gc,task     ] GC(25) Using 1 of 3 workers for concurrent reference update
[42.241s][info][gc          ] GC(25) Concurrent update references 77.804ms
[42.241s][info][gc,start    ] GC(25) Concurrent update thread roots
[42.249s][info][gc          ] GC(25) Concurrent update thread roots 7.389ms
[42.249s][info][gc,start    ] GC(25) Pause Final Update Refs
[42.249s][info][gc,task     ] GC(25) Using 3 of 3 workers for final reference update
[42.249s][info][gc          ] GC(25) Pause Final Update Refs 0.106ms
[42.249s][info][gc,start    ] GC(25) Concurrent cleanup
[42.249s][info][gc          ] GC(25) Concurrent cleanup 1873M->723M(8192M) 0.049ms
[42.249s][info][gc,ergo     ] Free: 7020M, Max: 4096K regular, 5124M humongous, Frag: 27% external, 0% internal; Reserve: 412M, Max: 4096K
[42.249s][info][gc,stats    ] 
[42.249s][info][gc,stats    ] All times are wall-clock times, except per-root-class counters, that are sum over
[42.249s][info][gc,stats    ] all workers. Dividing the <total> over the root stage time estimates parallelism.
[42.249s][info][gc,stats    ] 
[42.249s][info][gc,stats    ] Concurrent Reset                  13377 us
[42.249s][info][gc,stats    ] Pause Init Mark (G)                 382 us
[42.249s][info][gc,stats    ] Pause Init Mark (N)                 124 us
[42.249s][info][gc,stats    ]   Update Region States               37 us
[42.249s][info][gc,stats    ] Concurrent Mark Roots             10122 us, parallelism: 0.94x
[42.249s][info][gc,stats    ]   CMR: <total>                     9540 us
[42.249s][info][gc,stats    ]   CMR: Thread Roots                9400 us, workers (us): 9400, ---, ---, 
[42.249s][info][gc,stats    ]   CMR: VM Strong Roots               21 us, workers (us):  21, ---, ---, 
[42.249s][info][gc,stats    ]   CMR: CLDG Roots                   119 us, workers (us): 119, ---, ---, 
[42.249s][info][gc,stats    ] Concurrent Marking                68289 us
[42.249s][info][gc,stats    ] Pause Final Mark (G)                388 us
[42.249s][info][gc,stats    ] Pause Final Mark (N)                329 us
[42.249s][info][gc,stats    ]   Finish Mark                        51 us
[42.249s][info][gc,stats    ]   Update Region States               29 us
[42.249s][info][gc,stats    ]   Choose Collection Set              77 us
[42.249s][info][gc,stats    ]   Rebuild Free Set                    9 us
[42.249s][info][gc,stats    ] Concurrent Thread Roots            8022 us, parallelism: 0.99x
[42.249s][info][gc,stats    ]   CTR: <total>                     7938 us
[42.249s][info][gc,stats    ]   CTR: Thread Roots                7938 us, workers (us): 7938, ---, ---, 
[42.249s][info][gc,stats    ] Concurrent Weak References          403 us, parallelism: 0.67x
[42.249s][info][gc,stats    ]   CWRF: <total>                     269 us
[42.249s][info][gc,stats    ]   CWRF: Weak References             269 us, workers (us): 269, ---, ---, 
[42.249s][info][gc,stats    ] Concurrent Weak Roots              6712 us
[42.249s][info][gc,stats    ]   Roots                            6476 us, parallelism: 0.99x
[42.249s][info][gc,stats    ]     CWR: <total>                   6437 us
[42.249s][info][gc,stats    ]     CWR: Code Cache Roots          4956 us, workers (us): 4956, ---, ---, 
[42.249s][info][gc,stats    ]     CWR: VM Weak Roots             1378 us, workers (us): 1378, ---, ---, 
[42.249s][info][gc,stats    ]     CWR: CLDG Roots                 104 us, workers (us): 104, ---, ---, 
[42.249s][info][gc,stats    ]   Rendezvous                        155 us
[42.249s][info][gc,stats    ] Concurrent Cleanup                   45 us
[42.249s][info][gc,stats    ] Concurrent Class Unloading        45542 us
[42.249s][info][gc,stats    ]   Unlink Stale                    44292 us
[42.249s][info][gc,stats    ]     System Dictionary               377 us
[42.249s][info][gc,stats    ]     Weak Class Links              21552 us
[42.249s][info][gc,stats    ]     Code Roots                    22362 us
[42.249s][info][gc,stats    ]   Rendezvous                        228 us
[42.249s][info][gc,stats    ]   Purge Unlinked                    958 us
[42.249s][info][gc,stats    ]     Code Roots                      887 us
[42.249s][info][gc,stats    ]     CLDG                             71 us
[42.249s][info][gc,stats    ]     Exception Caches                  0 us
[42.249s][info][gc,stats    ] Concurrent Strong Roots             469 us, parallelism: 0.63x
[42.249s][info][gc,stats    ]   CSR: <total>                      295 us
[42.249s][info][gc,stats    ]   CSR: VM Strong Roots                7 us, workers (us):   7, ---, ---, 
[42.249s][info][gc,stats    ]   CSR: CLDG Roots                   287 us, workers (us): 287, ---, ---, 
[42.249s][info][gc,stats    ] Concurrent Evacuation              9644 us
[42.249s][info][gc,stats    ] Pause Init Update Refs (G)          149 us
[42.249s][info][gc,stats    ] Pause Init Update Refs (N)           68 us
[42.249s][info][gc,stats    ]   Manage GCLABs                      15 us
[42.249s][info][gc,stats    ] Concurrent Update Refs            77908 us
[42.249s][info][gc,stats    ] Concurrent Update Thread Roots     7441 us
[42.249s][info][gc,stats    ] Pause Final Update Refs (G)         209 us
[42.249s][info][gc,stats    ] Pause Final Update Refs (N)         117 us
[42.249s][info][gc,stats    ]   Update Region States               41 us
[42.249s][info][gc,stats    ]   Trash Collection Set                9 us
[42.249s][info][gc,stats    ]   Rebuild Free Set                   13 us
[42.249s][info][gc,stats    ] Concurrent Cleanup                   63 us
[42.249s][info][gc,stats    ] 
[42.249s][info][gc,stats    ] Allocation pacing accrued:
[42.249s][info][gc,stats    ]       0 of   635 ms (  0.0%): <total>
[42.249s][info][gc,stats    ]       0 of   635 ms (  0.0%): <average total>
[42.249s][info][gc,stats    ] 
[42.249s][info][gc,metaspace] Metaspace: 152950K(154176K)->152971K(154176K) NonClass: 134964K(135616K)->134985K(135616K) Class: 17985K(18560K)->17985K(18560K)
[42.249s][info][gc,ergo     ] Pacer for Idle. Initial: 163M, Alloc Tax Rate: 1.0x
[43.339s][info][gc          ] Trigger: Explicit GC request (System.gc())
[43.339s][info][gc,ergo     ] Free: 5829M, Max: 4096K regular, 5124M humongous, Frag: 12% external, 0% internal; Reserve: 412M, Max: 4096K
[43.339s][info][gc,start    ] GC(26) Concurrent reset
[43.339s][info][gc,task     ] GC(26) Using 1 of 3 workers for concurrent reset
[43.339s][info][gc,ergo     ] GC(26) Pacer for Reset. Non-Taxable: 8192M
[43.345s][info][gc          ] GC(26) Concurrent reset 5.846ms
[43.345s][info][gc,start    ] GC(26) Pause Init Mark (unload classes)
[43.345s][info][gc,task     ] GC(26) Using 3 of 3 workers for init marking
[43.345s][info][gc,ref      ] GC(26) Clearing All SoftReferences
[43.345s][info][gc,ergo     ] GC(26) Pacer for Mark. Expected Live: 147M, Free: 5829M, Non-Taxable: 582M, Alloc Tax Rate: 0.0x
[43.345s][info][gc          ] GC(26) Pause Init Mark (unload classes) 0.147ms
[43.345s][info][gc,start    ] GC(26) Concurrent marking roots
[43.345s][info][gc,task     ] GC(26) Using 1 of 3 workers for concurrent marking roots
[43.353s][info][gc          ] GC(26) Concurrent marking roots 7.167ms
[43.353s][info][gc,start    ] GC(26) Concurrent marking (unload classes)
[43.353s][info][gc,task     ] GC(26) Using 1 of 3 workers for concurrent marking
[43.401s][info][gc          ] GC(26) Concurrent marking (unload classes) 48.209ms
[43.401s][info][gc,start    ] GC(26) Pause Final Mark (unload classes)
[43.401s][info][gc,task     ] GC(26) Using 3 of 3 workers for final marking
[43.401s][info][gc,ergo     ] GC(26) Adaptive CSet Selection. Target Free: 1160M, Actual Free: 6850M, Max CSet: 341M, Min Garbage: 0B
[43.401s][info][gc,ergo     ] GC(26) Collectable Garbage: 1548M (99%), Immediate: 618M (39%), CSet: 929M (59%)
[43.402s][info][gc,ergo     ] GC(26) Pacer for Evacuation. Used CSet: 937M, Free: 6715M, Non-Taxable: 671M, Alloc Tax Rate: 1.1x
[43.402s][info][gc          ] GC(26) Pause Final Mark (unload classes) 0.570ms
[43.402s][info][gc,start    ] GC(26) Concurrent thread roots
[43.402s][info][gc,task     ] GC(26) Using 1 of 3 workers for Concurrent thread roots
[43.410s][info][gc          ] GC(26) Concurrent thread roots 7.963ms
[43.410s][info][gc,start    ] GC(26) Concurrent weak references
[43.410s][info][gc,task     ] GC(26) Using 1 of 3 workers for concurrent weak references
[43.410s][info][gc,ref      ] GC(26) Encountered references: Soft: 3574, Weak: 17862, Final: 53, Phantom: 598
[43.410s][info][gc,ref      ] GC(26) Discovered  references: Soft: 1308, Weak: 6840, Final: 0, Phantom: 373
[43.410s][info][gc,ref      ] GC(26) Enqueued    references: Soft: 848, Weak: 3397, Final: 0, Phantom: 0
[43.410s][info][gc          ] GC(26) Concurrent weak references 0.768ms
[43.410s][info][gc,start    ] GC(26) Concurrent weak roots
[43.410s][info][gc,task     ] GC(26) Using 1 of 3 workers for concurrent weak root
[43.418s][info][gc          ] GC(26) Concurrent weak roots 7.696ms
[43.418s][info][gc,start    ] GC(26) Concurrent cleanup
[43.418s][info][gc          ] GC(26) Concurrent cleanup 1874M->1255M(8192M) 0.045ms
[43.418s][info][gc,ergo     ] GC(26) Free: 6515M, Max: 4096K regular, 5164M humongous, Frag: 21% external, 0% internal; Reserve: 410M, Max: 4096K
[43.418s][info][gc,start    ] GC(26) Concurrent class unloading
[43.418s][info][gc,task     ] GC(26) Using 1 of 3 workers for concurrent class unloading
[43.463s][info][gc          ] GC(26) Concurrent class unloading 44.593ms
[43.463s][info][gc,start    ] GC(26) Concurrent strong roots
[43.463s][info][gc,task     ] GC(26) Using 1 of 3 workers for concurrent strong root
[43.463s][info][gc          ] GC(26) Concurrent strong roots 0.322ms
[43.463s][info][gc,start    ] GC(26) Concurrent evacuation
[43.463s][info][gc,task     ] GC(26) Using 1 of 3 workers for concurrent evacuation
[43.468s][info][gc          ] GC(26) Concurrent evacuation 4.988ms
[43.468s][info][gc,start    ] GC(26) Pause Init Update Refs
[43.469s][info][gc,ergo     ] GC(26) Pacer for Update Refs. Used: 1590M, Free: 6191M, Non-Taxable: 619M, Alloc Tax Rate: 1.1x
[43.469s][info][gc          ] GC(26) Pause Init Update Refs 0.136ms
[43.469s][info][gc,start    ] GC(26) Concurrent update references
[43.469s][info][gc,task     ] GC(26) Using 1 of 3 workers for concurrent reference update
[43.489s][info][gc          ] GC(26) Concurrent update references 20.577ms
[43.489s][info][gc,start    ] GC(26) Concurrent update thread roots
[43.497s][info][gc          ] GC(26) Concurrent update thread roots 7.864ms
[43.497s][info][gc,start    ] GC(26) Pause Final Update Refs
[43.497s][info][gc,task     ] GC(26) Using 3 of 3 workers for final reference update
[43.497s][info][gc          ] GC(26) Pause Final Update Refs 0.104ms
[43.497s][info][gc,start    ] GC(26) Concurrent cleanup
[43.497s][info][gc          ] GC(26) Concurrent cleanup 1590M->652M(8192M) 0.032ms
[43.497s][info][gc,ergo     ] Free: 7127M, Max: 4096K regular, 5224M humongous, Frag: 27% external, 0% internal; Reserve: 412M, Max: 4096K
[43.497s][info][gc,stats    ] 
[43.497s][info][gc,stats    ] All times are wall-clock times, except per-root-class counters, that are sum over
[43.497s][info][gc,stats    ] all workers. Dividing the <total> over the root stage time estimates parallelism.
[43.497s][info][gc,stats    ] 
[43.497s][info][gc,stats    ] Concurrent Reset                   5895 us
[43.497s][info][gc,stats    ] Pause Init Mark (G)                 293 us
[43.497s][info][gc,stats    ] Pause Init Mark (N)                 156 us
[43.497s][info][gc,stats    ]   Update Region States               61 us
[43.497s][info][gc,stats    ] Concurrent Mark Roots              7214 us, parallelism: 0.96x
[43.497s][info][gc,stats    ]   CMR: <total>                     6911 us
[43.497s][info][gc,stats    ]   CMR: Thread Roots                6808 us, workers (us): 6808, ---, ---, 
[43.497s][info][gc,stats    ]   CMR: VM Strong Roots               12 us, workers (us):  12, ---, ---, 
[43.497s][info][gc,stats    ]   CMR: CLDG Roots                    91 us, workers (us):  91, ---, ---, 
[43.497s][info][gc,stats    ] Concurrent Marking                48275 us
[43.497s][info][gc,stats    ] Pause Final Mark (G)                728 us
[43.497s][info][gc,stats    ] Pause Final Mark (N)                592 us
[43.497s][info][gc,stats    ]   Finish Mark                       157 us
[43.498s][info][gc,stats    ]   Update Region States               75 us
[43.498s][info][gc,stats    ]   Choose Collection Set             179 us
[43.498s][info][gc,stats    ]   Rebuild Free Set                   25 us
[43.498s][info][gc,stats    ] Concurrent Thread Roots            8016 us, parallelism: 0.95x
[43.498s][info][gc,stats    ]   CTR: <total>                     7639 us
[43.498s][info][gc,stats    ]   CTR: Thread Roots                7639 us, workers (us): 7639, ---, ---, 
[43.498s][info][gc,stats    ] Concurrent Weak References          775 us, parallelism: 0.82x
[43.498s][info][gc,stats    ]   CWRF: <total>                     639 us
[43.498s][info][gc,stats    ]   CWRF: Weak References             639 us, workers (us): 639, ---, ---, 
[43.498s][info][gc,stats    ] Concurrent Weak Roots              7740 us
[43.498s][info][gc,stats    ]   Roots                            7484 us, parallelism: 0.99x
[43.498s][info][gc,stats    ]     CWR: <total>                   7410 us
[43.498s][info][gc,stats    ]     CWR: Code Cache Roots          6321 us, workers (us): 6321, ---, ---, 
[43.498s][info][gc,stats    ]     CWR: VM Weak Roots             1009 us, workers (us): 1009, ---, ---, 
[43.498s][info][gc,stats    ]     CWR: CLDG Roots                  80 us, workers (us):  80, ---, ---, 
[43.498s][info][gc,stats    ]   Rendezvous                        193 us
[43.498s][info][gc,stats    ] Concurrent Cleanup                   54 us
[43.498s][info][gc,stats    ] Concurrent Class Unloading        44640 us
[43.498s][info][gc,stats    ]   Unlink Stale                    42179 us
[43.498s][info][gc,stats    ]     System Dictionary              1798 us
[43.498s][info][gc,stats    ]     Weak Class Links              16491 us
[43.498s][info][gc,stats    ]     Code Roots                    23887 us
[43.498s][info][gc,stats    ]   Rendezvous                        470 us
[43.498s][info][gc,stats    ]   Purge Unlinked                   1925 us
[43.498s][info][gc,stats    ]     Code Roots                     1130 us
[43.498s][info][gc,stats    ]     CLDG                            794 us
[43.498s][info][gc,stats    ]     Exception Caches                  0 us
[43.498s][info][gc,stats    ] Concurrent Strong Roots             340 us, parallelism: 0.63x
[43.498s][info][gc,stats    ]   CSR: <total>                      215 us
[43.498s][info][gc,stats    ]   CSR: VM Strong Roots                8 us, workers (us):   8, ---, ---, 
[43.498s][info][gc,stats    ]   CSR: CLDG Roots                   207 us, workers (us): 207, ---, ---, 
[43.498s][info][gc,stats    ] Concurrent Evacuation              5055 us
[43.498s][info][gc,stats    ] Pause Init Update Refs (G)          347 us
[43.498s][info][gc,stats    ] Pause Init Update Refs (N)          157 us
[43.498s][info][gc,stats    ]   Manage GCLABs                      41 us
[43.498s][info][gc,stats    ] Concurrent Update Refs            20643 us
[43.498s][info][gc,stats    ] Concurrent Update Thread Roots     7881 us
[43.498s][info][gc,stats    ] Pause Final Update Refs (G)         150 us
[43.498s][info][gc,stats    ] Pause Final Update Refs (N)         115 us
[43.498s][info][gc,stats    ]   Update Region States               41 us
[43.498s][info][gc,stats    ]   Trash Collection Set                8 us
[43.498s][info][gc,stats    ]   Rebuild Free Set                   18 us
[43.498s][info][gc,stats    ] Concurrent Cleanup                   41 us
[43.498s][info][gc,stats    ] 
[43.498s][info][gc,stats    ] Allocation pacing accrued:
[43.498s][info][gc,stats    ]       0 of  1249 ms (  0.0%): <total>
[43.498s][info][gc,stats    ]       0 of  1249 ms (  0.0%): <average total>
[43.498s][info][gc,stats    ] 
[43.498s][info][gc,metaspace] Metaspace: 153236K(154432K)->152200K(154368K) NonClass: 135223K(135872K)->134360K(135808K) Class: 18012K(18560K)->17840K(18560K)
[43.498s][info][gc,ergo     ] Pacer for Idle. Initial: 163M, Alloc Tax Rate: 1.0x
[43.914s][info][gc          ] Trigger: Learning 2 of 5. Free (5683M) is below initial threshold (5734M)
[43.914s][info][gc,ergo     ] Free: 5683M, Max: 4096K regular, 5224M humongous, Frag: 8% external, 0% internal; Reserve: 412M, Max: 4096K
[43.914s][info][gc,start    ] GC(27) Concurrent reset
[43.914s][info][gc,task     ] GC(27) Using 1 of 3 workers for concurrent reset
[43.914s][info][gc,ergo     ] GC(27) Pacer for Reset. Non-Taxable: 8192M
[43.928s][info][gc          ] GC(27) Concurrent reset 13.382ms
[43.945s][info][gc,start    ] GC(27) Pause Init Mark (unload classes)
[43.945s][info][gc,task     ] GC(27) Using 3 of 3 workers for init marking
[43.945s][info][gc,ergo     ] GC(27) Pacer for Mark. Expected Live: 136M, Free: 5595M, Non-Taxable: 559M, Alloc Tax Rate: 0.0x
[43.945s][info][gc          ] GC(27) Pause Init Mark (unload classes) 0.305ms
[43.946s][info][gc,start    ] GC(27) Concurrent marking roots
[43.946s][info][gc,task     ] GC(27) Using 1 of 3 workers for concurrent marking roots
[43.956s][info][gc          ] GC(27) Concurrent marking roots 9.854ms
[43.956s][info][gc,start    ] GC(27) Concurrent marking (unload classes)
[43.956s][info][gc,task     ] GC(27) Using 1 of 3 workers for concurrent marking
[44.027s][info][gc          ] GC(27) Concurrent marking (unload classes) 71.166ms
[44.027s][info][gc,start    ] GC(27) Pause Final Mark (unload classes)
[44.027s][info][gc,task     ] GC(27) Using 3 of 3 workers for final marking
[44.027s][info][gc,ergo     ] GC(27) Adaptive CSet Selection. Target Free: 1160M, Actual Free: 6560M, Max CSet: 341M, Min Garbage: 0B
[44.027s][info][gc,ergo     ] GC(27) Collectable Garbage: 1979M (99%), Immediate: 920M (46%), CSet: 1059M (53%)
[44.027s][info][gc,ergo     ] GC(27) Pacer for Evacuation. Used CSet: 1117M, Free: 6185M, Non-Taxable: 618M, Alloc Tax Rate: 1.1x
[44.027s][info][gc          ] GC(27) Pause Final Mark (unload classes) 0.337ms
[44.027s][info][gc,start    ] GC(27) Concurrent thread roots
[44.027s][info][gc,task     ] GC(27) Using 1 of 3 workers for Concurrent thread roots
[44.035s][info][gc          ] GC(27) Concurrent thread roots 7.940ms
[44.035s][info][gc,start    ] GC(27) Concurrent weak references
[44.035s][info][gc,task     ] GC(27) Using 1 of 3 workers for concurrent weak references
[44.036s][info][gc,ref      ] GC(27) Encountered references: Soft: 3703, Weak: 14890, Final: 53, Phantom: 598
[44.036s][info][gc,ref      ] GC(27) Discovered  references: Soft: 0, Weak: 5668, Final: 0, Phantom: 278
[44.036s][info][gc,ref      ] GC(27) Enqueued    references: Soft: 0, Weak: 217, Final: 0, Phantom: 0
[44.036s][info][gc          ] GC(27) Concurrent weak references 0.470ms
[44.036s][info][gc,start    ] GC(27) Concurrent weak roots
[44.036s][info][gc,task     ] GC(27) Using 1 of 3 workers for concurrent weak root
[44.046s][info][gc          ] GC(27) Concurrent weak roots 10.268ms
[44.046s][info][gc,start    ] GC(27) Concurrent cleanup
[44.046s][info][gc          ] GC(27) Concurrent cleanup 2612M->1692M(8192M) 0.082ms
[44.046s][info][gc,ergo     ] GC(27) Free: 6107M, Max: 4096K regular, 5152M humongous, Frag: 16% external, 0% internal; Reserve: 376M, Max: 4096K
[44.046s][info][gc,start    ] GC(27) Concurrent class unloading
[44.046s][info][gc,task     ] GC(27) Using 1 of 3 workers for concurrent class unloading
[44.091s][info][gc          ] GC(27) Concurrent class unloading 44.206ms
[44.091s][info][gc,start    ] GC(27) Concurrent strong roots
[44.091s][info][gc,task     ] GC(27) Using 1 of 3 workers for concurrent strong root
[44.091s][info][gc          ] GC(27) Concurrent strong roots 0.385ms
[44.091s][info][gc,start    ] GC(27) Concurrent evacuation
[44.091s][info][gc,task     ] GC(27) Using 1 of 3 workers for concurrent evacuation
[44.100s][info][gc          ] GC(27) Concurrent evacuation 8.788ms
[44.100s][info][gc,start    ] GC(27) Pause Init Update Refs
[44.100s][info][gc,ergo     ] GC(27) Pacer for Update Refs. Used: 1792M, Free: 6036M, Non-Taxable: 603M, Alloc Tax Rate: 1.1x
[44.100s][info][gc          ] GC(27) Pause Init Update Refs 0.097ms
[44.100s][info][gc,start    ] GC(27) Concurrent update references
[44.100s][info][gc,task     ] GC(27) Using 1 of 3 workers for concurrent reference update
[44.181s][info][gc          ] GC(27) Concurrent update references 80.945ms
[44.181s][info][gc,start    ] GC(27) Concurrent update thread roots
[44.188s][info][gc          ] GC(27) Concurrent update thread roots 7.004ms
[44.188s][info][gc,start    ] GC(27) Pause Final Update Refs
[44.188s][info][gc,task     ] GC(27) Using 3 of 3 workers for final reference update
[44.189s][info][gc          ] GC(27) Pause Final Update Refs 0.149ms
[44.189s][info][gc,start    ] GC(27) Concurrent cleanup
[44.189s][info][gc          ] GC(27) Concurrent cleanup 1864M->746M(8192M) 0.105ms
[44.189s][info][gc,ergo     ] Free: 6993M, Max: 4096K regular, 5088M humongous, Frag: 28% external, 0% internal; Reserve: 412M, Max: 4096K
[44.189s][info][gc,stats    ] 
[44.189s][info][gc,stats    ] All times are wall-clock times, except per-root-class counters, that are sum over
[44.189s][info][gc,stats    ] all workers. Dividing the <total> over the root stage time estimates parallelism.
[44.189s][info][gc,stats    ] 
[44.189s][info][gc,stats    ] Concurrent Reset                  13514 us
[44.189s][info][gc,stats    ] Pause Init Mark (G)               18127 us
[44.189s][info][gc,stats    ] Pause Init Mark (N)                 330 us
[44.189s][info][gc,stats    ]   Update Region States               85 us
[44.189s][info][gc,stats    ] Concurrent Mark Roots              9960 us, parallelism: 0.96x
[44.189s][info][gc,stats    ]   CMR: <total>                     9530 us
[44.189s][info][gc,stats    ]   CMR: Thread Roots                9309 us, workers (us): 9309, ---, ---, 
[44.189s][info][gc,stats    ]   CMR: VM Strong Roots               28 us, workers (us):  28, ---, ---, 
[44.189s][info][gc,stats    ]   CMR: CLDG Roots                   194 us, workers (us): 194, ---, ---, 
[44.189s][info][gc,stats    ] Concurrent Marking                71235 us
[44.189s][info][gc,stats    ] Pause Final Mark (G)                435 us
[44.189s][info][gc,stats    ] Pause Final Mark (N)                346 us
[44.189s][info][gc,stats    ]   Finish Mark                       101 us
[44.189s][info][gc,stats    ]   Update Region States               45 us
[44.189s][info][gc,stats    ]   Choose Collection Set              89 us
[44.189s][info][gc,stats    ]   Rebuild Free Set                    9 us
[44.189s][info][gc,stats    ] Concurrent Thread Roots            8016 us, parallelism: 0.98x
[44.189s][info][gc,stats    ]   CTR: <total>                     7827 us
[44.189s][info][gc,stats    ]   CTR: Thread Roots                7827 us, workers (us): 7827, ---, ---, 
[44.189s][info][gc,stats    ] Concurrent Weak References          478 us, parallelism: 0.75x
[44.189s][info][gc,stats    ]   CWRF: <total>                     357 us
[44.189s][info][gc,stats    ]   CWRF: Weak References             357 us, workers (us): 357, ---, ---, 
[44.189s][info][gc,stats    ] Concurrent Weak Roots             10415 us
[44.189s][info][gc,stats    ]   Roots                            9350 us, parallelism: 0.99x
[44.189s][info][gc,stats    ]     CWR: <total>                   9227 us
[44.189s][info][gc,stats    ]     CWR: Code Cache Roots          7765 us, workers (us): 7765, ---, ---, 
[44.189s][info][gc,stats    ]     CWR: VM Weak Roots             1357 us, workers (us): 1357, ---, ---, 
[44.189s][info][gc,stats    ]     CWR: CLDG Roots                 104 us, workers (us): 104, ---, ---, 
[44.189s][info][gc,stats    ]   Rendezvous                        895 us
[44.189s][info][gc,stats    ] Concurrent Cleanup                   92 us
[44.189s][info][gc,stats    ] Concurrent Class Unloading        44253 us
[44.189s][info][gc,stats    ]   Unlink Stale                    43018 us
[44.189s][info][gc,stats    ]     System Dictionary              1018 us
[44.189s][info][gc,stats    ]     Weak Class Links              19785 us
[44.189s][info][gc,stats    ]     Code Roots                    22211 us
[44.189s][info][gc,stats    ]   Rendezvous                        192 us
[44.189s][info][gc,stats    ]   Purge Unlinked                    971 us
[44.189s][info][gc,stats    ]     Code Roots                      883 us
[44.189s][info][gc,stats    ]     CLDG                             88 us
[44.189s][info][gc,stats    ]     Exception Caches                  0 us
[44.189s][info][gc,stats    ] Concurrent Strong Roots             395 us, parallelism: 0.72x
[44.189s][info][gc,stats    ]   CSR: <total>                      284 us
[44.189s][info][gc,stats    ]   CSR: VM Strong Roots                8 us, workers (us):   8, ---, ---, 
[44.189s][info][gc,stats    ]   CSR: CLDG Roots                   276 us, workers (us): 276, ---, ---, 
[44.189s][info][gc,stats    ] Concurrent Evacuation              8884 us
[44.189s][info][gc,stats    ] Pause Init Update Refs (G)          265 us
[44.189s][info][gc,stats    ] Pause Init Update Refs (N)          114 us
[44.189s][info][gc,stats    ]   Manage GCLABs                      21 us
[44.189s][info][gc,stats    ] Concurrent Update Refs            80997 us
[44.189s][info][gc,stats    ] Concurrent Update Thread Roots     7075 us
[44.189s][info][gc,stats    ] Pause Final Update Refs (G)         268 us
[44.189s][info][gc,stats    ] Pause Final Update Refs (N)         171 us
[44.189s][info][gc,stats    ]   Update Region States               52 us
[44.189s][info][gc,stats    ]   Trash Collection Set                6 us
[44.189s][info][gc,stats    ]   Rebuild Free Set                   17 us
[44.189s][info][gc,stats    ] Concurrent Cleanup                  131 us
[44.189s][info][gc,stats    ] 
[44.189s][info][gc,stats    ] Allocation pacing accrued:
[44.189s][info][gc,stats    ]       0 of   691 ms (  0.0%): <total>
[44.189s][info][gc,stats    ]       0 of   691 ms (  0.0%): <average total>
[44.189s][info][gc,stats    ] 
[44.189s][info][gc,metaspace] Metaspace: 153146K(154368K)->153170K(154368K) NonClass: 135158K(135808K)->135179K(135808K) Class: 17988K(18560K)->17990K(18560K)
[44.189s][info][gc,ergo     ] Pacer for Idle. Initial: 163M, Alloc Tax Rate: 1.0x
[45.273s][info][gc          ] Trigger: Explicit GC request (System.gc())
[45.273s][info][gc,ergo     ] Free: 5793M, Max: 4096K regular, 5088M humongous, Frag: 13% external, 0% internal; Reserve: 412M, Max: 4096K
[45.273s][info][gc,start    ] GC(28) Concurrent reset
[45.273s][info][gc,task     ] GC(28) Using 1 of 3 workers for concurrent reset
[45.273s][info][gc,ergo     ] GC(28) Pacer for Reset. Non-Taxable: 8192M
[45.279s][info][gc          ] GC(28) Concurrent reset 5.303ms
[45.279s][info][gc,start    ] GC(28) Pause Init Mark (unload classes)
[45.279s][info][gc,task     ] GC(28) Using 3 of 3 workers for init marking
[45.279s][info][gc,ref      ] GC(28) Clearing All SoftReferences
[45.279s][info][gc,ergo     ] GC(28) Pacer for Mark. Expected Live: 146M, Free: 5793M, Non-Taxable: 579M, Alloc Tax Rate: 0.0x
[45.279s][info][gc          ] GC(28) Pause Init Mark (unload classes) 0.197ms
[45.279s][info][gc,start    ] GC(28) Concurrent marking roots
[45.279s][info][gc,task     ] GC(28) Using 1 of 3 workers for concurrent marking roots
[45.287s][info][gc          ] GC(28) Concurrent marking roots 7.584ms
[45.287s][info][gc,start    ] GC(28) Concurrent marking (unload classes)
[45.287s][info][gc,task     ] GC(28) Using 1 of 3 workers for concurrent marking
[45.335s][info][gc          ] GC(28) Concurrent marking (unload classes) 48.346ms
[45.335s][info][gc,start    ] GC(28) Pause Final Mark (unload classes)
[45.335s][info][gc,task     ] GC(28) Using 3 of 3 workers for final marking
[45.336s][info][gc,ergo     ] GC(28) Adaptive CSet Selection. Target Free: 1160M, Actual Free: 6795M, Max CSet: 341M, Min Garbage: 0B
[45.336s][info][gc,ergo     ] GC(28) Collectable Garbage: 1583M (99%), Immediate: 599M (37%), CSet: 984M (61%)
[45.336s][info][gc,ergo     ] GC(28) Pacer for Evacuation. Used CSet: 991M, Free: 6659M, Non-Taxable: 665M, Alloc Tax Rate: 1.1x
[45.336s][info][gc          ] GC(28) Pause Final Mark (unload classes) 0.595ms
[45.336s][info][gc,start    ] GC(28) Concurrent thread roots
[45.336s][info][gc,task     ] GC(28) Using 1 of 3 workers for Concurrent thread roots
[45.344s][info][gc          ] GC(28) Concurrent thread roots 7.597ms
[45.344s][info][gc,start    ] GC(28) Concurrent weak references
[45.344s][info][gc,task     ] GC(28) Using 1 of 3 workers for concurrent weak references
[45.344s][info][gc,ref      ] GC(28) Encountered references: Soft: 3577, Weak: 17868, Final: 53, Phantom: 598
[45.344s][info][gc,ref      ] GC(28) Discovered  references: Soft: 1311, Weak: 6866, Final: 0, Phantom: 278
[45.344s][info][gc,ref      ] GC(28) Enqueued    references: Soft: 851, Weak: 3401, Final: 0, Phantom: 0
[45.344s][info][gc          ] GC(28) Concurrent weak references 0.753ms
[45.344s][info][gc,start    ] GC(28) Concurrent weak roots
[45.344s][info][gc,task     ] GC(28) Using 1 of 3 workers for concurrent weak root
[45.352s][info][gc          ] GC(28) Concurrent weak roots 7.169ms
[45.352s][info][gc,start    ] GC(28) Concurrent cleanup
[45.352s][info][gc          ] GC(28) Concurrent cleanup 1900M->1301M(8192M) 0.048ms
[45.352s][info][gc,ergo     ] GC(28) Free: 6467M, Max: 4096K regular, 5124M humongous, Frag: 21% external, 0% internal; Reserve: 410M, Max: 4096K
[45.352s][info][gc,start    ] GC(28) Concurrent class unloading
[45.352s][info][gc,task     ] GC(28) Using 1 of 3 workers for concurrent class unloading
[45.396s][info][gc          ] GC(28) Concurrent class unloading 44.252ms
[45.396s][info][gc,start    ] GC(28) Concurrent strong roots
[45.396s][info][gc,task     ] GC(28) Using 1 of 3 workers for concurrent strong root
[45.397s][info][gc          ] GC(28) Concurrent strong roots 0.470ms
[45.397s][info][gc,start    ] GC(28) Concurrent evacuation
[45.397s][info][gc,task     ] GC(28) Using 1 of 3 workers for concurrent evacuation
[45.403s][info][gc          ] GC(28) Concurrent evacuation 6.138ms
[45.403s][info][gc,start    ] GC(28) Pause Init Update Refs
[45.403s][info][gc,ergo     ] GC(28) Pacer for Update Refs. Used: 1632M, Free: 6143M, Non-Taxable: 614M, Alloc Tax Rate: 1.1x
[45.403s][info][gc          ] GC(28) Pause Init Update Refs 0.116ms
[45.403s][info][gc,start    ] GC(28) Concurrent update references
[45.403s][info][gc,task     ] GC(28) Using 1 of 3 workers for concurrent reference update
[45.424s][info][gc          ] GC(28) Concurrent update references 21.123ms
[45.424s][info][gc,start    ] GC(28) Concurrent update thread roots
[45.432s][info][gc          ] GC(28) Concurrent update thread roots 7.680ms
[45.432s][info][gc,start    ] GC(28) Pause Final Update Refs
[45.432s][info][gc,task     ] GC(28) Using 3 of 3 workers for final reference update
[45.432s][info][gc          ] GC(28) Pause Final Update Refs 0.125ms
[45.432s][info][gc,start    ] GC(28) Concurrent cleanup
[45.432s][info][gc          ] GC(28) Concurrent cleanup 1632M->640M(8192M) 0.104ms
[45.432s][info][gc,ergo     ] Free: 7139M, Max: 4096K regular, 5228M humongous, Frag: 27% external, 0% internal; Reserve: 412M, Max: 4096K
[45.433s][info][gc,stats    ] 
[45.433s][info][gc,stats    ] All times are wall-clock times, except per-root-class counters, that are sum over
[45.433s][info][gc,stats    ] all workers. Dividing the <total> over the root stage time estimates parallelism.
[45.433s][info][gc,stats    ] 
[45.433s][info][gc,stats    ] Concurrent Reset                   5366 us
[45.433s][info][gc,stats    ] Pause Init Mark (G)                 444 us
[45.433s][info][gc,stats    ] Pause Init Mark (N)                 214 us
[45.433s][info][gc,stats    ]   Update Region States               76 us
[45.433s][info][gc,stats    ] Concurrent Mark Roots              7632 us, parallelism: 0.96x
[45.433s][info][gc,stats    ]   CMR: <total>                     7334 us
[45.433s][info][gc,stats    ]   CMR: Thread Roots                7241 us, workers (us): 7241, ---, ---, 
[45.433s][info][gc,stats    ]   CMR: VM Strong Roots               11 us, workers (us):  11, ---, ---, 
[45.433s][info][gc,stats    ]   CMR: CLDG Roots                    82 us, workers (us):  82, ---, ---, 
[45.433s][info][gc,stats    ] Concurrent Marking                48414 us
[45.433s][info][gc,stats    ] Pause Final Mark (G)                771 us
[45.433s][info][gc,stats    ] Pause Final Mark (N)                617 us
[45.433s][info][gc,stats    ]   Finish Mark                       156 us
[45.433s][info][gc,stats    ]   Update Region States               63 us
[45.433s][info][gc,stats    ]   Choose Collection Set             209 us
[45.433s][info][gc,stats    ]   Rebuild Free Set                   25 us
[45.433s][info][gc,stats    ] Concurrent Thread Roots            7643 us, parallelism: 0.97x
[45.433s][info][gc,stats    ]   CTR: <total>                     7410 us
[45.433s][info][gc,stats    ]   CTR: Thread Roots                7410 us, workers (us): 7410, ---, ---, 
[45.433s][info][gc,stats    ] Concurrent Weak References          760 us, parallelism: 0.83x
[45.433s][info][gc,stats    ]   CWRF: <total>                     628 us
[45.433s][info][gc,stats    ]   CWRF: Weak References             628 us, workers (us): 628, ---, ---, 
[45.433s][info][gc,stats    ] Concurrent Weak Roots              7207 us
[45.433s][info][gc,stats    ]   Roots                            6955 us, parallelism: 0.99x
[45.433s][info][gc,stats    ]     CWR: <total>                   6908 us
[45.433s][info][gc,stats    ]     CWR: Code Cache Roots          6180 us, workers (us): 6180, ---, ---, 
[45.433s][info][gc,stats    ]     CWR: VM Weak Roots              640 us, workers (us): 640, ---, ---, 
[45.433s][info][gc,stats    ]     CWR: CLDG Roots                  88 us, workers (us):  88, ---, ---, 
[45.433s][info][gc,stats    ]   Rendezvous                        196 us
[45.433s][info][gc,stats    ] Concurrent Cleanup                   57 us
[45.433s][info][gc,stats    ] Concurrent Class Unloading        44323 us
[45.433s][info][gc,stats    ]   Unlink Stale                    41885 us
[45.433s][info][gc,stats    ]     System Dictionary              1816 us
[45.433s][info][gc,stats    ]     Weak Class Links              16654 us
[45.433s][info][gc,stats    ]     Code Roots                    23412 us
[45.433s][info][gc,stats    ]   Rendezvous                        273 us
[45.433s][info][gc,stats    ]   Purge Unlinked                   2073 us
[45.433s][info][gc,stats    ]     Code Roots                      962 us
[45.433s][info][gc,stats    ]     CLDG                           1109 us
[45.433s][info][gc,stats    ]     Exception Caches                  0 us
[45.433s][info][gc,stats    ] Concurrent Strong Roots             490 us, parallelism: 0.67x
[45.433s][info][gc,stats    ]   CSR: <total>                      327 us
[45.433s][info][gc,stats    ]   CSR: VM Strong Roots               14 us, workers (us):  14, ---, ---, 
[45.433s][info][gc,stats    ]   CSR: CLDG Roots                   313 us, workers (us): 313, ---, ---, 
[45.433s][info][gc,stats    ] Concurrent Evacuation              6210 us
[45.433s][info][gc,stats    ] Pause Init Update Refs (G)          379 us
[45.433s][info][gc,stats    ] Pause Init Update Refs (N)          133 us
[45.433s][info][gc,stats    ]   Manage GCLABs                      36 us
[45.433s][info][gc,stats    ] Concurrent Update Refs            21191 us
[45.433s][info][gc,stats    ] Concurrent Update Thread Roots     7718 us
[45.433s][info][gc,stats    ] Pause Final Update Refs (G)         231 us
[45.433s][info][gc,stats    ] Pause Final Update Refs (N)         135 us
[45.433s][info][gc,stats    ]   Update Region States               53 us
[45.433s][info][gc,stats    ]   Trash Collection Set                8 us
[45.433s][info][gc,stats    ]   Rebuild Free Set                   18 us
[45.433s][info][gc,stats    ] Concurrent Cleanup                  131 us
[45.433s][info][gc,stats    ] 
[45.433s][info][gc,stats    ] Allocation pacing accrued:
[45.433s][info][gc,stats    ]       0 of  1244 ms (  0.0%): <total>
[45.433s][info][gc,stats    ]       0 of  1244 ms (  0.0%): <average total>
[45.433s][info][gc,stats    ] 
[45.433s][info][gc,metaspace] Metaspace: 153455K(154624K)->152422K(154560K) NonClass: 135442K(136064K)->134581K(136000K) Class: 18013K(18560K)->17841K(18560K)
[45.433s][info][gc,ergo     ] Pacer for Idle. Initial: 163M, Alloc Tax Rate: 1.0x
[45.820s][info][gc          ] Trigger: Learning 2 of 5. Free (5715M) is below initial threshold (5734M)
[45.820s][info][gc,ergo     ] Free: 5715M, Max: 4096K regular, 5228M humongous, Frag: 9% external, 0% internal; Reserve: 412M, Max: 4096K
[45.820s][info][gc,start    ] GC(29) Concurrent reset
[45.820s][info][gc,task     ] GC(29) Using 1 of 3 workers for concurrent reset
[45.820s][info][gc,ergo     ] GC(29) Pacer for Reset. Non-Taxable: 8192M
[45.834s][info][gc          ] GC(29) Concurrent reset 14.443ms
[45.835s][info][gc,start    ] GC(29) Pause Init Mark (unload classes)
[45.835s][info][gc,task     ] GC(29) Using 3 of 3 workers for init marking
[45.835s][info][gc,ergo     ] GC(29) Pacer for Mark. Expected Live: 136M, Free: 5611M, Non-Taxable: 561M, Alloc Tax Rate: 0.0x
[45.835s][info][gc          ] GC(29) Pause Init Mark (unload classes) 0.112ms
[45.835s][info][gc,start    ] GC(29) Concurrent marking roots
[45.835s][info][gc,task     ] GC(29) Using 1 of 3 workers for concurrent marking roots
[45.845s][info][gc          ] GC(29) Concurrent marking roots 9.667ms
[45.845s][info][gc,start    ] GC(29) Concurrent marking (unload classes)
[45.845s][info][gc,task     ] GC(29) Using 1 of 3 workers for concurrent marking
[45.917s][info][gc          ] GC(29) Concurrent marking (unload classes) 71.895ms
[45.917s][info][gc,start    ] GC(29) Pause Final Mark (unload classes)
[45.917s][info][gc,task     ] GC(29) Using 3 of 3 workers for final marking
[45.917s][info][gc,ergo     ] GC(29) Adaptive CSet Selection. Target Free: 1160M, Actual Free: 6556M, Max CSet: 341M, Min Garbage: 0B
[45.917s][info][gc,ergo     ] GC(29) Collectable Garbage: 1959M (99%), Immediate: 900M (45%), CSet: 1059M (53%)
[45.917s][info][gc,ergo     ] GC(29) Pacer for Evacuation. Used CSet: 1116M, Free: 6181M, Non-Taxable: 618M, Alloc Tax Rate: 1.1x
[45.917s][info][gc          ] GC(29) Pause Final Mark (unload classes) 0.236ms
[45.917s][info][gc,start    ] GC(29) Concurrent thread roots
[45.917s][info][gc,task     ] GC(29) Using 1 of 3 workers for Concurrent thread roots
[45.925s][info][gc          ] GC(29) Concurrent thread roots 8.240ms
[45.925s][info][gc,start    ] GC(29) Concurrent weak references
[45.925s][info][gc,task     ] GC(29) Using 1 of 3 workers for concurrent weak references
[45.926s][info][gc,ref      ] GC(29) Encountered references: Soft: 3702, Weak: 14886, Final: 53, Phantom: 598
[45.926s][info][gc,ref      ] GC(29) Discovered  references: Soft: 0, Weak: 5678, Final: 0, Phantom: 278
[45.926s][info][gc,ref      ] GC(29) Enqueued    references: Soft: 0, Weak: 218, Final: 0, Phantom: 0
[45.926s][info][gc          ] GC(29) Concurrent weak references 0.526ms
[45.926s][info][gc,start    ] GC(29) Concurrent weak roots
[45.926s][info][gc,task     ] GC(29) Using 1 of 3 workers for concurrent weak root
[45.934s][info][gc          ] GC(29) Concurrent weak roots 7.586ms
[45.934s][info][gc,start    ] GC(29) Concurrent cleanup
[45.934s][info][gc          ] GC(29) Concurrent cleanup 2570M->1670M(8192M) 0.047ms
[45.934s][info][gc,ergo     ] GC(29) Free: 6095M, Max: 4096K regular, 5160M humongous, Frag: 16% external, 0% internal; Reserve: 410M, Max: 4096K
[45.934s][info][gc,start    ] GC(29) Concurrent class unloading
[45.934s][info][gc,task     ] GC(29) Using 1 of 3 workers for concurrent class unloading
[45.984s][info][gc          ] GC(29) Concurrent class unloading 50.082ms
[45.984s][info][gc,start    ] GC(29) Concurrent strong roots
[45.984s][info][gc,task     ] GC(29) Using 1 of 3 workers for concurrent strong root
[45.984s][info][gc          ] GC(29) Concurrent strong roots 0.414ms
[45.984s][info][gc,start    ] GC(29) Concurrent evacuation
[45.984s][info][gc,task     ] GC(29) Using 1 of 3 workers for concurrent evacuation
[45.992s][info][gc          ] GC(29) Concurrent evacuation 8.007ms
[45.992s][info][gc,start    ] GC(29) Pause Init Update Refs
[45.992s][info][gc,ergo     ] GC(29) Pacer for Update Refs. Used: 1801M, Free: 6031M, Non-Taxable: 603M, Alloc Tax Rate: 1.1x
[45.992s][info][gc          ] GC(29) Pause Init Update Refs 0.095ms
[45.992s][info][gc,start    ] GC(29) Concurrent update references
[45.993s][info][gc,task     ] GC(29) Using 1 of 3 workers for concurrent reference update
[46.073s][info][gc          ] GC(29) Concurrent update references 80.571ms
[46.073s][info][gc,start    ] GC(29) Concurrent update thread roots
[46.080s][info][gc          ] GC(29) Concurrent update thread roots 6.914ms
[46.080s][info][gc,start    ] GC(29) Pause Final Update Refs
[46.080s][info][gc,task     ] GC(29) Using 3 of 3 workers for final reference update
[46.080s][info][gc          ] GC(29) Pause Final Update Refs 0.115ms
[46.080s][info][gc,start    ] GC(29) Concurrent cleanup
[46.080s][info][gc          ] GC(29) Concurrent cleanup 1870M->754M(8192M) 0.035ms
[46.080s][info][gc,ergo     ] Free: 6989M, Max: 4096K regular, 5084M humongous, Frag: 28% external, 0% internal; Reserve: 412M, Max: 4096K
[46.080s][info][gc,stats    ] 
[46.080s][info][gc,stats    ] All times are wall-clock times, except per-root-class counters, that are sum over
[46.080s][info][gc,stats    ] all workers. Dividing the <total> over the root stage time estimates parallelism.
[46.080s][info][gc,stats    ] 
[46.080s][info][gc,stats    ] Concurrent Reset                  14582 us
[46.080s][info][gc,stats    ] Pause Init Mark (G)                 472 us
[46.080s][info][gc,stats    ] Pause Init Mark (N)                 120 us
[46.080s][info][gc,stats    ]   Update Region States               42 us
[46.080s][info][gc,stats    ] Concurrent Mark Roots              9827 us, parallelism: 0.94x
[46.080s][info][gc,stats    ]   CMR: <total>                     9222 us
[46.080s][info][gc,stats    ]   CMR: Thread Roots                9066 us, workers (us): 9066, ---, ---, 
[46.080s][info][gc,stats    ]   CMR: VM Strong Roots               24 us, workers (us):  24, ---, ---, 
[46.080s][info][gc,stats    ]   CMR: CLDG Roots                   132 us, workers (us): 132, ---, ---, 
[46.080s][info][gc,stats    ] Concurrent Marking                71942 us
[46.080s][info][gc,stats    ] Pause Final Mark (G)                336 us
[46.080s][info][gc,stats    ] Pause Final Mark (N)                245 us
[46.080s][info][gc,stats    ]   Finish Mark                        55 us
[46.080s][info][gc,stats    ]   Update Region States               29 us
[46.080s][info][gc,stats    ]   Choose Collection Set              92 us
[46.080s][info][gc,stats    ]   Rebuild Free Set                   10 us
[46.081s][info][gc,stats    ] Concurrent Thread Roots            8310 us, parallelism: 0.98x
[46.081s][info][gc,stats    ]   CTR: <total>                     8172 us
[46.081s][info][gc,stats    ]   CTR: Thread Roots                8172 us, workers (us): 8172, ---, ---, 
[46.081s][info][gc,stats    ] Concurrent Weak References          534 us, parallelism: 0.85x
[46.081s][info][gc,stats    ]   CWRF: <total>                     454 us
[46.081s][info][gc,stats    ]   CWRF: Weak References             454 us, workers (us): 454, ---, ---, 
[46.081s][info][gc,stats    ] Concurrent Weak Roots              7649 us
[46.081s][info][gc,stats    ]   Roots                            6895 us, parallelism: 0.99x
[46.081s][info][gc,stats    ]     CWR: <total>                   6854 us
[46.081s][info][gc,stats    ]     CWR: Code Cache Roots          5616 us, workers (us): 5616, ---, ---, 
[46.081s][info][gc,stats    ]     CWR: VM Weak Roots             1137 us, workers (us): 1137, ---, ---, 
[46.081s][info][gc,stats    ]     CWR: CLDG Roots                 101 us, workers (us): 101, ---, ---, 
[46.081s][info][gc,stats    ]   Rendezvous                        672 us
[46.081s][info][gc,stats    ] Concurrent Cleanup                   55 us
[46.081s][info][gc,stats    ] Concurrent Class Unloading        50132 us
[46.081s][info][gc,stats    ]   Unlink Stale                    48233 us
[46.081s][info][gc,stats    ]     System Dictionary               648 us
[46.081s][info][gc,stats    ]     Weak Class Links              22548 us
[46.081s][info][gc,stats    ]     Code Roots                    25034 us
[46.081s][info][gc,stats    ]   Rendezvous                        197 us
[46.081s][info][gc,stats    ]   Purge Unlinked                   1633 us
[46.081s][info][gc,stats    ]     Code Roots                     1550 us
[46.081s][info][gc,stats    ]     CLDG                             82 us
[46.081s][info][gc,stats    ]     Exception Caches                  0 us
[46.081s][info][gc,stats    ] Concurrent Strong Roots             428 us, parallelism: 0.71x
[46.081s][info][gc,stats    ]   CSR: <total>                      302 us
[46.081s][info][gc,stats    ]   CSR: VM Strong Roots                7 us, workers (us):   7, ---, ---, 
[46.081s][info][gc,stats    ]   CSR: CLDG Roots                   295 us, workers (us): 295, ---, ---, 
[46.081s][info][gc,stats    ] Concurrent Evacuation              8033 us
[46.081s][info][gc,stats    ] Pause Init Update Refs (G)          247 us
[46.081s][info][gc,stats    ] Pause Init Update Refs (N)          113 us
[46.081s][info][gc,stats    ]   Manage GCLABs                      19 us
[46.081s][info][gc,stats    ] Concurrent Update Refs            80627 us
[46.081s][info][gc,stats    ] Concurrent Update Thread Roots     6957 us
[46.081s][info][gc,stats    ] Pause Final Update Refs (G)         190 us
[46.081s][info][gc,stats    ] Pause Final Update Refs (N)         126 us
[46.081s][info][gc,stats    ]   Update Region States               36 us
[46.081s][info][gc,stats    ]   Trash Collection Set                8 us
[46.081s][info][gc,stats    ]   Rebuild Free Set                   18 us
[46.081s][info][gc,stats    ] Concurrent Cleanup                   44 us
[46.081s][info][gc,stats    ] 
[46.081s][info][gc,stats    ] Allocation pacing accrued:
[46.081s][info][gc,stats    ]       0 of   647 ms (  0.0%): <total>
[46.081s][info][gc,stats    ]       0 of   647 ms (  0.0%): <average total>
[46.081s][info][gc,stats    ] 
[46.081s][info][gc,metaspace] Metaspace: 153368K(154688K)->153535K(154752K) NonClass: 135378K(136064K)->135531K(136128K) Class: 17990K(18624K)->18004K(18624K)
[46.081s][info][gc,ergo     ] Pacer for Idle. Initial: 163M, Alloc Tax Rate: 1.0x
[47.163s][info][gc          ] Trigger: Explicit GC request (System.gc())
[47.163s][info][gc,ergo     ] Free: 5797M, Max: 4096K regular, 5084M humongous, Frag: 13% external, 0% internal; Reserve: 412M, Max: 4096K
[47.163s][info][gc,start    ] GC(30) Concurrent reset
[47.163s][info][gc,task     ] GC(30) Using 1 of 3 workers for concurrent reset
[47.163s][info][gc,ergo     ] GC(30) Pacer for Reset. Non-Taxable: 8192M
[47.167s][info][gc          ] GC(30) Concurrent reset 4.639ms
[47.168s][info][gc,start    ] GC(30) Pause Init Mark (unload classes)
[47.168s][info][gc,task     ] GC(30) Using 3 of 3 workers for init marking
[47.168s][info][gc,ref      ] GC(30) Clearing All SoftReferences
[47.168s][info][gc,ergo     ] GC(30) Pacer for Mark. Expected Live: 147M, Free: 5797M, Non-Taxable: 579M, Alloc Tax Rate: 0.0x
[47.168s][info][gc          ] GC(30) Pause Init Mark (unload classes) 0.199ms
[47.168s][info][gc,start    ] GC(30) Concurrent marking roots
[47.168s][info][gc,task     ] GC(30) Using 1 of 3 workers for concurrent marking roots
[47.177s][info][gc          ] GC(30) Concurrent marking roots 8.814ms
[47.177s][info][gc,start    ] GC(30) Concurrent marking (unload classes)
[47.177s][info][gc,task     ] GC(30) Using 1 of 3 workers for concurrent marking
[47.225s][info][gc          ] GC(30) Concurrent marking (unload classes) 48.634ms
[47.225s][info][gc,start    ] GC(30) Pause Final Mark (unload classes)
[47.226s][info][gc,task     ] GC(30) Using 3 of 3 workers for final marking
[47.226s][info][gc,ergo     ] GC(30) Adaptive CSet Selection. Target Free: 1160M, Actual Free: 6820M, Max CSet: 341M, Min Garbage: 0B
[47.226s][info][gc,ergo     ] GC(30) Collectable Garbage: 1578M (99%), Immediate: 620M (39%), CSet: 957M (60%)
[47.226s][info][gc,ergo     ] GC(30) Pacer for Evacuation. Used CSet: 962M, Free: 6683M, Non-Taxable: 668M, Alloc Tax Rate: 1.1x
[47.226s][info][gc          ] GC(30) Pause Final Mark (unload classes) 0.470ms
[47.226s][info][gc,start    ] GC(30) Concurrent thread roots
[47.226s][info][gc,task     ] GC(30) Using 1 of 3 workers for Concurrent thread roots
[47.234s][info][gc          ] GC(30) Concurrent thread roots 7.587ms
[47.234s][info][gc,start    ] GC(30) Concurrent weak references
[47.234s][info][gc,task     ] GC(30) Using 1 of 3 workers for concurrent weak references
[47.235s][info][gc,ref      ] GC(30) Encountered references: Soft: 3592, Weak: 17929, Final: 53, Phantom: 606
[47.235s][info][gc,ref      ] GC(30) Discovered  references: Soft: 1321, Weak: 6859, Final: 0, Phantom: 381
[47.235s][info][gc,ref      ] GC(30) Enqueued    references: Soft: 856, Weak: 3416, Final: 0, Phantom: 8
[47.235s][info][gc          ] GC(30) Concurrent weak references 1.067ms
[47.235s][info][gc,start    ] GC(30) Concurrent weak roots
[47.235s][info][gc,task     ] GC(30) Using 1 of 3 workers for concurrent weak root
[47.243s][info][gc          ] GC(30) Concurrent weak roots 7.778ms
[47.243s][info][gc,start    ] GC(30) Concurrent cleanup
[47.243s][info][gc          ] GC(30) Concurrent cleanup 1901M->1283M(8192M) 0.043ms
[47.243s][info][gc,ergo     ] GC(30) Free: 6483M, Max: 4096K regular, 5128M humongous, Frag: 21% external, 0% internal; Reserve: 411M, Max: 4096K
[47.243s][info][gc,start    ] GC(30) Concurrent class unloading
[47.243s][info][gc,task     ] GC(30) Using 1 of 3 workers for concurrent class unloading
[47.288s][info][gc          ] GC(30) Concurrent class unloading 45.351ms
[47.288s][info][gc,start    ] GC(30) Concurrent strong roots
[47.288s][info][gc,task     ] GC(30) Using 1 of 3 workers for concurrent strong root
[47.288s][info][gc          ] GC(30) Concurrent strong roots 0.359ms
[47.288s][info][gc,start    ] GC(30) Concurrent evacuation
[47.288s][info][gc,task     ] GC(30) Using 1 of 3 workers for concurrent evacuation
[47.292s][info][gc          ] GC(30) Concurrent evacuation 4.008ms
[47.293s][info][gc,start    ] GC(30) Pause Init Update Refs
[47.293s][info][gc,ergo     ] GC(30) Pacer for Update Refs. Used: 1610M, Free: 6163M, Non-Taxable: 616M, Alloc Tax Rate: 1.1x
[47.293s][info][gc          ] GC(30) Pause Init Update Refs 0.139ms
[47.293s][info][gc,start    ] GC(30) Concurrent update references
[47.293s][info][gc,task     ] GC(30) Using 1 of 3 workers for concurrent reference update
[47.315s][info][gc          ] GC(30) Concurrent update references 21.717ms
[47.315s][info][gc,start    ] GC(30) Concurrent update thread roots
[47.321s][info][gc          ] GC(30) Concurrent update thread roots 6.560ms
[47.321s][info][gc,start    ] GC(30) Pause Final Update Refs
[47.321s][info][gc,task     ] GC(30) Using 3 of 3 workers for final reference update
[47.321s][info][gc          ] GC(30) Pause Final Update Refs 0.125ms
[47.321s][info][gc,start    ] GC(30) Concurrent cleanup
[47.321s][info][gc          ] GC(30) Concurrent cleanup 1610M->647M(8192M) 0.043ms
[47.322s][info][gc,ergo     ] Free: 7132M, Max: 4096K regular, 5224M humongous, Frag: 27% external, 0% internal; Reserve: 412M, Max: 4096K
[47.322s][info][gc,stats    ] 
[47.322s][info][gc,stats    ] All times are wall-clock times, except per-root-class counters, that are sum over
[47.322s][info][gc,stats    ] all workers. Dividing the <total> over the root stage time estimates parallelism.
[47.322s][info][gc,stats    ] 
[47.322s][info][gc,stats    ] Concurrent Reset                   4691 us
[47.322s][info][gc,stats    ] Pause Init Mark (G)                 384 us
[47.322s][info][gc,stats    ] Pause Init Mark (N)                 216 us
[47.322s][info][gc,stats    ]   Update Region States               70 us
[47.322s][info][gc,stats    ] Concurrent Mark Roots              8873 us, parallelism: 0.97x
[47.322s][info][gc,stats    ]   CMR: <total>                     8580 us
[47.322s][info][gc,stats    ]   CMR: Thread Roots                8425 us, workers (us): 8425, ---, ---, 
[47.322s][info][gc,stats    ]   CMR: VM Strong Roots               18 us, workers (us):  18, ---, ---, 
[47.322s][info][gc,stats    ]   CMR: CLDG Roots                   137 us, workers (us): 137, ---, ---, 
[47.322s][info][gc,stats    ] Concurrent Marking                48704 us
[47.322s][info][gc,stats    ] Pause Final Mark (G)                645 us
[47.322s][info][gc,stats    ] Pause Final Mark (N)                487 us
[47.322s][info][gc,stats    ]   Finish Mark                       121 us
[47.322s][info][gc,stats    ]   Update Region States               86 us
[47.322s][info][gc,stats    ]   Choose Collection Set             172 us
[47.322s][info][gc,stats    ]   Rebuild Free Set                   21 us
[47.322s][info][gc,stats    ] Concurrent Thread Roots            7629 us, parallelism: 0.98x
[47.322s][info][gc,stats    ]   CTR: <total>                     7474 us
[47.322s][info][gc,stats    ]   CTR: Thread Roots                7474 us, workers (us): 7474, ---, ---, 
[47.322s][info][gc,stats    ] Concurrent Weak References         1076 us, parallelism: 0.85x
[47.322s][info][gc,stats    ]   CWRF: <total>                     919 us
[47.322s][info][gc,stats    ]   CWRF: Weak References             919 us, workers (us): 919, ---, ---, 
[47.322s][info][gc,stats    ] Concurrent Weak Roots              7815 us
[47.322s][info][gc,stats    ]   Roots                            7563 us, parallelism: 0.99x
[47.322s][info][gc,stats    ]     CWR: <total>                   7511 us
[47.322s][info][gc,stats    ]     CWR: Code Cache Roots          6756 us, workers (us): 6756, ---, ---, 
[47.322s][info][gc,stats    ]     CWR: VM Weak Roots              664 us, workers (us): 664, ---, ---, 
[47.322s][info][gc,stats    ]     CWR: CLDG Roots                  91 us, workers (us):  91, ---, ---, 
[47.322s][info][gc,stats    ]   Rendezvous                        197 us
[47.322s][info][gc,stats    ] Concurrent Cleanup                   53 us
[47.322s][info][gc,stats    ] Concurrent Class Unloading        45399 us
[47.322s][info][gc,stats    ]   Unlink Stale                    42787 us
[47.322s][info][gc,stats    ]     System Dictionary              1860 us
[47.322s][info][gc,stats    ]     Weak Class Links              16728 us
[47.322s][info][gc,stats    ]     Code Roots                    24197 us
[47.322s][info][gc,stats    ]   Rendezvous                        318 us
[47.322s][info][gc,stats    ]   Purge Unlinked                   2223 us
[47.322s][info][gc,stats    ]     Code Roots                     1173 us
[47.322s][info][gc,stats    ]     CLDG                           1049 us
[47.322s][info][gc,stats    ]     Exception Caches                  0 us
[47.322s][info][gc,stats    ] Concurrent Strong Roots             392 us, parallelism: 0.66x
[47.322s][info][gc,stats    ]   CSR: <total>                      260 us
[47.322s][info][gc,stats    ]   CSR: VM Strong Roots                8 us, workers (us):   8, ---, ---, 
[47.322s][info][gc,stats    ]   CSR: CLDG Roots                   252 us, workers (us): 252, ---, ---, 
[47.322s][info][gc,stats    ] Concurrent Evacuation              4076 us
[47.322s][info][gc,stats    ] Pause Init Update Refs (G)          349 us
[47.322s][info][gc,stats    ] Pause Init Update Refs (N)          159 us
[47.322s][info][gc,stats    ]   Manage GCLABs                      55 us
[47.322s][info][gc,stats    ] Concurrent Update Refs            21783 us
[47.322s][info][gc,stats    ] Concurrent Update Thread Roots     6584 us
[47.322s][info][gc,stats    ] Pause Final Update Refs (G)         195 us
[47.322s][info][gc,stats    ] Pause Final Update Refs (N)         136 us
[47.322s][info][gc,stats    ]   Update Region States               50 us
[47.322s][info][gc,stats    ]   Trash Collection Set                9 us
[47.322s][info][gc,stats    ]   Rebuild Free Set                   18 us
[47.322s][info][gc,stats    ] Concurrent Cleanup                   53 us
[47.322s][info][gc,stats    ] 
[47.322s][info][gc,stats    ] Allocation pacing accrued:
[47.322s][info][gc,stats    ]       0 of  1241 ms (  0.0%): <total>
[47.322s][info][gc,stats    ]       0 of  1241 ms (  0.0%): <average total>
[47.322s][info][gc,stats    ] 
[47.322s][info][gc,metaspace] Metaspace: 153798K(155008K)->152770K(154944K) NonClass: 135771K(136384K)->134915K(136320K) Class: 18026K(18624K)->17855K(18624K)
[47.322s][info][gc,ergo     ] Pacer for Idle. Initial: 163M, Alloc Tax Rate: 1.0x
[47.729s][info][gc          ] Trigger: Learning 2 of 5. Free (5652M) is below initial threshold (5734M)
[47.729s][info][gc,ergo     ] Free: 5652M, Max: 4096K regular, 5224M humongous, Frag: 8% external, 0% internal; Reserve: 412M, Max: 4096K
[47.729s][info][gc,start    ] GC(31) Concurrent reset
[47.729s][info][gc,task     ] GC(31) Using 1 of 3 workers for concurrent reset
[47.729s][info][gc,ergo     ] GC(31) Pacer for Reset. Non-Taxable: 8192M
[47.742s][info][gc          ] GC(31) Concurrent reset 13.507ms
[47.743s][info][gc,start    ] GC(31) Pause Init Mark (unload classes)
[47.743s][info][gc,task     ] GC(31) Using 3 of 3 workers for init marking
[47.743s][info][gc,ergo     ] GC(31) Pacer for Mark. Expected Live: 137M, Free: 5560M, Non-Taxable: 556M, Alloc Tax Rate: 0.0x
[47.743s][info][gc          ] GC(31) Pause Init Mark (unload classes) 0.154ms
[47.743s][info][gc,start    ] GC(31) Concurrent marking roots
[47.743s][info][gc,task     ] GC(31) Using 1 of 3 workers for concurrent marking roots
[47.753s][info][gc          ] GC(31) Concurrent marking roots 9.718ms
[47.753s][info][gc,start    ] GC(31) Concurrent marking (unload classes)
[47.753s][info][gc,task     ] GC(31) Using 1 of 3 workers for concurrent marking
[47.819s][info][gc          ] GC(31) Concurrent marking (unload classes) 66.032ms
[47.819s][info][gc,start    ] GC(31) Pause Final Mark (unload classes)
[47.819s][info][gc,task     ] GC(31) Using 3 of 3 workers for final marking
[47.819s][info][gc,ergo     ] GC(31) Adaptive CSet Selection. Target Free: 1160M, Actual Free: 6567M, Max CSet: 341M, Min Garbage: 0B
[47.819s][info][gc,ergo     ] GC(31) Collectable Garbage: 2010M (99%), Immediate: 915M (45%), CSet: 1094M (54%)
[47.819s][info][gc,ergo     ] GC(31) Pacer for Evacuation. Used CSet: 1152M, Free: 6193M, Non-Taxable: 619M, Alloc Tax Rate: 1.1x
[47.819s][info][gc          ] GC(31) Pause Final Mark (unload classes) 0.239ms
[47.819s][info][gc,start    ] GC(31) Concurrent thread roots
[47.819s][info][gc,task     ] GC(31) Using 1 of 3 workers for Concurrent thread roots
[47.827s][info][gc          ] GC(31) Concurrent thread roots 7.570ms
[47.827s][info][gc,start    ] GC(31) Concurrent weak references
[47.827s][info][gc,task     ] GC(31) Using 1 of 3 workers for concurrent weak references
[47.828s][info][gc,ref      ] GC(31) Encountered references: Soft: 3712, Weak: 14936, Final: 53, Phantom: 598
[47.828s][info][gc,ref      ] GC(31) Discovered  references: Soft: 0, Weak: 6409, Final: 0, Phantom: 278
[47.828s][info][gc,ref      ] GC(31) Enqueued    references: Soft: 0, Weak: 217, Final: 0, Phantom: 0
[47.828s][info][gc          ] GC(31) Concurrent weak references 0.719ms
[47.828s][info][gc,start    ] GC(31) Concurrent weak roots
[47.828s][info][gc,task     ] GC(31) Using 1 of 3 workers for concurrent weak root
[47.836s][info][gc          ] GC(31) Concurrent weak roots 8.224ms
[47.836s][info][gc,start    ] GC(31) Concurrent cleanup
[47.836s][info][gc          ] GC(31) Concurrent cleanup 2580M->1664M(8192M) 0.071ms
[47.836s][info][gc,ergo     ] GC(31) Free: 6108M, Max: 4096K regular, 5156M humongous, Frag: 16% external, 0% internal; Reserve: 402M, Max: 4096K
[47.836s][info][gc,start    ] GC(31) Concurrent class unloading
[47.836s][info][gc,task     ] GC(31) Using 1 of 3 workers for concurrent class unloading
[47.883s][info][gc          ] GC(31) Concurrent class unloading 47.135ms
[47.883s][info][gc,start    ] GC(31) Concurrent strong roots
[47.883s][info][gc,task     ] GC(31) Using 1 of 3 workers for concurrent strong root
[47.884s][info][gc          ] GC(31) Concurrent strong roots 0.387ms
[47.884s][info][gc,start    ] GC(31) Concurrent evacuation
[47.884s][info][gc,task     ] GC(31) Using 1 of 3 workers for concurrent evacuation
[47.891s][info][gc          ] GC(31) Concurrent evacuation 7.267ms
[47.891s][info][gc,start    ] GC(31) Pause Init Update Refs
[47.891s][info][gc,ergo     ] GC(31) Pacer for Update Refs. Used: 1784M, Free: 6048M, Non-Taxable: 604M, Alloc Tax Rate: 1.1x
[47.891s][info][gc          ] GC(31) Pause Init Update Refs 0.092ms
[47.891s][info][gc,start    ] GC(31) Concurrent update references
[47.891s][info][gc,task     ] GC(31) Using 1 of 3 workers for concurrent reference update
[47.962s][info][gc          ] GC(31) Concurrent update references 70.510ms
[47.962s][info][gc,start    ] GC(31) Concurrent update thread roots
[47.970s][info][gc          ] GC(31) Concurrent update thread roots 7.785ms
[47.970s][info][gc,start    ] GC(31) Pause Final Update Refs
[47.970s][info][gc,task     ] GC(31) Using 3 of 3 workers for final reference update
[47.970s][info][gc          ] GC(31) Pause Final Update Refs 0.156ms
[47.970s][info][gc,start    ] GC(31) Concurrent cleanup
[47.970s][info][gc          ] GC(31) Concurrent cleanup 1808M->656M(8192M) 0.083ms
[47.970s][info][gc,ergo     ] Free: 7095M, Max: 4096K regular, 5084M humongous, Frag: 29% external, 0% internal; Reserve: 412M, Max: 4096K
[47.970s][info][gc,stats    ] 
[47.970s][info][gc,stats    ] All times are wall-clock times, except per-root-class counters, that are sum over
[47.970s][info][gc,stats    ] all workers. Dividing the <total> over the root stage time estimates parallelism.
[47.970s][info][gc,stats    ] 
[47.970s][info][gc,stats    ] Concurrent Reset                  13649 us
[47.970s][info][gc,stats    ] Pause Init Mark (G)                 548 us
[47.970s][info][gc,stats    ] Pause Init Mark (N)                 163 us
[47.970s][info][gc,stats    ]   Update Region States               61 us
[47.970s][info][gc,stats    ] Concurrent Mark Roots              9892 us, parallelism: 0.94x
[47.970s][info][gc,stats    ]   CMR: <total>                     9311 us
[47.970s][info][gc,stats    ]   CMR: Thread Roots                9150 us, workers (us): 9150, ---, ---, 
[47.970s][info][gc,stats    ]   CMR: VM Strong Roots               27 us, workers (us):  27, ---, ---, 
[47.970s][info][gc,stats    ]   CMR: CLDG Roots                   133 us, workers (us): 133, ---, ---, 
[47.970s][info][gc,stats    ] Concurrent Marking                66076 us
[47.970s][info][gc,stats    ] Pause Final Mark (G)                307 us
[47.970s][info][gc,stats    ] Pause Final Mark (N)                248 us
[47.970s][info][gc,stats    ]   Finish Mark                        58 us
[47.970s][info][gc,stats    ]   Update Region States               35 us
[47.970s][info][gc,stats    ]   Choose Collection Set              76 us
[47.970s][info][gc,stats    ]   Rebuild Free Set                    9 us
[47.970s][info][gc,stats    ] Concurrent Thread Roots            7628 us, parallelism: 0.99x
[47.970s][info][gc,stats    ]   CTR: <total>                     7520 us
[47.970s][info][gc,stats    ]   CTR: Thread Roots                7520 us, workers (us): 7520, ---, ---, 
[47.970s][info][gc,stats    ] Concurrent Weak References          735 us, parallelism: 0.77x
[47.970s][info][gc,stats    ]   CWRF: <total>                     568 us
[47.970s][info][gc,stats    ]   CWRF: Weak References             568 us, workers (us): 568, ---, ---, 
[47.970s][info][gc,stats    ] Concurrent Weak Roots              8318 us
[47.970s][info][gc,stats    ]   Roots                            7883 us, parallelism: 0.99x
[47.970s][info][gc,stats    ]     CWR: <total>                   7789 us
[47.970s][info][gc,stats    ]     CWR: Code Cache Roots          6358 us, workers (us): 6358, ---, ---, 
[47.970s][info][gc,stats    ]     CWR: VM Weak Roots             1310 us, workers (us): 1310, ---, ---, 
[47.970s][info][gc,stats    ]     CWR: CLDG Roots                 122 us, workers (us): 122, ---, ---, 
[47.970s][info][gc,stats    ]   Rendezvous                        305 us
[47.970s][info][gc,stats    ] Concurrent Cleanup                   83 us
[47.970s][info][gc,stats    ] Concurrent Class Unloading        47179 us
[47.970s][info][gc,stats    ]   Unlink Stale                    45777 us
[47.970s][info][gc,stats    ]     System Dictionary               955 us
[47.970s][info][gc,stats    ]     Weak Class Links              21477 us
[47.970s][info][gc,stats    ]     Code Roots                    23339 us
[47.970s][info][gc,stats    ]   Rendezvous                        201 us
[47.970s][info][gc,stats    ]   Purge Unlinked                   1136 us
[47.970s][info][gc,stats    ]     Code Roots                     1061 us
[47.970s][info][gc,stats    ]     CLDG                             74 us
[47.970s][info][gc,stats    ]     Exception Caches                  0 us
[47.970s][info][gc,stats    ] Concurrent Strong Roots             397 us, parallelism: 0.73x
[47.970s][info][gc,stats    ]   CSR: <total>                      288 us
[47.970s][info][gc,stats    ]   CSR: VM Strong Roots                6 us, workers (us):   6, ---, ---, 
[47.970s][info][gc,stats    ]   CSR: CLDG Roots                   282 us, workers (us): 282, ---, ---, 
[47.970s][info][gc,stats    ] Concurrent Evacuation              7310 us
[47.970s][info][gc,stats    ] Pause Init Update Refs (G)          230 us
[47.970s][info][gc,stats    ] Pause Init Update Refs (N)          109 us
[47.970s][info][gc,stats    ]   Manage GCLABs                      20 us
[47.971s][info][gc,stats    ] Concurrent Update Refs            70573 us
[47.971s][info][gc,stats    ] Concurrent Update Thread Roots     7813 us
[47.971s][info][gc,stats    ] Pause Final Update Refs (G)         252 us
[47.971s][info][gc,stats    ] Pause Final Update Refs (N)         175 us
[47.971s][info][gc,stats    ]   Update Region States               68 us
[47.971s][info][gc,stats    ]   Trash Collection Set               12 us
[47.971s][info][gc,stats    ]   Rebuild Free Set                   20 us
[47.971s][info][gc,stats    ] Concurrent Cleanup                  107 us
[47.971s][info][gc,stats    ] 
[47.971s][info][gc,stats    ] Allocation pacing accrued:
[47.971s][info][gc,stats    ]       0 of   649 ms (  0.0%): <total>
[47.971s][info][gc,stats    ]       0 of   649 ms (  0.0%): <average total>
[47.971s][info][gc,stats    ] 
[47.971s][info][gc,metaspace] Metaspace: 153679K(154944K)->153683K(154944K) NonClass: 135677K(136320K)->135682K(136320K) Class: 18002K(18624K)->18001K(18624K)
[47.971s][info][gc,ergo     ] Pacer for Idle. Initial: 163M, Alloc Tax Rate: 1.0x
[49.076s][info][gc          ] Trigger: Explicit GC request (System.gc())
[49.076s][info][gc,ergo     ] Free: 5855M, Max: 4096K regular, 5084M humongous, Frag: 14% external, 0% internal; Reserve: 412M, Max: 4096K
[49.076s][info][gc,start    ] GC(32) Concurrent reset
[49.076s][info][gc,task     ] GC(32) Using 1 of 3 workers for concurrent reset
[49.076s][info][gc,ergo     ] GC(32) Pacer for Reset. Non-Taxable: 8192M
[49.081s][info][gc          ] GC(32) Concurrent reset 5.477ms
[49.081s][info][gc,start    ] GC(32) Pause Init Mark (unload classes)
[49.081s][info][gc,task     ] GC(32) Using 3 of 3 workers for init marking
[49.081s][info][gc,ref      ] GC(32) Clearing All SoftReferences
[49.081s][info][gc,ergo     ] GC(32) Pacer for Mark. Expected Live: 147M, Free: 5855M, Non-Taxable: 585M, Alloc Tax Rate: 0.0x
[49.081s][info][gc          ] GC(32) Pause Init Mark (unload classes) 0.148ms
[49.081s][info][gc,start    ] GC(32) Concurrent marking roots
[49.081s][info][gc,task     ] GC(32) Using 1 of 3 workers for concurrent marking roots
[49.089s][info][gc          ] GC(32) Concurrent marking roots 7.680ms
[49.089s][info][gc,start    ] GC(32) Concurrent marking (unload classes)
[49.089s][info][gc,task     ] GC(32) Using 1 of 3 workers for concurrent marking
[49.139s][info][gc          ] GC(32) Concurrent marking (unload classes) 49.716ms
[49.139s][info][gc,start    ] GC(32) Pause Final Mark (unload classes)
[49.139s][info][gc,task     ] GC(32) Using 3 of 3 workers for final marking
[49.139s][info][gc,ergo     ] GC(32) Adaptive CSet Selection. Target Free: 1160M, Actual Free: 6829M, Max CSet: 341M, Min Garbage: 0B
[49.140s][info][gc,ergo     ] GC(32) Collectable Garbage: 1526M (99%), Immediate: 573M (37%), CSet: 953M (62%)
[49.140s][info][gc,ergo     ] GC(32) Pacer for Evacuation. Used CSet: 959M, Free: 6687M, Non-Taxable: 668M, Alloc Tax Rate: 1.1x
[49.140s][info][gc          ] GC(32) Pause Final Mark (unload classes) 0.531ms
[49.140s][info][gc,start    ] GC(32) Concurrent thread roots
[49.140s][info][gc,task     ] GC(32) Using 1 of 3 workers for Concurrent thread roots
[49.147s][info][gc          ] GC(32) Concurrent thread roots 7.253ms
[49.147s][info][gc,start    ] GC(32) Concurrent weak references
[49.147s][info][gc,task     ] GC(32) Using 1 of 3 workers for concurrent weak references
[49.148s][info][gc,ref      ] GC(32) Encountered references: Soft: 3585, Weak: 17914, Final: 53, Phantom: 598
[49.148s][info][gc,ref      ] GC(32) Discovered  references: Soft: 1314, Weak: 6843, Final: 0, Phantom: 373
[49.148s][info][gc,ref      ] GC(32) Enqueued    references: Soft: 849, Weak: 3400, Final: 0, Phantom: 0
[49.148s][info][gc          ] GC(32) Concurrent weak references 0.788ms
[49.148s][info][gc,start    ] GC(32) Concurrent weak roots
[49.148s][info][gc,task     ] GC(32) Using 1 of 3 workers for concurrent weak root
[49.156s][info][gc          ] GC(32) Concurrent weak roots 7.921ms
[49.156s][info][gc,start    ] GC(32) Concurrent cleanup
[49.156s][info][gc          ] GC(32) Concurrent cleanup 1957M->1384M(8192M) 0.040ms
[49.156s][info][gc,ergo     ] GC(32) Free: 6383M, Max: 4096K regular, 5132M humongous, Frag: 20% external, 0% internal; Reserve: 411M, Max: 4096K
[49.156s][info][gc,start    ] GC(32) Concurrent class unloading
[49.156s][info][gc,task     ] GC(32) Using 1 of 3 workers for concurrent class unloading
[49.203s][info][gc          ] GC(32) Concurrent class unloading 46.946ms
[49.203s][info][gc,start    ] GC(32) Concurrent strong roots
[49.203s][info][gc,task     ] GC(32) Using 1 of 3 workers for concurrent strong root
[49.203s][info][gc          ] GC(32) Concurrent strong roots 0.324ms
[49.203s][info][gc,start    ] GC(32) Concurrent evacuation
[49.203s][info][gc,task     ] GC(32) Using 1 of 3 workers for concurrent evacuation
[49.207s][info][gc          ] GC(32) Concurrent evacuation 4.291ms
[49.208s][info][gc,start    ] GC(32) Pause Init Update Refs
[49.208s][info][gc,ergo     ] GC(32) Pacer for Update Refs. Used: 1614M, Free: 6160M, Non-Taxable: 616M, Alloc Tax Rate: 1.1x
[49.208s][info][gc          ] GC(32) Pause Init Update Refs 0.113ms
[49.208s][info][gc,start    ] GC(32) Concurrent update references
[49.208s][info][gc,task     ] GC(32) Using 1 of 3 workers for concurrent reference update
[49.229s][info][gc          ] GC(32) Concurrent update references 20.828ms
[49.229s][info][gc,start    ] GC(32) Concurrent update thread roots
[49.237s][info][gc          ] GC(32) Concurrent update thread roots 8.488ms
[49.237s][info][gc,start    ] GC(32) Pause Final Update Refs
[49.237s][info][gc,task     ] GC(32) Using 3 of 3 workers for final reference update
[49.237s][info][gc          ] GC(32) Pause Final Update Refs 0.158ms
[49.238s][info][gc,start    ] GC(32) Concurrent cleanup
[49.238s][info][gc          ] GC(32) Concurrent cleanup 1614M->654M(8192M) 0.103ms
[49.238s][info][gc,ergo     ] Free: 7125M, Max: 4096K regular, 5224M humongous, Frag: 27% external, 0% internal; Reserve: 412M, Max: 4096K
[49.238s][info][gc,stats    ] 
[49.238s][info][gc,stats    ] All times are wall-clock times, except per-root-class counters, that are sum over
[49.238s][info][gc,stats    ] all workers. Dividing the <total> over the root stage time estimates parallelism.
[49.238s][info][gc,stats    ] 
[49.238s][info][gc,stats    ] Concurrent Reset                   5521 us
[49.238s][info][gc,stats    ] Pause Init Mark (G)                 288 us
[49.238s][info][gc,stats    ] Pause Init Mark (N)                 156 us
[49.238s][info][gc,stats    ]   Update Region States               57 us
[49.238s][info][gc,stats    ] Concurrent Mark Roots              7737 us, parallelism: 0.97x
[49.238s][info][gc,stats    ]   CMR: <total>                     7478 us
[49.238s][info][gc,stats    ]   CMR: Thread Roots                7386 us, workers (us): 7386, ---, ---, 
[49.238s][info][gc,stats    ]   CMR: VM Strong Roots               12 us, workers (us):  12, ---, ---, 
[49.238s][info][gc,stats    ]   CMR: CLDG Roots                    80 us, workers (us):  80, ---, ---, 
[49.238s][info][gc,stats    ] Concurrent Marking                49780 us
[49.238s][info][gc,stats    ] Pause Final Mark (G)                679 us
[49.238s][info][gc,stats    ] Pause Final Mark (N)                548 us
[49.238s][info][gc,stats    ]   Finish Mark                        96 us
[49.238s][info][gc,stats    ]   Update Region States              102 us
[49.238s][info][gc,stats    ]   Choose Collection Set             188 us
[49.238s][info][gc,stats    ]   Rebuild Free Set                   19 us
[49.238s][info][gc,stats    ] Concurrent Thread Roots            7294 us, parallelism: 0.97x
[49.238s][info][gc,stats    ]   CTR: <total>                     7107 us
[49.238s][info][gc,stats    ]   CTR: Thread Roots                7107 us, workers (us): 7107, ---, ---, 
[49.238s][info][gc,stats    ] Concurrent Weak References          796 us, parallelism: 0.79x
[49.238s][info][gc,stats    ]   CWRF: <total>                     632 us
[49.238s][info][gc,stats    ]   CWRF: Weak References             632 us, workers (us): 632, ---, ---, 
[49.238s][info][gc,stats    ] Concurrent Weak Roots              7965 us
[49.238s][info][gc,stats    ]   Roots                            7717 us, parallelism: 0.99x
[49.238s][info][gc,stats    ]     CWR: <total>                   7661 us
[49.238s][info][gc,stats    ]     CWR: Code Cache Roots          6618 us, workers (us): 6618, ---, ---, 
[49.238s][info][gc,stats    ]     CWR: VM Weak Roots              965 us, workers (us): 965, ---, ---, 
[49.238s][info][gc,stats    ]     CWR: CLDG Roots                  78 us, workers (us):  78, ---, ---, 
[49.238s][info][gc,stats    ]   Rendezvous                        185 us
[49.238s][info][gc,stats    ] Concurrent Cleanup                   49 us
[49.238s][info][gc,stats    ] Concurrent Class Unloading        46996 us
[49.238s][info][gc,stats    ]   Unlink Stale                    44604 us
[49.238s][info][gc,stats    ]     System Dictionary              1814 us
[49.238s][info][gc,stats    ]     Weak Class Links              16502 us
[49.238s][info][gc,stats    ]     Code Roots                    26286 us
[49.238s][info][gc,stats    ]   Rendezvous                        209 us
[49.238s][info][gc,stats    ]   Purge Unlinked                   2114 us
[49.238s][info][gc,stats    ]     Code Roots                     1108 us
[49.238s][info][gc,stats    ]     CLDG                           1005 us
[49.238s][info][gc,stats    ]     Exception Caches                  0 us
[49.238s][info][gc,stats    ] Concurrent Strong Roots             343 us, parallelism: 0.64x
[49.238s][info][gc,stats    ]   CSR: <total>                      219 us
[49.238s][info][gc,stats    ]   CSR: VM Strong Roots                8 us, workers (us):   8, ---, ---, 
[49.238s][info][gc,stats    ]   CSR: CLDG Roots                   211 us, workers (us): 211, ---, ---, 
[49.238s][info][gc,stats    ] Concurrent Evacuation              4357 us
[49.238s][info][gc,stats    ] Pause Init Update Refs (G)          311 us
[49.238s][info][gc,stats    ] Pause Init Update Refs (N)          130 us
[49.238s][info][gc,stats    ]   Manage GCLABs                      32 us
[49.238s][info][gc,stats    ] Concurrent Update Refs            20895 us
[49.238s][info][gc,stats    ] Concurrent Update Thread Roots     8542 us
[49.238s][info][gc,stats    ] Pause Final Update Refs (G)         283 us
[49.238s][info][gc,stats    ] Pause Final Update Refs (N)         176 us
[49.238s][info][gc,stats    ]   Update Region States               67 us
[49.238s][info][gc,stats    ]   Trash Collection Set               11 us
[49.238s][info][gc,stats    ]   Rebuild Free Set                   20 us
[49.238s][info][gc,stats    ] Concurrent Cleanup                  126 us
[49.238s][info][gc,stats    ] 
[49.238s][info][gc,stats    ] Allocation pacing accrued:
[49.238s][info][gc,stats    ]       0 of  1268 ms (  0.0%): <total>
[49.238s][info][gc,stats    ]       0 of  1268 ms (  0.0%): <average total>
[49.238s][info][gc,stats    ] 
[49.238s][info][gc,metaspace] Metaspace: 153926K(155136K)->152894K(155136K) NonClass: 135899K(136512K)->135038K(136512K) Class: 18027K(18624K)->17856K(18624K)
[49.238s][info][gc,ergo     ] Pacer for Idle. Initial: 163M, Alloc Tax Rate: 1.0x
[49.630s][info][gc          ] Trigger: Learning 2 of 5. Free (5688M) is below initial threshold (5734M)
[49.630s][info][gc,ergo     ] Free: 5684M, Max: 4096K regular, 5224M humongous, Frag: 8% external, 0% internal; Reserve: 412M, Max: 4096K
[49.630s][info][gc,start    ] GC(33) Concurrent reset
[49.630s][info][gc,task     ] GC(33) Using 1 of 3 workers for concurrent reset
[49.630s][info][gc,ergo     ] GC(33) Pacer for Reset. Non-Taxable: 8192M
[49.642s][info][gc          ] GC(33) Concurrent reset 11.689ms
[49.642s][info][gc,start    ] GC(33) Pause Init Mark (unload classes)
[49.642s][info][gc,task     ] GC(33) Using 3 of 3 workers for init marking
[49.642s][info][gc,ergo     ] GC(33) Pacer for Mark. Expected Live: 137M, Free: 5620M, Non-Taxable: 562M, Alloc Tax Rate: 0.0x
[49.642s][info][gc          ] GC(33) Pause Init Mark (unload classes) 0.140ms
[49.671s][info][gc,start    ] GC(33) Concurrent marking roots
[49.671s][info][gc,task     ] GC(33) Using 1 of 3 workers for concurrent marking roots
[49.680s][info][gc          ] GC(33) Concurrent marking roots 9.330ms
[49.680s][info][gc,start    ] GC(33) Concurrent marking (unload classes)
[49.680s][info][gc,task     ] GC(33) Using 1 of 3 workers for concurrent marking
[49.744s][info][gc          ] GC(33) Concurrent marking (unload classes) 63.620ms
[49.744s][info][gc,start    ] GC(33) Pause Final Mark (unload classes)
[49.744s][info][gc,task     ] GC(33) Using 3 of 3 workers for final marking
[49.744s][info][gc,ergo     ] GC(33) Adaptive CSet Selection. Target Free: 1160M, Actual Free: 6525M, Max CSet: 341M, Min Garbage: 0B
[49.744s][info][gc,ergo     ] GC(33) Collectable Garbage: 1949M (99%), Immediate: 893M (45%), CSet: 1056M (53%)
[49.744s][info][gc,ergo     ] GC(33) Pacer for Evacuation. Used CSet: 1112M, Free: 6150M, Non-Taxable: 615M, Alloc Tax Rate: 1.1x
[49.744s][info][gc          ] GC(33) Pause Final Mark (unload classes) 0.231ms
[49.744s][info][gc,start    ] GC(33) Concurrent thread roots
[49.744s][info][gc,task     ] GC(33) Using 1 of 3 workers for Concurrent thread roots
[49.753s][info][gc          ] GC(33) Concurrent thread roots 8.543ms
[49.753s][info][gc,start    ] GC(33) Concurrent weak references
[49.753s][info][gc,task     ] GC(33) Using 1 of 3 workers for concurrent weak references
[49.754s][info][gc,ref      ] GC(33) Encountered references: Soft: 3716, Weak: 14930, Final: 53, Phantom: 598
[49.754s][info][gc,ref      ] GC(33) Discovered  references: Soft: 0, Weak: 7693, Final: 0, Phantom: 234
[49.754s][info][gc,ref      ] GC(33) Enqueued    references: Soft: 0, Weak: 212, Final: 0, Phantom: 0
[49.754s][info][gc          ] GC(33) Concurrent weak references 0.724ms
[49.754s][info][gc,start    ] GC(33) Concurrent weak roots
[49.754s][info][gc,task     ] GC(33) Using 1 of 3 workers for concurrent weak root
[49.766s][info][gc          ] GC(33) Concurrent weak roots 12.617ms
[49.766s][info][gc,start    ] GC(33) Concurrent cleanup
[49.766s][info][gc          ] GC(33) Concurrent cleanup 2634M->1741M(8192M) 0.064ms
[49.766s][info][gc,ergo     ] GC(33) Free: 6079M, Max: 4096K regular, 5152M humongous, Frag: 16% external, 0% internal; Reserve: 351M, Max: 4096K
[49.767s][info][gc,start    ] GC(33) Concurrent class unloading
[49.767s][info][gc,task     ] GC(33) Using 1 of 3 workers for concurrent class unloading
[49.808s][info][gc          ] GC(33) Concurrent class unloading 41.530ms
[49.808s][info][gc,start    ] GC(33) Concurrent strong roots
[49.808s][info][gc,task     ] GC(33) Using 1 of 3 workers for concurrent strong root
[49.809s][info][gc          ] GC(33) Concurrent strong roots 0.544ms
[49.809s][info][gc,start    ] GC(33) Concurrent evacuation
[49.809s][info][gc,task     ] GC(33) Using 1 of 3 workers for concurrent evacuation
[49.818s][info][gc          ] GC(33) Concurrent evacuation 9.483ms
[49.818s][info][gc,start    ] GC(33) Pause Init Update Refs
[49.818s][info][gc,ergo     ] GC(33) Pacer for Update Refs. Used: 1819M, Free: 6007M, Non-Taxable: 600M, Alloc Tax Rate: 1.1x
[49.818s][info][gc          ] GC(33) Pause Init Update Refs 0.074ms
[49.818s][info][gc,start    ] GC(33) Concurrent update references
[49.818s][info][gc,task     ] GC(33) Using 1 of 3 workers for concurrent reference update
[49.907s][info][gc          ] GC(33) Concurrent update references 88.238ms
[49.907s][info][gc,start    ] GC(33) Concurrent update thread roots
[49.915s][info][gc          ] GC(33) Concurrent update thread roots 7.984ms
[49.915s][info][gc,start    ] GC(33) Pause Final Update Refs
[49.915s][info][gc,task     ] GC(33) Using 3 of 3 workers for final reference update
[49.915s][info][gc          ] GC(33) Pause Final Update Refs 0.093ms
[49.915s][info][gc,start    ] GC(33) Concurrent cleanup
[49.915s][info][gc          ] GC(33) Concurrent cleanup 1885M->772M(8192M) 0.070ms
[49.915s][info][gc,ergo     ] Free: 6967M, Max: 4096K regular, 5080M humongous, Frag: 27% external, 0% internal; Reserve: 412M, Max: 4096K
[49.915s][info][gc,stats    ] 
[49.915s][info][gc,stats    ] All times are wall-clock times, except per-root-class counters, that are sum over
[49.915s][info][gc,stats    ] all workers. Dividing the <total> over the root stage time estimates parallelism.
[49.915s][info][gc,stats    ] 
[49.915s][info][gc,stats    ] Concurrent Reset                  11767 us
[49.915s][info][gc,stats    ] Pause Init Mark (G)               29249 us
[49.915s][info][gc,stats    ] Pause Init Mark (N)                 153 us
[49.915s][info][gc,stats    ]   Update Region States               41 us
[49.915s][info][gc,stats    ] Concurrent Mark Roots              9407 us, parallelism: 0.96x
[49.915s][info][gc,stats    ]   CMR: <total>                     9059 us
[49.915s][info][gc,stats    ]   CMR: Thread Roots                8927 us, workers (us): 8927, ---, ---, 
[49.915s][info][gc,stats    ]   CMR: VM Strong Roots               16 us, workers (us):  16, ---, ---, 
[49.915s][info][gc,stats    ]   CMR: CLDG Roots                   116 us, workers (us): 116, ---, ---, 
[49.915s][info][gc,stats    ] Concurrent Marking                63665 us
[49.915s][info][gc,stats    ] Pause Final Mark (G)                296 us
[49.915s][info][gc,stats    ] Pause Final Mark (N)                239 us
[49.915s][info][gc,stats    ]   Finish Mark                        59 us
[49.915s][info][gc,stats    ]   Update Region States               30 us
[49.915s][info][gc,stats    ]   Choose Collection Set              67 us
[49.915s][info][gc,stats    ]   Rebuild Free Set                    9 us
[49.915s][info][gc,stats    ] Concurrent Thread Roots            8600 us, parallelism: 0.99x
[49.915s][info][gc,stats    ]   CTR: <total>                     8487 us
[49.915s][info][gc,stats    ]   CTR: Thread Roots                8487 us, workers (us): 8487, ---, ---, 
[49.915s][info][gc,stats    ] Concurrent Weak References          733 us, parallelism: 0.84x
[49.915s][info][gc,stats    ]   CWRF: <total>                     615 us
[49.915s][info][gc,stats    ]   CWRF: Weak References             615 us, workers (us): 615, ---, ---, 
[49.915s][info][gc,stats    ] Concurrent Weak Roots             12670 us
[49.915s][info][gc,stats    ]   Roots                           12341 us, parallelism: 1.00x
[49.915s][info][gc,stats    ]     CWR: <total>                  12304 us
[49.915s][info][gc,stats    ]     CWR: Code Cache Roots         11001 us, workers (us): 11001, ---, ---, 
[49.915s][info][gc,stats    ]     CWR: VM Weak Roots             1140 us, workers (us): 1140, ---, ---, 
[49.915s][info][gc,stats    ]     CWR: CLDG Roots                 163 us, workers (us): 163, ---, ---, 
[49.915s][info][gc,stats    ]   Rendezvous                        253 us
[49.915s][info][gc,stats    ] Concurrent Cleanup                   73 us
[49.915s][info][gc,stats    ] Concurrent Class Unloading        41577 us
[49.915s][info][gc,stats    ]   Unlink Stale                    40141 us
[49.915s][info][gc,stats    ]     System Dictionary               635 us
[49.915s][info][gc,stats    ]     Weak Class Links              16329 us
[49.915s][info][gc,stats    ]     Code Roots                    23175 us
[49.915s][info][gc,stats    ]   Rendezvous                        201 us
[49.915s][info][gc,stats    ]   Purge Unlinked                   1168 us
[49.915s][info][gc,stats    ]     Code Roots                     1092 us
[49.915s][info][gc,stats    ]     CLDG                             75 us
[49.915s][info][gc,stats    ]     Exception Caches                  0 us
[49.915s][info][gc,stats    ] Concurrent Strong Roots             554 us, parallelism: 0.77x
[49.915s][info][gc,stats    ]   CSR: <total>                      426 us
[49.915s][info][gc,stats    ]   CSR: VM Strong Roots               13 us, workers (us):  13, ---, ---, 
[49.915s][info][gc,stats    ]   CSR: CLDG Roots                   414 us, workers (us): 414, ---, ---, 
[49.915s][info][gc,stats    ] Concurrent Evacuation              9563 us
[49.915s][info][gc,stats    ] Pause Init Update Refs (G)          185 us
[49.915s][info][gc,stats    ] Pause Init Update Refs (N)           83 us
[49.915s][info][gc,stats    ]   Manage GCLABs                      21 us
[49.915s][info][gc,stats    ] Concurrent Update Refs            88289 us
[49.915s][info][gc,stats    ] Concurrent Update Thread Roots     8043 us
[49.915s][info][gc,stats    ] Pause Final Update Refs (G)         192 us
[49.915s][info][gc,stats    ] Pause Final Update Refs (N)         109 us
[49.915s][info][gc,stats    ]   Update Region States               40 us
[49.915s][info][gc,stats    ]   Trash Collection Set                5 us
[49.915s][info][gc,stats    ]   Rebuild Free Set                   15 us
[49.915s][info][gc,stats    ] Concurrent Cleanup                   82 us
[49.915s][info][gc,stats    ] 
[49.915s][info][gc,stats    ] Allocation pacing accrued:
[49.915s][info][gc,stats    ]       0 of   677 ms (  0.0%): <total>
[49.915s][info][gc,stats    ]       0 of   677 ms (  0.0%): <average total>
[49.915s][info][gc,stats    ] 
[49.915s][info][gc,metaspace] Metaspace: 153764K(155136K)->153791K(155136K) NonClass: 135761K(136512K)->135786K(136512K) Class: 18002K(18624K)->18005K(18624K)
[49.915s][info][gc,ergo     ] Pacer for Idle. Initial: 163M, Alloc Tax Rate: 1.0x
[50.968s][info][gc          ] Trigger: Explicit GC request (System.gc())
[50.968s][info][gc,ergo     ] Free: 5788M, Max: 4096K regular, 5080M humongous, Frag: 13% external, 0% internal; Reserve: 412M, Max: 4096K
[50.968s][info][gc,start    ] GC(34) Concurrent reset
[50.968s][info][gc,task     ] GC(34) Using 1 of 3 workers for concurrent reset
[50.968s][info][gc,ergo     ] GC(34) Pacer for Reset. Non-Taxable: 8192M
[50.973s][info][gc          ] GC(34) Concurrent reset 5.077ms
[50.973s][info][gc,start    ] GC(34) Pause Init Mark (unload classes)
[50.973s][info][gc,task     ] GC(34) Using 3 of 3 workers for init marking
[50.974s][info][gc,ref      ] GC(34) Clearing All SoftReferences
[50.974s][info][gc,ergo     ] GC(34) Pacer for Mark. Expected Live: 148M, Free: 5788M, Non-Taxable: 578M, Alloc Tax Rate: 0.0x
[50.974s][info][gc          ] GC(34) Pause Init Mark (unload classes) 0.200ms
[50.974s][info][gc,start    ] GC(34) Concurrent marking roots
[50.974s][info][gc,task     ] GC(34) Using 1 of 3 workers for concurrent marking roots
[50.985s][info][gc          ] GC(34) Concurrent marking roots 11.149ms
[50.985s][info][gc,start    ] GC(34) Concurrent marking (unload classes)
[50.985s][info][gc,task     ] GC(34) Using 1 of 3 workers for concurrent marking
[51.035s][info][gc          ] GC(34) Concurrent marking (unload classes) 50.424ms
[51.035s][info][gc,start    ] GC(34) Pause Final Mark (unload classes)
[51.035s][info][gc,task     ] GC(34) Using 3 of 3 workers for final marking
[51.036s][info][gc,ergo     ] GC(34) Adaptive CSet Selection. Target Free: 1160M, Actual Free: 6785M, Max CSet: 341M, Min Garbage: 0B
[51.036s][info][gc,ergo     ] GC(34) Collectable Garbage: 1592M (99%), Immediate: 593M (37%), CSet: 999M (62%)
[51.036s][info][gc,ergo     ] GC(34) Pacer for Evacuation. Used CSet: 1005M, Free: 6643M, Non-Taxable: 664M, Alloc Tax Rate: 1.1x
[51.036s][info][gc          ] GC(34) Pause Final Mark (unload classes) 0.388ms
[51.036s][info][gc,start    ] GC(34) Concurrent thread roots
[51.036s][info][gc,task     ] GC(34) Using 1 of 3 workers for Concurrent thread roots
[51.044s][info][gc          ] GC(34) Concurrent thread roots 7.753ms
[51.044s][info][gc,start    ] GC(34) Concurrent weak references
[51.044s][info][gc,task     ] GC(34) Using 1 of 3 workers for concurrent weak references
[51.044s][info][gc,ref      ] GC(34) Encountered references: Soft: 3584, Weak: 17910, Final: 53, Phantom: 598
[51.044s][info][gc,ref      ] GC(34) Discovered  references: Soft: 1313, Weak: 6840, Final: 0, Phantom: 373
[51.044s][info][gc,ref      ] GC(34) Enqueued    references: Soft: 848, Weak: 3397, Final: 0, Phantom: 0
[51.044s][info][gc          ] GC(34) Concurrent weak references 0.734ms
[51.044s][info][gc,start    ] GC(34) Concurrent weak roots
[51.044s][info][gc,task     ] GC(34) Using 1 of 3 workers for concurrent weak root
[51.053s][info][gc          ] GC(34) Concurrent weak roots 9.036ms
[51.053s][info][gc,start    ] GC(34) Concurrent cleanup
[51.054s][info][gc          ] GC(34) Concurrent cleanup 1979M->1386M(8192M) 0.044ms
[51.054s][info][gc,ergo     ] GC(34) Free: 6383M, Max: 4096K regular, 5116M humongous, Frag: 20% external, 0% internal; Reserve: 410M, Max: 4096K
[51.054s][info][gc,start    ] GC(34) Concurrent class unloading
[51.054s][info][gc,task     ] GC(34) Using 1 of 3 workers for concurrent class unloading
[51.102s][info][gc          ] GC(34) Concurrent class unloading 48.384ms
[51.102s][info][gc,start    ] GC(34) Concurrent strong roots
[51.102s][info][gc,task     ] GC(34) Using 1 of 3 workers for concurrent strong root
[51.102s][info][gc          ] GC(34) Concurrent strong roots 0.312ms
[51.102s][info][gc,start    ] GC(34) Concurrent evacuation
[51.102s][info][gc,task     ] GC(34) Using 1 of 3 workers for concurrent evacuation
[51.107s][info][gc          ] GC(34) Concurrent evacuation 4.478ms
[51.107s][info][gc,start    ] GC(34) Pause Init Update Refs
[51.107s][info][gc,ergo     ] GC(34) Pacer for Update Refs. Used: 1664M, Free: 6112M, Non-Taxable: 611M, Alloc Tax Rate: 1.1x
[51.107s][info][gc          ] GC(34) Pause Init Update Refs 0.131ms
[51.107s][info][gc,start    ] GC(34) Concurrent update references
[51.107s][info][gc,task     ] GC(34) Using 1 of 3 workers for concurrent reference update
[51.128s][info][gc          ] GC(34) Concurrent update references 20.941ms
[51.128s][info][gc,start    ] GC(34) Concurrent update thread roots
[51.136s][info][gc          ] GC(34) Concurrent update thread roots 8.132ms
[51.136s][info][gc,start    ] GC(34) Pause Final Update Refs
[51.136s][info][gc,task     ] GC(34) Using 3 of 3 workers for final reference update
[51.136s][info][gc          ] GC(34) Pause Final Update Refs 0.123ms
[51.136s][info][gc,start    ] GC(34) Concurrent cleanup
[51.136s][info][gc          ] GC(34) Concurrent cleanup 1664M->658M(8192M) 0.077ms
[51.137s][info][gc,ergo     ] Free: 7121M, Max: 4096K regular, 5224M humongous, Frag: 27% external, 0% internal; Reserve: 412M, Max: 4096K
[51.137s][info][gc,stats    ] 
[51.137s][info][gc,stats    ] All times are wall-clock times, except per-root-class counters, that are sum over
[51.137s][info][gc,stats    ] all workers. Dividing the <total> over the root stage time estimates parallelism.
[51.137s][info][gc,stats    ] 
[51.137s][info][gc,stats    ] Concurrent Reset                   5144 us
[51.137s][info][gc,stats    ] Pause Init Mark (G)                 468 us
[51.137s][info][gc,stats    ] Pause Init Mark (N)                 217 us
[51.137s][info][gc,stats    ]   Update Region States               73 us
[51.137s][info][gc,stats    ] Concurrent Mark Roots             11200 us, parallelism: 0.97x
[51.137s][info][gc,stats    ]   CMR: <total>                    10883 us
[51.137s][info][gc,stats    ]   CMR: Thread Roots               10724 us, workers (us): 10724, ---, ---, 
[51.137s][info][gc,stats    ]   CMR: VM Strong Roots               23 us, workers (us):  23, ---, ---, 
[51.137s][info][gc,stats    ]   CMR: CLDG Roots                   137 us, workers (us): 137, ---, ---, 
[51.137s][info][gc,stats    ] Concurrent Marking                50489 us
[51.137s][info][gc,stats    ] Pause Final Mark (G)                502 us
[51.137s][info][gc,stats    ] Pause Final Mark (N)                405 us
[51.137s][info][gc,stats    ]   Finish Mark                        82 us
[51.137s][info][gc,stats    ]   Update Region States               46 us
[51.137s][info][gc,stats    ]   Choose Collection Set             133 us
[51.137s][info][gc,stats    ]   Rebuild Free Set                   20 us
[51.137s][info][gc,stats    ] Concurrent Thread Roots            7796 us, parallelism: 0.98x
[51.137s][info][gc,stats    ]   CTR: <total>                     7640 us
[51.137s][info][gc,stats    ]   CTR: Thread Roots                7640 us, workers (us): 7640, ---, ---, 
[51.137s][info][gc,stats    ] Concurrent Weak References          746 us, parallelism: 0.84x
[51.137s][info][gc,stats    ]   CWRF: <total>                     624 us
[51.137s][info][gc,stats    ]   CWRF: Weak References             624 us, workers (us): 624, ---, ---, 
[51.137s][info][gc,stats    ] Concurrent Weak Roots              9080 us
[51.137s][info][gc,stats    ]   Roots                            8800 us, parallelism: 0.99x
[51.137s][info][gc,stats    ]     CWR: <total>                   8736 us
[51.137s][info][gc,stats    ]     CWR: Code Cache Roots          7642 us, workers (us): 7642, ---, ---, 
[51.137s][info][gc,stats    ]     CWR: VM Weak Roots             1001 us, workers (us): 1001, ---, ---, 
[51.137s][info][gc,stats    ]     CWR: CLDG Roots                  93 us, workers (us):  93, ---, ---, 
[51.137s][info][gc,stats    ]   Rendezvous                        217 us
[51.137s][info][gc,stats    ] Concurrent Cleanup                   53 us
[51.137s][info][gc,stats    ] Concurrent Class Unloading        48429 us
[51.137s][info][gc,stats    ]   Unlink Stale                    46447 us
[51.137s][info][gc,stats    ]     System Dictionary              1946 us
[51.137s][info][gc,stats    ]     Weak Class Links              17466 us
[51.137s][info][gc,stats    ]     Code Roots                    27033 us
[51.137s][info][gc,stats    ]   Rendezvous                        204 us
[51.137s][info][gc,stats    ]   Purge Unlinked                   1713 us
[51.137s][info][gc,stats    ]     Code Roots                      933 us
[51.137s][info][gc,stats    ]     CLDG                            780 us
[51.137s][info][gc,stats    ]     Exception Caches                  0 us
[51.137s][info][gc,stats    ] Concurrent Strong Roots             321 us, parallelism: 0.69x
[51.137s][info][gc,stats    ]   CSR: <total>                      221 us
[51.137s][info][gc,stats    ]   CSR: VM Strong Roots                8 us, workers (us):   8, ---, ---, 
[51.137s][info][gc,stats    ]   CSR: CLDG Roots                   213 us, workers (us): 213, ---, ---, 
[51.137s][info][gc,stats    ] Concurrent Evacuation              4501 us
[51.137s][info][gc,stats    ] Pause Init Update Refs (G)          259 us
[51.137s][info][gc,stats    ] Pause Init Update Refs (N)          153 us
[51.137s][info][gc,stats    ]   Manage GCLABs                      32 us
[51.137s][info][gc,stats    ] Concurrent Update Refs            21004 us
[51.137s][info][gc,stats    ] Concurrent Update Thread Roots     8158 us
[51.137s][info][gc,stats    ] Pause Final Update Refs (G)         177 us
[51.137s][info][gc,stats    ] Pause Final Update Refs (N)         133 us
[51.137s][info][gc,stats    ]   Update Region States               53 us
[51.137s][info][gc,stats    ]   Trash Collection Set               11 us
[51.137s][info][gc,stats    ]   Rebuild Free Set                   20 us
[51.137s][info][gc,stats    ] Concurrent Cleanup                  100 us
[51.137s][info][gc,stats    ] 
[51.137s][info][gc,stats    ] Allocation pacing accrued:
[51.137s][info][gc,stats    ]       0 of  1222 ms (  0.0%): <total>
[51.137s][info][gc,stats    ]       0 of  1222 ms (  0.0%): <average total>
[51.137s][info][gc,stats    ] 
[51.137s][info][gc,metaspace] Metaspace: 153989K(155200K)->152955K(155136K) NonClass: 135961K(136576K)->135099K(136512K) Class: 18027K(18624K)->17856K(18624K)
[51.137s][info][gc,ergo     ] Pacer for Idle. Initial: 163M, Alloc Tax Rate: 1.0x
[51.541s][info][gc          ] Trigger: Learning 2 of 5. Free (5614M) is below initial threshold (5734M)
[51.541s][info][gc,ergo     ] Free: 5614M, Max: 4096K regular, 5224M humongous, Frag: 7% external, 0% internal; Reserve: 412M, Max: 4096K
[51.541s][info][gc,start    ] GC(35) Concurrent reset
[51.541s][info][gc,task     ] GC(35) Using 1 of 3 workers for concurrent reset
[51.541s][info][gc,ergo     ] GC(35) Pacer for Reset. Non-Taxable: 8192M
[51.557s][info][gc          ] GC(35) Concurrent reset 15.585ms
[51.557s][info][gc,start    ] GC(35) Pause Init Mark (unload classes)
[51.557s][info][gc,task     ] GC(35) Using 3 of 3 workers for init marking
[51.557s][info][gc,ergo     ] GC(35) Pacer for Mark. Expected Live: 138M, Free: 5504M, Non-Taxable: 550M, Alloc Tax Rate: 0.0x
[51.557s][info][gc          ] GC(35) Pause Init Mark (unload classes) 0.128ms
[51.557s][info][gc,start    ] GC(35) Concurrent marking roots
[51.557s][info][gc,task     ] GC(35) Using 1 of 3 workers for concurrent marking roots
[51.568s][info][gc          ] GC(35) Concurrent marking roots 10.138ms
[51.568s][info][gc,start    ] GC(35) Concurrent marking (unload classes)
[51.568s][info][gc,task     ] GC(35) Using 1 of 3 workers for concurrent marking
[51.635s][info][gc          ] GC(35) Concurrent marking (unload classes) 67.463ms
[51.635s][info][gc,start    ] GC(35) Pause Final Mark (unload classes)
[51.635s][info][gc,task     ] GC(35) Using 3 of 3 workers for final marking
[51.635s][info][gc,ergo     ] GC(35) Adaptive CSet Selection. Target Free: 1160M, Actual Free: 6553M, Max CSet: 341M, Min Garbage: 0B
[51.635s][info][gc,ergo     ] GC(35) Collectable Garbage: 2059M (99%), Immediate: 945M (45%), CSet: 1113M (53%)
[51.636s][info][gc,ergo     ] GC(35) Pacer for Evacuation. Used CSet: 1175M, Free: 6181M, Non-Taxable: 618M, Alloc Tax Rate: 1.1x
[51.636s][info][gc          ] GC(35) Pause Final Mark (unload classes) 0.264ms
[51.639s][info][gc,start    ] GC(35) Concurrent thread roots
[51.639s][info][gc,task     ] GC(35) Using 1 of 3 workers for Concurrent thread roots
[51.647s][info][gc          ] GC(35) Concurrent thread roots 8.499ms
[51.647s][info][gc,start    ] GC(35) Concurrent weak references
[51.647s][info][gc,task     ] GC(35) Using 1 of 3 workers for concurrent weak references
[51.648s][info][gc,ref      ] GC(35) Encountered references: Soft: 3712, Weak: 14935, Final: 53, Phantom: 598
[51.648s][info][gc,ref      ] GC(35) Discovered  references: Soft: 0, Weak: 7679, Final: 0, Phantom: 278
[51.648s][info][gc,ref      ] GC(35) Enqueued    references: Soft: 0, Weak: 211, Final: 0, Phantom: 0
[51.648s][info][gc          ] GC(35) Concurrent weak references 0.632ms
[51.648s][info][gc,start    ] GC(35) Concurrent weak roots
[51.648s][info][gc,task     ] GC(35) Using 1 of 3 workers for concurrent weak root
[51.656s][info][gc          ] GC(35) Concurrent weak roots 7.758ms
[51.656s][info][gc,start    ] GC(35) Concurrent cleanup
[51.656s][info][gc          ] GC(35) Concurrent cleanup 2670M->1724M(8192M) 0.043ms
[51.656s][info][gc,ergo     ] GC(35) Free: 6080M, Max: 4096K regular, 5096M humongous, Frag: 17% external, 0% internal; Reserve: 363M, Max: 4096K
[51.656s][info][gc,start    ] GC(35) Concurrent class unloading
[51.656s][info][gc,task     ] GC(35) Using 1 of 3 workers for concurrent class unloading
[51.702s][info][gc          ] GC(35) Concurrent class unloading 46.472ms
[51.702s][info][gc,start    ] GC(35) Concurrent strong roots
[51.702s][info][gc,task     ] GC(35) Using 1 of 3 workers for concurrent strong root
[51.703s][info][gc          ] GC(35) Concurrent strong roots 0.463ms
[51.703s][info][gc,start    ] GC(35) Concurrent evacuation
[51.703s][info][gc,task     ] GC(35) Using 1 of 3 workers for concurrent evacuation
[51.717s][info][gc          ] GC(35) Concurrent evacuation 14.461ms
[51.717s][info][gc,start    ] GC(35) Pause Init Update Refs
[51.717s][info][gc,ergo     ] GC(35) Pacer for Update Refs. Used: 1794M, Free: 6034M, Non-Taxable: 603M, Alloc Tax Rate: 1.1x
[51.717s][info][gc          ] GC(35) Pause Init Update Refs 0.078ms
[51.717s][info][gc,start    ] GC(35) Concurrent update references
[51.717s][info][gc,task     ] GC(35) Using 1 of 3 workers for concurrent reference update
[51.782s][info][gc          ] GC(35) Concurrent update references 64.419ms
[51.782s][info][gc,start    ] GC(35) Concurrent update thread roots
[51.790s][info][gc          ] GC(35) Concurrent update thread roots 8.431ms
[51.790s][info][gc,start    ] GC(35) Pause Final Update Refs
[51.790s][info][gc,task     ] GC(35) Using 3 of 3 workers for final reference update
[51.791s][info][gc          ] GC(35) Pause Final Update Refs 0.119ms
[51.791s][info][gc,start    ] GC(35) Concurrent cleanup
[51.791s][info][gc          ] GC(35) Concurrent cleanup 1847M->671M(8192M) 0.037ms
[51.791s][info][gc,ergo     ] Free: 7068M, Max: 4096K regular, 5024M humongous, Frag: 29% external, 0% internal; Reserve: 412M, Max: 4096K
[51.791s][info][gc,stats    ] 
[51.791s][info][gc,stats    ] All times are wall-clock times, except per-root-class counters, that are sum over
[51.791s][info][gc,stats    ] all workers. Dividing the <total> over the root stage time estimates parallelism.
[51.791s][info][gc,stats    ] 
[51.791s][info][gc,stats    ] Concurrent Reset                  15722 us
[51.791s][info][gc,stats    ] Pause Init Mark (G)                 401 us
[51.791s][info][gc,stats    ] Pause Init Mark (N)                 136 us
[51.791s][info][gc,stats    ]   Update Region States               46 us
[51.791s][info][gc,stats    ] Concurrent Mark Roots             10268 us, parallelism: 0.95x
[51.791s][info][gc,stats    ]   CMR: <total>                     9738 us
[51.791s][info][gc,stats    ]   CMR: Thread Roots                9552 us, workers (us): 9552, ---, ---, 
[51.791s][info][gc,stats    ]   CMR: VM Strong Roots               30 us, workers (us):  30, ---, ---, 
[51.791s][info][gc,stats    ]   CMR: CLDG Roots                   155 us, workers (us): 155, ---, ---, 
[51.791s][info][gc,stats    ] Concurrent Marking                67546 us
[51.791s][info][gc,stats    ] Pause Final Mark (G)               3394 us
[51.791s][info][gc,stats    ] Pause Final Mark (N)                273 us
[51.791s][info][gc,stats    ]   Finish Mark                        72 us
[51.791s][info][gc,stats    ]   Update Region States               33 us
[51.791s][info][gc,stats    ]   Choose Collection Set              78 us
[51.791s][info][gc,stats    ]   Rebuild Free Set                    9 us
[51.791s][info][gc,stats    ] Concurrent Thread Roots            8545 us, parallelism: 0.98x
[51.791s][info][gc,stats    ]   CTR: <total>                     8356 us
[51.791s][info][gc,stats    ]   CTR: Thread Roots                8356 us, workers (us): 8356, ---, ---, 
[51.791s][info][gc,stats    ] Concurrent Weak References          640 us, parallelism: 0.88x
[51.791s][info][gc,stats    ]   CWRF: <total>                     563 us
[51.791s][info][gc,stats    ]   CWRF: Weak References             563 us, workers (us): 563, ---, ---, 
[51.791s][info][gc,stats    ] Concurrent Weak Roots              7807 us
[51.791s][info][gc,stats    ]   Roots                            7549 us, parallelism: 0.99x
[51.791s][info][gc,stats    ]     CWR: <total>                   7493 us
[51.791s][info][gc,stats    ]     CWR: Code Cache Roots          6256 us, workers (us): 6256, ---, ---, 
[51.791s][info][gc,stats    ]     CWR: VM Weak Roots             1141 us, workers (us): 1141, ---, ---, 
[51.791s][info][gc,stats    ]     CWR: CLDG Roots                  95 us, workers (us):  95, ---, ---, 
[51.791s][info][gc,stats    ]   Rendezvous                        191 us
[51.791s][info][gc,stats    ] Concurrent Cleanup                   51 us
[51.791s][info][gc,stats    ] Concurrent Class Unloading        46529 us
[51.791s][info][gc,stats    ]   Unlink Stale                    44521 us
[51.791s][info][gc,stats    ]     System Dictionary               390 us
[51.791s][info][gc,stats    ]     Weak Class Links              17041 us
[51.791s][info][gc,stats    ]     Code Roots                    27089 us
[51.791s][info][gc,stats    ]   Rendezvous                        217 us
[51.791s][info][gc,stats    ]   Purge Unlinked                   1713 us
[51.791s][info][gc,stats    ]     Code Roots                     1625 us
[51.791s][info][gc,stats    ]     CLDG                             88 us
[51.791s][info][gc,stats    ]     Exception Caches                  0 us
[51.791s][info][gc,stats    ] Concurrent Strong Roots             488 us, parallelism: 0.70x
[51.791s][info][gc,stats    ]   CSR: <total>                      341 us
[51.791s][info][gc,stats    ]   CSR: VM Strong Roots                7 us, workers (us):   7, ---, ---, 
[51.791s][info][gc,stats    ]   CSR: CLDG Roots                   334 us, workers (us): 334, ---, ---, 
[51.791s][info][gc,stats    ] Concurrent Evacuation             14524 us
[51.791s][info][gc,stats    ] Pause Init Update Refs (G)          224 us
[51.791s][info][gc,stats    ] Pause Init Update Refs (N)           88 us
[51.791s][info][gc,stats    ]   Manage GCLABs                      25 us
[51.791s][info][gc,stats    ] Concurrent Update Refs            64476 us
[51.791s][info][gc,stats    ] Concurrent Update Thread Roots     8481 us
[51.791s][info][gc,stats    ] Pause Final Update Refs (G)         224 us
[51.791s][info][gc,stats    ] Pause Final Update Refs (N)         140 us
[51.791s][info][gc,stats    ]   Update Region States               45 us
[51.791s][info][gc,stats    ]   Trash Collection Set                6 us
[51.791s][info][gc,stats    ]   Rebuild Free Set                   12 us
[51.791s][info][gc,stats    ] Concurrent Cleanup                   46 us
[51.791s][info][gc,stats    ] 
[51.791s][info][gc,stats    ] Allocation pacing accrued:
[51.791s][info][gc,stats    ]       0 of   654 ms (  0.0%): <total>
[51.791s][info][gc,stats    ]       0 of   654 ms (  0.0%): <average total>
[51.791s][info][gc,stats    ] 
[51.791s][info][gc,metaspace] Metaspace: 153854K(155136K)->153874K(155136K) NonClass: 135850K(136512K)->135869K(136512K) Class: 18003K(18624K)->18005K(18624K)
[51.791s][info][gc,ergo     ] Pacer for Idle. Initial: 163M, Alloc Tax Rate: 1.0x
[52.839s][info][gc          ] Trigger: Explicit GC request (System.gc())
[52.839s][info][gc,ergo     ] Free: 5892M, Max: 4096K regular, 5024M humongous, Frag: 15% external, 0% internal; Reserve: 412M, Max: 4096K
[52.839s][info][gc,start    ] GC(36) Concurrent reset
[52.839s][info][gc,task     ] GC(36) Using 1 of 3 workers for concurrent reset
[52.839s][info][gc,ergo     ] GC(36) Pacer for Reset. Non-Taxable: 8192M
[52.845s][info][gc          ] GC(36) Concurrent reset 5.481ms
[52.845s][info][gc,start    ] GC(36) Pause Init Mark (unload classes)
[52.845s][info][gc,task     ] GC(36) Using 3 of 3 workers for init marking
[52.845s][info][gc,ref      ] GC(36) Clearing All SoftReferences
[52.845s][info][gc,ergo     ] GC(36) Pacer for Mark. Expected Live: 149M, Free: 5892M, Non-Taxable: 589M, Alloc Tax Rate: 0.0x
[52.845s][info][gc          ] GC(36) Pause Init Mark (unload classes) 0.232ms
[52.845s][info][gc,start    ] GC(36) Concurrent marking roots
[52.845s][info][gc,task     ] GC(36) Using 1 of 3 workers for concurrent marking roots
[52.853s][info][gc          ] GC(36) Concurrent marking roots 7.350ms
[52.853s][info][gc,start    ] GC(36) Concurrent marking (unload classes)
[52.853s][info][gc,task     ] GC(36) Using 1 of 3 workers for concurrent marking
[52.903s][info][gc          ] GC(36) Concurrent marking (unload classes) 49.798ms
[52.903s][info][gc,start    ] GC(36) Pause Final Mark (unload classes)
[52.903s][info][gc,task     ] GC(36) Using 3 of 3 workers for final marking
[52.903s][info][gc,ergo     ] GC(36) Adaptive CSet Selection. Target Free: 1160M, Actual Free: 6821M, Max CSet: 341M, Min Garbage: 0B
[52.903s][info][gc,ergo     ] GC(36) Collectable Garbage: 1487M (99%), Immediate: 529M (35%), CSet: 957M (64%)
[52.903s][info][gc,ergo     ] GC(36) Pacer for Evacuation. Used CSet: 963M, Free: 6683M, Non-Taxable: 668M, Alloc Tax Rate: 1.1x
[52.903s][info][gc          ] GC(36) Pause Final Mark (unload classes) 0.366ms
[52.903s][info][gc,start    ] GC(36) Concurrent thread roots
[52.903s][info][gc,task     ] GC(36) Using 1 of 3 workers for Concurrent thread roots
[52.911s][info][gc          ] GC(36) Concurrent thread roots 7.277ms
[52.911s][info][gc,start    ] GC(36) Concurrent weak references
[52.911s][info][gc,task     ] GC(36) Using 1 of 3 workers for concurrent weak references
[52.911s][info][gc,ref      ] GC(36) Encountered references: Soft: 3584, Weak: 17914, Final: 53, Phantom: 598
[52.911s][info][gc,ref      ] GC(36) Discovered  references: Soft: 1313, Weak: 6843, Final: 0, Phantom: 373
[52.911s][info][gc,ref      ] GC(36) Enqueued    references: Soft: 848, Weak: 3400, Final: 0, Phantom: 0
[52.911s][info][gc          ] GC(36) Concurrent weak references 0.838ms
[52.911s][info][gc,start    ] GC(36) Concurrent weak roots
[52.911s][info][gc,task     ] GC(36) Using 1 of 3 workers for concurrent weak root
[52.920s][info][gc          ] GC(36) Concurrent weak roots 8.419ms
[52.920s][info][gc,start    ] GC(36) Concurrent cleanup
[52.920s][info][gc          ] GC(36) Concurrent cleanup 1830M->1301M(8192M) 0.045ms
[52.920s][info][gc,ergo     ] GC(36) Free: 6467M, Max: 4096K regular, 5044M humongous, Frag: 22% external, 0% internal; Reserve: 410M, Max: 4096K
[52.920s][info][gc,start    ] GC(36) Concurrent class unloading
[52.920s][info][gc,task     ] GC(36) Using 1 of 3 workers for concurrent class unloading
[52.969s][info][gc          ] GC(36) Concurrent class unloading 48.912ms
[52.969s][info][gc,start    ] GC(36) Concurrent strong roots
[52.969s][info][gc,task     ] GC(36) Using 1 of 3 workers for concurrent strong root
[52.969s][info][gc          ] GC(36) Concurrent strong roots 0.303ms
[52.969s][info][gc,start    ] GC(36) Concurrent evacuation
[52.969s][info][gc,task     ] GC(36) Using 1 of 3 workers for concurrent evacuation
[52.974s][info][gc          ] GC(36) Concurrent evacuation 5.155ms
[52.975s][info][gc,start    ] GC(36) Pause Init Update Refs
[52.975s][info][gc,ergo     ] GC(36) Pacer for Update Refs. Used: 1611M, Free: 6163M, Non-Taxable: 616M, Alloc Tax Rate: 1.1x
[52.975s][info][gc          ] GC(36) Pause Init Update Refs 0.121ms
[52.975s][info][gc,start    ] GC(36) Concurrent update references
[52.975s][info][gc,task     ] GC(36) Using 1 of 3 workers for concurrent reference update
[52.997s][info][gc          ] GC(36) Concurrent update references 22.105ms
[52.997s][info][gc,start    ] GC(36) Concurrent update thread roots
[53.005s][info][gc          ] GC(36) Concurrent update thread roots 8.259ms
[53.005s][info][gc,start    ] GC(36) Pause Final Update Refs
[53.005s][info][gc,task     ] GC(36) Using 3 of 3 workers for final reference update
[53.005s][info][gc          ] GC(36) Pause Final Update Refs 0.148ms
[53.006s][info][gc,start    ] GC(36) Concurrent cleanup
[53.006s][info][gc          ] GC(36) Concurrent cleanup 1611M->647M(8192M) 0.106ms
[53.006s][info][gc,ergo     ] Free: 7132M, Max: 4096K regular, 5224M humongous, Frag: 27% external, 0% internal; Reserve: 412M, Max: 4096K
[53.006s][info][gc,stats    ] 
[53.006s][info][gc,stats    ] All times are wall-clock times, except per-root-class counters, that are sum over
[53.006s][info][gc,stats    ] all workers. Dividing the <total> over the root stage time estimates parallelism.
[53.006s][info][gc,stats    ] 
[53.006s][info][gc,stats    ] Concurrent Reset                   5547 us
[53.006s][info][gc,stats    ] Pause Init Mark (G)                 506 us
[53.006s][info][gc,stats    ] Pause Init Mark (N)                 254 us
[53.006s][info][gc,stats    ]   Update Region States               71 us
[53.006s][info][gc,stats    ] Concurrent Mark Roots              7409 us, parallelism: 0.96x
[53.006s][info][gc,stats    ]   CMR: <total>                     7078 us
[53.006s][info][gc,stats    ]   CMR: Thread Roots                6982 us, workers (us): 6982, ---, ---, 
[53.006s][info][gc,stats    ]   CMR: VM Strong Roots               11 us, workers (us):  11, ---, ---, 
[53.006s][info][gc,stats    ]   CMR: CLDG Roots                    84 us, workers (us):  84, ---, ---, 
[53.006s][info][gc,stats    ] Concurrent Marking                49846 us
[53.006s][info][gc,stats    ] Pause Final Mark (G)                521 us
[53.006s][info][gc,stats    ] Pause Final Mark (N)                383 us
[53.006s][info][gc,stats    ]   Finish Mark                        68 us
[53.006s][info][gc,stats    ]   Update Region States               48 us
[53.006s][info][gc,stats    ]   Choose Collection Set             125 us
[53.006s][info][gc,stats    ]   Rebuild Free Set                   19 us
[53.006s][info][gc,stats    ] Concurrent Thread Roots            7333 us, parallelism: 0.98x
[53.006s][info][gc,stats    ]   CTR: <total>                     7188 us
[53.006s][info][gc,stats    ]   CTR: Thread Roots                7188 us, workers (us): 7188, ---, ---, 
[53.006s][info][gc,stats    ] Concurrent Weak References          856 us, parallelism: 0.77x
[53.006s][info][gc,stats    ]   CWRF: <total>                     656 us
[53.006s][info][gc,stats    ]   CWRF: Weak References             656 us, workers (us): 656, ---, ---, 
[53.006s][info][gc,stats    ] Concurrent Weak Roots              8477 us
[53.006s][info][gc,stats    ]   Roots                            8180 us, parallelism: 0.99x
[53.006s][info][gc,stats    ]     CWR: <total>                   8130 us
[53.006s][info][gc,stats    ]     CWR: Code Cache Roots          7339 us, workers (us): 7339, ---, ---, 
[53.006s][info][gc,stats    ]     CWR: VM Weak Roots              701 us, workers (us): 701, ---, ---, 
[53.006s][info][gc,stats    ]     CWR: CLDG Roots                  90 us, workers (us):  90, ---, ---, 
[53.006s][info][gc,stats    ]   Rendezvous                        202 us
[53.006s][info][gc,stats    ] Concurrent Cleanup                   54 us
[53.006s][info][gc,stats    ] Concurrent Class Unloading        48967 us
[53.006s][info][gc,stats    ]   Unlink Stale                    46521 us
[53.006s][info][gc,stats    ]     System Dictionary              1800 us
[53.006s][info][gc,stats    ]     Weak Class Links              17702 us
[53.006s][info][gc,stats    ]     Code Roots                    27018 us
[53.006s][info][gc,stats    ]   Rendezvous                        230 us
[53.006s][info][gc,stats    ]   Purge Unlinked                   2140 us
[53.006s][info][gc,stats    ]     Code Roots                     1007 us
[53.006s][info][gc,stats    ]     CLDG                           1133 us
[53.006s][info][gc,stats    ]     Exception Caches                  0 us
[53.006s][info][gc,stats    ] Concurrent Strong Roots             312 us, parallelism: 0.68x
[53.006s][info][gc,stats    ]   CSR: <total>                      211 us
[53.006s][info][gc,stats    ]   CSR: VM Strong Roots                8 us, workers (us):   8, ---, ---, 
[53.006s][info][gc,stats    ]   CSR: CLDG Roots                   203 us, workers (us): 203, ---, ---, 
[53.006s][info][gc,stats    ] Concurrent Evacuation              5180 us
[53.006s][info][gc,stats    ] Pause Init Update Refs (G)          308 us
[53.006s][info][gc,stats    ] Pause Init Update Refs (N)          138 us
[53.006s][info][gc,stats    ]   Manage GCLABs                      35 us
[53.006s][info][gc,stats    ] Concurrent Update Refs            22172 us
[53.006s][info][gc,stats    ] Concurrent Update Thread Roots     8334 us
[53.006s][info][gc,stats    ] Pause Final Update Refs (G)         268 us
[53.006s][info][gc,stats    ] Pause Final Update Refs (N)         158 us
[53.006s][info][gc,stats    ]   Update Region States               53 us
[53.006s][info][gc,stats    ]   Trash Collection Set               12 us
[53.006s][info][gc,stats    ]   Rebuild Free Set                   23 us
[53.006s][info][gc,stats    ] Concurrent Cleanup                  132 us
[53.006s][info][gc,stats    ] 
[53.006s][info][gc,stats    ] Allocation pacing accrued:
[53.006s][info][gc,stats    ]       0 of  1215 ms (  0.0%): <total>
[53.006s][info][gc,stats    ]       0 of  1215 ms (  0.0%): <average total>
[53.006s][info][gc,stats    ] 
[53.006s][info][gc,metaspace] Metaspace: 154107K(155392K)->153075K(155328K) NonClass: 136079K(136768K)->135218K(136704K) Class: 18027K(18624K)->17856K(18624K)
[53.006s][info][gc,ergo     ] Pacer for Idle. Initial: 163M, Alloc Tax Rate: 1.0x
[53.408s][info][gc          ] Trigger: Learning 2 of 5. Free (5608M) is below initial threshold (5734M)
[53.408s][info][gc,ergo     ] Free: 5608M, Max: 4096K regular, 5224M humongous, Frag: 7% external, 0% internal; Reserve: 412M, Max: 4096K
[53.408s][info][gc,start    ] GC(37) Concurrent reset
[53.408s][info][gc,task     ] GC(37) Using 1 of 3 workers for concurrent reset
[53.408s][info][gc,ergo     ] GC(37) Pacer for Reset. Non-Taxable: 8192M
[53.423s][info][gc          ] GC(37) Concurrent reset 14.352ms
[53.423s][info][gc,start    ] GC(37) Pause Init Mark (unload classes)
[53.423s][info][gc,task     ] GC(37) Using 3 of 3 workers for init marking
[53.423s][info][gc,ergo     ] GC(37) Pacer for Mark. Expected Live: 138M, Free: 5504M, Non-Taxable: 550M, Alloc Tax Rate: 0.0x
[53.423s][info][gc          ] GC(37) Pause Init Mark (unload classes) 0.134ms
[53.423s][info][gc,start    ] GC(37) Concurrent marking roots
[53.423s][info][gc,task     ] GC(37) Using 1 of 3 workers for concurrent marking roots
[53.433s][info][gc          ] GC(37) Concurrent marking roots 9.851ms
[53.433s][info][gc,start    ] GC(37) Concurrent marking (unload classes)
[53.433s][info][gc,task     ] GC(37) Using 1 of 3 workers for concurrent marking
[53.499s][info][gc          ] GC(37) Concurrent marking (unload classes) 65.835ms
[53.499s][info][gc,start    ] GC(37) Pause Final Mark (unload classes)
[53.499s][info][gc,task     ] GC(37) Using 3 of 3 workers for final marking
[53.499s][info][gc,ergo     ] GC(37) Adaptive CSet Selection. Target Free: 1160M, Actual Free: 6580M, Max CSet: 341M, Min Garbage: 0B
[53.499s][info][gc,ergo     ] GC(37) Collectable Garbage: 2058M (99%), Immediate: 940M (45%), CSet: 1118M (54%)
[53.499s][info][gc,ergo     ] GC(37) Pacer for Evacuation. Used CSet: 1184M, Free: 6205M, Non-Taxable: 620M, Alloc Tax Rate: 1.1x
[53.499s][info][gc          ] GC(37) Pause Final Mark (unload classes) 0.251ms
[53.502s][info][gc,start    ] GC(37) Concurrent thread roots
[53.502s][info][gc,task     ] GC(37) Using 1 of 3 workers for Concurrent thread roots
[53.517s][info][gc          ] GC(37) Concurrent thread roots 15.274ms
[53.517s][info][gc,start    ] GC(37) Concurrent weak references
[53.517s][info][gc,task     ] GC(37) Using 1 of 3 workers for concurrent weak references
[53.518s][info][gc,ref      ] GC(37) Encountered references: Soft: 3713, Weak: 14932, Final: 53, Phantom: 598
[53.518s][info][gc,ref      ] GC(37) Discovered  references: Soft: 0, Weak: 7741, Final: 0, Phantom: 278
[53.518s][info][gc,ref      ] GC(37) Enqueued    references: Soft: 0, Weak: 212, Final: 0, Phantom: 0
[53.518s][info][gc          ] GC(37) Concurrent weak references 0.584ms
[53.518s][info][gc,start    ] GC(37) Concurrent weak roots
[53.518s][info][gc,task     ] GC(37) Using 1 of 3 workers for concurrent weak root
[53.525s][info][gc          ] GC(37) Concurrent weak roots 7.535ms
[53.525s][info][gc,start    ] GC(37) Concurrent cleanup
[53.526s][info][gc          ] GC(37) Concurrent cleanup 2668M->1728M(8192M) 0.042ms
[53.526s][info][gc,ergo     ] GC(37) Free: 6099M, Max: 4096K regular, 5124M humongous, Frag: 16% external, 0% internal; Reserve: 343M, Max: 4096K
[53.526s][info][gc,start    ] GC(37) Concurrent class unloading
[53.526s][info][gc,task     ] GC(37) Using 1 of 3 workers for concurrent class unloading
[53.569s][info][gc          ] GC(37) Concurrent class unloading 43.734ms
[53.569s][info][gc,start    ] GC(37) Concurrent strong roots
[53.569s][info][gc,task     ] GC(37) Using 1 of 3 workers for concurrent strong root
[53.570s][info][gc          ] GC(37) Concurrent strong roots 0.502ms
[53.570s][info][gc,start    ] GC(37) Concurrent evacuation
[53.570s][info][gc,task     ] GC(37) Using 1 of 3 workers for concurrent evacuation
[53.582s][info][gc          ] GC(37) Concurrent evacuation 11.845ms
[53.582s][info][gc,start    ] GC(37) Pause Init Update Refs
[53.582s][info][gc,ergo     ] GC(37) Pacer for Update Refs. Used: 1789M, Free: 6039M, Non-Taxable: 603M, Alloc Tax Rate: 1.1x
[53.582s][info][gc          ] GC(37) Pause Init Update Refs 0.081ms
[53.582s][info][gc,start    ] GC(37) Concurrent update references
[53.582s][info][gc,task     ] GC(37) Using 1 of 3 workers for concurrent reference update
[53.643s][info][gc          ] GC(37) Concurrent update references 60.590ms
[53.643s][info][gc,start    ] GC(37) Concurrent update thread roots
[53.650s][info][gc          ] GC(37) Concurrent update thread roots 7.338ms
[53.650s][info][gc,start    ] GC(37) Pause Final Update Refs
[53.650s][info][gc,task     ] GC(37) Using 3 of 3 workers for final reference update
[53.650s][info][gc          ] GC(37) Pause Final Update Refs 0.125ms
[53.650s][info][gc,start    ] GC(37) Concurrent cleanup
[53.650s][info][gc          ] GC(37) Concurrent cleanup 1836M->652M(8192M) 0.083ms
[53.650s][info][gc,ergo     ] Free: 7087M, Max: 4096K regular, 5048M humongous, Frag: 29% external, 0% internal; Reserve: 412M, Max: 4096K
[53.650s][info][gc,stats    ] 
[53.650s][info][gc,stats    ] All times are wall-clock times, except per-root-class counters, that are sum over
[53.650s][info][gc,stats    ] all workers. Dividing the <total> over the root stage time estimates parallelism.
[53.650s][info][gc,stats    ] 
[53.651s][info][gc,stats    ] Concurrent Reset                  14509 us
[53.651s][info][gc,stats    ] Pause Init Mark (G)                 559 us
[53.651s][info][gc,stats    ] Pause Init Mark (N)                 142 us
[53.651s][info][gc,stats    ]   Update Region States               51 us
[53.651s][info][gc,stats    ] Concurrent Mark Roots             10016 us, parallelism: 0.94x
[53.651s][info][gc,stats    ]   CMR: <total>                     9422 us
[53.651s][info][gc,stats    ]   CMR: Thread Roots                9257 us, workers (us): 9257, ---, ---, 
[53.651s][info][gc,stats    ]   CMR: VM Strong Roots               26 us, workers (us):  26, ---, ---, 
[53.651s][info][gc,stats    ]   CMR: CLDG Roots                   140 us, workers (us): 140, ---, ---, 
[53.651s][info][gc,stats    ] Concurrent Marking                65892 us
[53.651s][info][gc,stats    ] Pause Final Mark (G)               2846 us
[53.651s][info][gc,stats    ] Pause Final Mark (N)                260 us
[53.651s][info][gc,stats    ]   Finish Mark                        69 us
[53.651s][info][gc,stats    ]   Update Region States               30 us
[53.651s][info][gc,stats    ]   Choose Collection Set              76 us
[53.651s][info][gc,stats    ]   Rebuild Free Set                    9 us
[53.651s][info][gc,stats    ] Concurrent Thread Roots           15322 us, parallelism: 0.98x
[53.651s][info][gc,stats    ]   CTR: <total>                    15088 us
[53.651s][info][gc,stats    ]   CTR: Thread Roots               15088 us, workers (us): 15088, ---, ---, 
[53.651s][info][gc,stats    ] Concurrent Weak References          601 us, parallelism: 0.85x
[53.651s][info][gc,stats    ]   CWRF: <total>                     514 us
[53.651s][info][gc,stats    ]   CWRF: Weak References             514 us, workers (us): 514, ---, ---, 
[53.651s][info][gc,stats    ] Concurrent Weak Roots              7572 us
[53.651s][info][gc,stats    ]   Roots                            7334 us, parallelism: 0.99x
[53.651s][info][gc,stats    ]     CWR: <total>                   7297 us
[53.651s][info][gc,stats    ]     CWR: Code Cache Roots          5606 us, workers (us): 5606, ---, ---, 
[53.651s][info][gc,stats    ]     CWR: VM Weak Roots             1568 us, workers (us): 1568, ---, ---, 
[53.651s][info][gc,stats    ]     CWR: CLDG Roots                 123 us, workers (us): 123, ---, ---, 
[53.651s][info][gc,stats    ]   Rendezvous                        169 us
[53.651s][info][gc,stats    ] Concurrent Cleanup                   51 us
[53.651s][info][gc,stats    ] Concurrent Class Unloading        43782 us
[53.651s][info][gc,stats    ]   Unlink Stale                    41182 us
[53.651s][info][gc,stats    ]     System Dictionary               390 us
[53.651s][info][gc,stats    ]     Weak Class Links              15007 us
[53.651s][info][gc,stats    ]     Code Roots                    25784 us
[53.651s][info][gc,stats    ]   Rendezvous                        298 us
[53.651s][info][gc,stats    ]   Purge Unlinked                   2233 us
[53.651s][info][gc,stats    ]     Code Roots                     2124 us
[53.651s][info][gc,stats    ]     CLDG                            108 us
[53.651s][info][gc,stats    ]     Exception Caches                  0 us
[53.651s][info][gc,stats    ] Concurrent Strong Roots             535 us, parallelism: 0.67x
[53.651s][info][gc,stats    ]   CSR: <total>                      357 us
[53.651s][info][gc,stats    ]   CSR: VM Strong Roots                9 us, workers (us):   9, ---, ---, 
[53.651s][info][gc,stats    ]   CSR: CLDG Roots                   348 us, workers (us): 348, ---, ---, 
[53.651s][info][gc,stats    ] Concurrent Evacuation             11901 us
[53.651s][info][gc,stats    ] Pause Init Update Refs (G)          223 us
[53.651s][info][gc,stats    ] Pause Init Update Refs (N)           98 us
[53.651s][info][gc,stats    ]   Manage GCLABs                      20 us
[53.651s][info][gc,stats    ] Concurrent Update Refs            60641 us
[53.651s][info][gc,stats    ] Concurrent Update Thread Roots     7396 us
[53.651s][info][gc,stats    ] Pause Final Update Refs (G)         228 us
[53.651s][info][gc,stats    ] Pause Final Update Refs (N)         137 us
[53.651s][info][gc,stats    ]   Update Region States               58 us
[53.651s][info][gc,stats    ]   Trash Collection Set                4 us
[53.651s][info][gc,stats    ]   Rebuild Free Set                   16 us
[53.651s][info][gc,stats    ] Concurrent Cleanup                  103 us
[53.651s][info][gc,stats    ] 
[53.651s][info][gc,stats    ] Allocation pacing accrued:
[53.651s][info][gc,stats    ]       0 of   645 ms (  0.0%): <total>
[53.651s][info][gc,stats    ]       0 of   645 ms (  0.0%): <average total>
[53.651s][info][gc,stats    ] 
[53.651s][info][gc,metaspace] Metaspace: 153978K(155328K)->153999K(155328K) NonClass: 135974K(136704K)->135993K(136704K) Class: 18003K(18624K)->18005K(18624K)
[53.651s][info][gc,ergo     ] Pacer for Idle. Initial: 163M, Alloc Tax Rate: 1.0x
[54.680s][info][gc          ] Trigger: Explicit GC request (System.gc())
[54.680s][info][gc,ergo     ] Free: 5904M, Max: 4096K regular, 5048M humongous, Frag: 15% external, 0% internal; Reserve: 412M, Max: 4096K
[54.680s][info][gc,start    ] GC(38) Concurrent reset
[54.680s][info][gc,task     ] GC(38) Using 1 of 3 workers for concurrent reset
[54.680s][info][gc,ergo     ] GC(38) Pacer for Reset. Non-Taxable: 8192M
[54.686s][info][gc          ] GC(38) Concurrent reset 5.998ms
[54.687s][info][gc,start    ] GC(38) Pause Init Mark (unload classes)
[54.687s][info][gc,task     ] GC(38) Using 3 of 3 workers for init marking
[54.687s][info][gc,ref      ] GC(38) Clearing All SoftReferences
[54.687s][info][gc,ergo     ] GC(38) Pacer for Mark. Expected Live: 151M, Free: 5904M, Non-Taxable: 590M, Alloc Tax Rate: 0.0x
[54.687s][info][gc          ] GC(38) Pause Init Mark (unload classes) 0.207ms
[54.687s][info][gc,start    ] GC(38) Concurrent marking roots
[54.687s][info][gc,task     ] GC(38) Using 1 of 3 workers for concurrent marking roots
[54.694s][info][gc          ] GC(38) Concurrent marking roots 7.388ms
[54.694s][info][gc,start    ] GC(38) Concurrent marking (unload classes)
[54.694s][info][gc,task     ] GC(38) Using 1 of 3 workers for concurrent marking
[54.745s][info][gc          ] GC(38) Concurrent marking (unload classes) 50.407ms
[54.745s][info][gc,start    ] GC(38) Pause Final Mark (unload classes)
[54.745s][info][gc,task     ] GC(38) Using 3 of 3 workers for final marking
[54.745s][info][gc,ergo     ] GC(38) Adaptive CSet Selection. Target Free: 1160M, Actual Free: 6821M, Max CSet: 341M, Min Garbage: 0B
[54.745s][info][gc,ergo     ] GC(38) Collectable Garbage: 1476M (99%), Immediate: 513M (34%), CSet: 962M (64%)
[54.745s][info][gc,ergo     ] GC(38) Pacer for Evacuation. Used CSet: 968M, Free: 6683M, Non-Taxable: 668M, Alloc Tax Rate: 1.1x
[54.745s][info][gc          ] GC(38) Pause Final Mark (unload classes) 0.479ms
[54.745s][info][gc,start    ] GC(38) Concurrent thread roots
[54.745s][info][gc,task     ] GC(38) Using 1 of 3 workers for Concurrent thread roots
[54.754s][info][gc          ] GC(38) Concurrent thread roots 8.168ms
[54.754s][info][gc,start    ] GC(38) Concurrent weak references
[54.754s][info][gc,task     ] GC(38) Using 1 of 3 workers for concurrent weak references
[54.754s][info][gc,ref      ] GC(38) Encountered references: Soft: 3587, Weak: 17911, Final: 53, Phantom: 598
[54.754s][info][gc,ref      ] GC(38) Discovered  references: Soft: 1316, Weak: 6859, Final: 0, Phantom: 278
[54.754s][info][gc,ref      ] GC(38) Enqueued    references: Soft: 851, Weak: 3398, Final: 0, Phantom: 0
[54.754s][info][gc          ] GC(38) Concurrent weak references 0.750ms
[54.754s][info][gc,start    ] GC(38) Concurrent weak roots
[54.754s][info][gc,task     ] GC(38) Using 1 of 3 workers for concurrent weak root
[54.764s][info][gc          ] GC(38) Concurrent weak roots 9.250ms
[54.764s][info][gc,start    ] GC(38) Concurrent cleanup
[54.764s][info][gc          ] GC(38) Concurrent cleanup 1944M->1430M(8192M) 0.041ms
[54.764s][info][gc,ergo     ] GC(38) Free: 6343M, Max: 4096K regular, 5096M humongous, Frag: 20% external, 0% internal; Reserve: 410M, Max: 4096K
[54.764s][info][gc,start    ] GC(38) Concurrent class unloading
[54.764s][info][gc,task     ] GC(38) Using 1 of 3 workers for concurrent class unloading
[54.812s][info][gc          ] GC(38) Concurrent class unloading 48.059ms
[54.812s][info][gc,start    ] GC(38) Concurrent strong roots
[54.812s][info][gc,task     ] GC(38) Using 1 of 3 workers for concurrent strong root
[54.812s][info][gc          ] GC(38) Concurrent strong roots 0.362ms
[54.812s][info][gc,start    ] GC(38) Concurrent evacuation
[54.812s][info][gc,task     ] GC(38) Using 1 of 3 workers for concurrent evacuation
[54.819s][info][gc          ] GC(38) Concurrent evacuation 6.383ms
[54.819s][info][gc,start    ] GC(38) Pause Init Update Refs
[54.819s][info][gc,ergo     ] GC(38) Pacer for Update Refs. Used: 1600M, Free: 6179M, Non-Taxable: 617M, Alloc Tax Rate: 1.1x
[54.819s][info][gc          ] GC(38) Pause Init Update Refs 0.069ms
[54.819s][info][gc,start    ] GC(38) Concurrent update references
[54.819s][info][gc,task     ] GC(38) Using 1 of 3 workers for concurrent reference update
[54.841s][info][gc          ] GC(38) Concurrent update references 22.012ms
[54.841s][info][gc,start    ] GC(38) Concurrent update thread roots
[54.848s][info][gc          ] GC(38) Concurrent update thread roots 6.788ms
[54.848s][info][gc,start    ] GC(38) Pause Final Update Refs
[54.848s][info][gc,task     ] GC(38) Using 3 of 3 workers for final reference update
[54.848s][info][gc          ] GC(38) Pause Final Update Refs 0.167ms
[54.848s][info][gc,start    ] GC(38) Concurrent cleanup
[54.848s][info][gc          ] GC(38) Concurrent cleanup 1600M->631M(8192M) 0.075ms
[54.848s][info][gc,ergo     ] Free: 7148M, Max: 4096K regular, 5224M humongous, Frag: 27% external, 0% internal; Reserve: 412M, Max: 4096K
[54.848s][info][gc,stats    ] 
[54.848s][info][gc,stats    ] All times are wall-clock times, except per-root-class counters, that are sum over
[54.848s][info][gc,stats    ] all workers. Dividing the <total> over the root stage time estimates parallelism.
[54.848s][info][gc,stats    ] 
[54.848s][info][gc,stats    ] Concurrent Reset                   6063 us
[54.848s][info][gc,stats    ] Pause Init Mark (G)                 447 us
[54.848s][info][gc,stats    ] Pause Init Mark (N)                 223 us
[54.848s][info][gc,stats    ]   Update Region States               78 us
[54.848s][info][gc,stats    ] Concurrent Mark Roots              7434 us, parallelism: 0.96x
[54.848s][info][gc,stats    ]   CMR: <total>                     7135 us
[54.848s][info][gc,stats    ]   CMR: Thread Roots                7042 us, workers (us): 7042, ---, ---, 
[54.849s][info][gc,stats    ]   CMR: VM Strong Roots               11 us, workers (us):  11, ---, ---, 
[54.849s][info][gc,stats    ]   CMR: CLDG Roots                    82 us, workers (us):  82, ---, ---, 
[54.849s][info][gc,stats    ] Concurrent Marking                50472 us
[54.849s][info][gc,stats    ] Pause Final Mark (G)                581 us
[54.849s][info][gc,stats    ] Pause Final Mark (N)                488 us
[54.849s][info][gc,stats    ]   Finish Mark                       174 us
[54.849s][info][gc,stats    ]   Update Region States               52 us
[54.849s][info][gc,stats    ]   Choose Collection Set             146 us
[54.849s][info][gc,stats    ]   Rebuild Free Set                   10 us
[54.849s][info][gc,stats    ] Concurrent Thread Roots            8218 us, parallelism: 0.98x
[54.849s][info][gc,stats    ]   CTR: <total>                     8075 us
[54.849s][info][gc,stats    ]   CTR: Thread Roots                8075 us, workers (us): 8075, ---, ---, 
[54.849s][info][gc,stats    ] Concurrent Weak References          758 us, parallelism: 0.82x
[54.849s][info][gc,stats    ]   CWRF: <total>                     624 us
[54.849s][info][gc,stats    ]   CWRF: Weak References             624 us, workers (us): 624, ---, ---, 
[54.849s][info][gc,stats    ] Concurrent Weak Roots              9290 us
[54.849s][info][gc,stats    ]   Roots                            9053 us, parallelism: 1.00x
[54.849s][info][gc,stats    ]     CWR: <total>                   9012 us
[54.849s][info][gc,stats    ]     CWR: Code Cache Roots          7652 us, workers (us): 7652, ---, ---, 
[54.849s][info][gc,stats    ]     CWR: VM Weak Roots             1261 us, workers (us): 1261, ---, ---, 
[54.849s][info][gc,stats    ]     CWR: CLDG Roots                  99 us, workers (us):  99, ---, ---, 
[54.849s][info][gc,stats    ]   Rendezvous                        179 us
[54.849s][info][gc,stats    ] Concurrent Cleanup                   50 us
[54.849s][info][gc,stats    ] Concurrent Class Unloading        48112 us
[54.849s][info][gc,stats    ]   Unlink Stale                    45905 us
[54.849s][info][gc,stats    ]     System Dictionary              1877 us
[54.849s][info][gc,stats    ]     Weak Class Links              17251 us
[54.849s][info][gc,stats    ]     Code Roots                    26776 us
[54.849s][info][gc,stats    ]   Rendezvous                        182 us
[54.849s][info][gc,stats    ]   Purge Unlinked                   1952 us
[54.849s][info][gc,stats    ]     Code Roots                      996 us
[54.849s][info][gc,stats    ]     CLDG                            955 us
[54.849s][info][gc,stats    ]     Exception Caches                  0 us
[54.849s][info][gc,stats    ] Concurrent Strong Roots             372 us, parallelism: 0.69x
[54.849s][info][gc,stats    ]   CSR: <total>                      258 us
[54.849s][info][gc,stats    ]   CSR: VM Strong Roots                9 us, workers (us):   9, ---, ---, 
[54.849s][info][gc,stats    ]   CSR: CLDG Roots                   249 us, workers (us): 249, ---, ---, 
[54.849s][info][gc,stats    ] Concurrent Evacuation              6435 us
[54.849s][info][gc,stats    ] Pause Init Update Refs (G)          180 us
[54.849s][info][gc,stats    ] Pause Init Update Refs (N)           77 us
[54.849s][info][gc,stats    ]   Manage GCLABs                      32 us
[54.849s][info][gc,stats    ] Concurrent Update Refs            22116 us
[54.849s][info][gc,stats    ] Concurrent Update Thread Roots     6813 us
[54.849s][info][gc,stats    ] Pause Final Update Refs (G)         268 us
[54.849s][info][gc,stats    ] Pause Final Update Refs (N)         186 us
[54.849s][info][gc,stats    ]   Update Region States               70 us
[54.849s][info][gc,stats    ]   Trash Collection Set               11 us
[54.849s][info][gc,stats    ]   Rebuild Free Set                   20 us
[54.849s][info][gc,stats    ] Concurrent Cleanup                   98 us
[54.849s][info][gc,stats    ] 
[54.849s][info][gc,stats    ] Allocation pacing accrued:
[54.849s][info][gc,stats    ]       0 of  1198 ms (  0.0%): <total>
[54.849s][info][gc,stats    ]       0 of  1198 ms (  0.0%): <average total>
[54.849s][info][gc,stats    ] 
[54.849s][info][gc,metaspace] Metaspace: 154177K(155456K)->153146K(155392K) NonClass: 136149K(136832K)->135289K(136768K) Class: 18028K(18624K)->17856K(18624K)
[54.849s][info][gc,ergo     ] Pacer for Idle. Initial: 163M, Alloc Tax Rate: 1.0x
[55.257s][info][gc          ] Trigger: Learning 2 of 5. Free (5675M) is below initial threshold (5734M)
[55.257s][info][gc,ergo     ] Free: 5672M, Max: 4096K regular, 5224M humongous, Frag: 8% external, 0% internal; Reserve: 412M, Max: 4096K
[55.257s][info][gc,start    ] GC(39) Concurrent reset
[55.257s][info][gc,task     ] GC(39) Using 1 of 3 workers for concurrent reset
[55.257s][info][gc,ergo     ] GC(39) Pacer for Reset. Non-Taxable: 8192M
[55.272s][info][gc          ] GC(39) Concurrent reset 14.646ms
[55.272s][info][gc,start    ] GC(39) Pause Init Mark (unload classes)
[55.272s][info][gc,task     ] GC(39) Using 3 of 3 workers for init marking
[55.272s][info][gc,ergo     ] GC(39) Pacer for Mark. Expected Live: 140M, Free: 5568M, Non-Taxable: 556M, Alloc Tax Rate: 0.0x
[55.272s][info][gc          ] GC(39) Pause Init Mark (unload classes) 0.148ms
[55.272s][info][gc,start    ] GC(39) Concurrent marking roots
[55.273s][info][gc,task     ] GC(39) Using 1 of 3 workers for concurrent marking roots
[55.282s][info][gc          ] GC(39) Concurrent marking roots 9.775ms
[55.282s][info][gc,start    ] GC(39) Concurrent marking (unload classes)
[55.282s][info][gc,task     ] GC(39) Using 1 of 3 workers for concurrent marking
[55.351s][info][gc          ] GC(39) Concurrent marking (unload classes) 68.472ms
[55.351s][info][gc,start    ] GC(39) Pause Final Mark (unload classes)
[55.351s][info][gc,task     ] GC(39) Using 3 of 3 workers for final marking
[55.351s][info][gc,ergo     ] GC(39) Adaptive CSet Selection. Target Free: 1160M, Actual Free: 6593M, Max CSet: 341M, Min Garbage: 0B
[55.351s][info][gc,ergo     ] GC(39) Collectable Garbage: 1998M (99%), Immediate: 933M (46%), CSet: 1064M (53%)
[55.351s][info][gc,ergo     ] GC(39) Pacer for Evacuation. Used CSet: 1122M, Free: 6221M, Non-Taxable: 622M, Alloc Tax Rate: 1.1x
[55.351s][info][gc          ] GC(39) Pause Final Mark (unload classes) 0.225ms
[55.351s][info][gc,start    ] GC(39) Concurrent thread roots
[55.351s][info][gc,task     ] GC(39) Using 1 of 3 workers for Concurrent thread roots
[55.360s][info][gc          ] GC(39) Concurrent thread roots 8.885ms
[55.360s][info][gc,start    ] GC(39) Concurrent weak references
[55.360s][info][gc,task     ] GC(39) Using 1 of 3 workers for concurrent weak references
[55.361s][info][gc,ref      ] GC(39) Encountered references: Soft: 3713, Weak: 14937, Final: 53, Phantom: 598
[55.361s][info][gc,ref      ] GC(39) Discovered  references: Soft: 0, Weak: 6835, Final: 0, Phantom: 278
[55.361s][info][gc,ref      ] GC(39) Enqueued    references: Soft: 0, Weak: 211, Final: 0, Phantom: 0
[55.361s][info][gc          ] GC(39) Concurrent weak references 1.206ms
[55.361s][info][gc,start    ] GC(39) Concurrent weak roots
[55.361s][info][gc,task     ] GC(39) Using 1 of 3 workers for concurrent weak root
[55.375s][info][gc          ] GC(39) Concurrent weak roots 13.075ms
[55.375s][info][gc,start    ] GC(39) Concurrent cleanup
[55.375s][info][gc          ] GC(39) Concurrent cleanup 2626M->1692M(8192M) 0.044ms
[55.375s][info][gc,ergo     ] GC(39) Free: 6135M, Max: 4096K regular, 5160M humongous, Frag: 16% external, 0% internal; Reserve: 348M, Max: 4096K
[55.375s][info][gc,start    ] GC(39) Concurrent class unloading
[55.375s][info][gc,task     ] GC(39) Using 1 of 3 workers for concurrent class unloading
[55.420s][info][gc          ] GC(39) Concurrent class unloading 44.980ms
[55.420s][info][gc,start    ] GC(39) Concurrent strong roots
[55.420s][info][gc,task     ] GC(39) Using 1 of 3 workers for concurrent strong root
[55.420s][info][gc          ] GC(39) Concurrent strong roots 0.409ms
[55.420s][info][gc,start    ] GC(39) Concurrent evacuation
[55.420s][info][gc,task     ] GC(39) Using 1 of 3 workers for concurrent evacuation
[55.428s][info][gc          ] GC(39) Concurrent evacuation 7.981ms
[55.428s][info][gc,start    ] GC(39) Pause Init Update Refs
[55.428s][info][gc,ergo     ] GC(39) Pacer for Update Refs. Used: 1752M, Free: 6079M, Non-Taxable: 607M, Alloc Tax Rate: 1.1x
[55.428s][info][gc          ] GC(39) Pause Init Update Refs 0.076ms
[55.431s][info][gc,start    ] GC(39) Concurrent update references
[55.431s][info][gc,task     ] GC(39) Using 1 of 3 workers for concurrent reference update
[55.502s][info][gc          ] GC(39) Concurrent update references 71.311ms
[55.502s][info][gc,start    ] GC(39) Concurrent update thread roots
[55.509s][info][gc          ] GC(39) Concurrent update thread roots 7.049ms
[55.509s][info][gc,start    ] GC(39) Pause Final Update Refs
[55.509s][info][gc,task     ] GC(39) Using 3 of 3 workers for final reference update
[55.509s][info][gc          ] GC(39) Pause Final Update Refs 0.160ms
[55.509s][info][gc,start    ] GC(39) Concurrent cleanup
[55.509s][info][gc          ] GC(39) Concurrent cleanup 1819M->696M(8192M) 0.108ms
[55.509s][info][gc,ergo     ] Free: 7043M, Max: 4096K regular, 5084M humongous, Frag: 28% external, 0% internal; Reserve: 412M, Max: 4096K
[55.509s][info][gc,stats    ] 
[55.509s][info][gc,stats    ] All times are wall-clock times, except per-root-class counters, that are sum over
[55.509s][info][gc,stats    ] all workers. Dividing the <total> over the root stage time estimates parallelism.
[55.510s][info][gc,stats    ] 
[55.510s][info][gc,stats    ] Concurrent Reset                  14795 us
[55.510s][info][gc,stats    ] Pause Init Mark (G)                 659 us
[55.510s][info][gc,stats    ] Pause Init Mark (N)                 156 us
[55.510s][info][gc,stats    ]   Update Region States               56 us
[55.510s][info][gc,stats    ] Concurrent Mark Roots              9920 us, parallelism: 0.94x
[55.510s][info][gc,stats    ]   CMR: <total>                     9295 us
[55.510s][info][gc,stats    ]   CMR: Thread Roots                9116 us, workers (us): 9116, ---, ---, 
[55.510s][info][gc,stats    ]   CMR: VM Strong Roots               29 us, workers (us):  29, ---, ---, 
[55.510s][info][gc,stats    ]   CMR: CLDG Roots                   151 us, workers (us): 151, ---, ---, 
[55.510s][info][gc,stats    ] Concurrent Marking                68522 us
[55.510s][info][gc,stats    ] Pause Final Mark (G)                297 us
[55.510s][info][gc,stats    ] Pause Final Mark (N)                233 us
[55.510s][info][gc,stats    ]   Finish Mark                        58 us
[55.510s][info][gc,stats    ]   Update Region States               31 us
[55.510s][info][gc,stats    ]   Choose Collection Set              66 us
[55.510s][info][gc,stats    ]   Rebuild Free Set                    9 us
[55.510s][info][gc,stats    ] Concurrent Thread Roots            9003 us, parallelism: 0.98x
[55.510s][info][gc,stats    ]   CTR: <total>                     8818 us
[55.510s][info][gc,stats    ]   CTR: Thread Roots                8818 us, workers (us): 8818, ---, ---, 
[55.510s][info][gc,stats    ] Concurrent Weak References         1221 us, parallelism: 0.82x
[55.510s][info][gc,stats    ]   CWRF: <total>                    1003 us
[55.510s][info][gc,stats    ]   CWRF: Weak References            1003 us, workers (us): 1003, ---, ---, 
[55.510s][info][gc,stats    ] Concurrent Weak Roots             13140 us
[55.510s][info][gc,stats    ]   Roots                           12828 us, parallelism: 0.99x
[55.510s][info][gc,stats    ]     CWR: <total>                  12760 us
[55.510s][info][gc,stats    ]     CWR: Code Cache Roots          9858 us, workers (us): 9858, ---, ---, 
[55.510s][info][gc,stats    ]     CWR: VM Weak Roots             2644 us, workers (us): 2644, ---, ---, 
[55.510s][info][gc,stats    ]     CWR: CLDG Roots                 259 us, workers (us): 259, ---, ---, 
[55.510s][info][gc,stats    ]   Rendezvous                        219 us
[55.510s][info][gc,stats    ] Concurrent Cleanup                   53 us
[55.510s][info][gc,stats    ] Concurrent Class Unloading        45028 us
[55.510s][info][gc,stats    ]   Unlink Stale                    43646 us
[55.510s][info][gc,stats    ]     System Dictionary               441 us
[55.510s][info][gc,stats    ]     Weak Class Links              17249 us
[55.510s][info][gc,stats    ]     Code Roots                    25954 us
[55.510s][info][gc,stats    ]   Rendezvous                        221 us
[55.510s][info][gc,stats    ]   Purge Unlinked                   1093 us
[55.510s][info][gc,stats    ]     Code Roots                     1032 us
[55.510s][info][gc,stats    ]     CLDG                             61 us
[55.510s][info][gc,stats    ]     Exception Caches                  0 us
[55.510s][info][gc,stats    ] Concurrent Strong Roots             425 us, parallelism: 0.71x
[55.510s][info][gc,stats    ]   CSR: <total>                      300 us
[55.510s][info][gc,stats    ]   CSR: VM Strong Roots                7 us, workers (us):   7, ---, ---, 
[55.510s][info][gc,stats    ]   CSR: CLDG Roots                   293 us, workers (us): 293, ---, ---, 
[55.510s][info][gc,stats    ] Concurrent Evacuation              8053 us
[55.510s][info][gc,stats    ] Pause Init Update Refs (G)         2324 us
[55.510s][info][gc,stats    ] Pause Init Update Refs (N)           84 us
[55.510s][info][gc,stats    ]   Manage GCLABs                      15 us
[55.510s][info][gc,stats    ] Concurrent Update Refs            71359 us
[55.510s][info][gc,stats    ] Concurrent Update Thread Roots     7111 us
[55.510s][info][gc,stats    ] Pause Final Update Refs (G)         249 us
[55.510s][info][gc,stats    ] Pause Final Update Refs (N)         172 us
[55.510s][info][gc,stats    ]   Update Region States               67 us
[55.510s][info][gc,stats    ]   Trash Collection Set               12 us
[55.510s][info][gc,stats    ]   Rebuild Free Set                   20 us
[55.510s][info][gc,stats    ] Concurrent Cleanup                  134 us
[55.510s][info][gc,stats    ] 
[55.510s][info][gc,stats    ] Allocation pacing accrued:
[55.510s][info][gc,stats    ]       0 of   661 ms (  0.0%): <total>
[55.510s][info][gc,stats    ]       0 of   661 ms (  0.0%): <average total>
[55.510s][info][gc,stats    ] 
[55.510s][info][gc,metaspace] Metaspace: 154017K(155392K)->154054K(155392K) NonClass: 136016K(136768K)->136047K(136768K) Class: 18001K(18624K)->18007K(18624K)
[55.510s][info][gc,ergo     ] Pacer for Idle. Initial: 163M, Alloc Tax Rate: 1.0x
[56.551s][info][gc          ] Trigger: Explicit GC request (System.gc())
[56.551s][info][gc,ergo     ] Free: 5841M, Max: 4096K regular, 5084M humongous, Frag: 13% external, 0% internal; Reserve: 412M, Max: 4096K
[56.551s][info][gc,start    ] GC(40) Concurrent reset
[56.551s][info][gc,task     ] GC(40) Using 1 of 3 workers for concurrent reset
[56.551s][info][gc,ergo     ] GC(40) Pacer for Reset. Non-Taxable: 8192M
[56.556s][info][gc          ] GC(40) Concurrent reset 4.336ms
[56.556s][info][gc,start    ] GC(40) Pause Init Mark (unload classes)
[56.556s][info][gc,task     ] GC(40) Using 3 of 3 workers for init marking
[56.556s][info][gc,ref      ] GC(40) Clearing All SoftReferences
[56.556s][info][gc,ergo     ] GC(40) Pacer for Mark. Expected Live: 151M, Free: 5841M, Non-Taxable: 584M, Alloc Tax Rate: 0.0x
[56.556s][info][gc          ] GC(40) Pause Init Mark (unload classes) 0.230ms
[56.556s][info][gc,start    ] GC(40) Concurrent marking roots
[56.556s][info][gc,task     ] GC(40) Using 1 of 3 workers for concurrent marking roots
[56.564s][info][gc          ] GC(40) Concurrent marking roots 7.251ms
[56.564s][info][gc,start    ] GC(40) Concurrent marking (unload classes)
[56.564s][info][gc,task     ] GC(40) Using 1 of 3 workers for concurrent marking
[56.615s][info][gc          ] GC(40) Concurrent marking (unload classes) 51.046ms
[56.615s][info][gc,start    ] GC(40) Pause Final Mark (unload classes)
[56.615s][info][gc,task     ] GC(40) Using 3 of 3 workers for final marking
[56.615s][info][gc,ergo     ] GC(40) Adaptive CSet Selection. Target Free: 1160M, Actual Free: 6795M, Max CSet: 341M, Min Garbage: 0B
[56.615s][info][gc,ergo     ] GC(40) Collectable Garbage: 1535M (99%), Immediate: 555M (35%), CSet: 980M (63%)
[56.615s][info][gc,ergo     ] GC(40) Pacer for Evacuation. Used CSet: 989M, Free: 6659M, Non-Taxable: 665M, Alloc Tax Rate: 1.1x
[56.615s][info][gc          ] GC(40) Pause Final Mark (unload classes) 0.484ms
[56.615s][info][gc,start    ] GC(40) Concurrent thread roots
[56.615s][info][gc,task     ] GC(40) Using 1 of 3 workers for Concurrent thread roots
[56.622s][info][gc          ] GC(40) Concurrent thread roots 6.964ms
[56.622s][info][gc,start    ] GC(40) Concurrent weak references
[56.622s][info][gc,task     ] GC(40) Using 1 of 3 workers for concurrent weak references
[56.623s][info][gc,ref      ] GC(40) Encountered references: Soft: 3587, Weak: 17918, Final: 53, Phantom: 598
[56.623s][info][gc,ref      ] GC(40) Discovered  references: Soft: 1316, Weak: 6846, Final: 0, Phantom: 373
[56.623s][info][gc,ref      ] GC(40) Enqueued    references: Soft: 851, Weak: 3403, Final: 0, Phantom: 0
[56.624s][info][gc          ] GC(40) Concurrent weak references 1.131ms
[56.624s][info][gc,start    ] GC(40) Concurrent weak roots
[56.624s][info][gc,task     ] GC(40) Using 1 of 3 workers for concurrent weak root
[56.632s][info][gc          ] GC(40) Concurrent weak roots 8.057ms
[56.632s][info][gc,start    ] GC(40) Concurrent cleanup
[56.632s][info][gc          ] GC(40) Concurrent cleanup 1915M->1359M(8192M) 0.040ms
[56.632s][info][gc,ergo     ] GC(40) Free: 6407M, Max: 4096K regular, 5104M humongous, Frag: 21% external, 0% internal; Reserve: 410M, Max: 4096K
[56.632s][info][gc,start    ] GC(40) Concurrent class unloading
[56.632s][info][gc,task     ] GC(40) Using 1 of 3 workers for concurrent class unloading
[56.678s][info][gc          ] GC(40) Concurrent class unloading 45.996ms
[56.678s][info][gc,start    ] GC(40) Concurrent strong roots
[56.678s][info][gc,task     ] GC(40) Using 1 of 3 workers for concurrent strong root
[56.678s][info][gc          ] GC(40) Concurrent strong roots 0.524ms
[56.678s][info][gc,start    ] GC(40) Concurrent evacuation
[56.678s][info][gc,task     ] GC(40) Using 1 of 3 workers for concurrent evacuation
[56.685s][info][gc          ] GC(40) Concurrent evacuation 6.256ms
[56.685s][info][gc,start    ] GC(40) Pause Init Update Refs
[56.685s][info][gc,ergo     ] GC(40) Pacer for Update Refs. Used: 1638M, Free: 6139M, Non-Taxable: 613M, Alloc Tax Rate: 1.1x
[56.685s][info][gc          ] GC(40) Pause Init Update Refs 0.117ms
[56.685s][info][gc,start    ] GC(40) Concurrent update references
[56.685s][info][gc,task     ] GC(40) Using 1 of 3 workers for concurrent reference update
[56.708s][info][gc          ] GC(40) Concurrent update references 22.802ms
[56.708s][info][gc,start    ] GC(40) Concurrent update thread roots
[56.716s][info][gc          ] GC(40) Concurrent update thread roots 8.012ms
[56.716s][info][gc,start    ] GC(40) Pause Final Update Refs
[56.716s][info][gc,task     ] GC(40) Using 3 of 3 workers for final reference update
[56.716s][info][gc          ] GC(40) Pause Final Update Refs 0.150ms
[56.716s][info][gc,start    ] GC(40) Concurrent cleanup
[56.716s][info][gc          ] GC(40) Concurrent cleanup 1638M->648M(8192M) 0.090ms
[56.716s][info][gc,ergo     ] Free: 7131M, Max: 4096K regular, 5224M humongous, Frag: 27% external, 0% internal; Reserve: 412M, Max: 4096K
[56.716s][info][gc,stats    ] 
[56.716s][info][gc,stats    ] All times are wall-clock times, except per-root-class counters, that are sum over
[56.716s][info][gc,stats    ] all workers. Dividing the <total> over the root stage time estimates parallelism.
[56.716s][info][gc,stats    ] 
[56.716s][info][gc,stats    ] Concurrent Reset                   4403 us
[56.716s][info][gc,stats    ] Pause Init Mark (G)                 486 us
[56.716s][info][gc,stats    ] Pause Init Mark (N)                 251 us
[56.716s][info][gc,stats    ]   Update Region States               70 us
[56.716s][info][gc,stats    ] Concurrent Mark Roots              7298 us, parallelism: 0.96x
[56.717s][info][gc,stats    ]   CMR: <total>                     6973 us
[56.717s][info][gc,stats    ]   CMR: Thread Roots                6876 us, workers (us): 6876, ---, ---, 
[56.717s][info][gc,stats    ]   CMR: VM Strong Roots               10 us, workers (us):  10, ---, ---, 
[56.717s][info][gc,stats    ]   CMR: CLDG Roots                    87 us, workers (us):  87, ---, ---, 
[56.717s][info][gc,stats    ] Concurrent Marking                51110 us
[56.717s][info][gc,stats    ] Pause Final Mark (G)                633 us
[56.717s][info][gc,stats    ] Pause Final Mark (N)                502 us
[56.717s][info][gc,stats    ]   Finish Mark                        96 us
[56.717s][info][gc,stats    ]   Update Region States               85 us
[56.717s][info][gc,stats    ]   Choose Collection Set             151 us
[56.717s][info][gc,stats    ]   Rebuild Free Set                   20 us
[56.717s][info][gc,stats    ] Concurrent Thread Roots            7005 us, parallelism: 0.98x
[56.717s][info][gc,stats    ]   CTR: <total>                     6879 us
[56.717s][info][gc,stats    ]   CTR: Thread Roots                6879 us, workers (us): 6879, ---, ---, 
[56.717s][info][gc,stats    ] Concurrent Weak References         1139 us, parallelism: 0.82x
[56.717s][info][gc,stats    ]   CWRF: <total>                     931 us
[56.717s][info][gc,stats    ]   CWRF: Weak References             931 us, workers (us): 931, ---, ---, 
[56.717s][info][gc,stats    ] Concurrent Weak Roots              8101 us
[56.717s][info][gc,stats    ]   Roots                            7847 us, parallelism: 0.99x
[56.717s][info][gc,stats    ]     CWR: <total>                   7778 us
[56.717s][info][gc,stats    ]     CWR: Code Cache Roots          6848 us, workers (us): 6848, ---, ---, 
[56.717s][info][gc,stats    ]     CWR: VM Weak Roots              851 us, workers (us): 851, ---, ---, 
[56.717s][info][gc,stats    ]     CWR: CLDG Roots                  79 us, workers (us):  79, ---, ---, 
[56.717s][info][gc,stats    ]   Rendezvous                        191 us
[56.717s][info][gc,stats    ] Concurrent Cleanup                   49 us
[56.717s][info][gc,stats    ] Concurrent Class Unloading        46041 us
[56.717s][info][gc,stats    ]   Unlink Stale                    43625 us
[56.717s][info][gc,stats    ]     System Dictionary              1838 us
[56.717s][info][gc,stats    ]     Weak Class Links              17311 us
[56.717s][info][gc,stats    ]     Code Roots                    24473 us
[56.717s][info][gc,stats    ]   Rendezvous                        268 us
[56.717s][info][gc,stats    ]   Purge Unlinked                   2083 us
[56.717s][info][gc,stats    ]     Code Roots                     1261 us
[56.717s][info][gc,stats    ]     CLDG                            821 us
[56.717s][info][gc,stats    ]     Exception Caches                  0 us
[56.717s][info][gc,stats    ] Concurrent Strong Roots             562 us, parallelism: 0.65x
[56.717s][info][gc,stats    ]   CSR: <total>                      366 us
[56.717s][info][gc,stats    ]   CSR: VM Strong Roots               14 us, workers (us):  14, ---, ---, 
[56.717s][info][gc,stats    ]   CSR: CLDG Roots                   352 us, workers (us): 352, ---, ---, 
[56.717s][info][gc,stats    ] Concurrent Evacuation              6336 us
[56.717s][info][gc,stats    ] Pause Init Update Refs (G)          283 us
[56.717s][info][gc,stats    ] Pause Init Update Refs (N)          133 us
[56.717s][info][gc,stats    ]   Manage GCLABs                      37 us
[56.717s][info][gc,stats    ] Concurrent Update Refs            22867 us
[56.717s][info][gc,stats    ] Concurrent Update Thread Roots     8056 us
[56.717s][info][gc,stats    ] Pause Final Update Refs (G)         270 us
[56.717s][info][gc,stats    ] Pause Final Update Refs (N)         168 us
[56.717s][info][gc,stats    ]   Update Region States               70 us
[56.717s][info][gc,stats    ]   Trash Collection Set                8 us
[56.717s][info][gc,stats    ]   Rebuild Free Set                   18 us
[56.717s][info][gc,stats    ] Concurrent Cleanup                  118 us
[56.717s][info][gc,stats    ] 
[56.717s][info][gc,stats    ] Allocation pacing accrued:
[56.717s][info][gc,stats    ]       0 of  1207 ms (  0.0%): <total>
[56.717s][info][gc,stats    ]       0 of  1207 ms (  0.0%): <average total>
[56.717s][info][gc,stats    ] 
[56.717s][info][gc,metaspace] Metaspace: 154298K(155520K)->153268K(155456K) NonClass: 136268K(136896K)->135410K(136832K) Class: 18030K(18624K)->17858K(18624K)
[56.717s][info][gc,ergo     ] Pacer for Idle. Initial: 163M, Alloc Tax Rate: 1.0x
[57.122s][info][gc          ] Trigger: Learning 2 of 5. Free (5683M) is below initial threshold (5734M)
[57.122s][info][gc,ergo     ] Free: 5683M, Max: 4096K regular, 5224M humongous, Frag: 8% external, 0% internal; Reserve: 412M, Max: 4096K
[57.122s][info][gc,start    ] GC(41) Concurrent reset
[57.122s][info][gc,task     ] GC(41) Using 1 of 3 workers for concurrent reset
[57.122s][info][gc,ergo     ] GC(41) Pacer for Reset. Non-Taxable: 8192M
[57.134s][info][gc          ] GC(41) Concurrent reset 12.201ms
[57.135s][info][gc,start    ] GC(41) Pause Init Mark (unload classes)
[57.135s][info][gc,task     ] GC(41) Using 3 of 3 workers for init marking
[57.135s][info][gc,ergo     ] GC(41) Pacer for Mark. Expected Live: 140M, Free: 5610M, Non-Taxable: 561M, Alloc Tax Rate: 0.0x
[57.135s][info][gc          ] GC(41) Pause Init Mark (unload classes) 0.124ms
[57.155s][info][gc,start    ] GC(41) Concurrent marking roots
[57.155s][info][gc,task     ] GC(41) Using 1 of 3 workers for concurrent marking roots
[57.164s][info][gc          ] GC(41) Concurrent marking roots 8.922ms
[57.164s][info][gc,start    ] GC(41) Concurrent marking (unload classes)
[57.164s][info][gc,task     ] GC(41) Using 1 of 3 workers for concurrent marking
[57.232s][info][gc          ] GC(41) Concurrent marking (unload classes) 67.569ms
[57.232s][info][gc,start    ] GC(41) Pause Final Mark (unload classes)
[57.232s][info][gc,task     ] GC(41) Using 3 of 3 workers for final marking
[57.232s][info][gc,ergo     ] GC(41) Adaptive CSet Selection. Target Free: 1160M, Actual Free: 6596M, Max CSet: 341M, Min Garbage: 0B
[57.232s][info][gc,ergo     ] GC(41) Collectable Garbage: 1964M (99%), Immediate: 920M (46%), CSet: 1043M (52%)
[57.232s][info][gc,ergo     ] GC(41) Pacer for Evacuation. Used CSet: 1097M, Free: 6222M, Non-Taxable: 622M, Alloc Tax Rate: 1.1x
[57.232s][info][gc          ] GC(41) Pause Final Mark (unload classes) 0.244ms
[57.232s][info][gc,start    ] GC(41) Concurrent thread roots
[57.233s][info][gc,task     ] GC(41) Using 1 of 3 workers for Concurrent thread roots
[57.240s][info][gc          ] GC(41) Concurrent thread roots 7.609ms
[57.240s][info][gc,start    ] GC(41) Concurrent weak references
[57.240s][info][gc,task     ] GC(41) Using 1 of 3 workers for concurrent weak references
[57.240s][info][gc,ref      ] GC(41) Encountered references: Soft: 3713, Weak: 14935, Final: 53, Phantom: 598
[57.240s][info][gc,ref      ] GC(41) Discovered  references: Soft: 0, Weak: 3543, Final: 0, Phantom: 234
[57.241s][info][gc,ref      ] GC(41) Enqueued    references: Soft: 0, Weak: 221, Final: 0, Phantom: 0
[57.241s][info][gc          ] GC(41) Concurrent weak references 0.381ms
[57.241s][info][gc,start    ] GC(41) Concurrent weak roots
[57.241s][info][gc,task     ] GC(41) Using 1 of 3 workers for concurrent weak root
[57.249s][info][gc          ] GC(41) Concurrent weak roots 8.224ms
[57.249s][info][gc,start    ] GC(41) Concurrent cleanup
[57.249s][info][gc          ] GC(41) Concurrent cleanup 2523M->1602M(8192M) 0.065ms
[57.249s][info][gc,ergo     ] GC(41) Free: 6167M, Max: 4096K regular, 5212M humongous, Frag: 16% external, 0% internal; Reserve: 411M, Max: 4096K
[57.249s][info][gc,start    ] GC(41) Concurrent class unloading
[57.249s][info][gc,task     ] GC(41) Using 1 of 3 workers for concurrent class unloading
[57.314s][info][gc          ] GC(41) Concurrent class unloading 64.672ms
[57.314s][info][gc,start    ] GC(41) Concurrent strong roots
[57.314s][info][gc,task     ] GC(41) Using 1 of 3 workers for concurrent strong root
[57.314s][info][gc          ] GC(41) Concurrent strong roots 0.531ms
[57.314s][info][gc,start    ] GC(41) Concurrent evacuation
[57.314s][info][gc,task     ] GC(41) Using 1 of 3 workers for concurrent evacuation
[57.324s][info][gc          ] GC(41) Concurrent evacuation 9.260ms
[57.324s][info][gc,start    ] GC(41) Pause Init Update Refs
[57.324s][info][gc,ergo     ] GC(41) Pacer for Update Refs. Used: 1745M, Free: 6079M, Non-Taxable: 607M, Alloc Tax Rate: 1.1x
[57.324s][info][gc          ] GC(41) Pause Init Update Refs 0.062ms
[57.324s][info][gc,start    ] GC(41) Concurrent update references
[57.324s][info][gc,task     ] GC(41) Using 1 of 3 workers for concurrent reference update
[57.409s][info][gc          ] GC(41) Concurrent update references 85.594ms
[57.409s][info][gc,start    ] GC(41) Concurrent update thread roots
[57.417s][info][gc          ] GC(41) Concurrent update thread roots 7.537ms
[57.417s][info][gc,start    ] GC(41) Pause Final Update Refs
[57.417s][info][gc,task     ] GC(41) Using 3 of 3 workers for final reference update
[57.417s][info][gc          ] GC(41) Pause Final Update Refs 0.120ms
[57.417s][info][gc,start    ] GC(41) Concurrent cleanup
[57.417s][info][gc          ] GC(41) Concurrent cleanup 1807M->713M(8192M) 0.036ms
[57.417s][info][gc,ergo     ] Free: 7030M, Max: 4096K regular, 5152M humongous, Frag: 27% external, 0% internal; Reserve: 412M, Max: 4096K
[57.417s][info][gc,stats    ] 
[57.417s][info][gc,stats    ] All times are wall-clock times, except per-root-class counters, that are sum over
[57.417s][info][gc,stats    ] all workers. Dividing the <total> over the root stage time estimates parallelism.
[57.417s][info][gc,stats    ] 
[57.417s][info][gc,stats    ] Concurrent Reset                  12319 us
[57.417s][info][gc,stats    ] Pause Init Mark (G)               20481 us
[57.417s][info][gc,stats    ] Pause Init Mark (N)                 134 us
[57.417s][info][gc,stats    ]   Update Region States               41 us
[57.417s][info][gc,stats    ] Concurrent Mark Roots              9001 us, parallelism: 0.94x
[57.417s][info][gc,stats    ]   CMR: <total>                     8488 us
[57.417s][info][gc,stats    ]   CMR: Thread Roots                8274 us, workers (us): 8274, ---, ---, 
[57.417s][info][gc,stats    ]   CMR: VM Strong Roots               38 us, workers (us):  38, ---, ---, 
[57.417s][info][gc,stats    ]   CMR: CLDG Roots                   175 us, workers (us): 175, ---, ---, 
[57.417s][info][gc,stats    ] Concurrent Marking                67633 us
[57.417s][info][gc,stats    ] Pause Final Mark (G)                806 us
[57.417s][info][gc,stats    ] Pause Final Mark (N)                252 us
[57.417s][info][gc,stats    ]   Finish Mark                        57 us
[57.417s][info][gc,stats    ]   Update Region States               32 us
[57.417s][info][gc,stats    ]   Choose Collection Set              78 us
[57.417s][info][gc,stats    ]   Rebuild Free Set                    9 us
[57.417s][info][gc,stats    ] Concurrent Thread Roots            7670 us, parallelism: 0.98x
[57.417s][info][gc,stats    ]   CTR: <total>                     7545 us
[57.417s][info][gc,stats    ]   CTR: Thread Roots                7545 us, workers (us): 7545, ---, ---, 
[57.417s][info][gc,stats    ] Concurrent Weak References          397 us, parallelism: 0.67x
[57.417s][info][gc,stats    ]   CWRF: <total>                     264 us
[57.417s][info][gc,stats    ]   CWRF: Weak References             264 us, workers (us): 264, ---, ---, 
[57.417s][info][gc,stats    ] Concurrent Weak Roots              8288 us
[57.418s][info][gc,stats    ]   Roots                            8008 us, parallelism: 0.99x
[57.418s][info][gc,stats    ]     CWR: <total>                   7955 us
[57.418s][info][gc,stats    ]     CWR: Code Cache Roots          6566 us, workers (us): 6566, ---, ---, 
[57.418s][info][gc,stats    ]     CWR: VM Weak Roots             1275 us, workers (us): 1275, ---, ---, 
[57.418s][info][gc,stats    ]     CWR: CLDG Roots                 114 us, workers (us): 114, ---, ---, 
[57.418s][info][gc,stats    ]   Rendezvous                        183 us
[57.418s][info][gc,stats    ] Concurrent Cleanup                   83 us
[57.418s][info][gc,stats    ] Concurrent Class Unloading        64730 us
[57.418s][info][gc,stats    ]   Unlink Stale                    63079 us
[57.418s][info][gc,stats    ]     System Dictionary               554 us
[57.418s][info][gc,stats    ]     Weak Class Links              33582 us
[57.418s][info][gc,stats    ]     Code Roots                    28941 us
[57.418s][info][gc,stats    ]   Rendezvous                        182 us
[57.418s][info][gc,stats    ]   Purge Unlinked                   1374 us
[57.418s][info][gc,stats    ]     Code Roots                     1287 us
[57.418s][info][gc,stats    ]     CLDG                             85 us
[57.418s][info][gc,stats    ]     Exception Caches                  0 us
[57.418s][info][gc,stats    ] Concurrent Strong Roots             578 us, parallelism: 0.69x
[57.418s][info][gc,stats    ]   CSR: <total>                      396 us
[57.418s][info][gc,stats    ]   CSR: VM Strong Roots               10 us, workers (us):  10, ---, ---, 
[57.418s][info][gc,stats    ]   CSR: CLDG Roots                   386 us, workers (us): 386, ---, ---, 
[57.418s][info][gc,stats    ] Concurrent Evacuation              9331 us
[57.418s][info][gc,stats    ] Pause Init Update Refs (G)          190 us
[57.418s][info][gc,stats    ] Pause Init Update Refs (N)           71 us
[57.418s][info][gc,stats    ]   Manage GCLABs                      24 us
[57.418s][info][gc,stats    ] Concurrent Update Refs            85643 us
[57.418s][info][gc,stats    ] Concurrent Update Thread Roots     7590 us
[57.418s][info][gc,stats    ] Pause Final Update Refs (G)         213 us
[57.418s][info][gc,stats    ] Pause Final Update Refs (N)         131 us
[57.418s][info][gc,stats    ]   Update Region States               41 us
[57.418s][info][gc,stats    ]   Trash Collection Set                9 us
[57.418s][info][gc,stats    ]   Rebuild Free Set                   19 us
[57.418s][info][gc,stats    ] Concurrent Cleanup                   45 us
[57.418s][info][gc,stats    ] 
[57.418s][info][gc,stats    ] Allocation pacing accrued:
[57.418s][info][gc,stats    ]       0 of   700 ms (  0.0%): <total>
[57.418s][info][gc,stats    ]       0 of   700 ms (  0.0%): <average total>
[57.418s][info][gc,stats    ] 
[57.418s][info][gc,metaspace] Metaspace: 154166K(155456K)->154186K(155456K) NonClass: 136160K(136832K)->136178K(136832K) Class: 18006K(18624K)->18007K(18624K)
[57.418s][info][gc,ergo     ] Pacer for Idle. Initial: 163M, Alloc Tax Rate: 1.0x
[58.453s][info][gc          ] Trigger: Explicit GC request (System.gc())
[58.453s][info][gc,ergo     ] Free: 5824M, Max: 4096K regular, 5152M humongous, Frag: 12% external, 0% internal; Reserve: 412M, Max: 4096K
[58.453s][info][gc,start    ] GC(42) Concurrent reset
[58.453s][info][gc,task     ] GC(42) Using 1 of 3 workers for concurrent reset
[58.453s][info][gc,ergo     ] GC(42) Pacer for Reset. Non-Taxable: 8192M
[58.458s][info][gc          ] GC(42) Concurrent reset 4.825ms
[58.458s][info][gc,start    ] GC(42) Pause Init Mark (unload classes)
[58.458s][info][gc,task     ] GC(42) Using 3 of 3 workers for init marking
[58.458s][info][gc,ref      ] GC(42) Clearing All SoftReferences
[58.458s][info][gc,ergo     ] GC(42) Pacer for Mark. Expected Live: 150M, Free: 5824M, Non-Taxable: 582M, Alloc Tax Rate: 0.0x
[58.458s][info][gc          ] GC(42) Pause Init Mark (unload classes) 0.149ms
[58.458s][info][gc,start    ] GC(42) Concurrent marking roots
[58.458s][info][gc,task     ] GC(42) Using 1 of 3 workers for concurrent marking roots
[58.466s][info][gc          ] GC(42) Concurrent marking roots 8.057ms
[58.466s][info][gc,start    ] GC(42) Concurrent marking (unload classes)
[58.466s][info][gc,task     ] GC(42) Using 1 of 3 workers for concurrent marking
[58.517s][info][gc          ] GC(42) Concurrent marking (unload classes) 50.506ms
[58.517s][info][gc,start    ] GC(42) Pause Final Mark (unload classes)
[58.517s][info][gc,task     ] GC(42) Using 3 of 3 workers for final marking
[58.517s][info][gc,ergo     ] GC(42) Adaptive CSet Selection. Target Free: 1160M, Actual Free: 6813M, Max CSet: 341M, Min Garbage: 0B
[58.517s][info][gc,ergo     ] GC(42) Collectable Garbage: 1552M (99%), Immediate: 585M (37%), CSet: 966M (61%)
[58.517s][info][gc,ergo     ] GC(42) Pacer for Evacuation. Used CSet: 977M, Free: 6675M, Non-Taxable: 667M, Alloc Tax Rate: 1.1x
[58.517s][info][gc          ] GC(42) Pause Final Mark (unload classes) 0.271ms
[58.517s][info][gc,start    ] GC(42) Concurrent thread roots
[58.517s][info][gc,task     ] GC(42) Using 1 of 3 workers for Concurrent thread roots
[58.525s][info][gc          ] GC(42) Concurrent thread roots 7.743ms
[58.525s][info][gc,start    ] GC(42) Concurrent weak references
[58.525s][info][gc,task     ] GC(42) Using 1 of 3 workers for concurrent weak references
[58.526s][info][gc,ref      ] GC(42) Encountered references: Soft: 3584, Weak: 17911, Final: 53, Phantom: 598
[58.526s][info][gc,ref      ] GC(42) Discovered  references: Soft: 1313, Weak: 6863, Final: 0, Phantom: 278
[58.526s][info][gc,ref      ] GC(42) Enqueued    references: Soft: 848, Weak: 3397, Final: 0, Phantom: 0
[58.526s][info][gc          ] GC(42) Concurrent weak references 0.773ms
[58.526s][info][gc,start    ] GC(42) Concurrent weak roots
[58.526s][info][gc,task     ] GC(42) Using 1 of 3 workers for concurrent weak root
[58.535s][info][gc          ] GC(42) Concurrent weak roots 9.304ms
[58.535s][info][gc,start    ] GC(42) Concurrent cleanup
[58.535s][info][gc          ] GC(42) Concurrent cleanup 2056M->1471M(8192M) 0.045ms
[58.535s][info][gc,ergo     ] GC(42) Free: 6299M, Max: 4096K regular, 5188M humongous, Frag: 18% external, 0% internal; Reserve: 410M, Max: 4096K
[58.535s][info][gc,start    ] GC(42) Concurrent class unloading
[58.535s][info][gc,task     ] GC(42) Using 1 of 3 workers for concurrent class unloading
[58.585s][info][gc          ] GC(42) Concurrent class unloading 49.718ms
[58.585s][info][gc,start    ] GC(42) Concurrent strong roots
[58.585s][info][gc,task     ] GC(42) Using 1 of 3 workers for concurrent strong root
[58.585s][info][gc          ] GC(42) Concurrent strong roots 0.325ms
[58.585s][info][gc,start    ] GC(42) Concurrent evacuation
[58.585s][info][gc,task     ] GC(42) Using 1 of 3 workers for concurrent evacuation
[58.592s][info][gc          ] GC(42) Concurrent evacuation 6.899ms
[58.592s][info][gc,start    ] GC(42) Pause Init Update Refs
[58.593s][info][gc,ergo     ] GC(42) Pacer for Update Refs. Used: 1621M, Free: 6159M, Non-Taxable: 615M, Alloc Tax Rate: 1.1x
[58.593s][info][gc          ] GC(42) Pause Init Update Refs 0.125ms
[58.593s][info][gc,start    ] GC(42) Concurrent update references
[58.593s][info][gc,task     ] GC(42) Using 1 of 3 workers for concurrent reference update
[58.616s][info][gc          ] GC(42) Concurrent update references 23.081ms
[58.616s][info][gc,start    ] GC(42) Concurrent update thread roots
[58.623s][info][gc          ] GC(42) Concurrent update thread roots 7.074ms
[58.623s][info][gc,start    ] GC(42) Pause Final Update Refs
[58.623s][info][gc,task     ] GC(42) Using 3 of 3 workers for final reference update
[58.623s][info][gc          ] GC(42) Pause Final Update Refs 0.153ms
[58.623s][info][gc,start    ] GC(42) Concurrent cleanup
[58.623s][info][gc          ] GC(42) Concurrent cleanup 1621M->644M(8192M) 0.076ms
[58.623s][info][gc,ergo     ] Free: 7135M, Max: 4096K regular, 5224M humongous, Frag: 27% external, 0% internal; Reserve: 412M, Max: 4096K
[58.623s][info][gc,stats    ] 
[58.623s][info][gc,stats    ] All times are wall-clock times, except per-root-class counters, that are sum over
[58.623s][info][gc,stats    ] all workers. Dividing the <total> over the root stage time estimates parallelism.
[58.623s][info][gc,stats    ] 
[58.623s][info][gc,stats    ] Concurrent Reset                   4874 us
[58.623s][info][gc,stats    ] Pause Init Mark (G)                 279 us
[58.623s][info][gc,stats    ] Pause Init Mark (N)                 166 us
[58.623s][info][gc,stats    ]   Update Region States               57 us
[58.623s][info][gc,stats    ] Concurrent Mark Roots              8102 us, parallelism: 0.97x
[58.623s][info][gc,stats    ]   CMR: <total>                     7880 us
[58.623s][info][gc,stats    ]   CMR: Thread Roots                7787 us, workers (us): 7787, ---, ---, 
[58.623s][info][gc,stats    ]   CMR: VM Strong Roots               11 us, workers (us):  11, ---, ---, 
[58.623s][info][gc,stats    ]   CMR: CLDG Roots                    82 us, workers (us):  82, ---, ---, 
[58.624s][info][gc,stats    ] Concurrent Marking                50558 us
[58.624s][info][gc,stats    ] Pause Final Mark (G)                337 us
[58.624s][info][gc,stats    ] Pause Final Mark (N)                279 us
[58.624s][info][gc,stats    ]   Finish Mark                        76 us
[58.624s][info][gc,stats    ]   Update Region States               37 us
[58.624s][info][gc,stats    ]   Choose Collection Set              82 us
[58.624s][info][gc,stats    ]   Rebuild Free Set                    9 us
[58.624s][info][gc,stats    ] Concurrent Thread Roots            7792 us, parallelism: 0.98x
[58.624s][info][gc,stats    ]   CTR: <total>                     7662 us
[58.624s][info][gc,stats    ]   CTR: Thread Roots                7662 us, workers (us): 7662, ---, ---, 
[58.624s][info][gc,stats    ] Concurrent Weak References          781 us, parallelism: 0.85x
[58.624s][info][gc,stats    ]   CWRF: <total>                     660 us
[58.624s][info][gc,stats    ]   CWRF: Weak References             660 us, workers (us): 660, ---, ---, 
[58.624s][info][gc,stats    ] Concurrent Weak Roots              9350 us
[58.624s][info][gc,stats    ]   Roots                            9061 us, parallelism: 0.99x
[58.624s][info][gc,stats    ]     CWR: <total>                   8981 us
[58.624s][info][gc,stats    ]     CWR: Code Cache Roots          7807 us, workers (us): 7807, ---, ---, 
[58.624s][info][gc,stats    ]     CWR: VM Weak Roots             1085 us, workers (us): 1085, ---, ---, 
[58.624s][info][gc,stats    ]     CWR: CLDG Roots                  90 us, workers (us):  90, ---, ---, 
[58.624s][info][gc,stats    ]   Rendezvous                        225 us
[58.624s][info][gc,stats    ] Concurrent Cleanup                   53 us
[58.624s][info][gc,stats    ] Concurrent Class Unloading        49770 us
[58.624s][info][gc,stats    ]   Unlink Stale                    47032 us
[58.624s][info][gc,stats    ]     System Dictionary              1827 us
[58.624s][info][gc,stats    ]     Weak Class Links              17457 us
[58.624s][info][gc,stats    ]     Code Roots                    27744 us
[58.624s][info][gc,stats    ]   Rendezvous                        185 us
[58.624s][info][gc,stats    ]   Purge Unlinked                   2481 us
[58.624s][info][gc,stats    ]     Code Roots                     1533 us
[58.624s][info][gc,stats    ]     CLDG                            948 us
[58.624s][info][gc,stats    ]     Exception Caches                  0 us
[58.624s][info][gc,stats    ] Concurrent Strong Roots             335 us, parallelism: 0.68x
[58.624s][info][gc,stats    ]   CSR: <total>                      228 us
[58.624s][info][gc,stats    ]   CSR: VM Strong Roots                9 us, workers (us):   9, ---, ---, 
[58.624s][info][gc,stats    ]   CSR: CLDG Roots                   220 us, workers (us): 220, ---, ---, 
[58.624s][info][gc,stats    ] Concurrent Evacuation              6924 us
[58.624s][info][gc,stats    ] Pause Init Update Refs (G)          249 us
[58.624s][info][gc,stats    ] Pause Init Update Refs (N)          142 us
[58.624s][info][gc,stats    ]   Manage GCLABs                      41 us
[58.624s][info][gc,stats    ] Concurrent Update Refs            23135 us
[58.624s][info][gc,stats    ] Concurrent Update Thread Roots     7099 us
[58.624s][info][gc,stats    ] Pause Final Update Refs (G)         234 us
[58.624s][info][gc,stats    ] Pause Final Update Refs (N)         164 us
[58.624s][info][gc,stats    ]   Update Region States               55 us
[58.624s][info][gc,stats    ]   Trash Collection Set               11 us
[58.624s][info][gc,stats    ]   Rebuild Free Set                   21 us
[58.624s][info][gc,stats    ] Concurrent Cleanup                   99 us
[58.624s][info][gc,stats    ] 
[58.624s][info][gc,stats    ] Allocation pacing accrued:
[58.624s][info][gc,stats    ]       0 of  1206 ms (  0.0%): <total>
[58.624s][info][gc,stats    ]       0 of  1206 ms (  0.0%): <average total>
[58.624s][info][gc,stats    ] 
[58.624s][info][gc,metaspace] Metaspace: 154478K(155712K)->153443K(155584K) NonClass: 136448K(137088K)->135585K(136960K) Class: 18030K(18624K)->17858K(18624K)
[58.624s][info][gc,ergo     ] Pacer for Idle. Initial: 163M, Alloc Tax Rate: 1.0x
[59.027s][info][gc          ] Trigger: Learning 2 of 5. Free (5703M) is below initial threshold (5734M)
[59.028s][info][gc,ergo     ] Free: 5703M, Max: 4096K regular, 5224M humongous, Frag: 9% external, 0% internal; Reserve: 412M, Max: 4096K
[59.028s][info][gc,start    ] GC(43) Concurrent reset
[59.028s][info][gc,task     ] GC(43) Using 1 of 3 workers for concurrent reset
[59.028s][info][gc,ergo     ] GC(43) Pacer for Reset. Non-Taxable: 8192M
[59.043s][info][gc          ] GC(43) Concurrent reset 14.930ms
[59.043s][info][gc,start    ] GC(43) Pause Init Mark (unload classes)
[59.043s][info][gc,task     ] GC(43) Using 3 of 3 workers for init marking
[59.043s][info][gc,ergo     ] GC(43) Pacer for Mark. Expected Live: 138M, Free: 5595M, Non-Taxable: 559M, Alloc Tax Rate: 0.0x
[59.043s][info][gc          ] GC(43) Pause Init Mark (unload classes) 0.162ms
[59.043s][info][gc,start    ] GC(43) Concurrent marking roots
[59.043s][info][gc,task     ] GC(43) Using 1 of 3 workers for concurrent marking roots
[59.053s][info][gc          ] GC(43) Concurrent marking roots 9.442ms
[59.053s][info][gc,start    ] GC(43) Concurrent marking (unload classes)
[59.053s][info][gc,task     ] GC(43) Using 1 of 3 workers for concurrent marking
[59.125s][info][gc          ] GC(43) Concurrent marking (unload classes) 71.857ms
[59.125s][info][gc,start    ] GC(43) Pause Final Mark (unload classes)
[59.125s][info][gc,task     ] GC(43) Using 3 of 3 workers for final marking
[59.125s][info][gc,ergo     ] GC(43) Adaptive CSet Selection. Target Free: 1160M, Actual Free: 6546M, Max CSet: 341M, Min Garbage: 0B
[59.125s][info][gc,ergo     ] GC(43) Collectable Garbage: 1974M (99%), Immediate: 894M (45%), CSet: 1080M (54%)
[59.125s][info][gc,ergo     ] GC(43) Pacer for Evacuation. Used CSet: 1138M, Free: 6174M, Non-Taxable: 617M, Alloc Tax Rate: 1.1x
[59.125s][info][gc          ] GC(43) Pause Final Mark (unload classes) 0.234ms
[59.125s][info][gc,start    ] GC(43) Concurrent thread roots
[59.125s][info][gc,task     ] GC(43) Using 1 of 3 workers for Concurrent thread roots
[59.134s][info][gc          ] GC(43) Concurrent thread roots 8.894ms
[59.134s][info][gc,start    ] GC(43) Concurrent weak references
[59.134s][info][gc,task     ] GC(43) Using 1 of 3 workers for concurrent weak references
[59.134s][info][gc,ref      ] GC(43) Encountered references: Soft: 3712, Weak: 14938, Final: 53, Phantom: 598
[59.135s][info][gc,ref      ] GC(43) Discovered  references: Soft: 0, Weak: 6427, Final: 0, Phantom: 278
[59.135s][info][gc,ref      ] GC(43) Enqueued    references: Soft: 0, Weak: 216, Final: 0, Phantom: 0
[59.135s][info][gc          ] GC(43) Concurrent weak references 0.516ms
[59.135s][info][gc,start    ] GC(43) Concurrent weak roots
[59.135s][info][gc,task     ] GC(43) Using 1 of 3 workers for concurrent weak root
[59.148s][info][gc          ] GC(43) Concurrent weak roots 13.541ms
[59.148s][info][gc,start    ] GC(43) Concurrent cleanup
[59.148s][info][gc          ] GC(43) Concurrent cleanup 2624M->1729M(8192M) 0.048ms
[59.148s][info][gc,ergo     ] GC(43) Free: 6099M, Max: 4096K regular, 5168M humongous, Frag: 16% external, 0% internal; Reserve: 348M, Max: 4096K
[59.148s][info][gc,start    ] GC(43) Concurrent class unloading
[59.148s][info][gc,task     ] GC(43) Using 1 of 3 workers for concurrent class unloading
[59.192s][info][gc          ] GC(43) Concurrent class unloading 43.959ms
[59.192s][info][gc,start    ] GC(43) Concurrent strong roots
[59.192s][info][gc,task     ] GC(43) Using 1 of 3 workers for concurrent strong root
[59.193s][info][gc          ] GC(43) Concurrent strong roots 0.558ms
[59.193s][info][gc,start    ] GC(43) Concurrent evacuation
[59.193s][info][gc,task     ] GC(43) Using 1 of 3 workers for concurrent evacuation
[59.203s][info][gc          ] GC(43) Concurrent evacuation 9.804ms
[59.203s][info][gc,start    ] GC(43) Pause Init Update Refs
[59.203s][info][gc,ergo     ] GC(43) Pacer for Update Refs. Used: 1793M, Free: 6035M, Non-Taxable: 603M, Alloc Tax Rate: 1.1x
[59.203s][info][gc          ] GC(43) Pause Init Update Refs 0.073ms
[59.205s][info][gc,start    ] GC(43) Concurrent update references
[59.205s][info][gc,task     ] GC(43) Using 1 of 3 workers for concurrent reference update
[59.284s][info][gc          ] GC(43) Concurrent update references 78.762ms
[59.284s][info][gc,start    ] GC(43) Concurrent update thread roots
[59.291s][info][gc          ] GC(43) Concurrent update thread roots 7.167ms
[59.291s][info][gc,start    ] GC(43) Pause Final Update Refs
[59.291s][info][gc,task     ] GC(43) Using 3 of 3 workers for final reference update
[59.291s][info][gc          ] GC(43) Pause Final Update Refs 0.160ms
[59.291s][info][gc,start    ] GC(43) Concurrent cleanup
[59.291s][info][gc          ] GC(43) Concurrent cleanup 1852M->713M(8192M) 0.082ms
[59.291s][info][gc,ergo     ] Free: 7026M, Max: 4096K regular, 5100M humongous, Frag: 28% external, 0% internal; Reserve: 412M, Max: 4096K
[59.291s][info][gc,stats    ] 
[59.292s][info][gc,stats    ] All times are wall-clock times, except per-root-class counters, that are sum over
[59.292s][info][gc,stats    ] all workers. Dividing the <total> over the root stage time estimates parallelism.
[59.292s][info][gc,stats    ] 
[59.292s][info][gc,stats    ] Concurrent Reset                  15083 us
[59.292s][info][gc,stats    ] Pause Init Mark (G)                 578 us
[59.292s][info][gc,stats    ] Pause Init Mark (N)                 173 us
[59.292s][info][gc,stats    ]   Update Region States               49 us
[59.292s][info][gc,stats    ] Concurrent Mark Roots              9557 us, parallelism: 0.94x
[59.292s][info][gc,stats    ]   CMR: <total>                     9010 us
[59.292s][info][gc,stats    ]   CMR: Thread Roots                8832 us, workers (us): 8832, ---, ---, 
[59.292s][info][gc,stats    ]   CMR: VM Strong Roots               25 us, workers (us):  25, ---, ---, 
[59.292s][info][gc,stats    ]   CMR: CLDG Roots                   153 us, workers (us): 153, ---, ---, 
[59.292s][info][gc,stats    ] Concurrent Marking                71918 us
[59.292s][info][gc,stats    ] Pause Final Mark (G)                302 us
[59.292s][info][gc,stats    ] Pause Final Mark (N)                242 us
[59.292s][info][gc,stats    ]   Finish Mark                        58 us
[59.292s][info][gc,stats    ]   Update Region States               29 us
[59.292s][info][gc,stats    ]   Choose Collection Set              75 us
[59.292s][info][gc,stats    ]   Rebuild Free Set                    9 us
[59.292s][info][gc,stats    ] Concurrent Thread Roots            8947 us, parallelism: 0.99x
[59.292s][info][gc,stats    ]   CTR: <total>                     8842 us
[59.292s][info][gc,stats    ]   CTR: Thread Roots                8842 us, workers (us): 8842, ---, ---, 
[59.292s][info][gc,stats    ] Concurrent Weak References          524 us, parallelism: 0.85x
[59.292s][info][gc,stats    ]   CWRF: <total>                     443 us
[59.292s][info][gc,stats    ]   CWRF: Weak References             443 us, workers (us): 443, ---, ---, 
[59.292s][info][gc,stats    ] Concurrent Weak Roots             13588 us
[59.292s][info][gc,stats    ]   Roots                           12643 us, parallelism: 0.99x
[59.292s][info][gc,stats    ]     CWR: <total>                  12577 us
[59.292s][info][gc,stats    ]     CWR: Code Cache Roots         11361 us, workers (us): 11361, ---, ---, 
[59.292s][info][gc,stats    ]     CWR: VM Weak Roots             1118 us, workers (us): 1118, ---, ---, 
[59.292s][info][gc,stats    ]     CWR: CLDG Roots                  98 us, workers (us):  98, ---, ---, 
[59.292s][info][gc,stats    ]   Rendezvous                        880 us
[59.292s][info][gc,stats    ] Concurrent Cleanup                   57 us
[59.292s][info][gc,stats    ] Concurrent Class Unloading        44026 us
[59.292s][info][gc,stats    ]   Unlink Stale                    42475 us
[59.292s][info][gc,stats    ]     System Dictionary               579 us
[59.292s][info][gc,stats    ]     Weak Class Links              16766 us
[59.292s][info][gc,stats    ]     Code Roots                    25127 us
[59.292s][info][gc,stats    ]   Rendezvous                        219 us
[59.292s][info][gc,stats    ]   Purge Unlinked                   1238 us
[59.292s][info][gc,stats    ]     Code Roots                     1147 us
[59.292s][info][gc,stats    ]     CLDG                             90 us
[59.292s][info][gc,stats    ]     Exception Caches                  0 us
[59.292s][info][gc,stats    ] Concurrent Strong Roots             579 us, parallelism: 0.72x
[59.292s][info][gc,stats    ]   CSR: <total>                      416 us
[59.292s][info][gc,stats    ]   CSR: VM Strong Roots               13 us, workers (us):  13, ---, ---, 
[59.292s][info][gc,stats    ]   CSR: CLDG Roots                   403 us, workers (us): 403, ---, ---, 
[59.292s][info][gc,stats    ] Concurrent Evacuation              9893 us
[59.292s][info][gc,stats    ] Pause Init Update Refs (G)         2295 us
[59.292s][info][gc,stats    ] Pause Init Update Refs (N)           82 us
[59.292s][info][gc,stats    ]   Manage GCLABs                      17 us
[59.292s][info][gc,stats    ] Concurrent Update Refs            78835 us
[59.292s][info][gc,stats    ] Concurrent Update Thread Roots     7223 us
[59.292s][info][gc,stats    ] Pause Final Update Refs (G)         238 us
[59.292s][info][gc,stats    ] Pause Final Update Refs (N)         171 us
[59.292s][info][gc,stats    ]   Update Region States               65 us
[59.292s][info][gc,stats    ]   Trash Collection Set               11 us
[59.292s][info][gc,stats    ]   Rebuild Free Set                   22 us
[59.292s][info][gc,stats    ] Concurrent Cleanup                  106 us
[59.292s][info][gc,stats    ] 
[59.292s][info][gc,stats    ] Allocation pacing accrued:
[59.292s][info][gc,stats    ]       0 of   668 ms (  0.0%): <total>
[59.292s][info][gc,stats    ]       0 of   668 ms (  0.0%): <average total>
[59.292s][info][gc,stats    ] 
[59.292s][info][gc,metaspace] Metaspace: 154344K(155584K)->154371K(155648K) NonClass: 136340K(136960K)->136364K(137024K) Class: 18004K(18624K)->18007K(18624K)
[59.292s][info][gc,ergo     ] Pacer for Idle. Initial: 163M, Alloc Tax Rate: 1.0x
[60.305s][info][gc          ] Trigger: Explicit GC request (System.gc())
[60.305s][info][gc,ergo     ] Free: 5837M, Max: 4096K regular, 5100M humongous, Frag: 13% external, 0% internal; Reserve: 412M, Max: 4096K
[60.305s][info][gc,start    ] GC(44) Concurrent reset
[60.305s][info][gc,task     ] GC(44) Using 1 of 3 workers for concurrent reset
[60.305s][info][gc,ergo     ] GC(44) Pacer for Reset. Non-Taxable: 8192M
[60.310s][info][gc          ] GC(44) Concurrent reset 4.909ms
[60.310s][info][gc,start    ] GC(44) Pause Init Mark (unload classes)
[60.310s][info][gc,task     ] GC(44) Using 3 of 3 workers for init marking
[60.310s][info][gc,ref      ] GC(44) Clearing All SoftReferences
[60.310s][info][gc,ergo     ] GC(44) Pacer for Mark. Expected Live: 149M, Free: 5837M, Non-Taxable: 583M, Alloc Tax Rate: 0.0x
[60.310s][info][gc          ] GC(44) Pause Init Mark (unload classes) 0.197ms
[60.310s][info][gc,start    ] GC(44) Concurrent marking roots
[60.310s][info][gc,task     ] GC(44) Using 1 of 3 workers for concurrent marking roots
[60.319s][info][gc          ] GC(44) Concurrent marking roots 8.647ms
[60.319s][info][gc,start    ] GC(44) Concurrent marking (unload classes)
[60.319s][info][gc,task     ] GC(44) Using 1 of 3 workers for concurrent marking
[60.371s][info][gc          ] GC(44) Concurrent marking (unload classes) 51.699ms
[60.371s][info][gc,start    ] GC(44) Pause Final Mark (unload classes)
[60.371s][info][gc,task     ] GC(44) Using 3 of 3 workers for final marking
[60.371s][info][gc,ergo     ] GC(44) Adaptive CSet Selection. Target Free: 1160M, Actual Free: 6829M, Max CSet: 341M, Min Garbage: 0B
[60.371s][info][gc,ergo     ] GC(44) Collectable Garbage: 1538M (99%), Immediate: 589M (38%), CSet: 949M (61%)
[60.371s][info][gc,ergo     ] GC(44) Pacer for Evacuation. Used CSet: 957M, Free: 6691M, Non-Taxable: 669M, Alloc Tax Rate: 1.1x
[60.371s][info][gc          ] GC(44) Pause Final Mark (unload classes) 0.450ms
[60.371s][info][gc,start    ] GC(44) Concurrent thread roots
[60.371s][info][gc,task     ] GC(44) Using 1 of 3 workers for Concurrent thread roots
[60.379s][info][gc          ] GC(44) Concurrent thread roots 7.263ms
[60.379s][info][gc,start    ] GC(44) Concurrent weak references
[60.379s][info][gc,task     ] GC(44) Using 1 of 3 workers for concurrent weak references
[60.379s][info][gc,ref      ] GC(44) Encountered references: Soft: 3584, Weak: 17915, Final: 53, Phantom: 598
[60.379s][info][gc,ref      ] GC(44) Discovered  references: Soft: 1313, Weak: 6843, Final: 0, Phantom: 373
[60.379s][info][gc,ref      ] GC(44) Enqueued    references: Soft: 848, Weak: 3400, Final: 0, Phantom: 0
[60.380s][info][gc          ] GC(44) Concurrent weak references 0.961ms
[60.380s][info][gc,start    ] GC(44) Concurrent weak roots
[60.380s][info][gc,task     ] GC(44) Using 1 of 3 workers for concurrent weak root
[60.388s][info][gc          ] GC(44) Concurrent weak roots 8.821ms
[60.388s][info][gc,start    ] GC(44) Concurrent cleanup
[60.388s][info][gc          ] GC(44) Concurrent cleanup 1944M->1355M(8192M) 0.043ms
[60.388s][info][gc,ergo     ] GC(44) Free: 6415M, Max: 4096K regular, 5132M humongous, Frag: 20% external, 0% internal; Reserve: 410M, Max: 4096K
[60.388s][info][gc,start    ] GC(44) Concurrent class unloading
[60.388s][info][gc,task     ] GC(44) Using 1 of 3 workers for concurrent class unloading
[60.437s][info][gc          ] GC(44) Concurrent class unloading 48.850ms
[60.437s][info][gc,start    ] GC(44) Concurrent strong roots
[60.437s][info][gc,task     ] GC(44) Using 1 of 3 workers for concurrent strong root
[60.438s][info][gc          ] GC(44) Concurrent strong roots 0.323ms
[60.438s][info][gc,start    ] GC(44) Concurrent evacuation
[60.438s][info][gc,task     ] GC(44) Using 1 of 3 workers for concurrent evacuation
[60.443s][info][gc          ] GC(44) Concurrent evacuation 5.557ms
[60.443s][info][gc,start    ] GC(44) Pause Init Update Refs
[60.444s][info][gc,ergo     ] GC(44) Pacer for Update Refs. Used: 1606M, Free: 6175M, Non-Taxable: 617M, Alloc Tax Rate: 1.1x
[60.444s][info][gc          ] GC(44) Pause Init Update Refs 0.116ms
[60.444s][info][gc,start    ] GC(44) Concurrent update references
[60.444s][info][gc,task     ] GC(44) Using 1 of 3 workers for concurrent reference update
[60.466s][info][gc          ] GC(44) Concurrent update references 22.187ms
[60.466s][info][gc,start    ] GC(44) Concurrent update thread roots
[60.473s][info][gc          ] GC(44) Concurrent update thread roots 7.541ms
[60.473s][info][gc,start    ] GC(44) Pause Final Update Refs
[60.474s][info][gc,task     ] GC(44) Using 3 of 3 workers for final reference update
[60.474s][info][gc          ] GC(44) Pause Final Update Refs 0.165ms
[60.474s][info][gc,start    ] GC(44) Concurrent cleanup
[60.474s][info][gc          ] GC(44) Concurrent cleanup 1606M->648M(8192M) 0.099ms
[60.474s][info][gc,ergo     ] Free: 7131M, Max: 4096K regular, 5220M humongous, Frag: 27% external, 0% internal; Reserve: 412M, Max: 4096K
[60.474s][info][gc,stats    ] 
[60.474s][info][gc,stats    ] All times are wall-clock times, except per-root-class counters, that are sum over
[60.474s][info][gc,stats    ] all workers. Dividing the <total> over the root stage time estimates parallelism.
[60.474s][info][gc,stats    ] 
[60.474s][info][gc,stats    ] Concurrent Reset                   4976 us
[60.474s][info][gc,stats    ] Pause Init Mark (G)                 411 us
[60.474s][info][gc,stats    ] Pause Init Mark (N)                 214 us
[60.474s][info][gc,stats    ]   Update Region States               68 us
[60.474s][info][gc,stats    ] Concurrent Mark Roots              8704 us, parallelism: 0.97x
[60.474s][info][gc,stats    ]   CMR: <total>                     8423 us
[60.474s][info][gc,stats    ]   CMR: Thread Roots                8330 us, workers (us): 8330, ---, ---, 
[60.474s][info][gc,stats    ]   CMR: VM Strong Roots               18 us, workers (us):  18, ---, ---, 
[60.474s][info][gc,stats    ]   CMR: CLDG Roots                    76 us, workers (us):  76, ---, ---, 
[60.474s][info][gc,stats    ] Concurrent Marking                51766 us
[60.474s][info][gc,stats    ] Pause Final Mark (G)                585 us
[60.474s][info][gc,stats    ] Pause Final Mark (N)                467 us
[60.474s][info][gc,stats    ]   Finish Mark                       111 us
[60.474s][info][gc,stats    ]   Update Region States               68 us
[60.474s][info][gc,stats    ]   Choose Collection Set             144 us
[60.474s][info][gc,stats    ]   Rebuild Free Set                   20 us
[60.474s][info][gc,stats    ] Concurrent Thread Roots            7309 us, parallelism: 0.95x
[60.474s][info][gc,stats    ]   CTR: <total>                     6965 us
[60.474s][info][gc,stats    ]   CTR: Thread Roots                6965 us, workers (us): 6965, ---, ---, 
[60.474s][info][gc,stats    ] Concurrent Weak References          968 us, parallelism: 0.85x
[60.474s][info][gc,stats    ]   CWRF: <total>                     822 us
[60.474s][info][gc,stats    ]   CWRF: Weak References             822 us, workers (us): 822, ---, ---, 
[60.474s][info][gc,stats    ] Concurrent Weak Roots              8869 us
[60.474s][info][gc,stats    ]   Roots                            8590 us, parallelism: 1.00x
[60.474s][info][gc,stats    ]     CWR: <total>                   8560 us
[60.474s][info][gc,stats    ]     CWR: Code Cache Roots          7790 us, workers (us): 7790, ---, ---, 
[60.474s][info][gc,stats    ]     CWR: VM Weak Roots              663 us, workers (us): 663, ---, ---, 
[60.474s][info][gc,stats    ]     CWR: CLDG Roots                 106 us, workers (us): 106, ---, ---, 
[60.474s][info][gc,stats    ]   Rendezvous                        212 us
[60.474s][info][gc,stats    ] Concurrent Cleanup                   52 us
[60.474s][info][gc,stats    ] Concurrent Class Unloading        48906 us
[60.474s][info][gc,stats    ]   Unlink Stale                    46168 us
[60.475s][info][gc,stats    ]     System Dictionary              1873 us
[60.475s][info][gc,stats    ]     Weak Class Links              17947 us
[60.475s][info][gc,stats    ]     Code Roots                    26345 us
[60.475s][info][gc,stats    ]   Rendezvous                        220 us
[60.475s][info][gc,stats    ]   Purge Unlinked                   2441 us
[60.475s][info][gc,stats    ]     Code Roots                     1316 us
[60.475s][info][gc,stats    ]     CLDG                           1125 us
[60.475s][info][gc,stats    ]     Exception Caches                  0 us
[60.475s][info][gc,stats    ] Concurrent Strong Roots             340 us, parallelism: 0.65x
[60.475s][info][gc,stats    ]   CSR: <total>                      220 us
[60.475s][info][gc,stats    ]   CSR: VM Strong Roots                7 us, workers (us):   7, ---, ---, 
[60.475s][info][gc,stats    ]   CSR: CLDG Roots                   212 us, workers (us): 212, ---, ---, 
[60.475s][info][gc,stats    ] Concurrent Evacuation              5632 us
[60.475s][info][gc,stats    ] Pause Init Update Refs (G)          233 us
[60.475s][info][gc,stats    ] Pause Init Update Refs (N)          134 us
[60.475s][info][gc,stats    ]   Manage GCLABs                      36 us
[60.475s][info][gc,stats    ] Concurrent Update Refs            22254 us
[60.475s][info][gc,stats    ] Concurrent Update Thread Roots     7590 us
[60.475s][info][gc,stats    ] Pause Final Update Refs (G)         284 us
[60.475s][info][gc,stats    ] Pause Final Update Refs (N)         184 us
[60.475s][info][gc,stats    ]   Update Region States               69 us
[60.475s][info][gc,stats    ]   Trash Collection Set               11 us
[60.475s][info][gc,stats    ]   Rebuild Free Set                   20 us
[60.475s][info][gc,stats    ] Concurrent Cleanup                  126 us
[60.475s][info][gc,stats    ] 
[60.475s][info][gc,stats    ] Allocation pacing accrued:
[60.475s][info][gc,stats    ]       0 of  1182 ms (  0.0%): <total>
[60.475s][info][gc,stats    ]       0 of  1182 ms (  0.0%): <average total>
[60.475s][info][gc,stats    ] 
[60.475s][info][gc,metaspace] Metaspace: 154553K(155776K)->153520K(155712K) NonClass: 136523K(137152K)->135662K(137088K) Class: 18029K(18624K)->17858K(18624K)
[60.475s][info][gc,ergo     ] Pacer for Idle. Initial: 163M, Alloc Tax Rate: 1.0x
[60.860s][info][gc          ] Trigger: Learning 2 of 5. Free (5635M) is below initial threshold (5734M)
[60.860s][info][gc,ergo     ] Free: 5635M, Max: 4096K regular, 5220M humongous, Frag: 8% external, 0% internal; Reserve: 412M, Max: 4096K
[60.860s][info][gc,start    ] GC(45) Concurrent reset
[60.860s][info][gc,task     ] GC(45) Using 1 of 3 workers for concurrent reset
[60.860s][info][gc,ergo     ] GC(45) Pacer for Reset. Non-Taxable: 8192M
[60.874s][info][gc          ] GC(45) Concurrent reset 13.808ms
[60.875s][info][gc,start    ] GC(45) Pause Init Mark (unload classes)
[60.875s][info][gc,task     ] GC(45) Using 3 of 3 workers for init marking
[60.875s][info][gc,ergo     ] GC(45) Pacer for Mark. Expected Live: 138M, Free: 5531M, Non-Taxable: 553M, Alloc Tax Rate: 0.0x
[60.875s][info][gc          ] GC(45) Pause Init Mark (unload classes) 0.133ms
[60.875s][info][gc,start    ] GC(45) Concurrent marking roots
[60.875s][info][gc,task     ] GC(45) Using 1 of 3 workers for concurrent marking roots
[60.884s][info][gc          ] GC(45) Concurrent marking roots 9.615ms
[60.885s][info][gc,start    ] GC(45) Concurrent marking (unload classes)
[60.885s][info][gc,task     ] GC(45) Using 1 of 3 workers for concurrent marking
[60.958s][info][gc          ] GC(45) Concurrent marking (unload classes) 73.594ms
[60.958s][info][gc,start    ] GC(45) Pause Final Mark (unload classes)
[60.958s][info][gc,task     ] GC(45) Using 3 of 3 workers for final marking
[60.958s][info][gc,ergo     ] GC(45) Adaptive CSet Selection. Target Free: 1160M, Actual Free: 6609M, Max CSet: 341M, Min Garbage: 0B
[60.959s][info][gc,ergo     ] GC(45) Collectable Garbage: 2035M (99%), Immediate: 989M (48%), CSet: 1046M (51%)
[60.959s][info][gc,ergo     ] GC(45) Pacer for Evacuation. Used CSet: 1107M, Free: 6232M, Non-Taxable: 623M, Alloc Tax Rate: 1.1x
[60.959s][info][gc          ] GC(45) Pause Final Mark (unload classes) 0.237ms
[60.960s][info][gc,start    ] GC(45) Concurrent thread roots
[60.960s][info][gc,task     ] GC(45) Using 1 of 3 workers for Concurrent thread roots
[60.967s][info][gc          ] GC(45) Concurrent thread roots 7.599ms
[60.967s][info][gc,start    ] GC(45) Concurrent weak references
[60.967s][info][gc,task     ] GC(45) Using 1 of 3 workers for concurrent weak references
[60.968s][info][gc,ref      ] GC(45) Encountered references: Soft: 3711, Weak: 14935, Final: 53, Phantom: 598
[60.968s][info][gc,ref      ] GC(45) Discovered  references: Soft: 0, Weak: 7327, Final: 0, Phantom: 278
[60.968s][info][gc,ref      ] GC(45) Enqueued    references: Soft: 0, Weak: 212, Final: 0, Phantom: 0
[60.968s][info][gc          ] GC(45) Concurrent weak references 0.762ms
[60.968s][info][gc,start    ] GC(45) Concurrent weak roots
[60.968s][info][gc,task     ] GC(45) Using 1 of 3 workers for concurrent weak root
[60.976s][info][gc          ] GC(45) Concurrent weak roots 7.581ms
[60.976s][info][gc,start    ] GC(45) Concurrent cleanup
[60.976s][info][gc          ] GC(45) Concurrent cleanup 2613M->1624M(8192M) 0.040ms
[60.976s][info][gc,ergo     ] GC(45) Free: 6135M, Max: 4096K regular, 5112M humongous, Frag: 17% external, 0% internal; Reserve: 409M, Max: 4096K
[60.976s][info][gc,start    ] GC(45) Concurrent class unloading
[60.976s][info][gc,task     ] GC(45) Using 1 of 3 workers for concurrent class unloading
[61.025s][info][gc          ] GC(45) Concurrent class unloading 49.798ms
[61.026s][info][gc,start    ] GC(45) Concurrent strong roots
[61.026s][info][gc,task     ] GC(45) Using 1 of 3 workers for concurrent strong root
[61.026s][info][gc          ] GC(45) Concurrent strong roots 0.721ms
[61.026s][info][gc,start    ] GC(45) Concurrent evacuation
[61.026s][info][gc,task     ] GC(45) Using 1 of 3 workers for concurrent evacuation
[61.036s][info][gc          ] GC(45) Concurrent evacuation 9.543ms
[61.036s][info][gc,start    ] GC(45) Pause Init Update Refs
[61.036s][info][gc,ergo     ] GC(45) Pacer for Update Refs. Used: 1752M, Free: 6071M, Non-Taxable: 607M, Alloc Tax Rate: 1.1x
[61.036s][info][gc          ] GC(45) Pause Init Update Refs 0.068ms
[61.036s][info][gc,start    ] GC(45) Concurrent update references
[61.036s][info][gc,task     ] GC(45) Using 1 of 3 workers for concurrent reference update
[61.106s][info][gc          ] GC(45) Concurrent update references 69.469ms
[61.106s][info][gc,start    ] GC(45) Concurrent update thread roots
[61.113s][info][gc          ] GC(45) Concurrent update thread roots 7.096ms
[61.113s][info][gc,start    ] GC(45) Pause Final Update Refs
[61.113s][info][gc,task     ] GC(45) Using 3 of 3 workers for final reference update
[61.113s][info][gc          ] GC(45) Pause Final Update Refs 0.113ms
[61.113s][info][gc,start    ] GC(45) Concurrent cleanup
[61.113s][info][gc          ] GC(45) Concurrent cleanup 1799M->692M(8192M) 0.043ms
[61.113s][info][gc,ergo     ] Free: 7047M, Max: 4096K regular, 5044M humongous, Frag: 29% external, 0% internal; Reserve: 412M, Max: 4096K
[61.113s][info][gc,stats    ] 
[61.113s][info][gc,stats    ] All times are wall-clock times, except per-root-class counters, that are sum over
[61.113s][info][gc,stats    ] all workers. Dividing the <total> over the root stage time estimates parallelism.
[61.113s][info][gc,stats    ] 
[61.113s][info][gc,stats    ] Concurrent Reset                  13969 us
[61.113s][info][gc,stats    ] Pause Init Mark (G)                 463 us
[61.113s][info][gc,stats    ] Pause Init Mark (N)                 141 us
[61.113s][info][gc,stats    ]   Update Region States               47 us
[61.113s][info][gc,stats    ] Concurrent Mark Roots              9785 us, parallelism: 0.94x
[61.113s][info][gc,stats    ]   CMR: <total>                     9152 us
[61.113s][info][gc,stats    ]   CMR: Thread Roots                8986 us, workers (us): 8986, ---, ---, 
[61.113s][info][gc,stats    ]   CMR: VM Strong Roots               26 us, workers (us):  26, ---, ---, 
[61.113s][info][gc,stats    ]   CMR: CLDG Roots                   140 us, workers (us): 140, ---, ---, 
[61.113s][info][gc,stats    ] Concurrent Marking                73651 us
[61.113s][info][gc,stats    ] Pause Final Mark (G)               1314 us
[61.113s][info][gc,stats    ] Pause Final Mark (N)                245 us
[61.113s][info][gc,stats    ]   Finish Mark                        66 us
[61.113s][info][gc,stats    ]   Update Region States               48 us
[61.113s][info][gc,stats    ]   Choose Collection Set              62 us
[61.113s][info][gc,stats    ]   Rebuild Free Set                    9 us
[61.113s][info][gc,stats    ] Concurrent Thread Roots            7674 us, parallelism: 0.98x
[61.113s][info][gc,stats    ]   CTR: <total>                     7503 us
[61.113s][info][gc,stats    ]   CTR: Thread Roots                7503 us, workers (us): 7503, ---, ---, 
[61.113s][info][gc,stats    ] Concurrent Weak References          778 us, parallelism: 0.81x
[61.113s][info][gc,stats    ]   CWRF: <total>                     633 us
[61.113s][info][gc,stats    ]   CWRF: Weak References             633 us, workers (us): 633, ---, ---, 
[61.113s][info][gc,stats    ] Concurrent Weak Roots              7615 us
[61.113s][info][gc,stats    ]   Roots                            7380 us, parallelism: 0.99x
[61.113s][info][gc,stats    ]     CWR: <total>                   7338 us
[61.113s][info][gc,stats    ]     CWR: Code Cache Roots          5636 us, workers (us): 5636, ---, ---, 
[61.113s][info][gc,stats    ]     CWR: VM Weak Roots             1617 us, workers (us): 1617, ---, ---, 
[61.113s][info][gc,stats    ]     CWR: CLDG Roots                  85 us, workers (us):  85, ---, ---, 
[61.113s][info][gc,stats    ]   Rendezvous                        167 us
[61.113s][info][gc,stats    ] Concurrent Cleanup                   53 us
[61.113s][info][gc,stats    ] Concurrent Class Unloading        49888 us
[61.113s][info][gc,stats    ]   Unlink Stale                    45419 us
[61.113s][info][gc,stats    ]     System Dictionary               392 us
[61.113s][info][gc,stats    ]     Weak Class Links              15314 us
[61.113s][info][gc,stats    ]     Code Roots                    29710 us
[61.113s][info][gc,stats    ]   Rendezvous                       1617 us
[61.113s][info][gc,stats    ]   Purge Unlinked                   2738 us
[61.113s][info][gc,stats    ]     Code Roots                     2593 us
[61.113s][info][gc,stats    ]     CLDG                            145 us
[61.113s][info][gc,stats    ]     Exception Caches                  0 us
[61.113s][info][gc,stats    ] Concurrent Strong Roots             788 us, parallelism: 0.67x
[61.113s][info][gc,stats    ]   CSR: <total>                      526 us
[61.113s][info][gc,stats    ]   CSR: VM Strong Roots               12 us, workers (us):  12, ---, ---, 
[61.113s][info][gc,stats    ]   CSR: CLDG Roots                   514 us, workers (us): 514, ---, ---, 
[61.113s][info][gc,stats    ] Concurrent Evacuation              9615 us
[61.113s][info][gc,stats    ] Pause Init Update Refs (G)          178 us
[61.113s][info][gc,stats    ] Pause Init Update Refs (N)           76 us
[61.113s][info][gc,stats    ]   Manage GCLABs                      17 us
[61.113s][info][gc,stats    ] Concurrent Update Refs            69513 us
[61.113s][info][gc,stats    ] Concurrent Update Thread Roots     7149 us
[61.113s][info][gc,stats    ] Pause Final Update Refs (G)         199 us
[61.113s][info][gc,stats    ] Pause Final Update Refs (N)         124 us
[61.113s][info][gc,stats    ]   Update Region States               42 us
[61.113s][info][gc,stats    ]   Trash Collection Set                8 us
[61.113s][info][gc,stats    ]   Rebuild Free Set                   18 us
[61.113s][info][gc,stats    ] Concurrent Cleanup                   52 us
[61.114s][info][gc,stats    ] 
[61.114s][info][gc,stats    ] Allocation pacing accrued:
[61.114s][info][gc,stats    ]       0 of   639 ms (  0.0%): <total>
[61.114s][info][gc,stats    ]       0 of   639 ms (  0.0%): <average total>
[61.114s][info][gc,stats    ] 
[61.114s][info][gc,metaspace] Metaspace: 154479K(155776K)->154494K(155776K) NonClass: 136473K(137152K)->136487K(137152K) Class: 18006K(18624K)->18006K(18624K)
[61.114s][info][gc,ergo     ] Pacer for Idle. Initial: 163M, Alloc Tax Rate: 1.0x
[62.119s][info][gc          ] Trigger: Explicit GC request (System.gc())
[62.119s][info][gc,ergo     ] Free: 5867M, Max: 4096K regular, 5044M humongous, Frag: 14% external, 0% internal; Reserve: 412M, Max: 4096K
[62.119s][info][gc,start    ] GC(46) Concurrent reset
[62.119s][info][gc,task     ] GC(46) Using 1 of 3 workers for concurrent reset
[62.119s][info][gc,ergo     ] GC(46) Pacer for Reset. Non-Taxable: 8192M
[62.125s][info][gc          ] GC(46) Concurrent reset 5.283ms
[62.125s][info][gc,start    ] GC(46) Pause Init Mark (unload classes)
[62.125s][info][gc,task     ] GC(46) Using 3 of 3 workers for init marking
[62.125s][info][gc,ref      ] GC(46) Clearing All SoftReferences
[62.125s][info][gc,ergo     ] GC(46) Pacer for Mark. Expected Live: 149M, Free: 5867M, Non-Taxable: 586M, Alloc Tax Rate: 0.0x
[62.125s][info][gc          ] GC(46) Pause Init Mark (unload classes) 0.208ms
[62.125s][info][gc,start    ] GC(46) Concurrent marking roots
[62.125s][info][gc,task     ] GC(46) Using 1 of 3 workers for concurrent marking roots
[62.133s][info][gc          ] GC(46) Concurrent marking roots 8.036ms
[62.133s][info][gc,start    ] GC(46) Concurrent marking (unload classes)
[62.133s][info][gc,task     ] GC(46) Using 1 of 3 workers for concurrent marking
[62.184s][info][gc          ] GC(46) Concurrent marking (unload classes) 51.159ms
[62.184s][info][gc,start    ] GC(46) Pause Final Mark (unload classes)
[62.184s][info][gc,task     ] GC(46) Using 3 of 3 workers for final marking
[62.185s][info][gc,ergo     ] GC(46) Adaptive CSet Selection. Target Free: 1160M, Actual Free: 6845M, Max CSet: 341M, Min Garbage: 0B
[62.185s][info][gc,ergo     ] GC(46) Collectable Garbage: 1511M (99%), Immediate: 577M (37%), CSet: 934M (61%)
[62.185s][info][gc,ergo     ] GC(46) Pacer for Evacuation. Used CSet: 942M, Free: 6707M, Non-Taxable: 670M, Alloc Tax Rate: 1.1x
[62.185s][info][gc          ] GC(46) Pause Final Mark (unload classes) 0.283ms
[62.185s][info][gc,start    ] GC(46) Concurrent thread roots
[62.185s][info][gc,task     ] GC(46) Using 1 of 3 workers for Concurrent thread roots
[62.192s][info][gc          ] GC(46) Concurrent thread roots 7.404ms
[62.192s][info][gc,start    ] GC(46) Concurrent weak references
[62.192s][info][gc,task     ] GC(46) Using 1 of 3 workers for concurrent weak references
[62.193s][info][gc,ref      ] GC(46) Encountered references: Soft: 3584, Weak: 17911, Final: 53, Phantom: 598
[62.193s][info][gc,ref      ] GC(46) Discovered  references: Soft: 1313, Weak: 6862, Final: 0, Phantom: 278
[62.193s][info][gc,ref      ] GC(46) Enqueued    references: Soft: 848, Weak: 3397, Final: 0, Phantom: 0
[62.193s][info][gc          ] GC(46) Concurrent weak references 0.753ms
[62.193s][info][gc,start    ] GC(46) Concurrent weak roots
[62.193s][info][gc,task     ] GC(46) Using 1 of 3 workers for concurrent weak root
[62.202s][info][gc          ] GC(46) Concurrent weak roots 8.643ms
[62.202s][info][gc,start    ] GC(46) Concurrent cleanup
[62.202s][info][gc          ] GC(46) Concurrent cleanup 1877M->1308M(8192M) 0.043ms
[62.202s][info][gc,ergo     ] GC(46) Free: 6464M, Max: 4096K regular, 5096M humongous, Frag: 22% external, 0% internal; Reserve: 410M, Max: 4096K
[62.202s][info][gc,start    ] GC(46) Concurrent class unloading
[62.202s][info][gc,task     ] GC(46) Using 1 of 3 workers for concurrent class unloading
[62.250s][info][gc          ] GC(46) Concurrent class unloading 48.269ms
[62.250s][info][gc,start    ] GC(46) Concurrent strong roots
[62.250s][info][gc,task     ] GC(46) Using 1 of 3 workers for concurrent strong root
[62.250s][info][gc          ] GC(46) Concurrent strong roots 0.427ms
[62.250s][info][gc,start    ] GC(46) Concurrent evacuation
[62.250s][info][gc,task     ] GC(46) Using 1 of 3 workers for concurrent evacuation
[62.256s][info][gc          ] GC(46) Concurrent evacuation 5.975ms
[62.257s][info][gc,start    ] GC(46) Pause Init Update Refs
[62.257s][info][gc,ergo     ] GC(46) Pacer for Update Refs. Used: 1583M, Free: 6199M, Non-Taxable: 619M, Alloc Tax Rate: 1.1x
[62.257s][info][gc          ] GC(46) Pause Init Update Refs 0.142ms
[62.257s][info][gc,start    ] GC(46) Concurrent update references
[62.257s][info][gc,task     ] GC(46) Using 1 of 3 workers for concurrent reference update
[62.279s][info][gc          ] GC(46) Concurrent update references 22.298ms
[62.279s][info][gc,start    ] GC(46) Concurrent update thread roots
[62.287s][info][gc          ] GC(46) Concurrent update thread roots 7.585ms
[62.287s][info][gc,start    ] GC(46) Pause Final Update Refs
[62.287s][info][gc,task     ] GC(46) Using 3 of 3 workers for final reference update
[62.287s][info][gc          ] GC(46) Pause Final Update Refs 0.180ms
[62.287s][info][gc,start    ] GC(46) Concurrent cleanup
[62.287s][info][gc          ] GC(46) Concurrent cleanup 1583M->640M(8192M) 0.105ms
[62.287s][info][gc,ergo     ] Free: 7139M, Max: 4096K regular, 5220M humongous, Frag: 27% external, 0% internal; Reserve: 412M, Max: 4096K
[62.287s][info][gc,stats    ] 
[62.287s][info][gc,stats    ] All times are wall-clock times, except per-root-class counters, that are sum over
[62.287s][info][gc,stats    ] all workers. Dividing the <total> over the root stage time estimates parallelism.
[62.287s][info][gc,stats    ] 
[62.287s][info][gc,stats    ] Concurrent Reset                   5352 us
[62.287s][info][gc,stats    ] Pause Init Mark (G)                 390 us
[62.287s][info][gc,stats    ] Pause Init Mark (N)                 232 us
[62.287s][info][gc,stats    ]   Update Region States               76 us
[62.287s][info][gc,stats    ] Concurrent Mark Roots              8093 us, parallelism: 0.96x
[62.287s][info][gc,stats    ]   CMR: <total>                     7760 us
[62.288s][info][gc,stats    ]   CMR: Thread Roots                7662 us, workers (us): 7662, ---, ---, 
[62.288s][info][gc,stats    ]   CMR: VM Strong Roots               12 us, workers (us):  12, ---, ---, 
[62.288s][info][gc,stats    ]   CMR: CLDG Roots                    86 us, workers (us):  86, ---, ---, 
[62.288s][info][gc,stats    ] Concurrent Marking                51206 us
[62.288s][info][gc,stats    ] Pause Final Mark (G)                363 us
[62.288s][info][gc,stats    ] Pause Final Mark (N)                291 us
[62.288s][info][gc,stats    ]   Finish Mark                        76 us
[62.288s][info][gc,stats    ]   Update Region States               51 us
[62.288s][info][gc,stats    ]   Choose Collection Set              84 us
[62.288s][info][gc,stats    ]   Rebuild Free Set                    9 us
[62.288s][info][gc,stats    ] Concurrent Thread Roots            7450 us, parallelism: 0.98x
[62.288s][info][gc,stats    ]   CTR: <total>                     7286 us
[62.288s][info][gc,stats    ]   CTR: Thread Roots                7286 us, workers (us): 7286, ---, ---, 
[62.288s][info][gc,stats    ] Concurrent Weak References          761 us, parallelism: 0.82x
[62.288s][info][gc,stats    ]   CWRF: <total>                     626 us
[62.288s][info][gc,stats    ]   CWRF: Weak References             626 us, workers (us): 626, ---, ---, 
[62.288s][info][gc,stats    ] Concurrent Weak Roots              8678 us
[62.288s][info][gc,stats    ]   Roots                            8440 us, parallelism: 1.00x
[62.288s][info][gc,stats    ]     CWR: <total>                   8403 us
[62.288s][info][gc,stats    ]     CWR: Code Cache Roots          7083 us, workers (us): 7083, ---, ---, 
[62.288s][info][gc,stats    ]     CWR: VM Weak Roots             1223 us, workers (us): 1223, ---, ---, 
[62.288s][info][gc,stats    ]     CWR: CLDG Roots                  96 us, workers (us):  96, ---, ---, 
[62.288s][info][gc,stats    ]   Rendezvous                        185 us
[62.288s][info][gc,stats    ] Concurrent Cleanup                   53 us
[62.288s][info][gc,stats    ] Concurrent Class Unloading        48315 us
[62.288s][info][gc,stats    ]   Unlink Stale                    46009 us
[62.288s][info][gc,stats    ]     System Dictionary              1803 us
[62.288s][info][gc,stats    ]     Weak Class Links              17146 us
[62.288s][info][gc,stats    ]     Code Roots                    27059 us
[62.288s][info][gc,stats    ]   Rendezvous                        184 us
[62.288s][info][gc,stats    ]   Purge Unlinked                   2058 us
[62.288s][info][gc,stats    ]     Code Roots                      960 us
[62.288s][info][gc,stats    ]     CLDG                           1098 us
[62.288s][info][gc,stats    ]     Exception Caches                  0 us
[62.288s][info][gc,stats    ] Concurrent Strong Roots             438 us, parallelism: 0.75x
[62.288s][info][gc,stats    ]   CSR: <total>                      329 us
[62.288s][info][gc,stats    ]   CSR: VM Strong Roots               14 us, workers (us):  14, ---, ---, 
[62.288s][info][gc,stats    ]   CSR: CLDG Roots                   316 us, workers (us): 316, ---, ---, 
[62.288s][info][gc,stats    ] Concurrent Evacuation              5998 us
[62.288s][info][gc,stats    ] Pause Init Update Refs (G)          316 us
[62.288s][info][gc,stats    ] Pause Init Update Refs (N)          163 us
[62.288s][info][gc,stats    ]   Manage GCLABs                      40 us
[62.288s][info][gc,stats    ] Concurrent Update Refs            22359 us
[62.288s][info][gc,stats    ] Concurrent Update Thread Roots     7609 us
[62.288s][info][gc,stats    ] Pause Final Update Refs (G)         303 us
[62.288s][info][gc,stats    ] Pause Final Update Refs (N)         199 us
[62.288s][info][gc,stats    ]   Update Region States               92 us
[62.288s][info][gc,stats    ]   Trash Collection Set               11 us
[62.288s][info][gc,stats    ]   Rebuild Free Set                   21 us
[62.288s][info][gc,stats    ] Concurrent Cleanup                  132 us
[62.288s][info][gc,stats    ] 
[62.288s][info][gc,stats    ] Allocation pacing accrued:
[62.288s][info][gc,stats    ]       0 of  1175 ms (  0.0%): <total>
[62.288s][info][gc,stats    ]       0 of  1175 ms (  0.0%): <average total>
[62.288s][info][gc,stats    ] 
[62.288s][info][gc,metaspace] Metaspace: 154686K(155904K)->153656K(155840K) NonClass: 136657K(137280K)->135797K(137216K) Class: 18029K(18624K)->17858K(18624K)
[62.288s][info][gc,ergo     ] Pacer for Idle. Initial: 163M, Alloc Tax Rate: 1.0x
[62.680s][info][gc          ] Trigger: Learning 2 of 5. Free (5727M) is below initial threshold (5734M)
[62.680s][info][gc,ergo     ] Free: 5727M, Max: 4096K regular, 5220M humongous, Frag: 9% external, 0% internal; Reserve: 412M, Max: 4096K
[62.680s][info][gc,start    ] GC(47) Concurrent reset
[62.680s][info][gc,task     ] GC(47) Using 1 of 3 workers for concurrent reset
[62.680s][info][gc,ergo     ] GC(47) Pacer for Reset. Non-Taxable: 8192M
[62.693s][info][gc          ] GC(47) Concurrent reset 12.550ms
[62.693s][info][gc,start    ] GC(47) Pause Init Mark (unload classes)
[62.693s][info][gc,task     ] GC(47) Using 3 of 3 workers for init marking
[62.693s][info][gc,ergo     ] GC(47) Pacer for Mark. Expected Live: 140M, Free: 5647M, Non-Taxable: 564M, Alloc Tax Rate: 0.0x
[62.693s][info][gc          ] GC(47) Pause Init Mark (unload classes) 0.181ms
[62.711s][info][gc,start    ] GC(47) Concurrent marking roots
[62.711s][info][gc,task     ] GC(47) Using 1 of 3 workers for concurrent marking roots
[62.724s][info][gc          ] GC(47) Concurrent marking roots 13.143ms
[62.724s][info][gc,start    ] GC(47) Concurrent marking (unload classes)
[62.724s][info][gc,task     ] GC(47) Using 1 of 3 workers for concurrent marking
[62.797s][info][gc          ] GC(47) Concurrent marking (unload classes) 72.352ms
[62.797s][info][gc,start    ] GC(47) Pause Final Mark (unload classes)
[62.797s][info][gc,task     ] GC(47) Using 3 of 3 workers for final marking
[62.797s][info][gc,ergo     ] GC(47) Adaptive CSet Selection. Target Free: 1160M, Actual Free: 6557M, Max CSet: 341M, Min Garbage: 0B
[62.797s][info][gc,ergo     ] GC(47) Collectable Garbage: 1927M (99%), Immediate: 901M (46%), CSet: 1025M (52%)
[62.797s][info][gc,ergo     ] GC(47) Pacer for Evacuation. Used CSet: 1082M, Free: 6182M, Non-Taxable: 618M, Alloc Tax Rate: 1.1x
[62.797s][info][gc          ] GC(47) Pause Final Mark (unload classes) 0.423ms
[62.797s][info][gc,start    ] GC(47) Concurrent thread roots
[62.797s][info][gc,task     ] GC(47) Using 1 of 3 workers for Concurrent thread roots
[62.805s][info][gc          ] GC(47) Concurrent thread roots 7.821ms
[62.805s][info][gc,start    ] GC(47) Concurrent weak references
[62.805s][info][gc,task     ] GC(47) Using 1 of 3 workers for concurrent weak references
[62.806s][info][gc,ref      ] GC(47) Encountered references: Soft: 3714, Weak: 14931, Final: 53, Phantom: 598
[62.806s][info][gc,ref      ] GC(47) Discovered  references: Soft: 0, Weak: 6528, Final: 0, Phantom: 234
[62.806s][info][gc,ref      ] GC(47) Enqueued    references: Soft: 0, Weak: 216, Final: 0, Phantom: 0
[62.806s][info][gc          ] GC(47) Concurrent weak references 0.628ms
[62.806s][info][gc,start    ] GC(47) Concurrent weak roots
[62.806s][info][gc,task     ] GC(47) Using 1 of 3 workers for concurrent weak root
[62.818s][info][gc          ] GC(47) Concurrent weak roots 12.129ms
[62.818s][info][gc,start    ] GC(47) Concurrent cleanup
[62.818s][info][gc          ] GC(47) Concurrent cleanup 2580M->1681M(8192M) 0.063ms
[62.818s][info][gc,ergo     ] GC(47) Free: 6134M, Max: 4096K regular, 5200M humongous, Frag: 16% external, 0% internal; Reserve: 359M, Max: 4096K
[62.818s][info][gc,start    ] GC(47) Concurrent class unloading
[62.818s][info][gc,task     ] GC(47) Using 1 of 3 workers for concurrent class unloading
[62.863s][info][gc          ] GC(47) Concurrent class unloading 45.067ms
[62.863s][info][gc,start    ] GC(47) Concurrent strong roots
[62.863s][info][gc,task     ] GC(47) Using 1 of 3 workers for concurrent strong root
[62.863s][info][gc          ] GC(47) Concurrent strong roots 0.403ms
[62.864s][info][gc,start    ] GC(47) Concurrent evacuation
[62.864s][info][gc,task     ] GC(47) Using 1 of 3 workers for concurrent evacuation
[62.874s][info][gc          ] GC(47) Concurrent evacuation 10.130ms
[62.874s][info][gc,start    ] GC(47) Pause Init Update Refs
[62.874s][info][gc,ergo     ] GC(47) Pacer for Update Refs. Used: 1782M, Free: 6042M, Non-Taxable: 604M, Alloc Tax Rate: 1.1x
[62.874s][info][gc          ] GC(47) Pause Init Update Refs 0.075ms
[62.876s][info][gc,start    ] GC(47) Concurrent update references
[62.876s][info][gc,task     ] GC(47) Using 1 of 3 workers for concurrent reference update
[62.967s][info][gc          ] GC(47) Concurrent update references 90.278ms
[62.967s][info][gc,start    ] GC(47) Concurrent update thread roots
[62.974s][info][gc          ] GC(47) Concurrent update thread roots 6.927ms
[62.974s][info][gc,start    ] GC(47) Pause Final Update Refs
[62.974s][info][gc,task     ] GC(47) Using 3 of 3 workers for final reference update
[62.974s][info][gc          ] GC(47) Pause Final Update Refs 0.133ms
[62.974s][info][gc,start    ] GC(47) Concurrent cleanup
[62.974s][info][gc          ] GC(47) Concurrent cleanup 1846M->764M(8192M) 0.057ms
[62.974s][info][gc,ergo     ] Free: 6975M, Max: 4096K regular, 5140M humongous, Frag: 27% external, 0% internal; Reserve: 412M, Max: 4096K
[62.974s][info][gc,stats    ] 
[62.974s][info][gc,stats    ] All times are wall-clock times, except per-root-class counters, that are sum over
[62.974s][info][gc,stats    ] all workers. Dividing the <total> over the root stage time estimates parallelism.
[62.974s][info][gc,stats    ] 
[62.974s][info][gc,stats    ] Concurrent Reset                  12720 us
[62.974s][info][gc,stats    ] Pause Init Mark (G)               18183 us
[62.974s][info][gc,stats    ] Pause Init Mark (N)                 190 us
[62.974s][info][gc,stats    ]   Update Region States               74 us
[62.974s][info][gc,stats    ] Concurrent Mark Roots             13249 us, parallelism: 0.95x
[62.974s][info][gc,stats    ]   CMR: <total>                    12587 us
[62.974s][info][gc,stats    ]   CMR: Thread Roots               12261 us, workers (us): 12261, ---, ---, 
[62.974s][info][gc,stats    ]   CMR: VM Strong Roots              193 us, workers (us): 193, ---, ---, 
[62.974s][info][gc,stats    ]   CMR: CLDG Roots                   133 us, workers (us): 133, ---, ---, 
[62.974s][info][gc,stats    ] Concurrent Marking                72407 us
[62.974s][info][gc,stats    ] Pause Final Mark (G)                554 us
[62.974s][info][gc,stats    ] Pause Final Mark (N)                441 us
[62.974s][info][gc,stats    ]   Finish Mark                        67 us
[62.974s][info][gc,stats    ]   Update Region States               60 us
[62.974s][info][gc,stats    ]   Choose Collection Set             149 us
[62.974s][info][gc,stats    ]   Rebuild Free Set                   20 us
[62.974s][info][gc,stats    ] Concurrent Thread Roots            7878 us, parallelism: 0.98x
[62.974s][info][gc,stats    ]   CTR: <total>                     7727 us
[62.974s][info][gc,stats    ]   CTR: Thread Roots                7727 us, workers (us): 7727, ---, ---, 
[62.974s][info][gc,stats    ] Concurrent Weak References          637 us, parallelism: 0.79x
[62.974s][info][gc,stats    ]   CWRF: <total>                     502 us
[62.974s][info][gc,stats    ]   CWRF: Weak References             502 us, workers (us): 502, ---, ---, 
[62.974s][info][gc,stats    ] Concurrent Weak Roots             12192 us
[62.974s][info][gc,stats    ]   Roots                           11573 us, parallelism: 0.99x
[62.974s][info][gc,stats    ]     CWR: <total>                  11492 us
[62.974s][info][gc,stats    ]     CWR: Code Cache Roots         10312 us, workers (us): 10312, ---, ---, 
[62.974s][info][gc,stats    ]     CWR: VM Weak Roots             1085 us, workers (us): 1085, ---, ---, 
[62.974s][info][gc,stats    ]     CWR: CLDG Roots                  95 us, workers (us):  95, ---, ---, 
[62.974s][info][gc,stats    ]   Rendezvous                        528 us
[62.974s][info][gc,stats    ] Concurrent Cleanup                   72 us
[62.974s][info][gc,stats    ] Concurrent Class Unloading        45116 us
[62.974s][info][gc,stats    ]   Unlink Stale                    43622 us
[62.974s][info][gc,stats    ]     System Dictionary               779 us
[62.974s][info][gc,stats    ]     Weak Class Links              17850 us
[62.974s][info][gc,stats    ]     Code Roots                    24990 us
[62.974s][info][gc,stats    ]   Rendezvous                        294 us
[62.974s][info][gc,stats    ]   Purge Unlinked                   1129 us
[62.974s][info][gc,stats    ]     Code Roots                     1049 us
[62.974s][info][gc,stats    ]     CLDG                             78 us
[62.974s][info][gc,stats    ]     Exception Caches                  0 us
[62.974s][info][gc,stats    ] Concurrent Strong Roots             419 us, parallelism: 0.70x
[62.974s][info][gc,stats    ]   CSR: <total>                      293 us
[62.974s][info][gc,stats    ]   CSR: VM Strong Roots                8 us, workers (us):   8, ---, ---, 
[62.974s][info][gc,stats    ]   CSR: CLDG Roots                   285 us, workers (us): 285, ---, ---, 
[62.974s][info][gc,stats    ] Concurrent Evacuation             10241 us
[62.974s][info][gc,stats    ] Pause Init Update Refs (G)         2619 us
[62.974s][info][gc,stats    ] Pause Init Update Refs (N)           84 us
[62.974s][info][gc,stats    ]   Manage GCLABs                      16 us
[62.974s][info][gc,stats    ] Concurrent Update Refs            90327 us
[62.974s][info][gc,stats    ] Concurrent Update Thread Roots     6993 us
[62.974s][info][gc,stats    ] Pause Final Update Refs (G)         300 us
[62.974s][info][gc,stats    ] Pause Final Update Refs (N)         206 us
[62.974s][info][gc,stats    ]   Update Region States               52 us
[62.974s][info][gc,stats    ]   Trash Collection Set                6 us
[62.975s][info][gc,stats    ]   Rebuild Free Set                   10 us
[62.975s][info][gc,stats    ] Concurrent Cleanup                   67 us
[62.975s][info][gc,stats    ] 
[62.975s][info][gc,stats    ] Allocation pacing accrued:
[62.975s][info][gc,stats    ]       0 of   686 ms (  0.0%): <total>
[62.975s][info][gc,stats    ]       0 of   686 ms (  0.0%): <average total>
[62.975s][info][gc,stats    ] 
[62.975s][info][gc,metaspace] Metaspace: 154509K(155840K)->154546K(155840K) NonClass: 136507K(137216K)->136539K(137216K) Class: 18001K(18624K)->18007K(18624K)
[62.975s][info][gc,ergo     ] Pacer for Idle. Initial: 163M, Alloc Tax Rate: 1.0x
[63.983s][info][gc          ] Trigger: Explicit GC request (System.gc())
[63.983s][info][gc,ergo     ] Free: 5792M, Max: 4096K regular, 5140M humongous, Frag: 12% external, 0% internal; Reserve: 412M, Max: 4096K
[63.983s][info][gc,start    ] GC(48) Concurrent reset
[63.983s][info][gc,task     ] GC(48) Using 1 of 3 workers for concurrent reset
[63.983s][info][gc,ergo     ] GC(48) Pacer for Reset. Non-Taxable: 8192M
[63.987s][info][gc          ] GC(48) Concurrent reset 4.188ms
[63.987s][info][gc,start    ] GC(48) Pause Init Mark (unload classes)
[63.987s][info][gc,task     ] GC(48) Using 3 of 3 workers for init marking
[63.987s][info][gc,ref      ] GC(48) Clearing All SoftReferences
[63.987s][info][gc,ergo     ] GC(48) Pacer for Mark. Expected Live: 149M, Free: 5792M, Non-Taxable: 579M, Alloc Tax Rate: 0.0x
[63.988s][info][gc          ] GC(48) Pause Init Mark (unload classes) 0.246ms
[63.988s][info][gc,start    ] GC(48) Concurrent marking roots
[63.988s][info][gc,task     ] GC(48) Using 1 of 3 workers for concurrent marking roots
[63.996s][info][gc          ] GC(48) Concurrent marking roots 8.117ms
[63.996s][info][gc,start    ] GC(48) Concurrent marking (unload classes)
[63.996s][info][gc,task     ] GC(48) Using 1 of 3 workers for concurrent marking
[64.048s][info][gc          ] GC(48) Concurrent marking (unload classes) 51.810ms
[64.048s][info][gc,start    ] GC(48) Pause Final Mark (unload classes)
[64.048s][info][gc,task     ] GC(48) Using 3 of 3 workers for final marking
[64.048s][info][gc,ergo     ] GC(48) Adaptive CSet Selection. Target Free: 1160M, Actual Free: 6820M, Max CSet: 341M, Min Garbage: 0B
[64.048s][info][gc,ergo     ] GC(48) Collectable Garbage: 1582M (99%), Immediate: 636M (39%), CSet: 945M (59%)
[64.048s][info][gc,ergo     ] GC(48) Pacer for Evacuation. Used CSet: 951M, Free: 6687M, Non-Taxable: 668M, Alloc Tax Rate: 1.1x
[64.048s][info][gc          ] GC(48) Pause Final Mark (unload classes) 0.359ms
[64.048s][info][gc,start    ] GC(48) Concurrent thread roots
[64.048s][info][gc,task     ] GC(48) Using 1 of 3 workers for Concurrent thread roots
[64.056s][info][gc          ] GC(48) Concurrent thread roots 7.440ms
[64.056s][info][gc,start    ] GC(48) Concurrent weak references
[64.056s][info][gc,task     ] GC(48) Using 1 of 3 workers for concurrent weak references
[64.057s][info][gc,ref      ] GC(48) Encountered references: Soft: 3584, Weak: 17915, Final: 53, Phantom: 598
[64.057s][info][gc,ref      ] GC(48) Discovered  references: Soft: 1313, Weak: 6843, Final: 0, Phantom: 373
[64.057s][info][gc,ref      ] GC(48) Enqueued    references: Soft: 848, Weak: 3400, Final: 0, Phantom: 0
[64.057s][info][gc          ] GC(48) Concurrent weak references 1.010ms
[64.057s][info][gc,start    ] GC(48) Concurrent weak roots
[64.057s][info][gc,task     ] GC(48) Using 1 of 3 workers for concurrent weak root
[64.077s][info][gc          ] GC(48) Concurrent weak roots 20.666ms
[64.077s][info][gc,start    ] GC(48) Concurrent cleanup
[64.077s][info][gc          ] GC(48) Concurrent cleanup 1913M->1276M(8192M) 0.101ms
[64.078s][info][gc,ergo     ] GC(48) Free: 6495M, Max: 4096K regular, 5176M humongous, Frag: 21% external, 0% internal; Reserve: 411M, Max: 4096K
[64.078s][info][gc,start    ] GC(48) Concurrent class unloading
[64.078s][info][gc,task     ] GC(48) Using 1 of 3 workers for concurrent class unloading
[64.126s][info][gc          ] GC(48) Concurrent class unloading 48.486ms
[64.126s][info][gc,start    ] GC(48) Concurrent strong roots
[64.126s][info][gc,task     ] GC(48) Using 1 of 3 workers for concurrent strong root
[64.126s][info][gc          ] GC(48) Concurrent strong roots 0.321ms
[64.126s][info][gc,start    ] GC(48) Concurrent evacuation
[64.126s][info][gc,task     ] GC(48) Using 1 of 3 workers for concurrent evacuation
[64.131s][info][gc          ] GC(48) Concurrent evacuation 4.288ms
[64.131s][info][gc,start    ] GC(48) Pause Init Update Refs
[64.131s][info][gc,ergo     ] GC(48) Pacer for Update Refs. Used: 1590M, Free: 6187M, Non-Taxable: 618M, Alloc Tax Rate: 1.1x
[64.131s][info][gc          ] GC(48) Pause Init Update Refs 0.128ms
[64.131s][info][gc,start    ] GC(48) Concurrent update references
[64.131s][info][gc,task     ] GC(48) Using 1 of 3 workers for concurrent reference update
[64.153s][info][gc          ] GC(48) Concurrent update references 22.280ms
[64.153s][info][gc,start    ] GC(48) Concurrent update thread roots
[64.161s][info][gc          ] GC(48) Concurrent update thread roots 7.893ms
[64.161s][info][gc,start    ] GC(48) Pause Final Update Refs
[64.161s][info][gc,task     ] GC(48) Using 3 of 3 workers for final reference update
[64.162s][info][gc          ] GC(48) Pause Final Update Refs 0.161ms
[64.162s][info][gc,start    ] GC(48) Concurrent cleanup
[64.162s][info][gc          ] GC(48) Concurrent cleanup 1590M->639M(8192M) 0.113ms
[64.162s][info][gc,ergo     ] Free: 7140M, Max: 4096K regular, 5220M humongous, Frag: 27% external, 0% internal; Reserve: 412M, Max: 4096K
[64.162s][info][gc,stats    ] 
[64.162s][info][gc,stats    ] All times are wall-clock times, except per-root-class counters, that are sum over
[64.162s][info][gc,stats    ] all workers. Dividing the <total> over the root stage time estimates parallelism.
[64.162s][info][gc,stats    ] 
[64.162s][info][gc,stats    ] Concurrent Reset                   4255 us
[64.162s][info][gc,stats    ] Pause Init Mark (G)                 471 us
[64.162s][info][gc,stats    ] Pause Init Mark (N)                 268 us
[64.162s][info][gc,stats    ]   Update Region States               70 us
[64.162s][info][gc,stats    ] Concurrent Mark Roots              8178 us, parallelism: 0.96x
[64.162s][info][gc,stats    ]   CMR: <total>                     7828 us
[64.162s][info][gc,stats    ]   CMR: Thread Roots                7669 us, workers (us): 7669, ---, ---, 
[64.162s][info][gc,stats    ]   CMR: VM Strong Roots               21 us, workers (us):  21, ---, ---, 
[64.162s][info][gc,stats    ]   CMR: CLDG Roots                   138 us, workers (us): 138, ---, ---, 
[64.162s][info][gc,stats    ] Concurrent Marking                51857 us
[64.162s][info][gc,stats    ] Pause Final Mark (G)                481 us
[64.162s][info][gc,stats    ] Pause Final Mark (N)                376 us
[64.162s][info][gc,stats    ]   Finish Mark                        67 us
[64.162s][info][gc,stats    ]   Update Region States               45 us
[64.162s][info][gc,stats    ]   Choose Collection Set             126 us
[64.162s][info][gc,stats    ]   Rebuild Free Set                   19 us
[64.162s][info][gc,stats    ] Concurrent Thread Roots            7482 us, parallelism: 0.98x
[64.162s][info][gc,stats    ]   CTR: <total>                     7341 us
[64.162s][info][gc,stats    ]   CTR: Thread Roots                7341 us, workers (us): 7341, ---, ---, 
[64.162s][info][gc,stats    ] Concurrent Weak References         1018 us, parallelism: 0.88x
[64.162s][info][gc,stats    ]   CWRF: <total>                     894 us
[64.162s][info][gc,stats    ]   CWRF: Weak References             894 us, workers (us): 894, ---, ---, 
[64.162s][info][gc,stats    ] Concurrent Weak Roots             20757 us
[64.162s][info][gc,stats    ]   Roots                            8159 us, parallelism: 0.99x
[64.162s][info][gc,stats    ]     CWR: <total>                   8105 us
[64.162s][info][gc,stats    ]     CWR: Code Cache Roots          7034 us, workers (us): 7034, ---, ---, 
[64.162s][info][gc,stats    ]     CWR: VM Weak Roots              986 us, workers (us): 986, ---, ---, 
[64.162s][info][gc,stats    ]     CWR: CLDG Roots                  85 us, workers (us):  85, ---, ---, 
[64.162s][info][gc,stats    ]   Rendezvous                      12481 us
[64.162s][info][gc,stats    ] Concurrent Cleanup                  124 us
[64.162s][info][gc,stats    ] Concurrent Class Unloading        48533 us
[64.163s][info][gc,stats    ]   Unlink Stale                    45995 us
[64.163s][info][gc,stats    ]     System Dictionary              2834 us
[64.163s][info][gc,stats    ]     Weak Class Links              16286 us
[64.163s][info][gc,stats    ]     Code Roots                    26873 us
[64.163s][info][gc,stats    ]   Rendezvous                        212 us
[64.163s][info][gc,stats    ]   Purge Unlinked                   2230 us
[64.163s][info][gc,stats    ]     Code Roots                     1413 us
[64.163s][info][gc,stats    ]     CLDG                            816 us
[64.163s][info][gc,stats    ]     Exception Caches                  0 us
[64.163s][info][gc,stats    ] Concurrent Strong Roots             339 us, parallelism: 0.65x
[64.163s][info][gc,stats    ]   CSR: <total>                      220 us
[64.163s][info][gc,stats    ]   CSR: VM Strong Roots                8 us, workers (us):   8, ---, ---, 
[64.163s][info][gc,stats    ]   CSR: CLDG Roots                   212 us, workers (us): 212, ---, ---, 
[64.163s][info][gc,stats    ] Concurrent Evacuation              4353 us
[64.163s][info][gc,stats    ] Pause Init Update Refs (G)          256 us
[64.163s][info][gc,stats    ] Pause Init Update Refs (N)          149 us
[64.163s][info][gc,stats    ]   Manage GCLABs                      30 us
[64.163s][info][gc,stats    ] Concurrent Update Refs            22352 us
[64.163s][info][gc,stats    ] Concurrent Update Thread Roots     7949 us
[64.163s][info][gc,stats    ] Pause Final Update Refs (G)         291 us
[64.163s][info][gc,stats    ] Pause Final Update Refs (N)         185 us
[64.163s][info][gc,stats    ]   Update Region States               86 us
[64.163s][info][gc,stats    ]   Trash Collection Set               11 us
[64.163s][info][gc,stats    ]   Rebuild Free Set                   21 us
[64.163s][info][gc,stats    ] Concurrent Cleanup                  139 us
[64.163s][info][gc,stats    ] 
[64.163s][info][gc,stats    ] Allocation pacing accrued:
[64.163s][info][gc,stats    ]       0 of  1188 ms (  0.0%): <total>
[64.163s][info][gc,stats    ]       0 of  1188 ms (  0.0%): <average total>
[64.163s][info][gc,stats    ] 
[64.163s][info][gc,metaspace] Metaspace: 154716K(155968K)->153682K(155840K) NonClass: 136686K(137344K)->135824K(137216K) Class: 18029K(18624K)->17858K(18624K)
[64.163s][info][gc,ergo     ] Pacer for Idle. Initial: 163M, Alloc Tax Rate: 1.0x
[64.527s][info][gc          ] Trigger: Learning 2 of 5. Free (5636M) is below initial threshold (5734M)
[64.527s][info][gc,ergo     ] Free: 5636M, Max: 4096K regular, 5220M humongous, Frag: 8% external, 0% internal; Reserve: 412M, Max: 4096K
[64.527s][info][gc,start    ] GC(49) Concurrent reset
[64.527s][info][gc,task     ] GC(49) Using 1 of 3 workers for concurrent reset
[64.527s][info][gc,ergo     ] GC(49) Pacer for Reset. Non-Taxable: 8192M
[64.541s][info][gc          ] GC(49) Concurrent reset 14.422ms
[64.542s][info][gc,start    ] GC(49) Pause Init Mark (unload classes)
[64.542s][info][gc,task     ] GC(49) Using 3 of 3 workers for init marking
[64.542s][info][gc,ergo     ] GC(49) Pacer for Mark. Expected Live: 139M, Free: 5532M, Non-Taxable: 553M, Alloc Tax Rate: 0.0x
[64.542s][info][gc          ] GC(49) Pause Init Mark (unload classes) 0.128ms
[64.542s][info][gc,start    ] GC(49) Concurrent marking roots
[64.542s][info][gc,task     ] GC(49) Using 1 of 3 workers for concurrent marking roots
[64.551s][info][gc          ] GC(49) Concurrent marking roots 9.566ms
[64.551s][info][gc,start    ] GC(49) Concurrent marking (unload classes)
[64.551s][info][gc,task     ] GC(49) Using 1 of 3 workers for concurrent marking
[64.622s][info][gc          ] GC(49) Concurrent marking (unload classes) 70.888ms
[64.622s][info][gc,start    ] GC(49) Pause Final Mark (unload classes)
[64.622s][info][gc,task     ] GC(49) Using 3 of 3 workers for final marking
[64.623s][info][gc,ergo     ] GC(49) Adaptive CSet Selection. Target Free: 1160M, Actual Free: 6616M, Max CSet: 341M, Min Garbage: 0B
[64.623s][info][gc,ergo     ] GC(49) Collectable Garbage: 2032M (99%), Immediate: 972M (47%), CSet: 1059M (51%)
[64.623s][info][gc,ergo     ] GC(49) Pacer for Evacuation. Used CSet: 1119M, Free: 6240M, Non-Taxable: 624M, Alloc Tax Rate: 1.1x
[64.623s][info][gc          ] GC(49) Pause Final Mark (unload classes) 0.274ms
[64.623s][info][gc,start    ] GC(49) Concurrent thread roots
[64.623s][info][gc,task     ] GC(49) Using 1 of 3 workers for Concurrent thread roots
[64.631s][info][gc          ] GC(49) Concurrent thread roots 7.630ms
[64.631s][info][gc,start    ] GC(49) Concurrent weak references
[64.631s][info][gc,task     ] GC(49) Using 1 of 3 workers for concurrent weak references
[64.632s][info][gc,ref      ] GC(49) Encountered references: Soft: 3714, Weak: 14934, Final: 53, Phantom: 598
[64.632s][info][gc,ref      ] GC(49) Discovered  references: Soft: 0, Weak: 7881, Final: 0, Phantom: 278
[64.632s][info][gc,ref      ] GC(49) Enqueued    references: Soft: 0, Weak: 213, Final: 0, Phantom: 0
[64.632s][info][gc          ] GC(49) Concurrent weak references 0.960ms
[64.632s][info][gc,start    ] GC(49) Concurrent weak roots
[64.632s][info][gc,task     ] GC(49) Using 1 of 3 workers for concurrent weak root
[64.640s][info][gc          ] GC(49) Concurrent weak roots 7.752ms
[64.640s][info][gc,start    ] GC(49) Concurrent cleanup
[64.640s][info][gc          ] GC(49) Concurrent cleanup 2586M->1613M(8192M) 0.063ms
[64.640s][info][gc,ergo     ] GC(49) Free: 6147M, Max: 4096K regular, 5140M humongous, Frag: 17% external, 0% internal; Reserve: 410M, Max: 4096K
[64.640s][info][gc,start    ] GC(49) Concurrent class unloading
[64.640s][info][gc,task     ] GC(49) Using 1 of 3 workers for concurrent class unloading
[64.693s][info][gc          ] GC(49) Concurrent class unloading 53.411ms
[64.693s][info][gc,start    ] GC(49) Concurrent strong roots
[64.693s][info][gc,task     ] GC(49) Using 1 of 3 workers for concurrent strong root
[64.694s][info][gc          ] GC(49) Concurrent strong roots 0.425ms
[64.694s][info][gc,start    ] GC(49) Concurrent evacuation
[64.694s][info][gc,task     ] GC(49) Using 1 of 3 workers for concurrent evacuation
[64.702s][info][gc          ] GC(49) Concurrent evacuation 8.551ms
[64.702s][info][gc,start    ] GC(49) Pause Init Update Refs
[64.702s][info][gc,ergo     ] GC(49) Pacer for Update Refs. Used: 1742M, Free: 6080M, Non-Taxable: 608M, Alloc Tax Rate: 1.1x
[64.703s][info][gc          ] GC(49) Pause Init Update Refs 0.058ms
[64.703s][info][gc,start    ] GC(49) Concurrent update references
[64.703s][info][gc,task     ] GC(49) Using 1 of 3 workers for concurrent reference update
[64.769s][info][gc          ] GC(49) Concurrent update references 66.630ms
[64.769s][info][gc,start    ] GC(49) Concurrent update thread roots
[64.777s][info][gc          ] GC(49) Concurrent update thread roots 7.440ms
[64.777s][info][gc,start    ] GC(49) Pause Final Update Refs
[64.777s][info][gc,task     ] GC(49) Using 3 of 3 workers for final reference update
[64.777s][info][gc          ] GC(49) Pause Final Update Refs 0.127ms
[64.777s][info][gc,start    ] GC(49) Concurrent cleanup
[64.777s][info][gc          ] GC(49) Concurrent cleanup 1788M->668M(8192M) 0.045ms
[64.777s][info][gc,ergo     ] Free: 7071M, Max: 4096K regular, 5072M humongous, Frag: 29% external, 0% internal; Reserve: 412M, Max: 4096K
[64.777s][info][gc,stats    ] 
[64.777s][info][gc,stats    ] All times are wall-clock times, except per-root-class counters, that are sum over
[64.777s][info][gc,stats    ] all workers. Dividing the <total> over the root stage time estimates parallelism.
[64.777s][info][gc,stats    ] 
[64.777s][info][gc,stats    ] Concurrent Reset                  14579 us
[64.777s][info][gc,stats    ] Pause Init Mark (G)                 404 us
[64.777s][info][gc,stats    ] Pause Init Mark (N)                 136 us
[64.777s][info][gc,stats    ]   Update Region States               44 us
[64.777s][info][gc,stats    ] Concurrent Mark Roots              9704 us, parallelism: 0.95x
[64.777s][info][gc,stats    ]   CMR: <total>                     9193 us
[64.777s][info][gc,stats    ]   CMR: Thread Roots                8951 us, workers (us): 8951, ---, ---, 
[64.777s][info][gc,stats    ]   CMR: VM Strong Roots               27 us, workers (us):  27, ---, ---, 
[64.777s][info][gc,stats    ]   CMR: CLDG Roots                   216 us, workers (us): 216, ---, ---, 
[64.777s][info][gc,stats    ] Concurrent Marking                70931 us
[64.777s][info][gc,stats    ] Pause Final Mark (G)                943 us
[64.777s][info][gc,stats    ] Pause Final Mark (N)                282 us
[64.777s][info][gc,stats    ]   Finish Mark                        65 us
[64.777s][info][gc,stats    ]   Update Region States               30 us
[64.777s][info][gc,stats    ]   Choose Collection Set              79 us
[64.777s][info][gc,stats    ]   Rebuild Free Set                    9 us
[64.777s][info][gc,stats    ] Concurrent Thread Roots            7675 us, parallelism: 0.98x
[64.777s][info][gc,stats    ]   CTR: <total>                     7542 us
[64.777s][info][gc,stats    ]   CTR: Thread Roots                7542 us, workers (us): 7542, ---, ---, 
[64.777s][info][gc,stats    ] Concurrent Weak References          970 us, parallelism: 0.86x
[64.777s][info][gc,stats    ]   CWRF: <total>                     834 us
[64.777s][info][gc,stats    ]   CWRF: Weak References             834 us, workers (us): 834, ---, ---, 
[64.777s][info][gc,stats    ] Concurrent Weak Roots              7803 us
[64.777s][info][gc,stats    ]   Roots                            7527 us, parallelism: 0.99x
[64.777s][info][gc,stats    ]     CWR: <total>                   7474 us
[64.777s][info][gc,stats    ]     CWR: Code Cache Roots          6124 us, workers (us): 6124, ---, ---, 
[64.777s][info][gc,stats    ]     CWR: VM Weak Roots             1242 us, workers (us): 1242, ---, ---, 
[64.777s][info][gc,stats    ]     CWR: CLDG Roots                 109 us, workers (us): 109, ---, ---, 
[64.777s][info][gc,stats    ]   Rendezvous                        204 us
[64.777s][info][gc,stats    ] Concurrent Cleanup                   82 us
[64.777s][info][gc,stats    ] Concurrent Class Unloading        53455 us
[64.777s][info][gc,stats    ]   Unlink Stale                    47130 us
[64.777s][info][gc,stats    ]     System Dictionary               572 us
[64.777s][info][gc,stats    ]     Weak Class Links              16312 us
[64.777s][info][gc,stats    ]     Code Roots                    30242 us
[64.777s][info][gc,stats    ]   Rendezvous                       4461 us
[64.777s][info][gc,stats    ]   Purge Unlinked                   1784 us
[64.777s][info][gc,stats    ]     Code Roots                     1706 us
[64.777s][info][gc,stats    ]     CLDG                             77 us
[64.777s][info][gc,stats    ]     Exception Caches                  0 us
[64.777s][info][gc,stats    ] Concurrent Strong Roots             447 us, parallelism: 0.68x
[64.777s][info][gc,stats    ]   CSR: <total>                      302 us
[64.777s][info][gc,stats    ]   CSR: VM Strong Roots                9 us, workers (us):   9, ---, ---, 
[64.777s][info][gc,stats    ]   CSR: CLDG Roots                   293 us, workers (us): 293, ---, ---, 
[64.777s][info][gc,stats    ] Concurrent Evacuation              8586 us
[64.777s][info][gc,stats    ] Pause Init Update Refs (G)          164 us
[64.777s][info][gc,stats    ] Pause Init Update Refs (N)           66 us
[64.777s][info][gc,stats    ]   Manage GCLABs                      17 us
[64.777s][info][gc,stats    ] Concurrent Update Refs            66676 us
[64.777s][info][gc,stats    ] Concurrent Update Thread Roots     7521 us
[64.777s][info][gc,stats    ] Pause Final Update Refs (G)         273 us
[64.777s][info][gc,stats    ] Pause Final Update Refs (N)         148 us
[64.777s][info][gc,stats    ]   Update Region States               47 us
[64.777s][info][gc,stats    ]   Trash Collection Set               10 us
[64.777s][info][gc,stats    ]   Rebuild Free Set                   19 us
[64.777s][info][gc,stats    ] Concurrent Cleanup                   55 us
[64.778s][info][gc,stats    ] 
[64.778s][info][gc,stats    ] Allocation pacing accrued:
[64.778s][info][gc,stats    ]       0 of   615 ms (  0.0%): <total>
[64.778s][info][gc,stats    ]       0 of   615 ms (  0.0%): <average total>
[64.778s][info][gc,stats    ] 
[64.778s][info][gc,metaspace] Metaspace: 154608K(155840K)->154636K(155904K) NonClass: 136605K(137216K)->136628K(137280K) Class: 18003K(18624K)->18007K(18624K)
[64.778s][info][gc,ergo     ] Pacer for Idle. Initial: 163M, Alloc Tax Rate: 1.0x
[65.764s][info][gc          ] Trigger: Explicit GC request (System.gc())
[65.764s][info][gc,ergo     ] Free: 5877M, Max: 4096K regular, 5072M humongous, Frag: 14% external, 0% internal; Reserve: 412M, Max: 4096K
[65.764s][info][gc,start    ] GC(50) Concurrent reset
[65.764s][info][gc,task     ] GC(50) Using 1 of 3 workers for concurrent reset
[65.764s][info][gc,ergo     ] GC(50) Pacer for Reset. Non-Taxable: 8192M
[65.769s][info][gc          ] GC(50) Concurrent reset 5.128ms
[65.770s][info][gc,start    ] GC(50) Pause Init Mark (unload classes)
[65.770s][info][gc,task     ] GC(50) Using 3 of 3 workers for init marking
[65.770s][info][gc,ref      ] GC(50) Clearing All SoftReferences
[65.770s][info][gc,ergo     ] GC(50) Pacer for Mark. Expected Live: 151M, Free: 5877M, Non-Taxable: 587M, Alloc Tax Rate: 0.0x
[65.770s][info][gc          ] GC(50) Pause Init Mark (unload classes) 0.198ms
[65.770s][info][gc,start    ] GC(50) Concurrent marking roots
[65.770s][info][gc,task     ] GC(50) Using 1 of 3 workers for concurrent marking roots
[65.778s][info][gc          ] GC(50) Concurrent marking roots 7.572ms
[65.778s][info][gc,start    ] GC(50) Concurrent marking (unload classes)
[65.778s][info][gc,task     ] GC(50) Using 1 of 3 workers for concurrent marking
[65.830s][info][gc          ] GC(50) Concurrent marking (unload classes) 52.835ms
[65.831s][info][gc,start    ] GC(50) Pause Final Mark (unload classes)
[65.831s][info][gc,task     ] GC(50) Using 3 of 3 workers for final marking
[65.831s][info][gc,ergo     ] GC(50) Adaptive CSet Selection. Target Free: 1160M, Actual Free: 6823M, Max CSet: 341M, Min Garbage: 0B
[65.831s][info][gc,ergo     ] GC(50) Collectable Garbage: 1501M (99%), Immediate: 547M (36%), CSet: 954M (63%)
[65.831s][info][gc,ergo     ] GC(50) Pacer for Evacuation. Used CSet: 965M, Free: 6687M, Non-Taxable: 668M, Alloc Tax Rate: 1.1x
[65.831s][info][gc          ] GC(50) Pause Final Mark (unload classes) 0.554ms
[65.831s][info][gc,start    ] GC(50) Concurrent thread roots
[65.831s][info][gc,task     ] GC(50) Using 1 of 3 workers for Concurrent thread roots
[65.838s][info][gc          ] GC(50) Concurrent thread roots 7.043ms
[65.838s][info][gc,start    ] GC(50) Concurrent weak references
[65.838s][info][gc,task     ] GC(50) Using 1 of 3 workers for concurrent weak references
[65.839s][info][gc,ref      ] GC(50) Encountered references: Soft: 3599, Weak: 17956, Final: 53, Phantom: 610
[65.839s][info][gc,ref      ] GC(50) Discovered  references: Soft: 1327, Weak: 6853, Final: 0, Phantom: 385
[65.839s][info][gc,ref      ] GC(50) Enqueued    references: Soft: 862, Weak: 3410, Final: 0, Phantom: 12
[65.839s][info][gc          ] GC(50) Concurrent weak references 0.762ms
[65.839s][info][gc,start    ] GC(50) Concurrent weak roots
[65.839s][info][gc,task     ] GC(50) Using 1 of 3 workers for concurrent weak root
[65.848s][info][gc          ] GC(50) Concurrent weak roots 8.773ms
[65.848s][info][gc,start    ] GC(50) Concurrent cleanup
[65.848s][info][gc          ] GC(50) Concurrent cleanup 1914M->1367M(8192M) 0.038ms
[65.848s][info][gc,ergo     ] GC(50) Free: 6407M, Max: 4096K regular, 5124M humongous, Frag: 20% external, 0% internal; Reserve: 410M, Max: 4096K
[65.848s][info][gc,start    ] GC(50) Concurrent class unloading
[65.848s][info][gc,task     ] GC(50) Using 1 of 3 workers for concurrent class unloading
[65.897s][info][gc          ] GC(50) Concurrent class unloading 49.027ms
[65.897s][info][gc,start    ] GC(50) Concurrent strong roots
[65.897s][info][gc,task     ] GC(50) Using 1 of 3 workers for concurrent strong root
[65.897s][info][gc          ] GC(50) Concurrent strong roots 0.329ms
[65.897s][info][gc,start    ] GC(50) Concurrent evacuation
[65.897s][info][gc,task     ] GC(50) Using 1 of 3 workers for concurrent evacuation
[65.904s][info][gc          ] GC(50) Concurrent evacuation 6.581ms
[65.904s][info][gc,start    ] GC(50) Pause Init Update Refs
[65.904s][info][gc,ergo     ] GC(50) Pacer for Update Refs. Used: 1633M, Free: 6152M, Non-Taxable: 615M, Alloc Tax Rate: 1.1x
[65.904s][info][gc          ] GC(50) Pause Init Update Refs 0.136ms
[65.904s][info][gc,start    ] GC(50) Concurrent update references
[65.904s][info][gc,task     ] GC(50) Using 1 of 3 workers for concurrent reference update
[65.927s][info][gc          ] GC(50) Concurrent update references 22.374ms
[65.927s][info][gc,start    ] GC(50) Concurrent update thread roots
[65.934s][info][gc          ] GC(50) Concurrent update thread roots 7.159ms
[65.934s][info][gc,start    ] GC(50) Pause Final Update Refs
[65.934s][info][gc,task     ] GC(50) Using 3 of 3 workers for final reference update
[65.934s][info][gc          ] GC(50) Pause Final Update Refs 0.174ms
[65.934s][info][gc,start    ] GC(50) Concurrent cleanup
[65.934s][info][gc          ] GC(50) Concurrent cleanup 1633M->667M(8192M) 0.081ms
[65.934s][info][gc,ergo     ] Free: 7112M, Max: 4096K regular, 5224M humongous, Frag: 27% external, 0% internal; Reserve: 412M, Max: 4096K
[65.934s][info][gc,stats    ] 
[65.934s][info][gc,stats    ] All times are wall-clock times, except per-root-class counters, that are sum over
[65.934s][info][gc,stats    ] all workers. Dividing the <total> over the root stage time estimates parallelism.
[65.934s][info][gc,stats    ] 
[65.934s][info][gc,stats    ] Concurrent Reset                   5184 us
[65.934s][info][gc,stats    ] Pause Init Mark (G)                 416 us
[65.934s][info][gc,stats    ] Pause Init Mark (N)                 207 us
[65.934s][info][gc,stats    ]   Update Region States               95 us
[65.934s][info][gc,stats    ] Concurrent Mark Roots              7632 us, parallelism: 0.95x
[65.935s][info][gc,stats    ]   CMR: <total>                     7240 us
[65.935s][info][gc,stats    ]   CMR: Thread Roots                7020 us, workers (us): 7020, ---, ---, 
[65.935s][info][gc,stats    ]   CMR: VM Strong Roots               26 us, workers (us):  26, ---, ---, 
[65.935s][info][gc,stats    ]   CMR: CLDG Roots                   194 us, workers (us): 194, ---, ---, 
[65.935s][info][gc,stats    ] Concurrent Marking                52901 us
[65.935s][info][gc,stats    ] Pause Final Mark (G)                712 us
[65.935s][info][gc,stats    ] Pause Final Mark (N)                576 us
[65.935s][info][gc,stats    ]   Finish Mark                       135 us
[65.935s][info][gc,stats    ]   Update Region States               77 us
[65.935s][info][gc,stats    ]   Choose Collection Set             184 us
[65.935s][info][gc,stats    ]   Rebuild Free Set                   25 us
[65.935s][info][gc,stats    ] Concurrent Thread Roots            7089 us, parallelism: 0.98x
[65.935s][info][gc,stats    ]   CTR: <total>                     6941 us
[65.935s][info][gc,stats    ]   CTR: Thread Roots                6941 us, workers (us): 6941, ---, ---, 
[65.935s][info][gc,stats    ] Concurrent Weak References          770 us, parallelism: 0.83x
[65.935s][info][gc,stats    ]   CWRF: <total>                     636 us
[65.935s][info][gc,stats    ]   CWRF: Weak References             636 us, workers (us): 636, ---, ---, 
[65.935s][info][gc,stats    ] Concurrent Weak Roots              8810 us
[65.935s][info][gc,stats    ]   Roots                            8580 us, parallelism: 0.99x
[65.935s][info][gc,stats    ]     CWR: <total>                   8517 us
[65.935s][info][gc,stats    ]     CWR: Code Cache Roots          7441 us, workers (us): 7441, ---, ---, 
[65.935s][info][gc,stats    ]     CWR: VM Weak Roots              996 us, workers (us): 996, ---, ---, 
[65.935s][info][gc,stats    ]     CWR: CLDG Roots                  80 us, workers (us):  80, ---, ---, 
[65.935s][info][gc,stats    ]   Rendezvous                        175 us
[65.935s][info][gc,stats    ] Concurrent Cleanup                   47 us
[65.935s][info][gc,stats    ] Concurrent Class Unloading        49073 us
[65.935s][info][gc,stats    ]   Unlink Stale                    46811 us
[65.935s][info][gc,stats    ]     System Dictionary              1766 us
[65.935s][info][gc,stats    ]     Weak Class Links              18048 us
[65.935s][info][gc,stats    ]     Code Roots                    26994 us
[65.935s][info][gc,stats    ]   Rendezvous                        155 us
[65.935s][info][gc,stats    ]   Purge Unlinked                   2041 us
[65.935s][info][gc,stats    ]     Code Roots                     1224 us
[65.935s][info][gc,stats    ]     CLDG                            817 us
[65.935s][info][gc,stats    ]     Exception Caches                  0 us
[65.935s][info][gc,stats    ] Concurrent Strong Roots             339 us, parallelism: 0.66x
[65.935s][info][gc,stats    ]   CSR: <total>                      223 us
[65.935s][info][gc,stats    ]   CSR: VM Strong Roots                8 us, workers (us):   8, ---, ---, 
[65.935s][info][gc,stats    ]   CSR: CLDG Roots                   215 us, workers (us): 215, ---, ---, 
[65.935s][info][gc,stats    ] Concurrent Evacuation              6606 us
[65.935s][info][gc,stats    ] Pause Init Update Refs (G)          268 us
[65.935s][info][gc,stats    ] Pause Init Update Refs (N)          158 us
[65.935s][info][gc,stats    ]   Manage GCLABs                      35 us
[65.935s][info][gc,stats    ] Concurrent Update Refs            22421 us
[65.935s][info][gc,stats    ] Concurrent Update Thread Roots     7242 us
[65.935s][info][gc,stats    ] Pause Final Update Refs (G)         306 us
[65.935s][info][gc,stats    ] Pause Final Update Refs (N)         191 us
[65.935s][info][gc,stats    ]   Update Region States               65 us
[65.935s][info][gc,stats    ]   Trash Collection Set                9 us
[65.935s][info][gc,stats    ]   Rebuild Free Set                   18 us
[65.935s][info][gc,stats    ] Concurrent Cleanup                  102 us
[65.935s][info][gc,stats    ] 
[65.935s][info][gc,stats    ] Allocation pacing accrued:
[65.935s][info][gc,stats    ]       0 of  1158 ms (  0.0%): <total>
[65.935s][info][gc,stats    ]       0 of  1158 ms (  0.0%): <average total>
[65.935s][info][gc,stats    ] 
[65.935s][info][gc,metaspace] Metaspace: 154872K(156096K)->153845K(155968K) NonClass: 136827K(137472K)->135971K(137344K) Class: 18044K(18624K)->17873K(18624K)
[65.935s][info][gc,ergo     ] Pacer for Idle. Initial: 163M, Alloc Tax Rate: 1.0x
[66.303s][info][gc          ] Trigger: Learning 2 of 5. Free (5598M) is below initial threshold (5734M)
[66.303s][info][gc,ergo     ] Free: 5598M, Max: 4096K regular, 5224M humongous, Frag: 7% external, 0% internal; Reserve: 412M, Max: 4096K
[66.303s][info][gc,start    ] GC(51) Concurrent reset
[66.303s][info][gc,task     ] GC(51) Using 1 of 3 workers for concurrent reset
[66.303s][info][gc,ergo     ] GC(51) Pacer for Reset. Non-Taxable: 8192M
[66.317s][info][gc          ] GC(51) Concurrent reset 14.385ms
[66.318s][info][gc,start    ] GC(51) Pause Init Mark (unload classes)
[66.318s][info][gc,task     ] GC(51) Using 3 of 3 workers for init marking
[66.318s][info][gc,ergo     ] GC(51) Pacer for Mark. Expected Live: 140M, Free: 5499M, Non-Taxable: 549M, Alloc Tax Rate: 0.0x
[66.318s][info][gc          ] GC(51) Pause Init Mark (unload classes) 0.140ms
[66.318s][info][gc,start    ] GC(51) Concurrent marking roots
[66.318s][info][gc,task     ] GC(51) Using 1 of 3 workers for concurrent marking roots
[66.328s][info][gc          ] GC(51) Concurrent marking roots 10.197ms
[66.328s][info][gc,start    ] GC(51) Concurrent marking (unload classes)
[66.328s][info][gc,task     ] GC(51) Using 1 of 3 workers for concurrent marking
[66.406s][info][gc          ] GC(51) Concurrent marking (unload classes) 78.189ms
[66.407s][info][gc,start    ] GC(51) Pause Final Mark (unload classes)
[66.407s][info][gc,task     ] GC(51) Using 3 of 3 workers for final marking
[66.407s][info][gc,ergo     ] GC(51) Adaptive CSet Selection. Target Free: 1160M, Actual Free: 6581M, Max CSet: 341M, Min Garbage: 0B
[66.407s][info][gc,ergo     ] GC(51) Collectable Garbage: 2066M (99%), Immediate: 981M (47%), CSet: 1085M (52%)
[66.407s][info][gc,ergo     ] GC(51) Pacer for Evacuation. Used CSet: 1143M, Free: 6204M, Non-Taxable: 620M, Alloc Tax Rate: 1.1x
[66.407s][info][gc          ] GC(51) Pause Final Mark (unload classes) 0.261ms
[66.407s][info][gc,start    ] GC(51) Concurrent thread roots
[66.407s][info][gc,task     ] GC(51) Using 1 of 3 workers for Concurrent thread roots
[66.414s][info][gc          ] GC(51) Concurrent thread roots 7.506ms
[66.415s][info][gc,start    ] GC(51) Concurrent weak references
[66.415s][info][gc,task     ] GC(51) Using 1 of 3 workers for concurrent weak references
[66.415s][info][gc,ref      ] GC(51) Encountered references: Soft: 3715, Weak: 14972, Final: 53, Phantom: 598
[66.415s][info][gc,ref      ] GC(51) Discovered  references: Soft: 0, Weak: 7636, Final: 0, Phantom: 278
[66.415s][info][gc,ref      ] GC(51) Enqueued    references: Soft: 0, Weak: 214, Final: 0, Phantom: 0
[66.415s][info][gc          ] GC(51) Concurrent weak references 0.706ms
[66.415s][info][gc,start    ] GC(51) Concurrent weak roots
[66.415s][info][gc,task     ] GC(51) Using 1 of 3 workers for concurrent weak root
[66.423s][info][gc          ] GC(51) Concurrent weak roots 8.135ms
[66.423s][info][gc,start    ] GC(51) Concurrent cleanup
[66.423s][info][gc          ] GC(51) Concurrent cleanup 2625M->1644M(8192M) 0.040ms
[66.423s][info][gc,ergo     ] GC(51) Free: 6115M, Max: 4096K regular, 5100M humongous, Frag: 17% external, 0% internal; Reserve: 410M, Max: 4096K
[66.423s][info][gc,start    ] GC(51) Concurrent class unloading
[66.423s][info][gc,task     ] GC(51) Using 1 of 3 workers for concurrent class unloading
[66.477s][info][gc          ] GC(51) Concurrent class unloading 53.296ms
[66.477s][info][gc,start    ] GC(51) Concurrent strong roots
[66.477s][info][gc,task     ] GC(51) Using 1 of 3 workers for concurrent strong root
[66.478s][info][gc          ] GC(51) Concurrent strong roots 0.682ms
[66.478s][info][gc,start    ] GC(51) Concurrent evacuation
[66.478s][info][gc,task     ] GC(51) Using 1 of 3 workers for concurrent evacuation
[66.486s][info][gc          ] GC(51) Concurrent evacuation 8.874ms
[66.487s][info][gc,start    ] GC(51) Pause Init Update Refs
[66.487s][info][gc,ergo     ] GC(51) Pacer for Update Refs. Used: 1770M, Free: 6047M, Non-Taxable: 604M, Alloc Tax Rate: 1.1x
[66.487s][info][gc          ] GC(51) Pause Init Update Refs 0.052ms
[66.487s][info][gc,start    ] GC(51) Concurrent update references
[66.487s][info][gc,task     ] GC(51) Using 1 of 3 workers for concurrent reference update
[66.556s][info][gc          ] GC(51) Concurrent update references 69.666ms
[66.556s][info][gc,start    ] GC(51) Concurrent update thread roots
[66.563s][info][gc          ] GC(51) Concurrent update thread roots 7.067ms
[66.564s][info][gc,start    ] GC(51) Pause Final Update Refs
[66.564s][info][gc,task     ] GC(51) Using 3 of 3 workers for final reference update
[66.564s][info][gc          ] GC(51) Pause Final Update Refs 0.104ms
[66.564s][info][gc,start    ] GC(51) Concurrent cleanup
[66.564s][info][gc          ] GC(51) Concurrent cleanup 1812M->668M(8192M) 0.035ms
[66.564s][info][gc,ergo     ] Free: 7071M, Max: 4096K regular, 5032M humongous, Frag: 29% external, 0% internal; Reserve: 412M, Max: 4096K
[66.564s][info][gc,stats    ] 
[66.564s][info][gc,stats    ] All times are wall-clock times, except per-root-class counters, that are sum over
[66.564s][info][gc,stats    ] all workers. Dividing the <total> over the root stage time estimates parallelism.
[66.564s][info][gc,stats    ] 
[66.564s][info][gc,stats    ] Concurrent Reset                  14506 us
[66.564s][info][gc,stats    ] Pause Init Mark (G)                 430 us
[66.564s][info][gc,stats    ] Pause Init Mark (N)                 148 us
[66.564s][info][gc,stats    ]   Update Region States               50 us
[66.564s][info][gc,stats    ] Concurrent Mark Roots             10342 us, parallelism: 0.95x
[66.564s][info][gc,stats    ]   CMR: <total>                     9781 us
[66.564s][info][gc,stats    ]   CMR: Thread Roots                9085 us, workers (us): 9085, ---, ---, 
[66.564s][info][gc,stats    ]   CMR: VM Strong Roots               20 us, workers (us):  20, ---, ---, 
[66.564s][info][gc,stats    ]   CMR: CLDG Roots                   675 us, workers (us): 675, ---, ---, 
[66.564s][info][gc,stats    ] Concurrent Marking                78235 us
[66.564s][info][gc,stats    ] Pause Final Mark (G)                458 us
[66.564s][info][gc,stats    ] Pause Final Mark (N)                269 us
[66.564s][info][gc,stats    ]   Finish Mark                        83 us
[66.564s][info][gc,stats    ]   Update Region States               35 us
[66.564s][info][gc,stats    ]   Choose Collection Set              73 us
[66.564s][info][gc,stats    ]   Rebuild Free Set                    9 us
[66.564s][info][gc,stats    ] Concurrent Thread Roots            7562 us, parallelism: 0.98x
[66.564s][info][gc,stats    ]   CTR: <total>                     7447 us
[66.564s][info][gc,stats    ]   CTR: Thread Roots                7447 us, workers (us): 7447, ---, ---, 
[66.564s][info][gc,stats    ] Concurrent Weak References          714 us, parallelism: 0.84x
[66.564s][info][gc,stats    ]   CWRF: <total>                     600 us
[66.564s][info][gc,stats    ]   CWRF: Weak References             600 us, workers (us): 600, ---, ---, 
[66.564s][info][gc,stats    ] Concurrent Weak Roots              8182 us
[66.564s][info][gc,stats    ]   Roots                            7919 us, parallelism: 0.99x
[66.564s][info][gc,stats    ]     CWR: <total>                   7858 us
[66.564s][info][gc,stats    ]     CWR: Code Cache Roots          6621 us, workers (us): 6621, ---, ---, 
[66.564s][info][gc,stats    ]     CWR: VM Weak Roots             1141 us, workers (us): 1141, ---, ---, 
[66.564s][info][gc,stats    ]     CWR: CLDG Roots                  96 us, workers (us):  96, ---, ---, 
[66.564s][info][gc,stats    ]   Rendezvous                        197 us
[66.564s][info][gc,stats    ] Concurrent Cleanup                   49 us
[66.564s][info][gc,stats    ] Concurrent Class Unloading        53340 us
[66.564s][info][gc,stats    ]   Unlink Stale                    50255 us
[66.564s][info][gc,stats    ]     System Dictionary               411 us
[66.564s][info][gc,stats    ]     Weak Class Links              17294 us
[66.564s][info][gc,stats    ]     Code Roots                    32547 us
[66.564s][info][gc,stats    ]   Rendezvous                        330 us
[66.564s][info][gc,stats    ]   Purge Unlinked                   2690 us
[66.564s][info][gc,stats    ]     Code Roots                     2569 us
[66.564s][info][gc,stats    ]     CLDG                            120 us
[66.564s][info][gc,stats    ]     Exception Caches                  0 us
[66.564s][info][gc,stats    ] Concurrent Strong Roots             704 us, parallelism: 0.69x
[66.564s][info][gc,stats    ]   CSR: <total>                      486 us
[66.564s][info][gc,stats    ]   CSR: VM Strong Roots               14 us, workers (us):  14, ---, ---, 
[66.564s][info][gc,stats    ]   CSR: CLDG Roots                   472 us, workers (us): 472, ---, ---, 
[66.564s][info][gc,stats    ] Concurrent Evacuation              8946 us
[66.564s][info][gc,stats    ] Pause Init Update Refs (G)          181 us
[66.564s][info][gc,stats    ] Pause Init Update Refs (N)           60 us
[66.564s][info][gc,stats    ]   Manage GCLABs                      17 us
[66.564s][info][gc,stats    ] Concurrent Update Refs            69744 us
[66.564s][info][gc,stats    ] Concurrent Update Thread Roots     7129 us
[66.564s][info][gc,stats    ] Pause Final Update Refs (G)         235 us
[66.564s][info][gc,stats    ] Pause Final Update Refs (N)         145 us
[66.564s][info][gc,stats    ]   Update Region States               43 us
[66.564s][info][gc,stats    ]   Trash Collection Set               10 us
[66.564s][info][gc,stats    ]   Rebuild Free Set                   19 us
[66.564s][info][gc,stats    ] Concurrent Cleanup                   44 us
[66.564s][info][gc,stats    ] 
[66.564s][info][gc,stats    ] Allocation pacing accrued:
[66.564s][info][gc,stats    ]       0 of   629 ms (  0.0%): <total>
[66.564s][info][gc,stats    ]       0 of   629 ms (  0.0%): <average total>
[66.564s][info][gc,stats    ] 
[66.564s][info][gc,metaspace] Metaspace: 154822K(156032K)->154861K(156096K) NonClass: 136801K(137408K)->136839K(137472K) Class: 18021K(18624K)->18022K(18624K)
[66.564s][info][gc,ergo     ] Pacer for Idle. Initial: 163M, Alloc Tax Rate: 1.0x
[67.591s][info][gc          ] Trigger: Explicit GC request (System.gc())
[67.591s][info][gc,ergo     ] Free: 5894M, Max: 4096K regular, 5032M humongous, Frag: 15% external, 0% internal; Reserve: 412M, Max: 4096K
[67.591s][info][gc,start    ] GC(52) Concurrent reset
[67.591s][info][gc,task     ] GC(52) Using 1 of 3 workers for concurrent reset
[67.591s][info][gc,ergo     ] GC(52) Pacer for Reset. Non-Taxable: 8192M
[67.597s][info][gc          ] GC(52) Concurrent reset 5.551ms
[67.597s][info][gc,start    ] GC(52) Pause Init Mark (unload classes)
[67.597s][info][gc,task     ] GC(52) Using 3 of 3 workers for init marking
[67.598s][info][gc,ref      ] GC(52) Clearing All SoftReferences
[67.598s][info][gc,ergo     ] GC(52) Pacer for Mark. Expected Live: 151M, Free: 5894M, Non-Taxable: 589M, Alloc Tax Rate: 0.0x
[67.598s][info][gc          ] GC(52) Pause Init Mark (unload classes) 0.200ms
[67.598s][info][gc,start    ] GC(52) Concurrent marking roots
[67.598s][info][gc,task     ] GC(52) Using 1 of 3 workers for concurrent marking roots
[67.607s][info][gc          ] GC(52) Concurrent marking roots 9.746ms
[67.607s][info][gc,start    ] GC(52) Concurrent marking (unload classes)
[67.607s][info][gc,task     ] GC(52) Using 1 of 3 workers for concurrent marking
[67.659s][info][gc          ] GC(52) Concurrent marking (unload classes) 51.346ms
[67.659s][info][gc,start    ] GC(52) Pause Final Mark (unload classes)
[67.659s][info][gc,task     ] GC(52) Using 3 of 3 workers for final marking
[67.659s][info][gc,ergo     ] GC(52) Adaptive CSet Selection. Target Free: 1160M, Actual Free: 6838M, Max CSet: 341M, Min Garbage: 0B
[67.659s][info][gc,ergo     ] GC(52) Collectable Garbage: 1483M (99%), Immediate: 542M (36%), CSet: 941M (63%)
[67.659s][info][gc,ergo     ] GC(52) Pacer for Evacuation. Used CSet: 945M, Free: 6699M, Non-Taxable: 669M, Alloc Tax Rate: 1.1x
[67.659s][info][gc          ] GC(52) Pause Final Mark (unload classes) 0.462ms
[67.659s][info][gc,start    ] GC(52) Concurrent thread roots
[67.659s][info][gc,task     ] GC(52) Using 1 of 3 workers for Concurrent thread roots
[67.666s][info][gc          ] GC(52) Concurrent thread roots 7.062ms
[67.667s][info][gc,start    ] GC(52) Concurrent weak references
[67.667s][info][gc,task     ] GC(52) Using 1 of 3 workers for concurrent weak references
[67.667s][info][gc,ref      ] GC(52) Encountered references: Soft: 3587, Weak: 17948, Final: 53, Phantom: 598
[67.667s][info][gc,ref      ] GC(52) Discovered  references: Soft: 1315, Weak: 6866, Final: 0, Phantom: 278
[67.667s][info][gc,ref      ] GC(52) Enqueued    references: Soft: 850, Weak: 3400, Final: 0, Phantom: 0
[67.667s][info][gc          ] GC(52) Concurrent weak references 0.795ms
[67.667s][info][gc,start    ] GC(52) Concurrent weak roots
[67.667s][info][gc,task     ] GC(52) Using 1 of 3 workers for concurrent weak root
[67.676s][info][gc          ] GC(52) Concurrent weak roots 8.857ms
[67.676s][info][gc,start    ] GC(52) Concurrent cleanup
[67.676s][info][gc          ] GC(52) Concurrent cleanup 1894M->1351M(8192M) 0.038ms
[67.676s][info][gc,ergo     ] GC(52) Free: 6415M, Max: 4096K regular, 5080M humongous, Frag: 21% external, 0% internal; Reserve: 410M, Max: 4096K
[67.676s][info][gc,start    ] GC(52) Concurrent class unloading
[67.676s][info][gc,task     ] GC(52) Using 1 of 3 workers for concurrent class unloading
[67.724s][info][gc          ] GC(52) Concurrent class unloading 47.372ms
[67.724s][info][gc,start    ] GC(52) Concurrent strong roots
[67.724s][info][gc,task     ] GC(52) Using 1 of 3 workers for concurrent strong root
[67.724s][info][gc          ] GC(52) Concurrent strong roots 0.442ms
[67.724s][info][gc,start    ] GC(52) Concurrent evacuation
[67.724s][info][gc,task     ] GC(52) Using 1 of 3 workers for concurrent evacuation
[67.728s][info][gc          ] GC(52) Concurrent evacuation 3.880ms
[67.728s][info][gc,start    ] GC(52) Pause Init Update Refs
[67.728s][info][gc,ergo     ] GC(52) Pacer for Update Refs. Used: 1585M, Free: 6191M, Non-Taxable: 619M, Alloc Tax Rate: 1.1x
[67.728s][info][gc          ] GC(52) Pause Init Update Refs 0.125ms
[67.728s][info][gc,start    ] GC(52) Concurrent update references
[67.728s][info][gc,task     ] GC(52) Using 1 of 3 workers for concurrent reference update
[67.750s][info][gc          ] GC(52) Concurrent update references 21.689ms
[67.750s][info][gc,start    ] GC(52) Concurrent update thread roots
[67.758s][info][gc          ] GC(52) Concurrent update thread roots 7.904ms
[67.758s][info][gc,start    ] GC(52) Pause Final Update Refs
[67.758s][info][gc,task     ] GC(52) Using 3 of 3 workers for final reference update
[67.758s][info][gc          ] GC(52) Pause Final Update Refs 0.175ms
[67.758s][info][gc,start    ] GC(52) Concurrent cleanup
[67.759s][info][gc          ] GC(52) Concurrent cleanup 1585M->639M(8192M) 0.105ms
[67.759s][info][gc,ergo     ] Free: 7140M, Max: 4096K regular, 5220M humongous, Frag: 27% external, 0% internal; Reserve: 412M, Max: 4096K
[67.759s][info][gc,stats    ] 
[67.759s][info][gc,stats    ] All times are wall-clock times, except per-root-class counters, that are sum over
[67.759s][info][gc,stats    ] all workers. Dividing the <total> over the root stage time estimates parallelism.
[67.759s][info][gc,stats    ] 
[67.759s][info][gc,stats    ] Concurrent Reset                   5702 us
[67.759s][info][gc,stats    ] Pause Init Mark (G)                 512 us
[67.759s][info][gc,stats    ] Pause Init Mark (N)                 216 us
[67.759s][info][gc,stats    ]   Update Region States               71 us
[67.759s][info][gc,stats    ] Concurrent Mark Roots              9808 us, parallelism: 0.97x
[67.759s][info][gc,stats    ]   CMR: <total>                     9483 us
[67.759s][info][gc,stats    ]   CMR: Thread Roots                9165 us, workers (us): 9165, ---, ---, 
[67.759s][info][gc,stats    ]   CMR: VM Strong Roots               35 us, workers (us):  35, ---, ---, 
[67.759s][info][gc,stats    ]   CMR: CLDG Roots                   283 us, workers (us): 283, ---, ---, 
[67.759s][info][gc,stats    ] Concurrent Marking                51411 us
[67.759s][info][gc,stats    ] Pause Final Mark (G)                587 us
[67.759s][info][gc,stats    ] Pause Final Mark (N)                479 us
[67.759s][info][gc,stats    ]   Finish Mark                       106 us
[67.759s][info][gc,stats    ]   Update Region States               88 us
[67.759s][info][gc,stats    ]   Choose Collection Set             143 us
[67.759s][info][gc,stats    ]   Rebuild Free Set                   19 us
[67.759s][info][gc,stats    ] Concurrent Thread Roots            7108 us, parallelism: 0.98x
[67.759s][info][gc,stats    ]   CTR: <total>                     6978 us
[67.759s][info][gc,stats    ]   CTR: Thread Roots                6978 us, workers (us): 6978, ---, ---, 
[67.759s][info][gc,stats    ] Concurrent Weak References          812 us, parallelism: 0.77x
[67.759s][info][gc,stats    ]   CWRF: <total>                     625 us
[67.759s][info][gc,stats    ]   CWRF: Weak References             625 us, workers (us): 625, ---, ---, 
[67.759s][info][gc,stats    ] Concurrent Weak Roots              8903 us
[67.759s][info][gc,stats    ]   Roots                            8627 us, parallelism: 0.99x
[67.759s][info][gc,stats    ]     CWR: <total>                   8572 us
[67.759s][info][gc,stats    ]     CWR: Code Cache Roots          7335 us, workers (us): 7335, ---, ---, 
[67.759s][info][gc,stats    ]     CWR: VM Weak Roots             1128 us, workers (us): 1128, ---, ---, 
[67.759s][info][gc,stats    ]     CWR: CLDG Roots                 108 us, workers (us): 108, ---, ---, 
[67.759s][info][gc,stats    ]   Rendezvous                        195 us
[67.759s][info][gc,stats    ] Concurrent Cleanup                   48 us
[67.759s][info][gc,stats    ] Concurrent Class Unloading        47417 us
[67.759s][info][gc,stats    ]   Unlink Stale                    44821 us
[67.759s][info][gc,stats    ]     System Dictionary              1797 us
[67.759s][info][gc,stats    ]     Weak Class Links              16694 us
[67.759s][info][gc,stats    ]     Code Roots                    26328 us
[67.759s][info][gc,stats    ]   Rendezvous                        285 us
[67.759s][info][gc,stats    ]   Purge Unlinked                   2246 us
[67.759s][info][gc,stats    ]     Code Roots                     1023 us
[67.759s][info][gc,stats    ]     CLDG                           1223 us
[67.759s][info][gc,stats    ]     Exception Caches                  0 us
[67.759s][info][gc,stats    ] Concurrent Strong Roots             460 us, parallelism: 0.72x
[67.759s][info][gc,stats    ]   CSR: <total>                      333 us
[67.759s][info][gc,stats    ]   CSR: VM Strong Roots               14 us, workers (us):  14, ---, ---, 
[67.759s][info][gc,stats    ]   CSR: CLDG Roots                   319 us, workers (us): 319, ---, ---, 
[67.759s][info][gc,stats    ] Concurrent Evacuation              3945 us
[67.759s][info][gc,stats    ] Pause Init Update Refs (G)          286 us
[67.759s][info][gc,stats    ] Pause Init Update Refs (N)          155 us
[67.759s][info][gc,stats    ]   Manage GCLABs                      32 us
[67.759s][info][gc,stats    ] Concurrent Update Refs            21736 us
[67.759s][info][gc,stats    ] Concurrent Update Thread Roots     7953 us
[67.759s][info][gc,stats    ] Pause Final Update Refs (G)         303 us
[67.759s][info][gc,stats    ] Pause Final Update Refs (N)         193 us
[67.759s][info][gc,stats    ]   Update Region States               87 us
[67.759s][info][gc,stats    ]   Trash Collection Set               11 us
[67.759s][info][gc,stats    ]   Rebuild Free Set                   20 us
[67.759s][info][gc,stats    ] Concurrent Cleanup                  128 us
[67.759s][info][gc,stats    ] 
[67.759s][info][gc,stats    ] Allocation pacing accrued:
[67.759s][info][gc,stats    ]       0 of  1195 ms (  0.0%): <total>
[67.759s][info][gc,stats    ]       0 of  1195 ms (  0.0%): <average total>
[67.759s][info][gc,stats    ] 
[67.759s][info][gc,metaspace] Metaspace: 155064K(156288K)->154033K(156160K) NonClass: 137019K(137664K)->136159K(137536K) Class: 18044K(18624K)->17873K(18624K)
[67.759s][info][gc,ergo     ] Pacer for Idle. Initial: 163M, Alloc Tax Rate: 1.0x
[68.145s][info][gc          ] Trigger: Learning 2 of 5. Free (5632M) is below initial threshold (5734M)
[68.145s][info][gc,ergo     ] Free: 5632M, Max: 4096K regular, 5220M humongous, Frag: 8% external, 0% internal; Reserve: 412M, Max: 4096K
[68.145s][info][gc,start    ] GC(53) Concurrent reset
[68.145s][info][gc,task     ] GC(53) Using 1 of 3 workers for concurrent reset
[68.145s][info][gc,ergo     ] GC(53) Pacer for Reset. Non-Taxable: 8192M
[68.159s][info][gc          ] GC(53) Concurrent reset 13.593ms
[68.159s][info][gc,start    ] GC(53) Pause Init Mark (unload classes)
[68.159s][info][gc,task     ] GC(53) Using 3 of 3 workers for init marking
[68.159s][info][gc,ergo     ] GC(53) Pacer for Mark. Expected Live: 141M, Free: 5536M, Non-Taxable: 553M, Alloc Tax Rate: 0.0x
[68.159s][info][gc          ] GC(53) Pause Init Mark (unload classes) 0.120ms
[68.159s][info][gc,start    ] GC(53) Concurrent marking roots
[68.159s][info][gc,task     ] GC(53) Using 1 of 3 workers for concurrent marking roots
[68.169s][info][gc          ] GC(53) Concurrent marking roots 9.714ms
[68.173s][info][gc,start    ] GC(53) Concurrent marking (unload classes)
[68.173s][info][gc,task     ] GC(53) Using 1 of 3 workers for concurrent marking
[68.241s][info][gc          ] GC(53) Concurrent marking (unload classes) 68.280ms
[68.241s][info][gc,start    ] GC(53) Pause Final Mark (unload classes)
[68.241s][info][gc,task     ] GC(53) Using 3 of 3 workers for final marking
[68.242s][info][gc,ergo     ] GC(53) Adaptive CSet Selection. Target Free: 1160M, Actual Free: 6588M, Max CSet: 341M, Min Garbage: 0B
[68.242s][info][gc,ergo     ] GC(53) Collectable Garbage: 2029M (99%), Immediate: 952M (46%), CSet: 1076M (52%)
[68.242s][info][gc,ergo     ] GC(53) Pacer for Evacuation. Used CSet: 1137M, Free: 6213M, Non-Taxable: 621M, Alloc Tax Rate: 1.1x
[68.242s][info][gc          ] GC(53) Pause Final Mark (unload classes) 0.242ms
[68.242s][info][gc,start    ] GC(53) Concurrent thread roots
[68.242s][info][gc,task     ] GC(53) Using 1 of 3 workers for Concurrent thread roots
[68.249s][info][gc          ] GC(53) Concurrent thread roots 7.559ms
[68.249s][info][gc,start    ] GC(53) Concurrent weak references
[68.249s][info][gc,task     ] GC(53) Using 1 of 3 workers for concurrent weak references
[68.250s][info][gc,ref      ] GC(53) Encountered references: Soft: 3713, Weak: 14965, Final: 53, Phantom: 598
[68.250s][info][gc,ref      ] GC(53) Discovered  references: Soft: 0, Weak: 8339, Final: 0, Phantom: 278
[68.250s][info][gc,ref      ] GC(53) Enqueued    references: Soft: 0, Weak: 212, Final: 0, Phantom: 0
[68.250s][info][gc          ] GC(53) Concurrent weak references 1.037ms
[68.250s][info][gc,start    ] GC(53) Concurrent weak roots
[68.250s][info][gc,task     ] GC(53) Using 1 of 3 workers for concurrent weak root
[68.258s][info][gc          ] GC(53) Concurrent weak roots 7.779ms
[68.258s][info][gc,start    ] GC(53) Concurrent cleanup
[68.258s][info][gc          ] GC(53) Concurrent cleanup 2605M->1652M(8192M) 0.038ms
[68.258s][info][gc,ergo     ] GC(53) Free: 6116M, Max: 4096K regular, 5128M humongous, Frag: 17% external, 0% internal; Reserve: 403M, Max: 4096K
[68.258s][info][gc,start    ] GC(53) Concurrent class unloading
[68.258s][info][gc,task     ] GC(53) Using 1 of 3 workers for concurrent class unloading
[68.309s][info][gc          ] GC(53) Concurrent class unloading 50.893ms
[68.309s][info][gc,start    ] GC(53) Concurrent strong roots
[68.309s][info][gc,task     ] GC(53) Using 1 of 3 workers for concurrent strong root
[68.310s][info][gc          ] GC(53) Concurrent strong roots 0.739ms
[68.310s][info][gc,start    ] GC(53) Concurrent evacuation
[68.310s][info][gc,task     ] GC(53) Using 1 of 3 workers for concurrent evacuation
[68.319s][info][gc          ] GC(53) Concurrent evacuation 8.850ms
[68.319s][info][gc,start    ] GC(53) Pause Init Update Refs
[68.319s][info][gc,ergo     ] GC(53) Pacer for Update Refs. Used: 1769M, Free: 6052M, Non-Taxable: 605M, Alloc Tax Rate: 1.1x
[68.319s][info][gc          ] GC(53) Pause Init Update Refs 0.063ms
[68.319s][info][gc,start    ] GC(53) Concurrent update references
[68.319s][info][gc,task     ] GC(53) Using 1 of 3 workers for concurrent reference update
[68.387s][info][gc          ] GC(53) Concurrent update references 67.722ms
[68.387s][info][gc,start    ] GC(53) Concurrent update thread roots
[68.394s][info][gc          ] GC(53) Concurrent update thread roots 6.862ms
[68.394s][info][gc,start    ] GC(53) Pause Final Update Refs
[68.394s][info][gc,task     ] GC(53) Using 3 of 3 workers for final reference update
[68.394s][info][gc          ] GC(53) Pause Final Update Refs 0.173ms
[68.394s][info][gc,start    ] GC(53) Concurrent cleanup
[68.394s][info][gc          ] GC(53) Concurrent cleanup 1812M->675M(8192M) 0.110ms
[68.394s][info][gc,ergo     ] Free: 7064M, Max: 4096K regular, 5060M humongous, Frag: 29% external, 0% internal; Reserve: 412M, Max: 4096K
[68.394s][info][gc,stats    ] 
[68.394s][info][gc,stats    ] All times are wall-clock times, except per-root-class counters, that are sum over
[68.394s][info][gc,stats    ] all workers. Dividing the <total> over the root stage time estimates parallelism.
[68.394s][info][gc,stats    ] 
[68.394s][info][gc,stats    ] Concurrent Reset                  13728 us
[68.394s][info][gc,stats    ] Pause Init Mark (G)                 390 us
[68.394s][info][gc,stats    ] Pause Init Mark (N)                 128 us
[68.394s][info][gc,stats    ]   Update Region States               41 us
[68.394s][info][gc,stats    ] Concurrent Mark Roots             13934 us, parallelism: 0.67x
[68.394s][info][gc,stats    ]   CMR: <total>                     9319 us
[68.395s][info][gc,stats    ]   CMR: Thread Roots                9170 us, workers (us): 9170, ---, ---, 
[68.395s][info][gc,stats    ]   CMR: VM Strong Roots               21 us, workers (us):  21, ---, ---, 
[68.395s][info][gc,stats    ]   CMR: CLDG Roots                   128 us, workers (us): 128, ---, ---, 
[68.395s][info][gc,stats    ] Concurrent Marking                68315 us
[68.395s][info][gc,stats    ] Pause Final Mark (G)                334 us
[68.395s][info][gc,stats    ] Pause Final Mark (N)                258 us
[68.395s][info][gc,stats    ]   Finish Mark                        68 us
[68.395s][info][gc,stats    ]   Update Region States               28 us
[68.395s][info][gc,stats    ]   Choose Collection Set              79 us
[68.395s][info][gc,stats    ]   Rebuild Free Set                    9 us
[68.395s][info][gc,stats    ] Concurrent Thread Roots            7630 us, parallelism: 0.98x
[68.395s][info][gc,stats    ]   CTR: <total>                     7480 us
[68.395s][info][gc,stats    ]   CTR: Thread Roots                7480 us, workers (us): 7480, ---, ---, 
[68.395s][info][gc,stats    ] Concurrent Weak References         1046 us, parallelism: 0.89x
[68.395s][info][gc,stats    ]   CWRF: <total>                     934 us
[68.395s][info][gc,stats    ]   CWRF: Weak References             934 us, workers (us): 934, ---, ---, 
[68.395s][info][gc,stats    ] Concurrent Weak Roots              7815 us
[68.395s][info][gc,stats    ]   Roots                            7592 us, parallelism: 1.00x
[68.395s][info][gc,stats    ]     CWR: <total>                   7555 us
[68.395s][info][gc,stats    ]     CWR: Code Cache Roots          6151 us, workers (us): 6151, ---, ---, 
[68.395s][info][gc,stats    ]     CWR: VM Weak Roots             1287 us, workers (us): 1287, ---, ---, 
[68.395s][info][gc,stats    ]     CWR: CLDG Roots                 117 us, workers (us): 117, ---, ---, 
[68.395s][info][gc,stats    ]   Rendezvous                        166 us
[68.395s][info][gc,stats    ] Concurrent Cleanup                   47 us
[68.395s][info][gc,stats    ] Concurrent Class Unloading        50970 us
[68.395s][info][gc,stats    ]   Unlink Stale                    47937 us
[68.395s][info][gc,stats    ]     System Dictionary               382 us
[68.395s][info][gc,stats    ]     Weak Class Links              16022 us
[68.395s][info][gc,stats    ]     Code Roots                    31531 us
[68.395s][info][gc,stats    ]   Rendezvous                        493 us
[68.395s][info][gc,stats    ]   Purge Unlinked                   2441 us
[68.395s][info][gc,stats    ]     Code Roots                     2336 us
[68.395s][info][gc,stats    ]     CLDG                            104 us
[68.395s][info][gc,stats    ]     Exception Caches                  0 us
[68.395s][info][gc,stats    ] Concurrent Strong Roots             802 us, parallelism: 0.55x
[68.395s][info][gc,stats    ]   CSR: <total>                      441 us
[68.395s][info][gc,stats    ]   CSR: VM Strong Roots                9 us, workers (us):   9, ---, ---, 
[68.395s][info][gc,stats    ]   CSR: CLDG Roots                   431 us, workers (us): 431, ---, ---, 
[68.395s][info][gc,stats    ] Concurrent Evacuation              8898 us
[68.395s][info][gc,stats    ] Pause Init Update Refs (G)          167 us
[68.395s][info][gc,stats    ] Pause Init Update Refs (N)           72 us
[68.395s][info][gc,stats    ]   Manage GCLABs                      18 us
[68.395s][info][gc,stats    ] Concurrent Update Refs            67783 us
[68.395s][info][gc,stats    ] Concurrent Update Thread Roots     6916 us
[68.395s][info][gc,stats    ] Pause Final Update Refs (G)         300 us
[68.395s][info][gc,stats    ] Pause Final Update Refs (N)         184 us
[68.395s][info][gc,stats    ]   Update Region States               77 us
[68.395s][info][gc,stats    ]   Trash Collection Set               11 us
[68.395s][info][gc,stats    ]   Rebuild Free Set                   21 us
[68.395s][info][gc,stats    ] Concurrent Cleanup                  136 us
[68.395s][info][gc,stats    ] 
[68.395s][info][gc,stats    ] Allocation pacing accrued:
[68.395s][info][gc,stats    ]       0 of   636 ms (  0.0%): <total>
[68.395s][info][gc,stats    ]       0 of   636 ms (  0.0%): <average total>
[68.395s][info][gc,stats    ] 
[68.395s][info][gc,metaspace] Metaspace: 154938K(156160K)->154969K(156224K) NonClass: 136919K(137536K)->136946K(137600K) Class: 18018K(18624K)->18023K(18624K)
[68.395s][info][gc,ergo     ] Pacer for Idle. Initial: 163M, Alloc Tax Rate: 1.0x
[69.378s][info][gc          ] Trigger: Explicit GC request (System.gc())
[69.378s][info][gc,ergo     ] Free: 5866M, Max: 4096K regular, 5060M humongous, Frag: 14% external, 0% internal; Reserve: 412M, Max: 4096K
[69.378s][info][gc,start    ] GC(54) Concurrent reset
[69.378s][info][gc,task     ] GC(54) Using 1 of 3 workers for concurrent reset
[69.378s][info][gc,ergo     ] GC(54) Pacer for Reset. Non-Taxable: 8192M
[69.383s][info][gc          ] GC(54) Concurrent reset 4.867ms
[69.383s][info][gc,start    ] GC(54) Pause Init Mark (unload classes)
[69.383s][info][gc,task     ] GC(54) Using 3 of 3 workers for init marking
[69.383s][info][gc,ref      ] GC(54) Clearing All SoftReferences
[69.384s][info][gc,ergo     ] GC(54) Pacer for Mark. Expected Live: 152M, Free: 5866M, Non-Taxable: 586M, Alloc Tax Rate: 0.0x
[69.384s][info][gc          ] GC(54) Pause Init Mark (unload classes) 0.198ms
[69.384s][info][gc,start    ] GC(54) Concurrent marking roots
[69.384s][info][gc,task     ] GC(54) Using 1 of 3 workers for concurrent marking roots
[69.394s][info][gc          ] GC(54) Concurrent marking roots 10.398ms
[69.394s][info][gc,start    ] GC(54) Concurrent marking (unload classes)
[69.394s][info][gc,task     ] GC(54) Using 1 of 3 workers for concurrent marking
[69.446s][info][gc          ] GC(54) Concurrent marking (unload classes) 51.717ms
[69.446s][info][gc,start    ] GC(54) Pause Final Mark (unload classes)
[69.446s][info][gc,task     ] GC(54) Using 3 of 3 workers for final marking
[69.446s][info][gc,ergo     ] GC(54) Adaptive CSet Selection. Target Free: 1160M, Actual Free: 6819M, Max CSet: 341M, Min Garbage: 0B
[69.446s][info][gc,ergo     ] GC(54) Collectable Garbage: 1509M (99%), Immediate: 555M (36%), CSet: 954M (62%)
[69.446s][info][gc,ergo     ] GC(54) Pacer for Evacuation. Used CSet: 965M, Free: 6683M, Non-Taxable: 668M, Alloc Tax Rate: 1.1x
[69.446s][info][gc          ] GC(54) Pause Final Mark (unload classes) 0.471ms
[69.446s][info][gc,start    ] GC(54) Concurrent thread roots
[69.447s][info][gc,task     ] GC(54) Using 1 of 3 workers for Concurrent thread roots
[69.455s][info][gc          ] GC(54) Concurrent thread roots 8.122ms
[69.455s][info][gc,start    ] GC(54) Concurrent weak references
[69.455s][info][gc,task     ] GC(54) Using 1 of 3 workers for concurrent weak references
[69.456s][info][gc,ref      ] GC(54) Encountered references: Soft: 3585, Weak: 17944, Final: 53, Phantom: 598
[69.456s][info][gc,ref      ] GC(54) Discovered  references: Soft: 1313, Weak: 6858, Final: 0, Phantom: 278
[69.456s][info][gc,ref      ] GC(54) Enqueued    references: Soft: 848, Weak: 3397, Final: 0, Phantom: 0
[69.456s][info][gc          ] GC(54) Concurrent weak references 1.075ms
[69.456s][info][gc,start    ] GC(54) Concurrent weak roots
[69.456s][info][gc,task     ] GC(54) Using 1 of 3 workers for concurrent weak root
[69.464s][info][gc          ] GC(54) Concurrent weak roots 7.900ms
[69.464s][info][gc,start    ] GC(54) Concurrent cleanup
[69.464s][info][gc          ] GC(54) Concurrent cleanup 1946M->1391M(8192M) 0.040ms
[69.464s][info][gc,ergo     ] GC(54) Free: 6379M, Max: 4096K regular, 5108M humongous, Frag: 20% external, 0% internal; Reserve: 410M, Max: 4096K
[69.464s][info][gc,start    ] GC(54) Concurrent class unloading
[69.464s][info][gc,task     ] GC(54) Using 1 of 3 workers for concurrent class unloading
[69.511s][info][gc          ] GC(54) Concurrent class unloading 47.231ms
[69.511s][info][gc,start    ] GC(54) Concurrent strong roots
[69.511s][info][gc,task     ] GC(54) Using 1 of 3 workers for concurrent strong root
[69.511s][info][gc          ] GC(54) Concurrent strong roots 0.307ms
[69.511s][info][gc,start    ] GC(54) Concurrent evacuation
[69.511s][info][gc,task     ] GC(54) Using 1 of 3 workers for concurrent evacuation
[69.518s][info][gc          ] GC(54) Concurrent evacuation 6.947ms
[69.518s][info][gc,start    ] GC(54) Pause Init Update Refs
[69.519s][info][gc,ergo     ] GC(54) Pacer for Update Refs. Used: 1617M, Free: 6163M, Non-Taxable: 616M, Alloc Tax Rate: 1.1x
[69.519s][info][gc          ] GC(54) Pause Init Update Refs 0.145ms
[69.519s][info][gc,start    ] GC(54) Concurrent update references
[69.519s][info][gc,task     ] GC(54) Using 1 of 3 workers for concurrent reference update
[69.542s][info][gc          ] GC(54) Concurrent update references 23.144ms
[69.542s][info][gc,start    ] GC(54) Concurrent update thread roots
[69.548s][info][gc          ] GC(54) Concurrent update thread roots 6.580ms
[69.549s][info][gc,start    ] GC(54) Pause Final Update Refs
[69.549s][info][gc,task     ] GC(54) Using 3 of 3 workers for final reference update
[69.549s][info][gc          ] GC(54) Pause Final Update Refs 0.184ms
[69.549s][info][gc,start    ] GC(54) Concurrent cleanup
[69.549s][info][gc          ] GC(54) Concurrent cleanup 1617M->652M(8192M) 0.103ms
[69.549s][info][gc,ergo     ] Free: 7127M, Max: 4096K regular, 5224M humongous, Frag: 27% external, 0% internal; Reserve: 412M, Max: 4096K
[69.549s][info][gc,stats    ] 
[69.549s][info][gc,stats    ] All times are wall-clock times, except per-root-class counters, that are sum over
[69.549s][info][gc,stats    ] all workers. Dividing the <total> over the root stage time estimates parallelism.
[69.549s][info][gc,stats    ] 
[69.549s][info][gc,stats    ] Concurrent Reset                   4922 us
[69.549s][info][gc,stats    ] Pause Init Mark (G)                 389 us
[69.549s][info][gc,stats    ] Pause Init Mark (N)                 206 us
[69.549s][info][gc,stats    ]   Update Region States               90 us
[69.549s][info][gc,stats    ] Concurrent Mark Roots             10446 us, parallelism: 0.97x
[69.549s][info][gc,stats    ]   CMR: <total>                    10098 us
[69.549s][info][gc,stats    ]   CMR: Thread Roots                9938 us, workers (us): 9938, ---, ---, 
[69.549s][info][gc,stats    ]   CMR: VM Strong Roots               20 us, workers (us):  20, ---, ---, 
[69.549s][info][gc,stats    ]   CMR: CLDG Roots                   140 us, workers (us): 140, ---, ---, 
[69.549s][info][gc,stats    ] Concurrent Marking                51783 us
[69.549s][info][gc,stats    ] Pause Final Mark (G)                644 us
[69.549s][info][gc,stats    ] Pause Final Mark (N)                492 us
[69.549s][info][gc,stats    ]   Finish Mark                        96 us
[69.549s][info][gc,stats    ]   Update Region States               60 us
[69.549s][info][gc,stats    ]   Choose Collection Set             158 us
[69.549s][info][gc,stats    ]   Rebuild Free Set                   25 us
[69.549s][info][gc,stats    ] Concurrent Thread Roots            8166 us, parallelism: 0.98x
[69.549s][info][gc,stats    ]   CTR: <total>                     7970 us
[69.549s][info][gc,stats    ]   CTR: Thread Roots                7970 us, workers (us): 7970, ---, ---, 
[69.549s][info][gc,stats    ] Concurrent Weak References         1092 us, parallelism: 0.83x
[69.549s][info][gc,stats    ]   CWRF: <total>                     905 us
[69.549s][info][gc,stats    ]   CWRF: Weak References             905 us, workers (us): 905, ---, ---, 
[69.549s][info][gc,stats    ] Concurrent Weak Roots              7939 us
[69.549s][info][gc,stats    ]   Roots                            7680 us, parallelism: 0.99x
[69.549s][info][gc,stats    ]     CWR: <total>                   7624 us
[69.549s][info][gc,stats    ]     CWR: Code Cache Roots          6846 us, workers (us): 6846, ---, ---, 
[69.549s][info][gc,stats    ]     CWR: VM Weak Roots              684 us, workers (us): 684, ---, ---, 
[69.549s][info][gc,stats    ]     CWR: CLDG Roots                  94 us, workers (us):  94, ---, ---, 
[69.549s][info][gc,stats    ]   Rendezvous                        185 us
[69.549s][info][gc,stats    ] Concurrent Cleanup                   50 us
[69.549s][info][gc,stats    ] Concurrent Class Unloading        47280 us
[69.549s][info][gc,stats    ]   Unlink Stale                    44925 us
[69.549s][info][gc,stats    ]     System Dictionary              1784 us
[69.549s][info][gc,stats    ]     Weak Class Links              16782 us
[69.549s][info][gc,stats    ]     Code Roots                    26357 us
[69.549s][info][gc,stats    ]   Rendezvous                        159 us
[69.549s][info][gc,stats    ]   Purge Unlinked                   2126 us
[69.549s][info][gc,stats    ]     Code Roots                      989 us
[69.549s][info][gc,stats    ]     CLDG                           1137 us
[69.549s][info][gc,stats    ]     Exception Caches                  0 us
[69.549s][info][gc,stats    ] Concurrent Strong Roots             317 us, parallelism: 0.68x
[69.549s][info][gc,stats    ]   CSR: <total>                      217 us
[69.549s][info][gc,stats    ]   CSR: VM Strong Roots                8 us, workers (us):   8, ---, ---, 
[69.549s][info][gc,stats    ]   CSR: CLDG Roots                   208 us, workers (us): 208, ---, ---, 
[69.549s][info][gc,stats    ] Concurrent Evacuation              6975 us
[69.549s][info][gc,stats    ] Pause Init Update Refs (G)          347 us
[69.549s][info][gc,stats    ] Pause Init Update Refs (N)          166 us
[69.549s][info][gc,stats    ]   Manage GCLABs                      44 us
[69.549s][info][gc,stats    ] Concurrent Update Refs            23214 us
[69.549s][info][gc,stats    ] Concurrent Update Thread Roots     6605 us
[69.549s][info][gc,stats    ] Pause Final Update Refs (G)         308 us
[69.549s][info][gc,stats    ] Pause Final Update Refs (N)         203 us
[69.549s][info][gc,stats    ]   Update Region States               89 us
[69.549s][info][gc,stats    ]   Trash Collection Set               11 us
[69.549s][info][gc,stats    ]   Rebuild Free Set                   20 us
[69.549s][info][gc,stats    ] Concurrent Cleanup                  129 us
[69.549s][info][gc,stats    ] 
[69.549s][info][gc,stats    ] Allocation pacing accrued:
[69.549s][info][gc,stats    ]       0 of  1154 ms (  0.0%): <total>
[69.549s][info][gc,stats    ]       0 of  1154 ms (  0.0%): <average total>
[69.549s][info][gc,stats    ] 
[69.549s][info][gc,metaspace] Metaspace: 155162K(156352K)->154129K(156288K) NonClass: 137116K(137728K)->136255K(137664K) Class: 18045K(18624K)->17874K(18624K)
[69.549s][info][gc,ergo     ] Pacer for Idle. Initial: 163M, Alloc Tax Rate: 1.0x
[69.973s][info][gc          ] Trigger: Learning 2 of 5. Free (5679M) is below initial threshold (5734M)
[69.973s][info][gc,ergo     ] Free: 5679M, Max: 4096K regular, 5224M humongous, Frag: 8% external, 0% internal; Reserve: 412M, Max: 4096K
[69.974s][info][gc,start    ] GC(55) Concurrent reset
[69.974s][info][gc,task     ] GC(55) Using 1 of 3 workers for concurrent reset
[69.974s][info][gc,ergo     ] GC(55) Pacer for Reset. Non-Taxable: 8192M
[69.983s][info][gc          ] GC(55) Concurrent reset 9.108ms
[69.983s][info][gc,start    ] GC(55) Pause Init Mark (unload classes)
[69.983s][info][gc,task     ] GC(55) Using 3 of 3 workers for init marking
[69.983s][info][gc,ergo     ] GC(55) Pacer for Mark. Expected Live: 141M, Free: 5635M, Non-Taxable: 563M, Alloc Tax Rate: 0.0x
[69.983s][info][gc          ] GC(55) Pause Init Mark (unload classes) 0.152ms
[69.987s][info][gc,start    ] GC(55) Concurrent marking roots
[69.987s][info][gc,task     ] GC(55) Using 1 of 3 workers for concurrent marking roots
[69.997s][info][gc          ] GC(55) Concurrent marking roots 10.760ms
[69.998s][info][gc,start    ] GC(55) Concurrent marking (unload classes)
[69.998s][info][gc,task     ] GC(55) Using 1 of 3 workers for concurrent marking
[70.081s][info][gc          ] GC(55) Concurrent marking (unload classes) 83.174ms
[70.081s][info][gc,start    ] GC(55) Pause Final Mark (unload classes)
[70.081s][info][gc,task     ] GC(55) Using 3 of 3 workers for final marking
[70.081s][info][gc,ergo     ] GC(55) Adaptive CSet Selection. Target Free: 1160M, Actual Free: 6548M, Max CSet: 341M, Min Garbage: 0B
[70.081s][info][gc,ergo     ] GC(55) Collectable Garbage: 1935M (99%), Immediate: 880M (45%), CSet: 1054M (54%)
[70.081s][info][gc,ergo     ] GC(55) Pacer for Evacuation. Used CSet: 1109M, Free: 6175M, Non-Taxable: 617M, Alloc Tax Rate: 1.1x
[70.081s][info][gc          ] GC(55) Pause Final Mark (unload classes) 0.264ms
[70.081s][info][gc,start    ] GC(55) Concurrent thread roots
[70.081s][info][gc,task     ] GC(55) Using 1 of 3 workers for Concurrent thread roots
[70.090s][info][gc          ] GC(55) Concurrent thread roots 8.737ms
[70.090s][info][gc,start    ] GC(55) Concurrent weak references
[70.090s][info][gc,task     ] GC(55) Using 1 of 3 workers for concurrent weak references
[70.090s][info][gc,ref      ] GC(55) Encountered references: Soft: 3714, Weak: 14974, Final: 53, Phantom: 598
[70.090s][info][gc,ref      ] GC(55) Discovered  references: Soft: 0, Weak: 3288, Final: 0, Phantom: 278
[70.090s][info][gc,ref      ] GC(55) Enqueued    references: Soft: 0, Weak: 220, Final: 0, Phantom: 0
[70.090s][info][gc          ] GC(55) Concurrent weak references 0.285ms
[70.090s][info][gc,start    ] GC(55) Concurrent weak roots
[70.090s][info][gc,task     ] GC(55) Using 1 of 3 workers for concurrent weak root
[70.100s][info][gc          ] GC(55) Concurrent weak roots 9.548ms
[70.100s][info][gc,start    ] GC(55) Concurrent cleanup
[70.100s][info][gc          ] GC(55) Concurrent cleanup 2539M->1659M(8192M) 0.058ms
[70.100s][info][gc,ergo     ] GC(55) Free: 6111M, Max: 4096K regular, 5196M humongous, Frag: 15% external, 0% internal; Reserve: 411M, Max: 4096K
[70.100s][info][gc,start    ] GC(55) Concurrent class unloading
[70.100s][info][gc,task     ] GC(55) Using 1 of 3 workers for concurrent class unloading
[70.161s][info][gc          ] GC(55) Concurrent class unloading 60.944ms
[70.161s][info][gc,start    ] GC(55) Concurrent strong roots
[70.161s][info][gc,task     ] GC(55) Using 1 of 3 workers for concurrent strong root
[70.162s][info][gc          ] GC(55) Concurrent strong roots 0.515ms
[70.162s][info][gc,start    ] GC(55) Concurrent evacuation
[70.162s][info][gc,task     ] GC(55) Using 1 of 3 workers for concurrent evacuation
[70.170s][info][gc          ] GC(55) Concurrent evacuation 8.301ms
[70.170s][info][gc,start    ] GC(55) Pause Init Update Refs
[70.170s][info][gc,ergo     ] GC(55) Pacer for Update Refs. Used: 1800M, Free: 6028M, Non-Taxable: 602M, Alloc Tax Rate: 1.1x
[70.170s][info][gc          ] GC(55) Pause Init Update Refs 0.081ms
[70.170s][info][gc,start    ] GC(55) Concurrent update references
[70.170s][info][gc,task     ] GC(55) Using 1 of 3 workers for concurrent reference update
[70.259s][info][gc          ] GC(55) Concurrent update references 88.602ms
[70.259s][info][gc,start    ] GC(55) Concurrent update thread roots
[70.266s][info][gc          ] GC(55) Concurrent update thread roots 7.327ms
[70.266s][info][gc,start    ] GC(55) Pause Final Update Refs
[70.266s][info][gc,task     ] GC(55) Using 3 of 3 workers for final reference update
[70.266s][info][gc          ] GC(55) Pause Final Update Refs 0.117ms
[70.266s][info][gc,start    ] GC(55) Concurrent cleanup
[70.266s][info][gc          ] GC(55) Concurrent cleanup 1871M->761M(8192M) 0.050ms
[70.267s][info][gc,ergo     ] Free: 6978M, Max: 4096K regular, 5128M humongous, Frag: 27% external, 0% internal; Reserve: 412M, Max: 4096K
[70.267s][info][gc,stats    ] 
[70.267s][info][gc,stats    ] All times are wall-clock times, except per-root-class counters, that are sum over
[70.267s][info][gc,stats    ] all workers. Dividing the <total> over the root stage time estimates parallelism.
[70.267s][info][gc,stats    ] 
[70.267s][info][gc,stats    ] Concurrent Reset                   9242 us
[70.267s][info][gc,stats    ] Pause Init Mark (G)                3923 us
[70.267s][info][gc,stats    ] Pause Init Mark (N)                 162 us
[70.267s][info][gc,stats    ]   Update Region States               40 us
[70.267s][info][gc,stats    ] Concurrent Mark Roots             10883 us, parallelism: 0.94x
[70.267s][info][gc,stats    ]   CMR: <total>                    10260 us
[70.267s][info][gc,stats    ]   CMR: Thread Roots               10096 us, workers (us): 10096, ---, ---, 
[70.267s][info][gc,stats    ]   CMR: VM Strong Roots               34 us, workers (us):  34, ---, ---, 
[70.267s][info][gc,stats    ]   CMR: CLDG Roots                   130 us, workers (us): 130, ---, ---, 
[70.267s][info][gc,stats    ] Concurrent Marking                83236 us
[70.267s][info][gc,stats    ] Pause Final Mark (G)                401 us
[70.267s][info][gc,stats    ] Pause Final Mark (N)                273 us
[70.267s][info][gc,stats    ]   Finish Mark                        73 us
[70.267s][info][gc,stats    ]   Update Region States               37 us
[70.267s][info][gc,stats    ]   Choose Collection Set              81 us
[70.267s][info][gc,stats    ]   Rebuild Free Set                    9 us
[70.267s][info][gc,stats    ] Concurrent Thread Roots            8787 us, parallelism: 0.99x
[70.267s][info][gc,stats    ]   CTR: <total>                     8656 us
[70.267s][info][gc,stats    ]   CTR: Thread Roots                8656 us, workers (us): 8656, ---, ---, 
[70.267s][info][gc,stats    ] Concurrent Weak References          293 us, parallelism: 0.76x
[70.267s][info][gc,stats    ]   CWRF: <total>                     223 us
[70.267s][info][gc,stats    ]   CWRF: Weak References             223 us, workers (us): 223, ---, ---, 
[70.267s][info][gc,stats    ] Concurrent Weak Roots              9645 us
[70.267s][info][gc,stats    ]   Roots                            9169 us, parallelism: 0.99x
[70.267s][info][gc,stats    ]     CWR: <total>                   9106 us
[70.267s][info][gc,stats    ]     CWR: Code Cache Roots          7693 us, workers (us): 7693, ---, ---, 
[70.267s][info][gc,stats    ]     CWR: VM Weak Roots             1273 us, workers (us): 1273, ---, ---, 
[70.267s][info][gc,stats    ]     CWR: CLDG Roots                 140 us, workers (us): 140, ---, ---, 
[70.267s][info][gc,stats    ]   Rendezvous                        359 us
[70.267s][info][gc,stats    ] Concurrent Cleanup                   66 us
[70.267s][info][gc,stats    ] Concurrent Class Unloading        60996 us
[70.267s][info][gc,stats    ]   Unlink Stale                    59312 us
[70.267s][info][gc,stats    ]     System Dictionary               575 us
[70.267s][info][gc,stats    ]     Weak Class Links              31448 us
[70.267s][info][gc,stats    ]     Code Roots                    27286 us
[70.267s][info][gc,stats    ]   Rendezvous                        232 us
[70.267s][info][gc,stats    ]   Purge Unlinked                   1380 us
[70.267s][info][gc,stats    ]     Code Roots                     1312 us
[70.267s][info][gc,stats    ]     CLDG                             68 us
[70.267s][info][gc,stats    ]     Exception Caches                  0 us
[70.267s][info][gc,stats    ] Concurrent Strong Roots             555 us, parallelism: 0.70x
[70.267s][info][gc,stats    ]   CSR: <total>                      391 us
[70.267s][info][gc,stats    ]   CSR: VM Strong Roots                9 us, workers (us):   9, ---, ---, 
[70.267s][info][gc,stats    ]   CSR: CLDG Roots                   382 us, workers (us): 382, ---, ---, 
[70.267s][info][gc,stats    ] Concurrent Evacuation              8362 us
[70.267s][info][gc,stats    ] Pause Init Update Refs (G)          209 us
[70.267s][info][gc,stats    ] Pause Init Update Refs (N)           98 us
[70.267s][info][gc,stats    ]   Manage GCLABs                      19 us
[70.267s][info][gc,stats    ] Concurrent Update Refs            88665 us
[70.267s][info][gc,stats    ] Concurrent Update Thread Roots     7389 us
[70.267s][info][gc,stats    ] Pause Final Update Refs (G)         212 us
[70.267s][info][gc,stats    ] Pause Final Update Refs (N)         128 us
[70.267s][info][gc,stats    ]   Update Region States               43 us
[70.267s][info][gc,stats    ]   Trash Collection Set                5 us
[70.267s][info][gc,stats    ]   Rebuild Free Set                   16 us
[70.267s][info][gc,stats    ] Concurrent Cleanup                   60 us
[70.267s][info][gc,stats    ] 
[70.267s][info][gc,stats    ] Allocation pacing accrued:
[70.267s][info][gc,stats    ]       0 of   717 ms (  0.0%): <total>
[70.267s][info][gc,stats    ]       0 of   717 ms (  0.0%): <average total>
[70.267s][info][gc,stats    ] 
[70.267s][info][gc,metaspace] Metaspace: 155010K(156288K)->155035K(156288K) NonClass: 136989K(137664K)->137010K(137664K) Class: 18021K(18624K)->18024K(18624K)
[70.267s][info][gc,ergo     ] Pacer for Idle. Initial: 163M, Alloc Tax Rate: 1.0x
[71.296s][info][gc          ] Trigger: Explicit GC request (System.gc())
[71.296s][info][gc,ergo     ] Free: 5781M, Max: 4096K regular, 5128M humongous, Frag: 12% external, 0% internal; Reserve: 412M, Max: 4096K
[71.296s][info][gc,start    ] GC(56) Concurrent reset
[71.296s][info][gc,task     ] GC(56) Using 1 of 3 workers for concurrent reset
[71.296s][info][gc,ergo     ] GC(56) Pacer for Reset. Non-Taxable: 8192M
[71.301s][info][gc          ] GC(56) Concurrent reset 4.596ms
[71.301s][info][gc,start    ] GC(56) Pause Init Mark (unload classes)
[71.301s][info][gc,task     ] GC(56) Using 3 of 3 workers for init marking
[71.301s][info][gc,ref      ] GC(56) Clearing All SoftReferences
[71.301s][info][gc,ergo     ] GC(56) Pacer for Mark. Expected Live: 151M, Free: 5781M, Non-Taxable: 578M, Alloc Tax Rate: 0.0x
[71.301s][info][gc          ] GC(56) Pause Init Mark (unload classes) 0.238ms
[71.301s][info][gc,start    ] GC(56) Concurrent marking roots
[71.301s][info][gc,task     ] GC(56) Using 1 of 3 workers for concurrent marking roots
[71.309s][info][gc          ] GC(56) Concurrent marking roots 7.789ms
[71.309s][info][gc,start    ] GC(56) Concurrent marking (unload classes)
[71.309s][info][gc,task     ] GC(56) Using 1 of 3 workers for concurrent marking
[71.362s][info][gc          ] GC(56) Concurrent marking (unload classes) 53.154ms
[71.362s][info][gc,start    ] GC(56) Pause Final Mark (unload classes)
[71.362s][info][gc,task     ] GC(56) Using 3 of 3 workers for final marking
[71.363s][info][gc,ergo     ] GC(56) Adaptive CSet Selection. Target Free: 1160M, Actual Free: 6800M, Max CSet: 341M, Min Garbage: 0B
[71.363s][info][gc,ergo     ] GC(56) Collectable Garbage: 1595M (99%), Immediate: 616M (38%), CSet: 978M (60%)
[71.363s][info][gc,ergo     ] GC(56) Pacer for Evacuation. Used CSet: 984M, Free: 6663M, Non-Taxable: 666M, Alloc Tax Rate: 1.1x
[71.363s][info][gc          ] GC(56) Pause Final Mark (unload classes) 0.471ms
[71.363s][info][gc,start    ] GC(56) Concurrent thread roots
[71.363s][info][gc,task     ] GC(56) Using 1 of 3 workers for Concurrent thread roots
[71.370s][info][gc          ] GC(56) Concurrent thread roots 7.036ms
[71.370s][info][gc,start    ] GC(56) Concurrent weak references
[71.370s][info][gc,task     ] GC(56) Using 1 of 3 workers for concurrent weak references
[71.371s][info][gc,ref      ] GC(56) Encountered references: Soft: 3585, Weak: 17948, Final: 53, Phantom: 598
[71.371s][info][gc,ref      ] GC(56) Discovered  references: Soft: 1313, Weak: 6843, Final: 0, Phantom: 373
[71.371s][info][gc,ref      ] GC(56) Enqueued    references: Soft: 848, Weak: 3400, Final: 0, Phantom: 0
[71.371s][info][gc          ] GC(56) Concurrent weak references 0.968ms
[71.371s][info][gc,start    ] GC(56) Concurrent weak roots
[71.371s][info][gc,task     ] GC(56) Using 1 of 3 workers for concurrent weak root
[71.380s][info][gc          ] GC(56) Concurrent weak roots 8.788ms
[71.380s][info][gc,start    ] GC(56) Concurrent cleanup
[71.380s][info][gc          ] GC(56) Concurrent cleanup 1974M->1357M(8192M) 0.044ms
[71.380s][info][gc,ergo     ] GC(56) Free: 6412M, Max: 4096K regular, 5160M humongous, Frag: 20% external, 0% internal; Reserve: 410M, Max: 4096K
[71.380s][info][gc,start    ] GC(56) Concurrent class unloading
[71.380s][info][gc,task     ] GC(56) Using 1 of 3 workers for concurrent class unloading
[71.428s][info][gc          ] GC(56) Concurrent class unloading 47.988ms
[71.428s][info][gc,start    ] GC(56) Concurrent strong roots
[71.428s][info][gc,task     ] GC(56) Using 1 of 3 workers for concurrent strong root
[71.428s][info][gc          ] GC(56) Concurrent strong roots 0.349ms
[71.428s][info][gc,start    ] GC(56) Concurrent evacuation
[71.428s][info][gc,task     ] GC(56) Using 1 of 3 workers for concurrent evacuation
[71.433s][info][gc          ] GC(56) Concurrent evacuation 4.250ms
[71.433s][info][gc,start    ] GC(56) Pause Init Update Refs
[71.433s][info][gc,ergo     ] GC(56) Pacer for Update Refs. Used: 1635M, Free: 6143M, Non-Taxable: 614M, Alloc Tax Rate: 1.1x
[71.433s][info][gc          ] GC(56) Pause Init Update Refs 0.122ms
[71.433s][info][gc,start    ] GC(56) Concurrent update references
[71.433s][info][gc,task     ] GC(56) Using 1 of 3 workers for concurrent reference update
[71.455s][info][gc          ] GC(56) Concurrent update references 22.015ms
[71.455s][info][gc,start    ] GC(56) Concurrent update thread roots
[71.462s][info][gc          ] GC(56) Concurrent update thread roots 7.555ms
[71.463s][info][gc,start    ] GC(56) Pause Final Update Refs
[71.463s][info][gc,task     ] GC(56) Using 3 of 3 workers for final reference update
[71.463s][info][gc          ] GC(56) Pause Final Update Refs 0.179ms
[71.463s][info][gc,start    ] GC(56) Concurrent cleanup
[71.463s][info][gc          ] GC(56) Concurrent cleanup 1635M->651M(8192M) 0.078ms
[71.463s][info][gc,ergo     ] Free: 7128M, Max: 4096K regular, 5220M humongous, Frag: 27% external, 0% internal; Reserve: 412M, Max: 4096K
[71.463s][info][gc,stats    ] 
[71.463s][info][gc,stats    ] All times are wall-clock times, except per-root-class counters, that are sum over
[71.463s][info][gc,stats    ] all workers. Dividing the <total> over the root stage time estimates parallelism.
[71.463s][info][gc,stats    ] 
[71.463s][info][gc,stats    ] Concurrent Reset                   4651 us
[71.463s][info][gc,stats    ] Pause Init Mark (G)                 478 us
[71.463s][info][gc,stats    ] Pause Init Mark (N)                 255 us
[71.463s][info][gc,stats    ]   Update Region States               90 us
[71.463s][info][gc,stats    ] Concurrent Mark Roots              7855 us, parallelism: 0.95x
[71.463s][info][gc,stats    ]   CMR: <total>                     7456 us
[71.463s][info][gc,stats    ]   CMR: Thread Roots                7267 us, workers (us): 7267, ---, ---, 
[71.463s][info][gc,stats    ]   CMR: VM Strong Roots               26 us, workers (us):  26, ---, ---, 
[71.463s][info][gc,stats    ]   CMR: CLDG Roots                   162 us, workers (us): 162, ---, ---, 
[71.463s][info][gc,stats    ] Concurrent Marking                53221 us
[71.463s][info][gc,stats    ] Pause Final Mark (G)                626 us
[71.463s][info][gc,stats    ] Pause Final Mark (N)                492 us
[71.463s][info][gc,stats    ]   Finish Mark                        96 us
[71.463s][info][gc,stats    ]   Update Region States               59 us
[71.463s][info][gc,stats    ]   Choose Collection Set             160 us
[71.463s][info][gc,stats    ]   Rebuild Free Set                   25 us
[71.463s][info][gc,stats    ] Concurrent Thread Roots            7081 us, parallelism: 0.98x
[71.463s][info][gc,stats    ]   CTR: <total>                     6947 us
[71.463s][info][gc,stats    ]   CTR: Thread Roots                6947 us, workers (us): 6947, ---, ---, 
[71.463s][info][gc,stats    ] Concurrent Weak References          976 us, parallelism: 0.80x
[71.463s][info][gc,stats    ]   CWRF: <total>                     780 us
[71.463s][info][gc,stats    ]   CWRF: Weak References             780 us, workers (us): 780, ---, ---, 
[71.463s][info][gc,stats    ] Concurrent Weak Roots              8830 us
[71.463s][info][gc,stats    ]   Roots                            8570 us, parallelism: 1.00x
[71.463s][info][gc,stats    ]     CWR: <total>                   8531 us
[71.463s][info][gc,stats    ]     CWR: Code Cache Roots          7754 us, workers (us): 7754, ---, ---, 
[71.463s][info][gc,stats    ]     CWR: VM Weak Roots              692 us, workers (us): 692, ---, ---, 
[71.463s][info][gc,stats    ]     CWR: CLDG Roots                  86 us, workers (us):  86, ---, ---, 
[71.464s][info][gc,stats    ]   Rendezvous                        200 us
[71.464s][info][gc,stats    ] Concurrent Cleanup                   54 us
[71.464s][info][gc,stats    ] Concurrent Class Unloading        48039 us
[71.464s][info][gc,stats    ]   Unlink Stale                    45707 us
[71.464s][info][gc,stats    ]     System Dictionary              1792 us
[71.464s][info][gc,stats    ]     Weak Class Links              18050 us
[71.464s][info][gc,stats    ]     Code Roots                    25862 us
[71.464s][info][gc,stats    ]   Rendezvous                        196 us
[71.464s][info][gc,stats    ]   Purge Unlinked                   2064 us
[71.464s][info][gc,stats    ]     Code Roots                     1224 us
[71.464s][info][gc,stats    ]     CLDG                            840 us
[71.464s][info][gc,stats    ]     Exception Caches                  0 us
[71.464s][info][gc,stats    ] Concurrent Strong Roots             377 us, parallelism: 0.60x
[71.464s][info][gc,stats    ]   CSR: <total>                      227 us
[71.464s][info][gc,stats    ]   CSR: VM Strong Roots                9 us, workers (us):   9, ---, ---, 
[71.464s][info][gc,stats    ]   CSR: CLDG Roots                   218 us, workers (us): 218, ---, ---, 
[71.464s][info][gc,stats    ] Concurrent Evacuation              4323 us
[71.464s][info][gc,stats    ] Pause Init Update Refs (G)          277 us
[71.464s][info][gc,stats    ] Pause Init Update Refs (N)          139 us
[71.464s][info][gc,stats    ]   Manage GCLABs                      40 us
[71.464s][info][gc,stats    ] Concurrent Update Refs            22084 us
[71.464s][info][gc,stats    ] Concurrent Update Thread Roots     7604 us
[71.464s][info][gc,stats    ] Pause Final Update Refs (G)         329 us
[71.464s][info][gc,stats    ] Pause Final Update Refs (N)         224 us
[71.464s][info][gc,stats    ]   Update Region States               78 us
[71.464s][info][gc,stats    ]   Trash Collection Set                6 us
[71.464s][info][gc,stats    ]   Rebuild Free Set                   10 us
[71.464s][info][gc,stats    ] Concurrent Cleanup                   98 us
[71.464s][info][gc,stats    ] 
[71.464s][info][gc,stats    ] Allocation pacing accrued:
[71.464s][info][gc,stats    ]       0 of  1197 ms (  0.0%): <total>
[71.464s][info][gc,stats    ]       0 of  1197 ms (  0.0%): <average total>
[71.464s][info][gc,stats    ] 
[71.464s][info][gc,metaspace] Metaspace: 155196K(156416K)->154169K(156288K) NonClass: 137149K(137792K)->136294K(137664K) Class: 18046K(18624K)->17874K(18624K)
[71.464s][info][gc,ergo     ] Pacer for Idle. Initial: 163M, Alloc Tax Rate: 1.0x
[71.834s][info][gc          ] Trigger: Learning 2 of 5. Free (5636M) is below initial threshold (5734M)
[71.834s][info][gc,ergo     ] Free: 5636M, Max: 4096K regular, 5220M humongous, Frag: 8% external, 0% internal; Reserve: 412M, Max: 4096K
[71.834s][info][gc,start    ] GC(57) Concurrent reset
[71.834s][info][gc,task     ] GC(57) Using 1 of 3 workers for concurrent reset
[71.834s][info][gc,ergo     ] GC(57) Pacer for Reset. Non-Taxable: 8192M
[71.850s][info][gc          ] GC(57) Concurrent reset 15.539ms
[71.850s][info][gc,start    ] GC(57) Pause Init Mark (unload classes)
[71.850s][info][gc,task     ] GC(57) Using 3 of 3 workers for init marking
[71.850s][info][gc,ergo     ] GC(57) Pacer for Mark. Expected Live: 140M, Free: 5528M, Non-Taxable: 552M, Alloc Tax Rate: 0.0x
[71.850s][info][gc          ] GC(57) Pause Init Mark (unload classes) 0.118ms
[71.850s][info][gc,start    ] GC(57) Concurrent marking roots
[71.850s][info][gc,task     ] GC(57) Using 1 of 3 workers for concurrent marking roots
[71.860s][info][gc          ] GC(57) Concurrent marking roots 9.539ms
[71.860s][info][gc,start    ] GC(57) Concurrent marking (unload classes)
[71.860s][info][gc,task     ] GC(57) Using 1 of 3 workers for concurrent marking
[71.938s][info][gc          ] GC(57) Concurrent marking (unload classes) 78.135ms
[71.938s][info][gc,start    ] GC(57) Pause Final Mark (unload classes)
[71.938s][info][gc,task     ] GC(57) Using 3 of 3 workers for final marking
[71.938s][info][gc,ergo     ] GC(57) Adaptive CSet Selection. Target Free: 1160M, Actual Free: 6537M, Max CSet: 341M, Min Garbage: 0B
[71.938s][info][gc,ergo     ] GC(57) Collectable Garbage: 2034M (99%), Immediate: 909M (44%), CSet: 1125M (55%)
[71.938s][info][gc,ergo     ] GC(57) Pacer for Evacuation. Used CSet: 1187M, Free: 6160M, Non-Taxable: 616M, Alloc Tax Rate: 1.1x
[71.938s][info][gc          ] GC(57) Pause Final Mark (unload classes) 0.264ms
[71.940s][info][gc,start    ] GC(57) Concurrent thread roots
[71.941s][info][gc,task     ] GC(57) Using 1 of 3 workers for Concurrent thread roots
[71.948s][info][gc          ] GC(57) Concurrent thread roots 7.503ms
[71.948s][info][gc,start    ] GC(57) Concurrent weak references
[71.948s][info][gc,task     ] GC(57) Using 1 of 3 workers for concurrent weak references
[71.949s][info][gc,ref      ] GC(57) Encountered references: Soft: 3713, Weak: 14966, Final: 53, Phantom: 598
[71.949s][info][gc,ref      ] GC(57) Discovered  references: Soft: 0, Weak: 7834, Final: 0, Phantom: 262
[71.949s][info][gc,ref      ] GC(57) Enqueued    references: Soft: 0, Weak: 212, Final: 0, Phantom: 0
[71.949s][info][gc          ] GC(57) Concurrent weak references 0.781ms
[71.949s][info][gc,start    ] GC(57) Concurrent weak roots
[71.949s][info][gc,task     ] GC(57) Using 1 of 3 workers for concurrent weak root
[71.957s][info][gc          ] GC(57) Concurrent weak roots 7.714ms
[71.957s][info][gc,start    ] GC(57) Concurrent cleanup
[71.957s][info][gc          ] GC(57) Concurrent cleanup 2603M->1694M(8192M) 0.037ms
[71.957s][info][gc,ergo     ] GC(57) Free: 6071M, Max: 4096K regular, 5128M humongous, Frag: 16% external, 0% internal; Reserve: 403M, Max: 4096K
[71.957s][info][gc,start    ] GC(57) Concurrent class unloading
[71.957s][info][gc,task     ] GC(57) Using 1 of 3 workers for concurrent class unloading
[72.009s][info][gc          ] GC(57) Concurrent class unloading 51.871ms
[72.009s][info][gc,start    ] GC(57) Concurrent strong roots
[72.009s][info][gc,task     ] GC(57) Using 1 of 3 workers for concurrent strong root
[72.009s][info][gc          ] GC(57) Concurrent strong roots 0.454ms
[72.009s][info][gc,start    ] GC(57) Concurrent evacuation
[72.009s][info][gc,task     ] GC(57) Using 1 of 3 workers for concurrent evacuation
[72.018s][info][gc          ] GC(57) Concurrent evacuation 8.860ms
[72.018s][info][gc,start    ] GC(57) Pause Init Update Refs
[72.018s][info][gc,ergo     ] GC(57) Pacer for Update Refs. Used: 1808M, Free: 6011M, Non-Taxable: 601M, Alloc Tax Rate: 1.1x
[72.018s][info][gc          ] GC(57) Pause Init Update Refs 0.067ms
[72.018s][info][gc,start    ] GC(57) Concurrent update references
[72.018s][info][gc,task     ] GC(57) Using 1 of 3 workers for concurrent reference update
[72.087s][info][gc          ] GC(57) Concurrent update references 68.656ms
[72.087s][info][gc,start    ] GC(57) Concurrent update thread roots
[72.094s][info][gc          ] GC(57) Concurrent update thread roots 7.529ms
[72.094s][info][gc,start    ] GC(57) Pause Final Update Refs
[72.094s][info][gc,task     ] GC(57) Using 3 of 3 workers for final reference update
[72.095s][info][gc          ] GC(57) Pause Final Update Refs 0.145ms
[72.095s][info][gc,start    ] GC(57) Concurrent cleanup
[72.095s][info][gc          ] GC(57) Concurrent cleanup 1876M->689M(8192M) 0.043ms
[72.095s][info][gc,ergo     ] Free: 7046M, Max: 4096K regular, 5060M humongous, Frag: 29% external, 0% internal; Reserve: 412M, Max: 4096K
[72.095s][info][gc,stats    ] 
[72.095s][info][gc,stats    ] All times are wall-clock times, except per-root-class counters, that are sum over
[72.095s][info][gc,stats    ] all workers. Dividing the <total> over the root stage time estimates parallelism.
[72.095s][info][gc,stats    ] 
[72.095s][info][gc,stats    ] Concurrent Reset                  15670 us
[72.095s][info][gc,stats    ] Pause Init Mark (G)                 626 us
[72.095s][info][gc,stats    ] Pause Init Mark (N)                 126 us
[72.095s][info][gc,stats    ]   Update Region States               43 us
[72.095s][info][gc,stats    ] Concurrent Mark Roots              9643 us, parallelism: 0.95x
[72.095s][info][gc,stats    ]   CMR: <total>                     9131 us
[72.095s][info][gc,stats    ]   CMR: Thread Roots                8972 us, workers (us): 8972, ---, ---, 
[72.095s][info][gc,stats    ]   CMR: VM Strong Roots               30 us, workers (us):  30, ---, ---, 
[72.095s][info][gc,stats    ]   CMR: CLDG Roots                   129 us, workers (us): 129, ---, ---, 
[72.095s][info][gc,stats    ] Concurrent Marking                78180 us
[72.095s][info][gc,stats    ] Pause Final Mark (G)               2378 us
[72.095s][info][gc,stats    ] Pause Final Mark (N)                273 us
[72.095s][info][gc,stats    ]   Finish Mark                        66 us
[72.095s][info][gc,stats    ]   Update Region States               34 us
[72.095s][info][gc,stats    ]   Choose Collection Set              98 us
[72.095s][info][gc,stats    ]   Rebuild Free Set                   10 us
[72.095s][info][gc,stats    ] Concurrent Thread Roots            7571 us, parallelism: 0.97x
[72.095s][info][gc,stats    ]   CTR: <total>                     7336 us
[72.095s][info][gc,stats    ]   CTR: Thread Roots                7336 us, workers (us): 7336, ---, ---, 
[72.095s][info][gc,stats    ] Concurrent Weak References          790 us, parallelism: 0.85x
[72.095s][info][gc,stats    ]   CWRF: <total>                     675 us
[72.095s][info][gc,stats    ]   CWRF: Weak References             675 us, workers (us): 675, ---, ---, 
[72.095s][info][gc,stats    ] Concurrent Weak Roots              7750 us
[72.095s][info][gc,stats    ]   Roots                            7506 us, parallelism: 0.99x
[72.095s][info][gc,stats    ]     CWR: <total>                   7459 us
[72.095s][info][gc,stats    ]     CWR: Code Cache Roots          6136 us, workers (us): 6136, ---, ---, 
[72.095s][info][gc,stats    ]     CWR: VM Weak Roots             1192 us, workers (us): 1192, ---, ---, 
[72.095s][info][gc,stats    ]     CWR: CLDG Roots                 131 us, workers (us): 131, ---, ---, 
[72.095s][info][gc,stats    ]   Rendezvous                        188 us
[72.095s][info][gc,stats    ] Concurrent Cleanup                   45 us
[72.095s][info][gc,stats    ] Concurrent Class Unloading        51911 us
[72.095s][info][gc,stats    ]   Unlink Stale                    49897 us
[72.095s][info][gc,stats    ]     System Dictionary               524 us
[72.095s][info][gc,stats    ]     Weak Class Links              16308 us
[72.095s][info][gc,stats    ]     Code Roots                    33062 us
[72.095s][info][gc,stats    ]   Rendezvous                        236 us
[72.095s][info][gc,stats    ]   Purge Unlinked                   1717 us
[72.095s][info][gc,stats    ]     Code Roots                     1616 us
[72.095s][info][gc,stats    ]     CLDG                            101 us
[72.095s][info][gc,stats    ]     Exception Caches                  0 us
[72.095s][info][gc,stats    ] Concurrent Strong Roots             489 us, parallelism: 0.66x
[72.095s][info][gc,stats    ]   CSR: <total>                      321 us
[72.095s][info][gc,stats    ]   CSR: VM Strong Roots                8 us, workers (us):   8, ---, ---, 
[72.095s][info][gc,stats    ]   CSR: CLDG Roots                   313 us, workers (us): 313, ---, ---, 
[72.095s][info][gc,stats    ] Concurrent Evacuation              8895 us
[72.095s][info][gc,stats    ] Pause Init Update Refs (G)          160 us
[72.095s][info][gc,stats    ] Pause Init Update Refs (N)           76 us
[72.095s][info][gc,stats    ]   Manage GCLABs                      23 us
[72.095s][info][gc,stats    ] Concurrent Update Refs            68714 us
[72.095s][info][gc,stats    ] Concurrent Update Thread Roots     7568 us
[72.095s][info][gc,stats    ] Pause Final Update Refs (G)         228 us
[72.095s][info][gc,stats    ] Pause Final Update Refs (N)         156 us
[72.095s][info][gc,stats    ]   Update Region States               62 us
[72.095s][info][gc,stats    ]   Trash Collection Set               11 us
[72.095s][info][gc,stats    ]   Rebuild Free Set                   21 us
[72.095s][info][gc,stats    ] Concurrent Cleanup                   52 us
[72.095s][info][gc,stats    ] 
[72.095s][info][gc,stats    ] Allocation pacing accrued:
[72.095s][info][gc,stats    ]       0 of   631 ms (  0.0%): <total>
[72.095s][info][gc,stats    ]       0 of   631 ms (  0.0%): <average total>
[72.095s][info][gc,stats    ] 
[72.095s][info][gc,metaspace] Metaspace: 155136K(156416K)->155147K(156416K) NonClass: 137112K(137792K)->137123K(137792K) Class: 18024K(18624K)->18024K(18624K)
[72.095s][info][gc,ergo     ] Pacer for Idle. Initial: 163M, Alloc Tax Rate: 1.0x
[73.076s][info][gc          ] Trigger: Explicit GC request (System.gc())
[73.076s][info][gc,ergo     ] Free: 5882M, Max: 4096K regular, 5060M humongous, Frag: 14% external, 0% internal; Reserve: 412M, Max: 4096K
[73.076s][info][gc,start    ] GC(58) Concurrent reset
[73.076s][info][gc,task     ] GC(58) Using 1 of 3 workers for concurrent reset
[73.076s][info][gc,ergo     ] GC(58) Pacer for Reset. Non-Taxable: 8192M
[73.081s][info][gc          ] GC(58) Concurrent reset 5.416ms
[73.082s][info][gc,start    ] GC(58) Pause Init Mark (unload classes)
[73.082s][info][gc,task     ] GC(58) Using 3 of 3 workers for init marking
[73.082s][info][gc,ref      ] GC(58) Clearing All SoftReferences
[73.082s][info][gc,ergo     ] GC(58) Pacer for Mark. Expected Live: 152M, Free: 5882M, Non-Taxable: 588M, Alloc Tax Rate: 0.0x
[73.082s][info][gc          ] GC(58) Pause Init Mark (unload classes) 0.235ms
[73.082s][info][gc,start    ] GC(58) Concurrent marking roots
[73.082s][info][gc,task     ] GC(58) Using 1 of 3 workers for concurrent marking roots
[73.090s][info][gc          ] GC(58) Concurrent marking roots 8.366ms
[73.090s][info][gc,start    ] GC(58) Concurrent marking (unload classes)
[73.090s][info][gc,task     ] GC(58) Using 1 of 3 workers for concurrent marking
[73.143s][info][gc          ] GC(58) Concurrent marking (unload classes) 52.184ms
[73.143s][info][gc,start    ] GC(58) Pause Final Mark (unload classes)
[73.143s][info][gc,task     ] GC(58) Using 3 of 3 workers for final marking
[73.143s][info][gc,ergo     ] GC(58) Adaptive CSet Selection. Target Free: 1160M, Actual Free: 6824M, Max CSet: 341M, Min Garbage: 0B
[73.143s][info][gc,ergo     ] GC(58) Collectable Garbage: 1491M (99%), Immediate: 544M (36%), CSet: 946M (63%)
[73.143s][info][gc,ergo     ] GC(58) Pacer for Evacuation. Used CSet: 951M, Free: 6691M, Non-Taxable: 669M, Alloc Tax Rate: 1.1x
[73.143s][info][gc          ] GC(58) Pause Final Mark (unload classes) 0.520ms
[73.143s][info][gc,start    ] GC(58) Concurrent thread roots
[73.143s][info][gc,task     ] GC(58) Using 1 of 3 workers for Concurrent thread roots
[73.151s][info][gc          ] GC(58) Concurrent thread roots 7.780ms
[73.151s][info][gc,start    ] GC(58) Concurrent weak references
[73.151s][info][gc,task     ] GC(58) Using 1 of 3 workers for concurrent weak references
[73.152s][info][gc,ref      ] GC(58) Encountered references: Soft: 3585, Weak: 17944, Final: 53, Phantom: 598
[73.152s][info][gc,ref      ] GC(58) Discovered  references: Soft: 1313, Weak: 6863, Final: 0, Phantom: 278
[73.152s][info][gc,ref      ] GC(58) Enqueued    references: Soft: 848, Weak: 3397, Final: 0, Phantom: 0
[73.152s][info][gc          ] GC(58) Concurrent weak references 0.802ms
[73.152s][info][gc,start    ] GC(58) Concurrent weak roots
[73.152s][info][gc,task     ] GC(58) Using 1 of 3 workers for concurrent weak root
[73.161s][info][gc          ] GC(58) Concurrent weak roots 9.412ms
[73.161s][info][gc,start    ] GC(58) Concurrent cleanup
[73.161s][info][gc          ] GC(58) Concurrent cleanup 1998M->1453M(8192M) 0.039ms
[73.161s][info][gc,ergo     ] GC(58) Free: 6315M, Max: 4096K regular, 5100M humongous, Frag: 20% external, 0% internal; Reserve: 410M, Max: 4096K
[73.161s][info][gc,start    ] GC(58) Concurrent class unloading
[73.161s][info][gc,task     ] GC(58) Using 1 of 3 workers for concurrent class unloading
[73.209s][info][gc          ] GC(58) Concurrent class unloading 47.195ms
[73.209s][info][gc,start    ] GC(58) Concurrent strong roots
[73.209s][info][gc,task     ] GC(58) Using 1 of 3 workers for concurrent strong root
[73.209s][info][gc          ] GC(58) Concurrent strong roots 0.316ms
[73.209s][info][gc,start    ] GC(58) Concurrent evacuation
[73.209s][info][gc,task     ] GC(58) Using 1 of 3 workers for concurrent evacuation
[73.213s][info][gc          ] GC(58) Concurrent evacuation 4.052ms
[73.213s][info][gc,start    ] GC(58) Pause Init Update Refs
[73.213s][info][gc,ergo     ] GC(58) Pacer for Update Refs. Used: 1598M, Free: 6180M, Non-Taxable: 618M, Alloc Tax Rate: 1.1x
[73.213s][info][gc          ] GC(58) Pause Init Update Refs 0.082ms
[73.213s][info][gc,start    ] GC(58) Concurrent update references
[73.213s][info][gc,task     ] GC(58) Using 1 of 3 workers for concurrent reference update
[73.235s][info][gc          ] GC(58) Concurrent update references 21.849ms
[73.235s][info][gc,start    ] GC(58) Concurrent update thread roots
[73.243s][info][gc          ] GC(58) Concurrent update thread roots 7.761ms
[73.243s][info][gc,start    ] GC(58) Pause Final Update Refs
[73.243s][info][gc,task     ] GC(58) Using 3 of 3 workers for final reference update
[73.243s][info][gc          ] GC(58) Pause Final Update Refs 0.160ms
[73.243s][info][gc,start    ] GC(58) Concurrent cleanup
[73.243s][info][gc          ] GC(58) Concurrent cleanup 1598M->646M(8192M) 0.074ms
[73.243s][info][gc,ergo     ] Free: 7133M, Max: 4096K regular, 5220M humongous, Frag: 27% external, 0% internal; Reserve: 412M, Max: 4096K
[73.243s][info][gc,stats    ] 
[73.243s][info][gc,stats    ] All times are wall-clock times, except per-root-class counters, that are sum over
[73.243s][info][gc,stats    ] all workers. Dividing the <total> over the root stage time estimates parallelism.
[73.243s][info][gc,stats    ] 
[73.243s][info][gc,stats    ] Concurrent Reset                   5468 us
[73.243s][info][gc,stats    ] Pause Init Mark (G)                 423 us
[73.243s][info][gc,stats    ] Pause Init Mark (N)                 243 us
[73.243s][info][gc,stats    ]   Update Region States              124 us
[73.243s][info][gc,stats    ] Concurrent Mark Roots              8425 us, parallelism: 0.96x
[73.243s][info][gc,stats    ]   CMR: <total>                     8055 us
[73.244s][info][gc,stats    ]   CMR: Thread Roots                7881 us, workers (us): 7881, ---, ---, 
[73.244s][info][gc,stats    ]   CMR: VM Strong Roots               23 us, workers (us):  23, ---, ---, 
[73.244s][info][gc,stats    ]   CMR: CLDG Roots                   151 us, workers (us): 151, ---, ---, 
[73.244s][info][gc,stats    ] Concurrent Marking                52253 us
[73.244s][info][gc,stats    ] Pause Final Mark (G)                665 us
[73.244s][info][gc,stats    ] Pause Final Mark (N)                537 us
[73.244s][info][gc,stats    ]   Finish Mark                       132 us
[73.244s][info][gc,stats    ]   Update Region States               77 us
[73.244s][info][gc,stats    ]   Choose Collection Set             166 us
[73.244s][info][gc,stats    ]   Rebuild Free Set                   19 us
[73.244s][info][gc,stats    ] Concurrent Thread Roots            7824 us, parallelism: 0.98x
[73.244s][info][gc,stats    ]   CTR: <total>                     7663 us
[73.244s][info][gc,stats    ]   CTR: Thread Roots                7663 us, workers (us): 7663, ---, ---, 
[73.244s][info][gc,stats    ] Concurrent Weak References          819 us, parallelism: 0.76x
[73.244s][info][gc,stats    ]   CWRF: <total>                     620 us
[73.244s][info][gc,stats    ]   CWRF: Weak References             620 us, workers (us): 620, ---, ---, 
[73.244s][info][gc,stats    ] Concurrent Weak Roots              9455 us
[73.244s][info][gc,stats    ]   Roots                            9207 us, parallelism: 1.00x
[73.244s][info][gc,stats    ]     CWR: <total>                   9168 us
[73.244s][info][gc,stats    ]     CWR: Code Cache Roots          7769 us, workers (us): 7769, ---, ---, 
[73.244s][info][gc,stats    ]     CWR: VM Weak Roots             1282 us, workers (us): 1282, ---, ---, 
[73.244s][info][gc,stats    ]     CWR: CLDG Roots                 117 us, workers (us): 117, ---, ---, 
[73.244s][info][gc,stats    ]   Rendezvous                        169 us
[73.244s][info][gc,stats    ] Concurrent Cleanup                   48 us
[73.244s][info][gc,stats    ] Concurrent Class Unloading        47242 us
[73.244s][info][gc,stats    ]   Unlink Stale                    44545 us
[73.244s][info][gc,stats    ]     System Dictionary              1852 us
[73.244s][info][gc,stats    ]     Weak Class Links              17263 us
[73.244s][info][gc,stats    ]     Code Roots                    25427 us
[73.244s][info][gc,stats    ]   Rendezvous                        294 us
[73.244s][info][gc,stats    ]   Purge Unlinked                   2328 us
[73.244s][info][gc,stats    ]     Code Roots                     1317 us
[73.244s][info][gc,stats    ]     CLDG                           1011 us
[73.244s][info][gc,stats    ]     Exception Caches                  0 us
[73.244s][info][gc,stats    ] Concurrent Strong Roots             334 us, parallelism: 0.67x
[73.244s][info][gc,stats    ]   CSR: <total>                      225 us
[73.244s][info][gc,stats    ]   CSR: VM Strong Roots                9 us, workers (us):   9, ---, ---, 
[73.244s][info][gc,stats    ]   CSR: CLDG Roots                   216 us, workers (us): 216, ---, ---, 
[73.244s][info][gc,stats    ] Concurrent Evacuation              4079 us
[73.244s][info][gc,stats    ] Pause Init Update Refs (G)          146 us
[73.244s][info][gc,stats    ] Pause Init Update Refs (N)           90 us
[73.244s][info][gc,stats    ]   Manage GCLABs                      27 us
[73.244s][info][gc,stats    ] Concurrent Update Refs            21912 us
[73.244s][info][gc,stats    ] Concurrent Update Thread Roots     7786 us
[73.244s][info][gc,stats    ] Pause Final Update Refs (G)         237 us
[73.244s][info][gc,stats    ] Pause Final Update Refs (N)         178 us
[73.244s][info][gc,stats    ]   Update Region States               88 us
[73.244s][info][gc,stats    ]   Trash Collection Set               11 us
[73.244s][info][gc,stats    ]   Rebuild Free Set                   21 us
[73.244s][info][gc,stats    ] Concurrent Cleanup                   97 us
[73.244s][info][gc,stats    ] 
[73.244s][info][gc,stats    ] Allocation pacing accrued:
[73.244s][info][gc,stats    ]       0 of  1149 ms (  0.0%): <total>
[73.244s][info][gc,stats    ]       0 of  1149 ms (  0.0%): <average total>
[73.244s][info][gc,stats    ] 
[73.244s][info][gc,metaspace] Metaspace: 155356K(156544K)->154322K(156416K) NonClass: 137310K(137920K)->136447K(137792K) Class: 18046K(18624K)->17874K(18624K)
[73.244s][info][gc,ergo     ] Pacer for Idle. Initial: 163M, Alloc Tax Rate: 1.0x
[73.620s][info][gc          ] Trigger: Learning 2 of 5. Free (5696M) is below initial threshold (5734M)
[73.620s][info][gc,ergo     ] Free: 5695M, Max: 4096K regular, 5220M humongous, Frag: 9% external, 0% internal; Reserve: 412M, Max: 4096K
[73.620s][info][gc,start    ] GC(59) Concurrent reset
[73.620s][info][gc,task     ] GC(59) Using 1 of 3 workers for concurrent reset
[73.620s][info][gc,ergo     ] GC(59) Pacer for Reset. Non-Taxable: 8192M
[73.634s][info][gc          ] GC(59) Concurrent reset 14.518ms
[73.635s][info][gc,start    ] GC(59) Pause Init Mark (unload classes)
[73.635s][info][gc,task     ] GC(59) Using 3 of 3 workers for init marking
[73.635s][info][gc,ergo     ] GC(59) Pacer for Mark. Expected Live: 141M, Free: 5588M, Non-Taxable: 558M, Alloc Tax Rate: 0.0x
[73.635s][info][gc          ] GC(59) Pause Init Mark (unload classes) 0.144ms
[73.635s][info][gc,start    ] GC(59) Concurrent marking roots
[73.635s][info][gc,task     ] GC(59) Using 1 of 3 workers for concurrent marking roots
[73.645s][info][gc          ] GC(59) Concurrent marking roots 9.709ms
[73.645s][info][gc,start    ] GC(59) Concurrent marking (unload classes)
[73.645s][info][gc,task     ] GC(59) Using 1 of 3 workers for concurrent marking
[73.715s][info][gc          ] GC(59) Concurrent marking (unload classes) 69.699ms
[73.715s][info][gc,start    ] GC(59) Pause Final Mark (unload classes)
[73.715s][info][gc,task     ] GC(59) Using 3 of 3 workers for final marking
[73.715s][info][gc,ergo     ] GC(59) Adaptive CSet Selection. Target Free: 1160M, Actual Free: 6589M, Max CSet: 341M, Min Garbage: 0B
[73.715s][info][gc,ergo     ] GC(59) Collectable Garbage: 1980M (99%), Immediate: 937M (47%), CSet: 1042M (52%)
[73.715s][info][gc,ergo     ] GC(59) Pacer for Evacuation. Used CSet: 1102M, Free: 6213M, Non-Taxable: 621M, Alloc Tax Rate: 1.1x
[73.715s][info][gc          ] GC(59) Pause Final Mark (unload classes) 0.337ms
[73.715s][info][gc,start    ] GC(59) Concurrent thread roots
[73.715s][info][gc,task     ] GC(59) Using 1 of 3 workers for Concurrent thread roots
[73.723s][info][gc          ] GC(59) Concurrent thread roots 7.457ms
[73.723s][info][gc,start    ] GC(59) Concurrent weak references
[73.723s][info][gc,task     ] GC(59) Using 1 of 3 workers for concurrent weak references
[73.723s][info][gc,ref      ] GC(59) Encountered references: Soft: 3712, Weak: 14970, Final: 53, Phantom: 598
[73.723s][info][gc,ref      ] GC(59) Discovered  references: Soft: 0, Weak: 3409, Final: 0, Phantom: 278
[73.723s][info][gc,ref      ] GC(59) Enqueued    references: Soft: 0, Weak: 217, Final: 0, Phantom: 0
[73.723s][info][gc          ] GC(59) Concurrent weak references 0.372ms
[73.723s][info][gc,start    ] GC(59) Concurrent weak roots
[73.723s][info][gc,task     ] GC(59) Using 1 of 3 workers for concurrent weak root
[73.737s][info][gc          ] GC(59) Concurrent weak roots 13.886ms
[73.737s][info][gc,start    ] GC(59) Concurrent cleanup
[73.737s][info][gc          ] GC(59) Concurrent cleanup 2627M->1690M(8192M) 0.076ms
[73.737s][info][gc,ergo     ] GC(59) Free: 6120M, Max: 4096K regular, 5148M humongous, Frag: 16% external, 0% internal; Reserve: 363M, Max: 4096K
[73.737s][info][gc,start    ] GC(59) Concurrent class unloading
[73.737s][info][gc,task     ] GC(59) Using 1 of 3 workers for concurrent class unloading
[73.784s][info][gc          ] GC(59) Concurrent class unloading 47.008ms
[73.784s][info][gc,start    ] GC(59) Concurrent strong roots
[73.784s][info][gc,task     ] GC(59) Using 1 of 3 workers for concurrent strong root
[73.785s][info][gc          ] GC(59) Concurrent strong roots 0.438ms
[73.785s][info][gc,start    ] GC(59) Concurrent evacuation
[73.785s][info][gc,task     ] GC(59) Using 1 of 3 workers for concurrent evacuation
[73.795s][info][gc          ] GC(59) Concurrent evacuation 10.223ms
[73.795s][info][gc,start    ] GC(59) Pause Init Update Refs
[73.795s][info][gc,ergo     ] GC(59) Pacer for Update Refs. Used: 1765M, Free: 6060M, Non-Taxable: 606M, Alloc Tax Rate: 1.1x
[73.795s][info][gc          ] GC(59) Pause Init Update Refs 0.069ms
[73.797s][info][gc,start    ] GC(59) Concurrent update references
[73.797s][info][gc,task     ] GC(59) Using 1 of 3 workers for concurrent reference update
[73.876s][info][gc          ] GC(59) Concurrent update references 79.538ms
[73.876s][info][gc,start    ] GC(59) Concurrent update thread roots
[73.883s][info][gc          ] GC(59) Concurrent update thread roots 6.833ms
[73.883s][info][gc,start    ] GC(59) Pause Final Update Refs
[73.883s][info][gc,task     ] GC(59) Using 3 of 3 workers for final reference update
[73.884s][info][gc          ] GC(59) Pause Final Update Refs 0.166ms
[73.884s][info][gc,start    ] GC(59) Concurrent cleanup
[73.884s][info][gc          ] GC(59) Concurrent cleanup 1833M->730M(8192M) 0.105ms
[73.884s][info][gc,ergo     ] Free: 7009M, Max: 4096K regular, 5084M humongous, Frag: 28% external, 0% internal; Reserve: 412M, Max: 4096K
[73.884s][info][gc,stats    ] 
[73.884s][info][gc,stats    ] All times are wall-clock times, except per-root-class counters, that are sum over
[73.884s][info][gc,stats    ] all workers. Dividing the <total> over the root stage time estimates parallelism.
[73.884s][info][gc,stats    ] 
[73.884s][info][gc,stats    ] Concurrent Reset                  14676 us
[73.884s][info][gc,stats    ] Pause Init Mark (G)                 537 us
[73.884s][info][gc,stats    ] Pause Init Mark (N)                 153 us
[73.884s][info][gc,stats    ]   Update Region States               50 us
[73.884s][info][gc,stats    ] Concurrent Mark Roots              9898 us, parallelism: 0.94x
[73.884s][info][gc,stats    ]   CMR: <total>                     9295 us
[73.884s][info][gc,stats    ]   CMR: Thread Roots                9128 us, workers (us): 9128, ---, ---, 
[73.884s][info][gc,stats    ]   CMR: VM Strong Roots               25 us, workers (us):  25, ---, ---, 
[73.884s][info][gc,stats    ]   CMR: CLDG Roots                   142 us, workers (us): 142, ---, ---, 
[73.884s][info][gc,stats    ] Concurrent Marking                69745 us
[73.884s][info][gc,stats    ] Pause Final Mark (G)                439 us
[73.884s][info][gc,stats    ] Pause Final Mark (N)                353 us
[73.884s][info][gc,stats    ]   Finish Mark                        61 us
[73.884s][info][gc,stats    ]   Update Region States               34 us
[73.884s][info][gc,stats    ]   Choose Collection Set             121 us
[73.884s][info][gc,stats    ]   Rebuild Free Set                   19 us
[73.884s][info][gc,stats    ] Concurrent Thread Roots            7495 us, parallelism: 0.99x
[73.884s][info][gc,stats    ]   CTR: <total>                     7398 us
[73.884s][info][gc,stats    ]   CTR: Thread Roots                7398 us, workers (us): 7398, ---, ---, 
[73.884s][info][gc,stats    ] Concurrent Weak References          388 us, parallelism: 0.67x
[73.884s][info][gc,stats    ]   CWRF: <total>                     259 us
[73.884s][info][gc,stats    ]   CWRF: Weak References             259 us, workers (us): 259, ---, ---, 
[73.884s][info][gc,stats    ] Concurrent Weak Roots             13979 us
[73.884s][info][gc,stats    ]   Roots                            9083 us, parallelism: 0.99x
[73.884s][info][gc,stats    ]     CWR: <total>                   9009 us
[73.884s][info][gc,stats    ]     CWR: Code Cache Roots          7212 us, workers (us): 7212, ---, ---, 
[73.884s][info][gc,stats    ]     CWR: VM Weak Roots             1679 us, workers (us): 1679, ---, ---, 
[73.884s][info][gc,stats    ]     CWR: CLDG Roots                 118 us, workers (us): 118, ---, ---, 
[73.885s][info][gc,stats    ]   Rendezvous                       4762 us
[73.885s][info][gc,stats    ] Concurrent Cleanup                   86 us
[73.885s][info][gc,stats    ] Concurrent Class Unloading        47068 us
[73.885s][info][gc,stats    ]   Unlink Stale                    45446 us
[73.885s][info][gc,stats    ]     System Dictionary               939 us
[73.885s][info][gc,stats    ]     Weak Class Links              19000 us
[73.885s][info][gc,stats    ]     Code Roots                    25503 us
[73.885s][info][gc,stats    ]   Rendezvous                        234 us
[73.885s][info][gc,stats    ]   Purge Unlinked                   1302 us
[73.885s][info][gc,stats    ]     Code Roots                     1211 us
[73.885s][info][gc,stats    ]     CLDG                             91 us
[73.885s][info][gc,stats    ]     Exception Caches                  0 us
[73.885s][info][gc,stats    ] Concurrent Strong Roots             457 us, parallelism: 0.64x
[73.885s][info][gc,stats    ]   CSR: <total>                      295 us
[73.885s][info][gc,stats    ]   CSR: VM Strong Roots                8 us, workers (us):   8, ---, ---, 
[73.885s][info][gc,stats    ]   CSR: CLDG Roots                   287 us, workers (us): 287, ---, ---, 
[73.885s][info][gc,stats    ] Concurrent Evacuation             10337 us
[73.885s][info][gc,stats    ] Pause Init Update Refs (G)         1853 us
[73.885s][info][gc,stats    ] Pause Init Update Refs (N)           78 us
[73.885s][info][gc,stats    ]   Manage GCLABs                      15 us
[73.885s][info][gc,stats    ] Concurrent Update Refs            79606 us
[73.885s][info][gc,stats    ] Concurrent Update Thread Roots     6892 us
[73.885s][info][gc,stats    ] Pause Final Update Refs (G)         328 us
[73.885s][info][gc,stats    ] Pause Final Update Refs (N)         177 us
[73.885s][info][gc,stats    ]   Update Region States               66 us
[73.885s][info][gc,stats    ]   Trash Collection Set               12 us
[73.885s][info][gc,stats    ]   Rebuild Free Set                   23 us
[73.885s][info][gc,stats    ] Concurrent Cleanup                  132 us
[73.885s][info][gc,stats    ] 
[73.885s][info][gc,stats    ] Allocation pacing accrued:
[73.885s][info][gc,stats    ]       0 of   641 ms (  0.0%): <total>
[73.885s][info][gc,stats    ]       0 of   641 ms (  0.0%): <average total>
[73.885s][info][gc,stats    ] 
[73.885s][info][gc,metaspace] Metaspace: 155180K(156416K)->155204K(156416K) NonClass: 137159K(137792K)->137181K(137792K) Class: 18020K(18624K)->18023K(18624K)
[73.885s][info][gc,ergo     ] Pacer for Idle. Initial: 163M, Alloc Tax Rate: 1.0x
[74.862s][info][gc          ] Trigger: Explicit GC request (System.gc())
[74.862s][info][gc,ergo     ] Free: 5805M, Max: 4096K regular, 5084M humongous, Frag: 13% external, 0% internal; Reserve: 412M, Max: 4096K
[74.862s][info][gc,start    ] GC(60) Concurrent reset
[74.862s][info][gc,task     ] GC(60) Using 1 of 3 workers for concurrent reset
[74.862s][info][gc,ergo     ] GC(60) Pacer for Reset. Non-Taxable: 8192M
[74.867s][info][gc          ] GC(60) Concurrent reset 4.884ms
[74.867s][info][gc,start    ] GC(60) Pause Init Mark (unload classes)
[74.867s][info][gc,task     ] GC(60) Using 3 of 3 workers for init marking
[74.867s][info][gc,ref      ] GC(60) Clearing All SoftReferences
[74.867s][info][gc,ergo     ] GC(60) Pacer for Mark. Expected Live: 151M, Free: 5805M, Non-Taxable: 580M, Alloc Tax Rate: 0.0x
[74.867s][info][gc          ] GC(60) Pause Init Mark (unload classes) 0.187ms
[74.867s][info][gc,start    ] GC(60) Concurrent marking roots
[74.867s][info][gc,task     ] GC(60) Using 1 of 3 workers for concurrent marking roots
[74.875s][info][gc          ] GC(60) Concurrent marking roots 7.404ms
[74.875s][info][gc,start    ] GC(60) Concurrent marking (unload classes)
[74.875s][info][gc,task     ] GC(60) Using 1 of 3 workers for concurrent marking
[74.928s][info][gc          ] GC(60) Concurrent marking (unload classes) 53.461ms
[74.929s][info][gc,start    ] GC(60) Pause Final Mark (unload classes)
[74.929s][info][gc,task     ] GC(60) Using 3 of 3 workers for final marking
[74.929s][info][gc,ergo     ] GC(60) Adaptive CSet Selection. Target Free: 1160M, Actual Free: 6781M, Max CSet: 341M, Min Garbage: 0B
[74.929s][info][gc,ergo     ] GC(60) Collectable Garbage: 1572M (99%), Immediate: 573M (36%), CSet: 998M (63%)
[74.929s][info][gc,ergo     ] GC(60) Pacer for Evacuation. Used CSet: 1004M, Free: 6639M, Non-Taxable: 663M, Alloc Tax Rate: 1.1x
[74.929s][info][gc          ] GC(60) Pause Final Mark (unload classes) 0.475ms
[74.929s][info][gc,start    ] GC(60) Concurrent thread roots
[74.929s][info][gc,task     ] GC(60) Using 1 of 3 workers for Concurrent thread roots
[74.937s][info][gc          ] GC(60) Concurrent thread roots 7.661ms
[74.937s][info][gc,start    ] GC(60) Concurrent weak references
[74.937s][info][gc,task     ] GC(60) Using 1 of 3 workers for concurrent weak references
[74.938s][info][gc,ref      ] GC(60) Encountered references: Soft: 3587, Weak: 17949, Final: 53, Phantom: 598
[74.938s][info][gc,ref      ] GC(60) Discovered  references: Soft: 1315, Weak: 6844, Final: 0, Phantom: 373
[74.938s][info][gc,ref      ] GC(60) Enqueued    references: Soft: 850, Weak: 3401, Final: 0, Phantom: 0
[74.938s][info][gc          ] GC(60) Concurrent weak references 0.955ms
[74.938s][info][gc,start    ] GC(60) Concurrent weak roots
[74.938s][info][gc,task     ] GC(60) Using 1 of 3 workers for concurrent weak root
[74.947s][info][gc          ] GC(60) Concurrent weak roots 8.822ms
[74.947s][info][gc,start    ] GC(60) Concurrent cleanup
[74.947s][info][gc          ] GC(60) Concurrent cleanup 1991M->1418M(8192M) 0.042ms
[74.947s][info][gc,ergo     ] GC(60) Free: 6351M, Max: 4096K regular, 5124M humongous, Frag: 20% external, 0% internal; Reserve: 410M, Max: 4096K
[74.947s][info][gc,start    ] GC(60) Concurrent class unloading
[74.947s][info][gc,task     ] GC(60) Using 1 of 3 workers for concurrent class unloading
[74.998s][info][gc          ] GC(60) Concurrent class unloading 51.138ms
[74.998s][info][gc,start    ] GC(60) Concurrent strong roots
[74.998s][info][gc,task     ] GC(60) Using 1 of 3 workers for concurrent strong root
[74.998s][info][gc          ] GC(60) Concurrent strong roots 0.336ms
[74.998s][info][gc,start    ] GC(60) Concurrent evacuation
[74.998s][info][gc,task     ] GC(60) Using 1 of 3 workers for concurrent evacuation
[75.003s][info][gc          ] GC(60) Concurrent evacuation 4.336ms
[75.003s][info][gc,start    ] GC(60) Pause Init Update Refs
[75.003s][info][gc,ergo     ] GC(60) Pacer for Update Refs. Used: 1644M, Free: 6131M, Non-Taxable: 613M, Alloc Tax Rate: 1.1x
[75.003s][info][gc          ] GC(60) Pause Init Update Refs 0.134ms
[75.003s][info][gc,start    ] GC(60) Concurrent update references
[75.003s][info][gc,task     ] GC(60) Using 1 of 3 workers for concurrent reference update
[75.025s][info][gc          ] GC(60) Concurrent update references 21.767ms
[75.025s][info][gc,start    ] GC(60) Concurrent update thread roots
[75.032s][info][gc          ] GC(60) Concurrent update thread roots 7.625ms
[75.033s][info][gc,start    ] GC(60) Pause Final Update Refs
[75.033s][info][gc,task     ] GC(60) Using 3 of 3 workers for final reference update
[75.033s][info][gc          ] GC(60) Pause Final Update Refs 0.136ms
[75.033s][info][gc,start    ] GC(60) Concurrent cleanup
[75.033s][info][gc          ] GC(60) Concurrent cleanup 1644M->639M(8192M) 0.102ms
[75.033s][info][gc,ergo     ] Free: 7140M, Max: 4096K regular, 5220M humongous, Frag: 27% external, 0% internal; Reserve: 412M, Max: 4096K
[75.033s][info][gc,stats    ] 
[75.033s][info][gc,stats    ] All times are wall-clock times, except per-root-class counters, that are sum over
[75.033s][info][gc,stats    ] all workers. Dividing the <total> over the root stage time estimates parallelism.
[75.033s][info][gc,stats    ] 
[75.033s][info][gc,stats    ] Concurrent Reset                   4940 us
[75.033s][info][gc,stats    ] Pause Init Mark (G)                 355 us
[75.033s][info][gc,stats    ] Pause Init Mark (N)                 204 us
[75.033s][info][gc,stats    ]   Update Region States               58 us
[75.033s][info][gc,stats    ] Concurrent Mark Roots              7459 us, parallelism: 0.96x
[75.033s][info][gc,stats    ]   CMR: <total>                     7151 us
[75.033s][info][gc,stats    ]   CMR: Thread Roots                6990 us, workers (us): 6990, ---, ---, 
[75.033s][info][gc,stats    ]   CMR: VM Strong Roots               20 us, workers (us):  20, ---, ---, 
[75.033s][info][gc,stats    ]   CMR: CLDG Roots                   142 us, workers (us): 142, ---, ---, 
[75.033s][info][gc,stats    ] Concurrent Marking                53527 us
[75.033s][info][gc,stats    ] Pause Final Mark (G)                647 us
[75.033s][info][gc,stats    ] Pause Final Mark (N)                496 us
[75.033s][info][gc,stats    ]   Finish Mark                        99 us
[75.033s][info][gc,stats    ]   Update Region States               55 us
[75.033s][info][gc,stats    ]   Choose Collection Set             161 us
[75.033s][info][gc,stats    ]   Rebuild Free Set                   25 us
[75.033s][info][gc,stats    ] Concurrent Thread Roots            7709 us, parallelism: 0.98x
[75.033s][info][gc,stats    ]   CTR: <total>                     7526 us
[75.033s][info][gc,stats    ]   CTR: Thread Roots                7526 us, workers (us): 7526, ---, ---, 
[75.033s][info][gc,stats    ] Concurrent Weak References          963 us, parallelism: 0.84x
[75.033s][info][gc,stats    ]   CWRF: <total>                     812 us
[75.033s][info][gc,stats    ]   CWRF: Weak References             812 us, workers (us): 812, ---, ---, 
[75.033s][info][gc,stats    ] Concurrent Weak Roots              8864 us
[75.033s][info][gc,stats    ]   Roots                            8624 us, parallelism: 0.99x
[75.033s][info][gc,stats    ]     CWR: <total>                   8565 us
[75.034s][info][gc,stats    ]     CWR: Code Cache Roots          7796 us, workers (us): 7796, ---, ---, 
[75.034s][info][gc,stats    ]     CWR: VM Weak Roots              684 us, workers (us): 684, ---, ---, 
[75.034s][info][gc,stats    ]     CWR: CLDG Roots                  85 us, workers (us):  85, ---, ---, 
[75.034s][info][gc,stats    ]   Rendezvous                        180 us
[75.034s][info][gc,stats    ] Concurrent Cleanup                   54 us
[75.034s][info][gc,stats    ] Concurrent Class Unloading        51189 us
[75.034s][info][gc,stats    ]   Unlink Stale                    48421 us
[75.034s][info][gc,stats    ]     System Dictionary              1885 us
[75.034s][info][gc,stats    ]     Weak Class Links              17077 us
[75.034s][info][gc,stats    ]     Code Roots                    29457 us
[75.034s][info][gc,stats    ]   Rendezvous                        296 us
[75.034s][info][gc,stats    ]   Purge Unlinked                   2402 us
[75.034s][info][gc,stats    ]     Code Roots                     1341 us
[75.034s][info][gc,stats    ]     CLDG                           1060 us
[75.034s][info][gc,stats    ]     Exception Caches                  0 us
[75.034s][info][gc,stats    ] Concurrent Strong Roots             354 us, parallelism: 0.64x
[75.034s][info][gc,stats    ]   CSR: <total>                      226 us
[75.034s][info][gc,stats    ]   CSR: VM Strong Roots                9 us, workers (us):   9, ---, ---, 
[75.034s][info][gc,stats    ]   CSR: CLDG Roots                   217 us, workers (us): 217, ---, ---, 
[75.034s][info][gc,stats    ] Concurrent Evacuation              4405 us
[75.034s][info][gc,stats    ] Pause Init Update Refs (G)          328 us
[75.034s][info][gc,stats    ] Pause Init Update Refs (N)          155 us
[75.034s][info][gc,stats    ]   Manage GCLABs                      34 us
[75.034s][info][gc,stats    ] Concurrent Update Refs            21834 us
[75.034s][info][gc,stats    ] Concurrent Update Thread Roots     7674 us
[75.034s][info][gc,stats    ] Pause Final Update Refs (G)         228 us
[75.034s][info][gc,stats    ] Pause Final Update Refs (N)         147 us
[75.034s][info][gc,stats    ]   Update Region States               57 us
[75.034s][info][gc,stats    ]   Trash Collection Set               11 us
[75.034s][info][gc,stats    ]   Rebuild Free Set                   20 us
[75.034s][info][gc,stats    ] Concurrent Cleanup                  129 us
[75.034s][info][gc,stats    ] 
[75.034s][info][gc,stats    ] Allocation pacing accrued:
[75.034s][info][gc,stats    ]       0 of  1149 ms (  0.0%): <total>
[75.034s][info][gc,stats    ]       0 of  1149 ms (  0.0%): <average total>
[75.034s][info][gc,stats    ] 
[75.034s][info][gc,metaspace] Metaspace: 155375K(156608K)->154343K(156416K) NonClass: 137326K(137920K)->136465K(137792K) Class: 18049K(18688K)->17878K(18624K)
[75.034s][info][gc,ergo     ] Pacer for Idle. Initial: 163M, Alloc Tax Rate: 1.0x
[75.392s][info][gc          ] Trigger: Learning 2 of 5. Free (5672M) is below initial threshold (5734M)
[75.392s][info][gc,ergo     ] Free: 5668M, Max: 4096K regular, 5220M humongous, Frag: 8% external, 0% internal; Reserve: 412M, Max: 4096K
[75.392s][info][gc,start    ] GC(61) Concurrent reset
[75.392s][info][gc,task     ] GC(61) Using 1 of 3 workers for concurrent reset
[75.392s][info][gc,ergo     ] GC(61) Pacer for Reset. Non-Taxable: 8192M
[75.407s][info][gc          ] GC(61) Concurrent reset 14.710ms
[75.408s][info][gc,start    ] GC(61) Pause Init Mark (unload classes)
[75.408s][info][gc,task     ] GC(61) Using 3 of 3 workers for init marking
[75.408s][info][gc,ergo     ] GC(61) Pacer for Mark. Expected Live: 141M, Free: 5568M, Non-Taxable: 556M, Alloc Tax Rate: 0.0x
[75.408s][info][gc          ] GC(61) Pause Init Mark (unload classes) 0.126ms
[75.408s][info][gc,start    ] GC(61) Concurrent marking roots
[75.408s][info][gc,task     ] GC(61) Using 1 of 3 workers for concurrent marking roots
[75.417s][info][gc          ] GC(61) Concurrent marking roots 9.619ms
[75.418s][info][gc,start    ] GC(61) Concurrent marking (unload classes)
[75.418s][info][gc,task     ] GC(61) Using 1 of 3 workers for concurrent marking
[75.492s][info][gc          ] GC(61) Concurrent marking (unload classes) 74.071ms
[75.492s][info][gc,start    ] GC(61) Pause Final Mark (unload classes)
[75.492s][info][gc,task     ] GC(61) Using 3 of 3 workers for final marking
[75.492s][info][gc,ergo     ] GC(61) Adaptive CSet Selection. Target Free: 1160M, Actual Free: 6580M, Max CSet: 341M, Min Garbage: 0B
[75.492s][info][gc,ergo     ] GC(61) Collectable Garbage: 1997M (99%), Immediate: 948M (47%), CSet: 1048M (52%)
[75.492s][info][gc,ergo     ] GC(61) Pacer for Evacuation. Used CSet: 1105M, Free: 6205M, Non-Taxable: 620M, Alloc Tax Rate: 1.1x
[75.492s][info][gc          ] GC(61) Pause Final Mark (unload classes) 0.261ms
[75.492s][info][gc,start    ] GC(61) Concurrent thread roots
[75.492s][info][gc,task     ] GC(61) Using 1 of 3 workers for Concurrent thread roots
[75.500s][info][gc          ] GC(61) Concurrent thread roots 7.121ms
[75.500s][info][gc,start    ] GC(61) Concurrent weak references
[75.500s][info][gc,task     ] GC(61) Using 1 of 3 workers for concurrent weak references
[75.500s][info][gc,ref      ] GC(61) Encountered references: Soft: 3713, Weak: 14969, Final: 53, Phantom: 598
[75.500s][info][gc,ref      ] GC(61) Discovered  references: Soft: 0, Weak: 7819, Final: 0, Phantom: 278
[75.500s][info][gc,ref      ] GC(61) Enqueued    references: Soft: 0, Weak: 212, Final: 0, Phantom: 0
[75.500s][info][gc          ] GC(61) Concurrent weak references 0.698ms
[75.500s][info][gc,start    ] GC(61) Concurrent weak roots
[75.500s][info][gc,task     ] GC(61) Using 1 of 3 workers for concurrent weak root
[75.508s][info][gc          ] GC(61) Concurrent weak roots 7.725ms
[75.508s][info][gc,start    ] GC(61) Concurrent cleanup
[75.508s][info][gc          ] GC(61) Concurrent cleanup 2598M->1649M(8192M) 0.035ms
[75.508s][info][gc,ergo     ] GC(61) Free: 6107M, Max: 4096K regular, 5124M humongous, Frag: 16% external, 0% internal; Reserve: 410M, Max: 4096K
[75.508s][info][gc,start    ] GC(61) Concurrent class unloading
[75.508s][info][gc,task     ] GC(61) Using 1 of 3 workers for concurrent class unloading
[75.558s][info][gc          ] GC(61) Concurrent class unloading 49.808ms
[75.558s][info][gc,start    ] GC(61) Concurrent strong roots
[75.558s][info][gc,task     ] GC(61) Using 1 of 3 workers for concurrent strong root
[75.559s][info][gc          ] GC(61) Concurrent strong roots 0.698ms
[75.559s][info][gc,start    ] GC(61) Concurrent evacuation
[75.559s][info][gc,task     ] GC(61) Using 1 of 3 workers for concurrent evacuation
[75.567s][info][gc          ] GC(61) Concurrent evacuation 8.059ms
[75.567s][info][gc,start    ] GC(61) Pause Init Update Refs
[75.567s][info][gc,ergo     ] GC(61) Pacer for Update Refs. Used: 1758M, Free: 6047M, Non-Taxable: 604M, Alloc Tax Rate: 1.1x
[75.567s][info][gc          ] GC(61) Pause Init Update Refs 0.049ms
[75.567s][info][gc,start    ] GC(61) Concurrent update references
[75.567s][info][gc,task     ] GC(61) Using 1 of 3 workers for concurrent reference update
[75.642s][info][gc          ] GC(61) Concurrent update references 74.448ms
[75.642s][info][gc,start    ] GC(61) Concurrent update thread roots
[75.648s][info][gc          ] GC(61) Concurrent update thread roots 6.640ms
[75.648s][info][gc,start    ] GC(61) Pause Final Update Refs
[75.648s][info][gc,task     ] GC(61) Using 3 of 3 workers for final reference update
[75.648s][info][gc          ] GC(61) Pause Final Update Refs 0.120ms
[75.648s][info][gc,start    ] GC(61) Concurrent cleanup
[75.649s][info][gc          ] GC(61) Concurrent cleanup 1831M->726M(8192M) 0.035ms
[75.649s][info][gc,ergo     ] Free: 7009M, Max: 4096K regular, 5068M humongous, Frag: 28% external, 0% internal; Reserve: 412M, Max: 4096K
[75.649s][info][gc,stats    ] 
[75.649s][info][gc,stats    ] All times are wall-clock times, except per-root-class counters, that are sum over
[75.649s][info][gc,stats    ] all workers. Dividing the <total> over the root stage time estimates parallelism.
[75.649s][info][gc,stats    ] 
[75.649s][info][gc,stats    ] Concurrent Reset                  14863 us
[75.649s][info][gc,stats    ] Pause Init Mark (G)                 646 us
[75.649s][info][gc,stats    ] Pause Init Mark (N)                 139 us
[75.649s][info][gc,stats    ]   Update Region States               41 us
[75.649s][info][gc,stats    ] Concurrent Mark Roots              9772 us, parallelism: 0.94x
[75.649s][info][gc,stats    ]   CMR: <total>                     9196 us
[75.649s][info][gc,stats    ]   CMR: Thread Roots                9034 us, workers (us): 9034, ---, ---, 
[75.649s][info][gc,stats    ]   CMR: VM Strong Roots               30 us, workers (us):  30, ---, ---, 
[75.649s][info][gc,stats    ]   CMR: CLDG Roots                   131 us, workers (us): 131, ---, ---, 
[75.649s][info][gc,stats    ] Concurrent Marking                74120 us
[75.649s][info][gc,stats    ] Pause Final Mark (G)                754 us
[75.649s][info][gc,stats    ] Pause Final Mark (N)                269 us
[75.649s][info][gc,stats    ]   Finish Mark                        89 us
[75.649s][info][gc,stats    ]   Update Region States               36 us
[75.649s][info][gc,stats    ]   Choose Collection Set              67 us
[75.649s][info][gc,stats    ]   Rebuild Free Set                    9 us
[75.649s][info][gc,stats    ] Concurrent Thread Roots            7185 us, parallelism: 0.98x
[75.649s][info][gc,stats    ]   CTR: <total>                     7045 us
[75.649s][info][gc,stats    ]   CTR: Thread Roots                7045 us, workers (us): 7045, ---, ---, 
[75.649s][info][gc,stats    ] Concurrent Weak References          714 us, parallelism: 0.81x
[75.649s][info][gc,stats    ]   CWRF: <total>                     578 us
[75.649s][info][gc,stats    ]   CWRF: Weak References             578 us, workers (us): 578, ---, ---, 
[75.649s][info][gc,stats    ] Concurrent Weak Roots              7759 us
[75.649s][info][gc,stats    ]   Roots                            7523 us, parallelism: 0.99x
[75.649s][info][gc,stats    ]     CWR: <total>                   7485 us
[75.649s][info][gc,stats    ]     CWR: Code Cache Roots          6210 us, workers (us): 6210, ---, ---, 
[75.649s][info][gc,stats    ]     CWR: VM Weak Roots             1165 us, workers (us): 1165, ---, ---, 
[75.649s][info][gc,stats    ]     CWR: CLDG Roots                 109 us, workers (us): 109, ---, ---, 
[75.649s][info][gc,stats    ]   Rendezvous                        168 us
[75.649s][info][gc,stats    ] Concurrent Cleanup                   44 us
[75.649s][info][gc,stats    ] Concurrent Class Unloading        49859 us
[75.649s][info][gc,stats    ]   Unlink Stale                    46514 us
[75.649s][info][gc,stats    ]     System Dictionary               397 us
[75.649s][info][gc,stats    ]     Weak Class Links              15537 us
[75.649s][info][gc,stats    ]     Code Roots                    30578 us
[75.649s][info][gc,stats    ]   Rendezvous                        321 us
[75.649s][info][gc,stats    ]   Purge Unlinked                   2951 us
[75.649s][info][gc,stats    ]     Code Roots                     2846 us
[75.649s][info][gc,stats    ]     CLDG                            104 us
[75.649s][info][gc,stats    ]     Exception Caches                  0 us
[75.649s][info][gc,stats    ] Concurrent Strong Roots             733 us, parallelism: 0.69x
[75.649s][info][gc,stats    ]   CSR: <total>                      502 us
[75.649s][info][gc,stats    ]   CSR: VM Strong Roots               14 us, workers (us):  14, ---, ---, 
[75.649s][info][gc,stats    ]   CSR: CLDG Roots                   489 us, workers (us): 489, ---, ---, 
[75.649s][info][gc,stats    ] Concurrent Evacuation              8122 us
[75.649s][info][gc,stats    ] Pause Init Update Refs (G)          175 us
[75.649s][info][gc,stats    ] Pause Init Update Refs (N)           57 us
[75.649s][info][gc,stats    ]   Manage GCLABs                      15 us
[75.649s][info][gc,stats    ] Concurrent Update Refs            74510 us
[75.649s][info][gc,stats    ] Concurrent Update Thread Roots     6690 us
[75.649s][info][gc,stats    ] Pause Final Update Refs (G)         195 us
[75.649s][info][gc,stats    ] Pause Final Update Refs (N)         130 us
[75.649s][info][gc,stats    ]   Update Region States               51 us
[75.649s][info][gc,stats    ]   Trash Collection Set                8 us
[75.649s][info][gc,stats    ]   Rebuild Free Set                   18 us
[75.649s][info][gc,stats    ] Concurrent Cleanup                   44 us
[75.649s][info][gc,stats    ] 
[75.649s][info][gc,stats    ] Allocation pacing accrued:
[75.649s][info][gc,stats    ]       0 of   615 ms (  0.0%): <total>
[75.649s][info][gc,stats    ]       0 of   615 ms (  0.0%): <average total>
[75.649s][info][gc,stats    ] 
[75.649s][info][gc,metaspace] Metaspace: 155239K(156416K)->155266K(156480K) NonClass: 137216K(137792K)->137238K(137856K) Class: 18023K(18624K)->18027K(18624K)
[75.649s][info][gc,ergo     ] Pacer for Idle. Initial: 163M, Alloc Tax Rate: 1.0x
[76.624s][info][gc          ] Trigger: Explicit GC request (System.gc())
[76.624s][info][gc,ergo     ] Free: 5842M, Max: 4096K regular, 5068M humongous, Frag: 14% external, 0% internal; Reserve: 412M, Max: 4096K
[76.624s][info][gc,start    ] GC(62) Concurrent reset
[76.624s][info][gc,task     ] GC(62) Using 1 of 3 workers for concurrent reset
[76.625s][info][gc,ergo     ] GC(62) Pacer for Reset. Non-Taxable: 8192M
[76.629s][info][gc          ] GC(62) Concurrent reset 4.613ms
[76.629s][info][gc,start    ] GC(62) Pause Init Mark (unload classes)
[76.629s][info][gc,task     ] GC(62) Using 3 of 3 workers for init marking
[76.629s][info][gc,ref      ] GC(62) Clearing All SoftReferences
[76.630s][info][gc,ergo     ] GC(62) Pacer for Mark. Expected Live: 151M, Free: 5842M, Non-Taxable: 584M, Alloc Tax Rate: 0.0x
[76.630s][info][gc          ] GC(62) Pause Init Mark (unload classes) 0.195ms
[76.630s][info][gc,start    ] GC(62) Concurrent marking roots
[76.630s][info][gc,task     ] GC(62) Using 1 of 3 workers for concurrent marking roots
[76.637s][info][gc          ] GC(62) Concurrent marking roots 7.296ms
[76.637s][info][gc,start    ] GC(62) Concurrent marking (unload classes)
[76.637s][info][gc,task     ] GC(62) Using 1 of 3 workers for concurrent marking
[76.691s][info][gc          ] GC(62) Concurrent marking (unload classes) 54.462ms
[76.692s][info][gc,start    ] GC(62) Pause Final Mark (unload classes)
[76.692s][info][gc,task     ] GC(62) Using 3 of 3 workers for final marking
[76.692s][info][gc,ergo     ] GC(62) Adaptive CSet Selection. Target Free: 1160M, Actual Free: 6842M, Max CSet: 341M, Min Garbage: 0B
[76.692s][info][gc,ergo     ] GC(62) Collectable Garbage: 1533M (99%), Immediate: 602M (39%), CSet: 931M (60%)
[76.692s][info][gc,ergo     ] GC(62) Pacer for Evacuation. Used CSet: 936M, Free: 6703M, Non-Taxable: 670M, Alloc Tax Rate: 1.1x
[76.692s][info][gc          ] GC(62) Pause Final Mark (unload classes) 0.373ms
[76.692s][info][gc,start    ] GC(62) Concurrent thread roots
[76.692s][info][gc,task     ] GC(62) Using 1 of 3 workers for Concurrent thread roots
[76.700s][info][gc          ] GC(62) Concurrent thread roots 7.526ms
[76.700s][info][gc,start    ] GC(62) Concurrent weak references
[76.700s][info][gc,task     ] GC(62) Using 1 of 3 workers for concurrent weak references
[76.701s][info][gc,ref      ] GC(62) Encountered references: Soft: 3587, Weak: 17947, Final: 53, Phantom: 598
[76.701s][info][gc,ref      ] GC(62) Discovered  references: Soft: 1315, Weak: 6866, Final: 0, Phantom: 278
[76.701s][info][gc,ref      ] GC(62) Enqueued    references: Soft: 850, Weak: 3400, Final: 0, Phantom: 0
[76.701s][info][gc          ] GC(62) Concurrent weak references 1.000ms
[76.701s][info][gc,start    ] GC(62) Concurrent weak roots
[76.701s][info][gc,task     ] GC(62) Using 1 of 3 workers for concurrent weak root
[76.711s][info][gc          ] GC(62) Concurrent weak roots 10.266ms
[76.711s][info][gc,start    ] GC(62) Concurrent cleanup
[76.711s][info][gc          ] GC(62) Concurrent cleanup 2073M->1470M(8192M) 0.051ms
[76.711s][info][gc,ergo     ] GC(62) Free: 6299M, Max: 4096K regular, 5112M humongous, Frag: 19% external, 0% internal; Reserve: 410M, Max: 4096K
[76.711s][info][gc,start    ] GC(62) Concurrent class unloading
[76.711s][info][gc,task     ] GC(62) Using 1 of 3 workers for concurrent class unloading
[76.762s][info][gc          ] GC(62) Concurrent class unloading 51.108ms
[76.762s][info][gc,start    ] GC(62) Concurrent strong roots
[76.762s][info][gc,task     ] GC(62) Using 1 of 3 workers for concurrent strong root
[76.763s][info][gc          ] GC(62) Concurrent strong roots 0.548ms
[76.763s][info][gc,start    ] GC(62) Concurrent evacuation
[76.763s][info][gc,task     ] GC(62) Using 1 of 3 workers for concurrent evacuation
[76.768s][info][gc          ] GC(62) Concurrent evacuation 5.060ms
[76.768s][info][gc,start    ] GC(62) Pause Init Update Refs
[76.768s][info][gc,ergo     ] GC(62) Pacer for Update Refs. Used: 1576M, Free: 6199M, Non-Taxable: 619M, Alloc Tax Rate: 1.1x
[76.768s][info][gc          ] GC(62) Pause Init Update Refs 0.078ms
[76.768s][info][gc,start    ] GC(62) Concurrent update references
[76.768s][info][gc,task     ] GC(62) Using 1 of 3 workers for concurrent reference update
[76.790s][info][gc          ] GC(62) Concurrent update references 22.349ms
[76.790s][info][gc,start    ] GC(62) Concurrent update thread roots
[76.798s][info][gc          ] GC(62) Concurrent update thread roots 7.522ms
[76.798s][info][gc,start    ] GC(62) Pause Final Update Refs
[76.798s][info][gc,task     ] GC(62) Using 3 of 3 workers for final reference update
[76.798s][info][gc          ] GC(62) Pause Final Update Refs 0.180ms
[76.798s][info][gc,start    ] GC(62) Concurrent cleanup
[76.798s][info][gc          ] GC(62) Concurrent cleanup 1576M->639M(8192M) 0.059ms
[76.798s][info][gc,ergo     ] Free: 7140M, Max: 4096K regular, 5220M humongous, Frag: 27% external, 0% internal; Reserve: 412M, Max: 4096K
[76.799s][info][gc,stats    ] 
[76.799s][info][gc,stats    ] All times are wall-clock times, except per-root-class counters, that are sum over
[76.799s][info][gc,stats    ] all workers. Dividing the <total> over the root stage time estimates parallelism.
[76.799s][info][gc,stats    ] 
[76.799s][info][gc,stats    ] Concurrent Reset                   4685 us
[76.799s][info][gc,stats    ] Pause Init Mark (G)                 486 us
[76.799s][info][gc,stats    ] Pause Init Mark (N)                 205 us
[76.799s][info][gc,stats    ]   Update Region States               62 us
[76.799s][info][gc,stats    ] Concurrent Mark Roots              7362 us, parallelism: 0.95x
[76.799s][info][gc,stats    ]   CMR: <total>                     6969 us
[76.799s][info][gc,stats    ]   CMR: Thread Roots                6872 us, workers (us): 6872, ---, ---, 
[76.799s][info][gc,stats    ]   CMR: VM Strong Roots               17 us, workers (us):  17, ---, ---, 
[76.799s][info][gc,stats    ]   CMR: CLDG Roots                    80 us, workers (us):  80, ---, ---, 
[76.799s][info][gc,stats    ] Concurrent Marking                54524 us
[76.799s][info][gc,stats    ] Pause Final Mark (G)                481 us
[76.799s][info][gc,stats    ] Pause Final Mark (N)                382 us
[76.799s][info][gc,stats    ]   Finish Mark                       118 us
[76.799s][info][gc,stats    ]   Update Region States               58 us
[76.799s][info][gc,stats    ]   Choose Collection Set              97 us
[76.799s][info][gc,stats    ]   Rebuild Free Set                   10 us
[76.799s][info][gc,stats    ] Concurrent Thread Roots            7581 us, parallelism: 0.98x
[76.799s][info][gc,stats    ]   CTR: <total>                     7435 us
[76.799s][info][gc,stats    ]   CTR: Thread Roots                7435 us, workers (us): 7435, ---, ---, 
[76.799s][info][gc,stats    ] Concurrent Weak References         1023 us, parallelism: 0.80x
[76.799s][info][gc,stats    ]   CWRF: <total>                     822 us
[76.799s][info][gc,stats    ]   CWRF: Weak References             822 us, workers (us): 822, ---, ---, 
[76.799s][info][gc,stats    ] Concurrent Weak Roots             10303 us
[76.799s][info][gc,stats    ]   Roots                           10025 us, parallelism: 1.00x
[76.799s][info][gc,stats    ]     CWR: <total>                   9990 us
[76.799s][info][gc,stats    ]     CWR: Code Cache Roots          8975 us, workers (us): 8975, ---, ---, 
[76.799s][info][gc,stats    ]     CWR: VM Weak Roots              842 us, workers (us): 842, ---, ---, 
[76.799s][info][gc,stats    ]     CWR: CLDG Roots                 173 us, workers (us): 173, ---, ---, 
[76.799s][info][gc,stats    ]   Rendezvous                        201 us
[76.799s][info][gc,stats    ] Concurrent Cleanup                   65 us
[76.799s][info][gc,stats    ] Concurrent Class Unloading        51172 us
[76.799s][info][gc,stats    ]   Unlink Stale                    48010 us
[76.799s][info][gc,stats    ]     System Dictionary              1983 us
[76.799s][info][gc,stats    ]     Weak Class Links              17776 us
[76.799s][info][gc,stats    ]     Code Roots                    28248 us
[76.799s][info][gc,stats    ]   Rendezvous                        291 us
[76.799s][info][gc,stats    ]   Purge Unlinked                   2787 us
[76.799s][info][gc,stats    ]     Code Roots                     1522 us
[76.799s][info][gc,stats    ]     CLDG                           1264 us
[76.799s][info][gc,stats    ]     Exception Caches                  0 us
[76.799s][info][gc,stats    ] Concurrent Strong Roots             560 us, parallelism: 0.68x
[76.799s][info][gc,stats    ]   CSR: <total>                      381 us
[76.799s][info][gc,stats    ]   CSR: VM Strong Roots               15 us, workers (us):  15, ---, ---, 
[76.799s][info][gc,stats    ]   CSR: CLDG Roots                   366 us, workers (us): 366, ---, ---, 
[76.799s][info][gc,stats    ] Concurrent Evacuation              5121 us
[76.799s][info][gc,stats    ] Pause Init Update Refs (G)          193 us
[76.799s][info][gc,stats    ] Pause Init Update Refs (N)           86 us
[76.799s][info][gc,stats    ]   Manage GCLABs                      23 us
[76.799s][info][gc,stats    ] Concurrent Update Refs            22401 us
[76.799s][info][gc,stats    ] Concurrent Update Thread Roots     7575 us
[76.799s][info][gc,stats    ] Pause Final Update Refs (G)         326 us
[76.799s][info][gc,stats    ] Pause Final Update Refs (N)         202 us
[76.799s][info][gc,stats    ]   Update Region States               56 us
[76.799s][info][gc,stats    ]   Trash Collection Set               12 us
[76.799s][info][gc,stats    ]   Rebuild Free Set                   29 us
[76.799s][info][gc,stats    ] Concurrent Cleanup                   77 us
[76.799s][info][gc,stats    ] 
[76.799s][info][gc,stats    ] Allocation pacing accrued:
[76.799s][info][gc,stats    ]       0 of  1150 ms (  0.0%): <total>
[76.799s][info][gc,stats    ]       0 of  1150 ms (  0.0%): <average total>
[76.799s][info][gc,stats    ] 
[76.799s][info][gc,metaspace] Metaspace: 155438K(156672K)->154403K(156480K) NonClass: 137388K(137984K)->136525K(137856K) Class: 18049K(18688K)->17878K(18624K)
[76.799s][info][gc,ergo     ] Pacer for Idle. Initial: 163M, Alloc Tax Rate: 1.0x
[77.166s][info][gc          ] Trigger: Learning 2 of 5. Free (5664M) is below initial threshold (5734M)
[77.166s][info][gc,ergo     ] Free: 5664M, Max: 4096K regular, 5220M humongous, Frag: 8% external, 0% internal; Reserve: 412M, Max: 4096K
[77.166s][info][gc,start    ] GC(63) Concurrent reset
[77.166s][info][gc,task     ] GC(63) Using 1 of 3 workers for concurrent reset
[77.166s][info][gc,ergo     ] GC(63) Pacer for Reset. Non-Taxable: 8192M
[77.179s][info][gc          ] GC(63) Concurrent reset 12.295ms
[77.179s][info][gc,start    ] GC(63) Pause Init Mark (unload classes)
[77.179s][info][gc,task     ] GC(63) Using 3 of 3 workers for init marking
[77.179s][info][gc,ergo     ] GC(63) Pacer for Mark. Expected Live: 140M, Free: 5584M, Non-Taxable: 558M, Alloc Tax Rate: 0.0x
[77.180s][info][gc          ] GC(63) Pause Init Mark (unload classes) 0.164ms
[77.182s][info][gc,start    ] GC(63) Concurrent marking roots
[77.182s][info][gc,task     ] GC(63) Using 1 of 3 workers for concurrent marking roots
[77.192s][info][gc          ] GC(63) Concurrent marking roots 9.874ms
[77.192s][info][gc,start    ] GC(63) Concurrent marking (unload classes)
[77.192s][info][gc,task     ] GC(63) Using 1 of 3 workers for concurrent marking
[77.262s][info][gc          ] GC(63) Concurrent marking (unload classes) 70.364ms
[77.262s][info][gc,start    ] GC(63) Pause Final Mark (unload classes)
[77.262s][info][gc,task     ] GC(63) Using 3 of 3 workers for final marking
[77.263s][info][gc,ergo     ] GC(63) Adaptive CSet Selection. Target Free: 1160M, Actual Free: 6573M, Max CSet: 341M, Min Garbage: 0B
[77.263s][info][gc,ergo     ] GC(63) Collectable Garbage: 1983M (99%), Immediate: 921M (46%), CSet: 1061M (53%)
[77.263s][info][gc,ergo     ] GC(63) Pacer for Evacuation. Used CSet: 1120M, Free: 6199M, Non-Taxable: 619M, Alloc Tax Rate: 1.1x
[77.263s][info][gc          ] GC(63) Pause Final Mark (unload classes) 0.220ms
[77.263s][info][gc,start    ] GC(63) Concurrent thread roots
[77.263s][info][gc,task     ] GC(63) Using 1 of 3 workers for Concurrent thread roots
[77.271s][info][gc          ] GC(63) Concurrent thread roots 8.297ms
[77.271s][info][gc,start    ] GC(63) Concurrent weak references
[77.271s][info][gc,task     ] GC(63) Using 1 of 3 workers for concurrent weak references
[77.271s][info][gc,ref      ] GC(63) Encountered references: Soft: 3713, Weak: 14971, Final: 53, Phantom: 598
[77.271s][info][gc,ref      ] GC(63) Discovered  references: Soft: 0, Weak: 3015, Final: 0, Phantom: 277
[77.271s][info][gc,ref      ] GC(63) Enqueued    references: Soft: 0, Weak: 217, Final: 0, Phantom: 0
[77.271s][info][gc          ] GC(63) Concurrent weak references 0.220ms
[77.271s][info][gc,start    ] GC(63) Concurrent weak roots
[77.271s][info][gc,task     ] GC(63) Using 1 of 3 workers for concurrent weak root
[77.280s][info][gc          ] GC(63) Concurrent weak roots 9.075ms
[77.280s][info][gc,start    ] GC(63) Concurrent cleanup
[77.280s][info][gc          ] GC(63) Concurrent cleanup 2579M->1658M(8192M) 0.068ms
[77.281s][info][gc,ergo     ] GC(63) Free: 6111M, Max: 4096K regular, 5156M humongous, Frag: 16% external, 0% internal; Reserve: 406M, Max: 4096K
[77.281s][info][gc,start    ] GC(63) Concurrent class unloading
[77.281s][info][gc,task     ] GC(63) Using 1 of 3 workers for concurrent class unloading
[77.332s][info][gc          ] GC(63) Concurrent class unloading 51.416ms
[77.332s][info][gc,start    ] GC(63) Concurrent strong roots
[77.332s][info][gc,task     ] GC(63) Using 1 of 3 workers for concurrent strong root
[77.332s][info][gc          ] GC(63) Concurrent strong roots 0.432ms
[77.332s][info][gc,start    ] GC(63) Concurrent evacuation
[77.332s][info][gc,task     ] GC(63) Using 1 of 3 workers for concurrent evacuation
[77.341s][info][gc          ] GC(63) Concurrent evacuation 8.843ms
[77.341s][info][gc,start    ] GC(63) Pause Init Update Refs
[77.341s][info][gc,ergo     ] GC(63) Pacer for Update Refs. Used: 1787M, Free: 6040M, Non-Taxable: 604M, Alloc Tax Rate: 1.1x
[77.341s][info][gc          ] GC(63) Pause Init Update Refs 0.066ms
[77.342s][info][gc,start    ] GC(63) Concurrent update references
[77.342s][info][gc,task     ] GC(63) Using 1 of 3 workers for concurrent reference update
[77.418s][info][gc          ] GC(63) Concurrent update references 76.236ms
[77.418s][info][gc,start    ] GC(63) Concurrent update thread roots
[77.425s][info][gc          ] GC(63) Concurrent update thread roots 7.377ms
[77.425s][info][gc,start    ] GC(63) Pause Final Update Refs
[77.426s][info][gc,task     ] GC(63) Using 3 of 3 workers for final reference update
[77.426s][info][gc          ] GC(63) Pause Final Update Refs 0.165ms
[77.426s][info][gc,start    ] GC(63) Concurrent cleanup
[77.426s][info][gc          ] GC(63) Concurrent cleanup 1847M->726M(8192M) 0.083ms
[77.426s][info][gc,ergo     ] Free: 7013M, Max: 4096K regular, 5088M humongous, Frag: 28% external, 0% internal; Reserve: 412M, Max: 4096K
[77.426s][info][gc,stats    ] 
[77.426s][info][gc,stats    ] All times are wall-clock times, except per-root-class counters, that are sum over
[77.426s][info][gc,stats    ] all workers. Dividing the <total> over the root stage time estimates parallelism.
[77.426s][info][gc,stats    ] 
[77.426s][info][gc,stats    ] Concurrent Reset                  12641 us
[77.426s][info][gc,stats    ] Pause Init Mark (G)                2857 us
[77.426s][info][gc,stats    ] Pause Init Mark (N)                 175 us
[77.426s][info][gc,stats    ]   Update Region States               44 us
[77.426s][info][gc,stats    ] Concurrent Mark Roots             10011 us, parallelism: 0.94x
[77.426s][info][gc,stats    ]   CMR: <total>                     9368 us
[77.426s][info][gc,stats    ]   CMR: Thread Roots                9181 us, workers (us): 9181, ---, ---, 
[77.426s][info][gc,stats    ]   CMR: VM Strong Roots               29 us, workers (us):  29, ---, ---, 
[77.426s][info][gc,stats    ]   CMR: CLDG Roots                   159 us, workers (us): 159, ---, ---, 
[77.426s][info][gc,stats    ] Concurrent Marking                70426 us
[77.426s][info][gc,stats    ] Pause Final Mark (G)                284 us
[77.426s][info][gc,stats    ] Pause Final Mark (N)                228 us
[77.426s][info][gc,stats    ]   Finish Mark                        51 us
[77.426s][info][gc,stats    ]   Update Region States               28 us
[77.426s][info][gc,stats    ]   Choose Collection Set              69 us
[77.426s][info][gc,stats    ]   Rebuild Free Set                    9 us
[77.426s][info][gc,stats    ] Concurrent Thread Roots            8316 us, parallelism: 0.99x
[77.426s][info][gc,stats    ]   CTR: <total>                     8236 us
[77.426s][info][gc,stats    ]   CTR: Thread Roots                8236 us, workers (us): 8236, ---, ---, 
[77.426s][info][gc,stats    ] Concurrent Weak References          227 us, parallelism: 0.72x
[77.426s][info][gc,stats    ]   CWRF: <total>                     164 us
[77.426s][info][gc,stats    ]   CWRF: Weak References             164 us, workers (us): 164, ---, ---, 
[77.426s][info][gc,stats    ] Concurrent Weak Roots              9216 us
[77.426s][info][gc,stats    ]   Roots                            8594 us, parallelism: 1.00x
[77.426s][info][gc,stats    ]     CWR: <total>                   8559 us
[77.426s][info][gc,stats    ]     CWR: Code Cache Roots          7068 us, workers (us): 7068, ---, ---, 
[77.426s][info][gc,stats    ]     CWR: VM Weak Roots             1328 us, workers (us): 1328, ---, ---, 
[77.426s][info][gc,stats    ]     CWR: CLDG Roots                 163 us, workers (us): 163, ---, ---, 
[77.426s][info][gc,stats    ]   Rendezvous                        458 us
[77.426s][info][gc,stats    ] Concurrent Cleanup                   76 us
[77.426s][info][gc,stats    ] Concurrent Class Unloading        51463 us
[77.426s][info][gc,stats    ]   Unlink Stale                    50093 us
[77.426s][info][gc,stats    ]     System Dictionary              1060 us
[77.426s][info][gc,stats    ]     Weak Class Links              22240 us
[77.426s][info][gc,stats    ]     Code Roots                    26789 us
[77.426s][info][gc,stats    ]   Rendezvous                        177 us
[77.426s][info][gc,stats    ]   Purge Unlinked                   1126 us
[77.426s][info][gc,stats    ]     Code Roots                     1076 us
[77.426s][info][gc,stats    ]     CLDG                             50 us
[77.426s][info][gc,stats    ]     Exception Caches                  0 us
[77.426s][info][gc,stats    ] Concurrent Strong Roots             453 us, parallelism: 0.68x
[77.426s][info][gc,stats    ]   CSR: <total>                      308 us
[77.426s][info][gc,stats    ]   CSR: VM Strong Roots                8 us, workers (us):   8, ---, ---, 
[77.426s][info][gc,stats    ]   CSR: CLDG Roots                   300 us, workers (us): 300, ---, ---, 
[77.426s][info][gc,stats    ] Concurrent Evacuation              8904 us
[77.426s][info][gc,stats    ] Pause Init Update Refs (G)          325 us
[77.426s][info][gc,stats    ] Pause Init Update Refs (N)           75 us
[77.426s][info][gc,stats    ]   Manage GCLABs                      15 us
[77.427s][info][gc,stats    ] Concurrent Update Refs            76298 us
[77.427s][info][gc,stats    ] Concurrent Update Thread Roots     7432 us
[77.427s][info][gc,stats    ] Pause Final Update Refs (G)         314 us
[77.427s][info][gc,stats    ] Pause Final Update Refs (N)         183 us
[77.427s][info][gc,stats    ]   Update Region States               76 us
[77.427s][info][gc,stats    ]   Trash Collection Set               10 us
[77.427s][info][gc,stats    ]   Rebuild Free Set                   21 us
[77.427s][info][gc,stats    ] Concurrent Cleanup                  107 us
[77.427s][info][gc,stats    ] 
[77.427s][info][gc,stats    ] Allocation pacing accrued:
[77.427s][info][gc,stats    ]       0 of   627 ms (  0.0%): <total>
[77.427s][info][gc,stats    ]       0 of   627 ms (  0.0%): <average total>
[77.427s][info][gc,stats    ] 
[77.427s][info][gc,metaspace] Metaspace: 155281K(156480K)->155323K(156544K) NonClass: 137261K(137856K)->137296K(137920K) Class: 18020K(18624K)->18027K(18624K)
[77.427s][info][gc,ergo     ] Pacer for Idle. Initial: 163M, Alloc Tax Rate: 1.0x
[78.412s][info][gc          ] Trigger: Explicit GC request (System.gc())
[78.412s][info][gc,ergo     ] Free: 5828M, Max: 4096K regular, 5088M humongous, Frag: 13% external, 0% internal; Reserve: 412M, Max: 4096K
[78.412s][info][gc,start    ] GC(64) Concurrent reset
[78.412s][info][gc,task     ] GC(64) Using 1 of 3 workers for concurrent reset
[78.412s][info][gc,ergo     ] GC(64) Pacer for Reset. Non-Taxable: 8192M
[78.418s][info][gc          ] GC(64) Concurrent reset 5.518ms
[78.418s][info][gc,start    ] GC(64) Pause Init Mark (unload classes)
[78.418s][info][gc,task     ] GC(64) Using 3 of 3 workers for init marking
[78.418s][info][gc,ref      ] GC(64) Clearing All SoftReferences
[78.418s][info][gc,ergo     ] GC(64) Pacer for Mark. Expected Live: 151M, Free: 5828M, Non-Taxable: 582M, Alloc Tax Rate: 0.0x
[78.418s][info][gc          ] GC(64) Pause Init Mark (unload classes) 0.213ms
[78.418s][info][gc,start    ] GC(64) Concurrent marking roots
[78.418s][info][gc,task     ] GC(64) Using 1 of 3 workers for concurrent marking roots
[78.426s][info][gc          ] GC(64) Concurrent marking roots 7.666ms
[78.426s][info][gc,start    ] GC(64) Concurrent marking (unload classes)
[78.426s][info][gc,task     ] GC(64) Using 1 of 3 workers for concurrent marking
[78.478s][info][gc          ] GC(64) Concurrent marking (unload classes) 51.813ms
[78.478s][info][gc,start    ] GC(64) Pause Final Mark (unload classes)
[78.478s][info][gc,task     ] GC(64) Using 3 of 3 workers for final marking
[78.479s][info][gc,ergo     ] GC(64) Adaptive CSet Selection. Target Free: 1160M, Actual Free: 6803M, Max CSet: 341M, Min Garbage: 0B
[78.479s][info][gc,ergo     ] GC(64) Collectable Garbage: 1554M (99%), Immediate: 571M (36%), CSet: 983M (62%)
[78.479s][info][gc,ergo     ] GC(64) Pacer for Evacuation. Used CSet: 995M, Free: 6659M, Non-Taxable: 665M, Alloc Tax Rate: 1.1x
[78.479s][info][gc          ] GC(64) Pause Final Mark (unload classes) 0.607ms
[78.479s][info][gc,start    ] GC(64) Concurrent thread roots
[78.479s][info][gc,task     ] GC(64) Using 1 of 3 workers for Concurrent thread roots
[78.486s][info][gc          ] GC(64) Concurrent thread roots 6.793ms
[78.486s][info][gc,start    ] GC(64) Concurrent weak references
[78.486s][info][gc,task     ] GC(64) Using 1 of 3 workers for concurrent weak references
[78.486s][info][gc,ref      ] GC(64) Encountered references: Soft: 3585, Weak: 17948, Final: 53, Phantom: 598
[78.486s][info][gc,ref      ] GC(64) Discovered  references: Soft: 1313, Weak: 6843, Final: 0, Phantom: 373
[78.486s][info][gc,ref      ] GC(64) Enqueued    references: Soft: 848, Weak: 3400, Final: 0, Phantom: 0
[78.486s][info][gc          ] GC(64) Concurrent weak references 0.781ms
[78.486s][info][gc,start    ] GC(64) Concurrent weak roots
[78.486s][info][gc,task     ] GC(64) Using 1 of 3 workers for concurrent weak root
[78.496s][info][gc          ] GC(64) Concurrent weak roots 9.790ms
[78.496s][info][gc,start    ] GC(64) Concurrent cleanup
[78.496s][info][gc          ] GC(64) Concurrent cleanup 2016M->1444M(8192M) 0.042ms
[78.496s][info][gc,ergo     ] GC(64) Free: 6327M, Max: 4096K regular, 5124M humongous, Frag: 19% external, 0% internal; Reserve: 410M, Max: 4096K
[78.496s][info][gc,start    ] GC(64) Concurrent class unloading
[78.496s][info][gc,task     ] GC(64) Using 1 of 3 workers for concurrent class unloading
[78.545s][info][gc          ] GC(64) Concurrent class unloading 48.383ms
[78.545s][info][gc,start    ] GC(64) Concurrent strong roots
[78.545s][info][gc,task     ] GC(64) Using 1 of 3 workers for concurrent strong root
[78.545s][info][gc          ] GC(64) Concurrent strong roots 0.372ms
[78.545s][info][gc,start    ] GC(64) Concurrent evacuation
[78.545s][info][gc,task     ] GC(64) Using 1 of 3 workers for concurrent evacuation
[78.553s][info][gc          ] GC(64) Concurrent evacuation 7.463ms
[78.553s][info][gc,start    ] GC(64) Pause Init Update Refs
[78.553s][info][gc,ergo     ] GC(64) Pacer for Update Refs. Used: 1631M, Free: 6156M, Non-Taxable: 615M, Alloc Tax Rate: 1.1x
[78.553s][info][gc          ] GC(64) Pause Init Update Refs 0.140ms
[78.553s][info][gc,start    ] GC(64) Concurrent update references
[78.553s][info][gc,task     ] GC(64) Using 1 of 3 workers for concurrent reference update
[78.576s][info][gc          ] GC(64) Concurrent update references 22.949ms
[78.576s][info][gc,start    ] GC(64) Concurrent update thread roots
[78.584s][info][gc          ] GC(64) Concurrent update thread roots 7.910ms
[78.584s][info][gc,start    ] GC(64) Pause Final Update Refs
[78.584s][info][gc,task     ] GC(64) Using 3 of 3 workers for final reference update
[78.584s][info][gc          ] GC(64) Pause Final Update Refs 0.150ms
[78.584s][info][gc,start    ] GC(64) Concurrent cleanup
[78.584s][info][gc          ] GC(64) Concurrent cleanup 1631M->635M(8192M) 0.077ms
[78.584s][info][gc,ergo     ] Free: 7144M, Max: 4096K regular, 5220M humongous, Frag: 27% external, 0% internal; Reserve: 412M, Max: 4096K
[78.584s][info][gc,stats    ] 
[78.585s][info][gc,stats    ] All times are wall-clock times, except per-root-class counters, that are sum over
[78.585s][info][gc,stats    ] all workers. Dividing the <total> over the root stage time estimates parallelism.
[78.585s][info][gc,stats    ] 
[78.585s][info][gc,stats    ] Concurrent Reset                   5571 us
[78.585s][info][gc,stats    ] Pause Init Mark (G)                 430 us
[78.585s][info][gc,stats    ] Pause Init Mark (N)                 231 us
[78.585s][info][gc,stats    ]   Update Region States               77 us
[78.585s][info][gc,stats    ] Concurrent Mark Roots              7715 us, parallelism: 0.96x
[78.585s][info][gc,stats    ]   CMR: <total>                     7415 us
[78.585s][info][gc,stats    ]   CMR: Thread Roots                7322 us, workers (us): 7322, ---, ---, 
[78.585s][info][gc,stats    ]   CMR: VM Strong Roots               11 us, workers (us):  11, ---, ---, 
[78.585s][info][gc,stats    ]   CMR: CLDG Roots                    82 us, workers (us):  82, ---, ---, 
[78.585s][info][gc,stats    ] Concurrent Marking                51879 us
[78.585s][info][gc,stats    ] Pause Final Mark (G)                765 us
[78.585s][info][gc,stats    ] Pause Final Mark (N)                628 us
[78.585s][info][gc,stats    ]   Finish Mark                       157 us
[78.585s][info][gc,stats    ]   Update Region States              104 us
[78.585s][info][gc,stats    ]   Choose Collection Set             185 us
[78.585s][info][gc,stats    ]   Rebuild Free Set                   25 us
[78.585s][info][gc,stats    ] Concurrent Thread Roots            6834 us, parallelism: 0.98x
[78.585s][info][gc,stats    ]   CTR: <total>                     6707 us
[78.585s][info][gc,stats    ]   CTR: Thread Roots                6707 us, workers (us): 6707, ---, ---, 
[78.585s][info][gc,stats    ] Concurrent Weak References          789 us, parallelism: 0.80x
[78.585s][info][gc,stats    ]   CWRF: <total>                     635 us
[78.585s][info][gc,stats    ]   CWRF: Weak References             635 us, workers (us): 635, ---, ---, 
[78.585s][info][gc,stats    ] Concurrent Weak Roots              9829 us
[78.585s][info][gc,stats    ]   Roots                            9580 us, parallelism: 0.99x
[78.585s][info][gc,stats    ]     CWR: <total>                   9518 us
[78.585s][info][gc,stats    ]     CWR: Code Cache Roots          8313 us, workers (us): 8313, ---, ---, 
[78.585s][info][gc,stats    ]     CWR: VM Weak Roots             1106 us, workers (us): 1106, ---, ---, 
[78.585s][info][gc,stats    ]     CWR: CLDG Roots                  99 us, workers (us):  99, ---, ---, 
[78.585s][info][gc,stats    ]   Rendezvous                        189 us
[78.585s][info][gc,stats    ] Concurrent Cleanup                   51 us
[78.585s][info][gc,stats    ] Concurrent Class Unloading        48431 us
[78.585s][info][gc,stats    ]   Unlink Stale                    45866 us
[78.585s][info][gc,stats    ]     System Dictionary              1892 us
[78.585s][info][gc,stats    ]     Weak Class Links              17593 us
[78.585s][info][gc,stats    ]     Code Roots                    26378 us
[78.585s][info][gc,stats    ]   Rendezvous                        295 us
[78.585s][info][gc,stats    ]   Purge Unlinked                   2205 us
[78.585s][info][gc,stats    ]     Code Roots                     1025 us
[78.585s][info][gc,stats    ]     CLDG                           1179 us
[78.585s][info][gc,stats    ]     Exception Caches                  0 us
[78.585s][info][gc,stats    ] Concurrent Strong Roots             392 us, parallelism: 0.65x
[78.585s][info][gc,stats    ]   CSR: <total>                      257 us
[78.585s][info][gc,stats    ]   CSR: VM Strong Roots                9 us, workers (us):   9, ---, ---, 
[78.585s][info][gc,stats    ]   CSR: CLDG Roots                   248 us, workers (us): 248, ---, ---, 
[78.585s][info][gc,stats    ] Concurrent Evacuation              7543 us
[78.585s][info][gc,stats    ] Pause Init Update Refs (G)          402 us
[78.585s][info][gc,stats    ] Pause Init Update Refs (N)          161 us
[78.585s][info][gc,stats    ]   Manage GCLABs                      44 us
[78.585s][info][gc,stats    ] Concurrent Update Refs            23017 us
[78.585s][info][gc,stats    ] Concurrent Update Thread Roots     7941 us
[78.585s][info][gc,stats    ] Pause Final Update Refs (G)         235 us
[78.585s][info][gc,stats    ] Pause Final Update Refs (N)         168 us
[78.585s][info][gc,stats    ]   Update Region States               65 us
[78.585s][info][gc,stats    ]   Trash Collection Set               11 us
[78.585s][info][gc,stats    ]   Rebuild Free Set                   20 us
[78.585s][info][gc,stats    ] Concurrent Cleanup                  100 us
[78.585s][info][gc,stats    ] 
[78.585s][info][gc,stats    ] Allocation pacing accrued:
[78.585s][info][gc,stats    ]       0 of  1158 ms (  0.0%): <total>
[78.585s][info][gc,stats    ]       0 of  1158 ms (  0.0%): <average total>
[78.585s][info][gc,stats    ] 
[78.585s][info][gc,metaspace] Metaspace: 155509K(156800K)->154476K(156608K) NonClass: 137459K(138112K)->136598K(137984K) Class: 18049K(18688K)->17878K(18624K)
[78.585s][info][gc,ergo     ] Pacer for Idle. Initial: 163M, Alloc Tax Rate: 1.0x
[78.960s][info][gc          ] Trigger: Learning 2 of 5. Free (5659M) is below initial threshold (5734M)
[78.960s][info][gc,ergo     ] Free: 5659M, Max: 4096K regular, 5220M humongous, Frag: 8% external, 0% internal; Reserve: 412M, Max: 4096K
[78.960s][info][gc,start    ] GC(65) Concurrent reset
[78.960s][info][gc,task     ] GC(65) Using 1 of 3 workers for concurrent reset
[78.960s][info][gc,ergo     ] GC(65) Pacer for Reset. Non-Taxable: 8192M
[78.970s][info][gc          ] GC(65) Concurrent reset 9.575ms
[78.970s][info][gc,start    ] GC(65) Pause Init Mark (unload classes)
[78.971s][info][gc,task     ] GC(65) Using 3 of 3 workers for init marking
[78.971s][info][gc,ergo     ] GC(65) Pacer for Mark. Expected Live: 141M, Free: 5607M, Non-Taxable: 560M, Alloc Tax Rate: 0.0x
[78.971s][info][gc          ] GC(65) Pause Init Mark (unload classes) 0.120ms
[78.975s][info][gc,start    ] GC(65) Concurrent marking roots
[78.975s][info][gc,task     ] GC(65) Using 1 of 3 workers for concurrent marking roots
[78.984s][info][gc          ] GC(65) Concurrent marking roots 9.579ms
[78.984s][info][gc,start    ] GC(65) Concurrent marking (unload classes)
[78.984s][info][gc,task     ] GC(65) Using 1 of 3 workers for concurrent marking
[79.056s][info][gc          ] GC(65) Concurrent marking (unload classes) 71.203ms
[79.056s][info][gc,start    ] GC(65) Pause Final Mark (unload classes)
[79.056s][info][gc,task     ] GC(65) Using 3 of 3 workers for final marking
[79.056s][info][gc,ergo     ] GC(65) Adaptive CSet Selection. Target Free: 1160M, Actual Free: 6562M, Max CSet: 341M, Min Garbage: 0B
[79.056s][info][gc,ergo     ] GC(65) Collectable Garbage: 1959M (99%), Immediate: 906M (46%), CSet: 1052M (53%)
[79.056s][info][gc,ergo     ] GC(65) Pacer for Evacuation. Used CSet: 1112M, Free: 6190M, Non-Taxable: 619M, Alloc Tax Rate: 1.1x
[79.056s][info][gc          ] GC(65) Pause Final Mark (unload classes) 0.255ms
[79.056s][info][gc,start    ] GC(65) Concurrent thread roots
[79.056s][info][gc,task     ] GC(65) Using 1 of 3 workers for Concurrent thread roots
[79.064s][info][gc          ] GC(65) Concurrent thread roots 8.004ms
[79.064s][info][gc,start    ] GC(65) Concurrent weak references
[79.064s][info][gc,task     ] GC(65) Using 1 of 3 workers for concurrent weak references
[79.067s][info][gc,ref      ] GC(65) Encountered references: Soft: 3713, Weak: 14970, Final: 53, Phantom: 598
[79.067s][info][gc,ref      ] GC(65) Discovered  references: Soft: 0, Weak: 5685, Final: 0, Phantom: 278
[79.067s][info][gc,ref      ] GC(65) Enqueued    references: Soft: 0, Weak: 217, Final: 0, Phantom: 0
[79.067s][info][gc          ] GC(65) Concurrent weak references 3.028ms
[79.067s][info][gc,start    ] GC(65) Concurrent weak roots
[79.067s][info][gc,task     ] GC(65) Using 1 of 3 workers for concurrent weak root
[79.081s][info][gc          ] GC(65) Concurrent weak roots 13.666ms
[79.081s][info][gc,start    ] GC(65) Concurrent cleanup
[79.081s][info][gc          ] GC(65) Concurrent cleanup 2618M->1711M(8192M) 0.068ms
[79.081s][info][gc,ergo     ] GC(65) Free: 6115M, Max: 4096K regular, 5172M humongous, Frag: 16% external, 0% internal; Reserve: 347M, Max: 4096K
[79.081s][info][gc,start    ] GC(65) Concurrent class unloading
[79.081s][info][gc,task     ] GC(65) Using 1 of 3 workers for concurrent class unloading
[79.129s][info][gc          ] GC(65) Concurrent class unloading 48.415ms
[79.129s][info][gc,start    ] GC(65) Concurrent strong roots
[79.129s][info][gc,task     ] GC(65) Using 1 of 3 workers for concurrent strong root
[79.130s][info][gc          ] GC(65) Concurrent strong roots 0.657ms
[79.130s][info][gc,start    ] GC(65) Concurrent evacuation
[79.130s][info][gc,task     ] GC(65) Using 1 of 3 workers for concurrent evacuation
[79.143s][info][gc          ] GC(65) Concurrent evacuation 13.012ms
[79.143s][info][gc,start    ] GC(65) Pause Init Update Refs
[79.143s][info][gc,ergo     ] GC(65) Pacer for Update Refs. Used: 1790M, Free: 6038M, Non-Taxable: 603M, Alloc Tax Rate: 1.1x
[79.143s][info][gc          ] GC(65) Pause Init Update Refs 0.072ms
[79.143s][info][gc,start    ] GC(65) Concurrent update references
[79.143s][info][gc,task     ] GC(65) Using 1 of 3 workers for concurrent reference update
[79.227s][info][gc          ] GC(65) Concurrent update references 83.507ms
[79.227s][info][gc,start    ] GC(65) Concurrent update thread roots
[79.235s][info][gc          ] GC(65) Concurrent update thread roots 7.859ms
[79.235s][info][gc,start    ] GC(65) Pause Final Update Refs
[79.235s][info][gc,task     ] GC(65) Using 3 of 3 workers for final reference update
[79.235s][info][gc          ] GC(65) Pause Final Update Refs 0.141ms
[79.235s][info][gc,start    ] GC(65) Concurrent cleanup
[79.235s][info][gc          ] GC(65) Concurrent cleanup 1855M->746M(8192M) 0.044ms
[79.235s][info][gc,ergo     ] Free: 6993M, Max: 4096K regular, 5104M humongous, Frag: 27% external, 0% internal; Reserve: 412M, Max: 4096K
[79.235s][info][gc,stats    ] 
[79.235s][info][gc,stats    ] All times are wall-clock times, except per-root-class counters, that are sum over
[79.235s][info][gc,stats    ] all workers. Dividing the <total> over the root stage time estimates parallelism.
[79.235s][info][gc,stats    ] 
[79.235s][info][gc,stats    ] Concurrent Reset                   9715 us
[79.235s][info][gc,stats    ] Pause Init Mark (G)                4621 us
[79.235s][info][gc,stats    ] Pause Init Mark (N)                 130 us
[79.235s][info][gc,stats    ]   Update Region States               27 us
[79.235s][info][gc,stats    ] Concurrent Mark Roots              9735 us, parallelism: 0.93x
[79.235s][info][gc,stats    ]   CMR: <total>                     9043 us
[79.235s][info][gc,stats    ]   CMR: Thread Roots                8862 us, workers (us): 8862, ---, ---, 
[79.235s][info][gc,stats    ]   CMR: VM Strong Roots               29 us, workers (us):  29, ---, ---, 
[79.235s][info][gc,stats    ]   CMR: CLDG Roots                   152 us, workers (us): 152, ---, ---, 
[79.235s][info][gc,stats    ] Concurrent Marking                71242 us
[79.235s][info][gc,stats    ] Pause Final Mark (G)                344 us
[79.235s][info][gc,stats    ] Pause Final Mark (N)                263 us
[79.235s][info][gc,stats    ]   Finish Mark                        70 us
[79.235s][info][gc,stats    ]   Update Region States               30 us
[79.235s][info][gc,stats    ]   Choose Collection Set              78 us
[79.235s][info][gc,stats    ]   Rebuild Free Set                    9 us
[79.235s][info][gc,stats    ] Concurrent Thread Roots            8127 us, parallelism: 0.97x
[79.235s][info][gc,stats    ]   CTR: <total>                     7917 us
[79.235s][info][gc,stats    ]   CTR: Thread Roots                7917 us, workers (us): 7917, ---, ---, 
[79.235s][info][gc,stats    ] Concurrent Weak References         3038 us, parallelism: 0.57x
[79.235s][info][gc,stats    ]   CWRF: <total>                    1736 us
[79.235s][info][gc,stats    ]   CWRF: Weak References            1736 us, workers (us): 1736, ---, ---, 
[79.235s][info][gc,stats    ] Concurrent Weak Roots             13741 us
[79.235s][info][gc,stats    ]   Roots                           13376 us, parallelism: 1.00x
[79.235s][info][gc,stats    ]     CWR: <total>                  13314 us
[79.235s][info][gc,stats    ]     CWR: Code Cache Roots         12039 us, workers (us): 12039, ---, ---, 
[79.235s][info][gc,stats    ]     CWR: VM Weak Roots             1175 us, workers (us): 1175, ---, ---, 
[79.235s][info][gc,stats    ]     CWR: CLDG Roots                 100 us, workers (us): 100, ---, ---, 
[79.235s][info][gc,stats    ]   Rendezvous                        267 us
[79.235s][info][gc,stats    ] Concurrent Cleanup                   78 us
[79.236s][info][gc,stats    ] Concurrent Class Unloading        48492 us
[79.236s][info][gc,stats    ]   Unlink Stale                    46997 us
[79.236s][info][gc,stats    ]     System Dictionary               542 us
[79.236s][info][gc,stats    ]     Weak Class Links              18786 us
[79.236s][info][gc,stats    ]     Code Roots                    27667 us
[79.236s][info][gc,stats    ]   Rendezvous                        171 us
[79.236s][info][gc,stats    ]   Purge Unlinked                   1224 us
[79.236s][info][gc,stats    ]     Code Roots                     1106 us
[79.236s][info][gc,stats    ]     CLDG                            117 us
[79.236s][info][gc,stats    ]     Exception Caches                  0 us
[79.236s][info][gc,stats    ] Concurrent Strong Roots             686 us, parallelism: 0.70x
[79.236s][info][gc,stats    ]   CSR: <total>                      477 us
[79.236s][info][gc,stats    ]   CSR: VM Strong Roots               16 us, workers (us):  16, ---, ---, 
[79.236s][info][gc,stats    ]   CSR: CLDG Roots                   461 us, workers (us): 461, ---, ---, 
[79.236s][info][gc,stats    ] Concurrent Evacuation             13079 us
[79.236s][info][gc,stats    ] Pause Init Update Refs (G)          223 us
[79.236s][info][gc,stats    ] Pause Init Update Refs (N)           82 us
[79.236s][info][gc,stats    ]   Manage GCLABs                      25 us
[79.236s][info][gc,stats    ] Concurrent Update Refs            83587 us
[79.236s][info][gc,stats    ] Concurrent Update Thread Roots     7916 us
[79.236s][info][gc,stats    ] Pause Final Update Refs (G)         259 us
[79.236s][info][gc,stats    ] Pause Final Update Refs (N)         158 us
[79.236s][info][gc,stats    ]   Update Region States               58 us
[79.236s][info][gc,stats    ]   Trash Collection Set               10 us
[79.236s][info][gc,stats    ]   Rebuild Free Set                   19 us
[79.236s][info][gc,stats    ] Concurrent Cleanup                   54 us
[79.236s][info][gc,stats    ] 
[79.236s][info][gc,stats    ] Allocation pacing accrued:
[79.236s][info][gc,stats    ]       0 of   651 ms (  0.0%): <total>
[79.236s][info][gc,stats    ]       0 of   651 ms (  0.0%): <average total>
[79.236s][info][gc,stats    ] 
[79.236s][info][gc,metaspace] Metaspace: 155344K(156608K)->155363K(156608K) NonClass: 137318K(137984K)->137336K(137984K) Class: 18026K(18624K)->18027K(18624K)
[79.236s][info][gc,ergo     ] Pacer for Idle. Initial: 163M, Alloc Tax Rate: 1.0x
[80.227s][info][gc          ] Trigger: Explicit GC request (System.gc())
[80.227s][info][gc,ergo     ] Free: 5818M, Max: 4096K regular, 5104M humongous, Frag: 13% external, 0% internal; Reserve: 412M, Max: 4096K
[80.227s][info][gc,start    ] GC(66) Concurrent reset
[80.227s][info][gc,task     ] GC(66) Using 1 of 3 workers for concurrent reset
[80.227s][info][gc,ergo     ] GC(66) Pacer for Reset. Non-Taxable: 8192M
[80.233s][info][gc          ] GC(66) Concurrent reset 5.582ms
[80.233s][info][gc,start    ] GC(66) Pause Init Mark (unload classes)
[80.233s][info][gc,task     ] GC(66) Using 3 of 3 workers for init marking
[80.233s][info][gc,ref      ] GC(66) Clearing All SoftReferences
[80.233s][info][gc,ergo     ] GC(66) Pacer for Mark. Expected Live: 151M, Free: 5818M, Non-Taxable: 581M, Alloc Tax Rate: 0.0x
[80.233s][info][gc          ] GC(66) Pause Init Mark (unload classes) 0.208ms
[80.233s][info][gc,start    ] GC(66) Concurrent marking roots
[80.233s][info][gc,task     ] GC(66) Using 1 of 3 workers for concurrent marking roots
[80.242s][info][gc          ] GC(66) Concurrent marking roots 8.168ms
[80.242s][info][gc,start    ] GC(66) Concurrent marking (unload classes)
[80.242s][info][gc,task     ] GC(66) Using 1 of 3 workers for concurrent marking
[80.294s][info][gc          ] GC(66) Concurrent marking (unload classes) 52.260ms
[80.294s][info][gc,start    ] GC(66) Pause Final Mark (unload classes)
[80.294s][info][gc,task     ] GC(66) Using 3 of 3 workers for final marking
[80.294s][info][gc,ergo     ] GC(66) Adaptive CSet Selection. Target Free: 1160M, Actual Free: 6793M, Max CSet: 341M, Min Garbage: 0B
[80.294s][info][gc,ergo     ] GC(66) Collectable Garbage: 1555M (99%), Immediate: 573M (36%), CSet: 981M (62%)
[80.294s][info][gc,ergo     ] GC(66) Pacer for Evacuation. Used CSet: 989M, Free: 6655M, Non-Taxable: 665M, Alloc Tax Rate: 1.1x
[80.294s][info][gc          ] GC(66) Pause Final Mark (unload classes) 0.495ms
[80.295s][info][gc,start    ] GC(66) Concurrent thread roots
[80.295s][info][gc,task     ] GC(66) Using 1 of 3 workers for Concurrent thread roots
[80.303s][info][gc          ] GC(66) Concurrent thread roots 8.418ms
[80.303s][info][gc,start    ] GC(66) Concurrent weak references
[80.303s][info][gc,task     ] GC(66) Using 1 of 3 workers for concurrent weak references
[80.304s][info][gc,ref      ] GC(66) Encountered references: Soft: 3585, Weak: 17949, Final: 53, Phantom: 598
[80.304s][info][gc,ref      ] GC(66) Discovered  references: Soft: 1313, Weak: 6863, Final: 0, Phantom: 278
[80.304s][info][gc,ref      ] GC(66) Enqueued    references: Soft: 848, Weak: 3400, Final: 0, Phantom: 0
[80.304s][info][gc          ] GC(66) Concurrent weak references 1.172ms
[80.304s][info][gc,start    ] GC(66) Concurrent weak roots
[80.304s][info][gc,task     ] GC(66) Using 1 of 3 workers for concurrent weak root
[80.314s][info][gc          ] GC(66) Concurrent weak roots 9.938ms
[80.314s][info][gc,start    ] GC(66) Concurrent cleanup
[80.314s][info][gc          ] GC(66) Concurrent cleanup 2024M->1451M(8192M) 0.043ms
[80.314s][info][gc,ergo     ] GC(66) Free: 6315M, Max: 4096K regular, 5124M humongous, Frag: 19% external, 0% internal; Reserve: 410M, Max: 4096K
[80.314s][info][gc,start    ] GC(66) Concurrent class unloading
[80.314s][info][gc,task     ] GC(66) Using 1 of 3 workers for concurrent class unloading
[80.367s][info][gc          ] GC(66) Concurrent class unloading 52.246ms
[80.367s][info][gc,start    ] GC(66) Concurrent strong roots
[80.367s][info][gc,task     ] GC(66) Using 1 of 3 workers for concurrent strong root
[80.367s][info][gc          ] GC(66) Concurrent strong roots 0.314ms
[80.367s][info][gc,start    ] GC(66) Concurrent evacuation
[80.367s][info][gc,task     ] GC(66) Using 1 of 3 workers for concurrent evacuation
[80.373s][info][gc          ] GC(66) Concurrent evacuation 5.703ms
[80.373s][info][gc,start    ] GC(66) Pause Init Update Refs
[80.373s][info][gc,ergo     ] GC(66) Pacer for Update Refs. Used: 1645M, Free: 6131M, Non-Taxable: 613M, Alloc Tax Rate: 1.1x
[80.373s][info][gc          ] GC(66) Pause Init Update Refs 0.122ms
[80.373s][info][gc,start    ] GC(66) Concurrent update references
[80.373s][info][gc,task     ] GC(66) Using 1 of 3 workers for concurrent reference update
[80.396s][info][gc          ] GC(66) Concurrent update references 23.264ms
[80.396s][info][gc,start    ] GC(66) Concurrent update thread roots
[80.405s][info][gc          ] GC(66) Concurrent update thread roots 8.377ms
[80.405s][info][gc,start    ] GC(66) Pause Final Update Refs
[80.405s][info][gc,task     ] GC(66) Using 3 of 3 workers for final reference update
[80.405s][info][gc          ] GC(66) Pause Final Update Refs 0.185ms
[80.405s][info][gc,start    ] GC(66) Concurrent cleanup
[80.405s][info][gc          ] GC(66) Concurrent cleanup 1645M->656M(8192M) 0.082ms
[80.405s][info][gc,ergo     ] Free: 7123M, Max: 4096K regular, 5220M humongous, Frag: 27% external, 0% internal; Reserve: 412M, Max: 4096K
[80.405s][info][gc,stats    ] 
[80.405s][info][gc,stats    ] All times are wall-clock times, except per-root-class counters, that are sum over
[80.405s][info][gc,stats    ] all workers. Dividing the <total> over the root stage time estimates parallelism.
[80.405s][info][gc,stats    ] 
[80.405s][info][gc,stats    ] Concurrent Reset                   5647 us
[80.405s][info][gc,stats    ] Pause Init Mark (G)                 423 us
[80.405s][info][gc,stats    ] Pause Init Mark (N)                 224 us
[80.405s][info][gc,stats    ]   Update Region States               78 us
[80.405s][info][gc,stats    ] Concurrent Mark Roots              8215 us, parallelism: 0.96x
[80.405s][info][gc,stats    ]   CMR: <total>                     7912 us
[80.405s][info][gc,stats    ]   CMR: Thread Roots                7820 us, workers (us): 7820, ---, ---, 
[80.405s][info][gc,stats    ]   CMR: VM Strong Roots               10 us, workers (us):  10, ---, ---, 
[80.405s][info][gc,stats    ]   CMR: CLDG Roots                    83 us, workers (us):  83, ---, ---, 
[80.405s][info][gc,stats    ] Concurrent Marking                52306 us
[80.405s][info][gc,stats    ] Pause Final Mark (G)                619 us
[80.405s][info][gc,stats    ] Pause Final Mark (N)                512 us
[80.405s][info][gc,stats    ]   Finish Mark                       133 us
[80.405s][info][gc,stats    ]   Update Region States               89 us
[80.405s][info][gc,stats    ]   Choose Collection Set             146 us
[80.405s][info][gc,stats    ]   Rebuild Free Set                   20 us
[80.405s][info][gc,stats    ] Concurrent Thread Roots            8447 us, parallelism: 0.99x
[80.405s][info][gc,stats    ]   CTR: <total>                     8357 us
[80.405s][info][gc,stats    ]   CTR: Thread Roots                8357 us, workers (us): 8357, ---, ---, 
[80.405s][info][gc,stats    ] Concurrent Weak References         1193 us, parallelism: 0.79x
[80.405s][info][gc,stats    ]   CWRF: <total>                     942 us
[80.405s][info][gc,stats    ]   CWRF: Weak References             942 us, workers (us): 942, ---, ---, 
[80.405s][info][gc,stats    ] Concurrent Weak Roots              9983 us
[80.405s][info][gc,stats    ]   Roots                            9708 us, parallelism: 0.99x
[80.405s][info][gc,stats    ]     CWR: <total>                   9624 us
[80.405s][info][gc,stats    ]     CWR: Code Cache Roots          8316 us, workers (us): 8316, ---, ---, 
[80.405s][info][gc,stats    ]     CWR: VM Weak Roots             1163 us, workers (us): 1163, ---, ---, 
[80.405s][info][gc,stats    ]     CWR: CLDG Roots                 145 us, workers (us): 145, ---, ---, 
[80.405s][info][gc,stats    ]   Rendezvous                        187 us
[80.405s][info][gc,stats    ] Concurrent Cleanup                   52 us
[80.405s][info][gc,stats    ] Concurrent Class Unloading        52295 us
[80.405s][info][gc,stats    ]   Unlink Stale                    49876 us
[80.405s][info][gc,stats    ]     System Dictionary              1911 us
[80.405s][info][gc,stats    ]     Weak Class Links              18531 us
[80.405s][info][gc,stats    ]     Code Roots                    29432 us
[80.405s][info][gc,stats    ]   Rendezvous                        240 us
[80.405s][info][gc,stats    ]   Purge Unlinked                   2111 us
[80.405s][info][gc,stats    ]     Code Roots                     1267 us
[80.405s][info][gc,stats    ]     CLDG                            844 us
[80.405s][info][gc,stats    ]     Exception Caches                  0 us
[80.405s][info][gc,stats    ] Concurrent Strong Roots             324 us, parallelism: 0.69x
[80.405s][info][gc,stats    ]   CSR: <total>                      222 us
[80.405s][info][gc,stats    ]   CSR: VM Strong Roots                8 us, workers (us):   8, ---, ---, 
[80.405s][info][gc,stats    ]   CSR: CLDG Roots                   214 us, workers (us): 214, ---, ---, 
[80.405s][info][gc,stats    ] Concurrent Evacuation              5772 us
[80.405s][info][gc,stats    ] Pause Init Update Refs (G)          245 us
[80.405s][info][gc,stats    ] Pause Init Update Refs (N)          139 us
[80.406s][info][gc,stats    ]   Manage GCLABs                      37 us
[80.406s][info][gc,stats    ] Concurrent Update Refs            23378 us
[80.406s][info][gc,stats    ] Concurrent Update Thread Roots     8430 us
[80.406s][info][gc,stats    ] Pause Final Update Refs (G)         325 us
[80.406s][info][gc,stats    ] Pause Final Update Refs (N)         204 us
[80.406s][info][gc,stats    ]   Update Region States               86 us
[80.406s][info][gc,stats    ]   Trash Collection Set               12 us
[80.406s][info][gc,stats    ]   Rebuild Free Set                   22 us
[80.406s][info][gc,stats    ] Concurrent Cleanup                   92 us
[80.406s][info][gc,stats    ] 
[80.406s][info][gc,stats    ] Allocation pacing accrued:
[80.406s][info][gc,stats    ]       0 of  1170 ms (  0.0%): <total>
[80.406s][info][gc,stats    ]       0 of  1170 ms (  0.0%): <average total>
[80.406s][info][gc,stats    ] 
[80.406s][info][gc,metaspace] Metaspace: 155521K(156800K)->154486K(156608K) NonClass: 137471K(138112K)->136608K(137984K) Class: 18049K(18688K)->17878K(18624K)
[80.406s][info][gc,ergo     ] Pacer for Idle. Initial: 163M, Alloc Tax Rate: 1.0x
[80.786s][info][gc          ] Trigger: Learning 2 of 5. Free (5687M) is below initial threshold (5734M)
[80.787s][info][gc,ergo     ] Free: 5687M, Max: 4096K regular, 5220M humongous, Frag: 9% external, 0% internal; Reserve: 412M, Max: 4096K
[80.787s][info][gc,start    ] GC(67) Concurrent reset
[80.787s][info][gc,task     ] GC(67) Using 1 of 3 workers for concurrent reset
[80.787s][info][gc,ergo     ] GC(67) Pacer for Reset. Non-Taxable: 8192M
[80.799s][info][gc          ] GC(67) Concurrent reset 12.771ms
[80.800s][info][gc,start    ] GC(67) Pause Init Mark (unload classes)
[80.800s][info][gc,task     ] GC(67) Using 3 of 3 workers for init marking
[80.800s][info][gc,ergo     ] GC(67) Pacer for Mark. Expected Live: 141M, Free: 5607M, Non-Taxable: 560M, Alloc Tax Rate: 0.0x
[80.800s][info][gc          ] GC(67) Pause Init Mark (unload classes) 0.157ms
[80.802s][info][gc,start    ] GC(67) Concurrent marking roots
[80.803s][info][gc,task     ] GC(67) Using 1 of 3 workers for concurrent marking roots
[80.812s][info][gc          ] GC(67) Concurrent marking roots 9.445ms
[80.812s][info][gc,start    ] GC(67) Concurrent marking (unload classes)
[80.812s][info][gc,task     ] GC(67) Using 1 of 3 workers for concurrent marking
[80.883s][info][gc          ] GC(67) Concurrent marking (unload classes) 70.596ms
[80.883s][info][gc,start    ] GC(67) Pause Final Mark (unload classes)
[80.883s][info][gc,task     ] GC(67) Using 3 of 3 workers for final marking
[80.883s][info][gc,ergo     ] GC(67) Adaptive CSet Selection. Target Free: 1160M, Actual Free: 6546M, Max CSet: 341M, Min Garbage: 0B
[80.883s][info][gc,ergo     ] GC(67) Collectable Garbage: 1966M (99%), Immediate: 906M (45%), CSet: 1059M (53%)
[80.883s][info][gc,ergo     ] GC(67) Pacer for Evacuation. Used CSet: 1116M, Free: 6170M, Non-Taxable: 617M, Alloc Tax Rate: 1.1x
[80.883s][info][gc          ] GC(67) Pause Final Mark (unload classes) 0.348ms
[80.883s][info][gc,start    ] GC(67) Concurrent thread roots
[80.883s][info][gc,task     ] GC(67) Using 1 of 3 workers for Concurrent thread roots
[80.891s][info][gc          ] GC(67) Concurrent thread roots 7.653ms
[80.891s][info][gc,start    ] GC(67) Concurrent weak references
[80.891s][info][gc,task     ] GC(67) Using 1 of 3 workers for concurrent weak references
[80.891s][info][gc,ref      ] GC(67) Encountered references: Soft: 3713, Weak: 14972, Final: 53, Phantom: 598
[80.891s][info][gc,ref      ] GC(67) Discovered  references: Soft: 0, Weak: 6155, Final: 0, Phantom: 277
[80.891s][info][gc,ref      ] GC(67) Enqueued    references: Soft: 0, Weak: 211, Final: 0, Phantom: 0
[80.891s][info][gc          ] GC(67) Concurrent weak references 0.503ms
[80.891s][info][gc,start    ] GC(67) Concurrent weak roots
[80.891s][info][gc,task     ] GC(67) Using 1 of 3 workers for concurrent weak root
[80.905s][info][gc          ] GC(67) Concurrent weak roots 14.054ms
[80.905s][info][gc,start    ] GC(67) Concurrent cleanup
[80.905s][info][gc          ] GC(67) Concurrent cleanup 2628M->1722M(8192M) 0.052ms
[80.905s][info][gc,ergo     ] GC(67) Free: 6099M, Max: 4096K regular, 5160M humongous, Frag: 16% external, 0% internal; Reserve: 353M, Max: 4096K
[80.905s][info][gc,start    ] GC(67) Concurrent class unloading
[80.905s][info][gc,task     ] GC(67) Using 1 of 3 workers for concurrent class unloading
[80.952s][info][gc          ] GC(67) Concurrent class unloading 46.553ms
[80.952s][info][gc,start    ] GC(67) Concurrent strong roots
[80.952s][info][gc,task     ] GC(67) Using 1 of 3 workers for concurrent strong root
[80.952s][info][gc          ] GC(67) Concurrent strong roots 0.388ms
[80.952s][info][gc,start    ] GC(67) Concurrent evacuation
[80.952s][info][gc,task     ] GC(67) Using 1 of 3 workers for concurrent evacuation
[80.963s][info][gc          ] GC(67) Concurrent evacuation 10.571ms
[80.963s][info][gc,start    ] GC(67) Pause Init Update Refs
[80.963s][info][gc,ergo     ] GC(67) Pacer for Update Refs. Used: 1795M, Free: 6028M, Non-Taxable: 602M, Alloc Tax Rate: 1.1x
[80.963s][info][gc          ] GC(67) Pause Init Update Refs 0.074ms
[80.967s][info][gc,start    ] GC(67) Concurrent update references
[80.967s][info][gc,task     ] GC(67) Using 1 of 3 workers for concurrent reference update
[81.052s][info][gc          ] GC(67) Concurrent update references 84.797ms
[81.052s][info][gc,start    ] GC(67) Concurrent update thread roots
[81.058s][info][gc          ] GC(67) Concurrent update thread roots 6.775ms
[81.058s][info][gc,start    ] GC(67) Pause Final Update Refs
[81.058s][info][gc,task     ] GC(67) Using 3 of 3 workers for final reference update
[81.059s][info][gc          ] GC(67) Pause Final Update Refs 0.117ms
[81.059s][info][gc,start    ] GC(67) Concurrent cleanup
[81.059s][info][gc          ] GC(67) Concurrent cleanup 1863M->746M(8192M) 0.036ms
[81.059s][info][gc,ergo     ] Free: 6993M, Max: 4096K regular, 5100M humongous, Frag: 27% external, 0% internal; Reserve: 412M, Max: 4096K
[81.059s][info][gc,stats    ] 
[81.059s][info][gc,stats    ] All times are wall-clock times, except per-root-class counters, that are sum over
[81.059s][info][gc,stats    ] all workers. Dividing the <total> over the root stage time estimates parallelism.
[81.059s][info][gc,stats    ] 
[81.059s][info][gc,stats    ] Concurrent Reset                  12908 us
[81.059s][info][gc,stats    ] Pause Init Mark (G)                2794 us
[81.059s][info][gc,stats    ] Pause Init Mark (N)                 167 us
[81.059s][info][gc,stats    ]   Update Region States               51 us
[81.059s][info][gc,stats    ] Concurrent Mark Roots              9575 us, parallelism: 0.93x
[81.059s][info][gc,stats    ]   CMR: <total>                     8914 us
[81.059s][info][gc,stats    ]   CMR: Thread Roots                8769 us, workers (us): 8769, ---, ---, 
[81.059s][info][gc,stats    ]   CMR: VM Strong Roots               22 us, workers (us):  22, ---, ---, 
[81.059s][info][gc,stats    ]   CMR: CLDG Roots                   123 us, workers (us): 123, ---, ---, 
[81.059s][info][gc,stats    ] Concurrent Marking                70642 us
[81.059s][info][gc,stats    ] Pause Final Mark (G)                435 us
[81.059s][info][gc,stats    ] Pause Final Mark (N)                365 us
[81.059s][info][gc,stats    ]   Finish Mark                        67 us
[81.059s][info][gc,stats    ]   Update Region States               38 us
[81.059s][info][gc,stats    ]   Choose Collection Set             121 us
[81.059s][info][gc,stats    ]   Rebuild Free Set                   20 us
[81.059s][info][gc,stats    ] Concurrent Thread Roots            7705 us, parallelism: 0.99x
[81.059s][info][gc,stats    ]   CTR: <total>                     7608 us
[81.059s][info][gc,stats    ]   CTR: Thread Roots                7608 us, workers (us): 7608, ---, ---, 
[81.059s][info][gc,stats    ] Concurrent Weak References          511 us, parallelism: 0.84x
[81.059s][info][gc,stats    ]   CWRF: <total>                     430 us
[81.059s][info][gc,stats    ]   CWRF: Weak References             430 us, workers (us): 430, ---, ---, 
[81.059s][info][gc,stats    ] Concurrent Weak Roots             14119 us
[81.059s][info][gc,stats    ]   Roots                           13765 us, parallelism: 1.00x
[81.059s][info][gc,stats    ]     CWR: <total>                  13722 us
[81.059s][info][gc,stats    ]     CWR: Code Cache Roots         12359 us, workers (us): 12359, ---, ---, 
[81.059s][info][gc,stats    ]     CWR: VM Weak Roots             1258 us, workers (us): 1258, ---, ---, 
[81.059s][info][gc,stats    ]     CWR: CLDG Roots                 105 us, workers (us): 105, ---, ---, 
[81.059s][info][gc,stats    ]   Rendezvous                        268 us
[81.059s][info][gc,stats    ] Concurrent Cleanup                   61 us
[81.059s][info][gc,stats    ] Concurrent Class Unloading        46600 us
[81.059s][info][gc,stats    ]   Unlink Stale                    44884 us
[81.059s][info][gc,stats    ]     System Dictionary               621 us
[81.059s][info][gc,stats    ]     Weak Class Links              18391 us
[81.059s][info][gc,stats    ]     Code Roots                    25869 us
[81.059s][info][gc,stats    ]   Rendezvous                        227 us
[81.059s][info][gc,stats    ]   Purge Unlinked                   1422 us
[81.059s][info][gc,stats    ]     Code Roots                     1342 us
[81.059s][info][gc,stats    ]     CLDG                             80 us
[81.059s][info][gc,stats    ]     Exception Caches                  0 us
[81.059s][info][gc,stats    ] Concurrent Strong Roots             398 us, parallelism: 0.72x
[81.059s][info][gc,stats    ]   CSR: <total>                      286 us
[81.059s][info][gc,stats    ]   CSR: VM Strong Roots                8 us, workers (us):   8, ---, ---, 
[81.059s][info][gc,stats    ]   CSR: CLDG Roots                   278 us, workers (us): 278, ---, ---, 
[81.059s][info][gc,stats    ] Concurrent Evacuation             10624 us
[81.059s][info][gc,stats    ] Pause Init Update Refs (G)         3675 us
[81.059s][info][gc,stats    ] Pause Init Update Refs (N)           87 us
[81.059s][info][gc,stats    ]   Manage GCLABs                      25 us
[81.059s][info][gc,stats    ] Concurrent Update Refs            84835 us
[81.059s][info][gc,stats    ] Concurrent Update Thread Roots     6823 us
[81.059s][info][gc,stats    ] Pause Final Update Refs (G)         253 us
[81.059s][info][gc,stats    ] Pause Final Update Refs (N)         129 us
[81.059s][info][gc,stats    ]   Update Region States               39 us
[81.059s][info][gc,stats    ]   Trash Collection Set                9 us
[81.059s][info][gc,stats    ]   Rebuild Free Set                   18 us
[81.059s][info][gc,stats    ] Concurrent Cleanup                   46 us
[81.059s][info][gc,stats    ] 
[81.059s][info][gc,stats    ] Allocation pacing accrued:
[81.059s][info][gc,stats    ]       0 of   654 ms (  0.0%): <total>
[81.059s][info][gc,stats    ]       0 of   654 ms (  0.0%): <average total>
[81.059s][info][gc,stats    ] 
[81.059s][info][gc,metaspace] Metaspace: 155358K(156608K)->155375K(156608K) NonClass: 137331K(137984K)->137348K(137984K) Class: 18026K(18624K)->18027K(18624K)
[81.059s][info][gc,ergo     ] Pacer for Idle. Initial: 163M, Alloc Tax Rate: 1.0x
[82.056s][info][gc          ] Trigger: Explicit GC request (System.gc())
[82.057s][info][gc,ergo     ] Free: 5812M, Max: 4096K regular, 5100M humongous, Frag: 13% external, 0% internal; Reserve: 412M, Max: 4096K
[82.057s][info][gc,start    ] GC(68) Concurrent reset
[82.057s][info][gc,task     ] GC(68) Using 1 of 3 workers for concurrent reset
[82.057s][info][gc,ergo     ] GC(68) Pacer for Reset. Non-Taxable: 8192M
[82.062s][info][gc          ] GC(68) Concurrent reset 5.715ms
[82.063s][info][gc,start    ] GC(68) Pause Init Mark (unload classes)
[82.063s][info][gc,task     ] GC(68) Using 3 of 3 workers for init marking
[82.063s][info][gc,ref      ] GC(68) Clearing All SoftReferences
[82.063s][info][gc,ergo     ] GC(68) Pacer for Mark. Expected Live: 150M, Free: 5812M, Non-Taxable: 581M, Alloc Tax Rate: 0.0x
[82.063s][info][gc          ] GC(68) Pause Init Mark (unload classes) 0.206ms
[82.063s][info][gc,start    ] GC(68) Concurrent marking roots
[82.063s][info][gc,task     ] GC(68) Using 1 of 3 workers for concurrent marking roots
[82.072s][info][gc          ] GC(68) Concurrent marking roots 9.360ms
[82.072s][info][gc,start    ] GC(68) Concurrent marking (unload classes)
[82.072s][info][gc,task     ] GC(68) Using 1 of 3 workers for concurrent marking
[82.124s][info][gc          ] GC(68) Concurrent marking (unload classes) 51.789ms
[82.124s][info][gc,start    ] GC(68) Pause Final Mark (unload classes)
[82.124s][info][gc,task     ] GC(68) Using 3 of 3 workers for final marking
[82.124s][info][gc,ergo     ] GC(68) Adaptive CSet Selection. Target Free: 1160M, Actual Free: 6799M, Max CSet: 341M, Min Garbage: 0B
[82.125s][info][gc,ergo     ] GC(68) Collectable Garbage: 1567M (99%), Immediate: 583M (37%), CSet: 983M (62%)
[82.125s][info][gc,ergo     ] GC(68) Pacer for Evacuation. Used CSet: 993M, Free: 6659M, Non-Taxable: 665M, Alloc Tax Rate: 1.1x
[82.125s][info][gc          ] GC(68) Pause Final Mark (unload classes) 0.461ms
[82.125s][info][gc,start    ] GC(68) Concurrent thread roots
[82.125s][info][gc,task     ] GC(68) Using 1 of 3 workers for Concurrent thread roots
[82.132s][info][gc          ] GC(68) Concurrent thread roots 7.014ms
[82.132s][info][gc,start    ] GC(68) Concurrent weak references
[82.132s][info][gc,task     ] GC(68) Using 1 of 3 workers for concurrent weak references
[82.132s][info][gc,ref      ] GC(68) Encountered references: Soft: 3585, Weak: 17950, Final: 53, Phantom: 598
[82.132s][info][gc,ref      ] GC(68) Discovered  references: Soft: 1313, Weak: 6867, Final: 0, Phantom: 278
[82.133s][info][gc,ref      ] GC(68) Enqueued    references: Soft: 848, Weak: 3400, Final: 0, Phantom: 0
[82.133s][info][gc          ] GC(68) Concurrent weak references 0.758ms
[82.133s][info][gc,start    ] GC(68) Concurrent weak roots
[82.133s][info][gc,task     ] GC(68) Using 1 of 3 workers for concurrent weak root
[82.141s][info][gc          ] GC(68) Concurrent weak roots 8.626ms
[82.141s][info][gc,start    ] GC(68) Concurrent cleanup
[82.141s][info][gc          ] GC(68) Concurrent cleanup 2079M->1507M(8192M) 0.045ms
[82.141s][info][gc,ergo     ] GC(68) Free: 6263M, Max: 4096K regular, 5120M humongous, Frag: 19% external, 0% internal; Reserve: 410M, Max: 4096K
[82.141s][info][gc,start    ] GC(68) Concurrent class unloading
[82.141s][info][gc,task     ] GC(68) Using 1 of 3 workers for concurrent class unloading
[82.190s][info][gc          ] GC(68) Concurrent class unloading 48.462ms
[82.190s][info][gc,start    ] GC(68) Concurrent strong roots
[82.190s][info][gc,task     ] GC(68) Using 1 of 3 workers for concurrent strong root
[82.190s][info][gc          ] GC(68) Concurrent strong roots 0.338ms
[82.190s][info][gc,start    ] GC(68) Concurrent evacuation
[82.190s][info][gc,task     ] GC(68) Using 1 of 3 workers for concurrent evacuation
[82.197s][info][gc          ] GC(68) Concurrent evacuation 6.655ms
[82.197s][info][gc,start    ] GC(68) Pause Init Update Refs
[82.197s][info][gc,ergo     ] GC(68) Pacer for Update Refs. Used: 1630M, Free: 6151M, Non-Taxable: 615M, Alloc Tax Rate: 1.1x
[82.197s][info][gc          ] GC(68) Pause Init Update Refs 0.172ms
[82.197s][info][gc,start    ] GC(68) Concurrent update references
[82.197s][info][gc,task     ] GC(68) Using 1 of 3 workers for concurrent reference update
[82.220s][info][gc          ] GC(68) Concurrent update references 22.533ms
[82.220s][info][gc,start    ] GC(68) Concurrent update thread roots
[82.227s][info][gc          ] GC(68) Concurrent update thread roots 7.500ms
[82.227s][info][gc,start    ] GC(68) Pause Final Update Refs
[82.227s][info][gc,task     ] GC(68) Using 3 of 3 workers for final reference update
[82.228s][info][gc          ] GC(68) Pause Final Update Refs 0.135ms
[82.228s][info][gc,start    ] GC(68) Concurrent cleanup
[82.228s][info][gc          ] GC(68) Concurrent cleanup 1630M->636M(8192M) 0.108ms
[82.228s][info][gc,ergo     ] Free: 7143M, Max: 4096K regular, 5224M humongous, Frag: 27% external, 0% internal; Reserve: 412M, Max: 4096K
[82.228s][info][gc,stats    ] 
[82.228s][info][gc,stats    ] All times are wall-clock times, except per-root-class counters, that are sum over
[82.228s][info][gc,stats    ] all workers. Dividing the <total> over the root stage time estimates parallelism.
[82.228s][info][gc,stats    ] 
[82.228s][info][gc,stats    ] Concurrent Reset                   5782 us
[82.228s][info][gc,stats    ] Pause Init Mark (G)                 478 us
[82.228s][info][gc,stats    ] Pause Init Mark (N)                 223 us
[82.228s][info][gc,stats    ]   Update Region States               69 us
[82.228s][info][gc,stats    ] Concurrent Mark Roots              9418 us, parallelism: 0.96x
[82.228s][info][gc,stats    ]   CMR: <total>                     9082 us
[82.228s][info][gc,stats    ]   CMR: Thread Roots                8976 us, workers (us): 8976, ---, ---, 
[82.228s][info][gc,stats    ]   CMR: VM Strong Roots               18 us, workers (us):  18, ---, ---, 
[82.228s][info][gc,stats    ]   CMR: CLDG Roots                    87 us, workers (us):  87, ---, ---, 
[82.228s][info][gc,stats    ] Concurrent Marking                51857 us
[82.228s][info][gc,stats    ] Pause Final Mark (G)                576 us
[82.228s][info][gc,stats    ] Pause Final Mark (N)                483 us
[82.228s][info][gc,stats    ]   Finish Mark                        85 us
[82.228s][info][gc,stats    ]   Update Region States               80 us
[82.228s][info][gc,stats    ]   Choose Collection Set             197 us
[82.228s][info][gc,stats    ]   Rebuild Free Set                   20 us
[82.228s][info][gc,stats    ] Concurrent Thread Roots            7058 us, parallelism: 0.94x
[82.228s][info][gc,stats    ]   CTR: <total>                     6614 us
[82.228s][info][gc,stats    ]   CTR: Thread Roots                6614 us, workers (us): 6614, ---, ---, 
[82.228s][info][gc,stats    ] Concurrent Weak References          766 us, parallelism: 0.83x
[82.228s][info][gc,stats    ]   CWRF: <total>                     634 us
[82.228s][info][gc,stats    ]   CWRF: Weak References             634 us, workers (us): 634, ---, ---, 
[82.228s][info][gc,stats    ] Concurrent Weak Roots              8671 us
[82.228s][info][gc,stats    ]   Roots                            8405 us, parallelism: 1.00x
[82.228s][info][gc,stats    ]     CWR: <total>                   8369 us
[82.228s][info][gc,stats    ]     CWR: Code Cache Roots          7114 us, workers (us): 7114, ---, ---, 
[82.228s][info][gc,stats    ]     CWR: VM Weak Roots             1156 us, workers (us): 1156, ---, ---, 
[82.228s][info][gc,stats    ]     CWR: CLDG Roots                  99 us, workers (us):  99, ---, ---, 
[82.228s][info][gc,stats    ]   Rendezvous                        202 us
[82.228s][info][gc,stats    ] Concurrent Cleanup                   55 us
[82.228s][info][gc,stats    ] Concurrent Class Unloading        48508 us
[82.229s][info][gc,stats    ]   Unlink Stale                    45985 us
[82.229s][info][gc,stats    ]     System Dictionary              1815 us
[82.229s][info][gc,stats    ]     Weak Class Links              16924 us
[82.229s][info][gc,stats    ]     Code Roots                    27244 us
[82.229s][info][gc,stats    ]   Rendezvous                        319 us
[82.229s][info][gc,stats    ]   Purge Unlinked                   2137 us
[82.229s][info][gc,stats    ]     Code Roots                     1320 us
[82.229s][info][gc,stats    ]     CLDG                            816 us
[82.229s][info][gc,stats    ]     Exception Caches                  0 us
[82.229s][info][gc,stats    ] Concurrent Strong Roots             355 us, parallelism: 0.62x
[82.229s][info][gc,stats    ]   CSR: <total>                      220 us
[82.229s][info][gc,stats    ]   CSR: VM Strong Roots                8 us, workers (us):   8, ---, ---, 
[82.229s][info][gc,stats    ]   CSR: CLDG Roots                   212 us, workers (us): 212, ---, ---, 
[82.229s][info][gc,stats    ] Concurrent Evacuation              6723 us
[82.229s][info][gc,stats    ] Pause Init Update Refs (G)          370 us
[82.229s][info][gc,stats    ] Pause Init Update Refs (N)          196 us
[82.229s][info][gc,stats    ]   Manage GCLABs                      42 us
[82.229s][info][gc,stats    ] Concurrent Update Refs            22601 us
[82.229s][info][gc,stats    ] Concurrent Update Thread Roots     7537 us
[82.229s][info][gc,stats    ] Pause Final Update Refs (G)         239 us
[82.229s][info][gc,stats    ] Pause Final Update Refs (N)         152 us
[82.229s][info][gc,stats    ]   Update Region States               68 us
[82.229s][info][gc,stats    ]   Trash Collection Set                9 us
[82.229s][info][gc,stats    ]   Rebuild Free Set                   19 us
[82.229s][info][gc,stats    ] Concurrent Cleanup                  134 us
[82.229s][info][gc,stats    ] 
[82.229s][info][gc,stats    ] Allocation pacing accrued:
[82.229s][info][gc,stats    ]       0 of  1170 ms (  0.0%): <total>
[82.229s][info][gc,stats    ]       0 of  1170 ms (  0.0%): <average total>
[82.229s][info][gc,stats    ] 
[82.229s][info][gc,metaspace] Metaspace: 155533K(156800K)->154501K(156608K) NonClass: 137484K(138112K)->136623K(137984K) Class: 18049K(18688K)->17878K(18624K)
[82.229s][info][gc,ergo     ] Pacer for Idle. Initial: 163M, Alloc Tax Rate: 1.0x
[82.590s][info][gc          ] Trigger: Learning 2 of 5. Free (5643M) is below initial threshold (5734M)
[82.590s][info][gc,ergo     ] Free: 5643M, Max: 4096K regular, 5224M humongous, Frag: 8% external, 0% internal; Reserve: 412M, Max: 4096K
[82.590s][info][gc,start    ] GC(69) Concurrent reset
[82.590s][info][gc,task     ] GC(69) Using 1 of 3 workers for concurrent reset
[82.591s][info][gc,ergo     ] GC(69) Pacer for Reset. Non-Taxable: 8192M
[82.606s][info][gc          ] GC(69) Concurrent reset 15.113ms
[82.606s][info][gc,start    ] GC(69) Pause Init Mark (unload classes)
[82.606s][info][gc,task     ] GC(69) Using 3 of 3 workers for init marking
[82.606s][info][gc,ergo     ] GC(69) Pacer for Mark. Expected Live: 140M, Free: 5531M, Non-Taxable: 553M, Alloc Tax Rate: 0.0x
[82.606s][info][gc          ] GC(69) Pause Init Mark (unload classes) 0.133ms
[82.606s][info][gc,start    ] GC(69) Concurrent marking roots
[82.606s][info][gc,task     ] GC(69) Using 1 of 3 workers for concurrent marking roots
[82.616s][info][gc          ] GC(69) Concurrent marking roots 9.418ms
[82.616s][info][gc,start    ] GC(69) Concurrent marking (unload classes)
[82.616s][info][gc,task     ] GC(69) Using 1 of 3 workers for concurrent marking
[82.685s][info][gc          ] GC(69) Concurrent marking (unload classes) 69.694ms
[82.686s][info][gc,start    ] GC(69) Pause Final Mark (unload classes)
[82.686s][info][gc,task     ] GC(69) Using 3 of 3 workers for final marking
[82.686s][info][gc,ergo     ] GC(69) Adaptive CSet Selection. Target Free: 1160M, Actual Free: 6631M, Max CSet: 341M, Min Garbage: 0B
[82.686s][info][gc,ergo     ] GC(69) Collectable Garbage: 2033M (99%), Immediate: 999M (48%), CSet: 1033M (50%)
[82.686s][info][gc,ergo     ] GC(69) Pacer for Evacuation. Used CSet: 1095M, Free: 6257M, Non-Taxable: 625M, Alloc Tax Rate: 1.1x
[82.686s][info][gc          ] GC(69) Pause Final Mark (unload classes) 0.228ms
[82.687s][info][gc,start    ] GC(69) Concurrent thread roots
[82.687s][info][gc,task     ] GC(69) Using 1 of 3 workers for Concurrent thread roots
[82.695s][info][gc          ] GC(69) Concurrent thread roots 7.908ms
[82.695s][info][gc,start    ] GC(69) Concurrent weak references
[82.695s][info][gc,task     ] GC(69) Using 1 of 3 workers for concurrent weak references
[82.695s][info][gc,ref      ] GC(69) Encountered references: Soft: 3714, Weak: 14969, Final: 53, Phantom: 598
[82.695s][info][gc,ref      ] GC(69) Discovered  references: Soft: 0, Weak: 7657, Final: 0, Phantom: 278
[82.695s][info][gc,ref      ] GC(69) Enqueued    references: Soft: 0, Weak: 212, Final: 0, Phantom: 0
[82.695s][info][gc          ] GC(69) Concurrent weak references 0.587ms
[82.695s][info][gc,start    ] GC(69) Concurrent weak roots
[82.695s][info][gc,task     ] GC(69) Using 1 of 3 workers for concurrent weak root
[82.704s][info][gc          ] GC(69) Concurrent weak roots 8.271ms
[82.704s][info][gc,start    ] GC(69) Concurrent cleanup
[82.704s][info][gc          ] GC(69) Concurrent cleanup 2622M->1622M(8192M) 0.040ms
[82.704s][info][gc,ergo     ] GC(69) Free: 6159M, Max: 4096K regular, 5124M humongous, Frag: 17% external, 0% internal; Reserve: 387M, Max: 4096K
[82.704s][info][gc,start    ] GC(69) Concurrent class unloading
[82.704s][info][gc,task     ] GC(69) Using 1 of 3 workers for concurrent class unloading
[82.754s][info][gc          ] GC(69) Concurrent class unloading 50.020ms
[82.754s][info][gc,start    ] GC(69) Concurrent strong roots
[82.754s][info][gc,task     ] GC(69) Using 1 of 3 workers for concurrent strong root
[82.754s][info][gc          ] GC(69) Concurrent strong roots 0.535ms
[82.754s][info][gc,start    ] GC(69) Concurrent evacuation
[82.755s][info][gc,task     ] GC(69) Using 1 of 3 workers for concurrent evacuation
[82.764s][info][gc          ] GC(69) Concurrent evacuation 9.688ms
[82.764s][info][gc,start    ] GC(69) Pause Init Update Refs
[82.764s][info][gc,ergo     ] GC(69) Pacer for Update Refs. Used: 1724M, Free: 6095M, Non-Taxable: 609M, Alloc Tax Rate: 1.1x
[82.764s][info][gc          ] GC(69) Pause Init Update Refs 0.104ms
[82.764s][info][gc,start    ] GC(69) Concurrent update references
[82.764s][info][gc,task     ] GC(69) Using 1 of 3 workers for concurrent reference update
[82.829s][info][gc          ] GC(69) Concurrent update references 64.843ms
[82.829s][info][gc,start    ] GC(69) Concurrent update thread roots
[82.836s][info][gc          ] GC(69) Concurrent update thread roots 6.755ms
[82.836s][info][gc,start    ] GC(69) Pause Final Update Refs
[82.836s][info][gc,task     ] GC(69) Using 3 of 3 workers for final reference update
[82.836s][info][gc          ] GC(69) Pause Final Update Refs 0.174ms
[82.836s][info][gc,start    ] GC(69) Concurrent cleanup
[82.837s][info][gc          ] GC(69) Concurrent cleanup 1768M->673M(8192M) 0.107ms
[82.837s][info][gc,ergo     ] Free: 7066M, Max: 4096K regular, 5056M humongous, Frag: 29% external, 0% internal; Reserve: 412M, Max: 4096K
[82.837s][info][gc,stats    ] 
[82.837s][info][gc,stats    ] All times are wall-clock times, except per-root-class counters, that are sum over
[82.837s][info][gc,stats    ] all workers. Dividing the <total> over the root stage time estimates parallelism.
[82.837s][info][gc,stats    ] 
[82.837s][info][gc,stats    ] Concurrent Reset                  15298 us
[82.837s][info][gc,stats    ] Pause Init Mark (G)                 391 us
[82.837s][info][gc,stats    ] Pause Init Mark (N)                 141 us
[82.837s][info][gc,stats    ]   Update Region States               45 us
[82.837s][info][gc,stats    ] Concurrent Mark Roots              9554 us, parallelism: 0.95x
[82.837s][info][gc,stats    ]   CMR: <total>                     9069 us
[82.837s][info][gc,stats    ]   CMR: Thread Roots                8946 us, workers (us): 8946, ---, ---, 
[82.837s][info][gc,stats    ]   CMR: VM Strong Roots               17 us, workers (us):  17, ---, ---, 
[82.837s][info][gc,stats    ]   CMR: CLDG Roots                   105 us, workers (us): 105, ---, ---, 
[82.837s][info][gc,stats    ] Concurrent Marking                69756 us
[82.837s][info][gc,stats    ] Pause Final Mark (G)               1432 us
[82.837s][info][gc,stats    ] Pause Final Mark (N)                237 us
[82.837s][info][gc,stats    ]   Finish Mark                        66 us
[82.837s][info][gc,stats    ]   Update Region States               30 us
[82.837s][info][gc,stats    ]   Choose Collection Set              63 us
[82.837s][info][gc,stats    ]   Rebuild Free Set                    9 us
[82.837s][info][gc,stats    ] Concurrent Thread Roots            7953 us, parallelism: 0.98x
[82.837s][info][gc,stats    ]   CTR: <total>                     7777 us
[82.837s][info][gc,stats    ]   CTR: Thread Roots                7777 us, workers (us): 7777, ---, ---, 
[82.837s][info][gc,stats    ] Concurrent Weak References          594 us, parallelism: 0.85x
[82.837s][info][gc,stats    ]   CWRF: <total>                     507 us
[82.837s][info][gc,stats    ]   CWRF: Weak References             507 us, workers (us): 507, ---, ---, 
[82.837s][info][gc,stats    ] Concurrent Weak Roots              8309 us
[82.837s][info][gc,stats    ]   Roots                            8030 us, parallelism: 0.99x
[82.837s][info][gc,stats    ]     CWR: <total>                   7966 us
[82.837s][info][gc,stats    ]     CWR: Code Cache Roots          6560 us, workers (us): 6560, ---, ---, 
[82.837s][info][gc,stats    ]     CWR: VM Weak Roots             1277 us, workers (us): 1277, ---, ---, 
[82.837s][info][gc,stats    ]     CWR: CLDG Roots                 129 us, workers (us): 129, ---, ---, 
[82.837s][info][gc,stats    ]   Rendezvous                        222 us
[82.837s][info][gc,stats    ] Concurrent Cleanup                   49 us
[82.837s][info][gc,stats    ] Concurrent Class Unloading        50079 us
[82.837s][info][gc,stats    ]   Unlink Stale                    46375 us
[82.837s][info][gc,stats    ]     System Dictionary               387 us
[82.837s][info][gc,stats    ]     Weak Class Links              16154 us
[82.837s][info][gc,stats    ]     Code Roots                    29829 us
[82.837s][info][gc,stats    ]   Rendezvous                        823 us
[82.837s][info][gc,stats    ]   Purge Unlinked                   2799 us
[82.837s][info][gc,stats    ]     Code Roots                     2691 us
[82.837s][info][gc,stats    ]     CLDG                            107 us
[82.837s][info][gc,stats    ]     Exception Caches                  0 us
[82.837s][info][gc,stats    ] Concurrent Strong Roots             571 us, parallelism: 0.65x
[82.837s][info][gc,stats    ]   CSR: <total>                      372 us
[82.837s][info][gc,stats    ]   CSR: VM Strong Roots               10 us, workers (us):  10, ---, ---, 
[82.837s][info][gc,stats    ]   CSR: CLDG Roots                   362 us, workers (us): 362, ---, ---, 
[82.837s][info][gc,stats    ] Concurrent Evacuation              9751 us
[82.837s][info][gc,stats    ] Pause Init Update Refs (G)          213 us
[82.837s][info][gc,stats    ] Pause Init Update Refs (N)          121 us
[82.837s][info][gc,stats    ]   Manage GCLABs                      26 us
[82.837s][info][gc,stats    ] Concurrent Update Refs            64896 us
[82.837s][info][gc,stats    ] Concurrent Update Thread Roots     6814 us
[82.837s][info][gc,stats    ] Pause Final Update Refs (G)         298 us
[82.837s][info][gc,stats    ] Pause Final Update Refs (N)         185 us
[82.837s][info][gc,stats    ]   Update Region States               77 us
[82.837s][info][gc,stats    ]   Trash Collection Set               11 us
[82.837s][info][gc,stats    ]   Rebuild Free Set                   22 us
[82.837s][info][gc,stats    ] Concurrent Cleanup                  133 us
[82.837s][info][gc,stats    ] 
[82.837s][info][gc,stats    ] Allocation pacing accrued:
[82.837s][info][gc,stats    ]       0 of   608 ms (  0.0%): <total>
[82.837s][info][gc,stats    ]       0 of   608 ms (  0.0%): <average total>
[82.837s][info][gc,stats    ] 
[82.837s][info][gc,metaspace] Metaspace: 155367K(156608K)->155395K(156608K) NonClass: 137343K(137984K)->137367K(137984K) Class: 18024K(18624K)->18028K(18624K)
[82.837s][info][gc,ergo     ] Pacer for Idle. Initial: 163M, Alloc Tax Rate: 1.0x
[83.829s][info][gc          ] Trigger: Explicit GC request (System.gc())
[83.829s][info][gc,ergo     ] Free: 5878M, Max: 4096K regular, 5056M humongous, Frag: 14% external, 0% internal; Reserve: 412M, Max: 4096K
[83.829s][info][gc,start    ] GC(70) Concurrent reset
[83.829s][info][gc,task     ] GC(70) Using 1 of 3 workers for concurrent reset
[83.829s][info][gc,ergo     ] GC(70) Pacer for Reset. Non-Taxable: 8192M
[83.834s][info][gc          ] GC(70) Concurrent reset 5.186ms
[83.834s][info][gc,start    ] GC(70) Pause Init Mark (unload classes)
[83.834s][info][gc,task     ] GC(70) Using 3 of 3 workers for init marking
[83.834s][info][gc,ref      ] GC(70) Clearing All SoftReferences
[83.834s][info][gc,ergo     ] GC(70) Pacer for Mark. Expected Live: 151M, Free: 5878M, Non-Taxable: 587M, Alloc Tax Rate: 0.0x
[83.834s][info][gc          ] GC(70) Pause Init Mark (unload classes) 0.239ms
[83.834s][info][gc,start    ] GC(70) Concurrent marking roots
[83.834s][info][gc,task     ] GC(70) Using 1 of 3 workers for concurrent marking roots
[83.841s][info][gc          ] GC(70) Concurrent marking roots 6.966ms
[83.841s][info][gc,start    ] GC(70) Concurrent marking (unload classes)
[83.841s][info][gc,task     ] GC(70) Using 1 of 3 workers for concurrent marking
[83.894s][info][gc          ] GC(70) Concurrent marking (unload classes) 52.620ms
[83.894s][info][gc,start    ] GC(70) Pause Final Mark (unload classes)
[83.894s][info][gc,task     ] GC(70) Using 3 of 3 workers for final marking
[83.895s][info][gc,ergo     ] GC(70) Adaptive CSet Selection. Target Free: 1160M, Actual Free: 6829M, Max CSet: 341M, Min Garbage: 0B
[83.895s][info][gc,ergo     ] GC(70) Collectable Garbage: 1498M (99%), Immediate: 549M (36%), CSet: 949M (62%)
[83.895s][info][gc,ergo     ] GC(70) Pacer for Evacuation. Used CSet: 957M, Free: 6691M, Non-Taxable: 669M, Alloc Tax Rate: 1.1x
[83.895s][info][gc          ] GC(70) Pause Final Mark (unload classes) 0.479ms
[83.895s][info][gc,start    ] GC(70) Concurrent thread roots
[83.895s][info][gc,task     ] GC(70) Using 1 of 3 workers for Concurrent thread roots
[83.902s][info][gc          ] GC(70) Concurrent thread roots 6.883ms
[83.902s][info][gc,start    ] GC(70) Concurrent weak references
[83.902s][info][gc,task     ] GC(70) Using 1 of 3 workers for concurrent weak references
[83.903s][info][gc,ref      ] GC(70) Encountered references: Soft: 3585, Weak: 17946, Final: 53, Phantom: 598
[83.903s][info][gc,ref      ] GC(70) Discovered  references: Soft: 1313, Weak: 6842, Final: 0, Phantom: 373
[83.903s][info][gc,ref      ] GC(70) Enqueued    references: Soft: 848, Weak: 3397, Final: 0, Phantom: 0
[83.903s][info][gc          ] GC(70) Concurrent weak references 1.110ms
[83.903s][info][gc,start    ] GC(70) Concurrent weak roots
[83.903s][info][gc,task     ] GC(70) Using 1 of 3 workers for concurrent weak root
[83.912s][info][gc          ] GC(70) Concurrent weak roots 9.321ms
[83.912s][info][gc,start    ] GC(70) Concurrent cleanup
[83.912s][info][gc          ] GC(70) Concurrent cleanup 2009M->1459M(8192M) 0.044ms
[83.912s][info][gc,ergo     ] GC(70) Free: 6311M, Max: 4096K regular, 5084M humongous, Frag: 20% external, 0% internal; Reserve: 410M, Max: 4096K
[83.912s][info][gc,start    ] GC(70) Concurrent class unloading
[83.912s][info][gc,task     ] GC(70) Using 1 of 3 workers for concurrent class unloading
[83.961s][info][gc          ] GC(70) Concurrent class unloading 48.320ms
[83.961s][info][gc,start    ] GC(70) Concurrent strong roots
[83.961s][info][gc,task     ] GC(70) Using 1 of 3 workers for concurrent strong root
[83.961s][info][gc          ] GC(70) Concurrent strong roots 0.416ms
[83.961s][info][gc,start    ] GC(70) Concurrent evacuation
[83.961s][info][gc,task     ] GC(70) Using 1 of 3 workers for concurrent evacuation
[83.967s][info][gc          ] GC(70) Concurrent evacuation 5.636ms
[83.967s][info][gc,start    ] GC(70) Pause Init Update Refs
[83.967s][info][gc,ergo     ] GC(70) Pacer for Update Refs. Used: 1617M, Free: 6164M, Non-Taxable: 616M, Alloc Tax Rate: 1.1x
[83.967s][info][gc          ] GC(70) Pause Init Update Refs 0.095ms
[83.967s][info][gc,start    ] GC(70) Concurrent update references
[83.967s][info][gc,task     ] GC(70) Using 1 of 3 workers for concurrent reference update
[83.990s][info][gc          ] GC(70) Concurrent update references 22.822ms
[83.990s][info][gc,start    ] GC(70) Concurrent update thread roots
[83.998s][info][gc          ] GC(70) Concurrent update thread roots 7.616ms
[83.998s][info][gc,start    ] GC(70) Pause Final Update Refs
[83.998s][info][gc,task     ] GC(70) Using 3 of 3 workers for final reference update
[83.998s][info][gc          ] GC(70) Pause Final Update Refs 0.182ms
[83.998s][info][gc,start    ] GC(70) Concurrent cleanup
[83.998s][info][gc          ] GC(70) Concurrent cleanup 1617M->659M(8192M) 0.105ms
[83.998s][info][gc,ergo     ] Free: 7120M, Max: 4096K regular, 5220M humongous, Frag: 27% external, 0% internal; Reserve: 412M, Max: 4096K
[83.998s][info][gc,stats    ] 
[83.998s][info][gc,stats    ] All times are wall-clock times, except per-root-class counters, that are sum over
[83.998s][info][gc,stats    ] all workers. Dividing the <total> over the root stage time estimates parallelism.
[83.998s][info][gc,stats    ] 
[83.998s][info][gc,stats    ] Concurrent Reset                   5253 us
[83.998s][info][gc,stats    ] Pause Init Mark (G)                 449 us
[83.998s][info][gc,stats    ] Pause Init Mark (N)                 260 us
[83.998s][info][gc,stats    ]   Update Region States               79 us
[83.998s][info][gc,stats    ] Concurrent Mark Roots              7011 us, parallelism: 0.96x
[83.998s][info][gc,stats    ]   CMR: <total>                     6701 us
[83.998s][info][gc,stats    ]   CMR: Thread Roots                6609 us, workers (us): 6609, ---, ---, 
[83.998s][info][gc,stats    ]   CMR: VM Strong Roots               11 us, workers (us):  11, ---, ---, 
[83.998s][info][gc,stats    ]   CMR: CLDG Roots                    82 us, workers (us):  82, ---, ---, 
[83.998s][info][gc,stats    ] Concurrent Marking                52686 us
[83.998s][info][gc,stats    ] Pause Final Mark (G)                651 us
[83.998s][info][gc,stats    ] Pause Final Mark (N)                500 us
[83.998s][info][gc,stats    ]   Finish Mark                        98 us
[83.998s][info][gc,stats    ]   Update Region States               56 us
[83.998s][info][gc,stats    ]   Choose Collection Set             171 us
[83.998s][info][gc,stats    ]   Rebuild Free Set                   25 us
[83.998s][info][gc,stats    ] Concurrent Thread Roots            6928 us, parallelism: 0.97x
[83.998s][info][gc,stats    ]   CTR: <total>                     6749 us
[83.998s][info][gc,stats    ]   CTR: Thread Roots                6749 us, workers (us): 6749, ---, ---, 
[83.998s][info][gc,stats    ] Concurrent Weak References         1126 us, parallelism: 0.80x
[83.998s][info][gc,stats    ]   CWRF: <total>                     906 us
[83.998s][info][gc,stats    ]   CWRF: Weak References             906 us, workers (us): 906, ---, ---, 
[83.998s][info][gc,stats    ] Concurrent Weak Roots              9360 us
[83.998s][info][gc,stats    ]   Roots                            9105 us, parallelism: 0.99x
[83.998s][info][gc,stats    ]     CWR: <total>                   9049 us
[83.998s][info][gc,stats    ]     CWR: Code Cache Roots          8258 us, workers (us): 8258, ---, ---, 
[83.998s][info][gc,stats    ]     CWR: VM Weak Roots              710 us, workers (us): 710, ---, ---, 
[83.998s][info][gc,stats    ]     CWR: CLDG Roots                  82 us, workers (us):  82, ---, ---, 
[83.998s][info][gc,stats    ]   Rendezvous                        181 us
[83.998s][info][gc,stats    ] Concurrent Cleanup                   54 us
[83.998s][info][gc,stats    ] Concurrent Class Unloading        48378 us
[83.998s][info][gc,stats    ]   Unlink Stale                    46042 us
[83.998s][info][gc,stats    ]     System Dictionary              1852 us
[83.998s][info][gc,stats    ]     Weak Class Links              17418 us
[83.998s][info][gc,stats    ]     Code Roots                    26769 us
[83.998s][info][gc,stats    ]   Rendezvous                        172 us
[83.998s][info][gc,stats    ]   Purge Unlinked                   2087 us
[83.998s][info][gc,stats    ]     Code Roots                     1238 us
[83.998s][info][gc,stats    ]     CLDG                            848 us
[83.998s][info][gc,stats    ]     Exception Caches                  0 us
[83.998s][info][gc,stats    ] Concurrent Strong Roots             438 us, parallelism: 0.63x
[83.998s][info][gc,stats    ]   CSR: <total>                      275 us
[83.998s][info][gc,stats    ]   CSR: VM Strong Roots               14 us, workers (us):  14, ---, ---, 
[83.998s][info][gc,stats    ]   CSR: CLDG Roots                   261 us, workers (us): 261, ---, ---, 
[83.998s][info][gc,stats    ] Concurrent Evacuation              5710 us
[83.998s][info][gc,stats    ] Pause Init Update Refs (G)          261 us
[83.998s][info][gc,stats    ] Pause Init Update Refs (N)          111 us
[83.998s][info][gc,stats    ]   Manage GCLABs                      34 us
[83.998s][info][gc,stats    ] Concurrent Update Refs            22891 us
[83.998s][info][gc,stats    ] Concurrent Update Thread Roots     7670 us
[83.999s][info][gc,stats    ] Pause Final Update Refs (G)         314 us
[83.999s][info][gc,stats    ] Pause Final Update Refs (N)         201 us
[83.999s][info][gc,stats    ]   Update Region States               85 us
[83.999s][info][gc,stats    ]   Trash Collection Set               11 us
[83.999s][info][gc,stats    ]   Rebuild Free Set                   21 us
[83.999s][info][gc,stats    ] Concurrent Cleanup                  132 us
[83.999s][info][gc,stats    ] 
[83.999s][info][gc,stats    ] Allocation pacing accrued:
[83.999s][info][gc,stats    ]       0 of  1161 ms (  0.0%): <total>
[83.999s][info][gc,stats    ]       0 of  1161 ms (  0.0%): <average total>
[83.999s][info][gc,stats    ] 
[83.999s][info][gc,metaspace] Metaspace: 155606K(156864K)->154571K(156800K) NonClass: 137555K(138176K)->136692K(138176K) Class: 18050K(18688K)->17878K(18624K)
[83.999s][info][gc,ergo     ] Pacer for Idle. Initial: 163M, Alloc Tax Rate: 1.0x
[84.329s][info][gc          ] Trigger: Learning 2 of 5. Free (5619M) is below initial threshold (5734M)
[84.330s][info][gc,ergo     ] Free: 5619M, Max: 4096K regular, 5220M humongous, Frag: 7% external, 0% internal; Reserve: 412M, Max: 4096K
[84.330s][info][gc,start    ] GC(71) Concurrent reset
[84.330s][info][gc,task     ] GC(71) Using 1 of 3 workers for concurrent reset
[84.330s][info][gc,ergo     ] GC(71) Pacer for Reset. Non-Taxable: 8192M
[84.344s][info][gc          ] GC(71) Concurrent reset 14.764ms
[84.345s][info][gc,start    ] GC(71) Pause Init Mark (unload classes)
[84.345s][info][gc,task     ] GC(71) Using 3 of 3 workers for init marking
[84.345s][info][gc,ergo     ] GC(71) Pacer for Mark. Expected Live: 140M, Free: 5515M, Non-Taxable: 551M, Alloc Tax Rate: 0.0x
[84.345s][info][gc          ] GC(71) Pause Init Mark (unload classes) 0.147ms
[84.345s][info][gc,start    ] GC(71) Concurrent marking roots
[84.345s][info][gc,task     ] GC(71) Using 1 of 3 workers for concurrent marking roots
[84.355s][info][gc          ] GC(71) Concurrent marking roots 9.430ms
[84.355s][info][gc,start    ] GC(71) Concurrent marking (unload classes)
[84.355s][info][gc,task     ] GC(71) Using 1 of 3 workers for concurrent marking
[84.423s][info][gc          ] GC(71) Concurrent marking (unload classes) 68.381ms
[84.423s][info][gc,start    ] GC(71) Pause Final Mark (unload classes)
[84.423s][info][gc,task     ] GC(71) Using 3 of 3 workers for final marking
[84.423s][info][gc,ergo     ] GC(71) Adaptive CSet Selection. Target Free: 1160M, Actual Free: 6577M, Max CSet: 341M, Min Garbage: 0B
[84.423s][info][gc,ergo     ] GC(71) Collectable Garbage: 2049M (99%), Immediate: 961M (46%), CSet: 1088M (52%)
[84.423s][info][gc,ergo     ] GC(71) Pacer for Evacuation. Used CSet: 1151M, Free: 6200M, Non-Taxable: 620M, Alloc Tax Rate: 1.1x
[84.423s][info][gc          ] GC(71) Pause Final Mark (unload classes) 0.255ms
[84.425s][info][gc,start    ] GC(71) Concurrent thread roots
[84.425s][info][gc,task     ] GC(71) Using 1 of 3 workers for Concurrent thread roots
[84.433s][info][gc          ] GC(71) Concurrent thread roots 8.630ms
[84.433s][info][gc,start    ] GC(71) Concurrent weak references
[84.433s][info][gc,task     ] GC(71) Using 1 of 3 workers for concurrent weak references
[84.434s][info][gc,ref      ] GC(71) Encountered references: Soft: 3714, Weak: 14972, Final: 53, Phantom: 598
[84.434s][info][gc,ref      ] GC(71) Discovered  references: Soft: 0, Weak: 7260, Final: 0, Phantom: 278
[84.434s][info][gc,ref      ] GC(71) Enqueued    references: Soft: 0, Weak: 212, Final: 0, Phantom: 0
[84.434s][info][gc          ] GC(71) Concurrent weak references 0.977ms
[84.434s][info][gc,start    ] GC(71) Concurrent weak roots
[84.434s][info][gc,task     ] GC(71) Using 1 of 3 workers for concurrent weak root
[84.444s][info][gc          ] GC(71) Concurrent weak roots 9.528ms
[84.444s][info][gc,start    ] GC(71) Concurrent cleanup
[84.444s][info][gc          ] GC(71) Concurrent cleanup 2681M->1719M(8192M) 0.038ms
[84.444s][info][gc,ergo     ] GC(71) Free: 6104M, Max: 4096K regular, 5108M humongous, Frag: 17% external, 0% internal; Reserve: 347M, Max: 4096K
[84.444s][info][gc,start    ] GC(71) Concurrent class unloading
[84.444s][info][gc,task     ] GC(71) Using 1 of 3 workers for concurrent class unloading
[84.490s][info][gc          ] GC(71) Concurrent class unloading 46.340ms
[84.490s][info][gc,start    ] GC(71) Concurrent strong roots
[84.491s][info][gc,task     ] GC(71) Using 1 of 3 workers for concurrent strong root
[84.491s][info][gc          ] GC(71) Concurrent strong roots 0.640ms
[84.491s][info][gc,start    ] GC(71) Concurrent evacuation
[84.491s][info][gc,task     ] GC(71) Using 1 of 3 workers for concurrent evacuation
[84.502s][info][gc          ] GC(71) Concurrent evacuation 11.084ms
[84.502s][info][gc,start    ] GC(71) Pause Init Update Refs
[84.502s][info][gc,ergo     ] GC(71) Pacer for Update Refs. Used: 1783M, Free: 6042M, Non-Taxable: 604M, Alloc Tax Rate: 1.1x
[84.502s][info][gc          ] GC(71) Pause Init Update Refs 0.049ms
[84.502s][info][gc,start    ] GC(71) Concurrent update references
[84.503s][info][gc,task     ] GC(71) Using 1 of 3 workers for concurrent reference update
[84.570s][info][gc          ] GC(71) Concurrent update references 67.849ms
[84.570s][info][gc,start    ] GC(71) Concurrent update thread roots
[84.577s][info][gc          ] GC(71) Concurrent update thread roots 6.672ms
[84.577s][info][gc,start    ] GC(71) Pause Final Update Refs
[84.577s][info][gc,task     ] GC(71) Using 3 of 3 workers for final reference update
[84.577s][info][gc          ] GC(71) Pause Final Update Refs 0.105ms
[84.577s][info][gc,start    ] GC(71) Concurrent cleanup
[84.577s][info][gc          ] GC(71) Concurrent cleanup 1832M->680M(8192M) 0.067ms
[84.577s][info][gc,ergo     ] Free: 7059M, Max: 4096K regular, 5040M humongous, Frag: 29% external, 0% internal; Reserve: 412M, Max: 4096K
[84.577s][info][gc,stats    ] 
[84.577s][info][gc,stats    ] All times are wall-clock times, except per-root-class counters, that are sum over
[84.577s][info][gc,stats    ] all workers. Dividing the <total> over the root stage time estimates parallelism.
[84.577s][info][gc,stats    ] 
[84.577s][info][gc,stats    ] Concurrent Reset                  14900 us
[84.577s][info][gc,stats    ] Pause Init Mark (G)                 512 us
[84.577s][info][gc,stats    ] Pause Init Mark (N)                 158 us
[84.578s][info][gc,stats    ]   Update Region States               42 us
[84.578s][info][gc,stats    ] Concurrent Mark Roots              9556 us, parallelism: 0.94x
[84.578s][info][gc,stats    ]   CMR: <total>                     9017 us
[84.578s][info][gc,stats    ]   CMR: Thread Roots                8851 us, workers (us): 8851, ---, ---, 
[84.578s][info][gc,stats    ]   CMR: VM Strong Roots               25 us, workers (us):  25, ---, ---, 
[84.578s][info][gc,stats    ]   CMR: CLDG Roots                   141 us, workers (us): 141, ---, ---, 
[84.578s][info][gc,stats    ] Concurrent Marking                68440 us
[84.578s][info][gc,stats    ] Pause Final Mark (G)               1719 us
[84.578s][info][gc,stats    ] Pause Final Mark (N)                263 us
[84.578s][info][gc,stats    ]   Finish Mark                        68 us
[84.578s][info][gc,stats    ]   Update Region States               36 us
[84.578s][info][gc,stats    ]   Choose Collection Set              77 us
[84.578s][info][gc,stats    ]   Rebuild Free Set                    9 us
[84.578s][info][gc,stats    ] Concurrent Thread Roots            8675 us, parallelism: 0.97x
[84.578s][info][gc,stats    ]   CTR: <total>                     8422 us
[84.578s][info][gc,stats    ]   CTR: Thread Roots                8422 us, workers (us): 8422, ---, ---, 
[84.578s][info][gc,stats    ] Concurrent Weak References          989 us, parallelism: 0.82x
[84.578s][info][gc,stats    ]   CWRF: <total>                     812 us
[84.578s][info][gc,stats    ]   CWRF: Weak References             812 us, workers (us): 812, ---, ---, 
[84.578s][info][gc,stats    ] Concurrent Weak Roots              9578 us
[84.578s][info][gc,stats    ]   Roots                            9326 us, parallelism: 0.99x
[84.578s][info][gc,stats    ]     CWR: <total>                   9267 us
[84.578s][info][gc,stats    ]     CWR: Code Cache Roots          7408 us, workers (us): 7408, ---, ---, 
[84.578s][info][gc,stats    ]     CWR: VM Weak Roots             1729 us, workers (us): 1729, ---, ---, 
[84.578s][info][gc,stats    ]     CWR: CLDG Roots                 129 us, workers (us): 129, ---, ---, 
[84.578s][info][gc,stats    ]   Rendezvous                        175 us
[84.578s][info][gc,stats    ] Concurrent Cleanup                   47 us
[84.578s][info][gc,stats    ] Concurrent Class Unloading        46418 us
[84.578s][info][gc,stats    ]   Unlink Stale                    44028 us
[84.578s][info][gc,stats    ]     System Dictionary               399 us
[84.578s][info][gc,stats    ]     Weak Class Links              16131 us
[84.578s][info][gc,stats    ]     Code Roots                    27497 us
[84.578s][info][gc,stats    ]   Rendezvous                        195 us
[84.578s][info][gc,stats    ]   Purge Unlinked                   2094 us
[84.578s][info][gc,stats    ]     Code Roots                     1994 us
[84.578s][info][gc,stats    ]     CLDG                             99 us
[84.578s][info][gc,stats    ]     Exception Caches                  0 us
[84.578s][info][gc,stats    ] Concurrent Strong Roots             680 us, parallelism: 0.64x
[84.578s][info][gc,stats    ]   CSR: <total>                      435 us
[84.578s][info][gc,stats    ]   CSR: VM Strong Roots               12 us, workers (us):  12, ---, ---, 
[84.578s][info][gc,stats    ]   CSR: CLDG Roots                   423 us, workers (us): 423, ---, ---, 
[84.578s][info][gc,stats    ] Concurrent Evacuation             11149 us
[84.578s][info][gc,stats    ] Pause Init Update Refs (G)          148 us
[84.578s][info][gc,stats    ] Pause Init Update Refs (N)           57 us
[84.578s][info][gc,stats    ]   Manage GCLABs                      15 us
[84.578s][info][gc,stats    ] Concurrent Update Refs            67886 us
[84.578s][info][gc,stats    ] Concurrent Update Thread Roots     6712 us
[84.578s][info][gc,stats    ] Pause Final Update Refs (G)         174 us
[84.578s][info][gc,stats    ] Pause Final Update Refs (N)         116 us
[84.578s][info][gc,stats    ]   Update Region States               40 us
[84.578s][info][gc,stats    ]   Trash Collection Set                6 us
[84.578s][info][gc,stats    ]   Rebuild Free Set                   15 us
[84.578s][info][gc,stats    ] Concurrent Cleanup                   86 us
[84.578s][info][gc,stats    ] 
[84.578s][info][gc,stats    ] Allocation pacing accrued:
[84.578s][info][gc,stats    ]       0 of   580 ms (  0.0%): <total>
[84.578s][info][gc,stats    ]       0 of   580 ms (  0.0%): <average total>
[84.578s][info][gc,stats    ] 
[84.578s][info][gc,metaspace] Metaspace: 155433K(156800K)->155458K(156800K) NonClass: 137409K(138176K)->137431K(138176K) Class: 18024K(18624K)->18026K(18624K)
[84.578s][info][gc,ergo     ] Pacer for Idle. Initial: 163M, Alloc Tax Rate: 1.0x
[85.535s][info][gc          ] Trigger: Explicit GC request (System.gc())
[85.535s][info][gc,ergo     ] Free: 5880M, Max: 4096K regular, 5040M humongous, Frag: 15% external, 0% internal; Reserve: 412M, Max: 4096K
[85.535s][info][gc,start    ] GC(72) Concurrent reset
[85.535s][info][gc,task     ] GC(72) Using 1 of 3 workers for concurrent reset
[85.535s][info][gc,ergo     ] GC(72) Pacer for Reset. Non-Taxable: 8192M
[85.541s][info][gc          ] GC(72) Concurrent reset 5.808ms
[85.541s][info][gc,start    ] GC(72) Pause Init Mark (unload classes)
[85.541s][info][gc,task     ] GC(72) Using 3 of 3 workers for init marking
[85.541s][info][gc,ref      ] GC(72) Clearing All SoftReferences
[85.541s][info][gc,ergo     ] GC(72) Pacer for Mark. Expected Live: 151M, Free: 5880M, Non-Taxable: 588M, Alloc Tax Rate: 0.0x
[85.541s][info][gc          ] GC(72) Pause Init Mark (unload classes) 0.160ms
[85.541s][info][gc,start    ] GC(72) Concurrent marking roots
[85.541s][info][gc,task     ] GC(72) Using 1 of 3 workers for concurrent marking roots
[85.550s][info][gc          ] GC(72) Concurrent marking roots 8.724ms
[85.550s][info][gc,start    ] GC(72) Concurrent marking (unload classes)
[85.550s][info][gc,task     ] GC(72) Using 1 of 3 workers for concurrent marking
[85.602s][info][gc          ] GC(72) Concurrent marking (unload classes) 51.926ms
[85.602s][info][gc,start    ] GC(72) Pause Final Mark (unload classes)
[85.602s][info][gc,task     ] GC(72) Using 3 of 3 workers for final marking
[85.602s][info][gc,ergo     ] GC(72) Adaptive CSet Selection. Target Free: 1160M, Actual Free: 6811M, Max CSet: 341M, Min Garbage: 0B
[85.602s][info][gc,ergo     ] GC(72) Collectable Garbage: 1499M (99%), Immediate: 527M (34%), CSet: 972M (64%)
[85.602s][info][gc,ergo     ] GC(72) Pacer for Evacuation. Used CSet: 979M, Free: 6671M, Non-Taxable: 667M, Alloc Tax Rate: 1.1x
[85.602s][info][gc          ] GC(72) Pause Final Mark (unload classes) 0.469ms
[85.603s][info][gc,start    ] GC(72) Concurrent thread roots
[85.603s][info][gc,task     ] GC(72) Using 1 of 3 workers for Concurrent thread roots
[85.610s][info][gc          ] GC(72) Concurrent thread roots 7.508ms
[85.610s][info][gc,start    ] GC(72) Concurrent weak references
[85.610s][info][gc,task     ] GC(72) Using 1 of 3 workers for concurrent weak references
[85.611s][info][gc,ref      ] GC(72) Encountered references: Soft: 3587, Weak: 17950, Final: 53, Phantom: 598
[85.611s][info][gc,ref      ] GC(72) Discovered  references: Soft: 1315, Weak: 6868, Final: 0, Phantom: 278
[85.611s][info][gc,ref      ] GC(72) Enqueued    references: Soft: 850, Weak: 3400, Final: 0, Phantom: 0
[85.611s][info][gc          ] GC(72) Concurrent weak references 1.087ms
[85.611s][info][gc,start    ] GC(72) Concurrent weak roots
[85.611s][info][gc,task     ] GC(72) Using 1 of 3 workers for concurrent weak root
[85.621s][info][gc          ] GC(72) Concurrent weak roots 9.786ms
[85.621s][info][gc,start    ] GC(72) Concurrent cleanup
[85.621s][info][gc          ] GC(72) Concurrent cleanup 1937M->1409M(8192M) 0.039ms
[85.621s][info][gc,ergo     ] GC(72) Free: 6363M, Max: 4096K regular, 5076M humongous, Frag: 21% external, 0% internal; Reserve: 410M, Max: 4096K
[85.621s][info][gc,start    ] GC(72) Concurrent class unloading
[85.621s][info][gc,task     ] GC(72) Using 1 of 3 workers for concurrent class unloading
[85.671s][info][gc          ] GC(72) Concurrent class unloading 49.898ms
[85.671s][info][gc,start    ] GC(72) Concurrent strong roots
[85.671s][info][gc,task     ] GC(72) Using 1 of 3 workers for concurrent strong root
[85.671s][info][gc          ] GC(72) Concurrent strong roots 0.318ms
[85.671s][info][gc,start    ] GC(72) Concurrent evacuation
[85.671s][info][gc,task     ] GC(72) Using 1 of 3 workers for concurrent evacuation
[85.677s][info][gc          ] GC(72) Concurrent evacuation 5.457ms
[85.677s][info][gc,start    ] GC(72) Pause Init Update Refs
[85.677s][info][gc,ergo     ] GC(72) Pacer for Update Refs. Used: 1620M, Free: 6159M, Non-Taxable: 615M, Alloc Tax Rate: 1.1x
[85.677s][info][gc          ] GC(72) Pause Init Update Refs 0.075ms
[85.677s][info][gc,start    ] GC(72) Concurrent update references
[85.677s][info][gc,task     ] GC(72) Using 1 of 3 workers for concurrent reference update
[85.699s][info][gc          ] GC(72) Concurrent update references 22.070ms
[85.699s][info][gc,start    ] GC(72) Concurrent update thread roots
[85.707s][info][gc          ] GC(72) Concurrent update thread roots 7.753ms
[85.707s][info][gc,start    ] GC(72) Pause Final Update Refs
[85.707s][info][gc,task     ] GC(72) Using 3 of 3 workers for final reference update
[85.707s][info][gc          ] GC(72) Pause Final Update Refs 0.183ms
[85.707s][info][gc,start    ] GC(72) Concurrent cleanup
[85.707s][info][gc          ] GC(72) Concurrent cleanup 1620M->640M(8192M) 0.073ms
[85.707s][info][gc,ergo     ] Free: 7139M, Max: 4096K regular, 5224M humongous, Frag: 27% external, 0% internal; Reserve: 412M, Max: 4096K
[85.707s][info][gc,stats    ] 
[85.707s][info][gc,stats    ] All times are wall-clock times, except per-root-class counters, that are sum over
[85.707s][info][gc,stats    ] all workers. Dividing the <total> over the root stage time estimates parallelism.
[85.707s][info][gc,stats    ] 
[85.707s][info][gc,stats    ] Concurrent Reset                   5876 us
[85.707s][info][gc,stats    ] Pause Init Mark (G)                 301 us
[85.707s][info][gc,stats    ] Pause Init Mark (N)                 168 us
[85.707s][info][gc,stats    ]   Update Region States               60 us
[85.707s][info][gc,stats    ] Concurrent Mark Roots              8773 us, parallelism: 0.95x
[85.708s][info][gc,stats    ]   CMR: <total>                     8351 us
[85.708s][info][gc,stats    ]   CMR: Thread Roots                8141 us, workers (us): 8141, ---, ---, 
[85.708s][info][gc,stats    ]   CMR: VM Strong Roots               26 us, workers (us):  26, ---, ---, 
[85.708s][info][gc,stats    ]   CMR: CLDG Roots                   183 us, workers (us): 183, ---, ---, 
[85.708s][info][gc,stats    ] Concurrent Marking                51996 us
[85.708s][info][gc,stats    ] Pause Final Mark (G)                607 us
[85.708s][info][gc,stats    ] Pause Final Mark (N)                486 us
[85.708s][info][gc,stats    ]   Finish Mark                       122 us
[85.708s][info][gc,stats    ]   Update Region States               68 us
[85.708s][info][gc,stats    ]   Choose Collection Set             150 us
[85.708s][info][gc,stats    ]   Rebuild Free Set                   19 us
[85.708s][info][gc,stats    ] Concurrent Thread Roots            7554 us, parallelism: 0.96x
[85.708s][info][gc,stats    ]   CTR: <total>                     7257 us
[85.708s][info][gc,stats    ]   CTR: Thread Roots                7257 us, workers (us): 7257, ---, ---, 
[85.708s][info][gc,stats    ] Concurrent Weak References         1105 us, parallelism: 0.80x
[85.708s][info][gc,stats    ]   CWRF: <total>                     882 us
[85.708s][info][gc,stats    ]   CWRF: Weak References             882 us, workers (us): 882, ---, ---, 
[85.708s][info][gc,stats    ] Concurrent Weak Roots              9829 us
[85.708s][info][gc,stats    ]   Roots                            9565 us, parallelism: 0.99x
[85.708s][info][gc,stats    ]     CWR: <total>                   9488 us
[85.708s][info][gc,stats    ]     CWR: Code Cache Roots          8223 us, workers (us): 8223, ---, ---, 
[85.708s][info][gc,stats    ]     CWR: VM Weak Roots             1155 us, workers (us): 1155, ---, ---, 
[85.708s][info][gc,stats    ]     CWR: CLDG Roots                 110 us, workers (us): 110, ---, ---, 
[85.708s][info][gc,stats    ]   Rendezvous                        185 us
[85.708s][info][gc,stats    ] Concurrent Cleanup                   48 us
[85.708s][info][gc,stats    ] Concurrent Class Unloading        49948 us
[85.708s][info][gc,stats    ]   Unlink Stale                    47687 us
[85.708s][info][gc,stats    ]     System Dictionary              2009 us
[85.708s][info][gc,stats    ]     Weak Class Links              18571 us
[85.708s][info][gc,stats    ]     Code Roots                    27104 us
[85.708s][info][gc,stats    ]   Rendezvous                        233 us
[85.708s][info][gc,stats    ]   Purge Unlinked                   1960 us
[85.708s][info][gc,stats    ]     Code Roots                     1133 us
[85.708s][info][gc,stats    ]     CLDG                            826 us
[85.708s][info][gc,stats    ]     Exception Caches                  0 us
[85.708s][info][gc,stats    ] Concurrent Strong Roots             332 us, parallelism: 0.68x
[85.708s][info][gc,stats    ]   CSR: <total>                      225 us
[85.708s][info][gc,stats    ]   CSR: VM Strong Roots                9 us, workers (us):   9, ---, ---, 
[85.708s][info][gc,stats    ]   CSR: CLDG Roots                   216 us, workers (us): 216, ---, ---, 
[85.708s][info][gc,stats    ] Concurrent Evacuation              5510 us
[85.708s][info][gc,stats    ] Pause Init Update Refs (G)          182 us
[85.708s][info][gc,stats    ] Pause Init Update Refs (N)           83 us
[85.708s][info][gc,stats    ]   Manage GCLABs                      25 us
[85.708s][info][gc,stats    ] Concurrent Update Refs            22134 us
[85.708s][info][gc,stats    ] Concurrent Update Thread Roots     7772 us
[85.708s][info][gc,stats    ] Pause Final Update Refs (G)         290 us
[85.708s][info][gc,stats    ] Pause Final Update Refs (N)         202 us
[85.708s][info][gc,stats    ]   Update Region States               84 us
[85.708s][info][gc,stats    ]   Trash Collection Set               13 us
[85.708s][info][gc,stats    ]   Rebuild Free Set                   22 us
[85.708s][info][gc,stats    ] Concurrent Cleanup                   92 us
[85.708s][info][gc,stats    ] 
[85.708s][info][gc,stats    ] Allocation pacing accrued:
[85.708s][info][gc,stats    ]       0 of  1130 ms (  0.0%): <total>
[85.708s][info][gc,stats    ]       0 of  1130 ms (  0.0%): <average total>
[85.708s][info][gc,stats    ] 
[85.708s][info][gc,metaspace] Metaspace: 155623K(156864K)->154588K(156800K) NonClass: 137574K(138176K)->136710K(138176K) Class: 18049K(18688K)->17878K(18624K)
[85.708s][info][gc,ergo     ] Pacer for Idle. Initial: 163M, Alloc Tax Rate: 1.0x
[86.076s][info][gc          ] Trigger: Learning 2 of 5. Free (5627M) is below initial threshold (5734M)
[86.076s][info][gc,ergo     ] Free: 5623M, Max: 4096K regular, 5224M humongous, Frag: 7% external, 0% internal; Reserve: 412M, Max: 4096K
[86.076s][info][gc,start    ] GC(73) Concurrent reset
[86.076s][info][gc,task     ] GC(73) Using 1 of 3 workers for concurrent reset
[86.076s][info][gc,ergo     ] GC(73) Pacer for Reset. Non-Taxable: 8192M
[86.092s][info][gc          ] GC(73) Concurrent reset 15.510ms
[86.092s][info][gc,start    ] GC(73) Pause Init Mark (unload classes)
[86.092s][info][gc,task     ] GC(73) Using 3 of 3 workers for init marking
[86.092s][info][gc,ergo     ] GC(73) Pacer for Mark. Expected Live: 142M, Free: 5510M, Non-Taxable: 551M, Alloc Tax Rate: 0.0x
[86.092s][info][gc          ] GC(73) Pause Init Mark (unload classes) 0.121ms
[86.092s][info][gc,start    ] GC(73) Concurrent marking roots
[86.092s][info][gc,task     ] GC(73) Using 1 of 3 workers for concurrent marking roots
[86.102s][info][gc          ] GC(73) Concurrent marking roots 9.297ms
[86.102s][info][gc,start    ] GC(73) Concurrent marking (unload classes)
[86.102s][info][gc,task     ] GC(73) Using 1 of 3 workers for concurrent marking
[86.170s][info][gc          ] GC(73) Concurrent marking (unload classes) 67.716ms
[86.170s][info][gc,start    ] GC(73) Pause Final Mark (unload classes)
[86.170s][info][gc,task     ] GC(73) Using 3 of 3 workers for final marking
[86.170s][info][gc,ergo     ] GC(73) Adaptive CSet Selection. Target Free: 1160M, Actual Free: 6586M, Max CSet: 341M, Min Garbage: 0B
[86.170s][info][gc,ergo     ] GC(73) Collectable Garbage: 2051M (99%), Immediate: 962M (46%), CSet: 1089M (52%)
[86.170s][info][gc,ergo     ] GC(73) Pacer for Evacuation. Used CSet: 1149M, Free: 6209M, Non-Taxable: 620M, Alloc Tax Rate: 1.1x
[86.170s][info][gc          ] GC(73) Pause Final Mark (unload classes) 0.276ms
[86.171s][info][gc,start    ] GC(73) Concurrent thread roots
[86.171s][info][gc,task     ] GC(73) Using 1 of 3 workers for Concurrent thread roots
[86.179s][info][gc          ] GC(73) Concurrent thread roots 7.555ms
[86.179s][info][gc,start    ] GC(73) Concurrent weak references
[86.179s][info][gc,task     ] GC(73) Using 1 of 3 workers for concurrent weak references
[86.180s][info][gc,ref      ] GC(73) Encountered references: Soft: 3715, Weak: 14974, Final: 53, Phantom: 598
[86.180s][info][gc,ref      ] GC(73) Discovered  references: Soft: 0, Weak: 8252, Final: 0, Phantom: 278
[86.180s][info][gc,ref      ] GC(73) Enqueued    references: Soft: 0, Weak: 215, Final: 0, Phantom: 0
[86.180s][info][gc          ] GC(73) Concurrent weak references 0.975ms
[86.180s][info][gc,start    ] GC(73) Concurrent weak roots
[86.180s][info][gc,task     ] GC(73) Using 1 of 3 workers for concurrent weak root
[86.188s][info][gc          ] GC(73) Concurrent weak roots 7.843ms
[86.188s][info][gc,start    ] GC(73) Concurrent cleanup
[86.188s][info][gc          ] GC(73) Concurrent cleanup 2620M->1658M(8192M) 0.036ms
[86.188s][info][gc,ergo     ] GC(73) Free: 6112M, Max: 4096K regular, 5116M humongous, Frag: 17% external, 0% internal; Reserve: 397M, Max: 4096K
[86.188s][info][gc,start    ] GC(73) Concurrent class unloading
[86.188s][info][gc,task     ] GC(73) Using 1 of 3 workers for concurrent class unloading
[86.238s][info][gc          ] GC(73) Concurrent class unloading 50.332ms
[86.238s][info][gc,start    ] GC(73) Concurrent strong roots
[86.238s][info][gc,task     ] GC(73) Using 1 of 3 workers for concurrent strong root
[86.238s][info][gc          ] GC(73) Concurrent strong roots 0.474ms
[86.239s][info][gc,start    ] GC(73) Concurrent evacuation
[86.239s][info][gc,task     ] GC(73) Using 1 of 3 workers for concurrent evacuation
[86.247s][info][gc          ] GC(73) Concurrent evacuation 8.046ms
[86.247s][info][gc,start    ] GC(73) Pause Init Update Refs
[86.247s][info][gc,ergo     ] GC(73) Pacer for Update Refs. Used: 1766M, Free: 6052M, Non-Taxable: 605M, Alloc Tax Rate: 1.1x
[86.247s][info][gc          ] GC(73) Pause Init Update Refs 0.056ms
[86.247s][info][gc,start    ] GC(73) Concurrent update references
[86.247s][info][gc,task     ] GC(73) Using 1 of 3 workers for concurrent reference update
[86.311s][info][gc          ] GC(73) Concurrent update references 64.281ms
[86.311s][info][gc,start    ] GC(73) Concurrent update thread roots
[86.318s][info][gc          ] GC(73) Concurrent update thread roots 7.274ms
[86.318s][info][gc,start    ] GC(73) Pause Final Update Refs
[86.319s][info][gc,task     ] GC(73) Using 3 of 3 workers for final reference update
[86.319s][info][gc          ] GC(73) Pause Final Update Refs 0.173ms
[86.319s][info][gc,start    ] GC(73) Concurrent cleanup
[86.319s][info][gc          ] GC(73) Concurrent cleanup 1816M->666M(8192M) 0.086ms
[86.319s][info][gc,ergo     ] Free: 7073M, Max: 4096K regular, 5044M humongous, Frag: 29% external, 0% internal; Reserve: 412M, Max: 4096K
[86.319s][info][gc,stats    ] 
[86.319s][info][gc,stats    ] All times are wall-clock times, except per-root-class counters, that are sum over
[86.319s][info][gc,stats    ] all workers. Dividing the <total> over the root stage time estimates parallelism.
[86.319s][info][gc,stats    ] 
[86.319s][info][gc,stats    ] Concurrent Reset                  15615 us
[86.319s][info][gc,stats    ] Pause Init Mark (G)                 487 us
[86.319s][info][gc,stats    ] Pause Init Mark (N)                 129 us
[86.319s][info][gc,stats    ]   Update Region States               46 us
[86.319s][info][gc,stats    ] Concurrent Mark Roots              9423 us, parallelism: 0.94x
[86.319s][info][gc,stats    ]   CMR: <total>                     8813 us
[86.319s][info][gc,stats    ]   CMR: Thread Roots                8654 us, workers (us): 8654, ---, ---, 
[86.319s][info][gc,stats    ]   CMR: VM Strong Roots               29 us, workers (us):  29, ---, ---, 
[86.319s][info][gc,stats    ]   CMR: CLDG Roots                   130 us, workers (us): 130, ---, ---, 
[86.319s][info][gc,stats    ] Concurrent Marking                67786 us
[86.319s][info][gc,stats    ] Pause Final Mark (G)               1399 us
[86.319s][info][gc,stats    ] Pause Final Mark (N)                284 us
[86.319s][info][gc,stats    ]   Finish Mark                        99 us
[86.319s][info][gc,stats    ]   Update Region States               31 us
[86.319s][info][gc,stats    ]   Choose Collection Set              71 us
[86.319s][info][gc,stats    ]   Rebuild Free Set                    9 us
[86.319s][info][gc,stats    ] Concurrent Thread Roots            7624 us, parallelism: 0.95x
[86.319s][info][gc,stats    ]   CTR: <total>                     7235 us
[86.319s][info][gc,stats    ]   CTR: Thread Roots                7235 us, workers (us): 7235, ---, ---, 
[86.319s][info][gc,stats    ] Concurrent Weak References          984 us, parallelism: 0.82x
[86.319s][info][gc,stats    ]   CWRF: <total>                     807 us
[86.319s][info][gc,stats    ]   CWRF: Weak References             807 us, workers (us): 807, ---, ---, 
[86.319s][info][gc,stats    ] Concurrent Weak Roots              7878 us
[86.319s][info][gc,stats    ]   Roots                            7657 us, parallelism: 0.99x
[86.319s][info][gc,stats    ]     CWR: <total>                   7582 us
[86.319s][info][gc,stats    ]     CWR: Code Cache Roots          6262 us, workers (us): 6262, ---, ---, 
[86.319s][info][gc,stats    ]     CWR: VM Weak Roots             1225 us, workers (us): 1225, ---, ---, 
[86.319s][info][gc,stats    ]     CWR: CLDG Roots                  95 us, workers (us):  95, ---, ---, 
[86.319s][info][gc,stats    ]   Rendezvous                        166 us
[86.319s][info][gc,stats    ] Concurrent Cleanup                   45 us
[86.319s][info][gc,stats    ] Concurrent Class Unloading        50383 us
[86.319s][info][gc,stats    ]   Unlink Stale                    48275 us
[86.319s][info][gc,stats    ]     System Dictionary               422 us
[86.319s][info][gc,stats    ]     Weak Class Links              15937 us
[86.319s][info][gc,stats    ]     Code Roots                    31913 us
[86.319s][info][gc,stats    ]   Rendezvous                        251 us
[86.319s][info][gc,stats    ]   Purge Unlinked                   1785 us
[86.319s][info][gc,stats    ]     Code Roots                     1661 us
[86.320s][info][gc,stats    ]     CLDG                            122 us
[86.320s][info][gc,stats    ]     Exception Caches                  0 us
[86.320s][info][gc,stats    ] Concurrent Strong Roots             505 us, parallelism: 0.67x
[86.320s][info][gc,stats    ]   CSR: <total>                      337 us
[86.320s][info][gc,stats    ]   CSR: VM Strong Roots                9 us, workers (us):   9, ---, ---, 
[86.320s][info][gc,stats    ]   CSR: CLDG Roots                   327 us, workers (us): 327, ---, ---, 
[86.320s][info][gc,stats    ] Concurrent Evacuation              8090 us
[86.320s][info][gc,stats    ] Pause Init Update Refs (G)          134 us
[86.320s][info][gc,stats    ] Pause Init Update Refs (N)           64 us
[86.320s][info][gc,stats    ]   Manage GCLABs                      16 us
[86.320s][info][gc,stats    ] Concurrent Update Refs            64338 us
[86.320s][info][gc,stats    ] Concurrent Update Thread Roots     7341 us
[86.320s][info][gc,stats    ] Pause Final Update Refs (G)         303 us
[86.320s][info][gc,stats    ] Pause Final Update Refs (N)         194 us
[86.320s][info][gc,stats    ]   Update Region States               61 us
[86.320s][info][gc,stats    ]   Trash Collection Set               13 us
[86.320s][info][gc,stats    ]   Rebuild Free Set                   25 us
[86.320s][info][gc,stats    ] Concurrent Cleanup                  107 us
[86.320s][info][gc,stats    ] 
[86.320s][info][gc,stats    ] Allocation pacing accrued:
[86.320s][info][gc,stats    ]       0 of   612 ms (  0.0%): <total>
[86.320s][info][gc,stats    ]       0 of   612 ms (  0.0%): <average total>
[86.320s][info][gc,stats    ] 
[86.320s][info][gc,metaspace] Metaspace: 155461K(156800K)->155474K(156800K) NonClass: 137434K(138176K)->137447K(138176K) Class: 18027K(18624K)->18027K(18624K)
[86.320s][info][gc,ergo     ] Pacer for Idle. Initial: 163M, Alloc Tax Rate: 1.0x
[87.294s][info][gc          ] Trigger: Explicit GC request (System.gc())
[87.294s][info][gc,ergo     ] Free: 5891M, Max: 4096K regular, 5044M humongous, Frag: 15% external, 0% internal; Reserve: 412M, Max: 4096K
[87.294s][info][gc,start    ] GC(74) Concurrent reset
[87.294s][info][gc,task     ] GC(74) Using 1 of 3 workers for concurrent reset
[87.294s][info][gc,ergo     ] GC(74) Pacer for Reset. Non-Taxable: 8192M
[87.300s][info][gc          ] GC(74) Concurrent reset 5.829ms
[87.300s][info][gc,start    ] GC(74) Pause Init Mark (unload classes)
[87.301s][info][gc,task     ] GC(74) Using 3 of 3 workers for init marking
[87.301s][info][gc,ref      ] GC(74) Clearing All SoftReferences
[87.301s][info][gc,ergo     ] GC(74) Pacer for Mark. Expected Live: 153M, Free: 5891M, Non-Taxable: 589M, Alloc Tax Rate: 0.0x
[87.301s][info][gc          ] GC(74) Pause Init Mark (unload classes) 0.207ms
[87.301s][info][gc,start    ] GC(74) Concurrent marking roots
[87.301s][info][gc,task     ] GC(74) Using 1 of 3 workers for concurrent marking roots
[87.308s][info][gc          ] GC(74) Concurrent marking roots 7.329ms
[87.308s][info][gc,start    ] GC(74) Concurrent marking (unload classes)
[87.308s][info][gc,task     ] GC(74) Using 1 of 3 workers for concurrent marking
[87.360s][info][gc          ] GC(74) Concurrent marking (unload classes) 51.655ms
[87.360s][info][gc,start    ] GC(74) Pause Final Mark (unload classes)
[87.360s][info][gc,task     ] GC(74) Using 3 of 3 workers for final marking
[87.360s][info][gc,ergo     ] GC(74) Adaptive CSet Selection. Target Free: 1160M, Actual Free: 6805M, Max CSet: 341M, Min Garbage: 0B
[87.360s][info][gc,ergo     ] GC(74) Collectable Garbage: 1484M (99%), Immediate: 517M (34%), CSet: 966M (64%)
[87.361s][info][gc,ergo     ] GC(74) Pacer for Evacuation. Used CSet: 972M, Free: 6663M, Non-Taxable: 666M, Alloc Tax Rate: 1.1x
[87.361s][info][gc          ] GC(74) Pause Final Mark (unload classes) 0.631ms
[87.361s][info][gc,start    ] GC(74) Concurrent thread roots
[87.361s][info][gc,task     ] GC(74) Using 1 of 3 workers for Concurrent thread roots
[87.367s][info][gc          ] GC(74) Concurrent thread roots 6.826ms
[87.367s][info][gc,start    ] GC(74) Concurrent weak references
[87.368s][info][gc,task     ] GC(74) Using 1 of 3 workers for concurrent weak references
[87.368s][info][gc,ref      ] GC(74) Encountered references: Soft: 3587, Weak: 17947, Final: 53, Phantom: 598
[87.369s][info][gc,ref      ] GC(74) Discovered  references: Soft: 1315, Weak: 6842, Final: 0, Phantom: 373
[87.369s][info][gc,ref      ] GC(74) Enqueued    references: Soft: 850, Weak: 3397, Final: 0, Phantom: 0
[87.369s][info][gc          ] GC(74) Concurrent weak references 1.085ms
[87.369s][info][gc,start    ] GC(74) Concurrent weak roots
[87.369s][info][gc,task     ] GC(74) Using 1 of 3 workers for concurrent weak root
[87.378s][info][gc          ] GC(74) Concurrent weak roots 9.476ms
[87.378s][info][gc,start    ] GC(74) Concurrent cleanup
[87.378s][info][gc          ] GC(74) Concurrent cleanup 2020M->1502M(8192M) 0.042ms
[87.378s][info][gc,ergo     ] GC(74) Free: 6263M, Max: 4096K regular, 5076M humongous, Frag: 19% external, 0% internal; Reserve: 410M, Max: 4096K
[87.378s][info][gc,start    ] GC(74) Concurrent class unloading
[87.378s][info][gc,task     ] GC(74) Using 1 of 3 workers for concurrent class unloading
[87.427s][info][gc          ] GC(74) Concurrent class unloading 48.669ms
[87.427s][info][gc,start    ] GC(74) Concurrent strong roots
[87.427s][info][gc,task     ] GC(74) Using 1 of 3 workers for concurrent strong root
[87.427s][info][gc          ] GC(74) Concurrent strong roots 0.326ms
[87.427s][info][gc,start    ] GC(74) Concurrent evacuation
[87.427s][info][gc,task     ] GC(74) Using 1 of 3 workers for concurrent evacuation
[87.431s][info][gc          ] GC(74) Concurrent evacuation 3.992ms
[87.431s][info][gc,start    ] GC(74) Pause Init Update Refs
[87.431s][info][gc,ergo     ] GC(74) Pacer for Update Refs. Used: 1623M, Free: 6147M, Non-Taxable: 614M, Alloc Tax Rate: 1.1x
[87.431s][info][gc          ] GC(74) Pause Init Update Refs 0.074ms
[87.431s][info][gc,start    ] GC(74) Concurrent update references
[87.431s][info][gc,task     ] GC(74) Using 1 of 3 workers for concurrent reference update
[87.454s][info][gc          ] GC(74) Concurrent update references 22.636ms
[87.454s][info][gc,start    ] GC(74) Concurrent update thread roots
[87.461s][info][gc          ] GC(74) Concurrent update thread roots 7.058ms
[87.461s][info][gc,start    ] GC(74) Pause Final Update Refs
[87.461s][info][gc,task     ] GC(74) Using 3 of 3 workers for final reference update
[87.461s][info][gc          ] GC(74) Pause Final Update Refs 0.154ms
[87.462s][info][gc,start    ] GC(74) Concurrent cleanup
[87.462s][info][gc          ] GC(74) Concurrent cleanup 1623M->651M(8192M) 0.102ms
[87.462s][info][gc,ergo     ] Free: 7128M, Max: 4096K regular, 5220M humongous, Frag: 27% external, 0% internal; Reserve: 412M, Max: 4096K
[87.462s][info][gc,stats    ] 
[87.462s][info][gc,stats    ] All times are wall-clock times, except per-root-class counters, that are sum over
[87.462s][info][gc,stats    ] all workers. Dividing the <total> over the root stage time estimates parallelism.
[87.462s][info][gc,stats    ] 
[87.462s][info][gc,stats    ] Concurrent Reset                   5894 us
[87.462s][info][gc,stats    ] Pause Init Mark (G)                 395 us
[87.462s][info][gc,stats    ] Pause Init Mark (N)                 228 us
[87.462s][info][gc,stats    ]   Update Region States               68 us
[87.462s][info][gc,stats    ] Concurrent Mark Roots              7373 us, parallelism: 0.97x
[87.462s][info][gc,stats    ]   CMR: <total>                     7126 us
[87.462s][info][gc,stats    ]   CMR: Thread Roots                7035 us, workers (us): 7035, ---, ---, 
[87.462s][info][gc,stats    ]   CMR: VM Strong Roots               15 us, workers (us):  15, ---, ---, 
[87.462s][info][gc,stats    ]   CMR: CLDG Roots                    76 us, workers (us):  76, ---, ---, 
[87.462s][info][gc,stats    ] Concurrent Marking                51705 us
[87.462s][info][gc,stats    ] Pause Final Mark (G)                810 us
[87.462s][info][gc,stats    ] Pause Final Mark (N)                653 us
[87.462s][info][gc,stats    ]   Finish Mark                       157 us
[87.462s][info][gc,stats    ]   Update Region States              128 us
[87.462s][info][gc,stats    ]   Choose Collection Set             184 us
[87.462s][info][gc,stats    ]   Rebuild Free Set                   25 us
[87.462s][info][gc,stats    ] Concurrent Thread Roots            6870 us, parallelism: 0.97x
[87.462s][info][gc,stats    ]   CTR: <total>                     6693 us
[87.462s][info][gc,stats    ]   CTR: Thread Roots                6693 us, workers (us): 6693, ---, ---, 
[87.462s][info][gc,stats    ] Concurrent Weak References         1101 us, parallelism: 0.82x
[87.462s][info][gc,stats    ]   CWRF: <total>                     904 us
[87.462s][info][gc,stats    ]   CWRF: Weak References             904 us, workers (us): 904, ---, ---, 
[87.462s][info][gc,stats    ] Concurrent Weak Roots              9517 us
[87.462s][info][gc,stats    ]   Roots                            9261 us, parallelism: 1.00x
[87.462s][info][gc,stats    ]     CWR: <total>                   9225 us
[87.462s][info][gc,stats    ]     CWR: Code Cache Roots          7982 us, workers (us): 7982, ---, ---, 
[87.462s][info][gc,stats    ]     CWR: VM Weak Roots             1162 us, workers (us): 1162, ---, ---, 
[87.462s][info][gc,stats    ]     CWR: CLDG Roots                  80 us, workers (us):  80, ---, ---, 
[87.462s][info][gc,stats    ]   Rendezvous                        178 us
[87.462s][info][gc,stats    ] Concurrent Cleanup                   52 us
[87.462s][info][gc,stats    ] Concurrent Class Unloading        48717 us
[87.462s][info][gc,stats    ]   Unlink Stale                    45957 us
[87.462s][info][gc,stats    ]     System Dictionary              1819 us
[87.462s][info][gc,stats    ]     Weak Class Links              17813 us
[87.462s][info][gc,stats    ]     Code Roots                    26322 us
[87.462s][info][gc,stats    ]   Rendezvous                        275 us
[87.462s][info][gc,stats    ]   Purge Unlinked                   2416 us
[87.462s][info][gc,stats    ]     Code Roots                     1305 us
[87.462s][info][gc,stats    ]     CLDG                           1111 us
[87.462s][info][gc,stats    ]     Exception Caches                  0 us
[87.462s][info][gc,stats    ] Concurrent Strong Roots             344 us, parallelism: 0.64x
[87.462s][info][gc,stats    ]   CSR: <total>                      219 us
[87.462s][info][gc,stats    ]   CSR: VM Strong Roots                9 us, workers (us):   9, ---, ---, 
[87.462s][info][gc,stats    ]   CSR: CLDG Roots                   210 us, workers (us): 210, ---, ---, 
[87.462s][info][gc,stats    ] Concurrent Evacuation              4041 us
[87.462s][info][gc,stats    ] Pause Init Update Refs (G)          143 us
[87.462s][info][gc,stats    ] Pause Init Update Refs (N)           83 us
[87.462s][info][gc,stats    ]   Manage GCLABs                      24 us
[87.462s][info][gc,stats    ] Concurrent Update Refs            22697 us
[87.462s][info][gc,stats    ] Concurrent Update Thread Roots     7107 us
[87.462s][info][gc,stats    ] Pause Final Update Refs (G)         276 us
[87.462s][info][gc,stats    ] Pause Final Update Refs (N)         172 us
[87.462s][info][gc,stats    ]   Update Region States               71 us
[87.462s][info][gc,stats    ]   Trash Collection Set               11 us
[87.462s][info][gc,stats    ]   Rebuild Free Set                   20 us
[87.462s][info][gc,stats    ] Concurrent Cleanup                  128 us
[87.462s][info][gc,stats    ] 
[87.462s][info][gc,stats    ] Allocation pacing accrued:
[87.462s][info][gc,stats    ]       0 of  1143 ms (  0.0%): <total>
[87.462s][info][gc,stats    ]       0 of  1143 ms (  0.0%): <average total>
[87.462s][info][gc,stats    ] 
[87.462s][info][gc,metaspace] Metaspace: 155630K(156864K)->154595K(156800K) NonClass: 137580K(138176K)->136716K(138176K) Class: 18049K(18688K)->17878K(18624K)
[87.462s][info][gc,ergo     ] Pacer for Idle. Initial: 163M, Alloc Tax Rate: 1.0x
[87.813s][info][gc          ] Trigger: Learning 2 of 5. Free (5632M) is below initial threshold (5734M)
[87.814s][info][gc,ergo     ] Free: 5628M, Max: 4096K regular, 5220M humongous, Frag: 8% external, 0% internal; Reserve: 412M, Max: 4096K
[87.814s][info][gc,start    ] GC(75) Concurrent reset
[87.814s][info][gc,task     ] GC(75) Using 1 of 3 workers for concurrent reset
[87.814s][info][gc,ergo     ] GC(75) Pacer for Reset. Non-Taxable: 8192M
[87.829s][info][gc          ] GC(75) Concurrent reset 14.998ms
[87.829s][info][gc,start    ] GC(75) Pause Init Mark (unload classes)
[87.829s][info][gc,task     ] GC(75) Using 3 of 3 workers for init marking
[87.829s][info][gc,ergo     ] GC(75) Pacer for Mark. Expected Live: 142M, Free: 5524M, Non-Taxable: 552M, Alloc Tax Rate: 0.0x
[87.829s][info][gc          ] GC(75) Pause Init Mark (unload classes) 0.134ms
[87.829s][info][gc,start    ] GC(75) Concurrent marking roots
[87.829s][info][gc,task     ] GC(75) Using 1 of 3 workers for concurrent marking roots
[87.839s][info][gc          ] GC(75) Concurrent marking roots 10.005ms
[87.840s][info][gc,start    ] GC(75) Concurrent marking (unload classes)
[87.840s][info][gc,task     ] GC(75) Using 1 of 3 workers for concurrent marking
[87.907s][info][gc          ] GC(75) Concurrent marking (unload classes) 67.544ms
[87.907s][info][gc,start    ] GC(75) Pause Final Mark (unload classes)
[87.907s][info][gc,task     ] GC(75) Using 3 of 3 workers for final marking
[87.907s][info][gc,ergo     ] GC(75) Adaptive CSet Selection. Target Free: 1160M, Actual Free: 6551M, Max CSet: 341M, Min Garbage: 0B
[87.908s][info][gc,ergo     ] GC(75) Collectable Garbage: 2037M (99%), Immediate: 931M (45%), CSet: 1106M (54%)
[87.908s][info][gc,ergo     ] GC(75) Pacer for Evacuation. Used CSet: 1166M, Free: 6177M, Non-Taxable: 617M, Alloc Tax Rate: 1.1x
[87.908s][info][gc          ] GC(75) Pause Final Mark (unload classes) 0.355ms
[87.908s][info][gc,start    ] GC(75) Concurrent thread roots
[87.908s][info][gc,task     ] GC(75) Using 1 of 3 workers for Concurrent thread roots
[87.916s][info][gc          ] GC(75) Concurrent thread roots 8.431ms
[87.916s][info][gc,start    ] GC(75) Concurrent weak references
[87.916s][info][gc,task     ] GC(75) Using 1 of 3 workers for concurrent weak references
[87.918s][info][gc,ref      ] GC(75) Encountered references: Soft: 3713, Weak: 14973, Final: 53, Phantom: 598
[87.918s][info][gc,ref      ] GC(75) Discovered  references: Soft: 0, Weak: 7227, Final: 0, Phantom: 278
[87.918s][info][gc,ref      ] GC(75) Enqueued    references: Soft: 0, Weak: 211, Final: 0, Phantom: 0
[87.918s][info][gc          ] GC(75) Concurrent weak references 1.490ms
[87.918s][info][gc,start    ] GC(75) Concurrent weak roots
[87.918s][info][gc,task     ] GC(75) Using 1 of 3 workers for concurrent weak root
[87.930s][info][gc          ] GC(75) Concurrent weak roots 12.497ms
[87.930s][info][gc,start    ] GC(75) Concurrent cleanup
[87.930s][info][gc          ] GC(75) Concurrent cleanup 2674M->1742M(8192M) 0.043ms
[87.930s][info][gc,ergo     ] GC(75) Free: 6087M, Max: 4096K regular, 5120M humongous, Frag: 16% external, 0% internal; Reserve: 343M, Max: 4096K
[87.930s][info][gc,start    ] GC(75) Concurrent class unloading
[87.930s][info][gc,task     ] GC(75) Using 1 of 3 workers for concurrent class unloading
[87.978s][info][gc          ] GC(75) Concurrent class unloading 47.127ms
[87.978s][info][gc,start    ] GC(75) Concurrent strong roots
[87.978s][info][gc,task     ] GC(75) Using 1 of 3 workers for concurrent strong root
[87.978s][info][gc          ] GC(75) Concurrent strong roots 0.508ms
[87.978s][info][gc,start    ] GC(75) Concurrent evacuation
[87.978s][info][gc,task     ] GC(75) Using 1 of 3 workers for concurrent evacuation
[87.989s][info][gc          ] GC(75) Concurrent evacuation 10.451ms
[87.989s][info][gc,start    ] GC(75) Pause Init Update Refs
[87.989s][info][gc,ergo     ] GC(75) Pacer for Update Refs. Used: 1804M, Free: 6025M, Non-Taxable: 602M, Alloc Tax Rate: 1.1x
[87.989s][info][gc          ] GC(75) Pause Init Update Refs 0.081ms
[87.989s][info][gc,start    ] GC(75) Concurrent update references
[87.989s][info][gc,task     ] GC(75) Using 1 of 3 workers for concurrent reference update
[88.057s][info][gc          ] GC(75) Concurrent update references 68.209ms
[88.057s][info][gc,start    ] GC(75) Concurrent update thread roots
[88.064s][info][gc          ] GC(75) Concurrent update thread roots 6.993ms
[88.064s][info][gc,start    ] GC(75) Pause Final Update Refs
[88.064s][info][gc,task     ] GC(75) Using 3 of 3 workers for final reference update
[88.065s][info][gc          ] GC(75) Pause Final Update Refs 0.137ms
[88.065s][info][gc,start    ] GC(75) Concurrent cleanup
[88.065s][info][gc          ] GC(75) Concurrent cleanup 1858M->691M(8192M) 0.078ms
[88.065s][info][gc,ergo     ] Free: 7048M, Max: 4096K regular, 5048M humongous, Frag: 29% external, 0% internal; Reserve: 412M, Max: 4096K
[88.065s][info][gc,stats    ] 
[88.065s][info][gc,stats    ] All times are wall-clock times, except per-root-class counters, that are sum over
[88.065s][info][gc,stats    ] all workers. Dividing the <total> over the root stage time estimates parallelism.
[88.065s][info][gc,stats    ] 
[88.065s][info][gc,stats    ] Concurrent Reset                  15130 us
[88.065s][info][gc,stats    ] Pause Init Mark (G)                 651 us
[88.065s][info][gc,stats    ] Pause Init Mark (N)                 143 us
[88.065s][info][gc,stats    ]   Update Region States               50 us
[88.065s][info][gc,stats    ] Concurrent Mark Roots             10138 us, parallelism: 0.94x
[88.065s][info][gc,stats    ]   CMR: <total>                     9551 us
[88.065s][info][gc,stats    ]   CMR: Thread Roots                9369 us, workers (us): 9369, ---, ---, 
[88.065s][info][gc,stats    ]   CMR: VM Strong Roots               31 us, workers (us):  31, ---, ---, 
[88.065s][info][gc,stats    ]   CMR: CLDG Roots                   151 us, workers (us): 151, ---, ---, 
[88.065s][info][gc,stats    ] Concurrent Marking                67604 us
[88.065s][info][gc,stats    ] Pause Final Mark (G)                465 us
[88.065s][info][gc,stats    ] Pause Final Mark (N)                371 us
[88.065s][info][gc,stats    ]   Finish Mark                        77 us
[88.065s][info][gc,stats    ]   Update Region States               34 us
[88.065s][info][gc,stats    ]   Choose Collection Set             121 us
[88.065s][info][gc,stats    ]   Rebuild Free Set                   20 us
[88.065s][info][gc,stats    ] Concurrent Thread Roots            8645 us, parallelism: 0.96x
[88.065s][info][gc,stats    ]   CTR: <total>                     8330 us
[88.065s][info][gc,stats    ]   CTR: Thread Roots                8330 us, workers (us): 8330, ---, ---, 
[88.065s][info][gc,stats    ] Concurrent Weak References         1507 us, parallelism: 0.79x
[88.065s][info][gc,stats    ]   CWRF: <total>                    1185 us
[88.065s][info][gc,stats    ]   CWRF: Weak References            1185 us, workers (us): 1185, ---, ---, 
[88.065s][info][gc,stats    ] Concurrent Weak Roots             12552 us
[88.065s][info][gc,stats    ]   Roots                           12308 us, parallelism: 0.99x
[88.065s][info][gc,stats    ]     CWR: <total>                  12243 us
[88.065s][info][gc,stats    ]     CWR: Code Cache Roots          9290 us, workers (us): 9290, ---, ---, 
[88.065s][info][gc,stats    ]     CWR: VM Weak Roots             2769 us, workers (us): 2769, ---, ---, 
[88.065s][info][gc,stats    ]     CWR: CLDG Roots                 184 us, workers (us): 184, ---, ---, 
[88.065s][info][gc,stats    ]   Rendezvous                        161 us
[88.065s][info][gc,stats    ] Concurrent Cleanup                   51 us
[88.065s][info][gc,stats    ] Concurrent Class Unloading        47185 us
[88.065s][info][gc,stats    ]   Unlink Stale                    45084 us
[88.065s][info][gc,stats    ]     System Dictionary               391 us
[88.065s][info][gc,stats    ]     Weak Class Links              16737 us
[88.065s][info][gc,stats    ]     Code Roots                    27954 us
[88.065s][info][gc,stats    ]   Rendezvous                        347 us
[88.066s][info][gc,stats    ]   Purge Unlinked                   1676 us
[88.066s][info][gc,stats    ]     Code Roots                     1578 us
[88.066s][info][gc,stats    ]     CLDG                             96 us
[88.066s][info][gc,stats    ]     Exception Caches                  1 us
[88.066s][info][gc,stats    ] Concurrent Strong Roots             543 us, parallelism: 0.64x
[88.066s][info][gc,stats    ]   CSR: <total>                      346 us
[88.066s][info][gc,stats    ]   CSR: VM Strong Roots                8 us, workers (us):   8, ---, ---, 
[88.066s][info][gc,stats    ]   CSR: CLDG Roots                   338 us, workers (us): 338, ---, ---, 
[88.066s][info][gc,stats    ] Concurrent Evacuation             10501 us
[88.066s][info][gc,stats    ] Pause Init Update Refs (G)          328 us
[88.066s][info][gc,stats    ] Pause Init Update Refs (N)           90 us
[88.066s][info][gc,stats    ]   Manage GCLABs                      25 us
[88.066s][info][gc,stats    ] Concurrent Update Refs            68270 us
[88.066s][info][gc,stats    ] Concurrent Update Thread Roots     7059 us
[88.066s][info][gc,stats    ] Pause Final Update Refs (G)         283 us
[88.066s][info][gc,stats    ] Pause Final Update Refs (N)         172 us
[88.066s][info][gc,stats    ]   Update Region States               50 us
[88.066s][info][gc,stats    ]   Trash Collection Set               12 us
[88.066s][info][gc,stats    ]   Rebuild Free Set                   26 us
[88.066s][info][gc,stats    ] Concurrent Cleanup                   98 us
[88.066s][info][gc,stats    ] 
[88.066s][info][gc,stats    ] Allocation pacing accrued:
[88.066s][info][gc,stats    ]       0 of   604 ms (  0.0%): <total>
[88.066s][info][gc,stats    ]       0 of   604 ms (  0.0%): <average total>
[88.066s][info][gc,stats    ] 
[88.066s][info][gc,metaspace] Metaspace: 155460K(156800K)->155487K(156800K) NonClass: 137435K(138176K)->137459K(138176K) Class: 18024K(18624K)->18027K(18624K)
[88.066s][info][gc,ergo     ] Pacer for Idle. Initial: 163M, Alloc Tax Rate: 1.0x
[89.050s][info][gc          ] Trigger: Explicit GC request (System.gc())
[89.050s][info][gc,ergo     ] Free: 5873M, Max: 4096K regular, 5048M humongous, Frag: 14% external, 0% internal; Reserve: 412M, Max: 4096K
[89.050s][info][gc,start    ] GC(76) Concurrent reset
[89.050s][info][gc,task     ] GC(76) Using 1 of 3 workers for concurrent reset
[89.050s][info][gc,ergo     ] GC(76) Pacer for Reset. Non-Taxable: 8192M
[89.057s][info][gc          ] GC(76) Concurrent reset 6.308ms
[89.057s][info][gc,start    ] GC(76) Pause Init Mark (unload classes)
[89.057s][info][gc,task     ] GC(76) Using 3 of 3 workers for init marking
[89.057s][info][gc,ref      ] GC(76) Clearing All SoftReferences
[89.057s][info][gc,ergo     ] GC(76) Pacer for Mark. Expected Live: 153M, Free: 5873M, Non-Taxable: 587M, Alloc Tax Rate: 0.0x
[89.057s][info][gc          ] GC(76) Pause Init Mark (unload classes) 0.248ms
[89.057s][info][gc,start    ] GC(76) Concurrent marking roots
[89.057s][info][gc,task     ] GC(76) Using 1 of 3 workers for concurrent marking roots
[89.065s][info][gc          ] GC(76) Concurrent marking roots 8.059ms
[89.065s][info][gc,start    ] GC(76) Concurrent marking (unload classes)
[89.065s][info][gc,task     ] GC(76) Using 1 of 3 workers for concurrent marking
[89.117s][info][gc          ] GC(76) Concurrent marking (unload classes) 51.589ms
[89.117s][info][gc,start    ] GC(76) Pause Final Mark (unload classes)
[89.117s][info][gc,task     ] GC(76) Using 3 of 3 workers for final marking
[89.117s][info][gc,ergo     ] GC(76) Adaptive CSet Selection. Target Free: 1160M, Actual Free: 6813M, Max CSet: 341M, Min Garbage: 0B
[89.118s][info][gc,ergo     ] GC(76) Collectable Garbage: 1502M (99%), Immediate: 537M (35%), CSet: 965M (63%)
[89.118s][info][gc,ergo     ] GC(76) Pacer for Evacuation. Used CSet: 973M, Free: 6675M, Non-Taxable: 667M, Alloc Tax Rate: 1.1x
[89.118s][info][gc          ] GC(76) Pause Final Mark (unload classes) 0.541ms
[89.118s][info][gc,start    ] GC(76) Concurrent thread roots
[89.118s][info][gc,task     ] GC(76) Using 1 of 3 workers for Concurrent thread roots
[89.126s][info][gc          ] GC(76) Concurrent thread roots 7.883ms
[89.126s][info][gc,start    ] GC(76) Concurrent weak references
[89.126s][info][gc,task     ] GC(76) Using 1 of 3 workers for concurrent weak references
[89.127s][info][gc,ref      ] GC(76) Encountered references: Soft: 3585, Weak: 17951, Final: 53, Phantom: 598
[89.127s][info][gc,ref      ] GC(76) Discovered  references: Soft: 1313, Weak: 6845, Final: 0, Phantom: 373
[89.127s][info][gc,ref      ] GC(76) Enqueued    references: Soft: 848, Weak: 3400, Final: 0, Phantom: 0
[89.127s][info][gc          ] GC(76) Concurrent weak references 1.205ms
[89.127s][info][gc,start    ] GC(76) Concurrent weak roots
[89.127s][info][gc,task     ] GC(76) Using 1 of 3 workers for concurrent weak root
[89.136s][info][gc          ] GC(76) Concurrent weak roots 9.663ms
[89.137s][info][gc,start    ] GC(76) Concurrent cleanup
[89.137s][info][gc          ] GC(76) Concurrent cleanup 1980M->1443M(8192M) 0.043ms
[89.137s][info][gc,ergo     ] GC(76) Free: 6327M, Max: 4096K regular, 5076M humongous, Frag: 20% external, 0% internal; Reserve: 410M, Max: 4096K
[89.137s][info][gc,start    ] GC(76) Concurrent class unloading
[89.137s][info][gc,task     ] GC(76) Using 1 of 3 workers for concurrent class unloading
[89.186s][info][gc          ] GC(76) Concurrent class unloading 49.572ms
[89.186s][info][gc,start    ] GC(76) Concurrent strong roots
[89.186s][info][gc,task     ] GC(76) Using 1 of 3 workers for concurrent strong root
[89.187s][info][gc          ] GC(76) Concurrent strong roots 0.333ms
[89.187s][info][gc,start    ] GC(76) Concurrent evacuation
[89.187s][info][gc,task     ] GC(76) Using 1 of 3 workers for concurrent evacuation
[89.192s][info][gc          ] GC(76) Concurrent evacuation 5.457ms
[89.192s][info][gc,start    ] GC(76) Pause Init Update Refs
[89.192s][info][gc,ergo     ] GC(76) Pacer for Update Refs. Used: 1625M, Free: 6155M, Non-Taxable: 615M, Alloc Tax Rate: 1.1x
[89.192s][info][gc          ] GC(76) Pause Init Update Refs 0.060ms
[89.192s][info][gc,start    ] GC(76) Concurrent update references
[89.192s][info][gc,task     ] GC(76) Using 1 of 3 workers for concurrent reference update
[89.215s][info][gc          ] GC(76) Concurrent update references 22.367ms
[89.215s][info][gc,start    ] GC(76) Concurrent update thread roots
[89.223s][info][gc          ] GC(76) Concurrent update thread roots 8.707ms
[89.223s][info][gc,start    ] GC(76) Pause Final Update Refs
[89.223s][info][gc,task     ] GC(76) Using 3 of 3 workers for final reference update
[89.224s][info][gc          ] GC(76) Pause Final Update Refs 0.133ms
[89.224s][info][gc,start    ] GC(76) Concurrent cleanup
[89.224s][info][gc          ] GC(76) Concurrent cleanup 1625M->652M(8192M) 0.048ms
[89.224s][info][gc,ergo     ] Free: 7127M, Max: 4096K regular, 5220M humongous, Frag: 27% external, 0% internal; Reserve: 412M, Max: 4096K
[89.224s][info][gc,stats    ] 
[89.224s][info][gc,stats    ] All times are wall-clock times, except per-root-class counters, that are sum over
[89.224s][info][gc,stats    ] all workers. Dividing the <total> over the root stage time estimates parallelism.
[89.224s][info][gc,stats    ] 
[89.224s][info][gc,stats    ] Concurrent Reset                   6371 us
[89.224s][info][gc,stats    ] Pause Init Mark (G)                 500 us
[89.224s][info][gc,stats    ] Pause Init Mark (N)                 267 us
[89.224s][info][gc,stats    ]   Update Region States               73 us
[89.224s][info][gc,stats    ] Concurrent Mark Roots              8116 us, parallelism: 0.95x
[89.224s][info][gc,stats    ]   CMR: <total>                     7692 us
[89.224s][info][gc,stats    ]   CMR: Thread Roots                7597 us, workers (us): 7597, ---, ---, 
[89.224s][info][gc,stats    ]   CMR: VM Strong Roots               12 us, workers (us):  12, ---, ---, 
[89.224s][info][gc,stats    ]   CMR: CLDG Roots                    82 us, workers (us):  82, ---, ---, 
[89.224s][info][gc,stats    ] Concurrent Marking                51655 us
[89.224s][info][gc,stats    ] Pause Final Mark (G)                716 us
[89.224s][info][gc,stats    ] Pause Final Mark (N)                563 us
[89.224s][info][gc,stats    ]   Finish Mark                        97 us
[89.224s][info][gc,stats    ]   Update Region States              102 us
[89.224s][info][gc,stats    ]   Choose Collection Set             185 us
[89.224s][info][gc,stats    ]   Rebuild Free Set                   25 us
[89.224s][info][gc,stats    ] Concurrent Thread Roots            7928 us, parallelism: 0.98x
[89.224s][info][gc,stats    ]   CTR: <total>                     7763 us
[89.224s][info][gc,stats    ]   CTR: Thread Roots                7763 us, workers (us): 7763, ---, ---, 
[89.224s][info][gc,stats    ] Concurrent Weak References         1222 us, parallelism: 0.77x
[89.224s][info][gc,stats    ]   CWRF: <total>                     947 us
[89.224s][info][gc,stats    ]   CWRF: Weak References             947 us, workers (us): 947, ---, ---, 
[89.224s][info][gc,stats    ] Concurrent Weak Roots              9703 us
[89.224s][info][gc,stats    ]   Roots                            9464 us, parallelism: 0.99x
[89.224s][info][gc,stats    ]     CWR: <total>                   9393 us
[89.224s][info][gc,stats    ]     CWR: Code Cache Roots          8034 us, workers (us): 8034, ---, ---, 
[89.224s][info][gc,stats    ]     CWR: VM Weak Roots             1249 us, workers (us): 1249, ---, ---, 
[89.224s][info][gc,stats    ]     CWR: CLDG Roots                 109 us, workers (us): 109, ---, ---, 
[89.224s][info][gc,stats    ]   Rendezvous                        165 us
[89.224s][info][gc,stats    ] Concurrent Cleanup                   52 us
[89.224s][info][gc,stats    ] Concurrent Class Unloading        49621 us
[89.224s][info][gc,stats    ]   Unlink Stale                    46803 us
[89.224s][info][gc,stats    ]     System Dictionary              1813 us
[89.224s][info][gc,stats    ]     Weak Class Links              17867 us
[89.224s][info][gc,stats    ]     Code Roots                    27120 us
[89.224s][info][gc,stats    ]   Rendezvous                        280 us
[89.224s][info][gc,stats    ]   Purge Unlinked                   2470 us
[89.224s][info][gc,stats    ]     Code Roots                     1340 us
[89.224s][info][gc,stats    ]     CLDG                           1130 us
[89.224s][info][gc,stats    ]     Exception Caches                  0 us
[89.224s][info][gc,stats    ] Concurrent Strong Roots             352 us, parallelism: 0.64x
[89.224s][info][gc,stats    ]   CSR: <total>                      224 us
[89.224s][info][gc,stats    ]   CSR: VM Strong Roots                8 us, workers (us):   8, ---, ---, 
[89.224s][info][gc,stats    ]   CSR: CLDG Roots                   216 us, workers (us): 216, ---, ---, 
[89.224s][info][gc,stats    ] Concurrent Evacuation              5518 us
[89.224s][info][gc,stats    ] Pause Init Update Refs (G)          154 us
[89.224s][info][gc,stats    ] Pause Init Update Refs (N)           68 us
[89.224s][info][gc,stats    ]   Manage GCLABs                      25 us
[89.224s][info][gc,stats    ] Concurrent Update Refs            22433 us
[89.224s][info][gc,stats    ] Concurrent Update Thread Roots     8728 us
[89.224s][info][gc,stats    ] Pause Final Update Refs (G)         223 us
[89.224s][info][gc,stats    ] Pause Final Update Refs (N)         151 us
[89.224s][info][gc,stats    ]   Update Region States               70 us
[89.224s][info][gc,stats    ]   Trash Collection Set                9 us
[89.224s][info][gc,stats    ]   Rebuild Free Set                   18 us
[89.224s][info][gc,stats    ] Concurrent Cleanup                   57 us
[89.224s][info][gc,stats    ] 
[89.224s][info][gc,stats    ] Allocation pacing accrued:
[89.224s][info][gc,stats    ]       0 of  1158 ms (  0.0%): <total>
[89.224s][info][gc,stats    ]       0 of  1158 ms (  0.0%): <average total>
[89.224s][info][gc,stats    ] 
[89.224s][info][gc,metaspace] Metaspace: 155706K(156992K)->154673K(156864K) NonClass: 137656K(138304K)->136794K(138240K) Class: 18049K(18688K)->17878K(18624K)
[89.224s][info][gc,ergo     ] Pacer for Idle. Initial: 163M, Alloc Tax Rate: 1.0x
[89.575s][info][gc          ] Trigger: Learning 2 of 5. Free (5631M) is below initial threshold (5734M)
[89.575s][info][gc,ergo     ] Free: 5627M, Max: 4096K regular, 5220M humongous, Frag: 8% external, 0% internal; Reserve: 412M, Max: 4096K
[89.575s][info][gc,start    ] GC(77) Concurrent reset
[89.575s][info][gc,task     ] GC(77) Using 1 of 3 workers for concurrent reset
[89.575s][info][gc,ergo     ] GC(77) Pacer for Reset. Non-Taxable: 8192M
[89.589s][info][gc          ] GC(77) Concurrent reset 14.251ms
[89.590s][info][gc,start    ] GC(77) Pause Init Mark (unload classes)
[89.590s][info][gc,task     ] GC(77) Using 3 of 3 workers for init marking
[89.590s][info][gc,ergo     ] GC(77) Pacer for Mark. Expected Live: 142M, Free: 5534M, Non-Taxable: 553M, Alloc Tax Rate: 0.0x
[89.590s][info][gc          ] GC(77) Pause Init Mark (unload classes) 0.140ms
[89.590s][info][gc,start    ] GC(77) Concurrent marking roots
[89.590s][info][gc,task     ] GC(77) Using 1 of 3 workers for concurrent marking roots
[89.600s][info][gc          ] GC(77) Concurrent marking roots 10.041ms
[89.600s][info][gc,start    ] GC(77) Concurrent marking (unload classes)
[89.600s][info][gc,task     ] GC(77) Using 1 of 3 workers for concurrent marking
[89.671s][info][gc          ] GC(77) Concurrent marking (unload classes) 70.655ms
[89.671s][info][gc,start    ] GC(77) Pause Final Mark (unload classes)
[89.671s][info][gc,task     ] GC(77) Using 3 of 3 workers for final marking
[89.671s][info][gc,ergo     ] GC(77) Adaptive CSet Selection. Target Free: 1160M, Actual Free: 6585M, Max CSet: 341M, Min Garbage: 0B
[89.671s][info][gc,ergo     ] GC(77) Collectable Garbage: 2030M (99%), Immediate: 965M (47%), CSet: 1065M (52%)
[89.671s][info][gc,ergo     ] GC(77) Pacer for Evacuation. Used CSet: 1127M, Free: 6209M, Non-Taxable: 620M, Alloc Tax Rate: 1.1x
[89.671s][info][gc          ] GC(77) Pause Final Mark (unload classes) 0.251ms
[89.672s][info][gc,start    ] GC(77) Concurrent thread roots
[89.672s][info][gc,task     ] GC(77) Using 1 of 3 workers for Concurrent thread roots
[89.681s][info][gc          ] GC(77) Concurrent thread roots 8.377ms
[89.681s][info][gc,start    ] GC(77) Concurrent weak references
[89.681s][info][gc,task     ] GC(77) Using 1 of 3 workers for concurrent weak references
[89.681s][info][gc,ref      ] GC(77) Encountered references: Soft: 3713, Weak: 14972, Final: 53, Phantom: 598
[89.681s][info][gc,ref      ] GC(77) Discovered  references: Soft: 0, Weak: 7776, Final: 0, Phantom: 278
[89.681s][info][gc,ref      ] GC(77) Enqueued    references: Soft: 0, Weak: 212, Final: 0, Phantom: 0
[89.681s][info][gc          ] GC(77) Concurrent weak references 0.618ms
[89.681s][info][gc,start    ] GC(77) Concurrent weak roots
[89.681s][info][gc,task     ] GC(77) Using 1 of 3 workers for concurrent weak root
[89.690s][info][gc          ] GC(77) Concurrent weak roots 8.848ms
[89.690s][info][gc,start    ] GC(77) Concurrent cleanup
[89.690s][info][gc          ] GC(77) Concurrent cleanup 2629M->1663M(8192M) 0.047ms
[89.690s][info][gc,ergo     ] GC(77) Free: 6111M, Max: 4096K regular, 5112M humongous, Frag: 17% external, 0% internal; Reserve: 395M, Max: 4096K
[89.690s][info][gc,start    ] GC(77) Concurrent class unloading
[89.690s][info][gc,task     ] GC(77) Using 1 of 3 workers for concurrent class unloading
[89.743s][info][gc          ] GC(77) Concurrent class unloading 52.642ms
[89.743s][info][gc,start    ] GC(77) Concurrent strong roots
[89.743s][info][gc,task     ] GC(77) Using 1 of 3 workers for concurrent strong root
[89.743s][info][gc          ] GC(77) Concurrent strong roots 0.400ms
[89.743s][info][gc,start    ] GC(77) Concurrent evacuation
[89.743s][info][gc,task     ] GC(77) Using 1 of 3 workers for concurrent evacuation
[89.753s][info][gc          ] GC(77) Concurrent evacuation 9.289ms
[89.753s][info][gc,start    ] GC(77) Pause Init Update Refs
[89.753s][info][gc,ergo     ] GC(77) Pacer for Update Refs. Used: 1769M, Free: 6048M, Non-Taxable: 604M, Alloc Tax Rate: 1.1x
[89.753s][info][gc          ] GC(77) Pause Init Update Refs 0.102ms
[89.753s][info][gc,start    ] GC(77) Concurrent update references
[89.753s][info][gc,task     ] GC(77) Using 1 of 3 workers for concurrent reference update
[89.823s][info][gc          ] GC(77) Concurrent update references 69.609ms
[89.823s][info][gc,start    ] GC(77) Concurrent update thread roots
[89.831s][info][gc          ] GC(77) Concurrent update thread roots 8.228ms
[89.831s][info][gc,start    ] GC(77) Pause Final Update Refs
[89.831s][info][gc,task     ] GC(77) Using 3 of 3 workers for final reference update
[89.831s][info][gc          ] GC(77) Pause Final Update Refs 0.138ms
[89.831s][info][gc,start    ] GC(77) Concurrent cleanup
[89.831s][info][gc          ] GC(77) Concurrent cleanup 1840M->712M(8192M) 0.081ms
[89.831s][info][gc,ergo     ] Free: 7023M, Max: 4096K regular, 5052M humongous, Frag: 28% external, 0% internal; Reserve: 412M, Max: 4096K
[89.831s][info][gc,stats    ] 
[89.831s][info][gc,stats    ] All times are wall-clock times, except per-root-class counters, that are sum over
[89.831s][info][gc,stats    ] all workers. Dividing the <total> over the root stage time estimates parallelism.
[89.831s][info][gc,stats    ] 
[89.831s][info][gc,stats    ] Concurrent Reset                  14391 us
[89.831s][info][gc,stats    ] Pause Init Mark (G)                 458 us
[89.831s][info][gc,stats    ] Pause Init Mark (N)                 150 us
[89.831s][info][gc,stats    ]   Update Region States               37 us
[89.831s][info][gc,stats    ] Concurrent Mark Roots             10175 us, parallelism: 0.96x
[89.831s][info][gc,stats    ]   CMR: <total>                     9719 us
[89.831s][info][gc,stats    ]   CMR: Thread Roots                9580 us, workers (us): 9580, ---, ---, 
[89.831s][info][gc,stats    ]   CMR: VM Strong Roots               23 us, workers (us):  23, ---, ---, 
[89.831s][info][gc,stats    ]   CMR: CLDG Roots                   116 us, workers (us): 116, ---, ---, 
[89.831s][info][gc,stats    ] Concurrent Marking                70709 us
[89.831s][info][gc,stats    ] Pause Final Mark (G)               1422 us
[89.831s][info][gc,stats    ] Pause Final Mark (N)                259 us
[89.831s][info][gc,stats    ]   Finish Mark                        60 us
[89.831s][info][gc,stats    ]   Update Region States               38 us
[89.831s][info][gc,stats    ]   Choose Collection Set              72 us
[89.831s][info][gc,stats    ]   Rebuild Free Set                    9 us
[89.832s][info][gc,stats    ] Concurrent Thread Roots            8426 us, parallelism: 0.98x
[89.832s][info][gc,stats    ]   CTR: <total>                     8246 us
[89.832s][info][gc,stats    ]   CTR: Thread Roots                8246 us, workers (us): 8246, ---, ---, 
[89.832s][info][gc,stats    ] Concurrent Weak References          626 us, parallelism: 0.82x
[89.832s][info][gc,stats    ]   CWRF: <total>                     515 us
[89.832s][info][gc,stats    ]   CWRF: Weak References             515 us, workers (us): 515, ---, ---, 
[89.832s][info][gc,stats    ] Concurrent Weak Roots              8897 us
[89.832s][info][gc,stats    ]   Roots                            8614 us, parallelism: 0.99x
[89.832s][info][gc,stats    ]     CWR: <total>                   8536 us
[89.832s][info][gc,stats    ]     CWR: Code Cache Roots          6721 us, workers (us): 6721, ---, ---, 
[89.832s][info][gc,stats    ]     CWR: VM Weak Roots             1699 us, workers (us): 1699, ---, ---, 
[89.832s][info][gc,stats    ]     CWR: CLDG Roots                 116 us, workers (us): 116, ---, ---, 
[89.832s][info][gc,stats    ]   Rendezvous                        214 us
[89.832s][info][gc,stats    ] Concurrent Cleanup                   56 us
[89.832s][info][gc,stats    ] Concurrent Class Unloading        52688 us
[89.832s][info][gc,stats    ]   Unlink Stale                    51177 us
[89.832s][info][gc,stats    ]     System Dictionary               510 us
[89.832s][info][gc,stats    ]     Weak Class Links              18152 us
[89.832s][info][gc,stats    ]     Code Roots                    32513 us
[89.832s][info][gc,stats    ]   Rendezvous                        175 us
[89.832s][info][gc,stats    ]   Purge Unlinked                   1269 us
[89.832s][info][gc,stats    ]     Code Roots                     1199 us
[89.832s][info][gc,stats    ]     CLDG                             70 us
[89.832s][info][gc,stats    ]     Exception Caches                  0 us
[89.832s][info][gc,stats    ] Concurrent Strong Roots             409 us, parallelism: 0.72x
[89.832s][info][gc,stats    ]   CSR: <total>                      296 us
[89.832s][info][gc,stats    ]   CSR: VM Strong Roots                9 us, workers (us):   9, ---, ---, 
[89.832s][info][gc,stats    ]   CSR: CLDG Roots                   287 us, workers (us): 287, ---, ---, 
[89.832s][info][gc,stats    ] Concurrent Evacuation              9359 us
[89.832s][info][gc,stats    ] Pause Init Update Refs (G)          231 us
[89.832s][info][gc,stats    ] Pause Init Update Refs (N)          119 us
[89.832s][info][gc,stats    ]   Manage GCLABs                      23 us
[89.832s][info][gc,stats    ] Concurrent Update Refs            69657 us
[89.832s][info][gc,stats    ] Concurrent Update Thread Roots     8296 us
[89.832s][info][gc,stats    ] Pause Final Update Refs (G)         226 us
[89.832s][info][gc,stats    ] Pause Final Update Refs (N)         148 us
[89.832s][info][gc,stats    ]   Update Region States               51 us
[89.832s][info][gc,stats    ]   Trash Collection Set               11 us
[89.832s][info][gc,stats    ]   Rebuild Free Set                   20 us
[89.832s][info][gc,stats    ] Concurrent Cleanup                  105 us
[89.832s][info][gc,stats    ] 
[89.832s][info][gc,stats    ] Allocation pacing accrued:
[89.832s][info][gc,stats    ]       0 of   608 ms (  0.0%): <total>
[89.832s][info][gc,stats    ]       0 of   608 ms (  0.0%): <average total>
[89.832s][info][gc,stats    ] 
[89.832s][info][gc,metaspace] Metaspace: 155527K(156864K)->155563K(156864K) NonClass: 137502K(138240K)->137532K(138240K) Class: 18024K(18624K)->18030K(18624K)
[89.832s][info][gc,ergo     ] Pacer for Idle. Initial: 163M, Alloc Tax Rate: 1.0x
[90.796s][info][gc          ] Trigger: Explicit GC request (System.gc())
[90.796s][info][gc,ergo     ] Free: 5865M, Max: 4096K regular, 5052M humongous, Frag: 14% external, 0% internal; Reserve: 412M, Max: 4096K
[90.796s][info][gc,start    ] GC(78) Concurrent reset
[90.796s][info][gc,task     ] GC(78) Using 1 of 3 workers for concurrent reset
[90.796s][info][gc,ergo     ] GC(78) Pacer for Reset. Non-Taxable: 8192M
[90.801s][info][gc          ] GC(78) Concurrent reset 5.384ms
[90.801s][info][gc,start    ] GC(78) Pause Init Mark (unload classes)
[90.802s][info][gc,task     ] GC(78) Using 3 of 3 workers for init marking
[90.802s][info][gc,ref      ] GC(78) Clearing All SoftReferences
[90.802s][info][gc,ergo     ] GC(78) Pacer for Mark. Expected Live: 153M, Free: 5865M, Non-Taxable: 586M, Alloc Tax Rate: 0.0x
[90.802s][info][gc          ] GC(78) Pause Init Mark (unload classes) 0.130ms
[90.802s][info][gc,start    ] GC(78) Concurrent marking roots
[90.802s][info][gc,task     ] GC(78) Using 1 of 3 workers for concurrent marking roots
[90.809s][info][gc          ] GC(78) Concurrent marking roots 7.676ms
[90.809s][info][gc,start    ] GC(78) Concurrent marking (unload classes)
[90.809s][info][gc,task     ] GC(78) Using 1 of 3 workers for concurrent marking
[90.862s][info][gc          ] GC(78) Concurrent marking (unload classes) 52.181ms
[90.862s][info][gc,start    ] GC(78) Pause Final Mark (unload classes)
[90.862s][info][gc,task     ] GC(78) Using 3 of 3 workers for final marking
[90.862s][info][gc,ergo     ] GC(78) Adaptive CSet Selection. Target Free: 1160M, Actual Free: 6816M, Max CSet: 341M, Min Garbage: 0B
[90.862s][info][gc,ergo     ] GC(78) Collectable Garbage: 1512M (99%), Immediate: 548M (36%), CSet: 963M (63%)
[90.862s][info][gc,ergo     ] GC(78) Pacer for Evacuation. Used CSet: 972M, Free: 6679M, Non-Taxable: 667M, Alloc Tax Rate: 1.1x
[90.862s][info][gc          ] GC(78) Pause Final Mark (unload classes) 0.481ms
[90.862s][info][gc,start    ] GC(78) Concurrent thread roots
[90.862s][info][gc,task     ] GC(78) Using 1 of 3 workers for Concurrent thread roots
[90.869s][info][gc          ] GC(78) Concurrent thread roots 7.114ms
[90.869s][info][gc,start    ] GC(78) Concurrent weak references
[90.869s][info][gc,task     ] GC(78) Using 1 of 3 workers for concurrent weak references
[90.870s][info][gc,ref      ] GC(78) Encountered references: Soft: 3585, Weak: 17947, Final: 53, Phantom: 598
[90.871s][info][gc,ref      ] GC(78) Discovered  references: Soft: 1313, Weak: 6842, Final: 0, Phantom: 373
[90.871s][info][gc,ref      ] GC(78) Enqueued    references: Soft: 848, Weak: 3397, Final: 0, Phantom: 0
[90.871s][info][gc          ] GC(78) Concurrent weak references 1.092ms
[90.871s][info][gc,start    ] GC(78) Concurrent weak roots
[90.871s][info][gc,task     ] GC(78) Using 1 of 3 workers for concurrent weak root
[90.880s][info][gc          ] GC(78) Concurrent weak roots 9.090ms
[90.880s][info][gc,start    ] GC(78) Concurrent cleanup
[90.880s][info][gc          ] GC(78) Concurrent cleanup 1914M->1366M(8192M) 0.042ms
[90.880s][info][gc,ergo     ] GC(78) Free: 6407M, Max: 4096K regular, 5088M humongous, Frag: 21% external, 0% internal; Reserve: 410M, Max: 4096K
[90.880s][info][gc,start    ] GC(78) Concurrent class unloading
[90.880s][info][gc,task     ] GC(78) Using 1 of 3 workers for concurrent class unloading
[90.928s][info][gc          ] GC(78) Concurrent class unloading 48.175ms
[90.928s][info][gc,start    ] GC(78) Concurrent strong roots
[90.928s][info][gc,task     ] GC(78) Using 1 of 3 workers for concurrent strong root
[90.928s][info][gc          ] GC(78) Concurrent strong roots 0.309ms
[90.928s][info][gc,start    ] GC(78) Concurrent evacuation
[90.928s][info][gc,task     ] GC(78) Using 1 of 3 workers for concurrent evacuation
[90.934s][info][gc          ] GC(78) Concurrent evacuation 5.880ms
[90.934s][info][gc,start    ] GC(78) Pause Init Update Refs
[90.934s][info][gc,ergo     ] GC(78) Pacer for Update Refs. Used: 1616M, Free: 6167M, Non-Taxable: 616M, Alloc Tax Rate: 1.1x
[90.935s][info][gc          ] GC(78) Pause Init Update Refs 0.143ms
[90.935s][info][gc,start    ] GC(78) Concurrent update references
[90.935s][info][gc,task     ] GC(78) Using 1 of 3 workers for concurrent reference update
[90.957s][info][gc          ] GC(78) Concurrent update references 22.872ms
[90.957s][info][gc,start    ] GC(78) Concurrent update thread roots
[90.965s][info][gc          ] GC(78) Concurrent update thread roots 7.687ms
[90.965s][info][gc,start    ] GC(78) Pause Final Update Refs
[90.965s][info][gc,task     ] GC(78) Using 3 of 3 workers for final reference update
[90.965s][info][gc          ] GC(78) Pause Final Update Refs 0.149ms
[90.965s][info][gc,start    ] GC(78) Concurrent cleanup
[90.966s][info][gc          ] GC(78) Concurrent cleanup 1616M->644M(8192M) 0.075ms
[90.966s][info][gc,ergo     ] Free: 7135M, Max: 4096K regular, 5220M humongous, Frag: 27% external, 0% internal; Reserve: 412M, Max: 4096K
[90.966s][info][gc,stats    ] 
[90.966s][info][gc,stats    ] All times are wall-clock times, except per-root-class counters, that are sum over
[90.966s][info][gc,stats    ] all workers. Dividing the <total> over the root stage time estimates parallelism.
[90.966s][info][gc,stats    ] 
[90.966s][info][gc,stats    ] Concurrent Reset                   5441 us
[90.966s][info][gc,stats    ] Pause Init Mark (G)                 253 us
[90.966s][info][gc,stats    ] Pause Init Mark (N)                 138 us
[90.966s][info][gc,stats    ]   Update Region States               51 us
[90.966s][info][gc,stats    ] Concurrent Mark Roots              7736 us, parallelism: 0.94x
[90.966s][info][gc,stats    ]   CMR: <total>                     7258 us
[90.966s][info][gc,stats    ]   CMR: Thread Roots                7168 us, workers (us): 7168, ---, ---, 
[90.966s][info][gc,stats    ]   CMR: VM Strong Roots               12 us, workers (us):  12, ---, ---, 
[90.966s][info][gc,stats    ]   CMR: CLDG Roots                    79 us, workers (us):  79, ---, ---, 
[90.966s][info][gc,stats    ] Concurrent Marking                52245 us
[90.966s][info][gc,stats    ] Pause Final Mark (G)                654 us
[90.966s][info][gc,stats    ] Pause Final Mark (N)                503 us
[90.966s][info][gc,stats    ]   Finish Mark                        98 us
[90.966s][info][gc,stats    ]   Update Region States               68 us
[90.966s][info][gc,stats    ]   Choose Collection Set             158 us
[90.966s][info][gc,stats    ]   Rebuild Free Set                   24 us
[90.966s][info][gc,stats    ] Concurrent Thread Roots            7159 us, parallelism: 0.98x
[90.966s][info][gc,stats    ]   CTR: <total>                     6995 us
[90.966s][info][gc,stats    ]   CTR: Thread Roots                6995 us, workers (us): 6995, ---, ---, 
[90.966s][info][gc,stats    ] Concurrent Weak References         1100 us, parallelism: 0.82x
[90.966s][info][gc,stats    ]   CWRF: <total>                     897 us
[90.966s][info][gc,stats    ]   CWRF: Weak References             897 us, workers (us): 897, ---, ---, 
[90.966s][info][gc,stats    ] Concurrent Weak Roots              9126 us
[90.966s][info][gc,stats    ]   Roots                            8887 us, parallelism: 1.00x
[90.966s][info][gc,stats    ]     CWR: <total>                   8854 us
[90.966s][info][gc,stats    ]     CWR: Code Cache Roots          8054 us, workers (us): 8054, ---, ---, 
[90.966s][info][gc,stats    ]     CWR: VM Weak Roots              724 us, workers (us): 724, ---, ---, 
[90.966s][info][gc,stats    ]     CWR: CLDG Roots                  76 us, workers (us):  76, ---, ---, 
[90.966s][info][gc,stats    ]   Rendezvous                        183 us
[90.966s][info][gc,stats    ] Concurrent Cleanup                   52 us
[90.966s][info][gc,stats    ] Concurrent Class Unloading        48222 us
[90.966s][info][gc,stats    ]   Unlink Stale                    45968 us
[90.966s][info][gc,stats    ]     System Dictionary              1835 us
[90.966s][info][gc,stats    ]     Weak Class Links              17291 us
[90.966s][info][gc,stats    ]     Code Roots                    26839 us
[90.966s][info][gc,stats    ]   Rendezvous                        170 us
[90.966s][info][gc,stats    ]   Purge Unlinked                   2017 us
[90.966s][info][gc,stats    ]     Code Roots                     1173 us
[90.966s][info][gc,stats    ]     CLDG                            844 us
[90.966s][info][gc,stats    ]     Exception Caches                  0 us
[90.966s][info][gc,stats    ] Concurrent Strong Roots             325 us, parallelism: 0.67x
[90.966s][info][gc,stats    ]   CSR: <total>                      216 us
[90.966s][info][gc,stats    ]   CSR: VM Strong Roots                9 us, workers (us):   9, ---, ---, 
[90.967s][info][gc,stats    ]   CSR: CLDG Roots                   208 us, workers (us): 208, ---, ---, 
[90.967s][info][gc,stats    ] Concurrent Evacuation              5941 us
[90.967s][info][gc,stats    ] Pause Init Update Refs (G)          322 us
[90.967s][info][gc,stats    ] Pause Init Update Refs (N)          165 us
[90.967s][info][gc,stats    ]   Manage GCLABs                      41 us
[90.967s][info][gc,stats    ] Concurrent Update Refs            22936 us
[90.967s][info][gc,stats    ] Concurrent Update Thread Roots     7724 us
[90.967s][info][gc,stats    ] Pause Final Update Refs (G)         229 us
[90.967s][info][gc,stats    ] Pause Final Update Refs (N)         167 us
[90.967s][info][gc,stats    ]   Update Region States               70 us
[90.967s][info][gc,stats    ]   Trash Collection Set               11 us
[90.967s][info][gc,stats    ]   Rebuild Free Set                   20 us
[90.967s][info][gc,stats    ] Concurrent Cleanup                   98 us
[90.967s][info][gc,stats    ] 
[90.967s][info][gc,stats    ] Allocation pacing accrued:
[90.967s][info][gc,stats    ]       0 of  1135 ms (  0.0%): <total>
[90.967s][info][gc,stats    ]       0 of  1135 ms (  0.0%): <average total>
[90.967s][info][gc,stats    ] 
[90.967s][info][gc,metaspace] Metaspace: 155707K(156992K)->154674K(156864K) NonClass: 137657K(138304K)->136796K(138240K) Class: 18049K(18688K)->17878K(18624K)
[90.967s][info][gc,ergo     ] Pacer for Idle. Initial: 163M, Alloc Tax Rate: 1.0x
[91.323s][info][gc          ] Trigger: Learning 2 of 5. Free (5643M) is below initial threshold (5734M)
[91.323s][info][gc,ergo     ] Free: 5643M, Max: 4096K regular, 5220M humongous, Frag: 8% external, 0% internal; Reserve: 412M, Max: 4096K
[91.323s][info][gc,start    ] GC(79) Concurrent reset
[91.323s][info][gc,task     ] GC(79) Using 1 of 3 workers for concurrent reset
[91.323s][info][gc,ergo     ] GC(79) Pacer for Reset. Non-Taxable: 8192M
[91.337s][info][gc          ] GC(79) Concurrent reset 14.215ms
[91.337s][info][gc,start    ] GC(79) Pause Init Mark (unload classes)
[91.337s][info][gc,task     ] GC(79) Using 3 of 3 workers for init marking
[91.338s][info][gc,ergo     ] GC(79) Pacer for Mark. Expected Live: 141M, Free: 5543M, Non-Taxable: 554M, Alloc Tax Rate: 0.0x
[91.338s][info][gc          ] GC(79) Pause Init Mark (unload classes) 0.137ms
[91.338s][info][gc,start    ] GC(79) Concurrent marking roots
[91.338s][info][gc,task     ] GC(79) Using 1 of 3 workers for concurrent marking roots
[91.347s][info][gc          ] GC(79) Concurrent marking roots 9.585ms
[91.349s][info][gc,start    ] GC(79) Concurrent marking (unload classes)
[91.350s][info][gc,task     ] GC(79) Using 1 of 3 workers for concurrent marking
[91.419s][info][gc          ] GC(79) Concurrent marking (unload classes) 69.663ms
[91.419s][info][gc,start    ] GC(79) Pause Final Mark (unload classes)
[91.419s][info][gc,task     ] GC(79) Using 3 of 3 workers for final marking
[91.419s][info][gc,ergo     ] GC(79) Adaptive CSet Selection. Target Free: 1160M, Actual Free: 6614M, Max CSet: 341M, Min Garbage: 0B
[91.419s][info][gc,ergo     ] GC(79) Collectable Garbage: 2025M (99%), Immediate: 974M (47%), CSet: 1051M (51%)
[91.419s][info][gc,ergo     ] GC(79) Pacer for Evacuation. Used CSet: 1113M, Free: 6236M, Non-Taxable: 623M, Alloc Tax Rate: 1.1x
[91.419s][info][gc          ] GC(79) Pause Final Mark (unload classes) 0.240ms
[91.420s][info][gc,start    ] GC(79) Concurrent thread roots
[91.420s][info][gc,task     ] GC(79) Using 1 of 3 workers for Concurrent thread roots
[91.427s][info][gc          ] GC(79) Concurrent thread roots 7.210ms
[91.427s][info][gc,start    ] GC(79) Concurrent weak references
[91.427s][info][gc,task     ] GC(79) Using 1 of 3 workers for concurrent weak references
[91.427s][info][gc,ref      ] GC(79) Encountered references: Soft: 3714, Weak: 14976, Final: 53, Phantom: 598
[91.427s][info][gc,ref      ] GC(79) Discovered  references: Soft: 0, Weak: 2797, Final: 0, Phantom: 278
[91.427s][info][gc,ref      ] GC(79) Enqueued    references: Soft: 0, Weak: 211, Final: 0, Phantom: 0
[91.427s][info][gc          ] GC(79) Concurrent weak references 0.250ms
[91.427s][info][gc,start    ] GC(79) Concurrent weak roots
[91.427s][info][gc,task     ] GC(79) Using 1 of 3 workers for concurrent weak root
[91.436s][info][gc          ] GC(79) Concurrent weak roots 8.933ms
[91.436s][info][gc,start    ] GC(79) Concurrent cleanup
[91.436s][info][gc          ] GC(79) Concurrent cleanup 2602M->1628M(8192M) 0.040ms
[91.436s][info][gc,ergo     ] GC(79) Free: 6139M, Max: 4096K regular, 5132M humongous, Frag: 17% external, 0% internal; Reserve: 404M, Max: 4096K
[91.436s][info][gc,start    ] GC(79) Concurrent class unloading
[91.436s][info][gc,task     ] GC(79) Using 1 of 3 workers for concurrent class unloading
[91.480s][info][gc          ] GC(79) Concurrent class unloading 43.403ms
[91.480s][info][gc,start    ] GC(79) Concurrent strong roots
[91.480s][info][gc,task     ] GC(79) Using 1 of 3 workers for concurrent strong root
[91.480s][info][gc          ] GC(79) Concurrent strong roots 0.522ms
[91.480s][info][gc,start    ] GC(79) Concurrent evacuation
[91.480s][info][gc,task     ] GC(79) Using 1 of 3 workers for concurrent evacuation
[91.497s][info][gc          ] GC(79) Concurrent evacuation 16.656ms
[91.497s][info][gc,start    ] GC(79) Pause Init Update Refs
[91.497s][info][gc,ergo     ] GC(79) Pacer for Update Refs. Used: 1704M, Free: 6119M, Non-Taxable: 611M, Alloc Tax Rate: 1.1x
[91.497s][info][gc          ] GC(79) Pause Init Update Refs 0.066ms
[91.497s][info][gc,start    ] GC(79) Concurrent update references
[91.497s][info][gc,task     ] GC(79) Using 1 of 3 workers for concurrent reference update
[91.568s][info][gc          ] GC(79) Concurrent update references 70.305ms
[91.568s][info][gc,start    ] GC(79) Concurrent update thread roots
[91.575s][info][gc          ] GC(79) Concurrent update thread roots 6.967ms
[91.575s][info][gc,start    ] GC(79) Pause Final Update Refs
[91.575s][info][gc,task     ] GC(79) Using 3 of 3 workers for final reference update
[91.575s][info][gc          ] GC(79) Pause Final Update Refs 0.141ms
[91.578s][info][gc,start    ] GC(79) Concurrent cleanup
[91.578s][info][gc          ] GC(79) Concurrent cleanup 1766M->657M(8192M) 0.098ms
[91.578s][info][gc,ergo     ] Free: 7086M, Max: 4096K regular, 5076M humongous, Frag: 29% external, 0% internal; Reserve: 412M, Max: 4096K
[91.578s][info][gc,stats    ] 
[91.578s][info][gc,stats    ] All times are wall-clock times, except per-root-class counters, that are sum over
[91.579s][info][gc,stats    ] all workers. Dividing the <total> over the root stage time estimates parallelism.
[91.579s][info][gc,stats    ] 
[91.579s][info][gc,stats    ] Concurrent Reset                  14361 us
[91.579s][info][gc,stats    ] Pause Init Mark (G)                 429 us
[91.579s][info][gc,stats    ] Pause Init Mark (N)                 145 us
[91.579s][info][gc,stats    ]   Update Region States               49 us
[91.579s][info][gc,stats    ] Concurrent Mark Roots             11611 us, parallelism: 0.79x
[91.579s][info][gc,stats    ]   CMR: <total>                     9121 us
[91.579s][info][gc,stats    ]   CMR: Thread Roots                8923 us, workers (us): 8923, ---, ---, 
[91.579s][info][gc,stats    ]   CMR: VM Strong Roots               30 us, workers (us):  30, ---, ---, 
[91.579s][info][gc,stats    ]   CMR: CLDG Roots                   168 us, workers (us): 168, ---, ---, 
[91.579s][info][gc,stats    ] Concurrent Marking                69735 us
[91.579s][info][gc,stats    ] Pause Final Mark (G)                799 us
[91.579s][info][gc,stats    ] Pause Final Mark (N)                248 us
[91.579s][info][gc,stats    ]   Finish Mark                        58 us
[91.579s][info][gc,stats    ]   Update Region States               32 us
[91.579s][info][gc,stats    ]   Choose Collection Set              76 us
[91.579s][info][gc,stats    ]   Rebuild Free Set                    9 us
[91.579s][info][gc,stats    ] Concurrent Thread Roots            7255 us, parallelism: 0.98x
[91.579s][info][gc,stats    ]   CTR: <total>                     7113 us
[91.579s][info][gc,stats    ]   CTR: Thread Roots                7113 us, workers (us): 7113, ---, ---, 
[91.579s][info][gc,stats    ] Concurrent Weak References          257 us, parallelism: 0.65x
[91.579s][info][gc,stats    ]   CWRF: <total>                     169 us
[91.579s][info][gc,stats    ]   CWRF: Weak References             169 us, workers (us): 169, ---, ---, 
[91.579s][info][gc,stats    ] Concurrent Weak Roots              8975 us
[91.579s][info][gc,stats    ]   Roots                            8739 us, parallelism: 1.00x
[91.579s][info][gc,stats    ]     CWR: <total>                   8699 us
[91.579s][info][gc,stats    ]     CWR: Code Cache Roots          7102 us, workers (us): 7102, ---, ---, 
[91.579s][info][gc,stats    ]     CWR: VM Weak Roots             1489 us, workers (us): 1489, ---, ---, 
[91.579s][info][gc,stats    ]     CWR: CLDG Roots                 109 us, workers (us): 109, ---, ---, 
[91.579s][info][gc,stats    ]   Rendezvous                        175 us
[91.579s][info][gc,stats    ] Concurrent Cleanup                   49 us
[91.579s][info][gc,stats    ] Concurrent Class Unloading        43440 us
[91.579s][info][gc,stats    ]   Unlink Stale                    41815 us
[91.579s][info][gc,stats    ]     System Dictionary               419 us
[91.579s][info][gc,stats    ]     Weak Class Links              15160 us
[91.579s][info][gc,stats    ]     Code Roots                    26233 us
[91.579s][info][gc,stats    ]   Rendezvous                        238 us
[91.579s][info][gc,stats    ]   Purge Unlinked                   1332 us
[91.579s][info][gc,stats    ]     Code Roots                     1255 us
[91.579s][info][gc,stats    ]     CLDG                             76 us
[91.579s][info][gc,stats    ]     Exception Caches                  0 us
[91.579s][info][gc,stats    ] Concurrent Strong Roots             531 us, parallelism: 0.78x
[91.579s][info][gc,stats    ]   CSR: <total>                      412 us
[91.579s][info][gc,stats    ]   CSR: VM Strong Roots               13 us, workers (us):  13, ---, ---, 
[91.579s][info][gc,stats    ]   CSR: CLDG Roots                   399 us, workers (us): 399, ---, ---, 
[91.579s][info][gc,stats    ] Concurrent Evacuation             16706 us
[91.579s][info][gc,stats    ] Pause Init Update Refs (G)          191 us
[91.579s][info][gc,stats    ] Pause Init Update Refs (N)           75 us
[91.579s][info][gc,stats    ]   Manage GCLABs                      16 us
[91.579s][info][gc,stats    ] Concurrent Update Refs            70382 us
[91.579s][info][gc,stats    ] Concurrent Update Thread Roots     7038 us
[91.579s][info][gc,stats    ] Pause Final Update Refs (G)        3686 us
[91.579s][info][gc,stats    ] Pause Final Update Refs (N)         153 us
[91.579s][info][gc,stats    ]   Update Region States               57 us
[91.579s][info][gc,stats    ]   Trash Collection Set               10 us
[91.579s][info][gc,stats    ]   Rebuild Free Set                   18 us
[91.579s][info][gc,stats    ] Concurrent Cleanup                  109 us
[91.579s][info][gc,stats    ] 
[91.579s][info][gc,stats    ] Allocation pacing accrued:
[91.579s][info][gc,stats    ]       0 of   612 ms (  0.0%): <total>
[91.579s][info][gc,stats    ]       0 of   612 ms (  0.0%): <average total>
[91.579s][info][gc,stats    ] 
[91.579s][info][gc,metaspace] Metaspace: 155659K(156864K)->155667K(156928K) NonClass: 137633K(138240K)->137642K(138304K) Class: 18026K(18624K)->18024K(18624K)
[91.579s][info][gc,ergo     ] Pacer for Idle. Initial: 163M, Alloc Tax Rate: 1.0x
[92.610s][info][gc          ] Trigger: Explicit GC request (System.gc())
[92.610s][info][gc,ergo     ] Free: 5890M, Max: 4096K regular, 5076M humongous, Frag: 14% external, 0% internal; Reserve: 412M, Max: 4096K
[92.610s][info][gc,start    ] GC(80) Concurrent reset
[92.610s][info][gc,task     ] GC(80) Using 1 of 3 workers for concurrent reset
[92.610s][info][gc,ergo     ] GC(80) Pacer for Reset. Non-Taxable: 8192M
[92.615s][info][gc          ] GC(80) Concurrent reset 5.195ms
[92.615s][info][gc,start    ] GC(80) Pause Init Mark (unload classes)
[92.615s][info][gc,task     ] GC(80) Using 3 of 3 workers for init marking
[92.615s][info][gc,ref      ] GC(80) Clearing All SoftReferences
[92.615s][info][gc,ergo     ] GC(80) Pacer for Mark. Expected Live: 152M, Free: 5890M, Non-Taxable: 589M, Alloc Tax Rate: 0.0x
[92.615s][info][gc          ] GC(80) Pause Init Mark (unload classes) 0.132ms
[92.615s][info][gc,start    ] GC(80) Concurrent marking roots
[92.615s][info][gc,task     ] GC(80) Using 1 of 3 workers for concurrent marking roots
[92.622s][info][gc          ] GC(80) Concurrent marking roots 7.127ms
[92.623s][info][gc,start    ] GC(80) Concurrent marking (unload classes)
[92.623s][info][gc,task     ] GC(80) Using 1 of 3 workers for concurrent marking
[92.675s][info][gc          ] GC(80) Concurrent marking (unload classes) 52.849ms
[92.676s][info][gc,start    ] GC(80) Pause Final Mark (unload classes)
[92.676s][info][gc,task     ] GC(80) Using 3 of 3 workers for final marking
[92.676s][info][gc,ergo     ] GC(80) Adaptive CSet Selection. Target Free: 1160M, Actual Free: 6842M, Max CSet: 341M, Min Garbage: 0B
[92.676s][info][gc,ergo     ] GC(80) Collectable Garbage: 1489M (99%), Immediate: 550M (36%), CSet: 938M (62%)
[92.676s][info][gc,ergo     ] GC(80) Pacer for Evacuation. Used CSet: 946M, Free: 6703M, Non-Taxable: 670M, Alloc Tax Rate: 1.1x
[92.676s][info][gc          ] GC(80) Pause Final Mark (unload classes) 0.541ms
[92.676s][info][gc,start    ] GC(80) Concurrent thread roots
[92.676s][info][gc,task     ] GC(80) Using 1 of 3 workers for Concurrent thread roots
[92.683s][info][gc          ] GC(80) Concurrent thread roots 6.930ms
[92.683s][info][gc,start    ] GC(80) Concurrent weak references
[92.683s][info][gc,task     ] GC(80) Using 1 of 3 workers for concurrent weak references
[92.684s][info][gc,ref      ] GC(80) Encountered references: Soft: 3586, Weak: 17951, Final: 53, Phantom: 598
[92.684s][info][gc,ref      ] GC(80) Discovered  references: Soft: 1314, Weak: 6845, Final: 0, Phantom: 373
[92.684s][info][gc,ref      ] GC(80) Enqueued    references: Soft: 849, Weak: 3400, Final: 0, Phantom: 0
[92.684s][info][gc          ] GC(80) Concurrent weak references 0.991ms
[92.684s][info][gc,start    ] GC(80) Concurrent weak roots
[92.684s][info][gc,task     ] GC(80) Using 1 of 3 workers for concurrent weak root
[92.696s][info][gc          ] GC(80) Concurrent weak roots 11.845ms
[92.696s][info][gc,start    ] GC(80) Concurrent cleanup
[92.696s][info][gc          ] GC(80) Concurrent cleanup 1970M->1420M(8192M) 0.045ms
[92.696s][info][gc,ergo     ] GC(80) Free: 6351M, Max: 4096K regular, 5120M humongous, Frag: 20% external, 0% internal; Reserve: 410M, Max: 4096K
[92.696s][info][gc,start    ] GC(80) Concurrent class unloading
[92.696s][info][gc,task     ] GC(80) Using 1 of 3 workers for concurrent class unloading
[92.747s][info][gc          ] GC(80) Concurrent class unloading 51.026ms
[92.747s][info][gc,start    ] GC(80) Concurrent strong roots
[92.747s][info][gc,task     ] GC(80) Using 1 of 3 workers for concurrent strong root
[92.748s][info][gc          ] GC(80) Concurrent strong roots 0.442ms
[92.748s][info][gc,start    ] GC(80) Concurrent evacuation
[92.748s][info][gc,task     ] GC(80) Using 1 of 3 workers for concurrent evacuation
[92.754s][info][gc          ] GC(80) Concurrent evacuation 5.963ms
[92.754s][info][gc,start    ] GC(80) Pause Init Update Refs
[92.754s][info][gc,ergo     ] GC(80) Pacer for Update Refs. Used: 1606M, Free: 6175M, Non-Taxable: 617M, Alloc Tax Rate: 1.1x
[92.754s][info][gc          ] GC(80) Pause Init Update Refs 0.080ms
[92.754s][info][gc,start    ] GC(80) Concurrent update references
[92.754s][info][gc,task     ] GC(80) Using 1 of 3 workers for concurrent reference update
[92.776s][info][gc          ] GC(80) Concurrent update references 22.142ms
[92.776s][info][gc,start    ] GC(80) Concurrent update thread roots
[92.784s][info][gc          ] GC(80) Concurrent update thread roots 7.652ms
[92.784s][info][gc,start    ] GC(80) Pause Final Update Refs
[92.784s][info][gc,task     ] GC(80) Using 3 of 3 workers for final reference update
[92.784s][info][gc          ] GC(80) Pause Final Update Refs 0.121ms
[92.784s][info][gc,start    ] GC(80) Concurrent cleanup
[92.784s][info][gc          ] GC(80) Concurrent cleanup 1606M->660M(8192M) 0.042ms
[92.784s][info][gc,ergo     ] Free: 7119M, Max: 4096K regular, 5220M humongous, Frag: 27% external, 0% internal; Reserve: 412M, Max: 4096K
[92.784s][info][gc,stats    ] 
[92.784s][info][gc,stats    ] All times are wall-clock times, except per-root-class counters, that are sum over
[92.784s][info][gc,stats    ] all workers. Dividing the <total> over the root stage time estimates parallelism.
[92.784s][info][gc,stats    ] 
[92.784s][info][gc,stats    ] Concurrent Reset                   5260 us
[92.784s][info][gc,stats    ] Pause Init Mark (G)                 284 us
[92.784s][info][gc,stats    ] Pause Init Mark (N)                 141 us
[92.784s][info][gc,stats    ]   Update Region States               55 us
[92.784s][info][gc,stats    ] Concurrent Mark Roots              7186 us, parallelism: 0.95x
[92.784s][info][gc,stats    ]   CMR: <total>                     6856 us
[92.784s][info][gc,stats    ]   CMR: Thread Roots                6762 us, workers (us): 6762, ---, ---, 
[92.784s][info][gc,stats    ]   CMR: VM Strong Roots               10 us, workers (us):  10, ---, ---, 
[92.784s][info][gc,stats    ]   CMR: CLDG Roots                    84 us, workers (us):  84, ---, ---, 
[92.784s][info][gc,stats    ] Concurrent Marking                52915 us
[92.784s][info][gc,stats    ] Pause Final Mark (G)                700 us
[92.784s][info][gc,stats    ] Pause Final Mark (N)                563 us
[92.784s][info][gc,stats    ]   Finish Mark                        96 us
[92.784s][info][gc,stats    ]   Update Region States              102 us
[92.784s][info][gc,stats    ]   Choose Collection Set             185 us
[92.784s][info][gc,stats    ]   Rebuild Free Set                   25 us
[92.784s][info][gc,stats    ] Concurrent Thread Roots            6977 us, parallelism: 0.98x
[92.784s][info][gc,stats    ]   CTR: <total>                     6843 us
[92.784s][info][gc,stats    ]   CTR: Thread Roots                6843 us, workers (us): 6843, ---, ---, 
[92.784s][info][gc,stats    ] Concurrent Weak References          999 us, parallelism: 0.85x
[92.784s][info][gc,stats    ]   CWRF: <total>                     849 us
[92.784s][info][gc,stats    ]   CWRF: Weak References             849 us, workers (us): 849, ---, ---, 
[92.784s][info][gc,stats    ] Concurrent Weak Roots             11903 us
[92.784s][info][gc,stats    ]   Roots                           11633 us, parallelism: 1.00x
[92.784s][info][gc,stats    ]     CWR: <total>                  11597 us
[92.784s][info][gc,stats    ]     CWR: Code Cache Roots         10783 us, workers (us): 10783, ---, ---, 
[92.784s][info][gc,stats    ]     CWR: VM Weak Roots              729 us, workers (us): 729, ---, ---, 
[92.784s][info][gc,stats    ]     CWR: CLDG Roots                  85 us, workers (us):  85, ---, ---, 
[92.784s][info][gc,stats    ]   Rendezvous                        194 us
[92.784s][info][gc,stats    ] Concurrent Cleanup                   53 us
[92.784s][info][gc,stats    ] Concurrent Class Unloading        51074 us
[92.784s][info][gc,stats    ]   Unlink Stale                    48498 us
[92.784s][info][gc,stats    ]     System Dictionary              1826 us
[92.785s][info][gc,stats    ]     Weak Class Links              18765 us
[92.785s][info][gc,stats    ]     Code Roots                    27904 us
[92.785s][info][gc,stats    ]   Rendezvous                        249 us
[92.785s][info][gc,stats    ]   Purge Unlinked                   2259 us
[92.785s][info][gc,stats    ]     Code Roots                     1093 us
[92.785s][info][gc,stats    ]     CLDG                           1165 us
[92.785s][info][gc,stats    ]     Exception Caches                  0 us
[92.785s][info][gc,stats    ] Concurrent Strong Roots             460 us, parallelism: 0.72x
[92.785s][info][gc,stats    ]   CSR: <total>                      333 us
[92.785s][info][gc,stats    ]   CSR: VM Strong Roots               13 us, workers (us):  13, ---, ---, 
[92.785s][info][gc,stats    ]   CSR: CLDG Roots                   320 us, workers (us): 320, ---, ---, 
[92.785s][info][gc,stats    ] Concurrent Evacuation              6030 us
[92.785s][info][gc,stats    ] Pause Init Update Refs (G)          189 us
[92.785s][info][gc,stats    ] Pause Init Update Refs (N)           89 us
[92.785s][info][gc,stats    ]   Manage GCLABs                      25 us
[92.785s][info][gc,stats    ] Concurrent Update Refs            22211 us
[92.785s][info][gc,stats    ] Concurrent Update Thread Roots     7672 us
[92.785s][info][gc,stats    ] Pause Final Update Refs (G)         191 us
[92.785s][info][gc,stats    ] Pause Final Update Refs (N)         139 us
[92.785s][info][gc,stats    ]   Update Region States               59 us
[92.785s][info][gc,stats    ]   Trash Collection Set                9 us
[92.785s][info][gc,stats    ]   Rebuild Free Set                   18 us
[92.785s][info][gc,stats    ] Concurrent Cleanup                   52 us
[92.785s][info][gc,stats    ] 
[92.785s][info][gc,stats    ] Allocation pacing accrued:
[92.785s][info][gc,stats    ]       0 of  1206 ms (  0.0%): <total>
[92.785s][info][gc,stats    ]       0 of  1206 ms (  0.0%): <average total>
[92.785s][info][gc,stats    ] 
[92.785s][info][gc,metaspace] Metaspace: 155934K(157184K)->154898K(157056K) NonClass: 137880K(138496K)->137016K(138432K) Class: 18053K(18688K)->17881K(18624K)
[92.785s][info][gc,ergo     ] Pacer for Idle. Initial: 163M, Alloc Tax Rate: 1.0x
[93.147s][info][gc          ] Trigger: Learning 2 of 5. Free (5619M) is below initial threshold (5734M)
[93.147s][info][gc,ergo     ] Free: 5615M, Max: 4096K regular, 5220M humongous, Frag: 7% external, 0% internal; Reserve: 412M, Max: 4096K
[93.148s][info][gc,start    ] GC(81) Concurrent reset
[93.148s][info][gc,task     ] GC(81) Using 1 of 3 workers for concurrent reset
[93.148s][info][gc,ergo     ] GC(81) Pacer for Reset. Non-Taxable: 8192M
[93.162s][info][gc          ] GC(81) Concurrent reset 13.965ms
[93.162s][info][gc,start    ] GC(81) Pause Init Mark (unload classes)
[93.162s][info][gc,task     ] GC(81) Using 3 of 3 workers for init marking
[93.162s][info][gc,ergo     ] GC(81) Pacer for Mark. Expected Live: 141M, Free: 5519M, Non-Taxable: 551M, Alloc Tax Rate: 0.0x
[93.162s][info][gc          ] GC(81) Pause Init Mark (unload classes) 0.125ms
[93.162s][info][gc,start    ] GC(81) Concurrent marking roots
[93.162s][info][gc,task     ] GC(81) Using 1 of 3 workers for concurrent marking roots
[93.172s][info][gc          ] GC(81) Concurrent marking roots 9.670ms
[93.172s][info][gc,start    ] GC(81) Concurrent marking (unload classes)
[93.172s][info][gc,task     ] GC(81) Using 1 of 3 workers for concurrent marking
[93.243s][info][gc          ] GC(81) Concurrent marking (unload classes) 70.973ms
[93.243s][info][gc,start    ] GC(81) Pause Final Mark (unload classes)
[93.243s][info][gc,task     ] GC(81) Using 3 of 3 workers for final marking
[93.243s][info][gc,ergo     ] GC(81) Adaptive CSet Selection. Target Free: 1160M, Actual Free: 6559M, Max CSet: 341M, Min Garbage: 0B
[93.243s][info][gc,ergo     ] GC(81) Collectable Garbage: 2045M (99%), Immediate: 947M (46%), CSet: 1098M (53%)
[93.243s][info][gc,ergo     ] GC(81) Pacer for Evacuation. Used CSet: 1159M, Free: 6180M, Non-Taxable: 618M, Alloc Tax Rate: 1.1x
[93.243s][info][gc          ] GC(81) Pause Final Mark (unload classes) 0.263ms
[93.244s][info][gc,start    ] GC(81) Concurrent thread roots
[93.244s][info][gc,task     ] GC(81) Using 1 of 3 workers for Concurrent thread roots
[93.251s][info][gc          ] GC(81) Concurrent thread roots 7.149ms
[93.251s][info][gc,start    ] GC(81) Concurrent weak references
[93.251s][info][gc,task     ] GC(81) Using 1 of 3 workers for concurrent weak references
[93.252s][info][gc,ref      ] GC(81) Encountered references: Soft: 3713, Weak: 14972, Final: 53, Phantom: 598
[93.252s][info][gc,ref      ] GC(81) Discovered  references: Soft: 0, Weak: 7439, Final: 0, Phantom: 278
[93.252s][info][gc,ref      ] GC(81) Enqueued    references: Soft: 0, Weak: 212, Final: 0, Phantom: 0
[93.252s][info][gc          ] GC(81) Concurrent weak references 0.554ms
[93.252s][info][gc,start    ] GC(81) Concurrent weak roots
[93.252s][info][gc,task     ] GC(81) Using 1 of 3 workers for concurrent weak root
[93.260s][info][gc          ] GC(81) Concurrent weak roots 8.357ms
[93.260s][info][gc,start    ] GC(81) Concurrent cleanup
[93.260s][info][gc          ] GC(81) Concurrent cleanup 2630M->1683M(8192M) 0.037ms
[93.260s][info][gc,ergo     ] GC(81) Free: 6087M, Max: 4096K regular, 5108M humongous, Frag: 16% external, 0% internal; Reserve: 399M, Max: 4096K
[93.260s][info][gc,start    ] GC(81) Concurrent class unloading
[93.260s][info][gc,task     ] GC(81) Using 1 of 3 workers for concurrent class unloading
[93.312s][info][gc          ] GC(81) Concurrent class unloading 52.212ms
[93.313s][info][gc,start    ] GC(81) Concurrent strong roots
[93.313s][info][gc,task     ] GC(81) Using 1 of 3 workers for concurrent strong root
[93.313s][info][gc          ] GC(81) Concurrent strong roots 0.386ms
[93.313s][info][gc,start    ] GC(81) Concurrent evacuation
[93.313s][info][gc,task     ] GC(81) Using 1 of 3 workers for concurrent evacuation
[93.321s][info][gc          ] GC(81) Concurrent evacuation 8.104ms
[93.321s][info][gc,start    ] GC(81) Pause Init Update Refs
[93.321s][info][gc,ergo     ] GC(81) Pacer for Update Refs. Used: 1792M, Free: 6020M, Non-Taxable: 602M, Alloc Tax Rate: 1.1x
[93.321s][info][gc          ] GC(81) Pause Init Update Refs 0.095ms
[93.321s][info][gc,start    ] GC(81) Concurrent update references
[93.321s][info][gc,task     ] GC(81) Using 1 of 3 workers for concurrent reference update
[93.389s][info][gc          ] GC(81) Concurrent update references 67.581ms
[93.389s][info][gc,start    ] GC(81) Concurrent update thread roots
[93.396s][info][gc          ] GC(81) Concurrent update thread roots 6.836ms
[93.396s][info][gc,start    ] GC(81) Pause Final Update Refs
[93.396s][info][gc,task     ] GC(81) Using 3 of 3 workers for final reference update
[93.396s][info][gc          ] GC(81) Pause Final Update Refs 0.127ms
[93.396s][info][gc,start    ] GC(81) Concurrent cleanup
[93.396s][info][gc          ] GC(81) Concurrent cleanup 1858M->699M(8192M) 0.033ms
[93.396s][info][gc,ergo     ] Free: 7036M, Max: 4096K regular, 5048M humongous, Frag: 29% external, 0% internal; Reserve: 412M, Max: 4096K
[93.396s][info][gc,stats    ] 
[93.396s][info][gc,stats    ] All times are wall-clock times, except per-root-class counters, that are sum over
[93.396s][info][gc,stats    ] all workers. Dividing the <total> over the root stage time estimates parallelism.
[93.396s][info][gc,stats    ] 
[93.396s][info][gc,stats    ] Concurrent Reset                  14101 us
[93.396s][info][gc,stats    ] Pause Init Mark (G)                 396 us
[93.396s][info][gc,stats    ] Pause Init Mark (N)                 133 us
[93.396s][info][gc,stats    ]   Update Region States               44 us
[93.396s][info][gc,stats    ] Concurrent Mark Roots              9790 us, parallelism: 0.95x
[93.396s][info][gc,stats    ]   CMR: <total>                     9292 us
[93.396s][info][gc,stats    ]   CMR: Thread Roots                9143 us, workers (us): 9143, ---, ---, 
[93.396s][info][gc,stats    ]   CMR: VM Strong Roots               22 us, workers (us):  22, ---, ---, 
[93.396s][info][gc,stats    ]   CMR: CLDG Roots                   127 us, workers (us): 127, ---, ---, 
[93.396s][info][gc,stats    ] Concurrent Marking                71011 us
[93.396s][info][gc,stats    ] Pause Final Mark (G)               1185 us
[93.396s][info][gc,stats    ] Pause Final Mark (N)                272 us
[93.396s][info][gc,stats    ]   Finish Mark                        65 us
[93.396s][info][gc,stats    ]   Update Region States               31 us
[93.396s][info][gc,stats    ]   Choose Collection Set             103 us
[93.396s][info][gc,stats    ]   Rebuild Free Set                    9 us
[93.396s][info][gc,stats    ] Concurrent Thread Roots            7201 us, parallelism: 0.98x
[93.396s][info][gc,stats    ]   CTR: <total>                     7056 us
[93.396s][info][gc,stats    ]   CTR: Thread Roots                7056 us, workers (us): 7056, ---, ---, 
[93.396s][info][gc,stats    ] Concurrent Weak References          562 us, parallelism: 0.87x
[93.396s][info][gc,stats    ]   CWRF: <total>                     488 us
[93.396s][info][gc,stats    ]   CWRF: Weak References             488 us, workers (us): 488, ---, ---, 
[93.396s][info][gc,stats    ] Concurrent Weak Roots              8393 us
[93.396s][info][gc,stats    ]   Roots                            8168 us, parallelism: 1.00x
[93.396s][info][gc,stats    ]     CWR: <total>                   8132 us
[93.396s][info][gc,stats    ]     CWR: Code Cache Roots          6554 us, workers (us): 6554, ---, ---, 
[93.396s][info][gc,stats    ]     CWR: VM Weak Roots             1471 us, workers (us): 1471, ---, ---, 
[93.396s][info][gc,stats    ]     CWR: CLDG Roots                 107 us, workers (us): 107, ---, ---, 
[93.396s][info][gc,stats    ]   Rendezvous                        171 us
[93.396s][info][gc,stats    ] Concurrent Cleanup                   46 us
[93.396s][info][gc,stats    ] Concurrent Class Unloading        52258 us
[93.396s][info][gc,stats    ]   Unlink Stale                    50425 us
[93.396s][info][gc,stats    ]     System Dictionary               378 us
[93.396s][info][gc,stats    ]     Weak Class Links              16576 us
[93.396s][info][gc,stats    ]     Code Roots                    33469 us
[93.396s][info][gc,stats    ]   Rendezvous                        198 us
[93.396s][info][gc,stats    ]   Purge Unlinked                   1570 us
[93.396s][info][gc,stats    ]     Code Roots                     1499 us
[93.396s][info][gc,stats    ]     CLDG                             70 us
[93.396s][info][gc,stats    ]     Exception Caches                  0 us
[93.396s][info][gc,stats    ] Concurrent Strong Roots             395 us, parallelism: 0.71x
[93.396s][info][gc,stats    ]   CSR: <total>                      282 us
[93.396s][info][gc,stats    ]   CSR: VM Strong Roots                8 us, workers (us):   8, ---, ---, 
[93.397s][info][gc,stats    ]   CSR: CLDG Roots                   274 us, workers (us): 274, ---, ---, 
[93.397s][info][gc,stats    ] Concurrent Evacuation              8153 us
[93.397s][info][gc,stats    ] Pause Init Update Refs (G)          206 us
[93.397s][info][gc,stats    ] Pause Init Update Refs (N)          112 us
[93.397s][info][gc,stats    ]   Manage GCLABs                      22 us
[93.397s][info][gc,stats    ] Concurrent Update Refs            67619 us
[93.397s][info][gc,stats    ] Concurrent Update Thread Roots     6887 us
[93.397s][info][gc,stats    ] Pause Final Update Refs (G)         311 us
[93.397s][info][gc,stats    ] Pause Final Update Refs (N)         138 us
[93.397s][info][gc,stats    ]   Update Region States               40 us
[93.397s][info][gc,stats    ]   Trash Collection Set                9 us
[93.397s][info][gc,stats    ]   Rebuild Free Set                   17 us
[93.397s][info][gc,stats    ] Concurrent Cleanup                   42 us
[93.397s][info][gc,stats    ] 
[93.397s][info][gc,stats    ] Allocation pacing accrued:
[93.397s][info][gc,stats    ]       0 of   612 ms (  0.0%): <total>
[93.397s][info][gc,stats    ]       0 of   612 ms (  0.0%): <average total>
[93.397s][info][gc,stats    ] 
[93.397s][info][gc,metaspace] Metaspace: 155755K(157056K)->155779K(157056K) NonClass: 137727K(138432K)->137748K(138432K) Class: 18027K(18624K)->18030K(18624K)
[93.397s][info][gc,ergo     ] Pacer for Idle. Initial: 163M, Alloc Tax Rate: 1.0x
[94.368s][info][gc          ] Trigger: Explicit GC request (System.gc())
[94.369s][info][gc,ergo     ] Free: 5881M, Max: 4096K regular, 5048M humongous, Frag: 15% external, 0% internal; Reserve: 412M, Max: 4096K
[94.369s][info][gc,start    ] GC(82) Concurrent reset
[94.369s][info][gc,task     ] GC(82) Using 1 of 3 workers for concurrent reset
[94.369s][info][gc,ergo     ] GC(82) Pacer for Reset. Non-Taxable: 8192M
[94.374s][info][gc          ] GC(82) Concurrent reset 5.006ms
[94.374s][info][gc,start    ] GC(82) Pause Init Mark (unload classes)
[94.374s][info][gc,task     ] GC(82) Using 3 of 3 workers for init marking
[94.374s][info][gc,ref      ] GC(82) Clearing All SoftReferences
[94.374s][info][gc,ergo     ] GC(82) Pacer for Mark. Expected Live: 152M, Free: 5881M, Non-Taxable: 588M, Alloc Tax Rate: 0.0x
[94.374s][info][gc          ] GC(82) Pause Init Mark (unload classes) 0.245ms
[94.375s][info][gc,start    ] GC(82) Concurrent marking roots
[94.375s][info][gc,task     ] GC(82) Using 1 of 3 workers for concurrent marking roots
[94.382s][info][gc          ] GC(82) Concurrent marking roots 7.863ms
[94.382s][info][gc,start    ] GC(82) Concurrent marking (unload classes)
[94.383s][info][gc,task     ] GC(82) Using 1 of 3 workers for concurrent marking
[94.435s][info][gc          ] GC(82) Concurrent marking (unload classes) 52.474ms
[94.435s][info][gc,start    ] GC(82) Pause Final Mark (unload classes)
[94.435s][info][gc,task     ] GC(82) Using 3 of 3 workers for final marking
[94.435s][info][gc,ergo     ] GC(82) Adaptive CSet Selection. Target Free: 1160M, Actual Free: 6838M, Max CSet: 341M, Min Garbage: 0B
[94.436s][info][gc,ergo     ] GC(82) Collectable Garbage: 1495M (99%), Immediate: 558M (37%), CSet: 937M (62%)
[94.436s][info][gc,ergo     ] GC(82) Pacer for Evacuation. Used CSet: 942M, Free: 6703M, Non-Taxable: 670M, Alloc Tax Rate: 1.1x
[94.436s][info][gc          ] GC(82) Pause Final Mark (unload classes) 0.461ms
[94.436s][info][gc,start    ] GC(82) Concurrent thread roots
[94.436s][info][gc,task     ] GC(82) Using 1 of 3 workers for Concurrent thread roots
[94.443s][info][gc          ] GC(82) Concurrent thread roots 6.958ms
[94.443s][info][gc,start    ] GC(82) Concurrent weak references
[94.443s][info][gc,task     ] GC(82) Using 1 of 3 workers for concurrent weak references
[94.444s][info][gc,ref      ] GC(82) Encountered references: Soft: 3587, Weak: 17948, Final: 53, Phantom: 598
[94.444s][info][gc,ref      ] GC(82) Discovered  references: Soft: 1315, Weak: 6843, Final: 0, Phantom: 373
[94.444s][info][gc,ref      ] GC(82) Enqueued    references: Soft: 850, Weak: 3398, Final: 0, Phantom: 0
[94.444s][info][gc          ] GC(82) Concurrent weak references 0.962ms
[94.444s][info][gc,start    ] GC(82) Concurrent weak roots
[94.444s][info][gc,task     ] GC(82) Using 1 of 3 workers for concurrent weak root
[94.453s][info][gc          ] GC(82) Concurrent weak roots 9.335ms
[94.453s][info][gc,start    ] GC(82) Concurrent cleanup
[94.453s][info][gc          ] GC(82) Concurrent cleanup 1938M->1380M(8192M) 0.043ms
[94.453s][info][gc,ergo     ] GC(82) Free: 6395M, Max: 4096K regular, 5080M humongous, Frag: 21% external, 0% internal; Reserve: 410M, Max: 4096K
[94.453s][info][gc,start    ] GC(82) Concurrent class unloading
[94.453s][info][gc,task     ] GC(82) Using 1 of 3 workers for concurrent class unloading
[94.504s][info][gc          ] GC(82) Concurrent class unloading 50.702ms
[94.504s][info][gc,start    ] GC(82) Concurrent strong roots
[94.504s][info][gc,task     ] GC(82) Using 1 of 3 workers for concurrent strong root
[94.504s][info][gc          ] GC(82) Concurrent strong roots 0.327ms
[94.504s][info][gc,start    ] GC(82) Concurrent evacuation
[94.504s][info][gc,task     ] GC(82) Using 1 of 3 workers for concurrent evacuation
[94.508s][info][gc          ] GC(82) Concurrent evacuation 3.799ms
[94.508s][info][gc,start    ] GC(82) Pause Init Update Refs
[94.508s][info][gc,ergo     ] GC(82) Pacer for Update Refs. Used: 1597M, Free: 6183M, Non-Taxable: 618M, Alloc Tax Rate: 1.1x
[94.508s][info][gc          ] GC(82) Pause Init Update Refs 0.116ms
[94.508s][info][gc,start    ] GC(82) Concurrent update references
[94.508s][info][gc,task     ] GC(82) Using 1 of 3 workers for concurrent reference update
[94.530s][info][gc          ] GC(82) Concurrent update references 21.733ms
[94.530s][info][gc,start    ] GC(82) Concurrent update thread roots
[94.537s][info][gc          ] GC(82) Concurrent update thread roots 7.292ms
[94.537s][info][gc,start    ] GC(82) Pause Final Update Refs
[94.537s][info][gc,task     ] GC(82) Using 3 of 3 workers for final reference update
[94.537s][info][gc          ] GC(82) Pause Final Update Refs 0.167ms
[94.538s][info][gc,start    ] GC(82) Concurrent cleanup
[94.538s][info][gc          ] GC(82) Concurrent cleanup 1597M->655M(8192M) 0.105ms
[94.538s][info][gc,ergo     ] Free: 7124M, Max: 4096K regular, 5220M humongous, Frag: 27% external, 0% internal; Reserve: 412M, Max: 4096K
[94.538s][info][gc,stats    ] 
[94.538s][info][gc,stats    ] All times are wall-clock times, except per-root-class counters, that are sum over
[94.538s][info][gc,stats    ] all workers. Dividing the <total> over the root stage time estimates parallelism.
[94.538s][info][gc,stats    ] 
[94.538s][info][gc,stats    ] Concurrent Reset                   5077 us
[94.538s][info][gc,stats    ] Pause Init Mark (G)                 483 us
[94.538s][info][gc,stats    ] Pause Init Mark (N)                 266 us
[94.538s][info][gc,stats    ]   Update Region States               83 us
[94.538s][info][gc,stats    ] Concurrent Mark Roots              7918 us, parallelism: 0.96x
[94.538s][info][gc,stats    ]   CMR: <total>                     7586 us
[94.538s][info][gc,stats    ]   CMR: Thread Roots                7428 us, workers (us): 7428, ---, ---, 
[94.538s][info][gc,stats    ]   CMR: VM Strong Roots               21 us, workers (us):  21, ---, ---, 
[94.538s][info][gc,stats    ]   CMR: CLDG Roots                   138 us, workers (us): 138, ---, ---, 
[94.538s][info][gc,stats    ] Concurrent Marking                52539 us
[94.538s][info][gc,stats    ] Pause Final Mark (G)                616 us
[94.538s][info][gc,stats    ] Pause Final Mark (N)                482 us
[94.538s][info][gc,stats    ]   Finish Mark                        96 us
[94.538s][info][gc,stats    ]   Update Region States               51 us
[94.538s][info][gc,stats    ]   Choose Collection Set             157 us
[94.538s][info][gc,stats    ]   Rebuild Free Set                   24 us
[94.538s][info][gc,stats    ] Concurrent Thread Roots            7001 us, parallelism: 0.95x
[94.538s][info][gc,stats    ]   CTR: <total>                     6646 us
[94.538s][info][gc,stats    ]   CTR: Thread Roots                6646 us, workers (us): 6646, ---, ---, 
[94.538s][info][gc,stats    ] Concurrent Weak References          969 us, parallelism: 0.84x
[94.538s][info][gc,stats    ]   CWRF: <total>                     819 us
[94.538s][info][gc,stats    ]   CWRF: Weak References             819 us, workers (us): 819, ---, ---, 
[94.538s][info][gc,stats    ] Concurrent Weak Roots              9374 us
[94.538s][info][gc,stats    ]   Roots                            9138 us, parallelism: 1.00x
[94.538s][info][gc,stats    ]     CWR: <total>                   9104 us
[94.538s][info][gc,stats    ]     CWR: Code Cache Roots          8286 us, workers (us): 8286, ---, ---, 
[94.538s][info][gc,stats    ]     CWR: VM Weak Roots              734 us, workers (us): 734, ---, ---, 
[94.538s][info][gc,stats    ]     CWR: CLDG Roots                  83 us, workers (us):  83, ---, ---, 
[94.538s][info][gc,stats    ]   Rendezvous                        179 us
[94.538s][info][gc,stats    ] Concurrent Cleanup                   52 us
[94.538s][info][gc,stats    ] Concurrent Class Unloading        50751 us
[94.538s][info][gc,stats    ]   Unlink Stale                    48391 us
[94.538s][info][gc,stats    ]     System Dictionary              1803 us
[94.538s][info][gc,stats    ]     Weak Class Links              18844 us
[94.539s][info][gc,stats    ]     Code Roots                    27742 us
[94.539s][info][gc,stats    ]   Rendezvous                        286 us
[94.539s][info][gc,stats    ]   Purge Unlinked                   2005 us
[94.539s][info][gc,stats    ]     Code Roots                     1181 us
[94.539s][info][gc,stats    ]     CLDG                            823 us
[94.539s][info][gc,stats    ]     Exception Caches                  0 us
[94.539s][info][gc,stats    ] Concurrent Strong Roots             336 us, parallelism: 0.66x
[94.539s][info][gc,stats    ]   CSR: <total>                      221 us
[94.539s][info][gc,stats    ]   CSR: VM Strong Roots                8 us, workers (us):   8, ---, ---, 
[94.539s][info][gc,stats    ]   CSR: CLDG Roots                   213 us, workers (us): 213, ---, ---, 
[94.539s][info][gc,stats    ] Concurrent Evacuation              3812 us
[94.539s][info][gc,stats    ] Pause Init Update Refs (G)          211 us
[94.539s][info][gc,stats    ] Pause Init Update Refs (N)          133 us
[94.539s][info][gc,stats    ]   Manage GCLABs                      27 us
[94.539s][info][gc,stats    ] Concurrent Update Refs            21795 us
[94.539s][info][gc,stats    ] Concurrent Update Thread Roots     7319 us
[94.539s][info][gc,stats    ] Pause Final Update Refs (G)         280 us
[94.539s][info][gc,stats    ] Pause Final Update Refs (N)         186 us
[94.539s][info][gc,stats    ]   Update Region States               82 us
[94.539s][info][gc,stats    ]   Trash Collection Set               11 us
[94.539s][info][gc,stats    ]   Rebuild Free Set                   21 us
[94.539s][info][gc,stats    ] Concurrent Cleanup                  131 us
[94.539s][info][gc,stats    ] 
[94.539s][info][gc,stats    ] Allocation pacing accrued:
[94.539s][info][gc,stats    ]       0 of  1142 ms (  0.0%): <total>
[94.539s][info][gc,stats    ]       0 of  1142 ms (  0.0%): <average total>
[94.539s][info][gc,stats    ] 
[94.539s][info][gc,metaspace] Metaspace: 155935K(157184K)->154900K(157056K) NonClass: 137882K(138496K)->137018K(138432K) Class: 18053K(18688K)->17881K(18624K)
[94.539s][info][gc,ergo     ] Pacer for Idle. Initial: 163M, Alloc Tax Rate: 1.0x
[94.882s][info][gc          ] Trigger: Learning 2 of 5. Free (5624M) is below initial threshold (5734M)
[94.882s][info][gc,ergo     ] Free: 5624M, Max: 4096K regular, 5220M humongous, Frag: 8% external, 0% internal; Reserve: 412M, Max: 4096K
[94.882s][info][gc,start    ] GC(83) Concurrent reset
[94.882s][info][gc,task     ] GC(83) Using 1 of 3 workers for concurrent reset
[94.882s][info][gc,ergo     ] GC(83) Pacer for Reset. Non-Taxable: 8192M
[94.896s][info][gc          ] GC(83) Concurrent reset 13.629ms
[94.896s][info][gc,start    ] GC(83) Pause Init Mark (unload classes)
[94.896s][info][gc,task     ] GC(83) Using 3 of 3 workers for init marking
[94.896s][info][gc,ergo     ] GC(83) Pacer for Mark. Expected Live: 141M, Free: 5528M, Non-Taxable: 552M, Alloc Tax Rate: 0.0x
[94.896s][info][gc          ] GC(83) Pause Init Mark (unload classes) 0.139ms
[94.896s][info][gc,start    ] GC(83) Concurrent marking roots
[94.896s][info][gc,task     ] GC(83) Using 1 of 3 workers for concurrent marking roots
[94.906s][info][gc          ] GC(83) Concurrent marking roots 10.191ms
[94.907s][info][gc,start    ] GC(83) Concurrent marking (unload classes)
[94.907s][info][gc,task     ] GC(83) Using 1 of 3 workers for concurrent marking
[94.998s][info][gc          ] GC(83) Concurrent marking (unload classes) 91.771ms
[94.998s][info][gc,start    ] GC(83) Pause Final Mark (unload classes)
[94.998s][info][gc,task     ] GC(83) Using 3 of 3 workers for final marking
[94.999s][info][gc,ergo     ] GC(83) Adaptive CSet Selection. Target Free: 1160M, Actual Free: 6611M, Max CSet: 341M, Min Garbage: 0B
[94.999s][info][gc,ergo     ] GC(83) Collectable Garbage: 2039M (99%), Immediate: 995M (48%), CSet: 1044M (50%)
[94.999s][info][gc,ergo     ] GC(83) Pacer for Evacuation. Used CSet: 1103M, Free: 6232M, Non-Taxable: 623M, Alloc Tax Rate: 1.1x
[94.999s][info][gc          ] GC(83) Pause Final Mark (unload classes) 0.339ms
[94.999s][info][gc,start    ] GC(83) Concurrent thread roots
[94.999s][info][gc,task     ] GC(83) Using 1 of 3 workers for Concurrent thread roots
[95.007s][info][gc          ] GC(83) Concurrent thread roots 7.867ms
[95.007s][info][gc,start    ] GC(83) Concurrent weak references
[95.007s][info][gc,task     ] GC(83) Using 1 of 3 workers for concurrent weak references
[95.007s][info][gc,ref      ] GC(83) Encountered references: Soft: 3713, Weak: 14972, Final: 53, Phantom: 598
[95.007s][info][gc,ref      ] GC(83) Discovered  references: Soft: 0, Weak: 2792, Final: 0, Phantom: 278
[95.007s][info][gc,ref      ] GC(83) Enqueued    references: Soft: 0, Weak: 211, Final: 0, Phantom: 0
[95.007s][info][gc          ] GC(83) Concurrent weak references 0.214ms
[95.007s][info][gc,start    ] GC(83) Concurrent weak roots
[95.007s][info][gc,task     ] GC(83) Using 1 of 3 workers for concurrent weak root
[95.017s][info][gc          ] GC(83) Concurrent weak roots 9.699ms
[95.017s][info][gc,start    ] GC(83) Concurrent cleanup
[95.017s][info][gc          ] GC(83) Concurrent cleanup 2594M->1599M(8192M) 0.046ms
[95.017s][info][gc,ergo     ] GC(83) Free: 6155M, Max: 4096K regular, 5128M humongous, Frag: 17% external, 0% internal; Reserve: 411M, Max: 4096K
[95.017s][info][gc,start    ] GC(83) Concurrent class unloading
[95.017s][info][gc,task     ] GC(83) Using 1 of 3 workers for concurrent class unloading
[95.069s][info][gc          ] GC(83) Concurrent class unloading 52.331ms
[95.069s][info][gc,start    ] GC(83) Concurrent strong roots
[95.069s][info][gc,task     ] GC(83) Using 1 of 3 workers for concurrent strong root
[95.070s][info][gc          ] GC(83) Concurrent strong roots 0.435ms
[95.070s][info][gc,start    ] GC(83) Concurrent evacuation
[95.070s][info][gc,task     ] GC(83) Using 1 of 3 workers for concurrent evacuation
[95.077s][info][gc          ] GC(83) Concurrent evacuation 7.596ms
[95.077s][info][gc,start    ] GC(83) Pause Init Update Refs
[95.077s][info][gc,ergo     ] GC(83) Pacer for Update Refs. Used: 1725M, Free: 6095M, Non-Taxable: 609M, Alloc Tax Rate: 1.1x
[95.077s][info][gc          ] GC(83) Pause Init Update Refs 0.097ms
[95.078s][info][gc,start    ] GC(83) Concurrent update references
[95.078s][info][gc,task     ] GC(83) Using 1 of 3 workers for concurrent reference update
[95.147s][info][gc          ] GC(83) Concurrent update references 69.669ms
[95.147s][info][gc,start    ] GC(83) Concurrent update thread roots
[95.154s][info][gc          ] GC(83) Concurrent update thread roots 6.904ms
[95.154s][info][gc,start    ] GC(83) Pause Final Update Refs
[95.154s][info][gc,task     ] GC(83) Using 3 of 3 workers for final reference update
[95.154s][info][gc          ] GC(83) Pause Final Update Refs 0.129ms
[95.155s][info][gc,start    ] GC(83) Concurrent cleanup
[95.155s][info][gc          ] GC(83) Concurrent cleanup 1812M->709M(8192M) 0.069ms
[95.155s][info][gc,ergo     ] Free: 7022M, Max: 4096K regular, 5060M humongous, Frag: 28% external, 0% internal; Reserve: 412M, Max: 4096K
[95.155s][info][gc,stats    ] 
[95.155s][info][gc,stats    ] All times are wall-clock times, except per-root-class counters, that are sum over
[95.155s][info][gc,stats    ] all workers. Dividing the <total> over the root stage time estimates parallelism.
[95.155s][info][gc,stats    ] 
[95.155s][info][gc,stats    ] Concurrent Reset                  13828 us
[95.155s][info][gc,stats    ] Pause Init Mark (G)                 438 us
[95.155s][info][gc,stats    ] Pause Init Mark (N)                 148 us
[95.155s][info][gc,stats    ]   Update Region States               32 us
[95.155s][info][gc,stats    ] Concurrent Mark Roots             10338 us, parallelism: 0.95x
[95.155s][info][gc,stats    ]   CMR: <total>                     9799 us
[95.155s][info][gc,stats    ]   CMR: Thread Roots                9631 us, workers (us): 9631, ---, ---, 
[95.155s][info][gc,stats    ]   CMR: VM Strong Roots               25 us, workers (us):  25, ---, ---, 
[95.155s][info][gc,stats    ]   CMR: CLDG Roots                   144 us, workers (us): 144, ---, ---, 
[95.155s][info][gc,stats    ] Concurrent Marking                91825 us
[95.155s][info][gc,stats    ] Pause Final Mark (G)                403 us
[95.155s][info][gc,stats    ] Pause Final Mark (N)                348 us
[95.155s][info][gc,stats    ]   Finish Mark                        91 us
[95.155s][info][gc,stats    ]   Update Region States               55 us
[95.155s][info][gc,stats    ]   Choose Collection Set              86 us
[95.155s][info][gc,stats    ]   Rebuild Free Set                   10 us
[95.155s][info][gc,stats    ] Concurrent Thread Roots            7907 us, parallelism: 0.99x
[95.155s][info][gc,stats    ]   CTR: <total>                     7789 us
[95.155s][info][gc,stats    ]   CTR: Thread Roots                7789 us, workers (us): 7789, ---, ---, 
[95.155s][info][gc,stats    ] Concurrent Weak References          222 us, parallelism: 0.68x
[95.155s][info][gc,stats    ]   CWRF: <total>                     150 us
[95.155s][info][gc,stats    ]   CWRF: Weak References             150 us, workers (us): 150, ---, ---, 
[95.155s][info][gc,stats    ] Concurrent Weak Roots              9753 us
[95.155s][info][gc,stats    ]   Roots                            9445 us, parallelism: 1.00x
[95.155s][info][gc,stats    ]     CWR: <total>                   9398 us
[95.155s][info][gc,stats    ]     CWR: Code Cache Roots          8021 us, workers (us): 8021, ---, ---, 
[95.155s][info][gc,stats    ]     CWR: VM Weak Roots             1257 us, workers (us): 1257, ---, ---, 
[95.155s][info][gc,stats    ]     CWR: CLDG Roots                 120 us, workers (us): 120, ---, ---, 
[95.155s][info][gc,stats    ]   Rendezvous                        237 us
[95.155s][info][gc,stats    ] Concurrent Cleanup                   54 us
[95.155s][info][gc,stats    ] Concurrent Class Unloading        52386 us
[95.155s][info][gc,stats    ]   Unlink Stale                    51082 us
[95.155s][info][gc,stats    ]     System Dictionary               434 us
[95.155s][info][gc,stats    ]     Weak Class Links              17323 us
[95.155s][info][gc,stats    ]     Code Roots                    33323 us
[95.155s][info][gc,stats    ]   Rendezvous                        207 us
[95.155s][info][gc,stats    ]   Purge Unlinked                   1020 us
[95.155s][info][gc,stats    ]     Code Roots                      960 us
[95.155s][info][gc,stats    ]     CLDG                             60 us
[95.155s][info][gc,stats    ]     Exception Caches                  0 us
[95.155s][info][gc,stats    ] Concurrent Strong Roots             456 us, parallelism: 0.70x
[95.155s][info][gc,stats    ]   CSR: <total>                      320 us
[95.155s][info][gc,stats    ]   CSR: VM Strong Roots                9 us, workers (us):   9, ---, ---, 
[95.155s][info][gc,stats    ]   CSR: CLDG Roots                   311 us, workers (us): 311, ---, ---, 
[95.155s][info][gc,stats    ] Concurrent Evacuation              7659 us
[95.155s][info][gc,stats    ] Pause Init Update Refs (G)          247 us
[95.155s][info][gc,stats    ] Pause Init Update Refs (N)          114 us
[95.155s][info][gc,stats    ]   Manage GCLABs                      20 us
[95.155s][info][gc,stats    ] Concurrent Update Refs            69714 us
[95.155s][info][gc,stats    ] Concurrent Update Thread Roots     6971 us
[95.155s][info][gc,stats    ] Pause Final Update Refs (G)         408 us
[95.155s][info][gc,stats    ] Pause Final Update Refs (N)         147 us
[95.155s][info][gc,stats    ]   Update Region States               50 us
[95.155s][info][gc,stats    ]   Trash Collection Set                8 us
[95.155s][info][gc,stats    ]   Rebuild Free Set                   17 us
[95.155s][info][gc,stats    ] Concurrent Cleanup                   85 us
[95.155s][info][gc,stats    ] 
[95.155s][info][gc,stats    ] Allocation pacing accrued:
[95.155s][info][gc,stats    ]       0 of   617 ms (  0.0%): <total>
[95.155s][info][gc,stats    ]       0 of   617 ms (  0.0%): <average total>
[95.155s][info][gc,stats    ] 
[95.155s][info][gc,metaspace] Metaspace: 155784K(157056K)->155839K(157056K) NonClass: 137760K(138432K)->137805K(138432K) Class: 18023K(18624K)->18033K(18624K)
[95.155s][info][gc,ergo     ] Pacer for Idle. Initial: 163M, Alloc Tax Rate: 1.0x
[96.106s][info][gc          ] Trigger: Explicit GC request (System.gc())
[96.106s][info][gc,ergo     ] Free: 5886M, Max: 4096K regular, 5060M humongous, Frag: 14% external, 0% internal; Reserve: 412M, Max: 4096K
[96.106s][info][gc,start    ] GC(84) Concurrent reset
[96.106s][info][gc,task     ] GC(84) Using 1 of 3 workers for concurrent reset
[96.106s][info][gc,ergo     ] GC(84) Pacer for Reset. Non-Taxable: 8192M
[96.111s][info][gc          ] GC(84) Concurrent reset 4.879ms
[96.111s][info][gc,start    ] GC(84) Pause Init Mark (unload classes)
[96.111s][info][gc,task     ] GC(84) Using 3 of 3 workers for init marking
[96.111s][info][gc,ref      ] GC(84) Clearing All SoftReferences
[96.111s][info][gc,ergo     ] GC(84) Pacer for Mark. Expected Live: 152M, Free: 5886M, Non-Taxable: 588M, Alloc Tax Rate: 0.0x
[96.111s][info][gc          ] GC(84) Pause Init Mark (unload classes) 0.192ms
[96.111s][info][gc,start    ] GC(84) Concurrent marking roots
[96.111s][info][gc,task     ] GC(84) Using 1 of 3 workers for concurrent marking roots
[96.121s][info][gc          ] GC(84) Concurrent marking roots 9.509ms
[96.121s][info][gc,start    ] GC(84) Concurrent marking (unload classes)
[96.121s][info][gc,task     ] GC(84) Using 1 of 3 workers for concurrent marking
[96.173s][info][gc          ] GC(84) Concurrent marking (unload classes) 51.976ms
[96.173s][info][gc,start    ] GC(84) Pause Final Mark (unload classes)
[96.173s][info][gc,task     ] GC(84) Using 3 of 3 workers for final marking
[96.174s][info][gc,ergo     ] GC(84) Adaptive CSet Selection. Target Free: 1160M, Actual Free: 6898M, Max CSet: 341M, Min Garbage: 0B
[96.174s][info][gc,ergo     ] GC(84) Collectable Garbage: 1492M (99%), Immediate: 610M (40%), CSet: 882M (58%)
[96.174s][info][gc,ergo     ] GC(84) Pacer for Evacuation. Used CSet: 887M, Free: 6759M, Non-Taxable: 675M, Alloc Tax Rate: 1.1x
[96.174s][info][gc          ] GC(84) Pause Final Mark (unload classes) 0.570ms
[96.174s][info][gc,start    ] GC(84) Concurrent thread roots
[96.174s][info][gc,task     ] GC(84) Using 1 of 3 workers for Concurrent thread roots
[96.182s][info][gc          ] GC(84) Concurrent thread roots 7.774ms
[96.182s][info][gc,start    ] GC(84) Concurrent weak references
[96.182s][info][gc,task     ] GC(84) Using 1 of 3 workers for concurrent weak references
[96.183s][info][gc,ref      ] GC(84) Encountered references: Soft: 3587, Weak: 17955, Final: 53, Phantom: 599
[96.183s][info][gc,ref      ] GC(84) Discovered  references: Soft: 1315, Weak: 6872, Final: 0, Phantom: 279
[96.183s][info][gc,ref      ] GC(84) Enqueued    references: Soft: 850, Weak: 3404, Final: 0, Phantom: 1
[96.183s][info][gc          ] GC(84) Concurrent weak references 1.080ms
[96.183s][info][gc,start    ] GC(84) Concurrent weak roots
[96.183s][info][gc,task     ] GC(84) Using 1 of 3 workers for concurrent weak root
[96.192s][info][gc          ] GC(84) Concurrent weak roots 9.435ms
[96.192s][info][gc,start    ] GC(84) Concurrent cleanup
[96.192s][info][gc          ] GC(84) Concurrent cleanup 1899M->1289M(8192M) 0.043ms
[96.192s][info][gc,ergo     ] GC(84) Free: 6483M, Max: 4096K regular, 5112M humongous, Frag: 22% external, 0% internal; Reserve: 410M, Max: 4096K
[96.192s][info][gc,start    ] GC(84) Concurrent class unloading
[96.192s][info][gc,task     ] GC(84) Using 1 of 3 workers for concurrent class unloading
[96.243s][info][gc          ] GC(84) Concurrent class unloading 50.928ms
[96.243s][info][gc,start    ] GC(84) Concurrent strong roots
[96.243s][info][gc,task     ] GC(84) Using 1 of 3 workers for concurrent strong root
[96.244s][info][gc          ] GC(84) Concurrent strong roots 0.315ms
[96.244s][info][gc,start    ] GC(84) Concurrent evacuation
[96.244s][info][gc,task     ] GC(84) Using 1 of 3 workers for concurrent evacuation
[96.248s][info][gc          ] GC(84) Concurrent evacuation 4.146ms
[96.248s][info][gc,start    ] GC(84) Pause Init Update Refs
[96.248s][info][gc,ergo     ] GC(84) Pacer for Update Refs. Used: 1514M, Free: 6263M, Non-Taxable: 626M, Alloc Tax Rate: 1.1x
[96.248s][info][gc          ] GC(84) Pause Init Update Refs 0.093ms
[96.248s][info][gc,start    ] GC(84) Concurrent update references
[96.248s][info][gc,task     ] GC(84) Using 1 of 3 workers for concurrent reference update
[96.270s][info][gc          ] GC(84) Concurrent update references 22.026ms
[96.270s][info][gc,start    ] GC(84) Concurrent update thread roots
[96.279s][info][gc          ] GC(84) Concurrent update thread roots 8.745ms
[96.279s][info][gc,start    ] GC(84) Pause Final Update Refs
[96.279s][info][gc,task     ] GC(84) Using 3 of 3 workers for final reference update
[96.279s][info][gc          ] GC(84) Pause Final Update Refs 0.171ms
[96.279s][info][gc,start    ] GC(84) Concurrent cleanup
[96.279s][info][gc          ] GC(84) Concurrent cleanup 1514M->627M(8192M) 0.042ms
[96.279s][info][gc,ergo     ] Free: 7152M, Max: 4096K regular, 5220M humongous, Frag: 27% external, 0% internal; Reserve: 412M, Max: 4096K
[96.279s][info][gc,stats    ] 
[96.279s][info][gc,stats    ] All times are wall-clock times, except per-root-class counters, that are sum over
[96.279s][info][gc,stats    ] all workers. Dividing the <total> over the root stage time estimates parallelism.
[96.279s][info][gc,stats    ] 
[96.279s][info][gc,stats    ] Concurrent Reset                   4936 us
[96.279s][info][gc,stats    ] Pause Init Mark (G)                 389 us
[96.279s][info][gc,stats    ] Pause Init Mark (N)                 208 us
[96.279s][info][gc,stats    ]   Update Region States               66 us
[96.279s][info][gc,stats    ] Concurrent Mark Roots              9571 us, parallelism: 0.97x
[96.279s][info][gc,stats    ]   CMR: <total>                     9265 us
[96.279s][info][gc,stats    ]   CMR: Thread Roots                9109 us, workers (us): 9109, ---, ---, 
[96.279s][info][gc,stats    ]   CMR: VM Strong Roots               19 us, workers (us):  19, ---, ---, 
[96.279s][info][gc,stats    ]   CMR: CLDG Roots                   137 us, workers (us): 137, ---, ---, 
[96.279s][info][gc,stats    ] Concurrent Marking                52042 us
[96.279s][info][gc,stats    ] Pause Final Mark (G)                726 us
[96.279s][info][gc,stats    ] Pause Final Mark (N)                591 us
[96.279s][info][gc,stats    ]   Finish Mark                       156 us
[96.279s][info][gc,stats    ]   Update Region States               77 us
[96.279s][info][gc,stats    ]   Choose Collection Set             178 us
[96.279s][info][gc,stats    ]   Rebuild Free Set                   25 us
[96.279s][info][gc,stats    ] Concurrent Thread Roots            7819 us, parallelism: 0.98x
[96.279s][info][gc,stats    ]   CTR: <total>                     7655 us
[96.279s][info][gc,stats    ]   CTR: Thread Roots                7655 us, workers (us): 7655, ---, ---, 
[96.279s][info][gc,stats    ] Concurrent Weak References         1097 us, parallelism: 0.83x
[96.279s][info][gc,stats    ]   CWRF: <total>                     907 us
[96.279s][info][gc,stats    ]   CWRF: Weak References             907 us, workers (us): 907, ---, ---, 
[96.279s][info][gc,stats    ] Concurrent Weak Roots              9472 us
[96.279s][info][gc,stats    ]   Roots                            9228 us, parallelism: 0.99x
[96.279s][info][gc,stats    ]     CWR: <total>                   9176 us
[96.279s][info][gc,stats    ]     CWR: Code Cache Roots          8325 us, workers (us): 8325, ---, ---, 
[96.279s][info][gc,stats    ]     CWR: VM Weak Roots              744 us, workers (us): 744, ---, ---, 
[96.279s][info][gc,stats    ]     CWR: CLDG Roots                 108 us, workers (us): 108, ---, ---, 
[96.279s][info][gc,stats    ]   Rendezvous                        183 us
[96.279s][info][gc,stats    ] Concurrent Cleanup                   51 us
[96.279s][info][gc,stats    ] Concurrent Class Unloading        50980 us
[96.279s][info][gc,stats    ]   Unlink Stale                    48259 us
[96.279s][info][gc,stats    ]     System Dictionary              1817 us
[96.279s][info][gc,stats    ]     Weak Class Links              17448 us
[96.279s][info][gc,stats    ]     Code Roots                    28991 us
[96.279s][info][gc,stats    ]   Rendezvous                        228 us
[96.279s][info][gc,stats    ]   Purge Unlinked                   2421 us
[96.279s][info][gc,stats    ]     Code Roots                     1339 us
[96.279s][info][gc,stats    ]     CLDG                           1082 us
[96.279s][info][gc,stats    ]     Exception Caches                  0 us
[96.280s][info][gc,stats    ] Concurrent Strong Roots             331 us, parallelism: 0.66x
[96.280s][info][gc,stats    ]   CSR: <total>                      218 us
[96.280s][info][gc,stats    ]   CSR: VM Strong Roots                8 us, workers (us):   8, ---, ---, 
[96.280s][info][gc,stats    ]   CSR: CLDG Roots                   210 us, workers (us): 210, ---, ---, 
[96.280s][info][gc,stats    ] Concurrent Evacuation              4184 us
[96.280s][info][gc,stats    ] Pause Init Update Refs (G)          195 us
[96.280s][info][gc,stats    ] Pause Init Update Refs (N)          102 us
[96.280s][info][gc,stats    ]   Manage GCLABs                      24 us
[96.280s][info][gc,stats    ] Concurrent Update Refs            22088 us
[96.280s][info][gc,stats    ] Concurrent Update Thread Roots     8806 us
[96.280s][info][gc,stats    ] Pause Final Update Refs (G)         311 us
[96.280s][info][gc,stats    ] Pause Final Update Refs (N)         192 us
[96.280s][info][gc,stats    ]   Update Region States               55 us
[96.280s][info][gc,stats    ]   Trash Collection Set               11 us
[96.280s][info][gc,stats    ]   Rebuild Free Set                   26 us
[96.280s][info][gc,stats    ] Concurrent Cleanup                   51 us
[96.280s][info][gc,stats    ] 
[96.280s][info][gc,stats    ] Allocation pacing accrued:
[96.280s][info][gc,stats    ]       0 of  1124 ms (  0.0%): <total>
[96.280s][info][gc,stats    ]       0 of  1124 ms (  0.0%): <average total>
[96.280s][info][gc,stats    ] 
[96.280s][info][gc,metaspace] Metaspace: 155995K(157248K)->154961K(157056K) NonClass: 137941K(138560K)->137079K(138432K) Class: 18053K(18688K)->17882K(18624K)
[96.280s][info][gc,ergo     ] Pacer for Idle. Initial: 163M, Alloc Tax Rate: 1.0x
[96.612s][info][gc          ] Trigger: Learning 2 of 5. Free (5656M) is below initial threshold (5734M)
[96.612s][info][gc,ergo     ] Free: 5656M, Max: 4096K regular, 5220M humongous, Frag: 8% external, 0% internal; Reserve: 412M, Max: 4096K
[96.612s][info][gc,start    ] GC(85) Concurrent reset
[96.612s][info][gc,task     ] GC(85) Using 1 of 3 workers for concurrent reset
[96.612s][info][gc,ergo     ] GC(85) Pacer for Reset. Non-Taxable: 8192M
[96.621s][info][gc          ] GC(85) Concurrent reset 9.436ms
[96.622s][info][gc,start    ] GC(85) Pause Init Mark (unload classes)
[96.622s][info][gc,task     ] GC(85) Using 3 of 3 workers for init marking
[96.622s][info][gc,ergo     ] GC(85) Pacer for Mark. Expected Live: 141M, Free: 5600M, Non-Taxable: 560M, Alloc Tax Rate: 0.0x
[96.622s][info][gc          ] GC(85) Pause Init Mark (unload classes) 0.131ms
[96.622s][info][gc,start    ] GC(85) Concurrent marking roots
[96.622s][info][gc,task     ] GC(85) Using 1 of 3 workers for concurrent marking roots
[96.632s][info][gc          ] GC(85) Concurrent marking roots 10.107ms
[96.632s][info][gc,start    ] GC(85) Concurrent marking (unload classes)
[96.632s][info][gc,task     ] GC(85) Using 1 of 3 workers for concurrent marking
[96.705s][info][gc          ] GC(85) Concurrent marking (unload classes) 72.570ms
[96.705s][info][gc,start    ] GC(85) Pause Final Mark (unload classes)
[96.705s][info][gc,task     ] GC(85) Using 3 of 3 workers for final marking
[96.705s][info][gc,ergo     ] GC(85) Adaptive CSet Selection. Target Free: 1160M, Actual Free: 6648M, Max CSet: 341M, Min Garbage: 0B
[96.705s][info][gc,ergo     ] GC(85) Collectable Garbage: 1968M (99%), Immediate: 996M (50%), CSet: 971M (49%)
[96.705s][info][gc,ergo     ] GC(85) Pacer for Evacuation. Used CSet: 1026M, Free: 6272M, Non-Taxable: 627M, Alloc Tax Rate: 1.1x
[96.705s][info][gc          ] GC(85) Pause Final Mark (unload classes) 0.270ms
[96.706s][info][gc,start    ] GC(85) Concurrent thread roots
[96.706s][info][gc,task     ] GC(85) Using 1 of 3 workers for Concurrent thread roots
[96.715s][info][gc          ] GC(85) Concurrent thread roots 8.731ms
[96.715s][info][gc,start    ] GC(85) Concurrent weak references
[96.715s][info][gc,task     ] GC(85) Using 1 of 3 workers for concurrent weak references
[96.715s][info][gc,ref      ] GC(85) Encountered references: Soft: 3713, Weak: 14969, Final: 53, Phantom: 598
[96.715s][info][gc,ref      ] GC(85) Discovered  references: Soft: 0, Weak: 2823, Final: 0, Phantom: 278
[96.715s][info][gc,ref      ] GC(85) Enqueued    references: Soft: 0, Weak: 212, Final: 0, Phantom: 0
[96.715s][info][gc          ] GC(85) Concurrent weak references 0.331ms
[96.715s][info][gc,start    ] GC(85) Concurrent weak roots
[96.715s][info][gc,task     ] GC(85) Using 1 of 3 workers for concurrent weak root
[96.725s][info][gc          ] GC(85) Concurrent weak roots 9.974ms
[96.725s][info][gc,start    ] GC(85) Concurrent cleanup
[96.725s][info][gc          ] GC(85) Concurrent cleanup 2648M->1651M(8192M) 0.041ms
[96.725s][info][gc,ergo     ] GC(85) Free: 6172M, Max: 4096K regular, 5140M humongous, Frag: 17% external, 0% internal; Reserve: 343M, Max: 4096K
[96.725s][info][gc,start    ] GC(85) Concurrent class unloading
[96.725s][info][gc,task     ] GC(85) Using 1 of 3 workers for concurrent class unloading
[96.777s][info][gc          ] GC(85) Concurrent class unloading 51.761ms
[96.777s][info][gc,start    ] GC(85) Concurrent strong roots
[96.777s][info][gc,task     ] GC(85) Using 1 of 3 workers for concurrent strong root
[96.777s][info][gc          ] GC(85) Concurrent strong roots 0.516ms
[96.777s][info][gc,start    ] GC(85) Concurrent evacuation
[96.777s][info][gc,task     ] GC(85) Using 1 of 3 workers for concurrent evacuation
[96.785s][info][gc          ] GC(85) Concurrent evacuation 7.363ms
[96.785s][info][gc,start    ] GC(85) Pause Init Update Refs
[96.785s][info][gc,ergo     ] GC(85) Pacer for Update Refs. Used: 1706M, Free: 6112M, Non-Taxable: 611M, Alloc Tax Rate: 1.1x
[96.785s][info][gc          ] GC(85) Pause Init Update Refs 0.065ms
[96.785s][info][gc,start    ] GC(85) Concurrent update references
[96.785s][info][gc,task     ] GC(85) Using 1 of 3 workers for concurrent reference update
[96.862s][info][gc          ] GC(85) Concurrent update references 76.897ms
[96.862s][info][gc,start    ] GC(85) Concurrent update thread roots
[96.870s][info][gc          ] GC(85) Concurrent update thread roots 8.063ms
[96.870s][info][gc,start    ] GC(85) Pause Final Update Refs
[96.870s][info][gc,task     ] GC(85) Using 3 of 3 workers for final reference update
[96.870s][info][gc          ] GC(85) Pause Final Update Refs 0.125ms
[96.870s][info][gc,start    ] GC(85) Concurrent cleanup
[96.870s][info][gc          ] GC(85) Concurrent cleanup 1782M->755M(8192M) 0.078ms
[96.870s][info][gc,ergo     ] Free: 6980M, Max: 4096K regular, 5072M humongous, Frag: 28% external, 0% internal; Reserve: 412M, Max: 4096K
[96.870s][info][gc,stats    ] 
[96.871s][info][gc,stats    ] All times are wall-clock times, except per-root-class counters, that are sum over
[96.871s][info][gc,stats    ] all workers. Dividing the <total> over the root stage time estimates parallelism.
[96.871s][info][gc,stats    ] 
[96.871s][info][gc,stats    ] Concurrent Reset                   9555 us
[96.871s][info][gc,stats    ] Pause Init Mark (G)                 508 us
[96.871s][info][gc,stats    ] Pause Init Mark (N)                 139 us
[96.871s][info][gc,stats    ]   Update Region States               45 us
[96.871s][info][gc,stats    ] Concurrent Mark Roots             10248 us, parallelism: 0.94x
[96.871s][info][gc,stats    ]   CMR: <total>                     9672 us
[96.871s][info][gc,stats    ]   CMR: Thread Roots                9479 us, workers (us): 9479, ---, ---, 
[96.871s][info][gc,stats    ]   CMR: VM Strong Roots               33 us, workers (us):  33, ---, ---, 
[96.871s][info][gc,stats    ]   CMR: CLDG Roots                   161 us, workers (us): 161, ---, ---, 
[96.871s][info][gc,stats    ] Concurrent Marking                72642 us
[96.871s][info][gc,stats    ] Pause Final Mark (G)                978 us
[96.871s][info][gc,stats    ] Pause Final Mark (N)                279 us
[96.871s][info][gc,stats    ]   Finish Mark                        76 us
[96.871s][info][gc,stats    ]   Update Region States               32 us
[96.871s][info][gc,stats    ]   Choose Collection Set              78 us
[96.871s][info][gc,stats    ]   Rebuild Free Set                    9 us
[96.871s][info][gc,stats    ] Concurrent Thread Roots            8793 us, parallelism: 0.98x
[96.871s][info][gc,stats    ]   CTR: <total>                     8589 us
[96.871s][info][gc,stats    ]   CTR: Thread Roots                8589 us, workers (us): 8589, ---, ---, 
[96.871s][info][gc,stats    ] Concurrent Weak References          339 us, parallelism: 0.73x
[96.871s][info][gc,stats    ]   CWRF: <total>                     247 us
[96.871s][info][gc,stats    ]   CWRF: Weak References             247 us, workers (us): 247, ---, ---, 
[96.871s][info][gc,stats    ] Concurrent Weak Roots             10022 us
[96.871s][info][gc,stats    ]   Roots                            9760 us, parallelism: 1.00x
[96.871s][info][gc,stats    ]     CWR: <total>                   9712 us
[96.871s][info][gc,stats    ]     CWR: Code Cache Roots          7942 us, workers (us): 7942, ---, ---, 
[96.871s][info][gc,stats    ]     CWR: VM Weak Roots             1646 us, workers (us): 1646, ---, ---, 
[96.871s][info][gc,stats    ]     CWR: CLDG Roots                 125 us, workers (us): 125, ---, ---, 
[96.871s][info][gc,stats    ]   Rendezvous                        198 us
[96.871s][info][gc,stats    ] Concurrent Cleanup                   50 us
[96.871s][info][gc,stats    ] Concurrent Class Unloading        51798 us
[96.871s][info][gc,stats    ]   Unlink Stale                    47800 us
[96.871s][info][gc,stats    ]     System Dictionary               433 us
[96.871s][info][gc,stats    ]     Weak Class Links              18708 us
[96.871s][info][gc,stats    ]     Code Roots                    28657 us
[96.871s][info][gc,stats    ]   Rendezvous                       2054 us
[96.871s][info][gc,stats    ]   Purge Unlinked                   1884 us
[96.871s][info][gc,stats    ]     Code Roots                     1787 us
[96.871s][info][gc,stats    ]     CLDG                             96 us
[96.871s][info][gc,stats    ]     Exception Caches                  0 us
[96.871s][info][gc,stats    ] Concurrent Strong Roots             559 us, parallelism: 0.65x
[96.871s][info][gc,stats    ]   CSR: <total>                      366 us
[96.871s][info][gc,stats    ]   CSR: VM Strong Roots               10 us, workers (us):  10, ---, ---, 
[96.871s][info][gc,stats    ]   CSR: CLDG Roots                   356 us, workers (us): 356, ---, ---, 
[96.871s][info][gc,stats    ] Concurrent Evacuation              7419 us
[96.871s][info][gc,stats    ] Pause Init Update Refs (G)          165 us
[96.871s][info][gc,stats    ] Pause Init Update Refs (N)           74 us
[96.871s][info][gc,stats    ]   Manage GCLABs                      15 us
[96.871s][info][gc,stats    ] Concurrent Update Refs            76960 us
[96.871s][info][gc,stats    ] Concurrent Update Thread Roots     8120 us
[96.871s][info][gc,stats    ] Pause Final Update Refs (G)         228 us
[96.871s][info][gc,stats    ] Pause Final Update Refs (N)         136 us
[96.871s][info][gc,stats    ]   Update Region States               52 us
[96.871s][info][gc,stats    ]   Trash Collection Set                7 us
[96.871s][info][gc,stats    ]   Rebuild Free Set                   19 us
[96.871s][info][gc,stats    ] Concurrent Cleanup                   98 us
[96.871s][info][gc,stats    ] 
[96.871s][info][gc,stats    ] Allocation pacing accrued:
[96.871s][info][gc,stats    ]       0 of   592 ms (  0.0%): <total>
[96.871s][info][gc,stats    ]       0 of   592 ms (  0.0%): <average total>
[96.871s][info][gc,stats    ] 
[96.871s][info][gc,metaspace] Metaspace: 155820K(157056K)->155840K(157056K) NonClass: 137790K(138432K)->137809K(138432K) Class: 18029K(18624K)->18031K(18624K)
[96.871s][info][gc,ergo     ] Pacer for Idle. Initial: 163M, Alloc Tax Rate: 1.0x
[97.853s][info][gc          ] Trigger: Explicit GC request (System.gc())
[97.853s][info][gc,ergo     ] Free: 5836M, Max: 4096K regular, 5072M humongous, Frag: 13% external, 0% internal; Reserve: 412M, Max: 4096K
[97.854s][info][gc,start    ] GC(86) Concurrent reset
[97.854s][info][gc,task     ] GC(86) Using 1 of 3 workers for concurrent reset
[97.854s][info][gc,ergo     ] GC(86) Pacer for Reset. Non-Taxable: 8192M
[97.858s][info][gc          ] GC(86) Concurrent reset 4.729ms
[97.858s][info][gc,start    ] GC(86) Pause Init Mark (unload classes)
[97.859s][info][gc,task     ] GC(86) Using 3 of 3 workers for init marking
[97.859s][info][gc,ref      ] GC(86) Clearing All SoftReferences
[97.859s][info][gc,ergo     ] GC(86) Pacer for Mark. Expected Live: 151M, Free: 5836M, Non-Taxable: 583M, Alloc Tax Rate: 0.0x
[97.859s][info][gc          ] GC(86) Pause Init Mark (unload classes) 0.197ms
[97.859s][info][gc,start    ] GC(86) Concurrent marking roots
[97.859s][info][gc,task     ] GC(86) Using 1 of 3 workers for concurrent marking roots
[97.866s][info][gc          ] GC(86) Concurrent marking roots 7.705ms
[97.866s][info][gc,start    ] GC(86) Concurrent marking (unload classes)
[97.867s][info][gc,task     ] GC(86) Using 1 of 3 workers for concurrent marking
[97.918s][info][gc          ] GC(86) Concurrent marking (unload classes) 51.033ms
[97.918s][info][gc,start    ] GC(86) Pause Final Mark (unload classes)
[97.918s][info][gc,task     ] GC(86) Using 3 of 3 workers for final marking
[97.918s][info][gc,ergo     ] GC(86) Adaptive CSet Selection. Target Free: 1160M, Actual Free: 6814M, Max CSet: 341M, Min Garbage: 0B
[97.918s][info][gc,ergo     ] GC(86) Collectable Garbage: 1543M (99%), Immediate: 578M (37%), CSet: 964M (62%)
[97.918s][info][gc,ergo     ] GC(86) Pacer for Evacuation. Used CSet: 975M, Free: 6675M, Non-Taxable: 667M, Alloc Tax Rate: 1.1x
[97.918s][info][gc          ] GC(86) Pause Final Mark (unload classes) 0.461ms
[97.918s][info][gc,start    ] GC(86) Concurrent thread roots
[97.918s][info][gc,task     ] GC(86) Using 1 of 3 workers for Concurrent thread roots
[97.925s][info][gc          ] GC(86) Concurrent thread roots 6.972ms
[97.925s][info][gc,start    ] GC(86) Concurrent weak references
[97.925s][info][gc,task     ] GC(86) Using 1 of 3 workers for concurrent weak references
[97.926s][info][gc,ref      ] GC(86) Encountered references: Soft: 3585, Weak: 17947, Final: 53, Phantom: 598
[97.926s][info][gc,ref      ] GC(86) Discovered  references: Soft: 1313, Weak: 6861, Final: 0, Phantom: 278
[97.926s][info][gc,ref      ] GC(86) Enqueued    references: Soft: 848, Weak: 3397, Final: 0, Phantom: 0
[97.926s][info][gc          ] GC(86) Concurrent weak references 1.050ms
[97.926s][info][gc,start    ] GC(86) Concurrent weak roots
[97.926s][info][gc,task     ] GC(86) Using 1 of 3 workers for concurrent weak root
[97.935s][info][gc          ] GC(86) Concurrent weak roots 8.937ms
[97.935s][info][gc,start    ] GC(86) Concurrent cleanup
[97.935s][info][gc          ] GC(86) Concurrent cleanup 2049M->1470M(8192M) 0.043ms
[97.935s][info][gc,ergo     ] GC(86) Free: 6299M, Max: 4096K regular, 5112M humongous, Frag: 19% external, 0% internal; Reserve: 410M, Max: 4096K
[97.935s][info][gc,start    ] GC(86) Concurrent class unloading
[97.935s][info][gc,task     ] GC(86) Using 1 of 3 workers for concurrent class unloading
[97.993s][info][gc          ] GC(86) Concurrent class unloading 57.534ms
[97.993s][info][gc,start    ] GC(86) Concurrent strong roots
[97.993s][info][gc,task     ] GC(86) Using 1 of 3 workers for concurrent strong root
[97.993s][info][gc          ] GC(86) Concurrent strong roots 0.335ms
[97.993s][info][gc,start    ] GC(86) Concurrent evacuation
[97.993s][info][gc,task     ] GC(86) Using 1 of 3 workers for concurrent evacuation
[98.001s][info][gc          ] GC(86) Concurrent evacuation 8.173ms
[98.002s][info][gc,start    ] GC(86) Pause Init Update Refs
[98.002s][info][gc,ergo     ] GC(86) Pacer for Update Refs. Used: 1616M, Free: 6167M, Non-Taxable: 616M, Alloc Tax Rate: 1.1x
[98.002s][info][gc          ] GC(86) Pause Init Update Refs 0.097ms
[98.002s][info][gc,start    ] GC(86) Concurrent update references
[98.002s][info][gc,task     ] GC(86) Using 1 of 3 workers for concurrent reference update
[98.025s][info][gc          ] GC(86) Concurrent update references 23.690ms
[98.025s][info][gc,start    ] GC(86) Concurrent update thread roots
[98.033s][info][gc          ] GC(86) Concurrent update thread roots 7.494ms
[98.033s][info][gc,start    ] GC(86) Pause Final Update Refs
[98.033s][info][gc,task     ] GC(86) Using 3 of 3 workers for final reference update
[98.033s][info][gc          ] GC(86) Pause Final Update Refs 0.152ms
[98.033s][info][gc,start    ] GC(86) Concurrent cleanup
[98.033s][info][gc          ] GC(86) Concurrent cleanup 1616M->640M(8192M) 0.077ms
[98.033s][info][gc,ergo     ] Free: 7139M, Max: 4096K regular, 5220M humongous, Frag: 27% external, 0% internal; Reserve: 412M, Max: 4096K
[98.033s][info][gc,stats    ] 
[98.033s][info][gc,stats    ] All times are wall-clock times, except per-root-class counters, that are sum over
[98.033s][info][gc,stats    ] all workers. Dividing the <total> over the root stage time estimates parallelism.
[98.033s][info][gc,stats    ] 
[98.033s][info][gc,stats    ] Concurrent Reset                   4798 us
[98.033s][info][gc,stats    ] Pause Init Mark (G)                 411 us
[98.033s][info][gc,stats    ] Pause Init Mark (N)                 213 us
[98.034s][info][gc,stats    ]   Update Region States               69 us
[98.034s][info][gc,stats    ] Concurrent Mark Roots              7764 us, parallelism: 0.96x
[98.034s][info][gc,stats    ]   CMR: <total>                     7454 us
[98.034s][info][gc,stats    ]   CMR: Thread Roots                7352 us, workers (us): 7352, ---, ---, 
[98.034s][info][gc,stats    ]   CMR: VM Strong Roots               12 us, workers (us):  12, ---, ---, 
[98.034s][info][gc,stats    ]   CMR: CLDG Roots                    89 us, workers (us):  89, ---, ---, 
[98.034s][info][gc,stats    ] Concurrent Marking                51080 us
[98.034s][info][gc,stats    ] Pause Final Mark (G)                569 us
[98.034s][info][gc,stats    ] Pause Final Mark (N)                471 us
[98.034s][info][gc,stats    ]   Finish Mark                       116 us
[98.034s][info][gc,stats    ]   Update Region States               89 us
[98.034s][info][gc,stats    ]   Choose Collection Set             144 us
[98.034s][info][gc,stats    ]   Rebuild Free Set                   19 us
[98.034s][info][gc,stats    ] Concurrent Thread Roots            7013 us, parallelism: 0.96x
[98.034s][info][gc,stats    ]   CTR: <total>                     6726 us
[98.034s][info][gc,stats    ]   CTR: Thread Roots                6726 us, workers (us): 6726, ---, ---, 
[98.034s][info][gc,stats    ] Concurrent Weak References         1057 us, parallelism: 0.85x
[98.034s][info][gc,stats    ]   CWRF: <total>                     898 us
[98.034s][info][gc,stats    ]   CWRF: Weak References             898 us, workers (us): 898, ---, ---, 
[98.034s][info][gc,stats    ] Concurrent Weak Roots              8980 us
[98.034s][info][gc,stats    ]   Roots                            8733 us, parallelism: 0.99x
[98.034s][info][gc,stats    ]     CWR: <total>                   8665 us
[98.034s][info][gc,stats    ]     CWR: Code Cache Roots          7478 us, workers (us): 7478, ---, ---, 
[98.034s][info][gc,stats    ]     CWR: VM Weak Roots             1107 us, workers (us): 1107, ---, ---, 
[98.034s][info][gc,stats    ]     CWR: CLDG Roots                  80 us, workers (us):  80, ---, ---, 
[98.034s][info][gc,stats    ]   Rendezvous                        187 us
[98.034s][info][gc,stats    ] Concurrent Cleanup                   53 us
[98.034s][info][gc,stats    ] Concurrent Class Unloading        57588 us
[98.034s][info][gc,stats    ]   Unlink Stale                    55276 us
[98.034s][info][gc,stats    ]     System Dictionary              1840 us
[98.034s][info][gc,stats    ]     Weak Class Links              17664 us
[98.034s][info][gc,stats    ]     Code Roots                    35770 us
[98.034s][info][gc,stats    ]   Rendezvous                        222 us
[98.034s][info][gc,stats    ]   Purge Unlinked                   2012 us
[98.034s][info][gc,stats    ]     Code Roots                     1155 us
[98.034s][info][gc,stats    ]     CLDG                            857 us
[98.034s][info][gc,stats    ]     Exception Caches                  0 us
[98.034s][info][gc,stats    ] Concurrent Strong Roots             345 us, parallelism: 0.70x
[98.034s][info][gc,stats    ]   CSR: <total>                      240 us
[98.034s][info][gc,stats    ]   CSR: VM Strong Roots                9 us, workers (us):   9, ---, ---, 
[98.034s][info][gc,stats    ]   CSR: CLDG Roots                   231 us, workers (us): 231, ---, ---, 
[98.034s][info][gc,stats    ] Concurrent Evacuation              8245 us
[98.034s][info][gc,stats    ] Pause Init Update Refs (G)          219 us
[98.034s][info][gc,stats    ] Pause Init Update Refs (N)          106 us
[98.034s][info][gc,stats    ]   Manage GCLABs                      37 us
[98.034s][info][gc,stats    ] Concurrent Update Refs            23756 us
[98.034s][info][gc,stats    ] Concurrent Update Thread Roots     7540 us
[98.034s][info][gc,stats    ] Pause Final Update Refs (G)         219 us
[98.034s][info][gc,stats    ] Pause Final Update Refs (N)         163 us
[98.034s][info][gc,stats    ]   Update Region States               58 us
[98.034s][info][gc,stats    ]   Trash Collection Set               11 us
[98.034s][info][gc,stats    ]   Rebuild Free Set                   20 us
[98.034s][info][gc,stats    ] Concurrent Cleanup                  100 us
[98.034s][info][gc,stats    ] 
[98.034s][info][gc,stats    ] Allocation pacing accrued:
[98.034s][info][gc,stats    ]       0 of  1163 ms (  0.0%): <total>
[98.034s][info][gc,stats    ]       0 of  1163 ms (  0.0%): <average total>
[98.034s][info][gc,stats    ] 
[98.034s][info][gc,metaspace] Metaspace: 155998K(157248K)->154964K(157056K) NonClass: 137944K(138560K)->137082K(138432K) Class: 18053K(18688K)->17882K(18624K)
[98.034s][info][gc,ergo     ] Pacer for Idle. Initial: 163M, Alloc Tax Rate: 1.0x
[98.385s][info][gc          ] Trigger: Learning 2 of 5. Free (5699M) is below initial threshold (5734M)
[98.385s][info][gc,ergo     ] Free: 5699M, Max: 4096K regular, 5220M humongous, Frag: 9% external, 0% internal; Reserve: 412M, Max: 4096K
[98.385s][info][gc,start    ] GC(87) Concurrent reset
[98.385s][info][gc,task     ] GC(87) Using 1 of 3 workers for concurrent reset
[98.385s][info][gc,ergo     ] GC(87) Pacer for Reset. Non-Taxable: 8192M
[98.398s][info][gc          ] GC(87) Concurrent reset 12.550ms
[98.398s][info][gc,start    ] GC(87) Pause Init Mark (unload classes)
[98.398s][info][gc,task     ] GC(87) Using 3 of 3 workers for init marking
[98.398s][info][gc,ergo     ] GC(87) Pacer for Mark. Expected Live: 140M, Free: 5619M, Non-Taxable: 561M, Alloc Tax Rate: 0.0x
[98.398s][info][gc          ] GC(87) Pause Init Mark (unload classes) 0.203ms
[98.416s][info][gc,start    ] GC(87) Concurrent marking roots
[98.416s][info][gc,task     ] GC(87) Using 1 of 3 workers for concurrent marking roots
[98.426s][info][gc          ] GC(87) Concurrent marking roots 9.213ms
[98.426s][info][gc,start    ] GC(87) Concurrent marking (unload classes)
[98.426s][info][gc,task     ] GC(87) Using 1 of 3 workers for concurrent marking
[98.512s][info][gc          ] GC(87) Concurrent marking (unload classes) 86.164ms
[98.512s][info][gc,start    ] GC(87) Pause Final Mark (unload classes)
[98.512s][info][gc,task     ] GC(87) Using 3 of 3 workers for final marking
[98.512s][info][gc,ergo     ] GC(87) Adaptive CSet Selection. Target Free: 1160M, Actual Free: 6506M, Max CSet: 341M, Min Garbage: 0B
[98.512s][info][gc,ergo     ] GC(87) Collectable Garbage: 1951M (99%), Immediate: 886M (45%), CSet: 1065M (54%)
[98.512s][info][gc,ergo     ] GC(87) Pacer for Evacuation. Used CSet: 1124M, Free: 6129M, Non-Taxable: 612M, Alloc Tax Rate: 1.1x
[98.512s][info][gc          ] GC(87) Pause Final Mark (unload classes) 0.281ms
[98.512s][info][gc,start    ] GC(87) Concurrent thread roots
[98.512s][info][gc,task     ] GC(87) Using 1 of 3 workers for Concurrent thread roots
[98.519s][info][gc          ] GC(87) Concurrent thread roots 7.233ms
[98.519s][info][gc,start    ] GC(87) Concurrent weak references
[98.519s][info][gc,task     ] GC(87) Using 1 of 3 workers for concurrent weak references
[98.520s][info][gc,ref      ] GC(87) Encountered references: Soft: 3713, Weak: 14971, Final: 53, Phantom: 598
[98.520s][info][gc,ref      ] GC(87) Discovered  references: Soft: 0, Weak: 7626, Final: 0, Phantom: 234
[98.520s][info][gc,ref      ] GC(87) Enqueued    references: Soft: 0, Weak: 211, Final: 0, Phantom: 0
[98.520s][info][gc          ] GC(87) Concurrent weak references 0.622ms
[98.520s][info][gc,start    ] GC(87) Concurrent weak roots
[98.520s][info][gc,task     ] GC(87) Using 1 of 3 workers for concurrent weak root
[98.529s][info][gc          ] GC(87) Concurrent weak roots 9.358ms
[98.530s][info][gc,start    ] GC(87) Concurrent cleanup
[98.530s][info][gc          ] GC(87) Concurrent cleanup 2556M->1670M(8192M) 0.063ms
[98.530s][info][gc,ergo     ] GC(87) Free: 6091M, Max: 4096K regular, 5172M humongous, Frag: 15% external, 0% internal; Reserve: 411M, Max: 4096K
[98.530s][info][gc,start    ] GC(87) Concurrent class unloading
[98.530s][info][gc,task     ] GC(87) Using 1 of 3 workers for concurrent class unloading
[98.586s][info][gc          ] GC(87) Concurrent class unloading 56.611ms
[98.586s][info][gc,start    ] GC(87) Concurrent strong roots
[98.586s][info][gc,task     ] GC(87) Using 1 of 3 workers for concurrent strong root
[98.587s][info][gc          ] GC(87) Concurrent strong roots 0.407ms
[98.587s][info][gc,start    ] GC(87) Concurrent evacuation
[98.587s][info][gc,task     ] GC(87) Using 1 of 3 workers for concurrent evacuation
[98.597s][info][gc          ] GC(87) Concurrent evacuation 9.966ms
[98.597s][info][gc,start    ] GC(87) Pause Init Update Refs
[98.597s][info][gc,ergo     ] GC(87) Pacer for Update Refs. Used: 1827M, Free: 6000M, Non-Taxable: 600M, Alloc Tax Rate: 1.1x
[98.597s][info][gc          ] GC(87) Pause Init Update Refs 0.065ms
[98.597s][info][gc,start    ] GC(87) Concurrent update references
[98.597s][info][gc,task     ] GC(87) Using 1 of 3 workers for concurrent reference update
[98.685s][info][gc          ] GC(87) Concurrent update references 88.139ms
[98.685s][info][gc,start    ] GC(87) Concurrent update thread roots
[98.692s][info][gc          ] GC(87) Concurrent update thread roots 7.111ms
[98.692s][info][gc,start    ] GC(87) Pause Final Update Refs
[98.692s][info][gc,task     ] GC(87) Using 3 of 3 workers for final reference update
[98.692s][info][gc          ] GC(87) Pause Final Update Refs 0.080ms
[98.693s][info][gc,start    ] GC(87) Concurrent cleanup
[98.693s][info][gc          ] GC(87) Concurrent cleanup 1917M->792M(8192M) 0.047ms
[98.693s][info][gc,ergo     ] Free: 6939M, Max: 4096K regular, 5104M humongous, Frag: 27% external, 0% internal; Reserve: 412M, Max: 4096K
[98.693s][info][gc,stats    ] 
[98.693s][info][gc,stats    ] All times are wall-clock times, except per-root-class counters, that are sum over
[98.693s][info][gc,stats    ] all workers. Dividing the <total> over the root stage time estimates parallelism.
[98.693s][info][gc,stats    ] 
[98.693s][info][gc,stats    ] Concurrent Reset                  12643 us
[98.693s][info][gc,stats    ] Pause Init Mark (G)               18481 us
[98.693s][info][gc,stats    ] Pause Init Mark (N)                 214 us
[98.693s][info][gc,stats    ]   Update Region States               67 us
[98.693s][info][gc,stats    ] Concurrent Mark Roots              9289 us, parallelism: 0.95x
[98.693s][info][gc,stats    ]   CMR: <total>                     8818 us
[98.693s][info][gc,stats    ]   CMR: Thread Roots                8623 us, workers (us): 8623, ---, ---, 
[98.693s][info][gc,stats    ]   CMR: VM Strong Roots               30 us, workers (us):  30, ---, ---, 
[98.693s][info][gc,stats    ]   CMR: CLDG Roots                   166 us, workers (us): 166, ---, ---, 
[98.693s][info][gc,stats    ] Concurrent Marking                86220 us
[98.693s][info][gc,stats    ] Pause Final Mark (G)                397 us
[98.693s][info][gc,stats    ] Pause Final Mark (N)                289 us
[98.693s][info][gc,stats    ]   Finish Mark                        78 us
[98.693s][info][gc,stats    ]   Update Region States               47 us
[98.693s][info][gc,stats    ]   Choose Collection Set              74 us
[98.693s][info][gc,stats    ]   Rebuild Free Set                    9 us
[98.693s][info][gc,stats    ] Concurrent Thread Roots            7274 us, parallelism: 0.99x
[98.693s][info][gc,stats    ]   CTR: <total>                     7171 us
[98.693s][info][gc,stats    ]   CTR: Thread Roots                7171 us, workers (us): 7171, ---, ---, 
[98.693s][info][gc,stats    ] Concurrent Weak References          630 us, parallelism: 0.88x
[98.693s][info][gc,stats    ]   CWRF: <total>                     553 us
[98.693s][info][gc,stats    ]   CWRF: Weak References             553 us, workers (us): 553, ---, ---, 
[98.693s][info][gc,stats    ] Concurrent Weak Roots              9421 us
[98.693s][info][gc,stats    ]   Roots                            9138 us, parallelism: 0.99x
[98.693s][info][gc,stats    ]     CWR: <total>                   9055 us
[98.693s][info][gc,stats    ]     CWR: Code Cache Roots          7655 us, workers (us): 7655, ---, ---, 
[98.693s][info][gc,stats    ]     CWR: VM Weak Roots             1284 us, workers (us): 1284, ---, ---, 
[98.693s][info][gc,stats    ]     CWR: CLDG Roots                 115 us, workers (us): 115, ---, ---, 
[98.693s][info][gc,stats    ]   Rendezvous                        201 us
[98.693s][info][gc,stats    ] Concurrent Cleanup                   82 us
[98.693s][info][gc,stats    ] Concurrent Class Unloading        56648 us
[98.693s][info][gc,stats    ]   Unlink Stale                    54950 us
[98.693s][info][gc,stats    ]     System Dictionary               605 us
[98.693s][info][gc,stats    ]     Weak Class Links              17269 us
[98.693s][info][gc,stats    ]     Code Roots                    37072 us
[98.693s][info][gc,stats    ]   Rendezvous                        191 us
[98.693s][info][gc,stats    ]   Purge Unlinked                   1435 us
[98.693s][info][gc,stats    ]     Code Roots                     1353 us
[98.693s][info][gc,stats    ]     CLDG                             81 us
[98.693s][info][gc,stats    ]     Exception Caches                  0 us
[98.693s][info][gc,stats    ] Concurrent Strong Roots             417 us, parallelism: 0.71x
[98.693s][info][gc,stats    ]   CSR: <total>                      297 us
[98.693s][info][gc,stats    ]   CSR: VM Strong Roots                7 us, workers (us):   7, ---, ---, 
[98.693s][info][gc,stats    ]   CSR: CLDG Roots                   290 us, workers (us): 290, ---, ---, 
[98.693s][info][gc,stats    ] Concurrent Evacuation             10037 us
[98.693s][info][gc,stats    ] Pause Init Update Refs (G)          170 us
[98.693s][info][gc,stats    ] Pause Init Update Refs (N)           73 us
[98.693s][info][gc,stats    ]   Manage GCLABs                      23 us
[98.693s][info][gc,stats    ] Concurrent Update Refs            88194 us
[98.693s][info][gc,stats    ] Concurrent Update Thread Roots     7177 us
[98.693s][info][gc,stats    ] Pause Final Update Refs (G)         224 us
[98.693s][info][gc,stats    ] Pause Final Update Refs (N)         118 us
[98.693s][info][gc,stats    ]   Update Region States               36 us
[98.693s][info][gc,stats    ]   Trash Collection Set                4 us
[98.693s][info][gc,stats    ]   Rebuild Free Set                   16 us
[98.693s][info][gc,stats    ] Concurrent Cleanup                   56 us
[98.693s][info][gc,stats    ] 
[98.693s][info][gc,stats    ] Allocation pacing accrued:
[98.693s][info][gc,stats    ]       0 of   659 ms (  0.0%): <total>
[98.693s][info][gc,stats    ]       0 of   659 ms (  0.0%): <average total>
[98.693s][info][gc,stats    ] 
[98.693s][info][gc,metaspace] Metaspace: 155831K(157056K)->155856K(157056K) NonClass: 137799K(138432K)->137821K(138432K) Class: 18031K(18624K)->18034K(18624K)
[98.693s][info][gc,ergo     ] Pacer for Idle. Initial: 163M, Alloc Tax Rate: 1.0x
[99.657s][info][gc          ] Trigger: Explicit GC request (System.gc())
[99.658s][info][gc,ergo     ] Free: 5801M, Max: 4096K regular, 5104M humongous, Frag: 12% external, 0% internal; Reserve: 412M, Max: 4096K
[99.658s][info][gc,start    ] GC(88) Concurrent reset
[99.658s][info][gc,task     ] GC(88) Using 1 of 3 workers for concurrent reset
[99.658s][info][gc,ergo     ] GC(88) Pacer for Reset. Non-Taxable: 8192M
[99.663s][info][gc          ] GC(88) Concurrent reset 5.497ms
[99.663s][info][gc,start    ] GC(88) Pause Init Mark (unload classes)
[99.663s][info][gc,task     ] GC(88) Using 3 of 3 workers for init marking
[99.663s][info][gc,ref      ] GC(88) Clearing All SoftReferences
[99.663s][info][gc,ergo     ] GC(88) Pacer for Mark. Expected Live: 151M, Free: 5801M, Non-Taxable: 580M, Alloc Tax Rate: 0.0x
[99.663s][info][gc          ] GC(88) Pause Init Mark (unload classes) 0.156ms
[99.664s][info][gc,start    ] GC(88) Concurrent marking roots
[99.664s][info][gc,task     ] GC(88) Using 1 of 3 workers for concurrent marking roots
[99.671s][info][gc          ] GC(88) Concurrent marking roots 7.491ms
[99.671s][info][gc,start    ] GC(88) Concurrent marking (unload classes)
[99.671s][info][gc,task     ] GC(88) Using 1 of 3 workers for concurrent marking
[99.723s][info][gc          ] GC(88) Concurrent marking (unload classes) 52.392ms
[99.724s][info][gc,start    ] GC(88) Pause Final Mark (unload classes)
[99.724s][info][gc,task     ] GC(88) Using 3 of 3 workers for final marking
[99.724s][info][gc,ergo     ] GC(88) Adaptive CSet Selection. Target Free: 1160M, Actual Free: 6817M, Max CSet: 341M, Min Garbage: 0B
[99.724s][info][gc,ergo     ] GC(88) Collectable Garbage: 1575M (99%), Immediate: 613M (38%), CSet: 961M (60%)
[99.724s][info][gc,ergo     ] GC(88) Pacer for Evacuation. Used CSet: 970M, Free: 6679M, Non-Taxable: 667M, Alloc Tax Rate: 1.1x
[99.724s][info][gc          ] GC(88) Pause Final Mark (unload classes) 0.545ms
[99.724s][info][gc,start    ] GC(88) Concurrent thread roots
[99.724s][info][gc,task     ] GC(88) Using 1 of 3 workers for Concurrent thread roots
[99.731s][info][gc          ] GC(88) Concurrent thread roots 6.906ms
[99.731s][info][gc,start    ] GC(88) Concurrent weak references
[99.731s][info][gc,task     ] GC(88) Using 1 of 3 workers for concurrent weak references
[99.732s][info][gc,ref      ] GC(88) Encountered references: Soft: 3585, Weak: 17951, Final: 53, Phantom: 598
[99.732s][info][gc,ref      ] GC(88) Discovered  references: Soft: 1313, Weak: 6845, Final: 0, Phantom: 373
[99.732s][info][gc,ref      ] GC(88) Enqueued    references: Soft: 848, Weak: 3400, Final: 0, Phantom: 0
[99.732s][info][gc          ] GC(88) Concurrent weak references 1.072ms
[99.732s][info][gc,start    ] GC(88) Concurrent weak roots
[99.732s][info][gc,task     ] GC(88) Using 1 of 3 workers for concurrent weak root
[99.742s][info][gc          ] GC(88) Concurrent weak roots 9.370ms
[99.742s][info][gc,start    ] GC(88) Concurrent cleanup
[99.742s][info][gc          ] GC(88) Concurrent cleanup 2025M->1423M(8192M) 0.052ms
[99.742s][info][gc,ergo     ] GC(88) Free: 6347M, Max: 4096K regular, 5152M humongous, Frag: 19% external, 0% internal; Reserve: 410M, Max: 4096K
[99.742s][info][gc,start    ] GC(88) Concurrent class unloading
[99.742s][info][gc,task     ] GC(88) Using 1 of 3 workers for concurrent class unloading
[99.790s][info][gc          ] GC(88) Concurrent class unloading 48.430ms
[99.790s][info][gc,start    ] GC(88) Concurrent strong roots
[99.790s][info][gc,task     ] GC(88) Using 1 of 3 workers for concurrent strong root
[99.791s][info][gc          ] GC(88) Concurrent strong roots 0.334ms
[99.791s][info][gc,start    ] GC(88) Concurrent evacuation
[99.791s][info][gc,task     ] GC(88) Using 1 of 3 workers for concurrent evacuation
[99.796s][info][gc          ] GC(88) Concurrent evacuation 5.631ms
[99.796s][info][gc,start    ] GC(88) Pause Init Update Refs
[99.797s][info][gc,ergo     ] GC(88) Pacer for Update Refs. Used: 1614M, Free: 6167M, Non-Taxable: 616M, Alloc Tax Rate: 1.1x
[99.797s][info][gc          ] GC(88) Pause Init Update Refs 0.055ms
[99.797s][info][gc,start    ] GC(88) Concurrent update references
[99.797s][info][gc,task     ] GC(88) Using 1 of 3 workers for concurrent reference update
[99.819s][info][gc          ] GC(88) Concurrent update references 22.356ms
[99.819s][info][gc,start    ] GC(88) Concurrent update thread roots
[99.827s][info][gc          ] GC(88) Concurrent update thread roots 7.584ms
[99.827s][info][gc,start    ] GC(88) Pause Final Update Refs
[99.827s][info][gc,task     ] GC(88) Using 3 of 3 workers for final reference update
[99.827s][info][gc          ] GC(88) Pause Final Update Refs 0.156ms
[99.827s][info][gc,start    ] GC(88) Concurrent cleanup
[99.827s][info][gc          ] GC(88) Concurrent cleanup 1614M->644M(8192M) 0.105ms
[99.827s][info][gc,ergo     ] Free: 7135M, Max: 4096K regular, 5220M humongous, Frag: 27% external, 0% internal; Reserve: 412M, Max: 4096K
[99.827s][info][gc,stats    ] 
[99.827s][info][gc,stats    ] All times are wall-clock times, except per-root-class counters, that are sum over
[99.827s][info][gc,stats    ] all workers. Dividing the <total> over the root stage time estimates parallelism.
[99.827s][info][gc,stats    ] 
[99.827s][info][gc,stats    ] Concurrent Reset                   5590 us
[99.827s][info][gc,stats    ] Pause Init Mark (G)                 317 us
[99.827s][info][gc,stats    ] Pause Init Mark (N)                 164 us
[99.827s][info][gc,stats    ]   Update Region States               56 us
[99.827s][info][gc,stats    ] Concurrent Mark Roots              7553 us, parallelism: 0.96x
[99.827s][info][gc,stats    ]   CMR: <total>                     7264 us
[99.827s][info][gc,stats    ]   CMR: Thread Roots                7164 us, workers (us): 7164, ---, ---, 
[99.827s][info][gc,stats    ]   CMR: VM Strong Roots               14 us, workers (us):  14, ---, ---, 
[99.827s][info][gc,stats    ]   CMR: CLDG Roots                    86 us, workers (us):  86, ---, ---, 
[99.827s][info][gc,stats    ] Concurrent Marking                52458 us
[99.827s][info][gc,stats    ] Pause Final Mark (G)                721 us
[99.827s][info][gc,stats    ] Pause Final Mark (N)                566 us
[99.827s][info][gc,stats    ]   Finish Mark                        96 us
[99.827s][info][gc,stats    ]   Update Region States              102 us
[99.827s][info][gc,stats    ]   Choose Collection Set             186 us
[99.828s][info][gc,stats    ]   Rebuild Free Set                   24 us
[99.828s][info][gc,stats    ] Concurrent Thread Roots            6952 us, parallelism: 0.95x
[99.828s][info][gc,stats    ]   CTR: <total>                     6618 us
[99.828s][info][gc,stats    ]   CTR: Thread Roots                6618 us, workers (us): 6618, ---, ---, 
[99.828s][info][gc,stats    ] Concurrent Weak References         1080 us, parallelism: 0.86x
[99.828s][info][gc,stats    ]   CWRF: <total>                     923 us
[99.828s][info][gc,stats    ]   CWRF: Weak References             923 us, workers (us): 923, ---, ---, 
[99.828s][info][gc,stats    ] Concurrent Weak Roots              9409 us
[99.828s][info][gc,stats    ]   Roots                            9175 us, parallelism: 1.00x
[99.828s][info][gc,stats    ]     CWR: <total>                   9140 us
[99.828s][info][gc,stats    ]     CWR: Code Cache Roots          8326 us, workers (us): 8326, ---, ---, 
[99.828s][info][gc,stats    ]     CWR: VM Weak Roots              734 us, workers (us): 734, ---, ---, 
[99.828s][info][gc,stats    ]     CWR: CLDG Roots                  79 us, workers (us):  79, ---, ---, 
[99.828s][info][gc,stats    ]   Rendezvous                        176 us
[99.828s][info][gc,stats    ] Concurrent Cleanup                  112 us
[99.828s][info][gc,stats    ] Concurrent Class Unloading        48482 us
[99.828s][info][gc,stats    ]   Unlink Stale                    46157 us
[99.828s][info][gc,stats    ]     System Dictionary              1938 us
[99.828s][info][gc,stats    ]     Weak Class Links              17547 us
[99.828s][info][gc,stats    ]     Code Roots                    26670 us
[99.828s][info][gc,stats    ]   Rendezvous                        217 us
[99.828s][info][gc,stats    ]   Purge Unlinked                   2036 us
[99.828s][info][gc,stats    ]     Code Roots                     1189 us
[99.828s][info][gc,stats    ]     CLDG                            846 us
[99.828s][info][gc,stats    ]     Exception Caches                  0 us
[99.828s][info][gc,stats    ] Concurrent Strong Roots             375 us, parallelism: 0.58x
[99.828s][info][gc,stats    ]   CSR: <total>                      218 us
[99.828s][info][gc,stats    ]   CSR: VM Strong Roots                9 us, workers (us):   9, ---, ---, 
[99.828s][info][gc,stats    ]   CSR: CLDG Roots                   210 us, workers (us): 210, ---, ---, 
[99.828s][info][gc,stats    ] Concurrent Evacuation              5692 us
[99.828s][info][gc,stats    ] Pause Init Update Refs (G)          190 us
[99.828s][info][gc,stats    ] Pause Init Update Refs (N)           63 us
[99.828s][info][gc,stats    ]   Manage GCLABs                      24 us
[99.828s][info][gc,stats    ] Concurrent Update Refs            22423 us
[99.828s][info][gc,stats    ] Concurrent Update Thread Roots     7635 us
[99.828s][info][gc,stats    ] Pause Final Update Refs (G)         279 us
[99.828s][info][gc,stats    ] Pause Final Update Refs (N)         174 us
[99.828s][info][gc,stats    ]   Update Region States               85 us
[99.828s][info][gc,stats    ]   Trash Collection Set               11 us
[99.828s][info][gc,stats    ]   Rebuild Free Set                   21 us
[99.828s][info][gc,stats    ] Concurrent Cleanup                  131 us
[99.828s][info][gc,stats    ] 
[99.828s][info][gc,stats    ] Allocation pacing accrued:
[99.828s][info][gc,stats    ]       0 of  1135 ms (  0.0%): <total>
[99.828s][info][gc,stats    ]       0 of  1135 ms (  0.0%): <average total>
[99.828s][info][gc,stats    ] 
[99.828s][info][gc,metaspace] Metaspace: 155998K(157248K)->154965K(157056K) NonClass: 137944K(138560K)->137082K(138432K) Class: 18053K(18688K)->17882K(18624K)
[99.828s][info][gc,ergo     ] Pacer for Idle. Initial: 163M, Alloc Tax Rate: 1.0x
[100.182s][info][gc          ] Trigger: Learning 2 of 5. Free (5659M) is below initial threshold (5734M)
[100.183s][info][gc,ergo     ] Free: 5659M, Max: 4096K regular, 5220M humongous, Frag: 8% external, 0% internal; Reserve: 412M, Max: 4096K
[100.183s][info][gc,start    ] GC(89) Concurrent reset
[100.183s][info][gc,task     ] GC(89) Using 1 of 3 workers for concurrent reset
[100.183s][info][gc,ergo     ] GC(89) Pacer for Reset. Non-Taxable: 8192M
[100.195s][info][gc          ] GC(89) Concurrent reset 11.974ms
[100.195s][info][gc,start    ] GC(89) Pause Init Mark (unload classes)
[100.195s][info][gc,task     ] GC(89) Using 3 of 3 workers for init marking
[100.195s][info][gc,ergo     ] GC(89) Pacer for Mark. Expected Live: 140M, Free: 5583M, Non-Taxable: 558M, Alloc Tax Rate: 0.0x
[100.195s][info][gc          ] GC(89) Pause Init Mark (unload classes) 0.169ms
[100.201s][info][gc,start    ] GC(89) Concurrent marking roots
[100.201s][info][gc,task     ] GC(89) Using 1 of 3 workers for concurrent marking roots
[100.210s][info][gc          ] GC(89) Concurrent marking roots 8.992ms
[100.210s][info][gc,start    ] GC(89) Concurrent marking (unload classes)
[100.210s][info][gc,task     ] GC(89) Using 1 of 3 workers for concurrent marking
[100.281s][info][gc          ] GC(89) Concurrent marking (unload classes) 70.614ms
[100.281s][info][gc,start    ] GC(89) Pause Final Mark (unload classes)
[100.281s][info][gc,task     ] GC(89) Using 3 of 3 workers for final marking
[100.281s][info][gc,ergo     ] GC(89) Adaptive CSet Selection. Target Free: 1160M, Actual Free: 6581M, Max CSet: 341M, Min Garbage: 0B
[100.281s][info][gc,ergo     ] GC(89) Collectable Garbage: 1985M (99%), Immediate: 933M (46%), CSet: 1052M (52%)
[100.281s][info][gc,ergo     ] GC(89) Pacer for Evacuation. Used CSet: 1113M, Free: 6204M, Non-Taxable: 620M, Alloc Tax Rate: 1.1x
[100.281s][info][gc          ] GC(89) Pause Final Mark (unload classes) 0.242ms
[100.281s][info][gc,start    ] GC(89) Concurrent thread roots
[100.281s][info][gc,task     ] GC(89) Using 1 of 3 workers for Concurrent thread roots
[100.288s][info][gc          ] GC(89) Concurrent thread roots 7.053ms
[100.288s][info][gc,start    ] GC(89) Concurrent weak references
[100.288s][info][gc,task     ] GC(89) Using 1 of 3 workers for concurrent weak references
[100.289s][info][gc,ref      ] GC(89) Encountered references: Soft: 3713, Weak: 14975, Final: 53, Phantom: 598
[100.289s][info][gc,ref      ] GC(89) Discovered  references: Soft: 0, Weak: 4755, Final: 0, Phantom: 234
[100.289s][info][gc,ref      ] GC(89) Enqueued    references: Soft: 0, Weak: 218, Final: 0, Phantom: 0
[100.289s][info][gc          ] GC(89) Concurrent weak references 0.531ms
[100.289s][info][gc,start    ] GC(89) Concurrent weak roots
[100.289s][info][gc,task     ] GC(89) Using 1 of 3 workers for concurrent weak root
[100.297s][info][gc          ] GC(89) Concurrent weak roots 8.408ms
[100.297s][info][gc,start    ] GC(89) Concurrent cleanup
[100.297s][info][gc          ] GC(89) Concurrent cleanup 2563M->1630M(8192M) 0.066ms
[100.297s][info][gc,ergo     ] GC(89) Free: 6135M, Max: 4096K regular, 5168M humongous, Frag: 16% external, 0% internal; Reserve: 411M, Max: 4096K
[100.297s][info][gc,start    ] GC(89) Concurrent class unloading
[100.297s][info][gc,task     ] GC(89) Using 1 of 3 workers for concurrent class unloading
[100.352s][info][gc          ] GC(89) Concurrent class unloading 54.406ms
[100.352s][info][gc,start    ] GC(89) Concurrent strong roots
[100.352s][info][gc,task     ] GC(89) Using 1 of 3 workers for concurrent strong root
[100.352s][info][gc          ] GC(89) Concurrent strong roots 0.390ms
[100.352s][info][gc,start    ] GC(89) Concurrent evacuation
[100.352s][info][gc,task     ] GC(89) Using 1 of 3 workers for concurrent evacuation
[100.362s][info][gc          ] GC(89) Concurrent evacuation 9.490ms
[100.362s][info][gc,start    ] GC(89) Pause Init Update Refs
[100.362s][info][gc,ergo     ] GC(89) Pacer for Update Refs. Used: 1776M, Free: 6059M, Non-Taxable: 605M, Alloc Tax Rate: 1.1x
[100.362s][info][gc          ] GC(89) Pause Init Update Refs 0.127ms
[100.362s][info][gc,start    ] GC(89) Concurrent update references
[100.362s][info][gc,task     ] GC(89) Using 1 of 3 workers for concurrent reference update
[100.439s][info][gc          ] GC(89) Concurrent update references 77.163ms
[100.439s][info][gc,start    ] GC(89) Concurrent update thread roots
[100.446s][info][gc          ] GC(89) Concurrent update thread roots 7.006ms
[100.446s][info][gc,start    ] GC(89) Pause Final Update Refs
[100.446s][info][gc,task     ] GC(89) Using 3 of 3 workers for final reference update
[100.446s][info][gc          ] GC(89) Pause Final Update Refs 0.140ms
[100.447s][info][gc,start    ] GC(89) Concurrent cleanup
[100.447s][info][gc          ] GC(89) Concurrent cleanup 1860M->746M(8192M) 0.048ms
[100.447s][info][gc,ergo     ] Free: 6993M, Max: 4096K regular, 5100M humongous, Frag: 27% external, 0% internal; Reserve: 412M, Max: 4096K
[100.447s][info][gc,stats    ] 
[100.447s][info][gc,stats    ] All times are wall-clock times, except per-root-class counters, that are sum over
[100.447s][info][gc,stats    ] all workers. Dividing the <total> over the root stage time estimates parallelism.
[100.447s][info][gc,stats    ] 
[100.447s][info][gc,stats    ] Concurrent Reset                  12098 us
[100.447s][info][gc,stats    ] Pause Init Mark (G)                6398 us
[100.447s][info][gc,stats    ] Pause Init Mark (N)                 190 us
[100.447s][info][gc,stats    ]   Update Region States               44 us
[100.447s][info][gc,stats    ] Concurrent Mark Roots              9070 us, parallelism: 0.92x
[100.447s][info][gc,stats    ]   CMR: <total>                     8364 us
[100.447s][info][gc,stats    ]   CMR: Thread Roots                8212 us, workers (us): 8212, ---, ---, 
[100.447s][info][gc,stats    ]   CMR: VM Strong Roots               27 us, workers (us):  27, ---, ---, 
[100.447s][info][gc,stats    ]   CMR: CLDG Roots                   125 us, workers (us): 125, ---, ---, 
[100.447s][info][gc,stats    ] Concurrent Marking                70656 us
[100.447s][info][gc,stats    ] Pause Final Mark (G)                303 us
[100.447s][info][gc,stats    ] Pause Final Mark (N)                250 us
[100.447s][info][gc,stats    ]   Finish Mark                        53 us
[100.447s][info][gc,stats    ]   Update Region States               30 us
[100.447s][info][gc,stats    ]   Choose Collection Set              86 us
[100.447s][info][gc,stats    ]   Rebuild Free Set                    9 us
[100.447s][info][gc,stats    ] Concurrent Thread Roots            7079 us, parallelism: 0.99x
[100.447s][info][gc,stats    ]   CTR: <total>                     7003 us
[100.447s][info][gc,stats    ]   CTR: Thread Roots                7003 us, workers (us): 7003, ---, ---, 
[100.447s][info][gc,stats    ] Concurrent Weak References          547 us, parallelism: 0.79x
[100.447s][info][gc,stats    ]   CWRF: <total>                     433 us
[100.447s][info][gc,stats    ]   CWRF: Weak References             433 us, workers (us): 433, ---, ---, 
[100.447s][info][gc,stats    ] Concurrent Weak Roots              8483 us
[100.447s][info][gc,stats    ]   Roots                            8146 us, parallelism: 0.99x
[100.447s][info][gc,stats    ]     CWR: <total>                   8104 us
[100.447s][info][gc,stats    ]     CWR: Code Cache Roots          6804 us, workers (us): 6804, ---, ---, 
[100.447s][info][gc,stats    ]     CWR: VM Weak Roots             1186 us, workers (us): 1186, ---, ---, 
[100.447s][info][gc,stats    ]     CWR: CLDG Roots                 113 us, workers (us): 113, ---, ---, 
[100.447s][info][gc,stats    ]   Rendezvous                        226 us
[100.447s][info][gc,stats    ] Concurrent Cleanup                   84 us
[100.447s][info][gc,stats    ] Concurrent Class Unloading        54446 us
[100.447s][info][gc,stats    ]   Unlink Stale                    52809 us
[100.447s][info][gc,stats    ]     System Dictionary               558 us
[100.447s][info][gc,stats    ]     Weak Class Links              23763 us
[100.447s][info][gc,stats    ]     Code Roots                    28486 us
[100.447s][info][gc,stats    ]   Rendezvous                        156 us
[100.447s][info][gc,stats    ]   Purge Unlinked                   1406 us
[100.447s][info][gc,stats    ]     Code Roots                     1298 us
[100.447s][info][gc,stats    ]     CLDG                            107 us
[100.447s][info][gc,stats    ]     Exception Caches                  0 us
[100.447s][info][gc,stats    ] Concurrent Strong Roots             403 us, parallelism: 0.72x
[100.447s][info][gc,stats    ]   CSR: <total>                      290 us
[100.447s][info][gc,stats    ]   CSR: VM Strong Roots                7 us, workers (us):   7, ---, ---, 
[100.447s][info][gc,stats    ]   CSR: CLDG Roots                   283 us, workers (us): 283, ---, ---, 
[100.447s][info][gc,stats    ] Concurrent Evacuation              9521 us
[100.447s][info][gc,stats    ] Pause Init Update Refs (G)          286 us
[100.447s][info][gc,stats    ] Pause Init Update Refs (N)          149 us
[100.447s][info][gc,stats    ]   Manage GCLABs                      26 us
[100.447s][info][gc,stats    ] Concurrent Update Refs            77211 us
[100.447s][info][gc,stats    ] Concurrent Update Thread Roots     7070 us
[100.447s][info][gc,stats    ] Pause Final Update Refs (G)         237 us
[100.447s][info][gc,stats    ] Pause Final Update Refs (N)         161 us
[100.447s][info][gc,stats    ]   Update Region States               57 us
[100.447s][info][gc,stats    ]   Trash Collection Set                9 us
[100.447s][info][gc,stats    ]   Rebuild Free Set                   19 us
[100.447s][info][gc,stats    ] Concurrent Cleanup                   58 us
[100.447s][info][gc,stats    ] 
[100.447s][info][gc,stats    ] Allocation pacing accrued:
[100.447s][info][gc,stats    ]       0 of   619 ms (  0.0%): <total>
[100.447s][info][gc,stats    ]       0 of   619 ms (  0.0%): <average total>
[100.447s][info][gc,stats    ] 
[100.447s][info][gc,metaspace] Metaspace: 155836K(157056K)->155856K(157056K) NonClass: 137805K(138432K)->137825K(138432K) Class: 18030K(18624K)->18031K(18624K)
[100.447s][info][gc,ergo     ] Pacer for Idle. Initial: 163M, Alloc Tax Rate: 1.0x
[101.411s][info][gc          ] Trigger: Explicit GC request (System.gc())
[101.411s][info][gc,ergo     ] Free: 5813M, Max: 4096K regular, 5100M humongous, Frag: 13% external, 0% internal; Reserve: 412M, Max: 4096K
[101.411s][info][gc,start    ] GC(90) Concurrent reset
[101.411s][info][gc,task     ] GC(90) Using 1 of 3 workers for concurrent reset
[101.411s][info][gc,ergo     ] GC(90) Pacer for Reset. Non-Taxable: 8192M
[101.416s][info][gc          ] GC(90) Concurrent reset 4.884ms
[101.416s][info][gc,start    ] GC(90) Pause Init Mark (unload classes)
[101.416s][info][gc,task     ] GC(90) Using 3 of 3 workers for init marking
[101.416s][info][gc,ref      ] GC(90) Clearing All SoftReferences
[101.416s][info][gc,ergo     ] GC(90) Pacer for Mark. Expected Live: 150M, Free: 5813M, Non-Taxable: 581M, Alloc Tax Rate: 0.0x
[101.416s][info][gc          ] GC(90) Pause Init Mark (unload classes) 0.203ms
[101.416s][info][gc,start    ] GC(90) Concurrent marking roots
[101.416s][info][gc,task     ] GC(90) Using 1 of 3 workers for concurrent marking roots
[101.423s][info][gc          ] GC(90) Concurrent marking roots 7.115ms
[101.423s][info][gc,start    ] GC(90) Concurrent marking (unload classes)
[101.423s][info][gc,task     ] GC(90) Using 1 of 3 workers for concurrent marking
[101.478s][info][gc          ] GC(90) Concurrent marking (unload classes) 54.070ms
[101.478s][info][gc,start    ] GC(90) Pause Final Mark (unload classes)
[101.478s][info][gc,task     ] GC(90) Using 3 of 3 workers for final marking
[101.478s][info][gc,ergo     ] GC(90) Adaptive CSet Selection. Target Free: 1160M, Actual Free: 6815M, Max CSet: 341M, Min Garbage: 0B
[101.478s][info][gc,ergo     ] GC(90) Collectable Garbage: 1564M (99%), Immediate: 599M (38%), CSet: 964M (61%)
[101.478s][info][gc,ergo     ] GC(90) Pacer for Evacuation. Used CSet: 975M, Free: 6679M, Non-Taxable: 667M, Alloc Tax Rate: 1.1x
[101.478s][info][gc          ] GC(90) Pause Final Mark (unload classes) 0.487ms
[101.478s][info][gc,start    ] GC(90) Concurrent thread roots
[101.478s][info][gc,task     ] GC(90) Using 1 of 3 workers for Concurrent thread roots
[101.485s][info][gc          ] GC(90) Concurrent thread roots 6.748ms
[101.485s][info][gc,start    ] GC(90) Concurrent weak references
[101.485s][info][gc,task     ] GC(90) Using 1 of 3 workers for concurrent weak references
[101.486s][info][gc,ref      ] GC(90) Encountered references: Soft: 3585, Weak: 17947, Final: 53, Phantom: 598
[101.486s][info][gc,ref      ] GC(90) Discovered  references: Soft: 1313, Weak: 6842, Final: 0, Phantom: 373
[101.486s][info][gc,ref      ] GC(90) Enqueued    references: Soft: 848, Weak: 3397, Final: 0, Phantom: 0
[101.486s][info][gc          ] GC(90) Concurrent weak references 1.078ms
[101.486s][info][gc,start    ] GC(90) Concurrent weak roots
[101.486s][info][gc,task     ] GC(90) Using 1 of 3 workers for concurrent weak root
[101.495s][info][gc          ] GC(90) Concurrent weak roots 9.224ms
[101.495s][info][gc,start    ] GC(90) Concurrent cleanup
[101.495s][info][gc          ] GC(90) Concurrent cleanup 2053M->1453M(8192M) 0.038ms
[101.495s][info][gc,ergo     ] GC(90) Free: 6319M, Max: 4096K regular, 5144M humongous, Frag: 19% external, 0% internal; Reserve: 410M, Max: 4096K
[101.495s][info][gc,start    ] GC(90) Concurrent class unloading
[101.495s][info][gc,task     ] GC(90) Using 1 of 3 workers for concurrent class unloading
[101.544s][info][gc          ] GC(90) Concurrent class unloading 48.815ms
[101.544s][info][gc,start    ] GC(90) Concurrent strong roots
[101.544s][info][gc,task     ] GC(90) Using 1 of 3 workers for concurrent strong root
[101.545s][info][gc          ] GC(90) Concurrent strong roots 0.331ms
[101.545s][info][gc,start    ] GC(90) Concurrent evacuation
[101.545s][info][gc,task     ] GC(90) Using 1 of 3 workers for concurrent evacuation
[101.552s][info][gc          ] GC(90) Concurrent evacuation 6.879ms
[101.552s][info][gc,start    ] GC(90) Pause Init Update Refs
[101.552s][info][gc,ergo     ] GC(90) Pacer for Update Refs. Used: 1604M, Free: 6179M, Non-Taxable: 617M, Alloc Tax Rate: 1.1x
[101.552s][info][gc          ] GC(90) Pause Init Update Refs 0.147ms
[101.552s][info][gc,start    ] GC(90) Concurrent update references
[101.552s][info][gc,task     ] GC(90) Using 1 of 3 workers for concurrent reference update
[101.575s][info][gc          ] GC(90) Concurrent update references 23.210ms
[101.575s][info][gc,start    ] GC(90) Concurrent update thread roots
[101.583s][info][gc          ] GC(90) Concurrent update thread roots 7.524ms
[101.583s][info][gc,start    ] GC(90) Pause Final Update Refs
[101.583s][info][gc,task     ] GC(90) Using 3 of 3 workers for final reference update
[101.583s][info][gc          ] GC(90) Pause Final Update Refs 0.174ms
[101.583s][info][gc,start    ] GC(90) Concurrent cleanup
[101.583s][info][gc          ] GC(90) Concurrent cleanup 1604M->628M(8192M) 0.076ms
[101.583s][info][gc,ergo     ] Free: 7151M, Max: 4096K regular, 5224M humongous, Frag: 27% external, 0% internal; Reserve: 412M, Max: 4096K
[101.583s][info][gc,stats    ] 
[101.583s][info][gc,stats    ] All times are wall-clock times, except per-root-class counters, that are sum over
[101.583s][info][gc,stats    ] all workers. Dividing the <total> over the root stage time estimates parallelism.
[101.583s][info][gc,stats    ] 
[101.583s][info][gc,stats    ] Concurrent Reset                   4944 us
[101.583s][info][gc,stats    ] Pause Init Mark (G)                 378 us
[101.583s][info][gc,stats    ] Pause Init Mark (N)                 212 us
[101.583s][info][gc,stats    ]   Update Region States               96 us
[101.583s][info][gc,stats    ] Concurrent Mark Roots              7162 us, parallelism: 0.94x
[101.583s][info][gc,stats    ]   CMR: <total>                     6739 us
[101.583s][info][gc,stats    ]   CMR: Thread Roots                6536 us, workers (us): 6536, ---, ---, 
[101.583s][info][gc,stats    ]   CMR: VM Strong Roots               25 us, workers (us):  25, ---, ---, 
[101.583s][info][gc,stats    ]   CMR: CLDG Roots                   178 us, workers (us): 178, ---, ---, 
[101.583s][info][gc,stats    ] Concurrent Marking                54136 us
[101.583s][info][gc,stats    ] Pause Final Mark (G)                644 us
[101.583s][info][gc,stats    ] Pause Final Mark (N)                508 us
[101.583s][info][gc,stats    ]   Finish Mark                        96 us
[101.583s][info][gc,stats    ]   Update Region States               73 us
[101.583s][info][gc,stats    ]   Choose Collection Set             161 us
[101.583s][info][gc,stats    ]   Rebuild Free Set                   24 us
[101.583s][info][gc,stats    ] Concurrent Thread Roots            6794 us, parallelism: 0.98x
[101.583s][info][gc,stats    ]   CTR: <total>                     6649 us
[101.583s][info][gc,stats    ]   CTR: Thread Roots                6649 us, workers (us): 6649, ---, ---, 
[101.583s][info][gc,stats    ] Concurrent Weak References         1089 us, parallelism: 0.85x
[101.583s][info][gc,stats    ]   CWRF: <total>                     930 us
[101.583s][info][gc,stats    ]   CWRF: Weak References             930 us, workers (us): 930, ---, ---, 
[101.583s][info][gc,stats    ] Concurrent Weak Roots              9261 us
[101.583s][info][gc,stats    ]   Roots                            9040 us, parallelism: 0.99x
[101.583s][info][gc,stats    ]     CWR: <total>                   8984 us
[101.583s][info][gc,stats    ]     CWR: Code Cache Roots          8177 us, workers (us): 8177, ---, ---, 
[101.583s][info][gc,stats    ]     CWR: VM Weak Roots              731 us, workers (us): 731, ---, ---, 
[101.583s][info][gc,stats    ]     CWR: CLDG Roots                  77 us, workers (us):  77, ---, ---, 
[101.583s][info][gc,stats    ]   Rendezvous                        165 us
[101.583s][info][gc,stats    ] Concurrent Cleanup                   47 us
[101.583s][info][gc,stats    ] Concurrent Class Unloading        48864 us
[101.583s][info][gc,stats    ]   Unlink Stale                    46144 us
[101.583s][info][gc,stats    ]     System Dictionary              1816 us
[101.583s][info][gc,stats    ]     Weak Class Links              17552 us
[101.583s][info][gc,stats    ]     Code Roots                    26775 us
[101.583s][info][gc,stats    ]   Rendezvous                        271 us
[101.583s][info][gc,stats    ]   Purge Unlinked                   2379 us
[101.583s][info][gc,stats    ]     Code Roots                     1325 us
[101.583s][info][gc,stats    ]     CLDG                           1054 us
[101.583s][info][gc,stats    ]     Exception Caches                  0 us
[101.583s][info][gc,stats    ] Concurrent Strong Roots             370 us, parallelism: 0.59x
[101.583s][info][gc,stats    ]   CSR: <total>                      219 us
[101.583s][info][gc,stats    ]   CSR: VM Strong Roots                8 us, workers (us):   8, ---, ---, 
[101.583s][info][gc,stats    ]   CSR: CLDG Roots                   211 us, workers (us): 211, ---, ---, 
[101.584s][info][gc,stats    ] Concurrent Evacuation              6906 us
[101.584s][info][gc,stats    ] Pause Init Update Refs (G)          304 us
[101.584s][info][gc,stats    ] Pause Init Update Refs (N)          168 us
[101.584s][info][gc,stats    ]   Manage GCLABs                      45 us
[101.584s][info][gc,stats    ] Concurrent Update Refs            23273 us
[101.584s][info][gc,stats    ] Concurrent Update Thread Roots     7550 us
[101.584s][info][gc,stats    ] Pause Final Update Refs (G)         255 us
[101.584s][info][gc,stats    ] Pause Final Update Refs (N)         192 us
[101.584s][info][gc,stats    ]   Update Region States               85 us
[101.584s][info][gc,stats    ]   Trash Collection Set               11 us
[101.584s][info][gc,stats    ]   Rebuild Free Set                   21 us
[101.584s][info][gc,stats    ] Concurrent Cleanup                   99 us
[101.584s][info][gc,stats    ] 
[101.584s][info][gc,stats    ] Allocation pacing accrued:
[101.584s][info][gc,stats    ]       0 of  1137 ms (  0.0%): <total>
[101.584s][info][gc,stats    ]       0 of  1137 ms (  0.0%): <average total>
[101.584s][info][gc,stats    ] 
[101.584s][info][gc,metaspace] Metaspace: 156015K(157248K)->154980K(157120K) NonClass: 137961K(138560K)->137097K(138496K) Class: 18053K(18688K)->17882K(18624K)
[101.584s][info][gc,ergo     ] Pacer for Idle. Initial: 163M, Alloc Tax Rate: 1.0x
[101.915s][info][gc          ] Trigger: Learning 2 of 5. Free (5635M) is below initial threshold (5734M)
[101.915s][info][gc,ergo     ] Free: 5635M, Max: 4096K regular, 5224M humongous, Frag: 8% external, 0% internal; Reserve: 412M, Max: 4096K
[101.915s][info][gc,start    ] GC(91) Concurrent reset
[101.915s][info][gc,task     ] GC(91) Using 1 of 3 workers for concurrent reset
[101.915s][info][gc,ergo     ] GC(91) Pacer for Reset. Non-Taxable: 8192M
[101.929s][info][gc          ] GC(91) Concurrent reset 14.133ms
[101.929s][info][gc,start    ] GC(91) Pause Init Mark (unload classes)
[101.929s][info][gc,task     ] GC(91) Using 3 of 3 workers for init marking
[101.929s][info][gc,ergo     ] GC(91) Pacer for Mark. Expected Live: 140M, Free: 5539M, Non-Taxable: 553M, Alloc Tax Rate: 0.0x
[101.929s][info][gc          ] GC(91) Pause Init Mark (unload classes) 0.130ms
[101.930s][info][gc,start    ] GC(91) Concurrent marking roots
[101.930s][info][gc,task     ] GC(91) Using 1 of 3 workers for concurrent marking roots
[101.939s][info][gc          ] GC(91) Concurrent marking roots 9.117ms
[101.939s][info][gc,start    ] GC(91) Concurrent marking (unload classes)
[101.939s][info][gc,task     ] GC(91) Using 1 of 3 workers for concurrent marking
[102.017s][info][gc          ] GC(91) Concurrent marking (unload classes) 78.499ms
[102.017s][info][gc,start    ] GC(91) Pause Final Mark (unload classes)
[102.018s][info][gc,task     ] GC(91) Using 3 of 3 workers for final marking
[102.018s][info][gc,ergo     ] GC(91) Adaptive CSet Selection. Target Free: 1160M, Actual Free: 6581M, Max CSet: 341M, Min Garbage: 0B
[102.018s][info][gc,ergo     ] GC(91) Collectable Garbage: 2029M (99%), Immediate: 945M (46%), CSet: 1083M (53%)
[102.018s][info][gc,ergo     ] GC(91) Pacer for Evacuation. Used CSet: 1145M, Free: 6204M, Non-Taxable: 620M, Alloc Tax Rate: 1.1x
[102.018s][info][gc          ] GC(91) Pause Final Mark (unload classes) 0.273ms
[102.018s][info][gc,start    ] GC(91) Concurrent thread roots
[102.018s][info][gc,task     ] GC(91) Using 1 of 3 workers for Concurrent thread roots
[102.025s][info][gc          ] GC(91) Concurrent thread roots 7.211ms
[102.025s][info][gc,start    ] GC(91) Concurrent weak references
[102.025s][info][gc,task     ] GC(91) Using 1 of 3 workers for concurrent weak references
[102.026s][info][gc,ref      ] GC(91) Encountered references: Soft: 3713, Weak: 14972, Final: 53, Phantom: 598
[102.026s][info][gc,ref      ] GC(91) Discovered  references: Soft: 0, Weak: 8275, Final: 0, Phantom: 278
[102.026s][info][gc,ref      ] GC(91) Enqueued    references: Soft: 0, Weak: 211, Final: 0, Phantom: 0
[102.026s][info][gc          ] GC(91) Concurrent weak references 0.791ms
[102.026s][info][gc,start    ] GC(91) Concurrent weak roots
[102.026s][info][gc,task     ] GC(91) Using 1 of 3 workers for concurrent weak root
[102.034s][info][gc          ] GC(91) Concurrent weak roots 8.432ms
[102.034s][info][gc,start    ] GC(91) Concurrent cleanup
[102.034s][info][gc          ] GC(91) Concurrent cleanup 2585M->1640M(8192M) 0.083ms
[102.034s][info][gc,ergo     ] GC(91) Free: 6123M, Max: 4096K regular, 5144M humongous, Frag: 16% external, 0% internal; Reserve: 410M, Max: 4096K
[102.034s][info][gc,start    ] GC(91) Concurrent class unloading
[102.035s][info][gc,task     ] GC(91) Using 1 of 3 workers for concurrent class unloading
[102.087s][info][gc          ] GC(91) Concurrent class unloading 52.425ms
[102.087s][info][gc,start    ] GC(91) Concurrent strong roots
[102.087s][info][gc,task     ] GC(91) Using 1 of 3 workers for concurrent strong root
[102.087s][info][gc          ] GC(91) Concurrent strong roots 0.441ms
[102.087s][info][gc,start    ] GC(91) Concurrent evacuation
[102.087s][info][gc,task     ] GC(91) Using 1 of 3 workers for concurrent evacuation
[102.097s][info][gc          ] GC(91) Concurrent evacuation 9.232ms
[102.097s][info][gc,start    ] GC(91) Pause Init Update Refs
[102.097s][info][gc,ergo     ] GC(91) Pacer for Update Refs. Used: 1771M, Free: 6052M, Non-Taxable: 605M, Alloc Tax Rate: 1.1x
[102.097s][info][gc          ] GC(91) Pause Init Update Refs 0.068ms
[102.097s][info][gc,start    ] GC(91) Concurrent update references
[102.097s][info][gc,task     ] GC(91) Using 1 of 3 workers for concurrent reference update
[102.165s][info][gc          ] GC(91) Concurrent update references 67.714ms
[102.165s][info][gc,start    ] GC(91) Concurrent update thread roots
[102.172s][info][gc          ] GC(91) Concurrent update thread roots 6.898ms
[102.172s][info][gc,start    ] GC(91) Pause Final Update Refs
[102.172s][info][gc,task     ] GC(91) Using 3 of 3 workers for final reference update
[102.172s][info][gc          ] GC(91) Pause Final Update Refs 0.124ms
[102.172s][info][gc,start    ] GC(91) Concurrent cleanup
[102.172s][info][gc          ] GC(91) Concurrent cleanup 1837M->692M(8192M) 0.064ms
[102.172s][info][gc,ergo     ] Free: 7043M, Max: 4096K regular, 5076M humongous, Frag: 28% external, 0% internal; Reserve: 412M, Max: 4096K
[102.172s][info][gc,stats    ] 
[102.172s][info][gc,stats    ] All times are wall-clock times, except per-root-class counters, that are sum over
[102.172s][info][gc,stats    ] all workers. Dividing the <total> over the root stage time estimates parallelism.
[102.172s][info][gc,stats    ] 
[102.172s][info][gc,stats    ] Concurrent Reset                  14259 us
[102.172s][info][gc,stats    ] Pause Init Mark (G)                 398 us
[102.172s][info][gc,stats    ] Pause Init Mark (N)                 138 us
[102.172s][info][gc,stats    ]   Update Region States               49 us
[102.172s][info][gc,stats    ] Concurrent Mark Roots              9251 us, parallelism: 0.94x
[102.172s][info][gc,stats    ]   CMR: <total>                     8722 us
[102.172s][info][gc,stats    ]   CMR: Thread Roots                8560 us, workers (us): 8560, ---, ---, 
[102.172s][info][gc,stats    ]   CMR: VM Strong Roots               24 us, workers (us):  24, ---, ---, 
[102.172s][info][gc,stats    ]   CMR: CLDG Roots                   139 us, workers (us): 139, ---, ---, 
[102.172s][info][gc,stats    ] Concurrent Marking                78536 us
[102.172s][info][gc,stats    ] Pause Final Mark (G)                485 us
[102.172s][info][gc,stats    ] Pause Final Mark (N)                282 us
[102.172s][info][gc,stats    ]   Finish Mark                        92 us
[102.172s][info][gc,stats    ]   Update Region States               33 us
[102.172s][info][gc,stats    ]   Choose Collection Set              74 us
[102.172s][info][gc,stats    ]   Rebuild Free Set                    9 us
[102.172s][info][gc,stats    ] Concurrent Thread Roots            7263 us, parallelism: 0.98x
[102.172s][info][gc,stats    ]   CTR: <total>                     7150 us
[102.172s][info][gc,stats    ]   CTR: Thread Roots                7150 us, workers (us): 7150, ---, ---, 
[102.172s][info][gc,stats    ] Concurrent Weak References          801 us, parallelism: 0.83x
[102.172s][info][gc,stats    ]   CWRF: <total>                     664 us
[102.172s][info][gc,stats    ]   CWRF: Weak References             664 us, workers (us): 664, ---, ---, 
[102.172s][info][gc,stats    ] Concurrent Weak Roots              8495 us
[102.172s][info][gc,stats    ]   Roots                            8168 us, parallelism: 0.99x
[102.172s][info][gc,stats    ]     CWR: <total>                   8115 us
[102.172s][info][gc,stats    ]     CWR: Code Cache Roots          6765 us, workers (us): 6765, ---, ---, 
[102.172s][info][gc,stats    ]     CWR: VM Weak Roots             1234 us, workers (us): 1234, ---, ---, 
[102.172s][info][gc,stats    ]     CWR: CLDG Roots                 117 us, workers (us): 117, ---, ---, 
[102.172s][info][gc,stats    ]   Rendezvous                        242 us
[102.172s][info][gc,stats    ] Concurrent Cleanup                  102 us
[102.172s][info][gc,stats    ] Concurrent Class Unloading        52489 us
[102.172s][info][gc,stats    ]   Unlink Stale                    50671 us
[102.172s][info][gc,stats    ]     System Dictionary               537 us
[102.172s][info][gc,stats    ]     Weak Class Links              16274 us
[102.172s][info][gc,stats    ]     Code Roots                    33857 us
[102.172s][info][gc,stats    ]   Rendezvous                        288 us
[102.172s][info][gc,stats    ]   Purge Unlinked                   1429 us
[102.172s][info][gc,stats    ]     Code Roots                     1342 us
[102.172s][info][gc,stats    ]     CLDG                             86 us
[102.172s][info][gc,stats    ]     Exception Caches                  0 us
[102.172s][info][gc,stats    ] Concurrent Strong Roots             455 us, parallelism: 0.65x
[102.172s][info][gc,stats    ]   CSR: <total>                      298 us
[102.173s][info][gc,stats    ]   CSR: VM Strong Roots                7 us, workers (us):   7, ---, ---, 
[102.173s][info][gc,stats    ]   CSR: CLDG Roots                   290 us, workers (us): 290, ---, ---, 
[102.173s][info][gc,stats    ] Concurrent Evacuation              9321 us
[102.173s][info][gc,stats    ] Pause Init Update Refs (G)          203 us
[102.173s][info][gc,stats    ] Pause Init Update Refs (N)           77 us
[102.173s][info][gc,stats    ]   Manage GCLABs                      15 us
[102.173s][info][gc,stats    ] Concurrent Update Refs            67774 us
[102.173s][info][gc,stats    ] Concurrent Update Thread Roots     6962 us
[102.173s][info][gc,stats    ] Pause Final Update Refs (G)         228 us
[102.173s][info][gc,stats    ] Pause Final Update Refs (N)         135 us
[102.173s][info][gc,stats    ]   Update Region States               46 us
[102.173s][info][gc,stats    ]   Trash Collection Set                8 us
[102.173s][info][gc,stats    ]   Rebuild Free Set                   18 us
[102.173s][info][gc,stats    ] Concurrent Cleanup                   83 us
[102.173s][info][gc,stats    ] 
[102.173s][info][gc,stats    ] Allocation pacing accrued:
[102.173s][info][gc,stats    ]       0 of   589 ms (  0.0%): <total>
[102.173s][info][gc,stats    ]       0 of   589 ms (  0.0%): <average total>
[102.173s][info][gc,stats    ] 
[102.173s][info][gc,metaspace] Metaspace: 155866K(157120K)->155902K(157120K) NonClass: 137840K(138496K)->137870K(138496K) Class: 18026K(18624K)->18031K(18624K)
[102.173s][info][gc,ergo     ] Pacer for Idle. Initial: 163M, Alloc Tax Rate: 1.0x
[103.141s][info][gc          ] Trigger: Explicit GC request (System.gc())
[103.142s][info][gc,ergo     ] Free: 5885M, Max: 4096K regular, 5076M humongous, Frag: 14% external, 0% internal; Reserve: 412M, Max: 4096K
[103.142s][info][gc,start    ] GC(92) Concurrent reset
[103.142s][info][gc,task     ] GC(92) Using 1 of 3 workers for concurrent reset
[103.142s][info][gc,ergo     ] GC(92) Pacer for Reset. Non-Taxable: 8192M
[103.147s][info][gc          ] GC(92) Concurrent reset 5.864ms
[103.148s][info][gc,start    ] GC(92) Pause Init Mark (unload classes)
[103.148s][info][gc,task     ] GC(92) Using 3 of 3 workers for init marking
[103.148s][info][gc,ref      ] GC(92) Clearing All SoftReferences
[103.148s][info][gc,ergo     ] GC(92) Pacer for Mark. Expected Live: 151M, Free: 5885M, Non-Taxable: 588M, Alloc Tax Rate: 0.0x
[103.148s][info][gc          ] GC(92) Pause Init Mark (unload classes) 0.137ms
[103.148s][info][gc,start    ] GC(92) Concurrent marking roots
[103.148s][info][gc,task     ] GC(92) Using 1 of 3 workers for concurrent marking roots
[103.155s][info][gc          ] GC(92) Concurrent marking roots 7.142ms
[103.155s][info][gc,start    ] GC(92) Concurrent marking (unload classes)
[103.155s][info][gc,task     ] GC(92) Using 1 of 3 workers for concurrent marking
[103.207s][info][gc          ] GC(92) Concurrent marking (unload classes) 52.381ms
[103.207s][info][gc,start    ] GC(92) Pause Final Mark (unload classes)
[103.208s][info][gc,task     ] GC(92) Using 3 of 3 workers for final marking
[103.208s][info][gc,ergo     ] GC(92) Adaptive CSet Selection. Target Free: 1160M, Actual Free: 6854M, Max CSet: 341M, Min Garbage: 0B
[103.208s][info][gc,ergo     ] GC(92) Collectable Garbage: 1490M (99%), Immediate: 566M (37%), CSet: 924M (61%)
[103.208s][info][gc,ergo     ] GC(92) Pacer for Evacuation. Used CSet: 932M, Free: 6719M, Non-Taxable: 671M, Alloc Tax Rate: 1.1x
[103.208s][info][gc          ] GC(92) Pause Final Mark (unload classes) 0.577ms
[103.208s][info][gc,start    ] GC(92) Concurrent thread roots
[103.208s][info][gc,task     ] GC(92) Using 1 of 3 workers for Concurrent thread roots
[103.215s][info][gc          ] GC(92) Concurrent thread roots 7.231ms
[103.215s][info][gc,start    ] GC(92) Concurrent weak references
[103.215s][info][gc,task     ] GC(92) Using 1 of 3 workers for concurrent weak references
[103.216s][info][gc,ref      ] GC(92) Encountered references: Soft: 3585, Weak: 17951, Final: 53, Phantom: 598
[103.216s][info][gc,ref      ] GC(92) Discovered  references: Soft: 1313, Weak: 6867, Final: 0, Phantom: 278
[103.216s][info][gc,ref      ] GC(92) Enqueued    references: Soft: 848, Weak: 3400, Final: 0, Phantom: 0
[103.216s][info][gc          ] GC(92) Concurrent weak references 1.061ms
[103.216s][info][gc,start    ] GC(92) Concurrent weak roots
[103.216s][info][gc,task     ] GC(92) Using 1 of 3 workers for concurrent weak root
[103.226s][info][gc          ] GC(92) Concurrent weak roots 9.493ms
[103.226s][info][gc,start    ] GC(92) Concurrent cleanup
[103.226s][info][gc          ] GC(92) Concurrent cleanup 1996M->1433M(8192M) 0.041ms
[103.226s][info][gc,ergo     ] GC(92) Free: 6340M, Max: 4096K regular, 5124M humongous, Frag: 20% external, 0% internal; Reserve: 410M, Max: 4096K
[103.226s][info][gc,start    ] GC(92) Concurrent class unloading
[103.226s][info][gc,task     ] GC(92) Using 1 of 3 workers for concurrent class unloading
[103.275s][info][gc          ] GC(92) Concurrent class unloading 48.671ms
[103.275s][info][gc,start    ] GC(92) Concurrent strong roots
[103.275s][info][gc,task     ] GC(92) Using 1 of 3 workers for concurrent strong root
[103.275s][info][gc          ] GC(92) Concurrent strong roots 0.325ms
[103.275s][info][gc,start    ] GC(92) Concurrent evacuation
[103.275s][info][gc,task     ] GC(92) Using 1 of 3 workers for concurrent evacuation
[103.280s][info][gc          ] GC(92) Concurrent evacuation 5.024ms
[103.280s][info][gc,start    ] GC(92) Pause Init Update Refs
[103.280s][info][gc,ergo     ] GC(92) Pacer for Update Refs. Used: 1580M, Free: 6203M, Non-Taxable: 620M, Alloc Tax Rate: 1.1x
[103.280s][info][gc          ] GC(92) Pause Init Update Refs 0.142ms
[103.281s][info][gc,start    ] GC(92) Concurrent update references
[103.281s][info][gc,task     ] GC(92) Using 1 of 3 workers for concurrent reference update
[103.304s][info][gc          ] GC(92) Concurrent update references 23.019ms
[103.304s][info][gc,start    ] GC(92) Concurrent update thread roots
[103.311s][info][gc          ] GC(92) Concurrent update thread roots 7.560ms
[103.311s][info][gc,start    ] GC(92) Pause Final Update Refs
[103.311s][info][gc,task     ] GC(92) Using 3 of 3 workers for final reference update
[103.311s][info][gc          ] GC(92) Pause Final Update Refs 0.167ms
[103.312s][info][gc,start    ] GC(92) Concurrent cleanup
[103.312s][info][gc          ] GC(92) Concurrent cleanup 1580M->648M(8192M) 0.101ms
[103.312s][info][gc,ergo     ] Free: 7131M, Max: 4096K regular, 5220M humongous, Frag: 27% external, 0% internal; Reserve: 412M, Max: 4096K
[103.312s][info][gc,stats    ] 
[103.312s][info][gc,stats    ] All times are wall-clock times, except per-root-class counters, that are sum over
[103.312s][info][gc,stats    ] all workers. Dividing the <total> over the root stage time estimates parallelism.
[103.312s][info][gc,stats    ] 
[103.312s][info][gc,stats    ] Concurrent Reset                   5918 us
[103.312s][info][gc,stats    ] Pause Init Mark (G)                 281 us
[103.312s][info][gc,stats    ] Pause Init Mark (N)                 145 us
[103.312s][info][gc,stats    ]   Update Region States               54 us
[103.312s][info][gc,stats    ] Concurrent Mark Roots              7187 us, parallelism: 0.96x
[103.312s][info][gc,stats    ]   CMR: <total>                     6933 us
[103.312s][info][gc,stats    ]   CMR: Thread Roots                6840 us, workers (us): 6840, ---, ---, 
[103.312s][info][gc,stats    ]   CMR: VM Strong Roots               14 us, workers (us):  14, ---, ---, 
[103.312s][info][gc,stats    ]   CMR: CLDG Roots                    79 us, workers (us):  79, ---, ---, 
[103.312s][info][gc,stats    ] Concurrent Marking                52446 us
[103.312s][info][gc,stats    ] Pause Final Mark (G)                705 us
[103.312s][info][gc,stats    ] Pause Final Mark (N)                598 us
[103.312s][info][gc,stats    ]   Finish Mark                       199 us
[103.312s][info][gc,stats    ]   Update Region States               61 us
[103.312s][info][gc,stats    ]   Choose Collection Set             160 us
[103.312s][info][gc,stats    ]   Rebuild Free Set                   25 us
[103.312s][info][gc,stats    ] Concurrent Thread Roots            7278 us, parallelism: 0.97x
[103.312s][info][gc,stats    ]   CTR: <total>                     7074 us
[103.312s][info][gc,stats    ]   CTR: Thread Roots                7074 us, workers (us): 7074, ---, ---, 
[103.312s][info][gc,stats    ] Concurrent Weak References         1069 us, parallelism: 0.89x
[103.312s][info][gc,stats    ]   CWRF: <total>                     947 us
[103.312s][info][gc,stats    ]   CWRF: Weak References             947 us, workers (us): 947, ---, ---, 
[103.312s][info][gc,stats    ] Concurrent Weak Roots              9543 us
[103.312s][info][gc,stats    ]   Roots                            9321 us, parallelism: 0.99x
[103.312s][info][gc,stats    ]     CWR: <total>                   9272 us
[103.312s][info][gc,stats    ]     CWR: Code Cache Roots          8433 us, workers (us): 8433, ---, ---, 
[103.312s][info][gc,stats    ]     CWR: VM Weak Roots              750 us, workers (us): 750, ---, ---, 
[103.312s][info][gc,stats    ]     CWR: CLDG Roots                  90 us, workers (us):  90, ---, ---, 
[103.312s][info][gc,stats    ]   Rendezvous                        153 us
[103.312s][info][gc,stats    ] Concurrent Cleanup                   51 us
[103.312s][info][gc,stats    ] Concurrent Class Unloading        48718 us
[103.312s][info][gc,stats    ]   Unlink Stale                    45999 us
[103.312s][info][gc,stats    ]     System Dictionary              1826 us
[103.312s][info][gc,stats    ]     Weak Class Links              17727 us
[103.312s][info][gc,stats    ]     Code Roots                    26443 us
[103.312s][info][gc,stats    ]   Rendezvous                        252 us
[103.312s][info][gc,stats    ]   Purge Unlinked                   2401 us
[103.313s][info][gc,stats    ]     Code Roots                     1381 us
[103.313s][info][gc,stats    ]     CLDG                           1019 us
[103.313s][info][gc,stats    ]     Exception Caches                  0 us
[103.313s][info][gc,stats    ] Concurrent Strong Roots             343 us, parallelism: 0.64x
[103.313s][info][gc,stats    ]   CSR: <total>                      220 us
[103.313s][info][gc,stats    ]   CSR: VM Strong Roots                8 us, workers (us):   8, ---, ---, 
[103.313s][info][gc,stats    ]   CSR: CLDG Roots                   212 us, workers (us): 212, ---, ---, 
[103.313s][info][gc,stats    ] Concurrent Evacuation              5092 us
[103.313s][info][gc,stats    ] Pause Init Update Refs (G)          300 us
[103.313s][info][gc,stats    ] Pause Init Update Refs (N)          164 us
[103.313s][info][gc,stats    ]   Manage GCLABs                      45 us
[103.313s][info][gc,stats    ] Concurrent Update Refs            23087 us
[103.313s][info][gc,stats    ] Concurrent Update Thread Roots     7608 us
[103.313s][info][gc,stats    ] Pause Final Update Refs (G)         291 us
[103.313s][info][gc,stats    ] Pause Final Update Refs (N)         186 us
[103.313s][info][gc,stats    ]   Update Region States               75 us
[103.313s][info][gc,stats    ]   Trash Collection Set               11 us
[103.313s][info][gc,stats    ]   Rebuild Free Set                   20 us
[103.313s][info][gc,stats    ] Concurrent Cleanup                  128 us
[103.313s][info][gc,stats    ] 
[103.313s][info][gc,stats    ] Allocation pacing accrued:
[103.313s][info][gc,stats    ]       0 of  1140 ms (  0.0%): <total>
[103.313s][info][gc,stats    ]       0 of  1140 ms (  0.0%): <average total>
[103.313s][info][gc,stats    ] 
[103.313s][info][gc,metaspace] Metaspace: 156122K(157376K)->155091K(157184K) NonClass: 138068K(138688K)->137208K(138560K) Class: 18053K(18688K)->17882K(18624K)
[103.313s][info][gc,ergo     ] Pacer for Idle. Initial: 163M, Alloc Tax Rate: 1.0x
[103.683s][info][gc          ] Trigger: Learning 2 of 5. Free (5643M) is below initial threshold (5734M)
[103.684s][info][gc,ergo     ] Free: 5643M, Max: 4096K regular, 5220M humongous, Frag: 8% external, 0% internal; Reserve: 412M, Max: 4096K
[103.684s][info][gc,start    ] GC(93) Concurrent reset
[103.684s][info][gc,task     ] GC(93) Using 1 of 3 workers for concurrent reset
[103.684s][info][gc,ergo     ] GC(93) Pacer for Reset. Non-Taxable: 8192M
[103.697s][info][gc          ] GC(93) Concurrent reset 13.836ms
[103.698s][info][gc,start    ] GC(93) Pause Init Mark (unload classes)
[103.698s][info][gc,task     ] GC(93) Using 3 of 3 workers for init marking
[103.698s][info][gc,ergo     ] GC(93) Pacer for Mark. Expected Live: 141M, Free: 5547M, Non-Taxable: 554M, Alloc Tax Rate: 0.0x
[103.698s][info][gc          ] GC(93) Pause Init Mark (unload classes) 0.154ms
[103.699s][info][gc,start    ] GC(93) Concurrent marking roots
[103.699s][info][gc,task     ] GC(93) Using 1 of 3 workers for concurrent marking roots
[103.708s][info][gc          ] GC(93) Concurrent marking roots 9.032ms
[103.708s][info][gc,start    ] GC(93) Concurrent marking (unload classes)
[103.708s][info][gc,task     ] GC(93) Using 1 of 3 workers for concurrent marking
[103.779s][info][gc          ] GC(93) Concurrent marking (unload classes) 70.869ms
[103.779s][info][gc,start    ] GC(93) Pause Final Mark (unload classes)
[103.779s][info][gc,task     ] GC(93) Using 3 of 3 workers for final marking
[103.779s][info][gc,ergo     ] GC(93) Adaptive CSet Selection. Target Free: 1160M, Actual Free: 6551M, Max CSet: 341M, Min Garbage: 0B
[103.779s][info][gc,ergo     ] GC(93) Collectable Garbage: 2017M (99%), Immediate: 915M (45%), CSet: 1102M (54%)
[103.779s][info][gc,ergo     ] GC(93) Pacer for Evacuation. Used CSet: 1165M, Free: 6178M, Non-Taxable: 617M, Alloc Tax Rate: 1.1x
[103.779s][info][gc          ] GC(93) Pause Final Mark (unload classes) 0.227ms
[103.788s][info][gc,start    ] GC(93) Concurrent thread roots
[103.788s][info][gc,task     ] GC(93) Using 1 of 3 workers for Concurrent thread roots
[103.796s][info][gc          ] GC(93) Concurrent thread roots 7.534ms
[103.796s][info][gc,start    ] GC(93) Concurrent weak references
[103.796s][info][gc,task     ] GC(93) Using 1 of 3 workers for concurrent weak references
[103.796s][info][gc,ref      ] GC(93) Encountered references: Soft: 3713, Weak: 14970, Final: 53, Phantom: 598
[103.796s][info][gc,ref      ] GC(93) Discovered  references: Soft: 0, Weak: 7101, Final: 0, Phantom: 278
[103.796s][info][gc,ref      ] GC(93) Enqueued    references: Soft: 0, Weak: 212, Final: 0, Phantom: 0
[103.796s][info][gc          ] GC(93) Concurrent weak references 0.521ms
[103.796s][info][gc,start    ] GC(93) Concurrent weak roots
[103.796s][info][gc,task     ] GC(93) Using 1 of 3 workers for concurrent weak root
[103.805s][info][gc          ] GC(93) Concurrent weak roots 8.576ms
[103.805s][info][gc,start    ] GC(93) Concurrent cleanup
[103.805s][info][gc          ] GC(93) Concurrent cleanup 2660M->1745M(8192M) 0.037ms
[103.805s][info][gc,ergo     ] GC(93) Free: 6079M, Max: 4096K regular, 5128M humongous, Frag: 16% external, 0% internal; Reserve: 347M, Max: 4096K
[103.805s][info][gc,start    ] GC(93) Concurrent class unloading
[103.805s][info][gc,task     ] GC(93) Using 1 of 3 workers for concurrent class unloading
[103.853s][info][gc          ] GC(93) Concurrent class unloading 48.111ms
[103.853s][info][gc,start    ] GC(93) Concurrent strong roots
[103.853s][info][gc,task     ] GC(93) Using 1 of 3 workers for concurrent strong root
[103.853s][info][gc          ] GC(93) Concurrent strong roots 0.461ms
[103.853s][info][gc,start    ] GC(93) Concurrent evacuation
[103.853s][info][gc,task     ] GC(93) Using 1 of 3 workers for concurrent evacuation
[103.863s][info][gc          ] GC(93) Concurrent evacuation 9.986ms
[103.864s][info][gc,start    ] GC(93) Pause Init Update Refs
[103.864s][info][gc,ergo     ] GC(93) Pacer for Update Refs. Used: 1809M, Free: 6017M, Non-Taxable: 601M, Alloc Tax Rate: 1.1x
[103.864s][info][gc          ] GC(93) Pause Init Update Refs 0.093ms
[103.864s][info][gc,start    ] GC(93) Concurrent update references
[103.864s][info][gc,task     ] GC(93) Using 1 of 3 workers for concurrent reference update
[103.934s][info][gc          ] GC(93) Concurrent update references 70.580ms
[103.934s][info][gc,start    ] GC(93) Concurrent update thread roots
[103.941s][info][gc          ] GC(93) Concurrent update thread roots 6.458ms
[103.941s][info][gc,start    ] GC(93) Pause Final Update Refs
[103.941s][info][gc,task     ] GC(93) Using 3 of 3 workers for final reference update
[103.941s][info][gc          ] GC(93) Pause Final Update Refs 0.134ms
[103.941s][info][gc,start    ] GC(93) Concurrent cleanup
[103.941s][info][gc          ] GC(93) Concurrent cleanup 1879M->713M(8192M) 0.082ms
[103.941s][info][gc,ergo     ] Free: 7022M, Max: 4096K regular, 5060M humongous, Frag: 28% external, 0% internal; Reserve: 412M, Max: 4096K
[103.941s][info][gc,stats    ] 
[103.941s][info][gc,stats    ] All times are wall-clock times, except per-root-class counters, that are sum over
[103.941s][info][gc,stats    ] all workers. Dividing the <total> over the root stage time estimates parallelism.
[103.941s][info][gc,stats    ] 
[103.941s][info][gc,stats    ] Concurrent Reset                  13970 us
[103.941s][info][gc,stats    ] Pause Init Mark (G)                1393 us
[103.941s][info][gc,stats    ] Pause Init Mark (N)                 163 us
[103.941s][info][gc,stats    ]   Update Region States               63 us
[103.941s][info][gc,stats    ] Concurrent Mark Roots              9174 us, parallelism: 0.94x
[103.941s][info][gc,stats    ]   CMR: <total>                     8636 us
[103.941s][info][gc,stats    ]   CMR: Thread Roots                8483 us, workers (us): 8483, ---, ---, 
[103.941s][info][gc,stats    ]   CMR: VM Strong Roots               22 us, workers (us):  22, ---, ---, 
[103.941s][info][gc,stats    ]   CMR: CLDG Roots                   132 us, workers (us): 132, ---, ---, 
[103.941s][info][gc,stats    ] Concurrent Marking                70932 us
[103.941s][info][gc,stats    ] Pause Final Mark (G)               8922 us
[103.941s][info][gc,stats    ] Pause Final Mark (N)                235 us
[103.942s][info][gc,stats    ]   Finish Mark                        56 us
[103.942s][info][gc,stats    ]   Update Region States               31 us
[103.942s][info][gc,stats    ]   Choose Collection Set              67 us
[103.942s][info][gc,stats    ]   Rebuild Free Set                    9 us
[103.942s][info][gc,stats    ] Concurrent Thread Roots            7587 us, parallelism: 0.98x
[103.942s][info][gc,stats    ]   CTR: <total>                     7413 us
[103.942s][info][gc,stats    ]   CTR: Thread Roots                7413 us, workers (us): 7413, ---, ---, 
[103.942s][info][gc,stats    ] Concurrent Weak References          529 us, parallelism: 0.86x
[103.942s][info][gc,stats    ]   CWRF: <total>                     456 us
[103.942s][info][gc,stats    ]   CWRF: Weak References             456 us, workers (us): 456, ---, ---, 
[103.942s][info][gc,stats    ] Concurrent Weak Roots              8613 us
[103.942s][info][gc,stats    ]   Roots                            8401 us, parallelism: 0.99x
[103.942s][info][gc,stats    ]     CWR: <total>                   8355 us
[103.942s][info][gc,stats    ]     CWR: Code Cache Roots          7053 us, workers (us): 7053, ---, ---, 
[103.942s][info][gc,stats    ]     CWR: VM Weak Roots             1202 us, workers (us): 1202, ---, ---, 
[103.942s][info][gc,stats    ]     CWR: CLDG Roots                 100 us, workers (us): 100, ---, ---, 
[103.942s][info][gc,stats    ]   Rendezvous                        157 us
[103.942s][info][gc,stats    ] Concurrent Cleanup                   46 us
[103.942s][info][gc,stats    ] Concurrent Class Unloading        48160 us
[103.942s][info][gc,stats    ]   Unlink Stale                    46700 us
[103.942s][info][gc,stats    ]     System Dictionary               380 us
[103.942s][info][gc,stats    ]     Weak Class Links              16059 us
[103.942s][info][gc,stats    ]     Code Roots                    30259 us
[103.942s][info][gc,stats    ]   Rendezvous                        188 us
[103.942s][info][gc,stats    ]   Purge Unlinked                   1203 us
[103.942s][info][gc,stats    ]     Code Roots                     1132 us
[103.942s][info][gc,stats    ]     CLDG                             70 us
[103.942s][info][gc,stats    ]     Exception Caches                  0 us
[103.942s][info][gc,stats    ] Concurrent Strong Roots             480 us, parallelism: 0.75x
[103.942s][info][gc,stats    ]   CSR: <total>                      360 us
[103.942s][info][gc,stats    ]   CSR: VM Strong Roots                8 us, workers (us):   8, ---, ---, 
[103.942s][info][gc,stats    ]   CSR: CLDG Roots                   352 us, workers (us): 352, ---, ---, 
[103.942s][info][gc,stats    ] Concurrent Evacuation             10057 us
[103.942s][info][gc,stats    ] Pause Init Update Refs (G)          190 us
[103.942s][info][gc,stats    ] Pause Init Update Refs (N)          102 us
[103.942s][info][gc,stats    ]   Manage GCLABs                      27 us
[103.942s][info][gc,stats    ] Concurrent Update Refs            70635 us
[103.942s][info][gc,stats    ] Concurrent Update Thread Roots     6516 us
[103.942s][info][gc,stats    ] Pause Final Update Refs (G)         247 us
[103.942s][info][gc,stats    ] Pause Final Update Refs (N)         145 us
[103.942s][info][gc,stats    ]   Update Region States               56 us
[103.942s][info][gc,stats    ]   Trash Collection Set                9 us
[103.942s][info][gc,stats    ]   Rebuild Free Set                   18 us
[103.942s][info][gc,stats    ] Concurrent Cleanup                  103 us
[103.942s][info][gc,stats    ] 
[103.942s][info][gc,stats    ] Allocation pacing accrued:
[103.942s][info][gc,stats    ]       0 of   629 ms (  0.0%): <total>
[103.942s][info][gc,stats    ]       0 of   629 ms (  0.0%): <average total>
[103.942s][info][gc,stats    ] 
[103.942s][info][gc,metaspace] Metaspace: 155952K(157184K)->155976K(157184K) NonClass: 137923K(138560K)->137944K(138560K) Class: 18028K(18624K)->18031K(18624K)
[103.942s][info][gc,ergo     ] Pacer for Idle. Initial: 163M, Alloc Tax Rate: 1.0x
[104.892s][info][gc          ] Trigger: Explicit GC request (System.gc())
[104.892s][info][gc,ergo     ] Free: 5845M, Max: 4096K regular, 5060M humongous, Frag: 14% external, 0% internal; Reserve: 412M, Max: 4096K
[104.892s][info][gc,start    ] GC(94) Concurrent reset
[104.892s][info][gc,task     ] GC(94) Using 1 of 3 workers for concurrent reset
[104.892s][info][gc,ergo     ] GC(94) Pacer for Reset. Non-Taxable: 8192M
[104.897s][info][gc          ] GC(94) Concurrent reset 4.622ms
[104.897s][info][gc,start    ] GC(94) Pause Init Mark (unload classes)
[104.897s][info][gc,task     ] GC(94) Using 3 of 3 workers for init marking
[104.898s][info][gc,ref      ] GC(94) Clearing All SoftReferences
[104.898s][info][gc,ergo     ] GC(94) Pacer for Mark. Expected Live: 152M, Free: 5845M, Non-Taxable: 584M, Alloc Tax Rate: 0.0x
[104.898s][info][gc          ] GC(94) Pause Init Mark (unload classes) 0.244ms
[104.898s][info][gc,start    ] GC(94) Concurrent marking roots
[104.898s][info][gc,task     ] GC(94) Using 1 of 3 workers for concurrent marking roots
[104.905s][info][gc          ] GC(94) Concurrent marking roots 6.849ms
[104.905s][info][gc,start    ] GC(94) Concurrent marking (unload classes)
[104.905s][info][gc,task     ] GC(94) Using 1 of 3 workers for concurrent marking
[104.957s][info][gc          ] GC(94) Concurrent marking (unload classes) 52.865ms
[104.958s][info][gc,start    ] GC(94) Pause Final Mark (unload classes)
[104.958s][info][gc,task     ] GC(94) Using 3 of 3 workers for final marking
[104.958s][info][gc,ergo     ] GC(94) Adaptive CSet Selection. Target Free: 1160M, Actual Free: 6821M, Max CSet: 341M, Min Garbage: 0B
[104.958s][info][gc,ergo     ] GC(94) Collectable Garbage: 1525M (99%), Immediate: 573M (37%), CSet: 952M (62%)
[104.958s][info][gc,ergo     ] GC(94) Pacer for Evacuation. Used CSet: 959M, Free: 6687M, Non-Taxable: 668M, Alloc Tax Rate: 1.1x
[104.958s][info][gc          ] GC(94) Pause Final Mark (unload classes) 0.474ms
[104.958s][info][gc,start    ] GC(94) Concurrent thread roots
[104.958s][info][gc,task     ] GC(94) Using 1 of 3 workers for Concurrent thread roots
[104.965s][info][gc          ] GC(94) Concurrent thread roots 7.134ms
[104.965s][info][gc,start    ] GC(94) Concurrent weak references
[104.965s][info][gc,task     ] GC(94) Using 1 of 3 workers for concurrent weak references
[104.966s][info][gc,ref      ] GC(94) Encountered references: Soft: 3594, Weak: 17970, Final: 53, Phantom: 605
[104.966s][info][gc,ref      ] GC(94) Discovered  references: Soft: 1322, Weak: 6856, Final: 0, Phantom: 380
[104.966s][info][gc,ref      ] GC(94) Enqueued    references: Soft: 856, Weak: 3405, Final: 0, Phantom: 7
[104.966s][info][gc          ] GC(94) Concurrent weak references 0.787ms
[104.966s][info][gc,start    ] GC(94) Concurrent weak roots
[104.966s][info][gc,task     ] GC(94) Using 1 of 3 workers for concurrent weak root
[104.976s][info][gc          ] GC(94) Concurrent weak roots 9.526ms
[104.976s][info][gc,start    ] GC(94) Concurrent cleanup
[104.976s][info][gc          ] GC(94) Concurrent cleanup 2011M->1437M(8192M) 0.040ms
[104.976s][info][gc,ergo     ] GC(94) Free: 6331M, Max: 4096K regular, 5096M humongous, Frag: 20% external, 0% internal; Reserve: 410M, Max: 4096K
[104.976s][info][gc,start    ] GC(94) Concurrent class unloading
[104.976s][info][gc,task     ] GC(94) Using 1 of 3 workers for concurrent class unloading
[105.029s][info][gc          ] GC(94) Concurrent class unloading 52.834ms
[105.029s][info][gc,start    ] GC(94) Concurrent strong roots
[105.029s][info][gc,task     ] GC(94) Using 1 of 3 workers for concurrent strong root
[105.029s][info][gc          ] GC(94) Concurrent strong roots 0.374ms
[105.029s][info][gc,start    ] GC(94) Concurrent evacuation
[105.029s][info][gc,task     ] GC(94) Using 1 of 3 workers for concurrent evacuation
[105.034s][info][gc          ] GC(94) Concurrent evacuation 5.182ms
[105.034s][info][gc,start    ] GC(94) Pause Init Update Refs
[105.034s][info][gc,ergo     ] GC(94) Pacer for Update Refs. Used: 1595M, Free: 6179M, Non-Taxable: 617M, Alloc Tax Rate: 1.1x
[105.035s][info][gc          ] GC(94) Pause Init Update Refs 0.139ms
[105.035s][info][gc,start    ] GC(94) Concurrent update references
[105.035s][info][gc,task     ] GC(94) Using 1 of 3 workers for concurrent reference update
[105.057s][info][gc          ] GC(94) Concurrent update references 22.186ms
[105.057s][info][gc,start    ] GC(94) Concurrent update thread roots
[105.065s][info][gc          ] GC(94) Concurrent update thread roots 7.676ms
[105.065s][info][gc,start    ] GC(94) Pause Final Update Refs
[105.065s][info][gc,task     ] GC(94) Using 3 of 3 workers for final reference update
[105.065s][info][gc          ] GC(94) Pause Final Update Refs 0.169ms
[105.065s][info][gc,start    ] GC(94) Concurrent cleanup
[105.065s][info][gc          ] GC(94) Concurrent cleanup 1595M->636M(8192M) 0.102ms
[105.065s][info][gc,ergo     ] Free: 7143M, Max: 4096K regular, 5224M humongous, Frag: 27% external, 0% internal; Reserve: 412M, Max: 4096K
[105.065s][info][gc,stats    ] 
[105.065s][info][gc,stats    ] All times are wall-clock times, except per-root-class counters, that are sum over
[105.065s][info][gc,stats    ] all workers. Dividing the <total> over the root stage time estimates parallelism.
[105.065s][info][gc,stats    ] 
[105.065s][info][gc,stats    ] Concurrent Reset                   4689 us
[105.065s][info][gc,stats    ] Pause Init Mark (G)                 503 us
[105.065s][info][gc,stats    ] Pause Init Mark (N)                 265 us
[105.065s][info][gc,stats    ]   Update Region States               80 us
[105.065s][info][gc,stats    ] Concurrent Mark Roots              6897 us, parallelism: 0.96x
[105.065s][info][gc,stats    ]   CMR: <total>                     6636 us
[105.065s][info][gc,stats    ]   CMR: Thread Roots                6547 us, workers (us): 6547, ---, ---, 
[105.065s][info][gc,stats    ]   CMR: VM Strong Roots               14 us, workers (us):  14, ---, ---, 
[105.065s][info][gc,stats    ]   CMR: CLDG Roots                    75 us, workers (us):  75, ---, ---, 
[105.065s][info][gc,stats    ] Concurrent Marking                52930 us
[105.065s][info][gc,stats    ] Pause Final Mark (G)                631 us
[105.065s][info][gc,stats    ] Pause Final Mark (N)                496 us
[105.065s][info][gc,stats    ]   Finish Mark                        84 us
[105.065s][info][gc,stats    ]   Update Region States               53 us
[105.065s][info][gc,stats    ]   Choose Collection Set             177 us
[105.065s][info][gc,stats    ]   Rebuild Free Set                   25 us
[105.065s][info][gc,stats    ] Concurrent Thread Roots            7176 us, parallelism: 0.98x
[105.065s][info][gc,stats    ]   CTR: <total>                     7034 us
[105.065s][info][gc,stats    ]   CTR: Thread Roots                7034 us, workers (us): 7034, ---, ---, 
[105.065s][info][gc,stats    ] Concurrent Weak References          795 us, parallelism: 0.83x
[105.065s][info][gc,stats    ]   CWRF: <total>                     663 us
[105.065s][info][gc,stats    ]   CWRF: Weak References             663 us, workers (us): 663, ---, ---, 
[105.065s][info][gc,stats    ] Concurrent Weak Roots              9563 us
[105.065s][info][gc,stats    ]   Roots                            9329 us, parallelism: 1.00x
[105.065s][info][gc,stats    ]     CWR: <total>                   9294 us
[105.065s][info][gc,stats    ]     CWR: Code Cache Roots          7797 us, workers (us): 7797, ---, ---, 
[105.065s][info][gc,stats    ]     CWR: VM Weak Roots             1409 us, workers (us): 1409, ---, ---, 
[105.065s][info][gc,stats    ]     CWR: CLDG Roots                  88 us, workers (us):  88, ---, ---, 
[105.065s][info][gc,stats    ]   Rendezvous                        179 us
[105.065s][info][gc,stats    ] Concurrent Cleanup                   49 us
[105.065s][info][gc,stats    ] Concurrent Class Unloading        52898 us
[105.065s][info][gc,stats    ]   Unlink Stale                    50368 us
[105.065s][info][gc,stats    ]     System Dictionary              1804 us
[105.065s][info][gc,stats    ]     Weak Class Links              19690 us
[105.065s][info][gc,stats    ]     Code Roots                    28871 us
[105.065s][info][gc,stats    ]   Rendezvous                        207 us
[105.065s][info][gc,stats    ]   Purge Unlinked                   2238 us
[105.065s][info][gc,stats    ]     Code Roots                     1227 us
[105.065s][info][gc,stats    ]     CLDG                           1010 us
[105.065s][info][gc,stats    ]     Exception Caches                  0 us
[105.065s][info][gc,stats    ] Concurrent Strong Roots             393 us, parallelism: 0.60x
[105.065s][info][gc,stats    ]   CSR: <total>                      236 us
[105.065s][info][gc,stats    ]   CSR: VM Strong Roots                8 us, workers (us):   8, ---, ---, 
[105.065s][info][gc,stats    ]   CSR: CLDG Roots                   228 us, workers (us): 228, ---, ---, 
[105.065s][info][gc,stats    ] Concurrent Evacuation              5250 us
[105.065s][info][gc,stats    ] Pause Init Update Refs (G)          320 us
[105.065s][info][gc,stats    ] Pause Init Update Refs (N)          160 us
[105.065s][info][gc,stats    ]   Manage GCLABs                      40 us
[105.065s][info][gc,stats    ] Concurrent Update Refs            22252 us
[105.065s][info][gc,stats    ] Concurrent Update Thread Roots     7725 us
[105.065s][info][gc,stats    ] Pause Final Update Refs (G)         293 us
[105.065s][info][gc,stats    ] Pause Final Update Refs (N)         187 us
[105.065s][info][gc,stats    ]   Update Region States               75 us
[105.066s][info][gc,stats    ]   Trash Collection Set               11 us
[105.066s][info][gc,stats    ]   Rebuild Free Set                   19 us
[105.066s][info][gc,stats    ] Concurrent Cleanup                  128 us
[105.066s][info][gc,stats    ] 
[105.066s][info][gc,stats    ] Allocation pacing accrued:
[105.066s][info][gc,stats    ]       0 of  1124 ms (  0.0%): <total>
[105.066s][info][gc,stats    ]       0 of  1124 ms (  0.0%): <average total>
[105.066s][info][gc,stats    ] 
[105.066s][info][gc,metaspace] Metaspace: 156156K(157376K)->155126K(157248K) NonClass: 138096K(138688K)->137237K(138624K) Class: 18060K(18688K)->17888K(18624K)
[105.066s][info][gc,ergo     ] Pacer for Idle. Initial: 163M, Alloc Tax Rate: 1.0x
[105.394s][info][gc          ] Trigger: Learning 2 of 5. Free (5647M) is below initial threshold (5734M)
[105.395s][info][gc,ergo     ] Free: 5642M, Max: 4096K regular, 5224M humongous, Frag: 8% external, 0% internal; Reserve: 412M, Max: 4096K
[105.395s][info][gc,start    ] GC(95) Concurrent reset
[105.395s][info][gc,task     ] GC(95) Using 1 of 3 workers for concurrent reset
[105.395s][info][gc,ergo     ] GC(95) Pacer for Reset. Non-Taxable: 8192M
[105.409s][info][gc          ] GC(95) Concurrent reset 14.643ms
[105.410s][info][gc,start    ] GC(95) Pause Init Mark (unload classes)
[105.410s][info][gc,task     ] GC(95) Using 3 of 3 workers for init marking
[105.410s][info][gc,ergo     ] GC(95) Pacer for Mark. Expected Live: 142M, Free: 5535M, Non-Taxable: 553M, Alloc Tax Rate: 0.0x
[105.410s][info][gc          ] GC(95) Pause Init Mark (unload classes) 0.200ms
[105.410s][info][gc,start    ] GC(95) Concurrent marking roots
[105.410s][info][gc,task     ] GC(95) Using 1 of 3 workers for concurrent marking roots
[105.420s][info][gc          ] GC(95) Concurrent marking roots 9.530ms
[105.420s][info][gc,start    ] GC(95) Concurrent marking (unload classes)
[105.420s][info][gc,task     ] GC(95) Using 1 of 3 workers for concurrent marking
[105.490s][info][gc          ] GC(95) Concurrent marking (unload classes) 70.150ms
[105.490s][info][gc,start    ] GC(95) Pause Final Mark (unload classes)
[105.490s][info][gc,task     ] GC(95) Using 3 of 3 workers for final marking
[105.491s][info][gc,ergo     ] GC(95) Adaptive CSet Selection. Target Free: 1160M, Actual Free: 6629M, Max CSet: 341M, Min Garbage: 0B
[105.491s][info][gc,ergo     ] GC(95) Collectable Garbage: 2032M (99%), Immediate: 989M (48%), CSet: 1042M (51%)
[105.491s][info][gc,ergo     ] GC(95) Pacer for Evacuation. Used CSet: 1102M, Free: 6253M, Non-Taxable: 625M, Alloc Tax Rate: 1.1x
[105.491s][info][gc          ] GC(95) Pause Final Mark (unload classes) 0.253ms
[105.493s][info][gc,start    ] GC(95) Concurrent thread roots
[105.493s][info][gc,task     ] GC(95) Using 1 of 3 workers for Concurrent thread roots
[105.502s][info][gc          ] GC(95) Concurrent thread roots 8.366ms
[105.502s][info][gc,start    ] GC(95) Concurrent weak references
[105.502s][info][gc,task     ] GC(95) Using 1 of 3 workers for concurrent weak references
[105.502s][info][gc,ref      ] GC(95) Encountered references: Soft: 3714, Weak: 14987, Final: 53, Phantom: 598
[105.502s][info][gc,ref      ] GC(95) Discovered  references: Soft: 0, Weak: 2819, Final: 0, Phantom: 278
[105.502s][info][gc,ref      ] GC(95) Enqueued    references: Soft: 0, Weak: 211, Final: 0, Phantom: 0
[105.502s][info][gc          ] GC(95) Concurrent weak references 0.288ms
[105.502s][info][gc,start    ] GC(95) Concurrent weak roots
[105.502s][info][gc,task     ] GC(95) Using 1 of 3 workers for concurrent weak root
[105.509s][info][gc          ] GC(95) Concurrent weak roots 7.241ms
[105.509s][info][gc,start    ] GC(95) Concurrent cleanup
[105.509s][info][gc          ] GC(95) Concurrent cleanup 2635M->1645M(8192M) 0.042ms
[105.509s][info][gc,ergo     ] GC(95) Free: 6155M, Max: 4096K regular, 5132M humongous, Frag: 17% external, 0% internal; Reserve: 371M, Max: 4096K
[105.509s][info][gc,start    ] GC(95) Concurrent class unloading
[105.509s][info][gc,task     ] GC(95) Using 1 of 3 workers for concurrent class unloading
[105.560s][info][gc          ] GC(95) Concurrent class unloading 51.044ms
[105.560s][info][gc,start    ] GC(95) Concurrent strong roots
[105.560s][info][gc,task     ] GC(95) Using 1 of 3 workers for concurrent strong root
[105.561s][info][gc          ] GC(95) Concurrent strong roots 0.517ms
[105.561s][info][gc,start    ] GC(95) Concurrent evacuation
[105.561s][info][gc,task     ] GC(95) Using 1 of 3 workers for concurrent evacuation
[105.569s][info][gc          ] GC(95) Concurrent evacuation 7.938ms
[105.569s][info][gc,start    ] GC(95) Pause Init Update Refs
[105.569s][info][gc,ergo     ] GC(95) Pacer for Update Refs. Used: 1732M, Free: 6095M, Non-Taxable: 609M, Alloc Tax Rate: 1.1x
[105.569s][info][gc          ] GC(95) Pause Init Update Refs 0.094ms
[105.569s][info][gc,start    ] GC(95) Concurrent update references
[105.569s][info][gc,task     ] GC(95) Using 1 of 3 workers for concurrent reference update
[105.635s][info][gc          ] GC(95) Concurrent update references 66.276ms
[105.635s][info][gc,start    ] GC(95) Concurrent update thread roots
[105.642s][info][gc          ] GC(95) Concurrent update thread roots 6.582ms
[105.642s][info][gc,start    ] GC(95) Pause Final Update Refs
[105.642s][info][gc,task     ] GC(95) Using 3 of 3 workers for final reference update
[105.642s][info][gc          ] GC(95) Pause Final Update Refs 0.135ms
[105.642s][info][gc,start    ] GC(95) Concurrent cleanup
[105.642s][info][gc          ] GC(95) Concurrent cleanup 1780M->678M(8192M) 0.036ms
[105.642s][info][gc,ergo     ] Free: 7061M, Max: 4096K regular, 5056M humongous, Frag: 29% external, 0% internal; Reserve: 412M, Max: 4096K
[105.642s][info][gc,stats    ] 
[105.642s][info][gc,stats    ] All times are wall-clock times, except per-root-class counters, that are sum over
[105.642s][info][gc,stats    ] all workers. Dividing the <total> over the root stage time estimates parallelism.
[105.642s][info][gc,stats    ] 
[105.642s][info][gc,stats    ] Concurrent Reset                  14790 us
[105.642s][info][gc,stats    ] Pause Init Mark (G)                1061 us
[105.642s][info][gc,stats    ] Pause Init Mark (N)                 209 us
[105.642s][info][gc,stats    ]   Update Region States               88 us
[105.643s][info][gc,stats    ] Concurrent Mark Roots              9658 us, parallelism: 0.94x
[105.643s][info][gc,stats    ]   CMR: <total>                     9072 us
[105.643s][info][gc,stats    ]   CMR: Thread Roots                8905 us, workers (us): 8905, ---, ---, 
[105.643s][info][gc,stats    ]   CMR: VM Strong Roots               27 us, workers (us):  27, ---, ---, 
[105.643s][info][gc,stats    ]   CMR: CLDG Roots                   139 us, workers (us): 139, ---, ---, 
[105.643s][info][gc,stats    ] Concurrent Marking                70195 us
[105.643s][info][gc,stats    ] Pause Final Mark (G)               2838 us
[105.643s][info][gc,stats    ] Pause Final Mark (N)                261 us
[105.643s][info][gc,stats    ]   Finish Mark                        73 us
[105.643s][info][gc,stats    ]   Update Region States               38 us
[105.643s][info][gc,stats    ]   Choose Collection Set              73 us
[105.643s][info][gc,stats    ]   Rebuild Free Set                    9 us
[105.643s][info][gc,stats    ] Concurrent Thread Roots            8426 us, parallelism: 0.97x
[105.643s][info][gc,stats    ]   CTR: <total>                     8178 us
[105.643s][info][gc,stats    ]   CTR: Thread Roots                8178 us, workers (us): 8178, ---, ---, 
[105.643s][info][gc,stats    ] Concurrent Weak References          298 us, parallelism: 0.61x
[105.643s][info][gc,stats    ]   CWRF: <total>                     181 us
[105.643s][info][gc,stats    ]   CWRF: Weak References             181 us, workers (us): 181, ---, ---, 
[105.643s][info][gc,stats    ] Concurrent Weak Roots              7299 us
[105.643s][info][gc,stats    ]   Roots                            6983 us, parallelism: 0.99x
[105.643s][info][gc,stats    ]     CWR: <total>                   6926 us
[105.643s][info][gc,stats    ]     CWR: Code Cache Roots          5636 us, workers (us): 5636, ---, ---, 
[105.643s][info][gc,stats    ]     CWR: VM Weak Roots             1197 us, workers (us): 1197, ---, ---, 
[105.643s][info][gc,stats    ]     CWR: CLDG Roots                  93 us, workers (us):  93, ---, ---, 
[105.643s][info][gc,stats    ]   Rendezvous                        238 us
[105.643s][info][gc,stats    ] Concurrent Cleanup                   51 us
[105.643s][info][gc,stats    ] Concurrent Class Unloading        51107 us
[105.643s][info][gc,stats    ]   Unlink Stale                    48550 us
[105.643s][info][gc,stats    ]     System Dictionary               422 us
[105.643s][info][gc,stats    ]     Weak Class Links              16712 us
[105.643s][info][gc,stats    ]     Code Roots                    31412 us
[105.643s][info][gc,stats    ]   Rendezvous                        291 us
[105.643s][info][gc,stats    ]   Purge Unlinked                   2174 us
[105.643s][info][gc,stats    ]     Code Roots                     2060 us
[105.643s][info][gc,stats    ]     CLDG                            113 us
[105.643s][info][gc,stats    ]     Exception Caches                  0 us
[105.643s][info][gc,stats    ] Concurrent Strong Roots             548 us, parallelism: 0.65x
[105.643s][info][gc,stats    ]   CSR: <total>                      355 us
[105.643s][info][gc,stats    ]   CSR: VM Strong Roots               10 us, workers (us):  10, ---, ---, 
[105.643s][info][gc,stats    ]   CSR: CLDG Roots                   345 us, workers (us): 345, ---, ---, 
[105.643s][info][gc,stats    ] Concurrent Evacuation              7993 us
[105.643s][info][gc,stats    ] Pause Init Update Refs (G)          235 us
[105.643s][info][gc,stats    ] Pause Init Update Refs (N)          127 us
[105.643s][info][gc,stats    ]   Manage GCLABs                      32 us
[105.643s][info][gc,stats    ] Concurrent Update Refs            66349 us
[105.643s][info][gc,stats    ] Concurrent Update Thread Roots     6626 us
[105.643s][info][gc,stats    ] Pause Final Update Refs (G)         248 us
[105.643s][info][gc,stats    ] Pause Final Update Refs (N)         146 us
[105.643s][info][gc,stats    ]   Update Region States               53 us
[105.643s][info][gc,stats    ]   Trash Collection Set                9 us
[105.643s][info][gc,stats    ]   Rebuild Free Set                   19 us
[105.643s][info][gc,stats    ] Concurrent Cleanup                   45 us
[105.643s][info][gc,stats    ] 
[105.643s][info][gc,stats    ] Allocation pacing accrued:
[105.643s][info][gc,stats    ]       0 of   577 ms (  0.0%): <total>
[105.643s][info][gc,stats    ]       0 of   577 ms (  0.0%): <average total>
[105.643s][info][gc,stats    ] 
[105.643s][info][gc,metaspace] Metaspace: 155976K(157248K)->156006K(157248K) NonClass: 137943K(138624K)->137968K(138624K) Class: 18033K(18624K)->18038K(18624K)
[105.643s][info][gc,ergo     ] Pacer for Idle. Initial: 163M, Alloc Tax Rate: 1.0x
[106.650s][info][gc          ] Trigger: Explicit GC request (System.gc())
[106.650s][info][gc,ergo     ] Free: 5864M, Max: 4096K regular, 5056M humongous, Frag: 14% external, 0% internal; Reserve: 412M, Max: 4096K
[106.650s][info][gc,start    ] GC(96) Concurrent reset
[106.650s][info][gc,task     ] GC(96) Using 1 of 3 workers for concurrent reset
[106.650s][info][gc,ergo     ] GC(96) Pacer for Reset. Non-Taxable: 8192M
[106.656s][info][gc          ] GC(96) Concurrent reset 5.217ms
[106.656s][info][gc,start    ] GC(96) Pause Init Mark (unload classes)
[106.656s][info][gc,task     ] GC(96) Using 3 of 3 workers for init marking
[106.656s][info][gc,ref      ] GC(96) Clearing All SoftReferences
[106.656s][info][gc,ergo     ] GC(96) Pacer for Mark. Expected Live: 153M, Free: 5864M, Non-Taxable: 586M, Alloc Tax Rate: 0.0x
[106.656s][info][gc          ] GC(96) Pause Init Mark (unload classes) 0.213ms
[106.656s][info][gc,start    ] GC(96) Concurrent marking roots
[106.656s][info][gc,task     ] GC(96) Using 1 of 3 workers for concurrent marking roots
[106.663s][info][gc          ] GC(96) Concurrent marking roots 7.379ms
[106.663s][info][gc,start    ] GC(96) Concurrent marking (unload classes)
[106.663s][info][gc,task     ] GC(96) Using 1 of 3 workers for concurrent marking
[106.716s][info][gc          ] GC(96) Concurrent marking (unload classes) 52.882ms
[106.716s][info][gc,start    ] GC(96) Pause Final Mark (unload classes)
[106.716s][info][gc,task     ] GC(96) Using 3 of 3 workers for final marking
[106.717s][info][gc,ergo     ] GC(96) Adaptive CSet Selection. Target Free: 1160M, Actual Free: 6818M, Max CSet: 341M, Min Garbage: 0B
[106.717s][info][gc,ergo     ] GC(96) Collectable Garbage: 1515M (99%), Immediate: 554M (36%), CSet: 960M (63%)
[106.717s][info][gc,ergo     ] GC(96) Pacer for Evacuation. Used CSet: 968M, Free: 6675M, Non-Taxable: 667M, Alloc Tax Rate: 1.1x
[106.717s][info][gc          ] GC(96) Pause Final Mark (unload classes) 0.398ms
[106.717s][info][gc,start    ] GC(96) Concurrent thread roots
[106.717s][info][gc,task     ] GC(96) Using 1 of 3 workers for Concurrent thread roots
[106.725s][info][gc          ] GC(96) Concurrent thread roots 7.552ms
[106.725s][info][gc,start    ] GC(96) Concurrent weak references
[106.725s][info][gc,task     ] GC(96) Using 1 of 3 workers for concurrent weak references
[106.725s][info][gc,ref      ] GC(96) Encountered references: Soft: 3588, Weak: 17970, Final: 53, Phantom: 598
[106.725s][info][gc,ref      ] GC(96) Discovered  references: Soft: 1316, Weak: 6854, Final: 0, Phantom: 373
[106.725s][info][gc,ref      ] GC(96) Enqueued    references: Soft: 850, Weak: 3403, Final: 0, Phantom: 0
[106.725s][info][gc          ] GC(96) Concurrent weak references 0.792ms
[106.725s][info][gc,start    ] GC(96) Concurrent weak roots
[106.725s][info][gc,task     ] GC(96) Using 1 of 3 workers for concurrent weak root
[106.735s][info][gc          ] GC(96) Concurrent weak roots 9.393ms
[106.735s][info][gc,start    ] GC(96) Concurrent cleanup
[106.735s][info][gc          ] GC(96) Concurrent cleanup 2048M->1494M(8192M) 0.043ms
[106.735s][info][gc,ergo     ] GC(96) Free: 6271M, Max: 4096K regular, 5076M humongous, Frag: 19% external, 0% internal; Reserve: 410M, Max: 4096K
[106.735s][info][gc,start    ] GC(96) Concurrent class unloading
[106.735s][info][gc,task     ] GC(96) Using 1 of 3 workers for concurrent class unloading
[106.784s][info][gc          ] GC(96) Concurrent class unloading 49.369ms
[106.784s][info][gc,start    ] GC(96) Concurrent strong roots
[106.784s][info][gc,task     ] GC(96) Using 1 of 3 workers for concurrent strong root
[106.785s][info][gc          ] GC(96) Concurrent strong roots 0.317ms
[106.785s][info][gc,start    ] GC(96) Concurrent evacuation
[106.785s][info][gc,task     ] GC(96) Using 1 of 3 workers for concurrent evacuation
[106.790s][info][gc          ] GC(96) Concurrent evacuation 5.381ms
[106.790s][info][gc,start    ] GC(96) Pause Init Update Refs
[106.790s][info][gc,ergo     ] GC(96) Pacer for Update Refs. Used: 1628M, Free: 6151M, Non-Taxable: 615M, Alloc Tax Rate: 1.1x
[106.790s][info][gc          ] GC(96) Pause Init Update Refs 0.140ms
[106.790s][info][gc,start    ] GC(96) Concurrent update references
[106.790s][info][gc,task     ] GC(96) Using 1 of 3 workers for concurrent reference update
[106.813s][info][gc          ] GC(96) Concurrent update references 22.310ms
[106.813s][info][gc,start    ] GC(96) Concurrent update thread roots
[106.820s][info][gc          ] GC(96) Concurrent update thread roots 7.268ms
[106.820s][info][gc,start    ] GC(96) Pause Final Update Refs
[106.820s][info][gc,task     ] GC(96) Using 3 of 3 workers for final reference update
[106.820s][info][gc          ] GC(96) Pause Final Update Refs 0.168ms
[106.820s][info][gc,start    ] GC(96) Concurrent cleanup
[106.820s][info][gc          ] GC(96) Concurrent cleanup 1628M->660M(8192M) 0.106ms
[106.821s][info][gc,ergo     ] Free: 7119M, Max: 4096K regular, 5220M humongous, Frag: 27% external, 0% internal; Reserve: 412M, Max: 4096K
[106.821s][info][gc,stats    ] 
[106.821s][info][gc,stats    ] All times are wall-clock times, except per-root-class counters, that are sum over
[106.821s][info][gc,stats    ] all workers. Dividing the <total> over the root stage time estimates parallelism.
[106.821s][info][gc,stats    ] 
[106.821s][info][gc,stats    ] Concurrent Reset                   5279 us
[106.821s][info][gc,stats    ] Pause Init Mark (G)                 436 us
[106.821s][info][gc,stats    ] Pause Init Mark (N)                 222 us
[106.821s][info][gc,stats    ]   Update Region States               79 us
[106.821s][info][gc,stats    ] Concurrent Mark Roots              7446 us, parallelism: 0.90x
[106.821s][info][gc,stats    ]   CMR: <total>                     6678 us
[106.821s][info][gc,stats    ]   CMR: Thread Roots                6586 us, workers (us): 6586, ---, ---, 
[106.821s][info][gc,stats    ]   CMR: VM Strong Roots               14 us, workers (us):  14, ---, ---, 
[106.821s][info][gc,stats    ]   CMR: CLDG Roots                    79 us, workers (us):  79, ---, ---, 
[106.821s][info][gc,stats    ] Concurrent Marking                52933 us
[106.821s][info][gc,stats    ] Pause Final Mark (G)                537 us
[106.821s][info][gc,stats    ] Pause Final Mark (N)                414 us
[106.821s][info][gc,stats    ]   Finish Mark                       104 us
[106.821s][info][gc,stats    ]   Update Region States               51 us
[106.821s][info][gc,stats    ]   Choose Collection Set             135 us
[106.821s][info][gc,stats    ]   Rebuild Free Set                   19 us
[106.821s][info][gc,stats    ] Concurrent Thread Roots            7608 us, parallelism: 0.95x
[106.821s][info][gc,stats    ]   CTR: <total>                     7205 us
[106.821s][info][gc,stats    ]   CTR: Thread Roots                7205 us, workers (us): 7205, ---, ---, 
[106.821s][info][gc,stats    ] Concurrent Weak References          800 us, parallelism: 0.83x
[106.821s][info][gc,stats    ]   CWRF: <total>                     663 us
[106.821s][info][gc,stats    ]   CWRF: Weak References             663 us, workers (us): 663, ---, ---, 
[106.821s][info][gc,stats    ] Concurrent Weak Roots              9434 us
[106.821s][info][gc,stats    ]   Roots                            9185 us, parallelism: 1.00x
[106.821s][info][gc,stats    ]     CWR: <total>                   9146 us
[106.821s][info][gc,stats    ]     CWR: Code Cache Roots          8309 us, workers (us): 8309, ---, ---, 
[106.821s][info][gc,stats    ]     CWR: VM Weak Roots              757 us, workers (us): 757, ---, ---, 
[106.821s][info][gc,stats    ]     CWR: CLDG Roots                  80 us, workers (us):  80, ---, ---, 
[106.821s][info][gc,stats    ]   Rendezvous                        189 us
[106.821s][info][gc,stats    ] Concurrent Cleanup                   52 us
[106.821s][info][gc,stats    ] Concurrent Class Unloading        49421 us
[106.821s][info][gc,stats    ]   Unlink Stale                    46995 us
[106.821s][info][gc,stats    ]     System Dictionary              1835 us
[106.821s][info][gc,stats    ]     Weak Class Links              18234 us
[106.821s][info][gc,stats    ]     Code Roots                    26924 us
[106.821s][info][gc,stats    ]   Rendezvous                        196 us
[106.821s][info][gc,stats    ]   Purge Unlinked                   2158 us
[106.821s][info][gc,stats    ]     Code Roots                     1341 us
[106.821s][info][gc,stats    ]     CLDG                            816 us
[106.821s][info][gc,stats    ]     Exception Caches                  0 us
[106.821s][info][gc,stats    ] Concurrent Strong Roots             335 us, parallelism: 0.66x
[106.821s][info][gc,stats    ]   CSR: <total>                      221 us
[106.821s][info][gc,stats    ]   CSR: VM Strong Roots                9 us, workers (us):   9, ---, ---, 
[106.821s][info][gc,stats    ]   CSR: CLDG Roots                   213 us, workers (us): 213, ---, ---, 
[106.821s][info][gc,stats    ] Concurrent Evacuation              5454 us
[106.821s][info][gc,stats    ] Pause Init Update Refs (G)          319 us
[106.821s][info][gc,stats    ] Pause Init Update Refs (N)          162 us
[106.821s][info][gc,stats    ]   Manage GCLABs                      42 us
[106.821s][info][gc,stats    ] Concurrent Update Refs            22379 us
[106.821s][info][gc,stats    ] Concurrent Update Thread Roots     7320 us
[106.821s][info][gc,stats    ] Pause Final Update Refs (G)         289 us
[106.821s][info][gc,stats    ] Pause Final Update Refs (N)         186 us
[106.821s][info][gc,stats    ]   Update Region States               87 us
[106.821s][info][gc,stats    ]   Trash Collection Set               11 us
[106.821s][info][gc,stats    ]   Rebuild Free Set                   22 us
[106.821s][info][gc,stats    ] Concurrent Cleanup                  132 us
[106.821s][info][gc,stats    ] 
[106.821s][info][gc,stats    ] Allocation pacing accrued:
[106.821s][info][gc,stats    ]       0 of  1179 ms (  0.0%): <total>
[106.821s][info][gc,stats    ]       0 of  1179 ms (  0.0%): <average total>
[106.822s][info][gc,stats    ] 
[106.822s][info][gc,metaspace] Metaspace: 156161K(157376K)->155127K(157248K) NonClass: 138101K(138688K)->137238K(138624K) Class: 18060K(18688K)->17888K(18624K)
[106.822s][info][gc,ergo     ] Pacer for Idle. Initial: 163M, Alloc Tax Rate: 1.0x
[107.170s][info][gc          ] Trigger: Learning 2 of 5. Free (5623M) is below initial threshold (5734M)
[107.170s][info][gc,ergo     ] Free: 5623M, Max: 4096K regular, 5220M humongous, Frag: 8% external, 0% internal; Reserve: 412M, Max: 4096K
[107.170s][info][gc,start    ] GC(97) Concurrent reset
[107.170s][info][gc,task     ] GC(97) Using 1 of 3 workers for concurrent reset
[107.170s][info][gc,ergo     ] GC(97) Pacer for Reset. Non-Taxable: 8192M
[107.185s][info][gc          ] GC(97) Concurrent reset 14.240ms
[107.185s][info][gc,start    ] GC(97) Pause Init Mark (unload classes)
[107.185s][info][gc,task     ] GC(97) Using 3 of 3 workers for init marking
[107.185s][info][gc,ergo     ] GC(97) Pacer for Mark. Expected Live: 142M, Free: 5519M, Non-Taxable: 551M, Alloc Tax Rate: 0.0x
[107.185s][info][gc          ] GC(97) Pause Init Mark (unload classes) 0.121ms
[107.185s][info][gc,start    ] GC(97) Concurrent marking roots
[107.185s][info][gc,task     ] GC(97) Using 1 of 3 workers for concurrent marking roots
[107.194s][info][gc          ] GC(97) Concurrent marking roots 8.969ms
[107.194s][info][gc,start    ] GC(97) Concurrent marking (unload classes)
[107.194s][info][gc,task     ] GC(97) Using 1 of 3 workers for concurrent marking
[107.266s][info][gc          ] GC(97) Concurrent marking (unload classes) 71.918ms
[107.266s][info][gc,start    ] GC(97) Pause Final Mark (unload classes)
[107.266s][info][gc,task     ] GC(97) Using 3 of 3 workers for final marking
[107.267s][info][gc,ergo     ] GC(97) Adaptive CSet Selection. Target Free: 1160M, Actual Free: 6561M, Max CSet: 341M, Min Garbage: 0B
[107.267s][info][gc,ergo     ] GC(97) Collectable Garbage: 2044M (99%), Immediate: 949M (46%), CSet: 1095M (53%)
[107.267s][info][gc,ergo     ] GC(97) Pacer for Evacuation. Used CSet: 1154M, Free: 6184M, Non-Taxable: 618M, Alloc Tax Rate: 1.1x
[107.267s][info][gc          ] GC(97) Pause Final Mark (unload classes) 0.276ms
[107.267s][info][gc,start    ] GC(97) Concurrent thread roots
[107.267s][info][gc,task     ] GC(97) Using 1 of 3 workers for Concurrent thread roots
[107.274s][info][gc          ] GC(97) Concurrent thread roots 7.328ms
[107.274s][info][gc,start    ] GC(97) Concurrent weak references
[107.274s][info][gc,task     ] GC(97) Using 1 of 3 workers for concurrent weak references
[107.275s][info][gc,ref      ] GC(97) Encountered references: Soft: 3714, Weak: 14985, Final: 53, Phantom: 598
[107.275s][info][gc,ref      ] GC(97) Discovered  references: Soft: 0, Weak: 8224, Final: 0, Phantom: 278
[107.275s][info][gc,ref      ] GC(97) Enqueued    references: Soft: 0, Weak: 212, Final: 0, Phantom: 0
[107.275s][info][gc          ] GC(97) Concurrent weak references 0.868ms
[107.275s][info][gc,start    ] GC(97) Concurrent weak roots
[107.275s][info][gc,task     ] GC(97) Using 1 of 3 workers for concurrent weak root
[107.284s][info][gc          ] GC(97) Concurrent weak roots 8.532ms
[107.284s][info][gc,start    ] GC(97) Concurrent cleanup
[107.284s][info][gc          ] GC(97) Concurrent cleanup 2627M->1678M(8192M) 0.036ms
[107.284s][info][gc,ergo     ] GC(97) Free: 6092M, Max: 4096K regular, 5108M humongous, Frag: 17% external, 0% internal; Reserve: 398M, Max: 4096K
[107.284s][info][gc,start    ] GC(97) Concurrent class unloading
[107.284s][info][gc,task     ] GC(97) Using 1 of 3 workers for concurrent class unloading
[107.335s][info][gc          ] GC(97) Concurrent class unloading 51.371ms
[107.335s][info][gc,start    ] GC(97) Concurrent strong roots
[107.335s][info][gc,task     ] GC(97) Using 1 of 3 workers for concurrent strong root
[107.336s][info][gc          ] GC(97) Concurrent strong roots 0.516ms
[107.336s][info][gc,start    ] GC(97) Concurrent evacuation
[107.336s][info][gc,task     ] GC(97) Using 1 of 3 workers for concurrent evacuation
[107.344s][info][gc          ] GC(97) Concurrent evacuation 7.956ms
[107.344s][info][gc,start    ] GC(97) Pause Init Update Refs
[107.344s][info][gc,ergo     ] GC(97) Pacer for Update Refs. Used: 1792M, Free: 6028M, Non-Taxable: 602M, Alloc Tax Rate: 1.1x
[107.344s][info][gc          ] GC(97) Pause Init Update Refs 0.099ms
[107.344s][info][gc,start    ] GC(97) Concurrent update references
[107.344s][info][gc,task     ] GC(97) Using 1 of 3 workers for concurrent reference update
[107.413s][info][gc          ] GC(97) Concurrent update references 68.748ms
[107.413s][info][gc,start    ] GC(97) Concurrent update thread roots
[107.421s][info][gc          ] GC(97) Concurrent update thread roots 7.989ms
[107.421s][info][gc,start    ] GC(97) Pause Final Update Refs
[107.421s][info][gc,task     ] GC(97) Using 3 of 3 workers for final reference update
[107.421s][info][gc          ] GC(97) Pause Final Update Refs 0.138ms
[107.421s][info][gc,start    ] GC(97) Concurrent cleanup
[107.421s][info][gc          ] GC(97) Concurrent cleanup 1865M->711M(8192M) 0.036ms
[107.421s][info][gc,ergo     ] Free: 7024M, Max: 4096K regular, 5040M humongous, Frag: 29% external, 0% internal; Reserve: 412M, Max: 4096K
[107.421s][info][gc,stats    ] 
[107.421s][info][gc,stats    ] All times are wall-clock times, except per-root-class counters, that are sum over
[107.421s][info][gc,stats    ] all workers. Dividing the <total> over the root stage time estimates parallelism.
[107.421s][info][gc,stats    ] 
[107.421s][info][gc,stats    ] Concurrent Reset                  14373 us
[107.421s][info][gc,stats    ] Pause Init Mark (G)                 392 us
[107.421s][info][gc,stats    ] Pause Init Mark (N)                 129 us
[107.421s][info][gc,stats    ]   Update Region States               42 us
[107.421s][info][gc,stats    ] Concurrent Mark Roots              9122 us, parallelism: 0.94x
[107.421s][info][gc,stats    ]   CMR: <total>                     8603 us
[107.421s][info][gc,stats    ]   CMR: Thread Roots                8458 us, workers (us): 8458, ---, ---, 
[107.421s][info][gc,stats    ]   CMR: VM Strong Roots               24 us, workers (us):  24, ---, ---, 
[107.421s][info][gc,stats    ]   CMR: CLDG Roots                   121 us, workers (us): 121, ---, ---, 
[107.421s][info][gc,stats    ] Concurrent Marking                71972 us
[107.421s][info][gc,stats    ] Pause Final Mark (G)                715 us
[107.421s][info][gc,stats    ] Pause Final Mark (N)                285 us
[107.421s][info][gc,stats    ]   Finish Mark                        89 us
[107.421s][info][gc,stats    ]   Update Region States               36 us
[107.421s][info][gc,stats    ]   Choose Collection Set              90 us
[107.421s][info][gc,stats    ]   Rebuild Free Set                    9 us
[107.421s][info][gc,stats    ] Concurrent Thread Roots            7390 us, parallelism: 0.98x
[107.421s][info][gc,stats    ]   CTR: <total>                     7226 us
[107.421s][info][gc,stats    ]   CTR: Thread Roots                7226 us, workers (us): 7226, ---, ---, 
[107.421s][info][gc,stats    ] Concurrent Weak References          885 us, parallelism: 0.80x
[107.421s][info][gc,stats    ]   CWRF: <total>                     708 us
[107.421s][info][gc,stats    ]   CWRF: Weak References             708 us, workers (us): 708, ---, ---, 
[107.422s][info][gc,stats    ] Concurrent Weak Roots              8575 us
[107.422s][info][gc,stats    ]   Roots                            8328 us, parallelism: 0.99x
[107.422s][info][gc,stats    ]     CWR: <total>                   8274 us
[107.422s][info][gc,stats    ]     CWR: Code Cache Roots          6830 us, workers (us): 6830, ---, ---, 
[107.422s][info][gc,stats    ]     CWR: VM Weak Roots             1327 us, workers (us): 1327, ---, ---, 
[107.422s][info][gc,stats    ]     CWR: CLDG Roots                 117 us, workers (us): 117, ---, ---, 
[107.422s][info][gc,stats    ]   Rendezvous                        162 us
[107.422s][info][gc,stats    ] Concurrent Cleanup                   45 us
[107.422s][info][gc,stats    ] Concurrent Class Unloading        51429 us
[107.422s][info][gc,stats    ]   Unlink Stale                    49952 us
[107.422s][info][gc,stats    ]     System Dictionary               422 us
[107.422s][info][gc,stats    ]     Weak Class Links              16115 us
[107.422s][info][gc,stats    ]     Code Roots                    33413 us
[107.422s][info][gc,stats    ]   Rendezvous                        175 us
[107.422s][info][gc,stats    ]   Purge Unlinked                   1224 us
[107.422s][info][gc,stats    ]     Code Roots                     1134 us
[107.422s][info][gc,stats    ]     CLDG                             89 us
[107.422s][info][gc,stats    ]     Exception Caches                  0 us
[107.422s][info][gc,stats    ] Concurrent Strong Roots             531 us, parallelism: 0.74x
[107.422s][info][gc,stats    ]   CSR: <total>                      391 us
[107.422s][info][gc,stats    ]   CSR: VM Strong Roots                7 us, workers (us):   7, ---, ---, 
[107.422s][info][gc,stats    ]   CSR: CLDG Roots                   384 us, workers (us): 384, ---, ---, 
[107.422s][info][gc,stats    ] Concurrent Evacuation              8010 us
[107.422s][info][gc,stats    ] Pause Init Update Refs (G)          219 us
[107.422s][info][gc,stats    ] Pause Init Update Refs (N)          117 us
[107.422s][info][gc,stats    ]   Manage GCLABs                      24 us
[107.422s][info][gc,stats    ] Concurrent Update Refs            68789 us
[107.422s][info][gc,stats    ] Concurrent Update Thread Roots     8040 us
[107.422s][info][gc,stats    ] Pause Final Update Refs (G)         247 us
[107.422s][info][gc,stats    ] Pause Final Update Refs (N)         156 us
[107.422s][info][gc,stats    ]   Update Region States               66 us
[107.422s][info][gc,stats    ]   Trash Collection Set                8 us
[107.422s][info][gc,stats    ]   Rebuild Free Set                   18 us
[107.422s][info][gc,stats    ] Concurrent Cleanup                   44 us
[107.422s][info][gc,stats    ] 
[107.422s][info][gc,stats    ] Allocation pacing accrued:
[107.422s][info][gc,stats    ]       0 of   600 ms (  0.0%): <total>
[107.422s][info][gc,stats    ]       0 of   600 ms (  0.0%): <average total>
[107.422s][info][gc,stats    ] 
[107.422s][info][gc,metaspace] Metaspace: 155983K(157248K)->156014K(157248K) NonClass: 137948K(138624K)->137975K(138624K) Class: 18035K(18624K)->18039K(18624K)
[107.422s][info][gc,ergo     ] Pacer for Idle. Initial: 163M, Alloc Tax Rate: 1.0x
[108.356s][info][gc          ] Trigger: Explicit GC request (System.gc())
[108.356s][info][gc,ergo     ] Free: 5862M, Max: 4096K regular, 5040M humongous, Frag: 14% external, 0% internal; Reserve: 412M, Max: 4096K
[108.356s][info][gc,start    ] GC(98) Concurrent reset
[108.356s][info][gc,task     ] GC(98) Using 1 of 3 workers for concurrent reset
[108.356s][info][gc,ergo     ] GC(98) Pacer for Reset. Non-Taxable: 8192M
[108.361s][info][gc          ] GC(98) Concurrent reset 5.216ms
[108.362s][info][gc,start    ] GC(98) Pause Init Mark (unload classes)
[108.362s][info][gc,task     ] GC(98) Using 3 of 3 workers for init marking
[108.362s][info][gc,ref      ] GC(98) Clearing All SoftReferences
[108.362s][info][gc,ergo     ] GC(98) Pacer for Mark. Expected Live: 153M, Free: 5862M, Non-Taxable: 586M, Alloc Tax Rate: 0.0x
[108.362s][info][gc          ] GC(98) Pause Init Mark (unload classes) 0.221ms
[108.362s][info][gc,start    ] GC(98) Concurrent marking roots
[108.362s][info][gc,task     ] GC(98) Using 1 of 3 workers for concurrent marking roots
[108.370s][info][gc          ] GC(98) Concurrent marking roots 7.999ms
[108.370s][info][gc,start    ] GC(98) Concurrent marking (unload classes)
[108.370s][info][gc,task     ] GC(98) Using 1 of 3 workers for concurrent marking
[108.422s][info][gc          ] GC(98) Concurrent marking (unload classes) 52.164ms
[108.422s][info][gc,start    ] GC(98) Pause Final Mark (unload classes)
[108.422s][info][gc,task     ] GC(98) Using 3 of 3 workers for final marking
[108.423s][info][gc,ergo     ] GC(98) Adaptive CSet Selection. Target Free: 1160M, Actual Free: 6807M, Max CSet: 341M, Min Garbage: 0B
[108.423s][info][gc,ergo     ] GC(98) Collectable Garbage: 1514M (99%), Immediate: 543M (35%), CSet: 971M (63%)
[108.423s][info][gc,ergo     ] GC(98) Pacer for Evacuation. Used CSet: 978M, Free: 6667M, Non-Taxable: 666M, Alloc Tax Rate: 1.1x
[108.423s][info][gc          ] GC(98) Pause Final Mark (unload classes) 0.550ms
[108.423s][info][gc,start    ] GC(98) Concurrent thread roots
[108.423s][info][gc,task     ] GC(98) Using 1 of 3 workers for Concurrent thread roots
[108.430s][info][gc          ] GC(98) Concurrent thread roots 6.697ms
[108.430s][info][gc,start    ] GC(98) Concurrent weak references
[108.430s][info][gc,task     ] GC(98) Using 1 of 3 workers for concurrent weak references
[108.431s][info][gc,ref      ] GC(98) Encountered references: Soft: 3586, Weak: 17963, Final: 53, Phantom: 598
[108.431s][info][gc,ref      ] GC(98) Discovered  references: Soft: 1314, Weak: 6848, Final: 0, Phantom: 373
[108.431s][info][gc,ref      ] GC(98) Enqueued    references: Soft: 848, Weak: 3397, Final: 0, Phantom: 0
[108.431s][info][gc          ] GC(98) Concurrent weak references 1.105ms
[108.431s][info][gc,start    ] GC(98) Concurrent weak roots
[108.431s][info][gc,task     ] GC(98) Using 1 of 3 workers for concurrent weak root
[108.440s][info][gc          ] GC(98) Concurrent weak roots 9.613ms
[108.440s][info][gc,start    ] GC(98) Concurrent cleanup
[108.440s][info][gc          ] GC(98) Concurrent cleanup 1996M->1464M(8192M) 0.043ms
[108.440s][info][gc,ergo     ] GC(98) Free: 6303M, Max: 4096K regular, 5088M humongous, Frag: 20% external, 0% internal; Reserve: 410M, Max: 4096K
[108.440s][info][gc,start    ] GC(98) Concurrent class unloading
[108.440s][info][gc,task     ] GC(98) Using 1 of 3 workers for concurrent class unloading
[108.490s][info][gc          ] GC(98) Concurrent class unloading 49.386ms
[108.490s][info][gc,start    ] GC(98) Concurrent strong roots
[108.490s][info][gc,task     ] GC(98) Using 1 of 3 workers for concurrent strong root
[108.490s][info][gc          ] GC(98) Concurrent strong roots 0.326ms
[108.490s][info][gc,start    ] GC(98) Concurrent evacuation
[108.490s][info][gc,task     ] GC(98) Using 1 of 3 workers for concurrent evacuation
[108.496s][info][gc          ] GC(98) Concurrent evacuation 5.748ms
[108.496s][info][gc,start    ] GC(98) Pause Init Update Refs
[108.496s][info][gc,ergo     ] GC(98) Pacer for Update Refs. Used: 1626M, Free: 6147M, Non-Taxable: 614M, Alloc Tax Rate: 1.1x
[108.496s][info][gc          ] GC(98) Pause Init Update Refs 0.139ms
[108.496s][info][gc,start    ] GC(98) Concurrent update references
[108.496s][info][gc,task     ] GC(98) Using 1 of 3 workers for concurrent reference update
[108.519s][info][gc          ] GC(98) Concurrent update references 22.229ms
[108.519s][info][gc,start    ] GC(98) Concurrent update thread roots
[108.526s][info][gc          ] GC(98) Concurrent update thread roots 7.495ms
[108.526s][info][gc,start    ] GC(98) Pause Final Update Refs
[108.526s][info][gc,task     ] GC(98) Using 3 of 3 workers for final reference update
[108.526s][info][gc          ] GC(98) Pause Final Update Refs 0.159ms
[108.526s][info][gc,start    ] GC(98) Concurrent cleanup
[108.526s][info][gc          ] GC(98) Concurrent cleanup 1626M->648M(8192M) 0.076ms
[108.526s][info][gc,ergo     ] Free: 7131M, Max: 4096K regular, 5224M humongous, Frag: 27% external, 0% internal; Reserve: 412M, Max: 4096K
[108.527s][info][gc,stats    ] 
[108.527s][info][gc,stats    ] All times are wall-clock times, except per-root-class counters, that are sum over
[108.527s][info][gc,stats    ] all workers. Dividing the <total> over the root stage time estimates parallelism.
[108.527s][info][gc,stats    ] 
[108.527s][info][gc,stats    ] Concurrent Reset                   5283 us
[108.527s][info][gc,stats    ] Pause Init Mark (G)                 446 us
[108.527s][info][gc,stats    ] Pause Init Mark (N)                 238 us
[108.527s][info][gc,stats    ]   Update Region States               70 us
[108.527s][info][gc,stats    ] Concurrent Mark Roots              8048 us, parallelism: 0.96x
[108.527s][info][gc,stats    ]   CMR: <total>                     7752 us
[108.527s][info][gc,stats    ]   CMR: Thread Roots                7653 us, workers (us): 7653, ---, ---, 
[108.527s][info][gc,stats    ]   CMR: VM Strong Roots               12 us, workers (us):  12, ---, ---, 
[108.527s][info][gc,stats    ]   CMR: CLDG Roots                    86 us, workers (us):  86, ---, ---, 
[108.527s][info][gc,stats    ] Concurrent Marking                52229 us
[108.527s][info][gc,stats    ] Pause Final Mark (G)                710 us
[108.527s][info][gc,stats    ] Pause Final Mark (N)                572 us
[108.527s][info][gc,stats    ]   Finish Mark                       102 us
[108.527s][info][gc,stats    ]   Update Region States              103 us
[108.527s][info][gc,stats    ]   Choose Collection Set             184 us
[108.527s][info][gc,stats    ]   Rebuild Free Set                   25 us
[108.527s][info][gc,stats    ] Concurrent Thread Roots            6738 us, parallelism: 0.98x
[108.527s][info][gc,stats    ]   CTR: <total>                     6596 us
[108.527s][info][gc,stats    ]   CTR: Thread Roots                6596 us, workers (us): 6596, ---, ---, 
[108.527s][info][gc,stats    ] Concurrent Weak References         1113 us, parallelism: 0.86x
[108.527s][info][gc,stats    ]   CWRF: <total>                     957 us
[108.527s][info][gc,stats    ]   CWRF: Weak References             957 us, workers (us): 957, ---, ---, 
[108.527s][info][gc,stats    ] Concurrent Weak Roots              9654 us
[108.527s][info][gc,stats    ]   Roots                            9419 us, parallelism: 0.99x
[108.527s][info][gc,stats    ]     CWR: <total>                   9353 us
[108.527s][info][gc,stats    ]     CWR: Code Cache Roots          8191 us, workers (us): 8191, ---, ---, 
[108.527s][info][gc,stats    ]     CWR: VM Weak Roots             1064 us, workers (us): 1064, ---, ---, 
[108.527s][info][gc,stats    ]     CWR: CLDG Roots                  98 us, workers (us):  98, ---, ---, 
[108.527s][info][gc,stats    ]   Rendezvous                        175 us
[108.527s][info][gc,stats    ] Concurrent Cleanup                   52 us
[108.527s][info][gc,stats    ] Concurrent Class Unloading        49434 us
[108.527s][info][gc,stats    ]   Unlink Stale                    47139 us
[108.527s][info][gc,stats    ]     System Dictionary              1864 us
[108.527s][info][gc,stats    ]     Weak Class Links              17695 us
[108.527s][info][gc,stats    ]     Code Roots                    27577 us
[108.527s][info][gc,stats    ]   Rendezvous                        325 us
[108.527s][info][gc,stats    ]   Purge Unlinked                   1903 us
[108.527s][info][gc,stats    ]     Code Roots                     1099 us
[108.527s][info][gc,stats    ]     CLDG                            803 us
[108.527s][info][gc,stats    ]     Exception Caches                  0 us
[108.527s][info][gc,stats    ] Concurrent Strong Roots             345 us, parallelism: 0.64x
[108.527s][info][gc,stats    ]   CSR: <total>                      219 us
[108.527s][info][gc,stats    ]   CSR: VM Strong Roots                8 us, workers (us):   8, ---, ---, 
[108.527s][info][gc,stats    ]   CSR: CLDG Roots                   211 us, workers (us): 211, ---, ---, 
[108.527s][info][gc,stats    ] Concurrent Evacuation              5777 us
[108.527s][info][gc,stats    ] Pause Init Update Refs (G)          309 us
[108.527s][info][gc,stats    ] Pause Init Update Refs (N)          160 us
[108.527s][info][gc,stats    ]   Manage GCLABs                      41 us
[108.527s][info][gc,stats    ] Concurrent Update Refs            22290 us
[108.527s][info][gc,stats    ] Concurrent Update Thread Roots     7520 us
[108.527s][info][gc,stats    ] Pause Final Update Refs (G)         242 us
[108.527s][info][gc,stats    ] Pause Final Update Refs (N)         177 us
[108.527s][info][gc,stats    ]   Update Region States               66 us
[108.527s][info][gc,stats    ]   Trash Collection Set               12 us
[108.527s][info][gc,stats    ]   Rebuild Free Set                   20 us
[108.527s][info][gc,stats    ] Concurrent Cleanup                   99 us
[108.527s][info][gc,stats    ] 
[108.527s][info][gc,stats    ] Allocation pacing accrued:
[108.527s][info][gc,stats    ]       0 of  1105 ms (  0.0%): <total>
[108.527s][info][gc,stats    ]       0 of  1105 ms (  0.0%): <average total>
[108.527s][info][gc,stats    ] 
[108.527s][info][gc,metaspace] Metaspace: 156171K(157376K)->155139K(157248K) NonClass: 138111K(138688K)->137250K(138624K) Class: 18060K(18688K)->17888K(18624K)
[108.527s][info][gc,ergo     ] Pacer for Idle. Initial: 163M, Alloc Tax Rate: 1.0x
[108.857s][info][gc          ] Trigger: Learning 2 of 5. Free (5627M) is below initial threshold (5734M)
[108.857s][info][gc,ergo     ] Free: 5627M, Max: 4096K regular, 5224M humongous, Frag: 8% external, 0% internal; Reserve: 412M, Max: 4096K
[108.857s][info][gc,start    ] GC(99) Concurrent reset
[108.857s][info][gc,task     ] GC(99) Using 1 of 3 workers for concurrent reset
[108.857s][info][gc,ergo     ] GC(99) Pacer for Reset. Non-Taxable: 8192M
[108.872s][info][gc          ] GC(99) Concurrent reset 14.668ms
[108.873s][info][gc,start    ] GC(99) Pause Init Mark (unload classes)
[108.873s][info][gc,task     ] GC(99) Using 3 of 3 workers for init marking
[108.873s][info][gc,ergo     ] GC(99) Pacer for Mark. Expected Live: 141M, Free: 5519M, Non-Taxable: 551M, Alloc Tax Rate: 0.0x
[108.873s][info][gc          ] GC(99) Pause Init Mark (unload classes) 0.131ms
[108.873s][info][gc,start    ] GC(99) Concurrent marking roots
[108.873s][info][gc,task     ] GC(99) Using 1 of 3 workers for concurrent marking roots
[108.882s][info][gc          ] GC(99) Concurrent marking roots 9.325ms
[108.882s][info][gc,start    ] GC(99) Concurrent marking (unload classes)
[108.882s][info][gc,task     ] GC(99) Using 1 of 3 workers for concurrent marking
[108.952s][info][gc          ] GC(99) Concurrent marking (unload classes) 69.462ms
[108.952s][info][gc,start    ] GC(99) Pause Final Mark (unload classes)
[108.952s][info][gc,task     ] GC(99) Using 3 of 3 workers for final marking
[108.952s][info][gc,ergo     ] GC(99) Adaptive CSet Selection. Target Free: 1160M, Actual Free: 6578M, Max CSet: 341M, Min Garbage: 0B
[108.952s][info][gc,ergo     ] GC(99) Collectable Garbage: 2044M (99%), Immediate: 962M (46%), CSet: 1081M (52%)
[108.952s][info][gc,ergo     ] GC(99) Pacer for Evacuation. Used CSet: 1140M, Free: 6204M, Non-Taxable: 620M, Alloc Tax Rate: 1.1x
[108.952s][info][gc          ] GC(99) Pause Final Mark (unload classes) 0.266ms
[108.952s][info][gc,start    ] GC(99) Concurrent thread roots
[108.952s][info][gc,task     ] GC(99) Using 1 of 3 workers for Concurrent thread roots
[108.959s][info][gc          ] GC(99) Concurrent thread roots 7.223ms
[108.960s][info][gc,start    ] GC(99) Concurrent weak references
[108.960s][info][gc,task     ] GC(99) Using 1 of 3 workers for concurrent weak references
[108.960s][info][gc,ref      ] GC(99) Encountered references: Soft: 3714, Weak: 14988, Final: 53, Phantom: 598
[108.960s][info][gc,ref      ] GC(99) Discovered  references: Soft: 0, Weak: 8373, Final: 0, Phantom: 278
[108.960s][info][gc,ref      ] GC(99) Enqueued    references: Soft: 0, Weak: 211, Final: 0, Phantom: 0
[108.960s][info][gc          ] GC(99) Concurrent weak references 0.883ms
[108.960s][info][gc,start    ] GC(99) Concurrent weak roots
[108.960s][info][gc,task     ] GC(99) Using 1 of 3 workers for concurrent weak root
[108.969s][info][gc          ] GC(99) Concurrent weak roots 8.357ms
[108.969s][info][gc,start    ] GC(99) Concurrent cleanup
[108.969s][info][gc          ] GC(99) Concurrent cleanup 2626M->1663M(8192M) 0.037ms
[108.969s][info][gc,ergo     ] GC(99) Free: 6107M, Max: 4096K regular, 5108M humongous, Frag: 17% external, 0% internal; Reserve: 399M, Max: 4096K
[108.969s][info][gc,start    ] GC(99) Concurrent class unloading
[108.969s][info][gc,task     ] GC(99) Using 1 of 3 workers for concurrent class unloading
[109.023s][info][gc          ] GC(99) Concurrent class unloading 53.961ms
[109.023s][info][gc,start    ] GC(99) Concurrent strong roots
[109.023s][info][gc,task     ] GC(99) Using 1 of 3 workers for concurrent strong root
[109.023s][info][gc          ] GC(99) Concurrent strong roots 0.464ms
[109.023s][info][gc,start    ] GC(99) Concurrent evacuation
[109.023s][info][gc,task     ] GC(99) Using 1 of 3 workers for concurrent evacuation
[109.032s][info][gc          ] GC(99) Concurrent evacuation 8.201ms
[109.032s][info][gc,start    ] GC(99) Pause Init Update Refs
[109.032s][info][gc,ergo     ] GC(99) Pacer for Update Refs. Used: 1770M, Free: 6047M, Non-Taxable: 604M, Alloc Tax Rate: 1.1x
[109.032s][info][gc          ] GC(99) Pause Init Update Refs 0.097ms
[109.032s][info][gc,start    ] GC(99) Concurrent update references
[109.032s][info][gc,task     ] GC(99) Using 1 of 3 workers for concurrent reference update
[109.100s][info][gc          ] GC(99) Concurrent update references 68.079ms
[109.100s][info][gc,start    ] GC(99) Concurrent update thread roots
[109.107s][info][gc          ] GC(99) Concurrent update thread roots 6.592ms
[109.107s][info][gc,start    ] GC(99) Pause Final Update Refs
[109.107s][info][gc,task     ] GC(99) Using 3 of 3 workers for final reference update
[109.107s][info][gc          ] GC(99) Pause Final Update Refs 0.123ms
[109.107s][info][gc,start    ] GC(99) Concurrent cleanup
[109.107s][info][gc          ] GC(99) Concurrent cleanup 1819M->679M(8192M) 0.062ms
[109.107s][info][gc,ergo     ] Free: 7060M, Max: 4096K regular, 5040M humongous, Frag: 29% external, 0% internal; Reserve: 412M, Max: 4096K
[109.107s][info][gc,stats    ] 
[109.107s][info][gc,stats    ] All times are wall-clock times, except per-root-class counters, that are sum over
[109.107s][info][gc,stats    ] all workers. Dividing the <total> over the root stage time estimates parallelism.
[109.107s][info][gc,stats    ] 
[109.107s][info][gc,stats    ] Concurrent Reset                  14817 us
[109.107s][info][gc,stats    ] Pause Init Mark (G)                1071 us
[109.107s][info][gc,stats    ] Pause Init Mark (N)                 140 us
[109.107s][info][gc,stats    ]   Update Region States               33 us
[109.107s][info][gc,stats    ] Concurrent Mark Roots              9442 us, parallelism: 0.95x
[109.107s][info][gc,stats    ]   CMR: <total>                     8960 us
[109.107s][info][gc,stats    ]   CMR: Thread Roots                8779 us, workers (us): 8779, ---, ---, 
[109.107s][info][gc,stats    ]   CMR: VM Strong Roots               32 us, workers (us):  32, ---, ---, 
[109.107s][info][gc,stats    ]   CMR: CLDG Roots                   149 us, workers (us): 149, ---, ---, 
[109.107s][info][gc,stats    ] Concurrent Marking                69509 us
[109.107s][info][gc,stats    ] Pause Final Mark (G)                542 us
[109.107s][info][gc,stats    ] Pause Final Mark (N)                274 us
[109.107s][info][gc,stats    ]   Finish Mark                        67 us
[109.107s][info][gc,stats    ]   Update Region States               52 us
[109.107s][info][gc,stats    ]   Choose Collection Set              78 us
[109.107s][info][gc,stats    ]   Rebuild Free Set                    9 us
[109.107s][info][gc,stats    ] Concurrent Thread Roots            7265 us, parallelism: 0.98x
[109.107s][info][gc,stats    ]   CTR: <total>                     7145 us
[109.107s][info][gc,stats    ]   CTR: Thread Roots                7145 us, workers (us): 7145, ---, ---, 
[109.107s][info][gc,stats    ] Concurrent Weak References          891 us, parallelism: 0.84x
[109.107s][info][gc,stats    ]   CWRF: <total>                     749 us
[109.107s][info][gc,stats    ]   CWRF: Weak References             749 us, workers (us): 749, ---, ---, 
[109.107s][info][gc,stats    ] Concurrent Weak Roots              8402 us
[109.107s][info][gc,stats    ]   Roots                            8102 us, parallelism: 1.00x
[109.107s][info][gc,stats    ]     CWR: <total>                   8065 us
[109.107s][info][gc,stats    ]     CWR: Code Cache Roots          6750 us, workers (us): 6750, ---, ---, 
[109.107s][info][gc,stats    ]     CWR: VM Weak Roots             1213 us, workers (us): 1213, ---, ---, 
[109.107s][info][gc,stats    ]     CWR: CLDG Roots                 102 us, workers (us): 102, ---, ---, 
[109.107s][info][gc,stats    ]   Rendezvous                        235 us
[109.107s][info][gc,stats    ] Concurrent Cleanup                   46 us
[109.107s][info][gc,stats    ] Concurrent Class Unloading        53996 us
[109.107s][info][gc,stats    ]   Unlink Stale                    51243 us
[109.107s][info][gc,stats    ]     System Dictionary               394 us
[109.107s][info][gc,stats    ]     Weak Class Links              16391 us
[109.108s][info][gc,stats    ]     Code Roots                    34456 us
[109.108s][info][gc,stats    ]   Rendezvous                        582 us
[109.108s][info][gc,stats    ]   Purge Unlinked                   2113 us
[109.108s][info][gc,stats    ]     Code Roots                     2029 us
[109.108s][info][gc,stats    ]     CLDG                             83 us
[109.108s][info][gc,stats    ]     Exception Caches                  0 us
[109.108s][info][gc,stats    ] Concurrent Strong Roots             494 us, parallelism: 0.67x
[109.108s][info][gc,stats    ]   CSR: <total>                      333 us
[109.108s][info][gc,stats    ]   CSR: VM Strong Roots                8 us, workers (us):   8, ---, ---, 
[109.108s][info][gc,stats    ]   CSR: CLDG Roots                   325 us, workers (us): 325, ---, ---, 
[109.108s][info][gc,stats    ] Concurrent Evacuation              8256 us
[109.108s][info][gc,stats    ] Pause Init Update Refs (G)          220 us
[109.108s][info][gc,stats    ] Pause Init Update Refs (N)          114 us
[109.108s][info][gc,stats    ]   Manage GCLABs                      20 us
[109.108s][info][gc,stats    ] Concurrent Update Refs            68131 us
[109.108s][info][gc,stats    ] Concurrent Update Thread Roots     6618 us
[109.108s][info][gc,stats    ] Pause Final Update Refs (G)         204 us
[109.108s][info][gc,stats    ] Pause Final Update Refs (N)         134 us
[109.108s][info][gc,stats    ]   Update Region States               43 us
[109.108s][info][gc,stats    ]   Trash Collection Set               11 us
[109.108s][info][gc,stats    ]   Rebuild Free Set                   20 us
[109.108s][info][gc,stats    ] Concurrent Cleanup                   80 us
[109.108s][info][gc,stats    ] 
[109.108s][info][gc,stats    ] Allocation pacing accrued:
[109.108s][info][gc,stats    ]       0 of   581 ms (  0.0%): <total>
[109.108s][info][gc,stats    ]       0 of   581 ms (  0.0%): <average total>
[109.108s][info][gc,stats    ] 
[109.108s][info][gc,metaspace] Metaspace: 156081K(157248K)->156108K(157312K) NonClass: 138047K(138624K)->138070K(138688K) Class: 18034K(18624K)->18038K(18624K)
[109.108s][info][gc,ergo     ] Pacer for Idle. Initial: 163M, Alloc Tax Rate: 1.0x
[110.074s][info][gc          ] Trigger: Explicit GC request (System.gc())
[110.074s][info][gc,ergo     ] Free: 5874M, Max: 4096K regular, 5040M humongous, Frag: 15% external, 0% internal; Reserve: 412M, Max: 4096K
[110.074s][info][gc,start    ] GC(100) Concurrent reset
[110.074s][info][gc,task     ] GC(100) Using 1 of 3 workers for concurrent reset
[110.074s][info][gc,ergo     ] GC(100) Pacer for Reset. Non-Taxable: 8192M
[110.079s][info][gc          ] GC(100) Concurrent reset 4.972ms
[110.079s][info][gc,start    ] GC(100) Pause Init Mark (unload classes)
[110.079s][info][gc,task     ] GC(100) Using 3 of 3 workers for init marking
[110.079s][info][gc,ref      ] GC(100) Clearing All SoftReferences
[110.079s][info][gc,ergo     ] GC(100) Pacer for Mark. Expected Live: 152M, Free: 5874M, Non-Taxable: 587M, Alloc Tax Rate: 0.0x
[110.079s][info][gc          ] GC(100) Pause Init Mark (unload classes) 0.227ms
[110.080s][info][gc,start    ] GC(100) Concurrent marking roots
[110.080s][info][gc,task     ] GC(100) Using 1 of 3 workers for concurrent marking roots
[110.087s][info][gc          ] GC(100) Concurrent marking roots 7.467ms
[110.087s][info][gc,start    ] GC(100) Concurrent marking (unload classes)
[110.087s][info][gc,task     ] GC(100) Using 1 of 3 workers for concurrent marking
[110.140s][info][gc          ] GC(100) Concurrent marking (unload classes) 52.554ms
[110.140s][info][gc,start    ] GC(100) Pause Final Mark (unload classes)
[110.140s][info][gc,task     ] GC(100) Using 3 of 3 workers for final marking
[110.140s][info][gc,ergo     ] GC(100) Adaptive CSet Selection. Target Free: 1160M, Actual Free: 6801M, Max CSet: 341M, Min Garbage: 0B
[110.140s][info][gc,ergo     ] GC(100) Collectable Garbage: 1501M (99%), Immediate: 525M (34%), CSet: 976M (64%)
[110.140s][info][gc,ergo     ] GC(100) Pacer for Evacuation. Used CSet: 980M, Free: 6659M, Non-Taxable: 665M, Alloc Tax Rate: 1.1x
[110.140s][info][gc          ] GC(100) Pause Final Mark (unload classes) 0.542ms
[110.140s][info][gc,start    ] GC(100) Concurrent thread roots
[110.140s][info][gc,task     ] GC(100) Using 1 of 3 workers for Concurrent thread roots
[110.147s][info][gc          ] GC(100) Concurrent thread roots 6.583ms
[110.147s][info][gc,start    ] GC(100) Concurrent weak references
[110.147s][info][gc,task     ] GC(100) Using 1 of 3 workers for concurrent weak references
[110.148s][info][gc,ref      ] GC(100) Encountered references: Soft: 3586, Weak: 17967, Final: 53, Phantom: 598
[110.148s][info][gc,ref      ] GC(100) Discovered  references: Soft: 1314, Weak: 6851, Final: 0, Phantom: 373
[110.148s][info][gc,ref      ] GC(100) Enqueued    references: Soft: 848, Weak: 3400, Final: 0, Phantom: 0
[110.148s][info][gc          ] GC(100) Concurrent weak references 1.045ms
[110.148s][info][gc,start    ] GC(100) Concurrent weak roots
[110.148s][info][gc,task     ] GC(100) Using 1 of 3 workers for concurrent weak root
[110.158s][info][gc          ] GC(100) Concurrent weak roots 9.663ms
[110.158s][info][gc,start    ] GC(100) Concurrent cleanup
[110.158s][info][gc          ] GC(100) Concurrent cleanup 1900M->1374M(8192M) 0.041ms
[110.158s][info][gc,ergo     ] GC(100) Free: 6391M, Max: 4096K regular, 5072M humongous, Frag: 21% external, 0% internal; Reserve: 410M, Max: 4096K
[110.158s][info][gc,start    ] GC(100) Concurrent class unloading
[110.158s][info][gc,task     ] GC(100) Using 1 of 3 workers for concurrent class unloading
[110.209s][info][gc          ] GC(100) Concurrent class unloading 51.170ms
[110.209s][info][gc,start    ] GC(100) Concurrent strong roots
[110.209s][info][gc,task     ] GC(100) Using 1 of 3 workers for concurrent strong root
[110.209s][info][gc          ] GC(100) Concurrent strong roots 0.309ms
[110.209s][info][gc,start    ] GC(100) Concurrent evacuation
[110.209s][info][gc,task     ] GC(100) Using 1 of 3 workers for concurrent evacuation
[110.213s][info][gc          ] GC(100) Concurrent evacuation 3.764ms
[110.213s][info][gc,start    ] GC(100) Pause Init Update Refs
[110.213s][info][gc,ergo     ] GC(100) Pacer for Update Refs. Used: 1623M, Free: 6147M, Non-Taxable: 614M, Alloc Tax Rate: 1.1x
[110.213s][info][gc          ] GC(100) Pause Init Update Refs 0.147ms
[110.213s][info][gc,start    ] GC(100) Concurrent update references
[110.213s][info][gc,task     ] GC(100) Using 1 of 3 workers for concurrent reference update
[110.236s][info][gc          ] GC(100) Concurrent update references 22.336ms
[110.236s][info][gc,start    ] GC(100) Concurrent update thread roots
[110.243s][info][gc          ] GC(100) Concurrent update thread roots 7.464ms
[110.243s][info][gc,start    ] GC(100) Pause Final Update Refs
[110.243s][info][gc,task     ] GC(100) Using 3 of 3 workers for final reference update
[110.244s][info][gc          ] GC(100) Pause Final Update Refs 0.178ms
[110.244s][info][gc,start    ] GC(100) Concurrent cleanup
[110.244s][info][gc          ] GC(100) Concurrent cleanup 1623M->643M(8192M) 0.108ms
[110.244s][info][gc,ergo     ] Free: 7136M, Max: 4096K regular, 5220M humongous, Frag: 27% external, 0% internal; Reserve: 412M, Max: 4096K
[110.244s][info][gc,stats    ] 
[110.244s][info][gc,stats    ] All times are wall-clock times, except per-root-class counters, that are sum over
[110.244s][info][gc,stats    ] all workers. Dividing the <total> over the root stage time estimates parallelism.
[110.244s][info][gc,stats    ] 
[110.244s][info][gc,stats    ] Concurrent Reset                   5026 us
[110.244s][info][gc,stats    ] Pause Init Mark (G)                 419 us
[110.244s][info][gc,stats    ] Pause Init Mark (N)                 248 us
[110.244s][info][gc,stats    ]   Update Region States               68 us
[110.244s][info][gc,stats    ] Concurrent Mark Roots              7526 us, parallelism: 0.96x
[110.244s][info][gc,stats    ]   CMR: <total>                     7238 us
[110.244s][info][gc,stats    ]   CMR: Thread Roots                7076 us, workers (us): 7076, ---, ---, 
[110.244s][info][gc,stats    ]   CMR: VM Strong Roots               19 us, workers (us):  19, ---, ---, 
[110.244s][info][gc,stats    ]   CMR: CLDG Roots                   144 us, workers (us): 144, ---, ---, 
[110.244s][info][gc,stats    ] Concurrent Marking                52619 us
[110.244s][info][gc,stats    ] Pause Final Mark (G)                718 us
[110.244s][info][gc,stats    ] Pause Final Mark (N)                564 us
[110.244s][info][gc,stats    ]   Finish Mark                        99 us
[110.244s][info][gc,stats    ]   Update Region States               99 us
[110.244s][info][gc,stats    ]   Choose Collection Set             184 us
[110.244s][info][gc,stats    ]   Rebuild Free Set                   25 us
[110.244s][info][gc,stats    ] Concurrent Thread Roots            6624 us, parallelism: 0.98x
[110.244s][info][gc,stats    ]   CTR: <total>                     6464 us
[110.244s][info][gc,stats    ]   CTR: Thread Roots                6464 us, workers (us): 6464, ---, ---, 
[110.244s][info][gc,stats    ] Concurrent Weak References         1052 us, parallelism: 0.81x
[110.244s][info][gc,stats    ]   CWRF: <total>                     850 us
[110.244s][info][gc,stats    ]   CWRF: Weak References             850 us, workers (us): 850, ---, ---, 
[110.244s][info][gc,stats    ] Concurrent Weak Roots              9697 us
[110.244s][info][gc,stats    ]   Roots                            9466 us, parallelism: 0.99x
[110.244s][info][gc,stats    ]     CWR: <total>                   9415 us
[110.244s][info][gc,stats    ]     CWR: Code Cache Roots          8569 us, workers (us): 8569, ---, ---, 
[110.244s][info][gc,stats    ]     CWR: VM Weak Roots              767 us, workers (us): 767, ---, ---, 
[110.244s][info][gc,stats    ]     CWR: CLDG Roots                  80 us, workers (us):  80, ---, ---, 
[110.244s][info][gc,stats    ]   Rendezvous                        179 us
[110.244s][info][gc,stats    ] Concurrent Cleanup                   50 us
[110.244s][info][gc,stats    ] Concurrent Class Unloading        51217 us
[110.244s][info][gc,stats    ]   Unlink Stale                    48820 us
[110.244s][info][gc,stats    ]     System Dictionary              1847 us
[110.244s][info][gc,stats    ]     Weak Class Links              18300 us
[110.244s][info][gc,stats    ]     Code Roots                    28670 us
[110.244s][info][gc,stats    ]   Rendezvous                        254 us
[110.244s][info][gc,stats    ]   Purge Unlinked                   2076 us
[110.244s][info][gc,stats    ]     Code Roots                     1251 us
[110.244s][info][gc,stats    ]     CLDG                            825 us
[110.244s][info][gc,stats    ]     Exception Caches                  0 us
[110.244s][info][gc,stats    ] Concurrent Strong Roots             319 us, parallelism: 0.69x
[110.244s][info][gc,stats    ]   CSR: <total>                      221 us
[110.244s][info][gc,stats    ]   CSR: VM Strong Roots                8 us, workers (us):   8, ---, ---, 
[110.244s][info][gc,stats    ]   CSR: CLDG Roots                   213 us, workers (us): 213, ---, ---, 
[110.244s][info][gc,stats    ] Concurrent Evacuation              3787 us
[110.244s][info][gc,stats    ] Pause Init Update Refs (G)          259 us
[110.244s][info][gc,stats    ] Pause Init Update Refs (N)          173 us
[110.244s][info][gc,stats    ]   Manage GCLABs                      40 us
[110.244s][info][gc,stats    ] Concurrent Update Refs            22393 us
[110.244s][info][gc,stats    ] Concurrent Update Thread Roots     7488 us
[110.244s][info][gc,stats    ] Pause Final Update Refs (G)         298 us
[110.244s][info][gc,stats    ] Pause Final Update Refs (N)         196 us
[110.244s][info][gc,stats    ]   Update Region States               90 us
[110.244s][info][gc,stats    ]   Trash Collection Set               11 us
[110.244s][info][gc,stats    ]   Rebuild Free Set                   21 us
[110.245s][info][gc,stats    ] Concurrent Cleanup                  135 us
[110.245s][info][gc,stats    ] 
[110.245s][info][gc,stats    ] Allocation pacing accrued:
[110.245s][info][gc,stats    ]       0 of  1137 ms (  0.0%): <total>
[110.245s][info][gc,stats    ]       0 of  1137 ms (  0.0%): <average total>
[110.245s][info][gc,stats    ] 
[110.245s][info][gc,metaspace] Metaspace: 156326K(157568K)->155290K(157376K) NonClass: 138266K(138880K)->137401K(138752K) Class: 18060K(18688K)->17888K(18624K)
[110.245s][info][gc,ergo     ] Pacer for Idle. Initial: 163M, Alloc Tax Rate: 1.0x
[110.575s][info][gc          ] Trigger: Learning 2 of 5. Free (5632M) is below initial threshold (5734M)
[110.575s][info][gc,ergo     ] Free: 5628M, Max: 4096K regular, 5220M humongous, Frag: 8% external, 0% internal; Reserve: 412M, Max: 4096K
[110.575s][info][gc,start    ] GC(101) Concurrent reset
[110.575s][info][gc,task     ] GC(101) Using 1 of 3 workers for concurrent reset
[110.575s][info][gc,ergo     ] GC(101) Pacer for Reset. Non-Taxable: 8192M
[110.589s][info][gc          ] GC(101) Concurrent reset 14.202ms
[110.590s][info][gc,start    ] GC(101) Pause Init Mark (unload classes)
[110.590s][info][gc,task     ] GC(101) Using 3 of 3 workers for init marking
[110.590s][info][gc,ergo     ] GC(101) Pacer for Mark. Expected Live: 141M, Free: 5528M, Non-Taxable: 552M, Alloc Tax Rate: 0.0x
[110.590s][info][gc          ] GC(101) Pause Init Mark (unload classes) 0.140ms
[110.590s][info][gc,start    ] GC(101) Concurrent marking roots
[110.590s][info][gc,task     ] GC(101) Using 1 of 3 workers for concurrent marking roots
[110.599s][info][gc          ] GC(101) Concurrent marking roots 9.397ms
[110.599s][info][gc,start    ] GC(101) Concurrent marking (unload classes)
[110.599s][info][gc,task     ] GC(101) Using 1 of 3 workers for concurrent marking
[110.670s][info][gc          ] GC(101) Concurrent marking (unload classes) 71.007ms
[110.671s][info][gc,start    ] GC(101) Pause Final Mark (unload classes)
[110.671s][info][gc,task     ] GC(101) Using 3 of 3 workers for final marking
[110.671s][info][gc,ergo     ] GC(101) Adaptive CSet Selection. Target Free: 1160M, Actual Free: 6640M, Max CSet: 341M, Min Garbage: 0B
[110.671s][info][gc,ergo     ] GC(101) Collectable Garbage: 2037M (99%), Immediate: 1016M (49%), CSet: 1020M (49%)
[110.671s][info][gc,ergo     ] GC(101) Pacer for Evacuation. Used CSet: 1080M, Free: 6265M, Non-Taxable: 626M, Alloc Tax Rate: 1.1x
[110.671s][info][gc          ] GC(101) Pause Final Mark (unload classes) 0.253ms
[110.671s][info][gc,start    ] GC(101) Concurrent thread roots
[110.671s][info][gc,task     ] GC(101) Using 1 of 3 workers for Concurrent thread roots
[110.678s][info][gc          ] GC(101) Concurrent thread roots 7.232ms
[110.678s][info][gc,start    ] GC(101) Concurrent weak references
[110.678s][info][gc,task     ] GC(101) Using 1 of 3 workers for concurrent weak references
[110.678s][info][gc,ref      ] GC(101) Encountered references: Soft: 3714, Weak: 14988, Final: 53, Phantom: 598
[110.678s][info][gc,ref      ] GC(101) Discovered  references: Soft: 0, Weak: 2803, Final: 0, Phantom: 278
[110.678s][info][gc,ref      ] GC(101) Enqueued    references: Soft: 0, Weak: 212, Final: 0, Phantom: 0
[110.678s][info][gc          ] GC(101) Concurrent weak references 0.216ms
[110.678s][info][gc,start    ] GC(101) Concurrent weak roots
[110.678s][info][gc,task     ] GC(101) Using 1 of 3 workers for concurrent weak root
[110.687s][info][gc          ] GC(101) Concurrent weak roots 8.308ms
[110.687s][info][gc,start    ] GC(101) Concurrent cleanup
[110.687s][info][gc          ] GC(101) Concurrent cleanup 2605M->1588M(8192M) 0.067ms
[110.687s][info][gc,ergo     ] GC(101) Free: 6171M, Max: 4096K regular, 5120M humongous, Frag: 17% external, 0% internal; Reserve: 410M, Max: 4096K
[110.687s][info][gc,start    ] GC(101) Concurrent class unloading
[110.687s][info][gc,task     ] GC(101) Using 1 of 3 workers for concurrent class unloading
[110.741s][info][gc          ] GC(101) Concurrent class unloading 53.797ms
[110.741s][info][gc,start    ] GC(101) Concurrent strong roots
[110.741s][info][gc,task     ] GC(101) Using 1 of 3 workers for concurrent strong root
[110.741s][info][gc          ] GC(101) Concurrent strong roots 0.476ms
[110.741s][info][gc,start    ] GC(101) Concurrent evacuation
[110.741s][info][gc,task     ] GC(101) Using 1 of 3 workers for concurrent evacuation
[110.749s][info][gc          ] GC(101) Concurrent evacuation 7.946ms
[110.749s][info][gc,start    ] GC(101) Pause Init Update Refs
[110.749s][info][gc,ergo     ] GC(101) Pacer for Update Refs. Used: 1720M, Free: 6104M, Non-Taxable: 610M, Alloc Tax Rate: 1.1x
[110.749s][info][gc          ] GC(101) Pause Init Update Refs 0.068ms
[110.749s][info][gc,start    ] GC(101) Concurrent update references
[110.749s][info][gc,task     ] GC(101) Using 1 of 3 workers for concurrent reference update
[110.817s][info][gc          ] GC(101) Concurrent update references 67.935ms
[110.817s][info][gc,start    ] GC(101) Concurrent update thread roots
[110.824s][info][gc          ] GC(101) Concurrent update thread roots 6.875ms
[110.824s][info][gc,start    ] GC(101) Pause Final Update Refs
[110.824s][info][gc,task     ] GC(101) Using 3 of 3 workers for final reference update
[110.824s][info][gc          ] GC(101) Pause Final Update Refs 0.126ms
[110.824s][info][gc,start    ] GC(101) Concurrent cleanup
[110.825s][info][gc          ] GC(101) Concurrent cleanup 1787M->706M(8192M) 0.062ms
[110.825s][info][gc,ergo     ] Free: 7029M, Max: 4096K regular, 5048M humongous, Frag: 29% external, 0% internal; Reserve: 412M, Max: 4096K
[110.825s][info][gc,stats    ] 
[110.825s][info][gc,stats    ] All times are wall-clock times, except per-root-class counters, that are sum over
[110.825s][info][gc,stats    ] all workers. Dividing the <total> over the root stage time estimates parallelism.
[110.825s][info][gc,stats    ] 
[110.825s][info][gc,stats    ] Concurrent Reset                  14351 us
[110.825s][info][gc,stats    ] Pause Init Mark (G)                 431 us
[110.825s][info][gc,stats    ] Pause Init Mark (N)                 148 us
[110.825s][info][gc,stats    ]   Update Region States               49 us
[110.825s][info][gc,stats    ] Concurrent Mark Roots              9554 us, parallelism: 0.94x
[110.825s][info][gc,stats    ]   CMR: <total>                     9015 us
[110.825s][info][gc,stats    ]   CMR: Thread Roots                8867 us, workers (us): 8867, ---, ---, 
[110.825s][info][gc,stats    ]   CMR: VM Strong Roots               20 us, workers (us):  20, ---, ---, 
[110.825s][info][gc,stats    ]   CMR: CLDG Roots                   129 us, workers (us): 129, ---, ---, 
[110.825s][info][gc,stats    ] Concurrent Marking                71048 us
[110.825s][info][gc,stats    ] Pause Final Mark (G)                324 us
[110.825s][info][gc,stats    ] Pause Final Mark (N)                262 us
[110.825s][info][gc,stats    ]   Finish Mark                        63 us
[110.825s][info][gc,stats    ]   Update Region States               33 us
[110.825s][info][gc,stats    ]   Choose Collection Set              82 us
[110.825s][info][gc,stats    ]   Rebuild Free Set                    9 us
[110.825s][info][gc,stats    ] Concurrent Thread Roots            7281 us, parallelism: 0.99x
[110.825s][info][gc,stats    ]   CTR: <total>                     7181 us
[110.825s][info][gc,stats    ]   CTR: Thread Roots                7181 us, workers (us): 7181, ---, ---, 
[110.825s][info][gc,stats    ] Concurrent Weak References          223 us, parallelism: 0.69x
[110.825s][info][gc,stats    ]   CWRF: <total>                     155 us
[110.825s][info][gc,stats    ]   CWRF: Weak References             155 us, workers (us): 155, ---, ---, 
[110.825s][info][gc,stats    ] Concurrent Weak Roots              8364 us
[110.825s][info][gc,stats    ]   Roots                            8054 us, parallelism: 0.99x
[110.825s][info][gc,stats    ]     CWR: <total>                   7998 us
[110.825s][info][gc,stats    ]     CWR: Code Cache Roots          6677 us, workers (us): 6677, ---, ---, 
[110.825s][info][gc,stats    ]     CWR: VM Weak Roots             1222 us, workers (us): 1222, ---, ---, 
[110.825s][info][gc,stats    ]     CWR: CLDG Roots                  99 us, workers (us):  99, ---, ---, 
[110.825s][info][gc,stats    ]   Rendezvous                        234 us
[110.825s][info][gc,stats    ] Concurrent Cleanup                   85 us
[110.825s][info][gc,stats    ] Concurrent Class Unloading        53859 us
[110.825s][info][gc,stats    ]   Unlink Stale                    52077 us
[110.825s][info][gc,stats    ]     System Dictionary               455 us
[110.825s][info][gc,stats    ]     Weak Class Links              16795 us
[110.825s][info][gc,stats    ]     Code Roots                    34824 us
[110.825s][info][gc,stats    ]   Rendezvous                        250 us
[110.825s][info][gc,stats    ]   Purge Unlinked                   1435 us
[110.825s][info][gc,stats    ]     Code Roots                     1345 us
[110.825s][info][gc,stats    ]     CLDG                             88 us
[110.825s][info][gc,stats    ]     Exception Caches                  0 us
[110.825s][info][gc,stats    ] Concurrent Strong Roots             486 us, parallelism: 0.68x
[110.825s][info][gc,stats    ]   CSR: <total>                      330 us
[110.825s][info][gc,stats    ]   CSR: VM Strong Roots                8 us, workers (us):   8, ---, ---, 
[110.825s][info][gc,stats    ]   CSR: CLDG Roots                   323 us, workers (us): 323, ---, ---, 
[110.825s][info][gc,stats    ] Concurrent Evacuation              8010 us
[110.825s][info][gc,stats    ] Pause Init Update Refs (G)          167 us
[110.825s][info][gc,stats    ] Pause Init Update Refs (N)           76 us
[110.825s][info][gc,stats    ]   Manage GCLABs                      18 us
[110.825s][info][gc,stats    ] Concurrent Update Refs            67997 us
[110.825s][info][gc,stats    ] Concurrent Update Thread Roots     6933 us
[110.825s][info][gc,stats    ] Pause Final Update Refs (G)         228 us
[110.825s][info][gc,stats    ] Pause Final Update Refs (N)         137 us
[110.825s][info][gc,stats    ]   Update Region States               48 us
[110.825s][info][gc,stats    ]   Trash Collection Set                9 us
[110.825s][info][gc,stats    ]   Rebuild Free Set                   18 us
[110.825s][info][gc,stats    ] Concurrent Cleanup                   91 us
[110.825s][info][gc,stats    ] 
[110.825s][info][gc,stats    ] Allocation pacing accrued:
[110.825s][info][gc,stats    ]       0 of   581 ms (  0.0%): <total>
[110.825s][info][gc,stats    ]       0 of   581 ms (  0.0%): <average total>
[110.825s][info][gc,stats    ] 
[110.825s][info][gc,metaspace] Metaspace: 156155K(157376K)->156181K(157376K) NonClass: 138120K(138752K)->138143K(138752K) Class: 18034K(18624K)->18038K(18624K)
[110.825s][info][gc,ergo     ] Pacer for Idle. Initial: 163M, Alloc Tax Rate: 1.0x
[111.793s][info][gc          ] Trigger: Explicit GC request (System.gc())
[111.793s][info][gc,ergo     ] Free: 5867M, Max: 4096K regular, 5048M humongous, Frag: 14% external, 0% internal; Reserve: 412M, Max: 4096K
[111.793s][info][gc,start    ] GC(102) Concurrent reset
[111.793s][info][gc,task     ] GC(102) Using 1 of 3 workers for concurrent reset
[111.793s][info][gc,ergo     ] GC(102) Pacer for Reset. Non-Taxable: 8192M
[111.799s][info][gc          ] GC(102) Concurrent reset 5.290ms
[111.799s][info][gc,start    ] GC(102) Pause Init Mark (unload classes)
[111.799s][info][gc,task     ] GC(102) Using 3 of 3 workers for init marking
[111.799s][info][gc,ref      ] GC(102) Clearing All SoftReferences
[111.799s][info][gc,ergo     ] GC(102) Pacer for Mark. Expected Live: 152M, Free: 5867M, Non-Taxable: 586M, Alloc Tax Rate: 0.0x
[111.799s][info][gc          ] GC(102) Pause Init Mark (unload classes) 0.128ms
[111.799s][info][gc,start    ] GC(102) Concurrent marking roots
[111.799s][info][gc,task     ] GC(102) Using 1 of 3 workers for concurrent marking roots
[111.807s][info][gc          ] GC(102) Concurrent marking roots 8.110ms
[111.807s][info][gc,start    ] GC(102) Concurrent marking (unload classes)
[111.807s][info][gc,task     ] GC(102) Using 1 of 3 workers for concurrent marking
[111.859s][info][gc          ] GC(102) Concurrent marking (unload classes) 51.931ms
[111.859s][info][gc,start    ] GC(102) Pause Final Mark (unload classes)
[111.859s][info][gc,task     ] GC(102) Using 3 of 3 workers for final marking
[111.859s][info][gc,ergo     ] GC(102) Adaptive CSet Selection. Target Free: 1160M, Actual Free: 6812M, Max CSet: 341M, Min Garbage: 0B
[111.860s][info][gc,ergo     ] GC(102) Collectable Garbage: 1509M (99%), Immediate: 544M (35%), CSet: 964M (63%)
[111.860s][info][gc,ergo     ] GC(102) Pacer for Evacuation. Used CSet: 975M, Free: 6675M, Non-Taxable: 667M, Alloc Tax Rate: 1.1x
[111.860s][info][gc          ] GC(102) Pause Final Mark (unload classes) 0.473ms
[111.860s][info][gc,start    ] GC(102) Concurrent thread roots
[111.860s][info][gc,task     ] GC(102) Using 1 of 3 workers for Concurrent thread roots
[111.867s][info][gc          ] GC(102) Concurrent thread roots 7.474ms
[111.867s][info][gc,start    ] GC(102) Concurrent weak references
[111.867s][info][gc,task     ] GC(102) Using 1 of 3 workers for concurrent weak references
[111.868s][info][gc,ref      ] GC(102) Encountered references: Soft: 3587, Weak: 17963, Final: 53, Phantom: 598
[111.868s][info][gc,ref      ] GC(102) Discovered  references: Soft: 1315, Weak: 6871, Final: 0, Phantom: 278
[111.868s][info][gc,ref      ] GC(102) Enqueued    references: Soft: 849, Weak: 3397, Final: 0, Phantom: 0
[111.868s][info][gc          ] GC(102) Concurrent weak references 1.257ms
[111.868s][info][gc,start    ] GC(102) Concurrent weak roots
[111.868s][info][gc,task     ] GC(102) Using 1 of 3 workers for concurrent weak root
[111.878s][info][gc          ] GC(102) Concurrent weak roots 9.580ms
[111.878s][info][gc,start    ] GC(102) Concurrent cleanup
[111.878s][info][gc          ] GC(102) Concurrent cleanup 2029M->1485M(8192M) 0.041ms
[111.878s][info][gc,ergo     ] GC(102) Free: 6283M, Max: 4096K regular, 5092M humongous, Frag: 19% external, 0% internal; Reserve: 410M, Max: 4096K
[111.878s][info][gc,start    ] GC(102) Concurrent class unloading
[111.878s][info][gc,task     ] GC(102) Using 1 of 3 workers for concurrent class unloading
[111.928s][info][gc          ] GC(102) Concurrent class unloading 50.124ms
[111.928s][info][gc,start    ] GC(102) Concurrent strong roots
[111.928s][info][gc,task     ] GC(102) Using 1 of 3 workers for concurrent strong root
[111.929s][info][gc          ] GC(102) Concurrent strong roots 0.339ms
[111.929s][info][gc,start    ] GC(102) Concurrent evacuation
[111.929s][info][gc,task     ] GC(102) Using 1 of 3 workers for concurrent evacuation
[111.936s][info][gc          ] GC(102) Concurrent evacuation 6.929ms
[111.936s][info][gc,start    ] GC(102) Pause Init Update Refs
[111.936s][info][gc,ergo     ] GC(102) Pacer for Update Refs. Used: 1619M, Free: 6159M, Non-Taxable: 615M, Alloc Tax Rate: 1.1x
[111.936s][info][gc          ] GC(102) Pause Init Update Refs 0.142ms
[111.936s][info][gc,start    ] GC(102) Concurrent update references
[111.936s][info][gc,task     ] GC(102) Using 1 of 3 workers for concurrent reference update
[111.958s][info][gc          ] GC(102) Concurrent update references 22.513ms
[111.959s][info][gc,start    ] GC(102) Concurrent update thread roots
[111.966s][info][gc          ] GC(102) Concurrent update thread roots 7.359ms
[111.966s][info][gc,start    ] GC(102) Pause Final Update Refs
[111.966s][info][gc,task     ] GC(102) Using 3 of 3 workers for final reference update
[111.966s][info][gc          ] GC(102) Pause Final Update Refs 0.160ms
[111.966s][info][gc,start    ] GC(102) Concurrent cleanup
[111.966s][info][gc          ] GC(102) Concurrent cleanup 1619M->644M(8192M) 0.091ms
[111.966s][info][gc,ergo     ] Free: 7135M, Max: 4096K regular, 5224M humongous, Frag: 27% external, 0% internal; Reserve: 412M, Max: 4096K
[111.966s][info][gc,stats    ] 
[111.966s][info][gc,stats    ] All times are wall-clock times, except per-root-class counters, that are sum over
[111.966s][info][gc,stats    ] all workers. Dividing the <total> over the root stage time estimates parallelism.
[111.966s][info][gc,stats    ] 
[111.966s][info][gc,stats    ] Concurrent Reset                   5353 us
[111.966s][info][gc,stats    ] Pause Init Mark (G)                 286 us
[111.966s][info][gc,stats    ] Pause Init Mark (N)                 136 us
[111.966s][info][gc,stats    ]   Update Region States               41 us
[111.966s][info][gc,stats    ] Concurrent Mark Roots              8174 us, parallelism: 0.96x
[111.966s][info][gc,stats    ]   CMR: <total>                     7852 us
[111.966s][info][gc,stats    ]   CMR: Thread Roots                7694 us, workers (us): 7694, ---, ---, 
[111.966s][info][gc,stats    ]   CMR: VM Strong Roots               19 us, workers (us):  19, ---, ---, 
[111.966s][info][gc,stats    ]   CMR: CLDG Roots                   138 us, workers (us): 138, ---, ---, 
[111.966s][info][gc,stats    ] Concurrent Marking                51987 us
[111.966s][info][gc,stats    ] Pause Final Mark (G)                597 us
[111.966s][info][gc,stats    ] Pause Final Mark (N)                490 us
[111.966s][info][gc,stats    ]   Finish Mark                       113 us
[111.967s][info][gc,stats    ]   Update Region States               88 us
[111.967s][info][gc,stats    ]   Choose Collection Set             145 us
[111.967s][info][gc,stats    ]   Rebuild Free Set                   19 us
[111.967s][info][gc,stats    ] Concurrent Thread Roots            7520 us, parallelism: 0.98x
[111.967s][info][gc,stats    ]   CTR: <total>                     7343 us
[111.967s][info][gc,stats    ]   CTR: Thread Roots                7343 us, workers (us): 7343, ---, ---, 
[111.967s][info][gc,stats    ] Concurrent Weak References         1265 us, parallelism: 0.76x
[111.967s][info][gc,stats    ]   CWRF: <total>                     957 us
[111.967s][info][gc,stats    ]   CWRF: Weak References             957 us, workers (us): 957, ---, ---, 
[111.967s][info][gc,stats    ] Concurrent Weak Roots              9622 us
[111.967s][info][gc,stats    ]   Roots                            9372 us, parallelism: 0.99x
[111.967s][info][gc,stats    ]     CWR: <total>                   9306 us
[111.967s][info][gc,stats    ]     CWR: Code Cache Roots          8186 us, workers (us): 8186, ---, ---, 
[111.967s][info][gc,stats    ]     CWR: VM Weak Roots             1039 us, workers (us): 1039, ---, ---, 
[111.967s][info][gc,stats    ]     CWR: CLDG Roots                  81 us, workers (us):  81, ---, ---, 
[111.967s][info][gc,stats    ]   Rendezvous                        189 us
[111.967s][info][gc,stats    ] Concurrent Cleanup                   51 us
[111.967s][info][gc,stats    ] Concurrent Class Unloading        50172 us
[111.967s][info][gc,stats    ]   Unlink Stale                    47377 us
[111.967s][info][gc,stats    ]     System Dictionary              1935 us
[111.967s][info][gc,stats    ]     Weak Class Links              17710 us
[111.967s][info][gc,stats    ]     Code Roots                    27730 us
[111.967s][info][gc,stats    ]   Rendezvous                        211 us
[111.967s][info][gc,stats    ]   Purge Unlinked                   2511 us
[111.967s][info][gc,stats    ]     Code Roots                     1420 us
[111.967s][info][gc,stats    ]     CLDG                           1090 us
[111.967s][info][gc,stats    ]     Exception Caches                  0 us
[111.967s][info][gc,stats    ] Concurrent Strong Roots             358 us, parallelism: 0.60x
[111.967s][info][gc,stats    ]   CSR: <total>                      215 us
[111.967s][info][gc,stats    ]   CSR: VM Strong Roots                9 us, workers (us):   9, ---, ---, 
[111.967s][info][gc,stats    ]   CSR: CLDG Roots                   207 us, workers (us): 207, ---, ---, 
[111.967s][info][gc,stats    ] Concurrent Evacuation              6984 us
[111.967s][info][gc,stats    ] Pause Init Update Refs (G)          297 us
[111.967s][info][gc,stats    ] Pause Init Update Refs (N)          163 us
[111.967s][info][gc,stats    ]   Manage GCLABs                      42 us
[111.967s][info][gc,stats    ] Concurrent Update Refs            22582 us
[111.967s][info][gc,stats    ] Concurrent Update Thread Roots     7408 us
[111.967s][info][gc,stats    ] Pause Final Update Refs (G)         279 us
[111.967s][info][gc,stats    ] Pause Final Update Refs (N)         178 us
[111.967s][info][gc,stats    ]   Update Region States               85 us
[111.967s][info][gc,stats    ]   Trash Collection Set               11 us
[111.967s][info][gc,stats    ]   Rebuild Free Set                   21 us
[111.967s][info][gc,stats    ] Concurrent Cleanup                  101 us
[111.967s][info][gc,stats    ] 
[111.967s][info][gc,stats    ] Allocation pacing accrued:
[111.967s][info][gc,stats    ]       0 of  1142 ms (  0.0%): <total>
[111.967s][info][gc,stats    ]       0 of  1142 ms (  0.0%): <average total>
[111.967s][info][gc,stats    ] 
[111.967s][info][gc,metaspace] Metaspace: 156384K(157632K)->155351K(157568K) NonClass: 138323K(138944K)->137462K(138944K) Class: 18060K(18688K)->17889K(18624K)
[111.967s][info][gc,ergo     ] Pacer for Idle. Initial: 163M, Alloc Tax Rate: 1.0x
[112.317s][info][gc          ] Trigger: Learning 2 of 5. Free (5631M) is below initial threshold (5734M)
[112.317s][info][gc,ergo     ] Free: 5631M, Max: 4096K regular, 5224M humongous, Frag: 8% external, 0% internal; Reserve: 412M, Max: 4096K
[112.317s][info][gc,start    ] GC(103) Concurrent reset
[112.317s][info][gc,task     ] GC(103) Using 1 of 3 workers for concurrent reset
[112.317s][info][gc,ergo     ] GC(103) Pacer for Reset. Non-Taxable: 8192M
[112.332s][info][gc          ] GC(103) Concurrent reset 14.369ms
[112.332s][info][gc,start    ] GC(103) Pause Init Mark (unload classes)
[112.332s][info][gc,task     ] GC(103) Using 3 of 3 workers for init marking
[112.332s][info][gc,ergo     ] GC(103) Pacer for Mark. Expected Live: 141M, Free: 5523M, Non-Taxable: 552M, Alloc Tax Rate: 0.0x
[112.332s][info][gc          ] GC(103) Pause Init Mark (unload classes) 0.125ms
[112.332s][info][gc,start    ] GC(103) Concurrent marking roots
[112.332s][info][gc,task     ] GC(103) Using 1 of 3 workers for concurrent marking roots
[112.342s][info][gc          ] GC(103) Concurrent marking roots 9.943ms
[112.342s][info][gc,start    ] GC(103) Concurrent marking (unload classes)
[112.342s][info][gc,task     ] GC(103) Using 1 of 3 workers for concurrent marking
[112.412s][info][gc          ] GC(103) Concurrent marking (unload classes) 69.368ms
[112.412s][info][gc,start    ] GC(103) Pause Final Mark (unload classes)
[112.412s][info][gc,task     ] GC(103) Using 3 of 3 workers for final marking
[112.412s][info][gc,ergo     ] GC(103) Adaptive CSet Selection. Target Free: 1160M, Actual Free: 6570M, Max CSet: 341M, Min Garbage: 0B
[112.412s][info][gc,ergo     ] GC(103) Collectable Garbage: 2038M (99%), Immediate: 950M (46%), CSet: 1087M (53%)
[112.412s][info][gc,ergo     ] GC(103) Pacer for Evacuation. Used CSet: 1148M, Free: 6197M, Non-Taxable: 619M, Alloc Tax Rate: 1.1x
[112.412s][info][gc          ] GC(103) Pause Final Mark (unload classes) 0.221ms
[112.412s][info][gc,start    ] GC(103) Concurrent thread roots
[112.412s][info][gc,task     ] GC(103) Using 1 of 3 workers for Concurrent thread roots
[112.420s][info][gc          ] GC(103) Concurrent thread roots 7.635ms
[112.420s][info][gc,start    ] GC(103) Concurrent weak references
[112.420s][info][gc,task     ] GC(103) Using 1 of 3 workers for concurrent weak references
[112.420s][info][gc,ref      ] GC(103) Encountered references: Soft: 3714, Weak: 14991, Final: 53, Phantom: 598
[112.420s][info][gc,ref      ] GC(103) Discovered  references: Soft: 0, Weak: 2821, Final: 0, Phantom: 278
[112.420s][info][gc,ref      ] GC(103) Enqueued    references: Soft: 0, Weak: 211, Final: 0, Phantom: 0
[112.420s][info][gc          ] GC(103) Concurrent weak references 0.215ms
[112.420s][info][gc,start    ] GC(103) Concurrent weak roots
[112.420s][info][gc,task     ] GC(103) Using 1 of 3 workers for concurrent weak root
[112.429s][info][gc          ] GC(103) Concurrent weak roots 8.926ms
[112.429s][info][gc,start    ] GC(103) Concurrent cleanup
[112.429s][info][gc          ] GC(103) Concurrent cleanup 2633M->1683M(8192M) 0.036ms
[112.429s][info][gc,ergo     ] GC(103) Free: 6095M, Max: 4096K regular, 5108M humongous, Frag: 17% external, 0% internal; Reserve: 391M, Max: 4096K
[112.429s][info][gc,start    ] GC(103) Concurrent class unloading
[112.429s][info][gc,task     ] GC(103) Using 1 of 3 workers for concurrent class unloading
[112.481s][info][gc          ] GC(103) Concurrent class unloading 51.610ms
[112.481s][info][gc,start    ] GC(103) Concurrent strong roots
[112.481s][info][gc,task     ] GC(103) Using 1 of 3 workers for concurrent strong root
[112.481s][info][gc          ] GC(103) Concurrent strong roots 0.453ms
[112.481s][info][gc,start    ] GC(103) Concurrent evacuation
[112.481s][info][gc,task     ] GC(103) Using 1 of 3 workers for concurrent evacuation
[112.489s][info][gc          ] GC(103) Concurrent evacuation 8.342ms
[112.490s][info][gc,start    ] GC(103) Pause Init Update Refs
[112.490s][info][gc,ergo     ] GC(103) Pacer for Update Refs. Used: 1791M, Free: 6028M, Non-Taxable: 602M, Alloc Tax Rate: 1.1x
[112.490s][info][gc          ] GC(103) Pause Init Update Refs 0.061ms
[112.490s][info][gc,start    ] GC(103) Concurrent update references
[112.490s][info][gc,task     ] GC(103) Using 1 of 3 workers for concurrent reference update
[112.557s][info][gc          ] GC(103) Concurrent update references 67.061ms
[112.557s][info][gc,start    ] GC(103) Concurrent update thread roots
[112.563s][info][gc          ] GC(103) Concurrent update thread roots 6.636ms
[112.564s][info][gc,start    ] GC(103) Pause Final Update Refs
[112.564s][info][gc,task     ] GC(103) Using 3 of 3 workers for final reference update
[112.564s][info][gc          ] GC(103) Pause Final Update Refs 0.116ms
[112.564s][info][gc,start    ] GC(103) Concurrent cleanup
[112.564s][info][gc          ] GC(103) Concurrent cleanup 1843M->703M(8192M) 0.051ms
[112.564s][info][gc,ergo     ] Free: 7036M, Max: 4096K regular, 5036M humongous, Frag: 29% external, 0% internal; Reserve: 412M, Max: 4096K
[112.564s][info][gc,stats    ] 
[112.564s][info][gc,stats    ] All times are wall-clock times, except per-root-class counters, that are sum over
[112.564s][info][gc,stats    ] all workers. Dividing the <total> over the root stage time estimates parallelism.
[112.564s][info][gc,stats    ] 
[112.564s][info][gc,stats    ] Concurrent Reset                  14523 us
[112.564s][info][gc,stats    ] Pause Init Mark (G)                 414 us
[112.564s][info][gc,stats    ] Pause Init Mark (N)                 133 us
[112.564s][info][gc,stats    ]   Update Region States               43 us
[112.564s][info][gc,stats    ] Concurrent Mark Roots             10088 us, parallelism: 0.94x
[112.564s][info][gc,stats    ]   CMR: <total>                     9516 us
[112.564s][info][gc,stats    ]   CMR: Thread Roots                9211 us, workers (us): 9211, ---, ---, 
[112.564s][info][gc,stats    ]   CMR: VM Strong Roots              137 us, workers (us): 137, ---, ---, 
[112.564s][info][gc,stats    ]   CMR: CLDG Roots                   168 us, workers (us): 168, ---, ---, 
[112.564s][info][gc,stats    ] Concurrent Marking                69426 us
[112.564s][info][gc,stats    ] Pause Final Mark (G)                305 us
[112.564s][info][gc,stats    ] Pause Final Mark (N)                229 us
[112.564s][info][gc,stats    ]   Finish Mark                        60 us
[112.564s][info][gc,stats    ]   Update Region States               33 us
[112.564s][info][gc,stats    ]   Choose Collection Set              61 us
[112.564s][info][gc,stats    ]   Rebuild Free Set                    9 us
[112.564s][info][gc,stats    ] Concurrent Thread Roots            7680 us, parallelism: 0.99x
[112.564s][info][gc,stats    ]   CTR: <total>                     7574 us
[112.564s][info][gc,stats    ]   CTR: Thread Roots                7574 us, workers (us): 7574, ---, ---, 
[112.564s][info][gc,stats    ] Concurrent Weak References          222 us, parallelism: 0.67x
[112.564s][info][gc,stats    ]   CWRF: <total>                     150 us
[112.564s][info][gc,stats    ]   CWRF: Weak References             150 us, workers (us): 150, ---, ---, 
[112.564s][info][gc,stats    ] Concurrent Weak Roots              8959 us
[112.564s][info][gc,stats    ]   Roots                            8748 us, parallelism: 0.99x
[112.564s][info][gc,stats    ]     CWR: <total>                   8701 us
[112.564s][info][gc,stats    ]     CWR: Code Cache Roots          6795 us, workers (us): 6795, ---, ---, 
[112.564s][info][gc,stats    ]     CWR: VM Weak Roots             1807 us, workers (us): 1807, ---, ---, 
[112.564s][info][gc,stats    ]     CWR: CLDG Roots                  99 us, workers (us):  99, ---, ---, 
[112.564s][info][gc,stats    ]   Rendezvous                        161 us
[112.564s][info][gc,stats    ] Concurrent Cleanup                   44 us
[112.564s][info][gc,stats    ] Concurrent Class Unloading        51644 us
[112.564s][info][gc,stats    ]   Unlink Stale                    49710 us
[112.564s][info][gc,stats    ]     System Dictionary               410 us
[112.564s][info][gc,stats    ]     Weak Class Links              16104 us
[112.564s][info][gc,stats    ]     Code Roots                    33194 us
[112.564s][info][gc,stats    ]   Rendezvous                        202 us
[112.564s][info][gc,stats    ]   Purge Unlinked                   1679 us
[112.564s][info][gc,stats    ]     Code Roots                     1581 us
[112.564s][info][gc,stats    ]     CLDG                             98 us
[112.564s][info][gc,stats    ]     Exception Caches                  0 us
[112.564s][info][gc,stats    ] Concurrent Strong Roots             483 us, parallelism: 0.68x
[112.564s][info][gc,stats    ]   CSR: <total>                      328 us
[112.564s][info][gc,stats    ]   CSR: VM Strong Roots                8 us, workers (us):   8, ---, ---, 
[112.564s][info][gc,stats    ]   CSR: CLDG Roots                   320 us, workers (us): 320, ---, ---, 
[112.564s][info][gc,stats    ] Concurrent Evacuation              8389 us
[112.564s][info][gc,stats    ] Pause Init Update Refs (G)          139 us
[112.564s][info][gc,stats    ] Pause Init Update Refs (N)           70 us
[112.564s][info][gc,stats    ]   Manage GCLABs                      16 us
[112.564s][info][gc,stats    ] Concurrent Update Refs            67120 us
[112.564s][info][gc,stats    ] Concurrent Update Thread Roots     6700 us
[112.564s][info][gc,stats    ] Pause Final Update Refs (G)         228 us
[112.564s][info][gc,stats    ] Pause Final Update Refs (N)         134 us
[112.564s][info][gc,stats    ]   Update Region States               43 us
[112.564s][info][gc,stats    ]   Trash Collection Set                9 us
[112.564s][info][gc,stats    ]   Rebuild Free Set                   17 us
[112.564s][info][gc,stats    ] Concurrent Cleanup                   61 us
[112.564s][info][gc,stats    ] 
[112.564s][info][gc,stats    ] Allocation pacing accrued:
[112.564s][info][gc,stats    ]       0 of   597 ms (  0.0%): <total>
[112.564s][info][gc,stats    ]       0 of   597 ms (  0.0%): <average total>
[112.564s][info][gc,stats    ] 
[112.564s][info][gc,metaspace] Metaspace: 156214K(157568K)->156232K(157568K) NonClass: 138176K(138944K)->138193K(138944K) Class: 18037K(18624K)->18038K(18624K)
[112.564s][info][gc,ergo     ] Pacer for Idle. Initial: 163M, Alloc Tax Rate: 1.0x
[113.500s][info][gc          ] Trigger: Explicit GC request (System.gc())
[113.500s][info][gc,ergo     ] Free: 5879M, Max: 4096K regular, 5036M humongous, Frag: 15% external, 0% internal; Reserve: 412M, Max: 4096K
[113.500s][info][gc,start    ] GC(104) Concurrent reset
[113.500s][info][gc,task     ] GC(104) Using 1 of 3 workers for concurrent reset
[113.500s][info][gc,ergo     ] GC(104) Pacer for Reset. Non-Taxable: 8192M
[113.506s][info][gc          ] GC(104) Concurrent reset 5.410ms
[113.506s][info][gc,start    ] GC(104) Pause Init Mark (unload classes)
[113.506s][info][gc,task     ] GC(104) Using 3 of 3 workers for init marking
[113.506s][info][gc,ref      ] GC(104) Clearing All SoftReferences
[113.506s][info][gc,ergo     ] GC(104) Pacer for Mark. Expected Live: 153M, Free: 5879M, Non-Taxable: 587M, Alloc Tax Rate: 0.0x
[113.506s][info][gc          ] GC(104) Pause Init Mark (unload classes) 0.242ms
[113.506s][info][gc,start    ] GC(104) Concurrent marking roots
[113.506s][info][gc,task     ] GC(104) Using 1 of 3 workers for concurrent marking roots
[113.513s][info][gc          ] GC(104) Concurrent marking roots 6.848ms
[113.513s][info][gc,start    ] GC(104) Concurrent marking (unload classes)
[113.513s][info][gc,task     ] GC(104) Using 1 of 3 workers for concurrent marking
[113.567s][info][gc          ] GC(104) Concurrent marking (unload classes) 53.984ms
[113.567s][info][gc,start    ] GC(104) Pause Final Mark (unload classes)
[113.567s][info][gc,task     ] GC(104) Using 3 of 3 workers for final marking
[113.568s][info][gc,ergo     ] GC(104) Adaptive CSet Selection. Target Free: 1160M, Actual Free: 6834M, Max CSet: 341M, Min Garbage: 0B
[113.568s][info][gc,ergo     ] GC(104) Collectable Garbage: 1497M (99%), Immediate: 554M (36%), CSet: 943M (62%)
[113.568s][info][gc,ergo     ] GC(104) Pacer for Evacuation. Used CSet: 948M, Free: 6695M, Non-Taxable: 669M, Alloc Tax Rate: 1.1x
[113.568s][info][gc          ] GC(104) Pause Final Mark (unload classes) 0.475ms
[113.568s][info][gc,start    ] GC(104) Concurrent thread roots
[113.568s][info][gc,task     ] GC(104) Using 1 of 3 workers for Concurrent thread roots
[113.575s][info][gc          ] GC(104) Concurrent thread roots 6.687ms
[113.575s][info][gc,start    ] GC(104) Concurrent weak references
[113.575s][info][gc,task     ] GC(104) Using 1 of 3 workers for concurrent weak references
[113.576s][info][gc,ref      ] GC(104) Encountered references: Soft: 3586, Weak: 17967, Final: 53, Phantom: 598
[113.576s][info][gc,ref      ] GC(104) Discovered  references: Soft: 1314, Weak: 6851, Final: 0, Phantom: 373
[113.576s][info][gc,ref      ] GC(104) Enqueued    references: Soft: 848, Weak: 3400, Final: 0, Phantom: 0
[113.576s][info][gc          ] GC(104) Concurrent weak references 1.078ms
[113.576s][info][gc,start    ] GC(104) Concurrent weak roots
[113.576s][info][gc,task     ] GC(104) Using 1 of 3 workers for concurrent weak root
[113.585s][info][gc          ] GC(104) Concurrent weak roots 9.519ms
[113.585s][info][gc,start    ] GC(104) Concurrent cleanup
[113.585s][info][gc          ] GC(104) Concurrent cleanup 2040M->1486M(8192M) 0.040ms
[113.585s][info][gc,ergo     ] GC(104) Free: 6283M, Max: 4096K regular, 5080M humongous, Frag: 20% external, 0% internal; Reserve: 410M, Max: 4096K
[113.585s][info][gc,start    ] GC(104) Concurrent class unloading
[113.585s][info][gc,task     ] GC(104) Using 1 of 3 workers for concurrent class unloading
[113.636s][info][gc          ] GC(104) Concurrent class unloading 50.438ms
[113.636s][info][gc,start    ] GC(104) Concurrent strong roots
[113.636s][info][gc,task     ] GC(104) Using 1 of 3 workers for concurrent strong root
[113.636s][info][gc          ] GC(104) Concurrent strong roots 0.325ms
[113.636s][info][gc,start    ] GC(104) Concurrent evacuation
[113.636s][info][gc,task     ] GC(104) Using 1 of 3 workers for concurrent evacuation
[113.640s][info][gc          ] GC(104) Concurrent evacuation 3.775ms
[113.640s][info][gc,start    ] GC(104) Pause Init Update Refs
[113.640s][info][gc,ergo     ] GC(104) Pacer for Update Refs. Used: 1583M, Free: 6191M, Non-Taxable: 619M, Alloc Tax Rate: 1.1x
[113.640s][info][gc          ] GC(104) Pause Init Update Refs 0.140ms
[113.640s][info][gc,start    ] GC(104) Concurrent update references
[113.640s][info][gc,task     ] GC(104) Using 1 of 3 workers for concurrent reference update
[113.663s][info][gc          ] GC(104) Concurrent update references 22.194ms
[113.663s][info][gc,start    ] GC(104) Concurrent update thread roots
[113.670s][info][gc          ] GC(104) Concurrent update thread roots 7.494ms
[113.670s][info][gc,start    ] GC(104) Pause Final Update Refs
[113.670s][info][gc,task     ] GC(104) Using 3 of 3 workers for final reference update
[113.670s][info][gc          ] GC(104) Pause Final Update Refs 0.160ms
[113.670s][info][gc,start    ] GC(104) Concurrent cleanup
[113.671s][info][gc          ] GC(104) Concurrent cleanup 1583M->635M(8192M) 0.105ms
[113.671s][info][gc,ergo     ] Free: 7144M, Max: 4096K regular, 5220M humongous, Frag: 27% external, 0% internal; Reserve: 412M, Max: 4096K
[113.671s][info][gc,stats    ] 
[113.671s][info][gc,stats    ] All times are wall-clock times, except per-root-class counters, that are sum over
[113.671s][info][gc,stats    ] all workers. Dividing the <total> over the root stage time estimates parallelism.
[113.671s][info][gc,stats    ] 
[113.671s][info][gc,stats    ] Concurrent Reset                   5477 us
[113.671s][info][gc,stats    ] Pause Init Mark (G)                 478 us
[113.671s][info][gc,stats    ] Pause Init Mark (N)                 263 us
[113.671s][info][gc,stats    ]   Update Region States               78 us
[113.671s][info][gc,stats    ] Concurrent Mark Roots              6895 us, parallelism: 0.96x
[113.671s][info][gc,stats    ]   CMR: <total>                     6598 us
[113.671s][info][gc,stats    ]   CMR: Thread Roots                6511 us, workers (us): 6511, ---, ---, 
[113.671s][info][gc,stats    ]   CMR: VM Strong Roots               15 us, workers (us):  15, ---, ---, 
[113.671s][info][gc,stats    ]   CMR: CLDG Roots                    72 us, workers (us):  72, ---, ---, 
[113.671s][info][gc,stats    ] Concurrent Marking                54051 us
[113.671s][info][gc,stats    ] Pause Final Mark (G)                645 us
[113.671s][info][gc,stats    ] Pause Final Mark (N)                497 us
[113.671s][info][gc,stats    ]   Finish Mark                        96 us
[113.671s][info][gc,stats    ]   Update Region States               66 us
[113.671s][info][gc,stats    ]   Choose Collection Set             158 us
[113.671s][info][gc,stats    ]   Rebuild Free Set                   24 us
[113.671s][info][gc,stats    ] Concurrent Thread Roots            6728 us, parallelism: 0.98x
[113.671s][info][gc,stats    ]   CTR: <total>                     6574 us
[113.671s][info][gc,stats    ]   CTR: Thread Roots                6574 us, workers (us): 6574, ---, ---, 
[113.671s][info][gc,stats    ] Concurrent Weak References         1090 us, parallelism: 0.81x
[113.671s][info][gc,stats    ]   CWRF: <total>                     883 us
[113.671s][info][gc,stats    ]   CWRF: Weak References             883 us, workers (us): 883, ---, ---, 
[113.671s][info][gc,stats    ] Concurrent Weak Roots              9557 us
[113.671s][info][gc,stats    ]   Roots                            9324 us, parallelism: 1.00x
[113.671s][info][gc,stats    ]     CWR: <total>                   9291 us
[113.671s][info][gc,stats    ]     CWR: Code Cache Roots          8438 us, workers (us): 8438, ---, ---, 
[113.671s][info][gc,stats    ]     CWR: VM Weak Roots              768 us, workers (us): 768, ---, ---, 
[113.671s][info][gc,stats    ]     CWR: CLDG Roots                  85 us, workers (us):  85, ---, ---, 
[113.671s][info][gc,stats    ]   Rendezvous                        173 us
[113.671s][info][gc,stats    ] Concurrent Cleanup                   49 us
[113.671s][info][gc,stats    ] Concurrent Class Unloading        50484 us
[113.671s][info][gc,stats    ]   Unlink Stale                    47543 us
[113.671s][info][gc,stats    ]     System Dictionary              1880 us
[113.671s][info][gc,stats    ]     Weak Class Links              17911 us
[113.671s][info][gc,stats    ]     Code Roots                    27749 us
[113.671s][info][gc,stats    ]   Rendezvous                        445 us
[113.671s][info][gc,stats    ]   Purge Unlinked                   2430 us
[113.671s][info][gc,stats    ]     Code Roots                     1379 us
[113.671s][info][gc,stats    ]     CLDG                           1050 us
[113.671s][info][gc,stats    ]     Exception Caches                  0 us
[113.671s][info][gc,stats    ] Concurrent Strong Roots             344 us, parallelism: 0.64x
[113.671s][info][gc,stats    ]   CSR: <total>                      221 us
[113.671s][info][gc,stats    ]   CSR: VM Strong Roots                8 us, workers (us):   8, ---, ---, 
[113.671s][info][gc,stats    ]   CSR: CLDG Roots                   212 us, workers (us): 212, ---, ---, 
[113.671s][info][gc,stats    ] Concurrent Evacuation              3842 us
[113.671s][info][gc,stats    ] Pause Init Update Refs (G)          372 us
[113.671s][info][gc,stats    ] Pause Init Update Refs (N)          161 us
[113.671s][info][gc,stats    ]   Manage GCLABs                      42 us
[113.671s][info][gc,stats    ] Concurrent Update Refs            22262 us
[113.671s][info][gc,stats    ] Concurrent Update Thread Roots     7547 us
[113.671s][info][gc,stats    ] Pause Final Update Refs (G)         278 us
[113.671s][info][gc,stats    ] Pause Final Update Refs (N)         178 us
[113.671s][info][gc,stats    ]   Update Region States               86 us
[113.671s][info][gc,stats    ]   Trash Collection Set               10 us
[113.671s][info][gc,stats    ]   Rebuild Free Set                   20 us
[113.671s][info][gc,stats    ] Concurrent Cleanup                  131 us
[113.671s][info][gc,stats    ] 
[113.671s][info][gc,stats    ] Allocation pacing accrued:
[113.671s][info][gc,stats    ]       0 of  1107 ms (  0.0%): <total>
[113.671s][info][gc,stats    ]       0 of  1107 ms (  0.0%): <average total>
[113.671s][info][gc,stats    ] 
[113.671s][info][gc,metaspace] Metaspace: 156387K(157632K)->155353K(157568K) NonClass: 138326K(138944K)->137464K(138944K) Class: 18060K(18688K)->17889K(18624K)
[113.671s][info][gc,ergo     ] Pacer for Idle. Initial: 163M, Alloc Tax Rate: 1.0x
[114.006s][info][gc          ] Trigger: Learning 2 of 5. Free (5656M) is below initial threshold (5734M)
[114.006s][info][gc,ergo     ] Free: 5652M, Max: 4096K regular, 5220M humongous, Frag: 8% external, 0% internal; Reserve: 412M, Max: 4096K
[114.006s][info][gc,start    ] GC(105) Concurrent reset
[114.006s][info][gc,task     ] GC(105) Using 1 of 3 workers for concurrent reset
[114.006s][info][gc,ergo     ] GC(105) Pacer for Reset. Non-Taxable: 8192M
[114.016s][info][gc          ] GC(105) Concurrent reset 9.260ms
[114.016s][info][gc,start    ] GC(105) Pause Init Mark (unload classes)
[114.016s][info][gc,task     ] GC(105) Using 3 of 3 workers for init marking
[114.016s][info][gc,ergo     ] GC(105) Pacer for Mark. Expected Live: 142M, Free: 5608M, Non-Taxable: 560M, Alloc Tax Rate: 0.0x
[114.016s][info][gc          ] GC(105) Pause Init Mark (unload classes) 0.146ms
[114.020s][info][gc,start    ] GC(105) Concurrent marking roots
[114.021s][info][gc,task     ] GC(105) Using 1 of 3 workers for concurrent marking roots
[114.030s][info][gc          ] GC(105) Concurrent marking roots 9.848ms
[114.030s][info][gc,start    ] GC(105) Concurrent marking (unload classes)
[114.030s][info][gc,task     ] GC(105) Using 1 of 3 workers for concurrent marking
[114.100s][info][gc          ] GC(105) Concurrent marking (unload classes) 69.951ms
[114.100s][info][gc,start    ] GC(105) Pause Final Mark (unload classes)
[114.100s][info][gc,task     ] GC(105) Using 3 of 3 workers for final marking
[114.101s][info][gc,ergo     ] GC(105) Adaptive CSet Selection. Target Free: 1160M, Actual Free: 6576M, Max CSet: 341M, Min Garbage: 0B
[114.101s][info][gc,ergo     ] GC(105) Collectable Garbage: 1958M (99%), Immediate: 924M (46%), CSet: 1033M (52%)
[114.101s][info][gc,ergo     ] GC(105) Pacer for Evacuation. Used CSet: 1091M, Free: 6202M, Non-Taxable: 620M, Alloc Tax Rate: 1.1x
[114.101s][info][gc          ] GC(105) Pause Final Mark (unload classes) 0.284ms
[114.101s][info][gc,start    ] GC(105) Concurrent thread roots
[114.101s][info][gc,task     ] GC(105) Using 1 of 3 workers for Concurrent thread roots
[114.108s][info][gc          ] GC(105) Concurrent thread roots 7.744ms
[114.109s][info][gc,start    ] GC(105) Concurrent weak references
[114.109s][info][gc,task     ] GC(105) Using 1 of 3 workers for concurrent weak references
[114.109s][info][gc,ref      ] GC(105) Encountered references: Soft: 3713, Weak: 14985, Final: 53, Phantom: 598
[114.109s][info][gc,ref      ] GC(105) Discovered  references: Soft: 0, Weak: 2838, Final: 0, Phantom: 278
[114.109s][info][gc,ref      ] GC(105) Enqueued    references: Soft: 0, Weak: 212, Final: 0, Phantom: 0
[114.109s][info][gc          ] GC(105) Concurrent weak references 0.424ms
[114.109s][info][gc,start    ] GC(105) Concurrent weak roots
[114.109s][info][gc,task     ] GC(105) Using 1 of 3 workers for concurrent weak root
[114.124s][info][gc          ] GC(105) Concurrent weak roots 14.707ms
[114.124s][info][gc,start    ] GC(105) Concurrent cleanup
[114.124s][info][gc          ] GC(105) Concurrent cleanup 2621M->1699M(8192M) 0.049ms
[114.124s][info][gc,ergo     ] GC(105) Free: 6120M, Max: 4096K regular, 5164M humongous, Frag: 16% external, 0% internal; Reserve: 351M, Max: 4096K
[114.124s][info][gc,start    ] GC(105) Concurrent class unloading
[114.124s][info][gc,task     ] GC(105) Using 1 of 3 workers for concurrent class unloading
[114.174s][info][gc          ] GC(105) Concurrent class unloading 50.660ms
[114.175s][info][gc,start    ] GC(105) Concurrent strong roots
[114.175s][info][gc,task     ] GC(105) Using 1 of 3 workers for concurrent strong root
[114.175s][info][gc          ] GC(105) Concurrent strong roots 0.564ms
[114.175s][info][gc,start    ] GC(105) Concurrent evacuation
[114.175s][info][gc,task     ] GC(105) Using 1 of 3 workers for concurrent evacuation
[114.184s][info][gc          ] GC(105) Concurrent evacuation 8.731ms
[114.184s][info][gc,start    ] GC(105) Pause Init Update Refs
[114.184s][info][gc,ergo     ] GC(105) Pacer for Update Refs. Used: 1769M, Free: 6048M, Non-Taxable: 604M, Alloc Tax Rate: 1.1x
[114.184s][info][gc          ] GC(105) Pause Init Update Refs 0.072ms
[114.184s][info][gc,start    ] GC(105) Concurrent update references
[114.184s][info][gc,task     ] GC(105) Using 1 of 3 workers for concurrent reference update
[114.262s][info][gc          ] GC(105) Concurrent update references 77.372ms
[114.262s][info][gc,start    ] GC(105) Concurrent update thread roots
[114.268s][info][gc          ] GC(105) Concurrent update thread roots 6.249ms
[114.268s][info][gc,start    ] GC(105) Pause Final Update Refs
[114.268s][info][gc,task     ] GC(105) Using 3 of 3 workers for final reference update
[114.268s][info][gc          ] GC(105) Pause Final Update Refs 0.160ms
[114.268s][info][gc,start    ] GC(105) Concurrent cleanup
[114.268s][info][gc          ] GC(105) Concurrent cleanup 1845M->753M(8192M) 0.106ms
[114.268s][info][gc,ergo     ] Free: 6982M, Max: 4096K regular, 5096M humongous, Frag: 27% external, 0% internal; Reserve: 412M, Max: 4096K
[114.268s][info][gc,stats    ] 
[114.268s][info][gc,stats    ] All times are wall-clock times, except per-root-class counters, that are sum over
[114.268s][info][gc,stats    ] all workers. Dividing the <total> over the root stage time estimates parallelism.
[114.268s][info][gc,stats    ] 
[114.268s][info][gc,stats    ] Concurrent Reset                   9410 us
[114.268s][info][gc,stats    ] Pause Init Mark (G)                4729 us
[114.268s][info][gc,stats    ] Pause Init Mark (N)                 156 us
[114.268s][info][gc,stats    ]   Update Region States               48 us
[114.268s][info][gc,stats    ] Concurrent Mark Roots              9949 us, parallelism: 0.92x
[114.269s][info][gc,stats    ]   CMR: <total>                     9163 us
[114.269s][info][gc,stats    ]   CMR: Thread Roots                8957 us, workers (us): 8957, ---, ---, 
[114.269s][info][gc,stats    ]   CMR: VM Strong Roots               36 us, workers (us):  36, ---, ---, 
[114.269s][info][gc,stats    ]   CMR: CLDG Roots                   170 us, workers (us): 170, ---, ---, 
[114.269s][info][gc,stats    ] Concurrent Marking                70000 us
[114.269s][info][gc,stats    ] Pause Final Mark (G)                365 us
[114.269s][info][gc,stats    ] Pause Final Mark (N)                293 us
[114.269s][info][gc,stats    ]   Finish Mark                        64 us
[114.269s][info][gc,stats    ]   Update Region States               42 us
[114.269s][info][gc,stats    ]   Choose Collection Set              86 us
[114.269s][info][gc,stats    ]   Rebuild Free Set                    9 us
[114.269s][info][gc,stats    ] Concurrent Thread Roots            7803 us, parallelism: 0.98x
[114.269s][info][gc,stats    ]   CTR: <total>                     7683 us
[114.269s][info][gc,stats    ]   CTR: Thread Roots                7683 us, workers (us): 7683, ---, ---, 
[114.269s][info][gc,stats    ] Concurrent Weak References          440 us, parallelism: 0.49x
[114.269s][info][gc,stats    ]   CWRF: <total>                     215 us
[114.269s][info][gc,stats    ]   CWRF: Weak References             215 us, workers (us): 215, ---, ---, 
[114.269s][info][gc,stats    ] Concurrent Weak Roots             14758 us
[114.269s][info][gc,stats    ]   Roots                           14499 us, parallelism: 1.00x
[114.269s][info][gc,stats    ]     CWR: <total>                  14455 us
[114.269s][info][gc,stats    ]     CWR: Code Cache Roots         11773 us, workers (us): 11773, ---, ---, 
[114.269s][info][gc,stats    ]     CWR: VM Weak Roots             2433 us, workers (us): 2433, ---, ---, 
[114.269s][info][gc,stats    ]     CWR: CLDG Roots                 249 us, workers (us): 249, ---, ---, 
[114.269s][info][gc,stats    ]   Rendezvous                        182 us
[114.269s][info][gc,stats    ] Concurrent Cleanup                   58 us
[114.269s][info][gc,stats    ] Concurrent Class Unloading        50707 us
[114.269s][info][gc,stats    ]   Unlink Stale                    46839 us
[114.269s][info][gc,stats    ]     System Dictionary               377 us
[114.269s][info][gc,stats    ]     Weak Class Links              17115 us
[114.269s][info][gc,stats    ]     Code Roots                    29344 us
[114.269s][info][gc,stats    ]   Rendezvous                       1889 us
[114.269s][info][gc,stats    ]   Purge Unlinked                   1912 us
[114.269s][info][gc,stats    ]     Code Roots                     1808 us
[114.269s][info][gc,stats    ]     CLDG                            103 us
[114.269s][info][gc,stats    ]     Exception Caches                  0 us
[114.269s][info][gc,stats    ] Concurrent Strong Roots             589 us, parallelism: 0.68x
[114.269s][info][gc,stats    ]   CSR: <total>                      399 us
[114.269s][info][gc,stats    ]   CSR: VM Strong Roots                8 us, workers (us):   8, ---, ---, 
[114.269s][info][gc,stats    ]   CSR: CLDG Roots                   391 us, workers (us): 391, ---, ---, 
[114.269s][info][gc,stats    ] Concurrent Evacuation              8791 us
[114.269s][info][gc,stats    ] Pause Init Update Refs (G)          221 us
[114.269s][info][gc,stats    ] Pause Init Update Refs (N)           81 us
[114.269s][info][gc,stats    ]   Manage GCLABs                      19 us
[114.269s][info][gc,stats    ] Concurrent Update Refs            77417 us
[114.269s][info][gc,stats    ] Concurrent Update Thread Roots     6299 us
[114.269s][info][gc,stats    ] Pause Final Update Refs (G)         280 us
[114.269s][info][gc,stats    ] Pause Final Update Refs (N)         171 us
[114.269s][info][gc,stats    ]   Update Region States               71 us
[114.269s][info][gc,stats    ]   Trash Collection Set               10 us
[114.269s][info][gc,stats    ]   Rebuild Free Set                   20 us
[114.269s][info][gc,stats    ] Concurrent Cleanup                  133 us
[114.269s][info][gc,stats    ] 
[114.269s][info][gc,stats    ] Allocation pacing accrued:
[114.269s][info][gc,stats    ]       0 of   598 ms (  0.0%): <total>
[114.269s][info][gc,stats    ]       0 of   598 ms (  0.0%): <average total>
[114.269s][info][gc,stats    ] 
[114.269s][info][gc,metaspace] Metaspace: 156209K(157568K)->156245K(157568K) NonClass: 138174K(138944K)->138204K(138944K) Class: 18035K(18624K)->18041K(18624K)
[114.269s][info][gc,ergo     ] Pacer for Idle. Initial: 163M, Alloc Tax Rate: 1.0x
[115.200s][info][gc          ] Trigger: Explicit GC request (System.gc())
[115.200s][info][gc,ergo     ] Free: 5824M, Max: 4096K regular, 5096M humongous, Frag: 13% external, 0% internal; Reserve: 412M, Max: 4096K
[115.200s][info][gc,start    ] GC(106) Concurrent reset
[115.200s][info][gc,task     ] GC(106) Using 1 of 3 workers for concurrent reset
[115.200s][info][gc,ergo     ] GC(106) Pacer for Reset. Non-Taxable: 8192M
[115.205s][info][gc          ] GC(106) Concurrent reset 4.706ms
[115.205s][info][gc,start    ] GC(106) Pause Init Mark (unload classes)
[115.205s][info][gc,task     ] GC(106) Using 3 of 3 workers for init marking
[115.205s][info][gc,ref      ] GC(106) Clearing All SoftReferences
[115.205s][info][gc,ergo     ] GC(106) Pacer for Mark. Expected Live: 152M, Free: 5824M, Non-Taxable: 582M, Alloc Tax Rate: 0.0x
[115.205s][info][gc          ] GC(106) Pause Init Mark (unload classes) 0.192ms
[115.205s][info][gc,start    ] GC(106) Concurrent marking roots
[115.205s][info][gc,task     ] GC(106) Using 1 of 3 workers for concurrent marking roots
[115.212s][info][gc          ] GC(106) Concurrent marking roots 7.180ms
[115.212s][info][gc,start    ] GC(106) Concurrent marking (unload classes)
[115.212s][info][gc,task     ] GC(106) Using 1 of 3 workers for concurrent marking
[115.264s][info][gc          ] GC(106) Concurrent marking (unload classes) 51.689ms
[115.264s][info][gc,start    ] GC(106) Pause Final Mark (unload classes)
[115.264s][info][gc,task     ] GC(106) Using 3 of 3 workers for final marking
[115.264s][info][gc,ergo     ] GC(106) Adaptive CSet Selection. Target Free: 1160M, Actual Free: 6767M, Max CSet: 341M, Min Garbage: 0B
[115.265s][info][gc,ergo     ] GC(106) Collectable Garbage: 1553M (99%), Immediate: 543M (34%), CSet: 1010M (64%)
[115.265s][info][gc,ergo     ] GC(106) Pacer for Evacuation. Used CSet: 1021M, Free: 6627M, Non-Taxable: 662M, Alloc Tax Rate: 1.1x
[115.265s][info][gc          ] GC(106) Pause Final Mark (unload classes) 0.596ms
[115.265s][info][gc,start    ] GC(106) Concurrent thread roots
[115.265s][info][gc,task     ] GC(106) Using 1 of 3 workers for Concurrent thread roots
[115.271s][info][gc          ] GC(106) Concurrent thread roots 6.542ms
[115.271s][info][gc,start    ] GC(106) Concurrent weak references
[115.271s][info][gc,task     ] GC(106) Using 1 of 3 workers for concurrent weak references
[115.272s][info][gc,ref      ] GC(106) Encountered references: Soft: 3588, Weak: 17964, Final: 53, Phantom: 598
[115.272s][info][gc,ref      ] GC(106) Discovered  references: Soft: 1316, Weak: 6849, Final: 0, Phantom: 373
[115.272s][info][gc,ref      ] GC(106) Enqueued    references: Soft: 850, Weak: 3398, Final: 0, Phantom: 0
[115.272s][info][gc          ] GC(106) Concurrent weak references 0.796ms
[115.272s][info][gc,start    ] GC(106) Concurrent weak roots
[115.272s][info][gc,task     ] GC(106) Using 1 of 3 workers for concurrent weak root
[115.283s][info][gc          ] GC(106) Concurrent weak roots 10.505ms
[115.283s][info][gc,start    ] GC(106) Concurrent cleanup
[115.283s][info][gc          ] GC(106) Concurrent cleanup 2163M->1620M(8192M) 0.039ms
[115.283s][info][gc,ergo     ] GC(106) Free: 6147M, Max: 4096K regular, 5116M humongous, Frag: 17% external, 0% internal; Reserve: 410M, Max: 4096K
[115.283s][info][gc,start    ] GC(106) Concurrent class unloading
[115.283s][info][gc,task     ] GC(106) Using 1 of 3 workers for concurrent class unloading
[115.332s][info][gc          ] GC(106) Concurrent class unloading 48.945ms
[115.332s][info][gc,start    ] GC(106) Concurrent strong roots
[115.332s][info][gc,task     ] GC(106) Using 1 of 3 workers for concurrent strong root
[115.332s][info][gc          ] GC(106) Concurrent strong roots 0.332ms
[115.332s][info][gc,start    ] GC(106) Concurrent evacuation
[115.332s][info][gc,task     ] GC(106) Using 1 of 3 workers for concurrent evacuation
[115.339s][info][gc          ] GC(106) Concurrent evacuation 7.124ms
[115.339s][info][gc,start    ] GC(106) Pause Init Update Refs
[115.340s][info][gc,ergo     ] GC(106) Pacer for Update Refs. Used: 1669M, Free: 6111M, Non-Taxable: 611M, Alloc Tax Rate: 1.1x
[115.340s][info][gc          ] GC(106) Pause Init Update Refs 0.143ms
[115.340s][info][gc,start    ] GC(106) Concurrent update references
[115.340s][info][gc,task     ] GC(106) Using 1 of 3 workers for concurrent reference update
[115.363s][info][gc          ] GC(106) Concurrent update references 23.495ms
[115.363s][info][gc,start    ] GC(106) Concurrent update thread roots
[115.371s][info][gc          ] GC(106) Concurrent update thread roots 7.389ms
[115.371s][info][gc,start    ] GC(106) Pause Final Update Refs
[115.371s][info][gc,task     ] GC(106) Using 3 of 3 workers for final reference update
[115.371s][info][gc          ] GC(106) Pause Final Update Refs 0.165ms
[115.371s][info][gc,start    ] GC(106) Concurrent cleanup
[115.371s][info][gc          ] GC(106) Concurrent cleanup 1669M->648M(8192M) 0.105ms
[115.371s][info][gc,ergo     ] Free: 7131M, Max: 4096K regular, 5220M humongous, Frag: 27% external, 0% internal; Reserve: 412M, Max: 4096K
[115.371s][info][gc,stats    ] 
[115.371s][info][gc,stats    ] All times are wall-clock times, except per-root-class counters, that are sum over
[115.371s][info][gc,stats    ] all workers. Dividing the <total> over the root stage time estimates parallelism.
[115.371s][info][gc,stats    ] 
[115.371s][info][gc,stats    ] Concurrent Reset                   4761 us
[115.371s][info][gc,stats    ] Pause Init Mark (G)                 348 us
[115.371s][info][gc,stats    ] Pause Init Mark (N)                 201 us
[115.371s][info][gc,stats    ]   Update Region States               51 us
[115.371s][info][gc,stats    ] Concurrent Mark Roots              7235 us, parallelism: 0.94x
[115.371s][info][gc,stats    ]   CMR: <total>                     6831 us
[115.371s][info][gc,stats    ]   CMR: Thread Roots                6623 us, workers (us): 6623, ---, ---, 
[115.371s][info][gc,stats    ]   CMR: VM Strong Roots               25 us, workers (us):  25, ---, ---, 
[115.371s][info][gc,stats    ]   CMR: CLDG Roots                   183 us, workers (us): 183, ---, ---, 
[115.371s][info][gc,stats    ] Concurrent Marking                51754 us
[115.371s][info][gc,stats    ] Pause Final Mark (G)                765 us
[115.371s][info][gc,stats    ] Pause Final Mark (N)                618 us
[115.371s][info][gc,stats    ]   Finish Mark                       111 us
[115.371s][info][gc,stats    ]   Update Region States              121 us
[115.371s][info][gc,stats    ]   Choose Collection Set             189 us
[115.371s][info][gc,stats    ]   Rebuild Free Set                   30 us
[115.371s][info][gc,stats    ] Concurrent Thread Roots            6592 us, parallelism: 0.98x
[115.371s][info][gc,stats    ]   CTR: <total>                     6447 us
[115.371s][info][gc,stats    ]   CTR: Thread Roots                6447 us, workers (us): 6447, ---, ---, 
[115.371s][info][gc,stats    ] Concurrent Weak References          804 us, parallelism: 0.85x
[115.371s][info][gc,stats    ]   CWRF: <total>                     681 us
[115.371s][info][gc,stats    ]   CWRF: Weak References             681 us, workers (us): 681, ---, ---, 
[115.371s][info][gc,stats    ] Concurrent Weak Roots             10544 us
[115.371s][info][gc,stats    ]   Roots                           10309 us, parallelism: 0.99x
[115.371s][info][gc,stats    ]     CWR: <total>                  10231 us
[115.371s][info][gc,stats    ]     CWR: Code Cache Roots          8534 us, workers (us): 8534, ---, ---, 
[115.371s][info][gc,stats    ]     CWR: VM Weak Roots             1592 us, workers (us): 1592, ---, ---, 
[115.371s][info][gc,stats    ]     CWR: CLDG Roots                 105 us, workers (us): 105, ---, ---, 
[115.371s][info][gc,stats    ]   Rendezvous                        177 us
[115.371s][info][gc,stats    ] Concurrent Cleanup                   48 us
[115.371s][info][gc,stats    ] Concurrent Class Unloading        48995 us
[115.371s][info][gc,stats    ]   Unlink Stale                    46732 us
[115.371s][info][gc,stats    ]     System Dictionary              1851 us
[115.371s][info][gc,stats    ]     Weak Class Links              17519 us
[115.371s][info][gc,stats    ]     Code Roots                    27359 us
[115.371s][info][gc,stats    ]   Rendezvous                        242 us
[115.371s][info][gc,stats    ]   Purge Unlinked                   1953 us
[115.371s][info][gc,stats    ]     Code Roots                     1125 us
[115.371s][info][gc,stats    ]     CLDG                            826 us
[115.371s][info][gc,stats    ]     Exception Caches                  0 us
[115.371s][info][gc,stats    ] Concurrent Strong Roots             352 us, parallelism: 0.65x
[115.371s][info][gc,stats    ]   CSR: <total>                      228 us
[115.371s][info][gc,stats    ]   CSR: VM Strong Roots                8 us, workers (us):   8, ---, ---, 
[115.371s][info][gc,stats    ]   CSR: CLDG Roots                   220 us, workers (us): 220, ---, ---, 
[115.371s][info][gc,stats    ] Concurrent Evacuation              7193 us
[115.371s][info][gc,stats    ] Pause Init Update Refs (G)          326 us
[115.371s][info][gc,stats    ] Pause Init Update Refs (N)          164 us
[115.371s][info][gc,stats    ]   Manage GCLABs                      43 us
[115.371s][info][gc,stats    ] Concurrent Update Refs            23563 us
[115.371s][info][gc,stats    ] Concurrent Update Thread Roots     7438 us
[115.371s][info][gc,stats    ] Pause Final Update Refs (G)         308 us
[115.371s][info][gc,stats    ] Pause Final Update Refs (N)         183 us
[115.371s][info][gc,stats    ]   Update Region States               87 us
[115.371s][info][gc,stats    ]   Trash Collection Set               13 us
[115.371s][info][gc,stats    ]   Rebuild Free Set                   21 us
[115.372s][info][gc,stats    ] Concurrent Cleanup                  129 us
[115.372s][info][gc,stats    ] 
[115.372s][info][gc,stats    ] Allocation pacing accrued:
[115.372s][info][gc,stats    ]       0 of  1102 ms (  0.0%): <total>
[115.372s][info][gc,stats    ]       0 of  1102 ms (  0.0%): <average total>
[115.372s][info][gc,stats    ] 
[115.372s][info][gc,metaspace] Metaspace: 156387K(157632K)->155355K(157568K) NonClass: 138327K(138944K)->137466K(138944K) Class: 18060K(18688K)->17889K(18624K)
[115.372s][info][gc,ergo     ] Pacer for Idle. Initial: 163M, Alloc Tax Rate: 1.0x
[115.711s][info][gc          ] Trigger: Learning 2 of 5. Free (5627M) is below initial threshold (5734M)
[115.711s][info][gc,ergo     ] Free: 5627M, Max: 4096K regular, 5220M humongous, Frag: 8% external, 0% internal; Reserve: 412M, Max: 4096K
[115.711s][info][gc,start    ] GC(107) Concurrent reset
[115.711s][info][gc,task     ] GC(107) Using 1 of 3 workers for concurrent reset
[115.711s][info][gc,ergo     ] GC(107) Pacer for Reset. Non-Taxable: 8192M
[115.726s][info][gc          ] GC(107) Concurrent reset 14.482ms
[115.726s][info][gc,start    ] GC(107) Pause Init Mark (unload classes)
[115.726s][info][gc,task     ] GC(107) Using 3 of 3 workers for init marking
[115.726s][info][gc,ergo     ] GC(107) Pacer for Mark. Expected Live: 141M, Free: 5531M, Non-Taxable: 553M, Alloc Tax Rate: 0.0x
[115.726s][info][gc          ] GC(107) Pause Init Mark (unload classes) 0.137ms
[115.726s][info][gc,start    ] GC(107) Concurrent marking roots
[115.726s][info][gc,task     ] GC(107) Using 1 of 3 workers for concurrent marking roots
[115.736s][info][gc          ] GC(107) Concurrent marking roots 9.358ms
[115.736s][info][gc,start    ] GC(107) Concurrent marking (unload classes)
[115.736s][info][gc,task     ] GC(107) Using 1 of 3 workers for concurrent marking
[115.805s][info][gc          ] GC(107) Concurrent marking (unload classes) 69.016ms
[115.805s][info][gc,start    ] GC(107) Pause Final Mark (unload classes)
[115.805s][info][gc,task     ] GC(107) Using 3 of 3 workers for final marking
[115.805s][info][gc,ergo     ] GC(107) Adaptive CSet Selection. Target Free: 1160M, Actual Free: 6572M, Max CSet: 341M, Min Garbage: 0B
[115.805s][info][gc,ergo     ] GC(107) Collectable Garbage: 2035M (99%), Immediate: 952M (46%), CSet: 1083M (53%)
[115.805s][info][gc,ergo     ] GC(107) Pacer for Evacuation. Used CSet: 1145M, Free: 6196M, Non-Taxable: 619M, Alloc Tax Rate: 1.1x
[115.805s][info][gc          ] GC(107) Pause Final Mark (unload classes) 0.238ms
[115.806s][info][gc,start    ] GC(107) Concurrent thread roots
[115.806s][info][gc,task     ] GC(107) Using 1 of 3 workers for Concurrent thread roots
[115.813s][info][gc          ] GC(107) Concurrent thread roots 7.390ms
[115.813s][info][gc,start    ] GC(107) Concurrent weak references
[115.813s][info][gc,task     ] GC(107) Using 1 of 3 workers for concurrent weak references
[115.814s][info][gc,ref      ] GC(107) Encountered references: Soft: 3713, Weak: 14990, Final: 53, Phantom: 598
[115.814s][info][gc,ref      ] GC(107) Discovered  references: Soft: 0, Weak: 8254, Final: 0, Phantom: 278
[115.814s][info][gc,ref      ] GC(107) Enqueued    references: Soft: 0, Weak: 211, Final: 0, Phantom: 0
[115.814s][info][gc          ] GC(107) Concurrent weak references 0.778ms
[115.814s][info][gc,start    ] GC(107) Concurrent weak roots
[115.814s][info][gc,task     ] GC(107) Using 1 of 3 workers for concurrent weak root
[115.823s][info][gc          ] GC(107) Concurrent weak roots 8.659ms
[115.823s][info][gc,start    ] GC(107) Concurrent cleanup
[115.823s][info][gc          ] GC(107) Concurrent cleanup 2624M->1671M(8192M) 0.042ms
[115.823s][info][gc,ergo     ] GC(107) Free: 6099M, Max: 4096K regular, 5112M humongous, Frag: 17% external, 0% internal; Reserve: 399M, Max: 4096K
[115.823s][info][gc,start    ] GC(107) Concurrent class unloading
[115.823s][info][gc,task     ] GC(107) Using 1 of 3 workers for concurrent class unloading
[115.876s][info][gc          ] GC(107) Concurrent class unloading 53.245ms
[115.876s][info][gc,start    ] GC(107) Concurrent strong roots
[115.876s][info][gc,task     ] GC(107) Using 1 of 3 workers for concurrent strong root
[115.876s][info][gc          ] GC(107) Concurrent strong roots 0.542ms
[115.877s][info][gc,start    ] GC(107) Concurrent evacuation
[115.877s][info][gc,task     ] GC(107) Using 1 of 3 workers for concurrent evacuation
[115.886s][info][gc          ] GC(107) Concurrent evacuation 9.472ms
[115.886s][info][gc,start    ] GC(107) Pause Init Update Refs
[115.886s][info][gc,ergo     ] GC(107) Pacer for Update Refs. Used: 1798M, Free: 6031M, Non-Taxable: 603M, Alloc Tax Rate: 1.1x
[115.886s][info][gc          ] GC(107) Pause Init Update Refs 0.105ms
[115.886s][info][gc,start    ] GC(107) Concurrent update references
[115.886s][info][gc,task     ] GC(107) Using 1 of 3 workers for concurrent reference update
[115.954s][info][gc          ] GC(107) Concurrent update references 67.954ms
[115.954s][info][gc,start    ] GC(107) Concurrent update thread roots
[115.961s][info][gc          ] GC(107) Concurrent update thread roots 6.392ms
[115.961s][info][gc,start    ] GC(107) Pause Final Update Refs
[115.961s][info][gc,task     ] GC(107) Using 3 of 3 workers for final reference update
[115.961s][info][gc          ] GC(107) Pause Final Update Refs 0.128ms
[115.961s][info][gc,start    ] GC(107) Concurrent cleanup
[115.961s][info][gc          ] GC(107) Concurrent cleanup 1872M->727M(8192M) 0.090ms
[115.961s][info][gc,ergo     ] Free: 7008M, Max: 4096K regular, 5040M humongous, Frag: 28% external, 0% internal; Reserve: 412M, Max: 4096K
[115.961s][info][gc,stats    ] 
[115.961s][info][gc,stats    ] All times are wall-clock times, except per-root-class counters, that are sum over
[115.961s][info][gc,stats    ] all workers. Dividing the <total> over the root stage time estimates parallelism.
[115.961s][info][gc,stats    ] 
[115.961s][info][gc,stats    ] Concurrent Reset                  14649 us
[115.961s][info][gc,stats    ] Pause Init Mark (G)                 542 us
[115.961s][info][gc,stats    ] Pause Init Mark (N)                 145 us
[115.961s][info][gc,stats    ]   Update Region States               45 us
[115.961s][info][gc,stats    ] Concurrent Mark Roots              9527 us, parallelism: 0.94x
[115.961s][info][gc,stats    ]   CMR: <total>                     8924 us
[115.961s][info][gc,stats    ]   CMR: Thread Roots                8760 us, workers (us): 8760, ---, ---, 
[115.961s][info][gc,stats    ]   CMR: VM Strong Roots               28 us, workers (us):  28, ---, ---, 
[115.961s][info][gc,stats    ]   CMR: CLDG Roots                   136 us, workers (us): 136, ---, ---, 
[115.961s][info][gc,stats    ] Concurrent Marking                69052 us
[115.961s][info][gc,stats    ] Pause Final Mark (G)                542 us
[115.961s][info][gc,stats    ] Pause Final Mark (N)                246 us
[115.961s][info][gc,stats    ]   Finish Mark                        72 us
[115.962s][info][gc,stats    ]   Update Region States               30 us
[115.962s][info][gc,stats    ]   Choose Collection Set              70 us
[115.962s][info][gc,stats    ]   Rebuild Free Set                    9 us
[115.962s][info][gc,stats    ] Concurrent Thread Roots            7452 us, parallelism: 0.98x
[115.962s][info][gc,stats    ]   CTR: <total>                     7318 us
[115.962s][info][gc,stats    ]   CTR: Thread Roots                7318 us, workers (us): 7318, ---, ---, 
[115.962s][info][gc,stats    ] Concurrent Weak References          789 us, parallelism: 0.83x
[115.962s][info][gc,stats    ]   CWRF: <total>                     657 us
[115.962s][info][gc,stats    ]   CWRF: Weak References             657 us, workers (us): 657, ---, ---, 
[115.962s][info][gc,stats    ] Concurrent Weak Roots              8703 us
[115.962s][info][gc,stats    ]   Roots                            8421 us, parallelism: 0.99x
[115.962s][info][gc,stats    ]     CWR: <total>                   8340 us
[115.962s][info][gc,stats    ]     CWR: Code Cache Roots          6811 us, workers (us): 6811, ---, ---, 
[115.962s][info][gc,stats    ]     CWR: VM Weak Roots             1425 us, workers (us): 1425, ---, ---, 
[115.962s][info][gc,stats    ]     CWR: CLDG Roots                 104 us, workers (us): 104, ---, ---, 
[115.962s][info][gc,stats    ]   Rendezvous                        217 us
[115.962s][info][gc,stats    ] Concurrent Cleanup                   51 us
[115.962s][info][gc,stats    ] Concurrent Class Unloading        53320 us
[115.962s][info][gc,stats    ]   Unlink Stale                    51732 us
[115.962s][info][gc,stats    ]     System Dictionary               409 us
[115.962s][info][gc,stats    ]     Weak Class Links              16510 us
[115.962s][info][gc,stats    ]     Code Roots                    34810 us
[115.962s][info][gc,stats    ]   Rendezvous                        163 us
[115.962s][info][gc,stats    ]   Purge Unlinked                   1329 us
[115.962s][info][gc,stats    ]     Code Roots                     1256 us
[115.962s][info][gc,stats    ]     CLDG                             73 us
[115.962s][info][gc,stats    ]     Exception Caches                  0 us
[115.962s][info][gc,stats    ] Concurrent Strong Roots             565 us, parallelism: 0.60x
[115.962s][info][gc,stats    ]   CSR: <total>                      341 us
[115.962s][info][gc,stats    ]   CSR: VM Strong Roots                8 us, workers (us):   8, ---, ---, 
[115.962s][info][gc,stats    ]   CSR: CLDG Roots                   332 us, workers (us): 332, ---, ---, 
[115.962s][info][gc,stats    ] Concurrent Evacuation              9542 us
[115.962s][info][gc,stats    ] Pause Init Update Refs (G)          227 us
[115.962s][info][gc,stats    ] Pause Init Update Refs (N)          122 us
[115.962s][info][gc,stats    ]   Manage GCLABs                      26 us
[115.962s][info][gc,stats    ] Concurrent Update Refs            68021 us
[115.962s][info][gc,stats    ] Concurrent Update Thread Roots     6452 us
[115.962s][info][gc,stats    ] Pause Final Update Refs (G)         231 us
[115.962s][info][gc,stats    ] Pause Final Update Refs (N)         138 us
[115.962s][info][gc,stats    ]   Update Region States               53 us
[115.962s][info][gc,stats    ]   Trash Collection Set                9 us
[115.962s][info][gc,stats    ]   Rebuild Free Set                   18 us
[115.962s][info][gc,stats    ] Concurrent Cleanup                  119 us
[115.962s][info][gc,stats    ] 
[115.962s][info][gc,stats    ] Allocation pacing accrued:
[115.962s][info][gc,stats    ]       0 of   591 ms (  0.0%): <total>
[115.962s][info][gc,stats    ]       0 of   591 ms (  0.0%): <average total>
[115.962s][info][gc,stats    ] 
[115.962s][info][gc,metaspace] Metaspace: 156209K(157568K)->156238K(157568K) NonClass: 138175K(138944K)->138200K(138944K) Class: 18034K(18624K)->18037K(18624K)
[115.962s][info][gc,ergo     ] Pacer for Idle. Initial: 163M, Alloc Tax Rate: 1.0x
[116.909s][info][gc          ] Trigger: Explicit GC request (System.gc())
[116.909s][info][gc,ergo     ] Free: 5858M, Max: 4096K regular, 5040M humongous, Frag: 14% external, 0% internal; Reserve: 412M, Max: 4096K
[116.909s][info][gc,start    ] GC(108) Concurrent reset
[116.909s][info][gc,task     ] GC(108) Using 1 of 3 workers for concurrent reset
[116.909s][info][gc,ergo     ] GC(108) Pacer for Reset. Non-Taxable: 8192M
[116.915s][info][gc          ] GC(108) Concurrent reset 5.536ms
[116.915s][info][gc,start    ] GC(108) Pause Init Mark (unload classes)
[116.915s][info][gc,task     ] GC(108) Using 3 of 3 workers for init marking
[116.915s][info][gc,ref      ] GC(108) Clearing All SoftReferences
[116.915s][info][gc,ergo     ] GC(108) Pacer for Mark. Expected Live: 152M, Free: 5858M, Non-Taxable: 585M, Alloc Tax Rate: 0.0x
[116.915s][info][gc          ] GC(108) Pause Init Mark (unload classes) 0.196ms
[116.915s][info][gc,start    ] GC(108) Concurrent marking roots
[116.915s][info][gc,task     ] GC(108) Using 1 of 3 workers for concurrent marking roots
[116.923s][info][gc          ] GC(108) Concurrent marking roots 8.392ms
[116.923s][info][gc,start    ] GC(108) Concurrent marking (unload classes)
[116.923s][info][gc,task     ] GC(108) Using 1 of 3 workers for concurrent marking
[116.976s][info][gc          ] GC(108) Concurrent marking (unload classes) 52.322ms
[116.976s][info][gc,start    ] GC(108) Pause Final Mark (unload classes)
[116.976s][info][gc,task     ] GC(108) Using 3 of 3 workers for final marking
[116.976s][info][gc,ergo     ] GC(108) Adaptive CSet Selection. Target Free: 1160M, Actual Free: 6824M, Max CSet: 341M, Min Garbage: 0B
[116.976s][info][gc,ergo     ] GC(108) Collectable Garbage: 1518M (99%), Immediate: 564M (37%), CSet: 953M (62%)
[116.976s][info][gc,ergo     ] GC(108) Pacer for Evacuation. Used CSet: 960M, Free: 6687M, Non-Taxable: 668M, Alloc Tax Rate: 1.1x
[116.976s][info][gc          ] GC(108) Pause Final Mark (unload classes) 0.573ms
[116.976s][info][gc,start    ] GC(108) Concurrent thread roots
[116.977s][info][gc,task     ] GC(108) Using 1 of 3 workers for Concurrent thread roots
[116.983s][info][gc          ] GC(108) Concurrent thread roots 6.816ms
[116.983s][info][gc,start    ] GC(108) Concurrent weak references
[116.983s][info][gc,task     ] GC(108) Using 1 of 3 workers for concurrent weak references
[116.984s][info][gc,ref      ] GC(108) Encountered references: Soft: 3588, Weak: 17970, Final: 53, Phantom: 598
[116.984s][info][gc,ref      ] GC(108) Discovered  references: Soft: 1316, Weak: 6884, Final: 0, Phantom: 278
[116.984s][info][gc,ref      ] GC(108) Enqueued    references: Soft: 850, Weak: 3403, Final: 0, Phantom: 0
[116.984s][info][gc          ] GC(108) Concurrent weak references 1.099ms
[116.984s][info][gc,start    ] GC(108) Concurrent weak roots
[116.984s][info][gc,task     ] GC(108) Using 1 of 3 workers for concurrent weak root
[116.994s][info][gc          ] GC(108) Concurrent weak roots 9.725ms
[116.994s][info][gc,start    ] GC(108) Concurrent cleanup
[116.994s][info][gc          ] GC(108) Concurrent cleanup 2003M->1438M(8192M) 0.042ms
[116.994s][info][gc,ergo     ] GC(108) Free: 6331M, Max: 4096K regular, 5076M humongous, Frag: 20% external, 0% internal; Reserve: 410M, Max: 4096K
[116.994s][info][gc,start    ] GC(108) Concurrent class unloading
[116.994s][info][gc,task     ] GC(108) Using 1 of 3 workers for concurrent class unloading
[117.045s][info][gc          ] GC(108) Concurrent class unloading 51.057ms
[117.045s][info][gc,start    ] GC(108) Concurrent strong roots
[117.045s][info][gc,task     ] GC(108) Using 1 of 3 workers for concurrent strong root
[117.046s][info][gc          ] GC(108) Concurrent strong roots 0.333ms
[117.046s][info][gc,start    ] GC(108) Concurrent evacuation
[117.046s][info][gc,task     ] GC(108) Using 1 of 3 workers for concurrent evacuation
[117.051s][info][gc          ] GC(108) Concurrent evacuation 5.644ms
[117.052s][info][gc,start    ] GC(108) Pause Init Update Refs
[117.052s][info][gc,ergo     ] GC(108) Pacer for Update Refs. Used: 1625M, Free: 6155M, Non-Taxable: 615M, Alloc Tax Rate: 1.1x
[117.052s][info][gc          ] GC(108) Pause Init Update Refs 0.087ms
[117.052s][info][gc,start    ] GC(108) Concurrent update references
[117.052s][info][gc,task     ] GC(108) Using 1 of 3 workers for concurrent reference update
[117.075s][info][gc          ] GC(108) Concurrent update references 23.087ms
[117.075s][info][gc,start    ] GC(108) Concurrent update thread roots
[117.083s][info][gc          ] GC(108) Concurrent update thread roots 7.776ms
[117.083s][info][gc,start    ] GC(108) Pause Final Update Refs
[117.083s][info][gc,task     ] GC(108) Using 3 of 3 workers for final reference update
[117.083s][info][gc          ] GC(108) Pause Final Update Refs 0.131ms
[117.083s][info][gc,start    ] GC(108) Concurrent cleanup
[117.083s][info][gc          ] GC(108) Concurrent cleanup 1625M->664M(8192M) 0.041ms
[117.083s][info][gc,ergo     ] Free: 7115M, Max: 4096K regular, 5220M humongous, Frag: 27% external, 0% internal; Reserve: 412M, Max: 4096K
[117.083s][info][gc,stats    ] 
[117.083s][info][gc,stats    ] All times are wall-clock times, except per-root-class counters, that are sum over
[117.083s][info][gc,stats    ] all workers. Dividing the <total> over the root stage time estimates parallelism.
[117.083s][info][gc,stats    ] 
[117.083s][info][gc,stats    ] Concurrent Reset                   5597 us
[117.083s][info][gc,stats    ] Pause Init Mark (G)                 347 us
[117.083s][info][gc,stats    ] Pause Init Mark (N)                 213 us
[117.083s][info][gc,stats    ]   Update Region States               65 us
[117.083s][info][gc,stats    ] Concurrent Mark Roots              8448 us, parallelism: 0.97x
[117.083s][info][gc,stats    ]   CMR: <total>                     8168 us
[117.083s][info][gc,stats    ]   CMR: Thread Roots                8073 us, workers (us): 8073, ---, ---, 
[117.083s][info][gc,stats    ]   CMR: VM Strong Roots               18 us, workers (us):  18, ---, ---, 
[117.083s][info][gc,stats    ]   CMR: CLDG Roots                    76 us, workers (us):  76, ---, ---, 
[117.083s][info][gc,stats    ] Concurrent Marking                52389 us
[117.083s][info][gc,stats    ] Pause Final Mark (G)                730 us
[117.083s][info][gc,stats    ] Pause Final Mark (N)                594 us
[117.083s][info][gc,stats    ]   Finish Mark                       141 us
[117.083s][info][gc,stats    ]   Update Region States               77 us
[117.083s][info][gc,stats    ]   Choose Collection Set             183 us
[117.083s][info][gc,stats    ]   Rebuild Free Set                   25 us
[117.083s][info][gc,stats    ] Concurrent Thread Roots            6860 us, parallelism: 0.95x
[117.083s][info][gc,stats    ]   CTR: <total>                     6528 us
[117.083s][info][gc,stats    ]   CTR: Thread Roots                6528 us, workers (us): 6528, ---, ---, 
[117.083s][info][gc,stats    ] Concurrent Weak References         1106 us, parallelism: 0.86x
[117.083s][info][gc,stats    ]   CWRF: <total>                     948 us
[117.083s][info][gc,stats    ]   CWRF: Weak References             948 us, workers (us): 948, ---, ---, 
[117.083s][info][gc,stats    ] Concurrent Weak Roots              9764 us
[117.083s][info][gc,stats    ]   Roots                            9518 us, parallelism: 0.99x
[117.083s][info][gc,stats    ]     CWR: <total>                   9450 us
[117.083s][info][gc,stats    ]     CWR: Code Cache Roots          8346 us, workers (us): 8346, ---, ---, 
[117.083s][info][gc,stats    ]     CWR: VM Weak Roots             1022 us, workers (us): 1022, ---, ---, 
[117.083s][info][gc,stats    ]     CWR: CLDG Roots                  82 us, workers (us):  82, ---, ---, 
[117.083s][info][gc,stats    ]   Rendezvous                        188 us
[117.083s][info][gc,stats    ] Concurrent Cleanup                   51 us
[117.083s][info][gc,stats    ] Concurrent Class Unloading        51106 us
[117.083s][info][gc,stats    ]   Unlink Stale                    48293 us
[117.083s][info][gc,stats    ]     System Dictionary              1889 us
[117.083s][info][gc,stats    ]     Weak Class Links              17797 us
[117.083s][info][gc,stats    ]     Code Roots                    28605 us
[117.083s][info][gc,stats    ]   Rendezvous                        281 us
[117.083s][info][gc,stats    ]   Purge Unlinked                   2464 us
[117.083s][info][gc,stats    ]     Code Roots                     1391 us
[117.083s][info][gc,stats    ]     CLDG                           1072 us
[117.083s][info][gc,stats    ]     Exception Caches                  0 us
[117.083s][info][gc,stats    ] Concurrent Strong Roots             351 us, parallelism: 0.60x
[117.083s][info][gc,stats    ]   CSR: <total>                      212 us
[117.083s][info][gc,stats    ]   CSR: VM Strong Roots                8 us, workers (us):   8, ---, ---, 
[117.083s][info][gc,stats    ]   CSR: CLDG Roots                   204 us, workers (us): 204, ---, ---, 
[117.083s][info][gc,stats    ] Concurrent Evacuation              5711 us
[117.083s][info][gc,stats    ] Pause Init Update Refs (G)          219 us
[117.083s][info][gc,stats    ] Pause Init Update Refs (N)           95 us
[117.083s][info][gc,stats    ]   Manage GCLABs                      36 us
[117.083s][info][gc,stats    ] Concurrent Update Refs            23155 us
[117.083s][info][gc,stats    ] Concurrent Update Thread Roots     7795 us
[117.083s][info][gc,stats    ] Pause Final Update Refs (G)         215 us
[117.083s][info][gc,stats    ] Pause Final Update Refs (N)         149 us
[117.083s][info][gc,stats    ]   Update Region States               68 us
[117.083s][info][gc,stats    ]   Trash Collection Set                9 us
[117.083s][info][gc,stats    ]   Rebuild Free Set                   18 us
[117.083s][info][gc,stats    ] Concurrent Cleanup                   51 us
[117.083s][info][gc,stats    ] 
[117.083s][info][gc,stats    ] Allocation pacing accrued:
[117.083s][info][gc,stats    ]       0 of  1121 ms (  0.0%): <total>
[117.083s][info][gc,stats    ]       0 of  1121 ms (  0.0%): <average total>
[117.083s][info][gc,stats    ] 
[117.083s][info][gc,metaspace] Metaspace: 156406K(157632K)->155373K(157568K) NonClass: 138346K(138944K)->137483K(138944K) Class: 18060K(18688K)->17889K(18624K)
[117.083s][info][gc,ergo     ] Pacer for Idle. Initial: 163M, Alloc Tax Rate: 1.0x
[117.421s][info][gc          ] Trigger: Learning 2 of 5. Free (5603M) is below initial threshold (5734M)
[117.421s][info][gc,ergo     ] Free: 5603M, Max: 4096K regular, 5220M humongous, Frag: 7% external, 0% internal; Reserve: 412M, Max: 4096K
[117.421s][info][gc,start    ] GC(109) Concurrent reset
[117.421s][info][gc,task     ] GC(109) Using 1 of 3 workers for concurrent reset
[117.421s][info][gc,ergo     ] GC(109) Pacer for Reset. Non-Taxable: 8192M
[117.435s][info][gc          ] GC(109) Concurrent reset 13.940ms
[117.436s][info][gc,start    ] GC(109) Pause Init Mark (unload classes)
[117.436s][info][gc,task     ] GC(109) Using 3 of 3 workers for init marking
[117.436s][info][gc,ergo     ] GC(109) Pacer for Mark. Expected Live: 141M, Free: 5507M, Non-Taxable: 550M, Alloc Tax Rate: 0.0x
[117.436s][info][gc          ] GC(109) Pause Init Mark (unload classes) 0.130ms
[117.436s][info][gc,start    ] GC(109) Concurrent marking roots
[117.436s][info][gc,task     ] GC(109) Using 1 of 3 workers for concurrent marking roots
[117.445s][info][gc          ] GC(109) Concurrent marking roots 9.044ms
[117.445s][info][gc,start    ] GC(109) Concurrent marking (unload classes)
[117.445s][info][gc,task     ] GC(109) Using 1 of 3 workers for concurrent marking
[117.515s][info][gc          ] GC(109) Concurrent marking (unload classes) 70.106ms
[117.515s][info][gc,start    ] GC(109) Pause Final Mark (unload classes)
[117.515s][info][gc,task     ] GC(109) Using 3 of 3 workers for final marking
[117.515s][info][gc,ergo     ] GC(109) Adaptive CSet Selection. Target Free: 1160M, Actual Free: 6608M, Max CSet: 341M, Min Garbage: 0B
[117.515s][info][gc,ergo     ] GC(109) Collectable Garbage: 2056M (99%), Immediate: 996M (48%), CSet: 1060M (51%)
[117.515s][info][gc,ergo     ] GC(109) Pacer for Evacuation. Used CSet: 1122M, Free: 6232M, Non-Taxable: 623M, Alloc Tax Rate: 1.1x
[117.515s][info][gc          ] GC(109) Pause Final Mark (unload classes) 0.244ms
[117.516s][info][gc,start    ] GC(109) Concurrent thread roots
[117.516s][info][gc,task     ] GC(109) Using 1 of 3 workers for Concurrent thread roots
[117.523s][info][gc          ] GC(109) Concurrent thread roots 7.094ms
[117.523s][info][gc,start    ] GC(109) Concurrent weak references
[117.523s][info][gc,task     ] GC(109) Using 1 of 3 workers for concurrent weak references
[117.524s][info][gc,ref      ] GC(109) Encountered references: Soft: 3713, Weak: 14984, Final: 53, Phantom: 598
[117.524s][info][gc,ref      ] GC(109) Discovered  references: Soft: 0, Weak: 8143, Final: 0, Phantom: 278
[117.524s][info][gc,ref      ] GC(109) Enqueued    references: Soft: 0, Weak: 212, Final: 0, Phantom: 0
[117.524s][info][gc          ] GC(109) Concurrent weak references 0.790ms
[117.524s][info][gc,start    ] GC(109) Concurrent weak roots
[117.524s][info][gc,task     ] GC(109) Using 1 of 3 workers for concurrent weak root
[117.532s][info][gc          ] GC(109) Concurrent weak roots 8.552ms
[117.532s][info][gc,start    ] GC(109) Concurrent cleanup
[117.532s][info][gc          ] GC(109) Concurrent cleanup 2625M->1629M(8192M) 0.042ms
[117.532s][info][gc,ergo     ] GC(109) Free: 6136M, Max: 4096K regular, 5104M humongous, Frag: 17% external, 0% internal; Reserve: 403M, Max: 4096K
[117.532s][info][gc,start    ] GC(109) Concurrent class unloading
[117.532s][info][gc,task     ] GC(109) Using 1 of 3 workers for concurrent class unloading
[117.585s][info][gc          ] GC(109) Concurrent class unloading 52.250ms
[117.585s][info][gc,start    ] GC(109) Concurrent strong roots
[117.585s][info][gc,task     ] GC(109) Using 1 of 3 workers for concurrent strong root
[117.585s][info][gc          ] GC(109) Concurrent strong roots 0.379ms
[117.585s][info][gc,start    ] GC(109) Concurrent evacuation
[117.585s][info][gc,task     ] GC(109) Using 1 of 3 workers for concurrent evacuation
[117.594s][info][gc          ] GC(109) Concurrent evacuation 9.289ms
[117.594s][info][gc,start    ] GC(109) Pause Init Update Refs
[117.595s][info][gc,ergo     ] GC(109) Pacer for Update Refs. Used: 1743M, Free: 6080M, Non-Taxable: 608M, Alloc Tax Rate: 1.1x
[117.595s][info][gc          ] GC(109) Pause Init Update Refs 0.101ms
[117.595s][info][gc,start    ] GC(109) Concurrent update references
[117.595s][info][gc,task     ] GC(109) Using 1 of 3 workers for concurrent reference update
[117.662s][info][gc          ] GC(109) Concurrent update references 67.093ms
[117.662s][info][gc,start    ] GC(109) Concurrent update thread roots
[117.669s][info][gc          ] GC(109) Concurrent update thread roots 7.474ms
[117.669s][info][gc,start    ] GC(109) Pause Final Update Refs
[117.669s][info][gc,task     ] GC(109) Using 3 of 3 workers for final reference update
[117.669s][info][gc          ] GC(109) Pause Final Update Refs 0.144ms
[117.670s][info][gc,start    ] GC(109) Concurrent cleanup
[117.670s][info][gc          ] GC(109) Concurrent cleanup 1814M->691M(8192M) 0.045ms
[117.670s][info][gc,ergo     ] Free: 7044M, Max: 4096K regular, 5036M humongous, Frag: 29% external, 0% internal; Reserve: 412M, Max: 4096K
[117.670s][info][gc,stats    ] 
[117.670s][info][gc,stats    ] All times are wall-clock times, except per-root-class counters, that are sum over
[117.670s][info][gc,stats    ] all workers. Dividing the <total> over the root stage time estimates parallelism.
[117.670s][info][gc,stats    ] 
[117.670s][info][gc,stats    ] Concurrent Reset                  14121 us
[117.670s][info][gc,stats    ] Pause Init Mark (G)                 357 us
[117.670s][info][gc,stats    ] Pause Init Mark (N)                 140 us
[117.670s][info][gc,stats    ]   Update Region States               30 us
[117.670s][info][gc,stats    ] Concurrent Mark Roots              9220 us, parallelism: 0.94x
[117.670s][info][gc,stats    ]   CMR: <total>                     8681 us
[117.670s][info][gc,stats    ]   CMR: Thread Roots                8535 us, workers (us): 8535, ---, ---, 
[117.670s][info][gc,stats    ]   CMR: VM Strong Roots               24 us, workers (us):  24, ---, ---, 
[117.670s][info][gc,stats    ]   CMR: CLDG Roots                   122 us, workers (us): 122, ---, ---, 
[117.670s][info][gc,stats    ] Concurrent Marking                70147 us
[117.670s][info][gc,stats    ] Pause Final Mark (G)                512 us
[117.670s][info][gc,stats    ] Pause Final Mark (N)                253 us
[117.670s][info][gc,stats    ]   Finish Mark                        61 us
[117.670s][info][gc,stats    ]   Update Region States               33 us
[117.670s][info][gc,stats    ]   Choose Collection Set              78 us
[117.670s][info][gc,stats    ]   Rebuild Free Set                   10 us
[117.670s][info][gc,stats    ] Concurrent Thread Roots            7178 us, parallelism: 0.98x
[117.670s][info][gc,stats    ]   CTR: <total>                     7014 us
[117.670s][info][gc,stats    ]   CTR: Thread Roots                7014 us, workers (us): 7014, ---, ---, 
[117.670s][info][gc,stats    ] Concurrent Weak References          799 us, parallelism: 0.85x
[117.670s][info][gc,stats    ]   CWRF: <total>                     677 us
[117.670s][info][gc,stats    ]   CWRF: Weak References             677 us, workers (us): 677, ---, ---, 
[117.670s][info][gc,stats    ] Concurrent Weak Roots              8593 us
[117.670s][info][gc,stats    ]   Roots                            8351 us, parallelism: 0.99x
[117.670s][info][gc,stats    ]     CWR: <total>                   8296 us
[117.670s][info][gc,stats    ]     CWR: Code Cache Roots          6773 us, workers (us): 6773, ---, ---, 
[117.670s][info][gc,stats    ]     CWR: VM Weak Roots             1429 us, workers (us): 1429, ---, ---, 
[117.670s][info][gc,stats    ]     CWR: CLDG Roots                  94 us, workers (us):  94, ---, ---, 
[117.670s][info][gc,stats    ]   Rendezvous                        181 us
[117.670s][info][gc,stats    ] Concurrent Cleanup                   51 us
[117.670s][info][gc,stats    ] Concurrent Class Unloading        52297 us
[117.670s][info][gc,stats    ]   Unlink Stale                    50640 us
[117.670s][info][gc,stats    ]     System Dictionary               374 us
[117.670s][info][gc,stats    ]     Weak Class Links              16223 us
[117.670s][info][gc,stats    ]     Code Roots                    34041 us
[117.670s][info][gc,stats    ]   Rendezvous                        190 us
[117.670s][info][gc,stats    ]   Purge Unlinked                   1399 us
[117.670s][info][gc,stats    ]     Code Roots                     1337 us
[117.670s][info][gc,stats    ]     CLDG                             62 us
[117.670s][info][gc,stats    ]     Exception Caches                  0 us
[117.670s][info][gc,stats    ] Concurrent Strong Roots             398 us, parallelism: 0.70x
[117.670s][info][gc,stats    ]   CSR: <total>                      280 us
[117.670s][info][gc,stats    ]   CSR: VM Strong Roots                8 us, workers (us):   8, ---, ---, 
[117.670s][info][gc,stats    ]   CSR: CLDG Roots                   272 us, workers (us): 272, ---, ---, 
[117.670s][info][gc,stats    ] Concurrent Evacuation              9355 us
[117.670s][info][gc,stats    ] Pause Init Update Refs (G)          227 us
[117.670s][info][gc,stats    ] Pause Init Update Refs (N)          118 us
[117.670s][info][gc,stats    ]   Manage GCLABs                      23 us
[117.670s][info][gc,stats    ] Concurrent Update Refs            67159 us
[117.670s][info][gc,stats    ] Concurrent Update Thread Roots     7532 us
[117.670s][info][gc,stats    ] Pause Final Update Refs (G)         272 us
[117.670s][info][gc,stats    ] Pause Final Update Refs (N)         179 us
[117.670s][info][gc,stats    ]   Update Region States               59 us
[117.670s][info][gc,stats    ]   Trash Collection Set               11 us
[117.670s][info][gc,stats    ]   Rebuild Free Set                   25 us
[117.670s][info][gc,stats    ] Concurrent Cleanup                   55 us
[117.670s][info][gc,stats    ] 
[117.670s][info][gc,stats    ] Allocation pacing accrued:
[117.670s][info][gc,stats    ]       0 of   587 ms (  0.0%): <total>
[117.670s][info][gc,stats    ]       0 of   587 ms (  0.0%): <average total>
[117.670s][info][gc,stats    ] 
[117.670s][info][gc,metaspace] Metaspace: 156252K(157568K)->156282K(157568K) NonClass: 138218K(138944K)->138244K(138944K) Class: 18033K(18624K)->18037K(18624K)
[117.670s][info][gc,ergo     ] Pacer for Idle. Initial: 163M, Alloc Tax Rate: 1.0x
[118.618s][info][gc          ] Trigger: Explicit GC request (System.gc())
[118.618s][info][gc,ergo     ] Free: 5899M, Max: 4096K regular, 5036M humongous, Frag: 15% external, 0% internal; Reserve: 412M, Max: 4096K
[118.618s][info][gc,start    ] GC(110) Concurrent reset
[118.618s][info][gc,task     ] GC(110) Using 1 of 3 workers for concurrent reset
[118.618s][info][gc,ergo     ] GC(110) Pacer for Reset. Non-Taxable: 8192M
[118.624s][info][gc          ] GC(110) Concurrent reset 5.564ms
[118.624s][info][gc,start    ] GC(110) Pause Init Mark (unload classes)
[118.624s][info][gc,task     ] GC(110) Using 3 of 3 workers for init marking
[118.624s][info][gc,ref      ] GC(110) Clearing All SoftReferences
[118.624s][info][gc,ergo     ] GC(110) Pacer for Mark. Expected Live: 152M, Free: 5899M, Non-Taxable: 589M, Alloc Tax Rate: 0.0x
[118.624s][info][gc          ] GC(110) Pause Init Mark (unload classes) 0.159ms
[118.624s][info][gc,start    ] GC(110) Concurrent marking roots
[118.624s][info][gc,task     ] GC(110) Using 1 of 3 workers for concurrent marking roots
[118.633s][info][gc          ] GC(110) Concurrent marking roots 8.860ms
[118.633s][info][gc,start    ] GC(110) Concurrent marking (unload classes)
[118.633s][info][gc,task     ] GC(110) Using 1 of 3 workers for concurrent marking
[118.685s][info][gc          ] GC(110) Concurrent marking (unload classes) 52.046ms
[118.685s][info][gc,start    ] GC(110) Pause Final Mark (unload classes)
[118.685s][info][gc,task     ] GC(110) Using 3 of 3 workers for final marking
[118.685s][info][gc,ergo     ] GC(110) Adaptive CSet Selection. Target Free: 1160M, Actual Free: 6847M, Max CSet: 341M, Min Garbage: 0B
[118.686s][info][gc,ergo     ] GC(110) Collectable Garbage: 1482M (99%), Immediate: 547M (36%), CSet: 935M (62%)
[118.686s][info][gc,ergo     ] GC(110) Pacer for Evacuation. Used CSet: 942M, Free: 6707M, Non-Taxable: 670M, Alloc Tax Rate: 1.1x
[118.686s][info][gc          ] GC(110) Pause Final Mark (unload classes) 0.537ms
[118.686s][info][gc,start    ] GC(110) Concurrent thread roots
[118.686s][info][gc,task     ] GC(110) Using 1 of 3 workers for Concurrent thread roots
[118.692s][info][gc          ] GC(110) Concurrent thread roots 6.685ms
[118.692s][info][gc,start    ] GC(110) Concurrent weak references
[118.692s][info][gc,task     ] GC(110) Using 1 of 3 workers for concurrent weak references
[118.693s][info][gc,ref      ] GC(110) Encountered references: Soft: 3586, Weak: 17963, Final: 53, Phantom: 598
[118.693s][info][gc,ref      ] GC(110) Discovered  references: Soft: 1314, Weak: 6871, Final: 0, Phantom: 278
[118.693s][info][gc,ref      ] GC(110) Enqueued    references: Soft: 848, Weak: 3397, Final: 0, Phantom: 0
[118.694s][info][gc          ] GC(110) Concurrent weak references 1.062ms
[118.694s][info][gc,start    ] GC(110) Concurrent weak roots
[118.694s][info][gc,task     ] GC(110) Using 1 of 3 workers for concurrent weak root
[118.704s][info][gc          ] GC(110) Concurrent weak roots 10.011ms
[118.704s][info][gc,start    ] GC(110) Concurrent cleanup
[118.704s][info][gc          ] GC(110) Concurrent cleanup 2019M->1472M(8192M) 0.040ms
[118.704s][info][gc,ergo     ] GC(110) Free: 6299M, Max: 4096K regular, 5084M humongous, Frag: 20% external, 0% internal; Reserve: 410M, Max: 4096K
[118.704s][info][gc,start    ] GC(110) Concurrent class unloading
[118.704s][info][gc,task     ] GC(110) Using 1 of 3 workers for concurrent class unloading
[118.753s][info][gc          ] GC(110) Concurrent class unloading 49.141ms
[118.753s][info][gc,start    ] GC(110) Concurrent strong roots
[118.753s][info][gc,task     ] GC(110) Using 1 of 3 workers for concurrent strong root
[118.753s][info][gc          ] GC(110) Concurrent strong roots 0.310ms
[118.753s][info][gc,start    ] GC(110) Concurrent evacuation
[118.753s][info][gc,task     ] GC(110) Using 1 of 3 workers for concurrent evacuation
[118.758s][info][gc          ] GC(110) Concurrent evacuation 5.112ms
[118.758s][info][gc,start    ] GC(110) Pause Init Update Refs
[118.759s][info][gc,ergo     ] GC(110) Pacer for Update Refs. Used: 1583M, Free: 6195M, Non-Taxable: 619M, Alloc Tax Rate: 1.1x
[118.759s][info][gc          ] GC(110) Pause Init Update Refs 0.146ms
[118.759s][info][gc,start    ] GC(110) Concurrent update references
[118.759s][info][gc,task     ] GC(110) Using 1 of 3 workers for concurrent reference update
[118.782s][info][gc          ] GC(110) Concurrent update references 23.105ms
[118.782s][info][gc,start    ] GC(110) Concurrent update thread roots
[118.789s][info][gc          ] GC(110) Concurrent update thread roots 7.310ms
[118.789s][info][gc,start    ] GC(110) Pause Final Update Refs
[118.789s][info][gc,task     ] GC(110) Using 3 of 3 workers for final reference update
[118.789s][info][gc          ] GC(110) Pause Final Update Refs 0.169ms
[118.790s][info][gc,start    ] GC(110) Concurrent cleanup
[118.790s][info][gc          ] GC(110) Concurrent cleanup 1583M->640M(8192M) 0.113ms
[118.790s][info][gc,ergo     ] Free: 7139M, Max: 4096K regular, 5224M humongous, Frag: 27% external, 0% internal; Reserve: 412M, Max: 4096K
[118.790s][info][gc,stats    ] 
[118.790s][info][gc,stats    ] All times are wall-clock times, except per-root-class counters, that are sum over
[118.790s][info][gc,stats    ] all workers. Dividing the <total> over the root stage time estimates parallelism.
[118.790s][info][gc,stats    ] 
[118.790s][info][gc,stats    ] Concurrent Reset                   5620 us
[118.790s][info][gc,stats    ] Pause Init Mark (G)                 306 us
[118.790s][info][gc,stats    ] Pause Init Mark (N)                 172 us
[118.790s][info][gc,stats    ]   Update Region States               60 us
[118.790s][info][gc,stats    ] Concurrent Mark Roots              8917 us, parallelism: 0.96x
[118.790s][info][gc,stats    ]   CMR: <total>                     8585 us
[118.790s][info][gc,stats    ]   CMR: Thread Roots                8451 us, workers (us): 8451, ---, ---, 
[118.790s][info][gc,stats    ]   CMR: VM Strong Roots               14 us, workers (us):  14, ---, ---, 
[118.790s][info][gc,stats    ]   CMR: CLDG Roots                   121 us, workers (us): 121, ---, ---, 
[118.790s][info][gc,stats    ] Concurrent Marking                52114 us
[118.790s][info][gc,stats    ] Pause Final Mark (G)                695 us
[118.790s][info][gc,stats    ] Pause Final Mark (N)                559 us
[118.790s][info][gc,stats    ]   Finish Mark                        95 us
[118.790s][info][gc,stats    ]   Update Region States              103 us
[118.790s][info][gc,stats    ]   Choose Collection Set             182 us
[118.790s][info][gc,stats    ]   Rebuild Free Set                   25 us
[118.790s][info][gc,stats    ] Concurrent Thread Roots            6728 us, parallelism: 0.96x
[118.790s][info][gc,stats    ]   CTR: <total>                     6426 us
[118.790s][info][gc,stats    ]   CTR: Thread Roots                6426 us, workers (us): 6426, ---, ---, 
[118.790s][info][gc,stats    ] Concurrent Weak References         1070 us, parallelism: 0.86x
[118.790s][info][gc,stats    ]   CWRF: <total>                     921 us
[118.790s][info][gc,stats    ]   CWRF: Weak References             921 us, workers (us): 921, ---, ---, 
[118.790s][info][gc,stats    ] Concurrent Weak Roots             10047 us
[118.790s][info][gc,stats    ]   Roots                            9809 us, parallelism: 1.00x
[118.790s][info][gc,stats    ]     CWR: <total>                   9773 us
[118.790s][info][gc,stats    ]     CWR: Code Cache Roots          8854 us, workers (us): 8854, ---, ---, 
[118.790s][info][gc,stats    ]     CWR: VM Weak Roots              820 us, workers (us): 820, ---, ---, 
[118.790s][info][gc,stats    ]     CWR: CLDG Roots                  99 us, workers (us):  99, ---, ---, 
[118.790s][info][gc,stats    ]   Rendezvous                        183 us
[118.790s][info][gc,stats    ] Concurrent Cleanup                   49 us
[118.790s][info][gc,stats    ] Concurrent Class Unloading        49189 us
[118.790s][info][gc,stats    ]   Unlink Stale                    46997 us
[118.790s][info][gc,stats    ]     System Dictionary              1806 us
[118.790s][info][gc,stats    ]     Weak Class Links              18149 us
[118.790s][info][gc,stats    ]     Code Roots                    27040 us
[118.790s][info][gc,stats    ]   Rendezvous                        232 us
[118.790s][info][gc,stats    ]   Purge Unlinked                   1893 us
[118.790s][info][gc,stats    ]     Code Roots                     1104 us
[118.790s][info][gc,stats    ]     CLDG                            788 us
[118.790s][info][gc,stats    ]     Exception Caches                  0 us
[118.790s][info][gc,stats    ] Concurrent Strong Roots             328 us, parallelism: 0.67x
[118.790s][info][gc,stats    ]   CSR: <total>                      219 us
[118.790s][info][gc,stats    ]   CSR: VM Strong Roots                9 us, workers (us):   9, ---, ---, 
[118.790s][info][gc,stats    ]   CSR: CLDG Roots                   210 us, workers (us): 210, ---, ---, 
[118.790s][info][gc,stats    ] Concurrent Evacuation              5177 us
[118.790s][info][gc,stats    ] Pause Init Update Refs (G)          341 us
[118.790s][info][gc,stats    ] Pause Init Update Refs (N)          167 us
[118.790s][info][gc,stats    ]   Manage GCLABs                      46 us
[118.790s][info][gc,stats    ] Concurrent Update Refs            23174 us
[118.790s][info][gc,stats    ] Concurrent Update Thread Roots     7359 us
[118.790s][info][gc,stats    ] Pause Final Update Refs (G)         293 us
[118.790s][info][gc,stats    ] Pause Final Update Refs (N)         187 us
[118.790s][info][gc,stats    ]   Update Region States               75 us
[118.790s][info][gc,stats    ]   Trash Collection Set               10 us
[118.790s][info][gc,stats    ]   Rebuild Free Set                   19 us
[118.790s][info][gc,stats    ] Concurrent Cleanup                  132 us
[118.790s][info][gc,stats    ] 
[118.790s][info][gc,stats    ] Allocation pacing accrued:
[118.790s][info][gc,stats    ]       0 of  1120 ms (  0.0%): <total>
[118.790s][info][gc,stats    ]       0 of  1120 ms (  0.0%): <average total>
[118.790s][info][gc,stats    ] 
[118.790s][info][gc,metaspace] Metaspace: 156436K(157696K)->155406K(157568K) NonClass: 138376K(139008K)->137516K(138944K) Class: 18060K(18688K)->17889K(18624K)
[118.790s][info][gc,ergo     ] Pacer for Idle. Initial: 163M, Alloc Tax Rate: 1.0x
[119.126s][info][gc          ] Trigger: Learning 2 of 5. Free (5627M) is below initial threshold (5734M)
[119.126s][info][gc,ergo     ] Free: 5623M, Max: 4096K regular, 5224M humongous, Frag: 7% external, 0% internal; Reserve: 412M, Max: 4096K
[119.126s][info][gc,start    ] GC(111) Concurrent reset
[119.126s][info][gc,task     ] GC(111) Using 1 of 3 workers for concurrent reset
[119.126s][info][gc,ergo     ] GC(111) Pacer for Reset. Non-Taxable: 8192M
[119.140s][info][gc          ] GC(111) Concurrent reset 14.058ms
[119.140s][info][gc,start    ] GC(111) Pause Init Mark (unload classes)
[119.140s][info][gc,task     ] GC(111) Using 3 of 3 workers for init marking
[119.140s][info][gc,ergo     ] GC(111) Pacer for Mark. Expected Live: 141M, Free: 5527M, Non-Taxable: 552M, Alloc Tax Rate: 0.0x
[119.140s][info][gc          ] GC(111) Pause Init Mark (unload classes) 0.130ms
[119.141s][info][gc,start    ] GC(111) Concurrent marking roots
[119.141s][info][gc,task     ] GC(111) Using 1 of 3 workers for concurrent marking roots
[119.150s][info][gc          ] GC(111) Concurrent marking roots 9.527ms
[119.150s][info][gc,start    ] GC(111) Concurrent marking (unload classes)
[119.150s][info][gc,task     ] GC(111) Using 1 of 3 workers for concurrent marking
[119.219s][info][gc          ] GC(111) Concurrent marking (unload classes) 68.999ms
[119.219s][info][gc,start    ] GC(111) Pause Final Mark (unload classes)
[119.219s][info][gc,task     ] GC(111) Using 3 of 3 workers for final marking
[119.219s][info][gc,ergo     ] GC(111) Adaptive CSet Selection. Target Free: 1160M, Actual Free: 6582M, Max CSet: 341M, Min Garbage: 0B
[119.220s][info][gc,ergo     ] GC(111) Collectable Garbage: 2038M (99%), Immediate: 946M (46%), CSet: 1091M (53%)
[119.220s][info][gc,ergo     ] GC(111) Pacer for Evacuation. Used CSet: 1151M, Free: 6204M, Non-Taxable: 620M, Alloc Tax Rate: 1.1x
[119.220s][info][gc          ] GC(111) Pause Final Mark (unload classes) 0.246ms
[119.220s][info][gc,start    ] GC(111) Concurrent thread roots
[119.220s][info][gc,task     ] GC(111) Using 1 of 3 workers for Concurrent thread roots
[119.227s][info][gc          ] GC(111) Concurrent thread roots 6.984ms
[119.227s][info][gc,start    ] GC(111) Concurrent weak references
[119.227s][info][gc,task     ] GC(111) Using 1 of 3 workers for concurrent weak references
[119.227s][info][gc,ref      ] GC(111) Encountered references: Soft: 3714, Weak: 14990, Final: 53, Phantom: 598
[119.227s][info][gc,ref      ] GC(111) Discovered  references: Soft: 0, Weak: 8278, Final: 0, Phantom: 278
[119.227s][info][gc,ref      ] GC(111) Enqueued    references: Soft: 0, Weak: 211, Final: 0, Phantom: 0
[119.227s][info][gc          ] GC(111) Concurrent weak references 0.742ms
[119.227s][info][gc,start    ] GC(111) Concurrent weak roots
[119.227s][info][gc,task     ] GC(111) Using 1 of 3 workers for concurrent weak root
[119.237s][info][gc          ] GC(111) Concurrent weak roots 9.109ms
[119.237s][info][gc,start    ] GC(111) Concurrent cleanup
[119.237s][info][gc          ] GC(111) Concurrent cleanup 2590M->1644M(8192M) 0.040ms
[119.237s][info][gc,ergo     ] GC(111) Free: 6115M, Max: 4096K regular, 5136M humongous, Frag: 16% external, 0% internal; Reserve: 410M, Max: 4096K
[119.237s][info][gc,start    ] GC(111) Concurrent class unloading
[119.237s][info][gc,task     ] GC(111) Using 1 of 3 workers for concurrent class unloading
[119.293s][info][gc          ] GC(111) Concurrent class unloading 56.603ms
[119.293s][info][gc,start    ] GC(111) Concurrent strong roots
[119.293s][info][gc,task     ] GC(111) Using 1 of 3 workers for concurrent strong root
[119.294s][info][gc          ] GC(111) Concurrent strong roots 0.433ms
[119.294s][info][gc,start    ] GC(111) Concurrent evacuation
[119.294s][info][gc,task     ] GC(111) Using 1 of 3 workers for concurrent evacuation
[119.302s][info][gc          ] GC(111) Concurrent evacuation 8.243ms
[119.302s][info][gc,start    ] GC(111) Pause Init Update Refs
[119.302s][info][gc,ergo     ] GC(111) Pacer for Update Refs. Used: 1773M, Free: 6047M, Non-Taxable: 604M, Alloc Tax Rate: 1.1x
[119.302s][info][gc          ] GC(111) Pause Init Update Refs 0.057ms
[119.302s][info][gc,start    ] GC(111) Concurrent update references
[119.302s][info][gc,task     ] GC(111) Using 1 of 3 workers for concurrent reference update
[119.370s][info][gc          ] GC(111) Concurrent update references 67.624ms
[119.370s][info][gc,start    ] GC(111) Concurrent update thread roots
[119.378s][info][gc          ] GC(111) Concurrent update thread roots 8.223ms
[119.378s][info][gc,start    ] GC(111) Pause Final Update Refs
[119.378s][info][gc,task     ] GC(111) Using 3 of 3 workers for final reference update
[119.378s][info][gc          ] GC(111) Pause Final Update Refs 0.089ms
[119.378s][info][gc,start    ] GC(111) Concurrent cleanup
[119.378s][info][gc          ] GC(111) Concurrent cleanup 1820M->668M(8192M) 0.043ms
[119.378s][info][gc,ergo     ] Free: 7071M, Max: 4096K regular, 5064M humongous, Frag: 29% external, 0% internal; Reserve: 412M, Max: 4096K
[119.378s][info][gc,stats    ] 
[119.378s][info][gc,stats    ] All times are wall-clock times, except per-root-class counters, that are sum over
[119.378s][info][gc,stats    ] all workers. Dividing the <total> over the root stage time estimates parallelism.
[119.379s][info][gc,stats    ] 
[119.379s][info][gc,stats    ] Concurrent Reset                  14207 us
[119.379s][info][gc,stats    ] Pause Init Mark (G)                 466 us
[119.379s][info][gc,stats    ] Pause Init Mark (N)                 138 us
[119.379s][info][gc,stats    ]   Update Region States               51 us
[119.379s][info][gc,stats    ] Concurrent Mark Roots              9674 us, parallelism: 0.94x
[119.379s][info][gc,stats    ]   CMR: <total>                     9089 us
[119.379s][info][gc,stats    ]   CMR: Thread Roots                8826 us, workers (us): 8826, ---, ---, 
[119.379s][info][gc,stats    ]   CMR: VM Strong Roots               30 us, workers (us):  30, ---, ---, 
[119.379s][info][gc,stats    ]   CMR: CLDG Roots                   233 us, workers (us): 233, ---, ---, 
[119.379s][info][gc,stats    ] Concurrent Marking                69049 us
[119.379s][info][gc,stats    ] Pause Final Mark (G)                337 us
[119.379s][info][gc,stats    ] Pause Final Mark (N)                255 us
[119.379s][info][gc,stats    ]   Finish Mark                        92 us
[119.379s][info][gc,stats    ]   Update Region States               30 us
[119.379s][info][gc,stats    ]   Choose Collection Set              60 us
[119.379s][info][gc,stats    ]   Rebuild Free Set                    9 us
[119.379s][info][gc,stats    ] Concurrent Thread Roots            7038 us, parallelism: 0.98x
[119.379s][info][gc,stats    ]   CTR: <total>                     6922 us
[119.379s][info][gc,stats    ]   CTR: Thread Roots                6922 us, workers (us): 6922, ---, ---, 
[119.379s][info][gc,stats    ] Concurrent Weak References          751 us, parallelism: 0.83x
[119.379s][info][gc,stats    ]   CWRF: <total>                     622 us
[119.379s][info][gc,stats    ]   CWRF: Weak References             622 us, workers (us): 622, ---, ---, 
[119.379s][info][gc,stats    ] Concurrent Weak Roots              9163 us
[119.379s][info][gc,stats    ]   Roots                            8827 us, parallelism: 0.99x
[119.379s][info][gc,stats    ]     CWR: <total>                   8771 us
[119.379s][info][gc,stats    ]     CWR: Code Cache Roots          7347 us, workers (us): 7347, ---, ---, 
[119.379s][info][gc,stats    ]     CWR: VM Weak Roots             1309 us, workers (us): 1309, ---, ---, 
[119.379s][info][gc,stats    ]     CWR: CLDG Roots                 115 us, workers (us): 115, ---, ---, 
[119.379s][info][gc,stats    ]   Rendezvous                        262 us
[119.379s][info][gc,stats    ] Concurrent Cleanup                   49 us
[119.379s][info][gc,stats    ] Concurrent Class Unloading        56650 us
[119.379s][info][gc,stats    ]   Unlink Stale                    54780 us
[119.379s][info][gc,stats    ]     System Dictionary               484 us
[119.379s][info][gc,stats    ]     Weak Class Links              17474 us
[119.379s][info][gc,stats    ]     Code Roots                    36819 us
[119.379s][info][gc,stats    ]   Rendezvous                        224 us
[119.379s][info][gc,stats    ]   Purge Unlinked                   1578 us
[119.379s][info][gc,stats    ]     Code Roots                     1488 us
[119.379s][info][gc,stats    ]     CLDG                             89 us
[119.379s][info][gc,stats    ]     Exception Caches                  0 us
[119.379s][info][gc,stats    ] Concurrent Strong Roots             461 us, parallelism: 0.66x
[119.379s][info][gc,stats    ]   CSR: <total>                      305 us
[119.379s][info][gc,stats    ]   CSR: VM Strong Roots                9 us, workers (us):   9, ---, ---, 
[119.379s][info][gc,stats    ]   CSR: CLDG Roots                   297 us, workers (us): 297, ---, ---, 
[119.379s][info][gc,stats    ] Concurrent Evacuation              8302 us
[119.379s][info][gc,stats    ] Pause Init Update Refs (G)          149 us
[119.379s][info][gc,stats    ] Pause Init Update Refs (N)           65 us
[119.379s][info][gc,stats    ]   Manage GCLABs                      19 us
[119.379s][info][gc,stats    ] Concurrent Update Refs            67685 us
[119.379s][info][gc,stats    ] Concurrent Update Thread Roots     8292 us
[119.379s][info][gc,stats    ] Pause Final Update Refs (G)         210 us
[119.379s][info][gc,stats    ] Pause Final Update Refs (N)         128 us
[119.379s][info][gc,stats    ]   Update Region States               34 us
[119.379s][info][gc,stats    ]   Trash Collection Set                8 us
[119.379s][info][gc,stats    ]   Rebuild Free Set                   12 us
[119.379s][info][gc,stats    ] Concurrent Cleanup                   51 us
[119.379s][info][gc,stats    ] 
[119.379s][info][gc,stats    ] Allocation pacing accrued:
[119.379s][info][gc,stats    ]       0 of   589 ms (  0.0%): <total>
[119.379s][info][gc,stats    ]       0 of   589 ms (  0.0%): <average total>
[119.379s][info][gc,stats    ] 
[119.379s][info][gc,metaspace] Metaspace: 156273K(157568K)->156288K(157568K) NonClass: 138235K(138944K)->138250K(138944K) Class: 18038K(18624K)->18038K(18624K)
[119.379s][info][gc,ergo     ] Pacer for Idle. Initial: 163M, Alloc Tax Rate: 1.0x
[120.370s][info][gc          ] Trigger: Explicit GC request (System.gc())
[120.370s][info][gc,ergo     ] Free: 5895M, Max: 4096K regular, 5064M humongous, Frag: 14% external, 0% internal; Reserve: 412M, Max: 4096K
[120.370s][info][gc,start    ] GC(112) Concurrent reset
[120.370s][info][gc,task     ] GC(112) Using 1 of 3 workers for concurrent reset
[120.370s][info][gc,ergo     ] GC(112) Pacer for Reset. Non-Taxable: 8192M
[120.375s][info][gc          ] GC(112) Concurrent reset 4.846ms
[120.375s][info][gc,start    ] GC(112) Pause Init Mark (unload classes)
[120.375s][info][gc,task     ] GC(112) Using 3 of 3 workers for init marking
[120.375s][info][gc,ref      ] GC(112) Clearing All SoftReferences
[120.375s][info][gc,ergo     ] GC(112) Pacer for Mark. Expected Live: 153M, Free: 5895M, Non-Taxable: 589M, Alloc Tax Rate: 0.0x
[120.375s][info][gc          ] GC(112) Pause Init Mark (unload classes) 0.190ms
[120.375s][info][gc,start    ] GC(112) Concurrent marking roots
[120.375s][info][gc,task     ] GC(112) Using 1 of 3 workers for concurrent marking roots
[120.383s][info][gc          ] GC(112) Concurrent marking roots 7.957ms
[120.383s][info][gc,start    ] GC(112) Concurrent marking (unload classes)
[120.383s][info][gc,task     ] GC(112) Using 1 of 3 workers for concurrent marking
[120.437s][info][gc          ] GC(112) Concurrent marking (unload classes) 53.577ms
[120.437s][info][gc,start    ] GC(112) Pause Final Mark (unload classes)
[120.437s][info][gc,task     ] GC(112) Using 3 of 3 workers for final marking
[120.437s][info][gc,ergo     ] GC(112) Adaptive CSet Selection. Target Free: 1160M, Actual Free: 6858M, Max CSet: 341M, Min Garbage: 0B
[120.437s][info][gc,ergo     ] GC(112) Collectable Garbage: 1482M (99%), Immediate: 562M (37%), CSet: 920M (61%)
[120.437s][info][gc,ergo     ] GC(112) Pacer for Evacuation. Used CSet: 928M, Free: 6723M, Non-Taxable: 672M, Alloc Tax Rate: 1.1x
[120.437s][info][gc          ] GC(112) Pause Final Mark (unload classes) 0.644ms
[120.437s][info][gc,start    ] GC(112) Concurrent thread roots
[120.437s][info][gc,task     ] GC(112) Using 1 of 3 workers for Concurrent thread roots
[120.444s][info][gc          ] GC(112) Concurrent thread roots 6.575ms
[120.444s][info][gc,start    ] GC(112) Concurrent weak references
[120.444s][info][gc,task     ] GC(112) Using 1 of 3 workers for concurrent weak references
[120.445s][info][gc,ref      ] GC(112) Encountered references: Soft: 3586, Weak: 17967, Final: 53, Phantom: 598
[120.445s][info][gc,ref      ] GC(112) Discovered  references: Soft: 1314, Weak: 6874, Final: 0, Phantom: 278
[120.445s][info][gc,ref      ] GC(112) Enqueued    references: Soft: 848, Weak: 3400, Final: 0, Phantom: 0
[120.445s][info][gc          ] GC(112) Concurrent weak references 0.790ms
[120.445s][info][gc,start    ] GC(112) Concurrent weak roots
[120.445s][info][gc,task     ] GC(112) Using 1 of 3 workers for concurrent weak root
[120.455s][info][gc          ] GC(112) Concurrent weak roots 10.004ms
[120.455s][info][gc,start    ] GC(112) Concurrent cleanup
[120.455s][info][gc          ] GC(112) Concurrent cleanup 1984M->1422M(8192M) 0.043ms
[120.455s][info][gc,ergo     ] GC(112) Free: 6351M, Max: 4096K regular, 5116M humongous, Frag: 20% external, 0% internal; Reserve: 410M, Max: 4096K
[120.455s][info][gc,start    ] GC(112) Concurrent class unloading
[120.455s][info][gc,task     ] GC(112) Using 1 of 3 workers for concurrent class unloading
[120.505s][info][gc          ] GC(112) Concurrent class unloading 49.730ms
[120.505s][info][gc,start    ] GC(112) Concurrent strong roots
[120.505s][info][gc,task     ] GC(112) Using 1 of 3 workers for concurrent strong root
[120.505s][info][gc          ] GC(112) Concurrent strong roots 0.344ms
[120.505s][info][gc,start    ] GC(112) Concurrent evacuation
[120.505s][info][gc,task     ] GC(112) Using 1 of 3 workers for concurrent evacuation
[120.510s][info][gc          ] GC(112) Concurrent evacuation 5.060ms
[120.510s][info][gc,start    ] GC(112) Pause Init Update Refs
[120.510s][info][gc,ergo     ] GC(112) Pacer for Update Refs. Used: 1585M, Free: 6199M, Non-Taxable: 619M, Alloc Tax Rate: 1.1x
[120.510s][info][gc          ] GC(112) Pause Init Update Refs 0.084ms
[120.510s][info][gc,start    ] GC(112) Concurrent update references
[120.510s][info][gc,task     ] GC(112) Using 1 of 3 workers for concurrent reference update
[120.533s][info][gc          ] GC(112) Concurrent update references 22.693ms
[120.533s][info][gc,start    ] GC(112) Concurrent update thread roots
[120.540s][info][gc          ] GC(112) Concurrent update thread roots 7.366ms
[120.541s][info][gc,start    ] GC(112) Pause Final Update Refs
[120.541s][info][gc,task     ] GC(112) Using 3 of 3 workers for final reference update
[120.541s][info][gc          ] GC(112) Pause Final Update Refs 0.162ms
[120.541s][info][gc,start    ] GC(112) Concurrent cleanup
[120.541s][info][gc          ] GC(112) Concurrent cleanup 1585M->656M(8192M) 0.105ms
[120.541s][info][gc,ergo     ] Free: 7123M, Max: 4096K regular, 5220M humongous, Frag: 27% external, 0% internal; Reserve: 412M, Max: 4096K
[120.541s][info][gc,stats    ] 
[120.541s][info][gc,stats    ] All times are wall-clock times, except per-root-class counters, that are sum over
[120.541s][info][gc,stats    ] all workers. Dividing the <total> over the root stage time estimates parallelism.
[120.541s][info][gc,stats    ] 
[120.541s][info][gc,stats    ] Concurrent Reset                   4907 us
[120.541s][info][gc,stats    ] Pause Init Mark (G)                 341 us
[120.541s][info][gc,stats    ] Pause Init Mark (N)                 198 us
[120.541s][info][gc,stats    ]   Update Region States               85 us
[120.541s][info][gc,stats    ] Concurrent Mark Roots              8021 us, parallelism: 0.96x
[120.541s][info][gc,stats    ]   CMR: <total>                     7695 us
[120.541s][info][gc,stats    ]   CMR: Thread Roots                7531 us, workers (us): 7531, ---, ---, 
[120.541s][info][gc,stats    ]   CMR: VM Strong Roots               21 us, workers (us):  21, ---, ---, 
[120.541s][info][gc,stats    ]   CMR: CLDG Roots                   143 us, workers (us): 143, ---, ---, 
[120.541s][info][gc,stats    ] Concurrent Marking                53624 us
[120.541s][info][gc,stats    ] Pause Final Mark (G)                802 us
[120.541s][info][gc,stats    ] Pause Final Mark (N)                666 us
[120.541s][info][gc,stats    ]   Finish Mark                       175 us
[120.541s][info][gc,stats    ]   Update Region States              124 us
[120.541s][info][gc,stats    ]   Choose Collection Set             182 us
[120.541s][info][gc,stats    ]   Rebuild Free Set                   25 us
[120.541s][info][gc,stats    ] Concurrent Thread Roots            6620 us, parallelism: 0.98x
[120.541s][info][gc,stats    ]   CTR: <total>                     6486 us
[120.541s][info][gc,stats    ]   CTR: Thread Roots                6486 us, workers (us): 6486, ---, ---, 
[120.541s][info][gc,stats    ] Concurrent Weak References          801 us, parallelism: 0.82x
[120.541s][info][gc,stats    ]   CWRF: <total>                     660 us
[120.541s][info][gc,stats    ]   CWRF: Weak References             660 us, workers (us): 660, ---, ---, 
[120.541s][info][gc,stats    ] Concurrent Weak Roots             10045 us
[120.541s][info][gc,stats    ]   Roots                            9790 us, parallelism: 0.99x
[120.541s][info][gc,stats    ]     CWR: <total>                   9731 us
[120.541s][info][gc,stats    ]     CWR: Code Cache Roots          8876 us, workers (us): 8876, ---, ---, 
[120.541s][info][gc,stats    ]     CWR: VM Weak Roots              766 us, workers (us): 766, ---, ---, 
[120.541s][info][gc,stats    ]     CWR: CLDG Roots                  90 us, workers (us):  90, ---, ---, 
[120.541s][info][gc,stats    ]   Rendezvous                        194 us
[120.541s][info][gc,stats    ] Concurrent Cleanup                   53 us
[120.541s][info][gc,stats    ] Concurrent Class Unloading        49792 us
[120.541s][info][gc,stats    ]   Unlink Stale                    47004 us
[120.541s][info][gc,stats    ]     System Dictionary              1818 us
[120.541s][info][gc,stats    ]     Weak Class Links              18133 us
[120.541s][info][gc,stats    ]     Code Roots                    27051 us
[120.541s][info][gc,stats    ]   Rendezvous                        272 us
[120.541s][info][gc,stats    ]   Purge Unlinked                   2433 us
[120.541s][info][gc,stats    ]     Code Roots                     1360 us
[120.541s][info][gc,stats    ]     CLDG                           1071 us
[120.541s][info][gc,stats    ]     Exception Caches                  0 us
[120.541s][info][gc,stats    ] Concurrent Strong Roots             354 us, parallelism: 0.64x
[120.541s][info][gc,stats    ]   CSR: <total>                      226 us
[120.541s][info][gc,stats    ]   CSR: VM Strong Roots                8 us, workers (us):   8, ---, ---, 
[120.541s][info][gc,stats    ]   CSR: CLDG Roots                   217 us, workers (us): 217, ---, ---, 
[120.541s][info][gc,stats    ] Concurrent Evacuation              5117 us
[120.541s][info][gc,stats    ] Pause Init Update Refs (G)          153 us
[120.541s][info][gc,stats    ] Pause Init Update Refs (N)           98 us
[120.541s][info][gc,stats    ]   Manage GCLABs                      31 us
[120.541s][info][gc,stats    ] Concurrent Update Refs            22762 us
[120.541s][info][gc,stats    ] Concurrent Update Thread Roots     7418 us
[120.541s][info][gc,stats    ] Pause Final Update Refs (G)         280 us
[120.541s][info][gc,stats    ] Pause Final Update Refs (N)         180 us
[120.541s][info][gc,stats    ]   Update Region States               84 us
[120.541s][info][gc,stats    ]   Trash Collection Set               10 us
[120.541s][info][gc,stats    ]   Rebuild Free Set                   21 us
[120.541s][info][gc,stats    ] Concurrent Cleanup                  131 us
[120.541s][info][gc,stats    ] 
[120.541s][info][gc,stats    ] Allocation pacing accrued:
[120.541s][info][gc,stats    ]       0 of  1162 ms (  0.0%): <total>
[120.541s][info][gc,stats    ]       0 of  1162 ms (  0.0%): <average total>
[120.541s][info][gc,stats    ] 
[120.541s][info][gc,metaspace] Metaspace: 156440K(157696K)->155407K(157568K) NonClass: 138379K(139008K)->137518K(138944K) Class: 18060K(18688K)->17889K(18624K)
[120.541s][info][gc,ergo     ] Pacer for Idle. Initial: 163M, Alloc Tax Rate: 1.0x
[120.881s][info][gc          ] Trigger: Learning 2 of 5. Free (5611M) is below initial threshold (5734M)
[120.881s][info][gc,ergo     ] Free: 5611M, Max: 4096K regular, 5220M humongous, Frag: 7% external, 0% internal; Reserve: 412M, Max: 4096K
[120.881s][info][gc,start    ] GC(113) Concurrent reset
[120.881s][info][gc,task     ] GC(113) Using 1 of 3 workers for concurrent reset
[120.881s][info][gc,ergo     ] GC(113) Pacer for Reset. Non-Taxable: 8192M
[120.894s][info][gc          ] GC(113) Concurrent reset 13.447ms
[120.895s][info][gc,start    ] GC(113) Pause Init Mark (unload classes)
[120.895s][info][gc,task     ] GC(113) Using 3 of 3 workers for init marking
[120.895s][info][gc,ergo     ] GC(113) Pacer for Mark. Expected Live: 142M, Free: 5519M, Non-Taxable: 551M, Alloc Tax Rate: 0.0x
[120.895s][info][gc          ] GC(113) Pause Init Mark (unload classes) 0.125ms
[120.895s][info][gc,start    ] GC(113) Concurrent marking roots
[120.895s][info][gc,task     ] GC(113) Using 1 of 3 workers for concurrent marking roots
[120.904s][info][gc          ] GC(113) Concurrent marking roots 9.164ms
[120.904s][info][gc,start    ] GC(113) Concurrent marking (unload classes)
[120.904s][info][gc,task     ] GC(113) Using 1 of 3 workers for concurrent marking
[120.974s][info][gc          ] GC(113) Concurrent marking (unload classes) 70.039ms
[120.974s][info][gc,start    ] GC(113) Pause Final Mark (unload classes)
[120.974s][info][gc,task     ] GC(113) Using 3 of 3 workers for final marking
[120.974s][info][gc,ergo     ] GC(113) Adaptive CSet Selection. Target Free: 1160M, Actual Free: 6596M, Max CSet: 341M, Min Garbage: 0B
[120.974s][info][gc,ergo     ] GC(113) Collectable Garbage: 2048M (99%), Immediate: 972M (47%), CSet: 1075M (52%)
[120.974s][info][gc,ergo     ] GC(113) Pacer for Evacuation. Used CSet: 1137M, Free: 6221M, Non-Taxable: 622M, Alloc Tax Rate: 1.1x
[120.975s][info][gc          ] GC(113) Pause Final Mark (unload classes) 0.338ms
[120.975s][info][gc,start    ] GC(113) Concurrent thread roots
[120.975s][info][gc,task     ] GC(113) Using 1 of 3 workers for Concurrent thread roots
[120.982s][info][gc          ] GC(113) Concurrent thread roots 7.335ms
[120.982s][info][gc,start    ] GC(113) Concurrent weak references
[120.982s][info][gc,task     ] GC(113) Using 1 of 3 workers for concurrent weak references
[120.983s][info][gc,ref      ] GC(113) Encountered references: Soft: 3715, Weak: 14989, Final: 53, Phantom: 598
[120.983s][info][gc,ref      ] GC(113) Discovered  references: Soft: 0, Weak: 8000, Final: 0, Phantom: 278
[120.983s][info][gc,ref      ] GC(113) Enqueued    references: Soft: 0, Weak: 212, Final: 0, Phantom: 0
[120.983s][info][gc          ] GC(113) Concurrent weak references 0.595ms
[120.983s][info][gc,start    ] GC(113) Concurrent weak roots
[120.983s][info][gc,task     ] GC(113) Using 1 of 3 workers for concurrent weak root
[120.992s][info][gc          ] GC(113) Concurrent weak roots 9.085ms
[120.992s][info][gc,start    ] GC(113) Concurrent cleanup
[120.992s][info][gc          ] GC(113) Concurrent cleanup 2621M->1648M(8192M) 0.037ms
[120.992s][info][gc,ergo     ] GC(113) Free: 6124M, Max: 4096K regular, 5116M humongous, Frag: 17% external, 0% internal; Reserve: 399M, Max: 4096K
[120.992s][info][gc,start    ] GC(113) Concurrent class unloading
[120.992s][info][gc,task     ] GC(113) Using 1 of 3 workers for concurrent class unloading
[121.046s][info][gc          ] GC(113) Concurrent class unloading 54.390ms
[121.046s][info][gc,start    ] GC(113) Concurrent strong roots
[121.046s][info][gc,task     ] GC(113) Using 1 of 3 workers for concurrent strong root
[121.047s][info][gc          ] GC(113) Concurrent strong roots 0.460ms
[121.047s][info][gc,start    ] GC(113) Concurrent evacuation
[121.047s][info][gc,task     ] GC(113) Using 1 of 3 workers for concurrent evacuation
[121.056s][info][gc          ] GC(113) Concurrent evacuation 8.591ms
[121.056s][info][gc,start    ] GC(113) Pause Init Update Refs
[121.056s][info][gc,ergo     ] GC(113) Pacer for Update Refs. Used: 1757M, Free: 6064M, Non-Taxable: 606M, Alloc Tax Rate: 1.1x
[121.056s][info][gc          ] GC(113) Pause Init Update Refs 0.075ms
[121.056s][info][gc,start    ] GC(113) Concurrent update references
[121.056s][info][gc,task     ] GC(113) Using 1 of 3 workers for concurrent reference update
[121.123s][info][gc          ] GC(113) Concurrent update references 67.309ms
[121.123s][info][gc,start    ] GC(113) Concurrent update thread roots
[121.129s][info][gc          ] GC(113) Concurrent update thread roots 6.188ms
[121.129s][info][gc,start    ] GC(113) Pause Final Update Refs
[121.129s][info][gc,task     ] GC(113) Using 3 of 3 workers for final reference update
[121.130s][info][gc          ] GC(113) Pause Final Update Refs 0.139ms
[121.130s][info][gc,start    ] GC(113) Concurrent cleanup
[121.130s][info][gc          ] GC(113) Concurrent cleanup 1828M->694M(8192M) 0.083ms
[121.130s][info][gc,ergo     ] Free: 7041M, Max: 4096K regular, 5052M humongous, Frag: 29% external, 0% internal; Reserve: 412M, Max: 4096K
[121.130s][info][gc,stats    ] 
[121.130s][info][gc,stats    ] All times are wall-clock times, except per-root-class counters, that are sum over
[121.130s][info][gc,stats    ] all workers. Dividing the <total> over the root stage time estimates parallelism.
[121.130s][info][gc,stats    ] 
[121.130s][info][gc,stats    ] Concurrent Reset                  13589 us
[121.130s][info][gc,stats    ] Pause Init Mark (G)                 402 us
[121.130s][info][gc,stats    ] Pause Init Mark (N)                 134 us
[121.130s][info][gc,stats    ]   Update Region States               43 us
[121.130s][info][gc,stats    ] Concurrent Mark Roots              9338 us, parallelism: 0.94x
[121.130s][info][gc,stats    ]   CMR: <total>                     8748 us
[121.130s][info][gc,stats    ]   CMR: Thread Roots                8605 us, workers (us): 8605, ---, ---, 
[121.130s][info][gc,stats    ]   CMR: VM Strong Roots               23 us, workers (us):  23, ---, ---, 
[121.130s][info][gc,stats    ]   CMR: CLDG Roots                   119 us, workers (us): 119, ---, ---, 
[121.130s][info][gc,stats    ] Concurrent Marking                70073 us
[121.130s][info][gc,stats    ] Pause Final Mark (G)                697 us
[121.130s][info][gc,stats    ] Pause Final Mark (N)                350 us
[121.130s][info][gc,stats    ]   Finish Mark                        85 us
[121.130s][info][gc,stats    ]   Update Region States               39 us
[121.130s][info][gc,stats    ]   Choose Collection Set              71 us
[121.130s][info][gc,stats    ]   Rebuild Free Set                    9 us
[121.130s][info][gc,stats    ] Concurrent Thread Roots            7381 us, parallelism: 0.98x
[121.130s][info][gc,stats    ]   CTR: <total>                     7255 us
[121.130s][info][gc,stats    ]   CTR: Thread Roots                7255 us, workers (us): 7255, ---, ---, 
[121.130s][info][gc,stats    ] Concurrent Weak References          603 us, parallelism: 0.88x
[121.130s][info][gc,stats    ]   CWRF: <total>                     528 us
[121.130s][info][gc,stats    ]   CWRF: Weak References             528 us, workers (us): 528, ---, ---, 
[121.130s][info][gc,stats    ] Concurrent Weak Roots              9118 us
[121.130s][info][gc,stats    ]   Roots                            8903 us, parallelism: 0.99x
[121.130s][info][gc,stats    ]     CWR: <total>                   8843 us
[121.130s][info][gc,stats    ]     CWR: Code Cache Roots          6906 us, workers (us): 6906, ---, ---, 
[121.130s][info][gc,stats    ]     CWR: VM Weak Roots             1828 us, workers (us): 1828, ---, ---, 
[121.130s][info][gc,stats    ]     CWR: CLDG Roots                 109 us, workers (us): 109, ---, ---, 
[121.130s][info][gc,stats    ]   Rendezvous                        164 us
[121.130s][info][gc,stats    ] Concurrent Cleanup                   45 us
[121.130s][info][gc,stats    ] Concurrent Class Unloading        54449 us
[121.130s][info][gc,stats    ]   Unlink Stale                    52290 us
[121.130s][info][gc,stats    ]     System Dictionary               414 us
[121.130s][info][gc,stats    ]     Weak Class Links              16366 us
[121.130s][info][gc,stats    ]     Code Roots                    35508 us
[121.130s][info][gc,stats    ]   Rendezvous                        175 us
[121.130s][info][gc,stats    ]   Purge Unlinked                   1896 us
[121.130s][info][gc,stats    ]     Code Roots                     1801 us
[121.130s][info][gc,stats    ]     CLDG                             93 us
[121.130s][info][gc,stats    ]     Exception Caches                  0 us
[121.130s][info][gc,stats    ] Concurrent Strong Roots             471 us, parallelism: 0.68x
[121.130s][info][gc,stats    ]   CSR: <total>                      321 us
[121.130s][info][gc,stats    ]   CSR: VM Strong Roots                8 us, workers (us):   8, ---, ---, 
[121.130s][info][gc,stats    ]   CSR: CLDG Roots                   313 us, workers (us): 313, ---, ---, 
[121.130s][info][gc,stats    ] Concurrent Evacuation              8657 us
[121.130s][info][gc,stats    ] Pause Init Update Refs (G)          167 us
[121.130s][info][gc,stats    ] Pause Init Update Refs (N)           83 us
[121.130s][info][gc,stats    ]   Manage GCLABs                      22 us
[121.130s][info][gc,stats    ] Concurrent Update Refs            67363 us
[121.130s][info][gc,stats    ] Concurrent Update Thread Roots     6240 us
[121.130s][info][gc,stats    ] Pause Final Update Refs (G)         218 us
[121.130s][info][gc,stats    ] Pause Final Update Refs (N)         150 us
[121.130s][info][gc,stats    ]   Update Region States               56 us
[121.130s][info][gc,stats    ]   Trash Collection Set               11 us
[121.130s][info][gc,stats    ]   Rebuild Free Set                   20 us
[121.130s][info][gc,stats    ] Concurrent Cleanup                  107 us
[121.130s][info][gc,stats    ] 
[121.130s][info][gc,stats    ] Allocation pacing accrued:
[121.130s][info][gc,stats    ]       0 of   589 ms (  0.0%): <total>
[121.130s][info][gc,stats    ]       0 of   589 ms (  0.0%): <average total>
[121.130s][info][gc,stats    ] 
[121.130s][info][gc,metaspace] Metaspace: 156271K(157568K)->156305K(157568K) NonClass: 138236K(138944K)->138264K(138944K) Class: 18035K(18624K)->18040K(18624K)
[121.130s][info][gc,ergo     ] Pacer for Idle. Initial: 163M, Alloc Tax Rate: 1.0x
[122.064s][info][gc          ] Trigger: Explicit GC request (System.gc())
[122.064s][info][gc,ergo     ] Free: 5890M, Max: 4096K regular, 5052M humongous, Frag: 15% external, 0% internal; Reserve: 412M, Max: 4096K
[122.064s][info][gc,start    ] GC(114) Concurrent reset
[122.064s][info][gc,task     ] GC(114) Using 1 of 3 workers for concurrent reset
[122.064s][info][gc,ergo     ] GC(114) Pacer for Reset. Non-Taxable: 8192M
[122.069s][info][gc          ] GC(114) Concurrent reset 4.504ms
[122.069s][info][gc,start    ] GC(114) Pause Init Mark (unload classes)
[122.069s][info][gc,task     ] GC(114) Using 3 of 3 workers for init marking
[122.069s][info][gc,ref      ] GC(114) Clearing All SoftReferences
[122.069s][info][gc,ergo     ] GC(114) Pacer for Mark. Expected Live: 153M, Free: 5890M, Non-Taxable: 589M, Alloc Tax Rate: 0.0x
[122.069s][info][gc          ] GC(114) Pause Init Mark (unload classes) 0.220ms
[122.069s][info][gc,start    ] GC(114) Concurrent marking roots
[122.069s][info][gc,task     ] GC(114) Using 1 of 3 workers for concurrent marking roots
[122.077s][info][gc          ] GC(114) Concurrent marking roots 7.862ms
[122.077s][info][gc,start    ] GC(114) Concurrent marking (unload classes)
[122.077s][info][gc,task     ] GC(114) Using 1 of 3 workers for concurrent marking
[122.130s][info][gc          ] GC(114) Concurrent marking (unload classes) 53.227ms
[122.130s][info][gc,start    ] GC(114) Pause Final Mark (unload classes)
[122.130s][info][gc,task     ] GC(114) Using 3 of 3 workers for final marking
[122.131s][info][gc,ergo     ] GC(114) Adaptive CSet Selection. Target Free: 1160M, Actual Free: 6842M, Max CSet: 341M, Min Garbage: 0B
[122.131s][info][gc,ergo     ] GC(114) Collectable Garbage: 1482M (99%), Immediate: 550M (36%), CSet: 932M (62%)
[122.131s][info][gc,ergo     ] GC(114) Pacer for Evacuation. Used CSet: 940M, Free: 6711M, Non-Taxable: 671M, Alloc Tax Rate: 1.1x
[122.131s][info][gc          ] GC(114) Pause Final Mark (unload classes) 0.542ms
[122.131s][info][gc,start    ] GC(114) Concurrent thread roots
[122.131s][info][gc,task     ] GC(114) Using 1 of 3 workers for Concurrent thread roots
[122.138s][info][gc          ] GC(114) Concurrent thread roots 6.531ms
[122.138s][info][gc,start    ] GC(114) Concurrent weak references
[122.138s][info][gc,task     ] GC(114) Using 1 of 3 workers for concurrent weak references
[122.139s][info][gc,ref      ] GC(114) Encountered references: Soft: 3586, Weak: 17963, Final: 53, Phantom: 598
[122.139s][info][gc,ref      ] GC(114) Discovered  references: Soft: 1314, Weak: 6848, Final: 0, Phantom: 373
[122.139s][info][gc,ref      ] GC(114) Enqueued    references: Soft: 848, Weak: 3397, Final: 0, Phantom: 0
[122.139s][info][gc          ] GC(114) Concurrent weak references 1.140ms
[122.139s][info][gc,start    ] GC(114) Concurrent weak roots
[122.139s][info][gc,task     ] GC(114) Using 1 of 3 workers for concurrent weak root
[122.148s][info][gc          ] GC(114) Concurrent weak roots 9.554ms
[122.148s][info][gc,start    ] GC(114) Concurrent cleanup
[122.148s][info][gc          ] GC(114) Concurrent cleanup 1972M->1422M(8192M) 0.042ms
[122.148s][info][gc,ergo     ] GC(114) Free: 6351M, Max: 4096K regular, 5092M humongous, Frag: 20% external, 0% internal; Reserve: 410M, Max: 4096K
[122.148s][info][gc,start    ] GC(114) Concurrent class unloading
[122.148s][info][gc,task     ] GC(114) Using 1 of 3 workers for concurrent class unloading
[122.198s][info][gc          ] GC(114) Concurrent class unloading 49.917ms
[122.198s][info][gc,start    ] GC(114) Concurrent strong roots
[122.198s][info][gc,task     ] GC(114) Using 1 of 3 workers for concurrent strong root
[122.199s][info][gc          ] GC(114) Concurrent strong roots 0.315ms
[122.199s][info][gc,start    ] GC(114) Concurrent evacuation
[122.199s][info][gc,task     ] GC(114) Using 1 of 3 workers for concurrent evacuation
[122.204s][info][gc          ] GC(114) Concurrent evacuation 5.212ms
[122.204s][info][gc,start    ] GC(114) Pause Init Update Refs
[122.204s][info][gc,ergo     ] GC(114) Pacer for Update Refs. Used: 1580M, Free: 6203M, Non-Taxable: 620M, Alloc Tax Rate: 1.1x
[122.204s][info][gc          ] GC(114) Pause Init Update Refs 0.139ms
[122.204s][info][gc,start    ] GC(114) Concurrent update references
[122.204s][info][gc,task     ] GC(114) Using 1 of 3 workers for concurrent reference update
[122.227s][info][gc          ] GC(114) Concurrent update references 22.398ms
[122.227s][info][gc,start    ] GC(114) Concurrent update thread roots
[122.234s][info][gc          ] GC(114) Concurrent update thread roots 7.104ms
[122.234s][info][gc,start    ] GC(114) Pause Final Update Refs
[122.234s][info][gc,task     ] GC(114) Using 3 of 3 workers for final reference update
[122.234s][info][gc          ] GC(114) Pause Final Update Refs 0.169ms
[122.234s][info][gc,start    ] GC(114) Concurrent cleanup
[122.234s][info][gc          ] GC(114) Concurrent cleanup 1580M->640M(8192M) 0.106ms
[122.234s][info][gc,ergo     ] Free: 7139M, Max: 4096K regular, 5220M humongous, Frag: 27% external, 0% internal; Reserve: 412M, Max: 4096K
[122.234s][info][gc,stats    ] 
[122.234s][info][gc,stats    ] All times are wall-clock times, except per-root-class counters, that are sum over
[122.234s][info][gc,stats    ] all workers. Dividing the <total> over the root stage time estimates parallelism.
[122.234s][info][gc,stats    ] 
[122.234s][info][gc,stats    ] Concurrent Reset                   4555 us
[122.234s][info][gc,stats    ] Pause Init Mark (G)                 397 us
[122.234s][info][gc,stats    ] Pause Init Mark (N)                 242 us
[122.234s][info][gc,stats    ]   Update Region States               66 us
[122.234s][info][gc,stats    ] Concurrent Mark Roots              7914 us, parallelism: 0.96x
[122.234s][info][gc,stats    ]   CMR: <total>                     7610 us
[122.234s][info][gc,stats    ]   CMR: Thread Roots                7449 us, workers (us): 7449, ---, ---, 
[122.234s][info][gc,stats    ]   CMR: VM Strong Roots               18 us, workers (us):  18, ---, ---, 
[122.234s][info][gc,stats    ]   CMR: CLDG Roots                   144 us, workers (us): 144, ---, ---, 
[122.234s][info][gc,stats    ] Concurrent Marking                53293 us
[122.234s][info][gc,stats    ] Pause Final Mark (G)                719 us
[122.234s][info][gc,stats    ] Pause Final Mark (N)                564 us
[122.234s][info][gc,stats    ]   Finish Mark                        96 us
[122.234s][info][gc,stats    ]   Update Region States              102 us
[122.234s][info][gc,stats    ]   Choose Collection Set             184 us
[122.234s][info][gc,stats    ]   Rebuild Free Set                   25 us
[122.234s][info][gc,stats    ] Concurrent Thread Roots            6572 us, parallelism: 0.98x
[122.234s][info][gc,stats    ]   CTR: <total>                     6413 us
[122.234s][info][gc,stats    ]   CTR: Thread Roots                6413 us, workers (us): 6413, ---, ---, 
[122.234s][info][gc,stats    ] Concurrent Weak References         1148 us, parallelism: 0.82x
[122.234s][info][gc,stats    ]   CWRF: <total>                     942 us
[122.234s][info][gc,stats    ]   CWRF: Weak References             942 us, workers (us): 942, ---, ---, 
[122.234s][info][gc,stats    ] Concurrent Weak Roots              9594 us
[122.234s][info][gc,stats    ]   Roots                            9320 us, parallelism: 1.00x
[122.234s][info][gc,stats    ]     CWR: <total>                   9283 us
[122.234s][info][gc,stats    ]     CWR: Code Cache Roots          8430 us, workers (us): 8430, ---, ---, 
[122.234s][info][gc,stats    ]     CWR: VM Weak Roots              771 us, workers (us): 771, ---, ---, 
[122.234s][info][gc,stats    ]     CWR: CLDG Roots                  83 us, workers (us):  83, ---, ---, 
[122.235s][info][gc,stats    ]   Rendezvous                        217 us
[122.235s][info][gc,stats    ] Concurrent Cleanup                   51 us
[122.235s][info][gc,stats    ] Concurrent Class Unloading        49964 us
[122.235s][info][gc,stats    ]   Unlink Stale                    47362 us
[122.235s][info][gc,stats    ]     System Dictionary              1862 us
[122.235s][info][gc,stats    ]     Weak Class Links              17405 us
[122.235s][info][gc,stats    ]     Code Roots                    28092 us
[122.235s][info][gc,stats    ]   Rendezvous                        304 us
[122.235s][info][gc,stats    ]   Purge Unlinked                   2230 us
[122.235s][info][gc,stats    ]     Code Roots                     1080 us
[122.235s][info][gc,stats    ]     CLDG                           1149 us
[122.235s][info][gc,stats    ]     Exception Caches                  0 us
[122.235s][info][gc,stats    ] Concurrent Strong Roots             325 us, parallelism: 0.67x
[122.235s][info][gc,stats    ]   CSR: <total>                      218 us
[122.235s][info][gc,stats    ]   CSR: VM Strong Roots                9 us, workers (us):   9, ---, ---, 
[122.235s][info][gc,stats    ]   CSR: CLDG Roots                   209 us, workers (us): 209, ---, ---, 
[122.235s][info][gc,stats    ] Concurrent Evacuation              5236 us
[122.235s][info][gc,stats    ] Pause Init Update Refs (G)          295 us
[122.235s][info][gc,stats    ] Pause Init Update Refs (N)          160 us
[122.235s][info][gc,stats    ]   Manage GCLABs                      41 us
[122.235s][info][gc,stats    ] Concurrent Update Refs            22461 us
[122.235s][info][gc,stats    ] Concurrent Update Thread Roots     7129 us
[122.235s][info][gc,stats    ] Pause Final Update Refs (G)         289 us
[122.235s][info][gc,stats    ] Pause Final Update Refs (N)         187 us
[122.235s][info][gc,stats    ]   Update Region States               91 us
[122.235s][info][gc,stats    ]   Trash Collection Set               11 us
[122.235s][info][gc,stats    ]   Rebuild Free Set                   22 us
[122.235s][info][gc,stats    ] Concurrent Cleanup                  132 us
[122.235s][info][gc,stats    ] 
[122.235s][info][gc,stats    ] Allocation pacing accrued:
[122.235s][info][gc,stats    ]       0 of  1104 ms (  0.0%): <total>
[122.235s][info][gc,stats    ]       0 of  1104 ms (  0.0%): <average total>
[122.235s][info][gc,stats    ] 
[122.235s][info][gc,metaspace] Metaspace: 156457K(157696K)->155421K(157568K) NonClass: 138396K(139008K)->137532K(138944K) Class: 18061K(18688K)->17889K(18624K)
[122.235s][info][gc,ergo     ] Pacer for Idle. Initial: 163M, Alloc Tax Rate: 1.0x
[122.572s][info][gc          ] Trigger: Learning 2 of 5. Free (5643M) is below initial threshold (5734M)
[122.572s][info][gc,ergo     ] Free: 5639M, Max: 4096K regular, 5220M humongous, Frag: 8% external, 0% internal; Reserve: 412M, Max: 4096K
[122.572s][info][gc,start    ] GC(115) Concurrent reset
[122.572s][info][gc,task     ] GC(115) Using 1 of 3 workers for concurrent reset
[122.572s][info][gc,ergo     ] GC(115) Pacer for Reset. Non-Taxable: 8192M
[122.585s][info][gc          ] GC(115) Concurrent reset 12.456ms
[122.585s][info][gc,start    ] GC(115) Pause Init Mark (unload classes)
[122.585s][info][gc,task     ] GC(115) Using 3 of 3 workers for init marking
[122.585s][info][gc,ergo     ] GC(115) Pacer for Mark. Expected Live: 142M, Free: 5563M, Non-Taxable: 556M, Alloc Tax Rate: 0.0x
[122.585s][info][gc          ] GC(115) Pause Init Mark (unload classes) 0.150ms
[122.588s][info][gc,start    ] GC(115) Concurrent marking roots
[122.588s][info][gc,task     ] GC(115) Using 1 of 3 workers for concurrent marking roots
[122.597s][info][gc          ] GC(115) Concurrent marking roots 9.098ms
[122.597s][info][gc,start    ] GC(115) Concurrent marking (unload classes)
[122.597s][info][gc,task     ] GC(115) Using 1 of 3 workers for concurrent marking
[122.667s][info][gc          ] GC(115) Concurrent marking (unload classes) 70.015ms
[122.667s][info][gc,start    ] GC(115) Pause Final Mark (unload classes)
[122.667s][info][gc,task     ] GC(115) Using 3 of 3 workers for final marking
[122.667s][info][gc,ergo     ] GC(115) Adaptive CSet Selection. Target Free: 1160M, Actual Free: 6609M, Max CSet: 341M, Min Garbage: 0B
[122.667s][info][gc,ergo     ] GC(115) Collectable Garbage: 2004M (99%), Immediate: 965M (47%), CSet: 1039M (51%)
[122.667s][info][gc,ergo     ] GC(115) Pacer for Evacuation. Used CSet: 1096M, Free: 6233M, Non-Taxable: 623M, Alloc Tax Rate: 1.1x
[122.667s][info][gc          ] GC(115) Pause Final Mark (unload classes) 0.270ms
[122.671s][info][gc,start    ] GC(115) Concurrent thread roots
[122.671s][info][gc,task     ] GC(115) Using 1 of 3 workers for Concurrent thread roots
[122.679s][info][gc          ] GC(115) Concurrent thread roots 7.928ms
[122.679s][info][gc,start    ] GC(115) Concurrent weak references
[122.679s][info][gc,task     ] GC(115) Using 1 of 3 workers for concurrent weak references
[122.680s][info][gc,ref      ] GC(115) Encountered references: Soft: 3714, Weak: 14988, Final: 53, Phantom: 598
[122.680s][info][gc,ref      ] GC(115) Discovered  references: Soft: 0, Weak: 7743, Final: 0, Phantom: 278
[122.680s][info][gc,ref      ] GC(115) Enqueued    references: Soft: 0, Weak: 211, Final: 0, Phantom: 0
[122.680s][info][gc          ] GC(115) Concurrent weak references 0.640ms
[122.680s][info][gc,start    ] GC(115) Concurrent weak roots
[122.680s][info][gc,task     ] GC(115) Using 1 of 3 workers for concurrent weak root
[122.689s][info][gc          ] GC(115) Concurrent weak roots 8.970ms
[122.689s][info][gc,start    ] GC(115) Concurrent cleanup
[122.689s][info][gc          ] GC(115) Concurrent cleanup 2639M->1674M(8192M) 0.073ms
[122.689s][info][gc,ergo     ] GC(115) Free: 6135M, Max: 4096K regular, 5136M humongous, Frag: 17% external, 0% internal; Reserve: 361M, Max: 4096K
[122.689s][info][gc,start    ] GC(115) Concurrent class unloading
[122.689s][info][gc,task     ] GC(115) Using 1 of 3 workers for concurrent class unloading
[122.741s][info][gc          ] GC(115) Concurrent class unloading 51.638ms
[122.741s][info][gc,start    ] GC(115) Concurrent strong roots
[122.741s][info][gc,task     ] GC(115) Using 1 of 3 workers for concurrent strong root
[122.741s][info][gc          ] GC(115) Concurrent strong roots 0.395ms
[122.741s][info][gc,start    ] GC(115) Concurrent evacuation
[122.741s][info][gc,task     ] GC(115) Using 1 of 3 workers for concurrent evacuation
[122.748s][info][gc          ] GC(115) Concurrent evacuation 7.273ms
[122.748s][info][gc,start    ] GC(115) Pause Init Update Refs
[122.748s][info][gc,ergo     ] GC(115) Pacer for Update Refs. Used: 1755M, Free: 6067M, Non-Taxable: 606M, Alloc Tax Rate: 1.1x
[122.748s][info][gc          ] GC(115) Pause Init Update Refs 0.065ms
[122.748s][info][gc,start    ] GC(115) Concurrent update references
[122.748s][info][gc,task     ] GC(115) Using 1 of 3 workers for concurrent reference update
[122.820s][info][gc          ] GC(115) Concurrent update references 71.453ms
[122.820s][info][gc,start    ] GC(115) Concurrent update thread roots
[122.827s][info][gc          ] GC(115) Concurrent update thread roots 6.616ms
[122.827s][info][gc,start    ] GC(115) Pause Final Update Refs
[122.827s][info][gc,task     ] GC(115) Using 3 of 3 workers for final reference update
[122.827s][info][gc          ] GC(115) Pause Final Update Refs 0.158ms
[122.827s][info][gc,start    ] GC(115) Concurrent cleanup
[122.827s][info][gc          ] GC(115) Concurrent cleanup 1820M->724M(8192M) 0.081ms
[122.827s][info][gc,ergo     ] Free: 7011M, Max: 4096K regular, 5068M humongous, Frag: 28% external, 0% internal; Reserve: 412M, Max: 4096K
[122.827s][info][gc,stats    ] 
[122.827s][info][gc,stats    ] All times are wall-clock times, except per-root-class counters, that are sum over
[122.827s][info][gc,stats    ] all workers. Dividing the <total> over the root stage time estimates parallelism.
[122.827s][info][gc,stats    ] 
[122.827s][info][gc,stats    ] Concurrent Reset                  12601 us
[122.827s][info][gc,stats    ] Pause Init Mark (G)                2948 us
[122.827s][info][gc,stats    ] Pause Init Mark (N)                 159 us
[122.827s][info][gc,stats    ]   Update Region States               59 us
[122.827s][info][gc,stats    ] Concurrent Mark Roots              9198 us, parallelism: 0.94x
[122.827s][info][gc,stats    ]   CMR: <total>                     8644 us
[122.827s][info][gc,stats    ]   CMR: Thread Roots                8499 us, workers (us): 8499, ---, ---, 
[122.827s][info][gc,stats    ]   CMR: VM Strong Roots               24 us, workers (us):  24, ---, ---, 
[122.827s][info][gc,stats    ]   CMR: CLDG Roots                   121 us, workers (us): 121, ---, ---, 
[122.827s][info][gc,stats    ] Concurrent Marking                70085 us
[122.827s][info][gc,stats    ] Pause Final Mark (G)               3912 us
[122.827s][info][gc,stats    ] Pause Final Mark (N)                279 us
[122.827s][info][gc,stats    ]   Finish Mark                        93 us
[122.827s][info][gc,stats    ]   Update Region States               28 us
[122.827s][info][gc,stats    ]   Choose Collection Set              73 us
[122.827s][info][gc,stats    ]   Rebuild Free Set                    9 us
[122.827s][info][gc,stats    ] Concurrent Thread Roots            7981 us, parallelism: 0.98x
[122.827s][info][gc,stats    ]   CTR: <total>                     7790 us
[122.827s][info][gc,stats    ]   CTR: Thread Roots                7790 us, workers (us): 7790, ---, ---, 
[122.827s][info][gc,stats    ] Concurrent Weak References          648 us, parallelism: 0.84x
[122.827s][info][gc,stats    ]   CWRF: <total>                     546 us
[122.827s][info][gc,stats    ]   CWRF: Weak References             546 us, workers (us): 546, ---, ---, 
[122.827s][info][gc,stats    ] Concurrent Weak Roots              9028 us
[122.827s][info][gc,stats    ]   Roots                            8734 us, parallelism: 0.99x
[122.827s][info][gc,stats    ]     CWR: <total>                   8683 us
[122.827s][info][gc,stats    ]     CWR: Code Cache Roots          7256 us, workers (us): 7256, ---, ---, 
[122.827s][info][gc,stats    ]     CWR: VM Weak Roots             1321 us, workers (us): 1321, ---, ---, 
[122.827s][info][gc,stats    ]     CWR: CLDG Roots                 106 us, workers (us): 106, ---, ---, 
[122.827s][info][gc,stats    ]   Rendezvous                        215 us
[122.828s][info][gc,stats    ] Concurrent Cleanup                   91 us
[122.828s][info][gc,stats    ] Concurrent Class Unloading        51695 us
[122.828s][info][gc,stats    ]   Unlink Stale                    50028 us
[122.828s][info][gc,stats    ]     System Dictionary               524 us
[122.828s][info][gc,stats    ]     Weak Class Links              16415 us
[122.828s][info][gc,stats    ]     Code Roots                    33086 us
[122.828s][info][gc,stats    ]   Rendezvous                        179 us
[122.828s][info][gc,stats    ]   Purge Unlinked                   1395 us
[122.828s][info][gc,stats    ]     Code Roots                     1294 us
[122.828s][info][gc,stats    ]     CLDG                            100 us
[122.828s][info][gc,stats    ]     Exception Caches                  0 us
[122.828s][info][gc,stats    ] Concurrent Strong Roots             405 us, parallelism: 0.71x
[122.828s][info][gc,stats    ]   CSR: <total>                      286 us
[122.828s][info][gc,stats    ]   CSR: VM Strong Roots                8 us, workers (us):   8, ---, ---, 
[122.828s][info][gc,stats    ]   CSR: CLDG Roots                   279 us, workers (us): 279, ---, ---, 
[122.828s][info][gc,stats    ] Concurrent Evacuation              7325 us
[122.828s][info][gc,stats    ] Pause Init Update Refs (G)          159 us
[122.828s][info][gc,stats    ] Pause Init Update Refs (N)           73 us
[122.828s][info][gc,stats    ]   Manage GCLABs                      18 us
[122.828s][info][gc,stats    ] Concurrent Update Refs            71514 us
[122.828s][info][gc,stats    ] Concurrent Update Thread Roots     6686 us
[122.828s][info][gc,stats    ] Pause Final Update Refs (G)         236 us
[122.828s][info][gc,stats    ] Pause Final Update Refs (N)         168 us
[122.828s][info][gc,stats    ]   Update Region States               72 us
[122.828s][info][gc,stats    ]   Trash Collection Set               10 us
[122.828s][info][gc,stats    ]   Rebuild Free Set                   20 us
[122.828s][info][gc,stats    ] Concurrent Cleanup                  106 us
[122.828s][info][gc,stats    ] 
[122.828s][info][gc,stats    ] Allocation pacing accrued:
[122.828s][info][gc,stats    ]       0 of   593 ms (  0.0%): <total>
[122.828s][info][gc,stats    ]       0 of   593 ms (  0.0%): <average total>
[122.828s][info][gc,stats    ] 
[122.828s][info][gc,metaspace] Metaspace: 156285K(157568K)->156303K(157568K) NonClass: 138248K(138944K)->138264K(138944K) Class: 18037K(18624K)->18038K(18624K)
[122.828s][info][gc,ergo     ] Pacer for Idle. Initial: 163M, Alloc Tax Rate: 1.0x
[123.764s][info][gc          ] Trigger: Explicit GC request (System.gc())
[123.764s][info][gc,ergo     ] Free: 5856M, Max: 4096K regular, 5068M humongous, Frag: 14% external, 0% internal; Reserve: 412M, Max: 4096K
[123.764s][info][gc,start    ] GC(116) Concurrent reset
[123.764s][info][gc,task     ] GC(116) Using 1 of 3 workers for concurrent reset
[123.764s][info][gc,ergo     ] GC(116) Pacer for Reset. Non-Taxable: 8192M
[123.769s][info][gc          ] GC(116) Concurrent reset 5.047ms
[123.769s][info][gc,start    ] GC(116) Pause Init Mark (unload classes)
[123.769s][info][gc,task     ] GC(116) Using 3 of 3 workers for init marking
[123.769s][info][gc,ref      ] GC(116) Clearing All SoftReferences
[123.769s][info][gc,ergo     ] GC(116) Pacer for Mark. Expected Live: 152M, Free: 5856M, Non-Taxable: 585M, Alloc Tax Rate: 0.0x
[123.769s][info][gc          ] GC(116) Pause Init Mark (unload classes) 0.149ms
[123.769s][info][gc,start    ] GC(116) Concurrent marking roots
[123.769s][info][gc,task     ] GC(116) Using 1 of 3 workers for concurrent marking roots
[123.776s][info][gc          ] GC(116) Concurrent marking roots 7.151ms
[123.776s][info][gc,start    ] GC(116) Concurrent marking (unload classes)
[123.776s][info][gc,task     ] GC(116) Using 1 of 3 workers for concurrent marking
[123.828s][info][gc          ] GC(116) Concurrent marking (unload classes) 51.882ms
[123.829s][info][gc,start    ] GC(116) Pause Final Mark (unload classes)
[123.829s][info][gc,task     ] GC(116) Using 3 of 3 workers for final marking
[123.829s][info][gc,ergo     ] GC(116) Adaptive CSet Selection. Target Free: 1160M, Actual Free: 6815M, Max CSet: 341M, Min Garbage: 0B
[123.829s][info][gc,ergo     ] GC(116) Collectable Garbage: 1523M (99%), Immediate: 555M (36%), CSet: 968M (63%)
[123.829s][info][gc,ergo     ] GC(116) Pacer for Evacuation. Used CSet: 975M, Free: 6675M, Non-Taxable: 667M, Alloc Tax Rate: 1.1x
[123.829s][info][gc          ] GC(116) Pause Final Mark (unload classes) 0.369ms
[123.829s][info][gc,start    ] GC(116) Concurrent thread roots
[123.829s][info][gc,task     ] GC(116) Using 1 of 3 workers for Concurrent thread roots
[123.836s][info][gc          ] GC(116) Concurrent thread roots 7.350ms
[123.836s][info][gc,start    ] GC(116) Concurrent weak references
[123.836s][info][gc,task     ] GC(116) Using 1 of 3 workers for concurrent weak references
[123.837s][info][gc,ref      ] GC(116) Encountered references: Soft: 3586, Weak: 17967, Final: 53, Phantom: 598
[123.837s][info][gc,ref      ] GC(116) Discovered  references: Soft: 1314, Weak: 6851, Final: 0, Phantom: 373
[123.837s][info][gc,ref      ] GC(116) Enqueued    references: Soft: 848, Weak: 3400, Final: 0, Phantom: 0
[123.837s][info][gc          ] GC(116) Concurrent weak references 0.853ms
[123.837s][info][gc,start    ] GC(116) Concurrent weak roots
[123.837s][info][gc,task     ] GC(116) Using 1 of 3 workers for concurrent weak root
[123.846s][info][gc          ] GC(116) Concurrent weak roots 9.086ms
[123.846s][info][gc,start    ] GC(116) Concurrent cleanup
[123.846s][info][gc          ] GC(116) Concurrent cleanup 2105M->1550M(8192M) 0.040ms
[123.846s][info][gc,ergo     ] GC(116) Free: 6223M, Max: 4096K regular, 5088M humongous, Frag: 19% external, 0% internal; Reserve: 410M, Max: 4096K
[123.846s][info][gc,start    ] GC(116) Concurrent class unloading
[123.846s][info][gc,task     ] GC(116) Using 1 of 3 workers for concurrent class unloading
[123.897s][info][gc          ] GC(116) Concurrent class unloading 50.338ms
[123.897s][info][gc,start    ] GC(116) Concurrent strong roots
[123.897s][info][gc,task     ] GC(116) Using 1 of 3 workers for concurrent strong root
[123.897s][info][gc          ] GC(116) Concurrent strong roots 0.431ms
[123.897s][info][gc,start    ] GC(116) Concurrent evacuation
[123.897s][info][gc,task     ] GC(116) Using 1 of 3 workers for concurrent evacuation
[123.902s][info][gc          ] GC(116) Concurrent evacuation 5.095ms
[123.902s][info][gc,start    ] GC(116) Pause Init Update Refs
[123.903s][info][gc,ergo     ] GC(116) Pacer for Update Refs. Used: 1624M, Free: 6155M, Non-Taxable: 615M, Alloc Tax Rate: 1.1x
[123.903s][info][gc          ] GC(116) Pause Init Update Refs 0.112ms
[123.903s][info][gc,start    ] GC(116) Concurrent update references
[123.903s][info][gc,task     ] GC(116) Using 1 of 3 workers for concurrent reference update
[123.925s][info][gc          ] GC(116) Concurrent update references 22.840ms
[123.926s][info][gc,start    ] GC(116) Concurrent update thread roots
[123.933s][info][gc          ] GC(116) Concurrent update thread roots 7.413ms
[123.933s][info][gc,start    ] GC(116) Pause Final Update Refs
[123.933s][info][gc,task     ] GC(116) Using 3 of 3 workers for final reference update
[123.933s][info][gc          ] GC(116) Pause Final Update Refs 0.142ms
[123.933s][info][gc,start    ] GC(116) Concurrent cleanup
[123.933s][info][gc          ] GC(116) Concurrent cleanup 1624M->648M(8192M) 0.075ms
[123.933s][info][gc,ergo     ] Free: 7131M, Max: 4096K regular, 5224M humongous, Frag: 27% external, 0% internal; Reserve: 412M, Max: 4096K
[123.933s][info][gc,stats    ] 
[123.933s][info][gc,stats    ] All times are wall-clock times, except per-root-class counters, that are sum over
[123.933s][info][gc,stats    ] all workers. Dividing the <total> over the root stage time estimates parallelism.
[123.933s][info][gc,stats    ] 
[123.933s][info][gc,stats    ] Concurrent Reset                   5114 us
[123.933s][info][gc,stats    ] Pause Init Mark (G)                 276 us
[123.933s][info][gc,stats    ] Pause Init Mark (N)                 158 us
[123.934s][info][gc,stats    ]   Update Region States               59 us
[123.934s][info][gc,stats    ] Concurrent Mark Roots              7204 us, parallelism: 0.95x
[123.934s][info][gc,stats    ]   CMR: <total>                     6855 us
[123.934s][info][gc,stats    ]   CMR: Thread Roots                6697 us, workers (us): 6697, ---, ---, 
[123.934s][info][gc,stats    ]   CMR: VM Strong Roots               18 us, workers (us):  18, ---, ---, 
[123.934s][info][gc,stats    ]   CMR: CLDG Roots                   140 us, workers (us): 140, ---, ---, 
[123.934s][info][gc,stats    ] Concurrent Marking                51962 us
[123.934s][info][gc,stats    ] Pause Final Mark (G)                511 us
[123.934s][info][gc,stats    ] Pause Final Mark (N)                379 us
[123.934s][info][gc,stats    ]   Finish Mark                        77 us
[123.934s][info][gc,stats    ]   Update Region States               62 us
[123.934s][info][gc,stats    ]   Choose Collection Set             124 us
[123.934s][info][gc,stats    ]   Rebuild Free Set                    9 us
[123.934s][info][gc,stats    ] Concurrent Thread Roots            7397 us, parallelism: 0.96x
[123.934s][info][gc,stats    ]   CTR: <total>                     7065 us
[123.934s][info][gc,stats    ]   CTR: Thread Roots                7065 us, workers (us): 7065, ---, ---, 
[123.934s][info][gc,stats    ] Concurrent Weak References          871 us, parallelism: 0.77x
[123.934s][info][gc,stats    ]   CWRF: <total>                     667 us
[123.934s][info][gc,stats    ]   CWRF: Weak References             667 us, workers (us): 667, ---, ---, 
[123.934s][info][gc,stats    ] Concurrent Weak Roots              9133 us
[123.934s][info][gc,stats    ]   Roots                            8854 us, parallelism: 0.99x
[123.934s][info][gc,stats    ]     CWR: <total>                   8803 us
[123.934s][info][gc,stats    ]     CWR: Code Cache Roots          7956 us, workers (us): 7956, ---, ---, 
[123.934s][info][gc,stats    ]     CWR: VM Weak Roots              766 us, workers (us): 766, ---, ---, 
[123.934s][info][gc,stats    ]     CWR: CLDG Roots                  80 us, workers (us):  80, ---, ---, 
[123.934s][info][gc,stats    ]   Rendezvous                        190 us
[123.934s][info][gc,stats    ] Concurrent Cleanup                   48 us
[123.934s][info][gc,stats    ] Concurrent Class Unloading        50385 us
[123.934s][info][gc,stats    ]   Unlink Stale                    47818 us
[123.934s][info][gc,stats    ]     System Dictionary              1845 us
[123.934s][info][gc,stats    ]     Weak Class Links              17829 us
[123.934s][info][gc,stats    ]     Code Roots                    28142 us
[123.934s][info][gc,stats    ]   Rendezvous                        317 us
[123.934s][info][gc,stats    ]   Purge Unlinked                   2183 us
[123.934s][info][gc,stats    ]     Code Roots                     1385 us
[123.934s][info][gc,stats    ]     CLDG                            797 us
[123.934s][info][gc,stats    ]     Exception Caches                  0 us
[123.934s][info][gc,stats    ] Concurrent Strong Roots             441 us, parallelism: 0.75x
[123.934s][info][gc,stats    ]   CSR: <total>                      332 us
[123.934s][info][gc,stats    ]   CSR: VM Strong Roots               13 us, workers (us):  13, ---, ---, 
[123.934s][info][gc,stats    ]   CSR: CLDG Roots                   319 us, workers (us): 319, ---, ---, 
[123.934s][info][gc,stats    ] Concurrent Evacuation              5159 us
[123.934s][info][gc,stats    ] Pause Init Update Refs (G)          206 us
[123.934s][info][gc,stats    ] Pause Init Update Refs (N)          135 us
[123.934s][info][gc,stats    ]   Manage GCLABs                      44 us
[123.934s][info][gc,stats    ] Concurrent Update Refs            22901 us
[123.934s][info][gc,stats    ] Concurrent Update Thread Roots     7439 us
[123.934s][info][gc,stats    ] Pause Final Update Refs (G)         221 us
[123.934s][info][gc,stats    ] Pause Final Update Refs (N)         160 us
[123.934s][info][gc,stats    ]   Update Region States               70 us
[123.934s][info][gc,stats    ]   Trash Collection Set               11 us
[123.934s][info][gc,stats    ]   Rebuild Free Set                   20 us
[123.934s][info][gc,stats    ] Concurrent Cleanup                   98 us
[123.934s][info][gc,stats    ] 
[123.934s][info][gc,stats    ] Allocation pacing accrued:
[123.934s][info][gc,stats    ]       0 of  1106 ms (  0.0%): <total>
[123.934s][info][gc,stats    ]       0 of  1106 ms (  0.0%): <average total>
[123.934s][info][gc,stats    ] 
[123.934s][info][gc,metaspace] Metaspace: 156469K(157696K)->155438K(157632K) NonClass: 138408K(139008K)->137549K(139008K) Class: 18060K(18688K)->17889K(18624K)
[123.934s][info][gc,ergo     ] Pacer for Idle. Initial: 163M, Alloc Tax Rate: 1.0x
[124.286s][info][gc          ] Trigger: Learning 2 of 5. Free (5627M) is below initial threshold (5734M)
[124.286s][info][gc,ergo     ] Free: 5627M, Max: 4096K regular, 5224M humongous, Frag: 8% external, 0% internal; Reserve: 412M, Max: 4096K
[124.286s][info][gc,start    ] GC(117) Concurrent reset
[124.286s][info][gc,task     ] GC(117) Using 1 of 3 workers for concurrent reset
[124.286s][info][gc,ergo     ] GC(117) Pacer for Reset. Non-Taxable: 8192M
[124.301s][info][gc          ] GC(117) Concurrent reset 14.960ms
[124.302s][info][gc,start    ] GC(117) Pause Init Mark (unload classes)
[124.302s][info][gc,task     ] GC(117) Using 3 of 3 workers for init marking
[124.302s][info][gc,ergo     ] GC(117) Pacer for Mark. Expected Live: 141M, Free: 5519M, Non-Taxable: 551M, Alloc Tax Rate: 0.0x
[124.302s][info][gc          ] GC(117) Pause Init Mark (unload classes) 0.162ms
[124.302s][info][gc,start    ] GC(117) Concurrent marking roots
[124.302s][info][gc,task     ] GC(117) Using 1 of 3 workers for concurrent marking roots
[124.311s][info][gc          ] GC(117) Concurrent marking roots 8.924ms
[124.311s][info][gc,start    ] GC(117) Concurrent marking (unload classes)
[124.311s][info][gc,task     ] GC(117) Using 1 of 3 workers for concurrent marking
[124.382s][info][gc          ] GC(117) Concurrent marking (unload classes) 70.961ms
[124.382s][info][gc,start    ] GC(117) Pause Final Mark (unload classes)
[124.382s][info][gc,task     ] GC(117) Using 3 of 3 workers for final marking
[124.382s][info][gc,ergo     ] GC(117) Adaptive CSet Selection. Target Free: 1160M, Actual Free: 6540M, Max CSet: 341M, Min Garbage: 0B
[124.383s][info][gc,ergo     ] GC(117) Collectable Garbage: 2044M (99%), Immediate: 920M (44%), CSet: 1124M (54%)
[124.383s][info][gc,ergo     ] GC(117) Pacer for Evacuation. Used CSet: 1185M, Free: 6165M, Non-Taxable: 616M, Alloc Tax Rate: 1.1x
[124.383s][info][gc          ] GC(117) Pause Final Mark (unload classes) 0.277ms
[124.383s][info][gc,start    ] GC(117) Concurrent thread roots
[124.383s][info][gc,task     ] GC(117) Using 1 of 3 workers for Concurrent thread roots
[124.391s][info][gc          ] GC(117) Concurrent thread roots 7.337ms
[124.391s][info][gc,start    ] GC(117) Concurrent weak references
[124.391s][info][gc,task     ] GC(117) Using 1 of 3 workers for concurrent weak references
[124.391s][info][gc,ref      ] GC(117) Encountered references: Soft: 3716, Weak: 14988, Final: 53, Phantom: 598
[124.391s][info][gc,ref      ] GC(117) Discovered  references: Soft: 0, Weak: 8284, Final: 0, Phantom: 278
[124.391s][info][gc,ref      ] GC(117) Enqueued    references: Soft: 0, Weak: 213, Final: 0, Phantom: 0
[124.391s][info][gc          ] GC(117) Concurrent weak references 0.790ms
[124.391s][info][gc,start    ] GC(117) Concurrent weak roots
[124.391s][info][gc,task     ] GC(117) Using 1 of 3 workers for concurrent weak root
[124.401s][info][gc          ] GC(117) Concurrent weak roots 9.441ms
[124.401s][info][gc,start    ] GC(117) Concurrent cleanup
[124.401s][info][gc          ] GC(117) Concurrent cleanup 2605M->1685M(8192M) 0.049ms
[124.401s][info][gc,ergo     ] GC(117) Free: 6075M, Max: 4096K regular, 5120M humongous, Frag: 16% external, 0% internal; Reserve: 410M, Max: 4096K
[124.401s][info][gc,start    ] GC(117) Concurrent class unloading
[124.401s][info][gc,task     ] GC(117) Using 1 of 3 workers for concurrent class unloading
[124.455s][info][gc          ] GC(117) Concurrent class unloading 54.267ms
[124.455s][info][gc,start    ] GC(117) Concurrent strong roots
[124.455s][info][gc,task     ] GC(117) Using 1 of 3 workers for concurrent strong root
[124.456s][info][gc          ] GC(117) Concurrent strong roots 0.514ms
[124.456s][info][gc,start    ] GC(117) Concurrent evacuation
[124.456s][info][gc,task     ] GC(117) Using 1 of 3 workers for concurrent evacuation
[124.464s][info][gc          ] GC(117) Concurrent evacuation 7.740ms
[124.464s][info][gc,start    ] GC(117) Pause Init Update Refs
[124.464s][info][gc,ergo     ] GC(117) Pacer for Update Refs. Used: 1818M, Free: 6003M, Non-Taxable: 600M, Alloc Tax Rate: 1.1x
[124.464s][info][gc          ] GC(117) Pause Init Update Refs 0.099ms
[124.464s][info][gc,start    ] GC(117) Concurrent update references
[124.464s][info][gc,task     ] GC(117) Using 1 of 3 workers for concurrent reference update
[124.530s][info][gc          ] GC(117) Concurrent update references 66.130ms
[124.530s][info][gc,start    ] GC(117) Concurrent update thread roots
[124.537s][info][gc          ] GC(117) Concurrent update thread roots 7.229ms
[124.537s][info][gc,start    ] GC(117) Pause Final Update Refs
[124.537s][info][gc,task     ] GC(117) Using 3 of 3 workers for final reference update
[124.538s][info][gc          ] GC(117) Pause Final Update Refs 0.149ms
[124.538s][info][gc,start    ] GC(117) Concurrent cleanup
[124.538s][info][gc          ] GC(117) Concurrent cleanup 1880M->695M(8192M) 0.081ms
[124.538s][info][gc,ergo     ] Free: 7040M, Max: 4096K regular, 5048M humongous, Frag: 29% external, 0% internal; Reserve: 412M, Max: 4096K
[124.538s][info][gc,stats    ] 
[124.538s][info][gc,stats    ] All times are wall-clock times, except per-root-class counters, that are sum over
[124.538s][info][gc,stats    ] all workers. Dividing the <total> over the root stage time estimates parallelism.
[124.538s][info][gc,stats    ] 
[124.538s][info][gc,stats    ] Concurrent Reset                  15098 us
[124.538s][info][gc,stats    ] Pause Init Mark (G)                 641 us
[124.538s][info][gc,stats    ] Pause Init Mark (N)                 170 us
[124.538s][info][gc,stats    ]   Update Region States               48 us
[124.538s][info][gc,stats    ] Concurrent Mark Roots              9070 us, parallelism: 0.94x
[124.538s][info][gc,stats    ]   CMR: <total>                     8569 us
[124.538s][info][gc,stats    ]   CMR: Thread Roots                8443 us, workers (us): 8443, ---, ---, 
[124.538s][info][gc,stats    ]   CMR: VM Strong Roots               20 us, workers (us):  20, ---, ---, 
[124.538s][info][gc,stats    ]   CMR: CLDG Roots                   105 us, workers (us): 105, ---, ---, 
[124.538s][info][gc,stats    ] Concurrent Marking                71017 us
[124.538s][info][gc,stats    ] Pause Final Mark (G)                905 us
[124.538s][info][gc,stats    ] Pause Final Mark (N)                285 us
[124.538s][info][gc,stats    ]   Finish Mark                        69 us
[124.538s][info][gc,stats    ]   Update Region States               42 us
[124.538s][info][gc,stats    ]   Choose Collection Set              86 us
[124.538s][info][gc,stats    ]   Rebuild Free Set                    9 us
[124.538s][info][gc,stats    ] Concurrent Thread Roots            7389 us, parallelism: 0.98x
[124.538s][info][gc,stats    ]   CTR: <total>                     7236 us
[124.538s][info][gc,stats    ]   CTR: Thread Roots                7236 us, workers (us): 7236, ---, ---, 
[124.538s][info][gc,stats    ] Concurrent Weak References          799 us, parallelism: 0.89x
[124.538s][info][gc,stats    ]   CWRF: <total>                     711 us
[124.538s][info][gc,stats    ]   CWRF: Weak References             711 us, workers (us): 711, ---, ---, 
[124.538s][info][gc,stats    ] Concurrent Weak Roots              9487 us
[124.538s][info][gc,stats    ]   Roots                            9229 us, parallelism: 0.99x
[124.538s][info][gc,stats    ]     CWR: <total>                   9174 us
[124.538s][info][gc,stats    ]     CWR: Code Cache Roots          7773 us, workers (us): 7773, ---, ---, 
[124.538s][info][gc,stats    ]     CWR: VM Weak Roots             1289 us, workers (us): 1289, ---, ---, 
[124.538s][info][gc,stats    ]     CWR: CLDG Roots                 111 us, workers (us): 111, ---, ---, 
[124.538s][info][gc,stats    ]   Rendezvous                        191 us
[124.538s][info][gc,stats    ] Concurrent Cleanup                   76 us
[124.538s][info][gc,stats    ] Concurrent Class Unloading        54323 us
[124.538s][info][gc,stats    ]   Unlink Stale                    52538 us
[124.538s][info][gc,stats    ]     System Dictionary               490 us
[124.538s][info][gc,stats    ]     Weak Class Links              17114 us
[124.538s][info][gc,stats    ]     Code Roots                    34931 us
[124.538s][info][gc,stats    ]   Rendezvous                        161 us
[124.538s][info][gc,stats    ]   Purge Unlinked                   1546 us
[124.538s][info][gc,stats    ]     Code Roots                     1462 us
[124.538s][info][gc,stats    ]     CLDG                             84 us
[124.538s][info][gc,stats    ]     Exception Caches                  0 us
[124.538s][info][gc,stats    ] Concurrent Strong Roots             532 us, parallelism: 0.71x
[124.538s][info][gc,stats    ]   CSR: <total>                      376 us
[124.538s][info][gc,stats    ]   CSR: VM Strong Roots                8 us, workers (us):   8, ---, ---, 
[124.538s][info][gc,stats    ]   CSR: CLDG Roots                   368 us, workers (us): 368, ---, ---, 
[124.538s][info][gc,stats    ] Concurrent Evacuation              7812 us
[124.538s][info][gc,stats    ] Pause Init Update Refs (G)          228 us
[124.538s][info][gc,stats    ] Pause Init Update Refs (N)          116 us
[124.538s][info][gc,stats    ]   Manage GCLABs                      22 us
[124.538s][info][gc,stats    ] Concurrent Update Refs            66197 us
[124.538s][info][gc,stats    ] Concurrent Update Thread Roots     7287 us
[124.538s][info][gc,stats    ] Pause Final Update Refs (G)         283 us
[124.538s][info][gc,stats    ] Pause Final Update Refs (N)         168 us
[124.538s][info][gc,stats    ]   Update Region States               66 us
[124.538s][info][gc,stats    ]   Trash Collection Set                9 us
[124.538s][info][gc,stats    ]   Rebuild Free Set                   18 us
[124.538s][info][gc,stats    ] Concurrent Cleanup                   91 us
[124.538s][info][gc,stats    ] 
[124.538s][info][gc,stats    ] Allocation pacing accrued:
[124.538s][info][gc,stats    ]       0 of   604 ms (  0.0%): <total>
[124.538s][info][gc,stats    ]       0 of   604 ms (  0.0%): <average total>
[124.538s][info][gc,stats    ] 
[124.538s][info][gc,metaspace] Metaspace: 156296K(157632K)->156314K(157632K) NonClass: 138259K(139008K)->138276K(139008K) Class: 18036K(18624K)->18038K(18624K)
[124.538s][info][gc,ergo     ] Pacer for Idle. Initial: 163M, Alloc Tax Rate: 1.0x
[125.488s][info][gc          ] Trigger: Explicit GC request (System.gc())
[125.488s][info][gc,ergo     ] Free: 5878M, Max: 4096K regular, 5048M humongous, Frag: 14% external, 0% internal; Reserve: 412M, Max: 4096K
[125.488s][info][gc,start    ] GC(118) Concurrent reset
[125.488s][info][gc,task     ] GC(118) Using 1 of 3 workers for concurrent reset
[125.488s][info][gc,ergo     ] GC(118) Pacer for Reset. Non-Taxable: 8192M
[125.494s][info][gc          ] GC(118) Concurrent reset 5.391ms
[125.494s][info][gc,start    ] GC(118) Pause Init Mark (unload classes)
[125.494s][info][gc,task     ] GC(118) Using 3 of 3 workers for init marking
[125.494s][info][gc,ref      ] GC(118) Clearing All SoftReferences
[125.494s][info][gc,ergo     ] GC(118) Pacer for Mark. Expected Live: 152M, Free: 5878M, Non-Taxable: 587M, Alloc Tax Rate: 0.0x
[125.494s][info][gc          ] GC(118) Pause Init Mark (unload classes) 0.204ms
[125.494s][info][gc,start    ] GC(118) Concurrent marking roots
[125.494s][info][gc,task     ] GC(118) Using 1 of 3 workers for concurrent marking roots
[125.502s][info][gc          ] GC(118) Concurrent marking roots 7.453ms
[125.502s][info][gc,start    ] GC(118) Concurrent marking (unload classes)
[125.502s][info][gc,task     ] GC(118) Using 1 of 3 workers for concurrent marking
[125.554s][info][gc          ] GC(118) Concurrent marking (unload classes) 52.486ms
[125.554s][info][gc,start    ] GC(118) Pause Final Mark (unload classes)
[125.554s][info][gc,task     ] GC(118) Using 3 of 3 workers for final marking
[125.555s][info][gc,ergo     ] GC(118) Adaptive CSet Selection. Target Free: 1160M, Actual Free: 6811M, Max CSet: 341M, Min Garbage: 0B
[125.555s][info][gc,ergo     ] GC(118) Collectable Garbage: 1499M (99%), Immediate: 531M (35%), CSet: 967M (64%)
[125.555s][info][gc,ergo     ] GC(118) Pacer for Evacuation. Used CSet: 972M, Free: 6675M, Non-Taxable: 667M, Alloc Tax Rate: 1.1x
[125.555s][info][gc          ] GC(118) Pause Final Mark (unload classes) 0.616ms
[125.555s][info][gc,start    ] GC(118) Concurrent thread roots
[125.555s][info][gc,task     ] GC(118) Using 1 of 3 workers for Concurrent thread roots
[125.562s][info][gc          ] GC(118) Concurrent thread roots 7.402ms
[125.562s][info][gc,start    ] GC(118) Concurrent weak references
[125.562s][info][gc,task     ] GC(118) Using 1 of 3 workers for concurrent weak references
[125.563s][info][gc,ref      ] GC(118) Encountered references: Soft: 3588, Weak: 17963, Final: 53, Phantom: 598
[125.563s][info][gc,ref      ] GC(118) Discovered  references: Soft: 1316, Weak: 6848, Final: 0, Phantom: 373
[125.563s][info][gc,ref      ] GC(118) Enqueued    references: Soft: 850, Weak: 3397, Final: 0, Phantom: 0
[125.563s][info][gc          ] GC(118) Concurrent weak references 0.930ms
[125.563s][info][gc,start    ] GC(118) Concurrent weak roots
[125.563s][info][gc,task     ] GC(118) Using 1 of 3 workers for concurrent weak root
[125.573s][info][gc          ] GC(118) Concurrent weak roots 9.642ms
[125.573s][info][gc,start    ] GC(118) Concurrent cleanup
[125.573s][info][gc          ] GC(118) Concurrent cleanup 1986M->1458M(8192M) 0.041ms
[125.573s][info][gc,ergo     ] GC(118) Free: 6315M, Max: 4096K regular, 5100M humongous, Frag: 20% external, 0% internal; Reserve: 410M, Max: 4096K
[125.573s][info][gc,start    ] GC(118) Concurrent class unloading
[125.573s][info][gc,task     ] GC(118) Using 1 of 3 workers for concurrent class unloading
[125.627s][info][gc          ] GC(118) Concurrent class unloading 54.242ms
[125.627s][info][gc,start    ] GC(118) Concurrent strong roots
[125.627s][info][gc,task     ] GC(118) Using 1 of 3 workers for concurrent strong root
[125.628s][info][gc          ] GC(118) Concurrent strong roots 0.377ms
[125.628s][info][gc,start    ] GC(118) Concurrent evacuation
[125.628s][info][gc,task     ] GC(118) Using 1 of 3 workers for concurrent evacuation
[125.632s][info][gc          ] GC(118) Concurrent evacuation 4.111ms
[125.632s][info][gc,start    ] GC(118) Pause Init Update Refs
[125.632s][info][gc,ergo     ] GC(118) Pacer for Update Refs. Used: 1607M, Free: 6171M, Non-Taxable: 617M, Alloc Tax Rate: 1.1x
[125.632s][info][gc          ] GC(118) Pause Init Update Refs 0.112ms
[125.632s][info][gc,start    ] GC(118) Concurrent update references
[125.632s][info][gc,task     ] GC(118) Using 1 of 3 workers for concurrent reference update
[125.655s][info][gc          ] GC(118) Concurrent update references 22.833ms
[125.655s][info][gc,start    ] GC(118) Concurrent update thread roots
[125.664s][info][gc          ] GC(118) Concurrent update thread roots 8.491ms
[125.664s][info][gc,start    ] GC(118) Pause Final Update Refs
[125.664s][info][gc,task     ] GC(118) Using 3 of 3 workers for final reference update
[125.664s][info][gc          ] GC(118) Pause Final Update Refs 0.242ms
[125.664s][info][gc,start    ] GC(118) Concurrent cleanup
[125.664s][info][gc          ] GC(118) Concurrent cleanup 1611M->638M(8192M) 0.103ms
[125.664s][info][gc,ergo     ] Free: 7141M, Max: 4096K regular, 5220M humongous, Frag: 27% external, 0% internal; Reserve: 412M, Max: 4096K
[125.664s][info][gc,stats    ] 
[125.665s][info][gc,stats    ] All times are wall-clock times, except per-root-class counters, that are sum over
[125.665s][info][gc,stats    ] all workers. Dividing the <total> over the root stage time estimates parallelism.
[125.665s][info][gc,stats    ] 
[125.665s][info][gc,stats    ] Concurrent Reset                   5458 us
[125.665s][info][gc,stats    ] Pause Init Mark (G)                 431 us
[125.665s][info][gc,stats    ] Pause Init Mark (N)                 221 us
[125.665s][info][gc,stats    ]   Update Region States               72 us
[125.665s][info][gc,stats    ] Concurrent Mark Roots              7504 us, parallelism: 0.91x
[125.665s][info][gc,stats    ]   CMR: <total>                     6830 us
[125.665s][info][gc,stats    ]   CMR: Thread Roots                6672 us, workers (us): 6672, ---, ---, 
[125.665s][info][gc,stats    ]   CMR: VM Strong Roots               28 us, workers (us):  28, ---, ---, 
[125.665s][info][gc,stats    ]   CMR: CLDG Roots                   130 us, workers (us): 130, ---, ---, 
[125.665s][info][gc,stats    ] Concurrent Marking                52551 us
[125.665s][info][gc,stats    ] Pause Final Mark (G)                775 us
[125.665s][info][gc,stats    ] Pause Final Mark (N)                638 us
[125.665s][info][gc,stats    ]   Finish Mark                       162 us
[125.665s][info][gc,stats    ]   Update Region States              108 us
[125.665s][info][gc,stats    ]   Choose Collection Set             185 us
[125.665s][info][gc,stats    ]   Rebuild Free Set                   24 us
[125.665s][info][gc,stats    ] Concurrent Thread Roots            7446 us, parallelism: 0.97x
[125.665s][info][gc,stats    ]   CTR: <total>                     7250 us
[125.665s][info][gc,stats    ]   CTR: Thread Roots                7250 us, workers (us): 7250, ---, ---, 
[125.665s][info][gc,stats    ] Concurrent Weak References          947 us, parallelism: 0.79x
[125.665s][info][gc,stats    ]   CWRF: <total>                     749 us
[125.665s][info][gc,stats    ]   CWRF: Weak References             749 us, workers (us): 749, ---, ---, 
[125.665s][info][gc,stats    ] Concurrent Weak Roots              9686 us
[125.665s][info][gc,stats    ]   Roots                            9429 us, parallelism: 0.99x
[125.665s][info][gc,stats    ]     CWR: <total>                   9366 us
[125.665s][info][gc,stats    ]     CWR: Code Cache Roots          8528 us, workers (us): 8528, ---, ---, 
[125.665s][info][gc,stats    ]     CWR: VM Weak Roots              756 us, workers (us): 756, ---, ---, 
[125.665s][info][gc,stats    ]     CWR: CLDG Roots                  83 us, workers (us):  83, ---, ---, 
[125.665s][info][gc,stats    ]   Rendezvous                        179 us
[125.665s][info][gc,stats    ] Concurrent Cleanup                   50 us
[125.665s][info][gc,stats    ] Concurrent Class Unloading        54304 us
[125.665s][info][gc,stats    ]   Unlink Stale                    51774 us
[125.665s][info][gc,stats    ]     System Dictionary              1877 us
[125.665s][info][gc,stats    ]     Weak Class Links              18639 us
[125.665s][info][gc,stats    ]     Code Roots                    31255 us
[125.665s][info][gc,stats    ]   Rendezvous                        195 us
[125.665s][info][gc,stats    ]   Purge Unlinked                   2254 us
[125.665s][info][gc,stats    ]     Code Roots                     1355 us
[125.665s][info][gc,stats    ]     CLDG                            898 us
[125.665s][info][gc,stats    ]     Exception Caches                  0 us
[125.665s][info][gc,stats    ] Concurrent Strong Roots             427 us, parallelism: 0.62x
[125.665s][info][gc,stats    ]   CSR: <total>                      265 us
[125.665s][info][gc,stats    ]   CSR: VM Strong Roots               10 us, workers (us):  10, ---, ---, 
[125.665s][info][gc,stats    ]   CSR: CLDG Roots                   255 us, workers (us): 255, ---, ---, 
[125.665s][info][gc,stats    ] Concurrent Evacuation              4178 us
[125.665s][info][gc,stats    ] Pause Init Update Refs (G)          286 us
[125.665s][info][gc,stats    ] Pause Init Update Refs (N)          129 us
[125.665s][info][gc,stats    ]   Manage GCLABs                      32 us
[125.665s][info][gc,stats    ] Concurrent Update Refs            22902 us
[125.665s][info][gc,stats    ] Concurrent Update Thread Roots     8570 us
[125.665s][info][gc,stats    ] Pause Final Update Refs (G)         421 us
[125.665s][info][gc,stats    ] Pause Final Update Refs (N)         279 us
[125.665s][info][gc,stats    ]   Update Region States              107 us
[125.665s][info][gc,stats    ]   Trash Collection Set               15 us
[125.665s][info][gc,stats    ]   Rebuild Free Set                   30 us
[125.665s][info][gc,stats    ] Concurrent Cleanup                  130 us
[125.665s][info][gc,stats    ] 
[125.665s][info][gc,stats    ] Allocation pacing accrued:
[125.665s][info][gc,stats    ]       0 of  1127 ms (  0.0%): <total>
[125.665s][info][gc,stats    ]       0 of  1127 ms (  0.0%): <average total>
[125.665s][info][gc,stats    ] 
[125.665s][info][gc,metaspace] Metaspace: 156474K(157696K)->155442K(157632K) NonClass: 138413K(139008K)->137553K(139008K) Class: 18060K(18688K)->17889K(18624K)
[125.665s][info][gc,ergo     ] Pacer for Idle. Initial: 163M, Alloc Tax Rate: 1.0x
[126.002s][info][gc          ] Trigger: Learning 2 of 5. Free (5664M) is below initial threshold (5734M)
[126.002s][info][gc,ergo     ] Free: 5663M, Max: 4096K regular, 5220M humongous, Frag: 8% external, 0% internal; Reserve: 412M, Max: 4096K
[126.002s][info][gc,start    ] GC(119) Concurrent reset
[126.002s][info][gc,task     ] GC(119) Using 1 of 3 workers for concurrent reset
[126.002s][info][gc,ergo     ] GC(119) Pacer for Reset. Non-Taxable: 8192M
[126.017s][info][gc          ] GC(119) Concurrent reset 14.606ms
[126.017s][info][gc,start    ] GC(119) Pause Init Mark (unload classes)
[126.017s][info][gc,task     ] GC(119) Using 3 of 3 workers for init marking
[126.017s][info][gc,ergo     ] GC(119) Pacer for Mark. Expected Live: 142M, Free: 5560M, Non-Taxable: 556M, Alloc Tax Rate: 0.0x
[126.017s][info][gc          ] GC(119) Pause Init Mark (unload classes) 0.147ms
[126.026s][info][gc,start    ] GC(119) Concurrent marking roots
[126.026s][info][gc,task     ] GC(119) Using 1 of 3 workers for concurrent marking roots
[126.035s][info][gc          ] GC(119) Concurrent marking roots 8.967ms
[126.035s][info][gc,start    ] GC(119) Concurrent marking (unload classes)
[126.035s][info][gc,task     ] GC(119) Using 1 of 3 workers for concurrent marking
[126.103s][info][gc          ] GC(119) Concurrent marking (unload classes) 67.480ms
[126.103s][info][gc,start    ] GC(119) Pause Final Mark (unload classes)
[126.103s][info][gc,task     ] GC(119) Using 3 of 3 workers for final marking
[126.103s][info][gc,ergo     ] GC(119) Adaptive CSet Selection. Target Free: 1160M, Actual Free: 6551M, Max CSet: 341M, Min Garbage: 0B
[126.103s][info][gc,ergo     ] GC(119) Collectable Garbage: 2005M (99%), Immediate: 911M (45%), CSet: 1093M (54%)
[126.103s][info][gc,ergo     ] GC(119) Pacer for Evacuation. Used CSet: 1151M, Free: 6177M, Non-Taxable: 617M, Alloc Tax Rate: 1.1x
[126.103s][info][gc          ] GC(119) Pause Final Mark (unload classes) 0.340ms
[126.103s][info][gc,start    ] GC(119) Concurrent thread roots
[126.103s][info][gc,task     ] GC(119) Using 1 of 3 workers for Concurrent thread roots
[126.111s][info][gc          ] GC(119) Concurrent thread roots 7.719ms
[126.111s][info][gc,start    ] GC(119) Concurrent weak references
[126.111s][info][gc,task     ] GC(119) Using 1 of 3 workers for concurrent weak references
[126.111s][info][gc,ref      ] GC(119) Encountered references: Soft: 3717, Weak: 14996, Final: 53, Phantom: 599
[126.111s][info][gc,ref      ] GC(119) Discovered  references: Soft: 0, Weak: 2851, Final: 0, Phantom: 279
[126.111s][info][gc,ref      ] GC(119) Enqueued    references: Soft: 0, Weak: 215, Final: 0, Phantom: 1
[126.111s][info][gc          ] GC(119) Concurrent weak references 0.241ms
[126.111s][info][gc,start    ] GC(119) Concurrent weak roots
[126.111s][info][gc,task     ] GC(119) Using 1 of 3 workers for concurrent weak root
[126.126s][info][gc          ] GC(119) Concurrent weak roots 15.242ms
[126.126s][info][gc,start    ] GC(119) Concurrent cleanup
[126.126s][info][gc          ] GC(119) Concurrent cleanup 2651M->1739M(8192M) 0.038ms
[126.126s][info][gc,ergo     ] GC(119) Free: 6095M, Max: 4096K regular, 5148M humongous, Frag: 16% external, 0% internal; Reserve: 339M, Max: 4096K
[126.126s][info][gc,start    ] GC(119) Concurrent class unloading
[126.126s][info][gc,task     ] GC(119) Using 1 of 3 workers for concurrent class unloading
[126.175s][info][gc          ] GC(119) Concurrent class unloading 48.536ms
[126.175s][info][gc,start    ] GC(119) Concurrent strong roots
[126.175s][info][gc,task     ] GC(119) Using 1 of 3 workers for concurrent strong root
[126.176s][info][gc          ] GC(119) Concurrent strong roots 0.630ms
[126.176s][info][gc,start    ] GC(119) Concurrent evacuation
[126.176s][info][gc,task     ] GC(119) Using 1 of 3 workers for concurrent evacuation
[126.185s][info][gc          ] GC(119) Concurrent evacuation 9.574ms
[126.185s][info][gc,start    ] GC(119) Pause Init Update Refs
[126.186s][info][gc,ergo     ] GC(119) Pacer for Update Refs. Used: 1807M, Free: 6026M, Non-Taxable: 602M, Alloc Tax Rate: 1.1x
[126.186s][info][gc          ] GC(119) Pause Init Update Refs 0.127ms
[126.186s][info][gc,start    ] GC(119) Concurrent update references
[126.186s][info][gc,task     ] GC(119) Using 1 of 3 workers for concurrent reference update
[126.257s][info][gc          ] GC(119) Concurrent update references 71.685ms
[126.257s][info][gc,start    ] GC(119) Concurrent update thread roots
[126.264s][info][gc          ] GC(119) Concurrent update thread roots 6.503ms
[126.264s][info][gc,start    ] GC(119) Pause Final Update Refs
[126.264s][info][gc,task     ] GC(119) Using 3 of 3 workers for final reference update
[126.264s][info][gc          ] GC(119) Pause Final Update Refs 0.144ms
[126.264s][info][gc,start    ] GC(119) Concurrent cleanup
[126.264s][info][gc          ] GC(119) Concurrent cleanup 1872M->720M(8192M) 0.047ms
[126.264s][info][gc,ergo     ] Free: 7019M, Max: 4096K regular, 5072M humongous, Frag: 28% external, 0% internal; Reserve: 412M, Max: 4096K
[126.264s][info][gc,stats    ] 
[126.264s][info][gc,stats    ] All times are wall-clock times, except per-root-class counters, that are sum over
[126.264s][info][gc,stats    ] all workers. Dividing the <total> over the root stage time estimates parallelism.
[126.264s][info][gc,stats    ] 
[126.264s][info][gc,stats    ] Concurrent Reset                  14771 us
[126.264s][info][gc,stats    ] Pause Init Mark (G)                9281 us
[126.264s][info][gc,stats    ] Pause Init Mark (N)                 157 us
[126.264s][info][gc,stats    ]   Update Region States               51 us
[126.264s][info][gc,stats    ] Concurrent Mark Roots              9054 us, parallelism: 0.94x
[126.264s][info][gc,stats    ]   CMR: <total>                     8492 us
[126.264s][info][gc,stats    ]   CMR: Thread Roots                8344 us, workers (us): 8344, ---, ---, 
[126.264s][info][gc,stats    ]   CMR: VM Strong Roots               24 us, workers (us):  24, ---, ---, 
[126.264s][info][gc,stats    ]   CMR: CLDG Roots                   125 us, workers (us): 125, ---, ---, 
[126.264s][info][gc,stats    ] Concurrent Marking                67531 us
[126.264s][info][gc,stats    ] Pause Final Mark (G)                427 us
[126.264s][info][gc,stats    ] Pause Final Mark (N)                357 us
[126.264s][info][gc,stats    ]   Finish Mark                        62 us
[126.264s][info][gc,stats    ]   Update Region States               34 us
[126.264s][info][gc,stats    ]   Choose Collection Set             122 us
[126.264s][info][gc,stats    ]   Rebuild Free Set                   19 us
[126.264s][info][gc,stats    ] Concurrent Thread Roots            7776 us, parallelism: 0.99x
[126.264s][info][gc,stats    ]   CTR: <total>                     7672 us
[126.264s][info][gc,stats    ]   CTR: Thread Roots                7672 us, workers (us): 7672, ---, ---, 
[126.264s][info][gc,stats    ] Concurrent Weak References          249 us, parallelism: 0.68x
[126.264s][info][gc,stats    ]   CWRF: <total>                     170 us
[126.264s][info][gc,stats    ]   CWRF: Weak References             170 us, workers (us): 170, ---, ---, 
[126.264s][info][gc,stats    ] Concurrent Weak Roots             15285 us
[126.264s][info][gc,stats    ]   Roots                           15015 us, parallelism: 1.00x
[126.264s][info][gc,stats    ]     CWR: <total>                  14944 us
[126.264s][info][gc,stats    ]     CWR: Code Cache Roots         13555 us, workers (us): 13555, ---, ---, 
[126.264s][info][gc,stats    ]     CWR: VM Weak Roots             1242 us, workers (us): 1242, ---, ---, 
[126.264s][info][gc,stats    ]     CWR: CLDG Roots                 147 us, workers (us): 147, ---, ---, 
[126.264s][info][gc,stats    ]   Rendezvous                        210 us
[126.264s][info][gc,stats    ] Concurrent Cleanup                   47 us
[126.264s][info][gc,stats    ] Concurrent Class Unloading        48628 us
[126.264s][info][gc,stats    ]   Unlink Stale                    46292 us
[126.264s][info][gc,stats    ]     System Dictionary               437 us
[126.264s][info][gc,stats    ]     Weak Class Links              17336 us
[126.264s][info][gc,stats    ]     Code Roots                    28518 us
[126.264s][info][gc,stats    ]   Rendezvous                        466 us
[126.265s][info][gc,stats    ]   Purge Unlinked                   1753 us
[126.265s][info][gc,stats    ]     Code Roots                     1643 us
[126.265s][info][gc,stats    ]     CLDG                            108 us
[126.265s][info][gc,stats    ]     Exception Caches                  0 us
[126.265s][info][gc,stats    ] Concurrent Strong Roots             693 us, parallelism: 0.62x
[126.265s][info][gc,stats    ]   CSR: <total>                      429 us
[126.265s][info][gc,stats    ]   CSR: VM Strong Roots               11 us, workers (us):  11, ---, ---, 
[126.265s][info][gc,stats    ]   CSR: CLDG Roots                   418 us, workers (us): 418, ---, ---, 
[126.265s][info][gc,stats    ] Concurrent Evacuation              9633 us
[126.265s][info][gc,stats    ] Pause Init Update Refs (G)          221 us
[126.265s][info][gc,stats    ] Pause Init Update Refs (N)          135 us
[126.265s][info][gc,stats    ]   Manage GCLABs                      16 us
[126.265s][info][gc,stats    ] Concurrent Update Refs            71747 us
[126.265s][info][gc,stats    ] Concurrent Update Thread Roots     6557 us
[126.265s][info][gc,stats    ] Pause Final Update Refs (G)         244 us
[126.265s][info][gc,stats    ] Pause Final Update Refs (N)         166 us
[126.265s][info][gc,stats    ]   Update Region States               57 us
[126.265s][info][gc,stats    ]   Trash Collection Set               12 us
[126.265s][info][gc,stats    ]   Rebuild Free Set                   25 us
[126.265s][info][gc,stats    ] Concurrent Cleanup                   57 us
[126.265s][info][gc,stats    ] 
[126.265s][info][gc,stats    ] Allocation pacing accrued:
[126.265s][info][gc,stats    ]       0 of   599 ms (  0.0%): <total>
[126.265s][info][gc,stats    ]       0 of   599 ms (  0.0%): <average total>
[126.265s][info][gc,stats    ] 
[126.265s][info][gc,metaspace] Metaspace: 156314K(157632K)->156332K(157632K) NonClass: 138276K(139008K)->138293K(139008K) Class: 18037K(18624K)->18039K(18624K)
[126.265s][info][gc,ergo     ] Pacer for Idle. Initial: 163M, Alloc Tax Rate: 1.0x
[127.202s][info][gc          ] Trigger: Explicit GC request (System.gc())
[127.202s][info][gc,ergo     ] Free: 5845M, Max: 4096K regular, 5072M humongous, Frag: 14% external, 0% internal; Reserve: 412M, Max: 4096K
[127.202s][info][gc,start    ] GC(120) Concurrent reset
[127.202s][info][gc,task     ] GC(120) Using 1 of 3 workers for concurrent reset
[127.202s][info][gc,ergo     ] GC(120) Pacer for Reset. Non-Taxable: 8192M
[127.207s][info][gc          ] GC(120) Concurrent reset 5.218ms
[127.207s][info][gc,start    ] GC(120) Pause Init Mark (unload classes)
[127.207s][info][gc,task     ] GC(120) Using 3 of 3 workers for init marking
[127.207s][info][gc,ref      ] GC(120) Clearing All SoftReferences
[127.207s][info][gc,ergo     ] GC(120) Pacer for Mark. Expected Live: 152M, Free: 5845M, Non-Taxable: 584M, Alloc Tax Rate: 0.0x
[127.207s][info][gc          ] GC(120) Pause Init Mark (unload classes) 0.194ms
[127.208s][info][gc,start    ] GC(120) Concurrent marking roots
[127.208s][info][gc,task     ] GC(120) Using 1 of 3 workers for concurrent marking roots
[127.215s][info][gc          ] GC(120) Concurrent marking roots 7.253ms
[127.215s][info][gc,start    ] GC(120) Concurrent marking (unload classes)
[127.215s][info][gc,task     ] GC(120) Using 1 of 3 workers for concurrent marking
[127.267s][info][gc          ] GC(120) Concurrent marking (unload classes) 52.156ms
[127.267s][info][gc,start    ] GC(120) Pause Final Mark (unload classes)
[127.267s][info][gc,task     ] GC(120) Using 3 of 3 workers for final marking
[127.268s][info][gc,ergo     ] GC(120) Adaptive CSet Selection. Target Free: 1160M, Actual Free: 6794M, Max CSet: 341M, Min Garbage: 0B
[127.268s][info][gc,ergo     ] GC(120) Collectable Garbage: 1534M (99%), Immediate: 546M (35%), CSet: 987M (64%)
[127.268s][info][gc,ergo     ] GC(120) Pacer for Evacuation. Used CSet: 996M, Free: 6651M, Non-Taxable: 665M, Alloc Tax Rate: 1.1x
[127.268s][info][gc          ] GC(120) Pause Final Mark (unload classes) 0.559ms
[127.268s][info][gc,start    ] GC(120) Concurrent thread roots
[127.268s][info][gc,task     ] GC(120) Using 1 of 3 workers for Concurrent thread roots
[127.275s][info][gc          ] GC(120) Concurrent thread roots 6.793ms
[127.275s][info][gc,start    ] GC(120) Concurrent weak references
[127.275s][info][gc,task     ] GC(120) Using 1 of 3 workers for concurrent weak references
[127.276s][info][gc,ref      ] GC(120) Encountered references: Soft: 3589, Weak: 17969, Final: 53, Phantom: 598
[127.276s][info][gc,ref      ] GC(120) Discovered  references: Soft: 1317, Weak: 6852, Final: 0, Phantom: 373
[127.276s][info][gc,ref      ] GC(120) Enqueued    references: Soft: 851, Weak: 3401, Final: 0, Phantom: 0
[127.276s][info][gc          ] GC(120) Concurrent weak references 1.105ms
[127.276s][info][gc,start    ] GC(120) Concurrent weak roots
[127.276s][info][gc,task     ] GC(120) Using 1 of 3 workers for concurrent weak root
[127.285s][info][gc          ] GC(120) Concurrent weak roots 9.177ms
[127.285s][info][gc,start    ] GC(120) Concurrent cleanup
[127.285s][info][gc          ] GC(120) Concurrent cleanup 1992M->1446M(8192M) 0.040ms
[127.285s][info][gc,ergo     ] GC(120) Free: 6323M, Max: 4096K regular, 5112M humongous, Frag: 20% external, 0% internal; Reserve: 410M, Max: 4096K
[127.285s][info][gc,start    ] GC(120) Concurrent class unloading
[127.285s][info][gc,task     ] GC(120) Using 1 of 3 workers for concurrent class unloading
[127.334s][info][gc          ] GC(120) Concurrent class unloading 49.290ms
[127.334s][info][gc,start    ] GC(120) Concurrent strong roots
[127.334s][info][gc,task     ] GC(120) Using 1 of 3 workers for concurrent strong root
[127.335s][info][gc          ] GC(120) Concurrent strong roots 0.323ms
[127.335s][info][gc,start    ] GC(120) Concurrent evacuation
[127.335s][info][gc,task     ] GC(120) Using 1 of 3 workers for concurrent evacuation
[127.341s][info][gc          ] GC(120) Concurrent evacuation 5.855ms
[127.341s][info][gc,start    ] GC(120) Pause Init Update Refs
[127.341s][info][gc,ergo     ] GC(120) Pacer for Update Refs. Used: 1636M, Free: 6143M, Non-Taxable: 614M, Alloc Tax Rate: 1.1x
[127.341s][info][gc          ] GC(120) Pause Init Update Refs 0.081ms
[127.341s][info][gc,start    ] GC(120) Concurrent update references
[127.341s][info][gc,task     ] GC(120) Using 1 of 3 workers for concurrent reference update
[127.364s][info][gc          ] GC(120) Concurrent update references 22.668ms
[127.364s][info][gc,start    ] GC(120) Concurrent update thread roots
[127.371s][info][gc          ] GC(120) Concurrent update thread roots 7.220ms
[127.371s][info][gc,start    ] GC(120) Pause Final Update Refs
[127.371s][info][gc,task     ] GC(120) Using 3 of 3 workers for final reference update
[127.371s][info][gc          ] GC(120) Pause Final Update Refs 0.179ms
[127.371s][info][gc,start    ] GC(120) Concurrent cleanup
[127.371s][info][gc          ] GC(120) Concurrent cleanup 1636M->640M(8192M) 0.088ms
[127.371s][info][gc,ergo     ] Free: 7139M, Max: 4096K regular, 5220M humongous, Frag: 27% external, 0% internal; Reserve: 412M, Max: 4096K
[127.371s][info][gc,stats    ] 
[127.371s][info][gc,stats    ] All times are wall-clock times, except per-root-class counters, that are sum over
[127.371s][info][gc,stats    ] all workers. Dividing the <total> over the root stage time estimates parallelism.
[127.371s][info][gc,stats    ] 
[127.371s][info][gc,stats    ] Concurrent Reset                   5280 us
[127.371s][info][gc,stats    ] Pause Init Mark (G)                 356 us
[127.371s][info][gc,stats    ] Pause Init Mark (N)                 211 us
[127.371s][info][gc,stats    ]   Update Region States               65 us
[127.371s][info][gc,stats    ] Concurrent Mark Roots              7310 us, parallelism: 0.91x
[127.371s][info][gc,stats    ]   CMR: <total>                     6676 us
[127.371s][info][gc,stats    ]   CMR: Thread Roots                6584 us, workers (us): 6584, ---, ---, 
[127.371s][info][gc,stats    ]   CMR: VM Strong Roots               11 us, workers (us):  11, ---, ---, 
[127.371s][info][gc,stats    ]   CMR: CLDG Roots                    81 us, workers (us):  81, ---, ---, 
[127.371s][info][gc,stats    ] Concurrent Marking                52222 us
[127.371s][info][gc,stats    ] Pause Final Mark (G)                735 us
[127.371s][info][gc,stats    ] Pause Final Mark (N)                581 us
[127.371s][info][gc,stats    ]   Finish Mark                        96 us
[127.371s][info][gc,stats    ]   Update Region States              102 us
[127.371s][info][gc,stats    ]   Choose Collection Set             200 us
[127.371s][info][gc,stats    ]   Rebuild Free Set                   25 us
[127.371s][info][gc,stats    ] Concurrent Thread Roots            6839 us, parallelism: 0.95x
[127.371s][info][gc,stats    ]   CTR: <total>                     6505 us
[127.371s][info][gc,stats    ]   CTR: Thread Roots                6505 us, workers (us): 6505, ---, ---, 
[127.371s][info][gc,stats    ] Concurrent Weak References         1113 us, parallelism: 0.86x
[127.371s][info][gc,stats    ]   CWRF: <total>                     957 us
[127.371s][info][gc,stats    ]   CWRF: Weak References             957 us, workers (us): 957, ---, ---, 
[127.371s][info][gc,stats    ] Concurrent Weak Roots              9215 us
[127.371s][info][gc,stats    ]   Roots                            8973 us, parallelism: 1.00x
[127.371s][info][gc,stats    ]     CWR: <total>                   8941 us
[127.371s][info][gc,stats    ]     CWR: Code Cache Roots          8086 us, workers (us): 8086, ---, ---, 
[127.371s][info][gc,stats    ]     CWR: VM Weak Roots              774 us, workers (us): 774, ---, ---, 
[127.372s][info][gc,stats    ]     CWR: CLDG Roots                  80 us, workers (us):  80, ---, ---, 
[127.372s][info][gc,stats    ]   Rendezvous                        185 us
[127.372s][info][gc,stats    ] Concurrent Cleanup                   50 us
[127.372s][info][gc,stats    ] Concurrent Class Unloading        49338 us
[127.372s][info][gc,stats    ]   Unlink Stale                    47054 us
[127.372s][info][gc,stats    ]     System Dictionary              1811 us
[127.372s][info][gc,stats    ]     Weak Class Links              17718 us
[127.372s][info][gc,stats    ]     Code Roots                    27522 us
[127.372s][info][gc,stats    ]   Rendezvous                        282 us
[127.372s][info][gc,stats    ]   Purge Unlinked                   1933 us
[127.372s][info][gc,stats    ]     Code Roots                     1127 us
[127.372s][info][gc,stats    ]     CLDG                            806 us
[127.372s][info][gc,stats    ]     Exception Caches                  0 us
[127.372s][info][gc,stats    ] Concurrent Strong Roots             341 us, parallelism: 0.65x
[127.372s][info][gc,stats    ]   CSR: <total>                      220 us
[127.372s][info][gc,stats    ]   CSR: VM Strong Roots                8 us, workers (us):   8, ---, ---, 
[127.372s][info][gc,stats    ]   CSR: CLDG Roots                   212 us, workers (us): 212, ---, ---, 
[127.372s][info][gc,stats    ] Concurrent Evacuation              5925 us
[127.372s][info][gc,stats    ] Pause Init Update Refs (G)          192 us
[127.372s][info][gc,stats    ] Pause Init Update Refs (N)           90 us
[127.372s][info][gc,stats    ]   Manage GCLABs                      27 us
[127.372s][info][gc,stats    ] Concurrent Update Refs            22737 us
[127.372s][info][gc,stats    ] Concurrent Update Thread Roots     7269 us
[127.372s][info][gc,stats    ] Pause Final Update Refs (G)         303 us
[127.372s][info][gc,stats    ] Pause Final Update Refs (N)         197 us
[127.372s][info][gc,stats    ]   Update Region States               85 us
[127.372s][info][gc,stats    ]   Trash Collection Set               11 us
[127.372s][info][gc,stats    ]   Rebuild Free Set                   21 us
[127.372s][info][gc,stats    ] Concurrent Cleanup                   97 us
[127.372s][info][gc,stats    ] 
[127.372s][info][gc,stats    ] Allocation pacing accrued:
[127.372s][info][gc,stats    ]       0 of  1107 ms (  0.0%): <total>
[127.372s][info][gc,stats    ]       0 of  1107 ms (  0.0%): <average total>
[127.372s][info][gc,stats    ] 
[127.372s][info][gc,metaspace] Metaspace: 156509K(157760K)->155475K(157632K) NonClass: 138448K(139072K)->137585K(139008K) Class: 18061K(18688K)->17890K(18624K)
[127.372s][info][gc,ergo     ] Pacer for Idle. Initial: 163M, Alloc Tax Rate: 1.0x
[127.715s][info][gc          ] Trigger: Learning 2 of 5. Free (5635M) is below initial threshold (5734M)
[127.715s][info][gc,ergo     ] Free: 5635M, Max: 4096K regular, 5220M humongous, Frag: 8% external, 0% internal; Reserve: 412M, Max: 4096K
[127.715s][info][gc,start    ] GC(121) Concurrent reset
[127.715s][info][gc,task     ] GC(121) Using 1 of 3 workers for concurrent reset
[127.715s][info][gc,ergo     ] GC(121) Pacer for Reset. Non-Taxable: 8192M
[127.730s][info][gc          ] GC(121) Concurrent reset 15.042ms
[127.730s][info][gc,start    ] GC(121) Pause Init Mark (unload classes)
[127.730s][info][gc,task     ] GC(121) Using 3 of 3 workers for init marking
[127.731s][info][gc,ergo     ] GC(121) Pacer for Mark. Expected Live: 142M, Free: 5527M, Non-Taxable: 552M, Alloc Tax Rate: 0.0x
[127.731s][info][gc          ] GC(121) Pause Init Mark (unload classes) 0.172ms
[127.731s][info][gc,start    ] GC(121) Concurrent marking roots
[127.731s][info][gc,task     ] GC(121) Using 1 of 3 workers for concurrent marking roots
[127.740s][info][gc          ] GC(121) Concurrent marking roots 9.290ms
[127.740s][info][gc,start    ] GC(121) Concurrent marking (unload classes)
[127.740s][info][gc,task     ] GC(121) Using 1 of 3 workers for concurrent marking
[127.810s][info][gc          ] GC(121) Concurrent marking (unload classes) 70.112ms
[127.810s][info][gc,start    ] GC(121) Pause Final Mark (unload classes)
[127.810s][info][gc,task     ] GC(121) Using 3 of 3 workers for final marking
[127.810s][info][gc,ergo     ] GC(121) Adaptive CSet Selection. Target Free: 1160M, Actual Free: 6596M, Max CSet: 341M, Min Garbage: 0B
[127.811s][info][gc,ergo     ] GC(121) Collectable Garbage: 2038M (99%), Immediate: 976M (47%), CSet: 1061M (51%)
[127.811s][info][gc,ergo     ] GC(121) Pacer for Evacuation. Used CSet: 1123M, Free: 6220M, Non-Taxable: 622M, Alloc Tax Rate: 1.1x
[127.811s][info][gc          ] GC(121) Pause Final Mark (unload classes) 0.232ms
[127.811s][info][gc,start    ] GC(121) Concurrent thread roots
[127.811s][info][gc,task     ] GC(121) Using 1 of 3 workers for Concurrent thread roots
[127.818s][info][gc          ] GC(121) Concurrent thread roots 7.192ms
[127.818s][info][gc,start    ] GC(121) Concurrent weak references
[127.818s][info][gc,task     ] GC(121) Using 1 of 3 workers for concurrent weak references
[127.818s][info][gc,ref      ] GC(121) Encountered references: Soft: 3712, Weak: 14984, Final: 53, Phantom: 598
[127.818s][info][gc,ref      ] GC(121) Discovered  references: Soft: 0, Weak: 7954, Final: 0, Phantom: 278
[127.818s][info][gc,ref      ] GC(121) Enqueued    references: Soft: 0, Weak: 212, Final: 0, Phantom: 0
[127.818s][info][gc          ] GC(121) Concurrent weak references 0.653ms
[127.819s][info][gc,start    ] GC(121) Concurrent weak roots
[127.819s][info][gc,task     ] GC(121) Using 1 of 3 workers for concurrent weak root
[127.828s][info][gc          ] GC(121) Concurrent weak roots 9.001ms
[127.828s][info][gc,start    ] GC(121) Concurrent cleanup
[127.828s][info][gc          ] GC(121) Concurrent cleanup 2622M->1646M(8192M) 0.064ms
[127.828s][info][gc,ergo     ] GC(121) Free: 6116M, Max: 4096K regular, 5104M humongous, Frag: 17% external, 0% internal; Reserve: 406M, Max: 4096K
[127.828s][info][gc,start    ] GC(121) Concurrent class unloading
[127.828s][info][gc,task     ] GC(121) Using 1 of 3 workers for concurrent class unloading
[127.880s][info][gc          ] GC(121) Concurrent class unloading 52.533ms
[127.880s][info][gc,start    ] GC(121) Concurrent strong roots
[127.880s][info][gc,task     ] GC(121) Using 1 of 3 workers for concurrent strong root
[127.881s][info][gc          ] GC(121) Concurrent strong roots 0.446ms
[127.881s][info][gc,start    ] GC(121) Concurrent evacuation
[127.881s][info][gc,task     ] GC(121) Using 1 of 3 workers for concurrent evacuation
[127.890s][info][gc          ] GC(121) Concurrent evacuation 8.929ms
[127.890s][info][gc,start    ] GC(121) Pause Init Update Refs
[127.890s][info][gc,ergo     ] GC(121) Pacer for Update Refs. Used: 1767M, Free: 6056M, Non-Taxable: 605M, Alloc Tax Rate: 1.1x
[127.890s][info][gc          ] GC(121) Pause Init Update Refs 0.101ms
[127.890s][info][gc,start    ] GC(121) Concurrent update references
[127.890s][info][gc,task     ] GC(121) Using 1 of 3 workers for concurrent reference update
[127.958s][info][gc          ] GC(121) Concurrent update references 67.833ms
[127.958s][info][gc,start    ] GC(121) Concurrent update thread roots
[127.965s][info][gc          ] GC(121) Concurrent update thread roots 6.749ms
[127.965s][info][gc,start    ] GC(121) Pause Final Update Refs
[127.965s][info][gc,task     ] GC(121) Using 3 of 3 workers for final reference update
[127.965s][info][gc          ] GC(121) Pause Final Update Refs 0.173ms
[127.965s][info][gc,start    ] GC(121) Concurrent cleanup
[127.965s][info][gc          ] GC(121) Concurrent cleanup 1835M->711M(8192M) 0.107ms
[127.965s][info][gc,ergo     ] Free: 7024M, Max: 4096K regular, 5036M humongous, Frag: 29% external, 0% internal; Reserve: 412M, Max: 4096K
[127.965s][info][gc,stats    ] 
[127.965s][info][gc,stats    ] All times are wall-clock times, except per-root-class counters, that are sum over
[127.965s][info][gc,stats    ] all workers. Dividing the <total> over the root stage time estimates parallelism.
[127.965s][info][gc,stats    ] 
[127.965s][info][gc,stats    ] Concurrent Reset                  15178 us
[127.965s][info][gc,stats    ] Pause Init Mark (G)                 723 us
[127.965s][info][gc,stats    ] Pause Init Mark (N)                 181 us
[127.965s][info][gc,stats    ]   Update Region States               49 us
[127.965s][info][gc,stats    ] Concurrent Mark Roots              9447 us, parallelism: 0.93x
[127.965s][info][gc,stats    ]   CMR: <total>                     8781 us
[127.965s][info][gc,stats    ]   CMR: Thread Roots                8613 us, workers (us): 8613, ---, ---, 
[127.965s][info][gc,stats    ]   CMR: VM Strong Roots               26 us, workers (us):  26, ---, ---, 
[127.965s][info][gc,stats    ]   CMR: CLDG Roots                   142 us, workers (us): 142, ---, ---, 
[127.965s][info][gc,stats    ] Concurrent Marking                70152 us
[127.965s][info][gc,stats    ] Pause Final Mark (G)                299 us
[127.965s][info][gc,stats    ] Pause Final Mark (N)                241 us
[127.965s][info][gc,stats    ]   Finish Mark                        57 us
[127.965s][info][gc,stats    ]   Update Region States               34 us
[127.965s][info][gc,stats    ]   Choose Collection Set              76 us
[127.965s][info][gc,stats    ]   Rebuild Free Set                    9 us
[127.965s][info][gc,stats    ] Concurrent Thread Roots            7235 us, parallelism: 0.99x
[127.965s][info][gc,stats    ]   CTR: <total>                     7137 us
[127.965s][info][gc,stats    ]   CTR: Thread Roots                7137 us, workers (us): 7137, ---, ---, 
[127.965s][info][gc,stats    ] Concurrent Weak References          668 us, parallelism: 0.83x
[127.965s][info][gc,stats    ]   CWRF: <total>                     552 us
[127.965s][info][gc,stats    ]   CWRF: Weak References             552 us, workers (us): 552, ---, ---, 
[127.965s][info][gc,stats    ] Concurrent Weak Roots              9063 us
[127.965s][info][gc,stats    ]   Roots                            8751 us, parallelism: 0.99x
[127.966s][info][gc,stats    ]     CWR: <total>                   8698 us
[127.966s][info][gc,stats    ]     CWR: Code Cache Roots          6877 us, workers (us): 6877, ---, ---, 
[127.966s][info][gc,stats    ]     CWR: VM Weak Roots             1718 us, workers (us): 1718, ---, ---, 
[127.966s][info][gc,stats    ]     CWR: CLDG Roots                 103 us, workers (us): 103, ---, ---, 
[127.966s][info][gc,stats    ]   Rendezvous                        215 us
[127.966s][info][gc,stats    ] Concurrent Cleanup                   82 us
[127.966s][info][gc,stats    ] Concurrent Class Unloading        52579 us
[127.966s][info][gc,stats    ]   Unlink Stale                    50728 us
[127.966s][info][gc,stats    ]     System Dictionary               536 us
[127.966s][info][gc,stats    ]     Weak Class Links              16236 us
[127.966s][info][gc,stats    ]     Code Roots                    33953 us
[127.966s][info][gc,stats    ]   Rendezvous                        261 us
[127.966s][info][gc,stats    ]   Purge Unlinked                   1497 us
[127.966s][info][gc,stats    ]     Code Roots                     1422 us
[127.966s][info][gc,stats    ]     CLDG                             74 us
[127.966s][info][gc,stats    ]     Exception Caches                  0 us
[127.966s][info][gc,stats    ] Concurrent Strong Roots             465 us, parallelism: 0.69x
[127.966s][info][gc,stats    ]   CSR: <total>                      319 us
[127.966s][info][gc,stats    ]   CSR: VM Strong Roots                8 us, workers (us):   8, ---, ---, 
[127.966s][info][gc,stats    ]   CSR: CLDG Roots                   311 us, workers (us): 311, ---, ---, 
[127.966s][info][gc,stats    ] Concurrent Evacuation              8994 us
[127.966s][info][gc,stats    ] Pause Init Update Refs (G)          254 us
[127.966s][info][gc,stats    ] Pause Init Update Refs (N)          119 us
[127.966s][info][gc,stats    ]   Manage GCLABs                      19 us
[127.966s][info][gc,stats    ] Concurrent Update Refs            67878 us
[127.966s][info][gc,stats    ] Concurrent Update Thread Roots     6822 us
[127.966s][info][gc,stats    ] Pause Final Update Refs (G)         331 us
[127.966s][info][gc,stats    ] Pause Final Update Refs (N)         191 us
[127.966s][info][gc,stats    ]   Update Region States               87 us
[127.966s][info][gc,stats    ]   Trash Collection Set               11 us
[127.966s][info][gc,stats    ]   Rebuild Free Set                   20 us
[127.966s][info][gc,stats    ] Concurrent Cleanup                  134 us
[127.966s][info][gc,stats    ] 
[127.966s][info][gc,stats    ] Allocation pacing accrued:
[127.966s][info][gc,stats    ]       0 of   594 ms (  0.0%): <total>
[127.966s][info][gc,stats    ]       0 of   594 ms (  0.0%): <average total>
[127.966s][info][gc,stats    ] 
[127.966s][info][gc,metaspace] Metaspace: 156330K(157632K)->156351K(157632K) NonClass: 138294K(139008K)->138313K(139008K) Class: 18036K(18624K)->18038K(18624K)
[127.966s][info][gc,ergo     ] Pacer for Idle. Initial: 163M, Alloc Tax Rate: 1.0x
[128.895s][info][gc          ] Trigger: Explicit GC request (System.gc())
[128.895s][info][gc,ergo     ] Free: 5872M, Max: 4096K regular, 5036M humongous, Frag: 15% external, 0% internal; Reserve: 412M, Max: 4096K
[128.895s][info][gc,start    ] GC(122) Concurrent reset
[128.895s][info][gc,task     ] GC(122) Using 1 of 3 workers for concurrent reset
[128.895s][info][gc,ergo     ] GC(122) Pacer for Reset. Non-Taxable: 8192M
[128.900s][info][gc          ] GC(122) Concurrent reset 4.820ms
[128.900s][info][gc,start    ] GC(122) Pause Init Mark (unload classes)
[128.900s][info][gc,task     ] GC(122) Using 3 of 3 workers for init marking
[128.900s][info][gc,ref      ] GC(122) Clearing All SoftReferences
[128.900s][info][gc,ergo     ] GC(122) Pacer for Mark. Expected Live: 152M, Free: 5872M, Non-Taxable: 587M, Alloc Tax Rate: 0.0x
[128.900s][info][gc          ] GC(122) Pause Init Mark (unload classes) 0.249ms
[128.900s][info][gc,start    ] GC(122) Concurrent marking roots
[128.900s][info][gc,task     ] GC(122) Using 1 of 3 workers for concurrent marking roots
[128.907s][info][gc          ] GC(122) Concurrent marking roots 6.958ms
[128.907s][info][gc,start    ] GC(122) Concurrent marking (unload classes)
[128.907s][info][gc,task     ] GC(122) Using 1 of 3 workers for concurrent marking
[128.960s][info][gc          ] GC(122) Concurrent marking (unload classes) 52.515ms
[128.960s][info][gc,start    ] GC(122) Pause Final Mark (unload classes)
[128.960s][info][gc,task     ] GC(122) Using 3 of 3 workers for final marking
[128.960s][info][gc,ergo     ] GC(122) Adaptive CSet Selection. Target Free: 1160M, Actual Free: 6831M, Max CSet: 341M, Min Garbage: 0B
[128.961s][info][gc,ergo     ] GC(122) Collectable Garbage: 1506M (99%), Immediate: 559M (36%), CSet: 946M (62%)
[128.961s][info][gc,ergo     ] GC(122) Pacer for Evacuation. Used CSet: 955M, Free: 6691M, Non-Taxable: 669M, Alloc Tax Rate: 1.1x
[128.961s][info][gc          ] GC(122) Pause Final Mark (unload classes) 0.473ms
[128.961s][info][gc,start    ] GC(122) Concurrent thread roots
[128.961s][info][gc,task     ] GC(122) Using 1 of 3 workers for Concurrent thread roots
[128.967s][info][gc          ] GC(122) Concurrent thread roots 6.629ms
[128.967s][info][gc,start    ] GC(122) Concurrent weak references
[128.967s][info][gc,task     ] GC(122) Using 1 of 3 workers for concurrent weak references
[128.968s][info][gc,ref      ] GC(122) Encountered references: Soft: 3586, Weak: 17964, Final: 53, Phantom: 598
[128.968s][info][gc,ref      ] GC(122) Discovered  references: Soft: 1314, Weak: 6848, Final: 0, Phantom: 373
[128.968s][info][gc,ref      ] GC(122) Enqueued    references: Soft: 848, Weak: 3397, Final: 0, Phantom: 0
[128.968s][info][gc          ] GC(122) Concurrent weak references 0.836ms
[128.968s][info][gc,start    ] GC(122) Concurrent weak roots
[128.968s][info][gc,task     ] GC(122) Using 1 of 3 workers for concurrent weak root
[128.978s][info][gc          ] GC(122) Concurrent weak roots 10.117ms
[128.978s][info][gc,start    ] GC(122) Concurrent cleanup
[128.978s][info][gc          ] GC(122) Concurrent cleanup 2021M->1464M(8192M) 0.046ms
[128.978s][info][gc,ergo     ] GC(122) Free: 6304M, Max: 4096K regular, 5076M humongous, Frag: 20% external, 0% internal; Reserve: 410M, Max: 4096K
[128.978s][info][gc,start    ] GC(122) Concurrent class unloading
[128.978s][info][gc,task     ] GC(122) Using 1 of 3 workers for concurrent class unloading
[129.028s][info][gc          ] GC(122) Concurrent class unloading 49.737ms
[129.028s][info][gc,start    ] GC(122) Concurrent strong roots
[129.028s][info][gc,task     ] GC(122) Using 1 of 3 workers for concurrent strong root
[129.029s][info][gc          ] GC(122) Concurrent strong roots 0.324ms
[129.029s][info][gc,start    ] GC(122) Concurrent evacuation
[129.029s][info][gc,task     ] GC(122) Using 1 of 3 workers for concurrent evacuation
[129.034s][info][gc          ] GC(122) Concurrent evacuation 5.711ms
[129.034s][info][gc,start    ] GC(122) Pause Init Update Refs
[129.035s][info][gc,ergo     ] GC(122) Pacer for Update Refs. Used: 1595M, Free: 6184M, Non-Taxable: 618M, Alloc Tax Rate: 1.1x
[129.035s][info][gc          ] GC(122) Pause Init Update Refs 0.117ms
[129.035s][info][gc,start    ] GC(122) Concurrent update references
[129.035s][info][gc,task     ] GC(122) Using 1 of 3 workers for concurrent reference update
[129.057s][info][gc          ] GC(122) Concurrent update references 22.824ms
[129.058s][info][gc,start    ] GC(122) Concurrent update thread roots
[129.064s][info][gc          ] GC(122) Concurrent update thread roots 6.241ms
[129.064s][info][gc,start    ] GC(122) Pause Final Update Refs
[129.064s][info][gc,task     ] GC(122) Using 3 of 3 workers for final reference update
[129.064s][info][gc          ] GC(122) Pause Final Update Refs 0.169ms
[129.064s][info][gc,start    ] GC(122) Concurrent cleanup
[129.064s][info][gc          ] GC(122) Concurrent cleanup 1595M->639M(8192M) 0.076ms
[129.064s][info][gc,ergo     ] Free: 7140M, Max: 4096K regular, 5220M humongous, Frag: 27% external, 0% internal; Reserve: 412M, Max: 4096K
[129.064s][info][gc,stats    ] 
[129.064s][info][gc,stats    ] All times are wall-clock times, except per-root-class counters, that are sum over
[129.064s][info][gc,stats    ] all workers. Dividing the <total> over the root stage time estimates parallelism.
[129.064s][info][gc,stats    ] 
[129.064s][info][gc,stats    ] Concurrent Reset                   4886 us
[129.064s][info][gc,stats    ] Pause Init Mark (G)                 476 us
[129.064s][info][gc,stats    ] Pause Init Mark (N)                 270 us
[129.064s][info][gc,stats    ]   Update Region States               89 us
[129.064s][info][gc,stats    ] Concurrent Mark Roots              7013 us, parallelism: 0.95x
[129.064s][info][gc,stats    ]   CMR: <total>                     6660 us
[129.064s][info][gc,stats    ]   CMR: Thread Roots                6566 us, workers (us): 6566, ---, ---, 
[129.064s][info][gc,stats    ]   CMR: VM Strong Roots               10 us, workers (us):  10, ---, ---, 
[129.064s][info][gc,stats    ]   CMR: CLDG Roots                    83 us, workers (us):  83, ---, ---, 
[129.064s][info][gc,stats    ] Concurrent Marking                52581 us
[129.064s][info][gc,stats    ] Pause Final Mark (G)                629 us
[129.064s][info][gc,stats    ] Pause Final Mark (N)                494 us
[129.065s][info][gc,stats    ]   Finish Mark                        90 us
[129.065s][info][gc,stats    ]   Update Region States               65 us
[129.065s][info][gc,stats    ]   Choose Collection Set             159 us
[129.065s][info][gc,stats    ]   Rebuild Free Set                   25 us
[129.065s][info][gc,stats    ] Concurrent Thread Roots            6676 us, parallelism: 0.98x
[129.065s][info][gc,stats    ]   CTR: <total>                     6543 us
[129.065s][info][gc,stats    ]   CTR: Thread Roots                6543 us, workers (us): 6543, ---, ---, 
[129.065s][info][gc,stats    ] Concurrent Weak References          852 us, parallelism: 0.78x
[129.065s][info][gc,stats    ]   CWRF: <total>                     667 us
[129.065s][info][gc,stats    ]   CWRF: Weak References             667 us, workers (us): 667, ---, ---, 
[129.065s][info][gc,stats    ] Concurrent Weak Roots             10155 us
[129.065s][info][gc,stats    ]   Roots                            9892 us, parallelism: 0.99x
[129.065s][info][gc,stats    ]     CWR: <total>                   9829 us
[129.065s][info][gc,stats    ]     CWR: Code Cache Roots          8507 us, workers (us): 8507, ---, ---, 
[129.065s][info][gc,stats    ]     CWR: VM Weak Roots             1237 us, workers (us): 1237, ---, ---, 
[129.065s][info][gc,stats    ]     CWR: CLDG Roots                  85 us, workers (us):  85, ---, ---, 
[129.065s][info][gc,stats    ]   Rendezvous                        190 us
[129.065s][info][gc,stats    ] Concurrent Cleanup                   56 us
[129.065s][info][gc,stats    ] Concurrent Class Unloading        49784 us
[129.065s][info][gc,stats    ]   Unlink Stale                    47359 us
[129.065s][info][gc,stats    ]     System Dictionary              1802 us
[129.065s][info][gc,stats    ]     Weak Class Links              17708 us
[129.065s][info][gc,stats    ]     Code Roots                    27847 us
[129.065s][info][gc,stats    ]   Rendezvous                        161 us
[129.065s][info][gc,stats    ]   Purge Unlinked                   2197 us
[129.065s][info][gc,stats    ]     Code Roots                     1340 us
[129.065s][info][gc,stats    ]     CLDG                            857 us
[129.065s][info][gc,stats    ]     Exception Caches                  0 us
[129.065s][info][gc,stats    ] Concurrent Strong Roots             344 us, parallelism: 0.67x
[129.065s][info][gc,stats    ]   CSR: <total>                      230 us
[129.065s][info][gc,stats    ]   CSR: VM Strong Roots               10 us, workers (us):  10, ---, ---, 
[129.065s][info][gc,stats    ]   CSR: CLDG Roots                   220 us, workers (us): 220, ---, ---, 
[129.065s][info][gc,stats    ] Concurrent Evacuation              5779 us
[129.065s][info][gc,stats    ] Pause Init Update Refs (G)          277 us
[129.065s][info][gc,stats    ] Pause Init Update Refs (N)          134 us
[129.065s][info][gc,stats    ]   Manage GCLABs                      33 us
[129.065s][info][gc,stats    ] Concurrent Update Refs            22889 us
[129.065s][info][gc,stats    ] Concurrent Update Thread Roots     6267 us
[129.065s][info][gc,stats    ] Pause Final Update Refs (G)         226 us
[129.065s][info][gc,stats    ] Pause Final Update Refs (N)         180 us
[129.065s][info][gc,stats    ]   Update Region States               74 us
[129.065s][info][gc,stats    ]   Trash Collection Set               11 us
[129.065s][info][gc,stats    ]   Rebuild Free Set                   21 us
[129.065s][info][gc,stats    ] Concurrent Cleanup                   99 us
[129.065s][info][gc,stats    ] 
[129.065s][info][gc,stats    ] Allocation pacing accrued:
[129.065s][info][gc,stats    ]       0 of  1099 ms (  0.0%): <total>
[129.065s][info][gc,stats    ]       0 of  1099 ms (  0.0%): <average total>
[129.065s][info][gc,stats    ] 
[129.065s][info][gc,metaspace] Metaspace: 156508K(157760K)->155475K(157632K) NonClass: 138447K(139072K)->137585K(139008K) Class: 18060K(18688K)->17890K(18624K)
[129.065s][info][gc,ergo     ] Pacer for Idle. Initial: 163M, Alloc Tax Rate: 1.0x
[129.394s][info][gc          ] Trigger: Learning 2 of 5. Free (5643M) is below initial threshold (5734M)
[129.394s][info][gc,ergo     ] Free: 5643M, Max: 4096K regular, 5220M humongous, Frag: 8% external, 0% internal; Reserve: 412M, Max: 4096K
[129.394s][info][gc,start    ] GC(123) Concurrent reset
[129.394s][info][gc,task     ] GC(123) Using 1 of 3 workers for concurrent reset
[129.394s][info][gc,ergo     ] GC(123) Pacer for Reset. Non-Taxable: 8192M
[129.407s][info][gc          ] GC(123) Concurrent reset 12.141ms
[129.407s][info][gc,start    ] GC(123) Pause Init Mark (unload classes)
[129.407s][info][gc,task     ] GC(123) Using 3 of 3 workers for init marking
[129.407s][info][gc,ergo     ] GC(123) Pacer for Mark. Expected Live: 141M, Free: 5567M, Non-Taxable: 556M, Alloc Tax Rate: 0.0x
[129.407s][info][gc          ] GC(123) Pause Init Mark (unload classes) 0.157ms
[129.410s][info][gc,start    ] GC(123) Concurrent marking roots
[129.410s][info][gc,task     ] GC(123) Using 1 of 3 workers for concurrent marking roots
[129.419s][info][gc          ] GC(123) Concurrent marking roots 9.495ms
[129.420s][info][gc,start    ] GC(123) Concurrent marking (unload classes)
[129.420s][info][gc,task     ] GC(123) Using 1 of 3 workers for concurrent marking
[129.488s][info][gc          ] GC(123) Concurrent marking (unload classes) 68.890ms
[129.489s][info][gc,start    ] GC(123) Pause Final Mark (unload classes)
[129.489s][info][gc,task     ] GC(123) Using 3 of 3 workers for final marking
[129.489s][info][gc,ergo     ] GC(123) Adaptive CSet Selection. Target Free: 1160M, Actual Free: 6641M, Max CSet: 341M, Min Garbage: 0B
[129.489s][info][gc,ergo     ] GC(123) Collectable Garbage: 2001M (99%), Immediate: 989M (49%), CSet: 1011M (50%)
[129.489s][info][gc,ergo     ] GC(123) Pacer for Evacuation. Used CSet: 1072M, Free: 6265M, Non-Taxable: 626M, Alloc Tax Rate: 1.1x
[129.489s][info][gc          ] GC(123) Pause Final Mark (unload classes) 0.333ms
[129.489s][info][gc,start    ] GC(123) Concurrent thread roots
[129.489s][info][gc,task     ] GC(123) Using 1 of 3 workers for Concurrent thread roots
[129.496s][info][gc          ] GC(123) Concurrent thread roots 7.516ms
[129.497s][info][gc,start    ] GC(123) Concurrent weak references
[129.497s][info][gc,task     ] GC(123) Using 1 of 3 workers for concurrent weak references
[129.497s][info][gc,ref      ] GC(123) Encountered references: Soft: 3714, Weak: 14990, Final: 53, Phantom: 598
[129.497s][info][gc,ref      ] GC(123) Discovered  references: Soft: 0, Weak: 6216, Final: 0, Phantom: 278
[129.497s][info][gc,ref      ] GC(123) Enqueued    references: Soft: 0, Weak: 211, Final: 0, Phantom: 0
[129.497s][info][gc          ] GC(123) Concurrent weak references 0.819ms
[129.497s][info][gc,start    ] GC(123) Concurrent weak roots
[129.497s][info][gc,task     ] GC(123) Using 1 of 3 workers for concurrent weak root
[129.512s][info][gc          ] GC(123) Concurrent weak roots 14.637ms
[129.512s][info][gc,start    ] GC(123) Concurrent cleanup
[129.512s][info][gc          ] GC(123) Concurrent cleanup 2638M->1649M(8192M) 0.038ms
[129.512s][info][gc,ergo     ] GC(123) Free: 6186M, Max: 4096K regular, 5160M humongous, Frag: 17% external, 0% internal; Reserve: 340M, Max: 4096K
[129.512s][info][gc,start    ] GC(123) Concurrent class unloading
[129.512s][info][gc,task     ] GC(123) Using 1 of 3 workers for concurrent class unloading
[129.563s][info][gc          ] GC(123) Concurrent class unloading 50.583ms
[129.563s][info][gc,start    ] GC(123) Concurrent strong roots
[129.563s][info][gc,task     ] GC(123) Using 1 of 3 workers for concurrent strong root
[129.563s][info][gc          ] GC(123) Concurrent strong roots 0.509ms
[129.563s][info][gc,start    ] GC(123) Concurrent evacuation
[129.563s][info][gc,task     ] GC(123) Using 1 of 3 workers for concurrent evacuation
[129.573s][info][gc          ] GC(123) Concurrent evacuation 9.788ms
[129.573s][info][gc,start    ] GC(123) Pause Init Update Refs
[129.573s][info][gc,ergo     ] GC(123) Pacer for Update Refs. Used: 1722M, Free: 6107M, Non-Taxable: 610M, Alloc Tax Rate: 1.1x
[129.573s][info][gc          ] GC(123) Pause Init Update Refs 0.051ms
[129.573s][info][gc,start    ] GC(123) Concurrent update references
[129.573s][info][gc,task     ] GC(123) Using 1 of 3 workers for concurrent reference update
[129.645s][info][gc          ] GC(123) Concurrent update references 71.657ms
[129.645s][info][gc,start    ] GC(123) Concurrent update thread roots
[129.652s][info][gc          ] GC(123) Concurrent update thread roots 6.531ms
[129.652s][info][gc,start    ] GC(123) Pause Final Update Refs
[129.652s][info][gc,task     ] GC(123) Using 3 of 3 workers for final reference update
[129.652s][info][gc          ] GC(123) Pause Final Update Refs 0.124ms
[129.652s][info][gc,start    ] GC(123) Concurrent cleanup
[129.652s][info][gc          ] GC(123) Concurrent cleanup 1785M->712M(8192M) 0.032ms
[129.652s][info][gc,ergo     ] Free: 7023M, Max: 4096K regular, 5088M humongous, Frag: 28% external, 0% internal; Reserve: 412M, Max: 4096K
[129.652s][info][gc,stats    ] 
[129.652s][info][gc,stats    ] All times are wall-clock times, except per-root-class counters, that are sum over
[129.652s][info][gc,stats    ] all workers. Dividing the <total> over the root stage time estimates parallelism.
[129.652s][info][gc,stats    ] 
[129.652s][info][gc,stats    ] Concurrent Reset                  12296 us
[129.652s][info][gc,stats    ] Pause Init Mark (G)                3191 us
[129.652s][info][gc,stats    ] Pause Init Mark (N)                 166 us
[129.652s][info][gc,stats    ]   Update Region States               56 us
[129.652s][info][gc,stats    ] Concurrent Mark Roots              9634 us, parallelism: 0.94x
[129.652s][info][gc,stats    ]   CMR: <total>                     9077 us
[129.652s][info][gc,stats    ]   CMR: Thread Roots                8925 us, workers (us): 8925, ---, ---, 
[129.652s][info][gc,stats    ]   CMR: VM Strong Roots               25 us, workers (us):  25, ---, ---, 
[129.652s][info][gc,stats    ]   CMR: CLDG Roots                   127 us, workers (us): 127, ---, ---, 
[129.652s][info][gc,stats    ] Concurrent Marking                68961 us
[129.652s][info][gc,stats    ] Pause Final Mark (G)                422 us
[129.652s][info][gc,stats    ] Pause Final Mark (N)                350 us
[129.652s][info][gc,stats    ]   Finish Mark                        70 us
[129.652s][info][gc,stats    ]   Update Region States               35 us
[129.652s][info][gc,stats    ]   Choose Collection Set             149 us
[129.652s][info][gc,stats    ]   Rebuild Free Set                   19 us
[129.652s][info][gc,stats    ] Concurrent Thread Roots            7571 us, parallelism: 0.99x
[129.652s][info][gc,stats    ]   CTR: <total>                     7473 us
[129.652s][info][gc,stats    ]   CTR: Thread Roots                7473 us, workers (us): 7473, ---, ---, 
[129.652s][info][gc,stats    ] Concurrent Weak References          835 us, parallelism: 0.75x
[129.652s][info][gc,stats    ]   CWRF: <total>                     628 us
[129.652s][info][gc,stats    ]   CWRF: Weak References             628 us, workers (us): 628, ---, ---, 
[129.652s][info][gc,stats    ] Concurrent Weak Roots             14697 us
[129.652s][info][gc,stats    ]   Roots                           14441 us, parallelism: 1.00x
[129.652s][info][gc,stats    ]     CWR: <total>                  14398 us
[129.652s][info][gc,stats    ]     CWR: Code Cache Roots         11343 us, workers (us): 11343, ---, ---, 
[129.652s][info][gc,stats    ]     CWR: VM Weak Roots             2777 us, workers (us): 2777, ---, ---, 
[129.652s][info][gc,stats    ]     CWR: CLDG Roots                 278 us, workers (us): 278, ---, ---, 
[129.652s][info][gc,stats    ]   Rendezvous                        176 us
[129.652s][info][gc,stats    ] Concurrent Cleanup                   47 us
[129.652s][info][gc,stats    ] Concurrent Class Unloading        50624 us
[129.652s][info][gc,stats    ]   Unlink Stale                    47945 us
[129.652s][info][gc,stats    ]     System Dictionary               407 us
[129.652s][info][gc,stats    ]     Weak Class Links              16823 us
[129.652s][info][gc,stats    ]     Code Roots                    30713 us
[129.652s][info][gc,stats    ]   Rendezvous                        278 us
[129.652s][info][gc,stats    ]   Purge Unlinked                   2339 us
[129.652s][info][gc,stats    ]     Code Roots                     2256 us
[129.652s][info][gc,stats    ]     CLDG                             82 us
[129.652s][info][gc,stats    ]     Exception Caches                  0 us
[129.652s][info][gc,stats    ] Concurrent Strong Roots             540 us, parallelism: 0.68x
[129.652s][info][gc,stats    ]   CSR: <total>                      366 us
[129.652s][info][gc,stats    ]   CSR: VM Strong Roots                9 us, workers (us):   9, ---, ---, 
[129.652s][info][gc,stats    ]   CSR: CLDG Roots                   357 us, workers (us): 357, ---, ---, 
[129.652s][info][gc,stats    ] Concurrent Evacuation              9851 us
[129.652s][info][gc,stats    ] Pause Init Update Refs (G)          159 us
[129.652s][info][gc,stats    ] Pause Init Update Refs (N)           59 us
[129.652s][info][gc,stats    ]   Manage GCLABs                      16 us
[129.652s][info][gc,stats    ] Concurrent Update Refs            71694 us
[129.652s][info][gc,stats    ] Concurrent Update Thread Roots     6591 us
[129.652s][info][gc,stats    ] Pause Final Update Refs (G)         245 us
[129.652s][info][gc,stats    ] Pause Final Update Refs (N)         135 us
[129.652s][info][gc,stats    ]   Update Region States               45 us
[129.652s][info][gc,stats    ]   Trash Collection Set                9 us
[129.652s][info][gc,stats    ]   Rebuild Free Set                   16 us
[129.652s][info][gc,stats    ] Concurrent Cleanup                   41 us
[129.652s][info][gc,stats    ] 
[129.652s][info][gc,stats    ] Allocation pacing accrued:
[129.652s][info][gc,stats    ]       0 of   587 ms (  0.0%): <total>
[129.652s][info][gc,stats    ]       0 of   587 ms (  0.0%): <average total>
[129.652s][info][gc,stats    ] 
[129.652s][info][gc,metaspace] Metaspace: 156371K(157632K)->156395K(157632K) NonClass: 138334K(139008K)->138356K(139008K) Class: 18036K(18624K)->18039K(18624K)
[129.652s][info][gc,ergo     ] Pacer for Idle. Initial: 163M, Alloc Tax Rate: 1.0x
[130.588s][info][gc          ] Trigger: Explicit GC request (System.gc())
[130.588s][info][gc,ergo     ] Free: 5863M, Max: 4096K regular, 5088M humongous, Frag: 14% external, 0% internal; Reserve: 412M, Max: 4096K
[130.588s][info][gc,start    ] GC(124) Concurrent reset
[130.588s][info][gc,task     ] GC(124) Using 1 of 3 workers for concurrent reset
[130.588s][info][gc,ergo     ] GC(124) Pacer for Reset. Non-Taxable: 8192M
[130.593s][info][gc          ] GC(124) Concurrent reset 4.407ms
[130.593s][info][gc,start    ] GC(124) Pause Init Mark (unload classes)
[130.593s][info][gc,task     ] GC(124) Using 3 of 3 workers for init marking
[130.593s][info][gc,ref      ] GC(124) Clearing All SoftReferences
[130.593s][info][gc,ergo     ] GC(124) Pacer for Mark. Expected Live: 152M, Free: 5863M, Non-Taxable: 586M, Alloc Tax Rate: 0.0x
[130.593s][info][gc          ] GC(124) Pause Init Mark (unload classes) 0.231ms
[130.593s][info][gc,start    ] GC(124) Concurrent marking roots
[130.593s][info][gc,task     ] GC(124) Using 1 of 3 workers for concurrent marking roots
[130.600s][info][gc          ] GC(124) Concurrent marking roots 6.849ms
[130.600s][info][gc,start    ] GC(124) Concurrent marking (unload classes)
[130.600s][info][gc,task     ] GC(124) Using 1 of 3 workers for concurrent marking
[130.654s][info][gc          ] GC(124) Concurrent marking (unload classes) 53.904ms
[130.654s][info][gc,start    ] GC(124) Pause Final Mark (unload classes)
[130.654s][info][gc,task     ] GC(124) Using 3 of 3 workers for final marking
[130.655s][info][gc,ergo     ] GC(124) Adaptive CSet Selection. Target Free: 1160M, Actual Free: 6804M, Max CSet: 341M, Min Garbage: 0B
[130.655s][info][gc,ergo     ] GC(124) Collectable Garbage: 1514M (99%), Immediate: 540M (35%), CSet: 974M (64%)
[130.655s][info][gc,ergo     ] GC(124) Pacer for Evacuation. Used CSet: 985M, Free: 6667M, Non-Taxable: 666M, Alloc Tax Rate: 1.1x
[130.655s][info][gc          ] GC(124) Pause Final Mark (unload classes) 0.546ms
[130.655s][info][gc,start    ] GC(124) Concurrent thread roots
[130.655s][info][gc,task     ] GC(124) Using 1 of 3 workers for Concurrent thread roots
[130.662s][info][gc          ] GC(124) Concurrent thread roots 6.798ms
[130.662s][info][gc,start    ] GC(124) Concurrent weak references
[130.662s][info][gc,task     ] GC(124) Using 1 of 3 workers for concurrent weak references
[130.663s][info][gc,ref      ] GC(124) Encountered references: Soft: 3586, Weak: 17968, Final: 53, Phantom: 598
[130.663s][info][gc,ref      ] GC(124) Discovered  references: Soft: 1314, Weak: 6851, Final: 0, Phantom: 373
[130.663s][info][gc,ref      ] GC(124) Enqueued    references: Soft: 848, Weak: 3400, Final: 0, Phantom: 0
[130.663s][info][gc          ] GC(124) Concurrent weak references 1.075ms
[130.663s][info][gc,start    ] GC(124) Concurrent weak roots
[130.663s][info][gc,task     ] GC(124) Using 1 of 3 workers for concurrent weak root
[130.672s][info][gc          ] GC(124) Concurrent weak roots 9.441ms
[130.672s][info][gc,start    ] GC(124) Concurrent cleanup
[130.672s][info][gc          ] GC(124) Concurrent cleanup 1984M->1451M(8192M) 0.051ms
[130.672s][info][gc,ergo     ] GC(124) Free: 6319M, Max: 4096K regular, 5116M humongous, Frag: 19% external, 0% internal; Reserve: 410M, Max: 4096K
[130.672s][info][gc,start    ] GC(124) Concurrent class unloading
[130.672s][info][gc,task     ] GC(124) Using 1 of 3 workers for concurrent class unloading
[130.726s][info][gc          ] GC(124) Concurrent class unloading 53.415ms
[130.726s][info][gc,start    ] GC(124) Concurrent strong roots
[130.726s][info][gc,task     ] GC(124) Using 1 of 3 workers for concurrent strong root
[130.726s][info][gc          ] GC(124) Concurrent strong roots 0.332ms
[130.726s][info][gc,start    ] GC(124) Concurrent evacuation
[130.726s][info][gc,task     ] GC(124) Using 1 of 3 workers for concurrent evacuation
[130.733s][info][gc          ] GC(124) Concurrent evacuation 7.098ms
[130.733s][info][gc,start    ] GC(124) Pause Init Update Refs
[130.734s][info][gc,ergo     ] GC(124) Pacer for Update Refs. Used: 1630M, Free: 6151M, Non-Taxable: 615M, Alloc Tax Rate: 1.1x
[130.734s][info][gc          ] GC(124) Pause Init Update Refs 0.150ms
[130.734s][info][gc,start    ] GC(124) Concurrent update references
[130.734s][info][gc,task     ] GC(124) Using 1 of 3 workers for concurrent reference update
[130.756s][info][gc          ] GC(124) Concurrent update references 22.760ms
[130.756s][info][gc,start    ] GC(124) Concurrent update thread roots
[130.764s][info][gc          ] GC(124) Concurrent update thread roots 7.649ms
[130.764s][info][gc,start    ] GC(124) Pause Final Update Refs
[130.764s][info][gc,task     ] GC(124) Using 3 of 3 workers for final reference update
[130.764s][info][gc          ] GC(124) Pause Final Update Refs 0.147ms
[130.764s][info][gc,start    ] GC(124) Concurrent cleanup
[130.765s][info][gc          ] GC(124) Concurrent cleanup 1630M->644M(8192M) 0.107ms
[130.765s][info][gc,ergo     ] Free: 7135M, Max: 4096K regular, 5224M humongous, Frag: 27% external, 0% internal; Reserve: 412M, Max: 4096K
[130.765s][info][gc,stats    ] 
[130.765s][info][gc,stats    ] All times are wall-clock times, except per-root-class counters, that are sum over
[130.765s][info][gc,stats    ] all workers. Dividing the <total> over the root stage time estimates parallelism.
[130.765s][info][gc,stats    ] 
[130.765s][info][gc,stats    ] Concurrent Reset                   4460 us
[130.765s][info][gc,stats    ] Pause Init Mark (G)                 426 us
[130.765s][info][gc,stats    ] Pause Init Mark (N)                 248 us
[130.765s][info][gc,stats    ]   Update Region States               86 us
[130.765s][info][gc,stats    ] Concurrent Mark Roots              6899 us, parallelism: 0.95x
[130.765s][info][gc,stats    ]   CMR: <total>                     6528 us
[130.765s][info][gc,stats    ]   CMR: Thread Roots                6405 us, workers (us): 6405, ---, ---, 
[130.765s][info][gc,stats    ]   CMR: VM Strong Roots               25 us, workers (us):  25, ---, ---, 
[130.765s][info][gc,stats    ]   CMR: CLDG Roots                    98 us, workers (us):  98, ---, ---, 
[130.765s][info][gc,stats    ] Concurrent Marking                53970 us
[130.765s][info][gc,stats    ] Pause Final Mark (G)                706 us
[130.765s][info][gc,stats    ] Pause Final Mark (N)                568 us
[130.765s][info][gc,stats    ]   Finish Mark                        97 us
[130.765s][info][gc,stats    ]   Update Region States              103 us
[130.765s][info][gc,stats    ]   Choose Collection Set             185 us
[130.765s][info][gc,stats    ]   Rebuild Free Set                   25 us
[130.765s][info][gc,stats    ] Concurrent Thread Roots            6841 us, parallelism: 0.95x
[130.765s][info][gc,stats    ]   CTR: <total>                     6489 us
[130.765s][info][gc,stats    ]   CTR: Thread Roots                6489 us, workers (us): 6489, ---, ---, 
[130.765s][info][gc,stats    ] Concurrent Weak References         1083 us, parallelism: 0.86x
[130.765s][info][gc,stats    ]   CWRF: <total>                     934 us
[130.765s][info][gc,stats    ]   CWRF: Weak References             934 us, workers (us): 934, ---, ---, 
[130.765s][info][gc,stats    ] Concurrent Weak Roots              9480 us
[130.765s][info][gc,stats    ]   Roots                            9237 us, parallelism: 0.99x
[130.765s][info][gc,stats    ]     CWR: <total>                   9177 us
[130.765s][info][gc,stats    ]     CWR: Code Cache Roots          8305 us, workers (us): 8305, ---, ---, 
[130.765s][info][gc,stats    ]     CWR: VM Weak Roots              780 us, workers (us): 780, ---, ---, 
[130.765s][info][gc,stats    ]     CWR: CLDG Roots                  92 us, workers (us):  92, ---, ---, 
[130.765s][info][gc,stats    ]   Rendezvous                        186 us
[130.765s][info][gc,stats    ] Concurrent Cleanup                   59 us
[130.765s][info][gc,stats    ] Concurrent Class Unloading        53465 us
[130.765s][info][gc,stats    ]   Unlink Stale                    50883 us
[130.765s][info][gc,stats    ]     System Dictionary              1877 us
[130.765s][info][gc,stats    ]     Weak Class Links              19338 us
[130.765s][info][gc,stats    ]     Code Roots                    29665 us
[130.765s][info][gc,stats    ]   Rendezvous                        273 us
[130.765s][info][gc,stats    ]   Purge Unlinked                   2240 us
[130.765s][info][gc,stats    ]     Code Roots                     1435 us
[130.765s][info][gc,stats    ]     CLDG                            804 us
[130.765s][info][gc,stats    ]     Exception Caches                  0 us
[130.765s][info][gc,stats    ] Concurrent Strong Roots             350 us, parallelism: 0.63x
[130.765s][info][gc,stats    ]   CSR: <total>                      221 us
[130.765s][info][gc,stats    ]   CSR: VM Strong Roots                8 us, workers (us):   8, ---, ---, 
[130.765s][info][gc,stats    ]   CSR: CLDG Roots                   213 us, workers (us): 213, ---, ---, 
[130.765s][info][gc,stats    ] Concurrent Evacuation              7172 us
[130.765s][info][gc,stats    ] Pause Init Update Refs (G)          338 us
[130.765s][info][gc,stats    ] Pause Init Update Refs (N)          171 us
[130.765s][info][gc,stats    ]   Manage GCLABs                      50 us
[130.765s][info][gc,stats    ] Concurrent Update Refs            22834 us
[130.765s][info][gc,stats    ] Concurrent Update Thread Roots     7703 us
[130.765s][info][gc,stats    ] Pause Final Update Refs (G)         245 us
[130.765s][info][gc,stats    ] Pause Final Update Refs (N)         158 us
[130.765s][info][gc,stats    ]   Update Region States               71 us
[130.765s][info][gc,stats    ]   Trash Collection Set               11 us
[130.765s][info][gc,stats    ]   Rebuild Free Set                   20 us
[130.765s][info][gc,stats    ] Concurrent Cleanup                  133 us
[130.765s][info][gc,stats    ] 
[130.765s][info][gc,stats    ] Allocation pacing accrued:
[130.765s][info][gc,stats    ]       0 of  1113 ms (  0.0%): <total>
[130.765s][info][gc,stats    ]       0 of  1113 ms (  0.0%): <average total>
[130.765s][info][gc,stats    ] 
[130.765s][info][gc,metaspace] Metaspace: 156548K(157760K)->155514K(157632K) NonClass: 138487K(139072K)->137624K(139008K) Class: 18061K(18688K)->17890K(18624K)
[130.765s][info][gc,ergo     ] Pacer for Idle. Initial: 163M, Alloc Tax Rate: 1.0x
[131.099s][info][gc          ] Trigger: Learning 2 of 5. Free (5683M) is below initial threshold (5734M)
[131.100s][info][gc,ergo     ] Free: 5683M, Max: 4096K regular, 5224M humongous, Frag: 8% external, 0% internal; Reserve: 412M, Max: 4096K
[131.100s][info][gc,start    ] GC(125) Concurrent reset
[131.100s][info][gc,task     ] GC(125) Using 1 of 3 workers for concurrent reset
[131.100s][info][gc,ergo     ] GC(125) Pacer for Reset. Non-Taxable: 8192M
[131.115s][info][gc          ] GC(125) Concurrent reset 14.950ms
[131.115s][info][gc,start    ] GC(125) Pause Init Mark (unload classes)
[131.115s][info][gc,task     ] GC(125) Using 3 of 3 workers for init marking
[131.115s][info][gc,ergo     ] GC(125) Pacer for Mark. Expected Live: 141M, Free: 5579M, Non-Taxable: 557M, Alloc Tax Rate: 0.0x
[131.115s][info][gc          ] GC(125) Pause Init Mark (unload classes) 0.140ms
[131.116s][info][gc,start    ] GC(125) Concurrent marking roots
[131.116s][info][gc,task     ] GC(125) Using 1 of 3 workers for concurrent marking roots
[131.125s][info][gc          ] GC(125) Concurrent marking roots 9.425ms
[131.125s][info][gc,start    ] GC(125) Concurrent marking (unload classes)
[131.125s][info][gc,task     ] GC(125) Using 1 of 3 workers for concurrent marking
[131.196s][info][gc          ] GC(125) Concurrent marking (unload classes) 70.751ms
[131.196s][info][gc,start    ] GC(125) Pause Final Mark (unload classes)
[131.196s][info][gc,task     ] GC(125) Using 3 of 3 workers for final marking
[131.196s][info][gc,ergo     ] GC(125) Adaptive CSet Selection. Target Free: 1160M, Actual Free: 6577M, Max CSet: 341M, Min Garbage: 0B
[131.196s][info][gc,ergo     ] GC(125) Collectable Garbage: 1989M (99%), Immediate: 937M (46%), CSet: 1051M (52%)
[131.196s][info][gc,ergo     ] GC(125) Pacer for Evacuation. Used CSet: 1109M, Free: 6201M, Non-Taxable: 620M, Alloc Tax Rate: 1.1x
[131.196s][info][gc          ] GC(125) Pause Final Mark (unload classes) 0.235ms
[131.196s][info][gc,start    ] GC(125) Concurrent thread roots
[131.196s][info][gc,task     ] GC(125) Using 1 of 3 workers for Concurrent thread roots
[131.205s][info][gc          ] GC(125) Concurrent thread roots 8.449ms
[131.205s][info][gc,start    ] GC(125) Concurrent weak references
[131.205s][info][gc,task     ] GC(125) Using 1 of 3 workers for concurrent weak references
[131.206s][info][gc,ref      ] GC(125) Encountered references: Soft: 3714, Weak: 14987, Final: 53, Phantom: 598
[131.206s][info][gc,ref      ] GC(125) Discovered  references: Soft: 0, Weak: 6947, Final: 0, Phantom: 278
[131.206s][info][gc,ref      ] GC(125) Enqueued    references: Soft: 0, Weak: 212, Final: 0, Phantom: 0
[131.206s][info][gc          ] GC(125) Concurrent weak references 1.274ms
[131.206s][info][gc,start    ] GC(125) Concurrent weak roots
[131.206s][info][gc,task     ] GC(125) Using 1 of 3 workers for concurrent weak root
[131.219s][info][gc          ] GC(125) Concurrent weak roots 12.872ms
[131.219s][info][gc,start    ] GC(125) Concurrent cleanup
[131.219s][info][gc          ] GC(125) Concurrent cleanup 2650M->1712M(8192M) 0.099ms
[131.219s][info][gc,ergo     ] GC(125) Free: 6107M, Max: 4096K regular, 5136M humongous, Frag: 16% external, 0% internal; Reserve: 351M, Max: 4096K
[131.219s][info][gc,start    ] GC(125) Concurrent class unloading
[131.219s][info][gc,task     ] GC(125) Using 1 of 3 workers for concurrent class unloading
[131.270s][info][gc          ] GC(125) Concurrent class unloading 50.493ms
[131.270s][info][gc,start    ] GC(125) Concurrent strong roots
[131.270s][info][gc,task     ] GC(125) Using 1 of 3 workers for concurrent strong root
[131.271s][info][gc          ] GC(125) Concurrent strong roots 0.499ms
[131.271s][info][gc,start    ] GC(125) Concurrent evacuation
[131.271s][info][gc,task     ] GC(125) Using 1 of 3 workers for concurrent evacuation
[131.279s][info][gc          ] GC(125) Concurrent evacuation 8.293ms
[131.279s][info][gc,start    ] GC(125) Pause Init Update Refs
[131.279s][info][gc,ergo     ] GC(125) Pacer for Update Refs. Used: 1775M, Free: 6043M, Non-Taxable: 604M, Alloc Tax Rate: 1.1x
[131.279s][info][gc          ] GC(125) Pause Init Update Refs 0.067ms
[131.279s][info][gc,start    ] GC(125) Concurrent update references
[131.279s][info][gc,task     ] GC(125) Using 1 of 3 workers for concurrent reference update
[131.352s][info][gc          ] GC(125) Concurrent update references 73.025ms
[131.352s][info][gc,start    ] GC(125) Concurrent update thread roots
[131.359s][info][gc          ] GC(125) Concurrent update thread roots 6.560ms
[131.359s][info][gc,start    ] GC(125) Pause Final Update Refs
[131.359s][info][gc,task     ] GC(125) Using 3 of 3 workers for final reference update
[131.359s][info][gc          ] GC(125) Pause Final Update Refs 0.136ms
[131.359s][info][gc,start    ] GC(125) Concurrent cleanup
[131.359s][info][gc          ] GC(125) Concurrent cleanup 1845M->736M(8192M) 0.080ms
[131.359s][info][gc,ergo     ] Free: 6999M, Max: 4096K regular, 5068M humongous, Frag: 28% external, 0% internal; Reserve: 412M, Max: 4096K
[131.359s][info][gc,stats    ] 
[131.359s][info][gc,stats    ] All times are wall-clock times, except per-root-class counters, that are sum over
[131.359s][info][gc,stats    ] all workers. Dividing the <total> over the root stage time estimates parallelism.
[131.359s][info][gc,stats    ] 
[131.359s][info][gc,stats    ] Concurrent Reset                  15086 us
[131.359s][info][gc,stats    ] Pause Init Mark (G)                 732 us
[131.359s][info][gc,stats    ] Pause Init Mark (N)                 148 us
[131.359s][info][gc,stats    ]   Update Region States               32 us
[131.359s][info][gc,stats    ] Concurrent Mark Roots              9539 us, parallelism: 0.94x
[131.359s][info][gc,stats    ]   CMR: <total>                     8930 us
[131.359s][info][gc,stats    ]   CMR: Thread Roots                8765 us, workers (us): 8765, ---, ---, 
[131.359s][info][gc,stats    ]   CMR: VM Strong Roots               33 us, workers (us):  33, ---, ---, 
[131.360s][info][gc,stats    ]   CMR: CLDG Roots                   132 us, workers (us): 132, ---, ---, 
[131.360s][info][gc,stats    ] Concurrent Marking                70809 us
[131.360s][info][gc,stats    ] Pause Final Mark (G)                601 us
[131.360s][info][gc,stats    ] Pause Final Mark (N)                244 us
[131.360s][info][gc,stats    ]   Finish Mark                        51 us
[131.360s][info][gc,stats    ]   Update Region States               33 us
[131.360s][info][gc,stats    ]   Choose Collection Set              77 us
[131.360s][info][gc,stats    ]   Rebuild Free Set                    9 us
[131.360s][info][gc,stats    ] Concurrent Thread Roots            8604 us, parallelism: 0.96x
[131.360s][info][gc,stats    ]   CTR: <total>                     8296 us
[131.360s][info][gc,stats    ]   CTR: Thread Roots                8296 us, workers (us): 8296, ---, ---, 
[131.360s][info][gc,stats    ] Concurrent Weak References         1287 us, parallelism: 0.82x
[131.360s][info][gc,stats    ]   CWRF: <total>                    1054 us
[131.360s][info][gc,stats    ]   CWRF: Weak References            1054 us, workers (us): 1054, ---, ---, 
[131.360s][info][gc,stats    ] Concurrent Weak Roots             12961 us
[131.360s][info][gc,stats    ]   Roots                           12597 us, parallelism: 0.99x
[131.360s][info][gc,stats    ]     CWR: <total>                  12523 us
[131.360s][info][gc,stats    ]     CWR: Code Cache Roots          9669 us, workers (us): 9669, ---, ---, 
[131.360s][info][gc,stats    ]     CWR: VM Weak Roots             2642 us, workers (us): 2642, ---, ---, 
[131.360s][info][gc,stats    ]     CWR: CLDG Roots                 212 us, workers (us): 212, ---, ---, 
[131.360s][info][gc,stats    ]   Rendezvous                        247 us
[131.360s][info][gc,stats    ] Concurrent Cleanup                  117 us
[131.360s][info][gc,stats    ] Concurrent Class Unloading        50541 us
[131.360s][info][gc,stats    ]   Unlink Stale                    46257 us
[131.360s][info][gc,stats    ]     System Dictionary               500 us
[131.360s][info][gc,stats    ]     Weak Class Links              16828 us
[131.360s][info][gc,stats    ]     Code Roots                    28926 us
[131.360s][info][gc,stats    ]   Rendezvous                       2016 us
[131.360s][info][gc,stats    ]   Purge Unlinked                   2183 us
[131.360s][info][gc,stats    ]     Code Roots                     2019 us
[131.360s][info][gc,stats    ]     CLDG                            163 us
[131.360s][info][gc,stats    ]     Exception Caches                  0 us
[131.360s][info][gc,stats    ] Concurrent Strong Roots             529 us, parallelism: 0.65x
[131.360s][info][gc,stats    ]   CSR: <total>                      345 us
[131.360s][info][gc,stats    ]   CSR: VM Strong Roots                9 us, workers (us):   9, ---, ---, 
[131.360s][info][gc,stats    ]   CSR: CLDG Roots                   337 us, workers (us): 337, ---, ---, 
[131.360s][info][gc,stats    ] Concurrent Evacuation              8359 us
[131.360s][info][gc,stats    ] Pause Init Update Refs (G)          158 us
[131.360s][info][gc,stats    ] Pause Init Update Refs (N)           76 us
[131.360s][info][gc,stats    ]   Manage GCLABs                      18 us
[131.360s][info][gc,stats    ] Concurrent Update Refs            73093 us
[131.360s][info][gc,stats    ] Concurrent Update Thread Roots     6620 us
[131.360s][info][gc,stats    ] Pause Final Update Refs (G)         265 us
[131.360s][info][gc,stats    ] Pause Final Update Refs (N)         156 us
[131.360s][info][gc,stats    ]   Update Region States               60 us
[131.360s][info][gc,stats    ]   Trash Collection Set               10 us
[131.360s][info][gc,stats    ]   Rebuild Free Set                   20 us
[131.360s][info][gc,stats    ] Concurrent Cleanup                  100 us
[131.360s][info][gc,stats    ] 
[131.360s][info][gc,stats    ] Allocation pacing accrued:
[131.360s][info][gc,stats    ]       0 of   595 ms (  0.0%): <total>
[131.360s][info][gc,stats    ]       0 of   595 ms (  0.0%): <average total>
[131.360s][info][gc,stats    ] 
[131.360s][info][gc,metaspace] Metaspace: 156379K(157632K)->156395K(157632K) NonClass: 138340K(139008K)->138356K(139008K) Class: 18038K(18624K)->18039K(18624K)
[131.360s][info][gc,ergo     ] Pacer for Idle. Initial: 163M, Alloc Tax Rate: 1.0x
[132.296s][info][gc          ] Trigger: Explicit GC request (System.gc())
[132.296s][info][gc,ergo     ] Free: 5837M, Max: 4096K regular, 5068M humongous, Frag: 14% external, 0% internal; Reserve: 412M, Max: 4096K
[132.296s][info][gc,start    ] GC(126) Concurrent reset
[132.296s][info][gc,task     ] GC(126) Using 1 of 3 workers for concurrent reset
[132.296s][info][gc,ergo     ] GC(126) Pacer for Reset. Non-Taxable: 8192M
[132.301s][info][gc          ] GC(126) Concurrent reset 4.424ms
[132.301s][info][gc,start    ] GC(126) Pause Init Mark (unload classes)
[132.301s][info][gc,task     ] GC(126) Using 3 of 3 workers for init marking
[132.301s][info][gc,ref      ] GC(126) Clearing All SoftReferences
[132.301s][info][gc,ergo     ] GC(126) Pacer for Mark. Expected Live: 151M, Free: 5837M, Non-Taxable: 583M, Alloc Tax Rate: 0.0x
[132.301s][info][gc          ] GC(126) Pause Init Mark (unload classes) 0.416ms
[132.301s][info][gc,start    ] GC(126) Concurrent marking roots
[132.301s][info][gc,task     ] GC(126) Using 1 of 3 workers for concurrent marking roots
[132.308s][info][gc          ] GC(126) Concurrent marking roots 6.994ms
[132.308s][info][gc,start    ] GC(126) Concurrent marking (unload classes)
[132.308s][info][gc,task     ] GC(126) Using 1 of 3 workers for concurrent marking
[132.362s][info][gc          ] GC(126) Concurrent marking (unload classes) 53.750ms
[132.362s][info][gc,start    ] GC(126) Pause Final Mark (unload classes)
[132.362s][info][gc,task     ] GC(126) Using 3 of 3 workers for final marking
[132.362s][info][gc,ergo     ] GC(126) Adaptive CSet Selection. Target Free: 1160M, Actual Free: 6815M, Max CSet: 341M, Min Garbage: 0B
[132.363s][info][gc,ergo     ] GC(126) Collectable Garbage: 1539M (99%), Immediate: 575M (37%), CSet: 963M (62%)
[132.363s][info][gc,ergo     ] GC(126) Pacer for Evacuation. Used CSet: 972M, Free: 6679M, Non-Taxable: 667M, Alloc Tax Rate: 1.1x
[132.363s][info][gc          ] GC(126) Pause Final Mark (unload classes) 0.474ms
[132.363s][info][gc,start    ] GC(126) Concurrent thread roots
[132.363s][info][gc,task     ] GC(126) Using 1 of 3 workers for Concurrent thread roots
[132.369s][info][gc          ] GC(126) Concurrent thread roots 6.563ms
[132.369s][info][gc,start    ] GC(126) Concurrent weak references
[132.369s][info][gc,task     ] GC(126) Using 1 of 3 workers for concurrent weak references
[132.370s][info][gc,ref      ] GC(126) Encountered references: Soft: 3586, Weak: 17964, Final: 53, Phantom: 598
[132.370s][info][gc,ref      ] GC(126) Discovered  references: Soft: 1314, Weak: 6848, Final: 0, Phantom: 373
[132.370s][info][gc,ref      ] GC(126) Enqueued    references: Soft: 848, Weak: 3397, Final: 0, Phantom: 0
[132.370s][info][gc          ] GC(126) Concurrent weak references 0.785ms
[132.370s][info][gc,start    ] GC(126) Concurrent weak roots
[132.370s][info][gc,task     ] GC(126) Using 1 of 3 workers for concurrent weak root
[132.380s][info][gc          ] GC(126) Concurrent weak roots 9.645ms
[132.380s][info][gc,start    ] GC(126) Concurrent cleanup
[132.380s][info][gc          ] GC(126) Concurrent cleanup 2114M->1538M(8192M) 0.040ms
[132.380s][info][gc,ergo     ] GC(126) Free: 6235M, Max: 4096K regular, 5100M humongous, Frag: 19% external, 0% internal; Reserve: 410M, Max: 4096K
[132.380s][info][gc,start    ] GC(126) Concurrent class unloading
[132.380s][info][gc,task     ] GC(126) Using 1 of 3 workers for concurrent class unloading
[132.430s][info][gc          ] GC(126) Concurrent class unloading 50.018ms
[132.430s][info][gc,start    ] GC(126) Concurrent strong roots
[132.430s][info][gc,task     ] GC(126) Using 1 of 3 workers for concurrent strong root
[132.430s][info][gc          ] GC(126) Concurrent strong roots 0.358ms
[132.430s][info][gc,start    ] GC(126) Concurrent evacuation
[132.430s][info][gc,task     ] GC(126) Using 1 of 3 workers for concurrent evacuation
[132.436s][info][gc          ] GC(126) Concurrent evacuation 5.410ms
[132.436s][info][gc,start    ] GC(126) Pause Init Update Refs
[132.436s][info][gc,ergo     ] GC(126) Pacer for Update Refs. Used: 1617M, Free: 6167M, Non-Taxable: 616M, Alloc Tax Rate: 1.1x
[132.436s][info][gc          ] GC(126) Pause Init Update Refs 0.093ms
[132.436s][info][gc,start    ] GC(126) Concurrent update references
[132.436s][info][gc,task     ] GC(126) Using 1 of 3 workers for concurrent reference update
[132.459s][info][gc          ] GC(126) Concurrent update references 23.244ms
[132.459s][info][gc,start    ] GC(126) Concurrent update thread roots
[132.467s][info][gc          ] GC(126) Concurrent update thread roots 7.322ms
[132.467s][info][gc,start    ] GC(126) Pause Final Update Refs
[132.467s][info][gc,task     ] GC(126) Using 3 of 3 workers for final reference update
[132.467s][info][gc          ] GC(126) Pause Final Update Refs 0.163ms
[132.467s][info][gc,start    ] GC(126) Concurrent cleanup
[132.467s][info][gc          ] GC(126) Concurrent cleanup 1617M->644M(8192M) 0.076ms
[132.467s][info][gc,ergo     ] Free: 7135M, Max: 4096K regular, 5220M humongous, Frag: 27% external, 0% internal; Reserve: 412M, Max: 4096K
[132.467s][info][gc,stats    ] 
[132.467s][info][gc,stats    ] All times are wall-clock times, except per-root-class counters, that are sum over
[132.467s][info][gc,stats    ] all workers. Dividing the <total> over the root stage time estimates parallelism.
[132.467s][info][gc,stats    ] 
[132.467s][info][gc,stats    ] Concurrent Reset                   4482 us
[132.467s][info][gc,stats    ] Pause Init Mark (G)                 632 us
[132.467s][info][gc,stats    ] Pause Init Mark (N)                 438 us
[132.467s][info][gc,stats    ]   Update Region States              225 us
[132.467s][info][gc,stats    ] Concurrent Mark Roots              7046 us, parallelism: 0.96x
[132.467s][info][gc,stats    ]   CMR: <total>                     6747 us
[132.467s][info][gc,stats    ]   CMR: Thread Roots                6591 us, workers (us): 6591, ---, ---, 
[132.467s][info][gc,stats    ]   CMR: VM Strong Roots               17 us, workers (us):  17, ---, ---, 
[132.467s][info][gc,stats    ]   CMR: CLDG Roots                   138 us, workers (us): 138, ---, ---, 
[132.467s][info][gc,stats    ] Concurrent Marking                53816 us
[132.467s][info][gc,stats    ] Pause Final Mark (G)                620 us
[132.467s][info][gc,stats    ] Pause Final Mark (N)                496 us
[132.467s][info][gc,stats    ]   Finish Mark                        79 us
[132.467s][info][gc,stats    ]   Update Region States               57 us
[132.467s][info][gc,stats    ]   Choose Collection Set             212 us
[132.467s][info][gc,stats    ]   Rebuild Free Set                   25 us
[132.467s][info][gc,stats    ] Concurrent Thread Roots            6612 us, parallelism: 0.97x
[132.467s][info][gc,stats    ]   CTR: <total>                     6444 us
[132.467s][info][gc,stats    ]   CTR: Thread Roots                6444 us, workers (us): 6444, ---, ---, 
[132.467s][info][gc,stats    ] Concurrent Weak References          793 us, parallelism: 0.85x
[132.467s][info][gc,stats    ]   CWRF: <total>                     672 us
[132.467s][info][gc,stats    ]   CWRF: Weak References             672 us, workers (us): 672, ---, ---, 
[132.467s][info][gc,stats    ] Concurrent Weak Roots              9686 us
[132.467s][info][gc,stats    ]   Roots                            9444 us, parallelism: 1.00x
[132.467s][info][gc,stats    ]     CWR: <total>                   9413 us
[132.467s][info][gc,stats    ]     CWR: Code Cache Roots          8537 us, workers (us): 8537, ---, ---, 
[132.467s][info][gc,stats    ]     CWR: VM Weak Roots              792 us, workers (us): 792, ---, ---, 
[132.467s][info][gc,stats    ]     CWR: CLDG Roots                  85 us, workers (us):  85, ---, ---, 
[132.467s][info][gc,stats    ]   Rendezvous                        181 us
[132.467s][info][gc,stats    ] Concurrent Cleanup                   51 us
[132.467s][info][gc,stats    ] Concurrent Class Unloading        50070 us
[132.467s][info][gc,stats    ]   Unlink Stale                    47705 us
[132.467s][info][gc,stats    ]     System Dictionary              1827 us
[132.467s][info][gc,stats    ]     Weak Class Links              17337 us
[132.467s][info][gc,stats    ]     Code Roots                    28538 us
[132.467s][info][gc,stats    ]   Rendezvous                        198 us
[132.467s][info][gc,stats    ]   Purge Unlinked                   2094 us
[132.467s][info][gc,stats    ]     Code Roots                     1195 us
[132.467s][info][gc,stats    ]     CLDG                            897 us
[132.467s][info][gc,stats    ]     Exception Caches                  0 us
[132.467s][info][gc,stats    ] Concurrent Strong Roots             386 us, parallelism: 0.62x
[132.467s][info][gc,stats    ]   CSR: <total>                      240 us
[132.467s][info][gc,stats    ]   CSR: VM Strong Roots                9 us, workers (us):   9, ---, ---, 
[132.467s][info][gc,stats    ]   CSR: CLDG Roots                   232 us, workers (us): 232, ---, ---, 
[132.467s][info][gc,stats    ] Concurrent Evacuation              5429 us
[132.467s][info][gc,stats    ] Pause Init Update Refs (G)          182 us
[132.467s][info][gc,stats    ] Pause Init Update Refs (N)          102 us
[132.467s][info][gc,stats    ]   Manage GCLABs                      35 us
[132.467s][info][gc,stats    ] Concurrent Update Refs            23307 us
[132.467s][info][gc,stats    ] Concurrent Update Thread Roots     7347 us
[132.467s][info][gc,stats    ] Pause Final Update Refs (G)         240 us
[132.467s][info][gc,stats    ] Pause Final Update Refs (N)         181 us
[132.467s][info][gc,stats    ]   Update Region States               87 us
[132.467s][info][gc,stats    ]   Trash Collection Set               11 us
[132.467s][info][gc,stats    ]   Rebuild Free Set                   21 us
[132.467s][info][gc,stats    ] Concurrent Cleanup                   99 us
[132.467s][info][gc,stats    ] 
[132.467s][info][gc,stats    ] Allocation pacing accrued:
[132.468s][info][gc,stats    ]       0 of  1107 ms (  0.0%): <total>
[132.468s][info][gc,stats    ]       0 of  1107 ms (  0.0%): <average total>
[132.468s][info][gc,stats    ] 
[132.468s][info][gc,metaspace] Metaspace: 156551K(157760K)->155515K(157632K) NonClass: 138489K(139072K)->137625K(139008K) Class: 18061K(18688K)->17890K(18624K)
[132.468s][info][gc,ergo     ] Pacer for Idle. Initial: 163M, Alloc Tax Rate: 1.0x
[132.796s][info][gc          ] Trigger: Learning 2 of 5. Free (5623M) is below initial threshold (5734M)
[132.797s][info][gc,ergo     ] Free: 5623M, Max: 4096K regular, 5220M humongous, Frag: 8% external, 0% internal; Reserve: 412M, Max: 4096K
[132.797s][info][gc,start    ] GC(127) Concurrent reset
[132.797s][info][gc,task     ] GC(127) Using 1 of 3 workers for concurrent reset
[132.797s][info][gc,ergo     ] GC(127) Pacer for Reset. Non-Taxable: 8192M
[132.807s][info][gc          ] GC(127) Concurrent reset 10.358ms
[132.828s][info][gc,start    ] GC(127) Pause Init Mark (unload classes)
[132.828s][info][gc,task     ] GC(127) Using 3 of 3 workers for init marking
[132.828s][info][gc,ergo     ] GC(127) Pacer for Mark. Expected Live: 141M, Free: 5555M, Non-Taxable: 555M, Alloc Tax Rate: 0.0x
[132.828s][info][gc          ] GC(127) Pause Init Mark (unload classes) 0.284ms
[132.828s][info][gc,start    ] GC(127) Concurrent marking roots
[132.828s][info][gc,task     ] GC(127) Using 1 of 3 workers for concurrent marking roots
[132.838s][info][gc          ] GC(127) Concurrent marking roots 9.756ms
[132.838s][info][gc,start    ] GC(127) Concurrent marking (unload classes)
[132.838s][info][gc,task     ] GC(127) Using 1 of 3 workers for concurrent marking
[132.909s][info][gc          ] GC(127) Concurrent marking (unload classes) 71.003ms
[132.909s][info][gc,start    ] GC(127) Pause Final Mark (unload classes)
[132.909s][info][gc,task     ] GC(127) Using 3 of 3 workers for final marking
[132.909s][info][gc,ergo     ] GC(127) Adaptive CSet Selection. Target Free: 1160M, Actual Free: 6565M, Max CSet: 341M, Min Garbage: 0B
[132.909s][info][gc,ergo     ] GC(127) Collectable Garbage: 2011M (99%), Immediate: 933M (46%), CSet: 1078M (53%)
[132.909s][info][gc,ergo     ] GC(127) Pacer for Evacuation. Used CSet: 1140M, Free: 6189M, Non-Taxable: 618M, Alloc Tax Rate: 1.1x
[132.909s][info][gc          ] GC(127) Pause Final Mark (unload classes) 0.247ms
[132.910s][info][gc,start    ] GC(127) Concurrent thread roots
[132.910s][info][gc,task     ] GC(127) Using 1 of 3 workers for Concurrent thread roots
[132.918s][info][gc          ] GC(127) Concurrent thread roots 8.703ms
[132.919s][info][gc,start    ] GC(127) Concurrent weak references
[132.919s][info][gc,task     ] GC(127) Using 1 of 3 workers for concurrent weak references
[132.920s][info][gc,ref      ] GC(127) Encountered references: Soft: 3714, Weak: 14992, Final: 53, Phantom: 598
[132.920s][info][gc,ref      ] GC(127) Discovered  references: Soft: 0, Weak: 7755, Final: 0, Phantom: 278
[132.920s][info][gc,ref      ] GC(127) Enqueued    references: Soft: 0, Weak: 211, Final: 0, Phantom: 0
[132.920s][info][gc          ] GC(127) Concurrent weak references 1.163ms
[132.920s][info][gc,start    ] GC(127) Concurrent weak roots
[132.920s][info][gc,task     ] GC(127) Using 1 of 3 workers for concurrent weak root
[132.929s][info][gc          ] GC(127) Concurrent weak roots 9.754ms
[132.930s][info][gc,start    ] GC(127) Concurrent cleanup
[132.930s][info][gc          ] GC(127) Concurrent cleanup 2664M->1730M(8192M) 0.038ms
[132.930s][info][gc,ergo     ] GC(127) Free: 6091M, Max: 4096K regular, 5124M humongous, Frag: 16% external, 0% internal; Reserve: 347M, Max: 4096K
[132.930s][info][gc,start    ] GC(127) Concurrent class unloading
[132.930s][info][gc,task     ] GC(127) Using 1 of 3 workers for concurrent class unloading
[132.979s][info][gc          ] GC(127) Concurrent class unloading 49.799ms
[132.979s][info][gc,start    ] GC(127) Concurrent strong roots
[132.979s][info][gc,task     ] GC(127) Using 1 of 3 workers for concurrent strong root
[132.980s][info][gc          ] GC(127) Concurrent strong roots 0.572ms
[132.980s][info][gc,start    ] GC(127) Concurrent evacuation
[132.980s][info][gc,task     ] GC(127) Using 1 of 3 workers for concurrent evacuation
[132.990s][info][gc          ] GC(127) Concurrent evacuation 10.165ms
[132.990s][info][gc,start    ] GC(127) Pause Init Update Refs
[132.990s][info][gc,ergo     ] GC(127) Pacer for Update Refs. Used: 1794M, Free: 6031M, Non-Taxable: 603M, Alloc Tax Rate: 1.1x
[132.990s][info][gc          ] GC(127) Pause Init Update Refs 0.067ms
[132.990s][info][gc,start    ] GC(127) Concurrent update references
[132.990s][info][gc,task     ] GC(127) Using 1 of 3 workers for concurrent reference update
[133.064s][info][gc          ] GC(127) Concurrent update references 73.935ms
[133.064s][info][gc,start    ] GC(127) Concurrent update thread roots
[133.071s][info][gc          ] GC(127) Concurrent update thread roots 6.409ms
[133.071s][info][gc,start    ] GC(127) Pause Final Update Refs
[133.071s][info][gc,task     ] GC(127) Using 3 of 3 workers for final reference update
[133.071s][info][gc          ] GC(127) Pause Final Update Refs 0.119ms
[133.071s][info][gc,start    ] GC(127) Concurrent cleanup
[133.071s][info][gc          ] GC(127) Concurrent cleanup 1857M->717M(8192M) 0.066ms
[133.071s][info][gc,ergo     ] Free: 7018M, Max: 4096K regular, 5056M humongous, Frag: 28% external, 0% internal; Reserve: 412M, Max: 4096K
[133.071s][info][gc,stats    ] 
[133.071s][info][gc,stats    ] All times are wall-clock times, except per-root-class counters, that are sum over
[133.071s][info][gc,stats    ] all workers. Dividing the <total> over the root stage time estimates parallelism.
[133.071s][info][gc,stats    ] 
[133.071s][info][gc,stats    ] Concurrent Reset                  10482 us
[133.071s][info][gc,stats    ] Pause Init Mark (G)               20754 us
[133.071s][info][gc,stats    ] Pause Init Mark (N)                 307 us
[133.071s][info][gc,stats    ]   Update Region States               76 us
[133.071s][info][gc,stats    ] Concurrent Mark Roots              9895 us, parallelism: 0.94x
[133.071s][info][gc,stats    ]   CMR: <total>                     9256 us
[133.071s][info][gc,stats    ]   CMR: Thread Roots                8988 us, workers (us): 8988, ---, ---, 
[133.071s][info][gc,stats    ]   CMR: VM Strong Roots               36 us, workers (us):  36, ---, ---, 
[133.071s][info][gc,stats    ]   CMR: CLDG Roots                   232 us, workers (us): 232, ---, ---, 
[133.071s][info][gc,stats    ] Concurrent Marking                71076 us
[133.071s][info][gc,stats    ] Pause Final Mark (G)                741 us
[133.071s][info][gc,stats    ] Pause Final Mark (N)                255 us
[133.071s][info][gc,stats    ]   Finish Mark                        78 us
[133.071s][info][gc,stats    ]   Update Region States               29 us
[133.071s][info][gc,stats    ]   Choose Collection Set              67 us
[133.071s][info][gc,stats    ]   Rebuild Free Set                    9 us
[133.071s][info][gc,stats    ] Concurrent Thread Roots            8783 us, parallelism: 0.97x
[133.071s][info][gc,stats    ]   CTR: <total>                     8538 us
[133.071s][info][gc,stats    ]   CTR: Thread Roots                8538 us, workers (us): 8538, ---, ---, 
[133.071s][info][gc,stats    ] Concurrent Weak References         1177 us, parallelism: 0.86x
[133.071s][info][gc,stats    ]   CWRF: <total>                    1017 us
[133.071s][info][gc,stats    ]   CWRF: Weak References            1017 us, workers (us): 1017, ---, ---, 
[133.071s][info][gc,stats    ] Concurrent Weak Roots              9803 us
[133.071s][info][gc,stats    ]   Roots                            9549 us, parallelism: 0.99x
[133.071s][info][gc,stats    ]     CWR: <total>                   9480 us
[133.071s][info][gc,stats    ]     CWR: Code Cache Roots          7619 us, workers (us): 7619, ---, ---, 
[133.071s][info][gc,stats    ]     CWR: VM Weak Roots             1753 us, workers (us): 1753, ---, ---, 
[133.071s][info][gc,stats    ]     CWR: CLDG Roots                 109 us, workers (us): 109, ---, ---, 
[133.072s][info][gc,stats    ]   Rendezvous                        183 us
[133.072s][info][gc,stats    ] Concurrent Cleanup                   47 us
[133.072s][info][gc,stats    ] Concurrent Class Unloading        49840 us
[133.072s][info][gc,stats    ]   Unlink Stale                    47919 us
[133.072s][info][gc,stats    ]     System Dictionary               386 us
[133.072s][info][gc,stats    ]     Weak Class Links              16337 us
[133.072s][info][gc,stats    ]     Code Roots                    31194 us
[133.072s][info][gc,stats    ]   Rendezvous                        164 us
[133.072s][info][gc,stats    ]   Purge Unlinked                   1696 us
[133.072s][info][gc,stats    ]     Code Roots                     1621 us
[133.072s][info][gc,stats    ]     CLDG                             74 us
[133.072s][info][gc,stats    ]     Exception Caches                  0 us
[133.072s][info][gc,stats    ] Concurrent Strong Roots             601 us, parallelism: 0.65x
[133.072s][info][gc,stats    ]   CSR: <total>                      393 us
[133.072s][info][gc,stats    ]   CSR: VM Strong Roots               10 us, workers (us):  10, ---, ---, 
[133.072s][info][gc,stats    ]   CSR: CLDG Roots                   383 us, workers (us): 383, ---, ---, 
[133.072s][info][gc,stats    ] Concurrent Evacuation             10231 us
[133.072s][info][gc,stats    ] Pause Init Update Refs (G)          183 us
[133.072s][info][gc,stats    ] Pause Init Update Refs (N)           76 us
[133.072s][info][gc,stats    ]   Manage GCLABs                      18 us
[133.072s][info][gc,stats    ] Concurrent Update Refs            74000 us
[133.072s][info][gc,stats    ] Concurrent Update Thread Roots     6471 us
[133.072s][info][gc,stats    ] Pause Final Update Refs (G)         205 us
[133.072s][info][gc,stats    ] Pause Final Update Refs (N)         129 us
[133.072s][info][gc,stats    ]   Update Region States               46 us
[133.072s][info][gc,stats    ]   Trash Collection Set                9 us
[133.072s][info][gc,stats    ]   Rebuild Free Set                   18 us
[133.072s][info][gc,stats    ] Concurrent Cleanup                   84 us
[133.072s][info][gc,stats    ] 
[133.072s][info][gc,stats    ] Allocation pacing accrued:
[133.072s][info][gc,stats    ]       0 of   604 ms (  0.0%): <total>
[133.072s][info][gc,stats    ]       0 of   604 ms (  0.0%): <average total>
[133.072s][info][gc,stats    ] 
[133.072s][info][gc,metaspace] Metaspace: 156369K(157632K)->156397K(157632K) NonClass: 138333K(139008K)->138358K(139008K) Class: 18035K(18624K)->18039K(18624K)
[133.072s][info][gc,ergo     ] Pacer for Idle. Initial: 163M, Alloc Tax Rate: 1.0x
[134.000s][info][gc          ] Trigger: Explicit GC request (System.gc())
[134.000s][info][gc,ergo     ] Free: 5838M, Max: 4096K regular, 5056M humongous, Frag: 14% external, 0% internal; Reserve: 412M, Max: 4096K
[134.000s][info][gc,start    ] GC(128) Concurrent reset
[134.000s][info][gc,task     ] GC(128) Using 1 of 3 workers for concurrent reset
[134.000s][info][gc,ergo     ] GC(128) Pacer for Reset. Non-Taxable: 8192M
[134.006s][info][gc          ] GC(128) Concurrent reset 5.833ms
[134.006s][info][gc,start    ] GC(128) Pause Init Mark (unload classes)
[134.006s][info][gc,task     ] GC(128) Using 3 of 3 workers for init marking
[134.006s][info][gc,ref      ] GC(128) Clearing All SoftReferences
[134.007s][info][gc,ergo     ] GC(128) Pacer for Mark. Expected Live: 151M, Free: 5838M, Non-Taxable: 583M, Alloc Tax Rate: 0.0x
[134.007s][info][gc          ] GC(128) Pause Init Mark (unload classes) 0.138ms
[134.007s][info][gc,start    ] GC(128) Concurrent marking roots
[134.007s][info][gc,task     ] GC(128) Using 1 of 3 workers for concurrent marking roots
[134.014s][info][gc          ] GC(128) Concurrent marking roots 7.495ms
[134.014s][info][gc,start    ] GC(128) Concurrent marking (unload classes)
[134.014s][info][gc,task     ] GC(128) Using 1 of 3 workers for concurrent marking
[134.067s][info][gc          ] GC(128) Concurrent marking (unload classes) 52.902ms
[134.067s][info][gc,start    ] GC(128) Pause Final Mark (unload classes)
[134.067s][info][gc,task     ] GC(128) Using 3 of 3 workers for final marking
[134.067s][info][gc,ergo     ] GC(128) Adaptive CSet Selection. Target Free: 1160M, Actual Free: 6796M, Max CSet: 341M, Min Garbage: 0B
[134.067s][info][gc,ergo     ] GC(128) Collectable Garbage: 1539M (99%), Immediate: 564M (36%), CSet: 975M (63%)
[134.067s][info][gc,ergo     ] GC(128) Pacer for Evacuation. Used CSet: 986M, Free: 6659M, Non-Taxable: 665M, Alloc Tax Rate: 1.1x
[134.067s][info][gc          ] GC(128) Pause Final Mark (unload classes) 0.341ms
[134.068s][info][gc,start    ] GC(128) Concurrent thread roots
[134.068s][info][gc,task     ] GC(128) Using 1 of 3 workers for Concurrent thread roots
[134.074s][info][gc          ] GC(128) Concurrent thread roots 6.920ms
[134.075s][info][gc,start    ] GC(128) Concurrent weak references
[134.075s][info][gc,task     ] GC(128) Using 1 of 3 workers for concurrent weak references
[134.076s][info][gc,ref      ] GC(128) Encountered references: Soft: 3586, Weak: 17968, Final: 53, Phantom: 598
[134.076s][info][gc,ref      ] GC(128) Discovered  references: Soft: 1314, Weak: 6851, Final: 0, Phantom: 373
[134.076s][info][gc,ref      ] GC(128) Enqueued    references: Soft: 848, Weak: 3400, Final: 0, Phantom: 0
[134.076s][info][gc          ] GC(128) Concurrent weak references 1.061ms
[134.076s][info][gc,start    ] GC(128) Concurrent weak roots
[134.076s][info][gc,task     ] GC(128) Using 1 of 3 workers for concurrent weak root
[134.085s][info][gc          ] GC(128) Concurrent weak roots 9.669ms
[134.085s][info][gc,start    ] GC(128) Concurrent cleanup
[134.085s][info][gc          ] GC(128) Concurrent cleanup 2105M->1544M(8192M) 0.048ms
[134.085s][info][gc,ergo     ] GC(128) Free: 6227M, Max: 4096K regular, 5096M humongous, Frag: 19% external, 0% internal; Reserve: 410M, Max: 4096K
[134.085s][info][gc,start    ] GC(128) Concurrent class unloading
[134.085s][info][gc,task     ] GC(128) Using 1 of 3 workers for concurrent class unloading
[134.136s][info][gc          ] GC(128) Concurrent class unloading 50.999ms
[134.136s][info][gc,start    ] GC(128) Concurrent strong roots
[134.136s][info][gc,task     ] GC(128) Using 1 of 3 workers for concurrent strong root
[134.137s][info][gc          ] GC(128) Concurrent strong roots 0.326ms
[134.137s][info][gc,start    ] GC(128) Concurrent evacuation
[134.137s][info][gc,task     ] GC(128) Using 1 of 3 workers for concurrent evacuation
[134.144s][info][gc          ] GC(128) Concurrent evacuation 7.318ms
[134.144s][info][gc,start    ] GC(128) Pause Init Update Refs
[134.144s][info][gc,ergo     ] GC(128) Pacer for Update Refs. Used: 1642M, Free: 6139M, Non-Taxable: 613M, Alloc Tax Rate: 1.1x
[134.144s][info][gc          ] GC(128) Pause Init Update Refs 0.077ms
[134.144s][info][gc,start    ] GC(128) Concurrent update references
[134.144s][info][gc,task     ] GC(128) Using 1 of 3 workers for concurrent reference update
[134.168s][info][gc          ] GC(128) Concurrent update references 23.352ms
[134.168s][info][gc,start    ] GC(128) Concurrent update thread roots
[134.175s][info][gc          ] GC(128) Concurrent update thread roots 7.177ms
[134.175s][info][gc,start    ] GC(128) Pause Final Update Refs
[134.175s][info][gc,task     ] GC(128) Using 3 of 3 workers for final reference update
[134.175s][info][gc          ] GC(128) Pause Final Update Refs 0.134ms
[134.175s][info][gc,start    ] GC(128) Concurrent cleanup
[134.175s][info][gc          ] GC(128) Concurrent cleanup 1642M->656M(8192M) 0.077ms
[134.175s][info][gc,ergo     ] Free: 7123M, Max: 4096K regular, 5224M humongous, Frag: 27% external, 0% internal; Reserve: 412M, Max: 4096K
[134.175s][info][gc,stats    ] 
[134.175s][info][gc,stats    ] All times are wall-clock times, except per-root-class counters, that are sum over
[134.175s][info][gc,stats    ] all workers. Dividing the <total> over the root stage time estimates parallelism.
[134.175s][info][gc,stats    ] 
[134.175s][info][gc,stats    ] Concurrent Reset                   5899 us
[134.175s][info][gc,stats    ] Pause Init Mark (G)                 288 us
[134.175s][info][gc,stats    ] Pause Init Mark (N)                 147 us
[134.175s][info][gc,stats    ]   Update Region States               58 us
[134.175s][info][gc,stats    ] Concurrent Mark Roots              7544 us, parallelism: 0.96x
[134.175s][info][gc,stats    ]   CMR: <total>                     7222 us
[134.175s][info][gc,stats    ]   CMR: Thread Roots                7126 us, workers (us): 7126, ---, ---, 
[134.175s][info][gc,stats    ]   CMR: VM Strong Roots               10 us, workers (us):  10, ---, ---, 
[134.175s][info][gc,stats    ]   CMR: CLDG Roots                    86 us, workers (us):  86, ---, ---, 
[134.175s][info][gc,stats    ] Concurrent Marking                52981 us
[134.175s][info][gc,stats    ] Pause Final Mark (G)                428 us
[134.175s][info][gc,stats    ] Pause Final Mark (N)                350 us
[134.176s][info][gc,stats    ]   Finish Mark                       104 us
[134.176s][info][gc,stats    ]   Update Region States               60 us
[134.176s][info][gc,stats    ]   Choose Collection Set              87 us
[134.176s][info][gc,stats    ]   Rebuild Free Set                    9 us
[134.176s][info][gc,stats    ] Concurrent Thread Roots            6973 us, parallelism: 0.98x
[134.176s][info][gc,stats    ]   CTR: <total>                     6824 us
[134.176s][info][gc,stats    ]   CTR: Thread Roots                6824 us, workers (us): 6824, ---, ---, 
[134.176s][info][gc,stats    ] Concurrent Weak References         1069 us, parallelism: 0.81x
[134.176s][info][gc,stats    ]   CWRF: <total>                     860 us
[134.176s][info][gc,stats    ]   CWRF: Weak References             860 us, workers (us): 860, ---, ---, 
[134.176s][info][gc,stats    ] Concurrent Weak Roots              9709 us
[134.176s][info][gc,stats    ]   Roots                            9479 us, parallelism: 1.00x
[134.176s][info][gc,stats    ]     CWR: <total>                   9441 us
[134.176s][info][gc,stats    ]     CWR: Code Cache Roots          8574 us, workers (us): 8574, ---, ---, 
[134.176s][info][gc,stats    ]     CWR: VM Weak Roots              787 us, workers (us): 787, ---, ---, 
[134.176s][info][gc,stats    ]     CWR: CLDG Roots                  80 us, workers (us):  80, ---, ---, 
[134.176s][info][gc,stats    ]   Rendezvous                        171 us
[134.176s][info][gc,stats    ] Concurrent Cleanup                   57 us
[134.176s][info][gc,stats    ] Concurrent Class Unloading        51046 us
[134.176s][info][gc,stats    ]   Unlink Stale                    48478 us
[134.176s][info][gc,stats    ]     System Dictionary              1804 us
[134.176s][info][gc,stats    ]     Weak Class Links              17700 us
[134.176s][info][gc,stats    ]     Code Roots                    28972 us
[134.176s][info][gc,stats    ]   Rendezvous                        245 us
[134.176s][info][gc,stats    ]   Purge Unlinked                   2256 us
[134.176s][info][gc,stats    ]     Code Roots                     1144 us
[134.176s][info][gc,stats    ]     CLDG                           1112 us
[134.176s][info][gc,stats    ]     Exception Caches                  0 us
[134.176s][info][gc,stats    ] Concurrent Strong Roots             346 us, parallelism: 0.64x
[134.176s][info][gc,stats    ]   CSR: <total>                      221 us
[134.176s][info][gc,stats    ]   CSR: VM Strong Roots               10 us, workers (us):  10, ---, ---, 
[134.176s][info][gc,stats    ]   CSR: CLDG Roots                   211 us, workers (us): 211, ---, ---, 
[134.176s][info][gc,stats    ] Concurrent Evacuation              7389 us
[134.176s][info][gc,stats    ] Pause Init Update Refs (G)          197 us
[134.176s][info][gc,stats    ] Pause Init Update Refs (N)           86 us
[134.176s][info][gc,stats    ]   Manage GCLABs                      31 us
[134.176s][info][gc,stats    ] Concurrent Update Refs            23419 us
[134.176s][info][gc,stats    ] Concurrent Update Thread Roots     7214 us
[134.176s][info][gc,stats    ] Pause Final Update Refs (G)         241 us
[134.176s][info][gc,stats    ] Pause Final Update Refs (N)         152 us
[134.176s][info][gc,stats    ]   Update Region States               68 us
[134.176s][info][gc,stats    ]   Trash Collection Set                9 us
[134.176s][info][gc,stats    ]   Rebuild Free Set                   18 us
[134.176s][info][gc,stats    ] Concurrent Cleanup                   97 us
[134.176s][info][gc,stats    ] 
[134.176s][info][gc,stats    ] Allocation pacing accrued:
[134.176s][info][gc,stats    ]       0 of  1104 ms (  0.0%): <total>
[134.176s][info][gc,stats    ]       0 of  1104 ms (  0.0%): <average total>
[134.176s][info][gc,stats    ] 
[134.176s][info][gc,metaspace] Metaspace: 156552K(157760K)->155516K(157632K) NonClass: 138491K(139072K)->137626K(139008K) Class: 18061K(18688K)->17890K(18624K)
[134.176s][info][gc,ergo     ] Pacer for Idle. Initial: 163M, Alloc Tax Rate: 1.0x
[134.505s][info][gc          ] Trigger: Learning 2 of 5. Free (5615M) is below initial threshold (5734M)
[134.505s][info][gc,ergo     ] Free: 5615M, Max: 4096K regular, 5224M humongous, Frag: 7% external, 0% internal; Reserve: 412M, Max: 4096K
[134.505s][info][gc,start    ] GC(129) Concurrent reset
[134.505s][info][gc,task     ] GC(129) Using 1 of 3 workers for concurrent reset
[134.505s][info][gc,ergo     ] GC(129) Pacer for Reset. Non-Taxable: 8192M
[134.519s][info][gc          ] GC(129) Concurrent reset 14.170ms
[134.520s][info][gc,start    ] GC(129) Pause Init Mark (unload classes)
[134.520s][info][gc,task     ] GC(129) Using 3 of 3 workers for init marking
[134.520s][info][gc,ergo     ] GC(129) Pacer for Mark. Expected Live: 141M, Free: 5519M, Non-Taxable: 551M, Alloc Tax Rate: 0.0x
[134.520s][info][gc          ] GC(129) Pause Init Mark (unload classes) 0.129ms
[134.520s][info][gc,start    ] GC(129) Concurrent marking roots
[134.520s][info][gc,task     ] GC(129) Using 1 of 3 workers for concurrent marking roots
[134.529s][info][gc          ] GC(129) Concurrent marking roots 9.091ms
[134.529s][info][gc,start    ] GC(129) Concurrent marking (unload classes)
[134.529s][info][gc,task     ] GC(129) Using 1 of 3 workers for concurrent marking
[134.599s][info][gc          ] GC(129) Concurrent marking (unload classes) 69.980ms
[134.599s][info][gc,start    ] GC(129) Pause Final Mark (unload classes)
[134.599s][info][gc,task     ] GC(129) Using 3 of 3 workers for final marking
[134.599s][info][gc,ergo     ] GC(129) Adaptive CSet Selection. Target Free: 1160M, Actual Free: 6621M, Max CSet: 341M, Min Garbage: 0B
[134.599s][info][gc,ergo     ] GC(129) Collectable Garbage: 2048M (99%), Immediate: 1001M (48%), CSet: 1046M (50%)
[134.599s][info][gc,ergo     ] GC(129) Pacer for Evacuation. Used CSet: 1108M, Free: 6245M, Non-Taxable: 624M, Alloc Tax Rate: 1.1x
[134.599s][info][gc          ] GC(129) Pause Final Mark (unload classes) 0.237ms
[134.599s][info][gc,start    ] GC(129) Concurrent thread roots
[134.599s][info][gc,task     ] GC(129) Using 1 of 3 workers for Concurrent thread roots
[134.607s][info][gc          ] GC(129) Concurrent thread roots 7.235ms
[134.607s][info][gc,start    ] GC(129) Concurrent weak references
[134.607s][info][gc,task     ] GC(129) Using 1 of 3 workers for concurrent weak references
[134.607s][info][gc,ref      ] GC(129) Encountered references: Soft: 3716, Weak: 14990, Final: 53, Phantom: 598
[134.607s][info][gc,ref      ] GC(129) Discovered  references: Soft: 0, Weak: 8242, Final: 0, Phantom: 278
[134.607s][info][gc,ref      ] GC(129) Enqueued    references: Soft: 0, Weak: 213, Final: 0, Phantom: 0
[134.607s][info][gc          ] GC(129) Concurrent weak references 0.640ms
[134.607s][info][gc,start    ] GC(129) Concurrent weak roots
[134.607s][info][gc,task     ] GC(129) Using 1 of 3 workers for concurrent weak root
[134.617s][info][gc          ] GC(129) Concurrent weak roots 9.178ms
[134.617s][info][gc,start    ] GC(129) Concurrent cleanup
[134.617s][info][gc          ] GC(129) Concurrent cleanup 2634M->1632M(8192M) 0.039ms
[134.617s][info][gc,ergo     ] GC(129) Free: 6151M, Max: 4096K regular, 5116M humongous, Frag: 17% external, 0% internal; Reserve: 387M, Max: 4096K
[134.617s][info][gc,start    ] GC(129) Concurrent class unloading
[134.617s][info][gc,task     ] GC(129) Using 1 of 3 workers for concurrent class unloading
[134.670s][info][gc          ] GC(129) Concurrent class unloading 53.173ms
[134.670s][info][gc,start    ] GC(129) Concurrent strong roots
[134.670s][info][gc,task     ] GC(129) Using 1 of 3 workers for concurrent strong root
[134.670s][info][gc          ] GC(129) Concurrent strong roots 0.445ms
[134.670s][info][gc,start    ] GC(129) Concurrent evacuation
[134.670s][info][gc,task     ] GC(129) Using 1 of 3 workers for concurrent evacuation
[134.679s][info][gc          ] GC(129) Concurrent evacuation 9.082ms
[134.680s][info][gc,start    ] GC(129) Pause Init Update Refs
[134.680s][info][gc,ergo     ] GC(129) Pacer for Update Refs. Used: 1735M, Free: 6087M, Non-Taxable: 608M, Alloc Tax Rate: 1.1x
[134.680s][info][gc          ] GC(129) Pause Init Update Refs 0.106ms
[134.680s][info][gc,start    ] GC(129) Concurrent update references
[134.680s][info][gc,task     ] GC(129) Using 1 of 3 workers for concurrent reference update
[134.748s][info][gc          ] GC(129) Concurrent update references 68.260ms
[134.748s][info][gc,start    ] GC(129) Concurrent update thread roots
[134.754s][info][gc          ] GC(129) Concurrent update thread roots 6.231ms
[134.754s][info][gc,start    ] GC(129) Pause Final Update Refs
[134.755s][info][gc,task     ] GC(129) Using 3 of 3 workers for final reference update
[134.755s][info][gc          ] GC(129) Pause Final Update Refs 0.156ms
[134.755s][info][gc,start    ] GC(129) Concurrent cleanup
[134.755s][info][gc          ] GC(129) Concurrent cleanup 1806M->697M(8192M) 0.112ms
[134.755s][info][gc,ergo     ] Free: 7038M, Max: 4096K regular, 5048M humongous, Frag: 29% external, 0% internal; Reserve: 412M, Max: 4096K
[134.755s][info][gc,stats    ] 
[134.755s][info][gc,stats    ] All times are wall-clock times, except per-root-class counters, that are sum over
[134.755s][info][gc,stats    ] all workers. Dividing the <total> over the root stage time estimates parallelism.
[134.755s][info][gc,stats    ] 
[134.755s][info][gc,stats    ] Concurrent Reset                  14275 us
[134.755s][info][gc,stats    ] Pause Init Mark (G)                 441 us
[134.755s][info][gc,stats    ] Pause Init Mark (N)                 142 us
[134.755s][info][gc,stats    ]   Update Region States               32 us
[134.755s][info][gc,stats    ] Concurrent Mark Roots              9240 us, parallelism: 0.94x
[134.755s][info][gc,stats    ]   CMR: <total>                     8685 us
[134.755s][info][gc,stats    ]   CMR: Thread Roots                8538 us, workers (us): 8538, ---, ---, 
[134.755s][info][gc,stats    ]   CMR: VM Strong Roots               22 us, workers (us):  22, ---, ---, 
[134.755s][info][gc,stats    ]   CMR: CLDG Roots                   125 us, workers (us): 125, ---, ---, 
[134.755s][info][gc,stats    ] Concurrent Marking                70031 us
[134.755s][info][gc,stats    ] Pause Final Mark (G)                333 us
[134.755s][info][gc,stats    ] Pause Final Mark (N)                246 us
[134.755s][info][gc,stats    ]   Finish Mark                        75 us
[134.755s][info][gc,stats    ]   Update Region States               28 us
[134.755s][info][gc,stats    ]   Choose Collection Set              63 us
[134.755s][info][gc,stats    ]   Rebuild Free Set                    9 us
[134.755s][info][gc,stats    ] Concurrent Thread Roots            7290 us, parallelism: 0.98x
[134.755s][info][gc,stats    ]   CTR: <total>                     7176 us
[134.755s][info][gc,stats    ]   CTR: Thread Roots                7176 us, workers (us): 7176, ---, ---, 
[134.755s][info][gc,stats    ] Concurrent Weak References          648 us, parallelism: 0.87x
[134.755s][info][gc,stats    ]   CWRF: <total>                     567 us
[134.755s][info][gc,stats    ]   CWRF: Weak References             567 us, workers (us): 567, ---, ---, 
[134.755s][info][gc,stats    ] Concurrent Weak Roots              9221 us
[134.755s][info][gc,stats    ]   Roots                            8995 us, parallelism: 1.00x
[134.755s][info][gc,stats    ]     CWR: <total>                   8951 us
[134.755s][info][gc,stats    ]     CWR: Code Cache Roots          7458 us, workers (us): 7458, ---, ---, 
[134.755s][info][gc,stats    ]     CWR: VM Weak Roots             1393 us, workers (us): 1393, ---, ---, 
[134.756s][info][gc,stats    ]     CWR: CLDG Roots                 100 us, workers (us): 100, ---, ---, 
[134.756s][info][gc,stats    ]   Rendezvous                        164 us
[134.756s][info][gc,stats    ] Concurrent Cleanup                   47 us
[134.756s][info][gc,stats    ] Concurrent Class Unloading        53221 us
[134.756s][info][gc,stats    ]   Unlink Stale                    51616 us
[134.756s][info][gc,stats    ]     System Dictionary               413 us
[134.756s][info][gc,stats    ]     Weak Class Links              16176 us
[134.756s][info][gc,stats    ]     Code Roots                    35024 us
[134.756s][info][gc,stats    ]   Rendezvous                        176 us
[134.756s][info][gc,stats    ]   Purge Unlinked                   1364 us
[134.756s][info][gc,stats    ]     Code Roots                     1284 us
[134.756s][info][gc,stats    ]     CLDG                             79 us
[134.756s][info][gc,stats    ]     Exception Caches                  0 us
[134.756s][info][gc,stats    ] Concurrent Strong Roots             467 us, parallelism: 0.72x
[134.756s][info][gc,stats    ]   CSR: <total>                      335 us
[134.756s][info][gc,stats    ]   CSR: VM Strong Roots                8 us, workers (us):   8, ---, ---, 
[134.756s][info][gc,stats    ]   CSR: CLDG Roots                   327 us, workers (us): 327, ---, ---, 
[134.756s][info][gc,stats    ] Concurrent Evacuation              9158 us
[134.756s][info][gc,stats    ] Pause Init Update Refs (G)          320 us
[134.756s][info][gc,stats    ] Pause Init Update Refs (N)          124 us
[134.756s][info][gc,stats    ]   Manage GCLABs                      25 us
[134.756s][info][gc,stats    ] Concurrent Update Refs            68317 us
[134.756s][info][gc,stats    ] Concurrent Update Thread Roots     6301 us
[134.756s][info][gc,stats    ] Pause Final Update Refs (G)         288 us
[134.756s][info][gc,stats    ] Pause Final Update Refs (N)         171 us
[134.756s][info][gc,stats    ]   Update Region States               67 us
[134.756s][info][gc,stats    ]   Trash Collection Set               11 us
[134.756s][info][gc,stats    ]   Rebuild Free Set                   20 us
[134.756s][info][gc,stats    ] Concurrent Cleanup                  139 us
[134.756s][info][gc,stats    ] 
[134.756s][info][gc,stats    ] Allocation pacing accrued:
[134.756s][info][gc,stats    ]       0 of   580 ms (  0.0%): <total>
[134.756s][info][gc,stats    ]       0 of   580 ms (  0.0%): <average total>
[134.756s][info][gc,stats    ] 
[134.756s][info][gc,metaspace] Metaspace: 156376K(157632K)->156397K(157632K) NonClass: 138338K(139008K)->138357K(139008K) Class: 18037K(18624K)->18039K(18624K)
[134.756s][info][gc,ergo     ] Pacer for Idle. Initial: 163M, Alloc Tax Rate: 1.0x
[135.680s][info][gc          ] Trigger: Explicit GC request (System.gc())
[135.680s][info][gc,ergo     ] Free: 5873M, Max: 4096K regular, 5048M humongous, Frag: 14% external, 0% internal; Reserve: 412M, Max: 4096K
[135.681s][info][gc,start    ] GC(130) Concurrent reset
[135.681s][info][gc,task     ] GC(130) Using 1 of 3 workers for concurrent reset
[135.681s][info][gc,ergo     ] GC(130) Pacer for Reset. Non-Taxable: 8192M
[135.685s][info][gc          ] GC(130) Concurrent reset 4.966ms
[135.686s][info][gc,start    ] GC(130) Pause Init Mark (unload classes)
[135.686s][info][gc,task     ] GC(130) Using 3 of 3 workers for init marking
[135.686s][info][gc,ref      ] GC(130) Clearing All SoftReferences
[135.686s][info][gc,ergo     ] GC(130) Pacer for Mark. Expected Live: 152M, Free: 5873M, Non-Taxable: 587M, Alloc Tax Rate: 0.0x
[135.686s][info][gc          ] GC(130) Pause Init Mark (unload classes) 0.199ms
[135.686s][info][gc,start    ] GC(130) Concurrent marking roots
[135.686s][info][gc,task     ] GC(130) Using 1 of 3 workers for concurrent marking roots
[135.693s][info][gc          ] GC(130) Concurrent marking roots 6.912ms
[135.693s][info][gc,start    ] GC(130) Concurrent marking (unload classes)
[135.693s][info][gc,task     ] GC(130) Using 1 of 3 workers for concurrent marking
[135.746s][info][gc          ] GC(130) Concurrent marking (unload classes) 52.717ms
[135.746s][info][gc,start    ] GC(130) Pause Final Mark (unload classes)
[135.746s][info][gc,task     ] GC(130) Using 3 of 3 workers for final marking
[135.746s][info][gc,ergo     ] GC(130) Adaptive CSet Selection. Target Free: 1160M, Actual Free: 6803M, Max CSet: 341M, Min Garbage: 0B
[135.746s][info][gc,ergo     ] GC(130) Collectable Garbage: 1503M (99%), Immediate: 531M (35%), CSet: 972M (64%)
[135.746s][info][gc,ergo     ] GC(130) Pacer for Evacuation. Used CSet: 979M, Free: 6667M, Non-Taxable: 666M, Alloc Tax Rate: 1.1x
[135.746s][info][gc          ] GC(130) Pause Final Mark (unload classes) 0.309ms
[135.746s][info][gc,start    ] GC(130) Concurrent thread roots
[135.746s][info][gc,task     ] GC(130) Using 1 of 3 workers for Concurrent thread roots
[135.753s][info][gc          ] GC(130) Concurrent thread roots 6.532ms
[135.753s][info][gc,start    ] GC(130) Concurrent weak references
[135.753s][info][gc,task     ] GC(130) Using 1 of 3 workers for concurrent weak references
[135.753s][info][gc,ref      ] GC(130) Encountered references: Soft: 3588, Weak: 17964, Final: 53, Phantom: 598
[135.753s][info][gc,ref      ] GC(130) Discovered  references: Soft: 1316, Weak: 6848, Final: 0, Phantom: 373
[135.753s][info][gc,ref      ] GC(130) Enqueued    references: Soft: 850, Weak: 3397, Final: 0, Phantom: 0
[135.753s][info][gc          ] GC(130) Concurrent weak references 0.847ms
[135.754s][info][gc,start    ] GC(130) Concurrent weak roots
[135.754s][info][gc,task     ] GC(130) Using 1 of 3 workers for concurrent weak root
[135.763s][info][gc          ] GC(130) Concurrent weak roots 9.890ms
[135.763s][info][gc,start    ] GC(130) Concurrent cleanup
[135.763s][info][gc          ] GC(130) Concurrent cleanup 2105M->1573M(8192M) 0.040ms
[135.763s][info][gc,ergo     ] GC(130) Free: 6199M, Max: 4096K regular, 5084M humongous, Frag: 18% external, 0% internal; Reserve: 410M, Max: 4096K
[135.764s][info][gc,start    ] GC(130) Concurrent class unloading
[135.764s][info][gc,task     ] GC(130) Using 1 of 3 workers for concurrent class unloading
[135.814s][info][gc          ] GC(130) Concurrent class unloading 50.327ms
[135.814s][info][gc,start    ] GC(130) Concurrent strong roots
[135.814s][info][gc,task     ] GC(130) Using 1 of 3 workers for concurrent strong root
[135.814s][info][gc          ] GC(130) Concurrent strong roots 0.323ms
[135.814s][info][gc,start    ] GC(130) Concurrent evacuation
[135.814s][info][gc,task     ] GC(130) Using 1 of 3 workers for concurrent evacuation
[135.820s][info][gc          ] GC(130) Concurrent evacuation 5.671ms
[135.820s][info][gc,start    ] GC(130) Pause Init Update Refs
[135.820s][info][gc,ergo     ] GC(130) Pacer for Update Refs. Used: 1623M, Free: 6155M, Non-Taxable: 615M, Alloc Tax Rate: 1.1x
[135.820s][info][gc          ] GC(130) Pause Init Update Refs 0.148ms
[135.820s][info][gc,start    ] GC(130) Concurrent update references
[135.820s][info][gc,task     ] GC(130) Using 1 of 3 workers for concurrent reference update
[135.842s][info][gc          ] GC(130) Concurrent update references 22.131ms
[135.842s][info][gc,start    ] GC(130) Concurrent update thread roots
[135.850s][info][gc          ] GC(130) Concurrent update thread roots 7.478ms
[135.850s][info][gc,start    ] GC(130) Pause Final Update Refs
[135.850s][info][gc,task     ] GC(130) Using 3 of 3 workers for final reference update
[135.850s][info][gc          ] GC(130) Pause Final Update Refs 0.126ms
[135.850s][info][gc,start    ] GC(130) Concurrent cleanup
[135.850s][info][gc          ] GC(130) Concurrent cleanup 1623M->644M(8192M) 0.102ms
[135.850s][info][gc,ergo     ] Free: 7135M, Max: 4096K regular, 5224M humongous, Frag: 27% external, 0% internal; Reserve: 412M, Max: 4096K
[135.850s][info][gc,stats    ] 
[135.850s][info][gc,stats    ] All times are wall-clock times, except per-root-class counters, that are sum over
[135.851s][info][gc,stats    ] all workers. Dividing the <total> over the root stage time estimates parallelism.
[135.851s][info][gc,stats    ] 
[135.851s][info][gc,stats    ] Concurrent Reset                   5061 us
[135.851s][info][gc,stats    ] Pause Init Mark (G)                 374 us
[135.851s][info][gc,stats    ] Pause Init Mark (N)                 215 us
[135.851s][info][gc,stats    ]   Update Region States               67 us
[135.851s][info][gc,stats    ] Concurrent Mark Roots              6968 us, parallelism: 0.95x
[135.851s][info][gc,stats    ]   CMR: <total>                     6632 us
[135.851s][info][gc,stats    ]   CMR: Thread Roots                6531 us, workers (us): 6531, ---, ---, 
[135.851s][info][gc,stats    ]   CMR: VM Strong Roots               12 us, workers (us):  12, ---, ---, 
[135.851s][info][gc,stats    ]   CMR: CLDG Roots                    88 us, workers (us):  88, ---, ---, 
[135.851s][info][gc,stats    ] Concurrent Marking                52765 us
[135.851s][info][gc,stats    ] Pause Final Mark (G)                387 us
[135.851s][info][gc,stats    ] Pause Final Mark (N)                317 us
[135.851s][info][gc,stats    ]   Finish Mark                        88 us
[135.851s][info][gc,stats    ]   Update Region States               64 us
[135.851s][info][gc,stats    ]   Choose Collection Set              83 us
[135.851s][info][gc,stats    ]   Rebuild Free Set                    9 us
[135.851s][info][gc,stats    ] Concurrent Thread Roots            6576 us, parallelism: 0.98x
[135.851s][info][gc,stats    ]   CTR: <total>                     6445 us
[135.851s][info][gc,stats    ]   CTR: Thread Roots                6445 us, workers (us): 6445, ---, ---, 
[135.851s][info][gc,stats    ] Concurrent Weak References          863 us, parallelism: 0.77x
[135.851s][info][gc,stats    ]   CWRF: <total>                     667 us
[135.851s][info][gc,stats    ]   CWRF: Weak References             667 us, workers (us): 667, ---, ---, 
[135.851s][info][gc,stats    ] Concurrent Weak Roots              9933 us
[135.851s][info][gc,stats    ]   Roots                            9690 us, parallelism: 0.99x
[135.851s][info][gc,stats    ]     CWR: <total>                   9630 us
[135.851s][info][gc,stats    ]     CWR: Code Cache Roots          8331 us, workers (us): 8331, ---, ---, 
[135.851s][info][gc,stats    ]     CWR: VM Weak Roots             1200 us, workers (us): 1200, ---, ---, 
[135.851s][info][gc,stats    ]     CWR: CLDG Roots                  99 us, workers (us):  99, ---, ---, 
[135.851s][info][gc,stats    ]   Rendezvous                        181 us
[135.851s][info][gc,stats    ] Concurrent Cleanup                   50 us
[135.851s][info][gc,stats    ] Concurrent Class Unloading        50373 us
[135.851s][info][gc,stats    ]   Unlink Stale                    47585 us
[135.851s][info][gc,stats    ]     System Dictionary              1866 us
[135.851s][info][gc,stats    ]     Weak Class Links              17437 us
[135.851s][info][gc,stats    ]     Code Roots                    28280 us
[135.851s][info][gc,stats    ]   Rendezvous                        317 us
[135.851s][info][gc,stats    ]   Purge Unlinked                   2404 us
[135.851s][info][gc,stats    ]     Code Roots                     1387 us
[135.851s][info][gc,stats    ]     CLDG                           1017 us
[135.851s][info][gc,stats    ]     Exception Caches                  0 us
[135.851s][info][gc,stats    ] Concurrent Strong Roots             340 us, parallelism: 0.64x
[135.851s][info][gc,stats    ]   CSR: <total>                      219 us
[135.851s][info][gc,stats    ]   CSR: VM Strong Roots                7 us, workers (us):   7, ---, ---, 
[135.851s][info][gc,stats    ]   CSR: CLDG Roots                   212 us, workers (us): 212, ---, ---, 
[135.851s][info][gc,stats    ] Concurrent Evacuation              5739 us
[135.851s][info][gc,stats    ] Pause Init Update Refs (G)          323 us
[135.851s][info][gc,stats    ] Pause Init Update Refs (N)          170 us
[135.851s][info][gc,stats    ]   Manage GCLABs                      48 us
[135.851s][info][gc,stats    ] Concurrent Update Refs            22201 us
[135.851s][info][gc,stats    ] Concurrent Update Thread Roots     7527 us
[135.851s][info][gc,stats    ] Pause Final Update Refs (G)         219 us
[135.851s][info][gc,stats    ] Pause Final Update Refs (N)         136 us
[135.851s][info][gc,stats    ]   Update Region States               54 us
[135.851s][info][gc,stats    ]   Trash Collection Set               11 us
[135.851s][info][gc,stats    ]   Rebuild Free Set                   21 us
[135.851s][info][gc,stats    ] Concurrent Cleanup                  128 us
[135.851s][info][gc,stats    ] 
[135.851s][info][gc,stats    ] Allocation pacing accrued:
[135.851s][info][gc,stats    ]       0 of  1095 ms (  0.0%): <total>
[135.851s][info][gc,stats    ]       0 of  1095 ms (  0.0%): <average total>
[135.851s][info][gc,stats    ] 
[135.851s][info][gc,metaspace] Metaspace: 156550K(157760K)->155519K(157632K) NonClass: 138489K(139072K)->137629K(139008K) Class: 18061K(18688K)->17890K(18624K)
[135.851s][info][gc,ergo     ] Pacer for Idle. Initial: 163M, Alloc Tax Rate: 1.0x
[136.186s][info][gc          ] Trigger: Learning 2 of 5. Free (5619M) is below initial threshold (5734M)
[136.186s][info][gc,ergo     ] Free: 5619M, Max: 4096K regular, 5224M humongous, Frag: 7% external, 0% internal; Reserve: 412M, Max: 4096K
[136.186s][info][gc,start    ] GC(131) Concurrent reset
[136.186s][info][gc,task     ] GC(131) Using 1 of 3 workers for concurrent reset
[136.186s][info][gc,ergo     ] GC(131) Pacer for Reset. Non-Taxable: 8192M
[136.201s][info][gc          ] GC(131) Concurrent reset 14.925ms
[136.202s][info][gc,start    ] GC(131) Pause Init Mark (unload classes)
[136.202s][info][gc,task     ] GC(131) Using 3 of 3 workers for init marking
[136.202s][info][gc,ergo     ] GC(131) Pacer for Mark. Expected Live: 141M, Free: 5511M, Non-Taxable: 551M, Alloc Tax Rate: 0.0x
[136.202s][info][gc          ] GC(131) Pause Init Mark (unload classes) 0.121ms
[136.202s][info][gc,start    ] GC(131) Concurrent marking roots
[136.202s][info][gc,task     ] GC(131) Using 1 of 3 workers for concurrent marking roots
[136.211s][info][gc          ] GC(131) Concurrent marking roots 9.166ms
[136.211s][info][gc,start    ] GC(131) Concurrent marking (unload classes)
[136.211s][info][gc,task     ] GC(131) Using 1 of 3 workers for concurrent marking
[136.280s][info][gc          ] GC(131) Concurrent marking (unload classes) 68.741ms
[136.280s][info][gc,start    ] GC(131) Pause Final Mark (unload classes)
[136.280s][info][gc,task     ] GC(131) Using 3 of 3 workers for final marking
[136.280s][info][gc,ergo     ] GC(131) Adaptive CSet Selection. Target Free: 1160M, Actual Free: 6599M, Max CSet: 341M, Min Garbage: 0B
[136.280s][info][gc,ergo     ] GC(131) Collectable Garbage: 2052M (99%), Immediate: 971M (47%), CSet: 1080M (52%)
[136.280s][info][gc,ergo     ] GC(131) Pacer for Evacuation. Used CSet: 1141M, Free: 6224M, Non-Taxable: 622M, Alloc Tax Rate: 1.1x
[136.280s][info][gc          ] GC(131) Pause Final Mark (unload classes) 0.249ms
[136.280s][info][gc,start    ] GC(131) Concurrent thread roots
[136.280s][info][gc,task     ] GC(131) Using 1 of 3 workers for Concurrent thread roots
[136.287s][info][gc          ] GC(131) Concurrent thread roots 6.986ms
[136.287s][info][gc,start    ] GC(131) Concurrent weak references
[136.287s][info][gc,task     ] GC(131) Using 1 of 3 workers for concurrent weak references
[136.287s][info][gc,ref      ] GC(131) Encountered references: Soft: 3716, Weak: 14992, Final: 53, Phantom: 598
[136.287s][info][gc,ref      ] GC(131) Discovered  references: Soft: 0, Weak: 2804, Final: 0, Phantom: 278
[136.287s][info][gc,ref      ] GC(131) Enqueued    references: Soft: 0, Weak: 214, Final: 0, Phantom: 0
[136.287s][info][gc          ] GC(131) Concurrent weak references 0.293ms
[136.287s][info][gc,start    ] GC(131) Concurrent weak roots
[136.288s][info][gc,task     ] GC(131) Using 1 of 3 workers for concurrent weak root
[136.296s][info][gc          ] GC(131) Concurrent weak roots 8.815ms
[136.296s][info][gc,start    ] GC(131) Concurrent cleanup
[136.296s][info][gc          ] GC(131) Concurrent cleanup 2601M->1630M(8192M) 0.037ms
[136.296s][info][gc,ergo     ] GC(131) Free: 6131M, Max: 4096K regular, 5124M humongous, Frag: 17% external, 0% internal; Reserve: 410M, Max: 4096K
[136.296s][info][gc,start    ] GC(131) Concurrent class unloading
[136.296s][info][gc,task     ] GC(131) Using 1 of 3 workers for concurrent class unloading
[136.350s][info][gc          ] GC(131) Concurrent class unloading 53.913ms
[136.350s][info][gc,start    ] GC(131) Concurrent strong roots
[136.350s][info][gc,task     ] GC(131) Using 1 of 3 workers for concurrent strong root
[136.351s][info][gc          ] GC(131) Concurrent strong roots 0.481ms
[136.351s][info][gc,start    ] GC(131) Concurrent evacuation
[136.351s][info][gc,task     ] GC(131) Using 1 of 3 workers for concurrent evacuation
[136.359s][info][gc          ] GC(131) Concurrent evacuation 7.658ms
[136.359s][info][gc,start    ] GC(131) Pause Init Update Refs
[136.359s][info][gc,ergo     ] GC(131) Pacer for Update Refs. Used: 1756M, Free: 6067M, Non-Taxable: 606M, Alloc Tax Rate: 1.1x
[136.359s][info][gc          ] GC(131) Pause Init Update Refs 0.084ms
[136.359s][info][gc,start    ] GC(131) Concurrent update references
[136.359s][info][gc,task     ] GC(131) Using 1 of 3 workers for concurrent reference update
[136.423s][info][gc          ] GC(131) Concurrent update references 64.616ms
[136.423s][info][gc,start    ] GC(131) Concurrent update thread roots
[136.431s][info][gc          ] GC(131) Concurrent update thread roots 7.584ms
[136.431s][info][gc,start    ] GC(131) Pause Final Update Refs
[136.431s][info][gc,task     ] GC(131) Using 3 of 3 workers for final reference update
[136.431s][info][gc          ] GC(131) Pause Final Update Refs 0.175ms
[136.431s][info][gc,start    ] GC(131) Concurrent cleanup
[136.431s][info][gc          ] GC(131) Concurrent cleanup 1826M->684M(8192M) 0.081ms
[136.432s][info][gc,ergo     ] Free: 7051M, Max: 4096K regular, 5052M humongous, Frag: 29% external, 0% internal; Reserve: 412M, Max: 4096K
[136.432s][info][gc,stats    ] 
[136.432s][info][gc,stats    ] All times are wall-clock times, except per-root-class counters, that are sum over
[136.432s][info][gc,stats    ] all workers. Dividing the <total> over the root stage time estimates parallelism.
[136.432s][info][gc,stats    ] 
[136.432s][info][gc,stats    ] Concurrent Reset                  15050 us
[136.432s][info][gc,stats    ] Pause Init Mark (G)                 368 us
[136.432s][info][gc,stats    ] Pause Init Mark (N)                 129 us
[136.432s][info][gc,stats    ]   Update Region States               42 us
[136.432s][info][gc,stats    ] Concurrent Mark Roots              9315 us, parallelism: 0.94x
[136.432s][info][gc,stats    ]   CMR: <total>                     8734 us
[136.432s][info][gc,stats    ]   CMR: Thread Roots                8582 us, workers (us): 8582, ---, ---, 
[136.432s][info][gc,stats    ]   CMR: VM Strong Roots               26 us, workers (us):  26, ---, ---, 
[136.432s][info][gc,stats    ]   CMR: CLDG Roots                   126 us, workers (us): 126, ---, ---, 
[136.432s][info][gc,stats    ] Concurrent Marking                68779 us
[136.432s][info][gc,stats    ] Pause Final Mark (G)                351 us
[136.432s][info][gc,stats    ] Pause Final Mark (N)                258 us
[136.432s][info][gc,stats    ]   Finish Mark                        86 us
[136.432s][info][gc,stats    ]   Update Region States               33 us
[136.432s][info][gc,stats    ]   Choose Collection Set              75 us
[136.432s][info][gc,stats    ]   Rebuild Free Set                    9 us
[136.432s][info][gc,stats    ] Concurrent Thread Roots            7053 us, parallelism: 0.98x
[136.432s][info][gc,stats    ]   CTR: <total>                     6921 us
[136.432s][info][gc,stats    ]   CTR: Thread Roots                6921 us, workers (us): 6921, ---, ---, 
[136.432s][info][gc,stats    ] Concurrent Weak References          302 us, parallelism: 0.59x
[136.432s][info][gc,stats    ]   CWRF: <total>                     178 us
[136.432s][info][gc,stats    ]   CWRF: Weak References             178 us, workers (us): 178, ---, ---, 
[136.432s][info][gc,stats    ] Concurrent Weak Roots              8856 us
[136.432s][info][gc,stats    ]   Roots                            8624 us, parallelism: 0.99x
[136.432s][info][gc,stats    ]     CWR: <total>                   8574 us
[136.432s][info][gc,stats    ]     CWR: Code Cache Roots          7127 us, workers (us): 7127, ---, ---, 
[136.432s][info][gc,stats    ]     CWR: VM Weak Roots             1344 us, workers (us): 1344, ---, ---, 
[136.432s][info][gc,stats    ]     CWR: CLDG Roots                 102 us, workers (us): 102, ---, ---, 
[136.432s][info][gc,stats    ]   Rendezvous                        170 us
[136.432s][info][gc,stats    ] Concurrent Cleanup                   46 us
[136.432s][info][gc,stats    ] Concurrent Class Unloading        53963 us
[136.432s][info][gc,stats    ]   Unlink Stale                    52070 us
[136.432s][info][gc,stats    ]     System Dictionary               407 us
[136.432s][info][gc,stats    ]     Weak Class Links              16270 us
[136.432s][info][gc,stats    ]     Code Roots                    35392 us
[136.432s][info][gc,stats    ]   Rendezvous                        178 us
[136.432s][info][gc,stats    ]   Purge Unlinked                   1645 us
[136.432s][info][gc,stats    ]     Code Roots                     1572 us
[136.432s][info][gc,stats    ]     CLDG                             73 us
[136.432s][info][gc,stats    ]     Exception Caches                  0 us
[136.432s][info][gc,stats    ] Concurrent Strong Roots             493 us, parallelism: 0.71x
[136.432s][info][gc,stats    ]   CSR: <total>                      348 us
[136.432s][info][gc,stats    ]   CSR: VM Strong Roots               14 us, workers (us):  14, ---, ---, 
[136.432s][info][gc,stats    ]   CSR: CLDG Roots                   334 us, workers (us): 334, ---, ---, 
[136.432s][info][gc,stats    ] Concurrent Evacuation              7699 us
[136.432s][info][gc,stats    ] Pause Init Update Refs (G)          185 us
[136.432s][info][gc,stats    ] Pause Init Update Refs (N)           98 us
[136.432s][info][gc,stats    ]   Manage GCLABs                      19 us
[136.432s][info][gc,stats    ] Concurrent Update Refs            64683 us
[136.432s][info][gc,stats    ] Concurrent Update Thread Roots     7643 us
[136.432s][info][gc,stats    ] Pause Final Update Refs (G)         313 us
[136.432s][info][gc,stats    ] Pause Final Update Refs (N)         197 us
[136.432s][info][gc,stats    ]   Update Region States               74 us
[136.432s][info][gc,stats    ]   Trash Collection Set                9 us
[136.432s][info][gc,stats    ]   Rebuild Free Set                   18 us
[136.432s][info][gc,stats    ] Concurrent Cleanup                  101 us
[136.432s][info][gc,stats    ] 
[136.432s][info][gc,stats    ] Allocation pacing accrued:
[136.432s][info][gc,stats    ]       0 of   581 ms (  0.0%): <total>
[136.432s][info][gc,stats    ]       0 of   581 ms (  0.0%): <average total>
[136.432s][info][gc,stats    ] 
[136.432s][info][gc,metaspace] Metaspace: 156393K(157632K)->156414K(157632K) NonClass: 138354K(139008K)->138374K(139008K) Class: 18039K(18624K)->18039K(18624K)
[136.432s][info][gc,ergo     ] Pacer for Idle. Initial: 163M, Alloc Tax Rate: 1.0x
[137.365s][info][gc          ] Trigger: Explicit GC request (System.gc())
[137.366s][info][gc,ergo     ] Free: 5885M, Max: 4096K regular, 5052M humongous, Frag: 15% external, 0% internal; Reserve: 412M, Max: 4096K
[137.366s][info][gc,start    ] GC(132) Concurrent reset
[137.366s][info][gc,task     ] GC(132) Using 1 of 3 workers for concurrent reset
[137.366s][info][gc,ergo     ] GC(132) Pacer for Reset. Non-Taxable: 8192M
[137.372s][info][gc          ] GC(132) Concurrent reset 6.176ms
[137.372s][info][gc,start    ] GC(132) Pause Init Mark (unload classes)
[137.372s][info][gc,task     ] GC(132) Using 3 of 3 workers for init marking
[137.372s][info][gc,ref      ] GC(132) Clearing All SoftReferences
[137.372s][info][gc,ergo     ] GC(132) Pacer for Mark. Expected Live: 153M, Free: 5885M, Non-Taxable: 588M, Alloc Tax Rate: 0.0x
[137.372s][info][gc          ] GC(132) Pause Init Mark (unload classes) 0.329ms
[137.372s][info][gc,start    ] GC(132) Concurrent marking roots
[137.372s][info][gc,task     ] GC(132) Using 1 of 3 workers for concurrent marking roots
[137.379s][info][gc          ] GC(132) Concurrent marking roots 6.943ms
[137.379s][info][gc,start    ] GC(132) Concurrent marking (unload classes)
[137.379s][info][gc,task     ] GC(132) Using 1 of 3 workers for concurrent marking
[137.433s][info][gc          ] GC(132) Concurrent marking (unload classes) 53.472ms
[137.433s][info][gc,start    ] GC(132) Pause Final Mark (unload classes)
[137.433s][info][gc,task     ] GC(132) Using 3 of 3 workers for final marking
[137.433s][info][gc,ergo     ] GC(132) Adaptive CSet Selection. Target Free: 1160M, Actual Free: 6832M, Max CSet: 341M, Min Garbage: 0B
[137.434s][info][gc,ergo     ] GC(132) Collectable Garbage: 1489M (99%), Immediate: 548M (36%), CSet: 940M (62%)
[137.434s][info][gc,ergo     ] GC(132) Pacer for Evacuation. Used CSet: 945M, Free: 6695M, Non-Taxable: 669M, Alloc Tax Rate: 1.1x
[137.434s][info][gc          ] GC(132) Pause Final Mark (unload classes) 0.622ms
[137.434s][info][gc,start    ] GC(132) Concurrent thread roots
[137.434s][info][gc,task     ] GC(132) Using 1 of 3 workers for Concurrent thread roots
[137.440s][info][gc          ] GC(132) Concurrent thread roots 6.491ms
[137.440s][info][gc,start    ] GC(132) Concurrent weak references
[137.440s][info][gc,task     ] GC(132) Using 1 of 3 workers for concurrent weak references
[137.441s][info][gc,ref      ] GC(132) Encountered references: Soft: 3588, Weak: 17968, Final: 53, Phantom: 598
[137.441s][info][gc,ref      ] GC(132) Discovered  references: Soft: 1316, Weak: 6851, Final: 0, Phantom: 373
[137.441s][info][gc,ref      ] GC(132) Enqueued    references: Soft: 850, Weak: 3400, Final: 0, Phantom: 0
[137.441s][info][gc          ] GC(132) Concurrent weak references 1.136ms
[137.441s][info][gc,start    ] GC(132) Concurrent weak roots
[137.441s][info][gc,task     ] GC(132) Using 1 of 3 workers for concurrent weak root
[137.451s][info][gc          ] GC(132) Concurrent weak roots 9.760ms
[137.451s][info][gc,start    ] GC(132) Concurrent cleanup
[137.451s][info][gc          ] GC(132) Concurrent cleanup 2044M->1495M(8192M) 0.040ms
[137.451s][info][gc,ergo     ] GC(132) Free: 6275M, Max: 4096K regular, 5104M humongous, Frag: 19% external, 0% internal; Reserve: 410M, Max: 4096K
[137.451s][info][gc,start    ] GC(132) Concurrent class unloading
[137.451s][info][gc,task     ] GC(132) Using 1 of 3 workers for concurrent class unloading
[137.501s][info][gc          ] GC(132) Concurrent class unloading 49.708ms
[137.501s][info][gc,start    ] GC(132) Concurrent strong roots
[137.501s][info][gc,task     ] GC(132) Using 1 of 3 workers for concurrent strong root
[137.501s][info][gc          ] GC(132) Concurrent strong roots 0.322ms
[137.501s][info][gc,start    ] GC(132) Concurrent evacuation
[137.501s][info][gc,task     ] GC(132) Using 1 of 3 workers for concurrent evacuation
[137.505s][info][gc          ] GC(132) Concurrent evacuation 3.957ms
[137.505s][info][gc,start    ] GC(132) Pause Init Update Refs
[137.506s][info][gc,ergo     ] GC(132) Pacer for Update Refs. Used: 1600M, Free: 6175M, Non-Taxable: 617M, Alloc Tax Rate: 1.1x
[137.506s][info][gc          ] GC(132) Pause Init Update Refs 0.139ms
[137.506s][info][gc,start    ] GC(132) Concurrent update references
[137.506s][info][gc,task     ] GC(132) Using 1 of 3 workers for concurrent reference update
[137.528s][info][gc          ] GC(132) Concurrent update references 22.250ms
[137.528s][info][gc,start    ] GC(132) Concurrent update thread roots
[137.536s][info][gc          ] GC(132) Concurrent update thread roots 7.778ms
[137.536s][info][gc,start    ] GC(132) Pause Final Update Refs
[137.536s][info][gc,task     ] GC(132) Using 3 of 3 workers for final reference update
[137.536s][info][gc          ] GC(132) Pause Final Update Refs 0.225ms
[137.536s][info][gc,start    ] GC(132) Concurrent cleanup
[137.536s][info][gc          ] GC(132) Concurrent cleanup 1600M->655M(8192M) 0.104ms
[137.536s][info][gc,ergo     ] Free: 7124M, Max: 4096K regular, 5220M humongous, Frag: 27% external, 0% internal; Reserve: 412M, Max: 4096K
[137.537s][info][gc,stats    ] 
[137.537s][info][gc,stats    ] All times are wall-clock times, except per-root-class counters, that are sum over
[137.537s][info][gc,stats    ] all workers. Dividing the <total> over the root stage time estimates parallelism.
[137.537s][info][gc,stats    ] 
[137.537s][info][gc,stats    ] Concurrent Reset                   6250 us
[137.537s][info][gc,stats    ] Pause Init Mark (G)                 583 us
[137.537s][info][gc,stats    ] Pause Init Mark (N)                 350 us
[137.537s][info][gc,stats    ]   Update Region States              134 us
[137.537s][info][gc,stats    ] Concurrent Mark Roots              6992 us, parallelism: 0.95x
[137.537s][info][gc,stats    ]   CMR: <total>                     6610 us
[137.537s][info][gc,stats    ]   CMR: Thread Roots                6504 us, workers (us): 6504, ---, ---, 
[137.537s][info][gc,stats    ]   CMR: VM Strong Roots               21 us, workers (us):  21, ---, ---, 
[137.537s][info][gc,stats    ]   CMR: CLDG Roots                    85 us, workers (us):  85, ---, ---, 
[137.537s][info][gc,stats    ] Concurrent Marking                53538 us
[137.537s][info][gc,stats    ] Pause Final Mark (G)                799 us
[137.537s][info][gc,stats    ] Pause Final Mark (N)                644 us
[137.537s][info][gc,stats    ]   Finish Mark                       157 us
[137.537s][info][gc,stats    ]   Update Region States              106 us
[137.537s][info][gc,stats    ]   Choose Collection Set             192 us
[137.537s][info][gc,stats    ]   Rebuild Free Set                   25 us
[137.537s][info][gc,stats    ] Concurrent Thread Roots            6532 us, parallelism: 0.98x
[137.537s][info][gc,stats    ]   CTR: <total>                     6404 us
[137.537s][info][gc,stats    ]   CTR: Thread Roots                6404 us, workers (us): 6404, ---, ---, 
[137.537s][info][gc,stats    ] Concurrent Weak References         1144 us, parallelism: 0.83x
[137.537s][info][gc,stats    ]   CWRF: <total>                     945 us
[137.537s][info][gc,stats    ]   CWRF: Weak References             945 us, workers (us): 945, ---, ---, 
[137.537s][info][gc,stats    ] Concurrent Weak Roots              9798 us
[137.537s][info][gc,stats    ]   Roots                            9561 us, parallelism: 1.00x
[137.537s][info][gc,stats    ]     CWR: <total>                   9526 us
[137.537s][info][gc,stats    ]     CWR: Code Cache Roots          8669 us, workers (us): 8669, ---, ---, 
[137.537s][info][gc,stats    ]     CWR: VM Weak Roots              779 us, workers (us): 779, ---, ---, 
[137.537s][info][gc,stats    ]     CWR: CLDG Roots                  78 us, workers (us):  78, ---, ---, 
[137.537s][info][gc,stats    ]   Rendezvous                        180 us
[137.537s][info][gc,stats    ] Concurrent Cleanup                   50 us
[137.537s][info][gc,stats    ] Concurrent Class Unloading        49755 us
[137.537s][info][gc,stats    ]   Unlink Stale                    47426 us
[137.537s][info][gc,stats    ]     System Dictionary              1813 us
[137.537s][info][gc,stats    ]     Weak Class Links              17405 us
[137.537s][info][gc,stats    ]     Code Roots                    28206 us
[137.537s][info][gc,stats    ]   Rendezvous                        322 us
[137.537s][info][gc,stats    ]   Purge Unlinked                   1941 us
[137.537s][info][gc,stats    ]     Code Roots                     1134 us
[137.537s][info][gc,stats    ]     CLDG                            806 us
[137.537s][info][gc,stats    ]     Exception Caches                  0 us
[137.537s][info][gc,stats    ] Concurrent Strong Roots             341 us, parallelism: 0.64x
[137.537s][info][gc,stats    ]   CSR: <total>                      219 us
[137.537s][info][gc,stats    ]   CSR: VM Strong Roots                9 us, workers (us):   9, ---, ---, 
[137.537s][info][gc,stats    ]   CSR: CLDG Roots                   210 us, workers (us): 210, ---, ---, 
[137.537s][info][gc,stats    ] Concurrent Evacuation              4022 us
[137.537s][info][gc,stats    ] Pause Init Update Refs (G)          318 us
[137.537s][info][gc,stats    ] Pause Init Update Refs (N)          160 us
[137.537s][info][gc,stats    ]   Manage GCLABs                      39 us
[137.537s][info][gc,stats    ] Concurrent Update Refs            22318 us
[137.537s][info][gc,stats    ] Concurrent Update Thread Roots     7861 us
[137.537s][info][gc,stats    ] Pause Final Update Refs (G)         407 us
[137.537s][info][gc,stats    ] Pause Final Update Refs (N)         262 us
[137.537s][info][gc,stats    ]   Update Region States              107 us
[137.537s][info][gc,stats    ]   Trash Collection Set               15 us
[137.537s][info][gc,stats    ]   Rebuild Free Set                   30 us
[137.537s][info][gc,stats    ] Concurrent Cleanup                  130 us
[137.537s][info][gc,stats    ] 
[137.537s][info][gc,stats    ] Allocation pacing accrued:
[137.537s][info][gc,stats    ]       0 of  1105 ms (  0.0%): <total>
[137.537s][info][gc,stats    ]       0 of  1105 ms (  0.0%): <average total>
[137.537s][info][gc,stats    ] 
[137.537s][info][gc,metaspace] Metaspace: 156575K(157824K)->155542K(157696K) NonClass: 138513K(139136K)->137652K(139072K) Class: 18061K(18688K)->17890K(18624K)
[137.537s][info][gc,ergo     ] Pacer for Idle. Initial: 163M, Alloc Tax Rate: 1.0x
[137.872s][info][gc          ] Trigger: Learning 2 of 5. Free (5612M) is below initial threshold (5734M)
[137.872s][info][gc,ergo     ] Free: 5612M, Max: 4096K regular, 5220M humongous, Frag: 7% external, 0% internal; Reserve: 412M, Max: 4096K
[137.872s][info][gc,start    ] GC(133) Concurrent reset
[137.872s][info][gc,task     ] GC(133) Using 1 of 3 workers for concurrent reset
[137.872s][info][gc,ergo     ] GC(133) Pacer for Reset. Non-Taxable: 8192M
[137.886s][info][gc          ] GC(133) Concurrent reset 14.334ms
[137.887s][info][gc,start    ] GC(133) Pause Init Mark (unload classes)
[137.887s][info][gc,task     ] GC(133) Using 3 of 3 workers for init marking
[137.887s][info][gc,ergo     ] GC(133) Pacer for Mark. Expected Live: 142M, Free: 5512M, Non-Taxable: 551M, Alloc Tax Rate: 0.0x
[137.887s][info][gc          ] GC(133) Pause Init Mark (unload classes) 0.136ms
[137.887s][info][gc,start    ] GC(133) Concurrent marking roots
[137.887s][info][gc,task     ] GC(133) Using 1 of 3 workers for concurrent marking roots
[137.896s][info][gc          ] GC(133) Concurrent marking roots 9.061ms
[137.896s][info][gc,start    ] GC(133) Concurrent marking (unload classes)
[137.896s][info][gc,task     ] GC(133) Using 1 of 3 workers for concurrent marking
[137.965s][info][gc          ] GC(133) Concurrent marking (unload classes) 69.217ms
[137.965s][info][gc,start    ] GC(133) Pause Final Mark (unload classes)
[137.965s][info][gc,task     ] GC(133) Using 3 of 3 workers for final marking
[137.965s][info][gc,ergo     ] GC(133) Adaptive CSet Selection. Target Free: 1160M, Actual Free: 6574M, Max CSet: 341M, Min Garbage: 0B
[137.965s][info][gc,ergo     ] GC(133) Collectable Garbage: 2052M (99%), Immediate: 946M (45%), CSet: 1106M (53%)
[137.965s][info][gc,ergo     ] GC(133) Pacer for Evacuation. Used CSet: 1167M, Free: 6197M, Non-Taxable: 619M, Alloc Tax Rate: 1.1x
[137.965s][info][gc          ] GC(133) Pause Final Mark (unload classes) 0.230ms
[137.966s][info][gc,start    ] GC(133) Concurrent thread roots
[137.966s][info][gc,task     ] GC(133) Using 1 of 3 workers for Concurrent thread roots
[137.973s][info][gc          ] GC(133) Concurrent thread roots 7.073ms
[137.973s][info][gc,start    ] GC(133) Concurrent weak references
[137.973s][info][gc,task     ] GC(133) Using 1 of 3 workers for concurrent weak references
[137.973s][info][gc,ref      ] GC(133) Encountered references: Soft: 3714, Weak: 14985, Final: 53, Phantom: 598
[137.973s][info][gc,ref      ] GC(133) Discovered  references: Soft: 0, Weak: 8258, Final: 0, Phantom: 278
[137.973s][info][gc,ref      ] GC(133) Enqueued    references: Soft: 0, Weak: 212, Final: 0, Phantom: 0
[137.973s][info][gc          ] GC(133) Concurrent weak references 0.805ms
[137.973s][info][gc,start    ] GC(133) Concurrent weak roots
[137.974s][info][gc,task     ] GC(133) Using 1 of 3 workers for concurrent weak root
[137.982s][info][gc          ] GC(133) Concurrent weak roots 8.675ms
[137.982s][info][gc,start    ] GC(133) Concurrent cleanup
[137.982s][info][gc          ] GC(133) Concurrent cleanup 2598M->1651M(8192M) 0.067ms
[137.982s][info][gc,ergo     ] GC(133) Free: 6107M, Max: 4096K regular, 5128M humongous, Frag: 16% external, 0% internal; Reserve: 410M, Max: 4096K
[137.982s][info][gc,start    ] GC(133) Concurrent class unloading
[137.982s][info][gc,task     ] GC(133) Using 1 of 3 workers for concurrent class unloading
[138.037s][info][gc          ] GC(133) Concurrent class unloading 54.785ms
[138.037s][info][gc,start    ] GC(133) Concurrent strong roots
[138.037s][info][gc,task     ] GC(133) Using 1 of 3 workers for concurrent strong root
[138.038s][info][gc          ] GC(133) Concurrent strong roots 0.456ms
[138.038s][info][gc,start    ] GC(133) Concurrent evacuation
[138.038s][info][gc,task     ] GC(133) Using 1 of 3 workers for concurrent evacuation
[138.047s][info][gc          ] GC(133) Concurrent evacuation 9.445ms
[138.047s][info][gc,start    ] GC(133) Pause Init Update Refs
[138.047s][info][gc,ergo     ] GC(133) Pacer for Update Refs. Used: 1781M, Free: 6043M, Non-Taxable: 604M, Alloc Tax Rate: 1.1x
[138.048s][info][gc          ] GC(133) Pause Init Update Refs 0.082ms
[138.048s][info][gc,start    ] GC(133) Concurrent update references
[138.048s][info][gc,task     ] GC(133) Using 1 of 3 workers for concurrent reference update
[138.112s][info][gc          ] GC(133) Concurrent update references 64.872ms
[138.112s][info][gc,start    ] GC(133) Concurrent update thread roots
[138.119s][info][gc          ] GC(133) Concurrent update thread roots 6.519ms
[138.119s][info][gc,start    ] GC(133) Pause Final Update Refs
[138.119s][info][gc,task     ] GC(133) Using 3 of 3 workers for final reference update
[138.119s][info][gc          ] GC(133) Pause Final Update Refs 0.136ms
[138.119s][info][gc,start    ] GC(133) Concurrent cleanup
[138.119s][info][gc          ] GC(133) Concurrent cleanup 1847M->680M(8192M) 0.082ms
[138.119s][info][gc,ergo     ] Free: 7055M, Max: 4096K regular, 5056M humongous, Frag: 29% external, 0% internal; Reserve: 412M, Max: 4096K
[138.120s][info][gc,stats    ] 
[138.120s][info][gc,stats    ] All times are wall-clock times, except per-root-class counters, that are sum over
[138.120s][info][gc,stats    ] all workers. Dividing the <total> over the root stage time estimates parallelism.
[138.120s][info][gc,stats    ] 
[138.120s][info][gc,stats    ] Concurrent Reset                  14453 us
[138.120s][info][gc,stats    ] Pause Init Mark (G)                 343 us
[138.120s][info][gc,stats    ] Pause Init Mark (N)                 146 us
[138.120s][info][gc,stats    ]   Update Region States               42 us
[138.120s][info][gc,stats    ] Concurrent Mark Roots              9191 us, parallelism: 0.95x
[138.120s][info][gc,stats    ]   CMR: <total>                     8744 us
[138.120s][info][gc,stats    ]   CMR: Thread Roots                8519 us, workers (us): 8519, ---, ---, 
[138.120s][info][gc,stats    ]   CMR: VM Strong Roots               21 us, workers (us):  21, ---, ---, 
[138.120s][info][gc,stats    ]   CMR: CLDG Roots                   204 us, workers (us): 204, ---, ---, 
[138.120s][info][gc,stats    ] Concurrent Marking                69255 us
[138.120s][info][gc,stats    ] Pause Final Mark (G)                304 us
[138.120s][info][gc,stats    ] Pause Final Mark (N)                238 us
[138.120s][info][gc,stats    ]   Finish Mark                        55 us
[138.120s][info][gc,stats    ]   Update Region States               33 us
[138.120s][info][gc,stats    ]   Choose Collection Set              77 us
[138.120s][info][gc,stats    ]   Rebuild Free Set                    9 us
[138.120s][info][gc,stats    ] Concurrent Thread Roots            7134 us, parallelism: 0.98x
[138.120s][info][gc,stats    ]   CTR: <total>                     6996 us
[138.120s][info][gc,stats    ]   CTR: Thread Roots                6996 us, workers (us): 6996, ---, ---, 
[138.120s][info][gc,stats    ] Concurrent Weak References          823 us, parallelism: 0.77x
[138.120s][info][gc,stats    ]   CWRF: <total>                     635 us
[138.120s][info][gc,stats    ]   CWRF: Weak References             635 us, workers (us): 635, ---, ---, 
[138.120s][info][gc,stats    ] Concurrent Weak Roots              8739 us
[138.120s][info][gc,stats    ]   Roots                            8424 us, parallelism: 0.99x
[138.120s][info][gc,stats    ]     CWR: <total>                   8344 us
[138.120s][info][gc,stats    ]     CWR: Code Cache Roots          6977 us, workers (us): 6977, ---, ---, 
[138.120s][info][gc,stats    ]     CWR: VM Weak Roots             1272 us, workers (us): 1272, ---, ---, 
[138.120s][info][gc,stats    ]     CWR: CLDG Roots                  94 us, workers (us):  94, ---, ---, 
[138.120s][info][gc,stats    ]   Rendezvous                        211 us
[138.120s][info][gc,stats    ] Concurrent Cleanup                   85 us
[138.120s][info][gc,stats    ] Concurrent Class Unloading        54844 us
[138.120s][info][gc,stats    ]   Unlink Stale                    52903 us
[138.120s][info][gc,stats    ]     System Dictionary               538 us
[138.120s][info][gc,stats    ]     Weak Class Links              17292 us
[138.120s][info][gc,stats    ]     Code Roots                    35071 us
[138.120s][info][gc,stats    ]   Rendezvous                        182 us
[138.120s][info][gc,stats    ]   Purge Unlinked                   1647 us
[138.120s][info][gc,stats    ]     Code Roots                     1561 us
[138.120s][info][gc,stats    ]     CLDG                             85 us
[138.120s][info][gc,stats    ]     Exception Caches                  0 us
[138.120s][info][gc,stats    ] Concurrent Strong Roots             505 us, parallelism: 0.64x
[138.120s][info][gc,stats    ]   CSR: <total>                      321 us
[138.120s][info][gc,stats    ]   CSR: VM Strong Roots                8 us, workers (us):   8, ---, ---, 
[138.120s][info][gc,stats    ]   CSR: CLDG Roots                   313 us, workers (us): 313, ---, ---, 
[138.120s][info][gc,stats    ] Concurrent Evacuation              9517 us
[138.120s][info][gc,stats    ] Pause Init Update Refs (G)          315 us
[138.120s][info][gc,stats    ] Pause Init Update Refs (N)           91 us
[138.120s][info][gc,stats    ]   Manage GCLABs                      25 us
[138.120s][info][gc,stats    ] Concurrent Update Refs            64941 us
[138.120s][info][gc,stats    ] Concurrent Update Thread Roots     6578 us
[138.120s][info][gc,stats    ] Pause Final Update Refs (G)         274 us
[138.120s][info][gc,stats    ] Pause Final Update Refs (N)         155 us
[138.120s][info][gc,stats    ]   Update Region States               59 us
[138.120s][info][gc,stats    ]   Trash Collection Set                9 us
[138.120s][info][gc,stats    ]   Rebuild Free Set                   18 us
[138.120s][info][gc,stats    ] Concurrent Cleanup                  102 us
[138.120s][info][gc,stats    ] 
[138.120s][info][gc,stats    ] Allocation pacing accrued:
[138.120s][info][gc,stats    ]       0 of   583 ms (  0.0%): <total>
[138.120s][info][gc,stats    ]       0 of   583 ms (  0.0%): <average total>
[138.120s][info][gc,stats    ] 
[138.120s][info][gc,metaspace] Metaspace: 156428K(157696K)->156452K(157696K) NonClass: 138391K(139072K)->138412K(139072K) Class: 18036K(18624K)->18039K(18624K)
[138.120s][info][gc,ergo     ] Pacer for Idle. Initial: 163M, Alloc Tax Rate: 1.0x
[139.074s][info][gc          ] Trigger: Explicit GC request (System.gc())
[139.074s][info][gc,ergo     ] Free: 5890M, Max: 4096K regular, 5056M humongous, Frag: 15% external, 0% internal; Reserve: 412M, Max: 4096K
[139.074s][info][gc,start    ] GC(134) Concurrent reset
[139.074s][info][gc,task     ] GC(134) Using 1 of 3 workers for concurrent reset
[139.074s][info][gc,ergo     ] GC(134) Pacer for Reset. Non-Taxable: 8192M
[139.079s][info][gc          ] GC(134) Concurrent reset 5.670ms
[139.080s][info][gc,start    ] GC(134) Pause Init Mark (unload classes)
[139.080s][info][gc,task     ] GC(134) Using 3 of 3 workers for init marking
[139.080s][info][gc,ref      ] GC(134) Clearing All SoftReferences
[139.080s][info][gc,ergo     ] GC(134) Pacer for Mark. Expected Live: 153M, Free: 5890M, Non-Taxable: 589M, Alloc Tax Rate: 0.0x
[139.080s][info][gc          ] GC(134) Pause Init Mark (unload classes) 0.244ms
[139.080s][info][gc,start    ] GC(134) Concurrent marking roots
[139.080s][info][gc,task     ] GC(134) Using 1 of 3 workers for concurrent marking roots
[139.087s][info][gc          ] GC(134) Concurrent marking roots 6.936ms
[139.087s][info][gc,start    ] GC(134) Concurrent marking (unload classes)
[139.087s][info][gc,task     ] GC(134) Using 1 of 3 workers for concurrent marking
[139.140s][info][gc          ] GC(134) Concurrent marking (unload classes) 53.169ms
[139.140s][info][gc,start    ] GC(134) Pause Final Mark (unload classes)
[139.140s][info][gc,task     ] GC(134) Using 3 of 3 workers for final marking
[139.140s][info][gc,ergo     ] GC(134) Adaptive CSet Selection. Target Free: 1160M, Actual Free: 6818M, Max CSet: 341M, Min Garbage: 0B
[139.140s][info][gc,ergo     ] GC(134) Collectable Garbage: 1481M (99%), Immediate: 526M (35%), CSet: 954M (64%)
[139.141s][info][gc,ergo     ] GC(134) Pacer for Evacuation. Used CSet: 959M, Free: 6679M, Non-Taxable: 667M, Alloc Tax Rate: 1.1x
[139.141s][info][gc          ] GC(134) Pause Final Mark (unload classes) 0.311ms
[139.141s][info][gc,start    ] GC(134) Concurrent thread roots
[139.141s][info][gc,task     ] GC(134) Using 1 of 3 workers for Concurrent thread roots
[139.148s][info][gc          ] GC(134) Concurrent thread roots 7.445ms
[139.148s][info][gc,start    ] GC(134) Concurrent weak references
[139.148s][info][gc,task     ] GC(134) Using 1 of 3 workers for concurrent weak references
[139.149s][info][gc,ref      ] GC(134) Encountered references: Soft: 3586, Weak: 17964, Final: 53, Phantom: 598
[139.149s][info][gc,ref      ] GC(134) Discovered  references: Soft: 1314, Weak: 6848, Final: 0, Phantom: 373
[139.149s][info][gc,ref      ] GC(134) Enqueued    references: Soft: 848, Weak: 3397, Final: 0, Phantom: 0
[139.149s][info][gc          ] GC(134) Concurrent weak references 0.861ms
[139.149s][info][gc,start    ] GC(134) Concurrent weak roots
[139.149s][info][gc,task     ] GC(134) Using 1 of 3 workers for concurrent weak root
[139.159s][info][gc          ] GC(134) Concurrent weak roots 10.473ms
[139.159s][info][gc,start    ] GC(134) Concurrent cleanup
[139.160s][info][gc          ] GC(134) Concurrent cleanup 2028M->1501M(8192M) 0.040ms
[139.160s][info][gc,ergo     ] GC(134) Free: 6263M, Max: 4096K regular, 5100M humongous, Frag: 19% external, 0% internal; Reserve: 410M, Max: 4096K
[139.160s][info][gc,start    ] GC(134) Concurrent class unloading
[139.160s][info][gc,task     ] GC(134) Using 1 of 3 workers for concurrent class unloading
[139.210s][info][gc          ] GC(134) Concurrent class unloading 50.521ms
[139.210s][info][gc,start    ] GC(134) Concurrent strong roots
[139.210s][info][gc,task     ] GC(134) Using 1 of 3 workers for concurrent strong root
[139.210s][info][gc          ] GC(134) Concurrent strong roots 0.314ms
[139.210s][info][gc,start    ] GC(134) Concurrent evacuation
[139.210s][info][gc,task     ] GC(134) Using 1 of 3 workers for concurrent evacuation
[139.214s][info][gc          ] GC(134) Concurrent evacuation 4.016ms
[139.215s][info][gc,start    ] GC(134) Pause Init Update Refs
[139.215s][info][gc,ergo     ] GC(134) Pacer for Update Refs. Used: 1611M, Free: 6159M, Non-Taxable: 615M, Alloc Tax Rate: 1.1x
[139.215s][info][gc          ] GC(134) Pause Init Update Refs 0.137ms
[139.215s][info][gc,start    ] GC(134) Concurrent update references
[139.215s][info][gc,task     ] GC(134) Using 1 of 3 workers for concurrent reference update
[139.236s][info][gc          ] GC(134) Concurrent update references 21.724ms
[139.237s][info][gc,start    ] GC(134) Concurrent update thread roots
[139.244s][info][gc          ] GC(134) Concurrent update thread roots 7.309ms
[139.244s][info][gc,start    ] GC(134) Pause Final Update Refs
[139.244s][info][gc,task     ] GC(134) Using 3 of 3 workers for final reference update
[139.244s][info][gc          ] GC(134) Pause Final Update Refs 0.369ms
[139.244s][info][gc,start    ] GC(134) Concurrent cleanup
[139.244s][info][gc          ] GC(134) Concurrent cleanup 1611M->651M(8192M) 0.074ms
[139.244s][info][gc,ergo     ] Free: 7128M, Max: 4096K regular, 5220M humongous, Frag: 27% external, 0% internal; Reserve: 412M, Max: 4096K
[139.244s][info][gc,stats    ] 
[139.245s][info][gc,stats    ] All times are wall-clock times, except per-root-class counters, that are sum over
[139.245s][info][gc,stats    ] all workers. Dividing the <total> over the root stage time estimates parallelism.
[139.245s][info][gc,stats    ] 
[139.245s][info][gc,stats    ] Concurrent Reset                   5737 us
[139.245s][info][gc,stats    ] Pause Init Mark (G)                 469 us
[139.245s][info][gc,stats    ] Pause Init Mark (N)                 265 us
[139.245s][info][gc,stats    ]   Update Region States               81 us
[139.245s][info][gc,stats    ] Concurrent Mark Roots              7001 us, parallelism: 0.95x
[139.245s][info][gc,stats    ]   CMR: <total>                     6670 us
[139.245s][info][gc,stats    ]   CMR: Thread Roots                6582 us, workers (us): 6582, ---, ---, 
[139.245s][info][gc,stats    ]   CMR: VM Strong Roots               12 us, workers (us):  12, ---, ---, 
[139.245s][info][gc,stats    ]   CMR: CLDG Roots                    76 us, workers (us):  76, ---, ---, 
[139.245s][info][gc,stats    ] Concurrent Marking                53245 us
[139.245s][info][gc,stats    ] Pause Final Mark (G)                408 us
[139.245s][info][gc,stats    ] Pause Final Mark (N)                319 us
[139.245s][info][gc,stats    ]   Finish Mark                        96 us
[139.245s][info][gc,stats    ]   Update Region States               49 us
[139.245s][info][gc,stats    ]   Choose Collection Set              78 us
[139.245s][info][gc,stats    ]   Rebuild Free Set                    9 us
[139.245s][info][gc,stats    ] Concurrent Thread Roots            7493 us, parallelism: 0.95x
[139.245s][info][gc,stats    ]   CTR: <total>                     7089 us
[139.245s][info][gc,stats    ]   CTR: Thread Roots                7089 us, workers (us): 7089, ---, ---, 
[139.245s][info][gc,stats    ] Concurrent Weak References          878 us, parallelism: 0.77x
[139.245s][info][gc,stats    ]   CWRF: <total>                     674 us
[139.245s][info][gc,stats    ]   CWRF: Weak References             674 us, workers (us): 674, ---, ---, 
[139.245s][info][gc,stats    ] Concurrent Weak Roots             10512 us
[139.245s][info][gc,stats    ]   Roots                           10255 us, parallelism: 0.99x
[139.245s][info][gc,stats    ]     CWR: <total>                  10188 us
[139.245s][info][gc,stats    ]     CWR: Code Cache Roots          8836 us, workers (us): 8836, ---, ---, 
[139.245s][info][gc,stats    ]     CWR: VM Weak Roots             1268 us, workers (us): 1268, ---, ---, 
[139.245s][info][gc,stats    ]     CWR: CLDG Roots                  84 us, workers (us):  84, ---, ---, 
[139.245s][info][gc,stats    ]   Rendezvous                        184 us
[139.245s][info][gc,stats    ] Concurrent Cleanup                   49 us
[139.245s][info][gc,stats    ] Concurrent Class Unloading        50568 us
[139.245s][info][gc,stats    ]   Unlink Stale                    48136 us
[139.245s][info][gc,stats    ]     System Dictionary              1870 us
[139.245s][info][gc,stats    ]     Weak Class Links              17488 us
[139.245s][info][gc,stats    ]     Code Roots                    28776 us
[139.245s][info][gc,stats    ]   Rendezvous                        168 us
[139.245s][info][gc,stats    ]   Purge Unlinked                   2198 us
[139.245s][info][gc,stats    ]     Code Roots                     1407 us
[139.245s][info][gc,stats    ]     CLDG                            791 us
[139.245s][info][gc,stats    ]     Exception Caches                  0 us
[139.245s][info][gc,stats    ] Concurrent Strong Roots             324 us, parallelism: 0.68x
[139.245s][info][gc,stats    ]   CSR: <total>                      220 us
[139.245s][info][gc,stats    ]   CSR: VM Strong Roots                8 us, workers (us):   8, ---, ---, 
[139.245s][info][gc,stats    ]   CSR: CLDG Roots                   213 us, workers (us): 213, ---, ---, 
[139.245s][info][gc,stats    ] Concurrent Evacuation              4041 us
[139.245s][info][gc,stats    ] Pause Init Update Refs (G)          244 us
[139.245s][info][gc,stats    ] Pause Init Update Refs (N)          159 us
[139.245s][info][gc,stats    ]   Manage GCLABs                      38 us
[139.245s][info][gc,stats    ] Concurrent Update Refs            21792 us
[139.245s][info][gc,stats    ] Concurrent Update Thread Roots     7345 us
[139.245s][info][gc,stats    ] Pause Final Update Refs (G)         435 us
[139.245s][info][gc,stats    ] Pause Final Update Refs (N)         380 us
[139.245s][info][gc,stats    ]   Update Region States              281 us
[139.245s][info][gc,stats    ]   Trash Collection Set               11 us
[139.245s][info][gc,stats    ]   Rebuild Free Set                   21 us
[139.245s][info][gc,stats    ] Concurrent Cleanup                   98 us
[139.245s][info][gc,stats    ] 
[139.245s][info][gc,stats    ] Allocation pacing accrued:
[139.245s][info][gc,stats    ]       0 of  1125 ms (  0.0%): <total>
[139.245s][info][gc,stats    ]       0 of  1125 ms (  0.0%): <average total>
[139.245s][info][gc,stats    ] 
[139.245s][info][gc,metaspace] Metaspace: 156792K(158016K)->155758K(157952K) NonClass: 138730K(139328K)->137868K(139328K) Class: 18061K(18688K)->17890K(18624K)
[139.245s][info][gc,ergo     ] Pacer for Idle. Initial: 163M, Alloc Tax Rate: 1.0x
[139.582s][info][gc          ] Trigger: Learning 2 of 5. Free (5624M) is below initial threshold (5734M)
[139.582s][info][gc,ergo     ] Free: 5620M, Max: 4096K regular, 5220M humongous, Frag: 7% external, 0% internal; Reserve: 412M, Max: 4096K
[139.582s][info][gc,start    ] GC(135) Concurrent reset
[139.582s][info][gc,task     ] GC(135) Using 1 of 3 workers for concurrent reset
[139.582s][info][gc,ergo     ] GC(135) Pacer for Reset. Non-Taxable: 8192M
[139.595s][info][gc          ] GC(135) Concurrent reset 12.993ms
[139.595s][info][gc,start    ] GC(135) Pause Init Mark (unload classes)
[139.595s][info][gc,task     ] GC(135) Using 3 of 3 workers for init marking
[139.595s][info][gc,ergo     ] GC(135) Pacer for Mark. Expected Live: 142M, Free: 5532M, Non-Taxable: 553M, Alloc Tax Rate: 0.0x
[139.595s][info][gc          ] GC(135) Pause Init Mark (unload classes) 0.122ms
[139.595s][info][gc,start    ] GC(135) Concurrent marking roots
[139.595s][info][gc,task     ] GC(135) Using 1 of 3 workers for concurrent marking roots
[139.605s][info][gc          ] GC(135) Concurrent marking roots 9.306ms
[139.605s][info][gc,start    ] GC(135) Concurrent marking (unload classes)
[139.605s][info][gc,task     ] GC(135) Using 1 of 3 workers for concurrent marking
[139.674s][info][gc          ] GC(135) Concurrent marking (unload classes) 69.442ms
[139.674s][info][gc,start    ] GC(135) Pause Final Mark (unload classes)
[139.674s][info][gc,task     ] GC(135) Using 3 of 3 workers for final marking
[139.675s][info][gc,ergo     ] GC(135) Adaptive CSet Selection. Target Free: 1160M, Actual Free: 6620M, Max CSet: 341M, Min Garbage: 0B
[139.675s][info][gc,ergo     ] GC(135) Collectable Garbage: 2035M (99%), Immediate: 1000M (48%), CSet: 1034M (50%)
[139.675s][info][gc,ergo     ] GC(135) Pacer for Evacuation. Used CSet: 1093M, Free: 6244M, Non-Taxable: 624M, Alloc Tax Rate: 1.1x
[139.675s][info][gc          ] GC(135) Pause Final Mark (unload classes) 0.252ms
[139.675s][info][gc,start    ] GC(135) Concurrent thread roots
[139.675s][info][gc,task     ] GC(135) Using 1 of 3 workers for Concurrent thread roots
[139.682s][info][gc          ] GC(135) Concurrent thread roots 6.650ms
[139.682s][info][gc,start    ] GC(135) Concurrent weak references
[139.682s][info][gc,task     ] GC(135) Using 1 of 3 workers for concurrent weak references
[139.682s][info][gc,ref      ] GC(135) Encountered references: Soft: 3714, Weak: 14988, Final: 53, Phantom: 598
[139.682s][info][gc,ref      ] GC(135) Discovered  references: Soft: 0, Weak: 8235, Final: 0, Phantom: 278
[139.682s][info][gc,ref      ] GC(135) Enqueued    references: Soft: 0, Weak: 211, Final: 0, Phantom: 0
[139.682s][info][gc          ] GC(135) Concurrent weak references 0.847ms
[139.682s][info][gc,start    ] GC(135) Concurrent weak roots
[139.683s][info][gc,task     ] GC(135) Using 1 of 3 workers for concurrent weak root
[139.692s][info][gc          ] GC(135) Concurrent weak roots 9.123ms
[139.692s][info][gc,start    ] GC(135) Concurrent cleanup
[139.692s][info][gc          ] GC(135) Concurrent cleanup 2619M->1618M(8192M) 0.051ms
[139.692s][info][gc,ergo     ] GC(135) Free: 6143M, Max: 4096K regular, 5108M humongous, Frag: 17% external, 0% internal; Reserve: 410M, Max: 4096K
[139.692s][info][gc,start    ] GC(135) Concurrent class unloading
[139.692s][info][gc,task     ] GC(135) Using 1 of 3 workers for concurrent class unloading
[139.746s][info][gc          ] GC(135) Concurrent class unloading 53.973ms
[139.746s][info][gc,start    ] GC(135) Concurrent strong roots
[139.746s][info][gc,task     ] GC(135) Using 1 of 3 workers for concurrent strong root
[139.746s][info][gc          ] GC(135) Concurrent strong roots 0.417ms
[139.746s][info][gc,start    ] GC(135) Concurrent evacuation
[139.746s][info][gc,task     ] GC(135) Using 1 of 3 workers for concurrent evacuation
[139.754s][info][gc          ] GC(135) Concurrent evacuation 7.492ms
[139.754s][info][gc,start    ] GC(135) Pause Init Update Refs
[139.754s][info][gc,ergo     ] GC(135) Pacer for Update Refs. Used: 1733M, Free: 6084M, Non-Taxable: 608M, Alloc Tax Rate: 1.1x
[139.754s][info][gc          ] GC(135) Pause Init Update Refs 0.075ms
[139.754s][info][gc,start    ] GC(135) Concurrent update references
[139.754s][info][gc,task     ] GC(135) Using 1 of 3 workers for concurrent reference update
[139.822s][info][gc          ] GC(135) Concurrent update references 68.318ms
[139.822s][info][gc,start    ] GC(135) Concurrent update thread roots
[139.829s][info][gc          ] GC(135) Concurrent update thread roots 6.817ms
[139.829s][info][gc,start    ] GC(135) Pause Final Update Refs
[139.829s][info][gc,task     ] GC(135) Using 3 of 3 workers for final reference update
[139.829s][info][gc          ] GC(135) Pause Final Update Refs 0.116ms
[139.829s][info][gc,start    ] GC(135) Concurrent cleanup
[139.830s][info][gc          ] GC(135) Concurrent cleanup 1804M->710M(8192M) 0.062ms
[139.830s][info][gc,ergo     ] Free: 7025M, Max: 4096K regular, 5044M humongous, Frag: 29% external, 0% internal; Reserve: 412M, Max: 4096K
[139.830s][info][gc,stats    ] 
[139.830s][info][gc,stats    ] All times are wall-clock times, except per-root-class counters, that are sum over
[139.830s][info][gc,stats    ] all workers. Dividing the <total> over the root stage time estimates parallelism.
[139.830s][info][gc,stats    ] 
[139.830s][info][gc,stats    ] Concurrent Reset                  13119 us
[139.830s][info][gc,stats    ] Pause Init Mark (G)                 551 us
[139.830s][info][gc,stats    ] Pause Init Mark (N)                 130 us
[139.830s][info][gc,stats    ]   Update Region States               44 us
[139.830s][info][gc,stats    ] Concurrent Mark Roots              9463 us, parallelism: 0.94x
[139.830s][info][gc,stats    ]   CMR: <total>                     8932 us
[139.830s][info][gc,stats    ]   CMR: Thread Roots                8764 us, workers (us): 8764, ---, ---, 
[139.830s][info][gc,stats    ]   CMR: VM Strong Roots               27 us, workers (us):  27, ---, ---, 
[139.830s][info][gc,stats    ]   CMR: CLDG Roots                   141 us, workers (us): 141, ---, ---, 
[139.830s][info][gc,stats    ] Concurrent Marking                69482 us
[139.830s][info][gc,stats    ] Pause Final Mark (G)                489 us
[139.830s][info][gc,stats    ] Pause Final Mark (N)                260 us
[139.830s][info][gc,stats    ]   Finish Mark                        65 us
[139.830s][info][gc,stats    ]   Update Region States               34 us
[139.830s][info][gc,stats    ]   Choose Collection Set              77 us
[139.830s][info][gc,stats    ]   Rebuild Free Set                    9 us
[139.830s][info][gc,stats    ] Concurrent Thread Roots            6747 us, parallelism: 0.97x
[139.830s][info][gc,stats    ]   CTR: <total>                     6568 us
[139.830s][info][gc,stats    ]   CTR: Thread Roots                6568 us, workers (us): 6568, ---, ---, 
[139.830s][info][gc,stats    ] Concurrent Weak References          857 us, parallelism: 0.86x
[139.830s][info][gc,stats    ]   CWRF: <total>                     735 us
[139.830s][info][gc,stats    ]   CWRF: Weak References             735 us, workers (us): 735, ---, ---, 
[139.830s][info][gc,stats    ] Concurrent Weak Roots              9184 us
[139.830s][info][gc,stats    ]   Roots                            8860 us, parallelism: 0.99x
[139.830s][info][gc,stats    ]     CWR: <total>                   8766 us
[139.830s][info][gc,stats    ]     CWR: Code Cache Roots          7178 us, workers (us): 7178, ---, ---, 
[139.830s][info][gc,stats    ]     CWR: VM Weak Roots             1479 us, workers (us): 1479, ---, ---, 
[139.830s][info][gc,stats    ]     CWR: CLDG Roots                 109 us, workers (us): 109, ---, ---, 
[139.830s][info][gc,stats    ]   Rendezvous                        231 us
[139.830s][info][gc,stats    ] Concurrent Cleanup                   60 us
[139.830s][info][gc,stats    ] Concurrent Class Unloading        54029 us
[139.830s][info][gc,stats    ]   Unlink Stale                    52330 us
[139.830s][info][gc,stats    ]     System Dictionary               495 us
[139.830s][info][gc,stats    ]     Weak Class Links              16894 us
[139.830s][info][gc,stats    ]     Code Roots                    34940 us
[139.830s][info][gc,stats    ]   Rendezvous                        174 us
[139.830s][info][gc,stats    ]   Purge Unlinked                   1448 us
[139.830s][info][gc,stats    ]     Code Roots                     1369 us
[139.830s][info][gc,stats    ]     CLDG                             79 us
[139.830s][info][gc,stats    ]     Exception Caches                  0 us
[139.830s][info][gc,stats    ] Concurrent Strong Roots             436 us, parallelism: 0.67x
[139.830s][info][gc,stats    ]   CSR: <total>                      294 us
[139.830s][info][gc,stats    ]   CSR: VM Strong Roots                8 us, workers (us):   8, ---, ---, 
[139.830s][info][gc,stats    ]   CSR: CLDG Roots                   286 us, workers (us): 286, ---, ---, 
[139.830s][info][gc,stats    ] Concurrent Evacuation              7568 us
[139.830s][info][gc,stats    ] Pause Init Update Refs (G)          186 us
[139.830s][info][gc,stats    ] Pause Init Update Refs (N)           84 us
[139.830s][info][gc,stats    ]   Manage GCLABs                      26 us
[139.830s][info][gc,stats    ] Concurrent Update Refs            68386 us
[139.830s][info][gc,stats    ] Concurrent Update Thread Roots     6868 us
[139.830s][info][gc,stats    ] Pause Final Update Refs (G)         240 us
[139.830s][info][gc,stats    ] Pause Final Update Refs (N)         127 us
[139.830s][info][gc,stats    ]   Update Region States               43 us
[139.830s][info][gc,stats    ]   Trash Collection Set                8 us
[139.830s][info][gc,stats    ]   Rebuild Free Set                   19 us
[139.830s][info][gc,stats    ] Concurrent Cleanup                   81 us
[139.830s][info][gc,stats    ] 
[139.830s][info][gc,stats    ] Allocation pacing accrued:
[139.830s][info][gc,stats    ]       0 of   586 ms (  0.0%): <total>
[139.830s][info][gc,stats    ]       0 of   586 ms (  0.0%): <average total>
[139.830s][info][gc,stats    ] 
[139.830s][info][gc,metaspace] Metaspace: 156630K(157952K)->156646K(157952K) NonClass: 138591K(139328K)->138607K(139328K) Class: 18038K(18624K)->18039K(18624K)
[139.830s][info][gc,ergo     ] Pacer for Idle. Initial: 163M, Alloc Tax Rate: 1.0x
[140.765s][info][gc          ] Trigger: Explicit GC request (System.gc())
[140.765s][info][gc,ergo     ] Free: 5875M, Max: 4096K regular, 5044M humongous, Frag: 14% external, 0% internal; Reserve: 412M, Max: 4096K
[140.765s][info][gc,start    ] GC(136) Concurrent reset
[140.765s][info][gc,task     ] GC(136) Using 1 of 3 workers for concurrent reset
[140.765s][info][gc,ergo     ] GC(136) Pacer for Reset. Non-Taxable: 8192M
[140.770s][info][gc          ] GC(136) Concurrent reset 4.921ms
[140.770s][info][gc,start    ] GC(136) Pause Init Mark (unload classes)
[140.770s][info][gc,task     ] GC(136) Using 3 of 3 workers for init marking
[140.770s][info][gc,ref      ] GC(136) Clearing All SoftReferences
[140.770s][info][gc,ergo     ] GC(136) Pacer for Mark. Expected Live: 153M, Free: 5875M, Non-Taxable: 587M, Alloc Tax Rate: 0.0x
[140.770s][info][gc          ] GC(136) Pause Init Mark (unload classes) 0.237ms
[140.770s][info][gc,start    ] GC(136) Concurrent marking roots
[140.770s][info][gc,task     ] GC(136) Using 1 of 3 workers for concurrent marking roots
[140.777s][info][gc          ] GC(136) Concurrent marking roots 6.697ms
[140.777s][info][gc,start    ] GC(136) Concurrent marking (unload classes)
[140.777s][info][gc,task     ] GC(136) Using 1 of 3 workers for concurrent marking
[140.830s][info][gc          ] GC(136) Concurrent marking (unload classes) 52.644ms
[140.830s][info][gc,start    ] GC(136) Pause Final Mark (unload classes)
[140.830s][info][gc,task     ] GC(136) Using 3 of 3 workers for final marking
[140.830s][info][gc,ergo     ] GC(136) Adaptive CSet Selection. Target Free: 1160M, Actual Free: 6799M, Max CSet: 341M, Min Garbage: 0B
[140.830s][info][gc,ergo     ] GC(136) Collectable Garbage: 1504M (99%), Immediate: 523M (34%), CSet: 981M (64%)
[140.830s][info][gc,ergo     ] GC(136) Pacer for Evacuation. Used CSet: 987M, Free: 6659M, Non-Taxable: 665M, Alloc Tax Rate: 1.1x
[140.830s][info][gc          ] GC(136) Pause Final Mark (unload classes) 0.342ms
[140.830s][info][gc,start    ] GC(136) Concurrent thread roots
[140.830s][info][gc,task     ] GC(136) Using 1 of 3 workers for Concurrent thread roots
[140.837s][info][gc          ] GC(136) Concurrent thread roots 6.370ms
[140.837s][info][gc,start    ] GC(136) Concurrent weak references
[140.837s][info][gc,task     ] GC(136) Using 1 of 3 workers for concurrent weak references
[140.837s][info][gc,ref      ] GC(136) Encountered references: Soft: 3586, Weak: 17968, Final: 53, Phantom: 598
[140.837s][info][gc,ref      ] GC(136) Discovered  references: Soft: 1314, Weak: 6851, Final: 0, Phantom: 373
[140.838s][info][gc,ref      ] GC(136) Enqueued    references: Soft: 848, Weak: 3400, Final: 0, Phantom: 0
[140.838s][info][gc          ] GC(136) Concurrent weak references 0.852ms
[140.838s][info][gc,start    ] GC(136) Concurrent weak roots
[140.838s][info][gc,task     ] GC(136) Using 1 of 3 workers for concurrent weak root
[140.848s][info][gc          ] GC(136) Concurrent weak roots 10.094ms
[140.848s][info][gc,start    ] GC(136) Concurrent cleanup
[140.848s][info][gc          ] GC(136) Concurrent cleanup 2101M->1577M(8192M) 0.040ms
[140.848s][info][gc,ergo     ] GC(136) Free: 6195M, Max: 4096K regular, 5080M humongous, Frag: 18% external, 0% internal; Reserve: 410M, Max: 4096K
[140.848s][info][gc,start    ] GC(136) Concurrent class unloading
[140.848s][info][gc,task     ] GC(136) Using 1 of 3 workers for concurrent class unloading
[140.899s][info][gc          ] GC(136) Concurrent class unloading 50.849ms
[140.899s][info][gc,start    ] GC(136) Concurrent strong roots
[140.899s][info][gc,task     ] GC(136) Using 1 of 3 workers for concurrent strong root
[140.899s][info][gc          ] GC(136) Concurrent strong roots 0.315ms
[140.899s][info][gc,start    ] GC(136) Concurrent evacuation
[140.899s][info][gc,task     ] GC(136) Using 1 of 3 workers for concurrent evacuation
[140.903s][info][gc          ] GC(136) Concurrent evacuation 4.412ms
[140.904s][info][gc,start    ] GC(136) Pause Init Update Refs
[140.904s][info][gc,ergo     ] GC(136) Pacer for Update Refs. Used: 1638M, Free: 6139M, Non-Taxable: 613M, Alloc Tax Rate: 1.1x
[140.904s][info][gc          ] GC(136) Pause Init Update Refs 0.144ms
[140.904s][info][gc,start    ] GC(136) Concurrent update references
[140.904s][info][gc,task     ] GC(136) Using 1 of 3 workers for concurrent reference update
[140.926s][info][gc          ] GC(136) Concurrent update references 22.031ms
[140.926s][info][gc,start    ] GC(136) Concurrent update thread roots
[140.933s][info][gc          ] GC(136) Concurrent update thread roots 7.601ms
[140.934s][info][gc,start    ] GC(136) Pause Final Update Refs
[140.934s][info][gc,task     ] GC(136) Using 3 of 3 workers for final reference update
[140.934s][info][gc          ] GC(136) Pause Final Update Refs 0.230ms
[140.934s][info][gc,start    ] GC(136) Concurrent cleanup
[140.934s][info][gc          ] GC(136) Concurrent cleanup 1638M->651M(8192M) 0.078ms
[140.934s][info][gc,ergo     ] Free: 7128M, Max: 4096K regular, 5220M humongous, Frag: 27% external, 0% internal; Reserve: 412M, Max: 4096K
[140.934s][info][gc,stats    ] 
[140.934s][info][gc,stats    ] All times are wall-clock times, except per-root-class counters, that are sum over
[140.934s][info][gc,stats    ] all workers. Dividing the <total> over the root stage time estimates parallelism.
[140.934s][info][gc,stats    ] 
[140.934s][info][gc,stats    ] Concurrent Reset                   4995 us
[140.934s][info][gc,stats    ] Pause Init Mark (G)                 428 us
[140.934s][info][gc,stats    ] Pause Init Mark (N)                 258 us
[140.934s][info][gc,stats    ]   Update Region States               71 us
[140.934s][info][gc,stats    ] Concurrent Mark Roots              6745 us, parallelism: 0.96x
[140.934s][info][gc,stats    ]   CMR: <total>                     6480 us
[140.934s][info][gc,stats    ]   CMR: Thread Roots                6390 us, workers (us): 6390, ---, ---, 
[140.934s][info][gc,stats    ]   CMR: VM Strong Roots               15 us, workers (us):  15, ---, ---, 
[140.934s][info][gc,stats    ]   CMR: CLDG Roots                    75 us, workers (us):  75, ---, ---, 
[140.934s][info][gc,stats    ] Concurrent Marking                52710 us
[140.934s][info][gc,stats    ] Pause Final Mark (G)                450 us
[140.934s][info][gc,stats    ] Pause Final Mark (N)                359 us
[140.934s][info][gc,stats    ]   Finish Mark                        61 us
[140.934s][info][gc,stats    ]   Update Region States               45 us
[140.934s][info][gc,stats    ]   Choose Collection Set             142 us
[140.934s][info][gc,stats    ]   Rebuild Free Set                   19 us
[140.934s][info][gc,stats    ] Concurrent Thread Roots            6416 us, parallelism: 0.98x
[140.934s][info][gc,stats    ]   CTR: <total>                     6272 us
[140.935s][info][gc,stats    ]   CTR: Thread Roots                6272 us, workers (us): 6272, ---, ---, 
[140.935s][info][gc,stats    ] Concurrent Weak References          860 us, parallelism: 0.79x
[140.935s][info][gc,stats    ]   CWRF: <total>                     678 us
[140.935s][info][gc,stats    ]   CWRF: Weak References             678 us, workers (us): 678, ---, ---, 
[140.935s][info][gc,stats    ] Concurrent Weak Roots             10135 us
[140.935s][info][gc,stats    ]   Roots                            9902 us, parallelism: 1.00x
[140.935s][info][gc,stats    ]     CWR: <total>                   9857 us
[140.935s][info][gc,stats    ]     CWR: Code Cache Roots          8976 us, workers (us): 8976, ---, ---, 
[140.935s][info][gc,stats    ]     CWR: VM Weak Roots              792 us, workers (us): 792, ---, ---, 
[140.935s][info][gc,stats    ]     CWR: CLDG Roots                  89 us, workers (us):  89, ---, ---, 
[140.935s][info][gc,stats    ]   Rendezvous                        174 us
[140.935s][info][gc,stats    ] Concurrent Cleanup                   49 us
[140.935s][info][gc,stats    ] Concurrent Class Unloading        50901 us
[140.935s][info][gc,stats    ]   Unlink Stale                    48100 us
[140.935s][info][gc,stats    ]     System Dictionary              1852 us
[140.935s][info][gc,stats    ]     Weak Class Links              18482 us
[140.935s][info][gc,stats    ]     Code Roots                    27764 us
[140.935s][info][gc,stats    ]   Rendezvous                        253 us
[140.935s][info][gc,stats    ]   Purge Unlinked                   2476 us
[140.935s][info][gc,stats    ]     Code Roots                     1413 us
[140.935s][info][gc,stats    ]     CLDG                           1062 us
[140.935s][info][gc,stats    ]     Exception Caches                  0 us
[140.935s][info][gc,stats    ] Concurrent Strong Roots             334 us, parallelism: 0.66x
[140.935s][info][gc,stats    ]   CSR: <total>                      221 us
[140.935s][info][gc,stats    ]   CSR: VM Strong Roots                9 us, workers (us):   9, ---, ---, 
[140.935s][info][gc,stats    ]   CSR: CLDG Roots                   212 us, workers (us): 212, ---, ---, 
[140.935s][info][gc,stats    ] Concurrent Evacuation              4489 us
[140.935s][info][gc,stats    ] Pause Init Update Refs (G)          331 us
[140.935s][info][gc,stats    ] Pause Init Update Refs (N)          165 us
[140.935s][info][gc,stats    ]   Manage GCLABs                      42 us
[140.935s][info][gc,stats    ] Concurrent Update Refs            22092 us
[140.935s][info][gc,stats    ] Concurrent Update Thread Roots     7645 us
[140.935s][info][gc,stats    ] Pause Final Update Refs (G)         367 us
[140.935s][info][gc,stats    ] Pause Final Update Refs (N)         268 us
[140.935s][info][gc,stats    ]   Update Region States              103 us
[140.935s][info][gc,stats    ]   Trash Collection Set               14 us
[140.935s][info][gc,stats    ]   Rebuild Free Set                   29 us
[140.935s][info][gc,stats    ] Concurrent Cleanup                  101 us
[140.935s][info][gc,stats    ] 
[140.935s][info][gc,stats    ] Allocation pacing accrued:
[140.935s][info][gc,stats    ]       0 of  1104 ms (  0.0%): <total>
[140.935s][info][gc,stats    ]       0 of  1104 ms (  0.0%): <average total>
[140.935s][info][gc,stats    ] 
[140.935s][info][gc,metaspace] Metaspace: 156801K(158016K)->155766K(157952K) NonClass: 138740K(139328K)->137876K(139328K) Class: 18061K(18688K)->17890K(18624K)
[140.935s][info][gc,ergo     ] Pacer for Idle. Initial: 163M, Alloc Tax Rate: 1.0x
[141.262s][info][gc          ] Trigger: Learning 2 of 5. Free (5676M) is below initial threshold (5734M)
[141.262s][info][gc,ergo     ] Free: 5676M, Max: 4096K regular, 5220M humongous, Frag: 8% external, 0% internal; Reserve: 412M, Max: 4096K
[141.262s][info][gc,start    ] GC(137) Concurrent reset
[141.262s][info][gc,task     ] GC(137) Using 1 of 3 workers for concurrent reset
[141.262s][info][gc,ergo     ] GC(137) Pacer for Reset. Non-Taxable: 8192M
[141.274s][info][gc          ] GC(137) Concurrent reset 11.938ms
[141.275s][info][gc,start    ] GC(137) Pause Init Mark (unload classes)
[141.275s][info][gc,task     ] GC(137) Using 3 of 3 workers for init marking
[141.275s][info][gc,ergo     ] GC(137) Pacer for Mark. Expected Live: 142M, Free: 5604M, Non-Taxable: 560M, Alloc Tax Rate: 0.0x
[141.275s][info][gc          ] GC(137) Pause Init Mark (unload classes) 0.268ms
[141.284s][info][gc,start    ] GC(137) Concurrent marking roots
[141.284s][info][gc,task     ] GC(137) Using 1 of 3 workers for concurrent marking roots
[141.293s][info][gc          ] GC(137) Concurrent marking roots 9.352ms
[141.293s][info][gc,start    ] GC(137) Concurrent marking (unload classes)
[141.293s][info][gc,task     ] GC(137) Using 1 of 3 workers for concurrent marking
[141.361s][info][gc          ] GC(137) Concurrent marking (unload classes) 67.818ms
[141.361s][info][gc,start    ] GC(137) Pause Final Mark (unload classes)
[141.361s][info][gc,task     ] GC(137) Using 3 of 3 workers for final marking
[141.361s][info][gc,ergo     ] GC(137) Adaptive CSet Selection. Target Free: 1160M, Actual Free: 6551M, Max CSet: 341M, Min Garbage: 0B
[141.362s][info][gc,ergo     ] GC(137) Collectable Garbage: 1962M (99%), Immediate: 899M (45%), CSet: 1062M (53%)
[141.362s][info][gc,ergo     ] GC(137) Pacer for Evacuation. Used CSet: 1120M, Free: 6177M, Non-Taxable: 617M, Alloc Tax Rate: 1.1x
[141.362s][info][gc          ] GC(137) Pause Final Mark (unload classes) 0.373ms
[141.362s][info][gc,start    ] GC(137) Concurrent thread roots
[141.362s][info][gc,task     ] GC(137) Using 1 of 3 workers for Concurrent thread roots
[141.369s][info][gc          ] GC(137) Concurrent thread roots 7.314ms
[141.369s][info][gc,start    ] GC(137) Concurrent weak references
[141.369s][info][gc,task     ] GC(137) Using 1 of 3 workers for concurrent weak references
[141.370s][info][gc,ref      ] GC(137) Encountered references: Soft: 3714, Weak: 14987, Final: 53, Phantom: 598
[141.370s][info][gc,ref      ] GC(137) Discovered  references: Soft: 0, Weak: 6211, Final: 0, Phantom: 277
[141.370s][info][gc,ref      ] GC(137) Enqueued    references: Soft: 0, Weak: 212, Final: 0, Phantom: 0
[141.370s][info][gc          ] GC(137) Concurrent weak references 0.496ms
[141.370s][info][gc,start    ] GC(137) Concurrent weak roots
[141.370s][info][gc,task     ] GC(137) Using 1 of 3 workers for concurrent weak root
[141.385s][info][gc          ] GC(137) Concurrent weak roots 15.253ms
[141.385s][info][gc,start    ] GC(137) Concurrent cleanup
[141.385s][info][gc          ] GC(137) Concurrent cleanup 2627M->1728M(8192M) 0.056ms
[141.385s][info][gc,ergo     ] GC(137) Free: 6095M, Max: 4096K regular, 5160M humongous, Frag: 16% external, 0% internal; Reserve: 351M, Max: 4096K
[141.385s][info][gc,start    ] GC(137) Concurrent class unloading
[141.385s][info][gc,task     ] GC(137) Using 1 of 3 workers for concurrent class unloading
[141.433s][info][gc          ] GC(137) Concurrent class unloading 47.935ms
[141.433s][info][gc,start    ] GC(137) Concurrent strong roots
[141.433s][info][gc,task     ] GC(137) Using 1 of 3 workers for concurrent strong root
[141.433s][info][gc          ] GC(137) Concurrent strong roots 0.440ms
[141.433s][info][gc,start    ] GC(137) Concurrent evacuation
[141.433s][info][gc,task     ] GC(137) Using 1 of 3 workers for concurrent evacuation
[141.441s][info][gc          ] GC(137) Concurrent evacuation 8.017ms
[141.442s][info][gc,start    ] GC(137) Pause Init Update Refs
[141.442s][info][gc,ergo     ] GC(137) Pacer for Update Refs. Used: 1748M, Free: 6082M, Non-Taxable: 608M, Alloc Tax Rate: 1.1x
[141.442s][info][gc          ] GC(137) Pause Init Update Refs 0.092ms
[141.442s][info][gc,start    ] GC(137) Concurrent update references
[141.442s][info][gc,task     ] GC(137) Using 1 of 3 workers for concurrent reference update
[141.521s][info][gc          ] GC(137) Concurrent update references 79.564ms
[141.521s][info][gc,start    ] GC(137) Concurrent update thread roots
[141.528s][info][gc          ] GC(137) Concurrent update thread roots 6.609ms
[141.528s][info][gc,start    ] GC(137) Pause Final Update Refs
[141.528s][info][gc,task     ] GC(137) Using 3 of 3 workers for final reference update
[141.528s][info][gc          ] GC(137) Pause Final Update Refs 0.134ms
[141.528s][info][gc,start    ] GC(137) Concurrent cleanup
[141.528s][info][gc          ] GC(137) Concurrent cleanup 1838M->718M(8192M) 0.063ms
[141.529s][info][gc,ergo     ] Free: 7025M, Max: 4096K regular, 5096M humongous, Frag: 28% external, 0% internal; Reserve: 412M, Max: 4096K
[141.529s][info][gc,stats    ] 
[141.529s][info][gc,stats    ] All times are wall-clock times, except per-root-class counters, that are sum over
[141.529s][info][gc,stats    ] all workers. Dividing the <total> over the root stage time estimates parallelism.
[141.529s][info][gc,stats    ] 
[141.529s][info][gc,stats    ] Concurrent Reset                  12087 us
[141.529s][info][gc,stats    ] Pause Init Mark (G)                9390 us
[141.529s][info][gc,stats    ] Pause Init Mark (N)                 278 us
[141.529s][info][gc,stats    ]   Update Region States               84 us
[141.529s][info][gc,stats    ] Concurrent Mark Roots              9479 us, parallelism: 0.93x
[141.529s][info][gc,stats    ]   CMR: <total>                     8826 us
[141.529s][info][gc,stats    ]   CMR: Thread Roots                8653 us, workers (us): 8653, ---, ---, 
[141.529s][info][gc,stats    ]   CMR: VM Strong Roots               32 us, workers (us):  32, ---, ---, 
[141.529s][info][gc,stats    ]   CMR: CLDG Roots                   142 us, workers (us): 142, ---, ---, 
[141.529s][info][gc,stats    ] Concurrent Marking                67865 us
[141.529s][info][gc,stats    ] Pause Final Mark (G)                465 us
[141.529s][info][gc,stats    ] Pause Final Mark (N)                390 us
[141.529s][info][gc,stats    ]   Finish Mark                        73 us
[141.529s][info][gc,stats    ]   Update Region States               34 us
[141.529s][info][gc,stats    ]   Choose Collection Set             123 us
[141.529s][info][gc,stats    ]   Rebuild Free Set                   19 us
[141.529s][info][gc,stats    ] Concurrent Thread Roots            7373 us, parallelism: 0.99x
[141.529s][info][gc,stats    ]   CTR: <total>                     7269 us
[141.529s][info][gc,stats    ]   CTR: Thread Roots                7269 us, workers (us): 7269, ---, ---, 
[141.529s][info][gc,stats    ] Concurrent Weak References          503 us, parallelism: 0.85x
[141.529s][info][gc,stats    ]   CWRF: <total>                     430 us
[141.529s][info][gc,stats    ]   CWRF: Weak References             430 us, workers (us): 430, ---, ---, 
[141.529s][info][gc,stats    ] Concurrent Weak Roots             15301 us
[141.529s][info][gc,stats    ]   Roots                           15042 us, parallelism: 1.00x
[141.529s][info][gc,stats    ]     CWR: <total>                  15011 us
[141.529s][info][gc,stats    ]     CWR: Code Cache Roots         13705 us, workers (us): 13705, ---, ---, 
[141.529s][info][gc,stats    ]     CWR: VM Weak Roots             1200 us, workers (us): 1200, ---, ---, 
[141.529s][info][gc,stats    ]     CWR: CLDG Roots                 105 us, workers (us): 105, ---, ---, 
[141.529s][info][gc,stats    ]   Rendezvous                        194 us
[141.529s][info][gc,stats    ] Concurrent Cleanup                   65 us
[141.529s][info][gc,stats    ] Concurrent Class Unloading        47999 us
[141.529s][info][gc,stats    ]   Unlink Stale                    46316 us
[141.529s][info][gc,stats    ]     System Dictionary               481 us
[141.529s][info][gc,stats    ]     Weak Class Links              17625 us
[141.529s][info][gc,stats    ]     Code Roots                    28208 us
[141.529s][info][gc,stats    ]   Rendezvous                        252 us
[141.529s][info][gc,stats    ]   Purge Unlinked                   1344 us
[141.529s][info][gc,stats    ]     Code Roots                     1269 us
[141.529s][info][gc,stats    ]     CLDG                             75 us
[141.529s][info][gc,stats    ]     Exception Caches                  0 us
[141.529s][info][gc,stats    ] Concurrent Strong Roots             460 us, parallelism: 0.66x
[141.529s][info][gc,stats    ]   CSR: <total>                      305 us
[141.529s][info][gc,stats    ]   CSR: VM Strong Roots                9 us, workers (us):   9, ---, ---, 
[141.529s][info][gc,stats    ]   CSR: CLDG Roots                   296 us, workers (us): 296, ---, ---, 
[141.529s][info][gc,stats    ] Concurrent Evacuation              8086 us
[141.529s][info][gc,stats    ] Pause Init Update Refs (G)          239 us
[141.529s][info][gc,stats    ] Pause Init Update Refs (N)          109 us
[141.529s][info][gc,stats    ]   Manage GCLABs                      19 us
[141.529s][info][gc,stats    ] Concurrent Update Refs            79623 us
[141.529s][info][gc,stats    ] Concurrent Update Thread Roots     6655 us
[141.529s][info][gc,stats    ] Pause Final Update Refs (G)         400 us
[141.529s][info][gc,stats    ] Pause Final Update Refs (N)         151 us
[141.529s][info][gc,stats    ]   Update Region States               55 us
[141.529s][info][gc,stats    ]   Trash Collection Set                9 us
[141.529s][info][gc,stats    ]   Rebuild Free Set                   17 us
[141.529s][info][gc,stats    ] Concurrent Cleanup                   76 us
[141.529s][info][gc,stats    ] 
[141.529s][info][gc,stats    ] Allocation pacing accrued:
[141.529s][info][gc,stats    ]       0 of   594 ms (  0.0%): <total>
[141.529s][info][gc,stats    ]       0 of   594 ms (  0.0%): <average total>
[141.529s][info][gc,stats    ] 
[141.529s][info][gc,metaspace] Metaspace: 156606K(157952K)->156641K(157952K) NonClass: 138574K(139328K)->138604K(139328K) Class: 18032K(18624K)->18036K(18624K)
[141.529s][info][gc,ergo     ] Pacer for Idle. Initial: 163M, Alloc Tax Rate: 1.0x
[142.505s][info][gc          ] Trigger: Explicit GC request (System.gc())
[142.505s][info][gc,ergo     ] Free: 5829M, Max: 4096K regular, 5096M humongous, Frag: 13% external, 0% internal; Reserve: 412M, Max: 4096K
[142.505s][info][gc,start    ] GC(138) Concurrent reset
[142.505s][info][gc,task     ] GC(138) Using 1 of 3 workers for concurrent reset
[142.505s][info][gc,ergo     ] GC(138) Pacer for Reset. Non-Taxable: 8192M
[142.510s][info][gc          ] GC(138) Concurrent reset 5.021ms
[142.511s][info][gc,start    ] GC(138) Pause Init Mark (unload classes)
[142.511s][info][gc,task     ] GC(138) Using 3 of 3 workers for init marking
[142.511s][info][gc,ref      ] GC(138) Clearing All SoftReferences
[142.511s][info][gc,ergo     ] GC(138) Pacer for Mark. Expected Live: 152M, Free: 5829M, Non-Taxable: 582M, Alloc Tax Rate: 0.0x
[142.511s][info][gc          ] GC(138) Pause Init Mark (unload classes) 0.178ms
[142.511s][info][gc,start    ] GC(138) Concurrent marking roots
[142.511s][info][gc,task     ] GC(138) Using 1 of 3 workers for concurrent marking roots
[142.518s][info][gc          ] GC(138) Concurrent marking roots 7.216ms
[142.518s][info][gc,start    ] GC(138) Concurrent marking (unload classes)
[142.518s][info][gc,task     ] GC(138) Using 1 of 3 workers for concurrent marking
[142.570s][info][gc          ] GC(138) Concurrent marking (unload classes) 52.208ms
[142.570s][info][gc,start    ] GC(138) Pause Final Mark (unload classes)
[142.571s][info][gc,task     ] GC(138) Using 3 of 3 workers for final marking
[142.571s][info][gc,ergo     ] GC(138) Adaptive CSet Selection. Target Free: 1160M, Actual Free: 6834M, Max CSet: 341M, Min Garbage: 0B
[142.571s][info][gc,ergo     ] GC(138) Collectable Garbage: 1542M (99%), Immediate: 602M (38%), CSet: 939M (60%)
[142.571s][info][gc,ergo     ] GC(138) Pacer for Evacuation. Used CSet: 947M, Free: 6699M, Non-Taxable: 669M, Alloc Tax Rate: 1.1x
[142.571s][info][gc          ] GC(138) Pause Final Mark (unload classes) 0.541ms
[142.571s][info][gc,start    ] GC(138) Concurrent thread roots
[142.571s][info][gc,task     ] GC(138) Using 1 of 3 workers for Concurrent thread roots
[142.578s][info][gc          ] GC(138) Concurrent thread roots 7.298ms
[142.578s][info][gc,start    ] GC(138) Concurrent weak references
[142.578s][info][gc,task     ] GC(138) Using 1 of 3 workers for concurrent weak references
[142.579s][info][gc,ref      ] GC(138) Encountered references: Soft: 3586, Weak: 17964, Final: 53, Phantom: 598
[142.580s][info][gc,ref      ] GC(138) Discovered  references: Soft: 1314, Weak: 6848, Final: 0, Phantom: 373
[142.580s][info][gc,ref      ] GC(138) Enqueued    references: Soft: 848, Weak: 3397, Final: 0, Phantom: 0
[142.580s][info][gc          ] GC(138) Concurrent weak references 1.131ms
[142.580s][info][gc,start    ] GC(138) Concurrent weak roots
[142.580s][info][gc,task     ] GC(138) Using 1 of 3 workers for concurrent weak root
[142.590s][info][gc          ] GC(138) Concurrent weak roots 9.956ms
[142.590s][info][gc,start    ] GC(138) Concurrent cleanup
[142.590s][info][gc          ] GC(138) Concurrent cleanup 2128M->1529M(8192M) 0.043ms
[142.590s][info][gc,ergo     ] GC(138) Free: 6239M, Max: 4096K regular, 5128M humongous, Frag: 18% external, 0% internal; Reserve: 410M, Max: 4096K
[142.590s][info][gc,start    ] GC(138) Concurrent class unloading
[142.590s][info][gc,task     ] GC(138) Using 1 of 3 workers for concurrent class unloading
[142.639s][info][gc          ] GC(138) Concurrent class unloading 49.643ms
[142.639s][info][gc,start    ] GC(138) Concurrent strong roots
[142.639s][info][gc,task     ] GC(138) Using 1 of 3 workers for concurrent strong root
[142.640s][info][gc          ] GC(138) Concurrent strong roots 0.322ms
[142.640s][info][gc,start    ] GC(138) Concurrent evacuation
[142.640s][info][gc,task     ] GC(138) Using 1 of 3 workers for concurrent evacuation
[142.645s][info][gc          ] GC(138) Concurrent evacuation 5.424ms
[142.645s][info][gc,start    ] GC(138) Pause Init Update Refs
[142.645s][info][gc,ergo     ] GC(138) Pacer for Update Refs. Used: 1599M, Free: 6179M, Non-Taxable: 617M, Alloc Tax Rate: 1.1x
[142.645s][info][gc          ] GC(138) Pause Init Update Refs 0.146ms
[142.646s][info][gc,start    ] GC(138) Concurrent update references
[142.646s][info][gc,task     ] GC(138) Using 1 of 3 workers for concurrent reference update
[142.668s][info][gc          ] GC(138) Concurrent update references 22.732ms
[142.668s][info][gc,start    ] GC(138) Concurrent update thread roots
[142.675s][info][gc          ] GC(138) Concurrent update thread roots 7.043ms
[142.675s][info][gc,start    ] GC(138) Pause Final Update Refs
[142.675s][info][gc,task     ] GC(138) Using 3 of 3 workers for final reference update
[142.676s][info][gc          ] GC(138) Pause Final Update Refs 0.162ms
[142.676s][info][gc,start    ] GC(138) Concurrent cleanup
[142.676s][info][gc          ] GC(138) Concurrent cleanup 1599M->652M(8192M) 0.103ms
[142.676s][info][gc,ergo     ] Free: 7127M, Max: 4096K regular, 5220M humongous, Frag: 27% external, 0% internal; Reserve: 412M, Max: 4096K
[142.676s][info][gc,stats    ] 
[142.676s][info][gc,stats    ] All times are wall-clock times, except per-root-class counters, that are sum over
[142.676s][info][gc,stats    ] all workers. Dividing the <total> over the root stage time estimates parallelism.
[142.676s][info][gc,stats    ] 
[142.676s][info][gc,stats    ] Concurrent Reset                   5073 us
[142.676s][info][gc,stats    ] Pause Init Mark (G)                 369 us
[142.676s][info][gc,stats    ] Pause Init Mark (N)                 187 us
[142.676s][info][gc,stats    ]   Update Region States               73 us
[142.676s][info][gc,stats    ] Concurrent Mark Roots              7277 us, parallelism: 0.94x
[142.676s][info][gc,stats    ]   CMR: <total>                     6850 us
[142.676s][info][gc,stats    ]   CMR: Thread Roots                6638 us, workers (us): 6638, ---, ---, 
[142.676s][info][gc,stats    ]   CMR: VM Strong Roots               26 us, workers (us):  26, ---, ---, 
[142.676s][info][gc,stats    ]   CMR: CLDG Roots                   186 us, workers (us): 186, ---, ---, 
[142.676s][info][gc,stats    ] Concurrent Marking                52272 us
[142.676s][info][gc,stats    ] Pause Final Mark (G)                699 us
[142.676s][info][gc,stats    ] Pause Final Mark (N)                563 us
[142.676s][info][gc,stats    ]   Finish Mark                       133 us
[142.676s][info][gc,stats    ]   Update Region States               66 us
[142.676s][info][gc,stats    ]   Choose Collection Set             182 us
[142.676s][info][gc,stats    ]   Rebuild Free Set                   25 us
[142.676s][info][gc,stats    ] Concurrent Thread Roots            7342 us, parallelism: 0.97x
[142.676s][info][gc,stats    ]   CTR: <total>                     7148 us
[142.676s][info][gc,stats    ]   CTR: Thread Roots                7148 us, workers (us): 7148, ---, ---, 
[142.676s][info][gc,stats    ] Concurrent Weak References         1147 us, parallelism: 0.84x
[142.676s][info][gc,stats    ]   CWRF: <total>                     959 us
[142.676s][info][gc,stats    ]   CWRF: Weak References             959 us, workers (us): 959, ---, ---, 
[142.676s][info][gc,stats    ] Concurrent Weak Roots             10001 us
[142.676s][info][gc,stats    ]   Roots                            9740 us, parallelism: 0.99x
[142.676s][info][gc,stats    ]     CWR: <total>                   9683 us
[142.676s][info][gc,stats    ]     CWR: Code Cache Roots          8797 us, workers (us): 8797, ---, ---, 
[142.676s][info][gc,stats    ]     CWR: VM Weak Roots              806 us, workers (us): 806, ---, ---, 
[142.676s][info][gc,stats    ]     CWR: CLDG Roots                  81 us, workers (us):  81, ---, ---, 
[142.676s][info][gc,stats    ]   Rendezvous                        181 us
[142.676s][info][gc,stats    ] Concurrent Cleanup                   53 us
[142.676s][info][gc,stats    ] Concurrent Class Unloading        49690 us
[142.676s][info][gc,stats    ]   Unlink Stale                    47444 us
[142.676s][info][gc,stats    ]     System Dictionary              1838 us
[142.676s][info][gc,stats    ]     Weak Class Links              17578 us
[142.676s][info][gc,stats    ]     Code Roots                    28025 us
[142.676s][info][gc,stats    ]   Rendezvous                        201 us
[142.676s][info][gc,stats    ]   Purge Unlinked                   1979 us
[142.676s][info][gc,stats    ]     Code Roots                     1170 us
[142.676s][info][gc,stats    ]     CLDG                            808 us
[142.676s][info][gc,stats    ]     Exception Caches                  0 us
[142.676s][info][gc,stats    ] Concurrent Strong Roots             342 us, parallelism: 0.65x
[142.676s][info][gc,stats    ]   CSR: <total>                      221 us
[142.676s][info][gc,stats    ]   CSR: VM Strong Roots                8 us, workers (us):   8, ---, ---, 
[142.676s][info][gc,stats    ]   CSR: CLDG Roots                   212 us, workers (us): 212, ---, ---, 
[142.676s][info][gc,stats    ] Concurrent Evacuation              5498 us
[142.676s][info][gc,stats    ] Pause Init Update Refs (G)          329 us
[142.676s][info][gc,stats    ] Pause Init Update Refs (N)          167 us
[142.676s][info][gc,stats    ]   Manage GCLABs                      44 us
[142.676s][info][gc,stats    ] Concurrent Update Refs            22801 us
[142.676s][info][gc,stats    ] Concurrent Update Thread Roots     7092 us
[142.676s][info][gc,stats    ] Pause Final Update Refs (G)         281 us
[142.676s][info][gc,stats    ] Pause Final Update Refs (N)         180 us
[142.676s][info][gc,stats    ]   Update Region States               86 us
[142.676s][info][gc,stats    ]   Trash Collection Set               11 us
[142.676s][info][gc,stats    ]   Rebuild Free Set                   21 us
[142.676s][info][gc,stats    ] Concurrent Cleanup                  129 us
[142.676s][info][gc,stats    ] 
[142.676s][info][gc,stats    ] Allocation pacing accrued:
[142.676s][info][gc,stats    ]       0 of  1147 ms (  0.0%): <total>
[142.676s][info][gc,stats    ]       0 of  1147 ms (  0.0%): <average total>
[142.676s][info][gc,stats    ] 
[142.676s][info][gc,metaspace] Metaspace: 156805K(158016K)->155770K(157952K) NonClass: 138743K(139328K)->137880K(139328K) Class: 18061K(18688K)->17890K(18624K)
[142.676s][info][gc,ergo     ] Pacer for Idle. Initial: 163M, Alloc Tax Rate: 1.0x
[143.004s][info][gc          ] Trigger: Learning 2 of 5. Free (5627M) is below initial threshold (5734M)
[143.004s][info][gc,ergo     ] Free: 5627M, Max: 4096K regular, 5220M humongous, Frag: 8% external, 0% internal; Reserve: 412M, Max: 4096K
[143.004s][info][gc,start    ] GC(139) Concurrent reset
[143.004s][info][gc,task     ] GC(139) Using 1 of 3 workers for concurrent reset
[143.004s][info][gc,ergo     ] GC(139) Pacer for Reset. Non-Taxable: 8192M
[143.018s][info][gc          ] GC(139) Concurrent reset 14.160ms
[143.019s][info][gc,start    ] GC(139) Pause Init Mark (unload classes)
[143.019s][info][gc,task     ] GC(139) Using 3 of 3 workers for init marking
[143.019s][info][gc,ergo     ] GC(139) Pacer for Mark. Expected Live: 141M, Free: 5527M, Non-Taxable: 552M, Alloc Tax Rate: 0.0x
[143.019s][info][gc          ] GC(139) Pause Init Mark (unload classes) 0.143ms
[143.019s][info][gc,start    ] GC(139) Concurrent marking roots
[143.019s][info][gc,task     ] GC(139) Using 1 of 3 workers for concurrent marking roots
[143.028s][info][gc          ] GC(139) Concurrent marking roots 8.749ms
[143.028s][info][gc,start    ] GC(139) Concurrent marking (unload classes)
[143.028s][info][gc,task     ] GC(139) Using 1 of 3 workers for concurrent marking
[143.119s][info][gc          ] GC(139) Concurrent marking (unload classes) 91.274ms
[143.119s][info][gc,start    ] GC(139) Pause Final Mark (unload classes)
[143.119s][info][gc,task     ] GC(139) Using 3 of 3 workers for final marking
[143.120s][info][gc,ergo     ] GC(139) Adaptive CSet Selection. Target Free: 1160M, Actual Free: 6576M, Max CSet: 341M, Min Garbage: 0B
[143.120s][info][gc,ergo     ] GC(139) Collectable Garbage: 2037M (99%), Immediate: 972M (47%), CSet: 1064M (52%)
[143.120s][info][gc,ergo     ] GC(139) Pacer for Evacuation. Used CSet: 1125M, Free: 6201M, Non-Taxable: 620M, Alloc Tax Rate: 1.1x
[143.120s][info][gc          ] GC(139) Pause Final Mark (unload classes) 0.334ms
[143.120s][info][gc,start    ] GC(139) Concurrent thread roots
[143.120s][info][gc,task     ] GC(139) Using 1 of 3 workers for Concurrent thread roots
[143.127s][info][gc          ] GC(139) Concurrent thread roots 7.282ms
[143.127s][info][gc,start    ] GC(139) Concurrent weak references
[143.127s][info][gc,task     ] GC(139) Using 1 of 3 workers for concurrent weak references
[143.128s][info][gc,ref      ] GC(139) Encountered references: Soft: 3714, Weak: 14992, Final: 53, Phantom: 598
[143.128s][info][gc,ref      ] GC(139) Discovered  references: Soft: 0, Weak: 7916, Final: 0, Phantom: 278
[143.128s][info][gc,ref      ] GC(139) Enqueued    references: Soft: 0, Weak: 211, Final: 0, Phantom: 0
[143.128s][info][gc          ] GC(139) Concurrent weak references 0.678ms
[143.128s][info][gc,start    ] GC(139) Concurrent weak roots
[143.128s][info][gc,task     ] GC(139) Using 1 of 3 workers for concurrent weak root
[143.137s][info][gc          ] GC(139) Concurrent weak roots 9.587ms
[143.137s][info][gc,start    ] GC(139) Concurrent cleanup
[143.137s][info][gc          ] GC(139) Concurrent cleanup 2603M->1630M(8192M) 0.064ms
[143.137s][info][gc,ergo     ] GC(139) Free: 6128M, Max: 4096K regular, 5120M humongous, Frag: 17% external, 0% internal; Reserve: 411M, Max: 4096K
[143.137s][info][gc,start    ] GC(139) Concurrent class unloading
[143.137s][info][gc,task     ] GC(139) Using 1 of 3 workers for concurrent class unloading
[143.192s][info][gc          ] GC(139) Concurrent class unloading 54.645ms
[143.192s][info][gc,start    ] GC(139) Concurrent strong roots
[143.192s][info][gc,task     ] GC(139) Using 1 of 3 workers for concurrent strong root
[143.193s][info][gc          ] GC(139) Concurrent strong roots 0.409ms
[143.193s][info][gc,start    ] GC(139) Concurrent evacuation
[143.193s][info][gc,task     ] GC(139) Using 1 of 3 workers for concurrent evacuation
[143.201s][info][gc          ] GC(139) Concurrent evacuation 8.605ms
[143.201s][info][gc,start    ] GC(139) Pause Init Update Refs
[143.201s][info][gc,ergo     ] GC(139) Pacer for Update Refs. Used: 1780M, Free: 6044M, Non-Taxable: 604M, Alloc Tax Rate: 1.1x
[143.201s][info][gc          ] GC(139) Pause Init Update Refs 0.072ms
[143.201s][info][gc,start    ] GC(139) Concurrent update references
[143.201s][info][gc,task     ] GC(139) Using 1 of 3 workers for concurrent reference update
[143.270s][info][gc          ] GC(139) Concurrent update references 68.178ms
[143.270s][info][gc,start    ] GC(139) Concurrent update thread roots
[143.276s][info][gc          ] GC(139) Concurrent update thread roots 6.690ms
[143.276s][info][gc,start    ] GC(139) Pause Final Update Refs
[143.276s][info][gc,task     ] GC(139) Using 3 of 3 workers for final reference update
[143.277s][info][gc          ] GC(139) Pause Final Update Refs 0.090ms
[143.277s][info][gc,start    ] GC(139) Concurrent cleanup
[143.277s][info][gc          ] GC(139) Concurrent cleanup 1848M->722M(8192M) 0.050ms
[143.277s][info][gc,ergo     ] Free: 7009M, Max: 4096K regular, 5048M humongous, Frag: 28% external, 0% internal; Reserve: 412M, Max: 4096K
[143.277s][info][gc,stats    ] 
[143.277s][info][gc,stats    ] All times are wall-clock times, except per-root-class counters, that are sum over
[143.277s][info][gc,stats    ] all workers. Dividing the <total> over the root stage time estimates parallelism.
[143.277s][info][gc,stats    ] 
[143.277s][info][gc,stats    ] Concurrent Reset                  14313 us
[143.277s][info][gc,stats    ] Pause Init Mark (G)                 563 us
[143.277s][info][gc,stats    ] Pause Init Mark (N)                 153 us
[143.277s][info][gc,stats    ]   Update Region States               39 us
[143.277s][info][gc,stats    ] Concurrent Mark Roots              8896 us, parallelism: 0.94x
[143.277s][info][gc,stats    ]   CMR: <total>                     8394 us
[143.277s][info][gc,stats    ]   CMR: Thread Roots                8239 us, workers (us): 8239, ---, ---, 
[143.277s][info][gc,stats    ]   CMR: VM Strong Roots               21 us, workers (us):  21, ---, ---, 
[143.277s][info][gc,stats    ]   CMR: CLDG Roots                   134 us, workers (us): 134, ---, ---, 
[143.277s][info][gc,stats    ] Concurrent Marking                91338 us
[143.277s][info][gc,stats    ] Pause Final Mark (G)                401 us
[143.277s][info][gc,stats    ] Pause Final Mark (N)                343 us
[143.277s][info][gc,stats    ]   Finish Mark                       121 us
[143.277s][info][gc,stats    ]   Update Region States               43 us
[143.277s][info][gc,stats    ]   Choose Collection Set              81 us
[143.277s][info][gc,stats    ]   Rebuild Free Set                    9 us
[143.277s][info][gc,stats    ] Concurrent Thread Roots            7335 us, parallelism: 0.98x
[143.277s][info][gc,stats    ]   CTR: <total>                     7168 us
[143.277s][info][gc,stats    ]   CTR: Thread Roots                7168 us, workers (us): 7168, ---, ---, 
[143.277s][info][gc,stats    ] Concurrent Weak References          696 us, parallelism: 0.74x
[143.277s][info][gc,stats    ]   CWRF: <total>                     514 us
[143.277s][info][gc,stats    ]   CWRF: Weak References             514 us, workers (us): 514, ---, ---, 
[143.277s][info][gc,stats    ] Concurrent Weak Roots              9650 us
[143.277s][info][gc,stats    ]   Roots                            9341 us, parallelism: 0.99x
[143.277s][info][gc,stats    ]     CWR: <total>                   9260 us
[143.277s][info][gc,stats    ]     CWR: Code Cache Roots          7751 us, workers (us): 7751, ---, ---, 
[143.277s][info][gc,stats    ]     CWR: VM Weak Roots             1402 us, workers (us): 1402, ---, ---, 
[143.277s][info][gc,stats    ]     CWR: CLDG Roots                 106 us, workers (us): 106, ---, ---, 
[143.277s][info][gc,stats    ]   Rendezvous                        210 us
[143.277s][info][gc,stats    ] Concurrent Cleanup                   82 us
[143.277s][info][gc,stats    ] Concurrent Class Unloading        54688 us
[143.277s][info][gc,stats    ]   Unlink Stale                    53111 us
[143.277s][info][gc,stats    ]     System Dictionary               529 us
[143.277s][info][gc,stats    ]     Weak Class Links              18323 us
[143.277s][info][gc,stats    ]     Code Roots                    34257 us
[143.277s][info][gc,stats    ]   Rendezvous                        165 us
[143.277s][info][gc,stats    ]   Purge Unlinked                   1333 us
[143.277s][info][gc,stats    ]     Code Roots                     1256 us
[143.277s][info][gc,stats    ]     CLDG                             76 us
[143.277s][info][gc,stats    ]     Exception Caches                  0 us
[143.277s][info][gc,stats    ] Concurrent Strong Roots             422 us, parallelism: 0.71x
[143.277s][info][gc,stats    ]   CSR: <total>                      298 us
[143.277s][info][gc,stats    ]   CSR: VM Strong Roots                9 us, workers (us):   9, ---, ---, 
[143.277s][info][gc,stats    ]   CSR: CLDG Roots                   289 us, workers (us): 289, ---, ---, 
[143.277s][info][gc,stats    ] Concurrent Evacuation              8647 us
[143.277s][info][gc,stats    ] Pause Init Update Refs (G)          175 us
[143.277s][info][gc,stats    ] Pause Init Update Refs (N)           80 us
[143.277s][info][gc,stats    ]   Manage GCLABs                      19 us
[143.277s][info][gc,stats    ] Concurrent Update Refs            68234 us
[143.277s][info][gc,stats    ] Concurrent Update Thread Roots     6734 us
[143.277s][info][gc,stats    ] Pause Final Update Refs (G)         197 us
[143.277s][info][gc,stats    ] Pause Final Update Refs (N)         100 us
[143.277s][info][gc,stats    ]   Update Region States               35 us
[143.277s][info][gc,stats    ]   Trash Collection Set                5 us
[143.277s][info][gc,stats    ]   Rebuild Free Set                   10 us
[143.277s][info][gc,stats    ] Concurrent Cleanup                   60 us
[143.277s][info][gc,stats    ] 
[143.277s][info][gc,stats    ] Allocation pacing accrued:
[143.277s][info][gc,stats    ]       0 of   601 ms (  0.0%): <total>
[143.277s][info][gc,stats    ]       0 of   601 ms (  0.0%): <average total>
[143.277s][info][gc,stats    ] 
[143.277s][info][gc,metaspace] Metaspace: 156630K(157952K)->156663K(157952K) NonClass: 138593K(139328K)->138621K(139328K) Class: 18037K(18624K)->18042K(18624K)
[143.277s][info][gc,ergo     ] Pacer for Idle. Initial: 163M, Alloc Tax Rate: 1.0x
[144.191s][info][gc          ] Trigger: Explicit GC request (System.gc())
[144.191s][info][gc,ergo     ] Free: 5880M, Max: 4096K regular, 5048M humongous, Frag: 15% external, 0% internal; Reserve: 412M, Max: 4096K
[144.192s][info][gc,start    ] GC(140) Concurrent reset
[144.192s][info][gc,task     ] GC(140) Using 1 of 3 workers for concurrent reset
[144.192s][info][gc,ergo     ] GC(140) Pacer for Reset. Non-Taxable: 8192M
[144.197s][info][gc          ] GC(140) Concurrent reset 5.437ms
[144.197s][info][gc,start    ] GC(140) Pause Init Mark (unload classes)
[144.197s][info][gc,task     ] GC(140) Using 3 of 3 workers for init marking
[144.197s][info][gc,ref      ] GC(140) Clearing All SoftReferences
[144.197s][info][gc,ergo     ] GC(140) Pacer for Mark. Expected Live: 152M, Free: 5880M, Non-Taxable: 588M, Alloc Tax Rate: 0.0x
[144.197s][info][gc          ] GC(140) Pause Init Mark (unload classes) 0.201ms
[144.197s][info][gc,start    ] GC(140) Concurrent marking roots
[144.197s][info][gc,task     ] GC(140) Using 1 of 3 workers for concurrent marking roots
[144.204s][info][gc          ] GC(140) Concurrent marking roots 6.687ms
[144.204s][info][gc,start    ] GC(140) Concurrent marking (unload classes)
[144.204s][info][gc,task     ] GC(140) Using 1 of 3 workers for concurrent marking
[144.257s][info][gc          ] GC(140) Concurrent marking (unload classes) 53.249ms
[144.258s][info][gc,start    ] GC(140) Pause Final Mark (unload classes)
[144.258s][info][gc,task     ] GC(140) Using 3 of 3 workers for final marking
[144.258s][info][gc,ergo     ] GC(140) Adaptive CSet Selection. Target Free: 1160M, Actual Free: 6835M, Max CSet: 341M, Min Garbage: 0B
[144.258s][info][gc,ergo     ] GC(140) Collectable Garbage: 1499M (99%), Immediate: 555M (36%), CSet: 944M (62%)
[144.258s][info][gc,ergo     ] GC(140) Pacer for Evacuation. Used CSet: 949M, Free: 6695M, Non-Taxable: 669M, Alloc Tax Rate: 1.1x
[144.258s][info][gc          ] GC(140) Pause Final Mark (unload classes) 0.536ms
[144.258s][info][gc,start    ] GC(140) Concurrent thread roots
[144.258s][info][gc,task     ] GC(140) Using 1 of 3 workers for Concurrent thread roots
[144.265s][info][gc          ] GC(140) Concurrent thread roots 6.441ms
[144.265s][info][gc,start    ] GC(140) Concurrent weak references
[144.265s][info][gc,task     ] GC(140) Using 1 of 3 workers for concurrent weak references
[144.266s][info][gc,ref      ] GC(140) Encountered references: Soft: 3588, Weak: 17969, Final: 53, Phantom: 598
[144.266s][info][gc,ref      ] GC(140) Discovered  references: Soft: 1316, Weak: 6852, Final: 0, Phantom: 373
[144.266s][info][gc,ref      ] GC(140) Enqueued    references: Soft: 850, Weak: 3401, Final: 0, Phantom: 0
[144.266s][info][gc          ] GC(140) Concurrent weak references 1.163ms
[144.266s][info][gc,start    ] GC(140) Concurrent weak roots
[144.266s][info][gc,task     ] GC(140) Using 1 of 3 workers for concurrent weak root
[144.276s][info][gc          ] GC(140) Concurrent weak roots 10.551ms
[144.276s][info][gc,start    ] GC(140) Concurrent cleanup
[144.276s][info][gc          ] GC(140) Concurrent cleanup 1994M->1439M(8192M) 0.040ms
[144.276s][info][gc,ergo     ] GC(140) Free: 6335M, Max: 4096K regular, 5092M humongous, Frag: 20% external, 0% internal; Reserve: 410M, Max: 4096K
[144.276s][info][gc,start    ] GC(140) Concurrent class unloading
[144.276s][info][gc,task     ] GC(140) Using 1 of 3 workers for concurrent class unloading
[144.326s][info][gc          ] GC(140) Concurrent class unloading 49.886ms
[144.326s][info][gc,start    ] GC(140) Concurrent strong roots
[144.326s][info][gc,task     ] GC(140) Using 1 of 3 workers for concurrent strong root
[144.327s][info][gc          ] GC(140) Concurrent strong roots 0.320ms
[144.327s][info][gc,start    ] GC(140) Concurrent evacuation
[144.327s][info][gc,task     ] GC(140) Using 1 of 3 workers for concurrent evacuation
[144.331s][info][gc          ] GC(140) Concurrent evacuation 3.932ms
[144.331s][info][gc,start    ] GC(140) Pause Init Update Refs
[144.331s][info][gc,ergo     ] GC(140) Pacer for Update Refs. Used: 1617M, Free: 6163M, Non-Taxable: 616M, Alloc Tax Rate: 1.1x
[144.331s][info][gc          ] GC(140) Pause Init Update Refs 0.139ms
[144.331s][info][gc,start    ] GC(140) Concurrent update references
[144.331s][info][gc,task     ] GC(140) Using 1 of 3 workers for concurrent reference update
[144.354s][info][gc          ] GC(140) Concurrent update references 22.906ms
[144.354s][info][gc,start    ] GC(140) Concurrent update thread roots
[144.361s][info][gc          ] GC(140) Concurrent update thread roots 7.458ms
[144.361s][info][gc,start    ] GC(140) Pause Final Update Refs
[144.361s][info][gc,task     ] GC(140) Using 3 of 3 workers for final reference update
[144.362s][info][gc          ] GC(140) Pause Final Update Refs 0.307ms
[144.362s][info][gc,start    ] GC(140) Concurrent cleanup
[144.362s][info][gc          ] GC(140) Concurrent cleanup 1617M->667M(8192M) 0.073ms
[144.362s][info][gc,ergo     ] Free: 7112M, Max: 4096K regular, 5220M humongous, Frag: 27% external, 0% internal; Reserve: 412M, Max: 4096K
[144.362s][info][gc,stats    ] 
[144.362s][info][gc,stats    ] All times are wall-clock times, except per-root-class counters, that are sum over
[144.362s][info][gc,stats    ] all workers. Dividing the <total> over the root stage time estimates parallelism.
[144.362s][info][gc,stats    ] 
[144.362s][info][gc,stats    ] Concurrent Reset                   5492 us
[144.362s][info][gc,stats    ] Pause Init Mark (G)                 318 us
[144.362s][info][gc,stats    ] Pause Init Mark (N)                 210 us
[144.362s][info][gc,stats    ]   Update Region States              116 us
[144.362s][info][gc,stats    ] Concurrent Mark Roots              6736 us, parallelism: 0.96x
[144.362s][info][gc,stats    ]   CMR: <total>                     6458 us
[144.362s][info][gc,stats    ]   CMR: Thread Roots                6303 us, workers (us): 6303, ---, ---, 
[144.362s][info][gc,stats    ]   CMR: VM Strong Roots               18 us, workers (us):  18, ---, ---, 
[144.362s][info][gc,stats    ]   CMR: CLDG Roots                   137 us, workers (us): 137, ---, ---, 
[144.362s][info][gc,stats    ] Concurrent Marking                53303 us
[144.362s][info][gc,stats    ] Pause Final Mark (G)                667 us
[144.362s][info][gc,stats    ] Pause Final Mark (N)                547 us
[144.362s][info][gc,stats    ]   Finish Mark                       101 us
[144.362s][info][gc,stats    ]   Update Region States              100 us
[144.362s][info][gc,stats    ]   Choose Collection Set             183 us
[144.362s][info][gc,stats    ]   Rebuild Free Set                   25 us
[144.362s][info][gc,stats    ] Concurrent Thread Roots            6484 us, parallelism: 0.98x
[144.362s][info][gc,stats    ]   CTR: <total>                     6346 us
[144.362s][info][gc,stats    ]   CTR: Thread Roots                6346 us, workers (us): 6346, ---, ---, 
[144.362s][info][gc,stats    ] Concurrent Weak References         1179 us, parallelism: 0.81x
[144.362s][info][gc,stats    ]   CWRF: <total>                     957 us
[144.362s][info][gc,stats    ]   CWRF: Weak References             957 us, workers (us): 957, ---, ---, 
[144.362s][info][gc,stats    ] Concurrent Weak Roots             10591 us
[144.362s][info][gc,stats    ]   Roots                           10341 us, parallelism: 0.99x
[144.362s][info][gc,stats    ]     CWR: <total>                  10273 us
[144.362s][info][gc,stats    ]     CWR: Code Cache Roots          8695 us, workers (us): 8695, ---, ---, 
[144.362s][info][gc,stats    ]     CWR: VM Weak Roots             1500 us, workers (us): 1500, ---, ---, 
[144.362s][info][gc,stats    ]     CWR: CLDG Roots                  78 us, workers (us):  78, ---, ---, 
[144.362s][info][gc,stats    ]   Rendezvous                        175 us
[144.362s][info][gc,stats    ] Concurrent Cleanup                   50 us
[144.362s][info][gc,stats    ] Concurrent Class Unloading        49934 us
[144.362s][info][gc,stats    ]   Unlink Stale                    47374 us
[144.362s][info][gc,stats    ]     System Dictionary              1862 us
[144.362s][info][gc,stats    ]     Weak Class Links              17427 us
[144.362s][info][gc,stats    ]     Code Roots                    28084 us
[144.362s][info][gc,stats    ]   Rendezvous                        186 us
[144.362s][info][gc,stats    ]   Purge Unlinked                   2301 us
[144.362s][info][gc,stats    ]     Code Roots                     1516 us
[144.362s][info][gc,stats    ]     CLDG                            785 us
[144.362s][info][gc,stats    ]     Exception Caches                  0 us
[144.362s][info][gc,stats    ] Concurrent Strong Roots             331 us, parallelism: 0.65x
[144.362s][info][gc,stats    ]   CSR: <total>                      214 us
[144.362s][info][gc,stats    ]   CSR: VM Strong Roots                7 us, workers (us):   7, ---, ---, 
[144.362s][info][gc,stats    ]   CSR: CLDG Roots                   207 us, workers (us): 207, ---, ---, 
[144.362s][info][gc,stats    ] Concurrent Evacuation              3988 us
[144.362s][info][gc,stats    ] Pause Init Update Refs (G)          263 us
[144.362s][info][gc,stats    ] Pause Init Update Refs (N)          161 us
[144.362s][info][gc,stats    ]   Manage GCLABs                      37 us
[144.362s][info][gc,stats    ] Concurrent Update Refs            22971 us
[144.362s][info][gc,stats    ] Concurrent Update Thread Roots     7483 us
[144.362s][info][gc,stats    ] Pause Final Update Refs (G)         360 us
[144.362s][info][gc,stats    ] Pause Final Update Refs (N)         317 us
[144.362s][info][gc,stats    ]   Update Region States              236 us
[144.362s][info][gc,stats    ]   Trash Collection Set               11 us
[144.362s][info][gc,stats    ]   Rebuild Free Set                   21 us
[144.363s][info][gc,stats    ] Concurrent Cleanup                   96 us
[144.363s][info][gc,stats    ] 
[144.363s][info][gc,stats    ] Allocation pacing accrued:
[144.363s][info][gc,stats    ]       0 of  1085 ms (  0.0%): <total>
[144.363s][info][gc,stats    ]       0 of  1085 ms (  0.0%): <average total>
[144.363s][info][gc,stats    ] 
[144.363s][info][gc,metaspace] Metaspace: 156806K(158016K)->155770K(157952K) NonClass: 138744K(139328K)->137880K(139328K) Class: 18061K(18688K)->17890K(18624K)
[144.363s][info][gc,ergo     ] Pacer for Idle. Initial: 163M, Alloc Tax Rate: 1.0x
[144.693s][info][gc          ] Trigger: Learning 2 of 5. Free (5608M) is below initial threshold (5734M)
[144.693s][info][gc,ergo     ] Free: 5608M, Max: 4096K regular, 5220M humongous, Frag: 7% external, 0% internal; Reserve: 412M, Max: 4096K
[144.693s][info][gc,start    ] GC(141) Concurrent reset
[144.693s][info][gc,task     ] GC(141) Using 1 of 3 workers for concurrent reset
[144.693s][info][gc,ergo     ] GC(141) Pacer for Reset. Non-Taxable: 8192M
[144.708s][info][gc          ] GC(141) Concurrent reset 14.422ms
[144.708s][info][gc,start    ] GC(141) Pause Init Mark (unload classes)
[144.708s][info][gc,task     ] GC(141) Using 3 of 3 workers for init marking
[144.709s][info][gc,ergo     ] GC(141) Pacer for Mark. Expected Live: 141M, Free: 5508M, Non-Taxable: 550M, Alloc Tax Rate: 0.0x
[144.709s][info][gc          ] GC(141) Pause Init Mark (unload classes) 0.155ms
[144.709s][info][gc,start    ] GC(141) Concurrent marking roots
[144.709s][info][gc,task     ] GC(141) Using 1 of 3 workers for concurrent marking roots
[144.719s][info][gc          ] GC(141) Concurrent marking roots 9.314ms
[144.719s][info][gc,start    ] GC(141) Concurrent marking (unload classes)
[144.719s][info][gc,task     ] GC(141) Using 1 of 3 workers for concurrent marking
[144.789s][info][gc          ] GC(141) Concurrent marking (unload classes) 70.153ms
[144.789s][info][gc,start    ] GC(141) Pause Final Mark (unload classes)
[144.789s][info][gc,task     ] GC(141) Using 3 of 3 workers for final marking
[144.789s][info][gc,ergo     ] GC(141) Adaptive CSet Selection. Target Free: 1160M, Actual Free: 6596M, Max CSet: 341M, Min Garbage: 0B
[144.789s][info][gc,ergo     ] GC(141) Collectable Garbage: 2055M (99%), Immediate: 976M (47%), CSet: 1078M (52%)
[144.789s][info][gc,ergo     ] GC(141) Pacer for Evacuation. Used CSet: 1139M, Free: 6221M, Non-Taxable: 622M, Alloc Tax Rate: 1.1x
[144.789s][info][gc          ] GC(141) Pause Final Mark (unload classes) 0.256ms
[144.789s][info][gc,start    ] GC(141) Concurrent thread roots
[144.789s][info][gc,task     ] GC(141) Using 1 of 3 workers for Concurrent thread roots
[144.796s][info][gc          ] GC(141) Concurrent thread roots 6.784ms
[144.796s][info][gc,start    ] GC(141) Concurrent weak references
[144.796s][info][gc,task     ] GC(141) Using 1 of 3 workers for concurrent weak references
[144.797s][info][gc,ref      ] GC(141) Encountered references: Soft: 3714, Weak: 14985, Final: 53, Phantom: 598
[144.797s][info][gc,ref      ] GC(141) Discovered  references: Soft: 0, Weak: 8287, Final: 0, Phantom: 278
[144.797s][info][gc,ref      ] GC(141) Enqueued    references: Soft: 0, Weak: 212, Final: 0, Phantom: 0
[144.797s][info][gc          ] GC(141) Concurrent weak references 0.635ms
[144.797s][info][gc,start    ] GC(141) Concurrent weak roots
[144.797s][info][gc,task     ] GC(141) Using 1 of 3 workers for concurrent weak root
[144.806s][info][gc          ] GC(141) Concurrent weak roots 9.078ms
[144.806s][info][gc,start    ] GC(141) Concurrent cleanup
[144.806s][info][gc          ] GC(141) Concurrent cleanup 2609M->1632M(8192M) 0.039ms
[144.806s][info][gc,ergo     ] GC(141) Free: 6140M, Max: 4096K regular, 5128M humongous, Frag: 17% external, 0% internal; Reserve: 398M, Max: 4096K
[144.806s][info][gc,start    ] GC(141) Concurrent class unloading
[144.806s][info][gc,task     ] GC(141) Using 1 of 3 workers for concurrent class unloading
[144.860s][info][gc          ] GC(141) Concurrent class unloading 54.156ms
[144.860s][info][gc,start    ] GC(141) Concurrent strong roots
[144.860s][info][gc,task     ] GC(141) Using 1 of 3 workers for concurrent strong root
[144.861s][info][gc          ] GC(141) Concurrent strong roots 0.416ms
[144.861s][info][gc,start    ] GC(141) Concurrent evacuation
[144.861s][info][gc,task     ] GC(141) Using 1 of 3 workers for concurrent evacuation
[144.869s][info][gc          ] GC(141) Concurrent evacuation 7.951ms
[144.869s][info][gc,start    ] GC(141) Pause Init Update Refs
[144.869s][info][gc,ergo     ] GC(141) Pacer for Update Refs. Used: 1746M, Free: 6072M, Non-Taxable: 607M, Alloc Tax Rate: 1.1x
[144.869s][info][gc          ] GC(141) Pause Init Update Refs 0.070ms
[144.869s][info][gc,start    ] GC(141) Concurrent update references
[144.869s][info][gc,task     ] GC(141) Using 1 of 3 workers for concurrent reference update
[144.935s][info][gc          ] GC(141) Concurrent update references 65.646ms
[144.935s][info][gc,start    ] GC(141) Concurrent update thread roots
[144.942s][info][gc          ] GC(141) Concurrent update thread roots 7.062ms
[144.942s][info][gc,start    ] GC(141) Pause Final Update Refs
[144.942s][info][gc,task     ] GC(141) Using 3 of 3 workers for final reference update
[144.942s][info][gc          ] GC(141) Pause Final Update Refs 0.160ms
[144.942s][info][gc,start    ] GC(141) Concurrent cleanup
[144.942s][info][gc          ] GC(141) Concurrent cleanup 1812M->673M(8192M) 0.084ms
[144.942s][info][gc,ergo     ] Free: 7062M, Max: 4096K regular, 5064M humongous, Frag: 29% external, 0% internal; Reserve: 412M, Max: 4096K
[144.942s][info][gc,stats    ] 
[144.942s][info][gc,stats    ] All times are wall-clock times, except per-root-class counters, that are sum over
[144.942s][info][gc,stats    ] all workers. Dividing the <total> over the root stage time estimates parallelism.
[144.942s][info][gc,stats    ] 
[144.942s][info][gc,stats    ] Concurrent Reset                  14556 us
[144.942s][info][gc,stats    ] Pause Init Mark (G)                1389 us
[144.942s][info][gc,stats    ] Pause Init Mark (N)                 172 us
[144.942s][info][gc,stats    ]   Update Region States               56 us
[144.942s][info][gc,stats    ] Concurrent Mark Roots              9481 us, parallelism: 0.93x
[144.942s][info][gc,stats    ]   CMR: <total>                     8842 us
[144.942s][info][gc,stats    ]   CMR: Thread Roots                8688 us, workers (us): 8688, ---, ---, 
[144.942s][info][gc,stats    ]   CMR: VM Strong Roots               24 us, workers (us):  24, ---, ---, 
[144.942s][info][gc,stats    ]   CMR: CLDG Roots                   130 us, workers (us): 130, ---, ---, 
[144.942s][info][gc,stats    ] Concurrent Marking                70199 us
[144.942s][info][gc,stats    ] Pause Final Mark (G)                352 us
[144.942s][info][gc,stats    ] Pause Final Mark (N)                264 us
[144.942s][info][gc,stats    ]   Finish Mark                        68 us
[144.942s][info][gc,stats    ]   Update Region States               40 us
[144.942s][info][gc,stats    ]   Choose Collection Set              86 us
[144.942s][info][gc,stats    ]   Rebuild Free Set                    9 us
[144.942s][info][gc,stats    ] Concurrent Thread Roots            6828 us, parallelism: 0.99x
[144.942s][info][gc,stats    ]   CTR: <total>                     6729 us
[144.942s][info][gc,stats    ]   CTR: Thread Roots                6729 us, workers (us): 6729, ---, ---, 
[144.942s][info][gc,stats    ] Concurrent Weak References          644 us, parallelism: 0.86x
[144.942s][info][gc,stats    ]   CWRF: <total>                     552 us
[144.942s][info][gc,stats    ]   CWRF: Weak References             552 us, workers (us): 552, ---, ---, 
[144.942s][info][gc,stats    ] Concurrent Weak Roots              9127 us
[144.942s][info][gc,stats    ]   Roots                            8856 us, parallelism: 0.99x
[144.942s][info][gc,stats    ]     CWR: <total>                   8810 us
[144.942s][info][gc,stats    ]     CWR: Code Cache Roots          7153 us, workers (us): 7153, ---, ---, 
[144.942s][info][gc,stats    ]     CWR: VM Weak Roots             1556 us, workers (us): 1556, ---, ---, 
[144.942s][info][gc,stats    ]     CWR: CLDG Roots                 101 us, workers (us): 101, ---, ---, 
[144.942s][info][gc,stats    ]   Rendezvous                        203 us
[144.942s][info][gc,stats    ] Concurrent Cleanup                   48 us
[144.943s][info][gc,stats    ] Concurrent Class Unloading        54208 us
[144.943s][info][gc,stats    ]   Unlink Stale                    52379 us
[144.943s][info][gc,stats    ]     System Dictionary               400 us
[144.943s][info][gc,stats    ]     Weak Class Links              16419 us
[144.943s][info][gc,stats    ]     Code Roots                    35558 us
[144.943s][info][gc,stats    ]   Rendezvous                        258 us
[144.943s][info][gc,stats    ]   Purge Unlinked                   1500 us
[144.943s][info][gc,stats    ]     Code Roots                     1419 us
[144.943s][info][gc,stats    ]     CLDG                             80 us
[144.943s][info][gc,stats    ]     Exception Caches                  0 us
[144.943s][info][gc,stats    ] Concurrent Strong Roots             431 us, parallelism: 0.69x
[144.943s][info][gc,stats    ]   CSR: <total>                      297 us
[144.943s][info][gc,stats    ]   CSR: VM Strong Roots                8 us, workers (us):   8, ---, ---, 
[144.943s][info][gc,stats    ]   CSR: CLDG Roots                   289 us, workers (us): 289, ---, ---, 
[144.943s][info][gc,stats    ] Concurrent Evacuation              8008 us
[144.943s][info][gc,stats    ] Pause Init Update Refs (G)          170 us
[144.943s][info][gc,stats    ] Pause Init Update Refs (N)           79 us
[144.943s][info][gc,stats    ]   Manage GCLABs                      17 us
[144.943s][info][gc,stats    ] Concurrent Update Refs            65705 us
[144.943s][info][gc,stats    ] Concurrent Update Thread Roots     7133 us
[144.943s][info][gc,stats    ] Pause Final Update Refs (G)         273 us
[144.943s][info][gc,stats    ] Pause Final Update Refs (N)         179 us
[144.943s][info][gc,stats    ]   Update Region States               73 us
[144.943s][info][gc,stats    ]   Trash Collection Set               11 us
[144.943s][info][gc,stats    ]   Rebuild Free Set                   20 us
[144.943s][info][gc,stats    ] Concurrent Cleanup                  115 us
[144.943s][info][gc,stats    ] 
[144.943s][info][gc,stats    ] Allocation pacing accrued:
[144.943s][info][gc,stats    ]       0 of   580 ms (  0.0%): <total>
[144.943s][info][gc,stats    ]       0 of   580 ms (  0.0%): <average total>
[144.943s][info][gc,stats    ] 
[144.943s][info][gc,metaspace] Metaspace: 156631K(157952K)->156649K(157952K) NonClass: 138593K(139328K)->138610K(139328K) Class: 18038K(18624K)->18039K(18624K)
[144.943s][info][gc,ergo     ] Pacer for Idle. Initial: 163M, Alloc Tax Rate: 1.0x
[145.873s][info][gc          ] Trigger: Explicit GC request (System.gc())
[145.873s][info][gc,ergo     ] Free: 5901M, Max: 4096K regular, 5064M humongous, Frag: 15% external, 0% internal; Reserve: 412M, Max: 4096K
[145.873s][info][gc,start    ] GC(142) Concurrent reset
[145.873s][info][gc,task     ] GC(142) Using 1 of 3 workers for concurrent reset
[145.873s][info][gc,ergo     ] GC(142) Pacer for Reset. Non-Taxable: 8192M
[145.879s][info][gc          ] GC(142) Concurrent reset 5.720ms
[145.879s][info][gc,start    ] GC(142) Pause Init Mark (unload classes)
[145.879s][info][gc,task     ] GC(142) Using 3 of 3 workers for init marking
[145.879s][info][gc,ref      ] GC(142) Clearing All SoftReferences
[145.879s][info][gc,ergo     ] GC(142) Pacer for Mark. Expected Live: 152M, Free: 5901M, Non-Taxable: 590M, Alloc Tax Rate: 0.0x
[145.879s][info][gc          ] GC(142) Pause Init Mark (unload classes) 0.200ms
[145.879s][info][gc,start    ] GC(142) Concurrent marking roots
[145.880s][info][gc,task     ] GC(142) Using 1 of 3 workers for concurrent marking roots
[145.886s][info][gc          ] GC(142) Concurrent marking roots 6.629ms
[145.886s][info][gc,start    ] GC(142) Concurrent marking (unload classes)
[145.886s][info][gc,task     ] GC(142) Using 1 of 3 workers for concurrent marking
[145.939s][info][gc          ] GC(142) Concurrent marking (unload classes) 52.524ms
[145.939s][info][gc,start    ] GC(142) Pause Final Mark (unload classes)
[145.939s][info][gc,task     ] GC(142) Using 3 of 3 workers for final marking
[145.939s][info][gc,ergo     ] GC(142) Adaptive CSet Selection. Target Free: 1160M, Actual Free: 6823M, Max CSet: 341M, Min Garbage: 0B
[145.939s][info][gc,ergo     ] GC(142) Collectable Garbage: 1471M (99%), Immediate: 519M (35%), CSet: 951M (64%)
[145.939s][info][gc,ergo     ] GC(142) Pacer for Evacuation. Used CSet: 960M, Free: 6687M, Non-Taxable: 668M, Alloc Tax Rate: 1.1x
[145.939s][info][gc          ] GC(142) Pause Final Mark (unload classes) 0.315ms
[145.939s][info][gc,start    ] GC(142) Concurrent thread roots
[145.939s][info][gc,task     ] GC(142) Using 1 of 3 workers for Concurrent thread roots
[145.946s][info][gc          ] GC(142) Concurrent thread roots 6.505ms
[145.946s][info][gc,start    ] GC(142) Concurrent weak references
[145.946s][info][gc,task     ] GC(142) Using 1 of 3 workers for concurrent weak references
[145.947s][info][gc,ref      ] GC(142) Encountered references: Soft: 3586, Weak: 17964, Final: 53, Phantom: 598
[145.947s][info][gc,ref      ] GC(142) Discovered  references: Soft: 1314, Weak: 6848, Final: 0, Phantom: 373
[145.947s][info][gc,ref      ] GC(142) Enqueued    references: Soft: 848, Weak: 3397, Final: 0, Phantom: 0
[145.947s][info][gc          ] GC(142) Concurrent weak references 1.081ms
[145.947s][info][gc,start    ] GC(142) Concurrent weak roots
[145.947s][info][gc,task     ] GC(142) Using 1 of 3 workers for concurrent weak root
[145.957s][info][gc          ] GC(142) Concurrent weak roots 9.779ms
[145.957s][info][gc,start    ] GC(142) Concurrent cleanup
[145.957s][info][gc          ] GC(142) Concurrent cleanup 2018M->1498M(8192M) 0.041ms
[145.957s][info][gc,ergo     ] GC(142) Free: 6271M, Max: 4096K regular, 5096M humongous, Frag: 19% external, 0% internal; Reserve: 410M, Max: 4096K
[145.957s][info][gc,start    ] GC(142) Concurrent class unloading
[145.957s][info][gc,task     ] GC(142) Using 1 of 3 workers for concurrent class unloading
[146.007s][info][gc          ] GC(142) Concurrent class unloading 50.782ms
[146.008s][info][gc,start    ] GC(142) Concurrent strong roots
[146.008s][info][gc,task     ] GC(142) Using 1 of 3 workers for concurrent strong root
[146.008s][info][gc          ] GC(142) Concurrent strong roots 0.366ms
[146.008s][info][gc,start    ] GC(142) Concurrent evacuation
[146.008s][info][gc,task     ] GC(142) Using 1 of 3 workers for concurrent evacuation
[146.014s][info][gc          ] GC(142) Concurrent evacuation 5.713ms
[146.014s][info][gc,start    ] GC(142) Pause Init Update Refs
[146.014s][info][gc,ergo     ] GC(142) Pacer for Update Refs. Used: 1621M, Free: 6159M, Non-Taxable: 615M, Alloc Tax Rate: 1.1x
[146.014s][info][gc          ] GC(142) Pause Init Update Refs 0.087ms
[146.014s][info][gc,start    ] GC(142) Concurrent update references
[146.014s][info][gc,task     ] GC(142) Using 1 of 3 workers for concurrent reference update
[146.037s][info][gc          ] GC(142) Concurrent update references 23.306ms
[146.037s][info][gc,start    ] GC(142) Concurrent update thread roots
[146.043s][info][gc          ] GC(142) Concurrent update thread roots 6.074ms
[146.044s][info][gc,start    ] GC(142) Pause Final Update Refs
[146.044s][info][gc,task     ] GC(142) Using 3 of 3 workers for final reference update
[146.044s][info][gc          ] GC(142) Pause Final Update Refs 0.155ms
[146.044s][info][gc,start    ] GC(142) Concurrent cleanup
[146.044s][info][gc          ] GC(142) Concurrent cleanup 1621M->660M(8192M) 0.079ms
[146.044s][info][gc,ergo     ] Free: 7119M, Max: 4096K regular, 5220M humongous, Frag: 27% external, 0% internal; Reserve: 412M, Max: 4096K
[146.044s][info][gc,stats    ] 
[146.044s][info][gc,stats    ] All times are wall-clock times, except per-root-class counters, that are sum over
[146.044s][info][gc,stats    ] all workers. Dividing the <total> over the root stage time estimates parallelism.
[146.044s][info][gc,stats    ] 
[146.044s][info][gc,stats    ] Concurrent Reset                   5787 us
[146.044s][info][gc,stats    ] Pause Init Mark (G)                 378 us
[146.044s][info][gc,stats    ] Pause Init Mark (N)                 217 us
[146.044s][info][gc,stats    ]   Update Region States               71 us
[146.044s][info][gc,stats    ] Concurrent Mark Roots              6676 us, parallelism: 0.96x
[146.044s][info][gc,stats    ]   CMR: <total>                     6412 us
[146.044s][info][gc,stats    ]   CMR: Thread Roots                6319 us, workers (us): 6319, ---, ---, 
[146.044s][info][gc,stats    ]   CMR: VM Strong Roots               11 us, workers (us):  11, ---, ---, 
[146.044s][info][gc,stats    ]   CMR: CLDG Roots                    82 us, workers (us):  82, ---, ---, 
[146.044s][info][gc,stats    ] Concurrent Marking                52589 us
[146.044s][info][gc,stats    ] Pause Final Mark (G)                414 us
[146.044s][info][gc,stats    ] Pause Final Mark (N)                324 us
[146.044s][info][gc,stats    ]   Finish Mark                        89 us
[146.044s][info][gc,stats    ]   Update Region States               71 us
[146.044s][info][gc,stats    ]   Choose Collection Set              84 us
[146.044s][info][gc,stats    ]   Rebuild Free Set                    9 us
[146.044s][info][gc,stats    ] Concurrent Thread Roots            6549 us, parallelism: 0.97x
[146.044s][info][gc,stats    ]   CTR: <total>                     6344 us
[146.044s][info][gc,stats    ]   CTR: Thread Roots                6344 us, workers (us): 6344, ---, ---, 
[146.044s][info][gc,stats    ] Concurrent Weak References         1089 us, parallelism: 0.88x
[146.044s][info][gc,stats    ]   CWRF: <total>                     954 us
[146.044s][info][gc,stats    ]   CWRF: Weak References             954 us, workers (us): 954, ---, ---, 
[146.044s][info][gc,stats    ] Concurrent Weak Roots              9817 us
[146.044s][info][gc,stats    ]   Roots                            9587 us, parallelism: 1.00x
[146.044s][info][gc,stats    ]     CWR: <total>                   9550 us
[146.044s][info][gc,stats    ]     CWR: Code Cache Roots          8496 us, workers (us): 8496, ---, ---, 
[146.044s][info][gc,stats    ]     CWR: VM Weak Roots              969 us, workers (us): 969, ---, ---, 
[146.044s][info][gc,stats    ]     CWR: CLDG Roots                  85 us, workers (us):  85, ---, ---, 
[146.044s][info][gc,stats    ]   Rendezvous                        173 us
[146.044s][info][gc,stats    ] Concurrent Cleanup                   51 us
[146.044s][info][gc,stats    ] Concurrent Class Unloading        50831 us
[146.044s][info][gc,stats    ]   Unlink Stale                    47986 us
[146.044s][info][gc,stats    ]     System Dictionary              1820 us
[146.044s][info][gc,stats    ]     Weak Class Links              17750 us
[146.044s][info][gc,stats    ]     Code Roots                    28415 us
[146.044s][info][gc,stats    ]   Rendezvous                        233 us
[146.044s][info][gc,stats    ]   Purge Unlinked                   2542 us
[146.044s][info][gc,stats    ]     Code Roots                     1429 us
[146.044s][info][gc,stats    ]     CLDG                           1113 us
[146.044s][info][gc,stats    ]     Exception Caches                  0 us
[146.044s][info][gc,stats    ] Concurrent Strong Roots             385 us, parallelism: 0.62x
[146.044s][info][gc,stats    ]   CSR: <total>                      238 us
[146.044s][info][gc,stats    ]   CSR: VM Strong Roots               10 us, workers (us):  10, ---, ---, 
[146.045s][info][gc,stats    ]   CSR: CLDG Roots                   229 us, workers (us): 229, ---, ---, 
[146.045s][info][gc,stats    ] Concurrent Evacuation              5779 us
[146.045s][info][gc,stats    ] Pause Init Update Refs (G)          258 us
[146.045s][info][gc,stats    ] Pause Init Update Refs (N)           95 us
[146.045s][info][gc,stats    ]   Manage GCLABs                      32 us
[146.045s][info][gc,stats    ] Concurrent Update Refs            23353 us
[146.045s][info][gc,stats    ] Concurrent Update Thread Roots     6140 us
[146.045s][info][gc,stats    ] Pause Final Update Refs (G)         278 us
[146.045s][info][gc,stats    ] Pause Final Update Refs (N)         173 us
[146.045s][info][gc,stats    ]   Update Region States               73 us
[146.045s][info][gc,stats    ]   Trash Collection Set               10 us
[146.045s][info][gc,stats    ]   Rebuild Free Set                   20 us
[146.045s][info][gc,stats    ] Concurrent Cleanup                  100 us
[146.045s][info][gc,stats    ] 
[146.045s][info][gc,stats    ] Allocation pacing accrued:
[146.045s][info][gc,stats    ]       0 of  1102 ms (  0.0%): <total>
[146.045s][info][gc,stats    ]       0 of  1102 ms (  0.0%): <average total>
[146.045s][info][gc,stats    ] 
[146.045s][info][gc,metaspace] Metaspace: 156802K(158016K)->155771K(157952K) NonClass: 138740K(139328K)->137881K(139328K) Class: 18061K(18688K)->17890K(18624K)
[146.045s][info][gc,ergo     ] Pacer for Idle. Initial: 163M, Alloc Tax Rate: 1.0x
[146.375s][info][gc          ] Trigger: Learning 2 of 5. Free (5615M) is below initial threshold (5734M)
[146.375s][info][gc,ergo     ] Free: 5615M, Max: 4096K regular, 5220M humongous, Frag: 7% external, 0% internal; Reserve: 412M, Max: 4096K
[146.375s][info][gc,start    ] GC(143) Concurrent reset
[146.375s][info][gc,task     ] GC(143) Using 1 of 3 workers for concurrent reset
[146.375s][info][gc,ergo     ] GC(143) Pacer for Reset. Non-Taxable: 8192M
[146.390s][info][gc          ] GC(143) Concurrent reset 14.408ms
[146.390s][info][gc,start    ] GC(143) Pause Init Mark (unload classes)
[146.390s][info][gc,task     ] GC(143) Using 3 of 3 workers for init marking
[146.390s][info][gc,ergo     ] GC(143) Pacer for Mark. Expected Live: 142M, Free: 5511M, Non-Taxable: 551M, Alloc Tax Rate: 0.0x
[146.390s][info][gc          ] GC(143) Pause Init Mark (unload classes) 0.118ms
[146.390s][info][gc,start    ] GC(143) Concurrent marking roots
[146.390s][info][gc,task     ] GC(143) Using 1 of 3 workers for concurrent marking roots
[146.399s][info][gc          ] GC(143) Concurrent marking roots 8.827ms
[146.399s][info][gc,start    ] GC(143) Concurrent marking (unload classes)
[146.399s][info][gc,task     ] GC(143) Using 1 of 3 workers for concurrent marking
[146.470s][info][gc          ] GC(143) Concurrent marking (unload classes) 70.601ms
[146.470s][info][gc,start    ] GC(143) Pause Final Mark (unload classes)
[146.470s][info][gc,task     ] GC(143) Using 3 of 3 workers for final marking
[146.470s][info][gc,ergo     ] GC(143) Adaptive CSet Selection. Target Free: 1160M, Actual Free: 6609M, Max CSet: 341M, Min Garbage: 0B
[146.470s][info][gc,ergo     ] GC(143) Collectable Garbage: 2054M (99%), Immediate: 989M (47%), CSet: 1065M (51%)
[146.470s][info][gc,ergo     ] GC(143) Pacer for Evacuation. Used CSet: 1130M, Free: 6232M, Non-Taxable: 623M, Alloc Tax Rate: 1.1x
[146.470s][info][gc          ] GC(143) Pause Final Mark (unload classes) 0.237ms
[146.470s][info][gc,start    ] GC(143) Concurrent thread roots
[146.470s][info][gc,task     ] GC(143) Using 1 of 3 workers for Concurrent thread roots
[146.477s][info][gc          ] GC(143) Concurrent thread roots 7.072ms
[146.477s][info][gc,start    ] GC(143) Concurrent weak references
[146.477s][info][gc,task     ] GC(143) Using 1 of 3 workers for concurrent weak references
[146.478s][info][gc,ref      ] GC(143) Encountered references: Soft: 3716, Weak: 14991, Final: 53, Phantom: 598
[146.478s][info][gc,ref      ] GC(143) Discovered  references: Soft: 0, Weak: 8277, Final: 0, Phantom: 278
[146.478s][info][gc,ref      ] GC(143) Enqueued    references: Soft: 0, Weak: 214, Final: 0, Phantom: 0
[146.478s][info][gc          ] GC(143) Concurrent weak references 0.825ms
[146.478s][info][gc,start    ] GC(143) Concurrent weak roots
[146.478s][info][gc,task     ] GC(143) Using 1 of 3 workers for concurrent weak root
[146.487s][info][gc          ] GC(143) Concurrent weak roots 8.796ms
[146.487s][info][gc,start    ] GC(143) Concurrent cleanup
[146.487s][info][gc          ] GC(143) Concurrent cleanup 2617M->1628M(8192M) 0.064ms
[146.487s][info][gc,ergo     ] GC(143) Free: 6139M, Max: 4096K regular, 5116M humongous, Frag: 17% external, 0% internal; Reserve: 404M, Max: 4096K
[146.487s][info][gc,start    ] GC(143) Concurrent class unloading
[146.487s][info][gc,task     ] GC(143) Using 1 of 3 workers for concurrent class unloading
[146.541s][info][gc          ] GC(143) Concurrent class unloading 53.666ms
[146.541s][info][gc,start    ] GC(143) Concurrent strong roots
[146.541s][info][gc,task     ] GC(143) Using 1 of 3 workers for concurrent strong root
[146.541s][info][gc          ] GC(143) Concurrent strong roots 0.409ms
[146.541s][info][gc,start    ] GC(143) Concurrent evacuation
[146.541s][info][gc,task     ] GC(143) Using 1 of 3 workers for concurrent evacuation
[146.551s][info][gc          ] GC(143) Concurrent evacuation 9.720ms
[146.551s][info][gc,start    ] GC(143) Pause Init Update Refs
[146.551s][info][gc,ergo     ] GC(143) Pacer for Update Refs. Used: 1754M, Free: 6075M, Non-Taxable: 607M, Alloc Tax Rate: 1.1x
[146.551s][info][gc          ] GC(143) Pause Init Update Refs 0.112ms
[146.551s][info][gc,start    ] GC(143) Concurrent update references
[146.551s][info][gc,task     ] GC(143) Using 1 of 3 workers for concurrent reference update
[146.617s][info][gc          ] GC(143) Concurrent update references 65.836ms
[146.617s][info][gc,start    ] GC(143) Concurrent update thread roots
[146.625s][info][gc          ] GC(143) Concurrent update thread roots 7.404ms
[146.625s][info][gc,start    ] GC(143) Pause Final Update Refs
[146.625s][info][gc,task     ] GC(143) Using 3 of 3 workers for final reference update
[146.625s][info][gc          ] GC(143) Pause Final Update Refs 0.166ms
[146.625s][info][gc,start    ] GC(143) Concurrent cleanup
[146.625s][info][gc          ] GC(143) Concurrent cleanup 1825M->695M(8192M) 0.106ms
[146.625s][info][gc,ergo     ] Free: 7040M, Max: 4096K regular, 5044M humongous, Frag: 29% external, 0% internal; Reserve: 412M, Max: 4096K
[146.625s][info][gc,stats    ] 
[146.625s][info][gc,stats    ] All times are wall-clock times, except per-root-class counters, that are sum over
[146.625s][info][gc,stats    ] all workers. Dividing the <total> over the root stage time estimates parallelism.
[146.625s][info][gc,stats    ] 
[146.625s][info][gc,stats    ] Concurrent Reset                  14754 us
[146.625s][info][gc,stats    ] Pause Init Mark (G)                 351 us
[146.625s][info][gc,stats    ] Pause Init Mark (N)                 126 us
[146.625s][info][gc,stats    ]   Update Region States               38 us
[146.625s][info][gc,stats    ] Concurrent Mark Roots              8975 us, parallelism: 0.93x
[146.625s][info][gc,stats    ]   CMR: <total>                     8349 us
[146.625s][info][gc,stats    ]   CMR: Thread Roots                8209 us, workers (us): 8209, ---, ---, 
[146.626s][info][gc,stats    ]   CMR: VM Strong Roots               17 us, workers (us):  17, ---, ---, 
[146.626s][info][gc,stats    ]   CMR: CLDG Roots                   123 us, workers (us): 123, ---, ---, 
[146.626s][info][gc,stats    ] Concurrent Marking                70660 us
[146.626s][info][gc,stats    ] Pause Final Mark (G)                324 us
[146.626s][info][gc,stats    ] Pause Final Mark (N)                245 us
[146.626s][info][gc,stats    ]   Finish Mark                        73 us
[146.626s][info][gc,stats    ]   Update Region States               34 us
[146.626s][info][gc,stats    ]   Choose Collection Set              68 us
[146.626s][info][gc,stats    ]   Rebuild Free Set                    9 us
[146.626s][info][gc,stats    ] Concurrent Thread Roots            7147 us, parallelism: 0.98x
[146.626s][info][gc,stats    ]   CTR: <total>                     6985 us
[146.626s][info][gc,stats    ]   CTR: Thread Roots                6985 us, workers (us): 6985, ---, ---, 
[146.626s][info][gc,stats    ] Concurrent Weak References          842 us, parallelism: 0.77x
[146.626s][info][gc,stats    ]   CWRF: <total>                     650 us
[146.626s][info][gc,stats    ]   CWRF: Weak References             650 us, workers (us): 650, ---, ---, 
[146.626s][info][gc,stats    ] Concurrent Weak Roots              8859 us
[146.626s][info][gc,stats    ]   Roots                            8574 us, parallelism: 0.99x
[146.626s][info][gc,stats    ]     CWR: <total>                   8520 us
[146.626s][info][gc,stats    ]     CWR: Code Cache Roots          6787 us, workers (us): 6787, ---, ---, 
[146.626s][info][gc,stats    ]     CWR: VM Weak Roots             1634 us, workers (us): 1634, ---, ---, 
[146.626s][info][gc,stats    ]     CWR: CLDG Roots                 100 us, workers (us): 100, ---, ---, 
[146.626s][info][gc,stats    ]   Rendezvous                        193 us
[146.626s][info][gc,stats    ] Concurrent Cleanup                   82 us
[146.626s][info][gc,stats    ] Concurrent Class Unloading        53700 us
[146.626s][info][gc,stats    ]   Unlink Stale                    51902 us
[146.626s][info][gc,stats    ]     System Dictionary               537 us
[146.626s][info][gc,stats    ]     Weak Class Links              16668 us
[146.626s][info][gc,stats    ]     Code Roots                    34696 us
[146.626s][info][gc,stats    ]   Rendezvous                        183 us
[146.626s][info][gc,stats    ]   Purge Unlinked                   1545 us
[146.626s][info][gc,stats    ]     Code Roots                     1486 us
[146.626s][info][gc,stats    ]     CLDG                             58 us
[146.626s][info][gc,stats    ]     Exception Caches                  0 us
[146.626s][info][gc,stats    ] Concurrent Strong Roots             429 us, parallelism: 0.68x
[146.626s][info][gc,stats    ]   CSR: <total>                      291 us
[146.626s][info][gc,stats    ]   CSR: VM Strong Roots                8 us, workers (us):   8, ---, ---, 
[146.626s][info][gc,stats    ]   CSR: CLDG Roots                   283 us, workers (us): 283, ---, ---, 
[146.626s][info][gc,stats    ] Concurrent Evacuation              9818 us
[146.626s][info][gc,stats    ] Pause Init Update Refs (G)          236 us
[146.626s][info][gc,stats    ] Pause Init Update Refs (N)          129 us
[146.626s][info][gc,stats    ]   Manage GCLABs                      28 us
[146.626s][info][gc,stats    ] Concurrent Update Refs            65894 us
[146.626s][info][gc,stats    ] Concurrent Update Thread Roots     7475 us
[146.626s][info][gc,stats    ] Pause Final Update Refs (G)         299 us
[146.626s][info][gc,stats    ] Pause Final Update Refs (N)         177 us
[146.626s][info][gc,stats    ]   Update Region States               83 us
[146.626s][info][gc,stats    ]   Trash Collection Set               11 us
[146.626s][info][gc,stats    ]   Rebuild Free Set                   19 us
[146.626s][info][gc,stats    ] Concurrent Cleanup                  133 us
[146.626s][info][gc,stats    ] 
[146.626s][info][gc,stats    ] Allocation pacing accrued:
[146.626s][info][gc,stats    ]       0 of   581 ms (  0.0%): <total>
[146.626s][info][gc,stats    ]       0 of   581 ms (  0.0%): <average total>
[146.626s][info][gc,stats    ] 
[146.626s][info][gc,metaspace] Metaspace: 156612K(157952K)->156661K(157952K) NonClass: 138579K(139328K)->138618K(139328K) Class: 18033K(18624K)->18042K(18624K)
[146.626s][info][gc,ergo     ] Pacer for Idle. Initial: 163M, Alloc Tax Rate: 1.0x
[147.550s][info][gc          ] Trigger: Explicit GC request (System.gc())
[147.550s][info][gc,ergo     ] Free: 5887M, Max: 4096K regular, 5044M humongous, Frag: 15% external, 0% internal; Reserve: 412M, Max: 4096K
[147.550s][info][gc,start    ] GC(144) Concurrent reset
[147.550s][info][gc,task     ] GC(144) Using 1 of 3 workers for concurrent reset
[147.550s][info][gc,ergo     ] GC(144) Pacer for Reset. Non-Taxable: 8192M
[147.555s][info][gc          ] GC(144) Concurrent reset 4.920ms
[147.555s][info][gc,start    ] GC(144) Pause Init Mark (unload classes)
[147.555s][info][gc,task     ] GC(144) Using 3 of 3 workers for init marking
[147.556s][info][gc,ref      ] GC(144) Clearing All SoftReferences
[147.556s][info][gc,ergo     ] GC(144) Pacer for Mark. Expected Live: 153M, Free: 5887M, Non-Taxable: 588M, Alloc Tax Rate: 0.0x
[147.556s][info][gc          ] GC(144) Pause Init Mark (unload classes) 0.253ms
[147.556s][info][gc,start    ] GC(144) Concurrent marking roots
[147.556s][info][gc,task     ] GC(144) Using 1 of 3 workers for concurrent marking roots
[147.563s][info][gc          ] GC(144) Concurrent marking roots 7.013ms
[147.563s][info][gc,start    ] GC(144) Concurrent marking (unload classes)
[147.563s][info][gc,task     ] GC(144) Using 1 of 3 workers for concurrent marking
[147.616s][info][gc          ] GC(144) Concurrent marking (unload classes) 52.869ms
[147.616s][info][gc,start    ] GC(144) Pause Final Mark (unload classes)
[147.616s][info][gc,task     ] GC(144) Using 3 of 3 workers for final marking
[147.616s][info][gc,ergo     ] GC(144) Adaptive CSet Selection. Target Free: 1160M, Actual Free: 6831M, Max CSet: 341M, Min Garbage: 0B
[147.616s][info][gc,ergo     ] GC(144) Collectable Garbage: 1493M (99%), Immediate: 543M (36%), CSet: 949M (63%)
[147.616s][info][gc,ergo     ] GC(144) Pacer for Evacuation. Used CSet: 959M, Free: 6691M, Non-Taxable: 669M, Alloc Tax Rate: 1.1x
[147.616s][info][gc          ] GC(144) Pause Final Mark (unload classes) 0.368ms
[147.616s][info][gc,start    ] GC(144) Concurrent thread roots
[147.616s][info][gc,task     ] GC(144) Using 1 of 3 workers for Concurrent thread roots
[147.623s][info][gc          ] GC(144) Concurrent thread roots 6.592ms
[147.623s][info][gc,start    ] GC(144) Concurrent weak references
[147.623s][info][gc,task     ] GC(144) Using 1 of 3 workers for concurrent weak references
[147.624s][info][gc,ref      ] GC(144) Encountered references: Soft: 3588, Weak: 17968, Final: 53, Phantom: 598
[147.624s][info][gc,ref      ] GC(144) Discovered  references: Soft: 1316, Weak: 6851, Final: 0, Phantom: 373
[147.624s][info][gc,ref      ] GC(144) Enqueued    references: Soft: 850, Weak: 3400, Final: 0, Phantom: 0
[147.624s][info][gc          ] GC(144) Concurrent weak references 1.014ms
[147.624s][info][gc,start    ] GC(144) Concurrent weak roots
[147.624s][info][gc,task     ] GC(144) Using 1 of 3 workers for concurrent weak root
[147.634s][info][gc          ] GC(144) Concurrent weak roots 9.701ms
[147.634s][info][gc,start    ] GC(144) Concurrent cleanup
[147.634s][info][gc          ] GC(144) Concurrent cleanup 2012M->1469M(8192M) 0.040ms
[147.634s][info][gc,ergo     ] GC(144) Free: 6303M, Max: 4096K regular, 5084M humongous, Frag: 20% external, 0% internal; Reserve: 410M, Max: 4096K
[147.634s][info][gc,start    ] GC(144) Concurrent class unloading
[147.634s][info][gc,task     ] GC(144) Using 1 of 3 workers for concurrent class unloading
[147.684s][info][gc          ] GC(144) Concurrent class unloading 50.018ms
[147.684s][info][gc,start    ] GC(144) Concurrent strong roots
[147.684s][info][gc,task     ] GC(144) Using 1 of 3 workers for concurrent strong root
[147.684s][info][gc          ] GC(144) Concurrent strong roots 0.319ms
[147.684s][info][gc,start    ] GC(144) Concurrent evacuation
[147.684s][info][gc,task     ] GC(144) Using 1 of 3 workers for concurrent evacuation
[147.690s][info][gc          ] GC(144) Concurrent evacuation 6.000ms
[147.690s][info][gc,start    ] GC(144) Pause Init Update Refs
[147.690s][info][gc,ergo     ] GC(144) Pacer for Update Refs. Used: 1595M, Free: 6187M, Non-Taxable: 618M, Alloc Tax Rate: 1.1x
[147.690s][info][gc          ] GC(144) Pause Init Update Refs 0.135ms
[147.690s][info][gc,start    ] GC(144) Concurrent update references
[147.691s][info][gc,task     ] GC(144) Using 1 of 3 workers for concurrent reference update
[147.714s][info][gc          ] GC(144) Concurrent update references 23.343ms
[147.714s][info][gc,start    ] GC(144) Concurrent update thread roots
[147.721s][info][gc          ] GC(144) Concurrent update thread roots 7.313ms
[147.721s][info][gc,start    ] GC(144) Pause Final Update Refs
[147.721s][info][gc,task     ] GC(144) Using 3 of 3 workers for final reference update
[147.721s][info][gc          ] GC(144) Pause Final Update Refs 0.182ms
[147.722s][info][gc,start    ] GC(144) Concurrent cleanup
[147.722s][info][gc          ] GC(144) Concurrent cleanup 1595M->636M(8192M) 0.103ms
[147.722s][info][gc,ergo     ] Free: 7143M, Max: 4096K regular, 5220M humongous, Frag: 27% external, 0% internal; Reserve: 412M, Max: 4096K
[147.722s][info][gc,stats    ] 
[147.722s][info][gc,stats    ] All times are wall-clock times, except per-root-class counters, that are sum over
[147.722s][info][gc,stats    ] all workers. Dividing the <total> over the root stage time estimates parallelism.
[147.722s][info][gc,stats    ] 
[147.722s][info][gc,stats    ] Concurrent Reset                   4972 us
[147.722s][info][gc,stats    ] Pause Init Mark (G)                 418 us
[147.722s][info][gc,stats    ] Pause Init Mark (N)                 274 us
[147.722s][info][gc,stats    ]   Update Region States               92 us
[147.722s][info][gc,stats    ] Concurrent Mark Roots              7072 us, parallelism: 0.96x
[147.722s][info][gc,stats    ]   CMR: <total>                     6755 us
[147.722s][info][gc,stats    ]   CMR: Thread Roots                6596 us, workers (us): 6596, ---, ---, 
[147.722s][info][gc,stats    ]   CMR: VM Strong Roots               19 us, workers (us):  19, ---, ---, 
[147.722s][info][gc,stats    ]   CMR: CLDG Roots                   140 us, workers (us): 140, ---, ---, 
[147.722s][info][gc,stats    ] Concurrent Marking                52933 us
[147.722s][info][gc,stats    ] Pause Final Mark (G)                471 us
[147.722s][info][gc,stats    ] Pause Final Mark (N)                381 us
[147.722s][info][gc,stats    ]   Finish Mark                        85 us
[147.722s][info][gc,stats    ]   Update Region States               68 us
[147.722s][info][gc,stats    ]   Choose Collection Set              83 us
[147.722s][info][gc,stats    ]   Rebuild Free Set                    9 us
[147.722s][info][gc,stats    ] Concurrent Thread Roots            6636 us, parallelism: 0.98x
[147.722s][info][gc,stats    ]   CTR: <total>                     6475 us
[147.722s][info][gc,stats    ]   CTR: Thread Roots                6475 us, workers (us): 6475, ---, ---, 
[147.722s][info][gc,stats    ] Concurrent Weak References         1021 us, parallelism: 0.81x
[147.722s][info][gc,stats    ]   CWRF: <total>                     832 us
[147.722s][info][gc,stats    ]   CWRF: Weak References             832 us, workers (us): 832, ---, ---, 
[147.722s][info][gc,stats    ] Concurrent Weak Roots              9741 us
[147.722s][info][gc,stats    ]   Roots                            9497 us, parallelism: 1.00x
[147.722s][info][gc,stats    ]     CWR: <total>                   9464 us
[147.722s][info][gc,stats    ]     CWR: Code Cache Roots          8582 us, workers (us): 8582, ---, ---, 
[147.722s][info][gc,stats    ]     CWR: VM Weak Roots              799 us, workers (us): 799, ---, ---, 
[147.722s][info][gc,stats    ]     CWR: CLDG Roots                  83 us, workers (us):  83, ---, ---, 
[147.722s][info][gc,stats    ]   Rendezvous                        187 us
[147.722s][info][gc,stats    ] Concurrent Cleanup                   50 us
[147.722s][info][gc,stats    ] Concurrent Class Unloading        50066 us
[147.722s][info][gc,stats    ]   Unlink Stale                    47827 us
[147.722s][info][gc,stats    ]     System Dictionary              1814 us
[147.722s][info][gc,stats    ]     Weak Class Links              17511 us
[147.722s][info][gc,stats    ]     Code Roots                    28499 us
[147.722s][info][gc,stats    ]   Rendezvous                        214 us
[147.722s][info][gc,stats    ]   Purge Unlinked                   1957 us
[147.722s][info][gc,stats    ]     Code Roots                     1175 us
[147.722s][info][gc,stats    ]     CLDG                            781 us
[147.722s][info][gc,stats    ]     Exception Caches                  0 us
[147.722s][info][gc,stats    ] Concurrent Strong Roots             338 us, parallelism: 0.64x
[147.722s][info][gc,stats    ]   CSR: <total>                      217 us
[147.722s][info][gc,stats    ]   CSR: VM Strong Roots                8 us, workers (us):   8, ---, ---, 
[147.722s][info][gc,stats    ]   CSR: CLDG Roots                   209 us, workers (us): 209, ---, ---, 
[147.722s][info][gc,stats    ] Concurrent Evacuation              6069 us
[147.722s][info][gc,stats    ] Pause Init Update Refs (G)          313 us
[147.722s][info][gc,stats    ] Pause Init Update Refs (N)          156 us
[147.722s][info][gc,stats    ]   Manage GCLABs                      36 us
[147.722s][info][gc,stats    ] Concurrent Update Refs            23410 us
[147.722s][info][gc,stats    ] Concurrent Update Thread Roots     7362 us
[147.722s][info][gc,stats    ] Pause Final Update Refs (G)         309 us
[147.722s][info][gc,stats    ] Pause Final Update Refs (N)         201 us
[147.722s][info][gc,stats    ]   Update Region States               85 us
[147.722s][info][gc,stats    ]   Trash Collection Set               11 us
[147.722s][info][gc,stats    ]   Rebuild Free Set                   21 us
[147.722s][info][gc,stats    ] Concurrent Cleanup                  130 us
[147.722s][info][gc,stats    ] 
[147.722s][info][gc,stats    ] Allocation pacing accrued:
[147.722s][info][gc,stats    ]       0 of  1096 ms (  0.0%): <total>
[147.722s][info][gc,stats    ]       0 of  1096 ms (  0.0%): <average total>
[147.722s][info][gc,stats    ] 
[147.722s][info][gc,metaspace] Metaspace: 156806K(158016K)->155772K(157952K) NonClass: 138744K(139328K)->137882K(139328K) Class: 18061K(18688K)->17890K(18624K)
[147.722s][info][gc,ergo     ] Pacer for Idle. Initial: 163M, Alloc Tax Rate: 1.0x
[148.047s][info][gc          ] Trigger: Learning 2 of 5. Free (5655M) is below initial threshold (5734M)
[148.047s][info][gc,ergo     ] Free: 5655M, Max: 4096K regular, 5220M humongous, Frag: 8% external, 0% internal; Reserve: 412M, Max: 4096K
[148.047s][info][gc,start    ] GC(145) Concurrent reset
[148.047s][info][gc,task     ] GC(145) Using 1 of 3 workers for concurrent reset
[148.047s][info][gc,ergo     ] GC(145) Pacer for Reset. Non-Taxable: 8192M
[148.057s][info][gc          ] GC(145) Concurrent reset 10.057ms
[148.057s][info][gc,start    ] GC(145) Pause Init Mark (unload classes)
[148.057s][info][gc,task     ] GC(145) Using 3 of 3 workers for init marking
[148.058s][info][gc,ergo     ] GC(145) Pacer for Mark. Expected Live: 142M, Free: 5603M, Non-Taxable: 560M, Alloc Tax Rate: 0.0x
[148.058s][info][gc          ] GC(145) Pause Init Mark (unload classes) 0.155ms
[148.060s][info][gc,start    ] GC(145) Concurrent marking roots
[148.060s][info][gc,task     ] GC(145) Using 1 of 3 workers for concurrent marking roots
[148.069s][info][gc          ] GC(145) Concurrent marking roots 9.319ms
[148.069s][info][gc,start    ] GC(145) Concurrent marking (unload classes)
[148.069s][info][gc,task     ] GC(145) Using 1 of 3 workers for concurrent marking
[148.142s][info][gc          ] GC(145) Concurrent marking (unload classes) 72.337ms
[148.142s][info][gc,start    ] GC(145) Pause Final Mark (unload classes)
[148.142s][info][gc,task     ] GC(145) Using 3 of 3 workers for final marking
[148.142s][info][gc,ergo     ] GC(145) Adaptive CSet Selection. Target Free: 1160M, Actual Free: 6570M, Max CSet: 341M, Min Garbage: 0B
[148.142s][info][gc,ergo     ] GC(145) Collectable Garbage: 1966M (99%), Immediate: 926M (46%), CSet: 1040M (52%)
[148.142s][info][gc,ergo     ] GC(145) Pacer for Evacuation. Used CSet: 1100M, Free: 6193M, Non-Taxable: 619M, Alloc Tax Rate: 1.1x
[148.142s][info][gc          ] GC(145) Pause Final Mark (unload classes) 0.346ms
[148.142s][info][gc,start    ] GC(145) Concurrent thread roots
[148.142s][info][gc,task     ] GC(145) Using 1 of 3 workers for Concurrent thread roots
[148.150s][info][gc          ] GC(145) Concurrent thread roots 7.642ms
[148.150s][info][gc,start    ] GC(145) Concurrent weak references
[148.150s][info][gc,task     ] GC(145) Using 1 of 3 workers for concurrent weak references
[148.151s][info][gc,ref      ] GC(145) Encountered references: Soft: 3714, Weak: 14987, Final: 53, Phantom: 598
[148.151s][info][gc,ref      ] GC(145) Discovered  references: Soft: 0, Weak: 6390, Final: 0, Phantom: 278
[148.151s][info][gc,ref      ] GC(145) Enqueued    references: Soft: 0, Weak: 212, Final: 0, Phantom: 0
[148.151s][info][gc          ] GC(145) Concurrent weak references 0.790ms
[148.151s][info][gc,start    ] GC(145) Concurrent weak roots
[148.151s][info][gc,task     ] GC(145) Using 1 of 3 workers for concurrent weak root
[148.166s][info][gc          ] GC(145) Concurrent weak roots 14.930ms
[148.166s][info][gc,start    ] GC(145) Concurrent cleanup
[148.166s][info][gc          ] GC(145) Concurrent cleanup 2643M->1716M(8192M) 0.042ms
[148.166s][info][gc,ergo     ] GC(145) Free: 6112M, Max: 4096K regular, 5152M humongous, Frag: 16% external, 0% internal; Reserve: 347M, Max: 4096K
[148.166s][info][gc,start    ] GC(145) Concurrent class unloading
[148.166s][info][gc,task     ] GC(145) Using 1 of 3 workers for concurrent class unloading
[148.217s][info][gc          ] GC(145) Concurrent class unloading 51.404ms
[148.217s][info][gc,start    ] GC(145) Concurrent strong roots
[148.217s][info][gc,task     ] GC(145) Using 1 of 3 workers for concurrent strong root
[148.218s][info][gc          ] GC(145) Concurrent strong roots 0.547ms
[148.218s][info][gc,start    ] GC(145) Concurrent evacuation
[148.218s][info][gc,task     ] GC(145) Using 1 of 3 workers for concurrent evacuation
[148.228s][info][gc          ] GC(145) Concurrent evacuation 10.437ms
[148.228s][info][gc,start    ] GC(145) Pause Init Update Refs
[148.228s][info][gc,ergo     ] GC(145) Pacer for Update Refs. Used: 1790M, Free: 6036M, Non-Taxable: 603M, Alloc Tax Rate: 1.1x
[148.228s][info][gc          ] GC(145) Pause Init Update Refs 0.077ms
[148.228s][info][gc,start    ] GC(145) Concurrent update references
[148.228s][info][gc,task     ] GC(145) Using 1 of 3 workers for concurrent reference update
[148.309s][info][gc          ] GC(145) Concurrent update references 80.387ms
[148.309s][info][gc,start    ] GC(145) Concurrent update thread roots
[148.316s][info][gc          ] GC(145) Concurrent update thread roots 7.012ms
[148.316s][info][gc,start    ] GC(145) Pause Final Update Refs
[148.316s][info][gc,task     ] GC(145) Using 3 of 3 workers for final reference update
[148.316s][info][gc          ] GC(145) Pause Final Update Refs 0.124ms
[148.316s][info][gc,start    ] GC(145) Concurrent cleanup
[148.316s][info][gc          ] GC(145) Concurrent cleanup 1869M->768M(8192M) 0.079ms
[148.316s][info][gc,ergo     ] Free: 6963M, Max: 4096K regular, 5084M humongous, Frag: 27% external, 0% internal; Reserve: 412M, Max: 4096K
[148.316s][info][gc,stats    ] 
[148.316s][info][gc,stats    ] All times are wall-clock times, except per-root-class counters, that are sum over
[148.317s][info][gc,stats    ] all workers. Dividing the <total> over the root stage time estimates parallelism.
[148.317s][info][gc,stats    ] 
[148.317s][info][gc,stats    ] Concurrent Reset                  10156 us
[148.317s][info][gc,stats    ] Pause Init Mark (G)                2700 us
[148.317s][info][gc,stats    ] Pause Init Mark (N)                 164 us
[148.317s][info][gc,stats    ]   Update Region States               62 us
[148.317s][info][gc,stats    ] Concurrent Mark Roots              9464 us, parallelism: 0.91x
[148.317s][info][gc,stats    ]   CMR: <total>                     8613 us
[148.317s][info][gc,stats    ]   CMR: Thread Roots                8438 us, workers (us): 8438, ---, ---, 
[148.317s][info][gc,stats    ]   CMR: VM Strong Roots               30 us, workers (us):  30, ---, ---, 
[148.317s][info][gc,stats    ]   CMR: CLDG Roots                   145 us, workers (us): 145, ---, ---, 
[148.317s][info][gc,stats    ] Concurrent Marking                72400 us
[148.317s][info][gc,stats    ] Pause Final Mark (G)                467 us
[148.317s][info][gc,stats    ] Pause Final Mark (N)                363 us
[148.317s][info][gc,stats    ]   Finish Mark                        69 us
[148.317s][info][gc,stats    ]   Update Region States               38 us
[148.317s][info][gc,stats    ]   Choose Collection Set             118 us
[148.317s][info][gc,stats    ]   Rebuild Free Set                   19 us
[148.317s][info][gc,stats    ] Concurrent Thread Roots            7696 us, parallelism: 0.99x
[148.317s][info][gc,stats    ]   CTR: <total>                     7595 us
[148.317s][info][gc,stats    ]   CTR: Thread Roots                7595 us, workers (us): 7595, ---, ---, 
[148.317s][info][gc,stats    ] Concurrent Weak References          801 us, parallelism: 0.74x
[148.317s][info][gc,stats    ]   CWRF: <total>                     595 us
[148.317s][info][gc,stats    ]   CWRF: Weak References             595 us, workers (us): 595, ---, ---, 
[148.317s][info][gc,stats    ] Concurrent Weak Roots             14979 us
[148.317s][info][gc,stats    ]   Roots                           14687 us, parallelism: 1.00x
[148.317s][info][gc,stats    ]     CWR: <total>                  14635 us
[148.317s][info][gc,stats    ]     CWR: Code Cache Roots         11546 us, workers (us): 11546, ---, ---, 
[148.317s][info][gc,stats    ]     CWR: VM Weak Roots             2812 us, workers (us): 2812, ---, ---, 
[148.317s][info][gc,stats    ]     CWR: CLDG Roots                 277 us, workers (us): 277, ---, ---, 
[148.317s][info][gc,stats    ]   Rendezvous                        219 us
[148.317s][info][gc,stats    ] Concurrent Cleanup                   50 us
[148.317s][info][gc,stats    ] Concurrent Class Unloading        51450 us
[148.317s][info][gc,stats    ]   Unlink Stale                    49093 us
[148.317s][info][gc,stats    ]     System Dictionary               476 us
[148.317s][info][gc,stats    ]     Weak Class Links              16981 us
[148.317s][info][gc,stats    ]     Code Roots                    31634 us
[148.317s][info][gc,stats    ]   Rendezvous                        250 us
[148.317s][info][gc,stats    ]   Purge Unlinked                   2039 us
[148.317s][info][gc,stats    ]     Code Roots                     1944 us
[148.317s][info][gc,stats    ]     CLDG                             95 us
[148.317s][info][gc,stats    ]     Exception Caches                  0 us
[148.317s][info][gc,stats    ] Concurrent Strong Roots             590 us, parallelism: 0.69x
[148.317s][info][gc,stats    ]   CSR: <total>                      404 us
[148.317s][info][gc,stats    ]   CSR: VM Strong Roots               12 us, workers (us):  12, ---, ---, 
[148.317s][info][gc,stats    ]   CSR: CLDG Roots                   393 us, workers (us): 393, ---, ---, 
[148.317s][info][gc,stats    ] Concurrent Evacuation             10513 us
[148.317s][info][gc,stats    ] Pause Init Update Refs (G)          188 us
[148.317s][info][gc,stats    ] Pause Init Update Refs (N)           87 us
[148.317s][info][gc,stats    ]   Manage GCLABs                      23 us
[148.317s][info][gc,stats    ] Concurrent Update Refs            80451 us
[148.317s][info][gc,stats    ] Concurrent Update Thread Roots     7103 us
[148.317s][info][gc,stats    ] Pause Final Update Refs (G)         300 us
[148.317s][info][gc,stats    ] Pause Final Update Refs (N)         179 us
[148.317s][info][gc,stats    ]   Update Region States               64 us
[148.317s][info][gc,stats    ]   Trash Collection Set                5 us
[148.317s][info][gc,stats    ]   Rebuild Free Set                   15 us
[148.317s][info][gc,stats    ] Concurrent Cleanup                   99 us
[148.317s][info][gc,stats    ] 
[148.317s][info][gc,stats    ] Allocation pacing accrued:
[148.317s][info][gc,stats    ]       0 of   595 ms (  0.0%): <total>
[148.317s][info][gc,stats    ]       0 of   595 ms (  0.0%): <average total>
[148.317s][info][gc,stats    ] 
[148.317s][info][gc,metaspace] Metaspace: 156629K(157952K)->156665K(157952K) NonClass: 138592K(139328K)->138622K(139328K) Class: 18036K(18624K)->18042K(18624K)
[148.317s][info][gc,ergo     ] Pacer for Idle. Initial: 163M, Alloc Tax Rate: 1.0x
[149.230s][info][gc          ] Trigger: Explicit GC request (System.gc())
[149.230s][info][gc,ergo     ] Free: 5824M, Max: 4096K regular, 5084M humongous, Frag: 13% external, 0% internal; Reserve: 412M, Max: 4096K
[149.230s][info][gc,start    ] GC(146) Concurrent reset
[149.230s][info][gc,task     ] GC(146) Using 1 of 3 workers for concurrent reset
[149.230s][info][gc,ergo     ] GC(146) Pacer for Reset. Non-Taxable: 8192M
[149.235s][info][gc          ] GC(146) Concurrent reset 4.737ms
[149.235s][info][gc,start    ] GC(146) Pause Init Mark (unload classes)
[149.235s][info][gc,task     ] GC(146) Using 3 of 3 workers for init marking
[149.235s][info][gc,ref      ] GC(146) Clearing All SoftReferences
[149.235s][info][gc,ergo     ] GC(146) Pacer for Mark. Expected Live: 152M, Free: 5824M, Non-Taxable: 582M, Alloc Tax Rate: 0.0x
[149.235s][info][gc          ] GC(146) Pause Init Mark (unload classes) 0.208ms
[149.235s][info][gc,start    ] GC(146) Concurrent marking roots
[149.235s][info][gc,task     ] GC(146) Using 1 of 3 workers for concurrent marking roots
[149.242s][info][gc          ] GC(146) Concurrent marking roots 6.715ms
[149.242s][info][gc,start    ] GC(146) Concurrent marking (unload classes)
[149.242s][info][gc,task     ] GC(146) Using 1 of 3 workers for concurrent marking
[149.295s][info][gc          ] GC(146) Concurrent marking (unload classes) 52.563ms
[149.295s][info][gc,start    ] GC(146) Pause Final Mark (unload classes)
[149.295s][info][gc,task     ] GC(146) Using 3 of 3 workers for final marking
[149.295s][info][gc,ergo     ] GC(146) Adaptive CSet Selection. Target Free: 1160M, Actual Free: 6786M, Max CSet: 341M, Min Garbage: 0B
[149.295s][info][gc,ergo     ] GC(146) Collectable Garbage: 1556M (99%), Immediate: 558M (35%), CSet: 997M (63%)
[149.295s][info][gc,ergo     ] GC(146) Pacer for Evacuation. Used CSet: 1009M, Free: 6647M, Non-Taxable: 664M, Alloc Tax Rate: 1.1x
[149.295s][info][gc          ] GC(146) Pause Final Mark (unload classes) 0.541ms
[149.295s][info][gc,start    ] GC(146) Concurrent thread roots
[149.295s][info][gc,task     ] GC(146) Using 1 of 3 workers for Concurrent thread roots
[149.302s][info][gc          ] GC(146) Concurrent thread roots 6.711ms
[149.302s][info][gc,start    ] GC(146) Concurrent weak references
[149.302s][info][gc,task     ] GC(146) Using 1 of 3 workers for concurrent weak references
[149.303s][info][gc,ref      ] GC(146) Encountered references: Soft: 3586, Weak: 17964, Final: 53, Phantom: 598
[149.303s][info][gc,ref      ] GC(146) Discovered  references: Soft: 1314, Weak: 6848, Final: 0, Phantom: 373
[149.303s][info][gc,ref      ] GC(146) Enqueued    references: Soft: 848, Weak: 3397, Final: 0, Phantom: 0
[149.303s][info][gc          ] GC(146) Concurrent weak references 1.006ms
[149.303s][info][gc,start    ] GC(146) Concurrent weak roots
[149.303s][info][gc,task     ] GC(146) Using 1 of 3 workers for concurrent weak root
[149.313s][info][gc          ] GC(146) Concurrent weak roots 9.494ms
[149.313s][info][gc,start    ] GC(146) Concurrent cleanup
[149.313s][info][gc          ] GC(146) Concurrent cleanup 2102M->1544M(8192M) 0.039ms
[149.313s][info][gc,ergo     ] GC(146) Free: 6231M, Max: 4096K regular, 5096M humongous, Frag: 19% external, 0% internal; Reserve: 410M, Max: 4096K
[149.313s][info][gc,start    ] GC(146) Concurrent class unloading
[149.313s][info][gc,task     ] GC(146) Using 1 of 3 workers for concurrent class unloading
[149.363s][info][gc          ] GC(146) Concurrent class unloading 50.051ms
[149.363s][info][gc,start    ] GC(146) Concurrent strong roots
[149.363s][info][gc,task     ] GC(146) Using 1 of 3 workers for concurrent strong root
[149.363s][info][gc          ] GC(146) Concurrent strong roots 0.334ms
[149.363s][info][gc,start    ] GC(146) Concurrent evacuation
[149.363s][info][gc,task     ] GC(146) Using 1 of 3 workers for concurrent evacuation
[149.371s][info][gc          ] GC(146) Concurrent evacuation 7.547ms
[149.371s][info][gc,start    ] GC(146) Pause Init Update Refs
[149.371s][info][gc,ergo     ] GC(146) Pacer for Update Refs. Used: 1654M, Free: 6135M, Non-Taxable: 613M, Alloc Tax Rate: 1.1x
[149.371s][info][gc          ] GC(146) Pause Init Update Refs 0.148ms
[149.371s][info][gc,start    ] GC(146) Concurrent update references
[149.371s][info][gc,task     ] GC(146) Using 1 of 3 workers for concurrent reference update
[149.394s][info][gc          ] GC(146) Concurrent update references 23.296ms
[149.394s][info][gc,start    ] GC(146) Concurrent update thread roots
[149.401s][info][gc          ] GC(146) Concurrent update thread roots 7.035ms
[149.402s][info][gc,start    ] GC(146) Pause Final Update Refs
[149.402s][info][gc,task     ] GC(146) Using 3 of 3 workers for final reference update
[149.402s][info][gc          ] GC(146) Pause Final Update Refs 0.157ms
[149.402s][info][gc,start    ] GC(146) Concurrent cleanup
[149.402s][info][gc          ] GC(146) Concurrent cleanup 1654M->644M(8192M) 0.103ms
[149.402s][info][gc,ergo     ] Free: 7135M, Max: 4096K regular, 5220M humongous, Frag: 27% external, 0% internal; Reserve: 412M, Max: 4096K
[149.402s][info][gc,stats    ] 
[149.402s][info][gc,stats    ] All times are wall-clock times, except per-root-class counters, that are sum over
[149.402s][info][gc,stats    ] all workers. Dividing the <total> over the root stage time estimates parallelism.
[149.402s][info][gc,stats    ] 
[149.402s][info][gc,stats    ] Concurrent Reset                   4803 us
[149.402s][info][gc,stats    ] Pause Init Mark (G)                 405 us
[149.402s][info][gc,stats    ] Pause Init Mark (N)                 225 us
[149.402s][info][gc,stats    ]   Update Region States               78 us
[149.402s][info][gc,stats    ] Concurrent Mark Roots              6767 us, parallelism: 0.95x
[149.402s][info][gc,stats    ]   CMR: <total>                     6462 us
[149.402s][info][gc,stats    ]   CMR: Thread Roots                6369 us, workers (us): 6369, ---, ---, 
[149.402s][info][gc,stats    ]   CMR: VM Strong Roots               11 us, workers (us):  11, ---, ---, 
[149.402s][info][gc,stats    ]   CMR: CLDG Roots                    82 us, workers (us):  82, ---, ---, 
[149.402s][info][gc,stats    ] Concurrent Marking                52617 us
[149.402s][info][gc,stats    ] Pause Final Mark (G)                713 us
[149.402s][info][gc,stats    ] Pause Final Mark (N)                563 us
[149.402s][info][gc,stats    ]   Finish Mark                        97 us
[149.402s][info][gc,stats    ]   Update Region States              100 us
[149.402s][info][gc,stats    ]   Choose Collection Set             188 us
[149.402s][info][gc,stats    ]   Rebuild Free Set                   26 us
[149.402s][info][gc,stats    ] Concurrent Thread Roots            6755 us, parallelism: 0.95x
[149.402s][info][gc,stats    ]   CTR: <total>                     6425 us
[149.402s][info][gc,stats    ]   CTR: Thread Roots                6425 us, workers (us): 6425, ---, ---, 
[149.402s][info][gc,stats    ] Concurrent Weak References         1014 us, parallelism: 0.85x
[149.402s][info][gc,stats    ]   CWRF: <total>                     866 us
[149.402s][info][gc,stats    ]   CWRF: Weak References             866 us, workers (us): 866, ---, ---, 
[149.402s][info][gc,stats    ] Concurrent Weak Roots              9529 us
[149.402s][info][gc,stats    ]   Roots                            9307 us, parallelism: 1.00x
[149.402s][info][gc,stats    ]     CWR: <total>                   9268 us
[149.402s][info][gc,stats    ]     CWR: Code Cache Roots          8342 us, workers (us): 8342, ---, ---, 
[149.402s][info][gc,stats    ]     CWR: VM Weak Roots              845 us, workers (us): 845, ---, ---, 
[149.402s][info][gc,stats    ]     CWR: CLDG Roots                  81 us, workers (us):  81, ---, ---, 
[149.402s][info][gc,stats    ]   Rendezvous                        170 us
[149.402s][info][gc,stats    ] Concurrent Cleanup                   48 us
[149.402s][info][gc,stats    ] Concurrent Class Unloading        50101 us
[149.402s][info][gc,stats    ]   Unlink Stale                    47859 us
[149.402s][info][gc,stats    ]     System Dictionary              1803 us
[149.402s][info][gc,stats    ]     Weak Class Links              17593 us
[149.402s][info][gc,stats    ]     Code Roots                    28462 us
[149.402s][info][gc,stats    ]   Rendezvous                        175 us
[149.402s][info][gc,stats    ]   Purge Unlinked                   1999 us
[149.402s][info][gc,stats    ]     Code Roots                     1200 us
[149.402s][info][gc,stats    ]     CLDG                            798 us
[149.402s][info][gc,stats    ]     Exception Caches                  0 us
[149.402s][info][gc,stats    ] Concurrent Strong Roots             353 us, parallelism: 0.65x
[149.402s][info][gc,stats    ]   CSR: <total>                      229 us
[149.402s][info][gc,stats    ]   CSR: VM Strong Roots                9 us, workers (us):   9, ---, ---, 
[149.402s][info][gc,stats    ]   CSR: CLDG Roots                   220 us, workers (us): 220, ---, ---, 
[149.402s][info][gc,stats    ] Concurrent Evacuation              7619 us
[149.402s][info][gc,stats    ] Pause Init Update Refs (G)          314 us
[149.402s][info][gc,stats    ] Pause Init Update Refs (N)          170 us
[149.402s][info][gc,stats    ]   Manage GCLABs                      43 us
[149.402s][info][gc,stats    ] Concurrent Update Refs            23365 us
[149.402s][info][gc,stats    ] Concurrent Update Thread Roots     7097 us
[149.402s][info][gc,stats    ] Pause Final Update Refs (G)         266 us
[149.402s][info][gc,stats    ] Pause Final Update Refs (N)         176 us
[149.402s][info][gc,stats    ]   Update Region States               68 us
[149.402s][info][gc,stats    ]   Trash Collection Set               11 us
[149.402s][info][gc,stats    ]   Rebuild Free Set                   20 us
[149.402s][info][gc,stats    ] Concurrent Cleanup                  130 us
[149.402s][info][gc,stats    ] 
[149.402s][info][gc,stats    ] Allocation pacing accrued:
[149.402s][info][gc,stats    ]       0 of  1085 ms (  0.0%): <total>
[149.402s][info][gc,stats    ]       0 of  1085 ms (  0.0%): <average total>
[149.402s][info][gc,stats    ] 
[149.402s][info][gc,metaspace] Metaspace: 156828K(158016K)->155794K(157952K) NonClass: 138766K(139328K)->137904K(139328K) Class: 18061K(18688K)->17890K(18624K)
[149.402s][info][gc,ergo     ] Pacer for Idle. Initial: 163M, Alloc Tax Rate: 1.0x
[149.740s][info][gc          ] Trigger: Learning 2 of 5. Free (5667M) is below initial threshold (5734M)
[149.740s][info][gc,ergo     ] Free: 5666M, Max: 4096K regular, 5220M humongous, Frag: 8% external, 0% internal; Reserve: 412M, Max: 4096K
[149.740s][info][gc,start    ] GC(147) Concurrent reset
[149.740s][info][gc,task     ] GC(147) Using 1 of 3 workers for concurrent reset
[149.740s][info][gc,ergo     ] GC(147) Pacer for Reset. Non-Taxable: 8192M
[149.755s][info][gc          ] GC(147) Concurrent reset 14.947ms
[149.756s][info][gc,start    ] GC(147) Pause Init Mark (unload classes)
[149.756s][info][gc,task     ] GC(147) Using 3 of 3 workers for init marking
[149.756s][info][gc,ergo     ] GC(147) Pacer for Mark. Expected Live: 141M, Free: 5559M, Non-Taxable: 555M, Alloc Tax Rate: 0.0x
[149.756s][info][gc          ] GC(147) Pause Init Mark (unload classes) 0.178ms
[149.756s][info][gc,start    ] GC(147) Concurrent marking roots
[149.756s][info][gc,task     ] GC(147) Using 1 of 3 workers for concurrent marking roots
[149.765s][info][gc          ] GC(147) Concurrent marking roots 9.274ms
[149.765s][info][gc,start    ] GC(147) Concurrent marking (unload classes)
[149.765s][info][gc,task     ] GC(147) Using 1 of 3 workers for concurrent marking
[149.834s][info][gc          ] GC(147) Concurrent marking (unload classes) 68.738ms
[149.834s][info][gc,start    ] GC(147) Pause Final Mark (unload classes)
[149.834s][info][gc,task     ] GC(147) Using 3 of 3 workers for final marking
[149.835s][info][gc,ergo     ] GC(147) Adaptive CSet Selection. Target Free: 1160M, Actual Free: 6650M, Max CSet: 341M, Min Garbage: 0B
[149.835s][info][gc,ergo     ] GC(147) Collectable Garbage: 2008M (99%), Immediate: 962M (47%), CSet: 1046M (51%)
[149.835s][info][gc,ergo     ] GC(147) Pacer for Evacuation. Used CSet: 1109M, Free: 6272M, Non-Taxable: 627M, Alloc Tax Rate: 1.1x
[149.835s][info][gc          ] GC(147) Pause Final Mark (unload classes) 0.477ms
[149.835s][info][gc,start    ] GC(147) Concurrent thread roots
[149.835s][info][gc,task     ] GC(147) Using 1 of 3 workers for Concurrent thread roots
[149.842s][info][gc          ] GC(147) Concurrent thread roots 7.303ms
[149.842s][info][gc,start    ] GC(147) Concurrent weak references
[149.842s][info][gc,task     ] GC(147) Using 1 of 3 workers for concurrent weak references
[149.843s][info][gc,ref      ] GC(147) Encountered references: Soft: 3713, Weak: 14987, Final: 53, Phantom: 598
[149.843s][info][gc,ref      ] GC(147) Discovered  references: Soft: 0, Weak: 7959, Final: 0, Phantom: 278
[149.843s][info][gc,ref      ] GC(147) Enqueued    references: Soft: 0, Weak: 220, Final: 0, Phantom: 0
[149.843s][info][gc          ] GC(147) Concurrent weak references 0.757ms
[149.843s][info][gc,start    ] GC(147) Concurrent weak roots
[149.843s][info][gc,task     ] GC(147) Using 1 of 3 workers for concurrent weak root
[149.852s][info][gc          ] GC(147) Concurrent weak roots 8.630ms
[149.852s][info][gc,start    ] GC(147) Concurrent cleanup
[149.852s][info][gc          ] GC(147) Concurrent cleanup 2500M->1538M(8192M) 0.042ms
[149.852s][info][gc,ergo     ] GC(147) Free: 6236M, Max: 4096K regular, 5220M humongous, Frag: 17% external, 0% internal; Reserve: 411M, Max: 4096K
[149.852s][info][gc,start    ] GC(147) Concurrent class unloading
[149.852s][info][gc,task     ] GC(147) Using 1 of 3 workers for concurrent class unloading
[149.906s][info][gc          ] GC(147) Concurrent class unloading 54.341ms
[149.906s][info][gc,start    ] GC(147) Concurrent strong roots
[149.906s][info][gc,task     ] GC(147) Using 1 of 3 workers for concurrent strong root
[149.906s][info][gc          ] GC(147) Concurrent strong roots 0.390ms
[149.906s][info][gc,start    ] GC(147) Concurrent evacuation
[149.906s][info][gc,task     ] GC(147) Using 1 of 3 workers for concurrent evacuation
[149.916s][info][gc          ] GC(147) Concurrent evacuation 9.598ms
[149.916s][info][gc,start    ] GC(147) Pause Init Update Refs
[149.916s][info][gc,ergo     ] GC(147) Pacer for Update Refs. Used: 1695M, Free: 6144M, Non-Taxable: 614M, Alloc Tax Rate: 1.1x
[149.916s][info][gc          ] GC(147) Pause Init Update Refs 0.110ms
[149.916s][info][gc,start    ] GC(147) Concurrent update references
[149.916s][info][gc,task     ] GC(147) Using 1 of 3 workers for concurrent reference update
[149.986s][info][gc          ] GC(147) Concurrent update references 69.981ms
[149.986s][info][gc,start    ] GC(147) Concurrent update thread roots
[149.993s][info][gc          ] GC(147) Concurrent update thread roots 6.809ms
[149.993s][info][gc,start    ] GC(147) Pause Final Update Refs
[149.993s][info][gc,task     ] GC(147) Using 3 of 3 workers for final reference update
[149.994s][info][gc          ] GC(147) Pause Final Update Refs 0.103ms
[149.994s][info][gc,start    ] GC(147) Concurrent cleanup
[149.994s][info][gc          ] GC(147) Concurrent cleanup 1774M->668M(8192M) 0.084ms
[149.994s][info][gc,ergo     ] Free: 7075M, Max: 4096K regular, 5152M humongous, Frag: 28% external, 0% internal; Reserve: 412M, Max: 4096K
[149.994s][info][gc,stats    ] 
[149.994s][info][gc,stats    ] All times are wall-clock times, except per-root-class counters, that are sum over
[149.994s][info][gc,stats    ] all workers. Dividing the <total> over the root stage time estimates parallelism.
[149.994s][info][gc,stats    ] 
[149.994s][info][gc,stats    ] Concurrent Reset                  15106 us
[149.994s][info][gc,stats    ] Pause Init Mark (G)                 657 us
[149.994s][info][gc,stats    ] Pause Init Mark (N)                 189 us
[149.994s][info][gc,stats    ]   Update Region States               69 us
[149.994s][info][gc,stats    ] Concurrent Mark Roots              9399 us, parallelism: 0.95x
[149.994s][info][gc,stats    ]   CMR: <total>                     8892 us
[149.994s][info][gc,stats    ]   CMR: Thread Roots                8710 us, workers (us): 8710, ---, ---, 
[149.994s][info][gc,stats    ]   CMR: VM Strong Roots               33 us, workers (us):  33, ---, ---, 
[149.994s][info][gc,stats    ]   CMR: CLDG Roots                   148 us, workers (us): 148, ---, ---, 
[149.994s][info][gc,stats    ] Concurrent Marking                68787 us
[149.994s][info][gc,stats    ] Pause Final Mark (G)                582 us
[149.994s][info][gc,stats    ] Pause Final Mark (N)                499 us
[149.994s][info][gc,stats    ]   Finish Mark                        97 us
[149.994s][info][gc,stats    ]   Update Region States               47 us
[149.994s][info][gc,stats    ]   Choose Collection Set             173 us
[149.994s][info][gc,stats    ]   Rebuild Free Set                   24 us
[149.994s][info][gc,stats    ] Concurrent Thread Roots            7325 us, parallelism: 0.99x
[149.994s][info][gc,stats    ]   CTR: <total>                     7246 us
[149.994s][info][gc,stats    ]   CTR: Thread Roots                7246 us, workers (us): 7246, ---, ---, 
[149.994s][info][gc,stats    ] Concurrent Weak References          773 us, parallelism: 0.83x
[149.994s][info][gc,stats    ]   CWRF: <total>                     644 us
[149.994s][info][gc,stats    ]   CWRF: Weak References             644 us, workers (us): 644, ---, ---, 
[149.994s][info][gc,stats    ] Concurrent Weak Roots              8681 us
[149.994s][info][gc,stats    ]   Roots                            8378 us, parallelism: 0.99x
[149.994s][info][gc,stats    ]     CWR: <total>                   8333 us
[149.994s][info][gc,stats    ]     CWR: Code Cache Roots          6944 us, workers (us): 6944, ---, ---, 
[149.994s][info][gc,stats    ]     CWR: VM Weak Roots             1291 us, workers (us): 1291, ---, ---, 
[149.994s][info][gc,stats    ]     CWR: CLDG Roots                  99 us, workers (us):  99, ---, ---, 
[149.994s][info][gc,stats    ]   Rendezvous                        218 us
[149.994s][info][gc,stats    ] Concurrent Cleanup                   51 us
[149.994s][info][gc,stats    ] Concurrent Class Unloading        54374 us
[149.994s][info][gc,stats    ]   Unlink Stale                    52697 us
[149.994s][info][gc,stats    ]     System Dictionary               474 us
[149.994s][info][gc,stats    ]     Weak Class Links              16636 us
[149.994s][info][gc,stats    ]     Code Roots                    35585 us
[149.994s][info][gc,stats    ]   Rendezvous                        262 us
[149.994s][info][gc,stats    ]   Purge Unlinked                   1363 us
[149.994s][info][gc,stats    ]     Code Roots                     1286 us
[149.994s][info][gc,stats    ]     CLDG                             76 us
[149.994s][info][gc,stats    ]     Exception Caches                  0 us
[149.994s][info][gc,stats    ] Concurrent Strong Roots             401 us, parallelism: 0.73x
[149.994s][info][gc,stats    ]   CSR: <total>                      291 us
[149.994s][info][gc,stats    ]   CSR: VM Strong Roots                8 us, workers (us):   8, ---, ---, 
[149.994s][info][gc,stats    ]   CSR: CLDG Roots                   283 us, workers (us): 283, ---, ---, 
[149.994s][info][gc,stats    ] Concurrent Evacuation              9668 us
[149.994s][info][gc,stats    ] Pause Init Update Refs (G)          282 us
[149.994s][info][gc,stats    ] Pause Init Update Refs (N)          127 us
[149.994s][info][gc,stats    ]   Manage GCLABs                      23 us
[149.994s][info][gc,stats    ] Concurrent Update Refs            70062 us
[149.994s][info][gc,stats    ] Concurrent Update Thread Roots     6855 us
[149.994s][info][gc,stats    ] Pause Final Update Refs (G)         542 us
[149.994s][info][gc,stats    ] Pause Final Update Refs (N)         136 us
[149.994s][info][gc,stats    ]   Update Region States               47 us
[149.994s][info][gc,stats    ]   Trash Collection Set               10 us
[149.994s][info][gc,stats    ]   Rebuild Free Set                   20 us
[149.994s][info][gc,stats    ] Concurrent Cleanup                   95 us
[149.994s][info][gc,stats    ] 
[149.994s][info][gc,stats    ] Allocation pacing accrued:
[149.994s][info][gc,stats    ]       0 of   592 ms (  0.0%): <total>
[149.994s][info][gc,stats    ]       0 of   592 ms (  0.0%): <average total>
[149.994s][info][gc,stats    ] 
[149.994s][info][gc,metaspace] Metaspace: 156650K(157952K)->156661K(157952K) NonClass: 138613K(139328K)->138625K(139328K) Class: 18036K(18624K)->18035K(18624K)
[149.994s][info][gc,ergo     ] Pacer for Idle. Initial: 163M, Alloc Tax Rate: 1.0x
[150.965s][info][gc          ] Trigger: Explicit GC request (System.gc())
[150.965s][info][gc,ergo     ] Free: 5885M, Max: 4096K regular, 5152M humongous, Frag: 13% external, 0% internal; Reserve: 412M, Max: 4096K
[150.965s][info][gc,start    ] GC(148) Concurrent reset
[150.965s][info][gc,task     ] GC(148) Using 1 of 3 workers for concurrent reset
[150.965s][info][gc,ergo     ] GC(148) Pacer for Reset. Non-Taxable: 8192M
[150.971s][info][gc          ] GC(148) Concurrent reset 5.498ms
[150.971s][info][gc,start    ] GC(148) Pause Init Mark (unload classes)
[150.971s][info][gc,task     ] GC(148) Using 3 of 3 workers for init marking
[150.971s][info][gc,ref      ] GC(148) Clearing All SoftReferences
[150.971s][info][gc,ergo     ] GC(148) Pacer for Mark. Expected Live: 152M, Free: 5885M, Non-Taxable: 588M, Alloc Tax Rate: 0.0x
[150.971s][info][gc          ] GC(148) Pause Init Mark (unload classes) 0.207ms
[150.971s][info][gc,start    ] GC(148) Concurrent marking roots
[150.971s][info][gc,task     ] GC(148) Using 1 of 3 workers for concurrent marking roots
[150.979s][info][gc          ] GC(148) Concurrent marking roots 7.472ms
[150.979s][info][gc,start    ] GC(148) Concurrent marking (unload classes)
[150.979s][info][gc,task     ] GC(148) Using 1 of 3 workers for concurrent marking
[151.031s][info][gc          ] GC(148) Concurrent marking (unload classes) 52.340ms
[151.031s][info][gc,start    ] GC(148) Pause Final Mark (unload classes)
[151.031s][info][gc,task     ] GC(148) Using 3 of 3 workers for final marking
[151.032s][info][gc,ergo     ] GC(148) Adaptive CSet Selection. Target Free: 1160M, Actual Free: 6843M, Max CSet: 341M, Min Garbage: 0B
[151.032s][info][gc,ergo     ] GC(148) Collectable Garbage: 1488M (99%), Immediate: 555M (37%), CSet: 932M (62%)
[151.032s][info][gc,ergo     ] GC(148) Pacer for Evacuation. Used CSet: 940M, Free: 6707M, Non-Taxable: 670M, Alloc Tax Rate: 1.1x
[151.032s][info][gc          ] GC(148) Pause Final Mark (unload classes) 0.251ms
[151.032s][info][gc,start    ] GC(148) Concurrent thread roots
[151.032s][info][gc,task     ] GC(148) Using 1 of 3 workers for Concurrent thread roots
[151.038s][info][gc          ] GC(148) Concurrent thread roots 6.809ms
[151.038s][info][gc,start    ] GC(148) Concurrent weak references
[151.039s][info][gc,task     ] GC(148) Using 1 of 3 workers for concurrent weak references
[151.039s][info][gc,ref      ] GC(148) Encountered references: Soft: 3586, Weak: 17968, Final: 53, Phantom: 598
[151.039s][info][gc,ref      ] GC(148) Discovered  references: Soft: 1314, Weak: 6867, Final: 0, Phantom: 278
[151.039s][info][gc,ref      ] GC(148) Enqueued    references: Soft: 848, Weak: 3400, Final: 0, Phantom: 0
[151.039s][info][gc          ] GC(148) Concurrent weak references 0.843ms
[151.039s][info][gc,start    ] GC(148) Concurrent weak roots
[151.039s][info][gc,task     ] GC(148) Using 1 of 3 workers for concurrent weak root
[151.050s][info][gc          ] GC(148) Concurrent weak roots 10.924ms
[151.050s][info][gc,start    ] GC(148) Concurrent cleanup
[151.050s][info][gc          ] GC(148) Concurrent cleanup 2013M->1458M(8192M) 0.042ms
[151.050s][info][gc,ergo     ] GC(148) Free: 6311M, Max: 4096K regular, 5192M humongous, Frag: 18% external, 0% internal; Reserve: 410M, Max: 4096K
[151.050s][info][gc,start    ] GC(148) Concurrent class unloading
[151.050s][info][gc,task     ] GC(148) Using 1 of 3 workers for concurrent class unloading
[151.104s][info][gc          ] GC(148) Concurrent class unloading 53.665ms
[151.104s][info][gc,start    ] GC(148) Concurrent strong roots
[151.104s][info][gc,task     ] GC(148) Using 1 of 3 workers for concurrent strong root
[151.104s][info][gc          ] GC(148) Concurrent strong roots 0.312ms
[151.104s][info][gc,start    ] GC(148) Concurrent evacuation
[151.104s][info][gc,task     ] GC(148) Using 1 of 3 workers for concurrent evacuation
[151.110s][info][gc          ] GC(148) Concurrent evacuation 5.184ms
[151.110s][info][gc,start    ] GC(148) Pause Init Update Refs
[151.110s][info][gc,ergo     ] GC(148) Pacer for Update Refs. Used: 1588M, Free: 6191M, Non-Taxable: 619M, Alloc Tax Rate: 1.1x
[151.110s][info][gc          ] GC(148) Pause Init Update Refs 0.147ms
[151.110s][info][gc,start    ] GC(148) Concurrent update references
[151.110s][info][gc,task     ] GC(148) Using 1 of 3 workers for concurrent reference update
[151.133s][info][gc          ] GC(148) Concurrent update references 22.916ms
[151.133s][info][gc,start    ] GC(148) Concurrent update thread roots
[151.140s][info][gc          ] GC(148) Concurrent update thread roots 6.826ms
[151.140s][info][gc,start    ] GC(148) Pause Final Update Refs
[151.140s][info][gc,task     ] GC(148) Using 3 of 3 workers for final reference update
[151.140s][info][gc          ] GC(148) Pause Final Update Refs 0.107ms
[151.140s][info][gc,start    ] GC(148) Concurrent cleanup
[151.140s][info][gc          ] GC(148) Concurrent cleanup 1588M->648M(8192M) 0.032ms
[151.140s][info][gc,ergo     ] Free: 7131M, Max: 4096K regular, 5220M humongous, Frag: 27% external, 0% internal; Reserve: 412M, Max: 4096K
[151.140s][info][gc,stats    ] 
[151.140s][info][gc,stats    ] All times are wall-clock times, except per-root-class counters, that are sum over
[151.140s][info][gc,stats    ] all workers. Dividing the <total> over the root stage time estimates parallelism.
[151.140s][info][gc,stats    ] 
[151.140s][info][gc,stats    ] Concurrent Reset                   5549 us
[151.140s][info][gc,stats    ] Pause Init Mark (G)                 394 us
[151.140s][info][gc,stats    ] Pause Init Mark (N)                 224 us
[151.140s][info][gc,stats    ]   Update Region States               66 us
[151.140s][info][gc,stats    ] Concurrent Mark Roots              7529 us, parallelism: 0.96x
[151.140s][info][gc,stats    ]   CMR: <total>                     7250 us
[151.140s][info][gc,stats    ]   CMR: Thread Roots                7159 us, workers (us): 7159, ---, ---, 
[151.140s][info][gc,stats    ]   CMR: VM Strong Roots               15 us, workers (us):  15, ---, ---, 
[151.140s][info][gc,stats    ]   CMR: CLDG Roots                    75 us, workers (us):  75, ---, ---, 
[151.140s][info][gc,stats    ] Concurrent Marking                52397 us
[151.140s][info][gc,stats    ] Pause Final Mark (G)                313 us
[151.140s][info][gc,stats    ] Pause Final Mark (N)                260 us
[151.140s][info][gc,stats    ]   Finish Mark                        48 us
[151.140s][info][gc,stats    ]   Update Region States               36 us
[151.140s][info][gc,stats    ]   Choose Collection Set              88 us
[151.140s][info][gc,stats    ]   Rebuild Free Set                    9 us
[151.140s][info][gc,stats    ] Concurrent Thread Roots            6873 us, parallelism: 0.98x
[151.140s][info][gc,stats    ]   CTR: <total>                     6713 us
[151.140s][info][gc,stats    ]   CTR: Thread Roots                6713 us, workers (us): 6713, ---, ---, 
[151.140s][info][gc,stats    ] Concurrent Weak References          852 us, parallelism: 0.82x
[151.140s][info][gc,stats    ]   CWRF: <total>                     703 us
[151.140s][info][gc,stats    ]   CWRF: Weak References             703 us, workers (us): 703, ---, ---, 
[151.140s][info][gc,stats    ] Concurrent Weak Roots             10963 us
[151.140s][info][gc,stats    ]   Roots                           10708 us, parallelism: 1.00x
[151.140s][info][gc,stats    ]     CWR: <total>                  10665 us
[151.140s][info][gc,stats    ]     CWR: Code Cache Roots          9233 us, workers (us): 9233, ---, ---, 
[151.140s][info][gc,stats    ]     CWR: VM Weak Roots             1307 us, workers (us): 1307, ---, ---, 
[151.140s][info][gc,stats    ]     CWR: CLDG Roots                 126 us, workers (us): 126, ---, ---, 
[151.140s][info][gc,stats    ]   Rendezvous                        195 us
[151.140s][info][gc,stats    ] Concurrent Cleanup                   51 us
[151.140s][info][gc,stats    ] Concurrent Class Unloading        53713 us
[151.140s][info][gc,stats    ]   Unlink Stale                    50608 us
[151.140s][info][gc,stats    ]     System Dictionary              1888 us
[151.140s][info][gc,stats    ]     Weak Class Links              20027 us
[151.140s][info][gc,stats    ]     Code Roots                    28688 us
[151.140s][info][gc,stats    ]   Rendezvous                        328 us
[151.140s][info][gc,stats    ]   Purge Unlinked                   2709 us
[151.140s][info][gc,stats    ]     Code Roots                     1903 us
[151.140s][info][gc,stats    ]     CLDG                            806 us
[151.140s][info][gc,stats    ]     Exception Caches                  0 us
[151.140s][info][gc,stats    ] Concurrent Strong Roots             321 us, parallelism: 0.69x
[151.140s][info][gc,stats    ]   CSR: <total>                      223 us
[151.140s][info][gc,stats    ]   CSR: VM Strong Roots                8 us, workers (us):   8, ---, ---, 
[151.140s][info][gc,stats    ]   CSR: CLDG Roots                   215 us, workers (us): 215, ---, ---, 
[151.140s][info][gc,stats    ] Concurrent Evacuation              5249 us
[151.140s][info][gc,stats    ] Pause Init Update Refs (G)          284 us
[151.140s][info][gc,stats    ] Pause Init Update Refs (N)          168 us
[151.140s][info][gc,stats    ]   Manage GCLABs                      44 us
[151.140s][info][gc,stats    ] Concurrent Update Refs            22982 us
[151.140s][info][gc,stats    ] Concurrent Update Thread Roots     6844 us
[151.140s][info][gc,stats    ] Pause Final Update Refs (G)         154 us
[151.140s][info][gc,stats    ] Pause Final Update Refs (N)         121 us
[151.140s][info][gc,stats    ]   Update Region States               43 us
[151.140s][info][gc,stats    ]   Trash Collection Set                8 us
[151.140s][info][gc,stats    ]   Rebuild Free Set                   18 us
[151.140s][info][gc,stats    ] Concurrent Cleanup                   41 us
[151.140s][info][gc,stats    ] 
[151.140s][info][gc,stats    ] Allocation pacing accrued:
[151.140s][info][gc,stats    ]       0 of  1146 ms (  0.0%): <total>
[151.140s][info][gc,stats    ]       0 of  1146 ms (  0.0%): <average total>
[151.140s][info][gc,stats    ] 
[151.140s][info][gc,metaspace] Metaspace: 156826K(158016K)->155794K(157952K) NonClass: 138765K(139328K)->137904K(139328K) Class: 18061K(18688K)->17890K(18624K)
[151.140s][info][gc,ergo     ] Pacer for Idle. Initial: 163M, Alloc Tax Rate: 1.0x
[151.470s][info][gc          ] Trigger: Learning 2 of 5. Free (5626M) is below initial threshold (5734M)
[151.471s][info][gc,ergo     ] Free: 5626M, Max: 4096K regular, 5220M humongous, Frag: 8% external, 0% internal; Reserve: 412M, Max: 4096K
[151.471s][info][gc,start    ] GC(149) Concurrent reset
[151.471s][info][gc,task     ] GC(149) Using 1 of 3 workers for concurrent reset
[151.471s][info][gc,ergo     ] GC(149) Pacer for Reset. Non-Taxable: 8192M
[151.485s][info][gc          ] GC(149) Concurrent reset 13.872ms
[151.485s][info][gc,start    ] GC(149) Pause Init Mark (unload classes)
[151.485s][info][gc,task     ] GC(149) Using 3 of 3 workers for init marking
[151.485s][info][gc,ergo     ] GC(149) Pacer for Mark. Expected Live: 141M, Free: 5531M, Non-Taxable: 553M, Alloc Tax Rate: 0.0x
[151.485s][info][gc          ] GC(149) Pause Init Mark (unload classes) 0.160ms
[151.485s][info][gc,start    ] GC(149) Concurrent marking roots
[151.485s][info][gc,task     ] GC(149) Using 1 of 3 workers for concurrent marking roots
[151.494s][info][gc          ] GC(149) Concurrent marking roots 9.171ms
[151.494s][info][gc,start    ] GC(149) Concurrent marking (unload classes)
[151.494s][info][gc,task     ] GC(149) Using 1 of 3 workers for concurrent marking
[151.565s][info][gc          ] GC(149) Concurrent marking (unload classes) 70.896ms
[151.565s][info][gc,start    ] GC(149) Pause Final Mark (unload classes)
[151.565s][info][gc,task     ] GC(149) Using 3 of 3 workers for final marking
[151.566s][info][gc,ergo     ] GC(149) Adaptive CSet Selection. Target Free: 1160M, Actual Free: 6607M, Max CSet: 341M, Min Garbage: 0B
[151.566s][info][gc,ergo     ] GC(149) Collectable Garbage: 2033M (99%), Immediate: 983M (48%), CSet: 1050M (51%)
[151.566s][info][gc,ergo     ] GC(149) Pacer for Evacuation. Used CSet: 1108M, Free: 6233M, Non-Taxable: 623M, Alloc Tax Rate: 1.1x
[151.566s][info][gc          ] GC(149) Pause Final Mark (unload classes) 0.230ms
[151.566s][info][gc,start    ] GC(149) Concurrent thread roots
[151.566s][info][gc,task     ] GC(149) Using 1 of 3 workers for Concurrent thread roots
[151.573s][info][gc          ] GC(149) Concurrent thread roots 6.993ms
[151.573s][info][gc,start    ] GC(149) Concurrent weak references
[151.573s][info][gc,task     ] GC(149) Using 1 of 3 workers for concurrent weak references
[151.573s][info][gc,ref      ] GC(149) Encountered references: Soft: 3714, Weak: 14985, Final: 53, Phantom: 598
[151.573s][info][gc,ref      ] GC(149) Discovered  references: Soft: 0, Weak: 8018, Final: 0, Phantom: 278
[151.573s][info][gc,ref      ] GC(149) Enqueued    references: Soft: 0, Weak: 212, Final: 0, Phantom: 0
[151.574s][info][gc          ] GC(149) Concurrent weak references 0.744ms
[151.574s][info][gc,start    ] GC(149) Concurrent weak roots
[151.574s][info][gc,task     ] GC(149) Using 1 of 3 workers for concurrent weak root
[151.583s][info][gc          ] GC(149) Concurrent weak roots 9.021ms
[151.583s][info][gc,start    ] GC(149) Concurrent cleanup
[151.583s][info][gc          ] GC(149) Concurrent cleanup 2610M->1627M(8192M) 0.039ms
[151.583s][info][gc,ergo     ] GC(149) Free: 6144M, Max: 4096K regular, 5124M humongous, Frag: 17% external, 0% internal; Reserve: 399M, Max: 4096K
[151.583s][info][gc,start    ] GC(149) Concurrent class unloading
[151.583s][info][gc,task     ] GC(149) Using 1 of 3 workers for concurrent class unloading
[151.636s][info][gc          ] GC(149) Concurrent class unloading 53.315ms
[151.636s][info][gc,start    ] GC(149) Concurrent strong roots
[151.636s][info][gc,task     ] GC(149) Using 1 of 3 workers for concurrent strong root
[151.636s][info][gc          ] GC(149) Concurrent strong roots 0.461ms
[151.637s][info][gc,start    ] GC(149) Concurrent evacuation
[151.637s][info][gc,task     ] GC(149) Using 1 of 3 workers for concurrent evacuation
[151.644s][info][gc          ] GC(149) Concurrent evacuation 7.172ms
[151.644s][info][gc,start    ] GC(149) Pause Init Update Refs
[151.644s][info][gc,ergo     ] GC(149) Pacer for Update Refs. Used: 1737M, Free: 6080M, Non-Taxable: 608M, Alloc Tax Rate: 1.1x
[151.644s][info][gc          ] GC(149) Pause Init Update Refs 0.103ms
[151.644s][info][gc,start    ] GC(149) Concurrent update references
[151.644s][info][gc,task     ] GC(149) Using 1 of 3 workers for concurrent reference update
[151.712s][info][gc          ] GC(149) Concurrent update references 68.427ms
[151.713s][info][gc,start    ] GC(149) Concurrent update thread roots
[151.719s][info][gc          ] GC(149) Concurrent update thread roots 6.771ms
[151.719s][info][gc,start    ] GC(149) Pause Final Update Refs
[151.719s][info][gc,task     ] GC(149) Using 3 of 3 workers for final reference update
[151.720s][info][gc          ] GC(149) Pause Final Update Refs 0.178ms
[151.720s][info][gc,start    ] GC(149) Concurrent cleanup
[151.720s][info][gc          ] GC(149) Concurrent cleanup 1805M->696M(8192M) 0.034ms
[151.720s][info][gc,ergo     ] Free: 7039M, Max: 4096K regular, 5060M humongous, Frag: 28% external, 0% internal; Reserve: 412M, Max: 4096K
[151.720s][info][gc,stats    ] 
[151.720s][info][gc,stats    ] All times are wall-clock times, except per-root-class counters, that are sum over
[151.720s][info][gc,stats    ] all workers. Dividing the <total> over the root stage time estimates parallelism.
[151.720s][info][gc,stats    ] 
[151.720s][info][gc,stats    ] Concurrent Reset                  14007 us
[151.720s][info][gc,stats    ] Pause Init Mark (G)                 476 us
[151.720s][info][gc,stats    ] Pause Init Mark (N)                 171 us
[151.720s][info][gc,stats    ]   Update Region States               55 us
[151.720s][info][gc,stats    ] Concurrent Mark Roots              9327 us, parallelism: 0.94x
[151.720s][info][gc,stats    ]   CMR: <total>                     8722 us
[151.720s][info][gc,stats    ]   CMR: Thread Roots                8558 us, workers (us): 8558, ---, ---, 
[151.720s][info][gc,stats    ]   CMR: VM Strong Roots               25 us, workers (us):  25, ---, ---, 
[151.720s][info][gc,stats    ]   CMR: CLDG Roots                   139 us, workers (us): 139, ---, ---, 
[151.720s][info][gc,stats    ] Concurrent Marking                70939 us
[151.720s][info][gc,stats    ] Pause Final Mark (G)                299 us
[151.720s][info][gc,stats    ] Pause Final Mark (N)                238 us
[151.720s][info][gc,stats    ]   Finish Mark                        56 us
[151.720s][info][gc,stats    ]   Update Region States               32 us
[151.720s][info][gc,stats    ]   Choose Collection Set              77 us
[151.720s][info][gc,stats    ]   Rebuild Free Set                    9 us
[151.720s][info][gc,stats    ] Concurrent Thread Roots            7064 us, parallelism: 0.98x
[151.720s][info][gc,stats    ]   CTR: <total>                     6927 us
[151.720s][info][gc,stats    ]   CTR: Thread Roots                6927 us, workers (us): 6927, ---, ---, 
[151.720s][info][gc,stats    ] Concurrent Weak References          753 us, parallelism: 0.79x
[151.720s][info][gc,stats    ]   CWRF: <total>                     592 us
[151.720s][info][gc,stats    ]   CWRF: Weak References             592 us, workers (us): 592, ---, ---, 
[151.720s][info][gc,stats    ] Concurrent Weak Roots              9067 us
[151.720s][info][gc,stats    ]   Roots                            8809 us, parallelism: 0.99x
[151.720s][info][gc,stats    ]     CWR: <total>                   8761 us
[151.720s][info][gc,stats    ]     CWR: Code Cache Roots          7407 us, workers (us): 7407, ---, ---, 
[151.720s][info][gc,stats    ]     CWR: VM Weak Roots             1263 us, workers (us): 1263, ---, ---, 
[151.720s][info][gc,stats    ]     CWR: CLDG Roots                  91 us, workers (us):  91, ---, ---, 
[151.720s][info][gc,stats    ]   Rendezvous                        190 us
[151.720s][info][gc,stats    ] Concurrent Cleanup                   48 us
[151.720s][info][gc,stats    ] Concurrent Class Unloading        53373 us
[151.720s][info][gc,stats    ]   Unlink Stale                    51433 us
[151.720s][info][gc,stats    ]     System Dictionary               389 us
[151.720s][info][gc,stats    ]     Weak Class Links              16391 us
[151.720s][info][gc,stats    ]     Code Roots                    34651 us
[151.720s][info][gc,stats    ]   Rendezvous                        202 us
[151.720s][info][gc,stats    ]   Purge Unlinked                   1660 us
[151.720s][info][gc,stats    ]     Code Roots                     1544 us
[151.720s][info][gc,stats    ]     CLDG                            114 us
[151.720s][info][gc,stats    ]     Exception Caches                  0 us
[151.720s][info][gc,stats    ] Concurrent Strong Roots             476 us, parallelism: 0.67x
[151.720s][info][gc,stats    ]   CSR: <total>                      318 us
[151.720s][info][gc,stats    ]   CSR: VM Strong Roots                8 us, workers (us):   8, ---, ---, 
[151.720s][info][gc,stats    ]   CSR: CLDG Roots                   310 us, workers (us): 310, ---, ---, 
[151.720s][info][gc,stats    ] Concurrent Evacuation              7232 us
[151.720s][info][gc,stats    ] Pause Init Update Refs (G)          276 us
[151.720s][info][gc,stats    ] Pause Init Update Refs (N)          121 us
[151.720s][info][gc,stats    ]   Manage GCLABs                      19 us
[151.720s][info][gc,stats    ] Concurrent Update Refs            68489 us
[151.720s][info][gc,stats    ] Concurrent Update Thread Roots     6839 us
[151.720s][info][gc,stats    ] Pause Final Update Refs (G)         284 us
[151.720s][info][gc,stats    ] Pause Final Update Refs (N)         196 us
[151.720s][info][gc,stats    ]   Update Region States               94 us
[151.720s][info][gc,stats    ]   Trash Collection Set                9 us
[151.720s][info][gc,stats    ]   Rebuild Free Set                   18 us
[151.720s][info][gc,stats    ] Concurrent Cleanup                   43 us
[151.720s][info][gc,stats    ] 
[151.720s][info][gc,stats    ] Allocation pacing accrued:
[151.720s][info][gc,stats    ]       0 of   580 ms (  0.0%): <total>
[151.720s][info][gc,stats    ]       0 of   580 ms (  0.0%): <average total>
[151.720s][info][gc,stats    ] 
[151.720s][info][gc,metaspace] Metaspace: 156645K(157952K)->156673K(157952K) NonClass: 138609K(139328K)->138634K(139328K) Class: 18035K(18624K)->18039K(18624K)
[151.720s][info][gc,ergo     ] Pacer for Idle. Initial: 163M, Alloc Tax Rate: 1.0x
[152.658s][info][gc          ] Trigger: Explicit GC request (System.gc())
[152.658s][info][gc,ergo     ] Free: 5871M, Max: 4096K regular, 5060M humongous, Frag: 14% external, 0% internal; Reserve: 412M, Max: 4096K
[152.658s][info][gc,start    ] GC(150) Concurrent reset
[152.658s][info][gc,task     ] GC(150) Using 1 of 3 workers for concurrent reset
[152.658s][info][gc,ergo     ] GC(150) Pacer for Reset. Non-Taxable: 8192M
[152.663s][info][gc          ] GC(150) Concurrent reset 4.887ms
[152.663s][info][gc,start    ] GC(150) Pause Init Mark (unload classes)
[152.663s][info][gc,task     ] GC(150) Using 3 of 3 workers for init marking
[152.663s][info][gc,ref      ] GC(150) Clearing All SoftReferences
[152.663s][info][gc,ergo     ] GC(150) Pacer for Mark. Expected Live: 152M, Free: 5871M, Non-Taxable: 587M, Alloc Tax Rate: 0.0x
[152.663s][info][gc          ] GC(150) Pause Init Mark (unload classes) 0.234ms
[152.664s][info][gc,start    ] GC(150) Concurrent marking roots
[152.664s][info][gc,task     ] GC(150) Using 1 of 3 workers for concurrent marking roots
[152.670s][info][gc          ] GC(150) Concurrent marking roots 6.925ms
[152.671s][info][gc,start    ] GC(150) Concurrent marking (unload classes)
[152.671s][info][gc,task     ] GC(150) Using 1 of 3 workers for concurrent marking
[152.724s][info][gc          ] GC(150) Concurrent marking (unload classes) 53.270ms
[152.724s][info][gc,start    ] GC(150) Pause Final Mark (unload classes)
[152.724s][info][gc,task     ] GC(150) Using 3 of 3 workers for final marking
[152.724s][info][gc,ergo     ] GC(150) Adaptive CSet Selection. Target Free: 1160M, Actual Free: 6819M, Max CSet: 341M, Min Garbage: 0B
[152.724s][info][gc,ergo     ] GC(150) Collectable Garbage: 1503M (99%), Immediate: 547M (36%), CSet: 956M (63%)
[152.724s][info][gc,ergo     ] GC(150) Pacer for Evacuation. Used CSet: 964M, Free: 6683M, Non-Taxable: 668M, Alloc Tax Rate: 1.1x
[152.724s][info][gc          ] GC(150) Pause Final Mark (unload classes) 0.263ms
[152.724s][info][gc,start    ] GC(150) Concurrent thread roots
[152.724s][info][gc,task     ] GC(150) Using 1 of 3 workers for Concurrent thread roots
[152.731s][info][gc          ] GC(150) Concurrent thread roots 6.620ms
[152.731s][info][gc,start    ] GC(150) Concurrent weak references
[152.731s][info][gc,task     ] GC(150) Using 1 of 3 workers for concurrent weak references
[152.732s][info][gc,ref      ] GC(150) Encountered references: Soft: 3586, Weak: 17964, Final: 53, Phantom: 598
[152.732s][info][gc,ref      ] GC(150) Discovered  references: Soft: 1314, Weak: 6848, Final: 0, Phantom: 373
[152.732s][info][gc,ref      ] GC(150) Enqueued    references: Soft: 848, Weak: 3397, Final: 0, Phantom: 0
[152.732s][info][gc          ] GC(150) Concurrent weak references 1.211ms
[152.732s][info][gc,start    ] GC(150) Concurrent weak roots
[152.732s][info][gc,task     ] GC(150) Using 1 of 3 workers for concurrent weak root
[152.742s][info][gc          ] GC(150) Concurrent weak roots 10.133ms
[152.742s][info][gc,start    ] GC(150) Concurrent cleanup
[152.742s][info][gc          ] GC(150) Concurrent cleanup 2065M->1522M(8192M) 0.044ms
[152.742s][info][gc,ergo     ] GC(150) Free: 6247M, Max: 4096K regular, 5096M humongous, Frag: 19% external, 0% internal; Reserve: 410M, Max: 4096K
[152.742s][info][gc,start    ] GC(150) Concurrent class unloading
[152.742s][info][gc,task     ] GC(150) Using 1 of 3 workers for concurrent class unloading
[152.793s][info][gc          ] GC(150) Concurrent class unloading 50.318ms
[152.793s][info][gc,start    ] GC(150) Concurrent strong roots
[152.793s][info][gc,task     ] GC(150) Using 1 of 3 workers for concurrent strong root
[152.793s][info][gc          ] GC(150) Concurrent strong roots 0.447ms
[152.793s][info][gc,start    ] GC(150) Concurrent evacuation
[152.793s][info][gc,task     ] GC(150) Using 1 of 3 workers for concurrent evacuation
[152.798s][info][gc          ] GC(150) Concurrent evacuation 5.219ms
[152.799s][info][gc,start    ] GC(150) Pause Init Update Refs
[152.799s][info][gc,ergo     ] GC(150) Pacer for Update Refs. Used: 1636M, Free: 6143M, Non-Taxable: 614M, Alloc Tax Rate: 1.1x
[152.799s][info][gc          ] GC(150) Pause Init Update Refs 0.293ms
[152.799s][info][gc,start    ] GC(150) Concurrent update references
[152.799s][info][gc,task     ] GC(150) Using 1 of 3 workers for concurrent reference update
[152.821s][info][gc          ] GC(150) Concurrent update references 22.159ms
[152.821s][info][gc,start    ] GC(150) Concurrent update thread roots
[152.829s][info][gc          ] GC(150) Concurrent update thread roots 7.590ms
[152.829s][info][gc,start    ] GC(150) Pause Final Update Refs
[152.829s][info][gc,task     ] GC(150) Using 3 of 3 workers for final reference update
[152.829s][info][gc          ] GC(150) Pause Final Update Refs 0.158ms
[152.829s][info][gc,start    ] GC(150) Concurrent cleanup
[152.829s][info][gc          ] GC(150) Concurrent cleanup 1636M->672M(8192M) 0.103ms
[152.829s][info][gc,ergo     ] Free: 7107M, Max: 4096K regular, 5220M humongous, Frag: 27% external, 0% internal; Reserve: 412M, Max: 4096K
[152.829s][info][gc,stats    ] 
[152.829s][info][gc,stats    ] All times are wall-clock times, except per-root-class counters, that are sum over
[152.829s][info][gc,stats    ] all workers. Dividing the <total> over the root stage time estimates parallelism.
[152.829s][info][gc,stats    ] 
[152.829s][info][gc,stats    ] Concurrent Reset                   4942 us
[152.829s][info][gc,stats    ] Pause Init Mark (G)                 405 us
[152.829s][info][gc,stats    ] Pause Init Mark (N)                 256 us
[152.829s][info][gc,stats    ]   Update Region States               73 us
[152.829s][info][gc,stats    ] Concurrent Mark Roots              6969 us, parallelism: 0.96x
[152.829s][info][gc,stats    ]   CMR: <total>                     6684 us
[152.829s][info][gc,stats    ]   CMR: Thread Roots                6526 us, workers (us): 6526, ---, ---, 
[152.830s][info][gc,stats    ]   CMR: VM Strong Roots               17 us, workers (us):  17, ---, ---, 
[152.830s][info][gc,stats    ]   CMR: CLDG Roots                   140 us, workers (us): 140, ---, ---, 
[152.830s][info][gc,stats    ] Concurrent Marking                53310 us
[152.830s][info][gc,stats    ] Pause Final Mark (G)                343 us
[152.830s][info][gc,stats    ] Pause Final Mark (N)                272 us
[152.830s][info][gc,stats    ]   Finish Mark                        76 us
[152.830s][info][gc,stats    ]   Update Region States               32 us
[152.830s][info][gc,stats    ]   Choose Collection Set              81 us
[152.830s][info][gc,stats    ]   Rebuild Free Set                    9 us
[152.830s][info][gc,stats    ] Concurrent Thread Roots            6672 us, parallelism: 0.95x
[152.830s][info][gc,stats    ]   CTR: <total>                     6335 us
[152.830s][info][gc,stats    ]   CTR: Thread Roots                6335 us, workers (us): 6335, ---, ---, 
[152.830s][info][gc,stats    ] Concurrent Weak References         1219 us, parallelism: 0.88x
[152.830s][info][gc,stats    ]   CWRF: <total>                    1076 us
[152.830s][info][gc,stats    ]   CWRF: Weak References            1076 us, workers (us): 1076, ---, ---, 
[152.830s][info][gc,stats    ] Concurrent Weak Roots             10176 us
[152.830s][info][gc,stats    ]   Roots                            9907 us, parallelism: 0.99x
[152.830s][info][gc,stats    ]     CWR: <total>                   9823 us
[152.830s][info][gc,stats    ]     CWR: Code Cache Roots          8313 us, workers (us): 8313, ---, ---, 
[152.830s][info][gc,stats    ]     CWR: VM Weak Roots             1424 us, workers (us): 1424, ---, ---, 
[152.830s][info][gc,stats    ]     CWR: CLDG Roots                  85 us, workers (us):  85, ---, ---, 
[152.830s][info][gc,stats    ]   Rendezvous                        208 us
[152.830s][info][gc,stats    ] Concurrent Cleanup                   53 us
[152.830s][info][gc,stats    ] Concurrent Class Unloading        50366 us
[152.830s][info][gc,stats    ]   Unlink Stale                    47758 us
[152.830s][info][gc,stats    ]     System Dictionary              1825 us
[152.830s][info][gc,stats    ]     Weak Class Links              17529 us
[152.830s][info][gc,stats    ]     Code Roots                    28401 us
[152.830s][info][gc,stats    ]   Rendezvous                        323 us
[152.830s][info][gc,stats    ]   Purge Unlinked                   2218 us
[152.830s][info][gc,stats    ]     Code Roots                     1158 us
[152.830s][info][gc,stats    ]     CLDG                           1059 us
[152.830s][info][gc,stats    ]     Exception Caches                  0 us
[152.830s][info][gc,stats    ] Concurrent Strong Roots             465 us, parallelism: 0.72x
[152.830s][info][gc,stats    ]   CSR: <total>                      336 us
[152.830s][info][gc,stats    ]   CSR: VM Strong Roots               14 us, workers (us):  14, ---, ---, 
[152.830s][info][gc,stats    ]   CSR: CLDG Roots                   321 us, workers (us): 321, ---, ---, 
[152.830s][info][gc,stats    ] Concurrent Evacuation              5287 us
[152.830s][info][gc,stats    ] Pause Init Update Refs (G)          487 us
[152.830s][info][gc,stats    ] Pause Init Update Refs (N)          314 us
[152.830s][info][gc,stats    ]   Manage GCLABs                      41 us
[152.830s][info][gc,stats    ] Concurrent Update Refs            22228 us
[152.830s][info][gc,stats    ] Concurrent Update Thread Roots     7639 us
[152.830s][info][gc,stats    ] Pause Final Update Refs (G)         279 us
[152.830s][info][gc,stats    ] Pause Final Update Refs (N)         176 us
[152.830s][info][gc,stats    ]   Update Region States               85 us
[152.830s][info][gc,stats    ]   Trash Collection Set               11 us
[152.830s][info][gc,stats    ]   Rebuild Free Set                   21 us
[152.830s][info][gc,stats    ] Concurrent Cleanup                  129 us
[152.830s][info][gc,stats    ] 
[152.830s][info][gc,stats    ] Allocation pacing accrued:
[152.830s][info][gc,stats    ]       0 of  1110 ms (  0.0%): <total>
[152.830s][info][gc,stats    ]       0 of  1110 ms (  0.0%): <average total>
[152.830s][info][gc,stats    ] 
[152.830s][info][gc,metaspace] Metaspace: 156825K(158016K)->155794K(157952K) NonClass: 138763K(139328K)->137904K(139328K) Class: 18061K(18688K)->17890K(18624K)
[152.830s][info][gc,ergo     ] Pacer for Idle. Initial: 163M, Alloc Tax Rate: 1.0x
[153.169s][info][gc          ] Trigger: Learning 2 of 5. Free (5595M) is below initial threshold (5734M)
[153.169s][info][gc,ergo     ] Free: 5595M, Max: 4096K regular, 5220M humongous, Frag: 7% external, 0% internal; Reserve: 412M, Max: 4096K
[153.169s][info][gc,start    ] GC(151) Concurrent reset
[153.169s][info][gc,task     ] GC(151) Using 1 of 3 workers for concurrent reset
[153.169s][info][gc,ergo     ] GC(151) Pacer for Reset. Non-Taxable: 8192M
[153.183s][info][gc          ] GC(151) Concurrent reset 14.540ms
[153.184s][info][gc,start    ] GC(151) Pause Init Mark (unload classes)
[153.184s][info][gc,task     ] GC(151) Using 3 of 3 workers for init marking
[153.184s][info][gc,ergo     ] GC(151) Pacer for Mark. Expected Live: 141M, Free: 5487M, Non-Taxable: 548M, Alloc Tax Rate: 0.0x
[153.184s][info][gc          ] GC(151) Pause Init Mark (unload classes) 0.126ms
[153.184s][info][gc,start    ] GC(151) Concurrent marking roots
[153.184s][info][gc,task     ] GC(151) Using 1 of 3 workers for concurrent marking roots
[153.193s][info][gc          ] GC(151) Concurrent marking roots 9.026ms
[153.193s][info][gc,start    ] GC(151) Concurrent marking (unload classes)
[153.193s][info][gc,task     ] GC(151) Using 1 of 3 workers for concurrent marking
[153.264s][info][gc          ] GC(151) Concurrent marking (unload classes) 70.380ms
[153.264s][info][gc,start    ] GC(151) Pause Final Mark (unload classes)
[153.264s][info][gc,task     ] GC(151) Using 3 of 3 workers for final marking
[153.264s][info][gc,ergo     ] GC(151) Adaptive CSet Selection. Target Free: 1160M, Actual Free: 6544M, Max CSet: 341M, Min Garbage: 0B
[153.264s][info][gc,ergo     ] GC(151) Collectable Garbage: 2076M (99%), Immediate: 956M (45%), CSet: 1120M (53%)
[153.264s][info][gc,ergo     ] GC(151) Pacer for Evacuation. Used CSet: 1181M, Free: 6169M, Non-Taxable: 616M, Alloc Tax Rate: 1.1x
[153.264s][info][gc          ] GC(151) Pause Final Mark (unload classes) 0.245ms
[153.264s][info][gc,start    ] GC(151) Concurrent thread roots
[153.264s][info][gc,task     ] GC(151) Using 1 of 3 workers for Concurrent thread roots
[153.271s][info][gc          ] GC(151) Concurrent thread roots 6.846ms
[153.271s][info][gc,start    ] GC(151) Concurrent weak references
[153.271s][info][gc,task     ] GC(151) Using 1 of 3 workers for concurrent weak references
[153.271s][info][gc,ref      ] GC(151) Encountered references: Soft: 3715, Weak: 14992, Final: 53, Phantom: 598
[153.271s][info][gc,ref      ] GC(151) Discovered  references: Soft: 0, Weak: 8275, Final: 0, Phantom: 278
[153.271s][info][gc,ref      ] GC(151) Enqueued    references: Soft: 0, Weak: 211, Final: 0, Phantom: 0
[153.271s][info][gc          ] GC(151) Concurrent weak references 0.684ms
[153.271s][info][gc,start    ] GC(151) Concurrent weak roots
[153.271s][info][gc,task     ] GC(151) Using 1 of 3 workers for concurrent weak root
[153.280s][info][gc          ] GC(151) Concurrent weak roots 8.712ms
[153.280s][info][gc,start    ] GC(151) Concurrent cleanup
[153.280s][info][gc          ] GC(151) Concurrent cleanup 2637M->1680M(8192M) 0.065ms
[153.280s][info][gc,ergo     ] GC(151) Free: 6079M, Max: 4096K regular, 5088M humongous, Frag: 17% external, 0% internal; Reserve: 410M, Max: 4096K
[153.280s][info][gc,start    ] GC(151) Concurrent class unloading
[153.280s][info][gc,task     ] GC(151) Using 1 of 3 workers for concurrent class unloading
[153.333s][info][gc          ] GC(151) Concurrent class unloading 53.064ms
[153.333s][info][gc,start    ] GC(151) Concurrent strong roots
[153.333s][info][gc,task     ] GC(151) Using 1 of 3 workers for concurrent strong root
[153.334s][info][gc          ] GC(151) Concurrent strong roots 0.704ms
[153.334s][info][gc,start    ] GC(151) Concurrent evacuation
[153.334s][info][gc,task     ] GC(151) Using 1 of 3 workers for concurrent evacuation
[153.342s][info][gc          ] GC(151) Concurrent evacuation 8.260ms
[153.343s][info][gc,start    ] GC(151) Pause Init Update Refs
[153.343s][info][gc,ergo     ] GC(151) Pacer for Update Refs. Used: 1815M, Free: 6008M, Non-Taxable: 600M, Alloc Tax Rate: 1.1x
[153.343s][info][gc          ] GC(151) Pause Init Update Refs 0.103ms
[153.343s][info][gc,start    ] GC(151) Concurrent update references
[153.343s][info][gc,task     ] GC(151) Using 1 of 3 workers for concurrent reference update
[153.409s][info][gc          ] GC(151) Concurrent update references 65.904ms
[153.409s][info][gc,start    ] GC(151) Concurrent update thread roots
[153.415s][info][gc          ] GC(151) Concurrent update thread roots 6.283ms
[153.415s][info][gc,start    ] GC(151) Pause Final Update Refs
[153.415s][info][gc,task     ] GC(151) Using 3 of 3 workers for final reference update
[153.415s][info][gc          ] GC(151) Pause Final Update Refs 0.150ms
[153.415s][info][gc,start    ] GC(151) Concurrent cleanup
[153.415s][info][gc          ] GC(151) Concurrent cleanup 1855M->674M(8192M) 0.082ms
[153.415s][info][gc,ergo     ] Free: 7065M, Max: 4096K regular, 5016M humongous, Frag: 29% external, 0% internal; Reserve: 412M, Max: 4096K
[153.416s][info][gc,stats    ] 
[153.416s][info][gc,stats    ] All times are wall-clock times, except per-root-class counters, that are sum over
[153.416s][info][gc,stats    ] all workers. Dividing the <total> over the root stage time estimates parallelism.
[153.416s][info][gc,stats    ] 
[153.416s][info][gc,stats    ] Concurrent Reset                  14675 us
[153.416s][info][gc,stats    ] Pause Init Mark (G)                 387 us
[153.416s][info][gc,stats    ] Pause Init Mark (N)                 134 us
[153.416s][info][gc,stats    ]   Update Region States               46 us
[153.416s][info][gc,stats    ] Concurrent Mark Roots              9179 us, parallelism: 0.95x
[153.416s][info][gc,stats    ]   CMR: <total>                     8676 us
[153.416s][info][gc,stats    ]   CMR: Thread Roots                8542 us, workers (us): 8542, ---, ---, 
[153.416s][info][gc,stats    ]   CMR: VM Strong Roots               19 us, workers (us):  19, ---, ---, 
[153.416s][info][gc,stats    ]   CMR: CLDG Roots                   115 us, workers (us): 115, ---, ---, 
[153.416s][info][gc,stats    ] Concurrent Marking                70425 us
[153.416s][info][gc,stats    ] Pause Final Mark (G)                307 us
[153.416s][info][gc,stats    ] Pause Final Mark (N)                253 us
[153.416s][info][gc,stats    ]   Finish Mark                        57 us
[153.416s][info][gc,stats    ]   Update Region States               38 us
[153.416s][info][gc,stats    ]   Choose Collection Set              82 us
[153.416s][info][gc,stats    ]   Rebuild Free Set                    9 us
[153.416s][info][gc,stats    ] Concurrent Thread Roots            6896 us, parallelism: 0.98x
[153.416s][info][gc,stats    ]   CTR: <total>                     6778 us
[153.416s][info][gc,stats    ]   CTR: Thread Roots                6778 us, workers (us): 6778, ---, ---, 
[153.416s][info][gc,stats    ] Concurrent Weak References          693 us, parallelism: 0.83x
[153.416s][info][gc,stats    ]   CWRF: <total>                     573 us
[153.416s][info][gc,stats    ]   CWRF: Weak References             573 us, workers (us): 573, ---, ---, 
[153.416s][info][gc,stats    ] Concurrent Weak Roots              8771 us
[153.416s][info][gc,stats    ]   Roots                            8456 us, parallelism: 0.99x
[153.416s][info][gc,stats    ]     CWR: <total>                   8406 us
[153.416s][info][gc,stats    ]     CWR: Code Cache Roots          7041 us, workers (us): 7041, ---, ---, 
[153.416s][info][gc,stats    ]     CWR: VM Weak Roots             1256 us, workers (us): 1256, ---, ---, 
[153.416s][info][gc,stats    ]     CWR: CLDG Roots                 109 us, workers (us): 109, ---, ---, 
[153.416s][info][gc,stats    ]   Rendezvous                        235 us
[153.416s][info][gc,stats    ] Concurrent Cleanup                   83 us
[153.416s][info][gc,stats    ] Concurrent Class Unloading        53130 us
[153.416s][info][gc,stats    ]   Unlink Stale                    51582 us
[153.416s][info][gc,stats    ]     System Dictionary               441 us
[153.416s][info][gc,stats    ]     Weak Class Links              16450 us
[153.416s][info][gc,stats    ]     Code Roots                    34689 us
[153.416s][info][gc,stats    ]   Rendezvous                        176 us
[153.416s][info][gc,stats    ]   Purge Unlinked                   1269 us
[153.416s][info][gc,stats    ]     Code Roots                     1181 us
[153.416s][info][gc,stats    ]     CLDG                             87 us
[153.416s][info][gc,stats    ]     Exception Caches                  0 us
[153.416s][info][gc,stats    ] Concurrent Strong Roots             724 us, parallelism: 0.69x
[153.416s][info][gc,stats    ]   CSR: <total>                      500 us
[153.416s][info][gc,stats    ]   CSR: VM Strong Roots               13 us, workers (us):  13, ---, ---, 
[153.416s][info][gc,stats    ]   CSR: CLDG Roots                   487 us, workers (us): 487, ---, ---, 
[153.416s][info][gc,stats    ] Concurrent Evacuation              8332 us
[153.416s][info][gc,stats    ] Pause Init Update Refs (G)          226 us
[153.416s][info][gc,stats    ] Pause Init Update Refs (N)          121 us
[153.416s][info][gc,stats    ]   Manage GCLABs                      23 us
[153.416s][info][gc,stats    ] Concurrent Update Refs            65954 us
[153.416s][info][gc,stats    ] Concurrent Update Thread Roots     6351 us
[153.416s][info][gc,stats    ] Pause Final Update Refs (G)         273 us
[153.416s][info][gc,stats    ] Pause Final Update Refs (N)         168 us
[153.416s][info][gc,stats    ]   Update Region States               71 us
[153.416s][info][gc,stats    ]   Trash Collection Set                8 us
[153.416s][info][gc,stats    ]   Rebuild Free Set                   18 us
[153.416s][info][gc,stats    ] Concurrent Cleanup                  103 us
[153.416s][info][gc,stats    ] 
[153.416s][info][gc,stats    ] Allocation pacing accrued:
[153.416s][info][gc,stats    ]       0 of   586 ms (  0.0%): <total>
[153.416s][info][gc,stats    ]       0 of   586 ms (  0.0%): <average total>
[153.416s][info][gc,stats    ] 
[153.416s][info][gc,metaspace] Metaspace: 156659K(157952K)->156677K(157952K) NonClass: 138620K(139328K)->138637K(139328K) Class: 18038K(18624K)->18039K(18624K)
[153.416s][info][gc,ergo     ] Pacer for Idle. Initial: 163M, Alloc Tax Rate: 1.0x
[154.346s][info][gc          ] Trigger: Explicit GC request (System.gc())
[154.346s][info][gc,ergo     ] Free: 5889M, Max: 4096K regular, 5016M humongous, Frag: 15% external, 0% internal; Reserve: 412M, Max: 4096K
[154.346s][info][gc,start    ] GC(152) Concurrent reset
[154.346s][info][gc,task     ] GC(152) Using 1 of 3 workers for concurrent reset
[154.346s][info][gc,ergo     ] GC(152) Pacer for Reset. Non-Taxable: 8192M
[154.351s][info][gc          ] GC(152) Concurrent reset 4.874ms
[154.351s][info][gc,start    ] GC(152) Pause Init Mark (unload classes)
[154.351s][info][gc,task     ] GC(152) Using 3 of 3 workers for init marking
[154.351s][info][gc,ref      ] GC(152) Clearing All SoftReferences
[154.351s][info][gc,ergo     ] GC(152) Pacer for Mark. Expected Live: 152M, Free: 5889M, Non-Taxable: 588M, Alloc Tax Rate: 0.0x
[154.351s][info][gc          ] GC(152) Pause Init Mark (unload classes) 0.230ms
[154.351s][info][gc,start    ] GC(152) Concurrent marking roots
[154.351s][info][gc,task     ] GC(152) Using 1 of 3 workers for concurrent marking roots
[154.358s][info][gc          ] GC(152) Concurrent marking roots 6.824ms
[154.358s][info][gc,start    ] GC(152) Concurrent marking (unload classes)
[154.358s][info][gc,task     ] GC(152) Using 1 of 3 workers for concurrent marking
[154.411s][info][gc          ] GC(152) Concurrent marking (unload classes) 52.416ms
[154.411s][info][gc,start    ] GC(152) Pause Final Mark (unload classes)
[154.411s][info][gc,task     ] GC(152) Using 3 of 3 workers for final marking
[154.411s][info][gc,ergo     ] GC(152) Adaptive CSet Selection. Target Free: 1160M, Actual Free: 6838M, Max CSet: 341M, Min Garbage: 0B
[154.411s][info][gc,ergo     ] GC(152) Collectable Garbage: 1491M (99%), Immediate: 550M (36%), CSet: 940M (62%)
[154.411s][info][gc,ergo     ] GC(152) Pacer for Evacuation. Used CSet: 946M, Free: 6699M, Non-Taxable: 669M, Alloc Tax Rate: 1.1x
[154.411s][info][gc          ] GC(152) Pause Final Mark (unload classes) 0.317ms
[154.411s][info][gc,start    ] GC(152) Concurrent thread roots
[154.411s][info][gc,task     ] GC(152) Using 1 of 3 workers for Concurrent thread roots
[154.418s][info][gc          ] GC(152) Concurrent thread roots 6.458ms
[154.418s][info][gc,start    ] GC(152) Concurrent weak references
[154.418s][info][gc,task     ] GC(152) Using 1 of 3 workers for concurrent weak references
[154.419s][info][gc,ref      ] GC(152) Encountered references: Soft: 3588, Weak: 17969, Final: 53, Phantom: 598
[154.419s][info][gc,ref      ] GC(152) Discovered  references: Soft: 1316, Weak: 6852, Final: 0, Phantom: 373
[154.419s][info][gc,ref      ] GC(152) Enqueued    references: Soft: 850, Weak: 3401, Final: 0, Phantom: 0
[154.419s][info][gc          ] GC(152) Concurrent weak references 1.279ms
[154.419s][info][gc,start    ] GC(152) Concurrent weak roots
[154.419s][info][gc,task     ] GC(152) Using 1 of 3 workers for concurrent weak root
[154.429s][info][gc          ] GC(152) Concurrent weak roots 9.780ms
[154.429s][info][gc,start    ] GC(152) Concurrent cleanup
[154.429s][info][gc          ] GC(152) Concurrent cleanup 2059M->1508M(8192M) 0.040ms
[154.429s][info][gc,ergo     ] GC(152) Free: 6263M, Max: 4096K regular, 5072M humongous, Frag: 19% external, 0% internal; Reserve: 410M, Max: 4096K
[154.429s][info][gc,start    ] GC(152) Concurrent class unloading
[154.429s][info][gc,task     ] GC(152) Using 1 of 3 workers for concurrent class unloading
[154.480s][info][gc          ] GC(152) Concurrent class unloading 50.838ms
[154.480s][info][gc,start    ] GC(152) Concurrent strong roots
[154.480s][info][gc,task     ] GC(152) Using 1 of 3 workers for concurrent strong root
[154.480s][info][gc          ] GC(152) Concurrent strong roots 0.307ms
[154.480s][info][gc,start    ] GC(152) Concurrent evacuation
[154.480s][info][gc,task     ] GC(152) Using 1 of 3 workers for concurrent evacuation
[154.484s][info][gc          ] GC(152) Concurrent evacuation 3.961ms
[154.484s][info][gc,start    ] GC(152) Pause Init Update Refs
[154.484s][info][gc,ergo     ] GC(152) Pacer for Update Refs. Used: 1581M, Free: 6195M, Non-Taxable: 619M, Alloc Tax Rate: 1.1x
[154.484s][info][gc          ] GC(152) Pause Init Update Refs 0.143ms
[154.484s][info][gc,start    ] GC(152) Concurrent update references
[154.484s][info][gc,task     ] GC(152) Using 1 of 3 workers for concurrent reference update
[154.507s][info][gc          ] GC(152) Concurrent update references 22.354ms
[154.507s][info][gc,start    ] GC(152) Concurrent update thread roots
[154.514s][info][gc          ] GC(152) Concurrent update thread roots 6.817ms
[154.514s][info][gc,start    ] GC(152) Pause Final Update Refs
[154.514s][info][gc,task     ] GC(152) Using 3 of 3 workers for final reference update
[154.514s][info][gc          ] GC(152) Pause Final Update Refs 0.186ms
[154.514s][info][gc,start    ] GC(152) Concurrent cleanup
[154.514s][info][gc          ] GC(152) Concurrent cleanup 1581M->635M(8192M) 0.079ms
[154.514s][info][gc,ergo     ] Free: 7144M, Max: 4096K regular, 5220M humongous, Frag: 27% external, 0% internal; Reserve: 412M, Max: 4096K
[154.514s][info][gc,stats    ] 
[154.514s][info][gc,stats    ] All times are wall-clock times, except per-root-class counters, that are sum over
[154.514s][info][gc,stats    ] all workers. Dividing the <total> over the root stage time estimates parallelism.
[154.514s][info][gc,stats    ] 
[154.514s][info][gc,stats    ] Concurrent Reset                   4942 us
[154.514s][info][gc,stats    ] Pause Init Mark (G)                 416 us
[154.514s][info][gc,stats    ] Pause Init Mark (N)                 251 us
[154.514s][info][gc,stats    ]   Update Region States               70 us
[154.514s][info][gc,stats    ] Concurrent Mark Roots              6882 us, parallelism: 0.95x
[154.514s][info][gc,stats    ]   CMR: <total>                     6523 us
[154.514s][info][gc,stats    ]   CMR: Thread Roots                6418 us, workers (us): 6418, ---, ---, 
[154.514s][info][gc,stats    ]   CMR: VM Strong Roots               19 us, workers (us):  19, ---, ---, 
[154.514s][info][gc,stats    ]   CMR: CLDG Roots                    86 us, workers (us):  86, ---, ---, 
[154.514s][info][gc,stats    ] Concurrent Marking                52465 us
[154.514s][info][gc,stats    ] Pause Final Mark (G)                418 us
[154.514s][info][gc,stats    ] Pause Final Mark (N)                326 us
[154.514s][info][gc,stats    ]   Finish Mark                        95 us
[154.514s][info][gc,stats    ]   Update Region States               66 us
[154.514s][info][gc,stats    ]   Choose Collection Set              87 us
[154.514s][info][gc,stats    ]   Rebuild Free Set                   10 us
[154.514s][info][gc,stats    ] Concurrent Thread Roots            6511 us, parallelism: 0.97x
[154.514s][info][gc,stats    ]   CTR: <total>                     6312 us
[154.514s][info][gc,stats    ]   CTR: Thread Roots                6312 us, workers (us): 6312, ---, ---, 
[154.514s][info][gc,stats    ] Concurrent Weak References         1286 us, parallelism: 0.87x
[154.514s][info][gc,stats    ]   CWRF: <total>                    1114 us
[154.515s][info][gc,stats    ]   CWRF: Weak References            1114 us, workers (us): 1114, ---, ---, 
[154.515s][info][gc,stats    ] Concurrent Weak Roots              9817 us
[154.515s][info][gc,stats    ]   Roots                            9587 us, parallelism: 1.00x
[154.515s][info][gc,stats    ]     CWR: <total>                   9551 us
[154.515s][info][gc,stats    ]     CWR: Code Cache Roots          8605 us, workers (us): 8605, ---, ---, 
[154.515s][info][gc,stats    ]     CWR: VM Weak Roots              838 us, workers (us): 838, ---, ---, 
[154.515s][info][gc,stats    ]     CWR: CLDG Roots                 108 us, workers (us): 108, ---, ---, 
[154.515s][info][gc,stats    ]   Rendezvous                        174 us
[154.515s][info][gc,stats    ] Concurrent Cleanup                   50 us
[154.515s][info][gc,stats    ] Concurrent Class Unloading        50884 us
[154.515s][info][gc,stats    ]   Unlink Stale                    48661 us
[154.515s][info][gc,stats    ]     System Dictionary              1918 us
[154.515s][info][gc,stats    ]     Weak Class Links              17862 us
[154.515s][info][gc,stats    ]     Code Roots                    28878 us
[154.515s][info][gc,stats    ]   Rendezvous                        217 us
[154.515s][info][gc,stats    ]   Purge Unlinked                   1936 us
[154.515s][info][gc,stats    ]     Code Roots                     1147 us
[154.515s][info][gc,stats    ]     CLDG                            788 us
[154.515s][info][gc,stats    ]     Exception Caches                  0 us
[154.515s][info][gc,stats    ] Concurrent Strong Roots             317 us, parallelism: 0.69x
[154.515s][info][gc,stats    ]   CSR: <total>                      219 us
[154.515s][info][gc,stats    ]   CSR: VM Strong Roots                8 us, workers (us):   8, ---, ---, 
[154.515s][info][gc,stats    ]   CSR: CLDG Roots                   211 us, workers (us): 211, ---, ---, 
[154.515s][info][gc,stats    ] Concurrent Evacuation              3984 us
[154.515s][info][gc,stats    ] Pause Init Update Refs (G)          290 us
[154.515s][info][gc,stats    ] Pause Init Update Refs (N)          164 us
[154.515s][info][gc,stats    ]   Manage GCLABs                      41 us
[154.515s][info][gc,stats    ] Concurrent Update Refs            22417 us
[154.515s][info][gc,stats    ] Concurrent Update Thread Roots     6864 us
[154.515s][info][gc,stats    ] Pause Final Update Refs (G)         302 us
[154.515s][info][gc,stats    ] Pause Final Update Refs (N)         207 us
[154.515s][info][gc,stats    ]   Update Region States               68 us
[154.515s][info][gc,stats    ]   Trash Collection Set               13 us
[154.515s][info][gc,stats    ]   Rebuild Free Set                   29 us
[154.515s][info][gc,stats    ] Concurrent Cleanup                  102 us
[154.515s][info][gc,stats    ] 
[154.515s][info][gc,stats    ] Allocation pacing accrued:
[154.515s][info][gc,stats    ]       0 of  1099 ms (  0.0%): <total>
[154.515s][info][gc,stats    ]       0 of  1099 ms (  0.0%): <average total>
[154.515s][info][gc,stats    ] 
[154.515s][info][gc,metaspace] Metaspace: 156831K(158016K)->155796K(157952K) NonClass: 138769K(139328K)->137906K(139328K) Class: 18062K(18688K)->17890K(18624K)
[154.515s][info][gc,ergo     ] Pacer for Idle. Initial: 163M, Alloc Tax Rate: 1.0x
[154.840s][info][gc          ] Trigger: Learning 2 of 5. Free (5640M) is below initial threshold (5734M)
[154.840s][info][gc,ergo     ] Free: 5640M, Max: 4096K regular, 5220M humongous, Frag: 8% external, 0% internal; Reserve: 412M, Max: 4096K
[154.840s][info][gc,start    ] GC(153) Concurrent reset
[154.840s][info][gc,task     ] GC(153) Using 1 of 3 workers for concurrent reset
[154.840s][info][gc,ergo     ] GC(153) Pacer for Reset. Non-Taxable: 8192M
[154.854s][info][gc          ] GC(153) Concurrent reset 14.024ms
[154.855s][info][gc,start    ] GC(153) Pause Init Mark (unload classes)
[154.855s][info][gc,task     ] GC(153) Using 3 of 3 workers for init marking
[154.855s][info][gc,ergo     ] GC(153) Pacer for Mark. Expected Live: 141M, Free: 5548M, Non-Taxable: 554M, Alloc Tax Rate: 0.0x
[154.855s][info][gc          ] GC(153) Pause Init Mark (unload classes) 0.121ms
[154.855s][info][gc,start    ] GC(153) Concurrent marking roots
[154.855s][info][gc,task     ] GC(153) Using 1 of 3 workers for concurrent marking roots
[154.864s][info][gc          ] GC(153) Concurrent marking roots 9.072ms
[154.864s][info][gc,start    ] GC(153) Concurrent marking (unload classes)
[154.864s][info][gc,task     ] GC(153) Using 1 of 3 workers for concurrent marking
[154.934s][info][gc          ] GC(153) Concurrent marking (unload classes) 69.629ms
[154.934s][info][gc,start    ] GC(153) Pause Final Mark (unload classes)
[154.934s][info][gc,task     ] GC(153) Using 3 of 3 workers for final marking
[154.934s][info][gc,ergo     ] GC(153) Adaptive CSet Selection. Target Free: 1160M, Actual Free: 6575M, Max CSet: 341M, Min Garbage: 0B
[154.934s][info][gc,ergo     ] GC(153) Collectable Garbage: 2014M (99%), Immediate: 943M (46%), CSet: 1070M (52%)
[154.934s][info][gc,ergo     ] GC(153) Pacer for Evacuation. Used CSet: 1130M, Free: 6200M, Non-Taxable: 620M, Alloc Tax Rate: 1.1x
[154.934s][info][gc          ] GC(153) Pause Final Mark (unload classes) 0.240ms
[154.934s][info][gc,start    ] GC(153) Concurrent thread roots
[154.934s][info][gc,task     ] GC(153) Using 1 of 3 workers for Concurrent thread roots
[154.941s][info][gc          ] GC(153) Concurrent thread roots 6.758ms
[154.941s][info][gc,start    ] GC(153) Concurrent weak references
[154.941s][info][gc,task     ] GC(153) Using 1 of 3 workers for concurrent weak references
[154.942s][info][gc,ref      ] GC(153) Encountered references: Soft: 3714, Weak: 14985, Final: 53, Phantom: 598
[154.942s][info][gc,ref      ] GC(153) Discovered  references: Soft: 0, Weak: 8179, Final: 0, Phantom: 278
[154.942s][info][gc,ref      ] GC(153) Enqueued    references: Soft: 0, Weak: 212, Final: 0, Phantom: 0
[154.942s][info][gc          ] GC(153) Concurrent weak references 0.636ms
[154.942s][info][gc,start    ] GC(153) Concurrent weak roots
[154.942s][info][gc,task     ] GC(153) Using 1 of 3 workers for concurrent weak root
[154.951s][info][gc          ] GC(153) Concurrent weak roots 8.961ms
[154.951s][info][gc,start    ] GC(153) Concurrent cleanup
[154.951s][info][gc          ] GC(153) Concurrent cleanup 2609M->1665M(8192M) 0.036ms
[154.951s][info][gc,ergo     ] GC(153) Free: 6104M, Max: 4096K regular, 5124M humongous, Frag: 16% external, 0% internal; Reserve: 399M, Max: 4096K
[154.951s][info][gc,start    ] GC(153) Concurrent class unloading
[154.951s][info][gc,task     ] GC(153) Using 1 of 3 workers for concurrent class unloading
[155.004s][info][gc          ] GC(153) Concurrent class unloading 53.079ms
[155.004s][info][gc,start    ] GC(153) Concurrent strong roots
[155.004s][info][gc,task     ] GC(153) Using 1 of 3 workers for concurrent strong root
[155.004s][info][gc          ] GC(153) Concurrent strong roots 0.400ms
[155.004s][info][gc,start    ] GC(153) Concurrent evacuation
[155.004s][info][gc,task     ] GC(153) Using 1 of 3 workers for concurrent evacuation
[155.012s][info][gc          ] GC(153) Concurrent evacuation 7.577ms
[155.012s][info][gc,start    ] GC(153) Pause Init Update Refs
[155.012s][info][gc,ergo     ] GC(153) Pacer for Update Refs. Used: 1782M, Free: 6036M, Non-Taxable: 603M, Alloc Tax Rate: 1.1x
[155.012s][info][gc          ] GC(153) Pause Init Update Refs 0.074ms
[155.012s][info][gc,start    ] GC(153) Concurrent update references
[155.012s][info][gc,task     ] GC(153) Using 1 of 3 workers for concurrent reference update
[155.080s][info][gc          ] GC(153) Concurrent update references 67.952ms
[155.080s][info][gc,start    ] GC(153) Concurrent update thread roots
[155.087s][info][gc          ] GC(153) Concurrent update thread roots 6.829ms
[155.087s][info][gc,start    ] GC(153) Pause Final Update Refs
[155.087s][info][gc,task     ] GC(153) Using 3 of 3 workers for final reference update
[155.087s][info][gc          ] GC(153) Pause Final Update Refs 0.122ms
[155.087s][info][gc,start    ] GC(153) Concurrent cleanup
[155.087s][info][gc          ] GC(153) Concurrent cleanup 1841M->711M(8192M) 0.044ms
[155.087s][info][gc,ergo     ] Free: 7024M, Max: 4096K regular, 5056M humongous, Frag: 28% external, 0% internal; Reserve: 412M, Max: 4096K
[155.087s][info][gc,stats    ] 
[155.087s][info][gc,stats    ] All times are wall-clock times, except per-root-class counters, that are sum over
[155.087s][info][gc,stats    ] all workers. Dividing the <total> over the root stage time estimates parallelism.
[155.087s][info][gc,stats    ] 
[155.087s][info][gc,stats    ] Concurrent Reset                  14164 us
[155.087s][info][gc,stats    ] Pause Init Mark (G)                 425 us
[155.087s][info][gc,stats    ] Pause Init Mark (N)                 129 us
[155.087s][info][gc,stats    ]   Update Region States               40 us
[155.087s][info][gc,stats    ] Concurrent Mark Roots              9200 us, parallelism: 0.94x
[155.087s][info][gc,stats    ]   CMR: <total>                     8641 us
[155.087s][info][gc,stats    ]   CMR: Thread Roots                8479 us, workers (us): 8479, ---, ---, 
[155.087s][info][gc,stats    ]   CMR: VM Strong Roots               22 us, workers (us):  22, ---, ---, 
[155.087s][info][gc,stats    ]   CMR: CLDG Roots                   140 us, workers (us): 140, ---, ---, 
[155.087s][info][gc,stats    ] Concurrent Marking                69670 us
[155.087s][info][gc,stats    ] Pause Final Mark (G)                343 us
[155.087s][info][gc,stats    ] Pause Final Mark (N)                249 us
[155.087s][info][gc,stats    ]   Finish Mark                        52 us
[155.087s][info][gc,stats    ]   Update Region States               42 us
[155.087s][info][gc,stats    ]   Choose Collection Set              86 us
[155.087s][info][gc,stats    ]   Rebuild Free Set                    9 us
[155.087s][info][gc,stats    ] Concurrent Thread Roots            6806 us, parallelism: 0.99x
[155.087s][info][gc,stats    ]   CTR: <total>                     6709 us
[155.087s][info][gc,stats    ]   CTR: Thread Roots                6709 us, workers (us): 6709, ---, ---, 
[155.087s][info][gc,stats    ] Concurrent Weak References          644 us, parallelism: 0.87x
[155.087s][info][gc,stats    ]   CWRF: <total>                     558 us
[155.088s][info][gc,stats    ]   CWRF: Weak References             558 us, workers (us): 558, ---, ---, 
[155.088s][info][gc,stats    ] Concurrent Weak Roots              8999 us
[155.088s][info][gc,stats    ]   Roots                            8759 us, parallelism: 0.99x
[155.088s][info][gc,stats    ]     CWR: <total>                   8706 us
[155.088s][info][gc,stats    ]     CWR: Code Cache Roots          7299 us, workers (us): 7299, ---, ---, 
[155.088s][info][gc,stats    ]     CWR: VM Weak Roots             1266 us, workers (us): 1266, ---, ---, 
[155.088s][info][gc,stats    ]     CWR: CLDG Roots                 141 us, workers (us): 141, ---, ---, 
[155.088s][info][gc,stats    ]   Rendezvous                        183 us
[155.088s][info][gc,stats    ] Concurrent Cleanup                   45 us
[155.088s][info][gc,stats    ] Concurrent Class Unloading        53129 us
[155.088s][info][gc,stats    ]   Unlink Stale                    51419 us
[155.088s][info][gc,stats    ]     System Dictionary               414 us
[155.088s][info][gc,stats    ]     Weak Class Links              16374 us
[155.088s][info][gc,stats    ]     Code Roots                    34630 us
[155.088s][info][gc,stats    ]   Rendezvous                        241 us
[155.088s][info][gc,stats    ]   Purge Unlinked                   1399 us
[155.088s][info][gc,stats    ]     Code Roots                     1316 us
[155.088s][info][gc,stats    ]     CLDG                             82 us
[155.088s][info][gc,stats    ]     Exception Caches                  0 us
[155.088s][info][gc,stats    ] Concurrent Strong Roots             415 us, parallelism: 0.71x
[155.088s][info][gc,stats    ]   CSR: <total>                      293 us
[155.088s][info][gc,stats    ]   CSR: VM Strong Roots                9 us, workers (us):   9, ---, ---, 
[155.088s][info][gc,stats    ]   CSR: CLDG Roots                   284 us, workers (us): 284, ---, ---, 
[155.088s][info][gc,stats    ] Concurrent Evacuation              7632 us
[155.088s][info][gc,stats    ] Pause Init Update Refs (G)          163 us
[155.088s][info][gc,stats    ] Pause Init Update Refs (N)           83 us
[155.088s][info][gc,stats    ]   Manage GCLABs                      20 us
[155.088s][info][gc,stats    ] Concurrent Update Refs            68001 us
[155.088s][info][gc,stats    ] Concurrent Update Thread Roots     6875 us
[155.088s][info][gc,stats    ] Pause Final Update Refs (G)         231 us
[155.088s][info][gc,stats    ] Pause Final Update Refs (N)         142 us
[155.088s][info][gc,stats    ]   Update Region States               41 us
[155.088s][info][gc,stats    ]   Trash Collection Set                9 us
[155.088s][info][gc,stats    ]   Rebuild Free Set                   20 us
[155.088s][info][gc,stats    ] Concurrent Cleanup                   54 us
[155.088s][info][gc,stats    ] 
[155.088s][info][gc,stats    ] Allocation pacing accrued:
[155.088s][info][gc,stats    ]       0 of   573 ms (  0.0%): <total>
[155.088s][info][gc,stats    ]       0 of   573 ms (  0.0%): <average total>
[155.088s][info][gc,stats    ] 
[155.088s][info][gc,metaspace] Metaspace: 156686K(157952K)->156702K(157952K) NonClass: 138648K(139328K)->138662K(139328K) Class: 18038K(18624K)->18039K(18624K)
[155.088s][info][gc,ergo     ] Pacer for Idle. Initial: 163M, Alloc Tax Rate: 1.0x
[156.034s][info][gc          ] Trigger: Explicit GC request (System.gc())
[156.034s][info][gc,ergo     ] Free: 5863M, Max: 4096K regular, 5056M humongous, Frag: 14% external, 0% internal; Reserve: 412M, Max: 4096K
[156.034s][info][gc,start    ] GC(154) Concurrent reset
[156.034s][info][gc,task     ] GC(154) Using 1 of 3 workers for concurrent reset
[156.034s][info][gc,ergo     ] GC(154) Pacer for Reset. Non-Taxable: 8192M
[156.039s][info][gc          ] GC(154) Concurrent reset 5.482ms
[156.040s][info][gc,start    ] GC(154) Pause Init Mark (unload classes)
[156.040s][info][gc,task     ] GC(154) Using 3 of 3 workers for init marking
[156.040s][info][gc,ref      ] GC(154) Clearing All SoftReferences
[156.040s][info][gc,ergo     ] GC(154) Pacer for Mark. Expected Live: 152M, Free: 5863M, Non-Taxable: 586M, Alloc Tax Rate: 0.0x
[156.040s][info][gc          ] GC(154) Pause Init Mark (unload classes) 0.209ms
[156.040s][info][gc,start    ] GC(154) Concurrent marking roots
[156.040s][info][gc,task     ] GC(154) Using 1 of 3 workers for concurrent marking roots
[156.048s][info][gc          ] GC(154) Concurrent marking roots 7.789ms
[156.048s][info][gc,start    ] GC(154) Concurrent marking (unload classes)
[156.048s][info][gc,task     ] GC(154) Using 1 of 3 workers for concurrent marking
[156.101s][info][gc          ] GC(154) Concurrent marking (unload classes) 52.987ms
[156.101s][info][gc,start    ] GC(154) Pause Final Mark (unload classes)
[156.101s][info][gc,task     ] GC(154) Using 3 of 3 workers for final marking
[156.101s][info][gc,ergo     ] GC(154) Adaptive CSet Selection. Target Free: 1160M, Actual Free: 6877M, Max CSet: 341M, Min Garbage: 0B
[156.101s][info][gc,ergo     ] GC(154) Collectable Garbage: 1513M (99%), Immediate: 613M (40%), CSet: 900M (59%)
[156.101s][info][gc,ergo     ] GC(154) Pacer for Evacuation. Used CSet: 907M, Free: 6743M, Non-Taxable: 674M, Alloc Tax Rate: 1.1x
[156.101s][info][gc          ] GC(154) Pause Final Mark (unload classes) 0.514ms
[156.101s][info][gc,start    ] GC(154) Concurrent thread roots
[156.101s][info][gc,task     ] GC(154) Using 1 of 3 workers for Concurrent thread roots
[156.108s][info][gc          ] GC(154) Concurrent thread roots 6.360ms
[156.108s][info][gc,start    ] GC(154) Concurrent weak references
[156.108s][info][gc,task     ] GC(154) Using 1 of 3 workers for concurrent weak references
[156.109s][info][gc,ref      ] GC(154) Encountered references: Soft: 3588, Weak: 17967, Final: 53, Phantom: 598
[156.109s][info][gc,ref      ] GC(154) Discovered  references: Soft: 1316, Weak: 6851, Final: 0, Phantom: 373
[156.109s][info][gc,ref      ] GC(154) Enqueued    references: Soft: 850, Weak: 3400, Final: 0, Phantom: 0
[156.109s][info][gc          ] GC(154) Concurrent weak references 1.132ms
[156.109s][info][gc,start    ] GC(154) Concurrent weak roots
[156.109s][info][gc,task     ] GC(154) Using 1 of 3 workers for concurrent weak root
[156.119s][info][gc          ] GC(154) Concurrent weak roots 9.826ms
[156.119s][info][gc,start    ] GC(154) Concurrent cleanup
[156.119s][info][gc          ] GC(154) Concurrent cleanup 2079M->1466M(8192M) 0.045ms
[156.119s][info][gc,ergo     ] GC(154) Free: 6307M, Max: 4096K regular, 5100M humongous, Frag: 20% external, 0% internal; Reserve: 410M, Max: 4096K
[156.119s][info][gc,start    ] GC(154) Concurrent class unloading
[156.119s][info][gc,task     ] GC(154) Using 1 of 3 workers for concurrent class unloading
[156.172s][info][gc          ] GC(154) Concurrent class unloading 53.521ms
[156.172s][info][gc,start    ] GC(154) Concurrent strong roots
[156.172s][info][gc,task     ] GC(154) Using 1 of 3 workers for concurrent strong root
[156.173s][info][gc          ] GC(154) Concurrent strong roots 0.305ms
[156.173s][info][gc,start    ] GC(154) Concurrent evacuation
[156.173s][info][gc,task     ] GC(154) Using 1 of 3 workers for concurrent evacuation
[156.178s][info][gc          ] GC(154) Concurrent evacuation 5.076ms
[156.178s][info][gc,start    ] GC(154) Pause Init Update Refs
[156.178s][info][gc,ergo     ] GC(154) Pacer for Update Refs. Used: 1548M, Free: 6235M, Non-Taxable: 623M, Alloc Tax Rate: 1.1x
[156.178s][info][gc          ] GC(154) Pause Init Update Refs 0.143ms
[156.178s][info][gc,start    ] GC(154) Concurrent update references
[156.178s][info][gc,task     ] GC(154) Using 1 of 3 workers for concurrent reference update
[156.201s][info][gc          ] GC(154) Concurrent update references 22.778ms
[156.201s][info][gc,start    ] GC(154) Concurrent update thread roots
[156.208s][info][gc          ] GC(154) Concurrent update thread roots 7.284ms
[156.208s][info][gc,start    ] GC(154) Pause Final Update Refs
[156.208s][info][gc,task     ] GC(154) Using 3 of 3 workers for final reference update
[156.209s][info][gc          ] GC(154) Pause Final Update Refs 0.101ms
[156.209s][info][gc,start    ] GC(154) Concurrent cleanup
[156.209s][info][gc          ] GC(154) Concurrent cleanup 1548M->640M(8192M) 0.057ms
[156.209s][info][gc,ergo     ] Free: 7139M, Max: 4096K regular, 5220M humongous, Frag: 27% external, 0% internal; Reserve: 412M, Max: 4096K
[156.209s][info][gc,stats    ] 
[156.209s][info][gc,stats    ] All times are wall-clock times, except per-root-class counters, that are sum over
[156.209s][info][gc,stats    ] all workers. Dividing the <total> over the root stage time estimates parallelism.
[156.209s][info][gc,stats    ] 
[156.209s][info][gc,stats    ] Concurrent Reset                   5526 us
[156.209s][info][gc,stats    ] Pause Init Mark (G)                 414 us
[156.209s][info][gc,stats    ] Pause Init Mark (N)                 226 us
[156.209s][info][gc,stats    ]   Update Region States               72 us
[156.209s][info][gc,stats    ] Concurrent Mark Roots              7843 us, parallelism: 0.94x
[156.209s][info][gc,stats    ]   CMR: <total>                     7342 us
[156.209s][info][gc,stats    ]   CMR: Thread Roots                7180 us, workers (us): 7180, ---, ---, 
[156.209s][info][gc,stats    ]   CMR: VM Strong Roots               20 us, workers (us):  20, ---, ---, 
[156.209s][info][gc,stats    ]   CMR: CLDG Roots                   141 us, workers (us): 141, ---, ---, 
[156.209s][info][gc,stats    ] Concurrent Marking                53055 us
[156.209s][info][gc,stats    ] Pause Final Mark (G)                656 us
[156.209s][info][gc,stats    ] Pause Final Mark (N)                531 us
[156.209s][info][gc,stats    ]   Finish Mark                       155 us
[156.209s][info][gc,stats    ]   Update Region States               90 us
[156.209s][info][gc,stats    ]   Choose Collection Set             143 us
[156.209s][info][gc,stats    ]   Rebuild Free Set                   20 us
[156.209s][info][gc,stats    ] Concurrent Thread Roots            6402 us, parallelism: 0.97x
[156.209s][info][gc,stats    ]   CTR: <total>                     6230 us
[156.209s][info][gc,stats    ]   CTR: Thread Roots                6230 us, workers (us): 6230, ---, ---, 
[156.209s][info][gc,stats    ] Concurrent Weak References         1156 us, parallelism: 0.83x
[156.209s][info][gc,stats    ]   CWRF: <total>                     960 us
[156.209s][info][gc,stats    ]   CWRF: Weak References             960 us, workers (us): 960, ---, ---, 
[156.209s][info][gc,stats    ] Concurrent Weak Roots              9874 us
[156.209s][info][gc,stats    ]   Roots                            9614 us, parallelism: 0.99x
[156.209s][info][gc,stats    ]     CWR: <total>                   9564 us
[156.209s][info][gc,stats    ]     CWR: Code Cache Roots          8684 us, workers (us): 8684, ---, ---, 
[156.209s][info][gc,stats    ]     CWR: VM Weak Roots              799 us, workers (us): 799, ---, ---, 
[156.209s][info][gc,stats    ]     CWR: CLDG Roots                  81 us, workers (us):  81, ---, ---, 
[156.209s][info][gc,stats    ]   Rendezvous                        173 us
[156.209s][info][gc,stats    ] Concurrent Cleanup                   55 us
[156.209s][info][gc,stats    ] Concurrent Class Unloading        53567 us
[156.209s][info][gc,stats    ]   Unlink Stale                    51144 us
[156.209s][info][gc,stats    ]     System Dictionary              1848 us
[156.209s][info][gc,stats    ]     Weak Class Links              18749 us
[156.209s][info][gc,stats    ]     Code Roots                    30545 us
[156.209s][info][gc,stats    ]   Rendezvous                        163 us
[156.209s][info][gc,stats    ]   Purge Unlinked                   2195 us
[156.209s][info][gc,stats    ]     Code Roots                     1386 us
[156.209s][info][gc,stats    ]     CLDG                            808 us
[156.209s][info][gc,stats    ]     Exception Caches                  0 us
[156.209s][info][gc,stats    ] Concurrent Strong Roots             314 us, parallelism: 0.69x
[156.209s][info][gc,stats    ]   CSR: <total>                      217 us
[156.209s][info][gc,stats    ]   CSR: VM Strong Roots                8 us, workers (us):   8, ---, ---, 
[156.209s][info][gc,stats    ]   CSR: CLDG Roots                   209 us, workers (us): 209, ---, ---, 
[156.209s][info][gc,stats    ] Concurrent Evacuation              5153 us
[156.209s][info][gc,stats    ] Pause Init Update Refs (G)          296 us
[156.209s][info][gc,stats    ] Pause Init Update Refs (N)          164 us
[156.209s][info][gc,stats    ]   Manage GCLABs                      42 us
[156.209s][info][gc,stats    ] Concurrent Update Refs            22840 us
[156.209s][info][gc,stats    ] Concurrent Update Thread Roots     7318 us
[156.209s][info][gc,stats    ] Pause Final Update Refs (G)         167 us
[156.209s][info][gc,stats    ] Pause Final Update Refs (N)         111 us
[156.209s][info][gc,stats    ]   Update Region States               39 us
[156.209s][info][gc,stats    ]   Trash Collection Set                8 us
[156.209s][info][gc,stats    ]   Rebuild Free Set                   18 us
[156.209s][info][gc,stats    ] Concurrent Cleanup                   75 us
[156.209s][info][gc,stats    ] 
[156.209s][info][gc,stats    ] Allocation pacing accrued:
[156.209s][info][gc,stats    ]       0 of  1122 ms (  0.0%): <total>
[156.209s][info][gc,stats    ]       0 of  1122 ms (  0.0%): <average total>
[156.209s][info][gc,stats    ] 
[156.209s][info][gc,metaspace] Metaspace: 156856K(158080K)->155822K(157952K) NonClass: 138795K(139392K)->137932K(139328K) Class: 18061K(18688K)->17890K(18624K)
[156.209s][info][gc,ergo     ] Pacer for Idle. Initial: 163M, Alloc Tax Rate: 1.0x
[156.535s][info][gc          ] Trigger: Learning 2 of 5. Free (5655M) is below initial threshold (5734M)
[156.535s][info][gc,ergo     ] Free: 5651M, Max: 4096K regular, 5220M humongous, Frag: 8% external, 0% internal; Reserve: 412M, Max: 4096K
[156.535s][info][gc,start    ] GC(155) Concurrent reset
[156.535s][info][gc,task     ] GC(155) Using 1 of 3 workers for concurrent reset
[156.536s][info][gc,ergo     ] GC(155) Pacer for Reset. Non-Taxable: 8192M
[156.549s][info][gc          ] GC(155) Concurrent reset 13.246ms
[156.549s][info][gc,start    ] GC(155) Pause Init Mark (unload classes)
[156.549s][info][gc,task     ] GC(155) Using 3 of 3 workers for init marking
[156.549s][info][gc,ergo     ] GC(155) Pacer for Mark. Expected Live: 141M, Free: 5559M, Non-Taxable: 555M, Alloc Tax Rate: 0.0x
[156.549s][info][gc          ] GC(155) Pause Init Mark (unload classes) 0.167ms
[156.549s][info][gc,start    ] GC(155) Concurrent marking roots
[156.549s][info][gc,task     ] GC(155) Using 1 of 3 workers for concurrent marking roots
[156.558s][info][gc          ] GC(155) Concurrent marking roots 9.064ms
[156.559s][info][gc,start    ] GC(155) Concurrent marking (unload classes)
[156.559s][info][gc,task     ] GC(155) Using 1 of 3 workers for concurrent marking
[156.628s][info][gc          ] GC(155) Concurrent marking (unload classes) 69.754ms
[156.628s][info][gc,start    ] GC(155) Pause Final Mark (unload classes)
[156.628s][info][gc,task     ] GC(155) Using 3 of 3 workers for final marking
[156.629s][info][gc,ergo     ] GC(155) Adaptive CSet Selection. Target Free: 1160M, Actual Free: 6633M, Max CSet: 341M, Min Garbage: 0B
[156.629s][info][gc,ergo     ] GC(155) Collectable Garbage: 2011M (99%), Immediate: 989M (48%), CSet: 1021M (50%)
[156.629s][info][gc,ergo     ] GC(155) Pacer for Evacuation. Used CSet: 1078M, Free: 6257M, Non-Taxable: 625M, Alloc Tax Rate: 1.1x
[156.629s][info][gc          ] GC(155) Pause Final Mark (unload classes) 0.240ms
[156.629s][info][gc,start    ] GC(155) Concurrent thread roots
[156.629s][info][gc,task     ] GC(155) Using 1 of 3 workers for Concurrent thread roots
[156.636s][info][gc          ] GC(155) Concurrent thread roots 7.093ms
[156.636s][info][gc,start    ] GC(155) Concurrent weak references
[156.636s][info][gc,task     ] GC(155) Using 1 of 3 workers for concurrent weak references
[156.637s][info][gc,ref      ] GC(155) Encountered references: Soft: 3714, Weak: 14989, Final: 53, Phantom: 598
[156.637s][info][gc,ref      ] GC(155) Discovered  references: Soft: 0, Weak: 7966, Final: 0, Phantom: 278
[156.637s][info][gc,ref      ] GC(155) Enqueued    references: Soft: 0, Weak: 211, Final: 0, Phantom: 0
[156.637s][info][gc          ] GC(155) Concurrent weak references 0.670ms
[156.637s][info][gc,start    ] GC(155) Concurrent weak roots
[156.637s][info][gc,task     ] GC(155) Using 1 of 3 workers for concurrent weak root
[156.646s][info][gc          ] GC(155) Concurrent weak roots 8.863ms
[156.646s][info][gc,start    ] GC(155) Concurrent cleanup
[156.646s][info][gc          ] GC(155) Concurrent cleanup 2613M->1623M(8192M) 0.038ms
[156.646s][info][gc,ergo     ] GC(155) Free: 6156M, Max: 4096K regular, 5132M humongous, Frag: 17% external, 0% internal; Reserve: 392M, Max: 4096K
[156.646s][info][gc,start    ] GC(155) Concurrent class unloading
[156.646s][info][gc,task     ] GC(155) Using 1 of 3 workers for concurrent class unloading
[156.699s][info][gc          ] GC(155) Concurrent class unloading 52.845ms
[156.699s][info][gc,start    ] GC(155) Concurrent strong roots
[156.699s][info][gc,task     ] GC(155) Using 1 of 3 workers for concurrent strong root
[156.699s][info][gc          ] GC(155) Concurrent strong roots 0.410ms
[156.699s][info][gc,start    ] GC(155) Concurrent evacuation
[156.699s][info][gc,task     ] GC(155) Using 1 of 3 workers for concurrent evacuation
[156.706s][info][gc          ] GC(155) Concurrent evacuation 7.114ms
[156.706s][info][gc,start    ] GC(155) Pause Init Update Refs
[156.707s][info][gc,ergo     ] GC(155) Pacer for Update Refs. Used: 1726M, Free: 6088M, Non-Taxable: 608M, Alloc Tax Rate: 1.1x
[156.707s][info][gc          ] GC(155) Pause Init Update Refs 0.091ms
[156.707s][info][gc,start    ] GC(155) Concurrent update references
[156.707s][info][gc,task     ] GC(155) Using 1 of 3 workers for concurrent reference update
[156.776s][info][gc          ] GC(155) Concurrent update references 69.072ms
[156.776s][info][gc,start    ] GC(155) Concurrent update thread roots
[156.782s][info][gc          ] GC(155) Concurrent update thread roots 6.581ms
[156.782s][info][gc,start    ] GC(155) Pause Final Update Refs
[156.782s][info][gc,task     ] GC(155) Using 3 of 3 workers for final reference update
[156.783s][info][gc          ] GC(155) Pause Final Update Refs 0.114ms
[156.783s][info][gc,start    ] GC(155) Concurrent cleanup
[156.783s][info][gc          ] GC(155) Concurrent cleanup 1786M->708M(8192M) 0.057ms
[156.783s][info][gc,ergo     ] Free: 7027M, Max: 4096K regular, 5072M humongous, Frag: 28% external, 0% internal; Reserve: 412M, Max: 4096K
[156.783s][info][gc,stats    ] 
[156.783s][info][gc,stats    ] All times are wall-clock times, except per-root-class counters, that are sum over
[156.783s][info][gc,stats    ] all workers. Dividing the <total> over the root stage time estimates parallelism.
[156.783s][info][gc,stats    ] 
[156.783s][info][gc,stats    ] Concurrent Reset                  13412 us
[156.783s][info][gc,stats    ] Pause Init Mark (G)                 482 us
[156.783s][info][gc,stats    ] Pause Init Mark (N)                 175 us
[156.783s][info][gc,stats    ]   Update Region States               54 us
[156.783s][info][gc,stats    ] Concurrent Mark Roots              9230 us, parallelism: 0.93x
[156.783s][info][gc,stats    ]   CMR: <total>                     8586 us
[156.783s][info][gc,stats    ]   CMR: Thread Roots                8410 us, workers (us): 8410, ---, ---, 
[156.783s][info][gc,stats    ]   CMR: VM Strong Roots               31 us, workers (us):  31, ---, ---, 
[156.783s][info][gc,stats    ]   CMR: CLDG Roots                   145 us, workers (us): 145, ---, ---, 
[156.783s][info][gc,stats    ] Concurrent Marking                69801 us
[156.783s][info][gc,stats    ] Pause Final Mark (G)                691 us
[156.783s][info][gc,stats    ] Pause Final Mark (N)                248 us
[156.783s][info][gc,stats    ]   Finish Mark                        60 us
[156.783s][info][gc,stats    ]   Update Region States               36 us
[156.783s][info][gc,stats    ]   Choose Collection Set              76 us
[156.783s][info][gc,stats    ]   Rebuild Free Set                    9 us
[156.783s][info][gc,stats    ] Concurrent Thread Roots            7138 us, parallelism: 0.98x
[156.783s][info][gc,stats    ]   CTR: <total>                     7005 us
[156.783s][info][gc,stats    ]   CTR: Thread Roots                7005 us, workers (us): 7005, ---, ---, 
[156.783s][info][gc,stats    ] Concurrent Weak References          679 us, parallelism: 0.85x
[156.783s][info][gc,stats    ]   CWRF: <total>                     575 us
[156.783s][info][gc,stats    ]   CWRF: Weak References             575 us, workers (us): 575, ---, ---, 
[156.783s][info][gc,stats    ] Concurrent Weak Roots              8902 us
[156.783s][info][gc,stats    ]   Roots                            8644 us, parallelism: 1.00x
[156.783s][info][gc,stats    ]     CWR: <total>                   8608 us
[156.783s][info][gc,stats    ]     CWR: Code Cache Roots          7264 us, workers (us): 7264, ---, ---, 
[156.783s][info][gc,stats    ]     CWR: VM Weak Roots             1257 us, workers (us): 1257, ---, ---, 
[156.783s][info][gc,stats    ]     CWR: CLDG Roots                  87 us, workers (us):  87, ---, ---, 
[156.783s][info][gc,stats    ]   Rendezvous                        199 us
[156.783s][info][gc,stats    ] Concurrent Cleanup                   46 us
[156.783s][info][gc,stats    ] Concurrent Class Unloading        52895 us
[156.783s][info][gc,stats    ]   Unlink Stale                    50626 us
[156.783s][info][gc,stats    ]     System Dictionary               417 us
[156.783s][info][gc,stats    ]     Weak Class Links              16297 us
[156.783s][info][gc,stats    ]     Code Roots                    33910 us
[156.783s][info][gc,stats    ]   Rendezvous                        212 us
[156.783s][info][gc,stats    ]   Purge Unlinked                   1988 us
[156.783s][info][gc,stats    ]     Code Roots                     1890 us
[156.783s][info][gc,stats    ]     CLDG                             97 us
[156.783s][info][gc,stats    ]     Exception Caches                  0 us
[156.783s][info][gc,stats    ] Concurrent Strong Roots             420 us, parallelism: 0.70x
[156.783s][info][gc,stats    ]   CSR: <total>                      294 us
[156.783s][info][gc,stats    ]   CSR: VM Strong Roots                8 us, workers (us):   8, ---, ---, 
[156.783s][info][gc,stats    ]   CSR: CLDG Roots                   286 us, workers (us): 286, ---, ---, 
[156.783s][info][gc,stats    ] Concurrent Evacuation              7155 us
[156.783s][info][gc,stats    ] Pause Init Update Refs (G)          194 us
[156.783s][info][gc,stats    ] Pause Init Update Refs (N)          109 us
[156.783s][info][gc,stats    ]   Manage GCLABs                      22 us
[156.783s][info][gc,stats    ] Concurrent Update Refs            69154 us
[156.783s][info][gc,stats    ] Concurrent Update Thread Roots     6662 us
[156.783s][info][gc,stats    ] Pause Final Update Refs (G)         237 us
[156.783s][info][gc,stats    ] Pause Final Update Refs (N)         131 us
[156.783s][info][gc,stats    ]   Update Region States               55 us
[156.783s][info][gc,stats    ]   Trash Collection Set                9 us
[156.783s][info][gc,stats    ]   Rebuild Free Set                   18 us
[156.783s][info][gc,stats    ] Concurrent Cleanup                   68 us
[156.783s][info][gc,stats    ] 
[156.783s][info][gc,stats    ] Allocation pacing accrued:
[156.783s][info][gc,stats    ]       0 of   574 ms (  0.0%): <total>
[156.783s][info][gc,stats    ]       0 of   574 ms (  0.0%): <average total>
[156.783s][info][gc,stats    ] 
[156.783s][info][gc,metaspace] Metaspace: 156689K(157952K)->156701K(157952K) NonClass: 138650K(139328K)->138662K(139328K) Class: 18039K(18624K)->18039K(18624K)
[156.783s][info][gc,ergo     ] Pacer for Idle. Initial: 163M, Alloc Tax Rate: 1.0x
[157.721s][info][gc          ] Trigger: Explicit GC request (System.gc())
[157.721s][info][gc,ergo     ] Free: 5879M, Max: 4096K regular, 5072M humongous, Frag: 14% external, 0% internal; Reserve: 412M, Max: 4096K
[157.721s][info][gc,start    ] GC(156) Concurrent reset
[157.721s][info][gc,task     ] GC(156) Using 1 of 3 workers for concurrent reset
[157.721s][info][gc,ergo     ] GC(156) Pacer for Reset. Non-Taxable: 8192M
[157.725s][info][gc          ] GC(156) Concurrent reset 4.415ms
[157.725s][info][gc,start    ] GC(156) Pause Init Mark (unload classes)
[157.725s][info][gc,task     ] GC(156) Using 3 of 3 workers for init marking
[157.726s][info][gc,ref      ] GC(156) Clearing All SoftReferences
[157.726s][info][gc,ergo     ] GC(156) Pacer for Mark. Expected Live: 152M, Free: 5879M, Non-Taxable: 587M, Alloc Tax Rate: 0.0x
[157.726s][info][gc          ] GC(156) Pause Init Mark (unload classes) 0.212ms
[157.726s][info][gc,start    ] GC(156) Concurrent marking roots
[157.726s][info][gc,task     ] GC(156) Using 1 of 3 workers for concurrent marking roots
[157.732s][info][gc          ] GC(156) Concurrent marking roots 6.638ms
[157.732s][info][gc,start    ] GC(156) Concurrent marking (unload classes)
[157.732s][info][gc,task     ] GC(156) Using 1 of 3 workers for concurrent marking
[157.785s][info][gc          ] GC(156) Concurrent marking (unload classes) 52.618ms
[157.785s][info][gc,start    ] GC(156) Pause Final Mark (unload classes)
[157.785s][info][gc,task     ] GC(156) Using 3 of 3 workers for final marking
[157.785s][info][gc,ergo     ] GC(156) Adaptive CSet Selection. Target Free: 1160M, Actual Free: 6839M, Max CSet: 341M, Min Garbage: 0B
[157.785s][info][gc,ergo     ] GC(156) Collectable Garbage: 1498M (99%), Immediate: 559M (37%), CSet: 938M (62%)
[157.785s][info][gc,ergo     ] GC(156) Pacer for Evacuation. Used CSet: 943M, Free: 6703M, Non-Taxable: 670M, Alloc Tax Rate: 1.1x
[157.785s][info][gc          ] GC(156) Pause Final Mark (unload classes) 0.346ms
[157.785s][info][gc,start    ] GC(156) Concurrent thread roots
[157.786s][info][gc,task     ] GC(156) Using 1 of 3 workers for Concurrent thread roots
[157.792s][info][gc          ] GC(156) Concurrent thread roots 6.701ms
[157.792s][info][gc,start    ] GC(156) Concurrent weak references
[157.792s][info][gc,task     ] GC(156) Using 1 of 3 workers for concurrent weak references
[157.793s][info][gc,ref      ] GC(156) Encountered references: Soft: 3586, Weak: 17968, Final: 53, Phantom: 598
[157.793s][info][gc,ref      ] GC(156) Discovered  references: Soft: 1314, Weak: 6851, Final: 0, Phantom: 373
[157.793s][info][gc,ref      ] GC(156) Enqueued    references: Soft: 848, Weak: 3400, Final: 0, Phantom: 0
[157.793s][info][gc          ] GC(156) Concurrent weak references 1.078ms
[157.793s][info][gc,start    ] GC(156) Concurrent weak roots
[157.793s][info][gc,task     ] GC(156) Using 1 of 3 workers for concurrent weak root
[157.803s][info][gc          ] GC(156) Concurrent weak roots 9.699ms
[157.803s][info][gc,start    ] GC(156) Concurrent cleanup
[157.803s][info][gc          ] GC(156) Concurrent cleanup 2024M->1465M(8192M) 0.038ms
[157.803s][info][gc,ergo     ] GC(156) Free: 6307M, Max: 4096K regular, 5104M humongous, Frag: 19% external, 0% internal; Reserve: 410M, Max: 4096K
[157.803s][info][gc,start    ] GC(156) Concurrent class unloading
[157.803s][info][gc,task     ] GC(156) Using 1 of 3 workers for concurrent class unloading
[157.856s][info][gc          ] GC(156) Concurrent class unloading 52.673ms
[157.856s][info][gc,start    ] GC(156) Concurrent strong roots
[157.856s][info][gc,task     ] GC(156) Using 1 of 3 workers for concurrent strong root
[157.856s][info][gc          ] GC(156) Concurrent strong roots 0.319ms
[157.856s][info][gc,start    ] GC(156) Concurrent evacuation
[157.856s][info][gc,task     ] GC(156) Using 1 of 3 workers for concurrent evacuation
[157.860s][info][gc          ] GC(156) Concurrent evacuation 4.184ms
[157.861s][info][gc,start    ] GC(156) Pause Init Update Refs
[157.861s][info][gc,ergo     ] GC(156) Pacer for Update Refs. Used: 1594M, Free: 6184M, Non-Taxable: 618M, Alloc Tax Rate: 1.1x
[157.861s][info][gc          ] GC(156) Pause Init Update Refs 0.088ms
[157.861s][info][gc,start    ] GC(156) Concurrent update references
[157.861s][info][gc,task     ] GC(156) Using 1 of 3 workers for concurrent reference update
[157.883s][info][gc          ] GC(156) Concurrent update references 22.058ms
[157.883s][info][gc,start    ] GC(156) Concurrent update thread roots
[157.890s][info][gc          ] GC(156) Concurrent update thread roots 6.978ms
[157.890s][info][gc,start    ] GC(156) Pause Final Update Refs
[157.890s][info][gc,task     ] GC(156) Using 3 of 3 workers for final reference update
[157.890s][info][gc          ] GC(156) Pause Final Update Refs 0.171ms
[157.890s][info][gc,start    ] GC(156) Concurrent cleanup
[157.890s][info][gc          ] GC(156) Concurrent cleanup 1594M->650M(8192M) 0.060ms
[157.890s][info][gc,ergo     ] Free: 7129M, Max: 4096K regular, 5220M humongous, Frag: 27% external, 0% internal; Reserve: 412M, Max: 4096K
[157.890s][info][gc,stats    ] 
[157.890s][info][gc,stats    ] All times are wall-clock times, except per-root-class counters, that are sum over
[157.890s][info][gc,stats    ] all workers. Dividing the <total> over the root stage time estimates parallelism.
[157.890s][info][gc,stats    ] 
[157.890s][info][gc,stats    ] Concurrent Reset                   4485 us
[157.890s][info][gc,stats    ] Pause Init Mark (G)                 391 us
[157.890s][info][gc,stats    ] Pause Init Mark (N)                 233 us
[157.890s][info][gc,stats    ]   Update Region States               69 us
[157.890s][info][gc,stats    ] Concurrent Mark Roots              6686 us, parallelism: 0.95x
[157.890s][info][gc,stats    ]   CMR: <total>                     6369 us
[157.890s][info][gc,stats    ]   CMR: Thread Roots                6275 us, workers (us): 6275, ---, ---, 
[157.890s][info][gc,stats    ]   CMR: VM Strong Roots               10 us, workers (us):  10, ---, ---, 
[157.890s][info][gc,stats    ]   CMR: CLDG Roots                    84 us, workers (us):  84, ---, ---, 
[157.891s][info][gc,stats    ] Concurrent Marking                52667 us
[157.891s][info][gc,stats    ] Pause Final Mark (G)                491 us
[157.891s][info][gc,stats    ] Pause Final Mark (N)                355 us
[157.891s][info][gc,stats    ]   Finish Mark                        88 us
[157.891s][info][gc,stats    ]   Update Region States               54 us
[157.891s][info][gc,stats    ]   Choose Collection Set              82 us
[157.891s][info][gc,stats    ]   Rebuild Free Set                    9 us
[157.891s][info][gc,stats    ] Concurrent Thread Roots            6748 us, parallelism: 0.94x
[157.891s][info][gc,stats    ]   CTR: <total>                     6356 us
[157.891s][info][gc,stats    ]   CTR: Thread Roots                6356 us, workers (us): 6356, ---, ---, 
[157.891s][info][gc,stats    ] Concurrent Weak References         1086 us, parallelism: 0.86x
[157.891s][info][gc,stats    ]   CWRF: <total>                     936 us
[157.891s][info][gc,stats    ]   CWRF: Weak References             936 us, workers (us): 936, ---, ---, 
[157.891s][info][gc,stats    ] Concurrent Weak Roots              9736 us
[157.891s][info][gc,stats    ]   Roots                            9495 us, parallelism: 1.00x
[157.891s][info][gc,stats    ]     CWR: <total>                   9454 us
[157.891s][info][gc,stats    ]     CWR: Code Cache Roots          8570 us, workers (us): 8570, ---, ---, 
[157.891s][info][gc,stats    ]     CWR: VM Weak Roots              807 us, workers (us): 807, ---, ---, 
[157.891s][info][gc,stats    ]     CWR: CLDG Roots                  77 us, workers (us):  77, ---, ---, 
[157.891s][info][gc,stats    ]   Rendezvous                        186 us
[157.891s][info][gc,stats    ] Concurrent Cleanup                   47 us
[157.891s][info][gc,stats    ] Concurrent Class Unloading        52723 us
[157.891s][info][gc,stats    ]   Unlink Stale                    50265 us
[157.891s][info][gc,stats    ]     System Dictionary              1867 us
[157.891s][info][gc,stats    ]     Weak Class Links              18320 us
[157.891s][info][gc,stats    ]     Code Roots                    30075 us
[157.891s][info][gc,stats    ]   Rendezvous                        225 us
[157.891s][info][gc,stats    ]   Purge Unlinked                   2163 us
[157.891s][info][gc,stats    ]     Code Roots                     1203 us
[157.891s][info][gc,stats    ]     CLDG                            960 us
[157.891s][info][gc,stats    ]     Exception Caches                  0 us
[157.891s][info][gc,stats    ] Concurrent Strong Roots             337 us, parallelism: 0.66x
[157.891s][info][gc,stats    ]   CSR: <total>                      222 us
[157.891s][info][gc,stats    ]   CSR: VM Strong Roots                9 us, workers (us):   9, ---, ---, 
[157.891s][info][gc,stats    ]   CSR: CLDG Roots                   214 us, workers (us): 214, ---, ---, 
[157.891s][info][gc,stats    ] Concurrent Evacuation              4245 us
[157.891s][info][gc,stats    ] Pause Init Update Refs (G)          194 us
[157.891s][info][gc,stats    ] Pause Init Update Refs (N)           98 us
[157.891s][info][gc,stats    ]   Manage GCLABs                      37 us
[157.891s][info][gc,stats    ] Concurrent Update Refs            22128 us
[157.891s][info][gc,stats    ] Concurrent Update Thread Roots     7042 us
[157.891s][info][gc,stats    ] Pause Final Update Refs (G)         286 us
[157.891s][info][gc,stats    ] Pause Final Update Refs (N)         193 us
[157.891s][info][gc,stats    ]   Update Region States               58 us
[157.891s][info][gc,stats    ]   Trash Collection Set                9 us
[157.891s][info][gc,stats    ]   Rebuild Free Set                   25 us
[157.891s][info][gc,stats    ] Concurrent Cleanup                   79 us
[157.891s][info][gc,stats    ] 
[157.891s][info][gc,stats    ] Allocation pacing accrued:
[157.891s][info][gc,stats    ]       0 of  1108 ms (  0.0%): <total>
[157.891s][info][gc,stats    ]       0 of  1108 ms (  0.0%): <average total>
[157.891s][info][gc,stats    ] 
[157.891s][info][gc,metaspace] Metaspace: 156859K(158080K)->155824K(157952K) NonClass: 138797K(139392K)->137934K(139328K) Class: 18061K(18688K)->17890K(18624K)
[157.891s][info][gc,ergo     ] Pacer for Idle. Initial: 163M, Alloc Tax Rate: 1.0x
[158.241s][info][gc          ] Trigger: Learning 2 of 5. Free (5616M) is below initial threshold (5734M)
[158.242s][info][gc,ergo     ] Free: 5616M, Max: 4096K regular, 5220M humongous, Frag: 7% external, 0% internal; Reserve: 412M, Max: 4096K
[158.242s][info][gc,start    ] GC(157) Concurrent reset
[158.242s][info][gc,task     ] GC(157) Using 1 of 3 workers for concurrent reset
[158.242s][info][gc,ergo     ] GC(157) Pacer for Reset. Non-Taxable: 8192M
[158.256s][info][gc          ] GC(157) Concurrent reset 14.410ms
[158.257s][info][gc,start    ] GC(157) Pause Init Mark (unload classes)
[158.257s][info][gc,task     ] GC(157) Using 3 of 3 workers for init marking
[158.257s][info][gc,ergo     ] GC(157) Pacer for Mark. Expected Live: 141M, Free: 5516M, Non-Taxable: 551M, Alloc Tax Rate: 0.0x
[158.257s][info][gc          ] GC(157) Pause Init Mark (unload classes) 0.122ms
[158.257s][info][gc,start    ] GC(157) Concurrent marking roots
[158.257s][info][gc,task     ] GC(157) Using 1 of 3 workers for concurrent marking roots
[158.266s][info][gc          ] GC(157) Concurrent marking roots 8.906ms
[158.266s][info][gc,start    ] GC(157) Concurrent marking (unload classes)
[158.266s][info][gc,task     ] GC(157) Using 1 of 3 workers for concurrent marking
[158.336s][info][gc          ] GC(157) Concurrent marking (unload classes) 70.052ms
[158.336s][info][gc,start    ] GC(157) Pause Final Mark (unload classes)
[158.336s][info][gc,task     ] GC(157) Using 3 of 3 workers for final marking
[158.336s][info][gc,ergo     ] GC(157) Adaptive CSet Selection. Target Free: 1160M, Actual Free: 6552M, Max CSet: 341M, Min Garbage: 0B
[158.336s][info][gc,ergo     ] GC(157) Collectable Garbage: 2047M (99%), Immediate: 940M (45%), CSet: 1107M (53%)
[158.336s][info][gc,ergo     ] GC(157) Pacer for Evacuation. Used CSet: 1167M, Free: 6177M, Non-Taxable: 617M, Alloc Tax Rate: 1.1x
[158.336s][info][gc          ] GC(157) Pause Final Mark (unload classes) 0.251ms
[158.336s][info][gc,start    ] GC(157) Concurrent thread roots
[158.336s][info][gc,task     ] GC(157) Using 1 of 3 workers for Concurrent thread roots
[158.344s][info][gc          ] GC(157) Concurrent thread roots 7.220ms
[158.344s][info][gc,start    ] GC(157) Concurrent weak references
[158.344s][info][gc,task     ] GC(157) Using 1 of 3 workers for concurrent weak references
[158.344s][info][gc,ref      ] GC(157) Encountered references: Soft: 3715, Weak: 14986, Final: 53, Phantom: 598
[158.344s][info][gc,ref      ] GC(157) Discovered  references: Soft: 0, Weak: 8253, Final: 0, Phantom: 278
[158.344s][info][gc,ref      ] GC(157) Enqueued    references: Soft: 0, Weak: 212, Final: 0, Phantom: 0
[158.344s][info][gc          ] GC(157) Concurrent weak references 0.640ms
[158.344s][info][gc,start    ] GC(157) Concurrent weak roots
[158.344s][info][gc,task     ] GC(157) Using 1 of 3 workers for concurrent weak root
[158.353s][info][gc          ] GC(157) Concurrent weak roots 8.911ms
[158.353s][info][gc,start    ] GC(157) Concurrent cleanup
[158.353s][info][gc          ] GC(157) Concurrent cleanup 2644M->1703M(8192M) 0.040ms
[158.353s][info][gc,ergo     ] GC(157) Free: 6076M, Max: 4096K regular, 5100M humongous, Frag: 16% external, 0% internal; Reserve: 387M, Max: 4096K
[158.353s][info][gc,start    ] GC(157) Concurrent class unloading
[158.353s][info][gc,task     ] GC(157) Using 1 of 3 workers for concurrent class unloading
[158.407s][info][gc          ] GC(157) Concurrent class unloading 53.620ms
[158.407s][info][gc,start    ] GC(157) Concurrent strong roots
[158.407s][info][gc,task     ] GC(157) Using 1 of 3 workers for concurrent strong root
[158.407s][info][gc          ] GC(157) Concurrent strong roots 0.427ms
[158.407s][info][gc,start    ] GC(157) Concurrent evacuation
[158.408s][info][gc,task     ] GC(157) Using 1 of 3 workers for concurrent evacuation
[158.415s][info][gc          ] GC(157) Concurrent evacuation 7.831ms
[158.415s][info][gc,start    ] GC(157) Pause Init Update Refs
[158.415s][info][gc,ergo     ] GC(157) Pacer for Update Refs. Used: 1805M, Free: 6008M, Non-Taxable: 600M, Alloc Tax Rate: 1.1x
[158.415s][info][gc          ] GC(157) Pause Init Update Refs 0.055ms
[158.416s][info][gc,start    ] GC(157) Concurrent update references
[158.416s][info][gc,task     ] GC(157) Using 1 of 3 workers for concurrent reference update
[158.483s][info][gc          ] GC(157) Concurrent update references 67.717ms
[158.483s][info][gc,start    ] GC(157) Concurrent update thread roots
[158.489s][info][gc          ] GC(157) Concurrent update thread roots 5.935ms
[158.489s][info][gc,start    ] GC(157) Pause Final Update Refs
[158.489s][info][gc,task     ] GC(157) Using 3 of 3 workers for final reference update
[158.489s][info][gc          ] GC(157) Pause Final Update Refs 0.160ms
[158.490s][info][gc,start    ] GC(157) Concurrent cleanup
[158.490s][info][gc          ] GC(157) Concurrent cleanup 1865M->698M(8192M) 0.109ms
[158.490s][info][gc,ergo     ] Free: 7036M, Max: 4096K regular, 5036M humongous, Frag: 29% external, 0% internal; Reserve: 412M, Max: 4096K
[158.490s][info][gc,stats    ] 
[158.490s][info][gc,stats    ] All times are wall-clock times, except per-root-class counters, that are sum over
[158.490s][info][gc,stats    ] all workers. Dividing the <total> over the root stage time estimates parallelism.
[158.490s][info][gc,stats    ] 
[158.490s][info][gc,stats    ] Concurrent Reset                  14563 us
[158.490s][info][gc,stats    ] Pause Init Mark (G)                 509 us
[158.490s][info][gc,stats    ] Pause Init Mark (N)                 130 us
[158.490s][info][gc,stats    ]   Update Region States               43 us
[158.490s][info][gc,stats    ] Concurrent Mark Roots              9040 us, parallelism: 0.94x
[158.490s][info][gc,stats    ]   CMR: <total>                     8479 us
[158.490s][info][gc,stats    ]   CMR: Thread Roots                8344 us, workers (us): 8344, ---, ---, 
[158.490s][info][gc,stats    ]   CMR: VM Strong Roots               20 us, workers (us):  20, ---, ---, 
[158.490s][info][gc,stats    ]   CMR: CLDG Roots                   116 us, workers (us): 116, ---, ---, 
[158.490s][info][gc,stats    ] Concurrent Marking                70098 us
[158.490s][info][gc,stats    ] Pause Final Mark (G)                501 us
[158.490s][info][gc,stats    ] Pause Final Mark (N)                259 us
[158.490s][info][gc,stats    ]   Finish Mark                        60 us
[158.490s][info][gc,stats    ]   Update Region States               30 us
[158.490s][info][gc,stats    ]   Choose Collection Set              85 us
[158.490s][info][gc,stats    ]   Rebuild Free Set                    9 us
[158.490s][info][gc,stats    ] Concurrent Thread Roots            7266 us, parallelism: 0.98x
[158.490s][info][gc,stats    ]   CTR: <total>                     7143 us
[158.490s][info][gc,stats    ]   CTR: Thread Roots                7143 us, workers (us): 7143, ---, ---, 
[158.490s][info][gc,stats    ] Concurrent Weak References          648 us, parallelism: 0.86x
[158.490s][info][gc,stats    ]   CWRF: <total>                     561 us
[158.490s][info][gc,stats    ]   CWRF: Weak References             561 us, workers (us): 561, ---, ---, 
[158.490s][info][gc,stats    ] Concurrent Weak Roots              8955 us
[158.490s][info][gc,stats    ]   Roots                            8720 us, parallelism: 1.00x
[158.490s][info][gc,stats    ]     CWR: <total>                   8677 us
[158.490s][info][gc,stats    ]     CWR: Code Cache Roots          7325 us, workers (us): 7325, ---, ---, 
[158.490s][info][gc,stats    ]     CWR: VM Weak Roots             1251 us, workers (us): 1251, ---, ---, 
[158.490s][info][gc,stats    ]     CWR: CLDG Roots                 101 us, workers (us): 101, ---, ---, 
[158.490s][info][gc,stats    ]   Rendezvous                        172 us
[158.490s][info][gc,stats    ] Concurrent Cleanup                   49 us
[158.490s][info][gc,stats    ] Concurrent Class Unloading        53665 us
[158.490s][info][gc,stats    ]   Unlink Stale                    52123 us
[158.490s][info][gc,stats    ]     System Dictionary               420 us
[158.490s][info][gc,stats    ]     Weak Class Links              16560 us
[158.490s][info][gc,stats    ]     Code Roots                    35142 us
[158.491s][info][gc,stats    ]   Rendezvous                        170 us
[158.491s][info][gc,stats    ]   Purge Unlinked                   1308 us
[158.491s][info][gc,stats    ]     Code Roots                     1226 us
[158.491s][info][gc,stats    ]     CLDG                             82 us
[158.491s][info][gc,stats    ]     Exception Caches                  0 us
[158.491s][info][gc,stats    ] Concurrent Strong Roots             459 us, parallelism: 0.68x
[158.491s][info][gc,stats    ]   CSR: <total>                      313 us
[158.491s][info][gc,stats    ]   CSR: VM Strong Roots                7 us, workers (us):   7, ---, ---, 
[158.491s][info][gc,stats    ]   CSR: CLDG Roots                   305 us, workers (us): 305, ---, ---, 
[158.491s][info][gc,stats    ] Concurrent Evacuation              7889 us
[158.491s][info][gc,stats    ] Pause Init Update Refs (G)          133 us
[158.491s][info][gc,stats    ] Pause Init Update Refs (N)           63 us
[158.491s][info][gc,stats    ]   Manage GCLABs                      21 us
[158.491s][info][gc,stats    ] Concurrent Update Refs            67772 us
[158.491s][info][gc,stats    ] Concurrent Update Thread Roots     5993 us
[158.491s][info][gc,stats    ] Pause Final Update Refs (G)         288 us
[158.491s][info][gc,stats    ] Pause Final Update Refs (N)         171 us
[158.491s][info][gc,stats    ]   Update Region States               73 us
[158.491s][info][gc,stats    ]   Trash Collection Set               11 us
[158.491s][info][gc,stats    ]   Rebuild Free Set                   20 us
[158.491s][info][gc,stats    ] Concurrent Cleanup                  136 us
[158.491s][info][gc,stats    ] 
[158.491s][info][gc,stats    ] Allocation pacing accrued:
[158.491s][info][gc,stats    ]       0 of   599 ms (  0.0%): <total>
[158.491s][info][gc,stats    ]       0 of   599 ms (  0.0%): <average total>
[158.491s][info][gc,stats    ] 
[158.491s][info][gc,metaspace] Metaspace: 156691K(157952K)->156712K(157952K) NonClass: 138652K(139328K)->138670K(139328K) Class: 18039K(18624K)->18041K(18624K)
[158.491s][info][gc,ergo     ] Pacer for Idle. Initial: 163M, Alloc Tax Rate: 1.0x
[159.423s][info][gc          ] Trigger: Explicit GC request (System.gc())
[159.423s][info][gc,ergo     ] Free: 5884M, Max: 4096K regular, 5036M humongous, Frag: 15% external, 0% internal; Reserve: 412M, Max: 4096K
[159.423s][info][gc,start    ] GC(158) Concurrent reset
[159.423s][info][gc,task     ] GC(158) Using 1 of 3 workers for concurrent reset
[159.423s][info][gc,ergo     ] GC(158) Pacer for Reset. Non-Taxable: 8192M
[159.428s][info][gc          ] GC(158) Concurrent reset 4.755ms
[159.428s][info][gc,start    ] GC(158) Pause Init Mark (unload classes)
[159.428s][info][gc,task     ] GC(158) Using 3 of 3 workers for init marking
[159.428s][info][gc,ref      ] GC(158) Clearing All SoftReferences
[159.428s][info][gc,ergo     ] GC(158) Pacer for Mark. Expected Live: 152M, Free: 5884M, Non-Taxable: 588M, Alloc Tax Rate: 0.0x
[159.428s][info][gc          ] GC(158) Pause Init Mark (unload classes) 0.245ms
[159.428s][info][gc,start    ] GC(158) Concurrent marking roots
[159.428s][info][gc,task     ] GC(158) Using 1 of 3 workers for concurrent marking roots
[159.436s][info][gc          ] GC(158) Concurrent marking roots 7.323ms
[159.436s][info][gc,start    ] GC(158) Concurrent marking (unload classes)
[159.436s][info][gc,task     ] GC(158) Using 1 of 3 workers for concurrent marking
[159.488s][info][gc          ] GC(158) Concurrent marking (unload classes) 52.578ms
[159.488s][info][gc,start    ] GC(158) Pause Final Mark (unload classes)
[159.488s][info][gc,task     ] GC(158) Using 3 of 3 workers for final marking
[159.489s][info][gc,ergo     ] GC(158) Adaptive CSet Selection. Target Free: 1160M, Actual Free: 6830M, Max CSet: 341M, Min Garbage: 0B
[159.489s][info][gc,ergo     ] GC(158) Collectable Garbage: 1492M (99%), Immediate: 546M (36%), CSet: 946M (63%)
[159.489s][info][gc,ergo     ] GC(158) Pacer for Evacuation. Used CSet: 951M, Free: 6691M, Non-Taxable: 669M, Alloc Tax Rate: 1.1x
[159.489s][info][gc          ] GC(158) Pause Final Mark (unload classes) 0.564ms
[159.489s][info][gc,start    ] GC(158) Concurrent thread roots
[159.489s][info][gc,task     ] GC(158) Using 1 of 3 workers for Concurrent thread roots
[159.496s][info][gc          ] GC(158) Concurrent thread roots 6.590ms
[159.496s][info][gc,start    ] GC(158) Concurrent weak references
[159.496s][info][gc,task     ] GC(158) Using 1 of 3 workers for concurrent weak references
[159.497s][info][gc,ref      ] GC(158) Encountered references: Soft: 3586, Weak: 17964, Final: 53, Phantom: 598
[159.497s][info][gc,ref      ] GC(158) Discovered  references: Soft: 1314, Weak: 6871, Final: 0, Phantom: 278
[159.497s][info][gc,ref      ] GC(158) Enqueued    references: Soft: 848, Weak: 3397, Final: 0, Phantom: 0
[159.497s][info][gc          ] GC(158) Concurrent weak references 1.223ms
[159.497s][info][gc,start    ] GC(158) Concurrent weak roots
[159.497s][info][gc,task     ] GC(158) Using 1 of 3 workers for concurrent weak root
[159.507s][info][gc          ] GC(158) Concurrent weak roots 9.843ms
[159.507s][info][gc,start    ] GC(158) Concurrent cleanup
[159.507s][info][gc          ] GC(158) Concurrent cleanup 2112M->1566M(8192M) 0.043ms
[159.507s][info][gc,ergo     ] GC(158) Free: 6203M, Max: 4096K regular, 5064M humongous, Frag: 19% external, 0% internal; Reserve: 410M, Max: 4096K
[159.507s][info][gc,start    ] GC(158) Concurrent class unloading
[159.507s][info][gc,task     ] GC(158) Using 1 of 3 workers for concurrent class unloading
[159.558s][info][gc          ] GC(158) Concurrent class unloading 51.621ms
[159.558s][info][gc,start    ] GC(158) Concurrent strong roots
[159.558s][info][gc,task     ] GC(158) Using 1 of 3 workers for concurrent strong root
[159.559s][info][gc          ] GC(158) Concurrent strong roots 0.369ms
[159.559s][info][gc,start    ] GC(158) Concurrent evacuation
[159.559s][info][gc,task     ] GC(158) Using 1 of 3 workers for concurrent evacuation
[159.563s][info][gc          ] GC(158) Concurrent evacuation 3.986ms
[159.563s][info][gc,start    ] GC(158) Pause Init Update Refs
[159.563s][info][gc,ergo     ] GC(158) Pacer for Update Refs. Used: 1603M, Free: 6171M, Non-Taxable: 617M, Alloc Tax Rate: 1.1x
[159.563s][info][gc          ] GC(158) Pause Init Update Refs 0.140ms
[159.563s][info][gc,start    ] GC(158) Concurrent update references
[159.563s][info][gc,task     ] GC(158) Using 1 of 3 workers for concurrent reference update
[159.586s][info][gc          ] GC(158) Concurrent update references 22.549ms
[159.586s][info][gc,start    ] GC(158) Concurrent update thread roots
[159.593s][info][gc          ] GC(158) Concurrent update thread roots 7.168ms
[159.593s][info][gc,start    ] GC(158) Pause Final Update Refs
[159.593s][info][gc,task     ] GC(158) Using 3 of 3 workers for final reference update
[159.593s][info][gc          ] GC(158) Pause Final Update Refs 0.157ms
[159.593s][info][gc,start    ] GC(158) Concurrent cleanup
[159.593s][info][gc          ] GC(158) Concurrent cleanup 1603M->651M(8192M) 0.101ms
[159.594s][info][gc,ergo     ] Free: 7128M, Max: 4096K regular, 5220M humongous, Frag: 27% external, 0% internal; Reserve: 412M, Max: 4096K
[159.594s][info][gc,stats    ] 
[159.594s][info][gc,stats    ] All times are wall-clock times, except per-root-class counters, that are sum over
[159.594s][info][gc,stats    ] all workers. Dividing the <total> over the root stage time estimates parallelism.
[159.594s][info][gc,stats    ] 
[159.594s][info][gc,stats    ] Concurrent Reset                   4822 us
[159.594s][info][gc,stats    ] Pause Init Mark (G)                 414 us
[159.594s][info][gc,stats    ] Pause Init Mark (N)                 262 us
[159.594s][info][gc,stats    ]   Update Region States               95 us
[159.594s][info][gc,stats    ] Concurrent Mark Roots              7382 us, parallelism: 0.92x
[159.594s][info][gc,stats    ]   CMR: <total>                     6799 us
[159.594s][info][gc,stats    ]   CMR: Thread Roots                6703 us, workers (us): 6703, ---, ---, 
[159.594s][info][gc,stats    ]   CMR: VM Strong Roots               11 us, workers (us):  11, ---, ---, 
[159.594s][info][gc,stats    ]   CMR: CLDG Roots                    85 us, workers (us):  85, ---, ---, 
[159.594s][info][gc,stats    ] Concurrent Marking                52643 us
[159.594s][info][gc,stats    ] Pause Final Mark (G)                720 us
[159.594s][info][gc,stats    ] Pause Final Mark (N)                586 us
[159.594s][info][gc,stats    ]   Finish Mark                       133 us
[159.594s][info][gc,stats    ]   Update Region States               77 us
[159.594s][info][gc,stats    ]   Choose Collection Set             181 us
[159.594s][info][gc,stats    ]   Rebuild Free Set                   24 us
[159.594s][info][gc,stats    ] Concurrent Thread Roots            6631 us, parallelism: 0.95x
[159.594s][info][gc,stats    ]   CTR: <total>                     6316 us
[159.594s][info][gc,stats    ]   CTR: Thread Roots                6316 us, workers (us): 6316, ---, ---, 
[159.594s][info][gc,stats    ] Concurrent Weak References         1231 us, parallelism: 0.86x
[159.594s][info][gc,stats    ]   CWRF: <total>                    1061 us
[159.594s][info][gc,stats    ]   CWRF: Weak References            1061 us, workers (us): 1061, ---, ---, 
[159.594s][info][gc,stats    ] Concurrent Weak Roots              9886 us
[159.594s][info][gc,stats    ]   Roots                            9651 us, parallelism: 0.99x
[159.594s][info][gc,stats    ]     CWR: <total>                   9585 us
[159.594s][info][gc,stats    ]     CWR: Code Cache Roots          8390 us, workers (us): 8390, ---, ---, 
[159.594s][info][gc,stats    ]     CWR: VM Weak Roots             1117 us, workers (us): 1117, ---, ---, 
[159.594s][info][gc,stats    ]     CWR: CLDG Roots                  79 us, workers (us):  79, ---, ---, 
[159.594s][info][gc,stats    ]   Rendezvous                        174 us
[159.594s][info][gc,stats    ] Concurrent Cleanup                   52 us
[159.594s][info][gc,stats    ] Concurrent Class Unloading        51685 us
[159.594s][info][gc,stats    ]   Unlink Stale                    48624 us
[159.594s][info][gc,stats    ]     System Dictionary              1884 us
[159.594s][info][gc,stats    ]     Weak Class Links              17708 us
[159.594s][info][gc,stats    ]     Code Roots                    29029 us
[159.594s][info][gc,stats    ]   Rendezvous                        236 us
[159.594s][info][gc,stats    ]   Purge Unlinked                   2741 us
[159.594s][info][gc,stats    ]     Code Roots                     1700 us
[159.594s][info][gc,stats    ]     CLDG                           1040 us
[159.594s][info][gc,stats    ]     Exception Caches                  0 us
[159.594s][info][gc,stats    ] Concurrent Strong Roots             387 us, parallelism: 0.57x
[159.594s][info][gc,stats    ]   CSR: <total>                      221 us
[159.594s][info][gc,stats    ]   CSR: VM Strong Roots                9 us, workers (us):   9, ---, ---, 
[159.594s][info][gc,stats    ]   CSR: CLDG Roots                   213 us, workers (us): 213, ---, ---, 
[159.594s][info][gc,stats    ] Concurrent Evacuation              4052 us
[159.594s][info][gc,stats    ] Pause Init Update Refs (G)          316 us
[159.594s][info][gc,stats    ] Pause Init Update Refs (N)          161 us
[159.594s][info][gc,stats    ]   Manage GCLABs                      39 us
[159.594s][info][gc,stats    ] Concurrent Update Refs            22619 us
[159.594s][info][gc,stats    ] Concurrent Update Thread Roots     7217 us
[159.594s][info][gc,stats    ] Pause Final Update Refs (G)         275 us
[159.594s][info][gc,stats    ] Pause Final Update Refs (N)         175 us
[159.594s][info][gc,stats    ]   Update Region States               86 us
[159.594s][info][gc,stats    ]   Trash Collection Set               11 us
[159.594s][info][gc,stats    ]   Rebuild Free Set                   19 us
[159.594s][info][gc,stats    ] Concurrent Cleanup                  127 us
[159.594s][info][gc,stats    ] 
[159.594s][info][gc,stats    ] Allocation pacing accrued:
[159.594s][info][gc,stats    ]       0 of  1103 ms (  0.0%): <total>
[159.594s][info][gc,stats    ]       0 of  1103 ms (  0.0%): <average total>
[159.594s][info][gc,stats    ] 
[159.594s][info][gc,metaspace] Metaspace: 156862K(158080K)->155824K(157952K) NonClass: 138799K(139392K)->137934K(139328K) Class: 18062K(18688K)->17890K(18624K)
[159.594s][info][gc,ergo     ] Pacer for Idle. Initial: 163M, Alloc Tax Rate: 1.0x
[159.920s][info][gc          ] Trigger: Learning 2 of 5. Free (5635M) is below initial threshold (5734M)
[159.920s][info][gc,ergo     ] Free: 5635M, Max: 4096K regular, 5220M humongous, Frag: 8% external, 0% internal; Reserve: 412M, Max: 4096K
[159.920s][info][gc,start    ] GC(159) Concurrent reset
[159.920s][info][gc,task     ] GC(159) Using 1 of 3 workers for concurrent reset
[159.920s][info][gc,ergo     ] GC(159) Pacer for Reset. Non-Taxable: 8192M
[159.935s][info][gc          ] GC(159) Concurrent reset 14.667ms
[159.935s][info][gc,start    ] GC(159) Pause Init Mark (unload classes)
[159.935s][info][gc,task     ] GC(159) Using 3 of 3 workers for init marking
[159.935s][info][gc,ergo     ] GC(159) Pacer for Mark. Expected Live: 141M, Free: 5524M, Non-Taxable: 552M, Alloc Tax Rate: 0.0x
[159.935s][info][gc          ] GC(159) Pause Init Mark (unload classes) 0.127ms
[159.935s][info][gc,start    ] GC(159) Concurrent marking roots
[159.935s][info][gc,task     ] GC(159) Using 1 of 3 workers for concurrent marking roots
[159.944s][info][gc          ] GC(159) Concurrent marking roots 8.952ms
[159.945s][info][gc,start    ] GC(159) Concurrent marking (unload classes)
[159.945s][info][gc,task     ] GC(159) Using 1 of 3 workers for concurrent marking
[160.015s][info][gc          ] GC(159) Concurrent marking (unload classes) 70.275ms
[160.015s][info][gc,start    ] GC(159) Pause Final Mark (unload classes)
[160.015s][info][gc,task     ] GC(159) Using 3 of 3 workers for final marking
[160.015s][info][gc,ergo     ] GC(159) Adaptive CSet Selection. Target Free: 1160M, Actual Free: 6551M, Max CSet: 341M, Min Garbage: 0B
[160.015s][info][gc,ergo     ] GC(159) Collectable Garbage: 2043M (99%), Immediate: 947M (46%), CSet: 1095M (53%)
[160.015s][info][gc,ergo     ] GC(159) Pacer for Evacuation. Used CSet: 1160M, Free: 6177M, Non-Taxable: 617M, Alloc Tax Rate: 1.1x
[160.015s][info][gc          ] GC(159) Pause Final Mark (unload classes) 0.254ms
[160.015s][info][gc,start    ] GC(159) Concurrent thread roots
[160.015s][info][gc,task     ] GC(159) Using 1 of 3 workers for Concurrent thread roots
[160.022s][info][gc          ] GC(159) Concurrent thread roots 6.591ms
[160.022s][info][gc,start    ] GC(159) Concurrent weak references
[160.022s][info][gc,task     ] GC(159) Using 1 of 3 workers for concurrent weak references
[160.022s][info][gc,ref      ] GC(159) Encountered references: Soft: 3714, Weak: 14989, Final: 53, Phantom: 598
[160.022s][info][gc,ref      ] GC(159) Discovered  references: Soft: 0, Weak: 2807, Final: 0, Phantom: 278
[160.022s][info][gc,ref      ] GC(159) Enqueued    references: Soft: 0, Weak: 211, Final: 0, Phantom: 0
[160.022s][info][gc          ] GC(159) Concurrent weak references 0.368ms
[160.022s][info][gc,start    ] GC(159) Concurrent weak roots
[160.022s][info][gc,task     ] GC(159) Using 1 of 3 workers for concurrent weak root
[160.032s][info][gc          ] GC(159) Concurrent weak roots 9.276ms
[160.032s][info][gc,start    ] GC(159) Concurrent cleanup
[160.032s][info][gc          ] GC(159) Concurrent cleanup 2622M->1674M(8192M) 0.079ms
[160.032s][info][gc,ergo     ] GC(159) Free: 6087M, Max: 4096K regular, 5104M humongous, Frag: 17% external, 0% internal; Reserve: 409M, Max: 4096K
[160.032s][info][gc,start    ] GC(159) Concurrent class unloading
[160.032s][info][gc,task     ] GC(159) Using 1 of 3 workers for concurrent class unloading
[160.089s][info][gc          ] GC(159) Concurrent class unloading 56.778ms
[160.089s][info][gc,start    ] GC(159) Concurrent strong roots
[160.089s][info][gc,task     ] GC(159) Using 1 of 3 workers for concurrent strong root
[160.089s][info][gc          ] GC(159) Concurrent strong roots 0.431ms
[160.089s][info][gc,start    ] GC(159) Concurrent evacuation
[160.089s][info][gc,task     ] GC(159) Using 1 of 3 workers for concurrent evacuation
[160.100s][info][gc          ] GC(159) Concurrent evacuation 10.689ms
[160.100s][info][gc,start    ] GC(159) Pause Init Update Refs
[160.100s][info][gc,ergo     ] GC(159) Pacer for Update Refs. Used: 1803M, Free: 6022M, Non-Taxable: 602M, Alloc Tax Rate: 1.1x
[160.100s][info][gc          ] GC(159) Pause Init Update Refs 0.106ms
[160.100s][info][gc,start    ] GC(159) Concurrent update references
[160.100s][info][gc,task     ] GC(159) Using 1 of 3 workers for concurrent reference update
[160.170s][info][gc          ] GC(159) Concurrent update references 69.746ms
[160.170s][info][gc,start    ] GC(159) Concurrent update thread roots
[160.177s][info][gc          ] GC(159) Concurrent update thread roots 6.948ms
[160.177s][info][gc,start    ] GC(159) Pause Final Update Refs
[160.177s][info][gc,task     ] GC(159) Using 3 of 3 workers for final reference update
[160.177s][info][gc          ] GC(159) Pause Final Update Refs 0.186ms
[160.177s][info][gc,start    ] GC(159) Concurrent cleanup
[160.177s][info][gc          ] GC(159) Concurrent cleanup 1882M->722M(8192M) 0.081ms
[160.177s][info][gc,ergo     ] Free: 7013M, Max: 4096K regular, 5040M humongous, Frag: 29% external, 0% internal; Reserve: 412M, Max: 4096K
[160.177s][info][gc,stats    ] 
[160.177s][info][gc,stats    ] All times are wall-clock times, except per-root-class counters, that are sum over
[160.177s][info][gc,stats    ] all workers. Dividing the <total> over the root stage time estimates parallelism.
[160.177s][info][gc,stats    ] 
[160.177s][info][gc,stats    ] Concurrent Reset                  14836 us
[160.177s][info][gc,stats    ] Pause Init Mark (G)                 399 us
[160.177s][info][gc,stats    ] Pause Init Mark (N)                 136 us
[160.177s][info][gc,stats    ]   Update Region States               45 us
[160.178s][info][gc,stats    ] Concurrent Mark Roots              9117 us, parallelism: 0.94x
[160.178s][info][gc,stats    ]   CMR: <total>                     8531 us
[160.178s][info][gc,stats    ]   CMR: Thread Roots                8349 us, workers (us): 8349, ---, ---, 
[160.178s][info][gc,stats    ]   CMR: VM Strong Roots               33 us, workers (us):  33, ---, ---, 
[160.178s][info][gc,stats    ]   CMR: CLDG Roots                   150 us, workers (us): 150, ---, ---, 
[160.178s][info][gc,stats    ] Concurrent Marking                70321 us
[160.178s][info][gc,stats    ] Pause Final Mark (G)                326 us
[160.178s][info][gc,stats    ] Pause Final Mark (N)                263 us
[160.178s][info][gc,stats    ]   Finish Mark                        76 us
[160.178s][info][gc,stats    ]   Update Region States               38 us
[160.178s][info][gc,stats    ]   Choose Collection Set              75 us
[160.178s][info][gc,stats    ]   Rebuild Free Set                    9 us
[160.178s][info][gc,stats    ] Concurrent Thread Roots            6668 us, parallelism: 0.98x
[160.178s][info][gc,stats    ]   CTR: <total>                     6519 us
[160.178s][info][gc,stats    ]   CTR: Thread Roots                6519 us, workers (us): 6519, ---, ---, 
[160.178s][info][gc,stats    ] Concurrent Weak References          385 us, parallelism: 0.57x
[160.178s][info][gc,stats    ]   CWRF: <total>                     218 us
[160.178s][info][gc,stats    ]   CWRF: Weak References             218 us, workers (us): 218, ---, ---, 
[160.178s][info][gc,stats    ] Concurrent Weak Roots              9343 us
[160.178s][info][gc,stats    ]   Roots                            9076 us, parallelism: 0.99x
[160.178s][info][gc,stats    ]     CWR: <total>                   9026 us
[160.178s][info][gc,stats    ]     CWR: Code Cache Roots          7152 us, workers (us): 7152, ---, ---, 
[160.178s][info][gc,stats    ]     CWR: VM Weak Roots             1784 us, workers (us): 1784, ---, ---, 
[160.178s][info][gc,stats    ]     CWR: CLDG Roots                  90 us, workers (us):  90, ---, ---, 
[160.178s][info][gc,stats    ]   Rendezvous                        165 us
[160.178s][info][gc,stats    ] Concurrent Cleanup                  103 us
[160.178s][info][gc,stats    ] Concurrent Class Unloading        56832 us
[160.178s][info][gc,stats    ]   Unlink Stale                    55229 us
[160.178s][info][gc,stats    ]     System Dictionary               662 us
[160.178s][info][gc,stats    ]     Weak Class Links              17305 us
[160.178s][info][gc,stats    ]     Code Roots                    37261 us
[160.178s][info][gc,stats    ]   Rendezvous                        180 us
[160.178s][info][gc,stats    ]   Purge Unlinked                   1321 us
[160.178s][info][gc,stats    ]     Code Roots                     1254 us
[160.178s][info][gc,stats    ]     CLDG                             67 us
[160.178s][info][gc,stats    ]     Exception Caches                  0 us
[160.178s][info][gc,stats    ] Concurrent Strong Roots             459 us, parallelism: 0.68x
[160.178s][info][gc,stats    ]   CSR: <total>                      314 us
[160.178s][info][gc,stats    ]   CSR: VM Strong Roots                7 us, workers (us):   7, ---, ---, 
[160.178s][info][gc,stats    ]   CSR: CLDG Roots                   307 us, workers (us): 307, ---, ---, 
[160.178s][info][gc,stats    ] Concurrent Evacuation             10760 us
[160.178s][info][gc,stats    ] Pause Init Update Refs (G)          248 us
[160.178s][info][gc,stats    ] Pause Init Update Refs (N)          123 us
[160.178s][info][gc,stats    ]   Manage GCLABs                      21 us
[160.178s][info][gc,stats    ] Concurrent Update Refs            69815 us
[160.178s][info][gc,stats    ] Concurrent Update Thread Roots     6978 us
[160.178s][info][gc,stats    ] Pause Final Update Refs (G)         305 us
[160.178s][info][gc,stats    ] Pause Final Update Refs (N)         225 us
[160.178s][info][gc,stats    ]   Update Region States               78 us
[160.178s][info][gc,stats    ]   Trash Collection Set               14 us
[160.178s][info][gc,stats    ]   Rebuild Free Set                   30 us
[160.178s][info][gc,stats    ] Concurrent Cleanup                  105 us
[160.178s][info][gc,stats    ] 
[160.178s][info][gc,stats    ] Allocation pacing accrued:
[160.178s][info][gc,stats    ]       0 of   584 ms (  0.0%): <total>
[160.178s][info][gc,stats    ]       0 of   584 ms (  0.0%): <average total>
[160.178s][info][gc,stats    ] 
[160.178s][info][gc,metaspace] Metaspace: 156675K(157952K)->156720K(157952K) NonClass: 138641K(139328K)->138677K(139328K) Class: 18034K(18624K)->18042K(18624K)
[160.178s][info][gc,ergo     ] Pacer for Idle. Initial: 163M, Alloc Tax Rate: 1.0x
[161.124s][info][gc          ] Trigger: Explicit GC request (System.gc())
[161.125s][info][gc,ergo     ] Free: 5865M, Max: 4096K regular, 5040M humongous, Frag: 14% external, 0% internal; Reserve: 412M, Max: 4096K
[161.125s][info][gc,start    ] GC(160) Concurrent reset
[161.125s][info][gc,task     ] GC(160) Using 1 of 3 workers for concurrent reset
[161.125s][info][gc,ergo     ] GC(160) Pacer for Reset. Non-Taxable: 8192M
[161.130s][info][gc          ] GC(160) Concurrent reset 5.314ms
[161.130s][info][gc,start    ] GC(160) Pause Init Mark (unload classes)
[161.130s][info][gc,task     ] GC(160) Using 3 of 3 workers for init marking
[161.130s][info][gc,ref      ] GC(160) Clearing All SoftReferences
[161.130s][info][gc,ergo     ] GC(160) Pacer for Mark. Expected Live: 152M, Free: 5865M, Non-Taxable: 586M, Alloc Tax Rate: 0.0x
[161.130s][info][gc          ] GC(160) Pause Init Mark (unload classes) 0.183ms
[161.130s][info][gc,start    ] GC(160) Concurrent marking roots
[161.130s][info][gc,task     ] GC(160) Using 1 of 3 workers for concurrent marking roots
[161.138s][info][gc          ] GC(160) Concurrent marking roots 7.243ms
[161.138s][info][gc,start    ] GC(160) Concurrent marking (unload classes)
[161.138s][info][gc,task     ] GC(160) Using 1 of 3 workers for concurrent marking
[161.190s][info][gc          ] GC(160) Concurrent marking (unload classes) 52.355ms
[161.190s][info][gc,start    ] GC(160) Pause Final Mark (unload classes)
[161.190s][info][gc,task     ] GC(160) Using 3 of 3 workers for final marking
[161.190s][info][gc,ergo     ] GC(160) Adaptive CSet Selection. Target Free: 1160M, Actual Free: 6809M, Max CSet: 341M, Min Garbage: 0B
[161.191s][info][gc,ergo     ] GC(160) Collectable Garbage: 1513M (99%), Immediate: 541M (35%), CSet: 971M (63%)
[161.191s][info][gc,ergo     ] GC(160) Pacer for Evacuation. Used CSet: 979M, Free: 6667M, Non-Taxable: 666M, Alloc Tax Rate: 1.1x
[161.191s][info][gc          ] GC(160) Pause Final Mark (unload classes) 0.480ms
[161.191s][info][gc,start    ] GC(160) Concurrent thread roots
[161.191s][info][gc,task     ] GC(160) Using 1 of 3 workers for Concurrent thread roots
[161.198s][info][gc          ] GC(160) Concurrent thread roots 7.532ms
[161.198s][info][gc,start    ] GC(160) Concurrent weak references
[161.198s][info][gc,task     ] GC(160) Using 1 of 3 workers for concurrent weak references
[161.199s][info][gc,ref      ] GC(160) Encountered references: Soft: 3586, Weak: 17968, Final: 53, Phantom: 598
[161.199s][info][gc,ref      ] GC(160) Discovered  references: Soft: 1314, Weak: 6851, Final: 0, Phantom: 373
[161.199s][info][gc,ref      ] GC(160) Enqueued    references: Soft: 848, Weak: 3400, Final: 0, Phantom: 0
[161.199s][info][gc          ] GC(160) Concurrent weak references 0.790ms
[161.199s][info][gc,start    ] GC(160) Concurrent weak roots
[161.199s][info][gc,task     ] GC(160) Using 1 of 3 workers for concurrent weak root
[161.209s][info][gc          ] GC(160) Concurrent weak roots 10.261ms
[161.209s][info][gc,start    ] GC(160) Concurrent cleanup
[161.209s][info][gc          ] GC(160) Concurrent cleanup 2059M->1517M(8192M) 0.039ms
[161.209s][info][gc,ergo     ] GC(160) Free: 6251M, Max: 4096K regular, 5076M humongous, Frag: 19% external, 0% internal; Reserve: 410M, Max: 4096K
[161.209s][info][gc,start    ] GC(160) Concurrent class unloading
[161.209s][info][gc,task     ] GC(160) Using 1 of 3 workers for concurrent class unloading
[161.260s][info][gc          ] GC(160) Concurrent class unloading 50.826ms
[161.260s][info][gc,start    ] GC(160) Concurrent strong roots
[161.260s][info][gc,task     ] GC(160) Using 1 of 3 workers for concurrent strong root
[161.261s][info][gc          ] GC(160) Concurrent strong roots 0.321ms
[161.261s][info][gc,start    ] GC(160) Concurrent evacuation
[161.261s][info][gc,task     ] GC(160) Using 1 of 3 workers for concurrent evacuation
[161.266s][info][gc          ] GC(160) Concurrent evacuation 5.204ms
[161.266s][info][gc,start    ] GC(160) Pause Init Update Refs
[161.266s][info][gc,ergo     ] GC(160) Pacer for Update Refs. Used: 1631M, Free: 6143M, Non-Taxable: 614M, Alloc Tax Rate: 1.1x
[161.266s][info][gc          ] GC(160) Pause Init Update Refs 0.119ms
[161.266s][info][gc,start    ] GC(160) Concurrent update references
[161.266s][info][gc,task     ] GC(160) Using 1 of 3 workers for concurrent reference update
[161.289s][info][gc          ] GC(160) Concurrent update references 22.572ms
[161.289s][info][gc,start    ] GC(160) Concurrent update thread roots
[161.296s][info][gc          ] GC(160) Concurrent update thread roots 7.265ms
[161.296s][info][gc,start    ] GC(160) Pause Final Update Refs
[161.296s][info][gc,task     ] GC(160) Using 3 of 3 workers for final reference update
[161.296s][info][gc          ] GC(160) Pause Final Update Refs 0.132ms
[161.296s][info][gc,start    ] GC(160) Concurrent cleanup
[161.297s][info][gc          ] GC(160) Concurrent cleanup 1631M->652M(8192M) 0.084ms
[161.297s][info][gc,ergo     ] Free: 7127M, Max: 4096K regular, 5224M humongous, Frag: 27% external, 0% internal; Reserve: 412M, Max: 4096K
[161.297s][info][gc,stats    ] 
[161.297s][info][gc,stats    ] All times are wall-clock times, except per-root-class counters, that are sum over
[161.297s][info][gc,stats    ] all workers. Dividing the <total> over the root stage time estimates parallelism.
[161.297s][info][gc,stats    ] 
[161.297s][info][gc,stats    ] Concurrent Reset                   5355 us
[161.297s][info][gc,stats    ] Pause Init Mark (G)                 349 us
[161.297s][info][gc,stats    ] Pause Init Mark (N)                 202 us
[161.297s][info][gc,stats    ]   Update Region States               62 us
[161.297s][info][gc,stats    ] Concurrent Mark Roots              7305 us, parallelism: 0.95x
[161.297s][info][gc,stats    ]   CMR: <total>                     6951 us
[161.297s][info][gc,stats    ]   CMR: Thread Roots                6830 us, workers (us): 6830, ---, ---, 
[161.297s][info][gc,stats    ]   CMR: VM Strong Roots               15 us, workers (us):  15, ---, ---, 
[161.297s][info][gc,stats    ]   CMR: CLDG Roots                   106 us, workers (us): 106, ---, ---, 
[161.297s][info][gc,stats    ] Concurrent Marking                52421 us
[161.297s][info][gc,stats    ] Pause Final Mark (G)                653 us
[161.297s][info][gc,stats    ] Pause Final Mark (N)                502 us
[161.297s][info][gc,stats    ]   Finish Mark                        97 us
[161.297s][info][gc,stats    ]   Update Region States               57 us
[161.297s][info][gc,stats    ]   Choose Collection Set             162 us
[161.297s][info][gc,stats    ]   Rebuild Free Set                   30 us
[161.297s][info][gc,stats    ] Concurrent Thread Roots            7578 us, parallelism: 0.98x
[161.297s][info][gc,stats    ]   CTR: <total>                     7399 us
[161.297s][info][gc,stats    ]   CTR: Thread Roots                7399 us, workers (us): 7399, ---, ---, 
[161.297s][info][gc,stats    ] Concurrent Weak References          798 us, parallelism: 0.83x
[161.297s][info][gc,stats    ]   CWRF: <total>                     665 us
[161.297s][info][gc,stats    ]   CWRF: Weak References             665 us, workers (us): 665, ---, ---, 
[161.297s][info][gc,stats    ] Concurrent Weak Roots             10302 us
[161.297s][info][gc,stats    ]   Roots                           10077 us, parallelism: 0.99x
[161.297s][info][gc,stats    ]     CWR: <total>                  10017 us
[161.297s][info][gc,stats    ]     CWR: Code Cache Roots          8784 us, workers (us): 8784, ---, ---, 
[161.297s][info][gc,stats    ]     CWR: VM Weak Roots             1150 us, workers (us): 1150, ---, ---, 
[161.297s][info][gc,stats    ]     CWR: CLDG Roots                  84 us, workers (us):  84, ---, ---, 
[161.297s][info][gc,stats    ]   Rendezvous                        166 us
[161.297s][info][gc,stats    ] Concurrent Cleanup                   48 us
[161.297s][info][gc,stats    ] Concurrent Class Unloading        50875 us
[161.297s][info][gc,stats    ]   Unlink Stale                    48556 us
[161.297s][info][gc,stats    ]     System Dictionary              1869 us
[161.297s][info][gc,stats    ]     Weak Class Links              17618 us
[161.297s][info][gc,stats    ]     Code Roots                    29067 us
[161.297s][info][gc,stats    ]   Rendezvous                        171 us
[161.297s][info][gc,stats    ]   Purge Unlinked                   2079 us
[161.297s][info][gc,stats    ]     Code Roots                     1283 us
[161.297s][info][gc,stats    ]     CLDG                            796 us
[161.297s][info][gc,stats    ]     Exception Caches                  0 us
[161.297s][info][gc,stats    ] Concurrent Strong Roots             359 us, parallelism: 0.62x
[161.297s][info][gc,stats    ]   CSR: <total>                      224 us
[161.297s][info][gc,stats    ]   CSR: VM Strong Roots                9 us, workers (us):   9, ---, ---, 
[161.297s][info][gc,stats    ]   CSR: CLDG Roots                   215 us, workers (us): 215, ---, ---, 
[161.297s][info][gc,stats    ] Concurrent Evacuation              5277 us
[161.297s][info][gc,stats    ] Pause Init Update Refs (G)          310 us
[161.297s][info][gc,stats    ] Pause Init Update Refs (N)          139 us
[161.297s][info][gc,stats    ]   Manage GCLABs                      38 us
[161.297s][info][gc,stats    ] Concurrent Update Refs            22639 us
[161.297s][info][gc,stats    ] Concurrent Update Thread Roots     7330 us
[161.297s][info][gc,stats    ] Pause Final Update Refs (G)         238 us
[161.297s][info][gc,stats    ] Pause Final Update Refs (N)         150 us
[161.297s][info][gc,stats    ]   Update Region States               68 us
[161.297s][info][gc,stats    ]   Trash Collection Set                8 us
[161.297s][info][gc,stats    ]   Rebuild Free Set                   18 us
[161.297s][info][gc,stats    ] Concurrent Cleanup                  109 us
[161.297s][info][gc,stats    ] 
[161.297s][info][gc,stats    ] Allocation pacing accrued:
[161.297s][info][gc,stats    ]       0 of  1119 ms (  0.0%): <total>
[161.297s][info][gc,stats    ]       0 of  1119 ms (  0.0%): <average total>
[161.297s][info][gc,stats    ] 
[161.297s][info][gc,metaspace] Metaspace: 156870K(158080K)->155838K(158016K) NonClass: 138809K(139392K)->137948K(139392K) Class: 18061K(18688K)->17890K(18624K)
[161.297s][info][gc,ergo     ] Pacer for Idle. Initial: 163M, Alloc Tax Rate: 1.0x
[161.626s][info][gc          ] Trigger: Learning 2 of 5. Free (5623M) is below initial threshold (5734M)
[161.626s][info][gc,ergo     ] Free: 5623M, Max: 4096K regular, 5224M humongous, Frag: 7% external, 0% internal; Reserve: 412M, Max: 4096K
[161.626s][info][gc,start    ] GC(161) Concurrent reset
[161.626s][info][gc,task     ] GC(161) Using 1 of 3 workers for concurrent reset
[161.626s][info][gc,ergo     ] GC(161) Pacer for Reset. Non-Taxable: 8192M
[161.642s][info][gc          ] GC(161) Concurrent reset 15.285ms
[161.642s][info][gc,start    ] GC(161) Pause Init Mark (unload classes)
[161.642s][info][gc,task     ] GC(161) Using 3 of 3 workers for init marking
[161.642s][info][gc,ergo     ] GC(161) Pacer for Mark. Expected Live: 141M, Free: 5515M, Non-Taxable: 551M, Alloc Tax Rate: 0.0x
[161.642s][info][gc          ] GC(161) Pause Init Mark (unload classes) 0.179ms
[161.642s][info][gc,start    ] GC(161) Concurrent marking roots
[161.642s][info][gc,task     ] GC(161) Using 1 of 3 workers for concurrent marking roots
[161.651s][info][gc          ] GC(161) Concurrent marking roots 8.826ms
[161.651s][info][gc,start    ] GC(161) Concurrent marking (unload classes)
[161.651s][info][gc,task     ] GC(161) Using 1 of 3 workers for concurrent marking
[161.722s][info][gc          ] GC(161) Concurrent marking (unload classes) 70.792ms
[161.722s][info][gc,start    ] GC(161) Pause Final Mark (unload classes)
[161.722s][info][gc,task     ] GC(161) Using 3 of 3 workers for final marking
[161.722s][info][gc,ergo     ] GC(161) Adaptive CSet Selection. Target Free: 1160M, Actual Free: 6626M, Max CSet: 341M, Min Garbage: 0B
[161.722s][info][gc,ergo     ] GC(161) Collectable Garbage: 2049M (99%), Immediate: 1010M (49%), CSet: 1038M (50%)
[161.722s][info][gc,ergo     ] GC(161) Pacer for Evacuation. Used CSet: 1098M, Free: 6251M, Non-Taxable: 625M, Alloc Tax Rate: 1.1x
[161.722s][info][gc          ] GC(161) Pause Final Mark (unload classes) 0.251ms
[161.722s][info][gc,start    ] GC(161) Concurrent thread roots
[161.722s][info][gc,task     ] GC(161) Using 1 of 3 workers for Concurrent thread roots
[161.729s][info][gc          ] GC(161) Concurrent thread roots 6.747ms
[161.729s][info][gc,start    ] GC(161) Concurrent weak references
[161.729s][info][gc,task     ] GC(161) Using 1 of 3 workers for concurrent weak references
[161.730s][info][gc,ref      ] GC(161) Encountered references: Soft: 3713, Weak: 14984, Final: 53, Phantom: 598
[161.730s][info][gc,ref      ] GC(161) Discovered  references: Soft: 0, Weak: 8261, Final: 0, Phantom: 278
[161.730s][info][gc,ref      ] GC(161) Enqueued    references: Soft: 0, Weak: 212, Final: 0, Phantom: 0
[161.730s][info][gc          ] GC(161) Concurrent weak references 0.705ms
[161.730s][info][gc,start    ] GC(161) Concurrent weak roots
[161.730s][info][gc,task     ] GC(161) Using 1 of 3 workers for concurrent weak root
[161.739s][info][gc          ] GC(161) Concurrent weak roots 8.781ms
[161.739s][info][gc,start    ] GC(161) Concurrent cleanup
[161.739s][info][gc          ] GC(161) Concurrent cleanup 2600M->1589M(8192M) 0.064ms
[161.739s][info][gc,ergo     ] GC(161) Free: 6171M, Max: 4096K regular, 5128M humongous, Frag: 17% external, 0% internal; Reserve: 408M, Max: 4096K
[161.739s][info][gc,start    ] GC(161) Concurrent class unloading
[161.739s][info][gc,task     ] GC(161) Using 1 of 3 workers for concurrent class unloading
[161.793s][info][gc          ] GC(161) Concurrent class unloading 53.836ms
[161.793s][info][gc,start    ] GC(161) Concurrent strong roots
[161.793s][info][gc,task     ] GC(161) Using 1 of 3 workers for concurrent strong root
[161.793s][info][gc          ] GC(161) Concurrent strong roots 0.415ms
[161.793s][info][gc,start    ] GC(161) Concurrent evacuation
[161.793s][info][gc,task     ] GC(161) Using 1 of 3 workers for concurrent evacuation
[161.801s][info][gc          ] GC(161) Concurrent evacuation 7.619ms
[161.801s][info][gc,start    ] GC(161) Pause Init Update Refs
[161.801s][info][gc,ergo     ] GC(161) Pacer for Update Refs. Used: 1719M, Free: 6103M, Non-Taxable: 610M, Alloc Tax Rate: 1.1x
[161.801s][info][gc          ] GC(161) Pause Init Update Refs 0.072ms
[161.801s][info][gc,start    ] GC(161) Concurrent update references
[161.801s][info][gc,task     ] GC(161) Using 1 of 3 workers for concurrent reference update
[161.868s][info][gc          ] GC(161) Concurrent update references 66.387ms
[161.868s][info][gc,start    ] GC(161) Concurrent update thread roots
[161.874s][info][gc          ] GC(161) Concurrent update thread roots 5.914ms
[161.874s][info][gc,start    ] GC(161) Pause Final Update Refs
[161.874s][info][gc,task     ] GC(161) Using 3 of 3 workers for final reference update
[161.874s][info][gc          ] GC(161) Pause Final Update Refs 0.204ms
[161.874s][info][gc,start    ] GC(161) Concurrent cleanup
[161.874s][info][gc          ] GC(161) Concurrent cleanup 1787M->688M(8192M) 0.106ms
[161.874s][info][gc,ergo     ] Free: 7047M, Max: 4096K regular, 5052M humongous, Frag: 29% external, 0% internal; Reserve: 412M, Max: 4096K
[161.874s][info][gc,stats    ] 
[161.874s][info][gc,stats    ] All times are wall-clock times, except per-root-class counters, that are sum over
[161.874s][info][gc,stats    ] all workers. Dividing the <total> over the root stage time estimates parallelism.
[161.874s][info][gc,stats    ] 
[161.874s][info][gc,stats    ] Concurrent Reset                  15431 us
[161.874s][info][gc,stats    ] Pause Init Mark (G)                 568 us
[161.874s][info][gc,stats    ] Pause Init Mark (N)                 187 us
[161.874s][info][gc,stats    ]   Update Region States               45 us
[161.874s][info][gc,stats    ] Concurrent Mark Roots              8964 us, parallelism: 0.94x
[161.874s][info][gc,stats    ]   CMR: <total>                     8437 us
[161.874s][info][gc,stats    ]   CMR: Thread Roots                8286 us, workers (us): 8286, ---, ---, 
[161.874s][info][gc,stats    ]   CMR: VM Strong Roots               30 us, workers (us):  30, ---, ---, 
[161.874s][info][gc,stats    ]   CMR: CLDG Roots                   121 us, workers (us): 121, ---, ---, 
[161.874s][info][gc,stats    ] Concurrent Marking                70852 us
[161.874s][info][gc,stats    ] Pause Final Mark (G)                332 us
[161.874s][info][gc,stats    ] Pause Final Mark (N)                259 us
[161.874s][info][gc,stats    ]   Finish Mark                        80 us
[161.874s][info][gc,stats    ]   Update Region States               36 us
[161.874s][info][gc,stats    ]   Choose Collection Set              76 us
[161.874s][info][gc,stats    ]   Rebuild Free Set                    9 us
[161.874s][info][gc,stats    ] Concurrent Thread Roots            6810 us, parallelism: 0.98x
[161.874s][info][gc,stats    ]   CTR: <total>                     6674 us
[161.874s][info][gc,stats    ]   CTR: Thread Roots                6674 us, workers (us): 6674, ---, ---, 
[161.874s][info][gc,stats    ] Concurrent Weak References          713 us, parallelism: 0.81x
[161.874s][info][gc,stats    ]   CWRF: <total>                     580 us
[161.874s][info][gc,stats    ]   CWRF: Weak References             580 us, workers (us): 580, ---, ---, 
[161.874s][info][gc,stats    ] Concurrent Weak Roots              8841 us
[161.874s][info][gc,stats    ]   Roots                            8529 us, parallelism: 0.99x
[161.874s][info][gc,stats    ]     CWR: <total>                   8473 us
[161.874s][info][gc,stats    ]     CWR: Code Cache Roots          7021 us, workers (us): 7021, ---, ---, 
[161.874s][info][gc,stats    ]     CWR: VM Weak Roots             1349 us, workers (us): 1349, ---, ---, 
[161.874s][info][gc,stats    ]     CWR: CLDG Roots                 103 us, workers (us): 103, ---, ---, 
[161.874s][info][gc,stats    ]   Rendezvous                        230 us
[161.874s][info][gc,stats    ] Concurrent Cleanup                   83 us
[161.874s][info][gc,stats    ] Concurrent Class Unloading        53892 us
[161.874s][info][gc,stats    ]   Unlink Stale                    52035 us
[161.874s][info][gc,stats    ]     System Dictionary               553 us
[161.874s][info][gc,stats    ]     Weak Class Links              16659 us
[161.874s][info][gc,stats    ]     Code Roots                    34821 us
[161.874s][info][gc,stats    ]   Rendezvous                        251 us
[161.874s][info][gc,stats    ]   Purge Unlinked                   1515 us
[161.874s][info][gc,stats    ]     Code Roots                     1444 us
[161.874s][info][gc,stats    ]     CLDG                             70 us
[161.874s][info][gc,stats    ]     Exception Caches                  0 us
[161.874s][info][gc,stats    ] Concurrent Strong Roots             430 us, parallelism: 0.69x
[161.874s][info][gc,stats    ]   CSR: <total>                      296 us
[161.874s][info][gc,stats    ]   CSR: VM Strong Roots                8 us, workers (us):   8, ---, ---, 
[161.874s][info][gc,stats    ]   CSR: CLDG Roots                   288 us, workers (us): 288, ---, ---, 
[161.874s][info][gc,stats    ] Concurrent Evacuation              7692 us
[161.874s][info][gc,stats    ] Pause Init Update Refs (G)          179 us
[161.874s][info][gc,stats    ] Pause Init Update Refs (N)           80 us
[161.874s][info][gc,stats    ]   Manage GCLABs                      18 us
[161.875s][info][gc,stats    ] Concurrent Update Refs            66470 us
[161.875s][info][gc,stats    ] Concurrent Update Thread Roots     5982 us
[161.875s][info][gc,stats    ] Pause Final Update Refs (G)         361 us
[161.875s][info][gc,stats    ] Pause Final Update Refs (N)         225 us
[161.875s][info][gc,stats    ]   Update Region States               81 us
[161.875s][info][gc,stats    ]   Trash Collection Set               13 us
[161.875s][info][gc,stats    ]   Rebuild Free Set                   31 us
[161.875s][info][gc,stats    ] Concurrent Cleanup                  133 us
[161.875s][info][gc,stats    ] 
[161.875s][info][gc,stats    ] Allocation pacing accrued:
[161.875s][info][gc,stats    ]       0 of   577 ms (  0.0%): <total>
[161.875s][info][gc,stats    ]       0 of   577 ms (  0.0%): <average total>
[161.875s][info][gc,stats    ] 
[161.875s][info][gc,metaspace] Metaspace: 156683K(158016K)->156715K(158016K) NonClass: 138649K(139392K)->138676K(139392K) Class: 18034K(18624K)->18038K(18624K)
[161.875s][info][gc,ergo     ] Pacer for Idle. Initial: 163M, Alloc Tax Rate: 1.0x
[162.823s][info][gc          ] Trigger: Explicit GC request (System.gc())
[162.823s][info][gc,ergo     ] Free: 5878M, Max: 4096K regular, 5052M humongous, Frag: 14% external, 0% internal; Reserve: 412M, Max: 4096K
[162.823s][info][gc,start    ] GC(162) Concurrent reset
[162.823s][info][gc,task     ] GC(162) Using 1 of 3 workers for concurrent reset
[162.823s][info][gc,ergo     ] GC(162) Pacer for Reset. Non-Taxable: 8192M
[162.828s][info][gc          ] GC(162) Concurrent reset 5.069ms
[162.828s][info][gc,start    ] GC(162) Pause Init Mark (unload classes)
[162.828s][info][gc,task     ] GC(162) Using 3 of 3 workers for init marking
[162.828s][info][gc,ref      ] GC(162) Clearing All SoftReferences
[162.828s][info][gc,ergo     ] GC(162) Pacer for Mark. Expected Live: 152M, Free: 5878M, Non-Taxable: 587M, Alloc Tax Rate: 0.0x
[162.828s][info][gc          ] GC(162) Pause Init Mark (unload classes) 0.236ms
[162.828s][info][gc,start    ] GC(162) Concurrent marking roots
[162.828s][info][gc,task     ] GC(162) Using 1 of 3 workers for concurrent marking roots
[162.836s][info][gc          ] GC(162) Concurrent marking roots 7.179ms
[162.836s][info][gc,start    ] GC(162) Concurrent marking (unload classes)
[162.836s][info][gc,task     ] GC(162) Using 1 of 3 workers for concurrent marking
[162.888s][info][gc          ] GC(162) Concurrent marking (unload classes) 52.355ms
[162.888s][info][gc,start    ] GC(162) Pause Final Mark (unload classes)
[162.888s][info][gc,task     ] GC(162) Using 3 of 3 workers for final marking
[162.888s][info][gc,ergo     ] GC(162) Adaptive CSet Selection. Target Free: 1160M, Actual Free: 6850M, Max CSet: 341M, Min Garbage: 0B
[162.888s][info][gc,ergo     ] GC(162) Collectable Garbage: 1499M (99%), Immediate: 570M (37%), CSet: 928M (61%)
[162.888s][info][gc,ergo     ] GC(162) Pacer for Evacuation. Used CSet: 936M, Free: 6715M, Non-Taxable: 671M, Alloc Tax Rate: 1.1x
[162.888s][info][gc          ] GC(162) Pause Final Mark (unload classes) 0.276ms
[162.888s][info][gc,start    ] GC(162) Concurrent thread roots
[162.888s][info][gc,task     ] GC(162) Using 1 of 3 workers for Concurrent thread roots
[162.895s][info][gc          ] GC(162) Concurrent thread roots 6.356ms
[162.895s][info][gc,start    ] GC(162) Concurrent weak references
[162.895s][info][gc,task     ] GC(162) Using 1 of 3 workers for concurrent weak references
[162.896s][info][gc,ref      ] GC(162) Encountered references: Soft: 3586, Weak: 17964, Final: 53, Phantom: 598
[162.896s][info][gc,ref      ] GC(162) Discovered  references: Soft: 1314, Weak: 6848, Final: 0, Phantom: 373
[162.896s][info][gc,ref      ] GC(162) Enqueued    references: Soft: 848, Weak: 3397, Final: 0, Phantom: 0
[162.896s][info][gc          ] GC(162) Concurrent weak references 1.126ms
[162.896s][info][gc,start    ] GC(162) Concurrent weak roots
[162.896s][info][gc,task     ] GC(162) Using 1 of 3 workers for concurrent weak root
[162.906s][info][gc          ] GC(162) Concurrent weak roots 10.464ms
[162.906s][info][gc,start    ] GC(162) Concurrent cleanup
[162.907s][info][gc          ] GC(162) Concurrent cleanup 2081M->1515M(8192M) 0.040ms
[162.907s][info][gc,ergo     ] GC(162) Free: 6259M, Max: 4096K regular, 5100M humongous, Frag: 19% external, 0% internal; Reserve: 410M, Max: 4096K
[162.907s][info][gc,start    ] GC(162) Concurrent class unloading
[162.907s][info][gc,task     ] GC(162) Using 1 of 3 workers for concurrent class unloading
[162.956s][info][gc          ] GC(162) Concurrent class unloading 49.903ms
[162.956s][info][gc,start    ] GC(162) Concurrent strong roots
[162.956s][info][gc,task     ] GC(162) Using 1 of 3 workers for concurrent strong root
[162.957s][info][gc          ] GC(162) Concurrent strong roots 0.306ms
[162.957s][info][gc,start    ] GC(162) Concurrent evacuation
[162.957s][info][gc,task     ] GC(162) Using 1 of 3 workers for concurrent evacuation
[162.962s][info][gc          ] GC(162) Concurrent evacuation 5.678ms
[162.963s][info][gc,start    ] GC(162) Pause Init Update Refs
[162.963s][info][gc,ergo     ] GC(162) Pacer for Update Refs. Used: 1601M, Free: 6183M, Non-Taxable: 618M, Alloc Tax Rate: 1.1x
[162.963s][info][gc          ] GC(162) Pause Init Update Refs 0.133ms
[162.963s][info][gc,start    ] GC(162) Concurrent update references
[162.963s][info][gc,task     ] GC(162) Using 1 of 3 workers for concurrent reference update
[162.986s][info][gc          ] GC(162) Concurrent update references 22.935ms
[162.986s][info][gc,start    ] GC(162) Concurrent update thread roots
[162.993s][info][gc          ] GC(162) Concurrent update thread roots 7.567ms
[162.993s][info][gc,start    ] GC(162) Pause Final Update Refs
[162.993s][info][gc,task     ] GC(162) Using 3 of 3 workers for final reference update
[162.994s][info][gc          ] GC(162) Pause Final Update Refs 0.171ms
[162.994s][info][gc,start    ] GC(162) Concurrent cleanup
[162.994s][info][gc          ] GC(162) Concurrent cleanup 1601M->664M(8192M) 0.074ms
[162.994s][info][gc,ergo     ] Free: 7115M, Max: 4096K regular, 5220M humongous, Frag: 27% external, 0% internal; Reserve: 412M, Max: 4096K
[162.994s][info][gc,stats    ] 
[162.994s][info][gc,stats    ] All times are wall-clock times, except per-root-class counters, that are sum over
[162.994s][info][gc,stats    ] all workers. Dividing the <total> over the root stage time estimates parallelism.
[162.994s][info][gc,stats    ] 
[162.994s][info][gc,stats    ] Concurrent Reset                   5122 us
[162.994s][info][gc,stats    ] Pause Init Mark (G)                 453 us
[162.994s][info][gc,stats    ] Pause Init Mark (N)                 258 us
[162.994s][info][gc,stats    ]   Update Region States               73 us
[162.994s][info][gc,stats    ] Concurrent Mark Roots              7237 us, parallelism: 0.96x
[162.994s][info][gc,stats    ]   CMR: <total>                     6943 us
[162.994s][info][gc,stats    ]   CMR: Thread Roots                6854 us, workers (us): 6854, ---, ---, 
[162.994s][info][gc,stats    ]   CMR: VM Strong Roots               15 us, workers (us):  15, ---, ---, 
[162.994s][info][gc,stats    ]   CMR: CLDG Roots                    74 us, workers (us):  74, ---, ---, 
[162.994s][info][gc,stats    ] Concurrent Marking                52403 us
[162.994s][info][gc,stats    ] Pause Final Mark (G)                376 us
[162.994s][info][gc,stats    ] Pause Final Mark (N)                284 us
[162.994s][info][gc,stats    ]   Finish Mark                        65 us
[162.994s][info][gc,stats    ]   Update Region States               52 us
[162.994s][info][gc,stats    ]   Choose Collection Set              83 us
[162.994s][info][gc,stats    ]   Rebuild Free Set                    9 us
[162.994s][info][gc,stats    ] Concurrent Thread Roots            6398 us, parallelism: 0.98x
[162.994s][info][gc,stats    ]   CTR: <total>                     6256 us
[162.994s][info][gc,stats    ]   CTR: Thread Roots                6256 us, workers (us): 6256, ---, ---, 
[162.994s][info][gc,stats    ] Concurrent Weak References         1143 us, parallelism: 0.83x
[162.994s][info][gc,stats    ]   CWRF: <total>                     952 us
[162.994s][info][gc,stats    ]   CWRF: Weak References             952 us, workers (us): 952, ---, ---, 
[162.994s][info][gc,stats    ] Concurrent Weak Roots             10503 us
[162.994s][info][gc,stats    ]   Roots                           10246 us, parallelism: 1.00x
[162.994s][info][gc,stats    ]     CWR: <total>                  10208 us
[162.994s][info][gc,stats    ]     CWR: Code Cache Roots          8616 us, workers (us): 8616, ---, ---, 
[162.994s][info][gc,stats    ]     CWR: VM Weak Roots             1497 us, workers (us): 1497, ---, ---, 
[162.994s][info][gc,stats    ]     CWR: CLDG Roots                  94 us, workers (us):  94, ---, ---, 
[162.994s][info][gc,stats    ]   Rendezvous                        182 us
[162.994s][info][gc,stats    ] Concurrent Cleanup                   49 us
[162.994s][info][gc,stats    ] Concurrent Class Unloading        49947 us
[162.994s][info][gc,stats    ]   Unlink Stale                    47662 us
[162.994s][info][gc,stats    ]     System Dictionary              1817 us
[162.994s][info][gc,stats    ]     Weak Class Links              17308 us
[162.994s][info][gc,stats    ]     Code Roots                    28535 us
[162.994s][info][gc,stats    ]   Rendezvous                        304 us
[162.995s][info][gc,stats    ]   Purge Unlinked                   1918 us
[162.995s][info][gc,stats    ]     Code Roots                     1103 us
[162.995s][info][gc,stats    ]     CLDG                            814 us
[162.995s][info][gc,stats    ]     Exception Caches                  0 us
[162.995s][info][gc,stats    ] Concurrent Strong Roots             315 us, parallelism: 0.69x
[162.995s][info][gc,stats    ]   CSR: <total>                      218 us
[162.995s][info][gc,stats    ]   CSR: VM Strong Roots                9 us, workers (us):   9, ---, ---, 
[162.995s][info][gc,stats    ]   CSR: CLDG Roots                   210 us, workers (us): 210, ---, ---, 
[162.995s][info][gc,stats    ] Concurrent Evacuation              5703 us
[162.995s][info][gc,stats    ] Pause Init Update Refs (G)          288 us
[162.995s][info][gc,stats    ] Pause Init Update Refs (N)          162 us
[162.995s][info][gc,stats    ]   Manage GCLABs                      31 us
[162.995s][info][gc,stats    ] Concurrent Update Refs            22997 us
[162.995s][info][gc,stats    ] Concurrent Update Thread Roots     7591 us
[162.995s][info][gc,stats    ] Pause Final Update Refs (G)         251 us
[162.995s][info][gc,stats    ] Pause Final Update Refs (N)         189 us
[162.995s][info][gc,stats    ]   Update Region States               89 us
[162.995s][info][gc,stats    ]   Trash Collection Set               11 us
[162.995s][info][gc,stats    ]   Rebuild Free Set                   22 us
[162.995s][info][gc,stats    ] Concurrent Cleanup                   97 us
[162.995s][info][gc,stats    ] 
[162.995s][info][gc,stats    ] Allocation pacing accrued:
[162.995s][info][gc,stats    ]       0 of  1120 ms (  0.0%): <total>
[162.995s][info][gc,stats    ]       0 of  1120 ms (  0.0%): <average total>
[162.995s][info][gc,stats    ] 
[162.995s][info][gc,metaspace] Metaspace: 156870K(158080K)->155839K(158016K) NonClass: 138808K(139392K)->137949K(139392K) Class: 18061K(18688K)->17890K(18624K)
[162.995s][info][gc,ergo     ] Pacer for Idle. Initial: 163M, Alloc Tax Rate: 1.0x
[163.324s][info][gc          ] Trigger: Learning 2 of 5. Free (5619M) is below initial threshold (5734M)
[163.324s][info][gc,ergo     ] Free: 5619M, Max: 4096K regular, 5220M humongous, Frag: 7% external, 0% internal; Reserve: 412M, Max: 4096K
[163.324s][info][gc,start    ] GC(163) Concurrent reset
[163.324s][info][gc,task     ] GC(163) Using 1 of 3 workers for concurrent reset
[163.324s][info][gc,ergo     ] GC(163) Pacer for Reset. Non-Taxable: 8192M
[163.338s][info][gc          ] GC(163) Concurrent reset 14.117ms
[163.339s][info][gc,start    ] GC(163) Pause Init Mark (unload classes)
[163.339s][info][gc,task     ] GC(163) Using 3 of 3 workers for init marking
[163.339s][info][gc,ergo     ] GC(163) Pacer for Mark. Expected Live: 141M, Free: 5523M, Non-Taxable: 552M, Alloc Tax Rate: 0.0x
[163.339s][info][gc          ] GC(163) Pause Init Mark (unload classes) 0.123ms
[163.339s][info][gc,start    ] GC(163) Concurrent marking roots
[163.339s][info][gc,task     ] GC(163) Using 1 of 3 workers for concurrent marking roots
[163.348s][info][gc          ] GC(163) Concurrent marking roots 9.053ms
[163.348s][info][gc,start    ] GC(163) Concurrent marking (unload classes)
[163.348s][info][gc,task     ] GC(163) Using 1 of 3 workers for concurrent marking
[163.419s][info][gc          ] GC(163) Concurrent marking (unload classes) 70.609ms
[163.419s][info][gc,start    ] GC(163) Pause Final Mark (unload classes)
[163.419s][info][gc,task     ] GC(163) Using 3 of 3 workers for final marking
[163.419s][info][gc,ergo     ] GC(163) Adaptive CSet Selection. Target Free: 1160M, Actual Free: 6604M, Max CSet: 341M, Min Garbage: 0B
[163.419s][info][gc,ergo     ] GC(163) Collectable Garbage: 2043M (99%), Immediate: 984M (47%), CSet: 1058M (51%)
[163.419s][info][gc,ergo     ] GC(163) Pacer for Evacuation. Used CSet: 1120M, Free: 6231M, Non-Taxable: 623M, Alloc Tax Rate: 1.1x
[163.419s][info][gc          ] GC(163) Pause Final Mark (unload classes) 0.279ms
[163.419s][info][gc,start    ] GC(163) Concurrent thread roots
[163.419s][info][gc,task     ] GC(163) Using 1 of 3 workers for Concurrent thread roots
[163.426s][info][gc          ] GC(163) Concurrent thread roots 6.844ms
[163.426s][info][gc,start    ] GC(163) Concurrent weak references
[163.426s][info][gc,task     ] GC(163) Using 1 of 3 workers for concurrent weak references
[163.427s][info][gc,ref      ] GC(163) Encountered references: Soft: 3713, Weak: 14987, Final: 53, Phantom: 598
[163.427s][info][gc,ref      ] GC(163) Discovered  references: Soft: 0, Weak: 8305, Final: 0, Phantom: 278
[163.427s][info][gc,ref      ] GC(163) Enqueued    references: Soft: 0, Weak: 211, Final: 0, Phantom: 0
[163.427s][info][gc          ] GC(163) Concurrent weak references 0.951ms
[163.427s][info][gc,start    ] GC(163) Concurrent weak roots
[163.427s][info][gc,task     ] GC(163) Using 1 of 3 workers for concurrent weak root
[163.436s][info][gc          ] GC(163) Concurrent weak roots 8.750ms
[163.436s][info][gc,start    ] GC(163) Concurrent cleanup
[163.436s][info][gc          ] GC(163) Concurrent cleanup 2616M->1631M(8192M) 0.063ms
[163.436s][info][gc,ergo     ] GC(163) Free: 6139M, Max: 4096K regular, 5120M humongous, Frag: 17% external, 0% internal; Reserve: 399M, Max: 4096K
[163.436s][info][gc,start    ] GC(163) Concurrent class unloading
[163.436s][info][gc,task     ] GC(163) Using 1 of 3 workers for concurrent class unloading
[163.490s][info][gc          ] GC(163) Concurrent class unloading 54.200ms
[163.490s][info][gc,start    ] GC(163) Concurrent strong roots
[163.490s][info][gc,task     ] GC(163) Using 1 of 3 workers for concurrent strong root
[163.491s][info][gc          ] GC(163) Concurrent strong roots 0.451ms
[163.491s][info][gc,start    ] GC(163) Concurrent evacuation
[163.491s][info][gc,task     ] GC(163) Using 1 of 3 workers for concurrent evacuation
[163.500s][info][gc          ] GC(163) Concurrent evacuation 8.817ms
[163.500s][info][gc,start    ] GC(163) Pause Init Update Refs
[163.500s][info][gc,ergo     ] GC(163) Pacer for Update Refs. Used: 1752M, Free: 6068M, Non-Taxable: 606M, Alloc Tax Rate: 1.1x
[163.500s][info][gc          ] GC(163) Pause Init Update Refs 0.098ms
[163.500s][info][gc,start    ] GC(163) Concurrent update references
[163.500s][info][gc,task     ] GC(163) Using 1 of 3 workers for concurrent reference update
[163.568s][info][gc          ] GC(163) Concurrent update references 68.447ms
[163.568s][info][gc,start    ] GC(163) Concurrent update thread roots
[163.575s][info][gc          ] GC(163) Concurrent update thread roots 6.702ms
[163.575s][info][gc,start    ] GC(163) Pause Final Update Refs
[163.575s][info][gc,task     ] GC(163) Using 3 of 3 workers for final reference update
[163.575s][info][gc          ] GC(163) Pause Final Update Refs 0.158ms
[163.576s][info][gc,start    ] GC(163) Concurrent cleanup
[163.576s][info][gc          ] GC(163) Concurrent cleanup 1818M->698M(8192M) 0.109ms
[163.576s][info][gc,ergo     ] Free: 7037M, Max: 4096K regular, 5056M humongous, Frag: 29% external, 0% internal; Reserve: 412M, Max: 4096K
[163.576s][info][gc,stats    ] 
[163.576s][info][gc,stats    ] All times are wall-clock times, except per-root-class counters, that are sum over
[163.576s][info][gc,stats    ] all workers. Dividing the <total> over the root stage time estimates parallelism.
[163.576s][info][gc,stats    ] 
[163.576s][info][gc,stats    ] Concurrent Reset                  14274 us
[163.576s][info][gc,stats    ] Pause Init Mark (G)                 440 us
[163.576s][info][gc,stats    ] Pause Init Mark (N)                 131 us
[163.576s][info][gc,stats    ]   Update Region States               43 us
[163.576s][info][gc,stats    ] Concurrent Mark Roots              9212 us, parallelism: 0.93x
[163.576s][info][gc,stats    ]   CMR: <total>                     8595 us
[163.576s][info][gc,stats    ]   CMR: Thread Roots                8421 us, workers (us): 8421, ---, ---, 
[163.576s][info][gc,stats    ]   CMR: VM Strong Roots               27 us, workers (us):  27, ---, ---, 
[163.576s][info][gc,stats    ]   CMR: CLDG Roots                   147 us, workers (us): 147, ---, ---, 
[163.576s][info][gc,stats    ] Concurrent Marking                70658 us
[163.576s][info][gc,stats    ] Pause Final Mark (G)                489 us
[163.576s][info][gc,stats    ] Pause Final Mark (N)                292 us
[163.576s][info][gc,stats    ]   Finish Mark                        87 us
[163.576s][info][gc,stats    ]   Update Region States               42 us
[163.576s][info][gc,stats    ]   Choose Collection Set              73 us
[163.576s][info][gc,stats    ]   Rebuild Free Set                   10 us
[163.576s][info][gc,stats    ] Concurrent Thread Roots            6911 us, parallelism: 0.98x
[163.576s][info][gc,stats    ]   CTR: <total>                     6776 us
[163.576s][info][gc,stats    ]   CTR: Thread Roots                6776 us, workers (us): 6776, ---, ---, 
[163.576s][info][gc,stats    ] Concurrent Weak References          959 us, parallelism: 0.88x
[163.576s][info][gc,stats    ]   CWRF: <total>                     844 us
[163.576s][info][gc,stats    ]   CWRF: Weak References             844 us, workers (us): 844, ---, ---, 
[163.576s][info][gc,stats    ] Concurrent Weak Roots              8816 us
[163.576s][info][gc,stats    ]   Roots                            8540 us, parallelism: 0.99x
[163.576s][info][gc,stats    ]     CWR: <total>                   8488 us
[163.576s][info][gc,stats    ]     CWR: Code Cache Roots          7085 us, workers (us): 7085, ---, ---, 
[163.576s][info][gc,stats    ]     CWR: VM Weak Roots             1294 us, workers (us): 1294, ---, ---, 
[163.576s][info][gc,stats    ]     CWR: CLDG Roots                 109 us, workers (us): 109, ---, ---, 
[163.576s][info][gc,stats    ]   Rendezvous                        190 us
[163.576s][info][gc,stats    ] Concurrent Cleanup                   81 us
[163.576s][info][gc,stats    ] Concurrent Class Unloading        54243 us
[163.576s][info][gc,stats    ]   Unlink Stale                    52391 us
[163.576s][info][gc,stats    ]     System Dictionary               571 us
[163.576s][info][gc,stats    ]     Weak Class Links              16729 us
[163.576s][info][gc,stats    ]     Code Roots                    35089 us
[163.576s][info][gc,stats    ]   Rendezvous                        206 us
[163.576s][info][gc,stats    ]   Purge Unlinked                   1567 us
[163.576s][info][gc,stats    ]     Code Roots                     1492 us
[163.576s][info][gc,stats    ]     CLDG                             74 us
[163.576s][info][gc,stats    ]     Exception Caches                  0 us
[163.576s][info][gc,stats    ] Concurrent Strong Roots             486 us, parallelism: 0.69x
[163.577s][info][gc,stats    ]   CSR: <total>                      336 us
[163.577s][info][gc,stats    ]   CSR: VM Strong Roots                9 us, workers (us):   9, ---, ---, 
[163.577s][info][gc,stats    ]   CSR: CLDG Roots                   327 us, workers (us): 327, ---, ---, 
[163.577s][info][gc,stats    ] Concurrent Evacuation              8887 us
[163.577s][info][gc,stats    ] Pause Init Update Refs (G)          216 us
[163.577s][info][gc,stats    ] Pause Init Update Refs (N)          116 us
[163.577s][info][gc,stats    ]   Manage GCLABs                      22 us
[163.577s][info][gc,stats    ] Concurrent Update Refs            68490 us
[163.577s][info][gc,stats    ] Concurrent Update Thread Roots     6765 us
[163.577s][info][gc,stats    ] Pause Final Update Refs (G)         287 us
[163.577s][info][gc,stats    ] Pause Final Update Refs (N)         170 us
[163.577s][info][gc,stats    ]   Update Region States               73 us
[163.577s][info][gc,stats    ]   Trash Collection Set               10 us
[163.577s][info][gc,stats    ]   Rebuild Free Set                   21 us
[163.577s][info][gc,stats    ] Concurrent Cleanup                  135 us
[163.577s][info][gc,stats    ] 
[163.577s][info][gc,stats    ] Allocation pacing accrued:
[163.577s][info][gc,stats    ]       0 of   582 ms (  0.0%): <total>
[163.577s][info][gc,stats    ]       0 of   582 ms (  0.0%): <average total>
[163.577s][info][gc,stats    ] 
[163.577s][info][gc,metaspace] Metaspace: 156693K(158016K)->156728K(158016K) NonClass: 138657K(139392K)->138686K(139392K) Class: 18036K(18624K)->18042K(18624K)
[163.577s][info][gc,ergo     ] Pacer for Idle. Initial: 163M, Alloc Tax Rate: 1.0x
[164.552s][info][gc          ] Trigger: Explicit GC request (System.gc())
[164.552s][info][gc,ergo     ] Free: 5883M, Max: 4096K regular, 5056M humongous, Frag: 14% external, 0% internal; Reserve: 412M, Max: 4096K
[164.552s][info][gc,start    ] GC(164) Concurrent reset
[164.552s][info][gc,task     ] GC(164) Using 1 of 3 workers for concurrent reset
[164.552s][info][gc,ergo     ] GC(164) Pacer for Reset. Non-Taxable: 8192M
[164.557s][info][gc          ] GC(164) Concurrent reset 5.149ms
[164.557s][info][gc,start    ] GC(164) Pause Init Mark (unload classes)
[164.557s][info][gc,task     ] GC(164) Using 3 of 3 workers for init marking
[164.557s][info][gc,ref      ] GC(164) Clearing All SoftReferences
[164.557s][info][gc,ergo     ] GC(164) Pacer for Mark. Expected Live: 152M, Free: 5883M, Non-Taxable: 588M, Alloc Tax Rate: 0.0x
[164.557s][info][gc          ] GC(164) Pause Init Mark (unload classes) 0.200ms
[164.558s][info][gc,start    ] GC(164) Concurrent marking roots
[164.558s][info][gc,task     ] GC(164) Using 1 of 3 workers for concurrent marking roots
[164.565s][info][gc          ] GC(164) Concurrent marking roots 7.892ms
[164.565s][info][gc,start    ] GC(164) Concurrent marking (unload classes)
[164.566s][info][gc,task     ] GC(164) Using 1 of 3 workers for concurrent marking
[164.618s][info][gc          ] GC(164) Concurrent marking (unload classes) 52.124ms
[164.618s][info][gc,start    ] GC(164) Pause Final Mark (unload classes)
[164.618s][info][gc,task     ] GC(164) Using 3 of 3 workers for final marking
[164.618s][info][gc,ergo     ] GC(164) Adaptive CSet Selection. Target Free: 1160M, Actual Free: 6827M, Max CSet: 341M, Min Garbage: 0B
[164.618s][info][gc,ergo     ] GC(164) Collectable Garbage: 1498M (99%), Immediate: 543M (36%), CSet: 955M (63%)
[164.618s][info][gc,ergo     ] GC(164) Pacer for Evacuation. Used CSet: 963M, Free: 6687M, Non-Taxable: 668M, Alloc Tax Rate: 1.1x
[164.618s][info][gc          ] GC(164) Pause Final Mark (unload classes) 0.543ms
[164.618s][info][gc,start    ] GC(164) Concurrent thread roots
[164.618s][info][gc,task     ] GC(164) Using 1 of 3 workers for Concurrent thread roots
[164.625s][info][gc          ] GC(164) Concurrent thread roots 6.258ms
[164.625s][info][gc,start    ] GC(164) Concurrent weak references
[164.625s][info][gc,task     ] GC(164) Using 1 of 3 workers for concurrent weak references
[164.626s][info][gc,ref      ] GC(164) Encountered references: Soft: 3588, Weak: 17969, Final: 53, Phantom: 598
[164.626s][info][gc,ref      ] GC(164) Discovered  references: Soft: 1316, Weak: 6852, Final: 0, Phantom: 373
[164.626s][info][gc,ref      ] GC(164) Enqueued    references: Soft: 850, Weak: 3401, Final: 0, Phantom: 0
[164.626s][info][gc          ] GC(164) Concurrent weak references 1.059ms
[164.626s][info][gc,start    ] GC(164) Concurrent weak roots
[164.626s][info][gc,task     ] GC(164) Using 1 of 3 workers for concurrent weak root
[164.635s][info][gc          ] GC(164) Concurrent weak roots 9.721ms
[164.636s][info][gc,start    ] GC(164) Concurrent cleanup
[164.636s][info][gc          ] GC(164) Concurrent cleanup 1976M->1433M(8192M) 0.038ms
[164.636s][info][gc,ergo     ] GC(164) Free: 6339M, Max: 4096K regular, 5092M humongous, Frag: 20% external, 0% internal; Reserve: 410M, Max: 4096K
[164.636s][info][gc,start    ] GC(164) Concurrent class unloading
[164.636s][info][gc,task     ] GC(164) Using 1 of 3 workers for concurrent class unloading
[164.686s][info][gc          ] GC(164) Concurrent class unloading 50.776ms
[164.686s][info][gc,start    ] GC(164) Concurrent strong roots
[164.686s][info][gc,task     ] GC(164) Using 1 of 3 workers for concurrent strong root
[164.687s][info][gc          ] GC(164) Concurrent strong roots 0.321ms
[164.687s][info][gc,start    ] GC(164) Concurrent evacuation
[164.687s][info][gc,task     ] GC(164) Using 1 of 3 workers for concurrent evacuation
[164.692s][info][gc          ] GC(164) Concurrent evacuation 5.552ms
[164.692s][info][gc,start    ] GC(164) Pause Init Update Refs
[164.692s][info][gc,ergo     ] GC(164) Pacer for Update Refs. Used: 1607M, Free: 6175M, Non-Taxable: 617M, Alloc Tax Rate: 1.1x
[164.692s][info][gc          ] GC(164) Pause Init Update Refs 0.096ms
[164.693s][info][gc,start    ] GC(164) Concurrent update references
[164.693s][info][gc,task     ] GC(164) Using 1 of 3 workers for concurrent reference update
[164.715s][info][gc          ] GC(164) Concurrent update references 22.690ms
[164.715s][info][gc,start    ] GC(164) Concurrent update thread roots
[164.724s][info][gc          ] GC(164) Concurrent update thread roots 8.261ms
[164.724s][info][gc,start    ] GC(164) Pause Final Update Refs
[164.724s][info][gc,task     ] GC(164) Using 3 of 3 workers for final reference update
[164.724s][info][gc          ] GC(164) Pause Final Update Refs 0.606ms
[164.724s][info][gc,start    ] GC(164) Concurrent cleanup
[164.724s][info][gc          ] GC(164) Concurrent cleanup 1607M->644M(8192M) 0.098ms
[164.724s][info][gc,ergo     ] Free: 7135M, Max: 4096K regular, 5220M humongous, Frag: 27% external, 0% internal; Reserve: 412M, Max: 4096K
[164.724s][info][gc,stats    ] 
[164.724s][info][gc,stats    ] All times are wall-clock times, except per-root-class counters, that are sum over
[164.725s][info][gc,stats    ] all workers. Dividing the <total> over the root stage time estimates parallelism.
[164.725s][info][gc,stats    ] 
[164.725s][info][gc,stats    ] Concurrent Reset                   5199 us
[164.725s][info][gc,stats    ] Pause Init Mark (G)                 362 us
[164.725s][info][gc,stats    ] Pause Init Mark (N)                 208 us
[164.725s][info][gc,stats    ]   Update Region States               95 us
[164.725s][info][gc,stats    ] Concurrent Mark Roots              7953 us, parallelism: 0.93x
[164.725s][info][gc,stats    ]   CMR: <total>                     7366 us
[164.725s][info][gc,stats    ]   CMR: Thread Roots                7148 us, workers (us): 7148, ---, ---, 
[164.725s][info][gc,stats    ]   CMR: VM Strong Roots               26 us, workers (us):  26, ---, ---, 
[164.725s][info][gc,stats    ]   CMR: CLDG Roots                   191 us, workers (us): 191, ---, ---, 
[164.725s][info][gc,stats    ] Concurrent Marking                52192 us
[164.725s][info][gc,stats    ] Pause Final Mark (G)                717 us
[164.725s][info][gc,stats    ] Pause Final Mark (N)                565 us
[164.725s][info][gc,stats    ]   Finish Mark                        96 us
[164.725s][info][gc,stats    ]   Update Region States              102 us
[164.725s][info][gc,stats    ]   Choose Collection Set             185 us
[164.725s][info][gc,stats    ]   Rebuild Free Set                   25 us
[164.725s][info][gc,stats    ] Concurrent Thread Roots            6300 us, parallelism: 0.97x
[164.725s][info][gc,stats    ]   CTR: <total>                     6140 us
[164.725s][info][gc,stats    ]   CTR: Thread Roots                6140 us, workers (us): 6140, ---, ---, 
[164.725s][info][gc,stats    ] Concurrent Weak References         1066 us, parallelism: 0.82x
[164.725s][info][gc,stats    ]   CWRF: <total>                     871 us
[164.725s][info][gc,stats    ]   CWRF: Weak References             871 us, workers (us): 871, ---, ---, 
[164.725s][info][gc,stats    ] Concurrent Weak Roots              9758 us
[164.725s][info][gc,stats    ]   Roots                            9522 us, parallelism: 1.00x
[164.725s][info][gc,stats    ]     CWR: <total>                   9485 us
[164.725s][info][gc,stats    ]     CWR: Code Cache Roots          8549 us, workers (us): 8549, ---, ---, 
[164.725s][info][gc,stats    ]     CWR: VM Weak Roots              854 us, workers (us): 854, ---, ---, 
[164.725s][info][gc,stats    ]     CWR: CLDG Roots                  82 us, workers (us):  82, ---, ---, 
[164.725s][info][gc,stats    ]   Rendezvous                        181 us
[164.725s][info][gc,stats    ] Concurrent Cleanup                   47 us
[164.725s][info][gc,stats    ] Concurrent Class Unloading        50822 us
[164.725s][info][gc,stats    ]   Unlink Stale                    48435 us
[164.725s][info][gc,stats    ]     System Dictionary              1789 us
[164.725s][info][gc,stats    ]     Weak Class Links              17992 us
[164.725s][info][gc,stats    ]     Code Roots                    28651 us
[164.725s][info][gc,stats    ]   Rendezvous                        341 us
[164.725s][info][gc,stats    ]   Purge Unlinked                   1980 us
[164.725s][info][gc,stats    ]     Code Roots                     1163 us
[164.725s][info][gc,stats    ]     CLDG                            816 us
[164.725s][info][gc,stats    ]     Exception Caches                  0 us
[164.725s][info][gc,stats    ] Concurrent Strong Roots             330 us, parallelism: 0.68x
[164.725s][info][gc,stats    ]   CSR: <total>                      225 us
[164.725s][info][gc,stats    ]   CSR: VM Strong Roots                8 us, workers (us):   8, ---, ---, 
[164.725s][info][gc,stats    ]   CSR: CLDG Roots                   217 us, workers (us): 217, ---, ---, 
[164.725s][info][gc,stats    ] Concurrent Evacuation              5575 us
[164.725s][info][gc,stats    ] Pause Init Update Refs (G)          180 us
[164.725s][info][gc,stats    ] Pause Init Update Refs (N)          105 us
[164.725s][info][gc,stats    ]   Manage GCLABs                      39 us
[164.725s][info][gc,stats    ] Concurrent Update Refs            22758 us
[164.725s][info][gc,stats    ] Concurrent Update Thread Roots     8286 us
[164.725s][info][gc,stats    ] Pause Final Update Refs (G)         697 us
[164.725s][info][gc,stats    ] Pause Final Update Refs (N)         625 us
[164.725s][info][gc,stats    ]   Update Region States              519 us
[164.725s][info][gc,stats    ]   Trash Collection Set                5 us
[164.725s][info][gc,stats    ]   Rebuild Free Set                   15 us
[164.725s][info][gc,stats    ] Concurrent Cleanup                  123 us
[164.725s][info][gc,stats    ] 
[164.725s][info][gc,stats    ] Allocation pacing accrued:
[164.725s][info][gc,stats    ]       0 of  1148 ms (  0.0%): <total>
[164.725s][info][gc,stats    ]       0 of  1148 ms (  0.0%): <average total>
[164.725s][info][gc,stats    ] 
[164.725s][info][gc,metaspace] Metaspace: 156872K(158080K)->155839K(158016K) NonClass: 138811K(139392K)->137949K(139392K) Class: 18061K(18688K)->17890K(18624K)
[164.725s][info][gc,ergo     ] Pacer for Idle. Initial: 163M, Alloc Tax Rate: 1.0x
[165.064s][info][gc          ] Trigger: Learning 2 of 5. Free (5691M) is below initial threshold (5734M)
[165.064s][info][gc,ergo     ] Free: 5691M, Max: 4096K regular, 5220M humongous, Frag: 9% external, 0% internal; Reserve: 412M, Max: 4096K
[165.064s][info][gc,start    ] GC(165) Concurrent reset
[165.064s][info][gc,task     ] GC(165) Using 1 of 3 workers for concurrent reset
[165.064s][info][gc,ergo     ] GC(165) Pacer for Reset. Non-Taxable: 8192M
[165.072s][info][gc          ] GC(165) Concurrent reset 7.544ms
[165.072s][info][gc,start    ] GC(165) Pause Init Mark (unload classes)
[165.072s][info][gc,task     ] GC(165) Using 3 of 3 workers for init marking
[165.072s][info][gc,ergo     ] GC(165) Pacer for Mark. Expected Live: 141M, Free: 5663M, Non-Taxable: 566M, Alloc Tax Rate: 0.0x
[165.072s][info][gc          ] GC(165) Pause Init Mark (unload classes) 0.140ms
[165.075s][info][gc,start    ] GC(165) Concurrent marking roots
[165.075s][info][gc,task     ] GC(165) Using 1 of 3 workers for concurrent marking roots
[165.084s][info][gc          ] GC(165) Concurrent marking roots 9.259ms
[165.084s][info][gc,start    ] GC(165) Concurrent marking (unload classes)
[165.084s][info][gc,task     ] GC(165) Using 1 of 3 workers for concurrent marking
[165.163s][info][gc          ] GC(165) Concurrent marking (unload classes) 78.499ms
[165.163s][info][gc,start    ] GC(165) Pause Final Mark (unload classes)
[165.163s][info][gc,task     ] GC(165) Using 3 of 3 workers for final marking
[165.163s][info][gc,ergo     ] GC(165) Adaptive CSet Selection. Target Free: 1160M, Actual Free: 6544M, Max CSet: 341M, Min Garbage: 0B
[165.163s][info][gc,ergo     ] GC(165) Collectable Garbage: 1909M (99%), Immediate: 888M (46%), CSet: 1021M (53%)
[165.163s][info][gc,ergo     ] GC(165) Pacer for Evacuation. Used CSet: 1077M, Free: 6169M, Non-Taxable: 616M, Alloc Tax Rate: 1.1x
[165.163s][info][gc          ] GC(165) Pause Final Mark (unload classes) 0.338ms
[165.163s][info][gc,start    ] GC(165) Concurrent thread roots
[165.163s][info][gc,task     ] GC(165) Using 1 of 3 workers for Concurrent thread roots
[165.171s][info][gc          ] GC(165) Concurrent thread roots 7.862ms
[165.171s][info][gc,start    ] GC(165) Concurrent weak references
[165.171s][info][gc,task     ] GC(165) Using 1 of 3 workers for concurrent weak references
[165.172s][info][gc,ref      ] GC(165) Encountered references: Soft: 3714, Weak: 14988, Final: 53, Phantom: 598
[165.172s][info][gc,ref      ] GC(165) Discovered  references: Soft: 0, Weak: 4674, Final: 0, Phantom: 278
[165.172s][info][gc,ref      ] GC(165) Enqueued    references: Soft: 0, Weak: 218, Final: 0, Phantom: 0
[165.172s][info][gc          ] GC(165) Concurrent weak references 0.406ms
[165.172s][info][gc,start    ] GC(165) Concurrent weak roots
[165.172s][info][gc,task     ] GC(165) Using 1 of 3 workers for concurrent weak root
[165.188s][info][gc          ] GC(165) Concurrent weak roots 16.299ms
[165.188s][info][gc,start    ] GC(165) Concurrent cleanup
[165.188s][info][gc          ] GC(165) Concurrent cleanup 2624M->1735M(8192M) 0.061ms
[165.188s][info][gc,ergo     ] GC(165) Free: 6080M, Max: 4096K regular, 5156M humongous, Frag: 16% external, 0% internal; Reserve: 360M, Max: 4096K
[165.188s][info][gc,start    ] GC(165) Concurrent class unloading
[165.188s][info][gc,task     ] GC(165) Using 1 of 3 workers for concurrent class unloading
[165.238s][info][gc          ] GC(165) Concurrent class unloading 49.689ms
[165.238s][info][gc,start    ] GC(165) Concurrent strong roots
[165.238s][info][gc,task     ] GC(165) Using 1 of 3 workers for concurrent strong root
[165.238s][info][gc          ] GC(165) Concurrent strong roots 0.463ms
[165.238s][info][gc,start    ] GC(165) Concurrent evacuation
[165.238s][info][gc,task     ] GC(165) Using 1 of 3 workers for concurrent evacuation
[165.250s][info][gc          ] GC(165) Concurrent evacuation 11.845ms
[165.251s][info][gc,start    ] GC(165) Pause Init Update Refs
[165.251s][info][gc,ergo     ] GC(165) Pacer for Update Refs. Used: 1823M, Free: 5999M, Non-Taxable: 599M, Alloc Tax Rate: 1.1x
[165.251s][info][gc          ] GC(165) Pause Init Update Refs 0.079ms
[165.251s][info][gc,start    ] GC(165) Concurrent update references
[165.251s][info][gc,task     ] GC(165) Using 1 of 3 workers for concurrent reference update
[165.343s][info][gc          ] GC(165) Concurrent update references 91.904ms
[165.343s][info][gc,start    ] GC(165) Concurrent update thread roots
[165.350s][info][gc          ] GC(165) Concurrent update thread roots 7.671ms
[165.350s][info][gc,start    ] GC(165) Pause Final Update Refs
[165.350s][info][gc,task     ] GC(165) Using 3 of 3 workers for final reference update
[165.351s][info][gc          ] GC(165) Pause Final Update Refs 0.113ms
[165.351s][info][gc,start    ] GC(165) Concurrent cleanup
[165.351s][info][gc          ] GC(165) Concurrent cleanup 1918M->841M(8192M) 0.065ms
[165.351s][info][gc,ergo     ] Free: 6890M, Max: 4096K regular, 5092M humongous, Frag: 26% external, 0% internal; Reserve: 412M, Max: 4096K
[165.351s][info][gc,stats    ] 
[165.351s][info][gc,stats    ] All times are wall-clock times, except per-root-class counters, that are sum over
[165.351s][info][gc,stats    ] all workers. Dividing the <total> over the root stage time estimates parallelism.
[165.351s][info][gc,stats    ] 
[165.351s][info][gc,stats    ] Concurrent Reset                   7633 us
[165.351s][info][gc,stats    ] Pause Init Mark (G)                3193 us
[165.351s][info][gc,stats    ] Pause Init Mark (N)                 152 us
[165.351s][info][gc,stats    ]   Update Region States               32 us
[165.351s][info][gc,stats    ] Concurrent Mark Roots              9351 us, parallelism: 0.95x
[165.351s][info][gc,stats    ]   CMR: <total>                     8837 us
[165.351s][info][gc,stats    ]   CMR: Thread Roots                8705 us, workers (us): 8705, ---, ---, 
[165.351s][info][gc,stats    ]   CMR: VM Strong Roots               24 us, workers (us):  24, ---, ---, 
[165.351s][info][gc,stats    ]   CMR: CLDG Roots                   109 us, workers (us): 109, ---, ---, 
[165.351s][info][gc,stats    ] Concurrent Marking                78545 us
[165.351s][info][gc,stats    ] Pause Final Mark (G)                433 us
[165.351s][info][gc,stats    ] Pause Final Mark (N)                355 us
[165.351s][info][gc,stats    ]   Finish Mark                        62 us
[165.351s][info][gc,stats    ]   Update Region States               33 us
[165.351s][info][gc,stats    ]   Choose Collection Set             123 us
[165.351s][info][gc,stats    ]   Rebuild Free Set                   19 us
[165.351s][info][gc,stats    ] Concurrent Thread Roots            7885 us, parallelism: 0.99x
[165.351s][info][gc,stats    ]   CTR: <total>                     7819 us
[165.351s][info][gc,stats    ]   CTR: Thread Roots                7819 us, workers (us): 7819, ---, ---, 
[165.351s][info][gc,stats    ] Concurrent Weak References          423 us, parallelism: 0.68x
[165.351s][info][gc,stats    ]   CWRF: <total>                     287 us
[165.351s][info][gc,stats    ]   CWRF: Weak References             287 us, workers (us): 287, ---, ---, 
[165.351s][info][gc,stats    ] Concurrent Weak Roots             16374 us
[165.351s][info][gc,stats    ]   Roots                           11566 us, parallelism: 0.99x
[165.351s][info][gc,stats    ]     CWR: <total>                  11425 us
[165.351s][info][gc,stats    ]     CWR: Code Cache Roots          9622 us, workers (us): 9622, ---, ---, 
[165.351s][info][gc,stats    ]     CWR: VM Weak Roots             1646 us, workers (us): 1646, ---, ---, 
[165.351s][info][gc,stats    ]     CWR: CLDG Roots                 157 us, workers (us): 157, ---, ---, 
[165.351s][info][gc,stats    ]   Rendezvous                       4693 us
[165.351s][info][gc,stats    ] Concurrent Cleanup                   70 us
[165.351s][info][gc,stats    ] Concurrent Class Unloading        49745 us
[165.351s][info][gc,stats    ]   Unlink Stale                    47497 us
[165.351s][info][gc,stats    ]     System Dictionary               645 us
[165.351s][info][gc,stats    ]     Weak Class Links              17818 us
[165.351s][info][gc,stats    ]     Code Roots                    29032 us
[165.351s][info][gc,stats    ]   Rendezvous                        276 us
[165.351s][info][gc,stats    ]   Purge Unlinked                   1895 us
[165.351s][info][gc,stats    ]     Code Roots                     1805 us
[165.351s][info][gc,stats    ]     CLDG                             89 us
[165.351s][info][gc,stats    ]     Exception Caches                  0 us
[165.351s][info][gc,stats    ] Concurrent Strong Roots             499 us, parallelism: 0.66x
[165.351s][info][gc,stats    ]   CSR: <total>                      328 us
[165.351s][info][gc,stats    ]   CSR: VM Strong Roots                8 us, workers (us):   8, ---, ---, 
[165.351s][info][gc,stats    ]   CSR: CLDG Roots                   320 us, workers (us): 320, ---, ---, 
[165.351s][info][gc,stats    ] Concurrent Evacuation             11947 us
[165.351s][info][gc,stats    ] Pause Init Update Refs (G)          345 us
[165.351s][info][gc,stats    ] Pause Init Update Refs (N)           88 us
[165.351s][info][gc,stats    ]   Manage GCLABs                      36 us
[165.351s][info][gc,stats    ] Concurrent Update Refs            91969 us
[165.351s][info][gc,stats    ] Concurrent Update Thread Roots     7735 us
[165.351s][info][gc,stats    ] Pause Final Update Refs (G)         407 us
[165.351s][info][gc,stats    ] Pause Final Update Refs (N)         133 us
[165.351s][info][gc,stats    ]   Update Region States               35 us
[165.351s][info][gc,stats    ]   Trash Collection Set               10 us
[165.351s][info][gc,stats    ]   Rebuild Free Set                   20 us
[165.351s][info][gc,stats    ] Concurrent Cleanup                   76 us
[165.351s][info][gc,stats    ] 
[165.351s][info][gc,stats    ] Allocation pacing accrued:
[165.351s][info][gc,stats    ]       0 of   626 ms (  0.0%): <total>
[165.351s][info][gc,stats    ]       0 of   626 ms (  0.0%): <average total>
[165.351s][info][gc,stats    ] 
[165.351s][info][gc,metaspace] Metaspace: 156723K(158016K)->156754K(158016K) NonClass: 138685K(139392K)->138711K(139392K) Class: 18038K(18624K)->18042K(18624K)
[165.351s][info][gc,ergo     ] Pacer for Idle. Initial: 163M, Alloc Tax Rate: 1.0x
[166.263s][info][gc          ] Trigger: Explicit GC request (System.gc())
[166.263s][info][gc,ergo     ] Free: 5740M, Max: 4096K regular, 5092M humongous, Frag: 12% external, 0% internal; Reserve: 412M, Max: 4096K
[166.263s][info][gc,start    ] GC(166) Concurrent reset
[166.263s][info][gc,task     ] GC(166) Using 1 of 3 workers for concurrent reset
[166.263s][info][gc,ergo     ] GC(166) Pacer for Reset. Non-Taxable: 8192M
[166.268s][info][gc          ] GC(166) Concurrent reset 5.202ms
[166.269s][info][gc,start    ] GC(166) Pause Init Mark (unload classes)
[166.269s][info][gc,task     ] GC(166) Using 3 of 3 workers for init marking
[166.269s][info][gc,ref      ] GC(166) Clearing All SoftReferences
[166.269s][info][gc,ergo     ] GC(166) Pacer for Mark. Expected Live: 151M, Free: 5740M, Non-Taxable: 574M, Alloc Tax Rate: 0.0x
[166.269s][info][gc          ] GC(166) Pause Init Mark (unload classes) 0.132ms
[166.269s][info][gc,start    ] GC(166) Concurrent marking roots
[166.269s][info][gc,task     ] GC(166) Using 1 of 3 workers for concurrent marking roots
[166.277s][info][gc          ] GC(166) Concurrent marking roots 8.142ms
[166.277s][info][gc,start    ] GC(166) Concurrent marking (unload classes)
[166.277s][info][gc,task     ] GC(166) Using 1 of 3 workers for concurrent marking
[166.329s][info][gc          ] GC(166) Concurrent marking (unload classes) 52.441ms
[166.330s][info][gc,start    ] GC(166) Pause Final Mark (unload classes)
[166.330s][info][gc,task     ] GC(166) Using 3 of 3 workers for final marking
[166.330s][info][gc,ergo     ] GC(166) Adaptive CSet Selection. Target Free: 1160M, Actual Free: 6859M, Max CSet: 341M, Min Garbage: 0B
[166.330s][info][gc,ergo     ] GC(166) Collectable Garbage: 1628M (99%), Immediate: 715M (43%), CSet: 912M (55%)
[166.330s][info][gc,ergo     ] GC(166) Pacer for Evacuation. Used CSet: 921M, Free: 6723M, Non-Taxable: 672M, Alloc Tax Rate: 1.1x
[166.330s][info][gc          ] GC(166) Pause Final Mark (unload classes) 0.540ms
[166.330s][info][gc,start    ] GC(166) Concurrent thread roots
[166.330s][info][gc,task     ] GC(166) Using 1 of 3 workers for Concurrent thread roots
[166.337s][info][gc          ] GC(166) Concurrent thread roots 6.869ms
[166.337s][info][gc,start    ] GC(166) Concurrent weak references
[166.337s][info][gc,task     ] GC(166) Using 1 of 3 workers for concurrent weak references
[166.338s][info][gc,ref      ] GC(166) Encountered references: Soft: 3588, Weak: 17967, Final: 53, Phantom: 598
[166.338s][info][gc,ref      ] GC(166) Discovered  references: Soft: 1316, Weak: 6851, Final: 0, Phantom: 373
[166.338s][info][gc,ref      ] GC(166) Enqueued    references: Soft: 850, Weak: 3400, Final: 0, Phantom: 0
[166.338s][info][gc          ] GC(166) Concurrent weak references 0.781ms
[166.338s][info][gc,start    ] GC(166) Concurrent weak roots
[166.338s][info][gc,task     ] GC(166) Using 1 of 3 workers for concurrent weak root
[166.348s][info][gc          ] GC(166) Concurrent weak roots 10.257ms
[166.348s][info][gc,start    ] GC(166) Concurrent cleanup
[166.348s][info][gc          ] GC(166) Concurrent cleanup 2150M->1439M(8192M) 0.045ms
[166.348s][info][gc,ergo     ] GC(166) Free: 6327M, Max: 4096K regular, 5128M humongous, Frag: 19% external, 0% internal; Reserve: 410M, Max: 4096K
[166.348s][info][gc,start    ] GC(166) Concurrent class unloading
[166.348s][info][gc,task     ] GC(166) Using 1 of 3 workers for concurrent class unloading
[166.402s][info][gc          ] GC(166) Concurrent class unloading 53.294ms
[166.402s][info][gc,start    ] GC(166) Concurrent strong roots
[166.402s][info][gc,task     ] GC(166) Using 1 of 3 workers for concurrent strong root
[166.402s][info][gc          ] GC(166) Concurrent strong roots 0.482ms
[166.402s][info][gc,start    ] GC(166) Concurrent evacuation
[166.402s][info][gc,task     ] GC(166) Using 1 of 3 workers for concurrent evacuation
[166.408s][info][gc          ] GC(166) Concurrent evacuation 6.331ms
[166.409s][info][gc,start    ] GC(166) Pause Init Update Refs
[166.409s][info][gc,ergo     ] GC(166) Pacer for Update Refs. Used: 1573M, Free: 6203M, Non-Taxable: 620M, Alloc Tax Rate: 1.1x
[166.409s][info][gc          ] GC(166) Pause Init Update Refs 0.104ms
[166.409s][info][gc,start    ] GC(166) Concurrent update references
[166.409s][info][gc,task     ] GC(166) Using 1 of 3 workers for concurrent reference update
[166.431s][info][gc          ] GC(166) Concurrent update references 22.301ms
[166.431s][info][gc,start    ] GC(166) Concurrent update thread roots
[166.438s][info][gc          ] GC(166) Concurrent update thread roots 7.153ms
[166.438s][info][gc,start    ] GC(166) Pause Final Update Refs
[166.439s][info][gc,task     ] GC(166) Using 3 of 3 workers for final reference update
[166.439s][info][gc          ] GC(166) Pause Final Update Refs 0.237ms
[166.439s][info][gc,start    ] GC(166) Concurrent cleanup
[166.439s][info][gc          ] GC(166) Concurrent cleanup 1573M->652M(8192M) 0.075ms
[166.439s][info][gc,ergo     ] Free: 7127M, Max: 4096K regular, 5220M humongous, Frag: 27% external, 0% internal; Reserve: 412M, Max: 4096K
[166.439s][info][gc,stats    ] 
[166.439s][info][gc,stats    ] All times are wall-clock times, except per-root-class counters, that are sum over
[166.439s][info][gc,stats    ] all workers. Dividing the <total> over the root stage time estimates parallelism.
[166.439s][info][gc,stats    ] 
[166.439s][info][gc,stats    ] Concurrent Reset                   5257 us
[166.439s][info][gc,stats    ] Pause Init Mark (G)                 247 us
[166.439s][info][gc,stats    ] Pause Init Mark (N)                 140 us
[166.439s][info][gc,stats    ]   Update Region States               54 us
[166.439s][info][gc,stats    ] Concurrent Mark Roots              8218 us, parallelism: 0.96x
[166.439s][info][gc,stats    ]   CMR: <total>                     7897 us
[166.439s][info][gc,stats    ]   CMR: Thread Roots                7738 us, workers (us): 7738, ---, ---, 
[166.439s][info][gc,stats    ]   CMR: VM Strong Roots               18 us, workers (us):  18, ---, ---, 
[166.439s][info][gc,stats    ]   CMR: CLDG Roots                   141 us, workers (us): 141, ---, ---, 
[166.439s][info][gc,stats    ] Concurrent Marking                52509 us
[166.439s][info][gc,stats    ] Pause Final Mark (G)                699 us
[166.439s][info][gc,stats    ] Pause Final Mark (N)                562 us
[166.439s][info][gc,stats    ]   Finish Mark                        98 us
[166.439s][info][gc,stats    ]   Update Region States               98 us
[166.439s][info][gc,stats    ]   Choose Collection Set             184 us
[166.439s][info][gc,stats    ]   Rebuild Free Set                   25 us
[166.439s][info][gc,stats    ] Concurrent Thread Roots            6915 us, parallelism: 0.98x
[166.439s][info][gc,stats    ]   CTR: <total>                     6782 us
[166.439s][info][gc,stats    ]   CTR: Thread Roots                6782 us, workers (us): 6782, ---, ---, 
[166.439s][info][gc,stats    ] Concurrent Weak References          789 us, parallelism: 0.85x
[166.439s][info][gc,stats    ]   CWRF: <total>                     671 us
[166.439s][info][gc,stats    ]   CWRF: Weak References             671 us, workers (us): 671, ---, ---, 
[166.439s][info][gc,stats    ] Concurrent Weak Roots             10298 us
[166.439s][info][gc,stats    ]   Roots                           10050 us, parallelism: 0.99x
[166.439s][info][gc,stats    ]     CWR: <total>                   9985 us
[166.439s][info][gc,stats    ]     CWR: Code Cache Roots          8659 us, workers (us): 8659, ---, ---, 
[166.439s][info][gc,stats    ]     CWR: VM Weak Roots             1225 us, workers (us): 1225, ---, ---, 
[166.439s][info][gc,stats    ]     CWR: CLDG Roots                 101 us, workers (us): 101, ---, ---, 
[166.439s][info][gc,stats    ]   Rendezvous                        183 us
[166.439s][info][gc,stats    ] Concurrent Cleanup                   55 us
[166.439s][info][gc,stats    ] Concurrent Class Unloading        53358 us
[166.439s][info][gc,stats    ]   Unlink Stale                    50705 us
[166.439s][info][gc,stats    ]     System Dictionary              1853 us
[166.439s][info][gc,stats    ]     Weak Class Links              19710 us
[166.439s][info][gc,stats    ]     Code Roots                    29139 us
[166.439s][info][gc,stats    ]   Rendezvous                        161 us
[166.439s][info][gc,stats    ]   Purge Unlinked                   2407 us
[166.439s][info][gc,stats    ]     Code Roots                     1375 us
[166.439s][info][gc,stats    ]     CLDG                           1031 us
[166.439s][info][gc,stats    ]     Exception Caches                  0 us
[166.439s][info][gc,stats    ] Concurrent Strong Roots             499 us, parallelism: 0.67x
[166.439s][info][gc,stats    ]   CSR: <total>                      334 us
[166.439s][info][gc,stats    ]   CSR: VM Strong Roots               13 us, workers (us):  13, ---, ---, 
[166.439s][info][gc,stats    ]   CSR: CLDG Roots                   320 us, workers (us): 320, ---, ---, 
[166.439s][info][gc,stats    ] Concurrent Evacuation              6378 us
[166.439s][info][gc,stats    ] Pause Init Update Refs (G)          254 us
[166.439s][info][gc,stats    ] Pause Init Update Refs (N)          113 us
[166.439s][info][gc,stats    ]   Manage GCLABs                      31 us
[166.439s][info][gc,stats    ] Concurrent Update Refs            22370 us
[166.439s][info][gc,stats    ] Concurrent Update Thread Roots     7209 us
[166.439s][info][gc,stats    ] Pause Final Update Refs (G)         418 us
[166.439s][info][gc,stats    ] Pause Final Update Refs (N)         289 us
[166.439s][info][gc,stats    ]   Update Region States              104 us
[166.439s][info][gc,stats    ]   Trash Collection Set               15 us
[166.439s][info][gc,stats    ]   Rebuild Free Set                   33 us
[166.439s][info][gc,stats    ] Concurrent Cleanup                   94 us
[166.439s][info][gc,stats    ] 
[166.439s][info][gc,stats    ] Allocation pacing accrued:
[166.439s][info][gc,stats    ]       0 of  1088 ms (  0.0%): <total>
[166.439s][info][gc,stats    ]       0 of  1088 ms (  0.0%): <average total>
[166.439s][info][gc,stats    ] 
[166.439s][info][gc,metaspace] Metaspace: 156896K(158080K)->155862K(158016K) NonClass: 138834K(139392K)->137971K(139392K) Class: 18061K(18688K)->17890K(18624K)
[166.439s][info][gc,ergo     ] Pacer for Idle. Initial: 163M, Alloc Tax Rate: 1.0x
[166.773s][info][gc          ] Trigger: Learning 2 of 5. Free (5671M) is below initial threshold (5734M)
[166.773s][info][gc,ergo     ] Free: 5671M, Max: 4096K regular, 5220M humongous, Frag: 8% external, 0% internal; Reserve: 412M, Max: 4096K
[166.773s][info][gc,start    ] GC(167) Concurrent reset
[166.773s][info][gc,task     ] GC(167) Using 1 of 3 workers for concurrent reset
[166.773s][info][gc,ergo     ] GC(167) Pacer for Reset. Non-Taxable: 8192M
[166.785s][info][gc          ] GC(167) Concurrent reset 12.121ms
[166.786s][info][gc,start    ] GC(167) Pause Init Mark (unload classes)
[166.786s][info][gc,task     ] GC(167) Using 3 of 3 workers for init marking
[166.786s][info][gc,ergo     ] GC(167) Pacer for Mark. Expected Live: 140M, Free: 5591M, Non-Taxable: 559M, Alloc Tax Rate: 0.0x
[166.786s][info][gc          ] GC(167) Pause Init Mark (unload classes) 0.154ms
[166.789s][info][gc,start    ] GC(167) Concurrent marking roots
[166.789s][info][gc,task     ] GC(167) Using 1 of 3 workers for concurrent marking roots
[166.798s][info][gc          ] GC(167) Concurrent marking roots 9.133ms
[166.798s][info][gc,start    ] GC(167) Concurrent marking (unload classes)
[166.798s][info][gc,task     ] GC(167) Using 1 of 3 workers for concurrent marking
[166.871s][info][gc          ] GC(167) Concurrent marking (unload classes) 72.936ms
[166.871s][info][gc,start    ] GC(167) Pause Final Mark (unload classes)
[166.871s][info][gc,task     ] GC(167) Using 3 of 3 workers for final marking
[166.871s][info][gc,ergo     ] GC(167) Adaptive CSet Selection. Target Free: 1160M, Actual Free: 6541M, Max CSet: 341M, Min Garbage: 0B
[166.871s][info][gc,ergo     ] GC(167) Collectable Garbage: 1976M (99%), Immediate: 893M (44%), CSet: 1083M (54%)
[166.871s][info][gc,ergo     ] GC(167) Pacer for Evacuation. Used CSet: 1140M, Free: 6165M, Non-Taxable: 616M, Alloc Tax Rate: 1.1x
[166.871s][info][gc          ] GC(167) Pause Final Mark (unload classes) 0.333ms
[166.871s][info][gc,start    ] GC(167) Concurrent thread roots
[166.871s][info][gc,task     ] GC(167) Using 1 of 3 workers for Concurrent thread roots
[166.878s][info][gc          ] GC(167) Concurrent thread roots 7.138ms
[166.878s][info][gc,start    ] GC(167) Concurrent weak references
[166.878s][info][gc,task     ] GC(167) Using 1 of 3 workers for concurrent weak references
[166.879s][info][gc,ref      ] GC(167) Encountered references: Soft: 3713, Weak: 14990, Final: 53, Phantom: 598
[166.879s][info][gc,ref      ] GC(167) Discovered  references: Soft: 0, Weak: 5645, Final: 0, Phantom: 277
[166.879s][info][gc,ref      ] GC(167) Enqueued    references: Soft: 0, Weak: 216, Final: 0, Phantom: 0
[166.879s][info][gc          ] GC(167) Concurrent weak references 0.432ms
[166.879s][info][gc,start    ] GC(167) Concurrent weak roots
[166.879s][info][gc,task     ] GC(167) Using 1 of 3 workers for concurrent weak root
[166.909s][info][gc          ] GC(167) Concurrent weak roots 30.294ms
[166.909s][info][gc,start    ] GC(167) Concurrent cleanup
[166.909s][info][gc          ] GC(167) Concurrent cleanup 2656M->1763M(8192M) 0.046ms
[166.909s][info][gc,ergo     ] GC(167) Free: 6059M, Max: 4096K regular, 5132M humongous, Frag: 16% external, 0% internal; Reserve: 349M, Max: 4096K
[166.909s][info][gc,start    ] GC(167) Concurrent class unloading
[166.909s][info][gc,task     ] GC(167) Using 1 of 3 workers for concurrent class unloading
[166.963s][info][gc          ] GC(167) Concurrent class unloading 53.752ms
[166.963s][info][gc,start    ] GC(167) Concurrent strong roots
[166.963s][info][gc,task     ] GC(167) Using 1 of 3 workers for concurrent strong root
[166.964s][info][gc          ] GC(167) Concurrent strong roots 0.403ms
[166.964s][info][gc,start    ] GC(167) Concurrent evacuation
[166.964s][info][gc,task     ] GC(167) Using 1 of 3 workers for concurrent evacuation
[166.972s][info][gc          ] GC(167) Concurrent evacuation 8.699ms
[166.972s][info][gc,start    ] GC(167) Pause Init Update Refs
[166.972s][info][gc,ergo     ] GC(167) Pacer for Update Refs. Used: 1828M, Free: 5995M, Non-Taxable: 599M, Alloc Tax Rate: 1.1x
[166.972s][info][gc          ] GC(167) Pause Init Update Refs 0.109ms
[166.973s][info][gc,start    ] GC(167) Concurrent update references
[166.973s][info][gc,task     ] GC(167) Using 1 of 3 workers for concurrent reference update
[167.051s][info][gc          ] GC(167) Concurrent update references 78.283ms
[167.051s][info][gc,start    ] GC(167) Concurrent update thread roots
[167.059s][info][gc          ] GC(167) Concurrent update thread roots 7.903ms
[167.059s][info][gc,start    ] GC(167) Pause Final Update Refs
[167.059s][info][gc,task     ] GC(167) Using 3 of 3 workers for final reference update
[167.059s][info][gc          ] GC(167) Pause Final Update Refs 0.143ms
[167.063s][info][gc,start    ] GC(167) Concurrent cleanup
[167.063s][info][gc          ] GC(167) Concurrent cleanup 1914M->773M(8192M) 0.081ms
[167.063s][info][gc,ergo     ] Free: 6958M, Max: 4096K regular, 5064M humongous, Frag: 28% external, 0% internal; Reserve: 412M, Max: 4096K
[167.063s][info][gc,stats    ] 
[167.063s][info][gc,stats    ] All times are wall-clock times, except per-root-class counters, that are sum over
[167.063s][info][gc,stats    ] all workers. Dividing the <total> over the root stage time estimates parallelism.
[167.063s][info][gc,stats    ] 
[167.063s][info][gc,stats    ] Concurrent Reset                  12289 us
[167.063s][info][gc,stats    ] Pause Init Mark (G)                3056 us
[167.063s][info][gc,stats    ] Pause Init Mark (N)                 163 us
[167.063s][info][gc,stats    ]   Update Region States               59 us
[167.063s][info][gc,stats    ] Concurrent Mark Roots              9246 us, parallelism: 0.94x
[167.063s][info][gc,stats    ]   CMR: <total>                     8653 us
[167.063s][info][gc,stats    ]   CMR: Thread Roots                8489 us, workers (us): 8489, ---, ---, 
[167.063s][info][gc,stats    ]   CMR: VM Strong Roots               30 us, workers (us):  30, ---, ---, 
[167.063s][info][gc,stats    ]   CMR: CLDG Roots                   134 us, workers (us): 134, ---, ---, 
[167.063s][info][gc,stats    ] Concurrent Marking                73000 us
[167.063s][info][gc,stats    ] Pause Final Mark (G)                440 us
[167.064s][info][gc,stats    ] Pause Final Mark (N)                350 us
[167.064s][info][gc,stats    ]   Finish Mark                        64 us
[167.064s][info][gc,stats    ]   Update Region States               33 us
[167.064s][info][gc,stats    ]   Choose Collection Set             118 us
[167.064s][info][gc,stats    ]   Rebuild Free Set                   19 us
[167.064s][info][gc,stats    ] Concurrent Thread Roots            7194 us, parallelism: 0.99x
[167.064s][info][gc,stats    ]   CTR: <total>                     7091 us
[167.064s][info][gc,stats    ]   CTR: Thread Roots                7091 us, workers (us): 7091, ---, ---, 
[167.064s][info][gc,stats    ] Concurrent Weak References          441 us, parallelism: 0.80x
[167.064s][info][gc,stats    ]   CWRF: <total>                     351 us
[167.064s][info][gc,stats    ]   CWRF: Weak References             351 us, workers (us): 351, ---, ---, 
[167.064s][info][gc,stats    ] Concurrent Weak Roots             30349 us
[167.064s][info][gc,stats    ]   Roots                           14556 us, parallelism: 1.00x
[167.064s][info][gc,stats    ]     CWR: <total>                  14513 us
[167.064s][info][gc,stats    ]     CWR: Code Cache Roots         13084 us, workers (us): 13084, ---, ---, 
[167.064s][info][gc,stats    ]     CWR: VM Weak Roots             1310 us, workers (us): 1310, ---, ---, 
[167.064s][info][gc,stats    ]     CWR: CLDG Roots                 118 us, workers (us): 118, ---, ---, 
[167.064s][info][gc,stats    ]   Rendezvous                      15718 us
[167.064s][info][gc,stats    ] Concurrent Cleanup                   55 us
[167.064s][info][gc,stats    ] Concurrent Class Unloading        53791 us
[167.064s][info][gc,stats    ]   Unlink Stale                    52165 us
[167.064s][info][gc,stats    ]     System Dictionary               435 us
[167.064s][info][gc,stats    ]     Weak Class Links              18505 us
[167.064s][info][gc,stats    ]     Code Roots                    33223 us
[167.064s][info][gc,stats    ]   Rendezvous                        168 us
[167.064s][info][gc,stats    ]   Purge Unlinked                   1398 us
[167.064s][info][gc,stats    ]     Code Roots                     1322 us
[167.064s][info][gc,stats    ]     CLDG                             75 us
[167.064s][info][gc,stats    ]     Exception Caches                  0 us
[167.064s][info][gc,stats    ] Concurrent Strong Roots             414 us, parallelism: 0.73x
[167.064s][info][gc,stats    ]   CSR: <total>                      300 us
[167.064s][info][gc,stats    ]   CSR: VM Strong Roots                8 us, workers (us):   8, ---, ---, 
[167.064s][info][gc,stats    ]   CSR: CLDG Roots                   292 us, workers (us): 292, ---, ---, 
[167.064s][info][gc,stats    ] Concurrent Evacuation              8770 us
[167.064s][info][gc,stats    ] Pause Init Update Refs (G)          229 us
[167.064s][info][gc,stats    ] Pause Init Update Refs (N)          126 us
[167.064s][info][gc,stats    ]   Manage GCLABs                      29 us
[167.064s][info][gc,stats    ] Concurrent Update Refs            78344 us
[167.064s][info][gc,stats    ] Concurrent Update Thread Roots     7963 us
[167.064s][info][gc,stats    ] Pause Final Update Refs (G)        4432 us
[167.064s][info][gc,stats    ] Pause Final Update Refs (N)         155 us
[167.064s][info][gc,stats    ]   Update Region States               46 us
[167.064s][info][gc,stats    ]   Trash Collection Set               10 us
[167.064s][info][gc,stats    ]   Rebuild Free Set                   22 us
[167.064s][info][gc,stats    ] Concurrent Cleanup                   93 us
[167.064s][info][gc,stats    ] 
[167.064s][info][gc,stats    ] Allocation pacing accrued:
[167.064s][info][gc,stats    ]       0 of   624 ms (  0.0%): <total>
[167.064s][info][gc,stats    ]       0 of   624 ms (  0.0%): <average total>
[167.064s][info][gc,stats    ] 
[167.064s][info][gc,metaspace] Metaspace: 156716K(158016K)->156752K(158016K) NonClass: 138679K(139392K)->138710K(139392K) Class: 18036K(18624K)->18042K(18624K)
[167.064s][info][gc,ergo     ] Pacer for Idle. Initial: 163M, Alloc Tax Rate: 1.0x
[168.023s][info][gc          ] Trigger: Explicit GC request (System.gc())
[168.023s][info][gc,ergo     ] Free: 5811M, Max: 4096K regular, 5064M humongous, Frag: 13% external, 0% internal; Reserve: 412M, Max: 4096K
[168.023s][info][gc,start    ] GC(168) Concurrent reset
[168.023s][info][gc,task     ] GC(168) Using 1 of 3 workers for concurrent reset
[168.023s][info][gc,ergo     ] GC(168) Pacer for Reset. Non-Taxable: 8192M
[168.029s][info][gc          ] GC(168) Concurrent reset 5.706ms
[168.029s][info][gc,start    ] GC(168) Pause Init Mark (unload classes)
[168.029s][info][gc,task     ] GC(168) Using 3 of 3 workers for init marking
[168.029s][info][gc,ref      ] GC(168) Clearing All SoftReferences
[168.029s][info][gc,ergo     ] GC(168) Pacer for Mark. Expected Live: 150M, Free: 5811M, Non-Taxable: 581M, Alloc Tax Rate: 0.0x
[168.029s][info][gc          ] GC(168) Pause Init Mark (unload classes) 0.194ms
[168.029s][info][gc,start    ] GC(168) Concurrent marking roots
[168.029s][info][gc,task     ] GC(168) Using 1 of 3 workers for concurrent marking roots
[168.036s][info][gc          ] GC(168) Concurrent marking roots 6.700ms
[168.036s][info][gc,start    ] GC(168) Concurrent marking (unload classes)
[168.036s][info][gc,task     ] GC(168) Using 1 of 3 workers for concurrent marking
[168.090s][info][gc          ] GC(168) Concurrent marking (unload classes) 53.790ms
[168.090s][info][gc,start    ] GC(168) Pause Final Mark (unload classes)
[168.090s][info][gc,task     ] GC(168) Using 3 of 3 workers for final marking
[168.090s][info][gc,ergo     ] GC(168) Adaptive CSet Selection. Target Free: 1160M, Actual Free: 6818M, Max CSet: 341M, Min Garbage: 0B
[168.090s][info][gc,ergo     ] GC(168) Collectable Garbage: 1562M (99%), Immediate: 606M (38%), CSet: 955M (60%)
[168.090s][info][gc,ergo     ] GC(168) Pacer for Evacuation. Used CSet: 963M, Free: 6679M, Non-Taxable: 667M, Alloc Tax Rate: 1.1x
[168.090s][info][gc          ] GC(168) Pause Final Mark (unload classes) 0.539ms
[168.090s][info][gc,start    ] GC(168) Concurrent thread roots
[168.090s][info][gc,task     ] GC(168) Using 1 of 3 workers for Concurrent thread roots
[168.097s][info][gc          ] GC(168) Concurrent thread roots 6.613ms
[168.097s][info][gc,start    ] GC(168) Concurrent weak references
[168.097s][info][gc,task     ] GC(168) Using 1 of 3 workers for concurrent weak references
[168.098s][info][gc,ref      ] GC(168) Encountered references: Soft: 3586, Weak: 17968, Final: 53, Phantom: 598
[168.098s][info][gc,ref      ] GC(168) Discovered  references: Soft: 1314, Weak: 6851, Final: 0, Phantom: 373
[168.098s][info][gc,ref      ] GC(168) Enqueued    references: Soft: 848, Weak: 3400, Final: 0, Phantom: 0
[168.098s][info][gc          ] GC(168) Concurrent weak references 1.262ms
[168.098s][info][gc,start    ] GC(168) Concurrent weak roots
[168.098s][info][gc,task     ] GC(168) Using 1 of 3 workers for concurrent weak root
[168.108s][info][gc          ] GC(168) Concurrent weak roots 9.801ms
[168.108s][info][gc,start    ] GC(168) Concurrent cleanup
[168.108s][info][gc          ] GC(168) Concurrent cleanup 2148M->1541M(8192M) 0.044ms
[168.108s][info][gc,ergo     ] GC(168) Free: 6227M, Max: 4096K regular, 5104M humongous, Frag: 18% external, 0% internal; Reserve: 410M, Max: 4096K
[168.108s][info][gc,start    ] GC(168) Concurrent class unloading
[168.108s][info][gc,task     ] GC(168) Using 1 of 3 workers for concurrent class unloading
[168.159s][info][gc          ] GC(168) Concurrent class unloading 50.366ms
[168.159s][info][gc,start    ] GC(168) Concurrent strong roots
[168.159s][info][gc,task     ] GC(168) Using 1 of 3 workers for concurrent strong root
[168.159s][info][gc          ] GC(168) Concurrent strong roots 0.329ms
[168.159s][info][gc,start    ] GC(168) Concurrent evacuation
[168.159s][info][gc,task     ] GC(168) Using 1 of 3 workers for concurrent evacuation
[168.165s][info][gc          ] GC(168) Concurrent evacuation 5.615ms
[168.165s][info][gc,start    ] GC(168) Pause Init Update Refs
[168.165s][info][gc,ergo     ] GC(168) Pacer for Update Refs. Used: 1612M, Free: 6167M, Non-Taxable: 616M, Alloc Tax Rate: 1.1x
[168.165s][info][gc          ] GC(168) Pause Init Update Refs 0.147ms
[168.165s][info][gc,start    ] GC(168) Concurrent update references
[168.165s][info][gc,task     ] GC(168) Using 1 of 3 workers for concurrent reference update
[168.187s][info][gc          ] GC(168) Concurrent update references 22.366ms
[168.187s][info][gc,start    ] GC(168) Concurrent update thread roots
[168.195s][info][gc          ] GC(168) Concurrent update thread roots 7.183ms
[168.195s][info][gc,start    ] GC(168) Pause Final Update Refs
[168.195s][info][gc,task     ] GC(168) Using 3 of 3 workers for final reference update
[168.195s][info][gc          ] GC(168) Pause Final Update Refs 0.170ms
[168.195s][info][gc,start    ] GC(168) Concurrent cleanup
[168.195s][info][gc          ] GC(168) Concurrent cleanup 1612M->648M(8192M) 0.104ms
[168.195s][info][gc,ergo     ] Free: 7131M, Max: 4096K regular, 5220M humongous, Frag: 27% external, 0% internal; Reserve: 412M, Max: 4096K
[168.195s][info][gc,stats    ] 
[168.195s][info][gc,stats    ] All times are wall-clock times, except per-root-class counters, that are sum over
[168.195s][info][gc,stats    ] all workers. Dividing the <total> over the root stage time estimates parallelism.
[168.195s][info][gc,stats    ] 
[168.195s][info][gc,stats    ] Concurrent Reset                   5766 us
[168.195s][info][gc,stats    ] Pause Init Mark (G)                 358 us
[168.195s][info][gc,stats    ] Pause Init Mark (N)                 211 us
[168.195s][info][gc,stats    ]   Update Region States               63 us
[168.195s][info][gc,stats    ] Concurrent Mark Roots              6748 us, parallelism: 0.96x
[168.195s][info][gc,stats    ]   CMR: <total>                     6469 us
[168.195s][info][gc,stats    ]   CMR: Thread Roots                6363 us, workers (us): 6363, ---, ---, 
[168.195s][info][gc,stats    ]   CMR: VM Strong Roots               28 us, workers (us):  28, ---, ---, 
[168.195s][info][gc,stats    ]   CMR: CLDG Roots                    78 us, workers (us):  78, ---, ---, 
[168.195s][info][gc,stats    ] Concurrent Marking                53856 us
[168.195s][info][gc,stats    ] Pause Final Mark (G)                688 us
[168.195s][info][gc,stats    ] Pause Final Mark (N)                556 us
[168.195s][info][gc,stats    ]   Finish Mark                        98 us
[168.195s][info][gc,stats    ]   Update Region States              100 us
[168.195s][info][gc,stats    ]   Choose Collection Set             185 us
[168.195s][info][gc,stats    ]   Rebuild Free Set                   27 us
[168.195s][info][gc,stats    ] Concurrent Thread Roots            6665 us, parallelism: 0.98x
[168.196s][info][gc,stats    ]   CTR: <total>                     6521 us
[168.196s][info][gc,stats    ]   CTR: Thread Roots                6521 us, workers (us): 6521, ---, ---, 
[168.196s][info][gc,stats    ] Concurrent Weak References         1270 us, parallelism: 0.75x
[168.196s][info][gc,stats    ]   CWRF: <total>                     956 us
[168.196s][info][gc,stats    ]   CWRF: Weak References             956 us, workers (us): 956, ---, ---, 
[168.196s][info][gc,stats    ] Concurrent Weak Roots              9847 us
[168.196s][info][gc,stats    ]   Roots                            9592 us, parallelism: 1.00x
[168.196s][info][gc,stats    ]     CWR: <total>                   9553 us
[168.196s][info][gc,stats    ]     CWR: Code Cache Roots          8658 us, workers (us): 8658, ---, ---, 
[168.196s][info][gc,stats    ]     CWR: VM Weak Roots              816 us, workers (us): 816, ---, ---, 
[168.196s][info][gc,stats    ]     CWR: CLDG Roots                  79 us, workers (us):  79, ---, ---, 
[168.196s][info][gc,stats    ]   Rendezvous                        189 us
[168.196s][info][gc,stats    ] Concurrent Cleanup                   53 us
[168.196s][info][gc,stats    ] Concurrent Class Unloading        50414 us
[168.196s][info][gc,stats    ]   Unlink Stale                    48113 us
[168.196s][info][gc,stats    ]     System Dictionary              1810 us
[168.196s][info][gc,stats    ]     Weak Class Links              18048 us
[168.196s][info][gc,stats    ]     Code Roots                    28252 us
[168.196s][info][gc,stats    ]   Rendezvous                        248 us
[168.196s][info][gc,stats    ]   Purge Unlinked                   1984 us
[168.196s][info][gc,stats    ]     Code Roots                     1178 us
[168.196s][info][gc,stats    ]     CLDG                            805 us
[168.196s][info][gc,stats    ]     Exception Caches                  0 us
[168.196s][info][gc,stats    ] Concurrent Strong Roots             347 us, parallelism: 0.64x
[168.196s][info][gc,stats    ]   CSR: <total>                      222 us
[168.196s][info][gc,stats    ]   CSR: VM Strong Roots                9 us, workers (us):   9, ---, ---, 
[168.196s][info][gc,stats    ]   CSR: CLDG Roots                   213 us, workers (us): 213, ---, ---, 
[168.196s][info][gc,stats    ] Concurrent Evacuation              5676 us
[168.196s][info][gc,stats    ] Pause Init Update Refs (G)          323 us
[168.196s][info][gc,stats    ] Pause Init Update Refs (N)          168 us
[168.196s][info][gc,stats    ]   Manage GCLABs                      46 us
[168.196s][info][gc,stats    ] Concurrent Update Refs            22434 us
[168.196s][info][gc,stats    ] Concurrent Update Thread Roots     7232 us
[168.196s][info][gc,stats    ] Pause Final Update Refs (G)         321 us
[168.196s][info][gc,stats    ] Pause Final Update Refs (N)         188 us
[168.196s][info][gc,stats    ]   Update Region States               77 us
[168.196s][info][gc,stats    ]   Trash Collection Set               10 us
[168.196s][info][gc,stats    ]   Rebuild Free Set                   14 us
[168.196s][info][gc,stats    ] Concurrent Cleanup                  131 us
[168.196s][info][gc,stats    ] 
[168.196s][info][gc,stats    ] Allocation pacing accrued:
[168.196s][info][gc,stats    ]       0 of  1132 ms (  0.0%): <total>
[168.196s][info][gc,stats    ]       0 of  1132 ms (  0.0%): <average total>
[168.196s][info][gc,stats    ] 
[168.196s][info][gc,metaspace] Metaspace: 156895K(158080K)->155863K(158016K) NonClass: 138834K(139392K)->137972K(139392K) Class: 18061K(18688K)->17890K(18624K)
[168.196s][info][gc,ergo     ] Pacer for Idle. Initial: 163M, Alloc Tax Rate: 1.0x
[168.540s][info][gc          ] Trigger: Learning 2 of 5. Free (5659M) is below initial threshold (5734M)
[168.540s][info][gc,ergo     ] Free: 5659M, Max: 4096K regular, 5220M humongous, Frag: 8% external, 0% internal; Reserve: 412M, Max: 4096K
[168.540s][info][gc,start    ] GC(169) Concurrent reset
[168.540s][info][gc,task     ] GC(169) Using 1 of 3 workers for concurrent reset
[168.540s][info][gc,ergo     ] GC(169) Pacer for Reset. Non-Taxable: 8192M
[168.555s][info][gc          ] GC(169) Concurrent reset 14.409ms
[168.555s][info][gc,start    ] GC(169) Pause Init Mark (unload classes)
[168.555s][info][gc,task     ] GC(169) Using 3 of 3 workers for init marking
[168.555s][info][gc,ergo     ] GC(169) Pacer for Mark. Expected Live: 140M, Free: 5555M, Non-Taxable: 555M, Alloc Tax Rate: 0.0x
[168.555s][info][gc          ] GC(169) Pause Init Mark (unload classes) 0.126ms
[168.555s][info][gc,start    ] GC(169) Concurrent marking roots
[168.555s][info][gc,task     ] GC(169) Using 1 of 3 workers for concurrent marking roots
[168.565s][info][gc          ] GC(169) Concurrent marking roots 9.117ms
[168.565s][info][gc,start    ] GC(169) Concurrent marking (unload classes)
[168.565s][info][gc,task     ] GC(169) Using 1 of 3 workers for concurrent marking
[168.637s][info][gc          ] GC(169) Concurrent marking (unload classes) 72.075ms
[168.637s][info][gc,start    ] GC(169) Pause Final Mark (unload classes)
[168.637s][info][gc,task     ] GC(169) Using 3 of 3 workers for final marking
[168.637s][info][gc,ergo     ] GC(169) Adaptive CSet Selection. Target Free: 1160M, Actual Free: 6610M, Max CSet: 341M, Min Garbage: 0B
[168.637s][info][gc,ergo     ] GC(169) Collectable Garbage: 2013M (99%), Immediate: 986M (48%), CSet: 1027M (50%)
[168.637s][info][gc,ergo     ] GC(169) Pacer for Evacuation. Used CSet: 1083M, Free: 6233M, Non-Taxable: 623M, Alloc Tax Rate: 1.1x
[168.637s][info][gc          ] GC(169) Pause Final Mark (unload classes) 0.286ms
[168.637s][info][gc,start    ] GC(169) Concurrent thread roots
[168.637s][info][gc,task     ] GC(169) Using 1 of 3 workers for Concurrent thread roots
[168.645s][info][gc          ] GC(169) Concurrent thread roots 7.255ms
[168.645s][info][gc,start    ] GC(169) Concurrent weak references
[168.645s][info][gc,task     ] GC(169) Using 1 of 3 workers for concurrent weak references
[168.645s][info][gc,ref      ] GC(169) Encountered references: Soft: 3714, Weak: 14986, Final: 53, Phantom: 598
[168.645s][info][gc,ref      ] GC(169) Discovered  references: Soft: 0, Weak: 8049, Final: 0, Phantom: 278
[168.645s][info][gc,ref      ] GC(169) Enqueued    references: Soft: 0, Weak: 212, Final: 0, Phantom: 0
[168.645s][info][gc          ] GC(169) Concurrent weak references 0.558ms
[168.645s][info][gc,start    ] GC(169) Concurrent weak roots
[168.645s][info][gc,task     ] GC(169) Using 1 of 3 workers for concurrent weak root
[168.655s][info][gc          ] GC(169) Concurrent weak roots 9.556ms
[168.655s][info][gc,start    ] GC(169) Concurrent cleanup
[168.655s][info][gc          ] GC(169) Concurrent cleanup 2620M->1634M(8192M) 0.038ms
[168.655s][info][gc,ergo     ] GC(169) Free: 6139M, Max: 4096K regular, 5120M humongous, Frag: 17% external, 0% internal; Reserve: 396M, Max: 4096K
[168.655s][info][gc,start    ] GC(169) Concurrent class unloading
[168.655s][info][gc,task     ] GC(169) Using 1 of 3 workers for concurrent class unloading
[168.709s][info][gc          ] GC(169) Concurrent class unloading 54.387ms
[168.709s][info][gc,start    ] GC(169) Concurrent strong roots
[168.709s][info][gc,task     ] GC(169) Using 1 of 3 workers for concurrent strong root
[168.710s][info][gc          ] GC(169) Concurrent strong roots 0.404ms
[168.710s][info][gc,start    ] GC(169) Concurrent evacuation
[168.710s][info][gc,task     ] GC(169) Using 1 of 3 workers for concurrent evacuation
[168.716s][info][gc          ] GC(169) Concurrent evacuation 6.310ms
[168.716s][info][gc,start    ] GC(169) Pause Init Update Refs
[168.716s][info][gc,ergo     ] GC(169) Pacer for Update Refs. Used: 1742M, Free: 6079M, Non-Taxable: 607M, Alloc Tax Rate: 1.1x
[168.716s][info][gc          ] GC(169) Pause Init Update Refs 0.106ms
[168.716s][info][gc,start    ] GC(169) Concurrent update references
[168.716s][info][gc,task     ] GC(169) Using 1 of 3 workers for concurrent reference update
[168.787s][info][gc          ] GC(169) Concurrent update references 71.025ms
[168.787s][info][gc,start    ] GC(169) Concurrent update thread roots
[168.793s][info][gc          ] GC(169) Concurrent update thread roots 5.971ms
[168.794s][info][gc,start    ] GC(169) Pause Final Update Refs
[168.794s][info][gc,task     ] GC(169) Using 3 of 3 workers for final reference update
[168.794s][info][gc          ] GC(169) Pause Final Update Refs 0.150ms
[168.794s][info][gc,start    ] GC(169) Concurrent cleanup
[168.794s][info][gc          ] GC(169) Concurrent cleanup 1813M->729M(8192M) 0.077ms
[168.794s][info][gc,ergo     ] Free: 7006M, Max: 4096K regular, 5052M humongous, Frag: 28% external, 0% internal; Reserve: 412M, Max: 4096K
[168.794s][info][gc,stats    ] 
[168.794s][info][gc,stats    ] All times are wall-clock times, except per-root-class counters, that are sum over
[168.794s][info][gc,stats    ] all workers. Dividing the <total> over the root stage time estimates parallelism.
[168.794s][info][gc,stats    ] 
[168.794s][info][gc,stats    ] Concurrent Reset                  14575 us
[168.794s][info][gc,stats    ] Pause Init Mark (G)                 527 us
[168.794s][info][gc,stats    ] Pause Init Mark (N)                 134 us
[168.794s][info][gc,stats    ]   Update Region States               45 us
[168.794s][info][gc,stats    ] Concurrent Mark Roots              9245 us, parallelism: 0.94x
[168.794s][info][gc,stats    ]   CMR: <total>                     8664 us
[168.794s][info][gc,stats    ]   CMR: Thread Roots                8497 us, workers (us): 8497, ---, ---, 
[168.794s][info][gc,stats    ]   CMR: VM Strong Roots               28 us, workers (us):  28, ---, ---, 
[168.794s][info][gc,stats    ]   CMR: CLDG Roots                   139 us, workers (us): 139, ---, ---, 
[168.794s][info][gc,stats    ] Concurrent Marking                72123 us
[168.794s][info][gc,stats    ] Pause Final Mark (G)                546 us
[168.794s][info][gc,stats    ] Pause Final Mark (N)                294 us
[168.794s][info][gc,stats    ]   Finish Mark                        79 us
[168.794s][info][gc,stats    ]   Update Region States               40 us
[168.794s][info][gc,stats    ]   Choose Collection Set              78 us
[168.794s][info][gc,stats    ]   Rebuild Free Set                    8 us
[168.794s][info][gc,stats    ] Concurrent Thread Roots            7301 us, parallelism: 0.98x
[168.794s][info][gc,stats    ]   CTR: <total>                     7167 us
[168.794s][info][gc,stats    ]   CTR: Thread Roots                7167 us, workers (us): 7167, ---, ---, 
[168.794s][info][gc,stats    ] Concurrent Weak References          566 us, parallelism: 0.87x
[168.794s][info][gc,stats    ]   CWRF: <total>                     494 us
[168.794s][info][gc,stats    ]   CWRF: Weak References             494 us, workers (us): 494, ---, ---, 
[168.794s][info][gc,stats    ] Concurrent Weak Roots              9597 us
[168.794s][info][gc,stats    ]   Roots                            9358 us, parallelism: 1.00x
[168.794s][info][gc,stats    ]     CWR: <total>                   9319 us
[168.794s][info][gc,stats    ]     CWR: Code Cache Roots          7448 us, workers (us): 7448, ---, ---, 
[168.794s][info][gc,stats    ]     CWR: VM Weak Roots             1760 us, workers (us): 1760, ---, ---, 
[168.794s][info][gc,stats    ]     CWR: CLDG Roots                 111 us, workers (us): 111, ---, ---, 
[168.795s][info][gc,stats    ]   Rendezvous                        179 us
[168.795s][info][gc,stats    ] Concurrent Cleanup                   46 us
[168.795s][info][gc,stats    ] Concurrent Class Unloading        54440 us
[168.795s][info][gc,stats    ]   Unlink Stale                    52280 us
[168.795s][info][gc,stats    ]     System Dictionary               405 us
[168.795s][info][gc,stats    ]     Weak Class Links              16425 us
[168.795s][info][gc,stats    ]     Code Roots                    35449 us
[168.795s][info][gc,stats    ]   Rendezvous                        271 us
[168.795s][info][gc,stats    ]   Purge Unlinked                   1814 us
[168.795s][info][gc,stats    ]     Code Roots                     1735 us
[168.795s][info][gc,stats    ]     CLDG                             78 us
[168.795s][info][gc,stats    ]     Exception Caches                  0 us
[168.795s][info][gc,stats    ] Concurrent Strong Roots             419 us, parallelism: 0.70x
[168.795s][info][gc,stats    ]   CSR: <total>                      294 us
[168.795s][info][gc,stats    ]   CSR: VM Strong Roots                9 us, workers (us):   9, ---, ---, 
[168.795s][info][gc,stats    ]   CSR: CLDG Roots                   285 us, workers (us): 285, ---, ---, 
[168.795s][info][gc,stats    ] Concurrent Evacuation              6378 us
[168.795s][info][gc,stats    ] Pause Init Update Refs (G)          234 us
[168.795s][info][gc,stats    ] Pause Init Update Refs (N)          124 us
[168.795s][info][gc,stats    ]   Manage GCLABs                      24 us
[168.795s][info][gc,stats    ] Concurrent Update Refs            71087 us
[168.795s][info][gc,stats    ] Concurrent Update Thread Roots     5997 us
[168.795s][info][gc,stats    ] Pause Final Update Refs (G)         253 us
[168.795s][info][gc,stats    ] Pause Final Update Refs (N)         161 us
[168.795s][info][gc,stats    ]   Update Region States               56 us
[168.795s][info][gc,stats    ]   Trash Collection Set               11 us
[168.795s][info][gc,stats    ]   Rebuild Free Set                   20 us
[168.795s][info][gc,stats    ] Concurrent Cleanup                  101 us
[168.795s][info][gc,stats    ] 
[168.795s][info][gc,stats    ] Allocation pacing accrued:
[168.795s][info][gc,stats    ]       0 of   599 ms (  0.0%): <total>
[168.795s][info][gc,stats    ]       0 of   599 ms (  0.0%): <average total>
[168.795s][info][gc,stats    ] 
[168.795s][info][gc,metaspace] Metaspace: 156732K(158016K)->156763K(158016K) NonClass: 138693K(139392K)->138720K(139392K) Class: 18038K(18624K)->18043K(18624K)
[168.795s][info][gc,ergo     ] Pacer for Idle. Initial: 163M, Alloc Tax Rate: 1.0x
[169.728s][info][gc          ] Trigger: Explicit GC request (System.gc())
[169.728s][info][gc,ergo     ] Free: 5848M, Max: 4096K regular, 5052M humongous, Frag: 14% external, 0% internal; Reserve: 412M, Max: 4096K
[169.728s][info][gc,start    ] GC(170) Concurrent reset
[169.728s][info][gc,task     ] GC(170) Using 1 of 3 workers for concurrent reset
[169.728s][info][gc,ergo     ] GC(170) Pacer for Reset. Non-Taxable: 8192M
[169.732s][info][gc          ] GC(170) Concurrent reset 4.645ms
[169.733s][info][gc,start    ] GC(170) Pause Init Mark (unload classes)
[169.733s][info][gc,task     ] GC(170) Using 3 of 3 workers for init marking
[169.733s][info][gc,ref      ] GC(170) Clearing All SoftReferences
[169.733s][info][gc,ergo     ] GC(170) Pacer for Mark. Expected Live: 150M, Free: 5848M, Non-Taxable: 584M, Alloc Tax Rate: 0.0x
[169.733s][info][gc          ] GC(170) Pause Init Mark (unload classes) 0.239ms
[169.733s][info][gc,start    ] GC(170) Concurrent marking roots
[169.733s][info][gc,task     ] GC(170) Using 1 of 3 workers for concurrent marking roots
[169.739s][info][gc          ] GC(170) Concurrent marking roots 6.508ms
[169.740s][info][gc,start    ] GC(170) Concurrent marking (unload classes)
[169.740s][info][gc,task     ] GC(170) Using 1 of 3 workers for concurrent marking
[169.792s][info][gc          ] GC(170) Concurrent marking (unload classes) 52.584ms
[169.792s][info][gc,start    ] GC(170) Pause Final Mark (unload classes)
[169.792s][info][gc,task     ] GC(170) Using 3 of 3 workers for final marking
[169.792s][info][gc,ergo     ] GC(170) Adaptive CSet Selection. Target Free: 1160M, Actual Free: 6833M, Max CSet: 341M, Min Garbage: 0B
[169.793s][info][gc,ergo     ] GC(170) Collectable Garbage: 1529M (99%), Immediate: 581M (37%), CSet: 947M (61%)
[169.793s][info][gc,ergo     ] GC(170) Pacer for Evacuation. Used CSet: 953M, Free: 6695M, Non-Taxable: 669M, Alloc Tax Rate: 1.1x
[169.793s][info][gc          ] GC(170) Pause Final Mark (unload classes) 0.343ms
[169.793s][info][gc,start    ] GC(170) Concurrent thread roots
[169.793s][info][gc,task     ] GC(170) Using 1 of 3 workers for Concurrent thread roots
[169.799s][info][gc          ] GC(170) Concurrent thread roots 6.729ms
[169.799s][info][gc,start    ] GC(170) Concurrent weak references
[169.799s][info][gc,task     ] GC(170) Using 1 of 3 workers for concurrent weak references
[169.800s][info][gc,ref      ] GC(170) Encountered references: Soft: 3586, Weak: 17964, Final: 53, Phantom: 598
[169.800s][info][gc,ref      ] GC(170) Discovered  references: Soft: 1314, Weak: 6848, Final: 0, Phantom: 373
[169.800s][info][gc,ref      ] GC(170) Enqueued    references: Soft: 848, Weak: 3397, Final: 0, Phantom: 0
[169.801s][info][gc          ] GC(170) Concurrent weak references 1.128ms
[169.801s][info][gc,start    ] GC(170) Concurrent weak roots
[169.801s][info][gc,task     ] GC(170) Using 1 of 3 workers for concurrent weak root
[169.811s][info][gc          ] GC(170) Concurrent weak roots 10.214ms
[169.811s][info][gc,start    ] GC(170) Concurrent cleanup
[169.811s][info][gc          ] GC(170) Concurrent cleanup 2088M->1507M(8192M) 0.039ms
[169.811s][info][gc,ergo     ] GC(170) Free: 6267M, Max: 4096K regular, 5088M humongous, Frag: 19% external, 0% internal; Reserve: 410M, Max: 4096K
[169.811s][info][gc,start    ] GC(170) Concurrent class unloading
[169.811s][info][gc,task     ] GC(170) Using 1 of 3 workers for concurrent class unloading
[169.862s][info][gc          ] GC(170) Concurrent class unloading 50.911ms
[169.862s][info][gc,start    ] GC(170) Concurrent strong roots
[169.862s][info][gc,task     ] GC(170) Using 1 of 3 workers for concurrent strong root
[169.862s][info][gc          ] GC(170) Concurrent strong roots 0.343ms
[169.862s][info][gc,start    ] GC(170) Concurrent evacuation
[169.862s][info][gc,task     ] GC(170) Using 1 of 3 workers for concurrent evacuation
[169.866s][info][gc          ] GC(170) Concurrent evacuation 4.041ms
[169.866s][info][gc,start    ] GC(170) Pause Init Update Refs
[169.867s][info][gc,ergo     ] GC(170) Pacer for Update Refs. Used: 1608M, Free: 6171M, Non-Taxable: 617M, Alloc Tax Rate: 1.1x
[169.867s][info][gc          ] GC(170) Pause Init Update Refs 0.138ms
[169.867s][info][gc,start    ] GC(170) Concurrent update references
[169.867s][info][gc,task     ] GC(170) Using 1 of 3 workers for concurrent reference update
[169.889s][info][gc          ] GC(170) Concurrent update references 22.032ms
[169.889s][info][gc,start    ] GC(170) Concurrent update thread roots
[169.896s][info][gc          ] GC(170) Concurrent update thread roots 7.193ms
[169.896s][info][gc,start    ] GC(170) Pause Final Update Refs
[169.896s][info][gc,task     ] GC(170) Using 3 of 3 workers for final reference update
[169.896s][info][gc          ] GC(170) Pause Final Update Refs 0.149ms
[169.896s][info][gc,start    ] GC(170) Concurrent cleanup
[169.896s][info][gc          ] GC(170) Concurrent cleanup 1608M->655M(8192M) 0.102ms
[169.896s][info][gc,ergo     ] Free: 7124M, Max: 4096K regular, 5220M humongous, Frag: 27% external, 0% internal; Reserve: 412M, Max: 4096K
[169.897s][info][gc,stats    ] 
[169.897s][info][gc,stats    ] All times are wall-clock times, except per-root-class counters, that are sum over
[169.897s][info][gc,stats    ] all workers. Dividing the <total> over the root stage time estimates parallelism.
[169.897s][info][gc,stats    ] 
[169.897s][info][gc,stats    ] Concurrent Reset                   4714 us
[169.897s][info][gc,stats    ] Pause Init Mark (G)                 458 us
[169.897s][info][gc,stats    ] Pause Init Mark (N)                 260 us
[169.897s][info][gc,stats    ]   Update Region States               78 us
[169.897s][info][gc,stats    ] Concurrent Mark Roots              6563 us, parallelism: 0.95x
[169.897s][info][gc,stats    ]   CMR: <total>                     6246 us
[169.897s][info][gc,stats    ]   CMR: Thread Roots                6154 us, workers (us): 6154, ---, ---, 
[169.897s][info][gc,stats    ]   CMR: VM Strong Roots               11 us, workers (us):  11, ---, ---, 
[169.897s][info][gc,stats    ]   CMR: CLDG Roots                    81 us, workers (us):  81, ---, ---, 
[169.897s][info][gc,stats    ] Concurrent Marking                52630 us
[169.897s][info][gc,stats    ] Pause Final Mark (G)                465 us
[169.897s][info][gc,stats    ] Pause Final Mark (N)                352 us
[169.897s][info][gc,stats    ]   Finish Mark                        63 us
[169.897s][info][gc,stats    ]   Update Region States               43 us
[169.897s][info][gc,stats    ]   Choose Collection Set             131 us
[169.897s][info][gc,stats    ]   Rebuild Free Set                   10 us
[169.897s][info][gc,stats    ] Concurrent Thread Roots            6771 us, parallelism: 0.97x
[169.897s][info][gc,stats    ]   CTR: <total>                     6551 us
[169.897s][info][gc,stats    ]   CTR: Thread Roots                6551 us, workers (us): 6551, ---, ---, 
[169.897s][info][gc,stats    ] Concurrent Weak References         1145 us, parallelism: 0.84x
[169.897s][info][gc,stats    ]   CWRF: <total>                     956 us
[169.897s][info][gc,stats    ]   CWRF: Weak References             956 us, workers (us): 956, ---, ---, 
[169.897s][info][gc,stats    ] Concurrent Weak Roots             10248 us
[169.897s][info][gc,stats    ]   Roots                           10019 us, parallelism: 1.00x
[169.897s][info][gc,stats    ]     CWR: <total>                   9986 us
[169.897s][info][gc,stats    ]     CWR: Code Cache Roots          8642 us, workers (us): 8642, ---, ---, 
[169.897s][info][gc,stats    ]     CWR: VM Weak Roots             1256 us, workers (us): 1256, ---, ---, 
[169.897s][info][gc,stats    ]     CWR: CLDG Roots                  88 us, workers (us):  88, ---, ---, 
[169.897s][info][gc,stats    ]   Rendezvous                        176 us
[169.897s][info][gc,stats    ] Concurrent Cleanup                   49 us
[169.897s][info][gc,stats    ] Concurrent Class Unloading        50963 us
[169.897s][info][gc,stats    ]   Unlink Stale                    48216 us
[169.897s][info][gc,stats    ]     System Dictionary              1855 us
[169.897s][info][gc,stats    ]     Weak Class Links              17697 us
[169.897s][info][gc,stats    ]     Code Roots                    28662 us
[169.897s][info][gc,stats    ]   Rendezvous                        231 us
[169.897s][info][gc,stats    ]   Purge Unlinked                   2444 us
[169.897s][info][gc,stats    ]     Code Roots                     1332 us
[169.897s][info][gc,stats    ]     CLDG                           1110 us
[169.897s][info][gc,stats    ]     Exception Caches                  0 us
[169.897s][info][gc,stats    ] Concurrent Strong Roots             364 us, parallelism: 0.61x
[169.897s][info][gc,stats    ]   CSR: <total>                      222 us
[169.897s][info][gc,stats    ]   CSR: VM Strong Roots                9 us, workers (us):   9, ---, ---, 
[169.897s][info][gc,stats    ]   CSR: CLDG Roots                   214 us, workers (us): 214, ---, ---, 
[169.897s][info][gc,stats    ] Concurrent Evacuation              4110 us
[169.897s][info][gc,stats    ] Pause Init Update Refs (G)          327 us
[169.897s][info][gc,stats    ] Pause Init Update Refs (N)          159 us
[169.897s][info][gc,stats    ]   Manage GCLABs                      36 us
[169.897s][info][gc,stats    ] Concurrent Update Refs            22106 us
[169.897s][info][gc,stats    ] Concurrent Update Thread Roots     7277 us
[169.897s][info][gc,stats    ] Pause Final Update Refs (G)         270 us
[169.897s][info][gc,stats    ] Pause Final Update Refs (N)         174 us
[169.897s][info][gc,stats    ]   Update Region States               70 us
[169.897s][info][gc,stats    ]   Trash Collection Set                5 us
[169.897s][info][gc,stats    ]   Rebuild Free Set                   15 us
[169.897s][info][gc,stats    ] Concurrent Cleanup                  129 us
[169.897s][info][gc,stats    ] 
[169.897s][info][gc,stats    ] Allocation pacing accrued:
[169.897s][info][gc,stats    ]       0 of  1102 ms (  0.0%): <total>
[169.897s][info][gc,stats    ]       0 of  1102 ms (  0.0%): <average total>
[169.897s][info][gc,stats    ] 
[169.897s][info][gc,metaspace] Metaspace: 156907K(158144K)->155872K(158016K) NonClass: 138845K(139456K)->137981K(139392K) Class: 18062K(18688K)->17890K(18624K)
[169.897s][info][gc,ergo     ] Pacer for Idle. Initial: 163M, Alloc Tax Rate: 1.0x
[170.225s][info][gc          ] Trigger: Learning 2 of 5. Free (5644M) is below initial threshold (5734M)
[170.225s][info][gc,ergo     ] Free: 5644M, Max: 4096K regular, 5220M humongous, Frag: 8% external, 0% internal; Reserve: 412M, Max: 4096K
[170.226s][info][gc,start    ] GC(171) Concurrent reset
[170.226s][info][gc,task     ] GC(171) Using 1 of 3 workers for concurrent reset
[170.226s][info][gc,ergo     ] GC(171) Pacer for Reset. Non-Taxable: 8192M
[170.238s][info][gc          ] GC(171) Concurrent reset 12.244ms
[170.238s][info][gc,start    ] GC(171) Pause Init Mark (unload classes)
[170.238s][info][gc,task     ] GC(171) Using 3 of 3 workers for init marking
[170.238s][info][gc,ergo     ] GC(171) Pacer for Mark. Expected Live: 140M, Free: 5579M, Non-Taxable: 557M, Alloc Tax Rate: 0.0x
[170.238s][info][gc          ] GC(171) Pause Init Mark (unload classes) 0.166ms
[170.241s][info][gc,start    ] GC(171) Concurrent marking roots
[170.241s][info][gc,task     ] GC(171) Using 1 of 3 workers for concurrent marking roots
[170.250s][info][gc          ] GC(171) Concurrent marking roots 8.850ms
[170.250s][info][gc,start    ] GC(171) Concurrent marking (unload classes)
[170.250s][info][gc,task     ] GC(171) Using 1 of 3 workers for concurrent marking
[170.324s][info][gc          ] GC(171) Concurrent marking (unload classes) 73.761ms
[170.324s][info][gc,start    ] GC(171) Pause Final Mark (unload classes)
[170.324s][info][gc,task     ] GC(171) Using 3 of 3 workers for final marking
[170.324s][info][gc,ergo     ] GC(171) Adaptive CSet Selection. Target Free: 1160M, Actual Free: 6556M, Max CSet: 341M, Min Garbage: 0B
[170.325s][info][gc,ergo     ] GC(171) Collectable Garbage: 1984M (99%), Immediate: 908M (45%), CSet: 1075M (53%)
[170.325s][info][gc,ergo     ] GC(171) Pacer for Evacuation. Used CSet: 1133M, Free: 6182M, Non-Taxable: 618M, Alloc Tax Rate: 1.1x
[170.325s][info][gc          ] GC(171) Pause Final Mark (unload classes) 0.417ms
[170.325s][info][gc,start    ] GC(171) Concurrent thread roots
[170.325s][info][gc,task     ] GC(171) Using 1 of 3 workers for Concurrent thread roots
[170.331s][info][gc          ] GC(171) Concurrent thread roots 6.598ms
[170.331s][info][gc,start    ] GC(171) Concurrent weak references
[170.331s][info][gc,task     ] GC(171) Using 1 of 3 workers for concurrent weak references
[170.332s][info][gc,ref      ] GC(171) Encountered references: Soft: 3714, Weak: 14987, Final: 53, Phantom: 598
[170.332s][info][gc,ref      ] GC(171) Discovered  references: Soft: 0, Weak: 3147, Final: 0, Phantom: 234
[170.332s][info][gc,ref      ] GC(171) Enqueued    references: Soft: 0, Weak: 216, Final: 0, Phantom: 0
[170.332s][info][gc          ] GC(171) Concurrent weak references 0.361ms
[170.332s][info][gc,start    ] GC(171) Concurrent weak roots
[170.332s][info][gc,task     ] GC(171) Using 1 of 3 workers for concurrent weak root
[170.347s][info][gc          ] GC(171) Concurrent weak roots 15.021ms
[170.347s][info][gc,start    ] GC(171) Concurrent cleanup
[170.347s][info][gc          ] GC(171) Concurrent cleanup 2625M->1717M(8192M) 0.054ms
[170.347s][info][gc,ergo     ] GC(171) Free: 6107M, Max: 4096K regular, 5164M humongous, Frag: 16% external, 0% internal; Reserve: 348M, Max: 4096K
[170.347s][info][gc,start    ] GC(171) Concurrent class unloading
[170.347s][info][gc,task     ] GC(171) Using 1 of 3 workers for concurrent class unloading
[170.397s][info][gc          ] GC(171) Concurrent class unloading 49.881ms
[170.397s][info][gc,start    ] GC(171) Concurrent strong roots
[170.397s][info][gc,task     ] GC(171) Using 1 of 3 workers for concurrent strong root
[170.397s][info][gc          ] GC(171) Concurrent strong roots 0.713ms
[170.398s][info][gc,start    ] GC(171) Concurrent evacuation
[170.398s][info][gc,task     ] GC(171) Using 1 of 3 workers for concurrent evacuation
[170.407s][info][gc          ] GC(171) Concurrent evacuation 9.665ms
[170.407s][info][gc,start    ] GC(171) Pause Init Update Refs
[170.407s][info][gc,ergo     ] GC(171) Pacer for Update Refs. Used: 1796M, Free: 6022M, Non-Taxable: 602M, Alloc Tax Rate: 1.1x
[170.407s][info][gc          ] GC(171) Pause Init Update Refs 0.076ms
[170.407s][info][gc,start    ] GC(171) Concurrent update references
[170.407s][info][gc,task     ] GC(171) Using 1 of 3 workers for concurrent reference update
[170.486s][info][gc          ] GC(171) Concurrent update references 78.189ms
[170.486s][info][gc,start    ] GC(171) Concurrent update thread roots
[170.492s][info][gc          ] GC(171) Concurrent update thread roots 6.176ms
[170.492s][info][gc,start    ] GC(171) Pause Final Update Refs
[170.492s][info][gc,task     ] GC(171) Using 3 of 3 workers for final reference update
[170.492s][info][gc          ] GC(171) Pause Final Update Refs 0.160ms
[170.492s][info][gc,start    ] GC(171) Concurrent cleanup
[170.492s][info][gc          ] GC(171) Concurrent cleanup 1866M->733M(8192M) 0.084ms
[170.492s][info][gc,ergo     ] Free: 7002M, Max: 4096K regular, 5096M humongous, Frag: 28% external, 0% internal; Reserve: 412M, Max: 4096K
[170.492s][info][gc,stats    ] 
[170.492s][info][gc,stats    ] All times are wall-clock times, except per-root-class counters, that are sum over
[170.492s][info][gc,stats    ] all workers. Dividing the <total> over the root stage time estimates parallelism.
[170.492s][info][gc,stats    ] 
[170.492s][info][gc,stats    ] Concurrent Reset                  12322 us
[170.493s][info][gc,stats    ] Pause Init Mark (G)                3482 us
[170.493s][info][gc,stats    ] Pause Init Mark (N)                 177 us
[170.493s][info][gc,stats    ]   Update Region States               49 us
[170.493s][info][gc,stats    ] Concurrent Mark Roots              8954 us, parallelism: 0.93x
[170.493s][info][gc,stats    ]   CMR: <total>                     8361 us
[170.493s][info][gc,stats    ]   CMR: Thread Roots                8226 us, workers (us): 8226, ---, ---, 
[170.493s][info][gc,stats    ]   CMR: VM Strong Roots               22 us, workers (us):  22, ---, ---, 
[170.493s][info][gc,stats    ]   CMR: CLDG Roots                   113 us, workers (us): 113, ---, ---, 
[170.493s][info][gc,stats    ] Concurrent Marking                73816 us
[170.493s][info][gc,stats    ] Pause Final Mark (G)                506 us
[170.493s][info][gc,stats    ] Pause Final Mark (N)                425 us
[170.493s][info][gc,stats    ]   Finish Mark                        75 us
[170.493s][info][gc,stats    ]   Update Region States               44 us
[170.493s][info][gc,stats    ]   Choose Collection Set             156 us
[170.493s][info][gc,stats    ]   Rebuild Free Set                   23 us
[170.493s][info][gc,stats    ] Concurrent Thread Roots            6664 us, parallelism: 0.98x
[170.493s][info][gc,stats    ]   CTR: <total>                     6547 us
[170.493s][info][gc,stats    ]   CTR: Thread Roots                6547 us, workers (us): 6547, ---, ---, 
[170.493s][info][gc,stats    ] Concurrent Weak References          368 us, parallelism: 0.71x
[170.493s][info][gc,stats    ]   CWRF: <total>                     263 us
[170.493s][info][gc,stats    ]   CWRF: Weak References             263 us, workers (us): 263, ---, ---, 
[170.493s][info][gc,stats    ] Concurrent Weak Roots             15070 us
[170.493s][info][gc,stats    ]   Roots                           14364 us, parallelism: 0.99x
[170.493s][info][gc,stats    ]     CWR: <total>                  14278 us
[170.493s][info][gc,stats    ]     CWR: Code Cache Roots         12907 us, workers (us): 12907, ---, ---, 
[170.493s][info][gc,stats    ]     CWR: VM Weak Roots             1290 us, workers (us): 1290, ---, ---, 
[170.493s][info][gc,stats    ]     CWR: CLDG Roots                  81 us, workers (us):  81, ---, ---, 
[170.493s][info][gc,stats    ]   Rendezvous                        636 us
[170.493s][info][gc,stats    ] Concurrent Cleanup                   63 us
[170.493s][info][gc,stats    ] Concurrent Class Unloading        49959 us
[170.493s][info][gc,stats    ]   Unlink Stale                    47487 us
[170.493s][info][gc,stats    ]     System Dictionary               724 us
[170.493s][info][gc,stats    ]     Weak Class Links              17784 us
[170.493s][info][gc,stats    ]     Code Roots                    28975 us
[170.493s][info][gc,stats    ]   Rendezvous                        352 us
[170.493s][info][gc,stats    ]   Purge Unlinked                   1996 us
[170.493s][info][gc,stats    ]     Code Roots                     1867 us
[170.493s][info][gc,stats    ]     CLDG                            127 us
[170.493s][info][gc,stats    ]     Exception Caches                  0 us
[170.493s][info][gc,stats    ] Concurrent Strong Roots             762 us, parallelism: 0.66x
[170.493s][info][gc,stats    ]   CSR: <total>                      505 us
[170.493s][info][gc,stats    ]   CSR: VM Strong Roots               12 us, workers (us):  12, ---, ---, 
[170.493s][info][gc,stats    ]   CSR: CLDG Roots                   493 us, workers (us): 493, ---, ---, 
[170.493s][info][gc,stats    ] Concurrent Evacuation              9734 us
[170.493s][info][gc,stats    ] Pause Init Update Refs (G)          200 us
[170.493s][info][gc,stats    ] Pause Init Update Refs (N)           85 us
[170.493s][info][gc,stats    ]   Manage GCLABs                      19 us
[170.493s][info][gc,stats    ] Concurrent Update Refs            78256 us
[170.493s][info][gc,stats    ] Concurrent Update Thread Roots     6249 us
[170.493s][info][gc,stats    ] Pause Final Update Refs (G)         246 us
[170.493s][info][gc,stats    ] Pause Final Update Refs (N)         170 us
[170.493s][info][gc,stats    ]   Update Region States               72 us
[170.493s][info][gc,stats    ]   Trash Collection Set               11 us
[170.493s][info][gc,stats    ]   Rebuild Free Set                   20 us
[170.493s][info][gc,stats    ] Concurrent Cleanup                  108 us
[170.493s][info][gc,stats    ] 
[170.493s][info][gc,stats    ] Allocation pacing accrued:
[170.493s][info][gc,stats    ]       0 of   596 ms (  0.0%): <total>
[170.493s][info][gc,stats    ]       0 of   596 ms (  0.0%): <average total>
[170.493s][info][gc,stats    ] 
[170.493s][info][gc,metaspace] Metaspace: 156738K(158016K)->156750K(158016K) NonClass: 138698K(139392K)->138711K(139392K) Class: 18039K(18624K)->18039K(18624K)
[170.493s][info][gc,ergo     ] Pacer for Idle. Initial: 163M, Alloc Tax Rate: 1.0x
[171.436s][info][gc          ] Trigger: Explicit GC request (System.gc())
[171.436s][info][gc,ergo     ] Free: 5840M, Max: 4096K regular, 5096M humongous, Frag: 13% external, 0% internal; Reserve: 412M, Max: 4096K
[171.436s][info][gc,start    ] GC(172) Concurrent reset
[171.436s][info][gc,task     ] GC(172) Using 1 of 3 workers for concurrent reset
[171.436s][info][gc,ergo     ] GC(172) Pacer for Reset. Non-Taxable: 8192M
[171.442s][info][gc          ] GC(172) Concurrent reset 5.807ms
[171.442s][info][gc,start    ] GC(172) Pause Init Mark (unload classes)
[171.442s][info][gc,task     ] GC(172) Using 3 of 3 workers for init marking
[171.442s][info][gc,ref      ] GC(172) Clearing All SoftReferences
[171.442s][info][gc,ergo     ] GC(172) Pacer for Mark. Expected Live: 151M, Free: 5840M, Non-Taxable: 584M, Alloc Tax Rate: 0.0x
[171.442s][info][gc          ] GC(172) Pause Init Mark (unload classes) 0.173ms
[171.442s][info][gc,start    ] GC(172) Concurrent marking roots
[171.442s][info][gc,task     ] GC(172) Using 1 of 3 workers for concurrent marking roots
[171.449s][info][gc          ] GC(172) Concurrent marking roots 6.849ms
[171.449s][info][gc,start    ] GC(172) Concurrent marking (unload classes)
[171.449s][info][gc,task     ] GC(172) Using 1 of 3 workers for concurrent marking
[171.501s][info][gc          ] GC(172) Concurrent marking (unload classes) 51.606ms
[171.501s][info][gc,start    ] GC(172) Pause Final Mark (unload classes)
[171.501s][info][gc,task     ] GC(172) Using 3 of 3 workers for final marking
[171.501s][info][gc,ergo     ] GC(172) Adaptive CSet Selection. Target Free: 1160M, Actual Free: 6821M, Max CSet: 341M, Min Garbage: 0B
[171.501s][info][gc,ergo     ] GC(172) Collectable Garbage: 1535M (99%), Immediate: 577M (37%), CSet: 958M (62%)
[171.501s][info][gc,ergo     ] GC(172) Pacer for Evacuation. Used CSet: 969M, Free: 6687M, Non-Taxable: 668M, Alloc Tax Rate: 1.1x
[171.501s][info][gc          ] GC(172) Pause Final Mark (unload classes) 0.299ms
[171.501s][info][gc,start    ] GC(172) Concurrent thread roots
[171.501s][info][gc,task     ] GC(172) Using 1 of 3 workers for Concurrent thread roots
[171.508s][info][gc          ] GC(172) Concurrent thread roots 6.371ms
[171.508s][info][gc,start    ] GC(172) Concurrent weak references
[171.508s][info][gc,task     ] GC(172) Using 1 of 3 workers for concurrent weak references
[171.509s][info][gc,ref      ] GC(172) Encountered references: Soft: 3587, Weak: 17968, Final: 53, Phantom: 598
[171.509s][info][gc,ref      ] GC(172) Discovered  references: Soft: 1315, Weak: 6851, Final: 0, Phantom: 373
[171.509s][info][gc,ref      ] GC(172) Enqueued    references: Soft: 849, Weak: 3400, Final: 0, Phantom: 0
[171.509s][info][gc          ] GC(172) Concurrent weak references 0.841ms
[171.509s][info][gc,start    ] GC(172) Concurrent weak roots
[171.509s][info][gc,task     ] GC(172) Using 1 of 3 workers for concurrent weak root
[171.519s][info][gc          ] GC(172) Concurrent weak roots 10.388ms
[171.519s][info][gc,start    ] GC(172) Concurrent cleanup
[171.519s][info][gc          ] GC(172) Concurrent cleanup 2016M->1443M(8192M) 0.058ms
[171.519s][info][gc,ergo     ] GC(172) Free: 6331M, Max: 4096K regular, 5128M humongous, Frag: 19% external, 0% internal; Reserve: 410M, Max: 4096K
[171.519s][info][gc,start    ] GC(172) Concurrent class unloading
[171.519s][info][gc,task     ] GC(172) Using 1 of 3 workers for concurrent class unloading
[171.570s][info][gc          ] GC(172) Concurrent class unloading 50.913ms
[171.570s][info][gc,start    ] GC(172) Concurrent strong roots
[171.570s][info][gc,task     ] GC(172) Using 1 of 3 workers for concurrent strong root
[171.570s][info][gc          ] GC(172) Concurrent strong roots 0.307ms
[171.570s][info][gc,start    ] GC(172) Concurrent evacuation
[171.570s][info][gc,task     ] GC(172) Using 1 of 3 workers for concurrent evacuation
[171.577s][info][gc          ] GC(172) Concurrent evacuation 6.888ms
[171.578s][info][gc,start    ] GC(172) Pause Init Update Refs
[171.578s][info][gc,ergo     ] GC(172) Pacer for Update Refs. Used: 1605M, Free: 6179M, Non-Taxable: 617M, Alloc Tax Rate: 1.1x
[171.578s][info][gc          ] GC(172) Pause Init Update Refs 0.183ms
[171.578s][info][gc,start    ] GC(172) Concurrent update references
[171.578s][info][gc,task     ] GC(172) Using 1 of 3 workers for concurrent reference update
[171.601s][info][gc          ] GC(172) Concurrent update references 23.010ms
[171.601s][info][gc,start    ] GC(172) Concurrent update thread roots
[171.607s][info][gc          ] GC(172) Concurrent update thread roots 6.000ms
[171.607s][info][gc,start    ] GC(172) Pause Final Update Refs
[171.607s][info][gc,task     ] GC(172) Using 3 of 3 workers for final reference update
[171.607s][info][gc          ] GC(172) Pause Final Update Refs 0.162ms
[171.607s][info][gc,start    ] GC(172) Concurrent cleanup
[171.607s][info][gc          ] GC(172) Concurrent cleanup 1605M->636M(8192M) 0.074ms
[171.607s][info][gc,ergo     ] Free: 7143M, Max: 4096K regular, 5224M humongous, Frag: 27% external, 0% internal; Reserve: 412M, Max: 4096K
[171.607s][info][gc,stats    ] 
[171.607s][info][gc,stats    ] All times are wall-clock times, except per-root-class counters, that are sum over
[171.607s][info][gc,stats    ] all workers. Dividing the <total> over the root stage time estimates parallelism.
[171.607s][info][gc,stats    ] 
[171.607s][info][gc,stats    ] Concurrent Reset                   5871 us
[171.607s][info][gc,stats    ] Pause Init Mark (G)                 348 us
[171.607s][info][gc,stats    ] Pause Init Mark (N)                 182 us
[171.607s][info][gc,stats    ]   Update Region States               75 us
[171.607s][info][gc,stats    ] Concurrent Mark Roots              6906 us, parallelism: 0.93x
[171.607s][info][gc,stats    ]   CMR: <total>                     6397 us
[171.607s][info][gc,stats    ]   CMR: Thread Roots                6297 us, workers (us): 6297, ---, ---, 
[171.607s][info][gc,stats    ]   CMR: VM Strong Roots               12 us, workers (us):  12, ---, ---, 
[171.608s][info][gc,stats    ]   CMR: CLDG Roots                    88 us, workers (us):  88, ---, ---, 
[171.608s][info][gc,stats    ] Concurrent Marking                51673 us
[171.608s][info][gc,stats    ] Pause Final Mark (G)                398 us
[171.608s][info][gc,stats    ] Pause Final Mark (N)                308 us
[171.608s][info][gc,stats    ]   Finish Mark                        84 us
[171.608s][info][gc,stats    ]   Update Region States               56 us
[171.608s][info][gc,stats    ]   Choose Collection Set              84 us
[171.608s][info][gc,stats    ]   Rebuild Free Set                    9 us
[171.608s][info][gc,stats    ] Concurrent Thread Roots            6416 us, parallelism: 0.97x
[171.608s][info][gc,stats    ]   CTR: <total>                     6253 us
[171.608s][info][gc,stats    ]   CTR: Thread Roots                6253 us, workers (us): 6253, ---, ---, 
[171.608s][info][gc,stats    ] Concurrent Weak References          859 us, parallelism: 0.78x
[171.608s][info][gc,stats    ]   CWRF: <total>                     671 us
[171.608s][info][gc,stats    ]   CWRF: Weak References             671 us, workers (us): 671, ---, ---, 
[171.608s][info][gc,stats    ] Concurrent Weak Roots             10428 us
[171.608s][info][gc,stats    ]   Roots                           10161 us, parallelism: 0.99x
[171.608s][info][gc,stats    ]     CWR: <total>                  10099 us
[171.608s][info][gc,stats    ]     CWR: Code Cache Roots          8672 us, workers (us): 8672, ---, ---, 
[171.608s][info][gc,stats    ]     CWR: VM Weak Roots             1342 us, workers (us): 1342, ---, ---, 
[171.608s][info][gc,stats    ]     CWR: CLDG Roots                  84 us, workers (us):  84, ---, ---, 
[171.608s][info][gc,stats    ]   Rendezvous                        192 us
[171.608s][info][gc,stats    ] Concurrent Cleanup                   77 us
[171.608s][info][gc,stats    ] Concurrent Class Unloading        50959 us
[171.608s][info][gc,stats    ]   Unlink Stale                    48668 us
[171.608s][info][gc,stats    ]     System Dictionary              1906 us
[171.608s][info][gc,stats    ]     Weak Class Links              17669 us
[171.608s][info][gc,stats    ]     Code Roots                    29091 us
[171.608s][info][gc,stats    ]   Rendezvous                        213 us
[171.608s][info][gc,stats    ]   Purge Unlinked                   2010 us
[171.608s][info][gc,stats    ]     Code Roots                     1206 us
[171.608s][info][gc,stats    ]     CLDG                            804 us
[171.608s][info][gc,stats    ]     Exception Caches                  0 us
[171.608s][info][gc,stats    ] Concurrent Strong Roots             316 us, parallelism: 0.69x
[171.608s][info][gc,stats    ]   CSR: <total>                      218 us
[171.608s][info][gc,stats    ]   CSR: VM Strong Roots                8 us, workers (us):   8, ---, ---, 
[171.608s][info][gc,stats    ]   CSR: CLDG Roots                   210 us, workers (us): 210, ---, ---, 
[171.608s][info][gc,stats    ] Concurrent Evacuation              6948 us
[171.608s][info][gc,stats    ] Pause Init Update Refs (G)          342 us
[171.608s][info][gc,stats    ] Pause Init Update Refs (N)          205 us
[171.608s][info][gc,stats    ]   Manage GCLABs                      59 us
[171.608s][info][gc,stats    ] Concurrent Update Refs            23055 us
[171.608s][info][gc,stats    ] Concurrent Update Thread Roots     6026 us
[171.608s][info][gc,stats    ] Pause Final Update Refs (G)         245 us
[171.608s][info][gc,stats    ] Pause Final Update Refs (N)         180 us
[171.608s][info][gc,stats    ]   Update Region States               66 us
[171.608s][info][gc,stats    ]   Trash Collection Set               12 us
[171.608s][info][gc,stats    ]   Rebuild Free Set                   20 us
[171.608s][info][gc,stats    ] Concurrent Cleanup                   97 us
[171.608s][info][gc,stats    ] 
[171.608s][info][gc,stats    ] Allocation pacing accrued:
[171.608s][info][gc,stats    ]       0 of  1115 ms (  0.0%): <total>
[171.608s][info][gc,stats    ]       0 of  1115 ms (  0.0%): <average total>
[171.608s][info][gc,stats    ] 
[171.608s][info][gc,metaspace] Metaspace: 156904K(158144K)->155872K(158016K) NonClass: 138842K(139456K)->137981K(139392K) Class: 18062K(18688K)->17891K(18624K)
[171.608s][info][gc,ergo     ] Pacer for Idle. Initial: 163M, Alloc Tax Rate: 1.0x
[171.935s][info][gc          ] Trigger: Learning 2 of 5. Free (5651M) is below initial threshold (5734M)
[171.935s][info][gc,ergo     ] Free: 5651M, Max: 4096K regular, 5224M humongous, Frag: 8% external, 0% internal; Reserve: 412M, Max: 4096K
[171.935s][info][gc,start    ] GC(173) Concurrent reset
[171.935s][info][gc,task     ] GC(173) Using 1 of 3 workers for concurrent reset
[171.935s][info][gc,ergo     ] GC(173) Pacer for Reset. Non-Taxable: 8192M
[171.950s][info][gc          ] GC(173) Concurrent reset 14.506ms
[171.950s][info][gc,start    ] GC(173) Pause Init Mark (unload classes)
[171.950s][info][gc,task     ] GC(173) Using 3 of 3 workers for init marking
[171.950s][info][gc,ergo     ] GC(173) Pacer for Mark. Expected Live: 140M, Free: 5551M, Non-Taxable: 555M, Alloc Tax Rate: 0.0x
[171.950s][info][gc          ] GC(173) Pause Init Mark (unload classes) 0.119ms
[171.950s][info][gc,start    ] GC(173) Concurrent marking roots
[171.950s][info][gc,task     ] GC(173) Using 1 of 3 workers for concurrent marking roots
[171.960s][info][gc          ] GC(173) Concurrent marking roots 9.410ms
[171.960s][info][gc,start    ] GC(173) Concurrent marking (unload classes)
[171.960s][info][gc,task     ] GC(173) Using 1 of 3 workers for concurrent marking
[172.030s][info][gc          ] GC(173) Concurrent marking (unload classes) 70.555ms
[172.030s][info][gc,start    ] GC(173) Pause Final Mark (unload classes)
[172.030s][info][gc,task     ] GC(173) Using 3 of 3 workers for final marking
[172.031s][info][gc,ergo     ] GC(173) Adaptive CSet Selection. Target Free: 1160M, Actual Free: 6634M, Max CSet: 341M, Min Garbage: 0B
[172.031s][info][gc,ergo     ] GC(173) Collectable Garbage: 2015M (99%), Immediate: 994M (49%), CSet: 1021M (50%)
[172.031s][info][gc,ergo     ] GC(173) Pacer for Evacuation. Used CSet: 1079M, Free: 6257M, Non-Taxable: 625M, Alloc Tax Rate: 1.1x
[172.031s][info][gc          ] GC(173) Pause Final Mark (unload classes) 0.241ms
[172.031s][info][gc,start    ] GC(173) Concurrent thread roots
[172.031s][info][gc,task     ] GC(173) Using 1 of 3 workers for Concurrent thread roots
[172.038s][info][gc          ] GC(173) Concurrent thread roots 6.986ms
[172.038s][info][gc,start    ] GC(173) Concurrent weak references
[172.038s][info][gc,task     ] GC(173) Using 1 of 3 workers for concurrent weak references
[172.038s][info][gc,ref      ] GC(173) Encountered references: Soft: 3714, Weak: 14986, Final: 53, Phantom: 598
[172.038s][info][gc,ref      ] GC(173) Discovered  references: Soft: 0, Weak: 2815, Final: 0, Phantom: 278
[172.038s][info][gc,ref      ] GC(173) Enqueued    references: Soft: 0, Weak: 212, Final: 0, Phantom: 0
[172.038s][info][gc          ] GC(173) Concurrent weak references 0.428ms
[172.038s][info][gc,start    ] GC(173) Concurrent weak roots
[172.038s][info][gc,task     ] GC(173) Using 1 of 3 workers for concurrent weak root
[172.048s][info][gc          ] GC(173) Concurrent weak roots 9.525ms
[172.048s][info][gc,start    ] GC(173) Concurrent cleanup
[172.048s][info][gc          ] GC(173) Concurrent cleanup 2592M->1598M(8192M) 0.039ms
[172.048s][info][gc,ergo     ] GC(173) Free: 6168M, Max: 4096K regular, 5140M humongous, Frag: 17% external, 0% internal; Reserve: 403M, Max: 4096K
[172.048s][info][gc,start    ] GC(173) Concurrent class unloading
[172.048s][info][gc,task     ] GC(173) Using 1 of 3 workers for concurrent class unloading
[172.102s][info][gc          ] GC(173) Concurrent class unloading 53.801ms
[172.102s][info][gc,start    ] GC(173) Concurrent strong roots
[172.102s][info][gc,task     ] GC(173) Using 1 of 3 workers for concurrent strong root
[172.102s][info][gc          ] GC(173) Concurrent strong roots 0.458ms
[172.102s][info][gc,start    ] GC(173) Concurrent evacuation
[172.102s][info][gc,task     ] GC(173) Using 1 of 3 workers for concurrent evacuation
[172.110s][info][gc          ] GC(173) Concurrent evacuation 7.417ms
[172.110s][info][gc,start    ] GC(173) Pause Init Update Refs
[172.110s][info][gc,ergo     ] GC(173) Pacer for Update Refs. Used: 1716M, Free: 6100M, Non-Taxable: 610M, Alloc Tax Rate: 1.1x
[172.110s][info][gc          ] GC(173) Pause Init Update Refs 0.052ms
[172.110s][info][gc,start    ] GC(173) Concurrent update references
[172.110s][info][gc,task     ] GC(173) Using 1 of 3 workers for concurrent reference update
[172.178s][info][gc          ] GC(173) Concurrent update references 68.001ms
[172.178s][info][gc,start    ] GC(173) Concurrent update thread roots
[172.184s][info][gc          ] GC(173) Concurrent update thread roots 6.162ms
[172.184s][info][gc,start    ] GC(173) Pause Final Update Refs
[172.184s][info][gc,task     ] GC(173) Using 3 of 3 workers for final reference update
[172.184s][info][gc          ] GC(173) Pause Final Update Refs 0.129ms
[172.184s][info][gc,start    ] GC(173) Concurrent cleanup
[172.184s][info][gc          ] GC(173) Concurrent cleanup 1787M->707M(8192M) 0.080ms
[172.184s][info][gc,ergo     ] Free: 7028M, Max: 4096K regular, 5072M humongous, Frag: 28% external, 0% internal; Reserve: 412M, Max: 4096K
[172.184s][info][gc,stats    ] 
[172.184s][info][gc,stats    ] All times are wall-clock times, except per-root-class counters, that are sum over
[172.184s][info][gc,stats    ] all workers. Dividing the <total> over the root stage time estimates parallelism.
[172.185s][info][gc,stats    ] 
[172.185s][info][gc,stats    ] Concurrent Reset                  14696 us
[172.185s][info][gc,stats    ] Pause Init Mark (G)                 477 us
[172.185s][info][gc,stats    ] Pause Init Mark (N)                 129 us
[172.185s][info][gc,stats    ]   Update Region States               28 us
[172.185s][info][gc,stats    ] Concurrent Mark Roots              9569 us, parallelism: 0.93x
[172.185s][info][gc,stats    ]   CMR: <total>                     8914 us
[172.185s][info][gc,stats    ]   CMR: Thread Roots                8657 us, workers (us): 8657, ---, ---, 
[172.185s][info][gc,stats    ]   CMR: VM Strong Roots              118 us, workers (us): 118, ---, ---, 
[172.185s][info][gc,stats    ]   CMR: CLDG Roots                   139 us, workers (us): 139, ---, ---, 
[172.185s][info][gc,stats    ] Concurrent Marking                70613 us
[172.185s][info][gc,stats    ] Pause Final Mark (G)                317 us
[172.185s][info][gc,stats    ] Pause Final Mark (N)                250 us
[172.185s][info][gc,stats    ]   Finish Mark                        76 us
[172.185s][info][gc,stats    ]   Update Region States               33 us
[172.185s][info][gc,stats    ]   Choose Collection Set              68 us
[172.185s][info][gc,stats    ]   Rebuild Free Set                    9 us
[172.185s][info][gc,stats    ] Concurrent Thread Roots            7068 us, parallelism: 0.98x
[172.185s][info][gc,stats    ]   CTR: <total>                     6909 us
[172.185s][info][gc,stats    ]   CTR: Thread Roots                6909 us, workers (us): 6909, ---, ---, 
[172.185s][info][gc,stats    ] Concurrent Weak References          439 us, parallelism: 0.70x
[172.185s][info][gc,stats    ]   CWRF: <total>                     309 us
[172.185s][info][gc,stats    ]   CWRF: Weak References             309 us, workers (us): 309, ---, ---, 
[172.185s][info][gc,stats    ] Concurrent Weak Roots              9578 us
[172.185s][info][gc,stats    ]   Roots                            9296 us, parallelism: 1.00x
[172.185s][info][gc,stats    ]     CWR: <total>                   9251 us
[172.185s][info][gc,stats    ]     CWR: Code Cache Roots          7206 us, workers (us): 7206, ---, ---, 
[172.185s][info][gc,stats    ]     CWR: VM Weak Roots             1945 us, workers (us): 1945, ---, ---, 
[172.185s][info][gc,stats    ]     CWR: CLDG Roots                 100 us, workers (us): 100, ---, ---, 
[172.185s][info][gc,stats    ]   Rendezvous                        210 us
[172.185s][info][gc,stats    ] Concurrent Cleanup                   48 us
[172.185s][info][gc,stats    ] Concurrent Class Unloading        53850 us
[172.185s][info][gc,stats    ]   Unlink Stale                    51907 us
[172.185s][info][gc,stats    ]     System Dictionary               397 us
[172.185s][info][gc,stats    ]     Weak Class Links              16528 us
[172.185s][info][gc,stats    ]     Code Roots                    34980 us
[172.185s][info][gc,stats    ]   Rendezvous                        230 us
[172.185s][info][gc,stats    ]   Purge Unlinked                   1644 us
[172.185s][info][gc,stats    ]     Code Roots                     1573 us
[172.185s][info][gc,stats    ]     CLDG                             69 us
[172.185s][info][gc,stats    ]     Exception Caches                  0 us
[172.185s][info][gc,stats    ] Concurrent Strong Roots             467 us, parallelism: 0.73x
[172.185s][info][gc,stats    ]   CSR: <total>                      343 us
[172.185s][info][gc,stats    ]   CSR: VM Strong Roots               13 us, workers (us):  13, ---, ---, 
[172.185s][info][gc,stats    ]   CSR: CLDG Roots                   330 us, workers (us): 330, ---, ---, 
[172.185s][info][gc,stats    ] Concurrent Evacuation              7476 us
[172.185s][info][gc,stats    ] Pause Init Update Refs (G)          137 us
[172.185s][info][gc,stats    ] Pause Init Update Refs (N)           60 us
[172.185s][info][gc,stats    ]   Manage GCLABs                      19 us
[172.185s][info][gc,stats    ] Concurrent Update Refs            68069 us
[172.185s][info][gc,stats    ] Concurrent Update Thread Roots     6220 us
[172.185s][info][gc,stats    ] Pause Final Update Refs (G)         261 us
[172.185s][info][gc,stats    ] Pause Final Update Refs (N)         140 us
[172.185s][info][gc,stats    ]   Update Region States               57 us
[172.185s][info][gc,stats    ]   Trash Collection Set                9 us
[172.185s][info][gc,stats    ]   Rebuild Free Set                   18 us
[172.185s][info][gc,stats    ] Concurrent Cleanup                  101 us
[172.185s][info][gc,stats    ] 
[172.185s][info][gc,stats    ] Allocation pacing accrued:
[172.185s][info][gc,stats    ]       0 of   577 ms (  0.0%): <total>
[172.185s][info][gc,stats    ]       0 of   577 ms (  0.0%): <average total>
[172.185s][info][gc,stats    ] 
[172.185s][info][gc,metaspace] Metaspace: 156726K(158016K)->156749K(158016K) NonClass: 138689K(139392K)->138709K(139392K) Class: 18037K(18624K)->18040K(18624K)
[172.185s][info][gc,ergo     ] Pacer for Idle. Initial: 163M, Alloc Tax Rate: 1.0x
[173.114s][info][gc          ] Trigger: Explicit GC request (System.gc())
[173.115s][info][gc,ergo     ] Free: 5887M, Max: 4096K regular, 5072M humongous, Frag: 14% external, 0% internal; Reserve: 412M, Max: 4096K
[173.115s][info][gc,start    ] GC(174) Concurrent reset
[173.115s][info][gc,task     ] GC(174) Using 1 of 3 workers for concurrent reset
[173.115s][info][gc,ergo     ] GC(174) Pacer for Reset. Non-Taxable: 8192M
[173.120s][info][gc          ] GC(174) Concurrent reset 5.174ms
[173.120s][info][gc,start    ] GC(174) Pause Init Mark (unload classes)
[173.120s][info][gc,task     ] GC(174) Using 3 of 3 workers for init marking
[173.120s][info][gc,ref      ] GC(174) Clearing All SoftReferences
[173.120s][info][gc,ergo     ] GC(174) Pacer for Mark. Expected Live: 151M, Free: 5887M, Non-Taxable: 588M, Alloc Tax Rate: 0.0x
[173.120s][info][gc          ] GC(174) Pause Init Mark (unload classes) 0.132ms
[173.120s][info][gc,start    ] GC(174) Concurrent marking roots
[173.120s][info][gc,task     ] GC(174) Using 1 of 3 workers for concurrent marking roots
[173.127s][info][gc          ] GC(174) Concurrent marking roots 6.774ms
[173.127s][info][gc,start    ] GC(174) Concurrent marking (unload classes)
[173.127s][info][gc,task     ] GC(174) Using 1 of 3 workers for concurrent marking
[173.180s][info][gc          ] GC(174) Concurrent marking (unload classes) 53.506ms
[173.181s][info][gc,start    ] GC(174) Pause Final Mark (unload classes)
[173.181s][info][gc,task     ] GC(174) Using 3 of 3 workers for final marking
[173.181s][info][gc,ergo     ] GC(174) Adaptive CSet Selection. Target Free: 1160M, Actual Free: 6834M, Max CSet: 341M, Min Garbage: 0B
[173.181s][info][gc,ergo     ] GC(174) Collectable Garbage: 1488M (99%), Immediate: 546M (36%), CSet: 942M (62%)
[173.181s][info][gc,ergo     ] GC(174) Pacer for Evacuation. Used CSet: 947M, Free: 6699M, Non-Taxable: 669M, Alloc Tax Rate: 1.1x
[173.181s][info][gc          ] GC(174) Pause Final Mark (unload classes) 0.256ms
[173.181s][info][gc,start    ] GC(174) Concurrent thread roots
[173.181s][info][gc,task     ] GC(174) Using 1 of 3 workers for Concurrent thread roots
[173.187s][info][gc          ] GC(174) Concurrent thread roots 6.542ms
[173.187s][info][gc,start    ] GC(174) Concurrent weak references
[173.187s][info][gc,task     ] GC(174) Using 1 of 3 workers for concurrent weak references
[173.188s][info][gc,ref      ] GC(174) Encountered references: Soft: 3586, Weak: 17964, Final: 53, Phantom: 598
[173.188s][info][gc,ref      ] GC(174) Discovered  references: Soft: 1314, Weak: 6848, Final: 0, Phantom: 373
[173.188s][info][gc,ref      ] GC(174) Enqueued    references: Soft: 848, Weak: 3397, Final: 0, Phantom: 0
[173.188s][info][gc          ] GC(174) Concurrent weak references 0.790ms
[173.188s][info][gc,start    ] GC(174) Concurrent weak roots
[173.188s][info][gc,task     ] GC(174) Using 1 of 3 workers for concurrent weak root
[173.198s][info][gc          ] GC(174) Concurrent weak roots 10.022ms
[173.198s][info][gc,start    ] GC(174) Concurrent cleanup
[173.198s][info][gc          ] GC(174) Concurrent cleanup 2068M->1522M(8192M) 0.041ms
[173.198s][info][gc,ergo     ] GC(174) Free: 6247M, Max: 4096K regular, 5104M humongous, Frag: 19% external, 0% internal; Reserve: 410M, Max: 4096K
[173.198s][info][gc,start    ] GC(174) Concurrent class unloading
[173.198s][info][gc,task     ] GC(174) Using 1 of 3 workers for concurrent class unloading
[173.249s][info][gc          ] GC(174) Concurrent class unloading 50.629ms
[173.249s][info][gc,start    ] GC(174) Concurrent strong roots
[173.249s][info][gc,task     ] GC(174) Using 1 of 3 workers for concurrent strong root
[173.249s][info][gc          ] GC(174) Concurrent strong roots 0.314ms
[173.249s][info][gc,start    ] GC(174) Concurrent evacuation
[173.249s][info][gc,task     ] GC(174) Using 1 of 3 workers for concurrent evacuation
[173.253s][info][gc          ] GC(174) Concurrent evacuation 4.079ms
[173.254s][info][gc,start    ] GC(174) Pause Init Update Refs
[173.254s][info][gc,ergo     ] GC(174) Pacer for Update Refs. Used: 1587M, Free: 6191M, Non-Taxable: 619M, Alloc Tax Rate: 1.1x
[173.254s][info][gc          ] GC(174) Pause Init Update Refs 0.120ms
[173.254s][info][gc,start    ] GC(174) Concurrent update references
[173.254s][info][gc,task     ] GC(174) Using 1 of 3 workers for concurrent reference update
[173.276s][info][gc          ] GC(174) Concurrent update references 22.448ms
[173.276s][info][gc,start    ] GC(174) Concurrent update thread roots
[173.284s][info][gc          ] GC(174) Concurrent update thread roots 8.074ms
[173.284s][info][gc,start    ] GC(174) Pause Final Update Refs
[173.284s][info][gc,task     ] GC(174) Using 3 of 3 workers for final reference update
[173.285s][info][gc          ] GC(174) Pause Final Update Refs 0.230ms
[173.285s][info][gc,start    ] GC(174) Concurrent cleanup
[173.285s][info][gc          ] GC(174) Concurrent cleanup 1587M->639M(8192M) 0.077ms
[173.285s][info][gc,ergo     ] Free: 7140M, Max: 4096K regular, 5220M humongous, Frag: 27% external, 0% internal; Reserve: 412M, Max: 4096K
[173.285s][info][gc,stats    ] 
[173.285s][info][gc,stats    ] All times are wall-clock times, except per-root-class counters, that are sum over
[173.285s][info][gc,stats    ] all workers. Dividing the <total> over the root stage time estimates parallelism.
[173.285s][info][gc,stats    ] 
[173.285s][info][gc,stats    ] Concurrent Reset                   5228 us
[173.285s][info][gc,stats    ] Pause Init Mark (G)                 263 us
[173.285s][info][gc,stats    ] Pause Init Mark (N)                 142 us
[173.285s][info][gc,stats    ]   Update Region States               44 us
[173.285s][info][gc,stats    ] Concurrent Mark Roots              6840 us, parallelism: 0.94x
[173.285s][info][gc,stats    ]   CMR: <total>                     6408 us
[173.285s][info][gc,stats    ]   CMR: Thread Roots                6296 us, workers (us): 6296, ---, ---, 
[173.285s][info][gc,stats    ]   CMR: VM Strong Roots               14 us, workers (us):  14, ---, ---, 
[173.285s][info][gc,stats    ]   CMR: CLDG Roots                    99 us, workers (us):  99, ---, ---, 
[173.285s][info][gc,stats    ] Concurrent Marking                53550 us
[173.285s][info][gc,stats    ] Pause Final Mark (G)                349 us
[173.285s][info][gc,stats    ] Pause Final Mark (N)                264 us
[173.285s][info][gc,stats    ]   Finish Mark                        62 us
[173.285s][info][gc,stats    ]   Update Region States               54 us
[173.285s][info][gc,stats    ]   Choose Collection Set              84 us
[173.285s][info][gc,stats    ]   Rebuild Free Set                    9 us
[173.285s][info][gc,stats    ] Concurrent Thread Roots            6596 us, parallelism: 0.95x
[173.285s][info][gc,stats    ]   CTR: <total>                     6293 us
[173.285s][info][gc,stats    ]   CTR: Thread Roots                6293 us, workers (us): 6293, ---, ---, 
[173.285s][info][gc,stats    ] Concurrent Weak References          798 us, parallelism: 0.85x
[173.285s][info][gc,stats    ]   CWRF: <total>                     678 us
[173.285s][info][gc,stats    ]   CWRF: Weak References             678 us, workers (us): 678, ---, ---, 
[173.285s][info][gc,stats    ] Concurrent Weak Roots             10061 us
[173.285s][info][gc,stats    ]   Roots                            9829 us, parallelism: 0.99x
[173.285s][info][gc,stats    ]     CWR: <total>                   9770 us
[173.285s][info][gc,stats    ]     CWR: Code Cache Roots          8493 us, workers (us): 8493, ---, ---, 
[173.285s][info][gc,stats    ]     CWR: VM Weak Roots             1199 us, workers (us): 1199, ---, ---, 
[173.285s][info][gc,stats    ]     CWR: CLDG Roots                  79 us, workers (us):  79, ---, ---, 
[173.285s][info][gc,stats    ]   Rendezvous                        175 us
[173.285s][info][gc,stats    ] Concurrent Cleanup                   50 us
[173.285s][info][gc,stats    ] Concurrent Class Unloading        50678 us
[173.285s][info][gc,stats    ]   Unlink Stale                    48342 us
[173.285s][info][gc,stats    ]     System Dictionary              1826 us
[173.285s][info][gc,stats    ]     Weak Class Links              17294 us
[173.285s][info][gc,stats    ]     Code Roots                    29221 us
[173.285s][info][gc,stats    ]   Rendezvous                        285 us
[173.285s][info][gc,stats    ]   Purge Unlinked                   1982 us
[173.285s][info][gc,stats    ]     Code Roots                     1159 us
[173.285s][info][gc,stats    ]     CLDG                            823 us
[173.285s][info][gc,stats    ]     Exception Caches                  0 us
[173.285s][info][gc,stats    ] Concurrent Strong Roots             323 us, parallelism: 0.68x
[173.285s][info][gc,stats    ]   CSR: <total>                      220 us
[173.285s][info][gc,stats    ]   CSR: VM Strong Roots                8 us, workers (us):   8, ---, ---, 
[173.285s][info][gc,stats    ]   CSR: CLDG Roots                   212 us, workers (us): 212, ---, ---, 
[173.285s][info][gc,stats    ] Concurrent Evacuation              4102 us
[173.285s][info][gc,stats    ] Pause Init Update Refs (G)          260 us
[173.285s][info][gc,stats    ] Pause Init Update Refs (N)          137 us
[173.286s][info][gc,stats    ]   Manage GCLABs                      38 us
[173.286s][info][gc,stats    ] Concurrent Update Refs            22518 us
[173.286s][info][gc,stats    ] Concurrent Update Thread Roots     8112 us
[173.286s][info][gc,stats    ] Pause Final Update Refs (G)         371 us
[173.286s][info][gc,stats    ] Pause Final Update Refs (N)         268 us
[173.286s][info][gc,stats    ]   Update Region States              104 us
[173.286s][info][gc,stats    ]   Trash Collection Set               15 us
[173.286s][info][gc,stats    ]   Rebuild Free Set                   30 us
[173.286s][info][gc,stats    ] Concurrent Cleanup                  100 us
[173.286s][info][gc,stats    ] 
[173.286s][info][gc,stats    ] Allocation pacing accrued:
[173.286s][info][gc,stats    ]       0 of  1100 ms (  0.0%): <total>
[173.286s][info][gc,stats    ]       0 of  1100 ms (  0.0%): <average total>
[173.286s][info][gc,stats    ] 
[173.286s][info][gc,metaspace] Metaspace: 156908K(158144K)->155873K(158016K) NonClass: 138845K(139456K)->137981K(139392K) Class: 18062K(18688K)->17891K(18624K)
[173.286s][info][gc,ergo     ] Pacer for Idle. Initial: 163M, Alloc Tax Rate: 1.0x
[173.619s][info][gc          ] Trigger: Learning 2 of 5. Free (5632M) is below initial threshold (5734M)
[173.619s][info][gc,ergo     ] Free: 5632M, Max: 4096K regular, 5220M humongous, Frag: 8% external, 0% internal; Reserve: 412M, Max: 4096K
[173.619s][info][gc,start    ] GC(175) Concurrent reset
[173.619s][info][gc,task     ] GC(175) Using 1 of 3 workers for concurrent reset
[173.619s][info][gc,ergo     ] GC(175) Pacer for Reset. Non-Taxable: 8192M
[173.634s][info][gc          ] GC(175) Concurrent reset 14.517ms
[173.634s][info][gc,start    ] GC(175) Pause Init Mark (unload classes)
[173.634s][info][gc,task     ] GC(175) Using 3 of 3 workers for init marking
[173.634s][info][gc,ergo     ] GC(175) Pacer for Mark. Expected Live: 141M, Free: 5528M, Non-Taxable: 552M, Alloc Tax Rate: 0.0x
[173.634s][info][gc          ] GC(175) Pause Init Mark (unload classes) 0.120ms
[173.634s][info][gc,start    ] GC(175) Concurrent marking roots
[173.634s][info][gc,task     ] GC(175) Using 1 of 3 workers for concurrent marking roots
[173.643s][info][gc          ] GC(175) Concurrent marking roots 9.181ms
[173.643s][info][gc,start    ] GC(175) Concurrent marking (unload classes)
[173.643s][info][gc,task     ] GC(175) Using 1 of 3 workers for concurrent marking
[173.713s][info][gc          ] GC(175) Concurrent marking (unload classes) 69.216ms
[173.713s][info][gc,start    ] GC(175) Pause Final Mark (unload classes)
[173.713s][info][gc,task     ] GC(175) Using 3 of 3 workers for final marking
[173.713s][info][gc,ergo     ] GC(175) Adaptive CSet Selection. Target Free: 1160M, Actual Free: 6601M, Max CSet: 341M, Min Garbage: 0B
[173.713s][info][gc,ergo     ] GC(175) Collectable Garbage: 2037M (99%), Immediate: 961M (46%), CSet: 1075M (52%)
[173.713s][info][gc,ergo     ] GC(175) Pacer for Evacuation. Used CSet: 1137M, Free: 6224M, Non-Taxable: 622M, Alloc Tax Rate: 1.1x
[173.713s][info][gc          ] GC(175) Pause Final Mark (unload classes) 0.233ms
[173.713s][info][gc,start    ] GC(175) Concurrent thread roots
[173.713s][info][gc,task     ] GC(175) Using 1 of 3 workers for Concurrent thread roots
[173.720s][info][gc          ] GC(175) Concurrent thread roots 6.963ms
[173.720s][info][gc,start    ] GC(175) Concurrent weak references
[173.720s][info][gc,task     ] GC(175) Using 1 of 3 workers for concurrent weak references
[173.720s][info][gc,ref      ] GC(175) Encountered references: Soft: 3714, Weak: 14989, Final: 53, Phantom: 598
[173.720s][info][gc,ref      ] GC(175) Discovered  references: Soft: 0, Weak: 2810, Final: 0, Phantom: 278
[173.720s][info][gc,ref      ] GC(175) Enqueued    references: Soft: 0, Weak: 211, Final: 0, Phantom: 0
[173.720s][info][gc          ] GC(175) Concurrent weak references 0.292ms
[173.720s][info][gc,start    ] GC(175) Concurrent weak roots
[173.720s][info][gc,task     ] GC(175) Using 1 of 3 workers for concurrent weak root
[173.729s][info][gc          ] GC(175) Concurrent weak roots 9.100ms
[173.730s][info][gc,start    ] GC(175) Concurrent cleanup
[173.730s][info][gc          ] GC(175) Concurrent cleanup 2593M->1632M(8192M) 0.069ms
[173.730s][info][gc,ergo     ] GC(175) Free: 6136M, Max: 4096K regular, 5140M humongous, Frag: 17% external, 0% internal; Reserve: 403M, Max: 4096K
[173.730s][info][gc,start    ] GC(175) Concurrent class unloading
[173.730s][info][gc,task     ] GC(175) Using 1 of 3 workers for concurrent class unloading
[173.784s][info][gc          ] GC(175) Concurrent class unloading 54.067ms
[173.784s][info][gc,start    ] GC(175) Concurrent strong roots
[173.784s][info][gc,task     ] GC(175) Using 1 of 3 workers for concurrent strong root
[173.784s][info][gc          ] GC(175) Concurrent strong roots 0.431ms
[173.784s][info][gc,start    ] GC(175) Concurrent evacuation
[173.784s][info][gc,task     ] GC(175) Using 1 of 3 workers for concurrent evacuation
[173.792s][info][gc          ] GC(175) Concurrent evacuation 7.959ms
[173.792s][info][gc,start    ] GC(175) Pause Init Update Refs
[173.792s][info][gc,ergo     ] GC(175) Pacer for Update Refs. Used: 1747M, Free: 6071M, Non-Taxable: 607M, Alloc Tax Rate: 1.1x
[173.792s][info][gc          ] GC(175) Pause Init Update Refs 0.068ms
[173.792s][info][gc,start    ] GC(175) Concurrent update references
[173.792s][info][gc,task     ] GC(175) Using 1 of 3 workers for concurrent reference update
[173.856s][info][gc          ] GC(175) Concurrent update references 63.674ms
[173.856s][info][gc,start    ] GC(175) Concurrent update thread roots
[173.863s][info][gc          ] GC(175) Concurrent update thread roots 6.858ms
[173.863s][info][gc,start    ] GC(175) Pause Final Update Refs
[173.863s][info][gc,task     ] GC(175) Using 3 of 3 workers for final reference update
[173.863s][info][gc          ] GC(175) Pause Final Update Refs 0.163ms
[173.863s][info][gc,start    ] GC(175) Concurrent cleanup
[173.863s][info][gc          ] GC(175) Concurrent cleanup 1813M->676M(8192M) 0.069ms
[173.863s][info][gc,ergo     ] Free: 7056M, Max: 4096K regular, 5076M humongous, Frag: 28% external, 0% internal; Reserve: 412M, Max: 4096K
[173.863s][info][gc,stats    ] 
[173.863s][info][gc,stats    ] All times are wall-clock times, except per-root-class counters, that are sum over
[173.863s][info][gc,stats    ] all workers. Dividing the <total> over the root stage time estimates parallelism.
[173.863s][info][gc,stats    ] 
[173.864s][info][gc,stats    ] Concurrent Reset                  14635 us
[173.864s][info][gc,stats    ] Pause Init Mark (G)                 378 us
[173.864s][info][gc,stats    ] Pause Init Mark (N)                 128 us
[173.864s][info][gc,stats    ]   Update Region States               42 us
[173.864s][info][gc,stats    ] Concurrent Mark Roots              9317 us, parallelism: 0.94x
[173.864s][info][gc,stats    ]   CMR: <total>                     8792 us
[173.864s][info][gc,stats    ]   CMR: Thread Roots                8667 us, workers (us): 8667, ---, ---, 
[173.864s][info][gc,stats    ]   CMR: VM Strong Roots               17 us, workers (us):  17, ---, ---, 
[173.864s][info][gc,stats    ]   CMR: CLDG Roots                   109 us, workers (us): 109, ---, ---, 
[173.864s][info][gc,stats    ] Concurrent Marking                69263 us
[173.864s][info][gc,stats    ] Pause Final Mark (G)                312 us
[173.864s][info][gc,stats    ] Pause Final Mark (N)                241 us
[173.864s][info][gc,stats    ]   Finish Mark                        57 us
[173.864s][info][gc,stats    ]   Update Region States               31 us
[173.864s][info][gc,stats    ]   Choose Collection Set              77 us
[173.864s][info][gc,stats    ]   Rebuild Free Set                    9 us
[173.864s][info][gc,stats    ] Concurrent Thread Roots            7058 us, parallelism: 0.96x
[173.864s][info][gc,stats    ]   CTR: <total>                     6764 us
[173.864s][info][gc,stats    ]   CTR: Thread Roots                6764 us, workers (us): 6764, ---, ---, 
[173.864s][info][gc,stats    ] Concurrent Weak References          300 us, parallelism: 0.68x
[173.864s][info][gc,stats    ]   CWRF: <total>                     205 us
[173.864s][info][gc,stats    ]   CWRF: Weak References             205 us, workers (us): 205, ---, ---, 
[173.864s][info][gc,stats    ] Concurrent Weak Roots              9174 us
[173.864s][info][gc,stats    ]   Roots                            8818 us, parallelism: 0.99x
[173.864s][info][gc,stats    ]     CWR: <total>                   8763 us
[173.864s][info][gc,stats    ]     CWR: Code Cache Roots          7027 us, workers (us): 7027, ---, ---, 
[173.864s][info][gc,stats    ]     CWR: VM Weak Roots             1646 us, workers (us): 1646, ---, ---, 
[173.864s][info][gc,stats    ]     CWR: CLDG Roots                  90 us, workers (us):  90, ---, ---, 
[173.864s][info][gc,stats    ]   Rendezvous                        263 us
[173.864s][info][gc,stats    ] Concurrent Cleanup                   87 us
[173.864s][info][gc,stats    ] Concurrent Class Unloading        54104 us
[173.864s][info][gc,stats    ]   Unlink Stale                    52494 us
[173.864s][info][gc,stats    ]     System Dictionary               592 us
[173.864s][info][gc,stats    ]     Weak Class Links              16619 us
[173.864s][info][gc,stats    ]     Code Roots                    35280 us
[173.864s][info][gc,stats    ]   Rendezvous                        159 us
[173.864s][info][gc,stats    ]   Purge Unlinked                   1381 us
[173.864s][info][gc,stats    ]     Code Roots                     1304 us
[173.864s][info][gc,stats    ]     CLDG                             76 us
[173.864s][info][gc,stats    ]     Exception Caches                  0 us
[173.864s][info][gc,stats    ] Concurrent Strong Roots             461 us, parallelism: 0.70x
[173.864s][info][gc,stats    ]   CSR: <total>                      321 us
[173.864s][info][gc,stats    ]   CSR: VM Strong Roots                8 us, workers (us):   8, ---, ---, 
[173.864s][info][gc,stats    ]   CSR: CLDG Roots                   313 us, workers (us): 313, ---, ---, 
[173.864s][info][gc,stats    ] Concurrent Evacuation              8006 us
[173.864s][info][gc,stats    ] Pause Init Update Refs (G)          162 us
[173.864s][info][gc,stats    ] Pause Init Update Refs (N)           77 us
[173.864s][info][gc,stats    ]   Manage GCLABs                      17 us
[173.864s][info][gc,stats    ] Concurrent Update Refs            63745 us
[173.864s][info][gc,stats    ] Concurrent Update Thread Roots     6919 us
[173.864s][info][gc,stats    ] Pause Final Update Refs (G)         303 us
[173.864s][info][gc,stats    ] Pause Final Update Refs (N)         181 us
[173.864s][info][gc,stats    ]   Update Region States               84 us
[173.864s][info][gc,stats    ]   Trash Collection Set                9 us
[173.864s][info][gc,stats    ]   Rebuild Free Set                   17 us
[173.864s][info][gc,stats    ] Concurrent Cleanup                   80 us
[173.864s][info][gc,stats    ] 
[173.864s][info][gc,stats    ] Allocation pacing accrued:
[173.864s][info][gc,stats    ]       0 of   578 ms (  0.0%): <total>
[173.864s][info][gc,stats    ]       0 of   578 ms (  0.0%): <average total>
[173.864s][info][gc,stats    ] 
[173.864s][info][gc,metaspace] Metaspace: 156734K(158016K)->156758K(158016K) NonClass: 138695K(139392K)->138718K(139392K) Class: 18039K(18624K)->18040K(18624K)
[173.864s][info][gc,ergo     ] Pacer for Idle. Initial: 163M, Alloc Tax Rate: 1.0x
[174.793s][info][gc          ] Trigger: Explicit GC request (System.gc())
[174.793s][info][gc,ergo     ] Free: 5894M, Max: 4096K regular, 5076M humongous, Frag: 14% external, 0% internal; Reserve: 412M, Max: 4096K
[174.793s][info][gc,start    ] GC(176) Concurrent reset
[174.793s][info][gc,task     ] GC(176) Using 1 of 3 workers for concurrent reset
[174.793s][info][gc,ergo     ] GC(176) Pacer for Reset. Non-Taxable: 8192M
[174.798s][info][gc          ] GC(176) Concurrent reset 4.958ms
[174.798s][info][gc,start    ] GC(176) Pause Init Mark (unload classes)
[174.798s][info][gc,task     ] GC(176) Using 3 of 3 workers for init marking
[174.799s][info][gc,ref      ] GC(176) Clearing All SoftReferences
[174.799s][info][gc,ergo     ] GC(176) Pacer for Mark. Expected Live: 152M, Free: 5894M, Non-Taxable: 589M, Alloc Tax Rate: 0.0x
[174.799s][info][gc          ] GC(176) Pause Init Mark (unload classes) 0.238ms
[174.799s][info][gc,start    ] GC(176) Concurrent marking roots
[174.799s][info][gc,task     ] GC(176) Using 1 of 3 workers for concurrent marking roots
[174.805s][info][gc          ] GC(176) Concurrent marking roots 6.563ms
[174.805s][info][gc,start    ] GC(176) Concurrent marking (unload classes)
[174.805s][info][gc,task     ] GC(176) Using 1 of 3 workers for concurrent marking
[174.858s][info][gc          ] GC(176) Concurrent marking (unload classes) 52.301ms
[174.858s][info][gc,start    ] GC(176) Pause Final Mark (unload classes)
[174.858s][info][gc,task     ] GC(176) Using 3 of 3 workers for final marking
[174.858s][info][gc,ergo     ] GC(176) Adaptive CSet Selection. Target Free: 1160M, Actual Free: 6842M, Max CSet: 341M, Min Garbage: 0B
[174.858s][info][gc,ergo     ] GC(176) Collectable Garbage: 1484M (99%), Immediate: 546M (36%), CSet: 937M (62%)
[174.858s][info][gc,ergo     ] GC(176) Pacer for Evacuation. Used CSet: 945M, Free: 6707M, Non-Taxable: 670M, Alloc Tax Rate: 1.1x
[174.858s][info][gc          ] GC(176) Pause Final Mark (unload classes) 0.353ms
[174.858s][info][gc,start    ] GC(176) Concurrent thread roots
[174.858s][info][gc,task     ] GC(176) Using 1 of 3 workers for Concurrent thread roots
[174.864s][info][gc          ] GC(176) Concurrent thread roots 6.311ms
[174.865s][info][gc,start    ] GC(176) Concurrent weak references
[174.865s][info][gc,task     ] GC(176) Using 1 of 3 workers for concurrent weak references
[174.866s][info][gc,ref      ] GC(176) Encountered references: Soft: 3588, Weak: 17969, Final: 53, Phantom: 598
[174.866s][info][gc,ref      ] GC(176) Discovered  references: Soft: 1316, Weak: 6852, Final: 0, Phantom: 373
[174.866s][info][gc,ref      ] GC(176) Enqueued    references: Soft: 850, Weak: 3401, Final: 0, Phantom: 0
[174.866s][info][gc          ] GC(176) Concurrent weak references 1.085ms
[174.866s][info][gc,start    ] GC(176) Concurrent weak roots
[174.866s][info][gc,task     ] GC(176) Using 1 of 3 workers for concurrent weak root
[174.875s][info][gc          ] GC(176) Concurrent weak roots 9.737ms
[174.875s][info][gc,start    ] GC(176) Concurrent cleanup
[174.875s][info][gc          ] GC(176) Concurrent cleanup 1990M->1447M(8192M) 0.050ms
[174.875s][info][gc,ergo     ] GC(176) Free: 6327M, Max: 4096K regular, 5108M humongous, Frag: 20% external, 0% internal; Reserve: 410M, Max: 4096K
[174.875s][info][gc,start    ] GC(176) Concurrent class unloading
[174.875s][info][gc,task     ] GC(176) Using 1 of 3 workers for concurrent class unloading
[174.926s][info][gc          ] GC(176) Concurrent class unloading 50.178ms
[174.926s][info][gc,start    ] GC(176) Concurrent strong roots
[174.926s][info][gc,task     ] GC(176) Using 1 of 3 workers for concurrent strong root
[174.926s][info][gc          ] GC(176) Concurrent strong roots 0.311ms
[174.926s][info][gc,start    ] GC(176) Concurrent evacuation
[174.926s][info][gc,task     ] GC(176) Using 1 of 3 workers for concurrent evacuation
[174.931s][info][gc          ] GC(176) Concurrent evacuation 5.318ms
[174.932s][info][gc,start    ] GC(176) Pause Init Update Refs
[174.932s][info][gc,ergo     ] GC(176) Pacer for Update Refs. Used: 1609M, Free: 6176M, Non-Taxable: 617M, Alloc Tax Rate: 1.1x
[174.932s][info][gc          ] GC(176) Pause Init Update Refs 0.141ms
[174.932s][info][gc,start    ] GC(176) Concurrent update references
[174.932s][info][gc,task     ] GC(176) Using 1 of 3 workers for concurrent reference update
[174.954s][info][gc          ] GC(176) Concurrent update references 22.135ms
[174.954s][info][gc,start    ] GC(176) Concurrent update thread roots
[174.961s][info][gc          ] GC(176) Concurrent update thread roots 7.043ms
[174.961s][info][gc,start    ] GC(176) Pause Final Update Refs
[174.961s][info][gc,task     ] GC(176) Using 3 of 3 workers for final reference update
[174.961s][info][gc          ] GC(176) Pause Final Update Refs 0.161ms
[174.961s][info][gc,start    ] GC(176) Concurrent cleanup
[174.961s][info][gc          ] GC(176) Concurrent cleanup 1609M->663M(8192M) 0.104ms
[174.962s][info][gc,ergo     ] Free: 7116M, Max: 4096K regular, 5220M humongous, Frag: 27% external, 0% internal; Reserve: 412M, Max: 4096K
[174.962s][info][gc,stats    ] 
[174.962s][info][gc,stats    ] All times are wall-clock times, except per-root-class counters, that are sum over
[174.962s][info][gc,stats    ] all workers. Dividing the <total> over the root stage time estimates parallelism.
[174.962s][info][gc,stats    ] 
[174.962s][info][gc,stats    ] Concurrent Reset                   5026 us
[174.962s][info][gc,stats    ] Pause Init Mark (G)                 439 us
[174.962s][info][gc,stats    ] Pause Init Mark (N)                 259 us
[174.962s][info][gc,stats    ]   Update Region States               77 us
[174.962s][info][gc,stats    ] Concurrent Mark Roots              6626 us, parallelism: 0.95x
[174.962s][info][gc,stats    ]   CMR: <total>                     6294 us
[174.962s][info][gc,stats    ]   CMR: Thread Roots                6202 us, workers (us): 6202, ---, ---, 
[174.962s][info][gc,stats    ]   CMR: VM Strong Roots               11 us, workers (us):  11, ---, ---, 
[174.962s][info][gc,stats    ]   CMR: CLDG Roots                    81 us, workers (us):  81, ---, ---, 
[174.962s][info][gc,stats    ] Concurrent Marking                52349 us
[174.962s][info][gc,stats    ] Pause Final Mark (G)                473 us
[174.962s][info][gc,stats    ] Pause Final Mark (N)                370 us
[174.962s][info][gc,stats    ]   Finish Mark                        64 us
[174.962s][info][gc,stats    ]   Update Region States               44 us
[174.962s][info][gc,stats    ]   Choose Collection Set             124 us
[174.962s][info][gc,stats    ]   Rebuild Free Set                   19 us
[174.962s][info][gc,stats    ] Concurrent Thread Roots            6351 us, parallelism: 0.98x
[174.962s][info][gc,stats    ]   CTR: <total>                     6225 us
[174.962s][info][gc,stats    ]   CTR: Thread Roots                6225 us, workers (us): 6225, ---, ---, 
[174.962s][info][gc,stats    ] Concurrent Weak References         1093 us, parallelism: 0.82x
[174.962s][info][gc,stats    ]   CWRF: <total>                     894 us
[174.962s][info][gc,stats    ]   CWRF: Weak References             894 us, workers (us): 894, ---, ---, 
[174.962s][info][gc,stats    ] Concurrent Weak Roots              9775 us
[174.962s][info][gc,stats    ]   Roots                            9539 us, parallelism: 1.00x
[174.962s][info][gc,stats    ]     CWR: <total>                   9506 us
[174.962s][info][gc,stats    ]     CWR: Code Cache Roots          8595 us, workers (us): 8595, ---, ---, 
[174.962s][info][gc,stats    ]     CWR: VM Weak Roots              828 us, workers (us): 828, ---, ---, 
[174.962s][info][gc,stats    ]     CWR: CLDG Roots                  84 us, workers (us):  84, ---, ---, 
[174.962s][info][gc,stats    ]   Rendezvous                        180 us
[174.962s][info][gc,stats    ] Concurrent Cleanup                   60 us
[174.962s][info][gc,stats    ] Concurrent Class Unloading        50227 us
[174.962s][info][gc,stats    ]   Unlink Stale                    47997 us
[174.962s][info][gc,stats    ]     System Dictionary              1862 us
[174.962s][info][gc,stats    ]     Weak Class Links              17908 us
[174.962s][info][gc,stats    ]     Code Roots                    28225 us
[174.962s][info][gc,stats    ]   Rendezvous                        200 us
[174.962s][info][gc,stats    ]   Purge Unlinked                   1961 us
[174.962s][info][gc,stats    ]     Code Roots                     1163 us
[174.962s][info][gc,stats    ]     CLDG                            797 us
[174.962s][info][gc,stats    ]     Exception Caches                  0 us
[174.962s][info][gc,stats    ] Concurrent Strong Roots             329 us, parallelism: 0.67x
[174.962s][info][gc,stats    ]   CSR: <total>                      220 us
[174.962s][info][gc,stats    ]   CSR: VM Strong Roots                8 us, workers (us):   8, ---, ---, 
[174.962s][info][gc,stats    ]   CSR: CLDG Roots                   212 us, workers (us): 212, ---, ---, 
[174.962s][info][gc,stats    ] Concurrent Evacuation              5370 us
[174.962s][info][gc,stats    ] Pause Init Update Refs (G)          366 us
[174.962s][info][gc,stats    ] Pause Init Update Refs (N)          163 us
[174.962s][info][gc,stats    ]   Manage GCLABs                      42 us
[174.962s][info][gc,stats    ] Concurrent Update Refs            22203 us
[174.962s][info][gc,stats    ] Concurrent Update Thread Roots     7096 us
[174.962s][info][gc,stats    ] Pause Final Update Refs (G)         281 us
[174.962s][info][gc,stats    ] Pause Final Update Refs (N)         179 us
[174.962s][info][gc,stats    ]   Update Region States               80 us
[174.962s][info][gc,stats    ]   Trash Collection Set               11 us
[174.962s][info][gc,stats    ]   Rebuild Free Set                   20 us
[174.962s][info][gc,stats    ] Concurrent Cleanup                  130 us
[174.962s][info][gc,stats    ] 
[174.962s][info][gc,stats    ] Allocation pacing accrued:
[174.962s][info][gc,stats    ]       0 of  1098 ms (  0.0%): <total>
[174.962s][info][gc,stats    ]       0 of  1098 ms (  0.0%): <average total>
[174.962s][info][gc,stats    ] 
[174.962s][info][gc,metaspace] Metaspace: 156928K(158144K)->155896K(158016K) NonClass: 138866K(139456K)->138004K(139392K) Class: 18062K(18688K)->17891K(18624K)
[174.962s][info][gc,ergo     ] Pacer for Idle. Initial: 163M, Alloc Tax Rate: 1.0x
[175.309s][info][gc          ] Trigger: Learning 2 of 5. Free (5607M) is below initial threshold (5734M)
[175.310s][info][gc,ergo     ] Free: 5607M, Max: 4096K regular, 5220M humongous, Frag: 7% external, 0% internal; Reserve: 412M, Max: 4096K
[175.310s][info][gc,start    ] GC(177) Concurrent reset
[175.310s][info][gc,task     ] GC(177) Using 1 of 3 workers for concurrent reset
[175.310s][info][gc,ergo     ] GC(177) Pacer for Reset. Non-Taxable: 8192M
[175.324s][info][gc          ] GC(177) Concurrent reset 14.435ms
[175.324s][info][gc,start    ] GC(177) Pause Init Mark (unload classes)
[175.324s][info][gc,task     ] GC(177) Using 3 of 3 workers for init marking
[175.325s][info][gc,ergo     ] GC(177) Pacer for Mark. Expected Live: 142M, Free: 5503M, Non-Taxable: 550M, Alloc Tax Rate: 0.0x
[175.325s][info][gc          ] GC(177) Pause Init Mark (unload classes) 0.123ms
[175.325s][info][gc,start    ] GC(177) Concurrent marking roots
[175.325s][info][gc,task     ] GC(177) Using 1 of 3 workers for concurrent marking roots
[175.334s][info][gc          ] GC(177) Concurrent marking roots 9.050ms
[175.334s][info][gc,start    ] GC(177) Concurrent marking (unload classes)
[175.334s][info][gc,task     ] GC(177) Using 1 of 3 workers for concurrent marking
[175.403s][info][gc          ] GC(177) Concurrent marking (unload classes) 68.872ms
[175.403s][info][gc,start    ] GC(177) Pause Final Mark (unload classes)
[175.403s][info][gc,task     ] GC(177) Using 3 of 3 workers for final marking
[175.403s][info][gc,ergo     ] GC(177) Adaptive CSet Selection. Target Free: 1160M, Actual Free: 6588M, Max CSet: 341M, Min Garbage: 0B
[175.403s][info][gc,ergo     ] GC(177) Collectable Garbage: 2060M (99%), Immediate: 992M (47%), CSet: 1068M (51%)
[175.403s][info][gc,ergo     ] GC(177) Pacer for Evacuation. Used CSet: 1128M, Free: 6216M, Non-Taxable: 621M, Alloc Tax Rate: 1.1x
[175.403s][info][gc          ] GC(177) Pause Final Mark (unload classes) 0.264ms
[175.403s][info][gc,start    ] GC(177) Concurrent thread roots
[175.403s][info][gc,task     ] GC(177) Using 1 of 3 workers for Concurrent thread roots
[175.410s][info][gc          ] GC(177) Concurrent thread roots 6.984ms
[175.410s][info][gc,start    ] GC(177) Concurrent weak references
[175.410s][info][gc,task     ] GC(177) Using 1 of 3 workers for concurrent weak references
[175.411s][info][gc,ref      ] GC(177) Encountered references: Soft: 3715, Weak: 14986, Final: 53, Phantom: 598
[175.411s][info][gc,ref      ] GC(177) Discovered  references: Soft: 0, Weak: 8262, Final: 0, Phantom: 278
[175.411s][info][gc,ref      ] GC(177) Enqueued    references: Soft: 0, Weak: 212, Final: 0, Phantom: 0
[175.411s][info][gc          ] GC(177) Concurrent weak references 0.748ms
[175.411s][info][gc,start    ] GC(177) Concurrent weak roots
[175.411s][info][gc,task     ] GC(177) Using 1 of 3 workers for concurrent weak root
[175.420s][info][gc          ] GC(177) Concurrent weak roots 9.364ms
[175.420s][info][gc,start    ] GC(177) Concurrent cleanup
[175.420s][info][gc          ] GC(177) Concurrent cleanup 2644M->1651M(8192M) 0.038ms
[175.420s][info][gc,ergo     ] GC(177) Free: 6119M, Max: 4096K regular, 5092M humongous, Frag: 17% external, 0% internal; Reserve: 400M, Max: 4096K
[175.420s][info][gc,start    ] GC(177) Concurrent class unloading
[175.420s][info][gc,task     ] GC(177) Using 1 of 3 workers for concurrent class unloading
[175.476s][info][gc          ] GC(177) Concurrent class unloading 55.244ms
[175.476s][info][gc,start    ] GC(177) Concurrent strong roots
[175.476s][info][gc,task     ] GC(177) Using 1 of 3 workers for concurrent strong root
[175.476s][info][gc          ] GC(177) Concurrent strong roots 0.429ms
[175.476s][info][gc,start    ] GC(177) Concurrent evacuation
[175.476s][info][gc,task     ] GC(177) Using 1 of 3 workers for concurrent evacuation
[175.484s][info][gc          ] GC(177) Concurrent evacuation 7.709ms
[175.484s][info][gc,start    ] GC(177) Pause Init Update Refs
[175.484s][info][gc,ergo     ] GC(177) Pacer for Update Refs. Used: 1780M, Free: 6044M, Non-Taxable: 604M, Alloc Tax Rate: 1.1x
[175.484s][info][gc          ] GC(177) Pause Init Update Refs 0.054ms
[175.484s][info][gc,start    ] GC(177) Concurrent update references
[175.484s][info][gc,task     ] GC(177) Using 1 of 3 workers for concurrent reference update
[175.550s][info][gc          ] GC(177) Concurrent update references 65.712ms
[175.550s][info][gc,start    ] GC(177) Concurrent update thread roots
[175.557s][info][gc          ] GC(177) Concurrent update thread roots 7.215ms
[175.557s][info][gc,start    ] GC(177) Pause Final Update Refs
[175.557s][info][gc,task     ] GC(177) Using 3 of 3 workers for final reference update
[175.557s][info][gc          ] GC(177) Pause Final Update Refs 0.127ms
[175.557s][info][gc,start    ] GC(177) Concurrent cleanup
[175.557s][info][gc          ] GC(177) Concurrent cleanup 1839M->711M(8192M) 0.081ms
[175.557s][info][gc,ergo     ] Free: 7024M, Max: 4096K regular, 5020M humongous, Frag: 29% external, 0% internal; Reserve: 412M, Max: 4096K
[175.557s][info][gc,stats    ] 
[175.557s][info][gc,stats    ] All times are wall-clock times, except per-root-class counters, that are sum over
[175.557s][info][gc,stats    ] all workers. Dividing the <total> over the root stage time estimates parallelism.
[175.557s][info][gc,stats    ] 
[175.558s][info][gc,stats    ] Concurrent Reset                  14580 us
[175.558s][info][gc,stats    ] Pause Init Mark (G)                 409 us
[175.558s][info][gc,stats    ] Pause Init Mark (N)                 132 us
[175.558s][info][gc,stats    ]   Update Region States               43 us
[175.558s][info][gc,stats    ] Concurrent Mark Roots              9197 us, parallelism: 0.95x
[175.558s][info][gc,stats    ]   CMR: <total>                     8705 us
[175.558s][info][gc,stats    ]   CMR: Thread Roots                8553 us, workers (us): 8553, ---, ---, 
[175.558s][info][gc,stats    ]   CMR: VM Strong Roots               19 us, workers (us):  19, ---, ---, 
[175.558s][info][gc,stats    ]   CMR: CLDG Roots                   133 us, workers (us): 133, ---, ---, 
[175.558s][info][gc,stats    ] Concurrent Marking                68919 us
[175.558s][info][gc,stats    ] Pause Final Mark (G)                338 us
[175.558s][info][gc,stats    ] Pause Final Mark (N)                272 us
[175.558s][info][gc,stats    ]   Finish Mark                        67 us
[175.558s][info][gc,stats    ]   Update Region States               41 us
[175.558s][info][gc,stats    ]   Choose Collection Set              78 us
[175.558s][info][gc,stats    ]   Rebuild Free Set                    9 us
[175.558s][info][gc,stats    ] Concurrent Thread Roots            7031 us, parallelism: 0.98x
[175.558s][info][gc,stats    ]   CTR: <total>                     6924 us
[175.558s][info][gc,stats    ]   CTR: Thread Roots                6924 us, workers (us): 6924, ---, ---, 
[175.558s][info][gc,stats    ] Concurrent Weak References          756 us, parallelism: 0.88x
[175.558s][info][gc,stats    ]   CWRF: <total>                     666 us
[175.558s][info][gc,stats    ]   CWRF: Weak References             666 us, workers (us): 666, ---, ---, 
[175.558s][info][gc,stats    ] Concurrent Weak Roots              9407 us
[175.558s][info][gc,stats    ]   Roots                            9168 us, parallelism: 1.00x
[175.558s][info][gc,stats    ]     CWR: <total>                   9124 us
[175.558s][info][gc,stats    ]     CWR: Code Cache Roots          7278 us, workers (us): 7278, ---, ---, 
[175.558s][info][gc,stats    ]     CWR: VM Weak Roots             1753 us, workers (us): 1753, ---, ---, 
[175.558s][info][gc,stats    ]     CWR: CLDG Roots                  93 us, workers (us):  93, ---, ---, 
[175.558s][info][gc,stats    ]   Rendezvous                        176 us
[175.558s][info][gc,stats    ] Concurrent Cleanup                   47 us
[175.558s][info][gc,stats    ] Concurrent Class Unloading        55296 us
[175.558s][info][gc,stats    ]   Unlink Stale                    53642 us
[175.558s][info][gc,stats    ]     System Dictionary               550 us
[175.558s][info][gc,stats    ]     Weak Class Links              17358 us
[175.558s][info][gc,stats    ]     Code Roots                    35730 us
[175.558s][info][gc,stats    ]   Rendezvous                        207 us
[175.558s][info][gc,stats    ]   Purge Unlinked                   1376 us
[175.558s][info][gc,stats    ]     Code Roots                     1289 us
[175.558s][info][gc,stats    ]     CLDG                             86 us
[175.558s][info][gc,stats    ]     Exception Caches                  0 us
[175.558s][info][gc,stats    ] Concurrent Strong Roots             448 us, parallelism: 0.69x
[175.558s][info][gc,stats    ]   CSR: <total>                      310 us
[175.558s][info][gc,stats    ]   CSR: VM Strong Roots                8 us, workers (us):   8, ---, ---, 
[175.558s][info][gc,stats    ]   CSR: CLDG Roots                   302 us, workers (us): 302, ---, ---, 
[175.558s][info][gc,stats    ] Concurrent Evacuation              7770 us
[175.558s][info][gc,stats    ] Pause Init Update Refs (G)          150 us
[175.558s][info][gc,stats    ] Pause Init Update Refs (N)           63 us
[175.558s][info][gc,stats    ]   Manage GCLABs                      21 us
[175.558s][info][gc,stats    ] Concurrent Update Refs            65777 us
[175.558s][info][gc,stats    ] Concurrent Update Thread Roots     7278 us
[175.558s][info][gc,stats    ] Pause Final Update Refs (G)         250 us
[175.558s][info][gc,stats    ] Pause Final Update Refs (N)         138 us
[175.558s][info][gc,stats    ]   Update Region States               56 us
[175.558s][info][gc,stats    ]   Trash Collection Set                8 us
[175.558s][info][gc,stats    ]   Rebuild Free Set                   18 us
[175.558s][info][gc,stats    ] Concurrent Cleanup                  101 us
[175.558s][info][gc,stats    ] 
[175.558s][info][gc,stats    ] Allocation pacing accrued:
[175.558s][info][gc,stats    ]       0 of   596 ms (  0.0%): <total>
[175.558s][info][gc,stats    ]       0 of   596 ms (  0.0%): <average total>
[175.558s][info][gc,stats    ] 
[175.558s][info][gc,metaspace] Metaspace: 156825K(158016K)->156839K(158016K) NonClass: 138784K(139392K)->138798K(139392K) Class: 18041K(18624K)->18040K(18624K)
[175.558s][info][gc,ergo     ] Pacer for Idle. Initial: 163M, Alloc Tax Rate: 1.0x
[176.491s][info][gc          ] Trigger: Explicit GC request (System.gc())
[176.491s][info][gc,ergo     ] Free: 5877M, Max: 4096K regular, 5020M humongous, Frag: 15% external, 0% internal; Reserve: 412M, Max: 4096K
[176.491s][info][gc,start    ] GC(178) Concurrent reset
[176.491s][info][gc,task     ] GC(178) Using 1 of 3 workers for concurrent reset
[176.491s][info][gc,ergo     ] GC(178) Pacer for Reset. Non-Taxable: 8192M
[176.496s][info][gc          ] GC(178) Concurrent reset 4.781ms
[176.496s][info][gc,start    ] GC(178) Pause Init Mark (unload classes)
[176.496s][info][gc,task     ] GC(178) Using 3 of 3 workers for init marking
[176.496s][info][gc,ref      ] GC(178) Clearing All SoftReferences
[176.496s][info][gc,ergo     ] GC(178) Pacer for Mark. Expected Live: 153M, Free: 5877M, Non-Taxable: 587M, Alloc Tax Rate: 0.0x
[176.496s][info][gc          ] GC(178) Pause Init Mark (unload classes) 0.277ms
[176.496s][info][gc,start    ] GC(178) Concurrent marking roots
[176.496s][info][gc,task     ] GC(178) Using 1 of 3 workers for concurrent marking roots
[176.504s][info][gc          ] GC(178) Concurrent marking roots 7.539ms
[176.504s][info][gc,start    ] GC(178) Concurrent marking (unload classes)
[176.504s][info][gc,task     ] GC(178) Using 1 of 3 workers for concurrent marking
[176.556s][info][gc          ] GC(178) Concurrent marking (unload classes) 52.377ms
[176.557s][info][gc,start    ] GC(178) Pause Final Mark (unload classes)
[176.557s][info][gc,task     ] GC(178) Using 3 of 3 workers for final marking
[176.557s][info][gc,ergo     ] GC(178) Adaptive CSet Selection. Target Free: 1160M, Actual Free: 6827M, Max CSet: 341M, Min Garbage: 0B
[176.557s][info][gc,ergo     ] GC(178) Collectable Garbage: 1501M (99%), Immediate: 547M (36%), CSet: 953M (63%)
[176.557s][info][gc,ergo     ] GC(178) Pacer for Evacuation. Used CSet: 962M, Free: 6691M, Non-Taxable: 669M, Alloc Tax Rate: 1.1x
[176.557s][info][gc          ] GC(178) Pause Final Mark (unload classes) 0.556ms
[176.557s][info][gc,start    ] GC(178) Concurrent thread roots
[176.557s][info][gc,task     ] GC(178) Using 1 of 3 workers for Concurrent thread roots
[176.564s][info][gc          ] GC(178) Concurrent thread roots 6.919ms
[176.564s][info][gc,start    ] GC(178) Concurrent weak references
[176.564s][info][gc,task     ] GC(178) Using 1 of 3 workers for concurrent weak references
[176.565s][info][gc,ref      ] GC(178) Encountered references: Soft: 3588, Weak: 17967, Final: 53, Phantom: 598
[176.565s][info][gc,ref      ] GC(178) Discovered  references: Soft: 1316, Weak: 6851, Final: 0, Phantom: 373
[176.565s][info][gc,ref      ] GC(178) Enqueued    references: Soft: 850, Weak: 3400, Final: 0, Phantom: 0
[176.565s][info][gc          ] GC(178) Concurrent weak references 0.796ms
[176.565s][info][gc,start    ] GC(178) Concurrent weak roots
[176.565s][info][gc,task     ] GC(178) Using 1 of 3 workers for concurrent weak root
[176.576s][info][gc          ] GC(178) Concurrent weak roots 10.864ms
[176.576s][info][gc,start    ] GC(178) Concurrent cleanup
[176.576s][info][gc          ] GC(178) Concurrent cleanup 2071M->1524M(8192M) 0.045ms
[176.576s][info][gc,ergo     ] GC(178) Free: 6251M, Max: 4096K regular, 5052M humongous, Frag: 20% external, 0% internal; Reserve: 410M, Max: 4096K
[176.576s][info][gc,start    ] GC(178) Concurrent class unloading
[176.576s][info][gc,task     ] GC(178) Using 1 of 3 workers for concurrent class unloading
[176.626s][info][gc          ] GC(178) Concurrent class unloading 49.906ms
[176.626s][info][gc,start    ] GC(178) Concurrent strong roots
[176.626s][info][gc,task     ] GC(178) Using 1 of 3 workers for concurrent strong root
[176.626s][info][gc          ] GC(178) Concurrent strong roots 0.326ms
[176.626s][info][gc,start    ] GC(178) Concurrent evacuation
[176.626s][info][gc,task     ] GC(178) Using 1 of 3 workers for concurrent evacuation
[176.632s][info][gc          ] GC(178) Concurrent evacuation 5.437ms
[176.632s][info][gc,start    ] GC(178) Pause Init Update Refs
[176.632s][info][gc,ergo     ] GC(178) Pacer for Update Refs. Used: 1594M, Free: 6191M, Non-Taxable: 619M, Alloc Tax Rate: 1.1x
[176.632s][info][gc          ] GC(178) Pause Init Update Refs 0.150ms
[176.632s][info][gc,start    ] GC(178) Concurrent update references
[176.632s][info][gc,task     ] GC(178) Using 1 of 3 workers for concurrent reference update
[176.654s][info][gc          ] GC(178) Concurrent update references 22.166ms
[176.654s][info][gc,start    ] GC(178) Concurrent update thread roots
[176.661s][info][gc          ] GC(178) Concurrent update thread roots 6.772ms
[176.661s][info][gc,start    ] GC(178) Pause Final Update Refs
[176.661s][info][gc,task     ] GC(178) Using 3 of 3 workers for final reference update
[176.661s][info][gc          ] GC(178) Pause Final Update Refs 0.160ms
[176.661s][info][gc,start    ] GC(178) Concurrent cleanup
[176.662s][info][gc          ] GC(178) Concurrent cleanup 1594M->632M(8192M) 0.103ms
[176.662s][info][gc,ergo     ] Free: 7147M, Max: 4096K regular, 5220M humongous, Frag: 27% external, 0% internal; Reserve: 412M, Max: 4096K
[176.662s][info][gc,stats    ] 
[176.662s][info][gc,stats    ] All times are wall-clock times, except per-root-class counters, that are sum over
[176.662s][info][gc,stats    ] all workers. Dividing the <total> over the root stage time estimates parallelism.
[176.662s][info][gc,stats    ] 
[176.662s][info][gc,stats    ] Concurrent Reset                   4838 us
[176.662s][info][gc,stats    ] Pause Init Mark (G)                 552 us
[176.662s][info][gc,stats    ] Pause Init Mark (N)                 295 us
[176.662s][info][gc,stats    ]   Update Region States              117 us
[176.662s][info][gc,stats    ] Concurrent Mark Roots              7598 us, parallelism: 0.91x
[176.662s][info][gc,stats    ]   CMR: <total>                     6950 us
[176.662s][info][gc,stats    ]   CMR: Thread Roots                6790 us, workers (us): 6790, ---, ---, 
[176.662s][info][gc,stats    ]   CMR: VM Strong Roots               19 us, workers (us):  19, ---, ---, 
[176.662s][info][gc,stats    ]   CMR: CLDG Roots                   141 us, workers (us): 141, ---, ---, 
[176.662s][info][gc,stats    ] Concurrent Marking                52441 us
[176.662s][info][gc,stats    ] Pause Final Mark (G)                730 us
[176.662s][info][gc,stats    ] Pause Final Mark (N)                578 us
[176.662s][info][gc,stats    ]   Finish Mark                       133 us
[176.662s][info][gc,stats    ]   Update Region States               77 us
[176.662s][info][gc,stats    ]   Choose Collection Set             184 us
[176.662s][info][gc,stats    ]   Rebuild Free Set                   25 us
[176.662s][info][gc,stats    ] Concurrent Thread Roots            6961 us, parallelism: 0.97x
[176.662s][info][gc,stats    ]   CTR: <total>                     6770 us
[176.662s][info][gc,stats    ]   CTR: Thread Roots                6770 us, workers (us): 6770, ---, ---, 
[176.662s][info][gc,stats    ] Concurrent Weak References          804 us, parallelism: 0.84x
[176.662s][info][gc,stats    ]   CWRF: <total>                     673 us
[176.662s][info][gc,stats    ]   CWRF: Weak References             673 us, workers (us): 673, ---, ---, 
[176.662s][info][gc,stats    ] Concurrent Weak Roots             10901 us
[176.662s][info][gc,stats    ]   Roots                           10671 us, parallelism: 1.00x
[176.662s][info][gc,stats    ]     CWR: <total>                  10633 us
[176.662s][info][gc,stats    ]     CWR: Code Cache Roots          8926 us, workers (us): 8926, ---, ---, 
[176.662s][info][gc,stats    ]     CWR: VM Weak Roots             1590 us, workers (us): 1590, ---, ---, 
[176.662s][info][gc,stats    ]     CWR: CLDG Roots                 117 us, workers (us): 117, ---, ---, 
[176.662s][info][gc,stats    ]   Rendezvous                        175 us
[176.662s][info][gc,stats    ] Concurrent Cleanup                   57 us
[176.662s][info][gc,stats    ] Concurrent Class Unloading        49953 us
[176.662s][info][gc,stats    ]   Unlink Stale                    47715 us
[176.662s][info][gc,stats    ]     System Dictionary              1816 us
[176.662s][info][gc,stats    ]     Weak Class Links              17614 us
[176.662s][info][gc,stats    ]     Code Roots                    28282 us
[176.662s][info][gc,stats    ]   Rendezvous                        204 us
[176.662s][info][gc,stats    ]   Purge Unlinked                   1966 us
[176.662s][info][gc,stats    ]     Code Roots                     1151 us
[176.662s][info][gc,stats    ]     CLDG                            814 us
[176.662s][info][gc,stats    ]     Exception Caches                  0 us
[176.662s][info][gc,stats    ] Concurrent Strong Roots             343 us, parallelism: 0.64x
[176.662s][info][gc,stats    ]   CSR: <total>                      221 us
[176.662s][info][gc,stats    ]   CSR: VM Strong Roots                9 us, workers (us):   9, ---, ---, 
[176.662s][info][gc,stats    ]   CSR: CLDG Roots                   213 us, workers (us): 213, ---, ---, 
[176.662s][info][gc,stats    ] Concurrent Evacuation              5508 us
[176.662s][info][gc,stats    ] Pause Init Update Refs (G)          370 us
[176.662s][info][gc,stats    ] Pause Init Update Refs (N)          171 us
[176.662s][info][gc,stats    ]   Manage GCLABs                      49 us
[176.662s][info][gc,stats    ] Concurrent Update Refs            22235 us
[176.662s][info][gc,stats    ] Concurrent Update Thread Roots     6821 us
[176.662s][info][gc,stats    ] Pause Final Update Refs (G)         279 us
[176.662s][info][gc,stats    ] Pause Final Update Refs (N)         178 us
[176.662s][info][gc,stats    ]   Update Region States               85 us
[176.662s][info][gc,stats    ]   Trash Collection Set               11 us
[176.662s][info][gc,stats    ]   Rebuild Free Set                   21 us
[176.662s][info][gc,stats    ] Concurrent Cleanup                  130 us
[176.662s][info][gc,stats    ] 
[176.662s][info][gc,stats    ] Allocation pacing accrued:
[176.662s][info][gc,stats    ]       0 of  1104 ms (  0.0%): <total>
[176.662s][info][gc,stats    ]       0 of  1104 ms (  0.0%): <average total>
[176.662s][info][gc,stats    ] 
[176.662s][info][gc,metaspace] Metaspace: 157010K(158208K)->155973K(158080K) NonClass: 138946K(139520K)->138082K(139456K) Class: 18063K(18688K)->17891K(18624K)
[176.662s][info][gc,ergo     ] Pacer for Idle. Initial: 163M, Alloc Tax Rate: 1.0x
[176.997s][info][gc          ] Trigger: Learning 2 of 5. Free (5650M) is below initial threshold (5734M)
[176.998s][info][gc,ergo     ] Free: 5650M, Max: 4096K regular, 5220M humongous, Frag: 8% external, 0% internal; Reserve: 412M, Max: 4096K
[176.998s][info][gc,start    ] GC(179) Concurrent reset
[176.998s][info][gc,task     ] GC(179) Using 1 of 3 workers for concurrent reset
[176.998s][info][gc,ergo     ] GC(179) Pacer for Reset. Non-Taxable: 8192M
[177.012s][info][gc          ] GC(179) Concurrent reset 14.434ms
[177.012s][info][gc,start    ] GC(179) Pause Init Mark (unload classes)
[177.012s][info][gc,task     ] GC(179) Using 3 of 3 workers for init marking
[177.013s][info][gc,ergo     ] GC(179) Pacer for Mark. Expected Live: 142M, Free: 5543M, Non-Taxable: 554M, Alloc Tax Rate: 0.0x
[177.013s][info][gc          ] GC(179) Pause Init Mark (unload classes) 0.139ms
[177.013s][info][gc,start    ] GC(179) Concurrent marking roots
[177.013s][info][gc,task     ] GC(179) Using 1 of 3 workers for concurrent marking roots
[177.022s][info][gc          ] GC(179) Concurrent marking roots 8.912ms
[177.022s][info][gc,start    ] GC(179) Concurrent marking (unload classes)
[177.022s][info][gc,task     ] GC(179) Using 1 of 3 workers for concurrent marking
[177.092s][info][gc          ] GC(179) Concurrent marking (unload classes) 70.310ms
[177.092s][info][gc,start    ] GC(179) Pause Final Mark (unload classes)
[177.092s][info][gc,task     ] GC(179) Using 3 of 3 workers for final marking
[177.092s][info][gc,ergo     ] GC(179) Adaptive CSet Selection. Target Free: 1160M, Actual Free: 6633M, Max CSet: 341M, Min Garbage: 0B
[177.092s][info][gc,ergo     ] GC(179) Collectable Garbage: 2022M (99%), Immediate: 993M (48%), CSet: 1029M (50%)
[177.092s][info][gc,ergo     ] GC(179) Pacer for Evacuation. Used CSet: 1089M, Free: 6259M, Non-Taxable: 625M, Alloc Tax Rate: 1.1x
[177.092s][info][gc          ] GC(179) Pause Final Mark (unload classes) 0.225ms
[177.092s][info][gc,start    ] GC(179) Concurrent thread roots
[177.092s][info][gc,task     ] GC(179) Using 1 of 3 workers for Concurrent thread roots
[177.099s][info][gc          ] GC(179) Concurrent thread roots 6.856ms
[177.099s][info][gc,start    ] GC(179) Concurrent weak references
[177.099s][info][gc,task     ] GC(179) Using 1 of 3 workers for concurrent weak references
[177.100s][info][gc,ref      ] GC(179) Encountered references: Soft: 3714, Weak: 14988, Final: 53, Phantom: 598
[177.100s][info][gc,ref      ] GC(179) Discovered  references: Soft: 0, Weak: 7908, Final: 0, Phantom: 278
[177.100s][info][gc,ref      ] GC(179) Enqueued    references: Soft: 0, Weak: 211, Final: 0, Phantom: 0
[177.100s][info][gc          ] GC(179) Concurrent weak references 0.621ms
[177.100s][info][gc,start    ] GC(179) Concurrent weak roots
[177.100s][info][gc,task     ] GC(179) Using 1 of 3 workers for concurrent weak root
[177.109s][info][gc          ] GC(179) Concurrent weak roots 8.982ms
[177.109s][info][gc,start    ] GC(179) Concurrent cleanup
[177.109s][info][gc          ] GC(179) Concurrent cleanup 2599M->1606M(8192M) 0.040ms
[177.109s][info][gc,ergo     ] GC(179) Free: 6160M, Max: 4096K regular, 5132M humongous, Frag: 17% external, 0% internal; Reserve: 405M, Max: 4096K
[177.109s][info][gc,start    ] GC(179) Concurrent class unloading
[177.109s][info][gc,task     ] GC(179) Using 1 of 3 workers for concurrent class unloading
[177.165s][info][gc          ] GC(179) Concurrent class unloading 56.402ms
[177.165s][info][gc,start    ] GC(179) Concurrent strong roots
[177.165s][info][gc,task     ] GC(179) Using 1 of 3 workers for concurrent strong root
[177.166s][info][gc          ] GC(179) Concurrent strong roots 0.393ms
[177.166s][info][gc,start    ] GC(179) Concurrent evacuation
[177.166s][info][gc,task     ] GC(179) Using 1 of 3 workers for concurrent evacuation
[177.174s][info][gc          ] GC(179) Concurrent evacuation 7.938ms
[177.174s][info][gc,start    ] GC(179) Pause Init Update Refs
[177.174s][info][gc,ergo     ] GC(179) Pacer for Update Refs. Used: 1725M, Free: 6100M, Non-Taxable: 610M, Alloc Tax Rate: 1.1x
[177.174s][info][gc          ] GC(179) Pause Init Update Refs 0.068ms
[177.174s][info][gc,start    ] GC(179) Concurrent update references
[177.174s][info][gc,task     ] GC(179) Using 1 of 3 workers for concurrent reference update
[177.240s][info][gc          ] GC(179) Concurrent update references 66.485ms
[177.240s][info][gc,start    ] GC(179) Concurrent update thread roots
[177.248s][info][gc          ] GC(179) Concurrent update thread roots 7.054ms
[177.248s][info][gc,start    ] GC(179) Pause Final Update Refs
[177.248s][info][gc,task     ] GC(179) Using 3 of 3 workers for final reference update
[177.248s][info][gc          ] GC(179) Pause Final Update Refs 0.122ms
[177.248s][info][gc,start    ] GC(179) Concurrent cleanup
[177.248s][info][gc          ] GC(179) Concurrent cleanup 1789M->700M(8192M) 0.045ms
[177.248s][info][gc,ergo     ] Free: 7035M, Max: 4096K regular, 5060M humongous, Frag: 28% external, 0% internal; Reserve: 412M, Max: 4096K
[177.248s][info][gc,stats    ] 
[177.248s][info][gc,stats    ] All times are wall-clock times, except per-root-class counters, that are sum over
[177.248s][info][gc,stats    ] all workers. Dividing the <total> over the root stage time estimates parallelism.
[177.248s][info][gc,stats    ] 
[177.248s][info][gc,stats    ] Concurrent Reset                  14560 us
[177.248s][info][gc,stats    ] Pause Init Mark (G)                 443 us
[177.248s][info][gc,stats    ] Pause Init Mark (N)                 147 us
[177.248s][info][gc,stats    ]   Update Region States               43 us
[177.248s][info][gc,stats    ] Concurrent Mark Roots              9061 us, parallelism: 0.94x
[177.248s][info][gc,stats    ]   CMR: <total>                     8522 us
[177.248s][info][gc,stats    ]   CMR: Thread Roots                8384 us, workers (us): 8384, ---, ---, 
[177.248s][info][gc,stats    ]   CMR: VM Strong Roots               18 us, workers (us):  18, ---, ---, 
[177.248s][info][gc,stats    ]   CMR: CLDG Roots                   121 us, workers (us): 121, ---, ---, 
[177.248s][info][gc,stats    ] Concurrent Marking                70350 us
[177.248s][info][gc,stats    ] Pause Final Mark (G)                289 us
[177.248s][info][gc,stats    ] Pause Final Mark (N)                232 us
[177.248s][info][gc,stats    ]   Finish Mark                        71 us
[177.248s][info][gc,stats    ]   Update Region States               28 us
[177.248s][info][gc,stats    ]   Choose Collection Set              58 us
[177.248s][info][gc,stats    ]   Rebuild Free Set                    9 us
[177.248s][info][gc,stats    ] Concurrent Thread Roots            6901 us, parallelism: 0.99x
[177.248s][info][gc,stats    ]   CTR: <total>                     6802 us
[177.248s][info][gc,stats    ]   CTR: Thread Roots                6802 us, workers (us): 6802, ---, ---, 
[177.248s][info][gc,stats    ] Concurrent Weak References          638 us, parallelism: 0.81x
[177.248s][info][gc,stats    ]   CWRF: <total>                     518 us
[177.248s][info][gc,stats    ]   CWRF: Weak References             518 us, workers (us): 518, ---, ---, 
[177.248s][info][gc,stats    ] Concurrent Weak Roots              9032 us
[177.248s][info][gc,stats    ]   Roots                            8704 us, parallelism: 0.99x
[177.248s][info][gc,stats    ]     CWR: <total>                   8657 us
[177.248s][info][gc,stats    ]     CWR: Code Cache Roots          7174 us, workers (us): 7174, ---, ---, 
[177.248s][info][gc,stats    ]     CWR: VM Weak Roots             1392 us, workers (us): 1392, ---, ---, 
[177.248s][info][gc,stats    ]     CWR: CLDG Roots                  91 us, workers (us):  91, ---, ---, 
[177.248s][info][gc,stats    ]   Rendezvous                        242 us
[177.248s][info][gc,stats    ] Concurrent Cleanup                   49 us
[177.248s][info][gc,stats    ] Concurrent Class Unloading        56448 us
[177.248s][info][gc,stats    ]   Unlink Stale                    54576 us
[177.248s][info][gc,stats    ]     System Dictionary               402 us
[177.248s][info][gc,stats    ]     Weak Class Links              18259 us
[177.248s][info][gc,stats    ]     Code Roots                    35912 us
[177.248s][info][gc,stats    ]   Rendezvous                        178 us
[177.248s][info][gc,stats    ]   Purge Unlinked                   1629 us
[177.248s][info][gc,stats    ]     Code Roots                     1556 us
[177.248s][info][gc,stats    ]     CLDG                             73 us
[177.248s][info][gc,stats    ]     Exception Caches                  0 us
[177.248s][info][gc,stats    ] Concurrent Strong Roots             405 us, parallelism: 0.71x
[177.248s][info][gc,stats    ]   CSR: <total>                      289 us
[177.248s][info][gc,stats    ]   CSR: VM Strong Roots                7 us, workers (us):   7, ---, ---, 
[177.248s][info][gc,stats    ]   CSR: CLDG Roots                   281 us, workers (us): 281, ---, ---, 
[177.248s][info][gc,stats    ] Concurrent Evacuation              7983 us
[177.248s][info][gc,stats    ] Pause Init Update Refs (G)          160 us
[177.248s][info][gc,stats    ] Pause Init Update Refs (N)           79 us
[177.248s][info][gc,stats    ]   Manage GCLABs                      20 us
[177.248s][info][gc,stats    ] Concurrent Update Refs            66530 us
[177.248s][info][gc,stats    ] Concurrent Update Thread Roots     7108 us
[177.248s][info][gc,stats    ] Pause Final Update Refs (G)         234 us
[177.248s][info][gc,stats    ] Pause Final Update Refs (N)         148 us
[177.248s][info][gc,stats    ]   Update Region States               51 us
[177.248s][info][gc,stats    ]   Trash Collection Set                7 us
[177.248s][info][gc,stats    ]   Rebuild Free Set                   17 us
[177.248s][info][gc,stats    ] Concurrent Cleanup                   54 us
[177.248s][info][gc,stats    ] 
[177.248s][info][gc,stats    ] Allocation pacing accrued:
[177.248s][info][gc,stats    ]       0 of   586 ms (  0.0%): <total>
[177.248s][info][gc,stats    ]       0 of   586 ms (  0.0%): <average total>
[177.248s][info][gc,stats    ] 
[177.248s][info][gc,metaspace] Metaspace: 156832K(158080K)->156853K(158080K) NonClass: 138794K(139456K)->138813K(139456K) Class: 18038K(18624K)->18040K(18624K)
[177.248s][info][gc,ergo     ] Pacer for Idle. Initial: 163M, Alloc Tax Rate: 1.0x
[178.192s][info][gc          ] Trigger: Explicit GC request (System.gc())
[178.192s][info][gc,ergo     ] Free: 5875M, Max: 4096K regular, 5060M humongous, Frag: 14% external, 0% internal; Reserve: 412M, Max: 4096K
[178.192s][info][gc,start    ] GC(180) Concurrent reset
[178.192s][info][gc,task     ] GC(180) Using 1 of 3 workers for concurrent reset
[178.192s][info][gc,ergo     ] GC(180) Pacer for Reset. Non-Taxable: 8192M
[178.197s][info][gc          ] GC(180) Concurrent reset 5.350ms
[178.197s][info][gc,start    ] GC(180) Pause Init Mark (unload classes)
[178.197s][info][gc,task     ] GC(180) Using 3 of 3 workers for init marking
[178.197s][info][gc,ref      ] GC(180) Clearing All SoftReferences
[178.197s][info][gc,ergo     ] GC(180) Pacer for Mark. Expected Live: 153M, Free: 5875M, Non-Taxable: 587M, Alloc Tax Rate: 0.0x
[178.197s][info][gc          ] GC(180) Pause Init Mark (unload classes) 0.199ms
[178.198s][info][gc,start    ] GC(180) Concurrent marking roots
[178.198s][info][gc,task     ] GC(180) Using 1 of 3 workers for concurrent marking roots
[178.206s][info][gc          ] GC(180) Concurrent marking roots 7.978ms
[178.206s][info][gc,start    ] GC(180) Concurrent marking (unload classes)
[178.206s][info][gc,task     ] GC(180) Using 1 of 3 workers for concurrent marking
[178.257s][info][gc          ] GC(180) Concurrent marking (unload classes) 51.697ms
[178.257s][info][gc,start    ] GC(180) Pause Final Mark (unload classes)
[178.257s][info][gc,task     ] GC(180) Using 3 of 3 workers for final marking
[178.258s][info][gc,ergo     ] GC(180) Adaptive CSet Selection. Target Free: 1160M, Actual Free: 6821M, Max CSet: 341M, Min Garbage: 0B
[178.258s][info][gc,ergo     ] GC(180) Collectable Garbage: 1503M (99%), Immediate: 545M (36%), CSet: 958M (63%)
[178.258s][info][gc,ergo     ] GC(180) Pacer for Evacuation. Used CSet: 965M, Free: 6679M, Non-Taxable: 667M, Alloc Tax Rate: 1.1x
[178.258s][info][gc          ] GC(180) Pause Final Mark (unload classes) 0.527ms
[178.258s][info][gc,start    ] GC(180) Concurrent thread roots
[178.258s][info][gc,task     ] GC(180) Using 1 of 3 workers for Concurrent thread roots
[178.265s][info][gc          ] GC(180) Concurrent thread roots 6.674ms
[178.265s][info][gc,start    ] GC(180) Concurrent weak references
[178.265s][info][gc,task     ] GC(180) Using 1 of 3 workers for concurrent weak references
[178.266s][info][gc,ref      ] GC(180) Encountered references: Soft: 3586, Weak: 17968, Final: 53, Phantom: 598
[178.266s][info][gc,ref      ] GC(180) Discovered  references: Soft: 1314, Weak: 7463, Final: 0, Phantom: 278
[178.266s][info][gc,ref      ] GC(180) Enqueued    references: Soft: 848, Weak: 3400, Final: 0, Phantom: 0
[178.266s][info][gc          ] GC(180) Concurrent weak references 1.201ms
[178.266s][info][gc,start    ] GC(180) Concurrent weak roots
[178.266s][info][gc,task     ] GC(180) Using 1 of 3 workers for concurrent weak root
[178.278s][info][gc          ] GC(180) Concurrent weak roots 11.755ms
[178.278s][info][gc,start    ] GC(180) Concurrent cleanup
[178.278s][info][gc          ] GC(180) Concurrent cleanup 2089M->1544M(8192M) 0.038ms
[178.278s][info][gc,ergo     ] GC(180) Free: 6223M, Max: 4096K regular, 5100M humongous, Frag: 18% external, 0% internal; Reserve: 410M, Max: 4096K
[178.278s][info][gc,start    ] GC(180) Concurrent class unloading
[178.278s][info][gc,task     ] GC(180) Using 1 of 3 workers for concurrent class unloading
[178.334s][info][gc          ] GC(180) Concurrent class unloading 56.387ms
[178.334s][info][gc,start    ] GC(180) Concurrent strong roots
[178.334s][info][gc,task     ] GC(180) Using 1 of 3 workers for concurrent strong root
[178.335s][info][gc          ] GC(180) Concurrent strong roots 0.332ms
[178.335s][info][gc,start    ] GC(180) Concurrent evacuation
[178.335s][info][gc,task     ] GC(180) Using 1 of 3 workers for concurrent evacuation
[178.340s][info][gc          ] GC(180) Concurrent evacuation 5.513ms
[178.340s][info][gc,start    ] GC(180) Pause Init Update Refs
[178.340s][info][gc,ergo     ] GC(180) Pacer for Update Refs. Used: 1602M, Free: 6175M, Non-Taxable: 617M, Alloc Tax Rate: 1.1x
[178.340s][info][gc          ] GC(180) Pause Init Update Refs 0.149ms
[178.341s][info][gc,start    ] GC(180) Concurrent update references
[178.341s][info][gc,task     ] GC(180) Using 1 of 3 workers for concurrent reference update
[178.363s][info][gc          ] GC(180) Concurrent update references 22.295ms
[178.363s][info][gc,start    ] GC(180) Concurrent update thread roots
[178.370s][info][gc          ] GC(180) Concurrent update thread roots 7.329ms
[178.370s][info][gc,start    ] GC(180) Pause Final Update Refs
[178.370s][info][gc,task     ] GC(180) Using 3 of 3 workers for final reference update
[178.371s][info][gc          ] GC(180) Pause Final Update Refs 0.167ms
[178.371s][info][gc,start    ] GC(180) Concurrent cleanup
[178.371s][info][gc          ] GC(180) Concurrent cleanup 1602M->636M(8192M) 0.105ms
[178.371s][info][gc,ergo     ] Free: 7143M, Max: 4096K regular, 5220M humongous, Frag: 27% external, 0% internal; Reserve: 412M, Max: 4096K
[178.371s][info][gc,stats    ] 
[178.371s][info][gc,stats    ] All times are wall-clock times, except per-root-class counters, that are sum over
[178.371s][info][gc,stats    ] all workers. Dividing the <total> over the root stage time estimates parallelism.
[178.371s][info][gc,stats    ] 
[178.371s][info][gc,stats    ] Concurrent Reset                   5422 us
[178.371s][info][gc,stats    ] Pause Init Mark (G)                 382 us
[178.371s][info][gc,stats    ] Pause Init Mark (N)                 216 us
[178.371s][info][gc,stats    ]   Update Region States               67 us
[178.371s][info][gc,stats    ] Concurrent Mark Roots              8030 us, parallelism: 0.96x
[178.371s][info][gc,stats    ]   CMR: <total>                     7675 us
[178.371s][info][gc,stats    ]   CMR: Thread Roots                7558 us, workers (us): 7558, ---, ---, 
[178.371s][info][gc,stats    ]   CMR: VM Strong Roots               17 us, workers (us):  17, ---, ---, 
[178.371s][info][gc,stats    ]   CMR: CLDG Roots                   101 us, workers (us): 101, ---, ---, 
[178.371s][info][gc,stats    ] Concurrent Marking                51770 us
[178.371s][info][gc,stats    ] Pause Final Mark (G)                659 us
[178.371s][info][gc,stats    ] Pause Final Mark (N)                544 us
[178.371s][info][gc,stats    ]   Finish Mark                       143 us
[178.371s][info][gc,stats    ]   Update Region States              106 us
[178.371s][info][gc,stats    ]   Choose Collection Set             149 us
[178.371s][info][gc,stats    ]   Rebuild Free Set                   20 us
[178.371s][info][gc,stats    ] Concurrent Thread Roots            6722 us, parallelism: 0.98x
[178.371s][info][gc,stats    ]   CTR: <total>                     6558 us
[178.371s][info][gc,stats    ]   CTR: Thread Roots                6558 us, workers (us): 6558, ---, ---, 
[178.371s][info][gc,stats    ] Concurrent Weak References         1217 us, parallelism: 0.83x
[178.371s][info][gc,stats    ]   CWRF: <total>                    1012 us
[178.371s][info][gc,stats    ]   CWRF: Weak References            1012 us, workers (us): 1012, ---, ---, 
[178.371s][info][gc,stats    ] Concurrent Weak Roots             11795 us
[178.371s][info][gc,stats    ]   Roots                           11546 us, parallelism: 0.99x
[178.371s][info][gc,stats    ]     CWR: <total>                  11482 us
[178.371s][info][gc,stats    ]     CWR: Code Cache Roots         10089 us, workers (us): 10089, ---, ---, 
[178.371s][info][gc,stats    ]     CWR: VM Weak Roots             1304 us, workers (us): 1304, ---, ---, 
[178.371s][info][gc,stats    ]     CWR: CLDG Roots                  89 us, workers (us):  89, ---, ---, 
[178.371s][info][gc,stats    ]   Rendezvous                        173 us
[178.371s][info][gc,stats    ] Concurrent Cleanup                   47 us
[178.371s][info][gc,stats    ] Concurrent Class Unloading        56439 us
[178.371s][info][gc,stats    ]   Unlink Stale                    53883 us
[178.371s][info][gc,stats    ]     System Dictionary              1873 us
[178.371s][info][gc,stats    ]     Weak Class Links              20259 us
[178.371s][info][gc,stats    ]     Code Roots                    31748 us
[178.371s][info][gc,stats    ]   Rendezvous                        233 us
[178.371s][info][gc,stats    ]   Purge Unlinked                   2251 us
[178.371s][info][gc,stats    ]     Code Roots                     1428 us
[178.371s][info][gc,stats    ]     CLDG                            821 us
[178.371s][info][gc,stats    ]     Exception Caches                  0 us
[178.371s][info][gc,stats    ] Concurrent Strong Roots             375 us, parallelism: 0.62x
[178.371s][info][gc,stats    ]   CSR: <total>                      233 us
[178.371s][info][gc,stats    ]   CSR: VM Strong Roots                8 us, workers (us):   8, ---, ---, 
[178.371s][info][gc,stats    ]   CSR: CLDG Roots                   225 us, workers (us): 225, ---, ---, 
[178.371s][info][gc,stats    ] Concurrent Evacuation              5584 us
[178.371s][info][gc,stats    ] Pause Init Update Refs (G)          305 us
[178.371s][info][gc,stats    ] Pause Init Update Refs (N)          170 us
[178.371s][info][gc,stats    ]   Manage GCLABs                      44 us
[178.371s][info][gc,stats    ] Concurrent Update Refs            22362 us
[178.371s][info][gc,stats    ] Concurrent Update Thread Roots     7413 us
[178.371s][info][gc,stats    ] Pause Final Update Refs (G)         304 us
[178.371s][info][gc,stats    ] Pause Final Update Refs (N)         186 us
[178.371s][info][gc,stats    ]   Update Region States               86 us
[178.371s][info][gc,stats    ]   Trash Collection Set               11 us
[178.371s][info][gc,stats    ]   Rebuild Free Set                   21 us
[178.371s][info][gc,stats    ] Concurrent Cleanup                  131 us
[178.371s][info][gc,stats    ] 
[178.371s][info][gc,stats    ] Allocation pacing accrued:
[178.371s][info][gc,stats    ]       0 of  1123 ms (  0.0%): <total>
[178.371s][info][gc,stats    ]       0 of  1123 ms (  0.0%): <average total>
[178.371s][info][gc,stats    ] 
[178.371s][info][gc,metaspace] Metaspace: 157007K(158208K)->155974K(158080K) NonClass: 138944K(139520K)->138083K(139456K) Class: 18062K(18688K)->17891K(18624K)
[178.371s][info][gc,ergo     ] Pacer for Idle. Initial: 163M, Alloc Tax Rate: 1.0x
[178.700s][info][gc          ] Trigger: Learning 2 of 5. Free (5651M) is below initial threshold (5734M)
[178.701s][info][gc,ergo     ] Free: 5647M, Max: 4096K regular, 5220M humongous, Frag: 8% external, 0% internal; Reserve: 412M, Max: 4096K
[178.701s][info][gc,start    ] GC(181) Concurrent reset
[178.701s][info][gc,task     ] GC(181) Using 1 of 3 workers for concurrent reset
[178.701s][info][gc,ergo     ] GC(181) Pacer for Reset. Non-Taxable: 8192M
[178.715s][info][gc          ] GC(181) Concurrent reset 14.598ms
[178.716s][info][gc,start    ] GC(181) Pause Init Mark (unload classes)
[178.716s][info][gc,task     ] GC(181) Using 3 of 3 workers for init marking
[178.716s][info][gc,ergo     ] GC(181) Pacer for Mark. Expected Live: 141M, Free: 5547M, Non-Taxable: 554M, Alloc Tax Rate: 0.0x
[178.716s][info][gc          ] GC(181) Pause Init Mark (unload classes) 0.118ms
[178.717s][info][gc,start    ] GC(181) Concurrent marking roots
[178.717s][info][gc,task     ] GC(181) Using 1 of 3 workers for concurrent marking roots
[178.726s][info][gc          ] GC(181) Concurrent marking roots 9.056ms
[178.726s][info][gc,start    ] GC(181) Concurrent marking (unload classes)
[178.726s][info][gc,task     ] GC(181) Using 1 of 3 workers for concurrent marking
[178.796s][info][gc          ] GC(181) Concurrent marking (unload classes) 69.792ms
[178.796s][info][gc,start    ] GC(181) Pause Final Mark (unload classes)
[178.796s][info][gc,task     ] GC(181) Using 3 of 3 workers for final marking
[178.796s][info][gc,ergo     ] GC(181) Adaptive CSet Selection. Target Free: 1160M, Actual Free: 6598M, Max CSet: 341M, Min Garbage: 0B
[178.796s][info][gc,ergo     ] GC(181) Collectable Garbage: 2014M (99%), Immediate: 962M (47%), CSet: 1051M (51%)
[178.796s][info][gc,ergo     ] GC(181) Pacer for Evacuation. Used CSet: 1111M, Free: 6224M, Non-Taxable: 622M, Alloc Tax Rate: 1.1x
[178.796s][info][gc          ] GC(181) Pause Final Mark (unload classes) 0.229ms
[178.796s][info][gc,start    ] GC(181) Concurrent thread roots
[178.796s][info][gc,task     ] GC(181) Using 1 of 3 workers for Concurrent thread roots
[178.803s][info][gc          ] GC(181) Concurrent thread roots 6.729ms
[178.803s][info][gc,start    ] GC(181) Concurrent weak references
[178.803s][info][gc,task     ] GC(181) Using 1 of 3 workers for concurrent weak references
[178.804s][info][gc,ref      ] GC(181) Encountered references: Soft: 3714, Weak: 14985, Final: 53, Phantom: 598
[178.804s][info][gc,ref      ] GC(181) Discovered  references: Soft: 0, Weak: 8272, Final: 0, Phantom: 278
[178.804s][info][gc,ref      ] GC(181) Enqueued    references: Soft: 0, Weak: 212, Final: 0, Phantom: 0
[178.804s][info][gc          ] GC(181) Concurrent weak references 0.784ms
[178.804s][info][gc,start    ] GC(181) Concurrent weak roots
[178.804s][info][gc,task     ] GC(181) Using 1 of 3 workers for concurrent weak root
[178.813s][info][gc          ] GC(181) Concurrent weak roots 9.191ms
[178.813s][info][gc,start    ] GC(181) Concurrent cleanup
[178.813s][info][gc          ] GC(181) Concurrent cleanup 2603M->1640M(8192M) 0.039ms
[178.813s][info][gc,ergo     ] GC(181) Free: 6127M, Max: 4096K regular, 5128M humongous, Frag: 17% external, 0% internal; Reserve: 403M, Max: 4096K
[178.813s][info][gc,start    ] GC(181) Concurrent class unloading
[178.813s][info][gc,task     ] GC(181) Using 1 of 3 workers for concurrent class unloading
[178.867s][info][gc          ] GC(181) Concurrent class unloading 54.535ms
[178.868s][info][gc,start    ] GC(181) Concurrent strong roots
[178.868s][info][gc,task     ] GC(181) Using 1 of 3 workers for concurrent strong root
[178.868s][info][gc          ] GC(181) Concurrent strong roots 0.454ms
[178.868s][info][gc,start    ] GC(181) Concurrent evacuation
[178.868s][info][gc,task     ] GC(181) Using 1 of 3 workers for concurrent evacuation
[178.876s][info][gc          ] GC(181) Concurrent evacuation 7.753ms
[178.876s][info][gc,start    ] GC(181) Pause Init Update Refs
[178.876s][info][gc,ergo     ] GC(181) Pacer for Update Refs. Used: 1757M, Free: 6060M, Non-Taxable: 606M, Alloc Tax Rate: 1.1x
[178.876s][info][gc          ] GC(181) Pause Init Update Refs 0.134ms
[178.876s][info][gc,start    ] GC(181) Concurrent update references
[178.876s][info][gc,task     ] GC(181) Using 1 of 3 workers for concurrent reference update
[178.945s][info][gc          ] GC(181) Concurrent update references 69.178ms
[178.945s][info][gc,start    ] GC(181) Concurrent update thread roots
[178.952s][info][gc          ] GC(181) Concurrent update thread roots 6.944ms
[178.952s][info][gc,start    ] GC(181) Pause Final Update Refs
[178.952s][info][gc,task     ] GC(181) Using 3 of 3 workers for final reference update
[178.953s][info][gc          ] GC(181) Pause Final Update Refs 0.162ms
[178.953s][info][gc,start    ] GC(181) Concurrent cleanup
[178.953s][info][gc          ] GC(181) Concurrent cleanup 1824M->712M(8192M) 0.107ms
[178.953s][info][gc,ergo     ] Free: 7023M, Max: 4096K regular, 5064M humongous, Frag: 28% external, 0% internal; Reserve: 412M, Max: 4096K
[178.953s][info][gc,stats    ] 
[178.953s][info][gc,stats    ] All times are wall-clock times, except per-root-class counters, that are sum over
[178.953s][info][gc,stats    ] all workers. Dividing the <total> over the root stage time estimates parallelism.
[178.953s][info][gc,stats    ] 
[178.953s][info][gc,stats    ] Concurrent Reset                  14756 us
[178.953s][info][gc,stats    ] Pause Init Mark (G)                1415 us
[178.953s][info][gc,stats    ] Pause Init Mark (N)                 127 us
[178.953s][info][gc,stats    ]   Update Region States               38 us
[178.953s][info][gc,stats    ] Concurrent Mark Roots              9193 us, parallelism: 0.92x
[178.953s][info][gc,stats    ]   CMR: <total>                     8479 us
[178.953s][info][gc,stats    ]   CMR: Thread Roots                8307 us, workers (us): 8307, ---, ---, 
[178.953s][info][gc,stats    ]   CMR: VM Strong Roots               28 us, workers (us):  28, ---, ---, 
[178.953s][info][gc,stats    ]   CMR: CLDG Roots                   145 us, workers (us): 145, ---, ---, 
[178.953s][info][gc,stats    ] Concurrent Marking                69834 us
[178.953s][info][gc,stats    ] Pause Final Mark (G)                291 us
[178.953s][info][gc,stats    ] Pause Final Mark (N)                237 us
[178.953s][info][gc,stats    ]   Finish Mark                        56 us
[178.953s][info][gc,stats    ]   Update Region States               29 us
[178.953s][info][gc,stats    ]   Choose Collection Set              77 us
[178.953s][info][gc,stats    ]   Rebuild Free Set                    9 us
[178.953s][info][gc,stats    ] Concurrent Thread Roots            6777 us, parallelism: 0.98x
[178.953s][info][gc,stats    ]   CTR: <total>                     6671 us
[178.953s][info][gc,stats    ]   CTR: Thread Roots                6671 us, workers (us): 6671, ---, ---, 
[178.953s][info][gc,stats    ] Concurrent Weak References          791 us, parallelism: 0.89x
[178.953s][info][gc,stats    ]   CWRF: <total>                     705 us
[178.953s][info][gc,stats    ]   CWRF: Weak References             705 us, workers (us): 705, ---, ---, 
[178.953s][info][gc,stats    ] Concurrent Weak Roots              9241 us
[178.953s][info][gc,stats    ]   Roots                            8998 us, parallelism: 0.99x
[178.953s][info][gc,stats    ]     CWR: <total>                   8951 us
[178.953s][info][gc,stats    ]     CWR: Code Cache Roots          7127 us, workers (us): 7127, ---, ---, 
[178.953s][info][gc,stats    ]     CWR: VM Weak Roots             1736 us, workers (us): 1736, ---, ---, 
[178.953s][info][gc,stats    ]     CWR: CLDG Roots                  88 us, workers (us):  88, ---, ---, 
[178.953s][info][gc,stats    ]   Rendezvous                        174 us
[178.953s][info][gc,stats    ] Concurrent Cleanup                   48 us
[178.953s][info][gc,stats    ] Concurrent Class Unloading        54593 us
[178.953s][info][gc,stats    ]   Unlink Stale                    52815 us
[178.953s][info][gc,stats    ]     System Dictionary               552 us
[178.953s][info][gc,stats    ]     Weak Class Links              16571 us
[178.953s][info][gc,stats    ]     Code Roots                    35689 us
[178.953s][info][gc,stats    ]   Rendezvous                        166 us
[178.953s][info][gc,stats    ]   Purge Unlinked                   1535 us
[178.953s][info][gc,stats    ]     Code Roots                     1460 us
[178.953s][info][gc,stats    ]     CLDG                             74 us
[178.953s][info][gc,stats    ]     Exception Caches                  0 us
[178.953s][info][gc,stats    ] Concurrent Strong Roots             493 us, parallelism: 0.64x
[178.953s][info][gc,stats    ]   CSR: <total>                      316 us
[178.953s][info][gc,stats    ]   CSR: VM Strong Roots                8 us, workers (us):   8, ---, ---, 
[178.953s][info][gc,stats    ]   CSR: CLDG Roots                   308 us, workers (us): 308, ---, ---, 
[178.953s][info][gc,stats    ] Concurrent Evacuation              7807 us
[178.953s][info][gc,stats    ] Pause Init Update Refs (G)          210 us
[178.953s][info][gc,stats    ] Pause Init Update Refs (N)          146 us
[178.953s][info][gc,stats    ]   Manage GCLABs                      24 us
[178.953s][info][gc,stats    ] Concurrent Update Refs            69240 us
[178.953s][info][gc,stats    ] Concurrent Update Thread Roots     7014 us
[178.953s][info][gc,stats    ] Pause Final Update Refs (G)         288 us
[178.953s][info][gc,stats    ] Pause Final Update Refs (N)         174 us
[178.953s][info][gc,stats    ]   Update Region States               80 us
[178.953s][info][gc,stats    ]   Trash Collection Set               11 us
[178.953s][info][gc,stats    ]   Rebuild Free Set                   20 us
[178.953s][info][gc,stats    ] Concurrent Cleanup                  134 us
[178.953s][info][gc,stats    ] 
[178.954s][info][gc,stats    ] Allocation pacing accrued:
[178.954s][info][gc,stats    ]       0 of   582 ms (  0.0%): <total>
[178.954s][info][gc,stats    ]       0 of   582 ms (  0.0%): <average total>
[178.954s][info][gc,stats    ] 
[178.954s][info][gc,metaspace] Metaspace: 156831K(158080K)->156869K(158080K) NonClass: 138794K(139456K)->138826K(139456K) Class: 18037K(18624K)->18043K(18624K)
[178.954s][info][gc,ergo     ] Pacer for Idle. Initial: 163M, Alloc Tax Rate: 1.0x
[179.876s][info][gc          ] Trigger: Explicit GC request (System.gc())
[179.876s][info][gc,ergo     ] Free: 5860M, Max: 4096K regular, 5064M humongous, Frag: 14% external, 0% internal; Reserve: 412M, Max: 4096K
[179.876s][info][gc,start    ] GC(182) Concurrent reset
[179.876s][info][gc,task     ] GC(182) Using 1 of 3 workers for concurrent reset
[179.876s][info][gc,ergo     ] GC(182) Pacer for Reset. Non-Taxable: 8192M
[179.881s][info][gc          ] GC(182) Concurrent reset 4.819ms
[179.881s][info][gc,start    ] GC(182) Pause Init Mark (unload classes)
[179.881s][info][gc,task     ] GC(182) Using 3 of 3 workers for init marking
[179.881s][info][gc,ref      ] GC(182) Clearing All SoftReferences
[179.881s][info][gc,ergo     ] GC(182) Pacer for Mark. Expected Live: 152M, Free: 5860M, Non-Taxable: 586M, Alloc Tax Rate: 0.0x
[179.881s][info][gc          ] GC(182) Pause Init Mark (unload classes) 0.212ms
[179.881s][info][gc,start    ] GC(182) Concurrent marking roots
[179.881s][info][gc,task     ] GC(182) Using 1 of 3 workers for concurrent marking roots
[179.888s][info][gc          ] GC(182) Concurrent marking roots 6.614ms
[179.888s][info][gc,start    ] GC(182) Concurrent marking (unload classes)
[179.888s][info][gc,task     ] GC(182) Using 1 of 3 workers for concurrent marking
[179.940s][info][gc          ] GC(182) Concurrent marking (unload classes) 52.226ms
[179.940s][info][gc,start    ] GC(182) Pause Final Mark (unload classes)
[179.940s][info][gc,task     ] GC(182) Using 3 of 3 workers for final marking
[179.941s][info][gc,ergo     ] GC(182) Adaptive CSet Selection. Target Free: 1160M, Actual Free: 6816M, Max CSet: 341M, Min Garbage: 0B
[179.941s][info][gc,ergo     ] GC(182) Collectable Garbage: 1514M (99%), Immediate: 556M (36%), CSet: 957M (62%)
[179.941s][info][gc,ergo     ] GC(182) Pacer for Evacuation. Used CSet: 962M, Free: 6679M, Non-Taxable: 667M, Alloc Tax Rate: 1.1x
[179.941s][info][gc          ] GC(182) Pause Final Mark (unload classes) 0.324ms
[179.941s][info][gc,start    ] GC(182) Concurrent thread roots
[179.941s][info][gc,task     ] GC(182) Using 1 of 3 workers for Concurrent thread roots
[179.947s][info][gc          ] GC(182) Concurrent thread roots 6.351ms
[179.947s][info][gc,start    ] GC(182) Concurrent weak references
[179.947s][info][gc,task     ] GC(182) Using 1 of 3 workers for concurrent weak references
[179.948s][info][gc,ref      ] GC(182) Encountered references: Soft: 3586, Weak: 17964, Final: 53, Phantom: 598
[179.948s][info][gc,ref      ] GC(182) Discovered  references: Soft: 1314, Weak: 6848, Final: 0, Phantom: 373
[179.948s][info][gc,ref      ] GC(182) Enqueued    references: Soft: 848, Weak: 3397, Final: 0, Phantom: 0
[179.948s][info][gc          ] GC(182) Concurrent weak references 1.186ms
[179.948s][info][gc,start    ] GC(182) Concurrent weak roots
[179.948s][info][gc,task     ] GC(182) Using 1 of 3 workers for concurrent weak root
[179.958s][info][gc          ] GC(182) Concurrent weak roots 9.801ms
[179.958s][info][gc,start    ] GC(182) Concurrent cleanup
[179.958s][info][gc          ] GC(182) Concurrent cleanup 2069M->1512M(8192M) 0.042ms
[179.958s][info][gc,ergo     ] GC(182) Free: 6259M, Max: 4096K regular, 5096M humongous, Frag: 19% external, 0% internal; Reserve: 410M, Max: 4096K
[179.958s][info][gc,start    ] GC(182) Concurrent class unloading
[179.958s][info][gc,task     ] GC(182) Using 1 of 3 workers for concurrent class unloading
[180.011s][info][gc          ] GC(182) Concurrent class unloading 52.412ms
[180.011s][info][gc,start    ] GC(182) Concurrent strong roots
[180.011s][info][gc,task     ] GC(182) Using 1 of 3 workers for concurrent strong root
[180.011s][info][gc          ] GC(182) Concurrent strong roots 0.325ms
[180.011s][info][gc,start    ] GC(182) Concurrent evacuation
[180.011s][info][gc,task     ] GC(182) Using 1 of 3 workers for concurrent evacuation
[180.015s][info][gc          ] GC(182) Concurrent evacuation 4.080ms
[180.015s][info][gc,start    ] GC(182) Pause Init Update Refs
[180.015s][info][gc,ergo     ] GC(182) Pacer for Update Refs. Used: 1610M, Free: 6167M, Non-Taxable: 616M, Alloc Tax Rate: 1.1x
[180.015s][info][gc          ] GC(182) Pause Init Update Refs 0.133ms
[180.016s][info][gc,start    ] GC(182) Concurrent update references
[180.016s][info][gc,task     ] GC(182) Using 1 of 3 workers for concurrent reference update
[180.038s][info][gc          ] GC(182) Concurrent update references 22.556ms
[180.038s][info][gc,start    ] GC(182) Concurrent update thread roots
[180.045s][info][gc          ] GC(182) Concurrent update thread roots 7.281ms
[180.046s][info][gc,start    ] GC(182) Pause Final Update Refs
[180.046s][info][gc,task     ] GC(182) Using 3 of 3 workers for final reference update
[180.046s][info][gc          ] GC(182) Pause Final Update Refs 0.150ms
[180.046s][info][gc,start    ] GC(182) Concurrent cleanup
[180.046s][info][gc          ] GC(182) Concurrent cleanup 1610M->647M(8192M) 0.103ms
[180.046s][info][gc,ergo     ] Free: 7132M, Max: 4096K regular, 5220M humongous, Frag: 27% external, 0% internal; Reserve: 412M, Max: 4096K
[180.046s][info][gc,stats    ] 
[180.046s][info][gc,stats    ] All times are wall-clock times, except per-root-class counters, that are sum over
[180.046s][info][gc,stats    ] all workers. Dividing the <total> over the root stage time estimates parallelism.
[180.046s][info][gc,stats    ] 
[180.046s][info][gc,stats    ] Concurrent Reset                   4872 us
[180.046s][info][gc,stats    ] Pause Init Mark (G)                 368 us
[180.046s][info][gc,stats    ] Pause Init Mark (N)                 229 us
[180.046s][info][gc,stats    ]   Update Region States               63 us
[180.046s][info][gc,stats    ] Concurrent Mark Roots              6674 us, parallelism: 0.96x
[180.046s][info][gc,stats    ]   CMR: <total>                     6390 us
[180.046s][info][gc,stats    ]   CMR: Thread Roots                6299 us, workers (us): 6299, ---, ---, 
[180.046s][info][gc,stats    ]   CMR: VM Strong Roots               16 us, workers (us):  16, ---, ---, 
[180.046s][info][gc,stats    ]   CMR: CLDG Roots                    76 us, workers (us):  76, ---, ---, 
[180.046s][info][gc,stats    ] Concurrent Marking                52290 us
[180.046s][info][gc,stats    ] Pause Final Mark (G)                422 us
[180.046s][info][gc,stats    ] Pause Final Mark (N)                332 us
[180.046s][info][gc,stats    ]   Finish Mark                        86 us
[180.046s][info][gc,stats    ]   Update Region States               70 us
[180.046s][info][gc,stats    ]   Choose Collection Set              88 us
[180.046s][info][gc,stats    ]   Rebuild Free Set                    9 us
[180.046s][info][gc,stats    ] Concurrent Thread Roots            6396 us, parallelism: 0.97x
[180.046s][info][gc,stats    ]   CTR: <total>                     6234 us
[180.046s][info][gc,stats    ]   CTR: Thread Roots                6234 us, workers (us): 6234, ---, ---, 
[180.046s][info][gc,stats    ] Concurrent Weak References         1194 us, parallelism: 0.80x
[180.046s][info][gc,stats    ]   CWRF: <total>                     959 us
[180.046s][info][gc,stats    ]   CWRF: Weak References             959 us, workers (us): 959, ---, ---, 
[180.046s][info][gc,stats    ] Concurrent Weak Roots              9842 us
[180.046s][info][gc,stats    ]   Roots                            9591 us, parallelism: 1.00x
[180.046s][info][gc,stats    ]     CWR: <total>                   9554 us
[180.046s][info][gc,stats    ]     CWR: Code Cache Roots          8648 us, workers (us): 8648, ---, ---, 
[180.046s][info][gc,stats    ]     CWR: VM Weak Roots              823 us, workers (us): 823, ---, ---, 
[180.046s][info][gc,stats    ]     CWR: CLDG Roots                  83 us, workers (us):  83, ---, ---, 
[180.046s][info][gc,stats    ]   Rendezvous                        191 us
[180.046s][info][gc,stats    ] Concurrent Cleanup                   53 us
[180.047s][info][gc,stats    ] Concurrent Class Unloading        52461 us
[180.047s][info][gc,stats    ]   Unlink Stale                    49443 us
[180.047s][info][gc,stats    ]     System Dictionary              1816 us
[180.047s][info][gc,stats    ]     Weak Class Links              17662 us
[180.047s][info][gc,stats    ]     Code Roots                    29962 us
[180.047s][info][gc,stats    ]   Rendezvous                        333 us
[180.047s][info][gc,stats    ]   Purge Unlinked                   2616 us
[180.047s][info][gc,stats    ]     Code Roots                     1655 us
[180.047s][info][gc,stats    ]     CLDG                            960 us
[180.047s][info][gc,stats    ]     Exception Caches                  0 us
[180.047s][info][gc,stats    ] Concurrent Strong Roots             343 us, parallelism: 0.64x
[180.047s][info][gc,stats    ]   CSR: <total>                      221 us
[180.047s][info][gc,stats    ]   CSR: VM Strong Roots                8 us, workers (us):   8, ---, ---, 
[180.047s][info][gc,stats    ]   CSR: CLDG Roots                   213 us, workers (us): 213, ---, ---, 
[180.047s][info][gc,stats    ] Concurrent Evacuation              4147 us
[180.047s][info][gc,stats    ] Pause Init Update Refs (G)          315 us
[180.047s][info][gc,stats    ] Pause Init Update Refs (N)          155 us
[180.047s][info][gc,stats    ]   Manage GCLABs                      38 us
[180.047s][info][gc,stats    ] Concurrent Update Refs            22624 us
[180.047s][info][gc,stats    ] Concurrent Update Thread Roots     7330 us
[180.047s][info][gc,stats    ] Pause Final Update Refs (G)         271 us
[180.047s][info][gc,stats    ] Pause Final Update Refs (N)         169 us
[180.047s][info][gc,stats    ]   Update Region States               74 us
[180.047s][info][gc,stats    ]   Trash Collection Set               11 us
[180.047s][info][gc,stats    ]   Rebuild Free Set                   19 us
[180.047s][info][gc,stats    ] Concurrent Cleanup                  129 us
[180.047s][info][gc,stats    ] 
[180.047s][info][gc,stats    ] Allocation pacing accrued:
[180.047s][info][gc,stats    ]       0 of  1093 ms (  0.0%): <total>
[180.047s][info][gc,stats    ]       0 of  1093 ms (  0.0%): <average total>
[180.047s][info][gc,stats    ] 
[180.047s][info][gc,metaspace] Metaspace: 157012K(158208K)->155980K(158080K) NonClass: 138949K(139520K)->138089K(139456K) Class: 18062K(18688K)->17891K(18624K)
[180.047s][info][gc,ergo     ] Pacer for Idle. Initial: 163M, Alloc Tax Rate: 1.0x
[180.417s][info][gc          ] Trigger: Learning 2 of 5. Free (5632M) is below initial threshold (5734M)
[180.417s][info][gc,ergo     ] Free: 5628M, Max: 4096K regular, 5220M humongous, Frag: 8% external, 0% internal; Reserve: 412M, Max: 4096K
[180.417s][info][gc,start    ] GC(183) Concurrent reset
[180.417s][info][gc,task     ] GC(183) Using 1 of 3 workers for concurrent reset
[180.417s][info][gc,ergo     ] GC(183) Pacer for Reset. Non-Taxable: 8192M
[180.431s][info][gc          ] GC(183) Concurrent reset 14.077ms
[180.432s][info][gc,start    ] GC(183) Pause Init Mark (unload classes)
[180.432s][info][gc,task     ] GC(183) Using 3 of 3 workers for init marking
[180.432s][info][gc,ergo     ] GC(183) Pacer for Mark. Expected Live: 141M, Free: 5532M, Non-Taxable: 553M, Alloc Tax Rate: 0.0x
[180.432s][info][gc          ] GC(183) Pause Init Mark (unload classes) 0.214ms
[180.432s][info][gc,start    ] GC(183) Concurrent marking roots
[180.432s][info][gc,task     ] GC(183) Using 1 of 3 workers for concurrent marking roots
[180.441s][info][gc          ] GC(183) Concurrent marking roots 9.014ms
[180.441s][info][gc,start    ] GC(183) Concurrent marking (unload classes)
[180.441s][info][gc,task     ] GC(183) Using 1 of 3 workers for concurrent marking
[180.509s][info][gc          ] GC(183) Concurrent marking (unload classes) 67.676ms
[180.509s][info][gc,start    ] GC(183) Pause Final Mark (unload classes)
[180.509s][info][gc,task     ] GC(183) Using 3 of 3 workers for final marking
[180.509s][info][gc,ergo     ] GC(183) Adaptive CSet Selection. Target Free: 1160M, Actual Free: 6565M, Max CSet: 341M, Min Garbage: 0B
[180.509s][info][gc,ergo     ] GC(183) Collectable Garbage: 2027M (99%), Immediate: 925M (45%), CSet: 1101M (54%)
[180.509s][info][gc,ergo     ] GC(183) Pacer for Evacuation. Used CSet: 1163M, Free: 6193M, Non-Taxable: 619M, Alloc Tax Rate: 1.1x
[180.509s][info][gc          ] GC(183) Pause Final Mark (unload classes) 0.481ms
[180.509s][info][gc,start    ] GC(183) Concurrent thread roots
[180.509s][info][gc,task     ] GC(183) Using 1 of 3 workers for Concurrent thread roots
[180.517s][info][gc          ] GC(183) Concurrent thread roots 7.601ms
[180.517s][info][gc,start    ] GC(183) Concurrent weak references
[180.517s][info][gc,task     ] GC(183) Using 1 of 3 workers for concurrent weak references
[180.517s][info][gc,ref      ] GC(183) Encountered references: Soft: 3714, Weak: 14994, Final: 53, Phantom: 598
[180.518s][info][gc,ref      ] GC(183) Discovered  references: Soft: 0, Weak: 5449, Final: 0, Phantom: 267
[180.518s][info][gc,ref      ] GC(183) Enqueued    references: Soft: 0, Weak: 217, Final: 0, Phantom: 0
[180.518s][info][gc          ] GC(183) Concurrent weak references 0.516ms
[180.518s][info][gc,start    ] GC(183) Concurrent weak roots
[180.518s][info][gc,task     ] GC(183) Using 1 of 3 workers for concurrent weak root
[180.533s][info][gc          ] GC(183) Concurrent weak roots 15.725ms
[180.533s][info][gc,start    ] GC(183) Concurrent cleanup
[180.533s][info][gc          ] GC(183) Concurrent cleanup 2646M->1720M(8192M) 0.055ms
[180.533s][info][gc,ergo     ] GC(183) Free: 6098M, Max: 4096K regular, 5132M humongous, Frag: 16% external, 0% internal; Reserve: 355M, Max: 4096K
[180.533s][info][gc,start    ] GC(183) Concurrent class unloading
[180.533s][info][gc,task     ] GC(183) Using 1 of 3 workers for concurrent class unloading
[180.587s][info][gc          ] GC(183) Concurrent class unloading 53.100ms
[180.587s][info][gc,start    ] GC(183) Concurrent strong roots
[180.587s][info][gc,task     ] GC(183) Using 1 of 3 workers for concurrent strong root
[180.587s][info][gc          ] GC(183) Concurrent strong roots 0.457ms
[180.587s][info][gc,start    ] GC(183) Concurrent evacuation
[180.587s][info][gc,task     ] GC(183) Using 1 of 3 workers for concurrent evacuation
[180.599s][info][gc          ] GC(183) Concurrent evacuation 11.581ms
[180.599s][info][gc,start    ] GC(183) Pause Init Update Refs
[180.599s][info][gc,ergo     ] GC(183) Pacer for Update Refs. Used: 1801M, Free: 6036M, Non-Taxable: 603M, Alloc Tax Rate: 1.1x
[180.599s][info][gc          ] GC(183) Pause Init Update Refs 0.065ms
[180.599s][info][gc,start    ] GC(183) Concurrent update references
[180.599s][info][gc,task     ] GC(183) Using 1 of 3 workers for concurrent reference update
[180.666s][info][gc          ] GC(183) Concurrent update references 67.284ms
[180.666s][info][gc,start    ] GC(183) Concurrent update thread roots
[180.673s][info][gc          ] GC(183) Concurrent update thread roots 6.324ms
[180.673s][info][gc,start    ] GC(183) Pause Final Update Refs
[180.673s][info][gc,task     ] GC(183) Using 3 of 3 workers for final reference update
[180.673s][info][gc          ] GC(183) Pause Final Update Refs 0.171ms
[180.673s][info][gc,start    ] GC(183) Concurrent cleanup
[180.673s][info][gc          ] GC(183) Concurrent cleanup 1858M->694M(8192M) 0.108ms
[180.673s][info][gc,ergo     ] Free: 7045M, Max: 4096K regular, 5052M humongous, Frag: 29% external, 0% internal; Reserve: 412M, Max: 4096K
[180.673s][info][gc,stats    ] 
[180.673s][info][gc,stats    ] All times are wall-clock times, except per-root-class counters, that are sum over
[180.673s][info][gc,stats    ] all workers. Dividing the <total> over the root stage time estimates parallelism.
[180.673s][info][gc,stats    ] 
[180.673s][info][gc,stats    ] Concurrent Reset                  14244 us
[180.673s][info][gc,stats    ] Pause Init Mark (G)                 614 us
[180.673s][info][gc,stats    ] Pause Init Mark (N)                 224 us
[180.673s][info][gc,stats    ]   Update Region States               53 us
[180.673s][info][gc,stats    ] Concurrent Mark Roots              9171 us, parallelism: 0.94x
[180.673s][info][gc,stats    ]   CMR: <total>                     8607 us
[180.673s][info][gc,stats    ]   CMR: Thread Roots                8314 us, workers (us): 8314, ---, ---, 
[180.673s][info][gc,stats    ]   CMR: VM Strong Roots              140 us, workers (us): 140, ---, ---, 
[180.673s][info][gc,stats    ]   CMR: CLDG Roots                   153 us, workers (us): 153, ---, ---, 
[180.673s][info][gc,stats    ] Concurrent Marking                67717 us
[180.673s][info][gc,stats    ] Pause Final Mark (G)                564 us
[180.673s][info][gc,stats    ] Pause Final Mark (N)                490 us
[180.673s][info][gc,stats    ]   Finish Mark                       112 us
[180.673s][info][gc,stats    ]   Update Region States               59 us
[180.673s][info][gc,stats    ]   Choose Collection Set             179 us
[180.673s][info][gc,stats    ]   Rebuild Free Set                   17 us
[180.673s][info][gc,stats    ] Concurrent Thread Roots            7641 us, parallelism: 0.99x
[180.673s][info][gc,stats    ]   CTR: <total>                     7546 us
[180.674s][info][gc,stats    ]   CTR: Thread Roots                7546 us, workers (us): 7546, ---, ---, 
[180.674s][info][gc,stats    ] Concurrent Weak References          525 us, parallelism: 0.82x
[180.674s][info][gc,stats    ]   CWRF: <total>                     432 us
[180.674s][info][gc,stats    ]   CWRF: Weak References             432 us, workers (us): 432, ---, ---, 
[180.674s][info][gc,stats    ] Concurrent Weak Roots             15780 us
[180.674s][info][gc,stats    ]   Roots                           12678 us, parallelism: 0.99x
[180.674s][info][gc,stats    ]     CWR: <total>                  12523 us
[180.674s][info][gc,stats    ]     CWR: Code Cache Roots         10960 us, workers (us): 10960, ---, ---, 
[180.674s][info][gc,stats    ]     CWR: VM Weak Roots             1443 us, workers (us): 1443, ---, ---, 
[180.674s][info][gc,stats    ]     CWR: CLDG Roots                 121 us, workers (us): 121, ---, ---, 
[180.674s][info][gc,stats    ]   Rendezvous                       3024 us
[180.674s][info][gc,stats    ] Concurrent Cleanup                   64 us
[180.674s][info][gc,stats    ] Concurrent Class Unloading        53157 us
[180.674s][info][gc,stats    ]   Unlink Stale                    50999 us
[180.674s][info][gc,stats    ]     System Dictionary               645 us
[180.674s][info][gc,stats    ]     Weak Class Links              18814 us
[180.674s][info][gc,stats    ]     Code Roots                    31537 us
[180.674s][info][gc,stats    ]   Rendezvous                        246 us
[180.674s][info][gc,stats    ]   Purge Unlinked                   1834 us
[180.674s][info][gc,stats    ]     Code Roots                     1755 us
[180.674s][info][gc,stats    ]     CLDG                             79 us
[180.674s][info][gc,stats    ]     Exception Caches                  0 us
[180.674s][info][gc,stats    ] Concurrent Strong Roots             488 us, parallelism: 0.67x
[180.674s][info][gc,stats    ]   CSR: <total>                      326 us
[180.674s][info][gc,stats    ]   CSR: VM Strong Roots                8 us, workers (us):   8, ---, ---, 
[180.674s][info][gc,stats    ]   CSR: CLDG Roots                   318 us, workers (us): 318, ---, ---, 
[180.674s][info][gc,stats    ] Concurrent Evacuation             11634 us
[180.674s][info][gc,stats    ] Pause Init Update Refs (G)          161 us
[180.674s][info][gc,stats    ] Pause Init Update Refs (N)           74 us
[180.674s][info][gc,stats    ]   Manage GCLABs                      16 us
[180.674s][info][gc,stats    ] Concurrent Update Refs            67350 us
[180.674s][info][gc,stats    ] Concurrent Update Thread Roots     6370 us
[180.674s][info][gc,stats    ] Pause Final Update Refs (G)         295 us
[180.674s][info][gc,stats    ] Pause Final Update Refs (N)         183 us
[180.674s][info][gc,stats    ]   Update Region States               72 us
[180.674s][info][gc,stats    ]   Trash Collection Set               11 us
[180.674s][info][gc,stats    ]   Rebuild Free Set                   21 us
[180.674s][info][gc,stats    ] Concurrent Cleanup                  134 us
[180.674s][info][gc,stats    ] 
[180.674s][info][gc,stats    ] Allocation pacing accrued:
[180.674s][info][gc,stats    ]       0 of   627 ms (  0.0%): <total>
[180.674s][info][gc,stats    ]       0 of   627 ms (  0.0%): <average total>
[180.674s][info][gc,stats    ] 
[180.674s][info][gc,metaspace] Metaspace: 156835K(158080K)->156857K(158080K) NonClass: 138797K(139456K)->138817K(139456K) Class: 18037K(18624K)->18040K(18624K)
[180.674s][info][gc,ergo     ] Pacer for Idle. Initial: 163M, Alloc Tax Rate: 1.0x
[181.607s][info][gc          ] Trigger: Explicit GC request (System.gc())
[181.607s][info][gc,ergo     ] Free: 5856M, Max: 4096K regular, 5052M humongous, Frag: 14% external, 0% internal; Reserve: 412M, Max: 4096K
[181.607s][info][gc,start    ] GC(184) Concurrent reset
[181.607s][info][gc,task     ] GC(184) Using 1 of 3 workers for concurrent reset
[181.607s][info][gc,ergo     ] GC(184) Pacer for Reset. Non-Taxable: 8192M
[181.612s][info][gc          ] GC(184) Concurrent reset 5.063ms
[181.612s][info][gc,start    ] GC(184) Pause Init Mark (unload classes)
[181.613s][info][gc,task     ] GC(184) Using 3 of 3 workers for init marking
[181.613s][info][gc,ref      ] GC(184) Clearing All SoftReferences
[181.613s][info][gc,ergo     ] GC(184) Pacer for Mark. Expected Live: 153M, Free: 5856M, Non-Taxable: 585M, Alloc Tax Rate: 0.0x
[181.613s][info][gc          ] GC(184) Pause Init Mark (unload classes) 0.288ms
[181.613s][info][gc,start    ] GC(184) Concurrent marking roots
[181.613s][info][gc,task     ] GC(184) Using 1 of 3 workers for concurrent marking roots
[181.620s][info][gc          ] GC(184) Concurrent marking roots 6.692ms
[181.620s][info][gc,start    ] GC(184) Concurrent marking (unload classes)
[181.620s][info][gc,task     ] GC(184) Using 1 of 3 workers for concurrent marking
[181.673s][info][gc          ] GC(184) Concurrent marking (unload classes) 53.546ms
[181.673s][info][gc,start    ] GC(184) Pause Final Mark (unload classes)
[181.673s][info][gc,task     ] GC(184) Using 3 of 3 workers for final marking
[181.674s][info][gc,ergo     ] GC(184) Adaptive CSet Selection. Target Free: 1160M, Actual Free: 6806M, Max CSet: 341M, Min Garbage: 0B
[181.674s][info][gc,ergo     ] GC(184) Collectable Garbage: 1518M (99%), Immediate: 550M (36%), CSet: 968M (63%)
[181.674s][info][gc,ergo     ] GC(184) Pacer for Evacuation. Used CSet: 974M, Free: 6667M, Non-Taxable: 666M, Alloc Tax Rate: 1.1x
[181.674s][info][gc          ] GC(184) Pause Final Mark (unload classes) 0.480ms
[181.674s][info][gc,start    ] GC(184) Concurrent thread roots
[181.674s][info][gc,task     ] GC(184) Using 1 of 3 workers for Concurrent thread roots
[181.680s][info][gc          ] GC(184) Concurrent thread roots 6.394ms
[181.680s][info][gc,start    ] GC(184) Concurrent weak references
[181.680s][info][gc,task     ] GC(184) Using 1 of 3 workers for concurrent weak references
[181.681s][info][gc,ref      ] GC(184) Encountered references: Soft: 3586, Weak: 17968, Final: 53, Phantom: 598
[181.681s][info][gc,ref      ] GC(184) Discovered  references: Soft: 1314, Weak: 6851, Final: 0, Phantom: 373
[181.681s][info][gc,ref      ] GC(184) Enqueued    references: Soft: 848, Weak: 3400, Final: 0, Phantom: 0
[181.681s][info][gc          ] GC(184) Concurrent weak references 1.174ms
[181.681s][info][gc,start    ] GC(184) Concurrent weak roots
[181.681s][info][gc,task     ] GC(184) Using 1 of 3 workers for concurrent weak root
[181.692s][info][gc          ] GC(184) Concurrent weak roots 10.156ms
[181.692s][info][gc,start    ] GC(184) Concurrent cleanup
[181.692s][info][gc          ] GC(184) Concurrent cleanup 2098M->1548M(8192M) 0.041ms
[181.692s][info][gc,ergo     ] GC(184) Free: 6219M, Max: 4096K regular, 5096M humongous, Frag: 18% external, 0% internal; Reserve: 410M, Max: 4096K
[181.692s][info][gc,start    ] GC(184) Concurrent class unloading
[181.692s][info][gc,task     ] GC(184) Using 1 of 3 workers for concurrent class unloading
[181.745s][info][gc          ] GC(184) Concurrent class unloading 52.890ms
[181.745s][info][gc,start    ] GC(184) Concurrent strong roots
[181.745s][info][gc,task     ] GC(184) Using 1 of 3 workers for concurrent strong root
[181.745s][info][gc          ] GC(184) Concurrent strong roots 0.466ms
[181.745s][info][gc,start    ] GC(184) Concurrent evacuation
[181.745s][info][gc,task     ] GC(184) Using 1 of 3 workers for concurrent evacuation
[181.750s][info][gc          ] GC(184) Concurrent evacuation 4.611ms
[181.750s][info][gc,start    ] GC(184) Pause Init Update Refs
[181.750s][info][gc,ergo     ] GC(184) Pacer for Update Refs. Used: 1621M, Free: 6151M, Non-Taxable: 615M, Alloc Tax Rate: 1.1x
[181.750s][info][gc          ] GC(184) Pause Init Update Refs 0.128ms
[181.750s][info][gc,start    ] GC(184) Concurrent update references
[181.750s][info][gc,task     ] GC(184) Using 1 of 3 workers for concurrent reference update
[181.773s][info][gc          ] GC(184) Concurrent update references 22.543ms
[181.773s][info][gc,start    ] GC(184) Concurrent update thread roots
[181.780s][info][gc          ] GC(184) Concurrent update thread roots 7.604ms
[181.781s][info][gc,start    ] GC(184) Pause Final Update Refs
[181.781s][info][gc,task     ] GC(184) Using 3 of 3 workers for final reference update
[181.781s][info][gc          ] GC(184) Pause Final Update Refs 0.225ms
[181.781s][info][gc,start    ] GC(184) Concurrent cleanup
[181.781s][info][gc          ] GC(184) Concurrent cleanup 1621M->647M(8192M) 0.044ms
[181.781s][info][gc,ergo     ] Free: 7132M, Max: 4096K regular, 5220M humongous, Frag: 27% external, 0% internal; Reserve: 412M, Max: 4096K
[181.781s][info][gc,stats    ] 
[181.781s][info][gc,stats    ] All times are wall-clock times, except per-root-class counters, that are sum over
[181.781s][info][gc,stats    ] all workers. Dividing the <total> over the root stage time estimates parallelism.
[181.781s][info][gc,stats    ] 
[181.781s][info][gc,stats    ] Concurrent Reset                   5118 us
[181.781s][info][gc,stats    ] Pause Init Mark (G)                 509 us
[181.781s][info][gc,stats    ] Pause Init Mark (N)                 309 us
[181.781s][info][gc,stats    ]   Update Region States               99 us
[181.781s][info][gc,stats    ] Concurrent Mark Roots              6759 us, parallelism: 0.94x
[181.781s][info][gc,stats    ]   CMR: <total>                     6355 us
[181.781s][info][gc,stats    ]   CMR: Thread Roots                6146 us, workers (us): 6146, ---, ---, 
[181.781s][info][gc,stats    ]   CMR: VM Strong Roots               29 us, workers (us):  29, ---, ---, 
[181.781s][info][gc,stats    ]   CMR: CLDG Roots                   180 us, workers (us): 180, ---, ---, 
[181.781s][info][gc,stats    ] Concurrent Marking                53613 us
[181.781s][info][gc,stats    ] Pause Final Mark (G)                637 us
[181.781s][info][gc,stats    ] Pause Final Mark (N)                501 us
[181.781s][info][gc,stats    ]   Finish Mark                        96 us
[181.781s][info][gc,stats    ]   Update Region States               65 us
[181.781s][info][gc,stats    ]   Choose Collection Set             159 us
[181.781s][info][gc,stats    ]   Rebuild Free Set                   25 us
[181.781s][info][gc,stats    ] Concurrent Thread Roots            6441 us, parallelism: 0.95x
[181.781s][info][gc,stats    ]   CTR: <total>                     6149 us
[181.781s][info][gc,stats    ]   CTR: Thread Roots                6149 us, workers (us): 6149, ---, ---, 
[181.781s][info][gc,stats    ] Concurrent Weak References         1191 us, parallelism: 0.81x
[181.781s][info][gc,stats    ]   CWRF: <total>                     969 us
[181.781s][info][gc,stats    ]   CWRF: Weak References             969 us, workers (us): 969, ---, ---, 
[181.781s][info][gc,stats    ] Concurrent Weak Roots             10196 us
[181.781s][info][gc,stats    ]   Roots                            9947 us, parallelism: 1.00x
[181.781s][info][gc,stats    ]     CWR: <total>                   9912 us
[181.781s][info][gc,stats    ]     CWR: Code Cache Roots          9012 us, workers (us): 9012, ---, ---, 
[181.781s][info][gc,stats    ]     CWR: VM Weak Roots              816 us, workers (us): 816, ---, ---, 
[181.781s][info][gc,stats    ]     CWR: CLDG Roots                  84 us, workers (us):  84, ---, ---, 
[181.781s][info][gc,stats    ]   Rendezvous                        175 us
[181.781s][info][gc,stats    ] Concurrent Cleanup                   50 us
[181.781s][info][gc,stats    ] Concurrent Class Unloading        52944 us
[181.781s][info][gc,stats    ]   Unlink Stale                    50355 us
[181.781s][info][gc,stats    ]     System Dictionary              1853 us
[181.781s][info][gc,stats    ]     Weak Class Links              17981 us
[181.781s][info][gc,stats    ]     Code Roots                    30520 us
[181.781s][info][gc,stats    ]   Rendezvous                        163 us
[181.781s][info][gc,stats    ]   Purge Unlinked                   2352 us
[181.781s][info][gc,stats    ]     Code Roots                     1149 us
[181.781s][info][gc,stats    ]     CLDG                           1202 us
[181.781s][info][gc,stats    ]     Exception Caches                  0 us
[181.781s][info][gc,stats    ] Concurrent Strong Roots             477 us, parallelism: 0.69x
[181.781s][info][gc,stats    ]   CSR: <total>                      330 us
[181.781s][info][gc,stats    ]   CSR: VM Strong Roots               13 us, workers (us):  13, ---, ---, 
[181.781s][info][gc,stats    ]   CSR: CLDG Roots                   316 us, workers (us): 316, ---, ---, 
[181.781s][info][gc,stats    ] Concurrent Evacuation              4661 us
[181.781s][info][gc,stats    ] Pause Init Update Refs (G)          389 us
[181.781s][info][gc,stats    ] Pause Init Update Refs (N)          149 us
[181.781s][info][gc,stats    ]   Manage GCLABs                      34 us
[181.781s][info][gc,stats    ] Concurrent Update Refs            22612 us
[181.781s][info][gc,stats    ] Concurrent Update Thread Roots     7688 us
[181.781s][info][gc,stats    ] Pause Final Update Refs (G)         376 us
[181.781s][info][gc,stats    ] Pause Final Update Refs (N)         264 us
[181.781s][info][gc,stats    ]   Update Region States              107 us
[181.781s][info][gc,stats    ]   Trash Collection Set               13 us
[181.781s][info][gc,stats    ]   Rebuild Free Set                   29 us
[181.781s][info][gc,stats    ] Concurrent Cleanup                   53 us
[181.781s][info][gc,stats    ] 
[181.781s][info][gc,stats    ] Allocation pacing accrued:
[181.781s][info][gc,stats    ]       0 of  1108 ms (  0.0%): <total>
[181.781s][info][gc,stats    ]       0 of  1108 ms (  0.0%): <average total>
[181.781s][info][gc,stats    ] 
[181.781s][info][gc,metaspace] Metaspace: 157015K(158208K)->155982K(158080K) NonClass: 138953K(139520K)->138090K(139456K) Class: 18062K(18688K)->17891K(18624K)
[181.781s][info][gc,ergo     ] Pacer for Idle. Initial: 163M, Alloc Tax Rate: 1.0x
[182.113s][info][gc          ] Trigger: Learning 2 of 5. Free (5624M) is below initial threshold (5734M)
[182.113s][info][gc,ergo     ] Free: 5620M, Max: 4096K regular, 5220M humongous, Frag: 7% external, 0% internal; Reserve: 412M, Max: 4096K
[182.113s][info][gc,start    ] GC(185) Concurrent reset
[182.113s][info][gc,task     ] GC(185) Using 1 of 3 workers for concurrent reset
[182.113s][info][gc,ergo     ] GC(185) Pacer for Reset. Non-Taxable: 8192M
[182.123s][info][gc          ] GC(185) Concurrent reset 9.958ms
[182.123s][info][gc,start    ] GC(185) Pause Init Mark (unload classes)
[182.123s][info][gc,task     ] GC(185) Using 3 of 3 workers for init marking
[182.124s][info][gc,ergo     ] GC(185) Pacer for Mark. Expected Live: 142M, Free: 5572M, Non-Taxable: 557M, Alloc Tax Rate: 0.0x
[182.124s][info][gc          ] GC(185) Pause Init Mark (unload classes) 0.186ms
[182.142s][info][gc,start    ] GC(185) Concurrent marking roots
[182.142s][info][gc,task     ] GC(185) Using 1 of 3 workers for concurrent marking roots
[182.151s][info][gc          ] GC(185) Concurrent marking roots 9.760ms
[182.151s][info][gc,start    ] GC(185) Concurrent marking (unload classes)
[182.151s][info][gc,task     ] GC(185) Using 1 of 3 workers for concurrent marking
[182.218s][info][gc          ] GC(185) Concurrent marking (unload classes) 66.141ms
[182.218s][info][gc,start    ] GC(185) Pause Final Mark (unload classes)
[182.218s][info][gc,task     ] GC(185) Using 3 of 3 workers for final marking
[182.218s][info][gc,ergo     ] GC(185) Adaptive CSet Selection. Target Free: 1160M, Actual Free: 6584M, Max CSet: 341M, Min Garbage: 0B
[182.218s][info][gc,ergo     ] GC(185) Collectable Garbage: 1996M (99%), Immediate: 960M (47%), CSet: 1036M (51%)
[182.218s][info][gc,ergo     ] GC(185) Pacer for Evacuation. Used CSet: 1092M, Free: 6208M, Non-Taxable: 620M, Alloc Tax Rate: 1.1x
[182.218s][info][gc          ] GC(185) Pause Final Mark (unload classes) 0.225ms
[182.218s][info][gc,start    ] GC(185) Concurrent thread roots
[182.218s][info][gc,task     ] GC(185) Using 1 of 3 workers for Concurrent thread roots
[182.225s][info][gc          ] GC(185) Concurrent thread roots 6.646ms
[182.225s][info][gc,start    ] GC(185) Concurrent weak references
[182.225s][info][gc,task     ] GC(185) Using 1 of 3 workers for concurrent weak references
[182.225s][info][gc,ref      ] GC(185) Encountered references: Soft: 3714, Weak: 14984, Final: 53, Phantom: 598
[182.225s][info][gc,ref      ] GC(185) Discovered  references: Soft: 0, Weak: 8074, Final: 0, Phantom: 278
[182.225s][info][gc,ref      ] GC(185) Enqueued    references: Soft: 0, Weak: 212, Final: 0, Phantom: 0
[182.226s][info][gc          ] GC(185) Concurrent weak references 0.880ms
[182.226s][info][gc,start    ] GC(185) Concurrent weak roots
[182.226s][info][gc,task     ] GC(185) Using 1 of 3 workers for concurrent weak root
[182.235s][info][gc          ] GC(185) Concurrent weak roots 9.511ms
[182.235s][info][gc,start    ] GC(185) Concurrent cleanup
[182.235s][info][gc          ] GC(185) Concurrent cleanup 2614M->1653M(8192M) 0.040ms
[182.235s][info][gc,ergo     ] GC(185) Free: 6107M, Max: 4096K regular, 5112M humongous, Frag: 17% external, 0% internal; Reserve: 410M, Max: 4096K
[182.235s][info][gc,start    ] GC(185) Concurrent class unloading
[182.235s][info][gc,task     ] GC(185) Using 1 of 3 workers for concurrent class unloading
[182.290s][info][gc          ] GC(185) Concurrent class unloading 54.413ms
[182.290s][info][gc,start    ] GC(185) Concurrent strong roots
[182.290s][info][gc,task     ] GC(185) Using 1 of 3 workers for concurrent strong root
[182.290s][info][gc          ] GC(185) Concurrent strong roots 0.475ms
[182.290s][info][gc,start    ] GC(185) Concurrent evacuation
[182.290s][info][gc,task     ] GC(185) Using 1 of 3 workers for concurrent evacuation
[182.298s][info][gc          ] GC(185) Concurrent evacuation 7.443ms
[182.298s][info][gc,start    ] GC(185) Pause Init Update Refs
[182.298s][info][gc,ergo     ] GC(185) Pacer for Update Refs. Used: 1774M, Free: 6044M, Non-Taxable: 604M, Alloc Tax Rate: 1.1x
[182.298s][info][gc          ] GC(185) Pause Init Update Refs 0.087ms
[182.298s][info][gc,start    ] GC(185) Concurrent update references
[182.298s][info][gc,task     ] GC(185) Using 1 of 3 workers for concurrent reference update
[182.375s][info][gc          ] GC(185) Concurrent update references 77.052ms
[182.375s][info][gc,start    ] GC(185) Concurrent update thread roots
[182.383s][info][gc          ] GC(185) Concurrent update thread roots 8.010ms
[182.383s][info][gc,start    ] GC(185) Pause Final Update Refs
[182.383s][info][gc,task     ] GC(185) Using 3 of 3 workers for final reference update
[182.383s][info][gc          ] GC(185) Pause Final Update Refs 0.127ms
[182.383s][info][gc,start    ] GC(185) Concurrent cleanup
[182.383s][info][gc          ] GC(185) Concurrent cleanup 1853M->761M(8192M) 0.061ms
[182.383s][info][gc,ergo     ] Free: 6970M, Max: 4096K regular, 5048M humongous, Frag: 28% external, 0% internal; Reserve: 412M, Max: 4096K
[182.383s][info][gc,stats    ] 
[182.383s][info][gc,stats    ] All times are wall-clock times, except per-root-class counters, that are sum over
[182.383s][info][gc,stats    ] all workers. Dividing the <total> over the root stage time estimates parallelism.
[182.383s][info][gc,stats    ] 
[182.383s][info][gc,stats    ] Concurrent Reset                  10108 us
[182.383s][info][gc,stats    ] Pause Init Mark (G)               18352 us
[182.383s][info][gc,stats    ] Pause Init Mark (N)                 198 us
[182.383s][info][gc,stats    ]   Update Region States               31 us
[182.383s][info][gc,stats    ] Concurrent Mark Roots              9863 us, parallelism: 0.92x
[182.383s][info][gc,stats    ]   CMR: <total>                     9082 us
[182.384s][info][gc,stats    ]   CMR: Thread Roots                8892 us, workers (us): 8892, ---, ---, 
[182.384s][info][gc,stats    ]   CMR: VM Strong Roots               31 us, workers (us):  31, ---, ---, 
[182.384s][info][gc,stats    ]   CMR: CLDG Roots                   159 us, workers (us): 159, ---, ---, 
[182.384s][info][gc,stats    ] Concurrent Marking                66192 us
[182.384s][info][gc,stats    ] Pause Final Mark (G)                308 us
[182.384s][info][gc,stats    ] Pause Final Mark (N)                233 us
[182.384s][info][gc,stats    ]   Finish Mark                        58 us
[182.384s][info][gc,stats    ]   Update Region States               32 us
[182.384s][info][gc,stats    ]   Choose Collection Set              69 us
[182.384s][info][gc,stats    ]   Rebuild Free Set                    8 us
[182.384s][info][gc,stats    ] Concurrent Thread Roots            6701 us, parallelism: 0.98x
[182.384s][info][gc,stats    ]   CTR: <total>                     6559 us
[182.384s][info][gc,stats    ]   CTR: Thread Roots                6559 us, workers (us): 6559, ---, ---, 
[182.384s][info][gc,stats    ] Concurrent Weak References          897 us, parallelism: 0.79x
[182.384s][info][gc,stats    ]   CWRF: <total>                     707 us
[182.384s][info][gc,stats    ]   CWRF: Weak References             707 us, workers (us): 707, ---, ---, 
[182.384s][info][gc,stats    ] Concurrent Weak Roots              9560 us
[182.384s][info][gc,stats    ]   Roots                            9267 us, parallelism: 0.99x
[182.384s][info][gc,stats    ]     CWR: <total>                   9207 us
[182.384s][info][gc,stats    ]     CWR: Code Cache Roots          7405 us, workers (us): 7405, ---, ---, 
[182.384s][info][gc,stats    ]     CWR: VM Weak Roots             1703 us, workers (us): 1703, ---, ---, 
[182.384s][info][gc,stats    ]     CWR: CLDG Roots                  99 us, workers (us):  99, ---, ---, 
[182.384s][info][gc,stats    ]   Rendezvous                        194 us
[182.384s][info][gc,stats    ] Concurrent Cleanup                   48 us
[182.384s][info][gc,stats    ] Concurrent Class Unloading        54475 us
[182.384s][info][gc,stats    ]   Unlink Stale                    52557 us
[182.384s][info][gc,stats    ]     System Dictionary               401 us
[182.384s][info][gc,stats    ]     Weak Class Links              16501 us
[182.384s][info][gc,stats    ]     Code Roots                    35653 us
[182.384s][info][gc,stats    ]   Rendezvous                        162 us
[182.384s][info][gc,stats    ]   Purge Unlinked                   1674 us
[182.384s][info][gc,stats    ]     Code Roots                     1596 us
[182.384s][info][gc,stats    ]     CLDG                             76 us
[182.384s][info][gc,stats    ]     Exception Caches                  0 us
[182.384s][info][gc,stats    ] Concurrent Strong Roots             486 us, parallelism: 0.75x
[182.384s][info][gc,stats    ]   CSR: <total>                      364 us
[182.384s][info][gc,stats    ]   CSR: VM Strong Roots                8 us, workers (us):   8, ---, ---, 
[182.384s][info][gc,stats    ]   CSR: CLDG Roots                   356 us, workers (us): 356, ---, ---, 
[182.384s][info][gc,stats    ] Concurrent Evacuation              7505 us
[182.384s][info][gc,stats    ] Pause Init Update Refs (G)          199 us
[182.384s][info][gc,stats    ] Pause Init Update Refs (N)          106 us
[182.384s][info][gc,stats    ]   Manage GCLABs                      23 us
[182.384s][info][gc,stats    ] Concurrent Update Refs            77112 us
[182.384s][info][gc,stats    ] Concurrent Update Thread Roots     8070 us
[182.384s][info][gc,stats    ] Pause Final Update Refs (G)         213 us
[182.384s][info][gc,stats    ] Pause Final Update Refs (N)         138 us
[182.384s][info][gc,stats    ]   Update Region States               44 us
[182.384s][info][gc,stats    ]   Trash Collection Set                9 us
[182.384s][info][gc,stats    ]   Rebuild Free Set                   17 us
[182.384s][info][gc,stats    ] Concurrent Cleanup                   80 us
[182.384s][info][gc,stats    ] 
[182.384s][info][gc,stats    ] Allocation pacing accrued:
[182.384s][info][gc,stats    ]       0 of   603 ms (  0.0%): <total>
[182.384s][info][gc,stats    ]       0 of   603 ms (  0.0%): <average total>
[182.384s][info][gc,stats    ] 
[182.384s][info][gc,metaspace] Metaspace: 156840K(158144K)->156874K(158144K) NonClass: 138802K(139520K)->138830K(139520K) Class: 18038K(18624K)->18043K(18624K)
[182.384s][info][gc,ergo     ] Pacer for Idle. Initial: 163M, Alloc Tax Rate: 1.0x
[183.301s][info][gc          ] Trigger: Explicit GC request (System.gc())
[183.301s][info][gc,ergo     ] Free: 5837M, Max: 4096K regular, 5048M humongous, Frag: 14% external, 0% internal; Reserve: 412M, Max: 4096K
[183.301s][info][gc,start    ] GC(186) Concurrent reset
[183.301s][info][gc,task     ] GC(186) Using 1 of 3 workers for concurrent reset
[183.301s][info][gc,ergo     ] GC(186) Pacer for Reset. Non-Taxable: 8192M
[183.307s][info][gc          ] GC(186) Concurrent reset 5.329ms
[183.307s][info][gc,start    ] GC(186) Pause Init Mark (unload classes)
[183.307s][info][gc,task     ] GC(186) Using 3 of 3 workers for init marking
[183.307s][info][gc,ref      ] GC(186) Clearing All SoftReferences
[183.307s][info][gc,ergo     ] GC(186) Pacer for Mark. Expected Live: 152M, Free: 5837M, Non-Taxable: 583M, Alloc Tax Rate: 0.0x
[183.307s][info][gc          ] GC(186) Pause Init Mark (unload classes) 0.281ms
[183.307s][info][gc,start    ] GC(186) Concurrent marking roots
[183.307s][info][gc,task     ] GC(186) Using 1 of 3 workers for concurrent marking roots
[183.314s][info][gc          ] GC(186) Concurrent marking roots 6.490ms
[183.314s][info][gc,start    ] GC(186) Concurrent marking (unload classes)
[183.314s][info][gc,task     ] GC(186) Using 1 of 3 workers for concurrent marking
[183.367s][info][gc          ] GC(186) Concurrent marking (unload classes) 52.615ms
[183.367s][info][gc,start    ] GC(186) Pause Final Mark (unload classes)
[183.367s][info][gc,task     ] GC(186) Using 3 of 3 workers for final marking
[183.367s][info][gc,ergo     ] GC(186) Adaptive CSet Selection. Target Free: 1160M, Actual Free: 6791M, Max CSet: 341M, Min Garbage: 0B
[183.367s][info][gc,ergo     ] GC(186) Collectable Garbage: 1541M (99%), Immediate: 551M (35%), CSet: 989M (63%)
[183.367s][info][gc,ergo     ] GC(186) Pacer for Evacuation. Used CSet: 998M, Free: 6651M, Non-Taxable: 665M, Alloc Tax Rate: 1.1x
[183.367s][info][gc          ] GC(186) Pause Final Mark (unload classes) 0.484ms
[183.367s][info][gc,start    ] GC(186) Concurrent thread roots
[183.367s][info][gc,task     ] GC(186) Using 1 of 3 workers for Concurrent thread roots
[183.374s][info][gc          ] GC(186) Concurrent thread roots 6.424ms
[183.374s][info][gc,start    ] GC(186) Concurrent weak references
[183.374s][info][gc,task     ] GC(186) Using 1 of 3 workers for concurrent weak references
[183.374s][info][gc,ref      ] GC(186) Encountered references: Soft: 3586, Weak: 17964, Final: 53, Phantom: 598
[183.374s][info][gc,ref      ] GC(186) Discovered  references: Soft: 1314, Weak: 6848, Final: 0, Phantom: 373
[183.374s][info][gc,ref      ] GC(186) Enqueued    references: Soft: 848, Weak: 3397, Final: 0, Phantom: 0
[183.375s][info][gc          ] GC(186) Concurrent weak references 0.842ms
[183.375s][info][gc,start    ] GC(186) Concurrent weak roots
[183.375s][info][gc,task     ] GC(186) Using 1 of 3 workers for concurrent weak root
[183.385s][info][gc          ] GC(186) Concurrent weak roots 10.770ms
[183.385s][info][gc,start    ] GC(186) Concurrent cleanup
[183.385s][info][gc          ] GC(186) Concurrent cleanup 2131M->1580M(8192M) 0.040ms
[183.385s][info][gc,ergo     ] GC(186) Free: 6191M, Max: 4096K regular, 5084M humongous, Frag: 18% external, 0% internal; Reserve: 410M, Max: 4096K
[183.385s][info][gc,start    ] GC(186) Concurrent class unloading
[183.385s][info][gc,task     ] GC(186) Using 1 of 3 workers for concurrent class unloading
[183.436s][info][gc          ] GC(186) Concurrent class unloading 50.616ms
[183.436s][info][gc,start    ] GC(186) Concurrent strong roots
[183.436s][info][gc,task     ] GC(186) Using 1 of 3 workers for concurrent strong root
[183.436s][info][gc          ] GC(186) Concurrent strong roots 0.329ms
[183.436s][info][gc,start    ] GC(186) Concurrent evacuation
[183.436s][info][gc,task     ] GC(186) Using 1 of 3 workers for concurrent evacuation
[183.442s][info][gc          ] GC(186) Concurrent evacuation 5.856ms
[183.442s][info][gc,start    ] GC(186) Pause Init Update Refs
[183.443s][info][gc,ergo     ] GC(186) Pacer for Update Refs. Used: 1650M, Free: 6131M, Non-Taxable: 613M, Alloc Tax Rate: 1.1x
[183.443s][info][gc          ] GC(186) Pause Init Update Refs 0.148ms
[183.443s][info][gc,start    ] GC(186) Concurrent update references
[183.443s][info][gc,task     ] GC(186) Using 1 of 3 workers for concurrent reference update
[183.465s][info][gc          ] GC(186) Concurrent update references 22.467ms
[183.465s][info][gc,start    ] GC(186) Concurrent update thread roots
[183.472s][info][gc          ] GC(186) Concurrent update thread roots 6.961ms
[183.472s][info][gc,start    ] GC(186) Pause Final Update Refs
[183.472s][info][gc,task     ] GC(186) Using 3 of 3 workers for final reference update
[183.472s][info][gc          ] GC(186) Pause Final Update Refs 0.164ms
[183.473s][info][gc,start    ] GC(186) Concurrent cleanup
[183.473s][info][gc          ] GC(186) Concurrent cleanup 1650M->652M(8192M) 0.108ms
[183.473s][info][gc,ergo     ] Free: 7127M, Max: 4096K regular, 5220M humongous, Frag: 27% external, 0% internal; Reserve: 412M, Max: 4096K
[183.473s][info][gc,stats    ] 
[183.473s][info][gc,stats    ] All times are wall-clock times, except per-root-class counters, that are sum over
[183.473s][info][gc,stats    ] all workers. Dividing the <total> over the root stage time estimates parallelism.
[183.473s][info][gc,stats    ] 
[183.473s][info][gc,stats    ] Concurrent Reset                   5392 us
[183.473s][info][gc,stats    ] Pause Init Mark (G)                 513 us
[183.473s][info][gc,stats    ] Pause Init Mark (N)                 302 us
[183.473s][info][gc,stats    ]   Update Region States              107 us
[183.473s][info][gc,stats    ] Concurrent Mark Roots              6559 us, parallelism: 0.95x
[183.473s][info][gc,stats    ]   CMR: <total>                     6212 us
[183.473s][info][gc,stats    ]   CMR: Thread Roots                6114 us, workers (us): 6114, ---, ---, 
[183.473s][info][gc,stats    ]   CMR: VM Strong Roots               13 us, workers (us):  13, ---, ---, 
[183.473s][info][gc,stats    ]   CMR: CLDG Roots                    84 us, workers (us):  84, ---, ---, 
[183.473s][info][gc,stats    ] Concurrent Marking                52682 us
[183.473s][info][gc,stats    ] Pause Final Mark (G)                640 us
[183.473s][info][gc,stats    ] Pause Final Mark (N)                505 us
[183.473s][info][gc,stats    ]   Finish Mark                        96 us
[183.473s][info][gc,stats    ]   Update Region States               65 us
[183.473s][info][gc,stats    ]   Choose Collection Set             162 us
[183.473s][info][gc,stats    ]   Rebuild Free Set                   25 us
[183.473s][info][gc,stats    ] Concurrent Thread Roots            6466 us, parallelism: 0.95x
[183.473s][info][gc,stats    ]   CTR: <total>                     6163 us
[183.473s][info][gc,stats    ]   CTR: Thread Roots                6163 us, workers (us): 6163, ---, ---, 
[183.473s][info][gc,stats    ] Concurrent Weak References          859 us, parallelism: 0.79x
[183.473s][info][gc,stats    ]   CWRF: <total>                     675 us
[183.473s][info][gc,stats    ]   CWRF: Weak References             675 us, workers (us): 675, ---, ---, 
[183.473s][info][gc,stats    ] Concurrent Weak Roots             10810 us
[183.473s][info][gc,stats    ]   Roots                           10556 us, parallelism: 0.99x
[183.473s][info][gc,stats    ]     CWR: <total>                  10486 us
[183.473s][info][gc,stats    ]     CWR: Code Cache Roots          8971 us, workers (us): 8971, ---, ---, 
[183.473s][info][gc,stats    ]     CWR: VM Weak Roots             1422 us, workers (us): 1422, ---, ---, 
[183.473s][info][gc,stats    ]     CWR: CLDG Roots                  93 us, workers (us):  93, ---, ---, 
[183.473s][info][gc,stats    ]   Rendezvous                        180 us
[183.473s][info][gc,stats    ] Concurrent Cleanup                   49 us
[183.473s][info][gc,stats    ] Concurrent Class Unloading        50664 us
[183.473s][info][gc,stats    ]   Unlink Stale                    48440 us
[183.473s][info][gc,stats    ]     System Dictionary              1832 us
[183.473s][info][gc,stats    ]     Weak Class Links              17667 us
[183.473s][info][gc,stats    ]     Code Roots                    28939 us
[183.473s][info][gc,stats    ]   Rendezvous                        197 us
[183.473s][info][gc,stats    ]   Purge Unlinked                   1958 us
[183.473s][info][gc,stats    ]     Code Roots                     1173 us
[183.473s][info][gc,stats    ]     CLDG                            784 us
[183.473s][info][gc,stats    ]     Exception Caches                  0 us
[183.473s][info][gc,stats    ] Concurrent Strong Roots             346 us, parallelism: 0.65x
[183.473s][info][gc,stats    ]   CSR: <total>                      224 us
[183.473s][info][gc,stats    ]   CSR: VM Strong Roots                8 us, workers (us):   8, ---, ---, 
[183.473s][info][gc,stats    ]   CSR: CLDG Roots                   216 us, workers (us): 216, ---, ---, 
[183.473s][info][gc,stats    ] Concurrent Evacuation              5955 us
[183.473s][info][gc,stats    ] Pause Init Update Refs (G)          333 us
[183.473s][info][gc,stats    ] Pause Init Update Refs (N)          170 us
[183.473s][info][gc,stats    ]   Manage GCLABs                      43 us
[183.473s][info][gc,stats    ] Concurrent Update Refs            22538 us
[183.473s][info][gc,stats    ] Concurrent Update Thread Roots     7019 us
[183.473s][info][gc,stats    ] Pause Final Update Refs (G)         285 us
[183.473s][info][gc,stats    ] Pause Final Update Refs (N)         182 us
[183.473s][info][gc,stats    ]   Update Region States               86 us
[183.473s][info][gc,stats    ]   Trash Collection Set               11 us
[183.473s][info][gc,stats    ]   Rebuild Free Set                   21 us
[183.473s][info][gc,stats    ] Concurrent Cleanup                  134 us
[183.473s][info][gc,stats    ] 
[183.473s][info][gc,stats    ] Allocation pacing accrued:
[183.473s][info][gc,stats    ]       0 of  1089 ms (  0.0%): <total>
[183.473s][info][gc,stats    ]       0 of  1089 ms (  0.0%): <average total>
[183.473s][info][gc,stats    ] 
[183.473s][info][gc,metaspace] Metaspace: 157017K(158272K)->155984K(158144K) NonClass: 138954K(139584K)->138093K(139520K) Class: 18062K(18688K)->17891K(18624K)
[183.473s][info][gc,ergo     ] Pacer for Idle. Initial: 163M, Alloc Tax Rate: 1.0x
[183.799s][info][gc          ] Trigger: Learning 2 of 5. Free (5623M) is below initial threshold (5734M)
[183.799s][info][gc,ergo     ] Free: 5623M, Max: 4096K regular, 5220M humongous, Frag: 8% external, 0% internal; Reserve: 412M, Max: 4096K
[183.799s][info][gc,start    ] GC(187) Concurrent reset
[183.799s][info][gc,task     ] GC(187) Using 1 of 3 workers for concurrent reset
[183.799s][info][gc,ergo     ] GC(187) Pacer for Reset. Non-Taxable: 8192M
[183.814s][info][gc          ] GC(187) Concurrent reset 15.161ms
[183.814s][info][gc,start    ] GC(187) Pause Init Mark (unload classes)
[183.814s][info][gc,task     ] GC(187) Using 3 of 3 workers for init marking
[183.815s][info][gc,ergo     ] GC(187) Pacer for Mark. Expected Live: 141M, Free: 5515M, Non-Taxable: 551M, Alloc Tax Rate: 0.0x
[183.815s][info][gc          ] GC(187) Pause Init Mark (unload classes) 0.134ms
[183.815s][info][gc,start    ] GC(187) Concurrent marking roots
[183.815s][info][gc,task     ] GC(187) Using 1 of 3 workers for concurrent marking roots
[183.824s][info][gc          ] GC(187) Concurrent marking roots 8.952ms
[183.824s][info][gc,start    ] GC(187) Concurrent marking (unload classes)
[183.824s][info][gc,task     ] GC(187) Using 1 of 3 workers for concurrent marking
[183.892s][info][gc          ] GC(187) Concurrent marking (unload classes) 68.691ms
[183.892s][info][gc,start    ] GC(187) Pause Final Mark (unload classes)
[183.892s][info][gc,task     ] GC(187) Using 3 of 3 workers for final marking
[183.893s][info][gc,ergo     ] GC(187) Adaptive CSet Selection. Target Free: 1160M, Actual Free: 6586M, Max CSet: 341M, Min Garbage: 0B
[183.893s][info][gc,ergo     ] GC(187) Collectable Garbage: 2049M (99%), Immediate: 958M (46%), CSet: 1090M (52%)
[183.893s][info][gc,ergo     ] GC(187) Pacer for Evacuation. Used CSet: 1152M, Free: 6209M, Non-Taxable: 620M, Alloc Tax Rate: 1.1x
[183.893s][info][gc          ] GC(187) Pause Final Mark (unload classes) 0.213ms
[183.893s][info][gc,start    ] GC(187) Concurrent thread roots
[183.893s][info][gc,task     ] GC(187) Using 1 of 3 workers for Concurrent thread roots
[183.899s][info][gc          ] GC(187) Concurrent thread roots 6.742ms
[183.900s][info][gc,start    ] GC(187) Concurrent weak references
[183.900s][info][gc,task     ] GC(187) Using 1 of 3 workers for concurrent weak references
[183.900s][info][gc,ref      ] GC(187) Encountered references: Soft: 3714, Weak: 14988, Final: 53, Phantom: 598
[183.900s][info][gc,ref      ] GC(187) Discovered  references: Soft: 0, Weak: 8444, Final: 0, Phantom: 278
[183.900s][info][gc,ref      ] GC(187) Enqueued    references: Soft: 0, Weak: 211, Final: 0, Phantom: 0
[183.900s][info][gc          ] GC(187) Concurrent weak references 0.632ms
[183.900s][info][gc,start    ] GC(187) Concurrent weak roots
[183.900s][info][gc,task     ] GC(187) Using 1 of 3 workers for concurrent weak root
[183.909s][info][gc          ] GC(187) Concurrent weak roots 9.107ms
[183.909s][info][gc,start    ] GC(187) Concurrent cleanup
[183.909s][info][gc          ] GC(187) Concurrent cleanup 2607M->1648M(8192M) 0.037ms
[183.909s][info][gc,ergo     ] GC(187) Free: 6124M, Max: 4096K regular, 5132M humongous, Frag: 17% external, 0% internal; Reserve: 399M, Max: 4096K
[183.909s][info][gc,start    ] GC(187) Concurrent class unloading
[183.909s][info][gc,task     ] GC(187) Using 1 of 3 workers for concurrent class unloading
[183.964s][info][gc          ] GC(187) Concurrent class unloading 54.164ms
[183.964s][info][gc,start    ] GC(187) Concurrent strong roots
[183.964s][info][gc,task     ] GC(187) Using 1 of 3 workers for concurrent strong root
[183.964s][info][gc          ] GC(187) Concurrent strong roots 0.475ms
[183.964s][info][gc,start    ] GC(187) Concurrent evacuation
[183.964s][info][gc,task     ] GC(187) Using 1 of 3 workers for concurrent evacuation
[183.973s][info][gc          ] GC(187) Concurrent evacuation 8.519ms
[183.973s][info][gc,start    ] GC(187) Pause Init Update Refs
[183.973s][info][gc,ergo     ] GC(187) Pacer for Update Refs. Used: 1774M, Free: 6048M, Non-Taxable: 604M, Alloc Tax Rate: 1.1x
[183.973s][info][gc          ] GC(187) Pause Init Update Refs 0.102ms
[183.973s][info][gc,start    ] GC(187) Concurrent update references
[183.973s][info][gc,task     ] GC(187) Using 1 of 3 workers for concurrent reference update
[184.038s][info][gc          ] GC(187) Concurrent update references 65.024ms
[184.038s][info][gc,start    ] GC(187) Concurrent update thread roots
[184.045s][info][gc          ] GC(187) Concurrent update thread roots 7.175ms
[184.045s][info][gc,start    ] GC(187) Pause Final Update Refs
[184.045s][info][gc,task     ] GC(187) Using 3 of 3 workers for final reference update
[184.045s][info][gc          ] GC(187) Pause Final Update Refs 0.129ms
[184.046s][info][gc,start    ] GC(187) Concurrent cleanup
[184.046s][info][gc          ] GC(187) Concurrent cleanup 1843M->690M(8192M) 0.081ms
[184.046s][info][gc,ergo     ] Free: 7045M, Max: 4096K regular, 5064M humongous, Frag: 28% external, 0% internal; Reserve: 412M, Max: 4096K
[184.046s][info][gc,stats    ] 
[184.046s][info][gc,stats    ] All times are wall-clock times, except per-root-class counters, that are sum over
[184.046s][info][gc,stats    ] all workers. Dividing the <total> over the root stage time estimates parallelism.
[184.046s][info][gc,stats    ] 
[184.046s][info][gc,stats    ] Concurrent Reset                  15294 us
[184.046s][info][gc,stats    ] Pause Init Mark (G)                 329 us
[184.046s][info][gc,stats    ] Pause Init Mark (N)                 142 us
[184.046s][info][gc,stats    ]   Update Region States               51 us
[184.046s][info][gc,stats    ] Concurrent Mark Roots              9074 us, parallelism: 0.95x
[184.046s][info][gc,stats    ]   CMR: <total>                     8621 us
[184.046s][info][gc,stats    ]   CMR: Thread Roots                8488 us, workers (us): 8488, ---, ---, 
[184.046s][info][gc,stats    ]   CMR: VM Strong Roots               23 us, workers (us):  23, ---, ---, 
[184.046s][info][gc,stats    ]   CMR: CLDG Roots                   110 us, workers (us): 110, ---, ---, 
[184.046s][info][gc,stats    ] Concurrent Marking                68736 us
[184.046s][info][gc,stats    ] Pause Final Mark (G)                298 us
[184.046s][info][gc,stats    ] Pause Final Mark (N)                221 us
[184.046s][info][gc,stats    ]   Finish Mark                        67 us
[184.046s][info][gc,stats    ]   Update Region States               34 us
[184.046s][info][gc,stats    ]   Choose Collection Set              58 us
[184.046s][info][gc,stats    ]   Rebuild Free Set                    9 us
[184.046s][info][gc,stats    ] Concurrent Thread Roots            6793 us, parallelism: 0.98x
[184.046s][info][gc,stats    ]   CTR: <total>                     6659 us
[184.046s][info][gc,stats    ]   CTR: Thread Roots                6659 us, workers (us): 6659, ---, ---, 
[184.046s][info][gc,stats    ] Concurrent Weak References          639 us, parallelism: 0.88x
[184.046s][info][gc,stats    ]   CWRF: <total>                     563 us
[184.046s][info][gc,stats    ]   CWRF: Weak References             563 us, workers (us): 563, ---, ---, 
[184.046s][info][gc,stats    ] Concurrent Weak Roots              9152 us
[184.046s][info][gc,stats    ]   Roots                            8928 us, parallelism: 1.00x
[184.046s][info][gc,stats    ]     CWR: <total>                   8890 us
[184.046s][info][gc,stats    ]     CWR: Code Cache Roots          7193 us, workers (us): 7193, ---, ---, 
[184.046s][info][gc,stats    ]     CWR: VM Weak Roots             1576 us, workers (us): 1576, ---, ---, 
[184.046s][info][gc,stats    ]     CWR: CLDG Roots                 122 us, workers (us): 122, ---, ---, 
[184.046s][info][gc,stats    ]   Rendezvous                        161 us
[184.046s][info][gc,stats    ] Concurrent Cleanup                   46 us
[184.046s][info][gc,stats    ] Concurrent Class Unloading        54213 us
[184.046s][info][gc,stats    ]   Unlink Stale                    52230 us
[184.046s][info][gc,stats    ]     System Dictionary               406 us
[184.046s][info][gc,stats    ]     Weak Class Links              16506 us
[184.046s][info][gc,stats    ]     Code Roots                    35317 us
[184.046s][info][gc,stats    ]   Rendezvous                        159 us
[184.046s][info][gc,stats    ]   Purge Unlinked                   1756 us
[184.046s][info][gc,stats    ]     Code Roots                     1642 us
[184.046s][info][gc,stats    ]     CLDG                            113 us
[184.046s][info][gc,stats    ]     Exception Caches                  0 us
[184.046s][info][gc,stats    ] Concurrent Strong Roots             484 us, parallelism: 0.69x
[184.046s][info][gc,stats    ]   CSR: <total>                      334 us
[184.046s][info][gc,stats    ]   CSR: VM Strong Roots                9 us, workers (us):   9, ---, ---, 
[184.046s][info][gc,stats    ]   CSR: CLDG Roots                   325 us, workers (us): 325, ---, ---, 
[184.046s][info][gc,stats    ] Concurrent Evacuation              8591 us
[184.046s][info][gc,stats    ] Pause Init Update Refs (G)          257 us
[184.046s][info][gc,stats    ] Pause Init Update Refs (N)          119 us
[184.046s][info][gc,stats    ]   Manage GCLABs                      22 us
[184.046s][info][gc,stats    ] Concurrent Update Refs            65095 us
[184.046s][info][gc,stats    ] Concurrent Update Thread Roots     7234 us
[184.046s][info][gc,stats    ] Pause Final Update Refs (G)         249 us
[184.046s][info][gc,stats    ] Pause Final Update Refs (N)         139 us
[184.046s][info][gc,stats    ]   Update Region States               56 us
[184.046s][info][gc,stats    ]   Trash Collection Set                8 us
[184.046s][info][gc,stats    ]   Rebuild Free Set                   17 us
[184.046s][info][gc,stats    ] Concurrent Cleanup                  101 us
[184.046s][info][gc,stats    ] 
[184.046s][info][gc,stats    ] Allocation pacing accrued:
[184.046s][info][gc,stats    ]       0 of   573 ms (  0.0%): <total>
[184.046s][info][gc,stats    ]       0 of   573 ms (  0.0%): <average total>
[184.046s][info][gc,stats    ] 
[184.046s][info][gc,metaspace] Metaspace: 156846K(158144K)->156864K(158144K) NonClass: 138807K(139520K)->138823K(139520K) Class: 18039K(18624K)->18040K(18624K)
[184.046s][info][gc,ergo     ] Pacer for Idle. Initial: 163M, Alloc Tax Rate: 1.0x
[184.980s][info][gc          ] Trigger: Explicit GC request (System.gc())
[184.981s][info][gc,ergo     ] Free: 5885M, Max: 4096K regular, 5064M humongous, Frag: 14% external, 0% internal; Reserve: 412M, Max: 4096K
[184.981s][info][gc,start    ] GC(188) Concurrent reset
[184.981s][info][gc,task     ] GC(188) Using 1 of 3 workers for concurrent reset
[184.981s][info][gc,ergo     ] GC(188) Pacer for Reset. Non-Taxable: 8192M
[184.986s][info][gc          ] GC(188) Concurrent reset 5.143ms
[184.986s][info][gc,start    ] GC(188) Pause Init Mark (unload classes)
[184.986s][info][gc,task     ] GC(188) Using 3 of 3 workers for init marking
[184.986s][info][gc,ref      ] GC(188) Clearing All SoftReferences
[184.986s][info][gc,ergo     ] GC(188) Pacer for Mark. Expected Live: 153M, Free: 5885M, Non-Taxable: 588M, Alloc Tax Rate: 0.0x
[184.986s][info][gc          ] GC(188) Pause Init Mark (unload classes) 0.194ms
[184.986s][info][gc,start    ] GC(188) Concurrent marking roots
[184.986s][info][gc,task     ] GC(188) Using 1 of 3 workers for concurrent marking roots
[184.994s][info][gc          ] GC(188) Concurrent marking roots 7.406ms
[184.994s][info][gc,start    ] GC(188) Concurrent marking (unload classes)
[184.994s][info][gc,task     ] GC(188) Using 1 of 3 workers for concurrent marking
[185.046s][info][gc          ] GC(188) Concurrent marking (unload classes) 52.555ms
[185.046s][info][gc,start    ] GC(188) Pause Final Mark (unload classes)
[185.046s][info][gc,task     ] GC(188) Using 3 of 3 workers for final marking
[185.047s][info][gc,ergo     ] GC(188) Adaptive CSet Selection. Target Free: 1160M, Actual Free: 6816M, Max CSet: 341M, Min Garbage: 0B
[185.047s][info][gc,ergo     ] GC(188) Collectable Garbage: 1494M (99%), Immediate: 528M (35%), CSet: 965M (64%)
[185.047s][info][gc,ergo     ] GC(188) Pacer for Evacuation. Used CSet: 970M, Free: 6675M, Non-Taxable: 667M, Alloc Tax Rate: 1.1x
[185.047s][info][gc          ] GC(188) Pause Final Mark (unload classes) 0.541ms
[185.047s][info][gc,start    ] GC(188) Concurrent thread roots
[185.047s][info][gc,task     ] GC(188) Using 1 of 3 workers for Concurrent thread roots
[185.053s][info][gc          ] GC(188) Concurrent thread roots 6.188ms
[185.053s][info][gc,start    ] GC(188) Concurrent weak references
[185.053s][info][gc,task     ] GC(188) Using 1 of 3 workers for concurrent weak references
[185.054s][info][gc,ref      ] GC(188) Encountered references: Soft: 3588, Weak: 17969, Final: 53, Phantom: 598
[185.054s][info][gc,ref      ] GC(188) Discovered  references: Soft: 1316, Weak: 6852, Final: 0, Phantom: 373
[185.054s][info][gc,ref      ] GC(188) Enqueued    references: Soft: 850, Weak: 3401, Final: 0, Phantom: 0
[185.054s][info][gc          ] GC(188) Concurrent weak references 1.118ms
[185.054s][info][gc,start    ] GC(188) Concurrent weak roots
[185.054s][info][gc,task     ] GC(188) Using 1 of 3 workers for concurrent weak root
[185.064s][info][gc          ] GC(188) Concurrent weak roots 10.112ms
[185.064s][info][gc,start    ] GC(188) Concurrent cleanup
[185.064s][info][gc          ] GC(188) Concurrent cleanup 2077M->1549M(8192M) 0.038ms
[185.065s][info][gc,ergo     ] GC(188) Free: 6223M, Max: 4096K regular, 5096M humongous, Frag: 19% external, 0% internal; Reserve: 410M, Max: 4096K
[185.065s][info][gc,start    ] GC(188) Concurrent class unloading
[185.065s][info][gc,task     ] GC(188) Using 1 of 3 workers for concurrent class unloading
[185.115s][info][gc          ] GC(188) Concurrent class unloading 50.875ms
[185.115s][info][gc,start    ] GC(188) Concurrent strong roots
[185.115s][info][gc,task     ] GC(188) Using 1 of 3 workers for concurrent strong root
[185.116s][info][gc          ] GC(188) Concurrent strong roots 0.337ms
[185.116s][info][gc,start    ] GC(188) Concurrent evacuation
[185.116s][info][gc,task     ] GC(188) Using 1 of 3 workers for concurrent evacuation
[185.121s][info][gc          ] GC(188) Concurrent evacuation 5.148ms
[185.121s][info][gc,start    ] GC(188) Pause Init Update Refs
[185.121s][info][gc,ergo     ] GC(188) Pacer for Update Refs. Used: 1618M, Free: 6159M, Non-Taxable: 615M, Alloc Tax Rate: 1.1x
[185.121s][info][gc          ] GC(188) Pause Init Update Refs 0.079ms
[185.121s][info][gc,start    ] GC(188) Concurrent update references
[185.121s][info][gc,task     ] GC(188) Using 1 of 3 workers for concurrent reference update
[185.143s][info][gc          ] GC(188) Concurrent update references 22.211ms
[185.143s][info][gc,start    ] GC(188) Concurrent update thread roots
[185.150s][info][gc          ] GC(188) Concurrent update thread roots 6.881ms
[185.150s][info][gc,start    ] GC(188) Pause Final Update Refs
[185.151s][info][gc,task     ] GC(188) Using 3 of 3 workers for final reference update
[185.151s][info][gc          ] GC(188) Pause Final Update Refs 0.180ms
[185.151s][info][gc,start    ] GC(188) Concurrent cleanup
[185.151s][info][gc          ] GC(188) Concurrent cleanup 1618M->647M(8192M) 0.103ms
[185.151s][info][gc,ergo     ] Free: 7132M, Max: 4096K regular, 5220M humongous, Frag: 27% external, 0% internal; Reserve: 412M, Max: 4096K
[185.151s][info][gc,stats    ] 
[185.151s][info][gc,stats    ] All times are wall-clock times, except per-root-class counters, that are sum over
[185.151s][info][gc,stats    ] all workers. Dividing the <total> over the root stage time estimates parallelism.
[185.151s][info][gc,stats    ] 
[185.151s][info][gc,stats    ] Concurrent Reset                   5200 us
[185.151s][info][gc,stats    ] Pause Init Mark (G)                 374 us
[185.151s][info][gc,stats    ] Pause Init Mark (N)                 217 us
[185.151s][info][gc,stats    ]   Update Region States               68 us
[185.151s][info][gc,stats    ] Concurrent Mark Roots              7452 us, parallelism: 0.96x
[185.151s][info][gc,stats    ]   CMR: <total>                     7180 us
[185.151s][info][gc,stats    ]   CMR: Thread Roots                7022 us, workers (us): 7022, ---, ---, 
[185.151s][info][gc,stats    ]   CMR: VM Strong Roots               18 us, workers (us):  18, ---, ---, 
[185.151s][info][gc,stats    ]   CMR: CLDG Roots                   140 us, workers (us): 140, ---, ---, 
[185.151s][info][gc,stats    ] Concurrent Marking                52623 us
[185.151s][info][gc,stats    ] Pause Final Mark (G)                718 us
[185.151s][info][gc,stats    ] Pause Final Mark (N)                563 us
[185.151s][info][gc,stats    ]   Finish Mark                        96 us
[185.151s][info][gc,stats    ]   Update Region States              101 us
[185.151s][info][gc,stats    ]   Choose Collection Set             183 us
[185.151s][info][gc,stats    ]   Rebuild Free Set                   25 us
[185.151s][info][gc,stats    ] Concurrent Thread Roots            6229 us, parallelism: 0.97x
[185.151s][info][gc,stats    ]   CTR: <total>                     6069 us
[185.151s][info][gc,stats    ]   CTR: Thread Roots                6069 us, workers (us): 6069, ---, ---, 
[185.151s][info][gc,stats    ] Concurrent Weak References         1126 us, parallelism: 0.82x
[185.151s][info][gc,stats    ]   CWRF: <total>                     924 us
[185.151s][info][gc,stats    ]   CWRF: Weak References             924 us, workers (us): 924, ---, ---, 
[185.151s][info][gc,stats    ] Concurrent Weak Roots             10152 us
[185.151s][info][gc,stats    ]   Roots                            9917 us, parallelism: 1.00x
[185.151s][info][gc,stats    ]     CWR: <total>                   9874 us
[185.151s][info][gc,stats    ]     CWR: Code Cache Roots          8954 us, workers (us): 8954, ---, ---, 
[185.151s][info][gc,stats    ]     CWR: VM Weak Roots              835 us, workers (us): 835, ---, ---, 
[185.151s][info][gc,stats    ]     CWR: CLDG Roots                  85 us, workers (us):  85, ---, ---, 
[185.151s][info][gc,stats    ]   Rendezvous                        176 us
[185.151s][info][gc,stats    ] Concurrent Cleanup                   47 us
[185.151s][info][gc,stats    ] Concurrent Class Unloading        50925 us
[185.151s][info][gc,stats    ]   Unlink Stale                    48583 us
[185.151s][info][gc,stats    ]     System Dictionary              1875 us
[185.151s][info][gc,stats    ]     Weak Class Links              17640 us
[185.151s][info][gc,stats    ]     Code Roots                    29066 us
[185.151s][info][gc,stats    ]   Rendezvous                        177 us
[185.151s][info][gc,stats    ]   Purge Unlinked                   2094 us
[185.152s][info][gc,stats    ]     Code Roots                     1273 us
[185.152s][info][gc,stats    ]     CLDG                            820 us
[185.152s][info][gc,stats    ]     Exception Caches                  0 us
[185.152s][info][gc,stats    ] Concurrent Strong Roots             357 us, parallelism: 0.64x
[185.152s][info][gc,stats    ]   CSR: <total>                      229 us
[185.152s][info][gc,stats    ]   CSR: VM Strong Roots                9 us, workers (us):   9, ---, ---, 
[185.152s][info][gc,stats    ]   CSR: CLDG Roots                   220 us, workers (us): 220, ---, ---, 
[185.152s][info][gc,stats    ] Concurrent Evacuation              5196 us
[185.152s][info][gc,stats    ] Pause Init Update Refs (G)          196 us
[185.152s][info][gc,stats    ] Pause Init Update Refs (N)           87 us
[185.152s][info][gc,stats    ]   Manage GCLABs                      26 us
[185.152s][info][gc,stats    ] Concurrent Update Refs            22277 us
[185.152s][info][gc,stats    ] Concurrent Update Thread Roots     6933 us
[185.152s][info][gc,stats    ] Pause Final Update Refs (G)         308 us
[185.152s][info][gc,stats    ] Pause Final Update Refs (N)         199 us
[185.152s][info][gc,stats    ]   Update Region States               84 us
[185.152s][info][gc,stats    ]   Trash Collection Set               11 us
[185.152s][info][gc,stats    ]   Rebuild Free Set                   20 us
[185.152s][info][gc,stats    ] Concurrent Cleanup                  130 us
[185.152s][info][gc,stats    ] 
[185.152s][info][gc,stats    ] Allocation pacing accrued:
[185.152s][info][gc,stats    ]       0 of  1105 ms (  0.0%): <total>
[185.152s][info][gc,stats    ]       0 of  1105 ms (  0.0%): <average total>
[185.152s][info][gc,stats    ] 
[185.152s][info][gc,metaspace] Metaspace: 157020K(158272K)->155984K(158144K) NonClass: 138957K(139584K)->138093K(139520K) Class: 18062K(18688K)->17891K(18624K)
[185.152s][info][gc,ergo     ] Pacer for Idle. Initial: 163M, Alloc Tax Rate: 1.0x
[185.482s][info][gc          ] Trigger: Learning 2 of 5. Free (5652M) is below initial threshold (5734M)
[185.482s][info][gc,ergo     ] Free: 5648M, Max: 4096K regular, 5220M humongous, Frag: 8% external, 0% internal; Reserve: 412M, Max: 4096K
[185.482s][info][gc,start    ] GC(189) Concurrent reset
[185.482s][info][gc,task     ] GC(189) Using 1 of 3 workers for concurrent reset
[185.482s][info][gc,ergo     ] GC(189) Pacer for Reset. Non-Taxable: 8192M
[185.497s][info][gc          ] GC(189) Concurrent reset 15.005ms
[185.498s][info][gc,start    ] GC(189) Pause Init Mark (unload classes)
[185.498s][info][gc,task     ] GC(189) Using 3 of 3 workers for init marking
[185.498s][info][gc,ergo     ] GC(189) Pacer for Mark. Expected Live: 141M, Free: 5544M, Non-Taxable: 554M, Alloc Tax Rate: 0.0x
[185.498s][info][gc          ] GC(189) Pause Init Mark (unload classes) 0.113ms
[185.498s][info][gc,start    ] GC(189) Concurrent marking roots
[185.498s][info][gc,task     ] GC(189) Using 1 of 3 workers for concurrent marking roots
[185.507s][info][gc          ] GC(189) Concurrent marking roots 8.937ms
[185.507s][info][gc,start    ] GC(189) Concurrent marking (unload classes)
[185.507s][info][gc,task     ] GC(189) Using 1 of 3 workers for concurrent marking
[185.577s][info][gc          ] GC(189) Concurrent marking (unload classes) 70.535ms
[185.577s][info][gc,start    ] GC(189) Pause Final Mark (unload classes)
[185.578s][info][gc,task     ] GC(189) Using 3 of 3 workers for final marking
[185.578s][info][gc,ergo     ] GC(189) Adaptive CSet Selection. Target Free: 1160M, Actual Free: 6579M, Max CSet: 341M, Min Garbage: 0B
[185.578s][info][gc,ergo     ] GC(189) Collectable Garbage: 2018M (99%), Immediate: 959M (47%), CSet: 1058M (52%)
[185.578s][info][gc,ergo     ] GC(189) Pacer for Evacuation. Used CSet: 1118M, Free: 6205M, Non-Taxable: 620M, Alloc Tax Rate: 1.1x
[185.578s][info][gc          ] GC(189) Pause Final Mark (unload classes) 0.263ms
[185.578s][info][gc,start    ] GC(189) Concurrent thread roots
[185.578s][info][gc,task     ] GC(189) Using 1 of 3 workers for Concurrent thread roots
[185.585s][info][gc          ] GC(189) Concurrent thread roots 6.949ms
[185.585s][info][gc,start    ] GC(189) Concurrent weak references
[185.585s][info][gc,task     ] GC(189) Using 1 of 3 workers for concurrent weak references
[185.586s][info][gc,ref      ] GC(189) Encountered references: Soft: 3715, Weak: 14987, Final: 53, Phantom: 598
[185.586s][info][gc,ref      ] GC(189) Discovered  references: Soft: 0, Weak: 8220, Final: 0, Phantom: 278
[185.586s][info][gc,ref      ] GC(189) Enqueued    references: Soft: 0, Weak: 212, Final: 0, Phantom: 0
[185.586s][info][gc          ] GC(189) Concurrent weak references 0.678ms
[185.586s][info][gc,start    ] GC(189) Concurrent weak roots
[185.586s][info][gc,task     ] GC(189) Using 1 of 3 workers for concurrent weak root
[185.595s][info][gc          ] GC(189) Concurrent weak roots 9.602ms
[185.595s][info][gc,start    ] GC(189) Concurrent cleanup
[185.595s][info][gc          ] GC(189) Concurrent cleanup 2634M->1675M(8192M) 0.040ms
[185.595s][info][gc,ergo     ] GC(189) Free: 6104M, Max: 4096K regular, 5108M humongous, Frag: 17% external, 0% internal; Reserve: 388M, Max: 4096K
[185.595s][info][gc,start    ] GC(189) Concurrent class unloading
[185.595s][info][gc,task     ] GC(189) Using 1 of 3 workers for concurrent class unloading
[185.643s][info][gc          ] GC(189) Concurrent class unloading 47.811ms
[185.643s][info][gc,start    ] GC(189) Concurrent strong roots
[185.643s][info][gc,task     ] GC(189) Using 1 of 3 workers for concurrent strong root
[185.644s][info][gc          ] GC(189) Concurrent strong roots 0.491ms
[185.644s][info][gc,start    ] GC(189) Concurrent evacuation
[185.644s][info][gc,task     ] GC(189) Using 1 of 3 workers for concurrent evacuation
[185.659s][info][gc          ] GC(189) Concurrent evacuation 14.740ms
[185.659s][info][gc,start    ] GC(189) Pause Init Update Refs
[185.659s][info][gc,ergo     ] GC(189) Pacer for Update Refs. Used: 1770M, Free: 6048M, Non-Taxable: 604M, Alloc Tax Rate: 1.1x
[185.659s][info][gc          ] GC(189) Pause Init Update Refs 0.065ms
[185.659s][info][gc,start    ] GC(189) Concurrent update references
[185.659s][info][gc,task     ] GC(189) Using 1 of 3 workers for concurrent reference update
[185.729s][info][gc          ] GC(189) Concurrent update references 70.338ms
[185.729s][info][gc,start    ] GC(189) Concurrent update thread roots
[185.735s][info][gc          ] GC(189) Concurrent update thread roots 6.181ms
[185.735s][info][gc,start    ] GC(189) Pause Final Update Refs
[185.736s][info][gc,task     ] GC(189) Using 3 of 3 workers for final reference update
[185.736s][info][gc          ] GC(189) Pause Final Update Refs 0.128ms
[185.736s][info][gc,start    ] GC(189) Concurrent cleanup
[185.736s][info][gc          ] GC(189) Concurrent cleanup 1822M->703M(8192M) 0.083ms
[185.736s][info][gc,ergo     ] Free: 7036M, Max: 4096K regular, 5044M humongous, Frag: 29% external, 0% internal; Reserve: 412M, Max: 4096K
[185.736s][info][gc,stats    ] 
[185.736s][info][gc,stats    ] All times are wall-clock times, except per-root-class counters, that are sum over
[185.736s][info][gc,stats    ] all workers. Dividing the <total> over the root stage time estimates parallelism.
[185.736s][info][gc,stats    ] 
[185.736s][info][gc,stats    ] Concurrent Reset                  15148 us
[185.736s][info][gc,stats    ] Pause Init Mark (G)                 525 us
[185.736s][info][gc,stats    ] Pause Init Mark (N)                 122 us
[185.736s][info][gc,stats    ]   Update Region States               35 us
[185.736s][info][gc,stats    ] Concurrent Mark Roots              9038 us, parallelism: 0.94x
[185.736s][info][gc,stats    ]   CMR: <total>                     8521 us
[185.736s][info][gc,stats    ]   CMR: Thread Roots                8328 us, workers (us): 8328, ---, ---, 
[185.736s][info][gc,stats    ]   CMR: VM Strong Roots               29 us, workers (us):  29, ---, ---, 
[185.736s][info][gc,stats    ]   CMR: CLDG Roots                   164 us, workers (us): 164, ---, ---, 
[185.736s][info][gc,stats    ] Concurrent Marking                70589 us
[185.736s][info][gc,stats    ] Pause Final Mark (G)                559 us
[185.736s][info][gc,stats    ] Pause Final Mark (N)                272 us
[185.736s][info][gc,stats    ]   Finish Mark                        78 us
[185.736s][info][gc,stats    ]   Update Region States               35 us
[185.736s][info][gc,stats    ]   Choose Collection Set              74 us
[185.736s][info][gc,stats    ]   Rebuild Free Set                    9 us
[185.736s][info][gc,stats    ] Concurrent Thread Roots            7014 us, parallelism: 0.98x
[185.736s][info][gc,stats    ]   CTR: <total>                     6854 us
[185.736s][info][gc,stats    ]   CTR: Thread Roots                6854 us, workers (us): 6854, ---, ---, 
[185.736s][info][gc,stats    ] Concurrent Weak References          686 us, parallelism: 0.87x
[185.736s][info][gc,stats    ]   CWRF: <total>                     600 us
[185.736s][info][gc,stats    ]   CWRF: Weak References             600 us, workers (us): 600, ---, ---, 
[185.736s][info][gc,stats    ] Concurrent Weak Roots              9643 us
[185.736s][info][gc,stats    ]   Roots                            9406 us, parallelism: 1.00x
[185.736s][info][gc,stats    ]     CWR: <total>                   9369 us
[185.736s][info][gc,stats    ]     CWR: Code Cache Roots          7865 us, workers (us): 7865, ---, ---, 
[185.736s][info][gc,stats    ]     CWR: VM Weak Roots             1396 us, workers (us): 1396, ---, ---, 
[185.736s][info][gc,stats    ]     CWR: CLDG Roots                 108 us, workers (us): 108, ---, ---, 
[185.736s][info][gc,stats    ]   Rendezvous                        178 us
[185.736s][info][gc,stats    ] Concurrent Cleanup                   48 us
[185.736s][info][gc,stats    ] Concurrent Class Unloading        47888 us
[185.736s][info][gc,stats    ]   Unlink Stale                    45951 us
[185.736s][info][gc,stats    ]     System Dictionary               459 us
[185.736s][info][gc,stats    ]     Weak Class Links              16716 us
[185.736s][info][gc,stats    ]     Code Roots                    28774 us
[185.736s][info][gc,stats    ]   Rendezvous                        205 us
[185.736s][info][gc,stats    ]   Purge Unlinked                   1633 us
[185.736s][info][gc,stats    ]     Code Roots                     1547 us
[185.736s][info][gc,stats    ]     CLDG                             85 us
[185.736s][info][gc,stats    ]     Exception Caches                  0 us
[185.736s][info][gc,stats    ] Concurrent Strong Roots             526 us, parallelism: 0.65x
[185.736s][info][gc,stats    ]   CSR: <total>                      343 us
[185.736s][info][gc,stats    ]   CSR: VM Strong Roots                8 us, workers (us):   8, ---, ---, 
[185.736s][info][gc,stats    ]   CSR: CLDG Roots                   335 us, workers (us): 335, ---, ---, 
[185.736s][info][gc,stats    ] Concurrent Evacuation             14778 us
[185.736s][info][gc,stats    ] Pause Init Update Refs (G)          159 us
[185.736s][info][gc,stats    ] Pause Init Update Refs (N)           74 us
[185.736s][info][gc,stats    ]   Manage GCLABs                      17 us
[185.736s][info][gc,stats    ] Concurrent Update Refs            70397 us
[185.736s][info][gc,stats    ] Concurrent Update Thread Roots     6249 us
[185.737s][info][gc,stats    ] Pause Final Update Refs (G)         247 us
[185.737s][info][gc,stats    ] Pause Final Update Refs (N)         145 us
[185.737s][info][gc,stats    ]   Update Region States               54 us
[185.737s][info][gc,stats    ]   Trash Collection Set                6 us
[185.737s][info][gc,stats    ]   Rebuild Free Set                   15 us
[185.737s][info][gc,stats    ] Concurrent Cleanup                  104 us
[185.737s][info][gc,stats    ] 
[185.737s][info][gc,stats    ] Allocation pacing accrued:
[185.737s][info][gc,stats    ]       0 of   585 ms (  0.0%): <total>
[185.737s][info][gc,stats    ]       0 of   585 ms (  0.0%): <average total>
[185.737s][info][gc,stats    ] 
[185.737s][info][gc,metaspace] Metaspace: 156851K(158144K)->156866K(158144K) NonClass: 138811K(139520K)->138825K(139520K) Class: 18040K(18624K)->18040K(18624K)
[185.737s][info][gc,ergo     ] Pacer for Idle. Initial: 163M, Alloc Tax Rate: 1.0x
[186.684s][info][gc          ] Trigger: Explicit GC request (System.gc())
[186.684s][info][gc,ergo     ] Free: 5851M, Max: 4096K regular, 5044M humongous, Frag: 14% external, 0% internal; Reserve: 412M, Max: 4096K
[186.684s][info][gc,start    ] GC(190) Concurrent reset
[186.684s][info][gc,task     ] GC(190) Using 1 of 3 workers for concurrent reset
[186.684s][info][gc,ergo     ] GC(190) Pacer for Reset. Non-Taxable: 8192M
[186.690s][info][gc          ] GC(190) Concurrent reset 5.226ms
[186.690s][info][gc,start    ] GC(190) Pause Init Mark (unload classes)
[186.690s][info][gc,task     ] GC(190) Using 3 of 3 workers for init marking
[186.690s][info][gc,ref      ] GC(190) Clearing All SoftReferences
[186.690s][info][gc,ergo     ] GC(190) Pacer for Mark. Expected Live: 152M, Free: 5851M, Non-Taxable: 585M, Alloc Tax Rate: 0.0x
[186.690s][info][gc          ] GC(190) Pause Init Mark (unload classes) 0.201ms
[186.690s][info][gc,start    ] GC(190) Concurrent marking roots
[186.690s][info][gc,task     ] GC(190) Using 1 of 3 workers for concurrent marking roots
[186.698s][info][gc          ] GC(190) Concurrent marking roots 7.437ms
[186.698s][info][gc,start    ] GC(190) Concurrent marking (unload classes)
[186.698s][info][gc,task     ] GC(190) Using 1 of 3 workers for concurrent marking
[186.750s][info][gc          ] GC(190) Concurrent marking (unload classes) 52.190ms
[186.750s][info][gc,start    ] GC(190) Pause Final Mark (unload classes)
[186.750s][info][gc,task     ] GC(190) Using 3 of 3 workers for final marking
[186.750s][info][gc,ergo     ] GC(190) Adaptive CSet Selection. Target Free: 1160M, Actual Free: 6817M, Max CSet: 341M, Min Garbage: 0B
[186.750s][info][gc,ergo     ] GC(190) Collectable Garbage: 1527M (99%), Immediate: 565M (36%), CSet: 962M (62%)
[186.750s][info][gc,ergo     ] GC(190) Pacer for Evacuation. Used CSet: 973M, Free: 6675M, Non-Taxable: 667M, Alloc Tax Rate: 1.1x
[186.751s][info][gc          ] GC(190) Pause Final Mark (unload classes) 0.550ms
[186.751s][info][gc,start    ] GC(190) Concurrent thread roots
[186.751s][info][gc,task     ] GC(190) Using 1 of 3 workers for Concurrent thread roots
[186.757s][info][gc          ] GC(190) Concurrent thread roots 6.728ms
[186.757s][info][gc,start    ] GC(190) Concurrent weak references
[186.757s][info][gc,task     ] GC(190) Using 1 of 3 workers for concurrent weak references
[186.759s][info][gc,ref      ] GC(190) Encountered references: Soft: 3588, Weak: 17967, Final: 53, Phantom: 598
[186.759s][info][gc,ref      ] GC(190) Discovered  references: Soft: 1316, Weak: 6851, Final: 0, Phantom: 373
[186.759s][info][gc,ref      ] GC(190) Enqueued    references: Soft: 850, Weak: 3400, Final: 0, Phantom: 0
[186.759s][info][gc          ] GC(190) Concurrent weak references 1.341ms
[186.759s][info][gc,start    ] GC(190) Concurrent weak roots
[186.759s][info][gc,task     ] GC(190) Using 1 of 3 workers for concurrent weak root
[186.769s][info][gc          ] GC(190) Concurrent weak roots 10.490ms
[186.769s][info][gc,start    ] GC(190) Concurrent cleanup
[186.769s][info][gc          ] GC(190) Concurrent cleanup 2121M->1555M(8192M) 0.045ms
[186.769s][info][gc,ergo     ] GC(190) Free: 6211M, Max: 4096K regular, 5076M humongous, Frag: 19% external, 0% internal; Reserve: 409M, Max: 4096K
[186.769s][info][gc,start    ] GC(190) Concurrent class unloading
[186.769s][info][gc,task     ] GC(190) Using 1 of 3 workers for concurrent class unloading
[186.821s][info][gc          ] GC(190) Concurrent class unloading 51.944ms
[186.821s][info][gc,start    ] GC(190) Concurrent strong roots
[186.821s][info][gc,task     ] GC(190) Using 1 of 3 workers for concurrent strong root
[186.822s][info][gc          ] GC(190) Concurrent strong roots 0.367ms
[186.822s][info][gc,start    ] GC(190) Concurrent evacuation
[186.822s][info][gc,task     ] GC(190) Using 1 of 3 workers for concurrent evacuation
[186.829s][info][gc          ] GC(190) Concurrent evacuation 7.085ms
[186.829s][info][gc,start    ] GC(190) Pause Init Update Refs
[186.829s][info][gc,ergo     ] GC(190) Pacer for Update Refs. Used: 1613M, Free: 6163M, Non-Taxable: 616M, Alloc Tax Rate: 1.1x
[186.829s][info][gc          ] GC(190) Pause Init Update Refs 0.089ms
[186.829s][info][gc,start    ] GC(190) Concurrent update references
[186.829s][info][gc,task     ] GC(190) Using 1 of 3 workers for concurrent reference update
[186.853s][info][gc          ] GC(190) Concurrent update references 23.628ms
[186.853s][info][gc,start    ] GC(190) Concurrent update thread roots
[186.860s][info][gc          ] GC(190) Concurrent update thread roots 6.995ms
[186.860s][info][gc,start    ] GC(190) Pause Final Update Refs
[186.860s][info][gc,task     ] GC(190) Using 3 of 3 workers for final reference update
[186.860s][info][gc          ] GC(190) Pause Final Update Refs 0.108ms
[186.860s][info][gc,start    ] GC(190) Concurrent cleanup
[186.860s][info][gc          ] GC(190) Concurrent cleanup 1613M->640M(8192M) 0.077ms
[186.860s][info][gc,ergo     ] Free: 7139M, Max: 4096K regular, 5224M humongous, Frag: 27% external, 0% internal; Reserve: 412M, Max: 4096K
[186.860s][info][gc,stats    ] 
[186.860s][info][gc,stats    ] All times are wall-clock times, except per-root-class counters, that are sum over
[186.860s][info][gc,stats    ] all workers. Dividing the <total> over the root stage time estimates parallelism.
[186.860s][info][gc,stats    ] 
[186.860s][info][gc,stats    ] Concurrent Reset                   5293 us
[186.860s][info][gc,stats    ] Pause Init Mark (G)                 394 us
[186.860s][info][gc,stats    ] Pause Init Mark (N)                 218 us
[186.860s][info][gc,stats    ]   Update Region States               76 us
[186.860s][info][gc,stats    ] Concurrent Mark Roots              7499 us, parallelism: 0.96x
[186.860s][info][gc,stats    ]   CMR: <total>                     7179 us
[186.860s][info][gc,stats    ]   CMR: Thread Roots                7087 us, workers (us): 7087, ---, ---, 
[186.860s][info][gc,stats    ]   CMR: VM Strong Roots               16 us, workers (us):  16, ---, ---, 
[186.860s][info][gc,stats    ]   CMR: CLDG Roots                    77 us, workers (us):  77, ---, ---, 
[186.860s][info][gc,stats    ] Concurrent Marking                52253 us
[186.860s][info][gc,stats    ] Pause Final Mark (G)                658 us
[186.860s][info][gc,stats    ] Pause Final Mark (N)                567 us
[186.860s][info][gc,stats    ]   Finish Mark                       137 us
[186.860s][info][gc,stats    ]   Update Region States               64 us
[186.860s][info][gc,stats    ]   Choose Collection Set             192 us
[186.860s][info][gc,stats    ]   Rebuild Free Set                   27 us
[186.860s][info][gc,stats    ] Concurrent Thread Roots            6765 us, parallelism: 0.98x
[186.860s][info][gc,stats    ]   CTR: <total>                     6636 us
[186.860s][info][gc,stats    ]   CTR: Thread Roots                6636 us, workers (us): 6636, ---, ---, 
[186.860s][info][gc,stats    ] Concurrent Weak References         1359 us, parallelism: 0.85x
[186.861s][info][gc,stats    ]   CWRF: <total>                    1160 us
[186.861s][info][gc,stats    ]   CWRF: Weak References            1160 us, workers (us): 1160, ---, ---, 
[186.861s][info][gc,stats    ] Concurrent Weak Roots             10530 us
[186.861s][info][gc,stats    ]   Roots                           10262 us, parallelism: 0.99x
[186.861s][info][gc,stats    ]     CWR: <total>                  10205 us
[186.861s][info][gc,stats    ]     CWR: Code Cache Roots          9232 us, workers (us): 9232, ---, ---, 
[186.861s][info][gc,stats    ]     CWR: VM Weak Roots              893 us, workers (us): 893, ---, ---, 
[186.861s][info][gc,stats    ]     CWR: CLDG Roots                  81 us, workers (us):  81, ---, ---, 
[186.861s][info][gc,stats    ]   Rendezvous                        191 us
[186.861s][info][gc,stats    ] Concurrent Cleanup                   54 us
[186.861s][info][gc,stats    ] Concurrent Class Unloading        51997 us
[186.861s][info][gc,stats    ]   Unlink Stale                    49236 us
[186.861s][info][gc,stats    ]     System Dictionary              1853 us
[186.861s][info][gc,stats    ]     Weak Class Links              17975 us
[186.861s][info][gc,stats    ]     Code Roots                    29405 us
[186.861s][info][gc,stats    ]   Rendezvous                        237 us
[186.861s][info][gc,stats    ]   Purge Unlinked                   2446 us
[186.861s][info][gc,stats    ]     Code Roots                     1626 us
[186.861s][info][gc,stats    ]     CLDG                            819 us
[186.861s][info][gc,stats    ]     Exception Caches                  0 us
[186.861s][info][gc,stats    ] Concurrent Strong Roots             389 us, parallelism: 0.67x
[186.861s][info][gc,stats    ]   CSR: <total>                      260 us
[186.861s][info][gc,stats    ]   CSR: VM Strong Roots               13 us, workers (us):  13, ---, ---, 
[186.861s][info][gc,stats    ]   CSR: CLDG Roots                   247 us, workers (us): 247, ---, ---, 
[186.861s][info][gc,stats    ] Concurrent Evacuation              7151 us
[186.861s][info][gc,stats    ] Pause Init Update Refs (G)          237 us
[186.861s][info][gc,stats    ] Pause Init Update Refs (N)           98 us
[186.861s][info][gc,stats    ]   Manage GCLABs                      32 us
[186.861s][info][gc,stats    ] Concurrent Update Refs            23696 us
[186.861s][info][gc,stats    ] Concurrent Update Thread Roots     7035 us
[186.861s][info][gc,stats    ] Pause Final Update Refs (G)         189 us
[186.861s][info][gc,stats    ] Pause Final Update Refs (N)         119 us
[186.861s][info][gc,stats    ]   Update Region States               43 us
[186.861s][info][gc,stats    ]   Trash Collection Set                9 us
[186.861s][info][gc,stats    ]   Rebuild Free Set                   18 us
[186.861s][info][gc,stats    ] Concurrent Cleanup                   97 us
[186.861s][info][gc,stats    ] 
[186.861s][info][gc,stats    ] Allocation pacing accrued:
[186.861s][info][gc,stats    ]       0 of  1124 ms (  0.0%): <total>
[186.861s][info][gc,stats    ]       0 of  1124 ms (  0.0%): <average total>
[186.861s][info][gc,stats    ] 
[186.861s][info][gc,metaspace] Metaspace: 157018K(158272K)->155984K(158144K) NonClass: 138955K(139584K)->138093K(139520K) Class: 18063K(18688K)->17891K(18624K)
[186.861s][info][gc,ergo     ] Pacer for Idle. Initial: 163M, Alloc Tax Rate: 1.0x
[187.184s][info][gc          ] Trigger: Learning 2 of 5. Free (5727M) is below initial threshold (5734M)
[187.184s][info][gc,ergo     ] Free: 5727M, Max: 4096K regular, 5224M humongous, Frag: 9% external, 0% internal; Reserve: 412M, Max: 4096K
[187.184s][info][gc,start    ] GC(191) Concurrent reset
[187.184s][info][gc,task     ] GC(191) Using 1 of 3 workers for concurrent reset
[187.184s][info][gc,ergo     ] GC(191) Pacer for Reset. Non-Taxable: 8192M
[187.197s][info][gc          ] GC(191) Concurrent reset 13.019ms
[187.198s][info][gc,start    ] GC(191) Pause Init Mark (unload classes)
[187.198s][info][gc,task     ] GC(191) Using 3 of 3 workers for init marking
[187.198s][info][gc,ergo     ] GC(191) Pacer for Mark. Expected Live: 142M, Free: 5639M, Non-Taxable: 563M, Alloc Tax Rate: 0.0x
[187.198s][info][gc          ] GC(191) Pause Init Mark (unload classes) 0.140ms
[187.198s][info][gc,start    ] GC(191) Concurrent marking roots
[187.198s][info][gc,task     ] GC(191) Using 1 of 3 workers for concurrent marking roots
[187.207s][info][gc          ] GC(191) Concurrent marking roots 8.773ms
[187.207s][info][gc,start    ] GC(191) Concurrent marking (unload classes)
[187.207s][info][gc,task     ] GC(191) Using 1 of 3 workers for concurrent marking
[187.283s][info][gc          ] GC(191) Concurrent marking (unload classes) 76.084ms
[187.283s][info][gc,start    ] GC(191) Pause Final Mark (unload classes)
[187.283s][info][gc,task     ] GC(191) Using 3 of 3 workers for final marking
[187.283s][info][gc,ergo     ] GC(191) Adaptive CSet Selection. Target Free: 1160M, Actual Free: 6519M, Max CSet: 341M, Min Garbage: 0B
[187.283s][info][gc,ergo     ] GC(191) Collectable Garbage: 1930M (99%), Immediate: 883M (45%), CSet: 1046M (53%)
[187.283s][info][gc,ergo     ] GC(191) Pacer for Evacuation. Used CSet: 1101M, Free: 6146M, Non-Taxable: 614M, Alloc Tax Rate: 1.1x
[187.283s][info][gc          ] GC(191) Pause Final Mark (unload classes) 0.332ms
[187.283s][info][gc,start    ] GC(191) Concurrent thread roots
[187.283s][info][gc,task     ] GC(191) Using 1 of 3 workers for Concurrent thread roots
[187.290s][info][gc          ] GC(191) Concurrent thread roots 6.998ms
[187.290s][info][gc,start    ] GC(191) Concurrent weak references
[187.290s][info][gc,task     ] GC(191) Using 1 of 3 workers for concurrent weak references
[187.291s][info][gc,ref      ] GC(191) Encountered references: Soft: 3713, Weak: 14989, Final: 53, Phantom: 598
[187.291s][info][gc,ref      ] GC(191) Discovered  references: Soft: 0, Weak: 2966, Final: 0, Phantom: 278
[187.291s][info][gc,ref      ] GC(191) Enqueued    references: Soft: 0, Weak: 211, Final: 0, Phantom: 0
[187.291s][info][gc          ] GC(191) Concurrent weak references 0.319ms
[187.291s][info][gc,start    ] GC(191) Concurrent weak roots
[187.291s][info][gc,task     ] GC(191) Using 1 of 3 workers for concurrent weak root
[187.306s][info][gc          ] GC(191) Concurrent weak roots 14.900ms
[187.306s][info][gc,start    ] GC(191) Concurrent cleanup
[187.306s][info][gc          ] GC(191) Concurrent cleanup 2639M->1756M(8192M) 0.037ms
[187.306s][info][gc,ergo     ] GC(191) Free: 6068M, Max: 4096K regular, 5148M humongous, Frag: 16% external, 0% internal; Reserve: 352M, Max: 4096K
[187.306s][info][gc,start    ] GC(191) Concurrent class unloading
[187.306s][info][gc,task     ] GC(191) Using 1 of 3 workers for concurrent class unloading
[187.353s][info][gc          ] GC(191) Concurrent class unloading 47.699ms
[187.353s][info][gc,start    ] GC(191) Concurrent strong roots
[187.353s][info][gc,task     ] GC(191) Using 1 of 3 workers for concurrent strong root
[187.354s][info][gc          ] GC(191) Concurrent strong roots 0.415ms
[187.354s][info][gc,start    ] GC(191) Concurrent evacuation
[187.354s][info][gc,task     ] GC(191) Using 1 of 3 workers for concurrent evacuation
[187.363s][info][gc          ] GC(191) Concurrent evacuation 8.925ms
[187.363s][info][gc,start    ] GC(191) Pause Init Update Refs
[187.363s][info][gc,ergo     ] GC(191) Pacer for Update Refs. Used: 1819M, Free: 6005M, Non-Taxable: 600M, Alloc Tax Rate: 1.1x
[187.363s][info][gc          ] GC(191) Pause Init Update Refs 0.072ms
[187.365s][info][gc,start    ] GC(191) Concurrent update references
[187.365s][info][gc,task     ] GC(191) Using 1 of 3 workers for concurrent reference update
[187.452s][info][gc          ] GC(191) Concurrent update references 86.805ms
[187.452s][info][gc,start    ] GC(191) Concurrent update thread roots
[187.457s][info][gc          ] GC(191) Concurrent update thread roots 5.768ms
[187.458s][info][gc,start    ] GC(191) Pause Final Update Refs
[187.458s][info][gc,task     ] GC(191) Using 3 of 3 workers for final reference update
[187.458s][info][gc          ] GC(191) Pause Final Update Refs 0.172ms
[187.458s][info][gc,start    ] GC(191) Concurrent cleanup
[187.458s][info][gc          ] GC(191) Concurrent cleanup 1906M->805M(8192M) 0.106ms
[187.458s][info][gc,ergo     ] Free: 6930M, Max: 4096K regular, 5080M humongous, Frag: 27% external, 0% internal; Reserve: 412M, Max: 4096K
[187.458s][info][gc,stats    ] 
[187.458s][info][gc,stats    ] All times are wall-clock times, except per-root-class counters, that are sum over
[187.458s][info][gc,stats    ] all workers. Dividing the <total> over the root stage time estimates parallelism.
[187.458s][info][gc,stats    ] 
[187.458s][info][gc,stats    ] Concurrent Reset                  13147 us
[187.458s][info][gc,stats    ] Pause Init Mark (G)                 402 us
[187.458s][info][gc,stats    ] Pause Init Mark (N)                 155 us
[187.458s][info][gc,stats    ]   Update Region States               55 us
[187.458s][info][gc,stats    ] Concurrent Mark Roots              8921 us, parallelism: 0.94x
[187.458s][info][gc,stats    ]   CMR: <total>                     8395 us
[187.458s][info][gc,stats    ]   CMR: Thread Roots                8222 us, workers (us): 8222, ---, ---, 
[187.458s][info][gc,stats    ]   CMR: VM Strong Roots               24 us, workers (us):  24, ---, ---, 
[187.458s][info][gc,stats    ]   CMR: CLDG Roots                   148 us, workers (us): 148, ---, ---, 
[187.458s][info][gc,stats    ] Concurrent Marking                76129 us
[187.458s][info][gc,stats    ] Pause Final Mark (G)                439 us
[187.458s][info][gc,stats    ] Pause Final Mark (N)                349 us
[187.458s][info][gc,stats    ]   Finish Mark                        58 us
[187.458s][info][gc,stats    ]   Update Region States               34 us
[187.458s][info][gc,stats    ]   Choose Collection Set             120 us
[187.458s][info][gc,stats    ]   Rebuild Free Set                   19 us
[187.458s][info][gc,stats    ] Concurrent Thread Roots            7057 us, parallelism: 0.98x
[187.458s][info][gc,stats    ]   CTR: <total>                     6948 us
[187.458s][info][gc,stats    ]   CTR: Thread Roots                6948 us, workers (us): 6948, ---, ---, 
[187.458s][info][gc,stats    ] Concurrent Weak References          327 us, parallelism: 0.60x
[187.458s][info][gc,stats    ]   CWRF: <total>                     197 us
[187.459s][info][gc,stats    ]   CWRF: Weak References             197 us, workers (us): 197, ---, ---, 
[187.459s][info][gc,stats    ] Concurrent Weak Roots             14944 us
[187.459s][info][gc,stats    ]   Roots                           14703 us, parallelism: 1.00x
[187.459s][info][gc,stats    ]     CWR: <total>                  14667 us
[187.459s][info][gc,stats    ]     CWR: Code Cache Roots         13342 us, workers (us): 13342, ---, ---, 
[187.459s][info][gc,stats    ]     CWR: VM Weak Roots             1214 us, workers (us): 1214, ---, ---, 
[187.459s][info][gc,stats    ]     CWR: CLDG Roots                 111 us, workers (us): 111, ---, ---, 
[187.459s][info][gc,stats    ]   Rendezvous                        178 us
[187.459s][info][gc,stats    ] Concurrent Cleanup                   46 us
[187.459s][info][gc,stats    ] Concurrent Class Unloading        47745 us
[187.459s][info][gc,stats    ]   Unlink Stale                    46033 us
[187.459s][info][gc,stats    ]     System Dictionary               376 us
[187.459s][info][gc,stats    ]     Weak Class Links              16915 us
[187.459s][info][gc,stats    ]     Code Roots                    28740 us
[187.459s][info][gc,stats    ]   Rendezvous                        237 us
[187.459s][info][gc,stats    ]   Purge Unlinked                   1411 us
[187.459s][info][gc,stats    ]     Code Roots                     1341 us
[187.459s][info][gc,stats    ]     CLDG                             70 us
[187.459s][info][gc,stats    ]     Exception Caches                  0 us
[187.459s][info][gc,stats    ] Concurrent Strong Roots             435 us, parallelism: 0.70x
[187.459s][info][gc,stats    ]   CSR: <total>                      305 us
[187.459s][info][gc,stats    ]   CSR: VM Strong Roots               13 us, workers (us):  13, ---, ---, 
[187.459s][info][gc,stats    ]   CSR: CLDG Roots                   291 us, workers (us): 291, ---, ---, 
[187.459s][info][gc,stats    ] Concurrent Evacuation              9011 us
[187.459s][info][gc,stats    ] Pause Init Update Refs (G)         1972 us
[187.459s][info][gc,stats    ] Pause Init Update Refs (N)           80 us
[187.459s][info][gc,stats    ]   Manage GCLABs                      15 us
[187.459s][info][gc,stats    ] Concurrent Update Refs            86851 us
[187.459s][info][gc,stats    ] Concurrent Update Thread Roots     5818 us
[187.459s][info][gc,stats    ] Pause Final Update Refs (G)         296 us
[187.459s][info][gc,stats    ] Pause Final Update Refs (N)         183 us
[187.459s][info][gc,stats    ]   Update Region States               81 us
[187.459s][info][gc,stats    ]   Trash Collection Set               10 us
[187.459s][info][gc,stats    ]   Rebuild Free Set                   20 us
[187.459s][info][gc,stats    ] Concurrent Cleanup                  139 us
[187.459s][info][gc,stats    ] 
[187.459s][info][gc,stats    ] Allocation pacing accrued:
[187.459s][info][gc,stats    ]       0 of   598 ms (  0.0%): <total>
[187.459s][info][gc,stats    ]       0 of   598 ms (  0.0%): <average total>
[187.459s][info][gc,stats    ] 
[187.459s][info][gc,metaspace] Metaspace: 156841K(158144K)->156877K(158144K) NonClass: 138804K(139520K)->138834K(139520K) Class: 18037K(18624K)->18043K(18624K)
[187.459s][info][gc,ergo     ] Pacer for Idle. Initial: 163M, Alloc Tax Rate: 1.0x
[188.377s][info][gc          ] Trigger: Explicit GC request (System.gc())
[188.377s][info][gc,ergo     ] Free: 5777M, Max: 4096K regular, 5080M humongous, Frag: 12% external, 0% internal; Reserve: 412M, Max: 4096K
[188.377s][info][gc,start    ] GC(192) Concurrent reset
[188.377s][info][gc,task     ] GC(192) Using 1 of 3 workers for concurrent reset
[188.377s][info][gc,ergo     ] GC(192) Pacer for Reset. Non-Taxable: 8192M
[188.382s][info][gc          ] GC(192) Concurrent reset 4.942ms
[188.382s][info][gc,start    ] GC(192) Pause Init Mark (unload classes)
[188.382s][info][gc,task     ] GC(192) Using 3 of 3 workers for init marking
[188.382s][info][gc,ref      ] GC(192) Clearing All SoftReferences
[188.382s][info][gc,ergo     ] GC(192) Pacer for Mark. Expected Live: 152M, Free: 5777M, Non-Taxable: 577M, Alloc Tax Rate: 0.0x
[188.383s][info][gc          ] GC(192) Pause Init Mark (unload classes) 0.229ms
[188.383s][info][gc,start    ] GC(192) Concurrent marking roots
[188.383s][info][gc,task     ] GC(192) Using 1 of 3 workers for concurrent marking roots
[188.390s][info][gc          ] GC(192) Concurrent marking roots 7.475ms
[188.390s][info][gc,start    ] GC(192) Concurrent marking (unload classes)
[188.390s][info][gc,task     ] GC(192) Using 1 of 3 workers for concurrent marking
[188.442s][info][gc          ] GC(192) Concurrent marking (unload classes) 52.358ms
[188.443s][info][gc,start    ] GC(192) Pause Final Mark (unload classes)
[188.443s][info][gc,task     ] GC(192) Using 3 of 3 workers for final marking
[188.443s][info][gc,ergo     ] GC(192) Adaptive CSet Selection. Target Free: 1160M, Actual Free: 6809M, Max CSet: 341M, Min Garbage: 0B
[188.443s][info][gc,ergo     ] GC(192) Collectable Garbage: 1599M (99%), Immediate: 629M (39%), CSet: 970M (60%)
[188.443s][info][gc,ergo     ] GC(192) Pacer for Evacuation. Used CSet: 975M, Free: 6671M, Non-Taxable: 667M, Alloc Tax Rate: 1.1x
[188.443s][info][gc          ] GC(192) Pause Final Mark (unload classes) 0.447ms
[188.443s][info][gc,start    ] GC(192) Concurrent thread roots
[188.443s][info][gc,task     ] GC(192) Using 1 of 3 workers for Concurrent thread roots
[188.449s][info][gc          ] GC(192) Concurrent thread roots 6.162ms
[188.449s][info][gc,start    ] GC(192) Concurrent weak references
[188.449s][info][gc,task     ] GC(192) Using 1 of 3 workers for concurrent weak references
[188.450s][info][gc,ref      ] GC(192) Encountered references: Soft: 3586, Weak: 17968, Final: 53, Phantom: 598
[188.450s][info][gc,ref      ] GC(192) Discovered  references: Soft: 1314, Weak: 6851, Final: 0, Phantom: 373
[188.451s][info][gc,ref      ] GC(192) Enqueued    references: Soft: 848, Weak: 3400, Final: 0, Phantom: 0
[188.451s][info][gc          ] GC(192) Concurrent weak references 1.220ms
[188.451s][info][gc,start    ] GC(192) Concurrent weak roots
[188.451s][info][gc,task     ] GC(192) Using 1 of 3 workers for concurrent weak root
[188.461s][info][gc          ] GC(192) Concurrent weak roots 10.352ms
[188.461s][info][gc,start    ] GC(192) Concurrent cleanup
[188.461s][info][gc          ] GC(192) Concurrent cleanup 2175M->1546M(8192M) 0.043ms
[188.461s][info][gc,ergo     ] GC(192) Free: 6227M, Max: 4096K regular, 5100M humongous, Frag: 19% external, 0% internal; Reserve: 410M, Max: 4096K
[188.461s][info][gc,start    ] GC(192) Concurrent class unloading
[188.461s][info][gc,task     ] GC(192) Using 1 of 3 workers for concurrent class unloading
[188.512s][info][gc          ] GC(192) Concurrent class unloading 51.019ms
[188.512s][info][gc,start    ] GC(192) Concurrent strong roots
[188.512s][info][gc,task     ] GC(192) Using 1 of 3 workers for concurrent strong root
[188.512s][info][gc          ] GC(192) Concurrent strong roots 0.310ms
[188.512s][info][gc,start    ] GC(192) Concurrent evacuation
[188.512s][info][gc,task     ] GC(192) Using 1 of 3 workers for concurrent evacuation
[188.516s][info][gc          ] GC(192) Concurrent evacuation 3.869ms
[188.517s][info][gc,start    ] GC(192) Pause Init Update Refs
[188.517s][info][gc,ergo     ] GC(192) Pacer for Update Refs. Used: 1623M, Free: 6155M, Non-Taxable: 615M, Alloc Tax Rate: 1.1x
[188.517s][info][gc          ] GC(192) Pause Init Update Refs 0.141ms
[188.517s][info][gc,start    ] GC(192) Concurrent update references
[188.517s][info][gc,task     ] GC(192) Using 1 of 3 workers for concurrent reference update
[188.539s][info][gc          ] GC(192) Concurrent update references 22.111ms
[188.539s][info][gc,start    ] GC(192) Concurrent update thread roots
[188.546s][info][gc          ] GC(192) Concurrent update thread roots 7.008ms
[188.546s][info][gc,start    ] GC(192) Pause Final Update Refs
[188.546s][info][gc,task     ] GC(192) Using 3 of 3 workers for final reference update
[188.546s][info][gc          ] GC(192) Pause Final Update Refs 0.141ms
[188.546s][info][gc,start    ] GC(192) Concurrent cleanup
[188.546s][info][gc          ] GC(192) Concurrent cleanup 1623M->647M(8192M) 0.076ms
[188.546s][info][gc,ergo     ] Free: 7132M, Max: 4096K regular, 5220M humongous, Frag: 27% external, 0% internal; Reserve: 412M, Max: 4096K
[188.546s][info][gc,stats    ] 
[188.546s][info][gc,stats    ] All times are wall-clock times, except per-root-class counters, that are sum over
[188.546s][info][gc,stats    ] all workers. Dividing the <total> over the root stage time estimates parallelism.
[188.546s][info][gc,stats    ] 
[188.546s][info][gc,stats    ] Concurrent Reset                   5010 us
[188.546s][info][gc,stats    ] Pause Init Mark (G)                 429 us
[188.546s][info][gc,stats    ] Pause Init Mark (N)                 251 us
[188.547s][info][gc,stats    ]   Update Region States               71 us
[188.547s][info][gc,stats    ] Concurrent Mark Roots              7528 us, parallelism: 0.96x
[188.547s][info][gc,stats    ]   CMR: <total>                     7201 us
[188.547s][info][gc,stats    ]   CMR: Thread Roots                7046 us, workers (us): 7046, ---, ---, 
[188.547s][info][gc,stats    ]   CMR: VM Strong Roots               17 us, workers (us):  17, ---, ---, 
[188.547s][info][gc,stats    ]   CMR: CLDG Roots                   138 us, workers (us): 138, ---, ---, 
[188.547s][info][gc,stats    ] Concurrent Marking                52423 us
[188.547s][info][gc,stats    ] Pause Final Mark (G)                570 us
[188.547s][info][gc,stats    ] Pause Final Mark (N)                468 us
[188.547s][info][gc,stats    ]   Finish Mark                        85 us
[188.547s][info][gc,stats    ]   Update Region States               73 us
[188.547s][info][gc,stats    ]   Choose Collection Set             184 us
[188.547s][info][gc,stats    ]   Rebuild Free Set                   25 us
[188.547s][info][gc,stats    ] Concurrent Thread Roots            6203 us, parallelism: 0.97x
[188.547s][info][gc,stats    ]   CTR: <total>                     6045 us
[188.547s][info][gc,stats    ]   CTR: Thread Roots                6045 us, workers (us): 6045, ---, ---, 
[188.547s][info][gc,stats    ] Concurrent Weak References         1237 us, parallelism: 0.77x
[188.547s][info][gc,stats    ]   CWRF: <total>                     954 us
[188.547s][info][gc,stats    ]   CWRF: Weak References             954 us, workers (us): 954, ---, ---, 
[188.547s][info][gc,stats    ] Concurrent Weak Roots             10393 us
[188.547s][info][gc,stats    ]   Roots                           10149 us, parallelism: 1.00x
[188.547s][info][gc,stats    ]     CWR: <total>                  10111 us
[188.547s][info][gc,stats    ]     CWR: Code Cache Roots          9205 us, workers (us): 9205, ---, ---, 
[188.547s][info][gc,stats    ]     CWR: VM Weak Roots              821 us, workers (us): 821, ---, ---, 
[188.547s][info][gc,stats    ]     CWR: CLDG Roots                  85 us, workers (us):  85, ---, ---, 
[188.547s][info][gc,stats    ]   Rendezvous                        169 us
[188.547s][info][gc,stats    ] Concurrent Cleanup                   52 us
[188.547s][info][gc,stats    ] Concurrent Class Unloading        51066 us
[188.547s][info][gc,stats    ]   Unlink Stale                    48855 us
[188.547s][info][gc,stats    ]     System Dictionary              1830 us
[188.547s][info][gc,stats    ]     Weak Class Links              17253 us
[188.547s][info][gc,stats    ]     Code Roots                    29771 us
[188.547s][info][gc,stats    ]   Rendezvous                        165 us
[188.547s][info][gc,stats    ]   Purge Unlinked                   1979 us
[188.547s][info][gc,stats    ]     Code Roots                     1148 us
[188.547s][info][gc,stats    ]     CLDG                            831 us
[188.547s][info][gc,stats    ]     Exception Caches                  0 us
[188.547s][info][gc,stats    ] Concurrent Strong Roots             320 us, parallelism: 0.69x
[188.547s][info][gc,stats    ]   CSR: <total>                      220 us
[188.547s][info][gc,stats    ]   CSR: VM Strong Roots                9 us, workers (us):   9, ---, ---, 
[188.547s][info][gc,stats    ]   CSR: CLDG Roots                   212 us, workers (us): 212, ---, ---, 
[188.547s][info][gc,stats    ] Concurrent Evacuation              3892 us
[188.547s][info][gc,stats    ] Pause Init Update Refs (G)          446 us
[188.547s][info][gc,stats    ] Pause Init Update Refs (N)          162 us
[188.547s][info][gc,stats    ]   Manage GCLABs                      39 us
[188.547s][info][gc,stats    ] Concurrent Update Refs            22177 us
[188.547s][info][gc,stats    ] Concurrent Update Thread Roots     7033 us
[188.547s][info][gc,stats    ] Pause Final Update Refs (G)         218 us
[188.547s][info][gc,stats    ] Pause Final Update Refs (N)         159 us
[188.547s][info][gc,stats    ]   Update Region States               65 us
[188.547s][info][gc,stats    ]   Trash Collection Set               11 us
[188.547s][info][gc,stats    ]   Rebuild Free Set                   20 us
[188.547s][info][gc,stats    ] Concurrent Cleanup                   99 us
[188.547s][info][gc,stats    ] 
[188.547s][info][gc,stats    ] Allocation pacing accrued:
[188.547s][info][gc,stats    ]       0 of  1088 ms (  0.0%): <total>
[188.547s][info][gc,stats    ]       0 of  1088 ms (  0.0%): <average total>
[188.547s][info][gc,stats    ] 
[188.547s][info][gc,metaspace] Metaspace: 157030K(158336K)->155997K(158208K) NonClass: 138968K(139648K)->138105K(139584K) Class: 18062K(18688K)->17891K(18624K)
[188.547s][info][gc,ergo     ] Pacer for Idle. Initial: 163M, Alloc Tax Rate: 1.0x
[188.888s][info][gc          ] Trigger: Learning 2 of 5. Free (5628M) is below initial threshold (5734M)
[188.888s][info][gc,ergo     ] Free: 5628M, Max: 4096K regular, 5220M humongous, Frag: 8% external, 0% internal; Reserve: 412M, Max: 4096K
[188.888s][info][gc,start    ] GC(193) Concurrent reset
[188.888s][info][gc,task     ] GC(193) Using 1 of 3 workers for concurrent reset
[188.888s][info][gc,ergo     ] GC(193) Pacer for Reset. Non-Taxable: 8192M
[188.903s][info][gc          ] GC(193) Concurrent reset 14.773ms
[188.903s][info][gc,start    ] GC(193) Pause Init Mark (unload classes)
[188.903s][info][gc,task     ] GC(193) Using 3 of 3 workers for init marking
[188.903s][info][gc,ergo     ] GC(193) Pacer for Mark. Expected Live: 140M, Free: 5520M, Non-Taxable: 552M, Alloc Tax Rate: 0.0x
[188.903s][info][gc          ] GC(193) Pause Init Mark (unload classes) 0.199ms
[188.903s][info][gc,start    ] GC(193) Concurrent marking roots
[188.903s][info][gc,task     ] GC(193) Using 1 of 3 workers for concurrent marking roots
[188.912s][info][gc          ] GC(193) Concurrent marking roots 8.877ms
[188.912s][info][gc,start    ] GC(193) Concurrent marking (unload classes)
[188.912s][info][gc,task     ] GC(193) Using 1 of 3 workers for concurrent marking
[188.984s][info][gc          ] GC(193) Concurrent marking (unload classes) 71.625ms
