OpenJDK 64-Bit Server VM (25.422-b05) for windows-amd64 JRE (1.8.0_422-422-b05), built on Jul 18 2024 05:34:18 by "Administrator" with MS VC++ 16.10 / 16.11 (VS2019)
Memory: 4k page, physical 15965620k(11268860k free), swap 19635636k(12764476k free)
CommandLine flags: -XX:InitialHeapSize=943718400 -XX:MaxHeapSize=943718400 -XX:+PrintGC -XX:+PrintGCApplicationConcurrentTime -XX:+PrintGCApplicationStoppedTime -XX:+PrintGCDateStamps -XX:+PrintGCDetails -XX:+PrintGCTimeStamps -XX:+UnlockExperimentalVMOptions -XX:+UseCompressedClassPointers -XX:+UseCompressedOops -XX:-UseLargePagesIndividualAllocation -XX:+UseSerialGC 
2024-10-02T14:50:48.127+0300: 0.062: Application time: 0.0177159 seconds
2024-10-02T14:50:48.127+0300: 0.062: Total time for which application threads were stopped: 0.0000988 seconds, Stopping threads took: 0.0000370 seconds
2024-10-02T14:50:48.143+0300: 0.070: Application time: 0.0082712 seconds
2024-10-02T14:50:48.143+0300: 0.070: Total time for which application threads were stopped: 0.0000686 seconds, Stopping threads took: 0.0000233 seconds
2024-10-02T14:50:48.315+0300: 0.241: Application time: 0.1704931 seconds
2024-10-02T14:50:48.315+0300: 0.241: [Full GC (System.gc()) 2024-10-02T14:50:48.315+0300: 0.241: [Tenured: 0K->3705K(614400K), 0.0107641 secs] 29493K->3705K(890880K), [Metaspace: 7080K->7080K(1056768K)], 0.0109505 secs] [Times: user=0.02 sys=0.00, real=0.02 secs] 
2024-10-02T14:50:48.331+0300: 0.252: Total time for which application threads were stopped: 0.0111273 seconds, Stopping threads took: 0.0000322 seconds
2024-10-02T14:50:48.331+0300: 0.252: Application time: 0.0001016 seconds
2024-10-02T14:50:48.331+0300: 0.252: [Full GC (System.gc()) 2024-10-02T14:50:48.331+0300: 0.252: [Tenured: 3705K->3705K(614400K), 0.0067974 secs] 3705K->3705K(890880K), [Metaspace: 7080K->7080K(1056768K)], 0.0068594 secs] [Times: user=0.00 sys=0.00, real=0.00 secs] 
2024-10-02T14:50:48.331+0300: 0.259: Total time for which application threads were stopped: 0.0069769 seconds, Stopping threads took: 0.0000542 seconds
2024-10-02T14:50:48.425+0300: 0.358: Application time: 0.0992108 seconds
2024-10-02T14:50:48.425+0300: 0.359: [GC (Allocation Failure) 2024-10-02T14:50:48.425+0300: 0.359: [DefNew: 245760K->30720K(276480K), 0.0880411 secs] 249465K->232170K(890880K), 0.0881285 secs] [Times: user=0.08 sys=0.02, real=0.09 secs] 
2024-10-02T14:50:48.519+0300: 0.447: Total time for which application threads were stopped: 0.0894040 seconds, Stopping threads took: 0.0011724 seconds
2024-10-02T14:50:49.523+0300: 1.443: Application time: 0.9954153 seconds
2024-10-02T14:50:49.523+0300: 1.443: Total time for which application threads were stopped: 0.0005026 seconds, Stopping threads took: 0.0004280 seconds
2024-10-02T14:50:52.173+0300: 4.093: Application time: 2.6500487 seconds
2024-10-02T14:50:52.173+0300: 4.094: Total time for which application threads were stopped: 0.0005253 seconds, Stopping threads took: 0.0003600 seconds
2024-10-02T14:51:18.171+0300: 30.097: Application time: 26.0035770 seconds
2024-10-02T14:51:18.171+0300: 30.098: [GC (Allocation Failure) 2024-10-02T14:51:18.171+0300: 30.098: [DefNew: 276480K->30720K(276480K), 0.0833908 secs] 477930K->414791K(890880K), 0.0834882 secs] [Times: user=0.05 sys=0.03, real=0.08 secs] 
2024-10-02T14:51:18.249+0300: 30.181: Total time for which application threads were stopped: 0.0839160 seconds, Stopping threads took: 0.0003218 seconds
2024-10-02T14:51:18.658+0300: 30.593: Application time: 0.4116765 seconds
2024-10-02T14:51:27.442+0300: 39.362: [GC (Allocation Failure) 2024-10-02T14:51:27.442+0300: 39.363: [DefNew: 276480K->30719K(276480K), 0.0835392 secs] 660551K->623954K(890880K), 0.0836715 secs] [Times: user=0.05 sys=0.03, real=0.08 secs] 
2024-10-02T14:51:27.521+0300: 39.446: Total time for which application threads were stopped: 8.8531118 seconds, Stopping threads took: 8.7692806 seconds
2024-10-02T14:51:42.361+0300: 54.297: Application time: 14.8507005 seconds
2024-10-02T14:51:42.377+0300: 54.297: Total time for which application threads were stopped: 0.0002127 seconds, Stopping threads took: 0.0001738 seconds
2024-10-02T14:51:42.408+0300: 54.343: Application time: 0.0455323 seconds
2024-10-02T14:51:42.408+0300: 54.343: [GC (Allocation Failure) 2024-10-02T14:51:42.408+0300: 54.343: [DefNew: 276479K->276479K(276480K), 0.0000250 secs]2024-10-02T14:51:42.408+0300: 54.343: [Tenured: 593234K->224882K(614400K), 0.0487434 secs] 869714K->224882K(890880K), [Metaspace: 7137K->7137K(1056768K)], 0.0489708 secs] [Times: user=0.00 sys=0.00, real=0.06 secs] 
2024-10-02T14:51:42.471+0300: 54.392: Total time for which application threads were stopped: 0.0493942 seconds, Stopping threads took: 0.0003067 seconds
2024-10-02T14:52:12.168+0300: 84.102: Application time: 29.7100869 seconds
2024-10-02T14:52:12.293+0300: 84.213: [GC (Allocation Failure) 2024-10-02T14:52:12.293+0300: 84.213: [DefNew: 245760K->30719K(276480K), 0.0367866 secs] 470642K->432863K(890880K), 0.0369185 secs] [Times: user=0.00 sys=0.00, real=0.03 secs] 
2024-10-02T14:52:12.324+0300: 84.250: Total time for which application threads were stopped: 0.1481419 seconds, Stopping threads took: 0.1110569 seconds
2024-10-02T14:52:12.403+0300: 84.337: Application time: 0.0869322 seconds
2024-10-02T14:52:16.916+0300: 88.836: [GC (Allocation Failure) 2024-10-02T14:52:16.916+0300: 88.836: [DefNew (promotion failed) : 276479K->276480K(276480K), 0.0472169 secs]2024-10-02T14:52:16.962+0300: 88.883: [Tenured: 614398K->311548K(614400K), 0.0649943 secs] 678623K->311548K(890880K), [Metaspace: 7140K->7140K(1056768K)], 0.1123813 secs] [Times: user=0.06 sys=0.02, real=0.11 secs] 
2024-10-02T14:52:17.025+0300: 88.948: Total time for which application threads were stopped: 4.6111208 seconds, Stopping threads took: 4.4985757 seconds
2024-10-02T14:52:46.773+0300: 118.699: Application time: 29.7511082 seconds
2024-10-02T14:52:49.987+0300: 121.908: [GC (Allocation Failure) 2024-10-02T14:52:49.987+0300: 121.908: [DefNew: 245760K->30720K(276480K), 0.0427344 secs] 557308K->553334K(890880K), 0.0428636 secs] [Times: user=0.03 sys=0.00, real=0.03 secs] 
2024-10-02T14:52:50.018+0300: 121.951: Total time for which application threads were stopped: 3.2511826 seconds, Stopping threads took: 3.2081548 seconds
2024-10-02T14:52:50.113+0300: 122.034: Application time: 0.0837447 seconds
2024-10-02T14:52:54.622+0300: 126.542: [GC (Allocation Failure) 2024-10-02T14:52:54.622+0300: 126.542: [DefNew: 276480K->276480K(276480K), 0.0000288 secs]2024-10-02T14:52:54.622+0300: 126.542: [Tenured: 522614K->336421K(614400K), 0.0663200 secs] 799094K->336421K(890880K), [Metaspace: 7144K->7144K(1056768K)], 0.0664829 secs] [Times: user=0.06 sys=0.00, real=0.06 secs] 
2024-10-02T14:52:54.684+0300: 126.609: Total time for which application threads were stopped: 4.5743114 seconds, Stopping threads took: 4.5076724 seconds
2024-10-02T14:53:24.482+0300: 156.410: Application time: 29.8014827 seconds
2024-10-02T14:53:24.561+0300: 156.481: [GC (Allocation Failure) 2024-10-02T14:53:24.561+0300: 156.481: [DefNew: 245760K->30719K(276480K), 0.0318055 secs] 582181K->512490K(890880K), 0.0319276 secs] [Times: user=0.00 sys=0.00, real=0.03 secs] 
2024-10-02T14:53:24.592+0300: 156.513: Total time for which application threads were stopped: 0.1028426 seconds, Stopping threads took: 0.0707634 seconds
2024-10-02T14:53:24.671+0300: 156.605: Application time: 0.0919562 seconds
2024-10-02T14:53:29.296+0300: 161.216: [GC (Allocation Failure) 2024-10-02T14:53:29.296+0300: 161.216: [DefNew: 276479K->276479K(276480K), 0.0000294 secs]2024-10-02T14:53:29.296+0300: 161.216: [Tenured: 481771K->362094K(614400K), 0.0714335 secs] 758250K->362094K(890880K), [Metaspace: 7145K->7145K(1056768K)], 0.0716004 secs] [Times: user=0.05 sys=0.00, real=0.06 secs] 
2024-10-02T14:53:29.358+0300: 161.288: Total time for which application threads were stopped: 4.6826183 seconds, Stopping threads took: 4.6108431 seconds
2024-10-02T14:53:59.324+0300: 191.248: Application time: 29.9599421 seconds
2024-10-02T14:54:02.481+0300: 194.402: [GC (Allocation Failure) 2024-10-02T14:54:02.481+0300: 194.402: [DefNew: 245760K->30720K(276480K), 0.0296602 secs] 607854K->538256K(890880K), 0.0298538 secs] [Times: user=0.02 sys=0.00, real=0.02 secs] 
2024-10-02T14:54:02.497+0300: 194.432: Total time for which application threads were stopped: 3.1843835 seconds, Stopping threads took: 3.1543628 seconds
2024-10-02T14:54:02.591+0300: 194.515: Application time: 0.0833233 seconds
2024-10-02T14:54:07.104+0300: 199.025: [GC (Allocation Failure) 2024-10-02T14:54:07.104+0300: 199.025: [DefNew: 276480K->276480K(276480K), 0.0000286 secs]2024-10-02T14:54:07.104+0300: 199.025: [Tenured: 507536K->319069K(614400K), 0.0645687 secs] 784016K->319069K(890880K), [Metaspace: 7146K->7146K(1056768K)], 0.0647351 secs] [Times: user=0.05 sys=0.00, real=0.06 secs] 
2024-10-02T14:54:07.167+0300: 199.089: Total time for which application threads were stopped: 4.5741735 seconds, Stopping threads took: 4.5092807 seconds
2024-10-02T14:54:36.792+0300: 228.727: Application time: 29.6375979 seconds
2024-10-02T14:54:36.949+0300: 228.869: [GC (Allocation Failure) 2024-10-02T14:54:36.949+0300: 228.869: [DefNew: 245760K->30719K(276480K), 0.0422208 secs] 564829K->560302K(890880K), 0.0423351 secs] [Times: user=0.00 sys=0.00, real=0.03 secs] 
2024-10-02T14:54:36.981+0300: 228.911: Total time for which application threads were stopped: 0.1842849 seconds, Stopping threads took: 0.1417482 seconds
2024-10-02T14:54:51.820+0300: 243.746: Application time: 14.8347824 seconds
2024-10-02T14:54:55.036+0300: 246.957: [GC (Allocation Failure) 2024-10-02T14:54:55.036+0300: 246.957: [DefNew: 276479K->276479K(276480K), 0.0000293 secs]2024-10-02T14:54:55.036+0300: 246.957: [Tenured: 529582K->342500K(614400K), 0.0676365 secs] 806062K->342500K(890880K), [Metaspace: 7150K->7150K(1056768K)], 0.0678089 secs] [Times: user=0.06 sys=0.00, real=0.06 secs] 
2024-10-02T14:54:55.099+0300: 247.024: Total time for which application threads were stopped: 3.2783877 seconds, Stopping threads took: 3.2104144 seconds
2024-10-02T14:55:10.241+0300: 262.168: Application time: 15.1438968 seconds
2024-10-02T14:55:16.773+0300: 268.694: [GC (Allocation Failure) 2024-10-02T14:55:16.773+0300: 268.694: [DefNew: 245760K->30719K(276480K), 0.0415915 secs] 588260K->582356K(890880K), 0.0417160 secs] [Times: user=0.03 sys=0.00, real=0.04 secs] 
2024-10-02T14:55:16.809+0300: 268.735: Total time for which application threads were stopped: 6.5670538 seconds, Stopping threads took: 6.5251805 seconds
2024-10-02T14:55:16.883+0300: 268.809: Application time: 0.0734818 seconds
2024-10-02T14:55:19.915+0300: 271.836: [GC (Allocation Failure) 2024-10-02T14:55:19.915+0300: 271.836: [DefNew: 276470K->276470K(276480K), 0.0000257 secs]2024-10-02T14:55:19.915+0300: 271.836: [Tenured: 551637K->298874K(614400K), 0.0599504 secs] 828107K->298874K(890880K), [Metaspace: 7151K->7151K(1056768K)], 0.0600946 secs] [Times: user=0.03 sys=0.00, real=0.05 secs] 
2024-10-02T14:55:19.963+0300: 271.896: Total time for which application threads were stopped: 3.0867541 seconds, Stopping threads took: 3.0265219 seconds
2024-10-02T14:55:50.121+0300: 302.044: Application time: 30.1478589 seconds
2024-10-02T14:55:50.168+0300: 302.088: [GC (Allocation Failure) 2024-10-02T14:55:50.168+0300: 302.088: [DefNew: 245760K->30720K(276480K), 0.0322660 secs] 544634K->474780K(890880K), 0.0323580 secs] [Times: user=0.00 sys=0.00, real=0.03 secs] 
2024-10-02T14:55:50.199+0300: 302.120: Total time for which application threads were stopped: 0.0767079 seconds, Stopping threads took: 0.0442359 seconds
2024-10-02T14:55:50.293+0300: 302.223: Application time: 0.1026381 seconds
2024-10-02T14:55:59.545+0300: 311.465: [GC (Allocation Failure) 2024-10-02T14:55:59.545+0300: 311.465: [DefNew: 276480K->276480K(276480K), 0.0000298 secs]2024-10-02T14:55:59.545+0300: 311.465: [Tenured: 444060K->388058K(614400K), 0.0750174 secs] 720540K->388058K(890880K), [Metaspace: 7151K->7151K(1056768K)], 0.0751811 secs] [Times: user=0.06 sys=0.00, real=0.06 secs] 
2024-10-02T14:55:59.607+0300: 311.540: Total time for which application threads were stopped: 9.3173042 seconds, Stopping threads took: 9.2419551 seconds
2024-10-02T14:56:16.312+0300: 328.247: Application time: 16.7070271 seconds
2024-10-02T14:56:16.327+0300: 328.248: Total time for which application threads were stopped: 0.0002595 seconds, Stopping threads took: 0.0002255 seconds
2024-10-02T14:56:16.359+0300: 328.294: Application time: 0.0467300 seconds
2024-10-02T14:56:16.390+0300: 328.311: [GC (Allocation Failure) 2024-10-02T14:56:16.390+0300: 328.311: [DefNew: 245760K->30719K(276480K), 0.0400096 secs] 633818K->624552K(890880K), 0.0401194 secs] [Times: user=0.00 sys=0.00, real=0.03 secs] 
2024-10-02T14:56:16.422+0300: 328.351: Total time for which application threads were stopped: 0.0564568 seconds, Stopping threads took: 0.0162412 seconds
2024-10-02T14:56:46.159+0300: 358.093: Application time: 29.7422448 seconds
2024-10-02T14:56:46.237+0300: 358.158: [GC (Allocation Failure) 2024-10-02T14:56:46.237+0300: 358.158: [DefNew: 276479K->276479K(276480K), 0.0000295 secs]2024-10-02T14:56:46.237+0300: 358.158: [Tenured: 593832K->340335K(614400K), 0.0684364 secs] 870312K->340335K(890880K), [Metaspace: 7235K->7235K(1056768K)], 0.0686081 secs] [Times: user=0.08 sys=0.00, real=0.07 secs] 
2024-10-02T14:56:46.302+0300: 358.226: Total time for which application threads were stopped: 0.1332865 seconds, Stopping threads took: 0.0645196 seconds
2024-10-02T14:56:46.378+0300: 358.307: Application time: 0.0812389 seconds
2024-10-02T14:56:51.004+0300: 362.924: [GC (Allocation Failure) 2024-10-02T14:56:51.004+0300: 362.924: [DefNew: 245760K->30717K(276480K), 0.0419976 secs] 586095K->582776K(890880K), 0.0421215 secs] [Times: user=0.03 sys=0.00, real=0.03 secs] 
2024-10-02T14:56:51.036+0300: 362.966: Total time for which application threads were stopped: 4.6589665 seconds, Stopping threads took: 4.6166882 seconds
2024-10-02T14:57:20.904+0300: 392.826: Application time: 29.8593678 seconds
2024-10-02T14:57:25.603+0300: 397.524: [GC (Allocation Failure) 2024-10-02T14:57:25.603+0300: 397.524: [DefNew: 276477K->276477K(276480K), 0.0000303 secs]2024-10-02T14:57:25.603+0300: 397.524: [Tenured: 552058K->363601K(614400K), 0.0733172 secs] 828536K->363601K(890880K), [Metaspace: 7235K->7235K(1056768K)], 0.0734900 secs] [Times: user=0.05 sys=0.00, real=0.06 secs] 
2024-10-02T14:57:25.666+0300: 397.597: Total time for which application threads were stopped: 4.7713695 seconds, Stopping threads took: 4.6977204 seconds
2024-10-02T14:57:25.745+0300: 397.670: Application time: 0.0724140 seconds
2024-10-02T14:57:28.778+0300: 400.698: [GC (Allocation Failure) 2024-10-02T14:57:28.778+0300: 400.698: [DefNew: 245760K->30717K(276480K), 0.0409484 secs] 609361K->606230K(890880K), 0.0410756 secs] [Times: user=0.03 sys=0.00, real=0.03 secs] 
2024-10-02T14:57:28.809+0300: 400.739: Total time for which application threads were stopped: 3.0698676 seconds, Stopping threads took: 3.0286380 seconds
2024-10-02T14:57:58.610+0300: 430.530: Application time: 29.7908344 seconds
2024-10-02T14:58:01.704+0300: 433.624: [GC (Allocation Failure) 2024-10-02T14:58:01.704+0300: 433.624: [DefNew: 276477K->276477K(276480K), 0.0000264 secs]2024-10-02T14:58:01.704+0300: 433.624: [Tenured: 575512K->389011K(614400K), 0.0794558 secs] 851990K->389011K(890880K), [Metaspace: 7238K->7238K(1056768K)], 0.0796077 secs] [Times: user=0.08 sys=0.00, real=0.08 secs] 
2024-10-02T14:58:01.782+0300: 433.704: Total time for which application threads were stopped: 3.1734668 seconds, Stopping threads took: 3.0937191 seconds
2024-10-02T14:58:01.861+0300: 433.783: Application time: 0.0788920 seconds
2024-10-02T14:58:04.879+0300: 436.799: [GC (Allocation Failure) 2024-10-02T14:58:04.879+0300: 436.799: [DefNew: 245760K->245760K(276480K), 0.0000293 secs]2024-10-02T14:58:04.879+0300: 436.799: [Tenured: 389011K->303247K(614400K), 0.0603479 secs] 634771K->303247K(890880K), [Metaspace: 7240K->7240K(1056768K)], 0.0605042 secs] [Times: user=0.05 sys=0.00, real=0.05 secs] 
2024-10-02T14:58:04.926+0300: 436.860: Total time for which application threads were stopped: 3.0769307 seconds, Stopping threads took: 3.0162634 seconds
2024-10-02T14:58:34.745+0300: 466.679: Application time: 29.8198750 seconds
2024-10-02T14:58:37.821+0300: 469.742: [GC (Allocation Failure) 2024-10-02T14:58:37.821+0300: 469.742: [DefNew: 245760K->30719K(276480K), 0.0414829 secs] 549007K->544633K(890880K), 0.0415870 secs] [Times: user=0.03 sys=0.00, real=0.03 secs] 
2024-10-02T14:58:37.853+0300: 469.783: Total time for which application threads were stopped: 3.1037145 seconds, Stopping threads took: 3.0619895 seconds
2024-10-02T14:58:37.963+0300: 469.887: Application time: 0.1036259 seconds
2024-10-02T14:58:46.901+0300: 478.821: [GC (Allocation Failure) 2024-10-02T14:58:46.901+0300: 478.821: [DefNew: 276479K->276479K(276480K), 0.0000205 secs]2024-10-02T14:58:46.901+0300: 478.821: [Tenured: 513913K->394093K(614400K), 0.0764453 secs] 790393K->394093K(890880K), [Metaspace: 7240K->7240K(1056768K)], 0.0766037 secs] [Times: user=0.06 sys=0.00, real=0.06 secs] 
2024-10-02T14:58:46.964+0300: 478.898: Total time for which application threads were stopped: 9.0108333 seconds, Stopping threads took: 8.9340854 seconds
2024-10-02T14:59:02.167+0300: 494.094: Application time: 15.1960386 seconds
2024-10-02T14:59:11.021+0300: 502.941: [GC (Allocation Failure) 2024-10-02T14:59:11.021+0300: 502.941: [DefNew: 245760K->245760K(276480K), 0.0000209 secs]2024-10-02T14:59:11.021+0300: 502.941: [Tenured: 394093K->371451K(614400K), 0.0710742 secs] 639853K->371451K(890880K), [Metaspace: 7246K->7246K(1056768K)], 0.0712056 secs] [Times: user=0.06 sys=0.00, real=0.06 secs] 
2024-10-02T14:59:11.084+0300: 503.013: Total time for which application threads were stopped: 8.9188485 seconds, Stopping threads took: 8.8475242 seconds
2024-10-02T14:59:11.178+0300: 503.105: Application time: 0.0920161 seconds
2024-10-02T14:59:15.646+0300: 507.567: [GC (Allocation Failure) 2024-10-02T14:59:15.646+0300: 507.567: [DefNew: 245760K->245760K(276480K), 0.0000303 secs]2024-10-02T14:59:15.646+0300: 507.567: [Tenured: 371451K->351292K(614400K), 0.0671822 secs] 617211K->351292K(890880K), [Metaspace: 7246K->7246K(1056768K)], 0.0673519 secs] [Times: user=0.06 sys=0.00, real=0.06 secs] 
2024-10-02T14:59:15.709+0300: 507.634: Total time for which application threads were stopped: 4.5295685 seconds, Stopping threads took: 4.4620669 seconds
2024-10-02T14:59:45.735+0300: 537.662: Application time: 30.0276151 seconds
2024-10-02T14:59:50.418+0300: 542.339: [GC (Allocation Failure) 2024-10-02T14:59:50.418+0300: 542.339: [DefNew: 245748K->30719K(276480K), 0.0417882 secs] 597040K->594239K(890880K), 0.0419136 secs] [Times: user=0.03 sys=0.00, real=0.03 secs] 
2024-10-02T14:59:50.450+0300: 542.381: Total time for which application threads were stopped: 4.7189705 seconds, Stopping threads took: 4.6769003 seconds
2024-10-02T14:59:50.560+0300: 542.482: Application time: 0.1009877 seconds
2024-10-02T14:59:57.047+0300: 548.967: [GC (Allocation Failure) 2024-10-02T14:59:57.047+0300: 548.967: [DefNew: 276479K->276479K(276480K), 0.0000161 secs]2024-10-02T14:59:57.047+0300: 548.967: [Tenured: 563519K->377339K(614400K), 0.0734614 secs] 839999K->377339K(890880K), [Metaspace: 7250K->7250K(1056768K)], 0.0735917 secs] [Times: user=0.05 sys=0.00, real=0.06 secs] 
2024-10-02T14:59:57.110+0300: 549.041: Total time for which application threads were stopped: 6.5589882 seconds, Stopping threads took: 6.4852780 seconds
2024-10-02T14:59:58.114+0300: 550.034: Application time: 0.9931942 seconds
2024-10-02T15:00:12.009+0300: 563.929: Total time for which application threads were stopped: 13.8948609 seconds, Stopping threads took: 13.8947977 seconds
2024-10-02T15:00:27.063+0300: 578.990: Application time: 15.0615275 seconds
2024-10-02T15:00:30.285+0300: 582.205: [GC (Allocation Failure) 2024-10-02T15:00:30.285+0300: 582.206: [DefNew: 245760K->245760K(276480K), 0.0000312 secs]2024-10-02T15:00:30.285+0300: 582.206: [Tenured: 377339K->355958K(614400K), 0.1421198 secs] 623099K->355958K(890880K), [Metaspace: 7250K->7250K(1056768K)], 0.1423059 secs] [Times: user=0.06 sys=0.08, real=0.14 secs] 
2024-10-02T15:00:30.427+0300: 582.348: Total time for which application threads were stopped: 3.3574589 seconds, Stopping threads took: 3.2149848 seconds
2024-10-02T15:00:30.490+0300: 582.414: Application time: 0.0665948 seconds
2024-10-02T15:00:35.097+0300: 587.017: [GC (Allocation Failure) 2024-10-02T15:00:35.097+0300: 587.017: [DefNew: 245760K->30720K(276480K), 0.1031538 secs] 601718K->595747K(890880K), 0.1032860 secs] [Times: user=0.05 sys=0.05, real=0.09 secs] 
2024-10-02T15:00:35.191+0300: 587.121: Total time for which application threads were stopped: 4.7061805 seconds, Stopping threads took: 4.6027285 seconds
2024-10-02T15:00:53.504+0300: 605.436: Application time: 18.3153492 seconds
2024-10-02T15:00:53.504+0300: 605.436: Total time for which application threads were stopped: 0.0004402 seconds, Stopping threads took: 0.0003850 seconds
2024-10-02T15:00:53.536+0300: 605.457: Application time: 0.0203315 seconds
2024-10-02T15:00:53.567+0300: 605.487: [GC (Allocation Failure) 2024-10-02T15:00:53.567+0300: 605.487: [DefNew: 276480K->276480K(276480K), 0.0000146 secs]2024-10-02T15:00:53.567+0300: 605.487: [Tenured: 565027K->173676K(614400K), 0.0386962 secs] 841507K->173676K(890880K), [Metaspace: 7254K->7254K(1056768K)], 0.0388082 secs] [Times: user=0.03 sys=0.00, real=0.03 secs] 
2024-10-02T15:00:53.598+0300: 605.526: Total time for which application threads were stopped: 0.0693602 seconds, Stopping threads took: 0.0304484 seconds
2024-10-02T15:01:23.331+0300: 635.262: Application time: 29.7360045 seconds
2024-10-02T15:01:23.441+0300: 635.361: [GC (Allocation Failure) 2024-10-02T15:01:23.441+0300: 635.361: [DefNew: 245748K->30715K(276480K), 0.0371484 secs] 419425K->382622K(890880K), 0.0372718 secs] [Times: user=0.00 sys=0.00, real=0.03 secs] 
2024-10-02T15:01:23.472+0300: 635.398: Total time for which application threads were stopped: 0.1362944 seconds, Stopping threads took: 0.0988707 seconds
2024-10-02T15:01:23.519+0300: 635.447: Application time: 0.0482072 seconds
2024-10-02T15:01:23.551+0300: 635.471: [GC (Allocation Failure) 2024-10-02T15:01:23.551+0300: 635.471: [DefNew: 276475K->276475K(276480K), 0.0000341 secs]2024-10-02T15:01:23.551+0300: 635.471: [Tenured: 351906K->280480K(614400K), 0.0517042 secs] 628382K->280480K(890880K), [Metaspace: 7260K->7260K(1056768K)], 0.0518985 secs] [Times: user=0.05 sys=0.00, real=0.05 secs] 
2024-10-02T15:01:23.598+0300: 635.523: Total time for which application threads were stopped: 0.0764090 seconds, Stopping threads took: 0.0243310 seconds
2024-10-02T15:01:53.394+0300: 665.321: Application time: 29.7975889 seconds
2024-10-02T15:01:56.519+0300: 668.440: [GC (Allocation Failure) 2024-10-02T15:01:56.519+0300: 668.440: [DefNew: 245760K->30719K(276480K), 0.0366983 secs] 526240K->490030K(890880K), 0.0368264 secs] [Times: user=0.03 sys=0.00, real=0.03 secs] 
2024-10-02T15:01:56.551+0300: 668.476: Total time for which application threads were stopped: 3.1558250 seconds, Stopping threads took: 3.1188421 seconds
2024-10-02T15:01:56.645+0300: 668.567: Application time: 0.0901286 seconds
2024-10-02T15:02:01.220+0300: 673.140: [GC (Allocation Failure) 2024-10-02T15:02:01.220+0300: 673.140: [DefNew: 276479K->276479K(276480K), 0.0000170 secs]2024-10-02T15:02:01.220+0300: 673.140: [Tenured: 459311K->371850K(614400K), 0.0684494 secs] 735790K->371850K(890880K), [Metaspace: 7260K->7260K(1056768K)], 0.0686025 secs] [Times: user=0.06 sys=0.00, real=0.06 secs] 
2024-10-02T15:02:01.283+0300: 673.209: Total time for which application threads were stopped: 4.6421699 seconds, Stopping threads took: 4.5734135 seconds
2024-10-02T15:02:31.267+0300: 703.192: Application time: 29.9836416 seconds
2024-10-02T15:02:35.905+0300: 707.825: [GC (Allocation Failure) 2024-10-02T15:02:35.905+0300: 707.825: [DefNew: 245760K->245760K(276480K), 0.0000303 secs]2024-10-02T15:02:35.905+0300: 707.825: [Tenured: 371850K->350974K(614400K), 0.0642151 secs] 617610K->350974K(890880K), [Metaspace: 7260K->7260K(1056768K)], 0.0643893 secs] [Times: user=0.05 sys=0.00, real=0.06 secs] 
2024-10-02T15:02:35.967+0300: 707.890: Total time for which application threads were stopped: 4.6971408 seconds, Stopping threads took: 4.6325988 seconds
2024-10-02T15:02:36.046+0300: 707.972: Application time: 0.0822267 seconds
2024-10-02T15:02:40.652+0300: 712.572: [GC (Allocation Failure) 2024-10-02T15:02:40.652+0300: 712.572: [DefNew: 245760K->30719K(276480K), 0.0415112 secs] 596734K->593485K(890880K), 0.0416075 secs] [Times: user=0.03 sys=0.00, real=0.03 secs] 
2024-10-02T15:02:40.683+0300: 712.614: Total time for which application threads were stopped: 4.6422251 seconds, Stopping threads took: 4.6005042 seconds
2024-10-02T15:03:10.555+0300: 742.490: Application time: 29.8762528 seconds
2024-10-02T15:03:13.745+0300: 745.665: [GC (Allocation Failure) 2024-10-02T15:03:13.745+0300: 745.666: [DefNew: 276479K->276479K(276480K), 0.0000303 secs]2024-10-02T15:03:13.745+0300: 745.666: [Tenured: 562765K->358196K(614400K), 0.0764651 secs] 839245K->358196K(890880K), [Metaspace: 7260K->7260K(1056768K)], 0.0766393 secs] [Times: user=0.06 sys=0.00, real=0.06 secs] 
2024-10-02T15:03:13.807+0300: 745.742: Total time for which application threads were stopped: 3.2518535 seconds, Stopping threads took: 3.1750386 seconds
2024-10-02T15:03:13.886+0300: 745.810: Application time: 0.0680707 seconds
2024-10-02T15:03:13.902+0300: 745.822: [GC (Allocation Failure) 2024-10-02T15:03:13.902+0300: 745.822: [DefNew: 245760K->30720K(276480K), 0.0413876 secs] 603956K->600576K(890880K), 0.0415129 secs] [Times: user=0.03 sys=0.00, real=0.03 secs] 
2024-10-02T15:03:13.933+0300: 745.864: Total time for which application threads were stopped: 0.0533337 seconds, Stopping threads took: 0.0114241 seconds
2024-10-02T15:03:43.733+0300: 775.660: Application time: 29.7965196 seconds
2024-10-02T15:03:46.781+0300: 778.701: [GC (Allocation Failure) 2024-10-02T15:03:46.781+0300: 778.701: [DefNew: 276480K->276480K(276480K), 0.0000209 secs]2024-10-02T15:03:46.781+0300: 778.701: [Tenured: 569856K->382468K(614400K), 0.0740125 secs] 846336K->382468K(890880K), [Metaspace: 7260K->7260K(1056768K)], 0.0741372 secs] [Times: user=0.06 sys=0.00, real=0.06 secs] 
2024-10-02T15:03:46.844+0300: 778.776: Total time for which application threads were stopped: 3.1155006 seconds, Stopping threads took: 3.0412422 seconds
2024-10-02T15:03:46.942+0300: 778.870: Application time: 0.0946505 seconds
2024-10-02T15:03:53.498+0300: 785.419: [GC (Allocation Failure) 2024-10-02T15:03:53.498+0300: 785.419: [DefNew: 245760K->245760K(276480K), 0.0000301 secs]2024-10-02T15:03:53.498+0300: 785.419: [Tenured: 382468K->362249K(614400K), 0.0676582 secs] 628228K->362249K(890880K), [Metaspace: 7260K->7260K(1056768K)], 0.0678253 secs] [Times: user=0.06 sys=0.00, real=0.06 secs] 
2024-10-02T15:03:53.562+0300: 785.487: Total time for which application threads were stopped: 6.6168242 seconds, Stopping threads took: 6.5488314 seconds
2024-10-02T15:04:23.448+0300: 815.377: Application time: 29.8896863 seconds
2024-10-02T15:04:26.636+0300: 818.557: [GC (Allocation Failure) 2024-10-02T15:04:26.636+0300: 818.557: [DefNew: 245760K->30716K(276480K), 0.0415719 secs] 608009K->604416K(890880K), 0.0416955 secs] [Times: user=0.03 sys=0.00, real=0.03 secs] 
2024-10-02T15:04:26.667+0300: 818.598: Total time for which application threads were stopped: 3.2217664 seconds, Stopping threads took: 3.1799058 seconds
2024-10-02T15:04:26.746+0300: 818.679: Application time: 0.0800666 seconds
2024-10-02T15:04:33.311+0300: 825.231: [GC (Allocation Failure) 2024-10-02T15:04:33.311+0300: 825.231: [DefNew: 276476K->276476K(276480K), 0.0000312 secs]2024-10-02T15:04:33.311+0300: 825.231: [Tenured: 573699K->322474K(614400K), 0.0628116 secs] 850176K->322474K(890880K), [Metaspace: 7260K->7260K(1056768K)], 0.0629796 secs] [Times: user=0.06 sys=0.00, real=0.06 secs] 
2024-10-02T15:04:33.373+0300: 825.294: Total time for which application threads were stopped: 6.6153804 seconds, Stopping threads took: 6.5522438 seconds
2024-10-02T15:04:48.449+0300: 840.373: Application time: 15.0788530 seconds
2024-10-02T15:04:57.354+0300: 849.274: [GC (Allocation Failure) 2024-10-02T15:04:57.354+0300: 849.274: [DefNew: 245760K->30720K(276480K), 0.0407334 secs] 568234K->564148K(890880K), 0.0408546 secs] [Times: user=0.03 sys=0.00, real=0.03 secs] 
2024-10-02T15:04:57.385+0300: 849.315: Total time for which application threads were stopped: 8.9420765 seconds, Stopping threads took: 8.9010834 seconds
2024-10-02T15:04:57.483+0300: 849.406: Application time: 0.0913410 seconds
2024-10-02T15:05:02.052+0300: 853.972: [GC (Allocation Failure) 2024-10-02T15:05:02.052+0300: 853.972: [DefNew: 276480K->276480K(276480K), 0.0000160 secs]2024-10-02T15:05:02.052+0300: 853.972: [Tenured: 533428K->348332K(614400K), 0.0677465 secs] 809908K->348332K(890880K), [Metaspace: 7261K->7261K(1056768K)], 0.0678749 secs] [Times: user=0.06 sys=0.00, real=0.06 secs] 
2024-10-02T15:05:02.114+0300: 854.040: Total time for which application threads were stopped: 4.6336663 seconds, Stopping threads took: 4.5656532 seconds
2024-10-02T15:05:32.034+0300: 883.965: Application time: 29.9247864 seconds
2024-10-02T15:05:32.034+0300: 883.965: Total time for which application threads were stopped: 0.0003637 seconds, Stopping threads took: 0.0003314 seconds
2024-10-02T15:05:32.049+0300: 883.979: Application time: 0.0136094 seconds
2024-10-02T15:05:32.049+0300: 883.979: [GC (Allocation Failure) 2024-10-02T15:05:32.049+0300: 883.979: [DefNew: 245760K->30718K(276480K), 0.0311024 secs] 594092K->523271K(890880K), 0.0311863 secs] [Times: user=0.00 sys=0.00, real=0.04 secs] 
2024-10-02T15:05:32.085+0300: 884.010: Total time for which application threads were stopped: 0.0317657 seconds, Stopping threads took: 0.0004582 seconds
2024-10-02T15:05:32.128+0300: 884.061: Application time: 0.0502964 seconds
2024-10-02T15:05:32.159+0300: 884.079: [GC (Allocation Failure) 2024-10-02T15:05:32.159+0300: 884.079: [DefNew: 276463K->276463K(276480K), 0.0000275 secs]2024-10-02T15:05:32.159+0300: 884.079: [Tenured: 492553K->372689K(614400K), 0.0720785 secs] 769016K->372689K(890880K), [Metaspace: 7262K->7262K(1056768K)], 0.0722452 secs] [Times: user=0.06 sys=0.00, real=0.06 secs] 
2024-10-02T15:05:32.222+0300: 884.151: Total time for which application threads were stopped: 0.0907600 seconds, Stopping threads took: 0.0183736 seconds
2024-10-02T15:06:03.319+0300: 915.244: Application time: 31.0923057 seconds
2024-10-02T15:06:10.340+0300: 922.260: [GC (Allocation Failure) 2024-10-02T15:06:10.340+0300: 922.260: [DefNew: 245754K->245754K(276480K), 0.0000311 secs]2024-10-02T15:06:10.340+0300: 922.260: [Tenured: 372689K->351557K(614400K), 0.0664985 secs] 618443K->351557K(890880K), [Metaspace: 7262K->7262K(1056768K)], 0.0666777 secs] [Times: user=0.06 sys=0.00, real=0.06 secs] 
2024-10-02T15:06:10.402+0300: 922.327: Total time for which application threads were stopped: 7.0832525 seconds, Stopping threads took: 7.0164134 seconds
2024-10-02T15:06:25.974+0300: 937.902: Application time: 15.5754579 seconds
2024-10-02T15:06:33.057+0300: 944.977: [GC (Allocation Failure) 2024-10-02T15:06:33.057+0300: 944.977: [DefNew: 245760K->30719K(276480K), 0.0415345 secs] 597317K->593427K(890880K), 0.0416683 secs] [Times: user=0.02 sys=0.00, real=0.03 secs] 
2024-10-02T15:06:33.090+0300: 945.019: Total time for which application threads were stopped: 7.1164775 seconds, Stopping threads took: 7.0746421 seconds
2024-10-02T15:06:33.214+0300: 945.139: Application time: 0.1198885 seconds
2024-10-02T15:06:40.188+0300: 952.109: [GC (Allocation Failure) 2024-10-02T15:06:40.188+0300: 952.109: [DefNew: 276476K->276476K(276480K), 0.0000269 secs]2024-10-02T15:06:40.188+0300: 952.109: [Tenured: 562708K->308406K(614400K), 0.0603008 secs] 839184K->308406K(890880K), [Metaspace: 7265K->7265K(1056768K)], 0.0604549 secs] [Times: user=0.03 sys=0.00, real=0.05 secs] 
2024-10-02T15:06:40.236+0300: 952.169: Total time for which application threads were stopped: 7.0301824 seconds, Stopping threads took: 6.9695582 seconds
2024-10-02T15:06:55.847+0300: 967.780: Application time: 15.6104845 seconds
2024-10-02T15:07:02.884+0300: 974.804: [GC (Allocation Failure) 2024-10-02T15:07:02.884+0300: 974.804: [DefNew: 245760K->30719K(276480K), 0.0409366 secs] 554166K->550737K(890880K), 0.0411376 secs] [Times: user=0.02 sys=0.00, real=0.03 secs] 
2024-10-02T15:07:02.916+0300: 974.845: Total time for which application threads were stopped: 7.0657433 seconds, Stopping threads took: 7.0244433 seconds
2024-10-02T15:07:33.504+0300: 1005.437: Application time: 30.5918809 seconds
2024-10-02T15:07:33.692+0300: 1005.612: [GC (Allocation Failure) 2024-10-02T15:07:33.692+0300: 1005.612: [DefNew: 276479K->276479K(276480K), 0.0000148 secs]2024-10-02T15:07:33.692+0300: 1005.612: [Tenured: 520017K->332752K(614400K), 0.0670364 secs] 796497K->332752K(890880K), [Metaspace: 7267K->7267K(1056768K)], 0.0671385 secs] [Times: user=0.06 sys=0.00, real=0.06 secs] 
2024-10-02T15:07:33.755+0300: 1005.679: Total time for which application threads were stopped: 0.2416767 seconds, Stopping threads took: 0.1744408 seconds
2024-10-02T15:07:33.818+0300: 1005.753: Application time: 0.0742662 seconds
2024-10-02T15:07:36.943+0300: 1008.863: [GC (Allocation Failure) 2024-10-02T15:07:36.943+0300: 1008.863: [DefNew: 245760K->30719K(276480K), 0.0402901 secs] 578512K->574652K(890880K), 0.0403984 secs] [Times: user=0.03 sys=0.00, real=0.03 secs] 
2024-10-02T15:07:36.974+0300: 1008.903: Total time for which application threads were stopped: 3.1501977 seconds, Stopping threads took: 3.1096649 seconds
2024-10-02T15:08:07.722+0300: 1039.653: Application time: 30.7495506 seconds
2024-10-02T15:08:10.942+0300: 1042.863: [GC (Allocation Failure) 2024-10-02T15:08:10.942+0300: 1042.863: [DefNew: 276479K->276479K(276480K), 0.0000343 secs]2024-10-02T15:08:10.942+0300: 1042.863: [Tenured: 543932K->357930K(614400K), 0.0699022 secs] 820412K->357930K(890880K), [Metaspace: 7267K->7267K(1056768K)], 0.0701101 secs] [Times: user=0.01 sys=0.00, real=0.06 secs] 
2024-10-02T15:08:11.005+0300: 1042.933: Total time for which application threads were stopped: 3.2799042 seconds, Stopping threads took: 3.2096004 seconds
2024-10-02T15:08:11.067+0300: 1043.003: Application time: 0.0701031 seconds
2024-10-02T15:08:11.099+0300: 1043.019: [GC (Allocation Failure) 2024-10-02T15:08:11.099+0300: 1043.019: [DefNew: 245760K->30719K(276480K), 0.0401988 secs] 603690K->601366K(890880K), 0.0403201 secs] [Times: user=0.01 sys=0.00, real=0.03 secs] 
2024-10-02T15:08:11.131+0300: 1043.059: Total time for which application threads were stopped: 0.0562995 seconds, Stopping threads took: 0.0158550 seconds
2024-10-02T15:08:41.889+0300: 1073.810: Application time: 30.7512487 seconds
2024-10-02T15:08:45.000+0300: 1076.920: [GC (Allocation Failure) 2024-10-02T15:08:45.000+0300: 1076.920: [DefNew: 276479K->276479K(276480K), 0.0000345 secs]2024-10-02T15:08:45.000+0300: 1076.920: [Tenured: 570646K->318716K(614400K), 0.0630564 secs] 847126K->318716K(890880K), [Metaspace: 7267K->7267K(1056768K)], 0.0632437 secs] [Times: user=0.03 sys=0.00, real=0.06 secs] 
2024-10-02T15:08:45.062+0300: 1076.983: Total time for which application threads were stopped: 3.1729232 seconds, Stopping threads took: 3.1094904 seconds
2024-10-02T15:08:45.157+0300: 1077.081: Application time: 0.0971290 seconds
2024-10-02T15:08:52.194+0300: 1084.114: [GC (Allocation Failure) 2024-10-02T15:08:52.194+0300: 1084.114: [DefNew: 245760K->30719K(276480K), 0.0406535 secs] 564476K->560470K(890880K), 0.0408068 secs] [Times: user=0.03 sys=0.00, real=0.03 secs] 
2024-10-02T15:08:52.225+0300: 1084.155: Total time for which application threads were stopped: 7.0742872 seconds, Stopping threads took: 7.0332777 seconds
2024-10-02T15:09:23.147+0300: 1115.070: Application time: 30.9156656 seconds
2024-10-02T15:09:26.293+0300: 1118.214: [GC (Allocation Failure) 2024-10-02T15:09:26.293+0300: 1118.214: [DefNew: 276479K->276479K(276480K), 0.0000420 secs]2024-10-02T15:09:26.293+0300: 1118.214: [Tenured: 529750K->341162K(614400K), 0.0652499 secs] 806230K->341162K(890880K), [Metaspace: 7267K->7267K(1056768K)], 0.0655189 secs] [Times: user=0.03 sys=0.00, real=0.06 secs] 
2024-10-02T15:09:26.356+0300: 1118.279: Total time for which application threads were stopped: 3.2087796 seconds, Stopping threads took: 3.1430672 seconds
2024-10-02T15:09:26.466+0300: 1118.401: Application time: 0.1220843 seconds
2024-10-02T15:09:33.533+0300: 1125.453: [GC (Allocation Failure) 2024-10-02T15:09:33.533+0300: 1125.453: [DefNew: 245760K->30719K(276480K), 0.0406985 secs] 586922K->582609K(890880K), 0.0408278 secs] [Times: user=0.00 sys=0.00, real=0.03 secs] 
2024-10-02T15:09:33.565+0300: 1125.494: Total time for which application threads were stopped: 7.0928575 seconds, Stopping threads took: 7.0518854 seconds
2024-10-02T15:09:49.137+0300: 1141.069: Application time: 15.5746183 seconds
2024-10-02T15:10:01.382+0300: 1153.302: [GC (Allocation Failure) 2024-10-02T15:10:01.382+0300: 1153.302: [DefNew: 276479K->276479K(276480K), 0.0000291 secs]2024-10-02T15:10:01.382+0300: 1153.302: [Tenured: 551889K->366347K(614400K), 0.0695366 secs] 828369K->366347K(890880K), [Metaspace: 7267K->7267K(1056768K)], 0.0697081 secs] [Times: user=0.03 sys=0.00, real=0.06 secs] 
2024-10-02T15:10:01.444+0300: 1153.372: Total time for which application threads were stopped: 12.3027170 seconds, Stopping threads took: 12.2328474 seconds
2024-10-02T15:10:23.610+0300: 1175.532: Application time: 22.1608773 seconds
2024-10-02T15:10:23.610+0300: 1175.533: Total time for which application threads were stopped: 0.0003561 seconds, Stopping threads took: 0.0003165 seconds
2024-10-02T15:10:23.610+0300: 1175.534: Application time: 0.0010214 seconds
2024-10-02T15:10:23.657+0300: 1175.577: [GC (Allocation Failure) 2024-10-02T15:10:23.657+0300: 1175.577: [DefNew: 245760K->30719K(276480K), 0.0086438 secs] 612107K->408748K(890880K), 0.0087507 secs] [Times: user=0.00 sys=0.00, real=0.00 secs] 
2024-10-02T15:10:23.657+0300: 1175.586: Total time for which application threads were stopped: 0.0520388 seconds, Stopping threads took: 0.0431416 seconds
2024-10-02T15:10:23.704+0300: 1175.628: Application time: 0.0422686 seconds
2024-10-02T15:10:23.735+0300: 1175.655: [GC (Allocation Failure) 2024-10-02T15:10:23.735+0300: 1175.655: [DefNew: 276479K->276479K(276480K), 0.0000357 secs]2024-10-02T15:10:23.735+0300: 1175.655: [Tenured: 378028K->257206K(614400K), 0.0517703 secs] 654508K->257206K(890880K), [Metaspace: 7268K->7268K(1056768K)], 0.0519755 secs] [Times: user=0.03 sys=0.00, real=0.05 secs] 
2024-10-02T15:10:23.782+0300: 1175.707: Total time for which application threads were stopped: 0.0789197 seconds, Stopping threads took: 0.0267480 seconds
2024-10-02T15:10:54.425+0300: 1206.355: Application time: 30.6479343 seconds
2024-10-02T15:10:57.696+0300: 1209.616: [GC (Allocation Failure) 2024-10-02T15:10:57.696+0300: 1209.616: [DefNew: 245760K->30720K(276480K), 0.0419111 secs] 502966K->500213K(890880K), 0.0420409 secs] [Times: user=0.00 sys=0.00, real=0.03 secs] 
2024-10-02T15:10:57.728+0300: 1209.658: Total time for which application threads were stopped: 3.3031172 seconds, Stopping threads took: 3.2608932 seconds
2024-10-02T15:10:57.900+0300: 1209.825: Application time: 0.1668267 seconds
2024-10-02T15:11:07.344+0300: 1219.265: [GC (Allocation Failure) 2024-10-02T15:11:07.344+0300: 1219.265: [DefNew: 276478K->276478K(276480K), 0.0000308 secs]2024-10-02T15:11:07.344+0300: 1219.265: [Tenured: 469493K->360570K(614400K), 0.0663832 secs] 745972K->360570K(890880K), [Metaspace: 7269K->7269K(1056768K)], 0.0665579 secs] [Times: user=0.05 sys=0.00, real=0.06 secs] 
2024-10-02T15:11:07.407+0300: 1219.331: Total time for which application threads were stopped: 9.5062987 seconds, Stopping threads took: 9.4395514 seconds
2024-10-02T15:11:22.994+0300: 1234.917: Application time: 15.5859077 seconds
2024-10-02T15:11:32.533+0300: 1244.454: [GC (Allocation Failure) 2024-10-02T15:11:32.533+0300: 1244.454: [DefNew: 245755K->30720K(276480K), 0.0414705 secs] 606326K->602924K(890880K), 0.0415991 secs] [Times: user=0.03 sys=0.00, real=0.03 secs] 
2024-10-02T15:11:32.565+0300: 1244.495: Total time for which application threads were stopped: 9.5780678 seconds, Stopping threads took: 9.5363060 seconds
2024-10-02T15:11:32.659+0300: 1244.592: Application time: 0.0966570 seconds
2024-10-02T15:11:37.320+0300: 1249.240: [GC (Allocation Failure) 2024-10-02T15:11:37.320+0300: 1249.240: [DefNew: 276480K->276480K(276480K), 0.0000373 secs]2024-10-02T15:11:37.320+0300: 1249.240: [Tenured: 572204K->386243K(614400K), 0.0709462 secs] 848684K->386243K(890880K), [Metaspace: 7278K->7278K(1056768K)], 0.0711452 secs] [Times: user=0.05 sys=0.00, real=0.06 secs] 
2024-10-02T15:11:37.383+0300: 1249.311: Total time for which application threads were stopped: 4.7192568 seconds, Stopping threads took: 4.6479149 seconds
2024-10-02T15:11:53.473+0300: 1265.393: Application time: 16.0819188 seconds
2024-10-02T15:12:08.201+0300: 1280.122: Total time for which application threads were stopped: 14.7285606 seconds, Stopping threads took: 14.7284486 seconds
2024-10-02T15:12:08.233+0300: 1280.161: Application time: 0.0397556 seconds
2024-10-02T15:12:11.486+0300: 1283.406: [GC (Allocation Failure) 2024-10-02T15:12:11.486+0300: 1283.407: [DefNew: 245760K->245760K(276480K), 0.0000344 secs]2024-10-02T15:12:11.486+0300: 1283.407: [Tenured: 386243K->156313K(614400K), 0.0346195 secs] 632003K->156313K(890880K), [Metaspace: 7292K->7292K(1056768K)], 0.0348126 secs] [Times: user=0.03 sys=0.00, real=0.03 secs] 
2024-10-02T15:12:11.517+0300: 1283.441: Total time for which application threads were stopped: 3.2798229 seconds, Stopping threads took: 3.2448231 seconds
2024-10-02T15:12:11.596+0300: 1283.518: Application time: 0.0767751 seconds
2024-10-02T15:12:14.662+0300: 1286.582: [GC (Allocation Failure) 2024-10-02T15:12:14.662+0300: 1286.582: [DefNew: 245760K->30714K(276480K), 0.0410297 secs] 402073K->397897K(890880K), 0.0411672 secs] [Times: user=0.05 sys=0.00, real=0.03 secs] 
2024-10-02T15:12:14.693+0300: 1286.623: Total time for which application threads were stopped: 3.1047328 seconds, Stopping threads took: 3.0634231 seconds
2024-10-02T15:12:30.780+0300: 1302.700: Application time: 16.0772839 seconds
2024-10-02T15:12:45.409+0300: 1317.329: Total time for which application threads were stopped: 14.6288445 seconds, Stopping threads took: 14.6287349 seconds
2024-10-02T15:12:45.456+0300: 1317.388: Application time: 0.0595219 seconds
2024-10-02T15:12:48.678+0300: 1320.598: [GC (Allocation Failure) 2024-10-02T15:12:48.678+0300: 1320.598: [DefNew: 276474K->276474K(276480K), 0.0000319 secs]2024-10-02T15:12:48.678+0300: 1320.598: [Tenured: 367182K->246431K(614400K), 0.0493627 secs] 643657K->246431K(890880K), [Metaspace: 7298K->7298K(1056768K)], 0.0496018 secs] [Times: user=0.03 sys=0.00, real=0.05 secs] 
2024-10-02T15:12:48.725+0300: 1320.648: Total time for which application threads were stopped: 3.2594276 seconds, Stopping threads took: 3.2096475 seconds
2024-10-02T15:12:48.835+0300: 1320.757: Application time: 0.1094971 seconds
2024-10-02T15:12:58.293+0300: 1330.214: [GC (Allocation Failure) 2024-10-02T15:12:58.293+0300: 1330.214: [DefNew: 245760K->30719K(276480K), 0.0414159 secs] 492191K->489245K(890880K), 0.0415380 secs] [Times: user=0.03 sys=0.00, real=0.03 secs] 
2024-10-02T15:12:58.325+0300: 1330.255: Total time for which application threads were stopped: 9.4978137 seconds, Stopping threads took: 9.4561191 seconds
2024-10-02T15:13:13.838+0300: 1345.770: Application time: 15.5147294 seconds
2024-10-02T15:13:20.896+0300: 1352.816: [GC (Allocation Failure) 2024-10-02T15:13:20.896+0300: 1352.816: [DefNew: 276479K->276479K(276480K), 0.0000284 secs]2024-10-02T15:13:20.896+0300: 1352.816: [Tenured: 458526K->336624K(614400K), 0.0640503 secs] 735005K->336624K(890880K), [Metaspace: 7298K->7298K(1056768K)], 0.0642177 secs] [Times: user=0.05 sys=0.00, real=0.06 secs] 
2024-10-02T15:13:20.958+0300: 1352.880: Total time for which application threads were stopped: 7.1101367 seconds, Stopping threads took: 7.0457599 seconds
2024-10-02T15:13:36.703+0300: 1368.637: Application time: 15.7574028 seconds
2024-10-02T15:13:48.794+0300: 1380.715: [GC (Allocation Failure) 2024-10-02T15:13:48.794+0300: 1380.715: [DefNew: 245760K->30719K(276480K), 0.0438941 secs] 582384K->578762K(890880K), 0.0440215 secs] [Times: user=0.00 sys=0.00, real=0.04 secs] 
2024-10-02T15:13:48.837+0300: 1380.759: Total time for which application threads were stopped: 12.1212495 seconds, Stopping threads took: 12.0770588 seconds
2024-10-02T15:13:48.937+0300: 1380.867: Application time: 0.1080922 seconds
2024-10-02T15:13:53.534+0300: 1385.454: [GC (Allocation Failure) 2024-10-02T15:13:53.534+0300: 1385.454: [DefNew: 276479K->276479K(276480K), 0.0000333 secs]2024-10-02T15:13:53.534+0300: 1385.454: [Tenured: 548042K->296201K(614400K), 0.0577419 secs] 824522K->296201K(890880K), [Metaspace: 7298K->7298K(1056768K)], 0.0579267 secs] [Times: user=0.03 sys=0.00, real=0.05 secs] 
2024-10-02T15:13:53.582+0300: 1385.512: Total time for which application threads were stopped: 4.6452937 seconds, Stopping threads took: 4.5871920 seconds
2024-10-02T15:14:24.257+0300: 1416.178: Application time: 30.6656820 seconds
2024-10-02T15:14:24.374+0300: 1416.294: [GC (Allocation Failure) 2024-10-02T15:14:24.374+0300: 1416.294: [DefNew: 245760K->30720K(276480K), 0.0425057 secs] 541961K->538043K(890880K), 0.0425848 secs] [Times: user=0.00 sys=0.00, real=0.03 secs] 
2024-10-02T15:14:24.406+0300: 1416.336: Total time for which application threads were stopped: 0.1584963 seconds, Stopping threads took: 0.1158067 seconds
2024-10-02T15:14:24.500+0300: 1416.435: Application time: 0.0984466 seconds
2024-10-02T15:14:31.493+0300: 1423.413: [GC (Allocation Failure) 2024-10-02T15:14:31.493+0300: 1423.413: [DefNew: 276472K->276472K(276480K), 0.0000309 secs]2024-10-02T15:14:31.493+0300: 1423.413: [Tenured: 507323K->385314K(614400K), 0.0725785 secs] 783795K->385314K(890880K), [Metaspace: 7299K->7299K(1056768K)], 0.0727525 secs] [Times: user=0.05 sys=0.00, real=0.07 secs] 
2024-10-02T15:14:31.563+0300: 1423.486: Total time for which application threads were stopped: 7.0512743 seconds, Stopping threads took: 6.9783468 seconds
2024-10-02T15:14:53.699+0300: 1445.619: Application time: 22.1333778 seconds
2024-10-02T15:14:53.699+0300: 1445.620: Total time for which application threads were stopped: 0.0003906 seconds, Stopping threads took: 0.0003519 seconds
2024-10-02T15:14:53.715+0300: 1445.641: Application time: 0.0214550 seconds
2024-10-02T15:14:53.715+0300: 1445.641: Total time for which application threads were stopped: 0.0001775 seconds, Stopping threads took: 0.0000332 seconds
2024-10-02T15:14:53.905+0300: 1445.833: Application time: 0.1910755 seconds
2024-10-02T15:14:53.905+0300: 1445.833: Total time for which application threads were stopped: 0.0001886 seconds, Stopping threads took: 0.0000311 seconds
2024-10-02T15:14:53.951+0300: 1445.880: Application time: 0.0473732 seconds
2024-10-02T15:14:53.951+0300: 1445.880: Total time for which application threads were stopped: 0.0000793 seconds, Stopping threads took: 0.0000393 seconds
2024-10-02T15:14:54.060+0300: 1445.990: Application time: 0.1103176 seconds
2024-10-02T15:14:54.060+0300: 1445.991: Total time for which application threads were stopped: 0.0001930 seconds, Stopping threads took: 0.0000196 seconds
2024-10-02T15:14:54.076+0300: 1445.997: Application time: 0.0060109 seconds
2024-10-02T15:14:54.076+0300: 1445.997: Total time for which application threads were stopped: 0.0002567 seconds, Stopping threads took: 0.0000550 seconds
2024-10-02T15:14:54.076+0300: 1445.999: Application time: 0.0016588 seconds
2024-10-02T15:14:54.076+0300: 1445.999: Total time for which application threads were stopped: 0.0001057 seconds, Stopping threads took: 0.0000193 seconds
2024-10-02T15:14:54.390+0300: 1446.323: Application time: 0.3241879 seconds
2024-10-02T15:14:54.390+0300: 1446.323: Total time for which application threads were stopped: 0.0000742 seconds, Stopping threads took: 0.0000245 seconds
2024-10-02T15:14:55.069+0300: 1446.989: Application time: 0.6658255 seconds
2024-10-02T15:14:55.069+0300: 1446.989: Total time for which application threads were stopped: 0.0003191 seconds, Stopping threads took: 0.0000608 seconds
2024-10-02T15:14:55.069+0300: 1446.990: Application time: 0.0006064 seconds
2024-10-02T15:14:55.069+0300: 1446.990: Total time for which application threads were stopped: 0.0000462 seconds, Stopping threads took: 0.0000237 seconds
2024-10-02T15:14:55.069+0300: 1446.990: Application time: 0.0004374 seconds
2024-10-02T15:14:55.069+0300: 1446.990: Total time for which application threads were stopped: 0.0000422 seconds, Stopping threads took: 0.0000212 seconds
2024-10-02T15:14:55.069+0300: 1446.991: Application time: 0.0002465 seconds
2024-10-02T15:14:55.069+0300: 1446.991: Total time for which application threads were stopped: 0.0000591 seconds, Stopping threads took: 0.0000304 seconds
2024-10-02T15:14:55.069+0300: 1446.992: Application time: 0.0010314 seconds
2024-10-02T15:14:55.069+0300: 1446.992: Total time for which application threads were stopped: 0.0000800 seconds, Stopping threads took: 0.0000411 seconds
2024-10-02T15:14:55.084+0300: 1447.013: Application time: 0.0216572 seconds
2024-10-02T15:14:55.084+0300: 1447.014: Total time for which application threads were stopped: 0.0001283 seconds, Stopping threads took: 0.0000734 seconds
Heap
 def new generation   total 276480K, used 149294K [0x00000000c7c00000, 0x00000000da800000, 0x00000000da800000)
  eden space 245760K,  60% used [0x00000000c7c00000, 0x00000000d0dcbbc0, 0x00000000d6c00000)
  from space 30720K,   0% used [0x00000000d8a00000, 0x00000000d8a00000, 0x00000000da800000)
  to   space 30720K,   0% used [0x00000000d6c00000, 0x00000000d6c00000, 0x00000000d8a00000)
 tenured generation   total 614400K, used 385314K [0x00000000da800000, 0x0000000100000000, 0x0000000100000000)
   the space 614400K,  62% used [0x00000000da800000, 0x00000000f2048bc0, 0x00000000f2048c00, 0x0000000100000000)
 Metaspace       used 15743K, capacity 15926K, committed 16128K, reserved 1062912K
  class space    used 1642K, capacity 1711K, committed 1792K, reserved 1048576K
2024-10-02T15:14:55.179+0300: 1447.100: Application time: 0.0861997 seconds
