[0.026s][info][gc] Using Serial
[0.026s][info][gc,heap,coops] Heap address: 0x0000000600000000, size: 8192 MB, Compressed Oops mode: Zero based, Oop shift amount: 3
[1.441s][info][gc,start     ] GC(0) Pause Full (Metadata GC Threshold)
[1.442s][info][gc,phases,start] GC(0) Phase 1: Mark live objects
[1.452s][info][gc,phases      ] GC(0) Phase 1: Mark live objects 10.458ms
[1.452s][info][gc,phases,start] GC(0) Phase 2: Compute new object addresses
[1.458s][info][gc,phases      ] GC(0) Phase 2: Compute new object addresses 6.144ms
[1.458s][info][gc,phases,start] GC(0) Phase 3: Adjust pointers
[1.465s][info][gc,phases      ] GC(0) Phase 3: Adjust pointers 6.272ms
[1.465s][info][gc,phases,start] GC(0) Phase 4: Move objects
[1.469s][info][gc,phases      ] GC(0) Phase 4: Move objects 3.621ms
[1.470s][info][gc,heap        ] GC(0) DefNew: 671085K->0K(2516544K)
[1.470s][info][gc,heap        ] GC(0) Tenured: 0K->7564K(5592448K)
[1.470s][info][gc,metaspace   ] GC(0) Metaspace: 20369K(21248K)->20369K(21248K) NonClass: 18439K(18944K)->18439K(18944K) Class: 1930K(2304K)->1930K(2304K)
[1.470s][info][gc             ] GC(0) Pause Full (Metadata GC Threshold) 655M->7M(7918M) 28.376ms
[1.470s][info][gc,cpu         ] GC(0) User=0.02s Sys=0.02s Real=0.03s
[2.574s][info][gc,start       ] GC(1) Pause Full (System.gc())
[2.574s][info][gc,phases,start] GC(1) Phase 1: Mark live objects
[2.587s][info][gc,phases      ] GC(1) Phase 1: Mark live objects 12.637ms
[2.587s][info][gc,phases,start] GC(1) Phase 2: Compute new object addresses
[2.590s][info][gc,phases      ] GC(1) Phase 2: Compute new object addresses 3.692ms
[2.590s][info][gc,phases,start] GC(1) Phase 3: Adjust pointers
[2.597s][info][gc,phases      ] GC(1) Phase 3: Adjust pointers 6.637ms
[2.597s][info][gc,phases,start] GC(1) Phase 4: Move objects
[2.598s][info][gc,phases      ] GC(1) Phase 4: Move objects 0.981ms
[2.598s][info][gc,heap        ] GC(1) DefNew: 195731K->0K(2516544K)
[2.598s][info][gc,heap        ] GC(1) Tenured: 7564K->9231K(5592448K)
[2.598s][info][gc,metaspace   ] GC(1) Metaspace: 29731K(31104K)->29731K(31104K) NonClass: 27008K(27904K)->27008K(27904K) Class: 2723K(3200K)->2723K(3200K)
[2.599s][info][gc             ] GC(1) Pause Full (System.gc()) 198M->9M(7918M) 24.632ms
[2.599s][info][gc,cpu         ] GC(1) User=0.02s Sys=0.00s Real=0.02s
[23.448s][info][gc,start       ] GC(2) Pause Young (Allocation Failure)
[23.465s][info][gc,heap        ] GC(2) DefNew: 2236928K->9635K(2516544K)
[23.465s][info][gc,heap        ] GC(2) Tenured: 9231K->9231K(5592448K)
[23.465s][info][gc,metaspace   ] GC(2) Metaspace: 37488K(39296K)->37488K(39296K) NonClass: 34133K(35328K)->34133K(35328K) Class: 3354K(3968K)->3354K(3968K)
[23.465s][info][gc             ] GC(2) Pause Young (Allocation Failure) 2193M->18M(7918M) 17.092ms
[23.465s][info][gc,cpu         ] GC(2) User=0.02s Sys=0.00s Real=0.02s
[39.965s][info][gc,start       ] GC(3) Pause Young (Allocation Failure)
[40.080s][info][gc,heap        ] GC(3) DefNew: 2246563K->79119K(2516544K)
[40.080s][info][gc,heap        ] GC(3) Tenured: 9231K->9231K(5592448K)
[40.080s][info][gc,metaspace   ] GC(3) Metaspace: 44515K(46208K)->44515K(46208K) NonClass: 40873K(41984K)->40873K(41984K) Class: 3642K(4224K)->3642K(4224K)
[40.080s][info][gc             ] GC(3) Pause Young (Allocation Failure) 2202M->86M(7918M) 115.356ms
[40.080s][info][gc,cpu         ] GC(3) User=0.17s Sys=0.03s Real=0.13s
[45.849s][info][gc,start       ] GC(4) Pause Young (Allocation Failure)
[45.887s][info][gc,heap        ] GC(4) DefNew: 2316047K->30698K(2516544K)
[45.887s][info][gc,heap        ] GC(4) Tenured: 9231K->9231K(5592448K)
[45.887s][info][gc,metaspace   ] GC(4) Metaspace: 48972K(50688K)->48972K(50688K) NonClass: 44971K(46080K)->44971K(46080K) Class: 4001K(4608K)->4001K(4608K)
[45.887s][info][gc             ] GC(4) Pause Young (Allocation Failure) 2270M->38M(7918M) 38.029ms
[45.887s][info][gc,cpu         ] GC(4) User=0.06s Sys=0.00s Real=0.02s
[48.726s][info][gc,start       ] GC(5) Pause Full (Metadata GC Threshold)
[48.726s][info][gc,phases,start] GC(5) Phase 1: Mark live objects
[48.749s][info][gc,phases      ] GC(5) Phase 1: Mark live objects 23.260ms
[48.749s][info][gc,phases,start] GC(5) Phase 2: Compute new object addresses
[48.895s][info][gc,phases      ] GC(5) Phase 2: Compute new object addresses 145.826ms
[48.895s][info][gc,phases,start] GC(5) Phase 3: Adjust pointers
[48.914s][info][gc,phases      ] GC(5) Phase 3: Adjust pointers 19.064ms
[48.914s][info][gc,phases,start] GC(5) Phase 4: Move objects
[48.919s][info][gc,phases      ] GC(5) Phase 4: Move objects 5.001ms
[48.921s][info][gc,heap        ] GC(5) DefNew: 1254172K->0K(2516544K)
[48.921s][info][gc,heap        ] GC(5) Tenured: 9231K->22451K(5592448K)
[48.921s][info][gc,metaspace   ] GC(5) Metaspace: 50234K(51840K)->50234K(51840K) NonClass: 46122K(47104K)->46122K(47104K) Class: 4111K(4736K)->4111K(4736K)
[48.922s][info][gc             ] GC(5) Pause Full (Metadata GC Threshold) 1233M->21M(7918M) 195.551ms
[48.922s][info][gc,cpu         ] GC(5) User=0.22s Sys=0.00s Real=0.19s
[52.727s][info][gc,start       ] GC(6) Pause Full (System.gc())
[52.727s][info][gc,phases,start] GC(6) Phase 1: Mark live objects
[52.749s][info][gc,phases      ] GC(6) Phase 1: Mark live objects 22.468ms
[52.749s][info][gc,phases,start] GC(6) Phase 2: Compute new object addresses
[52.843s][info][gc,phases      ] GC(6) Phase 2: Compute new object addresses 93.600ms
[52.843s][info][gc,phases,start] GC(6) Phase 3: Adjust pointers
[52.862s][info][gc,phases      ] GC(6) Phase 3: Adjust pointers 19.162ms
[52.862s][info][gc,phases,start] GC(6) Phase 4: Move objects
[52.866s][info][gc,phases      ] GC(6) Phase 4: Move objects 4.268ms
[52.867s][info][gc,heap        ] GC(6) DefNew: 1679757K->0K(2516544K)
[52.867s][info][gc,heap        ] GC(6) Tenured: 22451K->19817K(5592448K)
[52.867s][info][gc,metaspace   ] GC(6) Metaspace: 50921K(52736K)->50921K(52736K) NonClass: 46776K(47872K)->46776K(47872K) Class: 4144K(4864K)->4144K(4864K)
[52.867s][info][gc             ] GC(6) Pause Full (System.gc()) 1662M->19M(7918M) 140.085ms
[52.867s][info][gc,cpu         ] GC(6) User=0.14s Sys=0.00s Real=0.14s
[81.641s][info][gc,start       ] GC(7) Pause Young (Allocation Failure)
[81.657s][info][gc,heap        ] GC(7) DefNew: 2236928K->10915K(2516544K)
[81.657s][info][gc,heap        ] GC(7) Tenured: 19817K->19817K(5592448K)
[81.657s][info][gc,metaspace   ] GC(7) Metaspace: 51194K(52992K)->51194K(52992K) NonClass: 47048K(48128K)->47048K(48128K) Class: 4145K(4864K)->4145K(4864K)
[81.657s][info][gc             ] GC(7) Pause Young (Allocation Failure) 2203M->30M(7918M) 15.782ms
[81.657s][info][gc,cpu         ] GC(7) User=0.02s Sys=0.00s Real=0.02s
[87.371s][info][gc,start       ] GC(8) Pause Young (Allocation Failure)
[87.452s][info][gc,heap        ] GC(8) DefNew: 2247843K->46541K(2516544K)
[87.452s][info][gc,heap        ] GC(8) Tenured: 19817K->19817K(5592448K)
[87.452s][info][gc,metaspace   ] GC(8) Metaspace: 51381K(53248K)->51381K(53248K) NonClass: 47234K(48384K)->47234K(48384K) Class: 4146K(4864K)->4146K(4864K)
[87.452s][info][gc             ] GC(8) Pause Young (Allocation Failure) 2214M->64M(7918M) 80.944ms
[87.452s][info][gc,cpu         ] GC(8) User=0.08s Sys=0.00s Real=0.08s
[91.754s][info][gc,start       ] GC(9) Pause Young (Allocation Failure)
[91.772s][info][gc,heap        ] GC(9) DefNew: 2283469K->14522K(2516544K)
[91.772s][info][gc,heap        ] GC(9) Tenured: 19817K->19817K(5592448K)
[91.772s][info][gc,metaspace   ] GC(9) Metaspace: 51604K(53504K)->51604K(53504K) NonClass: 47457K(48640K)->47457K(48640K) Class: 4146K(4864K)->4146K(4864K)
[91.772s][info][gc             ] GC(9) Pause Young (Allocation Failure) 2249M->33M(7918M) 17.822ms
[91.772s][info][gc,cpu         ] GC(9) User=0.02s Sys=0.00s Real=0.02s
[94.126s][info][gc,start       ] GC(10) Pause Full (System.gc())
[94.126s][info][gc,phases,start] GC(10) Phase 1: Mark live objects
[94.148s][info][gc,phases      ] GC(10) Phase 1: Mark live objects 22.811ms
[94.149s][info][gc,phases,start] GC(10) Phase 2: Compute new object addresses
[94.232s][info][gc,phases      ] GC(10) Phase 2: Compute new object addresses 83.852ms
[94.232s][info][gc,phases,start] GC(10) Phase 3: Adjust pointers
[94.253s][info][gc,phases      ] GC(10) Phase 3: Adjust pointers 20.227ms
[94.253s][info][gc,phases,start] GC(10) Phase 4: Move objects
[94.254s][info][gc,phases      ] GC(10) Phase 4: Move objects 1.248ms
[94.254s][info][gc,heap        ] GC(10) DefNew: 854634K->0K(2516544K)
[94.254s][info][gc,heap        ] GC(10) Tenured: 19817K->23861K(5592448K)
[94.254s][info][gc,metaspace   ] GC(10) Metaspace: 51625K(53504K)->51625K(53504K) NonClass: 47478K(48640K)->47478K(48640K) Class: 4146K(4864K)->4146K(4864K)
[94.254s][info][gc             ] GC(10) Pause Full (System.gc()) 853M->23M(7918M) 128.833ms
[94.254s][info][gc,cpu         ] GC(10) User=0.12s Sys=0.00s Real=0.13s
[122.307s][info][gc,start       ] GC(11) Pause Young (Allocation Failure)
[122.322s][info][gc,heap        ] GC(11) DefNew: 2236928K->10891K(2516544K)
[122.322s][info][gc,heap        ] GC(11) Tenured: 23861K->23861K(5592448K)
[122.322s][info][gc,metaspace   ] GC(11) Metaspace: 51823K(53760K)->51823K(53760K) NonClass: 47677K(48896K)->47677K(48896K) Class: 4146K(4864K)->4146K(4864K)
[122.322s][info][gc             ] GC(11) Pause Young (Allocation Failure) 2207M->33M(7918M) 15.318ms
[122.322s][info][gc,cpu         ] GC(11) User=0.02s Sys=0.00s Real=0.00s
[127.599s][info][gc,start       ] GC(12) Pause Young (Allocation Failure)
[127.676s][info][gc,heap        ] GC(12) DefNew: 2247819K->43517K(2516544K)
[127.676s][info][gc,heap        ] GC(12) Tenured: 23861K->23861K(5592448K)
[127.676s][info][gc,metaspace   ] GC(12) Metaspace: 51885K(53760K)->51885K(53760K) NonClass: 47737K(48896K)->47737K(48896K) Class: 4147K(4864K)->4147K(4864K)
[127.676s][info][gc             ] GC(12) Pause Young (Allocation Failure) 2218M->65M(7918M) 76.588ms
[127.676s][info][gc,cpu         ] GC(12) User=0.08s Sys=0.00s Real=0.07s
[131.497s][info][gc,start       ] GC(13) Pause Young (Allocation Failure)
[131.511s][info][gc,heap        ] GC(13) DefNew: 2280445K->12320K(2516544K)
[131.511s][info][gc,heap        ] GC(13) Tenured: 23861K->23861K(5592448K)
[131.511s][info][gc,metaspace   ] GC(13) Metaspace: 52099K(54016K)->52099K(54016K) NonClass: 47948K(49152K)->47948K(49152K) Class: 4150K(4864K)->4150K(4864K)
[131.511s][info][gc             ] GC(13) Pause Young (Allocation Failure) 2250M->35M(7918M) 13.728ms
[131.511s][info][gc,cpu         ] GC(13) User=0.02s Sys=0.00s Real=0.02s
[133.854s][info][gc,start       ] GC(14) Pause Full (System.gc())
[133.854s][info][gc,phases,start] GC(14) Phase 1: Mark live objects
[133.960s][info][gc,phases      ] GC(14) Phase 1: Mark live objects 105.822ms
[133.960s][info][gc,phases,start] GC(14) Phase 2: Compute new object addresses
[134.054s][info][gc,phases      ] GC(14) Phase 2: Compute new object addresses 93.911ms
[134.054s][info][gc,phases,start] GC(14) Phase 3: Adjust pointers
[134.153s][info][gc,phases      ] GC(14) Phase 3: Adjust pointers 99.176ms
[134.153s][info][gc,phases,start] GC(14) Phase 4: Move objects
[134.215s][info][gc,phases      ] GC(14) Phase 4: Move objects 62.270ms
[134.215s][info][gc,heap        ] GC(14) DefNew: 892468K->0K(2516544K)
[134.215s][info][gc,heap        ] GC(14) Tenured: 23861K->114945K(5592448K)
[134.215s][info][gc,metaspace   ] GC(14) Metaspace: 52111K(54016K)->52111K(54016K) NonClass: 47960K(49152K)->47960K(49152K) Class: 4150K(4864K)->4150K(4864K)
[134.215s][info][gc             ] GC(14) Pause Full (System.gc()) 894M->112M(7918M) 361.793ms
[134.215s][info][gc,cpu         ] GC(14) User=0.34s Sys=0.02s Real=0.37s
[161.197s][info][gc,start       ] GC(15) Pause Young (Allocation Failure)
[161.212s][info][gc,heap        ] GC(15) DefNew: 2236928K->10818K(2516544K)
[161.212s][info][gc,heap        ] GC(15) Tenured: 114945K->114945K(5592448K)
[161.212s][info][gc,metaspace   ] GC(15) Metaspace: 52251K(54272K)->52251K(54272K) NonClass: 48100K(49408K)->48100K(49408K) Class: 4150K(4864K)->4150K(4864K)
[161.213s][info][gc             ] GC(15) Pause Young (Allocation Failure) 2296M->122M(7918M) 15.481ms
[161.213s][info][gc,cpu         ] GC(15) User=0.02s Sys=0.00s Real=0.01s
[166.286s][info][gc,start       ] GC(16) Pause Young (Allocation Failure)
[166.357s][info][gc,heap        ] GC(16) DefNew: 2247746K->40315K(2516544K)
[166.357s][info][gc,heap        ] GC(16) Tenured: 114945K->114945K(5592448K)
[166.357s][info][gc,metaspace   ] GC(16) Metaspace: 52270K(54272K)->52270K(54272K) NonClass: 48119K(49408K)->48119K(49408K) Class: 4150K(4864K)->4150K(4864K)
[166.357s][info][gc             ] GC(16) Pause Young (Allocation Failure) 2307M->151M(7918M) 70.727ms
[166.357s][info][gc,cpu         ] GC(16) User=0.08s Sys=0.00s Real=0.08s
[170.298s][info][gc,start       ] GC(17) Pause Young (Allocation Failure)
[170.332s][info][gc,heap        ] GC(17) DefNew: 2277243K->23391K(2516544K)
[170.332s][info][gc,heap        ] GC(17) Tenured: 114945K->114945K(5592448K)
[170.332s][info][gc,metaspace   ] GC(17) Metaspace: 52641K(54528K)->52641K(54528K) NonClass: 48490K(49664K)->48490K(49664K) Class: 4150K(4864K)->4150K(4864K)
[170.332s][info][gc             ] GC(17) Pause Young (Allocation Failure) 2336M->135M(7918M) 33.359ms
[170.332s][info][gc,cpu         ] GC(17) User=0.03s Sys=0.00s Real=0.04s
[172.520s][info][gc,start       ] GC(18) Pause Full (System.gc())
[172.520s][info][gc,phases,start] GC(18) Phase 1: Mark live objects
[172.544s][info][gc,phases      ] GC(18) Phase 1: Mark live objects 24.586ms
[172.544s][info][gc,phases,start] GC(18) Phase 2: Compute new object addresses
[172.632s][info][gc,phases      ] GC(18) Phase 2: Compute new object addresses 87.872ms
[172.632s][info][gc,phases,start] GC(18) Phase 3: Adjust pointers
[172.653s][info][gc,phases      ] GC(18) Phase 3: Adjust pointers 21.212ms
[172.654s][info][gc,phases,start] GC(18) Phase 4: Move objects
[172.655s][info][gc,phases      ] GC(18) Phase 4: Move objects 1.648ms
[172.655s][info][gc,heap        ] GC(18) DefNew: 797831K->0K(2516544K)
[172.655s][info][gc,heap        ] GC(18) Tenured: 114945K->118954K(5592448K)
[172.655s][info][gc,metaspace   ] GC(18) Metaspace: 52652K(54528K)->52652K(54528K) NonClass: 48501K(49664K)->48501K(49664K) Class: 4150K(4864K)->4150K(4864K)
[172.655s][info][gc             ] GC(18) Pause Full (System.gc()) 891M->116M(7918M) 135.963ms
[172.655s][info][gc,cpu         ] GC(18) User=0.14s Sys=0.00s Real=0.13s
[200.138s][info][gc,start       ] GC(19) Pause Young (Allocation Failure)
[200.152s][info][gc,heap        ] GC(19) DefNew: 2236928K->10913K(2516544K)
[200.152s][info][gc,heap        ] GC(19) Tenured: 118954K->118954K(5592448K)
[200.152s][info][gc,metaspace   ] GC(19) Metaspace: 52736K(54784K)->52736K(54784K) NonClass: 48585K(49920K)->48585K(49920K) Class: 4150K(4864K)->4150K(4864K)
[200.152s][info][gc             ] GC(19) Pause Young (Allocation Failure) 2300M->126M(7918M) 14.497ms
[200.152s][info][gc,cpu         ] GC(19) User=0.02s Sys=0.00s Real=0.01s
[205.048s][info][gc,start       ] GC(20) Pause Young (Allocation Failure)
[205.069s][info][gc,heap        ] GC(20) DefNew: 2247841K->15578K(2516544K)
[205.069s][info][gc,heap        ] GC(20) Tenured: 118954K->118954K(5592448K)
[205.069s][info][gc,metaspace   ] GC(20) Metaspace: 52752K(54784K)->52752K(54784K) NonClass: 48601K(49920K)->48601K(49920K) Class: 4150K(4864K)->4150K(4864K)
[205.069s][info][gc             ] GC(20) Pause Young (Allocation Failure) 2311M->131M(7918M) 21.418ms
[205.069s][info][gc,cpu         ] GC(20) User=0.02s Sys=0.00s Real=0.02s
[208.802s][info][gc,start       ] GC(21) Pause Young (Allocation Failure)
[208.828s][info][gc,heap        ] GC(21) DefNew: 2252506K->19557K(2516544K)
[208.828s][info][gc,heap        ] GC(21) Tenured: 118954K->118954K(5592448K)
[208.828s][info][gc,metaspace   ] GC(21) Metaspace: 53002K(54784K)->53002K(54784K) NonClass: 48850K(49920K)->48850K(49920K) Class: 4151K(4864K)->4151K(4864K)
[208.828s][info][gc             ] GC(21) Pause Young (Allocation Failure) 2315M->135M(7918M) 26.472ms
[208.828s][info][gc,cpu         ] GC(21) User=0.03s Sys=0.00s Real=0.02s
[211.062s][info][gc,start       ] GC(22) Pause Full (System.gc())
[211.062s][info][gc,phases,start] GC(22) Phase 1: Mark live objects
[211.086s][info][gc,phases      ] GC(22) Phase 1: Mark live objects 23.651ms
[211.086s][info][gc,phases,start] GC(22) Phase 2: Compute new object addresses
[211.166s][info][gc,phases      ] GC(22) Phase 2: Compute new object addresses 80.347ms
[211.166s][info][gc,phases,start] GC(22) Phase 3: Adjust pointers
[211.189s][info][gc,phases      ] GC(22) Phase 3: Adjust pointers 22.480ms
[211.189s][info][gc,phases,start] GC(22) Phase 4: Move objects
[211.192s][info][gc,phases      ] GC(22) Phase 4: Move objects 2.997ms
[211.192s][info][gc,heap        ] GC(22) DefNew: 824797K->0K(2516544K)
[211.192s][info][gc,heap        ] GC(22) Tenured: 118954K->20362K(5592448K)
[211.192s][info][gc,metaspace   ] GC(22) Metaspace: 53016K(55040K)->53016K(55040K) NonClass: 48863K(50176K)->48863K(50176K) Class: 4152K(4864K)->4152K(4864K)
[211.192s][info][gc             ] GC(22) Pause Full (System.gc()) 921M->19M(7918M) 130.071ms
[211.192s][info][gc,cpu         ] GC(22) User=0.11s Sys=0.02s Real=0.14s
[238.811s][info][gc,start       ] GC(23) Pause Young (Allocation Failure)
[238.826s][info][gc,heap        ] GC(23) DefNew: 2236928K->10909K(2516544K)
[238.826s][info][gc,heap        ] GC(23) Tenured: 20362K->20362K(5592448K)
[238.826s][info][gc,metaspace   ] GC(23) Metaspace: 53043K(55040K)->53043K(55040K) NonClass: 48890K(50176K)->48890K(50176K) Class: 4153K(4864K)->4153K(4864K)
[238.826s][info][gc             ] GC(23) Pause Young (Allocation Failure) 2204M->30M(7918M) 15.272ms
[238.826s][info][gc,cpu         ] GC(23) User=0.02s Sys=0.00s Real=0.02s
[243.657s][info][gc,start       ] GC(24) Pause Young (Allocation Failure)
[243.740s][info][gc,heap        ] GC(24) DefNew: 2247837K->47706K(2516544K)
[243.740s][info][gc,heap        ] GC(24) Tenured: 20362K->20362K(5592448K)
[243.740s][info][gc,metaspace   ] GC(24) Metaspace: 53051K(55040K)->53051K(55040K) NonClass: 48898K(50176K)->48898K(50176K) Class: 4153K(4864K)->4153K(4864K)
[243.740s][info][gc             ] GC(24) Pause Young (Allocation Failure) 2215M->66M(7918M) 83.040ms
[243.740s][info][gc,cpu         ] GC(24) User=0.08s Sys=0.00s Real=0.09s
[247.672s][info][gc,start       ] GC(25) Pause Young (Allocation Failure)
[247.719s][info][gc,heap        ] GC(25) DefNew: 2284634K->29373K(2516544K)
[247.719s][info][gc,heap        ] GC(25) Tenured: 20362K->20362K(5592448K)
[247.719s][info][gc,metaspace   ] GC(25) Metaspace: 53179K(55040K)->53179K(55040K) NonClass: 49026K(50176K)->49026K(50176K) Class: 4153K(4864K)->4153K(4864K)
[247.719s][info][gc             ] GC(25) Pause Young (Allocation Failure) 2250M->48M(7918M) 46.497ms
[247.719s][info][gc,cpu         ] GC(25) User=0.09s Sys=0.00s Real=0.04s
[249.743s][info][gc,start       ] GC(26) Pause Full (System.gc())
[249.743s][info][gc,phases,start] GC(26) Phase 1: Mark live objects
[249.768s][info][gc,phases      ] GC(26) Phase 1: Mark live objects 24.925ms
[249.768s][info][gc,phases,start] GC(26) Phase 2: Compute new object addresses
[249.841s][info][gc,phases      ] GC(26) Phase 2: Compute new object addresses 73.150ms
[249.841s][info][gc,phases,start] GC(26) Phase 3: Adjust pointers
[249.864s][info][gc,phases      ] GC(26) Phase 3: Adjust pointers 22.726ms
[249.864s][info][gc,phases,start] GC(26) Phase 4: Move objects
[249.865s][info][gc,phases      ] GC(26) Phase 4: Move objects 1.004ms
[249.865s][info][gc,heap        ] GC(26) DefNew: 752987K->0K(2516544K)
[249.865s][info][gc,heap        ] GC(26) Tenured: 20362K->24339K(5592448K)
[249.865s][info][gc,metaspace   ] GC(26) Metaspace: 53183K(55040K)->53183K(55040K) NonClass: 49030K(50176K)->49030K(50176K) Class: 4153K(4864K)->4153K(4864K)
[249.865s][info][gc             ] GC(26) Pause Full (System.gc()) 755M->23M(7918M) 122.395ms
[249.865s][info][gc,cpu         ] GC(26) User=0.11s Sys=0.00s Real=0.11s
[277.190s][info][gc,start       ] GC(27) Pause Young (Allocation Failure)
[277.205s][info][gc,heap        ] GC(27) DefNew: 2236928K->10877K(2516544K)
[277.205s][info][gc,heap        ] GC(27) Tenured: 24339K->24339K(5592448K)
[277.205s][info][gc,metaspace   ] GC(27) Metaspace: 53239K(55040K)->53239K(55040K) NonClass: 49085K(50176K)->49085K(50176K) Class: 4153K(4864K)->4153K(4864K)
[277.205s][info][gc             ] GC(27) Pause Young (Allocation Failure) 2208M->34M(7918M) 14.696ms
[277.205s][info][gc,cpu         ] GC(27) User=0.02s Sys=0.00s Real=0.00s
[282.162s][info][gc,start       ] GC(28) Pause Young (Allocation Failure)
[282.233s][info][gc,heap        ] GC(28) DefNew: 2247805K->40889K(2516544K)
[282.233s][info][gc,heap        ] GC(28) Tenured: 24339K->24339K(5592448K)
[282.233s][info][gc,metaspace   ] GC(28) Metaspace: 53253K(55040K)->53253K(55040K) NonClass: 49100K(50176K)->49100K(50176K) Class: 4153K(4864K)->4153K(4864K)
[282.233s][info][gc             ] GC(28) Pause Young (Allocation Failure) 2218M->63M(7918M) 71.617ms
[282.233s][info][gc,cpu         ] GC(28) User=0.08s Sys=0.00s Real=0.06s
[285.608s][info][gc,start       ] GC(29) Pause Young (Allocation Failure)
[285.617s][info][gc,heap        ] GC(29) DefNew: 2277817K->6664K(2516544K)
[285.617s][info][gc,heap        ] GC(29) Tenured: 24339K->24339K(5592448K)
[285.617s][info][gc,metaspace   ] GC(29) Metaspace: 53347K(55296K)->53347K(55296K) NonClass: 49193K(50432K)->49193K(50432K) Class: 4153K(4864K)->4153K(4864K)
[285.617s][info][gc             ] GC(29) Pause Young (Allocation Failure) 2248M->30M(7918M) 8.833ms
[285.617s][info][gc,cpu         ] GC(29) User=0.00s Sys=0.00s Real=0.01s
[288.387s][info][gc,start       ] GC(30) Pause Full (System.gc())
[288.387s][info][gc,phases,start] GC(30) Phase 1: Mark live objects
[288.412s][info][gc,phases      ] GC(30) Phase 1: Mark live objects 24.727ms
[288.412s][info][gc,phases,start] GC(30) Phase 2: Compute new object addresses
[288.500s][info][gc,phases      ] GC(30) Phase 2: Compute new object addresses 88.347ms
[288.500s][info][gc,phases,start] GC(30) Phase 3: Adjust pointers
[288.523s][info][gc,phases      ] GC(30) Phase 3: Adjust pointers 22.810ms
[288.523s][info][gc,phases,start] GC(30) Phase 4: Move objects
[288.524s][info][gc,phases      ] GC(30) Phase 4: Move objects 1.076ms
[288.525s][info][gc,heap        ] GC(30) DefNew: 920910K->0K(2516544K)
[288.525s][info][gc,heap        ] GC(30) Tenured: 24339K->28305K(5592448K)
[288.525s][info][gc,metaspace   ] GC(30) Metaspace: 53385K(55296K)->53385K(55296K) NonClass: 49232K(50432K)->49232K(50432K) Class: 4153K(4864K)->4153K(4864K)
[288.525s][info][gc             ] GC(30) Pause Full (System.gc()) 923M->27M(7918M) 137.593ms
[288.525s][info][gc,cpu         ] GC(30) User=0.14s Sys=0.00s Real=0.13s
[315.808s][info][gc,start       ] GC(31) Pause Young (Allocation Failure)
[315.824s][info][gc,heap        ] GC(31) DefNew: 2236928K->13848K(2516544K)
[315.824s][info][gc,heap        ] GC(31) Tenured: 28305K->28305K(5592448K)
[315.824s][info][gc,metaspace   ] GC(31) Metaspace: 53429K(55296K)->53429K(55296K) NonClass: 49275K(50432K)->49275K(50432K) Class: 4154K(4864K)->4154K(4864K)
[315.824s][info][gc             ] GC(31) Pause Young (Allocation Failure) 2212M->41M(7918M) 16.337ms
[315.824s][info][gc,cpu         ] GC(31) User=0.02s Sys=0.00s Real=0.01s
[320.767s][info][gc,start       ] GC(32) Pause Young (Allocation Failure)
[320.845s][info][gc,heap        ] GC(32) DefNew: 2250776K->44398K(2516544K)
[320.845s][info][gc,heap        ] GC(32) Tenured: 28305K->28305K(5592448K)
[320.845s][info][gc,metaspace   ] GC(32) Metaspace: 53445K(55296K)->53445K(55296K) NonClass: 49290K(50432K)->49290K(50432K) Class: 4154K(4864K)->4154K(4864K)
[320.845s][info][gc             ] GC(32) Pause Young (Allocation Failure) 2225M->70M(7918M) 78.501ms
[320.845s][info][gc,cpu         ] GC(32) User=0.08s Sys=0.00s Real=0.08s
[323.999s][info][gc,start       ] GC(33) Pause Young (Allocation Failure)
[324.009s][info][gc,heap        ] GC(33) DefNew: 2281326K->9512K(2516544K)
[324.009s][info][gc,heap        ] GC(33) Tenured: 28305K->28305K(5592448K)
[324.009s][info][gc,metaspace   ] GC(33) Metaspace: 53489K(55296K)->53489K(55296K) NonClass: 49335K(50432K)->49335K(50432K) Class: 4154K(4864K)->4154K(4864K)
[324.009s][info][gc             ] GC(33) Pause Young (Allocation Failure) 2255M->36M(7918M) 10.576ms
[324.009s][info][gc,cpu         ] GC(33) User=0.02s Sys=0.00s Real=0.02s
[326.792s][info][gc,start       ] GC(34) Pause Full (System.gc())
[326.793s][info][gc,phases,start] GC(34) Phase 1: Mark live objects
[326.819s][info][gc,phases      ] GC(34) Phase 1: Mark live objects 26.720ms
[326.819s][info][gc,phases,start] GC(34) Phase 2: Compute new object addresses
[326.909s][info][gc,phases      ] GC(34) Phase 2: Compute new object addresses 89.334ms
[326.909s][info][gc,phases,start] GC(34) Phase 3: Adjust pointers
[326.932s][info][gc,phases      ] GC(34) Phase 3: Adjust pointers 23.626ms
[326.932s][info][gc,phases,start] GC(34) Phase 4: Move objects
[326.934s][info][gc,phases      ] GC(34) Phase 4: Move objects 1.160ms
[326.934s][info][gc,heap        ] GC(34) DefNew: 932769K->0K(2516544K)
[326.934s][info][gc,heap        ] GC(34) Tenured: 28305K->32250K(5592448K)
[326.934s][info][gc,metaspace   ] GC(34) Metaspace: 53504K(55296K)->53504K(55296K) NonClass: 49348K(50432K)->49348K(50432K) Class: 4155K(4864K)->4155K(4864K)
[326.934s][info][gc             ] GC(34) Pause Full (System.gc()) 938M->31M(7918M) 141.471ms
[326.934s][info][gc,cpu         ] GC(34) User=0.14s Sys=0.00s Real=0.16s
[354.169s][info][gc,start       ] GC(35) Pause Young (Allocation Failure)
[354.184s][info][gc,heap        ] GC(35) DefNew: 2236928K->10829K(2516544K)
[354.184s][info][gc,heap        ] GC(35) Tenured: 32250K->32250K(5592448K)
[354.184s][info][gc,metaspace   ] GC(35) Metaspace: 53514K(55296K)->53514K(55296K) NonClass: 49359K(50432K)->49359K(50432K) Class: 4155K(4864K)->4155K(4864K)
[354.184s][info][gc             ] GC(35) Pause Young (Allocation Failure) 2215M->42M(7918M) 14.507ms
[354.184s][info][gc,cpu         ] GC(35) User=0.02s Sys=0.00s Real=0.02s
[359.186s][info][gc,start       ] GC(36) Pause Young (Allocation Failure)
[359.260s][info][gc,heap        ] GC(36) DefNew: 2246533K->40896K(2516544K)
[359.260s][info][gc,heap        ] GC(36) Tenured: 32250K->32250K(5592448K)
[359.260s][info][gc,metaspace   ] GC(36) Metaspace: 53526K(55296K)->53526K(55296K) NonClass: 49371K(50432K)->49371K(50432K) Class: 4155K(4864K)->4155K(4864K)
[359.260s][info][gc             ] GC(36) Pause Young (Allocation Failure) 2225M->71M(7918M) 73.182ms
[359.260s][info][gc,cpu         ] GC(36) User=0.08s Sys=0.00s Real=0.07s
[363.115s][info][gc,start       ] GC(37) Pause Young (Allocation Failure)
[363.156s][info][gc,heap        ] GC(37) DefNew: 2277824K->27614K(2516544K)
[363.156s][info][gc,heap        ] GC(37) Tenured: 32250K->32250K(5592448K)
[363.156s][info][gc,metaspace   ] GC(37) Metaspace: 53566K(55296K)->53566K(55296K) NonClass: 49411K(50432K)->49411K(50432K) Class: 4155K(4864K)->4155K(4864K)
[363.156s][info][gc             ] GC(37) Pause Young (Allocation Failure) 2255M->58M(7918M) 41.438ms
[363.156s][info][gc,cpu         ] GC(37) User=0.05s Sys=0.00s Real=0.05s
[365.241s][info][gc,start       ] GC(38) Pause Full (System.gc())
[365.241s][info][gc,phases,start] GC(38) Phase 1: Mark live objects
[365.265s][info][gc,phases      ] GC(38) Phase 1: Mark live objects 23.975ms
[365.265s][info][gc,phases,start] GC(38) Phase 2: Compute new object addresses
[365.340s][info][gc,phases      ] GC(38) Phase 2: Compute new object addresses 74.505ms
[365.340s][info][gc,phases,start] GC(38) Phase 3: Adjust pointers
[365.363s][info][gc,phases      ] GC(38) Phase 3: Adjust pointers 22.928ms
[365.363s][info][gc,phases,start] GC(38) Phase 4: Move objects
[365.365s][info][gc,phases      ] GC(38) Phase 4: Move objects 2.537ms
[365.366s][info][gc,heap        ] GC(38) DefNew: 764500K->0K(2516544K)
[365.366s][info][gc,heap        ] GC(38) Tenured: 32250K->20578K(5592448K)
[365.366s][info][gc,metaspace   ] GC(38) Metaspace: 53573K(55296K)->53573K(55296K) NonClass: 49418K(50432K)->49418K(50432K) Class: 4155K(4864K)->4155K(4864K)
[365.366s][info][gc             ] GC(38) Pause Full (System.gc()) 778M->20M(7918M) 124.545ms
[365.366s][info][gc,cpu         ] GC(38) User=0.12s Sys=0.00s Real=0.13s
[393.088s][info][gc,start       ] GC(39) Pause Young (Allocation Failure)
[393.103s][info][gc,heap        ] GC(39) DefNew: 2236928K->10995K(2516544K)
[393.103s][info][gc,heap        ] GC(39) Tenured: 20578K->20578K(5592448K)
[393.103s][info][gc,metaspace   ] GC(39) Metaspace: 53585K(55296K)->53585K(55296K) NonClass: 49430K(50432K)->49430K(50432K) Class: 4155K(4864K)->4155K(4864K)
[393.103s][info][gc             ] GC(39) Pause Young (Allocation Failure) 2204M->30M(7918M) 15.281ms
[393.103s][info][gc,cpu         ] GC(39) User=0.02s Sys=0.00s Real=0.02s
[397.994s][info][gc,start       ] GC(40) Pause Young (Allocation Failure)
[398.019s][info][gc,heap        ] GC(40) DefNew: 2247923K->18153K(2516544K)
[398.019s][info][gc,heap        ] GC(40) Tenured: 20578K->20578K(5592448K)
[398.019s][info][gc,metaspace   ] GC(40) Metaspace: 53592K(55296K)->53592K(55296K) NonClass: 49437K(50432K)->49437K(50432K) Class: 4155K(4864K)->4155K(4864K)
[398.019s][info][gc             ] GC(40) Pause Young (Allocation Failure) 2215M->37M(7918M) 25.219ms
[398.019s][info][gc,cpu         ] GC(40) User=0.02s Sys=0.00s Real=0.03s
[401.604s][info][gc,start       ] GC(41) Pause Young (Allocation Failure)
[401.653s][info][gc,heap        ] GC(41) DefNew: 2255081K->32571K(2516544K)
[401.653s][info][gc,heap        ] GC(41) Tenured: 20578K->20578K(5592448K)
[401.653s][info][gc,metaspace   ] GC(41) Metaspace: 53644K(55552K)->53644K(55552K) NonClass: 49489K(50688K)->49489K(50688K) Class: 4155K(4864K)->4155K(4864K)
[401.653s][info][gc             ] GC(41) Pause Young (Allocation Failure) 2222M->51M(7918M) 49.548ms
[401.653s][info][gc,cpu         ] GC(41) User=0.05s Sys=0.00s Real=0.05s
[403.786s][info][gc,heap,exit   ] Heap
[403.786s][info][gc,heap,exit   ]  def new generation   total 2516544K, used 888715K [0x0000000600000000, 0x00000006aaaa0000, 0x00000006aaaa0000)
[403.786s][info][gc,heap,exit   ]   eden space 2236928K,  38% used [0x0000000600000000, 0x0000000634414218, 0x0000000688880000)
[403.786s][info][gc,heap,exit   ]   from space 279616K,  11% used [0x0000000688880000, 0x000000068a84edd8, 0x0000000699990000)
[403.786s][info][gc,heap,exit   ]   to   space 279616K,   0% used [0x0000000699990000, 0x0000000699990000, 0x00000006aaaa0000)
[403.786s][info][gc,heap,exit   ]  tenured generation   total 5592448K, used 20578K [0x00000006aaaa0000, 0x0000000800000000, 0x0000000800000000)
[403.786s][info][gc,heap,exit   ]    the space 5592448K,   0% used [0x00000006aaaa0000, 0x00000006abeb8930, 0x00000006abeb8a00, 0x0000000800000000)
[403.786s][info][gc,heap,exit   ]  Metaspace       used 53986K, capacity 55551K, committed 55808K, reserved 1099776K
[403.787s][info][gc,heap,exit   ]   class space    used 4197K, capacity 4789K, committed 4864K, reserved 1048576K
