[0.009s][info][gc,init] CardTable entry size: 512
[0.009s][info][gc     ] Using Serial
[0.016s][info][gc,init] Version: 21.0.4+7-adhoc.Administrator.jdk21u (release)
[0.016s][info][gc,init] CPUs: 6 total, 6 available
[0.016s][info][gc,init] Memory: 15591M
[0.016s][info][gc,init] Large Page Support: Disabled
[0.016s][info][gc,init] NUMA Support: Disabled
[0.016s][info][gc,init] Compressed Oops: Enabled (Zero based)
[0.016s][info][gc,init] Heap Min Capacity: 4G
[0.016s][info][gc,init] Heap Initial Capacity: 4G
[0.016s][info][gc,init] Heap Max Capacity: 4G
[0.016s][info][gc,init] Pre-touch: Disabled
[0.025s][info][gc,metaspace] CDS archive(s) mapped at: [0x0000020e00000000-0x0000020e00c90000-0x0000020e00c90000), size 13172736, SharedBaseAddress: 0x0000020e00000000, ArchiveRelocationMode: 1.
[0.025s][info][gc,metaspace] Compressed class space mapped at: 0x0000020e01000000-0x0000020e41000000, reserved size: 1073741824
[0.025s][info][gc,metaspace] Narrow klass base: 0x0000020e00000000, Narrow klass shift: 0, Narrow klass range: 0x100000000
[1.333s][info][gc,start    ] GC(0) Pause Full (System.gc())
[1.333s][info][gc,phases,start] GC(0) Phase 1: Mark live objects
[1.418s][info][gc,phases      ] GC(0) Phase 1: Mark live objects 84.453ms
[1.418s][info][gc,phases,start] GC(0) Phase 2: Compute new object addresses
[1.477s][info][gc,phases      ] GC(0) Phase 2: Compute new object addresses 59.341ms
[1.477s][info][gc,phases,start] GC(0) Phase 3: Adjust pointers
[1.572s][info][gc,phases      ] GC(0) Phase 3: Adjust pointers 94.869ms
[1.572s][info][gc,phases,start] GC(0) Phase 4: Move objects
[1.653s][info][gc,phases      ] GC(0) Phase 4: Move objects 80.803ms
[1.654s][info][gc,heap        ] GC(0) DefNew: 559299K(1258304K)->0K(1258304K) Eden: 559299K(1118528K)->0K(1118528K) From: 0K(139776K)->0K(139776K)
[1.654s][info][gc,heap        ] GC(0) Tenured: 0K(2796224K)->75842K(2796224K)
[1.654s][info][gc,metaspace   ] GC(0) Metaspace: 10541K(10752K)->10541K(10752K) NonClass: 9244K(9344K)->9244K(9344K) Class: 1296K(1408K)->1296K(1408K)
[1.654s][info][gc             ] GC(0) Pause Full (System.gc()) 546M->74M(3959M) 320.708ms
[1.654s][info][gc,cpu         ] GC(0) User=0.28s Sys=0.02s Real=0.32s
[2.077s][info][gc,start       ] GC(1) Pause Young (Allocation Failure)
[2.153s][info][gc,heap        ] GC(1) DefNew: 1118528K(1258304K)->17628K(1258304K) Eden: 1118528K(1118528K)->0K(1118528K) From: 0K(139776K)->17628K(139776K)
[2.153s][info][gc,heap        ] GC(1) Tenured: 75842K(2796224K)->75842K(2796224K)
[2.153s][info][gc,metaspace   ] GC(1) Metaspace: 10964K(11200K)->10964K(11200K) NonClass: 9586K(9728K)->9586K(9728K) Class: 1377K(1472K)->1377K(1472K)
[2.153s][info][gc             ] GC(1) Pause Young (Allocation Failure) 1166M->91M(3959M) 75.674ms
[2.153s][info][gc,cpu         ] GC(1) User=0.06s Sys=0.00s Real=0.08s
[2.254s][info][gc,start       ] GC(2) Pause Full (System.gc())
[2.254s][info][gc,phases,start] GC(2) Phase 1: Mark live objects
[2.322s][info][gc,phases      ] GC(2) Phase 1: Mark live objects 67.665ms
[2.322s][info][gc,phases,start] GC(2) Phase 2: Compute new object addresses
[2.455s][info][gc,phases      ] GC(2) Phase 2: Compute new object addresses 133.354ms
[2.455s][info][gc,phases,start] GC(2) Phase 3: Adjust pointers
[2.482s][info][gc,phases      ] GC(2) Phase 3: Adjust pointers 26.843ms
[2.482s][info][gc,phases,start] GC(2) Phase 4: Move objects
[2.482s][info][gc,phases      ] GC(2) Phase 4: Move objects 0.068ms
[2.482s][info][gc,heap        ] GC(2) DefNew: 888904K(1258304K)->0K(1258304K) Eden: 871276K(1118528K)->0K(1118528K) From: 17628K(139776K)->0K(139776K)
[2.482s][info][gc,heap        ] GC(2) Tenured: 75842K(2796224K)->75948K(2796224K)
[2.482s][info][gc,metaspace   ] GC(2) Metaspace: 11066K(11328K)->11049K(11328K) NonClass: 9666K(9856K)->9654K(9856K) Class: 1399K(1472K)->1394K(1472K)
[2.482s][info][gc             ] GC(2) Pause Full (System.gc()) 942M->74M(3959M) 228.353ms
[2.482s][info][gc,cpu         ] GC(2) User=0.22s Sys=0.00s Real=0.24s
[2.606s][info][gc,start       ] GC(3) Pause Young (Allocation Failure)
[2.684s][info][gc,heap        ] GC(3) DefNew: 1118528K(1258304K)->18294K(1258304K) Eden: 1118528K(1118528K)->0K(1118528K) From: 0K(139776K)->18294K(139776K)
[2.684s][info][gc,heap        ] GC(3) Tenured: 75948K(2796224K)->75948K(2796224K)
[2.684s][info][gc,metaspace   ] GC(3) Metaspace: 11049K(11328K)->11049K(11328K) NonClass: 9654K(9856K)->9654K(9856K) Class: 1394K(1472K)->1394K(1472K)
[2.684s][info][gc             ] GC(3) Pause Young (Allocation Failure) 1166M->92M(3959M) 78.012ms
[2.684s][info][gc,cpu         ] GC(3) User=0.08s Sys=0.00s Real=0.08s
[2.775s][info][gc,start       ] GC(4) Pause Full (System.gc())
[2.775s][info][gc,phases,start] GC(4) Phase 1: Mark live objects
[2.841s][info][gc,phases      ] GC(4) Phase 1: Mark live objects 66.074ms
[2.841s][info][gc,phases,start] GC(4) Phase 2: Compute new object addresses
[2.969s][info][gc,phases      ] GC(4) Phase 2: Compute new object addresses 128.177ms
[2.969s][info][gc,phases,start] GC(4) Phase 3: Adjust pointers
[2.996s][info][gc,phases      ] GC(4) Phase 3: Adjust pointers 27.088ms
[2.996s][info][gc,phases,start] GC(4) Phase 4: Move objects
[2.996s][info][gc,phases      ] GC(4) Phase 4: Move objects 0.008ms
[2.996s][info][gc,heap        ] GC(4) DefNew: 827010K(1258304K)->0K(1258304K) Eden: 808716K(1118528K)->0K(1118528K) From: 18294K(139776K)->0K(139776K)
[2.996s][info][gc,heap        ] GC(4) Tenured: 75948K(2796224K)->75948K(2796224K)
[2.996s][info][gc,metaspace   ] GC(4) Metaspace: 11051K(11328K)->11051K(11328K) NonClass: 9656K(9856K)->9656K(9856K) Class: 1394K(1472K)->1394K(1472K)
[2.996s][info][gc             ] GC(4) Pause Full (System.gc()) 881M->74M(3959M) 221.689ms
[2.996s][info][gc,cpu         ] GC(4) User=0.22s Sys=0.00s Real=0.22s
[3.112s][info][gc,start       ] GC(5) Pause Young (Allocation Failure)
[3.189s][info][gc,heap        ] GC(5) DefNew: 1118528K(1258304K)->18784K(1258304K) Eden: 1118528K(1118528K)->0K(1118528K) From: 0K(139776K)->18784K(139776K)
[3.189s][info][gc,heap        ] GC(5) Tenured: 75948K(2796224K)->75948K(2796224K)
[3.189s][info][gc,metaspace   ] GC(5) Metaspace: 11052K(11328K)->11052K(11328K) NonClass: 9657K(9856K)->9657K(9856K) Class: 1394K(1472K)->1394K(1472K)
[3.189s][info][gc             ] GC(5) Pause Young (Allocation Failure) 1166M->92M(3959M) 76.528ms
[3.189s][info][gc,cpu         ] GC(5) User=0.08s Sys=0.00s Real=0.08s
[3.279s][info][gc,start       ] GC(6) Pause Full (System.gc())
[3.280s][info][gc,phases,start] GC(6) Phase 1: Mark live objects
[3.345s][info][gc,phases      ] GC(6) Phase 1: Mark live objects 64.973ms
[3.345s][info][gc,phases,start] GC(6) Phase 2: Compute new object addresses
[3.472s][info][gc,phases      ] GC(6) Phase 2: Compute new object addresses 127.782ms
[3.472s][info][gc,phases,start] GC(6) Phase 3: Adjust pointers
[3.501s][info][gc,phases      ] GC(6) Phase 3: Adjust pointers 28.168ms
[3.501s][info][gc,phases,start] GC(6) Phase 4: Move objects
[3.518s][info][gc,phases      ] GC(6) Phase 4: Move objects 17.471ms
[3.518s][info][gc,heap        ] GC(6) DefNew: 826247K(1258304K)->0K(1258304K) Eden: 807463K(1118528K)->0K(1118528K) From: 18784K(139776K)->0K(139776K)
[3.518s][info][gc,heap        ] GC(6) Tenured: 75948K(2796224K)->75912K(2796224K)
[3.518s][info][gc,metaspace   ] GC(6) Metaspace: 11055K(11328K)->11055K(11328K) NonClass: 9660K(9856K)->9660K(9856K) Class: 1394K(1472K)->1394K(1472K)
[3.518s][info][gc             ] GC(6) Pause Full (System.gc()) 881M->74M(3959M) 238.768ms
[3.518s][info][gc,cpu         ] GC(6) User=0.23s Sys=0.00s Real=0.24s
[3.638s][info][gc,start       ] GC(7) Pause Young (Allocation Failure)
[3.713s][info][gc,heap        ] GC(7) DefNew: 1118528K(1258304K)->18337K(1258304K) Eden: 1118528K(1118528K)->0K(1118528K) From: 0K(139776K)->18337K(139776K)
[3.713s][info][gc,heap        ] GC(7) Tenured: 75912K(2796224K)->75912K(2796224K)
[3.713s][info][gc,metaspace   ] GC(7) Metaspace: 11055K(11328K)->11055K(11328K) NonClass: 9660K(9856K)->9660K(9856K) Class: 1394K(1472K)->1394K(1472K)
[3.713s][info][gc             ] GC(7) Pause Young (Allocation Failure) 1166M->92M(3959M) 74.763ms
[3.713s][info][gc,cpu         ] GC(7) User=0.06s Sys=0.00s Real=0.06s
[3.802s][info][gc,start       ] GC(8) Pause Full (System.gc())
[3.802s][info][gc,phases,start] GC(8) Phase 1: Mark live objects
[3.867s][info][gc,phases      ] GC(8) Phase 1: Mark live objects 64.710ms
[3.867s][info][gc,phases,start] GC(8) Phase 2: Compute new object addresses
[3.994s][info][gc,phases      ] GC(8) Phase 2: Compute new object addresses 127.269ms
[3.994s][info][gc,phases,start] GC(8) Phase 3: Adjust pointers
[4.021s][info][gc,phases      ] GC(8) Phase 3: Adjust pointers 26.951ms
[4.021s][info][gc,phases,start] GC(8) Phase 4: Move objects
[4.021s][info][gc,phases      ] GC(8) Phase 4: Move objects 0.009ms
[4.021s][info][gc,heap        ] GC(8) DefNew: 819792K(1258304K)->0K(1258304K) Eden: 801455K(1118528K)->0K(1118528K) From: 18337K(139776K)->0K(139776K)
[4.021s][info][gc,heap        ] GC(8) Tenured: 75912K(2796224K)->75913K(2796224K)
[4.021s][info][gc,metaspace   ] GC(8) Metaspace: 11057K(11328K)->11057K(11328K) NonClass: 9662K(9856K)->9662K(9856K) Class: 1394K(1472K)->1394K(1472K)
[4.021s][info][gc             ] GC(8) Pause Full (System.gc()) 874M->74M(3959M) 219.248ms
[4.021s][info][gc,cpu         ] GC(8) User=0.22s Sys=0.00s Real=0.22s
[4.139s][info][gc,start       ] GC(9) Pause Young (Allocation Failure)
[4.213s][info][gc,heap        ] GC(9) DefNew: 1118528K(1258304K)->18322K(1258304K) Eden: 1118528K(1118528K)->0K(1118528K) From: 0K(139776K)->18322K(139776K)
[4.213s][info][gc,heap        ] GC(9) Tenured: 75913K(2796224K)->75913K(2796224K)
[4.213s][info][gc,metaspace   ] GC(9) Metaspace: 11061K(11328K)->11061K(11328K) NonClass: 9666K(9856K)->9666K(9856K) Class: 1394K(1472K)->1394K(1472K)
[4.213s][info][gc             ] GC(9) Pause Young (Allocation Failure) 1166M->92M(3959M) 74.142ms
[4.213s][info][gc,cpu         ] GC(9) User=0.08s Sys=0.00s Real=0.08s
[4.300s][info][gc,start       ] GC(10) Pause Full (System.gc())
[4.300s][info][gc,phases,start] GC(10) Phase 1: Mark live objects
[4.364s][info][gc,phases      ] GC(10) Phase 1: Mark live objects 64.031ms
[4.364s][info][gc,phases,start] GC(10) Phase 2: Compute new object addresses
[4.491s][info][gc,phases      ] GC(10) Phase 2: Compute new object addresses 126.837ms
[4.491s][info][gc,phases,start] GC(10) Phase 3: Adjust pointers
[4.519s][info][gc,phases      ] GC(10) Phase 3: Adjust pointers 28.191ms
[4.519s][info][gc,phases,start] GC(10) Phase 4: Move objects
[4.519s][info][gc,phases      ] GC(10) Phase 4: Move objects 0.009ms
[4.519s][info][gc,heap        ] GC(10) DefNew: 815150K(1258304K)->0K(1258304K) Eden: 796827K(1118528K)->0K(1118528K) From: 18322K(139776K)->0K(139776K)
[4.519s][info][gc,heap        ] GC(10) Tenured: 75913K(2796224K)->75913K(2796224K)
[4.519s][info][gc,metaspace   ] GC(10) Metaspace: 11061K(11328K)->11061K(11328K) NonClass: 9666K(9856K)->9666K(9856K) Class: 1394K(1472K)->1394K(1472K)
[4.519s][info][gc             ] GC(10) Pause Full (System.gc()) 870M->74M(3959M) 219.356ms
[4.519s][info][gc,cpu         ] GC(10) User=0.20s Sys=0.00s Real=0.22s
[4.635s][info][gc,start       ] GC(11) Pause Young (Allocation Failure)
[4.709s][info][gc,heap        ] GC(11) DefNew: 1118528K(1258304K)->18417K(1258304K) Eden: 1118528K(1118528K)->0K(1118528K) From: 0K(139776K)->18417K(139776K)
[4.710s][info][gc,heap        ] GC(11) Tenured: 75913K(2796224K)->75913K(2796224K)
[4.710s][info][gc,metaspace   ] GC(11) Metaspace: 11061K(11328K)->11061K(11328K) NonClass: 9666K(9856K)->9666K(9856K) Class: 1394K(1472K)->1394K(1472K)
[4.710s][info][gc             ] GC(11) Pause Young (Allocation Failure) 1166M->92M(3959M) 74.455ms
[4.710s][info][gc,cpu         ] GC(11) User=0.08s Sys=0.00s Real=0.08s
[4.799s][info][gc,start       ] GC(12) Pause Full (System.gc())
[4.799s][info][gc,phases,start] GC(12) Phase 1: Mark live objects
[4.864s][info][gc,phases      ] GC(12) Phase 1: Mark live objects 64.608ms
[4.864s][info][gc,phases,start] GC(12) Phase 2: Compute new object addresses
[4.991s][info][gc,phases      ] GC(12) Phase 2: Compute new object addresses 126.472ms
[4.991s][info][gc,phases,start] GC(12) Phase 3: Adjust pointers
[5.018s][info][gc,phases      ] GC(12) Phase 3: Adjust pointers 26.941ms
[5.018s][info][gc,phases,start] GC(12) Phase 4: Move objects
[5.018s][info][gc,phases      ] GC(12) Phase 4: Move objects 0.010ms
[5.018s][info][gc,heap        ] GC(12) DefNew: 810827K(1258304K)->0K(1258304K) Eden: 792410K(1118528K)->0K(1118528K) From: 18417K(139776K)->0K(139776K)
[5.018s][info][gc,heap        ] GC(12) Tenured: 75913K(2796224K)->75913K(2796224K)
[5.018s][info][gc,metaspace   ] GC(12) Metaspace: 11061K(11328K)->11061K(11328K) NonClass: 9666K(9856K)->9666K(9856K) Class: 1394K(1472K)->1394K(1472K)
[5.018s][info][gc             ] GC(12) Pause Full (System.gc()) 865M->74M(3959M) 218.351ms
[5.018s][info][gc,cpu         ] GC(12) User=0.20s Sys=0.00s Real=0.22s
[5.134s][info][gc,start       ] GC(13) Pause Young (Allocation Failure)
[5.208s][info][gc,heap        ] GC(13) DefNew: 1118528K(1258304K)->18211K(1258304K) Eden: 1118528K(1118528K)->0K(1118528K) From: 0K(139776K)->18211K(139776K)
[5.208s][info][gc,heap        ] GC(13) Tenured: 75913K(2796224K)->75913K(2796224K)
[5.208s][info][gc,metaspace   ] GC(13) Metaspace: 11064K(11328K)->11064K(11328K) NonClass: 9669K(9856K)->9669K(9856K) Class: 1394K(1472K)->1394K(1472K)
[5.208s][info][gc             ] GC(13) Pause Young (Allocation Failure) 1166M->91M(3959M) 74.045ms
[5.208s][info][gc,cpu         ] GC(13) User=0.08s Sys=0.00s Real=0.06s
[5.296s][info][gc,start       ] GC(14) Pause Full (System.gc())
[5.296s][info][gc,phases,start] GC(14) Phase 1: Mark live objects
[5.361s][info][gc,phases      ] GC(14) Phase 1: Mark live objects 64.342ms
[5.361s][info][gc,phases,start] GC(14) Phase 2: Compute new object addresses
[5.487s][info][gc,phases      ] GC(14) Phase 2: Compute new object addresses 126.836ms
[5.487s][info][gc,phases,start] GC(14) Phase 3: Adjust pointers
[5.515s][info][gc,phases      ] GC(14) Phase 3: Adjust pointers 27.507ms
[5.515s][info][gc,phases,start] GC(14) Phase 4: Move objects
[5.515s][info][gc,phases      ] GC(14) Phase 4: Move objects 0.009ms
[5.515s][info][gc,heap        ] GC(14) DefNew: 813618K(1258304K)->0K(1258304K) Eden: 795406K(1118528K)->0K(1118528K) From: 18211K(139776K)->0K(139776K)
[5.515s][info][gc,heap        ] GC(14) Tenured: 75913K(2796224K)->75913K(2796224K)
[5.515s][info][gc,metaspace   ] GC(14) Metaspace: 11066K(11328K)->11066K(11328K) NonClass: 9671K(9856K)->9671K(9856K) Class: 1394K(1472K)->1394K(1472K)
[5.515s][info][gc             ] GC(14) Pause Full (System.gc()) 868M->74M(3959M) 219.000ms
[5.515s][info][gc,cpu         ] GC(14) User=0.20s Sys=0.00s Real=0.22s
[5.634s][info][gc,start       ] GC(15) Pause Young (Allocation Failure)
[5.709s][info][gc,heap        ] GC(15) DefNew: 1118528K(1258304K)->18408K(1258304K) Eden: 1118528K(1118528K)->0K(1118528K) From: 0K(139776K)->18408K(139776K)
[5.709s][info][gc,heap        ] GC(15) Tenured: 75913K(2796224K)->75913K(2796224K)
[5.709s][info][gc,metaspace   ] GC(15) Metaspace: 11067K(11328K)->11067K(11328K) NonClass: 9672K(9856K)->9672K(9856K) Class: 1394K(1472K)->1394K(1472K)
[5.709s][info][gc             ] GC(15) Pause Young (Allocation Failure) 1166M->92M(3959M) 74.998ms
[5.709s][info][gc,cpu         ] GC(15) User=0.08s Sys=0.00s Real=0.06s
[5.796s][info][gc,start       ] GC(16) Pause Full (System.gc())
[5.796s][info][gc,phases,start] GC(16) Phase 1: Mark live objects
[5.861s][info][gc,phases      ] GC(16) Phase 1: Mark live objects 64.837ms
[5.861s][info][gc,phases,start] GC(16) Phase 2: Compute new object addresses
[5.988s][info][gc,phases      ] GC(16) Phase 2: Compute new object addresses 127.242ms
[5.988s][info][gc,phases,start] GC(16) Phase 3: Adjust pointers
[6.015s][info][gc,phases      ] GC(16) Phase 3: Adjust pointers 26.800ms
[6.015s][info][gc,phases,start] GC(16) Phase 4: Move objects
[6.015s][info][gc,phases      ] GC(16) Phase 4: Move objects 0.008ms
[6.015s][info][gc,heap        ] GC(16) DefNew: 815624K(1258304K)->0K(1258304K) Eden: 797216K(1118528K)->0K(1118528K) From: 18408K(139776K)->0K(139776K)
[6.015s][info][gc,heap        ] GC(16) Tenured: 75913K(2796224K)->75913K(2796224K)
[6.015s][info][gc,metaspace   ] GC(16) Metaspace: 11073K(11328K)->11073K(11328K) NonClass: 9678K(9856K)->9678K(9856K) Class: 1394K(1472K)->1394K(1472K)
[6.015s][info][gc             ] GC(16) Pause Full (System.gc()) 870M->74M(3959M) 219.304ms
[6.015s][info][gc,cpu         ] GC(16) User=0.20s Sys=0.00s Real=0.22s
[6.132s][info][gc,start       ] GC(17) Pause Young (Allocation Failure)
[6.207s][info][gc,heap        ] GC(17) DefNew: 1118528K(1258304K)->18267K(1258304K) Eden: 1118528K(1118528K)->0K(1118528K) From: 0K(139776K)->18267K(139776K)
[6.207s][info][gc,heap        ] GC(17) Tenured: 75913K(2796224K)->75913K(2796224K)
[6.207s][info][gc,metaspace   ] GC(17) Metaspace: 11078K(11328K)->11078K(11328K) NonClass: 9683K(9856K)->9683K(9856K) Class: 1394K(1472K)->1394K(1472K)
[6.207s][info][gc             ] GC(17) Pause Young (Allocation Failure) 1166M->91M(3959M) 75.174ms
[6.207s][info][gc,cpu         ] GC(17) User=0.08s Sys=0.00s Real=0.08s
[6.297s][info][gc,start       ] GC(18) Pause Full (System.gc())
[6.297s][info][gc,phases,start] GC(18) Phase 1: Mark live objects
[6.361s][info][gc,phases      ] GC(18) Phase 1: Mark live objects 63.823ms
[6.361s][info][gc,phases,start] GC(18) Phase 2: Compute new object addresses
[6.488s][info][gc,phases      ] GC(18) Phase 2: Compute new object addresses 127.710ms
[6.489s][info][gc,phases,start] GC(18) Phase 3: Adjust pointers
[6.516s][info][gc,phases      ] GC(18) Phase 3: Adjust pointers 27.331ms
[6.516s][info][gc,phases,start] GC(18) Phase 4: Move objects
[6.516s][info][gc,phases      ] GC(18) Phase 4: Move objects 0.009ms
[6.516s][info][gc,heap        ] GC(18) DefNew: 814537K(1258304K)->0K(1258304K) Eden: 796269K(1118528K)->0K(1118528K) From: 18267K(139776K)->0K(139776K)
[6.516s][info][gc,heap        ] GC(18) Tenured: 75913K(2796224K)->75913K(2796224K)
[6.516s][info][gc,metaspace   ] GC(18) Metaspace: 11090K(11328K)->11090K(11328K) NonClass: 9695K(9856K)->9695K(9856K) Class: 1394K(1472K)->1394K(1472K)
[6.516s][info][gc             ] GC(18) Pause Full (System.gc()) 869M->74M(3959M) 219.194ms
[6.516s][info][gc,cpu         ] GC(18) User=0.20s Sys=0.00s Real=0.22s
[6.633s][info][gc,start       ] GC(19) Pause Young (Allocation Failure)
[6.708s][info][gc,heap        ] GC(19) DefNew: 1118528K(1258304K)->18385K(1258304K) Eden: 1118528K(1118528K)->0K(1118528K) From: 0K(139776K)->18385K(139776K)
[6.708s][info][gc,heap        ] GC(19) Tenured: 75913K(2796224K)->75913K(2796224K)
[6.708s][info][gc,metaspace   ] GC(19) Metaspace: 11090K(11328K)->11090K(11328K) NonClass: 9695K(9856K)->9695K(9856K) Class: 1394K(1472K)->1394K(1472K)
[6.708s][info][gc             ] GC(19) Pause Young (Allocation Failure) 1166M->92M(3959M) 74.733ms
[6.708s][info][gc,cpu         ] GC(19) User=0.06s Sys=0.00s Real=0.08s
[6.796s][info][gc,start       ] GC(20) Pause Full (System.gc())
[6.796s][info][gc,phases,start] GC(20) Phase 1: Mark live objects
[6.860s][info][gc,phases      ] GC(20) Phase 1: Mark live objects 63.843ms
[6.860s][info][gc,phases,start] GC(20) Phase 2: Compute new object addresses
[6.989s][info][gc,phases      ] GC(20) Phase 2: Compute new object addresses 128.198ms
[6.989s][info][gc,phases,start] GC(20) Phase 3: Adjust pointers
[7.016s][info][gc,phases      ] GC(20) Phase 3: Adjust pointers 26.974ms
[7.016s][info][gc,phases,start] GC(20) Phase 4: Move objects
[7.016s][info][gc,phases      ] GC(20) Phase 4: Move objects 0.009ms
[7.016s][info][gc,heap        ] GC(20) DefNew: 815730K(1258304K)->0K(1258304K) Eden: 797344K(1118528K)->0K(1118528K) From: 18385K(139776K)->0K(139776K)
[7.016s][info][gc,heap        ] GC(20) Tenured: 75913K(2796224K)->75913K(2796224K)
[7.016s][info][gc,metaspace   ] GC(20) Metaspace: 11092K(11328K)->11092K(11328K) NonClass: 9697K(9856K)->9697K(9856K) Class: 1394K(1472K)->1394K(1472K)
[7.016s][info][gc             ] GC(20) Pause Full (System.gc()) 870M->74M(3959M) 219.311ms
[7.016s][info][gc,cpu         ] GC(20) User=0.22s Sys=0.00s Real=0.22s
[7.131s][info][gc,start       ] GC(21) Pause Young (Allocation Failure)
[7.205s][info][gc,heap        ] GC(21) DefNew: 1118528K(1258304K)->18481K(1258304K) Eden: 1118528K(1118528K)->0K(1118528K) From: 0K(139776K)->18481K(139776K)
[7.205s][info][gc,heap        ] GC(21) Tenured: 75913K(2796224K)->75913K(2796224K)
[7.205s][info][gc,metaspace   ] GC(21) Metaspace: 11092K(11328K)->11092K(11328K) NonClass: 9697K(9856K)->9697K(9856K) Class: 1394K(1472K)->1394K(1472K)
[7.205s][info][gc             ] GC(21) Pause Young (Allocation Failure) 1166M->92M(3959M) 73.890ms
[7.205s][info][gc,cpu         ] GC(21) User=0.06s Sys=0.00s Real=0.08s
[7.293s][info][gc,start       ] GC(22) Pause Full (System.gc())
[7.293s][info][gc,phases,start] GC(22) Phase 1: Mark live objects
[7.357s][info][gc,phases      ] GC(22) Phase 1: Mark live objects 64.559ms
[7.357s][info][gc,phases,start] GC(22) Phase 2: Compute new object addresses
[7.485s][info][gc,phases      ] GC(22) Phase 2: Compute new object addresses 127.774ms
[7.485s][info][gc,phases,start] GC(22) Phase 3: Adjust pointers
[7.513s][info][gc,phases      ] GC(22) Phase 3: Adjust pointers 27.338ms
[7.513s][info][gc,phases,start] GC(22) Phase 4: Move objects
[7.513s][info][gc,phases      ] GC(22) Phase 4: Move objects 0.009ms
[7.513s][info][gc,heap        ] GC(22) DefNew: 823191K(1258304K)->0K(1258304K) Eden: 804710K(1118528K)->0K(1118528K) From: 18481K(139776K)->0K(139776K)
[7.513s][info][gc,heap        ] GC(22) Tenured: 75913K(2796224K)->75913K(2796224K)
[7.513s][info][gc,metaspace   ] GC(22) Metaspace: 11092K(11328K)->11092K(11328K) NonClass: 9697K(9856K)->9697K(9856K) Class: 1394K(1472K)->1394K(1472K)
[7.513s][info][gc             ] GC(22) Pause Full (System.gc()) 878M->74M(3959M) 220.023ms
[7.513s][info][gc,cpu         ] GC(22) User=0.20s Sys=0.00s Real=0.22s
[7.630s][info][gc,start       ] GC(23) Pause Young (Allocation Failure)
[7.705s][info][gc,heap        ] GC(23) DefNew: 1118528K(1258304K)->18528K(1258304K) Eden: 1118528K(1118528K)->0K(1118528K) From: 0K(139776K)->18528K(139776K)
[7.705s][info][gc,heap        ] GC(23) Tenured: 75913K(2796224K)->75913K(2796224K)
[7.705s][info][gc,metaspace   ] GC(23) Metaspace: 11093K(11328K)->11093K(11328K) NonClass: 9698K(9856K)->9698K(9856K) Class: 1394K(1472K)->1394K(1472K)
[7.705s][info][gc             ] GC(23) Pause Young (Allocation Failure) 1166M->92M(3959M) 74.978ms
[7.705s][info][gc,cpu         ] GC(23) User=0.05s Sys=0.02s Real=0.08s
[7.793s][info][gc,start       ] GC(24) Pause Full (System.gc())
[7.793s][info][gc,phases,start] GC(24) Phase 1: Mark live objects
[7.857s][info][gc,phases      ] GC(24) Phase 1: Mark live objects 64.697ms
[7.857s][info][gc,phases,start] GC(24) Phase 2: Compute new object addresses
[7.984s][info][gc,phases      ] GC(24) Phase 2: Compute new object addresses 126.523ms
[7.984s][info][gc,phases,start] GC(24) Phase 3: Adjust pointers
[8.011s][info][gc,phases      ] GC(24) Phase 3: Adjust pointers 26.869ms
[8.011s][info][gc,phases,start] GC(24) Phase 4: Move objects
[8.011s][info][gc,phases      ] GC(24) Phase 4: Move objects 0.009ms
[8.011s][info][gc,heap        ] GC(24) DefNew: 816676K(1258304K)->0K(1258304K) Eden: 798148K(1118528K)->0K(1118528K) From: 18528K(139776K)->0K(139776K)
[8.011s][info][gc,heap        ] GC(24) Tenured: 75913K(2796224K)->75914K(2796224K)
[8.011s][info][gc,metaspace   ] GC(24) Metaspace: 11096K(11328K)->11096K(11328K) NonClass: 9701K(9856K)->9701K(9856K) Class: 1394K(1472K)->1394K(1472K)
[8.011s][info][gc             ] GC(24) Pause Full (System.gc()) 871M->74M(3959M) 218.419ms
[8.011s][info][gc,cpu         ] GC(24) User=0.20s Sys=0.00s Real=0.22s
[8.125s][info][gc,start       ] GC(25) Pause Young (Allocation Failure)
[8.199s][info][gc,heap        ] GC(25) DefNew: 1118528K(1258304K)->18216K(1258304K) Eden: 1118528K(1118528K)->0K(1118528K) From: 0K(139776K)->18216K(139776K)
[8.199s][info][gc,heap        ] GC(25) Tenured: 75914K(2796224K)->75914K(2796224K)
[8.199s][info][gc,metaspace   ] GC(25) Metaspace: 11100K(11392K)->11100K(11392K) NonClass: 9705K(9920K)->9705K(9920K) Class: 1394K(1472K)->1394K(1472K)
[8.199s][info][gc             ] GC(25) Pause Young (Allocation Failure) 1166M->91M(3959M) 73.646ms
[8.199s][info][gc,cpu         ] GC(25) User=0.06s Sys=0.00s Real=0.08s
[8.290s][info][gc,start       ] GC(26) Pause Full (System.gc())
[8.290s][info][gc,phases,start] GC(26) Phase 1: Mark live objects
[8.355s][info][gc,phases      ] GC(26) Phase 1: Mark live objects 64.236ms
[8.355s][info][gc,phases,start] GC(26) Phase 2: Compute new object addresses
[8.483s][info][gc,phases      ] GC(26) Phase 2: Compute new object addresses 128.219ms
[8.483s][info][gc,phases,start] GC(26) Phase 3: Adjust pointers
[8.511s][info][gc,phases      ] GC(26) Phase 3: Adjust pointers 27.472ms
[8.511s][info][gc,phases,start] GC(26) Phase 4: Move objects
[8.511s][info][gc,phases      ] GC(26) Phase 4: Move objects 0.009ms
[8.511s][info][gc,heap        ] GC(26) DefNew: 824190K(1258304K)->0K(1258304K) Eden: 805974K(1118528K)->0K(1118528K) From: 18216K(139776K)->0K(139776K)
[8.511s][info][gc,heap        ] GC(26) Tenured: 75914K(2796224K)->75914K(2796224K)
[8.511s][info][gc,metaspace   ] GC(26) Metaspace: 11104K(11392K)->11104K(11392K) NonClass: 9709K(9920K)->9709K(9920K) Class: 1394K(1472K)->1394K(1472K)
[8.511s][info][gc             ] GC(26) Pause Full (System.gc()) 879M->74M(3959M) 220.229ms
[8.511s][info][gc,cpu         ] GC(26) User=0.20s Sys=0.00s Real=0.22s
[8.628s][info][gc,start       ] GC(27) Pause Young (Allocation Failure)
[8.703s][info][gc,heap        ] GC(27) DefNew: 1118528K(1258304K)->18227K(1258304K) Eden: 1118528K(1118528K)->0K(1118528K) From: 0K(139776K)->18227K(139776K)
[8.703s][info][gc,heap        ] GC(27) Tenured: 75914K(2796224K)->75914K(2796224K)
[8.703s][info][gc,metaspace   ] GC(27) Metaspace: 11106K(11392K)->11106K(11392K) NonClass: 9711K(9920K)->9711K(9920K) Class: 1394K(1472K)->1394K(1472K)
[8.703s][info][gc             ] GC(27) Pause Young (Allocation Failure) 1166M->91M(3959M) 74.815ms
[8.703s][info][gc,cpu         ] GC(27) User=0.08s Sys=0.00s Real=0.08s
[8.790s][info][gc,start       ] GC(28) Pause Full (System.gc())
[8.790s][info][gc,phases,start] GC(28) Phase 1: Mark live objects
[8.855s][info][gc,phases      ] GC(28) Phase 1: Mark live objects 64.756ms
[8.855s][info][gc,phases,start] GC(28) Phase 2: Compute new object addresses
[8.982s][info][gc,phases      ] GC(28) Phase 2: Compute new object addresses 127.129ms
[8.982s][info][gc,phases,start] GC(28) Phase 3: Adjust pointers
[9.009s][info][gc,phases      ] GC(28) Phase 3: Adjust pointers 26.926ms
[9.009s][info][gc,phases,start] GC(28) Phase 4: Move objects
[9.009s][info][gc,phases      ] GC(28) Phase 4: Move objects 0.009ms
[9.009s][info][gc,heap        ] GC(28) DefNew: 812560K(1258304K)->0K(1258304K) Eden: 794333K(1118528K)->0K(1118528K) From: 18227K(139776K)->0K(139776K)
[9.009s][info][gc,heap        ] GC(28) Tenured: 75914K(2796224K)->75914K(2796224K)
[9.009s][info][gc,metaspace   ] GC(28) Metaspace: 11109K(11392K)->11109K(11392K) NonClass: 9714K(9920K)->9714K(9920K) Class: 1394K(1472K)->1394K(1472K)
[9.009s][info][gc             ] GC(28) Pause Full (System.gc()) 867M->74M(3959M) 219.130ms
[9.009s][info][gc,cpu         ] GC(28) User=0.20s Sys=0.00s Real=0.22s
[9.124s][info][gc,start       ] GC(29) Pause Young (Allocation Failure)
[9.199s][info][gc,heap        ] GC(29) DefNew: 1118528K(1258304K)->18417K(1258304K) Eden: 1118528K(1118528K)->0K(1118528K) From: 0K(139776K)->18417K(139776K)
[9.199s][info][gc,heap        ] GC(29) Tenured: 75914K(2796224K)->75914K(2796224K)
[9.199s][info][gc,metaspace   ] GC(29) Metaspace: 11110K(11392K)->11110K(11392K) NonClass: 9715K(9920K)->9715K(9920K) Class: 1394K(1472K)->1394K(1472K)
[9.199s][info][gc             ] GC(29) Pause Young (Allocation Failure) 1166M->92M(3959M) 74.652ms
[9.199s][info][gc,cpu         ] GC(29) User=0.08s Sys=0.00s Real=0.08s
[9.288s][info][gc,start       ] GC(30) Pause Full (System.gc())
[9.288s][info][gc,phases,start] GC(30) Phase 1: Mark live objects
[9.353s][info][gc,phases      ] GC(30) Phase 1: Mark live objects 64.560ms
[9.353s][info][gc,phases,start] GC(30) Phase 2: Compute new object addresses
[9.479s][info][gc,phases      ] GC(30) Phase 2: Compute new object addresses 126.226ms
[9.479s][info][gc,phases,start] GC(30) Phase 3: Adjust pointers
[9.506s][info][gc,phases      ] GC(30) Phase 3: Adjust pointers 26.888ms
[9.506s][info][gc,phases,start] GC(30) Phase 4: Move objects
[9.506s][info][gc,phases      ] GC(30) Phase 4: Move objects 0.009ms
[9.506s][info][gc,heap        ] GC(30) DefNew: 809794K(1258304K)->0K(1258304K) Eden: 791377K(1118528K)->0K(1118528K) From: 18417K(139776K)->0K(139776K)
[9.506s][info][gc,heap        ] GC(30) Tenured: 75914K(2796224K)->75913K(2796224K)
[9.506s][info][gc,metaspace   ] GC(30) Metaspace: 11112K(11392K)->11112K(11392K) NonClass: 9717K(9920K)->9717K(9920K) Class: 1394K(1472K)->1394K(1472K)
[9.506s][info][gc             ] GC(30) Pause Full (System.gc()) 864M->74M(3959M) 218.018ms
[9.506s][info][gc,cpu         ] GC(30) User=0.19s Sys=0.00s Real=0.21s
[9.628s][info][gc,start       ] GC(31) Pause Young (Allocation Failure)
[9.702s][info][gc,heap        ] GC(31) DefNew: 1118528K(1258304K)->18324K(1258304K) Eden: 1118528K(1118528K)->0K(1118528K) From: 0K(139776K)->18324K(139776K)
[9.703s][info][gc,heap        ] GC(31) Tenured: 75913K(2796224K)->75913K(2796224K)
[9.703s][info][gc,metaspace   ] GC(31) Metaspace: 11114K(11392K)->11114K(11392K) NonClass: 9719K(9920K)->9719K(9920K) Class: 1394K(1472K)->1394K(1472K)
[9.703s][info][gc             ] GC(31) Pause Young (Allocation Failure) 1166M->92M(3959M) 74.837ms
[9.703s][info][gc,cpu         ] GC(31) User=0.09s Sys=0.00s Real=0.08s
[9.794s][info][gc,start       ] GC(32) Pause Full (System.gc())
[9.794s][info][gc,phases,start] GC(32) Phase 1: Mark live objects
[9.860s][info][gc,phases      ] GC(32) Phase 1: Mark live objects 65.677ms
[9.860s][info][gc,phases,start] GC(32) Phase 2: Compute new object addresses
[9.988s][info][gc,phases      ] GC(32) Phase 2: Compute new object addresses 127.725ms
[9.988s][info][gc,phases,start] GC(32) Phase 3: Adjust pointers
[10.015s][info][gc,phases      ] GC(32) Phase 3: Adjust pointers 27.036ms
[10.015s][info][gc,phases,start] GC(32) Phase 4: Move objects
[10.015s][info][gc,phases      ] GC(32) Phase 4: Move objects 0.010ms
[10.015s][info][gc,heap        ] GC(32) DefNew: 819195K(1258304K)->0K(1258304K) Eden: 800870K(1118528K)->0K(1118528K) From: 18324K(139776K)->0K(139776K)
[10.015s][info][gc,heap        ] GC(32) Tenured: 75913K(2796224K)->75913K(2796224K)
[10.015s][info][gc,metaspace   ] GC(32) Metaspace: 11114K(11392K)->11114K(11392K) NonClass: 9719K(9920K)->9719K(9920K) Class: 1394K(1472K)->1394K(1472K)
[10.015s][info][gc             ] GC(32) Pause Full (System.gc()) 874M->74M(3959M) 220.800ms
[10.015s][info][gc,cpu         ] GC(32) User=0.22s Sys=0.00s Real=0.22s
[10.130s][info][gc,start       ] GC(33) Pause Young (Allocation Failure)
[10.205s][info][gc,heap        ] GC(33) DefNew: 1118528K(1258304K)->18351K(1258304K) Eden: 1118528K(1118528K)->0K(1118528K) From: 0K(139776K)->18351K(139776K)
[10.205s][info][gc,heap        ] GC(33) Tenured: 75913K(2796224K)->75913K(2796224K)
[10.205s][info][gc,metaspace   ] GC(33) Metaspace: 11116K(11392K)->11116K(11392K) NonClass: 9721K(9920K)->9721K(9920K) Class: 1394K(1472K)->1394K(1472K)
[10.205s][info][gc             ] GC(33) Pause Young (Allocation Failure) 1166M->92M(3959M) 74.508ms
[10.205s][info][gc,cpu         ] GC(33) User=0.08s Sys=0.00s Real=0.08s
[10.293s][info][gc,start       ] GC(34) Pause Full (System.gc())
[10.294s][info][gc,phases,start] GC(34) Phase 1: Mark live objects
[10.358s][info][gc,phases      ] GC(34) Phase 1: Mark live objects 64.037ms
[10.358s][info][gc,phases,start] GC(34) Phase 2: Compute new object addresses
[10.484s][info][gc,phases      ] GC(34) Phase 2: Compute new object addresses 126.664ms
[10.484s][info][gc,phases,start] GC(34) Phase 3: Adjust pointers
[10.512s][info][gc,phases      ] GC(34) Phase 3: Adjust pointers 27.599ms
[10.512s][info][gc,phases,start] GC(34) Phase 4: Move objects
[10.512s][info][gc,phases      ] GC(34) Phase 4: Move objects 0.014ms
[10.512s][info][gc,heap        ] GC(34) DefNew: 813718K(1258304K)->0K(1258304K) Eden: 795367K(1118528K)->0K(1118528K) From: 18351K(139776K)->0K(139776K)
[10.512s][info][gc,heap        ] GC(34) Tenured: 75913K(2796224K)->75914K(2796224K)
[10.512s][info][gc,metaspace   ] GC(34) Metaspace: 11116K(11392K)->11116K(11392K) NonClass: 9721K(9920K)->9721K(9920K) Class: 1394K(1472K)->1394K(1472K)
[10.512s][info][gc             ] GC(34) Pause Full (System.gc()) 868M->74M(3959M) 218.660ms
[10.512s][info][gc,cpu         ] GC(34) User=0.20s Sys=0.00s Real=0.21s
[10.630s][info][gc,start       ] GC(35) Pause Young (Allocation Failure)
[10.704s][info][gc,heap        ] GC(35) DefNew: 1118528K(1258304K)->18503K(1258304K) Eden: 1118528K(1118528K)->0K(1118528K) From: 0K(139776K)->18503K(139776K)
[10.704s][info][gc,heap        ] GC(35) Tenured: 75914K(2796224K)->75914K(2796224K)
[10.704s][info][gc,metaspace   ] GC(35) Metaspace: 11117K(11392K)->11117K(11392K) NonClass: 9722K(9920K)->9722K(9920K) Class: 1394K(1472K)->1394K(1472K)
[10.704s][info][gc             ] GC(35) Pause Young (Allocation Failure) 1166M->92M(3959M) 73.262ms
[10.704s][info][gc,cpu         ] GC(35) User=0.08s Sys=0.00s Real=0.06s
[10.791s][info][gc,start       ] GC(36) Pause Full (System.gc())
[10.791s][info][gc,phases,start] GC(36) Phase 1: Mark live objects
[10.856s][info][gc,phases      ] GC(36) Phase 1: Mark live objects 64.996ms
[10.856s][info][gc,phases,start] GC(36) Phase 2: Compute new object addresses
[10.983s][info][gc,phases      ] GC(36) Phase 2: Compute new object addresses 126.781ms
[10.983s][info][gc,phases,start] GC(36) Phase 3: Adjust pointers
[11.010s][info][gc,phases      ] GC(36) Phase 3: Adjust pointers 26.909ms
[11.010s][info][gc,phases,start] GC(36) Phase 4: Move objects
[11.010s][info][gc,phases      ] GC(36) Phase 4: Move objects 0.009ms
[11.010s][info][gc,heap        ] GC(36) DefNew: 813501K(1258304K)->0K(1258304K) Eden: 794998K(1118528K)->0K(1118528K) From: 18503K(139776K)->0K(139776K)
[11.010s][info][gc,heap        ] GC(36) Tenured: 75914K(2796224K)->75914K(2796224K)
[11.010s][info][gc,metaspace   ] GC(36) Metaspace: 11118K(11392K)->11118K(11392K) NonClass: 9724K(9920K)->9724K(9920K) Class: 1394K(1472K)->1394K(1472K)
[11.010s][info][gc             ] GC(36) Pause Full (System.gc()) 868M->74M(3959M) 219.040ms
[11.010s][info][gc,cpu         ] GC(36) User=0.20s Sys=0.00s Real=0.22s
[11.125s][info][gc,start       ] GC(37) Pause Young (Allocation Failure)
[11.199s][info][gc,heap        ] GC(37) DefNew: 1118528K(1258304K)->18345K(1258304K) Eden: 1118528K(1118528K)->0K(1118528K) From: 0K(139776K)->18345K(139776K)
[11.199s][info][gc,heap        ] GC(37) Tenured: 75914K(2796224K)->75914K(2796224K)
[11.199s][info][gc,metaspace   ] GC(37) Metaspace: 11119K(11392K)->11119K(11392K) NonClass: 9724K(9920K)->9724K(9920K) Class: 1394K(1472K)->1394K(1472K)
[11.199s][info][gc             ] GC(37) Pause Young (Allocation Failure) 1166M->92M(3959M) 74.475ms
[11.199s][info][gc,cpu         ] GC(37) User=0.06s Sys=0.00s Real=0.08s
[11.288s][info][gc,start       ] GC(38) Pause Full (System.gc())
[11.288s][info][gc,phases,start] GC(38) Phase 1: Mark live objects
[11.352s][info][gc,phases      ] GC(38) Phase 1: Mark live objects 64.655ms
[11.353s][info][gc,phases,start] GC(38) Phase 2: Compute new object addresses
[11.481s][info][gc,phases      ] GC(38) Phase 2: Compute new object addresses 128.131ms
[11.481s][info][gc,phases,start] GC(38) Phase 3: Adjust pointers
[11.508s][info][gc,phases      ] GC(38) Phase 3: Adjust pointers 27.340ms
[11.508s][info][gc,phases,start] GC(38) Phase 4: Move objects
[11.508s][info][gc,phases      ] GC(38) Phase 4: Move objects 0.009ms
[11.508s][info][gc,heap        ] GC(38) DefNew: 819221K(1258304K)->0K(1258304K) Eden: 800876K(1118528K)->0K(1118528K) From: 18345K(139776K)->0K(139776K)
[11.508s][info][gc,heap        ] GC(38) Tenured: 75914K(2796224K)->75913K(2796224K)
[11.508s][info][gc,metaspace   ] GC(38) Metaspace: 11120K(11392K)->11120K(11392K) NonClass: 9725K(9920K)->9725K(9920K) Class: 1394K(1472K)->1394K(1472K)
[11.508s][info][gc             ] GC(38) Pause Full (System.gc()) 874M->74M(3959M) 220.466ms
[11.508s][info][gc,cpu         ] GC(38) User=0.22s Sys=0.00s Real=0.22s
[11.626s][info][gc,start       ] GC(39) Pause Young (Allocation Failure)
[11.700s][info][gc,heap        ] GC(39) DefNew: 1118528K(1258304K)->18389K(1258304K) Eden: 1118528K(1118528K)->0K(1118528K) From: 0K(139776K)->18389K(139776K)
[11.700s][info][gc,heap        ] GC(39) Tenured: 75913K(2796224K)->75913K(2796224K)
[11.700s][info][gc,metaspace   ] GC(39) Metaspace: 11120K(11392K)->11120K(11392K) NonClass: 9725K(9920K)->9725K(9920K) Class: 1394K(1472K)->1394K(1472K)
[11.700s][info][gc             ] GC(39) Pause Young (Allocation Failure) 1166M->92M(3959M) 74.015ms
[11.700s][info][gc,cpu         ] GC(39) User=0.08s Sys=0.00s Real=0.08s
[11.788s][info][gc,start       ] GC(40) Pause Full (System.gc())
[11.788s][info][gc,phases,start] GC(40) Phase 1: Mark live objects
[11.852s][info][gc,phases      ] GC(40) Phase 1: Mark live objects 64.728ms
[11.853s][info][gc,phases,start] GC(40) Phase 2: Compute new object addresses
[11.979s][info][gc,phases      ] GC(40) Phase 2: Compute new object addresses 126.755ms
[11.979s][info][gc,phases,start] GC(40) Phase 3: Adjust pointers
[12.006s][info][gc,phases      ] GC(40) Phase 3: Adjust pointers 26.919ms
[12.006s][info][gc,phases,start] GC(40) Phase 4: Move objects
[12.006s][info][gc,phases      ] GC(40) Phase 4: Move objects 0.009ms
[12.006s][info][gc,heap        ] GC(40) DefNew: 816280K(1258304K)->0K(1258304K) Eden: 797890K(1118528K)->0K(1118528K) From: 18389K(139776K)->0K(139776K)
[12.006s][info][gc,heap        ] GC(40) Tenured: 75913K(2796224K)->75913K(2796224K)
[12.006s][info][gc,metaspace   ] GC(40) Metaspace: 11121K(11392K)->11121K(11392K) NonClass: 9726K(9920K)->9726K(9920K) Class: 1394K(1472K)->1394K(1472K)
[12.006s][info][gc             ] GC(40) Pause Full (System.gc()) 871M->74M(3959M) 218.767ms
[12.006s][info][gc,cpu         ] GC(40) User=0.22s Sys=0.00s Real=0.22s
[12.122s][info][gc,start       ] GC(41) Pause Young (Allocation Failure)
[12.197s][info][gc,heap        ] GC(41) DefNew: 1118528K(1258304K)->18326K(1258304K) Eden: 1118528K(1118528K)->0K(1118528K) From: 0K(139776K)->18326K(139776K)
[12.197s][info][gc,heap        ] GC(41) Tenured: 75913K(2796224K)->75913K(2796224K)
[12.197s][info][gc,metaspace   ] GC(41) Metaspace: 11121K(11392K)->11121K(11392K) NonClass: 9726K(9920K)->9726K(9920K) Class: 1394K(1472K)->1394K(1472K)
[12.197s][info][gc             ] GC(41) Pause Young (Allocation Failure) 1166M->92M(3959M) 74.549ms
[12.197s][info][gc,cpu         ] GC(41) User=0.06s Sys=0.03s Real=0.07s
[12.286s][info][gc,start       ] GC(42) Pause Full (System.gc())
[12.286s][info][gc,phases,start] GC(42) Phase 1: Mark live objects
[12.351s][info][gc,phases      ] GC(42) Phase 1: Mark live objects 65.100ms
[12.351s][info][gc,phases,start] GC(42) Phase 2: Compute new object addresses
[12.478s][info][gc,phases      ] GC(42) Phase 2: Compute new object addresses 126.633ms
[12.478s][info][gc,phases,start] GC(42) Phase 3: Adjust pointers
[12.505s][info][gc,phases      ] GC(42) Phase 3: Adjust pointers 26.905ms
[12.505s][info][gc,phases,start] GC(42) Phase 4: Move objects
[12.505s][info][gc,phases      ] GC(42) Phase 4: Move objects 0.008ms
[12.505s][info][gc,heap        ] GC(42) DefNew: 814178K(1258304K)->0K(1258304K) Eden: 795852K(1118528K)->0K(1118528K) From: 18326K(139776K)->0K(139776K)
[12.505s][info][gc,heap        ] GC(42) Tenured: 75913K(2796224K)->75913K(2796224K)
[12.505s][info][gc,metaspace   ] GC(42) Metaspace: 11127K(11392K)->11127K(11392K) NonClass: 9732K(9920K)->9732K(9920K) Class: 1394K(1472K)->1394K(1472K)
[12.505s][info][gc             ] GC(42) Pause Full (System.gc()) 869M->74M(3959M) 218.967ms
[12.505s][info][gc,cpu         ] GC(42) User=0.22s Sys=0.00s Real=0.22s
[12.626s][info][gc,start       ] GC(43) Pause Young (Allocation Failure)
[12.701s][info][gc,heap        ] GC(43) DefNew: 1118528K(1258304K)->18299K(1258304K) Eden: 1118528K(1118528K)->0K(1118528K) From: 0K(139776K)->18299K(139776K)
[12.701s][info][gc,heap        ] GC(43) Tenured: 75913K(2796224K)->75913K(2796224K)
[12.701s][info][gc,metaspace   ] GC(43) Metaspace: 11129K(11392K)->11129K(11392K) NonClass: 9734K(9920K)->9734K(9920K) Class: 1394K(1472K)->1394K(1472K)
[12.701s][info][gc             ] GC(43) Pause Young (Allocation Failure) 1166M->92M(3959M) 74.534ms
[12.701s][info][gc,cpu         ] GC(43) User=0.08s Sys=0.00s Real=0.08s
[12.788s][info][gc,start       ] GC(44) Pause Full (System.gc())
[12.788s][info][gc,phases,start] GC(44) Phase 1: Mark live objects
[12.853s][info][gc,phases      ] GC(44) Phase 1: Mark live objects 64.376ms
[12.853s][info][gc,phases,start] GC(44) Phase 2: Compute new object addresses
[12.980s][info][gc,phases      ] GC(44) Phase 2: Compute new object addresses 127.202ms
[12.980s][info][gc,phases,start] GC(44) Phase 3: Adjust pointers
[13.007s][info][gc,phases      ] GC(44) Phase 3: Adjust pointers 27.039ms
[13.007s][info][gc,phases,start] GC(44) Phase 4: Move objects
[13.007s][info][gc,phases      ] GC(44) Phase 4: Move objects 0.009ms
[13.007s][info][gc,heap        ] GC(44) DefNew: 809551K(1258304K)->0K(1258304K) Eden: 791251K(1118528K)->0K(1118528K) From: 18299K(139776K)->0K(139776K)
[13.007s][info][gc,heap        ] GC(44) Tenured: 75913K(2796224K)->75914K(2796224K)
[13.007s][info][gc,metaspace   ] GC(44) Metaspace: 11129K(11392K)->11129K(11392K) NonClass: 9734K(9920K)->9734K(9920K) Class: 1394K(1472K)->1394K(1472K)
[13.007s][info][gc             ] GC(44) Pause Full (System.gc()) 864M->74M(3959M) 218.992ms
[13.007s][info][gc,cpu         ] GC(44) User=0.23s Sys=0.00s Real=0.22s
[13.123s][info][gc,start       ] GC(45) Pause Young (Allocation Failure)
[13.200s][info][gc,heap        ] GC(45) DefNew: 1118528K(1258304K)->18281K(1258304K) Eden: 1118528K(1118528K)->0K(1118528K) From: 0K(139776K)->18281K(139776K)
[13.200s][info][gc,heap        ] GC(45) Tenured: 75914K(2796224K)->75914K(2796224K)
[13.200s][info][gc,metaspace   ] GC(45) Metaspace: 11136K(11392K)->11136K(11392K) NonClass: 9741K(9920K)->9741K(9920K) Class: 1394K(1472K)->1394K(1472K)
[13.200s][info][gc             ] GC(45) Pause Young (Allocation Failure) 1166M->91M(3959M) 77.581ms
[13.200s][info][gc,cpu         ] GC(45) User=0.06s Sys=0.00s Real=0.09s
[13.291s][info][gc,start       ] GC(46) Pause Full (System.gc())
[13.291s][info][gc,phases,start] GC(46) Phase 1: Mark live objects
[13.356s][info][gc,phases      ] GC(46) Phase 1: Mark live objects 64.428ms
[13.356s][info][gc,phases,start] GC(46) Phase 2: Compute new object addresses
[13.483s][info][gc,phases      ] GC(46) Phase 2: Compute new object addresses 126.846ms
[13.483s][info][gc,phases,start] GC(46) Phase 3: Adjust pointers
[13.510s][info][gc,phases      ] GC(46) Phase 3: Adjust pointers 27.608ms
[13.510s][info][gc,phases,start] GC(46) Phase 4: Move objects
[13.510s][info][gc,phases      ] GC(46) Phase 4: Move objects 0.009ms
[13.510s][info][gc,heap        ] GC(46) DefNew: 815643K(1258304K)->0K(1258304K) Eden: 797361K(1118528K)->0K(1118528K) From: 18281K(139776K)->0K(139776K)
[13.511s][info][gc,heap        ] GC(46) Tenured: 75914K(2796224K)->75913K(2796224K)
[13.511s][info][gc,metaspace   ] GC(46) Metaspace: 11145K(11392K)->11145K(11392K) NonClass: 9750K(9920K)->9750K(9920K) Class: 1394K(1472K)->1394K(1472K)
[13.511s][info][gc             ] GC(46) Pause Full (System.gc()) 870M->74M(3959M) 219.216ms
[13.511s][info][gc,cpu         ] GC(46) User=0.20s Sys=0.00s Real=0.22s
[13.628s][info][gc,start       ] GC(47) Pause Young (Allocation Failure)
[13.702s][info][gc,heap        ] GC(47) DefNew: 1118528K(1258304K)->18348K(1258304K) Eden: 1118528K(1118528K)->0K(1118528K) From: 0K(139776K)->18348K(139776K)
[13.702s][info][gc,heap        ] GC(47) Tenured: 75913K(2796224K)->75913K(2796224K)
[13.702s][info][gc,metaspace   ] GC(47) Metaspace: 11145K(11392K)->11145K(11392K) NonClass: 9750K(9920K)->9750K(9920K) Class: 1394K(1472K)->1394K(1472K)
[13.702s][info][gc             ] GC(47) Pause Young (Allocation Failure) 1166M->92M(3959M) 73.994ms
[13.702s][info][gc,cpu         ] GC(47) User=0.08s Sys=0.00s Real=0.07s
[13.791s][info][gc,start       ] GC(48) Pause Full (System.gc())
[13.791s][info][gc,phases,start] GC(48) Phase 1: Mark live objects
[13.857s][info][gc,phases      ] GC(48) Phase 1: Mark live objects 65.095ms
[13.857s][info][gc,phases,start] GC(48) Phase 2: Compute new object addresses
[13.983s][info][gc,phases      ] GC(48) Phase 2: Compute new object addresses 126.704ms
[13.983s][info][gc,phases,start] GC(48) Phase 3: Adjust pointers
[14.010s][info][gc,phases      ] GC(48) Phase 3: Adjust pointers 26.919ms
[14.010s][info][gc,phases,start] GC(48) Phase 4: Move objects
[14.010s][info][gc,phases      ] GC(48) Phase 4: Move objects 0.009ms
[14.010s][info][gc,heap        ] GC(48) DefNew: 815283K(1258304K)->0K(1258304K) Eden: 796934K(1118528K)->0K(1118528K) From: 18348K(139776K)->0K(139776K)
[14.010s][info][gc,heap        ] GC(48) Tenured: 75913K(2796224K)->75914K(2796224K)
[14.010s][info][gc,metaspace   ] GC(48) Metaspace: 11145K(11392K)->11145K(11392K) NonClass: 9750K(9920K)->9750K(9920K) Class: 1394K(1472K)->1394K(1472K)
[14.010s][info][gc             ] GC(48) Pause Full (System.gc()) 870M->74M(3959M) 219.088ms
[14.010s][info][gc,cpu         ] GC(48) User=0.20s Sys=0.00s Real=0.22s
[14.125s][info][gc,start       ] GC(49) Pause Young (Allocation Failure)
[14.199s][info][gc,heap        ] GC(49) DefNew: 1118528K(1258304K)->18366K(1258304K) Eden: 1118528K(1118528K)->0K(1118528K) From: 0K(139776K)->18366K(139776K)
[14.199s][info][gc,heap        ] GC(49) Tenured: 75914K(2796224K)->75914K(2796224K)
[14.199s][info][gc,metaspace   ] GC(49) Metaspace: 11145K(11392K)->11145K(11392K) NonClass: 9750K(9920K)->9750K(9920K) Class: 1394K(1472K)->1394K(1472K)
[14.199s][info][gc             ] GC(49) Pause Young (Allocation Failure) 1166M->92M(3959M) 73.731ms
[14.199s][info][gc,cpu         ] GC(49) User=0.06s Sys=0.00s Real=0.08s
[14.287s][info][gc,start       ] GC(50) Pause Full (System.gc())
[14.287s][info][gc,phases,start] GC(50) Phase 1: Mark live objects
[14.351s][info][gc,phases      ] GC(50) Phase 1: Mark live objects 63.878ms
[14.351s][info][gc,phases,start] GC(50) Phase 2: Compute new object addresses
[14.478s][info][gc,phases      ] GC(50) Phase 2: Compute new object addresses 126.943ms
[14.478s][info][gc,phases,start] GC(50) Phase 3: Adjust pointers
[14.505s][info][gc,phases      ] GC(50) Phase 3: Adjust pointers 26.966ms
[14.505s][info][gc,phases,start] GC(50) Phase 4: Move objects
[14.505s][info][gc,phases      ] GC(50) Phase 4: Move objects 0.009ms
[14.505s][info][gc,heap        ] GC(50) DefNew: 813304K(1258304K)->0K(1258304K) Eden: 794937K(1118528K)->0K(1118528K) From: 18366K(139776K)->0K(139776K)
[14.505s][info][gc,heap        ] GC(50) Tenured: 75914K(2796224K)->75914K(2796224K)
[14.505s][info][gc,metaspace   ] GC(50) Metaspace: 11149K(11392K)->11149K(11392K) NonClass: 9754K(9920K)->9754K(9920K) Class: 1394K(1472K)->1394K(1472K)
[14.505s][info][gc             ] GC(50) Pause Full (System.gc()) 868M->74M(3959M) 218.093ms
[14.505s][info][gc,cpu         ] GC(50) User=0.20s Sys=0.00s Real=0.21s
[14.626s][info][gc,start       ] GC(51) Pause Young (Allocation Failure)
[14.700s][info][gc,heap        ] GC(51) DefNew: 1118528K(1258304K)->18396K(1258304K) Eden: 1118528K(1118528K)->0K(1118528K) From: 0K(139776K)->18396K(139776K)
[14.700s][info][gc,heap        ] GC(51) Tenured: 75914K(2796224K)->75914K(2796224K)
[14.700s][info][gc,metaspace   ] GC(51) Metaspace: 11150K(11392K)->11150K(11392K) NonClass: 9755K(9920K)->9755K(9920K) Class: 1394K(1472K)->1394K(1472K)
[14.700s][info][gc             ] GC(51) Pause Young (Allocation Failure) 1166M->92M(3959M) 74.115ms
[14.700s][info][gc,cpu         ] GC(51) User=0.08s Sys=0.00s Real=0.08s
[14.790s][info][gc,start       ] GC(52) Pause Full (System.gc())
[14.790s][info][gc,phases,start] GC(52) Phase 1: Mark live objects
[14.854s][info][gc,phases      ] GC(52) Phase 1: Mark live objects 64.267ms
[14.854s][info][gc,phases,start] GC(52) Phase 2: Compute new object addresses
[14.981s][info][gc,phases      ] GC(52) Phase 2: Compute new object addresses 127.106ms
[14.981s][info][gc,phases,start] GC(52) Phase 3: Adjust pointers
[15.008s][info][gc,phases      ] GC(52) Phase 3: Adjust pointers 26.950ms
[15.008s][info][gc,phases,start] GC(52) Phase 4: Move objects
[15.008s][info][gc,phases      ] GC(52) Phase 4: Move objects 0.009ms
[15.008s][info][gc,heap        ] GC(52) DefNew: 815920K(1258304K)->0K(1258304K) Eden: 797524K(1118528K)->0K(1118528K) From: 18396K(139776K)->0K(139776K)
[15.008s][info][gc,heap        ] GC(52) Tenured: 75914K(2796224K)->75914K(2796224K)
[15.008s][info][gc,metaspace   ] GC(52) Metaspace: 11150K(11392K)->11150K(11392K) NonClass: 9755K(9920K)->9755K(9920K) Class: 1394K(1472K)->1394K(1472K)
[15.008s][info][gc             ] GC(52) Pause Full (System.gc()) 870M->74M(3959M) 218.685ms
[15.008s][info][gc,cpu         ] GC(52) User=0.22s Sys=0.00s Real=0.22s
[15.123s][info][gc,start       ] GC(53) Pause Young (Allocation Failure)
[15.198s][info][gc,heap        ] GC(53) DefNew: 1118528K(1258304K)->18288K(1258304K) Eden: 1118528K(1118528K)->0K(1118528K) From: 0K(139776K)->18288K(139776K)
[15.198s][info][gc,heap        ] GC(53) Tenured: 75914K(2796224K)->75914K(2796224K)
[15.198s][info][gc,metaspace   ] GC(53) Metaspace: 11150K(11392K)->11150K(11392K) NonClass: 9755K(9920K)->9755K(9920K) Class: 1394K(1472K)->1394K(1472K)
[15.198s][info][gc             ] GC(53) Pause Young (Allocation Failure) 1166M->91M(3959M) 74.360ms
[15.198s][info][gc,cpu         ] GC(53) User=0.06s Sys=0.00s Real=0.08s
[15.285s][info][gc,start       ] GC(54) Pause Full (System.gc())
[15.285s][info][gc,phases,start] GC(54) Phase 1: Mark live objects
[15.349s][info][gc,phases      ] GC(54) Phase 1: Mark live objects 64.262ms
[15.349s][info][gc,phases,start] GC(54) Phase 2: Compute new object addresses
[15.476s][info][gc,phases      ] GC(54) Phase 2: Compute new object addresses 127.081ms
[15.476s][info][gc,phases,start] GC(54) Phase 3: Adjust pointers
[15.503s][info][gc,phases      ] GC(54) Phase 3: Adjust pointers 26.961ms
[15.503s][info][gc,phases,start] GC(54) Phase 4: Move objects
[15.503s][info][gc,phases      ] GC(54) Phase 4: Move objects 0.009ms
[15.504s][info][gc,heap        ] GC(54) DefNew: 820803K(1258304K)->0K(1258304K) Eden: 802514K(1118528K)->0K(1118528K) From: 18288K(139776K)->0K(139776K)
[15.504s][info][gc,heap        ] GC(54) Tenured: 75914K(2796224K)->75913K(2796224K)
[15.504s][info][gc,metaspace   ] GC(54) Metaspace: 11151K(11392K)->11151K(11392K) NonClass: 9756K(9920K)->9756K(9920K) Class: 1394K(1472K)->1394K(1472K)
[15.504s][info][gc             ] GC(54) Pause Full (System.gc()) 875M->74M(3959M) 218.606ms
[15.504s][info][gc,cpu         ] GC(54) User=0.20s Sys=0.00s Real=0.22s
[15.624s][info][gc,start       ] GC(55) Pause Young (Allocation Failure)
[15.698s][info][gc,heap        ] GC(55) DefNew: 1118528K(1258304K)->18387K(1258304K) Eden: 1118528K(1118528K)->0K(1118528K) From: 0K(139776K)->18387K(139776K)
[15.698s][info][gc,heap        ] GC(55) Tenured: 75913K(2796224K)->75913K(2796224K)
[15.698s][info][gc,metaspace   ] GC(55) Metaspace: 11152K(11392K)->11152K(11392K) NonClass: 9757K(9920K)->9757K(9920K) Class: 1394K(1472K)->1394K(1472K)
[15.698s][info][gc             ] GC(55) Pause Young (Allocation Failure) 1166M->92M(3959M) 74.627ms
[15.698s][info][gc,cpu         ] GC(55) User=0.06s Sys=0.00s Real=0.08s
[15.790s][info][gc,start       ] GC(56) Pause Full (System.gc())
[15.790s][info][gc,phases,start] GC(56) Phase 1: Mark live objects
[15.854s][info][gc,phases      ] GC(56) Phase 1: Mark live objects 63.964ms
[15.854s][info][gc,phases,start] GC(56) Phase 2: Compute new object addresses
[15.982s][info][gc,phases      ] GC(56) Phase 2: Compute new object addresses 128.233ms
[15.982s][info][gc,phases,start] GC(56) Phase 3: Adjust pointers
[16.010s][info][gc,phases      ] GC(56) Phase 3: Adjust pointers 27.851ms
[16.010s][info][gc,phases,start] GC(56) Phase 4: Move objects
[16.010s][info][gc,phases      ] GC(56) Phase 4: Move objects 0.017ms
[16.010s][info][gc,heap        ] GC(56) DefNew: 812894K(1258304K)->0K(1258304K) Eden: 794507K(1118528K)->0K(1118528K) From: 18387K(139776K)->0K(139776K)
[16.010s][info][gc,heap        ] GC(56) Tenured: 75913K(2796224K)->75913K(2796224K)
[16.010s][info][gc,metaspace   ] GC(56) Metaspace: 11161K(11392K)->11161K(11392K) NonClass: 9766K(9920K)->9766K(9920K) Class: 1394K(1472K)->1394K(1472K)
[16.010s][info][gc             ] GC(56) Pause Full (System.gc()) 867M->74M(3959M) 220.385ms
[16.010s][info][gc,cpu         ] GC(56) User=0.22s Sys=0.00s Real=0.22s
[16.126s][info][gc,start       ] GC(57) Pause Young (Allocation Failure)
[16.200s][info][gc,heap        ] GC(57) DefNew: 1118528K(1258304K)->18390K(1258304K) Eden: 1118528K(1118528K)->0K(1118528K) From: 0K(139776K)->18390K(139776K)
[16.200s][info][gc,heap        ] GC(57) Tenured: 75913K(2796224K)->75913K(2796224K)
[16.200s][info][gc,metaspace   ] GC(57) Metaspace: 11162K(11392K)->11162K(11392K) NonClass: 9767K(9920K)->9767K(9920K) Class: 1394K(1472K)->1394K(1472K)
[16.200s][info][gc             ] GC(57) Pause Young (Allocation Failure) 1166M->92M(3959M) 73.989ms
[16.200s][info][gc,cpu         ] GC(57) User=0.09s Sys=0.00s Real=0.08s
[16.288s][info][gc,start       ] GC(58) Pause Full (System.gc())
[16.288s][info][gc,phases,start] GC(58) Phase 1: Mark live objects
[16.353s][info][gc,phases      ] GC(58) Phase 1: Mark live objects 64.554ms
[16.353s][info][gc,phases,start] GC(58) Phase 2: Compute new object addresses
[16.480s][info][gc,phases      ] GC(58) Phase 2: Compute new object addresses 126.879ms
[16.480s][info][gc,phases,start] GC(58) Phase 3: Adjust pointers
[16.507s][info][gc,phases      ] GC(58) Phase 3: Adjust pointers 27.667ms
[16.507s][info][gc,phases,start] GC(58) Phase 4: Move objects
[16.507s][info][gc,phases      ] GC(58) Phase 4: Move objects 0.011ms
[16.508s][info][gc,heap        ] GC(58) DefNew: 814170K(1258304K)->0K(1258304K) Eden: 795779K(1118528K)->0K(1118528K) From: 18390K(139776K)->0K(139776K)
[16.508s][info][gc,heap        ] GC(58) Tenured: 75913K(2796224K)->75913K(2796224K)
[16.508s][info][gc,metaspace   ] GC(58) Metaspace: 11162K(11392K)->11162K(11392K) NonClass: 9767K(9920K)->9767K(9920K) Class: 1394K(1472K)->1394K(1472K)
[16.508s][info][gc             ] GC(58) Pause Full (System.gc()) 869M->74M(3959M) 219.428ms
[16.508s][info][gc,cpu         ] GC(58) User=0.22s Sys=0.00s Real=0.22s
[16.626s][info][gc,start       ] GC(59) Pause Young (Allocation Failure)
[16.700s][info][gc,heap        ] GC(59) DefNew: 1118528K(1258304K)->18285K(1258304K) Eden: 1118528K(1118528K)->0K(1118528K) From: 0K(139776K)->18285K(139776K)
[16.700s][info][gc,heap        ] GC(59) Tenured: 75913K(2796224K)->75913K(2796224K)
[16.700s][info][gc,metaspace   ] GC(59) Metaspace: 11163K(11456K)->11163K(11456K) NonClass: 9769K(9984K)->9769K(9984K) Class: 1394K(1472K)->1394K(1472K)
[16.700s][info][gc             ] GC(59) Pause Young (Allocation Failure) 1166M->91M(3959M) 73.978ms
[16.700s][info][gc,cpu         ] GC(59) User=0.08s Sys=0.00s Real=0.06s
[16.790s][info][gc,start       ] GC(60) Pause Full (System.gc())
[16.790s][info][gc,phases,start] GC(60) Phase 1: Mark live objects
[16.854s][info][gc,phases      ] GC(60) Phase 1: Mark live objects 64.243ms
[16.854s][info][gc,phases,start] GC(60) Phase 2: Compute new object addresses
[16.981s][info][gc,phases      ] GC(60) Phase 2: Compute new object addresses 126.940ms
[16.981s][info][gc,phases,start] GC(60) Phase 3: Adjust pointers
[17.008s][info][gc,phases      ] GC(60) Phase 3: Adjust pointers 27.008ms
[17.008s][info][gc,phases,start] GC(60) Phase 4: Move objects
[17.008s][info][gc,phases      ] GC(60) Phase 4: Move objects 0.009ms
[17.008s][info][gc,heap        ] GC(60) DefNew: 813954K(1258304K)->0K(1258304K) Eden: 795668K(1118528K)->0K(1118528K) From: 18285K(139776K)->0K(139776K)
[17.008s][info][gc,heap        ] GC(60) Tenured: 75913K(2796224K)->75914K(2796224K)
[17.008s][info][gc,metaspace   ] GC(60) Metaspace: 11179K(11456K)->11179K(11456K) NonClass: 9784K(9984K)->9784K(9984K) Class: 1394K(1472K)->1394K(1472K)
[17.008s][info][gc             ] GC(60) Pause Full (System.gc()) 869M->74M(3959M) 218.523ms
[17.008s][info][gc,cpu         ] GC(60) User=0.20s Sys=0.00s Real=0.22s
[17.124s][info][gc,start       ] GC(61) Pause Young (Allocation Failure)
[17.198s][info][gc,heap        ] GC(61) DefNew: 1118528K(1258304K)->18356K(1258304K) Eden: 1118528K(1118528K)->0K(1118528K) From: 0K(139776K)->18356K(139776K)
[17.198s][info][gc,heap        ] GC(61) Tenured: 75914K(2796224K)->75914K(2796224K)
[17.198s][info][gc,metaspace   ] GC(61) Metaspace: 11185K(11456K)->11185K(11456K) NonClass: 9790K(9984K)->9790K(9984K) Class: 1394K(1472K)->1394K(1472K)
[17.198s][info][gc             ] GC(61) Pause Young (Allocation Failure) 1166M->92M(3959M) 74.076ms
[17.198s][info][gc,cpu         ] GC(61) User=0.06s Sys=0.00s Real=0.08s
[17.290s][info][gc,start       ] GC(62) Pause Full (System.gc())
[17.291s][info][gc,phases,start] GC(62) Phase 1: Mark live objects
[17.354s][info][gc,phases      ] GC(62) Phase 1: Mark live objects 63.976ms
[17.355s][info][gc,phases,start] GC(62) Phase 2: Compute new object addresses
[17.482s][info][gc,phases      ] GC(62) Phase 2: Compute new object addresses 127.035ms
[17.482s][info][gc,phases,start] GC(62) Phase 3: Adjust pointers
[17.509s][info][gc,phases      ] GC(62) Phase 3: Adjust pointers 27.781ms
[17.509s][info][gc,phases,start] GC(62) Phase 4: Move objects
[17.509s][info][gc,phases      ] GC(62) Phase 4: Move objects 0.031ms
[17.510s][info][gc,heap        ] GC(62) DefNew: 818020K(1258304K)->0K(1258304K) Eden: 799663K(1118528K)->0K(1118528K) From: 18356K(139776K)->0K(139776K)
[17.510s][info][gc,heap        ] GC(62) Tenured: 75914K(2796224K)->75913K(2796224K)
[17.510s][info][gc,metaspace   ] GC(62) Metaspace: 11187K(11456K)->11187K(11456K) NonClass: 9791K(9984K)->9791K(9984K) Class: 1395K(1472K)->1395K(1472K)
[17.510s][info][gc             ] GC(62) Pause Full (System.gc()) 872M->74M(3959M) 219.148ms
[17.510s][info][gc,cpu         ] GC(62) User=0.20s Sys=0.00s Real=0.22s
[17.627s][info][gc,start       ] GC(63) Pause Young (Allocation Failure)
[17.701s][info][gc,heap        ] GC(63) DefNew: 1118528K(1258304K)->18411K(1258304K) Eden: 1118528K(1118528K)->0K(1118528K) From: 0K(139776K)->18411K(139776K)
[17.701s][info][gc,heap        ] GC(63) Tenured: 75913K(2796224K)->75913K(2796224K)
[17.702s][info][gc,metaspace   ] GC(63) Metaspace: 11187K(11456K)->11187K(11456K) NonClass: 9791K(9984K)->9791K(9984K) Class: 1395K(1472K)->1395K(1472K)
[17.702s][info][gc             ] GC(63) Pause Young (Allocation Failure) 1166M->92M(3959M) 74.272ms
[17.702s][info][gc,cpu         ] GC(63) User=0.08s Sys=0.00s Real=0.08s
[17.790s][info][gc,start       ] GC(64) Pause Full (System.gc())
[17.790s][info][gc,phases,start] GC(64) Phase 1: Mark live objects
[17.855s][info][gc,phases      ] GC(64) Phase 1: Mark live objects 65.187ms
[17.855s][info][gc,phases,start] GC(64) Phase 2: Compute new object addresses
[17.982s][info][gc,phases      ] GC(64) Phase 2: Compute new object addresses 126.459ms
[17.982s][info][gc,phases,start] GC(64) Phase 3: Adjust pointers
[18.009s][info][gc,phases      ] GC(64) Phase 3: Adjust pointers 27.081ms
[18.009s][info][gc,phases,start] GC(64) Phase 4: Move objects
[18.009s][info][gc,phases      ] GC(64) Phase 4: Move objects 0.009ms
[18.009s][info][gc,heap        ] GC(64) DefNew: 813511K(1258304K)->0K(1258304K) Eden: 795099K(1118528K)->0K(1118528K) From: 18411K(139776K)->0K(139776K)
[18.009s][info][gc,heap        ] GC(64) Tenured: 75913K(2796224K)->75913K(2796224K)
[18.009s][info][gc,metaspace   ] GC(64) Metaspace: 11187K(11456K)->11187K(11456K) NonClass: 9792K(9984K)->9792K(9984K) Class: 1395K(1472K)->1395K(1472K)
[18.009s][info][gc             ] GC(64) Pause Full (System.gc()) 868M->74M(3959M) 219.074ms
[18.009s][info][gc,cpu         ] GC(64) User=0.20s Sys=0.00s Real=0.22s
[18.124s][info][gc,start       ] GC(65) Pause Young (Allocation Failure)
[18.198s][info][gc,heap        ] GC(65) DefNew: 1118528K(1258304K)->18329K(1258304K) Eden: 1118528K(1118528K)->0K(1118528K) From: 0K(139776K)->18329K(139776K)
[18.198s][info][gc,heap        ] GC(65) Tenured: 75913K(2796224K)->75913K(2796224K)
[18.198s][info][gc,metaspace   ] GC(65) Metaspace: 11188K(11456K)->11188K(11456K) NonClass: 9792K(9984K)->9792K(9984K) Class: 1395K(1472K)->1395K(1472K)
[18.198s][info][gc             ] GC(65) Pause Young (Allocation Failure) 1166M->92M(3959M) 73.769ms
[18.198s][info][gc,cpu         ] GC(65) User=0.06s Sys=0.00s Real=0.08s
[18.285s][info][gc,start       ] GC(66) Pause Full (System.gc())
[18.285s][info][gc,phases,start] GC(66) Phase 1: Mark live objects
[18.350s][info][gc,phases      ] GC(66) Phase 1: Mark live objects 64.755ms
[18.350s][info][gc,phases,start] GC(66) Phase 2: Compute new object addresses
[18.476s][info][gc,phases      ] GC(66) Phase 2: Compute new object addresses 126.664ms
[18.476s][info][gc,phases,start] GC(66) Phase 3: Adjust pointers
[18.503s][info][gc,phases      ] GC(66) Phase 3: Adjust pointers 27.021ms
[18.504s][info][gc,phases,start] GC(66) Phase 4: Move objects
[18.504s][info][gc,phases      ] GC(66) Phase 4: Move objects 0.009ms
[18.504s][info][gc,heap        ] GC(66) DefNew: 819882K(1258304K)->0K(1258304K) Eden: 801553K(1118528K)->0K(1118528K) From: 18329K(139776K)->0K(139776K)
[18.504s][info][gc,heap        ] GC(66) Tenured: 75913K(2796224K)->75913K(2796224K)
[18.504s][info][gc,metaspace   ] GC(66) Metaspace: 11188K(11456K)->11188K(11456K) NonClass: 9792K(9984K)->9792K(9984K) Class: 1395K(1472K)->1395K(1472K)
[18.504s][info][gc             ] GC(66) Pause Full (System.gc()) 874M->74M(3959M) 218.759ms
[18.504s][info][gc,cpu         ] GC(66) User=0.22s Sys=0.00s Real=0.22s
[18.625s][info][gc,start       ] GC(67) Pause Young (Allocation Failure)
[18.700s][info][gc,heap        ] GC(67) DefNew: 1118528K(1258304K)->18420K(1258304K) Eden: 1118528K(1118528K)->0K(1118528K) From: 0K(139776K)->18420K(139776K)
[18.700s][info][gc,heap        ] GC(67) Tenured: 75913K(2796224K)->75913K(2796224K)
[18.700s][info][gc,metaspace   ] GC(67) Metaspace: 11188K(11456K)->11188K(11456K) NonClass: 9792K(9984K)->9792K(9984K) Class: 1395K(1472K)->1395K(1472K)
[18.700s][info][gc             ] GC(67) Pause Young (Allocation Failure) 1166M->92M(3959M) 75.097ms
[18.700s][info][gc,cpu         ] GC(67) User=0.08s Sys=0.00s Real=0.08s
[18.787s][info][gc,start       ] GC(68) Pause Full (System.gc())
[18.787s][info][gc,phases,start] GC(68) Phase 1: Mark live objects
[18.852s][info][gc,phases      ] GC(68) Phase 1: Mark live objects 64.906ms
[18.852s][info][gc,phases,start] GC(68) Phase 2: Compute new object addresses
[18.979s][info][gc,phases      ] GC(68) Phase 2: Compute new object addresses 126.440ms
[18.979s][info][gc,phases,start] GC(68) Phase 3: Adjust pointers
[19.006s][info][gc,phases      ] GC(68) Phase 3: Adjust pointers 27.037ms
[19.006s][info][gc,phases,start] GC(68) Phase 4: Move objects
[19.006s][info][gc,phases      ] GC(68) Phase 4: Move objects 0.009ms
[19.006s][info][gc,heap        ] GC(68) DefNew: 809439K(1258304K)->0K(1258304K) Eden: 791019K(1118528K)->0K(1118528K) From: 18420K(139776K)->0K(139776K)
[19.006s][info][gc,heap        ] GC(68) Tenured: 75913K(2796224K)->75913K(2796224K)
[19.006s][info][gc,metaspace   ] GC(68) Metaspace: 11188K(11456K)->11188K(11456K) NonClass: 9792K(9984K)->9792K(9984K) Class: 1395K(1472K)->1395K(1472K)
[19.006s][info][gc             ] GC(68) Pause Full (System.gc()) 864M->74M(3959M) 218.681ms
[19.006s][info][gc,cpu         ] GC(68) User=0.22s Sys=0.00s Real=0.22s
[19.120s][info][gc,start       ] GC(69) Pause Young (Allocation Failure)
[19.194s][info][gc,heap        ] GC(69) DefNew: 1118528K(1258304K)->18325K(1258304K) Eden: 1118528K(1118528K)->0K(1118528K) From: 0K(139776K)->18325K(139776K)
[19.194s][info][gc,heap        ] GC(69) Tenured: 75913K(2796224K)->75913K(2796224K)
[19.194s][info][gc,metaspace   ] GC(69) Metaspace: 11188K(11456K)->11188K(11456K) NonClass: 9793K(9984K)->9793K(9984K) Class: 1395K(1472K)->1395K(1472K)
[19.194s][info][gc             ] GC(69) Pause Young (Allocation Failure) 1166M->92M(3959M) 73.987ms
[19.194s][info][gc,cpu         ] GC(69) User=0.08s Sys=0.00s Real=0.06s
[19.283s][info][gc,start       ] GC(70) Pause Full (System.gc())
[19.283s][info][gc,phases,start] GC(70) Phase 1: Mark live objects
[19.348s][info][gc,phases      ] GC(70) Phase 1: Mark live objects 65.169ms
[19.348s][info][gc,phases,start] GC(70) Phase 2: Compute new object addresses
[19.475s][info][gc,phases      ] GC(70) Phase 2: Compute new object addresses 127.147ms
[19.475s][info][gc,phases,start] GC(70) Phase 3: Adjust pointers
[19.502s][info][gc,phases      ] GC(70) Phase 3: Adjust pointers 27.063ms
[19.502s][info][gc,phases,start] GC(70) Phase 4: Move objects
[19.502s][info][gc,phases      ] GC(70) Phase 4: Move objects 0.009ms
[19.502s][info][gc,heap        ] GC(70) DefNew: 819862K(1258304K)->0K(1258304K) Eden: 801536K(1118528K)->0K(1118528K) From: 18325K(139776K)->0K(139776K)
[19.502s][info][gc,heap        ] GC(70) Tenured: 75913K(2796224K)->75913K(2796224K)
[19.502s][info][gc,metaspace   ] GC(70) Metaspace: 11188K(11456K)->11188K(11456K) NonClass: 9793K(9984K)->9793K(9984K) Class: 1395K(1472K)->1395K(1472K)
[19.502s][info][gc             ] GC(70) Pause Full (System.gc()) 874M->74M(3959M) 219.721ms
[19.502s][info][gc,cpu         ] GC(70) User=0.20s Sys=0.00s Real=0.22s
[19.625s][info][gc,start       ] GC(71) Pause Young (Allocation Failure)
[19.700s][info][gc,heap        ] GC(71) DefNew: 1118528K(1258304K)->18359K(1258304K) Eden: 1118528K(1118528K)->0K(1118528K) From: 0K(139776K)->18359K(139776K)
[19.700s][info][gc,heap        ] GC(71) Tenured: 75913K(2796224K)->75913K(2796224K)
[19.700s][info][gc,metaspace   ] GC(71) Metaspace: 11188K(11456K)->11188K(11456K) NonClass: 9793K(9984K)->9793K(9984K) Class: 1395K(1472K)->1395K(1472K)
[19.700s][info][gc             ] GC(71) Pause Young (Allocation Failure) 1166M->92M(3959M) 74.885ms
[19.700s][info][gc,cpu         ] GC(71) User=0.06s Sys=0.00s Real=0.06s
[19.791s][info][gc,start       ] GC(72) Pause Full (System.gc())
[19.792s][info][gc,phases,start] GC(72) Phase 1: Mark live objects
[19.857s][info][gc,phases      ] GC(72) Phase 1: Mark live objects 65.199ms
[19.857s][info][gc,phases,start] GC(72) Phase 2: Compute new object addresses
[19.983s][info][gc,phases      ] GC(72) Phase 2: Compute new object addresses 126.462ms
[19.983s][info][gc,phases,start] GC(72) Phase 3: Adjust pointers
[20.010s][info][gc,phases      ] GC(72) Phase 3: Adjust pointers 26.909ms
[20.010s][info][gc,phases,start] GC(72) Phase 4: Move objects
[20.010s][info][gc,phases      ] GC(72) Phase 4: Move objects 0.009ms
[20.010s][info][gc,heap        ] GC(72) DefNew: 813628K(1258304K)->0K(1258304K) Eden: 795268K(1118528K)->0K(1118528K) From: 18359K(139776K)->0K(139776K)
[20.010s][info][gc,heap        ] GC(72) Tenured: 75913K(2796224K)->75913K(2796224K)
[20.010s][info][gc,metaspace   ] GC(72) Metaspace: 11189K(11456K)->11189K(11456K) NonClass: 9793K(9984K)->9793K(9984K) Class: 1395K(1472K)->1395K(1472K)
[20.010s][info][gc             ] GC(72) Pause Full (System.gc()) 868M->74M(3959M) 218.895ms
[20.010s][info][gc,cpu         ] GC(72) User=0.20s Sys=0.00s Real=0.23s
[20.125s][info][gc,start       ] GC(73) Pause Young (Allocation Failure)
[20.200s][info][gc,heap        ] GC(73) DefNew: 1118528K(1258304K)->18360K(1258304K) Eden: 1118528K(1118528K)->0K(1118528K) From: 0K(139776K)->18360K(139776K)
[20.200s][info][gc,heap        ] GC(73) Tenured: 75913K(2796224K)->75913K(2796224K)
[20.200s][info][gc,metaspace   ] GC(73) Metaspace: 11189K(11456K)->11189K(11456K) NonClass: 9794K(9984K)->9794K(9984K) Class: 1395K(1472K)->1395K(1472K)
[20.200s][info][gc             ] GC(73) Pause Young (Allocation Failure) 1166M->92M(3959M) 74.555ms
[20.200s][info][gc,cpu         ] GC(73) User=0.06s Sys=0.00s Real=0.06s
[20.289s][info][gc,start       ] GC(74) Pause Full (System.gc())
[20.289s][info][gc,phases,start] GC(74) Phase 1: Mark live objects
[20.354s][info][gc,phases      ] GC(74) Phase 1: Mark live objects 65.047ms
[20.354s][info][gc,phases,start] GC(74) Phase 2: Compute new object addresses
[20.481s][info][gc,phases      ] GC(74) Phase 2: Compute new object addresses 126.962ms
[20.481s][info][gc,phases,start] GC(74) Phase 3: Adjust pointers
[20.509s][info][gc,phases      ] GC(74) Phase 3: Adjust pointers 27.552ms
[20.509s][info][gc,phases,start] GC(74) Phase 4: Move objects
[20.509s][info][gc,phases      ] GC(74) Phase 4: Move objects 0.009ms
[20.509s][info][gc,heap        ] GC(74) DefNew: 814529K(1258304K)->0K(1258304K) Eden: 796168K(1118528K)->0K(1118528K) From: 18360K(139776K)->0K(139776K)
[20.509s][info][gc,heap        ] GC(74) Tenured: 75913K(2796224K)->75913K(2796224K)
[20.509s][info][gc,metaspace   ] GC(74) Metaspace: 11189K(11456K)->11189K(11456K) NonClass: 9794K(9984K)->9794K(9984K) Class: 1395K(1472K)->1395K(1472K)
[20.509s][info][gc             ] GC(74) Pause Full (System.gc()) 869M->74M(3959M) 219.944ms
[20.509s][info][gc,cpu         ] GC(74) User=0.19s Sys=0.02s Real=0.22s
[20.628s][info][gc,start       ] GC(75) Pause Young (Allocation Failure)
[20.702s][info][gc,heap        ] GC(75) DefNew: 1118528K(1258304K)->18260K(1258304K) Eden: 1118528K(1118528K)->0K(1118528K) From: 0K(139776K)->18260K(139776K)
[20.702s][info][gc,heap        ] GC(75) Tenured: 75913K(2796224K)->75913K(2796224K)
[20.702s][info][gc,metaspace   ] GC(75) Metaspace: 11189K(11456K)->11189K(11456K) NonClass: 9794K(9984K)->9794K(9984K) Class: 1395K(1472K)->1395K(1472K)
[20.702s][info][gc             ] GC(75) Pause Young (Allocation Failure) 1166M->91M(3959M) 73.832ms
[20.702s][info][gc,cpu         ] GC(75) User=0.06s Sys=0.00s Real=0.06s
[20.790s][info][gc,start       ] GC(76) Pause Full (System.gc())
[20.790s][info][gc,phases,start] GC(76) Phase 1: Mark live objects
[20.856s][info][gc,phases      ] GC(76) Phase 1: Mark live objects 65.808ms
[20.856s][info][gc,phases,start] GC(76) Phase 2: Compute new object addresses
[20.982s][info][gc,phases      ] GC(76) Phase 2: Compute new object addresses 126.899ms
[20.983s][info][gc,phases,start] GC(76) Phase 3: Adjust pointers
[21.009s][info][gc,phases      ] GC(76) Phase 3: Adjust pointers 26.952ms
[21.010s][info][gc,phases,start] GC(76) Phase 4: Move objects
[21.010s][info][gc,phases      ] GC(76) Phase 4: Move objects 0.009ms
[21.010s][info][gc,heap        ] GC(76) DefNew: 815913K(1258304K)->0K(1258304K) Eden: 797652K(1118528K)->0K(1118528K) From: 18260K(139776K)->0K(139776K)
[21.010s][info][gc,heap        ] GC(76) Tenured: 75913K(2796224K)->75913K(2796224K)
[21.010s][info][gc,metaspace   ] GC(76) Metaspace: 11189K(11456K)->11189K(11456K) NonClass: 9794K(9984K)->9794K(9984K) Class: 1395K(1472K)->1395K(1472K)
[21.010s][info][gc             ] GC(76) Pause Full (System.gc()) 870M->74M(3959M) 220.014ms
[21.010s][info][gc,cpu         ] GC(76) User=0.20s Sys=0.00s Real=0.22s
[21.124s][info][gc,start       ] GC(77) Pause Young (Allocation Failure)
[21.199s][info][gc,heap        ] GC(77) DefNew: 1118528K(1258304K)->18417K(1258304K) Eden: 1118528K(1118528K)->0K(1118528K) From: 0K(139776K)->18417K(139776K)
[21.199s][info][gc,heap        ] GC(77) Tenured: 75913K(2796224K)->75913K(2796224K)
[21.199s][info][gc,metaspace   ] GC(77) Metaspace: 11189K(11456K)->11189K(11456K) NonClass: 9794K(9984K)->9794K(9984K) Class: 1395K(1472K)->1395K(1472K)
[21.199s][info][gc             ] GC(77) Pause Young (Allocation Failure) 1166M->92M(3959M) 74.344ms
[21.199s][info][gc,cpu         ] GC(77) User=0.06s Sys=0.00s Real=0.08s
[21.287s][info][gc,start       ] GC(78) Pause Full (System.gc())
[21.287s][info][gc,phases,start] GC(78) Phase 1: Mark live objects
[21.352s][info][gc,phases      ] GC(78) Phase 1: Mark live objects 64.883ms
[21.352s][info][gc,phases,start] GC(78) Phase 2: Compute new object addresses
[21.478s][info][gc,phases      ] GC(78) Phase 2: Compute new object addresses 126.571ms
[21.478s][info][gc,phases,start] GC(78) Phase 3: Adjust pointers
[21.505s][info][gc,phases      ] GC(78) Phase 3: Adjust pointers 27.040ms
[21.505s][info][gc,phases,start] GC(78) Phase 4: Move objects
[21.505s][info][gc,phases      ] GC(78) Phase 4: Move objects 0.060ms
[21.506s][info][gc,heap        ] GC(78) DefNew: 813433K(1258304K)->0K(1258304K) Eden: 795015K(1118528K)->0K(1118528K) From: 18417K(139776K)->0K(139776K)
[21.506s][info][gc,heap        ] GC(78) Tenured: 75913K(2796224K)->75913K(2796224K)
[21.506s][info][gc,metaspace   ] GC(78) Metaspace: 11189K(11456K)->11189K(11456K) NonClass: 9794K(9984K)->9794K(9984K) Class: 1395K(1472K)->1395K(1472K)
[21.506s][info][gc             ] GC(78) Pause Full (System.gc()) 868M->74M(3959M) 218.880ms
[21.506s][info][gc,cpu         ] GC(78) User=0.20s Sys=0.00s Real=0.22s
[21.624s][info][gc,start       ] GC(79) Pause Young (Allocation Failure)
[21.698s][info][gc,heap        ] GC(79) DefNew: 1118528K(1258304K)->18296K(1258304K) Eden: 1118528K(1118528K)->0K(1118528K) From: 0K(139776K)->18296K(139776K)
[21.698s][info][gc,heap        ] GC(79) Tenured: 75913K(2796224K)->75913K(2796224K)
[21.698s][info][gc,metaspace   ] GC(79) Metaspace: 11190K(11456K)->11190K(11456K) NonClass: 9794K(9984K)->9794K(9984K) Class: 1395K(1472K)->1395K(1472K)
[21.698s][info][gc             ] GC(79) Pause Young (Allocation Failure) 1166M->92M(3959M) 73.822ms
[21.698s][info][gc,cpu         ] GC(79) User=0.08s Sys=0.00s Real=0.08s
[21.786s][info][gc,start       ] GC(80) Pause Full (System.gc())
[21.786s][info][gc,phases,start] GC(80) Phase 1: Mark live objects
[21.850s][info][gc,phases      ] GC(80) Phase 1: Mark live objects 64.521ms
[21.850s][info][gc,phases,start] GC(80) Phase 2: Compute new object addresses
[21.978s][info][gc,phases      ] GC(80) Phase 2: Compute new object addresses 127.055ms
[21.978s][info][gc,phases,start] GC(80) Phase 3: Adjust pointers
[22.004s][info][gc,phases      ] GC(80) Phase 3: Adjust pointers 26.922ms
[22.005s][info][gc,phases,start] GC(80) Phase 4: Move objects
[22.005s][info][gc,phases      ] GC(80) Phase 4: Move objects 0.009ms
[22.005s][info][gc,heap        ] GC(80) DefNew: 819296K(1258304K)->0K(1258304K) Eden: 800999K(1118528K)->0K(1118528K) From: 18296K(139776K)->0K(139776K)
[22.005s][info][gc,heap        ] GC(80) Tenured: 75913K(2796224K)->75913K(2796224K)
[22.005s][info][gc,metaspace   ] GC(80) Metaspace: 11191K(11456K)->11191K(11456K) NonClass: 9795K(9984K)->9795K(9984K) Class: 1395K(1472K)->1395K(1472K)
[22.005s][info][gc             ] GC(80) Pause Full (System.gc()) 874M->74M(3959M) 218.802ms
[22.005s][info][gc,cpu         ] GC(80) User=0.22s Sys=0.00s Real=0.22s
[22.120s][info][gc,start       ] GC(81) Pause Young (Allocation Failure)
[22.194s][info][gc,heap        ] GC(81) DefNew: 1118528K(1258304K)->18376K(1258304K) Eden: 1118528K(1118528K)->0K(1118528K) From: 0K(139776K)->18376K(139776K)
[22.194s][info][gc,heap        ] GC(81) Tenured: 75913K(2796224K)->75913K(2796224K)
[22.194s][info][gc,metaspace   ] GC(81) Metaspace: 11191K(11456K)->11191K(11456K) NonClass: 9795K(9984K)->9795K(9984K) Class: 1395K(1472K)->1395K(1472K)
[22.194s][info][gc             ] GC(81) Pause Young (Allocation Failure) 1166M->92M(3959M) 74.370ms
[22.194s][info][gc,cpu         ] GC(81) User=0.06s Sys=0.00s Real=0.06s
[22.285s][info][gc,start       ] GC(82) Pause Full (System.gc())
[22.286s][info][gc,phases,start] GC(82) Phase 1: Mark live objects
[22.350s][info][gc,phases      ] GC(82) Phase 1: Mark live objects 64.951ms
[22.351s][info][gc,phases,start] GC(82) Phase 2: Compute new object addresses
[22.477s][info][gc,phases      ] GC(82) Phase 2: Compute new object addresses 126.832ms
[22.477s][info][gc,phases,start] GC(82) Phase 3: Adjust pointers
[22.504s][info][gc,phases      ] GC(82) Phase 3: Adjust pointers 27.038ms
[22.504s][info][gc,phases,start] GC(82) Phase 4: Move objects
[22.504s][info][gc,phases      ] GC(82) Phase 4: Move objects 0.009ms
[22.505s][info][gc,heap        ] GC(82) DefNew: 816734K(1258304K)->0K(1258304K) Eden: 798357K(1118528K)->0K(1118528K) From: 18376K(139776K)->0K(139776K)
[22.505s][info][gc,heap        ] GC(82) Tenured: 75913K(2796224K)->75914K(2796224K)
[22.505s][info][gc,metaspace   ] GC(82) Metaspace: 11191K(11456K)->11191K(11456K) NonClass: 9795K(9984K)->9795K(9984K) Class: 1395K(1472K)->1395K(1472K)
[22.505s][info][gc             ] GC(82) Pause Full (System.gc()) 871M->74M(3959M) 219.251ms
[22.505s][info][gc,cpu         ] GC(82) User=0.20s Sys=0.00s Real=0.22s
[22.626s][info][gc,start       ] GC(83) Pause Young (Allocation Failure)
[22.701s][info][gc,heap        ] GC(83) DefNew: 1118528K(1258304K)->18460K(1258304K) Eden: 1118528K(1118528K)->0K(1118528K) From: 0K(139776K)->18460K(139776K)
[22.701s][info][gc,heap        ] GC(83) Tenured: 75914K(2796224K)->75914K(2796224K)
[22.701s][info][gc,metaspace   ] GC(83) Metaspace: 11191K(11456K)->11191K(11456K) NonClass: 9795K(9984K)->9795K(9984K) Class: 1395K(1472K)->1395K(1472K)
[22.701s][info][gc             ] GC(83) Pause Young (Allocation Failure) 1166M->92M(3959M) 74.866ms
[22.701s][info][gc,cpu         ] GC(83) User=0.06s Sys=0.00s Real=0.08s
[22.788s][info][gc,start       ] GC(84) Pause Full (System.gc())
[22.788s][info][gc,phases,start] GC(84) Phase 1: Mark live objects
[22.853s][info][gc,phases      ] GC(84) Phase 1: Mark live objects 65.011ms
[22.853s][info][gc,phases,start] GC(84) Phase 2: Compute new object addresses
[22.979s][info][gc,phases      ] GC(84) Phase 2: Compute new object addresses 126.247ms
[22.979s][info][gc,phases,start] GC(84) Phase 3: Adjust pointers
[23.006s][info][gc,phases      ] GC(84) Phase 3: Adjust pointers 27.056ms
[23.006s][info][gc,phases,start] GC(84) Phase 4: Move objects
[23.006s][info][gc,phases      ] GC(84) Phase 4: Move objects 0.009ms
[23.007s][info][gc,heap        ] GC(84) DefNew: 809898K(1258304K)->0K(1258304K) Eden: 791438K(1118528K)->0K(1118528K) From: 18460K(139776K)->0K(139776K)
[23.007s][info][gc,heap        ] GC(84) Tenured: 75914K(2796224K)->75914K(2796224K)
[23.007s][info][gc,metaspace   ] GC(84) Metaspace: 11192K(11456K)->11192K(11456K) NonClass: 9796K(9984K)->9796K(9984K) Class: 1395K(1472K)->1395K(1472K)
[23.007s][info][gc             ] GC(84) Pause Full (System.gc()) 865M->74M(3959M) 218.649ms
[23.007s][info][gc,cpu         ] GC(84) User=0.20s Sys=0.00s Real=0.22s
[23.122s][info][gc,start       ] GC(85) Pause Young (Allocation Failure)
[23.196s][info][gc,heap        ] GC(85) DefNew: 1118528K(1258304K)->18436K(1258304K) Eden: 1118528K(1118528K)->0K(1118528K) From: 0K(139776K)->18436K(139776K)
[23.196s][info][gc,heap        ] GC(85) Tenured: 75914K(2796224K)->75914K(2796224K)
[23.196s][info][gc,metaspace   ] GC(85) Metaspace: 11192K(11456K)->11192K(11456K) NonClass: 9797K(9984K)->9797K(9984K) Class: 1395K(1472K)->1395K(1472K)
[23.196s][info][gc             ] GC(85) Pause Young (Allocation Failure) 1166M->92M(3959M) 74.324ms
[23.197s][info][gc,cpu         ] GC(85) User=0.08s Sys=0.00s Real=0.07s
[23.287s][info][gc,start       ] GC(86) Pause Full (System.gc())
[23.287s][info][gc,phases,start] GC(86) Phase 1: Mark live objects
[23.352s][info][gc,phases      ] GC(86) Phase 1: Mark live objects 65.179ms
[23.352s][info][gc,phases,start] GC(86) Phase 2: Compute new object addresses
[23.479s][info][gc,phases      ] GC(86) Phase 2: Compute new object addresses 126.418ms
[23.479s][info][gc,phases,start] GC(86) Phase 3: Adjust pointers
[23.506s][info][gc,phases      ] GC(86) Phase 3: Adjust pointers 27.691ms
[23.506s][info][gc,phases,start] GC(86) Phase 4: Move objects
[23.506s][info][gc,phases      ] GC(86) Phase 4: Move objects 0.009ms
[23.506s][info][gc,heap        ] GC(86) DefNew: 812333K(1258304K)->0K(1258304K) Eden: 793897K(1118528K)->0K(1118528K) From: 18436K(139776K)->0K(139776K)
[23.506s][info][gc,heap        ] GC(86) Tenured: 75914K(2796224K)->75913K(2796224K)
[23.506s][info][gc,metaspace   ] GC(86) Metaspace: 11193K(11456K)->11193K(11456K) NonClass: 9797K(9984K)->9797K(9984K) Class: 1395K(1472K)->1395K(1472K)
[23.506s][info][gc             ] GC(86) Pause Full (System.gc()) 867M->74M(3959M) 219.623ms
[23.506s][info][gc,cpu         ] GC(86) User=0.20s Sys=0.00s Real=0.22s
[23.624s][info][gc,start       ] GC(87) Pause Young (Allocation Failure)
[23.698s][info][gc,heap        ] GC(87) DefNew: 1118528K(1258304K)->18205K(1258304K) Eden: 1118528K(1118528K)->0K(1118528K) From: 0K(139776K)->18205K(139776K)
[23.698s][info][gc,heap        ] GC(87) Tenured: 75913K(2796224K)->75913K(2796224K)
[23.698s][info][gc,metaspace   ] GC(87) Metaspace: 11194K(11456K)->11194K(11456K) NonClass: 9799K(9984K)->9799K(9984K) Class: 1395K(1472K)->1395K(1472K)
[23.698s][info][gc             ] GC(87) Pause Young (Allocation Failure) 1166M->91M(3959M) 74.005ms
[23.698s][info][gc,cpu         ] GC(87) User=0.08s Sys=0.00s Real=0.08s
[23.787s][info][gc,start       ] GC(88) Pause Full (System.gc())
[23.787s][info][gc,phases,start] GC(88) Phase 1: Mark live objects
[23.853s][info][gc,phases      ] GC(88) Phase 1: Mark live objects 65.323ms
[23.853s][info][gc,phases,start] GC(88) Phase 2: Compute new object addresses
[23.980s][info][gc,phases      ] GC(88) Phase 2: Compute new object addresses 127.220ms
[23.980s][info][gc,phases,start] GC(88) Phase 3: Adjust pointers
[24.007s][info][gc,phases      ] GC(88) Phase 3: Adjust pointers 27.116ms
[24.007s][info][gc,phases,start] GC(88) Phase 4: Move objects
[24.007s][info][gc,phases      ] GC(88) Phase 4: Move objects 0.009ms
[24.007s][info][gc,heap        ] GC(88) DefNew: 816388K(1258304K)->0K(1258304K) Eden: 798182K(1118528K)->0K(1118528K) From: 18205K(139776K)->0K(139776K)
[24.007s][info][gc,heap        ] GC(88) Tenured: 75913K(2796224K)->75913K(2796224K)
[24.007s][info][gc,metaspace   ] GC(88) Metaspace: 11194K(11456K)->11194K(11456K) NonClass: 9799K(9984K)->9799K(9984K) Class: 1395K(1472K)->1395K(1472K)
[24.007s][info][gc             ] GC(88) Pause Full (System.gc()) 871M->74M(3959M) 219.987ms
[24.007s][info][gc,cpu         ] GC(88) User=0.20s Sys=0.00s Real=0.22s
[24.122s][info][gc,start       ] GC(89) Pause Young (Allocation Failure)
[24.196s][info][gc,heap        ] GC(89) DefNew: 1118528K(1258304K)->18329K(1258304K) Eden: 1118528K(1118528K)->0K(1118528K) From: 0K(139776K)->18329K(139776K)
[24.196s][info][gc,heap        ] GC(89) Tenured: 75913K(2796224K)->75913K(2796224K)
[24.196s][info][gc,metaspace   ] GC(89) Metaspace: 11195K(11456K)->11195K(11456K) NonClass: 9799K(9984K)->9799K(9984K) Class: 1395K(1472K)->1395K(1472K)
[24.196s][info][gc             ] GC(89) Pause Young (Allocation Failure) 1166M->92M(3959M) 73.977ms
[24.196s][info][gc,cpu         ] GC(89) User=0.06s Sys=0.00s Real=0.07s
[24.287s][info][gc,start       ] GC(90) Pause Full (System.gc())
[24.287s][info][gc,phases,start] GC(90) Phase 1: Mark live objects
[24.353s][info][gc,phases      ] GC(90) Phase 1: Mark live objects 65.583ms
[24.353s][info][gc,phases,start] GC(90) Phase 2: Compute new object addresses
[24.480s][info][gc,phases      ] GC(90) Phase 2: Compute new object addresses 127.109ms
[24.480s][info][gc,phases,start] GC(90) Phase 3: Adjust pointers
[24.508s][info][gc,phases      ] GC(90) Phase 3: Adjust pointers 27.772ms
[24.508s][info][gc,phases,start] GC(90) Phase 4: Move objects
[24.508s][info][gc,phases      ] GC(90) Phase 4: Move objects 0.010ms
[24.508s][info][gc,heap        ] GC(90) DefNew: 817200K(1258304K)->0K(1258304K) Eden: 798870K(1118528K)->0K(1118528K) From: 18329K(139776K)->0K(139776K)
[24.508s][info][gc,heap        ] GC(90) Tenured: 75913K(2796224K)->75913K(2796224K)
[24.508s][info][gc,metaspace   ] GC(90) Metaspace: 11195K(11456K)->11195K(11456K) NonClass: 9799K(9984K)->9799K(9984K) Class: 1395K(1472K)->1395K(1472K)
[24.508s][info][gc             ] GC(90) Pause Full (System.gc()) 872M->74M(3959M) 220.859ms
[24.508s][info][gc,cpu         ] GC(90) User=0.20s Sys=0.00s Real=0.22s
[24.627s][info][gc,start       ] GC(91) Pause Young (Allocation Failure)
[24.702s][info][gc,heap        ] GC(91) DefNew: 1118528K(1258304K)->18269K(1258304K) Eden: 1118528K(1118528K)->0K(1118528K) From: 0K(139776K)->18269K(139776K)
[24.702s][info][gc,heap        ] GC(91) Tenured: 75913K(2796224K)->75913K(2796224K)
[24.702s][info][gc,metaspace   ] GC(91) Metaspace: 11195K(11456K)->11195K(11456K) NonClass: 9799K(9984K)->9799K(9984K) Class: 1395K(1472K)->1395K(1472K)
[24.702s][info][gc             ] GC(91) Pause Young (Allocation Failure) 1166M->91M(3959M) 74.677ms
[24.702s][info][gc,cpu         ] GC(91) User=0.08s Sys=0.00s Real=0.07s
[24.793s][info][gc,start       ] GC(92) Pause Full (System.gc())
[24.793s][info][gc,phases,start] GC(92) Phase 1: Mark live objects
[24.858s][info][gc,phases      ] GC(92) Phase 1: Mark live objects 65.269ms
[24.858s][info][gc,phases,start] GC(92) Phase 2: Compute new object addresses
[24.985s][info][gc,phases      ] GC(92) Phase 2: Compute new object addresses 126.583ms
[24.985s][info][gc,phases,start] GC(92) Phase 3: Adjust pointers
[25.012s][info][gc,phases      ] GC(92) Phase 3: Adjust pointers 26.941ms
[25.012s][info][gc,phases,start] GC(92) Phase 4: Move objects
[25.012s][info][gc,phases      ] GC(92) Phase 4: Move objects 0.009ms
[25.012s][info][gc,heap        ] GC(92) DefNew: 814399K(1258304K)->0K(1258304K) Eden: 796129K(1118528K)->0K(1118528K) From: 18269K(139776K)->0K(139776K)
[25.012s][info][gc,heap        ] GC(92) Tenured: 75913K(2796224K)->75913K(2796224K)
[25.012s][info][gc,metaspace   ] GC(92) Metaspace: 11195K(11456K)->11195K(11456K) NonClass: 9799K(9984K)->9799K(9984K) Class: 1395K(1472K)->1395K(1472K)
[25.012s][info][gc             ] GC(92) Pause Full (System.gc()) 869M->74M(3959M) 219.127ms
[25.012s][info][gc,cpu         ] GC(92) User=0.20s Sys=0.00s Real=0.22s
[25.127s][info][gc,start       ] GC(93) Pause Young (Allocation Failure)
[25.201s][info][gc,heap        ] GC(93) DefNew: 1118528K(1258304K)->18333K(1258304K) Eden: 1118528K(1118528K)->0K(1118528K) From: 0K(139776K)->18333K(139776K)
[25.201s][info][gc,heap        ] GC(93) Tenured: 75913K(2796224K)->75913K(2796224K)
[25.201s][info][gc,metaspace   ] GC(93) Metaspace: 11195K(11456K)->11195K(11456K) NonClass: 9799K(9984K)->9799K(9984K) Class: 1395K(1472K)->1395K(1472K)
[25.201s][info][gc             ] GC(93) Pause Young (Allocation Failure) 1166M->92M(3959M) 73.969ms
[25.201s][info][gc,cpu         ] GC(93) User=0.06s Sys=0.00s Real=0.08s
[25.288s][info][gc,start       ] GC(94) Pause Full (System.gc())
[25.288s][info][gc,phases,start] GC(94) Phase 1: Mark live objects
[25.352s][info][gc,phases      ] GC(94) Phase 1: Mark live objects 64.416ms
[25.352s][info][gc,phases,start] GC(94) Phase 2: Compute new object addresses
[25.479s][info][gc,phases      ] GC(94) Phase 2: Compute new object addresses 126.660ms
[25.479s][info][gc,phases,start] GC(94) Phase 3: Adjust pointers
[25.506s][info][gc,phases      ] GC(94) Phase 3: Adjust pointers 26.990ms
[25.506s][info][gc,phases,start] GC(94) Phase 4: Move objects
[25.506s][info][gc,phases      ] GC(94) Phase 4: Move objects 0.008ms
[25.506s][info][gc,heap        ] GC(94) DefNew: 813677K(1258304K)->0K(1258304K) Eden: 795343K(1118528K)->0K(1118528K) From: 18333K(139776K)->0K(139776K)
[25.506s][info][gc,heap        ] GC(94) Tenured: 75913K(2796224K)->75913K(2796224K)
[25.506s][info][gc,metaspace   ] GC(94) Metaspace: 11196K(11456K)->11196K(11456K) NonClass: 9800K(9984K)->9800K(9984K) Class: 1395K(1472K)->1395K(1472K)
[25.506s][info][gc             ] GC(94) Pause Full (System.gc()) 868M->74M(3959M) 218.362ms
[25.506s][info][gc,cpu         ] GC(94) User=0.20s Sys=0.00s Real=0.22s
[25.627s][info][gc,start       ] GC(95) Pause Young (Allocation Failure)
[25.702s][info][gc,heap        ] GC(95) DefNew: 1118528K(1258304K)->18376K(1258304K) Eden: 1118528K(1118528K)->0K(1118528K) From: 0K(139776K)->18376K(139776K)
[25.702s][info][gc,heap        ] GC(95) Tenured: 75913K(2796224K)->75913K(2796224K)
[25.702s][info][gc,metaspace   ] GC(95) Metaspace: 11196K(11456K)->11196K(11456K) NonClass: 9800K(9984K)->9800K(9984K) Class: 1395K(1472K)->1395K(1472K)
[25.702s][info][gc             ] GC(95) Pause Young (Allocation Failure) 1166M->92M(3959M) 74.805ms
[25.702s][info][gc,cpu         ] GC(95) User=0.06s Sys=0.00s Real=0.08s
[25.794s][info][gc,start       ] GC(96) Pause Full (System.gc())
[25.794s][info][gc,phases,start] GC(96) Phase 1: Mark live objects
[25.859s][info][gc,phases      ] GC(96) Phase 1: Mark live objects 64.884ms
[25.859s][info][gc,phases,start] GC(96) Phase 2: Compute new object addresses
[25.985s][info][gc,phases      ] GC(96) Phase 2: Compute new object addresses 126.298ms
[25.985s][info][gc,phases,start] GC(96) Phase 3: Adjust pointers
[26.012s][info][gc,phases      ] GC(96) Phase 3: Adjust pointers 26.887ms
[26.012s][info][gc,phases,start] GC(96) Phase 4: Move objects
[26.012s][info][gc,phases      ] GC(96) Phase 4: Move objects 0.010ms
[26.012s][info][gc,heap        ] GC(96) DefNew: 812044K(1258304K)->0K(1258304K) Eden: 793667K(1118528K)->0K(1118528K) From: 18376K(139776K)->0K(139776K)
[26.012s][info][gc,heap        ] GC(96) Tenured: 75913K(2796224K)->75913K(2796224K)
[26.012s][info][gc,metaspace   ] GC(96) Metaspace: 11198K(11456K)->11198K(11456K) NonClass: 9802K(9984K)->9802K(9984K) Class: 1395K(1472K)->1395K(1472K)
[26.012s][info][gc             ] GC(96) Pause Full (System.gc()) 867M->74M(3959M) 218.382ms
[26.012s][info][gc,cpu         ] GC(96) User=0.19s Sys=0.00s Real=0.20s
[26.127s][info][gc,start       ] GC(97) Pause Young (Allocation Failure)
[26.201s][info][gc,heap        ] GC(97) DefNew: 1118528K(1258304K)->18378K(1258304K) Eden: 1118528K(1118528K)->0K(1118528K) From: 0K(139776K)->18378K(139776K)
[26.201s][info][gc,heap        ] GC(97) Tenured: 75913K(2796224K)->75913K(2796224K)
[26.201s][info][gc,metaspace   ] GC(97) Metaspace: 11198K(11456K)->11198K(11456K) NonClass: 9802K(9984K)->9802K(9984K) Class: 1395K(1472K)->1395K(1472K)
[26.201s][info][gc             ] GC(97) Pause Young (Allocation Failure) 1166M->92M(3959M) 74.154ms
[26.201s][info][gc,cpu         ] GC(97) User=0.06s Sys=0.00s Real=0.08s
[26.289s][info][gc,start       ] GC(98) Pause Full (System.gc())
[26.289s][info][gc,phases,start] GC(98) Phase 1: Mark live objects
[26.354s][info][gc,phases      ] GC(98) Phase 1: Mark live objects 64.733ms
[26.354s][info][gc,phases,start] GC(98) Phase 2: Compute new object addresses
[26.481s][info][gc,phases      ] GC(98) Phase 2: Compute new object addresses 126.918ms
[26.481s][info][gc,phases,start] GC(98) Phase 3: Adjust pointers
[26.508s][info][gc,phases      ] GC(98) Phase 3: Adjust pointers 27.710ms
[26.508s][info][gc,phases,start] GC(98) Phase 4: Move objects
[26.508s][info][gc,phases      ] GC(98) Phase 4: Move objects 0.008ms
[26.508s][info][gc,heap        ] GC(98) DefNew: 817568K(1258304K)->0K(1258304K) Eden: 799190K(1118528K)->0K(1118528K) From: 18378K(139776K)->0K(139776K)
[26.508s][info][gc,heap        ] GC(98) Tenured: 75913K(2796224K)->75913K(2796224K)
[26.508s][info][gc,metaspace   ] GC(98) Metaspace: 11198K(11456K)->11198K(11456K) NonClass: 9802K(9984K)->9802K(9984K) Class: 1395K(1472K)->1395K(1472K)
[26.509s][info][gc             ] GC(98) Pause Full (System.gc()) 872M->74M(3959M) 219.716ms
[26.509s][info][gc,cpu         ] GC(98) User=0.20s Sys=0.00s Real=0.22s
[26.628s][info][gc,start       ] GC(99) Pause Young (Allocation Failure)
[26.701s][info][gc,heap        ] GC(99) DefNew: 1118528K(1258304K)->18356K(1258304K) Eden: 1118528K(1118528K)->0K(1118528K) From: 0K(139776K)->18356K(139776K)
[26.701s][info][gc,heap        ] GC(99) Tenured: 75913K(2796224K)->75913K(2796224K)
[26.701s][info][gc,metaspace   ] GC(99) Metaspace: 11198K(11456K)->11198K(11456K) NonClass: 9802K(9984K)->9802K(9984K) Class: 1395K(1472K)->1395K(1472K)
[26.702s][info][gc             ] GC(99) Pause Young (Allocation Failure) 1166M->92M(3959M) 73.979ms
[26.702s][info][gc,cpu         ] GC(99) User=0.08s Sys=0.00s Real=0.06s
[26.792s][info][gc,start       ] GC(100) Pause Full (System.gc())
[26.792s][info][gc,phases,start] GC(100) Phase 1: Mark live objects
[26.857s][info][gc,phases      ] GC(100) Phase 1: Mark live objects 65.231ms
[26.857s][info][gc,phases,start] GC(100) Phase 2: Compute new object addresses
[26.984s][info][gc,phases      ] GC(100) Phase 2: Compute new object addresses 126.277ms
[26.984s][info][gc,phases,start] GC(100) Phase 3: Adjust pointers
[27.011s][info][gc,phases      ] GC(100) Phase 3: Adjust pointers 27.082ms
[27.011s][info][gc,phases,start] GC(100) Phase 4: Move objects
[27.011s][info][gc,phases      ] GC(100) Phase 4: Move objects 0.014ms
[27.011s][info][gc,heap        ] GC(100) DefNew: 814035K(1258304K)->0K(1258304K) Eden: 795679K(1118528K)->0K(1118528K) From: 18356K(139776K)->0K(139776K)
[27.011s][info][gc,heap        ] GC(100) Tenured: 75913K(2796224K)->75913K(2796224K)
[27.011s][info][gc,metaspace   ] GC(100) Metaspace: 11198K(11456K)->11198K(11456K) NonClass: 9803K(9984K)->9803K(9984K) Class: 1395K(1472K)->1395K(1472K)
[27.011s][info][gc             ] GC(100) Pause Full (System.gc()) 869M->74M(3959M) 218.935ms
[27.011s][info][gc,cpu         ] GC(100) User=0.20s Sys=0.00s Real=0.22s
[27.127s][info][gc,start       ] GC(101) Pause Young (Allocation Failure)
[27.201s][info][gc,heap        ] GC(101) DefNew: 1118528K(1258304K)->18372K(1258304K) Eden: 1118528K(1118528K)->0K(1118528K) From: 0K(139776K)->18372K(139776K)
[27.201s][info][gc,heap        ] GC(101) Tenured: 75913K(2796224K)->75913K(2796224K)
[27.201s][info][gc,metaspace   ] GC(101) Metaspace: 11198K(11456K)->11198K(11456K) NonClass: 9803K(9984K)->9803K(9984K) Class: 1395K(1472K)->1395K(1472K)
[27.201s][info][gc             ] GC(101) Pause Young (Allocation Failure) 1166M->92M(3959M) 73.838ms
[27.201s][info][gc,cpu         ] GC(101) User=0.08s Sys=0.00s Real=0.07s
[27.287s][info][gc,start       ] GC(102) Pause Full (System.gc())
[27.287s][info][gc,phases,start] GC(102) Phase 1: Mark live objects
[27.352s][info][gc,phases      ] GC(102) Phase 1: Mark live objects 64.648ms
[27.352s][info][gc,phases,start] GC(102) Phase 2: Compute new object addresses
[27.479s][info][gc,phases      ] GC(102) Phase 2: Compute new object addresses 126.840ms
[27.479s][info][gc,phases,start] GC(102) Phase 3: Adjust pointers
[27.506s][info][gc,phases      ] GC(102) Phase 3: Adjust pointers 27.257ms
[27.506s][info][gc,phases,start] GC(102) Phase 4: Move objects
[27.506s][info][gc,phases      ] GC(102) Phase 4: Move objects 0.009ms
[27.506s][info][gc,heap        ] GC(102) DefNew: 810873K(1258304K)->0K(1258304K) Eden: 792501K(1118528K)->0K(1118528K) From: 18372K(139776K)->0K(139776K)
[27.506s][info][gc,heap        ] GC(102) Tenured: 75913K(2796224K)->75913K(2796224K)
[27.506s][info][gc,metaspace   ] GC(102) Metaspace: 11204K(11456K)->11204K(11456K) NonClass: 9808K(9984K)->9808K(9984K) Class: 1395K(1472K)->1395K(1472K)
[27.506s][info][gc             ] GC(102) Pause Full (System.gc()) 866M->74M(3959M) 219.075ms
[27.506s][info][gc,cpu         ] GC(102) User=0.20s Sys=0.00s Real=0.22s
[27.627s][info][gc,start       ] GC(103) Pause Young (Allocation Failure)
[27.702s][info][gc,heap        ] GC(103) DefNew: 1118528K(1258304K)->18324K(1258304K) Eden: 1118528K(1118528K)->0K(1118528K) From: 0K(139776K)->18324K(139776K)
[27.702s][info][gc,heap        ] GC(103) Tenured: 75913K(2796224K)->75913K(2796224K)
[27.702s][info][gc,metaspace   ] GC(103) Metaspace: 11204K(11456K)->11204K(11456K) NonClass: 9808K(9984K)->9808K(9984K) Class: 1395K(1472K)->1395K(1472K)
[27.702s][info][gc             ] GC(103) Pause Young (Allocation Failure) 1166M->92M(3959M) 74.711ms
[27.702s][info][gc,cpu         ] GC(103) User=0.08s Sys=0.00s Real=0.07s
[27.790s][info][gc,start       ] GC(104) Pause Full (System.gc())
[27.790s][info][gc,phases,start] GC(104) Phase 1: Mark live objects
[27.854s][info][gc,phases      ] GC(104) Phase 1: Mark live objects 64.510ms
[27.854s][info][gc,phases,start] GC(104) Phase 2: Compute new object addresses
[27.980s][info][gc,phases      ] GC(104) Phase 2: Compute new object addresses 126.268ms
[27.980s][info][gc,phases,start] GC(104) Phase 3: Adjust pointers
[28.008s][info][gc,phases      ] GC(104) Phase 3: Adjust pointers 27.662ms
[28.008s][info][gc,phases,start] GC(104) Phase 4: Move objects
[28.008s][info][gc,phases      ] GC(104) Phase 4: Move objects 0.010ms
[28.008s][info][gc,heap        ] GC(104) DefNew: 817276K(1258304K)->0K(1258304K) Eden: 798951K(1118528K)->0K(1118528K) From: 18324K(139776K)->0K(139776K)
[28.008s][info][gc,heap        ] GC(104) Tenured: 75913K(2796224K)->75913K(2796224K)
[28.008s][info][gc,metaspace   ] GC(104) Metaspace: 11204K(11456K)->11204K(11456K) NonClass: 9808K(9984K)->9808K(9984K) Class: 1395K(1472K)->1395K(1472K)
[28.008s][info][gc             ] GC(104) Pause Full (System.gc()) 872M->74M(3959M) 218.795ms
[28.008s][info][gc,cpu         ] GC(104) User=0.20s Sys=0.00s Real=0.22s
[28.123s][info][gc,start       ] GC(105) Pause Young (Allocation Failure)
[28.198s][info][gc,heap        ] GC(105) DefNew: 1118528K(1258304K)->18245K(1258304K) Eden: 1118528K(1118528K)->0K(1118528K) From: 0K(139776K)->18245K(139776K)
[28.198s][info][gc,heap        ] GC(105) Tenured: 75913K(2796224K)->75913K(2796224K)
[28.198s][info][gc,metaspace   ] GC(105) Metaspace: 11204K(11456K)->11204K(11456K) NonClass: 9808K(9984K)->9808K(9984K) Class: 1395K(1472K)->1395K(1472K)
[28.198s][info][gc             ] GC(105) Pause Young (Allocation Failure) 1166M->91M(3959M) 74.330ms
[28.198s][info][gc,cpu         ] GC(105) User=0.06s Sys=0.00s Real=0.08s
[28.291s][info][gc,start       ] GC(106) Pause Full (System.gc())
[28.291s][info][gc,phases,start] GC(106) Phase 1: Mark live objects
[28.356s][info][gc,phases      ] GC(106) Phase 1: Mark live objects 64.502ms
[28.356s][info][gc,phases,start] GC(106) Phase 2: Compute new object addresses
[28.483s][info][gc,phases      ] GC(106) Phase 2: Compute new object addresses 127.202ms
[28.483s][info][gc,phases,start] GC(106) Phase 3: Adjust pointers
[28.510s][info][gc,phases      ] GC(106) Phase 3: Adjust pointers 27.117ms
[28.510s][info][gc,phases,start] GC(106) Phase 4: Move objects
[28.510s][info][gc,phases      ] GC(106) Phase 4: Move objects 0.008ms
[28.510s][info][gc,heap        ] GC(106) DefNew: 817941K(1258304K)->0K(1258304K) Eden: 799696K(1118528K)->0K(1118528K) From: 18245K(139776K)->0K(139776K)
[28.510s][info][gc,heap        ] GC(106) Tenured: 75913K(2796224K)->75913K(2796224K)
[28.510s][info][gc,metaspace   ] GC(106) Metaspace: 11213K(11456K)->11213K(11456K) NonClass: 9818K(9984K)->9818K(9984K) Class: 1395K(1472K)->1395K(1472K)
[28.510s][info][gc             ] GC(106) Pause Full (System.gc()) 872M->74M(3959M) 219.166ms
[28.510s][info][gc,cpu         ] GC(106) User=0.20s Sys=0.00s Real=0.22s
[28.630s][info][gc,start       ] GC(107) Pause Young (Allocation Failure)
[28.704s][info][gc,heap        ] GC(107) DefNew: 1118528K(1258304K)->18249K(1258304K) Eden: 1118528K(1118528K)->0K(1118528K) From: 0K(139776K)->18249K(139776K)
[28.704s][info][gc,heap        ] GC(107) Tenured: 75913K(2796224K)->75913K(2796224K)
[28.704s][info][gc,metaspace   ] GC(107) Metaspace: 11214K(11456K)->11214K(11456K) NonClass: 9818K(9984K)->9818K(9984K) Class: 1395K(1472K)->1395K(1472K)
[28.704s][info][gc             ] GC(107) Pause Young (Allocation Failure) 1166M->91M(3959M) 74.116ms
[28.704s][info][gc,cpu         ] GC(107) User=0.08s Sys=0.00s Real=0.07s
[28.792s][info][gc,start       ] GC(108) Pause Full (System.gc())
[28.792s][info][gc,phases,start] GC(108) Phase 1: Mark live objects
[28.857s][info][gc,phases      ] GC(108) Phase 1: Mark live objects 64.922ms
[28.857s][info][gc,phases,start] GC(108) Phase 2: Compute new object addresses
[28.984s][info][gc,phases      ] GC(108) Phase 2: Compute new object addresses 127.064ms
[28.984s][info][gc,phases,start] GC(108) Phase 3: Adjust pointers
[29.011s][info][gc,phases      ] GC(108) Phase 3: Adjust pointers 26.987ms
[29.011s][info][gc,phases,start] GC(108) Phase 4: Move objects
[29.011s][info][gc,phases      ] GC(108) Phase 4: Move objects 0.009ms
[29.011s][info][gc,heap        ] GC(108) DefNew: 813346K(1258304K)->0K(1258304K) Eden: 795097K(1118528K)->0K(1118528K) From: 18249K(139776K)->0K(139776K)
[29.011s][info][gc,heap        ] GC(108) Tenured: 75913K(2796224K)->75913K(2796224K)
[29.011s][info][gc,metaspace   ] GC(108) Metaspace: 11214K(11456K)->11214K(11456K) NonClass: 9818K(9984K)->9818K(9984K) Class: 1395K(1472K)->1395K(1472K)
[29.011s][info][gc             ] GC(108) Pause Full (System.gc()) 868M->74M(3959M) 219.294ms
[29.011s][info][gc,cpu         ] GC(108) User=0.20s Sys=0.00s Real=0.22s
[29.126s][info][gc,start       ] GC(109) Pause Young (Allocation Failure)
[29.201s][info][gc,heap        ] GC(109) DefNew: 1118528K(1258304K)->18288K(1258304K) Eden: 1118528K(1118528K)->0K(1118528K) From: 0K(139776K)->18288K(139776K)
[29.201s][info][gc,heap        ] GC(109) Tenured: 75913K(2796224K)->75913K(2796224K)
[29.201s][info][gc,metaspace   ] GC(109) Metaspace: 11214K(11456K)->11214K(11456K) NonClass: 9818K(9984K)->9818K(9984K) Class: 1395K(1472K)->1395K(1472K)
[29.201s][info][gc             ] GC(109) Pause Young (Allocation Failure) 1166M->91M(3959M) 74.589ms
[29.201s][info][gc,cpu         ] GC(109) User=0.06s Sys=0.00s Real=0.08s
[29.293s][info][gc,start       ] GC(110) Pause Full (System.gc())
[29.293s][info][gc,phases,start] GC(110) Phase 1: Mark live objects
[29.357s][info][gc,phases      ] GC(110) Phase 1: Mark live objects 64.280ms
[29.357s][info][gc,phases,start] GC(110) Phase 2: Compute new object addresses
[29.485s][info][gc,phases      ] GC(110) Phase 2: Compute new object addresses 127.430ms
[29.485s][info][gc,phases,start] GC(110) Phase 3: Adjust pointers
[29.512s][info][gc,phases      ] GC(110) Phase 3: Adjust pointers 27.227ms
[29.512s][info][gc,phases,start] GC(110) Phase 4: Move objects
[29.512s][info][gc,phases      ] GC(110) Phase 4: Move objects 0.009ms
[29.512s][info][gc,heap        ] GC(110) DefNew: 819386K(1258304K)->0K(1258304K) Eden: 801098K(1118528K)->0K(1118528K) From: 18288K(139776K)->0K(139776K)
[29.512s][info][gc,heap        ] GC(110) Tenured: 75913K(2796224K)->75913K(2796224K)
[29.512s][info][gc,metaspace   ] GC(110) Metaspace: 11214K(11456K)->11214K(11456K) NonClass: 9818K(9984K)->9818K(9984K) Class: 1395K(1472K)->1395K(1472K)
[29.512s][info][gc             ] GC(110) Pause Full (System.gc()) 874M->74M(3959M) 219.237ms
[29.512s][info][gc,cpu         ] GC(110) User=0.22s Sys=0.00s Real=0.22s
[29.633s][info][gc,start       ] GC(111) Pause Young (Allocation Failure)
[29.706s][info][gc,heap        ] GC(111) DefNew: 1118528K(1258304K)->18228K(1258304K) Eden: 1118528K(1118528K)->0K(1118528K) From: 0K(139776K)->18228K(139776K)
[29.706s][info][gc,heap        ] GC(111) Tenured: 75913K(2796224K)->75913K(2796224K)
[29.706s][info][gc,metaspace   ] GC(111) Metaspace: 11214K(11456K)->11214K(11456K) NonClass: 9818K(9984K)->9818K(9984K) Class: 1395K(1472K)->1395K(1472K)
[29.706s][info][gc             ] GC(111) Pause Young (Allocation Failure) 1166M->91M(3959M) 73.513ms
[29.706s][info][gc,cpu         ] GC(111) User=0.06s Sys=0.00s Real=0.07s
[29.794s][info][gc,start       ] GC(112) Pause Full (System.gc())
[29.794s][info][gc,phases,start] GC(112) Phase 1: Mark live objects
[29.858s][info][gc,phases      ] GC(112) Phase 1: Mark live objects 64.216ms
[29.858s][info][gc,phases,start] GC(112) Phase 2: Compute new object addresses
[29.985s][info][gc,phases      ] GC(112) Phase 2: Compute new object addresses 126.987ms
[29.986s][info][gc,phases,start] GC(112) Phase 3: Adjust pointers
[30.013s][info][gc,phases      ] GC(112) Phase 3: Adjust pointers 27.024ms
[30.013s][info][gc,phases,start] GC(112) Phase 4: Move objects
[30.013s][info][gc,phases      ] GC(112) Phase 4: Move objects 0.009ms
[30.013s][info][gc,heap        ] GC(112) DefNew: 817721K(1258304K)->0K(1258304K) Eden: 799493K(1118528K)->0K(1118528K) From: 18228K(139776K)->0K(139776K)
[30.013s][info][gc,heap        ] GC(112) Tenured: 75913K(2796224K)->75913K(2796224K)
[30.013s][info][gc,metaspace   ] GC(112) Metaspace: 11214K(11456K)->11214K(11456K) NonClass: 9818K(9984K)->9818K(9984K) Class: 1395K(1472K)->1395K(1472K)
[30.013s][info][gc             ] GC(112) Pause Full (System.gc()) 872M->74M(3959M) 218.557ms
[30.013s][info][gc,cpu         ] GC(112) User=0.20s Sys=0.00s Real=0.22s
[30.128s][info][gc,start       ] GC(113) Pause Young (Allocation Failure)
[30.202s][info][gc,heap        ] GC(113) DefNew: 1118528K(1258304K)->18337K(1258304K) Eden: 1118528K(1118528K)->0K(1118528K) From: 0K(139776K)->18337K(139776K)
[30.202s][info][gc,heap        ] GC(113) Tenured: 75913K(2796224K)->75913K(2796224K)
[30.202s][info][gc,metaspace   ] GC(113) Metaspace: 11214K(11456K)->11214K(11456K) NonClass: 9818K(9984K)->9818K(9984K) Class: 1395K(1472K)->1395K(1472K)
[30.202s][info][gc             ] GC(113) Pause Young (Allocation Failure) 1166M->92M(3959M) 74.539ms
[30.202s][info][gc,cpu         ] GC(113) User=0.06s Sys=0.00s Real=0.06s
[30.292s][info][gc,start       ] GC(114) Pause Full (System.gc())
[30.292s][info][gc,phases,start] GC(114) Phase 1: Mark live objects
[30.357s][info][gc,phases      ] GC(114) Phase 1: Mark live objects 64.499ms
[30.357s][info][gc,phases,start] GC(114) Phase 2: Compute new object addresses
[30.484s][info][gc,phases      ] GC(114) Phase 2: Compute new object addresses 127.104ms
[30.484s][info][gc,phases,start] GC(114) Phase 3: Adjust pointers
[30.512s][info][gc,phases      ] GC(114) Phase 3: Adjust pointers 27.817ms
[30.512s][info][gc,phases,start] GC(114) Phase 4: Move objects
[30.512s][info][gc,phases      ] GC(114) Phase 4: Move objects 0.009ms
[30.512s][info][gc,heap        ] GC(114) DefNew: 809387K(1258304K)->0K(1258304K) Eden: 791050K(1118528K)->0K(1118528K) From: 18337K(139776K)->0K(139776K)
[30.512s][info][gc,heap        ] GC(114) Tenured: 75913K(2796224K)->75913K(2796224K)
[30.512s][info][gc,metaspace   ] GC(114) Metaspace: 11214K(11456K)->11214K(11456K) NonClass: 9818K(9984K)->9818K(9984K) Class: 1395K(1472K)->1395K(1472K)
[30.512s][info][gc             ] GC(114) Pause Full (System.gc()) 864M->74M(3959M) 219.751ms
[30.512s][info][gc,cpu         ] GC(114) User=0.20s Sys=0.00s Real=0.22s
[30.630s][info][gc,start       ] GC(115) Pause Young (Allocation Failure)
[30.703s][info][gc,heap        ] GC(115) DefNew: 1118528K(1258304K)->18298K(1258304K) Eden: 1118528K(1118528K)->0K(1118528K) From: 0K(139776K)->18298K(139776K)
[30.703s][info][gc,heap        ] GC(115) Tenured: 75913K(2796224K)->75913K(2796224K)
[30.703s][info][gc,metaspace   ] GC(115) Metaspace: 11214K(11456K)->11214K(11456K) NonClass: 9818K(9984K)->9818K(9984K) Class: 1395K(1472K)->1395K(1472K)
[30.703s][info][gc             ] GC(115) Pause Young (Allocation Failure) 1166M->92M(3959M) 73.786ms
[30.703s][info][gc,cpu         ] GC(115) User=0.08s Sys=0.00s Real=0.06s
[30.793s][info][gc,start       ] GC(116) Pause Full (System.gc())
[30.793s][info][gc,phases,start] GC(116) Phase 1: Mark live objects
[30.858s][info][gc,phases      ] GC(116) Phase 1: Mark live objects 64.447ms
[30.858s][info][gc,phases,start] GC(116) Phase 2: Compute new object addresses
[30.985s][info][gc,phases      ] GC(116) Phase 2: Compute new object addresses 127.373ms
[30.985s][info][gc,phases,start] GC(116) Phase 3: Adjust pointers
[31.012s][info][gc,phases      ] GC(116) Phase 3: Adjust pointers 27.090ms
[31.012s][info][gc,phases,start] GC(116) Phase 4: Move objects
[31.012s][info][gc,phases      ] GC(116) Phase 4: Move objects 0.009ms
[31.012s][info][gc,heap        ] GC(116) DefNew: 820808K(1258304K)->0K(1258304K) Eden: 802509K(1118528K)->0K(1118528K) From: 18298K(139776K)->0K(139776K)
[31.012s][info][gc,heap        ] GC(116) Tenured: 75913K(2796224K)->75914K(2796224K)
[31.012s][info][gc,metaspace   ] GC(116) Metaspace: 11214K(11456K)->11214K(11456K) NonClass: 9818K(9984K)->9818K(9984K) Class: 1395K(1472K)->1395K(1472K)
[31.012s][info][gc             ] GC(116) Pause Full (System.gc()) 875M->74M(3959M) 219.218ms
[31.012s][info][gc,cpu         ] GC(116) User=0.20s Sys=0.00s Real=0.22s
[31.128s][info][gc,start       ] GC(117) Pause Young (Allocation Failure)
[31.202s][info][gc,heap        ] GC(117) DefNew: 1118528K(1258304K)->18418K(1258304K) Eden: 1118528K(1118528K)->0K(1118528K) From: 0K(139776K)->18418K(139776K)
[31.202s][info][gc,heap        ] GC(117) Tenured: 75914K(2796224K)->75914K(2796224K)
[31.202s][info][gc,metaspace   ] GC(117) Metaspace: 11214K(11456K)->11214K(11456K) NonClass: 9818K(9984K)->9818K(9984K) Class: 1395K(1472K)->1395K(1472K)
[31.202s][info][gc             ] GC(117) Pause Young (Allocation Failure) 1166M->92M(3959M) 74.213ms
[31.202s][info][gc,cpu         ] GC(117) User=0.06s Sys=0.00s Real=0.08s
[31.291s][info][gc,start       ] GC(118) Pause Full (System.gc())
[31.291s][info][gc,phases,start] GC(118) Phase 1: Mark live objects
[31.357s][info][gc,phases      ] GC(118) Phase 1: Mark live objects 65.759ms
[31.357s][info][gc,phases,start] GC(118) Phase 2: Compute new object addresses
[31.485s][info][gc,phases      ] GC(118) Phase 2: Compute new object addresses 128.545ms
[31.485s][info][gc,phases,start] GC(118) Phase 3: Adjust pointers
[31.513s][info][gc,phases      ] GC(118) Phase 3: Adjust pointers 28.010ms
[31.513s][info][gc,phases,start] GC(118) Phase 4: Move objects
[31.513s][info][gc,phases      ] GC(118) Phase 4: Move objects 0.010ms
[31.513s][info][gc,heap        ] GC(118) DefNew: 813508K(1258304K)->0K(1258304K) Eden: 795089K(1118528K)->0K(1118528K) From: 18418K(139776K)->0K(139776K)
[31.513s][info][gc,heap        ] GC(118) Tenured: 75914K(2796224K)->75913K(2796224K)
[31.513s][info][gc,metaspace   ] GC(118) Metaspace: 11214K(11456K)->11214K(11456K) NonClass: 9818K(9984K)->9818K(9984K) Class: 1395K(1472K)->1395K(1472K)
[31.513s][info][gc             ] GC(118) Pause Full (System.gc()) 868M->74M(3959M) 222.661ms
[31.513s][info][gc,cpu         ] GC(118) User=0.22s Sys=0.00s Real=0.23s
[31.631s][info][gc,start       ] GC(119) Pause Young (Allocation Failure)
[31.706s][info][gc,heap        ] GC(119) DefNew: 1118528K(1258304K)->18354K(1258304K) Eden: 1118528K(1118528K)->0K(1118528K) From: 0K(139776K)->18354K(139776K)
[31.706s][info][gc,heap        ] GC(119) Tenured: 75913K(2796224K)->75913K(2796224K)
[31.706s][info][gc,metaspace   ] GC(119) Metaspace: 11214K(11456K)->11214K(11456K) NonClass: 9818K(9984K)->9818K(9984K) Class: 1395K(1472K)->1395K(1472K)
[31.706s][info][gc             ] GC(119) Pause Young (Allocation Failure) 1166M->92M(3959M) 74.243ms
[31.706s][info][gc,cpu         ] GC(119) User=0.08s Sys=0.00s Real=0.06s
[31.795s][info][gc,start       ] GC(120) Pause Full (System.gc())
[31.795s][info][gc,phases,start] GC(120) Phase 1: Mark live objects
[31.860s][info][gc,phases      ] GC(120) Phase 1: Mark live objects 64.695ms
[31.860s][info][gc,phases,start] GC(120) Phase 2: Compute new object addresses
[31.988s][info][gc,phases      ] GC(120) Phase 2: Compute new object addresses 128.040ms
[31.988s][info][gc,phases,start] GC(120) Phase 3: Adjust pointers
[32.015s][info][gc,phases      ] GC(120) Phase 3: Adjust pointers 26.971ms
[32.015s][info][gc,phases,start] GC(120) Phase 4: Move objects
[32.015s][info][gc,phases      ] GC(120) Phase 4: Move objects 0.009ms
[32.015s][info][gc,heap        ] GC(120) DefNew: 814868K(1258304K)->0K(1258304K) Eden: 796513K(1118528K)->0K(1118528K) From: 18354K(139776K)->0K(139776K)
[32.015s][info][gc,heap        ] GC(120) Tenured: 75913K(2796224K)->75913K(2796224K)
[32.015s][info][gc,metaspace   ] GC(120) Metaspace: 11218K(11456K)->11218K(11456K) NonClass: 9822K(9984K)->9822K(9984K) Class: 1395K(1472K)->1395K(1472K)
[32.015s][info][gc             ] GC(120) Pause Full (System.gc()) 869M->74M(3959M) 220.059ms
[32.015s][info][gc,cpu         ] GC(120) User=0.20s Sys=0.00s Real=0.22s
[32.130s][info][gc,start       ] GC(121) Pause Young (Allocation Failure)
[32.204s][info][gc,heap        ] GC(121) DefNew: 1118528K(1258304K)->18337K(1258304K) Eden: 1118528K(1118528K)->0K(1118528K) From: 0K(139776K)->18337K(139776K)
[32.204s][info][gc,heap        ] GC(121) Tenured: 75913K(2796224K)->75913K(2796224K)
[32.204s][info][gc,metaspace   ] GC(121) Metaspace: 11218K(11456K)->11218K(11456K) NonClass: 9822K(9984K)->9822K(9984K) Class: 1395K(1472K)->1395K(1472K)
[32.204s][info][gc             ] GC(121) Pause Young (Allocation Failure) 1166M->92M(3959M) 74.089ms
[32.204s][info][gc,cpu         ] GC(121) User=0.06s Sys=0.00s Real=0.08s
[32.293s][info][gc,start       ] GC(122) Pause Full (System.gc())
[32.293s][info][gc,phases,start] GC(122) Phase 1: Mark live objects
[32.357s][info][gc,phases      ] GC(122) Phase 1: Mark live objects 64.840ms
[32.358s][info][gc,phases,start] GC(122) Phase 2: Compute new object addresses
[32.485s][info][gc,phases      ] GC(122) Phase 2: Compute new object addresses 127.253ms
[32.485s][info][gc,phases,start] GC(122) Phase 3: Adjust pointers
[32.512s][info][gc,phases      ] GC(122) Phase 3: Adjust pointers 27.212ms
[32.512s][info][gc,phases,start] GC(122) Phase 4: Move objects
[32.512s][info][gc,phases      ] GC(122) Phase 4: Move objects 0.009ms
[32.512s][info][gc,heap        ] GC(122) DefNew: 813730K(1258304K)->0K(1258304K) Eden: 795393K(1118528K)->0K(1118528K) From: 18337K(139776K)->0K(139776K)
[32.512s][info][gc,heap        ] GC(122) Tenured: 75913K(2796224K)->75913K(2796224K)
[32.512s][info][gc,metaspace   ] GC(122) Metaspace: 11221K(11456K)->11221K(11456K) NonClass: 9826K(9984K)->9826K(9984K) Class: 1395K(1472K)->1395K(1472K)
[32.512s][info][gc             ] GC(122) Pause Full (System.gc()) 868M->74M(3959M) 219.626ms
[32.512s][info][gc,cpu         ] GC(122) User=0.19s Sys=0.00s Real=0.22s
[32.632s][info][gc,start       ] GC(123) Pause Young (Allocation Failure)
[32.707s][info][gc,heap        ] GC(123) DefNew: 1118528K(1258304K)->18359K(1258304K) Eden: 1118528K(1118528K)->0K(1118528K) From: 0K(139776K)->18359K(139776K)
[32.707s][info][gc,heap        ] GC(123) Tenured: 75913K(2796224K)->75913K(2796224K)
[32.707s][info][gc,metaspace   ] GC(123) Metaspace: 11221K(11456K)->11221K(11456K) NonClass: 9826K(9984K)->9826K(9984K) Class: 1395K(1472K)->1395K(1472K)
[32.707s][info][gc             ] GC(123) Pause Young (Allocation Failure) 1166M->92M(3959M) 74.703ms
[32.707s][info][gc,cpu         ] GC(123) User=0.08s Sys=0.00s Real=0.08s
[32.796s][info][gc,start       ] GC(124) Pause Full (System.gc())
[32.796s][info][gc,phases,start] GC(124) Phase 1: Mark live objects
[32.861s][info][gc,phases      ] GC(124) Phase 1: Mark live objects 64.783ms
[32.861s][info][gc,phases,start] GC(124) Phase 2: Compute new object addresses
[32.988s][info][gc,phases      ] GC(124) Phase 2: Compute new object addresses 127.098ms
[32.988s][info][gc,phases,start] GC(124) Phase 3: Adjust pointers
[33.015s][info][gc,phases      ] GC(124) Phase 3: Adjust pointers 27.079ms
[33.015s][info][gc,phases,start] GC(124) Phase 4: Move objects
[33.015s][info][gc,phases      ] GC(124) Phase 4: Move objects 0.009ms
[33.016s][info][gc,heap        ] GC(124) DefNew: 816298K(1258304K)->0K(1258304K) Eden: 797939K(1118528K)->0K(1118528K) From: 18359K(139776K)->0K(139776K)
[33.016s][info][gc,heap        ] GC(124) Tenured: 75913K(2796224K)->75913K(2796224K)
[33.016s][info][gc,metaspace   ] GC(124) Metaspace: 11221K(11456K)->11221K(11456K) NonClass: 9826K(9984K)->9826K(9984K) Class: 1395K(1472K)->1395K(1472K)
[33.016s][info][gc             ] GC(124) Pause Full (System.gc()) 871M->74M(3959M) 219.313ms
[33.016s][info][gc,cpu         ] GC(124) User=0.20s Sys=0.00s Real=0.22s
[33.131s][info][gc,start       ] GC(125) Pause Young (Allocation Failure)
[33.205s][info][gc,heap        ] GC(125) DefNew: 1118528K(1258304K)->18375K(1258304K) Eden: 1118528K(1118528K)->0K(1118528K) From: 0K(139776K)->18375K(139776K)
[33.205s][info][gc,heap        ] GC(125) Tenured: 75913K(2796224K)->75913K(2796224K)
[33.205s][info][gc,metaspace   ] GC(125) Metaspace: 11221K(11456K)->11221K(11456K) NonClass: 9826K(9984K)->9826K(9984K) Class: 1395K(1472K)->1395K(1472K)
[33.205s][info][gc             ] GC(125) Pause Young (Allocation Failure) 1166M->92M(3959M) 74.105ms
[33.205s][info][gc,cpu         ] GC(125) User=0.08s Sys=0.00s Real=0.08s
[33.296s][info][gc,start       ] GC(126) Pause Full (System.gc())
[33.296s][info][gc,phases,start] GC(126) Phase 1: Mark live objects
[33.360s][info][gc,phases      ] GC(126) Phase 1: Mark live objects 64.480ms
[33.360s][info][gc,phases,start] GC(126) Phase 2: Compute new object addresses
[33.487s][info][gc,phases      ] GC(126) Phase 2: Compute new object addresses 126.712ms
[33.487s][info][gc,phases,start] GC(126) Phase 3: Adjust pointers
[33.515s][info][gc,phases      ] GC(126) Phase 3: Adjust pointers 28.177ms
[33.515s][info][gc,phases,start] GC(126) Phase 4: Move objects
[33.515s][info][gc,phases      ] GC(126) Phase 4: Move objects 0.009ms
[33.515s][info][gc,heap        ] GC(126) DefNew: 815394K(1258304K)->0K(1258304K) Eden: 797018K(1118528K)->0K(1118528K) From: 18375K(139776K)->0K(139776K)
[33.515s][info][gc,heap        ] GC(126) Tenured: 75913K(2796224K)->75913K(2796224K)
[33.515s][info][gc,metaspace   ] GC(126) Metaspace: 11221K(11456K)->11221K(11456K) NonClass: 9826K(9984K)->9826K(9984K) Class: 1395K(1472K)->1395K(1472K)
[33.515s][info][gc             ] GC(126) Pause Full (System.gc()) 870M->74M(3959M) 219.678ms
[33.515s][info][gc,cpu         ] GC(126) User=0.20s Sys=0.00s Real=0.22s
[33.631s][info][gc,start       ] GC(127) Pause Young (Allocation Failure)
[33.705s][info][gc,heap        ] GC(127) DefNew: 1118528K(1258304K)->18239K(1258304K) Eden: 1118528K(1118528K)->0K(1118528K) From: 0K(139776K)->18239K(139776K)
[33.705s][info][gc,heap        ] GC(127) Tenured: 75913K(2796224K)->75913K(2796224K)
[33.705s][info][gc,metaspace   ] GC(127) Metaspace: 11222K(11456K)->11222K(11456K) NonClass: 9826K(9984K)->9826K(9984K) Class: 1395K(1472K)->1395K(1472K)
[33.705s][info][gc             ] GC(127) Pause Young (Allocation Failure) 1166M->91M(3959M) 74.059ms
[33.705s][info][gc,cpu         ] GC(127) User=0.08s Sys=0.00s Real=0.08s
[33.793s][info][gc,start       ] GC(128) Pause Full (System.gc())
[33.793s][info][gc,phases,start] GC(128) Phase 1: Mark live objects
[33.857s][info][gc,phases      ] GC(128) Phase 1: Mark live objects 64.097ms
[33.857s][info][gc,phases,start] GC(128) Phase 2: Compute new object addresses
[33.984s][info][gc,phases      ] GC(128) Phase 2: Compute new object addresses 127.254ms
[33.985s][info][gc,phases,start] GC(128) Phase 3: Adjust pointers
[34.012s][info][gc,phases      ] GC(128) Phase 3: Adjust pointers 27.072ms
[34.012s][info][gc,phases,start] GC(128) Phase 4: Move objects
[34.012s][info][gc,phases      ] GC(128) Phase 4: Move objects 0.009ms
[34.012s][info][gc,heap        ] GC(128) DefNew: 814029K(1258304K)->0K(1258304K) Eden: 795790K(1118528K)->0K(1118528K) From: 18239K(139776K)->0K(139776K)
[34.012s][info][gc,heap        ] GC(128) Tenured: 75913K(2796224K)->75913K(2796224K)
[34.012s][info][gc,metaspace   ] GC(128) Metaspace: 11228K(11520K)->11228K(11520K) NonClass: 9833K(10048K)->9833K(10048K) Class: 1395K(1472K)->1395K(1472K)
[34.012s][info][gc             ] GC(128) Pause Full (System.gc()) 869M->74M(3959M) 218.722ms
[34.012s][info][gc,cpu         ] GC(128) User=0.20s Sys=0.00s Real=0.22s
[34.126s][info][gc,start       ] GC(129) Pause Young (Allocation Failure)
[34.200s][info][gc,heap        ] GC(129) DefNew: 1118528K(1258304K)->18211K(1258304K) Eden: 1118528K(1118528K)->0K(1118528K) From: 0K(139776K)->18211K(139776K)
[34.200s][info][gc,heap        ] GC(129) Tenured: 75913K(2796224K)->75913K(2796224K)
[34.200s][info][gc,metaspace   ] GC(129) Metaspace: 11234K(11520K)->11234K(11520K) NonClass: 9838K(10048K)->9838K(10048K) Class: 1395K(1472K)->1395K(1472K)
[34.200s][info][gc             ] GC(129) Pause Young (Allocation Failure) 1166M->91M(3959M) 73.707ms
[34.200s][info][gc,cpu         ] GC(129) User=0.06s Sys=0.00s Real=0.08s
[34.288s][info][gc,start       ] GC(130) Pause Full (System.gc())
[34.288s][info][gc,phases,start] GC(130) Phase 1: Mark live objects
[34.352s][info][gc,phases      ] GC(130) Phase 1: Mark live objects 64.442ms
[34.352s][info][gc,phases,start] GC(130) Phase 2: Compute new object addresses
[34.480s][info][gc,phases      ] GC(130) Phase 2: Compute new object addresses 127.418ms
[34.480s][info][gc,phases,start] GC(130) Phase 3: Adjust pointers
[34.507s][info][gc,phases      ] GC(130) Phase 3: Adjust pointers 27.418ms
[34.507s][info][gc,phases,start] GC(130) Phase 4: Move objects
[34.507s][info][gc,phases      ] GC(130) Phase 4: Move objects 0.009ms
[34.507s][info][gc,heap        ] GC(130) DefNew: 822538K(1258304K)->0K(1258304K) Eden: 804327K(1118528K)->0K(1118528K) From: 18211K(139776K)->0K(139776K)
[34.507s][info][gc,heap        ] GC(130) Tenured: 75913K(2796224K)->75914K(2796224K)
[34.507s][info][gc,metaspace   ] GC(130) Metaspace: 11234K(11520K)->11234K(11520K) NonClass: 9838K(10048K)->9838K(10048K) Class: 1395K(1472K)->1395K(1472K)
[34.507s][info][gc             ] GC(130) Pause Full (System.gc()) 877M->74M(3959M) 219.623ms
[34.507s][info][gc,cpu         ] GC(130) User=0.20s Sys=0.00s Real=0.22s
[34.632s][info][gc,start       ] GC(131) Pause Young (Allocation Failure)
[34.706s][info][gc,heap        ] GC(131) DefNew: 1118528K(1258304K)->18303K(1258304K) Eden: 1118528K(1118528K)->0K(1118528K) From: 0K(139776K)->18303K(139776K)
[34.706s][info][gc,heap        ] GC(131) Tenured: 75914K(2796224K)->75914K(2796224K)
[34.706s][info][gc,metaspace   ] GC(131) Metaspace: 11234K(11520K)->11234K(11520K) NonClass: 9838K(10048K)->9838K(10048K) Class: 1395K(1472K)->1395K(1472K)
[34.706s][info][gc             ] GC(131) Pause Young (Allocation Failure) 1166M->92M(3959M) 74.062ms
[34.706s][info][gc,cpu         ] GC(131) User=0.08s Sys=0.00s Real=0.06s
[34.794s][info][gc,start       ] GC(132) Pause Full (System.gc())
[34.794s][info][gc,phases,start] GC(132) Phase 1: Mark live objects
[34.859s][info][gc,phases      ] GC(132) Phase 1: Mark live objects 64.885ms
[34.859s][info][gc,phases,start] GC(132) Phase 2: Compute new object addresses
[34.986s][info][gc,phases      ] GC(132) Phase 2: Compute new object addresses 127.321ms
[34.986s][info][gc,phases,start] GC(132) Phase 3: Adjust pointers
[35.014s][info][gc,phases      ] GC(132) Phase 3: Adjust pointers 27.227ms
[35.014s][info][gc,phases,start] GC(132) Phase 4: Move objects
[35.014s][info][gc,phases      ] GC(132) Phase 4: Move objects 0.009ms
[35.014s][info][gc,heap        ] GC(132) DefNew: 813767K(1258304K)->0K(1258304K) Eden: 795464K(1118528K)->0K(1118528K) From: 18303K(139776K)->0K(139776K)
[35.014s][info][gc,heap        ] GC(132) Tenured: 75914K(2796224K)->75914K(2796224K)
[35.014s][info][gc,metaspace   ] GC(132) Metaspace: 11234K(11520K)->11234K(11520K) NonClass: 9838K(10048K)->9838K(10048K) Class: 1395K(1472K)->1395K(1472K)
[35.014s][info][gc             ] GC(132) Pause Full (System.gc()) 868M->74M(3959M) 219.773ms
[35.014s][info][gc,cpu         ] GC(132) User=0.20s Sys=0.00s Real=0.22s
[35.129s][info][gc,start       ] GC(133) Pause Young (Allocation Failure)
[35.203s][info][gc,heap        ] GC(133) DefNew: 1118528K(1258304K)->18333K(1258304K) Eden: 1118528K(1118528K)->0K(1118528K) From: 0K(139776K)->18333K(139776K)
[35.203s][info][gc,heap        ] GC(133) Tenured: 75914K(2796224K)->75914K(2796224K)
[35.203s][info][gc,metaspace   ] GC(133) Metaspace: 11234K(11520K)->11234K(11520K) NonClass: 9838K(10048K)->9838K(10048K) Class: 1395K(1472K)->1395K(1472K)
[35.203s][info][gc             ] GC(133) Pause Young (Allocation Failure) 1166M->92M(3959M) 74.250ms
[35.203s][info][gc,cpu         ] GC(133) User=0.08s Sys=0.00s Real=0.08s
[35.291s][info][gc,start       ] GC(134) Pause Full (System.gc())
[35.291s][info][gc,phases,start] GC(134) Phase 1: Mark live objects
[35.356s][info][gc,phases      ] GC(134) Phase 1: Mark live objects 64.400ms
[35.356s][info][gc,phases,start] GC(134) Phase 2: Compute new object addresses
[35.482s][info][gc,phases      ] GC(134) Phase 2: Compute new object addresses 126.753ms
[35.482s][info][gc,phases,start] GC(134) Phase 3: Adjust pointers
[35.510s][info][gc,phases      ] GC(134) Phase 3: Adjust pointers 27.117ms
[35.510s][info][gc,phases,start] GC(134) Phase 4: Move objects
[35.510s][info][gc,phases      ] GC(134) Phase 4: Move objects 0.010ms
[35.510s][info][gc,heap        ] GC(134) DefNew: 814474K(1258304K)->0K(1258304K) Eden: 796140K(1118528K)->0K(1118528K) From: 18333K(139776K)->0K(139776K)
[35.510s][info][gc,heap        ] GC(134) Tenured: 75914K(2796224K)->75913K(2796224K)
[35.510s][info][gc,metaspace   ] GC(134) Metaspace: 11234K(11520K)->11234K(11520K) NonClass: 9838K(10048K)->9838K(10048K) Class: 1395K(1472K)->1395K(1472K)
[35.510s][info][gc             ] GC(134) Pause Full (System.gc()) 869M->74M(3959M) 218.579ms
[35.510s][info][gc,cpu         ] GC(134) User=0.20s Sys=0.00s Real=0.22s
[35.629s][info][gc,start       ] GC(135) Pause Young (Allocation Failure)
[35.704s][info][gc,heap        ] GC(135) DefNew: 1118528K(1258304K)->18357K(1258304K) Eden: 1118528K(1118528K)->0K(1118528K) From: 0K(139776K)->18357K(139776K)
[35.704s][info][gc,heap        ] GC(135) Tenured: 75913K(2796224K)->75913K(2796224K)
[35.704s][info][gc,metaspace   ] GC(135) Metaspace: 11234K(11520K)->11234K(11520K) NonClass: 9838K(10048K)->9838K(10048K) Class: 1395K(1472K)->1395K(1472K)
[35.704s][info][gc             ] GC(135) Pause Young (Allocation Failure) 1166M->92M(3959M) 74.715ms
[35.704s][info][gc,cpu         ] GC(135) User=0.08s Sys=0.00s Real=0.08s
[35.790s][info][gc,start       ] GC(136) Pause Full (System.gc())
[35.791s][info][gc,phases,start] GC(136) Phase 1: Mark live objects
[35.856s][info][gc,phases      ] GC(136) Phase 1: Mark live objects 65.315ms
[35.856s][info][gc,phases,start] GC(136) Phase 2: Compute new object addresses
[35.983s][info][gc,phases      ] GC(136) Phase 2: Compute new object addresses 126.936ms
[35.983s][info][gc,phases,start] GC(136) Phase 3: Adjust pointers
[36.010s][info][gc,phases      ] GC(136) Phase 3: Adjust pointers 27.427ms
[36.010s][info][gc,phases,start] GC(136) Phase 4: Move objects
[36.010s][info][gc,phases      ] GC(136) Phase 4: Move objects 0.010ms
[36.010s][info][gc,heap        ] GC(136) DefNew: 818621K(1258304K)->0K(1258304K) Eden: 800264K(1118528K)->0K(1118528K) From: 18357K(139776K)->0K(139776K)
[36.010s][info][gc,heap        ] GC(136) Tenured: 75913K(2796224K)->75913K(2796224K)
[36.010s][info][gc,metaspace   ] GC(136) Metaspace: 11234K(11520K)->11234K(11520K) NonClass: 9838K(10048K)->9838K(10048K) Class: 1395K(1472K)->1395K(1472K)
[36.011s][info][gc             ] GC(136) Pause Full (System.gc()) 873M->74M(3959M) 220.073ms
[36.011s][info][gc,cpu         ] GC(136) User=0.19s Sys=0.02s Real=0.22s
[36.126s][info][gc,start       ] GC(137) Pause Young (Allocation Failure)
[36.199s][info][gc,heap        ] GC(137) DefNew: 1118528K(1258304K)->18349K(1258304K) Eden: 1118528K(1118528K)->0K(1118528K) From: 0K(139776K)->18349K(139776K)
[36.199s][info][gc,heap        ] GC(137) Tenured: 75913K(2796224K)->75913K(2796224K)
[36.199s][info][gc,metaspace   ] GC(137) Metaspace: 11234K(11520K)->11234K(11520K) NonClass: 9838K(10048K)->9838K(10048K) Class: 1395K(1472K)->1395K(1472K)
[36.199s][info][gc             ] GC(137) Pause Young (Allocation Failure) 1166M->92M(3959M) 73.813ms
[36.199s][info][gc,cpu         ] GC(137) User=0.06s Sys=0.00s Real=0.06s
[36.286s][info][gc,start       ] GC(138) Pause Full (System.gc())
[36.286s][info][gc,phases,start] GC(138) Phase 1: Mark live objects
[36.351s][info][gc,phases      ] GC(138) Phase 1: Mark live objects 64.394ms
[36.351s][info][gc,phases,start] GC(138) Phase 2: Compute new object addresses
[36.478s][info][gc,phases      ] GC(138) Phase 2: Compute new object addresses 126.850ms
[36.478s][info][gc,phases,start] GC(138) Phase 3: Adjust pointers
[36.505s][info][gc,phases      ] GC(138) Phase 3: Adjust pointers 27.690ms
[36.505s][info][gc,phases,start] GC(138) Phase 4: Move objects
[36.505s][info][gc,phases      ] GC(138) Phase 4: Move objects 0.009ms
[36.505s][info][gc,heap        ] GC(138) DefNew: 814046K(1258304K)->0K(1258304K) Eden: 795697K(1118528K)->0K(1118528K) From: 18349K(139776K)->0K(139776K)
[36.505s][info][gc,heap        ] GC(138) Tenured: 75913K(2796224K)->75913K(2796224K)
[36.505s][info][gc,metaspace   ] GC(138) Metaspace: 11234K(11520K)->11234K(11520K) NonClass: 9838K(10048K)->9838K(10048K) Class: 1395K(1472K)->1395K(1472K)
[36.506s][info][gc             ] GC(138) Pause Full (System.gc()) 869M->74M(3959M) 219.240ms
[36.506s][info][gc,cpu         ] GC(138) User=0.22s Sys=0.00s Real=0.22s
[36.623s][info][gc,start       ] GC(139) Pause Young (Allocation Failure)
[36.698s][info][gc,heap        ] GC(139) DefNew: 1118528K(1258304K)->18319K(1258304K) Eden: 1118528K(1118528K)->0K(1118528K) From: 0K(139776K)->18319K(139776K)
[36.698s][info][gc,heap        ] GC(139) Tenured: 75913K(2796224K)->75913K(2796224K)
[36.698s][info][gc,metaspace   ] GC(139) Metaspace: 11234K(11520K)->11234K(11520K) NonClass: 9838K(10048K)->9838K(10048K) Class: 1395K(1472K)->1395K(1472K)
[36.698s][info][gc             ] GC(139) Pause Young (Allocation Failure) 1166M->92M(3959M) 74.851ms
[36.698s][info][gc,cpu         ] GC(139) User=0.08s Sys=0.00s Real=0.08s
[36.780s][info][gc,start       ] GC(140) Pause Full (System.gc())
[36.780s][info][gc,phases,start] GC(140) Phase 1: Mark live objects
[36.845s][info][gc,phases      ] GC(140) Phase 1: Mark live objects 64.512ms
[36.845s][info][gc,phases,start] GC(140) Phase 2: Compute new object addresses
[36.971s][info][gc,phases      ] GC(140) Phase 2: Compute new object addresses 126.621ms
[36.971s][info][gc,phases,start] GC(140) Phase 3: Adjust pointers
[36.998s][info][gc,phases      ] GC(140) Phase 3: Adjust pointers 27.015ms
[36.998s][info][gc,phases,start] GC(140) Phase 4: Move objects
[36.998s][info][gc,phases      ] GC(140) Phase 4: Move objects 0.008ms
[36.999s][info][gc,heap        ] GC(140) DefNew: 813924K(1258304K)->0K(1258304K) Eden: 795605K(1118528K)->0K(1118528K) From: 18319K(139776K)->0K(139776K)
[36.999s][info][gc,heap        ] GC(140) Tenured: 75913K(2796224K)->75913K(2796224K)
[36.999s][info][gc,metaspace   ] GC(140) Metaspace: 11234K(11520K)->11234K(11520K) NonClass: 9839K(10048K)->9839K(10048K) Class: 1395K(1472K)->1395K(1472K)
[36.999s][info][gc             ] GC(140) Pause Full (System.gc()) 868M->74M(3959M) 218.444ms
[36.999s][info][gc,cpu         ] GC(140) User=0.22s Sys=0.00s Real=0.22s
[37.114s][info][gc,start       ] GC(141) Pause Young (Allocation Failure)
[37.188s][info][gc,heap        ] GC(141) DefNew: 1118528K(1258304K)->18358K(1258304K) Eden: 1118528K(1118528K)->0K(1118528K) From: 0K(139776K)->18358K(139776K)
[37.188s][info][gc,heap        ] GC(141) Tenured: 75913K(2796224K)->75913K(2796224K)
[37.188s][info][gc,metaspace   ] GC(141) Metaspace: 11234K(11520K)->11234K(11520K) NonClass: 9839K(10048K)->9839K(10048K) Class: 1395K(1472K)->1395K(1472K)
[37.188s][info][gc             ] GC(141) Pause Young (Allocation Failure) 1166M->92M(3959M) 74.249ms
[37.188s][info][gc,cpu         ] GC(141) User=0.06s Sys=0.00s Real=0.06s
[37.274s][info][gc,start       ] GC(142) Pause Full (System.gc())
[37.275s][info][gc,phases,start] GC(142) Phase 1: Mark live objects
[37.339s][info][gc,phases      ] GC(142) Phase 1: Mark live objects 64.855ms
[37.339s][info][gc,phases,start] GC(142) Phase 2: Compute new object addresses
[37.466s][info][gc,phases      ] GC(142) Phase 2: Compute new object addresses 126.339ms
[37.466s][info][gc,phases,start] GC(142) Phase 3: Adjust pointers
[37.493s][info][gc,phases      ] GC(142) Phase 3: Adjust pointers 26.998ms
[37.493s][info][gc,phases,start] GC(142) Phase 4: Move objects
[37.493s][info][gc,phases      ] GC(142) Phase 4: Move objects 0.009ms
[37.493s][info][gc,heap        ] GC(142) DefNew: 815039K(1258304K)->0K(1258304K) Eden: 796680K(1118528K)->0K(1118528K) From: 18358K(139776K)->0K(139776K)
[37.493s][info][gc,heap        ] GC(142) Tenured: 75913K(2796224K)->75913K(2796224K)
[37.493s][info][gc,metaspace   ] GC(142) Metaspace: 11234K(11520K)->11234K(11520K) NonClass: 9839K(10048K)->9839K(10048K) Class: 1395K(1472K)->1395K(1472K)
[37.493s][info][gc             ] GC(142) Pause Full (System.gc()) 870M->74M(3959M) 218.540ms
[37.493s][info][gc,cpu         ] GC(142) User=0.20s Sys=0.00s Real=0.22s
[37.613s][info][gc,start       ] GC(143) Pause Young (Allocation Failure)
[37.688s][info][gc,heap        ] GC(143) DefNew: 1118528K(1258304K)->18166K(1258304K) Eden: 1118528K(1118528K)->0K(1118528K) From: 0K(139776K)->18166K(139776K)
[37.688s][info][gc,heap        ] GC(143) Tenured: 75913K(2796224K)->75913K(2796224K)
[37.688s][info][gc,metaspace   ] GC(143) Metaspace: 11234K(11520K)->11234K(11520K) NonClass: 9839K(10048K)->9839K(10048K) Class: 1395K(1472K)->1395K(1472K)
[37.688s][info][gc             ] GC(143) Pause Young (Allocation Failure) 1166M->91M(3959M) 75.233ms
[37.688s][info][gc,cpu         ] GC(143) User=0.08s Sys=0.00s Real=0.08s
[37.775s][info][gc,start       ] GC(144) Pause Full (System.gc())
[37.775s][info][gc,phases,start] GC(144) Phase 1: Mark live objects
[37.841s][info][gc,phases      ] GC(144) Phase 1: Mark live objects 65.478ms
[37.841s][info][gc,phases,start] GC(144) Phase 2: Compute new object addresses
[37.968s][info][gc,phases      ] GC(144) Phase 2: Compute new object addresses 127.201ms
[37.968s][info][gc,phases,start] GC(144) Phase 3: Adjust pointers
[37.995s][info][gc,phases      ] GC(144) Phase 3: Adjust pointers 27.064ms
[37.995s][info][gc,phases,start] GC(144) Phase 4: Move objects
[37.995s][info][gc,phases      ] GC(144) Phase 4: Move objects 0.009ms
[37.995s][info][gc,heap        ] GC(144) DefNew: 815182K(1258304K)->0K(1258304K) Eden: 797016K(1118528K)->0K(1118528K) From: 18166K(139776K)->0K(139776K)
[37.995s][info][gc,heap        ] GC(144) Tenured: 75913K(2796224K)->75914K(2796224K)
[37.995s][info][gc,metaspace   ] GC(144) Metaspace: 11234K(11520K)->11234K(11520K) NonClass: 9839K(10048K)->9839K(10048K) Class: 1395K(1472K)->1395K(1472K)
[37.995s][info][gc             ] GC(144) Pause Full (System.gc()) 870M->74M(3959M) 220.095ms
[37.995s][info][gc,cpu         ] GC(144) User=0.20s Sys=0.00s Real=0.22s
[38.111s][info][gc,start       ] GC(145) Pause Young (Allocation Failure)
[38.186s][info][gc,heap        ] GC(145) DefNew: 1118528K(1258304K)->18304K(1258304K) Eden: 1118528K(1118528K)->0K(1118528K) From: 0K(139776K)->18304K(139776K)
[38.186s][info][gc,heap        ] GC(145) Tenured: 75914K(2796224K)->75914K(2796224K)
[38.186s][info][gc,metaspace   ] GC(145) Metaspace: 11234K(11520K)->11234K(11520K) NonClass: 9839K(10048K)->9839K(10048K) Class: 1395K(1472K)->1395K(1472K)
[38.186s][info][gc             ] GC(145) Pause Young (Allocation Failure) 1166M->92M(3959M) 75.247ms
[38.186s][info][gc,cpu         ] GC(145) User=0.08s Sys=0.00s Real=0.08s
[38.275s][info][gc,start       ] GC(146) Pause Full (System.gc())
[38.275s][info][gc,phases,start] GC(146) Phase 1: Mark live objects
[38.340s][info][gc,phases      ] GC(146) Phase 1: Mark live objects 64.369ms
[38.340s][info][gc,phases,start] GC(146) Phase 2: Compute new object addresses
[38.467s][info][gc,phases      ] GC(146) Phase 2: Compute new object addresses 126.877ms
[38.467s][info][gc,phases,start] GC(146) Phase 3: Adjust pointers
[38.494s][info][gc,phases      ] GC(146) Phase 3: Adjust pointers 27.127ms
[38.494s][info][gc,phases,start] GC(146) Phase 4: Move objects
[38.494s][info][gc,phases      ] GC(146) Phase 4: Move objects 0.008ms
[38.494s][info][gc,heap        ] GC(146) DefNew: 815106K(1258304K)->0K(1258304K) Eden: 796801K(1118528K)->0K(1118528K) From: 18304K(139776K)->0K(139776K)
[38.494s][info][gc,heap        ] GC(146) Tenured: 75914K(2796224K)->75914K(2796224K)
[38.494s][info][gc,metaspace   ] GC(146) Metaspace: 11235K(11520K)->11235K(11520K) NonClass: 9840K(10048K)->9840K(10048K) Class: 1395K(1472K)->1395K(1472K)
[38.494s][info][gc             ] GC(146) Pause Full (System.gc()) 870M->74M(3959M) 218.668ms
[38.494s][info][gc,cpu         ] GC(146) User=0.20s Sys=0.00s Real=0.22s
[38.615s][info][gc,start       ] GC(147) Pause Young (Allocation Failure)
[38.689s][info][gc,heap        ] GC(147) DefNew: 1118528K(1258304K)->18311K(1258304K) Eden: 1118528K(1118528K)->0K(1118528K) From: 0K(139776K)->18311K(139776K)
[38.689s][info][gc,heap        ] GC(147) Tenured: 75914K(2796224K)->75914K(2796224K)
[38.689s][info][gc,metaspace   ] GC(147) Metaspace: 11235K(11520K)->11235K(11520K) NonClass: 9840K(10048K)->9840K(10048K) Class: 1395K(1472K)->1395K(1472K)
[38.690s][info][gc             ] GC(147) Pause Young (Allocation Failure) 1166M->92M(3959M) 74.855ms
[38.690s][info][gc,cpu         ] GC(147) User=0.08s Sys=0.00s Real=0.08s
[38.781s][info][gc,start       ] GC(148) Pause Full (System.gc())
[38.781s][info][gc,phases,start] GC(148) Phase 1: Mark live objects
[38.846s][info][gc,phases      ] GC(148) Phase 1: Mark live objects 65.084ms
[38.846s][info][gc,phases,start] GC(148) Phase 2: Compute new object addresses
[38.973s][info][gc,phases      ] GC(148) Phase 2: Compute new object addresses 127.193ms
[38.973s][info][gc,phases,start] GC(148) Phase 3: Adjust pointers
[39.000s][info][gc,phases      ] GC(148) Phase 3: Adjust pointers 27.084ms
[39.000s][info][gc,phases,start] GC(148) Phase 4: Move objects
[39.000s][info][gc,phases      ] GC(148) Phase 4: Move objects 0.013ms
[39.001s][info][gc,heap        ] GC(148) DefNew: 820444K(1258304K)->0K(1258304K) Eden: 802133K(1118528K)->0K(1118528K) From: 18311K(139776K)->0K(139776K)
[39.001s][info][gc,heap        ] GC(148) Tenured: 75914K(2796224K)->75914K(2796224K)
[39.001s][info][gc,metaspace   ] GC(148) Metaspace: 11236K(11520K)->11236K(11520K) NonClass: 9840K(10048K)->9840K(10048K) Class: 1395K(1472K)->1395K(1472K)
[39.001s][info][gc             ] GC(148) Pause Full (System.gc()) 875M->74M(3959M) 219.713ms
[39.001s][info][gc,cpu         ] GC(148) User=0.20s Sys=0.00s Real=0.22s
[39.116s][info][gc,start       ] GC(149) Pause Young (Allocation Failure)
[39.190s][info][gc,heap        ] GC(149) DefNew: 1118528K(1258304K)->18428K(1258304K) Eden: 1118528K(1118528K)->0K(1118528K) From: 0K(139776K)->18428K(139776K)
[39.191s][info][gc,heap        ] GC(149) Tenured: 75914K(2796224K)->75914K(2796224K)
[39.191s][info][gc,metaspace   ] GC(149) Metaspace: 11236K(11520K)->11236K(11520K) NonClass: 9840K(10048K)->9840K(10048K) Class: 1395K(1472K)->1395K(1472K)
[39.191s][info][gc             ] GC(149) Pause Young (Allocation Failure) 1166M->92M(3959M) 74.539ms
[39.191s][info][gc,cpu         ] GC(149) User=0.08s Sys=0.00s Real=0.08s
[39.279s][info][gc,start       ] GC(150) Pause Full (System.gc())
[39.280s][info][gc,phases,start] GC(150) Phase 1: Mark live objects
[39.344s][info][gc,phases      ] GC(150) Phase 1: Mark live objects 64.431ms
[39.344s][info][gc,phases,start] GC(150) Phase 2: Compute new object addresses
[39.471s][info][gc,phases      ] GC(150) Phase 2: Compute new object addresses 126.546ms
[39.471s][info][gc,phases,start] GC(150) Phase 3: Adjust pointers
[39.498s][info][gc,phases      ] GC(150) Phase 3: Adjust pointers 27.067ms
[39.498s][info][gc,phases,start] GC(150) Phase 4: Move objects
[39.498s][info][gc,phases      ] GC(150) Phase 4: Move objects 0.009ms
[39.498s][info][gc,heap        ] GC(150) DefNew: 814406K(1258304K)->0K(1258304K) Eden: 795977K(1118528K)->0K(1118528K) From: 18428K(139776K)->0K(139776K)
[39.498s][info][gc,heap        ] GC(150) Tenured: 75914K(2796224K)->75913K(2796224K)
[39.498s][info][gc,metaspace   ] GC(150) Metaspace: 11236K(11520K)->11236K(11520K) NonClass: 9840K(10048K)->9840K(10048K) Class: 1395K(1472K)->1395K(1472K)
[39.498s][info][gc             ] GC(150) Pause Full (System.gc()) 869M->74M(3959M) 218.330ms
[39.498s][info][gc,cpu         ] GC(150) User=0.20s Sys=0.00s Real=0.22s
[39.619s][info][gc,start       ] GC(151) Pause Young (Allocation Failure)
[39.693s][info][gc,heap        ] GC(151) DefNew: 1118528K(1258304K)->18337K(1258304K) Eden: 1118528K(1118528K)->0K(1118528K) From: 0K(139776K)->18337K(139776K)
[39.693s][info][gc,heap        ] GC(151) Tenured: 75913K(2796224K)->75913K(2796224K)
[39.693s][info][gc,metaspace   ] GC(151) Metaspace: 11236K(11520K)->11236K(11520K) NonClass: 9840K(10048K)->9840K(10048K) Class: 1395K(1472K)->1395K(1472K)
[39.693s][info][gc             ] GC(151) Pause Young (Allocation Failure) 1166M->92M(3959M) 74.702ms
[39.693s][info][gc,cpu         ] GC(151) User=0.08s Sys=0.00s Real=0.08s
[39.781s][info][gc,start       ] GC(152) Pause Full (System.gc())
[39.781s][info][gc,phases,start] GC(152) Phase 1: Mark live objects
[39.845s][info][gc,phases      ] GC(152) Phase 1: Mark live objects 64.611ms
[39.845s][info][gc,phases,start] GC(152) Phase 2: Compute new object addresses
[39.972s][info][gc,phases      ] GC(152) Phase 2: Compute new object addresses 126.697ms
[39.972s][info][gc,phases,start] GC(152) Phase 3: Adjust pointers
[39.999s][info][gc,phases      ] GC(152) Phase 3: Adjust pointers 27.137ms
[39.999s][info][gc,phases,start] GC(152) Phase 4: Move objects
[39.999s][info][gc,phases      ] GC(152) Phase 4: Move objects 0.008ms
[39.999s][info][gc,heap        ] GC(152) DefNew: 818541K(1258304K)->0K(1258304K) Eden: 800204K(1118528K)->0K(1118528K) From: 18337K(139776K)->0K(139776K)
[39.999s][info][gc,heap        ] GC(152) Tenured: 75913K(2796224K)->75913K(2796224K)
[39.999s][info][gc,metaspace   ] GC(152) Metaspace: 11236K(11520K)->11236K(11520K) NonClass: 9840K(10048K)->9840K(10048K) Class: 1395K(1472K)->1395K(1472K)
[39.999s][info][gc             ] GC(152) Pause Full (System.gc()) 873M->74M(3959M) 218.814ms
[39.999s][info][gc,cpu         ] GC(152) User=0.20s Sys=0.00s Real=0.21s
[40.114s][info][gc,start       ] GC(153) Pause Young (Allocation Failure)
[40.187s][info][gc,heap        ] GC(153) DefNew: 1118528K(1258304K)->18362K(1258304K) Eden: 1118528K(1118528K)->0K(1118528K) From: 0K(139776K)->18362K(139776K)
[40.187s][info][gc,heap        ] GC(153) Tenured: 75913K(2796224K)->75913K(2796224K)
[40.187s][info][gc,metaspace   ] GC(153) Metaspace: 11236K(11520K)->11236K(11520K) NonClass: 9840K(10048K)->9840K(10048K) Class: 1395K(1472K)->1395K(1472K)
[40.187s][info][gc             ] GC(153) Pause Young (Allocation Failure) 1166M->92M(3959M) 73.665ms
[40.187s][info][gc,cpu         ] GC(153) User=0.06s Sys=0.00s Real=0.06s
[40.275s][info][gc,start       ] GC(154) Pause Full (System.gc())
[40.275s][info][gc,phases,start] GC(154) Phase 1: Mark live objects
[40.340s][info][gc,phases      ] GC(154) Phase 1: Mark live objects 65.192ms
[40.340s][info][gc,phases,start] GC(154) Phase 2: Compute new object addresses
[40.467s][info][gc,phases      ] GC(154) Phase 2: Compute new object addresses 126.959ms
[40.467s][info][gc,phases,start] GC(154) Phase 3: Adjust pointers
[40.495s][info][gc,phases      ] GC(154) Phase 3: Adjust pointers 27.586ms
[40.495s][info][gc,phases,start] GC(154) Phase 4: Move objects
[40.495s][info][gc,phases      ] GC(154) Phase 4: Move objects 0.010ms
[40.495s][info][gc,heap        ] GC(154) DefNew: 818060K(1258304K)->0K(1258304K) Eden: 799698K(1118528K)->0K(1118528K) From: 18362K(139776K)->0K(139776K)
[40.495s][info][gc,heap        ] GC(154) Tenured: 75913K(2796224K)->75914K(2796224K)
[40.495s][info][gc,metaspace   ] GC(154) Metaspace: 11236K(11520K)->11236K(11520K) NonClass: 9840K(10048K)->9840K(10048K) Class: 1395K(1472K)->1395K(1472K)
[40.495s][info][gc             ] GC(154) Pause Full (System.gc()) 873M->74M(3959M) 220.137ms
[40.495s][info][gc,cpu         ] GC(154) User=0.20s Sys=0.00s Real=0.22s
[40.616s][info][gc,start       ] GC(155) Pause Young (Allocation Failure)
[40.691s][info][gc,heap        ] GC(155) DefNew: 1118528K(1258304K)->18197K(1258304K) Eden: 1118528K(1118528K)->0K(1118528K) From: 0K(139776K)->18197K(139776K)
[40.691s][info][gc,heap        ] GC(155) Tenured: 75914K(2796224K)->75914K(2796224K)
[40.691s][info][gc,metaspace   ] GC(155) Metaspace: 11236K(11520K)->11236K(11520K) NonClass: 9840K(10048K)->9840K(10048K) Class: 1395K(1472K)->1395K(1472K)
[40.691s][info][gc             ] GC(155) Pause Young (Allocation Failure) 1166M->91M(3959M) 74.943ms
[40.691s][info][gc,cpu         ] GC(155) User=0.05s Sys=0.00s Real=0.06s
[40.779s][info][gc,start       ] GC(156) Pause Full (System.gc())
[40.779s][info][gc,phases,start] GC(156) Phase 1: Mark live objects
[40.845s][info][gc,phases      ] GC(156) Phase 1: Mark live objects 65.933ms
[40.845s][info][gc,phases,start] GC(156) Phase 2: Compute new object addresses
[40.973s][info][gc,phases      ] GC(156) Phase 2: Compute new object addresses 127.630ms
[40.973s][info][gc,phases,start] GC(156) Phase 3: Adjust pointers
[41.000s][info][gc,phases      ] GC(156) Phase 3: Adjust pointers 27.061ms
[41.000s][info][gc,phases,start] GC(156) Phase 4: Move objects
[41.000s][info][gc,phases      ] GC(156) Phase 4: Move objects 0.009ms
[41.000s][info][gc,heap        ] GC(156) DefNew: 817590K(1258304K)->0K(1258304K) Eden: 799392K(1118528K)->0K(1118528K) From: 18197K(139776K)->0K(139776K)
[41.000s][info][gc,heap        ] GC(156) Tenured: 75914K(2796224K)->75914K(2796224K)
[41.000s][info][gc,metaspace   ] GC(156) Metaspace: 11236K(11520K)->11236K(11520K) NonClass: 9840K(10048K)->9840K(10048K) Class: 1395K(1472K)->1395K(1472K)
[41.000s][info][gc             ] GC(156) Pause Full (System.gc()) 872M->74M(3959M) 220.996ms
[41.000s][info][gc,cpu         ] GC(156) User=0.20s Sys=0.00s Real=0.22s
[41.115s][info][gc,start       ] GC(157) Pause Young (Allocation Failure)
[41.189s][info][gc,heap        ] GC(157) DefNew: 1118528K(1258304K)->18267K(1258304K) Eden: 1118528K(1118528K)->0K(1118528K) From: 0K(139776K)->18267K(139776K)
[41.189s][info][gc,heap        ] GC(157) Tenured: 75914K(2796224K)->75914K(2796224K)
[41.189s][info][gc,metaspace   ] GC(157) Metaspace: 11236K(11520K)->11236K(11520K) NonClass: 9841K(10048K)->9841K(10048K) Class: 1395K(1472K)->1395K(1472K)
[41.189s][info][gc             ] GC(157) Pause Young (Allocation Failure) 1166M->91M(3959M) 74.438ms
[41.189s][info][gc,cpu         ] GC(157) User=0.06s Sys=0.00s Real=0.08s
[41.279s][info][gc,start       ] GC(158) Pause Full (System.gc())
[41.279s][info][gc,phases,start] GC(158) Phase 1: Mark live objects
[41.343s][info][gc,phases      ] GC(158) Phase 1: Mark live objects 64.612ms
[41.343s][info][gc,phases,start] GC(158) Phase 2: Compute new object addresses
[41.470s][info][gc,phases      ] GC(158) Phase 2: Compute new object addresses 127.050ms
[41.470s][info][gc,phases,start] GC(158) Phase 3: Adjust pointers
[41.498s][info][gc,phases      ] GC(158) Phase 3: Adjust pointers 27.122ms
[41.498s][info][gc,phases,start] GC(158) Phase 4: Move objects
[41.498s][info][gc,phases      ] GC(158) Phase 4: Move objects 0.008ms
[41.498s][info][gc,heap        ] GC(158) DefNew: 813519K(1258304K)->0K(1258304K) Eden: 795252K(1118528K)->0K(1118528K) From: 18267K(139776K)->0K(139776K)
[41.498s][info][gc,heap        ] GC(158) Tenured: 75914K(2796224K)->75913K(2796224K)
[41.498s][info][gc,metaspace   ] GC(158) Metaspace: 11236K(11520K)->11236K(11520K) NonClass: 9841K(10048K)->9841K(10048K) Class: 1395K(1472K)->1395K(1472K)
[41.498s][info][gc             ] GC(158) Pause Full (System.gc()) 868M->74M(3959M) 219.124ms
[41.498s][info][gc,cpu         ] GC(158) User=0.20s Sys=0.00s Real=0.22s
[41.619s][info][gc,start       ] GC(159) Pause Young (Allocation Failure)
[41.694s][info][gc,heap        ] GC(159) DefNew: 1118528K(1258304K)->18345K(1258304K) Eden: 1118528K(1118528K)->0K(1118528K) From: 0K(139776K)->18345K(139776K)
[41.694s][info][gc,heap        ] GC(159) Tenured: 75913K(2796224K)->75913K(2796224K)
[41.694s][info][gc,metaspace   ] GC(159) Metaspace: 11236K(11520K)->11236K(11520K) NonClass: 9841K(10048K)->9841K(10048K) Class: 1395K(1472K)->1395K(1472K)
[41.694s][info][gc             ] GC(159) Pause Young (Allocation Failure) 1166M->92M(3959M) 74.944ms
[41.694s][info][gc,cpu         ] GC(159) User=0.09s Sys=0.00s Real=0.07s
[41.783s][info][gc,start       ] GC(160) Pause Full (System.gc())
[41.783s][info][gc,phases,start] GC(160) Phase 1: Mark live objects
[41.847s][info][gc,phases      ] GC(160) Phase 1: Mark live objects 64.617ms
[41.847s][info][gc,phases,start] GC(160) Phase 2: Compute new object addresses
[41.975s][info][gc,phases      ] GC(160) Phase 2: Compute new object addresses 127.190ms
[41.975s][info][gc,phases,start] GC(160) Phase 3: Adjust pointers
[42.002s][info][gc,phases      ] GC(160) Phase 3: Adjust pointers 27.143ms
[42.002s][info][gc,phases,start] GC(160) Phase 4: Move objects
[42.002s][info][gc,phases      ] GC(160) Phase 4: Move objects 0.009ms
[42.002s][info][gc,heap        ] GC(160) DefNew: 809771K(1258304K)->0K(1258304K) Eden: 791426K(1118528K)->0K(1118528K) From: 18345K(139776K)->0K(139776K)
[42.002s][info][gc,heap        ] GC(160) Tenured: 75913K(2796224K)->75913K(2796224K)
[42.002s][info][gc,metaspace   ] GC(160) Metaspace: 11236K(11520K)->11236K(11520K) NonClass: 9841K(10048K)->9841K(10048K) Class: 1395K(1472K)->1395K(1472K)
[42.002s][info][gc             ] GC(160) Pause Full (System.gc()) 864M->74M(3959M) 219.281ms
[42.002s][info][gc,cpu         ] GC(160) User=0.20s Sys=0.00s Real=0.22s
[42.117s][info][gc,start       ] GC(161) Pause Young (Allocation Failure)
[42.191s][info][gc,heap        ] GC(161) DefNew: 1118528K(1258304K)->18221K(1258304K) Eden: 1118528K(1118528K)->0K(1118528K) From: 0K(139776K)->18221K(139776K)
[42.191s][info][gc,heap        ] GC(161) Tenured: 75913K(2796224K)->75913K(2796224K)
[42.191s][info][gc,metaspace   ] GC(161) Metaspace: 11236K(11520K)->11236K(11520K) NonClass: 9841K(10048K)->9841K(10048K) Class: 1395K(1472K)->1395K(1472K)
[42.191s][info][gc             ] GC(161) Pause Young (Allocation Failure) 1166M->91M(3959M) 74.406ms
[42.191s][info][gc,cpu         ] GC(161) User=0.06s Sys=0.00s Real=0.08s
[42.281s][info][gc,start       ] GC(162) Pause Full (System.gc())
[42.281s][info][gc,phases,start] GC(162) Phase 1: Mark live objects
[42.346s][info][gc,phases      ] GC(162) Phase 1: Mark live objects 64.743ms
[42.346s][info][gc,phases,start] GC(162) Phase 2: Compute new object addresses
[42.473s][info][gc,phases      ] GC(162) Phase 2: Compute new object addresses 127.349ms
[42.473s][info][gc,phases,start] GC(162) Phase 3: Adjust pointers
[42.500s][info][gc,phases      ] GC(162) Phase 3: Adjust pointers 26.992ms
[42.500s][info][gc,phases,start] GC(162) Phase 4: Move objects
[42.500s][info][gc,phases      ] GC(162) Phase 4: Move objects 0.009ms
[42.500s][info][gc,heap        ] GC(162) DefNew: 816694K(1258304K)->0K(1258304K) Eden: 798472K(1118528K)->0K(1118528K) From: 18221K(139776K)->0K(139776K)
[42.500s][info][gc,heap        ] GC(162) Tenured: 75913K(2796224K)->75913K(2796224K)
[42.501s][info][gc,metaspace   ] GC(162) Metaspace: 11236K(11520K)->11236K(11520K) NonClass: 9841K(10048K)->9841K(10048K) Class: 1395K(1472K)->1395K(1472K)
[42.501s][info][gc             ] GC(162) Pause Full (System.gc()) 871M->74M(3959M) 219.458ms
[42.501s][info][gc,cpu         ] GC(162) User=0.19s Sys=0.00s Real=0.22s
[42.622s][info][gc,start       ] GC(163) Pause Young (Allocation Failure)
[42.697s][info][gc,heap        ] GC(163) DefNew: 1118528K(1258304K)->18412K(1258304K) Eden: 1118528K(1118528K)->0K(1118528K) From: 0K(139776K)->18412K(139776K)
[42.697s][info][gc,heap        ] GC(163) Tenured: 75913K(2796224K)->75913K(2796224K)
[42.697s][info][gc,metaspace   ] GC(163) Metaspace: 11237K(11520K)->11237K(11520K) NonClass: 9841K(10048K)->9841K(10048K) Class: 1395K(1472K)->1395K(1472K)
[42.697s][info][gc             ] GC(163) Pause Young (Allocation Failure) 1166M->92M(3959M) 74.682ms
[42.697s][info][gc,cpu         ] GC(163) User=0.08s Sys=0.00s Real=0.06s
[42.786s][info][gc,start       ] GC(164) Pause Full (System.gc())
[42.786s][info][gc,phases,start] GC(164) Phase 1: Mark live objects
[42.850s][info][gc,phases      ] GC(164) Phase 1: Mark live objects 64.579ms
[42.850s][info][gc,phases,start] GC(164) Phase 2: Compute new object addresses
[42.977s][info][gc,phases      ] GC(164) Phase 2: Compute new object addresses 126.751ms
[42.977s][info][gc,phases,start] GC(164) Phase 3: Adjust pointers
[43.004s][info][gc,phases      ] GC(164) Phase 3: Adjust pointers 27.232ms
[43.004s][info][gc,phases,start] GC(164) Phase 4: Move objects
[43.004s][info][gc,phases      ] GC(164) Phase 4: Move objects 0.009ms
[43.004s][info][gc,heap        ] GC(164) DefNew: 814986K(1258304K)->0K(1258304K) Eden: 796574K(1118528K)->0K(1118528K) From: 18412K(139776K)->0K(139776K)
[43.004s][info][gc,heap        ] GC(164) Tenured: 75913K(2796224K)->75914K(2796224K)
[43.004s][info][gc,metaspace   ] GC(164) Metaspace: 11237K(11520K)->11237K(11520K) NonClass: 9841K(10048K)->9841K(10048K) Class: 1395K(1472K)->1395K(1472K)
[43.004s][info][gc             ] GC(164) Pause Full (System.gc()) 870M->74M(3959M) 218.925ms
[43.004s][info][gc,cpu         ] GC(164) User=0.23s Sys=0.00s Real=0.22s
[43.120s][info][gc,start       ] GC(165) Pause Young (Allocation Failure)
[43.194s][info][gc,heap        ] GC(165) DefNew: 1118528K(1258304K)->18390K(1258304K) Eden: 1118528K(1118528K)->0K(1118528K) From: 0K(139776K)->18390K(139776K)
[43.194s][info][gc,heap        ] GC(165) Tenured: 75914K(2796224K)->75914K(2796224K)
[43.194s][info][gc,metaspace   ] GC(165) Metaspace: 11237K(11520K)->11237K(11520K) NonClass: 9841K(10048K)->9841K(10048K) Class: 1395K(1472K)->1395K(1472K)
[43.194s][info][gc             ] GC(165) Pause Young (Allocation Failure) 1166M->92M(3959M) 74.496ms
[43.194s][info][gc,cpu         ] GC(165) User=0.06s Sys=0.00s Real=0.08s
[43.284s][info][gc,start       ] GC(166) Pause Full (System.gc())
[43.284s][info][gc,phases,start] GC(166) Phase 1: Mark live objects
[43.348s][info][gc,phases      ] GC(166) Phase 1: Mark live objects 64.267ms
[43.348s][info][gc,phases,start] GC(166) Phase 2: Compute new object addresses
[43.475s][info][gc,phases      ] GC(166) Phase 2: Compute new object addresses 126.799ms
[43.475s][info][gc,phases,start] GC(166) Phase 3: Adjust pointers
[43.502s][info][gc,phases      ] GC(166) Phase 3: Adjust pointers 27.183ms
[43.502s][info][gc,phases,start] GC(166) Phase 4: Move objects
[43.502s][info][gc,phases      ] GC(166) Phase 4: Move objects 0.010ms
[43.503s][info][gc,heap        ] GC(166) DefNew: 811191K(1258304K)->0K(1258304K) Eden: 792801K(1118528K)->0K(1118528K) From: 18390K(139776K)->0K(139776K)
[43.503s][info][gc,heap        ] GC(166) Tenured: 75914K(2796224K)->75913K(2796224K)
[43.503s][info][gc,metaspace   ] GC(166) Metaspace: 11237K(11520K)->11237K(11520K) NonClass: 9841K(10048K)->9841K(10048K) Class: 1395K(1472K)->1395K(1472K)
[43.503s][info][gc             ] GC(166) Pause Full (System.gc()) 866M->74M(3959M) 218.593ms
[43.503s][info][gc,cpu         ] GC(166) User=0.20s Sys=0.00s Real=0.22s
[43.623s][info][gc,start       ] GC(167) Pause Young (Allocation Failure)
[43.698s][info][gc,heap        ] GC(167) DefNew: 1118528K(1258304K)->18328K(1258304K) Eden: 1118528K(1118528K)->0K(1118528K) From: 0K(139776K)->18328K(139776K)
[43.698s][info][gc,heap        ] GC(167) Tenured: 75913K(2796224K)->75913K(2796224K)
[43.698s][info][gc,metaspace   ] GC(167) Metaspace: 11237K(11520K)->11237K(11520K) NonClass: 9841K(10048K)->9841K(10048K) Class: 1395K(1472K)->1395K(1472K)
[43.698s][info][gc             ] GC(167) Pause Young (Allocation Failure) 1166M->92M(3959M) 74.993ms
[43.698s][info][gc,cpu         ] GC(167) User=0.06s Sys=0.00s Real=0.08s
[43.787s][info][gc,start       ] GC(168) Pause Full (System.gc())
[43.787s][info][gc,phases,start] GC(168) Phase 1: Mark live objects
[43.851s][info][gc,phases      ] GC(168) Phase 1: Mark live objects 64.788ms
[43.851s][info][gc,phases,start] GC(168) Phase 2: Compute new object addresses
[43.978s][info][gc,phases      ] GC(168) Phase 2: Compute new object addresses 126.870ms
[43.978s][info][gc,phases,start] GC(168) Phase 3: Adjust pointers
[44.005s][info][gc,phases      ] GC(168) Phase 3: Adjust pointers 27.096ms
[44.005s][info][gc,phases,start] GC(168) Phase 4: Move objects
[44.005s][info][gc,phases      ] GC(168) Phase 4: Move objects 0.009ms
[44.006s][info][gc,heap        ] GC(168) DefNew: 816768K(1258304K)->0K(1258304K) Eden: 798440K(1118528K)->0K(1118528K) From: 18328K(139776K)->0K(139776K)
[44.006s][info][gc,heap        ] GC(168) Tenured: 75913K(2796224K)->75913K(2796224K)
[44.006s][info][gc,metaspace   ] GC(168) Metaspace: 11237K(11520K)->11237K(11520K) NonClass: 9841K(10048K)->9841K(10048K) Class: 1395K(1472K)->1395K(1472K)
[44.006s][info][gc             ] GC(168) Pause Full (System.gc()) 871M->74M(3959M) 219.075ms
[44.006s][info][gc,cpu         ] GC(168) User=0.20s Sys=0.00s Real=0.22s
[44.120s][info][gc,start       ] GC(169) Pause Young (Allocation Failure)
[44.194s][info][gc,heap        ] GC(169) DefNew: 1118528K(1258304K)->18290K(1258304K) Eden: 1118528K(1118528K)->0K(1118528K) From: 0K(139776K)->18290K(139776K)
[44.194s][info][gc,heap        ] GC(169) Tenured: 75913K(2796224K)->75913K(2796224K)
[44.194s][info][gc,metaspace   ] GC(169) Metaspace: 11237K(11520K)->11237K(11520K) NonClass: 9841K(10048K)->9841K(10048K) Class: 1395K(1472K)->1395K(1472K)
[44.194s][info][gc             ] GC(169) Pause Young (Allocation Failure) 1166M->91M(3959M) 73.641ms
[44.194s][info][gc,cpu         ] GC(169) User=0.06s Sys=0.00s Real=0.08s
[44.282s][info][gc,start       ] GC(170) Pause Full (System.gc())
[44.282s][info][gc,phases,start] GC(170) Phase 1: Mark live objects
[44.347s][info][gc,phases      ] GC(170) Phase 1: Mark live objects 64.975ms
[44.347s][info][gc,phases,start] GC(170) Phase 2: Compute new object addresses
[44.475s][info][gc,phases      ] GC(170) Phase 2: Compute new object addresses 127.315ms
[44.475s][info][gc,phases,start] GC(170) Phase 3: Adjust pointers
[44.502s][info][gc,phases      ] GC(170) Phase 3: Adjust pointers 27.113ms
[44.502s][info][gc,phases,start] GC(170) Phase 4: Move objects
[44.502s][info][gc,phases      ] GC(170) Phase 4: Move objects 0.009ms
[44.502s][info][gc,heap        ] GC(170) DefNew: 818805K(1258304K)->0K(1258304K) Eden: 800514K(1118528K)->0K(1118528K) From: 18290K(139776K)->0K(139776K)
[44.502s][info][gc,heap        ] GC(170) Tenured: 75913K(2796224K)->75914K(2796224K)
[44.502s][info][gc,metaspace   ] GC(170) Metaspace: 11238K(11520K)->11238K(11520K) NonClass: 9843K(10048K)->9843K(10048K) Class: 1395K(1472K)->1395K(1472K)
[44.502s][info][gc             ] GC(170) Pause Full (System.gc()) 873M->74M(3959M) 219.735ms
[44.502s][info][gc,cpu         ] GC(170) User=0.19s Sys=0.02s Real=0.22s
[44.623s][info][gc,start       ] GC(171) Pause Young (Allocation Failure)
[44.697s][info][gc,heap        ] GC(171) DefNew: 1118528K(1258304K)->18212K(1258304K) Eden: 1118528K(1118528K)->0K(1118528K) From: 0K(139776K)->18212K(139776K)
[44.698s][info][gc,heap        ] GC(171) Tenured: 75914K(2796224K)->75914K(2796224K)
[44.698s][info][gc,metaspace   ] GC(171) Metaspace: 11241K(11520K)->11241K(11520K) NonClass: 9846K(10048K)->9846K(10048K) Class: 1395K(1472K)->1395K(1472K)
[44.698s][info][gc             ] GC(171) Pause Young (Allocation Failure) 1166M->91M(3959M) 74.646ms
[44.698s][info][gc,cpu         ] GC(171) User=0.08s Sys=0.00s Real=0.08s
[44.787s][info][gc,start       ] GC(172) Pause Full (System.gc())
[44.787s][info][gc,phases,start] GC(172) Phase 1: Mark live objects
[44.852s][info][gc,phases      ] GC(172) Phase 1: Mark live objects 65.105ms
[44.852s][info][gc,phases,start] GC(172) Phase 2: Compute new object addresses
[44.980s][info][gc,phases      ] GC(172) Phase 2: Compute new object addresses 127.311ms
[44.980s][info][gc,phases,start] GC(172) Phase 3: Adjust pointers
[45.007s][info][gc,phases      ] GC(172) Phase 3: Adjust pointers 27.123ms
[45.007s][info][gc,phases,start] GC(172) Phase 4: Move objects
[45.007s][info][gc,phases      ] GC(172) Phase 4: Move objects 0.010ms
[45.007s][info][gc,heap        ] GC(172) DefNew: 815550K(1258304K)->0K(1258304K) Eden: 797338K(1118528K)->0K(1118528K) From: 18212K(139776K)->0K(139776K)
[45.007s][info][gc,heap        ] GC(172) Tenured: 75914K(2796224K)->75914K(2796224K)
[45.007s][info][gc,metaspace   ] GC(172) Metaspace: 11244K(11520K)->11244K(11520K) NonClass: 9849K(10048K)->9849K(10048K) Class: 1395K(1472K)->1395K(1472K)
[45.007s][info][gc             ] GC(172) Pause Full (System.gc()) 870M->74M(3959M) 219.898ms
[45.007s][info][gc,cpu         ] GC(172) User=0.17s Sys=0.00s Real=0.22s
[45.122s][info][gc,start       ] GC(173) Pause Young (Allocation Failure)
[45.197s][info][gc,heap        ] GC(173) DefNew: 1118528K(1258304K)->18434K(1258304K) Eden: 1118528K(1118528K)->0K(1118528K) From: 0K(139776K)->18434K(139776K)
[45.197s][info][gc,heap        ] GC(173) Tenured: 75914K(2796224K)->75914K(2796224K)
[45.197s][info][gc,metaspace   ] GC(173) Metaspace: 11244K(11520K)->11244K(11520K) NonClass: 9849K(10048K)->9849K(10048K) Class: 1395K(1472K)->1395K(1472K)
[45.197s][info][gc             ] GC(173) Pause Young (Allocation Failure) 1166M->92M(3959M) 74.452ms
[45.197s][info][gc,cpu         ] GC(173) User=0.08s Sys=0.00s Real=0.06s
[45.287s][info][gc,start       ] GC(174) Pause Full (System.gc())
[45.287s][info][gc,phases,start] GC(174) Phase 1: Mark live objects
[45.353s][info][gc,phases      ] GC(174) Phase 1: Mark live objects 65.644ms
[45.353s][info][gc,phases,start] GC(174) Phase 2: Compute new object addresses
[45.479s][info][gc,phases      ] GC(174) Phase 2: Compute new object addresses 126.366ms
[45.479s][info][gc,phases,start] GC(174) Phase 3: Adjust pointers
[45.506s][info][gc,phases      ] GC(174) Phase 3: Adjust pointers 27.139ms
[45.506s][info][gc,phases,start] GC(174) Phase 4: Move objects
[45.506s][info][gc,phases      ] GC(174) Phase 4: Move objects 0.015ms
[45.506s][info][gc,heap        ] GC(174) DefNew: 811067K(1258304K)->0K(1258304K) Eden: 792632K(1118528K)->0K(1118528K) From: 18434K(139776K)->0K(139776K)
[45.506s][info][gc,heap        ] GC(174) Tenured: 75914K(2796224K)->75913K(2796224K)
[45.506s][info][gc,metaspace   ] GC(174) Metaspace: 11244K(11520K)->11244K(11520K) NonClass: 9849K(10048K)->9849K(10048K) Class: 1395K(1472K)->1395K(1472K)
[45.506s][info][gc             ] GC(174) Pause Full (System.gc()) 866M->74M(3959M) 219.521ms
[45.506s][info][gc,cpu         ] GC(174) User=0.22s Sys=0.00s Real=0.22s
[45.627s][info][gc,start       ] GC(175) Pause Young (Allocation Failure)
[45.702s][info][gc,heap        ] GC(175) DefNew: 1118528K(1258304K)->18334K(1258304K) Eden: 1118528K(1118528K)->0K(1118528K) From: 0K(139776K)->18334K(139776K)
[45.702s][info][gc,heap        ] GC(175) Tenured: 75913K(2796224K)->75913K(2796224K)
[45.702s][info][gc,metaspace   ] GC(175) Metaspace: 11244K(11520K)->11244K(11520K) NonClass: 9849K(10048K)->9849K(10048K) Class: 1395K(1472K)->1395K(1472K)
[45.702s][info][gc             ] GC(175) Pause Young (Allocation Failure) 1166M->92M(3959M) 74.622ms
[45.702s][info][gc,cpu         ] GC(175) User=0.08s Sys=0.00s Real=0.08s
[45.794s][info][gc,start       ] GC(176) Pause Full (System.gc())
[45.794s][info][gc,phases,start] GC(176) Phase 1: Mark live objects
[45.859s][info][gc,phases      ] GC(176) Phase 1: Mark live objects 65.183ms
[45.859s][info][gc,phases,start] GC(176) Phase 2: Compute new object addresses
[45.986s][info][gc,phases      ] GC(176) Phase 2: Compute new object addresses 126.520ms
[45.986s][info][gc,phases,start] GC(176) Phase 3: Adjust pointers
[46.013s][info][gc,phases      ] GC(176) Phase 3: Adjust pointers 27.149ms
[46.013s][info][gc,phases,start] GC(176) Phase 4: Move objects
[46.013s][info][gc,phases      ] GC(176) Phase 4: Move objects 0.009ms
[46.013s][info][gc,heap        ] GC(176) DefNew: 813926K(1258304K)->0K(1258304K) Eden: 795592K(1118528K)->0K(1118528K) From: 18334K(139776K)->0K(139776K)
[46.013s][info][gc,heap        ] GC(176) Tenured: 75913K(2796224K)->75914K(2796224K)
[46.013s][info][gc,metaspace   ] GC(176) Metaspace: 11245K(11520K)->11245K(11520K) NonClass: 9849K(10048K)->9849K(10048K) Class: 1395K(1472K)->1395K(1472K)
[46.013s][info][gc             ] GC(176) Pause Full (System.gc()) 868M->74M(3959M) 219.173ms
[46.013s][info][gc,cpu         ] GC(176) User=0.17s Sys=0.00s Real=0.22s
[46.128s][info][gc,start       ] GC(177) Pause Young (Allocation Failure)
[46.202s][info][gc,heap        ] GC(177) DefNew: 1118528K(1258304K)->18316K(1258304K) Eden: 1118528K(1118528K)->0K(1118528K) From: 0K(139776K)->18316K(139776K)
[46.202s][info][gc,heap        ] GC(177) Tenured: 75914K(2796224K)->75914K(2796224K)
[46.202s][info][gc,metaspace   ] GC(177) Metaspace: 11245K(11520K)->11245K(11520K) NonClass: 9849K(10048K)->9849K(10048K) Class: 1395K(1472K)->1395K(1472K)
[46.202s][info][gc             ] GC(177) Pause Young (Allocation Failure) 1166M->92M(3959M) 74.186ms
[46.202s][info][gc,cpu         ] GC(177) User=0.05s Sys=0.00s Real=0.06s
[46.293s][info][gc,start       ] GC(178) Pause Full (System.gc())
[46.293s][info][gc,phases,start] GC(178) Phase 1: Mark live objects
[46.358s][info][gc,phases      ] GC(178) Phase 1: Mark live objects 64.525ms
[46.358s][info][gc,phases,start] GC(178) Phase 2: Compute new object addresses
[46.485s][info][gc,phases      ] GC(178) Phase 2: Compute new object addresses 126.909ms
[46.485s][info][gc,phases,start] GC(178) Phase 3: Adjust pointers
[46.513s][info][gc,phases      ] GC(178) Phase 3: Adjust pointers 27.683ms
[46.513s][info][gc,phases,start] GC(178) Phase 4: Move objects
[46.513s][info][gc,phases      ] GC(178) Phase 4: Move objects 0.009ms
[46.513s][info][gc,heap        ] GC(178) DefNew: 813477K(1258304K)->0K(1258304K) Eden: 795161K(1118528K)->0K(1118528K) From: 18316K(139776K)->0K(139776K)
[46.513s][info][gc,heap        ] GC(178) Tenured: 75914K(2796224K)->75914K(2796224K)
[46.513s][info][gc,metaspace   ] GC(178) Metaspace: 11245K(11520K)->11245K(11520K) NonClass: 9849K(10048K)->9849K(10048K) Class: 1395K(1472K)->1395K(1472K)
[46.513s][info][gc             ] GC(178) Pause Full (System.gc()) 868M->74M(3959M) 219.451ms
[46.513s][info][gc,cpu         ] GC(178) User=0.20s Sys=0.00s Real=0.22s
[46.630s][info][gc,start       ] GC(179) Pause Young (Allocation Failure)
[46.704s][info][gc,heap        ] GC(179) DefNew: 1118528K(1258304K)->18412K(1258304K) Eden: 1118528K(1118528K)->0K(1118528K) From: 0K(139776K)->18412K(139776K)
[46.704s][info][gc,heap        ] GC(179) Tenured: 75914K(2796224K)->75914K(2796224K)
[46.704s][info][gc,metaspace   ] GC(179) Metaspace: 11245K(11520K)->11245K(11520K) NonClass: 9849K(10048K)->9849K(10048K) Class: 1395K(1472K)->1395K(1472K)
[46.704s][info][gc             ] GC(179) Pause Young (Allocation Failure) 1166M->92M(3959M) 74.257ms
[46.704s][info][gc,cpu         ] GC(179) User=0.08s Sys=0.00s Real=0.08s
[46.794s][info][gc,start       ] GC(180) Pause Full (System.gc())
[46.794s][info][gc,phases,start] GC(180) Phase 1: Mark live objects
[46.861s][info][gc,phases      ] GC(180) Phase 1: Mark live objects 66.702ms
[46.861s][info][gc,phases,start] GC(180) Phase 2: Compute new object addresses
[46.987s][info][gc,phases      ] GC(180) Phase 2: Compute new object addresses 126.555ms
[46.987s][info][gc,phases,start] GC(180) Phase 3: Adjust pointers
[47.014s][info][gc,phases      ] GC(180) Phase 3: Adjust pointers 26.995ms
[47.014s][info][gc,phases,start] GC(180) Phase 4: Move objects
[47.014s][info][gc,phases      ] GC(180) Phase 4: Move objects 0.009ms
[47.014s][info][gc,heap        ] GC(180) DefNew: 810397K(1258304K)->0K(1258304K) Eden: 791985K(1118528K)->0K(1118528K) From: 18412K(139776K)->0K(139776K)
[47.014s][info][gc,heap        ] GC(180) Tenured: 75914K(2796224K)->75914K(2796224K)
[47.014s][info][gc,metaspace   ] GC(180) Metaspace: 11245K(11520K)->11245K(11520K) NonClass: 9849K(10048K)->9849K(10048K) Class: 1395K(1472K)->1395K(1472K)
[47.014s][info][gc             ] GC(180) Pause Full (System.gc()) 865M->74M(3959M) 220.611ms
[47.014s][info][gc,cpu         ] GC(180) User=0.20s Sys=0.00s Real=0.22s
[47.129s][info][gc,start       ] GC(181) Pause Young (Allocation Failure)
[47.203s][info][gc,heap        ] GC(181) DefNew: 1118528K(1258304K)->18336K(1258304K) Eden: 1118528K(1118528K)->0K(1118528K) From: 0K(139776K)->18336K(139776K)
[47.203s][info][gc,heap        ] GC(181) Tenured: 75914K(2796224K)->75914K(2796224K)
[47.203s][info][gc,metaspace   ] GC(181) Metaspace: 11245K(11520K)->11245K(11520K) NonClass: 9849K(10048K)->9849K(10048K) Class: 1395K(1472K)->1395K(1472K)
[47.203s][info][gc             ] GC(181) Pause Young (Allocation Failure) 1166M->92M(3959M) 73.861ms
[47.203s][info][gc,cpu         ] GC(181) User=0.08s Sys=0.00s Real=0.06s
[47.292s][info][gc,start       ] GC(182) Pause Full (System.gc())
[47.292s][info][gc,phases,start] GC(182) Phase 1: Mark live objects
[47.358s][info][gc,phases      ] GC(182) Phase 1: Mark live objects 65.872ms
[47.358s][info][gc,phases,start] GC(182) Phase 2: Compute new object addresses
[47.486s][info][gc,phases      ] GC(182) Phase 2: Compute new object addresses 128.169ms
[47.486s][info][gc,phases,start] GC(182) Phase 3: Adjust pointers
[47.514s][info][gc,phases      ] GC(182) Phase 3: Adjust pointers 27.705ms
[47.514s][info][gc,phases,start] GC(182) Phase 4: Move objects
[47.514s][info][gc,phases      ] GC(182) Phase 4: Move objects 0.009ms
[47.514s][info][gc,heap        ] GC(182) DefNew: 813276K(1258304K)->0K(1258304K) Eden: 794939K(1118528K)->0K(1118528K) From: 18336K(139776K)->0K(139776K)
[47.514s][info][gc,heap        ] GC(182) Tenured: 75914K(2796224K)->75913K(2796224K)
[47.514s][info][gc,metaspace   ] GC(182) Metaspace: 11245K(11520K)->11245K(11520K) NonClass: 9849K(10048K)->9849K(10048K) Class: 1395K(1472K)->1395K(1472K)
[47.514s][info][gc             ] GC(182) Pause Full (System.gc()) 868M->74M(3959M) 222.107ms
[47.514s][info][gc,cpu         ] GC(182) User=0.20s Sys=0.00s Real=0.22s
[47.631s][info][gc,start       ] GC(183) Pause Young (Allocation Failure)
[47.705s][info][gc,heap        ] GC(183) DefNew: 1118528K(1258304K)->18361K(1258304K) Eden: 1118528K(1118528K)->0K(1118528K) From: 0K(139776K)->18361K(139776K)
[47.705s][info][gc,heap        ] GC(183) Tenured: 75913K(2796224K)->75913K(2796224K)
[47.705s][info][gc,metaspace   ] GC(183) Metaspace: 11245K(11520K)->11245K(11520K) NonClass: 9849K(10048K)->9849K(10048K) Class: 1395K(1472K)->1395K(1472K)
[47.705s][info][gc             ] GC(183) Pause Young (Allocation Failure) 1166M->92M(3959M) 73.948ms
[47.705s][info][gc,cpu         ] GC(183) User=0.08s Sys=0.00s Real=0.06s
[47.792s][info][gc,start       ] GC(184) Pause Full (System.gc())
[47.792s][info][gc,phases,start] GC(184) Phase 1: Mark live objects
[47.857s][info][gc,phases      ] GC(184) Phase 1: Mark live objects 64.466ms
[47.857s][info][gc,phases,start] GC(184) Phase 2: Compute new object addresses
[47.984s][info][gc,phases      ] GC(184) Phase 2: Compute new object addresses 126.883ms
[47.984s][info][gc,phases,start] GC(184) Phase 3: Adjust pointers
[48.011s][info][gc,phases      ] GC(184) Phase 3: Adjust pointers 27.115ms
[48.011s][info][gc,phases,start] GC(184) Phase 4: Move objects
[48.011s][info][gc,phases      ] GC(184) Phase 4: Move objects 0.009ms
[48.011s][info][gc,heap        ] GC(184) DefNew: 817746K(1258304K)->0K(1258304K) Eden: 799385K(1118528K)->0K(1118528K) From: 18361K(139776K)->0K(139776K)
[48.011s][info][gc,heap        ] GC(184) Tenured: 75913K(2796224K)->75913K(2796224K)
[48.011s][info][gc,metaspace   ] GC(184) Metaspace: 11245K(11520K)->11245K(11520K) NonClass: 9849K(10048K)->9849K(10048K) Class: 1395K(1472K)->1395K(1472K)
[48.011s][info][gc             ] GC(184) Pause Full (System.gc()) 872M->74M(3959M) 218.778ms
[48.011s][info][gc,cpu         ] GC(184) User=0.20s Sys=0.00s Real=0.22s
[48.126s][info][gc,start       ] GC(185) Pause Young (Allocation Failure)
[48.201s][info][gc,heap        ] GC(185) DefNew: 1118528K(1258304K)->18394K(1258304K) Eden: 1118528K(1118528K)->0K(1118528K) From: 0K(139776K)->18394K(139776K)
[48.201s][info][gc,heap        ] GC(185) Tenured: 75913K(2796224K)->75913K(2796224K)
[48.201s][info][gc,metaspace   ] GC(185) Metaspace: 11245K(11520K)->11245K(11520K) NonClass: 9849K(10048K)->9849K(10048K) Class: 1395K(1472K)->1395K(1472K)
[48.201s][info][gc             ] GC(185) Pause Young (Allocation Failure) 1166M->92M(3959M) 74.422ms
[48.201s][info][gc,cpu         ] GC(185) User=0.06s Sys=0.00s Real=0.08s
[48.290s][info][gc,start       ] GC(186) Pause Full (System.gc())
[48.290s][info][gc,phases,start] GC(186) Phase 1: Mark live objects
[48.355s][info][gc,phases      ] GC(186) Phase 1: Mark live objects 64.399ms
[48.355s][info][gc,phases,start] GC(186) Phase 2: Compute new object addresses
[48.481s][info][gc,phases      ] GC(186) Phase 2: Compute new object addresses 126.466ms
[48.481s][info][gc,phases,start] GC(186) Phase 3: Adjust pointers
[48.508s][info][gc,phases      ] GC(186) Phase 3: Adjust pointers 27.024ms
[48.508s][info][gc,phases,start] GC(186) Phase 4: Move objects
[48.508s][info][gc,phases      ] GC(186) Phase 4: Move objects 0.009ms
[48.508s][info][gc,heap        ] GC(186) DefNew: 819516K(1258304K)->0K(1258304K) Eden: 801121K(1118528K)->0K(1118528K) From: 18394K(139776K)->0K(139776K)
[48.508s][info][gc,heap        ] GC(186) Tenured: 75913K(2796224K)->75914K(2796224K)
[48.508s][info][gc,metaspace   ] GC(186) Metaspace: 11245K(11520K)->11245K(11520K) NonClass: 9849K(10048K)->9849K(10048K) Class: 1395K(1472K)->1395K(1472K)
[48.508s][info][gc             ] GC(186) Pause Full (System.gc()) 874M->74M(3959M) 218.186ms
[48.508s][info][gc,cpu         ] GC(186) User=0.20s Sys=0.00s Real=0.20s
[48.630s][info][gc,start       ] GC(187) Pause Young (Allocation Failure)
[48.705s][info][gc,heap        ] GC(187) DefNew: 1118528K(1258304K)->18329K(1258304K) Eden: 1118528K(1118528K)->0K(1118528K) From: 0K(139776K)->18329K(139776K)
[48.705s][info][gc,heap        ] GC(187) Tenured: 75914K(2796224K)->75914K(2796224K)
[48.705s][info][gc,metaspace   ] GC(187) Metaspace: 11246K(11520K)->11246K(11520K) NonClass: 9850K(10048K)->9850K(10048K) Class: 1395K(1472K)->1395K(1472K)
[48.705s][info][gc             ] GC(187) Pause Young (Allocation Failure) 1166M->92M(3959M) 74.998ms
[48.705s][info][gc,cpu         ] GC(187) User=0.08s Sys=0.00s Real=0.08s
[48.793s][info][gc,start       ] GC(188) Pause Full (System.gc())
[48.793s][info][gc,phases,start] GC(188) Phase 1: Mark live objects
[48.858s][info][gc,phases      ] GC(188) Phase 1: Mark live objects 64.870ms
[48.858s][info][gc,phases,start] GC(188) Phase 2: Compute new object addresses
[48.985s][info][gc,phases      ] GC(188) Phase 2: Compute new object addresses 126.487ms
[48.985s][info][gc,phases,start] GC(188) Phase 3: Adjust pointers
[49.012s][info][gc,phases      ] GC(188) Phase 3: Adjust pointers 26.988ms
[49.012s][info][gc,phases,start] GC(188) Phase 4: Move objects
[49.012s][info][gc,phases      ] GC(188) Phase 4: Move objects 0.009ms
[49.012s][info][gc,heap        ] GC(188) DefNew: 816797K(1258304K)->0K(1258304K) Eden: 798468K(1118528K)->0K(1118528K) From: 18329K(139776K)->0K(139776K)
[49.012s][info][gc,heap        ] GC(188) Tenured: 75914K(2796224K)->75914K(2796224K)
[49.012s][info][gc,metaspace   ] GC(188) Metaspace: 11246K(11520K)->11246K(11520K) NonClass: 9850K(10048K)->9850K(10048K) Class: 1395K(1472K)->1395K(1472K)
[49.012s][info][gc             ] GC(188) Pause Full (System.gc()) 871M->74M(3959M) 218.653ms
[49.012s][info][gc,cpu         ] GC(188) User=0.19s Sys=0.00s Real=0.20s
[49.128s][info][gc,start       ] GC(189) Pause Young (Allocation Failure)
[49.201s][info][gc,heap        ] GC(189) DefNew: 1118528K(1258304K)->18341K(1258304K) Eden: 1118528K(1118528K)->0K(1118528K) From: 0K(139776K)->18341K(139776K)
[49.202s][info][gc,heap        ] GC(189) Tenured: 75914K(2796224K)->75914K(2796224K)
[49.202s][info][gc,metaspace   ] GC(189) Metaspace: 11246K(11520K)->11246K(11520K) NonClass: 9850K(10048K)->9850K(10048K) Class: 1395K(1472K)->1395K(1472K)
[49.202s][info][gc             ] GC(189) Pause Young (Allocation Failure) 1166M->92M(3959M) 73.938ms
[49.202s][info][gc,cpu         ] GC(189) User=0.08s Sys=0.00s Real=0.08s
[49.290s][info][gc,start       ] GC(190) Pause Full (System.gc())
[49.290s][info][gc,phases,start] GC(190) Phase 1: Mark live objects
[49.356s][info][gc,phases      ] GC(190) Phase 1: Mark live objects 65.427ms
[49.356s][info][gc,phases,start] GC(190) Phase 2: Compute new object addresses
[49.484s][info][gc,phases      ] GC(190) Phase 2: Compute new object addresses 128.248ms
[49.484s][info][gc,phases,start] GC(190) Phase 3: Adjust pointers
[49.512s][info][gc,phases      ] GC(190) Phase 3: Adjust pointers 27.580ms
[49.512s][info][gc,phases,start] GC(190) Phase 4: Move objects
[49.512s][info][gc,phases      ] GC(190) Phase 4: Move objects 0.009ms
[49.512s][info][gc,heap        ] GC(190) DefNew: 816437K(1258304K)->0K(1258304K) Eden: 798095K(1118528K)->0K(1118528K) From: 18341K(139776K)->0K(139776K)
[49.512s][info][gc,heap        ] GC(190) Tenured: 75914K(2796224K)->75913K(2796224K)
[49.512s][info][gc,metaspace   ] GC(190) Metaspace: 11246K(11520K)->11246K(11520K) NonClass: 9851K(10048K)->9851K(10048K) Class: 1395K(1472K)->1395K(1472K)
[49.512s][info][gc             ] GC(190) Pause Full (System.gc()) 871M->74M(3959M) 221.630ms
[49.512s][info][gc,cpu         ] GC(190) User=0.20s Sys=0.00s Real=0.22s
[49.628s][info][gc,start       ] GC(191) Pause Young (Allocation Failure)
[49.703s][info][gc,heap        ] GC(191) DefNew: 1118528K(1258304K)->18338K(1258304K) Eden: 1118528K(1118528K)->0K(1118528K) From: 0K(139776K)->18338K(139776K)
[49.703s][info][gc,heap        ] GC(191) Tenured: 75913K(2796224K)->75913K(2796224K)
[49.703s][info][gc,metaspace   ] GC(191) Metaspace: 11246K(11520K)->11246K(11520K) NonClass: 9851K(10048K)->9851K(10048K) Class: 1395K(1472K)->1395K(1472K)
[49.703s][info][gc             ] GC(191) Pause Young (Allocation Failure) 1166M->92M(3959M) 74.749ms
[49.703s][info][gc,cpu         ] GC(191) User=0.08s Sys=0.00s Real=0.06s
[49.790s][info][gc,start       ] GC(192) Pause Full (System.gc())
[49.790s][info][gc,phases,start] GC(192) Phase 1: Mark live objects
[49.855s][info][gc,phases      ] GC(192) Phase 1: Mark live objects 64.556ms
[49.855s][info][gc,phases,start] GC(192) Phase 2: Compute new object addresses
[49.982s][info][gc,phases      ] GC(192) Phase 2: Compute new object addresses 126.951ms
[49.982s][info][gc,phases,start] GC(192) Phase 3: Adjust pointers
[50.009s][info][gc,phases      ] GC(192) Phase 3: Adjust pointers 27.171ms
[50.009s][info][gc,phases,start] GC(192) Phase 4: Move objects
[50.009s][info][gc,phases      ] GC(192) Phase 4: Move objects 0.009ms
[50.009s][info][gc,heap        ] GC(192) DefNew: 817144K(1258304K)->0K(1258304K) Eden: 798805K(1118528K)->0K(1118528K) From: 18338K(139776K)->0K(139776K)
[50.009s][info][gc,heap        ] GC(192) Tenured: 75913K(2796224K)->75913K(2796224K)
[50.009s][info][gc,metaspace   ] GC(192) Metaspace: 11249K(11520K)->11249K(11520K) NonClass: 9853K(10048K)->9853K(10048K) Class: 1395K(1472K)->1395K(1472K)
[50.009s][info][gc             ] GC(192) Pause Full (System.gc()) 872M->74M(3959M) 218.988ms
[50.009s][info][gc,cpu         ] GC(192) User=0.20s Sys=0.00s Real=0.21s
[50.124s][info][gc,start       ] GC(193) Pause Young (Allocation Failure)
[50.198s][info][gc,heap        ] GC(193) DefNew: 1118528K(1258304K)->18295K(1258304K) Eden: 1118528K(1118528K)->0K(1118528K) From: 0K(139776K)->18295K(139776K)
[50.198s][info][gc,heap        ] GC(193) Tenured: 75913K(2796224K)->75913K(2796224K)
[50.198s][info][gc,metaspace   ] GC(193) Metaspace: 11258K(11520K)->11258K(11520K) NonClass: 9862K(10048K)->9862K(10048K) Class: 1395K(1472K)->1395K(1472K)
[50.198s][info][gc             ] GC(193) Pause Young (Allocation Failure) 1166M->92M(3959M) 73.826ms
[50.198s][info][gc,cpu         ] GC(193) User=0.06s Sys=0.00s Real=0.08s
[50.287s][info][gc,start       ] GC(194) Pause Full (System.gc())
[50.287s][info][gc,phases,start] GC(194) Phase 1: Mark live objects
[50.352s][info][gc,phases      ] GC(194) Phase 1: Mark live objects 64.536ms
[50.352s][info][gc,phases,start] GC(194) Phase 2: Compute new object addresses
[50.479s][info][gc,phases      ] GC(194) Phase 2: Compute new object addresses 127.140ms
[50.479s][info][gc,phases,start] GC(194) Phase 3: Adjust pointers
[50.506s][info][gc,phases      ] GC(194) Phase 3: Adjust pointers 27.176ms
[50.506s][info][gc,phases,start] GC(194) Phase 4: Move objects
[50.506s][info][gc,phases      ] GC(194) Phase 4: Move objects 0.009ms
[50.507s][info][gc,heap        ] GC(194) DefNew: 819176K(1258304K)->0K(1258304K) Eden: 800881K(1118528K)->0K(1118528K) From: 18295K(139776K)->0K(139776K)
[50.507s][info][gc,heap        ] GC(194) Tenured: 75913K(2796224K)->75913K(2796224K)
[50.507s][info][gc,metaspace   ] GC(194) Metaspace: 11258K(11520K)->11258K(11520K) NonClass: 9862K(10048K)->9862K(10048K) Class: 1395K(1472K)->1395K(1472K)
[50.507s][info][gc             ] GC(194) Pause Full (System.gc()) 874M->74M(3959M) 219.165ms
[50.507s][info][gc,cpu         ] GC(194) User=0.20s Sys=0.00s Real=0.22s
[50.625s][info][gc,start       ] GC(195) Pause Young (Allocation Failure)
[50.700s][info][gc,heap        ] GC(195) DefNew: 1118528K(1258304K)->18331K(1258304K) Eden: 1118528K(1118528K)->0K(1118528K) From: 0K(139776K)->18331K(139776K)
[50.700s][info][gc,heap        ] GC(195) Tenured: 75913K(2796224K)->75913K(2796224K)
[50.700s][info][gc,metaspace   ] GC(195) Metaspace: 11258K(11520K)->11258K(11520K) NonClass: 9862K(10048K)->9862K(10048K) Class: 1395K(1472K)->1395K(1472K)
[50.700s][info][gc             ] GC(195) Pause Young (Allocation Failure) 1166M->92M(3959M) 74.903ms
[50.700s][info][gc,cpu         ] GC(195) User=0.08s Sys=0.00s Real=0.08s
[50.787s][info][gc,start       ] GC(196) Pause Full (System.gc())
[50.787s][info][gc,phases,start] GC(196) Phase 1: Mark live objects
[50.852s][info][gc,phases      ] GC(196) Phase 1: Mark live objects 64.585ms
[50.852s][info][gc,phases,start] GC(196) Phase 2: Compute new object addresses
[50.979s][info][gc,phases      ] GC(196) Phase 2: Compute new object addresses 126.687ms
[50.979s][info][gc,phases,start] GC(196) Phase 3: Adjust pointers
[51.006s][info][gc,phases      ] GC(196) Phase 3: Adjust pointers 27.326ms
[51.006s][info][gc,phases,start] GC(196) Phase 4: Move objects
[51.006s][info][gc,phases      ] GC(196) Phase 4: Move objects 0.009ms
[51.006s][info][gc,heap        ] GC(196) DefNew: 810779K(1258304K)->0K(1258304K) Eden: 792448K(1118528K)->0K(1118528K) From: 18331K(139776K)->0K(139776K)
[51.006s][info][gc,heap        ] GC(196) Tenured: 75913K(2796224K)->75913K(2796224K)
[51.006s][info][gc,metaspace   ] GC(196) Metaspace: 11258K(11520K)->11258K(11520K) NonClass: 9862K(10048K)->9862K(10048K) Class: 1395K(1472K)->1395K(1472K)
[51.006s][info][gc             ] GC(196) Pause Full (System.gc()) 865M->74M(3959M) 218.906ms
[51.006s][info][gc,cpu         ] GC(196) User=0.20s Sys=0.00s Real=0.20s
[51.121s][info][gc,start       ] GC(197) Pause Young (Allocation Failure)
[51.200s][info][gc,heap        ] GC(197) DefNew: 1118528K(1258304K)->18343K(1258304K) Eden: 1118528K(1118528K)->0K(1118528K) From: 0K(139776K)->18343K(139776K)
[51.200s][info][gc,heap        ] GC(197) Tenured: 75913K(2796224K)->75913K(2796224K)
[51.200s][info][gc,metaspace   ] GC(197) Metaspace: 11258K(11520K)->11258K(11520K) NonClass: 9862K(10048K)->9862K(10048K) Class: 1395K(1472K)->1395K(1472K)
[51.200s][info][gc             ] GC(197) Pause Young (Allocation Failure) 1166M->92M(3959M) 78.916ms
[51.200s][info][gc,cpu         ] GC(197) User=0.08s Sys=0.00s Real=0.08s
[51.290s][info][gc,start       ] GC(198) Pause Full (System.gc())
[51.290s][info][gc,phases,start] GC(198) Phase 1: Mark live objects
[51.357s][info][gc,phases      ] GC(198) Phase 1: Mark live objects 67.514ms
[51.357s][info][gc,phases,start] GC(198) Phase 2: Compute new object addresses
[51.485s][info][gc,phases      ] GC(198) Phase 2: Compute new object addresses 127.668ms
[51.485s][info][gc,phases,start] GC(198) Phase 3: Adjust pointers
[51.513s][info][gc,phases      ] GC(198) Phase 3: Adjust pointers 27.608ms
[51.513s][info][gc,phases,start] GC(198) Phase 4: Move objects
[51.513s][info][gc,phases      ] GC(198) Phase 4: Move objects 0.010ms
[51.513s][info][gc,heap        ] GC(198) DefNew: 815013K(1258304K)->0K(1258304K) Eden: 796669K(1118528K)->0K(1118528K) From: 18343K(139776K)->0K(139776K)
[51.513s][info][gc,heap        ] GC(198) Tenured: 75913K(2796224K)->75913K(2796224K)
[51.513s][info][gc,metaspace   ] GC(198) Metaspace: 11258K(11520K)->11258K(11520K) NonClass: 9862K(10048K)->9862K(10048K) Class: 1395K(1472K)->1395K(1472K)
[51.513s][info][gc             ] GC(198) Pause Full (System.gc()) 870M->74M(3959M) 223.118ms
[51.513s][info][gc,cpu         ] GC(198) User=0.22s Sys=0.00s Real=0.22s
[51.632s][info][gc,start       ] GC(199) Pause Young (Allocation Failure)
[51.709s][info][gc,heap        ] GC(199) DefNew: 1118528K(1258304K)->18392K(1258304K) Eden: 1118528K(1118528K)->0K(1118528K) From: 0K(139776K)->18392K(139776K)
[51.709s][info][gc,heap        ] GC(199) Tenured: 75913K(2796224K)->75913K(2796224K)
[51.709s][info][gc,metaspace   ] GC(199) Metaspace: 11258K(11520K)->11258K(11520K) NonClass: 9862K(10048K)->9862K(10048K) Class: 1395K(1472K)->1395K(1472K)
[51.709s][info][gc             ] GC(199) Pause Young (Allocation Failure) 1166M->92M(3959M) 77.429ms
[51.709s][info][gc,cpu         ] GC(199) User=0.08s Sys=0.00s Real=0.09s
[51.804s][info][gc,heap,exit   ] Heap
[51.804s][info][gc,heap,exit   ]  def new generation   total 1258304K, used 827833K [0x0000000700000000, 0x0000000755550000, 0x0000000755550000)
[51.804s][info][gc,heap,exit   ]   eden space 1118528K,  72% used [0x0000000700000000, 0x00000007316783e0, 0x0000000744450000)
[51.804s][info][gc,heap,exit   ]   from space 139776K,  13% used [0x0000000744450000, 0x0000000745646058, 0x000000074ccd0000)
[51.804s][info][gc,heap,exit   ]   to   space 139776K,   0% used [0x000000074ccd0000, 0x000000074ccd0000, 0x0000000755550000)
[51.804s][info][gc,heap,exit   ]  tenured generation   total 2796224K, used 75913K [0x0000000755550000, 0x0000000800000000, 0x0000000800000000)
[51.804s][info][gc,heap,exit   ]    the space 2796224K,   2% used [0x0000000755550000, 0x0000000759f72788, 0x0000000759f72800, 0x0000000800000000)
[51.804s][info][gc,heap,exit   ]  Metaspace       used 11317K, committed 11584K, reserved 1114112K
[51.804s][info][gc,heap,exit   ]   class space    used 1404K, committed 1472K, reserved 1048576K
