OpenJDK 64-Bit Server VM (25.422-b05) for windows-amd64 JRE (1.8.0_422-422-b05), built on Jul 18 2024 05:34:18 by "Administrator" with MS VC++ 16.10 / 16.11 (VS2019)
Memory: 4k page, physical 15965620k(12065400k free), swap 17866164k(13371212k free)
CommandLine flags: -XX:InitialHeapSize=2147483648 -XX:MaxHeapSize=2147483648 -XX:MaxNewSize=523452416 -XX:MaxTenuringThreshold=6 -XX:NewSize=523452416 -XX:OldPLABSize=16 -XX:OldSize=1046904832 -XX:+PrintGC -XX:+PrintGCApplicationConcurrentTime -XX:+PrintGCApplicationStoppedTime -XX:+PrintGCDateStamps -XX:+PrintGCDetails -XX:+PrintGCTimeStamps -XX:+UnlockExperimentalVMOptions -XX:+UseCompressedClassPointers -XX:+UseCompressedOops -XX:+UseConcMarkSweepGC -XX:-UseLargePagesIndividualAllocation -XX:+UseParNewGC 
2024-10-07T05:38:09.810+0300: 0.067: Application time: 0.0181673 seconds
2024-10-07T05:38:09.826+0300: 0.067: Total time for which application threads were stopped: 0.0001386 seconds, Stopping threads took: 0.0000377 seconds
2024-10-07T05:38:09.826+0300: 0.075: Application time: 0.0082947 seconds
2024-10-07T05:38:09.826+0300: 0.075: Total time for which application threads were stopped: 0.0000729 seconds, Stopping threads took: 0.0000247 seconds
2024-10-07T05:38:09.998+0300: 0.244: Application time: 0.1686948 seconds
2024-10-07T05:38:09.998+0300: 0.244: [Full GC (System.gc()) 2024-10-07T05:38:09.998+0300: 0.244: [CMS: 0K->3741K(1585984K), 0.0176125 secs] 32721K->3741K(2046080K), [Metaspace: 7076K->7076K(1056768K)], 0.0181135 secs] [Times: user=0.02 sys=0.00, real=0.02 secs] 
2024-10-07T05:38:10.014+0300: 0.262: Total time for which application threads were stopped: 0.0182867 seconds, Stopping threads took: 0.0000289 seconds
2024-10-07T05:38:10.014+0300: 0.263: Application time: 0.0001764 seconds
2024-10-07T05:38:10.014+0300: 0.263: [Full GC (System.gc()) 2024-10-07T05:38:10.014+0300: 0.263: [CMS: 3741K->3741K(1585984K), 0.0086453 secs] 3741K->3741K(2046080K), [Metaspace: 7076K->7076K(1056768K)], 0.0090205 secs] [Times: user=0.00 sys=0.00, real=0.02 secs] 
2024-10-07T05:38:10.029+0300: 0.272: Total time for which application threads were stopped: 0.0091935 seconds, Stopping threads took: 0.0000840 seconds
2024-10-07T05:38:10.988+0300: 1.237: Application time: 0.9653135 seconds
2024-10-07T05:38:10.988+0300: 1.237: [GC (Allocation Failure) 2024-10-07T05:38:10.988+0300: 1.237: [ParNew: 409024K->4497K(460096K), 0.0032622 secs] 412765K->8238K(2046080K), 0.0033378 secs] [Times: user=0.00 sys=0.00, real=0.00 secs] 
2024-10-07T05:38:10.988+0300: 1.241: Total time for which application threads were stopped: 0.0035978 seconds, Stopping threads took: 0.0001164 seconds
2024-10-07T05:38:11.569+0300: 1.821: Application time: 0.5802059 seconds
2024-10-07T05:38:11.569+0300: 1.821: [GC (Allocation Failure) 2024-10-07T05:38:11.569+0300: 1.821: [ParNew: 412723K->5568K(460096K), 0.0027930 secs] 416465K->9309K(2046080K), 0.0028928 secs] [Times: user=0.00 sys=0.00, real=0.00 secs] 
2024-10-07T05:38:11.569+0300: 1.824: Total time for which application threads were stopped: 0.0031831 seconds, Stopping threads took: 0.0001210 seconds
2024-10-07T05:38:12.165+0300: 2.418: Application time: 0.5940952 seconds
2024-10-07T05:38:12.165+0300: 2.418: [GC (Allocation Failure) 2024-10-07T05:38:12.165+0300: 2.419: [ParNew: 414592K->4508K(460096K), 0.0023308 secs] 418333K->8249K(2046080K), 0.0024133 secs] [Times: user=0.00 sys=0.00, real=0.00 secs] 
2024-10-07T05:38:12.165+0300: 2.421: Total time for which application threads were stopped: 0.0026772 seconds, Stopping threads took: 0.0001446 seconds
2024-10-07T05:38:12.778+0300: 3.028: Application time: 0.6073487 seconds
2024-10-07T05:38:12.778+0300: 3.029: [GC (Allocation Failure) 2024-10-07T05:38:12.778+0300: 3.029: [ParNew: 412569K->6636K(460096K), 0.0027308 secs] 416311K->10377K(2046080K), 0.0028301 secs] [Times: user=0.00 sys=0.00, real=0.00 secs] 
2024-10-07T05:38:12.778+0300: 3.031: Total time for which application threads were stopped: 0.0031243 seconds, Stopping threads took: 0.0001573 seconds
2024-10-07T05:38:13.358+0300: 3.609: Application time: 0.5777951 seconds
2024-10-07T05:38:13.358+0300: 3.610: [GC (Allocation Failure) 2024-10-07T05:38:13.358+0300: 3.610: [ParNew: 415660K->5655K(460096K), 0.0027061 secs] 419401K->9397K(2046080K), 0.0028527 secs] [Times: user=0.00 sys=0.00, real=0.00 secs] 
2024-10-07T05:38:13.358+0300: 3.612: Total time for which application threads were stopped: 0.0032132 seconds, Stopping threads took: 0.0002197 seconds
2024-10-07T05:38:13.861+0300: 4.102: Application time: 0.4896032 seconds
2024-10-07T05:38:13.861+0300: 4.102: Total time for which application threads were stopped: 0.0004061 seconds, Stopping threads took: 0.0002264 seconds
2024-10-07T05:38:13.923+0300: 4.176: Application time: 0.0735381 seconds
2024-10-07T05:38:13.923+0300: 4.176: [GC (Allocation Failure) 2024-10-07T05:38:13.923+0300: 4.176: [ParNew: 414230K->6731K(460096K), 0.0024210 secs] 417971K->10472K(2046080K), 0.0025109 secs] [Times: user=0.00 sys=0.00, real=0.00 secs] 
2024-10-07T05:38:13.923+0300: 4.179: Total time for which application threads were stopped: 0.0029379 seconds, Stopping threads took: 0.0003013 seconds
2024-10-07T05:38:14.504+0300: 4.749: Application time: 0.5697622 seconds
2024-10-07T05:38:14.504+0300: 4.749: [GC (Allocation Failure) 2024-10-07T05:38:14.504+0300: 4.749: [ParNew: 415755K->4417K(460096K), 0.0028396 secs] 419496K->9373K(2046080K), 0.0029095 secs] [Times: user=0.00 sys=0.00, real=0.00 secs] 
2024-10-07T05:38:14.504+0300: 4.752: Total time for which application threads were stopped: 0.0031560 seconds, Stopping threads took: 0.0001504 seconds
2024-10-07T05:38:15.053+0300: 5.301: Application time: 0.5488075 seconds
2024-10-07T05:38:15.053+0300: 5.301: [GC (Allocation Failure) 2024-10-07T05:38:15.053+0300: 5.301: [ParNew: 412714K->4332K(460096K), 0.0023491 secs] 417671K->9296K(2046080K), 0.0024429 secs] [Times: user=0.03 sys=0.00, real=0.01 secs] 
2024-10-07T05:38:15.062+0300: 5.303: Total time for which application threads were stopped: 0.0027612 seconds, Stopping threads took: 0.0002128 seconds
2024-10-07T05:38:15.618+0300: 5.863: Application time: 0.5598847 seconds
2024-10-07T05:38:15.618+0300: 5.864: [GC (Allocation Failure) 2024-10-07T05:38:15.618+0300: 5.864: [ParNew: 413356K->4325K(460096K), 0.0020832 secs] 418320K->9295K(2046080K), 0.0021634 secs] [Times: user=0.02 sys=0.00, real=0.00 secs] 
2024-10-07T05:38:15.618+0300: 5.866: Total time for which application threads were stopped: 0.0024523 seconds, Stopping threads took: 0.0001890 seconds
2024-10-07T05:38:16.168+0300: 6.421: Application time: 0.5552145 seconds
2024-10-07T05:38:16.168+0300: 6.421: [GC (Allocation Failure) 2024-10-07T05:38:16.168+0300: 6.421: [ParNew: 413146K->4335K(460096K), 0.0023627 secs] 418115K->9310K(2046080K), 0.0024698 secs] [Times: user=0.00 sys=0.00, real=0.00 secs] 
2024-10-07T05:38:16.168+0300: 6.424: Total time for which application threads were stopped: 0.0027134 seconds, Stopping threads took: 0.0001270 seconds
2024-10-07T05:38:16.732+0300: 6.983: Application time: 0.5597116 seconds
2024-10-07T05:38:16.732+0300: 6.984: [GC (Allocation Failure) 2024-10-07T05:38:16.732+0300: 6.984: [ParNew: 412385K->4289K(460096K), 0.0021676 secs] 417360K->9265K(2046080K), 0.0022513 secs] [Times: user=0.00 sys=0.00, real=0.00 secs] 
2024-10-07T05:38:16.732+0300: 6.986: Total time for which application threads were stopped: 0.0026042 seconds, Stopping threads took: 0.0002054 seconds
2024-10-07T05:38:17.297+0300: 7.540: Application time: 0.5545060 seconds
2024-10-07T05:38:17.297+0300: 7.541: [GC (Allocation Failure) 2024-10-07T05:38:17.297+0300: 7.541: [ParNew: 412468K->5317K(460096K), 0.0024338 secs] 417445K->10294K(2046080K), 0.0025501 secs] [Times: user=0.00 sys=0.00, real=0.00 secs] 
2024-10-07T05:38:17.297+0300: 7.543: Total time for which application threads were stopped: 0.0028523 seconds, Stopping threads took: 0.0001726 seconds
2024-10-07T05:38:17.846+0300: 8.097: Application time: 0.5537634 seconds
2024-10-07T05:38:17.846+0300: 8.097: [GC (Allocation Failure) 2024-10-07T05:38:17.846+0300: 8.097: [ParNew: 414341K->4290K(460096K), 0.0022225 secs] 419318K->9270K(2046080K), 0.0023065 secs] [Times: user=0.00 sys=0.00, real=0.00 secs] 
2024-10-07T05:38:17.846+0300: 8.100: Total time for which application threads were stopped: 0.0025875 seconds, Stopping threads took: 0.0001785 seconds
2024-10-07T05:38:18.411+0300: 8.659: Application time: 0.5595809 seconds
2024-10-07T05:38:18.411+0300: 8.660: [GC (Allocation Failure) 2024-10-07T05:38:18.411+0300: 8.660: [ParNew: 412592K->4290K(460096K), 0.0021018 secs] 417572K->9270K(2046080K), 0.0022075 secs] [Times: user=0.00 sys=0.00, real=0.00 secs] 
2024-10-07T05:38:18.411+0300: 8.662: Total time for which application threads were stopped: 0.0025811 seconds, Stopping threads took: 0.0002415 seconds
2024-10-07T05:38:18.960+0300: 9.208: Application time: 0.5462692 seconds
2024-10-07T05:38:18.960+0300: 9.208: [GC (Allocation Failure) 2024-10-07T05:38:18.960+0300: 9.208: [ParNew: 412430K->3269K(460096K), 0.0020531 secs] 417410K->8249K(2046080K), 0.0021520 secs] [Times: user=0.00 sys=0.00, real=0.00 secs] 
2024-10-07T05:38:18.960+0300: 9.211: Total time for which application threads were stopped: 0.0023999 seconds, Stopping threads took: 0.0001414 seconds
2024-10-07T05:38:19.510+0300: 9.765: Application time: 0.5543743 seconds
2024-10-07T05:38:19.510+0300: 9.765: [GC (Allocation Failure) 2024-10-07T05:38:19.510+0300: 9.765: [ParNew: 411376K->3272K(460096K), 0.0021144 secs] 416357K->8255K(2046080K), 0.0022141 secs] [Times: user=0.01 sys=0.00, real=0.02 secs] 
2024-10-07T05:38:19.526+0300: 9.768: Total time for which application threads were stopped: 0.0025926 seconds, Stopping threads took: 0.0002543 seconds
2024-10-07T05:38:20.076+0300: 10.324: Application time: 0.5567280 seconds
2024-10-07T05:38:20.076+0300: 10.325: [GC (Allocation Failure) 2024-10-07T05:38:20.076+0300: 10.325: [ParNew: 411703K->5308K(460096K), 0.0024220 secs] 416686K->10294K(2046080K), 0.0025076 secs] [Times: user=0.00 sys=0.00, real=0.00 secs] 
2024-10-07T05:38:20.076+0300: 10.327: Total time for which application threads were stopped: 0.0028513 seconds, Stopping threads took: 0.0002223 seconds
2024-10-07T05:38:20.641+0300: 10.895: Application time: 0.5680412 seconds
2024-10-07T05:38:20.641+0300: 10.895: [GC (Allocation Failure) 2024-10-07T05:38:20.641+0300: 10.895: [ParNew: 413469K->5306K(460096K), 0.0030936 secs] 418455K->10292K(2046080K), 0.0031968 secs] [Times: user=0.02 sys=0.00, real=0.02 secs] 
2024-10-07T05:38:20.657+0300: 10.899: Total time for which application threads were stopped: 0.0034671 seconds, Stopping threads took: 0.0001300 seconds
2024-10-07T05:38:21.206+0300: 11.456: Application time: 0.5572330 seconds
2024-10-07T05:38:21.206+0300: 11.456: [GC (Allocation Failure) 2024-10-07T05:38:21.206+0300: 11.456: [ParNew: 413986K->4283K(460096K), 0.0021241 secs] 418973K->9270K(2046080K), 0.0022131 secs] [Times: user=0.00 sys=0.00, real=0.00 secs] 
2024-10-07T05:38:21.206+0300: 11.458: Total time for which application threads were stopped: 0.0025429 seconds, Stopping threads took: 0.0002091 seconds
2024-10-07T05:38:21.775+0300: 12.020: Application time: 0.5620939 seconds
2024-10-07T05:38:21.775+0300: 12.021: [GC (Allocation Failure) 2024-10-07T05:38:21.775+0300: 12.021: [ParNew: 412935K->2285K(460096K), 0.0019931 secs] 417922K->7273K(2046080K), 0.0020635 secs] [Times: user=0.02 sys=0.00, real=0.00 secs] 
2024-10-07T05:38:21.775+0300: 12.023: Total time for which application threads were stopped: 0.0023270 seconds, Stopping threads took: 0.0001682 seconds
2024-10-07T05:38:22.352+0300: 12.601: Application time: 0.5777978 seconds
2024-10-07T05:38:22.352+0300: 12.601: [GC (Allocation Failure) 2024-10-07T05:38:22.352+0300: 12.601: [ParNew: 411309K->5307K(460096K), 0.0024890 secs] 416297K->10295K(2046080K), 0.0025853 secs] [Times: user=0.00 sys=0.00, real=0.00 secs] 
2024-10-07T05:38:22.352+0300: 12.604: Total time for which application threads were stopped: 0.0029344 seconds, Stopping threads took: 0.0002245 seconds
2024-10-07T05:38:22.917+0300: 13.162: Application time: 0.5583615 seconds
2024-10-07T05:38:22.917+0300: 13.162: [GC (Allocation Failure) 2024-10-07T05:38:22.917+0300: 13.162: [ParNew: 413975K->5306K(460096K), 0.0022818 secs] 418964K->10295K(2046080K), 0.0023605 secs] [Times: user=0.00 sys=0.00, real=0.00 secs] 
2024-10-07T05:38:22.917+0300: 13.165: Total time for which application threads were stopped: 0.0026309 seconds, Stopping threads took: 0.0001665 seconds
2024-10-07T05:38:23.482+0300: 13.729: Application time: 0.5643122 seconds
2024-10-07T05:38:23.482+0300: 13.729: [GC (Allocation Failure) 2024-10-07T05:38:23.482+0300: 13.729: [ParNew: 414065K->5306K(460096K), 0.0022349 secs] 419054K->10296K(2046080K), 0.0023428 secs] [Times: user=0.00 sys=0.00, real=0.00 secs] 
2024-10-07T05:38:23.482+0300: 13.732: Total time for which application threads were stopped: 0.0026902 seconds, Stopping threads took: 0.0002130 seconds
2024-10-07T05:38:24.047+0300: 14.290: Application time: 0.5585520 seconds
2024-10-07T05:38:24.047+0300: 14.290: [GC (Allocation Failure) 2024-10-07T05:38:24.047+0300: 14.290: [ParNew: 413629K->5304K(460096K), 0.0029123 secs] 418619K->10295K(2046080K), 0.0029856 secs] [Times: user=0.00 sys=0.00, real=0.00 secs] 
2024-10-07T05:38:24.047+0300: 14.293: Total time for which application threads were stopped: 0.0032202 seconds, Stopping threads took: 0.0001382 seconds
2024-10-07T05:38:24.612+0300: 14.859: Application time: 0.5657027 seconds
2024-10-07T05:38:24.612+0300: 14.859: [GC (Allocation Failure) 2024-10-07T05:38:24.612+0300: 14.859: [ParNew: 414279K->5304K(460096K), 0.0022260 secs] 419269K->10295K(2046080K), 0.0023248 secs] [Times: user=0.02 sys=0.00, real=0.00 secs] 
2024-10-07T05:38:24.612+0300: 14.862: Total time for which application threads were stopped: 0.0026755 seconds, Stopping threads took: 0.0002105 seconds
2024-10-07T05:38:25.177+0300: 15.419: Application time: 0.5572773 seconds
2024-10-07T05:38:25.177+0300: 15.419: [GC (Allocation Failure) 2024-10-07T05:38:25.177+0300: 15.419: [ParNew: 413486K->5306K(460096K), 0.0024275 secs] 418477K->10298K(2046080K), 0.0025093 secs] [Times: user=0.00 sys=0.00, real=0.00 secs] 
2024-10-07T05:38:25.177+0300: 15.422: Total time for which application threads were stopped: 0.0027462 seconds, Stopping threads took: 0.0001340 seconds
2024-10-07T05:38:25.742+0300: 15.997: Application time: 0.5751055 seconds
2024-10-07T05:38:25.742+0300: 15.997: [GC (Allocation Failure) 2024-10-07T05:38:25.742+0300: 15.997: [ParNew: 413721K->3198K(460096K), 0.0024232 secs] 418713K->8190K(2046080K), 0.0024967 secs] [Times: user=0.02 sys=0.00, real=0.01 secs] 
2024-10-07T05:38:25.757+0300: 16.000: Total time for which application threads were stopped: 0.0027355 seconds, Stopping threads took: 0.0001219 seconds
2024-10-07T05:38:25.984+0300: 16.230: Application time: 0.2306511 seconds
2024-10-07T05:38:25.984+0300: 16.231: Total time for which application threads were stopped: 0.0004117 seconds, Stopping threads took: 0.0003653 seconds
2024-10-07T05:38:26.433+0300: 16.689: Application time: 0.4582685 seconds
2024-10-07T05:38:26.433+0300: 16.689: [GC (Allocation Failure) 2024-10-07T05:38:26.433+0300: 16.689: [ParNew: 411452K->4291K(460096K), 0.0022099 secs] 416444K->9284K(2046080K), 0.0022839 secs] [Times: user=0.02 sys=0.00, real=0.01 secs] 
2024-10-07T05:38:26.448+0300: 16.691: Total time for which application threads were stopped: 0.0025401 seconds, Stopping threads took: 0.0001584 seconds
2024-10-07T05:38:26.998+0300: 17.239: Application time: 0.5479289 seconds
2024-10-07T05:38:26.998+0300: 17.240: [GC (Allocation Failure) 2024-10-07T05:38:26.998+0300: 17.240: [ParNew: 412445K->4294K(460096K), 0.0021368 secs] 417437K->9288K(2046080K), 0.0022317 secs] [Times: user=0.02 sys=0.00, real=0.00 secs] 
2024-10-07T05:38:26.998+0300: 17.242: Total time for which application threads were stopped: 0.0025564 seconds, Stopping threads took: 0.0001797 seconds
2024-10-07T05:38:27.547+0300: 17.795: Application time: 0.5529738 seconds
2024-10-07T05:38:27.547+0300: 17.795: [GC (Allocation Failure) 2024-10-07T05:38:27.547+0300: 17.795: [ParNew: 412571K->4306K(460096K), 0.0020897 secs] 417564K->9300K(2046080K), 0.0022230 secs] [Times: user=0.00 sys=0.00, real=0.00 secs] 
2024-10-07T05:38:27.547+0300: 17.797: Total time for which application threads were stopped: 0.0025083 seconds, Stopping threads took: 0.0001857 seconds
2024-10-07T05:38:28.112+0300: 18.366: Application time: 0.5687274 seconds
2024-10-07T05:38:28.112+0300: 18.366: [GC (Allocation Failure) 2024-10-07T05:38:28.112+0300: 18.366: [ParNew: 413330K->2282K(460096K), 0.0020329 secs] 418324K->7277K(2046080K), 0.0021047 secs] [Times: user=0.00 sys=0.00, real=0.00 secs] 
2024-10-07T05:38:28.112+0300: 18.369: Total time for which application threads were stopped: 0.0023589 seconds, Stopping threads took: 0.0001568 seconds
2024-10-07T05:38:28.677+0300: 18.929: Application time: 0.5605815 seconds
2024-10-07T05:38:28.677+0300: 18.929: [GC (Allocation Failure) 2024-10-07T05:38:28.677+0300: 18.929: [ParNew: 411306K->5317K(460096K), 0.0023089 secs] 416301K->10313K(2046080K), 0.0023846 secs] [Times: user=0.02 sys=0.00, real=0.01 secs] 
2024-10-07T05:38:28.689+0300: 18.932: Total time for which application threads were stopped: 0.0026916 seconds, Stopping threads took: 0.0002031 seconds
2024-10-07T05:38:29.242+0300: 19.487: Application time: 0.5547268 seconds
2024-10-07T05:38:29.242+0300: 19.487: [GC (Allocation Failure) 2024-10-07T05:38:29.242+0300: 19.487: [ParNew: 413598K->5318K(460096K), 0.0022660 secs] 418593K->10314K(2046080K), 0.0023346 secs] [Times: user=0.00 sys=0.00, real=0.00 secs] 
2024-10-07T05:38:29.242+0300: 19.489: Total time for which application threads were stopped: 0.0025945 seconds, Stopping threads took: 0.0001690 seconds
2024-10-07T05:38:29.808+0300: 20.052: Application time: 0.5632362 seconds
2024-10-07T05:38:29.808+0300: 20.053: [GC (Allocation Failure) 2024-10-07T05:38:29.808+0300: 20.053: [ParNew: 413734K->3262K(460096K), 0.0021604 secs] 418730K->8266K(2046080K), 0.0022397 secs] [Times: user=0.00 sys=0.00, real=0.00 secs] 
2024-10-07T05:38:29.808+0300: 20.055: Total time for which application threads were stopped: 0.0025314 seconds, Stopping threads took: 0.0001898 seconds
2024-10-07T05:38:30.373+0300: 20.618: Application time: 0.5633419 seconds
2024-10-07T05:38:30.373+0300: 20.618: [GC (Allocation Failure) 2024-10-07T05:38:30.373+0300: 20.619: [ParNew: 411844K->4302K(460096K), 0.0021754 secs] 416848K->9307K(2046080K), 0.0022541 secs] [Times: user=0.00 sys=0.00, real=0.00 secs] 
2024-10-07T05:38:30.373+0300: 20.621: Total time for which application threads were stopped: 0.0025237 seconds, Stopping threads took: 0.0001720 seconds
2024-10-07T05:38:30.922+0300: 21.176: Application time: 0.5550686 seconds
2024-10-07T05:38:30.922+0300: 21.176: [GC (Allocation Failure) 2024-10-07T05:38:30.922+0300: 21.176: [ParNew: 412864K->3265K(460096K), 0.0021752 secs] 417869K->8270K(2046080K), 0.0022610 secs] [Times: user=0.00 sys=0.00, real=0.00 secs] 
2024-10-07T05:38:30.922+0300: 21.178: Total time for which application threads were stopped: 0.0025805 seconds, Stopping threads took: 0.0002126 seconds
2024-10-07T05:38:31.494+0300: 21.744: Application time: 0.5654852 seconds
2024-10-07T05:38:31.494+0300: 21.744: [GC (Allocation Failure) 2024-10-07T05:38:31.494+0300: 21.744: [ParNew: 412289K->4288K(460096K), 0.0022617 secs] 417294K->9294K(2046080K), 0.0023454 secs] [Times: user=0.00 sys=0.00, real=0.01 secs] 
2024-10-07T05:38:31.503+0300: 21.747: Total time for which application threads were stopped: 0.0027118 seconds, Stopping threads took: 0.0002295 seconds
2024-10-07T05:38:32.052+0300: 22.304: Application time: 0.5575698 seconds
2024-10-07T05:38:32.052+0300: 22.304: [GC (Allocation Failure) 2024-10-07T05:38:32.052+0300: 22.304: [ParNew: 412443K->5304K(460096K), 0.0025261 secs] 417449K->10311K(2046080K), 0.0026072 secs] [Times: user=0.00 sys=0.00, real=0.00 secs] 
2024-10-07T05:38:32.052+0300: 22.307: Total time for which application threads were stopped: 0.0028317 seconds, Stopping threads took: 0.0001241 seconds
2024-10-07T05:38:32.618+0300: 22.869: Application time: 0.5622052 seconds
2024-10-07T05:38:32.618+0300: 22.869: [GC (Allocation Failure) 2024-10-07T05:38:32.618+0300: 22.870: [ParNew: 414328K->4321K(460096K), 0.0022739 secs] 419335K->9328K(2046080K), 0.0023449 secs] [Times: user=0.00 sys=0.00, real=0.00 secs] 
2024-10-07T05:38:32.618+0300: 22.872: Total time for which application threads were stopped: 0.0025885 seconds, Stopping threads took: 0.0001501 seconds
2024-10-07T05:38:33.183+0300: 23.427: Application time: 0.5551522 seconds
2024-10-07T05:38:33.183+0300: 23.427: [GC (Allocation Failure) 2024-10-07T05:38:33.183+0300: 23.427: [ParNew: 412636K->4284K(460096K), 0.0022932 secs] 417643K->9292K(2046080K), 0.0023673 secs] [Times: user=0.00 sys=0.00, real=0.00 secs] 
2024-10-07T05:38:33.183+0300: 23.430: Total time for which application threads were stopped: 0.0026435 seconds, Stopping threads took: 0.0001606 seconds
2024-10-07T05:38:33.748+0300: 23.993: Application time: 0.5632490 seconds
2024-10-07T05:38:33.748+0300: 23.993: [GC (Allocation Failure) 2024-10-07T05:38:33.748+0300: 23.993: [ParNew: 412985K->5306K(460096K), 0.0025100 secs] 417993K->10314K(2046080K), 0.0025848 secs] [Times: user=0.02 sys=0.00, real=0.00 secs] 
2024-10-07T05:38:33.748+0300: 23.996: Total time for which application threads were stopped: 0.0028430 seconds, Stopping threads took: 0.0001616 seconds
2024-10-07T05:38:34.313+0300: 24.555: Application time: 0.5596264 seconds
2024-10-07T05:38:34.313+0300: 24.556: [GC (Allocation Failure) 2024-10-07T05:38:34.313+0300: 24.558: [ParNew: 413501K->4283K(460096K), 0.0023777 secs] 418510K->9292K(2046080K), 0.0046816 secs] [Times: user=0.00 sys=0.00, real=0.00 secs] 
2024-10-07T05:38:34.313+0300: 24.560: Total time for which application threads were stopped: 0.0049282 seconds, Stopping threads took: 0.0001171 seconds
2024-10-07T05:38:34.862+0300: 25.116: Application time: 0.5553421 seconds
2024-10-07T05:38:34.862+0300: 25.116: [GC (Allocation Failure) 2024-10-07T05:38:34.862+0300: 25.116: [ParNew: 412913K->5304K(460096K), 0.0023417 secs] 417922K->10314K(2046080K), 0.0024279 secs] [Times: user=0.00 sys=0.00, real=0.00 secs] 
2024-10-07T05:38:34.862+0300: 25.118: Total time for which application threads were stopped: 0.0027684 seconds, Stopping threads took: 0.0002295 seconds
2024-10-07T05:38:35.427+0300: 25.680: Application time: 0.5616623 seconds
2024-10-07T05:38:35.427+0300: 25.680: [GC (Allocation Failure) 2024-10-07T05:38:35.427+0300: 25.680: [ParNew: 414023K->5306K(460096K), 0.0025363 secs] 419033K->10317K(2046080K), 0.0026126 secs] [Times: user=0.00 sys=0.00, real=0.00 secs] 
2024-10-07T05:38:35.427+0300: 25.683: Total time for which application threads were stopped: 0.0029562 seconds, Stopping threads took: 0.0002163 seconds
2024-10-07T05:38:35.991+0300: 26.243: Application time: 0.5594678 seconds
2024-10-07T05:38:35.991+0300: 26.243: [GC (Allocation Failure) 2024-10-07T05:38:35.991+0300: 26.243: [ParNew: 413693K->4283K(460096K), 0.0022919 secs] 418703K->9294K(2046080K), 0.0023903 secs] [Times: user=0.01 sys=0.00, real=0.01 secs] 
2024-10-07T05:38:36.003+0300: 26.245: Total time for which application threads were stopped: 0.0027257 seconds, Stopping threads took: 0.0002261 seconds
2024-10-07T05:38:36.556+0300: 26.807: Application time: 0.5615667 seconds
2024-10-07T05:38:36.556+0300: 26.807: [GC (Allocation Failure) 2024-10-07T05:38:36.556+0300: 26.807: [ParNew: 412459K->4302K(460096K), 0.0022458 secs] 417470K->9314K(2046080K), 0.0023164 secs] [Times: user=0.00 sys=0.00, real=0.00 secs] 
2024-10-07T05:38:36.556+0300: 26.809: Total time for which application threads were stopped: 0.0026319 seconds, Stopping threads took: 0.0002064 seconds
2024-10-07T05:38:37.122+0300: 27.365: Application time: 0.5555154 seconds
2024-10-07T05:38:37.122+0300: 27.365: [GC (Allocation Failure) 2024-10-07T05:38:37.122+0300: 27.365: [ParNew: 412700K->3294K(460096K), 0.0019767 secs] 417712K->8306K(2046080K), 0.0020528 secs] [Times: user=0.00 sys=0.00, real=0.00 secs] 
2024-10-07T05:38:37.122+0300: 27.367: Total time for which application threads were stopped: 0.0022783 seconds, Stopping threads took: 0.0001121 seconds
2024-10-07T05:38:37.687+0300: 27.932: Application time: 0.5642673 seconds
2024-10-07T05:38:37.687+0300: 27.932: [GC (Allocation Failure) 2024-10-07T05:38:37.687+0300: 27.932: [ParNew: 412318K->3296K(460096K), 0.0019609 secs] 417330K->8309K(2046080K), 0.0020472 secs] [Times: user=0.00 sys=0.00, real=0.00 secs] 
2024-10-07T05:38:37.687+0300: 27.934: Total time for which application threads were stopped: 0.0022883 seconds, Stopping threads took: 0.0001340 seconds
2024-10-07T05:38:38.237+0300: 28.491: Application time: 0.5575015 seconds
2024-10-07T05:38:38.237+0300: 28.492: [GC (Allocation Failure) 2024-10-07T05:38:38.237+0300: 28.492: [ParNew: 411947K->2237K(460096K), 0.0025264 secs] 416960K->7251K(2046080K), 0.0026114 secs] [Times: user=0.02 sys=0.00, real=0.02 secs] 
2024-10-07T05:38:38.252+0300: 28.494: Total time for which application threads were stopped: 0.0029547 seconds, Stopping threads took: 0.0002114 seconds
2024-10-07T05:38:38.809+0300: 29.055: Application time: 0.5606166 seconds
2024-10-07T05:38:38.809+0300: 29.055: [GC (Allocation Failure) 2024-10-07T05:38:38.809+0300: 29.055: [ParNew: 411261K->5315K(460096K), 0.0023456 secs] 416275K->10329K(2046080K), 0.0024361 secs] [Times: user=0.00 sys=0.00, real=0.00 secs] 
2024-10-07T05:38:38.809+0300: 29.058: Total time for which application threads were stopped: 0.0027388 seconds, Stopping threads took: 0.0001855 seconds
2024-10-07T05:38:39.367+0300: 29.621: Application time: 0.5630672 seconds
2024-10-07T05:38:39.367+0300: 29.621: [GC (Allocation Failure) 2024-10-07T05:38:39.367+0300: 29.621: [ParNew: 413918K->5311K(460096K), 0.0023931 secs] 418932K->10326K(2046080K), 0.0024842 secs] [Times: user=0.02 sys=0.00, real=0.00 secs] 
2024-10-07T05:38:39.367+0300: 29.623: Total time for which application threads were stopped: 0.0027505 seconds, Stopping threads took: 0.0001549 seconds
2024-10-07T05:38:39.933+0300: 30.180: Application time: 0.5564884 seconds
2024-10-07T05:38:39.933+0300: 30.180: [GC (Allocation Failure) 2024-10-07T05:38:39.933+0300: 30.180: [ParNew: 413763K->4284K(460096K), 0.0020931 secs] 418778K->9300K(2046080K), 0.0021731 secs] [Times: user=0.00 sys=0.00, real=0.00 secs] 
2024-10-07T05:38:39.933+0300: 30.182: Total time for which application threads were stopped: 0.0024293 seconds, Stopping threads took: 0.0001452 seconds
2024-10-07T05:38:40.506+0300: 30.748: Application time: 0.5655200 seconds
2024-10-07T05:38:40.506+0300: 30.748: [GC (Allocation Failure) 2024-10-07T05:38:40.506+0300: 30.748: [ParNew: 413308K->3298K(460096K), 0.0019953 secs] 418324K->8315K(2046080K), 0.0020667 secs] [Times: user=0.00 sys=0.00, real=0.00 secs] 
2024-10-07T05:38:40.508+0300: 30.750: Total time for which application threads were stopped: 0.0023163 seconds, Stopping threads took: 0.0001540 seconds
2024-10-07T05:38:41.063+0300: 31.311: Application time: 0.5609246 seconds
2024-10-07T05:38:41.063+0300: 31.311: [GC (Allocation Failure) 2024-10-07T05:38:41.063+0300: 31.311: [ParNew: 412322K->4302K(460096K), 0.0021390 secs] 417339K->9319K(2046080K), 0.0022225 secs] [Times: user=0.00 sys=0.00, real=0.00 secs] 
2024-10-07T05:38:41.063+0300: 31.314: Total time for which application threads were stopped: 0.0024862 seconds, Stopping threads took: 0.0001608 seconds
2024-10-07T05:38:41.627+0300: 31.877: Application time: 0.5634869 seconds
2024-10-07T05:38:41.627+0300: 31.877: [GC (Allocation Failure) 2024-10-07T05:38:41.627+0300: 31.877: [ParNew: 412563K->4282K(460096K), 0.0026292 secs] 417580K->9300K(2046080K), 0.0027113 secs] [Times: user=0.02 sys=0.00, real=0.00 secs] 
2024-10-07T05:38:41.627+0300: 31.880: Total time for which application threads were stopped: 0.0030122 seconds, Stopping threads took: 0.0001975 seconds
2024-10-07T05:38:42.192+0300: 32.435: Application time: 0.5551399 seconds
2024-10-07T05:38:42.192+0300: 32.436: [GC (Allocation Failure) 2024-10-07T05:38:42.192+0300: 32.436: [ParNew: 413306K->5306K(460096K), 0.0022871 secs] 418324K->10324K(2046080K), 0.0023748 secs] [Times: user=0.00 sys=0.00, real=0.00 secs] 
2024-10-07T05:38:42.192+0300: 32.438: Total time for which application threads were stopped: 0.0026741 seconds, Stopping threads took: 0.0001879 seconds
2024-10-07T05:38:42.764+0300: 33.005: Application time: 0.5671041 seconds
2024-10-07T05:38:42.764+0300: 33.005: [GC (Allocation Failure) 2024-10-07T05:38:42.764+0300: 33.005: [ParNew: 414330K->5306K(460096K), 0.0024135 secs] 419348K->10325K(2046080K), 0.0024929 secs] [Times: user=0.00 sys=0.00, real=0.00 secs] 
2024-10-07T05:38:42.766+0300: 33.008: Total time for which application threads were stopped: 0.0027331 seconds, Stopping threads took: 0.0001474 seconds
2024-10-07T05:38:43.322+0300: 33.570: Application time: 0.5622924 seconds
2024-10-07T05:38:43.322+0300: 33.570: [GC (Allocation Failure) 2024-10-07T05:38:43.322+0300: 33.570: [ParNew: 413906K->5308K(460096K), 0.0024402 secs] 418924K->10327K(2046080K), 0.0025358 secs] [Times: user=0.00 sys=0.00, real=0.00 secs] 
2024-10-07T05:38:43.322+0300: 33.573: Total time for which application threads were stopped: 0.0027793 seconds, Stopping threads took: 0.0001128 seconds
2024-10-07T05:38:43.887+0300: 34.130: Application time: 0.5567824 seconds
2024-10-07T05:38:43.887+0300: 34.130: [GC (Allocation Failure) 2024-10-07T05:38:43.887+0300: 34.130: [ParNew: 414052K->5306K(460096K), 0.0024119 secs] 419071K->10326K(2046080K), 0.0024840 secs] [Times: user=0.00 sys=0.00, real=0.00 secs] 
2024-10-07T05:38:43.887+0300: 34.132: Total time for which application threads were stopped: 0.0027550 seconds, Stopping threads took: 0.0001700 seconds
2024-10-07T05:38:44.451+0300: 34.701: Application time: 0.5684107 seconds
2024-10-07T05:38:44.451+0300: 34.701: [GC (Allocation Failure) 2024-10-07T05:38:44.451+0300: 34.701: [ParNew: 414221K->3266K(460096K), 0.0020897 secs] 419241K->8286K(2046080K), 0.0021696 secs] [Times: user=0.00 sys=0.00, real=0.00 secs] 
2024-10-07T05:38:44.451+0300: 34.703: Total time for which application threads were stopped: 0.0024608 seconds, Stopping threads took: 0.0001905 seconds
2024-10-07T05:38:45.016+0300: 35.259: Application time: 0.5555916 seconds
2024-10-07T05:38:45.016+0300: 35.259: [GC (Allocation Failure) 2024-10-07T05:38:45.016+0300: 35.259: [ParNew: 412290K->4296K(460096K), 0.0029310 secs] 417310K->9318K(2046080K), 0.0030032 secs] [Times: user=0.00 sys=0.00, real=0.00 secs] 
2024-10-07T05:38:45.016+0300: 35.262: Total time for which application threads were stopped: 0.0033162 seconds, Stopping threads took: 0.0002081 seconds
2024-10-07T05:38:45.597+0300: 35.839: Application time: 0.5770754 seconds
2024-10-07T05:38:45.597+0300: 35.840: [GC (Allocation Failure) 2024-10-07T05:38:45.597+0300: 35.840: [ParNew: 413320K->4284K(460096K), 0.0021373 secs] 418342K->9306K(2046080K), 0.0022325 secs] [Times: user=0.00 sys=0.00, real=0.00 secs] 
2024-10-07T05:38:45.597+0300: 35.842: Total time for which application threads were stopped: 0.0025347 seconds, Stopping threads took: 0.0001674 seconds
2024-10-07T05:38:46.146+0300: 36.403: Application time: 0.5607426 seconds
2024-10-07T05:38:46.146+0300: 36.403: [GC (Allocation Failure) 2024-10-07T05:38:46.146+0300: 36.403: [ParNew: 412347K->3292K(460096K), 0.0021276 secs] 417369K->8315K(2046080K), 0.0022238 secs] [Times: user=0.00 sys=0.02, real=0.02 secs] 
2024-10-07T05:38:46.162+0300: 36.405: Total time for which application threads were stopped: 0.0025503 seconds, Stopping threads took: 0.0002064 seconds
2024-10-07T05:38:46.743+0300: 36.985: Application time: 0.5795965 seconds
2024-10-07T05:38:46.743+0300: 36.985: [GC (Allocation Failure) 2024-10-07T05:38:46.743+0300: 36.985: [ParNew: 412316K->5304K(460096K), 0.0022822 secs] 417339K->10327K(2046080K), 0.0023556 secs] [Times: user=0.05 sys=0.00, real=0.00 secs] 
2024-10-07T05:38:46.743+0300: 36.987: Total time for which application threads were stopped: 0.0025986 seconds, Stopping threads took: 0.0001393 seconds
2024-10-07T05:38:47.308+0300: 37.553: Application time: 0.5656856 seconds
2024-10-07T05:38:47.308+0300: 37.554: [GC (Allocation Failure) 2024-10-07T05:38:47.308+0300: 37.554: [ParNew: 414328K->4297K(460096K), 0.0022489 secs] 419351K->9320K(2046080K), 0.0023896 secs] [Times: user=0.00 sys=0.00, real=0.00 secs] 
2024-10-07T05:38:47.308+0300: 37.556: Total time for which application threads were stopped: 0.0031854 seconds, Stopping threads took: 0.0006880 seconds
2024-10-07T05:38:47.858+0300: 38.109: Application time: 0.5528795 seconds
2024-10-07T05:38:47.858+0300: 38.109: [GC (Allocation Failure) 2024-10-07T05:38:47.858+0300: 38.109: [ParNew: 412298K->4298K(460096K), 0.0022399 secs] 417322K->9322K(2046080K), 0.0023334 secs] [Times: user=0.06 sys=0.00, real=0.00 secs] 
2024-10-07T05:38:47.858+0300: 38.112: Total time for which application threads were stopped: 0.0026083 seconds, Stopping threads took: 0.0001600 seconds
2024-10-07T05:38:48.439+0300: 38.686: Application time: 0.5746458 seconds
2024-10-07T05:38:48.439+0300: 38.686: [GC (Allocation Failure) 2024-10-07T05:38:48.439+0300: 38.687: [ParNew: 413322K->5306K(460096K), 0.0022389 secs] 418346K->10331K(2046080K), 0.0023195 secs] [Times: user=0.03 sys=0.00, real=0.00 secs] 
2024-10-07T05:38:48.439+0300: 38.689: Total time for which application threads were stopped: 0.0025288 seconds, Stopping threads took: 0.0000977 seconds
2024-10-07T05:38:49.005+0300: 39.247: Application time: 0.5578112 seconds
2024-10-07T05:38:49.005+0300: 39.247: [GC (Allocation Failure) 2024-10-07T05:38:49.005+0300: 39.247: [ParNew: 413837K->5310K(460096K), 0.0023341 secs] 418862K->10336K(2046080K), 0.0024217 secs] [Times: user=0.00 sys=0.00, real=0.00 secs] 
2024-10-07T05:38:49.005+0300: 39.249: Total time for which application threads were stopped: 0.0026805 seconds, Stopping threads took: 0.0001345 seconds
2024-10-07T05:38:49.569+0300: 39.817: Application time: 0.5681405 seconds
2024-10-07T05:38:49.569+0300: 39.818: [GC (Allocation Failure) 2024-10-07T05:38:49.569+0300: 39.818: [ParNew: 414334K->4297K(460096K), 0.0021949 secs] 419360K->9323K(2046080K), 0.0022983 secs] [Times: user=0.00 sys=0.00, real=0.00 secs] 
2024-10-07T05:38:49.569+0300: 39.820: Total time for which application threads were stopped: 0.0025713 seconds, Stopping threads took: 0.0001403 seconds
2024-10-07T05:38:50.135+0300: 40.378: Application time: 0.5580016 seconds
2024-10-07T05:38:50.135+0300: 40.378: [GC (Allocation Failure) 2024-10-07T05:38:50.135+0300: 40.378: [ParNew: 412312K->5306K(460096K), 0.0025051 secs] 417338K->10333K(2046080K), 0.0025875 secs] [Times: user=0.00 sys=0.00, real=0.00 secs] 
2024-10-07T05:38:50.135+0300: 40.381: Total time for which application threads were stopped: 0.0028335 seconds, Stopping threads took: 0.0001314 seconds
2024-10-07T05:38:50.699+0300: 40.947: Application time: 0.5663939 seconds
2024-10-07T05:38:50.699+0300: 40.948: [GC (Allocation Failure) 2024-10-07T05:38:50.699+0300: 40.948: [ParNew: 414063K->5306K(460096K), 0.0024386 secs] 419089K->10334K(2046080K), 0.0025389 secs] [Times: user=0.00 sys=0.00, real=0.00 secs] 
2024-10-07T05:38:50.699+0300: 40.950: Total time for which application threads were stopped: 0.0028566 seconds, Stopping threads took: 0.0001864 seconds
2024-10-07T05:38:51.264+0300: 41.517: Application time: 0.5671338 seconds
2024-10-07T05:38:51.264+0300: 41.517: [GC (Allocation Failure) 2024-10-07T05:38:51.264+0300: 41.518: [ParNew: 414019K->5304K(460096K), 0.0023747 secs] 419047K->10332K(2046080K), 0.0024982 secs] [Times: user=0.00 sys=0.00, real=0.00 secs] 
2024-10-07T05:38:51.264+0300: 41.520: Total time for which application threads were stopped: 0.0027353 seconds, Stopping threads took: 0.0000974 seconds
2024-10-07T05:38:51.835+0300: 42.080: Application time: 0.5604571 seconds
2024-10-07T05:38:51.835+0300: 42.081: [GC (Allocation Failure) 2024-10-07T05:38:51.835+0300: 42.081: [ParNew: 413756K->5306K(460096K), 0.0025176 secs] 418784K->10335K(2046080K), 0.0026484 secs] [Times: user=0.00 sys=0.00, real=0.00 secs] 
2024-10-07T05:38:51.835+0300: 42.083: Total time for which application threads were stopped: 0.0029493 seconds, Stopping threads took: 0.0001707 seconds
2024-10-07T05:38:52.394+0300: 42.647: Application time: 0.5631674 seconds
2024-10-07T05:38:52.394+0300: 42.647: [GC (Allocation Failure) 2024-10-07T05:38:52.394+0300: 42.647: [ParNew: 414321K->4282K(460096K), 0.0021917 secs] 419350K->9311K(2046080K), 0.0022865 secs] [Times: user=0.00 sys=0.00, real=0.00 secs] 
2024-10-07T05:38:52.394+0300: 42.649: Total time for which application threads were stopped: 0.0025940 seconds, Stopping threads took: 0.0002001 seconds
2024-10-07T05:38:52.960+0300: 43.205: Application time: 0.5560128 seconds
2024-10-07T05:38:52.960+0300: 43.205: [GC (Allocation Failure) 2024-10-07T05:38:52.960+0300: 43.205: [ParNew: 412763K->4298K(460096K), 0.0022755 secs] 417792K->9329K(2046080K), 0.0023478 secs] [Times: user=0.00 sys=0.00, real=0.00 secs] 
2024-10-07T05:38:52.960+0300: 43.208: Total time for which application threads were stopped: 0.0026159 seconds, Stopping threads took: 0.0001666 seconds
2024-10-07T05:38:53.524+0300: 43.771: Application time: 0.5635968 seconds
2024-10-07T05:38:53.524+0300: 43.772: [GC (Allocation Failure) 2024-10-07T05:38:53.524+0300: 43.772: [ParNew: 413179K->5306K(460096K), 0.0023427 secs] 418209K->10337K(2046080K), 0.0024581 secs] [Times: user=0.00 sys=0.00, real=0.00 secs] 
2024-10-07T05:38:53.524+0300: 43.774: Total time for which application threads were stopped: 0.0027476 seconds, Stopping threads took: 0.0001335 seconds
2024-10-07T05:38:54.090+0300: 44.331: Application time: 0.5568619 seconds
2024-10-07T05:38:54.090+0300: 44.331: [GC (Allocation Failure) 2024-10-07T05:38:54.090+0300: 44.331: [ParNew: 413543K->2271K(460096K), 0.0019364 secs] 418573K->7303K(2046080K), 0.0020057 secs] [Times: user=0.00 sys=0.00, real=0.00 secs] 
2024-10-07T05:38:54.090+0300: 44.333: Total time for which application threads were stopped: 0.0022780 seconds, Stopping threads took: 0.0001744 seconds
2024-10-07T05:38:54.655+0300: 44.897: Application time: 0.5637158 seconds
2024-10-07T05:38:54.655+0300: 44.897: [GC (Allocation Failure) 2024-10-07T05:38:54.655+0300: 44.897: [ParNew: 410864K->5304K(460096K), 0.0022357 secs] 415896K->10336K(2046080K), 0.0023310 secs] [Times: user=0.00 sys=0.00, real=0.00 secs] 
2024-10-07T05:38:54.655+0300: 44.900: Total time for which application threads were stopped: 0.0026740 seconds, Stopping threads took: 0.0002256 seconds
2024-10-07T05:38:55.204+0300: 45.458: Application time: 0.5586443 seconds
2024-10-07T05:38:55.204+0300: 45.459: [GC (Allocation Failure) 2024-10-07T05:38:55.204+0300: 45.459: [ParNew: 413823K->3275K(460096K), 0.0020542 secs] 418855K->8308K(2046080K), 0.0021373 secs] [Times: user=0.00 sys=0.00, real=0.00 secs] 
2024-10-07T05:38:55.220+0300: 45.461: Total time for which application threads were stopped: 0.0024503 seconds, Stopping threads took: 0.0002076 seconds
2024-10-07T05:38:55.785+0300: 46.026: Application time: 0.5652372 seconds
2024-10-07T05:38:55.785+0300: 46.026: [GC (Allocation Failure) 2024-10-07T05:38:55.785+0300: 46.026: [ParNew: 412037K->5306K(460096K), 0.0028394 secs] 417070K->10339K(2046080K), 0.0029288 secs] [Times: user=0.00 sys=0.00, real=0.00 secs] 
2024-10-07T05:38:55.785+0300: 46.029: Total time for which application threads were stopped: 0.0032953 seconds, Stopping threads took: 0.0002552 seconds
2024-10-07T05:38:56.350+0300: 46.591: Application time: 0.5620728 seconds
2024-10-07T05:38:56.350+0300: 46.592: [GC (Allocation Failure) 2024-10-07T05:38:56.350+0300: 46.592: [ParNew: 413723K->4296K(460096K), 0.0020836 secs] 418756K->9330K(2046080K), 0.0021939 secs] [Times: user=0.00 sys=0.00, real=0.00 secs] 
2024-10-07T05:38:56.350+0300: 46.594: Total time for which application threads were stopped: 0.0025223 seconds, Stopping threads took: 0.0001690 seconds
2024-10-07T05:38:56.899+0300: 47.148: Application time: 0.5539880 seconds
2024-10-07T05:38:56.899+0300: 47.148: [GC (Allocation Failure) 2024-10-07T05:38:56.899+0300: 47.148: [ParNew: 412793K->5304K(460096K), 0.0029141 secs] 417827K->10339K(2046080K), 0.0029875 secs] [Times: user=0.00 sys=0.00, real=0.00 secs] 
2024-10-07T05:38:56.899+0300: 47.151: Total time for which application threads were stopped: 0.0032588 seconds, Stopping threads took: 0.0001762 seconds
2024-10-07T05:38:57.464+0300: 47.714: Application time: 0.5629217 seconds
2024-10-07T05:38:57.464+0300: 47.714: [GC (Allocation Failure) 2024-10-07T05:38:57.464+0300: 47.714: [ParNew: 413451K->5304K(460096K), 0.0022941 secs] 418485K->10340K(2046080K), 0.0023913 secs] [Times: user=0.00 sys=0.00, real=0.00 secs] 
2024-10-07T05:38:57.464+0300: 47.717: Total time for which application threads were stopped: 0.0027031 seconds, Stopping threads took: 0.0001495 seconds
2024-10-07T05:38:58.028+0300: 48.276: Application time: 0.5595373 seconds
2024-10-07T05:38:58.028+0300: 48.277: [GC (Allocation Failure) 2024-10-07T05:38:58.028+0300: 48.277: [ParNew: 413628K->5310K(460096K), 0.0028611 secs] 418664K->10346K(2046080K), 0.0029393 secs] [Times: user=0.00 sys=0.00, real=0.00 secs] 
2024-10-07T05:38:58.028+0300: 48.280: Total time for which application threads were stopped: 0.0032027 seconds, Stopping threads took: 0.0001595 seconds
2024-10-07T05:38:58.596+0300: 48.838: Application time: 0.5584134 seconds
2024-10-07T05:38:58.596+0300: 48.838: [GC (Allocation Failure) 2024-10-07T05:38:58.596+0300: 48.838: [ParNew: 414334K->4298K(460096K), 0.0020466 secs] 419370K->9335K(2046080K), 0.0021113 secs] [Times: user=0.00 sys=0.00, real=0.00 secs] 
2024-10-07T05:38:58.599+0300: 48.840: Total time for which application threads were stopped: 0.0023469 seconds, Stopping threads took: 0.0001453 seconds
2024-10-07T05:38:59.151+0300: 49.400: Application time: 0.5593616 seconds
2024-10-07T05:38:59.151+0300: 49.400: [GC (Allocation Failure) 2024-10-07T05:38:59.151+0300: 49.400: [ParNew: 412821K->4302K(460096K), 0.0022863 secs] 417857K->9339K(2046080K), 0.0023682 secs] [Times: user=0.00 sys=0.00, real=0.01 secs] 
2024-10-07T05:38:59.160+0300: 49.402: Total time for which application threads were stopped: 0.0026642 seconds, Stopping threads took: 0.0001901 seconds
2024-10-07T05:38:59.708+0300: 49.962: Application time: 0.5594397 seconds
2024-10-07T05:38:59.708+0300: 49.962: [GC (Allocation Failure) 2024-10-07T05:38:59.708+0300: 49.962: [ParNew: 412317K->3267K(460096K), 0.0020336 secs] 417354K->8305K(2046080K), 0.0021113 secs] [Times: user=0.00 sys=0.00, real=0.00 secs] 
2024-10-07T05:38:59.708+0300: 49.964: Total time for which application threads were stopped: 0.0023752 seconds, Stopping threads took: 0.0001618 seconds
2024-10-07T05:39:00.289+0300: 50.532: Application time: 0.5681250 seconds
2024-10-07T05:39:00.289+0300: 50.533: [GC (Allocation Failure) 2024-10-07T05:39:00.289+0300: 50.533: [ParNew: 411533K->4281K(460096K), 0.0029295 secs] 416571K->9319K(2046080K), 0.0030077 secs] [Times: user=0.00 sys=0.00, real=0.00 secs] 
2024-10-07T05:39:00.289+0300: 50.536: Total time for which application threads were stopped: 0.0032552 seconds, Stopping threads took: 0.0001395 seconds
2024-10-07T05:39:00.855+0300: 51.097: Application time: 0.5616111 seconds
2024-10-07T05:39:00.855+0300: 51.097: [GC (Allocation Failure) 2024-10-07T05:39:00.855+0300: 51.097: [ParNew: 413305K->5320K(460096K), 0.0025792 secs] 418343K->10359K(2046080K), 0.0026497 secs] [Times: user=0.00 sys=0.00, real=0.00 secs] 
2024-10-07T05:39:00.855+0300: 51.100: Total time for which application threads were stopped: 0.0029077 seconds, Stopping threads took: 0.0001610 seconds
2024-10-07T05:39:01.420+0300: 51.663: Application time: 0.5630939 seconds
2024-10-07T05:39:01.420+0300: 51.663: [GC (Allocation Failure) 2024-10-07T05:39:01.420+0300: 51.664: [ParNew: 414344K->4298K(460096K), 0.0022462 secs] 419383K->9338K(2046080K), 0.0023209 secs] [Times: user=0.02 sys=0.00, real=0.00 secs] 
2024-10-07T05:39:01.420+0300: 51.666: Total time for which application threads were stopped: 0.0026252 seconds, Stopping threads took: 0.0001912 seconds
2024-10-07T05:39:01.969+0300: 52.221: Application time: 0.5553813 seconds
2024-10-07T05:39:01.969+0300: 52.221: [GC (Allocation Failure) 2024-10-07T05:39:01.969+0300: 52.222: [ParNew: 412369K->4282K(460096K), 0.0023323 secs] 417409K->9323K(2046080K), 0.0024097 secs] [Times: user=0.00 sys=0.00, real=0.00 secs] 
2024-10-07T05:39:01.969+0300: 52.224: Total time for which application threads were stopped: 0.0027060 seconds, Stopping threads took: 0.0001914 seconds
2024-10-07T05:39:02.534+0300: 52.786: Application time: 0.5623763 seconds
2024-10-07T05:39:02.534+0300: 52.787: [GC (Allocation Failure) 2024-10-07T05:39:02.534+0300: 52.787: [ParNew: 412288K->3275K(460096K), 0.0020174 secs] 417328K->8315K(2046080K), 0.0021259 secs] [Times: user=0.00 sys=0.00, real=0.00 secs] 
2024-10-07T05:39:02.534+0300: 52.789: Total time for which application threads were stopped: 0.0024972 seconds, Stopping threads took: 0.0002405 seconds
2024-10-07T05:39:03.099+0300: 53.346: Application time: 0.5569211 seconds
2024-10-07T05:39:03.099+0300: 53.346: [GC (Allocation Failure) 2024-10-07T05:39:03.099+0300: 53.346: [ParNew: 412299K->3292K(460096K), 0.0019767 secs] 417339K->8334K(2046080K), 0.0020572 secs] [Times: user=0.00 sys=0.00, real=0.00 secs] 
2024-10-07T05:39:03.099+0300: 53.348: Total time for which application threads were stopped: 0.0023464 seconds, Stopping threads took: 0.0001828 seconds
2024-10-07T05:39:03.664+0300: 53.911: Application time: 0.5630820 seconds
2024-10-07T05:39:03.664+0300: 53.911: [GC (Allocation Failure) 2024-10-07T05:39:03.664+0300: 53.911: [ParNew: 412316K->3294K(460096K), 0.0019234 secs] 417358K->8336K(2046080K), 0.0020094 secs] [Times: user=0.00 sys=0.00, real=0.00 secs] 
2024-10-07T05:39:03.664+0300: 53.913: Total time for which application threads were stopped: 0.0023219 seconds, Stopping threads took: 0.0002109 seconds
2024-10-07T05:39:04.214+0300: 54.467: Application time: 0.5533090 seconds
2024-10-07T05:39:04.214+0300: 54.467: [GC (Allocation Failure) 2024-10-07T05:39:04.214+0300: 54.467: [ParNew: 411808K->5306K(460096K), 0.0023347 secs] 416850K->10349K(2046080K), 0.0024165 secs] [Times: user=0.00 sys=0.00, real=0.00 secs] 
2024-10-07T05:39:04.214+0300: 54.470: Total time for which application threads were stopped: 0.0027107 seconds, Stopping threads took: 0.0001933 seconds
2024-10-07T05:39:04.779+0300: 55.033: Application time: 0.5639160 seconds
2024-10-07T05:39:04.779+0300: 55.034: [GC (Allocation Failure) 2024-10-07T05:39:04.779+0300: 55.034: [ParNew: 413667K->5304K(460096K), 0.0026280 secs] 418710K->10347K(2046080K), 0.0027023 secs] [Times: user=0.03 sys=0.00, real=0.01 secs] 
2024-10-07T05:39:04.794+0300: 55.036: Total time for which application threads were stopped: 0.0030121 seconds, Stopping threads took: 0.0002115 seconds
2024-10-07T05:39:05.343+0300: 55.598: Application time: 0.5612843 seconds
2024-10-07T05:39:05.343+0300: 55.598: [GC (Allocation Failure) 2024-10-07T05:39:05.343+0300: 55.598: [ParNew: 413344K->4283K(460096K), 0.0020938 secs] 418388K->9327K(2046080K), 0.0022268 secs] [Times: user=0.00 sys=0.00, real=0.02 secs] 
2024-10-07T05:39:05.359+0300: 55.600: Total time for which application threads were stopped: 0.0025561 seconds, Stopping threads took: 0.0001587 seconds
2024-10-07T05:39:05.908+0300: 56.160: Application time: 0.5597167 seconds
2024-10-07T05:39:05.908+0300: 56.160: [GC (Allocation Failure) 2024-10-07T05:39:05.908+0300: 56.160: [ParNew: 412694K->5304K(460096K), 0.0025357 secs] 417738K->10349K(2046080K), 0.0026119 secs] [Times: user=0.00 sys=0.00, real=0.00 secs] 
2024-10-07T05:39:05.908+0300: 56.163: Total time for which application threads were stopped: 0.0029103 seconds, Stopping threads took: 0.0001995 seconds
2024-10-07T05:39:06.473+0300: 56.728: Application time: 0.5646359 seconds
2024-10-07T05:39:06.473+0300: 56.728: [GC (Allocation Failure) 2024-10-07T05:39:06.473+0300: 56.728: [ParNew: 414328K->5306K(460096K), 0.0023698 secs] 419373K->10351K(2046080K), 0.0024872 secs] [Times: user=0.02 sys=0.00, real=0.02 secs] 
2024-10-07T05:39:06.489+0300: 56.730: Total time for which application threads were stopped: 0.0028238 seconds, Stopping threads took: 0.0001917 seconds
2024-10-07T05:39:07.038+0300: 57.287: Application time: 0.5563376 seconds
2024-10-07T05:39:07.038+0300: 57.287: [GC (Allocation Failure) 2024-10-07T05:39:07.038+0300: 57.287: [ParNew: 414298K->5302K(460096K), 0.0022600 secs] 419343K->10348K(2046080K), 0.0023447 secs] [Times: user=0.00 sys=0.00, real=0.00 secs] 
2024-10-07T05:39:07.038+0300: 57.289: Total time for which application threads were stopped: 0.0026852 seconds, Stopping threads took: 0.0002394 seconds
2024-10-07T05:39:07.604+0300: 57.853: Application time: 0.5638221 seconds
2024-10-07T05:39:07.604+0300: 57.854: [GC (Allocation Failure) 2024-10-07T05:39:07.604+0300: 57.854: [ParNew: 413424K->4288K(460096K), 0.0020536 secs] 418470K->9334K(2046080K), 0.0021522 secs] [Times: user=0.00 sys=0.00, real=0.00 secs] 
2024-10-07T05:39:07.604+0300: 57.856: Total time for which application threads were stopped: 0.0025575 seconds, Stopping threads took: 0.0002739 seconds
2024-10-07T05:39:08.169+0300: 58.415: Application time: 0.5587562 seconds
2024-10-07T05:39:08.169+0300: 58.415: [GC (Allocation Failure) 2024-10-07T05:39:08.169+0300: 58.415: [ParNew: 412589K->5304K(460096K), 0.0023298 secs] 417636K->10351K(2046080K), 0.0023972 secs] [Times: user=0.00 sys=0.00, real=0.00 secs] 
2024-10-07T05:39:08.169+0300: 58.417: Total time for which application threads were stopped: 0.0026404 seconds, Stopping threads took: 0.0001522 seconds
2024-10-07T05:39:08.734+0300: 58.983: Application time: 0.5654739 seconds
2024-10-07T05:39:08.734+0300: 58.983: [GC (Allocation Failure) 2024-10-07T05:39:08.734+0300: 58.983: [ParNew: 414083K->4283K(460096K), 0.0022909 secs] 419130K->9331K(2046080K), 0.0023840 secs] [Times: user=0.01 sys=0.00, real=0.00 secs] 
2024-10-07T05:39:08.734+0300: 58.985: Total time for which application threads were stopped: 0.0026892 seconds, Stopping threads took: 0.0001675 seconds
2024-10-07T05:39:09.299+0300: 59.547: Application time: 0.5619021 seconds
2024-10-07T05:39:09.299+0300: 59.548: [GC (Allocation Failure) 2024-10-07T05:39:09.299+0300: 59.548: [ParNew: 413307K->4282K(460096K), 0.0022295 secs] 418355K->9331K(2046080K), 0.0023197 secs] [Times: user=0.02 sys=0.00, real=0.00 secs] 
2024-10-07T05:39:09.299+0300: 59.550: Total time for which application threads were stopped: 0.0027253 seconds, Stopping threads took: 0.0002759 seconds
2024-10-07T05:39:09.863+0300: 60.106: Application time: 0.5555658 seconds
2024-10-07T05:39:09.863+0300: 60.106: [GC (Allocation Failure) 2024-10-07T05:39:09.863+0300: 60.106: [ParNew: 413306K->3279K(460096K), 0.0023997 secs] 418355K->8328K(2046080K), 0.0024679 secs] [Times: user=0.00 sys=0.00, real=0.00 secs] 
2024-10-07T05:39:09.863+0300: 60.108: Total time for which application threads were stopped: 0.0027082 seconds, Stopping threads took: 0.0001451 seconds
2024-10-07T05:39:10.413+0300: 60.667: Application time: 0.5591851 seconds
2024-10-07T05:39:10.413+0300: 60.668: [GC (Allocation Failure) 2024-10-07T05:39:10.413+0300: 60.668: [ParNew: 411383K->5304K(460096K), 0.0024525 secs] 416432K->10354K(2046080K), 0.0025278 secs] [Times: user=0.01 sys=0.00, real=0.02 secs] 
2024-10-07T05:39:10.429+0300: 60.670: Total time for which application threads were stopped: 0.0028725 seconds, Stopping threads took: 0.0002365 seconds
2024-10-07T05:39:10.979+0300: 61.231: Application time: 0.5610933 seconds
2024-10-07T05:39:10.979+0300: 61.232: [GC (Allocation Failure) 2024-10-07T05:39:10.979+0300: 61.232: [ParNew: 414304K->5304K(460096K), 0.0025285 secs] 419354K->10354K(2046080K), 0.0026101 secs] [Times: user=0.00 sys=0.00, real=0.00 secs] 
2024-10-07T05:39:10.979+0300: 61.234: Total time for which application threads were stopped: 0.0029483 seconds, Stopping threads took: 0.0002353 seconds
2024-10-07T05:39:11.544+0300: 61.797: Application time: 0.5626542 seconds
2024-10-07T05:39:11.544+0300: 61.797: [GC (Allocation Failure) 2024-10-07T05:39:11.544+0300: 61.797: [ParNew: 414000K->5304K(460096K), 0.0023969 secs] 419050K->10355K(2046080K), 0.0025074 secs] [Times: user=0.00 sys=0.00, real=0.00 secs] 
2024-10-07T05:39:11.544+0300: 61.800: Total time for which application threads were stopped: 0.0028327 seconds, Stopping threads took: 0.0001609 seconds
2024-10-07T05:39:12.109+0300: 62.355: Application time: 0.5551734 seconds
2024-10-07T05:39:12.109+0300: 62.355: [GC (Allocation Failure) 2024-10-07T05:39:12.109+0300: 62.355: [ParNew: 413760K->4296K(460096K), 0.0021551 secs] 418811K->9348K(2046080K), 0.0022378 secs] [Times: user=0.00 sys=0.00, real=0.00 secs] 
2024-10-07T05:39:12.109+0300: 62.358: Total time for which application threads were stopped: 0.0024949 seconds, Stopping threads took: 0.0001590 seconds
2024-10-07T05:39:12.677+0300: 62.921: Application time: 0.5638801 seconds
2024-10-07T05:39:12.677+0300: 62.922: [GC (Allocation Failure) 2024-10-07T05:39:12.677+0300: 62.922: [ParNew: 413255K->3279K(460096K), 0.0019974 secs] 418306K->8331K(2046080K), 0.0020827 secs] [Times: user=0.02 sys=0.00, real=0.00 secs] 
2024-10-07T05:39:12.677+0300: 62.924: Total time for which application threads were stopped: 0.0023781 seconds, Stopping threads took: 0.0001625 seconds
2024-10-07T05:39:13.239+0300: 63.483: Application time: 0.5591944 seconds
2024-10-07T05:39:13.239+0300: 63.483: [GC (Allocation Failure) 2024-10-07T05:39:13.239+0300: 63.483: [ParNew: 412303K->1233K(460096K), 0.0017862 secs] 417355K->6286K(2046080K), 0.0018515 secs] [Times: user=0.00 sys=0.00, real=0.00 secs] 
2024-10-07T05:39:13.239+0300: 63.485: Total time for which application threads were stopped: 0.0021095 seconds, Stopping threads took: 0.0001647 seconds
2024-10-07T05:39:13.804+0300: 64.048: Application time: 0.5625572 seconds
2024-10-07T05:39:13.804+0300: 64.048: [GC (Allocation Failure) 2024-10-07T05:39:13.804+0300: 64.048: [ParNew: 410257K->4284K(460096K), 0.0021278 secs] 415310K->9337K(2046080K), 0.0021982 secs] [Times: user=0.00 sys=0.00, real=0.00 secs] 
2024-10-07T05:39:13.804+0300: 64.050: Total time for which application threads were stopped: 0.0024456 seconds, Stopping threads took: 0.0001509 seconds
2024-10-07T05:39:14.368+0300: 64.611: Application time: 0.5606529 seconds
2024-10-07T05:39:14.368+0300: 64.611: [GC (Allocation Failure) 2024-10-07T05:39:14.368+0300: 64.611: [ParNew: 412287K->4283K(460096K), 0.0020175 secs] 417340K->9337K(2046080K), 0.0021280 secs] [Times: user=0.00 sys=0.00, real=0.00 secs] 
2024-10-07T05:39:14.368+0300: 64.613: Total time for which application threads were stopped: 0.0024517 seconds, Stopping threads took: 0.0001943 seconds
2024-10-07T05:39:14.917+0300: 65.170: Application time: 0.5563393 seconds
2024-10-07T05:39:14.917+0300: 65.170: [GC (Allocation Failure) 2024-10-07T05:39:14.917+0300: 65.170: [ParNew: 412460K->3275K(460096K), 0.0020400 secs] 417514K->8330K(2046080K), 0.0021205 secs] [Times: user=0.00 sys=0.00, real=0.00 secs] 
2024-10-07T05:39:14.917+0300: 65.172: Total time for which application threads were stopped: 0.0024188 seconds, Stopping threads took: 0.0001921 seconds
2024-10-07T05:39:15.483+0300: 65.736: Application time: 0.5637496 seconds
2024-10-07T05:39:15.483+0300: 65.736: [GC (Allocation Failure) 2024-10-07T05:39:15.483+0300: 65.736: [ParNew: 412299K->4298K(460096K), 0.0020906 secs] 417354K->9353K(2046080K), 0.0021661 secs] [Times: user=0.00 sys=0.00, real=0.00 secs] 
2024-10-07T05:39:15.483+0300: 65.738: Total time for which application threads were stopped: 0.0024390 seconds, Stopping threads took: 0.0001762 seconds
2024-10-07T05:39:16.047+0300: 66.296: Application time: 0.5577602 seconds
2024-10-07T05:39:16.047+0300: 66.296: [GC (Allocation Failure) 2024-10-07T05:39:16.047+0300: 66.296: [ParNew: 413096K->4282K(460096K), 0.0028510 secs] 418151K->9338K(2046080K), 0.0029277 secs] [Times: user=0.00 sys=0.00, real=0.00 secs] 
2024-10-07T05:39:16.047+0300: 66.299: Total time for which application threads were stopped: 0.0032724 seconds, Stopping threads took: 0.0002432 seconds
2024-10-07T05:39:16.613+0300: 66.861: Application time: 0.5618637 seconds
2024-10-07T05:39:16.613+0300: 66.861: [GC (Allocation Failure) 2024-10-07T05:39:16.613+0300: 66.861: [ParNew: 412298K->4298K(460096K), 0.0021579 secs] 417354K->9355K(2046080K), 0.0022363 secs] [Times: user=0.00 sys=0.00, real=0.00 secs] 
2024-10-07T05:39:16.613+0300: 66.864: Total time for which application threads were stopped: 0.0025055 seconds, Stopping threads took: 0.0001728 seconds
2024-10-07T05:39:17.178+0300: 67.424: Application time: 0.5599548 seconds
2024-10-07T05:39:17.178+0300: 67.424: [GC (Allocation Failure) 2024-10-07T05:39:17.178+0300: 67.424: [ParNew: 413322K->3261K(460096K), 0.0020912 secs] 418379K->8318K(2046080K), 0.0021696 secs] [Times: user=0.00 sys=0.00, real=0.00 secs] 
2024-10-07T05:39:17.178+0300: 67.426: Total time for which application threads were stopped: 0.0024126 seconds, Stopping threads took: 0.0001450 seconds
2024-10-07T05:39:17.743+0300: 67.991: Application time: 0.5649142 seconds
2024-10-07T05:39:17.743+0300: 67.991: [GC (Allocation Failure) 2024-10-07T05:39:17.743+0300: 67.991: [ParNew: 412285K->4298K(460096K), 0.0022250 secs] 417342K->9356K(2046080K), 0.0023185 secs] [Times: user=0.01 sys=0.00, real=0.00 secs] 
2024-10-07T05:39:17.743+0300: 67.993: Total time for which application threads were stopped: 0.0026066 seconds, Stopping threads took: 0.0001687 seconds
2024-10-07T05:39:18.308+0300: 68.557: Application time: 0.5634150 seconds
2024-10-07T05:39:18.308+0300: 68.557: [GC (Allocation Failure) 2024-10-07T05:39:18.308+0300: 68.557: [ParNew: 413322K->3277K(460096K), 0.0019642 secs] 418380K->8335K(2046080K), 0.0020630 secs] [Times: user=0.02 sys=0.00, real=0.00 secs] 
2024-10-07T05:39:18.308+0300: 68.559: Total time for which application threads were stopped: 0.0024219 seconds, Stopping threads took: 0.0002190 seconds
2024-10-07T05:39:18.873+0300: 69.116: Application time: 0.5566149 seconds
2024-10-07T05:39:18.873+0300: 69.116: [GC (Allocation Failure) 2024-10-07T05:39:18.873+0300: 69.116: [ParNew: 411571K->4283K(460096K), 0.0022362 secs] 416629K->9342K(2046080K), 0.0023054 secs] [Times: user=0.00 sys=0.00, real=0.00 secs] 
2024-10-07T05:39:18.873+0300: 69.119: Total time for which application threads were stopped: 0.0025586 seconds, Stopping threads took: 0.0001597 seconds
2024-10-07T05:39:19.438+0300: 69.680: Application time: 0.5610302 seconds
2024-10-07T05:39:19.438+0300: 69.680: [GC (Allocation Failure) 2024-10-07T05:39:19.438+0300: 69.680: [ParNew: 412878K->4300K(460096K), 0.0021646 secs] 417937K->9360K(2046080K), 0.0022809 secs] [Times: user=0.00 sys=0.00, real=0.00 secs] 
2024-10-07T05:39:19.438+0300: 69.682: Total time for which application threads were stopped: 0.0025633 seconds, Stopping threads took: 0.0001291 seconds
2024-10-07T05:39:19.992+0300: 70.242: Application time: 0.5601171 seconds
2024-10-07T05:39:19.992+0300: 70.242: [GC (Allocation Failure) 2024-10-07T05:39:19.992+0300: 70.243: [ParNew: 413324K->5304K(460096K), 0.0024547 secs] 418384K->10365K(2046080K), 0.0025432 secs] [Times: user=0.02 sys=0.00, real=0.01 secs] 
2024-10-07T05:39:20.003+0300: 70.245: Total time for which application threads were stopped: 0.0028174 seconds, Stopping threads took: 0.0001648 seconds
2024-10-07T05:39:20.553+0300: 70.809: Application time: 0.5635002 seconds
2024-10-07T05:39:20.553+0300: 70.809: [GC (Allocation Failure) 2024-10-07T05:39:20.553+0300: 70.809: [ParNew: 414328K->5309K(460096K), 0.0023012 secs] 419389K->10370K(2046080K), 0.0023851 secs] [Times: user=0.03 sys=0.00, real=0.02 secs] 
2024-10-07T05:39:20.568+0300: 70.811: Total time for which application threads were stopped: 0.0026879 seconds, Stopping threads took: 0.0001670 seconds
2024-10-07T05:39:21.117+0300: 71.372: Application time: 0.5606021 seconds
2024-10-07T05:39:21.117+0300: 71.372: [GC (Allocation Failure) 2024-10-07T05:39:21.117+0300: 71.372: [ParNew: 414333K->3292K(460096K), 0.0020772 secs] 419394K->8354K(2046080K), 0.0021601 secs] [Times: user=0.03 sys=0.00, real=0.01 secs] 
2024-10-07T05:39:21.132+0300: 71.374: Total time for which application threads were stopped: 0.0024438 seconds, Stopping threads took: 0.0001789 seconds
2024-10-07T05:39:21.695+0300: 71.937: Application time: 0.5628821 seconds
2024-10-07T05:39:21.695+0300: 71.937: [GC (Allocation Failure) 2024-10-07T05:39:21.695+0300: 71.937: [ParNew: 412316K->2239K(460096K), 0.0019189 secs] 417378K->7302K(2046080K), 0.0019844 secs] [Times: user=0.05 sys=0.00, real=0.00 secs] 
2024-10-07T05:39:21.697+0300: 71.939: Total time for which application threads were stopped: 0.0021914 seconds, Stopping threads took: 0.0001050 seconds
2024-10-07T05:39:22.246+0300: 72.497: Application time: 0.5574761 seconds
2024-10-07T05:39:22.246+0300: 72.497: [GC (Allocation Failure) 2024-10-07T05:39:22.246+0300: 72.497: [ParNew: 411263K->5304K(460096K), 0.0023504 secs] 416326K->10367K(2046080K), 0.0024371 secs] [Times: user=0.00 sys=0.00, real=0.00 secs] 
2024-10-07T05:39:22.246+0300: 72.500: Total time for which application threads were stopped: 0.0026961 seconds, Stopping threads took: 0.0001610 seconds
2024-10-07T05:39:22.812+0300: 73.060: Application time: 0.5602039 seconds
2024-10-07T05:39:22.812+0300: 73.060: [GC (Allocation Failure) 2024-10-07T05:39:22.812+0300: 73.060: [ParNew: 414328K->4300K(460096K), 0.0020917 secs] 419391K->9364K(2046080K), 0.0021679 secs] [Times: user=0.00 sys=0.00, real=0.00 secs] 
2024-10-07T05:39:22.812+0300: 73.062: Total time for which application threads were stopped: 0.0024167 seconds, Stopping threads took: 0.0001491 seconds
2024-10-07T05:39:23.377+0300: 73.627: Application time: 0.5653158 seconds
2024-10-07T05:39:23.377+0300: 73.628: [GC (Allocation Failure) 2024-10-07T05:39:23.377+0300: 73.628: [ParNew: 412444K->4284K(460096K), 0.0020718 secs] 417508K->9348K(2046080K), 0.0021555 secs] [Times: user=0.02 sys=0.00, real=0.00 secs] 
2024-10-07T05:39:23.377+0300: 73.630: Total time for which application threads were stopped: 0.0024304 seconds, Stopping threads took: 0.0001505 seconds
2024-10-07T05:39:23.942+0300: 74.187: Application time: 0.5572243 seconds
2024-10-07T05:39:23.942+0300: 74.187: [GC (Allocation Failure) 2024-10-07T05:39:23.942+0300: 74.187: [ParNew: 412464K->5305K(460096K), 0.0021301 secs] 417528K->10370K(2046080K), 0.0022143 secs] [Times: user=0.00 sys=0.00, real=0.00 secs] 
2024-10-07T05:39:23.942+0300: 74.190: Total time for which application threads were stopped: 0.0025012 seconds, Stopping threads took: 0.0001805 seconds
2024-10-07T05:39:24.507+0300: 74.753: Application time: 0.5633467 seconds
2024-10-07T05:39:24.507+0300: 74.753: [GC (Allocation Failure) 2024-10-07T05:39:24.507+0300: 74.753: [ParNew: 414178K->5304K(460096K), 0.0025782 secs] 419243K->10369K(2046080K), 0.0026532 secs] [Times: user=0.00 sys=0.00, real=0.00 secs] 
2024-10-07T05:39:24.507+0300: 74.756: Total time for which application threads were stopped: 0.0028614 seconds, Stopping threads took: 0.0000876 seconds
2024-10-07T05:39:25.072+0300: 75.317: Application time: 0.5611395 seconds
2024-10-07T05:39:25.072+0300: 75.317: [GC (Allocation Failure) 2024-10-07T05:39:25.072+0300: 75.317: [ParNew: 414328K->5304K(460096K), 0.0024977 secs] 419393K->10370K(2046080K), 0.0025669 secs] [Times: user=0.00 sys=0.00, real=0.00 secs] 
2024-10-07T05:39:25.072+0300: 75.320: Total time for which application threads were stopped: 0.0027934 seconds, Stopping threads took: 0.0001225 seconds
2024-10-07T05:39:25.637+0300: 75.879: Application time: 0.5596360 seconds
2024-10-07T05:39:25.637+0300: 75.880: [GC (Allocation Failure) 2024-10-07T05:39:25.637+0300: 75.880: [ParNew: 413900K->5308K(460096K), 0.0023799 secs] 418966K->10375K(2046080K), 0.0024632 secs] [Times: user=0.00 sys=0.00, real=0.00 secs] 
2024-10-07T05:39:25.637+0300: 75.882: Total time for which application threads were stopped: 0.0027505 seconds, Stopping threads took: 0.0001819 seconds
2024-10-07T05:39:26.186+0300: 76.442: Application time: 0.5596125 seconds
2024-10-07T05:39:26.186+0300: 76.442: [GC (Allocation Failure) 2024-10-07T05:39:26.186+0300: 76.442: [ParNew: 413698K->5306K(460096K), 0.0025823 secs] 418765K->10373K(2046080K), 0.0026756 secs] [Times: user=0.02 sys=0.00, real=0.02 secs] 
2024-10-07T05:39:26.202+0300: 76.445: Total time for which application threads were stopped: 0.0029551 seconds, Stopping threads took: 0.0001542 seconds
2024-10-07T05:39:26.767+0300: 77.009: Application time: 0.5640087 seconds
2024-10-07T05:39:26.767+0300: 77.009: [GC (Allocation Failure) 2024-10-07T05:39:26.767+0300: 77.009: [ParNew: 414330K->4300K(460096K), 0.0025033 secs] 419397K->9368K(2046080K), 0.0025848 secs] [Times: user=0.01 sys=0.00, real=0.00 secs] 
2024-10-07T05:39:26.767+0300: 77.012: Total time for which application threads were stopped: 0.0028939 seconds, Stopping threads took: 0.0002054 seconds
2024-10-07T05:39:27.332+0300: 77.573: Application time: 0.5616358 seconds
2024-10-07T05:39:27.332+0300: 77.574: [GC (Allocation Failure) 2024-10-07T05:39:27.332+0300: 77.574: [ParNew: 413324K->5308K(460096K), 0.0024361 secs] 418392K->10377K(2046080K), 0.0025132 secs] [Times: user=0.00 sys=0.00, real=0.00 secs] 
2024-10-07T05:39:27.332+0300: 77.576: Total time for which application threads were stopped: 0.0028920 seconds, Stopping threads took: 0.0002721 seconds
2024-10-07T05:39:27.882+0300: 78.134: Application time: 0.5577005 seconds
2024-10-07T05:39:27.882+0300: 78.134: [GC (Allocation Failure) 2024-10-07T05:39:27.882+0300: 78.134: [ParNew: 413495K->3274K(460096K), 0.0022128 secs] 418563K->8343K(2046080K), 0.0022887 secs] [Times: user=0.00 sys=0.00, real=0.00 secs] 
2024-10-07T05:39:27.882+0300: 78.136: Total time for which application threads were stopped: 0.0025531 seconds, Stopping threads took: 0.0001607 seconds
2024-10-07T05:39:28.446+0300: 78.699: Application time: 0.5623709 seconds
2024-10-07T05:39:28.446+0300: 78.699: [GC (Allocation Failure) 2024-10-07T05:39:28.446+0300: 78.699: [ParNew: 412298K->3277K(460096K), 0.0020987 secs] 417367K->8347K(2046080K), 0.0021949 secs] [Times: user=0.00 sys=0.00, real=0.00 secs] 
2024-10-07T05:39:28.446+0300: 78.701: Total time for which application threads were stopped: 0.0025429 seconds, Stopping threads took: 0.0002141 seconds
2024-10-07T05:39:29.012+0300: 79.258: Application time: 0.5568100 seconds
2024-10-07T05:39:29.012+0300: 79.258: [GC (Allocation Failure) 2024-10-07T05:39:29.012+0300: 79.258: [ParNew: 411426K->4286K(460096K), 0.0021693 secs] 416496K->9356K(2046080K), 0.0022519 secs] [Times: user=0.00 sys=0.00, real=0.00 secs] 
2024-10-07T05:39:29.012+0300: 79.261: Total time for which application threads were stopped: 0.0025533 seconds, Stopping threads took: 0.0001947 seconds
2024-10-07T05:39:29.577+0300: 79.824: Application time: 0.5632519 seconds
2024-10-07T05:39:29.577+0300: 79.824: [GC (Allocation Failure) 2024-10-07T05:39:29.577+0300: 79.824: [ParNew: 413047K->5306K(460096K), 0.0023855 secs] 418117K->10377K(2046080K), 0.0024725 secs] [Times: user=0.00 sys=0.00, real=0.00 secs] 
2024-10-07T05:39:29.577+0300: 79.827: Total time for which application threads were stopped: 0.0027957 seconds, Stopping threads took: 0.0002187 seconds
2024-10-07T05:39:30.142+0300: 80.385: Application time: 0.5580933 seconds
2024-10-07T05:39:30.142+0300: 80.385: [GC (Allocation Failure) 2024-10-07T05:39:30.142+0300: 80.385: [ParNew: 414330K->5329K(460096K), 0.0023558 secs] 419401K->10401K(2046080K), 0.0024262 secs] [Times: user=0.00 sys=0.00, real=0.00 secs] 
2024-10-07T05:39:30.142+0300: 80.388: Total time for which application threads were stopped: 0.0026601 seconds, Stopping threads took: 0.0001210 seconds
2024-10-07T05:39:30.707+0300: 80.950: Application time: 0.5627862 seconds
2024-10-07T05:39:30.707+0300: 80.951: [GC (Allocation Failure) 2024-10-07T05:39:30.707+0300: 80.951: [ParNew: 414247K->5306K(460096K), 0.0027911 secs] 419319K->10378K(2046080K), 0.0028904 secs] [Times: user=0.03 sys=0.00, real=0.00 secs] 
2024-10-07T05:39:30.707+0300: 80.954: Total time for which application threads were stopped: 0.0032201 seconds, Stopping threads took: 0.0001871 seconds
2024-10-07T05:39:31.271+0300: 81.516: Application time: 0.5624437 seconds
2024-10-07T05:39:31.271+0300: 81.516: [GC (Allocation Failure) 2024-10-07T05:39:31.271+0300: 81.516: [ParNew: 414330K->4283K(460096K), 0.0021794 secs] 419402K->9356K(2046080K), 0.0022683 secs] [Times: user=0.00 sys=0.00, real=0.00 secs] 
2024-10-07T05:39:31.271+0300: 81.518: Total time for which application threads were stopped: 0.0024649 seconds, Stopping threads took: 0.0000808 seconds
2024-10-07T05:39:31.836+0300: 82.092: Application time: 0.5734700 seconds
2024-10-07T05:39:31.836+0300: 82.092: [GC (Allocation Failure) 2024-10-07T05:39:31.836+0300: 82.092: [ParNew: 412837K->5306K(460096K), 0.0027640 secs] 417910K->10379K(2046080K), 0.0028458 secs] [Times: user=0.03 sys=0.00, real=0.02 secs] 
2024-10-07T05:39:31.852+0300: 82.095: Total time for which application threads were stopped: 0.0031714 seconds, Stopping threads took: 0.0002228 seconds
2024-10-07T05:39:32.402+0300: 82.658: Application time: 0.5626886 seconds
2024-10-07T05:39:32.402+0300: 82.658: [GC (Allocation Failure) 2024-10-07T05:39:32.402+0300: 82.658: [ParNew: 414072K->5306K(460096K), 0.0025201 secs] 419146K->10380K(2046080K), 0.0025972 secs] [Times: user=0.02 sys=0.00, real=0.02 secs] 
2024-10-07T05:39:32.417+0300: 82.661: Total time for which application threads were stopped: 0.0029190 seconds, Stopping threads took: 0.0002207 seconds
2024-10-07T05:39:32.966+0300: 83.216: Application time: 0.5547750 seconds
2024-10-07T05:39:32.966+0300: 83.216: [GC (Allocation Failure) 2024-10-07T05:39:32.966+0300: 83.216: [ParNew: 413485K->5304K(460096K), 0.0024719 secs] 418560K->10379K(2046080K), 0.0025582 secs] [Times: user=0.00 sys=0.00, real=0.00 secs] 
2024-10-07T05:39:32.966+0300: 83.218: Total time for which application threads were stopped: 0.0029072 seconds, Stopping threads took: 0.0002449 seconds
2024-10-07T05:39:33.532+0300: 83.785: Application time: 0.5666339 seconds
2024-10-07T05:39:33.532+0300: 83.785: [GC (Allocation Failure) 2024-10-07T05:39:33.532+0300: 83.785: [ParNew: 414328K->3264K(460096K), 0.0021418 secs] 419403K->8340K(2046080K), 0.0022203 secs] [Times: user=0.00 sys=0.00, real=0.00 secs] 
2024-10-07T05:39:33.532+0300: 83.788: Total time for which application threads were stopped: 0.0025511 seconds, Stopping threads took: 0.0002010 seconds
2024-10-07T05:39:34.097+0300: 84.347: Application time: 0.5597873 seconds
2024-10-07T05:39:34.097+0300: 84.348: [GC (Allocation Failure) 2024-10-07T05:39:34.097+0300: 84.348: [ParNew: 411670K->4301K(460096K), 0.0023859 secs] 416746K->9377K(2046080K), 0.0024640 secs] [Times: user=0.00 sys=0.00, real=0.00 secs] 
2024-10-07T05:39:34.097+0300: 84.350: Total time for which application threads were stopped: 0.0027597 seconds, Stopping threads took: 0.0001934 seconds
2024-10-07T05:39:34.661+0300: 84.915: Application time: 0.5646473 seconds
2024-10-07T05:39:34.661+0300: 84.915: [GC (Allocation Failure) 2024-10-07T05:39:34.661+0300: 84.915: [ParNew: 413156K->3279K(460096K), 0.0021893 secs] 418232K->8356K(2046080K), 0.0022699 secs] [Times: user=0.00 sys=0.00, real=0.00 secs] 
2024-10-07T05:39:34.661+0300: 84.917: Total time for which application threads were stopped: 0.0025524 seconds, Stopping threads took: 0.0001700 seconds
2024-10-07T05:39:35.227+0300: 85.476: Application time: 0.5581444 seconds
2024-10-07T05:39:35.227+0300: 85.476: [GC (Allocation Failure) 2024-10-07T05:39:35.227+0300: 85.476: [ParNew: 412303K->4300K(460096K), 0.0023505 secs] 417380K->9377K(2046080K), 0.0024218 secs] [Times: user=0.00 sys=0.00, real=0.00 secs] 
2024-10-07T05:39:35.227+0300: 85.478: Total time for which application threads were stopped: 0.0026974 seconds, Stopping threads took: 0.0001702 seconds
2024-10-07T05:39:35.792+0300: 86.037: Application time: 0.5590151 seconds
2024-10-07T05:39:35.792+0300: 86.037: [GC (Allocation Failure) 2024-10-07T05:39:35.792+0300: 86.038: [ParNew: 412866K->5305K(460096K), 0.0024402 secs] 417943K->10383K(2046080K), 0.0025181 secs] [Times: user=0.00 sys=0.00, real=0.00 secs] 
2024-10-07T05:39:35.792+0300: 86.040: Total time for which application threads were stopped: 0.0027913 seconds, Stopping threads took: 0.0001744 seconds
2024-10-07T05:39:36.358+0300: 86.605: Application time: 0.5645521 seconds
2024-10-07T05:39:36.358+0300: 86.605: [GC (Allocation Failure) 2024-10-07T05:39:36.358+0300: 86.605: [ParNew: 413402K->5306K(460096K), 0.0029262 secs] 418480K->10385K(2046080K), 0.0030113 secs] [Times: user=0.02 sys=0.00, real=0.00 secs] 
2024-10-07T05:39:36.358+0300: 86.608: Total time for which application threads were stopped: 0.0033393 seconds, Stopping threads took: 0.0001781 seconds
2024-10-07T05:39:36.923+0300: 87.166: Application time: 0.5578770 seconds
2024-10-07T05:39:36.923+0300: 87.166: [GC (Allocation Failure) 2024-10-07T05:39:36.923+0300: 87.166: [ParNew: 414330K->4298K(460096K), 0.0029031 secs] 419409K->9377K(2046080K), 0.0029784 secs] [Times: user=0.00 sys=0.00, real=0.00 secs] 
2024-10-07T05:39:36.927+0300: 87.169: Total time for which application threads were stopped: 0.0032208 seconds, Stopping threads took: 0.0001471 seconds
2024-10-07T05:39:37.488+0300: 87.736: Application time: 0.5668675 seconds
2024-10-07T05:39:37.488+0300: 87.736: [GC (Allocation Failure) 2024-10-07T05:39:37.488+0300: 87.736: [ParNew: 413322K->4284K(460096K), 0.0022381 secs] 418401K->9364K(2046080K), 0.0023090 secs] [Times: user=0.00 sys=0.00, real=0.00 secs] 
2024-10-07T05:39:37.488+0300: 87.738: Total time for which application threads were stopped: 0.0025557 seconds, Stopping threads took: 0.0001513 seconds
2024-10-07T05:39:38.037+0300: 88.293: Application time: 0.5547723 seconds
2024-10-07T05:39:38.037+0300: 88.293: [GC (Allocation Failure) 2024-10-07T05:39:38.037+0300: 88.294: [ParNew: 413075K->5304K(460096K), 0.0025011 secs] 418155K->10385K(2046080K), 0.0025830 secs] [Times: user=0.02 sys=0.00, real=0.02 secs] 
2024-10-07T05:39:38.053+0300: 88.296: Total time for which application threads were stopped: 0.0028876 seconds, Stopping threads took: 0.0001986 seconds
2024-10-07T05:39:38.618+0300: 88.861: Application time: 0.5650595 seconds
2024-10-07T05:39:38.618+0300: 88.861: [GC (Allocation Failure) 2024-10-07T05:39:38.618+0300: 88.861: [ParNew: 413874K->4284K(460096K), 0.0022075 secs] 418955K->9365K(2046080K), 0.0022761 secs] [Times: user=0.02 sys=0.00, real=0.00 secs] 
2024-10-07T05:39:38.618+0300: 88.864: Total time for which application threads were stopped: 0.0025559 seconds, Stopping threads took: 0.0001861 seconds
2024-10-07T05:39:39.167+0300: 89.423: Application time: 0.5595788 seconds
2024-10-07T05:39:39.167+0300: 89.424: [GC (Allocation Failure) 2024-10-07T05:39:39.167+0300: 89.424: [ParNew: 413308K->4282K(460096K), 0.0023030 secs] 418389K->9364K(2046080K), 0.0023709 secs] [Times: user=0.02 sys=0.00, real=0.02 secs] 
2024-10-07T05:39:39.183+0300: 89.426: Total time for which application threads were stopped: 0.0026479 seconds, Stopping threads took: 0.0001664 seconds
2024-10-07T05:39:39.733+0300: 89.988: Application time: 0.5617946 seconds
2024-10-07T05:39:39.733+0300: 89.988: [GC (Allocation Failure) 2024-10-07T05:39:39.733+0300: 89.988: [ParNew: 412628K->4304K(460096K), 0.0023869 secs] 417710K->9386K(2046080K), 0.0024639 secs] [Times: user=0.02 sys=0.00, real=0.01 secs] 
2024-10-07T05:39:39.748+0300: 89.991: Total time for which application threads were stopped: 0.0028189 seconds, Stopping threads took: 0.0002439 seconds
2024-10-07T05:39:40.298+0300: 90.548: Application time: 0.5577986 seconds
2024-10-07T05:39:40.298+0300: 90.549: [GC (Allocation Failure) 2024-10-07T05:39:40.298+0300: 90.549: [ParNew: 412998K->5307K(460096K), 0.0023571 secs] 418081K->10390K(2046080K), 0.0024491 secs] [Times: user=0.00 sys=0.00, real=0.00 secs] 
2024-10-07T05:39:40.298+0300: 90.551: Total time for which application threads were stopped: 0.0027960 seconds, Stopping threads took: 0.0002083 seconds
2024-10-07T05:39:40.863+0300: 91.108: Application time: 0.5571112 seconds
2024-10-07T05:39:40.863+0300: 91.108: [GC (Allocation Failure) 2024-10-07T05:39:40.863+0300: 91.109: [ParNew: 413454K->5305K(460096K), 0.0024937 secs] 418537K->10388K(2046080K), 0.0025811 secs] [Times: user=0.00 sys=0.00, real=0.00 secs] 
2024-10-07T05:39:40.863+0300: 91.111: Total time for which application threads were stopped: 0.0027811 seconds, Stopping threads took: 0.0000876 seconds
2024-10-07T05:39:41.427+0300: 91.672: Application time: 0.5612405 seconds
2024-10-07T05:39:41.427+0300: 91.673: [GC (Allocation Failure) 2024-10-07T05:39:41.427+0300: 91.673: [ParNew: 414053K->4300K(460096K), 0.0023344 secs] 419137K->9385K(2046080K), 0.0024364 secs] [Times: user=0.00 sys=0.00, real=0.00 secs] 
2024-10-07T05:39:41.427+0300: 91.675: Total time for which application threads were stopped: 0.0027414 seconds, Stopping threads took: 0.0001724 seconds
2024-10-07T05:39:41.993+0300: 92.234: Application time: 0.5593871 seconds
2024-10-07T05:39:41.993+0300: 92.235: [GC (Allocation Failure) 2024-10-07T05:39:41.993+0300: 92.235: [ParNew: 412453K->3261K(460096K), 0.0022007 secs] 417538K->8346K(2046080K), 0.0022803 secs] [Times: user=0.00 sys=0.00, real=0.00 secs] 
2024-10-07T05:39:41.993+0300: 92.237: Total time for which application threads were stopped: 0.0025108 seconds, Stopping threads took: 0.0001293 seconds
2024-10-07T05:39:42.558+0300: 92.801: Application time: 0.5636633 seconds
2024-10-07T05:39:42.558+0300: 92.801: [GC (Allocation Failure) 2024-10-07T05:39:42.558+0300: 92.801: [ParNew: 412285K->4302K(460096K), 0.0022537 secs] 417370K->9388K(2046080K), 0.0023185 secs] [Times: user=0.00 sys=0.00, real=0.00 secs] 
2024-10-07T05:39:42.558+0300: 92.803: Total time for which application threads were stopped: 0.0025825 seconds, Stopping threads took: 0.0001730 seconds
2024-10-07T05:39:43.107+0300: 93.361: Application time: 0.5574553 seconds
2024-10-07T05:39:43.107+0300: 93.361: [GC (Allocation Failure) 2024-10-07T05:39:43.107+0300: 93.361: [ParNew: 412893K->5306K(460096K), 0.0025059 secs] 417978K->10392K(2046080K), 0.0025804 secs] [Times: user=0.00 sys=0.00, real=0.00 secs] 
2024-10-07T05:39:43.107+0300: 93.364: Total time for which application threads were stopped: 0.0028816 seconds, Stopping threads took: 0.0002042 seconds
2024-10-07T05:39:43.672+0300: 93.924: Application time: 0.5600470 seconds
2024-10-07T05:39:43.672+0300: 93.924: [GC (Allocation Failure) 2024-10-07T05:39:43.672+0300: 93.924: [ParNew: 413586K->4300K(460096K), 0.0022832 secs] 418672K->9387K(2046080K), 0.0023813 secs] [Times: user=0.00 sys=0.00, real=0.00 secs] 
2024-10-07T05:39:43.672+0300: 93.926: Total time for which application threads were stopped: 0.0026506 seconds, Stopping threads took: 0.0001473 seconds
2024-10-07T05:39:44.242+0300: 94.485: Application time: 0.5591429 seconds
2024-10-07T05:39:44.242+0300: 94.486: [GC (Allocation Failure) 2024-10-07T05:39:44.242+0300: 94.486: [ParNew: 412712K->4298K(460096K), 0.0022256 secs] 417799K->9385K(2046080K), 0.0023029 secs] [Times: user=0.00 sys=0.00, real=0.00 secs] 
2024-10-07T05:39:44.242+0300: 94.488: Total time for which application threads were stopped: 0.0025906 seconds, Stopping threads took: 0.0001842 seconds
2024-10-07T05:39:44.802+0300: 95.051: Application time: 0.5628112 seconds
2024-10-07T05:39:44.802+0300: 95.051: [GC (Allocation Failure) 2024-10-07T05:39:44.802+0300: 95.051: [ParNew: 412956K->4300K(460096K), 0.0022610 secs] 418044K->9388K(2046080K), 0.0023416 secs] [Times: user=0.00 sys=0.00, real=0.00 secs] 
2024-10-07T05:39:44.802+0300: 95.054: Total time for which application threads were stopped: 0.0027133 seconds, Stopping threads took: 0.0002271 seconds
2024-10-07T05:39:45.367+0300: 95.620: Application time: 0.5661315 seconds
2024-10-07T05:39:45.367+0300: 95.620: [GC (Allocation Failure) 2024-10-07T05:39:45.367+0300: 95.620: [ParNew: 413289K->3290K(460096K), 0.0021205 secs] 418377K->8379K(2046080K), 0.0022059 secs] [Times: user=0.00 sys=0.00, real=0.00 secs] 
2024-10-07T05:39:45.367+0300: 95.622: Total time for which application threads were stopped: 0.0024752 seconds, Stopping threads took: 0.0001638 seconds
2024-10-07T05:39:45.932+0300: 96.181: Application time: 0.5587449 seconds
2024-10-07T05:39:45.932+0300: 96.181: [GC (Allocation Failure) 2024-10-07T05:39:45.932+0300: 96.181: [ParNew: 412314K->3260K(460096K), 0.0020208 secs] 417403K->8349K(2046080K), 0.0020853 secs] [Times: user=0.00 sys=0.00, real=0.00 secs] 
2024-10-07T05:39:45.932+0300: 96.183: Total time for which application threads were stopped: 0.0023228 seconds, Stopping threads took: 0.0001436 seconds
2024-10-07T05:39:46.497+0300: 96.742: Application time: 0.5592075 seconds
2024-10-07T05:39:46.497+0300: 96.743: [GC (Allocation Failure) 2024-10-07T05:39:46.497+0300: 96.743: [ParNew: 411311K->3277K(460096K), 0.0022912 secs] 416401K->8367K(2046080K), 0.0023703 secs] [Times: user=0.00 sys=0.00, real=0.00 secs] 
2024-10-07T05:39:46.497+0300: 96.745: Total time for which application threads were stopped: 0.0026482 seconds, Stopping threads took: 0.0001715 seconds
2024-10-07T05:39:47.048+0300: 97.297: Application time: 0.5520751 seconds
2024-10-07T05:39:47.048+0300: 97.297: [GC (Allocation Failure) 2024-10-07T05:39:47.048+0300: 97.297: [ParNew: 411722K->4298K(460096K), 0.0021974 secs] 416812K->9389K(2046080K), 0.0022709 secs] [Times: user=0.00 sys=0.00, real=0.00 secs] 
2024-10-07T05:39:47.048+0300: 97.300: Total time for which application threads were stopped: 0.0025216 seconds, Stopping threads took: 0.0001503 seconds
2024-10-07T05:39:47.611+0300: 97.862: Application time: 0.5620665 seconds
2024-10-07T05:39:47.611+0300: 97.862: [GC (Allocation Failure) 2024-10-07T05:39:47.611+0300: 97.862: [ParNew: 412362K->4298K(460096K), 0.0022384 secs] 417452K->9390K(2046080K), 0.0023425 secs] [Times: user=0.00 sys=0.00, real=0.00 secs] 
2024-10-07T05:39:47.611+0300: 97.864: Total time for which application threads were stopped: 0.0027357 seconds, Stopping threads took: 0.0002199 seconds
2024-10-07T05:39:48.177+0300: 98.423: Application time: 0.5587400 seconds
2024-10-07T05:39:48.177+0300: 98.423: [GC (Allocation Failure) 2024-10-07T05:39:48.177+0300: 98.424: [ParNew: 413265K->3294K(460096K), 0.0020963 secs] 418356K->8386K(2046080K), 0.0021673 secs] [Times: user=0.00 sys=0.00, real=0.00 secs] 
2024-10-07T05:39:48.177+0300: 98.426: Total time for which application threads were stopped: 0.0024388 seconds, Stopping threads took: 0.0001756 seconds
2024-10-07T05:39:48.742+0300: 98.990: Application time: 0.5640693 seconds
2024-10-07T05:39:48.742+0300: 98.990: [GC (Allocation Failure) 2024-10-07T05:39:48.742+0300: 98.990: [ParNew: 412318K->4298K(460096K), 0.0022886 secs] 417410K->9391K(2046080K), 0.0023831 secs] [Times: user=0.02 sys=0.00, real=0.01 secs] 
2024-10-07T05:39:48.751+0300: 98.992: Total time for which application threads were stopped: 0.0026804 seconds, Stopping threads took: 0.0001603 seconds
2024-10-07T05:39:49.306+0300: 99.553: Application time: 0.5603068 seconds
2024-10-07T05:39:49.306+0300: 99.553: [GC (Allocation Failure) 2024-10-07T05:39:49.306+0300: 99.553: [ParNew: 413226K->5303K(460096K), 0.0030165 secs] 418318K->10396K(2046080K), 0.0030962 secs] [Times: user=0.00 sys=0.00, real=0.00 secs] 
2024-10-07T05:39:49.306+0300: 99.556: Total time for which application threads were stopped: 0.0033464 seconds, Stopping threads took: 0.0001392 seconds
2024-10-07T05:39:49.871+0300: 100.115: Application time: 0.5585763 seconds
2024-10-07T05:39:49.871+0300: 100.115: [GC (Allocation Failure) 2024-10-07T05:39:49.871+0300: 100.115: [ParNew: 413820K->5304K(460096K), 0.0024655 secs] 418913K->10398K(2046080K), 0.0025522 secs] [Times: user=0.00 sys=0.00, real=0.00 secs] 
2024-10-07T05:39:49.871+0300: 100.118: Total time for which application threads were stopped: 0.0028791 seconds, Stopping threads took: 0.0001963 seconds
2024-10-07T05:39:50.437+0300: 100.679: Application time: 0.5615355 seconds
2024-10-07T05:39:50.437+0300: 100.679: [GC (Allocation Failure) 2024-10-07T05:39:50.437+0300: 100.679: [ParNew: 413866K->3265K(460096K), 0.0020643 secs] 418960K->8359K(2046080K), 0.0021606 secs] [Times: user=0.00 sys=0.00, real=0.00 secs] 
2024-10-07T05:39:50.437+0300: 100.682: Total time for which application threads were stopped: 0.0024868 seconds, Stopping threads took: 0.0002011 seconds
2024-10-07T05:39:50.986+0300: 101.241: Application time: 0.5591596 seconds
2024-10-07T05:39:50.986+0300: 101.241: [GC (Allocation Failure) 2024-10-07T05:39:50.986+0300: 101.241: [ParNew: 412065K->5311K(460096K), 0.0026965 secs] 417160K->10406K(2046080K), 0.0028187 secs] [Times: user=0.02 sys=0.00, real=0.02 secs] 
2024-10-07T05:39:51.002+0300: 101.244: Total time for which application threads were stopped: 0.0031189 seconds, Stopping threads took: 0.0001676 seconds
2024-10-07T05:39:51.567+0300: 101.822: Application time: 0.5782370 seconds
2024-10-07T05:39:51.567+0300: 101.822: [GC (Allocation Failure) 2024-10-07T05:39:51.567+0300: 101.822: [ParNew: 414011K->5306K(460096K), 0.0027233 secs] 419106K->10402K(2046080K), 0.0028169 secs] [Times: user=0.02 sys=0.00, real=0.02 secs] 
2024-10-07T05:39:51.583+0300: 101.825: Total time for which application threads were stopped: 0.0030745 seconds, Stopping threads took: 0.0001517 seconds
2024-10-07T05:39:52.132+0300: 102.386: Application time: 0.5612676 seconds
2024-10-07T05:39:52.132+0300: 102.387: [GC (Allocation Failure) 2024-10-07T05:39:52.132+0300: 102.387: [ParNew: 413995K->4286K(460096K), 0.0024305 secs] 419091K->9382K(2046080K), 0.0025064 secs] [Times: user=0.01 sys=0.00, real=0.02 secs] 
2024-10-07T05:39:52.148+0300: 102.389: Total time for which application threads were stopped: 0.0028017 seconds, Stopping threads took: 0.0001812 seconds
2024-10-07T05:39:52.713+0300: 102.965: Application time: 0.5753137 seconds
2024-10-07T05:39:52.713+0300: 102.965: [GC (Allocation Failure) 2024-10-07T05:39:52.713+0300: 102.965: [ParNew: 412732K->5306K(460096K), 0.0023413 secs] 417828K->10403K(2046080K), 0.0024352 secs] [Times: user=0.00 sys=0.00, real=0.00 secs] 
2024-10-07T05:39:52.713+0300: 102.967: Total time for which application threads were stopped: 0.0028310 seconds, Stopping threads took: 0.0002871 seconds
2024-10-07T05:39:53.277+0300: 103.533: Application time: 0.5654384 seconds
2024-10-07T05:39:53.277+0300: 103.533: [GC (Allocation Failure) 2024-10-07T05:39:53.277+0300: 103.533: [ParNew: 413797K->5308K(460096K), 0.0030552 secs] 418894K->10406K(2046080K), 0.0031286 secs] [Times: user=0.02 sys=0.00, real=0.02 secs] 
2024-10-07T05:39:53.293+0300: 103.536: Total time for which application threads were stopped: 0.0033784 seconds, Stopping threads took: 0.0001375 seconds
2024-10-07T05:39:53.853+0300: 104.097: Application time: 0.5610902 seconds
2024-10-07T05:39:53.853+0300: 104.097: [GC (Allocation Failure) 2024-10-07T05:39:53.853+0300: 104.098: [ParNew: 414332K->5306K(460096K), 0.0024303 secs] 419430K->10404K(2046080K), 0.0025355 secs] [Times: user=0.00 sys=0.00, real=0.01 secs] 
2024-10-07T05:39:53.858+0300: 104.100: Total time for which application threads were stopped: 0.0027828 seconds, Stopping threads took: 0.0001300 seconds
2024-10-07T05:39:54.423+0300: 104.668: Application time: 0.5675673 seconds
2024-10-07T05:39:54.423+0300: 104.668: [GC (Allocation Failure) 2024-10-07T05:39:54.423+0300: 104.668: [ParNew: 414330K->4302K(460096K), 0.0022537 secs] 419428K->9401K(2046080K), 0.0023272 secs] [Times: user=0.00 sys=0.00, real=0.00 secs] 
2024-10-07T05:39:54.423+0300: 104.670: Total time for which application threads were stopped: 0.0025702 seconds, Stopping threads took: 0.0001368 seconds
2024-10-07T05:39:54.972+0300: 105.226: Application time: 0.5555151 seconds
2024-10-07T05:39:54.972+0300: 105.226: [GC (Allocation Failure) 2024-10-07T05:39:54.972+0300: 105.226: [ParNew: 412440K->5307K(460096K), 0.0031443 secs] 417539K->10406K(2046080K), 0.0032179 secs] [Times: user=0.02 sys=0.00, real=0.02 secs] 
2024-10-07T05:39:54.988+0300: 105.229: Total time for which application threads were stopped: 0.0035184 seconds, Stopping threads took: 0.0001884 seconds
2024-10-07T05:39:55.553+0300: 105.796: Application time: 0.5664880 seconds
2024-10-07T05:39:55.553+0300: 105.796: [GC (Allocation Failure) 2024-10-07T05:39:55.553+0300: 105.796: [ParNew: 414117K->4302K(460096K), 0.0022633 secs] 419216K->9402K(2046080K), 0.0023409 secs] [Times: user=0.03 sys=0.00, real=0.00 secs] 
2024-10-07T05:39:55.553+0300: 105.798: Total time for which application threads were stopped: 0.0025910 seconds, Stopping threads took: 0.0001320 seconds
2024-10-07T05:39:56.103+0300: 106.354: Application time: 0.5559532 seconds
2024-10-07T05:39:56.103+0300: 106.355: [GC (Allocation Failure) 2024-10-07T05:39:56.103+0300: 106.355: [ParNew: 413032K->4283K(460096K), 0.0023691 secs] 418132K->9383K(2046080K), 0.0024543 secs] [Times: user=0.02 sys=0.00, real=0.00 secs] 
2024-10-07T05:39:56.103+0300: 106.357: Total time for which application threads were stopped: 0.0028149 seconds, Stopping threads took: 0.0002423 seconds
2024-10-07T05:39:56.667+0300: 106.922: Application time: 0.5652494 seconds
2024-10-07T05:39:56.667+0300: 106.923: [GC (Allocation Failure) 2024-10-07T05:39:56.667+0300: 106.923: [ParNew: 412627K->4284K(460096K), 0.0024480 secs] 417728K->9385K(2046080K), 0.0025351 secs] [Times: user=0.05 sys=0.00, real=0.02 secs] 
2024-10-07T05:39:56.683+0300: 106.925: Total time for which application threads were stopped: 0.0030661 seconds, Stopping threads took: 0.0004106 seconds
2024-10-07T05:39:57.232+0300: 107.486: Application time: 0.5603303 seconds
2024-10-07T05:39:57.232+0300: 107.486: [GC (Allocation Failure) 2024-10-07T05:39:57.232+0300: 107.486: [ParNew: 413308K->5308K(460096K), 0.0025082 secs] 418409K->10410K(2046080K), 0.0026048 secs] [Times: user=0.00 sys=0.00, real=0.00 secs] 
2024-10-07T05:39:57.232+0300: 107.489: Total time for which application threads were stopped: 0.0029090 seconds, Stopping threads took: 0.0001753 seconds
2024-10-07T05:39:57.813+0300: 108.063: Application time: 0.5743692 seconds
2024-10-07T05:39:57.813+0300: 108.064: [GC (Allocation Failure) 2024-10-07T05:39:57.813+0300: 108.064: [ParNew: 414332K->5308K(460096K), 0.0023901 secs] 419434K->10411K(2046080K), 0.0024741 secs] [Times: user=0.00 sys=0.00, real=0.00 secs] 
2024-10-07T05:39:57.813+0300: 108.066: Total time for which application threads were stopped: 0.0030674 seconds, Stopping threads took: 0.0004785 seconds
2024-10-07T05:39:58.378+0300: 108.630: Application time: 0.5642388 seconds
2024-10-07T05:39:58.378+0300: 108.631: [GC (Allocation Failure) 2024-10-07T05:39:58.378+0300: 108.631: [ParNew: 413627K->5302K(460096K), 0.0023689 secs] 418730K->10405K(2046080K), 0.0024435 secs] [Times: user=0.00 sys=0.00, real=0.00 secs] 
2024-10-07T05:39:58.378+0300: 108.633: Total time for which application threads were stopped: 0.0027573 seconds, Stopping threads took: 0.0002072 seconds
2024-10-07T05:39:58.943+0300: 109.196: Application time: 0.5630538 seconds
2024-10-07T05:39:58.943+0300: 109.196: [GC (Allocation Failure) 2024-10-07T05:39:58.943+0300: 109.197: [ParNew: 413877K->4298K(460096K), 0.0022285 secs] 418980K->9402K(2046080K), 0.0023110 secs] [Times: user=0.00 sys=0.00, real=0.00 secs] 
2024-10-07T05:39:58.943+0300: 109.199: Total time for which application threads were stopped: 0.0026424 seconds, Stopping threads took: 0.0001734 seconds
2024-10-07T05:39:59.524+0300: 109.769: Application time: 0.5703170 seconds
2024-10-07T05:39:59.524+0300: 109.769: [GC (Allocation Failure) 2024-10-07T05:39:59.524+0300: 109.769: [ParNew: 412996K->3288K(460096K), 0.0020626 secs] 418099K->8392K(2046080K), 0.0021457 secs] [Times: user=0.00 sys=0.00, real=0.00 secs] 
2024-10-07T05:39:59.524+0300: 109.772: Total time for which application threads were stopped: 0.0024096 seconds, Stopping threads took: 0.0001572 seconds
2024-10-07T05:40:00.074+0300: 110.328: Application time: 0.5567949 seconds
2024-10-07T05:40:00.074+0300: 110.329: [GC (Allocation Failure) 2024-10-07T05:40:00.074+0300: 110.329: [ParNew: 411731K->4300K(460096K), 0.0028560 secs] 416835K->9405K(2046080K), 0.0029949 secs] [Times: user=0.01 sys=0.00, real=0.02 secs] 
2024-10-07T05:40:00.089+0300: 110.332: Total time for which application threads were stopped: 0.0033919 seconds, Stopping threads took: 0.0002206 seconds
2024-10-07T05:40:00.639+0300: 110.895: Application time: 0.5635943 seconds
2024-10-07T05:40:00.654+0300: 110.896: [GC (Allocation Failure) 2024-10-07T05:40:00.654+0300: 110.896: [ParNew: 412863K->4300K(460096K), 0.0022659 secs] 417968K->9406K(2046080K), 0.0023919 secs] [Times: user=0.02 sys=0.00, real=0.00 secs] 
2024-10-07T05:40:00.654+0300: 110.898: Total time for which application threads were stopped: 0.0027642 seconds, Stopping threads took: 0.0001806 seconds
2024-10-07T05:40:01.204+0300: 111.460: Application time: 0.5622701 seconds
2024-10-07T05:40:01.219+0300: 111.461: [GC (Allocation Failure) 2024-10-07T05:40:01.219+0300: 111.461: [ParNew: 413230K->3278K(460096K), 0.0021124 secs] 418336K->8384K(2046080K), 0.0022124 secs] [Times: user=0.00 sys=0.00, real=0.00 secs] 
2024-10-07T05:40:01.219+0300: 111.463: Total time for which application threads were stopped: 0.0024906 seconds, Stopping threads took: 0.0001573 seconds
2024-10-07T05:40:01.784+0300: 112.027: Application time: 0.5636706 seconds
2024-10-07T05:40:01.784+0300: 112.027: [GC (Allocation Failure) 2024-10-07T05:40:01.784+0300: 112.027: [ParNew: 411993K->3294K(460096K), 0.0021150 secs] 417099K->8401K(2046080K), 0.0022026 secs] [Times: user=0.02 sys=0.00, real=0.00 secs] 
2024-10-07T05:40:01.784+0300: 112.029: Total time for which application threads were stopped: 0.0025007 seconds, Stopping threads took: 0.0001944 seconds
2024-10-07T05:40:02.349+0300: 112.591: Application time: 0.5618052 seconds
2024-10-07T05:40:02.349+0300: 112.591: [GC (Allocation Failure) 2024-10-07T05:40:02.349+0300: 112.591: [ParNew: 412036K->3262K(460096K), 0.0026970 secs] 417143K->8370K(2046080K), 0.0027775 secs] [Times: user=0.00 sys=0.00, real=0.00 secs] 
2024-10-07T05:40:02.349+0300: 112.594: Total time for which application threads were stopped: 0.0030915 seconds, Stopping threads took: 0.0002105 seconds
2024-10-07T05:40:02.899+0300: 113.152: Application time: 0.5584384 seconds
2024-10-07T05:40:02.899+0300: 113.153: [GC (Allocation Failure) 2024-10-07T05:40:02.899+0300: 113.153: [ParNew: 412218K->5303K(460096K), 0.0024870 secs] 417326K->10411K(2046080K), 0.0025820 secs] [Times: user=0.00 sys=0.00, real=0.00 secs] 
2024-10-07T05:40:02.899+0300: 113.155: Total time for which application threads were stopped: 0.0029137 seconds, Stopping threads took: 0.0001915 seconds
2024-10-07T05:40:03.464+0300: 113.715: Application time: 0.5595684 seconds
2024-10-07T05:40:03.464+0300: 113.715: [GC (Allocation Failure) 2024-10-07T05:40:03.464+0300: 113.715: [ParNew: 413376K->5306K(460096K), 0.0022698 secs] 418484K->10415K(2046080K), 0.0023705 secs] [Times: user=0.00 sys=0.00, real=0.00 secs] 
2024-10-07T05:40:03.464+0300: 113.718: Total time for which application threads were stopped: 0.0027913 seconds, Stopping threads took: 0.0003001 seconds
2024-10-07T05:40:04.029+0300: 114.279: Application time: 0.5611266 seconds
2024-10-07T05:40:04.029+0300: 114.279: [GC (Allocation Failure) 2024-10-07T05:40:04.029+0300: 114.279: [ParNew: 413801K->5304K(460096K), 0.0024388 secs] 418910K->10413K(2046080K), 0.0025433 secs] [Times: user=0.00 sys=0.00, real=0.00 secs] 
2024-10-07T05:40:04.029+0300: 114.282: Total time for which application threads were stopped: 0.0029239 seconds, Stopping threads took: 0.0002475 seconds
2024-10-07T05:40:04.594+0300: 114.845: Application time: 0.5629178 seconds
2024-10-07T05:40:04.594+0300: 114.845: [GC (Allocation Failure) 2024-10-07T05:40:04.594+0300: 114.845: [ParNew: 414328K->5306K(460096K), 0.0024513 secs] 419437K->10416K(2046080K), 0.0025320 secs] [Times: user=0.00 sys=0.00, real=0.00 secs] 
2024-10-07T05:40:04.594+0300: 114.847: Total time for which application threads were stopped: 0.0028379 seconds, Stopping threads took: 0.0002014 seconds
2024-10-07T05:40:05.159+0300: 115.406: Application time: 0.5582719 seconds
2024-10-07T05:40:05.159+0300: 115.406: [GC (Allocation Failure) 2024-10-07T05:40:05.159+0300: 115.406: [ParNew: 413839K->5308K(460096K), 0.0024411 secs] 418949K->10419K(2046080K), 0.0025386 secs] [Times: user=0.00 sys=0.00, real=0.00 secs] 
2024-10-07T05:40:05.159+0300: 115.409: Total time for which application threads were stopped: 0.0028572 seconds, Stopping threads took: 0.0001667 seconds
2024-10-07T05:40:05.728+0300: 115.969: Application time: 0.5604047 seconds
2024-10-07T05:40:05.728+0300: 115.969: [GC (Allocation Failure) 2024-10-07T05:40:05.728+0300: 115.969: [ParNew: 413397K->4296K(460096K), 0.0021771 secs] 418507K->9407K(2046080K), 0.0022590 secs] [Times: user=0.00 sys=0.00, real=0.00 secs] 
2024-10-07T05:40:05.728+0300: 115.972: Total time for which application threads were stopped: 0.0025500 seconds, Stopping threads took: 0.0001832 seconds
2024-10-07T05:40:06.287+0300: 116.531: Application time: 0.5590802 seconds
2024-10-07T05:40:06.290+0300: 116.531: [GC (Allocation Failure) 2024-10-07T05:40:06.290+0300: 116.531: [ParNew: 413320K->4298K(460096K), 0.0029980 secs] 418431K->9410K(2046080K), 0.0030941 secs] [Times: user=0.00 sys=0.00, real=0.00 secs] 
2024-10-07T05:40:06.290+0300: 116.534: Total time for which application threads were stopped: 0.0036466 seconds, Stopping threads took: 0.0004232 seconds
2024-10-07T05:40:06.839+0300: 117.095: Application time: 0.5608237 seconds
2024-10-07T05:40:06.839+0300: 117.095: [GC (Allocation Failure) 2024-10-07T05:40:06.839+0300: 117.095: [ParNew: 412628K->3286K(460096K), 0.0022810 secs] 417740K->8399K(2046080K), 0.0023541 secs] [Times: user=0.03 sys=0.00, real=0.02 secs] 
2024-10-07T05:40:06.855+0300: 117.098: Total time for which application threads were stopped: 0.0026725 seconds, Stopping threads took: 0.0002227 seconds
2024-10-07T05:40:07.404+0300: 117.661: Application time: 0.5628310 seconds
2024-10-07T05:40:07.420+0300: 117.661: [GC (Allocation Failure) 2024-10-07T05:40:07.420+0300: 117.661: [ParNew: 412148K->4284K(460096K), 0.0022708 secs] 417261K->9397K(2046080K), 0.0023740 secs] [Times: user=0.00 sys=0.00, real=0.00 secs] 
2024-10-07T05:40:07.420+0300: 117.663: Total time for which application threads were stopped: 0.0027239 seconds, Stopping threads took: 0.0002101 seconds
2024-10-07T05:40:07.969+0300: 118.219: Application time: 0.5552907 seconds
2024-10-07T05:40:07.969+0300: 118.219: [GC (Allocation Failure) 2024-10-07T05:40:07.969+0300: 118.219: [ParNew: 412292K->5307K(460096K), 0.0024218 secs] 417405K->10421K(2046080K), 0.0024947 secs] [Times: user=0.00 sys=0.00, real=0.00 secs] 
2024-10-07T05:40:07.969+0300: 118.221: Total time for which application threads were stopped: 0.0027780 seconds, Stopping threads took: 0.0001856 seconds
2024-10-07T05:40:08.535+0300: 118.784: Application time: 0.5630201 seconds
2024-10-07T05:40:08.535+0300: 118.785: [GC (Allocation Failure) 2024-10-07T05:40:08.535+0300: 118.785: [ParNew: 413664K->5304K(460096K), 0.0023800 secs] 418778K->10418K(2046080K), 0.0024675 secs] [Times: user=0.02 sys=0.00, real=0.00 secs] 
2024-10-07T05:40:08.535+0300: 118.787: Total time for which application threads were stopped: 0.0029328 seconds, Stopping threads took: 0.0003289 seconds
2024-10-07T05:40:09.100+0300: 119.348: Application time: 0.5609406 seconds
2024-10-07T05:40:09.100+0300: 119.349: [GC (Allocation Failure) 2024-10-07T05:40:09.100+0300: 119.349: [ParNew: 414328K->4284K(460096K), 0.0024211 secs] 419442K->9399K(2046080K), 0.0024926 secs] [Times: user=0.00 sys=0.00, real=0.00 secs] 
2024-10-07T05:40:09.100+0300: 119.351: Total time for which application threads were stopped: 0.0027773 seconds, Stopping threads took: 0.0001888 seconds
2024-10-07T05:40:09.664+0300: 119.915: Application time: 0.5636070 seconds
2024-10-07T05:40:09.664+0300: 119.915: [GC (Allocation Failure) 2024-10-07T05:40:09.664+0300: 119.915: [ParNew: 413308K->5308K(460096K), 0.0024055 secs] 418423K->10424K(2046080K), 0.0024729 secs] [Times: user=0.00 sys=0.00, real=0.00 secs] 
2024-10-07T05:40:09.664+0300: 119.918: Total time for which application threads were stopped: 0.0027648 seconds, Stopping threads took: 0.0001958 seconds
2024-10-07T05:40:10.229+0300: 120.476: Application time: 0.5582246 seconds
2024-10-07T05:40:10.229+0300: 120.476: [GC (Allocation Failure) 2024-10-07T05:40:10.229+0300: 120.476: [ParNew: 413665K->3260K(460096K), 0.0019438 secs] 418780K->8377K(2046080K), 0.0020302 secs] [Times: user=0.00 sys=0.00, real=0.00 secs] 
2024-10-07T05:40:10.229+0300: 120.478: Total time for which application threads were stopped: 0.0022358 seconds, Stopping threads took: 0.0001024 seconds
2024-10-07T05:40:10.796+0300: 121.041: Application time: 0.5632595 seconds
2024-10-07T05:40:10.796+0300: 121.041: [GC (Allocation Failure) 2024-10-07T05:40:10.796+0300: 121.041: [ParNew: 412169K->4302K(460096K), 0.0021837 secs] 417285K->9418K(2046080K), 0.0022719 secs] [Times: user=0.00 sys=0.00, real=0.00 secs] 
2024-10-07T05:40:10.796+0300: 121.044: Total time for which application threads were stopped: 0.0025234 seconds, Stopping threads took: 0.0001392 seconds
2024-10-07T05:40:11.359+0300: 121.607: Application time: 0.5633060 seconds
2024-10-07T05:40:11.359+0300: 121.607: [GC (Allocation Failure) 2024-10-07T05:40:11.359+0300: 121.607: [ParNew: 413032K->5306K(460096K), 0.0024209 secs] 418149K->10424K(2046080K), 0.0025175 secs] [Times: user=0.00 sys=0.00, real=0.00 secs] 
2024-10-07T05:40:11.359+0300: 121.610: Total time for which application threads were stopped: 0.0028175 seconds, Stopping threads took: 0.0001788 seconds
2024-10-07T05:40:11.925+0300: 122.167: Application time: 0.5574782 seconds
2024-10-07T05:40:11.925+0300: 122.168: [GC (Allocation Failure) 2024-10-07T05:40:11.925+0300: 122.168: [ParNew: 414330K->3276K(460096K), 0.0021879 secs] 419448K->8394K(2046080K), 0.0022735 secs] [Times: user=0.00 sys=0.00, real=0.00 secs] 
2024-10-07T05:40:11.925+0300: 122.170: Total time for which application threads were stopped: 0.0025570 seconds, Stopping threads took: 0.0001546 seconds
2024-10-07T05:40:12.474+0300: 122.729: Application time: 0.5589089 seconds
2024-10-07T05:40:12.474+0300: 122.729: [GC (Allocation Failure) 2024-10-07T05:40:12.474+0300: 122.729: [ParNew: 411934K->4280K(460096K), 0.0030384 secs] 417053K->9399K(2046080K), 0.0031066 secs] [Times: user=0.01 sys=0.00, real=0.02 secs] 
2024-10-07T05:40:12.489+0300: 122.732: Total time for which application threads were stopped: 0.0034143 seconds, Stopping threads took: 0.0002093 seconds
2024-10-07T05:40:13.039+0300: 123.292: Application time: 0.5595940 seconds
2024-10-07T05:40:13.039+0300: 123.292: [GC (Allocation Failure) 2024-10-07T05:40:13.039+0300: 123.292: [ParNew: 412531K->5306K(460096K), 0.0023798 secs] 417650K->10426K(2046080K), 0.0024856 secs] [Times: user=0.00 sys=0.00, real=0.00 secs] 
2024-10-07T05:40:13.039+0300: 123.295: Total time for which application threads were stopped: 0.0027304 seconds, Stopping threads took: 0.0001501 seconds
2024-10-07T05:40:13.604+0300: 123.858: Application time: 0.5631888 seconds
2024-10-07T05:40:13.604+0300: 123.858: [GC (Allocation Failure) 2024-10-07T05:40:13.604+0300: 123.858: [ParNew: 414255K->5306K(460096K), 0.0024339 secs] 419374K->10426K(2046080K), 0.0025117 secs] [Times: user=0.00 sys=0.00, real=0.00 secs] 
2024-10-07T05:40:13.604+0300: 123.861: Total time for which application threads were stopped: 0.0029292 seconds, Stopping threads took: 0.0002872 seconds
2024-10-07T05:40:14.169+0300: 124.420: Application time: 0.5593580 seconds
2024-10-07T05:40:14.169+0300: 124.420: [GC (Allocation Failure) 2024-10-07T05:40:14.169+0300: 124.420: [ParNew: 413804K->4287K(460096K), 0.0022297 secs] 418924K->9408K(2046080K), 0.0023111 secs] [Times: user=0.00 sys=0.00, real=0.00 secs] 
2024-10-07T05:40:14.169+0300: 124.423: Total time for which application threads were stopped: 0.0025920 seconds, Stopping threads took: 0.0001770 seconds
2024-10-07T05:40:14.734+0300: 124.987: Application time: 0.5642941 seconds
2024-10-07T05:40:14.734+0300: 124.987: [GC (Allocation Failure) 2024-10-07T05:40:14.734+0300: 124.987: [ParNew: 413311K->4288K(460096K), 0.0022818 secs] 418432K->9409K(2046080K), 0.0023605 secs] [Times: user=0.02 sys=0.00, real=0.00 secs] 
2024-10-07T05:40:14.734+0300: 124.990: Total time for which application threads were stopped: 0.0026437 seconds, Stopping threads took: 0.0001724 seconds
2024-10-07T05:40:15.305+0300: 125.551: Application time: 0.5614912 seconds
2024-10-07T05:40:15.305+0300: 125.551: [GC (Allocation Failure) 2024-10-07T05:40:15.305+0300: 125.551: [ParNew: 413140K->5306K(460096K), 0.0028474 secs] 418262K->10428K(2046080K), 0.0029284 secs] [Times: user=0.00 sys=0.00, real=0.00 secs] 
2024-10-07T05:40:15.305+0300: 125.554: Total time for which application threads were stopped: 0.0031779 seconds, Stopping threads took: 0.0001435 seconds
2024-10-07T05:40:15.864+0300: 126.113: Application time: 0.5583484 seconds
2024-10-07T05:40:15.864+0300: 126.113: [GC (Allocation Failure) 2024-10-07T05:40:15.864+0300: 126.113: [ParNew: 413348K->4287K(460096K), 0.0023384 secs] 418470K->9410K(2046080K), 0.0024359 secs] [Times: user=0.00 sys=0.00, real=0.00 secs] 
2024-10-07T05:40:15.864+0300: 126.115: Total time for which application threads were stopped: 0.0027198 seconds, Stopping threads took: 0.0001661 seconds
2024-10-07T05:40:16.430+0300: 126.681: Application time: 0.5654929 seconds
2024-10-07T05:40:16.430+0300: 126.681: [GC (Allocation Failure) 2024-10-07T05:40:16.430+0300: 126.681: [ParNew: 413017K->5308K(460096K), 0.0023668 secs] 418140K->10431K(2046080K), 0.0024531 secs] [Times: user=0.00 sys=0.00, real=0.00 secs] 
2024-10-07T05:40:16.430+0300: 126.684: Total time for which application threads were stopped: 0.0028865 seconds, Stopping threads took: 0.0002886 seconds
2024-10-07T05:40:16.995+0300: 127.243: Application time: 0.5591911 seconds
2024-10-07T05:40:16.995+0300: 127.243: [GC (Allocation Failure) 2024-10-07T05:40:16.995+0300: 127.243: [ParNew: 414265K->4287K(460096K), 0.0021882 secs] 419388K->9411K(2046080K), 0.0022743 secs] [Times: user=0.00 sys=0.00, real=0.00 secs] 
2024-10-07T05:40:16.995+0300: 127.245: Total time for which application threads were stopped: 0.0025151 seconds, Stopping threads took: 0.0001269 seconds
2024-10-07T05:40:17.560+0300: 127.810: Application time: 0.5641903 seconds
2024-10-07T05:40:17.560+0300: 127.810: [GC (Allocation Failure) 2024-10-07T05:40:17.560+0300: 127.810: [ParNew: 413311K->3277K(460096K), 0.0020979 secs] 418435K->8402K(2046080K), 0.0021937 secs] [Times: user=0.00 sys=0.00, real=0.00 secs] 
2024-10-07T05:40:17.560+0300: 127.812: Total time for which application threads were stopped: 0.0025932 seconds, Stopping threads took: 0.0002610 seconds
2024-10-07T05:40:18.125+0300: 128.370: Application time: 0.5581456 seconds
2024-10-07T05:40:18.125+0300: 128.371: [GC (Allocation Failure) 2024-10-07T05:40:18.125+0300: 128.371: [ParNew: 412301K->3279K(460096K), 0.0020991 secs] 417426K->8404K(2046080K), 0.0021744 secs] [Times: user=0.00 sys=0.00, real=0.00 secs] 
2024-10-07T05:40:18.125+0300: 128.373: Total time for which application threads were stopped: 0.0024133 seconds, Stopping threads took: 0.0001478 seconds
2024-10-07T05:40:18.690+0300: 128.932: Application time: 0.5587663 seconds
2024-10-07T05:40:18.690+0300: 128.932: [GC (Allocation Failure) 2024-10-07T05:40:18.690+0300: 128.932: [ParNew: 411780K->4309K(460096K), 0.0022135 secs] 416905K->9435K(2046080K), 0.0022886 secs] [Times: user=0.00 sys=0.00, real=0.00 secs] 
2024-10-07T05:40:18.690+0300: 128.934: Total time for which application threads were stopped: 0.0025808 seconds, Stopping threads took: 0.0001830 seconds
2024-10-07T05:40:19.240+0300: 129.494: Application time: 0.5602663 seconds
2024-10-07T05:40:19.240+0300: 129.495: [GC (Allocation Failure) 2024-10-07T05:40:19.240+0300: 129.495: [ParNew: 412390K->3267K(460096K), 0.0022852 secs] 417516K->8393K(2046080K), 0.0023535 secs] [Times: user=0.01 sys=0.00, real=0.02 secs] 
2024-10-07T05:40:19.255+0300: 129.497: Total time for which application threads were stopped: 0.0026161 seconds, Stopping threads took: 0.0001631 seconds
2024-10-07T05:40:19.813+0300: 130.060: Application time: 0.5632682 seconds
2024-10-07T05:40:19.813+0300: 130.061: [GC (Allocation Failure) 2024-10-07T05:40:19.813+0300: 130.061: [ParNew: 412291K->3263K(460096K), 0.0022734 secs] 417417K->8390K(2046080K), 0.0023592 secs] [Times: user=0.02 sys=0.00, real=0.01 secs] 
2024-10-07T05:40:19.820+0300: 130.063: Total time for which application threads were stopped: 0.0026051 seconds, Stopping threads took: 0.0001046 seconds
2024-10-07T05:40:20.370+0300: 130.623: Application time: 0.5598232 seconds
2024-10-07T05:40:20.370+0300: 130.623: [GC (Allocation Failure) 2024-10-07T05:40:20.370+0300: 130.623: [ParNew: 411937K->3276K(460096K), 0.0021607 secs] 417064K->8404K(2046080K), 0.0022434 secs] [Times: user=0.00 sys=0.00, real=0.00 secs] 
2024-10-07T05:40:20.370+0300: 130.625: Total time for which application threads were stopped: 0.0026274 seconds, Stopping threads took: 0.0002492 seconds
2024-10-07T05:40:20.935+0300: 131.181: Application time: 0.5557100 seconds
2024-10-07T05:40:20.935+0300: 131.181: [GC (Allocation Failure) 2024-10-07T05:40:20.935+0300: 131.181: [ParNew: 412300K->4282K(460096K), 0.0022688 secs] 417428K->9410K(2046080K), 0.0023515 secs] [Times: user=0.00 sys=0.00, real=0.00 secs] 
2024-10-07T05:40:20.935+0300: 131.184: Total time for which application threads were stopped: 0.0026048 seconds, Stopping threads took: 0.0001532 seconds
2024-10-07T05:40:21.500+0300: 131.746: Application time: 0.5625035 seconds
2024-10-07T05:40:21.500+0300: 131.746: [GC (Allocation Failure) 2024-10-07T05:40:21.500+0300: 131.746: [ParNew: 413306K->3278K(460096K), 0.0021249 secs] 418434K->8407K(2046080K), 0.0022037 secs] [Times: user=0.00 sys=0.00, real=0.00 secs] 
2024-10-07T05:40:21.500+0300: 131.749: Total time for which application threads were stopped: 0.0024765 seconds, Stopping threads took: 0.0001597 seconds
2024-10-07T05:40:22.050+0300: 132.302: Application time: 0.5537068 seconds
2024-10-07T05:40:22.050+0300: 132.303: [GC (Allocation Failure) 2024-10-07T05:40:22.050+0300: 132.303: [ParNew: 411350K->5305K(460096K), 0.0024412 secs] 416479K->10435K(2046080K), 0.0025186 secs] [Times: user=0.00 sys=0.00, real=0.00 secs] 
2024-10-07T05:40:22.050+0300: 132.305: Total time for which application threads were stopped: 0.0028147 seconds, Stopping threads took: 0.0001915 seconds
2024-10-07T05:40:22.619+0300: 132.871: Application time: 0.5653296 seconds
2024-10-07T05:40:22.619+0300: 132.871: [GC (Allocation Failure) 2024-10-07T05:40:22.619+0300: 132.871: [ParNew: 414158K->5310K(460096K), 0.0024448 secs] 419288K->10440K(2046080K), 0.0025192 secs] [Times: user=0.00 sys=0.00, real=0.01 secs] 
2024-10-07T05:40:22.631+0300: 132.873: Total time for which application threads were stopped: 0.0027856 seconds, Stopping threads took: 0.0001731 seconds
2024-10-07T05:40:23.180+0300: 133.431: Application time: 0.5578504 seconds
2024-10-07T05:40:23.180+0300: 133.431: [GC (Allocation Failure) 2024-10-07T05:40:23.180+0300: 133.431: [ParNew: 414063K->5306K(460096K), 0.0023958 secs] 419194K->10437K(2046080K), 0.0024734 secs] [Times: user=0.00 sys=0.00, real=0.00 secs] 
2024-10-07T05:40:23.180+0300: 133.434: Total time for which application threads were stopped: 0.0027655 seconds, Stopping threads took: 0.0001792 seconds
2024-10-07T05:40:23.746+0300: 133.999: Application time: 0.5646319 seconds
2024-10-07T05:40:23.746+0300: 133.999: [GC (Allocation Failure) 2024-10-07T05:40:23.746+0300: 133.999: [ParNew: 414330K->5306K(460096K), 0.0023673 secs] 419461K->10437K(2046080K), 0.0024545 secs] [Times: user=0.03 sys=0.00, real=0.00 secs] 
2024-10-07T05:40:23.746+0300: 134.001: Total time for which application threads were stopped: 0.0027996 seconds, Stopping threads took: 0.0002283 seconds
2024-10-07T05:40:24.322+0300: 134.565: Application time: 0.5633596 seconds
2024-10-07T05:40:24.322+0300: 134.565: [GC (Allocation Failure) 2024-10-07T05:40:24.322+0300: 134.565: [ParNew: 413807K->5306K(460096K), 0.0022605 secs] 418938K->10438K(2046080K), 0.0023532 secs] [Times: user=0.06 sys=0.00, real=0.00 secs] 
2024-10-07T05:40:24.322+0300: 134.567: Total time for which application threads were stopped: 0.0026053 seconds, Stopping threads took: 0.0001392 seconds
2024-10-07T05:40:24.876+0300: 135.125: Application time: 0.5579875 seconds
2024-10-07T05:40:24.876+0300: 135.126: [GC (Allocation Failure) 2024-10-07T05:40:24.876+0300: 135.126: [ParNew: 413980K->4300K(460096K), 0.0020894 secs] 419113K->9433K(2046080K), 0.0021678 secs] [Times: user=0.00 sys=0.00, real=0.00 secs] 
2024-10-07T05:40:24.876+0300: 135.128: Total time for which application threads were stopped: 0.0024242 seconds, Stopping threads took: 0.0001534 seconds
2024-10-07T05:40:25.440+0300: 135.696: Application time: 0.5679844 seconds
2024-10-07T05:40:25.440+0300: 135.696: [GC (Allocation Failure) 2024-10-07T05:40:25.440+0300: 135.696: [ParNew: 413310K->4284K(460096K), 0.0028576 secs] 418443K->9417K(2046080K), 0.0029470 secs] [Times: user=0.00 sys=0.00, real=0.02 secs] 
2024-10-07T05:40:25.456+0300: 135.699: Total time for which application threads were stopped: 0.0032911 seconds, Stopping threads took: 0.0002281 seconds
2024-10-07T05:40:26.005+0300: 136.258: Application time: 0.5584788 seconds
2024-10-07T05:40:26.005+0300: 136.258: [GC (Allocation Failure) 2024-10-07T05:40:26.005+0300: 136.258: [ParNew: 413308K->4300K(460096K), 0.0023137 secs] 418441K->9434K(2046080K), 0.0024018 secs] [Times: user=0.00 sys=0.00, real=0.00 secs] 
2024-10-07T05:40:26.005+0300: 136.260: Total time for which application threads were stopped: 0.0026853 seconds, Stopping threads took: 0.0001703 seconds
2024-10-07T05:40:26.585+0300: 136.828: Application time: 0.5674227 seconds
2024-10-07T05:40:26.585+0300: 136.828: [GC (Allocation Failure) 2024-10-07T05:40:26.585+0300: 136.828: [ParNew: 413324K->4281K(460096K), 0.0022090 secs] 418458K->9416K(2046080K), 0.0022837 secs] [Times: user=0.00 sys=0.00, real=0.00 secs] 
2024-10-07T05:40:26.585+0300: 136.830: Total time for which application threads were stopped: 0.0025326 seconds, Stopping threads took: 0.0001513 seconds
2024-10-07T05:40:27.135+0300: 137.384: Application time: 0.5536171 seconds
2024-10-07T05:40:27.135+0300: 137.384: [GC (Allocation Failure) 2024-10-07T05:40:27.135+0300: 137.384: [ParNew: 413305K->4300K(460096K), 0.0022052 secs] 418440K->9435K(2046080K), 0.0022907 secs] [Times: user=0.00 sys=0.00, real=0.00 secs] 
2024-10-07T05:40:27.135+0300: 137.386: Total time for which application threads were stopped: 0.0025560 seconds, Stopping threads took: 0.0001468 seconds
2024-10-07T05:40:27.700+0300: 137.949: Application time: 0.5628759 seconds
2024-10-07T05:40:27.700+0300: 137.949: [GC (Allocation Failure) 2024-10-07T05:40:27.700+0300: 137.949: [ParNew: 413324K->5306K(460096K), 0.0024026 secs] 418459K->10442K(2046080K), 0.0024798 secs] [Times: user=0.00 sys=0.00, real=0.00 secs] 
2024-10-07T05:40:27.700+0300: 137.952: Total time for which application threads were stopped: 0.0027411 seconds, Stopping threads took: 0.0001591 seconds
2024-10-07T05:40:28.265+0300: 138.511: Application time: 0.5593366 seconds
2024-10-07T05:40:28.265+0300: 138.511: [GC (Allocation Failure) 2024-10-07T05:40:28.265+0300: 138.512: [ParNew: 414330K->4282K(460096K), 0.0021803 secs] 419466K->9418K(2046080K), 0.0022500 secs] [Times: user=0.00 sys=0.00, real=0.00 secs] 
2024-10-07T05:40:28.265+0300: 138.514: Total time for which application threads were stopped: 0.0024575 seconds, Stopping threads took: 0.0001157 seconds
2024-10-07T05:40:28.832+0300: 139.074: Application time: 0.5605433 seconds
2024-10-07T05:40:28.832+0300: 139.074: [GC (Allocation Failure) 2024-10-07T05:40:28.832+0300: 139.075: [ParNew: 412756K->3259K(460096K), 0.0021318 secs] 417893K->8396K(2046080K), 0.0021971 secs] [Times: user=0.00 sys=0.00, real=0.00 secs] 
2024-10-07T05:40:28.832+0300: 139.077: Total time for which application threads were stopped: 0.0023963 seconds, Stopping threads took: 0.0001091 seconds
2024-10-07T05:40:29.379+0300: 139.635: Application time: 0.5586376 seconds
2024-10-07T05:40:29.379+0300: 139.636: [GC (Allocation Failure) 2024-10-07T05:40:29.379+0300: 139.636: [ParNew: 411911K->5305K(460096K), 0.0024036 secs] 417048K->10442K(2046080K), 0.0024818 secs] [Times: user=0.02 sys=0.00, real=0.02 secs] 
2024-10-07T05:40:29.395+0300: 139.638: Total time for which application threads were stopped: 0.0028793 seconds, Stopping threads took: 0.0002914 seconds
2024-10-07T05:40:29.945+0300: 140.197: Application time: 0.5592692 seconds
2024-10-07T05:40:29.945+0300: 140.198: [GC (Allocation Failure) 2024-10-07T05:40:29.945+0300: 140.198: [ParNew: 414006K->4285K(460096K), 0.0021475 secs] 419144K->9423K(2046080K), 0.0022304 secs] [Times: user=0.00 sys=0.00, real=0.00 secs] 
2024-10-07T05:40:29.945+0300: 140.200: Total time for which application threads were stopped: 0.0025238 seconds, Stopping threads took: 0.0001800 seconds
2024-10-07T05:40:30.510+0300: 140.760: Application time: 0.5599962 seconds
2024-10-07T05:40:30.510+0300: 140.760: [GC (Allocation Failure) 2024-10-07T05:40:30.510+0300: 140.763: [ParNew: 412555K->4298K(460096K), 0.0026552 secs] 417693K->9437K(2046080K), 0.0050026 secs] [Times: user=0.00 sys=0.00, real=0.00 secs] 
2024-10-07T05:40:30.510+0300: 140.765: Total time for which application threads were stopped: 0.0053004 seconds, Stopping threads took: 0.0001774 seconds
2024-10-07T05:40:31.075+0300: 141.321: Application time: 0.5554423 seconds
2024-10-07T05:40:31.075+0300: 141.321: [GC (Allocation Failure) 2024-10-07T05:40:31.075+0300: 141.321: [ParNew: 412996K->4284K(460096K), 0.0021153 secs] 418135K->9424K(2046080K), 0.0021829 secs] [Times: user=0.00 sys=0.00, real=0.00 secs] 
2024-10-07T05:40:31.075+0300: 141.323: Total time for which application threads were stopped: 0.0024557 seconds, Stopping threads took: 0.0001729 seconds
2024-10-07T05:40:31.640+0300: 141.889: Application time: 0.5654672 seconds
2024-10-07T05:40:31.640+0300: 141.889: [GC (Allocation Failure) 2024-10-07T05:40:31.640+0300: 141.889: [ParNew: 413308K->3279K(460096K), 0.0020694 secs] 418448K->8419K(2046080K), 0.0021472 secs] [Times: user=0.00 sys=0.00, real=0.00 secs] 
2024-10-07T05:40:31.640+0300: 141.891: Total time for which application threads were stopped: 0.0025121 seconds, Stopping threads took: 0.0002548 seconds
2024-10-07T05:40:32.204+0300: 142.449: Application time: 0.5581698 seconds
2024-10-07T05:40:32.204+0300: 142.450: [GC (Allocation Failure) 2024-10-07T05:40:32.204+0300: 142.450: [ParNew: 412303K->4300K(460096K), 0.0022500 secs] 417443K->9441K(2046080K), 0.0023204 secs] [Times: user=0.00 sys=0.00, real=0.00 secs] 
2024-10-07T05:40:32.204+0300: 142.452: Total time for which application threads were stopped: 0.0025946 seconds, Stopping threads took: 0.0001683 seconds
2024-10-07T05:40:32.769+0300: 143.013: Application time: 0.5613230 seconds
2024-10-07T05:40:32.769+0300: 143.014: [GC (Allocation Failure) 2024-10-07T05:40:32.769+0300: 143.014: [ParNew: 412353K->5306K(460096K), 0.0023809 secs] 417494K->10447K(2046080K), 0.0024632 secs] [Times: user=0.00 sys=0.00, real=0.00 secs] 
2024-10-07T05:40:32.769+0300: 143.016: Total time for which application threads were stopped: 0.0027506 seconds, Stopping threads took: 0.0001863 seconds
2024-10-07T05:40:33.334+0300: 143.578: Application time: 0.5617009 seconds
2024-10-07T05:40:33.334+0300: 143.578: [GC (Allocation Failure) 2024-10-07T05:40:33.334+0300: 143.578: [ParNew: 413641K->5306K(460096K), 0.0023613 secs] 418782K->10448K(2046080K), 0.0024704 secs] [Times: user=0.00 sys=0.00, real=0.00 secs] 
2024-10-07T05:40:33.334+0300: 143.580: Total time for which application threads were stopped: 0.0027232 seconds, Stopping threads took: 0.0001112 seconds
2024-10-07T05:40:33.899+0300: 144.140: Application time: 0.5592694 seconds
2024-10-07T05:40:33.899+0300: 144.140: [GC (Allocation Failure) 2024-10-07T05:40:33.899+0300: 144.140: [ParNew: 413485K->4283K(460096K), 0.0022185 secs] 418627K->9425K(2046080K), 0.0023043 secs] [Times: user=0.00 sys=0.00, real=0.00 secs] 
2024-10-07T05:40:33.899+0300: 144.142: Total time for which application threads were stopped: 0.0026709 seconds, Stopping threads took: 0.0002498 seconds
2024-10-07T05:40:34.464+0300: 144.705: Application time: 0.5629325 seconds
2024-10-07T05:40:34.464+0300: 144.706: [GC (Allocation Failure) 2024-10-07T05:40:34.464+0300: 144.706: [ParNew: 412392K->5306K(460096K), 0.0023265 secs] 417534K->10450K(2046080K), 0.0024099 secs] [Times: user=0.00 sys=0.00, real=0.00 secs] 
2024-10-07T05:40:34.464+0300: 144.708: Total time for which application threads were stopped: 0.0026995 seconds, Stopping threads took: 0.0001755 seconds
2024-10-07T05:40:35.013+0300: 145.267: Application time: 0.5589456 seconds
2024-10-07T05:40:35.013+0300: 145.267: [GC (Allocation Failure) 2024-10-07T05:40:35.013+0300: 145.267: [ParNew: 413806K->4282K(460096K), 0.0030884 secs] 418950K->9425K(2046080K), 0.0031707 secs] [Times: user=0.02 sys=0.00, real=0.02 secs] 
2024-10-07T05:40:35.029+0300: 145.271: Total time for which application threads were stopped: 0.0035467 seconds, Stopping threads took: 0.0002661 seconds
2024-10-07T05:40:35.578+0300: 145.835: Application time: 0.5646325 seconds
2024-10-07T05:40:35.594+0300: 145.836: [GC (Allocation Failure) 2024-10-07T05:40:35.594+0300: 145.836: [ParNew: 413146K->5302K(460096K), 0.0023748 secs] 418290K->10447K(2046080K), 0.0024664 secs] [Times: user=0.00 sys=0.00, real=0.00 secs] 
2024-10-07T05:40:35.594+0300: 145.838: Total time for which application threads were stopped: 0.0028533 seconds, Stopping threads took: 0.0002818 seconds
2024-10-07T05:40:36.147+0300: 146.397: Application time: 0.5592684 seconds
2024-10-07T05:40:36.147+0300: 146.398: [GC (Allocation Failure) 2024-10-07T05:40:36.147+0300: 146.398: [ParNew: 413864K->5302K(460096K), 0.0024488 secs] 419009K->10447K(2046080K), 0.0025303 secs] [Times: user=0.00 sys=0.00, real=0.00 secs] 
2024-10-07T05:40:36.147+0300: 146.400: Total time for which application threads were stopped: 0.0028216 seconds, Stopping threads took: 0.0001845 seconds
2024-10-07T05:40:36.724+0300: 146.966: Application time: 0.5659012 seconds
2024-10-07T05:40:36.724+0300: 146.966: [GC (Allocation Failure) 2024-10-07T05:40:36.724+0300: 146.966: [ParNew: 414100K->3292K(460096K), 0.0020744 secs] 419245K->8438K(2046080K), 0.0021512 secs] [Times: user=0.00 sys=0.00, real=0.00 secs] 
2024-10-07T05:40:36.724+0300: 146.969: Total time for which application threads were stopped: 0.0025324 seconds, Stopping threads took: 0.0002773 seconds
2024-10-07T05:40:37.274+0300: 147.527: Application time: 0.5583153 seconds
2024-10-07T05:40:37.274+0300: 147.527: [GC (Allocation Failure) 2024-10-07T05:40:37.274+0300: 147.527: [ParNew: 412316K->4294K(460096K), 0.0022139 secs] 417462K->9441K(2046080K), 0.0022871 secs] [Times: user=0.00 sys=0.00, real=0.00 secs] 
2024-10-07T05:40:37.274+0300: 147.529: Total time for which application threads were stopped: 0.0025649 seconds, Stopping threads took: 0.0001802 seconds
2024-10-07T05:40:37.839+0300: 148.091: Application time: 0.5619968 seconds
2024-10-07T05:40:37.851+0300: 148.092: [GC (Allocation Failure) 2024-10-07T05:40:37.851+0300: 148.092: [ParNew: 412537K->3258K(460096K), 0.0020687 secs] 417684K->8405K(2046080K), 0.0021480 secs] [Times: user=0.00 sys=0.00, real=0.00 secs] 
2024-10-07T05:40:37.851+0300: 148.094: Total time for which application threads were stopped: 0.0024371 seconds, Stopping threads took: 0.0001799 seconds
2024-10-07T05:40:38.404+0300: 148.659: Application time: 0.5653711 seconds
2024-10-07T05:40:38.404+0300: 148.660: [GC (Allocation Failure) 2024-10-07T05:40:38.404+0300: 148.660: [ParNew: 411763K->4284K(460096K), 0.0022766 secs] 416911K->9432K(2046080K), 0.0023524 secs] [Times: user=0.02 sys=0.00, real=0.02 secs] 
2024-10-07T05:40:38.420+0300: 148.662: Total time for which application threads were stopped: 0.0026726 seconds, Stopping threads took: 0.0002134 seconds
2024-10-07T05:40:38.970+0300: 149.219: Application time: 0.5572762 seconds
2024-10-07T05:40:38.970+0300: 149.220: [GC (Allocation Failure) 2024-10-07T05:40:38.970+0300: 149.220: [ParNew: 413308K->5304K(460096K), 0.0028038 secs] 418456K->10453K(2046080K), 0.0028896 secs] [Times: user=0.00 sys=0.00, real=0.00 secs] 
2024-10-07T05:40:38.970+0300: 149.222: Total time for which application threads were stopped: 0.0031935 seconds, Stopping threads took: 0.0002019 seconds
2024-10-07T05:40:39.534+0300: 149.786: Application time: 0.5635893 seconds
2024-10-07T05:40:39.534+0300: 149.786: [GC (Allocation Failure) 2024-10-07T05:40:39.534+0300: 149.786: [ParNew: 414328K->3280K(460096K), 0.0021837 secs] 419477K->8429K(2046080K), 0.0022754 secs] [Times: user=0.02 sys=0.00, real=0.00 secs] 
2024-10-07T05:40:39.534+0300: 149.789: Total time for which application threads were stopped: 0.0025792 seconds, Stopping threads took: 0.0001610 seconds
2024-10-07T05:40:40.100+0300: 150.347: Application time: 0.5584835 seconds
2024-10-07T05:40:40.100+0300: 150.347: [GC (Allocation Failure) 2024-10-07T05:40:40.100+0300: 150.350: [ParNew: 412304K->3263K(460096K), 0.0024065 secs] 417453K->8413K(2046080K), 0.0047773 secs] [Times: user=0.00 sys=0.00, real=0.00 secs] 
2024-10-07T05:40:40.100+0300: 150.352: Total time for which application threads were stopped: 0.0050905 seconds, Stopping threads took: 0.0001927 seconds
2024-10-07T05:40:40.665+0300: 150.913: Application time: 0.5606482 seconds
2024-10-07T05:40:40.665+0300: 150.913: [GC (Allocation Failure) 2024-10-07T05:40:40.665+0300: 150.913: [ParNew: 412287K->5304K(460096K), 0.0023361 secs] 417437K->10455K(2046080K), 0.0024177 secs] [Times: user=0.00 sys=0.00, real=0.00 secs] 
2024-10-07T05:40:40.665+0300: 150.915: Total time for which application threads were stopped: 0.0026526 seconds, Stopping threads took: 0.0001362 seconds
2024-10-07T05:40:41.230+0300: 151.471: Application time: 0.5553877 seconds
2024-10-07T05:40:41.230+0300: 151.471: [GC (Allocation Failure) 2024-10-07T05:40:41.230+0300: 151.471: [ParNew: 413935K->5308K(460096K), 0.0023876 secs] 419085K->10459K(2046080K), 0.0024678 secs] [Times: user=0.00 sys=0.00, real=0.00 secs] 
2024-10-07T05:40:41.230+0300: 151.474: Total time for which application threads were stopped: 0.0027646 seconds, Stopping threads took: 0.0001964 seconds
2024-10-07T05:40:41.795+0300: 152.039: Application time: 0.5649282 seconds
2024-10-07T05:40:41.795+0300: 152.039: [GC (Allocation Failure) 2024-10-07T05:40:41.795+0300: 152.039: [ParNew: 414332K->4286K(460096K), 0.0021616 secs] 419483K->9438K(2046080K), 0.0022524 secs] [Times: user=0.00 sys=0.00, real=0.00 secs] 
2024-10-07T05:40:41.795+0300: 152.041: Total time for which application threads were stopped: 0.0025693 seconds, Stopping threads took: 0.0001828 seconds
2024-10-07T05:40:42.360+0300: 152.603: Application time: 0.5616988 seconds
2024-10-07T05:40:42.360+0300: 152.603: [GC (Allocation Failure) 2024-10-07T05:40:42.360+0300: 152.603: [ParNew: 412318K->4285K(460096K), 0.0022911 secs] 417470K->9437K(2046080K), 0.0023731 secs] [Times: user=0.00 sys=0.00, real=0.00 secs] 
2024-10-07T05:40:42.360+0300: 152.606: Total time for which application threads were stopped: 0.0026621 seconds, Stopping threads took: 0.0001743 seconds
2024-10-07T05:40:42.909+0300: 153.165: Application time: 0.5597799 seconds
2024-10-07T05:40:42.909+0300: 153.166: [GC (Allocation Failure) 2024-10-07T05:40:42.909+0300: 153.166: [ParNew: 413247K->5306K(460096K), 0.0024731 secs] 418399K->10459K(2046080K), 0.0025461 secs] [Times: user=0.01 sys=0.00, real=0.02 secs] 
2024-10-07T05:40:42.925+0300: 153.168: Total time for which application threads were stopped: 0.0028318 seconds, Stopping threads took: 0.0001816 seconds
2024-10-07T05:40:43.490+0300: 153.733: Application time: 0.5649314 seconds
2024-10-07T05:40:43.490+0300: 153.733: [GC (Allocation Failure) 2024-10-07T05:40:43.490+0300: 153.733: [ParNew: 414330K->3262K(460096K), 0.0019832 secs] 419483K->8415K(2046080K), 0.0020560 secs] [Times: user=0.00 sys=0.00, real=0.00 secs] 
2024-10-07T05:40:43.490+0300: 153.735: Total time for which application threads were stopped: 0.0023187 seconds, Stopping threads took: 0.0001682 seconds
2024-10-07T05:40:44.040+0300: 154.293: Application time: 0.5575036 seconds
2024-10-07T05:40:44.040+0300: 154.293: [GC (Allocation Failure) 2024-10-07T05:40:44.040+0300: 154.293: [ParNew: 412286K->3258K(460096K), 0.0020688 secs] 417439K->8412K(2046080K), 0.0021407 secs] [Times: user=0.00 sys=0.00, real=0.00 secs] 
2024-10-07T05:40:44.040+0300: 154.295: Total time for which application threads were stopped: 0.0024418 seconds, Stopping threads took: 0.0002012 seconds
2024-10-07T05:40:44.605+0300: 154.855: Application time: 0.5595930 seconds
2024-10-07T05:40:44.605+0300: 154.855: [GC (Allocation Failure) 2024-10-07T05:40:44.605+0300: 154.855: [ParNew: 411866K->4300K(460096K), 0.0022317 secs] 417020K->9455K(2046080K), 0.0023234 secs] [Times: user=0.00 sys=0.00, real=0.00 secs] 
2024-10-07T05:40:44.605+0300: 154.858: Total time for which application threads were stopped: 0.0026003 seconds, Stopping threads took: 0.0001442 seconds
2024-10-07T05:40:45.170+0300: 155.413: Application time: 0.5551822 seconds
2024-10-07T05:40:45.170+0300: 155.413: [GC (Allocation Failure) 2024-10-07T05:40:45.170+0300: 155.413: [ParNew: 412466K->5306K(460096K), 0.0022440 secs] 417620K->10461K(2046080K), 0.0023763 secs] [Times: user=0.00 sys=0.00, real=0.00 secs] 
2024-10-07T05:40:45.170+0300: 155.415: Total time for which application threads were stopped: 0.0026482 seconds, Stopping threads took: 0.0001717 seconds
2024-10-07T05:40:45.719+0300: 155.976: Application time: 0.5606815 seconds
2024-10-07T05:40:45.735+0300: 155.976: [GC (Allocation Failure) 2024-10-07T05:40:45.735+0300: 155.976: [ParNew: 413309K->5304K(460096K), 0.0023677 secs] 418464K->10460K(2046080K), 0.0024515 secs] [Times: user=0.00 sys=0.00, real=0.00 secs] 
2024-10-07T05:40:45.735+0300: 155.979: Total time for which application threads were stopped: 0.0028291 seconds, Stopping threads took: 0.0002570 seconds
2024-10-07T05:40:46.285+0300: 156.538: Application time: 0.5589195 seconds
2024-10-07T05:40:46.285+0300: 156.538: [GC (Allocation Failure) 2024-10-07T05:40:46.285+0300: 156.538: [ParNew: 413997K->5310K(460096K), 0.0023187 secs] 419153K->10467K(2046080K), 0.0024164 secs] [Times: user=0.00 sys=0.00, real=0.00 secs] 
2024-10-07T05:40:46.285+0300: 156.541: Total time for which application threads were stopped: 0.0027638 seconds, Stopping threads took: 0.0001839 seconds
2024-10-07T05:40:46.850+0300: 157.103: Application time: 0.5625546 seconds
2024-10-07T05:40:46.850+0300: 157.103: [GC (Allocation Failure) 2024-10-07T05:40:46.850+0300: 157.103: [ParNew: 413628K->3258K(460096K), 0.0021560 secs] 418785K->8416K(2046080K), 0.0022334 secs] [Times: user=0.00 sys=0.00, real=0.00 secs] 
2024-10-07T05:40:46.850+0300: 157.106: Total time for which application threads were stopped: 0.0025437 seconds, Stopping threads took: 0.0002017 seconds
2024-10-07T05:40:47.415+0300: 157.667: Application time: 0.5617584 seconds
2024-10-07T05:40:47.415+0300: 157.668: [GC (Allocation Failure) 2024-10-07T05:40:47.415+0300: 157.668: [ParNew: 411736K->4284K(460096K), 0.0022553 secs] 416893K->9441K(2046080K), 0.0023277 secs] [Times: user=0.00 sys=0.00, real=0.00 secs] 
2024-10-07T05:40:47.415+0300: 157.670: Total time for which application threads were stopped: 0.0026043 seconds, Stopping threads took: 0.0001798 seconds
2024-10-07T05:40:47.980+0300: 158.228: Application time: 0.5574740 seconds
2024-10-07T05:40:47.980+0300: 158.228: [GC (Allocation Failure) 2024-10-07T05:40:47.980+0300: 158.228: [ParNew: 412900K->4299K(460096K), 0.0022867 secs] 418058K->9457K(2046080K), 0.0023558 secs] [Times: user=0.00 sys=0.00, real=0.00 secs] 
2024-10-07T05:40:47.980+0300: 158.230: Total time for which application threads were stopped: 0.0026683 seconds, Stopping threads took: 0.0002123 seconds
2024-10-07T05:40:48.545+0300: 158.792: Application time: 0.5622415 seconds
2024-10-07T05:40:48.545+0300: 158.793: [GC (Allocation Failure) 2024-10-07T05:40:48.545+0300: 158.793: [ParNew: 413323K->4284K(460096K), 0.0021360 secs] 418481K->9443K(2046080K), 0.0022046 secs] [Times: user=0.00 sys=0.00, real=0.00 secs] 
2024-10-07T05:40:48.545+0300: 158.795: Total time for which application threads were stopped: 0.0024623 seconds, Stopping threads took: 0.0001637 seconds
2024-10-07T05:40:49.094+0300: 159.350: Application time: 0.5546861 seconds
2024-10-07T05:40:49.094+0300: 159.350: [GC (Allocation Failure) 2024-10-07T05:40:49.094+0300: 159.350: [ParNew: 412665K->4285K(460096K), 0.0024123 secs] 417825K->9444K(2046080K), 0.0024882 secs] [Times: user=0.01 sys=0.00, real=0.02 secs] 
2024-10-07T05:40:49.110+0300: 159.352: Total time for which application threads were stopped: 0.0028155 seconds, Stopping threads took: 0.0002264 seconds
2024-10-07T05:40:49.665+0300: 159.912: Application time: 0.5598684 seconds
2024-10-07T05:40:49.665+0300: 159.913: [GC (Allocation Failure) 2024-10-07T05:40:49.665+0300: 159.913: [ParNew: 412937K->5303K(460096K), 0.0023707 secs] 418097K->10463K(2046080K), 0.0024476 secs] [Times: user=0.00 sys=0.00, real=0.00 secs] 
2024-10-07T05:40:49.665+0300: 159.915: Total time for which application threads were stopped: 0.0027315 seconds, Stopping threads took: 0.0001838 seconds
2024-10-07T05:40:50.224+0300: 160.472: Application time: 0.5570899 seconds
2024-10-07T05:40:50.224+0300: 160.472: [GC (Allocation Failure) 2024-10-07T05:40:50.224+0300: 160.472: [ParNew: 413349K->5306K(460096K), 0.0023848 secs] 418510K->10467K(2046080K), 0.0024704 secs] [Times: user=0.00 sys=0.00, real=0.00 secs] 
2024-10-07T05:40:50.224+0300: 160.475: Total time for which application threads were stopped: 0.0026821 seconds, Stopping threads took: 0.0000911 seconds
2024-10-07T05:40:50.789+0300: 161.034: Application time: 0.5592598 seconds
2024-10-07T05:40:50.789+0300: 161.034: [GC (Allocation Failure) 2024-10-07T05:40:50.789+0300: 161.034: [ParNew: 413352K->5308K(460096K), 0.0023963 secs] 418513K->10470K(2046080K), 0.0024697 secs] [Times: user=0.00 sys=0.00, real=0.00 secs] 
2024-10-07T05:40:50.789+0300: 161.037: Total time for which application threads were stopped: 0.0027319 seconds, Stopping threads took: 0.0001678 seconds
2024-10-07T05:40:51.354+0300: 161.599: Application time: 0.5617929 seconds
2024-10-07T05:40:51.354+0300: 161.599: [GC (Allocation Failure) 2024-10-07T05:40:51.354+0300: 161.599: [ParNew: 413415K->4281K(460096K), 0.0021430 secs] 418576K->9443K(2046080K), 0.0022322 secs] [Times: user=0.00 sys=0.00, real=0.00 secs] 
2024-10-07T05:40:51.354+0300: 161.601: Total time for which application threads were stopped: 0.0026331 seconds, Stopping threads took: 0.0002836 seconds
2024-10-07T05:40:51.904+0300: 162.160: Application time: 0.5587598 seconds
2024-10-07T05:40:51.904+0300: 162.160: [GC (Allocation Failure) 2024-10-07T05:40:51.904+0300: 162.160: [ParNew: 412305K->4296K(460096K), 0.0023003 secs] 417467K->9459K(2046080K), 0.0023724 secs] [Times: user=0.02 sys=0.00, real=0.01 secs] 
2024-10-07T05:40:51.919+0300: 162.163: Total time for which application threads were stopped: 0.0026645 seconds, Stopping threads took: 0.0001924 seconds
2024-10-07T05:40:52.485+0300: 162.729: Application time: 0.5661803 seconds
2024-10-07T05:40:52.485+0300: 162.729: [GC (Allocation Failure) 2024-10-07T05:40:52.485+0300: 162.729: [ParNew: 412915K->4300K(460096K), 0.0021173 secs] 418078K->9463K(2046080K), 0.0021905 secs] [Times: user=0.00 sys=0.00, real=0.00 secs] 
2024-10-07T05:40:52.485+0300: 162.731: Total time for which application threads were stopped: 0.0024281 seconds, Stopping threads took: 0.0001403 seconds
2024-10-07T05:40:53.034+0300: 163.287: Application time: 0.5555116 seconds
2024-10-07T05:40:53.034+0300: 163.287: [GC (Allocation Failure) 2024-10-07T05:40:53.034+0300: 163.287: [ParNew: 413278K->5310K(460096K), 0.0022800 secs] 418442K->10474K(2046080K), 0.0023586 secs] [Times: user=0.00 sys=0.00, real=0.00 secs] 
2024-10-07T05:40:53.034+0300: 163.289: Total time for which application threads were stopped: 0.0026358 seconds, Stopping threads took: 0.0001570 seconds
2024-10-07T05:40:53.599+0300: 163.853: Application time: 0.5637939 seconds
2024-10-07T05:40:53.599+0300: 163.853: [GC (Allocation Failure) 2024-10-07T05:40:53.599+0300: 163.853: [ParNew: 414334K->5306K(460096K), 0.0023368 secs] 419498K->10471K(2046080K), 0.0024069 secs] [Times: user=0.00 sys=0.00, real=0.00 secs] 
2024-10-07T05:40:53.599+0300: 163.856: Total time for which application threads were stopped: 0.0026604 seconds, Stopping threads took: 0.0001594 seconds
2024-10-07T05:40:54.164+0300: 164.414: Application time: 0.5576680 seconds
2024-10-07T05:40:54.164+0300: 164.414: [GC (Allocation Failure) 2024-10-07T05:40:54.164+0300: 164.414: [ParNew: 413991K->4302K(460096K), 0.0021806 secs] 419156K->9467K(2046080K), 0.0022556 secs] [Times: user=0.00 sys=0.00, real=0.00 secs] 
2024-10-07T05:40:54.164+0300: 164.416: Total time for which application threads were stopped: 0.0025439 seconds, Stopping threads took: 0.0001902 seconds
2024-10-07T05:40:54.730+0300: 164.977: Application time: 0.5605253 seconds
2024-10-07T05:40:54.730+0300: 164.977: [GC (Allocation Failure) 2024-10-07T05:40:54.730+0300: 164.977: [ParNew: 412625K->4284K(460096K), 0.0022478 secs] 417790K->9450K(2046080K), 0.0023257 secs] [Times: user=0.00 sys=0.00, real=0.00 secs] 
2024-10-07T05:40:54.730+0300: 164.979: Total time for which application threads were stopped: 0.0025889 seconds, Stopping threads took: 0.0001666 seconds
2024-10-07T05:40:55.287+0300: 165.535: Application time: 0.5559870 seconds
2024-10-07T05:40:55.294+0300: 165.536: [GC (Allocation Failure) 2024-10-07T05:40:55.294+0300: 165.536: [ParNew: 413155K->5303K(460096K), 0.0024224 secs] 418321K->10470K(2046080K), 0.0025627 secs] [Times: user=0.00 sys=0.00, real=0.00 secs] 
2024-10-07T05:40:55.294+0300: 165.538: Total time for which application threads were stopped: 0.0029413 seconds, Stopping threads took: 0.0001955 seconds
2024-10-07T05:40:55.859+0300: 166.102: Application time: 0.5641501 seconds
2024-10-07T05:40:55.859+0300: 166.103: [GC (Allocation Failure) 2024-10-07T05:40:55.859+0300: 166.103: [ParNew: 413884K->4284K(460096K), 0.0022588 secs] 419051K->9451K(2046080K), 0.0023305 secs] [Times: user=0.00 sys=0.00, real=0.00 secs] 
2024-10-07T05:40:55.859+0300: 166.105: Total time for which application threads were stopped: 0.0025905 seconds, Stopping threads took: 0.0001641 seconds
2024-10-07T05:40:56.424+0300: 166.667: Application time: 0.5622568 seconds
2024-10-07T05:40:56.424+0300: 166.667: [GC (Allocation Failure) 2024-10-07T05:40:56.424+0300: 166.667: [ParNew: 412944K->3280K(460096K), 0.0020272 secs] 418111K->8448K(2046080K), 0.0020993 secs] [Times: user=0.00 sys=0.00, real=0.00 secs] 
2024-10-07T05:40:56.424+0300: 166.669: Total time for which application threads were stopped: 0.0023578 seconds, Stopping threads took: 0.0001654 seconds
2024-10-07T05:40:56.974+0300: 167.229: Application time: 0.5600022 seconds
2024-10-07T05:40:56.974+0300: 167.230: [GC (Allocation Failure) 2024-10-07T05:40:56.974+0300: 167.230: [ParNew: 411804K->4285K(460096K), 0.0025125 secs] 416972K->9454K(2046080K), 0.0026106 secs] [Times: user=0.02 sys=0.00, real=0.02 secs] 
2024-10-07T05:40:56.991+0300: 167.232: Total time for which application threads were stopped: 0.0029882 seconds, Stopping threads took: 0.0002536 seconds
2024-10-07T05:40:57.649+0300: 167.895: Application time: 0.6621385 seconds
2024-10-07T05:40:57.649+0300: 167.895: [GC (Allocation Failure) 2024-10-07T05:40:57.649+0300: 167.895: [ParNew: 413273K->4282K(460096K), 0.0026523 secs] 418441K->9451K(2046080K), 0.0027288 secs] [Times: user=0.00 sys=0.00, real=0.00 secs] 
2024-10-07T05:40:57.649+0300: 167.898: Total time for which application threads were stopped: 0.0030320 seconds, Stopping threads took: 0.0002067 seconds
2024-10-07T05:40:58.308+0300: 168.559: Application time: 0.6616243 seconds
2024-10-07T05:40:58.308+0300: 168.560: [GC (Allocation Failure) 2024-10-07T05:40:58.308+0300: 168.560: [ParNew: 413306K->4280K(460096K), 0.0023737 secs] 418475K->9450K(2046080K), 0.0025020 secs] [Times: user=0.00 sys=0.00, real=0.00 secs] 
2024-10-07T05:40:58.308+0300: 168.562: Total time for which application threads were stopped: 0.0027943 seconds, Stopping threads took: 0.0001506 seconds
2024-10-07T05:40:58.873+0300: 169.120: Application time: 0.5582982 seconds
2024-10-07T05:40:58.873+0300: 169.121: [GC (Allocation Failure) 2024-10-07T05:40:58.873+0300: 169.121: [ParNew: 412454K->5306K(460096K), 0.0023476 secs] 417624K->10476K(2046080K), 0.0025275 secs] [Times: user=0.00 sys=0.00, real=0.00 secs] 
2024-10-07T05:40:58.873+0300: 169.123: Total time for which application threads were stopped: 0.0029476 seconds, Stopping threads took: 0.0002656 seconds
2024-10-07T05:40:59.439+0300: 169.691: Application time: 0.5675459 seconds
2024-10-07T05:40:59.439+0300: 169.691: [GC (Allocation Failure) 2024-10-07T05:40:59.439+0300: 169.691: [ParNew: 413569K->5306K(460096K), 0.0020055 secs] 418740K->10477K(2046080K), 0.0020948 secs] [Times: user=0.00 sys=0.00, real=0.00 secs] 
2024-10-07T05:40:59.439+0300: 169.693: Total time for which application threads were stopped: 0.0024381 seconds, Stopping threads took: 0.0002140 seconds
2024-10-07T05:41:00.020+0300: 170.268: Application time: 0.5747081 seconds
2024-10-07T05:41:00.020+0300: 170.269: [GC (Allocation Failure) 2024-10-07T05:41:00.020+0300: 170.269: [ParNew: 414328K->4283K(460096K), 0.0013567 secs] 419499K->9455K(2046080K), 0.0014554 secs] [Times: user=0.00 sys=0.00, real=0.00 secs] 
2024-10-07T05:41:00.020+0300: 170.270: Total time for which application threads were stopped: 0.0022565 seconds, Stopping threads took: 0.0006857 seconds
2024-10-07T05:41:00.601+0300: 170.849: Application time: 0.5783925 seconds
2024-10-07T05:41:00.601+0300: 170.849: [GC (Allocation Failure) 2024-10-07T05:41:00.601+0300: 170.849: [ParNew: 413307K->3292K(460096K), 0.0012605 secs] 418479K->8464K(2046080K), 0.0013295 secs] [Times: user=0.00 sys=0.00, real=0.00 secs] 
2024-10-07T05:41:00.601+0300: 170.850: Total time for which application threads were stopped: 0.0015814 seconds, Stopping threads took: 0.0001455 seconds
2024-10-07T05:41:01.166+0300: 171.414: Application time: 0.5632503 seconds
2024-10-07T05:41:01.166+0300: 171.414: [GC (Allocation Failure) 2024-10-07T05:41:01.166+0300: 171.414: [ParNew: 411465K->2258K(460096K), 0.0011836 secs] 416637K->7431K(2046080K), 0.0012516 secs] [Times: user=0.00 sys=0.00, real=0.00 secs] 
2024-10-07T05:41:01.166+0300: 171.415: Total time for which application threads were stopped: 0.0015990 seconds, Stopping threads took: 0.0002407 seconds
2024-10-07T05:41:01.731+0300: 171.977: Application time: 0.5622915 seconds
2024-10-07T05:41:01.731+0300: 171.978: [GC (Allocation Failure) 2024-10-07T05:41:01.731+0300: 171.978: [ParNew: 410454K->3282K(460096K), 0.0014299 secs] 415627K->8456K(2046080K), 0.0015149 secs] [Times: user=0.00 sys=0.00, real=0.00 secs] 
2024-10-07T05:41:01.731+0300: 171.979: Total time for which application threads were stopped: 0.0018483 seconds, Stopping threads took: 0.0002235 seconds
2024-10-07T05:41:02.296+0300: 172.539: Application time: 0.5594662 seconds
2024-10-07T05:41:02.296+0300: 172.539: [GC (Allocation Failure) 2024-10-07T05:41:02.296+0300: 172.539: [ParNew: 411506K->5304K(460096K), 0.0017486 secs] 416679K->10478K(2046080K), 0.0018349 secs] [Times: user=0.00 sys=0.00, real=0.00 secs] 
2024-10-07T05:41:02.296+0300: 172.541: Total time for which application threads were stopped: 0.0020904 seconds, Stopping threads took: 0.0001324 seconds
2024-10-07T05:41:02.846+0300: 173.100: Application time: 0.5592545 seconds
2024-10-07T05:41:02.846+0300: 173.100: [GC (Allocation Failure) 2024-10-07T05:41:02.846+0300: 173.100: [ParNew: 413758K->5306K(460096K), 0.0016730 secs] 418932K->10481K(2046080K), 0.0017644 secs] [Times: user=0.00 sys=0.00, real=0.00 secs] 
2024-10-07T05:41:02.846+0300: 173.102: Total time for which application threads were stopped: 0.0020835 seconds, Stopping threads took: 0.0001928 seconds
2024-10-07T05:41:03.427+0300: 173.668: Application time: 0.5660142 seconds
2024-10-07T05:41:03.427+0300: 173.668: [GC (Allocation Failure) 2024-10-07T05:41:03.427+0300: 173.668: [ParNew: 414330K->5304K(460096K), 0.0018275 secs] 419505K->10479K(2046080K), 0.0018923 secs] [Times: user=0.00 sys=0.00, real=0.00 secs] 
2024-10-07T05:41:03.427+0300: 173.670: Total time for which application threads were stopped: 0.0021713 seconds, Stopping threads took: 0.0001562 seconds
2024-10-07T05:41:03.976+0300: 174.232: Application time: 0.5615744 seconds
2024-10-07T05:41:03.976+0300: 174.232: [GC (Allocation Failure) 2024-10-07T05:41:03.976+0300: 174.232: [ParNew: 414328K->5304K(460096K), 0.0016636 secs] 419503K->10480K(2046080K), 0.0017467 secs] [Times: user=0.01 sys=0.00, real=0.02 secs] 
2024-10-07T05:41:03.992+0300: 174.234: Total time for which application threads were stopped: 0.0020632 seconds, Stopping threads took: 0.0001972 seconds
2024-10-07T05:41:04.556+0300: 174.801: Application time: 0.5668135 seconds
2024-10-07T05:41:04.556+0300: 174.801: [GC (Allocation Failure) 2024-10-07T05:41:04.556+0300: 174.801: [ParNew: 414328K->4280K(460096K), 0.0013710 secs] 419504K->9457K(2046080K), 0.0014488 secs] [Times: user=0.00 sys=0.00, real=0.00 secs] 
2024-10-07T05:41:04.556+0300: 174.803: Total time for which application threads were stopped: 0.0017339 seconds, Stopping threads took: 0.0001836 seconds
2024-10-07T05:41:05.122+0300: 175.363: Application time: 0.5608847 seconds
2024-10-07T05:41:05.122+0300: 175.364: [GC (Allocation Failure) 2024-10-07T05:41:05.122+0300: 175.364: [ParNew: 413064K->4282K(460096K), 0.0014848 secs] 418240K->9459K(2046080K), 0.0015773 secs] [Times: user=0.00 sys=0.00, real=0.00 secs] 
2024-10-07T05:41:05.122+0300: 175.365: Total time for which application threads were stopped: 0.0018193 seconds, Stopping threads took: 0.0001242 seconds
2024-10-07T05:41:05.686+0300: 175.930: Application time: 0.5651658 seconds
2024-10-07T05:41:05.686+0300: 175.931: [GC (Allocation Failure) 2024-10-07T05:41:05.686+0300: 175.931: [ParNew: 412929K->4290K(460096K), 0.0014517 secs] 418106K->9468K(2046080K), 0.0015585 secs] [Times: user=0.02 sys=0.01, real=0.00 secs] 
2024-10-07T05:41:05.686+0300: 175.932: Total time for which application threads were stopped: 0.0018761 seconds, Stopping threads took: 0.0001547 seconds
2024-10-07T05:41:06.252+0300: 176.493: Application time: 0.5608187 seconds
2024-10-07T05:41:06.252+0300: 176.493: [GC (Allocation Failure) 2024-10-07T05:41:06.252+0300: 176.493: [ParNew: 413005K->5312K(460096K), 0.0015136 secs] 418183K->10491K(2046080K), 0.0016005 secs] [Times: user=0.00 sys=0.00, real=0.00 secs] 
2024-10-07T05:41:06.253+0300: 176.495: Total time for which application threads were stopped: 0.0018687 seconds, Stopping threads took: 0.0001589 seconds
2024-10-07T05:41:06.816+0300: 177.063: Application time: 0.5678867 seconds
2024-10-07T05:41:06.816+0300: 177.063: [GC (Allocation Failure) 2024-10-07T05:41:06.816+0300: 177.063: [ParNew: 413800K->2239K(460096K), 0.0015807 secs] 418979K->7418K(2046080K), 0.0016776 secs] [Times: user=0.00 sys=0.00, real=0.00 secs] 
2024-10-07T05:41:06.816+0300: 177.065: Total time for which application threads were stopped: 0.0021517 seconds, Stopping threads took: 0.0003109 seconds
2024-10-07T05:41:07.381+0300: 177.629: Application time: 0.5637849 seconds
2024-10-07T05:41:07.381+0300: 177.629: [GC (Allocation Failure) 2024-10-07T05:41:07.381+0300: 177.629: [ParNew: 411179K->3294K(460096K), 0.0013476 secs] 416359K->8474K(2046080K), 0.0014259 secs] [Times: user=0.00 sys=0.00, real=0.00 secs] 
2024-10-07T05:41:07.381+0300: 177.631: Total time for which application threads were stopped: 0.0016919 seconds, Stopping threads took: 0.0001617 seconds
2024-10-07T05:41:07.947+0300: 178.190: Application time: 0.5596440 seconds
2024-10-07T05:41:07.947+0300: 178.190: [GC (Allocation Failure) 2024-10-07T05:41:07.947+0300: 178.190: [ParNew: 412318K->2256K(460096K), 0.0011220 secs] 417498K->7436K(2046080K), 0.0011904 secs] [Times: user=0.00 sys=0.00, real=0.00 secs] 
2024-10-07T05:41:07.947+0300: 178.192: Total time for which application threads were stopped: 0.0014462 seconds, Stopping threads took: 0.0001407 seconds
2024-10-07T05:41:08.511+0300: 178.753: Application time: 0.5613566 seconds
2024-10-07T05:41:08.511+0300: 178.753: [GC (Allocation Failure) 2024-10-07T05:41:08.511+0300: 178.753: [ParNew: 411280K->4287K(460096K), 0.0015365 secs] 416460K->9468K(2046080K), 0.0016210 secs] [Times: user=0.00 sys=0.00, real=0.00 secs] 
2024-10-07T05:41:08.511+0300: 178.755: Total time for which application threads were stopped: 0.0019002 seconds, Stopping threads took: 0.0001507 seconds
2024-10-07T05:41:09.076+0300: 179.321: Application time: 0.5663497 seconds
2024-10-07T05:41:09.076+0300: 179.321: [GC (Allocation Failure) 2024-10-07T05:41:09.076+0300: 179.321: [ParNew: 412435K->5304K(460096K), 0.0016641 secs] 417616K->10486K(2046080K), 0.0017461 secs] [Times: user=0.00 sys=0.00, real=0.00 secs] 
2024-10-07T05:41:09.076+0300: 179.323: Total time for which application threads were stopped: 0.0019880 seconds, Stopping threads took: 0.0001407 seconds
2024-10-07T05:41:09.642+0300: 179.888: Application time: 0.5649261 seconds
2024-10-07T05:41:09.642+0300: 179.888: [GC (Allocation Failure) 2024-10-07T05:41:09.642+0300: 179.888: [ParNew: 413811K->4282K(460096K), 0.0015117 secs] 418993K->9464K(2046080K), 0.0016169 secs] [Times: user=0.00 sys=0.00, real=0.00 secs] 
2024-10-07T05:41:09.642+0300: 179.890: Total time for which application threads were stopped: 0.0018651 seconds, Stopping threads took: 0.0001294 seconds
2024-10-07T05:41:10.207+0300: 180.452: Application time: 0.5620244 seconds
2024-10-07T05:41:10.207+0300: 180.452: [GC (Allocation Failure) 2024-10-07T05:41:10.207+0300: 180.452: [ParNew: 412355K->5306K(460096K), 0.0016230 secs] 417537K->10489K(2046080K), 0.0017270 secs] [Times: user=0.02 sys=0.00, real=0.00 secs] 
2024-10-07T05:41:10.207+0300: 180.454: Total time for which application threads were stopped: 0.0020039 seconds, Stopping threads took: 0.0001612 seconds
2024-10-07T05:41:10.772+0300: 181.017: Application time: 0.5633413 seconds
2024-10-07T05:41:10.772+0300: 181.018: [GC (Allocation Failure) 2024-10-07T05:41:10.772+0300: 181.018: [ParNew: 413893K->4284K(460096K), 0.0014635 secs] 419076K->9468K(2046080K), 0.0015406 secs] [Times: user=0.06 sys=0.00, real=0.00 secs] 
2024-10-07T05:41:10.772+0300: 181.019: Total time for which application threads were stopped: 0.0018096 seconds, Stopping threads took: 0.0001549 seconds
2024-10-07T05:41:11.337+0300: 181.590: Application time: 0.5706626 seconds
2024-10-07T05:41:11.337+0300: 181.590: [GC (Allocation Failure) 2024-10-07T05:41:11.337+0300: 181.590: [ParNew: 413308K->4284K(460096K), 0.0018593 secs] 418492K->9468K(2046080K), 0.0019467 secs] [Times: user=0.00 sys=0.00, real=0.00 secs] 
2024-10-07T05:41:11.337+0300: 181.592: Total time for which application threads were stopped: 0.0022976 seconds, Stopping threads took: 0.0002226 seconds
2024-10-07T05:41:11.901+0300: 182.148: Application time: 0.5561398 seconds
2024-10-07T05:41:11.901+0300: 182.149: [GC (Allocation Failure) 2024-10-07T05:41:11.901+0300: 182.149: [ParNew: 413308K->5302K(460096K), 0.0019865 secs] 418492K->10487K(2046080K), 0.0020652 secs] [Times: user=0.00 sys=0.00, real=0.00 secs] 
2024-10-07T05:41:11.901+0300: 182.151: Total time for which application threads were stopped: 0.0023316 seconds, Stopping threads took: 0.0001640 seconds
2024-10-07T05:41:12.466+0300: 182.716: Application time: 0.5656111 seconds
2024-10-07T05:41:12.466+0300: 182.717: [GC (Allocation Failure) 2024-10-07T05:41:12.466+0300: 182.717: [ParNew: 413404K->4284K(460096K), 0.0014959 secs] 418589K->9470K(2046080K), 0.0015690 secs] [Times: user=0.00 sys=0.00, real=0.00 secs] 
2024-10-07T05:41:12.466+0300: 182.718: Total time for which application threads were stopped: 0.0018583 seconds, Stopping threads took: 0.0001906 seconds
2024-10-07T05:41:13.031+0300: 183.272: Application time: 0.5538163 seconds
2024-10-07T05:41:13.031+0300: 183.272: [GC (Allocation Failure) 2024-10-07T05:41:13.031+0300: 183.272: [ParNew: 412396K->5308K(460096K), 0.0019602 secs] 417581K->10494K(2046080K), 0.0020416 secs] [Times: user=0.00 sys=0.00, real=0.00 secs] 
2024-10-07T05:41:13.031+0300: 183.274: Total time for which application threads were stopped: 0.0023254 seconds, Stopping threads took: 0.0001718 seconds
2024-10-07T05:41:13.596+0300: 183.840: Application time: 0.5652376 seconds
2024-10-07T05:41:13.596+0300: 183.840: [GC (Allocation Failure) 2024-10-07T05:41:13.596+0300: 183.840: [ParNew: 414172K->5306K(460096K), 0.0015859 secs] 419358K->10493K(2046080K), 0.0016832 secs] [Times: user=0.02 sys=0.00, real=0.00 secs] 
2024-10-07T05:41:13.596+0300: 183.842: Total time for which application threads were stopped: 0.0019989 seconds, Stopping threads took: 0.0001928 seconds
2024-10-07T05:41:14.146+0300: 184.400: Application time: 0.5584226 seconds
2024-10-07T05:41:14.146+0300: 184.400: [GC (Allocation Failure) 2024-10-07T05:41:14.146+0300: 184.400: [ParNew: 413771K->4296K(460096K), 0.0017856 secs] 418957K->9484K(2046080K), 0.0018831 secs] [Times: user=0.00 sys=0.00, real=0.00 secs] 
2024-10-07T05:41:14.146+0300: 184.402: Total time for which application threads were stopped: 0.0022297 seconds, Stopping threads took: 0.0002263 seconds
2024-10-07T05:41:14.710+0300: 184.967: Application time: 0.5645828 seconds
2024-10-07T05:41:14.726+0300: 184.967: [GC (Allocation Failure) 2024-10-07T05:41:14.726+0300: 184.967: [ParNew: 412383K->4298K(460096K), 0.0017809 secs] 417570K->9486K(2046080K), 0.0018734 secs] [Times: user=0.00 sys=0.00, real=0.00 secs] 
2024-10-07T05:41:14.727+0300: 184.969: Total time for which application threads were stopped: 0.0022506 seconds, Stopping threads took: 0.0002481 seconds
2024-10-07T05:41:15.275+0300: 185.526: Application time: 0.5569800 seconds
2024-10-07T05:41:15.275+0300: 185.526: [GC (Allocation Failure) 2024-10-07T05:41:15.275+0300: 185.526: [ParNew: 413322K->4298K(460096K), 0.0014400 secs] 418510K->9486K(2046080K), 0.0015094 secs] [Times: user=0.00 sys=0.00, real=0.00 secs] 
2024-10-07T05:41:15.275+0300: 185.528: Total time for which application threads were stopped: 0.0018151 seconds, Stopping threads took: 0.0001995 seconds
2024-10-07T05:41:15.841+0300: 186.088: Application time: 0.5606370 seconds
2024-10-07T05:41:15.841+0300: 186.089: [GC (Allocation Failure) 2024-10-07T05:41:15.841+0300: 186.089: [ParNew: 413273K->4298K(460096K), 0.0021874 secs] 418462K->9487K(2046080K), 0.0023013 secs] [Times: user=0.00 sys=0.00, real=0.00 secs] 
2024-10-07T05:41:15.841+0300: 186.091: Total time for which application threads were stopped: 0.0026021 seconds, Stopping threads took: 0.0001701 seconds
2024-10-07T05:41:16.406+0300: 186.654: Application time: 0.5629026 seconds
2024-10-07T05:41:16.406+0300: 186.654: [GC (Allocation Failure) 2024-10-07T05:41:16.406+0300: 186.654: [ParNew: 412978K->4284K(460096K), 0.0014577 secs] 418167K->9474K(2046080K), 0.0015214 secs] [Times: user=0.00 sys=0.00, real=0.00 secs] 
2024-10-07T05:41:16.406+0300: 186.656: Total time for which application threads were stopped: 0.0017741 seconds, Stopping threads took: 0.0001575 seconds
2024-10-07T05:41:16.970+0300: 187.212: Application time: 0.5562195 seconds
2024-10-07T05:41:16.970+0300: 187.212: [GC (Allocation Failure) 2024-10-07T05:41:16.970+0300: 187.212: [ParNew: 412826K->5308K(460096K), 0.0016717 secs] 418016K->10498K(2046080K), 0.0017396 secs] [Times: user=0.00 sys=0.00, real=0.00 secs] 
2024-10-07T05:41:16.970+0300: 187.214: Total time for which application threads were stopped: 0.0020130 seconds, Stopping threads took: 0.0001746 seconds
2024-10-07T05:41:17.535+0300: 187.779: Application time: 0.5653962 seconds
2024-10-07T05:41:17.535+0300: 187.780: [GC (Allocation Failure) 2024-10-07T05:41:17.535+0300: 187.780: [ParNew: 413769K->5306K(460096K), 0.0017523 secs] 418959K->10497K(2046080K), 0.0018219 secs] [Times: user=0.00 sys=0.00, real=0.00 secs] 
2024-10-07T05:41:17.535+0300: 187.781: Total time for which application threads were stopped: 0.0020760 seconds, Stopping threads took: 0.0001626 seconds
2024-10-07T05:41:18.084+0300: 188.341: Application time: 0.5593373 seconds
2024-10-07T05:41:18.100+0300: 188.341: [GC (Allocation Failure) 2024-10-07T05:41:18.100+0300: 188.341: [ParNew: 414330K->5306K(460096K), 0.0017339 secs] 419521K->10498K(2046080K), 0.0018165 secs] [Times: user=0.00 sys=0.00, real=0.00 secs] 
2024-10-07T05:41:18.100+0300: 188.343: Total time for which application threads were stopped: 0.0022046 seconds, Stopping threads took: 0.0002782 seconds
2024-10-07T05:41:18.650+0300: 188.906: Application time: 0.5627706 seconds
2024-10-07T05:41:18.650+0300: 188.906: [GC (Allocation Failure) 2024-10-07T05:41:18.650+0300: 188.906: [ParNew: 413314K->3292K(460096K), 0.0013790 secs] 418506K->8485K(2046080K), 0.0015060 secs] [Times: user=0.02 sys=0.00, real=0.01 secs] 
2024-10-07T05:41:18.665+0300: 188.908: Total time for which application threads were stopped: 0.0018428 seconds, Stopping threads took: 0.0001502 seconds
2024-10-07T05:41:19.214+0300: 189.465: Application time: 0.5571795 seconds
2024-10-07T05:41:19.214+0300: 189.465: [GC (Allocation Failure) 2024-10-07T05:41:19.214+0300: 189.465: [ParNew: 411315K->4285K(460096K), 0.0015663 secs] 416507K->9478K(2046080K), 0.0016492 secs] [Times: user=0.00 sys=0.00, real=0.00 secs] 
2024-10-07T05:41:19.214+0300: 189.467: Total time for which application threads were stopped: 0.0019292 seconds, Stopping threads took: 0.0001731 seconds
2024-10-07T05:41:19.780+0300: 190.028: Application time: 0.5610592 seconds
2024-10-07T05:41:19.780+0300: 190.028: [GC (Allocation Failure) 2024-10-07T05:41:19.780+0300: 190.028: [ParNew: 413173K->4282K(460096K), 0.0015680 secs] 418366K->9476K(2046080K), 0.0016764 secs] [Times: user=0.00 sys=0.00, real=0.00 secs] 
2024-10-07T05:41:19.780+0300: 190.030: Total time for which application threads were stopped: 0.0019593 seconds, Stopping threads took: 0.0001320 seconds
2024-10-07T05:41:20.345+0300: 190.590: Application time: 0.5607203 seconds
2024-10-07T05:41:20.345+0300: 190.591: [GC (Allocation Failure) 2024-10-07T05:41:20.345+0300: 190.591: [ParNew: 412340K->4283K(460096K), 0.0014203 secs] 417533K->9477K(2046080K), 0.0014987 secs] [Times: user=0.00 sys=0.00, real=0.00 secs] 
2024-10-07T05:41:20.345+0300: 190.592: Total time for which application threads were stopped: 0.0018365 seconds, Stopping threads took: 0.0002351 seconds
2024-10-07T05:41:20.894+0300: 191.147: Application time: 0.5548939 seconds
2024-10-07T05:41:20.894+0300: 191.147: [GC (Allocation Failure) 2024-10-07T05:41:20.894+0300: 191.148: [ParNew: 412374K->4300K(460096K), 0.0013142 secs] 417569K->9495K(2046080K), 0.0013961 secs] [Times: user=0.00 sys=0.00, real=0.00 secs] 
2024-10-07T05:41:20.894+0300: 191.149: Total time for which application threads were stopped: 0.0016990 seconds, Stopping threads took: 0.0001934 seconds
2024-10-07T05:41:21.459+0300: 191.711: Application time: 0.5617873 seconds
2024-10-07T05:41:21.459+0300: 191.711: [GC (Allocation Failure) 2024-10-07T05:41:21.459+0300: 191.711: [ParNew: 412670K->3278K(460096K), 0.0012434 secs] 417865K->8474K(2046080K), 0.0013349 secs] [Times: user=0.00 sys=0.00, real=0.00 secs] 
2024-10-07T05:41:21.459+0300: 191.712: Total time for which application threads were stopped: 0.0016883 seconds, Stopping threads took: 0.0002222 seconds
2024-10-07T05:41:22.023+0300: 192.269: Application time: 0.5564627 seconds
2024-10-07T05:41:22.023+0300: 192.269: [GC (Allocation Failure) 2024-10-07T05:41:22.023+0300: 192.269: [ParNew: 411767K->4285K(460096K), 0.0015735 secs] 416962K->9481K(2046080K), 0.0016540 secs] [Times: user=0.00 sys=0.00, real=0.00 secs] 
2024-10-07T05:41:22.023+0300: 192.271: Total time for which application threads were stopped: 0.0019798 seconds, Stopping threads took: 0.0002206 seconds
2024-10-07T05:41:22.588+0300: 192.833: Application time: 0.5621311 seconds
2024-10-07T05:41:22.588+0300: 192.833: [GC (Allocation Failure) 2024-10-07T05:41:22.588+0300: 192.833: [ParNew: 413055K->5306K(460096K), 0.0018350 secs] 418251K->10503K(2046080K), 0.0019393 secs] [Times: user=0.00 sys=0.00, real=0.00 secs] 
2024-10-07T05:41:22.588+0300: 192.835: Total time for which application threads were stopped: 0.0022121 seconds, Stopping threads took: 0.0001375 seconds
2024-10-07T05:41:23.144+0300: 193.392: Application time: 0.5571897 seconds
2024-10-07T05:41:23.144+0300: 193.393: [GC (Allocation Failure) 2024-10-07T05:41:23.144+0300: 193.393: [ParNew: 413443K->4296K(460096K), 0.0018570 secs] 418640K->9494K(2046080K), 0.0019463 secs] [Times: user=0.02 sys=0.00, real=0.00 secs] 
2024-10-07T05:41:23.144+0300: 193.395: Total time for which application threads were stopped: 0.0022592 seconds, Stopping threads took: 0.0002055 seconds
2024-10-07T05:41:23.719+0300: 193.961: Application time: 0.5661123 seconds
2024-10-07T05:41:23.719+0300: 193.961: [GC (Allocation Failure) 2024-10-07T05:41:23.719+0300: 193.961: [ParNew: 413203K->2260K(460096K), 0.0013931 secs] 418401K->7458K(2046080K), 0.0014587 secs] [Times: user=0.00 sys=0.00, real=0.00 secs] 
2024-10-07T05:41:23.719+0300: 193.962: Total time for which application threads were stopped: 0.0017119 seconds, Stopping threads took: 0.0001567 seconds
2024-10-07T05:41:24.268+0300: 194.515: Application time: 0.5521711 seconds
2024-10-07T05:41:24.268+0300: 194.515: [GC (Allocation Failure) 2024-10-07T05:41:24.268+0300: 194.515: [ParNew: 410473K->5306K(460096K), 0.0018164 secs] 415671K->10505K(2046080K), 0.0018897 secs] [Times: user=0.00 sys=0.00, real=0.00 secs] 
2024-10-07T05:41:24.268+0300: 194.517: Total time for which application threads were stopped: 0.0021070 seconds, Stopping threads took: 0.0001218 seconds
2024-10-07T05:41:24.833+0300: 195.081: Application time: 0.5640433 seconds
2024-10-07T05:41:24.833+0300: 195.081: [GC (Allocation Failure) 2024-10-07T05:41:24.833+0300: 195.081: [ParNew: 413736K->4280K(460096K), 0.0015628 secs] 418935K->9479K(2046080K), 0.0016548 secs] [Times: user=0.02 sys=0.00, real=0.00 secs] 
2024-10-07T05:41:24.833+0300: 195.083: Total time for which application threads were stopped: 0.0019531 seconds, Stopping threads took: 0.0001868 seconds
2024-10-07T05:41:25.398+0300: 195.647: Application time: 0.5639692 seconds
2024-10-07T05:41:25.398+0300: 195.647: [GC (Allocation Failure) 2024-10-07T05:41:25.398+0300: 195.647: [ParNew: 412507K->4283K(460096K), 0.0016739 secs] 417706K->9483K(2046080K), 0.0017561 secs] [Times: user=0.00 sys=0.00, real=0.00 secs] 
2024-10-07T05:41:25.398+0300: 195.649: Total time for which application threads were stopped: 0.0020581 seconds, Stopping threads took: 0.0001276 seconds
2024-10-07T05:41:25.963+0300: 196.208: Application time: 0.5589218 seconds
2024-10-07T05:41:25.963+0300: 196.208: [GC (Allocation Failure) 2024-10-07T05:41:25.963+0300: 196.208: [ParNew: 412464K->5304K(460096K), 0.0018550 secs] 417664K->10505K(2046080K), 0.0019332 secs] [Times: user=0.00 sys=0.00, real=0.00 secs] 
2024-10-07T05:41:25.963+0300: 196.210: Total time for which application threads were stopped: 0.0022166 seconds, Stopping threads took: 0.0001808 seconds
2024-10-07T05:41:26.528+0300: 196.775: Application time: 0.5651727 seconds
2024-10-07T05:41:26.528+0300: 196.775: [GC (Allocation Failure) 2024-10-07T05:41:26.528+0300: 196.775: [ParNew: 414183K->5302K(460096K), 0.0017527 secs] 419384K->10503K(2046080K), 0.0018326 secs] [Times: user=0.00 sys=0.00, real=0.00 secs] 
2024-10-07T05:41:26.528+0300: 196.777: Total time for which application threads were stopped: 0.0020769 seconds, Stopping threads took: 0.0001463 seconds
2024-10-07T05:41:27.093+0300: 197.335: Application time: 0.5580019 seconds
2024-10-07T05:41:27.093+0300: 197.335: [GC (Allocation Failure) 2024-10-07T05:41:27.093+0300: 197.335: [ParNew: 414071K->5306K(460096K), 0.0017319 secs] 419272K->10508K(2046080K), 0.0018035 secs] [Times: user=0.00 sys=0.00, real=0.00 secs] 
2024-10-07T05:41:27.093+0300: 197.337: Total time for which application threads were stopped: 0.0020770 seconds, Stopping threads took: 0.0001745 seconds
2024-10-07T05:41:27.658+0300: 197.902: Application time: 0.5648944 seconds
2024-10-07T05:41:27.658+0300: 197.902: [GC (Allocation Failure) 2024-10-07T05:41:27.658+0300: 197.902: [ParNew: 413931K->3280K(460096K), 0.0014767 secs] 419133K->8482K(2046080K), 0.0015600 secs] [Times: user=0.02 sys=0.00, real=0.00 secs] 
2024-10-07T05:41:27.658+0300: 197.904: Total time for which application threads were stopped: 0.0018829 seconds, Stopping threads took: 0.0002151 seconds
2024-10-07T05:41:28.207+0300: 198.461: Application time: 0.5566616 seconds
2024-10-07T05:41:28.207+0300: 198.461: [GC (Allocation Failure) 2024-10-07T05:41:28.207+0300: 198.461: [ParNew: 412304K->3240K(460096K), 0.0013698 secs] 417506K->8443K(2046080K), 0.0014432 secs] [Times: user=0.00 sys=0.00, real=0.00 secs] 
2024-10-07T05:41:28.207+0300: 198.462: Total time for which application threads were stopped: 0.0017346 seconds, Stopping threads took: 0.0001847 seconds
2024-10-07T05:41:28.771+0300: 199.018: Application time: 0.5551535 seconds
2024-10-07T05:41:28.771+0300: 199.018: [GC (Allocation Failure) 2024-10-07T05:41:28.771+0300: 199.018: [ParNew: 411376K->5302K(460096K), 0.0017112 secs] 416579K->10506K(2046080K), 0.0017962 secs] [Times: user=0.00 sys=0.00, real=0.00 secs] 
2024-10-07T05:41:28.771+0300: 199.020: Total time for which application threads were stopped: 0.0020977 seconds, Stopping threads took: 0.0001985 seconds
2024-10-07T05:41:29.336+0300: 199.582: Application time: 0.5622281 seconds
2024-10-07T05:41:29.336+0300: 199.582: [GC (Allocation Failure) 2024-10-07T05:41:29.336+0300: 199.582: [ParNew: 414113K->4284K(460096K), 0.0015842 secs] 419317K->9488K(2046080K), 0.0016826 secs] [Times: user=0.00 sys=0.00, real=0.00 secs] 
2024-10-07T05:41:29.336+0300: 199.584: Total time for which application threads were stopped: 0.0020182 seconds, Stopping threads took: 0.0001796 seconds
2024-10-07T05:41:29.901+0300: 200.145: Application time: 0.5613918 seconds
2024-10-07T05:41:29.901+0300: 200.146: [GC (Allocation Failure) 2024-10-07T05:41:29.901+0300: 200.146: [ParNew: 413254K->4282K(460096K), 0.0015425 secs] 418459K->9487K(2046080K), 0.0016276 secs] [Times: user=0.00 sys=0.00, real=0.00 secs] 
2024-10-07T05:41:29.901+0300: 200.147: Total time for which application threads were stopped: 0.0019223 seconds, Stopping threads took: 0.0001871 seconds
2024-10-07T05:41:30.466+0300: 200.708: Application time: 0.5605285 seconds
2024-10-07T05:41:30.466+0300: 200.708: [GC (Allocation Failure) 2024-10-07T05:41:30.466+0300: 200.708: [ParNew: 412460K->4300K(460096K), 0.0017276 secs] 417665K->9506K(2046080K), 0.0018109 secs] [Times: user=0.00 sys=0.00, real=0.00 secs] 
2024-10-07T05:41:30.466+0300: 200.710: Total time for which application threads were stopped: 0.0022118 seconds, Stopping threads took: 0.0002821 seconds
2024-10-07T05:41:31.015+0300: 201.269: Application time: 0.5591282 seconds
2024-10-07T05:41:31.015+0300: 201.269: [GC (Allocation Failure) 2024-10-07T05:41:31.015+0300: 201.269: [ParNew: 413324K->5308K(460096K), 0.0019117 secs] 418530K->10514K(2046080K), 0.0019890 secs] [Times: user=0.00 sys=0.00, real=0.00 secs] 
2024-10-07T05:41:31.015+0300: 201.271: Total time for which application threads were stopped: 0.0022808 seconds, Stopping threads took: 0.0001855 seconds
2024-10-07T05:41:31.581+0300: 201.837: Application time: 0.5651943 seconds
2024-10-07T05:41:31.581+0300: 201.837: [GC (Allocation Failure) 2024-10-07T05:41:31.581+0300: 201.837: [ParNew: 413654K->3260K(460096K), 0.0016845 secs] 418860K->8466K(2046080K), 0.0017537 secs] [Times: user=0.02 sys=0.00, real=0.02 secs] 
2024-10-07T05:41:31.597+0300: 201.839: Total time for which application threads were stopped: 0.0020335 seconds, Stopping threads took: 0.0001804 seconds
2024-10-07T05:41:32.146+0300: 202.395: Application time: 0.5565561 seconds
2024-10-07T05:41:32.146+0300: 202.395: [GC (Allocation Failure) 2024-10-07T05:41:32.146+0300: 202.395: [ParNew: 411715K->5307K(460096K), 0.0017734 secs] 416921K->10514K(2046080K), 0.0018595 secs] [Times: user=0.00 sys=0.00, real=0.00 secs] 
2024-10-07T05:41:32.146+0300: 202.397: Total time for which application threads were stopped: 0.0020862 seconds, Stopping threads took: 0.0001095 seconds
2024-10-07T05:41:32.712+0300: 202.960: Application time: 0.5624526 seconds
2024-10-07T05:41:32.712+0300: 202.960: [GC (Allocation Failure) 2024-10-07T05:41:32.712+0300: 202.960: [ParNew: 414331K->4296K(460096K), 0.0016509 secs] 419538K->9504K(2046080K), 0.0017299 secs] [Times: user=0.00 sys=0.00, real=0.00 secs] 
2024-10-07T05:41:32.712+0300: 202.962: Total time for which application threads were stopped: 0.0020107 seconds, Stopping threads took: 0.0001779 seconds
2024-10-07T05:41:33.277+0300: 203.521: Application time: 0.5595396 seconds
2024-10-07T05:41:33.277+0300: 203.521: [GC (Allocation Failure) 2024-10-07T05:41:33.277+0300: 203.522: [ParNew: 412407K->3264K(460096K), 0.0014804 secs] 417615K->8473K(2046080K), 0.0015717 secs] [Times: user=0.00 sys=0.00, real=0.00 secs] 
2024-10-07T05:41:33.277+0300: 203.523: Total time for which application threads were stopped: 0.0017981 seconds, Stopping threads took: 0.0001039 seconds
2024-10-07T05:41:33.842+0300: 204.085: Application time: 0.5615867 seconds
2024-10-07T05:41:33.842+0300: 204.085: [GC (Allocation Failure) 2024-10-07T05:41:33.842+0300: 204.085: [ParNew: 411352K->3278K(460096K), 0.0015020 secs] 416561K->8488K(2046080K), 0.0015748 secs] [Times: user=0.00 sys=0.00, real=0.00 secs] 
2024-10-07T05:41:33.842+0300: 204.087: Total time for which application threads were stopped: 0.0018606 seconds, Stopping threads took: 0.0001868 seconds
2024-10-07T05:41:34.407+0300: 204.651: Application time: 0.5648345 seconds
2024-10-07T05:41:34.407+0300: 204.652: [GC (Allocation Failure) 2024-10-07T05:41:34.407+0300: 204.652: [ParNew: 411566K->4298K(460096K), 0.0018312 secs] 416775K->9508K(2046080K), 0.0019048 secs] [Times: user=0.00 sys=0.00, real=0.00 secs] 
2024-10-07T05:41:34.407+0300: 204.654: Total time for which application threads were stopped: 0.0021167 seconds, Stopping threads took: 0.0001076 seconds
2024-10-07T05:41:34.956+0300: 205.209: Application time: 0.5555078 seconds
2024-10-07T05:41:34.956+0300: 205.209: [GC (Allocation Failure) 2024-10-07T05:41:34.956+0300: 205.209: [ParNew: 413195K->4285K(460096K), 0.0015391 secs] 418405K->9496K(2046080K), 0.0016056 secs] [Times: user=0.02 sys=0.00, real=0.01 secs] 
2024-10-07T05:41:34.969+0300: 205.211: Total time for which application threads were stopped: 0.0019163 seconds, Stopping threads took: 0.0002108 seconds
2024-10-07T05:41:35.522+0300: 205.776: Application time: 0.5648030 seconds
2024-10-07T05:41:35.522+0300: 205.776: [GC (Allocation Failure) 2024-10-07T05:41:35.522+0300: 205.776: [ParNew: 412794K->3262K(460096K), 0.0013098 secs] 418004K->8473K(2046080K), 0.0013851 secs] [Times: user=0.00 sys=0.00, real=0.00 secs] 
2024-10-07T05:41:35.522+0300: 205.777: Total time for which application threads were stopped: 0.0017124 seconds, Stopping threads took: 0.0002268 seconds
2024-10-07T05:41:36.087+0300: 206.336: Application time: 0.5583218 seconds
2024-10-07T05:41:36.087+0300: 206.336: [GC (Allocation Failure) 2024-10-07T05:41:36.087+0300: 206.336: [ParNew: 412243K->5307K(460096K), 0.0017002 secs] 417454K->10519K(2046080K), 0.0017832 secs] [Times: user=0.00 sys=0.00, real=0.00 secs] 
2024-10-07T05:41:36.087+0300: 206.338: Total time for which application threads were stopped: 0.0020713 seconds, Stopping threads took: 0.0001746 seconds
2024-10-07T05:41:36.651+0300: 206.902: Application time: 0.5644212 seconds
2024-10-07T05:41:36.651+0300: 206.903: [GC (Allocation Failure) 2024-10-07T05:41:36.651+0300: 206.903: [ParNew: 413793K->5304K(460096K), 0.0016398 secs] 419005K->10516K(2046080K), 0.0017125 secs] [Times: user=0.00 sys=0.00, real=0.00 secs] 
2024-10-07T05:41:36.651+0300: 206.904: Total time for which application threads were stopped: 0.0019854 seconds, Stopping threads took: 0.0001715 seconds
2024-10-07T05:41:37.216+0300: 207.465: Application time: 0.5603143 seconds
2024-10-07T05:41:37.216+0300: 207.465: [GC (Allocation Failure) 2024-10-07T05:41:37.216+0300: 207.465: [ParNew: 414328K->4300K(460096K), 0.0017934 secs] 419540K->9513K(2046080K), 0.0018663 secs] [Times: user=0.00 sys=0.00, real=0.00 secs] 
2024-10-07T05:41:37.216+0300: 207.467: Total time for which application threads were stopped: 0.0021484 seconds, Stopping threads took: 0.0001856 seconds
2024-10-07T05:41:37.781+0300: 208.031: Application time: 0.5644393 seconds
2024-10-07T05:41:37.781+0300: 208.032: [GC (Allocation Failure) 2024-10-07T05:41:37.781+0300: 208.032: [ParNew: 413128K->5305K(460096K), 0.0018841 secs] 418341K->10519K(2046080K), 0.0019788 secs] [Times: user=0.05 sys=0.00, real=0.00 secs] 
2024-10-07T05:41:37.781+0300: 208.034: Total time for which application threads were stopped: 0.0023461 seconds, Stopping threads took: 0.0002262 seconds
2024-10-07T05:41:38.346+0300: 208.596: Application time: 0.5625538 seconds
2024-10-07T05:41:38.346+0300: 208.596: [GC (Allocation Failure) 2024-10-07T05:41:38.346+0300: 208.596: [ParNew: 414329K->5304K(460096K), 0.0018470 secs] 419543K->10518K(2046080K), 0.0019537 secs] [Times: user=0.00 sys=0.00, real=0.00 secs] 
2024-10-07T05:41:38.346+0300: 208.598: Total time for which application threads were stopped: 0.0022612 seconds, Stopping threads took: 0.0001604 seconds
2024-10-07T05:41:38.911+0300: 209.154: Application time: 0.5557616 seconds
2024-10-07T05:41:38.911+0300: 209.154: [GC (Allocation Failure) 2024-10-07T05:41:38.911+0300: 209.154: [ParNew: 413424K->4283K(460096K), 0.0015281 secs] 418638K->9497K(2046080K), 0.0015962 secs] [Times: user=0.00 sys=0.00, real=0.00 secs] 
2024-10-07T05:41:38.911+0300: 209.156: Total time for which application threads were stopped: 0.0019043 seconds, Stopping threads took: 0.0002143 seconds
2024-10-07T05:41:39.478+0300: 209.720: Application time: 0.5635001 seconds
2024-10-07T05:41:39.478+0300: 209.720: [GC (Allocation Failure) 2024-10-07T05:41:39.478+0300: 209.720: [ParNew: 413307K->4298K(460096K), 0.0015480 secs] 418521K->9514K(2046080K), 0.0016192 secs] [Times: user=0.00 sys=0.00, real=0.00 secs] 
2024-10-07T05:41:39.478+0300: 209.721: Total time for which application threads were stopped: 0.0018872 seconds, Stopping threads took: 0.0001766 seconds
2024-10-07T05:41:40.026+0300: 210.282: Application time: 0.5601110 seconds
2024-10-07T05:41:40.026+0300: 210.282: [GC (Allocation Failure) 2024-10-07T05:41:40.026+0300: 210.282: [ParNew: 413322K->4297K(460096K), 0.0018872 secs] 418538K->9513K(2046080K), 0.0019652 secs] [Times: user=0.01 sys=0.00, real=0.02 secs] 
2024-10-07T05:41:40.042+0300: 210.284: Total time for which application threads were stopped: 0.0022482 seconds, Stopping threads took: 0.0001807 seconds
2024-10-07T05:41:40.591+0300: 210.843: Application time: 0.5597138 seconds
2024-10-07T05:41:40.591+0300: 210.844: [GC (Allocation Failure) 2024-10-07T05:41:40.591+0300: 210.844: [ParNew: 412998K->4297K(460096K), 0.0016102 secs] 418214K->9514K(2046080K), 0.0016819 secs] [Times: user=0.00 sys=0.00, real=0.00 secs] 
2024-10-07T05:41:40.591+0300: 210.845: Total time for which application threads were stopped: 0.0019245 seconds, Stopping threads took: 0.0001429 seconds
2024-10-07T05:41:41.157+0300: 211.404: Application time: 0.5587826 seconds
2024-10-07T05:41:41.157+0300: 211.404: [GC (Allocation Failure) 2024-10-07T05:41:41.157+0300: 211.404: [ParNew: 413321K->4299K(460096K), 0.0016611 secs] 418538K->9516K(2046080K), 0.0017331 secs] [Times: user=0.00 sys=0.00, real=0.00 secs] 
2024-10-07T05:41:41.157+0300: 211.406: Total time for which application threads were stopped: 0.0020057 seconds, Stopping threads took: 0.0001768 seconds
2024-10-07T05:41:41.721+0300: 211.971: Application time: 0.5652269 seconds
2024-10-07T05:41:41.721+0300: 211.972: [GC (Allocation Failure) 2024-10-07T05:41:41.721+0300: 211.972: [ParNew: 413088K->4296K(460096K), 0.0014800 secs] 418305K->9515K(2046080K), 0.0015558 secs] [Times: user=0.00 sys=0.00, real=0.00 secs] 
2024-10-07T05:41:41.721+0300: 211.973: Total time for which application threads were stopped: 0.0018543 seconds, Stopping threads took: 0.0001753 seconds
2024-10-07T05:41:42.287+0300: 212.530: Application time: 0.5568278 seconds
2024-10-07T05:41:42.287+0300: 212.530: [GC (Allocation Failure) 2024-10-07T05:41:42.287+0300: 212.530: [ParNew: 413320K->4281K(460096K), 0.0018306 secs] 418539K->9500K(2046080K), 0.0019215 secs] [Times: user=0.00 sys=0.00, real=0.00 secs] 
2024-10-07T05:41:42.287+0300: 212.532: Total time for which application threads were stopped: 0.0021734 seconds, Stopping threads took: 0.0001294 seconds
2024-10-07T05:41:42.851+0300: 213.097: Application time: 0.5642043 seconds
2024-10-07T05:41:42.851+0300: 213.097: [GC (Allocation Failure) 2024-10-07T05:41:42.851+0300: 213.097: [ParNew: 412288K->4300K(460096K), 0.0015544 secs] 417507K->9519K(2046080K), 0.0016350 secs] [Times: user=0.00 sys=0.00, real=0.00 secs] 
2024-10-07T05:41:42.851+0300: 213.098: Total time for which application threads were stopped: 0.0019561 seconds, Stopping threads took: 0.0002171 seconds
2024-10-07T05:41:43.417+0300: 213.661: Application time: 0.5621216 seconds
2024-10-07T05:41:43.417+0300: 213.661: [GC (Allocation Failure) 2024-10-07T05:41:43.417+0300: 213.661: [ParNew: 413026K->4284K(460096K), 0.0017368 secs] 418245K->9504K(2046080K), 0.0018103 secs] [Times: user=0.00 sys=0.00, real=0.00 secs] 
2024-10-07T05:41:43.417+0300: 213.663: Total time for which application threads were stopped: 0.0020910 seconds, Stopping threads took: 0.0001807 seconds
2024-10-07T05:41:43.966+0300: 214.223: Application time: 0.5600503 seconds
2024-10-07T05:41:43.982+0300: 214.223: [GC (Allocation Failure) 2024-10-07T05:41:43.982+0300: 214.223: [ParNew: 413308K->4302K(460096K), 0.0014950 secs] 418528K->9523K(2046080K), 0.0015668 secs] [Times: user=0.00 sys=0.00, real=0.00 secs] 
2024-10-07T05:41:43.982+0300: 214.225: Total time for which application threads were stopped: 0.0018822 seconds, Stopping threads took: 0.0001894 seconds
2024-10-07T05:41:44.532+0300: 214.788: Application time: 0.5635224 seconds
2024-10-07T05:41:44.547+0300: 214.789: [GC (Allocation Failure) 2024-10-07T05:41:44.547+0300: 214.789: [ParNew: 413315K->3264K(460096K), 0.0015456 secs] 418536K->8485K(2046080K), 0.0016482 secs] [Times: user=0.00 sys=0.00, real=0.00 secs] 
2024-10-07T05:41:44.547+0300: 214.790: Total time for which application threads were stopped: 0.0020436 seconds, Stopping threads took: 0.0002197 seconds
2024-10-07T05:41:45.096+0300: 215.350: Application time: 0.5595057 seconds
2024-10-07T05:41:45.096+0300: 215.350: [GC (Allocation Failure) 2024-10-07T05:41:45.096+0300: 215.350: [ParNew: 412288K->2268K(460096K), 0.0013388 secs] 417509K->7490K(2046080K), 0.0014049 secs] [Times: user=0.00 sys=0.00, real=0.00 secs] 
2024-10-07T05:41:45.096+0300: 215.351: Total time for which application threads were stopped: 0.0016995 seconds, Stopping threads took: 0.0001934 seconds
2024-10-07T05:41:45.661+0300: 215.914: Application time: 0.5625219 seconds
2024-10-07T05:41:45.661+0300: 215.914: [GC (Allocation Failure) 2024-10-07T05:41:45.661+0300: 215.914: [ParNew: 411292K->4297K(460096K), 0.0015997 secs] 416514K->9520K(2046080K), 0.0017221 secs] [Times: user=0.00 sys=0.00, real=0.00 secs] 
2024-10-07T05:41:45.661+0300: 215.916: Total time for which application threads were stopped: 0.0020285 seconds, Stopping threads took: 0.0001438 seconds
2024-10-07T05:41:46.226+0300: 216.476: Application time: 0.5604915 seconds
2024-10-07T05:41:46.226+0300: 216.477: [GC (Allocation Failure) 2024-10-07T05:41:46.226+0300: 216.477: [ParNew: 413085K->3282K(460096K), 0.0014728 secs] 418308K->8505K(2046080K), 0.0015453 secs] [Times: user=0.00 sys=0.00, real=0.00 secs] 
2024-10-07T05:41:46.226+0300: 216.478: Total time for which application threads were stopped: 0.0018310 seconds, Stopping threads took: 0.0001828 seconds
2024-10-07T05:41:46.792+0300: 217.042: Application time: 0.5637602 seconds
2024-10-07T05:41:46.792+0300: 217.042: [GC (Allocation Failure) 2024-10-07T05:41:46.792+0300: 217.042: [ParNew: 412204K->2268K(460096K), 0.0013512 secs] 417428K->7492K(2046080K), 0.0014614 secs] [Times: user=0.00 sys=0.00, real=0.00 secs] 
2024-10-07T05:41:46.792+0300: 217.044: Total time for which application threads were stopped: 0.0017098 seconds, Stopping threads took: 0.0001511 seconds
2024-10-07T05:41:47.357+0300: 217.607: Application time: 0.5628422 seconds
2024-10-07T05:41:47.357+0300: 217.607: [GC (Allocation Failure) 2024-10-07T05:41:47.357+0300: 217.607: [ParNew: 410657K->4286K(460096K), 0.0016887 secs] 415881K->9511K(2046080K), 0.0017870 secs] [Times: user=0.00 sys=0.00, real=0.00 secs] 
2024-10-07T05:41:47.357+0300: 217.609: Total time for which application threads were stopped: 0.0021519 seconds, Stopping threads took: 0.0002350 seconds
2024-10-07T05:41:47.922+0300: 218.165: Application time: 0.5565813 seconds
2024-10-07T05:41:47.922+0300: 218.166: [GC (Allocation Failure) 2024-10-07T05:41:47.922+0300: 218.166: [ParNew: 413310K->4285K(460096K), 0.0016369 secs] 418535K->9510K(2046080K), 0.0017186 secs] [Times: user=0.00 sys=0.00, real=0.00 secs] 
2024-10-07T05:41:47.922+0300: 218.167: Total time for which application threads were stopped: 0.0020157 seconds, Stopping threads took: 0.0001930 seconds
2024-10-07T05:41:48.487+0300: 218.729: Application time: 0.5618746 seconds
2024-10-07T05:41:48.487+0300: 218.729: [GC (Allocation Failure) 2024-10-07T05:41:48.487+0300: 218.730: [ParNew: 412889K->3264K(460096K), 0.0013330 secs] 418114K->8490K(2046080K), 0.0014215 secs] [Times: user=0.00 sys=0.00, real=0.00 secs] 
2024-10-07T05:41:48.487+0300: 218.731: Total time for which application threads were stopped: 0.0016822 seconds, Stopping threads took: 0.0001443 seconds
2024-10-07T05:41:49.041+0300: 219.292: Application time: 0.5611461 seconds
2024-10-07T05:41:49.041+0300: 219.292: [GC (Allocation Failure) 2024-10-07T05:41:49.041+0300: 219.292: [ParNew: 412288K->3292K(460096K), 0.0015357 secs] 417514K->8519K(2046080K), 0.0016369 secs] [Times: user=0.00 sys=0.00, real=0.01 secs] 
2024-10-07T05:41:49.053+0300: 219.294: Total time for which application threads were stopped: 0.0019815 seconds, Stopping threads took: 0.0002157 seconds
2024-10-07T05:41:49.602+0300: 219.857: Application time: 0.5627646 seconds
2024-10-07T05:41:49.602+0300: 219.857: [GC (Allocation Failure) 2024-10-07T05:41:49.602+0300: 219.857: [ParNew: 412007K->3292K(460096K), 0.0014509 secs] 417233K->8519K(2046080K), 0.0015180 secs] [Times: user=0.02 sys=0.00, real=0.02 secs] 
2024-10-07T05:41:49.617+0300: 219.859: Total time for which application threads were stopped: 0.0018013 seconds, Stopping threads took: 0.0001790 seconds
2024-10-07T05:41:50.167+0300: 220.420: Application time: 0.5609350 seconds
2024-10-07T05:41:50.167+0300: 220.420: [GC (Allocation Failure) 2024-10-07T05:41:50.167+0300: 220.420: [ParNew: 412316K->4302K(460096K), 0.0015363 secs] 417543K->9530K(2046080K), 0.0016091 secs] [Times: user=0.00 sys=0.00, real=0.00 secs] 
2024-10-07T05:41:50.167+0300: 220.421: Total time for which application threads were stopped: 0.0019201 seconds, Stopping threads took: 0.0002081 seconds
2024-10-07T05:41:50.732+0300: 220.982: Application time: 0.5604835 seconds
2024-10-07T05:41:50.732+0300: 220.982: [GC (Allocation Failure) 2024-10-07T05:41:50.732+0300: 220.982: [ParNew: 412518K->4302K(460096K), 0.0015708 secs] 417746K->9530K(2046080K), 0.0016431 secs] [Times: user=0.00 sys=0.00, real=0.00 secs] 
2024-10-07T05:41:50.732+0300: 220.984: Total time for which application threads were stopped: 0.0019108 seconds, Stopping threads took: 0.0001616 seconds
2024-10-07T05:41:51.297+0300: 221.541: Application time: 0.5571950 seconds
2024-10-07T05:41:51.297+0300: 221.541: [GC (Allocation Failure) 2024-10-07T05:41:51.302+0300: 221.544: [ParNew: 412633K->5311K(460096K), 0.0020103 secs] 417862K->10539K(2046080K), 0.0043845 secs] [Times: user=0.00 sys=0.00, real=0.01 secs] 
2024-10-07T05:41:51.302+0300: 221.546: Total time for which application threads were stopped: 0.0046215 seconds, Stopping threads took: 0.0001233 seconds
2024-10-07T05:41:51.861+0300: 222.106: Application time: 0.5603404 seconds
2024-10-07T05:41:51.861+0300: 222.106: [GC (Allocation Failure) 2024-10-07T05:41:51.861+0300: 222.106: [ParNew: 413936K->3277K(460096K), 0.0015366 secs] 419164K->8507K(2046080K), 0.0016141 secs] [Times: user=0.00 sys=0.00, real=0.00 secs] 
2024-10-07T05:41:51.861+0300: 222.108: Total time for which application threads were stopped: 0.0018768 seconds, Stopping threads took: 0.0001546 seconds
2024-10-07T05:41:52.427+0300: 222.669: Application time: 0.5613694 seconds
2024-10-07T05:41:52.427+0300: 222.670: [GC (Allocation Failure) 2024-10-07T05:41:52.427+0300: 222.670: [ParNew: 412301K->4285K(460096K), 0.0016543 secs] 417531K->9515K(2046080K), 0.0017517 secs] [Times: user=0.00 sys=0.00, real=0.00 secs] 
2024-10-07T05:41:52.427+0300: 222.671: Total time for which application threads were stopped: 0.0020177 seconds, Stopping threads took: 0.0001411 seconds
2024-10-07T05:41:52.976+0300: 223.231: Application time: 0.5598565 seconds
2024-10-07T05:41:52.976+0300: 223.231: [GC (Allocation Failure) 2024-10-07T05:41:52.976+0300: 223.231: [ParNew: 412855K->5304K(460096K), 0.0019727 secs] 418085K->10535K(2046080K), 0.0020503 secs] [Times: user=0.01 sys=0.00, real=0.01 secs] 
2024-10-07T05:41:52.991+0300: 223.234: Total time for which application threads were stopped: 0.0023350 seconds, Stopping threads took: 0.0001813 seconds
2024-10-07T05:41:53.541+0300: 223.796: Application time: 0.5621487 seconds
2024-10-07T05:41:53.541+0300: 223.796: [GC (Allocation Failure) 2024-10-07T05:41:53.541+0300: 223.796: [ParNew: 414271K->4300K(460096K), 0.0015914 secs] 419501K->9531K(2046080K), 0.0016705 secs] [Times: user=0.02 sys=0.00, real=0.02 secs] 
2024-10-07T05:41:53.556+0300: 223.798: Total time for which application threads were stopped: 0.0019837 seconds, Stopping threads took: 0.0002042 seconds
2024-10-07T05:41:54.107+0300: 224.357: Application time: 0.5597223 seconds
2024-10-07T05:41:54.107+0300: 224.358: [GC (Allocation Failure) 2024-10-07T05:41:54.107+0300: 224.358: [ParNew: 413324K->6330K(460096K), 0.0023378 secs] 418555K->11562K(2046080K), 0.0024315 secs] [Times: user=0.00 sys=0.00, real=0.00 secs] 
2024-10-07T05:41:54.107+0300: 224.360: Total time for which application threads were stopped: 0.0027374 seconds, Stopping threads took: 0.0002002 seconds
2024-10-07T05:41:54.671+0300: 224.923: Application time: 0.5631755 seconds
2024-10-07T05:41:54.671+0300: 224.924: [GC (Allocation Failure) 2024-10-07T05:41:54.671+0300: 224.924: [ParNew: 415354K->3275K(460096K), 0.0014384 secs] 420586K->8507K(2046080K), 0.0015188 secs] [Times: user=0.00 sys=0.00, real=0.00 secs] 
2024-10-07T05:41:54.671+0300: 224.925: Total time for which application threads were stopped: 0.0017998 seconds, Stopping threads took: 0.0001465 seconds
2024-10-07T05:41:55.236+0300: 225.484: Application time: 0.5590012 seconds
2024-10-07T05:41:55.236+0300: 225.484: [GC (Allocation Failure) 2024-10-07T05:41:55.236+0300: 225.484: [ParNew: 412299K->5309K(460096K), 0.0017512 secs] 417531K->10542K(2046080K), 0.0018285 secs] [Times: user=0.00 sys=0.00, real=0.00 secs] 
2024-10-07T05:41:55.236+0300: 225.486: Total time for which application threads were stopped: 0.0021142 seconds, Stopping threads took: 0.0001820 seconds
2024-10-07T05:41:55.801+0300: 226.048: Application time: 0.5618462 seconds
2024-10-07T05:41:55.801+0300: 226.048: [GC (Allocation Failure) 2024-10-07T05:41:55.801+0300: 226.048: [ParNew: 414143K->4300K(460096K), 0.0016601 secs] 419377K->9534K(2046080K), 0.0017421 secs] [Times: user=0.00 sys=0.00, real=0.00 secs] 
2024-10-07T05:41:55.801+0300: 226.050: Total time for which application threads were stopped: 0.0019949 seconds, Stopping threads took: 0.0001428 seconds
2024-10-07T05:41:56.367+0300: 226.612: Application time: 0.5622807 seconds
2024-10-07T05:41:56.367+0300: 226.613: [GC (Allocation Failure) 2024-10-07T05:41:56.367+0300: 226.613: [ParNew: 413108K->4284K(460096K), 0.0015356 secs] 418342K->9518K(2046080K), 0.0016225 secs] [Times: user=0.00 sys=0.00, real=0.00 secs] 
2024-10-07T05:41:56.367+0300: 226.614: Total time for which application threads were stopped: 0.0019016 seconds, Stopping threads took: 0.0001354 seconds
2024-10-07T05:41:56.916+0300: 227.172: Application time: 0.5575086 seconds
2024-10-07T05:41:56.916+0300: 227.172: [GC (Allocation Failure) 2024-10-07T05:41:56.916+0300: 227.172: [ParNew: 412534K->4300K(460096K), 0.0017797 secs] 417768K->9535K(2046080K), 0.0018595 secs] [Times: user=0.02 sys=0.00, real=0.02 secs] 
2024-10-07T05:41:56.932+0300: 227.174: Total time for which application threads were stopped: 0.0021299 seconds, Stopping threads took: 0.0001562 seconds
2024-10-07T05:41:57.481+0300: 227.738: Application time: 0.5641215 seconds
2024-10-07T05:41:57.497+0300: 227.738: [GC (Allocation Failure) 2024-10-07T05:41:57.497+0300: 227.738: [ParNew: 413324K->2251K(460096K), 0.0012034 secs] 418559K->7487K(2046080K), 0.0012972 secs] [Times: user=0.00 sys=0.00, real=0.00 secs] 
2024-10-07T05:41:57.497+0300: 227.740: Total time for which application threads were stopped: 0.0015608 seconds, Stopping threads took: 0.0001728 seconds
2024-10-07T05:41:58.047+0300: 228.298: Application time: 0.5588621 seconds
2024-10-07T05:41:58.047+0300: 228.299: [GC (Allocation Failure) 2024-10-07T05:41:58.047+0300: 228.299: [ParNew: 411275K->3277K(460096K), 0.0014862 secs] 416511K->8514K(2046080K), 0.0015613 secs] [Times: user=0.00 sys=0.00, real=0.00 secs] 
2024-10-07T05:41:58.047+0300: 228.300: Total time for which application threads were stopped: 0.0018195 seconds, Stopping threads took: 0.0001484 seconds
2024-10-07T05:41:58.616+0300: 228.862: Application time: 0.5616108 seconds
2024-10-07T05:41:58.616+0300: 228.862: [GC (Allocation Failure) 2024-10-07T05:41:58.616+0300: 228.862: [ParNew: 411462K->5304K(460096K), 0.0017091 secs] 416698K->10541K(2046080K), 0.0017813 secs] [Times: user=0.00 sys=0.00, real=0.00 secs] 
2024-10-07T05:41:58.616+0300: 228.864: Total time for which application threads were stopped: 0.0020592 seconds, Stopping threads took: 0.0001734 seconds
2024-10-07T05:41:59.177+0300: 229.422: Application time: 0.5583597 seconds
2024-10-07T05:41:59.177+0300: 229.423: [GC (Allocation Failure) 2024-10-07T05:41:59.177+0300: 229.423: [ParNew: 413429K->5304K(460096K), 0.0017428 secs] 418666K->10542K(2046080K), 0.0018417 secs] [Times: user=0.00 sys=0.00, real=0.00 secs] 
2024-10-07T05:41:59.177+0300: 229.424: Total time for which application threads were stopped: 0.0020973 seconds, Stopping threads took: 0.0001495 seconds
2024-10-07T05:41:59.743+0300: 229.987: Application time: 0.5622605 seconds
2024-10-07T05:41:59.743+0300: 229.987: [GC (Allocation Failure) 2024-10-07T05:41:59.743+0300: 229.987: [ParNew: 413475K->4283K(460096K), 0.0017434 secs] 418712K->9521K(2046080K), 0.0018264 secs] [Times: user=0.00 sys=0.00, real=0.00 secs] 
2024-10-07T05:41:59.743+0300: 229.989: Total time for which application threads were stopped: 0.0020920 seconds, Stopping threads took: 0.0001523 seconds
2024-10-07T05:42:00.307+0300: 230.557: Application time: 0.5685400 seconds
2024-10-07T05:42:00.307+0300: 230.558: [GC (Allocation Failure) 2024-10-07T05:42:00.307+0300: 230.558: [ParNew: 413307K->4301K(460096K), 0.0015942 secs] 418545K->9540K(2046080K), 0.0017101 secs] [Times: user=0.00 sys=0.00, real=0.00 secs] 
2024-10-07T05:42:00.307+0300: 230.559: Total time for which application threads were stopped: 0.0020313 seconds, Stopping threads took: 0.0001839 seconds
2024-10-07T05:42:00.856+0300: 231.110: Application time: 0.5507990 seconds
2024-10-07T05:42:00.856+0300: 231.110: [GC (Allocation Failure) 2024-10-07T05:42:00.856+0300: 231.110: [ParNew: 412704K->5303K(460096K), 0.0018223 secs] 417943K->10542K(2046080K), 0.0018967 secs] [Times: user=0.00 sys=0.00, real=0.00 secs] 
2024-10-07T05:42:00.856+0300: 231.112: Total time for which application threads were stopped: 0.0022005 seconds, Stopping threads took: 0.0001983 seconds
2024-10-07T05:42:01.422+0300: 231.678: Application time: 0.5660667 seconds
2024-10-07T05:42:01.437+0300: 231.679: [GC (Allocation Failure) 2024-10-07T05:42:01.437+0300: 231.679: [ParNew: 413520K->5306K(460096K), 0.0017747 secs] 418759K->10546K(2046080K), 0.0018559 secs] [Times: user=0.00 sys=0.00, real=0.00 secs] 
2024-10-07T05:42:01.437+0300: 231.681: Total time for which application threads were stopped: 0.0021985 seconds, Stopping threads took: 0.0002329 seconds
2024-10-07T05:42:01.987+0300: 232.238: Application time: 0.5570752 seconds
2024-10-07T05:42:01.987+0300: 232.238: [GC (Allocation Failure) 2024-10-07T05:42:01.987+0300: 232.238: [ParNew: 413903K->4284K(460096K), 0.0015253 secs] 419143K->9525K(2046080K), 0.0016006 secs] [Times: user=0.00 sys=0.00, real=0.00 secs] 
2024-10-07T05:42:01.987+0300: 232.240: Total time for which application threads were stopped: 0.0018990 seconds, Stopping threads took: 0.0001968 seconds
2024-10-07T05:42:02.552+0300: 232.806: Application time: 0.5665556 seconds
2024-10-07T05:42:02.552+0300: 232.806: [GC (Allocation Failure) 2024-10-07T05:42:02.552+0300: 232.806: [ParNew: 412921K->4285K(460096K), 0.0014781 secs] 418162K->9527K(2046080K), 0.0015509 secs] [Times: user=0.00 sys=0.00, real=0.00 secs] 
2024-10-07T05:42:02.552+0300: 232.808: Total time for which application threads were stopped: 0.0018423 seconds, Stopping threads took: 0.0001894 seconds
2024-10-07T05:42:03.116+0300: 233.365: Application time: 0.5566911 seconds
2024-10-07T05:42:03.116+0300: 233.365: [GC (Allocation Failure) 2024-10-07T05:42:03.116+0300: 233.365: [ParNew: 412746K->4284K(460096K), 0.0014463 secs] 417988K->9526K(2046080K), 0.0015323 secs] [Times: user=0.00 sys=0.00, real=0.01 secs] 
2024-10-07T05:42:03.125+0300: 233.366: Total time for which application threads were stopped: 0.0017900 seconds, Stopping threads took: 0.0001423 seconds
2024-10-07T05:42:03.682+0300: 233.932: Application time: 0.5653427 seconds
2024-10-07T05:42:03.682+0300: 233.932: [GC (Allocation Failure) 2024-10-07T05:42:03.682+0300: 233.932: [ParNew: 413308K->5306K(460096K), 0.0016773 secs] 418550K->10549K(2046080K), 0.0018194 secs] [Times: user=0.00 sys=0.00, real=0.00 secs] 
2024-10-07T05:42:03.682+0300: 233.934: Total time for which application threads were stopped: 0.0021353 seconds, Stopping threads took: 0.0002101 seconds
2024-10-07T05:42:04.247+0300: 234.494: Application time: 0.5599364 seconds
2024-10-07T05:42:04.247+0300: 234.494: [GC (Allocation Failure) 2024-10-07T05:42:04.247+0300: 234.494: [ParNew: 413383K->5304K(460096K), 0.0015966 secs] 418626K->10547K(2046080K), 0.0016741 secs] [Times: user=0.00 sys=0.00, real=0.00 secs] 
2024-10-07T05:42:04.247+0300: 234.496: Total time for which application threads were stopped: 0.0019344 seconds, Stopping threads took: 0.0001605 seconds
2024-10-07T05:42:04.812+0300: 235.056: Application time: 0.5600194 seconds
2024-10-07T05:42:04.812+0300: 235.056: [GC (Allocation Failure) 2024-10-07T05:42:04.812+0300: 235.056: [ParNew: 414192K->4284K(460096K), 0.0016586 secs] 419435K->9528K(2046080K), 0.0017510 secs] [Times: user=0.00 sys=0.00, real=0.00 secs] 
2024-10-07T05:42:04.812+0300: 235.058: Total time for which application threads were stopped: 0.0019951 seconds, Stopping threads took: 0.0001265 seconds
2024-10-07T05:42:05.376+0300: 235.618: Application time: 0.5602118 seconds
2024-10-07T05:42:05.376+0300: 235.618: [GC (Allocation Failure) 2024-10-07T05:42:05.376+0300: 235.618: [ParNew: 412477K->4281K(460096K), 0.0017892 secs] 417721K->9526K(2046080K), 0.0018680 secs] [Times: user=0.00 sys=0.00, real=0.00 secs] 
2024-10-07T05:42:05.376+0300: 235.620: Total time for which application threads were stopped: 0.0022024 seconds, Stopping threads took: 0.0002106 seconds
2024-10-07T05:42:05.931+0300: 236.178: Application time: 0.5581260 seconds
2024-10-07T05:42:05.931+0300: 236.179: [GC (Allocation Failure) 2024-10-07T05:42:05.931+0300: 236.179: [ParNew: 413263K->5304K(460096K), 0.0018421 secs] 418508K->10549K(2046080K), 0.0019594 secs] [Times: user=0.00 sys=0.00, real=0.00 secs] 
2024-10-07T05:42:05.931+0300: 236.181: Total time for which application threads were stopped: 0.0022192 seconds, Stopping threads took: 0.0001520 seconds
2024-10-07T05:42:06.491+0300: 236.742: Application time: 0.5616312 seconds
2024-10-07T05:42:06.491+0300: 236.743: [GC (Allocation Failure) 2024-10-07T05:42:06.491+0300: 236.743: [ParNew: 414328K->5306K(460096K), 0.0018183 secs] 419573K->10552K(2046080K), 0.0019277 secs] [Times: user=0.00 sys=0.00, real=0.00 secs] 
2024-10-07T05:42:06.491+0300: 236.745: Total time for which application threads were stopped: 0.0023355 seconds, Stopping threads took: 0.0002349 seconds
2024-10-07T05:42:07.056+0300: 237.305: Application time: 0.5608469 seconds
2024-10-07T05:42:07.056+0300: 237.306: [GC (Allocation Failure) 2024-10-07T05:42:07.056+0300: 237.306: [ParNew: 414330K->4298K(460096K), 0.0016409 secs] 419576K->9545K(2046080K), 0.0017175 secs] [Times: user=0.00 sys=0.00, real=0.00 secs] 
2024-10-07T05:42:07.056+0300: 237.307: Total time for which application threads were stopped: 0.0020516 seconds, Stopping threads took: 0.0002256 seconds
2024-10-07T05:42:07.621+0300: 237.874: Application time: 0.5661004 seconds
2024-10-07T05:42:07.621+0300: 237.874: [GC (Allocation Failure) 2024-10-07T05:42:07.621+0300: 237.874: [ParNew: 412693K->4286K(460096K), 0.0017037 secs] 417939K->9533K(2046080K), 0.0017906 secs] [Times: user=0.02 sys=0.00, real=0.01 secs] 
2024-10-07T05:42:07.634+0300: 237.876: Total time for which application threads were stopped: 0.0021897 seconds, Stopping threads took: 0.0002646 seconds
2024-10-07T05:42:08.186+0300: 238.435: Application time: 0.5594345 seconds
2024-10-07T05:42:08.186+0300: 238.436: [GC (Allocation Failure) 2024-10-07T05:42:08.186+0300: 238.436: [ParNew: 413111K->4295K(460096K), 0.0017499 secs] 418358K->9542K(2046080K), 0.0018310 secs] [Times: user=0.00 sys=0.00, real=0.00 secs] 
2024-10-07T05:42:08.186+0300: 238.437: Total time for which application threads were stopped: 0.0021620 seconds, Stopping threads took: 0.0002185 seconds
2024-10-07T05:42:08.751+0300: 239.001: Application time: 0.5636720 seconds
2024-10-07T05:42:08.751+0300: 239.001: [GC (Allocation Failure) 2024-10-07T05:42:08.751+0300: 239.001: [ParNew: 412797K->4284K(460096K), 0.0016285 secs] 418044K->9533K(2046080K), 0.0017126 secs] [Times: user=0.02 sys=0.00, real=0.00 secs] 
2024-10-07T05:42:08.751+0300: 239.003: Total time for which application threads were stopped: 0.0020488 seconds, Stopping threads took: 0.0002279 seconds
2024-10-07T05:42:09.316+0300: 239.567: Application time: 0.5636320 seconds
2024-10-07T05:42:09.316+0300: 239.567: [GC (Allocation Failure) 2024-10-07T05:42:09.316+0300: 239.567: [ParNew: 413308K->4298K(460096K), 0.0019722 secs] 418557K->9547K(2046080K), 0.0020687 secs] [Times: user=0.03 sys=0.02, real=0.00 secs] 
2024-10-07T05:42:09.316+0300: 239.569: Total time for which application threads were stopped: 0.0023084 seconds, Stopping threads took: 0.0001184 seconds
2024-10-07T05:42:09.881+0300: 240.125: Application time: 0.5557477 seconds
2024-10-07T05:42:09.881+0300: 240.125: [GC (Allocation Failure) 2024-10-07T05:42:09.881+0300: 240.125: [ParNew: 412823K->5304K(460096K), 0.0017136 secs] 418072K->10554K(2046080K), 0.0017869 secs] [Times: user=0.02 sys=0.00, real=0.00 secs] 
2024-10-07T05:42:09.881+0300: 240.127: Total time for which application threads were stopped: 0.0020589 seconds, Stopping threads took: 0.0001681 seconds
2024-10-07T05:42:10.446+0300: 240.690: Application time: 0.5629180 seconds
2024-10-07T05:42:10.446+0300: 240.690: [GC (Allocation Failure) 2024-10-07T05:42:10.446+0300: 240.690: [ParNew: 413824K->4280K(460096K), 0.0016232 secs] 419073K->9530K(2046080K), 0.0017304 secs] [Times: user=0.00 sys=0.00, real=0.00 secs] 
2024-10-07T05:42:10.446+0300: 240.692: Total time for which application threads were stopped: 0.0020258 seconds, Stopping threads took: 0.0001548 seconds
2024-10-07T05:42:11.009+0300: 241.250: Application time: 0.5584853 seconds
2024-10-07T05:42:11.009+0300: 241.251: [GC (Allocation Failure) 2024-10-07T05:42:11.009+0300: 241.251: [ParNew: 412401K->4284K(460096K), 0.0014594 secs] 417651K->9535K(2046080K), 0.0015410 secs] [Times: user=0.00 sys=0.00, real=0.00 secs] 
2024-10-07T05:42:11.009+0300: 241.252: Total time for which application threads were stopped: 0.0018387 seconds, Stopping threads took: 0.0001891 seconds
2024-10-07T05:42:11.576+0300: 241.829: Application time: 0.5772898 seconds
2024-10-07T05:42:11.576+0300: 241.830: [GC (Allocation Failure) 2024-10-07T05:42:11.576+0300: 241.830: [ParNew: 413308K->5304K(460096K), 0.0017780 secs] 418559K->10556K(2046080K), 0.0018846 secs] [Times: user=0.00 sys=0.00, real=0.00 secs] 
2024-10-07T05:42:11.576+0300: 241.832: Total time for which application threads were stopped: 0.0021472 seconds, Stopping threads took: 0.0001354 seconds
2024-10-07T05:42:12.156+0300: 242.403: Application time: 0.5710907 seconds
2024-10-07T05:42:12.156+0300: 242.403: [GC (Allocation Failure) 2024-10-07T05:42:12.156+0300: 242.403: [ParNew: 413309K->4283K(460096K), 0.0015018 secs] 418561K->9535K(2046080K), 0.0015853 secs] [Times: user=0.00 sys=0.00, real=0.00 secs] 
2024-10-07T05:42:12.156+0300: 242.405: Total time for which application threads were stopped: 0.0020589 seconds, Stopping threads took: 0.0003731 seconds
2024-10-07T05:42:12.721+0300: 242.977: Application time: 0.5721998 seconds
2024-10-07T05:42:12.721+0300: 242.977: [GC (Allocation Failure) 2024-10-07T05:42:12.721+0300: 242.977: [ParNew: 413307K->4302K(460096K), 0.0016102 secs] 418559K->9555K(2046080K), 0.0016849 secs] [Times: user=0.01 sys=0.00, real=0.02 secs] 
2024-10-07T05:42:12.737+0300: 242.979: Total time for which application threads were stopped: 0.0019972 seconds, Stopping threads took: 0.0002061 seconds
2024-10-07T05:42:13.286+0300: 243.538: Application time: 0.5593605 seconds
2024-10-07T05:42:13.286+0300: 243.539: [GC (Allocation Failure) 2024-10-07T05:42:13.286+0300: 243.539: [ParNew: 413326K->4285K(460096K), 0.0016239 secs] 418579K->9539K(2046080K), 0.0017075 secs] [Times: user=0.00 sys=0.00, real=0.00 secs] 
2024-10-07T05:42:13.286+0300: 243.541: Total time for which application threads were stopped: 0.0022079 seconds, Stopping threads took: 0.0003588 seconds
2024-10-07T05:42:13.852+0300: 244.105: Application time: 0.5643911 seconds
2024-10-07T05:42:13.852+0300: 244.105: [GC (Allocation Failure) 2024-10-07T05:42:13.852+0300: 244.105: [ParNew: 413091K->4285K(460096K), 0.0015583 secs] 418344K->9539K(2046080K), 0.0016394 secs] [Times: user=0.00 sys=0.00, real=0.00 secs] 
2024-10-07T05:42:13.852+0300: 244.107: Total time for which application threads were stopped: 0.0019456 seconds, Stopping threads took: 0.0001798 seconds
2024-10-07T05:42:14.417+0300: 244.672: Application time: 0.5646977 seconds
2024-10-07T05:42:14.417+0300: 244.672: [GC (Allocation Failure) 2024-10-07T05:42:14.417+0300: 244.672: [ParNew: 413309K->4283K(460096K), 0.0021021 secs] 418563K->9537K(2046080K), 0.0021760 secs] [Times: user=0.01 sys=0.00, real=0.01 secs] 
2024-10-07T05:42:14.432+0300: 244.674: Total time for which application threads were stopped: 0.0024827 seconds, Stopping threads took: 0.0001845 seconds
2024-10-07T05:42:14.982+0300: 245.233: Application time: 0.5589011 seconds
2024-10-07T05:42:14.982+0300: 245.233: [GC (Allocation Failure) 2024-10-07T05:42:14.982+0300: 245.233: [ParNew: 413203K->5304K(460096K), 0.0017474 secs] 418458K->10559K(2046080K), 0.0018320 secs] [Times: user=0.00 sys=0.00, real=0.00 secs] 
2024-10-07T05:42:14.982+0300: 245.235: Total time for which application threads were stopped: 0.0022368 seconds, Stopping threads took: 0.0002558 seconds
2024-10-07T05:42:15.550+0300: 245.801: Application time: 0.5658734 seconds
2024-10-07T05:42:15.550+0300: 245.801: [GC (Allocation Failure) 2024-10-07T05:42:15.550+0300: 245.801: [ParNew: 414181K->5304K(460096K), 0.0017748 secs] 419436K->10560K(2046080K), 0.0018537 secs] [Times: user=0.00 sys=0.00, real=0.00 secs] 
2024-10-07T05:42:15.550+0300: 245.803: Total time for which application threads were stopped: 0.0021138 seconds, Stopping threads took: 0.0001306 seconds
2024-10-07T05:42:16.111+0300: 246.363: Application time: 0.5603060 seconds
2024-10-07T05:42:16.111+0300: 246.364: [GC (Allocation Failure) 2024-10-07T05:42:16.111+0300: 246.364: [ParNew: 414328K->3279K(460096K), 0.0014272 secs] 419584K->8536K(2046080K), 0.0015245 secs] [Times: user=0.00 sys=0.00, real=0.00 secs] 
2024-10-07T05:42:16.111+0300: 246.365: Total time for which application threads were stopped: 0.0018710 seconds, Stopping threads took: 0.0002224 seconds
2024-10-07T05:42:16.682+0300: 246.930: Application time: 0.5644387 seconds
2024-10-07T05:42:16.682+0300: 246.930: [GC (Allocation Failure) 2024-10-07T05:42:16.682+0300: 246.930: [ParNew: 411349K->5304K(460096K), 0.0016452 secs] 416605K->10561K(2046080K), 0.0017305 secs] [Times: user=0.02 sys=0.00, real=0.00 secs] 
2024-10-07T05:42:16.682+0300: 246.932: Total time for which application threads were stopped: 0.0020286 seconds, Stopping threads took: 0.0001664 seconds
2024-10-07T05:42:17.240+0300: 247.492: Application time: 0.5600136 seconds
2024-10-07T05:42:17.240+0300: 247.492: [GC (Allocation Failure) 2024-10-07T05:42:17.240+0300: 247.492: [ParNew: 414328K->3265K(460096K), 0.0014103 secs] 419585K->8522K(2046080K), 0.0015020 secs] [Times: user=0.00 sys=0.00, real=0.00 secs] 
2024-10-07T05:42:17.240+0300: 247.494: Total time for which application threads were stopped: 0.0017938 seconds, Stopping threads took: 0.0001663 seconds
2024-10-07T05:42:17.805+0300: 248.058: Application time: 0.5640332 seconds
2024-10-07T05:42:17.805+0300: 248.058: [GC (Allocation Failure) 2024-10-07T05:42:17.805+0300: 248.058: [ParNew: 411498K->4286K(460096K), 0.0014001 secs] 416756K->9545K(2046080K), 0.0014855 secs] [Times: user=0.02 sys=0.00, real=0.00 secs] 
2024-10-07T05:42:17.805+0300: 248.060: Total time for which application threads were stopped: 0.0018875 seconds, Stopping threads took: 0.0002860 seconds
2024-10-07T05:42:18.370+0300: 248.625: Application time: 0.5650408 seconds
2024-10-07T05:42:18.370+0300: 248.625: [GC (Allocation Failure) 2024-10-07T05:42:18.370+0300: 248.625: [ParNew: 413007K->4300K(460096K), 0.0020032 secs] 418266K->9559K(2046080K), 0.0021000 secs] [Times: user=0.02 sys=0.00, real=0.00 secs] 
2024-10-07T05:42:18.370+0300: 248.627: Total time for which application threads were stopped: 0.0024252 seconds, Stopping threads took: 0.0002065 seconds
2024-10-07T05:42:18.936+0300: 249.187: Application time: 0.5602104 seconds
2024-10-07T05:42:18.936+0300: 249.188: [GC (Allocation Failure) 2024-10-07T05:42:18.936+0300: 249.188: [ParNew: 413091K->4286K(460096K), 0.0018005 secs] 418350K->9546K(2046080K), 0.0018788 secs] [Times: user=0.03 sys=0.00, real=0.00 secs] 
2024-10-07T05:42:18.936+0300: 249.189: Total time for which application threads were stopped: 0.0021824 seconds, Stopping threads took: 0.0001772 seconds
2024-10-07T05:42:19.501+0300: 249.751: Application time: 0.5618373 seconds
2024-10-07T05:42:19.501+0300: 249.752: [GC (Allocation Failure) 2024-10-07T05:42:19.501+0300: 249.752: [ParNew: 412778K->5307K(460096K), 0.0016016 secs] 418037K->10567K(2046080K), 0.0016779 secs] [Times: user=0.00 sys=0.00, real=0.00 secs] 
2024-10-07T05:42:19.501+0300: 249.753: Total time for which application threads were stopped: 0.0020176 seconds, Stopping threads took: 0.0002157 seconds
2024-10-07T05:42:20.066+0300: 250.319: Application time: 0.5652068 seconds
2024-10-07T05:42:20.066+0300: 250.319: [GC (Allocation Failure) 2024-10-07T05:42:20.066+0300: 250.319: [ParNew: 413911K->5306K(460096K), 0.0016367 secs] 419172K->10567K(2046080K), 0.0017165 secs] [Times: user=0.00 sys=0.00, real=0.00 secs] 
2024-10-07T05:42:20.066+0300: 250.321: Total time for which application threads were stopped: 0.0020032 seconds, Stopping threads took: 0.0001749 seconds
2024-10-07T05:42:20.646+0300: 250.897: Application time: 0.5760999 seconds
2024-10-07T05:42:20.646+0300: 250.897: [GC (Allocation Failure) 2024-10-07T05:42:20.646+0300: 250.897: [ParNew: 414330K->4300K(460096K), 0.0019741 secs] 419591K->9562K(2046080K), 0.0020572 secs] [Times: user=0.00 sys=0.00, real=0.00 secs] 
2024-10-07T05:42:20.646+0300: 250.899: Total time for which application threads were stopped: 0.0023308 seconds, Stopping threads took: 0.0001653 seconds
2024-10-07T05:42:21.211+0300: 251.455: Application time: 0.5564174 seconds
2024-10-07T05:42:21.211+0300: 251.456: [GC (Allocation Failure) 2024-10-07T05:42:21.211+0300: 251.456: [ParNew: 413324K->5306K(460096K), 0.0018807 secs] 418586K->10568K(2046080K), 0.0019837 secs] [Times: user=0.00 sys=0.00, real=0.00 secs] 
2024-10-07T05:42:21.211+0300: 251.458: Total time for which application threads were stopped: 0.0022293 seconds, Stopping threads took: 0.0001314 seconds
2024-10-07T05:42:21.777+0300: 252.025: Application time: 0.5676091 seconds
2024-10-07T05:42:21.777+0300: 252.026: [GC (Allocation Failure) 2024-10-07T05:42:21.777+0300: 252.026: [ParNew: 413496K->5302K(460096K), 0.0015919 secs] 418758K->10565K(2046080K), 0.0017076 secs] [Times: user=0.00 sys=0.00, real=0.00 secs] 
2024-10-07T05:42:21.777+0300: 252.027: Total time for which application threads were stopped: 0.0021136 seconds, Stopping threads took: 0.0002666 seconds
2024-10-07T05:42:22.342+0300: 252.587: Application time: 0.5595083 seconds
2024-10-07T05:42:22.342+0300: 252.587: [GC (Allocation Failure) 2024-10-07T05:42:22.342+0300: 252.587: [ParNew: 413632K->4283K(460096K), 0.0015800 secs] 418895K->9546K(2046080K), 0.0016811 secs] [Times: user=0.00 sys=0.00, real=0.00 secs] 
2024-10-07T05:42:22.342+0300: 252.589: Total time for which application threads were stopped: 0.0021154 seconds, Stopping threads took: 0.0003037 seconds
2024-10-07T05:42:22.907+0300: 253.150: Application time: 0.5610686 seconds
2024-10-07T05:42:22.907+0300: 253.150: [GC (Allocation Failure) 2024-10-07T05:42:22.907+0300: 253.150: [ParNew: 413048K->3261K(460096K), 0.0014186 secs] 418311K->8525K(2046080K), 0.0014834 secs] [Times: user=0.00 sys=0.00, real=0.00 secs] 
2024-10-07T05:42:22.907+0300: 253.152: Total time for which application threads were stopped: 0.0017244 seconds, Stopping threads took: 0.0001495 seconds
2024-10-07T05:42:23.472+0300: 253.718: Application time: 0.5660608 seconds
2024-10-07T05:42:23.472+0300: 253.718: [GC (Allocation Failure) 2024-10-07T05:42:23.472+0300: 253.718: [ParNew: 412285K->4284K(460096K), 0.0017391 secs] 417549K->9548K(2046080K), 0.0018341 secs] [Times: user=0.00 sys=0.00, real=0.00 secs] 
2024-10-07T05:42:23.472+0300: 253.720: Total time for which application threads were stopped: 0.0020980 seconds, Stopping threads took: 0.0001379 seconds
2024-10-07T05:42:24.036+0300: 254.277: Application time: 0.5574509 seconds
2024-10-07T05:42:24.036+0300: 254.278: [GC (Allocation Failure) 2024-10-07T05:42:24.036+0300: 254.278: [ParNew: 412488K->3280K(460096K), 0.0014637 secs] 417753K->8545K(2046080K), 0.0015374 secs] [Times: user=0.00 sys=0.00, real=0.00 secs] 
2024-10-07T05:42:24.036+0300: 254.279: Total time for which application threads were stopped: 0.0018089 seconds, Stopping threads took: 0.0001611 seconds
2024-10-07T05:42:24.601+0300: 254.843: Application time: 0.5636670 seconds
2024-10-07T05:42:24.601+0300: 254.843: [GC (Allocation Failure) 2024-10-07T05:42:24.601+0300: 254.843: [ParNew: 412304K->2272K(460096K), 0.0012929 secs] 417569K->7538K(2046080K), 0.0013622 secs] [Times: user=0.00 sys=0.00, real=0.00 secs] 
2024-10-07T05:42:24.601+0300: 254.845: Total time for which application threads were stopped: 0.0016718 seconds, Stopping threads took: 0.0002046 seconds
2024-10-07T05:42:25.150+0300: 255.400: Application time: 0.5556336 seconds
2024-10-07T05:42:25.150+0300: 255.400: [GC (Allocation Failure) 2024-10-07T05:42:25.150+0300: 255.400: [ParNew: 410641K->4283K(460096K), 0.0018791 secs] 415907K->9549K(2046080K), 0.0019431 secs] [Times: user=0.00 sys=0.00, real=0.00 secs] 
2024-10-07T05:42:25.150+0300: 255.402: Total time for which application threads were stopped: 0.0022438 seconds, Stopping threads took: 0.0002035 seconds
2024-10-07T05:42:25.714+0300: 255.965: Application time: 0.5627263 seconds
2024-10-07T05:42:25.714+0300: 255.965: [GC (Allocation Failure) 2024-10-07T05:42:25.714+0300: 255.966: [ParNew: 412674K->4284K(460096K), 0.0014549 secs] 417940K->9551K(2046080K), 0.0015763 secs] [Times: user=0.00 sys=0.00, real=0.00 secs] 
2024-10-07T05:42:25.714+0300: 255.967: Total time for which application threads were stopped: 0.0019697 seconds, Stopping threads took: 0.0002705 seconds
2024-10-07T05:42:26.280+0300: 256.526: Application time: 0.5592812 seconds
2024-10-07T05:42:26.280+0300: 256.527: [GC (Allocation Failure) 2024-10-07T05:42:26.280+0300: 256.527: [ParNew: 412703K->5304K(460096K), 0.0016634 secs] 417970K->10572K(2046080K), 0.0017597 secs] [Times: user=0.00 sys=0.00, real=0.00 secs] 
2024-10-07T05:42:26.280+0300: 256.528: Total time for which application threads were stopped: 0.0020032 seconds, Stopping threads took: 0.0001191 seconds
2024-10-07T05:42:26.389+0300: 256.637: Application time: 0.1090470 seconds
2024-10-07T05:42:26.389+0300: 256.638: Total time for which application threads were stopped: 0.0002056 seconds, Stopping threads took: 0.0001660 seconds
2024-10-07T05:42:26.389+0300: 256.638: Application time: 0.0000926 seconds
2024-10-07T05:42:26.389+0300: 256.638: Total time for which application threads were stopped: 0.0000912 seconds, Stopping threads took: 0.0000635 seconds
2024-10-07T05:42:26.484+0300: 256.726: Application time: 0.0879150 seconds
2024-10-07T05:42:26.484+0300: 256.726: Total time for which application threads were stopped: 0.0002257 seconds, Stopping threads took: 0.0001661 seconds
2024-10-07T05:42:26.610+0300: 256.865: Application time: 0.1387715 seconds
2024-10-07T05:42:26.610+0300: 256.865: Total time for which application threads were stopped: 0.0001377 seconds, Stopping threads took: 0.0000895 seconds
2024-10-07T05:42:26.719+0300: 256.966: Application time: 0.1015495 seconds
2024-10-07T05:42:26.719+0300: 256.967: Total time for which application threads were stopped: 0.0005365 seconds, Stopping threads took: 0.0004868 seconds
2024-10-07T05:42:27.033+0300: 257.277: Application time: 0.3095590 seconds
2024-10-07T05:42:27.033+0300: 257.277: [GC (Allocation Failure) 2024-10-07T05:42:27.033+0300: 257.277: [ParNew: 413997K->4302K(460096K), 0.0014311 secs] 419265K->9570K(2046080K), 0.0015041 secs] [Times: user=0.00 sys=0.00, real=0.00 secs] 
2024-10-07T05:42:27.033+0300: 257.278: Total time for which application threads were stopped: 0.0017301 seconds, Stopping threads took: 0.0001268 seconds
2024-10-07T05:42:27.583+0300: 257.831: Application time: 0.5531875 seconds
2024-10-07T05:42:27.583+0300: 257.832: [GC (Allocation Failure) 2024-10-07T05:42:27.583+0300: 257.832: [ParNew: 412465K->2279K(460096K), 0.0012867 secs] 417734K->7548K(2046080K), 0.0013385 secs] [Times: user=0.00 sys=0.00, real=0.00 secs] 
2024-10-07T05:42:27.583+0300: 257.833: Total time for which application threads were stopped: 0.0016017 seconds, Stopping threads took: 0.0001837 seconds
2024-10-07T05:42:28.131+0300: 258.383: Application time: 0.5498464 seconds
2024-10-07T05:42:28.131+0300: 258.383: [GC (Allocation Failure) 2024-10-07T05:42:28.131+0300: 258.383: [ParNew: 410575K->4297K(460096K), 0.0020091 secs] 415844K->9567K(2046080K), 0.0020829 secs] [Times: user=0.00 sys=0.00, real=0.00 secs] 
2024-10-07T05:42:28.131+0300: 258.385: Total time for which application threads were stopped: 0.0023553 seconds, Stopping threads took: 0.0001714 seconds
2024-10-07T05:42:28.697+0300: 258.939: Application time: 0.5538232 seconds
2024-10-07T05:42:28.697+0300: 258.939: [GC (Allocation Failure) 2024-10-07T05:42:28.697+0300: 258.939: [ParNew: 412848K->5312K(460096K), 0.0021235 secs] 418118K->10582K(2046080K), 0.0022052 secs] [Times: user=0.00 sys=0.00, real=0.00 secs] 
2024-10-07T05:42:28.697+0300: 258.942: Total time for which application threads were stopped: 0.0024645 seconds, Stopping threads took: 0.0001516 seconds
2024-10-07T05:42:29.246+0300: 259.499: Application time: 0.5571930 seconds
2024-10-07T05:42:29.246+0300: 259.499: [GC (Allocation Failure) 2024-10-07T05:42:29.246+0300: 259.499: [ParNew: 413677K->5310K(460096K), 0.0016898 secs] 418948K->10581K(2046080K), 0.0017646 secs] [Times: user=0.00 sys=0.00, real=0.00 secs] 
2024-10-07T05:42:29.246+0300: 259.501: Total time for which application threads were stopped: 0.0020446 seconds, Stopping threads took: 0.0001790 seconds
2024-10-07T05:42:29.811+0300: 260.064: Application time: 0.5631488 seconds
2024-10-07T05:42:29.811+0300: 260.064: [GC (Allocation Failure) 2024-10-07T05:42:29.811+0300: 260.064: [ParNew: 413787K->5312K(460096K), 0.0017499 secs] 419058K->10583K(2046080K), 0.0018388 secs] [Times: user=0.00 sys=0.00, real=0.00 secs] 
2024-10-07T05:42:29.811+0300: 260.066: Total time for which application threads were stopped: 0.0021593 seconds, Stopping threads took: 0.0002060 seconds
2024-10-07T05:42:30.379+0300: 260.631: Application time: 0.5651864 seconds
2024-10-07T05:42:30.379+0300: 260.632: [GC (Allocation Failure) 2024-10-07T05:42:30.379+0300: 260.632: [ParNew: 414078K->5302K(460096K), 0.0018935 secs] 419350K->10582K(2046080K), 0.0019852 secs] [Times: user=0.02 sys=0.00, real=0.01 secs] 
2024-10-07T05:42:30.392+0300: 260.634: Total time for which application threads were stopped: 0.0024004 seconds, Stopping threads took: 0.0002967 seconds
2024-10-07T05:42:30.942+0300: 261.192: Application time: 0.5586624 seconds
2024-10-07T05:42:30.942+0300: 261.193: [GC (Allocation Failure) 2024-10-07T05:42:30.942+0300: 261.193: [ParNew: 414326K->4298K(460096K), 0.0016298 secs] 419606K->9578K(2046080K), 0.0017131 secs] [Times: user=0.00 sys=0.00, real=0.00 secs] 
2024-10-07T05:42:30.942+0300: 261.194: Total time for which application threads were stopped: 0.0019941 seconds, Stopping threads took: 0.0001700 seconds
2024-10-07T05:42:31.507+0300: 261.759: Application time: 0.5649621 seconds
2024-10-07T05:42:31.507+0300: 261.760: [GC (Allocation Failure) 2024-10-07T05:42:31.507+0300: 261.760: [ParNew: 413207K->5302K(460096K), 0.0016080 secs] 418487K->10582K(2046080K), 0.0016825 secs] [Times: user=0.02 sys=0.00, real=0.00 secs] 
2024-10-07T05:42:31.507+0300: 261.761: Total time for which application threads were stopped: 0.0019354 seconds, Stopping threads took: 0.0001158 seconds
2024-10-07T05:42:32.072+0300: 262.318: Application time: 0.5571044 seconds
2024-10-07T05:42:32.072+0300: 262.319: [GC (Allocation Failure) 2024-10-07T05:42:32.072+0300: 262.319: [ParNew: 413474K->3263K(460096K), 0.0014990 secs] 418754K->8544K(2046080K), 0.0015834 secs] [Times: user=0.00 sys=0.00, real=0.00 secs] 
2024-10-07T05:42:32.072+0300: 262.320: Total time for which application threads were stopped: 0.0018698 seconds, Stopping threads took: 0.0001838 seconds
2024-10-07T05:42:32.637+0300: 262.883: Application time: 0.5627437 seconds
2024-10-07T05:42:32.637+0300: 262.883: [GC (Allocation Failure) 2024-10-07T05:42:32.637+0300: 262.883: [ParNew: 411961K->3277K(460096K), 0.0013250 secs] 417242K->8559K(2046080K), 0.0014023 secs] [Times: user=0.00 sys=0.00, real=0.00 secs] 
2024-10-07T05:42:32.637+0300: 262.885: Total time for which application threads were stopped: 0.0016620 seconds, Stopping threads took: 0.0001569 seconds
2024-10-07T05:42:33.187+0300: 263.442: Application time: 0.5575015 seconds
2024-10-07T05:42:33.187+0300: 263.442: [GC (Allocation Failure) 2024-10-07T05:42:33.187+0300: 263.442: [ParNew: 412301K->3263K(460096K), 0.0014003 secs] 417583K->8545K(2046080K), 0.0014835 secs] [Times: user=0.00 sys=0.00, real=0.00 secs] 
2024-10-07T05:42:33.187+0300: 263.444: Total time for which application threads were stopped: 0.0017758 seconds, Stopping threads took: 0.0001762 seconds
2024-10-07T05:42:33.768+0300: 264.010: Application time: 0.5659161 seconds
2024-10-07T05:42:33.768+0300: 264.010: [GC (Allocation Failure) 2024-10-07T05:42:33.768+0300: 264.010: [ParNew: 411587K->3280K(460096K), 0.0015980 secs] 416870K->8563K(2046080K), 0.0016833 secs] [Times: user=0.00 sys=0.00, real=0.00 secs] 
2024-10-07T05:42:33.768+0300: 264.012: Total time for which application threads were stopped: 0.0019689 seconds, Stopping threads took: 0.0001740 seconds
2024-10-07T05:42:34.318+0300: 264.574: Application time: 0.5621795 seconds
2024-10-07T05:42:34.318+0300: 264.574: [GC (Allocation Failure) 2024-10-07T05:42:34.318+0300: 264.574: [ParNew: 411661K->4286K(460096K), 0.0016430 secs] 416944K->9570K(2046080K), 0.0017205 secs] [Times: user=0.01 sys=0.00, real=0.02 secs] 
2024-10-07T05:42:34.334+0300: 264.576: Total time for which application threads were stopped: 0.0019629 seconds, Stopping threads took: 0.0001317 seconds
2024-10-07T05:42:34.888+0300: 265.133: Application time: 0.5567337 seconds
2024-10-07T05:42:34.888+0300: 265.133: [GC (Allocation Failure) 2024-10-07T05:42:34.888+0300: 265.133: [ParNew: 413272K->5306K(460096K), 0.0017051 secs] 418556K->10591K(2046080K), 0.0017861 secs] [Times: user=0.00 sys=0.00, real=0.00 secs] 
2024-10-07T05:42:34.888+0300: 265.135: Total time for which application threads were stopped: 0.0020715 seconds, Stopping threads took: 0.0001754 seconds
2024-10-07T05:42:35.449+0300: 265.700: Application time: 0.5651282 seconds
2024-10-07T05:42:35.449+0300: 265.700: [GC (Allocation Failure) 2024-10-07T05:42:35.449+0300: 265.700: [ParNew: 414330K->4296K(460096K), 0.0014827 secs] 419615K->9581K(2046080K), 0.0015721 secs] [Times: user=0.00 sys=0.00, real=0.00 secs] 
2024-10-07T05:42:35.449+0300: 265.702: Total time for which application threads were stopped: 0.0018822 seconds, Stopping threads took: 0.0001960 seconds
2024-10-07T05:42:36.013+0300: 266.258: Application time: 0.5565796 seconds
2024-10-07T05:42:36.013+0300: 266.259: [GC (Allocation Failure) 2024-10-07T05:42:36.013+0300: 266.259: [ParNew: 413213K->3257K(460096K), 0.0013606 secs] 418499K->8543K(2046080K), 0.0014391 secs] [Times: user=0.00 sys=0.00, real=0.00 secs] 
2024-10-07T05:42:36.013+0300: 266.260: Total time for which application threads were stopped: 0.0017541 seconds, Stopping threads took: 0.0002053 seconds
2024-10-07T05:42:36.578+0300: 266.826: Application time: 0.5661478 seconds
2024-10-07T05:42:36.578+0300: 266.827: [GC (Allocation Failure) 2024-10-07T05:42:36.578+0300: 266.827: [ParNew: 411391K->5302K(460096K), 0.0016734 secs] 416676K->10588K(2046080K), 0.0017490 secs] [Times: user=0.00 sys=0.00, real=0.00 secs] 
2024-10-07T05:42:36.578+0300: 266.828: Total time for which application threads were stopped: 0.0019951 seconds, Stopping threads took: 0.0001490 seconds
2024-10-07T05:42:37.143+0300: 267.388: Application time: 0.5599973 seconds
2024-10-07T05:42:37.143+0300: 267.389: [GC (Allocation Failure) 2024-10-07T05:42:37.143+0300: 267.389: [ParNew: 413646K->3274K(460096K), 0.0012933 secs] 418932K->8561K(2046080K), 0.0013648 secs] [Times: user=0.00 sys=0.00, real=0.00 secs] 
2024-10-07T05:42:37.143+0300: 267.390: Total time for which application threads were stopped: 0.0016135 seconds, Stopping threads took: 0.0001466 seconds
2024-10-07T05:42:37.708+0300: 267.950: Application time: 0.5601760 seconds
2024-10-07T05:42:37.708+0300: 267.950: [GC (Allocation Failure) 2024-10-07T05:42:37.708+0300: 267.950: [ParNew: 411569K->4298K(460096K), 0.0013966 secs] 416856K->9586K(2046080K), 0.0014684 secs] [Times: user=0.00 sys=0.00, real=0.00 secs] 
2024-10-07T05:42:37.708+0300: 267.952: Total time for which application threads were stopped: 0.0017399 seconds, Stopping threads took: 0.0001709 seconds
2024-10-07T05:42:38.257+0300: 268.512: Application time: 0.5603177 seconds
2024-10-07T05:42:38.257+0300: 268.512: [GC (Allocation Failure) 2024-10-07T05:42:38.257+0300: 268.512: [ParNew: 413256K->4298K(460096K), 0.0016815 secs] 418544K->9586K(2046080K), 0.0017565 secs] [Times: user=0.02 sys=0.00, real=0.02 secs] 
2024-10-07T05:42:38.272+0300: 268.514: Total time for which application threads were stopped: 0.0020857 seconds, Stopping threads took: 0.0002295 seconds
2024-10-07T05:42:38.822+0300: 269.076: Application time: 0.5613777 seconds
2024-10-07T05:42:38.822+0300: 269.076: [GC (Allocation Failure) 2024-10-07T05:42:38.822+0300: 269.076: [ParNew: 413322K->3258K(460096K), 0.0014798 secs] 418610K->8547K(2046080K), 0.0015443 secs] [Times: user=0.00 sys=0.00, real=0.00 secs] 
2024-10-07T05:42:38.822+0300: 269.077: Total time for which application threads were stopped: 0.0018372 seconds, Stopping threads took: 0.0001997 seconds
2024-10-07T05:42:39.397+0300: 269.641: Application time: 0.5635003 seconds
2024-10-07T05:42:39.397+0300: 269.641: [GC (Allocation Failure) 2024-10-07T05:42:39.397+0300: 269.641: [ParNew: 412282K->3261K(460096K), 0.0013383 secs] 417571K->8550K(2046080K), 0.0014180 secs] [Times: user=0.00 sys=0.00, real=0.00 secs] 
2024-10-07T05:42:39.397+0300: 269.643: Total time for which application threads were stopped: 0.0017839 seconds, Stopping threads took: 0.0002508 seconds
2024-10-07T05:42:39.952+0300: 270.196: Application time: 0.5533213 seconds
2024-10-07T05:42:39.952+0300: 270.196: [GC (Allocation Failure) 2024-10-07T05:42:39.952+0300: 270.196: [ParNew: 411850K->5306K(460096K), 0.0015708 secs] 417140K->10596K(2046080K), 0.0016404 secs] [Times: user=0.00 sys=0.00, real=0.00 secs] 
2024-10-07T05:42:39.952+0300: 270.198: Total time for which application threads were stopped: 0.0019007 seconds, Stopping threads took: 0.0001636 seconds
2024-10-07T05:42:40.518+0300: 270.761: Application time: 0.5633011 seconds
2024-10-07T05:42:40.518+0300: 270.762: [GC (Allocation Failure) 2024-10-07T05:42:40.518+0300: 270.762: [ParNew: 413471K->4280K(460096K), 0.0016316 secs] 418761K->9571K(2046080K), 0.0017149 secs] [Times: user=0.00 sys=0.00, real=0.00 secs] 
2024-10-07T05:42:40.518+0300: 270.763: Total time for which application threads were stopped: 0.0020706 seconds, Stopping threads took: 0.0002157 seconds
2024-10-07T05:42:41.067+0300: 271.322: Application time: 0.5585436 seconds
2024-10-07T05:42:41.067+0300: 271.322: [GC (Allocation Failure) 2024-10-07T05:42:41.067+0300: 271.322: [ParNew: 412909K->4284K(460096K), 0.0018350 secs] 418199K->9575K(2046080K), 0.0019132 secs] [Times: user=0.02 sys=0.00, real=0.02 secs] 
2024-10-07T05:42:41.082+0300: 271.324: Total time for which application threads were stopped: 0.0022195 seconds, Stopping threads took: 0.0002009 seconds
2024-10-07T05:42:41.632+0300: 271.888: Application time: 0.5638577 seconds
2024-10-07T05:42:41.632+0300: 271.888: [GC (Allocation Failure) 2024-10-07T05:42:41.632+0300: 271.888: [ParNew: 412369K->5305K(460096K), 0.0018044 secs] 417660K->10597K(2046080K), 0.0018842 secs] [Times: user=0.02 sys=0.00, real=0.02 secs] 
2024-10-07T05:42:41.647+0300: 271.890: Total time for which application threads were stopped: 0.0021415 seconds, Stopping threads took: 0.0001490 seconds
2024-10-07T05:42:42.203+0300: 272.448: Application time: 0.5576528 seconds
2024-10-07T05:42:42.203+0300: 272.448: [GC (Allocation Failure) 2024-10-07T05:42:42.203+0300: 272.448: [ParNew: 413360K->3292K(460096K), 0.0013974 secs] 418651K->8585K(2046080K), 0.0014723 secs] [Times: user=0.00 sys=0.00, real=0.00 secs] 
2024-10-07T05:42:42.203+0300: 272.450: Total time for which application threads were stopped: 0.0017845 seconds, Stopping threads took: 0.0002087 seconds
2024-10-07T05:42:42.762+0300: 273.013: Application time: 0.5631956 seconds
2024-10-07T05:42:42.762+0300: 273.013: [GC (Allocation Failure) 2024-10-07T05:42:42.762+0300: 273.013: [ParNew: 412316K->3263K(460096K), 0.0014188 secs] 417609K->8556K(2046080K), 0.0014939 secs] [Times: user=0.00 sys=0.00, real=0.00 secs] 
2024-10-07T05:42:42.762+0300: 273.015: Total time for which application threads were stopped: 0.0017723 seconds, Stopping threads took: 0.0001684 seconds
2024-10-07T05:42:43.328+0300: 273.574: Application time: 0.5591472 seconds
2024-10-07T05:42:43.328+0300: 273.574: [GC (Allocation Failure) 2024-10-07T05:42:43.328+0300: 273.574: [ParNew: 411618K->5306K(460096K), 0.0019475 secs] 416911K->10600K(2046080K), 0.0020721 secs] [Times: user=0.00 sys=0.00, real=0.00 secs] 
2024-10-07T05:42:43.328+0300: 273.576: Total time for which application threads were stopped: 0.0023639 seconds, Stopping threads took: 0.0001522 seconds
2024-10-07T05:42:43.893+0300: 274.136: Application time: 0.5602438 seconds
2024-10-07T05:42:43.893+0300: 274.137: [GC (Allocation Failure) 2024-10-07T05:42:43.893+0300: 274.137: [ParNew: 413762K->5308K(460096K), 0.0016133 secs] 419055K->10602K(2046080K), 0.0016875 secs] [Times: user=0.00 sys=0.00, real=0.00 secs] 
2024-10-07T05:42:43.893+0300: 274.138: Total time for which application threads were stopped: 0.0019416 seconds, Stopping threads took: 0.0001552 seconds
2024-10-07T05:42:44.458+0300: 274.701: Application time: 0.5623215 seconds
2024-10-07T05:42:44.458+0300: 274.701: [GC (Allocation Failure) 2024-10-07T05:42:44.458+0300: 274.701: [ParNew: 413329K->4285K(460096K), 0.0014546 secs] 418624K->9580K(2046080K), 0.0015343 secs] [Times: user=0.00 sys=0.00, real=0.00 secs] 
2024-10-07T05:42:44.458+0300: 274.702: Total time for which application threads were stopped: 0.0018599 seconds, Stopping threads took: 0.0001953 seconds
2024-10-07T05:42:45.008+0300: 275.262: Application time: 0.5597602 seconds
2024-10-07T05:42:45.008+0300: 275.262: [GC (Allocation Failure) 2024-10-07T05:42:45.008+0300: 275.262: [ParNew: 413309K->3279K(460096K), 0.0015990 secs] 418604K->8575K(2046080K), 0.0016694 secs] [Times: user=0.00 sys=0.00, real=0.00 secs] 
2024-10-07T05:42:45.008+0300: 275.264: Total time for which application threads were stopped: 0.0019475 seconds, Stopping threads took: 0.0001791 seconds
2024-10-07T05:42:45.573+0300: 275.827: Application time: 0.5629878 seconds
2024-10-07T05:42:45.573+0300: 275.827: [GC (Allocation Failure) 2024-10-07T05:42:45.573+0300: 275.827: [ParNew: 412303K->5305K(460096K), 0.0016300 secs] 417599K->10601K(2046080K), 0.0017027 secs] [Times: user=0.00 sys=0.00, real=0.00 secs] 
2024-10-07T05:42:45.573+0300: 275.829: Total time for which application threads were stopped: 0.0020053 seconds, Stopping threads took: 0.0002086 seconds
2024-10-07T05:42:46.139+0300: 276.386: Application time: 0.5564240 seconds
2024-10-07T05:42:46.139+0300: 276.386: [GC (Allocation Failure) 2024-10-07T05:42:46.139+0300: 276.386: [ParNew: 413351K->5304K(460096K), 0.0017482 secs] 418647K->10601K(2046080K), 0.0018382 secs] [Times: user=0.00 sys=0.00, real=0.00 secs] 
2024-10-07T05:42:46.139+0300: 276.388: Total time for which application threads were stopped: 0.0021262 seconds, Stopping threads took: 0.0001799 seconds
2024-10-07T05:42:46.703+0300: 276.950: Application time: 0.5625736 seconds
2024-10-07T05:42:46.703+0300: 276.951: [GC (Allocation Failure) 2024-10-07T05:42:46.703+0300: 276.951: [ParNew: 414260K->5302K(460096K), 0.0017770 secs] 419557K->10600K(2046080K), 0.0018587 secs] [Times: user=0.00 sys=0.00, real=0.00 secs] 
2024-10-07T05:42:46.703+0300: 276.952: Total time for which application threads were stopped: 0.0021637 seconds, Stopping threads took: 0.0002019 seconds
2024-10-07T05:42:47.269+0300: 277.511: Application time: 0.5588606 seconds
2024-10-07T05:42:47.269+0300: 277.512: [GC (Allocation Failure) 2024-10-07T05:42:47.269+0300: 277.512: [ParNew: 413470K->5306K(460096K), 0.0016542 secs] 418768K->10604K(2046080K), 0.0017197 secs] [Times: user=0.00 sys=0.00, real=0.00 secs] 
2024-10-07T05:42:47.269+0300: 277.513: Total time for which application threads were stopped: 0.0019538 seconds, Stopping threads took: 0.0001403 seconds
2024-10-07T05:42:47.834+0300: 278.077: Application time: 0.5632555 seconds
2024-10-07T05:42:47.834+0300: 278.077: [GC (Allocation Failure) 2024-10-07T05:42:47.834+0300: 278.077: [ParNew: 413530K->4282K(460096K), 0.0015645 secs] 418829K->9581K(2046080K), 0.0016489 secs] [Times: user=0.00 sys=0.00, real=0.00 secs] 
2024-10-07T05:42:47.834+0300: 278.078: Total time for which application threads were stopped: 0.0019042 seconds, Stopping threads took: 0.0001348 seconds
2024-10-07T05:42:48.398+0300: 278.644: Application time: 0.5655046 seconds
2024-10-07T05:42:48.398+0300: 278.644: [GC (Allocation Failure) 2024-10-07T05:42:48.398+0300: 278.644: [ParNew: 412911K->4298K(460096K), 0.0015845 secs] 418210K->9598K(2046080K), 0.0016850 secs] [Times: user=0.00 sys=0.00, real=0.00 secs] 
2024-10-07T05:42:48.398+0300: 278.646: Total time for which application threads were stopped: 0.0020291 seconds, Stopping threads took: 0.0002145 seconds
2024-10-07T05:42:48.948+0300: 279.204: Application time: 0.5584831 seconds
2024-10-07T05:42:48.963+0300: 279.205: [GC (Allocation Failure) 2024-10-07T05:42:48.963+0300: 279.205: [ParNew: 413322K->4282K(460096K), 0.0015968 secs] 418622K->9582K(2046080K), 0.0016784 secs] [Times: user=0.00 sys=0.00, real=0.00 secs] 
2024-10-07T05:42:48.963+0300: 279.206: Total time for which application threads were stopped: 0.0020001 seconds, Stopping threads took: 0.0002106 seconds
2024-10-07T05:42:49.518+0300: 279.769: Application time: 0.5622932 seconds
2024-10-07T05:42:49.518+0300: 279.769: [GC (Allocation Failure) 2024-10-07T05:42:49.518+0300: 279.769: [ParNew: 412685K->5306K(460096K), 0.0019277 secs] 417985K->10607K(2046080K), 0.0020079 secs] [Times: user=0.01 sys=0.00, real=0.01 secs] 
2024-10-07T05:42:49.529+0300: 279.771: Total time for which application threads were stopped: 0.0022901 seconds, Stopping threads took: 0.0001739 seconds
2024-10-07T05:42:50.078+0300: 280.325: Application time: 0.5543161 seconds
2024-10-07T05:42:50.078+0300: 280.326: [GC (Allocation Failure) 2024-10-07T05:42:50.078+0300: 280.326: [ParNew: 413328K->4284K(460096K), 0.0017899 secs] 418629K->9586K(2046080K), 0.0018651 secs] [Times: user=0.00 sys=0.00, real=0.00 secs] 
2024-10-07T05:42:50.078+0300: 280.328: Total time for which application threads were stopped: 0.0021600 seconds, Stopping threads took: 0.0001897 seconds
2024-10-07T05:42:50.643+0300: 280.893: Application time: 0.5650385 seconds
2024-10-07T05:42:50.643+0300: 280.893: [GC (Allocation Failure) 2024-10-07T05:42:50.643+0300: 280.893: [ParNew: 412459K->5304K(460096K), 0.0016777 secs] 417761K->10606K(2046080K), 0.0017599 secs] [Times: user=0.00 sys=0.00, real=0.00 secs] 
2024-10-07T05:42:50.643+0300: 280.895: Total time for which application threads were stopped: 0.0020317 seconds, Stopping threads took: 0.0001617 seconds
2024-10-07T05:42:51.208+0300: 281.454: Application time: 0.5590792 seconds
2024-10-07T05:42:51.208+0300: 281.454: [GC (Allocation Failure) 2024-10-07T05:42:51.208+0300: 281.454: [ParNew: 414328K->5304K(460096K), 0.0015925 secs] 419630K->10607K(2046080K), 0.0016745 secs] [Times: user=0.00 sys=0.00, real=0.00 secs] 
2024-10-07T05:42:51.208+0300: 281.456: Total time for which application threads were stopped: 0.0019407 seconds, Stopping threads took: 0.0001592 seconds
2024-10-07T05:42:51.773+0300: 282.020: Application time: 0.5639709 seconds
2024-10-07T05:42:51.773+0300: 282.020: [GC (Allocation Failure) 2024-10-07T05:42:51.773+0300: 282.020: [ParNew: 413992K->5306K(460096K), 0.0016327 secs] 419294K->10610K(2046080K), 0.0017086 secs] [Times: user=0.02 sys=0.00, real=0.00 secs] 
2024-10-07T05:42:51.773+0300: 282.022: Total time for which application threads were stopped: 0.0019517 seconds, Stopping threads took: 0.0001435 seconds
2024-10-07T05:42:52.338+0300: 282.587: Application time: 0.5654510 seconds
2024-10-07T05:42:52.338+0300: 282.587: [GC (Allocation Failure) 2024-10-07T05:42:52.338+0300: 282.587: [ParNew: 414330K->4298K(460096K), 0.0014647 secs] 419634K->9602K(2046080K), 0.0015567 secs] [Times: user=0.00 sys=0.00, real=0.00 secs] 
2024-10-07T05:42:52.338+0300: 282.589: Total time for which application threads were stopped: 0.0019109 seconds, Stopping threads took: 0.0001760 seconds
2024-10-07T05:42:52.903+0300: 283.147: Application time: 0.5579464 seconds
2024-10-07T05:42:52.903+0300: 283.147: [GC (Allocation Failure) 2024-10-07T05:42:52.903+0300: 283.149: [ParNew: 413042K->3265K(460096K), 0.0017849 secs] 418346K->8570K(2046080K), 0.0040868 secs] [Times: user=0.00 sys=0.00, real=0.00 secs] 
2024-10-07T05:42:52.903+0300: 283.151: Total time for which application threads were stopped: 0.0043363 seconds, Stopping threads took: 0.0001465 seconds
2024-10-07T05:42:53.468+0300: 283.718: Application time: 0.5664731 seconds
2024-10-07T05:42:53.468+0300: 283.718: [GC (Allocation Failure) 2024-10-07T05:42:53.468+0300: 283.718: [ParNew: 412289K->2238K(460096K), 0.0012434 secs] 417594K->7544K(2046080K), 0.0013233 secs] [Times: user=0.00 sys=0.00, real=0.00 secs] 
2024-10-07T05:42:53.468+0300: 283.719: Total time for which application threads were stopped: 0.0016159 seconds, Stopping threads took: 0.0001729 seconds
2024-10-07T05:42:54.034+0300: 284.276: Application time: 0.5567302 seconds
2024-10-07T05:42:54.034+0300: 284.276: [GC (Allocation Failure) 2024-10-07T05:42:54.034+0300: 284.276: [ParNew: 411262K->5307K(460096K), 0.0015914 secs] 416568K->10613K(2046080K), 0.0016663 secs] [Times: user=0.00 sys=0.00, real=0.00 secs] 
2024-10-07T05:42:54.034+0300: 284.278: Total time for which application threads were stopped: 0.0019132 seconds, Stopping threads took: 0.0001533 seconds
2024-10-07T05:42:54.583+0300: 284.838: Application time: 0.5602213 seconds
2024-10-07T05:42:54.583+0300: 284.838: [GC (Allocation Failure) 2024-10-07T05:42:54.583+0300: 284.839: [ParNew: 413759K->5306K(460096K), 0.0017371 secs] 419066K->10613K(2046080K), 0.0018294 secs] [Times: user=0.00 sys=0.00, real=0.02 secs] 
2024-10-07T05:42:54.599+0300: 284.840: Total time for which application threads were stopped: 0.0021776 seconds, Stopping threads took: 0.0001928 seconds
2024-10-07T05:42:55.148+0300: 285.401: Application time: 0.5609971 seconds
2024-10-07T05:42:55.148+0300: 285.402: [GC (Allocation Failure) 2024-10-07T05:42:55.148+0300: 285.402: [ParNew: 413328K->4281K(460096K), 0.0017552 secs] 418634K->9588K(2046080K), 0.0018290 secs] [Times: user=0.00 sys=0.00, real=0.00 secs] 
2024-10-07T05:42:55.148+0300: 285.403: Total time for which application threads were stopped: 0.0021401 seconds, Stopping threads took: 0.0002075 seconds
2024-10-07T05:42:55.713+0300: 285.967: Application time: 0.5636056 seconds
2024-10-07T05:42:55.713+0300: 285.967: [GC (Allocation Failure) 2024-10-07T05:42:55.713+0300: 285.967: [ParNew: 413112K->5306K(460096K), 0.0016864 secs] 418420K->10613K(2046080K), 0.0017652 secs] [Times: user=0.00 sys=0.00, real=0.00 secs] 
2024-10-07T05:42:55.713+0300: 285.969: Total time for which application threads were stopped: 0.0020617 seconds, Stopping threads took: 0.0001904 seconds
2024-10-07T05:42:56.278+0300: 286.528: Application time: 0.5587812 seconds
2024-10-07T05:42:56.278+0300: 286.528: [GC (Allocation Failure) 2024-10-07T05:42:56.278+0300: 286.528: [ParNew: 413692K->5304K(460096K), 0.0016997 secs] 419000K->10613K(2046080K), 0.0018174 secs] [Times: user=0.00 sys=0.00, real=0.00 secs] 
2024-10-07T05:42:56.278+0300: 286.530: Total time for which application threads were stopped: 0.0021050 seconds, Stopping threads took: 0.0001434 seconds
2024-10-07T05:42:56.843+0300: 287.092: Application time: 0.5620356 seconds
2024-10-07T05:42:56.843+0300: 287.092: [GC (Allocation Failure) 2024-10-07T05:42:56.843+0300: 287.092: [ParNew: 414079K->4296K(460096K), 0.0015606 secs] 419388K->9605K(2046080K), 0.0016437 secs] [Times: user=0.00 sys=0.00, real=0.00 secs] 
2024-10-07T05:42:56.843+0300: 287.094: Total time for which application threads were stopped: 0.0019310 seconds, Stopping threads took: 0.0001790 seconds
2024-10-07T05:42:57.409+0300: 287.657: Application time: 0.5625038 seconds
2024-10-07T05:42:57.409+0300: 287.657: [GC (Allocation Failure) 2024-10-07T05:42:57.409+0300: 287.657: [ParNew: 412867K->4281K(460096K), 0.0013348 secs] 418176K->9591K(2046080K), 0.0014132 secs] [Times: user=0.00 sys=0.00, real=0.00 secs] 
2024-10-07T05:42:57.409+0300: 287.658: Total time for which application threads were stopped: 0.0016953 seconds, Stopping threads took: 0.0001825 seconds
2024-10-07T05:42:57.974+0300: 288.218: Application time: 0.5595710 seconds
2024-10-07T05:42:57.974+0300: 288.218: [GC (Allocation Failure) 2024-10-07T05:42:57.974+0300: 288.218: [ParNew: 413293K->4285K(460096K), 0.0014726 secs] 418603K->9596K(2046080K), 0.0015422 secs] [Times: user=0.00 sys=0.00, real=0.00 secs] 
2024-10-07T05:42:57.974+0300: 288.220: Total time for which application threads were stopped: 0.0018043 seconds, Stopping threads took: 0.0001558 seconds
2024-10-07T05:42:58.536+0300: 288.780: Application time: 0.5603717 seconds
2024-10-07T05:42:58.536+0300: 288.780: [GC (Allocation Failure) 2024-10-07T05:42:58.536+0300: 288.780: [ParNew: 412955K->5305K(460096K), 0.0016534 secs] 418265K->10616K(2046080K), 0.0017724 secs] [Times: user=0.03 sys=0.00, real=0.00 secs] 
2024-10-07T05:42:58.539+0300: 288.782: Total time for which application threads were stopped: 0.0020722 seconds, Stopping threads took: 0.0001418 seconds
2024-10-07T05:42:59.103+0300: 289.345: Application time: 0.5628767 seconds
2024-10-07T05:42:59.103+0300: 289.345: [GC (Allocation Failure) 2024-10-07T05:42:59.103+0300: 289.345: [ParNew: 414329K->3264K(460096K), 0.0014133 secs] 419640K->8576K(2046080K), 0.0014859 secs] [Times: user=0.02 sys=0.00, real=0.00 secs] 
2024-10-07T05:42:59.104+0300: 289.347: Total time for which application threads were stopped: 0.0017392 seconds, Stopping threads took: 0.0001505 seconds
2024-10-07T05:42:59.654+0300: 289.909: Application time: 0.5618860 seconds
2024-10-07T05:42:59.654+0300: 289.909: [GC (Allocation Failure) 2024-10-07T05:42:59.654+0300: 289.909: [ParNew: 411811K->3258K(460096K), 0.0013178 secs] 417122K->8570K(2046080K), 0.0014008 secs] [Times: user=0.00 sys=0.00, real=0.00 secs] 
2024-10-07T05:42:59.654+0300: 289.910: Total time for which application threads were stopped: 0.0016943 seconds, Stopping threads took: 0.0001904 seconds
2024-10-07T05:43:00.219+0300: 290.472: Application time: 0.5612692 seconds
2024-10-07T05:43:00.219+0300: 290.472: [GC (Allocation Failure) 2024-10-07T05:43:00.219+0300: 290.472: [ParNew: 412070K->3258K(460096K), 0.0012855 secs] 417383K->8571K(2046080K), 0.0013817 secs] [Times: user=0.00 sys=0.00, real=0.00 secs] 
2024-10-07T05:43:00.219+0300: 290.473: Total time for which application threads were stopped: 0.0016774 seconds, Stopping threads took: 0.0001806 seconds
2024-10-07T05:43:00.784+0300: 291.036: Application time: 0.5627636 seconds
2024-10-07T05:43:00.784+0300: 291.036: [GC (Allocation Failure) 2024-10-07T05:43:00.784+0300: 291.036: [ParNew: 411259K->4300K(460096K), 0.0014106 secs] 416571K->9614K(2046080K), 0.0015096 secs] [Times: user=0.00 sys=0.00, real=0.00 secs] 
2024-10-07T05:43:00.784+0300: 291.038: Total time for which application threads were stopped: 0.0019480 seconds, Stopping threads took: 0.0003050 seconds
2024-10-07T05:43:01.350+0300: 291.602: Application time: 0.5639233 seconds
2024-10-07T05:43:01.350+0300: 291.602: [GC (Allocation Failure) 2024-10-07T05:43:01.350+0300: 291.602: [ParNew: 412511K->5309K(460096K), 0.0015693 secs] 417825K->10623K(2046080K), 0.0016600 secs] [Times: user=0.00 sys=0.00, real=0.00 secs] 
2024-10-07T05:43:01.350+0300: 291.604: Total time for which application threads were stopped: 0.0019710 seconds, Stopping threads took: 0.0001814 seconds
2024-10-07T05:43:01.917+0300: 292.159: Application time: 0.5553691 seconds
2024-10-07T05:43:01.917+0300: 292.159: [GC (Allocation Failure) 2024-10-07T05:43:01.917+0300: 292.159: [ParNew: 413325K->3262K(460096K), 0.0013721 secs] 418640K->8577K(2046080K), 0.0014421 secs] [Times: user=0.00 sys=0.00, real=0.00 secs] 
2024-10-07T05:43:01.919+0300: 292.161: Total time for which application threads were stopped: 0.0016832 seconds, Stopping threads took: 0.0001418 seconds
2024-10-07T05:43:02.480+0300: 292.728: Application time: 0.5667953 seconds
2024-10-07T05:43:02.480+0300: 292.728: [GC (Allocation Failure) 2024-10-07T05:43:02.480+0300: 292.728: [ParNew: 412286K->3263K(460096K), 0.0014518 secs] 417601K->8578K(2046080K), 0.0015378 secs] [Times: user=0.00 sys=0.00, real=0.00 secs] 
2024-10-07T05:43:02.480+0300: 292.729: Total time for which application threads were stopped: 0.0018177 seconds, Stopping threads took: 0.0001433 seconds
2024-10-07T05:43:03.029+0300: 293.284: Application time: 0.5544378 seconds
2024-10-07T05:43:03.029+0300: 293.284: [GC (Allocation Failure) 2024-10-07T05:43:03.029+0300: 293.284: [ParNew: 411895K->4299K(460096K), 0.0015071 secs] 417210K->9616K(2046080K), 0.0015824 secs] [Times: user=0.01 sys=0.00, real=0.01 secs] 
2024-10-07T05:43:03.044+0300: 293.286: Total time for which application threads were stopped: 0.0018356 seconds, Stopping threads took: 0.0001546 seconds
2024-10-07T05:43:03.594+0300: 293.847: Application time: 0.5610339 seconds
2024-10-07T05:43:03.594+0300: 293.847: [GC (Allocation Failure) 2024-10-07T05:43:03.594+0300: 293.847: [ParNew: 412834K->5306K(460096K), 0.0017252 secs] 418150K->10623K(2046080K), 0.0018067 secs] [Times: user=0.00 sys=0.00, real=0.00 secs] 
2024-10-07T05:43:03.594+0300: 293.849: Total time for which application threads were stopped: 0.0022004 seconds, Stopping threads took: 0.0002590 seconds
2024-10-07T05:43:04.159+0300: 294.405: Application time: 0.5560338 seconds
2024-10-07T05:43:04.159+0300: 294.405: [GC (Allocation Failure) 2024-10-07T05:43:04.159+0300: 294.405: [ParNew: 413323K->5306K(460096K), 0.0017844 secs] 418640K->10624K(2046080K), 0.0018502 secs] [Times: user=0.01 sys=0.00, real=0.01 secs] 
2024-10-07T05:43:04.166+0300: 294.407: Total time for which application threads were stopped: 0.0021106 seconds, Stopping threads took: 0.0001588 seconds
2024-10-07T05:43:04.723+0300: 294.973: Application time: 0.5663442 seconds
2024-10-07T05:43:04.723+0300: 294.974: [GC (Allocation Failure) 2024-10-07T05:43:04.723+0300: 294.974: [ParNew: 414330K->5304K(460096K), 0.0017228 secs] 419648K->10622K(2046080K), 0.0018027 secs] [Times: user=0.02 sys=0.00, real=0.01 secs] 
2024-10-07T05:43:04.734+0300: 294.976: Total time for which application threads were stopped: 0.0020727 seconds, Stopping threads took: 0.0001553 seconds
2024-10-07T05:43:05.289+0300: 295.535: Application time: 0.5596432 seconds
2024-10-07T05:43:05.289+0300: 295.535: [GC (Allocation Failure) 2024-10-07T05:43:05.289+0300: 295.535: [ParNew: 414328K->4298K(460096K), 0.0014233 secs] 419646K->9617K(2046080K), 0.0015288 secs] [Times: user=0.00 sys=0.00, real=0.00 secs] 
2024-10-07T05:43:05.289+0300: 295.537: Total time for which application threads were stopped: 0.0017404 seconds, Stopping threads took: 0.0001008 seconds
2024-10-07T05:43:05.854+0300: 296.098: Application time: 0.5611581 seconds
2024-10-07T05:43:05.854+0300: 296.098: [GC (Allocation Failure) 2024-10-07T05:43:05.854+0300: 296.098: [ParNew: 413112K->4283K(460096K), 0.0015739 secs] 418431K->9602K(2046080K), 0.0016384 secs] [Times: user=0.00 sys=0.00, real=0.00 secs] 
2024-10-07T05:43:05.858+0300: 296.100: Total time for which application threads were stopped: 0.0019446 seconds, Stopping threads took: 0.0002046 seconds
2024-10-07T05:43:06.419+0300: 296.662: Application time: 0.5619572 seconds
2024-10-07T05:43:06.419+0300: 296.662: [GC (Allocation Failure) 2024-10-07T05:43:06.419+0300: 296.662: [ParNew: 413023K->4284K(460096K), 0.0013511 secs] 418342K->9604K(2046080K), 0.0014509 secs] [Times: user=0.00 sys=0.00, real=0.00 secs] 
2024-10-07T05:43:06.419+0300: 296.664: Total time for which application threads were stopped: 0.0017301 seconds, Stopping threads took: 0.0001294 seconds
2024-10-07T05:43:06.969+0300: 297.222: Application time: 0.5586103 seconds
2024-10-07T05:43:06.969+0300: 297.223: [GC (Allocation Failure) 2024-10-07T05:43:06.969+0300: 297.223: [ParNew: 412818K->3278K(460096K), 0.0015195 secs] 418138K->8599K(2046080K), 0.0015984 secs] [Times: user=0.00 sys=0.00, real=0.00 secs] 
2024-10-07T05:43:06.969+0300: 297.224: Total time for which application threads were stopped: 0.0019298 seconds, Stopping threads took: 0.0001956 seconds
2024-10-07T05:43:07.534+0300: 297.789: Application time: 0.5642137 seconds
2024-10-07T05:43:07.534+0300: 297.789: [GC (Allocation Failure) 2024-10-07T05:43:07.534+0300: 297.789: [ParNew: 412212K->5306K(460096K), 0.0015312 secs] 417533K->10627K(2046080K), 0.0016073 secs] [Times: user=0.00 sys=0.00, real=0.00 secs] 
2024-10-07T05:43:07.534+0300: 297.790: Total time for which application threads were stopped: 0.0019316 seconds, Stopping threads took: 0.0002212 seconds
2024-10-07T05:43:08.099+0300: 298.349: Application time: 0.5584630 seconds
2024-10-07T05:43:08.099+0300: 298.349: [GC (Allocation Failure) 2024-10-07T05:43:08.099+0300: 298.349: [ParNew: 413899K->5306K(460096K), 0.0017172 secs] 419220K->10628K(2046080K), 0.0017881 secs] [Times: user=0.00 sys=0.00, real=0.00 secs] 
2024-10-07T05:43:08.099+0300: 298.351: Total time for which application threads were stopped: 0.0021005 seconds, Stopping threads took: 0.0001967 seconds
2024-10-07T05:43:08.665+0300: 298.914: Application time: 0.5631182 seconds
2024-10-07T05:43:08.665+0300: 298.914: [GC (Allocation Failure) 2024-10-07T05:43:08.665+0300: 298.915: [ParNew: 414330K->5307K(460096K), 0.0018544 secs] 419652K->10630K(2046080K), 0.0019333 secs] [Times: user=0.00 sys=0.00, real=0.01 secs] 
2024-10-07T05:43:08.675+0300: 298.916: Total time for which application threads were stopped: 0.0023122 seconds, Stopping threads took: 0.0002430 seconds
2024-10-07T05:43:09.230+0300: 299.475: Application time: 0.5585718 seconds
2024-10-07T05:43:09.230+0300: 299.475: [GC (Allocation Failure) 2024-10-07T05:43:09.230+0300: 299.475: [ParNew: 414252K->4286K(460096K), 0.0016456 secs] 419574K->9609K(2046080K), 0.0017240 secs] [Times: user=0.00 sys=0.00, real=0.00 secs] 
2024-10-07T05:43:09.230+0300: 299.477: Total time for which application threads were stopped: 0.0020210 seconds, Stopping threads took: 0.0001952 seconds
2024-10-07T05:43:09.795+0300: 300.041: Application time: 0.5637159 seconds
2024-10-07T05:43:09.795+0300: 300.041: [GC (Allocation Failure) 2024-10-07T05:43:09.795+0300: 300.041: [ParNew: 412328K->3294K(460096K), 0.0015284 secs] 417651K->8618K(2046080K), 0.0016155 secs] [Times: user=0.00 sys=0.00, real=0.01 secs] 
2024-10-07T05:43:09.801+0300: 300.043: Total time for which application threads were stopped: 0.0019526 seconds, Stopping threads took: 0.0001985 seconds
2024-10-07T05:43:10.360+0300: 300.605: Application time: 0.5626077 seconds
2024-10-07T05:43:10.360+0300: 300.606: [GC (Allocation Failure) 2024-10-07T05:43:10.360+0300: 300.606: [ParNew: 412318K->5306K(460096K), 0.0016551 secs] 417642K->10631K(2046080K), 0.0017240 secs] [Times: user=0.00 sys=0.00, real=0.01 secs] 
2024-10-07T05:43:10.366+0300: 300.607: Total time for which application threads were stopped: 0.0019402 seconds, Stopping threads took: 0.0001216 seconds
2024-10-07T05:43:10.910+0300: 301.164: Application time: 0.5570750 seconds
2024-10-07T05:43:10.910+0300: 301.165: [GC (Allocation Failure) 2024-10-07T05:43:10.910+0300: 301.165: [ParNew: 414247K->4282K(460096K), 0.0015304 secs] 419572K->9607K(2046080K), 0.0016154 secs] [Times: user=0.00 sys=0.00, real=0.00 secs] 
2024-10-07T05:43:10.910+0300: 301.166: Total time for which application threads were stopped: 0.0019651 seconds, Stopping threads took: 0.0002075 seconds
2024-10-07T05:43:11.475+0300: 301.732: Application time: 0.5654932 seconds
2024-10-07T05:43:11.491+0300: 301.732: [GC (Allocation Failure) 2024-10-07T05:43:11.491+0300: 301.732: [ParNew: 412602K->3261K(460096K), 0.0013767 secs] 417927K->8587K(2046080K), 0.0014398 secs] [Times: user=0.00 sys=0.00, real=0.00 secs] 
2024-10-07T05:43:11.492+0300: 301.734: Total time for which application threads were stopped: 0.0018140 seconds, Stopping threads took: 0.0002615 seconds
2024-10-07T05:43:12.040+0300: 302.291: Application time: 0.5576365 seconds
2024-10-07T05:43:12.040+0300: 302.292: [GC (Allocation Failure) 2024-10-07T05:43:12.040+0300: 302.292: [ParNew: 412285K->5304K(460096K), 0.0019649 secs] 417611K->10630K(2046080K), 0.0020435 secs] [Times: user=0.00 sys=0.00, real=0.00 secs] 
2024-10-07T05:43:12.040+0300: 302.294: Total time for which application threads were stopped: 0.0023438 seconds, Stopping threads took: 0.0001839 seconds
2024-10-07T05:43:12.605+0300: 302.858: Application time: 0.5642600 seconds
2024-10-07T05:43:12.605+0300: 302.858: [GC (Allocation Failure) 2024-10-07T05:43:12.605+0300: 302.858: [ParNew: 413653K->4300K(460096K), 0.0016226 secs] 418979K->9627K(2046080K), 0.0016983 secs] [Times: user=0.00 sys=0.00, real=0.01 secs] 
2024-10-07T05:43:12.618+0300: 302.860: Total time for which application threads were stopped: 0.0020140 seconds, Stopping threads took: 0.0002021 seconds
2024-10-07T05:43:13.171+0300: 303.415: Application time: 0.5552371 seconds
2024-10-07T05:43:13.171+0300: 303.415: [GC (Allocation Failure) 2024-10-07T05:43:13.171+0300: 303.415: [ParNew: 412579K->4281K(460096K), 0.0015390 secs] 417906K->9608K(2046080K), 0.0016154 secs] [Times: user=0.00 sys=0.00, real=0.00 secs] 
2024-10-07T05:43:13.171+0300: 303.417: Total time for which application threads were stopped: 0.0019352 seconds, Stopping threads took: 0.0002120 seconds
2024-10-07T05:43:13.735+0300: 303.978: Application time: 0.5610845 seconds
2024-10-07T05:43:13.735+0300: 303.978: [GC (Allocation Failure) 2024-10-07T05:43:13.735+0300: 303.978: [ParNew: 412896K->4285K(460096K), 0.0016629 secs] 418223K->9613K(2046080K), 0.0017413 secs] [Times: user=0.00 sys=0.00, real=0.00 secs] 
2024-10-07T05:43:13.735+0300: 303.980: Total time for which application threads were stopped: 0.0020208 seconds, Stopping threads took: 0.0001767 seconds
2024-10-07T05:43:14.285+0300: 304.541: Application time: 0.5607825 seconds
2024-10-07T05:43:14.285+0300: 304.541: [GC (Allocation Failure) 2024-10-07T05:43:14.285+0300: 304.541: [ParNew: 412843K->4283K(460096K), 0.0015102 secs] 418171K->9611K(2046080K), 0.0016097 secs] [Times: user=0.02 sys=0.00, real=0.01 secs] 
2024-10-07T05:43:14.300+0300: 304.543: Total time for which application threads were stopped: 0.0018345 seconds, Stopping threads took: 0.0001019 seconds
2024-10-07T05:43:14.849+0300: 305.104: Application time: 0.5614516 seconds
2024-10-07T05:43:14.849+0300: 305.105: [GC (Allocation Failure) 2024-10-07T05:43:14.849+0300: 305.105: [ParNew: 413307K->4302K(460096K), 0.0014752 secs] 418635K->9631K(2046080K), 0.0015823 secs] [Times: user=0.00 sys=0.00, real=0.02 secs] 
2024-10-07T05:43:14.865+0300: 305.106: Total time for which application threads were stopped: 0.0019128 seconds, Stopping threads took: 0.0002130 seconds
2024-10-07T05:43:15.430+0300: 305.671: Application time: 0.5650993 seconds
2024-10-07T05:43:15.430+0300: 305.672: [GC (Allocation Failure) 2024-10-07T05:43:15.430+0300: 305.672: [ParNew: 413237K->5307K(460096K), 0.0015434 secs] 418567K->10637K(2046080K), 0.0016329 secs] [Times: user=0.00 sys=0.00, real=0.00 secs] 
2024-10-07T05:43:15.430+0300: 305.673: Total time for which application threads were stopped: 0.0019818 seconds, Stopping threads took: 0.0002298 seconds
2024-10-07T05:43:15.980+0300: 306.231: Application time: 0.5573809 seconds
2024-10-07T05:43:15.980+0300: 306.231: [GC (Allocation Failure) 2024-10-07T05:43:15.980+0300: 306.231: [ParNew: 414331K->4296K(460096K), 0.0014196 secs] 419661K->9627K(2046080K), 0.0014895 secs] [Times: user=0.00 sys=0.00, real=0.00 secs] 
2024-10-07T05:43:15.980+0300: 306.232: Total time for which application threads were stopped: 0.0017662 seconds, Stopping threads took: 0.0001802 seconds
2024-10-07T05:43:16.545+0300: 306.800: Application time: 0.5674494 seconds
2024-10-07T05:43:16.545+0300: 306.800: [GC (Allocation Failure) 2024-10-07T05:43:16.545+0300: 306.800: [ParNew: 413320K->4286K(460096K), 0.0019072 secs] 418651K->9617K(2046080K), 0.0019999 secs] [Times: user=0.02 sys=0.00, real=0.01 secs] 
2024-10-07T05:43:16.560+0300: 306.802: Total time for which application threads were stopped: 0.0023417 seconds, Stopping threads took: 0.0002053 seconds
2024-10-07T05:43:17.110+0300: 307.363: Application time: 0.5606798 seconds
2024-10-07T05:43:17.110+0300: 307.363: [GC (Allocation Failure) 2024-10-07T05:43:17.110+0300: 307.363: [ParNew: 412729K->3263K(460096K), 0.0019023 secs] 418060K->8595K(2046080K), 0.0019863 secs] [Times: user=0.00 sys=0.00, real=0.00 secs] 
2024-10-07T05:43:17.110+0300: 307.365: Total time for which application threads were stopped: 0.0023590 seconds, Stopping threads took: 0.0002565 seconds
2024-10-07T05:43:17.675+0300: 307.927: Application time: 0.5614744 seconds
2024-10-07T05:43:17.675+0300: 307.927: [GC (Allocation Failure) 2024-10-07T05:43:17.675+0300: 307.927: [ParNew: 411935K->3295K(460096K), 0.0014887 secs] 417267K->8628K(2046080K), 0.0015890 secs] [Times: user=0.00 sys=0.00, real=0.00 secs] 
2024-10-07T05:43:17.675+0300: 307.929: Total time for which application threads were stopped: 0.0019677 seconds, Stopping threads took: 0.0002500 seconds
2024-10-07T05:43:18.240+0300: 308.486: Application time: 0.5568227 seconds
2024-10-07T05:43:18.240+0300: 308.486: [GC (Allocation Failure) 2024-10-07T05:43:18.240+0300: 308.486: [ParNew: 411917K->5307K(460096K), 0.0021604 secs] 417249K->10640K(2046080K), 0.0022393 secs] [Times: user=0.00 sys=0.00, real=0.00 secs] 
2024-10-07T05:43:18.240+0300: 308.488: Total time for which application threads were stopped: 0.0025545 seconds, Stopping threads took: 0.0002077 seconds
2024-10-07T05:43:18.805+0300: 309.053: Application time: 0.5646480 seconds
2024-10-07T05:43:18.805+0300: 309.053: [GC (Allocation Failure) 2024-10-07T05:43:18.805+0300: 309.053: [ParNew: 414284K->4298K(460096K), 0.0016860 secs] 419617K->9632K(2046080K), 0.0017958 secs] [Times: user=0.02 sys=0.00, real=0.00 secs] 
2024-10-07T05:43:18.805+0300: 309.055: Total time for which application threads were stopped: 0.0021707 seconds, Stopping threads took: 0.0002034 seconds
2024-10-07T05:43:19.377+0300: 309.619: Application time: 0.5638124 seconds
2024-10-07T05:43:19.377+0300: 309.619: [GC (Allocation Failure) 2024-10-07T05:43:19.377+0300: 309.619: [ParNew: 413060K->4296K(460096K), 0.0016440 secs] 418394K->9630K(2046080K), 0.0017361 secs] [Times: user=0.00 sys=0.00, real=0.00 secs] 
2024-10-07T05:43:19.377+0300: 309.621: Total time for which application threads were stopped: 0.0020432 seconds, Stopping threads took: 0.0001842 seconds
2024-10-07T05:43:19.935+0300: 310.178: Application time: 0.5574480 seconds
2024-10-07T05:43:19.935+0300: 310.178: [GC (Allocation Failure) 2024-10-07T05:43:19.935+0300: 310.179: [ParNew: 412785K->4299K(460096K), 0.0018192 secs] 418119K->9634K(2046080K), 0.0019021 secs] [Times: user=0.00 sys=0.00, real=0.00 secs] 
2024-10-07T05:43:19.935+0300: 310.180: Total time for which application threads were stopped: 0.0022107 seconds, Stopping threads took: 0.0001950 seconds
2024-10-07T05:43:20.500+0300: 310.753: Application time: 0.5729922 seconds
2024-10-07T05:43:20.500+0300: 310.754: [GC (Allocation Failure) 2024-10-07T05:43:20.500+0300: 310.754: [ParNew: 412474K->5302K(460096K), 0.0018066 secs] 417808K->10638K(2046080K), 0.0018832 secs] [Times: user=0.00 sys=0.00, real=0.00 secs] 
2024-10-07T05:43:20.500+0300: 310.756: Total time for which application threads were stopped: 0.0023588 seconds, Stopping threads took: 0.0002695 seconds
2024-10-07T05:43:21.065+0300: 311.319: Application time: 0.5633732 seconds
2024-10-07T05:43:21.065+0300: 311.319: [GC (Allocation Failure) 2024-10-07T05:43:21.065+0300: 311.319: [ParNew: 414326K->5309K(460096K), 0.0016923 secs] 419662K->10645K(2046080K), 0.0017842 secs] [Times: user=0.00 sys=0.00, real=0.00 secs] 
2024-10-07T05:43:21.065+0300: 311.321: Total time for which application threads were stopped: 0.0020828 seconds, Stopping threads took: 0.0001732 seconds
2024-10-07T05:43:21.645+0300: 311.897: Application time: 0.5759491 seconds
2024-10-07T05:43:21.645+0300: 311.897: [GC (Allocation Failure) 2024-10-07T05:43:21.645+0300: 311.898: [ParNew: 414261K->5308K(460096K), 0.0018675 secs] 419597K->10645K(2046080K), 0.0019549 secs] [Times: user=0.00 sys=0.00, real=0.00 secs] 
2024-10-07T05:43:21.645+0300: 311.899: Total time for which application threads were stopped: 0.0022750 seconds, Stopping threads took: 0.0001906 seconds
2024-10-07T05:43:22.210+0300: 312.462: Application time: 0.5629566 seconds
2024-10-07T05:43:22.210+0300: 312.463: [GC (Allocation Failure) 2024-10-07T05:43:22.210+0300: 312.463: [ParNew: 414332K->4285K(460096K), 0.0016190 secs] 419669K->9623K(2046080K), 0.0017082 secs] [Times: user=0.00 sys=0.00, real=0.00 secs] 
2024-10-07T05:43:22.210+0300: 312.464: Total time for which application threads were stopped: 0.0019802 seconds, Stopping threads took: 0.0001340 seconds
2024-10-07T05:43:22.784+0300: 313.027: Application time: 0.5623569 seconds
2024-10-07T05:43:22.784+0300: 313.027: [GC (Allocation Failure) 2024-10-07T05:43:22.784+0300: 313.027: [ParNew: 413309K->5308K(460096K), 0.0019826 secs] 418647K->10646K(2046080K), 0.0020602 secs] [Times: user=0.03 sys=0.00, real=0.00 secs] 
2024-10-07T05:43:22.784+0300: 313.029: Total time for which application threads were stopped: 0.0023469 seconds, Stopping threads took: 0.0001677 seconds
2024-10-07T05:43:23.356+0300: 313.604: Application time: 0.5745239 seconds
2024-10-07T05:43:23.356+0300: 313.604: [GC (Allocation Failure) 2024-10-07T05:43:23.356+0300: 313.604: [ParNew: 413828K->5307K(460096K), 0.0019773 secs] 419166K->10646K(2046080K), 0.0020525 secs] [Times: user=0.02 sys=0.00, real=0.00 secs] 
2024-10-07T05:43:23.356+0300: 313.606: Total time for which application threads were stopped: 0.0025538 seconds, Stopping threads took: 0.0003912 seconds
2024-10-07T05:43:23.921+0300: 314.169: Application time: 0.5630752 seconds
2024-10-07T05:43:23.921+0300: 314.170: [GC (Allocation Failure) 2024-10-07T05:43:23.921+0300: 314.170: [ParNew: 413986K->4300K(460096K), 0.0015919 secs] 419325K->9639K(2046080K), 0.0016907 secs] [Times: user=0.00 sys=0.00, real=0.00 secs] 
2024-10-07T05:43:23.921+0300: 314.171: Total time for which application threads were stopped: 0.0020032 seconds, Stopping threads took: 0.0001831 seconds
2024-10-07T05:43:24.488+0300: 314.743: Application time: 0.5714010 seconds
2024-10-07T05:43:24.502+0300: 314.743: [GC (Allocation Failure) 2024-10-07T05:43:24.502+0300: 314.743: [ParNew: 412575K->3274K(460096K), 0.0016228 secs] 417914K->8614K(2046080K), 0.0017034 secs] [Times: user=0.00 sys=0.00, real=0.00 secs] 
2024-10-07T05:43:24.502+0300: 314.745: Total time for which application threads were stopped: 0.0020594 seconds, Stopping threads took: 0.0002158 seconds
2024-10-07T05:43:25.051+0300: 315.306: Application time: 0.5612290 seconds
2024-10-07T05:43:25.051+0300: 315.306: [GC (Allocation Failure) 2024-10-07T05:43:25.051+0300: 315.306: [ParNew: 412298K->5308K(460096K), 0.0023191 secs] 417638K->10649K(2046080K), 0.0023991 secs] [Times: user=0.02 sys=0.00, real=0.02 secs] 
2024-10-07T05:43:25.067+0300: 315.309: Total time for which application threads were stopped: 0.0026684 seconds, Stopping threads took: 0.0001504 seconds
2024-10-07T05:43:25.616+0300: 315.871: Application time: 0.5622212 seconds
2024-10-07T05:43:25.616+0300: 315.871: [GC (Allocation Failure) 2024-10-07T05:43:25.616+0300: 315.871: [ParNew: 413676K->5306K(460096K), 0.0019708 secs] 419017K->10647K(2046080K), 0.0020530 secs] [Times: user=0.01 sys=0.00, real=0.02 secs] 
2024-10-07T05:43:25.632+0300: 315.873: Total time for which application threads were stopped: 0.0025597 seconds, Stopping threads took: 0.0004060 seconds
2024-10-07T05:43:26.181+0300: 316.431: Application time: 0.5579620 seconds
2024-10-07T05:43:26.181+0300: 316.432: [GC (Allocation Failure) 2024-10-07T05:43:26.181+0300: 316.432: [ParNew: 413764K->5308K(460096K), 0.0023075 secs] 419105K->10650K(2046080K), 0.0024028 secs] [Times: user=0.00 sys=0.00, real=0.01 secs] 
2024-10-07T05:43:26.191+0300: 316.434: Total time for which application threads were stopped: 0.0028036 seconds, Stopping threads took: 0.0002309 seconds
2024-10-07T05:43:26.762+0300: 317.005: Application time: 0.5710329 seconds
2024-10-07T05:43:26.762+0300: 317.006: [GC (Allocation Failure) 2024-10-07T05:43:26.762+0300: 317.006: [ParNew: 413828K->5306K(460096K), 0.0018929 secs] 419170K->10648K(2046080K), 0.0020120 secs] [Times: user=0.00 sys=0.00, real=0.00 secs] 
2024-10-07T05:43:26.762+0300: 317.008: Total time for which application threads were stopped: 0.0024030 seconds, Stopping threads took: 0.0002398 seconds
2024-10-07T05:43:27.327+0300: 317.572: Application time: 0.5641022 seconds
2024-10-07T05:43:27.327+0300: 317.572: [GC (Allocation Failure) 2024-10-07T05:43:27.327+0300: 317.572: [ParNew: 414314K->4298K(460096K), 0.0020004 secs] 419657K->9641K(2046080K), 0.0020824 secs] [Times: user=0.00 sys=0.00, real=0.00 secs] 
2024-10-07T05:43:27.327+0300: 317.574: Total time for which application threads were stopped: 0.0023066 seconds, Stopping threads took: 0.0001166 seconds
2024-10-07T05:43:27.876+0300: 318.132: Application time: 0.5582396 seconds
2024-10-07T05:43:27.876+0300: 318.133: [GC (Allocation Failure) 2024-10-07T05:43:27.876+0300: 318.133: [ParNew: 413255K->5306K(460096K), 0.0018426 secs] 418598K->10650K(2046080K), 0.0019220 secs] [Times: user=0.02 sys=0.00, real=0.02 secs] 
2024-10-07T05:43:27.892+0300: 318.135: Total time for which application threads were stopped: 0.0022095 seconds, Stopping threads took: 0.0001793 seconds
2024-10-07T05:43:28.457+0300: 318.707: Application time: 0.5725553 seconds
2024-10-07T05:43:28.457+0300: 318.707: [GC (Allocation Failure) 2024-10-07T05:43:28.457+0300: 318.707: [ParNew: 414250K->5304K(460096K), 0.0017756 secs] 419594K->10648K(2046080K), 0.0019070 secs] [Times: user=0.00 sys=0.00, real=0.00 secs] 
2024-10-07T05:43:28.457+0300: 318.709: Total time for which application threads were stopped: 0.0021164 seconds, Stopping threads took: 0.0000737 seconds
2024-10-07T05:43:29.022+0300: 319.267: Application time: 0.5582196 seconds
2024-10-07T05:43:29.022+0300: 319.268: [GC (Allocation Failure) 2024-10-07T05:43:29.022+0300: 319.268: [ParNew: 414282K->4286K(460096K), 0.0016330 secs] 419626K->9631K(2046080K), 0.0017057 secs] [Times: user=0.00 sys=0.00, real=0.00 secs] 
2024-10-07T05:43:29.022+0300: 319.269: Total time for which application threads were stopped: 0.0019605 seconds, Stopping threads took: 0.0001615 seconds
2024-10-07T05:43:29.587+0300: 319.832: Application time: 0.5624149 seconds
2024-10-07T05:43:29.587+0300: 319.832: [GC (Allocation Failure) 2024-10-07T05:43:29.587+0300: 319.832: [ParNew: 412658K->3262K(460096K), 0.0013875 secs] 418003K->8608K(2046080K), 0.0014509 secs] [Times: user=0.00 sys=0.00, real=0.00 secs] 
2024-10-07T05:43:29.587+0300: 319.833: Total time for which application threads were stopped: 0.0016814 seconds, Stopping threads took: 0.0001366 seconds
2024-10-07T05:43:30.136+0300: 320.390: Application time: 0.5567038 seconds
2024-10-07T05:43:30.136+0300: 320.390: [GC (Allocation Failure) 2024-10-07T05:43:30.136+0300: 320.390: [ParNew: 412286K->5306K(460096K), 0.0019056 secs] 417632K->10652K(2046080K), 0.0019873 secs] [Times: user=0.00 sys=0.00, real=0.00 secs] 
2024-10-07T05:43:30.136+0300: 320.392: Total time for which application threads were stopped: 0.0022561 seconds, Stopping threads took: 0.0001587 seconds
2024-10-07T05:43:30.701+0300: 320.954: Application time: 0.5612292 seconds
2024-10-07T05:43:30.701+0300: 320.954: [GC (Allocation Failure) 2024-10-07T05:43:30.701+0300: 320.954: [ParNew: 413892K->5304K(460096K), 0.0019062 secs] 419238K->10651K(2046080K), 0.0020385 secs] [Times: user=0.00 sys=0.02, real=0.00 secs] 
2024-10-07T05:43:30.701+0300: 320.956: Total time for which application threads were stopped: 0.0023809 seconds, Stopping threads took: 0.0001977 seconds
2024-10-07T05:43:31.266+0300: 321.515: Application time: 0.5592880 seconds
2024-10-07T05:43:31.266+0300: 321.516: [GC (Allocation Failure) 2024-10-07T05:43:31.266+0300: 321.516: [ParNew: 413921K->5308K(460096K), 0.0018225 secs] 419267K->10656K(2046080K), 0.0019032 secs] [Times: user=0.00 sys=0.00, real=0.00 secs] 
2024-10-07T05:43:31.266+0300: 321.518: Total time for which application threads were stopped: 0.0022016 seconds, Stopping threads took: 0.0001923 seconds
2024-10-07T05:43:31.832+0300: 322.081: Application time: 0.5633700 seconds
2024-10-07T05:43:31.832+0300: 322.081: [GC (Allocation Failure) 2024-10-07T05:43:31.832+0300: 322.081: [ParNew: 413877K->3261K(460096K), 0.0014899 secs] 419225K->8609K(2046080K), 0.0015745 secs] [Times: user=0.00 sys=0.00, real=0.00 secs] 
2024-10-07T05:43:31.832+0300: 322.083: Total time for which application threads were stopped: 0.0019068 seconds, Stopping threads took: 0.0002261 seconds
2024-10-07T05:43:32.404+0300: 322.646: Application time: 0.5630953 seconds
2024-10-07T05:43:32.404+0300: 322.646: [GC (Allocation Failure) 2024-10-07T05:43:32.404+0300: 322.646: [ParNew: 412241K->5306K(460096K), 0.0018029 secs] 417589K->10654K(2046080K), 0.0018978 secs] [Times: user=0.00 sys=0.00, real=0.00 secs] 
2024-10-07T05:43:32.404+0300: 322.648: Total time for which application threads were stopped: 0.0022632 seconds, Stopping threads took: 0.0002371 seconds
2024-10-07T05:43:32.962+0300: 323.207: Application time: 0.5585367 seconds
2024-10-07T05:43:32.962+0300: 323.207: [GC (Allocation Failure) 2024-10-07T05:43:32.962+0300: 323.207: [ParNew: 413662K->4300K(460096K), 0.0015189 secs] 419011K->9649K(2046080K), 0.0015915 secs] [Times: user=0.00 sys=0.00, real=0.00 secs] 
2024-10-07T05:43:32.962+0300: 323.209: Total time for which application threads were stopped: 0.0018354 seconds, Stopping threads took: 0.0001399 seconds
2024-10-07T05:43:33.527+0300: 323.770: Application time: 0.5611453 seconds
2024-10-07T05:43:33.527+0300: 323.770: [GC (Allocation Failure) 2024-10-07T05:43:33.527+0300: 323.770: [ParNew: 412875K->5308K(460096K), 0.0017194 secs] 418225K->10658K(2046080K), 0.0017866 secs] [Times: user=0.00 sys=0.00, real=0.00 secs] 
2024-10-07T05:43:33.527+0300: 323.772: Total time for which application threads were stopped: 0.0020434 seconds, Stopping threads took: 0.0001638 seconds
2024-10-07T05:43:34.076+0300: 324.332: Application time: 0.5602599 seconds
2024-10-07T05:43:34.076+0300: 324.332: [GC (Allocation Failure) 2024-10-07T05:43:34.076+0300: 324.332: [ParNew: 414332K->3278K(460096K), 0.0016212 secs] 419682K->8629K(2046080K), 0.0016949 secs] [Times: user=0.02 sys=0.00, real=0.02 secs] 
2024-10-07T05:43:34.092+0300: 324.334: Total time for which application threads were stopped: 0.0019627 seconds, Stopping threads took: 0.0001587 seconds
2024-10-07T05:43:34.642+0300: 324.893: Application time: 0.5589964 seconds
2024-10-07T05:43:34.642+0300: 324.893: [GC (Allocation Failure) 2024-10-07T05:43:34.642+0300: 324.893: [ParNew: 411985K->5308K(460096K), 0.0021058 secs] 417336K->10659K(2046080K), 0.0021842 secs] [Times: user=0.00 sys=0.00, real=0.00 secs] 
2024-10-07T05:43:34.642+0300: 324.895: Total time for which application threads were stopped: 0.0024319 seconds, Stopping threads took: 0.0001452 seconds
2024-10-07T05:43:35.209+0300: 325.453: Application time: 0.5578793 seconds
2024-10-07T05:43:35.209+0300: 325.454: [GC (Allocation Failure) 2024-10-07T05:43:35.209+0300: 325.454: [ParNew: 413892K->4278K(460096K), 0.0016840 secs] 419243K->9630K(2046080K), 0.0017532 secs] [Times: user=0.00 sys=0.00, real=0.00 secs] 
2024-10-07T05:43:35.209+0300: 325.455: Total time for which application threads were stopped: 0.0020068 seconds, Stopping threads took: 0.0001469 seconds
2024-10-07T05:43:35.771+0300: 326.017: Application time: 0.5616990 seconds
2024-10-07T05:43:35.771+0300: 326.017: [GC (Allocation Failure) 2024-10-07T05:43:35.771+0300: 326.017: [ParNew: 412352K->4296K(460096K), 0.0016699 secs] 417704K->9649K(2046080K), 0.0017662 secs] [Times: user=0.00 sys=0.00, real=0.00 secs] 
2024-10-07T05:43:35.771+0300: 326.019: Total time for which application threads were stopped: 0.0021177 seconds, Stopping threads took: 0.0001995 seconds
2024-10-07T05:43:36.336+0300: 326.584: Application time: 0.5653545 seconds
2024-10-07T05:43:36.336+0300: 326.585: [GC (Allocation Failure) 2024-10-07T05:43:36.336+0300: 326.585: [ParNew: 413320K->4282K(460096K), 0.0018662 secs] 418673K->9635K(2046080K), 0.0019660 secs] [Times: user=0.00 sys=0.00, real=0.00 secs] 
2024-10-07T05:43:36.336+0300: 326.587: Total time for which application threads were stopped: 0.0022652 seconds, Stopping threads took: 0.0001623 seconds
2024-10-07T05:43:36.900+0300: 327.145: Application time: 0.5585858 seconds
2024-10-07T05:43:36.900+0300: 327.146: [GC (Allocation Failure) 2024-10-07T05:43:36.900+0300: 327.146: [ParNew: 412829K->3280K(460096K), 0.0014398 secs] 418182K->8634K(2046080K), 0.0015081 secs] [Times: user=0.00 sys=0.00, real=0.00 secs] 
2024-10-07T05:43:36.900+0300: 327.147: Total time for which application threads were stopped: 0.0017635 seconds, Stopping threads took: 0.0001511 seconds
2024-10-07T05:43:37.466+0300: 327.714: Application time: 0.5671726 seconds
2024-10-07T05:43:37.466+0300: 327.715: [GC (Allocation Failure) 2024-10-07T05:43:37.466+0300: 327.715: [ParNew: 412304K->4302K(460096K), 0.0016481 secs] 417658K->9656K(2046080K), 0.0017432 secs] [Times: user=0.00 sys=0.00, real=0.00 secs] 
2024-10-07T05:43:37.466+0300: 327.716: Total time for which application threads were stopped: 0.0020209 seconds, Stopping threads took: 0.0001572 seconds
2024-10-07T05:43:38.031+0300: 328.272: Application time: 0.5555169 seconds
2024-10-07T05:43:38.031+0300: 328.272: [GC (Allocation Failure) 2024-10-07T05:43:38.031+0300: 328.272: [ParNew: 413326K->5305K(460096K), 0.0017926 secs] 418680K->10660K(2046080K), 0.0018747 secs] [Times: user=0.00 sys=0.00, real=0.00 secs] 
2024-10-07T05:43:38.031+0300: 328.274: Total time for which application threads were stopped: 0.0021469 seconds, Stopping threads took: 0.0001677 seconds
2024-10-07T05:43:38.596+0300: 328.841: Application time: 0.5665733 seconds
2024-10-07T05:43:38.596+0300: 328.841: [GC (Allocation Failure) 2024-10-07T05:43:38.596+0300: 328.841: [ParNew: 413701K->5308K(460096K), 0.0017765 secs] 419057K->10664K(2046080K), 0.0018401 secs] [Times: user=0.00 sys=0.00, real=0.00 secs] 
2024-10-07T05:43:38.596+0300: 328.843: Total time for which application threads were stopped: 0.0020539 seconds, Stopping threads took: 0.0001260 seconds
2024-10-07T05:43:39.146+0300: 329.402: Application time: 0.5589207 seconds
2024-10-07T05:43:39.146+0300: 329.402: [GC (Allocation Failure) 2024-10-07T05:43:39.146+0300: 329.402: [ParNew: 413991K->5308K(460096K), 0.0018252 secs] 419347K->10665K(2046080K), 0.0019195 secs] [Times: user=0.02 sys=0.00, real=0.02 secs] 
2024-10-07T05:43:39.161+0300: 329.404: Total time for which application threads were stopped: 0.0021938 seconds, Stopping threads took: 0.0001587 seconds
2024-10-07T05:43:39.726+0300: 329.971: Application time: 0.5670005 seconds
2024-10-07T05:43:39.726+0300: 329.971: [GC (Allocation Failure) 2024-10-07T05:43:39.726+0300: 329.971: [ParNew: 413462K->4286K(460096K), 0.0016571 secs] 418819K->9642K(2046080K), 0.0017338 secs] [Times: user=0.00 sys=0.00, real=0.00 secs] 
2024-10-07T05:43:39.726+0300: 329.973: Total time for which application threads were stopped: 0.0019723 seconds, Stopping threads took: 0.0001363 seconds
2024-10-07T05:43:40.276+0300: 330.531: Application time: 0.5580516 seconds
2024-10-07T05:43:40.276+0300: 330.531: [GC (Allocation Failure) 2024-10-07T05:43:40.276+0300: 330.531: [ParNew: 413310K->5307K(460096K), 0.0021371 secs] 418666K->10664K(2046080K), 0.0022372 secs] [Times: user=0.00 sys=0.00, real=0.02 secs] 
2024-10-07T05:43:40.292+0300: 330.533: Total time for which application threads were stopped: 0.0025796 seconds, Stopping threads took: 0.0002185 seconds
2024-10-07T05:43:40.841+0300: 331.095: Application time: 0.5614275 seconds
2024-10-07T05:43:40.841+0300: 331.095: [GC (Allocation Failure) 2024-10-07T05:43:40.841+0300: 331.095: [ParNew: 414331K->5304K(460096K), 0.0017334 secs] 419688K->10662K(2046080K), 0.0018237 secs] [Times: user=0.00 sys=0.00, real=0.00 secs] 
2024-10-07T05:43:40.841+0300: 331.097: Total time for which application threads were stopped: 0.0021323 seconds, Stopping threads took: 0.0002009 seconds
2024-10-07T05:43:41.406+0300: 331.660: Application time: 0.5634135 seconds
2024-10-07T05:43:41.406+0300: 331.661: [GC (Allocation Failure) 2024-10-07T05:43:41.406+0300: 331.661: [ParNew: 414328K->4298K(460096K), 0.0016212 secs] 419686K->9658K(2046080K), 0.0016979 secs] [Times: user=0.00 sys=0.00, real=0.00 secs] 
2024-10-07T05:43:41.406+0300: 331.662: Total time for which application threads were stopped: 0.0019728 seconds, Stopping threads took: 0.0001726 seconds
2024-10-07T05:43:41.971+0300: 332.220: Application time: 0.5573352 seconds
2024-10-07T05:43:41.971+0300: 332.220: [GC (Allocation Failure) 2024-10-07T05:43:41.971+0300: 332.220: [ParNew: 413267K->4285K(460096K), 0.0016852 secs] 418627K->9645K(2046080K), 0.0017584 secs] [Times: user=0.00 sys=0.00, real=0.00 secs] 
2024-10-07T05:43:41.971+0300: 332.222: Total time for which application threads were stopped: 0.0020658 seconds, Stopping threads took: 0.0002034 seconds
2024-10-07T05:43:42.537+0300: 332.785: Application time: 0.5636299 seconds
2024-10-07T05:43:42.537+0300: 332.786: [GC (Allocation Failure) 2024-10-07T05:43:42.537+0300: 332.786: [ParNew: 412606K->4282K(460096K), 0.0016919 secs] 417967K->9643K(2046080K), 0.0017660 secs] [Times: user=0.00 sys=0.00, real=0.00 secs] 
2024-10-07T05:43:42.537+0300: 332.787: Total time for which application threads were stopped: 0.0020579 seconds, Stopping threads took: 0.0001905 seconds
2024-10-07T05:43:43.102+0300: 333.348: Application time: 0.5601172 seconds
2024-10-07T05:43:43.102+0300: 333.348: [GC (Allocation Failure) 2024-10-07T05:43:43.102+0300: 333.348: [ParNew: 412822K->4282K(460096K), 0.0020503 secs] 418184K->9644K(2046080K), 0.0021222 secs] [Times: user=0.00 sys=0.00, real=0.00 secs] 
2024-10-07T05:43:43.102+0300: 333.350: Total time for which application threads were stopped: 0.0024026 seconds, Stopping threads took: 0.0001807 seconds
2024-10-07T05:43:43.667+0300: 333.909: Application time: 0.5586367 seconds
2024-10-07T05:43:43.667+0300: 333.909: [GC (Allocation Failure) 2024-10-07T05:43:43.667+0300: 333.909: [ParNew: 412558K->4281K(460096K), 0.0016423 secs] 417920K->9643K(2046080K), 0.0017210 secs] [Times: user=0.00 sys=0.00, real=0.00 secs] 
2024-10-07T05:43:43.667+0300: 333.911: Total time for which application threads were stopped: 0.0020660 seconds, Stopping threads took: 0.0002389 seconds
2024-10-07T05:43:44.227+0300: 334.473: Application time: 0.5620578 seconds
2024-10-07T05:43:44.227+0300: 334.473: [GC (Allocation Failure) 2024-10-07T05:43:44.227+0300: 334.473: [ParNew: 412552K->4280K(460096K), 0.0017698 secs] 417915K->9643K(2046080K), 0.0018382 secs] [Times: user=0.00 sys=0.00, real=0.01 secs] 
2024-10-07T05:43:44.232+0300: 334.475: Total time for which application threads were stopped: 0.0021197 seconds, Stopping threads took: 0.0001853 seconds
2024-10-07T05:43:44.797+0300: 335.040: Application time: 0.5652034 seconds
2024-10-07T05:43:44.797+0300: 335.040: [GC (Allocation Failure) 2024-10-07T05:43:44.797+0300: 335.040: [ParNew: 413304K->4298K(460096K), 0.0014924 secs] 418667K->9662K(2046080K), 0.0015610 secs] [Times: user=0.00 sys=0.00, real=0.00 secs] 
2024-10-07T05:43:44.797+0300: 335.042: Total time for which application threads were stopped: 0.0018216 seconds, Stopping threads took: 0.0001631 seconds
2024-10-07T05:43:45.361+0300: 335.607: Application time: 0.5650150 seconds
2024-10-07T05:43:45.361+0300: 335.607: [GC (Allocation Failure) 2024-10-07T05:43:45.361+0300: 335.607: [ParNew: 413322K->5307K(460096K), 0.0017426 secs] 418686K->10671K(2046080K), 0.0018523 secs] [Times: user=0.00 sys=0.00, real=0.00 secs] 
2024-10-07T05:43:45.361+0300: 335.609: Total time for which application threads were stopped: 0.0021424 seconds, Stopping threads took: 0.0001403 seconds
2024-10-07T05:43:45.910+0300: 336.165: Application time: 0.5562589 seconds
2024-10-07T05:43:45.910+0300: 336.166: [GC (Allocation Failure) 2024-10-07T05:43:45.910+0300: 336.166: [ParNew: 414328K->5306K(460096K), 0.0017995 secs] 419692K->10671K(2046080K), 0.0018763 secs] [Times: user=0.02 sys=0.00, real=0.02 secs] 
2024-10-07T05:43:45.926+0300: 336.167: Total time for which application threads were stopped: 0.0021678 seconds, Stopping threads took: 0.0001859 seconds
2024-10-07T05:43:46.491+0300: 336.741: Application time: 0.5731558 seconds
2024-10-07T05:43:46.491+0300: 336.741: [GC (Allocation Failure) 2024-10-07T05:43:46.491+0300: 336.741: [ParNew: 414330K->2235K(460096K), 0.0013315 secs] 419695K->7601K(2046080K), 0.0014239 secs] [Times: user=0.00 sys=0.00, real=0.00 secs] 
2024-10-07T05:43:46.491+0300: 336.742: Total time for which application threads were stopped: 0.0016582 seconds, Stopping threads took: 0.0001210 seconds
2024-10-07T05:43:47.041+0300: 337.296: Application time: 0.5533646 seconds
2024-10-07T05:43:47.041+0300: 337.296: [GC (Allocation Failure) 2024-10-07T05:43:47.041+0300: 337.296: [ParNew: 411236K->4285K(460096K), 0.0016006 secs] 416601K->9652K(2046080K), 0.0016904 secs] [Times: user=0.01 sys=0.00, real=0.02 secs] 
2024-10-07T05:43:47.056+0300: 337.298: Total time for which application threads were stopped: 0.0019948 seconds, Stopping threads took: 0.0001833 seconds
2024-10-07T05:43:47.605+0300: 337.861: Application time: 0.5633945 seconds
2024-10-07T05:43:47.605+0300: 337.861: [GC (Allocation Failure) 2024-10-07T05:43:47.605+0300: 337.861: [ParNew: 412433K->4286K(460096K), 0.0016450 secs] 417800K->9653K(2046080K), 0.0017516 secs] [Times: user=0.02 sys=0.00, real=0.02 secs] 
2024-10-07T05:43:47.621+0300: 337.863: Total time for which application threads were stopped: 0.0020468 seconds, Stopping threads took: 0.0001501 seconds
2024-10-07T05:43:48.171+0300: 338.422: Application time: 0.5592948 seconds
2024-10-07T05:43:48.171+0300: 338.423: [GC (Allocation Failure) 2024-10-07T05:43:48.171+0300: 338.423: [ParNew: 413310K->5305K(460096K), 0.0016529 secs] 418677K->10673K(2046080K), 0.0017345 secs] [Times: user=0.00 sys=0.00, real=0.00 secs] 
2024-10-07T05:43:48.171+0300: 338.424: Total time for which application threads were stopped: 0.0020353 seconds, Stopping threads took: 0.0001956 seconds
2024-10-07T05:43:48.737+0300: 338.988: Application time: 0.5634119 seconds
2024-10-07T05:43:48.737+0300: 338.988: [GC (Allocation Failure) 2024-10-07T05:43:48.737+0300: 338.988: [ParNew: 414329K->5302K(460096K), 0.0017010 secs] 419697K->10670K(2046080K), 0.0017800 secs] [Times: user=0.00 sys=0.00, real=0.00 secs] 
2024-10-07T05:43:48.737+0300: 338.990: Total time for which application threads were stopped: 0.0020845 seconds, Stopping threads took: 0.0002067 seconds
2024-10-07T05:43:49.300+0300: 339.554: Application time: 0.5639377 seconds
2024-10-07T05:43:49.300+0300: 339.554: [GC (Allocation Failure) 2024-10-07T05:43:49.300+0300: 339.554: [ParNew: 413384K->4284K(460096K), 0.0017408 secs] 418752K->9653K(2046080K), 0.0018503 secs] [Times: user=0.00 sys=0.00, real=0.00 secs] 
2024-10-07T05:43:49.300+0300: 339.556: Total time for which application threads were stopped: 0.0021208 seconds, Stopping threads took: 0.0001500 seconds
2024-10-07T05:43:49.866+0300: 340.115: Application time: 0.5588752 seconds
2024-10-07T05:43:49.866+0300: 340.115: [GC (Allocation Failure) 2024-10-07T05:43:49.866+0300: 340.115: [ParNew: 413043K->5306K(460096K), 0.0016397 secs] 418412K->10676K(2046080K), 0.0017186 secs] [Times: user=0.00 sys=0.00, real=0.00 secs] 
2024-10-07T05:43:49.866+0300: 340.117: Total time for which application threads were stopped: 0.0020317 seconds, Stopping threads took: 0.0002020 seconds
2024-10-07T05:43:50.440+0300: 340.687: Application time: 0.5699591 seconds
2024-10-07T05:43:50.440+0300: 340.687: [GC (Allocation Failure) 2024-10-07T05:43:50.440+0300: 340.687: [ParNew: 414330K->3282K(460096K), 0.0015214 secs] 419700K->8652K(2046080K), 0.0037481 secs] [Times: user=0.00 sys=0.00, real=0.01 secs] 
2024-10-07T05:43:50.447+0300: 340.691: Total time for which application threads were stopped: 0.0040634 seconds, Stopping threads took: 0.0001866 seconds
2024-10-07T05:43:51.011+0300: 341.253: Application time: 0.5616540 seconds
2024-10-07T05:43:51.011+0300: 341.253: [GC (Allocation Failure) 2024-10-07T05:43:51.011+0300: 341.253: [ParNew: 412306K->3279K(460096K), 0.0014532 secs] 417676K->8650K(2046080K), 0.0015478 secs] [Times: user=0.00 sys=0.00, real=0.00 secs] 
2024-10-07T05:43:51.011+0300: 341.254: Total time for which application threads were stopped: 0.0018726 seconds, Stopping threads took: 0.0001996 seconds
2024-10-07T05:43:51.577+0300: 341.818: Application time: 0.5639240 seconds
2024-10-07T05:43:51.577+0300: 341.819: [GC (Allocation Failure) 2024-10-07T05:43:51.577+0300: 341.819: [ParNew: 412303K->4303K(460096K), 0.0015648 secs] 417674K->9674K(2046080K), 0.0016339 secs] [Times: user=0.00 sys=0.00, real=0.00 secs] 
2024-10-07T05:43:51.577+0300: 341.820: Total time for which application threads were stopped: 0.0018868 seconds, Stopping threads took: 0.0001559 seconds
2024-10-07T05:43:52.126+0300: 342.379: Application time: 0.5586275 seconds
2024-10-07T05:43:52.126+0300: 342.379: [GC (Allocation Failure) 2024-10-07T05:43:52.126+0300: 342.379: [ParNew: 413327K->3265K(460096K), 0.0014254 secs] 418698K->8637K(2046080K), 0.0015097 secs] [Times: user=0.00 sys=0.00, real=0.00 secs] 
2024-10-07T05:43:52.126+0300: 342.381: Total time for which application threads were stopped: 0.0017760 seconds, Stopping threads took: 0.0001569 seconds
2024-10-07T05:43:52.691+0300: 342.943: Application time: 0.5620129 seconds
2024-10-07T05:43:52.691+0300: 342.943: [GC (Allocation Failure) 2024-10-07T05:43:52.691+0300: 342.943: [ParNew: 412289K->4285K(460096K), 0.0015595 secs] 417661K->9658K(2046080K), 0.0016402 secs] [Times: user=0.00 sys=0.00, real=0.00 secs] 
2024-10-07T05:43:52.691+0300: 342.945: Total time for which application threads were stopped: 0.0019176 seconds, Stopping threads took: 0.0001706 seconds
2024-10-07T05:43:53.256+0300: 343.503: Application time: 0.5584599 seconds
2024-10-07T05:43:53.256+0300: 343.503: [GC (Allocation Failure) 2024-10-07T05:43:53.256+0300: 343.503: [ParNew: 412653K->3275K(460096K), 0.0014870 secs] 418026K->8648K(2046080K), 0.0015493 secs] [Times: user=0.00 sys=0.00, real=0.00 secs] 
2024-10-07T05:43:53.256+0300: 343.505: Total time for which application threads were stopped: 0.0018063 seconds, Stopping threads took: 0.0001648 seconds
2024-10-07T05:43:53.821+0300: 344.066: Application time: 0.5611080 seconds
2024-10-07T05:43:53.821+0300: 344.066: [GC (Allocation Failure) 2024-10-07T05:43:53.821+0300: 344.066: [ParNew: 412013K->5308K(460096K), 0.0019172 secs] 417386K->10682K(2046080K), 0.0019896 secs] [Times: user=0.00 sys=0.00, real=0.00 secs] 
2024-10-07T05:43:53.821+0300: 344.068: Total time for which application threads were stopped: 0.0022388 seconds, Stopping threads took: 0.0001463 seconds
2024-10-07T05:43:54.386+0300: 344.633: Application time: 0.5649350 seconds
2024-10-07T05:43:54.386+0300: 344.633: [GC (Allocation Failure) 2024-10-07T05:43:54.386+0300: 344.633: [ParNew: 413529K->5306K(460096K), 0.0015939 secs] 418903K->10681K(2046080K), 0.0016731 secs] [Times: user=0.00 sys=0.00, real=0.00 secs] 
2024-10-07T05:43:54.386+0300: 344.635: Total time for which application threads were stopped: 0.0019590 seconds, Stopping threads took: 0.0001787 seconds
2024-10-07T05:43:54.951+0300: 345.193: Application time: 0.5575778 seconds
2024-10-07T05:43:54.951+0300: 345.193: [GC (Allocation Failure) 2024-10-07T05:43:54.951+0300: 345.193: [ParNew: 413731K->5302K(460096K), 0.0018217 secs] 419105K->10678K(2046080K), 0.0019038 secs] [Times: user=0.00 sys=0.00, real=0.00 secs] 
2024-10-07T05:43:54.951+0300: 345.195: Total time for which application threads were stopped: 0.0021492 seconds, Stopping threads took: 0.0001466 seconds
2024-10-07T05:43:55.516+0300: 345.758: Application time: 0.5630986 seconds
2024-10-07T05:43:55.516+0300: 345.758: [GC (Allocation Failure) 2024-10-07T05:43:55.516+0300: 345.758: [ParNew: 413674K->5306K(460096K), 0.0017840 secs] 419050K->10682K(2046080K), 0.0018679 secs] [Times: user=0.00 sys=0.00, real=0.00 secs] 
2024-10-07T05:43:55.516+0300: 345.760: Total time for which application threads were stopped: 0.0021570 seconds, Stopping threads took: 0.0001838 seconds
2024-10-07T05:43:56.065+0300: 346.316: Application time: 0.5557782 seconds
2024-10-07T05:43:56.065+0300: 346.316: [GC (Allocation Failure) 2024-10-07T05:43:56.065+0300: 346.316: [ParNew: 414157K->5302K(460096K), 0.0016834 secs] 419534K->10679K(2046080K), 0.0017559 secs] [Times: user=0.00 sys=0.00, real=0.00 secs] 
2024-10-07T05:43:56.065+0300: 346.318: Total time for which application threads were stopped: 0.0020757 seconds, Stopping threads took: 0.0002194 seconds
2024-10-07T05:43:56.630+0300: 346.884: Application time: 0.5657823 seconds
2024-10-07T05:43:56.630+0300: 346.884: [GC (Allocation Failure) 2024-10-07T05:43:56.630+0300: 346.884: [ParNew: 413846K->4284K(460096K), 0.0014352 secs] 419223K->9662K(2046080K), 0.0015006 secs] [Times: user=0.00 sys=0.00, real=0.00 secs] 
2024-10-07T05:43:56.630+0300: 346.886: Total time for which application threads were stopped: 0.0017881 seconds, Stopping threads took: 0.0001924 seconds
2024-10-07T05:43:57.195+0300: 347.445: Application time: 0.5591242 seconds
2024-10-07T05:43:57.195+0300: 347.445: [GC (Allocation Failure) 2024-10-07T05:43:57.195+0300: 347.445: [ParNew: 412628K->5304K(460096K), 0.0015594 secs] 418005K->10682K(2046080K), 0.0016348 secs] [Times: user=0.00 sys=0.00, real=0.00 secs] 
2024-10-07T05:43:57.195+0300: 347.447: Total time for which application threads were stopped: 0.0019136 seconds, Stopping threads took: 0.0001742 seconds
2024-10-07T05:43:57.761+0300: 348.007: Application time: 0.5602731 seconds
2024-10-07T05:43:57.761+0300: 348.007: [GC (Allocation Failure) 2024-10-07T05:43:57.761+0300: 348.007: [ParNew: 414005K->5306K(460096K), 0.0019304 secs] 419384K->10685K(2046080K), 0.0020115 secs] [Times: user=0.00 sys=0.00, real=0.00 secs] 
2024-10-07T05:43:57.761+0300: 348.009: Total time for which application threads were stopped: 0.0022434 seconds, Stopping threads took: 0.0001304 seconds
2024-10-07T05:43:58.325+0300: 348.569: Application time: 0.5602516 seconds
2024-10-07T05:43:58.325+0300: 348.570: [GC (Allocation Failure) 2024-10-07T05:43:58.325+0300: 348.570: [ParNew: 414330K->5324K(460096K), 0.0023184 secs] 419709K->10704K(2046080K), 0.0024104 secs] [Times: user=0.00 sys=0.00, real=0.00 secs] 
2024-10-07T05:43:58.325+0300: 348.572: Total time for which application threads were stopped: 0.0027167 seconds, Stopping threads took: 0.0001815 seconds
2024-10-07T05:43:58.890+0300: 349.137: Application time: 0.5645329 seconds
2024-10-07T05:43:58.890+0300: 349.137: [GC (Allocation Failure) 2024-10-07T05:43:58.890+0300: 349.137: [ParNew: 413985K->4283K(460096K), 0.0015257 secs] 419365K->9664K(2046080K), 0.0016009 secs] [Times: user=0.01 sys=0.00, real=0.00 secs] 
2024-10-07T05:43:58.890+0300: 349.139: Total time for which application threads were stopped: 0.0018951 seconds, Stopping threads took: 0.0001710 seconds
2024-10-07T05:43:59.459+0300: 349.702: Application time: 0.5634163 seconds
2024-10-07T05:43:59.459+0300: 349.702: [GC (Allocation Failure) 2024-10-07T05:43:59.459+0300: 349.702: [ParNew: 412446K->3263K(460096K), 0.0014765 secs] 417826K->8644K(2046080K), 0.0015458 secs] [Times: user=0.00 sys=0.00, real=0.00 secs] 
2024-10-07T05:43:59.459+0300: 349.704: Total time for which application threads were stopped: 0.0017999 seconds, Stopping threads took: 0.0001574 seconds
2024-10-07T05:44:00.004+0300: 350.260: Application time: 0.5560363 seconds
2024-10-07T05:44:00.004+0300: 350.260: [GC (Allocation Failure) 2024-10-07T05:44:00.004+0300: 350.260: [ParNew: 411721K->4302K(460096K), 0.0017522 secs] 417102K->9683K(2046080K), 0.0018956 secs] [Times: user=0.02 sys=0.00, real=0.02 secs] 
2024-10-07T05:44:00.020+0300: 350.262: Total time for which application threads were stopped: 0.0022768 seconds, Stopping threads took: 0.0002202 seconds
2024-10-07T05:44:00.585+0300: 350.828: Application time: 0.5658211 seconds
2024-10-07T05:44:00.585+0300: 350.828: [GC (Allocation Failure) 2024-10-07T05:44:00.585+0300: 350.828: [ParNew: 413326K->3278K(460096K), 0.0014013 secs] 418707K->8660K(2046080K), 0.0014739 secs] [Times: user=0.00 sys=0.00, real=0.00 secs] 
2024-10-07T05:44:00.585+0300: 350.830: Total time for which application threads were stopped: 0.0017416 seconds, Stopping threads took: 0.0001709 seconds
2024-10-07T05:44:01.134+0300: 351.384: Application time: 0.5548747 seconds
2024-10-07T05:44:01.134+0300: 351.385: [GC (Allocation Failure) 2024-10-07T05:44:01.134+0300: 351.385: [ParNew: 412164K->5311K(460096K), 0.0017625 secs] 417546K->10694K(2046080K), 0.0018417 secs] [Times: user=0.00 sys=0.00, real=0.00 secs] 
2024-10-07T05:44:01.134+0300: 351.387: Total time for which application threads were stopped: 0.0021456 seconds, Stopping threads took: 0.0001955 seconds
2024-10-07T05:44:01.699+0300: 351.954: Application time: 0.5668728 seconds
2024-10-07T05:44:01.699+0300: 351.954: [GC (Allocation Failure) 2024-10-07T05:44:01.699+0300: 351.954: [ParNew: 414033K->4283K(460096K), 0.0015221 secs] 419416K->9667K(2046080K), 0.0015995 secs] [Times: user=0.00 sys=0.00, real=0.00 secs] 
2024-10-07T05:44:01.699+0300: 351.955: Total time for which application threads were stopped: 0.0018725 seconds, Stopping threads took: 0.0001695 seconds
2024-10-07T05:44:02.265+0300: 352.511: Application time: 0.5557712 seconds
2024-10-07T05:44:02.265+0300: 352.511: [GC (Allocation Failure) 2024-10-07T05:44:02.265+0300: 352.511: [ParNew: 413164K->4300K(460096K), 0.0014287 secs] 418547K->9684K(2046080K), 0.0014939 secs] [Times: user=0.00 sys=0.00, real=0.00 secs] 
2024-10-07T05:44:02.265+0300: 352.513: Total time for which application threads were stopped: 0.0017058 seconds, Stopping threads took: 0.0001143 seconds
2024-10-07T05:44:02.830+0300: 353.075: Application time: 0.5625366 seconds
2024-10-07T05:44:02.830+0300: 353.076: [GC (Allocation Failure) 2024-10-07T05:44:02.830+0300: 353.076: [ParNew: 413324K->4299K(460096K), 0.0015984 secs] 418708K->9684K(2046080K), 0.0016790 secs] [Times: user=0.00 sys=0.00, real=0.00 secs] 
2024-10-07T05:44:02.830+0300: 353.077: Total time for which application threads were stopped: 0.0019838 seconds, Stopping threads took: 0.0001769 seconds
2024-10-07T05:44:03.395+0300: 353.641: Application time: 0.5638814 seconds
2024-10-07T05:44:03.395+0300: 353.642: [GC (Allocation Failure) 2024-10-07T05:44:03.395+0300: 353.642: [ParNew: 412789K->5303K(460096K), 0.0016343 secs] 418174K->10688K(2046080K), 0.0017156 secs] [Times: user=0.00 sys=0.00, real=0.00 secs] 
2024-10-07T05:44:03.395+0300: 353.643: Total time for which application threads were stopped: 0.0020060 seconds, Stopping threads took: 0.0001869 seconds
2024-10-07T05:44:03.944+0300: 354.196: Application time: 0.5531519 seconds
2024-10-07T05:44:03.944+0300: 354.197: [GC (Allocation Failure) 2024-10-07T05:44:03.944+0300: 354.197: [ParNew: 413690K->4283K(460096K), 0.0015399 secs] 419075K->9669K(2046080K), 0.0016217 secs] [Times: user=0.00 sys=0.00, real=0.00 secs] 
2024-10-07T05:44:03.944+0300: 354.198: Total time for which application threads were stopped: 0.0018975 seconds, Stopping threads took: 0.0001639 seconds
2024-10-07T05:44:04.510+0300: 354.764: Application time: 0.5658100 seconds
2024-10-07T05:44:04.510+0300: 354.764: [GC (Allocation Failure) 2024-10-07T05:44:04.510+0300: 354.764: [ParNew: 413307K->4284K(460096K), 0.0014844 secs] 418693K->9670K(2046080K), 0.0015554 secs] [Times: user=0.00 sys=0.00, real=0.00 secs] 
2024-10-07T05:44:04.510+0300: 354.766: Total time for which application threads were stopped: 0.0018347 seconds, Stopping threads took: 0.0001706 seconds
2024-10-07T05:44:05.075+0300: 355.324: Application time: 0.5578905 seconds
2024-10-07T05:44:05.075+0300: 355.324: [GC (Allocation Failure) 2024-10-07T05:44:05.075+0300: 355.324: [ParNew: 413308K->4283K(460096K), 0.0015853 secs] 418694K->9670K(2046080K), 0.0016643 secs] [Times: user=0.00 sys=0.00, real=0.00 secs] 
2024-10-07T05:44:05.075+0300: 355.326: Total time for which application threads were stopped: 0.0019643 seconds, Stopping threads took: 0.0001937 seconds
2024-10-07T05:44:05.641+0300: 355.892: Application time: 0.5656969 seconds
2024-10-07T05:44:05.641+0300: 355.892: [GC (Allocation Failure) 2024-10-07T05:44:05.641+0300: 355.892: [ParNew: 413249K->3262K(460096K), 0.0014955 secs] 418636K->8650K(2046080K), 0.0016023 secs] [Times: user=0.00 sys=0.00, real=0.00 secs] 
2024-10-07T05:44:05.641+0300: 355.893: Total time for which application threads were stopped: 0.0019454 seconds, Stopping threads took: 0.0001957 seconds
2024-10-07T05:44:06.206+0300: 356.450: Application time: 0.5560919 seconds
2024-10-07T05:44:06.206+0300: 356.450: [GC (Allocation Failure) 2024-10-07T05:44:06.206+0300: 356.450: [ParNew: 412286K->5303K(460096K), 0.0017638 secs] 417674K->10691K(2046080K), 0.0018408 secs] [Times: user=0.00 sys=0.00, real=0.00 secs] 
2024-10-07T05:44:06.206+0300: 356.452: Total time for which application threads were stopped: 0.0020653 seconds, Stopping threads took: 0.0001185 seconds
2024-10-07T05:44:06.774+0300: 357.015: Application time: 0.5633002 seconds
2024-10-07T05:44:06.774+0300: 357.015: [GC (Allocation Failure) 2024-10-07T05:44:06.774+0300: 357.015: [ParNew: 414005K->5306K(460096K), 0.0017029 secs] 419393K->10695K(2046080K), 0.0017833 secs] [Times: user=0.00 sys=0.00, real=0.00 secs] 
2024-10-07T05:44:06.774+0300: 357.017: Total time for which application threads were stopped: 0.0020507 seconds, Stopping threads took: 0.0001621 seconds
2024-10-07T05:44:07.335+0300: 357.582: Application time: 0.5651143 seconds
2024-10-07T05:44:07.335+0300: 357.582: [GC (Allocation Failure) 2024-10-07T05:44:07.335+0300: 357.582: [ParNew: 414309K->4281K(460096K), 0.0018750 secs] 419698K->9671K(2046080K), 0.0019654 secs] [Times: user=0.05 sys=0.00, real=0.00 secs] 
2024-10-07T05:44:07.335+0300: 357.584: Total time for which application threads were stopped: 0.0022944 seconds, Stopping threads took: 0.0002132 seconds
2024-10-07T05:44:07.900+0300: 358.144: Application time: 0.5596113 seconds
2024-10-07T05:44:07.900+0300: 358.144: [GC (Allocation Failure) 2024-10-07T05:44:07.900+0300: 358.144: [ParNew: 413084K->5302K(460096K), 0.0021369 secs] 418473K->10692K(2046080K), 0.0022189 secs] [Times: user=0.00 sys=0.00, real=0.00 secs] 
2024-10-07T05:44:07.900+0300: 358.147: Total time for which application threads were stopped: 0.0024674 seconds, Stopping threads took: 0.0001260 seconds
2024-10-07T05:44:08.466+0300: 358.712: Application time: 0.5654604 seconds
2024-10-07T05:44:08.466+0300: 358.712: [GC (Allocation Failure) 2024-10-07T05:44:08.466+0300: 358.712: [ParNew: 414326K->5306K(460096K), 0.0016685 secs] 419716K->10697K(2046080K), 0.0017803 secs] [Times: user=0.00 sys=0.00, real=0.00 secs] 
2024-10-07T05:44:08.466+0300: 358.714: Total time for which application threads were stopped: 0.0020762 seconds, Stopping threads took: 0.0001444 seconds
2024-10-07T05:44:09.031+0300: 359.273: Application time: 0.5590518 seconds
2024-10-07T05:44:09.031+0300: 359.273: [GC (Allocation Failure) 2024-10-07T05:44:09.031+0300: 359.273: [ParNew: 414330K->4299K(460096K), 0.0015300 secs] 419721K->9690K(2046080K), 0.0016014 secs] [Times: user=0.00 sys=0.00, real=0.00 secs] 
2024-10-07T05:44:09.031+0300: 359.275: Total time for which application threads were stopped: 0.0018497 seconds, Stopping threads took: 0.0001477 seconds
2024-10-07T05:44:09.596+0300: 359.843: Application time: 0.5685261 seconds
2024-10-07T05:44:09.596+0300: 359.844: [GC (Allocation Failure) 2024-10-07T05:44:09.596+0300: 359.844: [ParNew: 413323K->3278K(460096K), 0.0013897 secs] 418714K->8670K(2046080K), 0.0014529 secs] [Times: user=0.00 sys=0.00, real=0.00 secs] 
2024-10-07T05:44:09.596+0300: 359.845: Total time for which application threads were stopped: 0.0016961 seconds, Stopping threads took: 0.0001547 seconds
2024-10-07T05:44:10.145+0300: 360.396: Application time: 0.5511434 seconds
2024-10-07T05:44:10.145+0300: 360.397: [GC (Allocation Failure) 2024-10-07T05:44:10.145+0300: 360.397: [ParNew: 411335K->5309K(460096K), 0.0016944 secs] 416727K->10702K(2046080K), 0.0017909 secs] [Times: user=0.00 sys=0.00, real=0.00 secs] 
2024-10-07T05:44:10.145+0300: 360.398: Total time for which application threads were stopped: 0.0020924 seconds, Stopping threads took: 0.0001685 seconds
2024-10-07T05:44:10.710+0300: 360.963: Application time: 0.5641026 seconds
2024-10-07T05:44:10.710+0300: 360.963: [GC (Allocation Failure) 2024-10-07T05:44:10.710+0300: 360.963: [ParNew: 414225K->4296K(460096K), 0.0014692 secs] 419618K->9689K(2046080K), 0.0015518 secs] [Times: user=0.00 sys=0.00, real=0.00 secs] 
2024-10-07T05:44:10.710+0300: 360.964: Total time for which application threads were stopped: 0.0018551 seconds, Stopping threads took: 0.0001948 seconds
2024-10-07T05:44:11.275+0300: 361.521: Application time: 0.5563918 seconds
2024-10-07T05:44:11.275+0300: 361.521: [GC (Allocation Failure) 2024-10-07T05:44:11.275+0300: 361.521: [ParNew: 412873K->5308K(460096K), 0.0015729 secs] 418267K->10702K(2046080K), 0.0016882 secs] [Times: user=0.00 sys=0.00, real=0.00 secs] 
2024-10-07T05:44:11.275+0300: 361.523: Total time for which application threads were stopped: 0.0019343 seconds, Stopping threads took: 0.0001135 seconds
2024-10-07T05:44:11.840+0300: 362.089: Application time: 0.5660456 seconds
2024-10-07T05:44:11.840+0300: 362.089: [GC (Allocation Failure) 2024-10-07T05:44:11.840+0300: 362.089: [ParNew: 414332K->5304K(460096K), 0.0018694 secs] 419726K->10699K(2046080K), 0.0019414 secs] [Times: user=0.00 sys=0.00, real=0.00 secs] 
2024-10-07T05:44:11.840+0300: 362.091: Total time for which application threads were stopped: 0.0022027 seconds, Stopping threads took: 0.0001652 seconds
2024-10-07T05:44:12.405+0300: 362.654: Application time: 0.5633592 seconds
2024-10-07T05:44:12.405+0300: 362.655: [GC (Allocation Failure) 2024-10-07T05:44:12.405+0300: 362.655: [ParNew: 414025K->4280K(460096K), 0.0015122 secs] 419420K->9675K(2046080K), 0.0015854 secs] [Times: user=0.00 sys=0.00, real=0.00 secs] 
2024-10-07T05:44:12.405+0300: 362.656: Total time for which application threads were stopped: 0.0018732 seconds, Stopping threads took: 0.0001880 seconds
2024-10-07T05:44:12.970+0300: 363.213: Application time: 0.5566516 seconds
2024-10-07T05:44:12.970+0300: 363.213: [GC (Allocation Failure) 2024-10-07T05:44:12.970+0300: 363.213: [ParNew: 412442K->3292K(460096K), 0.0015033 secs] 417837K->8688K(2046080K), 0.0015672 secs] [Times: user=0.00 sys=0.00, real=0.00 secs] 
2024-10-07T05:44:12.970+0300: 363.215: Total time for which application threads were stopped: 0.0018504 seconds, Stopping threads took: 0.0001878 seconds
2024-10-07T05:44:13.520+0300: 363.776: Application time: 0.5612862 seconds
2024-10-07T05:44:13.520+0300: 363.776: [GC (Allocation Failure) 2024-10-07T05:44:13.520+0300: 363.776: [ParNew: 412199K->3261K(460096K), 0.0016753 secs] 417595K->8658K(2046080K), 0.0017710 secs] [Times: user=0.00 sys=0.00, real=0.02 secs] 
2024-10-07T05:44:13.535+0300: 363.778: Total time for which application threads were stopped: 0.0020896 seconds, Stopping threads took: 0.0001552 seconds
2024-10-07T05:44:14.089+0300: 364.338: Application time: 0.5598560 seconds
2024-10-07T05:44:14.089+0300: 364.338: [GC (Allocation Failure) 2024-10-07T05:44:14.089+0300: 364.338: [ParNew: 411407K->3262K(460096K), 0.0014508 secs] 416803K->8659K(2046080K), 0.0015325 secs] [Times: user=0.00 sys=0.00, real=0.00 secs] 
2024-10-07T05:44:14.089+0300: 364.340: Total time for which application threads were stopped: 0.0017714 seconds, Stopping threads took: 0.0001397 seconds
2024-10-07T05:44:14.651+0300: 364.900: Application time: 0.5607195 seconds
2024-10-07T05:44:14.651+0300: 364.901: [GC (Allocation Failure) 2024-10-07T05:44:14.651+0300: 364.901: [ParNew: 411973K->5304K(460096K), 0.0017806 secs] 417370K->10702K(2046080K), 0.0018666 secs] [Times: user=0.00 sys=0.00, real=0.00 secs] 
2024-10-07T05:44:14.651+0300: 364.903: Total time for which application threads were stopped: 0.0021383 seconds, Stopping threads took: 0.0001608 seconds
2024-10-07T05:44:15.216+0300: 365.461: Application time: 0.5580131 seconds
2024-10-07T05:44:15.216+0300: 365.461: [GC (Allocation Failure) 2024-10-07T05:44:15.216+0300: 365.461: [ParNew: 414328K->4282K(460096K), 0.0016009 secs] 419726K->9680K(2046080K), 0.0016760 secs] [Times: user=0.00 sys=0.00, real=0.00 secs] 
2024-10-07T05:44:15.216+0300: 365.462: Total time for which application threads were stopped: 0.0018901 seconds, Stopping threads took: 0.0000885 seconds
2024-10-07T05:44:15.781+0300: 366.028: Application time: 0.5651077 seconds
2024-10-07T05:44:15.781+0300: 366.028: [GC (Allocation Failure) 2024-10-07T05:44:15.781+0300: 366.028: [ParNew: 413306K->3292K(460096K), 0.0013694 secs] 418704K->8691K(2046080K), 0.0014526 secs] [Times: user=0.00 sys=0.00, real=0.00 secs] 
2024-10-07T05:44:15.781+0300: 366.029: Total time for which application threads were stopped: 0.0017614 seconds, Stopping threads took: 0.0001998 seconds
2024-10-07T05:44:16.346+0300: 366.593: Application time: 0.5638686 seconds
2024-10-07T05:44:16.346+0300: 366.593: [GC (Allocation Failure) 2024-10-07T05:44:16.346+0300: 366.594: [ParNew: 412316K->3262K(460096K), 0.0014460 secs] 417715K->8662K(2046080K), 0.0015519 secs] [Times: user=0.00 sys=0.00, real=0.00 secs] 
2024-10-07T05:44:16.346+0300: 366.595: Total time for which application threads were stopped: 0.0018272 seconds, Stopping threads took: 0.0001347 seconds
2024-10-07T05:44:16.895+0300: 367.150: Application time: 0.5544953 seconds
2024-10-07T05:44:16.895+0300: 367.150: [GC (Allocation Failure) 2024-10-07T05:44:16.895+0300: 367.150: [ParNew: 411266K->5306K(460096K), 0.0016078 secs] 416666K->10707K(2046080K), 0.0016977 secs] [Times: user=0.00 sys=0.00, real=0.00 secs] 
2024-10-07T05:44:16.895+0300: 367.152: Total time for which application threads were stopped: 0.0020402 seconds, Stopping threads took: 0.0002304 seconds
2024-10-07T05:44:17.475+0300: 367.719: Application time: 0.5669119 seconds
2024-10-07T05:44:17.475+0300: 367.719: [GC (Allocation Failure) 2024-10-07T05:44:17.475+0300: 367.719: [ParNew: 414056K->5308K(460096K), 0.0016202 secs] 419457K->10709K(2046080K), 0.0017349 secs] [Times: user=0.00 sys=0.00, real=0.00 secs] 
2024-10-07T05:44:17.475+0300: 367.721: Total time for which application threads were stopped: 0.0020014 seconds, Stopping threads took: 0.0001482 seconds
2024-10-07T05:44:18.025+0300: 368.277: Application time: 0.5568430 seconds
2024-10-07T05:44:18.025+0300: 368.278: [GC (Allocation Failure) 2024-10-07T05:44:18.025+0300: 368.278: [ParNew: 413489K->4284K(460096K), 0.0015025 secs] 418890K->9686K(2046080K), 0.0015712 secs] [Times: user=0.00 sys=0.00, real=0.00 secs] 
2024-10-07T05:44:18.025+0300: 368.279: Total time for which application threads were stopped: 0.0017761 seconds, Stopping threads took: 0.0001073 seconds
2024-10-07T05:44:18.589+0300: 368.839: Application time: 0.5600678 seconds
2024-10-07T05:44:18.598+0300: 368.840: [GC (Allocation Failure) 2024-10-07T05:44:18.598+0300: 368.840: [ParNew: 413308K->4282K(460096K), 0.0014722 secs] 418710K->9684K(2046080K), 0.0015587 secs] [Times: user=0.00 sys=0.00, real=0.00 secs] 
2024-10-07T05:44:18.598+0300: 368.841: Total time for which application threads were stopped: 0.0019320 seconds, Stopping threads took: 0.0002492 seconds
2024-10-07T05:44:19.154+0300: 369.397: Application time: 0.5557498 seconds
2024-10-07T05:44:19.154+0300: 369.397: [GC (Allocation Failure) 2024-10-07T05:44:19.154+0300: 369.397: [ParNew: 412282K->5308K(460096K), 0.0016983 secs] 417684K->10711K(2046080K), 0.0017795 secs] [Times: user=0.00 sys=0.00, real=0.00 secs] 
2024-10-07T05:44:19.154+0300: 369.399: Total time for which application threads were stopped: 0.0020605 seconds, Stopping threads took: 0.0001628 seconds
2024-10-07T05:44:19.719+0300: 369.964: Application time: 0.5646103 seconds
2024-10-07T05:44:19.719+0300: 369.964: [GC (Allocation Failure) 2024-10-07T05:44:19.719+0300: 369.964: [ParNew: 414082K->5306K(460096K), 0.0017455 secs] 419485K->10709K(2046080K), 0.0018737 secs] [Times: user=0.02 sys=0.00, real=0.00 secs] 
2024-10-07T05:44:19.719+0300: 369.966: Total time for which application threads were stopped: 0.0021335 seconds, Stopping threads took: 0.0001214 seconds
2024-10-07T05:44:20.268+0300: 370.523: Application time: 0.5568353 seconds
2024-10-07T05:44:20.268+0300: 370.523: [GC (Allocation Failure) 2024-10-07T05:44:20.268+0300: 370.523: [ParNew: 413397K->3276K(460096K), 0.0014506 secs] 418800K->8680K(2046080K), 0.0015143 secs] [Times: user=0.00 sys=0.00, real=0.00 secs] 
2024-10-07T05:44:20.268+0300: 370.524: Total time for which application threads were stopped: 0.0018088 seconds, Stopping threads took: 0.0002003 seconds
2024-10-07T05:44:20.834+0300: 371.090: Application time: 0.5658146 seconds
2024-10-07T05:44:20.834+0300: 371.090: [GC (Allocation Failure) 2024-10-07T05:44:20.834+0300: 371.091: [ParNew: 412300K->3281K(460096K), 0.0015333 secs] 417704K->8686K(2046080K), 0.0016206 secs] [Times: user=0.02 sys=0.00, real=0.02 secs] 
2024-10-07T05:44:20.850+0300: 371.092: Total time for which application threads were stopped: 0.0019278 seconds, Stopping threads took: 0.0002012 seconds
2024-10-07T05:44:21.415+0300: 371.657: Application time: 0.5646912 seconds
2024-10-07T05:44:21.415+0300: 371.657: [GC (Allocation Failure) 2024-10-07T05:44:21.415+0300: 371.657: [ParNew: 412305K->5323K(460096K), 0.0017903 secs] 417710K->10728K(2046080K), 0.0018837 secs] [Times: user=0.00 sys=0.00, real=0.00 secs] 
2024-10-07T05:44:21.415+0300: 371.659: Total time for which application threads were stopped: 0.0021586 seconds, Stopping threads took: 0.0001515 seconds
2024-10-07T05:44:21.964+0300: 372.214: Application time: 0.5549665 seconds
2024-10-07T05:44:21.964+0300: 372.214: [GC (Allocation Failure) 2024-10-07T05:44:21.964+0300: 372.214: [ParNew: 414347K->5304K(460096K), 0.0016827 secs] 419752K->10710K(2046080K), 0.0017947 secs] [Times: user=0.00 sys=0.00, real=0.00 secs] 
2024-10-07T05:44:21.964+0300: 372.216: Total time for which application threads were stopped: 0.0020874 seconds, Stopping threads took: 0.0001761 seconds
2024-10-07T05:44:22.529+0300: 372.779: Application time: 0.5624821 seconds
2024-10-07T05:44:22.529+0300: 372.779: [GC (Allocation Failure) 2024-10-07T05:44:22.529+0300: 372.779: [ParNew: 413484K->5306K(460096K), 0.0016546 secs] 418890K->10713K(2046080K), 0.0017277 secs] [Times: user=0.00 sys=0.00, real=0.00 secs] 
2024-10-07T05:44:22.529+0300: 372.781: Total time for which application threads were stopped: 0.0020445 seconds, Stopping threads took: 0.0002201 seconds
2024-10-07T05:44:23.094+0300: 373.339: Application time: 0.5589003 seconds
2024-10-07T05:44:23.094+0300: 373.340: [GC (Allocation Failure) 2024-10-07T05:44:23.094+0300: 373.340: [ParNew: 413523K->5304K(460096K), 0.0016775 secs] 418930K->10711K(2046080K), 0.0017650 secs] [Times: user=0.00 sys=0.00, real=0.00 secs] 
2024-10-07T05:44:23.094+0300: 373.341: Total time for which application threads were stopped: 0.0019788 seconds, Stopping threads took: 0.0001148 seconds
2024-10-07T05:44:23.659+0300: 373.909: Application time: 0.5678569 seconds
2024-10-07T05:44:23.659+0300: 373.910: [GC (Allocation Failure) 2024-10-07T05:44:23.659+0300: 373.910: [ParNew: 414184K->5304K(460096K), 0.0016985 secs] 419591K->10712K(2046080K), 0.0017890 secs] [Times: user=0.00 sys=0.00, real=0.00 secs] 
2024-10-07T05:44:23.659+0300: 373.911: Total time for which application threads were stopped: 0.0020521 seconds, Stopping threads took: 0.0001447 seconds
2024-10-07T05:44:24.225+0300: 374.470: Application time: 0.5582988 seconds
2024-10-07T05:44:24.225+0300: 374.470: [GC (Allocation Failure) 2024-10-07T05:44:24.225+0300: 374.470: [ParNew: 413643K->4283K(460096K), 0.0015238 secs] 419051K->9692K(2046080K), 0.0016347 secs] [Times: user=0.02 sys=0.00, real=0.00 secs] 
2024-10-07T05:44:24.225+0300: 374.472: Total time for which application threads were stopped: 0.0019342 seconds, Stopping threads took: 0.0001541 seconds
2024-10-07T05:44:24.789+0300: 375.033: Application time: 0.5616076 seconds
2024-10-07T05:44:24.789+0300: 375.033: [GC (Allocation Failure) 2024-10-07T05:44:24.789+0300: 375.034: [ParNew: 412365K->4280K(460096K), 0.0017639 secs] 417774K->9689K(2046080K), 0.0023567 secs] [Times: user=0.00 sys=0.00, real=0.00 secs] 
2024-10-07T05:44:24.789+0300: 375.036: Total time for which application threads were stopped: 0.0026571 seconds, Stopping threads took: 0.0001955 seconds
2024-10-07T05:44:25.354+0300: 375.599: Application time: 0.5631023 seconds
2024-10-07T05:44:25.354+0300: 375.599: [GC (Allocation Failure) 2024-10-07T05:44:25.354+0300: 375.599: [ParNew: 413304K->5308K(460096K), 0.0017387 secs] 418713K->10718K(2046080K), 0.0018421 secs] [Times: user=0.00 sys=0.00, real=0.00 secs] 
2024-10-07T05:44:25.354+0300: 375.601: Total time for which application threads were stopped: 0.0021359 seconds, Stopping threads took: 0.0001500 seconds
2024-10-07T05:44:25.919+0300: 376.173: Application time: 0.5717704 seconds
2024-10-07T05:44:25.919+0300: 376.173: [GC (Allocation Failure) 2024-10-07T05:44:25.919+0300: 376.173: [ParNew: 414014K->4287K(460096K), 0.0018405 secs] 419423K->9697K(2046080K), 0.0019319 secs] [Times: user=0.00 sys=0.00, real=0.00 secs] 
2024-10-07T05:44:25.919+0300: 376.175: Total time for which application threads were stopped: 0.0022263 seconds, Stopping threads took: 0.0001528 seconds
2024-10-07T05:44:26.484+0300: 376.738: Application time: 0.5627945 seconds
2024-10-07T05:44:26.484+0300: 376.738: [GC (Allocation Failure) 2024-10-07T05:44:26.484+0300: 376.738: [ParNew: 412856K->5304K(460096K), 0.0015889 secs] 418266K->10715K(2046080K), 0.0016781 secs] [Times: user=0.01 sys=0.00, real=0.00 secs] 
2024-10-07T05:44:26.484+0300: 376.740: Total time for which application threads were stopped: 0.0020318 seconds, Stopping threads took: 0.0002372 seconds
2024-10-07T05:44:27.065+0300: 377.309: Application time: 0.5691301 seconds
2024-10-07T05:44:27.065+0300: 377.309: [GC (Allocation Failure) 2024-10-07T05:44:27.065+0300: 377.309: [ParNew: 414043K->5304K(460096K), 0.0016821 secs] 419454K->10715K(2046080K), 0.0017600 secs] [Times: user=0.00 sys=0.00, real=0.00 secs] 
2024-10-07T05:44:27.065+0300: 377.311: Total time for which application threads were stopped: 0.0020374 seconds, Stopping threads took: 0.0001591 seconds
2024-10-07T05:44:27.630+0300: 377.878: Application time: 0.5668020 seconds
2024-10-07T05:44:27.630+0300: 377.878: [GC (Allocation Failure) 2024-10-07T05:44:27.630+0300: 377.878: [ParNew: 413481K->4298K(460096K), 0.0016517 secs] 418893K->9710K(2046080K), 0.0017395 secs] [Times: user=0.00 sys=0.00, real=0.00 secs] 
2024-10-07T05:44:27.630+0300: 377.880: Total time for which application threads were stopped: 0.0019896 seconds, Stopping threads took: 0.0001296 seconds
2024-10-07T05:44:28.195+0300: 378.441: Application time: 0.5612322 seconds
2024-10-07T05:44:28.195+0300: 378.441: [GC (Allocation Failure) 2024-10-07T05:44:28.195+0300: 378.441: [ParNew: 412453K->4286K(460096K), 0.0016559 secs] 417865K->9699K(2046080K), 0.0017577 secs] [Times: user=0.00 sys=0.00, real=0.00 secs] 
2024-10-07T05:44:28.195+0300: 378.443: Total time for which application threads were stopped: 0.0020629 seconds, Stopping threads took: 0.0001684 seconds
2024-10-07T05:44:28.761+0300: 379.010: Application time: 0.5672260 seconds
2024-10-07T05:44:28.761+0300: 379.011: [GC (Allocation Failure) 2024-10-07T05:44:28.761+0300: 379.011: [ParNew: 412731K->2243K(460096K), 0.0016890 secs] 418144K->7656K(2046080K), 0.0017731 secs] [Times: user=0.00 sys=0.00, real=0.00 secs] 
2024-10-07T05:44:28.761+0300: 379.013: Total time for which application threads were stopped: 0.0020862 seconds, Stopping threads took: 0.0001881 seconds
2024-10-07T05:44:29.326+0300: 379.577: Application time: 0.5643552 seconds
2024-10-07T05:44:29.326+0300: 379.577: [GC (Allocation Failure) 2024-10-07T05:44:29.326+0300: 379.577: [ParNew: 410466K->5310K(460096K), 0.0017768 secs] 415879K->10724K(2046080K), 0.0018872 secs] [Times: user=0.06 sys=0.00, real=0.00 secs] 
2024-10-07T05:44:29.326+0300: 379.579: Total time for which application threads were stopped: 0.0023656 seconds, Stopping threads took: 0.0003252 seconds
2024-10-07T05:44:29.891+0300: 380.136: Application time: 0.5570325 seconds
2024-10-07T05:44:29.891+0300: 380.137: [GC (Allocation Failure) 2024-10-07T05:44:29.891+0300: 380.137: [ParNew: 413368K->4286K(460096K), 0.0018721 secs] 418782K->9701K(2046080K), 0.0019575 secs] [Times: user=0.00 sys=0.00, real=0.00 secs] 
2024-10-07T05:44:29.891+0300: 380.139: Total time for which application threads were stopped: 0.0022164 seconds, Stopping threads took: 0.0001435 seconds
2024-10-07T05:44:30.457+0300: 380.708: Application time: 0.5694984 seconds
2024-10-07T05:44:30.457+0300: 380.708: [GC (Allocation Failure) 2024-10-07T05:44:30.457+0300: 380.708: [ParNew: 413310K->5311K(460096K), 0.0017877 secs] 418725K->10726K(2046080K), 0.0018750 secs] [Times: user=0.00 sys=0.00, real=0.00 secs] 
2024-10-07T05:44:30.457+0300: 380.710: Total time for which application threads were stopped: 0.0021392 seconds, Stopping threads took: 0.0001364 seconds
2024-10-07T05:44:31.023+0300: 381.272: Application time: 0.5616952 seconds
2024-10-07T05:44:31.023+0300: 381.272: [GC (Allocation Failure) 2024-10-07T05:44:31.023+0300: 381.272: [ParNew: 413681K->5306K(460096K), 0.0017076 secs] 419096K->10722K(2046080K), 0.0018022 secs] [Times: user=0.00 sys=0.00, real=0.00 secs] 
2024-10-07T05:44:31.023+0300: 381.274: Total time for which application threads were stopped: 0.0020310 seconds, Stopping threads took: 0.0001184 seconds
2024-10-07T05:44:31.587+0300: 381.840: Application time: 0.5660397 seconds
2024-10-07T05:44:31.587+0300: 381.840: [GC (Allocation Failure) 2024-10-07T05:44:31.587+0300: 381.840: [ParNew: 413751K->5308K(460096K), 0.0016745 secs] 419167K->10725K(2046080K), 0.0017613 secs] [Times: user=0.00 sys=0.00, real=0.00 secs] 
2024-10-07T05:44:31.587+0300: 381.842: Total time for which application threads were stopped: 0.0021574 seconds, Stopping threads took: 0.0002847 seconds
2024-10-07T05:44:32.152+0300: 382.406: Application time: 0.5638945 seconds
2024-10-07T05:44:32.152+0300: 382.406: [GC (Allocation Failure) 2024-10-07T05:44:32.152+0300: 382.406: [ParNew: 414332K->4300K(460096K), 0.0015672 secs] 419749K->9718K(2046080K), 0.0016644 secs] [Times: user=0.05 sys=0.00, real=0.00 secs] 
2024-10-07T05:44:32.152+0300: 382.408: Total time for which application threads were stopped: 0.0019852 seconds, Stopping threads took: 0.0001924 seconds
2024-10-07T05:44:32.733+0300: 382.977: Application time: 0.5686454 seconds
2024-10-07T05:44:32.733+0300: 382.977: [GC (Allocation Failure) 2024-10-07T05:44:32.733+0300: 382.977: [ParNew: 413324K->3292K(460096K), 0.0012990 secs] 418742K->8710K(2046080K), 0.0013997 secs] [Times: user=0.00 sys=0.00, real=0.00 secs] 
2024-10-07T05:44:32.733+0300: 382.978: Total time for which application threads were stopped: 0.0016514 seconds, Stopping threads took: 0.0001273 seconds
2024-10-07T05:44:33.298+0300: 383.539: Application time: 0.5608887 seconds
2024-10-07T05:44:33.298+0300: 383.539: [GC (Allocation Failure) 2024-10-07T05:44:33.298+0300: 383.539: [ParNew: 412316K->3264K(460096K), 0.0012902 secs] 417734K->8683K(2046080K), 0.0013907 secs] [Times: user=0.00 sys=0.00, real=0.00 secs] 
2024-10-07T05:44:33.298+0300: 383.541: Total time for which application threads were stopped: 0.0017181 seconds, Stopping threads took: 0.0001808 seconds
2024-10-07T05:44:33.847+0300: 384.098: Application time: 0.5567019 seconds
2024-10-07T05:44:33.847+0300: 384.098: [GC (Allocation Failure) 2024-10-07T05:44:33.847+0300: 384.098: [ParNew: 411468K->4301K(460096K), 0.0015097 secs] 416887K->9720K(2046080K), 0.0016069 secs] [Times: user=0.00 sys=0.00, real=0.00 secs] 
2024-10-07T05:44:33.847+0300: 384.100: Total time for which application threads were stopped: 0.0019221 seconds, Stopping threads took: 0.0001652 seconds
2024-10-07T05:44:34.412+0300: 384.664: Application time: 0.5647860 seconds
2024-10-07T05:44:34.412+0300: 384.665: [GC (Allocation Failure) 2024-10-07T05:44:34.412+0300: 384.665: [ParNew: 413112K->4283K(460096K), 0.0016500 secs] 418531K->9702K(2046080K), 0.0017530 secs] [Times: user=0.00 sys=0.00, real=0.00 secs] 
2024-10-07T05:44:34.412+0300: 384.666: Total time for which application threads were stopped: 0.0021117 seconds, Stopping threads took: 0.0002042 seconds
2024-10-07T05:44:34.977+0300: 385.224: Application time: 0.5575078 seconds
2024-10-07T05:44:34.977+0300: 385.224: [GC (Allocation Failure) 2024-10-07T05:44:34.977+0300: 385.224: [ParNew: 412486K->4296K(460096K), 0.0016216 secs] 417906K->9716K(2046080K), 0.0017180 secs] [Times: user=0.00 sys=0.00, real=0.00 secs] 
2024-10-07T05:44:34.977+0300: 385.226: Total time for which application threads were stopped: 0.0020462 seconds, Stopping threads took: 0.0002237 seconds
2024-10-07T05:44:35.543+0300: 385.793: Application time: 0.5665550 seconds
2024-10-07T05:44:35.543+0300: 385.793: [GC (Allocation Failure) 2024-10-07T05:44:35.543+0300: 385.793: [ParNew: 412919K->2263K(460096K), 0.0013386 secs] 418339K->7684K(2046080K), 0.0014121 secs] [Times: user=0.00 sys=0.00, real=0.00 secs] 
2024-10-07T05:44:35.543+0300: 385.794: Total time for which application threads were stopped: 0.0016855 seconds, Stopping threads took: 0.0001790 seconds
2024-10-07T05:44:36.108+0300: 386.351: Application time: 0.5565431 seconds
2024-10-07T05:44:36.108+0300: 386.351: [GC (Allocation Failure) 2024-10-07T05:44:36.108+0300: 386.351: [ParNew: 410512K->4302K(460096K), 0.0019802 secs] 415933K->9723K(2046080K), 0.0020814 secs] [Times: user=0.00 sys=0.00, real=0.00 secs] 
2024-10-07T05:44:36.108+0300: 386.353: Total time for which application threads were stopped: 0.0023198 seconds, Stopping threads took: 0.0001046 seconds
2024-10-07T05:44:36.673+0300: 386.915: Application time: 0.5617590 seconds
2024-10-07T05:44:36.673+0300: 386.915: [GC (Allocation Failure) 2024-10-07T05:44:36.673+0300: 386.915: [ParNew: 413047K->4300K(460096K), 0.0015283 secs] 418468K->9722K(2046080K), 0.0016007 secs] [Times: user=0.00 sys=0.00, real=0.00 secs] 
2024-10-07T05:44:36.673+0300: 386.917: Total time for which application threads were stopped: 0.0019092 seconds, Stopping threads took: 0.0001857 seconds
2024-10-07T05:44:37.223+0300: 387.474: Application time: 0.5576604 seconds
2024-10-07T05:44:37.223+0300: 387.475: [GC (Allocation Failure) 2024-10-07T05:44:37.223+0300: 387.475: [ParNew: 413324K->6332K(460096K), 0.0021547 secs] 418746K->11755K(2046080K), 0.0022464 secs] [Times: user=0.00 sys=0.00, real=0.00 secs] 
2024-10-07T05:44:37.223+0300: 387.477: Total time for which application threads were stopped: 0.0025353 seconds, Stopping threads took: 0.0001597 seconds
2024-10-07T05:44:37.803+0300: 388.045: Application time: 0.5677673 seconds
2024-10-07T05:44:37.803+0300: 388.045: [GC (Allocation Failure) 2024-10-07T05:44:37.803+0300: 388.045: [ParNew: 415356K->4296K(460096K), 0.0018011 secs] 420779K->9720K(2046080K), 0.0018730 secs] [Times: user=0.00 sys=0.00, real=0.00 secs] 
2024-10-07T05:44:37.803+0300: 388.047: Total time for which application threads were stopped: 0.0021363 seconds, Stopping threads took: 0.0001627 seconds
2024-10-07T05:44:38.369+0300: 388.614: Application time: 0.5670329 seconds
2024-10-07T05:44:38.369+0300: 388.614: [GC (Allocation Failure) 2024-10-07T05:44:38.369+0300: 388.614: [ParNew: 413320K->2270K(460096K), 0.0013396 secs] 418744K->7694K(2046080K), 0.0014165 secs] [Times: user=0.00 sys=0.00, real=0.00 secs] 
2024-10-07T05:44:38.369+0300: 388.616: Total time for which application threads were stopped: 0.0016490 seconds, Stopping threads took: 0.0001095 seconds
2024-10-07T05:44:38.917+0300: 389.172: Application time: 0.5559986 seconds
2024-10-07T05:44:38.917+0300: 389.172: [GC (Allocation Failure) 2024-10-07T05:44:38.917+0300: 389.172: [ParNew: 411219K->3257K(460096K), 0.0013257 secs] 416643K->8682K(2046080K), 0.0014664 secs] [Times: user=0.00 sys=0.00, real=0.00 secs] 
2024-10-07T05:44:38.917+0300: 389.173: Total time for which application threads were stopped: 0.0017186 seconds, Stopping threads took: 0.0001353 seconds
2024-10-07T05:44:39.483+0300: 389.736: Application time: 0.5627531 seconds
2024-10-07T05:44:39.483+0300: 389.736: [GC (Allocation Failure) 2024-10-07T05:44:39.483+0300: 389.736: [ParNew: 412281K->4286K(460096K), 0.0014726 secs] 417706K->9711K(2046080K), 0.0015949 secs] [Times: user=0.00 sys=0.00, real=0.00 secs] 
2024-10-07T05:44:39.483+0300: 389.738: Total time for which application threads were stopped: 0.0020139 seconds, Stopping threads took: 0.0002775 seconds
2024-10-07T05:44:40.048+0300: 390.297: Application time: 0.5593769 seconds
2024-10-07T05:44:40.048+0300: 390.298: [GC (Allocation Failure) 2024-10-07T05:44:40.048+0300: 390.298: [ParNew: 412738K->5306K(460096K), 0.0015768 secs] 418163K->10732K(2046080K), 0.0016520 secs] [Times: user=0.00 sys=0.00, real=0.00 secs] 
2024-10-07T05:44:40.048+0300: 390.299: Total time for which application threads were stopped: 0.0019497 seconds, Stopping threads took: 0.0001957 seconds
2024-10-07T05:44:40.612+0300: 390.866: Application time: 0.5661586 seconds
2024-10-07T05:44:40.612+0300: 390.866: [GC (Allocation Failure) 2024-10-07T05:44:40.612+0300: 390.866: [ParNew: 413595K->4284K(460096K), 0.0015750 secs] 419021K->9711K(2046080K), 0.0016524 secs] [Times: user=0.00 sys=0.00, real=0.00 secs] 
2024-10-07T05:44:40.612+0300: 390.868: Total time for which application threads were stopped: 0.0019891 seconds, Stopping threads took: 0.0001902 seconds
2024-10-07T05:44:41.177+0300: 391.421: Application time: 0.5536010 seconds
2024-10-07T05:44:41.177+0300: 391.421: [GC (Allocation Failure) 2024-10-07T05:44:41.177+0300: 391.421: [ParNew: 412931K->3277K(460096K), 0.0014408 secs] 418357K->8704K(2046080K), 0.0015155 secs] [Times: user=0.00 sys=0.00, real=0.00 secs] 
2024-10-07T05:44:41.177+0300: 391.423: Total time for which application threads were stopped: 0.0017855 seconds, Stopping threads took: 0.0001714 seconds
2024-10-07T05:44:41.742+0300: 391.984: Application time: 0.5615427 seconds
2024-10-07T05:44:41.742+0300: 391.985: [GC (Allocation Failure) 2024-10-07T05:44:41.742+0300: 391.985: [ParNew: 411514K->5305K(460096K), 0.0016845 secs] 416941K->10733K(2046080K), 0.0017629 secs] [Times: user=0.00 sys=0.00, real=0.00 secs] 
2024-10-07T05:44:41.742+0300: 391.986: Total time for which application threads were stopped: 0.0020097 seconds, Stopping threads took: 0.0001455 seconds
2024-10-07T05:44:42.308+0300: 392.551: Application time: 0.5647172 seconds
2024-10-07T05:44:42.308+0300: 392.552: [GC (Allocation Failure) 2024-10-07T05:44:42.308+0300: 392.552: [ParNew: 414294K->5304K(460096K), 0.0017985 secs] 419722K->10733K(2046080K), 0.0018893 secs] [Times: user=0.06 sys=0.00, real=0.00 secs] 
2024-10-07T05:44:42.308+0300: 392.553: Total time for which application threads were stopped: 0.0022741 seconds, Stopping threads took: 0.0002713 seconds
2024-10-07T05:44:42.857+0300: 393.112: Application time: 0.5590088 seconds
2024-10-07T05:44:42.857+0300: 393.113: [GC (Allocation Failure) 2024-10-07T05:44:42.857+0300: 393.113: [ParNew: 413945K->5308K(460096K), 0.0018926 secs] 419373K->10737K(2046080K), 0.0019811 secs] [Times: user=0.02 sys=0.00, real=0.02 secs] 
2024-10-07T05:44:42.873+0300: 393.115: Total time for which application threads were stopped: 0.0023131 seconds, Stopping threads took: 0.0002216 seconds
2024-10-07T05:44:43.438+0300: 393.679: Application time: 0.5644454 seconds
2024-10-07T05:44:43.438+0300: 393.680: [GC (Allocation Failure) 2024-10-07T05:44:43.438+0300: 393.680: [ParNew: 414131K->4298K(460096K), 0.0018036 secs] 419560K->9728K(2046080K), 0.0018854 secs] [Times: user=0.00 sys=0.00, real=0.00 secs] 
2024-10-07T05:44:43.438+0300: 393.681: Total time for which application threads were stopped: 0.0022352 seconds, Stopping threads took: 0.0002115 seconds
2024-10-07T05:44:43.988+0300: 394.239: Application time: 0.5575272 seconds
2024-10-07T05:44:43.988+0300: 394.239: [GC (Allocation Failure) 2024-10-07T05:44:43.988+0300: 394.239: [ParNew: 412654K->4286K(460096K), 0.0016507 secs] 418084K->9716K(2046080K), 0.0017968 secs] [Times: user=0.00 sys=0.00, real=0.00 secs] 
2024-10-07T05:44:43.988+0300: 394.241: Total time for which application threads were stopped: 0.0021876 seconds, Stopping threads took: 0.0002469 seconds
2024-10-07T05:44:44.553+0300: 394.807: Application time: 0.5660135 seconds
2024-10-07T05:44:44.553+0300: 394.808: [GC (Allocation Failure) 2024-10-07T05:44:44.553+0300: 394.808: [ParNew: 412829K->5306K(460096K), 0.0017941 secs] 418259K->10737K(2046080K), 0.0018813 secs] [Times: user=0.02 sys=0.00, real=0.02 secs] 
2024-10-07T05:44:44.568+0300: 394.810: Total time for which application threads were stopped: 0.0023150 seconds, Stopping threads took: 0.0002934 seconds
2024-10-07T05:44:45.118+0300: 395.368: Application time: 0.5585973 seconds
2024-10-07T05:44:45.118+0300: 395.368: [GC (Allocation Failure) 2024-10-07T05:44:45.118+0300: 395.368: [ParNew: 413967K->4283K(460096K), 0.0014302 secs] 419398K->9715K(2046080K), 0.0015411 secs] [Times: user=0.00 sys=0.00, real=0.00 secs] 
2024-10-07T05:44:45.118+0300: 395.370: Total time for which application threads were stopped: 0.0018285 seconds, Stopping threads took: 0.0001609 seconds
2024-10-07T05:44:45.683+0300: 395.932: Application time: 0.5618448 seconds
2024-10-07T05:44:45.683+0300: 395.932: [GC (Allocation Failure) 2024-10-07T05:44:45.683+0300: 395.932: [ParNew: 412608K->5306K(460096K), 0.0016780 secs] 418039K->10738K(2046080K), 0.0017509 secs] [Times: user=0.00 sys=0.00, real=0.00 secs] 
2024-10-07T05:44:45.683+0300: 395.934: Total time for which application threads were stopped: 0.0020697 seconds, Stopping threads took: 0.0002242 seconds
2024-10-07T05:44:46.247+0300: 396.489: Application time: 0.5552455 seconds
2024-10-07T05:44:46.247+0300: 396.489: [GC (Allocation Failure) 2024-10-07T05:44:46.247+0300: 396.490: [ParNew: 414083K->4298K(460096K), 0.0015496 secs] 419515K->9731K(2046080K), 0.0016260 secs] [Times: user=0.00 sys=0.00, real=0.00 secs] 
2024-10-07T05:44:46.247+0300: 396.491: Total time for which application threads were stopped: 0.0020145 seconds, Stopping threads took: 0.0002687 seconds
2024-10-07T05:44:46.812+0300: 397.060: Application time: 0.5684112 seconds
2024-10-07T05:44:46.812+0300: 397.060: [GC (Allocation Failure) 2024-10-07T05:44:46.812+0300: 397.060: [ParNew: 413322K->4301K(460096K), 0.0015027 secs] 418755K->9734K(2046080K), 0.0015893 secs] [Times: user=0.00 sys=0.00, real=0.00 secs] 
2024-10-07T05:44:46.812+0300: 397.061: Total time for which application threads were stopped: 0.0018743 seconds, Stopping threads took: 0.0001767 seconds
2024-10-07T05:44:47.378+0300: 397.619: Application time: 0.5576395 seconds
2024-10-07T05:44:47.378+0300: 397.619: [GC (Allocation Failure) 2024-10-07T05:44:47.378+0300: 397.619: [ParNew: 412419K->5304K(460096K), 0.0015751 secs] 417853K->10738K(2046080K), 0.0016549 secs] [Times: user=0.00 sys=0.00, real=0.00 secs] 
2024-10-07T05:44:47.378+0300: 397.621: Total time for which application threads were stopped: 0.0018893 seconds, Stopping threads took: 0.0001219 seconds
2024-10-07T05:44:47.927+0300: 398.181: Application time: 0.5597473 seconds
2024-10-07T05:44:47.927+0300: 398.181: [GC (Allocation Failure) 2024-10-07T05:44:47.927+0300: 398.181: [ParNew: 413545K->4302K(460096K), 0.0016780 secs] 418979K->9737K(2046080K), 0.0017590 secs] [Times: user=0.00 sys=0.00, real=0.00 secs] 
2024-10-07T05:44:47.927+0300: 398.183: Total time for which application threads were stopped: 0.0020607 seconds, Stopping threads took: 0.0001922 seconds
2024-10-07T05:44:48.507+0300: 398.750: Application time: 0.5669364 seconds
2024-10-07T05:44:48.507+0300: 398.750: [GC (Allocation Failure) 2024-10-07T05:44:48.507+0300: 398.750: [ParNew: 413057K->4285K(460096K), 0.0014413 secs] 418492K->9720K(2046080K), 0.0015435 secs] [Times: user=0.00 sys=0.00, real=0.00 secs] 
2024-10-07T05:44:48.507+0300: 398.752: Total time for which application threads were stopped: 0.0018989 seconds, Stopping threads took: 0.0001566 seconds
2024-10-07T05:44:49.061+0300: 399.305: Application time: 0.5530955 seconds
2024-10-07T05:44:49.061+0300: 399.305: [GC (Allocation Failure) 2024-10-07T05:44:49.061+0300: 399.305: [ParNew: 412439K->5305K(460096K), 0.0016438 secs] 417874K->10741K(2046080K), 0.0017165 secs] [Times: user=0.00 sys=0.00, real=0.00 secs] 
2024-10-07T05:44:49.061+0300: 399.307: Total time for which application threads were stopped: 0.0019659 seconds, Stopping threads took: 0.0001515 seconds
2024-10-07T05:44:49.622+0300: 399.873: Application time: 0.5660468 seconds
2024-10-07T05:44:49.622+0300: 399.873: [GC (Allocation Failure) 2024-10-07T05:44:49.622+0300: 399.873: [ParNew: 414148K->5306K(460096K), 0.0017861 secs] 419584K->10743K(2046080K), 0.0018796 secs] [Times: user=0.00 sys=0.00, real=0.00 secs] 
2024-10-07T05:44:49.622+0300: 399.875: Total time for which application threads were stopped: 0.0022884 seconds, Stopping threads took: 0.0002731 seconds
2024-10-07T05:44:50.188+0300: 400.431: Application time: 0.5555416 seconds
2024-10-07T05:44:50.188+0300: 400.431: [GC (Allocation Failure) 2024-10-07T05:44:50.188+0300: 400.431: [ParNew: 414330K->5304K(460096K), 0.0020186 secs] 419767K->10741K(2046080K), 0.0020880 secs] [Times: user=0.00 sys=0.00, real=0.00 secs] 
2024-10-07T05:44:50.188+0300: 400.433: Total time for which application threads were stopped: 0.0023679 seconds, Stopping threads took: 0.0001762 seconds
2024-10-07T05:44:50.752+0300: 400.997: Application time: 0.5645005 seconds
2024-10-07T05:44:50.752+0300: 400.998: [GC (Allocation Failure) 2024-10-07T05:44:50.752+0300: 400.998: [ParNew: 414328K->4298K(460096K), 0.0016130 secs] 419765K->9736K(2046080K), 0.0017155 secs] [Times: user=0.00 sys=0.00, real=0.00 secs] 
2024-10-07T05:44:50.752+0300: 400.999: Total time for which application threads were stopped: 0.0019987 seconds, Stopping threads took: 0.0001526 seconds
2024-10-07T05:44:51.318+0300: 401.562: Application time: 0.5621362 seconds
2024-10-07T05:44:51.318+0300: 401.562: [GC (Allocation Failure) 2024-10-07T05:44:51.318+0300: 401.562: [ParNew: 413322K->2274K(460096K), 0.0017352 secs] 418760K->7713K(2046080K), 0.0018106 secs] [Times: user=0.05 sys=0.00, real=0.00 secs] 
2024-10-07T05:44:51.318+0300: 401.564: Total time for which application threads were stopped: 0.0020971 seconds, Stopping threads took: 0.0001786 seconds
2024-10-07T05:44:51.867+0300: 402.120: Application time: 0.5561512 seconds
2024-10-07T05:44:51.867+0300: 402.120: [GC (Allocation Failure) 2024-10-07T05:44:51.867+0300: 402.120: [ParNew: 410631K->4287K(460096K), 0.0016142 secs] 416070K->9726K(2046080K), 0.0017040 secs] [Times: user=0.00 sys=0.00, real=0.00 secs] 
2024-10-07T05:44:51.867+0300: 402.122: Total time for which application threads were stopped: 0.0020193 seconds, Stopping threads took: 0.0001663 seconds
2024-10-07T05:44:52.432+0300: 402.681: Application time: 0.5592970 seconds
2024-10-07T05:44:52.432+0300: 402.681: [GC (Allocation Failure) 2024-10-07T05:44:52.432+0300: 402.681: [ParNew: 413311K->4300K(460096K), 0.0018765 secs] 418750K->9740K(2046080K), 0.0019807 secs] [Times: user=0.00 sys=0.00, real=0.00 secs] 
2024-10-07T05:44:52.432+0300: 402.683: Total time for which application threads were stopped: 0.0022534 seconds, Stopping threads took: 0.0001188 seconds
2024-10-07T05:44:52.997+0300: 403.243: Application time: 0.5599446 seconds
2024-10-07T05:44:52.997+0300: 403.244: [GC (Allocation Failure) 2024-10-07T05:44:52.997+0300: 403.244: [ParNew: 413231K->5304K(460096K), 0.0017414 secs] 418670K->10744K(2046080K), 0.0018161 secs] [Times: user=0.00 sys=0.00, real=0.00 secs] 
2024-10-07T05:44:52.997+0300: 403.245: Total time for which application threads were stopped: 0.0020545 seconds, Stopping threads took: 0.0001261 seconds
2024-10-07T05:44:53.562+0300: 403.809: Application time: 0.5639096 seconds
2024-10-07T05:44:53.562+0300: 403.810: [GC (Allocation Failure) 2024-10-07T05:44:53.570+0300: 403.812: [ParNew: 414296K->5309K(460096K), 0.0019039 secs] 419736K->10750K(2046080K), 0.0043307 secs] [Times: user=0.00 sys=0.00, real=0.01 secs] 
2024-10-07T05:44:53.570+0300: 403.814: Total time for which application threads were stopped: 0.0046677 seconds, Stopping threads took: 0.0002291 seconds
2024-10-07T05:44:54.127+0300: 404.371: Application time: 0.5569268 seconds
2024-10-07T05:44:54.127+0300: 404.371: [GC (Allocation Failure) 2024-10-07T05:44:54.127+0300: 404.371: [ParNew: 413979K->5304K(460096K), 0.0016748 secs] 419420K->10746K(2046080K), 0.0017496 secs] [Times: user=0.00 sys=0.00, real=0.00 secs] 
2024-10-07T05:44:54.127+0300: 404.373: Total time for which application threads were stopped: 0.0019755 seconds, Stopping threads took: 0.0001280 seconds
2024-10-07T05:44:54.692+0300: 404.939: Application time: 0.5656272 seconds
2024-10-07T05:44:54.692+0300: 404.939: [GC (Allocation Failure) 2024-10-07T05:44:54.692+0300: 404.939: [ParNew: 413960K->5306K(460096K), 0.0016180 secs] 419402K->10748K(2046080K), 0.0016986 secs] [Times: user=0.00 sys=0.00, real=0.00 secs] 
2024-10-07T05:44:54.692+0300: 404.940: Total time for which application threads were stopped: 0.0019602 seconds, Stopping threads took: 0.0001559 seconds
2024-10-07T05:44:55.257+0300: 405.500: Application time: 0.5592819 seconds
2024-10-07T05:44:55.257+0300: 405.500: [GC (Allocation Failure) 2024-10-07T05:44:55.257+0300: 405.500: [ParNew: 414104K->5308K(460096K), 0.0015857 secs] 419546K->10751K(2046080K), 0.0016920 secs] [Times: user=0.00 sys=0.00, real=0.00 secs] 
2024-10-07T05:44:55.257+0300: 405.502: Total time for which application threads were stopped: 0.0019095 seconds, Stopping threads took: 0.0000878 seconds
2024-10-07T05:44:55.822+0300: 406.067: Application time: 0.5648453 seconds
2024-10-07T05:44:55.822+0300: 406.067: [GC (Allocation Failure) 2024-10-07T05:44:55.822+0300: 406.067: [ParNew: 414332K->4283K(460096K), 0.0015406 secs] 419775K->9727K(2046080K), 0.0016118 secs] [Times: user=0.00 sys=0.00, real=0.00 secs] 
2024-10-07T05:44:55.822+0300: 406.068: Total time for which application threads were stopped: 0.0018540 seconds, Stopping threads took: 0.0001463 seconds
2024-10-07T05:44:56.388+0300: 406.631: Application time: 0.5623957 seconds
2024-10-07T05:44:56.388+0300: 406.631: [GC (Allocation Failure) 2024-10-07T05:44:56.388+0300: 406.631: [ParNew: 413307K->4320K(460096K), 0.0015449 secs] 418751K->9764K(2046080K), 0.0016443 secs] [Times: user=0.00 sys=0.00, real=0.00 secs] 
2024-10-07T05:44:56.388+0300: 406.633: Total time for which application threads were stopped: 0.0019442 seconds, Stopping threads took: 0.0001659 seconds
2024-10-07T05:44:56.937+0300: 407.188: Application time: 0.5556987 seconds
2024-10-07T05:44:56.937+0300: 407.189: [GC (Allocation Failure) 2024-10-07T05:44:56.937+0300: 407.189: [ParNew: 413344K->3276K(460096K), 0.0017571 secs] 418788K->8720K(2046080K), 0.0018281 secs] [Times: user=0.00 sys=0.00, real=0.00 secs] 
2024-10-07T05:44:56.937+0300: 407.191: Total time for which application threads were stopped: 0.0021290 seconds, Stopping threads took: 0.0002008 seconds
2024-10-07T05:44:57.507+0300: 407.750: Application time: 0.5596340 seconds
2024-10-07T05:44:57.507+0300: 407.750: [GC (Allocation Failure) 2024-10-07T05:44:57.507+0300: 407.750: [ParNew: 412050K->5308K(460096K), 0.0020168 secs] 417495K->10754K(2046080K), 0.0020802 secs] [Times: user=0.00 sys=0.00, real=0.00 secs] 
2024-10-07T05:44:57.507+0300: 407.753: Total time for which application threads were stopped: 0.0023651 seconds, Stopping threads took: 0.0001913 seconds
2024-10-07T05:44:58.066+0300: 408.313: Application time: 0.5606945 seconds
2024-10-07T05:44:58.066+0300: 408.313: [GC (Allocation Failure) 2024-10-07T05:44:58.066+0300: 408.314: [ParNew: 413640K->4280K(460096K), 0.0014859 secs] 419085K->9726K(2046080K), 0.0015583 secs] [Times: user=0.00 sys=0.00, real=0.00 secs] 
2024-10-07T05:44:58.066+0300: 408.315: Total time for which application threads were stopped: 0.0017929 seconds, Stopping threads took: 0.0001422 seconds
2024-10-07T05:44:58.632+0300: 408.875: Application time: 0.5598398 seconds
2024-10-07T05:44:58.632+0300: 408.875: [GC (Allocation Failure) 2024-10-07T05:44:58.632+0300: 408.875: [ParNew: 412567K->5304K(460096K), 0.0019037 secs] 418013K->10751K(2046080K), 0.0020469 secs] [Times: user=0.00 sys=0.00, real=0.00 secs] 
2024-10-07T05:44:58.632+0300: 408.877: Total time for which application threads were stopped: 0.0023288 seconds, Stopping threads took: 0.0001813 seconds
2024-10-07T05:44:59.181+0300: 409.438: Application time: 0.5606285 seconds
2024-10-07T05:44:59.197+0300: 409.438: [GC (Allocation Failure) 2024-10-07T05:44:59.197+0300: 409.438: [ParNew: 413335K->5304K(460096K), 0.0017156 secs] 418782K->10751K(2046080K), 0.0017983 secs] [Times: user=0.00 sys=0.00, real=0.00 secs] 
2024-10-07T05:44:59.197+0300: 409.440: Total time for which application threads were stopped: 0.0021254 seconds, Stopping threads took: 0.0002211 seconds
2024-10-07T05:44:59.762+0300: 410.006: Application time: 0.5664735 seconds
2024-10-07T05:44:59.762+0300: 410.007: [GC (Allocation Failure) 2024-10-07T05:44:59.762+0300: 410.007: [ParNew: 414024K->3276K(460096K), 0.0014014 secs] 419472K->8724K(2046080K), 0.0014769 secs] [Times: user=0.00 sys=0.00, real=0.00 secs] 
2024-10-07T05:44:59.762+0300: 410.008: Total time for which application threads were stopped: 0.0017590 seconds, Stopping threads took: 0.0001794 seconds
2024-10-07T05:45:00.327+0300: 410.569: Application time: 0.5610372 seconds
2024-10-07T05:45:00.327+0300: 410.569: [GC (Allocation Failure) 2024-10-07T05:45:00.327+0300: 410.569: [ParNew: 412300K->4282K(460096K), 0.0016675 secs] 417748K->9731K(2046080K), 0.0017535 secs] [Times: user=0.00 sys=0.00, real=0.00 secs] 
2024-10-07T05:45:00.327+0300: 410.571: Total time for which application threads were stopped: 0.0019849 seconds, Stopping threads took: 0.0001201 seconds
2024-10-07T05:45:00.885+0300: 411.129: Application time: 0.5576852 seconds
2024-10-07T05:45:00.885+0300: 411.129: [GC (Allocation Failure) 2024-10-07T05:45:00.885+0300: 411.129: [ParNew: 412478K->5305K(460096K), 0.0015979 secs] 417927K->10754K(2046080K), 0.0016711 secs] [Times: user=0.00 sys=0.00, real=0.00 secs] 
2024-10-07T05:45:00.885+0300: 411.131: Total time for which application threads were stopped: 0.0019392 seconds, Stopping threads took: 0.0001735 seconds
2024-10-07T05:45:01.441+0300: 411.692: Application time: 0.5608806 seconds
2024-10-07T05:45:01.441+0300: 411.692: [GC (Allocation Failure) 2024-10-07T05:45:01.441+0300: 411.692: [ParNew: 413550K->5304K(460096K), 0.0016402 secs] 418999K->10754K(2046080K), 0.0017479 secs] [Times: user=0.00 sys=0.00, real=0.00 secs] 
2024-10-07T05:45:01.441+0300: 411.694: Total time for which application threads were stopped: 0.0020716 seconds, Stopping threads took: 0.0001860 seconds
2024-10-07T05:45:02.006+0300: 412.253: Application time: 0.5596279 seconds
2024-10-07T05:45:02.006+0300: 412.254: [GC (Allocation Failure) 2024-10-07T05:45:02.006+0300: 412.254: [ParNew: 413898K->4282K(460096K), 0.0014376 secs] 419347K->9733K(2046080K), 0.0015326 secs] [Times: user=0.00 sys=0.00, real=0.00 secs] 
2024-10-07T05:45:02.006+0300: 412.255: Total time for which application threads were stopped: 0.0018635 seconds, Stopping threads took: 0.0002140 seconds
2024-10-07T05:45:02.571+0300: 412.821: Application time: 0.5654230 seconds
2024-10-07T05:45:02.571+0300: 412.821: [GC (Allocation Failure) 2024-10-07T05:45:02.571+0300: 412.821: [ParNew: 412689K->5306K(460096K), 0.0017371 secs] 418139K->10757K(2046080K), 0.0018361 secs] [Times: user=0.01 sys=0.00, real=0.00 secs] 
2024-10-07T05:45:02.571+0300: 412.823: Total time for which application threads were stopped: 0.0022064 seconds, Stopping threads took: 0.0002395 seconds
2024-10-07T05:45:03.136+0300: 413.381: Application time: 0.5575674 seconds
2024-10-07T05:45:03.136+0300: 413.381: [GC (Allocation Failure) 2024-10-07T05:45:03.136+0300: 413.383: [ParNew: 413605K->2268K(460096K), 0.0018872 secs] 419056K->7720K(2046080K), 0.0041993 secs] [Times: user=0.00 sys=0.00, real=0.00 secs] 
2024-10-07T05:45:03.136+0300: 413.385: Total time for which application threads were stopped: 0.0045501 seconds, Stopping threads took: 0.0001449 seconds
2024-10-07T05:45:03.701+0300: 413.944: Application time: 0.5586429 seconds
2024-10-07T05:45:03.701+0300: 413.944: [GC (Allocation Failure) 2024-10-07T05:45:03.701+0300: 413.944: [ParNew: 410718K->4284K(460096K), 0.0014448 secs] 416169K->9737K(2046080K), 0.0015102 secs] [Times: user=0.00 sys=0.00, real=0.00 secs] 
2024-10-07T05:45:03.701+0300: 413.946: Total time for which application threads were stopped: 0.0017661 seconds, Stopping threads took: 0.0001616 seconds
2024-10-07T05:45:04.250+0300: 414.505: Application time: 0.5596383 seconds
2024-10-07T05:45:04.250+0300: 414.505: [GC (Allocation Failure) 2024-10-07T05:45:04.250+0300: 414.505: [ParNew: 412556K->4283K(460096K), 0.0015685 secs] 418008K->9736K(2046080K), 0.0016451 secs] [Times: user=0.00 sys=0.00, real=0.00 secs] 
2024-10-07T05:45:04.250+0300: 414.507: Total time for which application threads were stopped: 0.0019588 seconds, Stopping threads took: 0.0002033 seconds
2024-10-07T05:45:04.831+0300: 415.072: Application time: 0.5653030 seconds
2024-10-07T05:45:04.831+0300: 415.073: [GC (Allocation Failure) 2024-10-07T05:45:04.831+0300: 415.073: [ParNew: 413307K->4297K(460096K), 0.0017831 secs] 418760K->9751K(2046080K), 0.0018560 secs] [Times: user=0.00 sys=0.00, real=0.00 secs] 
2024-10-07T05:45:04.831+0300: 415.075: Total time for which application threads were stopped: 0.0021233 seconds, Stopping threads took: 0.0001718 seconds
2024-10-07T05:45:05.396+0300: 415.644: Application time: 0.5691027 seconds
2024-10-07T05:45:05.396+0300: 415.644: [GC (Allocation Failure) 2024-10-07T05:45:05.396+0300: 415.644: [ParNew: 413321K->3274K(460096K), 0.0015588 secs] 418775K->8729K(2046080K), 0.0016219 secs] [Times: user=0.00 sys=0.00, real=0.00 secs] 
2024-10-07T05:45:05.396+0300: 415.646: Total time for which application threads were stopped: 0.0018840 seconds, Stopping threads took: 0.0001714 seconds
2024-10-07T05:45:05.961+0300: 416.203: Application time: 0.5573537 seconds
2024-10-07T05:45:05.961+0300: 416.203: [GC (Allocation Failure) 2024-10-07T05:45:05.961+0300: 416.203: [ParNew: 411341K->4284K(460096K), 0.0014614 secs] 416796K->9739K(2046080K), 0.0015274 secs] [Times: user=0.02 sys=0.00, real=0.00 secs] 
2024-10-07T05:45:05.961+0300: 416.205: Total time for which application threads were stopped: 0.0018012 seconds, Stopping threads took: 0.0001789 seconds
2024-10-07T05:45:06.526+0300: 416.768: Application time: 0.5633079 seconds
2024-10-07T05:45:06.526+0300: 416.768: [GC (Allocation Failure) 2024-10-07T05:45:06.526+0300: 416.768: [ParNew: 413113K->4300K(460096K), 0.0017307 secs] 418568K->9756K(2046080K), 0.0018092 secs] [Times: user=0.00 sys=0.00, real=0.00 secs] 
2024-10-07T05:45:06.526+0300: 416.770: Total time for which application threads were stopped: 0.0021015 seconds, Stopping threads took: 0.0001641 seconds
2024-10-07T05:45:07.075+0300: 417.329: Application time: 0.5587977 seconds
2024-10-07T05:45:07.075+0300: 417.329: [GC (Allocation Failure) 2024-10-07T05:45:07.075+0300: 417.329: [ParNew: 412444K->5306K(460096K), 0.0016000 secs] 417899K->10762K(2046080K), 0.0016755 secs] [Times: user=0.00 sys=0.00, real=0.00 secs] 
2024-10-07T05:45:07.075+0300: 417.331: Total time for which application threads were stopped: 0.0019325 seconds, Stopping threads took: 0.0001542 seconds
2024-10-07T05:45:07.641+0300: 417.894: Application time: 0.5633547 seconds
2024-10-07T05:45:07.641+0300: 417.894: [GC (Allocation Failure) 2024-10-07T05:45:07.641+0300: 417.894: [ParNew: 414119K->3259K(460096K), 0.0012436 secs] 419575K->8716K(2046080K), 0.0013110 secs] [Times: user=0.00 sys=0.00, real=0.00 secs] 
2024-10-07T05:45:07.641+0300: 417.896: Total time for which application threads were stopped: 0.0015953 seconds, Stopping threads took: 0.0001863 seconds
2024-10-07T05:45:08.207+0300: 418.452: Application time: 0.5561189 seconds
2024-10-07T05:45:08.207+0300: 418.452: [GC (Allocation Failure) 2024-10-07T05:45:08.207+0300: 418.452: [ParNew: 412215K->5302K(460096K), 0.0016355 secs] 417672K->10760K(2046080K), 0.0017299 secs] [Times: user=0.00 sys=0.00, real=0.00 secs] 
2024-10-07T05:45:08.207+0300: 418.454: Total time for which application threads were stopped: 0.0020063 seconds, Stopping threads took: 0.0001622 seconds
2024-10-07T05:45:08.771+0300: 419.016: Application time: 0.5616763 seconds
2024-10-07T05:45:08.771+0300: 419.016: [GC (Allocation Failure) 2024-10-07T05:45:08.771+0300: 419.016: [ParNew: 413452K->5306K(460096K), 0.0016253 secs] 418910K->10764K(2046080K), 0.0017028 secs] [Times: user=0.02 sys=0.00, real=0.00 secs] 
2024-10-07T05:45:08.771+0300: 419.018: Total time for which application threads were stopped: 0.0020091 seconds, Stopping threads took: 0.0002007 seconds
2024-10-07T05:45:09.337+0300: 419.580: Application time: 0.5627613 seconds
2024-10-07T05:45:09.337+0300: 419.581: [GC (Allocation Failure) 2024-10-07T05:45:09.337+0300: 419.581: [ParNew: 413761K->4300K(460096K), 0.0014478 secs] 419219K->9759K(2046080K), 0.0015340 secs] [Times: user=0.00 sys=0.00, real=0.00 secs] 
2024-10-07T05:45:09.337+0300: 419.582: Total time for which application threads were stopped: 0.0017908 seconds, Stopping threads took: 0.0001346 seconds
2024-10-07T05:45:09.886+0300: 420.140: Application time: 0.5581214 seconds
2024-10-07T05:45:09.886+0300: 420.141: [GC (Allocation Failure) 2024-10-07T05:45:09.886+0300: 420.141: [ParNew: 413324K->4283K(460096K), 0.0013454 secs] 418783K->9742K(2046080K), 0.0014206 secs] [Times: user=0.00 sys=0.00, real=0.00 secs] 
2024-10-07T05:45:09.886+0300: 420.142: Total time for which application threads were stopped: 0.0017422 seconds, Stopping threads took: 0.0002157 seconds
2024-10-07T05:45:10.451+0300: 420.706: Application time: 0.5640990 seconds
2024-10-07T05:45:10.451+0300: 420.706: [GC (Allocation Failure) 2024-10-07T05:45:10.451+0300: 420.706: [ParNew: 412977K->4280K(460096K), 0.0016011 secs] 418436K->9740K(2046080K), 0.0016786 secs] [Times: user=0.02 sys=0.00, real=0.02 secs] 
2024-10-07T05:45:10.467+0300: 420.708: Total time for which application threads were stopped: 0.0019792 seconds, Stopping threads took: 0.0001947 seconds
2024-10-07T05:45:11.016+0300: 421.268: Application time: 0.5597151 seconds
2024-10-07T05:45:11.016+0300: 421.268: [GC (Allocation Failure) 2024-10-07T05:45:11.016+0300: 421.268: [ParNew: 413304K->3275K(460096K), 0.0017369 secs] 418764K->8735K(2046080K), 0.0018206 secs] [Times: user=0.00 sys=0.00, real=0.00 secs] 
2024-10-07T05:45:11.016+0300: 421.270: Total time for which application threads were stopped: 0.0021332 seconds, Stopping threads took: 0.0002076 seconds
2024-10-07T05:45:11.581+0300: 421.832: Application time: 0.5619909 seconds
2024-10-07T05:45:11.581+0300: 421.832: [GC (Allocation Failure) 2024-10-07T05:45:11.581+0300: 421.832: [ParNew: 411394K->3280K(460096K), 0.0015521 secs] 416855K->8741K(2046080K), 0.0016156 secs] [Times: user=0.00 sys=0.00, real=0.00 secs] 
2024-10-07T05:45:11.581+0300: 421.834: Total time for which application threads were stopped: 0.0018898 seconds, Stopping threads took: 0.0001846 seconds
2024-10-07T05:45:12.146+0300: 422.395: Application time: 0.5607416 seconds
2024-10-07T05:45:12.146+0300: 422.395: [GC (Allocation Failure) 2024-10-07T05:45:12.146+0300: 422.395: [ParNew: 412304K->3259K(460096K), 0.0014774 secs] 417765K->8721K(2046080K), 0.0015488 secs] [Times: user=0.00 sys=0.00, real=0.00 secs] 
2024-10-07T05:45:12.146+0300: 422.396: Total time for which application threads were stopped: 0.0017731 seconds, Stopping threads took: 0.0001238 seconds
2024-10-07T05:45:12.712+0300: 422.957: Application time: 0.5608940 seconds
2024-10-07T05:45:12.712+0300: 422.958: [GC (Allocation Failure) 2024-10-07T05:45:12.712+0300: 422.958: [ParNew: 412142K->5309K(460096K), 0.0019367 secs] 417604K->10771K(2046080K), 0.0020261 secs] [Times: user=0.00 sys=0.00, real=0.00 secs] 
2024-10-07T05:45:12.712+0300: 422.960: Total time for which application threads were stopped: 0.0022981 seconds, Stopping threads took: 0.0001247 seconds
2024-10-07T05:45:13.260+0300: 423.515: Application time: 0.5555753 seconds
2024-10-07T05:45:13.260+0300: 423.515: [GC (Allocation Failure) 2024-10-07T05:45:13.260+0300: 423.515: [ParNew: 413632K->5306K(460096K), 0.0017744 secs] 419094K->10769K(2046080K), 0.0019233 secs] [Times: user=0.00 sys=0.02, real=0.02 secs] 
2024-10-07T05:45:13.276+0300: 423.517: Total time for which application threads were stopped: 0.0022354 seconds, Stopping threads took: 0.0001780 seconds
2024-10-07T05:45:13.826+0300: 424.080: Application time: 0.5626832 seconds
2024-10-07T05:45:13.826+0300: 424.080: [GC (Allocation Failure) 2024-10-07T05:45:13.826+0300: 424.080: [ParNew: 413641K->5306K(460096K), 0.0017966 secs] 419104K->10770K(2046080K), 0.0018763 secs] [Times: user=0.00 sys=0.00, real=0.00 secs] 
2024-10-07T05:45:13.826+0300: 424.082: Total time for which application threads were stopped: 0.0021760 seconds, Stopping threads took: 0.0001924 seconds
2024-10-07T05:45:14.406+0300: 424.649: Application time: 0.5670059 seconds
2024-10-07T05:45:14.406+0300: 424.650: [GC (Allocation Failure) 2024-10-07T05:45:14.406+0300: 424.650: [ParNew: 414012K->4284K(460096K), 0.0016246 secs] 419475K->9748K(2046080K), 0.0017164 secs] [Times: user=0.00 sys=0.00, real=0.00 secs] 
2024-10-07T05:45:14.406+0300: 424.651: Total time for which application threads were stopped: 0.0020299 seconds, Stopping threads took: 0.0001794 seconds
2024-10-07T05:45:14.956+0300: 425.207: Application time: 0.5561428 seconds
2024-10-07T05:45:14.956+0300: 425.208: [GC (Allocation Failure) 2024-10-07T05:45:14.956+0300: 425.208: [ParNew: 413164K->5304K(460096K), 0.0018153 secs] 418628K->10769K(2046080K), 0.0018887 secs] [Times: user=0.00 sys=0.00, real=0.00 secs] 
2024-10-07T05:45:14.956+0300: 425.210: Total time for which application threads were stopped: 0.0021869 seconds, Stopping threads took: 0.0001953 seconds
2024-10-07T05:45:15.521+0300: 425.777: Application time: 0.5671997 seconds
2024-10-07T05:45:15.521+0300: 425.777: [GC (Allocation Failure) 2024-10-07T05:45:15.521+0300: 425.777: [ParNew: 413901K->5304K(460096K), 0.0018370 secs] 419366K->10769K(2046080K), 0.0019087 secs] [Times: user=0.01 sys=0.00, real=0.02 secs] 
2024-10-07T05:45:15.537+0300: 425.779: Total time for which application threads were stopped: 0.0022061 seconds, Stopping threads took: 0.0001984 seconds
2024-10-07T05:45:16.086+0300: 426.341: Application time: 0.5622296 seconds
2024-10-07T05:45:16.086+0300: 426.342: [GC (Allocation Failure) 2024-10-07T05:45:16.086+0300: 426.342: [ParNew: 414328K->4300K(460096K), 0.0018281 secs] 419793K->9766K(2046080K), 0.0019070 secs] [Times: user=0.02 sys=0.00, real=0.02 secs] 
2024-10-07T05:45:16.102+0300: 426.343: Total time for which application threads were stopped: 0.0021834 seconds, Stopping threads took: 0.0001718 seconds
2024-10-07T05:45:16.652+0300: 426.906: Application time: 0.5626266 seconds
2024-10-07T05:45:16.652+0300: 426.906: [GC (Allocation Failure) 2024-10-07T05:45:16.652+0300: 426.906: [ParNew: 412926K->4284K(460096K), 0.0015043 secs] 418392K->9751K(2046080K), 0.0015686 secs] [Times: user=0.00 sys=0.00, real=0.00 secs] 
2024-10-07T05:45:16.652+0300: 426.908: Total time for which application threads were stopped: 0.0019026 seconds, Stopping threads took: 0.0002301 seconds
2024-10-07T05:45:17.219+0300: 427.469: Application time: 0.5608815 seconds
2024-10-07T05:45:17.219+0300: 427.469: [GC (Allocation Failure) 2024-10-07T05:45:17.219+0300: 427.469: [ParNew: 413122K->5304K(460096K), 0.0017965 secs] 418589K->10772K(2046080K), 0.0018768 secs] [Times: user=0.00 sys=0.00, real=0.00 secs] 
2024-10-07T05:45:17.219+0300: 427.471: Total time for which application threads were stopped: 0.0021387 seconds, Stopping threads took: 0.0001509 seconds
2024-10-07T05:45:17.782+0300: 428.034: Application time: 0.5628969 seconds
2024-10-07T05:45:17.782+0300: 428.034: [GC (Allocation Failure) 2024-10-07T05:45:17.782+0300: 428.034: [ParNew: 413731K->5304K(460096K), 0.0019188 secs] 419198K->10772K(2046080K), 0.0020002 secs] [Times: user=0.00 sys=0.00, real=0.00 secs] 
2024-10-07T05:45:17.782+0300: 428.036: Total time for which application threads were stopped: 0.0022470 seconds, Stopping threads took: 0.0001055 seconds
2024-10-07T05:45:18.348+0300: 428.600: Application time: 0.5638200 seconds
2024-10-07T05:45:18.348+0300: 428.600: [GC (Allocation Failure) 2024-10-07T05:45:18.348+0300: 428.600: [ParNew: 413698K->4280K(460096K), 0.0017520 secs] 419166K->9749K(2046080K), 0.0018701 secs] [Times: user=0.00 sys=0.00, real=0.00 secs] 
2024-10-07T05:45:18.348+0300: 428.602: Total time for which application threads were stopped: 0.0022949 seconds, Stopping threads took: 0.0002625 seconds
2024-10-07T05:45:18.913+0300: 429.162: Application time: 0.5597197 seconds
2024-10-07T05:45:18.913+0300: 429.162: [GC (Allocation Failure) 2024-10-07T05:45:18.913+0300: 429.162: [ParNew: 413304K->5308K(460096K), 0.0018702 secs] 418773K->10777K(2046080K), 0.0019539 secs] [Times: user=0.02 sys=0.00, real=0.01 secs] 
2024-10-07T05:45:18.922+0300: 429.164: Total time for which application threads were stopped: 0.0022374 seconds, Stopping threads took: 0.0001757 seconds
2024-10-07T05:45:19.477+0300: 429.727: Application time: 0.5625771 seconds
2024-10-07T05:45:19.477+0300: 429.727: [GC (Allocation Failure) 2024-10-07T05:45:19.477+0300: 429.727: [ParNew: 413678K->4300K(460096K), 0.0016549 secs] 419147K->9770K(2046080K), 0.0017361 secs] [Times: user=0.00 sys=0.00, real=0.00 secs] 
2024-10-07T05:45:19.477+0300: 429.729: Total time for which application threads were stopped: 0.0021608 seconds, Stopping threads took: 0.0002949 seconds
2024-10-07T05:45:20.042+0300: 430.288: Application time: 0.5594919 seconds
2024-10-07T05:45:20.042+0300: 430.289: [GC (Allocation Failure) 2024-10-07T05:45:20.042+0300: 430.289: [ParNew: 413324K->2245K(460096K), 0.0013388 secs] 418794K->7716K(2046080K), 0.0014075 secs] [Times: user=0.00 sys=0.00, real=0.00 secs] 
2024-10-07T05:45:20.042+0300: 430.290: Total time for which application threads were stopped: 0.0016667 seconds, Stopping threads took: 0.0001653 seconds
2024-10-07T05:45:20.607+0300: 430.855: Application time: 0.5649159 seconds
2024-10-07T05:45:20.607+0300: 430.855: [GC (Allocation Failure) 2024-10-07T05:45:20.607+0300: 430.855: [ParNew: 411269K->1249K(460096K), 0.0013601 secs] 416740K->6721K(2046080K), 0.0014329 secs] [Times: user=0.03 sys=0.00, real=0.00 secs] 
2024-10-07T05:45:20.607+0300: 430.857: Total time for which application threads were stopped: 0.0017450 seconds, Stopping threads took: 0.0001986 seconds
2024-10-07T05:45:21.157+0300: 431.413: Application time: 0.5557717 seconds
2024-10-07T05:45:21.157+0300: 431.413: [GC (Allocation Failure) 2024-10-07T05:45:21.157+0300: 431.413: [ParNew: 409906K->4287K(460096K), 0.0018199 secs] 415378K->9759K(2046080K), 0.0018987 secs] [Times: user=0.01 sys=0.00, real=0.01 secs] 
2024-10-07T05:45:21.172+0300: 431.415: Total time for which application threads were stopped: 0.0021830 seconds, Stopping threads took: 0.0001834 seconds
2024-10-07T05:45:21.728+0300: 431.977: Application time: 0.5617400 seconds
2024-10-07T05:45:21.728+0300: 431.977: [GC (Allocation Failure) 2024-10-07T05:45:21.728+0300: 431.977: [ParNew: 413311K->4282K(460096K), 0.0016836 secs] 418783K->9755K(2046080K), 0.0017603 secs] [Times: user=0.00 sys=0.00, real=0.00 secs] 
2024-10-07T05:45:21.728+0300: 431.979: Total time for which application threads were stopped: 0.0020475 seconds, Stopping threads took: 0.0001729 seconds
2024-10-07T05:45:22.287+0300: 432.538: Application time: 0.5591332 seconds
2024-10-07T05:45:22.287+0300: 432.538: [GC (Allocation Failure) 2024-10-07T05:45:22.287+0300: 432.538: [ParNew: 412650K->5304K(460096K), 0.0016840 secs] 418123K->10777K(2046080K), 0.0017553 secs] [Times: user=0.00 sys=0.00, real=0.00 secs] 
2024-10-07T05:45:22.287+0300: 432.540: Total time for which application threads were stopped: 0.0019945 seconds, Stopping threads took: 0.0001438 seconds
2024-10-07T05:45:22.852+0300: 433.101: Application time: 0.5608612 seconds
2024-10-07T05:45:22.852+0300: 433.101: [GC (Allocation Failure) 2024-10-07T05:45:22.852+0300: 433.101: [ParNew: 413729K->5304K(460096K), 0.0018513 secs] 419202K->10778K(2046080K), 0.0019323 secs] [Times: user=0.00 sys=0.00, real=0.00 secs] 
2024-10-07T05:45:22.852+0300: 433.103: Total time for which application threads were stopped: 0.0022143 seconds, Stopping threads took: 0.0001834 seconds
2024-10-07T05:45:23.417+0300: 433.671: Application time: 0.5684117 seconds
2024-10-07T05:45:23.417+0300: 433.671: [GC (Allocation Failure) 2024-10-07T05:45:23.417+0300: 433.672: [ParNew: 413976K->4286K(460096K), 0.0015638 secs] 419450K->9760K(2046080K), 0.0016601 secs] [Times: user=0.02 sys=0.00, real=0.01 secs] 
2024-10-07T05:45:23.431+0300: 433.673: Total time for which application threads were stopped: 0.0019780 seconds, Stopping threads took: 0.0001732 seconds
2024-10-07T05:45:23.983+0300: 434.231: Application time: 0.5581955 seconds
2024-10-07T05:45:23.983+0300: 434.232: [GC (Allocation Failure) 2024-10-07T05:45:23.983+0300: 434.232: [ParNew: 413310K->4304K(460096K), 0.0016613 secs] 418784K->9779K(2046080K), 0.0017486 secs] [Times: user=0.00 sys=0.00, real=0.00 secs] 
2024-10-07T05:45:23.983+0300: 434.233: Total time for which application threads were stopped: 0.0020292 seconds, Stopping threads took: 0.0001495 seconds
2024-10-07T05:45:24.548+0300: 434.799: Application time: 0.5654411 seconds
2024-10-07T05:45:24.548+0300: 434.799: [GC (Allocation Failure) 2024-10-07T05:45:24.548+0300: 434.799: [ParNew: 412628K->3265K(460096K), 0.0016724 secs] 418103K->8741K(2046080K), 0.0017658 secs] [Times: user=0.00 sys=0.00, real=0.00 secs] 
2024-10-07T05:45:24.548+0300: 434.801: Total time for which application threads were stopped: 0.0021470 seconds, Stopping threads took: 0.0002490 seconds
2024-10-07T05:45:25.113+0300: 435.359: Application time: 0.5577962 seconds
2024-10-07T05:45:25.113+0300: 435.359: [GC (Allocation Failure) 2024-10-07T05:45:25.113+0300: 435.359: [ParNew: 412207K->4284K(460096K), 0.0015488 secs] 417682K->9760K(2046080K), 0.0016248 secs] [Times: user=0.00 sys=0.00, real=0.00 secs] 
2024-10-07T05:45:25.113+0300: 435.361: Total time for which application threads were stopped: 0.0019195 seconds, Stopping threads took: 0.0001931 seconds
2024-10-07T05:45:25.679+0300: 435.922: Application time: 0.5608778 seconds
2024-10-07T05:45:25.679+0300: 435.922: [GC (Allocation Failure) 2024-10-07T05:45:25.679+0300: 435.922: [ParNew: 412431K->5306K(460096K), 0.0016815 secs] 417907K->10783K(2046080K), 0.0017489 secs] [Times: user=0.00 sys=0.00, real=0.00 secs] 
2024-10-07T05:45:25.679+0300: 435.924: Total time for which application threads were stopped: 0.0020125 seconds, Stopping threads took: 0.0001598 seconds
2024-10-07T05:45:26.237+0300: 436.482: Application time: 0.5583552 seconds
2024-10-07T05:45:26.237+0300: 436.482: [GC (Allocation Failure) 2024-10-07T05:45:26.237+0300: 436.482: [ParNew: 414156K->5308K(460096K), 0.0018159 secs] 419633K->10786K(2046080K), 0.0019033 secs] [Times: user=0.00 sys=0.00, real=0.00 secs] 
2024-10-07T05:45:26.237+0300: 436.484: Total time for which application threads were stopped: 0.0022652 seconds, Stopping threads took: 0.0001952 seconds
2024-10-07T05:45:26.793+0300: 437.049: Application time: 0.5644429 seconds
2024-10-07T05:45:26.793+0300: 437.049: [GC (Allocation Failure) 2024-10-07T05:45:26.793+0300: 437.049: [ParNew: 414332K->4284K(460096K), 0.0018023 secs] 419810K->9762K(2046080K), 0.0018787 secs] [Times: user=0.02 sys=0.00, real=0.02 secs] 
2024-10-07T05:45:26.809+0300: 437.051: Total time for which application threads were stopped: 0.0022091 seconds, Stopping threads took: 0.0002270 seconds
2024-10-07T05:45:27.374+0300: 437.615: Application time: 0.5645753 seconds
2024-10-07T05:45:27.374+0300: 437.616: [GC (Allocation Failure) 2024-10-07T05:45:27.374+0300: 437.616: [ParNew: 412869K->4286K(460096K), 0.0017625 secs] 418347K->9765K(2046080K), 0.0018771 secs] [Times: user=0.01 sys=0.01, real=0.00 secs] 
2024-10-07T05:45:27.374+0300: 437.618: Total time for which application threads were stopped: 0.0021284 seconds, Stopping threads took: 0.0001107 seconds
2024-10-07T05:45:27.922+0300: 438.174: Application time: 0.5568397 seconds
2024-10-07T05:45:27.922+0300: 438.175: [GC (Allocation Failure) 2024-10-07T05:45:27.922+0300: 438.175: [ParNew: 413065K->5306K(460096K), 0.0016506 secs] 418544K->10785K(2046080K), 0.0017385 secs] [Times: user=0.00 sys=0.00, real=0.00 secs] 
2024-10-07T05:45:27.922+0300: 438.176: Total time for which application threads were stopped: 0.0020334 seconds, Stopping threads took: 0.0001932 seconds
2024-10-07T05:45:28.487+0300: 438.741: Application time: 0.5643742 seconds
2024-10-07T05:45:28.487+0300: 438.741: [GC (Allocation Failure) 2024-10-07T05:45:28.487+0300: 438.741: [ParNew: 413530K->3261K(460096K), 0.0015182 secs] 419009K->8741K(2046080K), 0.0016190 secs] [Times: user=0.00 sys=0.00, real=0.00 secs] 
2024-10-07T05:45:28.487+0300: 438.743: Total time for which application threads were stopped: 0.0019591 seconds, Stopping threads took: 0.0001975 seconds
2024-10-07T05:45:29.053+0300: 439.302: Application time: 0.5588578 seconds
2024-10-07T05:45:29.053+0300: 439.302: [GC (Allocation Failure) 2024-10-07T05:45:29.053+0300: 439.302: [ParNew: 412285K->3309K(460096K), 0.0014790 secs] 417765K->8790K(2046080K), 0.0015582 secs] [Times: user=0.00 sys=0.00, real=0.00 secs] 
2024-10-07T05:45:29.053+0300: 439.304: Total time for which application threads were stopped: 0.0018302 seconds, Stopping threads took: 0.0001685 seconds
2024-10-07T05:45:29.618+0300: 439.866: Application time: 0.5627927 seconds
2024-10-07T05:45:29.618+0300: 439.867: [GC (Allocation Failure) 2024-10-07T05:45:29.618+0300: 439.867: [ParNew: 412333K->4299K(460096K), 0.0015413 secs] 417814K->9780K(2046080K), 0.0016409 secs] [Times: user=0.00 sys=0.00, real=0.00 secs] 
2024-10-07T05:45:29.618+0300: 439.868: Total time for which application threads were stopped: 0.0019189 seconds, Stopping threads took: 0.0001597 seconds
2024-10-07T05:45:30.183+0300: 440.425: Application time: 0.5567060 seconds
2024-10-07T05:45:30.183+0300: 440.425: [GC (Allocation Failure) 2024-10-07T05:45:30.183+0300: 440.425: [ParNew: 413088K->4285K(460096K), 0.0014458 secs] 418569K->9767K(2046080K), 0.0015157 secs] [Times: user=0.00 sys=0.00, real=0.00 secs] 
2024-10-07T05:45:30.183+0300: 440.427: Total time for which application threads were stopped: 0.0017796 seconds, Stopping threads took: 0.0001659 seconds
2024-10-07T05:45:30.748+0300: 440.990: Application time: 0.5628747 seconds
2024-10-07T05:45:30.748+0300: 440.990: [GC (Allocation Failure) 2024-10-07T05:45:30.748+0300: 440.990: [ParNew: 413309K->4300K(460096K), 0.0016123 secs] 418791K->9783K(2046080K), 0.0016998 secs] [Times: user=0.00 sys=0.00, real=0.00 secs] 
2024-10-07T05:45:30.748+0300: 440.992: Total time for which application threads were stopped: 0.0019908 seconds, Stopping threads took: 0.0001737 seconds
2024-10-07T05:45:31.298+0300: 441.551: Application time: 0.5592736 seconds
2024-10-07T05:45:31.298+0300: 441.551: [GC (Allocation Failure) 2024-10-07T05:45:31.298+0300: 441.551: [ParNew: 413100K->4282K(460096K), 0.0019189 secs] 418583K->9765K(2046080K), 0.0020206 secs] [Times: user=0.00 sys=0.00, real=0.00 secs] 
2024-10-07T05:45:31.298+0300: 441.553: Total time for which application threads were stopped: 0.0023184 seconds, Stopping threads took: 0.0001737 seconds
2024-10-07T05:45:31.862+0300: 442.112: Application time: 0.5585032 seconds
2024-10-07T05:45:31.862+0300: 442.112: [GC (Allocation Failure) 2024-10-07T05:45:31.862+0300: 442.112: [ParNew: 413205K->5305K(460096K), 0.0017258 secs] 418688K->10788K(2046080K), 0.0018030 secs] [Times: user=0.00 sys=0.00, real=0.00 secs] 
2024-10-07T05:45:31.862+0300: 442.114: Total time for which application threads were stopped: 0.0020878 seconds, Stopping threads took: 0.0001853 seconds
2024-10-07T05:45:32.427+0300: 442.677: Application time: 0.5634893 seconds
2024-10-07T05:45:32.427+0300: 442.678: [GC (Allocation Failure) 2024-10-07T05:45:32.427+0300: 442.678: [ParNew: 414281K->4281K(460096K), 0.0016750 secs] 419765K->9766K(2046080K), 0.0017863 secs] [Times: user=0.00 sys=0.00, real=0.00 secs] 
2024-10-07T05:45:32.427+0300: 442.680: Total time for which application threads were stopped: 0.0022666 seconds, Stopping threads took: 0.0002837 seconds
2024-10-07T05:45:32.992+0300: 443.244: Application time: 0.5642558 seconds
2024-10-07T05:45:32.992+0300: 443.244: [GC (Allocation Failure) 2024-10-07T05:45:32.992+0300: 443.244: [ParNew: 413305K->4283K(460096K), 0.0015946 secs] 418790K->9768K(2046080K), 0.0016947 secs] [Times: user=0.03 sys=0.00, real=0.00 secs] 
2024-10-07T05:45:32.992+0300: 443.246: Total time for which application threads were stopped: 0.0021153 seconds, Stopping threads took: 0.0002720 seconds
2024-10-07T05:45:33.573+0300: 443.819: Application time: 0.5726348 seconds
2024-10-07T05:45:33.573+0300: 443.819: [GC (Allocation Failure) 2024-10-07T05:45:33.573+0300: 443.819: [ParNew: 413307K->5306K(460096K), 0.0017988 secs] 418792K->10792K(2046080K), 0.0018923 secs] [Times: user=0.00 sys=0.00, real=0.00 secs] 
2024-10-07T05:45:33.573+0300: 443.821: Total time for which application threads were stopped: 0.0020900 seconds, Stopping threads took: 0.0000785 seconds
2024-10-07T05:45:34.138+0300: 444.392: Application time: 0.5712663 seconds
2024-10-07T05:45:34.138+0300: 444.392: [GC (Allocation Failure) 2024-10-07T05:45:34.138+0300: 444.392: [ParNew: 413717K->4258K(460096K), 0.0017088 secs] 419202K->9744K(2046080K), 0.0017856 secs] [Times: user=0.00 sys=0.00, real=0.00 secs] 
2024-10-07T05:45:34.138+0300: 444.394: Total time for which application threads were stopped: 0.0020373 seconds, Stopping threads took: 0.0001428 seconds
2024-10-07T05:45:34.718+0300: 444.965: Application time: 0.5706442 seconds
2024-10-07T05:45:34.718+0300: 444.965: [GC (Allocation Failure) 2024-10-07T05:45:34.718+0300: 444.965: [ParNew: 413282K->3292K(460096K), 0.0014142 secs] 418768K->8779K(2046080K), 0.0014907 secs] [Times: user=0.00 sys=0.00, real=0.00 secs] 
2024-10-07T05:45:34.718+0300: 444.966: Total time for which application threads were stopped: 0.0017025 seconds, Stopping threads took: 0.0001016 seconds
2024-10-07T05:45:35.268+0300: 445.522: Application time: 0.5559243 seconds
2024-10-07T05:45:35.268+0300: 445.522: [GC (Allocation Failure) 2024-10-07T05:45:35.268+0300: 445.523: [ParNew: 411590K->3278K(460096K), 0.0014102 secs] 417077K->8766K(2046080K), 0.0014874 secs] [Times: user=0.00 sys=0.00, real=0.00 secs] 
2024-10-07T05:45:35.268+0300: 445.524: Total time for which application threads were stopped: 0.0017924 seconds, Stopping threads took: 0.0001818 seconds
2024-10-07T05:45:35.833+0300: 446.089: Application time: 0.5651898 seconds
2024-10-07T05:45:35.848+0300: 446.090: [GC (Allocation Failure) 2024-10-07T05:45:35.848+0300: 446.090: [ParNew: 411879K->3278K(460096K), 0.0014997 secs] 417366K->8766K(2046080K), 0.0015932 secs] [Times: user=0.00 sys=0.00, real=0.00 secs] 
2024-10-07T05:45:35.848+0300: 446.091: Total time for which application threads were stopped: 0.0019813 seconds, Stopping threads took: 0.0002591 seconds
2024-10-07T05:45:36.413+0300: 446.656: Application time: 0.5644815 seconds
2024-10-07T05:45:36.413+0300: 446.656: [GC (Allocation Failure) 2024-10-07T05:45:36.413+0300: 446.656: [ParNew: 412008K->4284K(460096K), 0.0017169 secs] 417496K->9773K(2046080K), 0.0017947 secs] [Times: user=0.02 sys=0.00, real=0.00 secs] 
2024-10-07T05:45:36.413+0300: 446.658: Total time for which application threads were stopped: 0.0020897 seconds, Stopping threads took: 0.0001800 seconds
2024-10-07T05:45:36.963+0300: 447.214: Application time: 0.5557925 seconds
2024-10-07T05:45:36.963+0300: 447.214: [GC (Allocation Failure) 2024-10-07T05:45:36.963+0300: 447.214: [ParNew: 412497K->4300K(460096K), 0.0016606 secs] 417986K->9789K(2046080K), 0.0017548 secs] [Times: user=0.00 sys=0.00, real=0.00 secs] 
2024-10-07T05:45:36.963+0300: 447.216: Total time for which application threads were stopped: 0.0020614 seconds, Stopping threads took: 0.0001872 seconds
2024-10-07T05:45:37.528+0300: 447.778: Application time: 0.5625888 seconds
2024-10-07T05:45:37.528+0300: 447.779: [GC (Allocation Failure) 2024-10-07T05:45:37.528+0300: 447.779: [ParNew: 412561K->5305K(460096K), 0.0017213 secs] 418050K->10795K(2046080K), 0.0018225 secs] [Times: user=0.00 sys=0.00, real=0.00 secs] 
2024-10-07T05:45:37.528+0300: 447.781: Total time for which application threads were stopped: 0.0022932 seconds, Stopping threads took: 0.0003436 seconds
2024-10-07T05:45:38.094+0300: 448.342: Application time: 0.5617172 seconds
2024-10-07T05:45:38.094+0300: 448.343: [GC (Allocation Failure) 2024-10-07T05:45:38.094+0300: 448.343: [ParNew: 413558K->5304K(460096K), 0.0020169 secs] 419048K->10795K(2046080K), 0.0021029 secs] [Times: user=0.02 sys=0.00, real=0.00 secs] 
2024-10-07T05:45:38.094+0300: 448.345: Total time for which application threads were stopped: 0.0024121 seconds, Stopping threads took: 0.0001888 seconds
2024-10-07T05:45:38.662+0300: 448.911: Application time: 0.5668250 seconds
2024-10-07T05:45:38.662+0300: 448.912: [GC (Allocation Failure) 2024-10-07T05:45:38.662+0300: 448.914: [ParNew: 413724K->5306K(460096K), 0.0020908 secs] 419215K->10797K(2046080K), 0.0044207 secs] [Times: user=0.00 sys=0.00, real=0.01 secs] 
2024-10-07T05:45:38.675+0300: 448.916: Total time for which application threads were stopped: 0.0047450 seconds, Stopping threads took: 0.0001567 seconds
2024-10-07T05:45:39.240+0300: 449.481: Application time: 0.5647478 seconds
2024-10-07T05:45:39.240+0300: 449.481: [GC (Allocation Failure) 2024-10-07T05:45:39.240+0300: 449.481: [ParNew: 413907K->5306K(460096K), 0.0018586 secs] 419399K->10798K(2046080K), 0.0019534 secs] [Times: user=0.03 sys=0.00, real=0.00 secs] 
2024-10-07T05:45:39.240+0300: 449.483: Total time for which application threads were stopped: 0.0022267 seconds, Stopping threads took: 0.0001501 seconds
2024-10-07T05:45:39.805+0300: 450.050: Application time: 0.5670640 seconds
2024-10-07T05:45:39.805+0300: 450.050: [GC (Allocation Failure) 2024-10-07T05:45:39.805+0300: 450.051: [ParNew: 414046K->5302K(460096K), 0.0017041 secs] 419538K->10794K(2046080K), 0.0017869 secs] [Times: user=0.00 sys=0.00, real=0.00 secs] 
2024-10-07T05:45:39.805+0300: 450.052: Total time for which application threads were stopped: 0.0020381 seconds, Stopping threads took: 0.0001411 seconds
2024-10-07T05:45:40.370+0300: 450.620: Application time: 0.5681525 seconds
2024-10-07T05:45:40.370+0300: 450.621: [GC (Allocation Failure) 2024-10-07T05:45:40.370+0300: 450.621: [ParNew: 414056K->4281K(460096K), 0.0016128 secs] 419548K->9775K(2046080K), 0.0017082 secs] [Times: user=0.00 sys=0.00, real=0.00 secs] 
2024-10-07T05:45:40.370+0300: 450.622: Total time for which application threads were stopped: 0.0019625 seconds, Stopping threads took: 0.0001327 seconds
2024-10-07T05:45:40.935+0300: 451.184: Application time: 0.5618861 seconds
2024-10-07T05:45:40.935+0300: 451.185: [GC (Allocation Failure) 2024-10-07T05:45:40.935+0300: 451.185: [ParNew: 412720K->5304K(460096K), 0.0017552 secs] 418213K->10798K(2046080K), 0.0018461 secs] [Times: user=0.02 sys=0.00, real=0.00 secs] 
2024-10-07T05:45:40.935+0300: 451.186: Total time for which application threads were stopped: 0.0020923 seconds, Stopping threads took: 0.0001341 seconds
2024-10-07T05:45:41.500+0300: 451.751: Application time: 0.5645549 seconds
2024-10-07T05:45:41.500+0300: 451.751: [GC (Allocation Failure) 2024-10-07T05:45:41.500+0300: 451.751: [ParNew: 413464K->4284K(460096K), 0.0016925 secs] 418958K->9779K(2046080K), 0.0017889 secs] [Times: user=0.02 sys=0.00, real=0.00 secs] 
2024-10-07T05:45:41.500+0300: 451.753: Total time for which application threads were stopped: 0.0021693 seconds, Stopping threads took: 0.0002413 seconds
2024-10-07T05:45:42.065+0300: 452.309: Application time: 0.5561358 seconds
2024-10-07T05:45:42.065+0300: 452.309: [GC (Allocation Failure) 2024-10-07T05:45:42.065+0300: 452.310: [ParNew: 413062K->4284K(460096K), 0.0015162 secs] 418556K->9779K(2046080K), 0.0016036 secs] [Times: user=0.00 sys=0.00, real=0.00 secs] 
2024-10-07T05:45:42.069+0300: 452.311: Total time for which application threads were stopped: 0.0018593 seconds, Stopping threads took: 0.0001294 seconds
2024-10-07T05:45:42.631+0300: 452.875: Application time: 0.5641637 seconds
2024-10-07T05:45:42.631+0300: 452.876: [GC (Allocation Failure) 2024-10-07T05:45:42.631+0300: 452.876: [ParNew: 412950K->4283K(460096K), 0.0015571 secs] 418445K->9778K(2046080K), 0.0016695 secs] [Times: user=0.03 sys=0.00, real=0.00 secs] 
2024-10-07T05:45:42.631+0300: 452.877: Total time for which application threads were stopped: 0.0020781 seconds, Stopping threads took: 0.0002770 seconds
2024-10-07T05:45:43.196+0300: 453.438: Application time: 0.5607857 seconds
2024-10-07T05:45:43.196+0300: 453.438: [GC (Allocation Failure) 2024-10-07T05:45:43.196+0300: 453.438: [ParNew: 412697K->5304K(460096K), 0.0017196 secs] 418193K->10800K(2046080K), 0.0017974 secs] [Times: user=0.00 sys=0.00, real=0.00 secs] 
2024-10-07T05:45:43.196+0300: 453.440: Total time for which application threads were stopped: 0.0020749 seconds, Stopping threads took: 0.0001771 seconds
2024-10-07T05:45:43.760+0300: 454.004: Application time: 0.5632677 seconds
2024-10-07T05:45:43.760+0300: 454.004: [GC (Allocation Failure) 2024-10-07T05:45:43.760+0300: 454.004: [ParNew: 413670K->4300K(460096K), 0.0015012 secs] 419167K->9797K(2046080K), 0.0015903 secs] [Times: user=0.00 sys=0.00, real=0.00 secs] 
2024-10-07T05:45:43.760+0300: 454.005: Total time for which application threads were stopped: 0.0018450 seconds, Stopping threads took: 0.0001335 seconds
2024-10-07T05:45:44.325+0300: 454.568: Application time: 0.5627156 seconds
2024-10-07T05:45:44.325+0300: 454.568: [GC (Allocation Failure) 2024-10-07T05:45:44.325+0300: 454.568: [ParNew: 413250K->4281K(460096K), 0.0019160 secs] 418747K->9778K(2046080K), 0.0020095 secs] [Times: user=0.00 sys=0.00, real=0.00 secs] 
2024-10-07T05:45:44.325+0300: 454.570: Total time for which application threads were stopped: 0.0022152 seconds, Stopping threads took: 0.0000886 seconds
2024-10-07T05:45:44.875+0300: 455.130: Application time: 0.5594199 seconds
2024-10-07T05:45:44.875+0300: 455.130: [GC (Allocation Failure) 2024-10-07T05:45:44.875+0300: 455.130: [ParNew: 413043K->4286K(460096K), 0.0016024 secs] 418540K->9784K(2046080K), 0.0016902 secs] [Times: user=0.00 sys=0.00, real=0.02 secs] 
2024-10-07T05:45:44.890+0300: 455.132: Total time for which application threads were stopped: 0.0019798 seconds, Stopping threads took: 0.0001755 seconds
2024-10-07T05:45:45.440+0300: 455.692: Application time: 0.5606736 seconds
2024-10-07T05:45:45.440+0300: 455.693: [GC (Allocation Failure) 2024-10-07T05:45:45.440+0300: 455.693: [ParNew: 412653K->5307K(460096K), 0.0016763 secs] 418151K->10806K(2046080K), 0.0017749 secs] [Times: user=0.00 sys=0.00, real=0.00 secs] 
2024-10-07T05:45:45.440+0300: 455.695: Total time for which application threads were stopped: 0.0021829 seconds, Stopping threads took: 0.0002704 seconds
2024-10-07T05:45:46.005+0300: 456.250: Application time: 0.5551430 seconds
2024-10-07T05:45:46.005+0300: 456.250: [GC (Allocation Failure) 2024-10-07T05:45:46.005+0300: 456.250: [ParNew: 413389K->4284K(460096K), 0.0015539 secs] 418888K->9783K(2046080K), 0.0016427 secs] [Times: user=0.00 sys=0.00, real=0.00 secs] 
2024-10-07T05:45:46.005+0300: 456.252: Total time for which application threads were stopped: 0.0019237 seconds, Stopping threads took: 0.0001739 seconds
2024-10-07T05:45:46.569+0300: 456.815: Application time: 0.5633335 seconds
2024-10-07T05:45:46.569+0300: 456.815: [GC (Allocation Failure) 2024-10-07T05:45:46.569+0300: 456.815: [ParNew: 412361K->5306K(460096K), 0.0018350 secs] 417860K->10806K(2046080K), 0.0019358 secs] [Times: user=0.00 sys=0.00, real=0.00 secs] 
2024-10-07T05:45:46.569+0300: 456.817: Total time for which application threads were stopped: 0.0021935 seconds, Stopping threads took: 0.0001337 seconds
2024-10-07T05:45:47.135+0300: 457.380: Application time: 0.5625181 seconds
2024-10-07T05:45:47.135+0300: 457.380: [GC (Allocation Failure) 2024-10-07T05:45:47.135+0300: 457.380: [ParNew: 414330K->5307K(460096K), 0.0021548 secs] 419830K->10808K(2046080K), 0.0022260 secs] [Times: user=0.00 sys=0.00, real=0.00 secs] 
2024-10-07T05:45:47.135+0300: 457.382: Total time for which application threads were stopped: 0.0024502 seconds, Stopping threads took: 0.0001235 seconds
2024-10-07T05:45:47.700+0300: 457.946: Application time: 0.5635854 seconds
2024-10-07T05:45:47.700+0300: 457.946: [GC (Allocation Failure) 2024-10-07T05:45:47.700+0300: 457.946: [ParNew: 413498K->5302K(460096K), 0.0017661 secs] 418999K->10803K(2046080K), 0.0018423 secs] [Times: user=0.00 sys=0.00, real=0.00 secs] 
2024-10-07T05:45:47.700+0300: 457.948: Total time for which application threads were stopped: 0.0020782 seconds, Stopping threads took: 0.0001346 seconds
2024-10-07T05:45:48.265+0300: 458.507: Application time: 0.5592610 seconds
2024-10-07T05:45:48.265+0300: 458.507: [GC (Allocation Failure) 2024-10-07T05:45:48.265+0300: 458.507: [ParNew: 414326K->5304K(460096K), 0.0021309 secs] 419827K->10806K(2046080K), 0.0022097 secs] [Times: user=0.00 sys=0.00, real=0.00 secs] 
2024-10-07T05:45:48.265+0300: 458.510: Total time for which application threads were stopped: 0.0024900 seconds, Stopping threads took: 0.0001762 seconds
2024-10-07T05:45:48.830+0300: 459.076: Application time: 0.5660882 seconds
2024-10-07T05:45:48.830+0300: 459.076: [GC (Allocation Failure) 2024-10-07T05:45:48.830+0300: 459.076: [ParNew: 414328K->4298K(460096K), 0.0016897 secs] 419830K->9801K(2046080K), 0.0018182 secs] [Times: user=0.00 sys=0.00, real=0.00 secs] 
2024-10-07T05:45:48.830+0300: 459.078: Total time for which application threads were stopped: 0.0021437 seconds, Stopping threads took: 0.0001797 seconds
2024-10-07T05:45:49.395+0300: 459.643: Application time: 0.5654354 seconds
2024-10-07T05:45:49.395+0300: 459.644: [GC (Allocation Failure) 2024-10-07T05:45:49.395+0300: 459.644: [ParNew: 412749K->3264K(460096K), 0.0014920 secs] 418251K->8767K(2046080K), 0.0015947 secs] [Times: user=0.02 sys=0.00, real=0.00 secs] 
2024-10-07T05:45:49.395+0300: 459.645: Total time for which application threads were stopped: 0.0019598 seconds, Stopping threads took: 0.0002056 seconds
2024-10-07T05:45:49.960+0300: 460.206: Application time: 0.5606318 seconds
2024-10-07T05:45:49.960+0300: 460.206: [GC (Allocation Failure) 2024-10-07T05:45:49.960+0300: 460.206: [ParNew: 412288K->3266K(460096K), 0.0013104 secs] 417791K->8769K(2046080K), 0.0013806 secs] [Times: user=0.00 sys=0.00, real=0.00 secs] 
2024-10-07T05:45:49.960+0300: 460.207: Total time for which application threads were stopped: 0.0016333 seconds, Stopping threads took: 0.0001584 seconds
2024-10-07T05:45:50.510+0300: 460.766: Application time: 0.5582559 seconds
2024-10-07T05:45:50.510+0300: 460.766: [GC (Allocation Failure) 2024-10-07T05:45:50.510+0300: 460.766: [ParNew: 411477K->4285K(460096K), 0.0016295 secs] 416981K->9789K(2046080K), 0.0017364 secs] [Times: user=0.02 sys=0.00, real=0.02 secs] 
2024-10-07T05:45:50.526+0300: 460.768: Total time for which application threads were stopped: 0.0021127 seconds, Stopping threads took: 0.0002333 seconds
2024-10-07T05:45:51.075+0300: 461.327: Application time: 0.5592469 seconds
2024-10-07T05:45:51.075+0300: 461.327: [GC (Allocation Failure) 2024-10-07T05:45:51.075+0300: 461.327: [ParNew: 412827K->3290K(460096K), 0.0014418 secs] 418331K->8795K(2046080K), 0.0015537 secs] [Times: user=0.00 sys=0.00, real=0.01 secs] 
2024-10-07T05:45:51.088+0300: 461.329: Total time for which application threads were stopped: 0.0018092 seconds, Stopping threads took: 0.0001519 seconds
2024-10-07T05:45:51.640+0300: 461.890: Application time: 0.5613335 seconds
2024-10-07T05:45:51.640+0300: 461.890: [GC (Allocation Failure) 2024-10-07T05:45:51.640+0300: 461.891: [ParNew: 411477K->5303K(460096K), 0.0016907 secs] 416982K->10808K(2046080K), 0.0017671 secs] [Times: user=0.00 sys=0.00, real=0.00 secs] 
2024-10-07T05:45:51.640+0300: 461.892: Total time for which application threads were stopped: 0.0020430 seconds, Stopping threads took: 0.0001733 seconds
2024-10-07T05:45:52.205+0300: 462.451: Application time: 0.5583097 seconds
2024-10-07T05:45:52.205+0300: 462.451: [GC (Allocation Failure) 2024-10-07T05:45:52.205+0300: 462.451: [ParNew: 414327K->5306K(460096K), 0.0016935 secs] 419832K->10812K(2046080K), 0.0017689 secs] [Times: user=0.00 sys=0.00, real=0.00 secs] 
2024-10-07T05:45:52.205+0300: 462.453: Total time for which application threads were stopped: 0.0019812 seconds, Stopping threads took: 0.0001101 seconds
2024-10-07T05:45:52.770+0300: 463.016: Application time: 0.5638311 seconds
2024-10-07T05:45:52.770+0300: 463.017: [GC (Allocation Failure) 2024-10-07T05:45:52.770+0300: 463.017: [ParNew: 413709K->4282K(460096K), 0.0014571 secs] 419215K->9789K(2046080K), 0.0015334 secs] [Times: user=0.00 sys=0.00, real=0.00 secs] 
2024-10-07T05:45:52.770+0300: 463.018: Total time for which application threads were stopped: 0.0017995 seconds, Stopping threads took: 0.0001664 seconds
2024-10-07T05:45:53.335+0300: 463.580: Application time: 0.5620097 seconds
2024-10-07T05:45:53.335+0300: 463.580: [GC (Allocation Failure) 2024-10-07T05:45:53.335+0300: 463.580: [ParNew: 413025K->5306K(460096K), 0.0016096 secs] 418532K->10814K(2046080K), 0.0016933 secs] [Times: user=0.00 sys=0.00, real=0.00 secs] 
2024-10-07T05:45:53.335+0300: 463.582: Total time for which application threads were stopped: 0.0019353 seconds, Stopping threads took: 0.0001313 seconds
2024-10-07T05:45:53.900+0300: 464.144: Application time: 0.5618673 seconds
2024-10-07T05:45:53.900+0300: 464.144: [GC (Allocation Failure) 2024-10-07T05:45:53.900+0300: 464.144: [ParNew: 413842K->5306K(460096K), 0.0017105 secs] 419349K->10814K(2046080K), 0.0017852 secs] [Times: user=0.00 sys=0.00, real=0.00 secs] 
2024-10-07T05:45:53.900+0300: 464.146: Total time for which application threads were stopped: 0.0020309 seconds, Stopping threads took: 0.0001441 seconds
2024-10-07T05:45:54.466+0300: 464.708: Application time: 0.5622048 seconds
2024-10-07T05:45:54.466+0300: 464.709: [GC (Allocation Failure) 2024-10-07T05:45:54.466+0300: 464.709: [ParNew: 413577K->4298K(460096K), 0.0017593 secs] 419085K->9807K(2046080K), 0.0018357 secs] [Times: user=0.00 sys=0.00, real=0.00 secs] 
2024-10-07T05:45:54.466+0300: 464.710: Total time for which application threads were stopped: 0.0020897 seconds, Stopping threads took: 0.0001499 seconds
2024-10-07T05:45:55.015+0300: 465.269: Application time: 0.5582004 seconds
2024-10-07T05:45:55.015+0300: 465.269: [GC (Allocation Failure) 2024-10-07T05:45:55.015+0300: 465.269: [ParNew: 412779K->5304K(460096K), 0.0017894 secs] 418288K->10814K(2046080K), 0.0018626 secs] [Times: user=0.00 sys=0.00, real=0.00 secs] 
2024-10-07T05:45:55.015+0300: 465.271: Total time for which application threads were stopped: 0.0021264 seconds, Stopping threads took: 0.0001620 seconds
2024-10-07T05:45:55.580+0300: 465.832: Application time: 0.5613263 seconds
2024-10-07T05:45:55.580+0300: 465.832: [GC (Allocation Failure) 2024-10-07T05:45:55.580+0300: 465.832: [ParNew: 413683K->4298K(460096K), 0.0016830 secs] 419193K->9808K(2046080K), 0.0017932 secs] [Times: user=0.00 sys=0.00, real=0.00 secs] 
2024-10-07T05:45:55.580+0300: 465.834: Total time for which application threads were stopped: 0.0020848 seconds, Stopping threads took: 0.0001464 seconds
2024-10-07T05:45:56.146+0300: 466.393: Application time: 0.5584162 seconds
2024-10-07T05:45:56.146+0300: 466.393: [GC (Allocation Failure) 2024-10-07T05:45:56.146+0300: 466.393: [ParNew: 413322K->3292K(460096K), 0.0013891 secs] 418832K->8803K(2046080K), 0.0014651 secs] [Times: user=0.00 sys=0.00, real=0.00 secs] 
2024-10-07T05:45:56.146+0300: 466.394: Total time for which application threads were stopped: 0.0017511 seconds, Stopping threads took: 0.0001831 seconds
2024-10-07T05:45:56.711+0300: 466.961: Application time: 0.5665430 seconds
2024-10-07T05:45:56.711+0300: 466.961: [GC (Allocation Failure) 2024-10-07T05:45:56.711+0300: 466.961: [ParNew: 412316K->4301K(460096K), 0.0015934 secs] 417827K->9812K(2046080K), 0.0016665 secs] [Times: user=0.00 sys=0.00, real=0.00 secs] 
2024-10-07T05:45:56.711+0300: 466.963: Total time for which application threads were stopped: 0.0019140 seconds, Stopping threads took: 0.0001482 seconds
2024-10-07T05:45:57.276+0300: 467.520: Application time: 0.5569927 seconds
2024-10-07T05:45:57.276+0300: 467.520: [GC (Allocation Failure) 2024-10-07T05:45:57.276+0300: 467.520: [ParNew: 412364K->3276K(460096K), 0.0017732 secs] 417875K->8788K(2046080K), 0.0018470 secs] [Times: user=0.00 sys=0.00, real=0.00 secs] 
2024-10-07T05:45:57.276+0300: 467.522: Total time for which application threads were stopped: 0.0020890 seconds, Stopping threads took: 0.0001256 seconds
2024-10-07T05:45:57.842+0300: 468.084: Application time: 0.5624896 seconds
2024-10-07T05:45:57.842+0300: 468.085: [GC (Allocation Failure) 2024-10-07T05:45:57.842+0300: 468.085: [ParNew: 412300K->4281K(460096K), 0.0014209 secs] 417812K->9793K(2046080K), 0.0014953 secs] [Times: user=0.00 sys=0.00, real=0.00 secs] 
2024-10-07T05:45:57.842+0300: 468.086: Total time for which application threads were stopped: 0.0017545 seconds, Stopping threads took: 0.0001564 seconds
2024-10-07T05:45:58.403+0300: 468.645: Application time: 0.5587376 seconds
2024-10-07T05:45:58.403+0300: 468.645: [GC (Allocation Failure) 2024-10-07T05:45:58.403+0300: 468.645: [ParNew: 413046K->5304K(460096K), 0.0017324 secs] 418559K->10817K(2046080K), 0.0018298 secs] [Times: user=0.00 sys=0.00, real=0.00 secs] 
2024-10-07T05:45:58.403+0300: 468.647: Total time for which application threads were stopped: 0.0021131 seconds, Stopping threads took: 0.0001290 seconds
2024-10-07T05:45:58.954+0300: 469.206: Application time: 0.5587800 seconds
2024-10-07T05:45:58.954+0300: 469.206: [GC (Allocation Failure) 2024-10-07T05:45:58.954+0300: 469.206: [ParNew: 413565K->4294K(460096K), 0.0015515 secs] 419078K->9808K(2046080K), 0.0016254 secs] [Times: user=0.00 sys=0.00, real=0.00 secs] 
2024-10-07T05:45:58.954+0300: 469.208: Total time for which application threads were stopped: 0.0019144 seconds, Stopping threads took: 0.0001876 seconds
2024-10-07T05:45:59.519+0300: 469.766: Application time: 0.5585648 seconds
2024-10-07T05:45:59.519+0300: 469.766: [GC (Allocation Failure) 2024-10-07T05:45:59.519+0300: 469.766: [ParNew: 412424K->3260K(460096K), 0.0014634 secs] 417938K->8775K(2046080K), 0.0015250 secs] [Times: user=0.00 sys=0.00, real=0.00 secs] 
2024-10-07T05:45:59.519+0300: 469.768: Total time for which application threads were stopped: 0.0017759 seconds, Stopping threads took: 0.0001582 seconds
2024-10-07T05:46:00.084+0300: 470.328: Application time: 0.5603614 seconds
2024-10-07T05:46:00.084+0300: 470.329: [GC (Allocation Failure) 2024-10-07T05:46:00.084+0300: 470.329: [ParNew: 412170K->4283K(460096K), 0.0016339 secs] 417684K->9798K(2046080K), 0.0017160 secs] [Times: user=0.00 sys=0.00, real=0.00 secs] 
2024-10-07T05:46:00.084+0300: 470.330: Total time for which application threads were stopped: 0.0019571 seconds, Stopping threads took: 0.0001374 seconds
2024-10-07T05:46:00.649+0300: 470.894: Application time: 0.5637121 seconds
2024-10-07T05:46:00.649+0300: 470.894: [GC (Allocation Failure) 2024-10-07T05:46:00.649+0300: 470.894: [ParNew: 413307K->2271K(460096K), 0.0012960 secs] 418822K->7787K(2046080K), 0.0013697 secs] [Times: user=0.00 sys=0.00, real=0.00 secs] 
2024-10-07T05:46:00.649+0300: 470.896: Total time for which application threads were stopped: 0.0016287 seconds, Stopping threads took: 0.0001569 seconds
2024-10-07T05:46:01.209+0300: 471.456: Application time: 0.5599624 seconds
2024-10-07T05:46:01.215+0300: 471.456: [GC (Allocation Failure) 2024-10-07T05:46:01.215+0300: 471.456: [ParNew: 411295K->3260K(460096K), 0.0016528 secs] 416811K->8776K(2046080K), 0.0017438 secs] [Times: user=0.00 sys=0.00, real=0.00 secs] 
2024-10-07T05:46:01.215+0300: 471.458: Total time for which application threads were stopped: 0.0019901 seconds, Stopping threads took: 0.0001387 seconds
2024-10-07T05:46:01.764+0300: 472.013: Application time: 0.5558770 seconds
2024-10-07T05:46:01.764+0300: 472.014: [GC (Allocation Failure) 2024-10-07T05:46:01.764+0300: 472.014: [ParNew: 412099K->5307K(460096K), 0.0018201 secs] 417615K->10824K(2046080K), 0.0018960 secs] [Times: user=0.00 sys=0.00, real=0.00 secs] 
2024-10-07T05:46:01.764+0300: 472.016: Total time for which application threads were stopped: 0.0021913 seconds, Stopping threads took: 0.0001885 seconds
2024-10-07T05:46:02.330+0300: 472.582: Application time: 0.5659035 seconds
2024-10-07T05:46:02.330+0300: 472.582: [GC (Allocation Failure) 2024-10-07T05:46:02.330+0300: 472.582: [ParNew: 414331K->4298K(460096K), 0.0017536 secs] 419848K->9816K(2046080K), 0.0018691 secs] [Times: user=0.00 sys=0.02, real=0.00 secs] 
2024-10-07T05:46:02.330+0300: 472.584: Total time for which application threads were stopped: 0.0021133 seconds, Stopping threads took: 0.0001106 seconds
2024-10-07T05:46:02.894+0300: 473.139: Application time: 0.5556481 seconds
2024-10-07T05:46:02.894+0300: 473.140: [GC (Allocation Failure) 2024-10-07T05:46:02.894+0300: 473.140: [ParNew: 412348K->4284K(460096K), 0.0015389 secs] 417865K->9802K(2046080K), 0.0016047 secs] [Times: user=0.00 sys=0.00, real=0.00 secs] 
2024-10-07T05:46:02.894+0300: 473.141: Total time for which application threads were stopped: 0.0018891 seconds, Stopping threads took: 0.0001876 seconds
2024-10-07T05:46:03.459+0300: 473.706: Application time: 0.5646937 seconds
2024-10-07T05:46:03.459+0300: 473.706: [GC (Allocation Failure) 2024-10-07T05:46:03.459+0300: 473.706: [ParNew: 413308K->4298K(460096K), 0.0014674 secs] 418826K->9817K(2046080K), 0.0015315 secs] [Times: user=0.00 sys=0.00, real=0.00 secs] 
2024-10-07T05:46:03.459+0300: 473.708: Total time for which application threads were stopped: 0.0017990 seconds, Stopping threads took: 0.0001801 seconds
2024-10-07T05:46:04.024+0300: 474.266: Application time: 0.5577766 seconds
2024-10-07T05:46:04.024+0300: 474.266: [GC (Allocation Failure) 2024-10-07T05:46:04.024+0300: 474.266: [ParNew: 413229K->4284K(460096K), 0.0015275 secs] 418748K->9804K(2046080K), 0.0016029 secs] [Times: user=0.00 sys=0.00, real=0.00 secs] 
2024-10-07T05:46:04.024+0300: 474.267: Total time for which application threads were stopped: 0.0018407 seconds, Stopping threads took: 0.0001365 seconds
2024-10-07T05:46:04.573+0300: 474.827: Application time: 0.5595396 seconds
2024-10-07T05:46:04.573+0300: 474.827: [GC (Allocation Failure) 2024-10-07T05:46:04.573+0300: 474.827: [ParNew: 412847K->3279K(460096K), 0.0014576 secs] 418366K->8799K(2046080K), 0.0015517 secs] [Times: user=0.00 sys=0.00, real=0.00 secs] 
2024-10-07T05:46:04.573+0300: 474.829: Total time for which application threads were stopped: 0.0019035 seconds, Stopping threads took: 0.0002082 seconds
2024-10-07T05:46:05.139+0300: 475.390: Application time: 0.5613783 seconds
2024-10-07T05:46:05.139+0300: 475.390: [GC (Allocation Failure) 2024-10-07T05:46:05.139+0300: 475.390: [ParNew: 412303K->2239K(460096K), 0.0012856 secs] 417823K->7760K(2046080K), 0.0013755 secs] [Times: user=0.00 sys=0.00, real=0.00 secs] 
2024-10-07T05:46:05.139+0300: 475.392: Total time for which application threads were stopped: 0.0016283 seconds, Stopping threads took: 0.0001547 seconds
2024-10-07T05:46:05.703+0300: 475.954: Application time: 0.5620858 seconds
2024-10-07T05:46:05.703+0300: 475.954: [GC (Allocation Failure) 2024-10-07T05:46:05.703+0300: 475.954: [ParNew: 410905K->3278K(460096K), 0.0014351 secs] 416426K->8799K(2046080K), 0.0015051 secs] [Times: user=0.00 sys=0.00, real=0.00 secs] 
2024-10-07T05:46:05.703+0300: 475.956: Total time for which application threads were stopped: 0.0017683 seconds, Stopping threads took: 0.0001609 seconds
2024-10-07T05:46:06.268+0300: 476.514: Application time: 0.5581966 seconds
2024-10-07T05:46:06.268+0300: 476.514: [GC (Allocation Failure) 2024-10-07T05:46:06.268+0300: 476.514: [ParNew: 411732K->5309K(460096K), 0.0016021 secs] 417253K->10831K(2046080K), 0.0016799 secs] [Times: user=0.00 sys=0.00, real=0.00 secs] 
2024-10-07T05:46:06.268+0300: 476.516: Total time for which application threads were stopped: 0.0019702 seconds, Stopping threads took: 0.0001776 seconds
2024-10-07T05:46:06.833+0300: 477.082: Application time: 0.5660678 seconds
2024-10-07T05:46:06.833+0300: 477.082: [GC (Allocation Failure) 2024-10-07T05:46:06.833+0300: 477.082: [ParNew: 414333K->4301K(460096K), 0.0015947 secs] 419855K->9824K(2046080K), 0.0016785 secs] [Times: user=0.00 sys=0.00, real=0.00 secs] 
2024-10-07T05:46:06.833+0300: 477.084: Total time for which application threads were stopped: 0.0019206 seconds, Stopping threads took: 0.0001285 seconds
2024-10-07T05:46:07.398+0300: 477.650: Application time: 0.5656726 seconds
2024-10-07T05:46:07.398+0300: 477.650: [GC (Allocation Failure) 2024-10-07T05:46:07.398+0300: 477.650: [ParNew: 413325K->3281K(460096K), 0.0013807 secs] 418848K->8804K(2046080K), 0.0014586 secs] [Times: user=0.00 sys=0.00, real=0.00 secs] 
2024-10-07T05:46:07.398+0300: 477.651: Total time for which application threads were stopped: 0.0017870 seconds, Stopping threads took: 0.0002239 seconds
2024-10-07T05:46:07.964+0300: 478.210: Application time: 0.5582067 seconds
2024-10-07T05:46:07.964+0300: 478.210: [GC (Allocation Failure) 2024-10-07T05:46:07.964+0300: 478.210: [ParNew: 412305K->3280K(460096K), 0.0014718 secs] 417828K->8804K(2046080K), 0.0015447 secs] [Times: user=0.00 sys=0.00, real=0.00 secs] 
2024-10-07T05:46:07.964+0300: 478.211: Total time for which application threads were stopped: 0.0018258 seconds, Stopping threads took: 0.0001831 seconds
2024-10-07T05:46:08.529+0300: 478.773: Application time: 0.5616156 seconds
2024-10-07T05:46:08.529+0300: 478.773: [GC (Allocation Failure) 2024-10-07T05:46:08.529+0300: 478.773: [ParNew: 412304K->4288K(460096K), 0.0015744 secs] 417828K->9813K(2046080K), 0.0016752 secs] [Times: user=0.00 sys=0.00, real=0.00 secs] 
2024-10-07T05:46:08.529+0300: 478.775: Total time for which application threads were stopped: 0.0019834 seconds, Stopping threads took: 0.0001596 seconds
2024-10-07T05:46:09.078+0300: 479.333: Application time: 0.5575680 seconds
2024-10-07T05:46:09.078+0300: 479.333: [GC (Allocation Failure) 2024-10-07T05:46:09.078+0300: 479.333: [ParNew: 413200K->5308K(460096K), 0.0017273 secs] 418724K->10833K(2046080K), 0.0018105 secs] [Times: user=0.00 sys=0.00, real=0.00 secs] 
2024-10-07T05:46:09.078+0300: 479.335: Total time for which application threads were stopped: 0.0021186 seconds, Stopping threads took: 0.0002011 seconds
2024-10-07T05:46:09.658+0300: 479.900: Application time: 0.5653925 seconds
2024-10-07T05:46:09.658+0300: 479.900: [GC (Allocation Failure) 2024-10-07T05:46:09.658+0300: 479.900: [ParNew: 413676K->5304K(460096K), 0.0018700 secs] 419202K->10830K(2046080K), 0.0019510 secs] [Times: user=0.02 sys=0.00, real=0.00 secs] 
2024-10-07T05:46:09.658+0300: 479.902: Total time for which application threads were stopped: 0.0022521 seconds, Stopping threads took: 0.0001691 seconds
2024-10-07T05:46:10.208+0300: 480.460: Application time: 0.5577622 seconds
2024-10-07T05:46:10.208+0300: 480.460: [GC (Allocation Failure) 2024-10-07T05:46:10.208+0300: 480.460: [ParNew: 414078K->5306K(460096K), 0.0017013 secs] 419603K->10832K(2046080K), 0.0017768 secs] [Times: user=0.00 sys=0.00, real=0.00 secs] 
2024-10-07T05:46:10.208+0300: 480.462: Total time for which application threads were stopped: 0.0020914 seconds, Stopping threads took: 0.0002096 seconds
2024-10-07T05:46:10.773+0300: 481.029: Application time: 0.5667949 seconds
2024-10-07T05:46:10.773+0300: 481.029: [GC (Allocation Failure) 2024-10-07T05:46:10.773+0300: 481.029: [ParNew: 414330K->5306K(460096K), 0.0017949 secs] 419856K->10833K(2046080K), 0.0019165 secs] [Times: user=0.03 sys=0.00, real=0.02 secs] 
2024-10-07T05:46:10.788+0300: 481.031: Total time for which application threads were stopped: 0.0022311 seconds, Stopping threads took: 0.0001555 seconds
2024-10-07T05:46:11.338+0300: 481.595: Application time: 0.5635094 seconds
2024-10-07T05:46:11.354+0300: 481.595: [GC (Allocation Failure) 2024-10-07T05:46:11.354+0300: 481.595: [ParNew: 414330K->4281K(460096K), 0.0015302 secs] 419857K->9809K(2046080K), 0.0016376 secs] [Times: user=0.00 sys=0.00, real=0.00 secs] 
2024-10-07T05:46:11.354+0300: 481.597: Total time for which application threads were stopped: 0.0020326 seconds, Stopping threads took: 0.0002410 seconds
2024-10-07T05:46:11.918+0300: 482.161: Application time: 0.5639155 seconds
2024-10-07T05:46:11.918+0300: 482.161: [GC (Allocation Failure) 2024-10-07T05:46:11.918+0300: 482.161: [ParNew: 413305K->2235K(460096K), 0.0012411 secs] 418833K->7763K(2046080K), 0.0013106 secs] [Times: user=0.00 sys=0.00, real=0.00 secs] 
2024-10-07T05:46:11.918+0300: 482.162: Total time for which application threads were stopped: 0.0015845 seconds, Stopping threads took: 0.0001814 seconds
2024-10-07T05:46:12.483+0300: 482.727: Application time: 0.5648937 seconds
2024-10-07T05:46:12.483+0300: 482.727: [GC (Allocation Failure) 2024-10-07T05:46:12.483+0300: 482.727: [ParNew: 411259K->4284K(460096K), 0.0014332 secs] 416787K->9813K(2046080K), 0.0015141 secs] [Times: user=0.00 sys=0.00, real=0.00 secs] 
2024-10-07T05:46:12.483+0300: 482.729: Total time for which application threads were stopped: 0.0018038 seconds, Stopping threads took: 0.0001747 seconds
2024-10-07T05:46:13.033+0300: 483.286: Application time: 0.5567966 seconds
2024-10-07T05:46:13.033+0300: 483.286: [GC (Allocation Failure) 2024-10-07T05:46:13.033+0300: 483.286: [ParNew: 413308K->1269K(460096K), 0.0011451 secs] 418837K->6799K(2046080K), 0.0012118 secs] [Times: user=0.00 sys=0.00, real=0.00 secs] 
2024-10-07T05:46:13.033+0300: 483.287: Total time for which application threads were stopped: 0.0014734 seconds, Stopping threads took: 0.0001715 seconds
2024-10-07T05:46:13.598+0300: 483.846: Application time: 0.5592644 seconds
2024-10-07T05:46:13.598+0300: 483.847: [GC (Allocation Failure) 2024-10-07T05:46:13.598+0300: 483.847: [ParNew: 409788K->4290K(460096K), 0.0014244 secs] 415318K->9820K(2046080K), 0.0015167 secs] [Times: user=0.00 sys=0.00, real=0.00 secs] 
2024-10-07T05:46:13.598+0300: 483.848: Total time for which application threads were stopped: 0.0017831 seconds, Stopping threads took: 0.0001335 seconds
2024-10-07T05:46:14.163+0300: 484.407: Application time: 0.5585782 seconds
2024-10-07T05:46:14.163+0300: 484.407: [GC (Allocation Failure) 2024-10-07T05:46:14.163+0300: 484.407: [ParNew: 413079K->5308K(460096K), 0.0016229 secs] 418609K->10839K(2046080K), 0.0016951 secs] [Times: user=0.00 sys=0.00, real=0.00 secs] 
2024-10-07T05:46:14.163+0300: 484.409: Total time for which application threads were stopped: 0.0019457 seconds, Stopping threads took: 0.0001492 seconds
2024-10-07T05:46:14.728+0300: 484.972: Application time: 0.5634234 seconds
2024-10-07T05:46:14.728+0300: 484.972: [GC (Allocation Failure) 2024-10-07T05:46:14.728+0300: 484.972: [ParNew: 413710K->4285K(460096K), 0.0016396 secs] 419241K->9817K(2046080K), 0.0017240 secs] [Times: user=0.00 sys=0.00, real=0.00 secs] 
2024-10-07T05:46:14.728+0300: 484.974: Total time for which application threads were stopped: 0.0019791 seconds, Stopping threads took: 0.0001177 seconds
2024-10-07T05:46:15.292+0300: 485.534: Application time: 0.5599514 seconds
2024-10-07T05:46:15.292+0300: 485.534: [GC (Allocation Failure) 2024-10-07T05:46:15.292+0300: 485.534: [ParNew: 412826K->5302K(460096K), 0.0020173 secs] 418358K->10834K(2046080K), 0.0021015 secs] [Times: user=0.00 sys=0.00, real=0.00 secs] 
2024-10-07T05:46:15.292+0300: 485.537: Total time for which application threads were stopped: 0.0023705 seconds, Stopping threads took: 0.0001670 seconds
2024-10-07T05:46:15.857+0300: 486.099: Application time: 0.5624056 seconds
2024-10-07T05:46:15.857+0300: 486.099: [GC (Allocation Failure) 2024-10-07T05:46:15.857+0300: 486.099: [ParNew: 414326K->5302K(460096K), 0.0016599 secs] 419858K->10835K(2046080K), 0.0017332 secs] [Times: user=0.00 sys=0.00, real=0.00 secs] 
2024-10-07T05:46:15.857+0300: 486.101: Total time for which application threads were stopped: 0.0020571 seconds, Stopping threads took: 0.0002226 seconds
2024-10-07T05:46:16.422+0300: 486.664: Application time: 0.5627011 seconds
2024-10-07T05:46:16.422+0300: 486.664: [GC (Allocation Failure) 2024-10-07T05:46:16.422+0300: 486.664: [ParNew: 413615K->3293K(460096K), 0.0014058 secs] 419148K->8827K(2046080K), 0.0014911 secs] [Times: user=0.00 sys=0.00, real=0.00 secs] 
2024-10-07T05:46:16.422+0300: 486.665: Total time for which application threads were stopped: 0.0017919 seconds, Stopping threads took: 0.0001723 seconds
2024-10-07T05:46:16.972+0300: 487.226: Application time: 0.5603641 seconds
2024-10-07T05:46:16.972+0300: 487.226: [GC (Allocation Failure) 2024-10-07T05:46:16.972+0300: 487.226: [ParNew: 412317K->2240K(460096K), 0.0013382 secs] 417851K->7774K(2046080K), 0.0013999 secs] [Times: user=0.00 sys=0.00, real=0.00 secs] 
2024-10-07T05:46:16.972+0300: 487.228: Total time for which application threads were stopped: 0.0016436 seconds, Stopping threads took: 0.0001542 seconds
2024-10-07T05:46:17.542+0300: 487.793: Application time: 0.5651487 seconds
2024-10-07T05:46:17.542+0300: 487.793: [GC (Allocation Failure) 2024-10-07T05:46:17.542+0300: 487.793: [ParNew: 411264K->2253K(460096K), 0.0015066 secs] 416798K->7787K(2046080K), 0.0015655 secs] [Times: user=0.00 sys=0.00, real=0.01 secs] 
2024-10-07T05:46:17.553+0300: 487.795: Total time for which application threads were stopped: 0.0018395 seconds, Stopping threads took: 0.0001847 seconds
2024-10-07T05:46:18.102+0300: 488.349: Application time: 0.5543060 seconds
2024-10-07T05:46:18.102+0300: 488.349: [GC (Allocation Failure) 2024-10-07T05:46:18.102+0300: 488.349: [ParNew: 410879K->5306K(460096K), 0.0016828 secs] 416414K->10841K(2046080K), 0.0017690 secs] [Times: user=0.00 sys=0.00, real=0.00 secs] 
2024-10-07T05:46:18.102+0300: 488.351: Total time for which application threads were stopped: 0.0020173 seconds, Stopping threads took: 0.0001331 seconds
2024-10-07T05:46:18.667+0300: 488.915: Application time: 0.5641396 seconds
2024-10-07T05:46:18.667+0300: 488.915: [GC (Allocation Failure) 2024-10-07T05:46:18.667+0300: 488.915: [ParNew: 413486K->3266K(460096K), 0.0013750 secs] 419021K->8802K(2046080K), 0.0014498 secs] [Times: user=0.00 sys=0.00, real=0.00 secs] 
2024-10-07T05:46:18.667+0300: 488.917: Total time for which application threads were stopped: 0.0016884 seconds, Stopping threads took: 0.0001373 seconds
2024-10-07T05:46:19.232+0300: 489.474: Application time: 0.5568845 seconds
2024-10-07T05:46:19.232+0300: 489.474: [GC (Allocation Failure) 2024-10-07T05:46:19.232+0300: 489.474: [ParNew: 412073K->3263K(460096K), 0.0012958 secs] 417609K->8799K(2046080K), 0.0013715 secs] [Times: user=0.00 sys=0.00, real=0.00 secs] 
2024-10-07T05:46:19.232+0300: 489.475: Total time for which application threads were stopped: 0.0016793 seconds, Stopping threads took: 0.0001986 seconds
2024-10-07T05:46:19.791+0300: 490.036: Application time: 0.5608028 seconds
2024-10-07T05:46:19.791+0300: 490.036: [GC (Allocation Failure) 2024-10-07T05:46:19.791+0300: 490.036: [ParNew: 412019K->5306K(460096K), 0.0016806 secs] 417556K->10843K(2046080K), 0.0017610 secs] [Times: user=0.00 sys=0.00, real=0.00 secs] 
2024-10-07T05:46:19.791+0300: 490.038: Total time for which application threads were stopped: 0.0020400 seconds, Stopping threads took: 0.0001579 seconds
2024-10-07T05:46:20.348+0300: 490.602: Application time: 0.5637390 seconds
2024-10-07T05:46:20.348+0300: 490.602: [GC (Allocation Failure) 2024-10-07T05:46:20.348+0300: 490.602: [ParNew: 413909K->5304K(460096K), 0.0019216 secs] 419447K->10842K(2046080K), 0.0020025 secs] [Times: user=0.02 sys=0.00, real=0.01 secs] 
2024-10-07T05:46:20.362+0300: 490.604: Total time for which application threads were stopped: 0.0023676 seconds, Stopping threads took: 0.0002353 seconds
2024-10-07T05:46:20.911+0300: 491.162: Application time: 0.5573739 seconds
2024-10-07T05:46:20.911+0300: 491.162: [GC (Allocation Failure) 2024-10-07T05:46:20.911+0300: 491.162: [ParNew: 414008K->5302K(460096K), 0.0015869 secs] 419546K->10841K(2046080K), 0.0016696 secs] [Times: user=0.00 sys=0.00, real=0.00 secs] 
2024-10-07T05:46:20.911+0300: 491.164: Total time for which application threads were stopped: 0.0019405 seconds, Stopping threads took: 0.0001526 seconds
2024-10-07T05:46:21.476+0300: 491.726: Application time: 0.5626210 seconds
2024-10-07T05:46:21.476+0300: 491.726: [GC (Allocation Failure) 2024-10-07T05:46:21.476+0300: 491.727: [ParNew: 414235K->3261K(460096K), 0.0013359 secs] 419773K->8800K(2046080K), 0.0014309 secs] [Times: user=0.00 sys=0.00, real=0.00 secs] 
2024-10-07T05:46:21.476+0300: 491.728: Total time for which application threads were stopped: 0.0018216 seconds, Stopping threads took: 0.0002393 seconds
2024-10-07T05:46:22.042+0300: 492.290: Application time: 0.5622640 seconds
2024-10-07T05:46:22.042+0300: 492.290: [GC (Allocation Failure) 2024-10-07T05:46:22.042+0300: 492.290: [ParNew: 412285K->2270K(460096K), 0.0012536 secs] 417824K->7810K(2046080K), 0.0013181 secs] [Times: user=0.00 sys=0.00, real=0.00 secs] 
2024-10-07T05:46:22.042+0300: 492.292: Total time for which application threads were stopped: 0.0015747 seconds, Stopping threads took: 0.0001658 seconds
2024-10-07T05:46:22.606+0300: 492.856: Application time: 0.5642821 seconds
2024-10-07T05:46:22.606+0300: 492.856: [GC (Allocation Failure) 2024-10-07T05:46:22.606+0300: 492.856: [ParNew: 411294K->5310K(460096K), 0.0016971 secs] 416834K->10851K(2046080K), 0.0018427 secs] [Times: user=0.00 sys=0.00, real=0.00 secs] 
2024-10-07T05:46:22.606+0300: 492.858: Total time for which application threads were stopped: 0.0020760 seconds, Stopping threads took: 0.0001312 seconds
2024-10-07T05:46:23.156+0300: 493.410: Application time: 0.5522406 seconds
2024-10-07T05:46:23.156+0300: 493.411: [GC (Allocation Failure) 2024-10-07T05:46:23.156+0300: 493.411: [ParNew: 413980K->4283K(460096K), 0.0015862 secs] 419520K->9823K(2046080K), 0.0016673 secs] [Times: user=0.00 sys=0.00, real=0.02 secs] 
2024-10-07T05:46:23.171+0300: 493.412: Total time for which application threads were stopped: 0.0019981 seconds, Stopping threads took: 0.0002032 seconds
2024-10-07T05:46:23.736+0300: 493.979: Application time: 0.5666216 seconds
2024-10-07T05:46:23.736+0300: 493.979: [GC (Allocation Failure) 2024-10-07T05:46:23.736+0300: 493.979: [ParNew: 413109K->3294K(460096K), 0.0013520 secs] 418650K->8836K(2046080K), 0.0014325 secs] [Times: user=0.00 sys=0.00, real=0.00 secs] 
2024-10-07T05:46:23.736+0300: 493.981: Total time for which application threads were stopped: 0.0017372 seconds, Stopping threads took: 0.0001923 seconds
2024-10-07T05:46:24.285+0300: 494.540: Application time: 0.5595504 seconds
2024-10-07T05:46:24.285+0300: 494.541: [GC (Allocation Failure) 2024-10-07T05:46:24.285+0300: 494.541: [ParNew: 411307K->3265K(460096K), 0.0015480 secs] 416849K->8807K(2046080K), 0.0016303 secs] [Times: user=0.01 sys=0.00, real=0.01 secs] 
2024-10-07T05:46:24.300+0300: 494.542: Total time for which application threads were stopped: 0.0018967 seconds, Stopping threads took: 0.0001573 seconds
2024-10-07T05:46:24.857+0300: 495.100: Application time: 0.5577203 seconds
2024-10-07T05:46:24.857+0300: 495.100: [GC (Allocation Failure) 2024-10-07T05:46:24.857+0300: 495.100: [ParNew: 411517K->4285K(460096K), 0.0015736 secs] 417059K->9828K(2046080K), 0.0016491 secs] [Times: user=0.00 sys=0.00, real=0.00 secs] 
2024-10-07T05:46:24.857+0300: 495.102: Total time for which application threads were stopped: 0.0019469 seconds, Stopping threads took: 0.0001919 seconds
2024-10-07T05:46:25.415+0300: 495.666: Application time: 0.5643522 seconds
2024-10-07T05:46:25.415+0300: 495.667: [GC (Allocation Failure) 2024-10-07T05:46:25.415+0300: 495.667: [ParNew: 413309K->5307K(460096K), 0.0016512 secs] 418852K->10851K(2046080K), 0.0017323 secs] [Times: user=0.00 sys=0.00, real=0.00 secs] 
2024-10-07T05:46:25.415+0300: 495.668: Total time for which application threads were stopped: 0.0020291 seconds, Stopping threads took: 0.0001756 seconds
2024-10-07T05:46:25.980+0300: 496.228: Application time: 0.5602121 seconds
2024-10-07T05:46:25.980+0300: 496.229: [GC (Allocation Failure) 2024-10-07T05:46:25.980+0300: 496.229: [ParNew: 414331K->3293K(460096K), 0.0013662 secs] 419875K->8837K(2046080K), 0.0014453 secs] [Times: user=0.00 sys=0.00, real=0.00 secs] 
2024-10-07T05:46:25.980+0300: 496.230: Total time for which application threads were stopped: 0.0017586 seconds, Stopping threads took: 0.0001865 seconds
2024-10-07T05:46:26.545+0300: 496.792: Application time: 0.5614217 seconds
2024-10-07T05:46:26.545+0300: 496.792: [GC (Allocation Failure) 2024-10-07T05:46:26.545+0300: 496.792: [ParNew: 412302K->4287K(460096K), 0.0017844 secs] 417846K->9831K(2046080K), 0.0018938 secs] [Times: user=0.00 sys=0.00, real=0.00 secs] 
2024-10-07T05:46:26.545+0300: 496.794: Total time for which application threads were stopped: 0.0021867 seconds, Stopping threads took: 0.0001540 seconds
2024-10-07T05:46:27.094+0300: 497.349: Application time: 0.5555088 seconds
2024-10-07T05:46:27.094+0300: 497.350: [GC (Allocation Failure) 2024-10-07T05:46:27.094+0300: 497.350: [ParNew: 412418K->4286K(460096K), 0.0017567 secs] 417962K->9831K(2046080K), 0.0018418 secs] [Times: user=0.02 sys=0.00, real=0.02 secs] 
2024-10-07T05:46:27.110+0300: 497.352: Total time for which application threads were stopped: 0.0021224 seconds, Stopping threads took: 0.0001786 seconds
2024-10-07T05:46:27.110+0300: 497.358: Application time: 0.0064814 seconds
2024-10-07T05:46:27.110+0300: 497.358: Total time for which application threads were stopped: 0.0001820 seconds, Stopping threads took: 0.0001385 seconds
2024-10-07T05:46:27.162+0300: 497.404: Application time: 0.0457483 seconds
2024-10-07T05:46:27.162+0300: 497.404: Total time for which application threads were stopped: 0.0001782 seconds, Stopping threads took: 0.0001276 seconds
2024-10-07T05:46:27.162+0300: 497.407: Application time: 0.0026271 seconds
2024-10-07T05:46:27.162+0300: 497.407: Total time for which application threads were stopped: 0.0000916 seconds, Stopping threads took: 0.0000530 seconds
2024-10-07T05:46:27.204+0300: 497.449: Application time: 0.0417888 seconds
2024-10-07T05:46:27.204+0300: 497.449: Total time for which application threads were stopped: 0.0001594 seconds, Stopping threads took: 0.0001045 seconds
2024-10-07T05:46:27.235+0300: 497.492: Application time: 0.0430994 seconds
2024-10-07T05:46:27.235+0300: 497.492: Total time for which application threads were stopped: 0.0001416 seconds, Stopping threads took: 0.0000901 seconds
2024-10-07T05:46:27.377+0300: 497.626: Application time: 0.1338535 seconds
2024-10-07T05:46:27.377+0300: 497.626: Total time for which application threads were stopped: 0.0003269 seconds, Stopping threads took: 0.0003053 seconds
2024-10-07T05:46:27.817+0300: 498.061: Application time: 0.4352596 seconds
2024-10-07T05:46:27.817+0300: 498.062: [GC (Allocation Failure) 2024-10-07T05:46:27.817+0300: 498.062: [ParNew: 412442K->5306K(460096K), 0.0016235 secs] 417987K->10852K(2046080K), 0.0017041 secs] [Times: user=0.00 sys=0.00, real=0.00 secs] 
2024-10-07T05:46:27.817+0300: 498.063: Total time for which application threads were stopped: 0.0020025 seconds, Stopping threads took: 0.0001929 seconds
2024-10-07T05:46:28.382+0300: 498.629: Application time: 0.5659013 seconds
2024-10-07T05:46:28.382+0300: 498.630: [GC (Allocation Failure) 2024-10-07T05:46:28.382+0300: 498.630: [ParNew: 414330K->4289K(460096K), 0.0014498 secs] 419876K->9835K(2046080K), 0.0015713 secs] [Times: user=0.00 sys=0.00, real=0.00 secs] 
2024-10-07T05:46:28.382+0300: 498.631: Total time for which application threads were stopped: 0.0018801 seconds, Stopping threads took: 0.0001623 seconds
2024-10-07T05:46:28.931+0300: 499.180: Application time: 0.5484589 seconds
2024-10-07T05:46:28.931+0300: 499.180: [GC (Allocation Failure) 2024-10-07T05:46:28.931+0300: 499.180: [ParNew: 412379K->5313K(460096K), 0.0019320 secs] 417926K->10860K(2046080K), 0.0020095 secs] [Times: user=0.00 sys=0.00, real=0.00 secs] 
2024-10-07T05:46:28.931+0300: 499.182: Total time for which application threads were stopped: 0.0022958 seconds, Stopping threads took: 0.0001812 seconds
2024-10-07T05:46:29.496+0300: 499.744: Application time: 0.5621256 seconds
2024-10-07T05:46:29.496+0300: 499.744: [GC (Allocation Failure) 2024-10-07T05:46:29.496+0300: 499.744: [ParNew: 414190K->5308K(460096K), 0.0016333 secs] 419737K->10856K(2046080K), 0.0017158 secs] [Times: user=0.00 sys=0.00, real=0.00 secs] 
2024-10-07T05:46:29.496+0300: 499.746: Total time for which application threads were stopped: 0.0020588 seconds, Stopping threads took: 0.0002373 seconds
2024-10-07T05:46:30.062+0300: 500.304: Application time: 0.5575100 seconds
2024-10-07T05:46:30.062+0300: 500.304: [GC (Allocation Failure) 2024-10-07T05:46:30.062+0300: 500.304: [ParNew: 413798K->4291K(460096K), 0.0015016 secs] 419346K->9839K(2046080K), 0.0015744 secs] [Times: user=0.00 sys=0.00, real=0.00 secs] 
2024-10-07T05:46:30.062+0300: 500.306: Total time for which application threads were stopped: 0.0018131 seconds, Stopping threads took: 0.0001324 seconds
2024-10-07T05:46:30.611+0300: 500.868: Application time: 0.5622304 seconds
2024-10-07T05:46:30.627+0300: 500.868: [GC (Allocation Failure) 2024-10-07T05:46:30.627+0300: 500.868: [ParNew: 412717K->4306K(460096K), 0.0016149 secs] 418266K->9855K(2046080K), 0.0016936 secs] [Times: user=0.00 sys=0.00, real=0.00 secs] 
2024-10-07T05:46:30.627+0300: 500.870: Total time for which application threads were stopped: 0.0020300 seconds, Stopping threads took: 0.0002169 seconds
2024-10-07T05:46:31.176+0300: 501.426: Application time: 0.5563034 seconds
2024-10-07T05:46:31.176+0300: 501.426: [GC (Allocation Failure) 2024-10-07T05:46:31.176+0300: 501.426: [ParNew: 412687K->3278K(460096K), 0.0013439 secs] 418235K->8833K(2046080K), 0.0014130 secs] [Times: user=0.00 sys=0.00, real=0.00 secs] 
2024-10-07T05:46:31.176+0300: 501.428: Total time for which application threads were stopped: 0.0017061 seconds, Stopping threads took: 0.0001888 seconds
2024-10-07T05:46:31.740+0300: 501.988: Application time: 0.5600792 seconds
2024-10-07T05:46:31.740+0300: 501.988: [GC (Allocation Failure) 2024-10-07T05:46:31.740+0300: 501.988: [ParNew: 412302K->4282K(460096K), 0.0017170 secs] 417857K->9837K(2046080K), 0.0017930 secs] [Times: user=0.00 sys=0.00, real=0.00 secs] 
2024-10-07T05:46:31.740+0300: 501.990: Total time for which application threads were stopped: 0.0020525 seconds, Stopping threads took: 0.0001607 seconds
2024-10-07T05:46:32.290+0300: 502.546: Application time: 0.5561694 seconds
2024-10-07T05:46:32.290+0300: 502.546: [GC (Allocation Failure) 2024-10-07T05:46:32.290+0300: 502.546: [ParNew: 412972K->5306K(460096K), 0.0021211 secs] 418527K->10862K(2046080K), 0.0022076 secs] [Times: user=0.02 sys=0.00, real=0.02 secs] 
2024-10-07T05:46:32.305+0300: 502.549: Total time for which application threads were stopped: 0.0025112 seconds, Stopping threads took: 0.0001999 seconds
2024-10-07T05:46:32.872+0300: 503.114: Application time: 0.5658447 seconds
2024-10-07T05:46:32.873+0300: 503.115: [GC (Allocation Failure) 2024-10-07T05:46:32.873+0300: 503.115: [ParNew: 413600K->4283K(460096K), 0.0015304 secs] 419156K->9839K(2046080K), 0.0016018 secs] [Times: user=0.00 sys=0.00, real=0.00 secs] 
2024-10-07T05:46:32.874+0300: 503.116: Total time for which application threads were stopped: 0.0018893 seconds, Stopping threads took: 0.0001911 seconds
2024-10-07T05:46:33.435+0300: 503.679: Application time: 0.5623651 seconds
2024-10-07T05:46:33.435+0300: 503.679: [GC (Allocation Failure) 2024-10-07T05:46:33.435+0300: 503.679: [ParNew: 413031K->3256K(460096K), 0.0015860 secs] 418587K->8813K(2046080K), 0.0016703 secs] [Times: user=0.00 sys=0.00, real=0.00 secs] 
2024-10-07T05:46:33.435+0300: 503.681: Total time for which application threads were stopped: 0.0019290 seconds, Stopping threads took: 0.0001488 seconds
2024-10-07T05:46:33.984+0300: 504.237: Application time: 0.5562748 seconds
2024-10-07T05:46:33.984+0300: 504.237: [GC (Allocation Failure) 2024-10-07T05:46:33.984+0300: 504.237: [ParNew: 411697K->4296K(460096K), 0.0015330 secs] 417254K->9853K(2046080K), 0.0016085 secs] [Times: user=0.00 sys=0.00, real=0.00 secs] 
2024-10-07T05:46:33.984+0300: 504.239: Total time for which application threads were stopped: 0.0019195 seconds, Stopping threads took: 0.0002075 seconds
2024-10-07T05:46:34.549+0300: 504.801: Application time: 0.5621681 seconds
2024-10-07T05:46:34.549+0300: 504.801: [GC (Allocation Failure) 2024-10-07T05:46:34.549+0300: 504.801: [ParNew: 412613K->4284K(460096K), 0.0014290 secs] 418170K->9842K(2046080K), 0.0015002 secs] [Times: user=0.00 sys=0.00, real=0.00 secs] 
2024-10-07T05:46:34.549+0300: 504.803: Total time for which application threads were stopped: 0.0017870 seconds, Stopping threads took: 0.0001888 seconds
2024-10-07T05:46:35.114+0300: 505.358: Application time: 0.5552008 seconds
2024-10-07T05:46:35.114+0300: 505.358: [GC (Allocation Failure) 2024-10-07T05:46:35.114+0300: 505.358: [ParNew: 413175K->5306K(460096K), 0.0015775 secs] 418733K->10864K(2046080K), 0.0016485 secs] [Times: user=0.00 sys=0.00, real=0.00 secs] 
2024-10-07T05:46:35.114+0300: 505.360: Total time for which application threads were stopped: 0.0019386 seconds, Stopping threads took: 0.0001923 seconds
2024-10-07T05:46:35.679+0300: 505.924: Application time: 0.5638854 seconds
2024-10-07T05:46:35.679+0300: 505.924: [GC (Allocation Failure) 2024-10-07T05:46:35.679+0300: 505.924: [ParNew: 413655K->5304K(460096K), 0.0016536 secs] 419213K->10863K(2046080K), 0.0017563 secs] [Times: user=0.02 sys=0.00, real=0.00 secs] 
2024-10-07T05:46:35.679+0300: 505.926: Total time for which application threads were stopped: 0.0020231 seconds, Stopping threads took: 0.0001352 seconds
2024-10-07T05:46:36.243+0300: 506.487: Application time: 0.5607951 seconds
2024-10-07T05:46:36.243+0300: 506.487: [GC (Allocation Failure) 2024-10-07T05:46:36.243+0300: 506.487: [ParNew: 413958K->4280K(460096K), 0.0015314 secs] 419517K->9840K(2046080K), 0.0015967 secs] [Times: user=0.00 sys=0.00, real=0.00 secs] 
2024-10-07T05:46:36.243+0300: 506.489: Total time for which application threads were stopped: 0.0018596 seconds, Stopping threads took: 0.0001682 seconds
2024-10-07T05:46:36.809+0300: 507.052: Application time: 0.5632227 seconds
2024-10-07T05:46:36.809+0300: 507.052: [GC (Allocation Failure) 2024-10-07T05:46:36.809+0300: 507.052: [ParNew: 412933K->4256K(460096K), 0.0016172 secs] 418493K->9816K(2046080K), 0.0016903 secs] [Times: user=0.00 sys=0.00, real=0.00 secs] 
2024-10-07T05:46:36.809+0300: 507.054: Total time for which application threads were stopped: 0.0019914 seconds, Stopping threads took: 0.0002012 seconds
2024-10-07T05:46:37.374+0300: 507.616: Application time: 0.5619388 seconds
2024-10-07T05:46:37.374+0300: 507.616: [GC (Allocation Failure) 2024-10-07T05:46:37.374+0300: 507.616: [ParNew: 412698K->5304K(460096K), 0.0017504 secs] 418258K->10865K(2046080K), 0.0018359 secs] [Times: user=0.01 sys=0.00, real=0.00 secs] 
2024-10-07T05:46:37.374+0300: 507.618: Total time for which application threads were stopped: 0.0021139 seconds, Stopping threads took: 0.0001540 seconds
2024-10-07T05:46:37.923+0300: 508.178: Application time: 0.5602385 seconds
2024-10-07T05:46:37.923+0300: 508.178: [GC (Allocation Failure) 2024-10-07T05:46:37.923+0300: 508.178: [ParNew: 413425K->5306K(460096K), 0.0016702 secs] 418986K->10868K(2046080K), 0.0017664 secs] [Times: user=0.02 sys=0.00, real=0.02 secs] 
2024-10-07T05:46:37.939+0300: 508.180: Total time for which application threads were stopped: 0.0020924 seconds, Stopping threads took: 0.0002174 seconds
2024-10-07T05:46:38.504+0300: 508.747: Application time: 0.5668875 seconds
2024-10-07T05:46:38.504+0300: 508.747: [GC (Allocation Failure) 2024-10-07T05:46:38.504+0300: 508.747: [ParNew: 414217K->5306K(460096K), 0.0016160 secs] 419779K->10868K(2046080K), 0.0017120 secs] [Times: user=0.00 sys=0.00, real=0.00 secs] 
2024-10-07T05:46:38.504+0300: 508.749: Total time for which application threads were stopped: 0.0021015 seconds, Stopping threads took: 0.0002672 seconds
2024-10-07T05:46:39.053+0300: 509.309: Application time: 0.5598187 seconds
2024-10-07T05:46:39.053+0300: 509.309: [GC (Allocation Failure) 2024-10-07T05:46:39.053+0300: 509.309: [ParNew: 414330K->6328K(460096K), 0.0018426 secs] 419892K->11891K(2046080K), 0.0019168 secs] [Times: user=0.02 sys=0.00, real=0.02 secs] 
2024-10-07T05:46:39.069+0300: 509.311: Total time for which application threads were stopped: 0.0022157 seconds, Stopping threads took: 0.0001974 seconds
2024-10-07T05:46:39.634+0300: 509.878: Application time: 0.5671626 seconds
2024-10-07T05:46:39.634+0300: 509.879: [GC (Allocation Failure) 2024-10-07T05:46:39.634+0300: 509.879: [ParNew: 415352K->4300K(460096K), 0.0015029 secs] 420915K->9864K(2046080K), 0.0015724 secs] [Times: user=0.00 sys=0.00, real=0.00 secs] 
2024-10-07T05:46:39.634+0300: 509.880: Total time for which application threads were stopped: 0.0018269 seconds, Stopping threads took: 0.0001583 seconds
2024-10-07T05:46:40.198+0300: 510.440: Application time: 0.5597976 seconds
2024-10-07T05:46:40.198+0300: 510.440: [GC (Allocation Failure) 2024-10-07T05:46:40.198+0300: 510.440: [ParNew: 413324K->4284K(460096K), 0.0016882 secs] 418888K->9848K(2046080K), 0.0017644 secs] [Times: user=0.00 sys=0.00, real=0.00 secs] 
2024-10-07T05:46:40.198+0300: 510.442: Total time for which application threads were stopped: 0.0020319 seconds, Stopping threads took: 0.0001692 seconds
2024-10-07T05:46:40.763+0300: 511.006: Application time: 0.5637793 seconds
2024-10-07T05:46:40.763+0300: 511.006: [GC (Allocation Failure) 2024-10-07T05:46:40.763+0300: 511.006: [ParNew: 413308K->3278K(460096K), 0.0013269 secs] 418872K->8842K(2046080K), 0.0014081 secs] [Times: user=0.00 sys=0.00, real=0.00 secs] 
2024-10-07T05:46:40.763+0300: 511.008: Total time for which application threads were stopped: 0.0017107 seconds, Stopping threads took: 0.0001975 seconds
2024-10-07T05:46:41.328+0300: 511.580: Application time: 0.5722026 seconds
2024-10-07T05:46:41.328+0300: 511.580: [GC (Allocation Failure) 2024-10-07T05:46:41.328+0300: 511.580: [ParNew: 412228K->5304K(460096K), 0.0014902 secs] 417792K->10869K(2046080K), 0.0015879 secs] [Times: user=0.00 sys=0.00, real=0.00 secs] 
2024-10-07T05:46:41.328+0300: 511.582: Total time for which application threads were stopped: 0.0018855 seconds, Stopping threads took: 0.0001695 seconds
2024-10-07T05:46:41.893+0300: 512.145: Application time: 0.5636863 seconds
2024-10-07T05:46:41.893+0300: 512.146: [GC (Allocation Failure) 2024-10-07T05:46:41.893+0300: 512.146: [ParNew: 413537K->4286K(460096K), 0.0015636 secs] 419103K->9852K(2046080K), 0.0016544 secs] [Times: user=0.00 sys=0.00, real=0.00 secs] 
2024-10-07T05:46:41.893+0300: 512.147: Total time for which application threads were stopped: 0.0019453 seconds, Stopping threads took: 0.0001732 seconds
2024-10-07T05:46:42.474+0300: 512.716: Application time: 0.5688641 seconds
2024-10-07T05:46:42.474+0300: 512.716: [GC (Allocation Failure) 2024-10-07T05:46:42.474+0300: 512.716: [ParNew: 413310K->4281K(460096K), 0.0013000 secs] 418876K->9848K(2046080K), 0.0013708 secs] [Times: user=0.00 sys=0.00, real=0.00 secs] 
2024-10-07T05:46:42.474+0300: 512.718: Total time for which application threads were stopped: 0.0016130 seconds, Stopping threads took: 0.0001390 seconds
2024-10-07T05:46:43.023+0300: 513.278: Application time: 0.5598764 seconds
2024-10-07T05:46:43.023+0300: 513.278: [GC (Allocation Failure) 2024-10-07T05:46:43.023+0300: 513.278: [ParNew: 413298K->3290K(460096K), 0.0013235 secs] 418865K->8857K(2046080K), 0.0014045 secs] [Times: user=0.00 sys=0.00, real=0.00 secs] 
2024-10-07T05:46:43.023+0300: 513.279: Total time for which application threads were stopped: 0.0016396 seconds, Stopping threads took: 0.0001326 seconds
2024-10-07T05:46:43.604+0300: 513.850: Application time: 0.5707031 seconds
2024-10-07T05:46:43.604+0300: 513.850: [GC (Allocation Failure) 2024-10-07T05:46:43.604+0300: 513.850: [ParNew: 411425K->4301K(460096K), 0.0014289 secs] 416992K->9869K(2046080K), 0.0015051 secs] [Times: user=0.00 sys=0.00, real=0.00 secs] 
2024-10-07T05:46:43.604+0300: 513.852: Total time for which application threads were stopped: 0.0017531 seconds, Stopping threads took: 0.0001421 seconds
2024-10-07T05:46:44.168+0300: 514.411: Application time: 0.5596690 seconds
2024-10-07T05:46:44.168+0300: 514.412: [GC (Allocation Failure) 2024-10-07T05:46:44.168+0300: 514.412: [ParNew: 413325K->4302K(460096K), 0.0015426 secs] 418893K->9871K(2046080K), 0.0016202 secs] [Times: user=0.00 sys=0.00, real=0.00 secs] 
2024-10-07T05:46:44.168+0300: 514.413: Total time for which application threads were stopped: 0.0018627 seconds, Stopping threads took: 0.0001228 seconds
2024-10-07T05:46:44.734+0300: 514.978: Application time: 0.5651417 seconds
2024-10-07T05:46:44.734+0300: 514.979: [GC (Allocation Failure) 2024-10-07T05:46:44.734+0300: 514.979: [ParNew: 412677K->4298K(460096K), 0.0015499 secs] 418245K->9867K(2046080K), 0.0016423 secs] [Times: user=0.01 sys=0.00, real=0.00 secs] 
2024-10-07T05:46:44.734+0300: 514.980: Total time for which application threads were stopped: 0.0019267 seconds, Stopping threads took: 0.0001635 seconds
2024-10-07T05:46:45.299+0300: 515.551: Application time: 0.5709184 seconds
2024-10-07T05:46:45.299+0300: 515.551: [GC (Allocation Failure) 2024-10-07T05:46:45.299+0300: 515.552: [ParNew: 412709K->4282K(460096K), 0.0015786 secs] 418279K->9852K(2046080K), 0.0016881 secs] [Times: user=0.00 sys=0.00, real=0.00 secs] 
2024-10-07T05:46:45.299+0300: 515.553: Total time for which application threads were stopped: 0.0019910 seconds, Stopping threads took: 0.0001634 seconds
2024-10-07T05:46:45.879+0300: 516.121: Application time: 0.5677137 seconds
2024-10-07T05:46:45.879+0300: 516.121: [GC (Allocation Failure) 2024-10-07T05:46:45.879+0300: 516.121: [ParNew: 412782K->4286K(460096K), 0.0014554 secs] 418351K->9857K(2046080K), 0.0015400 secs] [Times: user=0.02 sys=0.00, real=0.00 secs] 
2024-10-07T05:46:45.879+0300: 516.123: Total time for which application threads were stopped: 0.0017955 seconds, Stopping threads took: 0.0001303 seconds
2024-10-07T05:46:46.445+0300: 516.691: Application time: 0.5679107 seconds
2024-10-07T05:46:46.445+0300: 516.691: [GC (Allocation Failure) 2024-10-07T05:46:46.445+0300: 516.691: [ParNew: 412586K->5306K(460096K), 0.0016701 secs] 418156K->10877K(2046080K), 0.0017515 secs] [Times: user=0.00 sys=0.00, real=0.00 secs] 
2024-10-07T05:46:46.445+0300: 516.693: Total time for which application threads were stopped: 0.0020095 seconds, Stopping threads took: 0.0001369 seconds
2024-10-07T05:46:47.010+0300: 517.251: Application time: 0.5588011 seconds
2024-10-07T05:46:47.010+0300: 517.252: [GC (Allocation Failure) 2024-10-07T05:46:47.010+0300: 517.252: [ParNew: 413548K->3296K(460096K), 0.0013400 secs] 419119K->8867K(2046080K), 0.0014156 secs] [Times: user=0.03 sys=0.00, real=0.00 secs] 
2024-10-07T05:46:47.010+0300: 517.253: Total time for which application threads were stopped: 0.0016625 seconds, Stopping threads took: 0.0001274 seconds
2024-10-07T05:46:47.574+0300: 517.819: Application time: 0.5656712 seconds
2024-10-07T05:46:47.574+0300: 517.819: [GC (Allocation Failure) 2024-10-07T05:46:47.574+0300: 517.819: [ParNew: 412243K->5308K(460096K), 0.0015795 secs] 417815K->10880K(2046080K), 0.0016977 secs] [Times: user=0.00 sys=0.00, real=0.00 secs] 
2024-10-07T05:46:47.574+0300: 517.821: Total time for which application threads were stopped: 0.0019634 seconds, Stopping threads took: 0.0001384 seconds
2024-10-07T05:46:48.140+0300: 518.383: Application time: 0.5618498 seconds
2024-10-07T05:46:48.140+0300: 518.383: [GC (Allocation Failure) 2024-10-07T05:46:48.140+0300: 518.383: [ParNew: 413357K->5304K(460096K), 0.0019332 secs] 418929K->10877K(2046080K), 0.0020130 secs] [Times: user=0.00 sys=0.00, real=0.00 secs] 
2024-10-07T05:46:48.140+0300: 518.385: Total time for which application threads were stopped: 0.0022558 seconds, Stopping threads took: 0.0001402 seconds
2024-10-07T05:46:48.706+0300: 518.952: Application time: 0.5668414 seconds
2024-10-07T05:46:48.706+0300: 518.952: [GC (Allocation Failure) 2024-10-07T05:46:48.706+0300: 518.952: [ParNew: 414328K->4286K(460096K), 0.0014953 secs] 419901K->9860K(2046080K), 0.0015965 secs] [Times: user=0.00 sys=0.00, real=0.00 secs] 
2024-10-07T05:46:48.706+0300: 518.954: Total time for which application threads were stopped: 0.0018458 seconds, Stopping threads took: 0.0001241 seconds
2024-10-07T05:46:49.254+0300: 519.511: Application time: 0.5570921 seconds
2024-10-07T05:46:49.270+0300: 519.511: [GC (Allocation Failure) 2024-10-07T05:46:49.270+0300: 519.511: [ParNew: 413117K->5306K(460096K), 0.0018598 secs] 418690K->10880K(2046080K), 0.0019460 secs] [Times: user=0.00 sys=0.00, real=0.00 secs] 
2024-10-07T05:46:49.270+0300: 519.513: Total time for which application threads were stopped: 0.0023022 seconds, Stopping threads took: 0.0002338 seconds
2024-10-07T05:46:49.835+0300: 520.079: Application time: 0.5657949 seconds
2024-10-07T05:46:49.835+0300: 520.079: [GC (Allocation Failure) 2024-10-07T05:46:49.835+0300: 520.079: [ParNew: 413730K->4282K(460096K), 0.0014354 secs] 419304K->9857K(2046080K), 0.0015713 secs] [Times: user=0.00 sys=0.00, real=0.00 secs] 
2024-10-07T05:46:49.835+0300: 520.081: Total time for which application threads were stopped: 0.0019102 seconds, Stopping threads took: 0.0001878 seconds
2024-10-07T05:46:50.400+0300: 520.645: Application time: 0.5642363 seconds
2024-10-07T05:46:50.400+0300: 520.645: [GC (Allocation Failure) 2024-10-07T05:46:50.400+0300: 520.645: [ParNew: 413306K->4284K(460096K), 0.0014034 secs] 418881K->9859K(2046080K), 0.0015199 secs] [Times: user=0.02 sys=0.00, real=0.00 secs] 
2024-10-07T05:46:50.400+0300: 520.647: Total time for which application threads were stopped: 0.0017675 seconds, Stopping threads took: 0.0001007 seconds
2024-10-07T05:46:50.949+0300: 521.206: Application time: 0.5588335 seconds
2024-10-07T05:46:50.949+0300: 521.206: [GC (Allocation Failure) 2024-10-07T05:46:50.949+0300: 521.206: [ParNew: 413308K->5304K(460096K), 0.0017141 secs] 418883K->10880K(2046080K), 0.0017957 secs] [Times: user=0.02 sys=0.00, real=0.02 secs] 
2024-10-07T05:46:50.965+0300: 521.208: Total time for which application threads were stopped: 0.0020658 seconds, Stopping threads took: 0.0001686 seconds
2024-10-07T05:46:51.530+0300: 521.773: Application time: 0.5657114 seconds
2024-10-07T05:46:51.530+0300: 521.774: [GC (Allocation Failure) 2024-10-07T05:46:51.530+0300: 521.774: [ParNew: 414328K->3276K(460096K), 0.0017225 secs] 419904K->8853K(2046080K), 0.0017883 secs] [Times: user=0.00 sys=0.00, real=0.00 secs] 
2024-10-07T05:46:51.530+0300: 521.775: Total time for which application threads were stopped: 0.0020063 seconds, Stopping threads took: 0.0001236 seconds
2024-10-07T05:46:52.080+0300: 522.330: Application time: 0.5550989 seconds
2024-10-07T05:46:52.080+0300: 522.331: [GC (Allocation Failure) 2024-10-07T05:46:52.080+0300: 522.331: [ParNew: 412300K->2282K(460096K), 0.0013222 secs] 417877K->7859K(2046080K), 0.0014126 secs] [Times: user=0.00 sys=0.00, real=0.00 secs] 
2024-10-07T05:46:52.080+0300: 522.332: Total time for which application threads were stopped: 0.0017160 seconds, Stopping threads took: 0.0001936 seconds
2024-10-07T05:46:52.645+0300: 522.894: Application time: 0.5623176 seconds
2024-10-07T05:46:52.645+0300: 522.895: [GC (Allocation Failure) 2024-10-07T05:46:52.645+0300: 522.895: [ParNew: 410842K->3274K(460096K), 0.0012608 secs] 416420K->8852K(2046080K), 0.0013314 secs] [Times: user=0.00 sys=0.00, real=0.00 secs] 
2024-10-07T05:46:52.645+0300: 522.896: Total time for which application threads were stopped: 0.0016531 seconds, Stopping threads took: 0.0002042 seconds
2024-10-07T05:46:53.210+0300: 523.454: Application time: 0.5581471 seconds
2024-10-07T05:46:53.210+0300: 523.454: [GC (Allocation Failure) 2024-10-07T05:46:53.210+0300: 523.455: [ParNew: 412137K->3262K(460096K), 0.0013769 secs] 417715K->8841K(2046080K), 0.0014473 secs] [Times: user=0.00 sys=0.00, real=0.00 secs] 
2024-10-07T05:46:53.210+0300: 523.456: Total time for which application threads were stopped: 0.0016980 seconds, Stopping threads took: 0.0001536 seconds
2024-10-07T05:46:53.776+0300: 524.024: Application time: 0.5678846 seconds
2024-10-07T05:46:53.776+0300: 524.024: [GC (Allocation Failure) 2024-10-07T05:46:53.776+0300: 524.024: [ParNew: 412286K->4282K(460096K), 0.0014392 secs] 417865K->9861K(2046080K), 0.0015154 secs] [Times: user=0.00 sys=0.00, real=0.00 secs] 
2024-10-07T05:46:53.776+0300: 524.026: Total time for which application threads were stopped: 0.0017925 seconds, Stopping threads took: 0.0001763 seconds
2024-10-07T05:46:54.340+0300: 524.583: Application time: 0.5576522 seconds
2024-10-07T05:46:54.340+0300: 524.583: [GC (Allocation Failure) 2024-10-07T05:46:54.340+0300: 524.584: [ParNew: 412720K->4283K(460096K), 0.0014657 secs] 418300K->9863K(2046080K), 0.0015550 secs] [Times: user=0.00 sys=0.00, real=0.00 secs] 
2024-10-07T05:46:54.340+0300: 524.585: Total time for which application threads were stopped: 0.0017599 seconds, Stopping threads took: 0.0000890 seconds
2024-10-07T05:46:54.889+0300: 525.145: Application time: 0.5603976 seconds
2024-10-07T05:46:54.889+0300: 525.146: [GC (Allocation Failure) 2024-10-07T05:46:54.889+0300: 525.146: [ParNew: 412503K->5308K(460096K), 0.0017526 secs] 418083K->10888K(2046080K), 0.0018298 secs] [Times: user=0.02 sys=0.00, real=0.02 secs] 
2024-10-07T05:46:54.905+0300: 525.148: Total time for which application threads were stopped: 0.0021405 seconds, Stopping threads took: 0.0002056 seconds
2024-10-07T05:46:55.454+0300: 525.710: Application time: 0.5627049 seconds
2024-10-07T05:46:55.454+0300: 525.711: [GC (Allocation Failure) 2024-10-07T05:46:55.454+0300: 525.711: [ParNew: 413879K->5305K(460096K), 0.0017517 secs] 419459K->10886K(2046080K), 0.0018259 secs] [Times: user=0.01 sys=0.00, real=0.02 secs] 
2024-10-07T05:46:55.470+0300: 525.712: Total time for which application threads were stopped: 0.0021410 seconds, Stopping threads took: 0.0002157 seconds
2024-10-07T05:46:56.021+0300: 526.272: Application time: 0.5599050 seconds
2024-10-07T05:46:56.021+0300: 526.273: [GC (Allocation Failure) 2024-10-07T05:46:56.021+0300: 526.273: [ParNew: 414081K->5306K(460096K), 0.0016267 secs] 419662K->10888K(2046080K), 0.0017000 secs] [Times: user=0.00 sys=0.00, real=0.00 secs] 
2024-10-07T05:46:56.021+0300: 526.274: Total time for which application threads were stopped: 0.0019467 seconds, Stopping threads took: 0.0001441 seconds
2024-10-07T05:46:56.583+0300: 526.837: Application time: 0.5628435 seconds
2024-10-07T05:46:56.583+0300: 526.837: [GC (Allocation Failure) 2024-10-07T05:46:56.583+0300: 526.837: [ParNew: 413386K->4285K(460096K), 0.0016363 secs] 418968K->9868K(2046080K), 0.0017231 secs] [Times: user=0.00 sys=0.00, real=0.00 secs] 
2024-10-07T05:46:56.583+0300: 526.839: Total time for which application threads were stopped: 0.0020210 seconds, Stopping threads took: 0.0001424 seconds
2024-10-07T05:46:57.148+0300: 527.397: Application time: 0.5574019 seconds
2024-10-07T05:46:57.148+0300: 527.397: [GC (Allocation Failure) 2024-10-07T05:46:57.148+0300: 527.397: [ParNew: 413309K->2272K(460096K), 0.0012145 secs] 418892K->7855K(2046080K), 0.0012831 secs] [Times: user=0.00 sys=0.00, real=0.00 secs] 
2024-10-07T05:46:57.148+0300: 527.398: Total time for which application threads were stopped: 0.0015561 seconds, Stopping threads took: 0.0001822 seconds
2024-10-07T05:46:57.713+0300: 527.960: Application time: 0.5616511 seconds
2024-10-07T05:46:57.713+0300: 527.960: [GC (Allocation Failure) 2024-10-07T05:46:57.713+0300: 527.960: [ParNew: 411296K->3280K(460096K), 0.0013264 secs] 416879K->8864K(2046080K), 0.0013976 secs] [Times: user=0.00 sys=0.00, real=0.00 secs] 
2024-10-07T05:46:57.713+0300: 527.962: Total time for which application threads were stopped: 0.0017294 seconds, Stopping threads took: 0.0002369 seconds
2024-10-07T05:46:58.279+0300: 528.521: Application time: 0.5598986 seconds
2024-10-07T05:46:58.279+0300: 528.522: [GC (Allocation Failure) 2024-10-07T05:46:58.279+0300: 528.522: [ParNew: 412304K->3260K(460096K), 0.0012679 secs] 417888K->8844K(2046080K), 0.0013560 secs] [Times: user=0.00 sys=0.00, real=0.00 secs] 
2024-10-07T05:46:58.279+0300: 528.523: Total time for which application threads were stopped: 0.0016284 seconds, Stopping threads took: 0.0001598 seconds
2024-10-07T05:46:58.828+0300: 529.085: Application time: 0.5619605 seconds
2024-10-07T05:46:58.844+0300: 529.085: [GC (Allocation Failure) 2024-10-07T05:46:58.844+0300: 529.085: [ParNew: 412265K->4281K(460096K), 0.0015590 secs] 417849K->9866K(2046080K), 0.0016380 secs] [Times: user=0.00 sys=0.00, real=0.00 secs] 
2024-10-07T05:46:58.844+0300: 529.087: Total time for which application threads were stopped: 0.0019300 seconds, Stopping threads took: 0.0001603 seconds
2024-10-07T05:46:59.409+0300: 529.651: Application time: 0.5644738 seconds
2024-10-07T05:46:59.409+0300: 529.652: [GC (Allocation Failure) 2024-10-07T05:46:59.409+0300: 529.652: [ParNew: 413028K->4282K(460096K), 0.0013674 secs] 418613K->9867K(2046080K), 0.0014451 secs] [Times: user=0.00 sys=0.00, real=0.00 secs] 
2024-10-07T05:46:59.409+0300: 529.653: Total time for which application threads were stopped: 0.0017079 seconds, Stopping threads took: 0.0001652 seconds
2024-10-07T05:46:59.959+0300: 530.208: Application time: 0.5552054 seconds
2024-10-07T05:46:59.959+0300: 530.209: [GC (Allocation Failure) 2024-10-07T05:46:59.959+0300: 530.209: [ParNew: 413306K->5305K(460096K), 0.0016450 secs] 418891K->10891K(2046080K), 0.0017229 secs] [Times: user=0.00 sys=0.00, real=0.00 secs] 
2024-10-07T05:46:59.959+0300: 530.210: Total time for which application threads were stopped: 0.0020306 seconds, Stopping threads took: 0.0002026 seconds
2024-10-07T05:47:00.530+0300: 530.776: Application time: 0.5654308 seconds
2024-10-07T05:47:00.530+0300: 530.776: [GC (Allocation Failure) 2024-10-07T05:47:00.530+0300: 530.776: [ParNew: 413981K->5306K(460096K), 0.0016674 secs] 419568K->10893K(2046080K), 0.0017448 secs] [Times: user=0.00 sys=0.00, real=0.00 secs] 
2024-10-07T05:47:00.530+0300: 530.778: Total time for which application threads were stopped: 0.0020704 seconds, Stopping threads took: 0.0002187 seconds
2024-10-07T05:47:01.089+0300: 531.338: Application time: 0.5603075 seconds
2024-10-07T05:47:01.089+0300: 531.338: [GC (Allocation Failure) 2024-10-07T05:47:01.089+0300: 531.339: [ParNew: 414278K->5304K(460096K), 0.0016148 secs] 419865K->10892K(2046080K), 0.0017101 secs] [Times: user=0.00 sys=0.00, real=0.00 secs] 
2024-10-07T05:47:01.089+0300: 531.340: Total time for which application threads were stopped: 0.0020197 seconds, Stopping threads took: 0.0001865 seconds
2024-10-07T05:47:01.655+0300: 531.906: Application time: 0.5661996 seconds
2024-10-07T05:47:01.655+0300: 531.907: [GC (Allocation Failure) 2024-10-07T05:47:01.655+0300: 531.907: [ParNew: 414153K->5304K(460096K), 0.0015812 secs] 419740K->10892K(2046080K), 0.0016924 secs] [Times: user=0.00 sys=0.00, real=0.00 secs] 
2024-10-07T05:47:01.655+0300: 531.909: Total time for which application threads were stopped: 0.0020774 seconds, Stopping threads took: 0.0002216 seconds
2024-10-07T05:47:02.219+0300: 532.469: Application time: 0.5604602 seconds
2024-10-07T05:47:02.219+0300: 532.469: [GC (Allocation Failure) 2024-10-07T05:47:02.219+0300: 532.469: [ParNew: 414328K->5308K(460096K), 0.0017165 secs] 419916K->10897K(2046080K), 0.0017922 secs] [Times: user=0.00 sys=0.00, real=0.00 secs] 
2024-10-07T05:47:02.219+0300: 532.471: Total time for which application threads were stopped: 0.0020980 seconds, Stopping threads took: 0.0002042 seconds
2024-10-07T05:47:02.784+0300: 533.037: Application time: 0.5662984 seconds
2024-10-07T05:47:02.784+0300: 533.038: [GC (Allocation Failure) 2024-10-07T05:47:02.784+0300: 533.038: [ParNew: 413751K->4300K(460096K), 0.0014251 secs] 419340K->9889K(2046080K), 0.0014986 secs] [Times: user=0.00 sys=0.00, real=0.00 secs] 
2024-10-07T05:47:02.784+0300: 533.039: Total time for which application threads were stopped: 0.0017998 seconds, Stopping threads took: 0.0002029 seconds
2024-10-07T05:47:03.349+0300: 533.603: Application time: 0.5636232 seconds
2024-10-07T05:47:03.349+0300: 533.603: [GC (Allocation Failure) 2024-10-07T05:47:03.349+0300: 533.603: [ParNew: 413324K->4280K(460096K), 0.0013939 secs] 418913K->9870K(2046080K), 0.0014925 secs] [Times: user=0.00 sys=0.00, real=0.00 secs] 
2024-10-07T05:47:03.349+0300: 533.605: Total time for which application threads were stopped: 0.0019356 seconds, Stopping threads took: 0.0003028 seconds
2024-10-07T05:47:03.914+0300: 534.165: Application time: 0.5598579 seconds
2024-10-07T05:47:03.914+0300: 534.165: [GC (Allocation Failure) 2024-10-07T05:47:03.914+0300: 534.165: [ParNew: 413304K->4289K(460096K), 0.0015993 secs] 418894K->9879K(2046080K), 0.0016875 secs] [Times: user=0.00 sys=0.00, real=0.00 secs] 
2024-10-07T05:47:03.914+0300: 534.167: Total time for which application threads were stopped: 0.0020001 seconds, Stopping threads took: 0.0002003 seconds
2024-10-07T05:47:04.479+0300: 534.729: Application time: 0.5622911 seconds
2024-10-07T05:47:04.479+0300: 534.729: [GC (Allocation Failure) 2024-10-07T05:47:04.479+0300: 534.729: [ParNew: 412424K->4283K(460096K), 0.0014604 secs] 418015K->9874K(2046080K), 0.0015742 secs] [Times: user=0.00 sys=0.00, real=0.00 secs] 
2024-10-07T05:47:04.479+0300: 534.731: Total time for which application threads were stopped: 0.0019895 seconds, Stopping threads took: 0.0002589 seconds
2024-10-07T05:47:05.044+0300: 535.292: Application time: 0.5610107 seconds
2024-10-07T05:47:05.044+0300: 535.292: [GC (Allocation Failure) 2024-10-07T05:47:05.044+0300: 535.292: [ParNew: 412881K->4297K(460096K), 0.0013339 secs] 418472K->9889K(2046080K), 0.0014170 secs] [Times: user=0.00 sys=0.00, real=0.00 secs] 
2024-10-07T05:47:05.044+0300: 535.294: Total time for which application threads were stopped: 0.0016729 seconds, Stopping threads took: 0.0001515 seconds
2024-10-07T05:47:05.609+0300: 535.854: Application time: 0.5605789 seconds
2024-10-07T05:47:05.609+0300: 535.854: [GC (Allocation Failure) 2024-10-07T05:47:05.609+0300: 535.854: [ParNew: 412592K->4283K(460096K), 0.0017199 secs] 418184K->9875K(2046080K), 0.0017957 secs] [Times: user=0.00 sys=0.00, real=0.00 secs] 
2024-10-07T05:47:05.609+0300: 535.856: Total time for which application threads were stopped: 0.0020650 seconds, Stopping threads took: 0.0001670 seconds
2024-10-07T05:47:06.174+0300: 536.417: Application time: 0.5603119 seconds
2024-10-07T05:47:06.174+0300: 536.417: [GC (Allocation Failure) 2024-10-07T05:47:06.174+0300: 536.417: [ParNew: 412312K->5306K(460096K), 0.0018610 secs] 417904K->10899K(2046080K), 0.0019355 secs] [Times: user=0.00 sys=0.00, real=0.00 secs] 
2024-10-07T05:47:06.174+0300: 536.419: Total time for which application threads were stopped: 0.0022304 seconds, Stopping threads took: 0.0001872 seconds
2024-10-07T05:47:06.739+0300: 536.982: Application time: 0.5635274 seconds
2024-10-07T05:47:06.739+0300: 536.983: [GC (Allocation Failure) 2024-10-07T05:47:06.739+0300: 536.983: [ParNew: 413463K->5304K(460096K), 0.0017137 secs] 419056K->10898K(2046080K), 0.0017966 secs] [Times: user=0.00 sys=0.00, real=0.00 secs] 
2024-10-07T05:47:06.743+0300: 536.984: Total time for which application threads were stopped: 0.0020612 seconds, Stopping threads took: 0.0001569 seconds
2024-10-07T05:47:07.291+0300: 537.544: Application time: 0.5596822 seconds
2024-10-07T05:47:07.291+0300: 537.544: [GC (Allocation Failure) 2024-10-07T05:47:07.291+0300: 537.544: [ParNew: 414328K->4298K(460096K), 0.0019409 secs] 419922K->9893K(2046080K), 0.0020165 secs] [Times: user=0.00 sys=0.00, real=0.01 secs] 
2024-10-07T05:47:07.304+0300: 537.546: Total time for which application threads were stopped: 0.0022945 seconds, Stopping threads took: 0.0001804 seconds
2024-10-07T05:47:07.854+0300: 538.110: Application time: 0.5639720 seconds
2024-10-07T05:47:07.854+0300: 538.111: [GC (Allocation Failure) 2024-10-07T05:47:07.870+0300: 538.111: [ParNew: 412310K->5308K(460096K), 0.0019574 secs] 417905K->10903K(2046080K), 0.0020806 secs] [Times: user=0.03 sys=0.00, real=0.02 secs] 
2024-10-07T05:47:07.870+0300: 538.113: Total time for which application threads were stopped: 0.0024595 seconds, Stopping threads took: 0.0002598 seconds
2024-10-07T05:47:08.434+0300: 538.677: Application time: 0.5639008 seconds
2024-10-07T05:47:08.434+0300: 538.677: [GC (Allocation Failure) 2024-10-07T05:47:08.434+0300: 538.677: [ParNew: 413934K->4298K(460096K), 0.0016703 secs] 419529K->9894K(2046080K), 0.0017580 secs] [Times: user=0.00 sys=0.00, real=0.00 secs] 
2024-10-07T05:47:08.434+0300: 538.679: Total time for which application threads were stopped: 0.0020643 seconds, Stopping threads took: 0.0001761 seconds
2024-10-07T05:47:08.984+0300: 539.237: Application time: 0.5587027 seconds
2024-10-07T05:47:08.984+0300: 539.238: [GC (Allocation Failure) 2024-10-07T05:47:08.984+0300: 539.238: [ParNew: 413282K->4298K(460096K), 0.0016389 secs] 418878K->9894K(2046080K), 0.0017209 secs] [Times: user=0.00 sys=0.00, real=0.00 secs] 
2024-10-07T05:47:08.984+0300: 539.239: Total time for which application threads were stopped: 0.0019949 seconds, Stopping threads took: 0.0001694 seconds
2024-10-07T05:47:09.549+0300: 539.802: Application time: 0.5629745 seconds
2024-10-07T05:47:09.549+0300: 539.803: [GC (Allocation Failure) 2024-10-07T05:47:09.549+0300: 539.803: [ParNew: 413322K->4296K(460096K), 0.0015832 secs] 418918K->9893K(2046080K), 0.0016554 secs] [Times: user=0.00 sys=0.00, real=0.00 secs] 
2024-10-07T05:47:09.549+0300: 539.804: Total time for which application threads were stopped: 0.0019307 seconds, Stopping threads took: 0.0001788 seconds
2024-10-07T05:47:10.113+0300: 540.363: Application time: 0.5588829 seconds
2024-10-07T05:47:10.113+0300: 540.364: [GC (Allocation Failure) 2024-10-07T05:47:10.113+0300: 540.364: [ParNew: 412511K->5306K(460096K), 0.0017987 secs] 418108K->10903K(2046080K), 0.0019233 secs] [Times: user=0.00 sys=0.00, real=0.00 secs] 
2024-10-07T05:47:10.113+0300: 540.366: Total time for which application threads were stopped: 0.0022870 seconds, Stopping threads took: 0.0002243 seconds
2024-10-07T05:47:10.710+0300: 540.957: Application time: 0.5910105 seconds
2024-10-07T05:47:10.710+0300: 540.957: [GC (Allocation Failure) 2024-10-07T05:47:10.710+0300: 540.957: [ParNew: 414253K->5306K(460096K), 0.0017171 secs] 419851K->10904K(2046080K), 0.0017950 secs] [Times: user=0.00 sys=0.00, real=0.00 secs] 
2024-10-07T05:47:10.710+0300: 540.959: Total time for which application threads were stopped: 0.0020617 seconds, Stopping threads took: 0.0001571 seconds
2024-10-07T05:47:11.276+0300: 541.518: Application time: 0.5598417 seconds
2024-10-07T05:47:11.276+0300: 541.519: [GC (Allocation Failure) 2024-10-07T05:47:11.276+0300: 541.519: [ParNew: 413878K->5304K(460096K), 0.0017235 secs] 419476K->10903K(2046080K), 0.0018072 secs] [Times: user=0.00 sys=0.00, real=0.00 secs] 
2024-10-07T05:47:11.276+0300: 541.521: Total time for which application threads were stopped: 0.0021210 seconds, Stopping threads took: 0.0001984 seconds
2024-10-07T05:47:11.840+0300: 542.086: Application time: 0.5658430 seconds
2024-10-07T05:47:11.840+0300: 542.087: [GC (Allocation Failure) 2024-10-07T05:47:11.840+0300: 542.087: [ParNew: 413792K->5306K(460096K), 0.0017856 secs] 419390K->10905K(2046080K), 0.0018737 secs] [Times: user=0.00 sys=0.00, real=0.00 secs] 
2024-10-07T05:47:11.840+0300: 542.089: Total time for which application threads were stopped: 0.0021610 seconds, Stopping threads took: 0.0001702 seconds
2024-10-07T05:47:12.405+0300: 542.654: Application time: 0.5650457 seconds
2024-10-07T05:47:12.405+0300: 542.654: [GC (Allocation Failure) 2024-10-07T05:47:12.405+0300: 542.654: [ParNew: 413368K->4284K(460096K), 0.0017348 secs] 418967K->9884K(2046080K), 0.0018486 secs] [Times: user=0.00 sys=0.01, real=0.00 secs] 
2024-10-07T05:47:12.405+0300: 542.656: Total time for which application threads were stopped: 0.0022008 seconds, Stopping threads took: 0.0001765 seconds
2024-10-07T05:47:12.970+0300: 543.213: Application time: 0.5573402 seconds
2024-10-07T05:47:12.970+0300: 543.213: [GC (Allocation Failure) 2024-10-07T05:47:12.970+0300: 543.213: [ParNew: 413034K->5307K(460096K), 0.0017938 secs] 418633K->10907K(2046080K), 0.0018726 secs] [Times: user=0.00 sys=0.00, real=0.00 secs] 
2024-10-07T05:47:12.970+0300: 543.215: Total time for which application threads were stopped: 0.0021230 seconds, Stopping threads took: 0.0001521 seconds
2024-10-07T05:47:13.535+0300: 543.781: Application time: 0.5656377 seconds
2024-10-07T05:47:13.535+0300: 543.781: [GC (Allocation Failure) 2024-10-07T05:47:13.535+0300: 543.781: [ParNew: 413461K->4298K(460096K), 0.0016823 secs] 419061K->9899K(2046080K), 0.0017535 secs] [Times: user=0.00 sys=0.00, real=0.00 secs] 
2024-10-07T05:47:13.535+0300: 543.783: Total time for which application threads were stopped: 0.0020172 seconds, Stopping threads took: 0.0001568 seconds
2024-10-07T05:47:14.085+0300: 544.341: Application time: 0.5575899 seconds
2024-10-07T05:47:14.085+0300: 544.341: [GC (Allocation Failure) 2024-10-07T05:47:14.085+0300: 544.341: [ParNew: 413322K->3278K(460096K), 0.0016144 secs] 418923K->8880K(2046080K), 0.0017592 secs] [Times: user=0.02 sys=0.00, real=0.02 secs] 
2024-10-07T05:47:14.101+0300: 544.343: Total time for which application threads were stopped: 0.0020495 seconds, Stopping threads took: 0.0001819 seconds
2024-10-07T05:47:14.660+0300: 544.906: Application time: 0.5637157 seconds
2024-10-07T05:47:14.660+0300: 544.907: [GC (Allocation Failure) 2024-10-07T05:47:14.660+0300: 544.907: [ParNew: 411550K->5307K(460096K), 0.0018725 secs] 417152K->10909K(2046080K), 0.0019479 secs] [Times: user=0.00 sys=0.00, real=0.01 secs] 
2024-10-07T05:47:14.666+0300: 544.909: Total time for which application threads were stopped: 0.0022287 seconds, Stopping threads took: 0.0001770 seconds
2024-10-07T05:47:15.215+0300: 545.465: Application time: 0.5564942 seconds
2024-10-07T05:47:15.215+0300: 545.465: [GC (Allocation Failure) 2024-10-07T05:47:15.215+0300: 545.465: [ParNew: 413937K->4300K(460096K), 0.0017294 secs] 419539K->9904K(2046080K), 0.0018046 secs] [Times: user=0.00 sys=0.00, real=0.00 secs] 
2024-10-07T05:47:15.215+0300: 545.467: Total time for which application threads were stopped: 0.0021288 seconds, Stopping threads took: 0.0002070 seconds
2024-10-07T05:47:15.781+0300: 546.032: Application time: 0.5651200 seconds
2024-10-07T05:47:15.781+0300: 546.033: [GC (Allocation Failure) 2024-10-07T05:47:15.781+0300: 546.033: [ParNew: 413324K->3275K(460096K), 0.0014845 secs] 418928K->8879K(2046080K), 0.0015546 secs] [Times: user=0.02 sys=0.00, real=0.00 secs] 
2024-10-07T05:47:15.781+0300: 546.034: Total time for which application threads were stopped: 0.0018358 seconds, Stopping threads took: 0.0001779 seconds
2024-10-07T05:47:16.345+0300: 546.594: Application time: 0.5594124 seconds
2024-10-07T05:47:16.345+0300: 546.594: [GC (Allocation Failure) 2024-10-07T05:47:16.345+0300: 546.594: [ParNew: 412028K->4284K(460096K), 0.0019767 secs] 417631K->9888K(2046080K), 0.0020829 secs] [Times: user=0.00 sys=0.00, real=0.00 secs] 
2024-10-07T05:47:16.345+0300: 546.596: Total time for which application threads were stopped: 0.0023602 seconds, Stopping threads took: 0.0001467 seconds
2024-10-07T05:47:16.910+0300: 547.153: Application time: 0.5574588 seconds
2024-10-07T05:47:16.910+0300: 547.154: [GC (Allocation Failure) 2024-10-07T05:47:16.910+0300: 547.154: [ParNew: 413308K->5306K(460096K), 0.0017208 secs] 418912K->10911K(2046080K), 0.0017917 secs] [Times: user=0.00 sys=0.00, real=0.00 secs] 
2024-10-07T05:47:16.910+0300: 547.155: Total time for which application threads were stopped: 0.0020498 seconds, Stopping threads took: 0.0001607 seconds
2024-10-07T05:47:17.475+0300: 547.720: Application time: 0.5647525 seconds
2024-10-07T05:47:17.475+0300: 547.721: [GC (Allocation Failure) 2024-10-07T05:47:17.475+0300: 547.721: [ParNew: 414330K->5304K(460096K), 0.0017559 secs] 419935K->10910K(2046080K), 0.0018464 secs] [Times: user=0.00 sys=0.00, real=0.00 secs] 
2024-10-07T05:47:17.475+0300: 547.722: Total time for which application threads were stopped: 0.0022030 seconds, Stopping threads took: 0.0002282 seconds
2024-10-07T05:47:18.040+0300: 548.283: Application time: 0.5601892 seconds
2024-10-07T05:47:18.040+0300: 548.283: [GC (Allocation Failure) 2024-10-07T05:47:18.040+0300: 548.283: [ParNew: 414328K->4300K(460096K), 0.0015219 secs] 419934K->9906K(2046080K), 0.0015928 secs] [Times: user=0.00 sys=0.00, real=0.00 secs] 
2024-10-07T05:47:18.040+0300: 548.284: Total time for which application threads were stopped: 0.0018621 seconds, Stopping threads took: 0.0001675 seconds
2024-10-07T05:47:18.606+0300: 548.849: Application time: 0.5642076 seconds
2024-10-07T05:47:18.606+0300: 548.849: [GC (Allocation Failure) 2024-10-07T05:47:18.606+0300: 548.849: [ParNew: 412895K->4296K(460096K), 0.0016024 secs] 418502K->9903K(2046080K), 0.0016923 secs] [Times: user=0.00 sys=0.00, real=0.00 secs] 
2024-10-07T05:47:18.606+0300: 548.851: Total time for which application threads were stopped: 0.0019800 seconds, Stopping threads took: 0.0001459 seconds
2024-10-07T05:47:19.169+0300: 549.411: Application time: 0.5605604 seconds
2024-10-07T05:47:19.169+0300: 549.411: [GC (Allocation Failure) 2024-10-07T05:47:19.169+0300: 549.411: [ParNew: 413117K->5304K(460096K), 0.0019278 secs] 418724K->10911K(2046080K), 0.0020041 secs] [Times: user=0.00 sys=0.00, real=0.00 secs] 
2024-10-07T05:47:19.171+0300: 549.413: Total time for which application threads were stopped: 0.0022497 seconds, Stopping threads took: 0.0001462 seconds
2024-10-07T05:47:19.720+0300: 549.974: Application time: 0.5605731 seconds
2024-10-07T05:47:19.720+0300: 549.974: [GC (Allocation Failure) 2024-10-07T05:47:19.720+0300: 549.974: [ParNew: 414215K->5308K(460096K), 0.0019327 secs] 419823K->10916K(2046080K), 0.0020066 secs] [Times: user=0.00 sys=0.00, real=0.00 secs] 
2024-10-07T05:47:19.720+0300: 549.976: Total time for which application threads were stopped: 0.0023099 seconds, Stopping threads took: 0.0002044 seconds
2024-10-07T05:47:20.284+0300: 550.537: Application time: 0.5602609 seconds
2024-10-07T05:47:20.284+0300: 550.537: [GC (Allocation Failure) 2024-10-07T05:47:20.284+0300: 550.537: [ParNew: 414258K->5304K(460096K), 0.0017809 secs] 419866K->10913K(2046080K), 0.0018715 secs] [Times: user=0.00 sys=0.00, real=0.00 secs] 
2024-10-07T05:47:20.284+0300: 550.539: Total time for which application threads were stopped: 0.0022248 seconds, Stopping threads took: 0.0002420 seconds
2024-10-07T05:47:20.849+0300: 551.103: Application time: 0.5642656 seconds
2024-10-07T05:47:20.849+0300: 551.103: [GC (Allocation Failure) 2024-10-07T05:47:20.849+0300: 551.103: [ParNew: 413701K->4285K(460096K), 0.0017118 secs] 419309K->9894K(2046080K), 0.0018314 secs] [Times: user=0.02 sys=0.00, real=0.00 secs] 
2024-10-07T05:47:20.849+0300: 551.105: Total time for which application threads were stopped: 0.0021047 seconds, Stopping threads took: 0.0001632 seconds
2024-10-07T05:47:21.414+0300: 551.670: Application time: 0.5649147 seconds
2024-10-07T05:47:21.414+0300: 551.671: [GC (Allocation Failure) 2024-10-07T05:47:21.414+0300: 551.671: [ParNew: 413309K->3279K(460096K), 0.0016267 secs] 418918K->8889K(2046080K), 0.0017064 secs] [Times: user=0.03 sys=0.00, real=0.01 secs] 
2024-10-07T05:47:21.429+0300: 551.672: Total time for which application threads were stopped: 0.0021148 seconds, Stopping threads took: 0.0002903 seconds
2024-10-07T05:47:21.978+0300: 552.231: Application time: 0.5586031 seconds
2024-10-07T05:47:21.978+0300: 552.231: [GC (Allocation Failure) 2024-10-07T05:47:21.978+0300: 552.231: [ParNew: 411616K->4286K(460096K), 0.0017582 secs] 417226K->9897K(2046080K), 0.0018485 secs] [Times: user=0.00 sys=0.00, real=0.00 secs] 
2024-10-07T05:47:21.978+0300: 552.233: Total time for which application threads were stopped: 0.0021116 seconds, Stopping threads took: 0.0001565 seconds
2024-10-07T05:47:22.543+0300: 552.794: Application time: 0.5608393 seconds
2024-10-07T05:47:22.543+0300: 552.794: [GC (Allocation Failure) 2024-10-07T05:47:22.543+0300: 552.794: [ParNew: 412808K->4282K(460096K), 0.0016430 secs] 418419K->9893K(2046080K), 0.0017139 secs] [Times: user=0.00 sys=0.00, real=0.00 secs] 
2024-10-07T05:47:22.543+0300: 552.796: Total time for which application threads were stopped: 0.0020486 seconds, Stopping threads took: 0.0002384 seconds
2024-10-07T05:47:23.108+0300: 553.355: Application time: 0.5591223 seconds
2024-10-07T05:47:23.108+0300: 553.355: [GC (Allocation Failure) 2024-10-07T05:47:23.108+0300: 553.355: [ParNew: 413306K->5304K(460096K), 0.0017386 secs] 418917K->10916K(2046080K), 0.0018365 secs] [Times: user=0.00 sys=0.00, real=0.00 secs] 
2024-10-07T05:47:23.108+0300: 553.357: Total time for which application threads were stopped: 0.0021311 seconds, Stopping threads took: 0.0001632 seconds
2024-10-07T05:47:23.678+0300: 553.926: Application time: 0.5689490 seconds
2024-10-07T05:47:23.678+0300: 553.926: [GC (Allocation Failure) 2024-10-07T05:47:23.678+0300: 553.926: [ParNew: 414328K->3280K(460096K), 0.0015199 secs] 419940K->8893K(2046080K), 0.0016237 secs] [Times: user=0.00 sys=0.00, real=0.00 secs] 
2024-10-07T05:47:23.678+0300: 553.928: Total time for which application threads were stopped: 0.0019542 seconds, Stopping threads took: 0.0002035 seconds
2024-10-07T05:47:24.239+0300: 554.482: Application time: 0.5537093 seconds
2024-10-07T05:47:24.239+0300: 554.482: [GC (Allocation Failure) 2024-10-07T05:47:24.239+0300: 554.482: [ParNew: 411477K->5305K(460096K), 0.0017277 secs] 417089K->10919K(2046080K), 0.0018424 secs] [Times: user=0.00 sys=0.00, real=0.00 secs] 
2024-10-07T05:47:24.239+0300: 554.484: Total time for which application threads were stopped: 0.0021327 seconds, Stopping threads took: 0.0001719 seconds
2024-10-07T05:47:24.804+0300: 555.051: Application time: 0.5674111 seconds
2024-10-07T05:47:24.804+0300: 555.051: [GC (Allocation Failure) 2024-10-07T05:47:24.804+0300: 555.052: [ParNew: 414329K->5306K(460096K), 0.0016588 secs] 419943K->10920K(2046080K), 0.0017339 secs] [Times: user=0.00 sys=0.00, real=0.00 secs] 
2024-10-07T05:47:24.804+0300: 555.053: Total time for which application threads were stopped: 0.0019649 seconds, Stopping threads took: 0.0001272 seconds
2024-10-07T05:47:25.369+0300: 555.617: Application time: 0.5634640 seconds
2024-10-07T05:47:25.369+0300: 555.617: [GC (Allocation Failure) 2024-10-07T05:47:25.369+0300: 555.617: [ParNew: 414285K->4296K(460096K), 0.0016245 secs] 419899K->9910K(2046080K), 0.0017231 secs] [Times: user=0.00 sys=0.00, real=0.00 secs] 
2024-10-07T05:47:25.369+0300: 555.619: Total time for which application threads were stopped: 0.0021151 seconds, Stopping threads took: 0.0002621 seconds
2024-10-07T05:47:25.935+0300: 556.178: Application time: 0.5590949 seconds
2024-10-07T05:47:25.935+0300: 556.178: [GC (Allocation Failure) 2024-10-07T05:47:25.935+0300: 556.178: [ParNew: 413320K->4287K(460096K), 0.0015020 secs] 418934K->9902K(2046080K), 0.0015810 secs] [Times: user=0.00 sys=0.00, real=0.00 secs] 
2024-10-07T05:47:25.935+0300: 556.180: Total time for which application threads were stopped: 0.0018338 seconds, Stopping threads took: 0.0001464 seconds
2024-10-07T05:47:26.499+0300: 556.746: Application time: 0.5663473 seconds
2024-10-07T05:47:26.499+0300: 556.746: [GC (Allocation Failure) 2024-10-07T05:47:26.499+0300: 556.746: [ParNew: 412508K->5304K(460096K), 0.0017471 secs] 418123K->10920K(2046080K), 0.0018234 secs] [Times: user=0.00 sys=0.00, real=0.00 secs] 
2024-10-07T05:47:26.499+0300: 556.748: Total time for which application threads were stopped: 0.0021142 seconds, Stopping threads took: 0.0001852 seconds
2024-10-07T05:47:27.063+0300: 557.305: Application time: 0.5570143 seconds
2024-10-07T05:47:27.063+0300: 557.306: [GC (Allocation Failure) 2024-10-07T05:47:27.063+0300: 557.306: [ParNew: 413869K->5304K(460096K), 0.0017867 secs] 419485K->10920K(2046080K), 0.0018697 secs] [Times: user=0.00 sys=0.00, real=0.00 secs] 
2024-10-07T05:47:27.063+0300: 557.307: Total time for which application threads were stopped: 0.0021613 seconds, Stopping threads took: 0.0001883 seconds
2024-10-07T05:47:27.628+0300: 557.877: Application time: 0.5694777 seconds
2024-10-07T05:47:27.628+0300: 557.877: [GC (Allocation Failure) 2024-10-07T05:47:27.628+0300: 557.877: [ParNew: 414328K->3279K(460096K), 0.0014532 secs] 419944K->8895K(2046080K), 0.0015151 secs] [Times: user=0.00 sys=0.00, real=0.00 secs] 
2024-10-07T05:47:27.628+0300: 557.879: Total time for which application threads were stopped: 0.0017931 seconds, Stopping threads took: 0.0001876 seconds
2024-10-07T05:47:28.195+0300: 558.437: Application time: 0.5578893 seconds
2024-10-07T05:47:28.195+0300: 558.437: [GC (Allocation Failure) 2024-10-07T05:47:28.195+0300: 558.437: [ParNew: 412294K->4282K(460096K), 0.0015593 secs] 417911K->9900K(2046080K), 0.0016355 secs] [Times: user=0.00 sys=0.00, real=0.00 secs] 
2024-10-07T05:47:28.197+0300: 558.438: Total time for which application threads were stopped: 0.0019098 seconds, Stopping threads took: 0.0001597 seconds
2024-10-07T05:47:28.742+0300: 558.996: Application time: 0.5574936 seconds
2024-10-07T05:47:28.742+0300: 558.996: [GC (Allocation Failure) 2024-10-07T05:47:28.742+0300: 558.996: [ParNew: 413245K->5302K(460096K), 0.0020771 secs] 418862K->10920K(2046080K), 0.0021677 secs] [Times: user=0.00 sys=0.00, real=0.00 secs] 
2024-10-07T05:47:28.742+0300: 558.999: Total time for which application threads were stopped: 0.0025241 seconds, Stopping threads took: 0.0002464 seconds
2024-10-07T05:47:29.307+0300: 559.559: Application time: 0.5607908 seconds
2024-10-07T05:47:29.307+0300: 559.560: [GC (Allocation Failure) 2024-10-07T05:47:29.307+0300: 559.560: [ParNew: 414135K->3262K(460096K), 0.0013964 secs] 419753K->8881K(2046080K), 0.0014881 secs] [Times: user=0.00 sys=0.00, real=0.00 secs] 
2024-10-07T05:47:29.307+0300: 559.561: Total time for which application threads were stopped: 0.0018944 seconds, Stopping threads took: 0.0002608 seconds
2024-10-07T05:47:29.872+0300: 560.123: Application time: 0.5613376 seconds
2024-10-07T05:47:29.872+0300: 560.123: [GC (Allocation Failure) 2024-10-07T05:47:29.872+0300: 560.123: [ParNew: 412275K->5305K(460096K), 0.0017352 secs] 417894K->10924K(2046080K), 0.0018156 secs] [Times: user=0.00 sys=0.00, real=0.00 secs] 
2024-10-07T05:47:29.872+0300: 560.125: Total time for which application threads were stopped: 0.0021095 seconds, Stopping threads took: 0.0001886 seconds
2024-10-07T05:47:30.437+0300: 560.689: Application time: 0.5642126 seconds
2024-10-07T05:47:30.437+0300: 560.689: [GC (Allocation Failure) 2024-10-07T05:47:30.437+0300: 560.689: [ParNew: 414329K->3262K(460096K), 0.0019247 secs] 419948K->8882K(2046080K), 0.0020177 secs] [Times: user=0.00 sys=0.00, real=0.00 secs] 
2024-10-07T05:47:30.437+0300: 560.691: Total time for which application threads were stopped: 0.0023492 seconds, Stopping threads took: 0.0001850 seconds
2024-10-07T05:47:31.002+0300: 561.248: Application time: 0.5566741 seconds
2024-10-07T05:47:31.002+0300: 561.248: [GC (Allocation Failure) 2024-10-07T05:47:31.002+0300: 561.248: [ParNew: 411439K->5304K(460096K), 0.0017303 secs] 417059K->10925K(2046080K), 0.0018181 secs] [Times: user=0.00 sys=0.00, real=0.00 secs] 
2024-10-07T05:47:31.002+0300: 561.250: Total time for which application threads were stopped: 0.0020990 seconds, Stopping threads took: 0.0001695 seconds
2024-10-07T05:47:31.567+0300: 561.813: Application time: 0.5631408 seconds
2024-10-07T05:47:31.567+0300: 561.813: [GC (Allocation Failure) 2024-10-07T05:47:31.567+0300: 561.813: [ParNew: 413601K->5306K(460096K), 0.0016813 secs] 419222K->10927K(2046080K), 0.0017579 secs] [Times: user=0.00 sys=0.00, real=0.00 secs] 
2024-10-07T05:47:31.567+0300: 561.815: Total time for which application threads were stopped: 0.0020642 seconds, Stopping threads took: 0.0002060 seconds
2024-10-07T05:47:32.117+0300: 562.373: Application time: 0.5575845 seconds
2024-10-07T05:47:32.117+0300: 562.373: [GC (Allocation Failure) 2024-10-07T05:47:32.117+0300: 562.373: [ParNew: 414330K->4282K(460096K), 0.0016751 secs] 419951K->9904K(2046080K), 0.0017570 secs] [Times: user=0.02 sys=0.00, real=0.01 secs] 
2024-10-07T05:47:32.132+0300: 562.375: Total time for which application threads were stopped: 0.0020450 seconds, Stopping threads took: 0.0001811 seconds
2024-10-07T05:47:32.682+0300: 562.936: Application time: 0.5614153 seconds
2024-10-07T05:47:32.682+0300: 562.937: [GC (Allocation Failure) 2024-10-07T05:47:32.682+0300: 562.937: [ParNew: 413306K->4298K(460096K), 0.0016428 secs] 418928K->9921K(2046080K), 0.0017190 secs] [Times: user=0.00 sys=0.00, real=0.02 secs] 
2024-10-07T05:47:32.697+0300: 562.938: Total time for which application threads were stopped: 0.0020433 seconds, Stopping threads took: 0.0002214 seconds
2024-10-07T05:47:33.253+0300: 563.497: Application time: 0.5589970 seconds
2024-10-07T05:47:33.253+0300: 563.498: [GC (Allocation Failure) 2024-10-07T05:47:33.253+0300: 563.498: [ParNew: 413322K->3264K(460096K), 0.0017203 secs] 418945K->8887K(2046080K), 0.0017795 secs] [Times: user=0.00 sys=0.00, real=0.00 secs] 
2024-10-07T05:47:33.253+0300: 563.499: Total time for which application threads were stopped: 0.0020251 seconds, Stopping threads took: 0.0001524 seconds
2024-10-07T05:47:33.812+0300: 564.058: Application time: 0.5591006 seconds
2024-10-07T05:47:33.812+0300: 564.059: [GC (Allocation Failure) 2024-10-07T05:47:33.812+0300: 564.059: [ParNew: 411596K->4297K(460096K), 0.0015560 secs] 417220K->9921K(2046080K), 0.0016300 secs] [Times: user=0.00 sys=0.00, real=0.00 secs] 
2024-10-07T05:47:33.812+0300: 564.060: Total time for which application threads were stopped: 0.0018935 seconds, Stopping threads took: 0.0001623 seconds
2024-10-07T05:47:34.377+0300: 564.620: Application time: 0.5593391 seconds
2024-10-07T05:47:34.377+0300: 564.620: [GC (Allocation Failure) 2024-10-07T05:47:34.377+0300: 564.620: [ParNew: 412885K->5304K(460096K), 0.0018603 secs] 418509K->10929K(2046080K), 0.0019470 secs] [Times: user=0.00 sys=0.00, real=0.00 secs] 
2024-10-07T05:47:34.377+0300: 564.622: Total time for which application threads were stopped: 0.0022898 seconds, Stopping threads took: 0.0002178 seconds
2024-10-07T05:47:34.926+0300: 565.181: Application time: 0.5594973 seconds
2024-10-07T05:47:34.926+0300: 565.182: [GC (Allocation Failure) 2024-10-07T05:47:34.926+0300: 565.182: [ParNew: 413352K->5306K(460096K), 0.0018655 secs] 418976K->10931K(2046080K), 0.0019466 secs] [Times: user=0.02 sys=0.00, real=0.02 secs] 
2024-10-07T05:47:34.942+0300: 565.184: Total time for which application threads were stopped: 0.0022680 seconds, Stopping threads took: 0.0002095 seconds
2024-10-07T05:47:35.506+0300: 565.750: Application time: 0.5664083 seconds
2024-10-07T05:47:35.506+0300: 565.750: [GC (Allocation Failure) 2024-10-07T05:47:35.506+0300: 565.750: [ParNew: 414330K->5306K(460096K), 0.0018085 secs] 419955K->10932K(2046080K), 0.0019110 secs] [Times: user=0.01 sys=0.00, real=0.00 secs] 
2024-10-07T05:47:35.506+0300: 565.752: Total time for which application threads were stopped: 0.0021682 seconds, Stopping threads took: 0.0001345 seconds
2024-10-07T05:47:36.054+0300: 566.310: Application time: 0.5574865 seconds
2024-10-07T05:47:36.054+0300: 566.310: [GC (Allocation Failure) 2024-10-07T05:47:36.054+0300: 566.310: [ParNew: 413441K->4300K(460096K), 0.0016727 secs] 419066K->9927K(2046080K), 0.0017506 secs] [Times: user=0.02 sys=0.00, real=0.02 secs] 
2024-10-07T05:47:36.070+0300: 566.312: Total time for which application threads were stopped: 0.0020541 seconds, Stopping threads took: 0.0001841 seconds
2024-10-07T05:47:36.620+0300: 566.874: Application time: 0.5626388 seconds
2024-10-07T05:47:36.620+0300: 566.875: [GC (Allocation Failure) 2024-10-07T05:47:36.620+0300: 566.875: [ParNew: 413324K->4284K(460096K), 0.0015752 secs] 418951K->9911K(2046080K), 0.0016480 secs] [Times: user=0.00 sys=0.00, real=0.00 secs] 
2024-10-07T05:47:36.620+0300: 566.876: Total time for which application threads were stopped: 0.0019571 seconds, Stopping threads took: 0.0002099 seconds
2024-10-07T05:47:37.184+0300: 567.433: Application time: 0.5562647 seconds
2024-10-07T05:47:37.184+0300: 567.433: [GC (Allocation Failure) 2024-10-07T05:47:37.184+0300: 567.433: [ParNew: 412625K->5307K(460096K), 0.0016755 secs] 418252K->10934K(2046080K), 0.0017562 secs] [Times: user=0.00 sys=0.00, real=0.00 secs] 
2024-10-07T05:47:37.184+0300: 567.435: Total time for which application threads were stopped: 0.0020651 seconds, Stopping threads took: 0.0001980 seconds
2024-10-07T05:47:37.750+0300: 567.999: Application time: 0.5642349 seconds
2024-10-07T05:47:37.750+0300: 567.999: [GC (Allocation Failure) 2024-10-07T05:47:37.750+0300: 567.999: [ParNew: 413327K->4284K(460096K), 0.0015544 secs] 418955K->9912K(2046080K), 0.0016425 secs] [Times: user=0.00 sys=0.00, real=0.00 secs] 
2024-10-07T05:47:37.750+0300: 568.001: Total time for which application threads were stopped: 0.0019453 seconds, Stopping threads took: 0.0001909 seconds
2024-10-07T05:47:38.315+0300: 568.563: Application time: 0.5621289 seconds
2024-10-07T05:47:38.315+0300: 568.563: [GC (Allocation Failure) 2024-10-07T05:47:38.315+0300: 568.563: [ParNew: 413228K->4283K(460096K), 0.0018532 secs] 418857K->9912K(2046080K), 0.0019533 secs] [Times: user=0.00 sys=0.00, real=0.00 secs] 
2024-10-07T05:47:38.315+0300: 568.565: Total time for which application threads were stopped: 0.0021896 seconds, Stopping threads took: 0.0001333 seconds
2024-10-07T05:47:38.880+0300: 569.127: Application time: 0.5613810 seconds
2024-10-07T05:47:38.880+0300: 569.127: [GC (Allocation Failure) 2024-10-07T05:47:38.880+0300: 569.127: [ParNew: 413307K->4298K(460096K), 0.0019041 secs] 418936K->9927K(2046080K), 0.0019715 secs] [Times: user=0.00 sys=0.00, real=0.00 secs] 
2024-10-07T05:47:38.880+0300: 569.129: Total time for which application threads were stopped: 0.0022138 seconds, Stopping threads took: 0.0001457 seconds
2024-10-07T05:47:39.445+0300: 569.690: Application time: 0.5615586 seconds
2024-10-07T05:47:39.445+0300: 569.691: [GC (Allocation Failure) 2024-10-07T05:47:39.445+0300: 569.691: [ParNew: 413141K->5308K(460096K), 0.0017434 secs] 418771K->10938K(2046080K), 0.0018453 secs] [Times: user=0.00 sys=0.00, real=0.00 secs] 
2024-10-07T05:47:39.445+0300: 569.693: Total time for which application threads were stopped: 0.0021858 seconds, Stopping threads took: 0.0002048 seconds
2024-10-07T05:47:39.994+0300: 570.250: Application time: 0.5572101 seconds
2024-10-07T05:47:39.994+0300: 570.250: [GC (Allocation Failure) 2024-10-07T05:47:39.994+0300: 570.250: [ParNew: 413325K->5304K(460096K), 0.0019216 secs] 418955K->10935K(2046080K), 0.0020139 secs] [Times: user=0.02 sys=0.00, real=0.02 secs] 
2024-10-07T05:47:40.009+0300: 570.252: Total time for which application threads were stopped: 0.0023134 seconds, Stopping threads took: 0.0001902 seconds
2024-10-07T05:47:40.559+0300: 570.815: Application time: 0.5625296 seconds
2024-10-07T05:47:40.559+0300: 570.815: [GC (Allocation Failure) 2024-10-07T05:47:40.559+0300: 570.815: [ParNew: 413442K->4283K(460096K), 0.0016973 secs] 419073K->9915K(2046080K), 0.0017685 secs] [Times: user=0.02 sys=0.00, real=0.02 secs] 
2024-10-07T05:47:40.575+0300: 570.817: Total time for which application threads were stopped: 0.0020529 seconds, Stopping threads took: 0.0001849 seconds
2024-10-07T05:47:41.124+0300: 571.377: Application time: 0.5598587 seconds
2024-10-07T05:47:41.124+0300: 571.377: [GC (Allocation Failure) 2024-10-07T05:47:41.124+0300: 571.377: [ParNew: 412902K->4280K(460096K), 0.0016409 secs] 418534K->9912K(2046080K), 0.0017232 secs] [Times: user=0.00 sys=0.00, real=0.00 secs] 
2024-10-07T05:47:41.124+0300: 571.379: Total time for which application threads were stopped: 0.0020338 seconds, Stopping threads took: 0.0001999 seconds
2024-10-07T05:47:41.689+0300: 571.941: Application time: 0.5619245 seconds
2024-10-07T05:47:41.689+0300: 571.941: [GC (Allocation Failure) 2024-10-07T05:47:41.689+0300: 571.941: [ParNew: 412843K->4296K(460096K), 0.0016368 secs] 418475K->9929K(2046080K), 0.0017087 secs] [Times: user=0.00 sys=0.00, real=0.00 secs] 
2024-10-07T05:47:41.689+0300: 571.943: Total time for which application threads were stopped: 0.0019902 seconds, Stopping threads took: 0.0001851 seconds
2024-10-07T05:47:42.254+0300: 572.501: Application time: 0.5585394 seconds
2024-10-07T05:47:42.254+0300: 572.501: [GC (Allocation Failure) 2024-10-07T05:47:42.254+0300: 572.501: [ParNew: 412756K->4298K(460096K), 0.0016408 secs] 418389K->9931K(2046080K), 0.0017156 secs] [Times: user=0.00 sys=0.00, real=0.00 secs] 
2024-10-07T05:47:42.254+0300: 572.503: Total time for which application threads were stopped: 0.0019743 seconds, Stopping threads took: 0.0001542 seconds
2024-10-07T05:47:42.819+0300: 573.065: Application time: 0.5622749 seconds
2024-10-07T05:47:42.819+0300: 573.066: [GC (Allocation Failure) 2024-10-07T05:47:42.819+0300: 573.066: [ParNew: 412788K->4300K(460096K), 0.0017180 secs] 418422K->9934K(2046080K), 0.0017900 secs] [Times: user=0.00 sys=0.00, real=0.00 secs] 
2024-10-07T05:47:42.819+0300: 573.067: Total time for which application threads were stopped: 0.0020442 seconds, Stopping threads took: 0.0001558 seconds
2024-10-07T05:47:43.385+0300: 573.631: Application time: 0.5637572 seconds
2024-10-07T05:47:43.385+0300: 573.631: [GC (Allocation Failure) 2024-10-07T05:47:43.385+0300: 573.632: [ParNew: 413324K->5304K(460096K), 0.0018445 secs] 418958K->10939K(2046080K), 0.0019375 secs] [Times: user=0.00 sys=0.00, real=0.00 secs] 
2024-10-07T05:47:43.385+0300: 573.633: Total time for which application threads were stopped: 0.0022565 seconds, Stopping threads took: 0.0001874 seconds
2024-10-07T05:47:43.950+0300: 574.193: Application time: 0.5597592 seconds
2024-10-07T05:47:43.950+0300: 574.193: [GC (Allocation Failure) 2024-10-07T05:47:43.950+0300: 574.193: [ParNew: 413989K->3279K(460096K), 0.0014085 secs] 419624K->8914K(2046080K), 0.0014758 secs] [Times: user=0.00 sys=0.00, real=0.00 secs] 
2024-10-07T05:47:43.950+0300: 574.195: Total time for which application threads were stopped: 0.0017309 seconds, Stopping threads took: 0.0001497 seconds
2024-10-07T05:47:44.515+0300: 574.760: Application time: 0.5651345 seconds
2024-10-07T05:47:44.515+0300: 574.760: [GC (Allocation Failure) 2024-10-07T05:47:44.515+0300: 574.760: [ParNew: 412303K->3258K(460096K), 0.0014142 secs] 417938K->8894K(2046080K), 0.0014961 secs] [Times: user=0.00 sys=0.00, real=0.00 secs] 
2024-10-07T05:47:44.515+0300: 574.762: Total time for which application threads were stopped: 0.0018688 seconds, Stopping threads took: 0.0002571 seconds
2024-10-07T05:47:45.065+0300: 575.319: Application time: 0.5570913 seconds
2024-10-07T05:47:45.065+0300: 575.319: [GC (Allocation Failure) 2024-10-07T05:47:45.065+0300: 575.319: [ParNew: 412282K->4284K(460096K), 0.0015520 secs] 417918K->9920K(2046080K), 0.0016246 secs] [Times: user=0.00 sys=0.00, real=0.00 secs] 
2024-10-07T05:47:45.065+0300: 575.321: Total time for which application threads were stopped: 0.0019442 seconds, Stopping threads took: 0.0002128 seconds
2024-10-07T05:47:45.630+0300: 575.886: Application time: 0.5646657 seconds
2024-10-07T05:47:45.630+0300: 575.886: [GC (Allocation Failure) 2024-10-07T05:47:45.630+0300: 575.886: [ParNew: 413308K->1229K(460096K), 0.0014307 secs] 418944K->6866K(2046080K), 0.0014991 secs] [Times: user=0.02 sys=0.00, real=0.02 secs] 
2024-10-07T05:47:45.646+0300: 575.887: Total time for which application threads were stopped: 0.0017485 seconds, Stopping threads took: 0.0001648 seconds
2024-10-07T05:47:46.195+0300: 576.443: Application time: 0.5558025 seconds
2024-10-07T05:47:46.195+0300: 576.443: [GC (Allocation Failure) 2024-10-07T05:47:46.195+0300: 576.443: [ParNew: 410253K->5307K(460096K), 0.0016052 secs] 415890K->10944K(2046080K), 0.0016761 secs] [Times: user=0.00 sys=0.00, real=0.00 secs] 
2024-10-07T05:47:46.195+0300: 576.445: Total time for which application threads were stopped: 0.0019041 seconds, Stopping threads took: 0.0001189 seconds
2024-10-07T05:47:46.760+0300: 577.007: Application time: 0.5618236 seconds
2024-10-07T05:47:46.760+0300: 577.007: [GC (Allocation Failure) 2024-10-07T05:47:46.760+0300: 577.007: [ParNew: 413573K->5306K(460096K), 0.0016389 secs] 419210K->10944K(2046080K), 0.0017231 secs] [Times: user=0.00 sys=0.00, real=0.00 secs] 
2024-10-07T05:47:46.760+0300: 577.009: Total time for which application threads were stopped: 0.0019617 seconds, Stopping threads took: 0.0001226 seconds
2024-10-07T05:47:47.327+0300: 577.576: Application time: 0.5666252 seconds
2024-10-07T05:47:47.327+0300: 577.576: [GC (Allocation Failure) 2024-10-07T05:47:47.327+0300: 577.576: [ParNew: 414330K->4260K(460096K), 0.0013793 secs] 419968K->9899K(2046080K), 0.0014732 secs] [Times: user=0.00 sys=0.00, real=0.00 secs] 
2024-10-07T05:47:47.327+0300: 577.577: Total time for which application threads were stopped: 0.0017117 seconds, Stopping threads took: 0.0001201 seconds
2024-10-07T05:47:47.890+0300: 578.143: Application time: 0.5655385 seconds
2024-10-07T05:47:47.890+0300: 578.143: [GC (Allocation Failure) 2024-10-07T05:47:47.890+0300: 578.143: [ParNew: 413284K->4286K(460096K), 0.0015780 secs] 418923K->9926K(2046080K), 0.0016701 secs] [Times: user=0.02 sys=0.00, real=0.00 secs] 
2024-10-07T05:47:47.890+0300: 578.145: Total time for which application threads were stopped: 0.0019430 seconds, Stopping threads took: 0.0001484 seconds
2024-10-07T05:47:48.471+0300: 578.718: Application time: 0.5731678 seconds
2024-10-07T05:47:48.471+0300: 578.718: [GC (Allocation Failure) 2024-10-07T05:47:48.471+0300: 578.718: [ParNew: 413310K->2271K(460096K), 0.0013659 secs] 418950K->7912K(2046080K), 0.0014437 secs] [Times: user=0.03 sys=0.00, real=0.00 secs] 
2024-10-07T05:47:48.471+0300: 578.720: Total time for which application threads were stopped: 0.0016628 seconds, Stopping threads took: 0.0001227 seconds
2024-10-07T05:47:49.036+0300: 579.285: Application time: 0.5653394 seconds
2024-10-07T05:47:49.036+0300: 579.285: [GC (Allocation Failure) 2024-10-07T05:47:49.036+0300: 579.285: [ParNew: 411287K->3298K(460096K), 0.0014046 secs] 416927K->8939K(2046080K), 0.0014888 secs] [Times: user=0.00 sys=0.00, real=0.00 secs] 
2024-10-07T05:47:49.036+0300: 579.287: Total time for which application threads were stopped: 0.0018171 seconds, Stopping threads took: 0.0002189 seconds
2024-10-07T05:47:49.602+0300: 579.851: Application time: 0.5641812 seconds
2024-10-07T05:47:49.602+0300: 579.851: [GC (Allocation Failure) 2024-10-07T05:47:49.602+0300: 579.851: [ParNew: 412268K->5307K(460096K), 0.0018458 secs] 417909K->10948K(2046080K), 0.0019477 secs] [Times: user=0.00 sys=0.00, real=0.00 secs] 
2024-10-07T05:47:49.602+0300: 579.853: Total time for which application threads were stopped: 0.0022017 seconds, Stopping threads took: 0.0001448 seconds
2024-10-07T05:47:50.167+0300: 580.410: Application time: 0.5570080 seconds
2024-10-07T05:47:50.167+0300: 580.410: [GC (Allocation Failure) 2024-10-07T05:47:50.167+0300: 580.410: [ParNew: 414331K->2288K(460096K), 0.0016133 secs] 419972K->7930K(2046080K), 0.0016819 secs] [Times: user=0.00 sys=0.00, real=0.00 secs] 
2024-10-07T05:47:50.167+0300: 580.412: Total time for which application threads were stopped: 0.0019245 seconds, Stopping threads took: 0.0001492 seconds
2024-10-07T05:47:50.734+0300: 580.981: Application time: 0.5688944 seconds
2024-10-07T05:47:50.734+0300: 580.981: [GC (Allocation Failure) 2024-10-07T05:47:50.734+0300: 580.981: [ParNew: 411294K->4290K(460096K), 0.0015722 secs] 416936K->9933K(2046080K), 0.0016740 secs] [Times: user=0.00 sys=0.00, real=0.00 secs] 
2024-10-07T05:47:50.734+0300: 580.983: Total time for which application threads were stopped: 0.0019791 seconds, Stopping threads took: 0.0001659 seconds
2024-10-07T05:47:51.296+0300: 581.549: Application time: 0.5661667 seconds
2024-10-07T05:47:51.296+0300: 581.549: [GC (Allocation Failure) 2024-10-07T05:47:51.296+0300: 581.549: [ParNew: 412646K->3276K(460096K), 0.0014043 secs] 418288K->8919K(2046080K), 0.0014913 secs] [Times: user=0.02 sys=0.00, real=0.00 secs] 
2024-10-07T05:47:51.296+0300: 581.551: Total time for which application threads were stopped: 0.0017793 seconds, Stopping threads took: 0.0001589 seconds
2024-10-07T05:47:51.862+0300: 582.115: Application time: 0.5640470 seconds
2024-10-07T05:47:51.862+0300: 582.115: [GC (Allocation Failure) 2024-10-07T05:47:51.862+0300: 582.115: [ParNew: 412300K->3292K(460096K), 0.0016671 secs] 417943K->8936K(2046080K), 0.0017551 secs] [Times: user=0.00 sys=0.00, real=0.00 secs] 
2024-10-07T05:47:51.862+0300: 582.117: Total time for which application threads were stopped: 0.0020387 seconds, Stopping threads took: 0.0001698 seconds
2024-10-07T05:47:52.437+0300: 582.681: Application time: 0.5641657 seconds
2024-10-07T05:47:52.437+0300: 582.681: [GC (Allocation Failure) 2024-10-07T05:47:52.437+0300: 582.681: [ParNew: 412316K->4298K(460096K), 0.0014863 secs] 417960K->9943K(2046080K), 0.0015604 secs] [Times: user=0.06 sys=0.00, real=0.00 secs] 
2024-10-07T05:47:52.437+0300: 582.683: Total time for which application threads were stopped: 0.0018722 seconds, Stopping threads took: 0.0001906 seconds
2024-10-07T05:47:52.992+0300: 583.242: Application time: 0.5593483 seconds
2024-10-07T05:47:52.992+0300: 583.243: [GC (Allocation Failure) 2024-10-07T05:47:52.992+0300: 583.243: [ParNew: 412563K->5309K(460096K), 0.0017805 secs] 418208K->10954K(2046080K), 0.0018790 secs] [Times: user=0.00 sys=0.00, real=0.00 secs] 
2024-10-07T05:47:52.992+0300: 583.245: Total time for which application threads were stopped: 0.0021475 seconds, Stopping threads took: 0.0001381 seconds
2024-10-07T05:47:53.557+0300: 583.812: Application time: 0.5677346 seconds
2024-10-07T05:47:53.557+0300: 583.812: [GC (Allocation Failure) 2024-10-07T05:47:53.557+0300: 583.813: [ParNew: 414333K->3260K(460096K), 0.0017937 secs] 419978K->8906K(2046080K), 0.0018855 secs] [Times: user=0.02 sys=0.00, real=0.02 secs] 
2024-10-07T05:47:53.573+0300: 583.814: Total time for which application threads were stopped: 0.0021693 seconds, Stopping threads took: 0.0001647 seconds
2024-10-07T05:47:54.122+0300: 584.378: Application time: 0.5631949 seconds
2024-10-07T05:47:54.122+0300: 584.378: [GC (Allocation Failure) 2024-10-07T05:47:54.122+0300: 584.378: [ParNew: 412284K->2242K(460096K), 0.0017960 secs] 417930K->7889K(2046080K), 0.0018767 secs] [Times: user=0.02 sys=0.00, real=0.02 secs] 
2024-10-07T05:47:54.138+0300: 584.380: Total time for which application threads were stopped: 0.0021966 seconds, Stopping threads took: 0.0002145 seconds
2024-10-07T05:47:54.687+0300: 584.940: Application time: 0.5599848 seconds
2024-10-07T05:47:54.687+0300: 584.940: [GC (Allocation Failure) 2024-10-07T05:47:54.687+0300: 584.940: [ParNew: 410306K->4302K(460096K), 0.0014576 secs] 415953K->9949K(2046080K), 0.0015476 secs] [Times: user=0.00 sys=0.00, real=0.00 secs] 
2024-10-07T05:47:54.687+0300: 584.942: Total time for which application threads were stopped: 0.0018483 seconds, Stopping threads took: 0.0001727 seconds
2024-10-07T05:47:55.252+0300: 585.500: Application time: 0.5582654 seconds
2024-10-07T05:47:55.252+0300: 585.500: [GC (Allocation Failure) 2024-10-07T05:47:55.252+0300: 585.500: [ParNew: 413326K->5303K(460096K), 0.0022529 secs] 418973K->10950K(2046080K), 0.0023265 secs] [Times: user=0.00 sys=0.00, real=0.00 secs] 
2024-10-07T05:47:55.252+0300: 585.503: Total time for which application threads were stopped: 0.0026457 seconds, Stopping threads took: 0.0001970 seconds
2024-10-07T05:47:55.832+0300: 586.075: Application time: 0.5720451 seconds
2024-10-07T05:47:55.832+0300: 586.075: [GC (Allocation Failure) 2024-10-07T05:47:55.832+0300: 586.075: [ParNew: 414287K->4300K(460096K), 0.0016010 secs] 419935K->9948K(2046080K), 0.0016879 secs] [Times: user=0.00 sys=0.00, real=0.00 secs] 
2024-10-07T05:47:55.832+0300: 586.077: Total time for which application threads were stopped: 0.0019974 seconds, Stopping threads took: 0.0001884 seconds
2024-10-07T05:47:56.397+0300: 586.646: Application time: 0.5695876 seconds
2024-10-07T05:47:56.397+0300: 586.647: [GC (Allocation Failure) 2024-10-07T05:47:56.397+0300: 586.647: [ParNew: 412873K->4298K(460096K), 0.0016442 secs] 418522K->9947K(2046080K), 0.0017241 secs] [Times: user=0.05 sys=0.00, real=0.00 secs] 
2024-10-07T05:47:56.397+0300: 586.648: Total time for which application threads were stopped: 0.0020956 seconds, Stopping threads took: 0.0002672 seconds
2024-10-07T05:47:56.962+0300: 587.208: Application time: 0.5594537 seconds
2024-10-07T05:47:56.962+0300: 587.208: [GC (Allocation Failure) 2024-10-07T05:47:56.962+0300: 587.208: [ParNew: 412736K->4288K(460096K), 0.0014756 secs] 418385K->9938K(2046080K), 0.0015559 secs] [Times: user=0.02 sys=0.00, real=0.00 secs] 
2024-10-07T05:47:56.962+0300: 587.210: Total time for which application threads were stopped: 0.0017879 seconds, Stopping threads took: 0.0001226 seconds
2024-10-07T05:47:57.527+0300: 587.775: Application time: 0.5652046 seconds
2024-10-07T05:47:57.527+0300: 587.775: [GC (Allocation Failure) 2024-10-07T05:47:57.527+0300: 587.775: [ParNew: 412950K->3280K(460096K), 0.0015535 secs] 418600K->8930K(2046080K), 0.0016286 secs] [Times: user=0.00 sys=0.00, real=0.00 secs] 
2024-10-07T05:47:57.527+0300: 587.777: Total time for which application threads were stopped: 0.0019381 seconds, Stopping threads took: 0.0001984 seconds
2024-10-07T05:47:58.092+0300: 588.342: Application time: 0.5648146 seconds
2024-10-07T05:47:58.092+0300: 588.342: [GC (Allocation Failure) 2024-10-07T05:47:58.092+0300: 588.342: [ParNew: 412304K->3265K(460096K), 0.0017476 secs] 417954K->8916K(2046080K), 0.0018339 secs] [Times: user=0.00 sys=0.00, real=0.00 secs] 
2024-10-07T05:47:58.092+0300: 588.344: Total time for which application threads were stopped: 0.0021161 seconds, Stopping threads took: 0.0001806 seconds
2024-10-07T05:47:58.657+0300: 588.912: Application time: 0.5683396 seconds
2024-10-07T05:47:58.657+0300: 588.912: [GC (Allocation Failure) 2024-10-07T05:47:58.657+0300: 588.912: [ParNew: 412289K->3277K(460096K), 0.0014981 secs] 417940K->8929K(2046080K), 0.0016145 secs] [Times: user=0.02 sys=0.00, real=0.01 secs] 
2024-10-07T05:47:58.672+0300: 588.914: Total time for which application threads were stopped: 0.0018637 seconds, Stopping threads took: 0.0001205 seconds
2024-10-07T05:47:59.221+0300: 589.471: Application time: 0.5571292 seconds
2024-10-07T05:47:59.221+0300: 589.471: [GC (Allocation Failure) 2024-10-07T05:47:59.221+0300: 589.471: [ParNew: 412225K->3264K(460096K), 0.0019521 secs] 417877K->8916K(2046080K), 0.0020610 secs] [Times: user=0.00 sys=0.00, real=0.00 secs] 
2024-10-07T05:47:59.221+0300: 589.473: Total time for which application threads were stopped: 0.0023483 seconds, Stopping threads took: 0.0001454 seconds
2024-10-07T05:47:59.786+0300: 590.037: Application time: 0.5636281 seconds
2024-10-07T05:47:59.786+0300: 590.037: [GC (Allocation Failure) 2024-10-07T05:47:59.786+0300: 590.037: [ParNew: 412288K->3280K(460096K), 0.0016441 secs] 417940K->8933K(2046080K), 0.0017260 secs] [Times: user=0.01 sys=0.00, real=0.00 secs] 
2024-10-07T05:47:59.786+0300: 590.039: Total time for which application threads were stopped: 0.0020241 seconds, Stopping threads took: 0.0001594 seconds
2024-10-07T05:48:00.354+0300: 590.604: Application time: 0.5647456 seconds
2024-10-07T05:48:00.354+0300: 590.604: [GC (Allocation Failure) 2024-10-07T05:48:00.354+0300: 590.604: [ParNew: 412304K->4301K(460096K), 0.0015111 secs] 417957K->9954K(2046080K), 0.0016183 secs] [Times: user=0.03 sys=0.00, real=0.00 secs] 
2024-10-07T05:48:00.354+0300: 590.606: Total time for which application threads were stopped: 0.0018749 seconds, Stopping threads took: 0.0001137 seconds
2024-10-07T05:48:00.917+0300: 591.164: Application time: 0.5580297 seconds
2024-10-07T05:48:00.917+0300: 591.164: [GC (Allocation Failure) 2024-10-07T05:48:00.917+0300: 591.164: [ParNew: 413103K->4285K(460096K), 0.0015669 secs] 418757K->9939K(2046080K), 0.0016801 secs] [Times: user=0.00 sys=0.00, real=0.00 secs] 
2024-10-07T05:48:00.917+0300: 591.166: Total time for which application threads were stopped: 0.0020086 seconds, Stopping threads took: 0.0001966 seconds
2024-10-07T05:48:01.481+0300: 591.730: Application time: 0.5645357 seconds
2024-10-07T05:48:01.481+0300: 591.731: [GC (Allocation Failure) 2024-10-07T05:48:01.481+0300: 591.731: [ParNew: 412661K->5307K(460096K), 0.0018760 secs] 418315K->10962K(2046080K), 0.0019725 secs] [Times: user=0.00 sys=0.00, real=0.00 secs] 
2024-10-07T05:48:01.481+0300: 591.733: Total time for which application threads were stopped: 0.0023387 seconds, Stopping threads took: 0.0002331 seconds
2024-10-07T05:48:02.046+0300: 592.292: Application time: 0.5594349 seconds
2024-10-07T05:48:02.046+0300: 592.292: [GC (Allocation Failure) 2024-10-07T05:48:02.046+0300: 592.292: [ParNew: 414229K->5306K(460096K), 0.0016035 secs] 419884K->10961K(2046080K), 0.0016922 secs] [Times: user=0.00 sys=0.00, real=0.00 secs] 
2024-10-07T05:48:02.046+0300: 592.294: Total time for which application threads were stopped: 0.0019720 seconds, Stopping threads took: 0.0001419 seconds
2024-10-07T05:48:02.611+0300: 592.859: Application time: 0.5646688 seconds
2024-10-07T05:48:02.611+0300: 592.859: [GC (Allocation Failure) 2024-10-07T05:48:02.611+0300: 592.859: [ParNew: 413712K->4300K(460096K), 0.0019725 secs] 419368K->9956K(2046080K), 0.0020649 secs] [Times: user=0.00 sys=0.00, real=0.00 secs] 
2024-10-07T05:48:02.611+0300: 592.861: Total time for which application threads were stopped: 0.0023372 seconds, Stopping threads took: 0.0001544 seconds
2024-10-07T05:48:03.176+0300: 593.419: Application time: 0.5579380 seconds
2024-10-07T05:48:03.176+0300: 593.419: [GC (Allocation Failure) 2024-10-07T05:48:03.176+0300: 593.419: [ParNew: 413261K->4284K(460096K), 0.0016626 secs] 418916K->9941K(2046080K), 0.0017544 secs] [Times: user=0.00 sys=0.00, real=0.00 secs] 
2024-10-07T05:48:03.176+0300: 593.421: Total time for which application threads were stopped: 0.0020602 seconds, Stopping threads took: 0.0001731 seconds
2024-10-07T05:48:03.742+0300: 593.987: Application time: 0.5661058 seconds
2024-10-07T05:48:03.742+0300: 593.987: [GC (Allocation Failure) 2024-10-07T05:48:03.742+0300: 593.987: [ParNew: 413264K->3275K(460096K), 0.0014586 secs] 418920K->8932K(2046080K), 0.0015269 secs] [Times: user=0.00 sys=0.00, real=0.00 secs] 
2024-10-07T05:48:03.742+0300: 593.989: Total time for which application threads were stopped: 0.0017322 seconds, Stopping threads took: 0.0001092 seconds
2024-10-07T05:48:04.291+0300: 594.546: Application time: 0.5573142 seconds
2024-10-07T05:48:04.291+0300: 594.546: [GC (Allocation Failure) 2024-10-07T05:48:04.291+0300: 594.546: [ParNew: 411738K->4283K(460096K), 0.0018124 secs] 417395K->9940K(2046080K), 0.0018948 secs] [Times: user=0.01 sys=0.00, real=0.02 secs] 
2024-10-07T05:48:04.307+0300: 594.548: Total time for which application threads were stopped: 0.0022214 seconds, Stopping threads took: 0.0002108 seconds
2024-10-07T05:48:04.863+0300: 595.111: Application time: 0.5630098 seconds
2024-10-07T05:48:04.863+0300: 595.112: [GC (Allocation Failure) 2024-10-07T05:48:04.863+0300: 595.112: [ParNew: 413020K->3264K(460096K), 0.0016180 secs] 418678K->8923K(2046080K), 0.0016918 secs] [Times: user=0.02 sys=0.00, real=0.01 secs] 
2024-10-07T05:48:04.872+0300: 595.113: Total time for which application threads were stopped: 0.0020307 seconds, Stopping threads took: 0.0002302 seconds
2024-10-07T05:48:05.421+0300: 595.674: Application time: 0.5610931 seconds
2024-10-07T05:48:05.421+0300: 595.675: [GC (Allocation Failure) 2024-10-07T05:48:05.421+0300: 595.675: [ParNew: 411901K->5309K(460096K), 0.0017089 secs] 417560K->10968K(2046080K), 0.0018396 secs] [Times: user=0.00 sys=0.00, real=0.00 secs] 
2024-10-07T05:48:05.421+0300: 595.677: Total time for which application threads were stopped: 0.0022134 seconds, Stopping threads took: 0.0002207 seconds
2024-10-07T05:48:05.987+0300: 596.233: Application time: 0.5558693 seconds
2024-10-07T05:48:05.987+0300: 596.233: [GC (Allocation Failure) 2024-10-07T05:48:05.987+0300: 596.233: [ParNew: 413978K->5304K(460096K), 0.0017319 secs] 419637K->10964K(2046080K), 0.0018205 secs] [Times: user=0.00 sys=0.00, real=0.00 secs] 
2024-10-07T05:48:05.987+0300: 596.235: Total time for which application threads were stopped: 0.0021033 seconds, Stopping threads took: 0.0001816 seconds
2024-10-07T05:48:06.552+0300: 596.802: Application time: 0.5669426 seconds
2024-10-07T05:48:06.552+0300: 596.802: [GC (Allocation Failure) 2024-10-07T05:48:06.552+0300: 596.802: [ParNew: 413546K->4282K(460096K), 0.0015220 secs] 419206K->9942K(2046080K), 0.0016433 secs] [Times: user=0.00 sys=0.00, real=0.00 secs] 
2024-10-07T05:48:06.552+0300: 596.804: Total time for which application threads were stopped: 0.0020685 seconds, Stopping threads took: 0.0002955 seconds
2024-10-07T05:48:07.117+0300: 597.363: Application time: 0.5595142 seconds
2024-10-07T05:48:07.117+0300: 597.363: [GC (Allocation Failure) 2024-10-07T05:48:07.117+0300: 597.363: [ParNew: 412804K->4282K(460096K), 0.0017860 secs] 418464K->9943K(2046080K), 0.0018630 secs] [Times: user=0.00 sys=0.00, real=0.00 secs] 
2024-10-07T05:48:07.117+0300: 597.365: Total time for which application threads were stopped: 0.0021404 seconds, Stopping threads took: 0.0001717 seconds
2024-10-07T05:48:07.681+0300: 597.931: Application time: 0.5652740 seconds
2024-10-07T05:48:07.681+0300: 597.931: [GC (Allocation Failure) 2024-10-07T05:48:07.681+0300: 597.931: [ParNew: 413062K->5304K(460096K), 0.0016601 secs] 418723K->10965K(2046080K), 0.0018128 secs] [Times: user=0.00 sys=0.00, real=0.00 secs] 
2024-10-07T05:48:07.681+0300: 597.933: Total time for which application threads were stopped: 0.0021588 seconds, Stopping threads took: 0.0001823 seconds
2024-10-07T05:48:08.246+0300: 598.489: Application time: 0.5566167 seconds
2024-10-07T05:48:08.246+0300: 598.490: [GC (Allocation Failure) 2024-10-07T05:48:08.246+0300: 598.490: [ParNew: 413423K->3281K(460096K), 0.0013683 secs] 419084K->8943K(2046080K), 0.0014473 secs] [Times: user=0.00 sys=0.00, real=0.00 secs] 
2024-10-07T05:48:08.246+0300: 598.491: Total time for which application threads were stopped: 0.0017159 seconds, Stopping threads took: 0.0001664 seconds
2024-10-07T05:48:08.811+0300: 599.053: Application time: 0.5616893 seconds
2024-10-07T05:48:08.811+0300: 599.053: [GC (Allocation Failure) 2024-10-07T05:48:08.811+0300: 599.053: [ParNew: 412305K->4301K(460096K), 0.0015592 secs] 417967K->9963K(2046080K), 0.0016408 secs] [Times: user=0.00 sys=0.00, real=0.00 secs] 
2024-10-07T05:48:08.811+0300: 599.055: Total time for which application threads were stopped: 0.0019324 seconds, Stopping threads took: 0.0001908 seconds
2024-10-07T05:48:09.371+0300: 599.615: Application time: 0.5603812 seconds
2024-10-07T05:48:09.371+0300: 599.615: [GC (Allocation Failure) 2024-10-07T05:48:09.371+0300: 599.615: [ParNew: 413209K->5306K(460096K), 0.0017269 secs] 418872K->10970K(2046080K), 0.0018158 secs] [Times: user=0.00 sys=0.00, real=0.00 secs] 
2024-10-07T05:48:09.376+0300: 599.617: Total time for which application threads were stopped: 0.0021727 seconds, Stopping threads took: 0.0001877 seconds
2024-10-07T05:48:09.925+0300: 600.179: Application time: 0.5612321 seconds
2024-10-07T05:48:09.925+0300: 600.179: [GC (Allocation Failure) 2024-10-07T05:48:09.925+0300: 600.179: [ParNew: 414321K->2255K(460096K), 0.0014417 secs] 419985K->7919K(2046080K), 0.0015152 secs] [Times: user=0.00 sys=0.00, real=0.00 secs] 
2024-10-07T05:48:09.925+0300: 600.180: Total time for which application threads were stopped: 0.0017814 seconds, Stopping threads took: 0.0001607 seconds
2024-10-07T05:48:10.490+0300: 600.741: Application time: 0.5609863 seconds
2024-10-07T05:48:10.490+0300: 600.742: [GC (Allocation Failure) 2024-10-07T05:48:10.490+0300: 600.742: [ParNew: 411279K->4300K(460096K), 0.0017809 secs] 416943K->9964K(2046080K), 0.0018583 secs] [Times: user=0.00 sys=0.00, real=0.00 secs] 
2024-10-07T05:48:10.490+0300: 600.744: Total time for which application threads were stopped: 0.0021909 seconds, Stopping threads took: 0.0002077 seconds
2024-10-07T05:48:11.055+0300: 601.301: Application time: 0.5576086 seconds
2024-10-07T05:48:11.055+0300: 601.301: [GC (Allocation Failure) 2024-10-07T05:48:11.055+0300: 601.301: [ParNew: 413296K->4286K(460096K), 0.0015110 secs] 418961K->9951K(2046080K), 0.0015882 secs] [Times: user=0.00 sys=0.00, real=0.00 secs] 
2024-10-07T05:48:11.055+0300: 601.303: Total time for which application threads were stopped: 0.0018819 seconds, Stopping threads took: 0.0001832 seconds
2024-10-07T05:48:11.620+0300: 601.867: Application time: 0.5643669 seconds
2024-10-07T05:48:11.620+0300: 601.868: [GC (Allocation Failure) 2024-10-07T05:48:11.620+0300: 601.868: [ParNew: 412955K->4289K(460096K), 0.0016945 secs] 418621K->9955K(2046080K), 0.0017767 secs] [Times: user=0.00 sys=0.00, real=0.00 secs] 
2024-10-07T05:48:11.620+0300: 601.869: Total time for which application threads were stopped: 0.0020532 seconds, Stopping threads took: 0.0001672 seconds
2024-10-07T05:48:12.185+0300: 602.428: Application time: 0.5585751 seconds
2024-10-07T05:48:12.185+0300: 602.428: [GC (Allocation Failure) 2024-10-07T05:48:12.185+0300: 602.428: [ParNew: 413313K->4285K(460096K), 0.0014849 secs] 418979K->9952K(2046080K), 0.0015564 secs] [Times: user=0.00 sys=0.00, real=0.00 secs] 
2024-10-07T05:48:12.185+0300: 602.430: Total time for which application threads were stopped: 0.0018633 seconds, Stopping threads took: 0.0001950 seconds
2024-10-07T05:48:12.750+0300: 602.995: Application time: 0.5653204 seconds
2024-10-07T05:48:12.750+0300: 602.995: [GC (Allocation Failure) 2024-10-07T05:48:12.750+0300: 602.995: [ParNew: 413309K->4286K(460096K), 0.0015484 secs] 418976K->9954K(2046080K), 0.0016363 secs] [Times: user=0.00 sys=0.00, real=0.00 secs] 
2024-10-07T05:48:12.750+0300: 602.997: Total time for which application threads were stopped: 0.0019247 seconds, Stopping threads took: 0.0001550 seconds
2024-10-07T05:48:13.300+0300: 603.557: Application time: 0.5595449 seconds
2024-10-07T05:48:13.316+0300: 603.557: [GC (Allocation Failure) 2024-10-07T05:48:13.316+0300: 603.557: [ParNew: 413310K->5322K(460096K), 0.0021222 secs] 418978K->10990K(2046080K), 0.0022359 secs] [Times: user=0.02 sys=0.00, real=0.00 secs] 
2024-10-07T05:48:13.316+0300: 603.559: Total time for which application threads were stopped: 0.0025412 seconds, Stopping threads took: 0.0001864 seconds
2024-10-07T05:48:13.865+0300: 604.120: Application time: 0.5606265 seconds
2024-10-07T05:48:13.865+0300: 604.120: [GC (Allocation Failure) 2024-10-07T05:48:13.865+0300: 604.120: [ParNew: 413400K->4284K(460096K), 0.0015205 secs] 419068K->9953K(2046080K), 0.0015951 secs] [Times: user=0.02 sys=0.00, real=0.02 secs] 
2024-10-07T05:48:13.880+0300: 604.122: Total time for which application threads were stopped: 0.0018946 seconds, Stopping threads took: 0.0001880 seconds
2024-10-07T05:48:14.431+0300: 604.686: Application time: 0.5645842 seconds
2024-10-07T05:48:14.431+0300: 604.687: [GC (Allocation Failure) 2024-10-07T05:48:14.431+0300: 604.687: [ParNew: 412826K->4283K(460096K), 0.0015719 secs] 418494K->9952K(2046080K), 0.0016735 secs] [Times: user=0.02 sys=0.00, real=0.02 secs] 
2024-10-07T05:48:14.446+0300: 604.688: Total time for which application threads were stopped: 0.0021052 seconds, Stopping threads took: 0.0002988 seconds
2024-10-07T05:48:14.996+0300: 605.247: Application time: 0.5584937 seconds
2024-10-07T05:48:14.996+0300: 605.247: [GC (Allocation Failure) 2024-10-07T05:48:14.996+0300: 605.247: [ParNew: 412849K->5306K(460096K), 0.0016298 secs] 418518K->10976K(2046080K), 0.0017215 secs] [Times: user=0.00 sys=0.00, real=0.00 secs] 
2024-10-07T05:48:14.996+0300: 605.249: Total time for which application threads were stopped: 0.0020733 seconds, Stopping threads took: 0.0002381 seconds
2024-10-07T05:48:15.560+0300: 605.815: Application time: 0.5664609 seconds
2024-10-07T05:48:15.560+0300: 605.816: [GC (Allocation Failure) 2024-10-07T05:48:15.560+0300: 605.816: [ParNew: 413773K->5304K(460096K), 0.0016884 secs] 419443K->10975K(2046080K), 0.0017789 secs] [Times: user=0.00 sys=0.00, real=0.02 secs] 
2024-10-07T05:48:15.576+0300: 605.818: Total time for which application threads were stopped: 0.0020450 seconds, Stopping threads took: 0.0001189 seconds
2024-10-07T05:48:16.126+0300: 606.374: Application time: 0.5565034 seconds
2024-10-07T05:48:16.126+0300: 606.374: [GC (Allocation Failure) 2024-10-07T05:48:16.126+0300: 606.374: [ParNew: 413863K->4288K(460096K), 0.0014093 secs] 419533K->9959K(2046080K), 0.0014981 secs] [Times: user=0.00 sys=0.00, real=0.00 secs] 
2024-10-07T05:48:16.126+0300: 606.376: Total time for which application threads were stopped: 0.0018385 seconds, Stopping threads took: 0.0002269 seconds
2024-10-07T05:48:16.691+0300: 606.944: Application time: 0.5678396 seconds
2024-10-07T05:48:16.691+0300: 606.944: [GC (Allocation Failure) 2024-10-07T05:48:16.691+0300: 606.944: [ParNew: 413312K->3256K(460096K), 0.0014491 secs] 418983K->8927K(2046080K), 0.0015230 secs] [Times: user=0.00 sys=0.00, real=0.00 secs] 
2024-10-07T05:48:16.691+0300: 606.945: Total time for which application threads were stopped: 0.0017727 seconds, Stopping threads took: 0.0001473 seconds
2024-10-07T05:48:17.256+0300: 607.499: Application time: 0.5535309 seconds
2024-10-07T05:48:17.256+0300: 607.499: [GC (Allocation Failure) 2024-10-07T05:48:17.256+0300: 607.499: [ParNew: 411997K->4282K(460096K), 0.0015838 secs] 417669K->9955K(2046080K), 0.0016462 secs] [Times: user=0.00 sys=0.00, real=0.00 secs] 
2024-10-07T05:48:17.256+0300: 607.501: Total time for which application threads were stopped: 0.0019112 seconds, Stopping threads took: 0.0001641 seconds
2024-10-07T05:48:17.822+0300: 608.067: Application time: 0.5664750 seconds
2024-10-07T05:48:17.822+0300: 608.068: [GC (Allocation Failure) 2024-10-07T05:48:17.822+0300: 608.068: [ParNew: 412464K->4298K(460096K), 0.0014617 secs] 418136K->9971K(2046080K), 0.0015389 secs] [Times: user=0.00 sys=0.00, real=0.00 secs] 
2024-10-07T05:48:17.822+0300: 608.069: Total time for which application threads were stopped: 0.0018096 seconds, Stopping threads took: 0.0001662 seconds
2024-10-07T05:48:18.389+0300: 608.632: Application time: 0.5627626 seconds
2024-10-07T05:48:18.389+0300: 608.632: [GC (Allocation Failure) 2024-10-07T05:48:18.389+0300: 608.632: [ParNew: 413275K->4282K(460096K), 0.0015138 secs] 418948K->9956K(2046080K), 0.0016116 secs] [Times: user=0.00 sys=0.00, real=0.00 secs] 
2024-10-07T05:48:18.389+0300: 608.634: Total time for which application threads were stopped: 0.0018751 seconds, Stopping threads took: 0.0001177 seconds
2024-10-07T05:48:18.936+0300: 609.193: Application time: 0.5590072 seconds
2024-10-07T05:48:18.952+0300: 609.193: [GC (Allocation Failure) 2024-10-07T05:48:18.952+0300: 609.193: [ParNew: 413306K->4301K(460096K), 0.0015631 secs] 418980K->9975K(2046080K), 0.0016586 secs] [Times: user=0.00 sys=0.00, real=0.00 secs] 
2024-10-07T05:48:18.952+0300: 609.195: Total time for which application threads were stopped: 0.0019682 seconds, Stopping threads took: 0.0001820 seconds
2024-10-07T05:48:19.501+0300: 609.757: Application time: 0.5624745 seconds
2024-10-07T05:48:19.501+0300: 609.758: [GC (Allocation Failure) 2024-10-07T05:48:19.501+0300: 609.758: [ParNew: 412517K->5304K(460096K), 0.0018243 secs] 418191K->10979K(2046080K), 0.0019081 secs] [Times: user=0.02 sys=0.00, real=0.02 secs] 
2024-10-07T05:48:19.517+0300: 609.760: Total time for which application threads were stopped: 0.0022158 seconds, Stopping threads took: 0.0001915 seconds
2024-10-07T05:48:20.066+0300: 610.320: Application time: 0.5608885 seconds
2024-10-07T05:48:20.066+0300: 610.321: [GC (Allocation Failure) 2024-10-07T05:48:20.066+0300: 610.323: [ParNew: 413415K->4285K(460096K), 0.0018439 secs] 419089K->9960K(2046080K), 0.0041079 secs] [Times: user=0.01 sys=0.00, real=0.02 secs] 
2024-10-07T05:48:20.082+0300: 610.325: Total time for which application threads were stopped: 0.0044092 seconds, Stopping threads took: 0.0001954 seconds
2024-10-07T05:48:20.647+0300: 610.890: Application time: 0.5655586 seconds
2024-10-07T05:48:20.647+0300: 610.891: [GC (Allocation Failure) 2024-10-07T05:48:20.647+0300: 610.891: [ParNew: 413238K->5306K(460096K), 0.0016459 secs] 418914K->10982K(2046080K), 0.0017199 secs] [Times: user=0.00 sys=0.00, real=0.00 secs] 
2024-10-07T05:48:20.647+0300: 610.892: Total time for which application threads were stopped: 0.0019721 seconds, Stopping threads took: 0.0001537 seconds
2024-10-07T05:48:21.197+0300: 611.447: Application time: 0.5546514 seconds
2024-10-07T05:48:21.197+0300: 611.447: [GC (Allocation Failure) 2024-10-07T05:48:21.197+0300: 611.447: [ParNew: 413575K->4282K(460096K), 0.0015219 secs] 419250K->9958K(2046080K), 0.0016091 secs] [Times: user=0.00 sys=0.00, real=0.00 secs] 
2024-10-07T05:48:21.197+0300: 611.449: Total time for which application threads were stopped: 0.0019721 seconds, Stopping threads took: 0.0002319 seconds
2024-10-07T05:48:21.761+0300: 612.015: Application time: 0.5656839 seconds
2024-10-07T05:48:21.761+0300: 612.015: [GC (Allocation Failure) 2024-10-07T05:48:21.761+0300: 612.015: [ParNew: 413306K->4298K(460096K), 0.0014539 secs] 418982K->9975K(2046080K), 0.0015555 secs] [Times: user=0.00 sys=0.00, real=0.00 secs] 
2024-10-07T05:48:21.761+0300: 612.017: Total time for which application threads were stopped: 0.0019515 seconds, Stopping threads took: 0.0002243 seconds
2024-10-07T05:48:22.326+0300: 612.580: Application time: 0.5628843 seconds
2024-10-07T05:48:22.326+0300: 612.580: [GC (Allocation Failure) 2024-10-07T05:48:22.326+0300: 612.580: [ParNew: 413322K->4284K(460096K), 0.0015499 secs] 418999K->9962K(2046080K), 0.0016465 secs] [Times: user=0.00 sys=0.00, real=0.00 secs] 
2024-10-07T05:48:22.326+0300: 612.581: Total time for which application threads were stopped: 0.0018807 seconds, Stopping threads took: 0.0001117 seconds
2024-10-07T05:48:22.899+0300: 613.141: Application time: 0.5600548 seconds
2024-10-07T05:48:22.899+0300: 613.142: [GC (Allocation Failure) 2024-10-07T05:48:22.899+0300: 613.142: [ParNew: 413059K->3276K(460096K), 0.0013181 secs] 418737K->8954K(2046080K), 0.0013918 secs] [Times: user=0.00 sys=0.00, real=0.00 secs] 
2024-10-07T05:48:22.899+0300: 613.143: Total time for which application threads were stopped: 0.0016484 seconds, Stopping threads took: 0.0001564 seconds
2024-10-07T05:48:23.456+0300: 613.706: Application time: 0.5624497 seconds
2024-10-07T05:48:23.456+0300: 613.706: [GC (Allocation Failure) 2024-10-07T05:48:23.456+0300: 613.706: [ParNew: 412300K->4281K(460096K), 0.0015012 secs] 417978K->9961K(2046080K), 0.0015867 secs] [Times: user=0.00 sys=0.00, real=0.00 secs] 
2024-10-07T05:48:23.456+0300: 613.708: Total time for which application threads were stopped: 0.0020617 seconds, Stopping threads took: 0.0003436 seconds
2024-10-07T05:48:24.021+0300: 614.265: Application time: 0.5574952 seconds
2024-10-07T05:48:24.021+0300: 614.265: [GC (Allocation Failure) 2024-10-07T05:48:24.021+0300: 614.265: [ParNew: 412364K->5304K(460096K), 0.0019343 secs] 418043K->10984K(2046080K), 0.0020104 secs] [Times: user=0.00 sys=0.00, real=0.00 secs] 
2024-10-07T05:48:24.021+0300: 614.267: Total time for which application threads were stopped: 0.0023544 seconds, Stopping threads took: 0.0002411 seconds
2024-10-07T05:48:24.585+0300: 614.833: Application time: 0.5655118 seconds
2024-10-07T05:48:24.585+0300: 614.833: [GC (Allocation Failure) 2024-10-07T05:48:24.585+0300: 614.833: [ParNew: 413888K->4278K(460096K), 0.0015550 secs] 419567K->9958K(2046080K), 0.0016336 secs] [Times: user=0.02 sys=0.00, real=0.00 secs] 
2024-10-07T05:48:24.585+0300: 614.835: Total time for which application threads were stopped: 0.0019237 seconds, Stopping threads took: 0.0001826 seconds
2024-10-07T05:48:25.150+0300: 615.393: Application time: 0.5578094 seconds
2024-10-07T05:48:25.150+0300: 615.393: [GC (Allocation Failure) 2024-10-07T05:48:25.150+0300: 615.393: [ParNew: 413277K->2254K(460096K), 0.0012382 secs] 418957K->7935K(2046080K), 0.0012908 secs] [Times: user=0.00 sys=0.00, real=0.00 secs] 
2024-10-07T05:48:25.150+0300: 615.394: Total time for which application threads were stopped: 0.0015546 seconds, Stopping threads took: 0.0001690 seconds
2024-10-07T05:48:25.716+0300: 615.957: Application time: 0.5627968 seconds
2024-10-07T05:48:25.716+0300: 615.957: [GC (Allocation Failure) 2024-10-07T05:48:25.716+0300: 615.957: [ParNew: 410779K->4300K(460096K), 0.0014532 secs] 416460K->9982K(2046080K), 0.0015269 secs] [Times: user=0.00 sys=0.00, real=0.00 secs] 
2024-10-07T05:48:25.716+0300: 615.959: Total time for which application threads were stopped: 0.0018255 seconds, Stopping threads took: 0.0001767 seconds
2024-10-07T05:48:26.265+0300: 616.514: Application time: 0.5552362 seconds
2024-10-07T05:48:26.265+0300: 616.515: [GC (Allocation Failure) 2024-10-07T05:48:26.265+0300: 616.515: [ParNew: 413226K->4298K(460096K), 0.0015190 secs] 418908K->9980K(2046080K), 0.0015910 secs] [Times: user=0.00 sys=0.00, real=0.00 secs] 
2024-10-07T05:48:26.265+0300: 616.516: Total time for which application threads were stopped: 0.0020110 seconds, Stopping threads took: 0.0003256 seconds
2024-10-07T05:48:26.830+0300: 617.081: Application time: 0.5649987 seconds
2024-10-07T05:48:26.830+0300: 617.081: [GC (Allocation Failure) 2024-10-07T05:48:26.830+0300: 617.081: [ParNew: 412911K->3278K(460096K), 0.0014467 secs] 418593K->8961K(2046080K), 0.0015131 secs] [Times: user=0.00 sys=0.00, real=0.00 secs] 
2024-10-07T05:48:26.830+0300: 617.083: Total time for which application threads were stopped: 0.0017803 seconds, Stopping threads took: 0.0001652 seconds
2024-10-07T05:48:27.394+0300: 617.643: Application time: 0.5601056 seconds
2024-10-07T05:48:27.394+0300: 617.643: [GC (Allocation Failure) 2024-10-07T05:48:27.394+0300: 617.643: [ParNew: 411380K->4286K(460096K), 0.0014073 secs] 417063K->9970K(2046080K), 0.0014928 secs] [Times: user=0.00 sys=0.00, real=0.00 secs] 
2024-10-07T05:48:27.394+0300: 617.645: Total time for which application threads were stopped: 0.0018164 seconds, Stopping threads took: 0.0002014 seconds
2024-10-07T05:48:27.960+0300: 618.203: Application time: 0.5582144 seconds
2024-10-07T05:48:27.960+0300: 618.203: [GC (Allocation Failure) 2024-10-07T05:48:27.960+0300: 618.203: [ParNew: 412719K->4301K(460096K), 0.0016156 secs] 418402K->9985K(2046080K), 0.0016931 secs] [Times: user=0.00 sys=0.00, real=0.00 secs] 
2024-10-07T05:48:27.960+0300: 618.205: Total time for which application threads were stopped: 0.0019995 seconds, Stopping threads took: 0.0001978 seconds
2024-10-07T05:48:28.525+0300: 618.777: Application time: 0.5723233 seconds
2024-10-07T05:48:28.525+0300: 618.778: [GC (Allocation Failure) 2024-10-07T05:48:28.525+0300: 618.778: [ParNew: 413248K->5307K(460096K), 0.0019063 secs] 418932K->10992K(2046080K), 0.0020000 secs] [Times: user=0.00 sys=0.00, real=0.00 secs] 
2024-10-07T05:48:28.525+0300: 618.780: Total time for which application threads were stopped: 0.0024236 seconds, Stopping threads took: 0.0002859 seconds
2024-10-07T05:48:29.090+0300: 619.337: Application time: 0.5574544 seconds
2024-10-07T05:48:29.090+0300: 619.338: [GC (Allocation Failure) 2024-10-07T05:48:29.090+0300: 619.338: [ParNew: 414331K->4298K(460096K), 0.0014611 secs] 420016K->9984K(2046080K), 0.0015390 secs] [Times: user=0.00 sys=0.00, real=0.00 secs] 
2024-10-07T05:48:29.090+0300: 619.339: Total time for which application threads were stopped: 0.0018153 seconds, Stopping threads took: 0.0001737 seconds
2024-10-07T05:48:29.655+0300: 619.904: Application time: 0.5644107 seconds
2024-10-07T05:48:29.655+0300: 619.904: [GC (Allocation Failure) 2024-10-07T05:48:29.655+0300: 619.904: [ParNew: 413322K->3294K(460096K), 0.0013494 secs] 419008K->8980K(2046080K), 0.0014423 secs] [Times: user=0.02 sys=0.00, real=0.00 secs] 
2024-10-07T05:48:29.655+0300: 619.905: Total time for which application threads were stopped: 0.0018469 seconds, Stopping threads took: 0.0002769 seconds
2024-10-07T05:48:30.220+0300: 620.465: Application time: 0.5596274 seconds
2024-10-07T05:48:30.220+0300: 620.465: [GC (Allocation Failure) 2024-10-07T05:48:30.220+0300: 620.465: [ParNew: 411999K->3294K(460096K), 0.0014035 secs] 417685K->8980K(2046080K), 0.0014722 secs] [Times: user=0.00 sys=0.00, real=0.00 secs] 
2024-10-07T05:48:30.220+0300: 620.467: Total time for which application threads were stopped: 0.0017224 seconds, Stopping threads took: 0.0001512 seconds
2024-10-07T05:48:30.769+0300: 621.026: Application time: 0.5587989 seconds
2024-10-07T05:48:30.769+0300: 621.026: [GC (Allocation Failure) 2024-10-07T05:48:30.769+0300: 621.026: [ParNew: 411435K->4282K(460096K), 0.0015463 secs] 417122K->9969K(2046080K), 0.0016187 secs] [Times: user=0.02 sys=0.00, real=0.02 secs] 
2024-10-07T05:48:30.785+0300: 621.027: Total time for which application threads were stopped: 0.0019011 seconds, Stopping threads took: 0.0001788 seconds
2024-10-07T05:48:31.350+0300: 621.592: Application time: 0.5644771 seconds
2024-10-07T05:48:31.350+0300: 621.592: [GC (Allocation Failure) 2024-10-07T05:48:31.350+0300: 621.592: [ParNew: 413306K->4300K(460096K), 0.0014878 secs] 418993K->9988K(2046080K), 0.0015790 secs] [Times: user=0.03 sys=0.00, real=0.00 secs] 
2024-10-07T05:48:31.350+0300: 621.594: Total time for which application threads were stopped: 0.0018283 seconds, Stopping threads took: 0.0001097 seconds
2024-10-07T05:48:31.899+0300: 622.155: Application time: 0.5615623 seconds
2024-10-07T05:48:31.899+0300: 622.156: [GC (Allocation Failure) 2024-10-07T05:48:31.899+0300: 622.156: [ParNew: 413321K->5304K(460096K), 0.0018622 secs] 419009K->10992K(2046080K), 0.0019486 secs] [Times: user=0.03 sys=0.00, real=0.02 secs] 
2024-10-07T05:48:31.915+0300: 622.158: Total time for which application threads were stopped: 0.0023288 seconds, Stopping threads took: 0.0001549 seconds
2024-10-07T05:48:32.465+0300: 622.722: Application time: 0.5640369 seconds
2024-10-07T05:48:32.481+0300: 622.722: [GC (Allocation Failure) 2024-10-07T05:48:32.481+0300: 622.722: [ParNew: 414328K->3276K(460096K), 0.0012977 secs] 420016K->8965K(2046080K), 0.0013859 secs] [Times: user=0.00 sys=0.00, real=0.00 secs] 
2024-10-07T05:48:32.481+0300: 622.723: Total time for which application threads were stopped: 0.0017064 seconds, Stopping threads took: 0.0002093 seconds
2024-10-07T05:48:33.030+0300: 623.281: Application time: 0.5579419 seconds
2024-10-07T05:48:33.030+0300: 623.282: [GC (Allocation Failure) 2024-10-07T05:48:33.030+0300: 623.282: [ParNew: 411813K->4298K(460096K), 0.0015691 secs] 417503K->9988K(2046080K), 0.0016590 secs] [Times: user=0.00 sys=0.00, real=0.00 secs] 
2024-10-07T05:48:33.030+0300: 623.283: Total time for which application threads were stopped: 0.0018956 seconds, Stopping threads took: 0.0001163 seconds
2024-10-07T05:48:33.595+0300: 623.843: Application time: 0.5601727 seconds
2024-10-07T05:48:33.595+0300: 623.844: [GC (Allocation Failure) 2024-10-07T05:48:33.595+0300: 623.844: [ParNew: 412356K->5304K(460096K), 0.0017709 secs] 418046K->10995K(2046080K), 0.0018478 secs] [Times: user=0.00 sys=0.00, real=0.00 secs] 
2024-10-07T05:48:33.595+0300: 623.846: Total time for which application threads were stopped: 0.0021858 seconds, Stopping threads took: 0.0001988 seconds
2024-10-07T05:48:34.161+0300: 624.404: Application time: 0.5588630 seconds
2024-10-07T05:48:34.161+0300: 624.405: [GC (Allocation Failure) 2024-10-07T05:48:34.161+0300: 624.405: [ParNew: 413757K->4301K(460096K), 0.0015500 secs] 419448K->9992K(2046080K), 0.0016449 secs] [Times: user=0.00 sys=0.00, real=0.00 secs] 
2024-10-07T05:48:34.161+0300: 624.406: Total time for which application threads were stopped: 0.0019144 seconds, Stopping threads took: 0.0001443 seconds
2024-10-07T05:48:34.726+0300: 624.969: Application time: 0.5628939 seconds
2024-10-07T05:48:34.726+0300: 624.969: [GC (Allocation Failure) 2024-10-07T05:48:34.726+0300: 624.970: [ParNew: 413325K->4284K(460096K), 0.0016270 secs] 419016K->9976K(2046080K), 0.0017166 secs] [Times: user=0.00 sys=0.00, real=0.00 secs] 
2024-10-07T05:48:34.726+0300: 624.971: Total time for which application threads were stopped: 0.0019626 seconds, Stopping threads took: 0.0001092 seconds
2024-10-07T05:48:35.290+0300: 625.533: Application time: 0.5615791 seconds
2024-10-07T05:48:35.290+0300: 625.533: [GC (Allocation Failure) 2024-10-07T05:48:35.290+0300: 625.533: [ParNew: 413308K->5308K(460096K), 0.0015822 secs] 419000K->11001K(2046080K), 0.0016868 secs] [Times: user=0.00 sys=0.00, real=0.00 secs] 
2024-10-07T05:48:35.290+0300: 625.535: Total time for which application threads were stopped: 0.0019376 seconds, Stopping threads took: 0.0001346 seconds
2024-10-07T05:48:35.856+0300: 626.097: Application time: 0.5622926 seconds
2024-10-07T05:48:35.856+0300: 626.097: [GC (Allocation Failure) 2024-10-07T05:48:35.856+0300: 626.097: [ParNew: 413493K->4284K(460096K), 0.0015017 secs] 419185K->9977K(2046080K), 0.0015889 secs] [Times: user=0.00 sys=0.00, real=0.00 secs] 
2024-10-07T05:48:35.856+0300: 626.099: Total time for which application threads were stopped: 0.0019365 seconds, Stopping threads took: 0.0002162 seconds
2024-10-07T05:48:36.405+0300: 626.661: Application time: 0.5622392 seconds
2024-10-07T05:48:36.405+0300: 626.662: [GC (Allocation Failure) 2024-10-07T05:48:36.405+0300: 626.662: [ParNew: 412630K->4280K(460096K), 0.0014913 secs] 418323K->9973K(2046080K), 0.0015942 secs] [Times: user=0.03 sys=0.00, real=0.02 secs] 
2024-10-07T05:48:36.421+0300: 626.663: Total time for which application threads were stopped: 0.0020455 seconds, Stopping threads took: 0.0002986 seconds
2024-10-07T05:48:36.970+0300: 627.219: Application time: 0.5560543 seconds
2024-10-07T05:48:36.970+0300: 627.220: [GC (Allocation Failure) 2024-10-07T05:48:36.970+0300: 627.220: [ParNew: 413304K->5304K(460096K), 0.0016577 secs] 418997K->10998K(2046080K), 0.0017485 secs] [Times: user=0.00 sys=0.00, real=0.00 secs] 
2024-10-07T05:48:36.970+0300: 627.221: Total time for which application threads were stopped: 0.0020604 seconds, Stopping threads took: 0.0002058 seconds
2024-10-07T05:48:37.535+0300: 627.784: Application time: 0.5621755 seconds
2024-10-07T05:48:37.535+0300: 627.784: [GC (Allocation Failure) 2024-10-07T05:48:37.535+0300: 627.784: [ParNew: 413388K->4283K(460096K), 0.0013883 secs] 419082K->9978K(2046080K), 0.0014913 secs] [Times: user=0.00 sys=0.00, real=0.00 secs] 
2024-10-07T05:48:37.535+0300: 627.786: Total time for which application threads were stopped: 0.0019060 seconds, Stopping threads took: 0.0002460 seconds
2024-10-07T05:48:38.100+0300: 628.345: Application time: 0.5590283 seconds
2024-10-07T05:48:38.100+0300: 628.345: [GC (Allocation Failure) 2024-10-07T05:48:38.100+0300: 628.345: [ParNew: 412351K->5304K(460096K), 0.0016510 secs] 418046K->11000K(2046080K), 0.0017248 secs] [Times: user=0.00 sys=0.00, real=0.00 secs] 
2024-10-07T05:48:38.100+0300: 628.347: Total time for which application threads were stopped: 0.0020146 seconds, Stopping threads took: 0.0001904 seconds
2024-10-07T05:48:38.665+0300: 628.910: Application time: 0.5629941 seconds
2024-10-07T05:48:38.665+0300: 628.910: [GC (Allocation Failure) 2024-10-07T05:48:38.665+0300: 628.910: [ParNew: 414328K->2256K(460096K), 0.0013354 secs] 420024K->7952K(2046080K), 0.0014395 secs] [Times: user=0.00 sys=0.00, real=0.00 secs] 
2024-10-07T05:48:38.665+0300: 628.911: Total time for which application threads were stopped: 0.0017042 seconds, Stopping threads took: 0.0001575 seconds
2024-10-07T05:48:39.214+0300: 629.468: Application time: 0.5570049 seconds
2024-10-07T05:48:39.214+0300: 629.469: [GC (Allocation Failure) 2024-10-07T05:48:39.214+0300: 629.469: [ParNew: 411280K->4285K(460096K), 0.0015535 secs] 416976K->9982K(2046080K), 0.0016307 secs] [Times: user=0.00 sys=0.00, real=0.00 secs] 
2024-10-07T05:48:39.214+0300: 629.470: Total time for which application threads were stopped: 0.0019235 seconds, Stopping threads took: 0.0001920 seconds
2024-10-07T05:48:39.778+0300: 630.027: Application time: 0.5567341 seconds
2024-10-07T05:48:39.778+0300: 630.027: [GC (Allocation Failure) 2024-10-07T05:48:39.778+0300: 630.027: [ParNew: 412631K->4286K(460096K), 0.0014059 secs] 418327K->9983K(2046080K), 0.0014895 secs] [Times: user=0.00 sys=0.00, real=0.00 secs] 
2024-10-07T05:48:39.778+0300: 630.029: Total time for which application threads were stopped: 0.0017835 seconds, Stopping threads took: 0.0001833 seconds
2024-10-07T05:48:40.343+0300: 630.591: Application time: 0.5622198 seconds
2024-10-07T05:48:40.343+0300: 630.591: [GC (Allocation Failure) 2024-10-07T05:48:40.343+0300: 630.591: [ParNew: 413310K->4282K(460096K), 0.0015821 secs] 419007K->9980K(2046080K), 0.0016753 secs] [Times: user=0.00 sys=0.00, real=0.00 secs] 
2024-10-07T05:48:40.343+0300: 630.593: Total time for which application threads were stopped: 0.0020042 seconds, Stopping threads took: 0.0002088 seconds
2024-10-07T05:48:40.908+0300: 631.150: Application time: 0.5571715 seconds
2024-10-07T05:48:40.908+0300: 631.150: [GC (Allocation Failure) 2024-10-07T05:48:40.908+0300: 631.150: [ParNew: 412784K->5306K(460096K), 0.0016354 secs] 418482K->11005K(2046080K), 0.0017085 secs] [Times: user=0.00 sys=0.00, real=0.00 secs] 
2024-10-07T05:48:40.908+0300: 631.152: Total time for which application threads were stopped: 0.0019998 seconds, Stopping threads took: 0.0001875 seconds
2024-10-07T05:48:41.474+0300: 631.719: Application time: 0.5667817 seconds
2024-10-07T05:48:41.474+0300: 631.719: [GC (Allocation Failure) 2024-10-07T05:48:41.474+0300: 631.719: [ParNew: 413815K->4298K(460096K), 0.0014744 secs] 419513K->9998K(2046080K), 0.0015623 secs] [Times: user=0.00 sys=0.00, real=0.00 secs] 
2024-10-07T05:48:41.474+0300: 631.721: Total time for which application threads were stopped: 0.0018682 seconds, Stopping threads took: 0.0001877 seconds
2024-10-07T05:48:42.023+0300: 632.277: Application time: 0.5559381 seconds
2024-10-07T05:48:42.023+0300: 632.277: [GC (Allocation Failure) 2024-10-07T05:48:42.023+0300: 632.277: [ParNew: 412377K->5304K(460096K), 0.0016050 secs] 418076K->11004K(2046080K), 0.0016878 secs] [Times: user=0.00 sys=0.00, real=0.00 secs] 
2024-10-07T05:48:42.023+0300: 632.279: Total time for which application threads were stopped: 0.0019800 seconds, Stopping threads took: 0.0001889 seconds
2024-10-07T05:48:42.588+0300: 632.838: Application time: 0.5594291 seconds
2024-10-07T05:48:42.588+0300: 632.839: [GC (Allocation Failure) 2024-10-07T05:48:42.588+0300: 632.839: [ParNew: 414328K->5306K(460096K), 0.0015619 secs] 420028K->11007K(2046080K), 0.0016733 secs] [Times: user=0.00 sys=0.00, real=0.00 secs] 
2024-10-07T05:48:42.588+0300: 632.840: Total time for which application threads were stopped: 0.0021438 seconds, Stopping threads took: 0.0003258 seconds
2024-10-07T05:48:43.154+0300: 633.402: Application time: 0.5613220 seconds
2024-10-07T05:48:43.154+0300: 633.402: [GC (Allocation Failure) 2024-10-07T05:48:43.154+0300: 633.402: [ParNew: 413681K->4282K(460096K), 0.0014883 secs] 419382K->9983K(2046080K), 0.0015671 secs] [Times: user=0.00 sys=0.00, real=0.00 secs] 
2024-10-07T05:48:43.154+0300: 633.404: Total time for which application threads were stopped: 0.0019173 seconds, Stopping threads took: 0.0002407 seconds
2024-10-07T05:48:43.718+0300: 633.971: Application time: 0.5672498 seconds
2024-10-07T05:48:43.718+0300: 633.971: [GC (Allocation Failure) 2024-10-07T05:48:43.718+0300: 633.971: [ParNew: 413306K->4286K(460096K), 0.0014715 secs] 419007K->9988K(2046080K), 0.0015441 secs] [Times: user=0.00 sys=0.00, real=0.00 secs] 
2024-10-07T05:48:43.718+0300: 633.973: Total time for which application threads were stopped: 0.0018358 seconds, Stopping threads took: 0.0001963 seconds
2024-10-07T05:48:44.283+0300: 634.530: Application time: 0.5577001 seconds
2024-10-07T05:48:44.283+0300: 634.531: [GC (Allocation Failure) 2024-10-07T05:48:44.283+0300: 634.531: [ParNew: 413310K->2270K(460096K), 0.0013882 secs] 419012K->7973K(2046080K), 0.0014506 secs] [Times: user=0.00 sys=0.00, real=0.00 secs] 
2024-10-07T05:48:44.283+0300: 634.532: Total time for which application threads were stopped: 0.0016835 seconds, Stopping threads took: 0.0001452 seconds
2024-10-07T05:48:44.849+0300: 635.097: Application time: 0.5645953 seconds
2024-10-07T05:48:44.849+0300: 635.097: [GC (Allocation Failure) 2024-10-07T05:48:44.849+0300: 635.097: [ParNew: 411294K->3275K(460096K), 0.0013873 secs] 416997K->8978K(2046080K), 0.0014603 secs] [Times: user=0.01 sys=0.00, real=0.00 secs] 
2024-10-07T05:48:44.849+0300: 635.098: Total time for which application threads were stopped: 0.0017295 seconds, Stopping threads took: 0.0001710 seconds
2024-10-07T05:48:45.413+0300: 635.661: Application time: 0.5622224 seconds
2024-10-07T05:48:45.413+0300: 635.661: [GC (Allocation Failure) 2024-10-07T05:48:45.413+0300: 635.661: [ParNew: 411486K->4289K(460096K), 0.0015280 secs] 417189K->9992K(2046080K), 0.0016125 secs] [Times: user=0.00 sys=0.00, real=0.00 secs] 
2024-10-07T05:48:45.413+0300: 635.662: Total time for which application threads were stopped: 0.0018959 seconds, Stopping threads took: 0.0001651 seconds
2024-10-07T05:48:45.978+0300: 636.219: Application time: 0.5569998 seconds
2024-10-07T05:48:45.978+0300: 636.220: [GC (Allocation Failure) 2024-10-07T05:48:45.978+0300: 636.220: [ParNew: 413313K->5310K(460096K), 0.0016913 secs] 419016K->11015K(2046080K), 0.0017791 secs] [Times: user=0.00 sys=0.00, real=0.00 secs] 
2024-10-07T05:48:45.978+0300: 636.222: Total time for which application threads were stopped: 0.0021231 seconds, Stopping threads took: 0.0002221 seconds
2024-10-07T05:48:46.543+0300: 636.786: Application time: 0.5643199 seconds
2024-10-07T05:48:46.543+0300: 636.786: [GC (Allocation Failure) 2024-10-07T05:48:46.543+0300: 636.786: [ParNew: 413411K->4282K(460096K), 0.0014360 secs] 419115K->9987K(2046080K), 0.0015289 secs] [Times: user=0.02 sys=0.00, real=0.00 secs] 
2024-10-07T05:48:46.543+0300: 636.788: Total time for which application threads were stopped: 0.0018195 seconds, Stopping threads took: 0.0001504 seconds
2024-10-07T05:48:47.093+0300: 637.347: Application time: 0.5596272 seconds
2024-10-07T05:48:47.093+0300: 637.348: [GC (Allocation Failure) 2024-10-07T05:48:47.093+0300: 637.348: [ParNew: 413165K->5304K(460096K), 0.0016429 secs] 418870K->11010K(2046080K), 0.0017277 secs] [Times: user=0.00 sys=0.00, real=0.00 secs] 
2024-10-07T05:48:47.093+0300: 637.349: Total time for which application threads were stopped: 0.0020146 seconds, Stopping threads took: 0.0001801 seconds
2024-10-07T05:48:47.658+0300: 637.914: Application time: 0.5641602 seconds
2024-10-07T05:48:47.658+0300: 637.914: [GC (Allocation Failure) 2024-10-07T05:48:47.658+0300: 637.914: [ParNew: 413851K->4298K(460096K), 0.0015862 secs] 419556K->10004K(2046080K), 0.0016527 secs] [Times: user=0.01 sys=0.00, real=0.02 secs] 
2024-10-07T05:48:47.674+0300: 637.915: Total time for which application threads were stopped: 0.0019628 seconds, Stopping threads took: 0.0002168 seconds
2024-10-07T05:48:48.223+0300: 638.473: Application time: 0.5574180 seconds
2024-10-07T05:48:48.223+0300: 638.473: [GC (Allocation Failure) 2024-10-07T05:48:48.223+0300: 638.473: [ParNew: 413322K->4299K(460096K), 0.0015676 secs] 419028K->10006K(2046080K), 0.0016459 secs] [Times: user=0.00 sys=0.00, real=0.00 secs] 
2024-10-07T05:48:48.223+0300: 638.475: Total time for which application threads were stopped: 0.0019530 seconds, Stopping threads took: 0.0002036 seconds
2024-10-07T05:48:48.788+0300: 639.038: Application time: 0.5626943 seconds
2024-10-07T05:48:48.788+0300: 639.038: [GC (Allocation Failure) 2024-10-07T05:48:48.788+0300: 639.038: [ParNew: 413307K->3275K(460096K), 0.0015458 secs] 419014K->8982K(2046080K), 0.0016294 secs] [Times: user=0.00 sys=0.00, real=0.00 secs] 
2024-10-07T05:48:48.788+0300: 639.039: Total time for which application threads were stopped: 0.0019234 seconds, Stopping threads took: 0.0001896 seconds
2024-10-07T05:48:49.354+0300: 639.602: Application time: 0.5629233 seconds
2024-10-07T05:48:49.354+0300: 639.603: [GC (Allocation Failure) 2024-10-07T05:48:49.354+0300: 639.603: [ParNew: 412299K->2271K(460096K), 0.0013133 secs] 418006K->7978K(2046080K), 0.0013909 secs] [Times: user=0.00 sys=0.00, real=0.00 secs] 
2024-10-07T05:48:49.354+0300: 639.604: Total time for which application threads were stopped: 0.0016752 seconds, Stopping threads took: 0.0001831 seconds
2024-10-07T05:48:49.919+0300: 640.161: Application time: 0.5567432 seconds
2024-10-07T05:48:49.919+0300: 640.161: [GC (Allocation Failure) 2024-10-07T05:48:49.919+0300: 640.161: [ParNew: 411295K->4297K(460096K), 0.0014401 secs] 417002K->10006K(2046080K), 0.0015134 secs] [Times: user=0.00 sys=0.00, real=0.00 secs] 
2024-10-07T05:48:49.919+0300: 640.163: Total time for which application threads were stopped: 0.0017289 seconds, Stopping threads took: 0.0000885 seconds
2024-10-07T05:48:50.469+0300: 640.724: Application time: 0.5616311 seconds
2024-10-07T05:48:50.469+0300: 640.725: [GC (Allocation Failure) 2024-10-07T05:48:50.469+0300: 640.725: [ParNew: 413321K->4280K(460096K), 0.0016096 secs] 419030K->9989K(2046080K), 0.0017139 secs] [Times: user=0.02 sys=0.00, real=0.01 secs] 
2024-10-07T05:48:50.484+0300: 640.726: Total time for which application threads were stopped: 0.0021044 seconds, Stopping threads took: 0.0002300 seconds
2024-10-07T05:48:51.034+0300: 641.285: Application time: 0.5588459 seconds
2024-10-07T05:48:51.034+0300: 641.285: [GC (Allocation Failure) 2024-10-07T05:48:51.034+0300: 641.285: [ParNew: 413177K->4284K(460096K), 0.0014743 secs] 418887K->9994K(2046080K), 0.0015451 secs] [Times: user=0.00 sys=0.00, real=0.00 secs] 
2024-10-07T05:48:51.034+0300: 641.287: Total time for which application threads were stopped: 0.0018116 seconds, Stopping threads took: 0.0001632 seconds
2024-10-07T05:48:51.599+0300: 641.854: Application time: 0.5669747 seconds
2024-10-07T05:48:51.599+0300: 641.854: [GC (Allocation Failure) 2024-10-07T05:48:51.599+0300: 641.854: [ParNew: 413308K->3277K(460096K), 0.0012870 secs] 419018K->8988K(2046080K), 0.0013861 secs] [Times: user=0.00 sys=0.00, real=0.00 secs] 
2024-10-07T05:48:51.599+0300: 641.856: Total time for which application threads were stopped: 0.0017400 seconds, Stopping threads took: 0.0002066 seconds
2024-10-07T05:48:52.165+0300: 642.411: Application time: 0.5555414 seconds
2024-10-07T05:48:52.165+0300: 642.411: [GC (Allocation Failure) 2024-10-07T05:48:52.165+0300: 642.411: [ParNew: 411391K->4299K(460096K), 0.0013719 secs] 417101K->10010K(2046080K), 0.0014494 secs] [Times: user=0.00 sys=0.00, real=0.00 secs] 
2024-10-07T05:48:52.165+0300: 642.413: Total time for which application threads were stopped: 0.0017031 seconds, Stopping threads took: 0.0001394 seconds
2024-10-07T05:48:52.730+0300: 642.980: Application time: 0.5672322 seconds
2024-10-07T05:48:52.730+0300: 642.980: [GC (Allocation Failure) 2024-10-07T05:48:52.730+0300: 642.981: [ParNew: 412928K->4283K(460096K), 0.0015649 secs] 418639K->9995K(2046080K), 0.0016564 secs] [Times: user=0.00 sys=0.00, real=0.00 secs] 
2024-10-07T05:48:52.730+0300: 642.982: Total time for which application threads were stopped: 0.0019963 seconds, Stopping threads took: 0.0002008 seconds
2024-10-07T05:48:53.279+0300: 643.535: Application time: 0.5533147 seconds
2024-10-07T05:48:53.295+0300: 643.536: [GC (Allocation Failure) 2024-10-07T05:48:53.295+0300: 643.536: [ParNew: 412889K->4283K(460096K), 0.0016042 secs] 418601K->9995K(2046080K), 0.0017419 secs] [Times: user=0.00 sys=0.00, real=0.00 secs] 
2024-10-07T05:48:53.295+0300: 643.538: Total time for which application threads were stopped: 0.0020751 seconds, Stopping threads took: 0.0001865 seconds
2024-10-07T05:48:53.863+0300: 644.106: Application time: 0.5681535 seconds
2024-10-07T05:48:53.863+0300: 644.106: [GC (Allocation Failure) 2024-10-07T05:48:53.863+0300: 644.106: [ParNew: 413307K->4302K(460096K), 0.0015979 secs] 419019K->10015K(2046080K), 0.0016789 secs] [Times: user=0.00 sys=0.00, real=0.00 secs] 
2024-10-07T05:48:53.863+0300: 644.108: Total time for which application threads were stopped: 0.0019015 seconds, Stopping threads took: 0.0000807 seconds
2024-10-07T05:48:54.424+0300: 644.673: Application time: 0.5658247 seconds
2024-10-07T05:48:54.424+0300: 644.674: [GC (Allocation Failure) 2024-10-07T05:48:54.424+0300: 644.674: [ParNew: 413326K->3279K(460096K), 0.0014268 secs] 419039K->8992K(2046080K), 0.0015146 secs] [Times: user=0.02 sys=0.00, real=0.00 secs] 
2024-10-07T05:48:54.424+0300: 644.675: Total time for which application threads were stopped: 0.0017556 seconds, Stopping threads took: 0.0001117 seconds
2024-10-07T05:48:54.989+0300: 645.233: Application time: 0.5578344 seconds
2024-10-07T05:48:54.989+0300: 645.233: [GC (Allocation Failure) 2024-10-07T05:48:54.989+0300: 645.233: [ParNew: 412117K->4287K(460096K), 0.0015187 secs] 417831K->10001K(2046080K), 0.0015871 secs] [Times: user=0.00 sys=0.00, real=0.00 secs] 
2024-10-07T05:48:54.989+0300: 645.235: Total time for which application threads were stopped: 0.0018405 seconds, Stopping threads took: 0.0001574 seconds
2024-10-07T05:48:55.539+0300: 645.794: Application time: 0.5588336 seconds
2024-10-07T05:48:55.539+0300: 645.794: [GC (Allocation Failure) 2024-10-07T05:48:55.539+0300: 645.794: [ParNew: 412665K->5304K(460096K), 0.0019074 secs] 418380K->11019K(2046080K), 0.0019846 secs] [Times: user=0.02 sys=0.00, real=0.01 secs] 
2024-10-07T05:48:55.554+0300: 645.796: Total time for which application threads were stopped: 0.0023647 seconds, Stopping threads took: 0.0002189 seconds
2024-10-07T05:48:56.104+0300: 646.356: Application time: 0.5599341 seconds
2024-10-07T05:48:56.104+0300: 646.356: [GC (Allocation Failure) 2024-10-07T05:48:56.104+0300: 646.356: [ParNew: 414328K->5302K(460096K), 0.0015776 secs] 420043K->11017K(2046080K), 0.0016620 secs] [Times: user=0.00 sys=0.00, real=0.00 secs] 
2024-10-07T05:48:56.104+0300: 646.358: Total time for which application threads were stopped: 0.0019991 seconds, Stopping threads took: 0.0002288 seconds
2024-10-07T05:48:56.669+0300: 646.922: Application time: 0.5640400 seconds
2024-10-07T05:48:56.669+0300: 646.922: [GC (Allocation Failure) 2024-10-07T05:48:56.669+0300: 646.923: [ParNew: 413827K->5304K(460096K), 0.0016392 secs] 419543K->11020K(2046080K), 0.0017815 secs] [Times: user=0.03 sys=0.00, real=0.00 secs] 
2024-10-07T05:48:56.669+0300: 646.924: Total time for which application threads were stopped: 0.0022281 seconds, Stopping threads took: 0.0002711 seconds
2024-10-07T05:48:57.234+0300: 647.485: Application time: 0.5604360 seconds
2024-10-07T05:48:57.234+0300: 647.485: [GC (Allocation Failure) 2024-10-07T05:48:57.234+0300: 647.485: [ParNew: 413819K->4282K(460096K), 0.0014467 secs] 419535K->9999K(2046080K), 0.0015289 secs] [Times: user=0.00 sys=0.00, real=0.00 secs] 
2024-10-07T05:48:57.234+0300: 647.487: Total time for which application threads were stopped: 0.0018237 seconds, Stopping threads took: 0.0001903 seconds
2024-10-07T05:48:57.799+0300: 648.052: Application time: 0.5657722 seconds
2024-10-07T05:48:57.799+0300: 648.053: [GC (Allocation Failure) 2024-10-07T05:48:57.799+0300: 648.053: [ParNew: 413306K->5320K(460096K), 0.0015077 secs] 419023K->11038K(2046080K), 0.0016079 secs] [Times: user=0.00 sys=0.00, real=0.00 secs] 
2024-10-07T05:48:57.799+0300: 648.054: Total time for which application threads were stopped: 0.0019843 seconds, Stopping threads took: 0.0002133 seconds
2024-10-07T05:48:58.380+0300: 648.632: Application time: 0.5780398 seconds
2024-10-07T05:48:58.380+0300: 648.633: [GC (Allocation Failure) 2024-10-07T05:48:58.380+0300: 648.633: [ParNew: 414200K->4298K(460096K), 0.0013983 secs] 419917K->10016K(2046080K), 0.0014765 secs] [Times: user=0.00 sys=0.00, real=0.00 secs] 
2024-10-07T05:48:58.380+0300: 648.634: Total time for which application threads were stopped: 0.0018272 seconds, Stopping threads took: 0.0002386 seconds
2024-10-07T05:48:58.945+0300: 649.198: Application time: 0.5637444 seconds
2024-10-07T05:48:58.945+0300: 649.198: [GC (Allocation Failure) 2024-10-07T05:48:58.945+0300: 649.198: [ParNew: 413322K->3274K(460096K), 0.0012895 secs] 419040K->8993K(2046080K), 0.0013660 secs] [Times: user=0.03 sys=0.00, real=0.00 secs] 
2024-10-07T05:48:58.945+0300: 649.200: Total time for which application threads were stopped: 0.0016352 seconds, Stopping threads took: 0.0001568 seconds
2024-10-07T05:48:59.511+0300: 649.765: Application time: 0.5651848 seconds
2024-10-07T05:48:59.511+0300: 649.765: [GC (Allocation Failure) 2024-10-07T05:48:59.511+0300: 649.765: [ParNew: 411283K->4297K(460096K), 0.0013746 secs] 417002K->10016K(2046080K), 0.0014577 secs] [Times: user=0.02 sys=0.00, real=0.00 secs] 
2024-10-07T05:48:59.511+0300: 649.766: Total time for which application threads were stopped: 0.0016922 seconds, Stopping threads took: 0.0001228 seconds
2024-10-07T05:49:00.076+0300: 650.323: Application time: 0.5568123 seconds
2024-10-07T05:49:00.076+0300: 650.324: [GC (Allocation Failure) 2024-10-07T05:49:00.076+0300: 650.324: [ParNew: 413084K->4284K(460096K), 0.0021237 secs] 418804K->10004K(2046080K), 0.0022087 secs] [Times: user=0.00 sys=0.00, real=0.00 secs] 
2024-10-07T05:49:00.076+0300: 650.326: Total time for which application threads were stopped: 0.0024839 seconds, Stopping threads took: 0.0001726 seconds
2024-10-07T05:49:00.656+0300: 650.900: Application time: 0.5740921 seconds
2024-10-07T05:49:00.656+0300: 650.900: [GC (Allocation Failure) 2024-10-07T05:49:00.656+0300: 650.900: [ParNew: 412698K->4298K(460096K), 0.0016121 secs] 418418K->10019K(2046080K), 0.0016879 secs] [Times: user=0.02 sys=0.00, real=0.00 secs] 
2024-10-07T05:49:00.656+0300: 650.902: Total time for which application threads were stopped: 0.0019374 seconds, Stopping threads took: 0.0001269 seconds
2024-10-07T05:49:01.221+0300: 651.464: Application time: 0.5626953 seconds
2024-10-07T05:49:01.221+0300: 651.465: [GC (Allocation Failure) 2024-10-07T05:49:01.221+0300: 651.465: [ParNew: 413322K->3279K(460096K), 0.0014396 secs] 419043K->9000K(2046080K), 0.0014938 secs] [Times: user=0.00 sys=0.00, real=0.00 secs] 
2024-10-07T05:49:01.221+0300: 651.466: Total time for which application threads were stopped: 0.0017190 seconds, Stopping threads took: 0.0001146 seconds
2024-10-07T05:49:01.787+0300: 652.030: Application time: 0.5640296 seconds
2024-10-07T05:49:01.787+0300: 652.030: [GC (Allocation Failure) 2024-10-07T05:49:01.787+0300: 652.030: [ParNew: 411975K->3283K(460096K), 0.0015452 secs] 417696K->9004K(2046080K), 0.0016255 secs] [Times: user=0.00 sys=0.00, real=0.00 secs] 
2024-10-07T05:49:01.787+0300: 652.032: Total time for which application threads were stopped: 0.0018768 seconds, Stopping threads took: 0.0001257 seconds
2024-10-07T05:49:02.352+0300: 652.593: Application time: 0.5613218 seconds
2024-10-07T05:49:02.352+0300: 652.594: [GC (Allocation Failure) 2024-10-07T05:49:02.352+0300: 652.594: [ParNew: 411419K->4289K(460096K), 0.0019310 secs] 417141K->10011K(2046080K), 0.0020149 secs] [Times: user=0.03 sys=0.00, real=0.00 secs] 
2024-10-07T05:49:02.352+0300: 652.596: Total time for which application threads were stopped: 0.0023678 seconds, Stopping threads took: 0.0002304 seconds
2024-10-07T05:49:02.901+0300: 653.155: Application time: 0.5595746 seconds
2024-10-07T05:49:02.901+0300: 653.156: [GC (Allocation Failure) 2024-10-07T05:49:02.901+0300: 653.156: [ParNew: 413264K->5306K(460096K), 0.0020773 secs] 418987K->11029K(2046080K), 0.0021608 secs] [Times: user=0.03 sys=0.00, real=0.01 secs] 
2024-10-07T05:49:02.916+0300: 653.158: Total time for which application threads were stopped: 0.0024715 seconds, Stopping threads took: 0.0001835 seconds
2024-10-07T05:49:03.483+0300: 653.726: Application time: 0.5681386 seconds
2024-10-07T05:49:03.483+0300: 653.726: [GC (Allocation Failure) 2024-10-07T05:49:03.483+0300: 653.726: [ParNew: 413619K->3279K(460096K), 0.0014410 secs] 419342K->9002K(2046080K), 0.0015221 secs] [Times: user=0.00 sys=0.00, real=0.00 secs] 
2024-10-07T05:49:03.483+0300: 653.728: Total time for which application threads were stopped: 0.0017511 seconds, Stopping threads took: 0.0001127 seconds
2024-10-07T05:49:04.046+0300: 654.288: Application time: 0.5600637 seconds
2024-10-07T05:49:04.046+0300: 654.288: [GC (Allocation Failure) 2024-10-07T05:49:04.046+0300: 654.288: [ParNew: 412303K->3276K(460096K), 0.0014125 secs] 418026K->9001K(2046080K), 0.0014927 secs] [Times: user=0.00 sys=0.00, real=0.00 secs] 
2024-10-07T05:49:04.046+0300: 654.290: Total time for which application threads were stopped: 0.0017241 seconds, Stopping threads took: 0.0001312 seconds
2024-10-07T05:49:04.612+0300: 654.865: Application time: 0.5755710 seconds
2024-10-07T05:49:04.612+0300: 654.866: [GC (Allocation Failure) 2024-10-07T05:49:04.612+0300: 654.866: [ParNew: 412284K->3267K(460096K), 0.0015060 secs] 418008K->8992K(2046080K), 0.0015762 secs] [Times: user=0.00 sys=0.00, real=0.00 secs] 
2024-10-07T05:49:04.612+0300: 654.867: Total time for which application threads were stopped: 0.0020699 seconds, Stopping threads took: 0.0003791 seconds
2024-10-07T05:49:05.177+0300: 655.425: Application time: 0.5577558 seconds
2024-10-07T05:49:05.177+0300: 655.425: [GC (Allocation Failure) 2024-10-07T05:49:05.177+0300: 655.425: [ParNew: 411330K->3275K(460096K), 0.0014070 secs] 417055K->9000K(2046080K), 0.0014838 secs] [Times: user=0.00 sys=0.00, real=0.00 secs] 
2024-10-07T05:49:05.177+0300: 655.427: Total time for which application threads were stopped: 0.0017240 seconds, Stopping threads took: 0.0001319 seconds
2024-10-07T05:49:05.742+0300: 655.996: Application time: 0.5691757 seconds
2024-10-07T05:49:05.742+0300: 655.996: [GC (Allocation Failure) 2024-10-07T05:49:05.742+0300: 655.996: [ParNew: 412072K->4287K(460096K), 0.0014780 secs] 417797K->10013K(2046080K), 0.0015719 secs] [Times: user=0.00 sys=0.00, real=0.00 secs] 
2024-10-07T05:49:05.742+0300: 655.998: Total time for which application threads were stopped: 0.0019178 seconds, Stopping threads took: 0.0002262 seconds
2024-10-07T05:49:06.307+0300: 656.560: Application time: 0.5625351 seconds
2024-10-07T05:49:06.307+0300: 656.561: [GC (Allocation Failure) 2024-10-07T05:49:06.307+0300: 656.561: [ParNew: 412540K->3275K(460096K), 0.0013619 secs] 418266K->9002K(2046080K), 0.0014981 secs] [Times: user=0.00 sys=0.00, real=0.00 secs] 
2024-10-07T05:49:06.307+0300: 656.562: Total time for which application threads were stopped: 0.0017786 seconds, Stopping threads took: 0.0001345 seconds
2024-10-07T05:49:06.872+0300: 657.127: Application time: 0.5652640 seconds
2024-10-07T05:49:06.872+0300: 657.128: [GC (Allocation Failure) 2024-10-07T05:49:06.872+0300: 657.128: [ParNew: 412081K->5306K(460096K), 0.0020079 secs] 417808K->11034K(2046080K), 0.0021621 secs] [Times: user=0.02 sys=0.00, real=0.02 secs] 
2024-10-07T05:49:06.888+0300: 657.130: Total time for which application threads were stopped: 0.0025400 seconds, Stopping threads took: 0.0001799 seconds
2024-10-07T05:49:07.453+0300: 657.696: Application time: 0.5661485 seconds
2024-10-07T05:49:07.453+0300: 657.696: [GC (Allocation Failure) 2024-10-07T05:49:07.453+0300: 657.696: [ParNew: 414330K->4281K(460096K), 0.0016387 secs] 420058K->10009K(2046080K), 0.0017342 secs] [Times: user=0.00 sys=0.00, real=0.00 secs] 
2024-10-07T05:49:07.453+0300: 657.698: Total time for which application threads were stopped: 0.0020044 seconds, Stopping threads took: 0.0001085 seconds
2024-10-07T05:49:08.003+0300: 658.259: Application time: 0.5608728 seconds
2024-10-07T05:49:08.003+0300: 658.259: [GC (Allocation Failure) 2024-10-07T05:49:08.003+0300: 658.259: [ParNew: 413305K->4284K(460096K), 0.0020876 secs] 419033K->10013K(2046080K), 0.0021685 secs] [Times: user=0.01 sys=0.00, real=0.02 secs] 
2024-10-07T05:49:08.019+0300: 658.261: Total time for which application threads were stopped: 0.0024203 seconds, Stopping threads took: 0.0001438 seconds
2024-10-07T05:49:08.568+0300: 658.822: Application time: 0.5607430 seconds
2024-10-07T05:49:08.568+0300: 658.822: [GC (Allocation Failure) 2024-10-07T05:49:08.568+0300: 658.822: [ParNew: 412907K->4286K(460096K), 0.0018080 secs] 418635K->10015K(2046080K), 0.0019053 secs] [Times: user=0.00 sys=0.00, real=0.00 secs] 
2024-10-07T05:49:08.568+0300: 658.824: Total time for which application threads were stopped: 0.0022746 seconds, Stopping threads took: 0.0002035 seconds
2024-10-07T05:49:09.133+0300: 659.382: Application time: 0.5578101 seconds
2024-10-07T05:49:09.133+0300: 659.382: [GC (Allocation Failure) 2024-10-07T05:49:09.133+0300: 659.383: [ParNew: 412460K->4285K(460096K), 0.0018888 secs] 418189K->10015K(2046080K), 0.0019724 secs] [Times: user=0.00 sys=0.00, real=0.00 secs] 
2024-10-07T05:49:09.133+0300: 659.384: Total time for which application threads were stopped: 0.0022743 seconds, Stopping threads took: 0.0001935 seconds
2024-10-07T05:49:09.698+0300: 659.951: Application time: 0.5664866 seconds
2024-10-07T05:49:09.698+0300: 659.951: [GC (Allocation Failure) 2024-10-07T05:49:09.698+0300: 659.951: [ParNew: 413064K->5309K(460096K), 0.0018428 secs] 418794K->11040K(2046080K), 0.0019136 secs] [Times: user=0.00 sys=0.00, real=0.00 secs] 
2024-10-07T05:49:09.698+0300: 659.953: Total time for which application threads were stopped: 0.0021600 seconds, Stopping threads took: 0.0001446 seconds
2024-10-07T05:49:10.263+0300: 660.510: Application time: 0.5565435 seconds
2024-10-07T05:49:10.263+0300: 660.510: [GC (Allocation Failure) 2024-10-07T05:49:10.263+0300: 660.510: [ParNew: 414333K->4297K(460096K), 0.0020276 secs] 420064K->10028K(2046080K), 0.0021106 secs] [Times: user=0.00 sys=0.00, real=0.00 secs] 
2024-10-07T05:49:10.263+0300: 660.512: Total time for which application threads were stopped: 0.0024287 seconds, Stopping threads took: 0.0002118 seconds
2024-10-07T05:49:10.828+0300: 661.079: Application time: 0.5669080 seconds
2024-10-07T05:49:10.828+0300: 661.079: [GC (Allocation Failure) 2024-10-07T05:49:10.828+0300: 661.079: [ParNew: 413321K->3258K(460096K), 0.0014974 secs] 419052K->8990K(2046080K), 0.0015781 secs] [Times: user=0.00 sys=0.00, real=0.00 secs] 
2024-10-07T05:49:10.828+0300: 661.081: Total time for which application threads were stopped: 0.0018806 seconds, Stopping threads took: 0.0001907 seconds
2024-10-07T05:49:11.399+0300: 661.641: Application time: 0.5603440 seconds
2024-10-07T05:49:11.399+0300: 661.641: [GC (Allocation Failure) 2024-10-07T05:49:11.399+0300: 661.642: [ParNew: 412282K->5306K(460096K), 0.0017476 secs] 418014K->11038K(2046080K), 0.0018240 secs] [Times: user=0.00 sys=0.00, real=0.00 secs] 
2024-10-07T05:49:11.399+0300: 661.643: Total time for which application threads were stopped: 0.0020926 seconds, Stopping threads took: 0.0001734 seconds
2024-10-07T05:49:11.958+0300: 662.202: Application time: 0.5590650 seconds
2024-10-07T05:49:11.958+0300: 662.203: [GC (Allocation Failure) 2024-10-07T05:49:11.958+0300: 662.203: [ParNew: 414156K->5306K(460096K), 0.0016914 secs] 419888K->11039K(2046080K), 0.0017631 secs] [Times: user=0.00 sys=0.00, real=0.00 secs] 
2024-10-07T05:49:11.958+0300: 662.204: Total time for which application threads were stopped: 0.0020406 seconds, Stopping threads took: 0.0001772 seconds
2024-10-07T05:49:12.523+0300: 662.770: Application time: 0.5659564 seconds
2024-10-07T05:49:12.523+0300: 662.771: [GC (Allocation Failure) 2024-10-07T05:49:12.523+0300: 662.771: [ParNew: 414330K->4284K(460096K), 0.0014557 secs] 420063K->10018K(2046080K), 0.0015248 secs] [Times: user=0.00 sys=0.00, real=0.00 secs] 
2024-10-07T05:49:12.523+0300: 662.772: Total time for which application threads were stopped: 0.0017894 seconds, Stopping threads took: 0.0001692 seconds
2024-10-07T05:49:13.088+0300: 663.330: Application time: 0.5573116 seconds
2024-10-07T05:49:13.088+0300: 663.330: [GC (Allocation Failure) 2024-10-07T05:49:13.088+0300: 663.330: [ParNew: 413308K->5307K(460096K), 0.0016476 secs] 419042K->11041K(2046080K), 0.0017172 secs] [Times: user=0.00 sys=0.00, real=0.00 secs] 
2024-10-07T05:49:13.088+0300: 663.332: Total time for which application threads were stopped: 0.0019939 seconds, Stopping threads took: 0.0001772 seconds
2024-10-07T05:49:13.653+0300: 663.897: Application time: 0.5652452 seconds
2024-10-07T05:49:13.653+0300: 663.897: [GC (Allocation Failure) 2024-10-07T05:49:13.653+0300: 663.897: [ParNew: 413943K->5302K(460096K), 0.0016907 secs] 419678K->11037K(2046080K), 0.0017590 secs] [Times: user=0.00 sys=0.00, real=0.00 secs] 
2024-10-07T05:49:13.653+0300: 663.899: Total time for which application threads were stopped: 0.0020239 seconds, Stopping threads took: 0.0001681 seconds
2024-10-07T05:49:14.205+0300: 664.456: Application time: 0.5569317 seconds
2024-10-07T05:49:14.205+0300: 664.456: [GC (Allocation Failure) 2024-10-07T05:49:14.205+0300: 664.456: [ParNew: 414090K->3274K(460096K), 0.0015952 secs] 419825K->9010K(2046080K), 0.0016865 secs] [Times: user=0.00 sys=0.00, real=0.00 secs] 
2024-10-07T05:49:14.205+0300: 664.458: Total time for which application threads were stopped: 0.0019939 seconds, Stopping threads took: 0.0001919 seconds
2024-10-07T05:49:14.768+0300: 665.019: Application time: 0.5614752 seconds
2024-10-07T05:49:14.768+0300: 665.019: [GC (Allocation Failure) 2024-10-07T05:49:14.768+0300: 665.022: [ParNew: 411351K->4298K(460096K), 0.0022979 secs] 417087K->10035K(2046080K), 0.0044777 secs] [Times: user=0.00 sys=0.00, real=0.00 secs] 
2024-10-07T05:49:14.768+0300: 665.024: Total time for which application threads were stopped: 0.0047579 seconds, Stopping threads took: 0.0001847 seconds
2024-10-07T05:49:15.333+0300: 665.585: Application time: 0.5611004 seconds
2024-10-07T05:49:15.333+0300: 665.585: [GC (Allocation Failure) 2024-10-07T05:49:15.333+0300: 665.585: [ParNew: 413322K->4298K(460096K), 0.0015910 secs] 419059K->10035K(2046080K), 0.0016859 secs] [Times: user=0.00 sys=0.00, real=0.00 secs] 
2024-10-07T05:49:15.333+0300: 665.587: Total time for which application threads were stopped: 0.0019782 seconds, Stopping threads took: 0.0001600 seconds
2024-10-07T05:49:15.898+0300: 666.145: Application time: 0.5580452 seconds
2024-10-07T05:49:15.898+0300: 666.145: [GC (Allocation Failure) 2024-10-07T05:49:15.898+0300: 666.145: [ParNew: 413322K->5304K(460096K), 0.0017250 secs] 419059K->11042K(2046080K), 0.0018093 secs] [Times: user=0.00 sys=0.00, real=0.00 secs] 
2024-10-07T05:49:15.898+0300: 666.147: Total time for which application threads were stopped: 0.0021044 seconds, Stopping threads took: 0.0001805 seconds
2024-10-07T05:49:16.464+0300: 666.709: Application time: 0.5622684 seconds
2024-10-07T05:49:16.464+0300: 666.710: [GC (Allocation Failure) 2024-10-07T05:49:16.464+0300: 666.710: [ParNew: 414223K->4298K(460096K), 0.0016362 secs] 419961K->10036K(2046080K), 0.0017108 secs] [Times: user=0.00 sys=0.00, real=0.00 secs] 
2024-10-07T05:49:16.464+0300: 666.711: Total time for which application threads were stopped: 0.0020079 seconds, Stopping threads took: 0.0001955 seconds
2024-10-07T05:49:17.029+0300: 667.272: Application time: 0.5607029 seconds
2024-10-07T05:49:17.029+0300: 667.272: [GC (Allocation Failure) 2024-10-07T05:49:17.029+0300: 667.272: [ParNew: 413322K->4300K(460096K), 0.0018587 secs] 419060K->10039K(2046080K), 0.0019423 secs] [Times: user=0.00 sys=0.00, real=0.00 secs] 
2024-10-07T05:49:17.029+0300: 667.274: Total time for which application threads were stopped: 0.0022489 seconds, Stopping threads took: 0.0001953 seconds
2024-10-07T05:49:17.593+0300: 667.836: Application time: 0.5611808 seconds
2024-10-07T05:49:17.593+0300: 667.836: [GC (Allocation Failure) 2024-10-07T05:49:17.593+0300: 667.836: [ParNew: 412305K->3276K(460096K), 0.0014795 secs] 418044K->9016K(2046080K), 0.0015610 secs] [Times: user=0.00 sys=0.00, real=0.00 secs] 
2024-10-07T05:49:17.593+0300: 667.838: Total time for which application threads were stopped: 0.0018804 seconds, Stopping threads took: 0.0001949 seconds
2024-10-07T05:49:18.143+0300: 668.397: Application time: 0.5596552 seconds
2024-10-07T05:49:18.143+0300: 668.397: [GC (Allocation Failure) 2024-10-07T05:49:18.143+0300: 668.397: [ParNew: 411800K->4282K(460096K), 0.0016092 secs] 417540K->10022K(2046080K), 0.0016906 secs] [Times: user=0.00 sys=0.00, real=0.00 secs] 
2024-10-07T05:49:18.143+0300: 668.399: Total time for which application threads were stopped: 0.0019942 seconds, Stopping threads took: 0.0001962 seconds
2024-10-07T05:49:18.714+0300: 668.964: Application time: 0.5644288 seconds
2024-10-07T05:49:18.714+0300: 668.964: [GC (Allocation Failure) 2024-10-07T05:49:18.714+0300: 668.964: [ParNew: 413306K->4296K(460096K), 0.0016420 secs] 419046K->10037K(2046080K), 0.0017311 secs] [Times: user=0.00 sys=0.00, real=0.01 secs] 
2024-10-07T05:49:18.723+0300: 668.966: Total time for which application threads were stopped: 0.0021303 seconds, Stopping threads took: 0.0002689 seconds
2024-10-07T05:49:19.272+0300: 669.525: Application time: 0.5593707 seconds
2024-10-07T05:49:19.272+0300: 669.525: [GC (Allocation Failure) 2024-10-07T05:49:19.272+0300: 669.525: [ParNew: 413225K->5309K(460096K), 0.0018301 secs] 418966K->11050K(2046080K), 0.0019062 secs] [Times: user=0.00 sys=0.00, real=0.00 secs] 
2024-10-07T05:49:19.272+0300: 669.527: Total time for which application threads were stopped: 0.0021977 seconds, Stopping threads took: 0.0001817 seconds
2024-10-07T05:49:19.838+0300: 670.094: Application time: 0.5668615 seconds
2024-10-07T05:49:19.838+0300: 670.094: [GC (Allocation Failure) 2024-10-07T05:49:19.838+0300: 670.094: [ParNew: 414333K->5306K(460096K), 0.0017928 secs] 420074K->11048K(2046080K), 0.0018723 secs] [Times: user=0.01 sys=0.00, real=0.01 secs] 
2024-10-07T05:49:19.853+0300: 670.096: Total time for which application threads were stopped: 0.0021631 seconds, Stopping threads took: 0.0001890 seconds
2024-10-07T05:49:20.419+0300: 670.661: Application time: 0.5649725 seconds
2024-10-07T05:49:20.419+0300: 670.662: [GC (Allocation Failure) 2024-10-07T05:49:20.419+0300: 670.662: [ParNew: 414330K->3263K(460096K), 0.0014318 secs] 420072K->9006K(2046080K), 0.0014978 secs] [Times: user=0.00 sys=0.00, real=0.00 secs] 
2024-10-07T05:49:20.419+0300: 670.663: Total time for which application threads were stopped: 0.0017634 seconds, Stopping threads took: 0.0001657 seconds
2024-10-07T05:49:20.968+0300: 671.219: Application time: 0.5558196 seconds
2024-10-07T05:49:20.968+0300: 671.219: [GC (Allocation Failure) 2024-10-07T05:49:20.968+0300: 671.219: [ParNew: 411612K->2256K(460096K), 0.0012695 secs] 417355K->7999K(2046080K), 0.0013510 secs] [Times: user=0.00 sys=0.00, real=0.00 secs] 
2024-10-07T05:49:20.968+0300: 671.220: Total time for which application threads were stopped: 0.0016100 seconds, Stopping threads took: 0.0001683 seconds
2024-10-07T05:49:21.533+0300: 671.782: Application time: 0.5611142 seconds
2024-10-07T05:49:21.533+0300: 671.782: [GC (Allocation Failure) 2024-10-07T05:49:21.533+0300: 671.782: [ParNew: 410908K->5311K(460096K), 0.0021372 secs] 416652K->11055K(2046080K), 0.0022173 secs] [Times: user=0.00 sys=0.00, real=0.00 secs] 
2024-10-07T05:49:21.533+0300: 671.784: Total time for which application threads were stopped: 0.0025029 seconds, Stopping threads took: 0.0001655 seconds
2024-10-07T05:49:22.098+0300: 672.342: Application time: 0.5574394 seconds
2024-10-07T05:49:22.098+0300: 672.342: [GC (Allocation Failure) 2024-10-07T05:49:22.098+0300: 672.342: [ParNew: 413655K->5306K(460096K), 0.0017916 secs] 419399K->11051K(2046080K), 0.0018673 secs] [Times: user=0.00 sys=0.00, real=0.00 secs] 
2024-10-07T05:49:22.098+0300: 672.344: Total time for which application threads were stopped: 0.0021604 seconds, Stopping threads took: 0.0001891 seconds
2024-10-07T05:49:22.663+0300: 672.904: Application time: 0.5605635 seconds
2024-10-07T05:49:22.663+0300: 672.905: [GC (Allocation Failure) 2024-10-07T05:49:22.663+0300: 672.905: [ParNew: 413974K->4286K(460096K), 0.0016635 secs] 419719K->10031K(2046080K), 0.0017352 secs] [Times: user=0.00 sys=0.00, real=0.00 secs] 
2024-10-07T05:49:22.663+0300: 672.906: Total time for which application threads were stopped: 0.0019972 seconds, Stopping threads took: 0.0001674 seconds
2024-10-07T05:49:23.212+0300: 673.461: Application time: 0.5547307 seconds
2024-10-07T05:49:23.212+0300: 673.461: [GC (Allocation Failure) 2024-10-07T05:49:23.212+0300: 673.461: [ParNew: 412475K->5303K(460096K), 0.0017788 secs] 418220K->11048K(2046080K), 0.0018574 secs] [Times: user=0.00 sys=0.00, real=0.00 secs] 
2024-10-07T05:49:23.212+0300: 673.463: Total time for which application threads were stopped: 0.0021623 seconds, Stopping threads took: 0.0002006 seconds
2024-10-07T05:49:23.777+0300: 674.032: Application time: 0.5690638 seconds
2024-10-07T05:49:23.777+0300: 674.033: [GC (Allocation Failure) 2024-10-07T05:49:23.777+0300: 674.033: [ParNew: 414327K->4283K(460096K), 0.0020706 secs] 420072K->10029K(2046080K), 0.0021530 secs] [Times: user=0.00 sys=0.00, real=0.02 secs] 
2024-10-07T05:49:23.793+0300: 674.035: Total time for which application threads were stopped: 0.0024436 seconds, Stopping threads took: 0.0001790 seconds
2024-10-07T05:49:24.358+0300: 674.603: Application time: 0.5686427 seconds
2024-10-07T05:49:24.358+0300: 674.604: [GC (Allocation Failure) 2024-10-07T05:49:24.358+0300: 674.604: [ParNew: 413307K->4300K(460096K), 0.0018263 secs] 419053K->10047K(2046080K), 0.0018948 secs] [Times: user=0.00 sys=0.00, real=0.00 secs] 
2024-10-07T05:49:24.358+0300: 674.605: Total time for which application threads were stopped: 0.0021389 seconds, Stopping threads took: 0.0001569 seconds
2024-10-07T05:49:24.907+0300: 675.159: Application time: 0.5538085 seconds
2024-10-07T05:49:24.907+0300: 675.160: [GC (Allocation Failure) 2024-10-07T05:49:24.907+0300: 675.160: [ParNew: 412569K->3295K(460096K), 0.0016181 secs] 418316K->9043K(2046080K), 0.0016884 secs] [Times: user=0.00 sys=0.00, real=0.00 secs] 
2024-10-07T05:49:24.907+0300: 675.161: Total time for which application threads were stopped: 0.0019387 seconds, Stopping threads took: 0.0001528 seconds
2024-10-07T05:49:25.472+0300: 675.724: Application time: 0.5623753 seconds
2024-10-07T05:49:25.472+0300: 675.724: [GC (Allocation Failure) 2024-10-07T05:49:25.472+0300: 675.724: [ParNew: 412319K->2260K(460096K), 0.0013617 secs] 418067K->8009K(2046080K), 0.0014490 secs] [Times: user=0.00 sys=0.00, real=0.00 secs] 
2024-10-07T05:49:25.472+0300: 675.725: Total time for which application threads were stopped: 0.0017572 seconds, Stopping threads took: 0.0001907 seconds
2024-10-07T05:49:26.037+0300: 676.279: Application time: 0.5536365 seconds
2024-10-07T05:49:26.037+0300: 676.279: [GC (Allocation Failure) 2024-10-07T05:49:26.037+0300: 676.279: [ParNew: 410536K->3266K(460096K), 0.0013360 secs] 416284K->9015K(2046080K), 0.0014083 secs] [Times: user=0.00 sys=0.00, real=0.00 secs] 
2024-10-07T05:49:26.037+0300: 676.281: Total time for which application threads were stopped: 0.0016415 seconds, Stopping threads took: 0.0001393 seconds
2024-10-07T05:49:26.602+0300: 676.843: Application time: 0.5627134 seconds
2024-10-07T05:49:26.602+0300: 676.844: [GC (Allocation Failure) 2024-10-07T05:49:26.602+0300: 676.844: [ParNew: 411847K->4288K(460096K), 0.0015696 secs] 417596K->10037K(2046080K), 0.0016597 secs] [Times: user=0.00 sys=0.00, real=0.00 secs] 
2024-10-07T05:49:26.602+0300: 676.845: Total time for which application threads were stopped: 0.0019338 seconds, Stopping threads took: 0.0001164 seconds
2024-10-07T05:49:27.151+0300: 677.403: Application time: 0.5576507 seconds
2024-10-07T05:49:27.151+0300: 677.403: [GC (Allocation Failure) 2024-10-07T05:49:27.151+0300: 677.403: [ParNew: 412860K->4281K(460096K), 0.0016109 secs] 418610K->10031K(2046080K), 0.0016872 secs] [Times: user=0.00 sys=0.00, real=0.00 secs] 
2024-10-07T05:49:27.151+0300: 677.405: Total time for which application threads were stopped: 0.0019405 seconds, Stopping threads took: 0.0001472 seconds
2024-10-07T05:49:27.716+0300: 677.970: Application time: 0.5649016 seconds
2024-10-07T05:49:27.716+0300: 677.970: [GC (Allocation Failure) 2024-10-07T05:49:27.716+0300: 677.970: [ParNew: 412409K->4286K(460096K), 0.0015442 secs] 418159K->10037K(2046080K), 0.0016531 secs] [Times: user=0.02 sys=0.00, real=0.00 secs] 
2024-10-07T05:49:27.716+0300: 677.972: Total time for which application threads were stopped: 0.0020104 seconds, Stopping threads took: 0.0001966 seconds
2024-10-07T05:49:28.281+0300: 678.528: Application time: 0.5557192 seconds
2024-10-07T05:49:28.281+0300: 678.528: [GC (Allocation Failure) 2024-10-07T05:49:28.281+0300: 678.528: [ParNew: 412499K->4284K(460096K), 0.0015620 secs] 418249K->10035K(2046080K), 0.0016439 secs] [Times: user=0.00 sys=0.00, real=0.00 secs] 
2024-10-07T05:49:28.281+0300: 678.529: Total time for which application threads were stopped: 0.0019493 seconds, Stopping threads took: 0.0001856 seconds
2024-10-07T05:49:28.846+0300: 679.093: Application time: 0.5639740 seconds
2024-10-07T05:49:28.846+0300: 679.094: [GC (Allocation Failure) 2024-10-07T05:49:28.846+0300: 679.094: [ParNew: 413128K->4278K(460096K), 0.0016916 secs] 418879K->10030K(2046080K), 0.0017642 secs] [Times: user=0.00 sys=0.00, real=0.00 secs] 
2024-10-07T05:49:28.846+0300: 679.095: Total time for which application threads were stopped: 0.0019705 seconds, Stopping threads took: 0.0001111 seconds
2024-10-07T05:49:29.411+0300: 679.660: Application time: 0.5643274 seconds
2024-10-07T05:49:29.411+0300: 679.660: [GC (Allocation Failure) 2024-10-07T05:49:29.411+0300: 679.660: [ParNew: 412474K->4284K(460096K), 0.0016627 secs] 418226K->10037K(2046080K), 0.0017364 secs] [Times: user=0.00 sys=0.00, real=0.00 secs] 
2024-10-07T05:49:29.411+0300: 679.662: Total time for which application threads were stopped: 0.0019531 seconds, Stopping threads took: 0.0001139 seconds
2024-10-07T05:49:29.960+0300: 680.216: Application time: 0.5547456 seconds
2024-10-07T05:49:29.960+0300: 680.217: [GC (Allocation Failure) 2024-10-07T05:49:29.960+0300: 680.217: [ParNew: 412339K->4283K(460096K), 0.0017263 secs] 418092K->10036K(2046080K), 0.0018082 secs] [Times: user=0.02 sys=0.00, real=0.02 secs] 
2024-10-07T05:49:29.976+0300: 680.219: Total time for which application threads were stopped: 0.0021176 seconds, Stopping threads took: 0.0001999 seconds
2024-10-07T05:49:30.542+0300: 680.784: Application time: 0.5656912 seconds
2024-10-07T05:49:30.542+0300: 680.784: [GC (Allocation Failure) 2024-10-07T05:49:30.542+0300: 680.784: [ParNew: 412562K->5304K(460096K), 0.0017600 secs] 418315K->11058K(2046080K), 0.0018359 secs] [Times: user=0.00 sys=0.00, real=0.00 secs] 
2024-10-07T05:49:30.542+0300: 680.786: Total time for which application threads were stopped: 0.0020600 seconds, Stopping threads took: 0.0001147 seconds
2024-10-07T05:49:31.090+0300: 681.343: Application time: 0.5570944 seconds
2024-10-07T05:49:31.090+0300: 681.344: [GC (Allocation Failure) 2024-10-07T05:49:31.090+0300: 681.344: [ParNew: 414174K->4300K(460096K), 0.0016306 secs] 419927K->10055K(2046080K), 0.0017072 secs] [Times: user=0.02 sys=0.00, real=0.00 secs] 
2024-10-07T05:49:31.090+0300: 681.345: Total time for which application threads were stopped: 0.0020318 seconds, Stopping threads took: 0.0002208 seconds
2024-10-07T05:49:31.655+0300: 681.912: Application time: 0.5666793 seconds
2024-10-07T05:49:31.671+0300: 681.912: [GC (Allocation Failure) 2024-10-07T05:49:31.671+0300: 681.912: [ParNew: 413324K->5308K(460096K), 0.0016555 secs] 419079K->11063K(2046080K), 0.0017367 secs] [Times: user=0.00 sys=0.00, real=0.00 secs] 
2024-10-07T05:49:31.671+0300: 681.914: Total time for which application threads were stopped: 0.0020453 seconds, Stopping threads took: 0.0002030 seconds
2024-10-07T05:49:32.220+0300: 682.472: Application time: 0.5574696 seconds
2024-10-07T05:49:32.220+0300: 682.472: [GC (Allocation Failure) 2024-10-07T05:49:32.220+0300: 682.472: [ParNew: 413940K->4299K(460096K), 0.0015205 secs] 419695K->10054K(2046080K), 0.0016109 secs] [Times: user=0.00 sys=0.00, real=0.00 secs] 
2024-10-07T05:49:32.220+0300: 682.474: Total time for which application threads were stopped: 0.0019467 seconds, Stopping threads took: 0.0002252 seconds
2024-10-07T05:49:32.786+0300: 683.037: Application time: 0.5634568 seconds
2024-10-07T05:49:32.786+0300: 683.037: [GC (Allocation Failure) 2024-10-07T05:49:32.786+0300: 683.037: [ParNew: 413323K->4284K(460096K), 0.0015935 secs] 419078K->10041K(2046080K), 0.0016852 secs] [Times: user=0.00 sys=0.00, real=0.00 secs] 
2024-10-07T05:49:32.786+0300: 683.039: Total time for which application threads were stopped: 0.0020783 seconds, Stopping threads took: 0.0002321 seconds
2024-10-07T05:49:33.351+0300: 683.601: Application time: 0.5619153 seconds
2024-10-07T05:49:33.351+0300: 683.601: [GC (Allocation Failure) 2024-10-07T05:49:33.360+0300: 683.602: [ParNew: 412970K->4285K(460096K), 0.0018993 secs] 418726K->10042K(2046080K), 0.0020131 secs] [Times: user=0.00 sys=0.00, real=0.01 secs] 
2024-10-07T05:49:33.360+0300: 683.604: Total time for which application threads were stopped: 0.0024385 seconds, Stopping threads took: 0.0002963 seconds
2024-10-07T05:49:33.916+0300: 684.161: Application time: 0.5577711 seconds
2024-10-07T05:49:33.916+0300: 684.162: [GC (Allocation Failure) 2024-10-07T05:49:33.916+0300: 684.162: [ParNew: 413173K->4285K(460096K), 0.0017655 secs] 418930K->10042K(2046080K), 0.0018428 secs] [Times: user=0.00 sys=0.00, real=0.00 secs] 
2024-10-07T05:49:33.916+0300: 684.163: Total time for which application threads were stopped: 0.0021039 seconds, Stopping threads took: 0.0001533 seconds
2024-10-07T05:49:34.481+0300: 684.727: Application time: 0.5638565 seconds
2024-10-07T05:49:34.481+0300: 684.727: [GC (Allocation Failure) 2024-10-07T05:49:34.481+0300: 684.728: [ParNew: 412812K->4283K(460096K), 0.0014849 secs] 418569K->10041K(2046080K), 0.0015516 secs] [Times: user=0.00 sys=0.00, real=0.00 secs] 
2024-10-07T05:49:34.481+0300: 684.729: Total time for which application threads were stopped: 0.0017854 seconds, Stopping threads took: 0.0001427 seconds
2024-10-07T05:49:35.031+0300: 685.286: Application time: 0.5569031 seconds
2024-10-07T05:49:35.031+0300: 685.286: [GC (Allocation Failure) 2024-10-07T05:49:35.031+0300: 685.286: [ParNew: 412588K->4278K(460096K), 0.0017581 secs] 418346K->10037K(2046080K), 0.0018293 secs] [Times: user=0.02 sys=0.00, real=0.02 secs] 
2024-10-07T05:49:35.046+0300: 685.288: Total time for which application threads were stopped: 0.0021271 seconds, Stopping threads took: 0.0002029 seconds
2024-10-07T05:49:35.596+0300: 685.852: Application time: 0.5641955 seconds
2024-10-07T05:49:35.611+0300: 685.853: [GC (Allocation Failure) 2024-10-07T05:49:35.611+0300: 685.853: [ParNew: 412482K->4284K(460096K), 0.0014346 secs] 418241K->10043K(2046080K), 0.0015242 secs] [Times: user=0.00 sys=0.00, real=0.00 secs] 
2024-10-07T05:49:35.611+0300: 685.854: Total time for which application threads were stopped: 0.0019310 seconds, Stopping threads took: 0.0002874 seconds
2024-10-07T05:49:36.161+0300: 686.411: Application time: 0.5568171 seconds
2024-10-07T05:49:36.161+0300: 686.411: [GC (Allocation Failure) 2024-10-07T05:49:36.161+0300: 686.411: [ParNew: 413064K->5304K(460096K), 0.0017143 secs] 418824K->11065K(2046080K), 0.0017945 secs] [Times: user=0.00 sys=0.00, real=0.00 secs] 
2024-10-07T05:49:36.161+0300: 686.413: Total time for which application threads were stopped: 0.0020750 seconds, Stopping threads took: 0.0001741 seconds
2024-10-07T05:49:36.726+0300: 686.978: Application time: 0.5652433 seconds
2024-10-07T05:49:36.726+0300: 686.979: [GC (Allocation Failure) 2024-10-07T05:49:36.726+0300: 686.979: [ParNew: 413346K->4283K(460096K), 0.0015941 secs] 419106K->10043K(2046080K), 0.0016773 secs] [Times: user=0.00 sys=0.00, real=0.00 secs] 
2024-10-07T05:49:36.726+0300: 686.980: Total time for which application threads were stopped: 0.0020201 seconds, Stopping threads took: 0.0001950 seconds
2024-10-07T05:49:37.291+0300: 687.535: Application time: 0.5549276 seconds
2024-10-07T05:49:37.291+0300: 687.536: [GC (Allocation Failure) 2024-10-07T05:49:37.291+0300: 687.536: [ParNew: 413074K->5306K(460096K), 0.0017382 secs] 418835K->11067K(2046080K), 0.0018197 secs] [Times: user=0.00 sys=0.00, real=0.00 secs] 
2024-10-07T05:49:37.291+0300: 687.537: Total time for which application threads were stopped: 0.0020782 seconds, Stopping threads took: 0.0001540 seconds
2024-10-07T05:49:37.856+0300: 688.104: Application time: 0.5662408 seconds
2024-10-07T05:49:37.856+0300: 688.104: [GC (Allocation Failure) 2024-10-07T05:49:37.856+0300: 688.104: [ParNew: 413663K->5306K(460096K), 0.0018882 secs] 419425K->11068K(2046080K), 0.0019949 secs] [Times: user=0.00 sys=0.00, real=0.00 secs] 
2024-10-07T05:49:37.856+0300: 688.106: Total time for which application threads were stopped: 0.0022571 seconds, Stopping threads took: 0.0001338 seconds
2024-10-07T05:49:38.421+0300: 688.670: Application time: 0.5640979 seconds
2024-10-07T05:49:38.421+0300: 688.670: [GC (Allocation Failure) 2024-10-07T05:49:38.421+0300: 688.670: [ParNew: 414095K->4284K(460096K), 0.0016017 secs] 419856K->10047K(2046080K), 0.0016809 secs] [Times: user=0.00 sys=0.00, real=0.00 secs] 
2024-10-07T05:49:38.421+0300: 688.672: Total time for which application threads were stopped: 0.0019842 seconds, Stopping threads took: 0.0001991 seconds
2024-10-07T05:49:38.971+0300: 689.227: Application time: 0.5550259 seconds
2024-10-07T05:49:38.971+0300: 689.227: [GC (Allocation Failure) 2024-10-07T05:49:38.971+0300: 689.227: [ParNew: 413308K->4286K(460096K), 0.0017019 secs] 419071K->10049K(2046080K), 0.0018150 secs] [Times: user=0.02 sys=0.00, real=0.02 secs] 
2024-10-07T05:49:38.987+0300: 689.229: Total time for which application threads were stopped: 0.0021094 seconds, Stopping threads took: 0.0001798 seconds
2024-10-07T05:49:39.552+0300: 689.796: Application time: 0.5670823 seconds
2024-10-07T05:49:39.552+0300: 689.796: [GC (Allocation Failure) 2024-10-07T05:49:39.552+0300: 689.796: [ParNew: 413310K->4316K(460096K), 0.0019742 secs] 419073K->10080K(2046080K), 0.0020465 secs] [Times: user=0.02 sys=0.00, real=0.00 secs] 
2024-10-07T05:49:39.557+0300: 689.798: Total time for which application threads were stopped: 0.0022804 seconds, Stopping threads took: 0.0001378 seconds
2024-10-07T05:49:40.102+0300: 690.355: Application time: 0.5564496 seconds
2024-10-07T05:49:40.102+0300: 690.355: [GC (Allocation Failure) 2024-10-07T05:49:40.102+0300: 690.355: [ParNew: 412714K->5307K(460096K), 0.0016595 secs] 418478K->11072K(2046080K), 0.0017580 secs] [Times: user=0.00 sys=0.00, real=0.00 secs] 
2024-10-07T05:49:40.102+0300: 690.357: Total time for which application threads were stopped: 0.0020834 seconds, Stopping threads took: 0.0001575 seconds
2024-10-07T05:49:40.666+0300: 690.919: Application time: 0.5617225 seconds
2024-10-07T05:49:40.666+0300: 690.919: [GC (Allocation Failure) 2024-10-07T05:49:40.666+0300: 690.919: [ParNew: 414331K->5304K(460096K), 0.0017878 secs] 420096K->11070K(2046080K), 0.0018698 secs] [Times: user=0.00 sys=0.00, real=0.00 secs] 
2024-10-07T05:49:40.666+0300: 690.921: Total time for which application threads were stopped: 0.0021748 seconds, Stopping threads took: 0.0002014 seconds
2024-10-07T05:49:41.231+0300: 691.480: Application time: 0.5586584 seconds
2024-10-07T05:49:41.231+0300: 691.480: [GC (Allocation Failure) 2024-10-07T05:49:41.231+0300: 691.480: [ParNew: 413441K->5304K(460096K), 0.0017257 secs] 419206K->11070K(2046080K), 0.0018060 secs] [Times: user=0.00 sys=0.00, real=0.00 secs] 
2024-10-07T05:49:41.231+0300: 691.482: Total time for which application threads were stopped: 0.0022074 seconds, Stopping threads took: 0.0003009 seconds
2024-10-07T05:49:41.796+0300: 692.048: Application time: 0.5663163 seconds
2024-10-07T05:49:41.796+0300: 692.048: [GC (Allocation Failure) 2024-10-07T05:49:41.796+0300: 692.048: [ParNew: 414328K->4298K(460096K), 0.0017154 secs] 420094K->10064K(2046080K), 0.0017986 secs] [Times: user=0.00 sys=0.00, real=0.00 secs] 
2024-10-07T05:49:41.796+0300: 692.050: Total time for which application threads were stopped: 0.0021222 seconds, Stopping threads took: 0.0001802 seconds
2024-10-07T05:49:42.363+0300: 692.611: Application time: 0.5608254 seconds
2024-10-07T05:49:42.363+0300: 692.611: [GC (Allocation Failure) 2024-10-07T05:49:42.363+0300: 692.611: [ParNew: 412325K->3283K(460096K), 0.0014820 secs] 418091K->9050K(2046080K), 0.0015793 secs] [Times: user=0.00 sys=0.00, real=0.00 secs] 
2024-10-07T05:49:42.363+0300: 692.613: Total time for which application threads were stopped: 0.0019223 seconds, Stopping threads took: 0.0002112 seconds
2024-10-07T05:49:42.926+0300: 693.171: Application time: 0.5584180 seconds
2024-10-07T05:49:42.926+0300: 693.172: [GC (Allocation Failure) 2024-10-07T05:49:42.926+0300: 693.172: [ParNew: 412307K->4300K(460096K), 0.0015311 secs] 418074K->10068K(2046080K), 0.0016072 secs] [Times: user=0.00 sys=0.00, real=0.00 secs] 
2024-10-07T05:49:42.926+0300: 693.173: Total time for which application threads were stopped: 0.0018489 seconds, Stopping threads took: 0.0001401 seconds
2024-10-07T05:49:43.491+0300: 693.733: Application time: 0.5593601 seconds
2024-10-07T05:49:43.491+0300: 693.733: [GC (Allocation Failure) 2024-10-07T05:49:43.491+0300: 693.733: [ParNew: 412314K->4295K(460096K), 0.0015761 secs] 418082K->10063K(2046080K), 0.0016457 secs] [Times: user=0.00 sys=0.00, real=0.00 secs] 
2024-10-07T05:49:43.491+0300: 693.735: Total time for which application threads were stopped: 0.0019325 seconds, Stopping threads took: 0.0001874 seconds
2024-10-07T05:49:44.041+0300: 694.292: Application time: 0.5573502 seconds
2024-10-07T05:49:44.041+0300: 694.292: [GC (Allocation Failure) 2024-10-07T05:49:44.041+0300: 694.292: [ParNew: 412919K->4286K(460096K), 0.0016817 secs] 418687K->10055K(2046080K), 0.0017589 secs] [Times: user=0.00 sys=0.00, real=0.00 secs] 
2024-10-07T05:49:44.041+0300: 694.294: Total time for which application threads were stopped: 0.0021072 seconds, Stopping threads took: 0.0002437 seconds
2024-10-07T05:49:44.605+0300: 694.856: Application time: 0.5623796 seconds
2024-10-07T05:49:44.605+0300: 694.857: [GC (Allocation Failure) 2024-10-07T05:49:44.605+0300: 694.857: [ParNew: 412476K->5307K(460096K), 0.0021451 secs] 418245K->11076K(2046080K), 0.0022201 secs] [Times: user=0.00 sys=0.00, real=0.00 secs] 
2024-10-07T05:49:44.605+0300: 694.859: Total time for which application threads were stopped: 0.0025013 seconds, Stopping threads took: 0.0001850 seconds
2024-10-07T05:49:45.171+0300: 695.416: Application time: 0.5574072 seconds
2024-10-07T05:49:45.171+0300: 695.417: [GC (Allocation Failure) 2024-10-07T05:49:45.171+0300: 695.417: [ParNew: 414331K->3275K(460096K), 0.0013875 secs] 420100K->9045K(2046080K), 0.0014542 secs] [Times: user=0.00 sys=0.00, real=0.00 secs] 
2024-10-07T05:49:45.171+0300: 695.418: Total time for which application threads were stopped: 0.0017245 seconds, Stopping threads took: 0.0001662 seconds
2024-10-07T05:49:45.735+0300: 695.981: Application time: 0.5629080 seconds
2024-10-07T05:49:45.735+0300: 695.981: [GC (Allocation Failure) 2024-10-07T05:49:45.735+0300: 695.981: [ParNew: 412299K->3278K(460096K), 0.0013459 secs] 418069K->9049K(2046080K), 0.0014145 secs] [Times: user=0.00 sys=0.00, real=0.00 secs] 
2024-10-07T05:49:45.735+0300: 695.983: Total time for which application threads were stopped: 0.0016712 seconds, Stopping threads took: 0.0001622 seconds
2024-10-07T05:49:46.285+0300: 696.539: Application time: 0.5568665 seconds
2024-10-07T05:49:46.285+0300: 696.540: [GC (Allocation Failure) 2024-10-07T05:49:46.285+0300: 696.540: [ParNew: 411918K->5305K(460096K), 0.0017609 secs] 417688K->11077K(2046080K), 0.0018461 secs] [Times: user=0.00 sys=0.00, real=0.01 secs] 
2024-10-07T05:49:46.300+0300: 696.542: Total time for which application threads were stopped: 0.0021464 seconds, Stopping threads took: 0.0001620 seconds
2024-10-07T05:49:46.850+0300: 697.105: Application time: 0.5632769 seconds
2024-10-07T05:49:46.850+0300: 697.105: [GC (Allocation Failure) 2024-10-07T05:49:46.850+0300: 697.105: [ParNew: 414153K->4280K(460096K), 0.0017497 secs] 419924K->10052K(2046080K), 0.0018224 secs] [Times: user=0.02 sys=0.00, real=0.02 secs] 
2024-10-07T05:49:46.865+0300: 697.107: Total time for which application threads were stopped: 0.0021355 seconds, Stopping threads took: 0.0002043 seconds
2024-10-07T05:49:47.415+0300: 697.668: Application time: 0.5608455 seconds
2024-10-07T05:49:47.415+0300: 697.668: [GC (Allocation Failure) 2024-10-07T05:49:47.415+0300: 697.668: [ParNew: 412550K->5304K(460096K), 0.0017635 secs] 418322K->11077K(2046080K), 0.0018465 secs] [Times: user=0.00 sys=0.00, real=0.00 secs] 
2024-10-07T05:49:47.415+0300: 697.670: Total time for which application threads were stopped: 0.0020910 seconds, Stopping threads took: 0.0001382 seconds
2024-10-07T05:49:47.980+0300: 698.227: Application time: 0.5573073 seconds
2024-10-07T05:49:47.980+0300: 698.228: [GC (Allocation Failure) 2024-10-07T05:49:47.980+0300: 698.228: [ParNew: 413501K->3276K(460096K), 0.0013692 secs] 419274K->9050K(2046080K), 0.0014471 secs] [Times: user=0.00 sys=0.00, real=0.00 secs] 
2024-10-07T05:49:47.980+0300: 698.229: Total time for which application threads were stopped: 0.0017423 seconds, Stopping threads took: 0.0001912 seconds
2024-10-07T05:49:48.546+0300: 698.792: Application time: 0.5628416 seconds
2024-10-07T05:49:48.546+0300: 698.792: [GC (Allocation Failure) 2024-10-07T05:49:48.546+0300: 698.792: [ParNew: 412283K->4301K(460096K), 0.0015228 secs] 418057K->10075K(2046080K), 0.0015900 secs] [Times: user=0.00 sys=0.00, real=0.00 secs] 
2024-10-07T05:49:48.546+0300: 698.794: Total time for which application threads were stopped: 0.0018237 seconds, Stopping threads took: 0.0001338 seconds
2024-10-07T05:49:49.111+0300: 699.353: Application time: 0.5597629 seconds
2024-10-07T05:49:49.111+0300: 699.354: [GC (Allocation Failure) 2024-10-07T05:49:49.111+0300: 699.354: [ParNew: 413325K->4287K(460096K), 0.0015511 secs] 419099K->10061K(2046080K), 0.0016225 secs] [Times: user=0.00 sys=0.00, real=0.00 secs] 
2024-10-07T05:49:49.111+0300: 699.355: Total time for which application threads were stopped: 0.0019083 seconds, Stopping threads took: 0.0001851 seconds
2024-10-07T05:49:49.676+0300: 699.919: Application time: 0.5632926 seconds
2024-10-07T05:49:49.678+0300: 699.919: [GC (Allocation Failure) 2024-10-07T05:49:49.678+0300: 699.919: [ParNew: 412827K->4283K(460096K), 0.0014979 secs] 418602K->10059K(2046080K), 0.0015638 secs] [Times: user=0.00 sys=0.00, real=0.00 secs] 
2024-10-07T05:49:49.678+0300: 699.921: Total time for which application threads were stopped: 0.0018231 seconds, Stopping threads took: 0.0001578 seconds
2024-10-07T05:49:50.226+0300: 700.480: Application time: 0.5595584 seconds
2024-10-07T05:49:50.226+0300: 700.480: [GC (Allocation Failure) 2024-10-07T05:49:50.226+0300: 700.480: [ParNew: 413307K->3263K(460096K), 0.0016274 secs] 419083K->9038K(2046080K), 0.0017742 secs] [Times: user=0.00 sys=0.00, real=0.00 secs] 
2024-10-07T05:49:50.226+0300: 700.482: Total time for which application threads were stopped: 0.0020903 seconds, Stopping threads took: 0.0002124 seconds
2024-10-07T05:49:50.791+0300: 701.044: Application time: 0.5614977 seconds
2024-10-07T05:49:50.791+0300: 701.044: [GC (Allocation Failure) 2024-10-07T05:49:50.791+0300: 701.044: [ParNew: 411324K->4300K(460096K), 0.0018554 secs] 417099K->10077K(2046080K), 0.0019459 secs] [Times: user=0.00 sys=0.00, real=0.00 secs] 
2024-10-07T05:49:50.791+0300: 701.046: Total time for which application threads were stopped: 0.0022472 seconds, Stopping threads took: 0.0001681 seconds
2024-10-07T05:49:51.355+0300: 701.607: Application time: 0.5608886 seconds
2024-10-07T05:49:51.355+0300: 701.607: [GC (Allocation Failure) 2024-10-07T05:49:51.355+0300: 701.607: [ParNew: 412936K->5310K(460096K), 0.0017855 secs] 418713K->11087K(2046080K), 0.0018773 secs] [Times: user=0.00 sys=0.00, real=0.00 secs] 
2024-10-07T05:49:51.355+0300: 701.609: Total time for which application threads were stopped: 0.0022157 seconds, Stopping threads took: 0.0002230 seconds
2024-10-07T05:49:51.921+0300: 702.168: Application time: 0.5591607 seconds
2024-10-07T05:49:51.921+0300: 702.168: [GC (Allocation Failure) 2024-10-07T05:49:51.921+0300: 702.169: [ParNew: 414165K->4282K(460096K), 0.0017084 secs] 419942K->10060K(2046080K), 0.0017872 secs] [Times: user=0.00 sys=0.00, real=0.00 secs] 
2024-10-07T05:49:51.921+0300: 702.170: Total time for which application threads were stopped: 0.0020915 seconds, Stopping threads took: 0.0001965 seconds
2024-10-07T05:49:52.486+0300: 702.735: Application time: 0.5646630 seconds
2024-10-07T05:49:52.486+0300: 702.735: [GC (Allocation Failure) 2024-10-07T05:49:52.486+0300: 702.735: [ParNew: 412702K->5305K(460096K), 0.0017667 secs] 418480K->11083K(2046080K), 0.0018381 secs] [Times: user=0.00 sys=0.00, real=0.00 secs] 
2024-10-07T05:49:52.486+0300: 702.737: Total time for which application threads were stopped: 0.0021241 seconds, Stopping threads took: 0.0001888 seconds
2024-10-07T05:49:53.051+0300: 703.295: Application time: 0.5577895 seconds
2024-10-07T05:49:53.051+0300: 703.295: [GC (Allocation Failure) 2024-10-07T05:49:53.051+0300: 703.295: [ParNew: 414082K->5306K(460096K), 0.0017442 secs] 419860K->11085K(2046080K), 0.0018126 secs] [Times: user=0.00 sys=0.00, real=0.00 secs] 
2024-10-07T05:49:53.051+0300: 703.297: Total time for which application threads were stopped: 0.0020564 seconds, Stopping threads took: 0.0001485 seconds
2024-10-07T05:49:53.617+0300: 703.861: Application time: 0.5641114 seconds
2024-10-07T05:49:53.617+0300: 703.861: [GC (Allocation Failure) 2024-10-07T05:49:53.617+0300: 703.861: [ParNew: 413689K->4283K(460096K), 0.0015030 secs] 419468K->10063K(2046080K), 0.0015713 secs] [Times: user=0.00 sys=0.00, real=0.00 secs] 
2024-10-07T05:49:53.617+0300: 703.863: Total time for which application threads were stopped: 0.0018076 seconds, Stopping threads took: 0.0001417 seconds
2024-10-07T05:49:54.165+0300: 704.420: Application time: 0.5571739 seconds
2024-10-07T05:49:54.165+0300: 704.420: [GC (Allocation Failure) 2024-10-07T05:49:54.165+0300: 704.420: [ParNew: 412458K->4296K(460096K), 0.0014937 secs] 418237K->10076K(2046080K), 0.0015771 secs] [Times: user=0.00 sys=0.00, real=0.00 secs] 
2024-10-07T05:49:54.165+0300: 704.422: Total time for which application threads were stopped: 0.0018765 seconds, Stopping threads took: 0.0001897 seconds
2024-10-07T05:49:54.731+0300: 704.984: Application time: 0.5624861 seconds
2024-10-07T05:49:54.731+0300: 704.985: [GC (Allocation Failure) 2024-10-07T05:49:54.731+0300: 704.985: [ParNew: 412769K->4302K(460096K), 0.0015276 secs] 418549K->10083K(2046080K), 0.0016481 secs] [Times: user=0.00 sys=0.00, real=0.00 secs] 
2024-10-07T05:49:54.731+0300: 704.986: Total time for which application threads were stopped: 0.0020152 seconds, Stopping threads took: 0.0002238 seconds
2024-10-07T05:49:55.296+0300: 705.543: Application time: 0.5562199 seconds
2024-10-07T05:49:55.296+0300: 705.543: [GC (Allocation Failure) 2024-10-07T05:49:55.296+0300: 705.543: [ParNew: 412934K->4302K(460096K), 0.0015095 secs] 418715K->10084K(2046080K), 0.0015941 secs] [Times: user=0.00 sys=0.00, real=0.00 secs] 
2024-10-07T05:49:55.296+0300: 705.544: Total time for which application threads were stopped: 0.0018502 seconds, Stopping threads took: 0.0001561 seconds
2024-10-07T05:49:55.861+0300: 706.107: Application time: 0.5627681 seconds
2024-10-07T05:49:55.861+0300: 706.107: [GC (Allocation Failure) 2024-10-07T05:49:55.861+0300: 706.107: [ParNew: 413326K->3278K(460096K), 0.0013039 secs] 419108K->9060K(2046080K), 0.0013684 secs] [Times: user=0.00 sys=0.00, real=0.00 secs] 
2024-10-07T05:49:55.861+0300: 706.109: Total time for which application threads were stopped: 0.0015732 seconds, Stopping threads took: 0.0001149 seconds
2024-10-07T05:49:56.426+0300: 706.669: Application time: 0.5598753 seconds
2024-10-07T05:49:56.426+0300: 706.669: [GC (Allocation Failure) 2024-10-07T05:49:56.426+0300: 706.669: [ParNew: 412302K->4294K(460096K), 0.0013991 secs] 418084K->10077K(2046080K), 0.0014940 secs] [Times: user=0.00 sys=0.00, real=0.00 secs] 
2024-10-07T05:49:56.426+0300: 706.670: Total time for which application threads were stopped: 0.0017475 seconds, Stopping threads took: 0.0001340 seconds
2024-10-07T05:49:56.975+0300: 707.227: Application time: 0.5566680 seconds
2024-10-07T05:49:56.975+0300: 707.227: [GC (Allocation Failure) 2024-10-07T05:49:56.975+0300: 707.227: [ParNew: 413318K->5305K(460096K), 0.0017653 secs] 419101K->11089K(2046080K), 0.0018480 secs] [Times: user=0.00 sys=0.00, real=0.00 secs] 
2024-10-07T05:49:56.975+0300: 707.229: Total time for which application threads were stopped: 0.0021284 seconds, Stopping threads took: 0.0001684 seconds
2024-10-07T05:49:57.541+0300: 707.792: Application time: 0.5626178 seconds
2024-10-07T05:49:57.541+0300: 707.792: [GC (Allocation Failure) 2024-10-07T05:49:57.541+0300: 707.792: [ParNew: 413902K->5304K(460096K), 0.0017461 secs] 419686K->11088K(2046080K), 0.0018274 secs] [Times: user=0.00 sys=0.00, real=0.00 secs] 
2024-10-07T05:49:57.541+0300: 707.794: Total time for which application threads were stopped: 0.0021677 seconds, Stopping threads took: 0.0002384 seconds
2024-10-07T05:49:58.106+0300: 708.355: Application time: 0.5609305 seconds
2024-10-07T05:49:58.106+0300: 708.355: [GC (Allocation Failure) 2024-10-07T05:49:58.106+0300: 708.355: [ParNew: 414061K->5304K(460096K), 0.0017292 secs] 419845K->11089K(2046080K), 0.0018147 secs] [Times: user=0.00 sys=0.00, real=0.00 secs] 
2024-10-07T05:49:58.106+0300: 708.357: Total time for which application threads were stopped: 0.0021568 seconds, Stopping threads took: 0.0002366 seconds
2024-10-07T05:49:58.670+0300: 708.922: Application time: 0.5652065 seconds
2024-10-07T05:49:58.670+0300: 708.923: [GC (Allocation Failure) 2024-10-07T05:49:58.670+0300: 708.923: [ParNew: 413835K->3260K(460096K), 0.0014005 secs] 419620K->9046K(2046080K), 0.0014781 secs] [Times: user=0.00 sys=0.00, real=0.00 secs] 
2024-10-07T05:49:58.670+0300: 708.924: Total time for which application threads were stopped: 0.0018877 seconds, Stopping threads took: 0.0002803 seconds
2024-10-07T05:49:59.235+0300: 709.481: Application time: 0.5565789 seconds
2024-10-07T05:49:59.235+0300: 709.481: [GC (Allocation Failure) 2024-10-07T05:49:59.235+0300: 709.481: [ParNew: 412284K->5308K(460096K), 0.0016690 secs] 418070K->11094K(2046080K), 0.0017432 secs] [Times: user=0.00 sys=0.00, real=0.00 secs] 
2024-10-07T05:49:59.235+0300: 709.483: Total time for which application threads were stopped: 0.0020890 seconds, Stopping threads took: 0.0002441 seconds
2024-10-07T05:49:59.800+0300: 710.048: Application time: 0.5646022 seconds
2024-10-07T05:49:59.800+0300: 710.048: [GC (Allocation Failure) 2024-10-07T05:49:59.800+0300: 710.048: [ParNew: 414332K->4302K(460096K), 0.0017615 secs] 420118K->10089K(2046080K), 0.0018345 secs] [Times: user=0.00 sys=0.00, real=0.00 secs] 
2024-10-07T05:49:59.800+0300: 710.050: Total time for which application threads were stopped: 0.0021453 seconds, Stopping threads took: 0.0001985 seconds
2024-10-07T05:50:00.365+0300: 710.616: Application time: 0.5659535 seconds
2024-10-07T05:50:00.365+0300: 710.616: [GC (Allocation Failure) 2024-10-07T05:50:00.365+0300: 710.616: [ParNew: 413326K->5308K(460096K), 0.0019737 secs] 419113K->11095K(2046080K), 0.0020634 secs] [Times: user=0.00 sys=0.00, real=0.00 secs] 
2024-10-07T05:50:00.365+0300: 710.618: Total time for which application threads were stopped: 0.0024495 seconds, Stopping threads took: 0.0002776 seconds
2024-10-07T05:50:00.930+0300: 711.177: Application time: 0.5585948 seconds
2024-10-07T05:50:00.930+0300: 711.177: [GC (Allocation Failure) 2024-10-07T05:50:00.930+0300: 711.177: [ParNew: 414332K->4282K(460096K), 0.0015370 secs] 420119K->10070K(2046080K), 0.0016224 secs] [Times: user=0.00 sys=0.00, real=0.00 secs] 
2024-10-07T05:50:00.930+0300: 711.179: Total time for which application threads were stopped: 0.0019105 seconds, Stopping threads took: 0.0001654 seconds
2024-10-07T05:50:01.495+0300: 711.742: Application time: 0.5629291 seconds
2024-10-07T05:50:01.495+0300: 711.742: [GC (Allocation Failure) 2024-10-07T05:50:01.495+0300: 711.742: [ParNew: 412782K->5304K(460096K), 0.0016088 secs] 418570K->11092K(2046080K), 0.0017642 secs] [Times: user=0.00 sys=0.00, real=0.01 secs] 
2024-10-07T05:50:01.502+0300: 711.744: Total time for which application threads were stopped: 0.0021014 seconds, Stopping threads took: 0.0001810 seconds
2024-10-07T05:50:02.060+0300: 712.303: Application time: 0.5591702 seconds
2024-10-07T05:50:02.060+0300: 712.303: [GC (Allocation Failure) 2024-10-07T05:50:02.060+0300: 712.303: [ParNew: 414069K->3275K(460096K), 0.0013106 secs] 419858K->9064K(2046080K), 0.0013811 secs] [Times: user=0.00 sys=0.00, real=0.00 secs] 
2024-10-07T05:50:02.060+0300: 712.304: Total time for which application threads were stopped: 0.0016641 seconds, Stopping threads took: 0.0001846 seconds
2024-10-07T05:50:02.625+0300: 712.868: Application time: 0.5639315 seconds
2024-10-07T05:50:02.625+0300: 712.869: [GC (Allocation Failure) 2024-10-07T05:50:02.625+0300: 712.869: [ParNew: 411798K->3278K(460096K), 0.0012687 secs] 417587K->9068K(2046080K), 0.0013430 secs] [Times: user=0.00 sys=0.00, real=0.00 secs] 
2024-10-07T05:50:02.625+0300: 712.870: Total time for which application threads were stopped: 0.0016306 seconds, Stopping threads took: 0.0001882 seconds
2024-10-07T05:50:03.175+0300: 713.431: Application time: 0.5612921 seconds
2024-10-07T05:50:03.175+0300: 713.432: [GC (Allocation Failure) 2024-10-07T05:50:03.175+0300: 713.432: [ParNew: 411664K->3277K(460096K), 0.0015105 secs] 417454K->9067K(2046080K), 0.0015952 secs] [Times: user=0.00 sys=0.00, real=0.02 secs] 
2024-10-07T05:50:03.191+0300: 713.433: Total time for which application threads were stopped: 0.0018482 seconds, Stopping threads took: 0.0001125 seconds
2024-10-07T05:50:03.740+0300: 713.995: Application time: 0.5619395 seconds
2024-10-07T05:50:03.740+0300: 713.995: [GC (Allocation Failure) 2024-10-07T05:50:03.740+0300: 713.995: [ParNew: 412101K->5306K(460096K), 0.0016138 secs] 417891K->11097K(2046080K), 0.0016917 secs] [Times: user=0.00 sys=0.00, real=0.00 secs] 
2024-10-07T05:50:03.740+0300: 713.997: Total time for which application threads were stopped: 0.0019926 seconds, Stopping threads took: 0.0001974 seconds
2024-10-07T05:50:04.308+0300: 714.558: Application time: 0.5610333 seconds
2024-10-07T05:50:04.308+0300: 714.558: [GC (Allocation Failure) 2024-10-07T05:50:04.308+0300: 714.558: [ParNew: 413759K->4282K(460096K), 0.0013716 secs] 419550K->10073K(2046080K), 0.0014459 secs] [Times: user=0.00 sys=0.00, real=0.00 secs] 
2024-10-07T05:50:04.308+0300: 714.560: Total time for which application threads were stopped: 0.0017587 seconds, Stopping threads took: 0.0002101 seconds
2024-10-07T05:50:04.871+0300: 715.121: Application time: 0.5610737 seconds
2024-10-07T05:50:04.871+0300: 715.121: [GC (Allocation Failure) 2024-10-07T05:50:04.871+0300: 715.121: [ParNew: 413202K->3261K(460096K), 0.0014505 secs] 418994K->9054K(2046080K), 0.0015239 secs] [Times: user=0.00 sys=0.00, real=0.00 secs] 
2024-10-07T05:50:04.871+0300: 715.123: Total time for which application threads were stopped: 0.0018405 seconds, Stopping threads took: 0.0002084 seconds
2024-10-07T05:50:05.436+0300: 715.688: Application time: 0.5651776 seconds
2024-10-07T05:50:05.436+0300: 715.688: [GC (Allocation Failure) 2024-10-07T05:50:05.436+0300: 715.688: [ParNew: 412285K->4282K(460096K), 0.0015699 secs] 418078K->10074K(2046080K), 0.0016952 secs] [Times: user=0.03 sys=0.00, real=0.00 secs] 
2024-10-07T05:50:05.436+0300: 715.690: Total time for which application threads were stopped: 0.0020306 seconds, Stopping threads took: 0.0001923 seconds
2024-10-07T05:50:06.000+0300: 716.248: Application time: 0.5575408 seconds
2024-10-07T05:50:06.000+0300: 716.248: [GC (Allocation Failure) 2024-10-07T05:50:06.000+0300: 716.248: [ParNew: 413048K->2256K(460096K), 0.0013652 secs] 418841K->8050K(2046080K), 0.0014394 secs] [Times: user=0.00 sys=0.00, real=0.00 secs] 
2024-10-07T05:50:06.000+0300: 716.249: Total time for which application threads were stopped: 0.0017515 seconds, Stopping threads took: 0.0002054 seconds
2024-10-07T05:50:06.565+0300: 716.814: Application time: 0.5645887 seconds
2024-10-07T05:50:06.565+0300: 716.815: [GC (Allocation Failure) 2024-10-07T05:50:06.565+0300: 716.815: [ParNew: 410940K->3264K(460096K), 0.0015345 secs] 416734K->9058K(2046080K), 0.0016307 secs] [Times: user=0.05 sys=0.00, real=0.00 secs] 
2024-10-07T05:50:06.565+0300: 716.816: Total time for which application threads were stopped: 0.0022631 seconds, Stopping threads took: 0.0005016 seconds
2024-10-07T05:50:07.130+0300: 717.384: Application time: 0.5676491 seconds
2024-10-07T05:50:07.130+0300: 717.384: [GC (Allocation Failure) 2024-10-07T05:50:07.130+0300: 717.384: [ParNew: 411814K->5305K(460096K), 0.0016792 secs] 417608K->11100K(2046080K), 0.0017757 secs] [Times: user=0.00 sys=0.00, real=0.00 secs] 
2024-10-07T05:50:07.130+0300: 717.386: Total time for which application threads were stopped: 0.0020704 seconds, Stopping threads took: 0.0001817 seconds
2024-10-07T05:50:07.727+0300: 717.969: Application time: 0.5827182 seconds
2024-10-07T05:50:07.727+0300: 717.969: [GC (Allocation Failure) 2024-10-07T05:50:07.727+0300: 717.969: [ParNew: 414329K->4314K(460096K), 0.0014271 secs] 420124K->10109K(2046080K), 0.0014887 secs] [Times: user=0.01 sys=0.00, real=0.00 secs] 
2024-10-07T05:50:07.727+0300: 717.970: Total time for which application threads were stopped: 0.0017383 seconds, Stopping threads took: 0.0001433 seconds
2024-10-07T05:50:08.276+0300: 718.532: Application time: 0.5614156 seconds
2024-10-07T05:50:08.276+0300: 718.532: [GC (Allocation Failure) 2024-10-07T05:50:08.276+0300: 718.532: [ParNew: 413338K->4284K(460096K), 0.0016347 secs] 419133K->10080K(2046080K), 0.0017169 secs] [Times: user=0.02 sys=0.00, real=0.02 secs] 
2024-10-07T05:50:08.292+0300: 718.534: Total time for which application threads were stopped: 0.0020025 seconds, Stopping threads took: 0.0001725 seconds
2024-10-07T05:50:08.857+0300: 719.100: Application time: 0.5659375 seconds
2024-10-07T05:50:08.857+0300: 719.100: [GC (Allocation Failure) 2024-10-07T05:50:08.857+0300: 719.100: [ParNew: 412855K->4286K(460096K), 0.0017924 secs] 418651K->10083K(2046080K), 0.0018587 secs] [Times: user=0.00 sys=0.00, real=0.00 secs] 
2024-10-07T05:50:08.857+0300: 719.102: Total time for which application threads were stopped: 0.0021271 seconds, Stopping threads took: 0.0001616 seconds
2024-10-07T05:50:09.422+0300: 719.671: Application time: 0.5689888 seconds
2024-10-07T05:50:09.422+0300: 719.671: [GC (Allocation Failure) 2024-10-07T05:50:09.422+0300: 719.671: [ParNew: 413310K->3260K(460096K), 0.0014153 secs] 419107K->9057K(2046080K), 0.0015024 secs] [Times: user=0.00 sys=0.00, real=0.00 secs] 
2024-10-07T05:50:09.422+0300: 719.673: Total time for which application threads were stopped: 0.0017765 seconds, Stopping threads took: 0.0001527 seconds
2024-10-07T05:50:09.987+0300: 720.231: Application time: 0.5588540 seconds
2024-10-07T05:50:09.987+0300: 720.232: [GC (Allocation Failure) 2024-10-07T05:50:09.987+0300: 720.232: [ParNew: 412284K->3258K(460096K), 0.0013749 secs] 418081K->9056K(2046080K), 0.0014601 secs] [Times: user=0.00 sys=0.00, real=0.00 secs] 
2024-10-07T05:50:09.987+0300: 720.233: Total time for which application threads were stopped: 0.0017341 seconds, Stopping threads took: 0.0001629 seconds
2024-10-07T05:50:10.553+0300: 720.797: Application time: 0.5640473 seconds
2024-10-07T05:50:10.553+0300: 720.797: [GC (Allocation Failure) 2024-10-07T05:50:10.553+0300: 720.798: [ParNew: 412005K->4284K(460096K), 0.0018829 secs] 417803K->10083K(2046080K), 0.0019661 secs] [Times: user=0.05 sys=0.00, real=0.00 secs] 
2024-10-07T05:50:10.553+0300: 720.799: Total time for which application threads were stopped: 0.0021944 seconds, Stopping threads took: 0.0001133 seconds
2024-10-07T05:50:11.102+0300: 721.358: Application time: 0.5584778 seconds
2024-10-07T05:50:11.102+0300: 721.358: [GC (Allocation Failure) 2024-10-07T05:50:11.102+0300: 721.358: [ParNew: 412757K->5304K(460096K), 0.0018042 secs] 418556K->11103K(2046080K), 0.0018873 secs] [Times: user=0.03 sys=0.00, real=0.02 secs] 
2024-10-07T05:50:11.117+0300: 721.360: Total time for which application threads were stopped: 0.0021553 seconds, Stopping threads took: 0.0001453 seconds
2024-10-07T05:50:11.667+0300: 721.923: Application time: 0.5630969 seconds
2024-10-07T05:50:11.667+0300: 721.924: [GC (Allocation Failure) 2024-10-07T05:50:11.667+0300: 721.924: [ParNew: 414138K->5302K(460096K), 0.0018613 secs] 419937K->11102K(2046080K), 0.0019665 secs] [Times: user=0.02 sys=0.00, real=0.02 secs] 
2024-10-07T05:50:11.683+0300: 721.926: Total time for which application threads were stopped: 0.0023152 seconds, Stopping threads took: 0.0002233 seconds
2024-10-07T05:50:12.247+0300: 722.490: Application time: 0.5642959 seconds
2024-10-07T05:50:12.247+0300: 722.490: [GC (Allocation Failure) 2024-10-07T05:50:12.247+0300: 722.490: [ParNew: 413448K->3259K(460096K), 0.0013545 secs] 419248K->9059K(2046080K), 0.0014240 secs] [Times: user=0.02 sys=0.00, real=0.00 secs] 
2024-10-07T05:50:12.247+0300: 722.491: Total time for which application threads were stopped: 0.0016392 seconds, Stopping threads took: 0.0001110 seconds
2024-10-07T05:50:12.812+0300: 723.055: Application time: 0.5638621 seconds
2024-10-07T05:50:12.812+0300: 723.056: [GC (Allocation Failure) 2024-10-07T05:50:12.812+0300: 723.056: [ParNew: 411454K->5306K(460096K), 0.0018798 secs] 417254K->11107K(2046080K), 0.0019609 secs] [Times: user=0.00 sys=0.00, real=0.00 secs] 
2024-10-07T05:50:12.812+0300: 723.058: Total time for which application threads were stopped: 0.0021731 seconds, Stopping threads took: 0.0001116 seconds
2024-10-07T05:50:13.377+0300: 723.625: Application time: 0.5671408 seconds
2024-10-07T05:50:13.377+0300: 723.625: [GC (Allocation Failure) 2024-10-07T05:50:13.377+0300: 723.625: [ParNew: 413680K->4298K(460096K), 0.0015356 secs] 419481K->10100K(2046080K), 0.0016181 secs] [Times: user=0.06 sys=0.00, real=0.00 secs] 
2024-10-07T05:50:13.377+0300: 723.627: Total time for which application threads were stopped: 0.0018742 seconds, Stopping threads took: 0.0001471 seconds
2024-10-07T05:50:13.942+0300: 724.188: Application time: 0.5616064 seconds
2024-10-07T05:50:13.942+0300: 724.188: [GC (Allocation Failure) 2024-10-07T05:50:13.942+0300: 724.188: [ParNew: 413035K->5304K(460096K), 0.0016745 secs] 418836K->11106K(2046080K), 0.0017652 secs] [Times: user=0.00 sys=0.00, real=0.00 secs] 
2024-10-07T05:50:13.942+0300: 724.190: Total time for which application threads were stopped: 0.0020167 seconds, Stopping threads took: 0.0001312 seconds
2024-10-07T05:50:14.516+0300: 724.759: Application time: 0.5683435 seconds
2024-10-07T05:50:14.517+0300: 724.759: [GC (Allocation Failure) 2024-10-07T05:50:14.517+0300: 724.759: [ParNew: 414328K->4301K(460096K), 0.0014633 secs] 420130K->10104K(2046080K), 0.0015536 secs] [Times: user=0.00 sys=0.00, real=0.00 secs] 
2024-10-07T05:50:14.519+0300: 724.760: Total time for which application threads were stopped: 0.0018236 seconds, Stopping threads took: 0.0001538 seconds
2024-10-07T05:50:15.072+0300: 725.323: Application time: 0.5625796 seconds
2024-10-07T05:50:15.072+0300: 725.323: [GC (Allocation Failure) 2024-10-07T05:50:15.072+0300: 725.323: [ParNew: 412923K->5304K(460096K), 0.0016721 secs] 418726K->11108K(2046080K), 0.0017628 secs] [Times: user=0.00 sys=0.00, real=0.00 secs] 
2024-10-07T05:50:15.072+0300: 725.325: Total time for which application threads were stopped: 0.0021404 seconds, Stopping threads took: 0.0002308 seconds
2024-10-07T05:50:15.637+0300: 725.891: Application time: 0.5656764 seconds
2024-10-07T05:50:15.637+0300: 725.891: [GC (Allocation Failure) 2024-10-07T05:50:15.637+0300: 725.891: [ParNew: 414048K->5305K(460096K), 0.0019793 secs] 419851K->11109K(2046080K), 0.0020938 secs] [Times: user=0.02 sys=0.00, real=0.00 secs] 
2024-10-07T05:50:15.637+0300: 725.893: Total time for which application threads were stopped: 0.0024285 seconds, Stopping threads took: 0.0001689 seconds
2024-10-07T05:50:16.202+0300: 726.449: Application time: 0.5559913 seconds
2024-10-07T05:50:16.202+0300: 726.449: [GC (Allocation Failure) 2024-10-07T05:50:16.202+0300: 726.449: [ParNew: 414269K->4280K(460096K), 0.0016865 secs] 420073K->10085K(2046080K), 0.0017701 secs] [Times: user=0.00 sys=0.00, real=0.00 secs] 
2024-10-07T05:50:16.202+0300: 726.451: Total time for which application threads were stopped: 0.0020613 seconds, Stopping threads took: 0.0001834 seconds
2024-10-07T05:50:16.768+0300: 727.015: Application time: 0.5637614 seconds
2024-10-07T05:50:16.768+0300: 727.015: [GC (Allocation Failure) 2024-10-07T05:50:16.768+0300: 727.015: [ParNew: 413084K->5304K(460096K), 0.0017043 secs] 418888K->11109K(2046080K), 0.0017821 secs] [Times: user=0.03 sys=0.00, real=0.00 secs] 
2024-10-07T05:50:16.768+0300: 727.017: Total time for which application threads were stopped: 0.0020608 seconds, Stopping threads took: 0.0001739 seconds
2024-10-07T05:50:17.335+0300: 727.578: Application time: 0.5607096 seconds
2024-10-07T05:50:17.335+0300: 727.578: [GC (Allocation Failure) 2024-10-07T05:50:17.335+0300: 727.578: [ParNew: 414328K->4278K(460096K), 0.0014344 secs] 420133K->10084K(2046080K), 0.0015163 secs] [Times: user=0.00 sys=0.00, real=0.00 secs] 
2024-10-07T05:50:17.335+0300: 727.580: Total time for which application threads were stopped: 0.0019522 seconds, Stopping threads took: 0.0003248 seconds
2024-10-07T05:50:17.899+0300: 728.142: Application time: 0.5619992 seconds
2024-10-07T05:50:17.899+0300: 728.142: [GC (Allocation Failure) 2024-10-07T05:50:17.899+0300: 728.142: [ParNew: 413093K->4282K(460096K), 0.0019694 secs] 418899K->10088K(2046080K), 0.0020772 secs] [Times: user=0.00 sys=0.00, real=0.00 secs] 
2024-10-07T05:50:17.899+0300: 728.144: Total time for which application threads were stopped: 0.0023897 seconds, Stopping threads took: 0.0001840 seconds
2024-10-07T05:50:18.464+0300: 728.708: Application time: 0.5634058 seconds
2024-10-07T05:50:18.464+0300: 728.708: [GC (Allocation Failure) 2024-10-07T05:50:18.464+0300: 728.708: [ParNew: 412382K->4280K(460096K), 0.0017388 secs] 418188K->10087K(2046080K), 0.0018247 secs] [Times: user=0.00 sys=0.00, real=0.00 secs] 
2024-10-07T05:50:18.464+0300: 728.710: Total time for which application threads were stopped: 0.0021436 seconds, Stopping threads took: 0.0001970 seconds
2024-10-07T05:50:19.029+0300: 729.270: Application time: 0.5603891 seconds
2024-10-07T05:50:19.029+0300: 729.270: [GC (Allocation Failure) 2024-10-07T05:50:19.029+0300: 729.270: [ParNew: 412883K->5308K(460096K), 0.0017148 secs] 418690K->11116K(2046080K), 0.0017919 secs] [Times: user=0.00 sys=0.00, real=0.00 secs] 
2024-10-07T05:50:19.029+0300: 729.272: Total time for which application threads were stopped: 0.0020358 seconds, Stopping threads took: 0.0001388 seconds
2024-10-07T05:50:19.594+0300: 729.838: Application time: 0.5654405 seconds
2024-10-07T05:50:19.594+0300: 729.838: [GC (Allocation Failure) 2024-10-07T05:50:19.594+0300: 729.838: [ParNew: 413893K->4298K(460096K), 0.0015537 secs] 419701K->10107K(2046080K), 0.0016234 secs] [Times: user=0.00 sys=0.00, real=0.00 secs] 
2024-10-07T05:50:19.594+0300: 729.839: Total time for which application threads were stopped: 0.0018850 seconds, Stopping threads took: 0.0001685 seconds
2024-10-07T05:50:20.159+0300: 730.400: Application time: 0.5607607 seconds
2024-10-07T05:50:20.159+0300: 730.400: [GC (Allocation Failure) 2024-10-07T05:50:20.159+0300: 730.400: [ParNew: 413322K->3259K(460096K), 0.0014404 secs] 419131K->9069K(2046080K), 0.0015104 secs] [Times: user=0.00 sys=0.00, real=0.00 secs] 
2024-10-07T05:50:20.159+0300: 730.402: Total time for which application threads were stopped: 0.0017767 seconds, Stopping threads took: 0.0001602 seconds
2024-10-07T05:50:20.708+0300: 730.962: Application time: 0.5604061 seconds
2024-10-07T05:50:20.708+0300: 730.963: [GC (Allocation Failure) 2024-10-07T05:50:20.708+0300: 730.963: [ParNew: 411426K->2243K(460096K), 0.0013035 secs] 417235K->8053K(2046080K), 0.0013922 secs] [Times: user=0.00 sys=0.00, real=0.00 secs] 
2024-10-07T05:50:20.708+0300: 730.964: Total time for which application threads were stopped: 0.0017472 seconds, Stopping threads took: 0.0002145 seconds
2024-10-07T05:50:21.273+0300: 731.524: Application time: 0.5597061 seconds
2024-10-07T05:50:21.273+0300: 731.524: [GC (Allocation Failure) 2024-10-07T05:50:21.273+0300: 731.524: [ParNew: 411267K->3269K(460096K), 0.0013403 secs] 417077K->9080K(2046080K), 0.0014106 secs] [Times: user=0.00 sys=0.00, real=0.00 secs] 
2024-10-07T05:50:21.273+0300: 731.526: Total time for which application threads were stopped: 0.0016807 seconds, Stopping threads took: 0.0001708 seconds
2024-10-07T05:50:21.843+0300: 732.090: Application time: 0.5640014 seconds
2024-10-07T05:50:21.843+0300: 732.090: [GC (Allocation Failure) 2024-10-07T05:50:21.843+0300: 732.090: [ParNew: 412231K->3278K(460096K), 0.0014847 secs] 418042K->9089K(2046080K), 0.0015592 secs] [Times: user=0.00 sys=0.00, real=0.00 secs] 
2024-10-07T05:50:21.843+0300: 732.091: Total time for which application threads were stopped: 0.0018514 seconds, Stopping threads took: 0.0001892 seconds
2024-10-07T05:50:22.402+0300: 732.656: Application time: 0.5647493 seconds
2024-10-07T05:50:22.402+0300: 732.656: [GC (Allocation Failure) 2024-10-07T05:50:22.402+0300: 732.656: [ParNew: 412302K->3275K(460096K), 0.0013410 secs] 418113K->9087K(2046080K), 0.0014425 secs] [Times: user=0.00 sys=0.00, real=0.00 secs] 
2024-10-07T05:50:22.402+0300: 732.658: Total time for which application threads were stopped: 0.0017886 seconds, Stopping threads took: 0.0002161 seconds
2024-10-07T05:50:22.967+0300: 733.212: Application time: 0.5540996 seconds
2024-10-07T05:50:22.967+0300: 733.212: [GC (Allocation Failure) 2024-10-07T05:50:22.967+0300: 733.212: [ParNew: 412299K->4304K(460096K), 0.0013593 secs] 418111K->10116K(2046080K), 0.0014359 secs] [Times: user=0.00 sys=0.00, real=0.00 secs] 
2024-10-07T05:50:22.967+0300: 733.214: Total time for which application threads were stopped: 0.0017039 seconds, Stopping threads took: 0.0001566 seconds
2024-10-07T05:50:23.532+0300: 733.781: Application time: 0.5669621 seconds
2024-10-07T05:50:23.532+0300: 733.781: [GC (Allocation Failure) 2024-10-07T05:50:23.532+0300: 733.781: [ParNew: 412427K->5306K(460096K), 0.0016766 secs] 418240K->11119K(2046080K), 0.0017661 secs] [Times: user=0.00 sys=0.00, real=0.00 secs] 
2024-10-07T05:50:23.532+0300: 733.783: Total time for which application threads were stopped: 0.0020146 seconds, Stopping threads took: 0.0001294 seconds
2024-10-07T05:50:24.098+0300: 734.340: Application time: 0.5573068 seconds
2024-10-07T05:50:24.098+0300: 734.340: [GC (Allocation Failure) 2024-10-07T05:50:24.098+0300: 734.340: [ParNew: 413426K->4252K(460096K), 0.0014334 secs] 419239K->10066K(2046080K), 0.0015237 secs] [Times: user=0.00 sys=0.00, real=0.00 secs] 
2024-10-07T05:50:24.098+0300: 734.342: Total time for which application threads were stopped: 0.0018159 seconds, Stopping threads took: 0.0001771 seconds
2024-10-07T05:50:24.663+0300: 734.910: Application time: 0.5677712 seconds
2024-10-07T05:50:24.663+0300: 734.910: [GC (Allocation Failure) 2024-10-07T05:50:24.663+0300: 734.910: [ParNew: 412836K->5306K(460096K), 0.0016559 secs] 418650K->11120K(2046080K), 0.0017410 secs] [Times: user=0.00 sys=0.00, real=0.00 secs] 
2024-10-07T05:50:24.663+0300: 734.912: Total time for which application threads were stopped: 0.0020096 seconds, Stopping threads took: 0.0001660 seconds
2024-10-07T05:50:25.212+0300: 735.468: Application time: 0.5565426 seconds
2024-10-07T05:50:25.212+0300: 735.468: [GC (Allocation Failure) 2024-10-07T05:50:25.212+0300: 735.468: [ParNew: 413376K->3275K(460096K), 0.0017245 secs] 419191K->9089K(2046080K), 0.0017933 secs] [Times: user=0.02 sys=0.00, real=0.02 secs] 
2024-10-07T05:50:25.227+0300: 735.470: Total time for which application threads were stopped: 0.0020608 seconds, Stopping threads took: 0.0001609 seconds
2024-10-07T05:50:25.793+0300: 736.035: Application time: 0.5650871 seconds
2024-10-07T05:50:25.793+0300: 736.036: [GC (Allocation Failure) 2024-10-07T05:50:25.793+0300: 736.036: [ParNew: 412299K->5322K(460096K), 0.0017612 secs] 418113K->11138K(2046080K), 0.0018431 secs] [Times: user=0.02 sys=0.00, real=0.00 secs] 
2024-10-07T05:50:25.793+0300: 736.038: Total time for which application threads were stopped: 0.0021829 seconds, Stopping threads took: 0.0002327 seconds
2024-10-07T05:50:26.358+0300: 736.601: Application time: 0.5637958 seconds
2024-10-07T05:50:26.358+0300: 736.602: [GC (Allocation Failure) 2024-10-07T05:50:26.358+0300: 736.602: [ParNew: 413727K->3292K(460096K), 0.0013451 secs] 419542K->9108K(2046080K), 0.0014268 secs] [Times: user=0.00 sys=0.00, real=0.00 secs] 
2024-10-07T05:50:26.358+0300: 736.603: Total time for which application threads were stopped: 0.0016759 seconds, Stopping threads took: 0.0001302 seconds
2024-10-07T05:50:26.907+0300: 737.161: Application time: 0.5575261 seconds
2024-10-07T05:50:26.907+0300: 737.161: [GC (Allocation Failure) 2024-10-07T05:50:26.907+0300: 737.161: [ParNew: 411552K->4284K(460096K), 0.0016103 secs] 417368K->10101K(2046080K), 0.0016843 secs] [Times: user=0.00 sys=0.00, real=0.00 secs] 
2024-10-07T05:50:26.907+0300: 737.162: Total time for which application threads were stopped: 0.0019786 seconds, Stopping threads took: 0.0001891 seconds
2024-10-07T05:50:27.473+0300: 737.725: Application time: 0.5624376 seconds
2024-10-07T05:50:27.473+0300: 737.725: [GC (Allocation Failure) 2024-10-07T05:50:27.473+0300: 737.725: [ParNew: 413020K->3263K(460096K), 0.0013301 secs] 418837K->9080K(2046080K), 0.0014427 secs] [Times: user=0.00 sys=0.00, real=0.00 secs] 
2024-10-07T05:50:27.473+0300: 737.727: Total time for which application threads were stopped: 0.0019028 seconds, Stopping threads took: 0.0003054 seconds
2024-10-07T05:50:27.724+0300: 737.969: Application time: 0.2419424 seconds
2024-10-07T05:50:27.724+0300: 737.969: Total time for which application threads were stopped: 0.0001739 seconds, Stopping threads took: 0.0001032 seconds
2024-10-07T05:50:27.880+0300: 738.132: Application time: 0.1628839 seconds
2024-10-07T05:50:27.880+0300: 738.132: Total time for which application threads were stopped: 0.0002542 seconds, Stopping threads took: 0.0002010 seconds
2024-10-07T05:50:27.880+0300: 738.135: Application time: 0.0031899 seconds
2024-10-07T05:50:27.880+0300: 738.135: Total time for which application threads were stopped: 0.0000988 seconds, Stopping threads took: 0.0000697 seconds
2024-10-07T05:50:27.912+0300: 738.158: Application time: 0.0223631 seconds
2024-10-07T05:50:27.912+0300: 738.158: Total time for which application threads were stopped: 0.0001592 seconds, Stopping threads took: 0.0001108 seconds
2024-10-07T05:50:27.959+0300: 738.204: Application time: 0.0455979 seconds
2024-10-07T05:50:27.959+0300: 738.204: Total time for which application threads were stopped: 0.0001105 seconds, Stopping threads took: 0.0000665 seconds
2024-10-07T05:50:28.037+0300: 738.287: Application time: 0.0828703 seconds
2024-10-07T05:50:28.053+0300: 738.294: Total time for which application threads were stopped: 0.0074829 seconds, Stopping threads took: 0.0074296 seconds
2024-10-07T05:50:28.163+0300: 738.419: Application time: 0.1249309 seconds
2024-10-07T05:50:28.163+0300: 738.419: [GC (Allocation Failure) 2024-10-07T05:50:28.163+0300: 738.419: [ParNew: 412287K->5308K(460096K), 0.0018153 secs] 418104K->11126K(2046080K), 0.0018938 secs] [Times: user=0.01 sys=0.00, real=0.02 secs] 
2024-10-07T05:50:28.179+0300: 738.421: Total time for which application threads were stopped: 0.0021609 seconds, Stopping threads took: 0.0001619 seconds
2024-10-07T05:50:28.728+0300: 738.979: Application time: 0.5574320 seconds
2024-10-07T05:50:28.728+0300: 738.979: [GC (Allocation Failure) 2024-10-07T05:50:28.728+0300: 738.979: [ParNew: 413891K->3295K(460096K), 0.0013555 secs] 419709K->9113K(2046080K), 0.0014466 secs] [Times: user=0.00 sys=0.00, real=0.00 secs] 
2024-10-07T05:50:28.728+0300: 738.980: Total time for which application threads were stopped: 0.0017698 seconds, Stopping threads took: 0.0001751 seconds
2024-10-07T05:50:29.277+0300: 739.532: Application time: 0.5521274 seconds
2024-10-07T05:50:29.277+0300: 739.533: [GC (Allocation Failure) 2024-10-07T05:50:29.277+0300: 739.533: [ParNew: 411692K->3267K(460096K), 0.0014084 secs] 417511K->9087K(2046080K), 0.0015363 secs] [Times: user=0.00 sys=0.00, real=0.02 secs] 
2024-10-07T05:50:29.293+0300: 739.534: Total time for which application threads were stopped: 0.0018340 seconds, Stopping threads took: 0.0001586 seconds
2024-10-07T05:50:29.842+0300: 740.090: Application time: 0.5559725 seconds
2024-10-07T05:50:29.842+0300: 740.090: [GC (Allocation Failure) 2024-10-07T05:50:29.842+0300: 740.091: [ParNew: 411699K->4290K(460096K), 0.0014639 secs] 417518K->10110K(2046080K), 0.0015333 secs] [Times: user=0.00 sys=0.00, real=0.00 secs] 
2024-10-07T05:50:29.842+0300: 740.092: Total time for which application threads were stopped: 0.0018020 seconds, Stopping threads took: 0.0001571 seconds
2024-10-07T05:50:30.407+0300: 740.656: Application time: 0.5638397 seconds
2024-10-07T05:50:30.407+0300: 740.656: [GC (Allocation Failure) 2024-10-07T05:50:30.407+0300: 740.656: [ParNew: 412560K->3282K(460096K), 0.0015833 secs] 418380K->9102K(2046080K), 0.0016512 secs] [Times: user=0.00 sys=0.00, real=0.00 secs] 
2024-10-07T05:50:30.407+0300: 740.658: Total time for which application threads were stopped: 0.0019510 seconds, Stopping threads took: 0.0002085 seconds
2024-10-07T05:50:30.961+0300: 741.213: Application time: 0.5549279 seconds
2024-10-07T05:50:30.961+0300: 741.213: [GC (Allocation Failure) 2024-10-07T05:50:30.972+0300: 741.213: [ParNew: 412306K->4302K(460096K), 0.0015231 secs] 418126K->10123K(2046080K), 0.0016676 secs] [Times: user=0.00 sys=0.00, real=0.01 secs] 
2024-10-07T05:50:30.972+0300: 741.215: Total time for which application threads were stopped: 0.0019985 seconds, Stopping threads took: 0.0002083 seconds
2024-10-07T05:50:31.521+0300: 741.776: Application time: 0.5610127 seconds
2024-10-07T05:50:31.521+0300: 741.776: [GC (Allocation Failure) 2024-10-07T05:50:31.521+0300: 741.776: [ParNew: 413326K->5306K(460096K), 0.0020032 secs] 419147K->11132K(2046080K), 0.0021279 secs] [Times: user=0.02 sys=0.00, real=0.02 secs] 
2024-10-07T05:50:31.537+0300: 741.778: Total time for which application threads were stopped: 0.0024779 seconds, Stopping threads took: 0.0001856 seconds
2024-10-07T05:50:32.086+0300: 742.335: Application time: 0.5571404 seconds
2024-10-07T05:50:32.086+0300: 742.336: [GC (Allocation Failure) 2024-10-07T05:50:32.086+0300: 742.336: [ParNew: 414330K->4284K(460096K), 0.0015259 secs] 420156K->10111K(2046080K), 0.0016007 secs] [Times: user=0.00 sys=0.00, real=0.00 secs] 
2024-10-07T05:50:32.086+0300: 742.337: Total time for which application threads were stopped: 0.0019872 seconds, Stopping threads took: 0.0002762 seconds
2024-10-07T05:50:32.651+0300: 742.901: Application time: 0.5633186 seconds
2024-10-07T05:50:32.651+0300: 742.901: [GC (Allocation Failure) 2024-10-07T05:50:32.651+0300: 742.901: [ParNew: 412548K->4283K(460096K), 0.0015761 secs] 418375K->10111K(2046080K), 0.0016512 secs] [Times: user=0.00 sys=0.00, real=0.00 secs] 
2024-10-07T05:50:32.651+0300: 742.903: Total time for which application threads were stopped: 0.0019767 seconds, Stopping threads took: 0.0002262 seconds
2024-10-07T05:50:33.216+0300: 743.464: Application time: 0.5613432 seconds
2024-10-07T05:50:33.216+0300: 743.464: [GC (Allocation Failure) 2024-10-07T05:50:33.216+0300: 743.464: [ParNew: 413307K->3293K(460096K), 0.0014591 secs] 419135K->9120K(2046080K), 0.0015319 secs] [Times: user=0.00 sys=0.00, real=0.00 secs] 
2024-10-07T05:50:33.216+0300: 743.466: Total time for which application threads were stopped: 0.0017364 seconds, Stopping threads took: 0.0000869 seconds
2024-10-07T05:50:33.781+0300: 744.030: Application time: 0.5637475 seconds
2024-10-07T05:50:33.781+0300: 744.030: [GC (Allocation Failure) 2024-10-07T05:50:33.781+0300: 744.030: [ParNew: 412317K->2274K(460096K), 0.0015806 secs] 418144K->8103K(2046080K), 0.0016323 secs] [Times: user=0.01 sys=0.00, real=0.00 secs] 
2024-10-07T05:50:33.781+0300: 744.031: Total time for which application threads were stopped: 0.0018969 seconds, Stopping threads took: 0.0001787 seconds
2024-10-07T05:50:34.346+0300: 744.589: Application time: 0.5577667 seconds
2024-10-07T05:50:34.346+0300: 744.589: [GC (Allocation Failure) 2024-10-07T05:50:34.346+0300: 744.589: [ParNew: 410857K->5312K(460096K), 0.0019962 secs] 416686K->11141K(2046080K), 0.0020825 secs] [Times: user=0.00 sys=0.00, real=0.00 secs] 
2024-10-07T05:50:34.346+0300: 744.592: Total time for which application threads were stopped: 0.0023687 seconds, Stopping threads took: 0.0001719 seconds
2024-10-07T05:50:34.896+0300: 745.151: Application time: 0.5592149 seconds
2024-10-07T05:50:34.896+0300: 745.151: [GC (Allocation Failure) 2024-10-07T05:50:34.896+0300: 745.151: [ParNew: 413596K->5302K(460096K), 0.0016124 secs] 419425K->11132K(2046080K), 0.0016913 secs] [Times: user=0.00 sys=0.00, real=0.00 secs] 
2024-10-07T05:50:34.896+0300: 745.153: Total time for which application threads were stopped: 0.0020137 seconds, Stopping threads took: 0.0002225 seconds
2024-10-07T05:50:35.470+0300: 745.718: Application time: 0.5650013 seconds
2024-10-07T05:50:35.470+0300: 745.718: [GC (Allocation Failure) 2024-10-07T05:50:35.470+0300: 745.718: [ParNew: 413430K->5306K(460096K), 0.0020819 secs] 419260K->11136K(2046080K), 0.0035992 secs] [Times: user=0.00 sys=0.00, real=0.01 secs] 
2024-10-07T05:50:35.477+0300: 745.722: Total time for which application threads were stopped: 0.0038212 seconds, Stopping threads took: 0.0000916 seconds
2024-10-07T05:50:36.026+0300: 746.278: Application time: 0.5564470 seconds
2024-10-07T05:50:36.026+0300: 746.278: [GC (Allocation Failure) 2024-10-07T05:50:36.026+0300: 746.278: [ParNew: 413631K->4281K(460096K), 0.0015663 secs] 419462K->10113K(2046080K), 0.0016457 secs] [Times: user=0.00 sys=0.00, real=0.00 secs] 
2024-10-07T05:50:36.026+0300: 746.280: Total time for which application threads were stopped: 0.0019667 seconds, Stopping threads took: 0.0002142 seconds
2024-10-07T05:50:36.592+0300: 746.845: Application time: 0.5648914 seconds
2024-10-07T05:50:36.592+0300: 746.845: [GC (Allocation Failure) 2024-10-07T05:50:36.592+0300: 746.845: [ParNew: 413305K->5306K(460096K), 0.0018933 secs] 419137K->11137K(2046080K), 0.0019875 secs] [Times: user=0.00 sys=0.00, real=0.00 secs] 
2024-10-07T05:50:36.592+0300: 746.847: Total time for which application threads were stopped: 0.0023854 seconds, Stopping threads took: 0.0002499 seconds
2024-10-07T05:50:37.157+0300: 747.403: Application time: 0.5552266 seconds
2024-10-07T05:50:37.157+0300: 747.403: [GC (Allocation Failure) 2024-10-07T05:50:37.157+0300: 747.403: [ParNew: 413538K->4281K(460096K), 0.0015524 secs] 419370K->10113K(2046080K), 0.0016292 secs] [Times: user=0.00 sys=0.00, real=0.00 secs] 
2024-10-07T05:50:37.157+0300: 747.404: Total time for which application threads were stopped: 0.0019100 seconds, Stopping threads took: 0.0001783 seconds
2024-10-07T05:50:37.722+0300: 747.970: Application time: 0.5653283 seconds
2024-10-07T05:50:37.722+0300: 747.970: [GC (Allocation Failure) 2024-10-07T05:50:37.722+0300: 747.970: [ParNew: 413305K->5304K(460096K), 0.0018276 secs] 419137K->11137K(2046080K), 0.0019364 secs] [Times: user=0.00 sys=0.00, real=0.00 secs] 
2024-10-07T05:50:37.722+0300: 747.972: Total time for which application threads were stopped: 0.0023408 seconds, Stopping threads took: 0.0002603 seconds
2024-10-07T05:50:38.276+0300: 748.526: Application time: 0.5541495 seconds
2024-10-07T05:50:38.276+0300: 748.527: [GC (Allocation Failure) 2024-10-07T05:50:38.276+0300: 748.527: [ParNew: 413378K->4282K(460096K), 0.0015258 secs] 419211K->10116K(2046080K), 0.0016133 secs] [Times: user=0.00 sys=0.00, real=0.01 secs] 
2024-10-07T05:50:38.287+0300: 748.528: Total time for which application threads were stopped: 0.0018979 seconds, Stopping threads took: 0.0001623 seconds
2024-10-07T05:50:38.836+0300: 749.087: Application time: 0.5584302 seconds
2024-10-07T05:50:38.836+0300: 749.087: [GC (Allocation Failure) 2024-10-07T05:50:38.836+0300: 749.087: [ParNew: 412451K->5302K(460096K), 0.0015140 secs] 418285K->11136K(2046080K), 0.0016037 secs] [Times: user=0.00 sys=0.00, real=0.00 secs] 
2024-10-07T05:50:38.836+0300: 749.089: Total time for which application threads were stopped: 0.0019234 seconds, Stopping threads took: 0.0002060 seconds
2024-10-07T05:50:39.401+0300: 749.652: Application time: 0.5631992 seconds
2024-10-07T05:50:39.401+0300: 749.652: [GC (Allocation Failure) 2024-10-07T05:50:39.401+0300: 749.652: [ParNew: 413736K->5302K(460096K), 0.0016118 secs] 419570K->11137K(2046080K), 0.0016816 secs] [Times: user=0.00 sys=0.00, real=0.00 secs] 
2024-10-07T05:50:39.401+0300: 749.654: Total time for which application threads were stopped: 0.0019953 seconds, Stopping threads took: 0.0002100 seconds
2024-10-07T05:50:39.966+0300: 750.216: Application time: 0.5621956 seconds
2024-10-07T05:50:39.966+0300: 750.216: [GC (Allocation Failure) 2024-10-07T05:50:39.966+0300: 750.216: [ParNew: 414302K->4298K(460096K), 0.0014696 secs] 420137K->10134K(2046080K), 0.0015580 secs] [Times: user=0.00 sys=0.00, real=0.00 secs] 
2024-10-07T05:50:39.966+0300: 750.218: Total time for which application threads were stopped: 0.0018784 seconds, Stopping threads took: 0.0002061 seconds
2024-10-07T05:50:40.531+0300: 750.781: Application time: 0.5629988 seconds
2024-10-07T05:50:40.531+0300: 750.781: [GC (Allocation Failure) 2024-10-07T05:50:40.531+0300: 750.781: [ParNew: 413149K->5306K(460096K), 0.0018280 secs] 418984K->11143K(2046080K), 0.0019227 secs] [Times: user=0.00 sys=0.00, real=0.00 secs] 
2024-10-07T05:50:40.531+0300: 750.783: Total time for which application threads were stopped: 0.0023384 seconds, Stopping threads took: 0.0002812 seconds
2024-10-07T05:50:41.096+0300: 751.341: Application time: 0.5577125 seconds
2024-10-07T05:50:41.096+0300: 751.341: [GC (Allocation Failure) 2024-10-07T05:50:41.096+0300: 751.341: [ParNew: 414330K->5304K(460096K), 0.0016665 secs] 420167K->11141K(2046080K), 0.0017481 secs] [Times: user=0.00 sys=0.00, real=0.00 secs] 
2024-10-07T05:50:41.096+0300: 751.343: Total time for which application threads were stopped: 0.0019776 seconds, Stopping threads took: 0.0001274 seconds
2024-10-07T05:50:41.661+0300: 751.905: Application time: 0.5622728 seconds
2024-10-07T05:50:41.661+0300: 751.905: [GC (Allocation Failure) 2024-10-07T05:50:41.661+0300: 751.905: [ParNew: 414328K->4298K(460096K), 0.0015234 secs] 420165K->10136K(2046080K), 0.0015960 secs] [Times: user=0.00 sys=0.00, real=0.00 secs] 
2024-10-07T05:50:41.661+0300: 751.907: Total time for which application threads were stopped: 0.0018301 seconds, Stopping threads took: 0.0001303 seconds
2024-10-07T05:50:42.211+0300: 752.465: Application time: 0.5581647 seconds
2024-10-07T05:50:42.211+0300: 752.465: [GC (Allocation Failure) 2024-10-07T05:50:42.211+0300: 752.465: [ParNew: 413110K->5304K(460096K), 0.0016625 secs] 418947K->11142K(2046080K), 0.0017473 secs] [Times: user=0.00 sys=0.00, real=0.00 secs] 
2024-10-07T05:50:42.211+0300: 752.467: Total time for which application threads were stopped: 0.0020593 seconds, Stopping threads took: 0.0001951 seconds
2024-10-07T05:50:42.785+0300: 753.028: Application time: 0.5608083 seconds
2024-10-07T05:50:42.785+0300: 753.028: [GC (Allocation Failure) 2024-10-07T05:50:42.785+0300: 753.028: [ParNew: 413781K->4281K(460096K), 0.0014959 secs] 419619K->10119K(2046080K), 0.0015698 secs] [Times: user=0.00 sys=0.00, real=0.00 secs] 
2024-10-07T05:50:42.785+0300: 753.030: Total time for which application threads were stopped: 0.0018424 seconds, Stopping threads took: 0.0001697 seconds
2024-10-07T05:50:43.340+0300: 753.591: Application time: 0.5607398 seconds
2024-10-07T05:50:43.340+0300: 753.591: [GC (Allocation Failure) 2024-10-07T05:50:43.340+0300: 753.591: [ParNew: 413305K->5303K(460096K), 0.0018444 secs] 419143K->11142K(2046080K), 0.0019312 secs] [Times: user=0.00 sys=0.00, real=0.00 secs] 
2024-10-07T05:50:43.340+0300: 753.593: Total time for which application threads were stopped: 0.0024201 seconds, Stopping threads took: 0.0003537 seconds
2024-10-07T05:50:43.905+0300: 754.154: Application time: 0.5612647 seconds
2024-10-07T05:50:43.905+0300: 754.155: [GC (Allocation Failure) 2024-10-07T05:50:43.905+0300: 754.155: [ParNew: 414327K->5302K(460096K), 0.0016486 secs] 420166K->11142K(2046080K), 0.0017294 secs] [Times: user=0.00 sys=0.00, real=0.00 secs] 
2024-10-07T05:50:43.905+0300: 754.156: Total time for which application threads were stopped: 0.0020168 seconds, Stopping threads took: 0.0001847 seconds
2024-10-07T05:50:44.470+0300: 754.720: Application time: 0.5640936 seconds
2024-10-07T05:50:44.470+0300: 754.721: [GC (Allocation Failure) 2024-10-07T05:50:44.470+0300: 754.721: [ParNew: 413509K->4279K(460096K), 0.0014865 secs] 419349K->10119K(2046080K), 0.0015848 secs] [Times: user=0.00 sys=0.00, real=0.00 secs] 
2024-10-07T05:50:44.470+0300: 754.722: Total time for which application threads were stopped: 0.0019872 seconds, Stopping threads took: 0.0002839 seconds
2024-10-07T05:50:45.035+0300: 755.283: Application time: 0.5608696 seconds
2024-10-07T05:50:45.035+0300: 755.283: [GC (Allocation Failure) 2024-10-07T05:50:45.035+0300: 755.284: [ParNew: 412319K->4282K(460096K), 0.0015008 secs] 418160K->10124K(2046080K), 0.0015828 secs] [Times: user=0.00 sys=0.00, real=0.00 secs] 
2024-10-07T05:50:45.035+0300: 755.285: Total time for which application threads were stopped: 0.0018287 seconds, Stopping threads took: 0.0001409 seconds
2024-10-07T05:50:45.600+0300: 755.844: Application time: 0.5584271 seconds
2024-10-07T05:50:45.600+0300: 755.844: [GC (Allocation Failure) 2024-10-07T05:50:45.600+0300: 755.844: [ParNew: 412712K->5304K(460096K), 0.0016742 secs] 418553K->11146K(2046080K), 0.0017619 secs] [Times: user=0.00 sys=0.00, real=0.00 secs] 
2024-10-07T05:50:45.600+0300: 755.846: Total time for which application threads were stopped: 0.0020036 seconds, Stopping threads took: 0.0001374 seconds
2024-10-07T05:50:46.149+0300: 756.405: Application time: 0.5595949 seconds
2024-10-07T05:50:46.149+0300: 756.405: [GC (Allocation Failure) 2024-10-07T05:50:46.149+0300: 756.405: [ParNew: 413618K->5306K(460096K), 0.0017251 secs] 419460K->11149K(2046080K), 0.0018027 secs] [Times: user=0.02 sys=0.00, real=0.02 secs] 
2024-10-07T05:50:46.165+0300: 756.407: Total time for which application threads were stopped: 0.0021442 seconds, Stopping threads took: 0.0002380 seconds
2024-10-07T05:50:46.730+0300: 756.972: Application time: 0.5647341 seconds
2024-10-07T05:50:46.730+0300: 756.972: [GC (Allocation Failure) 2024-10-07T05:50:46.730+0300: 756.972: [ParNew: 414187K->5302K(460096K), 0.0015469 secs] 420029K->11145K(2046080K), 0.0016337 secs] [Times: user=0.00 sys=0.00, real=0.00 secs] 
2024-10-07T05:50:46.730+0300: 756.974: Total time for which application threads were stopped: 0.0019001 seconds, Stopping threads took: 0.0001553 seconds
2024-10-07T05:50:47.294+0300: 757.536: Application time: 0.5618503 seconds
2024-10-07T05:50:47.294+0300: 757.536: [GC (Allocation Failure) 2024-10-07T05:50:47.294+0300: 757.536: [ParNew: 414326K->5302K(460096K), 0.0016192 secs] 420169K->11145K(2046080K), 0.0016979 secs] [Times: user=0.00 sys=0.00, real=0.00 secs] 
2024-10-07T05:50:47.295+0300: 757.538: Total time for which application threads were stopped: 0.0019449 seconds, Stopping threads took: 0.0001369 seconds
2024-10-07T05:50:47.860+0300: 758.102: Application time: 0.5647280 seconds
2024-10-07T05:50:47.860+0300: 758.103: [GC (Allocation Failure) 2024-10-07T05:50:47.860+0300: 758.103: [ParNew: 414162K->4297K(460096K), 0.0016313 secs] 420006K->10141K(2046080K), 0.0017115 secs] [Times: user=0.00 sys=0.00, real=0.00 secs] 
2024-10-07T05:50:47.860+0300: 758.104: Total time for which application threads were stopped: 0.0019768 seconds, Stopping threads took: 0.0001531 seconds
2024-10-07T05:50:48.426+0300: 758.670: Application time: 0.5657803 seconds
2024-10-07T05:50:48.426+0300: 758.670: [GC (Allocation Failure) 2024-10-07T05:50:48.426+0300: 758.670: [ParNew: 413321K->3264K(460096K), 0.0014549 secs] 419165K->9109K(2046080K), 0.0015356 secs] [Times: user=0.00 sys=0.00, real=0.00 secs] 
2024-10-07T05:50:48.426+0300: 758.672: Total time for which application threads were stopped: 0.0017906 seconds, Stopping threads took: 0.0001249 seconds
2024-10-07T05:50:48.975+0300: 759.228: Application time: 0.5556740 seconds
2024-10-07T05:50:48.975+0300: 759.228: [GC (Allocation Failure) 2024-10-07T05:50:48.975+0300: 759.228: [ParNew: 412288K->3263K(460096K), 0.0014599 secs] 418133K->9108K(2046080K), 0.0015322 secs] [Times: user=0.00 sys=0.00, real=0.00 secs] 
2024-10-07T05:50:48.975+0300: 759.229: Total time for which application threads were stopped: 0.0017937 seconds, Stopping threads took: 0.0001640 seconds
2024-10-07T05:50:49.542+0300: 759.790: Application time: 0.5601859 seconds
2024-10-07T05:50:49.542+0300: 759.790: [GC (Allocation Failure) 2024-10-07T05:50:49.542+0300: 759.790: [ParNew: 411319K->4281K(460096K), 0.0015676 secs] 417165K->10127K(2046080K), 0.0016635 secs] [Times: user=0.00 sys=0.00, real=0.00 secs] 
2024-10-07T05:50:49.542+0300: 759.792: Total time for which application threads were stopped: 0.0020267 seconds, Stopping threads took: 0.0002162 seconds
2024-10-07T05:50:50.107+0300: 760.352: Application time: 0.5601132 seconds
2024-10-07T05:50:50.107+0300: 760.352: [GC (Allocation Failure) 2024-10-07T05:50:50.107+0300: 760.352: [ParNew: 412774K->4282K(460096K), 0.0014007 secs] 418620K->10129K(2046080K), 0.0014717 secs] [Times: user=0.00 sys=0.00, real=0.00 secs] 
2024-10-07T05:50:50.107+0300: 760.354: Total time for which application threads were stopped: 0.0017181 seconds, Stopping threads took: 0.0001479 seconds
2024-10-07T05:50:50.672+0300: 760.922: Application time: 0.5686422 seconds
2024-10-07T05:50:50.672+0300: 760.922: [GC (Allocation Failure) 2024-10-07T05:50:50.672+0300: 760.922: [ParNew: 413306K->4286K(460096K), 0.0015974 secs] 419153K->10133K(2046080K), 0.0016930 secs] [Times: user=0.00 sys=0.00, real=0.00 secs] 
2024-10-07T05:50:50.672+0300: 760.924: Total time for which application threads were stopped: 0.0019905 seconds, Stopping threads took: 0.0001656 seconds
2024-10-07T05:50:51.222+0300: 761.478: Application time: 0.5538978 seconds
2024-10-07T05:50:51.237+0300: 761.478: [GC (Allocation Failure) 2024-10-07T05:50:51.237+0300: 761.478: [ParNew: 412311K->3278K(460096K), 0.0014226 secs] 418158K->9126K(2046080K), 0.0015253 secs] [Times: user=0.00 sys=0.00, real=0.00 secs] 
2024-10-07T05:50:51.237+0300: 761.480: Total time for which application threads were stopped: 0.0018456 seconds, Stopping threads took: 0.0001496 seconds
2024-10-07T05:50:51.803+0300: 762.046: Application time: 0.5659317 seconds
2024-10-07T05:50:51.803+0300: 762.046: [GC (Allocation Failure) 2024-10-07T05:50:51.803+0300: 762.046: [ParNew: 411439K->5307K(460096K), 0.0018974 secs] 417287K->11156K(2046080K), 0.0019837 secs] [Times: user=0.00 sys=0.00, real=0.00 secs] 
2024-10-07T05:50:51.803+0300: 762.048: Total time for which application threads were stopped: 0.0022431 seconds, Stopping threads took: 0.0001525 seconds
2024-10-07T05:50:52.368+0300: 762.611: Application time: 0.5626629 seconds
2024-10-07T05:50:52.368+0300: 762.611: [GC (Allocation Failure) 2024-10-07T05:50:52.368+0300: 762.611: [ParNew: 414094K->5306K(460096K), 0.0015760 secs] 419942K->11156K(2046080K), 0.0016653 secs] [Times: user=0.00 sys=0.00, real=0.00 secs] 
2024-10-07T05:50:52.368+0300: 762.613: Total time for which application threads were stopped: 0.0019190 seconds, Stopping threads took: 0.0001326 seconds
2024-10-07T05:50:52.917+0300: 763.174: Application time: 0.5613397 seconds
2024-10-07T05:50:52.933+0300: 763.174: [GC (Allocation Failure) 2024-10-07T05:50:52.933+0300: 763.174: [ParNew: 414330K->5304K(460096K), 0.0015653 secs] 420180K->11154K(2046080K), 0.0016643 secs] [Times: user=0.00 sys=0.00, real=0.00 secs] 
2024-10-07T05:50:52.933+0300: 763.176: Total time for which application threads were stopped: 0.0020352 seconds, Stopping threads took: 0.0002350 seconds
2024-10-07T05:50:53.498+0300: 763.742: Application time: 0.5659645 seconds
2024-10-07T05:50:53.498+0300: 763.742: [GC (Allocation Failure) 2024-10-07T05:50:53.498+0300: 763.742: [ParNew: 414328K->4282K(460096K), 0.0013101 secs] 420178K->10133K(2046080K), 0.0013803 secs] [Times: user=0.00 sys=0.00, real=0.00 secs] 
2024-10-07T05:50:53.498+0300: 763.744: Total time for which application threads were stopped: 0.0016422 seconds, Stopping threads took: 0.0001666 seconds
2024-10-07T05:50:54.047+0300: 764.301: Application time: 0.5571831 seconds
2024-10-07T05:50:54.047+0300: 764.301: [GC (Allocation Failure) 2024-10-07T05:50:54.047+0300: 764.301: [ParNew: 413020K->2255K(460096K), 0.0011217 secs] 418870K->8106K(2046080K), 0.0011917 secs] [Times: user=0.00 sys=0.00, real=0.00 secs] 
2024-10-07T05:50:54.047+0300: 764.302: Total time for which application threads were stopped: 0.0014781 seconds, Stopping threads took: 0.0001913 seconds
2024-10-07T05:50:54.612+0300: 764.865: Application time: 0.5624458 seconds
2024-10-07T05:50:54.612+0300: 764.865: [GC (Allocation Failure) 2024-10-07T05:50:54.612+0300: 764.865: [ParNew: 411279K->5306K(460096K), 0.0015533 secs] 417130K->11158K(2046080K), 0.0016242 secs] [Times: user=0.00 sys=0.00, real=0.00 secs] 
2024-10-07T05:50:54.612+0300: 764.867: Total time for which application threads were stopped: 0.0019028 seconds, Stopping threads took: 0.0001817 seconds
2024-10-07T05:50:55.177+0300: 765.425: Application time: 0.5582776 seconds
2024-10-07T05:50:55.177+0300: 765.425: [GC (Allocation Failure) 2024-10-07T05:50:55.177+0300: 765.425: [ParNew: 414269K->4280K(460096K), 0.0017452 secs] 420121K->10133K(2046080K), 0.0018322 secs] [Times: user=0.00 sys=0.00, real=0.00 secs] 
2024-10-07T05:50:55.177+0300: 765.427: Total time for which application threads were stopped: 0.0021191 seconds, Stopping threads took: 0.0001805 seconds
2024-10-07T05:50:55.742+0300: 765.991: Application time: 0.5639920 seconds
2024-10-07T05:50:55.742+0300: 765.991: [GC (Allocation Failure) 2024-10-07T05:50:55.742+0300: 765.991: [ParNew: 412321K->5308K(460096K), 0.0019180 secs] 418173K->11161K(2046080K), 0.0019879 secs] [Times: user=0.00 sys=0.00, real=0.00 secs] 
2024-10-07T05:50:55.742+0300: 765.993: Total time for which application threads were stopped: 0.0022509 seconds, Stopping threads took: 0.0001737 seconds
2024-10-07T05:50:56.307+0300: 766.553: Application time: 0.5600659 seconds
2024-10-07T05:50:56.307+0300: 766.554: [GC (Allocation Failure) 2024-10-07T05:50:56.307+0300: 766.554: [ParNew: 413362K->5304K(460096K), 0.0017949 secs] 419215K->11158K(2046080K), 0.0019035 secs] [Times: user=0.00 sys=0.00, real=0.01 secs] 
2024-10-07T05:50:56.313+0300: 766.556: Total time for which application threads were stopped: 0.0021001 seconds, Stopping threads took: 0.0000663 seconds
2024-10-07T05:50:56.873+0300: 767.120: Application time: 0.5640251 seconds
2024-10-07T05:50:56.873+0300: 767.120: [GC (Allocation Failure) 2024-10-07T05:50:56.873+0300: 767.120: [ParNew: 414328K->5304K(460096K), 0.0018581 secs] 420182K->11158K(2046080K), 0.0019405 secs] [Times: user=0.02 sys=0.00, real=0.00 secs] 
2024-10-07T05:50:56.873+0300: 767.122: Total time for which application threads were stopped: 0.0021741 seconds, Stopping threads took: 0.0001211 seconds
2024-10-07T05:50:57.438+0300: 767.687: Application time: 0.5650650 seconds
2024-10-07T05:50:57.438+0300: 767.687: [GC (Allocation Failure) 2024-10-07T05:50:57.438+0300: 767.687: [ParNew: 413351K->4296K(460096K), 0.0020204 secs] 419206K->10151K(2046080K), 0.0020909 secs] [Times: user=0.00 sys=0.00, real=0.00 secs] 
2024-10-07T05:50:57.438+0300: 767.689: Total time for which application threads were stopped: 0.0023814 seconds, Stopping threads took: 0.0001877 seconds
2024-10-07T05:50:58.003+0300: 768.249: Application time: 0.5597264 seconds
2024-10-07T05:50:58.003+0300: 768.249: [GC (Allocation Failure) 2024-10-07T05:50:58.003+0300: 768.249: [ParNew: 412608K->4283K(460096K), 0.0015225 secs] 418463K->10139K(2046080K), 0.0015913 secs] [Times: user=0.00 sys=0.00, real=0.00 secs] 
2024-10-07T05:50:58.003+0300: 768.251: Total time for which application threads were stopped: 0.0018368 seconds, Stopping threads took: 0.0001514 seconds
2024-10-07T05:50:58.577+0300: 768.818: Application time: 0.5676335 seconds
2024-10-07T05:50:58.577+0300: 768.819: [GC (Allocation Failure) 2024-10-07T05:50:58.577+0300: 768.819: [ParNew: 413307K->2257K(460096K), 0.0013358 secs] 419163K->8114K(2046080K), 0.0013963 secs] [Times: user=0.00 sys=0.00, real=0.00 secs] 
2024-10-07T05:50:58.578+0300: 768.820: Total time for which application threads were stopped: 0.0016042 seconds, Stopping threads took: 0.0001200 seconds
2024-10-07T05:50:59.119+0300: 769.376: Application time: 0.5562109 seconds
2024-10-07T05:50:59.135+0300: 769.377: [GC (Allocation Failure) 2024-10-07T05:50:59.135+0300: 769.377: [ParNew: 410986K->5309K(460096K), 0.0017647 secs] 416842K->11166K(2046080K), 0.0018882 secs] [Times: user=0.00 sys=0.00, real=0.00 secs] 
2024-10-07T05:50:59.135+0300: 769.378: Total time for which application threads were stopped: 0.0022465 seconds, Stopping threads took: 0.0002280 seconds
2024-10-07T05:50:59.700+0300: 769.942: Application time: 0.5637501 seconds
2024-10-07T05:50:59.700+0300: 769.942: [GC (Allocation Failure) 2024-10-07T05:50:59.700+0300: 769.942: [ParNew: 414333K->4286K(460096K), 0.0014989 secs] 420190K->10143K(2046080K), 0.0015589 secs] [Times: user=0.00 sys=0.00, real=0.00 secs] 
2024-10-07T05:50:59.700+0300: 769.944: Total time for which application threads were stopped: 0.0018059 seconds, Stopping threads took: 0.0001534 seconds
2024-10-07T05:51:00.250+0300: 770.504: Application time: 0.5596721 seconds
2024-10-07T05:51:00.250+0300: 770.504: [GC (Allocation Failure) 2024-10-07T05:51:00.250+0300: 770.504: [ParNew: 412546K->5308K(460096K), 0.0018054 secs] 418403K->11166K(2046080K), 0.0018796 secs] [Times: user=0.00 sys=0.00, real=0.00 secs] 
2024-10-07T05:51:00.250+0300: 770.506: Total time for which application threads were stopped: 0.0022047 seconds, Stopping threads took: 0.0002200 seconds
2024-10-07T05:51:00.821+0300: 771.071: Application time: 0.5649808 seconds
2024-10-07T05:51:00.821+0300: 771.071: [GC (Allocation Failure) 2024-10-07T05:51:00.821+0300: 771.071: [ParNew: 413483K->4289K(460096K), 0.0017208 secs] 419341K->10148K(2046080K), 0.0018143 secs] [Times: user=0.02 sys=0.00, real=0.01 secs] 
2024-10-07T05:51:00.831+0300: 771.073: Total time for which application threads were stopped: 0.0021167 seconds, Stopping threads took: 0.0001478 seconds
2024-10-07T05:51:01.380+0300: 771.635: Application time: 0.5616684 seconds
2024-10-07T05:51:01.380+0300: 771.635: [GC (Allocation Failure) 2024-10-07T05:51:01.380+0300: 771.635: [ParNew: 413134K->5304K(460096K), 0.0017487 secs] 418993K->11164K(2046080K), 0.0018445 secs] [Times: user=0.00 sys=0.00, real=0.02 secs] 
2024-10-07T05:51:01.396+0300: 771.637: Total time for which application threads were stopped: 0.0022252 seconds, Stopping threads took: 0.0001839 seconds
2024-10-07T05:51:01.945+0300: 772.195: Application time: 0.5576714 seconds
2024-10-07T05:51:01.945+0300: 772.195: [GC (Allocation Failure) 2024-10-07T05:51:01.945+0300: 772.195: [ParNew: 414328K->4285K(460096K), 0.0017587 secs] 420188K->10145K(2046080K), 0.0018442 secs] [Times: user=0.00 sys=0.00, real=0.00 secs] 
2024-10-07T05:51:01.945+0300: 772.197: Total time for which application threads were stopped: 0.0021723 seconds, Stopping threads took: 0.0002209 seconds
2024-10-07T05:51:02.510+0300: 772.760: Application time: 0.5635306 seconds
2024-10-07T05:51:02.510+0300: 772.761: [GC (Allocation Failure) 2024-10-07T05:51:02.510+0300: 772.761: [ParNew: 412426K->5305K(460096K), 0.0018526 secs] 418286K->11165K(2046080K), 0.0019574 secs] [Times: user=0.00 sys=0.00, real=0.00 secs] 
2024-10-07T05:51:02.510+0300: 772.763: Total time for which application threads were stopped: 0.0023897 seconds, Stopping threads took: 0.0002958 seconds
2024-10-07T05:51:03.074+0300: 773.323: Application time: 0.5603757 seconds
2024-10-07T05:51:03.074+0300: 773.323: [GC (Allocation Failure) 2024-10-07T05:51:03.074+0300: 773.323: [ParNew: 414329K->5306K(460096K), 0.0018735 secs] 420189K->11167K(2046080K), 0.0019605 secs] [Times: user=0.00 sys=0.00, real=0.00 secs] 
2024-10-07T05:51:03.074+0300: 773.325: Total time for which application threads were stopped: 0.0022641 seconds, Stopping threads took: 0.0001973 seconds
2024-10-07T05:51:03.640+0300: 773.887: Application time: 0.5621920 seconds
2024-10-07T05:51:03.640+0300: 773.888: [GC (Allocation Failure) 2024-10-07T05:51:03.640+0300: 773.888: [ParNew: 414330K->4284K(460096K), 0.0016479 secs] 420191K->10146K(2046080K), 0.0017134 secs] [Times: user=0.00 sys=0.00, real=0.00 secs] 
2024-10-07T05:51:03.640+0300: 773.890: Total time for which application threads were stopped: 0.0020494 seconds, Stopping threads took: 0.0002427 seconds
2024-10-07T05:51:04.205+0300: 774.449: Application time: 0.5595970 seconds
2024-10-07T05:51:04.205+0300: 774.449: [GC (Allocation Failure) 2024-10-07T05:51:04.205+0300: 774.449: [ParNew: 413198K->4283K(460096K), 0.0017551 secs] 419060K->10146K(2046080K), 0.0018254 secs] [Times: user=0.00 sys=0.00, real=0.00 secs] 
2024-10-07T05:51:04.205+0300: 774.451: Total time for which application threads were stopped: 0.0020922 seconds, Stopping threads took: 0.0001737 seconds
2024-10-07T05:51:04.770+0300: 775.012: Application time: 0.5604840 seconds
2024-10-07T05:51:04.770+0300: 775.012: [GC (Allocation Failure) 2024-10-07T05:51:04.770+0300: 775.012: [ParNew: 412308K->5304K(460096K), 0.0017335 secs] 418171K->11168K(2046080K), 0.0018079 secs] [Times: user=0.00 sys=0.00, real=0.00 secs] 
2024-10-07T05:51:04.772+0300: 775.014: Total time for which application threads were stopped: 0.0020678 seconds, Stopping threads took: 0.0001482 seconds
2024-10-07T05:51:05.331+0300: 775.577: Application time: 0.5629400 seconds
2024-10-07T05:51:05.331+0300: 775.577: [GC (Allocation Failure) 2024-10-07T05:51:05.331+0300: 775.577: [ParNew: 413728K->3279K(460096K), 0.0017561 secs] 419591K->9143K(2046080K), 0.0018624 secs] [Times: user=0.00 sys=0.00, real=0.00 secs] 
2024-10-07T05:51:05.336+0300: 775.579: Total time for which application threads were stopped: 0.0021687 seconds, Stopping threads took: 0.0001832 seconds
2024-10-07T05:51:05.885+0300: 776.135: Application time: 0.5559341 seconds
2024-10-07T05:51:05.885+0300: 776.135: [GC (Allocation Failure) 2024-10-07T05:51:05.885+0300: 776.135: [ParNew: 412303K->4283K(460096K), 0.0017514 secs] 418167K->10147K(2046080K), 0.0018356 secs] [Times: user=0.00 sys=0.00, real=0.00 secs] 
2024-10-07T05:51:05.885+0300: 776.137: Total time for which application threads were stopped: 0.0021293 seconds, Stopping threads took: 0.0001855 seconds
2024-10-07T05:51:06.450+0300: 776.701: Application time: 0.5644199 seconds
2024-10-07T05:51:06.450+0300: 776.702: [GC (Allocation Failure) 2024-10-07T05:51:06.450+0300: 776.702: [ParNew: 412414K->4282K(460096K), 0.0016132 secs] 418279K->10147K(2046080K), 0.0017277 secs] [Times: user=0.00 sys=0.00, real=0.00 secs] 
2024-10-07T05:51:06.450+0300: 776.703: Total time for which application threads were stopped: 0.0020875 seconds, Stopping threads took: 0.0001932 seconds
2024-10-07T05:51:07.018+0300: 777.260: Application time: 0.5563248 seconds
2024-10-07T05:51:07.018+0300: 777.260: [GC (Allocation Failure) 2024-10-07T05:51:07.018+0300: 777.260: [ParNew: 412351K->5304K(460096K), 0.0017269 secs] 418216K->11170K(2046080K), 0.0018780 secs] [Times: user=0.00 sys=0.00, real=0.00 secs] 
2024-10-07T05:51:07.020+0300: 777.262: Total time for which application threads were stopped: 0.0021808 seconds, Stopping threads took: 0.0001959 seconds
2024-10-07T05:51:07.581+0300: 777.826: Application time: 0.5641807 seconds
2024-10-07T05:51:07.581+0300: 777.826: [GC (Allocation Failure) 2024-10-07T05:51:07.581+0300: 777.827: [ParNew: 413587K->4280K(460096K), 0.0016201 secs] 419453K->10147K(2046080K), 0.0017030 secs] [Times: user=0.00 sys=0.00, real=0.00 secs] 
2024-10-07T05:51:07.581+0300: 777.828: Total time for which application threads were stopped: 0.0020530 seconds, Stopping threads took: 0.0002357 seconds
2024-10-07T05:51:08.137+0300: 778.387: Application time: 0.5583798 seconds
2024-10-07T05:51:08.137+0300: 778.387: [GC (Allocation Failure) 2024-10-07T05:51:08.137+0300: 778.387: [ParNew: 412675K->5302K(460096K), 0.0017895 secs] 418542K->11169K(2046080K), 0.0018628 secs] [Times: user=0.00 sys=0.00, real=0.01 secs] 
2024-10-07T05:51:08.146+0300: 778.389: Total time for which application threads were stopped: 0.0022064 seconds, Stopping threads took: 0.0002450 seconds
2024-10-07T05:51:08.711+0300: 778.953: Application time: 0.5641457 seconds
2024-10-07T05:51:08.711+0300: 778.953: [GC (Allocation Failure) 2024-10-07T05:51:08.711+0300: 778.953: [ParNew: 413943K->5306K(460096K), 0.0016855 secs] 419810K->11174K(2046080K), 0.0017573 secs] [Times: user=0.00 sys=0.00, real=0.00 secs] 
2024-10-07T05:51:08.711+0300: 778.955: Total time for which application threads were stopped: 0.0020089 seconds, Stopping threads took: 0.0001575 seconds
2024-10-07T05:51:09.261+0300: 779.509: Application time: 0.5538429 seconds
2024-10-07T05:51:09.261+0300: 779.509: [GC (Allocation Failure) 2024-10-07T05:51:09.261+0300: 779.509: [ParNew: 413697K->3262K(460096K), 0.0014693 secs] 419565K->9130K(2046080K), 0.0015289 secs] [Times: user=0.00 sys=0.00, real=0.00 secs] 
2024-10-07T05:51:09.261+0300: 779.511: Total time for which application threads were stopped: 0.0018138 seconds, Stopping threads took: 0.0001936 seconds
2024-10-07T05:51:09.831+0300: 780.074: Application time: 0.5634743 seconds
2024-10-07T05:51:09.831+0300: 780.074: [GC (Allocation Failure) 2024-10-07T05:51:09.831+0300: 780.074: [ParNew: 412286K->4282K(460096K), 0.0016733 secs] 418154K->10150K(2046080K), 0.0017555 secs] [Times: user=0.00 sys=0.00, real=0.00 secs] 
2024-10-07T05:51:09.831+0300: 780.076: Total time for which application threads were stopped: 0.0019684 seconds, Stopping threads took: 0.0000901 seconds
2024-10-07T05:51:10.389+0300: 780.638: Application time: 0.5623738 seconds
2024-10-07T05:51:10.389+0300: 780.639: [GC (Allocation Failure) 2024-10-07T05:51:10.389+0300: 780.639: [ParNew: 412322K->5306K(460096K), 0.0019220 secs] 418191K->11175K(2046080K), 0.0020141 secs] [Times: user=0.00 sys=0.00, real=0.00 secs] 
2024-10-07T05:51:10.389+0300: 780.641: Total time for which application threads were stopped: 0.0023845 seconds, Stopping threads took: 0.0002342 seconds
2024-10-07T05:51:10.954+0300: 781.199: Application time: 0.5582841 seconds
2024-10-07T05:51:10.954+0300: 781.199: [GC (Allocation Failure) 2024-10-07T05:51:10.954+0300: 781.199: [ParNew: 414330K->4298K(460096K), 0.0016206 secs] 420199K->10168K(2046080K), 0.0016922 secs] [Times: user=0.00 sys=0.00, real=0.00 secs] 
2024-10-07T05:51:10.954+0300: 781.201: Total time for which application threads were stopped: 0.0019212 seconds, Stopping threads took: 0.0001284 seconds
2024-10-07T05:51:11.519+0300: 781.766: Application time: 0.5646899 seconds
2024-10-07T05:51:11.519+0300: 781.766: [GC (Allocation Failure) 2024-10-07T05:51:11.519+0300: 781.766: [ParNew: 413198K->4283K(460096K), 0.0019671 secs] 419068K->10153K(2046080K), 0.0020820 secs] [Times: user=0.03 sys=0.00, real=0.00 secs] 
2024-10-07T05:51:11.519+0300: 781.768: Total time for which application threads were stopped: 0.0023631 seconds, Stopping threads took: 0.0001321 seconds
2024-10-07T05:51:12.085+0300: 782.329: Application time: 0.5607991 seconds
2024-10-07T05:51:12.085+0300: 782.329: [GC (Allocation Failure) 2024-10-07T05:51:12.085+0300: 782.329: [ParNew: 413243K->4300K(460096K), 0.0015065 secs] 419114K->10171K(2046080K), 0.0015933 secs] [Times: user=0.00 sys=0.00, real=0.00 secs] 
2024-10-07T05:51:12.085+0300: 782.331: Total time for which application threads were stopped: 0.0018763 seconds, Stopping threads took: 0.0001688 seconds
2024-10-07T05:51:12.650+0300: 782.894: Application time: 0.5634492 seconds
2024-10-07T05:51:12.650+0300: 782.895: [GC (Allocation Failure) 2024-10-07T05:51:12.650+0300: 782.895: [ParNew: 412536K->2240K(460096K), 0.0013272 secs] 418407K->8112K(2046080K), 0.0014095 secs] [Times: user=0.00 sys=0.00, real=0.00 secs] 
2024-10-07T05:51:12.650+0300: 782.896: Total time for which application threads were stopped: 0.0017354 seconds, Stopping threads took: 0.0002027 seconds
2024-10-07T05:51:13.199+0300: 783.452: Application time: 0.5558178 seconds
2024-10-07T05:51:13.199+0300: 783.452: [GC (Allocation Failure) 2024-10-07T05:51:13.199+0300: 783.452: [ParNew: 411264K->4298K(460096K), 0.0016090 secs] 417136K->10171K(2046080K), 0.0016861 secs] [Times: user=0.00 sys=0.00, real=0.00 secs] 
2024-10-07T05:51:13.199+0300: 783.454: Total time for which application threads were stopped: 0.0019649 seconds, Stopping threads took: 0.0001770 seconds
2024-10-07T05:51:13.765+0300: 784.018: Application time: 0.5646636 seconds
2024-10-07T05:51:13.765+0300: 784.019: [GC (Allocation Failure) 2024-10-07T05:51:13.765+0300: 784.019: [ParNew: 412684K->4302K(460096K), 0.0018416 secs] 418556K->10175K(2046080K), 0.0019150 secs] [Times: user=0.00 sys=0.00, real=0.00 secs] 
2024-10-07T05:51:13.765+0300: 784.021: Total time for which application threads were stopped: 0.0021814 seconds, Stopping threads took: 0.0001663 seconds
2024-10-07T05:51:14.330+0300: 784.581: Application time: 0.5607964 seconds
2024-10-07T05:51:14.330+0300: 784.582: [GC (Allocation Failure) 2024-10-07T05:51:14.330+0300: 784.582: [ParNew: 412422K->4280K(460096K), 0.0014931 secs] 418295K->10153K(2046080K), 0.0016152 secs] [Times: user=0.00 sys=0.00, real=0.00 secs] 
2024-10-07T05:51:14.330+0300: 784.583: Total time for which application threads were stopped: 0.0019855 seconds, Stopping threads took: 0.0002105 seconds
2024-10-07T05:51:14.895+0300: 785.143: Application time: 0.5594381 seconds
2024-10-07T05:51:14.895+0300: 785.143: [GC (Allocation Failure) 2024-10-07T05:51:14.895+0300: 785.143: [ParNew: 413304K->5304K(460096K), 0.0015930 secs] 419177K->11178K(2046080K), 0.0016665 secs] [Times: user=0.00 sys=0.00, real=0.00 secs] 
2024-10-07T05:51:14.895+0300: 785.145: Total time for which application threads were stopped: 0.0019334 seconds, Stopping threads took: 0.0001700 seconds
2024-10-07T05:51:15.460+0300: 785.716: Application time: 0.5711663 seconds
2024-10-07T05:51:15.460+0300: 785.716: [GC (Allocation Failure) 2024-10-07T05:51:15.460+0300: 785.716: [ParNew: 413456K->3275K(460096K), 0.0015063 secs] 419330K->9151K(2046080K), 0.0016153 secs] [Times: user=0.02 sys=0.00, real=0.02 secs] 
2024-10-07T05:51:15.476+0300: 785.718: Total time for which application threads were stopped: 0.0020054 seconds, Stopping threads took: 0.0002340 seconds
2024-10-07T05:51:16.025+0300: 786.276: Application time: 0.5579813 seconds
2024-10-07T05:51:16.025+0300: 786.276: [GC (Allocation Failure) 2024-10-07T05:51:16.025+0300: 786.276: [ParNew: 411782K->5304K(460096K), 0.0016794 secs] 417658K->11180K(2046080K), 0.0017633 secs] [Times: user=0.00 sys=0.00, real=0.00 secs] 
2024-10-07T05:51:16.025+0300: 786.278: Total time for which application threads were stopped: 0.0019873 seconds, Stopping threads took: 0.0001154 seconds
2024-10-07T05:51:16.606+0300: 786.855: Application time: 0.5766607 seconds
2024-10-07T05:51:16.606+0300: 786.855: [GC (Allocation Failure) 2024-10-07T05:51:16.606+0300: 786.855: [ParNew: 414328K->5304K(460096K), 0.0019006 secs] 420204K->11180K(2046080K), 0.0019957 secs] [Times: user=0.00 sys=0.00, real=0.00 secs] 
2024-10-07T05:51:16.606+0300: 786.857: Total time for which application threads were stopped: 0.0022871 seconds, Stopping threads took: 0.0001729 seconds
2024-10-07T05:51:17.171+0300: 787.422: Application time: 0.5646975 seconds
2024-10-07T05:51:17.171+0300: 787.422: [GC (Allocation Failure) 2024-10-07T05:51:17.171+0300: 787.422: [ParNew: 413960K->5304K(460096K), 0.0017786 secs] 419836K->11181K(2046080K), 0.0018651 secs] [Times: user=0.05 sys=0.00, real=0.00 secs] 
2024-10-07T05:51:17.171+0300: 787.424: Total time for which application threads were stopped: 0.0021750 seconds, Stopping threads took: 0.0001932 seconds
2024-10-07T05:51:17.756+0300: 788.000: Application time: 0.5760292 seconds
2024-10-07T05:51:17.756+0300: 788.000: [GC (Allocation Failure) 2024-10-07T05:51:17.756+0300: 788.000: [ParNew: 414072K->3279K(460096K), 0.0018163 secs] 419949K->9156K(2046080K), 0.0018951 secs] [Times: user=0.05 sys=0.00, real=0.00 secs] 
2024-10-07T05:51:17.756+0300: 788.002: Total time for which application threads were stopped: 0.0022046 seconds, Stopping threads took: 0.0001953 seconds
2024-10-07T05:51:18.324+0300: 788.565: Application time: 0.5628582 seconds
2024-10-07T05:51:18.324+0300: 788.565: [GC (Allocation Failure) 2024-10-07T05:51:18.324+0300: 788.565: [ParNew: 411623K->4279K(460096K), 0.0015384 secs] 417501K->10157K(2046080K), 0.0016576 secs] [Times: user=0.00 sys=0.00, real=0.00 secs] 
2024-10-07T05:51:18.326+0300: 788.567: Total time for which application threads were stopped: 0.0019912 seconds, Stopping threads took: 0.0001632 seconds
2024-10-07T05:51:18.881+0300: 789.135: Application time: 0.5685778 seconds
2024-10-07T05:51:18.881+0300: 789.136: [GC (Allocation Failure) 2024-10-07T05:51:18.881+0300: 789.136: [ParNew: 413218K->5305K(460096K), 0.0018603 secs] 419096K->11184K(2046080K), 0.0019450 secs] [Times: user=0.00 sys=0.00, real=0.00 secs] 
2024-10-07T05:51:18.881+0300: 789.138: Total time for which application threads were stopped: 0.0022037 seconds, Stopping threads took: 0.0001508 seconds
2024-10-07T05:51:19.462+0300: 789.711: Application time: 0.5730908 seconds
2024-10-07T05:51:19.462+0300: 789.711: [GC (Allocation Failure) 2024-10-07T05:51:19.462+0300: 789.711: [ParNew: 414277K->5306K(460096K), 0.0018020 secs] 420156K->11185K(2046080K), 0.0019462 secs] [Times: user=0.00 sys=0.00, real=0.00 secs] 
2024-10-07T05:51:19.462+0300: 789.713: Total time for which application threads were stopped: 0.0022608 seconds, Stopping threads took: 0.0001829 seconds
2024-10-07T05:51:20.027+0300: 790.271: Application time: 0.5584635 seconds
2024-10-07T05:51:20.027+0300: 790.272: [GC (Allocation Failure) 2024-10-07T05:51:20.027+0300: 790.272: [ParNew: 414283K->5302K(460096K), 0.0016353 secs] 420162K->11182K(2046080K), 0.0017111 secs] [Times: user=0.00 sys=0.00, real=0.00 secs] 
2024-10-07T05:51:20.027+0300: 790.273: Total time for which application threads were stopped: 0.0019805 seconds, Stopping threads took: 0.0001680 seconds
2024-10-07T05:51:20.592+0300: 790.837: Application time: 0.5634798 seconds
2024-10-07T05:51:20.592+0300: 790.837: [GC (Allocation Failure) 2024-10-07T05:51:20.592+0300: 790.837: [ParNew: 413776K->4296K(460096K), 0.0015534 secs] 419657K->10177K(2046080K), 0.0016608 secs] [Times: user=0.00 sys=0.00, real=0.00 secs] 
2024-10-07T05:51:20.592+0300: 790.839: Total time for which application threads were stopped: 0.0019466 seconds, Stopping threads took: 0.0001525 seconds
2024-10-07T05:51:21.142+0300: 791.397: Application time: 0.5585211 seconds
2024-10-07T05:51:21.142+0300: 791.398: [GC (Allocation Failure) 2024-10-07T05:51:21.142+0300: 791.398: [ParNew: 413052K->5304K(460096K), 0.0020498 secs] 418932K->11185K(2046080K), 0.0021337 secs] [Times: user=0.02 sys=0.00, real=0.02 secs] 
2024-10-07T05:51:21.157+0300: 791.400: Total time for which application threads were stopped: 0.0024238 seconds, Stopping threads took: 0.0001835 seconds
2024-10-07T05:51:21.707+0300: 791.961: Application time: 0.5608625 seconds
2024-10-07T05:51:21.707+0300: 791.961: [GC (Allocation Failure) 2024-10-07T05:51:21.707+0300: 791.961: [ParNew: 413821K->4300K(460096K), 0.0015242 secs] 419702K->10182K(2046080K), 0.0016088 secs] [Times: user=0.00 sys=0.00, real=0.00 secs] 
2024-10-07T05:51:21.707+0300: 791.963: Total time for which application threads were stopped: 0.0019478 seconds, Stopping threads took: 0.0002257 seconds
2024-10-07T05:51:22.272+0300: 792.523: Application time: 0.5601807 seconds
2024-10-07T05:51:22.272+0300: 792.523: [GC (Allocation Failure) 2024-10-07T05:51:22.272+0300: 792.523: [ParNew: 412797K->4284K(460096K), 0.0013784 secs] 418678K->10167K(2046080K), 0.0014861 secs] [Times: user=0.00 sys=0.00, real=0.00 secs] 
2024-10-07T05:51:22.272+0300: 792.525: Total time for which application threads were stopped: 0.0018149 seconds, Stopping threads took: 0.0001913 seconds
2024-10-07T05:51:22.837+0300: 793.085: Application time: 0.5604105 seconds
2024-10-07T05:51:22.837+0300: 793.085: [GC (Allocation Failure) 2024-10-07T05:51:22.837+0300: 793.085: [ParNew: 413308K->3261K(460096K), 0.0018314 secs] 419191K->9144K(2046080K), 0.0019033 secs] [Times: user=0.00 sys=0.00, real=0.00 secs] 
2024-10-07T05:51:22.837+0300: 793.087: Total time for which application threads were stopped: 0.0021589 seconds, Stopping threads took: 0.0001569 seconds
2024-10-07T05:51:23.402+0300: 793.655: Application time: 0.5682291 seconds
2024-10-07T05:51:23.402+0300: 793.656: [GC (Allocation Failure) 2024-10-07T05:51:23.402+0300: 793.656: [ParNew: 411985K->5307K(460096K), 0.0018999 secs] 417869K->11191K(2046080K), 0.0020270 secs] [Times: user=0.02 sys=0.00, real=0.00 secs] 
2024-10-07T05:51:23.402+0300: 793.658: Total time for which application threads were stopped: 0.0023395 seconds, Stopping threads took: 0.0001852 seconds
2024-10-07T05:51:23.969+0300: 794.213: Application time: 0.5550491 seconds
2024-10-07T05:51:23.969+0300: 794.213: [GC (Allocation Failure) 2024-10-07T05:51:23.969+0300: 794.213: [ParNew: 413641K->5303K(460096K), 0.0022558 secs] 419525K->11187K(2046080K), 0.0023530 secs] [Times: user=0.00 sys=0.00, real=0.00 secs] 
2024-10-07T05:51:23.969+0300: 794.215: Total time for which application threads were stopped: 0.0026133 seconds, Stopping threads took: 0.0001411 seconds
2024-10-07T05:51:24.532+0300: 794.782: Application time: 0.5669341 seconds
2024-10-07T05:51:24.532+0300: 794.783: [GC (Allocation Failure) 2024-10-07T05:51:24.532+0300: 794.783: [ParNew: 413709K->4283K(460096K), 0.0016539 secs] 419594K->10168K(2046080K), 0.0017384 secs] [Times: user=0.00 sys=0.00, real=0.00 secs] 
2024-10-07T05:51:24.532+0300: 794.784: Total time for which application threads were stopped: 0.0020269 seconds, Stopping threads took: 0.0001669 seconds
2024-10-07T05:51:25.098+0300: 795.344: Application time: 0.5593353 seconds
2024-10-07T05:51:25.098+0300: 795.344: [GC (Allocation Failure) 2024-10-07T05:51:25.098+0300: 795.344: [ParNew: 412584K->5304K(460096K), 0.0021187 secs] 418469K->11190K(2046080K), 0.0021984 secs] [Times: user=0.00 sys=0.00, real=0.00 secs] 
2024-10-07T05:51:25.098+0300: 795.346: Total time for which application threads were stopped: 0.0024446 seconds, Stopping threads took: 0.0001422 seconds
2024-10-07T05:51:25.663+0300: 795.913: Application time: 0.5669055 seconds
2024-10-07T05:51:25.663+0300: 795.913: [GC (Allocation Failure) 2024-10-07T05:51:25.663+0300: 795.913: [ParNew: 414133K->4282K(460096K), 0.0015093 secs] 420018K->10169K(2046080K), 0.0015788 secs] [Times: user=0.00 sys=0.00, real=0.01 secs] 
2024-10-07T05:51:25.672+0300: 795.915: Total time for which application threads were stopped: 0.0018157 seconds, Stopping threads took: 0.0001293 seconds
2024-10-07T05:51:26.227+0300: 796.473: Application time: 0.5579018 seconds
2024-10-07T05:51:26.227+0300: 796.473: [GC (Allocation Failure) 2024-10-07T05:51:26.227+0300: 796.473: [ParNew: 412666K->3261K(460096K), 0.0017051 secs] 418552K->9148K(2046080K), 0.0017897 secs] [Times: user=0.00 sys=0.00, real=0.00 secs] 
2024-10-07T05:51:26.227+0300: 796.475: Total time for which application threads were stopped: 0.0021242 seconds, Stopping threads took: 0.0002218 seconds
2024-10-07T05:51:26.793+0300: 797.036: Application time: 0.5610246 seconds
2024-10-07T05:51:26.793+0300: 797.036: [GC (Allocation Failure) 2024-10-07T05:51:26.793+0300: 797.036: [ParNew: 412133K->4299K(460096K), 0.0015946 secs] 418020K->10187K(2046080K), 0.0016703 secs] [Times: user=0.00 sys=0.00, real=0.00 secs] 
2024-10-07T05:51:26.793+0300: 797.038: Total time for which application threads were stopped: 0.0019491 seconds, Stopping threads took: 0.0001779 seconds
2024-10-07T05:51:27.357+0300: 797.603: Application time: 0.5646465 seconds
2024-10-07T05:51:27.357+0300: 797.603: [GC (Allocation Failure) 2024-10-07T05:51:27.357+0300: 797.603: [ParNew: 412719K->5304K(460096K), 0.0017548 secs] 418607K->11192K(2046080K), 0.0018427 secs] [Times: user=0.00 sys=0.00, real=0.00 secs] 
2024-10-07T05:51:27.357+0300: 797.605: Total time for which application threads were stopped: 0.0022545 seconds, Stopping threads took: 0.0002726 seconds
2024-10-07T05:51:27.922+0300: 798.164: Application time: 0.5587444 seconds
2024-10-07T05:51:27.922+0300: 798.164: [GC (Allocation Failure) 2024-10-07T05:51:27.922+0300: 798.164: [ParNew: 414003K->4282K(460096K), 0.0016050 secs] 419891K->10171K(2046080K), 0.0016803 secs] [Times: user=0.00 sys=0.00, real=0.00 secs] 
2024-10-07T05:51:27.922+0300: 798.166: Total time for which application threads were stopped: 0.0019357 seconds, Stopping threads took: 0.0001521 seconds
2024-10-07T05:51:28.487+0300: 798.732: Application time: 0.5668553 seconds
2024-10-07T05:51:28.487+0300: 798.733: [GC (Allocation Failure) 2024-10-07T05:51:28.487+0300: 798.733: [ParNew: 413193K->3294K(460096K), 0.0013814 secs] 419082K->9184K(2046080K), 0.0014471 secs] [Times: user=0.00 sys=0.00, real=0.00 secs] 
2024-10-07T05:51:28.487+0300: 798.734: Total time for which application threads were stopped: 0.0016654 seconds, Stopping threads took: 0.0001261 seconds
2024-10-07T05:51:29.037+0300: 799.290: Application time: 0.5557982 seconds
2024-10-07T05:51:29.037+0300: 799.290: [GC (Allocation Failure) 2024-10-07T05:51:29.037+0300: 799.290: [ParNew: 411458K->4283K(460096K), 0.0014678 secs] 417347K->10174K(2046080K), 0.0015479 secs] [Times: user=0.00 sys=0.00, real=0.00 secs] 
2024-10-07T05:51:29.037+0300: 799.292: Total time for which application threads were stopped: 0.0018456 seconds, Stopping threads took: 0.0001936 seconds
2024-10-07T05:51:29.602+0300: 799.857: Application time: 0.5651443 seconds
2024-10-07T05:51:29.602+0300: 799.857: [GC (Allocation Failure) 2024-10-07T05:51:29.602+0300: 799.857: [ParNew: 413249K->3278K(460096K), 0.0013137 secs] 419139K->9169K(2046080K), 0.0013766 secs] [Times: user=0.00 sys=0.00, real=0.00 secs] 
2024-10-07T05:51:29.602+0300: 799.859: Total time for which application threads were stopped: 0.0016674 seconds, Stopping threads took: 0.0001893 seconds
2024-10-07T05:51:30.167+0300: 800.419: Application time: 0.5605949 seconds
2024-10-07T05:51:30.167+0300: 800.419: [GC (Allocation Failure) 2024-10-07T05:51:30.167+0300: 800.419: [ParNew: 412302K->4300K(460096K), 0.0016315 secs] 418193K->10192K(2046080K), 0.0017002 secs] [Times: user=0.00 sys=0.00, real=0.00 secs] 
2024-10-07T05:51:30.167+0300: 800.421: Total time for which application threads were stopped: 0.0019792 seconds, Stopping threads took: 0.0001831 seconds
2024-10-07T05:51:30.732+0300: 800.982: Application time: 0.5612002 seconds
2024-10-07T05:51:30.732+0300: 800.983: [GC (Allocation Failure) 2024-10-07T05:51:30.732+0300: 800.983: [ParNew: 413189K->4287K(460096K), 0.0016120 secs] 419080K->10179K(2046080K), 0.0017123 secs] [Times: user=0.00 sys=0.00, real=0.00 secs] 
2024-10-07T05:51:30.732+0300: 800.984: Total time for which application threads were stopped: 0.0020564 seconds, Stopping threads took: 0.0001696 seconds
2024-10-07T05:51:31.297+0300: 801.544: Application time: 0.5595599 seconds
2024-10-07T05:51:31.297+0300: 801.544: [GC (Allocation Failure) 2024-10-07T05:51:31.297+0300: 801.544: [ParNew: 412881K->5310K(460096K), 0.0018010 secs] 418773K->11202K(2046080K), 0.0018785 secs] [Times: user=0.00 sys=0.00, real=0.00 secs] 
2024-10-07T05:51:31.297+0300: 801.546: Total time for which application threads were stopped: 0.0021354 seconds, Stopping threads took: 0.0001617 seconds
2024-10-07T05:51:31.862+0300: 802.111: Application time: 0.5651017 seconds
2024-10-07T05:51:31.862+0300: 802.111: [GC (Allocation Failure) 2024-10-07T05:51:31.862+0300: 802.111: [ParNew: 413669K->4286K(460096K), 0.0016013 secs] 419562K->10179K(2046080K), 0.0016846 secs] [Times: user=0.00 sys=0.00, real=0.00 secs] 
2024-10-07T05:51:31.862+0300: 802.113: Total time for which application threads were stopped: 0.0019748 seconds, Stopping threads took: 0.0001810 seconds
2024-10-07T05:51:32.428+0300: 802.675: Application time: 0.5616761 seconds
2024-10-07T05:51:32.428+0300: 802.675: [GC (Allocation Failure) 2024-10-07T05:51:32.428+0300: 802.675: [ParNew: 413113K->5306K(460096K), 0.0017259 secs] 419007K->11200K(2046080K), 0.0017958 secs] [Times: user=0.00 sys=0.00, real=0.00 secs] 
2024-10-07T05:51:32.428+0300: 802.677: Total time for which application threads were stopped: 0.0020462 seconds, Stopping threads took: 0.0001450 seconds
2024-10-07T05:51:32.993+0300: 803.234: Application time: 0.5575379 seconds
2024-10-07T05:51:32.993+0300: 803.235: [GC (Allocation Failure) 2024-10-07T05:51:32.993+0300: 803.235: [ParNew: 414330K->4302K(460096K), 0.0015837 secs] 420224K->10196K(2046080K), 0.0016564 secs] [Times: user=0.00 sys=0.00, real=0.00 secs] 
2024-10-07T05:51:32.993+0300: 803.236: Total time for which application threads were stopped: 0.0019490 seconds, Stopping threads took: 0.0001886 seconds
2024-10-07T05:51:33.557+0300: 803.802: Application time: 0.5653831 seconds
2024-10-07T05:51:33.557+0300: 803.802: [GC (Allocation Failure) 2024-10-07T05:51:33.557+0300: 803.802: [ParNew: 412782K->4282K(460096K), 0.0016610 secs] 418676K->10177K(2046080K), 0.0017528 secs] [Times: user=0.00 sys=0.00, real=0.00 secs] 
2024-10-07T05:51:33.557+0300: 803.804: Total time for which application threads were stopped: 0.0020427 seconds, Stopping threads took: 0.0001712 seconds
2024-10-07T05:51:34.123+0300: 804.364: Application time: 0.5604730 seconds
2024-10-07T05:51:34.123+0300: 804.364: [GC (Allocation Failure) 2024-10-07T05:51:34.123+0300: 804.365: [ParNew: 412431K->3261K(460096K), 0.0014573 secs] 418326K->9157K(2046080K), 0.0015260 secs] [Times: user=0.00 sys=0.00, real=0.00 secs] 
2024-10-07T05:51:34.123+0300: 804.366: Total time for which application threads were stopped: 0.0017721 seconds, Stopping threads took: 0.0001455 seconds
2024-10-07T05:51:34.687+0300: 804.931: Application time: 0.5651067 seconds
2024-10-07T05:51:34.690+0300: 804.931: [GC (Allocation Failure) 2024-10-07T05:51:34.690+0300: 804.931: [ParNew: 411392K->4285K(460096K), 0.0014149 secs] 417288K->10182K(2046080K), 0.0014738 secs] [Times: user=0.00 sys=0.00, real=0.00 secs] 
2024-10-07T05:51:34.690+0300: 804.933: Total time for which application threads were stopped: 0.0017159 seconds, Stopping threads took: 0.0001499 seconds
2024-10-07T05:51:35.237+0300: 805.490: Application time: 0.5566714 seconds
2024-10-07T05:51:35.237+0300: 805.490: [GC (Allocation Failure) 2024-10-07T05:51:35.237+0300: 805.490: [ParNew: 413309K->5306K(460096K), 0.0017174 secs] 419206K->11203K(2046080K), 0.0017929 secs] [Times: user=0.00 sys=0.00, real=0.00 secs] 
2024-10-07T05:51:35.237+0300: 805.492: Total time for which application threads were stopped: 0.0021073 seconds, Stopping threads took: 0.0002132 seconds
2024-10-07T05:51:35.803+0300: 806.055: Application time: 0.5629547 seconds
2024-10-07T05:51:35.803+0300: 806.055: [GC (Allocation Failure) 2024-10-07T05:51:35.803+0300: 806.055: [ParNew: 414081K->5304K(460096K), 0.0017506 secs] 419979K->11202K(2046080K), 0.0018310 secs] [Times: user=0.00 sys=0.00, real=0.00 secs] 
2024-10-07T05:51:35.803+0300: 806.057: Total time for which application threads were stopped: 0.0021511 seconds, Stopping threads took: 0.0002135 seconds
2024-10-07T05:51:36.368+0300: 806.623: Application time: 0.5663707 seconds
2024-10-07T05:51:36.368+0300: 806.623: [GC (Allocation Failure) 2024-10-07T05:51:36.368+0300: 806.623: [ParNew: 414328K->3264K(460096K), 0.0014763 secs] 420226K->9162K(2046080K), 0.0015703 secs] [Times: user=0.00 sys=0.00, real=0.02 secs] 
2024-10-07T05:51:36.384+0300: 806.625: Total time for which application threads were stopped: 0.0018350 seconds, Stopping threads took: 0.0001454 seconds
2024-10-07T05:51:36.933+0300: 807.179: Application time: 0.5542303 seconds
2024-10-07T05:51:36.933+0300: 807.179: [GC (Allocation Failure) 2024-10-07T05:51:36.933+0300: 807.179: [ParNew: 411361K->5304K(460096K), 0.0016850 secs] 417259K->11203K(2046080K), 0.0017617 secs] [Times: user=0.00 sys=0.00, real=0.00 secs] 
2024-10-07T05:51:36.933+0300: 807.181: Total time for which application threads were stopped: 0.0019727 seconds, Stopping threads took: 0.0001109 seconds
2024-10-07T05:51:37.499+0300: 807.747: Application time: 0.5654939 seconds
2024-10-07T05:51:37.499+0300: 807.747: [GC (Allocation Failure) 2024-10-07T05:51:37.499+0300: 807.747: [ParNew: 413537K->4299K(460096K), 0.0015533 secs] 419436K->10199K(2046080K), 0.0016423 secs] [Times: user=0.00 sys=0.00, real=0.00 secs] 
2024-10-07T05:51:37.499+0300: 807.749: Total time for which application threads were stopped: 0.0019223 seconds, Stopping threads took: 0.0001696 seconds
2024-10-07T05:51:38.064+0300: 808.306: Application time: 0.5573010 seconds
2024-10-07T05:51:38.064+0300: 808.306: [GC (Allocation Failure) 2024-10-07T05:51:38.064+0300: 808.306: [ParNew: 413323K->5306K(460096K), 0.0018721 secs] 419223K->11206K(2046080K), 0.0019438 secs] [Times: user=0.00 sys=0.00, real=0.00 secs] 
2024-10-07T05:51:38.064+0300: 808.308: Total time for which application threads were stopped: 0.0022194 seconds, Stopping threads took: 0.0001756 seconds
2024-10-07T05:51:38.629+0300: 808.876: Application time: 0.5679586 seconds
2024-10-07T05:51:38.629+0300: 808.876: [GC (Allocation Failure) 2024-10-07T05:51:38.629+0300: 808.876: [ParNew: 414330K->3277K(460096K), 0.0014889 secs] 420230K->9178K(2046080K), 0.0015604 secs] [Times: user=0.00 sys=0.00, real=0.00 secs] 
2024-10-07T05:51:38.629+0300: 808.878: Total time for which application threads were stopped: 0.0017760 seconds, Stopping threads took: 0.0001117 seconds
2024-10-07T05:51:39.178+0300: 809.435: Application time: 0.5566698 seconds
2024-10-07T05:51:39.193+0300: 809.435: [GC (Allocation Failure) 2024-10-07T05:51:39.193+0300: 809.435: [ParNew: 412141K->5304K(460096K), 0.0016687 secs] 418042K->11206K(2046080K), 0.0017542 secs] [Times: user=0.00 sys=0.00, real=0.00 secs] 
2024-10-07T05:51:39.193+0300: 809.437: Total time for which application threads were stopped: 0.0021133 seconds, Stopping threads took: 0.0002483 seconds
2024-10-07T05:51:39.743+0300: 810.000: Application time: 0.5631499 seconds
2024-10-07T05:51:39.759+0300: 810.000: [GC (Allocation Failure) 2024-10-07T05:51:39.759+0300: 810.000: [ParNew: 414068K->5302K(460096K), 0.0018294 secs] 419970K->11204K(2046080K), 0.0019398 secs] [Times: user=0.00 sys=0.00, real=0.00 secs] 
2024-10-07T05:51:39.759+0300: 810.002: Total time for which application threads were stopped: 0.0023206 seconds, Stopping threads took: 0.0002013 seconds
2024-10-07T05:51:40.308+0300: 810.564: Application time: 0.5615136 seconds
2024-10-07T05:51:40.308+0300: 810.564: [GC (Allocation Failure) 2024-10-07T05:51:40.308+0300: 810.564: [ParNew: 413780K->4282K(460096K), 0.0015870 secs] 419682K->10185K(2046080K), 0.0017042 secs] [Times: user=0.01 sys=0.00, real=0.01 secs] 
2024-10-07T05:51:40.323+0300: 810.566: Total time for which application threads were stopped: 0.0019572 seconds, Stopping threads took: 0.0001093 seconds
2024-10-07T05:51:40.872+0300: 811.128: Application time: 0.5623354 seconds
2024-10-07T05:51:40.872+0300: 811.128: [GC (Allocation Failure) 2024-10-07T05:51:40.872+0300: 811.128: [ParNew: 413306K->2251K(460096K), 0.0014176 secs] 419209K->8154K(2046080K), 0.0014753 secs] [Times: user=0.02 sys=0.00, real=0.02 secs] 
2024-10-07T05:51:40.888+0300: 811.130: Total time for which application threads were stopped: 0.0017477 seconds, Stopping threads took: 0.0001689 seconds
2024-10-07T05:51:41.437+0300: 811.693: Application time: 0.5629665 seconds
2024-10-07T05:51:41.437+0300: 811.693: [GC (Allocation Failure) 2024-10-07T05:51:41.437+0300: 811.693: [ParNew: 410340K->5307K(460096K), 0.0018670 secs] 416243K->11211K(2046080K), 0.0019769 secs] [Times: user=0.03 sys=0.00, real=0.02 secs] 
2024-10-07T05:51:41.453+0300: 811.695: Total time for which application threads were stopped: 0.0023845 seconds, Stopping threads took: 0.0002760 seconds
2024-10-07T05:51:42.005+0300: 812.254: Application time: 0.5587416 seconds
2024-10-07T05:51:42.005+0300: 812.254: [GC (Allocation Failure) 2024-10-07T05:51:42.005+0300: 812.254: [ParNew: 413328K->4288K(460096K), 0.0017967 secs] 419232K->10192K(2046080K), 0.0018733 secs] [Times: user=0.00 sys=0.00, real=0.00 secs] 
2024-10-07T05:51:42.005+0300: 812.256: Total time for which application threads were stopped: 0.0020721 seconds, Stopping threads took: 0.0000971 seconds
2024-10-07T05:51:42.567+0300: 812.820: Application time: 0.5640198 seconds
2024-10-07T05:51:42.567+0300: 812.820: [GC (Allocation Failure) 2024-10-07T05:51:42.567+0300: 812.820: [ParNew: 412522K->4300K(460096K), 0.0015934 secs] 418427K->10205K(2046080K), 0.0016880 secs] [Times: user=0.00 sys=0.00, real=0.00 secs] 
2024-10-07T05:51:42.567+0300: 812.822: Total time for which application threads were stopped: 0.0022049 seconds, Stopping threads took: 0.0003887 seconds
2024-10-07T05:51:43.132+0300: 813.382: Application time: 0.5602831 seconds
2024-10-07T05:51:43.132+0300: 813.383: [GC (Allocation Failure) 2024-10-07T05:51:43.132+0300: 813.383: [ParNew: 412588K->4284K(460096K), 0.0015032 secs] 418493K->10190K(2046080K), 0.0015818 secs] [Times: user=0.00 sys=0.00, real=0.00 secs] 
2024-10-07T05:51:43.132+0300: 813.384: Total time for which application threads were stopped: 0.0018779 seconds, Stopping threads took: 0.0001905 seconds
2024-10-07T05:51:43.696+0300: 813.948: Application time: 0.5641011 seconds
2024-10-07T05:51:43.696+0300: 813.949: [GC (Allocation Failure) 2024-10-07T05:51:43.696+0300: 813.949: [ParNew: 412492K->5308K(460096K), 0.0016696 secs] 418398K->11214K(2046080K), 0.0017421 secs] [Times: user=0.01 sys=0.00, real=0.01 secs] 
2024-10-07T05:51:43.708+0300: 813.950: Total time for which application threads were stopped: 0.0020341 seconds, Stopping threads took: 0.0001909 seconds
2024-10-07T05:51:44.261+0300: 814.507: Application time: 0.5570415 seconds
2024-10-07T05:51:44.261+0300: 814.508: [GC (Allocation Failure) 2024-10-07T05:51:44.261+0300: 814.508: [ParNew: 413804K->4296K(460096K), 0.0015438 secs] 419710K->10203K(2046080K), 0.0016235 secs] [Times: user=0.00 sys=0.00, real=0.00 secs] 
2024-10-07T05:51:44.261+0300: 814.509: Total time for which application threads were stopped: 0.0019319 seconds, Stopping threads took: 0.0002018 seconds
2024-10-07T05:51:44.826+0300: 815.077: Application time: 0.5677751 seconds
2024-10-07T05:51:44.826+0300: 815.077: [GC (Allocation Failure) 2024-10-07T05:51:44.826+0300: 815.077: [ParNew: 413320K->4296K(460096K), 0.0016843 secs] 419227K->10204K(2046080K), 0.0017676 secs] [Times: user=0.00 sys=0.00, real=0.00 secs] 
2024-10-07T05:51:44.826+0300: 815.079: Total time for which application threads were stopped: 0.0020685 seconds, Stopping threads took: 0.0001912 seconds
2024-10-07T05:51:45.392+0300: 815.642: Application time: 0.5632346 seconds
2024-10-07T05:51:45.392+0300: 815.643: [GC (Allocation Failure) 2024-10-07T05:51:45.392+0300: 815.643: [ParNew: 413236K->4285K(460096K), 0.0016032 secs] 419143K->10193K(2046080K), 0.0016990 secs] [Times: user=0.00 sys=0.00, real=0.00 secs] 
2024-10-07T05:51:45.392+0300: 815.644: Total time for which application threads were stopped: 0.0020038 seconds, Stopping threads took: 0.0001659 seconds
2024-10-07T05:51:45.957+0300: 816.204: Application time: 0.5594734 seconds
2024-10-07T05:51:45.957+0300: 816.204: [GC (Allocation Failure) 2024-10-07T05:51:45.957+0300: 816.204: [ParNew: 413309K->4284K(460096K), 0.0014865 secs] 419217K->10193K(2046080K), 0.0015721 secs] [Times: user=0.00 sys=0.00, real=0.00 secs] 
2024-10-07T05:51:45.957+0300: 816.206: Total time for which application threads were stopped: 0.0018463 seconds, Stopping threads took: 0.0001660 seconds
2024-10-07T05:51:46.522+0300: 816.767: Application time: 0.5615816 seconds
2024-10-07T05:51:46.522+0300: 816.768: [GC (Allocation Failure) 2024-10-07T05:51:46.522+0300: 816.768: [ParNew: 412288K->5304K(460096K), 0.0022268 secs] 418197K->11214K(2046080K), 0.0023150 secs] [Times: user=0.00 sys=0.00, real=0.00 secs] 
2024-10-07T05:51:46.522+0300: 816.770: Total time for which application threads were stopped: 0.0025943 seconds, Stopping threads took: 0.0001718 seconds
2024-10-07T05:51:47.087+0300: 817.332: Application time: 0.5623858 seconds
2024-10-07T05:51:47.087+0300: 817.333: [GC (Allocation Failure) 2024-10-07T05:51:47.087+0300: 817.333: [ParNew: 414328K->4288K(460096K), 0.0014811 secs] 420238K->10198K(2046080K), 0.0015429 secs] [Times: user=0.00 sys=0.00, real=0.00 secs] 
2024-10-07T05:51:47.087+0300: 817.334: Total time for which application threads were stopped: 0.0017914 seconds, Stopping threads took: 0.0001536 seconds
2024-10-07T05:51:47.653+0300: 817.898: Application time: 0.5639640 seconds
2024-10-07T05:51:47.653+0300: 817.898: [GC (Allocation Failure) 2024-10-07T05:51:47.653+0300: 817.898: [ParNew: 412828K->5303K(460096K), 0.0017458 secs] 418738K->11214K(2046080K), 0.0018268 secs] [Times: user=0.00 sys=0.00, real=0.00 secs] 
2024-10-07T05:51:47.653+0300: 817.900: Total time for which application threads were stopped: 0.0021003 seconds, Stopping threads took: 0.0001656 seconds
2024-10-07T05:51:48.217+0300: 818.459: Application time: 0.5585410 seconds
2024-10-07T05:51:48.217+0300: 818.459: [GC (Allocation Failure) 2024-10-07T05:51:48.217+0300: 818.459: [ParNew: 413717K->5306K(460096K), 0.0018003 secs] 419628K->11218K(2046080K), 0.0018846 secs] [Times: user=0.00 sys=0.00, real=0.00 secs] 
2024-10-07T05:51:48.218+0300: 818.461: Total time for which application threads were stopped: 0.0022241 seconds, Stopping threads took: 0.0002240 seconds
2024-10-07T05:51:48.768+0300: 819.023: Application time: 0.5624925 seconds
2024-10-07T05:51:48.768+0300: 819.024: [GC (Allocation Failure) 2024-10-07T05:51:48.768+0300: 819.024: [ParNew: 413553K->3295K(460096K), 0.0015793 secs] 419464K->9207K(2046080K), 0.0016510 secs] [Times: user=0.02 sys=0.00, real=0.02 secs] 
2024-10-07T05:51:48.783+0300: 819.025: Total time for which application threads were stopped: 0.0019476 seconds, Stopping threads took: 0.0001923 seconds
2024-10-07T05:51:49.333+0300: 819.583: Application time: 0.5578532 seconds
2024-10-07T05:51:49.333+0300: 819.584: [GC (Allocation Failure) 2024-10-07T05:51:49.333+0300: 819.584: [ParNew: 412319K->3262K(460096K), 0.0017536 secs] 418231K->9175K(2046080K), 0.0018378 secs] [Times: user=0.00 sys=0.00, real=0.00 secs] 
2024-10-07T05:51:49.333+0300: 819.585: Total time for which application threads were stopped: 0.0021852 seconds, Stopping threads took: 0.0002297 seconds
2024-10-07T05:51:49.897+0300: 820.144: Application time: 0.5584744 seconds
2024-10-07T05:51:49.897+0300: 820.144: [GC (Allocation Failure) 2024-10-07T05:51:49.897+0300: 820.144: [ParNew: 411323K->4301K(460096K), 0.0014986 secs] 417235K->10215K(2046080K), 0.0015755 secs] [Times: user=0.00 sys=0.00, real=0.00 secs] 
2024-10-07T05:51:49.897+0300: 820.146: Total time for which application threads were stopped: 0.0019409 seconds, Stopping threads took: 0.0002634 seconds
2024-10-07T05:51:50.462+0300: 820.709: Application time: 0.5629058 seconds
2024-10-07T05:51:50.462+0300: 820.709: [GC (Allocation Failure) 2024-10-07T05:51:50.462+0300: 820.709: [ParNew: 412458K->5304K(460096K), 0.0016090 secs] 418371K->11218K(2046080K), 0.0017167 secs] [Times: user=0.00 sys=0.00, real=0.00 secs] 
2024-10-07T05:51:50.462+0300: 820.711: Total time for which application threads were stopped: 0.0020694 seconds, Stopping threads took: 0.0002311 seconds
2024-10-07T05:51:51.027+0300: 821.273: Application time: 0.5619585 seconds
2024-10-07T05:51:51.027+0300: 821.273: [GC (Allocation Failure) 2024-10-07T05:51:51.027+0300: 821.273: [ParNew: 414328K->4284K(460096K), 0.0014660 secs] 420242K->10199K(2046080K), 0.0015625 secs] [Times: user=0.00 sys=0.00, real=0.00 secs] 
2024-10-07T05:51:51.027+0300: 821.275: Total time for which application threads were stopped: 0.0018048 seconds, Stopping threads took: 0.0001375 seconds
2024-10-07T05:51:51.592+0300: 821.838: Application time: 0.5632860 seconds
2024-10-07T05:51:51.592+0300: 821.838: [GC (Allocation Failure) 2024-10-07T05:51:51.592+0300: 821.838: [ParNew: 412902K->5306K(460096K), 0.0017173 secs] 418817K->11221K(2046080K), 0.0018210 secs] [Times: user=0.00 sys=0.00, real=0.00 secs] 
2024-10-07T05:51:51.592+0300: 821.840: Total time for which application threads were stopped: 0.0021221 seconds, Stopping threads took: 0.0001672 seconds
2024-10-07T05:51:52.157+0300: 822.400: Application time: 0.5596413 seconds
2024-10-07T05:51:52.157+0300: 822.400: [GC (Allocation Failure) 2024-10-07T05:51:52.157+0300: 822.400: [ParNew: 413453K->5302K(460096K), 0.0017687 secs] 419368K->11218K(2046080K), 0.0018442 secs] [Times: user=0.00 sys=0.00, real=0.00 secs] 
2024-10-07T05:51:52.157+0300: 822.402: Total time for which application threads were stopped: 0.0021056 seconds, Stopping threads took: 0.0001616 seconds
2024-10-07T05:51:52.722+0300: 822.966: Application time: 0.5638666 seconds
2024-10-07T05:51:52.722+0300: 822.966: [GC (Allocation Failure) 2024-10-07T05:51:52.722+0300: 822.966: [ParNew: 413435K->4285K(460096K), 0.0014643 secs] 419351K->10202K(2046080K), 0.0015807 secs] [Times: user=0.03 sys=0.02, real=0.00 secs] 
2024-10-07T05:51:52.722+0300: 822.968: Total time for which application threads were stopped: 0.0018664 seconds, Stopping threads took: 0.0001721 seconds
2024-10-07T05:51:53.272+0300: 823.527: Application time: 0.5590850 seconds
2024-10-07T05:51:53.272+0300: 823.527: [GC (Allocation Failure) 2024-10-07T05:51:53.272+0300: 823.527: [ParNew: 412885K->3274K(460096K), 0.0015014 secs] 418801K->9191K(2046080K), 0.0015775 secs] [Times: user=0.00 sys=0.00, real=0.01 secs] 
2024-10-07T05:51:53.287+0300: 823.529: Total time for which application threads were stopped: 0.0018802 seconds, Stopping threads took: 0.0001986 seconds
2024-10-07T05:51:53.851+0300: 824.096: Application time: 0.5674528 seconds
2024-10-07T05:51:53.851+0300: 824.096: [GC (Allocation Failure) 2024-10-07T05:51:53.851+0300: 824.096: [ParNew: 412298K->4282K(460096K), 0.0017665 secs] 418215K->10200K(2046080K), 0.0018662 secs] [Times: user=0.00 sys=0.00, real=0.00 secs] 
2024-10-07T05:51:53.851+0300: 824.098: Total time for which application threads were stopped: 0.0020787 seconds, Stopping threads took: 0.0001051 seconds
2024-10-07T05:51:54.416+0300: 824.660: Application time: 0.5615771 seconds
2024-10-07T05:51:54.416+0300: 824.660: [GC (Allocation Failure) 2024-10-07T05:51:54.416+0300: 824.660: [ParNew: 413150K->3278K(460096K), 0.0014823 secs] 419068K->9197K(2046080K), 0.0015565 secs] [Times: user=0.00 sys=0.00, real=0.00 secs] 
2024-10-07T05:51:54.416+0300: 824.662: Total time for which application threads were stopped: 0.0018667 seconds, Stopping threads took: 0.0001852 seconds
2024-10-07T05:51:54.966+0300: 825.222: Application time: 0.5600631 seconds
2024-10-07T05:51:54.966+0300: 825.222: [GC (Allocation Failure) 2024-10-07T05:51:54.966+0300: 825.222: [ParNew: 411848K->3267K(460096K), 0.0017633 secs] 417767K->9186K(2046080K), 0.0018448 secs] [Times: user=0.02 sys=0.00, real=0.01 secs] 
2024-10-07T05:51:54.981+0300: 825.224: Total time for which application threads were stopped: 0.0021325 seconds, Stopping threads took: 0.0001687 seconds
2024-10-07T05:51:55.533+0300: 825.782: Application time: 0.5586264 seconds
2024-10-07T05:51:55.533+0300: 825.783: [GC (Allocation Failure) 2024-10-07T05:51:55.533+0300: 825.783: [ParNew: 411558K->5309K(460096K), 0.0017281 secs] 417477K->11229K(2046080K), 0.0017980 secs] [Times: user=0.00 sys=0.00, real=0.00 secs] 
2024-10-07T05:51:55.533+0300: 825.784: Total time for which application threads were stopped: 0.0021072 seconds, Stopping threads took: 0.0002067 seconds
2024-10-07T05:51:56.096+0300: 826.345: Application time: 0.5602541 seconds
2024-10-07T05:51:56.096+0300: 826.345: [GC (Allocation Failure) 2024-10-07T05:51:56.096+0300: 826.345: [ParNew: 414177K->5306K(460096K), 0.0017344 secs] 420097K->11226K(2046080K), 0.0018211 secs] [Times: user=0.00 sys=0.00, real=0.00 secs] 
2024-10-07T05:51:56.096+0300: 826.347: Total time for which application threads were stopped: 0.0021267 seconds, Stopping threads took: 0.0001905 seconds
2024-10-07T05:51:56.661+0300: 826.909: Application time: 0.5623036 seconds
2024-10-07T05:51:56.661+0300: 826.909: [GC (Allocation Failure) 2024-10-07T05:51:56.661+0300: 826.909: [ParNew: 414124K->4300K(460096K), 0.0015438 secs] 420044K->10221K(2046080K), 0.0016099 secs] [Times: user=0.00 sys=0.00, real=0.00 secs] 
2024-10-07T05:51:56.661+0300: 826.911: Total time for which application threads were stopped: 0.0018638 seconds, Stopping threads took: 0.0001580 seconds
2024-10-07T05:51:57.226+0300: 827.471: Application time: 0.5597181 seconds
2024-10-07T05:51:57.226+0300: 827.471: [GC (Allocation Failure) 2024-10-07T05:51:57.226+0300: 827.471: [ParNew: 413324K->4297K(460096K), 0.0017705 secs] 419245K->10218K(2046080K), 0.0018804 secs] [Times: user=0.00 sys=0.00, real=0.00 secs] 
2024-10-07T05:51:57.226+0300: 827.473: Total time for which application threads were stopped: 0.0021375 seconds, Stopping threads took: 0.0001373 seconds
2024-10-07T05:51:57.791+0300: 828.036: Application time: 0.5627263 seconds
2024-10-07T05:51:57.791+0300: 828.036: [GC (Allocation Failure) 2024-10-07T05:51:57.791+0300: 828.036: [ParNew: 413321K->4281K(460096K), 0.0018115 secs] 419242K->10204K(2046080K), 0.0018895 secs] [Times: user=0.00 sys=0.00, real=0.00 secs] 
2024-10-07T05:51:57.791+0300: 828.038: Total time for which application threads were stopped: 0.0021410 seconds, Stopping threads took: 0.0001541 seconds
2024-10-07T05:51:58.356+0300: 828.598: Application time: 0.5606146 seconds
2024-10-07T05:51:58.356+0300: 828.599: [GC (Allocation Failure) 2024-10-07T05:51:58.356+0300: 828.599: [ParNew: 413305K->4284K(460096K), 0.0013811 secs] 419228K->10207K(2046080K), 0.0014927 secs] [Times: user=0.00 sys=0.00, real=0.00 secs] 
2024-10-07T05:51:58.356+0300: 828.600: Total time for which application threads were stopped: 0.0018108 seconds, Stopping threads took: 0.0001519 seconds
2024-10-07T05:51:58.906+0300: 829.156: Application time: 0.5563300 seconds
2024-10-07T05:51:58.906+0300: 829.157: [GC (Allocation Failure) 2024-10-07T05:51:58.906+0300: 829.157: [ParNew: 412418K->5304K(460096K), 0.0016734 secs] 418341K->11228K(2046080K), 0.0017486 secs] [Times: user=0.00 sys=0.00, real=0.00 secs] 
2024-10-07T05:51:58.906+0300: 829.159: Total time for which application threads were stopped: 0.0020948 seconds, Stopping threads took: 0.0002445 seconds
2024-10-07T05:51:59.471+0300: 829.723: Application time: 0.5643887 seconds
2024-10-07T05:51:59.471+0300: 829.723: [GC (Allocation Failure) 2024-10-07T05:51:59.471+0300: 829.723: [ParNew: 413950K->4283K(460096K), 0.0014383 secs] 419873K->10207K(2046080K), 0.0015206 secs] [Times: user=0.00 sys=0.00, real=0.00 secs] 
2024-10-07T05:51:59.471+0300: 829.725: Total time for which application threads were stopped: 0.0018038 seconds, Stopping threads took: 0.0001798 seconds
2024-10-07T05:52:00.042+0300: 830.283: Application time: 0.5586078 seconds
2024-10-07T05:52:00.042+0300: 830.284: [GC (Allocation Failure) 2024-10-07T05:52:00.042+0300: 830.284: [ParNew: 412500K->4285K(460096K), 0.0017275 secs] 418424K->10210K(2046080K), 0.0018281 secs] [Times: user=0.00 sys=0.00, real=0.00 secs] 
2024-10-07T05:52:00.042+0300: 830.286: Total time for which application threads were stopped: 0.0021304 seconds, Stopping threads took: 0.0001760 seconds
2024-10-07T05:52:00.604+0300: 830.853: Application time: 0.5671167 seconds
2024-10-07T05:52:00.604+0300: 830.853: [GC (Allocation Failure) 2024-10-07T05:52:00.604+0300: 830.853: [ParNew: 413024K->5304K(460096K), 0.0020388 secs] 418949K->11230K(2046080K), 0.0021168 secs] [Times: user=0.00 sys=0.00, real=0.00 secs] 
2024-10-07T05:52:00.604+0300: 830.855: Total time for which application threads were stopped: 0.0024165 seconds, Stopping threads took: 0.0001719 seconds
2024-10-07T05:52:01.166+0300: 831.415: Application time: 0.5595736 seconds
2024-10-07T05:52:01.166+0300: 831.415: [GC (Allocation Failure) 2024-10-07T05:52:01.166+0300: 831.415: [ParNew: 413743K->5305K(460096K), 0.0017018 secs] 419668K->11231K(2046080K), 0.0017931 secs] [Times: user=0.00 sys=0.00, real=0.00 secs] 
2024-10-07T05:52:01.166+0300: 831.417: Total time for which application threads were stopped: 0.0020830 seconds, Stopping threads took: 0.0001742 seconds
2024-10-07T05:52:01.730+0300: 831.979: Application time: 0.5627557 seconds
2024-10-07T05:52:01.730+0300: 831.980: [GC (Allocation Failure) 2024-10-07T05:52:01.730+0300: 831.980: [ParNew: 413994K->4284K(460096K), 0.0015385 secs] 419920K->10211K(2046080K), 0.0016329 secs] [Times: user=0.00 sys=0.00, real=0.00 secs] 
2024-10-07T05:52:01.730+0300: 831.981: Total time for which application threads were stopped: 0.0018832 seconds, Stopping threads took: 0.0001181 seconds
2024-10-07T05:52:02.299+0300: 832.541: Application time: 0.5596033 seconds
2024-10-07T05:52:02.299+0300: 832.541: [GC (Allocation Failure) 2024-10-07T05:52:02.299+0300: 832.541: [ParNew: 413308K->5306K(460096K), 0.0017538 secs] 419235K->11233K(2046080K), 0.0018237 secs] [Times: user=0.00 sys=0.00, real=0.00 secs] 
2024-10-07T05:52:02.301+0300: 832.543: Total time for which application threads were stopped: 0.0020859 seconds, Stopping threads took: 0.0001620 seconds
2024-10-07T05:52:02.861+0300: 833.106: Application time: 0.5631435 seconds
2024-10-07T05:52:02.861+0300: 833.106: [GC (Allocation Failure) 2024-10-07T05:52:02.861+0300: 833.106: [ParNew: 414330K->4280K(460096K), 0.0015486 secs] 420257K->10208K(2046080K), 0.0016209 secs] [Times: user=0.00 sys=0.00, real=0.00 secs] 
2024-10-07T05:52:02.861+0300: 833.108: Total time for which application threads were stopped: 0.0019008 seconds, Stopping threads took: 0.0001610 seconds
2024-10-07T05:52:03.426+0300: 833.670: Application time: 0.5615839 seconds
2024-10-07T05:52:03.426+0300: 833.670: [GC (Allocation Failure) 2024-10-07T05:52:03.426+0300: 833.670: [ParNew: 412397K->4284K(460096K), 0.0014333 secs] 418325K->10212K(2046080K), 0.0015291 secs] [Times: user=0.00 sys=0.00, real=0.00 secs] 
2024-10-07T05:52:03.426+0300: 833.671: Total time for which application threads were stopped: 0.0017831 seconds, Stopping threads took: 0.0001375 seconds
2024-10-07T05:52:03.975+0300: 834.223: Application time: 0.5519862 seconds
2024-10-07T05:52:03.975+0300: 834.224: [GC (Allocation Failure) 2024-10-07T05:52:03.975+0300: 834.224: [ParNew: 413308K->4284K(460096K), 0.0014213 secs] 419236K->10213K(2046080K), 0.0014949 secs] [Times: user=0.00 sys=0.00, real=0.00 secs] 
2024-10-07T05:52:03.975+0300: 834.225: Total time for which application threads were stopped: 0.0018245 seconds, Stopping threads took: 0.0002260 seconds
2024-10-07T05:52:04.540+0300: 834.789: Application time: 0.5641022 seconds
2024-10-07T05:52:04.540+0300: 834.790: [GC (Allocation Failure) 2024-10-07T05:52:04.540+0300: 834.790: [ParNew: 412903K->5306K(460096K), 0.0016693 secs] 418832K->11236K(2046080K), 0.0017501 secs] [Times: user=0.00 sys=0.00, real=0.00 secs] 
2024-10-07T05:52:04.540+0300: 834.791: Total time for which application threads were stopped: 0.0020307 seconds, Stopping threads took: 0.0001726 seconds
2024-10-07T05:52:05.105+0300: 835.350: Application time: 0.5582500 seconds
2024-10-07T05:52:05.105+0300: 835.350: [GC (Allocation Failure) 2024-10-07T05:52:05.105+0300: 835.350: [ParNew: 414330K->4298K(460096K), 0.0014384 secs] 420260K->10228K(2046080K), 0.0015050 secs] [Times: user=0.00 sys=0.00, real=0.00 secs] 
2024-10-07T05:52:05.105+0300: 835.351: Total time for which application threads were stopped: 0.0017763 seconds, Stopping threads took: 0.0001782 seconds
2024-10-07T05:52:05.670+0300: 835.913: Application time: 0.5611835 seconds
2024-10-07T05:52:05.670+0300: 835.913: [GC (Allocation Failure) 2024-10-07T05:52:05.670+0300: 835.913: [ParNew: 413010K->4286K(460096K), 0.0015101 secs] 418941K->10217K(2046080K), 0.0015835 secs] [Times: user=0.00 sys=0.00, real=0.00 secs] 
2024-10-07T05:52:05.670+0300: 835.915: Total time for which application threads were stopped: 0.0018588 seconds, Stopping threads took: 0.0001783 seconds
2024-10-07T05:52:06.219+0300: 836.471: Application time: 0.5568771 seconds
2024-10-07T05:52:06.219+0300: 836.472: [GC (Allocation Failure) 2024-10-07T05:52:06.219+0300: 836.472: [ParNew: 412437K->2259K(460096K), 0.0012298 secs] 418368K->8191K(2046080K), 0.0013017 secs] [Times: user=0.00 sys=0.00, real=0.00 secs] 
2024-10-07T05:52:06.219+0300: 836.473: Total time for which application threads were stopped: 0.0015422 seconds, Stopping threads took: 0.0001366 seconds
2024-10-07T05:52:06.784+0300: 837.036: Application time: 0.5634244 seconds
2024-10-07T05:52:06.784+0300: 837.037: [GC (Allocation Failure) 2024-10-07T05:52:06.784+0300: 837.037: [ParNew: 411283K->2256K(460096K), 0.0013832 secs] 417215K->8188K(2046080K), 0.0014558 secs] [Times: user=0.00 sys=0.00, real=0.00 secs] 
2024-10-07T05:52:06.784+0300: 837.038: Total time for which application threads were stopped: 0.0017736 seconds, Stopping threads took: 0.0002080 seconds
2024-10-07T05:52:07.357+0300: 837.603: Application time: 0.5647725 seconds
2024-10-07T05:52:07.357+0300: 837.603: [GC (Allocation Failure) 2024-10-07T05:52:07.357+0300: 837.603: [ParNew: 411280K->4299K(460096K), 0.0015814 secs] 417212K->10232K(2046080K), 0.0016772 secs] [Times: user=0.03 sys=0.00, real=0.00 secs] 
2024-10-07T05:52:07.357+0300: 837.605: Total time for which application threads were stopped: 0.0019272 seconds, Stopping threads took: 0.0001350 seconds
2024-10-07T05:52:07.914+0300: 838.159: Application time: 0.5545026 seconds
2024-10-07T05:52:07.914+0300: 838.160: [GC (Allocation Failure) 2024-10-07T05:52:07.914+0300: 838.160: [ParNew: 412736K->4290K(460096K), 0.0016725 secs] 418669K->10223K(2046080K), 0.0017580 secs] [Times: user=0.00 sys=0.00, real=0.00 secs] 
2024-10-07T05:52:07.914+0300: 838.161: Total time for which application threads were stopped: 0.0019910 seconds, Stopping threads took: 0.0001311 seconds
2024-10-07T05:52:08.480+0300: 838.725: Application time: 0.5638345 seconds
2024-10-07T05:52:08.480+0300: 838.725: [GC (Allocation Failure) 2024-10-07T05:52:08.480+0300: 838.725: [ParNew: 412634K->3278K(460096K), 0.0013356 secs] 418567K->9213K(2046080K), 0.0014271 secs] [Times: user=0.00 sys=0.00, real=0.00 secs] 
2024-10-07T05:52:08.480+0300: 838.727: Total time for which application threads were stopped: 0.0016553 seconds, Stopping threads took: 0.0001064 seconds
2024-10-07T05:52:09.045+0300: 839.286: Application time: 0.5593390 seconds
2024-10-07T05:52:09.045+0300: 839.286: [GC (Allocation Failure) 2024-10-07T05:52:09.045+0300: 839.286: [ParNew: 411844K->4300K(460096K), 0.0018704 secs] 417778K->10235K(2046080K), 0.0019576 secs] [Times: user=0.00 sys=0.00, real=0.00 secs] 
2024-10-07T05:52:09.045+0300: 839.288: Total time for which application threads were stopped: 0.0021745 seconds, Stopping threads took: 0.0001081 seconds
2024-10-07T05:52:09.594+0300: 839.850: Application time: 0.5618395 seconds
2024-10-07T05:52:09.609+0300: 839.851: [GC (Allocation Failure) 2024-10-07T05:52:09.609+0300: 839.851: [ParNew: 412991K->4298K(460096K), 0.0015215 secs] 418926K->10233K(2046080K), 0.0016175 secs] [Times: user=0.00 sys=0.00, real=0.00 secs] 
2024-10-07T05:52:09.609+0300: 839.852: Total time for which application threads were stopped: 0.0020639 seconds, Stopping threads took: 0.0003114 seconds
2024-10-07T05:52:10.162+0300: 840.414: Application time: 0.5613661 seconds
2024-10-07T05:52:10.162+0300: 840.414: [GC (Allocation Failure) 2024-10-07T05:52:10.162+0300: 840.414: [ParNew: 413322K->3280K(460096K), 0.0017095 secs] 419257K->9216K(2046080K), 0.0017996 secs] [Times: user=0.00 sys=0.00, real=0.00 secs] 
2024-10-07T05:52:10.162+0300: 840.416: Total time for which application threads were stopped: 0.0020736 seconds, Stopping threads took: 0.0001698 seconds
2024-10-07T05:52:10.724+0300: 840.978: Application time: 0.5627593 seconds
2024-10-07T05:52:10.724+0300: 840.979: [GC (Allocation Failure) 2024-10-07T05:52:10.724+0300: 840.979: [ParNew: 412101K->4285K(460096K), 0.0015091 secs] 418037K->10222K(2046080K), 0.0015796 secs] [Times: user=0.00 sys=0.00, real=0.00 secs] 
2024-10-07T05:52:10.724+0300: 840.980: Total time for which application threads were stopped: 0.0018462 seconds, Stopping threads took: 0.0001682 seconds
2024-10-07T05:52:11.289+0300: 841.541: Application time: 0.5611860 seconds
2024-10-07T05:52:11.289+0300: 841.542: [GC (Allocation Failure) 2024-10-07T05:52:11.289+0300: 841.542: [ParNew: 413309K->4283K(460096K), 0.0015834 secs] 419246K->10220K(2046080K), 0.0016565 secs] [Times: user=0.00 sys=0.00, real=0.00 secs] 
2024-10-07T05:52:11.289+0300: 841.543: Total time for which application threads were stopped: 0.0019552 seconds, Stopping threads took: 0.0001795 seconds
2024-10-07T05:52:11.854+0300: 842.105: Application time: 0.5615073 seconds
2024-10-07T05:52:11.854+0300: 842.105: [GC (Allocation Failure) 2024-10-07T05:52:11.854+0300: 842.105: [ParNew: 413018K->4285K(460096K), 0.0018744 secs] 418955K->10223K(2046080K), 0.0019552 secs] [Times: user=0.00 sys=0.00, real=0.00 secs] 
2024-10-07T05:52:11.854+0300: 842.107: Total time for which application threads were stopped: 0.0022618 seconds, Stopping threads took: 0.0001977 seconds
2024-10-07T05:52:12.419+0300: 842.667: Application time: 0.5594980 seconds
2024-10-07T05:52:12.419+0300: 842.667: [GC (Allocation Failure) 2024-10-07T05:52:12.419+0300: 842.667: [ParNew: 412341K->4298K(460096K), 0.0015456 secs] 418279K->10237K(2046080K), 0.0016428 secs] [Times: user=0.00 sys=0.00, real=0.00 secs] 
2024-10-07T05:52:12.419+0300: 842.669: Total time for which application threads were stopped: 0.0020631 seconds, Stopping threads took: 0.0002868 seconds
2024-10-07T05:52:12.984+0300: 843.228: Application time: 0.5591673 seconds
2024-10-07T05:52:12.984+0300: 843.228: [GC (Allocation Failure) 2024-10-07T05:52:12.984+0300: 843.228: [ParNew: 412527K->4300K(460096K), 0.0014927 secs] 418466K->10239K(2046080K), 0.0015751 secs] [Times: user=0.00 sys=0.00, real=0.00 secs] 
2024-10-07T05:52:12.984+0300: 843.230: Total time for which application threads were stopped: 0.0018623 seconds, Stopping threads took: 0.0001811 seconds
2024-10-07T05:52:13.549+0300: 843.793: Application time: 0.5630358 seconds
2024-10-07T05:52:13.549+0300: 843.793: [GC (Allocation Failure) 2024-10-07T05:52:13.549+0300: 843.793: [ParNew: 413232K->4283K(460096K), 0.0014996 secs] 419171K->10222K(2046080K), 0.0015767 secs] [Times: user=0.00 sys=0.00, real=0.00 secs] 
2024-10-07T05:52:13.549+0300: 843.795: Total time for which application threads were stopped: 0.0018654 seconds, Stopping threads took: 0.0001720 seconds
2024-10-07T05:52:14.098+0300: 844.353: Application time: 0.5578523 seconds
2024-10-07T05:52:14.098+0300: 844.353: [GC (Allocation Failure) 2024-10-07T05:52:14.098+0300: 844.353: [ParNew: 412673K->4283K(460096K), 0.0016723 secs] 418613K->10224K(2046080K), 0.0017544 secs] [Times: user=0.00 sys=0.00, real=0.00 secs] 
2024-10-07T05:52:14.098+0300: 844.355: Total time for which application threads were stopped: 0.0020812 seconds, Stopping threads took: 0.0002197 seconds
2024-10-07T05:52:14.672+0300: 844.918: Application time: 0.5637197 seconds
2024-10-07T05:52:14.672+0300: 844.919: [GC (Allocation Failure) 2024-10-07T05:52:14.672+0300: 844.919: [ParNew: 413270K->2254K(460096K), 0.0012995 secs] 419211K->8195K(2046080K), 0.0013860 secs] [Times: user=0.00 sys=0.00, real=0.00 secs] 
2024-10-07T05:52:14.672+0300: 844.920: Total time for which application threads were stopped: 0.0017262 seconds, Stopping threads took: 0.0002143 seconds
2024-10-07T05:52:15.228+0300: 845.477: Application time: 0.5572287 seconds
2024-10-07T05:52:15.228+0300: 845.478: [GC (Allocation Failure) 2024-10-07T05:52:15.228+0300: 845.478: [ParNew: 410853K->4284K(460096K), 0.0015538 secs] 416794K->10226K(2046080K), 0.0016312 secs] [Times: user=0.00 sys=0.00, real=0.00 secs] 
2024-10-07T05:52:15.228+0300: 845.479: Total time for which application threads were stopped: 0.0019166 seconds, Stopping threads took: 0.0001824 seconds
2024-10-07T05:52:15.793+0300: 846.042: Application time: 0.5625275 seconds
2024-10-07T05:52:15.793+0300: 846.042: [GC (Allocation Failure) 2024-10-07T05:52:15.793+0300: 846.042: [ParNew: 413164K->5307K(460096K), 0.0016770 secs] 419106K->11250K(2046080K), 0.0017620 secs] [Times: user=0.00 sys=0.00, real=0.00 secs] 
2024-10-07T05:52:15.793+0300: 846.044: Total time for which application threads were stopped: 0.0020431 seconds, Stopping threads took: 0.0001754 seconds
2024-10-07T05:52:16.358+0300: 846.608: Application time: 0.5638049 seconds
2024-10-07T05:52:16.358+0300: 846.608: [GC (Allocation Failure) 2024-10-07T05:52:16.358+0300: 846.608: [ParNew: 413838K->5304K(460096K), 0.0016410 secs] 419780K->11247K(2046080K), 0.0017321 secs] [Times: user=0.00 sys=0.00, real=0.00 secs] 
2024-10-07T05:52:16.358+0300: 846.610: Total time for which application threads were stopped: 0.0020089 seconds, Stopping threads took: 0.0001563 seconds
2024-10-07T05:52:16.923+0300: 847.169: Application time: 0.5590960 seconds
2024-10-07T05:52:16.923+0300: 847.169: [GC (Allocation Failure) 2024-10-07T05:52:16.923+0300: 847.169: [ParNew: 413672K->4300K(460096K), 0.0015489 secs] 419615K->10244K(2046080K), 0.0016292 secs] [Times: user=0.00 sys=0.00, real=0.00 secs] 
2024-10-07T05:52:16.923+0300: 847.171: Total time for which application threads were stopped: 0.0019188 seconds, Stopping threads took: 0.0001835 seconds
2024-10-07T05:52:17.489+0300: 847.737: Application time: 0.5665555 seconds
2024-10-07T05:52:17.489+0300: 847.738: [GC (Allocation Failure) 2024-10-07T05:52:17.489+0300: 847.738: [ParNew: 413324K->3278K(460096K), 0.0015157 secs] 419268K->9222K(2046080K), 0.0015946 secs] [Times: user=0.00 sys=0.00, real=0.00 secs] 
2024-10-07T05:52:17.489+0300: 847.739: Total time for which application threads were stopped: 0.0018909 seconds, Stopping threads took: 0.0001516 seconds
2024-10-07T05:52:18.038+0300: 848.295: Application time: 0.5556547 seconds
2024-10-07T05:52:18.054+0300: 848.295: [GC (Allocation Failure) 2024-10-07T05:52:18.054+0300: 848.295: [ParNew: 411662K->5305K(460096K), 0.0015840 secs] 417606K->11249K(2046080K), 0.0016799 secs] [Times: user=0.00 sys=0.00, real=0.00 secs] 
2024-10-07T05:52:18.054+0300: 848.297: Total time for which application threads were stopped: 0.0020096 seconds, Stopping threads took: 0.0002050 seconds
2024-10-07T05:52:18.603+0300: 848.859: Application time: 0.5625816 seconds
2024-10-07T05:52:18.603+0300: 848.860: [GC (Allocation Failure) 2024-10-07T05:52:18.603+0300: 848.860: [ParNew: 413638K->4283K(460096K), 0.0016082 secs] 419583K->10229K(2046080K), 0.0016833 secs] [Times: user=0.02 sys=0.00, real=0.02 secs] 
2024-10-07T05:52:18.619+0300: 848.861: Total time for which application threads were stopped: 0.0019681 seconds, Stopping threads took: 0.0001814 seconds
2024-10-07T05:52:19.168+0300: 849.414: Application time: 0.5530017 seconds
2024-10-07T05:52:19.168+0300: 849.415: [GC (Allocation Failure) 2024-10-07T05:52:19.168+0300: 849.415: [ParNew: 412540K->2240K(460096K), 0.0010996 secs] 418485K->8186K(2046080K), 0.0011562 secs] [Times: user=0.00 sys=0.00, real=0.00 secs] 
2024-10-07T05:52:19.168+0300: 849.416: Total time for which application threads were stopped: 0.0014271 seconds, Stopping threads took: 0.0001803 seconds
2024-10-07T05:52:19.749+0300: 849.990: Application time: 0.5740794 seconds
2024-10-07T05:52:19.749+0300: 849.990: [GC (Allocation Failure) 2024-10-07T05:52:19.749+0300: 849.990: [ParNew: 411107K->4300K(460096K), 0.0014008 secs] 417053K->10246K(2046080K), 0.0014909 secs] [Times: user=0.00 sys=0.00, real=0.00 secs] 
2024-10-07T05:52:19.749+0300: 849.992: Total time for which application threads were stopped: 0.0018171 seconds, Stopping threads took: 0.0002163 seconds
2024-10-07T05:52:20.314+0300: 850.566: Application time: 0.5741039 seconds
2024-10-07T05:52:20.314+0300: 850.566: [GC (Allocation Failure) 2024-10-07T05:52:20.314+0300: 850.566: [ParNew: 413324K->4296K(460096K), 0.0013302 secs] 419270K->10244K(2046080K), 0.0014315 secs] [Times: user=0.00 sys=0.00, real=0.00 secs] 
2024-10-07T05:52:20.314+0300: 850.567: Total time for which application threads were stopped: 0.0016821 seconds, Stopping threads took: 0.0001258 seconds
2024-10-07T05:52:20.885+0300: 851.133: Application time: 0.5655064 seconds
2024-10-07T05:52:20.885+0300: 851.133: [GC (Allocation Failure) 2024-10-07T05:52:20.885+0300: 851.133: [ParNew: 412992K->3264K(460096K), 0.0015070 secs] 418939K->9212K(2046080K), 0.0015824 secs] [Times: user=0.00 sys=0.00, real=0.00 secs] 
2024-10-07T05:52:20.885+0300: 851.135: Total time for which application threads were stopped: 0.0018206 seconds, Stopping threads took: 0.0001362 seconds
2024-10-07T05:52:21.459+0300: 851.702: Application time: 0.5666982 seconds
2024-10-07T05:52:21.459+0300: 851.702: [GC (Allocation Failure) 2024-10-07T05:52:21.459+0300: 851.702: [ParNew: 412288K->4282K(460096K), 0.0015122 secs] 418236K->10231K(2046080K), 0.0016009 secs] [Times: user=0.00 sys=0.00, real=0.00 secs] 
2024-10-07T05:52:21.459+0300: 851.703: Total time for which application threads were stopped: 0.0019405 seconds, Stopping threads took: 0.0002103 seconds
2024-10-07T05:52:22.009+0300: 852.260: Application time: 0.5564049 seconds
2024-10-07T05:52:22.009+0300: 852.260: [GC (Allocation Failure) 2024-10-07T05:52:22.009+0300: 852.260: [ParNew: 412753K->3278K(460096K), 0.0017369 secs] 418701K->9227K(2046080K), 0.0018054 secs] [Times: user=0.00 sys=0.00, real=0.00 secs] 
2024-10-07T05:52:22.009+0300: 852.262: Total time for which application threads were stopped: 0.0021053 seconds, Stopping threads took: 0.0001950 seconds
2024-10-07T05:52:22.588+0300: 852.830: Application time: 0.5679837 seconds
2024-10-07T05:52:22.588+0300: 852.830: [GC (Allocation Failure) 2024-10-07T05:52:22.588+0300: 852.830: [ParNew: 412302K->3275K(460096K), 0.0014416 secs] 418251K->9225K(2046080K), 0.0015046 secs] [Times: user=0.00 sys=0.00, real=0.00 secs] 
2024-10-07T05:52:22.589+0300: 852.832: Total time for which application threads were stopped: 0.0017553 seconds, Stopping threads took: 0.0001465 seconds
2024-10-07T05:52:23.138+0300: 853.391: Application time: 0.5594629 seconds
2024-10-07T05:52:23.138+0300: 853.391: [GC (Allocation Failure) 2024-10-07T05:52:23.138+0300: 853.391: [ParNew: 412299K->3262K(460096K), 0.0013577 secs] 418249K->9213K(2046080K), 0.0014313 secs] [Times: user=0.00 sys=0.00, real=0.00 secs] 
2024-10-07T05:52:23.138+0300: 853.393: Total time for which application threads were stopped: 0.0017437 seconds, Stopping threads took: 0.0001948 seconds
2024-10-07T05:52:23.719+0300: 853.961: Application time: 0.5677289 seconds
2024-10-07T05:52:23.719+0300: 853.961: [GC (Allocation Failure) 2024-10-07T05:52:23.719+0300: 853.961: [ParNew: 412286K->4285K(460096K), 0.0014109 secs] 418237K->10236K(2046080K), 0.0014879 secs] [Times: user=0.00 sys=0.00, real=0.00 secs] 
2024-10-07T05:52:23.719+0300: 853.962: Total time for which application threads were stopped: 0.0017880 seconds, Stopping threads took: 0.0001648 seconds
2024-10-07T05:52:24.269+0300: 854.520: Application time: 0.5574124 seconds
2024-10-07T05:52:24.269+0300: 854.520: [GC (Allocation Failure) 2024-10-07T05:52:24.269+0300: 854.520: [ParNew: 412880K->4286K(460096K), 0.0016095 secs] 418831K->10238K(2046080K), 0.0017086 secs] [Times: user=0.00 sys=0.00, real=0.00 secs] 
2024-10-07T05:52:24.269+0300: 854.522: Total time for which application threads were stopped: 0.0020404 seconds, Stopping threads took: 0.0001889 seconds
2024-10-07T05:52:24.834+0300: 855.088: Application time: 0.5662329 seconds
2024-10-07T05:52:24.834+0300: 855.088: [GC (Allocation Failure) 2024-10-07T05:52:24.834+0300: 855.088: [ParNew: 413301K->4281K(460096K), 0.0014923 secs] 419253K->10233K(2046080K), 0.0016529 secs] [Times: user=0.00 sys=0.00, real=0.00 secs] 
2024-10-07T05:52:24.834+0300: 855.090: Total time for which application threads were stopped: 0.0019400 seconds, Stopping threads took: 0.0001675 seconds
2024-10-07T05:52:25.400+0300: 855.654: Application time: 0.5643261 seconds
2024-10-07T05:52:25.400+0300: 855.655: [GC (Allocation Failure) 2024-10-07T05:52:25.400+0300: 855.655: [ParNew: 412526K->5304K(460096K), 0.0018619 secs] 418478K->11257K(2046080K), 0.0019564 secs] [Times: user=0.05 sys=0.00, real=0.01 secs] 
2024-10-07T05:52:25.415+0300: 855.657: Total time for which application threads were stopped: 0.0023332 seconds, Stopping threads took: 0.0002459 seconds
2024-10-07T05:52:25.965+0300: 856.214: Application time: 0.5570014 seconds
2024-10-07T05:52:25.965+0300: 856.214: [GC (Allocation Failure) 2024-10-07T05:52:25.965+0300: 856.214: [ParNew: 413930K->5305K(460096K), 0.0015265 secs] 419883K->11258K(2046080K), 0.0016153 secs] [Times: user=0.00 sys=0.00, real=0.00 secs] 
2024-10-07T05:52:25.965+0300: 856.216: Total time for which application threads were stopped: 0.0019527 seconds, Stopping threads took: 0.0002203 seconds
2024-10-07T05:52:26.530+0300: 856.783: Application time: 0.5673993 seconds
2024-10-07T05:52:26.530+0300: 856.783: [GC (Allocation Failure) 2024-10-07T05:52:26.530+0300: 856.783: [ParNew: 414142K->4280K(460096K), 0.0014276 secs] 420096K->10234K(2046080K), 0.0015216 secs] [Times: user=0.00 sys=0.00, real=0.00 secs] 
2024-10-07T05:52:26.530+0300: 856.785: Total time for which application threads were stopped: 0.0018616 seconds, Stopping threads took: 0.0001978 seconds
2024-10-07T05:52:27.097+0300: 857.346: Application time: 0.5609651 seconds
2024-10-07T05:52:27.097+0300: 857.346: [GC (Allocation Failure) 2024-10-07T05:52:27.097+0300: 857.346: [ParNew: 413300K->3276K(460096K), 0.0012868 secs] 419254K->9231K(2046080K), 0.0013700 secs] [Times: user=0.00 sys=0.00, real=0.00 secs] 
2024-10-07T05:52:27.097+0300: 857.348: Total time for which application threads were stopped: 0.0017066 seconds, Stopping threads took: 0.0002229 seconds
2024-10-07T05:52:27.660+0300: 857.911: Application time: 0.5632285 seconds
2024-10-07T05:52:27.660+0300: 857.911: [GC (Allocation Failure) 2024-10-07T05:52:27.660+0300: 857.911: [ParNew: 412300K->4298K(460096K), 0.0017774 secs] 418255K->10254K(2046080K), 0.0018668 secs] [Times: user=0.00 sys=0.00, real=0.00 secs] 
2024-10-07T05:52:27.660+0300: 857.913: Total time for which application threads were stopped: 0.0021867 seconds, Stopping threads took: 0.0001925 seconds
2024-10-07T05:52:28.226+0300: 858.476: Application time: 0.5633728 seconds
2024-10-07T05:52:28.226+0300: 858.477: [GC (Allocation Failure) 2024-10-07T05:52:28.226+0300: 858.477: [ParNew: 413322K->3274K(460096K), 0.0014693 secs] 419278K->9230K(2046080K), 0.0015600 secs] [Times: user=0.00 sys=0.00, real=0.00 secs] 
2024-10-07T05:52:28.226+0300: 858.478: Total time for which application threads were stopped: 0.0018306 seconds, Stopping threads took: 0.0001470 seconds
2024-10-07T05:52:28.806+0300: 859.049: Application time: 0.5702230 seconds
2024-10-07T05:52:28.806+0300: 859.049: [GC (Allocation Failure) 2024-10-07T05:52:28.806+0300: 859.049: [ParNew: 411796K->4301K(460096K), 0.0014892 secs] 417752K->10257K(2046080K), 0.0015720 secs] [Times: user=0.00 sys=0.00, real=0.00 secs] 
2024-10-07T05:52:28.806+0300: 859.050: Total time for which application threads were stopped: 0.0018574 seconds, Stopping threads took: 0.0001670 seconds
2024-10-07T05:52:29.371+0300: 859.616: Application time: 0.5655281 seconds
2024-10-07T05:52:29.371+0300: 859.616: [GC (Allocation Failure) 2024-10-07T05:52:29.371+0300: 859.616: [ParNew: 412811K->5303K(460096K), 0.0017018 secs] 418767K->11261K(2046080K), 0.0017665 secs] [Times: user=0.00 sys=0.00, real=0.00 secs] 
2024-10-07T05:52:29.371+0300: 859.618: Total time for which application threads were stopped: 0.0020892 seconds, Stopping threads took: 0.0002037 seconds
2024-10-07T05:52:29.936+0300: 860.178: Application time: 0.5598556 seconds
2024-10-07T05:52:29.936+0300: 860.178: [GC (Allocation Failure) 2024-10-07T05:52:29.936+0300: 860.178: [ParNew: 413719K->3276K(460096K), 0.0013152 secs] 419677K->9233K(2046080K), 0.0014187 secs] [Times: user=0.00 sys=0.00, real=0.00 secs] 
2024-10-07T05:52:29.936+0300: 860.180: Total time for which application threads were stopped: 0.0016614 seconds, Stopping threads took: 0.0001224 seconds
2024-10-07T05:52:30.503+0300: 860.746: Application time: 0.5668892 seconds
2024-10-07T05:52:30.503+0300: 860.747: [GC (Allocation Failure) 2024-10-07T05:52:30.503+0300: 860.747: [ParNew: 412146K->2260K(460096K), 0.0011859 secs] 418104K->8219K(2046080K), 0.0012774 secs] [Times: user=0.00 sys=0.00, real=0.00 secs] 
2024-10-07T05:52:30.503+0300: 860.748: Total time for which application threads were stopped: 0.0015176 seconds, Stopping threads took: 0.0001251 seconds
2024-10-07T05:52:31.066+0300: 861.311: Application time: 0.5628420 seconds
2024-10-07T05:52:31.066+0300: 861.311: [GC (Allocation Failure) 2024-10-07T05:52:31.066+0300: 861.311: [ParNew: 410706K->2261K(460096K), 0.0012268 secs] 416664K->8220K(2046080K), 0.0012833 secs] [Times: user=0.00 sys=0.00, real=0.00 secs] 
2024-10-07T05:52:31.066+0300: 861.312: Total time for which application threads were stopped: 0.0015238 seconds, Stopping threads took: 0.0001416 seconds
2024-10-07T05:52:31.632+0300: 861.875: Application time: 0.5631394 seconds
2024-10-07T05:52:31.632+0300: 861.876: [GC (Allocation Failure) 2024-10-07T05:52:31.632+0300: 861.876: [ParNew: 411204K->4305K(460096K), 0.0014688 secs] 417163K->10265K(2046080K), 0.0015474 secs] [Times: user=0.02 sys=0.00, real=0.00 secs] 
2024-10-07T05:52:31.632+0300: 861.877: Total time for which application threads were stopped: 0.0019254 seconds, Stopping threads took: 0.0002646 seconds
2024-10-07T05:52:32.181+0300: 862.434: Application time: 0.5564407 seconds
2024-10-07T05:52:32.181+0300: 862.434: [GC (Allocation Failure) 2024-10-07T05:52:32.181+0300: 862.434: [ParNew: 412899K->5309K(460096K), 0.0017283 secs] 418859K->11269K(2046080K), 0.0018625 secs] [Times: user=0.00 sys=0.00, real=0.00 secs] 
2024-10-07T05:52:32.181+0300: 862.436: Total time for which application threads were stopped: 0.0022236 seconds, Stopping threads took: 0.0002178 seconds
2024-10-07T05:52:32.747+0300: 862.998: Application time: 0.5617782 seconds
2024-10-07T05:52:32.747+0300: 862.998: [GC (Allocation Failure) 2024-10-07T05:52:32.747+0300: 862.998: [ParNew: 413677K->5304K(460096K), 0.0016735 secs] 419638K->11265K(2046080K), 0.0017536 secs] [Times: user=0.00 sys=0.00, real=0.00 secs] 
2024-10-07T05:52:32.747+0300: 863.000: Total time for which application threads were stopped: 0.0020795 seconds, Stopping threads took: 0.0002200 seconds
2024-10-07T05:52:33.312+0300: 863.563: Application time: 0.5632151 seconds
2024-10-07T05:52:33.312+0300: 863.563: [GC (Allocation Failure) 2024-10-07T05:52:33.312+0300: 863.563: [ParNew: 414227K->5306K(460096K), 0.0016208 secs] 420189K->11268K(2046080K), 0.0017660 secs] [Times: user=0.00 sys=0.00, real=0.00 secs] 
2024-10-07T05:52:33.312+0300: 863.565: Total time for which application threads were stopped: 0.0020373 seconds, Stopping threads took: 0.0001218 seconds
2024-10-07T05:52:33.877+0300: 864.126: Application time: 0.5605920 seconds
2024-10-07T05:52:33.877+0300: 864.126: [GC (Allocation Failure) 2024-10-07T05:52:33.877+0300: 864.126: [ParNew: 413701K->3277K(460096K), 0.0013554 secs] 419663K->9239K(2046080K), 0.0014194 secs] [Times: user=0.00 sys=0.00, real=0.00 secs] 
2024-10-07T05:52:33.877+0300: 864.127: Total time for which application threads were stopped: 0.0016932 seconds, Stopping threads took: 0.0001812 seconds
2024-10-07T05:52:34.442+0300: 864.689: Application time: 0.5610603 seconds
2024-10-07T05:52:34.442+0300: 864.689: [GC (Allocation Failure) 2024-10-07T05:52:34.442+0300: 864.689: [ParNew: 412301K->4284K(460096K), 0.0014218 secs] 418263K->10247K(2046080K), 0.0015049 secs] [Times: user=0.00 sys=0.00, real=0.00 secs] 
2024-10-07T05:52:34.442+0300: 864.690: Total time for which application threads were stopped: 0.0018587 seconds, Stopping threads took: 0.0002349 seconds
2024-10-07T05:52:34.991+0300: 865.245: Application time: 0.5541775 seconds
2024-10-07T05:52:34.991+0300: 865.245: [GC (Allocation Failure) 2024-10-07T05:52:34.991+0300: 865.245: [ParNew: 412377K->5305K(460096K), 0.0016240 secs] 418340K->11269K(2046080K), 0.0017112 secs] [Times: user=0.00 sys=0.00, real=0.00 secs] 
2024-10-07T05:52:34.991+0300: 865.247: Total time for which application threads were stopped: 0.0020279 seconds, Stopping threads took: 0.0002128 seconds
2024-10-07T05:52:35.557+0300: 865.811: Application time: 0.5644315 seconds
2024-10-07T05:52:35.557+0300: 865.811: [GC (Allocation Failure) 2024-10-07T05:52:35.557+0300: 865.811: [ParNew: 413599K->5306K(460096K), 0.0016581 secs] 419563K->11270K(2046080K), 0.0017386 secs] [Times: user=0.00 sys=0.00, real=0.00 secs] 
2024-10-07T05:52:35.557+0300: 865.813: Total time for which application threads were stopped: 0.0021284 seconds, Stopping threads took: 0.0002407 seconds
2024-10-07T05:52:36.123+0300: 866.372: Application time: 0.5591131 seconds
2024-10-07T05:52:36.123+0300: 866.373: [GC (Allocation Failure) 2024-10-07T05:52:36.123+0300: 866.373: [ParNew: 414261K->5304K(460096K), 0.0016858 secs] 420226K->11269K(2046080K), 0.0017678 secs] [Times: user=0.00 sys=0.00, real=0.00 secs] 
2024-10-07T05:52:36.123+0300: 866.374: Total time for which application threads were stopped: 0.0021134 seconds, Stopping threads took: 0.0002369 seconds
2024-10-07T05:52:36.687+0300: 866.940: Application time: 0.5653476 seconds
2024-10-07T05:52:36.687+0300: 866.940: [GC (Allocation Failure) 2024-10-07T05:52:36.687+0300: 866.940: [ParNew: 414328K->4298K(460096K), 0.0015267 secs] 420293K->10263K(2046080K), 0.0016288 secs] [Times: user=0.00 sys=0.00, real=0.00 secs] 
2024-10-07T05:52:36.687+0300: 866.942: Total time for which application threads were stopped: 0.0019143 seconds, Stopping threads took: 0.0001791 seconds
2024-10-07T05:52:37.251+0300: 867.499: Application time: 0.5574819 seconds
2024-10-07T05:52:37.251+0300: 867.499: [GC (Allocation Failure) 2024-10-07T05:52:37.251+0300: 867.499: [ParNew: 413322K->3260K(460096K), 0.0013878 secs] 419287K->9226K(2046080K), 0.0014616 secs] [Times: user=0.00 sys=0.00, real=0.00 secs] 
2024-10-07T05:52:37.251+0300: 867.501: Total time for which application threads were stopped: 0.0017412 seconds, Stopping threads took: 0.0001772 seconds
2024-10-07T05:52:37.818+0300: 868.066: Application time: 0.5654957 seconds
2024-10-07T05:52:37.818+0300: 868.067: [GC (Allocation Failure) 2024-10-07T05:52:37.818+0300: 868.067: [ParNew: 412284K->3265K(460096K), 0.0014465 secs] 418250K->9231K(2046080K), 0.0015453 secs] [Times: user=0.00 sys=0.00, real=0.00 secs] 
2024-10-07T05:52:37.818+0300: 868.068: Total time for which application threads were stopped: 0.0018310 seconds, Stopping threads took: 0.0001799 seconds
2024-10-07T05:52:38.381+0300: 868.631: Application time: 0.5626190 seconds
2024-10-07T05:52:38.381+0300: 868.631: [GC (Allocation Failure) 2024-10-07T05:52:38.381+0300: 868.631: [ParNew: 412289K->4301K(460096K), 0.0015478 secs] 418255K->10269K(2046080K), 0.0016352 secs] [Times: user=0.02 sys=0.00, real=0.00 secs] 
2024-10-07T05:52:38.381+0300: 868.633: Total time for which application threads were stopped: 0.0019651 seconds, Stopping threads took: 0.0002095 seconds
2024-10-07T05:52:38.945+0300: 869.193: Application time: 0.5597377 seconds
2024-10-07T05:52:38.945+0300: 869.193: [GC (Allocation Failure) 2024-10-07T05:52:38.945+0300: 869.193: [ParNew: 412705K->4298K(460096K), 0.0016980 secs] 418672K->10266K(2046080K), 0.0017966 secs] [Times: user=0.00 sys=0.00, real=0.00 secs] 
2024-10-07T05:52:38.945+0300: 869.195: Total time for which application threads were stopped: 0.0021601 seconds, Stopping threads took: 0.0001986 seconds
2024-10-07T05:52:39.510+0300: 869.757: Application time: 0.5622491 seconds
2024-10-07T05:52:39.510+0300: 869.757: [GC (Allocation Failure) 2024-10-07T05:52:39.510+0300: 869.757: [ParNew: 412311K->2210K(460096K), 0.0012903 secs] 418279K->8179K(2046080K), 0.0013759 secs] [Times: user=0.00 sys=0.00, real=0.00 secs] 
2024-10-07T05:52:39.510+0300: 869.759: Total time for which application threads were stopped: 0.0016240 seconds, Stopping threads took: 0.0001308 seconds
2024-10-07T05:52:40.060+0300: 870.312: Application time: 0.5535304 seconds
2024-10-07T05:52:40.060+0300: 870.312: [GC (Allocation Failure) 2024-10-07T05:52:40.060+0300: 870.315: [ParNew: 410599K->5308K(460096K), 0.0019029 secs] 416568K->11277K(2046080K), 0.0041482 secs] [Times: user=0.00 sys=0.00, real=0.02 secs] 
2024-10-07T05:52:40.075+0300: 870.317: Total time for which application threads were stopped: 0.0045024 seconds, Stopping threads took: 0.0002309 seconds
2024-10-07T05:52:40.625+0300: 870.880: Application time: 0.5638797 seconds
2024-10-07T05:52:40.625+0300: 870.881: [GC (Allocation Failure) 2024-10-07T05:52:40.625+0300: 870.881: [ParNew: 414332K->5304K(460096K), 0.0016374 secs] 420301K->11274K(2046080K), 0.0017618 secs] [Times: user=0.03 sys=0.00, real=0.02 secs] 
2024-10-07T05:52:40.640+0300: 870.883: Total time for which application threads were stopped: 0.0021384 seconds, Stopping threads took: 0.0002251 seconds
2024-10-07T05:52:41.190+0300: 871.443: Application time: 0.5601059 seconds
2024-10-07T05:52:41.190+0300: 871.443: [GC (Allocation Failure) 2024-10-07T05:52:41.190+0300: 871.443: [ParNew: 413847K->4282K(460096K), 0.0014515 secs] 419817K->10252K(2046080K), 0.0015422 secs] [Times: user=0.00 sys=0.00, real=0.00 secs] 
2024-10-07T05:52:41.190+0300: 871.445: Total time for which application threads were stopped: 0.0018291 seconds, Stopping threads took: 0.0001740 seconds
2024-10-07T05:52:41.756+0300: 872.008: Application time: 0.5637243 seconds
2024-10-07T05:52:41.756+0300: 872.009: [GC (Allocation Failure) 2024-10-07T05:52:41.756+0300: 872.009: [ParNew: 412984K->4299K(460096K), 0.0015416 secs] 418955K->10271K(2046080K), 0.0016264 secs] [Times: user=0.00 sys=0.00, real=0.00 secs] 
2024-10-07T05:52:41.756+0300: 872.010: Total time for which application threads were stopped: 0.0020460 seconds, Stopping threads took: 0.0002759 seconds
2024-10-07T05:52:42.327+0300: 872.569: Application time: 0.5588457 seconds
2024-10-07T05:52:42.327+0300: 872.569: [GC (Allocation Failure) 2024-10-07T05:52:42.327+0300: 872.569: [ParNew: 412903K->2288K(460096K), 0.0015616 secs] 418874K->8260K(2046080K), 0.0016474 secs] [Times: user=0.00 sys=0.00, real=0.00 secs] 
2024-10-07T05:52:42.327+0300: 872.571: Total time for which application threads were stopped: 0.0018945 seconds, Stopping threads took: 0.0001389 seconds
2024-10-07T05:52:42.885+0300: 873.133: Application time: 0.5617746 seconds
2024-10-07T05:52:42.885+0300: 873.133: [GC (Allocation Failure) 2024-10-07T05:52:42.885+0300: 873.133: [ParNew: 411114K->3277K(460096K), 0.0013795 secs] 417086K->9249K(2046080K), 0.0014613 secs] [Times: user=0.00 sys=0.00, real=0.00 secs] 
2024-10-07T05:52:42.885+0300: 873.135: Total time for which application threads were stopped: 0.0017131 seconds, Stopping threads took: 0.0001448 seconds
2024-10-07T05:52:43.450+0300: 873.696: Application time: 0.5609413 seconds
2024-10-07T05:52:43.450+0300: 873.696: [GC (Allocation Failure) 2024-10-07T05:52:43.450+0300: 873.696: [ParNew: 411763K->4297K(460096K), 0.0014980 secs] 417736K->10270K(2046080K), 0.0015899 secs] [Times: user=0.00 sys=0.00, real=0.00 secs] 
2024-10-07T05:52:43.450+0300: 873.697: Total time for which application threads were stopped: 0.0019000 seconds, Stopping threads took: 0.0001821 seconds
2024-10-07T05:52:44.015+0300: 874.257: Application time: 0.5597592 seconds
2024-10-07T05:52:44.015+0300: 874.257: [GC (Allocation Failure) 2024-10-07T05:52:44.015+0300: 874.257: [ParNew: 413321K->4284K(460096K), 0.0015839 secs] 419294K->10258K(2046080K), 0.0016645 secs] [Times: user=0.00 sys=0.00, real=0.00 secs] 
2024-10-07T05:52:44.015+0300: 874.259: Total time for which application threads were stopped: 0.0019163 seconds, Stopping threads took: 0.0001459 seconds
2024-10-07T05:52:44.581+0300: 874.824: Application time: 0.5649251 seconds
2024-10-07T05:52:44.581+0300: 874.824: [GC (Allocation Failure) 2024-10-07T05:52:44.581+0300: 874.824: [ParNew: 413308K->3265K(460096K), 0.0013405 secs] 419282K->9239K(2046080K), 0.0014374 secs] [Times: user=0.02 sys=0.00, real=0.00 secs] 
2024-10-07T05:52:44.581+0300: 874.826: Total time for which application threads were stopped: 0.0017056 seconds, Stopping threads took: 0.0001404 seconds
2024-10-07T05:52:45.134+0300: 875.386: Application time: 0.5600953 seconds
2024-10-07T05:52:45.134+0300: 875.386: [GC (Allocation Failure) 2024-10-07T05:52:45.134+0300: 875.386: [ParNew: 412289K->4301K(460096K), 0.0016088 secs] 418263K->10276K(2046080K), 0.0016788 secs] [Times: user=0.01 sys=0.00, real=0.01 secs] 
2024-10-07T05:52:45.145+0300: 875.388: Total time for which application threads were stopped: 0.0019820 seconds, Stopping threads took: 0.0002053 seconds
2024-10-07T05:52:45.695+0300: 875.949: Application time: 0.5612191 seconds
2024-10-07T05:52:45.695+0300: 875.949: [GC (Allocation Failure) 2024-10-07T05:52:45.695+0300: 875.949: [ParNew: 412315K->5304K(460096K), 0.0016160 secs] 418290K->11280K(2046080K), 0.0016904 secs] [Times: user=0.00 sys=0.00, real=0.00 secs] 
2024-10-07T05:52:45.695+0300: 875.951: Total time for which application threads were stopped: 0.0019952 seconds, Stopping threads took: 0.0002059 seconds
2024-10-07T05:52:46.260+0300: 876.512: Application time: 0.5605083 seconds
2024-10-07T05:52:46.260+0300: 876.512: [GC (Allocation Failure) 2024-10-07T05:52:46.260+0300: 876.512: [ParNew: 413637K->5306K(460096K), 0.0016434 secs] 419612K->11282K(2046080K), 0.0017265 secs] [Times: user=0.00 sys=0.00, real=0.00 secs] 
2024-10-07T05:52:46.260+0300: 876.514: Total time for which application threads were stopped: 0.0020022 seconds, Stopping threads took: 0.0001583 seconds
2024-10-07T05:52:46.825+0300: 877.074: Application time: 0.5608351 seconds
2024-10-07T05:52:46.825+0300: 877.075: [GC (Allocation Failure) 2024-10-07T05:52:46.825+0300: 877.075: [ParNew: 413991K->5302K(460096K), 0.0016211 secs] 419967K->11279K(2046080K), 0.0017029 secs] [Times: user=0.00 sys=0.00, real=0.00 secs] 
2024-10-07T05:52:46.825+0300: 877.076: Total time for which application threads were stopped: 0.0020289 seconds, Stopping threads took: 0.0002227 seconds
2024-10-07T05:52:47.390+0300: 877.642: Application time: 0.5660666 seconds
2024-10-07T05:52:47.390+0300: 877.643: [GC (Allocation Failure) 2024-10-07T05:52:47.390+0300: 877.643: [ParNew: 414326K->5306K(460096K), 0.0016137 secs] 420303K->11283K(2046080K), 0.0016844 secs] [Times: user=0.00 sys=0.00, real=0.00 secs] 
2024-10-07T05:52:47.390+0300: 877.644: Total time for which application threads were stopped: 0.0019212 seconds, Stopping threads took: 0.0001487 seconds
2024-10-07T05:52:47.955+0300: 878.202: Application time: 0.5576261 seconds
2024-10-07T05:52:47.955+0300: 878.202: [GC (Allocation Failure) 2024-10-07T05:52:47.955+0300: 878.202: [ParNew: 414330K->5304K(460096K), 0.0016246 secs] 420307K->11282K(2046080K), 0.0017005 secs] [Times: user=0.00 sys=0.00, real=0.00 secs] 
2024-10-07T05:52:47.955+0300: 878.204: Total time for which application threads were stopped: 0.0020074 seconds, Stopping threads took: 0.0002025 seconds
2024-10-07T05:52:48.520+0300: 878.769: Application time: 0.5652159 seconds
2024-10-07T05:52:48.520+0300: 878.770: [GC (Allocation Failure) 2024-10-07T05:52:48.520+0300: 878.770: [ParNew: 414238K->5302K(460096K), 0.0016991 secs] 420216K->11281K(2046080K), 0.0017995 secs] [Times: user=0.00 sys=0.02, real=0.00 secs] 
2024-10-07T05:52:48.520+0300: 878.771: Total time for which application threads were stopped: 0.0021374 seconds, Stopping threads took: 0.0002136 seconds
2024-10-07T05:52:49.085+0300: 879.330: Application time: 0.5590194 seconds
2024-10-07T05:52:49.085+0300: 879.331: [GC (Allocation Failure) 2024-10-07T05:52:49.085+0300: 879.331: [ParNew: 414326K->2270K(460096K), 0.0015437 secs] 420305K->8250K(2046080K), 0.0015971 secs] [Times: user=0.00 sys=0.00, real=0.00 secs] 
2024-10-07T05:52:49.085+0300: 879.332: Total time for which application threads were stopped: 0.0018260 seconds, Stopping threads took: 0.0001419 seconds
2024-10-07T05:52:49.650+0300: 879.896: Application time: 0.5639351 seconds
2024-10-07T05:52:49.650+0300: 879.896: [GC (Allocation Failure) 2024-10-07T05:52:49.650+0300: 879.896: [ParNew: 411294K->3298K(460096K), 0.0016802 secs] 417274K->9278K(2046080K), 0.0017650 secs] [Times: user=0.00 sys=0.00, real=0.00 secs] 
2024-10-07T05:52:49.650+0300: 879.898: Total time for which application threads were stopped: 0.0020221 seconds, Stopping threads took: 0.0001153 seconds
2024-10-07T05:52:50.215+0300: 880.459: Application time: 0.5603709 seconds
2024-10-07T05:52:50.215+0300: 880.459: [GC (Allocation Failure) 2024-10-07T05:52:50.215+0300: 880.459: [ParNew: 412322K->4303K(460096K), 0.0016240 secs] 418302K->10283K(2046080K), 0.0016913 secs] [Times: user=0.00 sys=0.00, real=0.00 secs] 
2024-10-07T05:52:50.215+0300: 880.461: Total time for which application threads were stopped: 0.0019491 seconds, Stopping threads took: 0.0001556 seconds
2024-10-07T05:52:50.780+0300: 881.022: Application time: 0.5609776 seconds
2024-10-07T05:52:50.780+0300: 881.022: [GC (Allocation Failure) 2024-10-07T05:52:50.780+0300: 881.022: [ParNew: 412748K->3266K(460096K), 0.0016047 secs] 418728K->9247K(2046080K), 0.0017025 secs] [Times: user=0.00 sys=0.00, real=0.00 secs] 
2024-10-07T05:52:50.780+0300: 881.024: Total time for which application threads were stopped: 0.0021382 seconds, Stopping threads took: 0.0002844 seconds
2024-10-07T05:52:51.345+0300: 881.587: Application time: 0.5631493 seconds
2024-10-07T05:52:51.345+0300: 881.587: [GC (Allocation Failure) 2024-10-07T05:52:51.345+0300: 881.587: [ParNew: 412290K->4296K(460096K), 0.0017251 secs] 418271K->10278K(2046080K), 0.0018377 secs] [Times: user=0.00 sys=0.00, real=0.00 secs] 
2024-10-07T05:52:51.345+0300: 881.589: Total time for which application threads were stopped: 0.0021274 seconds, Stopping threads took: 0.0001349 seconds
2024-10-07T05:52:51.895+0300: 882.148: Application time: 0.5589434 seconds
2024-10-07T05:52:51.895+0300: 882.148: [GC (Allocation Failure) 2024-10-07T05:52:51.895+0300: 882.148: [ParNew: 412651K->4286K(460096K), 0.0017582 secs] 418633K->10268K(2046080K), 0.0018351 secs] [Times: user=0.00 sys=0.00, real=0.00 secs] 
2024-10-07T05:52:51.895+0300: 882.150: Total time for which application threads were stopped: 0.0020984 seconds, Stopping threads took: 0.0001538 seconds
2024-10-07T05:52:52.460+0300: 882.715: Application time: 0.5645911 seconds
2024-10-07T05:52:52.460+0300: 882.715: [GC (Allocation Failure) 2024-10-07T05:52:52.460+0300: 882.715: [ParNew: 412541K->5302K(460096K), 0.0019206 secs] 418523K->11285K(2046080K), 0.0020412 secs] [Times: user=0.02 sys=0.00, real=0.01 secs] 
2024-10-07T05:52:52.475+0300: 882.717: Total time for which application threads were stopped: 0.0023584 seconds, Stopping threads took: 0.0001510 seconds
2024-10-07T05:52:53.025+0300: 883.274: Application time: 0.5566617 seconds
2024-10-07T05:52:53.025+0300: 883.274: [GC (Allocation Failure) 2024-10-07T05:52:53.025+0300: 883.274: [ParNew: 413555K->5304K(460096K), 0.0020952 secs] 419538K->11288K(2046080K), 0.0021826 secs] [Times: user=0.00 sys=0.00, real=0.00 secs] 
2024-10-07T05:52:53.025+0300: 883.276: Total time for which application threads were stopped: 0.0024675 seconds, Stopping threads took: 0.0001787 seconds
2024-10-07T05:52:53.590+0300: 883.840: Application time: 0.5641172 seconds
2024-10-07T05:52:53.590+0300: 883.840: [GC (Allocation Failure) 2024-10-07T05:52:53.590+0300: 883.841: [ParNew: 413650K->5306K(460096K), 0.0018273 secs] 419634K->11290K(2046080K), 0.0019040 secs] [Times: user=0.00 sys=0.00, real=0.00 secs] 
2024-10-07T05:52:53.590+0300: 883.842: Total time for which application threads were stopped: 0.0022050 seconds, Stopping threads took: 0.0001991 seconds
2024-10-07T05:52:54.155+0300: 884.403: Application time: 0.5605174 seconds
2024-10-07T05:52:54.155+0300: 884.403: [GC (Allocation Failure) 2024-10-07T05:52:54.155+0300: 884.403: [ParNew: 414330K->5308K(460096K), 0.0016865 secs] 420314K->11293K(2046080K), 0.0017698 secs] [Times: user=0.00 sys=0.00, real=0.00 secs] 
2024-10-07T05:52:54.155+0300: 884.405: Total time for which application threads were stopped: 0.0020901 seconds, Stopping threads took: 0.0002140 seconds
2024-10-07T05:52:54.720+0300: 884.966: Application time: 0.5609842 seconds
2024-10-07T05:52:54.720+0300: 884.966: [GC (Allocation Failure) 2024-10-07T05:52:54.720+0300: 884.966: [ParNew: 413393K->5302K(460096K), 0.0019646 secs] 419378K->11288K(2046080K), 0.0020494 secs] [Times: user=0.00 sys=0.00, real=0.00 secs] 
2024-10-07T05:52:54.720+0300: 884.968: Total time for which application threads were stopped: 0.0024581 seconds, Stopping threads took: 0.0002974 seconds
2024-10-07T05:52:55.285+0300: 885.529: Application time: 0.5601727 seconds
2024-10-07T05:52:55.285+0300: 885.529: [GC (Allocation Failure) 2024-10-07T05:52:55.285+0300: 885.529: [ParNew: 414326K->4280K(460096K), 0.0015860 secs] 420312K->10266K(2046080K), 0.0016653 secs] [Times: user=0.00 sys=0.00, real=0.00 secs] 
2024-10-07T05:52:55.285+0300: 885.531: Total time for which application threads were stopped: 0.0019438 seconds, Stopping threads took: 0.0001802 seconds
2024-10-07T05:52:55.850+0300: 886.095: Application time: 0.5639772 seconds
2024-10-07T05:52:55.850+0300: 886.095: [GC (Allocation Failure) 2024-10-07T05:52:55.850+0300: 886.095: [ParNew: 412846K->4298K(460096K), 0.0015967 secs] 418832K->10285K(2046080K), 0.0016729 secs] [Times: user=0.05 sys=0.00, real=0.01 secs] 
2024-10-07T05:52:55.855+0300: 886.097: Total time for which application threads were stopped: 0.0019601 seconds, Stopping threads took: 0.0001843 seconds
2024-10-07T05:52:56.415+0300: 886.662: Application time: 0.5659284 seconds
2024-10-07T05:52:56.415+0300: 886.663: [GC (Allocation Failure) 2024-10-07T05:52:56.415+0300: 886.663: [ParNew: 412766K->5308K(460096K), 0.0017461 secs] 418753K->11295K(2046080K), 0.0018210 secs] [Times: user=0.00 sys=0.00, real=0.00 secs] 
2024-10-07T05:52:56.415+0300: 886.665: Total time for which application threads were stopped: 0.0020775 seconds, Stopping threads took: 0.0001565 seconds
2024-10-07T05:52:56.980+0300: 887.222: Application time: 0.5575525 seconds
2024-10-07T05:52:56.980+0300: 887.222: [GC (Allocation Failure) 2024-10-07T05:52:56.980+0300: 887.222: [ParNew: 413434K->2272K(460096K), 0.0013016 secs] 419422K->8260K(2046080K), 0.0013650 secs] [Times: user=0.00 sys=0.00, real=0.00 secs] 
2024-10-07T05:52:56.980+0300: 887.224: Total time for which application threads were stopped: 0.0015972 seconds, Stopping threads took: 0.0001249 seconds
2024-10-07T05:52:57.545+0300: 887.789: Application time: 0.5657793 seconds
2024-10-07T05:52:57.545+0300: 887.790: [GC (Allocation Failure) 2024-10-07T05:52:57.545+0300: 887.790: [ParNew: 411296K->5310K(460096K), 0.0017841 secs] 417284K->11299K(2046080K), 0.0018844 secs] [Times: user=0.00 sys=0.00, real=0.00 secs] 
2024-10-07T05:52:57.545+0300: 887.792: Total time for which application threads were stopped: 0.0021945 seconds, Stopping threads took: 0.0001887 seconds
2024-10-07T05:52:58.095+0300: 888.350: Application time: 0.5585979 seconds
2024-10-07T05:52:58.095+0300: 888.351: [GC (Allocation Failure) 2024-10-07T05:52:58.095+0300: 888.351: [ParNew: 413553K->3264K(460096K), 0.0016908 secs] 419542K->9254K(2046080K), 0.0017697 secs] [Times: user=0.01 sys=0.00, real=0.02 secs] 
2024-10-07T05:52:58.111+0300: 888.352: Total time for which application threads were stopped: 0.0020787 seconds, Stopping threads took: 0.0002079 seconds
2024-10-07T05:52:58.675+0300: 888.919: Application time: 0.5663435 seconds
2024-10-07T05:52:58.675+0300: 888.919: [GC (Allocation Failure) 2024-10-07T05:52:58.675+0300: 888.919: [ParNew: 412288K->3262K(460096K), 0.0014354 secs] 418278K->9252K(2046080K), 0.0014981 secs] [Times: user=0.00 sys=0.00, real=0.00 secs] 
2024-10-07T05:52:58.675+0300: 888.920: Total time for which application threads were stopped: 0.0017390 seconds, Stopping threads took: 0.0001473 seconds
2024-10-07T05:52:59.225+0300: 889.476: Application time: 0.5557820 seconds
2024-10-07T05:52:59.225+0300: 889.476: [GC (Allocation Failure) 2024-10-07T05:52:59.225+0300: 889.477: [ParNew: 411761K->4298K(460096K), 0.0016942 secs] 417751K->10289K(2046080K), 0.0017737 secs] [Times: user=0.00 sys=0.00, real=0.00 secs] 
2024-10-07T05:52:59.225+0300: 889.478: Total time for which application threads were stopped: 0.0020474 seconds, Stopping threads took: 0.0001656 seconds
2024-10-07T05:52:59.790+0300: 890.045: Application time: 0.5671107 seconds
2024-10-07T05:52:59.790+0300: 890.046: [GC (Allocation Failure) 2024-10-07T05:52:59.790+0300: 890.046: [ParNew: 413322K->4301K(460096K), 0.0018220 secs] 419313K->10292K(2046080K), 0.0018992 secs] [Times: user=0.02 sys=0.00, real=0.02 secs] 
2024-10-07T05:52:59.805+0300: 890.048: Total time for which application threads were stopped: 0.0021517 seconds, Stopping threads took: 0.0001424 seconds
2024-10-07T05:53:00.371+0300: 890.614: Application time: 0.5660734 seconds
2024-10-07T05:53:00.371+0300: 890.614: [GC (Allocation Failure) 2024-10-07T05:53:00.371+0300: 890.614: [ParNew: 413325K->3284K(460096K), 0.0016097 secs] 419316K->9276K(2046080K), 0.0016854 secs] [Times: user=0.00 sys=0.00, real=0.00 secs] 
2024-10-07T05:53:00.371+0300: 890.616: Total time for which application threads were stopped: 0.0019407 seconds, Stopping threads took: 0.0001413 seconds
2024-10-07T05:53:00.920+0300: 891.172: Application time: 0.5569364 seconds
2024-10-07T05:53:00.920+0300: 891.173: [GC (Allocation Failure) 2024-10-07T05:53:00.920+0300: 891.173: [ParNew: 411564K->4284K(460096K), 0.0015134 secs] 417556K->10276K(2046080K), 0.0015892 secs] [Times: user=0.00 sys=0.00, real=0.00 secs] 
2024-10-07T05:53:00.920+0300: 891.174: Total time for which application threads were stopped: 0.0018659 seconds, Stopping threads took: 0.0001758 seconds
2024-10-07T05:53:01.485+0300: 891.736: Application time: 0.5617728 seconds
2024-10-07T05:53:01.485+0300: 891.736: [GC (Allocation Failure) 2024-10-07T05:53:01.485+0300: 891.736: [ParNew: 412721K->4283K(460096K), 0.0014816 secs] 418714K->10276K(2046080K), 0.0015498 secs] [Times: user=0.00 sys=0.00, real=0.00 secs] 
2024-10-07T05:53:01.485+0300: 891.738: Total time for which application threads were stopped: 0.0018101 seconds, Stopping threads took: 0.0001517 seconds
2024-10-07T05:53:02.050+0300: 892.295: Application time: 0.5568056 seconds
2024-10-07T05:53:02.050+0300: 892.295: [GC (Allocation Failure) 2024-10-07T05:53:02.050+0300: 892.295: [ParNew: 413307K->5311K(460096K), 0.0017926 secs] 419300K->11304K(2046080K), 0.0018809 secs] [Times: user=0.00 sys=0.00, real=0.00 secs] 
2024-10-07T05:53:02.050+0300: 892.297: Total time for which application threads were stopped: 0.0021248 seconds, Stopping threads took: 0.0001374 seconds
2024-10-07T05:53:02.616+0300: 892.860: Application time: 0.5628237 seconds
2024-10-07T05:53:02.616+0300: 892.860: [GC (Allocation Failure) 2024-10-07T05:53:02.616+0300: 892.860: [ParNew: 414025K->5304K(460096K), 0.0018190 secs] 420019K->11299K(2046080K), 0.0018975 secs] [Times: user=0.00 sys=0.00, real=0.00 secs] 
2024-10-07T05:53:02.616+0300: 892.862: Total time for which application threads were stopped: 0.0022344 seconds, Stopping threads took: 0.0002156 seconds
2024-10-07T05:53:03.181+0300: 893.422: Application time: 0.5600469 seconds
2024-10-07T05:53:03.181+0300: 893.422: [GC (Allocation Failure) 2024-10-07T05:53:03.181+0300: 893.422: [ParNew: 413506K->5305K(460096K), 0.0016790 secs] 419500K->11300K(2046080K), 0.0017583 secs] [Times: user=0.00 sys=0.00, real=0.00 secs] 
2024-10-07T05:53:03.181+0300: 893.424: Total time for which application threads were stopped: 0.0020069 seconds, Stopping threads took: 0.0001453 seconds
2024-10-07T05:53:03.730+0300: 893.984: Application time: 0.5601103 seconds
2024-10-07T05:53:03.730+0300: 893.984: [GC (Allocation Failure) 2024-10-07T05:53:03.730+0300: 893.984: [ParNew: 414012K->4281K(460096K), 0.0016955 secs] 420007K->10276K(2046080K), 0.0017682 secs] [Times: user=0.00 sys=0.00, real=0.00 secs] 
2024-10-07T05:53:03.730+0300: 893.986: Total time for which application threads were stopped: 0.0020424 seconds, Stopping threads took: 0.0001729 seconds
2024-10-07T05:53:04.295+0300: 894.545: Application time: 0.5591792 seconds
2024-10-07T05:53:04.295+0300: 894.546: [GC (Allocation Failure) 2024-10-07T05:53:04.295+0300: 894.546: [ParNew: 413305K->4298K(460096K), 0.0016835 secs] 419300K->10294K(2046080K), 0.0017587 secs] [Times: user=0.00 sys=0.00, real=0.00 secs] 
2024-10-07T05:53:04.295+0300: 894.547: Total time for which application threads were stopped: 0.0020580 seconds, Stopping threads took: 0.0001974 seconds
2024-10-07T05:53:04.860+0300: 895.111: Application time: 0.5632887 seconds
2024-10-07T05:53:04.860+0300: 895.111: [GC (Allocation Failure) 2024-10-07T05:53:04.860+0300: 895.111: [ParNew: 413194K->4301K(460096K), 0.0017043 secs] 419191K->10298K(2046080K), 0.0017856 secs] [Times: user=0.00 sys=0.00, real=0.00 secs] 
2024-10-07T05:53:04.860+0300: 895.113: Total time for which application threads were stopped: 0.0020929 seconds, Stopping threads took: 0.0001906 seconds
2024-10-07T05:53:05.426+0300: 895.678: Application time: 0.5649261 seconds
2024-10-07T05:53:05.426+0300: 895.678: [GC (Allocation Failure) 2024-10-07T05:53:05.426+0300: 895.678: [ParNew: 413031K->4288K(460096K), 0.0018978 secs] 419028K->10286K(2046080K), 0.0019672 secs] [Times: user=0.00 sys=0.00, real=0.00 secs] 
2024-10-07T05:53:05.426+0300: 895.680: Total time for which application threads were stopped: 0.0022278 seconds, Stopping threads took: 0.0001648 seconds
2024-10-07T05:53:05.991+0300: 896.234: Application time: 0.5537188 seconds
2024-10-07T05:53:05.991+0300: 896.234: [GC (Allocation Failure) 2024-10-07T05:53:05.991+0300: 896.234: [ParNew: 413236K->4300K(460096K), 0.0016521 secs] 419233K->10298K(2046080K), 0.0017259 secs] [Times: user=0.00 sys=0.00, real=0.00 secs] 
2024-10-07T05:53:05.991+0300: 896.236: Total time for which application threads were stopped: 0.0019668 seconds, Stopping threads took: 0.0001395 seconds
2024-10-07T05:53:06.557+0300: 896.801: Application time: 0.5656944 seconds
2024-10-07T05:53:06.557+0300: 896.802: [GC (Allocation Failure) 2024-10-07T05:53:06.557+0300: 896.802: [ParNew: 413144K->2272K(460096K), 0.0014002 secs] 419142K->8271K(2046080K), 0.0014714 secs] [Times: user=0.00 sys=0.00, real=0.00 secs] 
2024-10-07T05:53:06.557+0300: 896.803: Total time for which application threads were stopped: 0.0017277 seconds, Stopping threads took: 0.0001527 seconds
2024-10-07T05:53:07.106+0300: 897.357: Application time: 0.5540495 seconds
2024-10-07T05:53:07.106+0300: 897.357: [GC (Allocation Failure) 2024-10-07T05:53:07.106+0300: 897.357: [ParNew: 410542K->3263K(460096K), 0.0015119 secs] 416541K->9262K(2046080K), 0.0015840 secs] [Times: user=0.00 sys=0.00, real=0.00 secs] 
2024-10-07T05:53:07.106+0300: 897.359: Total time for which application threads were stopped: 0.0018914 seconds, Stopping threads took: 0.0002052 seconds
2024-10-07T05:53:07.678+0300: 897.922: Application time: 0.5629759 seconds
2024-10-07T05:53:07.678+0300: 897.922: [GC (Allocation Failure) 2024-10-07T05:53:07.678+0300: 897.922: [ParNew: 412239K->5306K(460096K), 0.0017947 secs] 418238K->11306K(2046080K), 0.0018707 secs] [Times: user=0.00 sys=0.00, real=0.00 secs] 
2024-10-07T05:53:07.678+0300: 897.924: Total time for which application threads were stopped: 0.0022037 seconds, Stopping threads took: 0.0002261 seconds
2024-10-07T05:53:08.235+0300: 898.483: Application time: 0.5592625 seconds
2024-10-07T05:53:08.235+0300: 898.484: [GC (Allocation Failure) 2024-10-07T05:53:08.235+0300: 898.484: [ParNew: 413830K->5304K(460096K), 0.0017332 secs] 419830K->11305K(2046080K), 0.0018184 secs] [Times: user=0.00 sys=0.00, real=0.00 secs] 
2024-10-07T05:53:08.235+0300: 898.486: Total time for which application threads were stopped: 0.0021369 seconds, Stopping threads took: 0.0002107 seconds
2024-10-07T05:53:08.800+0300: 899.054: Application time: 0.5683454 seconds
2024-10-07T05:53:08.800+0300: 899.054: [GC (Allocation Failure) 2024-10-07T05:53:08.800+0300: 899.054: [ParNew: 414328K->4301K(460096K), 0.0016460 secs] 420329K->10302K(2046080K), 0.0017386 secs] [Times: user=0.00 sys=0.00, real=0.00 secs] 
2024-10-07T05:53:08.800+0300: 899.056: Total time for which application threads were stopped: 0.0020269 seconds, Stopping threads took: 0.0001767 seconds
2024-10-07T05:53:09.365+0300: 899.616: Application time: 0.5604598 seconds
2024-10-07T05:53:09.365+0300: 899.617: [GC (Allocation Failure) 2024-10-07T05:53:09.365+0300: 899.617: [ParNew: 413032K->4284K(460096K), 0.0016138 secs] 419034K->10286K(2046080K), 0.0016974 secs] [Times: user=0.00 sys=0.00, real=0.00 secs] 
2024-10-07T05:53:09.365+0300: 899.618: Total time for which application threads were stopped: 0.0020401 seconds, Stopping threads took: 0.0002335 seconds
2024-10-07T05:53:09.929+0300: 900.177: Application time: 0.5586894 seconds
2024-10-07T05:53:09.929+0300: 900.177: [GC (Allocation Failure) 2024-10-07T05:53:09.929+0300: 900.177: [ParNew: 412760K->4282K(460096K), 0.0016024 secs] 418761K->10284K(2046080K), 0.0016772 secs] [Times: user=0.00 sys=0.00, real=0.00 secs] 
2024-10-07T05:53:09.929+0300: 900.179: Total time for which application threads were stopped: 0.0019228 seconds, Stopping threads took: 0.0001457 seconds
2024-10-07T05:53:10.494+0300: 900.741: Application time: 0.5622529 seconds
2024-10-07T05:53:10.494+0300: 900.742: [GC (Allocation Failure) 2024-10-07T05:53:10.494+0300: 900.742: [ParNew: 413306K->4281K(460096K), 0.0016541 secs] 419308K->10285K(2046080K), 0.0017348 secs] [Times: user=0.00 sys=0.00, real=0.00 secs] 
2024-10-07T05:53:10.494+0300: 900.744: Total time for which application threads were stopped: 0.0021518 seconds, Stopping threads took: 0.0002999 seconds
2024-10-07T05:53:11.059+0300: 901.302: Application time: 0.5584411 seconds
2024-10-07T05:53:11.059+0300: 901.302: [GC (Allocation Failure) 2024-10-07T05:53:11.059+0300: 901.302: [ParNew: 412693K->4286K(460096K), 0.0015512 secs] 418696K->10290K(2046080K), 0.0016289 secs] [Times: user=0.00 sys=0.00, real=0.00 secs] 
2024-10-07T05:53:11.059+0300: 901.304: Total time for which application threads were stopped: 0.0018523 seconds, Stopping threads took: 0.0001208 seconds
2024-10-07T05:53:11.625+0300: 901.867: Application time: 0.5629587 seconds
2024-10-07T05:53:11.625+0300: 901.867: [GC (Allocation Failure) 2024-10-07T05:53:11.625+0300: 901.867: [ParNew: 412385K->5302K(460096K), 0.0019419 secs] 418389K->11307K(2046080K), 0.0020450 secs] [Times: user=0.00 sys=0.00, real=0.00 secs] 
2024-10-07T05:53:11.625+0300: 901.869: Total time for which application threads were stopped: 0.0023625 seconds, Stopping threads took: 0.0002028 seconds
2024-10-07T05:53:12.174+0300: 902.427: Application time: 0.5582868 seconds
2024-10-07T05:53:12.174+0300: 902.428: [GC (Allocation Failure) 2024-10-07T05:53:12.174+0300: 902.428: [ParNew: 414326K->4300K(460096K), 0.0018229 secs] 420331K->10305K(2046080K), 0.0018933 secs] [Times: user=0.00 sys=0.02, real=0.01 secs] 
2024-10-07T05:53:12.187+0300: 902.430: Total time for which application threads were stopped: 0.0021843 seconds, Stopping threads took: 0.0001793 seconds
2024-10-07T05:53:12.739+0300: 902.992: Application time: 0.5628400 seconds
2024-10-07T05:53:12.739+0300: 902.993: [GC (Allocation Failure) 2024-10-07T05:53:12.739+0300: 902.993: [ParNew: 413324K->5308K(460096K), 0.0018649 secs] 419329K->11314K(2046080K), 0.0019432 secs] [Times: user=0.00 sys=0.00, real=0.00 secs] 
2024-10-07T05:53:12.739+0300: 902.995: Total time for which application threads were stopped: 0.0022202 seconds, Stopping threads took: 0.0001709 seconds
2024-10-07T05:53:13.304+0300: 903.554: Application time: 0.5590290 seconds
2024-10-07T05:53:13.304+0300: 903.554: [GC (Allocation Failure) 2024-10-07T05:53:13.304+0300: 903.554: [ParNew: 413888K->5304K(460096K), 0.0018731 secs] 419894K->11310K(2046080K), 0.0019447 secs] [Times: user=0.00 sys=0.00, real=0.00 secs] 
2024-10-07T05:53:13.304+0300: 903.556: Total time for which application threads were stopped: 0.0022539 seconds, Stopping threads took: 0.0002111 seconds
2024-10-07T05:53:13.868+0300: 904.121: Application time: 0.5646779 seconds
2024-10-07T05:53:13.868+0300: 904.121: [GC (Allocation Failure) 2024-10-07T05:53:13.868+0300: 904.121: [ParNew: 414328K->3264K(460096K), 0.0015903 secs] 420334K->9271K(2046080K), 0.0016871 secs] [Times: user=0.03 sys=0.00, real=0.00 secs] 
2024-10-07T05:53:13.868+0300: 904.123: Total time for which application threads were stopped: 0.0020220 seconds, Stopping threads took: 0.0002060 seconds
2024-10-07T05:53:14.433+0300: 904.685: Application time: 0.5622496 seconds
2024-10-07T05:53:14.433+0300: 904.685: [GC (Allocation Failure) 2024-10-07T05:53:14.433+0300: 904.685: [ParNew: 412288K->2255K(460096K), 0.0013373 secs] 418295K->8263K(2046080K), 0.0014001 secs] [Times: user=0.00 sys=0.00, real=0.00 secs] 
2024-10-07T05:53:14.433+0300: 904.687: Total time for which application threads were stopped: 0.0017207 seconds, Stopping threads took: 0.0002299 seconds
2024-10-07T05:53:14.999+0300: 905.247: Application time: 0.5600279 seconds
2024-10-07T05:53:14.999+0300: 905.247: [GC (Allocation Failure) 2024-10-07T05:53:14.999+0300: 905.247: [ParNew: 411279K->3257K(460096K), 0.0014865 secs] 417287K->9265K(2046080K), 0.0015520 secs] [Times: user=0.00 sys=0.00, real=0.00 secs] 
2024-10-07T05:53:14.999+0300: 905.248: Total time for which application threads were stopped: 0.0017964 seconds, Stopping threads took: 0.0001500 seconds
2024-10-07T05:53:15.563+0300: 905.812: Application time: 0.5634382 seconds
2024-10-07T05:53:15.563+0300: 905.812: [GC (Allocation Failure) 2024-10-07T05:53:15.563+0300: 905.812: [ParNew: 411665K->4284K(460096K), 0.0015368 secs] 417674K->10293K(2046080K), 0.0016217 secs] [Times: user=0.00 sys=0.00, real=0.00 secs] 
2024-10-07T05:53:15.563+0300: 905.814: Total time for which application threads were stopped: 0.0018356 seconds, Stopping threads took: 0.0001000 seconds
2024-10-07T05:53:16.113+0300: 906.367: Application time: 0.5531494 seconds
2024-10-07T05:53:16.113+0300: 906.367: [GC (Allocation Failure) 2024-10-07T05:53:16.113+0300: 906.367: [ParNew: 412451K->5303K(460096K), 0.0017730 secs] 418460K->11312K(2046080K), 0.0018491 secs] [Times: user=0.00 sys=0.00, real=0.00 secs] 
2024-10-07T05:53:16.113+0300: 906.369: Total time for which application threads were stopped: 0.0021438 seconds, Stopping threads took: 0.0001926 seconds
2024-10-07T05:53:16.677+0300: 906.934: Application time: 0.5647763 seconds
2024-10-07T05:53:16.677+0300: 906.934: [GC (Allocation Failure) 2024-10-07T05:53:16.677+0300: 906.934: [ParNew: 413797K->5302K(460096K), 0.0018825 secs] 419806K->11312K(2046080K), 0.0019619 secs] [Times: user=0.02 sys=0.00, real=0.02 secs] 
2024-10-07T05:53:16.693+0300: 906.936: Total time for which application threads were stopped: 0.0022547 seconds, Stopping threads took: 0.0001852 seconds
2024-10-07T05:53:17.242+0300: 907.491: Application time: 0.5548983 seconds
2024-10-07T05:53:17.242+0300: 907.491: [GC (Allocation Failure) 2024-10-07T05:53:17.242+0300: 907.491: [ParNew: 413563K->5304K(460096K), 0.0016902 secs] 419573K->11315K(2046080K), 0.0017786 secs] [Times: user=0.00 sys=0.00, real=0.00 secs] 
2024-10-07T05:53:17.242+0300: 907.493: Total time for which application threads were stopped: 0.0020849 seconds, Stopping threads took: 0.0002089 seconds
2024-10-07T05:53:17.807+0300: 908.060: Application time: 0.5673776 seconds
2024-10-07T05:53:17.807+0300: 908.061: [GC (Allocation Failure) 2024-10-07T05:53:17.807+0300: 908.061: [ParNew: 413959K->5306K(460096K), 0.0017124 secs] 419970K->11317K(2046080K), 0.0017860 secs] [Times: user=0.00 sys=0.00, real=0.00 secs] 
2024-10-07T05:53:17.807+0300: 908.062: Total time for which application threads were stopped: 0.0020255 seconds, Stopping threads took: 0.0001369 seconds
2024-10-07T05:53:18.372+0300: 908.624: Application time: 0.5618308 seconds
2024-10-07T05:53:18.372+0300: 908.625: [GC (Allocation Failure) 2024-10-07T05:53:18.372+0300: 908.625: [ParNew: 414023K->4295K(460096K), 0.0016515 secs] 420034K->10307K(2046080K), 0.0017149 secs] [Times: user=0.02 sys=0.00, real=0.01 secs] 
2024-10-07T05:53:18.384+0300: 908.626: Total time for which application threads were stopped: 0.0020959 seconds, Stopping threads took: 0.0002918 seconds
2024-10-07T05:53:18.937+0300: 909.186: Application time: 0.5594082 seconds
2024-10-07T05:53:18.937+0300: 909.186: [GC (Allocation Failure) 2024-10-07T05:53:18.937+0300: 909.186: [ParNew: 412453K->4284K(460096K), 0.0017836 secs] 418465K->10297K(2046080K), 0.0018604 secs] [Times: user=0.00 sys=0.00, real=0.00 secs] 
2024-10-07T05:53:18.937+0300: 909.188: Total time for which application threads were stopped: 0.0021352 seconds, Stopping threads took: 0.0001774 seconds
2024-10-07T05:53:19.502+0300: 909.748: Application time: 0.5603685 seconds
2024-10-07T05:53:19.502+0300: 909.749: [GC (Allocation Failure) 2024-10-07T05:53:19.502+0300: 909.749: [ParNew: 413138K->5302K(460096K), 0.0016775 secs] 419151K->11316K(2046080K), 0.0017448 secs] [Times: user=0.00 sys=0.00, real=0.00 secs] 
2024-10-07T05:53:19.502+0300: 909.750: Total time for which application threads were stopped: 0.0019858 seconds, Stopping threads took: 0.0001483 seconds
2024-10-07T05:53:20.052+0300: 910.309: Application time: 0.5582650 seconds
2024-10-07T05:53:20.052+0300: 910.309: [GC (Allocation Failure) 2024-10-07T05:53:20.052+0300: 910.309: [ParNew: 413857K->4296K(460096K), 0.0019912 secs] 419870K->10310K(2046080K), 0.0020617 secs] [Times: user=0.00 sys=0.00, real=0.02 secs] 
2024-10-07T05:53:20.068+0300: 910.311: Total time for which application threads were stopped: 0.0022982 seconds, Stopping threads took: 0.0001419 seconds
2024-10-07T05:53:20.633+0300: 910.875: Application time: 0.5642636 seconds
2024-10-07T05:53:20.633+0300: 910.875: [GC (Allocation Failure) 2024-10-07T05:53:20.633+0300: 910.875: [ParNew: 413320K->3260K(460096K), 0.0014465 secs] 419334K->9275K(2046080K), 0.0015302 secs] [Times: user=0.00 sys=0.00, real=0.00 secs] 
2024-10-07T05:53:20.633+0300: 910.877: Total time for which application threads were stopped: 0.0018249 seconds, Stopping threads took: 0.0001797 seconds
2024-10-07T05:53:21.183+0300: 911.432: Application time: 0.5554958 seconds
2024-10-07T05:53:21.183+0300: 911.433: [GC (Allocation Failure) 2024-10-07T05:53:21.183+0300: 911.433: [ParNew: 412137K->5304K(460096K), 0.0017380 secs] 418151K->11319K(2046080K), 0.0018290 secs] [Times: user=0.00 sys=0.00, real=0.00 secs] 
2024-10-07T05:53:21.183+0300: 911.435: Total time for which application threads were stopped: 0.0021371 seconds, Stopping threads took: 0.0002021 seconds
2024-10-07T05:53:21.747+0300: 911.998: Application time: 0.5633320 seconds
2024-10-07T05:53:21.747+0300: 911.998: [GC (Allocation Failure) 2024-10-07T05:53:21.747+0300: 911.998: [ParNew: 413305K->5308K(460096K), 0.0017140 secs] 419321K->11324K(2046080K), 0.0017892 secs] [Times: user=0.00 sys=0.00, real=0.00 secs] 
2024-10-07T05:53:21.747+0300: 912.000: Total time for which application threads were stopped: 0.0021327 seconds, Stopping threads took: 0.0002434 seconds
2024-10-07T05:53:22.312+0300: 912.557: Application time: 0.5565104 seconds
2024-10-07T05:53:22.312+0300: 912.557: [GC (Allocation Failure) 2024-10-07T05:53:22.312+0300: 912.557: [ParNew: 413608K->5304K(460096K), 0.0016712 secs] 419623K->11320K(2046080K), 0.0017517 secs] [Times: user=0.00 sys=0.00, real=0.00 secs] 
2024-10-07T05:53:22.312+0300: 912.559: Total time for which application threads were stopped: 0.0020119 seconds, Stopping threads took: 0.0001362 seconds
2024-10-07T05:53:22.877+0300: 913.121: Application time: 0.5628146 seconds
2024-10-07T05:53:22.877+0300: 913.122: [GC (Allocation Failure) 2024-10-07T05:53:22.877+0300: 913.122: [ParNew: 413496K->4294K(460096K), 0.0015641 secs] 419512K->10311K(2046080K), 0.0016520 secs] [Times: user=0.00 sys=0.00, real=0.00 secs] 
2024-10-07T05:53:22.877+0300: 913.123: Total time for which application threads were stopped: 0.0019344 seconds, Stopping threads took: 0.0001709 seconds
2024-10-07T05:53:23.443+0300: 913.690: Application time: 0.5665170 seconds
2024-10-07T05:53:23.443+0300: 913.690: [GC (Allocation Failure) 2024-10-07T05:53:23.443+0300: 913.690: [ParNew: 413318K->4298K(460096K), 0.0018658 secs] 419335K->10316K(2046080K), 0.0019484 secs] [Times: user=0.02 sys=0.00, real=0.00 secs] 
2024-10-07T05:53:23.443+0300: 913.692: Total time for which application threads were stopped: 0.0022693 seconds, Stopping threads took: 0.0002005 seconds
2024-10-07T05:53:24.012+0300: 914.253: Application time: 0.5613413 seconds
2024-10-07T05:53:24.012+0300: 914.254: [GC (Allocation Failure) 2024-10-07T05:53:24.012+0300: 914.254: [ParNew: 413322K->3260K(460096K), 0.0013211 secs] 419340K->9278K(2046080K), 0.0013924 secs] [Times: user=0.00 sys=0.00, real=0.00 secs] 
2024-10-07T05:53:24.012+0300: 914.255: Total time for which application threads were stopped: 0.0016446 seconds, Stopping threads took: 0.0001369 seconds
2024-10-07T05:53:24.557+0300: 914.811: Application time: 0.5558635 seconds
2024-10-07T05:53:24.557+0300: 914.811: [GC (Allocation Failure) 2024-10-07T05:53:24.557+0300: 914.811: [ParNew: 411449K->5302K(460096K), 0.0020668 secs] 417467K->11321K(2046080K), 0.0021571 secs] [Times: user=0.02 sys=0.00, real=0.00 secs] 
2024-10-07T05:53:24.557+0300: 914.814: Total time for which application threads were stopped: 0.0025404 seconds, Stopping threads took: 0.0002570 seconds
2024-10-07T05:53:25.122+0300: 915.374: Application time: 0.5608825 seconds
2024-10-07T05:53:25.122+0300: 915.375: [GC (Allocation Failure) 2024-10-07T05:53:25.122+0300: 915.375: [ParNew: 414326K->5306K(460096K), 0.0016143 secs] 420345K->11325K(2046080K), 0.0016859 secs] [Times: user=0.00 sys=0.00, real=0.00 secs] 
2024-10-07T05:53:25.122+0300: 915.376: Total time for which application threads were stopped: 0.0019964 seconds, Stopping threads took: 0.0001981 seconds
2024-10-07T05:53:25.687+0300: 915.940: Application time: 0.5631589 seconds
2024-10-07T05:53:25.687+0300: 915.940: [GC (Allocation Failure) 2024-10-07T05:53:25.687+0300: 915.940: [ParNew: 414017K->4300K(460096K), 0.0015285 secs] 420037K->10320K(2046080K), 0.0015976 secs] [Times: user=0.00 sys=0.00, real=0.00 secs] 
2024-10-07T05:53:25.687+0300: 915.941: Total time for which application threads were stopped: 0.0018804 seconds, Stopping threads took: 0.0001909 seconds
2024-10-07T05:53:26.251+0300: 916.500: Application time: 0.5585972 seconds
2024-10-07T05:53:26.251+0300: 916.500: [GC (Allocation Failure) 2024-10-07T05:53:26.251+0300: 916.500: [ParNew: 412461K->4282K(460096K), 0.0016347 secs] 418481K->10303K(2046080K), 0.0017120 secs] [Times: user=0.00 sys=0.00, real=0.00 secs] 
2024-10-07T05:53:26.251+0300: 916.502: Total time for which application threads were stopped: 0.0020363 seconds, Stopping threads took: 0.0002210 seconds
2024-10-07T05:53:26.818+0300: 917.066: Application time: 0.5635270 seconds
2024-10-07T05:53:26.818+0300: 917.066: [GC (Allocation Failure) 2024-10-07T05:53:26.818+0300: 917.066: [ParNew: 412423K->4297K(460096K), 0.0016070 secs] 418443K->10318K(2046080K), 0.0016855 secs] [Times: user=0.00 sys=0.00, real=0.00 secs] 
2024-10-07T05:53:26.818+0300: 917.068: Total time for which application threads were stopped: 0.0019723 seconds, Stopping threads took: 0.0001886 seconds
2024-10-07T05:53:27.381+0300: 917.632: Application time: 0.5641853 seconds
2024-10-07T05:53:27.381+0300: 917.632: [GC (Allocation Failure) 2024-10-07T05:53:27.381+0300: 917.632: [ParNew: 413321K->4302K(460096K), 0.0016047 secs] 419342K->10324K(2046080K), 0.0016946 secs] [Times: user=0.00 sys=0.00, real=0.00 secs] 
2024-10-07T05:53:27.381+0300: 917.634: Total time for which application threads were stopped: 0.0020646 seconds, Stopping threads took: 0.0002371 seconds
2024-10-07T05:53:27.946+0300: 918.189: Application time: 0.5554558 seconds
2024-10-07T05:53:27.946+0300: 918.190: [GC (Allocation Failure) 2024-10-07T05:53:27.946+0300: 918.190: [ParNew: 412960K->4300K(460096K), 0.0015512 secs] 418982K->10323K(2046080K), 0.0016291 secs] [Times: user=0.00 sys=0.00, real=0.00 secs] 
2024-10-07T05:53:27.946+0300: 918.191: Total time for which application threads were stopped: 0.0018549 seconds, Stopping threads took: 0.0001221 seconds
2024-10-07T05:53:28.521+0300: 918.764: Application time: 0.5724964 seconds
2024-10-07T05:53:28.521+0300: 918.764: [GC (Allocation Failure) 2024-10-07T05:53:28.521+0300: 918.764: [ParNew: 413324K->5304K(460096K), 0.0017897 secs] 419347K->11328K(2046080K), 0.0019030 secs] [Times: user=0.00 sys=0.00, real=0.00 secs] 
2024-10-07T05:53:28.521+0300: 918.766: Total time for which application threads were stopped: 0.0021595 seconds, Stopping threads took: 0.0001109 seconds
2024-10-07T05:53:29.077+0300: 919.324: Application time: 0.5578123 seconds
2024-10-07T05:53:29.077+0300: 919.324: [GC (Allocation Failure) 2024-10-07T05:53:29.077+0300: 919.324: [ParNew: 413997K->4280K(460096K), 0.0019902 secs] 420021K->10304K(2046080K), 0.0020709 secs] [Times: user=0.00 sys=0.00, real=0.00 secs] 
2024-10-07T05:53:29.077+0300: 919.326: Total time for which application threads were stopped: 0.0023284 seconds, Stopping threads took: 0.0001535 seconds
2024-10-07T05:53:29.642+0300: 919.889: Application time: 0.5627390 seconds
2024-10-07T05:53:29.642+0300: 919.889: [GC (Allocation Failure) 2024-10-07T05:53:29.642+0300: 919.889: [ParNew: 413304K->4288K(460096K), 0.0016895 secs] 419328K->10313K(2046080K), 0.0017715 secs] [Times: user=0.00 sys=0.00, real=0.00 secs] 
2024-10-07T05:53:29.642+0300: 919.891: Total time for which application threads were stopped: 0.0020389 seconds, Stopping threads took: 0.0001320 seconds
2024-10-07T05:53:30.207+0300: 920.450: Application time: 0.5595756 seconds
2024-10-07T05:53:30.207+0300: 920.451: [GC (Allocation Failure) 2024-10-07T05:53:30.207+0300: 920.451: [ParNew: 413203K->4297K(460096K), 0.0015371 secs] 419227K->10323K(2046080K), 0.0016174 secs] [Times: user=0.00 sys=0.00, real=0.00 secs] 
2024-10-07T05:53:30.207+0300: 920.452: Total time for which application threads were stopped: 0.0018842 seconds, Stopping threads took: 0.0001667 seconds
2024-10-07T05:53:30.757+0300: 921.013: Application time: 0.5605406 seconds
2024-10-07T05:53:30.757+0300: 921.013: [GC (Allocation Failure) 2024-10-07T05:53:30.757+0300: 921.013: [ParNew: 412413K->2241K(460096K), 0.0013992 secs] 418438K->8267K(2046080K), 0.0014706 secs] [Times: user=0.02 sys=0.00, real=0.02 secs] 
2024-10-07T05:53:30.773+0300: 921.015: Total time for which application threads were stopped: 0.0017686 seconds, Stopping threads took: 0.0001993 seconds
2024-10-07T05:53:31.339+0300: 921.587: Application time: 0.5719919 seconds
2024-10-07T05:53:31.339+0300: 921.587: [GC (Allocation Failure) 2024-10-07T05:53:31.339+0300: 921.587: [ParNew: 410787K->4285K(460096K), 0.0015035 secs] 416813K->10312K(2046080K), 0.0015968 secs] [Times: user=0.00 sys=0.00, real=0.00 secs] 
2024-10-07T05:53:31.339+0300: 921.588: Total time for which application threads were stopped: 0.0018289 seconds, Stopping threads took: 0.0001189 seconds
2024-10-07T05:53:31.904+0300: 922.160: Application time: 0.5711883 seconds
2024-10-07T05:53:31.904+0300: 922.160: [GC (Allocation Failure) 2024-10-07T05:53:31.904+0300: 922.160: [ParNew: 412835K->3281K(460096K), 0.0014927 secs] 418861K->9308K(2046080K), 0.0015649 secs] [Times: user=0.03 sys=0.00, real=0.02 secs] 
2024-10-07T05:53:31.920+0300: 922.162: Total time for which application threads were stopped: 0.0019507 seconds, Stopping threads took: 0.0002728 seconds
2024-10-07T05:53:32.485+0300: 922.732: Application time: 0.5704492 seconds
2024-10-07T05:53:32.485+0300: 922.732: [GC (Allocation Failure) 2024-10-07T05:53:32.485+0300: 922.732: [ParNew: 412305K->2288K(460096K), 0.0013286 secs] 418332K->8315K(2046080K), 0.0014039 secs] [Times: user=0.00 sys=0.00, real=0.00 secs] 
2024-10-07T05:53:32.485+0300: 922.734: Total time for which application threads were stopped: 0.0016455 seconds, Stopping threads took: 0.0001343 seconds
2024-10-07T05:53:33.049+0300: 923.293: Application time: 0.5594817 seconds
2024-10-07T05:53:33.049+0300: 923.293: [GC (Allocation Failure) 2024-10-07T05:53:33.049+0300: 923.293: [ParNew: 411312K->4301K(460096K), 0.0015917 secs] 417339K->10329K(2046080K), 0.0016743 secs] [Times: user=0.00 sys=0.00, real=0.00 secs] 
2024-10-07T05:53:33.049+0300: 923.295: Total time for which application threads were stopped: 0.0019230 seconds, Stopping threads took: 0.0001417 seconds
2024-10-07T05:53:33.614+0300: 923.857: Application time: 0.5616992 seconds
2024-10-07T05:53:33.614+0300: 923.857: [GC (Allocation Failure) 2024-10-07T05:53:33.614+0300: 923.857: [ParNew: 412803K->5304K(460096K), 0.0017291 secs] 418831K->11333K(2046080K), 0.0018414 secs] [Times: user=0.00 sys=0.00, real=0.00 secs] 
2024-10-07T05:53:33.614+0300: 923.859: Total time for which application threads were stopped: 0.0021024 seconds, Stopping threads took: 0.0001329 seconds
2024-10-07T05:53:34.163+0300: 924.418: Application time: 0.5591236 seconds
2024-10-07T05:53:34.163+0300: 924.418: [GC (Allocation Failure) 2024-10-07T05:53:34.163+0300: 924.418: [ParNew: 413447K->4285K(460096K), 0.0019993 secs] 419476K->10315K(2046080K), 0.0020845 secs] [Times: user=0.02 sys=0.00, real=0.02 secs] 
2024-10-07T05:53:34.179+0300: 924.420: Total time for which application threads were stopped: 0.0023735 seconds, Stopping threads took: 0.0001831 seconds
2024-10-07T05:53:34.744+0300: 924.985: Application time: 0.5650075 seconds
2024-10-07T05:53:34.744+0300: 924.986: [GC (Allocation Failure) 2024-10-07T05:53:34.744+0300: 924.986: [ParNew: 413230K->5305K(460096K), 0.0016341 secs] 419259K->11335K(2046080K), 0.0017285 secs] [Times: user=0.06 sys=0.00, real=0.00 secs] 
2024-10-07T05:53:34.744+0300: 924.987: Total time for which application threads were stopped: 0.0020238 seconds, Stopping threads took: 0.0001745 seconds
2024-10-07T05:53:35.294+0300: 925.550: Application time: 0.5624347 seconds
2024-10-07T05:53:35.294+0300: 925.550: [GC (Allocation Failure) 2024-10-07T05:53:35.294+0300: 925.550: [ParNew: 413715K->5304K(460096K), 0.0017900 secs] 419745K->11335K(2046080K), 0.0018823 secs] [Times: user=0.02 sys=0.00, real=0.02 secs] 
2024-10-07T05:53:35.309+0300: 925.552: Total time for which application threads were stopped: 0.0021834 seconds, Stopping threads took: 0.0001871 seconds
2024-10-07T05:53:35.874+0300: 926.116: Application time: 0.5644620 seconds
2024-10-07T05:53:35.874+0300: 926.117: [GC (Allocation Failure) 2024-10-07T05:53:35.874+0300: 926.117: [ParNew: 414025K->5305K(460096K), 0.0022199 secs] 420056K->11337K(2046080K), 0.0023148 secs] [Times: user=0.00 sys=0.00, real=0.00 secs] 
2024-10-07T05:53:35.874+0300: 926.119: Total time for which application threads were stopped: 0.0025801 seconds, Stopping threads took: 0.0001416 seconds
2024-10-07T05:53:36.439+0300: 926.686: Application time: 0.5664513 seconds
2024-10-07T05:53:36.439+0300: 926.686: [GC (Allocation Failure) 2024-10-07T05:53:36.439+0300: 926.686: [ParNew: 414229K->5304K(460096K), 0.0016822 secs] 420260K->11336K(2046080K), 0.0017686 secs] [Times: user=0.00 sys=0.00, real=0.00 secs] 
2024-10-07T05:53:36.439+0300: 926.688: Total time for which application threads were stopped: 0.0020383 seconds, Stopping threads took: 0.0001456 seconds
2024-10-07T05:53:36.988+0300: 927.245: Application time: 0.5575903 seconds
2024-10-07T05:53:37.004+0300: 927.245: [GC (Allocation Failure) 2024-10-07T05:53:37.004+0300: 927.246: [ParNew: 414328K->3276K(460096K), 0.0018308 secs] 420360K->9309K(2046080K), 0.0019207 secs] [Times: user=0.00 sys=0.00, real=0.00 secs] 
2024-10-07T05:53:37.004+0300: 927.247: Total time for which application threads were stopped: 0.0023192 seconds, Stopping threads took: 0.0002673 seconds
2024-10-07T05:53:37.554+0300: 927.810: Application time: 0.5624108 seconds
2024-10-07T05:53:37.554+0300: 927.810: [GC (Allocation Failure) 2024-10-07T05:53:37.554+0300: 927.810: [ParNew: 412097K->4284K(460096K), 0.0019729 secs] 418130K->10318K(2046080K), 0.0032548 secs] [Times: user=0.01 sys=0.00, real=0.02 secs] 
2024-10-07T05:53:37.570+0300: 927.813: Total time for which application threads were stopped: 0.0036049 seconds, Stopping threads took: 0.0002060 seconds
2024-10-07T05:53:38.135+0300: 928.379: Application time: 0.5657032 seconds
2024-10-07T05:53:38.135+0300: 928.379: [GC (Allocation Failure) 2024-10-07T05:53:38.135+0300: 928.379: [ParNew: 413308K->4285K(460096K), 0.0015157 secs] 419342K->10319K(2046080K), 0.0015955 secs] [Times: user=0.00 sys=0.00, real=0.00 secs] 
2024-10-07T05:53:38.135+0300: 928.381: Total time for which application threads were stopped: 0.0018325 seconds, Stopping threads took: 0.0001266 seconds
2024-10-07T05:53:38.701+0300: 928.947: Application time: 0.5655036 seconds
2024-10-07T05:53:38.701+0300: 928.947: [GC (Allocation Failure) 2024-10-07T05:53:38.701+0300: 928.947: [ParNew: 413309K->5304K(460096K), 0.0016134 secs] 419343K->11339K(2046080K), 0.0016883 secs] [Times: user=0.00 sys=0.00, real=0.00 secs] 
2024-10-07T05:53:38.701+0300: 928.948: Total time for which application threads were stopped: 0.0019051 seconds, Stopping threads took: 0.0001062 seconds
2024-10-07T05:53:39.265+0300: 929.511: Application time: 0.5627494 seconds
2024-10-07T05:53:39.265+0300: 929.511: [GC (Allocation Failure) 2024-10-07T05:53:39.265+0300: 929.511: [ParNew: 413544K->4284K(460096K), 0.0014657 secs] 419579K->10320K(2046080K), 0.0015335 secs] [Times: user=0.00 sys=0.00, real=0.00 secs] 
2024-10-07T05:53:39.265+0300: 929.513: Total time for which application threads were stopped: 0.0017874 seconds, Stopping threads took: 0.0001482 seconds
2024-10-07T05:53:39.830+0300: 930.077: Application time: 0.5640290 seconds
2024-10-07T05:53:39.830+0300: 930.077: [GC (Allocation Failure) 2024-10-07T05:53:39.830+0300: 930.077: [ParNew: 413308K->4298K(460096K), 0.0014978 secs] 419344K->10334K(2046080K), 0.0015953 secs] [Times: user=0.02 sys=0.00, real=0.00 secs] 
2024-10-07T05:53:39.830+0300: 930.079: Total time for which application threads were stopped: 0.0020325 seconds, Stopping threads took: 0.0003160 seconds
2024-10-07T05:53:40.395+0300: 930.646: Application time: 0.5666232 seconds
2024-10-07T05:53:40.395+0300: 930.646: [GC (Allocation Failure) 2024-10-07T05:53:40.395+0300: 930.646: [ParNew: 413322K->2255K(460096K), 0.0014938 secs] 419358K->8292K(2046080K), 0.0015808 secs] [Times: user=0.00 sys=0.00, real=0.00 secs] 
2024-10-07T05:53:40.395+0300: 930.648: Total time for which application threads were stopped: 0.0018935 seconds, Stopping threads took: 0.0001870 seconds
2024-10-07T05:53:40.960+0300: 931.206: Application time: 0.5585760 seconds
2024-10-07T05:53:40.960+0300: 931.206: [GC (Allocation Failure) 2024-10-07T05:53:40.960+0300: 931.206: [ParNew: 410850K->5306K(460096K), 0.0016444 secs] 416886K->11343K(2046080K), 0.0017191 secs] [Times: user=0.00 sys=0.00, real=0.00 secs] 
2024-10-07T05:53:40.960+0300: 931.208: Total time for which application threads were stopped: 0.0019613 seconds, Stopping threads took: 0.0001406 seconds
2024-10-07T05:53:41.525+0300: 931.772: Application time: 0.5642982 seconds
2024-10-07T05:53:41.525+0300: 931.773: [GC (Allocation Failure) 2024-10-07T05:53:41.525+0300: 931.773: [ParNew: 414242K->4282K(460096K), 0.0015657 secs] 420279K->10319K(2046080K), 0.0016707 secs] [Times: user=0.00 sys=0.00, real=0.00 secs] 
2024-10-07T05:53:41.525+0300: 931.774: Total time for which application threads were stopped: 0.0019781 seconds, Stopping threads took: 0.0001489 seconds
2024-10-07T05:53:42.089+0300: 932.332: Application time: 0.5578459 seconds
2024-10-07T05:53:42.089+0300: 932.333: [GC (Allocation Failure) 2024-10-07T05:53:42.089+0300: 932.333: [ParNew: 412631K->4299K(460096K), 0.0016232 secs] 418668K->10337K(2046080K), 0.0016984 secs] [Times: user=0.00 sys=0.00, real=0.00 secs] 
2024-10-07T05:53:42.089+0300: 932.334: Total time for which application threads were stopped: 0.0020005 seconds, Stopping threads took: 0.0002010 seconds
2024-10-07T05:53:42.655+0300: 932.899: Application time: 0.5651815 seconds
2024-10-07T05:53:42.655+0300: 932.900: [GC (Allocation Failure) 2024-10-07T05:53:42.655+0300: 932.900: [ParNew: 413323K->3276K(460096K), 0.0018977 secs] 419361K->9315K(2046080K), 0.0019799 secs] [Times: user=0.00 sys=0.00, real=0.00 secs] 
2024-10-07T05:53:42.655+0300: 932.902: Total time for which application threads were stopped: 0.0022265 seconds, Stopping threads took: 0.0001442 seconds
2024-10-07T05:53:43.204+0300: 933.459: Application time: 0.5570976 seconds
2024-10-07T05:53:43.204+0300: 933.459: [GC (Allocation Failure) 2024-10-07T05:53:43.204+0300: 933.459: [ParNew: 412063K->5306K(460096K), 0.0018666 secs] 418102K->11346K(2046080K), 0.0021728 secs] [Times: user=0.02 sys=0.00, real=0.02 secs] 
2024-10-07T05:53:43.220+0300: 933.461: Total time for which application threads were stopped: 0.0025200 seconds, Stopping threads took: 0.0001905 seconds
2024-10-07T05:53:43.769+0300: 934.023: Application time: 0.5620000 seconds
2024-10-07T05:53:43.769+0300: 934.024: [GC (Allocation Failure) 2024-10-07T05:53:43.769+0300: 934.024: [ParNew: 414330K->3275K(460096K), 0.0013865 secs] 420370K->9316K(2046080K), 0.0014662 secs] [Times: user=0.00 sys=0.00, real=0.00 secs] 
2024-10-07T05:53:43.769+0300: 934.025: Total time for which application threads were stopped: 0.0018446 seconds, Stopping threads took: 0.0002485 seconds
2024-10-07T05:53:44.334+0300: 934.584: Application time: 0.5588836 seconds
2024-10-07T05:53:44.334+0300: 934.585: [GC (Allocation Failure) 2024-10-07T05:53:44.334+0300: 934.585: [ParNew: 411357K->2249K(460096K), 0.0016031 secs] 417397K->8290K(2046080K), 0.0016988 secs] [Times: user=0.00 sys=0.00, real=0.00 secs] 
2024-10-07T05:53:44.334+0300: 934.586: Total time for which application threads were stopped: 0.0022681 seconds, Stopping threads took: 0.0004442 seconds
2024-10-07T05:53:44.899+0300: 935.149: Application time: 0.5624636 seconds
2024-10-07T05:53:44.899+0300: 935.149: [GC (Allocation Failure) 2024-10-07T05:53:44.899+0300: 935.149: [ParNew: 411273K->3264K(460096K), 0.0013658 secs] 417314K->9305K(2046080K), 0.0014453 secs] [Times: user=0.00 sys=0.00, real=0.00 secs] 
2024-10-07T05:53:44.899+0300: 935.150: Total time for which application threads were stopped: 0.0016974 seconds, Stopping threads took: 0.0001480 seconds
2024-10-07T05:53:45.465+0300: 935.712: Application time: 0.5617527 seconds
2024-10-07T05:53:45.465+0300: 935.712: [GC (Allocation Failure) 2024-10-07T05:53:45.465+0300: 935.712: [ParNew: 412281K->4284K(460096K), 0.0015842 secs] 418322K->10326K(2046080K), 0.0016513 secs] [Times: user=0.00 sys=0.00, real=0.00 secs] 
2024-10-07T05:53:45.465+0300: 935.714: Total time for which application threads were stopped: 0.0019294 seconds, Stopping threads took: 0.0001824 seconds
2024-10-07T05:53:46.013+0300: 936.270: Application time: 0.5557579 seconds
2024-10-07T05:53:46.029+0300: 936.270: [GC (Allocation Failure) 2024-10-07T05:53:46.029+0300: 936.270: [ParNew: 412449K->5308K(460096K), 0.0015158 secs] 418491K->11351K(2046080K), 0.0016003 secs] [Times: user=0.00 sys=0.00, real=0.00 secs] 
2024-10-07T05:53:46.029+0300: 936.272: Total time for which application threads were stopped: 0.0018820 seconds, Stopping threads took: 0.0001750 seconds
2024-10-07T05:53:46.594+0300: 936.835: Application time: 0.5636565 seconds
2024-10-07T05:53:46.594+0300: 936.836: [GC (Allocation Failure) 2024-10-07T05:53:46.594+0300: 936.836: [ParNew: 414197K->4281K(460096K), 0.0013638 secs] 420239K->10325K(2046080K), 0.0014373 secs] [Times: user=0.00 sys=0.00, real=0.00 secs] 
2024-10-07T05:53:46.594+0300: 936.837: Total time for which application threads were stopped: 0.0016884 seconds, Stopping threads took: 0.0001481 seconds
2024-10-07T05:53:47.143+0300: 937.391: Application time: 0.5539137 seconds
2024-10-07T05:53:47.143+0300: 937.391: [GC (Allocation Failure) 2024-10-07T05:53:47.143+0300: 937.394: [ParNew: 412673K->4280K(460096K), 0.0019603 secs] 418717K->10324K(2046080K), 0.0042089 secs] [Times: user=0.00 sys=0.00, real=0.00 secs] 
2024-10-07T05:53:47.143+0300: 937.396: Total time for which application threads were stopped: 0.0045010 seconds, Stopping threads took: 0.0001950 seconds
2024-10-07T05:53:47.709+0300: 937.961: Application time: 0.5655627 seconds
2024-10-07T05:53:47.709+0300: 937.961: [GC (Allocation Failure) 2024-10-07T05:53:47.709+0300: 937.962: [ParNew: 413304K->4281K(460096K), 0.0016083 secs] 419348K->10325K(2046080K), 0.0016890 secs] [Times: user=0.00 sys=0.00, real=0.00 secs] 
2024-10-07T05:53:47.709+0300: 937.963: Total time for which application threads were stopped: 0.0020789 seconds, Stopping threads took: 0.0002601 seconds
2024-10-07T05:53:48.274+0300: 938.522: Application time: 0.5592557 seconds
2024-10-07T05:53:48.274+0300: 938.523: [GC (Allocation Failure) 2024-10-07T05:53:48.274+0300: 938.523: [ParNew: 412282K->3277K(460096K), 0.0015162 secs] 418327K->9322K(2046080K), 0.0015937 secs] [Times: user=0.00 sys=0.00, real=0.00 secs] 
2024-10-07T05:53:48.274+0300: 938.524: Total time for which application threads were stopped: 0.0018732 seconds, Stopping threads took: 0.0001839 seconds
2024-10-07T05:53:48.839+0300: 939.084: Application time: 0.5598940 seconds
2024-10-07T05:53:48.839+0300: 939.084: [GC (Allocation Failure) 2024-10-07T05:53:48.839+0300: 939.085: [ParNew: 411611K->4298K(460096K), 0.0017482 secs] 417656K->10344K(2046080K), 0.0018339 secs] [Times: user=0.00 sys=0.00, real=0.00 secs] 
2024-10-07T05:53:48.839+0300: 939.086: Total time for which application threads were stopped: 0.0021181 seconds, Stopping threads took: 0.0001751 seconds
2024-10-07T05:53:49.404+0300: 939.651: Application time: 0.5645398 seconds
2024-10-07T05:53:49.404+0300: 939.651: [GC (Allocation Failure) 2024-10-07T05:53:49.404+0300: 939.651: [ParNew: 412562K->4300K(460096K), 0.0014381 secs] 418608K->10347K(2046080K), 0.0015008 secs] [Times: user=0.00 sys=0.00, real=0.00 secs] 
2024-10-07T05:53:49.404+0300: 939.653: Total time for which application threads were stopped: 0.0017555 seconds, Stopping threads took: 0.0001634 seconds
2024-10-07T05:53:49.964+0300: 940.208: Application time: 0.5558235 seconds
2024-10-07T05:53:49.964+0300: 940.209: [GC (Allocation Failure) 2024-10-07T05:53:49.964+0300: 940.209: [ParNew: 412631K->5306K(460096K), 0.0018932 secs] 418678K->11353K(2046080K), 0.0019730 secs] [Times: user=0.00 sys=0.00, real=0.01 secs] 
2024-10-07T05:53:49.969+0300: 940.211: Total time for which application threads were stopped: 0.0022497 seconds, Stopping threads took: 0.0001708 seconds
2024-10-07T05:53:50.534+0300: 940.777: Application time: 0.5667400 seconds
2024-10-07T05:53:50.534+0300: 940.778: [GC (Allocation Failure) 2024-10-07T05:53:50.534+0300: 940.778: [ParNew: 413425K->4282K(460096K), 0.0015694 secs] 419472K->10330K(2046080K), 0.0016410 secs] [Times: user=0.00 sys=0.00, real=0.00 secs] 
2024-10-07T05:53:50.534+0300: 940.779: Total time for which application threads were stopped: 0.0018882 seconds, Stopping threads took: 0.0001504 seconds
2024-10-07T05:53:51.099+0300: 941.341: Application time: 0.5620286 seconds
2024-10-07T05:53:51.099+0300: 941.342: [GC (Allocation Failure) 2024-10-07T05:53:51.099+0300: 941.342: [ParNew: 412729K->3266K(460096K), 0.0013585 secs] 418777K->9315K(2046080K), 0.0014376 secs] [Times: user=0.00 sys=0.00, real=0.00 secs] 
2024-10-07T05:53:51.099+0300: 941.343: Total time for which application threads were stopped: 0.0017048 seconds, Stopping threads took: 0.0001596 seconds
2024-10-07T05:53:51.664+0300: 941.908: Application time: 0.5653711 seconds
2024-10-07T05:53:51.667+0300: 941.909: [GC (Allocation Failure) 2024-10-07T05:53:51.667+0300: 941.909: [ParNew: 411539K->4302K(460096K), 0.0015217 secs] 417587K->10351K(2046080K), 0.0015977 secs] [Times: user=0.00 sys=0.00, real=0.00 secs] 
2024-10-07T05:53:51.667+0300: 941.910: Total time for which application threads were stopped: 0.0018596 seconds, Stopping threads took: 0.0001618 seconds
2024-10-07T05:53:52.213+0300: 942.467: Application time: 0.5571048 seconds
2024-10-07T05:53:52.213+0300: 942.468: [GC (Allocation Failure) 2024-10-07T05:53:52.213+0300: 942.468: [ParNew: 413326K->3282K(460096K), 0.0013296 secs] 419375K->9332K(2046080K), 0.0014290 secs] [Times: user=0.00 sys=0.00, real=0.01 secs] 
2024-10-07T05:53:52.228+0300: 942.469: Total time for which application threads were stopped: 0.0017088 seconds, Stopping threads took: 0.0001644 seconds
2024-10-07T05:53:52.778+0300: 943.031: Application time: 0.5622024 seconds
2024-10-07T05:53:52.778+0300: 943.032: [GC (Allocation Failure) 2024-10-07T05:53:52.778+0300: 943.032: [ParNew: 411356K->3263K(460096K), 0.0012684 secs] 417405K->9314K(2046080K), 0.0013408 secs] [Times: user=0.00 sys=0.00, real=0.00 secs] 
2024-10-07T05:53:52.778+0300: 943.033: Total time for which application threads were stopped: 0.0016058 seconds, Stopping threads took: 0.0001702 seconds
2024-10-07T05:53:53.343+0300: 943.592: Application time: 0.5594569 seconds
2024-10-07T05:53:53.343+0300: 943.593: [GC (Allocation Failure) 2024-10-07T05:53:53.343+0300: 943.593: [ParNew: 412287K->5307K(460096K), 0.0018835 secs] 418338K->11358K(2046080K), 0.0019766 secs] [Times: user=0.00 sys=0.00, real=0.00 secs] 
2024-10-07T05:53:53.343+0300: 943.595: Total time for which application threads were stopped: 0.0023774 seconds, Stopping threads took: 0.0002466 seconds
2024-10-07T05:53:53.908+0300: 944.154: Application time: 0.5595384 seconds
2024-10-07T05:53:53.908+0300: 944.155: [GC (Allocation Failure) 2024-10-07T05:53:53.908+0300: 944.155: [ParNew: 414057K->5304K(460096K), 0.0020653 secs] 420108K->11356K(2046080K), 0.0021461 secs] [Times: user=0.00 sys=0.00, real=0.00 secs] 
2024-10-07T05:53:53.908+0300: 944.157: Total time for which application threads were stopped: 0.0024352 seconds, Stopping threads took: 0.0001917 seconds
2024-10-07T05:53:54.473+0300: 944.722: Application time: 0.5652421 seconds
2024-10-07T05:53:54.473+0300: 944.722: [GC (Allocation Failure) 2024-10-07T05:53:54.473+0300: 944.722: [ParNew: 413890K->5308K(460096K), 0.0020214 secs] 419942K->11361K(2046080K), 0.0021070 secs] [Times: user=0.00 sys=0.00, real=0.00 secs] 
2024-10-07T05:53:54.473+0300: 944.725: Total time for which application threads were stopped: 0.0025495 seconds, Stopping threads took: 0.0002995 seconds
2024-10-07T05:53:55.038+0300: 945.285: Application time: 0.5608342 seconds
2024-10-07T05:53:55.038+0300: 945.286: [GC (Allocation Failure) 2024-10-07T05:53:55.038+0300: 945.286: [ParNew: 414332K->5309K(460096K), 0.0016177 secs] 420385K->11362K(2046080K), 0.0016961 secs] [Times: user=0.00 sys=0.00, real=0.00 secs] 
2024-10-07T05:53:55.038+0300: 945.287: Total time for which application threads were stopped: 0.0019798 seconds, Stopping threads took: 0.0001845 seconds
2024-10-07T05:53:55.604+0300: 945.852: Application time: 0.5642856 seconds
2024-10-07T05:53:55.604+0300: 945.852: [GC (Allocation Failure) 2024-10-07T05:53:55.604+0300: 945.852: [ParNew: 413580K->4298K(460096K), 0.0015939 secs] 419632K->10351K(2046080K), 0.0016895 secs] [Times: user=0.00 sys=0.00, real=0.00 secs] 
2024-10-07T05:53:55.604+0300: 945.854: Total time for which application threads were stopped: 0.0020066 seconds, Stopping threads took: 0.0001820 seconds
2024-10-07T05:53:56.168+0300: 946.411: Application time: 0.5577515 seconds
2024-10-07T05:53:56.168+0300: 946.412: [GC (Allocation Failure) 2024-10-07T05:53:56.168+0300: 946.412: [ParNew: 412380K->4284K(460096K), 0.0016065 secs] 418434K->10338K(2046080K), 0.0016804 secs] [Times: user=0.00 sys=0.00, real=0.00 secs] 
2024-10-07T05:53:56.168+0300: 946.413: Total time for which application threads were stopped: 0.0019406 seconds, Stopping threads took: 0.0001606 seconds
2024-10-07T05:53:56.718+0300: 946.974: Application time: 0.5605905 seconds
2024-10-07T05:53:56.718+0300: 946.974: [GC (Allocation Failure) 2024-10-07T05:53:56.718+0300: 946.974: [ParNew: 413266K->3276K(460096K), 0.0014333 secs] 419320K->9331K(2046080K), 0.0014894 secs] [Times: user=0.00 sys=0.00, real=0.02 secs] 
2024-10-07T05:53:56.733+0300: 946.976: Total time for which application threads were stopped: 0.0017819 seconds, Stopping threads took: 0.0002040 seconds
2024-10-07T05:53:57.283+0300: 947.536: Application time: 0.5600483 seconds
2024-10-07T05:53:57.283+0300: 947.536: [GC (Allocation Failure) 2024-10-07T05:53:57.283+0300: 947.536: [ParNew: 412300K->4302K(460096K), 0.0015102 secs] 418355K->10357K(2046080K), 0.0015876 secs] [Times: user=0.00 sys=0.00, real=0.00 secs] 
2024-10-07T05:53:57.283+0300: 947.538: Total time for which application threads were stopped: 0.0019311 seconds, Stopping threads took: 0.0002377 seconds
2024-10-07T05:53:57.847+0300: 948.102: Application time: 0.5641923 seconds
2024-10-07T05:53:57.847+0300: 948.102: [GC (Allocation Failure) 2024-10-07T05:53:57.847+0300: 948.102: [ParNew: 413046K->4283K(460096K), 0.0015103 secs] 419101K->10339K(2046080K), 0.0015984 secs] [Times: user=0.01 sys=0.00, real=0.00 secs] 
2024-10-07T05:53:57.847+0300: 948.104: Total time for which application threads were stopped: 0.0019307 seconds, Stopping threads took: 0.0002267 seconds
2024-10-07T05:53:58.413+0300: 948.664: Application time: 0.5602482 seconds
2024-10-07T05:53:58.413+0300: 948.664: [GC (Allocation Failure) 2024-10-07T05:53:58.413+0300: 948.664: [ParNew: 412694K->5304K(460096K), 0.0016810 secs] 418750K->11361K(2046080K), 0.0017591 secs] [Times: user=0.00 sys=0.00, real=0.00 secs] 
2024-10-07T05:53:58.413+0300: 948.666: Total time for which application threads were stopped: 0.0020783 seconds, Stopping threads took: 0.0002213 seconds
2024-10-07T05:53:58.983+0300: 949.224: Application time: 0.5582251 seconds
2024-10-07T05:53:58.983+0300: 949.225: [GC (Allocation Failure) 2024-10-07T05:53:58.983+0300: 949.225: [ParNew: 413790K->5308K(460096K), 0.0016564 secs] 419846K->11366K(2046080K), 0.0017278 secs] [Times: user=0.00 sys=0.00, real=0.00 secs] 
2024-10-07T05:53:58.983+0300: 949.226: Total time for which application threads were stopped: 0.0019988 seconds, Stopping threads took: 0.0001696 seconds
2024-10-07T05:53:59.543+0300: 949.792: Application time: 0.5653866 seconds
2024-10-07T05:53:59.543+0300: 949.792: [GC (Allocation Failure) 2024-10-07T05:53:59.543+0300: 949.792: [ParNew: 413635K->5306K(460096K), 0.0017795 secs] 419692K->11364K(2046080K), 0.0018901 secs] [Times: user=0.00 sys=0.00, real=0.00 secs] 
2024-10-07T05:53:59.543+0300: 949.794: Total time for which application threads were stopped: 0.0021984 seconds, Stopping threads took: 0.0001492 seconds
2024-10-07T05:54:00.108+0300: 950.357: Application time: 0.5632756 seconds
2024-10-07T05:54:00.108+0300: 950.358: [GC (Allocation Failure) 2024-10-07T05:54:00.108+0300: 950.358: [ParNew: 413344K->3275K(460096K), 0.0013260 secs] 419402K->9334K(2046080K), 0.0014165 secs] [Times: user=0.00 sys=0.00, real=0.00 secs] 
2024-10-07T05:54:00.108+0300: 950.359: Total time for which application threads were stopped: 0.0017674 seconds, Stopping threads took: 0.0002335 seconds
2024-10-07T05:54:00.674+0300: 950.922: Application time: 0.5625166 seconds
2024-10-07T05:54:00.674+0300: 950.922: [GC (Allocation Failure) 2024-10-07T05:54:00.674+0300: 950.922: [ParNew: 411323K->5306K(460096K), 0.0016388 secs] 417381K->11365K(2046080K), 0.0017193 secs] [Times: user=0.01 sys=0.00, real=0.00 secs] 
2024-10-07T05:54:00.674+0300: 950.924: Total time for which application threads were stopped: 0.0020014 seconds, Stopping threads took: 0.0001811 seconds
2024-10-07T05:54:01.239+0300: 951.483: Application time: 0.5591147 seconds
2024-10-07T05:54:01.239+0300: 951.483: [GC (Allocation Failure) 2024-10-07T05:54:01.239+0300: 951.483: [ParNew: 413439K->5302K(460096K), 0.0016184 secs] 419498K->11362K(2046080K), 0.0016999 secs] [Times: user=0.00 sys=0.00, real=0.00 secs] 
2024-10-07T05:54:01.239+0300: 951.485: Total time for which application threads were stopped: 0.0020348 seconds, Stopping threads took: 0.0002204 seconds
2024-10-07T05:54:01.805+0300: 952.049: Application time: 0.5644581 seconds
2024-10-07T05:54:01.805+0300: 952.049: [GC (Allocation Failure) 2024-10-07T05:54:01.805+0300: 952.049: [ParNew: 414298K->3260K(460096K), 0.0013953 secs] 420358K->9320K(2046080K), 0.0014607 secs] [Times: user=0.00 sys=0.00, real=0.00 secs] 
2024-10-07T05:54:01.805+0300: 952.051: Total time for which application threads were stopped: 0.0017262 seconds, Stopping threads took: 0.0001714 seconds
2024-10-07T05:54:02.370+0300: 952.615: Application time: 0.5641394 seconds
2024-10-07T05:54:02.370+0300: 952.615: [GC (Allocation Failure) 2024-10-07T05:54:02.370+0300: 952.615: [ParNew: 412284K->5304K(460096K), 0.0016609 secs] 418344K->11365K(2046080K), 0.0017752 secs] [Times: user=0.03 sys=0.00, real=0.00 secs] 
2024-10-07T05:54:02.370+0300: 952.617: Total time for which application threads were stopped: 0.0020667 seconds, Stopping threads took: 0.0001561 seconds
2024-10-07T05:54:02.919+0300: 953.174: Application time: 0.5565909 seconds
2024-10-07T05:54:02.919+0300: 953.174: [GC (Allocation Failure) 2024-10-07T05:54:02.919+0300: 953.174: [ParNew: 414328K->4301K(460096K), 0.0017201 secs] 420389K->10363K(2046080K), 0.0018073 secs] [Times: user=0.00 sys=0.00, real=0.00 secs] 
2024-10-07T05:54:02.919+0300: 953.176: Total time for which application threads were stopped: 0.0020495 seconds, Stopping threads took: 0.0001355 seconds
2024-10-07T05:54:03.500+0300: 953.742: Application time: 0.5666806 seconds
2024-10-07T05:54:03.500+0300: 953.743: [GC (Allocation Failure) 2024-10-07T05:54:03.500+0300: 953.743: [ParNew: 412750K->4286K(460096K), 0.0014685 secs] 418811K->10348K(2046080K), 0.0015478 secs] [Times: user=0.00 sys=0.00, real=0.00 secs] 
2024-10-07T05:54:03.500+0300: 953.744: Total time for which application threads were stopped: 0.0017809 seconds, Stopping threads took: 0.0001332 seconds
2024-10-07T05:54:04.049+0300: 954.300: Application time: 0.5562019 seconds
2024-10-07T05:54:04.049+0300: 954.301: [GC (Allocation Failure) 2024-10-07T05:54:04.049+0300: 954.301: [ParNew: 412935K->4303K(460096K), 0.0015691 secs] 418998K->10366K(2046080K), 0.0016539 secs] [Times: user=0.00 sys=0.00, real=0.00 secs] 
2024-10-07T05:54:04.049+0300: 954.302: Total time for which application threads were stopped: 0.0019568 seconds, Stopping threads took: 0.0001966 seconds
2024-10-07T05:54:04.614+0300: 954.867: Application time: 0.5646396 seconds
2024-10-07T05:54:04.614+0300: 954.867: [GC (Allocation Failure) 2024-10-07T05:54:04.614+0300: 954.867: [ParNew: 413327K->5308K(460096K), 0.0017300 secs] 419390K->11371K(2046080K), 0.0018174 secs] [Times: user=0.00 sys=0.00, real=0.00 secs] 
2024-10-07T05:54:04.614+0300: 954.869: Total time for which application threads were stopped: 0.0021387 seconds, Stopping threads took: 0.0002141 seconds
2024-10-07T05:54:05.179+0300: 955.428: Application time: 0.5585749 seconds
2024-10-07T05:54:05.179+0300: 955.428: [GC (Allocation Failure) 2024-10-07T05:54:05.179+0300: 955.428: [ParNew: 414310K->5306K(460096K), 0.0016906 secs] 420373K->11370K(2046080K), 0.0017652 secs] [Times: user=0.00 sys=0.00, real=0.00 secs] 
2024-10-07T05:54:05.179+0300: 955.430: Total time for which application threads were stopped: 0.0020078 seconds, Stopping threads took: 0.0001432 seconds
2024-10-07T05:54:05.743+0300: 955.992: Application time: 0.5620757 seconds
2024-10-07T05:54:05.743+0300: 955.992: [GC (Allocation Failure) 2024-10-07T05:54:05.743+0300: 955.992: [ParNew: 414330K->4300K(460096K), 0.0014417 secs] 420394K->10365K(2046080K), 0.0015215 secs] [Times: user=0.00 sys=0.00, real=0.00 secs] 
2024-10-07T05:54:05.743+0300: 955.994: Total time for which application threads were stopped: 0.0018637 seconds, Stopping threads took: 0.0002441 seconds
2024-10-07T05:54:06.308+0300: 956.554: Application time: 0.5601425 seconds
2024-10-07T05:54:06.308+0300: 956.554: [GC (Allocation Failure) 2024-10-07T05:54:06.308+0300: 956.554: [ParNew: 413324K->4302K(460096K), 0.0017071 secs] 419389K->10367K(2046080K), 0.0017920 secs] [Times: user=0.00 sys=0.00, real=0.00 secs] 
2024-10-07T05:54:06.308+0300: 956.556: Total time for which application threads were stopped: 0.0020569 seconds, Stopping threads took: 0.0001507 seconds
2024-10-07T05:54:06.873+0300: 957.118: Application time: 0.5617646 seconds
2024-10-07T05:54:06.873+0300: 957.118: [GC (Allocation Failure) 2024-10-07T05:54:06.873+0300: 957.118: [ParNew: 413326K->3272K(460096K), 0.0014034 secs] 419391K->9338K(2046080K), 0.0014739 secs] [Times: user=0.00 sys=0.00, real=0.00 secs] 
2024-10-07T05:54:06.873+0300: 957.119: Total time for which application threads were stopped: 0.0017349 seconds, Stopping threads took: 0.0001602 seconds
2024-10-07T05:54:07.438+0300: 957.681: Application time: 0.5615793 seconds
2024-10-07T05:54:07.438+0300: 957.681: [GC (Allocation Failure) 2024-10-07T05:54:07.438+0300: 957.681: [ParNew: 412296K->4298K(460096K), 0.0014797 secs] 418362K->10365K(2046080K), 0.0015862 secs] [Times: user=0.00 sys=0.00, real=0.00 secs] 
2024-10-07T05:54:07.438+0300: 957.683: Total time for which application threads were stopped: 0.0018958 seconds, Stopping threads took: 0.0001610 seconds
2024-10-07T05:54:08.001+0300: 958.245: Application time: 0.5616843 seconds
2024-10-07T05:54:08.001+0300: 958.245: [GC (Allocation Failure) 2024-10-07T05:54:08.001+0300: 958.245: [ParNew: 413322K->5302K(460096K), 0.0019148 secs] 419389K->11369K(2046080K), 0.0019970 secs] [Times: user=0.00 sys=0.00, real=0.00 secs] 
2024-10-07T05:54:08.004+0300: 958.247: Total time for which application threads were stopped: 0.0022473 seconds, Stopping threads took: 0.0001343 seconds
2024-10-07T05:54:08.553+0300: 958.809: Application time: 0.5624645 seconds
2024-10-07T05:54:08.553+0300: 958.810: [GC (Allocation Failure) 2024-10-07T05:54:08.553+0300: 958.810: [ParNew: 414326K->4317K(460096K), 0.0018424 secs] 420393K->10385K(2046080K), 0.0019139 secs] [Times: user=0.01 sys=0.00, real=0.02 secs] 
2024-10-07T05:54:08.569+0300: 958.812: Total time for which application threads were stopped: 0.0021934 seconds, Stopping threads took: 0.0001835 seconds
2024-10-07T05:54:09.119+0300: 959.372: Application time: 0.5607593 seconds
2024-10-07T05:54:09.119+0300: 959.373: [GC (Allocation Failure) 2024-10-07T05:54:09.119+0300: 959.373: [ParNew: 413341K->4280K(460096K), 0.0016284 secs] 419409K->10349K(2046080K), 0.0017103 secs] [Times: user=0.00 sys=0.00, real=0.00 secs] 
2024-10-07T05:54:09.119+0300: 959.374: Total time for which application threads were stopped: 0.0019705 seconds, Stopping threads took: 0.0001581 seconds
2024-10-07T05:54:09.684+0300: 959.937: Application time: 0.5630564 seconds
2024-10-07T05:54:09.684+0300: 959.938: [GC (Allocation Failure) 2024-10-07T05:54:09.684+0300: 959.938: [ParNew: 412672K->3259K(460096K), 0.0015288 secs] 418740K->9328K(2046080K), 0.0016057 secs] [Times: user=0.00 sys=0.00, real=0.00 secs] 
2024-10-07T05:54:09.684+0300: 959.939: Total time for which application threads were stopped: 0.0020129 seconds, Stopping threads took: 0.0002718 seconds
2024-10-07T05:54:10.249+0300: 960.498: Application time: 0.5588541 seconds
2024-10-07T05:54:10.249+0300: 960.498: [GC (Allocation Failure) 2024-10-07T05:54:10.249+0300: 960.498: [ParNew: 412151K->4284K(460096K), 0.0015581 secs] 418220K->10354K(2046080K), 0.0016376 secs] [Times: user=0.00 sys=0.00, real=0.00 secs] 
2024-10-07T05:54:10.249+0300: 960.500: Total time for which application threads were stopped: 0.0019481 seconds, Stopping threads took: 0.0001917 seconds
2024-10-07T05:54:10.814+0300: 961.062: Application time: 0.5623250 seconds
2024-10-07T05:54:10.814+0300: 961.063: [GC (Allocation Failure) 2024-10-07T05:54:10.814+0300: 961.063: [ParNew: 413105K->4301K(460096K), 0.0014802 secs] 419174K->10372K(2046080K), 0.0015436 secs] [Times: user=0.00 sys=0.00, real=0.00 secs] 
2024-10-07T05:54:10.814+0300: 961.064: Total time for which application threads were stopped: 0.0018075 seconds, Stopping threads took: 0.0001710 seconds
2024-10-07T05:54:11.379+0300: 961.629: Application time: 0.5649871 seconds
2024-10-07T05:54:11.379+0300: 961.630: [GC (Allocation Failure) 2024-10-07T05:54:11.379+0300: 961.630: [ParNew: 412545K->3290K(460096K), 0.0014715 secs] 418615K->9361K(2046080K), 0.0015616 secs] [Times: user=0.03 sys=0.00, real=0.00 secs] 
2024-10-07T05:54:11.379+0300: 961.631: Total time for which application threads were stopped: 0.0020021 seconds, Stopping threads took: 0.0003200 seconds
2024-10-07T05:54:11.944+0300: 962.186: Application time: 0.5551878 seconds
2024-10-07T05:54:11.944+0300: 962.187: [GC (Allocation Failure) 2024-10-07T05:54:11.944+0300: 962.187: [ParNew: 412314K->4281K(460096K), 0.0017761 secs] 418385K->10353K(2046080K), 0.0018513 secs] [Times: user=0.00 sys=0.00, real=0.00 secs] 
2024-10-07T05:54:11.944+0300: 962.189: Total time for which application threads were stopped: 0.0021060 seconds, Stopping threads took: 0.0001585 seconds
2024-10-07T05:54:12.510+0300: 962.755: Application time: 0.5659455 seconds
2024-10-07T05:54:12.510+0300: 962.755: [GC (Allocation Failure) 2024-10-07T05:54:12.510+0300: 962.755: [ParNew: 413305K->4301K(460096K), 0.0013505 secs] 419377K->10373K(2046080K), 0.0014193 secs] [Times: user=0.00 sys=0.00, real=0.00 secs] 
2024-10-07T05:54:12.510+0300: 962.756: Total time for which application threads were stopped: 0.0016442 seconds, Stopping threads took: 0.0001325 seconds
2024-10-07T05:54:13.058+0300: 963.311: Application time: 0.5553385 seconds
2024-10-07T05:54:13.058+0300: 963.312: [GC (Allocation Failure) 2024-10-07T05:54:13.058+0300: 963.312: [ParNew: 412974K->4296K(460096K), 0.0016243 secs] 419047K->10369K(2046080K), 0.0016962 secs] [Times: user=0.00 sys=0.00, real=0.00 secs] 
2024-10-07T05:54:13.058+0300: 963.313: Total time for which application threads were stopped: 0.0019530 seconds, Stopping threads took: 0.0001605 seconds
2024-10-07T05:54:13.624+0300: 963.877: Application time: 0.5636575 seconds
2024-10-07T05:54:13.624+0300: 963.877: [GC (Allocation Failure) 2024-10-07T05:54:13.624+0300: 963.877: [ParNew: 412567K->5304K(460096K), 0.0016258 secs] 418640K->11377K(2046080K), 0.0016994 secs] [Times: user=0.00 sys=0.00, real=0.00 secs] 
2024-10-07T05:54:13.624+0300: 963.879: Total time for which application threads were stopped: 0.0019772 seconds, Stopping threads took: 0.0001783 seconds
2024-10-07T05:54:14.188+0300: 964.437: Application time: 0.5574955 seconds
2024-10-07T05:54:14.188+0300: 964.437: [GC (Allocation Failure) 2024-10-07T05:54:14.188+0300: 964.437: [ParNew: 413402K->3278K(460096K), 0.0013674 secs] 419476K->9352K(2046080K), 0.0014289 secs] [Times: user=0.00 sys=0.00, real=0.01 secs] 
2024-10-07T05:54:14.197+0300: 964.438: Total time for which application threads were stopped: 0.0016748 seconds, Stopping threads took: 0.0001463 seconds
2024-10-07T05:54:14.754+0300: 965.001: Application time: 0.5629745 seconds
2024-10-07T05:54:14.754+0300: 965.002: [GC (Allocation Failure) 2024-10-07T05:54:14.754+0300: 965.002: [ParNew: 412302K->5303K(460096K), 0.0015944 secs] 418376K->11378K(2046080K), 0.0016769 secs] [Times: user=0.00 sys=0.00, real=0.00 secs] 
2024-10-07T05:54:14.754+0300: 965.003: Total time for which application threads were stopped: 0.0020113 seconds, Stopping threads took: 0.0002051 seconds
2024-10-07T05:54:15.316+0300: 965.559: Application time: 0.5554249 seconds
2024-10-07T05:54:15.316+0300: 965.559: [GC (Allocation Failure) 2024-10-07T05:54:15.316+0300: 965.559: [ParNew: 413657K->5308K(460096K), 0.0018788 secs] 419732K->11384K(2046080K), 0.0019675 secs] [Times: user=0.00 sys=0.00, real=0.00 secs] 
2024-10-07T05:54:15.319+0300: 965.561: Total time for which application threads were stopped: 0.0022476 seconds, Stopping threads took: 0.0001605 seconds
2024-10-07T05:54:15.868+0300: 966.123: Application time: 0.5625523 seconds
2024-10-07T05:54:15.868+0300: 966.124: [GC (Allocation Failure) 2024-10-07T05:54:15.883+0300: 966.126: [ParNew: 413372K->4284K(460096K), 0.0023379 secs] 419447K->10360K(2046080K), 0.0045548 secs] [Times: user=0.02 sys=0.00, real=0.01 secs] 
2024-10-07T05:54:15.883+0300: 966.128: Total time for which application threads were stopped: 0.0048797 seconds, Stopping threads took: 0.0002188 seconds
2024-10-07T05:54:16.449+0300: 966.692: Application time: 0.5640394 seconds
2024-10-07T05:54:16.449+0300: 966.693: [GC (Allocation Failure) 2024-10-07T05:54:16.449+0300: 966.693: [ParNew: 413308K->5306K(460096K), 0.0017343 secs] 419384K->11383K(2046080K), 0.0018127 secs] [Times: user=0.00 sys=0.00, real=0.00 secs] 
2024-10-07T05:54:16.449+0300: 966.695: Total time for which application threads were stopped: 0.0020938 seconds, Stopping threads took: 0.0001662 seconds
2024-10-07T05:54:16.999+0300: 967.251: Application time: 0.5566432 seconds
2024-10-07T05:54:16.999+0300: 967.251: [GC (Allocation Failure) 2024-10-07T05:54:16.999+0300: 967.251: [ParNew: 414330K->5306K(460096K), 0.0016484 secs] 420407K->11383K(2046080K), 0.0017366 secs] [Times: user=0.00 sys=0.00, real=0.00 secs] 
2024-10-07T05:54:16.999+0300: 967.253: Total time for which application threads were stopped: 0.0020369 seconds, Stopping threads took: 0.0001896 seconds
2024-10-07T05:54:17.564+0300: 967.818: Application time: 0.5645182 seconds
2024-10-07T05:54:17.564+0300: 967.818: [GC (Allocation Failure) 2024-10-07T05:54:17.564+0300: 967.818: [ParNew: 413901K->5304K(460096K), 0.0017255 secs] 419979K->11382K(2046080K), 0.0018079 secs] [Times: user=0.00 sys=0.00, real=0.00 secs] 
2024-10-07T05:54:17.564+0300: 967.820: Total time for which application threads were stopped: 0.0020855 seconds, Stopping threads took: 0.0001790 seconds
2024-10-07T05:54:18.130+0300: 968.378: Application time: 0.5584117 seconds
2024-10-07T05:54:18.130+0300: 968.378: [GC (Allocation Failure) 2024-10-07T05:54:18.130+0300: 968.379: [ParNew: 414328K->4286K(460096K), 0.0015886 secs] 420406K->10365K(2046080K), 0.0016770 secs] [Times: user=0.00 sys=0.00, real=0.00 secs] 
2024-10-07T05:54:18.130+0300: 968.380: Total time for which application threads were stopped: 0.0019727 seconds, Stopping threads took: 0.0001873 seconds
2024-10-07T05:54:18.694+0300: 968.942: Application time: 0.5616349 seconds
2024-10-07T05:54:18.694+0300: 968.942: [GC (Allocation Failure) 2024-10-07T05:54:18.694+0300: 968.942: [ParNew: 412509K->4283K(460096K), 0.0015852 secs] 418588K->10363K(2046080K), 0.0016710 secs] [Times: user=0.00 sys=0.00, real=0.00 secs] 
2024-10-07T05:54:18.694+0300: 968.944: Total time for which application threads were stopped: 0.0019286 seconds, Stopping threads took: 0.0001370 seconds
2024-10-07T05:54:19.260+0300: 969.502: Application time: 0.5580798 seconds
2024-10-07T05:54:19.260+0300: 969.502: [GC (Allocation Failure) 2024-10-07T05:54:19.260+0300: 969.502: [ParNew: 413173K->2258K(460096K), 0.0012184 secs] 419252K->8337K(2046080K), 0.0013198 secs] [Times: user=0.00 sys=0.00, real=0.00 secs] 
2024-10-07T05:54:19.260+0300: 969.503: Total time for which application threads were stopped: 0.0016062 seconds, Stopping threads took: 0.0001631 seconds
2024-10-07T05:54:19.825+0300: 970.068: Application time: 0.5649800 seconds
2024-10-07T05:54:19.825+0300: 970.069: [GC (Allocation Failure) 2024-10-07T05:54:19.825+0300: 970.069: [ParNew: 411282K->3253K(460096K), 0.0012849 secs] 417361K->9333K(2046080K), 0.0013540 secs] [Times: user=0.00 sys=0.00, real=0.00 secs] 
2024-10-07T05:54:19.825+0300: 970.070: Total time for which application threads were stopped: 0.0016092 seconds, Stopping threads took: 0.0001508 seconds
2024-10-07T05:54:20.390+0300: 970.632: Application time: 0.5618772 seconds
2024-10-07T05:54:20.390+0300: 970.632: [GC (Allocation Failure) 2024-10-07T05:54:20.390+0300: 970.632: [ParNew: 412277K->4286K(460096K), 0.0015038 secs] 418357K->10367K(2046080K), 0.0015790 secs] [Times: user=0.00 sys=0.00, real=0.00 secs] 
2024-10-07T05:54:20.390+0300: 970.634: Total time for which application threads were stopped: 0.0018646 seconds, Stopping threads took: 0.0001619 seconds
2024-10-07T05:54:20.939+0300: 971.189: Application time: 0.5547888 seconds
2024-10-07T05:54:20.939+0300: 971.189: [GC (Allocation Failure) 2024-10-07T05:54:20.939+0300: 971.189: [ParNew: 412687K->5309K(460096K), 0.0016634 secs] 418768K->11391K(2046080K), 0.0017344 secs] [Times: user=0.00 sys=0.00, real=0.00 secs] 
2024-10-07T05:54:20.939+0300: 971.191: Total time for which application threads were stopped: 0.0020351 seconds, Stopping threads took: 0.0002019 seconds
2024-10-07T05:54:21.504+0300: 971.755: Application time: 0.5646806 seconds
2024-10-07T05:54:21.504+0300: 971.756: [GC (Allocation Failure) 2024-10-07T05:54:21.504+0300: 971.756: [ParNew: 413844K->5304K(460096K), 0.0016277 secs] 419926K->11386K(2046080K), 0.0017411 secs] [Times: user=0.02 sys=0.00, real=0.00 secs] 
2024-10-07T05:54:21.504+0300: 971.757: Total time for which application threads were stopped: 0.0020834 seconds, Stopping threads took: 0.0001785 seconds
2024-10-07T05:54:22.068+0300: 972.317: Application time: 0.5601002 seconds
2024-10-07T05:54:22.068+0300: 972.318: [GC (Allocation Failure) 2024-10-07T05:54:22.068+0300: 972.318: [ParNew: 413877K->4284K(460096K), 0.0014822 secs] 419959K->10367K(2046080K), 0.0015645 secs] [Times: user=0.00 sys=0.00, real=0.00 secs] 
2024-10-07T05:54:22.068+0300: 972.319: Total time for which application threads were stopped: 0.0018206 seconds, Stopping threads took: 0.0001438 seconds
2024-10-07T05:54:22.634+0300: 972.882: Application time: 0.5628867 seconds
2024-10-07T05:54:22.634+0300: 972.883: [GC (Allocation Failure) 2024-10-07T05:54:22.634+0300: 972.883: [ParNew: 413135K->4298K(460096K), 0.0014635 secs] 419218K->10382K(2046080K), 0.0015661 secs] [Times: user=0.00 sys=0.00, real=0.00 secs] 
2024-10-07T05:54:22.634+0300: 972.884: Total time for which application threads were stopped: 0.0020465 seconds, Stopping threads took: 0.0003416 seconds
2024-10-07T05:54:23.199+0300: 973.444: Application time: 0.5600577 seconds
2024-10-07T05:54:23.199+0300: 973.445: [GC (Allocation Failure) 2024-10-07T05:54:23.199+0300: 973.445: [ParNew: 413322K->4298K(460096K), 0.0015652 secs] 419406K->10383K(2046080K), 0.0016430 secs] [Times: user=0.00 sys=0.00, real=0.00 secs] 
2024-10-07T05:54:23.199+0300: 973.446: Total time for which application threads were stopped: 0.0019208 seconds, Stopping threads took: 0.0001780 seconds
2024-10-07T05:54:23.764+0300: 974.009: Application time: 0.5632273 seconds
2024-10-07T05:54:23.764+0300: 974.010: [GC (Allocation Failure) 2024-10-07T05:54:23.764+0300: 974.010: [ParNew: 412322K->5304K(460096K), 0.0020219 secs] 418406K->11389K(2046080K), 0.0020932 secs] [Times: user=0.00 sys=0.00, real=0.00 secs] 
2024-10-07T05:54:23.764+0300: 974.012: Total time for which application threads were stopped: 0.0023253 seconds, Stopping threads took: 0.0001315 seconds
2024-10-07T05:54:24.329+0300: 974.572: Application time: 0.5601898 seconds
2024-10-07T05:54:24.329+0300: 974.572: [GC (Allocation Failure) 2024-10-07T05:54:24.329+0300: 974.572: [ParNew: 413376K->5306K(460096K), 0.0019733 secs] 419461K->11392K(2046080K), 0.0020594 secs] [Times: user=0.00 sys=0.00, real=0.00 secs] 
2024-10-07T05:54:24.329+0300: 974.574: Total time for which application threads were stopped: 0.0023658 seconds, Stopping threads took: 0.0001896 seconds
2024-10-07T05:54:24.884+0300: 975.135: Application time: 0.5603232 seconds
2024-10-07T05:54:24.884+0300: 975.135: [GC (Allocation Failure) 2024-10-07T05:54:24.884+0300: 975.135: [ParNew: 413992K->5304K(460096K), 0.0018568 secs] 420077K->11390K(2046080K), 0.0019402 secs] [Times: user=0.02 sys=0.00, real=0.01 secs] 
2024-10-07T05:54:24.894+0300: 975.137: Total time for which application threads were stopped: 0.0022656 seconds, Stopping threads took: 0.0002207 seconds
2024-10-07T05:54:25.459+0300: 975.704: Application time: 0.5669152 seconds
2024-10-07T05:54:25.459+0300: 975.704: [GC (Allocation Failure) 2024-10-07T05:54:25.459+0300: 975.704: [ParNew: 414328K->2257K(460096K), 0.0012298 secs] 420414K->8344K(2046080K), 0.0013099 secs] [Times: user=0.00 sys=0.00, real=0.00 secs] 
2024-10-07T05:54:25.459+0300: 975.705: Total time for which application threads were stopped: 0.0015796 seconds, Stopping threads took: 0.0001596 seconds
2024-10-07T05:54:26.008+0300: 976.260: Application time: 0.5540704 seconds
2024-10-07T05:54:26.008+0300: 976.260: [GC (Allocation Failure) 2024-10-07T05:54:26.008+0300: 976.260: [ParNew: 410333K->5307K(460096K), 0.0015952 secs] 416420K->11394K(2046080K), 0.0016717 secs] [Times: user=0.00 sys=0.00, real=0.00 secs] 
2024-10-07T05:54:26.008+0300: 976.261: Total time for which application threads were stopped: 0.0019380 seconds, Stopping threads took: 0.0001643 seconds
2024-10-07T05:54:26.572+0300: 976.825: Application time: 0.5635110 seconds
2024-10-07T05:54:26.572+0300: 976.825: [GC (Allocation Failure) 2024-10-07T05:54:26.572+0300: 976.825: [ParNew: 414015K->5308K(460096K), 0.0016673 secs] 420103K->11396K(2046080K), 0.0017415 secs] [Times: user=0.00 sys=0.00, real=0.00 secs] 
2024-10-07T05:54:26.572+0300: 976.827: Total time for which application threads were stopped: 0.0020410 seconds, Stopping threads took: 0.0002012 seconds
2024-10-07T05:54:27.140+0300: 977.386: Application time: 0.5588165 seconds
2024-10-07T05:54:27.140+0300: 977.386: [GC (Allocation Failure) 2024-10-07T05:54:27.140+0300: 977.386: [ParNew: 414332K->4296K(460096K), 0.0014288 secs] 420420K->10385K(2046080K), 0.0015143 secs] [Times: user=0.00 sys=0.00, real=0.00 secs] 
2024-10-07T05:54:27.140+0300: 977.388: Total time for which application threads were stopped: 0.0017999 seconds, Stopping threads took: 0.0001747 seconds
2024-10-07T05:54:27.703+0300: 977.955: Application time: 0.5674218 seconds
2024-10-07T05:54:27.703+0300: 977.955: [GC (Allocation Failure) 2024-10-07T05:54:27.703+0300: 977.955: [ParNew: 413320K->3275K(460096K), 0.0016045 secs] 419409K->9364K(2046080K), 0.0016894 secs] [Times: user=0.01 sys=0.00, real=0.00 secs] 
2024-10-07T05:54:27.703+0300: 977.957: Total time for which application threads were stopped: 0.0019686 seconds, Stopping threads took: 0.0001737 seconds
2024-10-07T05:54:28.267+0300: 978.514: Application time: 0.5570408 seconds
2024-10-07T05:54:28.267+0300: 978.514: [GC (Allocation Failure) 2024-10-07T05:54:28.267+0300: 978.514: [ParNew: 412299K->5304K(460096K), 0.0016964 secs] 418388K->11394K(2046080K), 0.0017745 secs] [Times: user=0.02 sys=0.00, real=0.00 secs] 
2024-10-07T05:54:28.267+0300: 978.516: Total time for which application threads were stopped: 0.0020770 seconds, Stopping threads took: 0.0002035 seconds
2024-10-07T05:54:28.408+0300: 978.660: Application time: 0.1440599 seconds
2024-10-07T05:54:28.408+0300: 978.661: Total time for which application threads were stopped: 0.0003113 seconds, Stopping threads took: 0.0001857 seconds
2024-10-07T05:54:28.582+0300: 978.837: Application time: 0.1768865 seconds
2024-10-07T05:54:28.613+0300: 978.854: Total time for which application threads were stopped: 0.0167171 seconds, Stopping threads took: 0.0166518 seconds
2024-10-07T05:54:28.911+0300: 979.164: Application time: 0.3095687 seconds
2024-10-07T05:54:28.911+0300: 979.164: [GC (Allocation Failure) 2024-10-07T05:54:28.911+0300: 979.164: [ParNew: 413917K->5312K(460096K), 0.0015628 secs] 420007K->11403K(2046080K), 0.0016491 secs] [Times: user=0.00 sys=0.00, real=0.00 secs] 
2024-10-07T05:54:28.911+0300: 979.166: Total time for which application threads were stopped: 0.0019323 seconds, Stopping threads took: 0.0001643 seconds
2024-10-07T05:54:29.476+0300: 979.723: Application time: 0.5575034 seconds
2024-10-07T05:54:29.476+0300: 979.723: [GC (Allocation Failure) 2024-10-07T05:54:29.476+0300: 979.723: [ParNew: 413716K->4304K(460096K), 0.0014710 secs] 419807K->10395K(2046080K), 0.0015569 secs] [Times: user=0.00 sys=0.00, real=0.00 secs] 
2024-10-07T05:54:29.476+0300: 979.725: Total time for which application threads were stopped: 0.0019030 seconds, Stopping threads took: 0.0002145 seconds
2024-10-07T05:54:30.025+0300: 980.280: Application time: 0.5550087 seconds
2024-10-07T05:54:30.025+0300: 980.280: [GC (Allocation Failure) 2024-10-07T05:54:30.025+0300: 980.280: [ParNew: 413328K->2289K(460096K), 0.0011898 secs] 419419K->8380K(2046080K), 0.0012586 secs] [Times: user=0.00 sys=0.00, real=0.00 secs] 
2024-10-07T05:54:30.025+0300: 980.282: Total time for which application threads were stopped: 0.0015650 seconds, Stopping threads took: 0.0002100 seconds
2024-10-07T05:54:30.590+0300: 980.847: Application time: 0.5652325 seconds
2024-10-07T05:54:30.590+0300: 980.847: [GC (Allocation Failure) 2024-10-07T05:54:30.590+0300: 980.847: [ParNew: 411313K->3284K(460096K), 0.0015136 secs] 417404K->9377K(2046080K), 0.0015817 secs] [Times: user=0.00 sys=0.00, real=0.02 secs] 
2024-10-07T05:54:30.606+0300: 980.849: Total time for which application threads were stopped: 0.0018735 seconds, Stopping threads took: 0.0001951 seconds
2024-10-07T05:54:31.156+0300: 981.408: Application time: 0.5591279 seconds
2024-10-07T05:54:31.156+0300: 981.408: [GC (Allocation Failure) 2024-10-07T05:54:31.156+0300: 981.408: [ParNew: 412308K->2246K(460096K), 0.0013344 secs] 418401K->8339K(2046080K), 0.0014143 secs] [Times: user=0.00 sys=0.00, real=0.00 secs] 
2024-10-07T05:54:31.156+0300: 981.410: Total time for which application threads were stopped: 0.0016944 seconds, Stopping threads took: 0.0001675 seconds
2024-10-07T05:54:31.720+0300: 981.969: Application time: 0.5589583 seconds
2024-10-07T05:54:31.720+0300: 981.969: [GC (Allocation Failure) 2024-10-07T05:54:31.720+0300: 981.969: [ParNew: 410569K->4290K(460096K), 0.0015479 secs] 416662K->10383K(2046080K), 0.0016255 secs] [Times: user=0.00 sys=0.00, real=0.00 secs] 
2024-10-07T05:54:31.720+0300: 981.970: Total time for which application threads were stopped: 0.0018825 seconds, Stopping threads took: 0.0001587 seconds
2024-10-07T05:54:32.285+0300: 982.529: Application time: 0.5582720 seconds
2024-10-07T05:54:32.285+0300: 982.529: [GC (Allocation Failure) 2024-10-07T05:54:32.285+0300: 982.529: [ParNew: 413067K->5307K(460096K), 0.0016647 secs] 419161K->11406K(2046080K), 0.0017377 secs] [Times: user=0.00 sys=0.00, real=0.00 secs] 
2024-10-07T05:54:32.285+0300: 982.531: Total time for which application threads were stopped: 0.0019890 seconds, Stopping threads took: 0.0001532 seconds
2024-10-07T05:54:32.852+0300: 983.094: Application time: 0.5630174 seconds
2024-10-07T05:54:32.852+0300: 983.094: [GC (Allocation Failure) 2024-10-07T05:54:32.852+0300: 983.094: [ParNew: 414331K->5306K(460096K), 0.0014679 secs] 420430K->11405K(2046080K), 0.0015463 secs] [Times: user=0.00 sys=0.00, real=0.00 secs] 
2024-10-07T05:54:32.852+0300: 983.096: Total time for which application threads were stopped: 0.0018418 seconds, Stopping threads took: 0.0001918 seconds
2024-10-07T05:54:33.416+0300: 983.663: Application time: 0.5670487 seconds
2024-10-07T05:54:33.416+0300: 983.663: [GC (Allocation Failure) 2024-10-07T05:54:33.416+0300: 983.663: [ParNew: 413752K->4278K(460096K), 0.0014155 secs] 419852K->10378K(2046080K), 0.0014874 secs] [Times: user=0.00 sys=0.00, real=0.00 secs] 
2024-10-07T05:54:33.416+0300: 983.664: Total time for which application threads were stopped: 0.0017057 seconds, Stopping threads took: 0.0001008 seconds
2024-10-07T05:54:33.981+0300: 984.223: Application time: 0.5583413 seconds
2024-10-07T05:54:33.981+0300: 984.223: [GC (Allocation Failure) 2024-10-07T05:54:33.981+0300: 984.223: [ParNew: 413302K->4286K(460096K), 0.0014733 secs] 419402K->10387K(2046080K), 0.0015503 secs] [Times: user=0.00 sys=0.00, real=0.00 secs] 
2024-10-07T05:54:33.981+0300: 984.224: Total time for which application threads were stopped: 0.0018423 seconds, Stopping threads took: 0.0001901 seconds
2024-10-07T05:54:34.531+0300: 984.787: Application time: 0.5621141 seconds
2024-10-07T05:54:34.531+0300: 984.787: [GC (Allocation Failure) 2024-10-07T05:54:34.531+0300: 984.787: [ParNew: 412752K->5309K(460096K), 0.0016603 secs] 418853K->11410K(2046080K), 0.0017516 secs] [Times: user=0.02 sys=0.00, real=0.02 secs] 
2024-10-07T05:54:34.546+0300: 984.789: Total time for which application threads were stopped: 0.0021830 seconds, Stopping threads took: 0.0002940 seconds
2024-10-07T05:54:35.096+0300: 985.350: Application time: 0.5611499 seconds
2024-10-07T05:54:35.096+0300: 985.350: [GC (Allocation Failure) 2024-10-07T05:54:35.096+0300: 985.350: [ParNew: 414204K->3262K(460096K), 0.0012438 secs] 420306K->9364K(2046080K), 0.0013152 secs] [Times: user=0.00 sys=0.00, real=0.00 secs] 
2024-10-07T05:54:35.096+0300: 985.352: Total time for which application threads were stopped: 0.0016312 seconds, Stopping threads took: 0.0002095 seconds
2024-10-07T05:54:35.661+0300: 985.917: Application time: 0.5649452 seconds
2024-10-07T05:54:35.661+0300: 985.917: [GC (Allocation Failure) 2024-10-07T05:54:35.661+0300: 985.917: [ParNew: 412286K->4287K(460096K), 0.0017026 secs] 418388K->10389K(2046080K), 0.0017842 secs] [Times: user=0.02 sys=0.00, real=0.02 secs] 
2024-10-07T05:54:35.677+0300: 985.919: Total time for which application threads were stopped: 0.0020856 seconds, Stopping threads took: 0.0001688 seconds
2024-10-07T05:54:36.226+0300: 986.479: Application time: 0.5606122 seconds
2024-10-07T05:54:36.226+0300: 986.479: [GC (Allocation Failure) 2024-10-07T05:54:36.226+0300: 986.480: [ParNew: 413311K->2243K(460096K), 0.0010806 secs] 419413K->8346K(2046080K), 0.0011425 secs] [Times: user=0.00 sys=0.00, real=0.00 secs] 
2024-10-07T05:54:36.226+0300: 986.481: Total time for which application threads were stopped: 0.0014110 seconds, Stopping threads took: 0.0001751 seconds
2024-10-07T05:54:36.791+0300: 987.045: Application time: 0.5639387 seconds
2024-10-07T05:54:36.791+0300: 987.045: [GC (Allocation Failure) 2024-10-07T05:54:36.791+0300: 987.045: [ParNew: 411267K->4308K(460096K), 0.0013629 secs] 417370K->10411K(2046080K), 0.0014505 secs] [Times: user=0.00 sys=0.00, real=0.00 secs] 
2024-10-07T05:54:36.791+0300: 987.046: Total time for which application threads were stopped: 0.0017831 seconds, Stopping threads took: 0.0002018 seconds
2024-10-07T05:54:37.361+0300: 987.609: Application time: 0.5621467 seconds
2024-10-07T05:54:37.361+0300: 987.609: [GC (Allocation Failure) 2024-10-07T05:54:37.361+0300: 987.609: [ParNew: 412874K->5304K(460096K), 0.0017692 secs] 418978K->11408K(2046080K), 0.0018444 secs] [Times: user=0.00 sys=0.00, real=0.00 secs] 
2024-10-07T05:54:37.361+0300: 987.611: Total time for which application threads were stopped: 0.0021410 seconds, Stopping threads took: 0.0001953 seconds
2024-10-07T05:54:37.921+0300: 988.165: Application time: 0.5547437 seconds
2024-10-07T05:54:37.921+0300: 988.166: [GC (Allocation Failure) 2024-10-07T05:54:37.921+0300: 988.166: [ParNew: 413544K->5306K(460096K), 0.0015793 secs] 419649K->11411K(2046080K), 0.0016464 secs] [Times: user=0.00 sys=0.00, real=0.00 secs] 
2024-10-07T05:54:37.921+0300: 988.167: Total time for which application threads were stopped: 0.0018702 seconds, Stopping threads took: 0.0001248 seconds
2024-10-07T05:54:38.486+0300: 988.732: Application time: 0.5645707 seconds
2024-10-07T05:54:38.486+0300: 988.732: [GC (Allocation Failure) 2024-10-07T05:54:38.486+0300: 988.732: [ParNew: 413852K->4283K(460096K), 0.0017520 secs] 419957K->10389K(2046080K), 0.0018434 secs] [Times: user=0.00 sys=0.00, real=0.00 secs] 
2024-10-07T05:54:38.486+0300: 988.734: Total time for which application threads were stopped: 0.0021812 seconds, Stopping threads took: 0.0002113 seconds
2024-10-07T05:54:39.051+0300: 989.294: Application time: 0.5602523 seconds
2024-10-07T05:54:39.051+0300: 989.295: [GC (Allocation Failure) 2024-10-07T05:54:39.051+0300: 989.295: [ParNew: 413179K->4300K(460096K), 0.0015565 secs] 419285K->10406K(2046080K), 0.0016359 secs] [Times: user=0.00 sys=0.00, real=0.00 secs] 
2024-10-07T05:54:39.051+0300: 989.296: Total time for which application threads were stopped: 0.0019021 seconds, Stopping threads took: 0.0001634 seconds
2024-10-07T05:54:39.600+0300: 989.854: Application time: 0.5578924 seconds
2024-10-07T05:54:39.600+0300: 989.854: [GC (Allocation Failure) 2024-10-07T05:54:39.600+0300: 989.854: [ParNew: 412443K->4282K(460096K), 0.0014885 secs] 418549K->10389K(2046080K), 0.0015683 secs] [Times: user=0.00 sys=0.00, real=0.00 secs] 
2024-10-07T05:54:39.600+0300: 989.856: Total time for which application threads were stopped: 0.0018763 seconds, Stopping threads took: 0.0002035 seconds
2024-10-07T05:54:40.167+0300: 990.417: Application time: 0.5609906 seconds
2024-10-07T05:54:40.167+0300: 990.417: [GC (Allocation Failure) 2024-10-07T05:54:40.167+0300: 990.417: [ParNew: 412331K->3278K(460096K), 0.0013700 secs] 418438K->9385K(2046080K), 0.0014598 secs] [Times: user=0.00 sys=0.00, real=0.00 secs] 
2024-10-07T05:54:40.167+0300: 990.419: Total time for which application threads were stopped: 0.0017105 seconds, Stopping threads took: 0.0001468 seconds
2024-10-07T05:54:40.745+0300: 990.994: Application time: 0.5751033 seconds
2024-10-07T05:54:40.745+0300: 990.994: [GC (Allocation Failure) 2024-10-07T05:54:40.745+0300: 990.994: [ParNew: 411913K->4299K(460096K), 0.0014662 secs] 418021K->10407K(2046080K), 0.0015537 secs] [Times: user=0.00 sys=0.00, real=0.00 secs] 
2024-10-07T05:54:40.745+0300: 990.996: Total time for which application threads were stopped: 0.0017892 seconds, Stopping threads took: 0.0001232 seconds
2024-10-07T05:54:41.311+0300: 991.562: Application time: 0.5660382 seconds
2024-10-07T05:54:41.311+0300: 991.562: [GC (Allocation Failure) 2024-10-07T05:54:41.311+0300: 991.562: [ParNew: 412653K->5307K(460096K), 0.0018509 secs] 418761K->11416K(2046080K), 0.0019402 secs] [Times: user=0.03 sys=0.00, real=0.00 secs] 
2024-10-07T05:54:41.311+0300: 991.564: Total time for which application threads were stopped: 0.0023600 seconds, Stopping threads took: 0.0003121 seconds
2024-10-07T05:54:41.876+0300: 992.126: Application time: 0.5620179 seconds
2024-10-07T05:54:41.876+0300: 992.126: [GC (Allocation Failure) 2024-10-07T05:54:41.876+0300: 992.126: [ParNew: 413600K->4283K(460096K), 0.0015621 secs] 419708K->10393K(2046080K), 0.0016713 secs] [Times: user=0.00 sys=0.00, real=0.00 secs] 
2024-10-07T05:54:41.876+0300: 992.128: Total time for which application threads were stopped: 0.0019188 seconds, Stopping threads took: 0.0001243 seconds
2024-10-07T05:54:42.456+0300: 992.704: Application time: 0.5758335 seconds
2024-10-07T05:54:42.456+0300: 992.704: [GC (Allocation Failure) 2024-10-07T05:54:42.456+0300: 992.704: [ParNew: 412662K->3258K(460096K), 0.0013073 secs] 418771K->9368K(2046080K), 0.0013876 secs] [Times: user=0.02 sys=0.00, real=0.00 secs] 
2024-10-07T05:54:42.456+0300: 992.706: Total time for which application threads were stopped: 0.0017748 seconds, Stopping threads took: 0.0002580 seconds
2024-10-07T05:54:43.022+0300: 993.273: Application time: 0.5677510 seconds
2024-10-07T05:54:43.022+0300: 993.274: [GC (Allocation Failure) 2024-10-07T05:54:43.022+0300: 993.274: [ParNew: 411582K->4280K(460096K), 0.0013839 secs] 417692K->10391K(2046080K), 0.0014822 secs] [Times: user=0.00 sys=0.00, real=0.00 secs] 
2024-10-07T05:54:43.022+0300: 993.275: Total time for which application threads were stopped: 0.0017784 seconds, Stopping threads took: 0.0001704 seconds
2024-10-07T05:54:43.587+0300: 993.842: Application time: 0.5665680 seconds
2024-10-07T05:54:43.587+0300: 993.842: [GC (Allocation Failure) 2024-10-07T05:54:43.587+0300: 993.842: [ParNew: 412784K->4282K(460096K), 0.0016186 secs] 418895K->10393K(2046080K), 0.0016952 secs] [Times: user=0.00 sys=0.00, real=0.00 secs] 
2024-10-07T05:54:43.587+0300: 993.844: Total time for which application threads were stopped: 0.0019685 seconds, Stopping threads took: 0.0001486 seconds
2024-10-07T05:54:44.152+0300: 994.406: Application time: 0.5621323 seconds
2024-10-07T05:54:44.152+0300: 994.406: [GC (Allocation Failure) 2024-10-07T05:54:44.152+0300: 994.406: [ParNew: 413306K->5304K(460096K), 0.0015711 secs] 419417K->11416K(2046080K), 0.0016428 secs] [Times: user=0.02 sys=0.01, real=0.00 secs] 
2024-10-07T05:54:44.152+0300: 994.408: Total time for which application threads were stopped: 0.0018917 seconds, Stopping threads took: 0.0001377 seconds
2024-10-07T05:54:44.732+0300: 994.976: Application time: 0.5688495 seconds
2024-10-07T05:54:44.732+0300: 994.977: [GC (Allocation Failure) 2024-10-07T05:54:44.732+0300: 994.977: [ParNew: 414328K->4299K(460096K), 0.0016115 secs] 420440K->10411K(2046080K), 0.0016792 secs] [Times: user=0.00 sys=0.00, real=0.00 secs] 
2024-10-07T05:54:44.732+0300: 994.978: Total time for which application threads were stopped: 0.0018869 seconds, Stopping threads took: 0.0001081 seconds
2024-10-07T05:54:45.297+0300: 995.539: Application time: 0.5606529 seconds
2024-10-07T05:54:45.297+0300: 995.539: [GC (Allocation Failure) 2024-10-07T05:54:45.297+0300: 995.539: [ParNew: 412416K->4283K(460096K), 0.0017691 secs] 418528K->10396K(2046080K), 0.0018409 secs] [Times: user=0.00 sys=0.00, real=0.00 secs] 
2024-10-07T05:54:45.297+0300: 995.541: Total time for which application threads were stopped: 0.0021161 seconds, Stopping threads took: 0.0001669 seconds
2024-10-07T05:54:45.863+0300: 996.108: Application time: 0.5668185 seconds
2024-10-07T05:54:45.863+0300: 996.108: [GC (Allocation Failure) 2024-10-07T05:54:45.863+0300: 996.108: [ParNew: 413091K->5304K(460096K), 0.0018508 secs] 419204K->11418K(2046080K), 0.0019393 secs] [Times: user=0.02 sys=0.00, real=0.00 secs] 
2024-10-07T05:54:45.863+0300: 996.110: Total time for which application threads were stopped: 0.0023124 seconds, Stopping threads took: 0.0002441 seconds
2024-10-07T05:54:46.428+0300: 996.680: Application time: 0.5692704 seconds
2024-10-07T05:54:46.428+0300: 996.680: [GC (Allocation Failure) 2024-10-07T05:54:46.428+0300: 996.680: [ParNew: 414328K->3262K(460096K), 0.0014959 secs] 420442K->9376K(2046080K), 0.0016135 secs] [Times: user=0.00 sys=0.00, real=0.00 secs] 
2024-10-07T05:54:46.428+0300: 996.681: Total time for which application threads were stopped: 0.0018777 seconds, Stopping threads took: 0.0001345 seconds
2024-10-07T05:54:46.993+0300: 997.238: Application time: 0.5561482 seconds
2024-10-07T05:54:46.993+0300: 997.238: [GC (Allocation Failure) 2024-10-07T05:54:46.993+0300: 997.238: [ParNew: 411978K->5304K(460096K), 0.0018868 secs] 418093K->11419K(2046080K), 0.0020095 secs] [Times: user=0.00 sys=0.00, real=0.00 secs] 
2024-10-07T05:54:46.993+0300: 997.240: Total time for which application threads were stopped: 0.0022947 seconds, Stopping threads took: 0.0001385 seconds
2024-10-07T05:54:47.558+0300: 997.803: Application time: 0.5634137 seconds
2024-10-07T05:54:47.558+0300: 997.804: [GC (Allocation Failure) 2024-10-07T05:54:47.558+0300: 997.804: [ParNew: 413555K->5308K(460096K), 0.0017857 secs] 419670K->11424K(2046080K), 0.0018691 secs] [Times: user=0.00 sys=0.00, real=0.00 secs] 
2024-10-07T05:54:47.558+0300: 997.805: Total time for which application threads were stopped: 0.0021408 seconds, Stopping threads took: 0.0001697 seconds
2024-10-07T05:54:48.108+0300: 998.363: Application time: 0.5579027 seconds
2024-10-07T05:54:48.108+0300: 998.364: [GC (Allocation Failure) 2024-10-07T05:54:48.108+0300: 998.364: [ParNew: 413836K->4282K(460096K), 0.0019356 secs] 419952K->10398K(2046080K), 0.0020119 secs] [Times: user=0.02 sys=0.00, real=0.01 secs] 
2024-10-07T05:54:48.123+0300: 998.366: Total time for which application threads were stopped: 0.0023239 seconds, Stopping threads took: 0.0002049 seconds
2024-10-07T05:54:48.683+0300: 998.930: Application time: 0.5647132 seconds
2024-10-07T05:54:48.689+0300: 998.931: [GC (Allocation Failure) 2024-10-07T05:54:48.689+0300: 998.931: [ParNew: 413306K->4281K(460096K), 0.0016197 secs] 419422K->10398K(2046080K), 0.0017346 secs] [Times: user=0.02 sys=0.00, real=0.00 secs] 
2024-10-07T05:54:48.689+0300: 998.933: Total time for which application threads were stopped: 0.0021345 seconds, Stopping threads took: 0.0002418 seconds
2024-10-07T05:54:49.244+0300: 999.492: Application time: 0.5591894 seconds
2024-10-07T05:54:49.244+0300: 999.492: [GC (Allocation Failure) 2024-10-07T05:54:49.244+0300: 999.492: [ParNew: 412535K->4296K(460096K), 0.0015605 secs] 418652K->10414K(2046080K), 0.0016374 secs] [Times: user=0.00 sys=0.00, real=0.00 secs] 
2024-10-07T05:54:49.244+0300: 999.494: Total time for which application threads were stopped: 0.0019161 seconds, Stopping threads took: 0.0001694 seconds
2024-10-07T05:54:49.804+0300: 1000.055: Application time: 0.5614066 seconds
2024-10-07T05:54:49.804+0300: 1000.055: [GC (Allocation Failure) 2024-10-07T05:54:49.804+0300: 1000.055: [ParNew: 412949K->4280K(460096K), 0.0016819 secs] 419067K->10398K(2046080K), 0.0017566 secs] [Times: user=0.00 sys=0.00, real=0.00 secs] 
2024-10-07T05:54:49.804+0300: 1000.057: Total time for which application threads were stopped: 0.0020314 seconds, Stopping threads took: 0.0001756 seconds
2024-10-07T05:54:50.369+0300: 1000.620: Application time: 0.5632705 seconds
2024-10-07T05:54:50.369+0300: 1000.621: [GC (Allocation Failure) 2024-10-07T05:54:50.369+0300: 1000.621: [ParNew: 413071K->5304K(460096K), 0.0016780 secs] 419189K->11423K(2046080K), 0.0017788 secs] [Times: user=0.00 sys=0.00, real=0.00 secs] 
2024-10-07T05:54:50.369+0300: 1000.622: Total time for which application threads were stopped: 0.0020817 seconds, Stopping threads took: 0.0001621 seconds
2024-10-07T05:54:50.934+0300: 1001.183: Application time: 0.5602551 seconds
2024-10-07T05:54:50.934+0300: 1001.183: [GC (Allocation Failure) 2024-10-07T05:54:50.934+0300: 1001.183: [ParNew: 414166K->4296K(460096K), 0.0015137 secs] 420284K->10415K(2046080K), 0.0015871 secs] [Times: user=0.00 sys=0.00, real=0.00 secs] 
2024-10-07T05:54:50.934+0300: 1001.185: Total time for which application threads were stopped: 0.0018934 seconds, Stopping threads took: 0.0002022 seconds
2024-10-07T05:54:51.499+0300: 1001.747: Application time: 0.5626931 seconds
2024-10-07T05:54:51.499+0300: 1001.748: [GC (Allocation Failure) 2024-10-07T05:54:51.499+0300: 1001.748: [ParNew: 413320K->4284K(460096K), 0.0016823 secs] 419439K->10404K(2046080K), 0.0017800 secs] [Times: user=0.00 sys=0.00, real=0.00 secs] 
2024-10-07T05:54:51.499+0300: 1001.749: Total time for which application threads were stopped: 0.0020449 seconds, Stopping threads took: 0.0001241 seconds
2024-10-07T05:54:52.064+0300: 1002.308: Application time: 0.5589363 seconds
2024-10-07T05:54:52.064+0300: 1002.309: [GC (Allocation Failure) 2024-10-07T05:54:52.064+0300: 1002.309: [ParNew: 413308K->4282K(460096K), 0.0017170 secs] 419428K->10403K(2046080K), 0.0017884 secs] [Times: user=0.00 sys=0.00, real=0.00 secs] 
2024-10-07T05:54:52.064+0300: 1002.310: Total time for which application threads were stopped: 0.0020574 seconds, Stopping threads took: 0.0001721 seconds
2024-10-07T05:54:52.629+0300: 1002.871: Application time: 0.5609519 seconds
2024-10-07T05:54:52.629+0300: 1002.872: [GC (Allocation Failure) 2024-10-07T05:54:52.629+0300: 1002.872: [ParNew: 412381K->3276K(460096K), 0.0015382 secs] 418502K->9397K(2046080K), 0.0016121 secs] [Times: user=0.00 sys=0.00, real=0.00 secs] 
2024-10-07T05:54:52.629+0300: 1002.873: Total time for which application threads were stopped: 0.0018842 seconds, Stopping threads took: 0.0001543 seconds
2024-10-07T05:54:53.177+0300: 1003.427: Application time: 0.5540625 seconds
2024-10-07T05:54:53.177+0300: 1003.427: [GC (Allocation Failure) 2024-10-07T05:54:53.177+0300: 1003.428: [ParNew: 412300K->5302K(460096K), 0.0019360 secs] 418421K->11424K(2046080K), 0.0020208 secs] [Times: user=0.00 sys=0.00, real=0.00 secs] 
2024-10-07T05:54:53.177+0300: 1003.430: Total time for which application threads were stopped: 0.0023080 seconds, Stopping threads took: 0.0001703 seconds
2024-10-07T05:54:53.742+0300: 1003.994: Application time: 0.5644227 seconds
2024-10-07T05:54:53.742+0300: 1003.994: [GC (Allocation Failure) 2024-10-07T05:54:53.742+0300: 1003.994: [ParNew: 413941K->5306K(460096K), 0.0019417 secs] 420063K->11429K(2046080K), 0.0020165 secs] [Times: user=0.00 sys=0.00, real=0.00 secs] 
2024-10-07T05:54:53.742+0300: 1003.996: Total time for which application threads were stopped: 0.0023209 seconds, Stopping threads took: 0.0002083 seconds
2024-10-07T05:54:54.307+0300: 1004.556: Application time: 0.5600726 seconds
2024-10-07T05:54:54.307+0300: 1004.557: [GC (Allocation Failure) 2024-10-07T05:54:54.307+0300: 1004.557: [ParNew: 413536K->4282K(460096K), 0.0016001 secs] 419659K->10405K(2046080K), 0.0017313 secs] [Times: user=0.00 sys=0.00, real=0.00 secs] 
2024-10-07T05:54:54.307+0300: 1004.558: Total time for which application threads were stopped: 0.0020001 seconds, Stopping threads took: 0.0001185 seconds
2024-10-07T05:54:54.872+0300: 1005.120: Application time: 0.5620293 seconds
2024-10-07T05:54:54.872+0300: 1005.121: [GC (Allocation Failure) 2024-10-07T05:54:54.872+0300: 1005.121: [ParNew: 413306K->4298K(460096K), 0.0020873 secs] 419429K->10422K(2046080K), 0.0021632 secs] [Times: user=0.00 sys=0.00, real=0.00 secs] 
2024-10-07T05:54:54.872+0300: 1005.123: Total time for which application threads were stopped: 0.0024677 seconds, Stopping threads took: 0.0002043 seconds
2024-10-07T05:54:55.437+0300: 1005.692: Application time: 0.5692748 seconds
2024-10-07T05:54:55.437+0300: 1005.692: [GC (Allocation Failure) 2024-10-07T05:54:55.437+0300: 1005.693: [ParNew: 413322K->4290K(460096K), 0.0019014 secs] 419446K->10414K(2046080K), 0.0019806 secs] [Times: user=0.01 sys=0.00, real=0.02 secs] 
2024-10-07T05:54:55.453+0300: 1005.694: Total time for which application threads were stopped: 0.0023356 seconds, Stopping threads took: 0.0002253 seconds
2024-10-07T05:54:56.003+0300: 1006.251: Application time: 0.5569418 seconds
2024-10-07T05:54:56.003+0300: 1006.252: [GC (Allocation Failure) 2024-10-07T05:54:56.003+0300: 1006.252: [ParNew: 413314K->4299K(460096K), 0.0020116 secs] 419438K->10424K(2046080K), 0.0021361 secs] [Times: user=0.00 sys=0.00, real=0.00 secs] 
2024-10-07T05:54:56.003+0300: 1006.254: Total time for which application threads were stopped: 0.0024567 seconds, Stopping threads took: 0.0001798 seconds
2024-10-07T05:54:56.568+0300: 1006.820: Application time: 0.5661957 seconds
2024-10-07T05:54:56.568+0300: 1006.820: [GC (Allocation Failure) 2024-10-07T05:54:56.568+0300: 1006.820: [ParNew: 413206K->4281K(460096K), 0.0016270 secs] 419331K->10406K(2046080K), 0.0016951 secs] [Times: user=0.00 sys=0.00, real=0.00 secs] 
2024-10-07T05:54:56.568+0300: 1006.822: Total time for which application threads were stopped: 0.0019579 seconds, Stopping threads took: 0.0001645 seconds
2024-10-07T05:54:57.133+0300: 1007.378: Application time: 0.5559000 seconds
2024-10-07T05:54:57.133+0300: 1007.378: [GC (Allocation Failure) 2024-10-07T05:54:57.133+0300: 1007.378: [ParNew: 413185K->5304K(460096K), 0.0016635 secs] 419311K->11431K(2046080K), 0.0017315 secs] [Times: user=0.00 sys=0.00, real=0.00 secs] 
2024-10-07T05:54:57.133+0300: 1007.380: Total time for which application threads were stopped: 0.0020305 seconds, Stopping threads took: 0.0002032 seconds
2024-10-07T05:54:57.702+0300: 1007.943: Application time: 0.5632733 seconds
2024-10-07T05:54:57.702+0300: 1007.943: [GC (Allocation Failure) 2024-10-07T05:54:57.702+0300: 1007.943: [ParNew: 413458K->4283K(460096K), 0.0015957 secs] 419584K->10410K(2046080K), 0.0016967 secs] [Times: user=0.00 sys=0.00, real=0.00 secs] 
2024-10-07T05:54:57.702+0300: 1007.945: Total time for which application threads were stopped: 0.0019229 seconds, Stopping threads took: 0.0001056 seconds
2024-10-07T05:54:58.247+0300: 1008.501: Application time: 0.5561982 seconds
2024-10-07T05:54:58.247+0300: 1008.502: [GC (Allocation Failure) 2024-10-07T05:54:58.247+0300: 1008.502: [ParNew: 412358K->5302K(460096K), 0.0018470 secs] 418484K->11430K(2046080K), 0.0019199 secs] [Times: user=0.00 sys=0.00, real=0.00 secs] 
2024-10-07T05:54:58.247+0300: 1008.504: Total time for which application threads were stopped: 0.0022221 seconds, Stopping threads took: 0.0002018 seconds
2024-10-07T05:54:58.827+0300: 1009.073: Application time: 0.5695353 seconds
2024-10-07T05:54:58.827+0300: 1009.073: [GC (Allocation Failure) 2024-10-07T05:54:58.827+0300: 1009.073: [ParNew: 414217K->4281K(460096K), 0.0020482 secs] 420344K->10409K(2046080K), 0.0021250 secs] [Times: user=0.00 sys=0.00, real=0.00 secs] 
2024-10-07T05:54:58.827+0300: 1009.076: Total time for which application threads were stopped: 0.0023702 seconds, Stopping threads took: 0.0001411 seconds
2024-10-07T05:54:59.392+0300: 1009.639: Application time: 0.5639199 seconds
2024-10-07T05:54:59.392+0300: 1009.640: [GC (Allocation Failure) 2024-10-07T05:54:59.392+0300: 1009.640: [ParNew: 413305K->3282K(460096K), 0.0015013 secs] 419433K->9411K(2046080K), 0.0015755 secs] [Times: user=0.00 sys=0.00, real=0.00 secs] 
2024-10-07T05:54:59.392+0300: 1009.641: Total time for which application threads were stopped: 0.0018569 seconds, Stopping threads took: 0.0001817 seconds
2024-10-07T05:54:59.957+0300: 1010.200: Application time: 0.5591680 seconds
2024-10-07T05:54:59.957+0300: 1010.201: [GC (Allocation Failure) 2024-10-07T05:54:59.957+0300: 1010.201: [ParNew: 412113K->3269K(460096K), 0.0014503 secs] 418242K->9398K(2046080K), 0.0015210 secs] [Times: user=0.00 sys=0.00, real=0.00 secs] 
2024-10-07T05:54:59.957+0300: 1010.202: Total time for which application threads were stopped: 0.0017810 seconds, Stopping threads took: 0.0001604 seconds
2024-10-07T05:55:00.522+0300: 1010.765: Application time: 0.5624644 seconds
2024-10-07T05:55:00.522+0300: 1010.765: [GC (Allocation Failure) 2024-10-07T05:55:00.522+0300: 1010.765: [ParNew: 412160K->4290K(460096K), 0.0014574 secs] 418289K->10420K(2046080K), 0.0015190 secs] [Times: user=0.00 sys=0.00, real=0.00 secs] 
2024-10-07T05:55:00.522+0300: 1010.767: Total time for which application threads were stopped: 0.0018491 seconds, Stopping threads took: 0.0001734 seconds
2024-10-07T05:55:01.071+0300: 1011.326: Application time: 0.5596740 seconds
2024-10-07T05:55:01.071+0300: 1011.327: [GC (Allocation Failure) 2024-10-07T05:55:01.071+0300: 1011.327: [ParNew: 412482K->4298K(460096K), 0.0016692 secs] 418612K->10429K(2046080K), 0.0017679 secs] [Times: user=0.02 sys=0.00, real=0.02 secs] 
2024-10-07T05:55:01.087+0300: 1011.328: Total time for which application threads were stopped: 0.0021499 seconds, Stopping threads took: 0.0002735 seconds
2024-10-07T05:55:01.652+0300: 1011.894: Application time: 0.5651257 seconds
2024-10-07T05:55:01.652+0300: 1011.894: [GC (Allocation Failure) 2024-10-07T05:55:01.652+0300: 1011.894: [ParNew: 413322K->4300K(460096K), 0.0015198 secs] 419453K->10432K(2046080K), 0.0015798 secs] [Times: user=0.00 sys=0.00, real=0.00 secs] 
2024-10-07T05:55:01.652+0300: 1011.895: Total time for which application threads were stopped: 0.0018253 seconds, Stopping threads took: 0.0001446 seconds
2024-10-07T05:55:02.211+0300: 1012.454: Application time: 0.5585010 seconds
2024-10-07T05:55:02.211+0300: 1012.454: [GC (Allocation Failure) 2024-10-07T05:55:02.211+0300: 1012.454: [ParNew: 412979K->5304K(460096K), 0.0017685 secs] 419111K->11436K(2046080K), 0.0018725 secs] [Times: user=0.00 sys=0.00, real=0.00 secs] 
2024-10-07T05:55:02.211+0300: 1012.456: Total time for which application threads were stopped: 0.0022625 seconds, Stopping threads took: 0.0002553 seconds
2024-10-07T05:55:02.766+0300: 1013.020: Application time: 0.5642144 seconds
2024-10-07T05:55:02.766+0300: 1013.021: [GC (Allocation Failure) 2024-10-07T05:55:02.766+0300: 1013.021: [ParNew: 414328K->4300K(460096K), 0.0015408 secs] 420460K->10433K(2046080K), 0.0016199 secs] [Times: user=0.00 sys=0.00, real=0.00 secs] 
2024-10-07T05:55:02.766+0300: 1013.022: Total time for which application threads were stopped: 0.0019103 seconds, Stopping threads took: 0.0001839 seconds
2024-10-07T05:55:03.331+0300: 1013.586: Application time: 0.5641205 seconds
2024-10-07T05:55:03.331+0300: 1013.587: [GC (Allocation Failure) 2024-10-07T05:55:03.331+0300: 1013.587: [ParNew: 413324K->3280K(460096K), 0.0014828 secs] 419457K->9413K(2046080K), 0.0015833 secs] [Times: user=0.06 sys=0.00, real=0.00 secs] 
2024-10-07T05:55:03.347+0300: 1013.588: Total time for which application threads were stopped: 0.0018514 seconds, Stopping threads took: 0.0001289 seconds
2024-10-07T05:55:03.896+0300: 1014.145: Application time: 0.5571067 seconds
2024-10-07T05:55:03.896+0300: 1014.146: [GC (Allocation Failure) 2024-10-07T05:55:03.896+0300: 1014.146: [ParNew: 411868K->3277K(460096K), 0.0013895 secs] 418001K->9411K(2046080K), 0.0014562 secs] [Times: user=0.00 sys=0.00, real=0.00 secs] 
2024-10-07T05:55:03.896+0300: 1014.147: Total time for which application threads were stopped: 0.0017273 seconds, Stopping threads took: 0.0001671 seconds
2024-10-07T05:55:04.462+0300: 1014.707: Application time: 0.5603641 seconds
2024-10-07T05:55:04.462+0300: 1014.708: [GC (Allocation Failure) 2024-10-07T05:55:04.462+0300: 1014.708: [ParNew: 411514K->4283K(460096K), 0.0015813 secs] 417648K->10418K(2046080K), 0.0016612 secs] [Times: user=0.00 sys=0.00, real=0.00 secs] 
2024-10-07T05:55:04.462+0300: 1014.709: Total time for which application threads were stopped: 0.0019355 seconds, Stopping threads took: 0.0001425 seconds
2024-10-07T05:55:05.017+0300: 1015.268: Application time: 0.5587796 seconds
2024-10-07T05:55:05.027+0300: 1015.268: [GC (Allocation Failure) 2024-10-07T05:55:05.027+0300: 1015.269: [ParNew: 412962K->4283K(460096K), 0.0019277 secs] 419096K->10418K(2046080K), 0.0020171 secs] [Times: user=0.00 sys=0.00, real=0.00 secs] 
2024-10-07T05:55:05.027+0300: 1015.271: Total time for which application threads were stopped: 0.0023832 seconds, Stopping threads took: 0.0002378 seconds
2024-10-07T05:55:05.593+0300: 1015.835: Application time: 0.5644929 seconds
2024-10-07T05:55:05.593+0300: 1015.835: [GC (Allocation Failure) 2024-10-07T05:55:05.593+0300: 1015.835: [ParNew: 413120K->4296K(460096K), 0.0015511 secs] 419255K->10432K(2046080K), 0.0016365 secs] [Times: user=0.00 sys=0.00, real=0.00 secs] 
2024-10-07T05:55:05.593+0300: 1015.837: Total time for which application threads were stopped: 0.0019425 seconds, Stopping threads took: 0.0001925 seconds
2024-10-07T05:55:06.142+0300: 1016.395: Application time: 0.5579221 seconds
2024-10-07T05:55:06.142+0300: 1016.395: [GC (Allocation Failure) 2024-10-07T05:55:06.142+0300: 1016.395: [ParNew: 412848K->4284K(460096K), 0.0015336 secs] 418984K->10421K(2046080K), 0.0016143 secs] [Times: user=0.00 sys=0.00, real=0.00 secs] 
2024-10-07T05:55:06.142+0300: 1016.397: Total time for which application threads were stopped: 0.0019007 seconds, Stopping threads took: 0.0001681 seconds
2024-10-07T05:55:06.720+0300: 1016.962: Application time: 0.5654110 seconds
2024-10-07T05:55:06.720+0300: 1016.962: [GC (Allocation Failure) 2024-10-07T05:55:06.720+0300: 1016.963: [ParNew: 412626K->4284K(460096K), 0.0016043 secs] 418762K->10421K(2046080K), 0.0017195 secs] [Times: user=0.00 sys=0.00, real=0.00 secs] 
2024-10-07T05:55:06.723+0300: 1016.964: Total time for which application threads were stopped: 0.0019821 seconds, Stopping threads took: 0.0001522 seconds
2024-10-07T05:55:07.272+0300: 1017.521: Application time: 0.5563695 seconds
2024-10-07T05:55:07.272+0300: 1017.521: [GC (Allocation Failure) 2024-10-07T05:55:07.272+0300: 1017.521: [ParNew: 412748K->3265K(460096K), 0.0015033 secs] 418885K->9403K(2046080K), 0.0015677 secs] [Times: user=0.00 sys=0.00, real=0.00 secs] 
2024-10-07T05:55:07.272+0300: 1017.522: Total time for which application threads were stopped: 0.0018073 seconds, Stopping threads took: 0.0001441 seconds
2024-10-07T05:55:07.837+0300: 1018.085: Application time: 0.5629449 seconds
2024-10-07T05:55:07.837+0300: 1018.086: [GC (Allocation Failure) 2024-10-07T05:55:07.837+0300: 1018.086: [ParNew: 412289K->5308K(460096K), 0.0020656 secs] 418427K->11447K(2046080K), 0.0021868 secs] [Times: user=0.00 sys=0.00, real=0.00 secs] 
2024-10-07T05:55:07.837+0300: 1018.088: Total time for which application threads were stopped: 0.0024213 seconds, Stopping threads took: 0.0001291 seconds
2024-10-07T05:55:08.402+0300: 1018.653: Application time: 0.5647986 seconds
2024-10-07T05:55:08.402+0300: 1018.653: [GC (Allocation Failure) 2024-10-07T05:55:08.402+0300: 1018.653: [ParNew: 414266K->5304K(460096K), 0.0018048 secs] 420404K->11443K(2046080K), 0.0018954 secs] [Times: user=0.03 sys=0.00, real=0.00 secs] 
2024-10-07T05:55:08.402+0300: 1018.655: Total time for which application threads were stopped: 0.0021808 seconds, Stopping threads took: 0.0001629 seconds
2024-10-07T05:55:08.967+0300: 1019.212: Application time: 0.5570479 seconds
2024-10-07T05:55:08.967+0300: 1019.212: [GC (Allocation Failure) 2024-10-07T05:55:08.967+0300: 1019.212: [ParNew: 413685K->3279K(460096K), 0.0017762 secs] 419825K->9419K(2046080K), 0.0018604 secs] [Times: user=0.00 sys=0.00, real=0.00 secs] 
2024-10-07T05:55:08.967+0300: 1019.214: Total time for which application threads were stopped: 0.0021941 seconds, Stopping threads took: 0.0002238 seconds
2024-10-07T05:55:09.532+0300: 1019.777: Application time: 0.5632035 seconds
2024-10-07T05:55:09.532+0300: 1019.777: [GC (Allocation Failure) 2024-10-07T05:55:09.532+0300: 1019.778: [ParNew: 411778K->4285K(460096K), 0.0016601 secs] 417918K->10426K(2046080K), 0.0017549 secs] [Times: user=0.00 sys=0.00, real=0.00 secs] 
2024-10-07T05:55:09.532+0300: 1019.779: Total time for which application threads were stopped: 0.0020894 seconds, Stopping threads took: 0.0001917 seconds
2024-10-07T05:55:10.081+0300: 1020.336: Application time: 0.5572002 seconds
2024-10-07T05:55:10.081+0300: 1020.337: [GC (Allocation Failure) 2024-10-07T05:55:10.081+0300: 1020.337: [ParNew: 413077K->5306K(460096K), 0.0020027 secs] 419218K->11447K(2046080K), 0.0020840 secs] [Times: user=0.02 sys=0.00, real=0.02 secs] 
2024-10-07T05:55:10.097+0300: 1020.339: Total time for which application threads were stopped: 0.0023711 seconds, Stopping threads took: 0.0001792 seconds
2024-10-07T05:55:10.647+0300: 1020.902: Application time: 0.5635997 seconds
2024-10-07T05:55:10.647+0300: 1020.903: [GC (Allocation Failure) 2024-10-07T05:55:10.647+0300: 1020.903: [ParNew: 414330K->4283K(460096K), 0.0019518 secs] 420471K->10425K(2046080K), 0.0020254 secs] [Times: user=0.00 sys=0.00, real=0.01 secs] 
2024-10-07T05:55:10.662+0300: 1020.905: Total time for which application threads were stopped: 0.0024302 seconds, Stopping threads took: 0.0002598 seconds
2024-10-07T05:55:11.213+0300: 1021.463: Application time: 0.5585172 seconds
2024-10-07T05:55:11.213+0300: 1021.464: [GC (Allocation Failure) 2024-10-07T05:55:11.213+0300: 1021.464: [ParNew: 412897K->3290K(460096K), 0.0016256 secs] 419039K->9432K(2046080K), 0.0017181 secs] [Times: user=0.00 sys=0.00, real=0.00 secs] 
2024-10-07T05:55:11.213+0300: 1021.465: Total time for which application threads were stopped: 0.0020689 seconds, Stopping threads took: 0.0002111 seconds
2024-10-07T05:55:11.777+0300: 1022.028: Application time: 0.5623406 seconds
2024-10-07T05:55:11.777+0300: 1022.028: [GC (Allocation Failure) 2024-10-07T05:55:11.777+0300: 1022.028: [ParNew: 411607K->4283K(460096K), 0.0015548 secs] 417749K->10426K(2046080K), 0.0016249 secs] [Times: user=0.00 sys=0.00, real=0.00 secs] 
2024-10-07T05:55:11.777+0300: 1022.030: Total time for which application threads were stopped: 0.0019069 seconds, Stopping threads took: 0.0001826 seconds
2024-10-07T05:55:12.342+0300: 1022.589: Application time: 0.5596659 seconds
2024-10-07T05:55:12.342+0300: 1022.590: [GC (Allocation Failure) 2024-10-07T05:55:12.342+0300: 1022.590: [ParNew: 412640K->5306K(460096K), 0.0018231 secs] 418783K->11449K(2046080K), 0.0019205 secs] [Times: user=0.00 sys=0.00, real=0.00 secs] 
2024-10-07T05:55:12.342+0300: 1022.592: Total time for which application threads were stopped: 0.0021972 seconds, Stopping threads took: 0.0001329 seconds
2024-10-07T05:55:12.907+0300: 1023.150: Application time: 0.5582745 seconds
2024-10-07T05:55:12.907+0300: 1023.150: [GC (Allocation Failure) 2024-10-07T05:55:12.907+0300: 1023.150: [ParNew: 414330K->4284K(460096K), 0.0017163 secs] 420473K->10428K(2046080K), 0.0017926 secs] [Times: user=0.00 sys=0.00, real=0.00 secs] 
2024-10-07T05:55:12.907+0300: 1023.152: Total time for which application threads were stopped: 0.0020927 seconds, Stopping threads took: 0.0001948 seconds
2024-10-07T05:55:13.472+0300: 1023.718: Application time: 0.5663628 seconds
2024-10-07T05:55:13.472+0300: 1023.719: [GC (Allocation Failure) 2024-10-07T05:55:13.472+0300: 1023.719: [ParNew: 413120K->3272K(460096K), 0.0014807 secs] 419264K->9417K(2046080K), 0.0015714 secs] [Times: user=0.00 sys=0.00, real=0.00 secs] 
2024-10-07T05:55:13.472+0300: 1023.720: Total time for which application threads were stopped: 0.0018910 seconds, Stopping threads took: 0.0001880 seconds
2024-10-07T05:55:14.022+0300: 1024.274: Application time: 0.5538767 seconds
2024-10-07T05:55:14.022+0300: 1024.274: [GC (Allocation Failure) 2024-10-07T05:55:14.022+0300: 1024.274: [ParNew: 411313K->4298K(460096K), 0.0018686 secs] 417458K->10443K(2046080K), 0.0019514 secs] [Times: user=0.01 sys=0.00, real=0.01 secs] 
2024-10-07T05:55:14.035+0300: 1024.276: Total time for which application threads were stopped: 0.0022426 seconds, Stopping threads took: 0.0001848 seconds
2024-10-07T05:55:14.587+0300: 1024.839: Application time: 0.5627316 seconds
2024-10-07T05:55:14.587+0300: 1024.839: [GC (Allocation Failure) 2024-10-07T05:55:14.587+0300: 1024.839: [ParNew: 413322K->3278K(460096K), 0.0014538 secs] 419467K->9423K(2046080K), 0.0015065 secs] [Times: user=0.00 sys=0.00, real=0.00 secs] 
2024-10-07T05:55:14.587+0300: 1024.841: Total time for which application threads were stopped: 0.0017963 seconds, Stopping threads took: 0.0002032 seconds
2024-10-07T05:55:15.152+0300: 1025.399: Application time: 0.5582978 seconds
2024-10-07T05:55:15.152+0300: 1025.399: [GC (Allocation Failure) 2024-10-07T05:55:15.152+0300: 1025.399: [ParNew: 412302K->5310K(460096K), 0.0018025 secs] 418447K->11456K(2046080K), 0.0018796 secs] [Times: user=0.00 sys=0.00, real=0.00 secs] 
2024-10-07T05:55:15.152+0300: 1025.401: Total time for which application threads were stopped: 0.0021256 seconds, Stopping threads took: 0.0001539 seconds
2024-10-07T05:55:15.717+0300: 1025.960: Application time: 0.5591416 seconds
2024-10-07T05:55:15.717+0300: 1025.961: [GC (Allocation Failure) 2024-10-07T05:55:15.717+0300: 1025.961: [ParNew: 413471K->5306K(460096K), 0.0016827 secs] 419617K->11453K(2046080K), 0.0017808 secs] [Times: user=0.00 sys=0.00, real=0.00 secs] 
2024-10-07T05:55:15.717+0300: 1025.963: Total time for which application threads were stopped: 0.0021447 seconds, Stopping threads took: 0.0002517 seconds
2024-10-07T05:55:16.267+0300: 1026.524: Application time: 0.5610547 seconds
2024-10-07T05:55:16.283+0300: 1026.524: [GC (Allocation Failure) 2024-10-07T05:55:16.283+0300: 1026.524: [ParNew: 413900K->5304K(460096K), 0.0018303 secs] 420047K->11452K(2046080K), 0.0019219 secs] [Times: user=0.00 sys=0.00, real=0.00 secs] 
2024-10-07T05:55:16.283+0300: 1026.526: Total time for which application threads were stopped: 0.0022710 seconds, Stopping threads took: 0.0002229 seconds
2024-10-07T05:55:16.848+0300: 1027.091: Application time: 0.5650562 seconds
2024-10-07T05:55:16.848+0300: 1027.091: [GC (Allocation Failure) 2024-10-07T05:55:16.848+0300: 1027.091: [ParNew: 413740K->4296K(460096K), 0.0016714 secs] 419887K->10444K(2046080K), 0.0017514 secs] [Times: user=0.00 sys=0.00, real=0.00 secs] 
2024-10-07T05:55:16.848+0300: 1027.093: Total time for which application threads were stopped: 0.0020584 seconds, Stopping threads took: 0.0001900 seconds
2024-10-07T05:55:17.412+0300: 1027.656: Application time: 0.5634465 seconds
2024-10-07T05:55:17.412+0300: 1027.657: [GC (Allocation Failure) 2024-10-07T05:55:17.412+0300: 1027.659: [ParNew: 413230K->3261K(460096K), 0.0016580 secs] 419378K->9410K(2046080K), 0.0038930 secs] [Times: user=0.00 sys=0.00, real=0.00 secs] 
2024-10-07T05:55:17.412+0300: 1027.661: Total time for which application threads were stopped: 0.0041280 seconds, Stopping threads took: 0.0001442 seconds
2024-10-07T05:55:17.962+0300: 1028.217: Application time: 0.5560117 seconds
2024-10-07T05:55:17.962+0300: 1028.217: [GC (Allocation Failure) 2024-10-07T05:55:17.962+0300: 1028.217: [ParNew: 412134K->5304K(460096K), 0.0018708 secs] 418283K->11454K(2046080K), 0.0019751 secs] [Times: user=0.02 sys=0.00, real=0.02 secs] 
2024-10-07T05:55:17.977+0300: 1028.219: Total time for which application threads were stopped: 0.0022812 seconds, Stopping threads took: 0.0001990 seconds
2024-10-07T05:55:18.542+0300: 1028.784: Application time: 0.5651074 seconds
2024-10-07T05:55:18.542+0300: 1028.784: [GC (Allocation Failure) 2024-10-07T05:55:18.542+0300: 1028.784: [ParNew: 413743K->4298K(460096K), 0.0013985 secs] 419893K->10448K(2046080K), 0.0014691 secs] [Times: user=0.00 sys=0.00, real=0.00 secs] 
2024-10-07T05:55:18.545+0300: 1028.786: Total time for which application threads were stopped: 0.0017204 seconds, Stopping threads took: 0.0001563 seconds
2024-10-07T05:55:19.091+0300: 1029.343: Application time: 0.5572667 seconds
2024-10-07T05:55:19.091+0300: 1029.343: [GC (Allocation Failure) 2024-10-07T05:55:19.091+0300: 1029.343: [ParNew: 413322K->4296K(460096K), 0.0016306 secs] 419472K->10447K(2046080K), 0.0017095 secs] [Times: user=0.00 sys=0.00, real=0.00 secs] 
2024-10-07T05:55:19.091+0300: 1029.345: Total time for which application threads were stopped: 0.0020049 seconds, Stopping threads took: 0.0001903 seconds
2024-10-07T05:55:19.671+0300: 1029.913: Application time: 0.5681518 seconds
2024-10-07T05:55:19.671+0300: 1029.913: [GC (Allocation Failure) 2024-10-07T05:55:19.671+0300: 1029.913: [ParNew: 413286K->4285K(460096K), 0.0018363 secs] 419437K->10436K(2046080K), 0.0019328 secs] [Times: user=0.00 sys=0.00, real=0.00 secs] 
2024-10-07T05:55:19.671+0300: 1029.915: Total time for which application threads were stopped: 0.0021915 seconds, Stopping threads took: 0.0001064 seconds
2024-10-07T05:55:20.221+0300: 1030.470: Application time: 0.5544562 seconds
2024-10-07T05:55:20.221+0300: 1030.470: [GC (Allocation Failure) 2024-10-07T05:55:20.221+0300: 1030.470: [ParNew: 412937K->5306K(460096K), 0.0018330 secs] 419088K->11458K(2046080K), 0.0019193 secs] [Times: user=0.00 sys=0.00, real=0.00 secs] 
2024-10-07T05:55:20.221+0300: 1030.472: Total time for which application threads were stopped: 0.0022290 seconds, Stopping threads took: 0.0002041 seconds
2024-10-07T05:55:20.787+0300: 1031.035: Application time: 0.5633267 seconds
2024-10-07T05:55:20.787+0300: 1031.036: [GC (Allocation Failure) 2024-10-07T05:55:20.787+0300: 1031.036: [ParNew: 413436K->5304K(460096K), 0.0016973 secs] 419589K->11457K(2046080K), 0.0017702 secs] [Times: user=0.00 sys=0.00, real=0.00 secs] 
2024-10-07T05:55:20.787+0300: 1031.037: Total time for which application threads were stopped: 0.0020618 seconds, Stopping threads took: 0.0001941 seconds
2024-10-07T05:55:21.352+0300: 1031.600: Application time: 0.5622640 seconds
2024-10-07T05:55:21.352+0300: 1031.600: [GC (Allocation Failure) 2024-10-07T05:55:21.352+0300: 1031.600: [ParNew: 414328K->4300K(460096K), 0.0016079 secs] 420481K->10453K(2046080K), 0.0016986 secs] [Times: user=0.00 sys=0.00, real=0.00 secs] 
2024-10-07T05:55:21.352+0300: 1031.602: Total time for which application threads were stopped: 0.0021110 seconds, Stopping threads took: 0.0002612 seconds
2024-10-07T05:55:21.917+0300: 1032.164: Application time: 0.5619971 seconds
2024-10-07T05:55:21.917+0300: 1032.164: [GC (Allocation Failure) 2024-10-07T05:55:21.917+0300: 1032.164: [ParNew: 413324K->5308K(460096K), 0.0018174 secs] 419477K->11462K(2046080K), 0.0018943 secs] [Times: user=0.00 sys=0.00, real=0.00 secs] 
2024-10-07T05:55:21.917+0300: 1032.166: Total time for which application threads were stopped: 0.0022495 seconds, Stopping threads took: 0.0002472 seconds
2024-10-07T05:55:22.482+0300: 1032.731: Application time: 0.5647141 seconds
2024-10-07T05:55:22.482+0300: 1032.731: [GC (Allocation Failure) 2024-10-07T05:55:22.482+0300: 1032.731: [ParNew: 413918K->4284K(460096K), 0.0018180 secs] 420071K->10439K(2046080K), 0.0019025 secs] [Times: user=0.00 sys=0.00, real=0.00 secs] 
2024-10-07T05:55:22.482+0300: 1032.733: Total time for which application threads were stopped: 0.0022360 seconds, Stopping threads took: 0.0001748 seconds
2024-10-07T05:55:23.053+0300: 1033.295: Application time: 0.5619975 seconds
2024-10-07T05:55:23.053+0300: 1033.295: [GC (Allocation Failure) 2024-10-07T05:55:23.053+0300: 1033.295: [ParNew: 413308K->3262K(460096K), 0.0014455 secs] 419463K->9417K(2046080K), 0.0015247 secs] [Times: user=0.00 sys=0.00, real=0.00 secs] 
2024-10-07T05:55:23.053+0300: 1033.297: Total time for which application threads were stopped: 0.0017927 seconds, Stopping threads took: 0.0001623 seconds
2024-10-07T05:55:23.612+0300: 1033.860: Application time: 0.5628367 seconds
2024-10-07T05:55:23.612+0300: 1033.860: [GC (Allocation Failure) 2024-10-07T05:55:23.612+0300: 1033.860: [ParNew: 412104K->3290K(460096K), 0.0016035 secs] 418260K->9446K(2046080K), 0.0016880 secs] [Times: user=0.00 sys=0.00, real=0.00 secs] 
2024-10-07T05:55:23.612+0300: 1033.862: Total time for which application threads were stopped: 0.0019991 seconds, Stopping threads took: 0.0001742 seconds
2024-10-07T05:55:24.177+0300: 1034.420: Application time: 0.5582688 seconds
2024-10-07T05:55:24.177+0300: 1034.420: [GC (Allocation Failure) 2024-10-07T05:55:24.177+0300: 1034.420: [ParNew: 411839K->4278K(460096K), 0.0016329 secs] 417995K->10435K(2046080K), 0.0017081 secs] [Times: user=0.00 sys=0.00, real=0.00 secs] 
2024-10-07T05:55:24.177+0300: 1034.422: Total time for which application threads were stopped: 0.0019937 seconds, Stopping threads took: 0.0001896 seconds
2024-10-07T05:55:24.742+0300: 1034.986: Application time: 0.5637386 seconds
2024-10-07T05:55:24.742+0300: 1034.986: [GC (Allocation Failure) 2024-10-07T05:55:24.742+0300: 1034.986: [ParNew: 413302K->4284K(460096K), 0.0018920 secs] 419459K->10441K(2046080K), 0.0020181 secs] [Times: user=0.00 sys=0.00, real=0.00 secs] 
2024-10-07T05:55:24.742+0300: 1034.988: Total time for which application threads were stopped: 0.0023314 seconds, Stopping threads took: 0.0001586 seconds
2024-10-07T05:55:25.291+0300: 1035.547: Application time: 0.5591989 seconds
2024-10-07T05:55:25.291+0300: 1035.548: [GC (Allocation Failure) 2024-10-07T05:55:25.291+0300: 1035.548: [ParNew: 412380K->4286K(460096K), 0.0017291 secs] 418537K->10444K(2046080K), 0.0018131 secs] [Times: user=0.02 sys=0.00, real=0.02 secs] 
2024-10-07T05:55:25.307+0300: 1035.549: Total time for which application threads were stopped: 0.0021281 seconds, Stopping threads took: 0.0002036 seconds
2024-10-07T05:55:25.859+0300: 1036.112: Application time: 0.5625979 seconds
2024-10-07T05:55:25.859+0300: 1036.112: [GC (Allocation Failure) 2024-10-07T05:55:25.859+0300: 1036.112: [ParNew: 412310K->5307K(460096K), 0.0018427 secs] 418468K->11465K(2046080K), 0.0019401 secs] [Times: user=0.02 sys=0.00, real=0.01 secs] 
2024-10-07T05:55:25.872+0300: 1036.114: Total time for which application threads were stopped: 0.0023371 seconds, Stopping threads took: 0.0002468 seconds
2024-10-07T05:55:26.439+0300: 1036.681: Application time: 0.5664043 seconds
2024-10-07T05:55:26.439+0300: 1036.681: [GC (Allocation Failure) 2024-10-07T05:55:26.439+0300: 1036.681: [ParNew: 414331K->4282K(460096K), 0.0014323 secs] 420489K->10440K(2046080K), 0.0014963 secs] [Times: user=0.00 sys=0.00, real=0.00 secs] 
2024-10-07T05:55:26.441+0300: 1036.682: Total time for which application threads were stopped: 0.0017389 seconds, Stopping threads took: 0.0001482 seconds
2024-10-07T05:55:26.988+0300: 1037.240: Application time: 0.5570686 seconds
2024-10-07T05:55:26.988+0300: 1037.240: [GC (Allocation Failure) 2024-10-07T05:55:26.988+0300: 1037.240: [ParNew: 413074K->4282K(460096K), 0.0016156 secs] 419233K->10442K(2046080K), 0.0016998 secs] [Times: user=0.00 sys=0.00, real=0.00 secs] 
2024-10-07T05:55:26.988+0300: 1037.242: Total time for which application threads were stopped: 0.0019728 seconds, Stopping threads took: 0.0001693 seconds
2024-10-07T05:55:27.553+0300: 1037.803: Application time: 0.5615502 seconds
2024-10-07T05:55:27.553+0300: 1037.803: [GC (Allocation Failure) 2024-10-07T05:55:27.553+0300: 1037.803: [ParNew: 413246K->4286K(460096K), 0.0016718 secs] 419406K->10446K(2046080K), 0.0017410 secs] [Times: user=0.00 sys=0.00, real=0.01 secs] 
2024-10-07T05:55:27.562+0300: 1037.805: Total time for which application threads were stopped: 0.0020384 seconds, Stopping threads took: 0.0002010 seconds
2024-10-07T05:55:28.119+0300: 1038.365: Application time: 0.5602846 seconds
2024-10-07T05:55:28.119+0300: 1038.366: [GC (Allocation Failure) 2024-10-07T05:55:28.119+0300: 1038.366: [ParNew: 413310K->4299K(460096K), 0.0017002 secs] 419470K->10460K(2046080K), 0.0017741 secs] [Times: user=0.00 sys=0.00, real=0.00 secs] 
2024-10-07T05:55:28.119+0300: 1038.367: Total time for which application threads were stopped: 0.0019944 seconds, Stopping threads took: 0.0001100 seconds
2024-10-07T05:55:28.685+0300: 1038.931: Application time: 0.5638571 seconds
2024-10-07T05:55:28.685+0300: 1038.931: [GC (Allocation Failure) 2024-10-07T05:55:28.685+0300: 1038.932: [ParNew: 413323K->4300K(460096K), 0.0016113 secs] 419484K->10461K(2046080K), 0.0017155 secs] [Times: user=0.02 sys=0.00, real=0.00 secs] 
2024-10-07T05:55:28.685+0300: 1038.933: Total time for which application threads were stopped: 0.0020071 seconds, Stopping threads took: 0.0001548 seconds
2024-10-07T05:55:29.235+0300: 1039.490: Application time: 0.5567299 seconds
2024-10-07T05:55:29.235+0300: 1039.490: [GC (Allocation Failure) 2024-10-07T05:55:29.235+0300: 1039.490: [ParNew: 412500K->5306K(460096K), 0.0019479 secs] 418661K->11468K(2046080K), 0.0020310 secs] [Times: user=0.01 sys=0.00, real=0.02 secs] 
2024-10-07T05:55:29.250+0300: 1039.492: Total time for which application threads were stopped: 0.0023581 seconds, Stopping threads took: 0.0002146 seconds
2024-10-07T05:55:29.815+0300: 1040.059: Application time: 0.5663719 seconds
2024-10-07T05:55:29.815+0300: 1040.059: [GC (Allocation Failure) 2024-10-07T05:55:29.815+0300: 1040.059: [ParNew: 414330K->5304K(460096K), 0.0017514 secs] 420492K->11467K(2046080K), 0.0018483 secs] [Times: user=0.00 sys=0.00, real=0.00 secs] 
2024-10-07T05:55:29.815+0300: 1040.061: Total time for which application threads were stopped: 0.0020998 seconds, Stopping threads took: 0.0001276 seconds
2024-10-07T05:55:30.381+0300: 1040.626: Application time: 0.5653122 seconds
2024-10-07T05:55:30.381+0300: 1040.626: [GC (Allocation Failure) 2024-10-07T05:55:30.381+0300: 1040.626: [ParNew: 413606K->5308K(460096K), 0.0018935 secs] 419768K->11472K(2046080K), 0.0019802 secs] [Times: user=0.02 sys=0.00, real=0.01 secs] 
2024-10-07T05:55:30.387+0300: 1040.628: Total time for which application threads were stopped: 0.0022045 seconds, Stopping threads took: 0.0001038 seconds
2024-10-07T05:55:30.931+0300: 1041.186: Application time: 0.5574807 seconds
2024-10-07T05:55:30.931+0300: 1041.186: [GC (Allocation Failure) 2024-10-07T05:55:30.931+0300: 1041.186: [ParNew: 413409K->4302K(460096K), 0.0018746 secs] 419572K->10466K(2046080K), 0.0019505 secs] [Times: user=0.03 sys=0.00, real=0.02 secs] 
2024-10-07T05:55:30.946+0300: 1041.188: Total time for which application threads were stopped: 0.0022638 seconds, Stopping threads took: 0.0002026 seconds
2024-10-07T05:55:31.511+0300: 1041.753: Application time: 0.5644755 seconds
2024-10-07T05:55:31.511+0300: 1041.753: [GC (Allocation Failure) 2024-10-07T05:55:31.511+0300: 1041.753: [ParNew: 413236K->4281K(460096K), 0.0014535 secs] 419400K->10446K(2046080K), 0.0015271 secs] [Times: user=0.00 sys=0.00, real=0.00 secs] 
2024-10-07T05:55:31.513+0300: 1041.754: Total time for which application threads were stopped: 0.0018352 seconds, Stopping threads took: 0.0001941 seconds
2024-10-07T05:55:32.061+0300: 1042.312: Application time: 0.5576760 seconds
2024-10-07T05:55:32.071+0300: 1042.312: [GC (Allocation Failure) 2024-10-07T05:55:32.071+0300: 1042.312: [ParNew: 413305K->5314K(460096K), 0.0016519 secs] 419470K->11479K(2046080K), 0.0017382 secs] [Times: user=0.00 sys=0.00, real=0.00 secs] 
2024-10-07T05:55:32.071+0300: 1042.314: Total time for which application threads were stopped: 0.0020797 seconds, Stopping threads took: 0.0002024 seconds
2024-10-07T05:55:32.626+0300: 1042.870: Application time: 0.5562316 seconds
2024-10-07T05:55:32.626+0300: 1042.871: [GC (Allocation Failure) 2024-10-07T05:55:32.626+0300: 1042.871: [ParNew: 414338K->5305K(460096K), 0.0018042 secs] 420503K->11471K(2046080K), 0.0019101 secs] [Times: user=0.00 sys=0.00, real=0.01 secs] 
2024-10-07T05:55:32.631+0300: 1042.873: Total time for which application threads were stopped: 0.0023424 seconds, Stopping threads took: 0.0002739 seconds
2024-10-07T05:55:33.191+0300: 1043.434: Application time: 0.5613829 seconds
2024-10-07T05:55:33.191+0300: 1043.434: [GC (Allocation Failure) 2024-10-07T05:55:33.191+0300: 1043.434: [ParNew: 414317K->4300K(460096K), 0.0014613 secs] 420483K->10467K(2046080K), 0.0015450 secs] [Times: user=0.00 sys=0.00, real=0.00 secs] 
2024-10-07T05:55:33.191+0300: 1043.436: Total time for which application threads were stopped: 0.0018171 seconds, Stopping threads took: 0.0001583 seconds
2024-10-07T05:55:33.756+0300: 1043.999: Application time: 0.5629519 seconds
2024-10-07T05:55:33.756+0300: 1043.999: [GC (Allocation Failure) 2024-10-07T05:55:33.756+0300: 1043.999: [ParNew: 412906K->4300K(460096K), 0.0013536 secs] 419073K->10467K(2046080K), 0.0014623 secs] [Times: user=0.02 sys=0.00, real=0.00 secs] 
2024-10-07T05:55:33.759+0300: 1044.001: Total time for which application threads were stopped: 0.0017400 seconds, Stopping threads took: 0.0001518 seconds
2024-10-07T05:55:34.305+0300: 1044.558: Application time: 0.5569585 seconds
2024-10-07T05:55:34.305+0300: 1044.558: [GC (Allocation Failure) 2024-10-07T05:55:34.305+0300: 1044.558: [ParNew: 413036K->4284K(460096K), 0.0015541 secs] 419203K->10451K(2046080K), 0.0016289 secs] [Times: user=0.00 sys=0.00, real=0.00 secs] 
2024-10-07T05:55:34.305+0300: 1044.560: Total time for which application threads were stopped: 0.0019239 seconds, Stopping threads took: 0.0001989 seconds
2024-10-07T05:55:34.877+0300: 1045.122: Application time: 0.5620570 seconds
2024-10-07T05:55:34.877+0300: 1045.122: [GC (Allocation Failure) 2024-10-07T05:55:34.877+0300: 1045.122: [ParNew: 413171K->3263K(460096K), 0.0015144 secs] 419339K->9431K(2046080K), 0.0015974 secs] [Times: user=0.00 sys=0.00, real=0.00 secs] 
2024-10-07T05:55:34.877+0300: 1045.124: Total time for which application threads were stopped: 0.0019042 seconds, Stopping threads took: 0.0001973 seconds
2024-10-07T05:55:35.435+0300: 1045.686: Application time: 0.5621679 seconds
2024-10-07T05:55:35.435+0300: 1045.686: [GC (Allocation Failure) 2024-10-07T05:55:35.435+0300: 1045.686: [ParNew: 411546K->3277K(460096K), 0.0015470 secs] 417715K->9446K(2046080K), 0.0016311 secs] [Times: user=0.00 sys=0.00, real=0.00 secs] 
2024-10-07T05:55:35.435+0300: 1045.688: Total time for which application threads were stopped: 0.0019489 seconds, Stopping threads took: 0.0001844 seconds
2024-10-07T05:55:35.985+0300: 1046.242: Application time: 0.5543359 seconds
2024-10-07T05:55:36.001+0300: 1046.242: [GC (Allocation Failure) 2024-10-07T05:55:36.001+0300: 1046.242: [ParNew: 411883K->4289K(460096K), 0.0019436 secs] 418052K->10458K(2046080K), 0.0020564 secs] [Times: user=0.00 sys=0.00, real=0.00 secs] 
2024-10-07T05:55:36.001+0300: 1046.244: Total time for which application threads were stopped: 0.0024237 seconds, Stopping threads took: 0.0002172 seconds
2024-10-07T05:55:36.566+0300: 1046.809: Application time: 0.5649175 seconds
2024-10-07T05:55:36.566+0300: 1046.810: [GC (Allocation Failure) 2024-10-07T05:55:36.566+0300: 1046.810: [ParNew: 413313K->5308K(460096K), 0.0017431 secs] 419482K->11478K(2046080K), 0.0018495 secs] [Times: user=0.02 sys=0.00, real=0.00 secs] 
2024-10-07T05:55:36.566+0300: 1046.811: Total time for which application threads were stopped: 0.0020954 seconds, Stopping threads took: 0.0000955 seconds
2024-10-07T05:55:37.116+0300: 1047.369: Application time: 0.5573973 seconds
2024-10-07T05:55:37.116+0300: 1047.369: [GC (Allocation Failure) 2024-10-07T05:55:37.116+0300: 1047.369: [ParNew: 413943K->3276K(460096K), 0.0014514 secs] 420113K->9447K(2046080K), 0.0015234 secs] [Times: user=0.00 sys=0.00, real=0.00 secs] 
2024-10-07T05:55:37.116+0300: 1047.371: Total time for which application threads were stopped: 0.0018265 seconds, Stopping threads took: 0.0002038 seconds
2024-10-07T05:55:37.683+0300: 1047.935: Application time: 0.5644983 seconds
2024-10-07T05:55:37.683+0300: 1047.935: [GC (Allocation Failure) 2024-10-07T05:55:37.683+0300: 1047.935: [ParNew: 412263K->4285K(460096K), 0.0020181 secs] 418434K->10457K(2046080K), 0.0020824 secs] [Times: user=0.00 sys=0.00, real=0.01 secs] 
2024-10-07T05:55:37.696+0300: 1047.938: Total time for which application threads were stopped: 0.0023788 seconds, Stopping threads took: 0.0002023 seconds
2024-10-07T05:55:38.245+0300: 1048.491: Application time: 0.5531888 seconds
2024-10-07T05:55:38.245+0300: 1048.491: [GC (Allocation Failure) 2024-10-07T05:55:38.245+0300: 1048.491: [ParNew: 412782K->5307K(460096K), 0.0015706 secs] 418954K->11479K(2046080K), 0.0016526 secs] [Times: user=0.00 sys=0.00, real=0.00 secs] 
2024-10-07T05:55:38.245+0300: 1048.493: Total time for which application threads were stopped: 0.0019461 seconds, Stopping threads took: 0.0001845 seconds
2024-10-07T05:55:38.810+0300: 1049.057: Application time: 0.5639870 seconds
2024-10-07T05:55:38.810+0300: 1049.057: [GC (Allocation Failure) 2024-10-07T05:55:38.810+0300: 1049.057: [ParNew: 413844K->4284K(460096K), 0.0014317 secs] 420016K->10457K(2046080K), 0.0015013 secs] [Times: user=0.00 sys=0.00, real=0.00 secs] 
2024-10-07T05:55:38.810+0300: 1049.058: Total time for which application threads were stopped: 0.0017695 seconds, Stopping threads took: 0.0001697 seconds
2024-10-07T05:55:39.375+0300: 1049.621: Application time: 0.5622624 seconds
2024-10-07T05:55:39.375+0300: 1049.621: [GC (Allocation Failure) 2024-10-07T05:55:39.375+0300: 1049.621: [ParNew: 412488K->5307K(460096K), 0.0017882 secs] 418661K->11481K(2046080K), 0.0019054 secs] [Times: user=0.00 sys=0.00, real=0.00 secs] 
2024-10-07T05:55:39.375+0300: 1049.623: Total time for which application threads were stopped: 0.0021854 seconds, Stopping threads took: 0.0001131 seconds
2024-10-07T05:55:39.925+0300: 1050.181: Application time: 0.5581171 seconds
2024-10-07T05:55:39.925+0300: 1050.181: [GC (Allocation Failure) 2024-10-07T05:55:39.925+0300: 1050.181: [ParNew: 414020K->5306K(460096K), 0.0017570 secs] 420194K->11480K(2046080K), 0.0018282 secs] [Times: user=0.01 sys=0.00, real=0.02 secs] 
2024-10-07T05:55:39.940+0300: 1050.183: Total time for which application threads were stopped: 0.0021152 seconds, Stopping threads took: 0.0001849 seconds
2024-10-07T05:55:40.505+0300: 1050.747: Application time: 0.5639850 seconds
2024-10-07T05:55:40.505+0300: 1050.747: [GC (Allocation Failure) 2024-10-07T05:55:40.505+0300: 1050.747: [ParNew: 414041K->5304K(460096K), 0.0018031 secs] 420215K->11479K(2046080K), 0.0018866 secs] [Times: user=0.00 sys=0.00, real=0.00 secs] 
2024-10-07T05:55:40.505+0300: 1050.749: Total time for which application threads were stopped: 0.0022300 seconds, Stopping threads took: 0.0002151 seconds
2024-10-07T05:55:41.054+0300: 1051.307: Application time: 0.5578238 seconds
2024-10-07T05:55:41.054+0300: 1051.307: [GC (Allocation Failure) 2024-10-07T05:55:41.054+0300: 1051.307: [ParNew: 413734K->4280K(460096K), 0.0015559 secs] 419909K->10455K(2046080K), 0.0016387 secs] [Times: user=0.00 sys=0.00, real=0.00 secs] 
2024-10-07T05:55:41.054+0300: 1051.309: Total time for which application threads were stopped: 0.0019475 seconds, Stopping threads took: 0.0001961 seconds
2024-10-07T05:55:41.619+0300: 1051.874: Application time: 0.5645288 seconds
2024-10-07T05:55:41.619+0300: 1051.874: [GC (Allocation Failure) 2024-10-07T05:55:41.619+0300: 1051.874: [ParNew: 413070K->5306K(460096K), 0.0016538 secs] 419245K->11482K(2046080K), 0.0017434 secs] [Times: user=0.00 sys=0.00, real=0.00 secs] 
2024-10-07T05:55:41.619+0300: 1051.876: Total time for which application threads were stopped: 0.0021952 seconds, Stopping threads took: 0.0003019 seconds
2024-10-07T05:55:42.192+0300: 1052.437: Application time: 0.5610050 seconds
2024-10-07T05:55:42.192+0300: 1052.437: [GC (Allocation Failure) 2024-10-07T05:55:42.192+0300: 1052.437: [ParNew: 413659K->4298K(460096K), 0.0017432 secs] 419835K->10475K(2046080K), 0.0018277 secs] [Times: user=0.00 sys=0.00, real=0.00 secs] 
2024-10-07T05:55:42.192+0300: 1052.439: Total time for which application threads were stopped: 0.0021496 seconds, Stopping threads took: 0.0002136 seconds
2024-10-07T05:55:42.750+0300: 1053.005: Application time: 0.5664309 seconds
2024-10-07T05:55:42.750+0300: 1053.006: [GC (Allocation Failure) 2024-10-07T05:55:42.750+0300: 1053.006: [ParNew: 413322K->5306K(460096K), 0.0018448 secs] 419499K->11483K(2046080K), 0.0019164 secs] [Times: user=0.01 sys=0.00, real=0.02 secs] 
2024-10-07T05:55:42.765+0300: 1053.008: Total time for which application threads were stopped: 0.0022566 seconds, Stopping threads took: 0.0002337 seconds
2024-10-07T05:55:43.316+0300: 1053.566: Application time: 0.5581764 seconds
2024-10-07T05:55:43.316+0300: 1053.566: [GC (Allocation Failure) 2024-10-07T05:55:43.316+0300: 1053.566: [ParNew: 413811K->3275K(460096K), 0.0014152 secs] 419988K->9452K(2046080K), 0.0015174 secs] [Times: user=0.00 sys=0.00, real=0.00 secs] 
2024-10-07T05:55:43.316+0300: 1053.568: Total time for which application threads were stopped: 0.0017597 seconds, Stopping threads took: 0.0001170 seconds
2024-10-07T05:55:43.881+0300: 1054.125: Application time: 0.5569030 seconds
2024-10-07T05:55:43.881+0300: 1054.125: [GC (Allocation Failure) 2024-10-07T05:55:43.881+0300: 1054.125: [ParNew: 412299K->5307K(460096K), 0.0018095 secs] 418476K->11485K(2046080K), 0.0018837 secs] [Times: user=0.00 sys=0.00, real=0.00 secs] 
2024-10-07T05:55:43.881+0300: 1054.127: Total time for which application threads were stopped: 0.0021030 seconds, Stopping threads took: 0.0001217 seconds
2024-10-07T05:55:44.447+0300: 1054.691: Application time: 0.5645810 seconds
2024-10-07T05:55:44.447+0300: 1054.691: [GC (Allocation Failure) 2024-10-07T05:55:44.447+0300: 1054.691: [ParNew: 413596K->5304K(460096K), 0.0020775 secs] 419774K->11483K(2046080K), 0.0021559 secs] [Times: user=0.03 sys=0.00, real=0.00 secs] 
2024-10-07T05:55:44.447+0300: 1054.694: Total time for which application threads were stopped: 0.0023953 seconds, Stopping threads took: 0.0001326 seconds
2024-10-07T05:55:44.998+0300: 1055.251: Application time: 0.5576375 seconds
2024-10-07T05:55:44.998+0300: 1055.252: [GC (Allocation Failure) 2024-10-07T05:55:44.998+0300: 1055.252: [ParNew: 413376K->4288K(460096K), 0.0018220 secs] 419556K->10468K(2046080K), 0.0019077 secs] [Times: user=0.01 sys=0.00, real=0.01 secs] 
2024-10-07T05:55:45.011+0300: 1055.253: Total time for which application threads were stopped: 0.0022237 seconds, Stopping threads took: 0.0002084 seconds
2024-10-07T05:55:45.576+0300: 1055.831: Application time: 0.5772845 seconds
2024-10-07T05:55:45.576+0300: 1055.831: [GC (Allocation Failure) 2024-10-07T05:55:45.576+0300: 1055.831: [ParNew: 413036K->4288K(460096K), 0.0014481 secs] 419216K->10469K(2046080K), 0.0015430 secs] [Times: user=0.00 sys=0.00, real=0.00 secs] 
2024-10-07T05:55:45.576+0300: 1055.833: Total time for which application threads were stopped: 0.0018175 seconds, Stopping threads took: 0.0001603 seconds
2024-10-07T05:55:46.141+0300: 1056.390: Application time: 0.5579008 seconds
2024-10-07T05:55:46.141+0300: 1056.391: [GC (Allocation Failure) 2024-10-07T05:55:46.141+0300: 1056.391: [ParNew: 412506K->4302K(460096K), 0.0018615 secs] 418686K->10483K(2046080K), 0.0019535 secs] [Times: user=0.00 sys=0.00, real=0.00 secs] 
2024-10-07T05:55:46.141+0300: 1056.393: Total time for which application threads were stopped: 0.0022624 seconds, Stopping threads took: 0.0001849 seconds
2024-10-07T05:55:46.722+0300: 1056.973: Application time: 0.5797590 seconds
2024-10-07T05:55:46.722+0300: 1056.973: [GC (Allocation Failure) 2024-10-07T05:55:46.722+0300: 1056.973: [ParNew: 413318K->3260K(460096K), 0.0013461 secs] 419499K->9442K(2046080K), 0.0014384 secs] [Times: user=0.02 sys=0.00, real=0.00 secs] 
2024-10-07T05:55:46.722+0300: 1056.974: Total time for which application threads were stopped: 0.0017241 seconds, Stopping threads took: 0.0001632 seconds
2024-10-07T05:55:47.287+0300: 1057.534: Application time: 0.5594375 seconds
2024-10-07T05:55:47.287+0300: 1057.534: [GC (Allocation Failure) 2024-10-07T05:55:47.287+0300: 1057.534: [ParNew: 411721K->3256K(460096K), 0.0013842 secs] 417903K->9438K(2046080K), 0.0014636 secs] [Times: user=0.00 sys=0.00, real=0.00 secs] 
2024-10-07T05:55:47.287+0300: 1057.535: Total time for which application threads were stopped: 0.0017257 seconds, Stopping threads took: 0.0001490 seconds
2024-10-07T05:55:47.852+0300: 1058.098: Application time: 0.5630045 seconds
2024-10-07T05:55:47.852+0300: 1058.099: [GC (Allocation Failure) 2024-10-07T05:55:47.852+0300: 1058.099: [ParNew: 411698K->5308K(460096K), 0.0015766 secs] 417880K->11491K(2046080K), 0.0016610 secs] [Times: user=0.00 sys=0.00, real=0.00 secs] 
2024-10-07T05:55:47.852+0300: 1058.100: Total time for which application threads were stopped: 0.0019356 seconds, Stopping threads took: 0.0001527 seconds
2024-10-07T05:55:48.416+0300: 1058.666: Application time: 0.5652494 seconds
2024-10-07T05:55:48.416+0300: 1058.666: [GC (Allocation Failure) 2024-10-07T05:55:48.416+0300: 1058.666: [ParNew: 413384K->5308K(460096K), 0.0016192 secs] 419567K->11491K(2046080K), 0.0017104 secs] [Times: user=0.00 sys=0.00, real=0.00 secs] 
2024-10-07T05:55:48.416+0300: 1058.668: Total time for which application threads were stopped: 0.0021725 seconds, Stopping threads took: 0.0003341 seconds
2024-10-07T05:55:48.981+0300: 1059.223: Application time: 0.5550230 seconds
2024-10-07T05:55:48.981+0300: 1059.223: [GC (Allocation Failure) 2024-10-07T05:55:48.981+0300: 1059.223: [ParNew: 413780K->4284K(460096K), 0.0014795 secs] 419964K->10468K(2046080K), 0.0015776 secs] [Times: user=0.00 sys=0.00, real=0.00 secs] 
2024-10-07T05:55:48.981+0300: 1059.225: Total time for which application threads were stopped: 0.0018757 seconds, Stopping threads took: 0.0001497 seconds
2024-10-07T05:55:49.546+0300: 1059.794: Application time: 0.5689391 seconds
2024-10-07T05:55:49.546+0300: 1059.794: [GC (Allocation Failure) 2024-10-07T05:55:49.546+0300: 1059.794: [ParNew: 413299K->4300K(460096K), 0.0015499 secs] 419483K->10484K(2046080K), 0.0016518 secs] [Times: user=0.00 sys=0.00, real=0.00 secs] 
2024-10-07T05:55:49.546+0300: 1059.796: Total time for which application threads were stopped: 0.0019633 seconds, Stopping threads took: 0.0001973 seconds
2024-10-07T05:55:50.111+0300: 1060.353: Application time: 0.5576144 seconds
2024-10-07T05:55:50.111+0300: 1060.353: [GC (Allocation Failure) 2024-10-07T05:55:50.111+0300: 1060.353: [ParNew: 413324K->3274K(460096K), 0.0014451 secs] 419508K->9459K(2046080K), 0.0015166 secs] [Times: user=0.00 sys=0.00, real=0.00 secs] 
2024-10-07T05:55:50.111+0300: 1060.355: Total time for which application threads were stopped: 0.0017810 seconds, Stopping threads took: 0.0001576 seconds
2024-10-07T05:55:50.676+0300: 1060.919: Application time: 0.5644797 seconds
2024-10-07T05:55:50.676+0300: 1060.920: [GC (Allocation Failure) 2024-10-07T05:55:50.676+0300: 1060.920: [ParNew: 412064K->4300K(460096K), 0.0015901 secs] 418249K->10486K(2046080K), 0.0016861 secs] [Times: user=0.02 sys=0.00, real=0.00 secs] 
2024-10-07T05:55:50.676+0300: 1060.921: Total time for which application threads were stopped: 0.0019631 seconds, Stopping threads took: 0.0001586 seconds
2024-10-07T05:55:51.226+0300: 1061.479: Application time: 0.5574153 seconds
2024-10-07T05:55:51.226+0300: 1061.479: [GC (Allocation Failure) 2024-10-07T05:55:51.226+0300: 1061.479: [ParNew: 412555K->4280K(460096K), 0.0019000 secs] 418741K->10467K(2046080K), 0.0019808 secs] [Times: user=0.00 sys=0.00, real=0.00 secs] 
2024-10-07T05:55:51.226+0300: 1061.481: Total time for which application threads were stopped: 0.0023127 seconds, Stopping threads took: 0.0002209 seconds
2024-10-07T05:55:51.807+0300: 1062.048: Application time: 0.5671056 seconds
2024-10-07T05:55:51.807+0300: 1062.049: [GC (Allocation Failure) 2024-10-07T05:55:51.807+0300: 1062.049: [ParNew: 413304K->4298K(460096K), 0.0020190 secs] 419491K->10486K(2046080K), 0.0021147 secs] [Times: user=0.00 sys=0.00, real=0.00 secs] 
2024-10-07T05:55:51.807+0300: 1062.051: Total time for which application threads were stopped: 0.0023864 seconds, Stopping threads took: 0.0001485 seconds
2024-10-07T05:55:52.372+0300: 1062.613: Application time: 0.5628342 seconds
2024-10-07T05:55:52.372+0300: 1062.614: [GC (Allocation Failure) 2024-10-07T05:55:52.372+0300: 1062.614: [ParNew: 413132K->4281K(460096K), 0.0016159 secs] 419319K->10469K(2046080K), 0.0016979 secs] [Times: user=0.01 sys=0.00, real=0.00 secs] 
2024-10-07T05:55:52.372+0300: 1062.615: Total time for which application threads were stopped: 0.0019761 seconds, Stopping threads took: 0.0001479 seconds
2024-10-07T05:55:52.921+0300: 1063.175: Application time: 0.5598943 seconds
2024-10-07T05:55:52.921+0300: 1063.176: [GC (Allocation Failure) 2024-10-07T05:55:52.921+0300: 1063.176: [ParNew: 413009K->3259K(460096K), 0.0022852 secs] 419197K->9447K(2046080K), 0.0023706 secs] [Times: user=0.00 sys=0.00, real=0.00 secs] 
2024-10-07T05:55:52.921+0300: 1063.178: Total time for which application threads were stopped: 0.0026714 seconds, Stopping threads took: 0.0001777 seconds
2024-10-07T05:55:53.502+0300: 1063.750: Application time: 0.5721621 seconds
2024-10-07T05:55:53.502+0300: 1063.750: [GC (Allocation Failure) 2024-10-07T05:55:53.502+0300: 1063.750: [ParNew: 411525K->5307K(460096K), 0.0016850 secs] 417714K->11496K(2046080K), 0.0017696 secs] [Times: user=0.00 sys=0.00, real=0.00 secs] 
2024-10-07T05:55:53.502+0300: 1063.752: Total time for which application threads were stopped: 0.0019755 seconds, Stopping threads took: 0.0000903 seconds
2024-10-07T05:55:54.067+0300: 1064.311: Application time: 0.5586528 seconds
2024-10-07T05:55:54.067+0300: 1064.311: [GC (Allocation Failure) 2024-10-07T05:55:54.067+0300: 1064.311: [ParNew: 414037K->5306K(460096K), 0.0016519 secs] 420227K->11496K(2046080K), 0.0017702 secs] [Times: user=0.00 sys=0.00, real=0.00 secs] 
2024-10-07T05:55:54.067+0300: 1064.313: Total time for which application threads were stopped: 0.0020409 seconds, Stopping threads took: 0.0001461 seconds
2024-10-07T05:55:54.632+0300: 1064.881: Application time: 0.5680715 seconds
2024-10-07T05:55:54.632+0300: 1064.881: [GC (Allocation Failure) 2024-10-07T05:55:54.632+0300: 1064.881: [ParNew: 413923K->4300K(460096K), 0.0015838 secs] 420113K->10491K(2046080K), 0.0017006 secs] [Times: user=0.00 sys=0.00, real=0.00 secs] 
2024-10-07T05:55:54.632+0300: 1064.883: Total time for which application threads were stopped: 0.0019535 seconds, Stopping threads took: 0.0000993 seconds
2024-10-07T05:55:55.197+0300: 1065.444: Application time: 0.5611328 seconds
2024-10-07T05:55:55.197+0300: 1065.444: [GC (Allocation Failure) 2024-10-07T05:55:55.197+0300: 1065.444: [ParNew: 413306K->3261K(460096K), 0.0012992 secs] 419497K->9452K(2046080K), 0.0013846 secs] [Times: user=0.00 sys=0.00, real=0.00 secs] 
2024-10-07T05:55:55.197+0300: 1065.446: Total time for which application threads were stopped: 0.0016410 seconds, Stopping threads took: 0.0001446 seconds
2024-10-07T05:55:55.762+0300: 1066.016: Application time: 0.5702790 seconds
2024-10-07T05:55:55.762+0300: 1066.016: [GC (Allocation Failure) 2024-10-07T05:55:55.762+0300: 1066.016: [ParNew: 412285K->2284K(460096K), 0.0018474 secs] 418476K->8476K(2046080K), 0.0019554 secs] [Times: user=0.00 sys=0.00, real=0.00 secs] 
2024-10-07T05:55:55.762+0300: 1066.018: Total time for which application threads were stopped: 0.0022457 seconds, Stopping threads took: 0.0001498 seconds
2024-10-07T05:55:56.327+0300: 1066.579: Application time: 0.5611032 seconds
2024-10-07T05:55:56.327+0300: 1066.580: [GC (Allocation Failure) 2024-10-07T05:55:56.327+0300: 1066.580: [ParNew: 410630K->2272K(460096K), 0.0011877 secs] 416822K->8464K(2046080K), 0.0012774 secs] [Times: user=0.00 sys=0.00, real=0.00 secs] 
2024-10-07T05:55:56.327+0300: 1066.581: Total time for which application threads were stopped: 0.0015046 seconds, Stopping threads took: 0.0001094 seconds
2024-10-07T05:55:56.891+0300: 1067.134: Application time: 0.5535473 seconds
2024-10-07T05:55:56.891+0300: 1067.135: [GC (Allocation Failure) 2024-10-07T05:55:56.891+0300: 1067.135: [ParNew: 411196K->5309K(460096K), 0.0017869 secs] 417388K->11502K(2046080K), 0.0018586 secs] [Times: user=0.00 sys=0.00, real=0.00 secs] 
2024-10-07T05:55:56.891+0300: 1067.137: Total time for which application threads were stopped: 0.0021119 seconds, Stopping threads took: 0.0001536 seconds
2024-10-07T05:55:57.456+0300: 1067.701: Application time: 0.5644575 seconds
2024-10-07T05:55:57.456+0300: 1067.701: [GC (Allocation Failure) 2024-10-07T05:55:57.456+0300: 1067.701: [ParNew: 414281K->5304K(460096K), 0.0020688 secs] 420474K->11498K(2046080K), 0.0021674 secs] [Times: user=0.00 sys=0.00, real=0.00 secs] 
2024-10-07T05:55:57.456+0300: 1067.703: Total time for which application threads were stopped: 0.0025129 seconds, Stopping threads took: 0.0001981 seconds
2024-10-07T05:55:58.024+0300: 1068.266: Application time: 0.5621963 seconds
2024-10-07T05:55:58.024+0300: 1068.266: [GC (Allocation Failure) 2024-10-07T05:55:58.024+0300: 1068.266: [ParNew: 413996K->5306K(460096K), 0.0016864 secs] 420190K->11500K(2046080K), 0.0017584 secs] [Times: user=0.00 sys=0.00, real=0.00 secs] 
2024-10-07T05:55:58.024+0300: 1068.268: Total time for which application threads were stopped: 0.0019694 seconds, Stopping threads took: 0.0001144 seconds
2024-10-07T05:55:58.586+0300: 1068.831: Application time: 0.5630500 seconds
2024-10-07T05:55:58.586+0300: 1068.831: [GC (Allocation Failure) 2024-10-07T05:55:58.586+0300: 1068.831: [ParNew: 413757K->4283K(460096K), 0.0020494 secs] 419951K->10478K(2046080K), 0.0021732 secs] [Times: user=0.00 sys=0.00, real=0.00 secs] 
2024-10-07T05:55:58.586+0300: 1068.833: Total time for which application threads were stopped: 0.0025264 seconds, Stopping threads took: 0.0002034 seconds
2024-10-07T05:55:59.135+0300: 1069.392: Application time: 0.5586826 seconds
2024-10-07T05:55:59.135+0300: 1069.392: [GC (Allocation Failure) 2024-10-07T05:55:59.151+0300: 1069.392: [ParNew: 413307K->4300K(460096K), 0.0018070 secs] 419502K->10496K(2046080K), 0.0019800 secs] [Times: user=0.00 sys=0.00, real=0.02 secs] 
2024-10-07T05:55:59.151+0300: 1069.394: Total time for which application threads were stopped: 0.0023489 seconds, Stopping threads took: 0.0002055 seconds
2024-10-07T05:55:59.716+0300: 1069.961: Application time: 0.5666143 seconds
2024-10-07T05:55:59.716+0300: 1069.961: [GC (Allocation Failure) 2024-10-07T05:55:59.716+0300: 1069.961: [ParNew: 413324K->4300K(460096K), 0.0016543 secs] 419520K->10496K(2046080K), 0.0017719 secs] [Times: user=0.02 sys=0.00, real=0.00 secs] 
2024-10-07T05:55:59.716+0300: 1069.963: Total time for which application threads were stopped: 0.0020331 seconds, Stopping threads took: 0.0001130 seconds
2024-10-07T05:56:00.266+0300: 1070.522: Application time: 0.5588923 seconds
2024-10-07T05:56:00.266+0300: 1070.522: [GC (Allocation Failure) 2024-10-07T05:56:00.281+0300: 1070.522: [ParNew: 413123K->4300K(460096K), 0.0016601 secs] 419319K->10497K(2046080K), 0.0018592 secs] [Times: user=0.02 sys=0.00, real=0.01 secs] 
2024-10-07T05:56:00.281+0300: 1070.524: Total time for which application threads were stopped: 0.0023221 seconds, Stopping threads took: 0.0003133 seconds
2024-10-07T05:56:00.847+0300: 1071.088: Application time: 0.5641584 seconds
2024-10-07T05:56:00.847+0300: 1071.089: [GC (Allocation Failure) 2024-10-07T05:56:00.847+0300: 1071.089: [ParNew: 413324K->4300K(460096K), 0.0015331 secs] 419521K->10497K(2046080K), 0.0016262 secs] [Times: user=0.00 sys=0.00, real=0.00 secs] 
2024-10-07T05:56:00.847+0300: 1071.090: Total time for which application threads were stopped: 0.0019354 seconds, Stopping threads took: 0.0001838 seconds
2024-10-07T05:56:01.397+0300: 1071.653: Application time: 0.5624898 seconds
2024-10-07T05:56:01.397+0300: 1071.653: [GC (Allocation Failure) 2024-10-07T05:56:01.397+0300: 1071.653: [ParNew: 412985K->4294K(460096K), 0.0014617 secs] 419183K->10492K(2046080K), 0.0015622 secs] [Times: user=0.01 sys=0.00, real=0.01 secs] 
2024-10-07T05:56:01.412+0300: 1071.655: Total time for which application threads were stopped: 0.0020050 seconds, Stopping threads took: 0.0002964 seconds
2024-10-07T05:56:01.962+0300: 1072.209: Application time: 0.5540324 seconds
2024-10-07T05:56:01.962+0300: 1072.209: [GC (Allocation Failure) 2024-10-07T05:56:01.962+0300: 1072.209: [ParNew: 413318K->4289K(460096K), 0.0017440 secs] 419516K->10487K(2046080K), 0.0018337 secs] [Times: user=0.00 sys=0.00, real=0.00 secs] 
2024-10-07T05:56:01.962+0300: 1072.211: Total time for which application threads were stopped: 0.0021170 seconds, Stopping threads took: 0.0001732 seconds
2024-10-07T05:56:02.527+0300: 1072.773: Application time: 0.5625006 seconds
2024-10-07T05:56:02.527+0300: 1072.774: [GC (Allocation Failure) 2024-10-07T05:56:02.527+0300: 1072.774: [ParNew: 412902K->5306K(460096K), 0.0016305 secs] 419101K->11505K(2046080K), 0.0017389 secs] [Times: user=0.00 sys=0.00, real=0.01 secs] 
2024-10-07T05:56:02.533+0300: 1072.775: Total time for which application threads were stopped: 0.0020671 seconds, Stopping threads took: 0.0001761 seconds
2024-10-07T05:56:03.076+0300: 1073.332: Application time: 0.5565681 seconds
2024-10-07T05:56:03.076+0300: 1073.332: [GC (Allocation Failure) 2024-10-07T05:56:03.076+0300: 1073.332: [ParNew: 414330K->4284K(460096K), 0.0018879 secs] 420529K->10484K(2046080K), 0.0019925 secs] [Times: user=0.02 sys=0.00, real=0.02 secs] 
2024-10-07T05:56:03.092+0300: 1073.334: Total time for which application threads were stopped: 0.0023760 seconds, Stopping threads took: 0.0002548 seconds
2024-10-07T05:56:03.658+0300: 1073.900: Application time: 0.5660729 seconds
2024-10-07T05:56:03.658+0300: 1073.901: [GC (Allocation Failure) 2024-10-07T05:56:03.658+0300: 1073.901: [ParNew: 412416K->5304K(460096K), 0.0016813 secs] 418616K->11504K(2046080K), 0.0017777 secs] [Times: user=0.00 sys=0.00, real=0.00 secs] 
2024-10-07T05:56:03.658+0300: 1073.902: Total time for which application threads were stopped: 0.0019819 seconds, Stopping threads took: 0.0000832 seconds
2024-10-07T05:56:04.207+0300: 1074.463: Application time: 0.5601943 seconds
2024-10-07T05:56:04.207+0300: 1074.463: [GC (Allocation Failure) 2024-10-07T05:56:04.207+0300: 1074.463: [ParNew: 414328K->5302K(460096K), 0.0023965 secs] 420528K->11503K(2046080K), 0.0024831 secs] [Times: user=0.01 sys=0.00, real=0.01 secs] 
2024-10-07T05:56:04.222+0300: 1074.465: Total time for which application threads were stopped: 0.0028027 seconds, Stopping threads took: 0.0002015 seconds
2024-10-07T05:56:04.882+0300: 1075.129: Application time: 0.6631898 seconds
2024-10-07T05:56:04.882+0300: 1075.129: [GC (Allocation Failure) 2024-10-07T05:56:04.882+0300: 1075.129: [ParNew: 413384K->5304K(460096K), 0.0020081 secs] 419585K->11506K(2046080K), 0.0021440 secs] [Times: user=0.00 sys=0.00, real=0.00 secs] 
2024-10-07T05:56:04.882+0300: 1075.131: Total time for which application threads were stopped: 0.0025130 seconds, Stopping threads took: 0.0002270 seconds
2024-10-07T05:56:05.446+0300: 1075.694: Application time: 0.5633104 seconds
2024-10-07T05:56:05.446+0300: 1075.695: [GC (Allocation Failure) 2024-10-07T05:56:05.446+0300: 1075.695: [ParNew: 413361K->2240K(460096K), 0.0013026 secs] 419562K->8443K(2046080K), 0.0014033 secs] [Times: user=0.01 sys=0.00, real=0.00 secs] 
2024-10-07T05:56:05.446+0300: 1075.696: Total time for which application threads were stopped: 0.0017583 seconds, Stopping threads took: 0.0002097 seconds
2024-10-07T05:56:06.011+0300: 1076.253: Application time: 0.5564455 seconds
2024-10-07T05:56:06.011+0300: 1076.253: [GC (Allocation Failure) 2024-10-07T05:56:06.011+0300: 1076.253: [ParNew: 411264K->5307K(460096K), 0.0015654 secs] 417467K->11510K(2046080K), 0.0016955 secs] [Times: user=0.00 sys=0.00, real=0.00 secs] 
2024-10-07T05:56:06.011+0300: 1076.255: Total time for which application threads were stopped: 0.0019591 seconds, Stopping threads took: 0.0001130 seconds
2024-10-07T05:56:06.560+0300: 1076.814: Application time: 0.5597608 seconds
2024-10-07T05:56:06.560+0300: 1076.815: [GC (Allocation Failure) 2024-10-07T05:56:06.560+0300: 1076.815: [ParNew: 413729K->3280K(460096K), 0.0013161 secs] 419932K->9484K(2046080K), 0.0014129 secs] [Times: user=0.00 sys=0.00, real=0.00 secs] 
2024-10-07T05:56:06.560+0300: 1076.816: Total time for which application threads were stopped: 0.0018049 seconds, Stopping threads took: 0.0002261 seconds
2024-10-07T05:56:07.125+0300: 1077.377: Application time: 0.5605812 seconds
2024-10-07T05:56:07.125+0300: 1077.377: [GC (Allocation Failure) 2024-10-07T05:56:07.125+0300: 1077.377: [ParNew: 412304K->4298K(460096K), 0.0015594 secs] 418508K->10502K(2046080K), 0.0016518 secs] [Times: user=0.00 sys=0.00, real=0.00 secs] 
2024-10-07T05:56:07.125+0300: 1077.379: Total time for which application threads were stopped: 0.0019626 seconds, Stopping threads took: 0.0001837 seconds
2024-10-07T05:56:07.753+0300: 1078.007: Application time: 0.6286124 seconds
2024-10-07T05:56:07.753+0300: 1078.008: [GC (Allocation Failure) 2024-10-07T05:56:07.753+0300: 1078.008: [ParNew: 413322K->4301K(460096K), 0.0019723 secs] 419526K->10506K(2046080K), 0.0020602 secs] [Times: user=0.00 sys=0.00, real=0.00 secs] 
2024-10-07T05:56:07.753+0300: 1078.010: Total time for which application threads were stopped: 0.0025263 seconds, Stopping threads took: 0.0003370 seconds
2024-10-07T05:56:08.319+0300: 1078.573: Application time: 0.5631673 seconds
2024-10-07T05:56:08.319+0300: 1078.573: [GC (Allocation Failure) 2024-10-07T05:56:08.319+0300: 1078.573: [ParNew: 413325K->5306K(460096K), 0.0021809 secs] 419530K->11511K(2046080K), 0.0023065 secs] [Times: user=0.02 sys=0.00, real=0.02 secs] 
2024-10-07T05:56:08.334+0300: 1078.576: Total time for which application threads were stopped: 0.0026828 seconds, Stopping threads took: 0.0002096 seconds
2024-10-07T05:56:08.884+0300: 1079.139: Application time: 0.5629564 seconds
2024-10-07T05:56:08.884+0300: 1079.139: [GC (Allocation Failure) 2024-10-07T05:56:08.884+0300: 1079.139: [ParNew: 413883K->4284K(460096K), 0.0015868 secs] 420088K->10490K(2046080K), 0.0017411 secs] [Times: user=0.00 sys=0.00, real=0.00 secs] 
2024-10-07T05:56:08.884+0300: 1079.141: Total time for which application threads were stopped: 0.0021154 seconds, Stopping threads took: 0.0002063 seconds
2024-10-07T05:56:09.465+0300: 1079.708: Application time: 0.5668190 seconds
2024-10-07T05:56:09.465+0300: 1079.708: [GC (Allocation Failure) 2024-10-07T05:56:09.465+0300: 1079.708: [ParNew: 413208K->3281K(460096K), 0.0012618 secs] 419414K->9487K(2046080K), 0.0013912 secs] [Times: user=0.00 sys=0.00, real=0.00 secs] 
2024-10-07T05:56:09.465+0300: 1079.709: Total time for which application threads were stopped: 0.0017328 seconds, Stopping threads took: 0.0001727 seconds
2024-10-07T05:56:10.015+0300: 1080.268: Application time: 0.5583078 seconds
2024-10-07T05:56:10.015+0300: 1080.268: [GC (Allocation Failure) 2024-10-07T05:56:10.015+0300: 1080.268: [ParNew: 411781K->5308K(460096K), 0.0018551 secs] 417987K->11515K(2046080K), 0.0019647 secs] [Times: user=0.00 sys=0.00, real=0.00 secs] 
2024-10-07T05:56:10.015+0300: 1080.270: Total time for which application threads were stopped: 0.0023176 seconds, Stopping threads took: 0.0002140 seconds
2024-10-07T05:56:10.580+0300: 1080.832: Application time: 0.5616873 seconds
2024-10-07T05:56:10.580+0300: 1080.832: [GC (Allocation Failure) 2024-10-07T05:56:10.580+0300: 1080.832: [ParNew: 413787K->4298K(460096K), 0.0015576 secs] 419995K->10506K(2046080K), 0.0016842 secs] [Times: user=0.00 sys=0.00, real=0.00 secs] 
2024-10-07T05:56:10.580+0300: 1080.834: Total time for which application threads were stopped: 0.0020226 seconds, Stopping threads took: 0.0002060 seconds
2024-10-07T05:56:11.150+0300: 1081.393: Application time: 0.5590571 seconds
2024-10-07T05:56:11.150+0300: 1081.393: [GC (Allocation Failure) 2024-10-07T05:56:11.150+0300: 1081.393: [ParNew: 413108K->4284K(460096K), 0.0015671 secs] 419316K->10493K(2046080K), 0.0016362 secs] [Times: user=0.00 sys=0.00, real=0.00 secs] 
2024-10-07T05:56:11.150+0300: 1081.395: Total time for which application threads were stopped: 0.0019252 seconds, Stopping threads took: 0.0001832 seconds
2024-10-07T05:56:11.710+0300: 1081.957: Application time: 0.5626108 seconds
2024-10-07T05:56:11.710+0300: 1081.958: [GC (Allocation Failure) 2024-10-07T05:56:11.710+0300: 1081.958: [ParNew: 412696K->5304K(460096K), 0.0016563 secs] 418904K->11513K(2046080K), 0.0017890 secs] [Times: user=0.00 sys=0.00, real=0.00 secs] 
2024-10-07T05:56:11.710+0300: 1081.959: Total time for which application threads were stopped: 0.0021295 seconds, Stopping threads took: 0.0002042 seconds
2024-10-07T05:56:12.275+0300: 1082.520: Application time: 0.5608920 seconds
2024-10-07T05:56:12.275+0300: 1082.521: [GC (Allocation Failure) 2024-10-07T05:56:12.275+0300: 1082.521: [ParNew: 414170K->5305K(460096K), 0.0017356 secs] 420379K->11514K(2046080K), 0.0018048 secs] [Times: user=0.00 sys=0.00, real=0.00 secs] 
2024-10-07T05:56:12.275+0300: 1082.522: Total time for which application threads were stopped: 0.0020602 seconds, Stopping threads took: 0.0001618 seconds
2024-10-07T05:56:12.839+0300: 1083.088: Application time: 0.5658764 seconds
2024-10-07T05:56:12.839+0300: 1083.089: [GC (Allocation Failure) 2024-10-07T05:56:12.839+0300: 1083.089: [ParNew: 414329K->5306K(460096K), 0.0017181 secs] 420538K->11516K(2046080K), 0.0018058 secs] [Times: user=0.00 sys=0.00, real=0.00 secs] 
2024-10-07T05:56:12.839+0300: 1083.091: Total time for which application threads were stopped: 0.0022129 seconds, Stopping threads took: 0.0002830 seconds
2024-10-07T05:56:13.404+0300: 1083.655: Application time: 0.5649327 seconds
2024-10-07T05:56:13.404+0300: 1083.656: [GC (Allocation Failure) 2024-10-07T05:56:13.404+0300: 1083.656: [ParNew: 414330K->4282K(460096K), 0.0015969 secs] 420540K->10493K(2046080K), 0.0017035 secs] [Times: user=0.00 sys=0.00, real=0.00 secs] 
2024-10-07T05:56:13.404+0300: 1083.657: Total time for which application threads were stopped: 0.0020026 seconds, Stopping threads took: 0.0001549 seconds
2024-10-07T05:56:13.969+0300: 1084.214: Application time: 0.5562240 seconds
2024-10-07T05:56:13.969+0300: 1084.214: [GC (Allocation Failure) 2024-10-07T05:56:13.969+0300: 1084.214: [ParNew: 412758K->4296K(460096K), 0.0015664 secs] 418969K->10508K(2046080K), 0.0016514 secs] [Times: user=0.00 sys=0.00, real=0.00 secs] 
2024-10-07T05:56:13.969+0300: 1084.216: Total time for which application threads were stopped: 0.0018997 seconds, Stopping threads took: 0.0001347 seconds
2024-10-07T05:56:14.534+0300: 1084.781: Application time: 0.5653104 seconds
2024-10-07T05:56:14.534+0300: 1084.781: [GC (Allocation Failure) 2024-10-07T05:56:14.534+0300: 1084.781: [ParNew: 413320K->2257K(460096K), 0.0011969 secs] 419532K->8470K(2046080K), 0.0012594 secs] [Times: user=0.00 sys=0.00, real=0.00 secs] 
2024-10-07T05:56:14.534+0300: 1084.782: Total time for which application threads were stopped: 0.0015265 seconds, Stopping threads took: 0.0001741 seconds
2024-10-07T05:56:15.099+0300: 1085.343: Application time: 0.5610059 seconds
2024-10-07T05:56:15.099+0300: 1085.344: [GC (Allocation Failure) 2024-10-07T05:56:15.099+0300: 1085.344: [ParNew: 411281K->4289K(460096K), 0.0015109 secs] 417494K->10501K(2046080K), 0.0016376 secs] [Times: user=0.00 sys=0.00, real=0.00 secs] 
2024-10-07T05:56:15.099+0300: 1085.345: Total time for which application threads were stopped: 0.0019205 seconds, Stopping threads took: 0.0001677 seconds
2024-10-07T05:56:15.660+0300: 1085.904: Application time: 0.5589894 seconds
2024-10-07T05:56:15.660+0300: 1085.905: [GC (Allocation Failure) 2024-10-07T05:56:15.660+0300: 1085.905: [ParNew: 413313K->5311K(460096K), 0.0017060 secs] 419525K->11524K(2046080K), 0.0017788 secs] [Times: user=0.00 sys=0.00, real=0.00 secs] 
2024-10-07T05:56:15.665+0300: 1085.906: Total time for which application threads were stopped: 0.0021026 seconds, Stopping threads took: 0.0002193 seconds
2024-10-07T05:56:16.214+0300: 1086.466: Application time: 0.5597191 seconds
2024-10-07T05:56:16.214+0300: 1086.467: [GC (Allocation Failure) 2024-10-07T05:56:16.214+0300: 1086.467: [ParNew: 414335K->5302K(460096K), 0.0016473 secs] 420548K->11516K(2046080K), 0.0017379 secs] [Times: user=0.00 sys=0.00, real=0.00 secs] 
2024-10-07T05:56:16.214+0300: 1086.468: Total time for which application threads were stopped: 0.0021386 seconds, Stopping threads took: 0.0002298 seconds
2024-10-07T05:56:16.779+0300: 1087.034: Application time: 0.5656951 seconds
2024-10-07T05:56:16.779+0300: 1087.034: [GC (Allocation Failure) 2024-10-07T05:56:16.779+0300: 1087.034: [ParNew: 413596K->5306K(460096K), 0.0016995 secs] 419811K->11521K(2046080K), 0.0018119 secs] [Times: user=0.03 sys=0.00, real=0.02 secs] 
2024-10-07T05:56:16.795+0300: 1087.036: Total time for which application threads were stopped: 0.0021594 seconds, Stopping threads took: 0.0001960 seconds
2024-10-07T05:56:17.344+0300: 1087.600: Application time: 0.5637858 seconds
2024-10-07T05:56:17.344+0300: 1087.600: [GC (Allocation Failure) 2024-10-07T05:56:17.344+0300: 1087.600: [ParNew: 414330K->4302K(460096K), 0.0015280 secs] 420545K->10517K(2046080K), 0.0016322 secs] [Times: user=0.02 sys=0.00, real=0.02 secs] 
2024-10-07T05:56:17.360+0300: 1087.602: Total time for which application threads were stopped: 0.0018948 seconds, Stopping threads took: 0.0001436 seconds
2024-10-07T05:56:17.909+0300: 1088.159: Application time: 0.5575842 seconds
2024-10-07T05:56:17.909+0300: 1088.160: [GC (Allocation Failure) 2024-10-07T05:56:17.909+0300: 1088.160: [ParNew: 412674K->4298K(460096K), 0.0014774 secs] 418889K->10514K(2046080K), 0.0015620 secs] [Times: user=0.00 sys=0.00, real=0.00 secs] 
2024-10-07T05:56:17.909+0300: 1088.161: Total time for which application threads were stopped: 0.0018553 seconds, Stopping threads took: 0.0001811 seconds
2024-10-07T05:56:18.474+0300: 1088.728: Application time: 0.5666458 seconds
2024-10-07T05:56:18.474+0300: 1088.728: [GC (Allocation Failure) 2024-10-07T05:56:18.474+0300: 1088.728: [ParNew: 413322K->5304K(460096K), 0.0020298 secs] 419538K->11521K(2046080K), 0.0021555 secs] [Times: user=0.00 sys=0.00, real=0.00 secs] 
2024-10-07T05:56:18.474+0300: 1088.730: Total time for which application threads were stopped: 0.0023951 seconds, Stopping threads took: 0.0001044 seconds
2024-10-07T05:56:19.039+0300: 1089.288: Application time: 0.5578017 seconds
2024-10-07T05:56:19.039+0300: 1089.288: [GC (Allocation Failure) 2024-10-07T05:56:19.039+0300: 1089.288: [ParNew: 413926K->4302K(460096K), 0.0013706 secs] 420143K->10519K(2046080K), 0.0014433 secs] [Times: user=0.00 sys=0.00, real=0.00 secs] 
2024-10-07T05:56:19.039+0300: 1089.290: Total time for which application threads were stopped: 0.0017456 seconds, Stopping threads took: 0.0002000 seconds
2024-10-07T05:56:19.604+0300: 1089.852: Application time: 0.5617518 seconds
2024-10-07T05:56:19.604+0300: 1089.852: [GC (Allocation Failure) 2024-10-07T05:56:19.604+0300: 1089.852: [ParNew: 412617K->3260K(460096K), 0.0014161 secs] 418835K->9478K(2046080K), 0.0014847 secs] [Times: user=0.00 sys=0.00, real=0.00 secs] 
2024-10-07T05:56:19.604+0300: 1089.853: Total time for which application threads were stopped: 0.0017206 seconds, Stopping threads took: 0.0001412 seconds
2024-10-07T05:56:20.153+0300: 1090.408: Application time: 0.5545074 seconds
2024-10-07T05:56:20.153+0300: 1090.408: [GC (Allocation Failure) 2024-10-07T05:56:20.153+0300: 1090.408: [ParNew: 411933K->3277K(460096K), 0.0019064 secs] 418151K->9496K(2046080K), 0.0019861 secs] [Times: user=0.01 sys=0.00, real=0.01 secs] 
2024-10-07T05:56:20.168+0300: 1090.410: Total time for which application threads were stopped: 0.0022957 seconds, Stopping threads took: 0.0001974 seconds
2024-10-07T05:56:20.733+0300: 1090.975: Application time: 0.5647433 seconds
2024-10-07T05:56:20.733+0300: 1090.975: [GC (Allocation Failure) 2024-10-07T05:56:20.733+0300: 1090.975: [ParNew: 412301K->2256K(460096K), 0.0012642 secs] 418520K->8475K(2046080K), 0.0013372 secs] [Times: user=0.00 sys=0.00, real=0.00 secs] 
2024-10-07T05:56:20.733+0300: 1090.977: Total time for which application threads were stopped: 0.0016014 seconds, Stopping threads took: 0.0001639 seconds
2024-10-07T05:56:21.283+0300: 1091.535: Application time: 0.5580414 seconds
2024-10-07T05:56:21.283+0300: 1091.535: [GC (Allocation Failure) 2024-10-07T05:56:21.283+0300: 1091.535: [ParNew: 411094K->4301K(460096K), 0.0015245 secs] 417313K->10521K(2046080K), 0.0015972 secs] [Times: user=0.00 sys=0.00, real=0.00 secs] 
2024-10-07T05:56:21.283+0300: 1091.536: Total time for which application threads were stopped: 0.0018609 seconds, Stopping threads took: 0.0001643 seconds
2024-10-07T05:56:21.847+0300: 1092.100: Application time: 0.5633541 seconds
2024-10-07T05:56:21.847+0300: 1092.100: [GC (Allocation Failure) 2024-10-07T05:56:21.847+0300: 1092.100: [ParNew: 413325K->3281K(460096K), 0.0013879 secs] 419545K->9501K(2046080K), 0.0014672 secs] [Times: user=0.00 sys=0.00, real=0.00 secs] 
2024-10-07T05:56:21.847+0300: 1092.102: Total time for which application threads were stopped: 0.0017452 seconds, Stopping threads took: 0.0001738 seconds
2024-10-07T05:56:22.412+0300: 1092.662: Application time: 0.5602321 seconds
2024-10-07T05:56:22.412+0300: 1092.662: [GC (Allocation Failure) 2024-10-07T05:56:22.412+0300: 1092.662: [ParNew: 412305K->4286K(460096K), 0.0014938 secs] 418525K->10507K(2046080K), 0.0015891 secs] [Times: user=0.00 sys=0.00, real=0.00 secs] 
2024-10-07T05:56:22.412+0300: 1092.664: Total time for which application threads were stopped: 0.0018794 seconds, Stopping threads took: 0.0001559 seconds
2024-10-07T05:56:22.977+0300: 1093.220: Application time: 0.5558274 seconds
2024-10-07T05:56:22.977+0300: 1093.220: [GC (Allocation Failure) 2024-10-07T05:56:22.977+0300: 1093.220: [ParNew: 413174K->5304K(460096K), 0.0015905 secs] 419396K->11526K(2046080K), 0.0016693 secs] [Times: user=0.00 sys=0.00, real=0.00 secs] 
2024-10-07T05:56:22.977+0300: 1093.221: Total time for which application threads were stopped: 0.0019800 seconds, Stopping threads took: 0.0001507 seconds
2024-10-07T05:56:23.542+0300: 1093.789: Application time: 0.5670163 seconds
2024-10-07T05:56:23.542+0300: 1093.789: [GC (Allocation Failure) 2024-10-07T05:56:23.542+0300: 1093.789: [ParNew: 414226K->4281K(460096K), 0.0015142 secs] 420447K->10504K(2046080K), 0.0016172 secs] [Times: user=0.00 sys=0.00, real=0.00 secs] 
2024-10-07T05:56:23.542+0300: 1093.790: Total time for which application threads were stopped: 0.0019046 seconds, Stopping threads took: 0.0001489 seconds
2024-10-07T05:56:24.092+0300: 1094.347: Application time: 0.5561083 seconds
2024-10-07T05:56:24.092+0300: 1094.347: [GC (Allocation Failure) 2024-10-07T05:56:24.092+0300: 1094.347: [ParNew: 412899K->4298K(460096K), 0.0013763 secs] 419121K->10521K(2046080K), 0.0014597 secs] [Times: user=0.00 sys=0.00, real=0.00 secs] 
2024-10-07T05:56:24.092+0300: 1094.348: Total time for which application threads were stopped: 0.0017626 seconds, Stopping threads took: 0.0001854 seconds
2024-10-07T05:56:24.672+0300: 1094.914: Application time: 0.5653701 seconds
2024-10-07T05:56:24.672+0300: 1094.914: [GC (Allocation Failure) 2024-10-07T05:56:24.672+0300: 1094.914: [ParNew: 412347K->5306K(460096K), 0.0016942 secs] 418570K->11530K(2046080K), 0.0017806 secs] [Times: user=0.00 sys=0.00, real=0.00 secs] 
2024-10-07T05:56:24.672+0300: 1094.916: Total time for which application threads were stopped: 0.0020903 seconds, Stopping threads took: 0.0001973 seconds
2024-10-07T05:56:25.221+0300: 1095.475: Application time: 0.5590794 seconds
2024-10-07T05:56:25.221+0300: 1095.475: [GC (Allocation Failure) 2024-10-07T05:56:25.221+0300: 1095.475: [ParNew: 413655K->4300K(460096K), 0.0014645 secs] 419878K->10525K(2046080K), 0.0015419 secs] [Times: user=0.00 sys=0.00, real=0.00 secs] 
2024-10-07T05:56:25.221+0300: 1095.477: Total time for which application threads were stopped: 0.0018437 seconds, Stopping threads took: 0.0002025 seconds
2024-10-07T05:56:25.787+0300: 1096.038: Application time: 0.5615647 seconds
2024-10-07T05:56:25.787+0300: 1096.039: [GC (Allocation Failure) 2024-10-07T05:56:25.787+0300: 1096.039: [ParNew: 412387K->5304K(460096K), 0.0017426 secs] 418611K->11529K(2046080K), 0.0018233 secs] [Times: user=0.00 sys=0.00, real=0.00 secs] 
2024-10-07T05:56:25.787+0300: 1096.040: Total time for which application threads were stopped: 0.0021289 seconds, Stopping threads took: 0.0001988 seconds
2024-10-07T05:56:26.351+0300: 1096.606: Application time: 0.5658357 seconds
2024-10-07T05:56:26.351+0300: 1096.606: [GC (Allocation Failure) 2024-10-07T05:56:26.351+0300: 1096.607: [ParNew: 414328K->3266K(460096K), 0.0017412 secs] 420553K->9492K(2046080K), 0.0018569 secs] [Times: user=0.02 sys=0.00, real=0.02 secs] 
2024-10-07T05:56:26.367+0300: 1096.608: Total time for which application threads were stopped: 0.0021489 seconds, Stopping threads took: 0.0001488 seconds
2024-10-07T05:56:26.916+0300: 1097.163: Application time: 0.5541285 seconds
2024-10-07T05:56:26.916+0300: 1097.163: [GC (Allocation Failure) 2024-10-07T05:56:26.916+0300: 1097.163: [ParNew: 412017K->5304K(460096K), 0.0015829 secs] 418243K->11530K(2046080K), 0.0016582 secs] [Times: user=0.00 sys=0.00, real=0.00 secs] 
2024-10-07T05:56:26.916+0300: 1097.164: Total time for which application threads were stopped: 0.0019356 seconds, Stopping threads took: 0.0001749 seconds
2024-10-07T05:56:27.484+0300: 1097.733: Application time: 0.5689435 seconds
2024-10-07T05:56:27.484+0300: 1097.734: [GC (Allocation Failure) 2024-10-07T05:56:27.484+0300: 1097.734: [ParNew: 414035K->5305K(460096K), 0.0015912 secs] 420261K->11531K(2046080K), 0.0016661 secs] [Times: user=0.00 sys=0.00, real=0.00 secs] 
2024-10-07T05:56:27.484+0300: 1097.735: Total time for which application threads were stopped: 0.0019208 seconds, Stopping threads took: 0.0001524 seconds
2024-10-07T05:56:28.046+0300: 1098.289: Application time: 0.5540786 seconds
2024-10-07T05:56:28.046+0300: 1098.290: [GC (Allocation Failure) 2024-10-07T05:56:28.046+0300: 1098.290: [ParNew: 413801K->5304K(460096K), 0.0015386 secs] 420028K->11531K(2046080K), 0.0016655 secs] [Times: user=0.00 sys=0.00, real=0.00 secs] 
2024-10-07T05:56:28.046+0300: 1098.291: Total time for which application threads were stopped: 0.0019401 seconds, Stopping threads took: 0.0001781 seconds
2024-10-07T05:56:28.612+0300: 1098.856: Application time: 0.5645236 seconds
2024-10-07T05:56:28.612+0300: 1098.856: [GC (Allocation Failure) 2024-10-07T05:56:28.612+0300: 1098.856: [ParNew: 414328K->5304K(460096K), 0.0017073 secs] 420555K->11532K(2046080K), 0.0017807 secs] [Times: user=0.02 sys=0.00, real=0.00 secs] 
2024-10-07T05:56:28.612+0300: 1098.858: Total time for which application threads were stopped: 0.0020080 seconds, Stopping threads took: 0.0001144 seconds
2024-10-07T05:56:29.161+0300: 1099.417: Application time: 0.5593680 seconds
2024-10-07T05:56:29.176+0300: 1099.418: [GC (Allocation Failure) 2024-10-07T05:56:29.176+0300: 1099.418: [ParNew: 414328K->4285K(460096K), 0.0014653 secs] 420556K->10514K(2046080K), 0.0015421 secs] [Times: user=0.00 sys=0.00, real=0.00 secs] 
2024-10-07T05:56:29.176+0300: 1099.419: Total time for which application threads were stopped: 0.0018775 seconds, Stopping threads took: 0.0002297 seconds
2024-10-07T05:56:29.726+0300: 1099.980: Application time: 0.5606528 seconds
2024-10-07T05:56:29.726+0300: 1099.980: [GC (Allocation Failure) 2024-10-07T05:56:29.726+0300: 1099.980: [ParNew: 413166K->4288K(460096K), 0.0014168 secs] 419395K->10517K(2046080K), 0.0014885 secs] [Times: user=0.00 sys=0.00, real=0.00 secs] 
2024-10-07T05:56:29.726+0300: 1099.982: Total time for which application threads were stopped: 0.0018406 seconds, Stopping threads took: 0.0002467 seconds
2024-10-07T05:56:30.291+0300: 1100.542: Application time: 0.5601203 seconds
2024-10-07T05:56:30.291+0300: 1100.542: [GC (Allocation Failure) 2024-10-07T05:56:30.291+0300: 1100.542: [ParNew: 413312K->5308K(460096K), 0.0016615 secs] 419541K->11538K(2046080K), 0.0017446 secs] [Times: user=0.00 sys=0.00, real=0.00 secs] 
2024-10-07T05:56:30.291+0300: 1100.544: Total time for which application threads were stopped: 0.0020371 seconds, Stopping threads took: 0.0001762 seconds
2024-10-07T05:56:30.856+0300: 1101.108: Application time: 0.5639812 seconds
2024-10-07T05:56:30.856+0300: 1101.108: [GC (Allocation Failure) 2024-10-07T05:56:30.856+0300: 1101.108: [ParNew: 413822K->5306K(460096K), 0.0016523 secs] 420052K->11537K(2046080K), 0.0017302 secs] [Times: user=0.01 sys=0.00, real=0.00 secs] 
2024-10-07T05:56:30.856+0300: 1101.110: Total time for which application threads were stopped: 0.0020442 seconds, Stopping threads took: 0.0002095 seconds
2024-10-07T05:56:31.421+0300: 1101.677: Application time: 0.5667730 seconds
2024-10-07T05:56:31.421+0300: 1101.677: [GC (Allocation Failure) 2024-10-07T05:56:31.421+0300: 1101.677: [ParNew: 414330K->5306K(460096K), 0.0018318 secs] 420561K->11537K(2046080K), 0.0019075 secs] [Times: user=0.02 sys=0.00, real=0.02 secs] 
2024-10-07T05:56:31.437+0300: 1101.679: Total time for which application threads were stopped: 0.0021962 seconds, Stopping threads took: 0.0001851 seconds
2024-10-07T05:56:31.993+0300: 1102.234: Application time: 0.5555798 seconds
2024-10-07T05:56:31.993+0300: 1102.235: [GC (Allocation Failure) 2024-10-07T05:56:31.993+0300: 1102.235: [ParNew: 413547K->3274K(460096K), 0.0016752 secs] 419779K->9506K(2046080K), 0.0017525 secs] [Times: user=0.02 sys=0.00, real=0.00 secs] 
2024-10-07T05:56:31.993+0300: 1102.236: Total time for which application threads were stopped: 0.0020546 seconds, Stopping threads took: 0.0001861 seconds
2024-10-07T05:56:32.552+0300: 1102.800: Application time: 0.5639285 seconds
2024-10-07T05:56:32.552+0300: 1102.801: [GC (Allocation Failure) 2024-10-07T05:56:32.552+0300: 1102.801: [ParNew: 411775K->2258K(460096K), 0.0012629 secs] 418006K->8490K(2046080K), 0.0013562 secs] [Times: user=0.00 sys=0.00, real=0.00 secs] 
2024-10-07T05:56:32.552+0300: 1102.802: Total time for which application threads were stopped: 0.0016113 seconds, Stopping threads took: 0.0001251 seconds
2024-10-07T05:56:33.101+0300: 1103.358: Application time: 0.5556084 seconds
2024-10-07T05:56:33.101+0300: 1103.358: [GC (Allocation Failure) 2024-10-07T05:56:33.101+0300: 1103.358: [ParNew: 410465K->5306K(460096K), 0.0017409 secs] 416697K->11539K(2046080K), 0.0018828 secs] [Times: user=0.00 sys=0.00, real=0.02 secs] 
2024-10-07T05:56:33.117+0300: 1103.360: Total time for which application threads were stopped: 0.0021375 seconds, Stopping threads took: 0.0001483 seconds
2024-10-07T05:56:33.667+0300: 1103.922: Application time: 0.5620146 seconds
2024-10-07T05:56:33.667+0300: 1103.922: [GC (Allocation Failure) 2024-10-07T05:56:33.667+0300: 1103.922: [ParNew: 414330K->5305K(460096K), 0.0017966 secs] 420563K->11538K(2046080K), 0.0018738 secs] [Times: user=0.02 sys=0.00, real=0.01 secs] 
2024-10-07T05:56:33.682+0300: 1103.924: Total time for which application threads were stopped: 0.0021724 seconds, Stopping threads took: 0.0001925 seconds
2024-10-07T05:56:34.232+0300: 1104.482: Application time: 0.5581396 seconds
2024-10-07T05:56:34.232+0300: 1104.482: [GC (Allocation Failure) 2024-10-07T05:56:34.232+0300: 1104.482: [ParNew: 413306K->5306K(460096K), 0.0016917 secs] 419540K->11540K(2046080K), 0.0017784 secs] [Times: user=0.00 sys=0.00, real=0.00 secs] 
2024-10-07T05:56:34.232+0300: 1104.484: Total time for which application threads were stopped: 0.0021156 seconds, Stopping threads took: 0.0002272 seconds
2024-10-07T05:56:34.799+0300: 1105.046: Application time: 0.5618969 seconds
2024-10-07T05:56:34.799+0300: 1105.046: [GC (Allocation Failure) 2024-10-07T05:56:34.799+0300: 1105.046: [ParNew: 414074K->4304K(460096K), 0.0015388 secs] 420309K->10539K(2046080K), 0.0016047 secs] [Times: user=0.00 sys=0.00, real=0.00 secs] 
2024-10-07T05:56:34.799+0300: 1105.048: Total time for which application threads were stopped: 0.0018629 seconds, Stopping threads took: 0.0001618 seconds
2024-10-07T05:56:35.362+0300: 1105.614: Application time: 0.5658295 seconds
2024-10-07T05:56:35.362+0300: 1105.614: [GC (Allocation Failure) 2024-10-07T05:56:35.362+0300: 1105.614: [ParNew: 413328K->4282K(460096K), 0.0014534 secs] 419563K->10517K(2046080K), 0.0015556 secs] [Times: user=0.00 sys=0.00, real=0.00 secs] 
2024-10-07T05:56:35.362+0300: 1105.616: Total time for which application threads were stopped: 0.0019284 seconds, Stopping threads took: 0.0002433 seconds
2024-10-07T05:56:35.927+0300: 1106.170: Application time: 0.5541533 seconds
2024-10-07T05:56:35.927+0300: 1106.170: [GC (Allocation Failure) 2024-10-07T05:56:35.927+0300: 1106.170: [ParNew: 413306K->4298K(460096K), 0.0016146 secs] 419541K->10535K(2046080K), 0.0016892 secs] [Times: user=0.00 sys=0.00, real=0.00 secs] 
2024-10-07T05:56:35.927+0300: 1106.172: Total time for which application threads were stopped: 0.0019616 seconds, Stopping threads took: 0.0001724 seconds
2024-10-07T05:56:36.491+0300: 1106.738: Application time: 0.5664318 seconds
2024-10-07T05:56:36.491+0300: 1106.738: [GC (Allocation Failure) 2024-10-07T05:56:36.491+0300: 1106.739: [ParNew: 412997K->4299K(460096K), 0.0015112 secs] 419234K->10535K(2046080K), 0.0015900 secs] [Times: user=0.00 sys=0.00, real=0.00 secs] 
2024-10-07T05:56:36.491+0300: 1106.740: Total time for which application threads were stopped: 0.0018733 seconds, Stopping threads took: 0.0001504 seconds
2024-10-07T05:56:37.056+0300: 1107.298: Application time: 0.5582494 seconds
2024-10-07T05:56:37.056+0300: 1107.299: [GC (Allocation Failure) 2024-10-07T05:56:37.056+0300: 1107.299: [ParNew: 412796K->4280K(460096K), 0.0012791 secs] 419032K->10518K(2046080K), 0.0013646 secs] [Times: user=0.00 sys=0.00, real=0.00 secs] 
2024-10-07T05:56:37.056+0300: 1107.300: Total time for which application threads were stopped: 0.0016717 seconds, Stopping threads took: 0.0001861 seconds
2024-10-07T05:56:37.606+0300: 1107.861: Application time: 0.5613003 seconds
2024-10-07T05:56:37.606+0300: 1107.862: [GC (Allocation Failure) 2024-10-07T05:56:37.606+0300: 1107.862: [ParNew: 413304K->3280K(460096K), 0.0015524 secs] 419542K->9518K(2046080K), 0.0016297 secs] [Times: user=0.02 sys=0.00, real=0.02 secs] 
2024-10-07T05:56:37.621+0300: 1107.863: Total time for which application threads were stopped: 0.0020209 seconds, Stopping threads took: 0.0002630 seconds
2024-10-07T05:56:38.171+0300: 1108.420: Application time: 0.5566815 seconds
2024-10-07T05:56:38.171+0300: 1108.420: [GC (Allocation Failure) 2024-10-07T05:56:38.171+0300: 1108.420: [ParNew: 411480K->4285K(460096K), 0.0013938 secs] 417718K->10524K(2046080K), 0.0014754 secs] [Times: user=0.00 sys=0.00, real=0.00 secs] 
2024-10-07T05:56:38.171+0300: 1108.422: Total time for which application threads were stopped: 0.0017689 seconds, Stopping threads took: 0.0001872 seconds
2024-10-07T05:56:38.736+0300: 1108.985: Application time: 0.5634373 seconds
2024-10-07T05:56:38.736+0300: 1108.985: [GC (Allocation Failure) 2024-10-07T05:56:38.736+0300: 1108.986: [ParNew: 412616K->3283K(460096K), 0.0011890 secs] 418855K->9523K(2046080K), 0.0012545 secs] [Times: user=0.00 sys=0.00, real=0.00 secs] 
2024-10-07T05:56:38.736+0300: 1108.987: Total time for which application threads were stopped: 0.0014963 seconds, Stopping threads took: 0.0001462 seconds
2024-10-07T05:56:39.301+0300: 1109.544: Application time: 0.5568148 seconds
2024-10-07T05:56:39.301+0300: 1109.544: [GC (Allocation Failure) 2024-10-07T05:56:39.301+0300: 1109.544: [ParNew: 411415K->3265K(460096K), 0.0012751 secs] 417655K->9505K(2046080K), 0.0013457 secs] [Times: user=0.00 sys=0.00, real=0.00 secs] 
2024-10-07T05:56:39.301+0300: 1109.545: Total time for which application threads were stopped: 0.0016225 seconds, Stopping threads took: 0.0001791 seconds
2024-10-07T05:56:39.851+0300: 1110.107: Application time: 0.5621680 seconds
2024-10-07T05:56:39.851+0300: 1110.108: [GC (Allocation Failure) 2024-10-07T05:56:39.867+0300: 1110.108: [ParNew: 411675K->5309K(460096K), 0.0015787 secs] 417915K->11550K(2046080K), 0.0017133 secs] [Times: user=0.00 sys=0.00, real=0.02 secs] 
2024-10-07T05:56:39.867+0300: 1110.109: Total time for which application threads were stopped: 0.0020175 seconds, Stopping threads took: 0.0001920 seconds
2024-10-07T05:56:40.432+0300: 1110.674: Application time: 0.5641233 seconds
2024-10-07T05:56:40.432+0300: 1110.674: [GC (Allocation Failure) 2024-10-07T05:56:40.432+0300: 1110.674: [ParNew: 413430K->4300K(460096K), 0.0016282 secs] 419670K->10541K(2046080K), 0.0017223 secs] [Times: user=0.00 sys=0.00, real=0.00 secs] 
2024-10-07T05:56:40.432+0300: 1110.676: Total time for which application threads were stopped: 0.0020642 seconds, Stopping threads took: 0.0002112 seconds
2024-10-07T05:56:40.981+0300: 1111.235: Application time: 0.5597882 seconds
2024-10-07T05:56:40.981+0300: 1111.236: [GC (Allocation Failure) 2024-10-07T05:56:40.981+0300: 1111.236: [ParNew: 413324K->3277K(460096K), 0.0015333 secs] 419565K->9518K(2046080K), 0.0016192 secs] [Times: user=0.00 sys=0.00, real=0.00 secs] 
2024-10-07T05:56:40.981+0300: 1111.237: Total time for which application threads were stopped: 0.0020216 seconds, Stopping threads took: 0.0002964 seconds
2024-10-07T05:56:41.546+0300: 1111.802: Application time: 0.5643116 seconds
2024-10-07T05:56:41.546+0300: 1111.802: [GC (Allocation Failure) 2024-10-07T05:56:41.546+0300: 1111.802: [ParNew: 412116K->5308K(460096K), 0.0019519 secs] 418358K->11550K(2046080K), 0.0020218 secs] [Times: user=0.02 sys=0.00, real=0.02 secs] 
2024-10-07T05:56:41.562+0300: 1111.804: Total time for which application threads were stopped: 0.0023194 seconds, Stopping threads took: 0.0001773 seconds
2024-10-07T05:56:42.113+0300: 1112.364: Application time: 0.5600800 seconds
2024-10-07T05:56:42.113+0300: 1112.364: [GC (Allocation Failure) 2024-10-07T05:56:42.113+0300: 1112.364: [ParNew: 414332K->4316K(460096K), 0.0016445 secs] 420574K->10559K(2046080K), 0.0017253 secs] [Times: user=0.00 sys=0.00, real=0.00 secs] 
2024-10-07T05:56:42.113+0300: 1112.366: Total time for which application threads were stopped: 0.0020071 seconds, Stopping threads took: 0.0001811 seconds
2024-10-07T05:56:42.677+0300: 1112.926: Application time: 0.5595155 seconds
2024-10-07T05:56:42.677+0300: 1112.926: [GC (Allocation Failure) 2024-10-07T05:56:42.677+0300: 1112.926: [ParNew: 412423K->5307K(460096K), 0.0019179 secs] 418666K->11550K(2046080K), 0.0020516 secs] [Times: user=0.00 sys=0.00, real=0.00 secs] 
2024-10-07T05:56:42.677+0300: 1112.928: Total time for which application threads were stopped: 0.0023955 seconds, Stopping threads took: 0.0001921 seconds
2024-10-07T05:56:43.242+0300: 1113.486: Application time: 0.5578624 seconds
2024-10-07T05:56:43.242+0300: 1113.486: [GC (Allocation Failure) 2024-10-07T05:56:43.242+0300: 1113.486: [ParNew: 413593K->4282K(460096K), 0.0016858 secs] 419836K->10526K(2046080K), 0.0017606 secs] [Times: user=0.00 sys=0.00, real=0.00 secs] 
2024-10-07T05:56:43.242+0300: 1113.488: Total time for which application threads were stopped: 0.0019931 seconds, Stopping threads took: 0.0001304 seconds
2024-10-07T05:56:43.807+0300: 1114.054: Application time: 0.5658431 seconds
2024-10-07T05:56:43.807+0300: 1114.054: [GC (Allocation Failure) 2024-10-07T05:56:43.807+0300: 1114.054: [ParNew: 413306K->4302K(460096K), 0.0016341 secs] 419550K->10547K(2046080K), 0.0016998 secs] [Times: user=0.00 sys=0.00, real=0.00 secs] 
2024-10-07T05:56:43.807+0300: 1114.056: Total time for which application threads were stopped: 0.0019271 seconds, Stopping threads took: 0.0001312 seconds
2024-10-07T05:56:44.372+0300: 1114.619: Application time: 0.5631262 seconds
2024-10-07T05:56:44.372+0300: 1114.619: [GC (Allocation Failure) 2024-10-07T05:56:44.372+0300: 1114.619: [ParNew: 413326K->5304K(460096K), 0.0017053 secs] 419571K->11550K(2046080K), 0.0017967 secs] [Times: user=0.00 sys=0.00, real=0.00 secs] 
2024-10-07T05:56:44.372+0300: 1114.621: Total time for which application threads were stopped: 0.0021375 seconds, Stopping threads took: 0.0002216 seconds
2024-10-07T05:56:44.937+0300: 1115.178: Application time: 0.5574851 seconds
2024-10-07T05:56:44.937+0300: 1115.179: [GC (Allocation Failure) 2024-10-07T05:56:44.937+0300: 1115.179: [ParNew: 414068K->4298K(460096K), 0.0014809 secs] 420314K->10545K(2046080K), 0.0015688 secs] [Times: user=0.00 sys=0.00, real=0.00 secs] 
2024-10-07T05:56:44.937+0300: 1115.180: Total time for which application threads were stopped: 0.0018500 seconds, Stopping threads took: 0.0001705 seconds
2024-10-07T05:56:45.502+0300: 1115.745: Application time: 0.5643791 seconds
2024-10-07T05:56:45.502+0300: 1115.745: [GC (Allocation Failure) 2024-10-07T05:56:45.502+0300: 1115.745: [ParNew: 412941K->4283K(460096K), 0.0016259 secs] 419187K->10530K(2046080K), 0.0017345 secs] [Times: user=0.00 sys=0.00, real=0.00 secs] 
2024-10-07T05:56:45.502+0300: 1115.747: Total time for which application threads were stopped: 0.0020722 seconds, Stopping threads took: 0.0002071 seconds
2024-10-07T05:56:46.052+0300: 1116.305: Application time: 0.5581874 seconds
2024-10-07T05:56:46.052+0300: 1116.305: [GC (Allocation Failure) 2024-10-07T05:56:46.052+0300: 1116.305: [ParNew: 413307K->4298K(460096K), 0.0019273 secs] 419554K->10546K(2046080K), 0.0020021 secs] [Times: user=0.00 sys=0.00, real=0.00 secs] 
2024-10-07T05:56:46.052+0300: 1116.307: Total time for which application threads were stopped: 0.0022846 seconds, Stopping threads took: 0.0001853 seconds
2024-10-07T05:56:46.623+0300: 1116.872: Application time: 0.5651072 seconds
2024-10-07T05:56:46.623+0300: 1116.873: [GC (Allocation Failure) 2024-10-07T05:56:46.623+0300: 1116.873: [ParNew: 413313K->3278K(460096K), 0.0016924 secs] 419561K->9526K(2046080K), 0.0017698 secs] [Times: user=0.00 sys=0.00, real=0.01 secs] 
2024-10-07T05:56:46.632+0300: 1116.874: Total time for which application threads were stopped: 0.0021511 seconds, Stopping threads took: 0.0002412 seconds
2024-10-07T05:56:47.182+0300: 1117.428: Application time: 0.5535673 seconds
2024-10-07T05:56:47.182+0300: 1117.428: [GC (Allocation Failure) 2024-10-07T05:56:47.182+0300: 1117.428: [ParNew: 411294K->3282K(460096K), 0.0014807 secs] 417542K->9531K(2046080K), 0.0015678 secs] [Times: user=0.00 sys=0.00, real=0.00 secs] 
2024-10-07T05:56:47.182+0300: 1117.430: Total time for which application threads were stopped: 0.0018600 seconds, Stopping threads took: 0.0001701 seconds
2024-10-07T05:56:47.748+0300: 1117.994: Application time: 0.5642826 seconds
2024-10-07T05:56:47.748+0300: 1117.994: [GC (Allocation Failure) 2024-10-07T05:56:47.748+0300: 1117.997: [ParNew: 412306K->3298K(460096K), 0.0023223 secs] 418555K->9547K(2046080K), 0.0046440 secs] [Times: user=0.00 sys=0.00, real=0.00 secs] 
2024-10-07T05:56:47.748+0300: 1117.999: Total time for which application threads were stopped: 0.0048926 seconds, Stopping threads took: 0.0001414 seconds
2024-10-07T05:56:48.313+0300: 1118.554: Application time: 0.5551524 seconds
2024-10-07T05:56:48.313+0300: 1118.555: [GC (Allocation Failure) 2024-10-07T05:56:48.313+0300: 1118.555: [ParNew: 411535K->5307K(460096K), 0.0022683 secs] 417785K->11557K(2046080K), 0.0023498 secs] [Times: user=0.00 sys=0.00, real=0.00 secs] 
2024-10-07T05:56:48.313+0300: 1118.557: Total time for which application threads were stopped: 0.0028175 seconds, Stopping threads took: 0.0003427 seconds
2024-10-07T05:56:48.863+0300: 1119.118: Application time: 0.5610954 seconds
2024-10-07T05:56:48.863+0300: 1119.118: [GC (Allocation Failure) 2024-10-07T05:56:48.863+0300: 1119.119: [ParNew: 413430K->5307K(460096K), 0.0019296 secs] 419680K->11557K(2046080K), 0.0020086 secs] [Times: user=0.02 sys=0.00, real=0.02 secs] 
2024-10-07T05:56:48.879+0300: 1119.121: Total time for which application threads were stopped: 0.0023329 seconds, Stopping threads took: 0.0002191 seconds
2024-10-07T05:56:49.428+0300: 1119.685: Application time: 0.5640752 seconds
2024-10-07T05:56:49.428+0300: 1119.685: [GC (Allocation Failure) 2024-10-07T05:56:49.428+0300: 1119.685: [ParNew: 413493K->5304K(460096K), 0.0019259 secs] 419743K->11556K(2046080K), 0.0020227 secs] [Times: user=0.01 sys=0.00, real=0.02 secs] 
2024-10-07T05:56:49.444+0300: 1119.687: Total time for which application threads were stopped: 0.0023262 seconds, Stopping threads took: 0.0001933 seconds
2024-10-07T05:56:49.993+0300: 1120.245: Application time: 0.5578844 seconds
2024-10-07T05:56:49.993+0300: 1120.245: [GC (Allocation Failure) 2024-10-07T05:56:49.993+0300: 1120.245: [ParNew: 414328K->5304K(460096K), 0.0018445 secs] 420580K->11556K(2046080K), 0.0019178 secs] [Times: user=0.00 sys=0.00, real=0.00 secs] 
2024-10-07T05:56:49.993+0300: 1120.247: Total time for which application threads were stopped: 0.0022365 seconds, Stopping threads took: 0.0002136 seconds
2024-10-07T05:56:50.559+0300: 1120.813: Application time: 0.5655768 seconds
2024-10-07T05:56:50.559+0300: 1120.813: [GC (Allocation Failure) 2024-10-07T05:56:50.559+0300: 1120.813: [ParNew: 414328K->5306K(460096K), 0.0019057 secs] 420580K->11559K(2046080K), 0.0019796 secs] [Times: user=0.00 sys=0.00, real=0.00 secs] 
2024-10-07T05:56:50.559+0300: 1120.815: Total time for which application threads were stopped: 0.0022822 seconds, Stopping threads took: 0.0002082 seconds
2024-10-07T05:56:51.132+0300: 1121.374: Application time: 0.5589135 seconds
2024-10-07T05:56:51.132+0300: 1121.374: [GC (Allocation Failure) 2024-10-07T05:56:51.132+0300: 1121.374: [ParNew: 414152K->5304K(460096K), 0.0018009 secs] 420404K->11557K(2046080K), 0.0018769 secs] [Times: user=0.00 sys=0.00, real=0.00 secs] 
2024-10-07T05:56:51.132+0300: 1121.376: Total time for which application threads were stopped: 0.0021396 seconds, Stopping threads took: 0.0001504 seconds
2024-10-07T05:56:51.688+0300: 1121.939: Application time: 0.5635056 seconds
2024-10-07T05:56:51.688+0300: 1121.940: [GC (Allocation Failure) 2024-10-07T05:56:51.688+0300: 1121.940: [ParNew: 414177K->4302K(460096K), 0.0015979 secs] 420430K->10556K(2046080K), 0.0016851 secs] [Times: user=0.00 sys=0.00, real=0.00 secs] 
2024-10-07T05:56:51.688+0300: 1121.941: Total time for which application threads were stopped: 0.0019962 seconds, Stopping threads took: 0.0001698 seconds
2024-10-07T05:56:52.253+0300: 1122.501: Application time: 0.5592539 seconds
2024-10-07T05:56:52.253+0300: 1122.501: [GC (Allocation Failure) 2024-10-07T05:56:52.253+0300: 1122.501: [ParNew: 413147K->4283K(460096K), 0.0017164 secs] 419401K->10537K(2046080K), 0.0017909 secs] [Times: user=0.00 sys=0.00, real=0.00 secs] 
2024-10-07T05:56:52.253+0300: 1122.503: Total time for which application threads were stopped: 0.0020505 seconds, Stopping threads took: 0.0001600 seconds
2024-10-07T05:56:52.818+0300: 1123.067: Application time: 0.5645026 seconds
2024-10-07T05:56:52.818+0300: 1123.068: [GC (Allocation Failure) 2024-10-07T05:56:52.818+0300: 1123.068: [ParNew: 413307K->3277K(460096K), 0.0014538 secs] 419561K->9532K(2046080K), 0.0015386 secs] [Times: user=0.00 sys=0.00, real=0.00 secs] 
2024-10-07T05:56:52.818+0300: 1123.069: Total time for which application threads were stopped: 0.0018435 seconds, Stopping threads took: 0.0001711 seconds
2024-10-07T05:56:53.384+0300: 1123.630: Application time: 0.5604559 seconds
2024-10-07T05:56:53.384+0300: 1123.630: [GC (Allocation Failure) 2024-10-07T05:56:53.384+0300: 1123.630: [ParNew: 411788K->4281K(460096K), 0.0016100 secs] 418043K->10537K(2046080K), 0.0017149 secs] [Times: user=0.00 sys=0.00, real=0.00 secs] 
2024-10-07T05:56:53.384+0300: 1123.632: Total time for which application threads were stopped: 0.0020971 seconds, Stopping threads took: 0.0002363 seconds
2024-10-07T05:56:53.949+0300: 1124.190: Application time: 0.5586295 seconds
2024-10-07T05:56:53.949+0300: 1124.191: [GC (Allocation Failure) 2024-10-07T05:56:53.949+0300: 1124.191: [ParNew: 413305K->5302K(460096K), 0.0017703 secs] 419561K->11559K(2046080K), 0.0018666 secs] [Times: user=0.00 sys=0.00, real=0.00 secs] 
2024-10-07T05:56:53.949+0300: 1124.192: Total time for which application threads were stopped: 0.0021554 seconds, Stopping threads took: 0.0001640 seconds
2024-10-07T05:56:54.514+0300: 1124.759: Application time: 0.5665630 seconds
2024-10-07T05:56:54.514+0300: 1124.759: [GC (Allocation Failure) 2024-10-07T05:56:54.514+0300: 1124.759: [ParNew: 414326K->4278K(460096K), 0.0015438 secs] 420583K->10535K(2046080K), 0.0016126 secs] [Times: user=0.00 sys=0.00, real=0.00 secs] 
2024-10-07T05:56:54.514+0300: 1124.761: Total time for which application threads were stopped: 0.0017978 seconds, Stopping threads took: 0.0000983 seconds
2024-10-07T05:56:55.063+0300: 1125.317: Application time: 0.5562712 seconds
2024-10-07T05:56:55.063+0300: 1125.317: [GC (Allocation Failure) 2024-10-07T05:56:55.063+0300: 1125.318: [ParNew: 413099K->3266K(460096K), 0.0013820 secs] 419356K->9523K(2046080K), 0.0014531 secs] [Times: user=0.00 sys=0.00, real=0.00 secs] 
2024-10-07T05:56:55.063+0300: 1125.319: Total time for which application threads were stopped: 0.0018477 seconds, Stopping threads took: 0.0002988 seconds
2024-10-07T05:56:55.644+0300: 1125.888: Application time: 0.5686310 seconds
2024-10-07T05:56:55.644+0300: 1125.888: [GC (Allocation Failure) 2024-10-07T05:56:55.644+0300: 1125.888: [ParNew: 411288K->5309K(460096K), 0.0018648 secs] 417546K->11567K(2046080K), 0.0019699 secs] [Times: user=0.00 sys=0.00, real=0.00 secs] 
2024-10-07T05:56:55.644+0300: 1125.890: Total time for which application threads were stopped: 0.0023965 seconds, Stopping threads took: 0.0002829 seconds
2024-10-07T05:56:56.210+0300: 1126.454: Application time: 0.5643697 seconds
2024-10-07T05:56:56.210+0300: 1126.455: [GC (Allocation Failure) 2024-10-07T05:56:56.210+0300: 1126.455: [ParNew: 414333K->5306K(460096K), 0.0018137 secs] 420591K->11565K(2046080K), 0.0019081 secs] [Times: user=0.06 sys=0.00, real=0.00 secs] 
2024-10-07T05:56:56.210+0300: 1126.457: Total time for which application threads were stopped: 0.0021566 seconds, Stopping threads took: 0.0001374 seconds
2024-10-07T05:56:56.790+0300: 1127.033: Application time: 0.5763738 seconds
2024-10-07T05:56:56.790+0300: 1127.033: [GC (Allocation Failure) 2024-10-07T05:56:56.790+0300: 1127.033: [ParNew: 414330K->4278K(460096K), 0.0015395 secs] 420589K->10538K(2046080K), 0.0016254 secs] [Times: user=0.05 sys=0.00, real=0.00 secs] 
2024-10-07T05:56:56.790+0300: 1127.035: Total time for which application threads were stopped: 0.0018643 seconds, Stopping threads took: 0.0001314 seconds
2024-10-07T05:56:57.354+0300: 1127.605: Application time: 0.5704765 seconds
2024-10-07T05:56:57.354+0300: 1127.606: [GC (Allocation Failure) 2024-10-07T05:56:57.354+0300: 1127.608: [ParNew: 413302K->4294K(460096K), 0.0020350 secs] 419562K->10554K(2046080K), 0.0043412 secs] [Times: user=0.00 sys=0.00, real=0.00 secs] 
2024-10-07T05:56:57.354+0300: 1127.610: Total time for which application threads were stopped: 0.0047173 seconds, Stopping threads took: 0.0002634 seconds
2024-10-07T05:56:57.919+0300: 1128.166: Application time: 0.5559500 seconds
2024-10-07T05:56:57.919+0300: 1128.166: [GC (Allocation Failure) 2024-10-07T05:56:57.919+0300: 1128.166: [ParNew: 412446K->5304K(460096K), 0.0018393 secs] 418706K->11565K(2046080K), 0.0019179 secs] [Times: user=0.00 sys=0.00, real=0.00 secs] 
2024-10-07T05:56:57.919+0300: 1128.168: Total time for which application threads were stopped: 0.0021810 seconds, Stopping threads took: 0.0001465 seconds
2024-10-07T05:56:58.484+0300: 1128.734: Application time: 0.5654079 seconds
2024-10-07T05:56:58.484+0300: 1128.734: [GC (Allocation Failure) 2024-10-07T05:56:58.484+0300: 1128.734: [ParNew: 414328K->3280K(460096K), 0.0014590 secs] 420589K->9542K(2046080K), 0.0015514 secs] [Times: user=0.02 sys=0.00, real=0.00 secs] 
2024-10-07T05:56:58.484+0300: 1128.735: Total time for which application threads were stopped: 0.0018527 seconds, Stopping threads took: 0.0001817 seconds
2024-10-07T05:56:59.049+0300: 1129.295: Application time: 0.5594217 seconds
2024-10-07T05:56:59.049+0300: 1129.295: [GC (Allocation Failure) 2024-10-07T05:56:59.049+0300: 1129.295: [ParNew: 411977K->3278K(460096K), 0.0013711 secs] 418238K->9540K(2046080K), 0.0014697 secs] [Times: user=0.00 sys=0.00, real=0.00 secs] 
2024-10-07T05:56:59.049+0300: 1129.297: Total time for which application threads were stopped: 0.0018882 seconds, Stopping threads took: 0.0002847 seconds
2024-10-07T05:56:59.614+0300: 1129.857: Application time: 0.5604215 seconds
2024-10-07T05:56:59.614+0300: 1129.857: [GC (Allocation Failure) 2024-10-07T05:56:59.614+0300: 1129.857: [ParNew: 411500K->5304K(460096K), 0.0016588 secs] 417762K->11567K(2046080K), 0.0017573 secs] [Times: user=0.00 sys=0.00, real=0.00 secs] 
2024-10-07T05:56:59.614+0300: 1129.859: Total time for which application threads were stopped: 0.0020422 seconds, Stopping threads took: 0.0001586 seconds
2024-10-07T05:57:00.164+0300: 1130.419: Application time: 0.5597121 seconds
2024-10-07T05:57:00.164+0300: 1130.419: [GC (Allocation Failure) 2024-10-07T05:57:00.164+0300: 1130.419: [ParNew: 413615K->3296K(460096K), 0.0014895 secs] 419878K->9560K(2046080K), 0.0015984 secs] [Times: user=0.02 sys=0.00, real=0.01 secs] 
2024-10-07T05:57:00.179+0300: 1130.421: Total time for which application threads were stopped: 0.0019016 seconds, Stopping threads took: 0.0001703 seconds
2024-10-07T05:57:00.744+0300: 1130.986: Application time: 0.5649744 seconds
2024-10-07T05:57:00.744+0300: 1130.986: [GC (Allocation Failure) 2024-10-07T05:57:00.744+0300: 1130.986: [ParNew: 412320K->4300K(460096K), 0.0015289 secs] 418584K->10564K(2046080K), 0.0016146 secs] [Times: user=0.03 sys=0.00, real=0.00 secs] 
2024-10-07T05:57:00.744+0300: 1130.988: Total time for which application threads were stopped: 0.0019803 seconds, Stopping threads took: 0.0002553 seconds
2024-10-07T05:57:01.303+0300: 1131.545: Application time: 0.5569152 seconds
2024-10-07T05:57:01.304+0300: 1131.545: [GC (Allocation Failure) 2024-10-07T05:57:01.304+0300: 1131.545: [ParNew: 412765K->5307K(460096K), 0.0017901 secs] 419029K->11571K(2046080K), 0.0018878 secs] [Times: user=0.00 sys=0.00, real=0.00 secs] 
2024-10-07T05:57:01.305+0300: 1131.547: Total time for which application threads were stopped: 0.0021950 seconds, Stopping threads took: 0.0001857 seconds
2024-10-07T05:57:01.858+0300: 1132.112: Application time: 0.5654907 seconds
2024-10-07T05:57:01.858+0300: 1132.113: [GC (Allocation Failure) 2024-10-07T05:57:01.858+0300: 1132.113: [ParNew: 413323K->4284K(460096K), 0.0017527 secs] 419587K->10549K(2046080K), 0.0018422 secs] [Times: user=0.00 sys=0.00, real=0.00 secs] 
2024-10-07T05:57:01.858+0300: 1132.115: Total time for which application threads were stopped: 0.0022015 seconds, Stopping threads took: 0.0002372 seconds
2024-10-07T05:57:02.439+0300: 1132.683: Application time: 0.5688505 seconds
2024-10-07T05:57:02.439+0300: 1132.684: [GC (Allocation Failure) 2024-10-07T05:57:02.439+0300: 1132.684: [ParNew: 413308K->5308K(460096K), 0.0017718 secs] 419573K->11574K(2046080K), 0.0018726 secs] [Times: user=0.00 sys=0.00, real=0.00 secs] 
2024-10-07T05:57:02.439+0300: 1132.686: Total time for which application threads were stopped: 0.0021377 seconds, Stopping threads took: 0.0001457 seconds
2024-10-07T05:57:03.004+0300: 1133.246: Application time: 0.5603922 seconds
2024-10-07T05:57:03.004+0300: 1133.246: [GC (Allocation Failure) 2024-10-07T05:57:03.004+0300: 1133.246: [ParNew: 414332K->4281K(460096K), 0.0015627 secs] 420598K->10548K(2046080K), 0.0016296 secs] [Times: user=0.00 sys=0.00, real=0.00 secs] 
2024-10-07T05:57:03.004+0300: 1133.248: Total time for which application threads were stopped: 0.0019123 seconds, Stopping threads took: 0.0001563 seconds
2024-10-07T05:57:03.569+0300: 1133.816: Application time: 0.5685746 seconds
2024-10-07T05:57:03.569+0300: 1133.817: [GC (Allocation Failure) 2024-10-07T05:57:03.569+0300: 1133.817: [ParNew: 413305K->4284K(460096K), 0.0015584 secs] 419572K->10551K(2046080K), 0.0016359 secs] [Times: user=0.00 sys=0.00, real=0.00 secs] 
2024-10-07T05:57:03.569+0300: 1133.818: Total time for which application threads were stopped: 0.0019483 seconds, Stopping threads took: 0.0001968 seconds
2024-10-07T05:57:04.134+0300: 1134.381: Application time: 0.5624573 seconds
2024-10-07T05:57:04.134+0300: 1134.381: [GC (Allocation Failure) 2024-10-07T05:57:04.134+0300: 1134.381: [ParNew: 412997K->5304K(460096K), 0.0018610 secs] 419264K->11572K(2046080K), 0.0019370 secs] [Times: user=0.00 sys=0.00, real=0.00 secs] 
2024-10-07T05:57:04.134+0300: 1134.383: Total time for which application threads were stopped: 0.0022578 seconds, Stopping threads took: 0.0002045 seconds
2024-10-07T05:57:04.700+0300: 1134.955: Application time: 0.5718702 seconds
2024-10-07T05:57:04.700+0300: 1134.955: [GC (Allocation Failure) 2024-10-07T05:57:04.700+0300: 1134.955: [ParNew: 414102K->5306K(460096K), 0.0021024 secs] 420369K->11574K(2046080K), 0.0022044 secs] [Times: user=0.02 sys=0.00, real=0.01 secs] 
2024-10-07T05:57:04.715+0300: 1134.957: Total time for which application threads were stopped: 0.0024889 seconds, Stopping threads took: 0.0001276 seconds
2024-10-07T05:57:05.265+0300: 1135.516: Application time: 0.5587427 seconds
2024-10-07T05:57:05.265+0300: 1135.516: [GC (Allocation Failure) 2024-10-07T05:57:05.265+0300: 1135.517: [ParNew: 413597K->5306K(460096K), 0.0019376 secs] 419865K->11575K(2046080K), 0.0020551 secs] [Times: user=0.00 sys=0.00, real=0.00 secs] 
2024-10-07T05:57:05.265+0300: 1135.519: Total time for which application threads were stopped: 0.0023646 seconds, Stopping threads took: 0.0001704 seconds
2024-10-07T05:57:05.830+0300: 1136.084: Application time: 0.5652328 seconds
2024-10-07T05:57:05.830+0300: 1136.084: [GC (Allocation Failure) 2024-10-07T05:57:05.830+0300: 1136.084: [ParNew: 413432K->5306K(460096K), 0.0017623 secs] 419701K->11576K(2046080K), 0.0018350 secs] [Times: user=0.00 sys=0.00, real=0.00 secs] 
2024-10-07T05:57:05.830+0300: 1136.086: Total time for which application threads were stopped: 0.0021208 seconds, Stopping threads took: 0.0001880 seconds
2024-10-07T05:57:06.400+0300: 1136.652: Application time: 0.5658808 seconds
2024-10-07T05:57:06.400+0300: 1136.652: [GC (Allocation Failure) 2024-10-07T05:57:06.400+0300: 1136.652: [ParNew: 414330K->5306K(460096K), 0.0020055 secs] 420600K->11576K(2046080K), 0.0020925 secs] [Times: user=0.00 sys=0.00, real=0.01 secs] 
2024-10-07T05:57:06.411+0300: 1136.654: Total time for which application threads were stopped: 0.0025105 seconds, Stopping threads took: 0.0002908 seconds
2024-10-07T05:57:06.964+0300: 1137.213: Application time: 0.5587730 seconds
2024-10-07T05:57:06.964+0300: 1137.213: [GC (Allocation Failure) 2024-10-07T05:57:06.964+0300: 1137.213: [ParNew: 413661K->4300K(460096K), 0.0014486 secs] 419931K->10571K(2046080K), 0.0015380 secs] [Times: user=0.03 sys=0.00, real=0.00 secs] 
2024-10-07T05:57:06.964+0300: 1137.215: Total time for which application threads were stopped: 0.0018678 seconds, Stopping threads took: 0.0002160 seconds
2024-10-07T05:57:07.525+0300: 1137.778: Application time: 0.5631083 seconds
2024-10-07T05:57:07.525+0300: 1137.778: [GC (Allocation Failure) 2024-10-07T05:57:07.525+0300: 1137.778: [ParNew: 412490K->4281K(460096K), 0.0016772 secs] 418761K->10552K(2046080K), 0.0017667 secs] [Times: user=0.00 sys=0.00, real=0.00 secs] 
2024-10-07T05:57:07.525+0300: 1137.780: Total time for which application threads were stopped: 0.0020842 seconds, Stopping threads took: 0.0002028 seconds
2024-10-07T05:57:08.089+0300: 1138.341: Application time: 0.5604259 seconds
2024-10-07T05:57:08.089+0300: 1138.341: [GC (Allocation Failure) 2024-10-07T05:57:08.089+0300: 1138.341: [ParNew: 413305K->3274K(460096K), 0.0014583 secs] 419576K->9546K(2046080K), 0.0015265 secs] [Times: user=0.00 sys=0.00, real=0.00 secs] 
2024-10-07T05:57:08.089+0300: 1138.342: Total time for which application threads were stopped: 0.0018119 seconds, Stopping threads took: 0.0001860 seconds
2024-10-07T05:57:08.653+0300: 1138.906: Application time: 0.5634373 seconds
2024-10-07T05:57:08.653+0300: 1138.906: [GC (Allocation Failure) 2024-10-07T05:57:08.653+0300: 1138.906: [ParNew: 411395K->4287K(460096K), 0.0019199 secs] 417667K->10560K(2046080K), 0.0020193 secs] [Times: user=0.03 sys=0.00, real=0.00 secs] 
2024-10-07T05:57:08.653+0300: 1138.908: Total time for which application threads were stopped: 0.0023659 seconds, Stopping threads took: 0.0001684 seconds
2024-10-07T05:57:09.218+0300: 1139.468: Application time: 0.5597189 seconds
2024-10-07T05:57:09.218+0300: 1139.468: [GC (Allocation Failure) 2024-10-07T05:57:09.218+0300: 1139.468: [ParNew: 413311K->2242K(460096K), 0.0014607 secs] 419584K->8515K(2046080K), 0.0015247 secs] [Times: user=0.00 sys=0.00, real=0.00 secs] 
2024-10-07T05:57:09.218+0300: 1139.470: Total time for which application threads were stopped: 0.0017631 seconds, Stopping threads took: 0.0001462 seconds
2024-10-07T05:57:09.783+0300: 1140.031: Application time: 0.5615953 seconds
2024-10-07T05:57:09.783+0300: 1140.031: [GC (Allocation Failure) 2024-10-07T05:57:09.783+0300: 1140.032: [ParNew: 411078K->5307K(460096K), 0.0017447 secs] 417351K->11581K(2046080K), 0.0018214 secs] [Times: user=0.00 sys=0.00, real=0.00 secs] 
2024-10-07T05:57:09.783+0300: 1140.033: Total time for which application threads were stopped: 0.0020549 seconds, Stopping threads took: 0.0001406 seconds
2024-10-07T05:57:10.348+0300: 1140.593: Application time: 0.5592861 seconds
2024-10-07T05:57:10.348+0300: 1140.593: [GC (Allocation Failure) 2024-10-07T05:57:10.348+0300: 1140.593: [ParNew: 413706K->5306K(460096K), 0.0018351 secs] 419979K->11581K(2046080K), 0.0019311 secs] [Times: user=0.00 sys=0.00, real=0.00 secs] 
2024-10-07T05:57:10.348+0300: 1140.595: Total time for which application threads were stopped: 0.0022171 seconds, Stopping threads took: 0.0001518 seconds
2024-10-07T05:57:10.898+0300: 1141.152: Application time: 0.5566979 seconds
2024-10-07T05:57:10.898+0300: 1141.152: [GC (Allocation Failure) 2024-10-07T05:57:10.898+0300: 1141.152: [ParNew: 414123K->5304K(460096K), 0.0019284 secs] 420398K->11579K(2046080K), 0.0020085 secs] [Times: user=0.00 sys=0.00, real=0.00 secs] 
2024-10-07T05:57:10.898+0300: 1141.154: Total time for which application threads were stopped: 0.0023016 seconds, Stopping threads took: 0.0001852 seconds
2024-10-07T05:57:11.473+0300: 1141.720: Application time: 0.5659686 seconds
2024-10-07T05:57:11.479+0300: 1141.720: [GC (Allocation Failure) 2024-10-07T05:57:11.479+0300: 1141.720: [ParNew: 413999K->5304K(460096K), 0.0017864 secs] 420274K->11580K(2046080K), 0.0018727 secs] [Times: user=0.00 sys=0.00, real=0.00 secs] 
2024-10-07T05:57:11.479+0300: 1141.722: Total time for which application threads were stopped: 0.0022450 seconds, Stopping threads took: 0.0001971 seconds
2024-10-07T05:57:12.029+0300: 1142.279: Application time: 0.5565431 seconds
2024-10-07T05:57:12.029+0300: 1142.279: [GC (Allocation Failure) 2024-10-07T05:57:12.029+0300: 1142.279: [ParNew: 413339K->3292K(460096K), 0.0013953 secs] 419615K->9568K(2046080K), 0.0014707 secs] [Times: user=0.00 sys=0.00, real=0.00 secs] 
2024-10-07T05:57:12.029+0300: 1142.280: Total time for which application threads were stopped: 0.0017478 seconds, Stopping threads took: 0.0001736 seconds
2024-10-07T05:57:12.594+0300: 1142.843: Application time: 0.5630135 seconds
2024-10-07T05:57:12.594+0300: 1142.844: [GC (Allocation Failure) 2024-10-07T05:57:12.594+0300: 1142.844: [ParNew: 411524K->2252K(460096K), 0.0012572 secs] 417800K->8529K(2046080K), 0.0013194 secs] [Times: user=0.00 sys=0.00, real=0.00 secs] 
2024-10-07T05:57:12.594+0300: 1142.845: Total time for which application threads were stopped: 0.0015810 seconds, Stopping threads took: 0.0001717 seconds
2024-10-07T05:57:13.159+0300: 1143.400: Application time: 0.5551469 seconds
2024-10-07T05:57:13.159+0300: 1143.400: [GC (Allocation Failure) 2024-10-07T05:57:13.159+0300: 1143.400: [ParNew: 411161K->5306K(460096K), 0.0016978 secs] 417438K->11583K(2046080K), 0.0017838 secs] [Times: user=0.00 sys=0.00, real=0.00 secs] 
2024-10-07T05:57:13.159+0300: 1143.402: Total time for which application threads were stopped: 0.0020313 seconds, Stopping threads took: 0.0001445 seconds
2024-10-07T05:57:13.709+0300: 1143.965: Application time: 0.5632365 seconds
2024-10-07T05:57:13.724+0300: 1143.966: [GC (Allocation Failure) 2024-10-07T05:57:13.724+0300: 1143.966: [ParNew: 414048K->4282K(460096K), 0.0014968 secs] 420326K->10560K(2046080K), 0.0015933 secs] [Times: user=0.00 sys=0.00, real=0.00 secs] 
2024-10-07T05:57:13.724+0300: 1143.967: Total time for which application threads were stopped: 0.0019747 seconds, Stopping threads took: 0.0002592 seconds
2024-10-07T05:57:14.279+0300: 1144.527: Application time: 0.5596862 seconds
2024-10-07T05:57:14.279+0300: 1144.527: [GC (Allocation Failure) 2024-10-07T05:57:14.279+0300: 1144.527: [ParNew: 412644K->3264K(460096K), 0.0016305 secs] 418922K->9543K(2046080K), 0.0016940 secs] [Times: user=0.00 sys=0.00, real=0.00 secs] 
2024-10-07T05:57:14.279+0300: 1144.529: Total time for which application threads were stopped: 0.0019816 seconds, Stopping threads took: 0.0001917 seconds
2024-10-07T05:57:14.839+0300: 1145.089: Application time: 0.5601181 seconds
2024-10-07T05:57:14.839+0300: 1145.089: [GC (Allocation Failure) 2024-10-07T05:57:14.839+0300: 1145.090: [ParNew: 411505K->5307K(460096K), 0.0021203 secs] 417784K->11586K(2046080K), 0.0022007 secs] [Times: user=0.00 sys=0.00, real=0.00 secs] 
2024-10-07T05:57:14.839+0300: 1145.092: Total time for which application threads were stopped: 0.0025229 seconds, Stopping threads took: 0.0001962 seconds
2024-10-07T05:57:15.404+0300: 1145.657: Application time: 0.5655164 seconds
2024-10-07T05:57:15.404+0300: 1145.657: [GC (Allocation Failure) 2024-10-07T05:57:15.404+0300: 1145.658: [ParNew: 414211K->5308K(460096K), 0.0018380 secs] 420491K->11588K(2046080K), 0.0019366 secs] [Times: user=0.00 sys=0.00, real=0.00 secs] 
2024-10-07T05:57:15.404+0300: 1145.659: Total time for which application threads were stopped: 0.0022432 seconds, Stopping threads took: 0.0001655 seconds
2024-10-07T05:57:15.969+0300: 1146.216: Application time: 0.5570105 seconds
2024-10-07T05:57:15.969+0300: 1146.217: [GC (Allocation Failure) 2024-10-07T05:57:15.969+0300: 1146.217: [ParNew: 413605K->5304K(460096K), 0.0019228 secs] 419885K->11585K(2046080K), 0.0019996 secs] [Times: user=0.00 sys=0.00, real=0.00 secs] 
2024-10-07T05:57:15.969+0300: 1146.219: Total time for which application threads were stopped: 0.0022582 seconds, Stopping threads took: 0.0001553 seconds
2024-10-07T05:57:16.533+0300: 1146.787: Application time: 0.5680446 seconds
2024-10-07T05:57:16.533+0300: 1146.787: [GC (Allocation Failure) 2024-10-07T05:57:16.533+0300: 1146.787: [ParNew: 414182K->5306K(460096K), 0.0016729 secs] 420463K->11587K(2046080K), 0.0018034 secs] [Times: user=0.00 sys=0.00, real=0.00 secs] 
2024-10-07T05:57:16.533+0300: 1146.789: Total time for which application threads were stopped: 0.0022292 seconds, Stopping threads took: 0.0002714 seconds
2024-10-07T05:57:17.099+0300: 1147.347: Application time: 0.5576127 seconds
2024-10-07T05:57:17.099+0300: 1147.347: [GC (Allocation Failure) 2024-10-07T05:57:17.099+0300: 1147.347: [ParNew: 414152K->4283K(460096K), 0.0016967 secs] 420434K->10565K(2046080K), 0.0017733 secs] [Times: user=0.00 sys=0.00, real=0.00 secs] 
2024-10-07T05:57:17.099+0300: 1147.349: Total time for which application threads were stopped: 0.0020601 seconds, Stopping threads took: 0.0001763 seconds
2024-10-07T05:57:17.666+0300: 1147.913: Application time: 0.5640101 seconds
2024-10-07T05:57:17.666+0300: 1147.913: [GC (Allocation Failure) 2024-10-07T05:57:17.666+0300: 1147.913: [ParNew: 412602K->4281K(460096K), 0.0016760 secs] 418884K->10563K(2046080K), 0.0017797 secs] [Times: user=0.03 sys=0.00, real=0.00 secs] 
2024-10-07T05:57:17.666+0300: 1147.915: Total time for which application threads were stopped: 0.0020786 seconds, Stopping threads took: 0.0001574 seconds
2024-10-07T05:57:18.229+0300: 1148.475: Application time: 0.5597840 seconds
2024-10-07T05:57:18.229+0300: 1148.475: [GC (Allocation Failure) 2024-10-07T05:57:18.229+0300: 1148.475: [ParNew: 413305K->5322K(460096K), 0.0017155 secs] 419587K->11606K(2046080K), 0.0017888 secs] [Times: user=0.00 sys=0.00, real=0.00 secs] 
2024-10-07T05:57:18.229+0300: 1148.477: Total time for which application threads were stopped: 0.0020357 seconds, Stopping threads took: 0.0001478 seconds
2024-10-07T05:57:18.794+0300: 1149.039: Application time: 0.5626548 seconds
2024-10-07T05:57:18.794+0300: 1149.039: [GC (Allocation Failure) 2024-10-07T05:57:18.794+0300: 1149.039: [ParNew: 414346K->4288K(460096K), 0.0015417 secs] 420630K->10572K(2046080K), 0.0016047 secs] [Times: user=0.00 sys=0.00, real=0.00 secs] 
2024-10-07T05:57:18.794+0300: 1149.041: Total time for which application threads were stopped: 0.0018112 seconds, Stopping threads took: 0.0000846 seconds
2024-10-07T05:57:19.359+0300: 1149.605: Application time: 0.5638291 seconds
2024-10-07T05:57:19.359+0300: 1149.605: [GC (Allocation Failure) 2024-10-07T05:57:19.359+0300: 1149.605: [ParNew: 413312K->4281K(460096K), 0.0016396 secs] 419596K->10566K(2046080K), 0.0017312 secs] [Times: user=0.00 sys=0.00, real=0.00 secs] 
2024-10-07T05:57:19.359+0300: 1149.607: Total time for which application threads were stopped: 0.0019698 seconds, Stopping threads took: 0.0000992 seconds
2024-10-07T05:57:19.910+0300: 1150.163: Application time: 0.5563497 seconds
2024-10-07T05:57:19.910+0300: 1150.163: [GC (Allocation Failure) 2024-10-07T05:57:19.910+0300: 1150.164: [ParNew: 413180K->5304K(460096K), 0.0021374 secs] 419464K->11589K(2046080K), 0.0022154 secs] [Times: user=0.00 sys=0.00, real=0.00 secs] 
2024-10-07T05:57:19.910+0300: 1150.166: Total time for which application threads were stopped: 0.0025081 seconds, Stopping threads took: 0.0001918 seconds
2024-10-07T05:57:20.475+0300: 1150.728: Application time: 0.5626481 seconds
2024-10-07T05:57:20.475+0300: 1150.729: [GC (Allocation Failure) 2024-10-07T05:57:20.475+0300: 1150.729: [ParNew: 414328K->3277K(460096K), 0.0013875 secs] 420613K->9563K(2046080K), 0.0014762 secs] [Times: user=0.00 sys=0.00, real=0.00 secs] 
2024-10-07T05:57:20.475+0300: 1150.730: Total time for which application threads were stopped: 0.0019070 seconds, Stopping threads took: 0.0002932 seconds
2024-10-07T05:57:21.040+0300: 1151.292: Application time: 0.5619465 seconds
2024-10-07T05:57:21.040+0300: 1151.292: [GC (Allocation Failure) 2024-10-07T05:57:21.040+0300: 1151.293: [ParNew: 412301K->4284K(460096K), 0.0015574 secs] 418587K->10570K(2046080K), 0.0016456 secs] [Times: user=0.00 sys=0.00, real=0.00 secs] 
2024-10-07T05:57:21.040+0300: 1151.294: Total time for which application threads were stopped: 0.0019223 seconds, Stopping threads took: 0.0001654 seconds
2024-10-07T05:57:21.605+0300: 1151.854: Application time: 0.5601800 seconds
2024-10-07T05:57:21.605+0300: 1151.855: [GC (Allocation Failure) 2024-10-07T05:57:21.605+0300: 1151.855: [ParNew: 412695K->5305K(460096K), 0.0017658 secs] 418982K->11592K(2046080K), 0.0018444 secs] [Times: user=0.00 sys=0.00, real=0.00 secs] 
2024-10-07T05:57:21.605+0300: 1151.856: Total time for which application threads were stopped: 0.0021079 seconds, Stopping threads took: 0.0001647 seconds
2024-10-07T05:57:22.170+0300: 1152.413: Application time: 0.5562206 seconds
2024-10-07T05:57:22.170+0300: 1152.413: [GC (Allocation Failure) 2024-10-07T05:57:22.170+0300: 1152.413: [ParNew: 414329K->4284K(460096K), 0.0014588 secs] 420616K->10572K(2046080K), 0.0015368 secs] [Times: user=0.00 sys=0.00, real=0.00 secs] 
2024-10-07T05:57:22.170+0300: 1152.414: Total time for which application threads were stopped: 0.0017846 seconds, Stopping threads took: 0.0001408 seconds
2024-10-07T05:57:22.735+0300: 1152.979: Application time: 0.5641378 seconds
2024-10-07T05:57:22.735+0300: 1152.979: [GC (Allocation Failure) 2024-10-07T05:57:22.735+0300: 1152.979: [ParNew: 412600K->5303K(460096K), 0.0016682 secs] 418888K->11591K(2046080K), 0.0017419 secs] [Times: user=0.00 sys=0.00, real=0.00 secs] 
2024-10-07T05:57:22.735+0300: 1152.981: Total time for which application threads were stopped: 0.0020120 seconds, Stopping threads took: 0.0001651 seconds
2024-10-07T05:57:23.297+0300: 1153.540: Application time: 0.5589339 seconds
2024-10-07T05:57:23.297+0300: 1153.540: [GC (Allocation Failure) 2024-10-07T05:57:23.297+0300: 1153.540: [ParNew: 413794K->5306K(460096K), 0.0020236 secs] 420082K->11595K(2046080K), 0.0021012 secs] [Times: user=0.00 sys=0.00, real=0.00 secs] 
2024-10-07T05:57:23.300+0300: 1153.542: Total time for which application threads were stopped: 0.0024144 seconds, Stopping threads took: 0.0002088 seconds
2024-10-07T05:57:23.864+0300: 1154.108: Application time: 0.5656824 seconds
2024-10-07T05:57:23.864+0300: 1154.108: [GC (Allocation Failure) 2024-10-07T05:57:23.864+0300: 1154.108: [ParNew: 414156K->5304K(460096K), 0.0020616 secs] 420445K->11594K(2046080K), 0.0021357 secs] [Times: user=0.00 sys=0.01, real=0.00 secs] 
2024-10-07T05:57:23.864+0300: 1154.110: Total time for which application threads were stopped: 0.0024090 seconds, Stopping threads took: 0.0001654 seconds
2024-10-07T05:57:24.429+0300: 1154.677: Application time: 0.5669270 seconds
2024-10-07T05:57:24.429+0300: 1154.677: [GC (Allocation Failure) 2024-10-07T05:57:24.429+0300: 1154.677: [ParNew: 414328K->5306K(460096K), 0.0017230 secs] 420618K->11596K(2046080K), 0.0018323 secs] [Times: user=0.00 sys=0.00, real=0.00 secs] 
2024-10-07T05:57:24.429+0300: 1154.679: Total time for which application threads were stopped: 0.0020693 seconds, Stopping threads took: 0.0000989 seconds
2024-10-07T05:57:24.978+0300: 1155.233: Application time: 0.5542850 seconds
2024-10-07T05:57:24.978+0300: 1155.234: [GC (Allocation Failure) 2024-10-07T05:57:24.978+0300: 1155.234: [ParNew: 413664K->5324K(460096K), 0.0018906 secs] 419954K->11615K(2046080K), 0.0019629 secs] [Times: user=0.02 sys=0.00, real=0.02 secs] 
2024-10-07T05:57:24.994+0300: 1155.236: Total time for which application threads were stopped: 0.0022922 seconds, Stopping threads took: 0.0002309 seconds
2024-10-07T05:57:25.559+0300: 1155.802: Application time: 0.5664490 seconds
2024-10-07T05:57:25.559+0300: 1155.802: [GC (Allocation Failure) 2024-10-07T05:57:25.559+0300: 1155.802: [ParNew: 414348K->5304K(460096K), 0.0019525 secs] 420639K->11596K(2046080K), 0.0020221 secs] [Times: user=0.00 sys=0.00, real=0.00 secs] 
2024-10-07T05:57:25.559+0300: 1155.804: Total time for which application threads were stopped: 0.0022508 seconds, Stopping threads took: 0.0001341 seconds
2024-10-07T05:57:26.109+0300: 1156.364: Application time: 0.5593055 seconds
2024-10-07T05:57:26.109+0300: 1156.364: [GC (Allocation Failure) 2024-10-07T05:57:26.109+0300: 1156.364: [ParNew: 414160K->3276K(460096K), 0.0014428 secs] 420452K->9568K(2046080K), 0.0015207 secs] [Times: user=0.00 sys=0.00, real=0.00 secs] 
2024-10-07T05:57:26.109+0300: 1156.365: Total time for which application threads were stopped: 0.0018102 seconds, Stopping threads took: 0.0001902 seconds
2024-10-07T05:57:26.674+0300: 1156.929: Application time: 0.5632282 seconds
2024-10-07T05:57:26.674+0300: 1156.929: [GC (Allocation Failure) 2024-10-07T05:57:26.674+0300: 1156.929: [ParNew: 411352K->4282K(460096K), 0.0015671 secs] 417644K->10575K(2046080K), 0.0016713 secs] [Times: user=0.00 sys=0.00, real=0.01 secs] 
2024-10-07T05:57:26.689+0300: 1156.931: Total time for which application threads were stopped: 0.0019960 seconds, Stopping threads took: 0.0002090 seconds
2024-10-07T05:57:27.239+0300: 1157.485: Application time: 0.5544929 seconds
2024-10-07T05:57:27.239+0300: 1157.485: [GC (Allocation Failure) 2024-10-07T05:57:27.239+0300: 1157.485: [ParNew: 412491K->5305K(460096K), 0.0019987 secs] 418784K->11598K(2046080K), 0.0020701 secs] [Times: user=0.00 sys=0.00, real=0.00 secs] 
2024-10-07T05:57:27.239+0300: 1157.488: Total time for which application threads were stopped: 0.0023279 seconds, Stopping threads took: 0.0001574 seconds
2024-10-07T05:57:27.806+0300: 1158.054: Application time: 0.5668709 seconds
2024-10-07T05:57:27.806+0300: 1158.055: [GC (Allocation Failure) 2024-10-07T05:57:27.806+0300: 1158.055: [ParNew: 414195K->4304K(460096K), 0.0016013 secs] 420489K->10598K(2046080K), 0.0016875 secs] [Times: user=0.00 sys=0.00, real=0.00 secs] 
2024-10-07T05:57:27.806+0300: 1158.056: Total time for which application threads were stopped: 0.0019627 seconds, Stopping threads took: 0.0001443 seconds
2024-10-07T05:57:28.369+0300: 1158.621: Application time: 0.5646883 seconds
2024-10-07T05:57:28.369+0300: 1158.621: [GC (Allocation Failure) 2024-10-07T05:57:28.369+0300: 1158.621: [ParNew: 413328K->5308K(460096K), 0.0020073 secs] 419622K->11602K(2046080K), 0.0021181 secs] [Times: user=0.02 sys=0.00, real=0.00 secs] 
2024-10-07T05:57:28.369+0300: 1158.624: Total time for which application threads were stopped: 0.0024954 seconds, Stopping threads took: 0.0002488 seconds
2024-10-07T05:57:28.934+0300: 1159.181: Application time: 0.5572127 seconds
2024-10-07T05:57:28.934+0300: 1159.181: [GC (Allocation Failure) 2024-10-07T05:57:28.934+0300: 1159.181: [ParNew: 414097K->3262K(460096K), 0.0012679 secs] 420391K->9557K(2046080K), 0.0013497 secs] [Times: user=0.00 sys=0.00, real=0.00 secs] 
2024-10-07T05:57:28.934+0300: 1159.182: Total time for which application threads were stopped: 0.0016375 seconds, Stopping threads took: 0.0001853 seconds
2024-10-07T05:57:29.499+0300: 1159.745: Application time: 0.5626693 seconds
2024-10-07T05:57:29.499+0300: 1159.745: [GC (Allocation Failure) 2024-10-07T05:57:29.499+0300: 1159.745: [ParNew: 412255K->5306K(460096K), 0.0016513 secs] 418550K->11602K(2046080K), 0.0017617 secs] [Times: user=0.00 sys=0.00, real=0.00 secs] 
2024-10-07T05:57:29.499+0300: 1159.747: Total time for which application threads were stopped: 0.0020253 seconds, Stopping threads took: 0.0001172 seconds
2024-10-07T05:57:30.048+0300: 1160.301: Application time: 0.5538573 seconds
2024-10-07T05:57:30.048+0300: 1160.301: [GC (Allocation Failure) 2024-10-07T05:57:30.048+0300: 1160.301: [ParNew: 413727K->4300K(460096K), 0.0017471 secs] 420022K->10597K(2046080K), 0.0018192 secs] [Times: user=0.00 sys=0.00, real=0.00 secs] 
2024-10-07T05:57:30.048+0300: 1160.303: Total time for which application threads were stopped: 0.0021173 seconds, Stopping threads took: 0.0001956 seconds
2024-10-07T05:57:30.613+0300: 1160.865: Application time: 0.5618923 seconds
2024-10-07T05:57:30.613+0300: 1160.865: [GC (Allocation Failure) 2024-10-07T05:57:30.613+0300: 1160.865: [ParNew: 412830K->4284K(460096K), 0.0015354 secs] 419126K->10581K(2046080K), 0.0016184 secs] [Times: user=0.00 sys=0.00, real=0.00 secs] 
2024-10-07T05:57:30.613+0300: 1160.867: Total time for which application threads were stopped: 0.0019902 seconds, Stopping threads took: 0.0002616 seconds
2024-10-07T05:57:31.178+0300: 1161.428: Application time: 0.5614774 seconds
2024-10-07T05:57:31.178+0300: 1161.429: [GC (Allocation Failure) 2024-10-07T05:57:31.178+0300: 1161.429: [ParNew: 412852K->5304K(460096K), 0.0018688 secs] 419149K->11602K(2046080K), 0.0019471 secs] [Times: user=0.00 sys=0.00, real=0.00 secs] 
2024-10-07T05:57:31.178+0300: 1161.431: Total time for which application threads were stopped: 0.0022275 seconds, Stopping threads took: 0.0001844 seconds
2024-10-07T05:57:31.744+0300: 1161.996: Application time: 0.5655530 seconds
2024-10-07T05:57:31.744+0300: 1161.996: [GC (Allocation Failure) 2024-10-07T05:57:31.744+0300: 1161.997: [ParNew: 414289K->3274K(460096K), 0.0014888 secs] 420587K->9572K(2046080K), 0.0015669 secs] [Times: user=0.00 sys=0.00, real=0.00 secs] 
2024-10-07T05:57:31.744+0300: 1161.998: Total time for which application threads were stopped: 0.0018280 seconds, Stopping threads took: 0.0001586 seconds
2024-10-07T05:57:32.315+0300: 1162.562: Application time: 0.5637144 seconds
2024-10-07T05:57:32.315+0300: 1162.562: [GC (Allocation Failure) 2024-10-07T05:57:32.315+0300: 1162.562: [ParNew: 412298K->2269K(460096K), 0.0016221 secs] 418596K->8568K(2046080K), 0.0017149 secs] [Times: user=0.01 sys=0.00, real=0.00 secs] 
2024-10-07T05:57:32.315+0300: 1162.564: Total time for which application threads were stopped: 0.0019598 seconds, Stopping threads took: 0.0001287 seconds
2024-10-07T05:57:32.874+0300: 1163.122: Application time: 0.5583396 seconds
2024-10-07T05:57:32.874+0300: 1163.122: [GC (Allocation Failure) 2024-10-07T05:57:32.874+0300: 1163.122: [ParNew: 411293K->3284K(460096K), 0.0013718 secs] 417592K->9584K(2046080K), 0.0014437 secs] [Times: user=0.00 sys=0.00, real=0.00 secs] 
2024-10-07T05:57:32.874+0300: 1163.124: Total time for which application threads were stopped: 0.0017462 seconds, Stopping threads took: 0.0002014 seconds
2024-10-07T05:57:33.439+0300: 1163.686: Application time: 0.5620182 seconds
2024-10-07T05:57:33.439+0300: 1163.686: [GC (Allocation Failure) 2024-10-07T05:57:33.439+0300: 1163.686: [ParNew: 411837K->4289K(460096K), 0.0016024 secs] 418137K->10589K(2046080K), 0.0017094 secs] [Times: user=0.00 sys=0.00, real=0.00 secs] 
2024-10-07T05:57:33.439+0300: 1163.688: Total time for which application threads were stopped: 0.0020901 seconds, Stopping threads took: 0.0002419 seconds
2024-10-07T05:57:33.988+0300: 1164.244: Application time: 0.5560394 seconds
2024-10-07T05:57:33.988+0300: 1164.244: [GC (Allocation Failure) 2024-10-07T05:57:33.988+0300: 1164.244: [ParNew: 412820K->5308K(460096K), 0.0017300 secs] 419120K->11609K(2046080K), 0.0018205 secs] [Times: user=0.00 sys=0.00, real=0.02 secs] 
2024-10-07T05:57:34.003+0300: 1164.246: Total time for which application threads were stopped: 0.0021311 seconds, Stopping threads took: 0.0001943 seconds
2024-10-07T05:57:34.553+0300: 1164.810: Application time: 0.5633929 seconds
2024-10-07T05:57:34.553+0300: 1164.810: [GC (Allocation Failure) 2024-10-07T05:57:34.553+0300: 1164.810: [ParNew: 413620K->4283K(460096K), 0.0016439 secs] 419920K->10584K(2046080K), 0.0017284 secs] [Times: user=0.00 sys=0.00, real=0.02 secs] 
2024-10-07T05:57:34.569+0300: 1164.812: Total time for which application threads were stopped: 0.0020078 seconds, Stopping threads took: 0.0001713 seconds
2024-10-07T05:57:35.121+0300: 1165.368: Application time: 0.5568167 seconds
2024-10-07T05:57:35.121+0300: 1165.369: [GC (Allocation Failure) 2024-10-07T05:57:35.121+0300: 1165.369: [ParNew: 412504K->5302K(460096K), 0.0016913 secs] 418806K->11604K(2046080K), 0.0017717 secs] [Times: user=0.00 sys=0.00, real=0.00 secs] 
2024-10-07T05:57:35.121+0300: 1165.370: Total time for which application threads were stopped: 0.0020452 seconds, Stopping threads took: 0.0001688 seconds
2024-10-07T05:57:35.683+0300: 1165.934: Application time: 0.5631192 seconds
2024-10-07T05:57:35.683+0300: 1165.934: [GC (Allocation Failure) 2024-10-07T05:57:35.683+0300: 1165.934: [ParNew: 413619K->4284K(460096K), 0.0015138 secs] 419921K->10587K(2046080K), 0.0015923 secs] [Times: user=0.00 sys=0.00, real=0.00 secs] 
2024-10-07T05:57:35.683+0300: 1165.935: Total time for which application threads were stopped: 0.0018630 seconds, Stopping threads took: 0.0001695 seconds
2024-10-07T05:57:36.249+0300: 1166.495: Application time: 0.5595583 seconds
2024-10-07T05:57:36.249+0300: 1166.495: [GC (Allocation Failure) 2024-10-07T05:57:36.249+0300: 1166.495: [ParNew: 413046K->3259K(460096K), 0.0013776 secs] 419349K->9562K(2046080K), 0.0014510 secs] [Times: user=0.00 sys=0.00, real=0.00 secs] 
2024-10-07T05:57:36.249+0300: 1166.497: Total time for which application threads were stopped: 0.0016977 seconds, Stopping threads took: 0.0001415 seconds
2024-10-07T05:57:36.814+0300: 1167.061: Application time: 0.5647262 seconds
2024-10-07T05:57:36.814+0300: 1167.062: [GC (Allocation Failure) 2024-10-07T05:57:36.814+0300: 1167.062: [ParNew: 412250K->4282K(460096K), 0.0018011 secs] 418554K->10586K(2046080K), 0.0018868 secs] [Times: user=0.03 sys=0.02, real=0.00 secs] 
2024-10-07T05:57:36.814+0300: 1167.064: Total time for which application threads were stopped: 0.0022169 seconds, Stopping threads took: 0.0001863 seconds
2024-10-07T05:57:37.379+0300: 1167.630: Application time: 0.5661607 seconds
2024-10-07T05:57:37.379+0300: 1167.630: [GC (Allocation Failure) 2024-10-07T05:57:37.379+0300: 1167.630: [ParNew: 413306K->3298K(460096K), 0.0015512 secs] 419610K->9603K(2046080K), 0.0016399 secs] [Times: user=0.00 sys=0.00, real=0.00 secs] 
2024-10-07T05:57:37.379+0300: 1167.632: Total time for which application threads were stopped: 0.0018897 seconds, Stopping threads took: 0.0001381 seconds
2024-10-07T05:57:37.944+0300: 1168.191: Application time: 0.5593753 seconds
2024-10-07T05:57:37.944+0300: 1168.191: [GC (Allocation Failure) 2024-10-07T05:57:37.944+0300: 1168.191: [ParNew: 412302K->4286K(460096K), 0.0018325 secs] 418607K->10592K(2046080K), 0.0019008 secs] [Times: user=0.00 sys=0.00, real=0.00 secs] 
2024-10-07T05:57:37.944+0300: 1168.193: Total time for which application threads were stopped: 0.0021440 seconds, Stopping threads took: 0.0001476 seconds
2024-10-07T05:57:38.509+0300: 1168.755: Application time: 0.5615520 seconds
2024-10-07T05:57:38.509+0300: 1168.755: [GC (Allocation Failure) 2024-10-07T05:57:38.509+0300: 1168.755: [ParNew: 412398K->5307K(460096K), 0.0016519 secs] 418703K->11613K(2046080K), 0.0017593 secs] [Times: user=0.00 sys=0.00, real=0.00 secs] 
2024-10-07T05:57:38.509+0300: 1168.757: Total time for which application threads were stopped: 0.0020971 seconds, Stopping threads took: 0.0002174 seconds
2024-10-07T05:57:39.074+0300: 1169.316: Application time: 0.5586659 seconds
2024-10-07T05:57:39.074+0300: 1169.316: [GC (Allocation Failure) 2024-10-07T05:57:39.074+0300: 1169.316: [ParNew: 413847K->5308K(460096K), 0.0016448 secs] 420153K->11615K(2046080K), 0.0017241 secs] [Times: user=0.00 sys=0.00, real=0.00 secs] 
2024-10-07T05:57:39.074+0300: 1169.318: Total time for which application threads were stopped: 0.0020078 seconds, Stopping threads took: 0.0001695 seconds
2024-10-07T05:57:39.630+0300: 1169.880: Application time: 0.5624837 seconds
2024-10-07T05:57:39.639+0300: 1169.880: [GC (Allocation Failure) 2024-10-07T05:57:39.639+0300: 1169.880: [ParNew: 413911K->5304K(460096K), 0.0016940 secs] 420218K->11611K(2046080K), 0.0018289 secs] [Times: user=0.00 sys=0.00, real=0.00 secs] 
2024-10-07T05:57:39.639+0300: 1169.882: Total time for which application threads were stopped: 0.0022750 seconds, Stopping threads took: 0.0002614 seconds
2024-10-07T05:57:40.188+0300: 1170.445: Application time: 0.5624010 seconds
2024-10-07T05:57:40.204+0300: 1170.445: [GC (Allocation Failure) 2024-10-07T05:57:40.204+0300: 1170.445: [ParNew: 414299K->4298K(460096K), 0.0015628 secs] 420607K->10606K(2046080K), 0.0016466 secs] [Times: user=0.00 sys=0.00, real=0.00 secs] 
2024-10-07T05:57:40.204+0300: 1170.447: Total time for which application threads were stopped: 0.0019790 seconds, Stopping threads took: 0.0001964 seconds
2024-10-07T05:57:40.769+0300: 1171.011: Application time: 0.5639871 seconds
2024-10-07T05:57:40.769+0300: 1171.011: [GC (Allocation Failure) 2024-10-07T05:57:40.769+0300: 1171.011: [ParNew: 412483K->2235K(460096K), 0.0012891 secs] 418791K->8544K(2046080K), 0.0013889 secs] [Times: user=0.00 sys=0.00, real=0.00 secs] 
2024-10-07T05:57:40.769+0300: 1171.012: Total time for which application threads were stopped: 0.0016521 seconds, Stopping threads took: 0.0001459 seconds
2024-10-07T05:57:41.333+0300: 1171.575: Application time: 0.5630351 seconds
2024-10-07T05:57:41.334+0300: 1171.576: [GC (Allocation Failure) 2024-10-07T05:57:41.334+0300: 1171.576: [ParNew: 410992K->3274K(460096K), 0.0014365 secs] 417301K->9583K(2046080K), 0.0015074 secs] [Times: user=0.00 sys=0.00, real=0.00 secs] 
2024-10-07T05:57:41.334+0300: 1171.577: Total time for which application threads were stopped: 0.0017251 seconds, Stopping threads took: 0.0001008 seconds
2024-10-07T05:57:41.883+0300: 1172.136: Application time: 0.5587480 seconds
2024-10-07T05:57:41.883+0300: 1172.136: [GC (Allocation Failure) 2024-10-07T05:57:41.883+0300: 1172.136: [ParNew: 412298K->4302K(460096K), 0.0014374 secs] 418607K->10612K(2046080K), 0.0015139 secs] [Times: user=0.00 sys=0.00, real=0.00 secs] 
2024-10-07T05:57:41.883+0300: 1172.138: Total time for which application threads were stopped: 0.0018243 seconds, Stopping threads took: 0.0002056 seconds
2024-10-07T05:57:42.448+0300: 1172.700: Application time: 0.5623873 seconds
2024-10-07T05:57:42.448+0300: 1172.700: [GC (Allocation Failure) 2024-10-07T05:57:42.448+0300: 1172.700: [ParNew: 412650K->4282K(460096K), 0.0016142 secs] 418960K->10593K(2046080K), 0.0017044 secs] [Times: user=0.00 sys=0.00, real=0.00 secs] 
2024-10-07T05:57:42.448+0300: 1172.702: Total time for which application threads were stopped: 0.0020160 seconds, Stopping threads took: 0.0001918 seconds
2024-10-07T05:57:43.013+0300: 1173.257: Application time: 0.5554185 seconds
2024-10-07T05:57:43.013+0300: 1173.258: [GC (Allocation Failure) 2024-10-07T05:57:43.013+0300: 1173.258: [ParNew: 412599K->1233K(460096K), 0.0014177 secs] 418909K->7543K(2046080K), 0.0014818 secs] [Times: user=0.00 sys=0.00, real=0.00 secs] 
2024-10-07T05:57:43.013+0300: 1173.259: Total time for which application threads were stopped: 0.0017198 seconds, Stopping threads took: 0.0001457 seconds
2024-10-07T05:57:43.579+0300: 1173.821: Application time: 0.5621016 seconds
2024-10-07T05:57:43.579+0300: 1173.822: [GC (Allocation Failure) 2024-10-07T05:57:43.579+0300: 1173.822: [ParNew: 410257K->5325K(460096K), 0.0016020 secs] 416567K->11636K(2046080K), 0.0016689 secs] [Times: user=0.00 sys=0.00, real=0.00 secs] 
2024-10-07T05:57:43.579+0300: 1173.823: Total time for which application threads were stopped: 0.0019123 seconds, Stopping threads took: 0.0001497 seconds
2024-10-07T05:57:44.139+0300: 1174.383: Application time: 0.5593511 seconds
2024-10-07T05:57:44.139+0300: 1174.383: [GC (Allocation Failure) 2024-10-07T05:57:44.139+0300: 1174.383: [ParNew: 413944K->4284K(460096K), 0.0015823 secs] 420256K->10596K(2046080K), 0.0016646 secs] [Times: user=0.00 sys=0.00, real=0.00 secs] 
2024-10-07T05:57:44.139+0300: 1174.385: Total time for which application threads were stopped: 0.0019919 seconds, Stopping threads took: 0.0002050 seconds
2024-10-07T05:57:44.694+0300: 1174.947: Application time: 0.5624632 seconds
2024-10-07T05:57:44.694+0300: 1174.947: [GC (Allocation Failure) 2024-10-07T05:57:44.694+0300: 1174.947: [ParNew: 412489K->5304K(460096K), 0.0017508 secs] 418801K->11617K(2046080K), 0.0018673 secs] [Times: user=0.00 sys=0.00, real=0.00 secs] 
2024-10-07T05:57:44.694+0300: 1174.949: Total time for which application threads were stopped: 0.0021790 seconds, Stopping threads took: 0.0001964 seconds
2024-10-07T05:57:45.258+0300: 1175.509: Application time: 0.5597158 seconds
2024-10-07T05:57:45.258+0300: 1175.509: [GC (Allocation Failure) 2024-10-07T05:57:45.258+0300: 1175.509: [ParNew: 413940K->5304K(460096K), 0.0017110 secs] 420253K->11617K(2046080K), 0.0017956 secs] [Times: user=0.00 sys=0.00, real=0.00 secs] 
2024-10-07T05:57:45.258+0300: 1175.511: Total time for which application threads were stopped: 0.0020612 seconds, Stopping threads took: 0.0001595 seconds
2024-10-07T05:57:45.823+0300: 1176.077: Application time: 0.5660410 seconds
2024-10-07T05:57:45.823+0300: 1176.077: [GC (Allocation Failure) 2024-10-07T05:57:45.823+0300: 1176.077: [ParNew: 414328K->4287K(460096K), 0.0015668 secs] 420641K->10601K(2046080K), 0.0016605 secs] [Times: user=0.00 sys=0.00, real=0.00 secs] 
2024-10-07T05:57:45.823+0300: 1176.079: Total time for which application threads were stopped: 0.0019971 seconds, Stopping threads took: 0.0002203 seconds
2024-10-07T05:57:46.388+0300: 1176.644: Application time: 0.5652938 seconds
2024-10-07T05:57:46.388+0300: 1176.645: [GC (Allocation Failure) 2024-10-07T05:57:46.388+0300: 1176.645: [ParNew: 413311K->3277K(460096K), 0.0015065 secs] 419625K->9592K(2046080K), 0.0016066 secs] [Times: user=0.02 sys=0.00, real=0.02 secs] 
2024-10-07T05:57:46.404+0300: 1176.646: Total time for which application threads were stopped: 0.0019884 seconds, Stopping threads took: 0.0002346 seconds
2024-10-07T05:57:46.954+0300: 1177.201: Application time: 0.5546170 seconds
2024-10-07T05:57:46.954+0300: 1177.201: [GC (Allocation Failure) 2024-10-07T05:57:46.954+0300: 1177.201: [ParNew: 412301K->5303K(460096K), 0.0020637 secs] 418616K->11619K(2046080K), 0.0021465 secs] [Times: user=0.00 sys=0.00, real=0.00 secs] 
2024-10-07T05:57:46.954+0300: 1177.203: Total time for which application threads were stopped: 0.0024460 seconds, Stopping threads took: 0.0001672 seconds
2024-10-07T05:57:47.518+0300: 1177.766: Application time: 0.5624264 seconds
2024-10-07T05:57:47.518+0300: 1177.766: [GC (Allocation Failure) 2024-10-07T05:57:47.518+0300: 1177.766: [ParNew: 414038K->5306K(460096K), 0.0016964 secs] 420354K->11622K(2046080K), 0.0017721 secs] [Times: user=0.00 sys=0.00, real=0.00 secs] 
2024-10-07T05:57:47.518+0300: 1177.768: Total time for which application threads were stopped: 0.0021397 seconds, Stopping threads took: 0.0002359 seconds
2024-10-07T05:57:48.083+0300: 1178.328: Application time: 0.5604413 seconds
2024-10-07T05:57:48.083+0300: 1178.329: [GC (Allocation Failure) 2024-10-07T05:57:48.083+0300: 1178.329: [ParNew: 413959K->4280K(460096K), 0.0015046 secs] 420275K->10597K(2046080K), 0.0016075 secs] [Times: user=0.00 sys=0.00, real=0.00 secs] 
2024-10-07T05:57:48.083+0300: 1178.330: Total time for which application threads were stopped: 0.0018680 seconds, Stopping threads took: 0.0001372 seconds
2024-10-07T05:57:48.649+0300: 1178.894: Application time: 0.5635355 seconds
2024-10-07T05:57:48.649+0300: 1178.894: [GC (Allocation Failure) 2024-10-07T05:57:48.649+0300: 1178.894: [ParNew: 412299K->3276K(460096K), 0.0012728 secs] 418616K->9593K(2046080K), 0.0013398 secs] [Times: user=0.00 sys=0.00, real=0.00 secs] 
2024-10-07T05:57:48.649+0300: 1178.895: Total time for which application threads were stopped: 0.0015680 seconds, Stopping threads took: 0.0001352 seconds
2024-10-07T05:57:49.197+0300: 1179.452: Application time: 0.5570489 seconds
2024-10-07T05:57:49.197+0300: 1179.453: [GC (Allocation Failure) 2024-10-07T05:57:49.197+0300: 1179.453: [ParNew: 412300K->5327K(460096K), 0.0016891 secs] 418617K->11644K(2046080K), 0.0017884 secs] [Times: user=0.01 sys=0.00, real=0.02 secs] 
2024-10-07T05:57:49.213+0300: 1179.455: Total time for which application threads were stopped: 0.0021226 seconds, Stopping threads took: 0.0002009 seconds
2024-10-07T05:57:49.762+0300: 1180.018: Application time: 0.5635833 seconds
2024-10-07T05:57:49.762+0300: 1180.018: [GC (Allocation Failure) 2024-10-07T05:57:49.762+0300: 1180.018: [ParNew: 413565K->5302K(460096K), 0.0017440 secs] 419883K->11620K(2046080K), 0.0018248 secs] [Times: user=0.02 sys=0.00, real=0.02 secs] 
2024-10-07T05:57:49.778+0300: 1180.020: Total time for which application threads were stopped: 0.0021250 seconds, Stopping threads took: 0.0001935 seconds
2024-10-07T05:57:50.327+0300: 1180.584: Application time: 0.5636679 seconds
2024-10-07T05:57:50.343+0300: 1180.584: [GC (Allocation Failure) 2024-10-07T05:57:50.343+0300: 1180.584: [ParNew: 414181K->5304K(460096K), 0.0016163 secs] 420500K->11623K(2046080K), 0.0017155 secs] [Times: user=0.00 sys=0.00, real=0.00 secs] 
2024-10-07T05:57:50.343+0300: 1180.586: Total time for which application threads were stopped: 0.0019773 seconds, Stopping threads took: 0.0001605 seconds
2024-10-07T05:57:50.892+0300: 1181.145: Application time: 0.5588392 seconds
2024-10-07T05:57:50.892+0300: 1181.145: [GC (Allocation Failure) 2024-10-07T05:57:50.892+0300: 1181.145: [ParNew: 414271K->3282K(460096K), 0.0013539 secs] 420590K->9601K(2046080K), 0.0014216 secs] [Times: user=0.00 sys=0.00, real=0.00 secs] 
2024-10-07T05:57:50.892+0300: 1181.146: Total time for which application threads were stopped: 0.0017034 seconds, Stopping threads took: 0.0001884 seconds
2024-10-07T05:57:51.457+0300: 1181.710: Application time: 0.5637771 seconds
2024-10-07T05:57:51.457+0300: 1181.711: [GC (Allocation Failure) 2024-10-07T05:57:51.457+0300: 1181.711: [ParNew: 412306K->4302K(460096K), 0.0019977 secs] 418625K->10623K(2046080K), 0.0020890 secs] [Times: user=0.00 sys=0.00, real=0.00 secs] 
2024-10-07T05:57:51.457+0300: 1181.713: Total time for which application threads were stopped: 0.0024159 seconds, Stopping threads took: 0.0001657 seconds
2024-10-07T05:57:52.022+0300: 1182.272: Application time: 0.5590924 seconds
2024-10-07T05:57:52.022+0300: 1182.272: [GC (Allocation Failure) 2024-10-07T05:57:52.022+0300: 1182.272: [ParNew: 413079K->4281K(460096K), 0.0016912 secs] 419399K->10602K(2046080K), 0.0017565 secs] [Times: user=0.00 sys=0.00, real=0.00 secs] 
2024-10-07T05:57:52.022+0300: 1182.274: Total time for which application threads were stopped: 0.0019980 seconds, Stopping threads took: 0.0001398 seconds
2024-10-07T05:57:52.588+0300: 1182.838: Application time: 0.5643466 seconds
2024-10-07T05:57:52.588+0300: 1182.838: [GC (Allocation Failure) 2024-10-07T05:57:52.588+0300: 1182.838: [ParNew: 413305K->3282K(460096K), 0.0014299 secs] 419626K->9604K(2046080K), 0.0014945 secs] [Times: user=0.00 sys=0.00, real=0.00 secs] 
2024-10-07T05:57:52.588+0300: 1182.840: Total time for which application threads were stopped: 0.0017342 seconds, Stopping threads took: 0.0001507 seconds
2024-10-07T05:57:53.137+0300: 1183.392: Application time: 0.5518295 seconds
2024-10-07T05:57:53.137+0300: 1183.392: [GC (Allocation Failure) 2024-10-07T05:57:53.137+0300: 1183.392: [ParNew: 411374K->5305K(460096K), 0.0017560 secs] 417696K->11627K(2046080K), 0.0018313 secs] [Times: user=0.00 sys=0.00, real=0.00 secs] 
2024-10-07T05:57:53.137+0300: 1183.394: Total time for which application threads were stopped: 0.0021304 seconds, Stopping threads took: 0.0002002 seconds
2024-10-07T05:57:53.719+0300: 1183.961: Application time: 0.5673122 seconds
2024-10-07T05:57:53.719+0300: 1183.961: [GC (Allocation Failure) 2024-10-07T05:57:53.719+0300: 1183.961: [ParNew: 413472K->5302K(460096K), 0.0016828 secs] 419794K->11625K(2046080K), 0.0017575 secs] [Times: user=0.00 sys=0.00, real=0.00 secs] 
2024-10-07T05:57:53.719+0300: 1183.963: Total time for which application threads were stopped: 0.0020367 seconds, Stopping threads took: 0.0001842 seconds
2024-10-07T05:57:54.268+0300: 1184.521: Application time: 0.5575849 seconds
2024-10-07T05:57:54.268+0300: 1184.521: [GC (Allocation Failure) 2024-10-07T05:57:54.268+0300: 1184.521: [ParNew: 413859K->5304K(460096K), 0.0016450 secs] 420182K->11628K(2046080K), 0.0017181 secs] [Times: user=0.00 sys=0.00, real=0.00 secs] 
2024-10-07T05:57:54.268+0300: 1184.523: Total time for which application threads were stopped: 0.0020479 seconds, Stopping threads took: 0.0002286 seconds
2024-10-07T05:57:54.833+0300: 1185.089: Application time: 0.5663913 seconds
2024-10-07T05:57:54.848+0300: 1185.090: [GC (Allocation Failure) 2024-10-07T05:57:54.848+0300: 1185.090: [ParNew: 414328K->4302K(460096K), 0.0013953 secs] 420652K->10627K(2046080K), 0.0015113 secs] [Times: user=0.00 sys=0.00, real=0.00 secs] 
2024-10-07T05:57:54.848+0300: 1185.091: Total time for which application threads were stopped: 0.0019268 seconds, Stopping threads took: 0.0002924 seconds
2024-10-07T05:57:55.398+0300: 1185.649: Application time: 0.5582309 seconds
2024-10-07T05:57:55.398+0300: 1185.650: [GC (Allocation Failure) 2024-10-07T05:57:55.398+0300: 1185.650: [ParNew: 412738K->4299K(460096K), 0.0015473 secs] 419062K->10623K(2046080K), 0.0016443 secs] [Times: user=0.00 sys=0.00, real=0.00 secs] 
2024-10-07T05:57:55.398+0300: 1185.651: Total time for which application threads were stopped: 0.0019371 seconds, Stopping threads took: 0.0001300 seconds
2024-10-07T05:57:55.964+0300: 1186.209: Application time: 0.5576740 seconds
2024-10-07T05:57:55.964+0300: 1186.209: [GC (Allocation Failure) 2024-10-07T05:57:55.964+0300: 1186.209: [ParNew: 412475K->4281K(460096K), 0.0014863 secs] 418800K->10606K(2046080K), 0.0015780 secs] [Times: user=0.00 sys=0.00, real=0.00 secs] 
2024-10-07T05:57:55.964+0300: 1186.211: Total time for which application threads were stopped: 0.0018418 seconds, Stopping threads took: 0.0001587 seconds
2024-10-07T05:57:56.528+0300: 1186.775: Application time: 0.5642985 seconds
2024-10-07T05:57:56.528+0300: 1186.775: [GC (Allocation Failure) 2024-10-07T05:57:56.528+0300: 1186.775: [ParNew: 412604K->5302K(460096K), 0.0015982 secs] 418929K->11628K(2046080K), 0.0017162 secs] [Times: user=0.02 sys=0.00, real=0.00 secs] 
2024-10-07T05:57:56.528+0300: 1186.777: Total time for which application threads were stopped: 0.0019863 seconds, Stopping threads took: 0.0001295 seconds
2024-10-07T05:57:57.078+0300: 1187.335: Application time: 0.5574196 seconds
2024-10-07T05:57:57.093+0300: 1187.335: [GC (Allocation Failure) 2024-10-07T05:57:57.093+0300: 1187.335: [ParNew: 414008K->4281K(460096K), 0.0017849 secs] 420334K->10608K(2046080K), 0.0019099 secs] [Times: user=0.00 sys=0.00, real=0.00 secs] 
2024-10-07T05:57:57.093+0300: 1187.337: Total time for which application threads were stopped: 0.0022879 seconds, Stopping threads took: 0.0002420 seconds
2024-10-07T05:57:57.642+0300: 1187.898: Application time: 0.5611801 seconds
2024-10-07T05:57:57.642+0300: 1187.898: [GC (Allocation Failure) 2024-10-07T05:57:57.642+0300: 1187.898: [ParNew: 413051K->3263K(460096K), 0.0017003 secs] 419378K->9591K(2046080K), 0.0017779 secs] [Times: user=0.02 sys=0.00, real=0.02 secs] 
2024-10-07T05:57:57.658+0300: 1187.900: Total time for which application threads were stopped: 0.0020362 seconds, Stopping threads took: 0.0001552 seconds
2024-10-07T05:57:58.208+0300: 1188.458: Application time: 0.5580767 seconds
2024-10-07T05:57:58.208+0300: 1188.458: [GC (Allocation Failure) 2024-10-07T05:57:58.208+0300: 1188.458: [ParNew: 411727K->4287K(460096K), 0.0015687 secs] 418054K->10615K(2046080K), 0.0016744 secs] [Times: user=0.00 sys=0.00, real=0.00 secs] 
2024-10-07T05:57:58.208+0300: 1188.460: Total time for which application threads were stopped: 0.0019750 seconds, Stopping threads took: 0.0001601 seconds
2024-10-07T05:57:58.773+0300: 1189.027: Application time: 0.5664898 seconds
2024-10-07T05:57:58.773+0300: 1189.027: [GC (Allocation Failure) 2024-10-07T05:57:58.773+0300: 1189.027: [ParNew: 413311K->4287K(460096K), 0.0016254 secs] 419639K->10616K(2046080K), 0.0017050 secs] [Times: user=0.00 sys=0.00, real=0.00 secs] 
2024-10-07T05:57:58.773+0300: 1189.029: Total time for which application threads were stopped: 0.0020692 seconds, Stopping threads took: 0.0002161 seconds
2024-10-07T05:57:59.338+0300: 1189.591: Application time: 0.5622673 seconds
2024-10-07T05:57:59.338+0300: 1189.591: [GC (Allocation Failure) 2024-10-07T05:57:59.338+0300: 1189.591: [ParNew: 412807K->4299K(460096K), 0.0016012 secs] 419136K->10628K(2046080K), 0.0017099 secs] [Times: user=0.00 sys=0.00, real=0.00 secs] 
2024-10-07T05:57:59.338+0300: 1189.593: Total time for which application threads were stopped: 0.0019606 seconds, Stopping threads took: 0.0001236 seconds
2024-10-07T05:57:59.902+0300: 1190.152: Application time: 0.5586432 seconds
2024-10-07T05:57:59.902+0300: 1190.152: [GC (Allocation Failure) 2024-10-07T05:57:59.902+0300: 1190.152: [ParNew: 413323K->4294K(460096K), 0.0018513 secs] 419652K->10624K(2046080K), 0.0019402 secs] [Times: user=0.00 sys=0.00, real=0.00 secs] 
2024-10-07T05:57:59.902+0300: 1190.154: Total time for which application threads were stopped: 0.0022235 seconds, Stopping threads took: 0.0001642 seconds
2024-10-07T05:58:00.472+0300: 1190.719: Application time: 0.5656758 seconds
2024-10-07T05:58:00.472+0300: 1190.720: [GC (Allocation Failure) 2024-10-07T05:58:00.472+0300: 1190.720: [ParNew: 413318K->3280K(460096K), 0.0013606 secs] 419648K->9610K(2046080K), 0.0014259 secs] [Times: user=0.00 sys=0.00, real=0.00 secs] 
2024-10-07T05:58:00.472+0300: 1190.721: Total time for which application threads were stopped: 0.0017138 seconds, Stopping threads took: 0.0001886 seconds
2024-10-07T05:58:01.032+0300: 1191.281: Application time: 0.5601726 seconds
2024-10-07T05:58:01.032+0300: 1191.281: [GC (Allocation Failure) 2024-10-07T05:58:01.032+0300: 1191.282: [ParNew: 412304K->3295K(460096K), 0.0014201 secs] 418634K->9626K(2046080K), 0.0014996 secs] [Times: user=0.00 sys=0.00, real=0.00 secs] 
2024-10-07T05:58:01.032+0300: 1191.283: Total time for which application threads were stopped: 0.0017055 seconds, Stopping threads took: 0.0000791 seconds
2024-10-07T05:58:01.605+0300: 1191.846: Application time: 0.5633688 seconds
2024-10-07T05:58:01.605+0300: 1191.847: [GC (Allocation Failure) 2024-10-07T05:58:01.605+0300: 1191.847: [ParNew: 412319K->4302K(460096K), 0.0015693 secs] 418650K->10634K(2046080K), 0.0016440 secs] [Times: user=0.00 sys=0.00, real=0.00 secs] 
2024-10-07T05:58:01.606+0300: 1191.848: Total time for which application threads were stopped: 0.0018638 seconds, Stopping threads took: 0.0001207 seconds
2024-10-07T05:58:02.162+0300: 1192.408: Application time: 0.5597867 seconds
2024-10-07T05:58:02.162+0300: 1192.408: [GC (Allocation Failure) 2024-10-07T05:58:02.162+0300: 1192.408: [ParNew: 413326K->3276K(460096K), 0.0014147 secs] 419658K->9608K(2046080K), 0.0014931 secs] [Times: user=0.00 sys=0.00, real=0.00 secs] 
2024-10-07T05:58:02.162+0300: 1192.410: Total time for which application threads were stopped: 0.0017372 seconds, Stopping threads took: 0.0001410 seconds
2024-10-07T05:58:02.727+0300: 1192.974: Application time: 0.5643402 seconds
2024-10-07T05:58:02.727+0300: 1192.974: [GC (Allocation Failure) 2024-10-07T05:58:02.727+0300: 1192.975: [ParNew: 412300K->2290K(460096K), 0.0012442 secs] 418632K->8623K(2046080K), 0.0013367 secs] [Times: user=0.02 sys=0.00, real=0.00 secs] 
2024-10-07T05:58:02.727+0300: 1192.976: Total time for which application threads were stopped: 0.0017012 seconds, Stopping threads took: 0.0002280 seconds
2024-10-07T05:58:03.278+0300: 1193.531: Application time: 0.5552063 seconds
2024-10-07T05:58:03.278+0300: 1193.531: [GC (Allocation Failure) 2024-10-07T05:58:03.278+0300: 1193.531: [ParNew: 411139K->5305K(460096K), 0.0015951 secs] 417472K->11639K(2046080K), 0.0016706 secs] [Times: user=0.02 sys=0.00, real=0.00 secs] 
2024-10-07T05:58:03.278+0300: 1193.533: Total time for which application threads were stopped: 0.0019708 seconds, Stopping threads took: 0.0001964 seconds
2024-10-07T05:58:03.841+0300: 1194.096: Application time: 0.5626905 seconds
2024-10-07T05:58:03.841+0300: 1194.096: [GC (Allocation Failure) 2024-10-07T05:58:03.841+0300: 1194.096: [ParNew: 414025K->4284K(460096K), 0.0013905 secs] 420359K->10618K(2046080K), 0.0014549 secs] [Times: user=0.00 sys=0.00, real=0.00 secs] 
2024-10-07T05:58:03.841+0300: 1194.097: Total time for which application threads were stopped: 0.0017380 seconds, Stopping threads took: 0.0001870 seconds
2024-10-07T05:58:04.407+0300: 1194.661: Application time: 0.5632134 seconds
2024-10-07T05:58:04.407+0300: 1194.661: [GC (Allocation Failure) 2024-10-07T05:58:04.407+0300: 1194.661: [ParNew: 412937K->5304K(460096K), 0.0016863 secs] 419271K->11639K(2046080K), 0.0018088 secs] [Times: user=0.00 sys=0.00, real=0.00 secs] 
2024-10-07T05:58:04.407+0300: 1194.663: Total time for which application threads were stopped: 0.0022652 seconds, Stopping threads took: 0.0002704 seconds
2024-10-07T05:58:04.988+0300: 1195.237: Application time: 0.5738510 seconds
2024-10-07T05:58:04.988+0300: 1195.237: [GC (Allocation Failure) 2024-10-07T05:58:04.988+0300: 1195.237: [ParNew: 413964K->4285K(460096K), 0.0014092 secs] 420298K->10621K(2046080K), 0.0014911 secs] [Times: user=0.00 sys=0.00, real=0.00 secs] 
2024-10-07T05:58:04.988+0300: 1195.239: Total time for which application threads were stopped: 0.0017220 seconds, Stopping threads took: 0.0001322 seconds
2024-10-07T05:58:05.568+0300: 1195.815: Application time: 0.5767361 seconds
2024-10-07T05:58:05.568+0300: 1195.815: [GC (Allocation Failure) 2024-10-07T05:58:05.568+0300: 1195.816: [ParNew: 413302K->4283K(460096K), 0.0014071 secs] 419638K->10619K(2046080K), 0.0014740 secs] [Times: user=0.00 sys=0.00, real=0.00 secs] 
2024-10-07T05:58:05.568+0300: 1195.817: Total time for which application threads were stopped: 0.0017248 seconds, Stopping threads took: 0.0001511 seconds
2024-10-07T05:58:06.133+0300: 1196.381: Application time: 0.5636408 seconds
2024-10-07T05:58:06.133+0300: 1196.381: [GC (Allocation Failure) 2024-10-07T05:58:06.133+0300: 1196.381: [ParNew: 413307K->4280K(460096K), 0.0018799 secs] 419643K->10617K(2046080K), 0.0019665 secs] [Times: user=0.00 sys=0.00, real=0.00 secs] 
2024-10-07T05:58:06.133+0300: 1196.383: Total time for which application threads were stopped: 0.0022701 seconds, Stopping threads took: 0.0001794 seconds
2024-10-07T05:58:06.699+0300: 1196.950: Application time: 0.5673666 seconds
2024-10-07T05:58:06.699+0300: 1196.951: [GC (Allocation Failure) 2024-10-07T05:58:06.699+0300: 1196.951: [ParNew: 413304K->4284K(460096K), 0.0017089 secs] 419641K->10621K(2046080K), 0.0017804 secs] [Times: user=0.00 sys=0.00, real=0.00 secs] 
2024-10-07T05:58:06.699+0300: 1196.952: Total time for which application threads were stopped: 0.0020943 seconds, Stopping threads took: 0.0001933 seconds
2024-10-07T05:58:07.263+0300: 1197.512: Application time: 0.5593945 seconds
2024-10-07T05:58:07.263+0300: 1197.512: [GC (Allocation Failure) 2024-10-07T05:58:07.263+0300: 1197.512: [ParNew: 413308K->3291K(460096K), 0.0013962 secs] 419645K->9629K(2046080K), 0.0014797 secs] [Times: user=0.00 sys=0.00, real=0.00 secs] 
2024-10-07T05:58:07.263+0300: 1197.514: Total time for which application threads were stopped: 0.0017861 seconds, Stopping threads took: 0.0001833 seconds
2024-10-07T05:58:07.829+0300: 1198.077: Application time: 0.5637006 seconds
2024-10-07T05:58:07.829+0300: 1198.078: [GC (Allocation Failure) 2024-10-07T05:58:07.829+0300: 1198.078: [ParNew: 411308K->2270K(460096K), 0.0016086 secs] 417646K->8609K(2046080K), 0.0016765 secs] [Times: user=0.00 sys=0.00, real=0.00 secs] 
2024-10-07T05:58:07.829+0300: 1198.079: Total time for which application threads were stopped: 0.0019833 seconds, Stopping threads took: 0.0001861 seconds
2024-10-07T05:58:08.395+0300: 1198.649: Application time: 0.5696595 seconds
2024-10-07T05:58:08.395+0300: 1198.649: [GC (Allocation Failure) 2024-10-07T05:58:08.395+0300: 1198.649: [ParNew: 410596K->4284K(460096K), 0.0014931 secs] 416935K->10624K(2046080K), 0.0016002 secs] [Times: user=0.00 sys=0.00, real=0.00 secs] 
2024-10-07T05:58:08.395+0300: 1198.651: Total time for which application threads were stopped: 0.0019658 seconds, Stopping threads took: 0.0002359 seconds
2024-10-07T05:58:08.960+0300: 1199.210: Application time: 0.5589438 seconds
2024-10-07T05:58:08.960+0300: 1199.210: [GC (Allocation Failure) 2024-10-07T05:58:08.960+0300: 1199.210: [ParNew: 413255K->5304K(460096K), 0.0015815 secs] 419594K->11643K(2046080K), 0.0016698 secs] [Times: user=0.00 sys=0.00, real=0.00 secs] 
2024-10-07T05:58:08.960+0300: 1199.212: Total time for which application threads were stopped: 0.0019093 seconds, Stopping threads took: 0.0001267 seconds
2024-10-07T05:58:09.525+0300: 1199.778: Application time: 0.5657742 seconds
2024-10-07T05:58:09.525+0300: 1199.778: [GC (Allocation Failure) 2024-10-07T05:58:09.525+0300: 1199.778: [ParNew: 413396K->5304K(460096K), 0.0016138 secs] 419736K->11645K(2046080K), 0.0017044 secs] [Times: user=0.00 sys=0.00, real=0.00 secs] 
2024-10-07T05:58:09.525+0300: 1199.780: Total time for which application threads were stopped: 0.0020998 seconds, Stopping threads took: 0.0002575 seconds
2024-10-07T05:58:10.091+0300: 1200.343: Application time: 0.5634223 seconds
2024-10-07T05:58:10.091+0300: 1200.343: [GC (Allocation Failure) 2024-10-07T05:58:10.091+0300: 1200.343: [ParNew: 413718K->4300K(460096K), 0.0014462 secs] 420058K->10641K(2046080K), 0.0015570 secs] [Times: user=0.05 sys=0.00, real=0.00 secs] 
2024-10-07T05:58:10.091+0300: 1200.345: Total time for which application threads were stopped: 0.0018343 seconds, Stopping threads took: 0.0001531 seconds
2024-10-07T05:58:10.670+0300: 1200.913: Application time: 0.5678683 seconds
2024-10-07T05:58:10.670+0300: 1200.913: [GC (Allocation Failure) 2024-10-07T05:58:10.670+0300: 1200.913: [ParNew: 413324K->3276K(460096K), 0.0012758 secs] 419665K->9618K(2046080K), 0.0013670 secs] [Times: user=0.00 sys=0.00, real=0.00 secs] 
2024-10-07T05:58:10.670+0300: 1200.914: Total time for which application threads were stopped: 0.0016551 seconds, Stopping threads took: 0.0001436 seconds
2024-10-07T05:58:11.220+0300: 1201.474: Application time: 0.5594863 seconds
2024-10-07T05:58:11.220+0300: 1201.474: [GC (Allocation Failure) 2024-10-07T05:58:11.220+0300: 1201.474: [ParNew: 411897K->4286K(460096K), 0.0018862 secs] 418239K->10629K(2046080K), 0.0020005 secs] [Times: user=0.00 sys=0.00, real=0.00 secs] 
2024-10-07T05:58:11.220+0300: 1201.476: Total time for which application threads were stopped: 0.0023478 seconds, Stopping threads took: 0.0002015 seconds
2024-10-07T05:58:11.795+0300: 1202.039: Application time: 0.5623735 seconds
2024-10-07T05:58:11.795+0300: 1202.039: [GC (Allocation Failure) 2024-10-07T05:58:11.795+0300: 1202.039: [ParNew: 413310K->4285K(460096K), 0.0014734 secs] 419653K->10628K(2046080K), 0.0015531 secs] [Times: user=0.00 sys=0.00, real=0.00 secs] 
2024-10-07T05:58:11.795+0300: 1202.040: Total time for which application threads were stopped: 0.0018489 seconds, Stopping threads took: 0.0001954 seconds
2024-10-07T05:58:12.365+0300: 1202.607: Application time: 0.5669401 seconds
2024-10-07T05:58:12.365+0300: 1202.608: [GC (Allocation Failure) 2024-10-07T05:58:12.365+0300: 1202.608: [ParNew: 413309K->4298K(460096K), 0.0013019 secs] 419652K->10642K(2046080K), 0.0014203 secs] [Times: user=0.00 sys=0.00, real=0.00 secs] 
2024-10-07T05:58:12.365+0300: 1202.609: Total time for which application threads were stopped: 0.0017190 seconds, Stopping threads took: 0.0001547 seconds
2024-10-07T05:58:12.915+0300: 1203.165: Application time: 0.5561786 seconds
2024-10-07T05:58:12.915+0300: 1203.166: [GC (Allocation Failure) 2024-10-07T05:58:12.915+0300: 1203.166: [ParNew: 412626K->4282K(460096K), 0.0016267 secs] 418970K->10627K(2046080K), 0.0016972 secs] [Times: user=0.00 sys=0.00, real=0.00 secs] 
2024-10-07T05:58:12.915+0300: 1203.167: Total time for which application threads were stopped: 0.0019564 seconds, Stopping threads took: 0.0001617 seconds
2024-10-07T05:58:13.479+0300: 1203.732: Application time: 0.5645030 seconds
2024-10-07T05:58:13.479+0300: 1203.732: [GC (Allocation Failure) 2024-10-07T05:58:13.479+0300: 1203.732: [ParNew: 413101K->4283K(460096K), 0.0014002 secs] 419446K->10628K(2046080K), 0.0014796 secs] [Times: user=0.00 sys=0.00, real=0.00 secs] 
2024-10-07T05:58:13.479+0300: 1203.734: Total time for which application threads were stopped: 0.0017778 seconds, Stopping threads took: 0.0001911 seconds
2024-10-07T05:58:14.044+0300: 1204.293: Application time: 0.5590370 seconds
2024-10-07T05:58:14.044+0300: 1204.293: [GC (Allocation Failure) 2024-10-07T05:58:14.044+0300: 1204.293: [ParNew: 413307K->4280K(460096K), 0.0014815 secs] 419652K->10626K(2046080K), 0.0015571 secs] [Times: user=0.00 sys=0.00, real=0.00 secs] 
2024-10-07T05:58:14.044+0300: 1204.294: Total time for which application threads were stopped: 0.0018177 seconds, Stopping threads took: 0.0001612 seconds
2024-10-07T05:58:14.609+0300: 1204.860: Application time: 0.5651288 seconds
2024-10-07T05:58:14.609+0300: 1204.860: [GC (Allocation Failure) 2024-10-07T05:58:14.609+0300: 1204.860: [ParNew: 412325K->4283K(460096K), 0.0017187 secs] 418671K->10629K(2046080K), 0.0018082 secs] [Times: user=0.00 sys=0.00, real=0.00 secs] 
2024-10-07T05:58:14.609+0300: 1204.862: Total time for which application threads were stopped: 0.0020771 seconds, Stopping threads took: 0.0001562 seconds
2024-10-07T05:58:15.174+0300: 1205.418: Application time: 0.5567299 seconds
2024-10-07T05:58:15.174+0300: 1205.419: [GC (Allocation Failure) 2024-10-07T05:58:15.174+0300: 1205.419: [ParNew: 412882K->5304K(460096K), 0.0016236 secs] 419228K->11651K(2046080K), 0.0016936 secs] [Times: user=0.00 sys=0.00, real=0.00 secs] 
2024-10-07T05:58:15.174+0300: 1205.420: Total time for which application threads were stopped: 0.0019481 seconds, Stopping threads took: 0.0001544 seconds
2024-10-07T05:58:15.739+0300: 1205.984: Application time: 0.5637152 seconds
2024-10-07T05:58:15.739+0300: 1205.984: [GC (Allocation Failure) 2024-10-07T05:58:15.739+0300: 1205.984: [ParNew: 414328K->5302K(460096K), 0.0016288 secs] 420675K->11650K(2046080K), 0.0017030 secs] [Times: user=0.00 sys=0.00, real=0.00 secs] 
2024-10-07T05:58:15.739+0300: 1205.986: Total time for which application threads were stopped: 0.0019823 seconds, Stopping threads took: 0.0001804 seconds
2024-10-07T05:58:16.304+0300: 1206.547: Application time: 0.5608578 seconds
2024-10-07T05:58:16.304+0300: 1206.547: [GC (Allocation Failure) 2024-10-07T05:58:16.304+0300: 1206.547: [ParNew: 414326K->5308K(460096K), 0.0018908 secs] 420674K->11656K(2046080K), 0.0019629 secs] [Times: user=0.00 sys=0.00, real=0.00 secs] 
2024-10-07T05:58:16.304+0300: 1206.549: Total time for which application threads were stopped: 0.0022101 seconds, Stopping threads took: 0.0001281 seconds
2024-10-07T05:58:16.869+0300: 1207.116: Application time: 0.5667058 seconds
2024-10-07T05:58:16.869+0300: 1207.116: [GC (Allocation Failure) 2024-10-07T05:58:16.869+0300: 1207.116: [ParNew: 413361K->4300K(460096K), 0.0016266 secs] 419709K->10649K(2046080K), 0.0017203 secs] [Times: user=0.00 sys=0.00, real=0.00 secs] 
2024-10-07T05:58:16.869+0300: 1207.118: Total time for which application threads were stopped: 0.0019920 seconds, Stopping threads took: 0.0001683 seconds
2024-10-07T05:58:17.435+0300: 1207.684: Application time: 0.5666402 seconds
2024-10-07T05:58:17.435+0300: 1207.685: [GC (Allocation Failure) 2024-10-07T05:58:17.435+0300: 1207.685: [ParNew: 412789K->5308K(460096K), 0.0015481 secs] 419138K->11657K(2046080K), 0.0016653 secs] [Times: user=0.00 sys=0.00, real=0.00 secs] 
2024-10-07T05:58:17.435+0300: 1207.686: Total time for which application threads were stopped: 0.0020296 seconds, Stopping threads took: 0.0002342 seconds
2024-10-07T05:58:18.008+0300: 1208.249: Application time: 0.5629995 seconds
2024-10-07T05:58:18.008+0300: 1208.250: [GC (Allocation Failure) 2024-10-07T05:58:18.008+0300: 1208.250: [ParNew: 413960K->5308K(460096K), 0.0015734 secs] 420309K->11658K(2046080K), 0.0016587 secs] [Times: user=0.00 sys=0.00, real=0.00 secs] 
2024-10-07T05:58:18.008+0300: 1208.251: Total time for which application threads were stopped: 0.0018927 seconds, Stopping threads took: 0.0001245 seconds
2024-10-07T05:58:18.580+0300: 1208.836: Application time: 0.5845528 seconds
2024-10-07T05:58:18.580+0300: 1208.836: [GC (Allocation Failure) 2024-10-07T05:58:18.580+0300: 1208.836: [ParNew: 413592K->4302K(460096K), 0.0016522 secs] 419942K->10653K(2046080K), 0.0017298 secs] [Times: user=0.02 sys=0.00, real=0.02 secs] 
2024-10-07T05:58:18.596+0300: 1208.838: Total time for which application threads were stopped: 0.0020193 seconds, Stopping threads took: 0.0001842 seconds
2024-10-07T05:58:19.160+0300: 1209.403: Application time: 0.5652305 seconds
2024-10-07T05:58:19.160+0300: 1209.403: [GC (Allocation Failure) 2024-10-07T05:58:19.160+0300: 1209.403: [ParNew: 412498K->5304K(460096K), 0.0015300 secs] 418849K->11655K(2046080K), 0.0016022 secs] [Times: user=0.00 sys=0.00, real=0.00 secs] 
2024-10-07T05:58:19.160+0300: 1209.405: Total time for which application threads were stopped: 0.0018609 seconds, Stopping threads took: 0.0001527 seconds
2024-10-07T05:58:19.726+0300: 1209.971: Application time: 0.5664193 seconds
2024-10-07T05:58:19.726+0300: 1209.972: [GC (Allocation Failure) 2024-10-07T05:58:19.726+0300: 1209.972: [ParNew: 414328K->5302K(460096K), 0.0015071 secs] 420679K->11654K(2046080K), 0.0016002 secs] [Times: user=0.00 sys=0.00, real=0.00 secs] 
2024-10-07T05:58:19.726+0300: 1209.973: Total time for which application threads were stopped: 0.0018820 seconds, Stopping threads took: 0.0001284 seconds
2024-10-07T05:58:20.275+0300: 1210.531: Application time: 0.5575289 seconds
2024-10-07T05:58:20.275+0300: 1210.531: [GC (Allocation Failure) 2024-10-07T05:58:20.275+0300: 1210.531: [ParNew: 413849K->3280K(460096K), 0.0014550 secs] 420201K->9632K(2046080K), 0.0015578 secs] [Times: user=0.02 sys=0.00, real=0.01 secs] 
2024-10-07T05:58:20.290+0300: 1210.533: Total time for which application threads were stopped: 0.0018172 seconds, Stopping threads took: 0.0001139 seconds
2024-10-07T05:58:20.854+0300: 1211.100: Application time: 0.5672952 seconds
2024-10-07T05:58:20.854+0300: 1211.100: [GC (Allocation Failure) 2024-10-07T05:58:20.854+0300: 1211.100: [ParNew: 411851K->3264K(460096K), 0.0013951 secs] 418204K->9617K(2046080K), 0.0014572 secs] [Times: user=0.00 sys=0.00, real=0.00 secs] 
2024-10-07T05:58:20.854+0300: 1211.102: Total time for which application threads were stopped: 0.0016919 seconds, Stopping threads took: 0.0001434 seconds
2024-10-07T05:58:21.419+0300: 1211.665: Application time: 0.5629696 seconds
2024-10-07T05:58:21.419+0300: 1211.665: [GC (Allocation Failure) 2024-10-07T05:58:21.419+0300: 1211.665: [ParNew: 412277K->5305K(460096K), 0.0018040 secs] 418630K->11658K(2046080K), 0.0019048 secs] [Times: user=0.00 sys=0.00, real=0.00 secs] 
2024-10-07T05:58:21.419+0300: 1211.667: Total time for which application threads were stopped: 0.0022736 seconds, Stopping threads took: 0.0002363 seconds
2024-10-07T05:58:21.984+0300: 1212.226: Application time: 0.5592885 seconds
2024-10-07T05:58:21.984+0300: 1212.226: [GC (Allocation Failure) 2024-10-07T05:58:21.984+0300: 1212.226: [ParNew: 413486K->5304K(460096K), 0.0017012 secs] 419839K->11658K(2046080K), 0.0017763 secs] [Times: user=0.00 sys=0.00, real=0.00 secs] 
2024-10-07T05:58:21.984+0300: 1212.228: Total time for which application threads were stopped: 0.0020484 seconds, Stopping threads took: 0.0001679 seconds
2024-10-07T05:58:22.549+0300: 1212.791: Application time: 0.5629891 seconds
2024-10-07T05:58:22.549+0300: 1212.791: [GC (Allocation Failure) 2024-10-07T05:58:22.549+0300: 1212.792: [ParNew: 413532K->5304K(460096K), 0.0015987 secs] 419887K->11659K(2046080K), 0.0016719 secs] [Times: user=0.00 sys=0.00, real=0.00 secs] 
2024-10-07T05:58:22.549+0300: 1212.793: Total time for which application threads were stopped: 0.0019410 seconds, Stopping threads took: 0.0001713 seconds
2024-10-07T05:58:23.098+0300: 1213.352: Application time: 0.5591562 seconds
2024-10-07T05:58:23.098+0300: 1213.353: [GC (Allocation Failure) 2024-10-07T05:58:23.098+0300: 1213.353: [ParNew: 414328K->5304K(460096K), 0.0016602 secs] 420683K->11660K(2046080K), 0.0017440 secs] [Times: user=0.00 sys=0.00, real=0.00 secs] 
2024-10-07T05:58:23.098+0300: 1213.354: Total time for which application threads were stopped: 0.0020897 seconds, Stopping threads took: 0.0002328 seconds
2024-10-07T05:58:23.679+0300: 1213.921: Application time: 0.5666969 seconds
2024-10-07T05:58:23.679+0300: 1213.921: [GC (Allocation Failure) 2024-10-07T05:58:23.679+0300: 1213.921: [ParNew: 414006K->5306K(460096K), 0.0018672 secs] 420362K->11663K(2046080K), 0.0019381 secs] [Times: user=0.00 sys=0.00, real=0.00 secs] 
2024-10-07T05:58:23.679+0300: 1213.923: Total time for which application threads were stopped: 0.0022343 seconds, Stopping threads took: 0.0001790 seconds
2024-10-07T05:58:24.229+0300: 1214.484: Application time: 0.5608694 seconds
2024-10-07T05:58:24.229+0300: 1214.485: [GC (Allocation Failure) 2024-10-07T05:58:24.229+0300: 1214.485: [ParNew: 413629K->4283K(460096K), 0.0016235 secs] 419986K->10639K(2046080K), 0.0017020 secs] [Times: user=0.01 sys=0.00, real=0.01 secs] 
2024-10-07T05:58:24.244+0300: 1214.486: Total time for which application threads were stopped: 0.0020139 seconds, Stopping threads took: 0.0002039 seconds
2024-10-07T05:58:24.810+0300: 1215.053: Application time: 0.5665752 seconds
2024-10-07T05:58:24.810+0300: 1215.053: [GC (Allocation Failure) 2024-10-07T05:58:24.810+0300: 1215.053: [ParNew: 413307K->3263K(460096K), 0.0013274 secs] 419663K->9620K(2046080K), 0.0014052 secs] [Times: user=0.00 sys=0.00, real=0.00 secs] 
2024-10-07T05:58:24.810+0300: 1215.054: Total time for which application threads were stopped: 0.0016222 seconds, Stopping threads took: 0.0001143 seconds
2024-10-07T05:58:25.375+0300: 1215.619: Application time: 0.5640342 seconds
2024-10-07T05:58:25.375+0300: 1215.619: [GC (Allocation Failure) 2024-10-07T05:58:25.375+0300: 1215.619: [ParNew: 411272K->2270K(460096K), 0.0012013 secs] 417629K->8628K(2046080K), 0.0012991 secs] [Times: user=0.00 sys=0.00, real=0.00 secs] 
2024-10-07T05:58:25.375+0300: 1215.620: Total time for which application threads were stopped: 0.0015822 seconds, Stopping threads took: 0.0001572 seconds
2024-10-07T05:58:25.924+0300: 1216.173: Application time: 0.5532585 seconds
2024-10-07T05:58:25.924+0300: 1216.174: [GC (Allocation Failure) 2024-10-07T05:58:25.924+0300: 1216.174: [ParNew: 410285K->5307K(460096K), 0.0014926 secs] 416643K->11666K(2046080K), 0.0015731 secs] [Times: user=0.00 sys=0.00, real=0.00 secs] 
2024-10-07T05:58:25.924+0300: 1216.175: Total time for which application threads were stopped: 0.0018635 seconds, Stopping threads took: 0.0001837 seconds
2024-10-07T05:58:26.505+0300: 1216.747: Application time: 0.5713304 seconds
2024-10-07T05:58:26.505+0300: 1216.747: [GC (Allocation Failure) 2024-10-07T05:58:26.505+0300: 1216.747: [ParNew: 414331K->2226K(460096K), 0.0011522 secs] 420690K->8585K(2046080K), 0.0012195 secs] [Times: user=0.00 sys=0.00, real=0.00 secs] 
2024-10-07T05:58:26.505+0300: 1216.748: Total time for which application threads were stopped: 0.0014686 seconds, Stopping threads took: 0.0001542 seconds
2024-10-07T05:58:27.055+0300: 1217.308: Application time: 0.5601072 seconds
2024-10-07T05:58:27.055+0300: 1217.308: [GC (Allocation Failure) 2024-10-07T05:58:27.055+0300: 1217.308: [ParNew: 411250K->3262K(460096K), 0.0012536 secs] 417609K->9622K(2046080K), 0.0013276 secs] [Times: user=0.00 sys=0.00, real=0.00 secs] 
2024-10-07T05:58:27.055+0300: 1217.310: Total time for which application threads were stopped: 0.0016064 seconds, Stopping threads took: 0.0001737 seconds
2024-10-07T05:58:27.627+0300: 1217.871: Application time: 0.5607810 seconds
2024-10-07T05:58:27.627+0300: 1217.871: [GC (Allocation Failure) 2024-10-07T05:58:27.627+0300: 1217.871: [ParNew: 412041K->4284K(460096K), 0.0012995 secs] 418401K->10644K(2046080K), 0.0013775 secs] [Times: user=0.00 sys=0.00, real=0.00 secs] 
2024-10-07T05:58:27.627+0300: 1217.872: Total time for which application threads were stopped: 0.0016770 seconds, Stopping threads took: 0.0001960 seconds
2024-10-07T05:58:28.185+0300: 1218.432: Application time: 0.5597334 seconds
2024-10-07T05:58:28.185+0300: 1218.432: [GC (Allocation Failure) 2024-10-07T05:58:28.185+0300: 1218.432: [ParNew: 413308K->5306K(460096K), 0.0019949 secs] 419668K->11667K(2046080K), 0.0020727 secs] [Times: user=0.00 sys=0.00, real=0.00 secs] 
2024-10-07T05:58:28.185+0300: 1218.434: Total time for which application threads were stopped: 0.0023597 seconds, Stopping threads took: 0.0001812 seconds
2024-10-07T05:58:28.750+0300: 1219.000: Application time: 0.5660989 seconds
2024-10-07T05:58:28.750+0300: 1219.001: [GC (Allocation Failure) 2024-10-07T05:58:28.750+0300: 1219.001: [ParNew: 413512K->5304K(460096K), 0.0016946 secs] 419873K->11666K(2046080K), 0.0017731 secs] [Times: user=0.00 sys=0.00, real=0.00 secs] 
2024-10-07T05:58:28.750+0300: 1219.002: Total time for which application threads were stopped: 0.0020419 seconds, Stopping threads took: 0.0001535 seconds
2024-10-07T05:58:28.891+0300: 1219.133: Application time: 0.1303426 seconds
2024-10-07T05:58:28.891+0300: 1219.133: Total time for which application threads were stopped: 0.0002655 seconds, Stopping threads took: 0.0002160 seconds
2024-10-07T05:58:28.986+0300: 1219.235: Application time: 0.1019793 seconds
2024-10-07T05:58:28.986+0300: 1219.235: Total time for which application threads were stopped: 0.0002266 seconds, Stopping threads took: 0.0001728 seconds
2024-10-07T05:58:29.095+0300: 1219.340: Application time: 0.1048589 seconds
2024-10-07T05:58:29.095+0300: 1219.340: Total time for which application threads were stopped: 0.0001548 seconds, Stopping threads took: 0.0000905 seconds
2024-10-07T05:58:29.111+0300: 1219.361: Application time: 0.0204436 seconds
2024-10-07T05:58:29.111+0300: 1219.361: Total time for which application threads were stopped: 0.0001308 seconds, Stopping threads took: 0.0000739 seconds
2024-10-07T05:58:29.252+0300: 1219.507: Application time: 0.1464574 seconds
2024-10-07T05:58:29.252+0300: 1219.508: Total time for which application threads were stopped: 0.0001898 seconds, Stopping threads took: 0.0001126 seconds
2024-10-07T05:58:29.252+0300: 1219.508: Application time: 0.0002834 seconds
2024-10-07T05:58:29.252+0300: 1219.508: Total time for which application threads were stopped: 0.0000665 seconds, Stopping threads took: 0.0000353 seconds
2024-10-07T05:58:29.268+0300: 1219.517: Application time: 0.0088138 seconds
2024-10-07T05:58:29.268+0300: 1219.517: Total time for which application threads were stopped: 0.0001755 seconds, Stopping threads took: 0.0000165 seconds
2024-10-07T05:58:29.404+0300: 1219.648: Application time: 0.1312586 seconds
2024-10-07T05:58:29.404+0300: 1219.648: Total time for which application threads were stopped: 0.0001535 seconds, Stopping threads took: 0.0000841 seconds
2024-10-07T05:58:29.404+0300: 1219.649: Application time: 0.0003793 seconds
2024-10-07T05:58:29.404+0300: 1219.649: Total time for which application threads were stopped: 0.0001948 seconds, Stopping threads took: 0.0000283 seconds
2024-10-07T05:58:29.456+0300: 1219.697: Application time: 0.0485539 seconds
2024-10-07T05:58:29.456+0300: 1219.698: Total time for which application threads were stopped: 0.0002489 seconds, Stopping threads took: 0.0000316 seconds
2024-10-07T05:58:29.472+0300: 1219.723: Application time: 0.0248337 seconds
2024-10-07T05:58:29.472+0300: 1219.723: Total time for which application threads were stopped: 0.0000681 seconds, Stopping threads took: 0.0000195 seconds
2024-10-07T05:58:29.487+0300: 1219.737: Application time: 0.0141411 seconds
2024-10-07T05:58:29.487+0300: 1219.737: Total time for which application threads were stopped: 0.0000690 seconds, Stopping threads took: 0.0000347 seconds
2024-10-07T05:58:29.597+0300: 1219.840: Application time: 0.1036213 seconds
2024-10-07T05:58:29.597+0300: 1219.841: Total time for which application threads were stopped: 0.0002796 seconds, Stopping threads took: 0.0000254 seconds
2024-10-07T05:58:29.597+0300: 1219.843: Application time: 0.0026379 seconds
2024-10-07T05:58:29.597+0300: 1219.844: Total time for which application threads were stopped: 0.0003312 seconds, Stopping threads took: 0.0000344 seconds
2024-10-07T05:58:29.597+0300: 1219.845: Application time: 0.0017151 seconds
2024-10-07T05:58:29.597+0300: 1219.846: Total time for which application threads were stopped: 0.0001848 seconds, Stopping threads took: 0.0000166 seconds
2024-10-07T05:58:29.631+0300: 1219.875: Application time: 0.0295599 seconds
2024-10-07T05:58:29.631+0300: 1219.875: Total time for which application threads were stopped: 0.0000862 seconds, Stopping threads took: 0.0000301 seconds
2024-10-07T05:58:29.631+0300: 1219.877: Application time: 0.0019938 seconds
2024-10-07T05:58:29.631+0300: 1219.877: Total time for which application threads were stopped: 0.0000470 seconds, Stopping threads took: 0.0000269 seconds
2024-10-07T05:58:30.601+0300: 1220.842: Application time: 0.9649945 seconds
2024-10-07T05:58:30.601+0300: 1220.843: Total time for which application threads were stopped: 0.0003544 seconds, Stopping threads took: 0.0001905 seconds
2024-10-07T05:58:30.601+0300: 1220.843: Application time: 0.0004192 seconds
2024-10-07T05:58:30.601+0300: 1220.843: Total time for which application threads were stopped: 0.0001323 seconds, Stopping threads took: 0.0000772 seconds
2024-10-07T05:58:30.601+0300: 1220.843: Application time: 0.0001985 seconds
2024-10-07T05:58:30.601+0300: 1220.844: Total time for which application threads were stopped: 0.0001509 seconds, Stopping threads took: 0.0000999 seconds
2024-10-07T05:58:32.235+0300: 1222.480: Application time: 1.6361928 seconds
2024-10-07T05:58:32.235+0300: 1222.480: [GC (Allocation Failure) 2024-10-07T05:58:32.235+0300: 1222.480: [ParNew: 414314K->24993K(460096K), 0.0139638 secs] 420676K->31355K(2046080K), 0.0140712 secs] [Times: user=0.02 sys=0.00, real=0.01 secs] 
2024-10-07T05:58:32.249+0300: 1222.494: Total time for which application threads were stopped: 0.0143466 seconds, Stopping threads took: 0.0000553 seconds
2024-10-07T05:58:32.249+0300: 1222.494: Application time: 0.0002235 seconds
2024-10-07T05:58:32.249+0300: 1222.494: Total time for which application threads were stopped: 0.0001118 seconds, Stopping threads took: 0.0000662 seconds
2024-10-07T05:58:32.249+0300: 1222.495: Application time: 0.0001249 seconds
2024-10-07T05:58:32.249+0300: 1222.495: Total time for which application threads were stopped: 0.0000829 seconds, Stopping threads took: 0.0000588 seconds
2024-10-07T05:58:32.249+0300: 1222.495: Application time: 0.0000593 seconds
2024-10-07T05:58:32.249+0300: 1222.495: Total time for which application threads were stopped: 0.0000742 seconds, Stopping threads took: 0.0000550 seconds
2024-10-07T05:58:32.249+0300: 1222.495: Application time: 0.0000404 seconds
2024-10-07T05:58:32.249+0300: 1222.495: Total time for which application threads were stopped: 0.0001140 seconds, Stopping threads took: 0.0000620 seconds
2024-10-07T05:58:32.249+0300: 1222.495: Application time: 0.0002474 seconds
2024-10-07T05:58:32.249+0300: 1222.495: Total time for which application threads were stopped: 0.0000994 seconds, Stopping threads took: 0.0000605 seconds
2024-10-07T05:58:32.249+0300: 1222.495: Application time: 0.0000645 seconds
2024-10-07T05:58:32.249+0300: 1222.495: Total time for which application threads were stopped: 0.0000698 seconds, Stopping threads took: 0.0000442 seconds
2024-10-07T05:58:32.249+0300: 1222.496: Application time: 0.0000624 seconds
2024-10-07T05:58:32.249+0300: 1222.496: Total time for which application threads were stopped: 0.0000608 seconds, Stopping threads took: 0.0000391 seconds
2024-10-07T05:58:32.249+0300: 1222.496: Application time: 0.0000645 seconds
2024-10-07T05:58:32.249+0300: 1222.496: Total time for which application threads were stopped: 0.0000665 seconds, Stopping threads took: 0.0000415 seconds
2024-10-07T05:58:32.249+0300: 1222.496: Application time: 0.0000408 seconds
2024-10-07T05:58:32.249+0300: 1222.496: Total time for which application threads were stopped: 0.0000550 seconds, Stopping threads took: 0.0000317 seconds
2024-10-07T05:58:32.249+0300: 1222.496: Application time: 0.0000616 seconds
2024-10-07T05:58:32.249+0300: 1222.496: Total time for which application threads were stopped: 0.0000855 seconds, Stopping threads took: 0.0000445 seconds
2024-10-07T05:58:32.249+0300: 1222.496: Application time: 0.0000751 seconds
2024-10-07T05:58:32.249+0300: 1222.496: Total time for which application threads were stopped: 0.0000761 seconds, Stopping threads took: 0.0000500 seconds
2024-10-07T05:58:32.359+0300: 1222.614: Application time: 0.1177877 seconds
2024-10-07T05:58:32.359+0300: 1222.614: [GC (Allocation Failure) 2024-10-07T05:58:32.359+0300: 1222.614: [ParNew: 434017K->28590K(460096K), 0.0088182 secs] 440379K->34953K(2046080K), 0.0089194 secs] [Times: user=0.05 sys=0.00, real=0.02 secs] 
2024-10-07T05:58:32.374+0300: 1222.623: Total time for which application threads were stopped: 0.0091445 seconds, Stopping threads took: 0.0000548 seconds
2024-10-07T05:58:32.516+0300: 1222.759: Application time: 0.1362662 seconds
2024-10-07T05:58:32.516+0300: 1222.759: [GC (Allocation Failure) 2024-10-07T05:58:32.516+0300: 1222.759: [ParNew: 437614K->27486K(460096K), 0.0062254 secs] 443977K->33850K(2046080K), 0.0063014 secs] [Times: user=0.05 sys=0.00, real=0.00 secs] 
2024-10-07T05:58:32.516+0300: 1222.766: Total time for which application threads were stopped: 0.0064386 seconds, Stopping threads took: 0.0000437 seconds
2024-10-07T05:58:32.626+0300: 1222.868: Application time: 0.1027462 seconds
2024-10-07T05:58:32.626+0300: 1222.869: [GC (Allocation Failure) 2024-10-07T05:58:32.626+0300: 1222.869: [ParNew: 436510K->27447K(460096K), 0.0064767 secs] 442874K->33812K(2046080K), 0.0065604 secs] [Times: user=0.00 sys=0.00, real=0.00 secs] 
2024-10-07T05:58:32.626+0300: 1222.875: Total time for which application threads were stopped: 0.0067637 seconds, Stopping threads took: 0.0000254 seconds
2024-10-07T05:58:32.704+0300: 1222.947: Application time: 0.0717163 seconds
2024-10-07T05:58:32.704+0300: 1222.947: Total time for which application threads were stopped: 0.0001090 seconds, Stopping threads took: 0.0000352 seconds
2024-10-07T05:58:32.704+0300: 1222.950: Application time: 0.0032824 seconds
2024-10-07T05:58:32.704+0300: 1222.950: Total time for which application threads were stopped: 0.0000938 seconds, Stopping threads took: 0.0000609 seconds
2024-10-07T05:58:32.704+0300: 1222.951: Application time: 0.0003845 seconds
2024-10-07T05:58:32.704+0300: 1222.951: Total time for which application threads were stopped: 0.0000805 seconds, Stopping threads took: 0.0000466 seconds
2024-10-07T05:58:32.704+0300: 1222.960: Application time: 0.0089960 seconds
2024-10-07T05:58:32.704+0300: 1222.960: Total time for which application threads were stopped: 0.0000602 seconds, Stopping threads took: 0.0000267 seconds
Heap
 par new generation   total 460096K, used 78237K [0x0000000080000000, 0x000000009f330000, 0x000000009f330000)
  eden space 409024K,  12% used [0x0000000080000000, 0x0000000083199780, 0x0000000098f70000)
  from space 51072K,  53% used [0x000000009c150000, 0x000000009dc1df48, 0x000000009f330000)
  to   space 51072K,   0% used [0x0000000098f70000, 0x0000000098f70000, 0x000000009c150000)
 concurrent mark-sweep generation total 1585984K, used 6364K [0x000000009f330000, 0x0000000100000000, 0x0000000100000000)
 Metaspace       used 16308K, capacity 16498K, committed 16640K, reserved 1064960K
  class space    used 1675K, capacity 1763K, committed 1792K, reserved 1048576K
2024-10-07T05:58:32.814+0300: 1223.056: Application time: 0.0962301 seconds
