[0.031s][info][gc] Using Concurrent Mark Sweep
[0.032s][info][gc,heap,coops] Heap address: 0x0000000600000000, size: 8192 MB, Compressed Oops mode: Zero based, Oop shift amount: 3
[4.082s][info][gc,start     ] GC(0) Pause Initial Mark
[4.091s][info][gc           ] GC(0) Pause Initial Mark 72M->72M(8142M) 9.120ms
[4.091s][info][gc,cpu       ] GC(0) User=0.00s Sys=0.00s Real=0.00s
[4.091s][info][gc           ] GC(0) Concurrent Mark
[4.091s][info][gc,task      ] GC(0) Using 2 workers of 2 for marking
[4.096s][info][gc           ] GC(0) Concurrent Mark 4.387ms
[4.096s][info][gc,cpu       ] GC(0) User=0.00s Sys=0.00s Real=0.00s
[4.098s][info][gc           ] GC(0) Concurrent Preclean
[4.107s][info][gc           ] GC(0) Concurrent Preclean 8.590ms
[4.107s][info][gc,cpu       ] GC(0) User=0.00s Sys=0.00s Real=0.00s
[4.107s][info][gc           ] GC(0) Concurrent Abortable Preclean
[9.111s][info][gc           ] GC(0) Concurrent Abortable Preclean 5004.423ms
[9.111s][info][gc,cpu       ] GC(0) User=0.98s Sys=0.12s Real=5.01s
[9.112s][info][gc,start     ] GC(0) Pause Remark
[9.161s][info][gc           ] GC(0) Pause Remark 399M->399M(8142M) 49.049ms
[9.161s][info][gc,cpu       ] GC(0) User=0.05s Sys=0.00s Real=0.05s
[9.161s][info][gc           ] GC(0) Concurrent Sweep
[9.161s][info][gc           ] GC(0) Concurrent Sweep 0.090ms
[9.161s][info][gc,cpu       ] GC(0) User=0.00s Sys=0.00s Real=0.00s
[9.161s][info][gc           ] GC(0) Concurrent Reset
[9.200s][info][gc           ] GC(0) Concurrent Reset 39.263ms
[9.201s][info][gc,cpu       ] GC(0) User=0.00s Sys=0.00s Real=0.03s
[9.201s][info][gc,heap      ] GC(0) Old: 0K->0K(7877440K)
[9.207s][info][gc,start     ] GC(1) Pause Young (Allocation Failure)
[9.208s][info][gc,task      ] GC(1) Using 6 workers of 6 for evacuation
[9.236s][info][gc,heap      ] GC(1) ParNew: 409024K->23969K(460096K)
[9.236s][info][gc,heap      ] GC(1) CMS: 0K->0K(7877440K)
[9.236s][info][gc,metaspace ] GC(1) Metaspace: 50073K(51756K)->50073K(51756K) NonClass: 43862K(44832K)->43862K(44832K) Class: 6210K(6924K)->6210K(6924K)
[9.236s][info][gc           ] GC(1) Pause Young (Allocation Failure) 399M->23M(8142M) 28.394ms
[9.236s][info][gc,cpu       ] GC(1) User=0.06s Sys=0.00s Real=0.03s
[10.044s][info][gc,start     ] GC(2) Pause Young (Allocation Failure)
[10.044s][info][gc,task      ] GC(2) Using 6 workers of 6 for evacuation
[13.781s][info][gc,heap      ] GC(2) ParNew: 432993K->51072K(460096K)
[13.782s][info][gc,heap      ] GC(2) CMS: 0K->359216K(7877440K)
[13.782s][info][gc,metaspace ] GC(2) Metaspace: 58428K(60460K)->58428K(60460K) NonClass: 51012K(52000K)->51012K(52000K) Class: 7416K(8460K)->7416K(8460K)
[13.782s][info][gc           ] GC(2) Pause Young (Allocation Failure) 422M->400M(8142M) 3737.950ms
[13.782s][info][gc,cpu       ] GC(2) User=4.42s Sys=0.11s Real=3.73s
[14.957s][info][gc,start     ] GC(3) Pause Full (System.gc())
[14.958s][info][gc,phases,start] GC(3) Phase 1: Mark live objects
[14.992s][info][gc,phases      ] GC(3) Phase 1: Mark live objects 33.611ms
[14.992s][info][gc,phases,start] GC(3) Phase 2: Compute new object addresses
[15.139s][info][gc,phases      ] GC(3) Phase 2: Compute new object addresses 147.121ms
[15.139s][info][gc,phases,start] GC(3) Phase 3: Adjust pointers
[15.151s][info][gc,phases      ] GC(3) Phase 3: Adjust pointers 12.508ms
[15.151s][info][gc,phases,start] GC(3) Phase 4: Move objects
[15.158s][info][gc,phases      ] GC(3) Phase 4: Move objects 6.839ms
[15.164s][info][gc,heap        ] GC(3) ParNew: 389573K->0K(460096K)
[15.164s][info][gc,heap        ] GC(3) CMS: 359216K->28031K(7877440K)
[15.164s][info][gc,metaspace   ] GC(3) Metaspace: 66877K(69676K)->66877K(69676K) NonClass: 58246K(59680K)->58246K(59680K) Class: 8631K(9996K)->8631K(9996K)
[15.165s][info][gc             ] GC(3) Pause Full (System.gc()) 731M->27M(8142M) 207.513ms
[15.165s][info][gc,cpu         ] GC(3) User=0.33s Sys=0.00s Real=0.21s
[16.126s][info][gc,start       ] GC(4) Pause Young (Allocation Failure)
[16.126s][info][gc,task        ] GC(4) Using 6 workers of 6 for evacuation
[16.144s][info][gc,heap        ] GC(4) ParNew: 409024K->37663K(460096K)
[16.144s][info][gc,heap        ] GC(4) CMS: 28031K->28031K(7877440K)
[16.144s][info][gc,metaspace   ] GC(4) Metaspace: 76780K(80556K)->76780K(80556K) NonClass: 66657K(68640K)->66657K(68640K) Class: 10123K(11916K)->10123K(11916K)
[16.144s][info][gc             ] GC(4) Pause Young (Allocation Failure) 426M->64M(8142M) 17.710ms
[16.144s][info][gc,cpu         ] GC(4) User=0.02s Sys=0.00s Real=0.02s
[16.288s][info][gc,start       ] GC(5) Pause Young (Allocation Failure)
[16.288s][info][gc,task        ] GC(5) Using 6 workers of 6 for evacuation
[16.305s][info][gc,heap        ] GC(5) ParNew: 446687K->12388K(460096K)
[16.305s][info][gc,heap        ] GC(5) CMS: 28031K->28031K(7877440K)
[16.305s][info][gc,metaspace   ] GC(5) Metaspace: 76793K(80556K)->76793K(80556K) NonClass: 66669K(68640K)->66669K(68640K) Class: 10123K(11916K)->10123K(11916K)
[16.305s][info][gc             ] GC(5) Pause Young (Allocation Failure) 463M->39M(8142M) 16.957ms
[16.305s][info][gc,cpu         ] GC(5) User=0.02s Sys=0.00s Real=0.02s
[16.396s][info][gc,start       ] GC(6) Pause Young (Allocation Failure)
[16.396s][info][gc,task        ] GC(6) Using 6 workers of 6 for evacuation
[16.412s][info][gc,heap        ] GC(6) ParNew: 421412K->9236K(460096K)
[16.412s][info][gc,heap        ] GC(6) CMS: 28031K->28031K(7877440K)
[16.412s][info][gc,metaspace   ] GC(6) Metaspace: 76796K(80556K)->76796K(80556K) NonClass: 66673K(68640K)->66673K(68640K) Class: 10123K(11916K)->10123K(11916K)
[16.412s][info][gc             ] GC(6) Pause Young (Allocation Failure) 438M->36M(8142M) 16.523ms
[16.412s][info][gc,cpu         ] GC(6) User=0.02s Sys=0.00s Real=0.02s
[16.501s][info][gc,start       ] GC(7) Pause Young (Allocation Failure)
[16.501s][info][gc,task        ] GC(7) Using 6 workers of 6 for evacuation
[16.517s][info][gc,heap        ] GC(7) ParNew: 418260K->9039K(460096K)
[16.517s][info][gc,heap        ] GC(7) CMS: 28031K->28031K(7877440K)
[16.517s][info][gc,metaspace   ] GC(7) Metaspace: 76810K(80556K)->76810K(80556K) NonClass: 66687K(68640K)->66687K(68640K) Class: 10123K(11916K)->10123K(11916K)
[16.517s][info][gc             ] GC(7) Pause Young (Allocation Failure) 435M->36M(8142M) 16.211ms
[16.517s][info][gc,cpu         ] GC(7) User=0.02s Sys=0.00s Real=0.02s
[16.718s][info][gc,start       ] GC(8) Pause Young (Allocation Failure)
[16.718s][info][gc,task        ] GC(8) Using 6 workers of 6 for evacuation
[16.738s][info][gc,heap        ] GC(8) ParNew: 418063K->8366K(460096K)
[16.738s][info][gc,heap        ] GC(8) CMS: 28031K->28031K(7877440K)
[16.738s][info][gc,metaspace   ] GC(8) Metaspace: 77566K(81580K)->77566K(81580K) NonClass: 67269K(69408K)->67269K(69408K) Class: 10297K(12172K)->10297K(12172K)
[16.738s][info][gc             ] GC(8) Pause Young (Allocation Failure) 435M->35M(8142M) 20.004ms
[16.738s][info][gc,cpu         ] GC(8) User=0.02s Sys=0.00s Real=0.02s
[16.871s][info][gc,start       ] GC(9) Pause Young (Allocation Failure)
[16.871s][info][gc,task        ] GC(9) Using 6 workers of 6 for evacuation
[16.888s][info][gc,heap        ] GC(9) ParNew: 417390K->7810K(460096K)
[16.889s][info][gc,heap        ] GC(9) CMS: 28031K->28031K(7877440K)
[16.889s][info][gc,metaspace   ] GC(9) Metaspace: 77566K(81580K)->77566K(81580K) NonClass: 67269K(69408K)->67269K(69408K) Class: 10297K(12172K)->10297K(12172K)
[16.889s][info][gc             ] GC(9) Pause Young (Allocation Failure) 434M->35M(8142M) 17.197ms
[16.889s][info][gc,cpu         ] GC(9) User=0.02s Sys=0.00s Real=0.02s
[17.009s][info][gc,start       ] GC(10) Pause Young (Allocation Failure)
[17.009s][info][gc,task        ] GC(10) Using 6 workers of 6 for evacuation
[17.029s][info][gc,heap        ] GC(10) ParNew: 416834K->5749K(460096K)
[17.029s][info][gc,heap        ] GC(10) CMS: 28031K->33987K(7877440K)
[17.029s][info][gc,metaspace   ] GC(10) Metaspace: 77567K(81580K)->77567K(81580K) NonClass: 67270K(69408K)->67270K(69408K) Class: 10297K(12172K)->10297K(12172K)
[17.029s][info][gc             ] GC(10) Pause Young (Allocation Failure) 434M->38M(8142M) 20.020ms
[17.029s][info][gc,cpu         ] GC(10) User=0.03s Sys=0.00s Real=0.01s
[17.145s][info][gc,start       ] GC(11) Pause Young (Allocation Failure)
[17.145s][info][gc,task        ] GC(11) Using 6 workers of 6 for evacuation
[17.161s][info][gc,heap        ] GC(11) ParNew: 414773K->1496K(460096K)
[17.161s][info][gc,heap        ] GC(11) CMS: 33987K->33987K(7877440K)
[17.161s][info][gc,metaspace   ] GC(11) Metaspace: 77567K(81580K)->77567K(81580K) NonClass: 67270K(69408K)->67270K(69408K) Class: 10297K(12172K)->10297K(12172K)
[17.161s][info][gc             ] GC(11) Pause Young (Allocation Failure) 438M->34M(8142M) 15.822ms
[17.161s][info][gc,cpu         ] GC(11) User=0.02s Sys=0.00s Real=0.02s
[17.275s][info][gc,start       ] GC(12) Pause Young (Allocation Failure)
[17.275s][info][gc,task        ] GC(12) Using 6 workers of 6 for evacuation
[17.291s][info][gc,heap        ] GC(12) ParNew: 410520K->516K(460096K)
[17.291s][info][gc,heap        ] GC(12) CMS: 33987K->33988K(7877440K)
[17.291s][info][gc,metaspace   ] GC(12) Metaspace: 77567K(81580K)->77567K(81580K) NonClass: 67270K(69408K)->67270K(69408K) Class: 10297K(12172K)->10297K(12172K)
[17.291s][info][gc             ] GC(12) Pause Young (Allocation Failure) 434M->33M(8142M) 16.586ms
[17.291s][info][gc,cpu         ] GC(12) User=0.02s Sys=0.00s Real=0.02s
[17.406s][info][gc,start       ] GC(13) Pause Young (Allocation Failure)
[17.406s][info][gc,task        ] GC(13) Using 6 workers of 6 for evacuation
[17.423s][info][gc,heap        ] GC(13) ParNew: 409540K->403K(460096K)
[17.423s][info][gc,heap        ] GC(13) CMS: 33988K->33989K(7877440K)
[17.423s][info][gc,metaspace   ] GC(13) Metaspace: 77567K(81580K)->77567K(81580K) NonClass: 67270K(69408K)->67270K(69408K) Class: 10297K(12172K)->10297K(12172K)
[17.423s][info][gc             ] GC(13) Pause Young (Allocation Failure) 433M->33M(8142M) 16.778ms
[17.423s][info][gc,cpu         ] GC(13) User=0.00s Sys=0.00s Real=0.00s
[17.539s][info][gc,start       ] GC(14) Pause Young (Allocation Failure)
[17.539s][info][gc,task        ] GC(14) Using 6 workers of 6 for evacuation
[17.556s][info][gc,heap        ] GC(14) ParNew: 409427K->158K(460096K)
[17.556s][info][gc,heap        ] GC(14) CMS: 33989K->34302K(7877440K)
[17.556s][info][gc,metaspace   ] GC(14) Metaspace: 77567K(81580K)->77567K(81580K) NonClass: 67270K(69408K)->67270K(69408K) Class: 10297K(12172K)->10297K(12172K)
[17.556s][info][gc             ] GC(14) Pause Young (Allocation Failure) 433M->33M(8142M) 17.001ms
[17.556s][info][gc,cpu         ] GC(14) User=0.02s Sys=0.00s Real=0.02s
[17.680s][info][gc,start       ] GC(15) Pause Young (Allocation Failure)
[17.680s][info][gc,task        ] GC(15) Using 6 workers of 6 for evacuation
[17.697s][info][gc,heap        ] GC(15) ParNew: 409182K->72K(460096K)
[17.697s][info][gc,heap        ] GC(15) CMS: 34302K->34303K(7877440K)
[17.697s][info][gc,metaspace   ] GC(15) Metaspace: 77569K(81580K)->77569K(81580K) NonClass: 67271K(69408K)->67271K(69408K) Class: 10297K(12172K)->10297K(12172K)
[17.697s][info][gc             ] GC(15) Pause Young (Allocation Failure) 433M->33M(8142M) 16.600ms
[17.697s][info][gc,cpu         ] GC(15) User=0.03s Sys=0.00s Real=0.01s
[18.504s][info][gc,start       ] GC(16) Pause Young (Allocation Failure)
[18.504s][info][gc,task        ] GC(16) Using 6 workers of 6 for evacuation
[18.534s][info][gc,heap        ] GC(16) ParNew: 409096K->27335K(460096K)
[18.534s][info][gc,heap        ] GC(16) CMS: 34303K->34304K(7877440K)
[18.534s][info][gc,metaspace   ] GC(16) Metaspace: 79417K(83756K)->79417K(83756K) NonClass: 68692K(70944K)->68692K(70944K) Class: 10724K(12812K)->10724K(12812K)
[18.534s][info][gc             ] GC(16) Pause Young (Allocation Failure) 433M->60M(8142M) 30.071ms
[18.534s][info][gc,cpu         ] GC(16) User=0.03s Sys=0.00s Real=0.03s
[18.875s][info][gc,start       ] GC(17) Pause Young (Allocation Failure)
[18.875s][info][gc,task        ] GC(17) Using 6 workers of 6 for evacuation
[19.014s][info][gc,heap        ] GC(17) ParNew: 436359K->51072K(460096K)
[19.014s][info][gc,heap        ] GC(17) CMS: 34304K->111237K(7877440K)
[19.014s][info][gc,metaspace   ] GC(17) Metaspace: 79418K(83756K)->79418K(83756K) NonClass: 68693K(70944K)->68693K(70944K) Class: 10724K(12812K)->10724K(12812K)
[19.014s][info][gc             ] GC(17) Pause Young (Allocation Failure) 459M->158M(8142M) 139.267ms
[19.014s][info][gc,cpu         ] GC(17) User=0.11s Sys=0.02s Real=0.14s
[19.256s][info][gc,start       ] GC(18) Pause Young (Allocation Failure)
[19.256s][info][gc,task        ] GC(18) Using 6 workers of 6 for evacuation
[19.380s][info][gc,heap        ] GC(18) ParNew: 460096K->51072K(460096K)
[19.380s][info][gc,heap        ] GC(18) CMS: 111237K->229620K(7877440K)
[19.380s][info][gc,metaspace   ] GC(18) Metaspace: 79993K(84524K)->79993K(84524K) NonClass: 69152K(71456K)->69152K(71456K) Class: 10841K(13068K)->10841K(13068K)
[19.380s][info][gc             ] GC(18) Pause Young (Allocation Failure) 557M->274M(8142M) 123.735ms
[19.380s][info][gc,cpu         ] GC(18) User=0.39s Sys=0.00s Real=0.13s
[19.612s][info][gc,start       ] GC(19) Pause Young (Allocation Failure)
[19.613s][info][gc,task        ] GC(19) Using 6 workers of 6 for evacuation
[19.690s][info][gc,heap        ] GC(19) ParNew: 460096K->51072K(460096K)
[19.690s][info][gc,heap        ] GC(19) CMS: 229620K->285793K(7877440K)
[19.690s][info][gc,metaspace   ] GC(19) Metaspace: 80005K(84524K)->80005K(84524K) NonClass: 69164K(71456K)->69164K(71456K) Class: 10841K(13068K)->10841K(13068K)
[19.690s][info][gc             ] GC(19) Pause Young (Allocation Failure) 673M->328M(8142M) 78.022ms
[19.691s][info][gc,cpu         ] GC(19) User=0.25s Sys=0.00s Real=0.08s
[19.878s][info][gc,start       ] GC(20) Pause Young (Allocation Failure)
[19.878s][info][gc,task        ] GC(20) Using 6 workers of 6 for evacuation
[19.955s][info][gc,heap        ] GC(20) ParNew: 460096K->51072K(460096K)
[19.955s][info][gc,heap        ] GC(20) CMS: 285793K->320090K(7877440K)
[19.955s][info][gc,metaspace   ] GC(20) Metaspace: 80005K(84524K)->80005K(84524K) NonClass: 69164K(71456K)->69164K(71456K) Class: 10841K(13068K)->10841K(13068K)
[19.955s][info][gc             ] GC(20) Pause Young (Allocation Failure) 728M->362M(8142M) 76.914ms
[19.955s][info][gc,cpu         ] GC(20) User=0.31s Sys=0.00s Real=0.08s
[20.165s][info][gc,start       ] GC(21) Pause Young (Allocation Failure)
[20.165s][info][gc,task        ] GC(21) Using 6 workers of 6 for evacuation
[20.234s][info][gc,heap        ] GC(21) ParNew: 460096K->38604K(460096K)
[20.234s][info][gc,heap        ] GC(21) CMS: 320090K->359357K(7877440K)
[20.234s][info][gc,metaspace   ] GC(21) Metaspace: 80005K(84524K)->80005K(84524K) NonClass: 69164K(71456K)->69164K(71456K) Class: 10841K(13068K)->10841K(13068K)
[20.234s][info][gc             ] GC(21) Pause Young (Allocation Failure) 761M->388M(8142M) 69.354ms
[20.234s][info][gc,cpu         ] GC(21) User=0.41s Sys=0.00s Real=0.08s
[21.208s][info][gc,start       ] GC(22) Pause Young (Allocation Failure)
[21.208s][info][gc,task        ] GC(22) Using 6 workers of 6 for evacuation
[21.283s][info][gc,heap        ] GC(22) ParNew: 447628K->45018K(460096K)
[21.283s][info][gc,heap        ] GC(22) CMS: 359357K->383620K(7877440K)
[21.283s][info][gc,metaspace   ] GC(22) Metaspace: 80406K(85036K)->80406K(85036K) NonClass: 69511K(71968K)->69511K(71968K) Class: 10894K(13068K)->10894K(13068K)
[21.283s][info][gc             ] GC(22) Pause Young (Allocation Failure) 788M->418M(8142M) 74.411ms
[21.283s][info][gc,cpu         ] GC(22) User=0.31s Sys=0.00s Real=0.06s
[21.544s][info][gc,start       ] GC(23) Pause Young (Allocation Failure)
[21.544s][info][gc,task        ] GC(23) Using 6 workers of 6 for evacuation
[21.638s][info][gc,heap        ] GC(23) ParNew: 454042K->51072K(460096K)
[21.638s][info][gc,heap        ] GC(23) CMS: 383620K->434934K(7877440K)
[21.638s][info][gc,metaspace   ] GC(23) Metaspace: 80412K(85036K)->80412K(85036K) NonClass: 69517K(71968K)->69517K(71968K) Class: 10894K(13068K)->10894K(13068K)
[21.638s][info][gc             ] GC(23) Pause Young (Allocation Failure) 818M->474M(8142M) 94.146ms
[21.638s][info][gc,cpu         ] GC(23) User=0.12s Sys=0.00s Real=0.09s
[21.815s][info][gc,start       ] GC(24) Pause Young (Allocation Failure)
[21.815s][info][gc,task        ] GC(24) Using 6 workers of 6 for evacuation
[21.895s][info][gc,heap        ] GC(24) ParNew: 460096K->51072K(460096K)
[21.895s][info][gc,heap        ] GC(24) CMS: 434934K->495454K(7877440K)
[21.895s][info][gc,metaspace   ] GC(24) Metaspace: 80412K(85036K)->80412K(85036K) NonClass: 69517K(71968K)->69517K(71968K) Class: 10894K(13068K)->10894K(13068K)
[21.895s][info][gc             ] GC(24) Pause Young (Allocation Failure) 874M->533M(8142M) 80.855ms
[21.895s][info][gc,cpu         ] GC(24) User=0.16s Sys=0.00s Real=0.07s
[22.082s][info][gc,start       ] GC(25) Pause Young (Allocation Failure)
[22.082s][info][gc,task        ] GC(25) Using 6 workers of 6 for evacuation
[22.161s][info][gc,heap        ] GC(25) ParNew: 460096K->51072K(460096K)
[22.161s][info][gc,heap        ] GC(25) CMS: 495454K->526193K(7877440K)
[22.161s][info][gc,metaspace   ] GC(25) Metaspace: 80412K(85036K)->80412K(85036K) NonClass: 69517K(71968K)->69517K(71968K) Class: 10894K(13068K)->10894K(13068K)
[22.161s][info][gc             ] GC(25) Pause Young (Allocation Failure) 933M->563M(8142M) 78.769ms
[22.161s][info][gc,cpu         ] GC(25) User=0.25s Sys=0.00s Real=0.08s
[22.351s][info][gc,start       ] GC(26) Pause Young (Allocation Failure)
[22.351s][info][gc,task        ] GC(26) Using 6 workers of 6 for evacuation
[22.427s][info][gc,heap        ] GC(26) ParNew: 460096K->37374K(460096K)
[22.427s][info][gc,heap        ] GC(26) CMS: 526193K->567735K(7877440K)
[22.427s][info][gc,metaspace   ] GC(26) Metaspace: 80414K(85036K)->80414K(85036K) NonClass: 69519K(71968K)->69519K(71968K) Class: 10894K(13068K)->10894K(13068K)
[22.427s][info][gc             ] GC(26) Pause Young (Allocation Failure) 963M->590M(8142M) 75.492ms
[22.427s][info][gc,cpu         ] GC(26) User=0.38s Sys=0.02s Real=0.08s
[23.069s][info][gc,start       ] GC(27) Pause Young (Allocation Failure)
[23.069s][info][gc,task        ] GC(27) Using 6 workers of 6 for evacuation
[23.163s][info][gc,heap        ] GC(27) ParNew: 446398K->35015K(460096K)
[23.163s][info][gc,heap        ] GC(27) CMS: 567735K->594642K(7877440K)
[23.163s][info][gc,metaspace   ] GC(27) Metaspace: 80569K(85164K)->80569K(85164K) NonClass: 69662K(71968K)->69662K(71968K) Class: 10907K(13196K)->10907K(13196K)
[23.163s][info][gc             ] GC(27) Pause Young (Allocation Failure) 990M->614M(8142M) 94.136ms
[23.163s][info][gc,cpu         ] GC(27) User=0.48s Sys=0.00s Real=0.10s
[23.564s][info][gc,start       ] GC(28) Pause Young (Allocation Failure)
[23.564s][info][gc,task        ] GC(28) Using 6 workers of 6 for evacuation
[23.607s][info][gc,heap        ] GC(28) ParNew: 444039K->47290K(460096K)
[23.607s][info][gc,heap        ] GC(28) CMS: 594642K->594642K(7877440K)
[23.607s][info][gc,metaspace   ] GC(28) Metaspace: 81408K(86188K)->81408K(86188K) NonClass: 70306K(72736K)->70306K(72736K) Class: 11101K(13452K)->11101K(13452K)
[23.607s][info][gc             ] GC(28) Pause Young (Allocation Failure) 1014M->626M(8142M) 43.749ms
[23.607s][info][gc,cpu         ] GC(28) User=0.03s Sys=0.02s Real=0.05s
[25.012s][info][gc,start       ] GC(29) Pause Young (Allocation Failure)
[25.012s][info][gc,task        ] GC(29) Using 6 workers of 6 for evacuation
[25.051s][info][gc,heap        ] GC(29) ParNew: 456314K->32121K(460096K)
[25.051s][info][gc,heap        ] GC(29) CMS: 594642K->603769K(7877440K)
[25.051s][info][gc,metaspace   ] GC(29) Metaspace: 81830K(86828K)->81830K(86828K) NonClass: 70643K(73248K)->70643K(73248K) Class: 11186K(13580K)->11186K(13580K)
[25.051s][info][gc             ] GC(29) Pause Young (Allocation Failure) 1026M->620M(8142M) 38.675ms
[25.051s][info][gc,cpu         ] GC(29) User=0.08s Sys=0.00s Real=0.03s
[25.792s][info][gc,start       ] GC(30) Pause Young (Allocation Failure)
[25.792s][info][gc,task        ] GC(30) Using 6 workers of 6 for evacuation
[25.862s][info][gc,heap        ] GC(30) ParNew: 440743K->51072K(460096K)
[25.862s][info][gc,heap        ] GC(30) CMS: 603769K->617576K(7877440K)
[25.862s][info][gc,metaspace   ] GC(30) Metaspace: 82016K(86828K)->82016K(86828K) NonClass: 70802K(73248K)->70802K(73248K) Class: 11214K(13580K)->11214K(13580K)
[25.862s][info][gc             ] GC(30) Pause Young (Allocation Failure) 1020M->652M(8142M) 69.656ms
[25.862s][info][gc,cpu         ] GC(30) User=0.33s Sys=0.05s Real=0.06s
[26.373s][info][gc,start       ] GC(31) Pause Young (Allocation Failure)
[26.373s][info][gc,task        ] GC(31) Using 6 workers of 6 for evacuation
[26.439s][info][gc,heap        ] GC(31) ParNew: 460096K->51072K(460096K)
[26.439s][info][gc,heap        ] GC(31) CMS: 617576K->654361K(7877440K)
[26.439s][info][gc,metaspace   ] GC(31) Metaspace: 83560K(88620K)->83560K(88620K) NonClass: 72111K(74784K)->72111K(74784K) Class: 11449K(13836K)->11449K(13836K)
[26.439s][info][gc             ] GC(31) Pause Young (Allocation Failure) 1052M->688M(8142M) 65.505ms
[26.439s][info][gc,cpu         ] GC(31) User=0.22s Sys=0.00s Real=0.06s
[26.624s][info][gc,start       ] GC(32) Pause Young (Allocation Failure)
[26.624s][info][gc,task        ] GC(32) Using 6 workers of 6 for evacuation
[26.664s][info][gc,heap        ] GC(32) ParNew: 460096K->49415K(460096K)
[26.664s][info][gc,heap        ] GC(32) CMS: 654361K->676579K(7877440K)
[26.664s][info][gc,metaspace   ] GC(32) Metaspace: 83864K(89004K)->83864K(89004K) NonClass: 72359K(75040K)->72359K(75040K) Class: 11504K(13964K)->11504K(13964K)
[26.664s][info][gc             ] GC(32) Pause Young (Allocation Failure) 1088M->708M(8142M) 40.323ms
[26.664s][info][gc,cpu         ] GC(32) User=0.08s Sys=0.00s Real=0.03s
[26.778s][info][gc,start       ] GC(33) Pause Full (System.gc())
[26.779s][info][gc,phases,start] GC(33) Phase 1: Mark live objects
[26.910s][info][gc,phases      ] GC(33) Phase 1: Mark live objects 130.618ms
[26.910s][info][gc,phases,start] GC(33) Phase 2: Compute new object addresses
[27.103s][info][gc,phases      ] GC(33) Phase 2: Compute new object addresses 192.769ms
[27.103s][info][gc,phases,start] GC(33) Phase 3: Adjust pointers
[27.180s][info][gc,phases      ] GC(33) Phase 3: Adjust pointers 76.674ms
[27.180s][info][gc,phases,start] GC(33) Phase 4: Move objects
[27.219s][info][gc,phases      ] GC(33) Phase 4: Move objects 39.604ms
[27.225s][info][gc,heap        ] GC(33) ParNew: 263282K->0K(460096K)
[27.225s][info][gc,heap        ] GC(33) CMS: 676579K->164992K(7877440K)
[27.225s][info][gc,metaspace   ] GC(33) Metaspace: 83993K(89004K)->83993K(89004K) NonClass: 72469K(75040K)->72469K(75040K) Class: 11523K(13964K)->11523K(13964K)
[27.227s][info][gc             ] GC(33) Pause Full (System.gc()) 917M->161M(8142M) 448.276ms
[27.227s][info][gc,cpu         ] GC(33) User=0.44s Sys=0.00s Real=0.45s
[27.420s][info][gc,start       ] GC(34) Pause Young (Allocation Failure)
[27.420s][info][gc,task        ] GC(34) Using 6 workers of 6 for evacuation
[27.519s][info][gc,heap        ] GC(34) ParNew: 409024K->51072K(460096K)
[27.519s][info][gc,heap        ] GC(34) CMS: 164992K->219627K(7877440K)
[27.519s][info][gc,metaspace   ] GC(34) Metaspace: 82537K(89004K)->82537K(89004K) NonClass: 71557K(75040K)->71557K(75040K) Class: 10979K(13964K)->10979K(13964K)
[27.519s][info][gc             ] GC(34) Pause Young (Allocation Failure) 560M->264M(8142M) 99.445ms
[27.519s][info][gc,cpu         ] GC(34) User=0.20s Sys=0.00s Real=0.11s
[27.711s][info][gc,start       ] GC(35) Pause Young (Allocation Failure)
[27.711s][info][gc,task        ] GC(35) Using 6 workers of 6 for evacuation
[27.793s][info][gc,heap        ] GC(35) ParNew: 460096K->51072K(460096K)
[27.793s][info][gc,heap        ] GC(35) CMS: 219627K->273237K(7877440K)
[27.793s][info][gc,metaspace   ] GC(35) Metaspace: 82537K(89004K)->82537K(89004K) NonClass: 71557K(75040K)->71557K(75040K) Class: 10979K(13964K)->10979K(13964K)
[27.793s][info][gc             ] GC(35) Pause Young (Allocation Failure) 663M->316M(8142M) 82.114ms
[27.793s][info][gc,cpu         ] GC(35) User=0.41s Sys=0.00s Real=0.08s
[27.984s][info][gc,start       ] GC(36) Pause Young (Allocation Failure)
[27.985s][info][gc,task        ] GC(36) Using 6 workers of 6 for evacuation
[28.061s][info][gc,heap        ] GC(36) ParNew: 460096K->51072K(460096K)
[28.061s][info][gc,heap        ] GC(36) CMS: 273237K->306175K(7877440K)
[28.061s][info][gc,metaspace   ] GC(36) Metaspace: 82537K(89004K)->82537K(89004K) NonClass: 71557K(75040K)->71557K(75040K) Class: 10979K(13964K)->10979K(13964K)
[28.061s][info][gc             ] GC(36) Pause Young (Allocation Failure) 716M->348M(8142M) 76.173ms
[28.061s][info][gc,cpu         ] GC(36) User=0.42s Sys=0.00s Real=0.08s
[28.260s][info][gc,start       ] GC(37) Pause Young (Allocation Failure)
[28.260s][info][gc,task        ] GC(37) Using 6 workers of 6 for evacuation
[28.330s][info][gc,heap        ] GC(37) ParNew: 460096K->36496K(460096K)
[28.330s][info][gc,heap        ] GC(37) CMS: 306175K->345990K(7877440K)
[28.330s][info][gc,metaspace   ] GC(37) Metaspace: 82537K(89004K)->82537K(89004K) NonClass: 71557K(75040K)->71557K(75040K) Class: 10979K(13964K)->10979K(13964K)
[28.330s][info][gc             ] GC(37) Pause Young (Allocation Failure) 748M->373M(8142M) 70.005ms
[28.330s][info][gc,cpu         ] GC(37) User=0.39s Sys=0.00s Real=0.08s
[29.009s][info][gc,start       ] GC(38) Pause Young (Allocation Failure)
[29.009s][info][gc,task        ] GC(38) Using 6 workers of 6 for evacuation
[29.103s][info][gc,heap        ] GC(38) ParNew: 445520K->51072K(460096K)
[29.103s][info][gc,heap        ] GC(38) CMS: 345990K->371338K(7877440K)
[29.103s][info][gc,metaspace   ] GC(38) Metaspace: 82588K(89004K)->82588K(89004K) NonClass: 71606K(75040K)->71606K(75040K) Class: 10982K(13964K)->10982K(13964K)
[29.103s][info][gc             ] GC(38) Pause Young (Allocation Failure) 772M->412M(8142M) 93.840ms
[29.103s][info][gc,cpu         ] GC(38) User=0.53s Sys=0.00s Real=0.09s
[29.240s][info][gc,start       ] GC(39) Pause Young (Allocation Failure)
[29.240s][info][gc,task        ] GC(39) Using 6 workers of 6 for evacuation
[29.347s][info][gc,heap        ] GC(39) ParNew: 460096K->51072K(460096K)
[29.347s][info][gc,heap        ] GC(39) CMS: 371338K->434342K(7877440K)
[29.347s][info][gc,metaspace   ] GC(39) Metaspace: 82593K(89004K)->82593K(89004K) NonClass: 71611K(75040K)->71611K(75040K) Class: 10982K(13964K)->10982K(13964K)
[29.347s][info][gc             ] GC(39) Pause Young (Allocation Failure) 811M->474M(8142M) 107.240ms
[29.347s][info][gc,cpu         ] GC(39) User=0.38s Sys=0.00s Real=0.11s
[29.518s][info][gc,start       ] GC(40) Pause Young (Allocation Failure)
[29.518s][info][gc,task        ] GC(40) Using 6 workers of 6 for evacuation
[29.595s][info][gc,heap        ] GC(40) ParNew: 457378K->51072K(460096K)
[29.595s][info][gc,heap        ] GC(40) CMS: 434342K->488362K(7877440K)
[29.595s][info][gc,metaspace   ] GC(40) Metaspace: 82593K(89004K)->82593K(89004K) NonClass: 71611K(75040K)->71611K(75040K) Class: 10982K(13964K)->10982K(13964K)
[29.595s][info][gc             ] GC(40) Pause Young (Allocation Failure) 870M->526M(8142M) 77.226ms
[29.595s][info][gc,cpu         ] GC(40) User=0.41s Sys=0.00s Real=0.08s
[29.788s][info][gc,start       ] GC(41) Pause Young (Allocation Failure)
[29.788s][info][gc,task        ] GC(41) Using 6 workers of 6 for evacuation
[29.865s][info][gc,heap        ] GC(41) ParNew: 460096K->51072K(460096K)
[29.865s][info][gc,heap        ] GC(41) CMS: 488362K->523780K(7877440K)
[29.865s][info][gc,metaspace   ] GC(41) Metaspace: 82593K(89004K)->82593K(89004K) NonClass: 71611K(75040K)->71611K(75040K) Class: 10982K(13964K)->10982K(13964K)
[29.865s][info][gc             ] GC(41) Pause Young (Allocation Failure) 926M->561M(8142M) 77.052ms
[29.865s][info][gc,cpu         ] GC(41) User=0.42s Sys=0.00s Real=0.08s
[30.323s][info][gc,start       ] GC(42) Pause Young (Allocation Failure)
[30.323s][info][gc,task        ] GC(42) Using 6 workers of 6 for evacuation
[30.409s][info][gc,heap        ] GC(42) ParNew: 458775K->38004K(460096K)
[30.409s][info][gc,heap        ] GC(42) CMS: 523780K->560541K(7877440K)
[30.409s][info][gc,metaspace   ] GC(42) Metaspace: 82593K(89004K)->82593K(89004K) NonClass: 71611K(75040K)->71611K(75040K) Class: 10982K(13964K)->10982K(13964K)
[30.409s][info][gc             ] GC(42) Pause Young (Allocation Failure) 959M->584M(8142M) 86.383ms
[30.409s][info][gc,cpu         ] GC(42) User=0.52s Sys=0.02s Real=0.09s
[30.819s][info][gc,start       ] GC(43) Pause Young (Allocation Failure)
[30.819s][info][gc,task        ] GC(43) Using 6 workers of 6 for evacuation
[30.876s][info][gc,heap        ] GC(43) ParNew: 447028K->32312K(460096K)
[30.876s][info][gc,heap        ] GC(43) CMS: 560541K->589017K(7877440K)
[30.876s][info][gc,metaspace   ] GC(43) Metaspace: 82664K(89260K)->82664K(89260K) NonClass: 71680K(75296K)->71680K(75296K) Class: 10983K(13964K)->10983K(13964K)
[30.876s][info][gc             ] GC(43) Pause Young (Allocation Failure) 983M->606M(8142M) 57.290ms
[30.876s][info][gc,cpu         ] GC(43) User=0.12s Sys=0.00s Real=0.06s
[31.213s][info][gc,start       ] GC(44) Pause Young (Allocation Failure)
[31.213s][info][gc,task        ] GC(44) Using 6 workers of 6 for evacuation
[31.260s][info][gc,heap        ] GC(44) ParNew: 441336K->48946K(460096K)
[31.261s][info][gc,heap        ] GC(44) CMS: 589017K->589017K(7877440K)
[31.261s][info][gc,metaspace   ] GC(44) Metaspace: 82733K(89260K)->82733K(89260K) NonClass: 71748K(75296K)->71748K(75296K) Class: 10984K(13964K)->10984K(13964K)
[31.261s][info][gc             ] GC(44) Pause Young (Allocation Failure) 1006M->623M(8142M) 47.681ms
[31.261s][info][gc,cpu         ] GC(44) User=0.05s Sys=0.00s Real=0.05s
[31.515s][info][gc,start       ] GC(45) Pause Young (Allocation Failure)
[31.515s][info][gc,task        ] GC(45) Using 6 workers of 6 for evacuation
[31.558s][info][gc,heap        ] GC(45) ParNew: 457970K->51072K(460096K)
[31.558s][info][gc,heap        ] GC(45) CMS: 589017K->591040K(7877440K)
[31.558s][info][gc,metaspace   ] GC(45) Metaspace: 82771K(89260K)->82771K(89260K) NonClass: 71786K(75296K)->71786K(75296K) Class: 10984K(13964K)->10984K(13964K)
[31.558s][info][gc             ] GC(45) Pause Young (Allocation Failure) 1022M->627M(8142M) 43.027ms
[31.558s][info][gc,cpu         ] GC(45) User=0.11s Sys=0.00s Real=0.05s
[31.923s][info][gc,start       ] GC(46) Pause Young (Allocation Failure)
[31.923s][info][gc,task        ] GC(46) Using 6 workers of 6 for evacuation
[31.967s][info][gc,heap        ] GC(46) ParNew: 460096K->51072K(460096K)
[31.967s][info][gc,heap        ] GC(46) CMS: 591040K->615954K(7877440K)
[31.967s][info][gc,metaspace   ] GC(46) Metaspace: 82826K(89260K)->82826K(89260K) NonClass: 71841K(75296K)->71841K(75296K) Class: 10984K(13964K)->10984K(13964K)
[31.967s][info][gc             ] GC(46) Pause Young (Allocation Failure) 1026M->651M(8142M) 44.447ms
[31.967s][info][gc,cpu         ] GC(46) User=0.05s Sys=0.00s Real=0.05s
[32.230s][info][gc,start       ] GC(47) Pause Young (Allocation Failure)
[32.231s][info][gc,task        ] GC(47) Using 6 workers of 6 for evacuation
[32.324s][info][gc,heap        ] GC(47) ParNew: 460096K->51072K(460096K)
[32.324s][info][gc,heap        ] GC(47) CMS: 615954K->669397K(7877440K)
[32.324s][info][gc,metaspace   ] GC(47) Metaspace: 82884K(89260K)->82884K(89260K) NonClass: 71899K(75296K)->71899K(75296K) Class: 10984K(13964K)->10984K(13964K)
[32.324s][info][gc             ] GC(47) Pause Young (Allocation Failure) 1050M->703M(8142M) 93.281ms
[32.324s][info][gc,cpu         ] GC(47) User=0.30s Sys=0.00s Real=0.09s
[32.491s][info][gc,start       ] GC(48) Pause Young (Allocation Failure)
[32.491s][info][gc,task        ] GC(48) Using 6 workers of 6 for evacuation
[32.708s][info][gc,heap        ] GC(48) ParNew: 460096K->51072K(460096K)
[32.708s][info][gc,heap        ] GC(48) CMS: 669397K->720588K(7877440K)
[32.708s][info][gc,metaspace   ] GC(48) Metaspace: 82884K(89260K)->82884K(89260K) NonClass: 71899K(75296K)->71899K(75296K) Class: 10984K(13964K)->10984K(13964K)
[32.708s][info][gc             ] GC(48) Pause Young (Allocation Failure) 1103M->753M(8142M) 216.871ms
[32.708s][info][gc,cpu         ] GC(48) User=1.19s Sys=0.00s Real=0.22s
[32.725s][info][gc,start       ] GC(49) Pause Full (System.gc())
[32.727s][info][gc,phases,start] GC(49) Phase 1: Mark live objects
[32.858s][info][gc,phases      ] GC(49) Phase 1: Mark live objects 130.845ms
[32.858s][info][gc,phases,start] GC(49) Phase 2: Compute new object addresses
[33.037s][info][gc,phases      ] GC(49) Phase 2: Compute new object addresses 178.540ms
[33.037s][info][gc,phases,start] GC(49) Phase 3: Adjust pointers
[33.115s][info][gc,phases      ] GC(49) Phase 3: Adjust pointers 78.564ms
[33.115s][info][gc,phases,start] GC(49) Phase 4: Move objects
[33.150s][info][gc,phases      ] GC(49) Phase 4: Move objects 34.468ms
[33.156s][info][gc,heap        ] GC(49) ParNew: 98314K->0K(460096K)
[33.156s][info][gc,heap        ] GC(49) CMS: 720588K->165165K(7877440K)
[33.156s][info][gc,metaspace   ] GC(49) Metaspace: 82884K(89260K)->82884K(89260K) NonClass: 71900K(75296K)->71900K(75296K) Class: 10984K(13964K)->10984K(13964K)
[33.157s][info][gc             ] GC(49) Pause Full (System.gc()) 799M->161M(8142M) 431.240ms
[33.157s][info][gc,cpu         ] GC(49) User=0.38s Sys=0.00s Real=0.44s
[33.308s][info][gc,start       ] GC(50) Pause Young (Allocation Failure)
[33.308s][info][gc,task        ] GC(50) Using 6 workers of 6 for evacuation
[33.397s][info][gc,heap        ] GC(50) ParNew: 409024K->51072K(460096K)
[33.397s][info][gc,heap        ] GC(50) CMS: 165165K->219806K(7877440K)
[33.397s][info][gc,metaspace   ] GC(50) Metaspace: 82948K(89516K)->82948K(89516K) NonClass: 71969K(75552K)->71969K(75552K) Class: 10978K(13964K)->10978K(13964K)
[33.397s][info][gc             ] GC(50) Pause Young (Allocation Failure) 560M->264M(8142M) 88.337ms
[33.397s][info][gc,cpu         ] GC(50) User=0.34s Sys=0.00s Real=0.08s
[33.567s][info][gc,start       ] GC(51) Pause Young (Allocation Failure)
[33.567s][info][gc,task        ] GC(51) Using 6 workers of 6 for evacuation
[33.643s][info][gc,heap        ] GC(51) ParNew: 456306K->51072K(460096K)
[33.643s][info][gc,heap        ] GC(51) CMS: 219806K->273582K(7877440K)
[33.643s][info][gc,metaspace   ] GC(51) Metaspace: 82948K(89516K)->82948K(89516K) NonClass: 71969K(75552K)->71969K(75552K) Class: 10978K(13964K)->10978K(13964K)
[33.643s][info][gc             ] GC(51) Pause Young (Allocation Failure) 660M->317M(8142M) 75.831ms
[33.643s][info][gc,cpu         ] GC(51) User=0.25s Sys=0.00s Real=0.08s
[33.830s][info][gc,start       ] GC(52) Pause Young (Allocation Failure)
[33.830s][info][gc,task        ] GC(52) Using 6 workers of 6 for evacuation
[33.907s][info][gc,heap        ] GC(52) ParNew: 460096K->51072K(460096K)
[33.907s][info][gc,heap        ] GC(52) CMS: 273582K->307383K(7877440K)
[33.907s][info][gc,metaspace   ] GC(52) Metaspace: 82948K(89516K)->82948K(89516K) NonClass: 71969K(75552K)->71969K(75552K) Class: 10978K(13964K)->10978K(13964K)
[33.907s][info][gc             ] GC(52) Pause Young (Allocation Failure) 716M->350M(8142M) 77.002ms
[33.907s][info][gc,cpu         ] GC(52) User=0.39s Sys=0.00s Real=0.08s
[34.102s][info][gc,start       ] GC(53) Pause Young (Allocation Failure)
[34.102s][info][gc,task        ] GC(53) Using 6 workers of 6 for evacuation
[34.172s][info][gc,heap        ] GC(53) ParNew: 460096K->35820K(460096K)
[34.172s][info][gc,heap        ] GC(53) CMS: 307383K->346900K(7877440K)
[34.172s][info][gc,metaspace   ] GC(53) Metaspace: 82948K(89516K)->82948K(89516K) NonClass: 71969K(75552K)->71969K(75552K) Class: 10978K(13964K)->10978K(13964K)
[34.172s][info][gc             ] GC(53) Pause Young (Allocation Failure) 749M->373M(8142M) 69.631ms
[34.172s][info][gc,cpu         ] GC(53) User=0.39s Sys=0.00s Real=0.08s
[34.768s][info][gc,start       ] GC(54) Pause Young (Allocation Failure)
[34.768s][info][gc,task        ] GC(54) Using 6 workers of 6 for evacuation
[34.859s][info][gc,heap        ] GC(54) ParNew: 444844K->51072K(460096K)
[34.859s][info][gc,heap        ] GC(54) CMS: 346900K->372716K(7877440K)
[34.859s][info][gc,metaspace   ] GC(54) Metaspace: 83005K(89516K)->83005K(89516K) NonClass: 72026K(75552K)->72026K(75552K) Class: 10978K(13964K)->10978K(13964K)
[34.859s][info][gc             ] GC(54) Pause Young (Allocation Failure) 773M->413M(8142M) 91.328ms
[34.859s][info][gc,cpu         ] GC(54) User=0.47s Sys=0.00s Real=0.08s
[34.996s][info][gc,start       ] GC(55) Pause Young (Allocation Failure)
[34.996s][info][gc,task        ] GC(55) Using 6 workers of 6 for evacuation
[35.100s][info][gc,heap        ] GC(55) ParNew: 460096K->51072K(460096K)
[35.100s][info][gc,heap        ] GC(55) CMS: 372716K->436459K(7877440K)
[35.100s][info][gc,metaspace   ] GC(55) Metaspace: 83008K(89516K)->83008K(89516K) NonClass: 72029K(75552K)->72029K(75552K) Class: 10978K(13964K)->10978K(13964K)
[35.100s][info][gc             ] GC(55) Pause Young (Allocation Failure) 813M->476M(8142M) 104.179ms
[35.100s][info][gc,cpu         ] GC(55) User=0.31s Sys=0.00s Real=0.11s
[35.280s][info][gc,start       ] GC(56) Pause Young (Allocation Failure)
[35.280s][info][gc,task        ] GC(56) Using 6 workers of 6 for evacuation
[35.359s][info][gc,heap        ] GC(56) ParNew: 460096K->51072K(460096K)
[35.359s][info][gc,heap        ] GC(56) CMS: 436459K->486322K(7877440K)
[35.359s][info][gc,metaspace   ] GC(56) Metaspace: 83010K(89516K)->83010K(89516K) NonClass: 72031K(75552K)->72031K(75552K) Class: 10978K(13964K)->10978K(13964K)
[35.359s][info][gc             ] GC(56) Pause Young (Allocation Failure) 875M->524M(8142M) 78.320ms
[35.359s][info][gc,cpu         ] GC(56) User=0.39s Sys=0.00s Real=0.08s
[35.543s][info][gc,start       ] GC(57) Pause Young (Allocation Failure)
[35.543s][info][gc,task        ] GC(57) Using 6 workers of 6 for evacuation
[35.620s][info][gc,heap        ] GC(57) ParNew: 460096K->51072K(460096K)
[35.620s][info][gc,heap        ] GC(57) CMS: 486322K->525341K(7877440K)
[35.620s][info][gc,metaspace   ] GC(57) Metaspace: 83010K(89516K)->83010K(89516K) NonClass: 72031K(75552K)->72031K(75552K) Class: 10978K(13964K)->10978K(13964K)
[35.620s][info][gc             ] GC(57) Pause Young (Allocation Failure) 924M->562M(8142M) 76.779ms
[35.620s][info][gc,cpu         ] GC(57) User=0.42s Sys=0.00s Real=0.08s
[36.027s][info][gc,start       ] GC(58) Pause Young (Allocation Failure)
[36.027s][info][gc,task        ] GC(58) Using 6 workers of 6 for evacuation
[36.116s][info][gc,heap        ] GC(58) ParNew: 459176K->36371K(460096K)
[36.117s][info][gc,heap        ] GC(58) CMS: 525341K->558744K(7877440K)
[36.117s][info][gc,metaspace   ] GC(58) Metaspace: 83015K(89516K)->83015K(89516K) NonClass: 72036K(75552K)->72036K(75552K) Class: 10978K(13964K)->10978K(13964K)
[36.117s][info][gc             ] GC(58) Pause Young (Allocation Failure) 961M->581M(8142M) 89.275ms
[36.117s][info][gc,cpu         ] GC(58) User=0.45s Sys=0.00s Real=0.08s
[36.499s][info][gc,start       ] GC(59) Pause Young (Allocation Failure)
[36.499s][info][gc,task        ] GC(59) Using 6 workers of 6 for evacuation
[36.558s][info][gc,heap        ] GC(59) ParNew: 445395K->36695K(460096K)
[36.559s][info][gc,heap        ] GC(59) CMS: 558744K->587003K(7877440K)
[36.559s][info][gc,metaspace   ] GC(59) Metaspace: 83127K(89516K)->83127K(89516K) NonClass: 72145K(75552K)->72145K(75552K) Class: 10981K(13964K)->10981K(13964K)
[36.559s][info][gc             ] GC(59) Pause Young (Allocation Failure) 980M->609M(8142M) 59.209ms
[36.559s][info][gc,cpu         ] GC(59) User=0.09s Sys=0.00s Real=0.06s
[36.883s][info][gc,start       ] GC(60) Pause Young (GCLocker Initiated GC)
[36.884s][info][gc,task        ] GC(60) Using 6 workers of 6 for evacuation
[36.932s][info][gc,heap        ] GC(60) ParNew: 445719K->45317K(460096K)
[36.932s][info][gc,heap        ] GC(60) CMS: 587003K->587113K(7877440K)
[36.932s][info][gc,metaspace   ] GC(60) Metaspace: 83228K(89516K)->83228K(89516K) NonClass: 72230K(75552K)->72230K(75552K) Class: 10998K(13964K)->10998K(13964K)
[36.932s][info][gc             ] GC(60) Pause Young (GCLocker Initiated GC) 1008M->617M(8142M) 48.331ms
[36.932s][info][gc,cpu         ] GC(60) User=0.09s Sys=0.00s Real=0.05s
[37.190s][info][gc,start       ] GC(61) Pause Young (Allocation Failure)
[37.190s][info][gc,task        ] GC(61) Using 6 workers of 6 for evacuation
[37.234s][info][gc,heap        ] GC(61) ParNew: 454341K->51072K(460096K)
[37.234s][info][gc,heap        ] GC(61) CMS: 587113K->588376K(7877440K)
[37.234s][info][gc,metaspace   ] GC(61) Metaspace: 83246K(89772K)->83246K(89772K) NonClass: 72248K(75808K)->72248K(75808K) Class: 10998K(13964K)->10998K(13964K)
[37.234s][info][gc             ] GC(61) Pause Young (Allocation Failure) 1017M->624M(8142M) 43.798ms
[37.234s][info][gc,cpu         ] GC(61) User=0.08s Sys=0.00s Real=0.05s
[37.625s][info][gc,start       ] GC(62) Pause Young (Allocation Failure)
[37.625s][info][gc,task        ] GC(62) Using 6 workers of 6 for evacuation
[37.651s][info][gc,heap        ] GC(62) ParNew: 460096K->51072K(460096K)
[37.651s][info][gc,heap        ] GC(62) CMS: 588376K->601950K(7877440K)
[37.651s][info][gc,metaspace   ] GC(62) Metaspace: 83297K(89772K)->83297K(89772K) NonClass: 72299K(75808K)->72299K(75808K) Class: 10998K(13964K)->10998K(13964K)
[37.651s][info][gc             ] GC(62) Pause Young (Allocation Failure) 1023M->637M(8142M) 26.122ms
[37.651s][info][gc,cpu         ] GC(62) User=0.03s Sys=0.00s Real=0.03s
[37.794s][info][gc,start       ] GC(63) Pause Young (Allocation Failure)
[37.794s][info][gc,task        ] GC(63) Using 6 workers of 6 for evacuation
[37.853s][info][gc,heap        ] GC(63) ParNew: 460096K->51072K(460096K)
[37.853s][info][gc,heap        ] GC(63) CMS: 601950K->617836K(7877440K)
[37.853s][info][gc,metaspace   ] GC(63) Metaspace: 83317K(89772K)->83317K(89772K) NonClass: 72319K(75808K)->72319K(75808K) Class: 10998K(13964K)->10998K(13964K)
[37.853s][info][gc             ] GC(63) Pause Young (Allocation Failure) 1037M->653M(8142M) 59.220ms
[37.853s][info][gc,cpu         ] GC(63) User=0.33s Sys=0.00s Real=0.07s
[37.992s][info][gc,start       ] GC(64) Pause Young (Allocation Failure)
[37.993s][info][gc,task        ] GC(64) Using 6 workers of 6 for evacuation
[38.126s][info][gc,heap        ] GC(64) ParNew: 460096K->51072K(460096K)
[38.127s][info][gc,heap        ] GC(64) CMS: 617836K->682745K(7877440K)
[38.127s][info][gc,metaspace   ] GC(64) Metaspace: 83317K(89772K)->83317K(89772K) NonClass: 72319K(75808K)->72319K(75808K) Class: 10998K(13964K)->10998K(13964K)
[38.127s][info][gc             ] GC(64) Pause Young (Allocation Failure) 1052M->716M(8142M) 134.089ms
[38.127s][info][gc,cpu         ] GC(64) User=0.67s Sys=0.02s Real=0.14s
[38.143s][info][gc,start       ] GC(65) Pause Full (System.gc())
[38.145s][info][gc,phases,start] GC(65) Phase 1: Mark live objects
[38.277s][info][gc,phases      ] GC(65) Phase 1: Mark live objects 131.929ms
[38.277s][info][gc,phases,start] GC(65) Phase 2: Compute new object addresses
[38.452s][info][gc,phases      ] GC(65) Phase 2: Compute new object addresses 175.791ms
[38.453s][info][gc,phases,start] GC(65) Phase 3: Adjust pointers
[38.529s][info][gc,phases      ] GC(65) Phase 3: Adjust pointers 76.833ms
[38.529s][info][gc,phases,start] GC(65) Phase 4: Move objects
[38.562s][info][gc,phases      ] GC(65) Phase 4: Move objects 32.993ms
[38.568s][info][gc,heap        ] GC(65) ParNew: 88285K->0K(460096K)
[38.568s][info][gc,heap        ] GC(65) CMS: 682745K->165360K(7877440K)
[38.568s][info][gc,metaspace   ] GC(65) Metaspace: 83318K(89772K)->83318K(89772K) NonClass: 72320K(75808K)->72320K(75808K) Class: 10998K(13964K)->10998K(13964K)
[38.569s][info][gc             ] GC(65) Pause Full (System.gc()) 752M->161M(8142M) 426.048ms
[38.569s][info][gc,cpu         ] GC(65) User=0.42s Sys=0.00s Real=0.42s
[38.726s][info][gc,start       ] GC(66) Pause Young (Allocation Failure)
[38.727s][info][gc,task        ] GC(66) Using 6 workers of 6 for evacuation
[38.819s][info][gc,heap        ] GC(66) ParNew: 409024K->51072K(460096K)
[38.820s][info][gc,heap        ] GC(66) CMS: 165360K->223047K(7877440K)
[38.820s][info][gc,metaspace   ] GC(66) Metaspace: 83352K(89772K)->83352K(89772K) NonClass: 72354K(75808K)->72354K(75808K) Class: 10998K(13964K)->10998K(13964K)
[38.820s][info][gc             ] GC(66) Pause Young (Allocation Failure) 560M->267M(8142M) 93.134ms
[38.820s][info][gc,cpu         ] GC(66) User=0.16s Sys=0.00s Real=0.09s
[38.993s][info][gc,start       ] GC(67) Pause Young (Allocation Failure)
[38.993s][info][gc,task        ] GC(67) Using 6 workers of 6 for evacuation
[39.068s][info][gc,heap        ] GC(67) ParNew: 460096K->51072K(460096K)
[39.068s][info][gc,heap        ] GC(67) CMS: 223047K->271181K(7877440K)
[39.068s][info][gc,metaspace   ] GC(67) Metaspace: 83352K(89772K)->83352K(89772K) NonClass: 72354K(75808K)->72354K(75808K) Class: 10998K(13964K)->10998K(13964K)
[39.068s][info][gc             ] GC(67) Pause Young (Allocation Failure) 667M->314M(8142M) 75.139ms
[39.068s][info][gc,cpu         ] GC(67) User=0.30s Sys=0.00s Real=0.08s
[39.260s][info][gc,start       ] GC(68) Pause Young (Allocation Failure)
[39.260s][info][gc,task        ] GC(68) Using 6 workers of 6 for evacuation
[39.338s][info][gc,heap        ] GC(68) ParNew: 460096K->51072K(460096K)
[39.338s][info][gc,heap        ] GC(68) CMS: 271181K->312637K(7877440K)
[39.338s][info][gc,metaspace   ] GC(68) Metaspace: 83352K(89772K)->83352K(89772K) NonClass: 72354K(75808K)->72354K(75808K) Class: 10998K(13964K)->10998K(13964K)
[39.338s][info][gc             ] GC(68) Pause Young (Allocation Failure) 714M->355M(8142M) 78.548ms
[39.338s][info][gc,cpu         ] GC(68) User=0.39s Sys=0.00s Real=0.08s
[39.535s][info][gc,start       ] GC(69) Pause Young (Allocation Failure)
[39.535s][info][gc,task        ] GC(69) Using 6 workers of 6 for evacuation
[39.608s][info][gc,heap        ] GC(69) ParNew: 460096K->35405K(460096K)
[39.608s][info][gc,heap        ] GC(69) CMS: 312637K->345744K(7877440K)
[39.608s][info][gc,metaspace   ] GC(69) Metaspace: 83355K(89772K)->83355K(89772K) NonClass: 72357K(75808K)->72357K(75808K) Class: 10998K(13964K)->10998K(13964K)
[39.608s][info][gc             ] GC(69) Pause Young (Allocation Failure) 754M->372M(8142M) 73.144ms
[39.608s][info][gc,cpu         ] GC(69) User=0.38s Sys=0.00s Real=0.08s
[40.191s][info][gc,start       ] GC(70) Pause Young (Allocation Failure)
[40.192s][info][gc,task        ] GC(70) Using 6 workers of 6 for evacuation
[40.281s][info][gc,heap        ] GC(70) ParNew: 444429K->51072K(460096K)
[40.281s][info][gc,heap        ] GC(70) CMS: 345744K->371569K(7877440K)
[40.281s][info][gc,metaspace   ] GC(70) Metaspace: 83395K(89772K)->83395K(89772K) NonClass: 72397K(75808K)->72397K(75808K) Class: 10998K(13964K)->10998K(13964K)
[40.281s][info][gc             ] GC(70) Pause Young (Allocation Failure) 771M->412M(8142M) 89.881ms
[40.281s][info][gc,cpu         ] GC(70) User=0.48s Sys=0.00s Real=0.09s
[40.410s][info][gc,start       ] GC(71) Pause Young (Allocation Failure)
[40.410s][info][gc,task        ] GC(71) Using 6 workers of 6 for evacuation
[40.515s][info][gc,heap        ] GC(71) ParNew: 460096K->51072K(460096K)
[40.515s][info][gc,heap        ] GC(71) CMS: 371569K->436103K(7877440K)
[40.515s][info][gc,metaspace   ] GC(71) Metaspace: 83395K(89772K)->83395K(89772K) NonClass: 72397K(75808K)->72397K(75808K) Class: 10998K(13964K)->10998K(13964K)
[40.515s][info][gc             ] GC(71) Pause Young (Allocation Failure) 812M->475M(8142M) 105.536ms
[40.515s][info][gc,cpu         ] GC(71) User=0.22s Sys=0.00s Real=0.11s
[40.687s][info][gc,start       ] GC(72) Pause Young (Allocation Failure)
[40.687s][info][gc,task        ] GC(72) Using 6 workers of 6 for evacuation
[40.765s][info][gc,heap        ] GC(72) ParNew: 456176K->51072K(460096K)
[40.765s][info][gc,heap        ] GC(72) CMS: 436103K->492387K(7877440K)
[40.765s][info][gc,metaspace   ] GC(72) Metaspace: 83395K(89772K)->83395K(89772K) NonClass: 72397K(75808K)->72397K(75808K) Class: 10998K(13964K)->10998K(13964K)
[40.765s][info][gc             ] GC(72) Pause Young (Allocation Failure) 871M->530M(8142M) 78.122ms
[40.765s][info][gc,cpu         ] GC(72) User=0.27s Sys=0.00s Real=0.08s
[40.954s][info][gc,start       ] GC(73) Pause Young (Allocation Failure)
[40.954s][info][gc,task        ] GC(73) Using 6 workers of 6 for evacuation
[41.030s][info][gc,heap        ] GC(73) ParNew: 460096K->51072K(460096K)
[41.030s][info][gc,heap        ] GC(73) CMS: 492387K->528576K(7877440K)
[41.030s][info][gc,metaspace   ] GC(73) Metaspace: 83395K(89772K)->83395K(89772K) NonClass: 72397K(75808K)->72397K(75808K) Class: 10998K(13964K)->10998K(13964K)
[41.030s][info][gc             ] GC(73) Pause Young (Allocation Failure) 930M->566M(8142M) 75.275ms
[41.030s][info][gc,cpu         ] GC(73) User=0.38s Sys=0.00s Real=0.06s
[41.460s][info][gc,start       ] GC(74) Pause Young (Allocation Failure)
[41.460s][info][gc,task        ] GC(74) Using 6 workers of 6 for evacuation
[41.543s][info][gc,heap        ] GC(74) ParNew: 460096K->38746K(460096K)
[41.543s][info][gc,heap        ] GC(74) CMS: 528577K->562392K(7877440K)
[41.543s][info][gc,metaspace   ] GC(74) Metaspace: 83395K(89772K)->83395K(89772K) NonClass: 72397K(75808K)->72397K(75808K) Class: 10998K(13964K)->10998K(13964K)
[41.543s][info][gc             ] GC(74) Pause Young (Allocation Failure) 965M->587M(8142M) 83.720ms
[41.543s][info][gc,cpu         ] GC(74) User=0.47s Sys=0.00s Real=0.07s
[41.915s][info][gc,start       ] GC(75) Pause Young (Allocation Failure)
[41.915s][info][gc,task        ] GC(75) Using 6 workers of 6 for evacuation
[41.976s][info][gc,heap        ] GC(75) ParNew: 447770K->50537K(460096K)
[41.976s][info][gc,heap        ] GC(75) CMS: 562392K->590362K(7877440K)
[41.976s][info][gc,metaspace   ] GC(75) Metaspace: 83454K(89772K)->83454K(89772K) NonClass: 72455K(75808K)->72455K(75808K) Class: 10999K(13964K)->10999K(13964K)
[41.976s][info][gc             ] GC(75) Pause Young (Allocation Failure) 986M->625M(8142M) 60.898ms
[41.976s][info][gc,cpu         ] GC(75) User=0.16s Sys=0.00s Real=0.06s
[42.300s][info][gc,start       ] GC(76) Pause Young (GCLocker Initiated GC)
[42.300s][info][gc,task        ] GC(76) Using 6 workers of 6 for evacuation
[42.347s][info][gc,heap        ] GC(76) ParNew: 459561K->44336K(460096K)
[42.348s][info][gc,heap        ] GC(76) CMS: 590362K->590471K(7877440K)
[42.348s][info][gc,metaspace   ] GC(76) Metaspace: 83495K(89772K)->83495K(89772K) NonClass: 72495K(75808K)->72495K(75808K) Class: 11000K(13964K)->11000K(13964K)
[42.348s][info][gc             ] GC(76) Pause Young (GCLocker Initiated GC) 1025M->619M(8142M) 47.824ms
[42.348s][info][gc,cpu         ] GC(76) User=0.08s Sys=0.00s Real=0.05s
[42.595s][info][gc,start       ] GC(77) Pause Young (Allocation Failure)
[42.595s][info][gc,task        ] GC(77) Using 6 workers of 6 for evacuation
[42.640s][info][gc,heap        ] GC(77) ParNew: 453360K->51072K(460096K)
[42.640s][info][gc,heap        ] GC(77) CMS: 590471K->592281K(7877440K)
[42.640s][info][gc,metaspace   ] GC(77) Metaspace: 83508K(89772K)->83508K(89772K) NonClass: 72507K(75808K)->72507K(75808K) Class: 11001K(13964K)->11001K(13964K)
[42.640s][info][gc             ] GC(77) Pause Young (Allocation Failure) 1019M->628M(8142M) 45.279ms
[42.640s][info][gc,cpu         ] GC(77) User=0.11s Sys=0.00s Real=0.05s
[43.024s][info][gc,start       ] GC(78) Pause Young (Allocation Failure)
[43.024s][info][gc,task        ] GC(78) Using 6 workers of 6 for evacuation
[43.070s][info][gc,heap        ] GC(78) ParNew: 460096K->51072K(460096K)
[43.070s][info][gc,heap        ] GC(78) CMS: 592281K->618916K(7877440K)
[43.070s][info][gc,metaspace   ] GC(78) Metaspace: 83524K(90028K)->83524K(90028K) NonClass: 72523K(76064K)->72523K(76064K) Class: 11001K(13964K)->11001K(13964K)
[43.071s][info][gc             ] GC(78) Pause Young (Allocation Failure) 1027M->654M(8142M) 46.188ms
[43.071s][info][gc,cpu         ] GC(78) User=0.06s Sys=0.00s Real=0.05s
[43.269s][info][gc,start       ] GC(79) Pause Young (Allocation Failure)
[43.269s][info][gc,task        ] GC(79) Using 6 workers of 6 for evacuation
[43.329s][info][gc,heap        ] GC(79) ParNew: 460096K->51072K(460096K)
[43.329s][info][gc,heap        ] GC(79) CMS: 618916K->642706K(7877440K)
[43.329s][info][gc,metaspace   ] GC(79) Metaspace: 83531K(90028K)->83531K(90028K) NonClass: 72529K(76064K)->72529K(76064K) Class: 11001K(13964K)->11001K(13964K)
[43.329s][info][gc             ] GC(79) Pause Young (Allocation Failure) 1053M->677M(8142M) 59.705ms
[43.329s][info][gc,cpu         ] GC(79) User=0.30s Sys=0.00s Real=0.06s
[43.471s][info][gc,start       ] GC(80) Pause Young (Allocation Failure)
[43.471s][info][gc,task        ] GC(80) Using 6 workers of 6 for evacuation
[43.681s][info][gc,heap        ] GC(80) ParNew: 460096K->51072K(460096K)
[43.681s][info][gc,heap        ] GC(80) CMS: 642706K->700181K(7877440K)
[43.681s][info][gc,metaspace   ] GC(80) Metaspace: 83531K(90028K)->83531K(90028K) NonClass: 72529K(76064K)->72529K(76064K) Class: 11001K(13964K)->11001K(13964K)
[43.681s][info][gc             ] GC(80) Pause Young (Allocation Failure) 1076M->733M(8142M) 210.383ms
[43.681s][info][gc,cpu         ] GC(80) User=1.19s Sys=0.00s Real=0.20s
[43.692s][info][gc,start       ] GC(81) Pause Full (System.gc())
[43.694s][info][gc,phases,start] GC(81) Phase 1: Mark live objects
[43.827s][info][gc,phases      ] GC(81) Phase 1: Mark live objects 133.447ms
[43.827s][info][gc,phases,start] GC(81) Phase 2: Compute new object addresses
[44.002s][info][gc,phases      ] GC(81) Phase 2: Compute new object addresses 174.616ms
[44.002s][info][gc,phases,start] GC(81) Phase 3: Adjust pointers
[44.080s][info][gc,phases      ] GC(81) Phase 3: Adjust pointers 78.297ms
[44.080s][info][gc,phases,start] GC(81) Phase 4: Move objects
[44.115s][info][gc,phases      ] GC(81) Phase 4: Move objects 34.348ms
[44.121s][info][gc,heap        ] GC(81) ParNew: 76177K->0K(460096K)
[44.121s][info][gc,heap        ] GC(81) CMS: 700181K->165503K(7877440K)
[44.121s][info][gc,metaspace   ] GC(81) Metaspace: 83531K(90028K)->83531K(90028K) NonClass: 72529K(76064K)->72529K(76064K) Class: 11001K(13964K)->11001K(13964K)
[44.121s][info][gc             ] GC(81) Pause Full (System.gc()) 758M->161M(8142M) 429.567ms
[44.121s][info][gc,cpu         ] GC(81) User=0.39s Sys=0.00s Real=0.42s
[44.273s][info][gc,start       ] GC(82) Pause Young (Allocation Failure)
[44.273s][info][gc,task        ] GC(82) Using 6 workers of 6 for evacuation
[44.360s][info][gc,heap        ] GC(82) ParNew: 409024K->51072K(460096K)
[44.360s][info][gc,heap        ] GC(82) CMS: 165503K->220777K(7877440K)
[44.360s][info][gc,metaspace   ] GC(82) Metaspace: 83584K(90028K)->83584K(90028K) NonClass: 72584K(76064K)->72584K(76064K) Class: 11000K(13964K)->11000K(13964K)
[44.360s][info][gc             ] GC(82) Pause Young (Allocation Failure) 561M->265M(8142M) 87.322ms
[44.360s][info][gc,cpu         ] GC(82) User=0.14s Sys=0.00s Real=0.09s
[44.530s][info][gc,start       ] GC(83) Pause Young (Allocation Failure)
[44.530s][info][gc,task        ] GC(83) Using 6 workers of 6 for evacuation
[44.607s][info][gc,heap        ] GC(83) ParNew: 460096K->51072K(460096K)
[44.607s][info][gc,heap        ] GC(83) CMS: 220777K->279322K(7877440K)
[44.607s][info][gc,metaspace   ] GC(83) Metaspace: 83584K(90028K)->83584K(90028K) NonClass: 72584K(76064K)->72584K(76064K) Class: 11000K(13964K)->11000K(13964K)
[44.607s][info][gc             ] GC(83) Pause Young (Allocation Failure) 664M->322M(8142M) 77.299ms
[44.607s][info][gc,cpu         ] GC(83) User=0.31s Sys=0.00s Real=0.08s
[44.795s][info][gc,start       ] GC(84) Pause Young (Allocation Failure)
[44.796s][info][gc,task        ] GC(84) Using 6 workers of 6 for evacuation
[44.870s][info][gc,heap        ] GC(84) ParNew: 460096K->51072K(460096K)
[44.870s][info][gc,heap        ] GC(84) CMS: 279322K->312228K(7877440K)
[44.870s][info][gc,metaspace   ] GC(84) Metaspace: 83584K(90028K)->83584K(90028K) NonClass: 72584K(76064K)->72584K(76064K) Class: 11000K(13964K)->11000K(13964K)
[44.870s][info][gc             ] GC(84) Pause Young (Allocation Failure) 722M->354M(8142M) 74.607ms
[44.870s][info][gc,cpu         ] GC(84) User=0.41s Sys=0.00s Real=0.09s
[45.063s][info][gc,start       ] GC(85) Pause Young (Allocation Failure)
[45.064s][info][gc,task        ] GC(85) Using 6 workers of 6 for evacuation
[45.139s][info][gc,heap        ] GC(85) ParNew: 460096K->36848K(460096K)
[45.139s][info][gc,heap        ] GC(85) CMS: 312228K->348362K(7877440K)
[45.139s][info][gc,metaspace   ] GC(85) Metaspace: 83584K(90028K)->83584K(90028K) NonClass: 72584K(76064K)->72584K(76064K) Class: 11000K(13964K)->11000K(13964K)
[45.139s][info][gc             ] GC(85) Pause Young (Allocation Failure) 754M->376M(8142M) 75.219ms
[45.139s][info][gc,cpu         ] GC(85) User=0.36s Sys=0.00s Real=0.08s
[45.743s][info][gc,start       ] GC(86) Pause Young (Allocation Failure)
[45.743s][info][gc,task        ] GC(86) Using 6 workers of 6 for evacuation
[45.835s][info][gc,heap        ] GC(86) ParNew: 445872K->51072K(460096K)
[45.835s][info][gc,heap        ] GC(86) CMS: 348362K->374609K(7877440K)
[45.835s][info][gc,metaspace   ] GC(86) Metaspace: 83596K(90028K)->83596K(90028K) NonClass: 72596K(76064K)->72596K(76064K) Class: 11000K(13964K)->11000K(13964K)
[45.835s][info][gc             ] GC(86) Pause Young (Allocation Failure) 775M->415M(8142M) 91.272ms
[45.835s][info][gc,cpu         ] GC(86) User=0.48s Sys=0.00s Real=0.09s
[45.964s][info][gc,start       ] GC(87) Pause Young (Allocation Failure)
[45.964s][info][gc,task        ] GC(87) Using 6 workers of 6 for evacuation
[46.074s][info][gc,heap        ] GC(87) ParNew: 460096K->51072K(460096K)
[46.074s][info][gc,heap        ] GC(87) CMS: 374609K->438736K(7877440K)
[46.074s][info][gc,metaspace   ] GC(87) Metaspace: 83596K(90028K)->83596K(90028K) NonClass: 72596K(76064K)->72596K(76064K) Class: 11000K(13964K)->11000K(13964K)
[46.074s][info][gc             ] GC(87) Pause Young (Allocation Failure) 815M->478M(8142M) 109.915ms
[46.074s][info][gc,cpu         ] GC(87) User=0.45s Sys=0.00s Real=0.11s
[46.256s][info][gc,start       ] GC(88) Pause Young (Allocation Failure)
[46.256s][info][gc,task        ] GC(88) Using 6 workers of 6 for evacuation
[46.339s][info][gc,heap        ] GC(88) ParNew: 460096K->51072K(460096K)
[46.339s][info][gc,heap        ] GC(88) CMS: 438736K->493226K(7877440K)
[46.340s][info][gc,metaspace   ] GC(88) Metaspace: 83596K(90028K)->83596K(90028K) NonClass: 72596K(76064K)->72596K(76064K) Class: 11000K(13964K)->11000K(13964K)
[46.340s][info][gc             ] GC(88) Pause Young (Allocation Failure) 877M->531M(8142M) 83.730ms
[46.340s][info][gc,cpu         ] GC(88) User=0.42s Sys=0.02s Real=0.09s
[46.527s][info][gc,start       ] GC(89) Pause Young (Allocation Failure)
[46.527s][info][gc,task        ] GC(89) Using 6 workers of 6 for evacuation
[46.598s][info][gc,heap        ] GC(89) ParNew: 460096K->51072K(460096K)
[46.598s][info][gc,heap        ] GC(89) CMS: 493226K->530981K(7877440K)
[46.598s][info][gc,metaspace   ] GC(89) Metaspace: 83599K(90028K)->83599K(90028K) NonClass: 72599K(76064K)->72599K(76064K) Class: 11000K(13964K)->11000K(13964K)
[46.598s][info][gc             ] GC(89) Pause Young (Allocation Failure) 930M->568M(8142M) 71.501ms
[46.598s][info][gc,cpu         ] GC(89) User=0.38s Sys=0.00s Real=0.06s
[47.026s][info][gc,start       ] GC(90) Pause Young (Allocation Failure)
[47.026s][info][gc,task        ] GC(90) Using 6 workers of 6 for evacuation
[47.110s][info][gc,heap        ] GC(90) ParNew: 460096K->37301K(460096K)
[47.110s][info][gc,heap        ] GC(90) CMS: 530981K->561111K(7877440K)
[47.110s][info][gc,metaspace   ] GC(90) Metaspace: 83604K(90028K)->83604K(90028K) NonClass: 72603K(76064K)->72603K(76064K) Class: 11000K(13964K)->11000K(13964K)
[47.110s][info][gc             ] GC(90) Pause Young (Allocation Failure) 967M->584M(8142M) 84.617ms
[47.110s][info][gc,cpu         ] GC(90) User=0.45s Sys=0.00s Real=0.10s
[47.469s][info][gc,start       ] GC(91) Pause Young (Allocation Failure)
[47.469s][info][gc,task        ] GC(91) Using 6 workers of 6 for evacuation
[47.529s][info][gc,heap        ] GC(91) ParNew: 446325K->49769K(460096K)
[47.529s][info][gc,heap        ] GC(91) CMS: 561111K->588939K(7877440K)
[47.529s][info][gc,metaspace   ] GC(91) Metaspace: 83685K(90028K)->83685K(90028K) NonClass: 72683K(76064K)->72683K(76064K) Class: 11001K(13964K)->11001K(13964K)
[47.529s][info][gc             ] GC(91) Pause Young (Allocation Failure) 983M->623M(8142M) 59.799ms
[47.529s][info][gc,cpu         ] GC(91) User=0.14s Sys=0.00s Real=0.06s
[47.852s][info][gc,start       ] GC(92) Pause Young (Allocation Failure)
[47.852s][info][gc,task        ] GC(92) Using 6 workers of 6 for evacuation
[47.900s][info][gc,heap        ] GC(92) ParNew: 458793K->46788K(460096K)
[47.900s][info][gc,heap        ] GC(92) CMS: 588939K->589040K(7877440K)
[47.900s][info][gc,metaspace   ] GC(92) Metaspace: 83780K(90028K)->83780K(90028K) NonClass: 72776K(76064K)->72776K(76064K) Class: 11004K(13964K)->11004K(13964K)
[47.900s][info][gc             ] GC(92) Pause Young (Allocation Failure) 1023M->620M(8142M) 48.238ms
[47.900s][info][gc,cpu         ] GC(92) User=0.14s Sys=0.00s Real=0.05s
[48.144s][info][gc,start       ] GC(93) Pause Young (Allocation Failure)
[48.144s][info][gc,task        ] GC(93) Using 6 workers of 6 for evacuation
[48.189s][info][gc,heap        ] GC(93) ParNew: 455812K->51072K(460096K)
[48.189s][info][gc,heap        ] GC(93) CMS: 589040K->590629K(7877440K)
[48.189s][info][gc,metaspace   ] GC(93) Metaspace: 83802K(90284K)->83802K(90284K) NonClass: 72798K(76320K)->72798K(76320K) Class: 11004K(13964K)->11004K(13964K)
[48.189s][info][gc             ] GC(93) Pause Young (Allocation Failure) 1020M->626M(8142M) 45.104ms
[48.189s][info][gc,cpu         ] GC(93) User=0.05s Sys=0.00s Real=0.05s
[48.572s][info][gc,start       ] GC(94) Pause Young (Allocation Failure)
[48.572s][info][gc,task        ] GC(94) Using 6 workers of 6 for evacuation
[48.624s][info][gc,heap        ] GC(94) ParNew: 460096K->51070K(460096K)
[48.624s][info][gc,heap        ] GC(94) CMS: 590629K->613100K(7877440K)
[48.624s][info][gc,metaspace   ] GC(94) Metaspace: 83816K(90284K)->83816K(90284K) NonClass: 72812K(76320K)->72812K(76320K) Class: 11004K(13964K)->11004K(13964K)
[48.624s][info][gc             ] GC(94) Pause Young (Allocation Failure) 1026M->648M(8142M) 52.222ms
[48.624s][info][gc,cpu         ] GC(94) User=0.19s Sys=0.00s Real=0.05s
[48.798s][info][gc,start       ] GC(95) Pause Young (Allocation Failure)
[48.798s][info][gc,task        ] GC(95) Using 6 workers of 6 for evacuation
[48.857s][info][gc,heap        ] GC(95) ParNew: 460094K->51072K(460096K)
[48.857s][info][gc,heap        ] GC(95) CMS: 613100K->638293K(7877440K)
[48.857s][info][gc,metaspace   ] GC(95) Metaspace: 83847K(90284K)->83847K(90284K) NonClass: 72843K(76320K)->72843K(76320K) Class: 11004K(13964K)->11004K(13964K)
[48.857s][info][gc             ] GC(95) Pause Young (Allocation Failure) 1048M->673M(8142M) 59.403ms
[48.857s][info][gc,cpu         ] GC(95) User=0.25s Sys=0.00s Real=0.06s
[49.000s][info][gc,start       ] GC(96) Pause Young (Allocation Failure)
[49.000s][info][gc,task        ] GC(96) Using 6 workers of 6 for evacuation
[49.158s][info][gc,heap        ] GC(96) ParNew: 460096K->51072K(460096K)
[49.158s][info][gc,heap        ] GC(96) CMS: 638293K->695030K(7877440K)
[49.158s][info][gc,metaspace   ] GC(96) Metaspace: 83847K(90284K)->83847K(90284K) NonClass: 72843K(76320K)->72843K(76320K) Class: 11004K(13964K)->11004K(13964K)
[49.158s][info][gc             ] GC(96) Pause Young (Allocation Failure) 1072M->728M(8142M) 158.517ms
[49.158s][info][gc,cpu         ] GC(96) User=0.77s Sys=0.00s Real=0.16s
[49.169s][info][gc,start       ] GC(97) Pause Full (System.gc())
[49.171s][info][gc,phases,start] GC(97) Phase 1: Mark live objects
[49.304s][info][gc,phases      ] GC(97) Phase 1: Mark live objects 133.330ms
[49.305s][info][gc,phases,start] GC(97) Phase 2: Compute new object addresses
[49.478s][info][gc,phases      ] GC(97) Phase 2: Compute new object addresses 173.457ms
[49.478s][info][gc,phases,start] GC(97) Phase 3: Adjust pointers
[49.555s][info][gc,phases      ] GC(97) Phase 3: Adjust pointers 77.410ms
[49.556s][info][gc,phases,start] GC(97) Phase 4: Move objects
[49.590s][info][gc,phases      ] GC(97) Phase 4: Move objects 34.374ms
[49.596s][info][gc,heap        ] GC(97) ParNew: 76171K->0K(460096K)
[49.596s][info][gc,heap        ] GC(97) CMS: 695030K->165634K(7877440K)
[49.596s][info][gc,metaspace   ] GC(97) Metaspace: 83847K(90284K)->83847K(90284K) NonClass: 72843K(76320K)->72843K(76320K) Class: 11004K(13964K)->11004K(13964K)
[49.597s][info][gc             ] GC(97) Pause Full (System.gc()) 753M->161M(8142M) 427.474ms
[49.597s][info][gc,cpu         ] GC(97) User=0.33s Sys=0.03s Real=0.42s
[49.758s][info][gc,start       ] GC(98) Pause Young (Allocation Failure)
[49.758s][info][gc,task        ] GC(98) Using 6 workers of 6 for evacuation
[49.856s][info][gc,heap        ] GC(98) ParNew: 409024K->51072K(460096K)
[49.856s][info][gc,heap        ] GC(98) CMS: 165634K->225923K(7877440K)
[49.856s][info][gc,metaspace   ] GC(98) Metaspace: 83876K(90284K)->83876K(90284K) NonClass: 72873K(76320K)->72873K(76320K) Class: 11003K(13964K)->11003K(13964K)
[49.856s][info][gc             ] GC(98) Pause Young (Allocation Failure) 561M->270M(8142M) 98.218ms
[49.856s][info][gc,cpu         ] GC(98) User=0.52s Sys=0.00s Real=0.09s
[50.034s][info][gc,start       ] GC(99) Pause Young (Allocation Failure)
[50.034s][info][gc,task        ] GC(99) Using 6 workers of 6 for evacuation
[50.109s][info][gc,heap        ] GC(99) ParNew: 460096K->51072K(460096K)
[50.109s][info][gc,heap        ] GC(99) CMS: 225923K->271151K(7877440K)
[50.109s][info][gc,metaspace   ] GC(99) Metaspace: 83876K(90284K)->83876K(90284K) NonClass: 72873K(76320K)->72873K(76320K) Class: 11003K(13964K)->11003K(13964K)
[50.109s][info][gc             ] GC(99) Pause Young (Allocation Failure) 669M->314M(8142M) 75.813ms
[50.109s][info][gc,cpu         ] GC(99) User=0.36s Sys=0.00s Real=0.08s
[50.299s][info][gc,start       ] GC(100) Pause Young (Allocation Failure)
[50.300s][info][gc,task        ] GC(100) Using 6 workers of 6 for evacuation
[50.379s][info][gc,heap        ] GC(100) ParNew: 460096K->51072K(460096K)
[50.379s][info][gc,heap        ] GC(100) CMS: 271151K->310148K(7877440K)
[50.379s][info][gc,metaspace   ] GC(100) Metaspace: 83876K(90284K)->83876K(90284K) NonClass: 72873K(76320K)->72873K(76320K) Class: 11003K(13964K)->11003K(13964K)
[50.379s][info][gc             ] GC(100) Pause Young (Allocation Failure) 714M->352M(8142M) 79.707ms
[50.379s][info][gc,cpu         ] GC(100) User=0.33s Sys=0.00s Real=0.09s
[50.572s][info][gc,start       ] GC(101) Pause Young (Allocation Failure)
[50.572s][info][gc,task        ] GC(101) Using 6 workers of 6 for evacuation
[50.640s][info][gc,heap        ] GC(101) ParNew: 460096K->32855K(460096K)
[50.640s][info][gc,heap        ] GC(101) CMS: 310148K->348678K(7877440K)
[50.640s][info][gc,metaspace   ] GC(101) Metaspace: 83876K(90284K)->83876K(90284K) NonClass: 72873K(76320K)->72873K(76320K) Class: 11003K(13964K)->11003K(13964K)
[50.640s][info][gc             ] GC(101) Pause Young (Allocation Failure) 752M->372M(8142M) 68.309ms
[50.640s][info][gc,cpu         ] GC(101) User=0.36s Sys=0.00s Real=0.08s
[51.240s][info][gc,start       ] GC(102) Pause Young (Allocation Failure)
[51.241s][info][gc,task        ] GC(102) Using 6 workers of 6 for evacuation
[51.332s][info][gc,heap        ] GC(102) ParNew: 441879K->51072K(460096K)
[51.332s][info][gc,heap        ] GC(102) CMS: 348678K->374623K(7877440K)
[51.332s][info][gc,metaspace   ] GC(102) Metaspace: 83887K(90284K)->83887K(90284K) NonClass: 72883K(76320K)->72883K(76320K) Class: 11003K(13964K)->11003K(13964K)
[51.332s][info][gc             ] GC(102) Pause Young (Allocation Failure) 772M->415M(8142M) 91.236ms
[51.332s][info][gc,cpu         ] GC(102) User=0.48s Sys=0.00s Real=0.09s
[51.463s][info][gc,start       ] GC(103) Pause Young (Allocation Failure)
[51.463s][info][gc,task        ] GC(103) Using 6 workers of 6 for evacuation
[51.572s][info][gc,heap        ] GC(103) ParNew: 460096K->51072K(460096K)
[51.573s][info][gc,heap        ] GC(103) CMS: 374623K->438509K(7877440K)
[51.573s][info][gc,metaspace   ] GC(103) Metaspace: 83887K(90284K)->83887K(90284K) NonClass: 72883K(76320K)->72883K(76320K) Class: 11003K(13964K)->11003K(13964K)
[51.573s][info][gc             ] GC(103) Pause Young (Allocation Failure) 815M->478M(8142M) 109.958ms
[51.573s][info][gc,cpu         ] GC(103) User=0.23s Sys=0.00s Real=0.11s
[51.754s][info][gc,start       ] GC(104) Pause Young (Allocation Failure)
[51.755s][info][gc,task        ] GC(104) Using 6 workers of 6 for evacuation
[51.841s][info][gc,heap        ] GC(104) ParNew: 460096K->51072K(460096K)
[51.841s][info][gc,heap        ] GC(104) CMS: 438509K->494531K(7877440K)
[51.841s][info][gc,metaspace   ] GC(104) Metaspace: 83887K(90284K)->83887K(90284K) NonClass: 72883K(76320K)->72883K(76320K) Class: 11003K(13964K)->11003K(13964K)
[51.841s][info][gc             ] GC(104) Pause Young (Allocation Failure) 877M->532M(8142M) 86.380ms
[51.841s][info][gc,cpu         ] GC(104) User=0.47s Sys=0.00s Real=0.08s
[52.029s][info][gc,start       ] GC(105) Pause Young (Allocation Failure)
[52.029s][info][gc,task        ] GC(105) Using 6 workers of 6 for evacuation
[52.103s][info][gc,heap        ] GC(105) ParNew: 460096K->48270K(460096K)
[52.103s][info][gc,heap        ] GC(105) CMS: 494531K->534969K(7877440K)
[52.103s][info][gc,metaspace   ] GC(105) Metaspace: 83887K(90284K)->83887K(90284K) NonClass: 72883K(76320K)->72883K(76320K) Class: 11003K(13964K)->11003K(13964K)
[52.103s][info][gc             ] GC(105) Pause Young (Allocation Failure) 932M->569M(8142M) 73.714ms
[52.103s][info][gc,cpu         ] GC(105) User=0.31s Sys=0.00s Real=0.08s
[52.551s][info][gc,start       ] GC(106) Pause Young (Allocation Failure)
[52.551s][info][gc,task        ] GC(106) Using 6 workers of 6 for evacuation
[52.626s][info][gc,heap        ] GC(106) ParNew: 457294K->34610K(460096K)
[52.626s][info][gc,heap        ] GC(106) CMS: 534969K->561420K(7877440K)
[52.626s][info][gc,metaspace   ] GC(106) Metaspace: 83889K(90284K)->83889K(90284K) NonClass: 72886K(76320K)->72886K(76320K) Class: 11003K(13964K)->11003K(13964K)
[52.626s][info][gc             ] GC(106) Pause Young (Allocation Failure) 969M->582M(8142M) 74.281ms
[52.626s][info][gc,cpu         ] GC(106) User=0.28s Sys=0.00s Real=0.06s
[52.991s][info][gc,start       ] GC(107) Pause Young (Allocation Failure)
[52.991s][info][gc,task        ] GC(107) Using 6 workers of 6 for evacuation
[53.053s][info][gc,heap        ] GC(107) ParNew: 443634K->46554K(460096K)
[53.053s][info][gc,heap        ] GC(107) CMS: 561420K->588775K(7877440K)
[53.053s][info][gc,metaspace   ] GC(107) Metaspace: 83921K(90284K)->83921K(90284K) NonClass: 72917K(76320K)->72917K(76320K) Class: 11003K(13964K)->11003K(13964K)
[53.053s][info][gc             ] GC(107) Pause Young (Allocation Failure) 981M->620M(8142M) 61.815ms
[53.053s][info][gc,cpu         ] GC(107) User=0.22s Sys=0.00s Real=0.06s
[53.375s][info][gc,start       ] GC(108) Pause Young (Allocation Failure)
[53.376s][info][gc,task        ] GC(108) Using 6 workers of 6 for evacuation
[53.423s][info][gc,heap        ] GC(108) ParNew: 455578K->46816K(460096K)
[53.423s][info][gc,heap        ] GC(108) CMS: 588775K->588883K(7877440K)
[53.423s][info][gc,metaspace   ] GC(108) Metaspace: 83953K(90284K)->83953K(90284K) NonClass: 72949K(76320K)->72949K(76320K) Class: 11003K(13964K)->11003K(13964K)
[53.424s][info][gc             ] GC(108) Pause Young (Allocation Failure) 1019M->620M(8142M) 48.075ms
[53.424s][info][gc,cpu         ] GC(108) User=0.11s Sys=0.00s Real=0.05s
[53.662s][info][gc,start       ] GC(109) Pause Young (Allocation Failure)
[53.663s][info][gc,task        ] GC(109) Using 6 workers of 6 for evacuation
[53.710s][info][gc,heap        ] GC(109) ParNew: 455840K->51072K(460096K)
[53.710s][info][gc,heap        ] GC(109) CMS: 588883K->591749K(7877440K)
[53.710s][info][gc,metaspace   ] GC(109) Metaspace: 83968K(90284K)->83968K(90284K) NonClass: 72964K(76320K)->72964K(76320K) Class: 11003K(13964K)->11003K(13964K)
[53.710s][info][gc             ] GC(109) Pause Young (Allocation Failure) 1020M->627M(8142M) 47.608ms
[53.710s][info][gc,cpu         ] GC(109) User=0.11s Sys=0.00s Real=0.05s
[54.073s][info][gc,start       ] GC(110) Pause Young (Allocation Failure)
[54.073s][info][gc,task        ] GC(110) Using 6 workers of 6 for evacuation
[54.141s][info][gc,heap        ] GC(110) ParNew: 460096K->51072K(460096K)
[54.141s][info][gc,heap        ] GC(110) CMS: 591749K->615230K(7877440K)
[54.141s][info][gc,metaspace   ] GC(110) Metaspace: 84008K(90284K)->84008K(90284K) NonClass: 73004K(76320K)->73004K(76320K) Class: 11003K(13964K)->11003K(13964K)
[54.141s][info][gc             ] GC(110) Pause Young (Allocation Failure) 1027M->650M(8142M) 68.410ms
[54.141s][info][gc,cpu         ] GC(110) User=0.33s Sys=0.00s Real=0.08s
[54.362s][info][gc,start       ] GC(111) Pause Young (Allocation Failure)
[54.362s][info][gc,task        ] GC(111) Using 6 workers of 6 for evacuation
[54.420s][info][gc,heap        ] GC(111) ParNew: 460096K->51072K(460096K)
[54.420s][info][gc,heap        ] GC(111) CMS: 615230K->637228K(7877440K)
[54.420s][info][gc,metaspace   ] GC(111) Metaspace: 84020K(90284K)->84020K(90284K) NonClass: 73017K(76320K)->73017K(76320K) Class: 11003K(13964K)->11003K(13964K)
[54.420s][info][gc             ] GC(111) Pause Young (Allocation Failure) 1050M->672M(8142M) 57.705ms
[54.420s][info][gc,cpu         ] GC(111) User=0.25s Sys=0.00s Real=0.06s
[54.563s][info][gc,start       ] GC(112) Pause Young (Allocation Failure)
[54.564s][info][gc,task        ] GC(112) Using 6 workers of 6 for evacuation
[54.761s][info][gc,heap        ] GC(112) ParNew: 460096K->51072K(460096K)
[54.761s][info][gc,heap        ] GC(112) CMS: 637228K->703308K(7877440K)
[54.761s][info][gc,metaspace   ] GC(112) Metaspace: 84020K(90284K)->84020K(90284K) NonClass: 73017K(76320K)->73017K(76320K) Class: 11003K(13964K)->11003K(13964K)
[54.761s][info][gc             ] GC(112) Pause Young (Allocation Failure) 1071M->736M(8142M) 197.316ms
[54.761s][info][gc,cpu         ] GC(112) User=1.06s Sys=0.00s Real=0.19s
[54.766s][info][gc,start       ] GC(113) Pause Full (System.gc())
[54.768s][info][gc,phases,start] GC(113) Phase 1: Mark live objects
[54.887s][info][gc,phases      ] GC(113) Phase 1: Mark live objects 119.182ms
[54.887s][info][gc,phases,start] GC(113) Phase 2: Compute new object addresses
[55.065s][info][gc,phases      ] GC(113) Phase 2: Compute new object addresses 177.565ms
[55.065s][info][gc,phases,start] GC(113) Phase 3: Adjust pointers
[55.145s][info][gc,phases      ] GC(113) Phase 3: Adjust pointers 80.295ms
[55.145s][info][gc,phases,start] GC(113) Phase 4: Move objects
[55.177s][info][gc,phases      ] GC(113) Phase 4: Move objects 32.165ms
[55.183s][info][gc,heap        ] GC(113) ParNew: 59601K->0K(460096K)
[55.183s][info][gc,heap        ] GC(113) CMS: 703308K->165756K(7877440K)
[55.183s][info][gc,metaspace   ] GC(113) Metaspace: 84023K(90284K)->84023K(90284K) NonClass: 73019K(76320K)->73019K(76320K) Class: 11003K(13964K)->11003K(13964K)
[55.184s][info][gc             ] GC(113) Pause Full (System.gc()) 745M->161M(8142M) 418.114ms
[55.184s][info][gc,cpu         ] GC(113) User=0.41s Sys=0.00s Real=0.41s
[55.339s][info][gc,start       ] GC(114) Pause Young (Allocation Failure)
[55.339s][info][gc,task        ] GC(114) Using 6 workers of 6 for evacuation
[55.435s][info][gc,heap        ] GC(114) ParNew: 409024K->51072K(460096K)
[55.435s][info][gc,heap        ] GC(114) CMS: 165756K->225445K(7877440K)
[55.435s][info][gc,metaspace   ] GC(114) Metaspace: 84060K(90284K)->84060K(90284K) NonClass: 73057K(76320K)->73057K(76320K) Class: 11003K(13964K)->11003K(13964K)
[55.435s][info][gc             ] GC(114) Pause Young (Allocation Failure) 561M->270M(8142M) 95.827ms
[55.435s][info][gc,cpu         ] GC(114) User=0.31s Sys=0.00s Real=0.10s
[55.612s][info][gc,start       ] GC(115) Pause Young (Allocation Failure)
[55.612s][info][gc,task        ] GC(115) Using 6 workers of 6 for evacuation
[55.694s][info][gc,heap        ] GC(115) ParNew: 460096K->51072K(460096K)
[55.694s][info][gc,heap        ] GC(115) CMS: 225445K->283695K(7877440K)
[55.694s][info][gc,metaspace   ] GC(115) Metaspace: 84060K(90284K)->84060K(90284K) NonClass: 73057K(76320K)->73057K(76320K) Class: 11003K(13964K)->11003K(13964K)
[55.694s][info][gc             ] GC(115) Pause Young (Allocation Failure) 669M->326M(8142M) 81.888ms
[55.694s][info][gc,cpu         ] GC(115) User=0.34s Sys=0.00s Real=0.08s
[55.882s][info][gc,start       ] GC(116) Pause Young (Allocation Failure)
[55.882s][info][gc,task        ] GC(116) Using 6 workers of 6 for evacuation
[55.960s][info][gc,heap        ] GC(116) ParNew: 460096K->51072K(460096K)
[55.960s][info][gc,heap        ] GC(116) CMS: 283695K->320272K(7877440K)
[55.960s][info][gc,metaspace   ] GC(116) Metaspace: 84060K(90284K)->84060K(90284K) NonClass: 73057K(76320K)->73057K(76320K) Class: 11003K(13964K)->11003K(13964K)
[55.960s][info][gc             ] GC(116) Pause Young (Allocation Failure) 726M->362M(8142M) 77.836ms
[55.960s][info][gc,cpu         ] GC(116) User=0.39s Sys=0.00s Real=0.08s
[56.160s][info][gc,start       ] GC(117) Pause Young (Allocation Failure)
[56.160s][info][gc,task        ] GC(117) Using 6 workers of 6 for evacuation
[56.231s][info][gc,heap        ] GC(117) ParNew: 460096K->40208K(460096K)
[56.232s][info][gc,heap        ] GC(117) CMS: 320272K->356515K(7877440K)
[56.232s][info][gc,metaspace   ] GC(117) Metaspace: 84060K(90284K)->84060K(90284K) NonClass: 73057K(76320K)->73057K(76320K) Class: 11003K(13964K)->11003K(13964K)
[56.232s][info][gc             ] GC(117) Pause Young (Allocation Failure) 762M->387M(8142M) 71.654ms
[56.232s][info][gc,cpu         ] GC(117) User=0.47s Sys=0.00s Real=0.08s
[56.825s][info][gc,start       ] GC(118) Pause Young (Allocation Failure)
[56.825s][info][gc,task        ] GC(118) Using 6 workers of 6 for evacuation
[56.915s][info][gc,heap        ] GC(118) ParNew: 449232K->51072K(460096K)
[56.916s][info][gc,heap        ] GC(118) CMS: 356515K->382478K(7877440K)
[56.916s][info][gc,metaspace   ] GC(118) Metaspace: 84095K(90284K)->84095K(90284K) NonClass: 73090K(76320K)->73090K(76320K) Class: 11005K(13964K)->11005K(13964K)
[56.916s][info][gc             ] GC(118) Pause Young (Allocation Failure) 786M->423M(8142M) 90.705ms
[56.916s][info][gc,cpu         ] GC(118) User=0.31s Sys=0.00s Real=0.09s
[57.042s][info][gc,start       ] GC(119) Pause Young (Allocation Failure)
[57.042s][info][gc,task        ] GC(119) Using 6 workers of 6 for evacuation
[57.155s][info][gc,heap        ] GC(119) ParNew: 460096K->51072K(460096K)
[57.155s][info][gc,heap        ] GC(119) CMS: 382478K->445848K(7877440K)
[57.155s][info][gc,metaspace   ] GC(119) Metaspace: 84104K(90284K)->84104K(90284K) NonClass: 73099K(76320K)->73099K(76320K) Class: 11005K(13964K)->11005K(13964K)
[57.155s][info][gc             ] GC(119) Pause Young (Allocation Failure) 822M->485M(8142M) 112.789ms
[57.155s][info][gc,cpu         ] GC(119) User=0.55s Sys=0.00s Real=0.11s
[57.339s][info][gc,start       ] GC(120) Pause Young (Allocation Failure)
[57.339s][info][gc,task        ] GC(120) Using 6 workers of 6 for evacuation
[57.425s][info][gc,heap        ] GC(120) ParNew: 460096K->51072K(460096K)
[57.426s][info][gc,heap        ] GC(120) CMS: 445848K->501570K(7877440K)
[57.426s][info][gc,metaspace   ] GC(120) Metaspace: 84104K(90284K)->84104K(90284K) NonClass: 73099K(76320K)->73099K(76320K) Class: 11005K(13964K)->11005K(13964K)
[57.426s][info][gc             ] GC(120) Pause Young (Allocation Failure) 884M->539M(8142M) 86.145ms
[57.426s][info][gc,cpu         ] GC(120) User=0.47s Sys=0.00s Real=0.08s
[57.608s][info][gc,start       ] GC(121) Pause Young (Allocation Failure)
[57.609s][info][gc,task        ] GC(121) Using 6 workers of 6 for evacuation
[57.682s][info][gc,heap        ] GC(121) ParNew: 460096K->47643K(460096K)
[57.682s][info][gc,heap        ] GC(121) CMS: 501570K->543342K(7877440K)
[57.682s][info][gc,metaspace   ] GC(121) Metaspace: 84104K(90284K)->84104K(90284K) NonClass: 73099K(76320K)->73099K(76320K) Class: 11005K(13964K)->11005K(13964K)
[57.682s][info][gc             ] GC(121) Pause Young (Allocation Failure) 939M->577M(8142M) 73.260ms
[57.682s][info][gc,cpu         ] GC(121) User=0.38s Sys=0.00s Real=0.06s
[58.147s][info][gc,start       ] GC(122) Pause Young (Allocation Failure)
[58.147s][info][gc,task        ] GC(122) Using 6 workers of 6 for evacuation
[58.225s][info][gc,heap        ] GC(122) ParNew: 456667K->34498K(460096K)
[58.225s][info][gc,heap        ] GC(122) CMS: 543342K->569908K(7877440K)
[58.225s][info][gc,metaspace   ] GC(122) Metaspace: 84105K(90284K)->84105K(90284K) NonClass: 73100K(76320K)->73100K(76320K) Class: 11005K(13964K)->11005K(13964K)
[58.225s][info][gc             ] GC(122) Pause Young (Allocation Failure) 976M->590M(8142M) 78.164ms
[58.225s][info][gc,cpu         ] GC(122) User=0.39s Sys=0.00s Real=0.08s
[58.559s][info][gc,start       ] GC(123) Pause Young (Allocation Failure)
[58.559s][info][gc,task        ] GC(123) Using 6 workers of 6 for evacuation
[58.616s][info][gc,heap        ] GC(123) ParNew: 443522K->51072K(460096K)
[58.616s][info][gc,heap        ] GC(123) CMS: 569908K->576534K(7877440K)
[58.616s][info][gc,metaspace   ] GC(123) Metaspace: 84178K(90540K)->84178K(90540K) NonClass: 73171K(76576K)->73171K(76576K) Class: 11006K(13964K)->11006K(13964K)
[58.616s][info][gc             ] GC(123) Pause Young (Allocation Failure) 989M->612M(8142M) 56.763ms
[58.616s][info][gc,cpu         ] GC(123) User=0.31s Sys=0.00s Real=0.06s
[58.934s][info][gc,start       ] GC(124) Pause Young (Allocation Failure)
[58.934s][info][gc,task        ] GC(124) Using 6 workers of 6 for evacuation
[59.003s][info][gc,heap        ] GC(124) ParNew: 460096K->44849K(460096K)
[59.003s][info][gc,heap        ] GC(124) CMS: 576534K->603297K(7877440K)
[59.003s][info][gc,metaspace   ] GC(124) Metaspace: 84192K(90540K)->84192K(90540K) NonClass: 73185K(76576K)->73185K(76576K) Class: 11007K(13964K)->11007K(13964K)
[59.003s][info][gc             ] GC(124) Pause Young (Allocation Failure) 1012M->632M(8142M) 69.159ms
[59.003s][info][gc,cpu         ] GC(124) User=0.08s Sys=0.00s Real=0.08s
[59.239s][info][gc,start       ] GC(125) Pause Young (Allocation Failure)
[59.239s][info][gc,task        ] GC(125) Using 6 workers of 6 for evacuation
[59.287s][info][gc,heap        ] GC(125) ParNew: 453873K->51072K(460096K)
[59.287s][info][gc,heap        ] GC(125) CMS: 603297K->607510K(7877440K)
[59.287s][info][gc,metaspace   ] GC(125) Metaspace: 84216K(90540K)->84216K(90540K) NonClass: 73208K(76576K)->73208K(76576K) Class: 11007K(13964K)->11007K(13964K)
[59.287s][info][gc             ] GC(125) Pause Young (Allocation Failure) 1032M->643M(8142M) 47.937ms
[59.287s][info][gc,cpu         ] GC(125) User=0.05s Sys=0.00s Real=0.05s
[59.653s][info][gc,start       ] GC(126) Pause Young (Allocation Failure)
[59.653s][info][gc,task        ] GC(126) Using 6 workers of 6 for evacuation
[59.704s][info][gc,heap        ] GC(126) ParNew: 460096K->51072K(460096K)
[59.704s][info][gc,heap        ] GC(126) CMS: 607510K->624993K(7877440K)
[59.704s][info][gc,metaspace   ] GC(126) Metaspace: 84238K(90540K)->84238K(90540K) NonClass: 73230K(76576K)->73230K(76576K) Class: 11007K(13964K)->11007K(13964K)
[59.704s][info][gc             ] GC(126) Pause Young (Allocation Failure) 1042M->660M(8142M) 50.630ms
[59.704s][info][gc,cpu         ] GC(126) User=0.30s Sys=0.06s Real=0.05s
[59.975s][info][gc,start       ] GC(127) Pause Young (Allocation Failure)
[59.975s][info][gc,task        ] GC(127) Using 6 workers of 6 for evacuation
[60.026s][info][gc,heap        ] GC(127) ParNew: 460096K->51072K(460096K)
[60.026s][info][gc,heap        ] GC(127) CMS: 624993K->647068K(7877440K)
[60.026s][info][gc,metaspace   ] GC(127) Metaspace: 84251K(90540K)->84251K(90540K) NonClass: 73244K(76576K)->73244K(76576K) Class: 11007K(13964K)->11007K(13964K)
[60.026s][info][gc             ] GC(127) Pause Young (Allocation Failure) 1059M->681M(8142M) 51.700ms
[60.026s][info][gc,cpu         ] GC(127) User=0.17s Sys=0.00s Real=0.05s
[60.170s][info][gc,start       ] GC(128) Pause Full (System.gc())
[60.173s][info][gc,phases,start] GC(128) Phase 1: Mark live objects
[60.306s][info][gc,phases      ] GC(128) Phase 1: Mark live objects 132.886ms
[60.307s][info][gc,phases,start] GC(128) Phase 2: Compute new object addresses
[60.527s][info][gc,phases      ] GC(128) Phase 2: Compute new object addresses 220.690ms
[60.527s][info][gc,phases,start] GC(128) Phase 3: Adjust pointers
[60.605s][info][gc,phases      ] GC(128) Phase 3: Adjust pointers 77.370ms
[60.605s][info][gc,phases,start] GC(128) Phase 4: Move objects
[60.640s][info][gc,phases      ] GC(128) Phase 4: Move objects 34.919ms
[60.646s][info][gc,heap        ] GC(128) ParNew: 455769K->0K(460096K)
[60.646s][info][gc,heap        ] GC(128) CMS: 647068K->165849K(7877440K)
[60.646s][info][gc,metaspace   ] GC(128) Metaspace: 84251K(90540K)->84251K(90540K) NonClass: 73244K(76576K)->73244K(76576K) Class: 11007K(13964K)->11007K(13964K)
[60.646s][info][gc             ] GC(128) Pause Full (System.gc()) 1076M->161M(8142M) 475.904ms
[60.646s][info][gc,cpu         ] GC(128) User=0.42s Sys=0.00s Real=0.47s
[60.801s][info][gc,start       ] GC(129) Pause Young (Allocation Failure)
[60.801s][info][gc,task        ] GC(129) Using 6 workers of 6 for evacuation
[60.892s][info][gc,heap        ] GC(129) ParNew: 409024K->51072K(460096K)
[60.892s][info][gc,heap        ] GC(129) CMS: 165849K->224837K(7877440K)
[60.892s][info][gc,metaspace   ] GC(129) Metaspace: 84277K(90540K)->84277K(90540K) NonClass: 73271K(76576K)->73271K(76576K) Class: 11006K(13964K)->11006K(13964K)
[60.892s][info][gc             ] GC(129) Pause Young (Allocation Failure) 561M->269M(8142M) 91.251ms
[60.892s][info][gc,cpu         ] GC(129) User=0.17s Sys=0.00s Real=0.08s
[61.064s][info][gc,start       ] GC(130) Pause Young (Allocation Failure)
[61.064s][info][gc,task        ] GC(130) Using 6 workers of 6 for evacuation
[61.146s][info][gc,heap        ] GC(130) ParNew: 460096K->51072K(460096K)
[61.146s][info][gc,heap        ] GC(130) CMS: 224837K->281553K(7877440K)
[61.146s][info][gc,metaspace   ] GC(130) Metaspace: 84277K(90540K)->84277K(90540K) NonClass: 73271K(76576K)->73271K(76576K) Class: 11006K(13964K)->11006K(13964K)
[61.146s][info][gc             ] GC(130) Pause Young (Allocation Failure) 668M->324M(8142M) 81.556ms
[61.146s][info][gc,cpu         ] GC(130) User=0.36s Sys=0.00s Real=0.08s
[61.332s][info][gc,start       ] GC(131) Pause Young (Allocation Failure)
[61.332s][info][gc,task        ] GC(131) Using 6 workers of 6 for evacuation
[61.404s][info][gc,heap        ] GC(131) ParNew: 460096K->51072K(460096K)
[61.404s][info][gc,heap        ] GC(131) CMS: 281553K->311450K(7877440K)
[61.404s][info][gc,metaspace   ] GC(131) Metaspace: 84277K(90540K)->84277K(90540K) NonClass: 73271K(76576K)->73271K(76576K) Class: 11006K(13964K)->11006K(13964K)
[61.404s][info][gc             ] GC(131) Pause Young (Allocation Failure) 724M->354M(8142M) 72.356ms
[61.404s][info][gc,cpu         ] GC(131) User=0.39s Sys=0.00s Real=0.08s
[61.599s][info][gc,start       ] GC(132) Pause Young (Allocation Failure)
[61.599s][info][gc,task        ] GC(132) Using 6 workers of 6 for evacuation
[61.672s][info][gc,heap        ] GC(132) ParNew: 460096K->36641K(460096K)
[61.672s][info][gc,heap        ] GC(132) CMS: 311450K->348855K(7877440K)
[61.672s][info][gc,metaspace   ] GC(132) Metaspace: 84277K(90540K)->84277K(90540K) NonClass: 73271K(76576K)->73271K(76576K) Class: 11006K(13964K)->11006K(13964K)
[61.672s][info][gc             ] GC(132) Pause Young (Allocation Failure) 753M->376M(8142M) 72.304ms
[61.672s][info][gc,cpu         ] GC(132) User=0.39s Sys=0.00s Real=0.08s
[62.292s][info][gc,start       ] GC(133) Pause Young (Allocation Failure)
[62.292s][info][gc,task        ] GC(133) Using 6 workers of 6 for evacuation
[62.382s][info][gc,heap        ] GC(133) ParNew: 445665K->51072K(460096K)
[62.382s][info][gc,heap        ] GC(133) CMS: 348855K->375047K(7877440K)
[62.382s][info][gc,metaspace   ] GC(133) Metaspace: 84293K(90540K)->84293K(90540K) NonClass: 73287K(76576K)->73287K(76576K) Class: 11006K(13964K)->11006K(13964K)
[62.382s][info][gc             ] GC(133) Pause Young (Allocation Failure) 775M->416M(8142M) 90.264ms
[62.382s][info][gc,cpu         ] GC(133) User=0.50s Sys=0.00s Real=0.09s
[62.509s][info][gc,start       ] GC(134) Pause Young (Allocation Failure)
[62.509s][info][gc,task        ] GC(134) Using 6 workers of 6 for evacuation
[62.619s][info][gc,heap        ] GC(134) ParNew: 460096K->51072K(460096K)
[62.619s][info][gc,heap        ] GC(134) CMS: 375047K->439906K(7877440K)
[62.619s][info][gc,metaspace   ] GC(134) Metaspace: 84293K(90540K)->84293K(90540K) NonClass: 73287K(76576K)->73287K(76576K) Class: 11006K(13964K)->11006K(13964K)
[62.619s][info][gc             ] GC(134) Pause Young (Allocation Failure) 815M->479M(8142M) 110.336ms
[62.619s][info][gc,cpu         ] GC(134) User=0.27s Sys=0.00s Real=0.11s
[62.805s][info][gc,start       ] GC(135) Pause Young (Allocation Failure)
[62.805s][info][gc,task        ] GC(135) Using 6 workers of 6 for evacuation
[62.887s][info][gc,heap        ] GC(135) ParNew: 460096K->51072K(460096K)
[62.887s][info][gc,heap        ] GC(135) CMS: 439906K->498166K(7877440K)
[62.887s][info][gc,metaspace   ] GC(135) Metaspace: 84293K(90540K)->84293K(90540K) NonClass: 73287K(76576K)->73287K(76576K) Class: 11006K(13964K)->11006K(13964K)
[62.887s][info][gc             ] GC(135) Pause Young (Allocation Failure) 878M->536M(8142M) 82.174ms
[62.887s][info][gc,cpu         ] GC(135) User=0.36s Sys=0.00s Real=0.07s
[63.068s][info][gc,start       ] GC(136) Pause Young (Allocation Failure)
[63.068s][info][gc,task        ] GC(136) Using 6 workers of 6 for evacuation
[63.141s][info][gc,heap        ] GC(136) ParNew: 460096K->41389K(460096K)
[63.141s][info][gc,heap        ] GC(136) CMS: 498166K->537671K(7877440K)
[63.141s][info][gc,metaspace   ] GC(136) Metaspace: 84293K(90540K)->84293K(90540K) NonClass: 73287K(76576K)->73287K(76576K) Class: 11006K(13964K)->11006K(13964K)
[63.141s][info][gc             ] GC(136) Pause Young (Allocation Failure) 935M->565M(8142M) 72.997ms
[63.141s][info][gc,cpu         ] GC(136) User=0.33s Sys=0.00s Real=0.06s
[63.595s][info][gc,start       ] GC(137) Pause Young (Allocation Failure)
[63.595s][info][gc,task        ] GC(137) Using 6 workers of 6 for evacuation
[63.669s][info][gc,heap        ] GC(137) ParNew: 450413K->32939K(460096K)
[63.669s][info][gc,heap        ] GC(137) CMS: 537671K->564216K(7877440K)
[63.669s][info][gc,metaspace   ] GC(137) Metaspace: 84293K(90540K)->84293K(90540K) NonClass: 73287K(76576K)->73287K(76576K) Class: 11006K(13964K)->11006K(13964K)
[63.669s][info][gc             ] GC(137) Pause Young (Allocation Failure) 964M->583M(8142M) 73.796ms
[63.669s][info][gc,cpu         ] GC(137) User=0.48s Sys=0.00s Real=0.08s
[64.018s][info][gc,start       ] GC(138) Pause Young (Allocation Failure)
[64.018s][info][gc,task        ] GC(138) Using 6 workers of 6 for evacuation
[64.075s][info][gc,heap        ] GC(138) ParNew: 441963K->51072K(460096K)
[64.075s][info][gc,heap        ] GC(138) CMS: 564216K->571383K(7877440K)
[64.075s][info][gc,metaspace   ] GC(138) Metaspace: 84346K(90540K)->84346K(90540K) NonClass: 73340K(76576K)->73340K(76576K) Class: 11006K(13964K)->11006K(13964K)
[64.075s][info][gc             ] GC(138) Pause Young (Allocation Failure) 982M->607M(8142M) 57.454ms
[64.075s][info][gc,cpu         ] GC(138) User=0.30s Sys=0.00s Real=0.06s
[64.395s][info][gc,start       ] GC(139) Pause Young (Allocation Failure)
[64.395s][info][gc,task        ] GC(139) Using 6 workers of 6 for evacuation
[64.464s][info][gc,heap        ] GC(139) ParNew: 460096K->38154K(460096K)
[64.464s][info][gc,heap        ] GC(139) CMS: 571383K->598401K(7877440K)
[64.464s][info][gc,metaspace   ] GC(139) Metaspace: 84411K(90540K)->84411K(90540K) NonClass: 73404K(76576K)->73404K(76576K) Class: 11006K(13964K)->11006K(13964K)
[64.464s][info][gc             ] GC(139) Pause Young (Allocation Failure) 1007M->621M(8142M) 69.837ms
[64.464s][info][gc,cpu         ] GC(139) User=0.27s Sys=0.00s Real=0.08s
[64.706s][info][gc,start       ] GC(140) Pause Young (Allocation Failure)
[64.706s][info][gc,task        ] GC(140) Using 6 workers of 6 for evacuation
[64.753s][info][gc,heap        ] GC(140) ParNew: 447178K->51072K(460096K)
[64.753s][info][gc,heap        ] GC(140) CMS: 598401K->602020K(7877440K)
[64.753s][info][gc,metaspace   ] GC(140) Metaspace: 84447K(90796K)->84447K(90796K) NonClass: 73440K(76832K)->73440K(76832K) Class: 11006K(13964K)->11006K(13964K)
[64.753s][info][gc             ] GC(140) Pause Young (Allocation Failure) 1021M->637M(8142M) 47.620ms
[64.753s][info][gc,cpu         ] GC(140) User=0.08s Sys=0.00s Real=0.05s
[65.139s][info][gc,start       ] GC(141) Pause Young (Allocation Failure)
[65.139s][info][gc,task        ] GC(141) Using 6 workers of 6 for evacuation
[65.194s][info][gc,heap        ] GC(141) ParNew: 460096K->51072K(460096K)
[65.194s][info][gc,heap        ] GC(141) CMS: 602020K->636141K(7877440K)
[65.194s][info][gc,metaspace   ] GC(141) Metaspace: 84475K(90796K)->84475K(90796K) NonClass: 73467K(76832K)->73467K(76832K) Class: 11007K(13964K)->11007K(13964K)
[65.194s][info][gc             ] GC(141) Pause Young (Allocation Failure) 1037M->671M(8142M) 55.748ms
[65.194s][info][gc,cpu         ] GC(141) User=0.20s Sys=0.00s Real=0.06s
[65.360s][info][gc,start       ] GC(142) Pause Young (Allocation Failure)
[65.360s][info][gc,task        ] GC(142) Using 6 workers of 6 for evacuation
[65.415s][info][gc,heap        ] GC(142) ParNew: 460096K->51072K(460096K)
[65.415s][info][gc,heap        ] GC(142) CMS: 636141K->648785K(7877440K)
[65.415s][info][gc,metaspace   ] GC(142) Metaspace: 84492K(90796K)->84492K(90796K) NonClass: 73485K(76832K)->73485K(76832K) Class: 11007K(13964K)->11007K(13964K)
[65.415s][info][gc             ] GC(142) Pause Young (Allocation Failure) 1070M->683M(8142M) 55.605ms
[65.416s][info][gc,cpu         ] GC(142) User=0.25s Sys=0.00s Real=0.05s
[65.559s][info][gc,start       ] GC(143) Pause Young (Allocation Failure)
[65.559s][info][gc,task        ] GC(143) Using 6 workers of 6 for evacuation
[65.779s][info][gc,heap        ] GC(143) ParNew: 460096K->51072K(460096K)
[65.779s][info][gc,heap        ] GC(143) CMS: 648785K->709557K(7877440K)
[65.779s][info][gc,metaspace   ] GC(143) Metaspace: 84492K(90796K)->84492K(90796K) NonClass: 73485K(76832K)->73485K(76832K) Class: 11007K(13964K)->11007K(13964K)
[65.779s][info][gc             ] GC(143) Pause Young (Allocation Failure) 1082M->742M(8142M) 219.852ms
[65.779s][info][gc,cpu         ] GC(143) User=1.22s Sys=0.00s Real=0.23s
[65.784s][info][gc,start       ] GC(144) Pause Full (System.gc())
[65.786s][info][gc,phases,start] GC(144) Phase 1: Mark live objects
[65.906s][info][gc,phases      ] GC(144) Phase 1: Mark live objects 119.712ms
[65.906s][info][gc,phases,start] GC(144) Phase 2: Compute new object addresses
[66.083s][info][gc,phases      ] GC(144) Phase 2: Compute new object addresses 176.843ms
[66.083s][info][gc,phases,start] GC(144) Phase 3: Adjust pointers
[66.159s][info][gc,phases      ] GC(144) Phase 3: Adjust pointers 75.678ms
[66.159s][info][gc,phases,start] GC(144) Phase 4: Move objects
[66.163s][info][gc,phases      ] GC(144) Phase 4: Move objects 3.882ms
[66.169s][info][gc,heap        ] GC(144) ParNew: 63870K->0K(460096K)
[66.169s][info][gc,heap        ] GC(144) CMS: 709557K->165975K(7877440K)
[66.169s][info][gc,metaspace   ] GC(144) Metaspace: 84492K(90796K)->84492K(90796K) NonClass: 73485K(76832K)->73485K(76832K) Class: 11007K(13964K)->11007K(13964K)
[66.169s][info][gc             ] GC(144) Pause Full (System.gc()) 755M->162M(8142M) 384.999ms
[66.169s][info][gc,cpu         ] GC(144) User=0.34s Sys=0.00s Real=0.38s
[66.321s][info][gc,start       ] GC(145) Pause Young (Allocation Failure)
[66.321s][info][gc,task        ] GC(145) Using 6 workers of 6 for evacuation
[66.414s][info][gc,heap        ] GC(145) ParNew: 409024K->51072K(460096K)
[66.414s][info][gc,heap        ] GC(145) CMS: 165975K->225381K(7877440K)
[66.414s][info][gc,metaspace   ] GC(145) Metaspace: 84507K(90796K)->84507K(90796K) NonClass: 73499K(76832K)->73499K(76832K) Class: 11007K(13964K)->11007K(13964K)
[66.414s][info][gc             ] GC(145) Pause Young (Allocation Failure) 561M->269M(8142M) 93.926ms
[66.414s][info][gc,cpu         ] GC(145) User=0.31s Sys=0.00s Real=0.10s
[66.587s][info][gc,start       ] GC(146) Pause Young (Allocation Failure)
[66.587s][info][gc,task        ] GC(146) Using 6 workers of 6 for evacuation
[66.660s][info][gc,heap        ] GC(146) ParNew: 460096K->51072K(460096K)
[66.660s][info][gc,heap        ] GC(146) CMS: 225381K->274378K(7877440K)
[66.660s][info][gc,metaspace   ] GC(146) Metaspace: 84509K(90796K)->84509K(90796K) NonClass: 73502K(76832K)->73502K(76832K) Class: 11007K(13964K)->11007K(13964K)
[66.660s][info][gc             ] GC(146) Pause Young (Allocation Failure) 669M->317M(8142M) 72.754ms
[66.660s][info][gc,cpu         ] GC(146) User=0.30s Sys=0.00s Real=0.06s
[66.849s][info][gc,start       ] GC(147) Pause Young (Allocation Failure)
[66.849s][info][gc,task        ] GC(147) Using 6 workers of 6 for evacuation
[66.927s][info][gc,heap        ] GC(147) ParNew: 460096K->51072K(460096K)
[66.927s][info][gc,heap        ] GC(147) CMS: 274378K->314293K(7877440K)
[66.927s][info][gc,metaspace   ] GC(147) Metaspace: 84509K(90796K)->84509K(90796K) NonClass: 73502K(76832K)->73502K(76832K) Class: 11007K(13964K)->11007K(13964K)
[66.927s][info][gc             ] GC(147) Pause Young (Allocation Failure) 717M->356M(8142M) 77.826ms
[66.927s][info][gc,cpu         ] GC(147) User=0.44s Sys=0.00s Real=0.08s
[67.125s][info][gc,start       ] GC(148) Pause Young (Allocation Failure)
[67.125s][info][gc,task        ] GC(148) Using 6 workers of 6 for evacuation
[67.197s][info][gc,heap        ] GC(148) ParNew: 460096K->35110K(460096K)
[67.197s][info][gc,heap        ] GC(148) CMS: 314293K->347263K(7877440K)
[67.197s][info][gc,metaspace   ] GC(148) Metaspace: 84509K(90796K)->84509K(90796K) NonClass: 73502K(76832K)->73502K(76832K) Class: 11007K(13964K)->11007K(13964K)
[67.197s][info][gc             ] GC(148) Pause Young (Allocation Failure) 756M->373M(8142M) 72.182ms
[67.197s][info][gc,cpu         ] GC(148) User=0.39s Sys=0.00s Real=0.08s
[67.787s][info][gc,start       ] GC(149) Pause Young (Allocation Failure)
[67.787s][info][gc,task        ] GC(149) Using 6 workers of 6 for evacuation
[67.877s][info][gc,heap        ] GC(149) ParNew: 444134K->51072K(460096K)
[67.877s][info][gc,heap        ] GC(149) CMS: 347263K->373136K(7877440K)
[67.877s][info][gc,metaspace   ] GC(149) Metaspace: 84526K(90796K)->84526K(90796K) NonClass: 73519K(76832K)->73519K(76832K) Class: 11007K(13964K)->11007K(13964K)
[67.877s][info][gc             ] GC(149) Pause Young (Allocation Failure) 772M->414M(8142M) 89.324ms
[67.877s][info][gc,cpu         ] GC(149) User=0.48s Sys=0.00s Real=0.09s
[68.003s][info][gc,start       ] GC(150) Pause Young (Allocation Failure)
[68.003s][info][gc,task        ] GC(150) Using 6 workers of 6 for evacuation
[68.113s][info][gc,heap        ] GC(150) ParNew: 460096K->51072K(460096K)
[68.113s][info][gc,heap        ] GC(150) CMS: 373136K->437280K(7877440K)
[68.113s][info][gc,metaspace   ] GC(150) Metaspace: 84526K(90796K)->84526K(90796K) NonClass: 73519K(76832K)->73519K(76832K) Class: 11007K(13964K)->11007K(13964K)
[68.113s][info][gc             ] GC(150) Pause Young (Allocation Failure) 813M->476M(8142M) 109.778ms
[68.113s][info][gc,cpu         ] GC(150) User=0.30s Sys=0.00s Real=0.11s
[68.291s][info][gc,start       ] GC(151) Pause Young (Allocation Failure)
[68.291s][info][gc,task        ] GC(151) Using 6 workers of 6 for evacuation
[68.374s][info][gc,heap        ] GC(151) ParNew: 460096K->51072K(460096K)
[68.374s][info][gc,heap        ] GC(151) CMS: 437280K->496912K(7877440K)
[68.374s][info][gc,metaspace   ] GC(151) Metaspace: 84526K(90796K)->84526K(90796K) NonClass: 73519K(76832K)->73519K(76832K) Class: 11007K(13964K)->11007K(13964K)
[68.374s][info][gc             ] GC(151) Pause Young (Allocation Failure) 876M->535M(8142M) 82.682ms
[68.374s][info][gc,cpu         ] GC(151) User=0.42s Sys=0.02s Real=0.10s
[68.566s][info][gc,start       ] GC(152) Pause Young (Allocation Failure)
[68.566s][info][gc,task        ] GC(152) Using 6 workers of 6 for evacuation
[68.635s][info][gc,heap        ] GC(152) ParNew: 460096K->43464K(460096K)
[68.636s][info][gc,heap        ] GC(152) CMS: 496912K->535421K(7877440K)
[68.636s][info][gc,metaspace   ] GC(152) Metaspace: 84526K(90796K)->84526K(90796K) NonClass: 73519K(76832K)->73519K(76832K) Class: 11007K(13964K)->11007K(13964K)
[68.636s][info][gc             ] GC(152) Pause Young (Allocation Failure) 934M->565M(8142M) 69.422ms
[68.636s][info][gc,cpu         ] GC(152) User=0.38s Sys=0.00s Real=0.06s
[69.080s][info][gc,start       ] GC(153) Pause Young (Allocation Failure)
[69.081s][info][gc,task        ] GC(153) Using 6 workers of 6 for evacuation
[69.177s][info][gc,heap        ] GC(153) ParNew: 452488K->33484K(460096K)
[69.177s][info][gc,heap        ] GC(153) CMS: 535421K->561971K(7877440K)
[69.177s][info][gc,metaspace   ] GC(153) Metaspace: 84527K(90796K)->84527K(90796K) NonClass: 73519K(76832K)->73519K(76832K) Class: 11007K(13964K)->11007K(13964K)
[69.177s][info][gc             ] GC(153) Pause Young (Allocation Failure) 964M->581M(8142M) 96.565ms
[69.177s][info][gc,cpu         ] GC(153) User=0.38s Sys=0.00s Real=0.10s
[69.519s][info][gc,start       ] GC(154) Pause Young (Allocation Failure)
[69.519s][info][gc,task        ] GC(154) Using 6 workers of 6 for evacuation
[69.577s][info][gc,heap        ] GC(154) ParNew: 442508K->43440K(460096K)
[69.577s][info][gc,heap        ] GC(154) CMS: 561971K->589237K(7877440K)
[69.577s][info][gc,metaspace   ] GC(154) Metaspace: 84556K(90796K)->84556K(90796K) NonClass: 73549K(76832K)->73549K(76832K) Class: 11007K(13964K)->11007K(13964K)
[69.577s][info][gc             ] GC(154) Pause Young (Allocation Failure) 980M->617M(8142M) 57.281ms
[69.577s][info][gc,cpu         ] GC(154) User=0.12s Sys=0.00s Real=0.05s
[69.897s][info][gc,start       ] GC(155) Pause Young (Allocation Failure)
[69.897s][info][gc,task        ] GC(155) Using 6 workers of 6 for evacuation
[69.946s][info][gc,heap        ] GC(155) ParNew: 452464K->41925K(460096K)
[69.946s][info][gc,heap        ] GC(155) CMS: 589237K->589344K(7877440K)
[69.946s][info][gc,metaspace   ] GC(155) Metaspace: 84592K(90796K)->84592K(90796K) NonClass: 73584K(76832K)->73584K(76832K) Class: 11007K(13964K)->11007K(13964K)
[69.946s][info][gc             ] GC(155) Pause Young (Allocation Failure) 1017M->616M(8142M) 48.520ms
[69.946s][info][gc,cpu         ] GC(155) User=0.11s Sys=0.00s Real=0.05s
[70.192s][info][gc,start       ] GC(156) Pause Young (Allocation Failure)
[70.192s][info][gc,task        ] GC(156) Using 6 workers of 6 for evacuation
[70.236s][info][gc,heap        ] GC(156) ParNew: 450949K->51072K(460096K)
[70.236s][info][gc,heap        ] GC(156) CMS: 589344K->590492K(7877440K)
[70.236s][info][gc,metaspace   ] GC(156) Metaspace: 84602K(90796K)->84602K(90796K) NonClass: 73594K(76832K)->73594K(76832K) Class: 11007K(13964K)->11007K(13964K)
[70.236s][info][gc             ] GC(156) Pause Young (Allocation Failure) 1015M->626M(8142M) 44.892ms
[70.236s][info][gc,cpu         ] GC(156) User=0.08s Sys=0.00s Real=0.05s
[70.623s][info][gc,start       ] GC(157) Pause Young (Allocation Failure)
[70.623s][info][gc,task        ] GC(157) Using 6 workers of 6 for evacuation
[70.664s][info][gc,heap        ] GC(157) ParNew: 460096K->51072K(460096K)
[70.664s][info][gc,heap        ] GC(157) CMS: 590492K->601003K(7877440K)
[70.664s][info][gc,metaspace   ] GC(157) Metaspace: 84636K(90796K)->84636K(90796K) NonClass: 73628K(76832K)->73628K(76832K) Class: 11007K(13964K)->11007K(13964K)
[70.664s][info][gc             ] GC(157) Pause Young (Allocation Failure) 1025M->636M(8142M) 41.076ms
[70.664s][info][gc,cpu         ] GC(157) User=0.06s Sys=0.00s Real=0.03s
[70.831s][info][gc,start       ] GC(158) Pause Young (Allocation Failure)
[70.832s][info][gc,task        ] GC(158) Using 6 workers of 6 for evacuation
[70.888s][info][gc,heap        ] GC(158) ParNew: 460096K->51072K(460096K)
[70.888s][info][gc,heap        ] GC(158) CMS: 601003K->616893K(7877440K)
[70.888s][info][gc,metaspace   ] GC(158) Metaspace: 84643K(90796K)->84643K(90796K) NonClass: 73635K(76832K)->73635K(76832K) Class: 11007K(13964K)->11007K(13964K)
[70.888s][info][gc             ] GC(158) Pause Young (Allocation Failure) 1036M->652M(8142M) 56.601ms
[70.888s][info][gc,cpu         ] GC(158) User=0.20s Sys=0.00s Real=0.06s
[71.032s][info][gc,start       ] GC(159) Pause Young (Allocation Failure)
[71.032s][info][gc,task        ] GC(159) Using 6 workers of 6 for evacuation
[71.202s][info][gc,heap        ] GC(159) ParNew: 460096K->51072K(460096K)
[71.202s][info][gc,heap        ] GC(159) CMS: 616893K->681558K(7877440K)
[71.202s][info][gc,metaspace   ] GC(159) Metaspace: 84643K(90796K)->84643K(90796K) NonClass: 73635K(76832K)->73635K(76832K) Class: 11007K(13964K)->11007K(13964K)
[71.202s][info][gc             ] GC(159) Pause Young (Allocation Failure) 1051M->715M(8142M) 170.500ms
[71.202s][info][gc,cpu         ] GC(159) User=0.88s Sys=0.00s Real=0.17s
[71.213s][info][gc,start       ] GC(160) Pause Full (System.gc())
[71.217s][info][gc,phases,start] GC(160) Phase 1: Mark live objects
[71.336s][info][gc,phases      ] GC(160) Phase 1: Mark live objects 119.706ms
[71.336s][info][gc,phases,start] GC(160) Phase 2: Compute new object addresses
[71.510s][info][gc,phases      ] GC(160) Phase 2: Compute new object addresses 173.242ms
[71.510s][info][gc,phases,start] GC(160) Phase 3: Adjust pointers
[71.588s][info][gc,phases      ] GC(160) Phase 3: Adjust pointers 78.419ms
[71.588s][info][gc,phases,start] GC(160) Phase 4: Move objects
[71.621s][info][gc,phases      ] GC(160) Phase 4: Move objects 33.230ms
[71.627s][info][gc,heap        ] GC(160) ParNew: 76256K->0K(460096K)
[71.627s][info][gc,heap        ] GC(160) CMS: 681558K->166097K(7877440K)
[71.627s][info][gc,metaspace   ] GC(160) Metaspace: 84643K(90796K)->84643K(90796K) NonClass: 73635K(76832K)->73635K(76832K) Class: 11007K(13964K)->11007K(13964K)
[71.628s][info][gc             ] GC(160) Pause Full (System.gc()) 740M->162M(8142M) 414.665ms
[71.628s][info][gc,cpu         ] GC(160) User=0.39s Sys=0.00s Real=0.43s
[71.780s][info][gc,start       ] GC(161) Pause Young (Allocation Failure)
[71.780s][info][gc,task        ] GC(161) Using 6 workers of 6 for evacuation
[71.874s][info][gc,heap        ] GC(161) ParNew: 409024K->51072K(460096K)
[71.874s][info][gc,heap        ] GC(161) CMS: 166097K->226018K(7877440K)
[71.874s][info][gc,metaspace   ] GC(161) Metaspace: 84651K(90796K)->84651K(90796K) NonClass: 73643K(76832K)->73643K(76832K) Class: 11007K(13964K)->11007K(13964K)
[71.874s][info][gc             ] GC(161) Pause Young (Allocation Failure) 561M->270M(8142M) 94.001ms
[71.874s][info][gc,cpu         ] GC(161) User=0.16s Sys=0.00s Real=0.09s
[72.048s][info][gc,start       ] GC(162) Pause Young (Allocation Failure)
[72.048s][info][gc,task        ] GC(162) Using 6 workers of 6 for evacuation
[72.132s][info][gc,heap        ] GC(162) ParNew: 460096K->51072K(460096K)
[72.132s][info][gc,heap        ] GC(162) CMS: 226018K->281450K(7877440K)
[72.132s][info][gc,metaspace   ] GC(162) Metaspace: 84651K(90796K)->84651K(90796K) NonClass: 73643K(76832K)->73643K(76832K) Class: 11007K(13964K)->11007K(13964K)
[72.132s][info][gc             ] GC(162) Pause Young (Allocation Failure) 670M->324M(8142M) 84.196ms
[72.132s][info][gc,cpu         ] GC(162) User=0.34s Sys=0.00s Real=0.09s
[72.319s][info][gc,start       ] GC(163) Pause Young (Allocation Failure)
[72.319s][info][gc,task        ] GC(163) Using 6 workers of 6 for evacuation
[72.397s][info][gc,heap        ] GC(163) ParNew: 460096K->51072K(460096K)
[72.397s][info][gc,heap        ] GC(163) CMS: 281450K->317960K(7877440K)
[72.397s][info][gc,metaspace   ] GC(163) Metaspace: 84651K(90796K)->84651K(90796K) NonClass: 73643K(76832K)->73643K(76832K) Class: 11007K(13964K)->11007K(13964K)
[72.397s][info][gc             ] GC(163) Pause Young (Allocation Failure) 724M->360M(8142M) 78.141ms
[72.397s][info][gc,cpu         ] GC(163) User=0.30s Sys=0.00s Real=0.08s
[72.592s][info][gc,start       ] GC(164) Pause Young (Allocation Failure)
[72.592s][info][gc,task        ] GC(164) Using 6 workers of 6 for evacuation
[72.663s][info][gc,heap        ] GC(164) ParNew: 460096K->36938K(460096K)
[72.663s][info][gc,heap        ] GC(164) CMS: 317960K->353695K(7877440K)
[72.663s][info][gc,metaspace   ] GC(164) Metaspace: 84651K(90796K)->84651K(90796K) NonClass: 73643K(76832K)->73643K(76832K) Class: 11007K(13964K)->11007K(13964K)
[72.663s][info][gc             ] GC(164) Pause Young (Allocation Failure) 759M->381M(8142M) 71.169ms
[72.663s][info][gc,cpu         ] GC(164) User=0.39s Sys=0.00s Real=0.08s
[73.258s][info][gc,start       ] GC(165) Pause Young (Allocation Failure)
[73.258s][info][gc,task        ] GC(165) Using 6 workers of 6 for evacuation
[73.349s][info][gc,heap        ] GC(165) ParNew: 445962K->51072K(460096K)
[73.349s][info][gc,heap        ] GC(165) CMS: 353695K->379689K(7877440K)
[73.349s][info][gc,metaspace   ] GC(165) Metaspace: 84720K(91052K)->84720K(91052K) NonClass: 73712K(77088K)->73712K(77088K) Class: 11007K(13964K)->11007K(13964K)
[73.349s][info][gc             ] GC(165) Pause Young (Allocation Failure) 780M->420M(8142M) 90.879ms
[73.349s][info][gc,cpu         ] GC(165) User=0.47s Sys=0.00s Real=0.08s
[73.474s][info][gc,start       ] GC(166) Pause Young (Allocation Failure)
[73.474s][info][gc,task        ] GC(166) Using 6 workers of 6 for evacuation
[73.581s][info][gc,heap        ] GC(166) ParNew: 460096K->51072K(460096K)
[73.581s][info][gc,heap        ] GC(166) CMS: 379689K->443981K(7877440K)
[73.581s][info][gc,metaspace   ] GC(166) Metaspace: 84720K(91052K)->84720K(91052K) NonClass: 73712K(77088K)->73712K(77088K) Class: 11007K(13964K)->11007K(13964K)
[73.581s][info][gc             ] GC(166) Pause Young (Allocation Failure) 820M->483M(8142M) 106.557ms
[73.581s][info][gc,cpu         ] GC(166) User=0.41s Sys=0.02s Real=0.11s
[73.760s][info][gc,start       ] GC(167) Pause Young (Allocation Failure)
[73.760s][info][gc,task        ] GC(167) Using 6 workers of 6 for evacuation
[73.842s][info][gc,heap        ] GC(167) ParNew: 460096K->51072K(460096K)
[73.842s][info][gc,heap        ] GC(167) CMS: 443981K->500704K(7877440K)
[73.842s][info][gc,metaspace   ] GC(167) Metaspace: 84720K(91052K)->84720K(91052K) NonClass: 73712K(77088K)->73712K(77088K) Class: 11007K(13964K)->11007K(13964K)
[73.842s][info][gc             ] GC(167) Pause Young (Allocation Failure) 882M->538M(8142M) 82.170ms
[73.842s][info][gc,cpu         ] GC(167) User=0.34s Sys=0.02s Real=0.08s
[74.025s][info][gc,start       ] GC(168) Pause Young (Allocation Failure)
[74.025s][info][gc,task        ] GC(168) Using 6 workers of 6 for evacuation
[74.099s][info][gc,heap        ] GC(168) ParNew: 460096K->47102K(460096K)
[74.099s][info][gc,heap        ] GC(168) CMS: 500704K->541542K(7877440K)
[74.099s][info][gc,metaspace   ] GC(168) Metaspace: 84720K(91052K)->84720K(91052K) NonClass: 73712K(77088K)->73712K(77088K) Class: 11007K(13964K)->11007K(13964K)
[74.099s][info][gc             ] GC(168) Pause Young (Allocation Failure) 938M->574M(8142M) 73.175ms
[74.099s][info][gc,cpu         ] GC(168) User=0.30s Sys=0.00s Real=0.06s
[74.547s][info][gc,start       ] GC(169) Pause Young (Allocation Failure)
[74.547s][info][gc,task        ] GC(169) Using 6 workers of 6 for evacuation
[74.621s][info][gc,heap        ] GC(169) ParNew: 456126K->34290K(460096K)
[74.621s][info][gc,heap        ] GC(169) CMS: 541542K->567967K(7877440K)
[74.621s][info][gc,metaspace   ] GC(169) Metaspace: 84720K(91052K)->84720K(91052K) NonClass: 73712K(77088K)->73712K(77088K) Class: 11007K(13964K)->11007K(13964K)
[74.621s][info][gc             ] GC(169) Pause Young (Allocation Failure) 974M->588M(8142M) 74.414ms
[74.621s][info][gc,cpu         ] GC(169) User=0.38s Sys=0.00s Real=0.06s
[74.962s][info][gc,start       ] GC(170) Pause Young (Allocation Failure)
[74.962s][info][gc,task        ] GC(170) Using 6 workers of 6 for evacuation
[75.023s][info][gc,heap        ] GC(170) ParNew: 443314K->46238K(460096K)
[75.023s][info][gc,heap        ] GC(170) CMS: 567967K->595125K(7877440K)
[75.023s][info][gc,metaspace   ] GC(170) Metaspace: 84736K(91052K)->84736K(91052K) NonClass: 73728K(77088K)->73728K(77088K) Class: 11007K(13964K)->11007K(13964K)
[75.024s][info][gc             ] GC(170) Pause Young (Allocation Failure) 987M->626M(8142M) 61.869ms
[75.024s][info][gc,cpu         ] GC(170) User=0.19s Sys=0.00s Real=0.06s
[75.346s][info][gc,start       ] GC(171) Pause Young (Allocation Failure)
[75.346s][info][gc,task        ] GC(171) Using 6 workers of 6 for evacuation
[75.394s][info][gc,heap        ] GC(171) ParNew: 455262K->51072K(460096K)
[75.394s][info][gc,heap        ] GC(171) CMS: 595125K->595232K(7877440K)
[75.394s][info][gc,metaspace   ] GC(171) Metaspace: 84747K(91052K)->84747K(91052K) NonClass: 73739K(77088K)->73739K(77088K) Class: 11007K(13964K)->11007K(13964K)
[75.395s][info][gc             ] GC(171) Pause Young (Allocation Failure) 1025M->631M(8142M) 48.342ms
[75.395s][info][gc,cpu         ] GC(171) User=0.08s Sys=0.00s Real=0.05s
[75.632s][info][gc,start       ] GC(172) Pause Young (Allocation Failure)
[75.632s][info][gc,task        ] GC(172) Using 6 workers of 6 for evacuation
[75.680s][info][gc,heap        ] GC(172) ParNew: 460096K->51072K(460096K)
[75.680s][info][gc,heap        ] GC(172) CMS: 595232K->597934K(7877440K)
[75.680s][info][gc,metaspace   ] GC(172) Metaspace: 84761K(91052K)->84761K(91052K) NonClass: 73753K(77088K)->73753K(77088K) Class: 11007K(13964K)->11007K(13964K)
[75.680s][info][gc             ] GC(172) Pause Young (Allocation Failure) 1030M->633M(8142M) 48.158ms
[75.680s][info][gc,cpu         ] GC(172) User=0.12s Sys=0.00s Real=0.05s
[76.052s][info][gc,start       ] GC(173) Pause Young (Allocation Failure)
[76.052s][info][gc,task        ] GC(173) Using 6 workers of 6 for evacuation
[76.099s][info][gc,heap        ] GC(173) ParNew: 460096K->51072K(460096K)
[76.099s][info][gc,heap        ] GC(173) CMS: 597934K->613771K(7877440K)
[76.099s][info][gc,metaspace   ] GC(173) Metaspace: 84786K(91052K)->84786K(91052K) NonClass: 73778K(77088K)->73778K(77088K) Class: 11007K(13964K)->11007K(13964K)
[76.099s][info][gc             ] GC(173) Pause Young (Allocation Failure) 1033M->649M(8142M) 46.858ms
[76.099s][info][gc,cpu         ] GC(173) User=0.11s Sys=0.00s Real=0.05s
[76.321s][info][gc,start       ] GC(174) Pause Young (Allocation Failure)
[76.321s][info][gc,task        ] GC(174) Using 6 workers of 6 for evacuation
[76.377s][info][gc,heap        ] GC(174) ParNew: 460096K->51072K(460096K)
[76.377s][info][gc,heap        ] GC(174) CMS: 613771K->632947K(7877440K)
[76.377s][info][gc,metaspace   ] GC(174) Metaspace: 84835K(91052K)->84835K(91052K) NonClass: 73827K(77088K)->73827K(77088K) Class: 11007K(13964K)->11007K(13964K)
[76.377s][info][gc             ] GC(174) Pause Young (Allocation Failure) 1048M->667M(8142M) 56.282ms
[76.377s][info][gc,cpu         ] GC(174) User=0.27s Sys=0.00s Real=0.05s
[76.521s][info][gc,start       ] GC(175) Pause Young (Allocation Failure)
[76.521s][info][gc,task        ] GC(175) Using 6 workers of 6 for evacuation
[76.748s][info][gc,heap        ] GC(175) ParNew: 460096K->51072K(460096K)
[76.748s][info][gc,heap        ] GC(175) CMS: 632947K->690735K(7877440K)
[76.748s][info][gc,metaspace   ] GC(175) Metaspace: 84835K(91052K)->84835K(91052K) NonClass: 73827K(77088K)->73827K(77088K) Class: 11007K(13964K)->11007K(13964K)
[76.748s][info][gc             ] GC(175) Pause Young (Allocation Failure) 1067M->724M(8142M) 226.998ms
[76.748s][info][gc,cpu         ] GC(175) User=1.38s Sys=0.02s Real=0.24s
[76.752s][info][gc,start       ] GC(176) Pause Full (System.gc())
[76.756s][info][gc,phases,start] GC(176) Phase 1: Mark live objects
[76.875s][info][gc,phases      ] GC(176) Phase 1: Mark live objects 119.392ms
[76.875s][info][gc,phases,start] GC(176) Phase 2: Compute new object addresses
[77.049s][info][gc,phases      ] GC(176) Phase 2: Compute new object addresses 173.769ms
[77.049s][info][gc,phases,start] GC(176) Phase 3: Adjust pointers
[77.124s][info][gc,phases      ] GC(176) Phase 3: Adjust pointers 75.044ms
[77.124s][info][gc,phases,start] GC(176) Phase 4: Move objects
[77.125s][info][gc,phases      ] GC(176) Phase 4: Move objects 0.741ms
[77.131s][info][gc,heap        ] GC(176) ParNew: 59982K->0K(460096K)
[77.131s][info][gc,heap        ] GC(176) CMS: 690735K->166208K(7877440K)
[77.131s][info][gc,metaspace   ] GC(176) Metaspace: 84835K(91052K)->84835K(91052K) NonClass: 73828K(77088K)->73828K(77088K) Class: 11007K(13964K)->11007K(13964K)
[77.131s][info][gc             ] GC(176) Pause Full (System.gc()) 733M->162M(8142M) 379.128ms
[77.131s][info][gc,cpu         ] GC(176) User=0.38s Sys=0.00s Real=0.38s
[77.288s][info][gc,start       ] GC(177) Pause Young (Allocation Failure)
[77.288s][info][gc,task        ] GC(177) Using 6 workers of 6 for evacuation
[77.383s][info][gc,heap        ] GC(177) ParNew: 409024K->51072K(460096K)
[77.383s][info][gc,heap        ] GC(177) CMS: 166208K->225378K(7877440K)
[77.383s][info][gc,metaspace   ] GC(177) Metaspace: 84841K(91052K)->84841K(91052K) NonClass: 73833K(77088K)->73833K(77088K) Class: 11007K(13964K)->11007K(13964K)
[77.383s][info][gc             ] GC(177) Pause Young (Allocation Failure) 561M->269M(8142M) 95.528ms
[77.383s][info][gc,cpu         ] GC(177) User=0.17s Sys=0.00s Real=0.09s
[77.559s][info][gc,start       ] GC(178) Pause Young (Allocation Failure)
[77.559s][info][gc,task        ] GC(178) Using 6 workers of 6 for evacuation
[77.636s][info][gc,heap        ] GC(178) ParNew: 460096K->51072K(460096K)
[77.637s][info][gc,heap        ] GC(178) CMS: 225378K->277034K(7877440K)
[77.637s][info][gc,metaspace   ] GC(178) Metaspace: 84841K(91052K)->84841K(91052K) NonClass: 73833K(77088K)->73833K(77088K) Class: 11007K(13964K)->11007K(13964K)
[77.637s][info][gc             ] GC(178) Pause Young (Allocation Failure) 669M->320M(8142M) 77.427ms
[77.637s][info][gc,cpu         ] GC(178) User=0.38s Sys=0.00s Real=0.08s
[77.822s][info][gc,start       ] GC(179) Pause Young (Allocation Failure)
[77.822s][info][gc,task        ] GC(179) Using 6 workers of 6 for evacuation
[77.898s][info][gc,heap        ] GC(179) ParNew: 460096K->51072K(460096K)
[77.898s][info][gc,heap        ] GC(179) CMS: 277034K->312760K(7877440K)
[77.898s][info][gc,metaspace   ] GC(179) Metaspace: 84841K(91052K)->84841K(91052K) NonClass: 73833K(77088K)->73833K(77088K) Class: 11007K(13964K)->11007K(13964K)
[77.898s][info][gc             ] GC(179) Pause Young (Allocation Failure) 719M->355M(8142M) 76.222ms
[77.898s][info][gc,cpu         ] GC(179) User=0.28s Sys=0.00s Real=0.08s
[78.096s][info][gc,start       ] GC(180) Pause Young (Allocation Failure)
[78.096s][info][gc,task        ] GC(180) Using 6 workers of 6 for evacuation
[78.168s][info][gc,heap        ] GC(180) ParNew: 460096K->34314K(460096K)
[78.168s][info][gc,heap        ] GC(180) CMS: 312760K->349134K(7877440K)
[78.168s][info][gc,metaspace   ] GC(180) Metaspace: 84841K(91052K)->84841K(91052K) NonClass: 73833K(77088K)->73833K(77088K) Class: 11007K(13964K)->11007K(13964K)
[78.168s][info][gc             ] GC(180) Pause Young (Allocation Failure) 754M->374M(8142M) 72.024ms
[78.168s][info][gc,cpu         ] GC(180) User=0.38s Sys=0.00s Real=0.06s
[78.769s][info][gc,start       ] GC(181) Pause Young (Allocation Failure)
[78.769s][info][gc,task        ] GC(181) Using 6 workers of 6 for evacuation
[78.860s][info][gc,heap        ] GC(181) ParNew: 443338K->51072K(460096K)
[78.860s][info][gc,heap        ] GC(181) CMS: 349134K->374937K(7877440K)
[78.860s][info][gc,metaspace   ] GC(181) Metaspace: 84873K(91052K)->84873K(91052K) NonClass: 73864K(77088K)->73864K(77088K) Class: 11008K(13964K)->11008K(13964K)
[78.860s][info][gc             ] GC(181) Pause Young (Allocation Failure) 773M->416M(8142M) 91.275ms
[78.860s][info][gc,cpu         ] GC(181) User=0.47s Sys=0.00s Real=0.08s
[78.987s][info][gc,start       ] GC(182) Pause Young (Allocation Failure)
[78.987s][info][gc,task        ] GC(182) Using 6 workers of 6 for evacuation
[79.096s][info][gc,heap        ] GC(182) ParNew: 460096K->51072K(460096K)
[79.096s][info][gc,heap        ] GC(182) CMS: 374937K->439330K(7877440K)
[79.096s][info][gc,metaspace   ] GC(182) Metaspace: 84878K(91052K)->84878K(91052K) NonClass: 73870K(77088K)->73870K(77088K) Class: 11008K(13964K)->11008K(13964K)
[79.096s][info][gc             ] GC(182) Pause Young (Allocation Failure) 815M->478M(8142M) 108.552ms
[79.096s][info][gc,cpu         ] GC(182) User=0.23s Sys=0.00s Real=0.09s
[79.282s][info][gc,start       ] GC(183) Pause Young (Allocation Failure)
[79.282s][info][gc,task        ] GC(183) Using 6 workers of 6 for evacuation
[79.369s][info][gc,heap        ] GC(183) ParNew: 460096K->51072K(460096K)
[79.369s][info][gc,heap        ] GC(183) CMS: 439330K->498110K(7877440K)
[79.369s][info][gc,metaspace   ] GC(183) Metaspace: 84878K(91052K)->84878K(91052K) NonClass: 73870K(77088K)->73870K(77088K) Class: 11008K(13964K)->11008K(13964K)
[79.369s][info][gc             ] GC(183) Pause Young (Allocation Failure) 878M->536M(8142M) 87.197ms
[79.369s][info][gc,cpu         ] GC(183) User=0.41s Sys=0.00s Real=0.09s
[79.558s][info][gc,start       ] GC(184) Pause Young (Allocation Failure)
[79.558s][info][gc,task        ] GC(184) Using 6 workers of 6 for evacuation
[79.632s][info][gc,heap        ] GC(184) ParNew: 460096K->40940K(460096K)
[79.632s][info][gc,heap        ] GC(184) CMS: 498110K->536759K(7877440K)
[79.632s][info][gc,metaspace   ] GC(184) Metaspace: 84878K(91052K)->84878K(91052K) NonClass: 73870K(77088K)->73870K(77088K) Class: 11008K(13964K)->11008K(13964K)
[79.632s][info][gc             ] GC(184) Pause Young (Allocation Failure) 935M->564M(8142M) 74.125ms
[79.632s][info][gc,cpu         ] GC(184) User=0.39s Sys=0.00s Real=0.08s
[80.085s][info][gc,start       ] GC(185) Pause Young (Allocation Failure)
[80.085s][info][gc,task        ] GC(185) Using 6 workers of 6 for evacuation
[80.162s][info][gc,heap        ] GC(185) ParNew: 449964K->32783K(460096K)
[80.162s][info][gc,heap        ] GC(185) CMS: 536759K->563257K(7877440K)
[80.162s][info][gc,metaspace   ] GC(185) Metaspace: 84880K(91052K)->84880K(91052K) NonClass: 73872K(77088K)->73872K(77088K) Class: 11008K(13964K)->11008K(13964K)
[80.163s][info][gc             ] GC(185) Pause Young (Allocation Failure) 963M->582M(8142M) 77.653ms
[80.163s][info][gc,cpu         ] GC(185) User=0.41s Sys=0.00s Real=0.07s
[80.525s][info][gc,start       ] GC(186) Pause Young (Allocation Failure)
[80.525s][info][gc,task        ] GC(186) Using 6 workers of 6 for evacuation
[80.583s][info][gc,heap        ] GC(186) ParNew: 441807K->51072K(460096K)
[80.583s][info][gc,heap        ] GC(186) CMS: 563257K->570120K(7877440K)
[80.583s][info][gc,metaspace   ] GC(186) Metaspace: 84928K(91052K)->84928K(91052K) NonClass: 73920K(77088K)->73920K(77088K) Class: 11008K(13964K)->11008K(13964K)
[80.583s][info][gc             ] GC(186) Pause Young (Allocation Failure) 981M->606M(8142M) 57.789ms
[80.583s][info][gc,cpu         ] GC(186) User=0.38s Sys=0.00s Real=0.06s
[80.901s][info][gc,start       ] GC(187) Pause Young (Allocation Failure)
[80.901s][info][gc,task        ] GC(187) Using 6 workers of 6 for evacuation
[80.972s][info][gc,heap        ] GC(187) ParNew: 460096K->51072K(460096K)
[80.972s][info][gc,heap        ] GC(187) CMS: 570120K->597297K(7877440K)
[80.972s][info][gc,metaspace   ] GC(187) Metaspace: 84940K(91052K)->84940K(91052K) NonClass: 73931K(77088K)->73931K(77088K) Class: 11008K(13964K)->11008K(13964K)
[80.972s][info][gc             ] GC(187) Pause Young (Allocation Failure) 1006M->633M(8142M) 71.225ms
[80.972s][info][gc,cpu         ] GC(187) User=0.23s Sys=0.00s Real=0.08s
[81.210s][info][gc,start       ] GC(188) Pause Young (Allocation Failure)
[81.210s][info][gc,task        ] GC(188) Using 6 workers of 6 for evacuation
[81.258s][info][gc,heap        ] GC(188) ParNew: 460096K->51072K(460096K)
[81.258s][info][gc,heap        ] GC(188) CMS: 597297K->601292K(7877440K)
[81.258s][info][gc,metaspace   ] GC(188) Metaspace: 84968K(91052K)->84968K(91052K) NonClass: 73958K(77088K)->73958K(77088K) Class: 11009K(13964K)->11009K(13964K)
[81.258s][info][gc             ] GC(188) Pause Young (Allocation Failure) 1032M->637M(8142M) 48.370ms
[81.258s][info][gc,cpu         ] GC(188) User=0.19s Sys=0.00s Real=0.05s
[81.639s][info][gc,start       ] GC(189) Pause Young (Allocation Failure)
[81.639s][info][gc,task        ] GC(189) Using 6 workers of 6 for evacuation
[81.670s][info][gc,heap        ] GC(189) ParNew: 460096K->51072K(460096K)
[81.670s][info][gc,heap        ] GC(189) CMS: 601292K->616595K(7877440K)
[81.670s][info][gc,metaspace   ] GC(189) Metaspace: 84976K(91052K)->84976K(91052K) NonClass: 73966K(77088K)->73966K(77088K) Class: 11009K(13964K)->11009K(13964K)
[81.670s][info][gc             ] GC(189) Pause Young (Allocation Failure) 1036M->652M(8142M) 31.207ms
[81.670s][info][gc,cpu         ] GC(189) User=0.09s Sys=0.00s Real=0.03s
[81.817s][info][gc,start       ] GC(190) Pause Young (Allocation Failure)
[81.818s][info][gc,task        ] GC(190) Using 6 workers of 6 for evacuation
[81.877s][info][gc,heap        ] GC(190) ParNew: 460096K->51072K(460096K)
[81.877s][info][gc,heap        ] GC(190) CMS: 616595K->635281K(7877440K)
[81.877s][info][gc,metaspace   ] GC(190) Metaspace: 84976K(91052K)->84976K(91052K) NonClass: 73967K(77088K)->73967K(77088K) Class: 11009K(13964K)->11009K(13964K)
[81.877s][info][gc             ] GC(190) Pause Young (Allocation Failure) 1051M->670M(8142M) 59.389ms
[81.877s][info][gc,cpu         ] GC(190) User=0.25s Sys=0.00s Real=0.06s
[82.020s][info][gc,start       ] GC(191) Pause Young (Allocation Failure)
[82.020s][info][gc,task        ] GC(191) Using 6 workers of 6 for evacuation
[82.231s][info][gc,heap        ] GC(191) ParNew: 460096K->51072K(460096K)
[82.231s][info][gc,heap        ] GC(191) CMS: 635281K->693408K(7877440K)
[82.231s][info][gc,metaspace   ] GC(191) Metaspace: 84976K(91052K)->84976K(91052K) NonClass: 73967K(77088K)->73967K(77088K) Class: 11009K(13964K)->11009K(13964K)
[82.231s][info][gc             ] GC(191) Pause Young (Allocation Failure) 1069M->727M(8142M) 211.243ms
[82.231s][info][gc,cpu         ] GC(191) User=1.05s Sys=0.00s Real=0.20s
[82.239s][info][gc,start       ] GC(192) Pause Full (System.gc())
[82.241s][info][gc,phases,start] GC(192) Phase 1: Mark live objects
[82.375s][info][gc,phases      ] GC(192) Phase 1: Mark live objects 134.827ms
[82.375s][info][gc,phases,start] GC(192) Phase 2: Compute new object addresses
[82.548s][info][gc,phases      ] GC(192) Phase 2: Compute new object addresses 172.536ms
[82.548s][info][gc,phases,start] GC(192) Phase 3: Adjust pointers
[82.626s][info][gc,phases      ] GC(192) Phase 3: Adjust pointers 78.397ms
[82.626s][info][gc,phases,start] GC(192) Phase 4: Move objects
[82.656s][info][gc,phases      ] GC(192) Phase 4: Move objects 29.770ms
[82.662s][info][gc,heap        ] GC(192) ParNew: 59611K->0K(460096K)
[82.662s][info][gc,heap        ] GC(192) CMS: 693408K->166271K(7877440K)
[82.662s][info][gc,metaspace   ] GC(192) Metaspace: 84976K(91052K)->84976K(91052K) NonClass: 73967K(77088K)->73967K(77088K) Class: 11009K(13964K)->11009K(13964K)
[82.663s][info][gc             ] GC(192) Pause Full (System.gc()) 735M->162M(8142M) 424.390ms
[82.663s][info][gc,cpu         ] GC(192) User=0.38s Sys=0.00s Real=0.42s
[82.815s][info][gc,start       ] GC(193) Pause Young (Allocation Failure)
[82.815s][info][gc,task        ] GC(193) Using 6 workers of 6 for evacuation
[82.907s][info][gc,heap        ] GC(193) ParNew: 409024K->51072K(460096K)
[82.907s][info][gc,heap        ] GC(193) CMS: 166271K->225576K(7877440K)
[82.907s][info][gc,metaspace   ] GC(193) Metaspace: 85008K(91052K)->85008K(91052K) NonClass: 73999K(77088K)->73999K(77088K) Class: 11008K(13964K)->11008K(13964K)
[82.907s][info][gc             ] GC(193) Pause Young (Allocation Failure) 561M->270M(8142M) 92.180ms
[82.907s][info][gc,cpu         ] GC(193) User=0.20s Sys=0.00s Real=0.09s
[83.083s][info][gc,start       ] GC(194) Pause Young (Allocation Failure)
[83.083s][info][gc,task        ] GC(194) Using 6 workers of 6 for evacuation
[83.162s][info][gc,heap        ] GC(194) ParNew: 460096K->51072K(460096K)
[83.162s][info][gc,heap        ] GC(194) CMS: 225576K->276752K(7877440K)
[83.162s][info][gc,metaspace   ] GC(194) Metaspace: 85008K(91052K)->85008K(91052K) NonClass: 73999K(77088K)->73999K(77088K) Class: 11008K(13964K)->11008K(13964K)
[83.162s][info][gc             ] GC(194) Pause Young (Allocation Failure) 669M->320M(8142M) 79.088ms
[83.163s][info][gc,cpu         ] GC(194) User=0.45s Sys=0.00s Real=0.08s
[83.348s][info][gc,start       ] GC(195) Pause Young (Allocation Failure)
[83.348s][info][gc,task        ] GC(195) Using 6 workers of 6 for evacuation
[83.424s][info][gc,heap        ] GC(195) ParNew: 460096K->51072K(460096K)
[83.424s][info][gc,heap        ] GC(195) CMS: 276752K->312148K(7877440K)
[83.424s][info][gc,metaspace   ] GC(195) Metaspace: 85008K(91052K)->85008K(91052K) NonClass: 73999K(77088K)->73999K(77088K) Class: 11008K(13964K)->11008K(13964K)
[83.424s][info][gc             ] GC(195) Pause Young (Allocation Failure) 719M->354M(8142M) 75.442ms
[83.424s][info][gc,cpu         ] GC(195) User=0.39s Sys=0.00s Real=0.07s
[83.619s][info][gc,start       ] GC(196) Pause Young (Allocation Failure)
[83.619s][info][gc,task        ] GC(196) Using 6 workers of 6 for evacuation
[83.691s][info][gc,heap        ] GC(196) ParNew: 460096K->38024K(460096K)
[83.691s][info][gc,heap        ] GC(196) CMS: 312148K->348534K(7877440K)
[83.691s][info][gc,metaspace   ] GC(196) Metaspace: 85008K(91052K)->85008K(91052K) NonClass: 73999K(77088K)->73999K(77088K) Class: 11008K(13964K)->11008K(13964K)
[83.691s][info][gc             ] GC(196) Pause Young (Allocation Failure) 754M->377M(8142M) 71.685ms
[83.691s][info][gc,cpu         ] GC(196) User=0.36s Sys=0.00s Real=0.06s
[84.273s][info][gc,start       ] GC(197) Pause Young (Allocation Failure)
[84.273s][info][gc,task        ] GC(197) Using 6 workers of 6 for evacuation
[84.364s][info][gc,heap        ] GC(197) ParNew: 447048K->51072K(460096K)
[84.364s][info][gc,heap        ] GC(197) CMS: 348534K->374452K(7877440K)
[84.364s][info][gc,metaspace   ] GC(197) Metaspace: 85027K(91052K)->85027K(91052K) NonClass: 74018K(77088K)->74018K(77088K) Class: 11008K(13964K)->11008K(13964K)
[84.365s][info][gc             ] GC(197) Pause Young (Allocation Failure) 776M->415M(8142M) 91.206ms
[84.365s][info][gc,cpu         ] GC(197) User=0.52s Sys=0.00s Real=0.09s
[84.492s][info][gc,start       ] GC(198) Pause Young (Allocation Failure)
[84.492s][info][gc,task        ] GC(198) Using 6 workers of 6 for evacuation
[84.603s][info][gc,heap        ] GC(198) ParNew: 460096K->51072K(460096K)
[84.603s][info][gc,heap        ] GC(198) CMS: 374452K->439207K(7877440K)
[84.603s][info][gc,metaspace   ] GC(198) Metaspace: 85027K(91052K)->85027K(91052K) NonClass: 74018K(77088K)->74018K(77088K) Class: 11008K(13964K)->11008K(13964K)
[84.603s][info][gc             ] GC(198) Pause Young (Allocation Failure) 814M->478M(8142M) 110.472ms
[84.603s][info][gc,cpu         ] GC(198) User=0.34s Sys=0.00s Real=0.11s
[84.784s][info][gc,start       ] GC(199) Pause Young (Allocation Failure)
[84.784s][info][gc,task        ] GC(199) Using 6 workers of 6 for evacuation
[84.867s][info][gc,heap        ] GC(199) ParNew: 460096K->51072K(460096K)
[84.867s][info][gc,heap        ] GC(199) CMS: 439207K->495112K(7877440K)
[84.867s][info][gc,metaspace   ] GC(199) Metaspace: 85027K(91052K)->85027K(91052K) NonClass: 74018K(77088K)->74018K(77088K) Class: 11008K(13964K)->11008K(13964K)
[84.867s][info][gc             ] GC(199) Pause Young (Allocation Failure) 878M->533M(8142M) 83.180ms
[84.868s][info][gc,cpu         ] GC(199) User=0.44s Sys=0.00s Real=0.08s
[85.054s][info][gc,start       ] GC(200) Pause Young (Allocation Failure)
[85.054s][info][gc,task        ] GC(200) Using 6 workers of 6 for evacuation
[85.132s][info][gc,heap        ] GC(200) ParNew: 460096K->46954K(460096K)
[85.132s][info][gc,heap        ] GC(200) CMS: 495112K->535501K(7877440K)
[85.132s][info][gc,metaspace   ] GC(200) Metaspace: 85027K(91052K)->85027K(91052K) NonClass: 74018K(77088K)->74018K(77088K) Class: 11008K(13964K)->11008K(13964K)
[85.132s][info][gc             ] GC(200) Pause Young (Allocation Failure) 932M->568M(8142M) 77.850ms
[85.132s][info][gc,cpu         ] GC(200) User=0.30s Sys=0.00s Real=0.07s
[85.581s][info][gc,start       ] GC(201) Pause Young (Allocation Failure)
[85.581s][info][gc,task        ] GC(201) Using 6 workers of 6 for evacuation
[85.657s][info][gc,heap        ] GC(201) ParNew: 455978K->34278K(460096K)
[85.657s][info][gc,heap        ] GC(201) CMS: 535501K->562001K(7877440K)
[85.657s][info][gc,metaspace   ] GC(201) Metaspace: 85027K(91052K)->85027K(91052K) NonClass: 74018K(77088K)->74018K(77088K) Class: 11008K(13964K)->11008K(13964K)
[85.657s][info][gc             ] GC(201) Pause Young (Allocation Failure) 968M->582M(8142M) 76.292ms
[85.658s][info][gc,cpu         ] GC(201) User=0.41s Sys=0.00s Real=0.07s
[86.003s][info][gc,start       ] GC(202) Pause Young (Allocation Failure)
[86.003s][info][gc,task        ] GC(202) Using 6 workers of 6 for evacuation
[86.061s][info][gc,heap        ] GC(202) ParNew: 443302K->51072K(460096K)
[86.061s][info][gc,heap        ] GC(202) CMS: 562001K->568475K(7877440K)
[86.061s][info][gc,metaspace   ] GC(202) Metaspace: 85054K(91308K)->85054K(91308K) NonClass: 74045K(77344K)->74045K(77344K) Class: 11008K(13964K)->11008K(13964K)
[86.061s][info][gc             ] GC(202) Pause Young (Allocation Failure) 981M->605M(8142M) 57.700ms
[86.061s][info][gc,cpu         ] GC(202) User=0.34s Sys=0.00s Real=0.07s
[86.378s][info][gc,start       ] GC(203) Pause Young (Allocation Failure)
[86.378s][info][gc,task        ] GC(203) Using 6 workers of 6 for evacuation
[86.449s][info][gc,heap        ] GC(203) ParNew: 460096K->51072K(460096K)
[86.449s][info][gc,heap        ] GC(203) CMS: 568475K->595363K(7877440K)
[86.449s][info][gc,metaspace   ] GC(203) Metaspace: 85084K(91308K)->85084K(91308K) NonClass: 74075K(77344K)->74075K(77344K) Class: 11008K(13964K)->11008K(13964K)
[86.449s][info][gc             ] GC(203) Pause Young (Allocation Failure) 1004M->631M(8142M) 71.594ms
[86.449s][info][gc,cpu         ] GC(203) User=0.30s Sys=0.06s Real=0.08s
[86.685s][info][gc,start       ] GC(204) Pause Young (Allocation Failure)
[86.685s][info][gc,task        ] GC(204) Using 6 workers of 6 for evacuation
[86.732s][info][gc,heap        ] GC(204) ParNew: 460096K->51072K(460096K)
[86.732s][info][gc,heap        ] GC(204) CMS: 595363K->599160K(7877440K)
[86.732s][info][gc,metaspace   ] GC(204) Metaspace: 85097K(91308K)->85097K(91308K) NonClass: 74088K(77344K)->74088K(77344K) Class: 11008K(13964K)->11008K(13964K)
[86.732s][info][gc             ] GC(204) Pause Young (Allocation Failure) 1030M->634M(8142M) 47.086ms
[86.732s][info][gc,cpu         ] GC(204) User=0.11s Sys=0.00s Real=0.05s
[87.114s][info][gc,start       ] GC(205) Pause Young (Allocation Failure)
[87.114s][info][gc,task        ] GC(205) Using 6 workers of 6 for evacuation
[87.176s][info][gc,heap        ] GC(205) ParNew: 460096K->51072K(460096K)
[87.176s][info][gc,heap        ] GC(205) CMS: 599160K->626123K(7877440K)
[87.176s][info][gc,metaspace   ] GC(205) Metaspace: 85101K(91308K)->85101K(91308K) NonClass: 74092K(77344K)->74092K(77344K) Class: 11008K(13964K)->11008K(13964K)
[87.176s][info][gc             ] GC(205) Pause Young (Allocation Failure) 1034M->661M(8142M) 62.604ms
[87.176s][info][gc,cpu         ] GC(205) User=0.30s Sys=0.00s Real=0.06s
[87.369s][info][gc,start       ] GC(206) Pause Young (Allocation Failure)
[87.369s][info][gc,task        ] GC(206) Using 6 workers of 6 for evacuation
[87.423s][info][gc,heap        ] GC(206) ParNew: 460096K->51072K(460096K)
[87.423s][info][gc,heap        ] GC(206) CMS: 626123K->644563K(7877440K)
[87.423s][info][gc,metaspace   ] GC(206) Metaspace: 85113K(91308K)->85113K(91308K) NonClass: 74104K(77344K)->74104K(77344K) Class: 11008K(13964K)->11008K(13964K)
[87.423s][info][gc             ] GC(206) Pause Young (Allocation Failure) 1060M->679M(8142M) 54.301ms
[87.423s][info][gc,cpu         ] GC(206) User=0.31s Sys=0.00s Real=0.06s
[87.566s][info][gc,start       ] GC(207) Pause Young (Allocation Failure)
[87.566s][info][gc,task        ] GC(207) Using 6 workers of 6 for evacuation
[87.798s][info][gc,heap        ] GC(207) ParNew: 460096K->51072K(460096K)
[87.798s][info][gc,heap        ] GC(207) CMS: 644563K->701501K(7877440K)
[87.798s][info][gc,metaspace   ] GC(207) Metaspace: 85113K(91308K)->85113K(91308K) NonClass: 74104K(77344K)->74104K(77344K) Class: 11008K(13964K)->11008K(13964K)
[87.798s][info][gc             ] GC(207) Pause Young (Allocation Failure) 1078M->734M(8142M) 231.927ms
[87.798s][info][gc,cpu         ] GC(207) User=1.22s Sys=0.00s Real=0.23s
[87.802s][info][gc,start       ] GC(208) Pause Full (System.gc())
[87.804s][info][gc,phases,start] GC(208) Phase 1: Mark live objects
[87.926s][info][gc,phases      ] GC(208) Phase 1: Mark live objects 121.021ms
[87.926s][info][gc,phases,start] GC(208) Phase 2: Compute new object addresses
[88.104s][info][gc,phases      ] GC(208) Phase 2: Compute new object addresses 178.019ms
[88.104s][info][gc,phases,start] GC(208) Phase 3: Adjust pointers
[88.182s][info][gc,phases      ] GC(208) Phase 3: Adjust pointers 78.782ms
[88.182s][info][gc,phases,start] GC(208) Phase 4: Move objects
[88.217s][info][gc,phases      ] GC(208) Phase 4: Move objects 34.557ms
[88.223s][info][gc,heap        ] GC(208) ParNew: 59622K->0K(460096K)
[88.223s][info][gc,heap        ] GC(208) CMS: 701501K->166344K(7877440K)
[88.223s][info][gc,metaspace   ] GC(208) Metaspace: 85113K(91308K)->85113K(91308K) NonClass: 74104K(77344K)->74104K(77344K) Class: 11008K(13964K)->11008K(13964K)
[88.224s][info][gc             ] GC(208) Pause Full (System.gc()) 743M->162M(8142M) 421.641ms
[88.224s][info][gc,cpu         ] GC(208) User=0.41s Sys=0.00s Real=0.42s
[88.397s][info][gc,start       ] GC(209) Pause Young (Allocation Failure)
[88.397s][info][gc,task        ] GC(209) Using 6 workers of 6 for evacuation
[88.493s][info][gc,heap        ] GC(209) ParNew: 409024K->51072K(460096K)
[88.493s][info][gc,heap        ] GC(209) CMS: 166344K->226305K(7877440K)
[88.493s][info][gc,metaspace   ] GC(209) Metaspace: 85154K(91308K)->85154K(91308K) NonClass: 74145K(77344K)->74145K(77344K) Class: 11008K(13964K)->11008K(13964K)
[88.493s][info][gc             ] GC(209) Pause Young (Allocation Failure) 561M->270M(8142M) 96.142ms
[88.493s][info][gc,cpu         ] GC(209) User=0.53s Sys=0.00s Real=0.09s
[88.845s][info][gc,start       ] GC(210) Pause Young (Allocation Failure)
[88.845s][info][gc,task        ] GC(210) Using 6 workers of 6 for evacuation
[88.922s][info][gc,heap        ] GC(210) ParNew: 460096K->51072K(460096K)
[88.922s][info][gc,heap        ] GC(210) CMS: 226305K->279699K(7877440K)
[88.922s][info][gc,metaspace   ] GC(210) Metaspace: 85154K(91308K)->85154K(91308K) NonClass: 74145K(77344K)->74145K(77344K) Class: 11008K(13964K)->11008K(13964K)
[88.922s][info][gc             ] GC(210) Pause Young (Allocation Failure) 670M->323M(8142M) 76.875ms
[88.922s][info][gc,cpu         ] GC(210) User=0.45s Sys=0.00s Real=0.08s
[89.151s][info][gc,start       ] GC(211) Pause Young (Allocation Failure)
[89.151s][info][gc,task        ] GC(211) Using 6 workers of 6 for evacuation
[89.227s][info][gc,heap        ] GC(211) ParNew: 460096K->51072K(460096K)
[89.227s][info][gc,heap        ] GC(211) CMS: 279699K->313689K(7877440K)
[89.227s][info][gc,metaspace   ] GC(211) Metaspace: 85154K(91308K)->85154K(91308K) NonClass: 74145K(77344K)->74145K(77344K) Class: 11008K(13964K)->11008K(13964K)
[89.227s][info][gc             ] GC(211) Pause Young (Allocation Failure) 722M->356M(8142M) 76.135ms
[89.227s][info][gc,cpu         ] GC(211) User=0.38s Sys=0.00s Real=0.06s
[89.441s][info][gc,start       ] GC(212) Pause Young (Allocation Failure)
[89.441s][info][gc,task        ] GC(212) Using 6 workers of 6 for evacuation
[89.512s][info][gc,heap        ] GC(212) ParNew: 460096K->34402K(460096K)
[89.512s][info][gc,heap        ] GC(212) CMS: 313689K->349768K(7877440K)
[89.512s][info][gc,metaspace   ] GC(212) Metaspace: 85154K(91308K)->85154K(91308K) NonClass: 74145K(77344K)->74145K(77344K) Class: 11008K(13964K)->11008K(13964K)
[89.512s][info][gc             ] GC(212) Pause Young (Allocation Failure) 755M->375M(8142M) 71.383ms
[89.512s][info][gc,cpu         ] GC(212) User=0.38s Sys=0.00s Real=0.08s
[90.160s][info][gc,start       ] GC(213) Pause Young (Allocation Failure)
[90.160s][info][gc,task        ] GC(213) Using 6 workers of 6 for evacuation
[90.251s][info][gc,heap        ] GC(213) ParNew: 443426K->51072K(460096K)
[90.251s][info][gc,heap        ] GC(213) CMS: 349768K->375990K(7877440K)
[90.251s][info][gc,metaspace   ] GC(213) Metaspace: 85203K(91308K)->85203K(91308K) NonClass: 74194K(77344K)->74194K(77344K) Class: 11008K(13964K)->11008K(13964K)
[90.251s][info][gc             ] GC(213) Pause Young (Allocation Failure) 774M->417M(8142M) 90.639ms
[90.251s][info][gc,cpu         ] GC(213) User=0.48s Sys=0.00s Real=0.10s
[90.379s][info][gc,start       ] GC(214) Pause Young (Allocation Failure)
[90.379s][info][gc,task        ] GC(214) Using 6 workers of 6 for evacuation
[90.488s][info][gc,heap        ] GC(214) ParNew: 460096K->51072K(460096K)
[90.488s][info][gc,heap        ] GC(214) CMS: 375990K->439194K(7877440K)
[90.488s][info][gc,metaspace   ] GC(214) Metaspace: 85203K(91308K)->85203K(91308K) NonClass: 74194K(77344K)->74194K(77344K) Class: 11008K(13964K)->11008K(13964K)
[90.488s][info][gc             ] GC(214) Pause Young (Allocation Failure) 816M->478M(8142M) 109.864ms
[90.488s][info][gc,cpu         ] GC(214) User=0.17s Sys=0.00s Real=0.11s
[90.675s][info][gc,start       ] GC(215) Pause Young (Allocation Failure)
[90.675s][info][gc,task        ] GC(215) Using 6 workers of 6 for evacuation
[90.757s][info][gc,heap        ] GC(215) ParNew: 460096K->51072K(460096K)
[90.757s][info][gc,heap        ] GC(215) CMS: 439194K->493596K(7877440K)
[90.757s][info][gc,metaspace   ] GC(215) Metaspace: 85203K(91308K)->85203K(91308K) NonClass: 74194K(77344K)->74194K(77344K) Class: 11008K(13964K)->11008K(13964K)
[90.757s][info][gc             ] GC(215) Pause Young (Allocation Failure) 878M->531M(8142M) 82.053ms
[90.757s][info][gc,cpu         ] GC(215) User=0.42s Sys=0.00s Real=0.08s
[90.942s][info][gc,start       ] GC(216) Pause Young (Allocation Failure)
[90.942s][info][gc,task        ] GC(216) Using 6 workers of 6 for evacuation
[91.015s][info][gc,heap        ] GC(216) ParNew: 460096K->49152K(460096K)
[91.015s][info][gc,heap        ] GC(216) CMS: 493596K->537258K(7877440K)
[91.015s][info][gc,metaspace   ] GC(216) Metaspace: 85203K(91308K)->85203K(91308K) NonClass: 74194K(77344K)->74194K(77344K) Class: 11008K(13964K)->11008K(13964K)
[91.015s][info][gc             ] GC(216) Pause Young (Allocation Failure) 931M->572M(8142M) 73.565ms
[91.015s][info][gc,cpu         ] GC(216) User=0.39s Sys=0.00s Real=0.08s
[91.476s][info][gc,start       ] GC(217) Pause Young (Allocation Failure)
[91.476s][info][gc,task        ] GC(217) Using 6 workers of 6 for evacuation
[91.554s][info][gc,heap        ] GC(217) ParNew: 458176K->34816K(460096K)
[91.555s][info][gc,heap        ] GC(217) CMS: 537258K->563723K(7877440K)
[91.555s][info][gc,metaspace   ] GC(217) Metaspace: 85203K(91308K)->85203K(91308K) NonClass: 74194K(77344K)->74194K(77344K) Class: 11008K(13964K)->11008K(13964K)
[91.555s][info][gc             ] GC(217) Pause Young (Allocation Failure) 972M->584M(8142M) 78.502ms
[91.555s][info][gc,cpu         ] GC(217) User=0.39s Sys=0.00s Real=0.08s
[91.902s][info][gc,start       ] GC(218) Pause Young (Allocation Failure)
[91.902s][info][gc,task        ] GC(218) Using 6 workers of 6 for evacuation
[91.960s][info][gc,heap        ] GC(218) ParNew: 443840K->51072K(460096K)
[91.960s][info][gc,heap        ] GC(218) CMS: 563723K->569921K(7877440K)
[91.960s][info][gc,metaspace   ] GC(218) Metaspace: 85236K(91308K)->85236K(91308K) NonClass: 74227K(77344K)->74227K(77344K) Class: 11008K(13964K)->11008K(13964K)
[91.960s][info][gc             ] GC(218) Pause Young (Allocation Failure) 983M->606M(8142M) 57.896ms
[91.960s][info][gc,cpu         ] GC(218) User=0.31s Sys=0.00s Real=0.06s
[92.277s][info][gc,start       ] GC(219) Pause Young (Allocation Failure)
[92.278s][info][gc,task        ] GC(219) Using 6 workers of 6 for evacuation
[92.347s][info][gc,heap        ] GC(219) ParNew: 460096K->47135K(460096K)
[92.347s][info][gc,heap        ] GC(219) CMS: 569921K->596970K(7877440K)
[92.347s][info][gc,metaspace   ] GC(219) Metaspace: 85269K(91308K)->85269K(91308K) NonClass: 74260K(77344K)->74260K(77344K) Class: 11008K(13964K)->11008K(13964K)
[92.347s][info][gc             ] GC(219) Pause Young (Allocation Failure) 1005M->629M(8142M) 69.935ms
[92.347s][info][gc,cpu         ] GC(219) User=0.23s Sys=0.00s Real=0.06s
[92.578s][info][gc,start       ] GC(220) Pause Young (Allocation Failure)
[92.578s][info][gc,task        ] GC(220) Using 6 workers of 6 for evacuation
[92.626s][info][gc,heap        ] GC(220) ParNew: 456159K->51072K(460096K)
[92.627s][info][gc,heap        ] GC(220) CMS: 596970K->600601K(7877440K)
[92.627s][info][gc,metaspace   ] GC(220) Metaspace: 85282K(91308K)->85282K(91308K) NonClass: 74273K(77344K)->74273K(77344K) Class: 11008K(13964K)->11008K(13964K)
[92.627s][info][gc             ] GC(220) Pause Young (Allocation Failure) 1028M->636M(8142M) 48.278ms
[92.627s][info][gc,cpu         ] GC(220) User=0.09s Sys=0.00s Real=0.04s
[92.994s][info][gc,start       ] GC(221) Pause Young (Allocation Failure)
[92.994s][info][gc,task        ] GC(221) Using 6 workers of 6 for evacuation
[93.039s][info][gc,heap        ] GC(221) ParNew: 460096K->51072K(460096K)
[93.039s][info][gc,heap        ] GC(221) CMS: 600601K->621610K(7877440K)
[93.039s][info][gc,metaspace   ] GC(221) Metaspace: 85300K(91308K)->85300K(91308K) NonClass: 74291K(77344K)->74291K(77344K) Class: 11008K(13964K)->11008K(13964K)
[93.039s][info][gc             ] GC(221) Pause Young (Allocation Failure) 1035M->656M(8142M) 45.347ms
[93.039s][info][gc,cpu         ] GC(221) User=0.11s Sys=0.00s Real=0.05s
[93.285s][info][gc,start       ] GC(222) Pause Young (Allocation Failure)
[93.285s][info][gc,task        ] GC(222) Using 6 workers of 6 for evacuation
[93.337s][info][gc,heap        ] GC(222) ParNew: 460096K->51072K(460096K)
[93.337s][info][gc,heap        ] GC(222) CMS: 621610K->636628K(7877440K)
[93.337s][info][gc,metaspace   ] GC(222) Metaspace: 85307K(91308K)->85307K(91308K) NonClass: 74298K(77344K)->74298K(77344K) Class: 11008K(13964K)->11008K(13964K)
[93.337s][info][gc             ] GC(222) Pause Young (Allocation Failure) 1056M->671M(8142M) 51.975ms
[93.337s][info][gc,cpu         ] GC(222) User=0.23s Sys=0.00s Real=0.06s
[93.481s][info][gc,start       ] GC(223) Pause Full (System.gc())
[93.483s][info][gc,phases,start] GC(223) Phase 1: Mark live objects
[93.604s][info][gc,phases      ] GC(223) Phase 1: Mark live objects 120.675ms
[93.604s][info][gc,phases,start] GC(223) Phase 2: Compute new object addresses
[93.822s][info][gc,phases      ] GC(223) Phase 2: Compute new object addresses 218.586ms
[93.822s][info][gc,phases,start] GC(223) Phase 3: Adjust pointers
[93.901s][info][gc,phases      ] GC(223) Phase 3: Adjust pointers 78.943ms
[93.901s][info][gc,phases,start] GC(223) Phase 4: Move objects
[93.936s][info][gc,phases      ] GC(223) Phase 4: Move objects 34.574ms
[93.942s][info][gc,heap        ] GC(223) ParNew: 455263K->0K(460096K)
[93.942s][info][gc,heap        ] GC(223) CMS: 636628K->166405K(7877440K)
[93.942s][info][gc,metaspace   ] GC(223) Metaspace: 85307K(91308K)->85307K(91308K) NonClass: 74298K(77344K)->74298K(77344K) Class: 11008K(13964K)->11008K(13964K)
[93.942s][info][gc             ] GC(223) Pause Full (System.gc()) 1066M->162M(8142M) 461.886ms
[93.943s][info][gc,cpu         ] GC(223) User=0.41s Sys=0.02s Real=0.46s
[94.097s][info][gc,start       ] GC(224) Pause Young (Allocation Failure)
[94.097s][info][gc,task        ] GC(224) Using 6 workers of 6 for evacuation
[94.198s][info][gc,heap        ] GC(224) ParNew: 409024K->51072K(460096K)
[94.198s][info][gc,heap        ] GC(224) CMS: 166405K->225123K(7877440K)
[94.198s][info][gc,metaspace   ] GC(224) Metaspace: 85332K(91308K)->85332K(91308K) NonClass: 74323K(77344K)->74323K(77344K) Class: 11008K(13964K)->11008K(13964K)
[94.198s][info][gc             ] GC(224) Pause Young (Allocation Failure) 561M->269M(8142M) 101.571ms
[94.198s][info][gc,cpu         ] GC(224) User=0.16s Sys=0.00s Real=0.11s
[94.375s][info][gc,start       ] GC(225) Pause Young (Allocation Failure)
[94.375s][info][gc,task        ] GC(225) Using 6 workers of 6 for evacuation
[94.450s][info][gc,heap        ] GC(225) ParNew: 460096K->51072K(460096K)
[94.450s][info][gc,heap        ] GC(225) CMS: 225123K->280145K(7877440K)
[94.450s][info][gc,metaspace   ] GC(225) Metaspace: 85332K(91308K)->85332K(91308K) NonClass: 74323K(77344K)->74323K(77344K) Class: 11008K(13964K)->11008K(13964K)
[94.450s][info][gc             ] GC(225) Pause Young (Allocation Failure) 669M->323M(8142M) 75.939ms
[94.450s][info][gc,cpu         ] GC(225) User=0.38s Sys=0.00s Real=0.08s
[94.638s][info][gc,start       ] GC(226) Pause Young (Allocation Failure)
[94.638s][info][gc,task        ] GC(226) Using 6 workers of 6 for evacuation
[94.717s][info][gc,heap        ] GC(226) ParNew: 460096K->51072K(460096K)
[94.717s][info][gc,heap        ] GC(226) CMS: 280145K->317790K(7877440K)
[94.717s][info][gc,metaspace   ] GC(226) Metaspace: 85332K(91308K)->85332K(91308K) NonClass: 74323K(77344K)->74323K(77344K) Class: 11008K(13964K)->11008K(13964K)
[94.717s][info][gc             ] GC(226) Pause Young (Allocation Failure) 722M->360M(8142M) 79.458ms
[94.717s][info][gc,cpu         ] GC(226) User=0.30s Sys=0.00s Real=0.07s
[94.914s][info][gc,start       ] GC(227) Pause Young (Allocation Failure)
[94.914s][info][gc,task        ] GC(227) Using 6 workers of 6 for evacuation
[94.982s][info][gc,heap        ] GC(227) ParNew: 460096K->39674K(460096K)
[94.982s][info][gc,heap        ] GC(227) CMS: 317790K->353713K(7877440K)
[94.982s][info][gc,metaspace   ] GC(227) Metaspace: 85332K(91308K)->85332K(91308K) NonClass: 74323K(77344K)->74323K(77344K) Class: 11008K(13964K)->11008K(13964K)
[94.982s][info][gc             ] GC(227) Pause Young (Allocation Failure) 759M->384M(8142M) 67.807ms
[94.982s][info][gc,cpu         ] GC(227) User=0.44s Sys=0.00s Real=0.07s
[95.572s][info][gc,start       ] GC(228) Pause Young (Allocation Failure)
[95.573s][info][gc,task        ] GC(228) Using 6 workers of 6 for evacuation
[95.664s][info][gc,heap        ] GC(228) ParNew: 448698K->51072K(460096K)
[95.664s][info][gc,heap        ] GC(228) CMS: 353713K->379496K(7877440K)
[95.664s][info][gc,metaspace   ] GC(228) Metaspace: 85351K(91308K)->85351K(91308K) NonClass: 74342K(77344K)->74342K(77344K) Class: 11008K(13964K)->11008K(13964K)
[95.664s][info][gc             ] GC(228) Pause Young (Allocation Failure) 783M->420M(8142M) 91.355ms
[95.664s][info][gc,cpu         ] GC(228) User=0.44s Sys=0.00s Real=0.09s
[95.794s][info][gc,start       ] GC(229) Pause Young (Allocation Failure)
[95.794s][info][gc,task        ] GC(229) Using 6 workers of 6 for evacuation
[95.906s][info][gc,heap        ] GC(229) ParNew: 460096K->51072K(460096K)
[95.906s][info][gc,heap        ] GC(229) CMS: 379496K->443761K(7877440K)
[95.906s][info][gc,metaspace   ] GC(229) Metaspace: 85351K(91308K)->85351K(91308K) NonClass: 74342K(77344K)->74342K(77344K) Class: 11008K(13964K)->11008K(13964K)
[95.906s][info][gc             ] GC(229) Pause Young (Allocation Failure) 819M->483M(8142M) 111.888ms
[95.906s][info][gc,cpu         ] GC(229) User=0.42s Sys=0.00s Real=0.11s
[96.091s][info][gc,start       ] GC(230) Pause Young (Allocation Failure)
[96.091s][info][gc,task        ] GC(230) Using 6 workers of 6 for evacuation
[96.184s][info][gc,heap        ] GC(230) ParNew: 460096K->51072K(460096K)
[96.184s][info][gc,heap        ] GC(230) CMS: 443761K->503197K(7877440K)
[96.184s][info][gc,metaspace   ] GC(230) Metaspace: 85351K(91308K)->85351K(91308K) NonClass: 74342K(77344K)->74342K(77344K) Class: 11008K(13964K)->11008K(13964K)
[96.184s][info][gc             ] GC(230) Pause Young (Allocation Failure) 882M->541M(8142M) 92.797ms
[96.184s][info][gc,cpu         ] GC(230) User=0.48s Sys=0.00s Real=0.10s
[96.370s][info][gc,start       ] GC(231) Pause Young (Allocation Failure)
[96.370s][info][gc,task        ] GC(231) Using 6 workers of 6 for evacuation
[96.447s][info][gc,heap        ] GC(231) ParNew: 460096K->46312K(460096K)
[96.447s][info][gc,heap        ] GC(231) CMS: 503197K->544047K(7877440K)
[96.447s][info][gc,metaspace   ] GC(231) Metaspace: 85351K(91308K)->85351K(91308K) NonClass: 74342K(77344K)->74342K(77344K) Class: 11008K(13964K)->11008K(13964K)
[96.447s][info][gc             ] GC(231) Pause Young (Allocation Failure) 940M->576M(8142M) 77.530ms
[96.447s][info][gc,cpu         ] GC(231) User=0.39s Sys=0.00s Real=0.08s
[96.908s][info][gc,start       ] GC(232) Pause Young (Allocation Failure)
[96.908s][info][gc,task        ] GC(232) Using 6 workers of 6 for evacuation
[96.990s][info][gc,heap        ] GC(232) ParNew: 455336K->34022K(460096K)
[96.990s][info][gc,heap        ] GC(232) CMS: 544047K->570437K(7877440K)
[96.990s][info][gc,metaspace   ] GC(232) Metaspace: 85351K(91308K)->85351K(91308K) NonClass: 74342K(77344K)->74342K(77344K) Class: 11008K(13964K)->11008K(13964K)
[96.990s][info][gc             ] GC(232) Pause Young (Allocation Failure) 975M->590M(8142M) 81.764ms
[96.990s][info][gc,cpu         ] GC(232) User=0.45s Sys=0.00s Real=0.09s
[97.343s][info][gc,start       ] GC(233) Pause Young (Allocation Failure)
[97.343s][info][gc,task        ] GC(233) Using 6 workers of 6 for evacuation
[97.401s][info][gc,heap        ] GC(233) ParNew: 443046K->51072K(460096K)
[97.401s][info][gc,heap        ] GC(233) CMS: 570437K->577458K(7877440K)
[97.401s][info][gc,metaspace   ] GC(233) Metaspace: 85394K(91564K)->85394K(91564K) NonClass: 74385K(77600K)->74385K(77600K) Class: 11008K(13964K)->11008K(13964K)
[97.401s][info][gc             ] GC(233) Pause Young (Allocation Failure) 989M->613M(8142M) 58.798ms
[97.401s][info][gc,cpu         ] GC(233) User=0.30s Sys=0.00s Real=0.06s
[97.721s][info][gc,start       ] GC(234) Pause Young (Allocation Failure)
[97.721s][info][gc,task        ] GC(234) Using 6 workers of 6 for evacuation
[97.793s][info][gc,heap        ] GC(234) ParNew: 460096K->51072K(460096K)
[97.793s][info][gc,heap        ] GC(234) CMS: 577458K->604463K(7877440K)
[97.793s][info][gc,metaspace   ] GC(234) Metaspace: 85405K(91564K)->85405K(91564K) NonClass: 74396K(77600K)->74396K(77600K) Class: 11008K(13964K)->11008K(13964K)
[97.793s][info][gc             ] GC(234) Pause Young (Allocation Failure) 1013M->640M(8142M) 72.242ms
[97.793s][info][gc,cpu         ] GC(234) User=0.19s Sys=0.00s Real=0.06s
[98.022s][info][gc,start       ] GC(235) Pause Young (Allocation Failure)
[98.022s][info][gc,task        ] GC(235) Using 6 workers of 6 for evacuation
[98.071s][info][gc,heap        ] GC(235) ParNew: 460096K->51072K(460096K)
[98.071s][info][gc,heap        ] GC(235) CMS: 604463K->608651K(7877440K)
[98.071s][info][gc,metaspace   ] GC(235) Metaspace: 85419K(91564K)->85419K(91564K) NonClass: 74410K(77600K)->74410K(77600K) Class: 11008K(13964K)->11008K(13964K)
[98.071s][info][gc             ] GC(235) Pause Young (Allocation Failure) 1039M->644M(8142M) 48.889ms
[98.071s][info][gc,cpu         ] GC(235) User=0.14s Sys=0.00s Real=0.05s
[98.448s][info][gc,start       ] GC(236) Pause Young (Allocation Failure)
[98.449s][info][gc,task        ] GC(236) Using 6 workers of 6 for evacuation
[98.492s][info][gc,heap        ] GC(236) ParNew: 458962K->51072K(460096K)
[98.492s][info][gc,heap        ] GC(236) CMS: 608651K->615597K(7877440K)
[98.492s][info][gc,metaspace   ] GC(236) Metaspace: 85422K(91564K)->85422K(91564K) NonClass: 74413K(77600K)->74413K(77600K) Class: 11008K(13964K)->11008K(13964K)
[98.492s][info][gc             ] GC(236) Pause Young (Allocation Failure) 1042M->651M(8142M) 43.392ms
[98.492s][info][gc,cpu         ] GC(236) User=0.12s Sys=0.00s Real=0.05s
[98.727s][info][gc,start       ] GC(237) Pause Young (Allocation Failure)
[98.727s][info][gc,task        ] GC(237) Using 6 workers of 6 for evacuation
[98.781s][info][gc,heap        ] GC(237) ParNew: 460096K->51072K(460096K)
[98.781s][info][gc,heap        ] GC(237) CMS: 615597K->639652K(7877440K)
[98.781s][info][gc,metaspace   ] GC(237) Metaspace: 85424K(91564K)->85424K(91564K) NonClass: 74415K(77600K)->74415K(77600K) Class: 11008K(13964K)->11008K(13964K)
[98.781s][info][gc             ] GC(237) Pause Young (Allocation Failure) 1050M->674M(8142M) 54.639ms
[98.781s][info][gc,cpu         ] GC(237) User=0.17s Sys=0.00s Real=0.04s
[98.923s][info][gc,start       ] GC(238) Pause Full (System.gc())
[98.926s][info][gc,phases,start] GC(238) Phase 1: Mark live objects
[99.046s][info][gc,phases      ] GC(238) Phase 1: Mark live objects 120.640ms
[99.046s][info][gc,phases,start] GC(238) Phase 2: Compute new object addresses
[99.265s][info][gc,phases      ] GC(238) Phase 2: Compute new object addresses 218.482ms
[99.265s][info][gc,phases,start] GC(238) Phase 3: Adjust pointers
[99.346s][info][gc,phases      ] GC(238) Phase 3: Adjust pointers 81.246ms
[99.346s][info][gc,phases,start] GC(238) Phase 4: Move objects
[99.379s][info][gc,phases      ] GC(238) Phase 4: Move objects 32.882ms
[99.385s][info][gc,heap        ] GC(238) ParNew: 446307K->0K(460096K)
[99.385s][info][gc,heap        ] GC(238) CMS: 639652K->166463K(7877440K)
[99.385s][info][gc,metaspace   ] GC(238) Metaspace: 85424K(91564K)->85424K(91564K) NonClass: 74415K(77600K)->74415K(77600K) Class: 11008K(13964K)->11008K(13964K)
[99.386s][info][gc             ] GC(238) Pause Full (System.gc()) 1060M->162M(8142M) 462.446ms
[99.386s][info][gc,cpu         ] GC(238) User=0.45s Sys=0.00s Real=0.48s
[99.536s][info][gc,start       ] GC(239) Pause Young (Allocation Failure)
[99.536s][info][gc,task        ] GC(239) Using 6 workers of 6 for evacuation
[99.631s][info][gc,heap        ] GC(239) ParNew: 409024K->51072K(460096K)
[99.631s][info][gc,heap        ] GC(239) CMS: 166463K->225869K(7877440K)
[99.631s][info][gc,metaspace   ] GC(239) Metaspace: 85458K(91564K)->85458K(91564K) NonClass: 74449K(77600K)->74449K(77600K) Class: 11008K(13964K)->11008K(13964K)
[99.631s][info][gc             ] GC(239) Pause Young (Allocation Failure) 561M->270M(8142M) 94.832ms
[99.631s][info][gc,cpu         ] GC(239) User=0.14s Sys=0.00s Real=0.09s
[99.806s][info][gc,start       ] GC(240) Pause Young (Allocation Failure)
[99.806s][info][gc,task        ] GC(240) Using 6 workers of 6 for evacuation
[99.879s][info][gc,heap        ] GC(240) ParNew: 460096K->51072K(460096K)
[99.879s][info][gc,heap        ] GC(240) CMS: 225869K->274476K(7877440K)
[99.879s][info][gc,metaspace   ] GC(240) Metaspace: 85458K(91564K)->85458K(91564K) NonClass: 74449K(77600K)->74449K(77600K) Class: 11008K(13964K)->11008K(13964K)
[99.880s][info][gc             ] GC(240) Pause Young (Allocation Failure) 669M->317M(8142M) 73.470ms
[99.880s][info][gc,cpu         ] GC(240) User=0.34s Sys=0.00s Real=0.08s
[100.066s][info][gc,start       ] GC(241) Pause Young (Allocation Failure)
[100.066s][info][gc,task        ] GC(241) Using 6 workers of 6 for evacuation
[100.147s][info][gc,heap        ] GC(241) ParNew: 460096K->51072K(460096K)
[100.147s][info][gc,heap        ] GC(241) CMS: 274476K->312948K(7877440K)
[100.147s][info][gc,metaspace   ] GC(241) Metaspace: 85458K(91564K)->85458K(91564K) NonClass: 74449K(77600K)->74449K(77600K) Class: 11008K(13964K)->11008K(13964K)
[100.147s][info][gc             ] GC(241) Pause Young (Allocation Failure) 717M->355M(8142M) 81.607ms
[100.147s][info][gc,cpu         ] GC(241) User=0.36s Sys=0.00s Real=0.08s
[100.345s][info][gc,start       ] GC(242) Pause Young (Allocation Failure)
[100.345s][info][gc,task        ] GC(242) Using 6 workers of 6 for evacuation
[100.413s][info][gc,heap        ] GC(242) ParNew: 460096K->32085K(460096K)
[100.413s][info][gc,heap        ] GC(242) CMS: 312948K->350343K(7877440K)
[100.413s][info][gc,metaspace   ] GC(242) Metaspace: 85458K(91564K)->85458K(91564K) NonClass: 74449K(77600K)->74449K(77600K) Class: 11008K(13964K)->11008K(13964K)
[100.413s][info][gc             ] GC(242) Pause Young (Allocation Failure) 754M->373M(8142M) 68.005ms
[100.413s][info][gc,cpu         ] GC(242) User=0.33s Sys=0.00s Real=0.07s
[101.023s][info][gc,start       ] GC(243) Pause Young (Allocation Failure)
[101.023s][info][gc,task        ] GC(243) Using 6 workers of 6 for evacuation
[101.116s][info][gc,heap        ] GC(243) ParNew: 441109K->51072K(460096K)
[101.116s][info][gc,heap        ] GC(243) CMS: 350343K->376470K(7877440K)
[101.116s][info][gc,metaspace   ] GC(243) Metaspace: 85464K(91564K)->85464K(91564K) NonClass: 74455K(77600K)->74455K(77600K) Class: 11008K(13964K)->11008K(13964K)
[101.116s][info][gc             ] GC(243) Pause Young (Allocation Failure) 772M->417M(8142M) 93.216ms
[101.116s][info][gc,cpu         ] GC(243) User=0.47s Sys=0.00s Real=0.09s
[101.244s][info][gc,start       ] GC(244) Pause Young (Allocation Failure)
[101.244s][info][gc,task        ] GC(244) Using 6 workers of 6 for evacuation
[101.353s][info][gc,heap        ] GC(244) ParNew: 460096K->51072K(460096K)
[101.353s][info][gc,heap        ] GC(244) CMS: 376470K->439222K(7877440K)
[101.353s][info][gc,metaspace   ] GC(244) Metaspace: 85464K(91564K)->85464K(91564K) NonClass: 74455K(77600K)->74455K(77600K) Class: 11008K(13964K)->11008K(13964K)
[101.353s][info][gc             ] GC(244) Pause Young (Allocation Failure) 816M->478M(8142M) 109.213ms
[101.353s][info][gc,cpu         ] GC(244) User=0.38s Sys=0.00s Real=0.11s
[101.535s][info][gc,start       ] GC(245) Pause Young (Allocation Failure)
[101.535s][info][gc,task        ] GC(245) Using 6 workers of 6 for evacuation
[101.621s][info][gc,heap        ] GC(245) ParNew: 460096K->51072K(460096K)
[101.621s][info][gc,heap        ] GC(245) CMS: 439222K->498357K(7877440K)
[101.621s][info][gc,metaspace   ] GC(245) Metaspace: 85464K(91564K)->85464K(91564K) NonClass: 74455K(77600K)->74455K(77600K) Class: 11008K(13964K)->11008K(13964K)
[101.621s][info][gc             ] GC(245) Pause Young (Allocation Failure) 878M->536M(8142M) 86.222ms
[101.621s][info][gc,cpu         ] GC(245) User=0.42s Sys=0.06s Real=0.09s
[101.809s][info][gc,start       ] GC(246) Pause Young (Allocation Failure)
[101.809s][info][gc,task        ] GC(246) Using 6 workers of 6 for evacuation
[101.885s][info][gc,heap        ] GC(246) ParNew: 460096K->43897K(460096K)
[101.885s][info][gc,heap        ] GC(246) CMS: 498357K->543425K(7877440K)
[101.885s][info][gc,metaspace   ] GC(246) Metaspace: 85464K(91564K)->85464K(91564K) NonClass: 74455K(77600K)->74455K(77600K) Class: 11008K(13964K)->11008K(13964K)
[101.885s][info][gc             ] GC(246) Pause Young (Allocation Failure) 935M->573M(8142M) 75.531ms
[101.885s][info][gc,cpu         ] GC(246) User=0.38s Sys=0.00s Real=0.08s
[102.337s][info][gc,start       ] GC(247) Pause Young (Allocation Failure)
[102.337s][info][gc,task        ] GC(247) Using 6 workers of 6 for evacuation
[102.412s][info][gc,heap        ] GC(247) ParNew: 452921K->33551K(460096K)
[102.412s][info][gc,heap        ] GC(247) CMS: 543425K->569929K(7877440K)
[102.412s][info][gc,metaspace   ] GC(247) Metaspace: 85464K(91564K)->85464K(91564K) NonClass: 74455K(77600K)->74455K(77600K) Class: 11008K(13964K)->11008K(13964K)
[102.412s][info][gc             ] GC(247) Pause Young (Allocation Failure) 972M->589M(8142M) 75.228ms
[102.412s][info][gc,cpu         ] GC(247) User=0.42s Sys=0.00s Real=0.08s
[102.760s][info][gc,start       ] GC(248) Pause Young (Allocation Failure)
[102.760s][info][gc,task        ] GC(248) Using 6 workers of 6 for evacuation
[102.823s][info][gc,heap        ] GC(248) ParNew: 442575K->45990K(460096K)
[102.823s][info][gc,heap        ] GC(248) CMS: 569929K->597176K(7877440K)
[102.823s][info][gc,metaspace   ] GC(248) Metaspace: 85505K(91564K)->85505K(91564K) NonClass: 74496K(77600K)->74496K(77600K) Class: 11008K(13964K)->11008K(13964K)
[102.823s][info][gc             ] GC(248) Pause Young (Allocation Failure) 988M->628M(8142M) 63.094ms
[102.823s][info][gc,cpu         ] GC(248) User=0.25s Sys=0.00s Real=0.06s
[103.143s][info][gc,start       ] GC(249) Pause Young (Allocation Failure)
[103.143s][info][gc,task        ] GC(249) Using 6 workers of 6 for evacuation
[103.192s][info][gc,heap        ] GC(249) ParNew: 455014K->51072K(460096K)
[103.192s][info][gc,heap        ] GC(249) CMS: 597176K->597286K(7877440K)
[103.192s][info][gc,metaspace   ] GC(249) Metaspace: 85511K(91564K)->85511K(91564K) NonClass: 74502K(77600K)->74502K(77600K) Class: 11008K(13964K)->11008K(13964K)
[103.192s][info][gc             ] GC(249) Pause Young (Allocation Failure) 1027M->633M(8142M) 48.380ms
[103.192s][info][gc,cpu         ] GC(249) User=0.09s Sys=0.00s Real=0.05s
[103.426s][info][gc,start       ] GC(250) Pause Young (Allocation Failure)
[103.426s][info][gc,task        ] GC(250) Using 6 workers of 6 for evacuation
[103.473s][info][gc,heap        ] GC(250) ParNew: 460096K->51072K(460096K)
[103.473s][info][gc,heap        ] GC(250) CMS: 597286K->600241K(7877440K)
[103.473s][info][gc,metaspace   ] GC(250) Metaspace: 85521K(91564K)->85521K(91564K) NonClass: 74512K(77600K)->74512K(77600K) Class: 11008K(13964K)->11008K(13964K)
[103.473s][info][gc             ] GC(250) Pause Young (Allocation Failure) 1032M->636M(8142M) 47.941ms
[103.474s][info][gc,cpu         ] GC(250) User=0.09s Sys=0.00s Real=0.05s
[103.832s][info][gc,start       ] GC(251) Pause Young (Allocation Failure)
[103.832s][info][gc,task        ] GC(251) Using 6 workers of 6 for evacuation
[103.881s][info][gc,heap        ] GC(251) ParNew: 458622K->51072K(460096K)
[103.881s][info][gc,heap        ] GC(251) CMS: 600241K->631114K(7877440K)
[103.881s][info][gc,metaspace   ] GC(251) Metaspace: 85528K(91564K)->85528K(91564K) NonClass: 74519K(77600K)->74519K(77600K) Class: 11008K(13964K)->11008K(13964K)
[103.881s][info][gc             ] GC(251) Pause Young (Allocation Failure) 1034M->666M(8142M) 49.189ms
[103.881s][info][gc,cpu         ] GC(251) User=0.08s Sys=0.00s Real=0.05s
[104.098s][info][gc,start       ] GC(252) Pause Young (Allocation Failure)
[104.098s][info][gc,task        ] GC(252) Using 6 workers of 6 for evacuation
[104.152s][info][gc,heap        ] GC(252) ParNew: 460096K->51072K(460096K)
[104.152s][info][gc,heap        ] GC(252) CMS: 631114K->642049K(7877440K)
[104.152s][info][gc,metaspace   ] GC(252) Metaspace: 85528K(91564K)->85528K(91564K) NonClass: 74519K(77600K)->74519K(77600K) Class: 11008K(13964K)->11008K(13964K)
[104.152s][info][gc             ] GC(252) Pause Young (Allocation Failure) 1065M->676M(8142M) 53.378ms
[104.152s][info][gc,cpu         ] GC(252) User=0.27s Sys=0.00s Real=0.05s
[104.299s][info][gc,start       ] GC(253) Pause Young (Allocation Failure)
[104.299s][info][gc,task        ] GC(253) Using 6 workers of 6 for evacuation
[104.524s][info][gc,heap        ] GC(253) ParNew: 460096K->51072K(460096K)
[104.524s][info][gc,heap        ] GC(253) CMS: 642049K->701014K(7877440K)
[104.524s][info][gc,metaspace   ] GC(253) Metaspace: 85528K(91564K)->85528K(91564K) NonClass: 74519K(77600K)->74519K(77600K) Class: 11008K(13964K)->11008K(13964K)
[104.524s][info][gc             ] GC(253) Pause Young (Allocation Failure) 1076M->734M(8142M) 225.769ms
[104.524s][info][gc,cpu         ] GC(253) User=1.16s Sys=0.00s Real=0.22s
[104.528s][info][gc,start       ] GC(254) Pause Full (System.gc())
[104.531s][info][gc,phases,start] GC(254) Phase 1: Mark live objects
[104.651s][info][gc,phases      ] GC(254) Phase 1: Mark live objects 119.927ms
[104.651s][info][gc,phases,start] GC(254) Phase 2: Compute new object addresses
[104.823s][info][gc,phases      ] GC(254) Phase 2: Compute new object addresses 171.884ms
[104.823s][info][gc,phases,start] GC(254) Phase 3: Adjust pointers
[104.902s][info][gc,phases      ] GC(254) Phase 3: Adjust pointers 79.263ms
[104.902s][info][gc,phases,start] GC(254) Phase 4: Move objects
[104.933s][info][gc,phases      ] GC(254) Phase 4: Move objects 31.210ms
[104.939s][info][gc,heap        ] GC(254) ParNew: 55365K->0K(460096K)
[104.939s][info][gc,heap        ] GC(254) CMS: 701014K->166544K(7877440K)
[104.939s][info][gc,metaspace   ] GC(254) Metaspace: 85532K(91564K)->85532K(91564K) NonClass: 74523K(77600K)->74523K(77600K) Class: 11008K(13964K)->11008K(13964K)
[104.940s][info][gc             ] GC(254) Pause Full (System.gc()) 738M->162M(8142M) 411.626ms
[104.940s][info][gc,cpu         ] GC(254) User=0.42s Sys=0.00s Real=0.41s
[105.106s][info][gc,start       ] GC(255) Pause Young (Allocation Failure)
[105.106s][info][gc,task        ] GC(255) Using 6 workers of 6 for evacuation
[105.204s][info][gc,heap        ] GC(255) ParNew: 409024K->51072K(460096K)
[105.204s][info][gc,heap        ] GC(255) CMS: 166544K->226141K(7877440K)
[105.204s][info][gc,metaspace   ] GC(255) Metaspace: 85536K(91564K)->85536K(91564K) NonClass: 74526K(77600K)->74526K(77600K) Class: 11009K(13964K)->11009K(13964K)
[105.205s][info][gc             ] GC(255) Pause Young (Allocation Failure) 562M->270M(8142M) 98.753ms
[105.205s][info][gc,cpu         ] GC(255) User=0.50s Sys=0.00s Real=0.10s
[105.379s][info][gc,start       ] GC(256) Pause Young (Allocation Failure)
[105.379s][info][gc,task        ] GC(256) Using 6 workers of 6 for evacuation
[105.455s][info][gc,heap        ] GC(256) ParNew: 460096K->51072K(460096K)
[105.455s][info][gc,heap        ] GC(256) CMS: 226141K->278801K(7877440K)
[105.455s][info][gc,metaspace   ] GC(256) Metaspace: 85536K(91564K)->85536K(91564K) NonClass: 74526K(77600K)->74526K(77600K) Class: 11009K(13964K)->11009K(13964K)
[105.455s][info][gc             ] GC(256) Pause Young (Allocation Failure) 670M->322M(8142M) 75.876ms
[105.455s][info][gc,cpu         ] GC(256) User=0.33s Sys=0.00s Real=0.08s
[105.640s][info][gc,start       ] GC(257) Pause Young (Allocation Failure)
[105.640s][info][gc,task        ] GC(257) Using 6 workers of 6 for evacuation
[105.716s][info][gc,heap        ] GC(257) ParNew: 460096K->51072K(460096K)
[105.716s][info][gc,heap        ] GC(257) CMS: 278801K->313651K(7877440K)
[105.716s][info][gc,metaspace   ] GC(257) Metaspace: 85536K(91564K)->85536K(91564K) NonClass: 74526K(77600K)->74526K(77600K) Class: 11009K(13964K)->11009K(13964K)
[105.716s][info][gc             ] GC(257) Pause Young (Allocation Failure) 721M->356M(8142M) 75.930ms
[105.716s][info][gc,cpu         ] GC(257) User=0.39s Sys=0.00s Real=0.08s
[105.910s][info][gc,start       ] GC(258) Pause Young (Allocation Failure)
[105.910s][info][gc,task        ] GC(258) Using 6 workers of 6 for evacuation
[105.982s][info][gc,heap        ] GC(258) ParNew: 460096K->34277K(460096K)
[105.982s][info][gc,heap        ] GC(258) CMS: 313651K->349906K(7877440K)
[105.982s][info][gc,metaspace   ] GC(258) Metaspace: 85536K(91564K)->85536K(91564K) NonClass: 74526K(77600K)->74526K(77600K) Class: 11009K(13964K)->11009K(13964K)
[105.982s][info][gc             ] GC(258) Pause Young (Allocation Failure) 755M->375M(8142M) 71.686ms
[105.982s][info][gc,cpu         ] GC(258) User=0.38s Sys=0.00s Real=0.08s
[106.579s][info][gc,start       ] GC(259) Pause Young (Allocation Failure)
[106.579s][info][gc,task        ] GC(259) Using 6 workers of 6 for evacuation
[106.670s][info][gc,heap        ] GC(259) ParNew: 443301K->51072K(460096K)
[106.670s][info][gc,heap        ] GC(259) CMS: 349906K->375667K(7877440K)
[106.670s][info][gc,metaspace   ] GC(259) Metaspace: 85550K(91564K)->85550K(91564K) NonClass: 74537K(77600K)->74537K(77600K) Class: 11013K(13964K)->11013K(13964K)
[106.670s][info][gc             ] GC(259) Pause Young (Allocation Failure) 774M->416M(8142M) 90.490ms
[106.670s][info][gc,cpu         ] GC(259) User=0.47s Sys=0.00s Real=0.08s
[106.796s][info][gc,start       ] GC(260) Pause Young (Allocation Failure)
[106.796s][info][gc,task        ] GC(260) Using 6 workers of 6 for evacuation
[106.905s][info][gc,heap        ] GC(260) ParNew: 460096K->51072K(460096K)
[106.905s][info][gc,heap        ] GC(260) CMS: 375667K->440268K(7877440K)
[106.905s][info][gc,metaspace   ] GC(260) Metaspace: 85550K(91564K)->85550K(91564K) NonClass: 74537K(77600K)->74537K(77600K) Class: 11013K(13964K)->11013K(13964K)
[106.905s][info][gc             ] GC(260) Pause Young (Allocation Failure) 816M->479M(8142M) 108.976ms
[106.905s][info][gc,cpu         ] GC(260) User=0.20s Sys=0.00s Real=0.12s
[107.090s][info][gc,start       ] GC(261) Pause Young (Allocation Failure)
[107.090s][info][gc,task        ] GC(261) Using 6 workers of 6 for evacuation
[107.182s][info][gc,heap        ] GC(261) ParNew: 460096K->51072K(460096K)
[107.182s][info][gc,heap        ] GC(261) CMS: 440268K->497563K(7877440K)
[107.182s][info][gc,metaspace   ] GC(261) Metaspace: 85550K(91564K)->85550K(91564K) NonClass: 74537K(77600K)->74537K(77600K) Class: 11013K(13964K)->11013K(13964K)
[107.182s][info][gc             ] GC(261) Pause Young (Allocation Failure) 879M->535M(8142M) 92.448ms
[107.182s][info][gc,cpu         ] GC(261) User=0.48s Sys=0.00s Real=0.09s
[107.375s][info][gc,start       ] GC(262) Pause Young (Allocation Failure)
[107.375s][info][gc,task        ] GC(262) Using 6 workers of 6 for evacuation
[107.446s][info][gc,heap        ] GC(262) ParNew: 460096K->46453K(460096K)
[107.446s][info][gc,heap        ] GC(262) CMS: 497563K->537824K(7877440K)
[107.446s][info][gc,metaspace   ] GC(262) Metaspace: 85550K(91564K)->85550K(91564K) NonClass: 74537K(77600K)->74537K(77600K) Class: 11013K(13964K)->11013K(13964K)
[107.446s][info][gc             ] GC(262) Pause Young (Allocation Failure) 935M->570M(8142M) 71.590ms
[107.446s][info][gc,cpu         ] GC(262) User=0.41s Sys=0.00s Real=0.08s
[107.913s][info][gc,start       ] GC(263) Pause Young (Allocation Failure)
[107.913s][info][gc,task        ] GC(263) Using 6 workers of 6 for evacuation
[107.987s][info][gc,heap        ] GC(263) ParNew: 455477K->34183K(460096K)
[107.987s][info][gc,heap        ] GC(263) CMS: 537824K->564364K(7877440K)
[107.987s][info][gc,metaspace   ] GC(263) Metaspace: 85550K(91564K)->85550K(91564K) NonClass: 74537K(77600K)->74537K(77600K) Class: 11013K(13964K)->11013K(13964K)
[107.987s][info][gc             ] GC(263) Pause Young (Allocation Failure) 970M->584M(8142M) 74.145ms
[107.987s][info][gc,cpu         ] GC(263) User=0.38s Sys=0.00s Real=0.06s
[108.326s][info][gc,start       ] GC(264) Pause Young (Allocation Failure)
[108.326s][info][gc,task        ] GC(264) Using 6 workers of 6 for evacuation
[108.382s][info][gc,heap        ] GC(264) ParNew: 443207K->51072K(460096K)
[108.382s][info][gc,heap        ] GC(264) CMS: 564364K->571247K(7877440K)
[108.382s][info][gc,metaspace   ] GC(264) Metaspace: 85596K(91564K)->85596K(91564K) NonClass: 74583K(77600K)->74583K(77600K) Class: 11013K(13964K)->11013K(13964K)
[108.382s][info][gc             ] GC(264) Pause Young (Allocation Failure) 983M->607M(8142M) 56.447ms
[108.382s][info][gc,cpu         ] GC(264) User=0.28s Sys=0.00s Real=0.05s
[108.712s][info][gc,start       ] GC(265) Pause Young (Allocation Failure)
[108.712s][info][gc,task        ] GC(265) Using 6 workers of 6 for evacuation
[108.782s][info][gc,heap        ] GC(265) ParNew: 460096K->50953K(460096K)
[108.782s][info][gc,heap        ] GC(265) CMS: 571247K->597964K(7877440K)
[108.782s][info][gc,metaspace   ] GC(265) Metaspace: 85650K(91820K)->85650K(91820K) NonClass: 74636K(77856K)->74636K(77856K) Class: 11013K(13964K)->11013K(13964K)
[108.782s][info][gc             ] GC(265) Pause Young (Allocation Failure) 1007M->633M(8142M) 69.756ms
[108.782s][info][gc,cpu         ] GC(265) User=0.23s Sys=0.00s Real=0.07s
[109.014s][info][gc,start       ] GC(266) Pause Young (Allocation Failure)
[109.014s][info][gc,task        ] GC(266) Using 6 workers of 6 for evacuation
[109.062s][info][gc,heap        ] GC(266) ParNew: 459977K->51072K(460096K)
[109.062s][info][gc,heap        ] GC(266) CMS: 597964K->602063K(7877440K)
[109.062s][info][gc,metaspace   ] GC(266) Metaspace: 85741K(91820K)->85741K(91820K) NonClass: 74727K(77856K)->74727K(77856K) Class: 11014K(13964K)->11014K(13964K)
[109.062s][info][gc             ] GC(266) Pause Young (Allocation Failure) 1033M->637M(8142M) 48.373ms
[109.062s][info][gc,cpu         ] GC(266) User=0.14s Sys=0.00s Real=0.05s
[109.466s][info][gc,start       ] GC(267) Pause Young (Allocation Failure)
[109.466s][info][gc,task        ] GC(267) Using 6 workers of 6 for evacuation
[109.528s][info][gc,heap        ] GC(267) ParNew: 459467K->51072K(460096K)
[109.528s][info][gc,heap        ] GC(267) CMS: 602063K->638599K(7877440K)
[109.528s][info][gc,metaspace   ] GC(267) Metaspace: 85755K(91820K)->85755K(91820K) NonClass: 74741K(77856K)->74741K(77856K) Class: 11014K(13964K)->11014K(13964K)
[109.528s][info][gc             ] GC(267) Pause Young (Allocation Failure) 1036M->673M(8142M) 62.649ms
[109.528s][info][gc,cpu         ] GC(267) User=0.36s Sys=0.00s Real=0.06s
[109.717s][info][gc,start       ] GC(268) Pause Young (Allocation Failure)
[109.717s][info][gc,task        ] GC(268) Using 6 workers of 6 for evacuation
[109.766s][info][gc,heap        ] GC(268) ParNew: 460096K->51072K(460096K)
[109.766s][info][gc,heap        ] GC(268) CMS: 638599K->653670K(7877440K)
[109.766s][info][gc,metaspace   ] GC(268) Metaspace: 85765K(91820K)->85765K(91820K) NonClass: 74751K(77856K)->74751K(77856K) Class: 11014K(13964K)->11014K(13964K)
[109.766s][info][gc             ] GC(268) Pause Young (Allocation Failure) 1072M->688M(8142M) 49.259ms
[109.766s][info][gc,cpu         ] GC(268) User=0.27s Sys=0.00s Real=0.06s
[109.908s][info][gc,start       ] GC(269) Pause Full (System.gc())
[109.910s][info][gc,phases,start] GC(269) Phase 1: Mark live objects
[110.048s][info][gc,phases      ] GC(269) Phase 1: Mark live objects 137.910ms
[110.048s][info][gc,phases,start] GC(269) Phase 2: Compute new object addresses
[110.270s][info][gc,phases      ] GC(269) Phase 2: Compute new object addresses 221.938ms
[110.270s][info][gc,phases,start] GC(269) Phase 3: Adjust pointers
[110.349s][info][gc,phases      ] GC(269) Phase 3: Adjust pointers 79.573ms
[110.349s][info][gc,phases,start] GC(269) Phase 4: Move objects
[110.378s][info][gc,phases      ] GC(269) Phase 4: Move objects 28.858ms
[110.384s][info][gc,heap        ] GC(269) ParNew: 450238K->0K(460096K)
[110.384s][info][gc,heap        ] GC(269) CMS: 653670K->166593K(7877440K)
[110.384s][info][gc,metaspace   ] GC(269) Metaspace: 85765K(91820K)->85765K(91820K) NonClass: 74751K(77856K)->74751K(77856K) Class: 11014K(13964K)->11014K(13964K)
[110.385s][info][gc             ] GC(269) Pause Full (System.gc()) 1078M->162M(8142M) 477.089ms
[110.385s][info][gc,cpu         ] GC(269) User=0.47s Sys=0.00s Real=0.47s
[110.538s][info][gc,start       ] GC(270) Pause Young (Allocation Failure)
[110.539s][info][gc,task        ] GC(270) Using 6 workers of 6 for evacuation
[110.634s][info][gc,heap        ] GC(270) ParNew: 409024K->51072K(460096K)
[110.634s][info][gc,heap        ] GC(270) CMS: 166593K->226616K(7877440K)
[110.634s][info][gc,metaspace   ] GC(270) Metaspace: 85796K(91820K)->85796K(91820K) NonClass: 74777K(77856K)->74777K(77856K) Class: 11019K(13964K)->11019K(13964K)
[110.634s][info][gc             ] GC(270) Pause Young (Allocation Failure) 562M->271M(8142M) 95.852ms
[110.634s][info][gc,cpu         ] GC(270) User=0.27s Sys=0.00s Real=0.09s
[110.808s][info][gc,start       ] GC(271) Pause Young (Allocation Failure)
[110.808s][info][gc,task        ] GC(271) Using 6 workers of 6 for evacuation
[110.881s][info][gc,heap        ] GC(271) ParNew: 459587K->51072K(460096K)
[110.881s][info][gc,heap        ] GC(271) CMS: 226616K->275270K(7877440K)
[110.881s][info][gc,metaspace   ] GC(271) Metaspace: 85796K(91820K)->85796K(91820K) NonClass: 74777K(77856K)->74777K(77856K) Class: 11019K(13964K)->11019K(13964K)
[110.881s][info][gc             ] GC(271) Pause Young (Allocation Failure) 670M->318M(8142M) 72.740ms
[110.881s][info][gc,cpu         ] GC(271) User=0.17s Sys=0.00s Real=0.08s
[111.066s][info][gc,start       ] GC(272) Pause Young (Allocation Failure)
[111.066s][info][gc,task        ] GC(272) Using 6 workers of 6 for evacuation
[111.147s][info][gc,heap        ] GC(272) ParNew: 460096K->51072K(460096K)
[111.147s][info][gc,heap        ] GC(272) CMS: 275270K->308889K(7877440K)
[111.147s][info][gc,metaspace   ] GC(272) Metaspace: 85796K(91820K)->85796K(91820K) NonClass: 74777K(77856K)->74777K(77856K) Class: 11019K(13964K)->11019K(13964K)
[111.147s][info][gc             ] GC(272) Pause Young (Allocation Failure) 718M->351M(8142M) 80.954ms
[111.147s][info][gc,cpu         ] GC(272) User=0.53s Sys=0.00s Real=0.08s
[111.342s][info][gc,start       ] GC(273) Pause Young (Allocation Failure)
[111.342s][info][gc,task        ] GC(273) Using 6 workers of 6 for evacuation
[111.411s][info][gc,heap        ] GC(273) ParNew: 460096K->36592K(460096K)
[111.411s][info][gc,heap        ] GC(273) CMS: 308889K->348850K(7877440K)
[111.411s][info][gc,metaspace   ] GC(273) Metaspace: 85796K(91820K)->85796K(91820K) NonClass: 74777K(77856K)->74777K(77856K) Class: 11019K(13964K)->11019K(13964K)
[111.411s][info][gc             ] GC(273) Pause Young (Allocation Failure) 750M->376M(8142M) 69.301ms
[111.411s][info][gc,cpu         ] GC(273) User=0.38s Sys=0.00s Real=0.06s
[112.011s][info][gc,start       ] GC(274) Pause Young (Allocation Failure)
[112.011s][info][gc,task        ] GC(274) Using 6 workers of 6 for evacuation
[112.105s][info][gc,heap        ] GC(274) ParNew: 445616K->51072K(460096K)
[112.105s][info][gc,heap        ] GC(274) CMS: 348850K->374871K(7877440K)
[112.105s][info][gc,metaspace   ] GC(274) Metaspace: 85806K(91820K)->85806K(91820K) NonClass: 74787K(77856K)->74787K(77856K) Class: 11019K(13964K)->11019K(13964K)
[112.106s][info][gc             ] GC(274) Pause Young (Allocation Failure) 775M->415M(8142M) 94.572ms
[112.106s][info][gc,cpu         ] GC(274) User=0.42s Sys=0.00s Real=0.09s
[112.232s][info][gc,start       ] GC(275) Pause Young (Allocation Failure)
[112.232s][info][gc,task        ] GC(275) Using 6 workers of 6 for evacuation
[112.339s][info][gc,heap        ] GC(275) ParNew: 460096K->51072K(460096K)
[112.339s][info][gc,heap        ] GC(275) CMS: 374871K->439570K(7877440K)
[112.339s][info][gc,metaspace   ] GC(275) Metaspace: 85807K(91820K)->85807K(91820K) NonClass: 74788K(77856K)->74788K(77856K) Class: 11019K(13964K)->11019K(13964K)
[112.339s][info][gc             ] GC(275) Pause Young (Allocation Failure) 815M->479M(8142M) 107.169ms
[112.339s][info][gc,cpu         ] GC(275) User=0.22s Sys=0.00s Real=0.09s
[112.527s][info][gc,start       ] GC(276) Pause Young (Allocation Failure)
[112.527s][info][gc,task        ] GC(276) Using 6 workers of 6 for evacuation
[112.610s][info][gc,heap        ] GC(276) ParNew: 460096K->51072K(460096K)
[112.611s][info][gc,heap        ] GC(276) CMS: 439570K->495398K(7877440K)
[112.611s][info][gc,metaspace   ] GC(276) Metaspace: 85807K(91820K)->85807K(91820K) NonClass: 74788K(77856K)->74788K(77856K) Class: 11019K(13964K)->11019K(13964K)
[112.611s][info][gc             ] GC(276) Pause Young (Allocation Failure) 878M->533M(8142M) 83.584ms
[112.611s][info][gc,cpu         ] GC(276) User=0.27s Sys=0.00s Real=0.09s
[112.794s][info][gc,start       ] GC(277) Pause Young (Allocation Failure)
[112.794s][info][gc,task        ] GC(277) Using 6 workers of 6 for evacuation
[112.867s][info][gc,heap        ] GC(277) ParNew: 460096K->44383K(460096K)
[112.867s][info][gc,heap        ] GC(277) CMS: 495398K->536622K(7877440K)
[112.867s][info][gc,metaspace   ] GC(277) Metaspace: 85807K(91820K)->85807K(91820K) NonClass: 74788K(77856K)->74788K(77856K) Class: 11019K(13964K)->11019K(13964K)
[112.867s][info][gc             ] GC(277) Pause Young (Allocation Failure) 933M->567M(8142M) 72.788ms
[112.867s][info][gc,cpu         ] GC(277) User=0.44s Sys=0.00s Real=0.09s
[113.336s][info][gc,start       ] GC(278) Pause Young (Allocation Failure)
[113.336s][info][gc,task        ] GC(278) Using 6 workers of 6 for evacuation
[113.411s][info][gc,heap        ] GC(278) ParNew: 453407K->33768K(460096K)
[113.411s][info][gc,heap        ] GC(278) CMS: 536622K->563314K(7877440K)
[113.411s][info][gc,metaspace   ] GC(278) Metaspace: 85807K(91820K)->85807K(91820K) NonClass: 74788K(77856K)->74788K(77856K) Class: 11019K(13964K)->11019K(13964K)
[113.411s][info][gc             ] GC(278) Pause Young (Allocation Failure) 966M->583M(8142M) 75.542ms
[113.411s][info][gc,cpu         ] GC(278) User=0.39s Sys=0.00s Real=0.08s
[113.740s][info][gc,start       ] GC(279) Pause Young (Allocation Failure)
[113.740s][info][gc,task        ] GC(279) Using 6 workers of 6 for evacuation
[113.798s][info][gc,heap        ] GC(279) ParNew: 442792K->51072K(460096K)
[113.798s][info][gc,heap        ] GC(279) CMS: 563314K->569987K(7877440K)
[113.798s][info][gc,metaspace   ] GC(279) Metaspace: 85830K(91820K)->85830K(91820K) NonClass: 74808K(77856K)->74808K(77856K) Class: 11021K(13964K)->11021K(13964K)
[113.798s][info][gc             ] GC(279) Pause Young (Allocation Failure) 982M->606M(8142M) 58.495ms
[113.798s][info][gc,cpu         ] GC(279) User=0.23s Sys=0.00s Real=0.05s
[114.116s][info][gc,start       ] GC(280) Pause Young (Allocation Failure)
[114.116s][info][gc,task        ] GC(280) Using 6 workers of 6 for evacuation
[114.186s][info][gc,heap        ] GC(280) ParNew: 460096K->43033K(460096K)
[114.186s][info][gc,heap        ] GC(280) CMS: 569987K->596664K(7877440K)
[114.186s][info][gc,metaspace   ] GC(280) Metaspace: 85855K(91820K)->85855K(91820K) NonClass: 74832K(77856K)->74832K(77856K) Class: 11022K(13964K)->11022K(13964K)
[114.186s][info][gc             ] GC(280) Pause Young (Allocation Failure) 1005M->624M(8142M) 70.267ms
[114.186s][info][gc,cpu         ] GC(280) User=0.17s Sys=0.00s Real=0.08s
[114.416s][info][gc,start       ] GC(281) Pause Young (Allocation Failure)
[114.416s][info][gc,task        ] GC(281) Using 6 workers of 6 for evacuation
[114.465s][info][gc,heap        ] GC(281) ParNew: 452057K->51072K(460096K)
[114.465s][info][gc,heap        ] GC(281) CMS: 596664K->600785K(7877440K)
[114.465s][info][gc,metaspace   ] GC(281) Metaspace: 85865K(91820K)->85865K(91820K) NonClass: 74842K(77856K)->74842K(77856K) Class: 11022K(13964K)->11022K(13964K)
[114.465s][info][gc             ] GC(281) Pause Young (Allocation Failure) 1024M->636M(8142M) 48.820ms
[114.465s][info][gc,cpu         ] GC(281) User=0.09s Sys=0.00s Real=0.05s
[114.856s][info][gc,start       ] GC(282) Pause Young (Allocation Failure)
[114.857s][info][gc,task        ] GC(282) Using 6 workers of 6 for evacuation
[114.910s][info][gc,heap        ] GC(282) ParNew: 460096K->51072K(460096K)
[114.910s][info][gc,heap        ] GC(282) CMS: 600785K->630886K(7877440K)
[114.910s][info][gc,metaspace   ] GC(282) Metaspace: 85890K(91820K)->85890K(91820K) NonClass: 74867K(77856K)->74867K(77856K) Class: 11022K(13964K)->11022K(13964K)
[114.910s][info][gc             ] GC(282) Pause Young (Allocation Failure) 1036M->665M(8142M) 53.993ms
[114.910s][info][gc,cpu         ] GC(282) User=0.30s Sys=0.00s Real=0.05s
[115.126s][info][gc,start       ] GC(283) Pause Young (Allocation Failure)
[115.126s][info][gc,task        ] GC(283) Using 6 workers of 6 for evacuation
[115.181s][info][gc,heap        ] GC(283) ParNew: 460096K->51072K(460096K)
[115.181s][info][gc,heap        ] GC(283) CMS: 630886K->647670K(7877440K)
[115.181s][info][gc,metaspace   ] GC(283) Metaspace: 85906K(91820K)->85906K(91820K) NonClass: 74882K(77856K)->74882K(77856K) Class: 11023K(13964K)->11023K(13964K)
[115.181s][info][gc             ] GC(283) Pause Young (Allocation Failure) 1065M->682M(8142M) 55.753ms
[115.181s][info][gc,cpu         ] GC(283) User=0.30s Sys=0.00s Real=0.05s
[115.323s][info][gc,start       ] GC(284) Pause Full (System.gc())
[115.326s][info][gc,phases,start] GC(284) Phase 1: Mark live objects
[115.463s][info][gc,phases      ] GC(284) Phase 1: Mark live objects 137.107ms
[115.463s][info][gc,phases,start] GC(284) Phase 2: Compute new object addresses
[115.680s][info][gc,phases      ] GC(284) Phase 2: Compute new object addresses 217.058ms
[115.680s][info][gc,phases,start] GC(284) Phase 3: Adjust pointers
[115.760s][info][gc,phases      ] GC(284) Phase 3: Adjust pointers 80.081ms
[115.760s][info][gc,phases,start] GC(284) Phase 4: Move objects
[115.794s][info][gc,phases      ] GC(284) Phase 4: Move objects 34.186ms
[115.800s][info][gc,heap        ] GC(284) ParNew: 445136K->0K(460096K)
[115.800s][info][gc,heap        ] GC(284) CMS: 647670K->166652K(7877440K)
[115.800s][info][gc,metaspace   ] GC(284) Metaspace: 85906K(91820K)->85906K(91820K) NonClass: 74882K(77856K)->74882K(77856K) Class: 11023K(13964K)->11023K(13964K)
[115.801s][info][gc             ] GC(284) Pause Full (System.gc()) 1067M->162M(8142M) 477.686ms
[115.801s][info][gc,cpu         ] GC(284) User=0.45s Sys=0.00s Real=0.48s
[115.954s][info][gc,start       ] GC(285) Pause Young (Allocation Failure)
[115.954s][info][gc,task        ] GC(285) Using 6 workers of 6 for evacuation
[116.049s][info][gc,heap        ] GC(285) ParNew: 409024K->51072K(460096K)
[116.049s][info][gc,heap        ] GC(285) CMS: 166652K->225669K(7877440K)
[116.049s][info][gc,metaspace   ] GC(285) Metaspace: 85907K(91820K)->85907K(91820K) NonClass: 74887K(77856K)->74887K(77856K) Class: 11019K(13964K)->11019K(13964K)
[116.049s][info][gc             ] GC(285) Pause Young (Allocation Failure) 562M->270M(8142M) 94.887ms
[116.049s][info][gc,cpu         ] GC(285) User=0.16s Sys=0.00s Real=0.09s
[116.223s][info][gc,start       ] GC(286) Pause Young (Allocation Failure)
[116.223s][info][gc,task        ] GC(286) Using 6 workers of 6 for evacuation
[116.298s][info][gc,heap        ] GC(286) ParNew: 460096K->51072K(460096K)
[116.298s][info][gc,heap        ] GC(286) CMS: 225669K->278378K(7877440K)
[116.298s][info][gc,metaspace   ] GC(286) Metaspace: 85907K(91820K)->85907K(91820K) NonClass: 74887K(77856K)->74887K(77856K) Class: 11019K(13964K)->11019K(13964K)
[116.298s][info][gc             ] GC(286) Pause Young (Allocation Failure) 669M->321M(8142M) 75.355ms
[116.298s][info][gc,cpu         ] GC(286) User=0.30s Sys=0.00s Real=0.06s
[116.487s][info][gc,start       ] GC(287) Pause Young (Allocation Failure)
[116.487s][info][gc,task        ] GC(287) Using 6 workers of 6 for evacuation
[116.563s][info][gc,heap        ] GC(287) ParNew: 460096K->51072K(460096K)
[116.563s][info][gc,heap        ] GC(287) CMS: 278378K->315725K(7877440K)
[116.563s][info][gc,metaspace   ] GC(287) Metaspace: 85907K(91820K)->85907K(91820K) NonClass: 74887K(77856K)->74887K(77856K) Class: 11019K(13964K)->11019K(13964K)
[116.563s][info][gc             ] GC(287) Pause Young (Allocation Failure) 721M->358M(8142M) 76.162ms
[116.563s][info][gc,cpu         ] GC(287) User=0.36s Sys=0.00s Real=0.06s
[116.760s][info][gc,start       ] GC(288) Pause Young (Allocation Failure)
[116.760s][info][gc,task        ] GC(288) Using 6 workers of 6 for evacuation
[116.832s][info][gc,heap        ] GC(288) ParNew: 460096K->35384K(460096K)
[116.832s][info][gc,heap        ] GC(288) CMS: 315725K->348993K(7877440K)
[116.832s][info][gc,metaspace   ] GC(288) Metaspace: 85907K(91820K)->85907K(91820K) NonClass: 74887K(77856K)->74887K(77856K) Class: 11019K(13964K)->11019K(13964K)
[116.832s][info][gc             ] GC(288) Pause Young (Allocation Failure) 757M->375M(8142M) 72.745ms
[116.832s][info][gc,cpu         ] GC(288) User=0.44s Sys=0.00s Real=0.08s
[117.408s][info][gc,start       ] GC(289) Pause Young (Allocation Failure)
[117.408s][info][gc,task        ] GC(289) Using 6 workers of 6 for evacuation
[117.498s][info][gc,heap        ] GC(289) ParNew: 444408K->51072K(460096K)
[117.498s][info][gc,heap        ] GC(289) CMS: 348993K->374826K(7877440K)
[117.498s][info][gc,metaspace   ] GC(289) Metaspace: 85909K(91820K)->85909K(91820K) NonClass: 74890K(77856K)->74890K(77856K) Class: 11019K(13964K)->11019K(13964K)
[117.498s][info][gc             ] GC(289) Pause Young (Allocation Failure) 774M->415M(8142M) 90.090ms
[117.498s][info][gc,cpu         ] GC(289) User=0.48s Sys=0.00s Real=0.09s
[117.623s][info][gc,start       ] GC(290) Pause Young (Allocation Failure)
[117.623s][info][gc,task        ] GC(290) Using 6 workers of 6 for evacuation
[117.731s][info][gc,heap        ] GC(290) ParNew: 460096K->51072K(460096K)
[117.731s][info][gc,heap        ] GC(290) CMS: 374826K->438748K(7877440K)
[117.731s][info][gc,metaspace   ] GC(290) Metaspace: 85909K(91820K)->85909K(91820K) NonClass: 74890K(77856K)->74890K(77856K) Class: 11019K(13964K)->11019K(13964K)
[117.731s][info][gc             ] GC(290) Pause Young (Allocation Failure) 815M->478M(8142M) 108.501ms
[117.731s][info][gc,cpu         ] GC(290) User=0.36s Sys=0.00s Real=0.11s
[117.917s][info][gc,start       ] GC(291) Pause Young (Allocation Failure)
[117.917s][info][gc,task        ] GC(291) Using 6 workers of 6 for evacuation
[118.004s][info][gc,heap        ] GC(291) ParNew: 460096K->51072K(460096K)
[118.004s][info][gc,heap        ] GC(291) CMS: 438748K->499010K(7877440K)
[118.004s][info][gc,metaspace   ] GC(291) Metaspace: 85909K(91820K)->85909K(91820K) NonClass: 74890K(77856K)->74890K(77856K) Class: 11019K(13964K)->11019K(13964K)
[118.004s][info][gc             ] GC(291) Pause Young (Allocation Failure) 877M->537M(8142M) 87.046ms
[118.004s][info][gc,cpu         ] GC(291) User=0.45s Sys=0.00s Real=0.08s
[118.192s][info][gc,start       ] GC(292) Pause Young (Allocation Failure)
[118.192s][info][gc,task        ] GC(292) Using 6 workers of 6 for evacuation
[118.263s][info][gc,heap        ] GC(292) ParNew: 460096K->43793K(460096K)
[118.263s][info][gc,heap        ] GC(292) CMS: 499010K->537840K(7877440K)
[118.263s][info][gc,metaspace   ] GC(292) Metaspace: 85909K(91820K)->85909K(91820K) NonClass: 74890K(77856K)->74890K(77856K) Class: 11019K(13964K)->11019K(13964K)
[118.263s][info][gc             ] GC(292) Pause Young (Allocation Failure) 936M->568M(8142M) 70.760ms
[118.263s][info][gc,cpu         ] GC(292) User=0.38s Sys=0.00s Real=0.08s
[118.721s][info][gc,start       ] GC(293) Pause Young (Allocation Failure)
[118.721s][info][gc,task        ] GC(293) Using 6 workers of 6 for evacuation
[118.797s][info][gc,heap        ] GC(293) ParNew: 452817K->33546K(460096K)
[118.797s][info][gc,heap        ] GC(293) CMS: 537840K->564408K(7877440K)
[118.797s][info][gc,metaspace   ] GC(293) Metaspace: 85909K(91820K)->85909K(91820K) NonClass: 74890K(77856K)->74890K(77856K) Class: 11019K(13964K)->11019K(13964K)
[118.797s][info][gc             ] GC(293) Pause Young (Allocation Failure) 967M->583M(8142M) 76.154ms
[118.798s][info][gc,cpu         ] GC(293) User=0.36s Sys=0.00s Real=0.08s
[119.143s][info][gc,start       ] GC(294) Pause Young (Allocation Failure)
[119.143s][info][gc,task        ] GC(294) Using 6 workers of 6 for evacuation
[119.200s][info][gc,heap        ] GC(294) ParNew: 442570K->51072K(460096K)
[119.200s][info][gc,heap        ] GC(294) CMS: 564408K->571467K(7877440K)
[119.200s][info][gc,metaspace   ] GC(294) Metaspace: 85931K(91820K)->85931K(91820K) NonClass: 74912K(77856K)->74912K(77856K) Class: 11019K(13964K)->11019K(13964K)
[119.200s][info][gc             ] GC(294) Pause Young (Allocation Failure) 983M->607M(8142M) 57.063ms
[119.200s][info][gc,cpu         ] GC(294) User=0.28s Sys=0.00s Real=0.05s
[119.512s][info][gc,start       ] GC(295) Pause Young (Allocation Failure)
[119.512s][info][gc,task        ] GC(295) Using 6 workers of 6 for evacuation
[119.582s][info][gc,heap        ] GC(295) ParNew: 460096K->48868K(460096K)
[119.582s][info][gc,heap        ] GC(295) CMS: 571467K->598326K(7877440K)
[119.582s][info][gc,metaspace   ] GC(295) Metaspace: 85938K(91820K)->85938K(91820K) NonClass: 74919K(77856K)->74919K(77856K) Class: 11019K(13964K)->11019K(13964K)
[119.582s][info][gc             ] GC(295) Pause Young (Allocation Failure) 1007M->632M(8142M) 70.162ms
[119.582s][info][gc,cpu         ] GC(295) User=0.17s Sys=0.00s Real=0.08s
[119.810s][info][gc,start       ] GC(296) Pause Young (Allocation Failure)
[119.810s][info][gc,task        ] GC(296) Using 6 workers of 6 for evacuation
[119.858s][info][gc,heap        ] GC(296) ParNew: 457892K->51072K(460096K)
[119.858s][info][gc,heap        ] GC(296) CMS: 598326K->602564K(7877440K)
[119.858s][info][gc,metaspace   ] GC(296) Metaspace: 85939K(91820K)->85939K(91820K) NonClass: 74919K(77856K)->74919K(77856K) Class: 11019K(13964K)->11019K(13964K)
[119.858s][info][gc             ] GC(296) Pause Young (Allocation Failure) 1031M->638M(8142M) 48.431ms
[119.858s][info][gc,cpu         ] GC(296) User=0.05s Sys=0.00s Real=0.05s
[120.230s][info][gc,start       ] GC(297) Pause Young (Allocation Failure)
[120.230s][info][gc,task        ] GC(297) Using 6 workers of 6 for evacuation
[120.279s][info][gc,heap        ] GC(297) ParNew: 455610K->51072K(460096K)
[120.279s][info][gc,heap        ] GC(297) CMS: 602564K->616506K(7877440K)
[120.279s][info][gc,metaspace   ] GC(297) Metaspace: 85940K(91820K)->85940K(91820K) NonClass: 74921K(77856K)->74921K(77856K) Class: 11019K(13964K)->11019K(13964K)
[120.279s][info][gc             ] GC(297) Pause Young (Allocation Failure) 1033M->651M(8142M) 48.979ms
[120.279s][info][gc,cpu         ] GC(297) User=0.16s Sys=0.00s Real=0.05s
[120.514s][info][gc,start       ] GC(298) Pause Young (Allocation Failure)
[120.514s][info][gc,task        ] GC(298) Using 6 workers of 6 for evacuation
[120.567s][info][gc,heap        ] GC(298) ParNew: 460096K->51072K(460096K)
[120.567s][info][gc,heap        ] GC(298) CMS: 616506K->632062K(7877440K)
[120.568s][info][gc,metaspace   ] GC(298) Metaspace: 85940K(91820K)->85940K(91820K) NonClass: 74921K(77856K)->74921K(77856K) Class: 11019K(13964K)->11019K(13964K)
[120.568s][info][gc             ] GC(298) Pause Young (Allocation Failure) 1051M->667M(8142M) 53.899ms
[120.568s][info][gc,cpu         ] GC(298) User=0.38s Sys=0.00s Real=0.05s
[120.711s][info][gc,start       ] GC(299) Pause Full (System.gc())
[120.715s][info][gc,phases,start] GC(299) Phase 1: Mark live objects
[120.854s][info][gc,phases      ] GC(299) Phase 1: Mark live objects 139.083ms
[120.854s][info][gc,phases,start] GC(299) Phase 2: Compute new object addresses
[121.074s][info][gc,phases      ] GC(299) Phase 2: Compute new object addresses 219.259ms
[121.074s][info][gc,phases,start] GC(299) Phase 3: Adjust pointers
[121.156s][info][gc,phases      ] GC(299) Phase 3: Adjust pointers 81.986ms
[121.156s][info][gc,phases,start] GC(299) Phase 4: Move objects
[121.185s][info][gc,phases      ] GC(299) Phase 4: Move objects 29.646ms
[121.191s][info][gc,heap        ] GC(299) ParNew: 454662K->0K(460096K)
[121.191s][info][gc,heap        ] GC(299) CMS: 632062K->166712K(7877440K)
[121.191s][info][gc,metaspace   ] GC(299) Metaspace: 85940K(91820K)->85940K(91820K) NonClass: 74921K(77856K)->74921K(77856K) Class: 11019K(13964K)->11019K(13964K)
[121.192s][info][gc             ] GC(299) Pause Full (System.gc()) 1061M->162M(8142M) 480.522ms
[121.192s][info][gc,cpu         ] GC(299) User=0.44s Sys=0.02s Real=0.47s
[121.344s][info][gc,start       ] GC(300) Pause Young (Allocation Failure)
[121.344s][info][gc,task        ] GC(300) Using 6 workers of 6 for evacuation
[121.444s][info][gc,heap        ] GC(300) ParNew: 409024K->51072K(460096K)
[121.444s][info][gc,heap        ] GC(300) CMS: 166712K->225880K(7877440K)
[121.444s][info][gc,metaspace   ] GC(300) Metaspace: 85949K(91820K)->85949K(91820K) NonClass: 74931K(77856K)->74931K(77856K) Class: 11018K(13964K)->11018K(13964K)
[121.444s][info][gc             ] GC(300) Pause Young (Allocation Failure) 562M->270M(8142M) 100.047ms
[121.444s][info][gc,cpu         ] GC(300) User=0.17s Sys=0.02s Real=0.10s
[121.619s][info][gc,start       ] GC(301) Pause Young (Allocation Failure)
[121.619s][info][gc,task        ] GC(301) Using 6 workers of 6 for evacuation
[121.694s][info][gc,heap        ] GC(301) ParNew: 460096K->51072K(460096K)
[121.694s][info][gc,heap        ] GC(301) CMS: 225880K->276313K(7877440K)
[121.694s][info][gc,metaspace   ] GC(301) Metaspace: 85949K(91820K)->85949K(91820K) NonClass: 74931K(77856K)->74931K(77856K) Class: 11018K(13964K)->11018K(13964K)
[121.694s][info][gc             ] GC(301) Pause Young (Allocation Failure) 669M->319M(8142M) 75.832ms
[121.695s][info][gc,cpu         ] GC(301) User=0.16s Sys=0.00s Real=0.08s
[121.883s][info][gc,start       ] GC(302) Pause Young (Allocation Failure)
[121.883s][info][gc,task        ] GC(302) Using 6 workers of 6 for evacuation
[121.960s][info][gc,heap        ] GC(302) ParNew: 460096K->51072K(460096K)
[121.960s][info][gc,heap        ] GC(302) CMS: 276313K->315952K(7877440K)
[121.960s][info][gc,metaspace   ] GC(302) Metaspace: 85949K(91820K)->85949K(91820K) NonClass: 74931K(77856K)->74931K(77856K) Class: 11018K(13964K)->11018K(13964K)
[121.960s][info][gc             ] GC(302) Pause Young (Allocation Failure) 719M->358M(8142M) 77.618ms
[121.960s][info][gc,cpu         ] GC(302) User=0.39s Sys=0.00s Real=0.08s
[122.157s][info][gc,start       ] GC(303) Pause Young (Allocation Failure)
[122.157s][info][gc,task        ] GC(303) Using 6 workers of 6 for evacuation
[122.229s][info][gc,heap        ] GC(303) ParNew: 460096K->35942K(460096K)
[122.229s][info][gc,heap        ] GC(303) CMS: 315952K->348975K(7877440K)
[122.229s][info][gc,metaspace   ] GC(303) Metaspace: 85949K(91820K)->85949K(91820K) NonClass: 74931K(77856K)->74931K(77856K) Class: 11018K(13964K)->11018K(13964K)
[122.229s][info][gc             ] GC(303) Pause Young (Allocation Failure) 757M->375M(8142M) 71.516ms
[122.229s][info][gc,cpu         ] GC(303) User=0.36s Sys=0.00s Real=0.06s
[122.821s][info][gc,start       ] GC(304) Pause Young (Allocation Failure)
[122.821s][info][gc,task        ] GC(304) Using 6 workers of 6 for evacuation
[122.910s][info][gc,heap        ] GC(304) ParNew: 444966K->51072K(460096K)
[122.910s][info][gc,heap        ] GC(304) CMS: 348975K->374532K(7877440K)
[122.910s][info][gc,metaspace   ] GC(304) Metaspace: 85956K(91820K)->85956K(91820K) NonClass: 74938K(77856K)->74938K(77856K) Class: 11018K(13964K)->11018K(13964K)
[122.910s][info][gc             ] GC(304) Pause Young (Allocation Failure) 775M->415M(8142M) 88.799ms
[122.910s][info][gc,cpu         ] GC(304) User=0.38s Sys=0.00s Real=0.09s
[123.038s][info][gc,start       ] GC(305) Pause Young (Allocation Failure)
[123.038s][info][gc,task        ] GC(305) Using 6 workers of 6 for evacuation
[123.153s][info][gc,heap        ] GC(305) ParNew: 460096K->51072K(460096K)
[123.153s][info][gc,heap        ] GC(305) CMS: 374532K->439049K(7877440K)
[123.153s][info][gc,metaspace   ] GC(305) Metaspace: 85956K(91820K)->85956K(91820K) NonClass: 74938K(77856K)->74938K(77856K) Class: 11018K(13964K)->11018K(13964K)
[123.153s][info][gc             ] GC(305) Pause Young (Allocation Failure) 815M->478M(8142M) 115.197ms
[123.153s][info][gc,cpu         ] GC(305) User=0.36s Sys=0.00s Real=0.11s
[123.339s][info][gc,start       ] GC(306) Pause Young (Allocation Failure)
[123.339s][info][gc,task        ] GC(306) Using 6 workers of 6 for evacuation
[123.425s][info][gc,heap        ] GC(306) ParNew: 460096K->51072K(460096K)
[123.425s][info][gc,heap        ] GC(306) CMS: 439049K->500220K(7877440K)
[123.425s][info][gc,metaspace   ] GC(306) Metaspace: 85956K(91820K)->85956K(91820K) NonClass: 74938K(77856K)->74938K(77856K) Class: 11018K(13964K)->11018K(13964K)
[123.426s][info][gc             ] GC(306) Pause Young (Allocation Failure) 878M->538M(8142M) 86.763ms
[123.426s][info][gc,cpu         ] GC(306) User=0.36s Sys=0.00s Real=0.08s
[123.611s][info][gc,start       ] GC(307) Pause Young (Allocation Failure)
[123.611s][info][gc,task        ] GC(307) Using 6 workers of 6 for evacuation
[123.681s][info][gc,heap        ] GC(307) ParNew: 460096K->45325K(460096K)
[123.681s][info][gc,heap        ] GC(307) CMS: 500220K->538801K(7877440K)
[123.681s][info][gc,metaspace   ] GC(307) Metaspace: 85956K(91820K)->85956K(91820K) NonClass: 74938K(77856K)->74938K(77856K) Class: 11018K(13964K)->11018K(13964K)
[123.681s][info][gc             ] GC(307) Pause Young (Allocation Failure) 937M->570M(8142M) 69.742ms
[123.681s][info][gc,cpu         ] GC(307) User=0.39s Sys=0.00s Real=0.08s
[124.152s][info][gc,start       ] GC(308) Pause Young (Allocation Failure)
[124.152s][info][gc,task        ] GC(308) Using 6 workers of 6 for evacuation
[124.227s][info][gc,heap        ] GC(308) ParNew: 454349K->33980K(460096K)
[124.227s][info][gc,heap        ] GC(308) CMS: 538801K->565476K(7877440K)
[124.227s][info][gc,metaspace   ] GC(308) Metaspace: 85956K(91820K)->85956K(91820K) NonClass: 74938K(77856K)->74938K(77856K) Class: 11018K(13964K)->11018K(13964K)
[124.227s][info][gc             ] GC(308) Pause Young (Allocation Failure) 969M->585M(8142M) 74.911ms
[124.227s][info][gc,cpu         ] GC(308) User=0.38s Sys=0.00s Real=0.08s
[124.554s][info][gc,start       ] GC(309) Pause Young (Allocation Failure)
[124.554s][info][gc,task        ] GC(309) Using 6 workers of 6 for evacuation
[124.611s][info][gc,heap        ] GC(309) ParNew: 443004K->51072K(460096K)
[124.612s][info][gc,heap        ] GC(309) CMS: 565476K->572177K(7877440K)
[124.612s][info][gc,metaspace   ] GC(309) Metaspace: 85970K(91820K)->85970K(91820K) NonClass: 74951K(77856K)->74951K(77856K) Class: 11018K(13964K)->11018K(13964K)
[124.612s][info][gc             ] GC(309) Pause Young (Allocation Failure) 984M->608M(8142M) 57.872ms
[124.612s][info][gc,cpu         ] GC(309) User=0.36s Sys=0.00s Real=0.06s
[124.927s][info][gc,start       ] GC(310) Pause Young (Allocation Failure)
[124.927s][info][gc,task        ] GC(310) Using 6 workers of 6 for evacuation
[124.997s][info][gc,heap        ] GC(310) ParNew: 460096K->44742K(460096K)
[124.997s][info][gc,heap        ] GC(310) CMS: 572177K->598812K(7877440K)
[124.997s][info][gc,metaspace   ] GC(310) Metaspace: 85994K(91820K)->85994K(91820K) NonClass: 74975K(77856K)->74975K(77856K) Class: 11018K(13964K)->11018K(13964K)
[124.997s][info][gc             ] GC(310) Pause Young (Allocation Failure) 1008M->628M(8142M) 70.130ms
[124.997s][info][gc,cpu         ] GC(310) User=0.20s Sys=0.02s Real=0.08s
[125.228s][info][gc,start       ] GC(311) Pause Young (Allocation Failure)
[125.228s][info][gc,task        ] GC(311) Using 6 workers of 6 for evacuation
[125.276s][info][gc,heap        ] GC(311) ParNew: 453766K->51072K(460096K)
[125.276s][info][gc,heap        ] GC(311) CMS: 598812K->602988K(7877440K)
[125.276s][info][gc,metaspace   ] GC(311) Metaspace: 86009K(91820K)->86009K(91820K) NonClass: 74990K(77856K)->74990K(77856K) Class: 11018K(13964K)->11018K(13964K)
[125.276s][info][gc             ] GC(311) Pause Young (Allocation Failure) 1027M->638M(8142M) 48.450ms
[125.276s][info][gc,cpu         ] GC(311) User=0.08s Sys=0.00s Real=0.05s
[125.653s][info][gc,start       ] GC(312) Pause Young (Allocation Failure)
[125.653s][info][gc,task        ] GC(312) Using 6 workers of 6 for evacuation
[125.699s][info][gc,heap        ] GC(312) ParNew: 460096K->51072K(460096K)
[125.699s][info][gc,heap        ] GC(312) CMS: 602988K->625842K(7877440K)
[125.699s][info][gc,metaspace   ] GC(312) Metaspace: 86013K(91820K)->86013K(91820K) NonClass: 74995K(77856K)->74995K(77856K) Class: 11018K(13964K)->11018K(13964K)
[125.699s][info][gc             ] GC(312) Pause Young (Allocation Failure) 1038M->661M(8142M) 45.449ms
[125.699s][info][gc,cpu         ] GC(312) User=0.20s Sys=0.00s Real=0.04s
[125.888s][info][gc,start       ] GC(313) Pause Young (Allocation Failure)
[125.888s][info][gc,task        ] GC(313) Using 6 workers of 6 for evacuation
[125.942s][info][gc,heap        ] GC(313) ParNew: 460096K->51072K(460096K)
[125.942s][info][gc,heap        ] GC(313) CMS: 625842K->643566K(7877440K)
[125.942s][info][gc,metaspace   ] GC(313) Metaspace: 86017K(92076K)->86017K(92076K) NonClass: 74999K(78112K)->74999K(78112K) Class: 11018K(13964K)->11018K(13964K)
[125.942s][info][gc             ] GC(313) Pause Young (Allocation Failure) 1060M->678M(8142M) 54.131ms
[125.942s][info][gc,cpu         ] GC(313) User=0.31s Sys=0.00s Real=0.06s
[126.083s][info][gc,start       ] GC(314) Pause Full (System.gc())
[126.085s][info][gc,phases,start] GC(314) Phase 1: Mark live objects
[126.208s][info][gc,phases      ] GC(314) Phase 1: Mark live objects 123.131ms
[126.208s][info][gc,phases,start] GC(314) Phase 2: Compute new object addresses
[126.427s][info][gc,phases      ] GC(314) Phase 2: Compute new object addresses 218.507ms
[126.427s][info][gc,phases,start] GC(314) Phase 3: Adjust pointers
[126.508s][info][gc,phases      ] GC(314) Phase 3: Adjust pointers 80.492ms
[126.508s][info][gc,phases,start] GC(314) Phase 4: Move objects
[126.537s][info][gc,phases      ] GC(314) Phase 4: Move objects 29.281ms
[126.543s][info][gc,heap        ] GC(314) ParNew: 446697K->0K(460096K)
[126.543s][info][gc,heap        ] GC(314) CMS: 643566K->166775K(7877440K)
[126.543s][info][gc,metaspace   ] GC(314) Metaspace: 86017K(92076K)->86017K(92076K) NonClass: 74999K(78112K)->74999K(78112K) Class: 11018K(13964K)->11018K(13964K)
[126.543s][info][gc             ] GC(314) Pause Full (System.gc()) 1064M->162M(8142M) 460.222ms
[126.543s][info][gc,cpu         ] GC(314) User=0.42s Sys=0.00s Real=0.45s
[126.693s][info][gc,start       ] GC(315) Pause Young (Allocation Failure)
[126.693s][info][gc,task        ] GC(315) Using 6 workers of 6 for evacuation
[126.788s][info][gc,heap        ] GC(315) ParNew: 409024K->51072K(460096K)
[126.788s][info][gc,heap        ] GC(315) CMS: 166775K->226097K(7877440K)
[126.788s][info][gc,metaspace   ] GC(315) Metaspace: 86027K(92076K)->86027K(92076K) NonClass: 75009K(78112K)->75009K(78112K) Class: 11018K(13964K)->11018K(13964K)
[126.788s][info][gc             ] GC(315) Pause Young (Allocation Failure) 562M->270M(8142M) 94.975ms
[126.788s][info][gc,cpu         ] GC(315) User=0.27s Sys=0.00s Real=0.09s
[126.959s][info][gc,start       ] GC(316) Pause Young (Allocation Failure)
[126.959s][info][gc,task        ] GC(316) Using 6 workers of 6 for evacuation
[127.034s][info][gc,heap        ] GC(316) ParNew: 460096K->51072K(460096K)
[127.034s][info][gc,heap        ] GC(316) CMS: 226097K->277283K(7877440K)
[127.034s][info][gc,metaspace   ] GC(316) Metaspace: 86027K(92076K)->86027K(92076K) NonClass: 75009K(78112K)->75009K(78112K) Class: 11018K(13964K)->11018K(13964K)
[127.034s][info][gc             ] GC(316) Pause Young (Allocation Failure) 670M->320M(8142M) 75.037ms
[127.034s][info][gc,cpu         ] GC(316) User=0.31s Sys=0.00s Real=0.07s
[127.222s][info][gc,start       ] GC(317) Pause Young (Allocation Failure)
[127.222s][info][gc,task        ] GC(317) Using 6 workers of 6 for evacuation
[127.297s][info][gc,heap        ] GC(317) ParNew: 460096K->51072K(460096K)
[127.297s][info][gc,heap        ] GC(317) CMS: 277283K->309841K(7877440K)
[127.297s][info][gc,metaspace   ] GC(317) Metaspace: 86027K(92076K)->86027K(92076K) NonClass: 75009K(78112K)->75009K(78112K) Class: 11018K(13964K)->11018K(13964K)
[127.297s][info][gc             ] GC(317) Pause Young (Allocation Failure) 720M->352M(8142M) 75.382ms
[127.297s][info][gc,cpu         ] GC(317) User=0.41s Sys=0.00s Real=0.08s
[127.493s][info][gc,start       ] GC(318) Pause Young (Allocation Failure)
[127.493s][info][gc,task        ] GC(318) Using 6 workers of 6 for evacuation
[127.561s][info][gc,heap        ] GC(318) ParNew: 460096K->35655K(460096K)
[127.561s][info][gc,heap        ] GC(318) CMS: 309841K->349197K(7877440K)
[127.561s][info][gc,metaspace   ] GC(318) Metaspace: 86027K(92076K)->86027K(92076K) NonClass: 75009K(78112K)->75009K(78112K) Class: 11018K(13964K)->11018K(13964K)
[127.561s][info][gc             ] GC(318) Pause Young (Allocation Failure) 751M->375M(8142M) 68.358ms
[127.561s][info][gc,cpu         ] GC(318) User=0.39s Sys=0.00s Real=0.08s
[128.161s][info][gc,start       ] GC(319) Pause Young (Allocation Failure)
[128.161s][info][gc,task        ] GC(319) Using 6 workers of 6 for evacuation
[128.252s][info][gc,heap        ] GC(319) ParNew: 444679K->51072K(460096K)
[128.252s][info][gc,heap        ] GC(319) CMS: 349197K->375197K(7877440K)
[128.252s][info][gc,metaspace   ] GC(319) Metaspace: 86072K(92076K)->86072K(92076K) NonClass: 75053K(78112K)->75053K(78112K) Class: 11018K(13964K)->11018K(13964K)
[128.252s][info][gc             ] GC(319) Pause Young (Allocation Failure) 775M->416M(8142M) 91.410ms
[128.252s][info][gc,cpu         ] GC(319) User=0.48s Sys=0.00s Real=0.10s
[128.379s][info][gc,start       ] GC(320) Pause Young (Allocation Failure)
[128.379s][info][gc,task        ] GC(320) Using 6 workers of 6 for evacuation
[128.488s][info][gc,heap        ] GC(320) ParNew: 460096K->51072K(460096K)
[128.488s][info][gc,heap        ] GC(320) CMS: 375197K->440481K(7877440K)
[128.488s][info][gc,metaspace   ] GC(320) Metaspace: 86072K(92076K)->86072K(92076K) NonClass: 75053K(78112K)->75053K(78112K) Class: 11018K(13964K)->11018K(13964K)
[128.488s][info][gc             ] GC(320) Pause Young (Allocation Failure) 815M->480M(8142M) 108.604ms
[128.488s][info][gc,cpu         ] GC(320) User=0.19s Sys=0.00s Real=0.11s
[128.674s][info][gc,start       ] GC(321) Pause Young (Allocation Failure)
[128.675s][info][gc,task        ] GC(321) Using 6 workers of 6 for evacuation
[128.759s][info][gc,heap        ] GC(321) ParNew: 460096K->51072K(460096K)
[128.759s][info][gc,heap        ] GC(321) CMS: 440481K->493878K(7877440K)
[128.759s][info][gc,metaspace   ] GC(321) Metaspace: 86073K(92076K)->86073K(92076K) NonClass: 75055K(78112K)->75055K(78112K) Class: 11018K(13964K)->11018K(13964K)
[128.759s][info][gc             ] GC(321) Pause Young (Allocation Failure) 879M->532M(8142M) 84.509ms
[128.759s][info][gc,cpu         ] GC(321) User=0.47s Sys=0.00s Real=0.08s
[128.945s][info][gc,start       ] GC(322) Pause Young (Allocation Failure)
[128.945s][info][gc,task        ] GC(322) Using 6 workers of 6 for evacuation
[129.019s][info][gc,heap        ] GC(322) ParNew: 460096K->47215K(460096K)
[129.019s][info][gc,heap        ] GC(322) CMS: 493878K->536919K(7877440K)
[129.019s][info][gc,metaspace   ] GC(322) Metaspace: 86073K(92076K)->86073K(92076K) NonClass: 75055K(78112K)->75055K(78112K) Class: 11018K(13964K)->11018K(13964K)
[129.019s][info][gc             ] GC(322) Pause Young (Allocation Failure) 931M->570M(8142M) 74.298ms
[129.019s][info][gc,cpu         ] GC(322) User=0.39s Sys=0.00s Real=0.08s
[129.473s][info][gc,start       ] GC(323) Pause Young (Allocation Failure)
[129.473s][info][gc,task        ] GC(323) Using 6 workers of 6 for evacuation
[129.548s][info][gc,heap        ] GC(323) ParNew: 456239K->34412K(460096K)
[129.548s][info][gc,heap        ] GC(323) CMS: 536919K->563582K(7877440K)
[129.548s][info][gc,metaspace   ] GC(323) Metaspace: 86073K(92076K)->86073K(92076K) NonClass: 75055K(78112K)->75055K(78112K) Class: 11018K(13964K)->11018K(13964K)
[129.548s][info][gc             ] GC(323) Pause Young (Allocation Failure) 969M->583M(8142M) 75.032ms
[129.548s][info][gc,cpu         ] GC(323) User=0.38s Sys=0.00s Real=0.06s
[129.889s][info][gc,start       ] GC(324) Pause Young (Allocation Failure)
[129.889s][info][gc,task        ] GC(324) Using 6 workers of 6 for evacuation
[129.946s][info][gc,heap        ] GC(324) ParNew: 443436K->51072K(460096K)
[129.946s][info][gc,heap        ] GC(324) CMS: 563582K->569766K(7877440K)
[129.946s][info][gc,metaspace   ] GC(324) Metaspace: 86087K(92076K)->86087K(92076K) NonClass: 75069K(78112K)->75069K(78112K) Class: 11018K(13964K)->11018K(13964K)
[129.946s][info][gc             ] GC(324) Pause Young (Allocation Failure) 983M->606M(8142M) 56.468ms
[129.946s][info][gc,cpu         ] GC(324) User=0.25s Sys=0.00s Real=0.06s
[130.271s][info][gc,start       ] GC(325) Pause Young (Allocation Failure)
[130.271s][info][gc,task        ] GC(325) Using 6 workers of 6 for evacuation
[130.341s][info][gc,heap        ] GC(325) ParNew: 460096K->42647K(460096K)
[130.341s][info][gc,heap        ] GC(325) CMS: 569766K->596032K(7877440K)
[130.341s][info][gc,metaspace   ] GC(325) Metaspace: 86107K(92076K)->86107K(92076K) NonClass: 75088K(78112K)->75088K(78112K) Class: 11018K(13964K)->11018K(13964K)
[130.341s][info][gc             ] GC(325) Pause Young (Allocation Failure) 1005M->623M(8142M) 69.575ms
[130.341s][info][gc,cpu         ] GC(325) User=0.23s Sys=0.00s Real=0.08s
[130.574s][info][gc,start       ] GC(326) Pause Young (Allocation Failure)
[130.575s][info][gc,task        ] GC(326) Using 6 workers of 6 for evacuation
[130.622s][info][gc,heap        ] GC(326) ParNew: 451671K->51072K(460096K)
[130.622s][info][gc,heap        ] GC(326) CMS: 596032K->599892K(7877440K)
[130.622s][info][gc,metaspace   ] GC(326) Metaspace: 86112K(92076K)->86112K(92076K) NonClass: 75094K(78112K)->75094K(78112K) Class: 11018K(13964K)->11018K(13964K)
[130.622s][info][gc             ] GC(326) Pause Young (Allocation Failure) 1023M->635M(8142M) 47.806ms
[130.622s][info][gc,cpu         ] GC(326) User=0.14s Sys=0.00s Real=0.05s
[130.993s][info][gc,start       ] GC(327) Pause Young (Allocation Failure)
[130.994s][info][gc,task        ] GC(327) Using 6 workers of 6 for evacuation
[131.036s][info][gc,heap        ] GC(327) ParNew: 457124K->51072K(460096K)
[131.036s][info][gc,heap        ] GC(327) CMS: 599892K->606646K(7877440K)
[131.036s][info][gc,metaspace   ] GC(327) Metaspace: 86116K(92076K)->86116K(92076K) NonClass: 75098K(78112K)->75098K(78112K) Class: 11018K(13964K)->11018K(13964K)
[131.036s][info][gc             ] GC(327) Pause Young (Allocation Failure) 1032M->642M(8142M) 42.606ms
[131.036s][info][gc,cpu         ] GC(327) User=0.12s Sys=0.00s Real=0.03s
[131.297s][info][gc,start       ] GC(328) Pause Young (Allocation Failure)
[131.297s][info][gc,task        ] GC(328) Using 6 workers of 6 for evacuation
[131.353s][info][gc,heap        ] GC(328) ParNew: 460096K->51072K(460096K)
[131.353s][info][gc,heap        ] GC(328) CMS: 606646K->628185K(7877440K)
[131.353s][info][gc,metaspace   ] GC(328) Metaspace: 86121K(92076K)->86121K(92076K) NonClass: 75103K(78112K)->75103K(78112K) Class: 11018K(13964K)->11018K(13964K)
[131.353s][info][gc             ] GC(328) Pause Young (Allocation Failure) 1041M->663M(8142M) 55.647ms
[131.353s][info][gc,cpu         ] GC(328) User=0.28s Sys=0.00s Real=0.05s
[131.497s][info][gc,start       ] GC(329) Pause Full (System.gc())
[131.499s][info][gc,phases,start] GC(329) Phase 1: Mark live objects
[131.620s][info][gc,phases      ] GC(329) Phase 1: Mark live objects 121.031ms
[131.620s][info][gc,phases,start] GC(329) Phase 2: Compute new object addresses
[131.840s][info][gc,phases      ] GC(329) Phase 2: Compute new object addresses 219.570ms
[131.840s][info][gc,phases,start] GC(329) Phase 3: Adjust pointers
[131.921s][info][gc,phases      ] GC(329) Phase 3: Adjust pointers 81.153ms
[131.921s][info][gc,phases,start] GC(329) Phase 4: Move objects
[131.954s][info][gc,phases      ] GC(329) Phase 4: Move objects 32.939ms
[131.960s][info][gc,heap        ] GC(329) ParNew: 456656K->0K(460096K)
[131.960s][info][gc,heap        ] GC(329) CMS: 628185K->166828K(7877440K)
[131.960s][info][gc,metaspace   ] GC(329) Metaspace: 86121K(92076K)->86121K(92076K) NonClass: 75103K(78112K)->75103K(78112K) Class: 11018K(13964K)->11018K(13964K)
[131.961s][info][gc             ] GC(329) Pause Full (System.gc()) 1059M->162M(8142M) 463.824ms
[131.961s][info][gc,cpu         ] GC(329) User=0.39s Sys=0.00s Real=0.46s
[132.117s][info][gc,start       ] GC(330) Pause Young (Allocation Failure)
[132.117s][info][gc,task        ] GC(330) Using 6 workers of 6 for evacuation
[132.212s][info][gc,heap        ] GC(330) ParNew: 409024K->51072K(460096K)
[132.212s][info][gc,heap        ] GC(330) CMS: 166828K->226289K(7877440K)
[132.212s][info][gc,metaspace   ] GC(330) Metaspace: 86125K(92076K)->86125K(92076K) NonClass: 75107K(78112K)->75107K(78112K) Class: 11018K(13964K)->11018K(13964K)
[132.212s][info][gc             ] GC(330) Pause Young (Allocation Failure) 562M->270M(8142M) 95.462ms
[132.212s][info][gc,cpu         ] GC(330) User=0.12s Sys=0.00s Real=0.09s
[132.389s][info][gc,start       ] GC(331) Pause Young (Allocation Failure)
[132.389s][info][gc,task        ] GC(331) Using 6 workers of 6 for evacuation
[132.466s][info][gc,heap        ] GC(331) ParNew: 460096K->51072K(460096K)
[132.466s][info][gc,heap        ] GC(331) CMS: 226289K->278244K(7877440K)
[132.466s][info][gc,metaspace   ] GC(331) Metaspace: 86125K(92076K)->86125K(92076K) NonClass: 75107K(78112K)->75107K(78112K) Class: 11018K(13964K)->11018K(13964K)
[132.466s][info][gc             ] GC(331) Pause Young (Allocation Failure) 670M->321M(8142M) 76.984ms
[132.466s][info][gc,cpu         ] GC(331) User=0.34s Sys=0.00s Real=0.09s
[132.650s][info][gc,start       ] GC(332) Pause Young (Allocation Failure)
[132.650s][info][gc,task        ] GC(332) Using 6 workers of 6 for evacuation
[132.726s][info][gc,heap        ] GC(332) ParNew: 460096K->51072K(460096K)
[132.726s][info][gc,heap        ] GC(332) CMS: 278244K->313920K(7877440K)
[132.726s][info][gc,metaspace   ] GC(332) Metaspace: 86125K(92076K)->86125K(92076K) NonClass: 75107K(78112K)->75107K(78112K) Class: 11018K(13964K)->11018K(13964K)
[132.726s][info][gc             ] GC(332) Pause Young (Allocation Failure) 721M->356M(8142M) 76.694ms
[132.726s][info][gc,cpu         ] GC(332) User=0.39s Sys=0.00s Real=0.08s
[132.920s][info][gc,start       ] GC(333) Pause Young (Allocation Failure)
[132.920s][info][gc,task        ] GC(333) Using 6 workers of 6 for evacuation
[132.992s][info][gc,heap        ] GC(333) ParNew: 460096K->38177K(460096K)
[132.992s][info][gc,heap        ] GC(333) CMS: 313920K->350208K(7877440K)
[132.992s][info][gc,metaspace   ] GC(333) Metaspace: 86125K(92076K)->86125K(92076K) NonClass: 75107K(78112K)->75107K(78112K) Class: 11018K(13964K)->11018K(13964K)
[132.992s][info][gc             ] GC(333) Pause Young (Allocation Failure) 755M->379M(8142M) 71.685ms
[132.992s][info][gc,cpu         ] GC(333) User=0.39s Sys=0.00s Real=0.08s
[133.606s][info][gc,start       ] GC(334) Pause Young (Allocation Failure)
[133.606s][info][gc,task        ] GC(334) Using 6 workers of 6 for evacuation
[133.696s][info][gc,heap        ] GC(334) ParNew: 447201K->51072K(460096K)
[133.696s][info][gc,heap        ] GC(334) CMS: 350208K->375744K(7877440K)
[133.696s][info][gc,metaspace   ] GC(334) Metaspace: 86141K(92076K)->86141K(92076K) NonClass: 75122K(78112K)->75122K(78112K) Class: 11018K(13964K)->11018K(13964K)
[133.696s][info][gc             ] GC(334) Pause Young (Allocation Failure) 778M->416M(8142M) 90.293ms
[133.696s][info][gc,cpu         ] GC(334) User=0.48s Sys=0.00s Real=0.09s
[133.823s][info][gc,start       ] GC(335) Pause Young (Allocation Failure)
[133.823s][info][gc,task        ] GC(335) Using 6 workers of 6 for evacuation
[133.931s][info][gc,heap        ] GC(335) ParNew: 460096K->51072K(460096K)
[133.931s][info][gc,heap        ] GC(335) CMS: 375744K->439097K(7877440K)
[133.931s][info][gc,metaspace   ] GC(335) Metaspace: 86141K(92076K)->86141K(92076K) NonClass: 75122K(78112K)->75122K(78112K) Class: 11018K(13964K)->11018K(13964K)
[133.932s][info][gc             ] GC(335) Pause Young (Allocation Failure) 816M->478M(8142M) 108.148ms
[133.932s][info][gc,cpu         ] GC(335) User=0.27s Sys=0.00s Real=0.11s
[134.122s][info][gc,start       ] GC(336) Pause Young (Allocation Failure)
[134.122s][info][gc,task        ] GC(336) Using 6 workers of 6 for evacuation
[134.205s][info][gc,heap        ] GC(336) ParNew: 460096K->51072K(460096K)
[134.205s][info][gc,heap        ] GC(336) CMS: 439097K->494994K(7877440K)
[134.205s][info][gc,metaspace   ] GC(336) Metaspace: 86141K(92076K)->86141K(92076K) NonClass: 75122K(78112K)->75122K(78112K) Class: 11018K(13964K)->11018K(13964K)
[134.206s][info][gc             ] GC(336) Pause Young (Allocation Failure) 878M->533M(8142M) 83.581ms
[134.206s][info][gc,cpu         ] GC(336) User=0.42s Sys=0.00s Real=0.08s
[134.390s][info][gc,start       ] GC(337) Pause Young (Allocation Failure)
[134.390s][info][gc,task        ] GC(337) Using 6 workers of 6 for evacuation
[134.463s][info][gc,heap        ] GC(337) ParNew: 460096K->45931K(460096K)
[134.463s][info][gc,heap        ] GC(337) CMS: 494994K->536506K(7877440K)
[134.463s][info][gc,metaspace   ] GC(337) Metaspace: 86141K(92076K)->86141K(92076K) NonClass: 75122K(78112K)->75122K(78112K) Class: 11018K(13964K)->11018K(13964K)
[134.463s][info][gc             ] GC(337) Pause Young (Allocation Failure) 932M->568M(8142M) 73.526ms
[134.463s][info][gc,cpu         ] GC(337) User=0.38s Sys=0.00s Real=0.08s
[134.919s][info][gc,start       ] GC(338) Pause Young (GCLocker Initiated GC)
[134.919s][info][gc,task        ] GC(338) Using 6 workers of 6 for evacuation
[134.994s][info][gc,heap        ] GC(338) ParNew: 454955K->34099K(460096K)
[134.994s][info][gc,heap        ] GC(338) CMS: 536506K->563082K(7877440K)
[134.994s][info][gc,metaspace   ] GC(338) Metaspace: 86141K(92076K)->86141K(92076K) NonClass: 75122K(78112K)->75122K(78112K) Class: 11018K(13964K)->11018K(13964K)
[134.994s][info][gc             ] GC(338) Pause Young (GCLocker Initiated GC) 968M->583M(8142M) 75.058ms
[134.994s][info][gc,cpu         ] GC(338) User=0.36s Sys=0.00s Real=0.06s
[135.346s][info][gc,start       ] GC(339) Pause Young (Allocation Failure)
[135.346s][info][gc,task        ] GC(339) Using 6 workers of 6 for evacuation
[135.402s][info][gc,heap        ] GC(339) ParNew: 443123K->51072K(460096K)
[135.403s][info][gc,heap        ] GC(339) CMS: 563082K->569365K(7877440K)
[135.403s][info][gc,metaspace   ] GC(339) Metaspace: 86165K(92076K)->86165K(92076K) NonClass: 75147K(78112K)->75147K(78112K) Class: 11018K(13964K)->11018K(13964K)
[135.403s][info][gc             ] GC(339) Pause Young (Allocation Failure) 982M->605M(8142M) 57.064ms
[135.403s][info][gc,cpu         ] GC(339) User=0.28s Sys=0.00s Real=0.05s
[135.716s][info][gc,start       ] GC(340) Pause Young (Allocation Failure)
[135.717s][info][gc,task        ] GC(340) Using 6 workers of 6 for evacuation
[135.787s][info][gc,heap        ] GC(340) ParNew: 460096K->40279K(460096K)
[135.787s][info][gc,heap        ] GC(340) CMS: 569365K->596382K(7877440K)
[135.787s][info][gc,metaspace   ] GC(340) Metaspace: 86181K(92076K)->86181K(92076K) NonClass: 75162K(78112K)->75162K(78112K) Class: 11018K(13964K)->11018K(13964K)
[135.787s][info][gc             ] GC(340) Pause Young (Allocation Failure) 1005M->621M(8142M) 70.262ms
[135.787s][info][gc,cpu         ] GC(340) User=0.16s Sys=0.02s Real=0.08s
[136.016s][info][gc,start       ] GC(341) Pause Young (Allocation Failure)
[136.016s][info][gc,task        ] GC(341) Using 6 workers of 6 for evacuation
[136.064s][info][gc,heap        ] GC(341) ParNew: 449303K->51072K(460096K)
[136.064s][info][gc,heap        ] GC(341) CMS: 596382K->600189K(7877440K)
[136.064s][info][gc,metaspace   ] GC(341) Metaspace: 86206K(92076K)->86206K(92076K) NonClass: 75188K(78112K)->75188K(78112K) Class: 11018K(13964K)->11018K(13964K)
[136.064s][info][gc             ] GC(341) Pause Young (Allocation Failure) 1021M->635M(8142M) 48.084ms
[136.064s][info][gc,cpu         ] GC(341) User=0.12s Sys=0.00s Real=0.05s
[136.442s][info][gc,start       ] GC(342) Pause Young (Allocation Failure)
[136.442s][info][gc,task        ] GC(342) Using 6 workers of 6 for evacuation
[136.483s][info][gc,heap        ] GC(342) ParNew: 459977K->51072K(460096K)
[136.483s][info][gc,heap        ] GC(342) CMS: 600189K->620360K(7877440K)
[136.483s][info][gc,metaspace   ] GC(342) Metaspace: 86208K(92076K)->86208K(92076K) NonClass: 75190K(78112K)->75190K(78112K) Class: 11018K(13964K)->11018K(13964K)
[136.483s][info][gc             ] GC(342) Pause Young (Allocation Failure) 1035M->655M(8142M) 41.530ms
[136.483s][info][gc,cpu         ] GC(342) User=0.06s Sys=0.00s Real=0.05s
[136.660s][info][gc,start       ] GC(343) Pause Young (Allocation Failure)
[136.661s][info][gc,task        ] GC(343) Using 6 workers of 6 for evacuation
[136.716s][info][gc,heap        ] GC(343) ParNew: 460096K->51072K(460096K)
[136.716s][info][gc,heap        ] GC(343) CMS: 620360K->635983K(7877440K)
[136.716s][info][gc,metaspace   ] GC(343) Metaspace: 86210K(92076K)->86210K(92076K) NonClass: 75192K(78112K)->75192K(78112K) Class: 11018K(13964K)->11018K(13964K)
[136.716s][info][gc             ] GC(343) Pause Young (Allocation Failure) 1055M->670M(8142M) 55.933ms
[136.716s][info][gc,cpu         ] GC(343) User=0.30s Sys=0.00s Real=0.06s
[136.860s][info][gc,start       ] GC(344) Pause Young (Allocation Failure)
[136.860s][info][gc,task        ] GC(344) Using 6 workers of 6 for evacuation
[137.077s][info][gc,heap        ] GC(344) ParNew: 460096K->51072K(460096K)
[137.077s][info][gc,heap        ] GC(344) CMS: 635983K->697068K(7877440K)
[137.077s][info][gc,metaspace   ] GC(344) Metaspace: 86211K(92076K)->86211K(92076K) NonClass: 75192K(78112K)->75192K(78112K) Class: 11018K(13964K)->11018K(13964K)
[137.077s][info][gc             ] GC(344) Pause Young (Allocation Failure) 1070M->730M(8142M) 217.003ms
[137.077s][info][gc,cpu         ] GC(344) User=1.20s Sys=0.00s Real=0.22s
[137.080s][info][gc,start       ] GC(345) Pause Full (System.gc())
[137.084s][info][gc,phases,start] GC(345) Phase 1: Mark live objects
[137.206s][info][gc,phases      ] GC(345) Phase 1: Mark live objects 122.396ms
[137.206s][info][gc,phases,start] GC(345) Phase 2: Compute new object addresses
[137.382s][info][gc,phases      ] GC(345) Phase 2: Compute new object addresses 175.212ms
[137.382s][info][gc,phases,start] GC(345) Phase 3: Adjust pointers
[137.462s][info][gc,phases      ] GC(345) Phase 3: Adjust pointers 80.221ms
[137.462s][info][gc,phases,start] GC(345) Phase 4: Move objects
[137.495s][info][gc,phases      ] GC(345) Phase 4: Move objects 33.117ms
[137.501s][info][gc,heap        ] GC(345) ParNew: 59639K->0K(460096K)
[137.501s][info][gc,heap        ] GC(345) CMS: 697068K->166880K(7877440K)
[137.501s][info][gc,metaspace   ] GC(345) Metaspace: 86211K(92076K)->86211K(92076K) NonClass: 75192K(78112K)->75192K(78112K) Class: 11018K(13964K)->11018K(13964K)
[137.502s][info][gc             ] GC(345) Pause Full (System.gc()) 738M->162M(8142M) 421.180ms
[137.502s][info][gc,cpu         ] GC(345) User=0.41s Sys=0.00s Real=0.42s
[137.652s][info][gc,start       ] GC(346) Pause Young (Allocation Failure)
[137.652s][info][gc,task        ] GC(346) Using 6 workers of 6 for evacuation
[137.747s][info][gc,heap        ] GC(346) ParNew: 409024K->51072K(460096K)
[137.747s][info][gc,heap        ] GC(346) CMS: 166880K->226903K(7877440K)
[137.747s][info][gc,metaspace   ] GC(346) Metaspace: 86258K(92332K)->86258K(92332K) NonClass: 75240K(78368K)->75240K(78368K) Class: 11018K(13964K)->11018K(13964K)
[137.747s][info][gc             ] GC(346) Pause Young (Allocation Failure) 562M->271M(8142M) 95.377ms
[137.747s][info][gc,cpu         ] GC(346) User=0.22s Sys=0.00s Real=0.09s
[137.921s][info][gc,start       ] GC(347) Pause Young (Allocation Failure)
[137.921s][info][gc,task        ] GC(347) Using 6 workers of 6 for evacuation
[137.994s][info][gc,heap        ] GC(347) ParNew: 460096K->51072K(460096K)
[137.994s][info][gc,heap        ] GC(347) CMS: 226903K->275691K(7877440K)
[137.994s][info][gc,metaspace   ] GC(347) Metaspace: 86258K(92332K)->86258K(92332K) NonClass: 75240K(78368K)->75240K(78368K) Class: 11018K(13964K)->11018K(13964K)
[137.994s][info][gc             ] GC(347) Pause Young (Allocation Failure) 670M->319M(8142M) 73.054ms
[137.994s][info][gc,cpu         ] GC(347) User=0.38s Sys=0.00s Real=0.06s
[138.184s][info][gc,start       ] GC(348) Pause Young (Allocation Failure)
[138.184s][info][gc,task        ] GC(348) Using 6 workers of 6 for evacuation
[138.262s][info][gc,heap        ] GC(348) ParNew: 460096K->51072K(460096K)
[138.263s][info][gc,heap        ] GC(348) CMS: 275691K->311459K(7877440K)
[138.263s][info][gc,metaspace   ] GC(348) Metaspace: 86258K(92332K)->86258K(92332K) NonClass: 75240K(78368K)->75240K(78368K) Class: 11018K(13964K)->11018K(13964K)
[138.263s][info][gc             ] GC(348) Pause Young (Allocation Failure) 718M->354M(8142M) 78.195ms
[138.263s][info][gc,cpu         ] GC(348) User=0.36s Sys=0.02s Real=0.09s
[138.458s][info][gc,start       ] GC(349) Pause Young (Allocation Failure)
[138.458s][info][gc,task        ] GC(349) Using 6 workers of 6 for evacuation
[138.527s][info][gc,heap        ] GC(349) ParNew: 460096K->36129K(460096K)
[138.527s][info][gc,heap        ] GC(349) CMS: 311459K->350467K(7877440K)
[138.527s][info][gc,metaspace   ] GC(349) Metaspace: 86258K(92332K)->86258K(92332K) NonClass: 75240K(78368K)->75240K(78368K) Class: 11018K(13964K)->11018K(13964K)
[138.527s][info][gc             ] GC(349) Pause Young (Allocation Failure) 753M->377M(8142M) 69.057ms
[138.527s][info][gc,cpu         ] GC(349) User=0.38s Sys=0.00s Real=0.06s
[139.125s][info][gc,start       ] GC(350) Pause Young (Allocation Failure)
[139.126s][info][gc,task        ] GC(350) Using 6 workers of 6 for evacuation
[139.216s][info][gc,heap        ] GC(350) ParNew: 445153K->51072K(460096K)
[139.216s][info][gc,heap        ] GC(350) CMS: 350467K->375924K(7877440K)
[139.216s][info][gc,metaspace   ] GC(350) Metaspace: 86337K(92332K)->86337K(92332K) NonClass: 75318K(78368K)->75318K(78368K) Class: 11018K(13964K)->11018K(13964K)
[139.216s][info][gc             ] GC(350) Pause Young (Allocation Failure) 776M->416M(8142M) 90.719ms
[139.216s][info][gc,cpu         ] GC(350) User=0.48s Sys=0.00s Real=0.09s
[139.343s][info][gc,start       ] GC(351) Pause Young (Allocation Failure)
[139.343s][info][gc,task        ] GC(351) Using 6 workers of 6 for evacuation
[139.448s][info][gc,heap        ] GC(351) ParNew: 460096K->51072K(460096K)
[139.448s][info][gc,heap        ] GC(351) CMS: 375924K->439657K(7877440K)
[139.448s][info][gc,metaspace   ] GC(351) Metaspace: 86337K(92332K)->86337K(92332K) NonClass: 75318K(78368K)->75318K(78368K) Class: 11018K(13964K)->11018K(13964K)
[139.448s][info][gc             ] GC(351) Pause Young (Allocation Failure) 816M->479M(8142M) 105.496ms
[139.448s][info][gc,cpu         ] GC(351) User=0.30s Sys=0.00s Real=0.11s
[139.633s][info][gc,start       ] GC(352) Pause Young (Allocation Failure)
[139.633s][info][gc,task        ] GC(352) Using 6 workers of 6 for evacuation
[139.721s][info][gc,heap        ] GC(352) ParNew: 460096K->51072K(460096K)
[139.721s][info][gc,heap        ] GC(352) CMS: 439657K->502650K(7877440K)
[139.721s][info][gc,metaspace   ] GC(352) Metaspace: 86337K(92332K)->86337K(92332K) NonClass: 75318K(78368K)->75318K(78368K) Class: 11018K(13964K)->11018K(13964K)
[139.721s][info][gc             ] GC(352) Pause Young (Allocation Failure) 878M->540M(8142M) 88.705ms
[139.721s][info][gc,cpu         ] GC(352) User=0.47s Sys=0.00s Real=0.08s
[139.908s][info][gc,start       ] GC(353) Pause Young (Allocation Failure)
[139.908s][info][gc,task        ] GC(353) Using 6 workers of 6 for evacuation
[139.980s][info][gc,heap        ] GC(353) ParNew: 460096K->44347K(460096K)
[139.980s][info][gc,heap        ] GC(353) CMS: 502650K->543492K(7877440K)
[139.980s][info][gc,metaspace   ] GC(353) Metaspace: 86337K(92332K)->86337K(92332K) NonClass: 75318K(78368K)->75318K(78368K) Class: 11018K(13964K)->11018K(13964K)
[139.980s][info][gc             ] GC(353) Pause Young (Allocation Failure) 940M->574M(8142M) 71.822ms
[139.980s][info][gc,cpu         ] GC(353) User=0.44s Sys=0.00s Real=0.08s
[140.438s][info][gc,start       ] GC(354) Pause Young (Allocation Failure)
[140.438s][info][gc,task        ] GC(354) Using 6 workers of 6 for evacuation
[140.516s][info][gc,heap        ] GC(354) ParNew: 453371K->33699K(460096K)
[140.516s][info][gc,heap        ] GC(354) CMS: 543492K->570103K(7877440K)
[140.516s][info][gc,metaspace   ] GC(354) Metaspace: 86337K(92332K)->86337K(92332K) NonClass: 75318K(78368K)->75318K(78368K) Class: 11018K(13964K)->11018K(13964K)
[140.516s][info][gc             ] GC(354) Pause Young (Allocation Failure) 973M->589M(8142M) 77.821ms
[140.516s][info][gc,cpu         ] GC(354) User=0.48s Sys=0.00s Real=0.08s
[140.875s][info][gc,start       ] GC(355) Pause Young (Allocation Failure)
[140.875s][info][gc,task        ] GC(355) Using 6 workers of 6 for evacuation
[140.933s][info][gc,heap        ] GC(355) ParNew: 442723K->51072K(460096K)
[140.933s][info][gc,heap        ] GC(355) CMS: 570103K->576398K(7877440K)
[140.933s][info][gc,metaspace   ] GC(355) Metaspace: 86350K(92332K)->86350K(92332K) NonClass: 75332K(78368K)->75332K(78368K) Class: 11018K(13964K)->11018K(13964K)
[140.933s][info][gc             ] GC(355) Pause Young (Allocation Failure) 989M->612M(8142M) 58.625ms
[140.933s][info][gc,cpu         ] GC(355) User=0.30s Sys=0.00s Real=0.06s
[141.253s][info][gc,start       ] GC(356) Pause Young (Allocation Failure)
[141.253s][info][gc,task        ] GC(356) Using 6 workers of 6 for evacuation
[141.326s][info][gc,heap        ] GC(356) ParNew: 460096K->51072K(460096K)
[141.326s][info][gc,heap        ] GC(356) CMS: 576398K->603088K(7877440K)
[141.326s][info][gc,metaspace   ] GC(356) Metaspace: 86355K(92332K)->86355K(92332K) NonClass: 75336K(78368K)->75336K(78368K) Class: 11018K(13964K)->11018K(13964K)
[141.326s][info][gc             ] GC(356) Pause Young (Allocation Failure) 1012M->638M(8142M) 73.191ms
[141.326s][info][gc,cpu         ] GC(356) User=0.39s Sys=0.00s Real=0.08s
[141.559s][info][gc,start       ] GC(357) Pause Young (Allocation Failure)
[141.559s][info][gc,task        ] GC(357) Using 6 workers of 6 for evacuation
[141.607s][info][gc,heap        ] GC(357) ParNew: 460096K->51072K(460096K)
[141.607s][info][gc,heap        ] GC(357) CMS: 603088K->606357K(7877440K)
[141.607s][info][gc,metaspace   ] GC(357) Metaspace: 86360K(92332K)->86360K(92332K) NonClass: 75342K(78368K)->75342K(78368K) Class: 11018K(13964K)->11018K(13964K)
[141.607s][info][gc             ] GC(357) Pause Young (Allocation Failure) 1038M->642M(8142M) 48.032ms
[141.607s][info][gc,cpu         ] GC(357) User=0.05s Sys=0.00s Real=0.05s
[141.982s][info][gc,start       ] GC(358) Pause Young (Allocation Failure)
[141.982s][info][gc,task        ] GC(358) Using 6 workers of 6 for evacuation
[142.024s][info][gc,heap        ] GC(358) ParNew: 460096K->51072K(460096K)
[142.024s][info][gc,heap        ] GC(358) CMS: 606357K->619537K(7877440K)
[142.024s][info][gc,metaspace   ] GC(358) Metaspace: 86367K(92332K)->86367K(92332K) NonClass: 75349K(78368K)->75349K(78368K) Class: 11018K(13964K)->11018K(13964K)
[142.024s][info][gc             ] GC(358) Pause Young (Allocation Failure) 1041M->654M(8142M) 42.399ms
[142.024s][info][gc,cpu         ] GC(358) User=0.05s Sys=0.00s Real=0.03s
[142.204s][info][gc,start       ] GC(359) Pause Young (Allocation Failure)
[142.204s][info][gc,task        ] GC(359) Using 6 workers of 6 for evacuation
[142.261s][info][gc,heap        ] GC(359) ParNew: 460096K->51072K(460096K)
[142.261s][info][gc,heap        ] GC(359) CMS: 619537K->638016K(7877440K)
[142.261s][info][gc,metaspace   ] GC(359) Metaspace: 86369K(92332K)->86369K(92332K) NonClass: 75351K(78368K)->75351K(78368K) Class: 11018K(13964K)->11018K(13964K)
[142.261s][info][gc             ] GC(359) Pause Young (Allocation Failure) 1054M->672M(8142M) 56.706ms
[142.261s][info][gc,cpu         ] GC(359) User=0.28s Sys=0.00s Real=0.05s
[142.404s][info][gc,start       ] GC(360) Pause Young (Allocation Failure)
[142.404s][info][gc,task        ] GC(360) Using 6 workers of 6 for evacuation
[142.630s][info][gc,heap        ] GC(360) ParNew: 460096K->51072K(460096K)
[142.630s][info][gc,heap        ] GC(360) CMS: 638016K->695575K(7877440K)
[142.630s][info][gc,metaspace   ] GC(360) Metaspace: 86369K(92332K)->86369K(92332K) NonClass: 75351K(78368K)->75351K(78368K) Class: 11018K(13964K)->11018K(13964K)
[142.630s][info][gc             ] GC(360) Pause Young (Allocation Failure) 1072M->729M(8142M) 226.436ms
[142.630s][info][gc,cpu         ] GC(360) User=1.27s Sys=0.00s Real=0.24s
[142.635s][info][gc,start       ] GC(361) Pause Full (System.gc())
[142.637s][info][gc,phases,start] GC(361) Phase 1: Mark live objects
[142.759s][info][gc,phases      ] GC(361) Phase 1: Mark live objects 122.263ms
[142.759s][info][gc,phases,start] GC(361) Phase 2: Compute new object addresses
[142.935s][info][gc,phases      ] GC(361) Phase 2: Compute new object addresses 175.796ms
[142.935s][info][gc,phases,start] GC(361) Phase 3: Adjust pointers
[143.016s][info][gc,phases      ] GC(361) Phase 3: Adjust pointers 81.136ms
[143.016s][info][gc,phases,start] GC(361) Phase 4: Move objects
[143.046s][info][gc,phases      ] GC(361) Phase 4: Move objects 29.896ms
[143.052s][info][gc,heap        ] GC(361) ParNew: 59608K->0K(460096K)
[143.052s][info][gc,heap        ] GC(361) CMS: 695575K->166907K(7877440K)
[143.052s][info][gc,metaspace   ] GC(361) Metaspace: 86369K(92332K)->86369K(92332K) NonClass: 75351K(78368K)->75351K(78368K) Class: 11018K(13964K)->11018K(13964K)
[143.053s][info][gc             ] GC(361) Pause Full (System.gc()) 737M->162M(8142M) 418.442ms
[143.053s][info][gc,cpu         ] GC(361) User=0.39s Sys=0.00s Real=0.42s
[143.205s][info][gc,start       ] GC(362) Pause Young (Allocation Failure)
[143.205s][info][gc,task        ] GC(362) Using 6 workers of 6 for evacuation
[143.298s][info][gc,heap        ] GC(362) ParNew: 409024K->51072K(460096K)
[143.298s][info][gc,heap        ] GC(362) CMS: 166907K->227035K(7877440K)
[143.298s][info][gc,metaspace   ] GC(362) Metaspace: 86384K(92332K)->86384K(92332K) NonClass: 75366K(78368K)->75366K(78368K) Class: 11018K(13964K)->11018K(13964K)
[143.298s][info][gc             ] GC(362) Pause Young (Allocation Failure) 562M->271M(8142M) 93.228ms
[143.298s][info][gc,cpu         ] GC(362) User=0.09s Sys=0.00s Real=0.10s
[143.471s][info][gc,start       ] GC(363) Pause Young (Allocation Failure)
[143.471s][info][gc,task        ] GC(363) Using 6 workers of 6 for evacuation
[143.545s][info][gc,heap        ] GC(363) ParNew: 460096K->51072K(460096K)
[143.545s][info][gc,heap        ] GC(363) CMS: 227035K->279939K(7877440K)
[143.545s][info][gc,metaspace   ] GC(363) Metaspace: 86384K(92332K)->86384K(92332K) NonClass: 75366K(78368K)->75366K(78368K) Class: 11018K(13964K)->11018K(13964K)
[143.545s][info][gc             ] GC(363) Pause Young (Allocation Failure) 671M->323M(8142M) 74.781ms
[143.545s][info][gc,cpu         ] GC(363) User=0.34s Sys=0.00s Real=0.08s
[143.730s][info][gc,start       ] GC(364) Pause Young (Allocation Failure)
[143.730s][info][gc,task        ] GC(364) Using 6 workers of 6 for evacuation
[143.808s][info][gc,heap        ] GC(364) ParNew: 460096K->51072K(460096K)
[143.808s][info][gc,heap        ] GC(364) CMS: 279939K->318174K(7877440K)
[143.808s][info][gc,metaspace   ] GC(364) Metaspace: 86384K(92332K)->86384K(92332K) NonClass: 75366K(78368K)->75366K(78368K) Class: 11018K(13964K)->11018K(13964K)
[143.808s][info][gc             ] GC(364) Pause Young (Allocation Failure) 722M->360M(8142M) 77.549ms
[143.808s][info][gc,cpu         ] GC(364) User=0.48s Sys=0.00s Real=0.08s
[144.001s][info][gc,start       ] GC(365) Pause Young (Allocation Failure)
[144.001s][info][gc,task        ] GC(365) Using 6 workers of 6 for evacuation
[144.072s][info][gc,heap        ] GC(365) ParNew: 460096K->37052K(460096K)
[144.072s][info][gc,heap        ] GC(365) CMS: 318174K->354155K(7877440K)
[144.072s][info][gc,metaspace   ] GC(365) Metaspace: 86384K(92332K)->86384K(92332K) NonClass: 75366K(78368K)->75366K(78368K) Class: 11018K(13964K)->11018K(13964K)
[144.072s][info][gc             ] GC(365) Pause Young (Allocation Failure) 760M->382M(8142M) 70.485ms
[144.072s][info][gc,cpu         ] GC(365) User=0.38s Sys=0.00s Real=0.08s
[144.666s][info][gc,start       ] GC(366) Pause Young (Allocation Failure)
[144.667s][info][gc,task        ] GC(366) Using 6 workers of 6 for evacuation
[144.757s][info][gc,heap        ] GC(366) ParNew: 446076K->51072K(460096K)
[144.757s][info][gc,heap        ] GC(366) CMS: 354155K->379785K(7877440K)
[144.757s][info][gc,metaspace   ] GC(366) Metaspace: 86386K(92332K)->86386K(92332K) NonClass: 75367K(78368K)->75367K(78368K) Class: 11018K(13964K)->11018K(13964K)
[144.757s][info][gc             ] GC(366) Pause Young (Allocation Failure) 781M->420M(8142M) 90.854ms
[144.757s][info][gc,cpu         ] GC(366) User=0.45s Sys=0.00s Real=0.10s
[144.883s][info][gc,start       ] GC(367) Pause Young (Allocation Failure)
[144.883s][info][gc,task        ] GC(367) Using 6 workers of 6 for evacuation
[144.991s][info][gc,heap        ] GC(367) ParNew: 460096K->51072K(460096K)
[144.992s][info][gc,heap        ] GC(367) CMS: 379785K->443283K(7877440K)
[144.992s][info][gc,metaspace   ] GC(367) Metaspace: 86386K(92332K)->86386K(92332K) NonClass: 75367K(78368K)->75367K(78368K) Class: 11018K(13964K)->11018K(13964K)
[144.992s][info][gc             ] GC(367) Pause Young (Allocation Failure) 820M->482M(8142M) 108.413ms
[144.992s][info][gc,cpu         ] GC(367) User=0.23s Sys=0.00s Real=0.12s
[145.183s][info][gc,start       ] GC(368) Pause Young (Allocation Failure)
[145.183s][info][gc,task        ] GC(368) Using 6 workers of 6 for evacuation
[145.265s][info][gc,heap        ] GC(368) ParNew: 460096K->51072K(460096K)
[145.265s][info][gc,heap        ] GC(368) CMS: 443283K->499267K(7877440K)
[145.265s][info][gc,metaspace   ] GC(368) Metaspace: 86386K(92332K)->86386K(92332K) NonClass: 75367K(78368K)->75367K(78368K) Class: 11018K(13964K)->11018K(13964K)
[145.265s][info][gc             ] GC(368) Pause Young (Allocation Failure) 882M->537M(8142M) 82.666ms
[145.265s][info][gc,cpu         ] GC(368) User=0.33s Sys=0.00s Real=0.09s
[145.446s][info][gc,start       ] GC(369) Pause Young (Allocation Failure)
[145.446s][info][gc,task        ] GC(369) Using 6 workers of 6 for evacuation
[145.517s][info][gc,heap        ] GC(369) ParNew: 460096K->45940K(460096K)
[145.517s][info][gc,heap        ] GC(369) CMS: 499267K->540533K(7877440K)
[145.517s][info][gc,metaspace   ] GC(369) Metaspace: 86386K(92332K)->86386K(92332K) NonClass: 75367K(78368K)->75367K(78368K) Class: 11018K(13964K)->11018K(13964K)
[145.517s][info][gc             ] GC(369) Pause Young (Allocation Failure) 936M->572M(8142M) 71.118ms
[145.517s][info][gc,cpu         ] GC(369) User=0.39s Sys=0.00s Real=0.08s
[145.980s][info][gc,start       ] GC(370) Pause Young (Allocation Failure)
[145.980s][info][gc,task        ] GC(370) Using 6 workers of 6 for evacuation
[146.054s][info][gc,heap        ] GC(370) ParNew: 454964K->34008K(460096K)
[146.054s][info][gc,heap        ] GC(370) CMS: 540533K->566987K(7877440K)
[146.054s][info][gc,metaspace   ] GC(370) Metaspace: 86387K(92332K)->86387K(92332K) NonClass: 75369K(78368K)->75369K(78368K) Class: 11018K(13964K)->11018K(13964K)
[146.054s][info][gc             ] GC(370) Pause Young (Allocation Failure) 972M->586M(8142M) 74.531ms
[146.054s][info][gc,cpu         ] GC(370) User=0.36s Sys=0.00s Real=0.08s
[146.388s][info][gc,start       ] GC(371) Pause Young (Allocation Failure)
[146.388s][info][gc,task        ] GC(371) Using 6 workers of 6 for evacuation
[146.445s][info][gc,heap        ] GC(371) ParNew: 443032K->51072K(460096K)
[146.445s][info][gc,heap        ] GC(371) CMS: 566987K->573295K(7877440K)
[146.445s][info][gc,metaspace   ] GC(371) Metaspace: 86391K(92332K)->86391K(92332K) NonClass: 75373K(78368K)->75373K(78368K) Class: 11018K(13964K)->11018K(13964K)
[146.445s][info][gc             ] GC(371) Pause Young (Allocation Failure) 986M->609M(8142M) 57.323ms
[146.445s][info][gc,cpu         ] GC(371) User=0.30s Sys=0.00s Real=0.06s
[146.756s][info][gc,start       ] GC(372) Pause Young (Allocation Failure)
[146.756s][info][gc,task        ] GC(372) Using 6 workers of 6 for evacuation
[146.827s][info][gc,heap        ] GC(372) ParNew: 460096K->43388K(460096K)
[146.827s][info][gc,heap        ] GC(372) CMS: 573295K->600225K(7877440K)
[146.827s][info][gc,metaspace   ] GC(372) Metaspace: 86392K(92332K)->86392K(92332K) NonClass: 75373K(78368K)->75373K(78368K) Class: 11018K(13964K)->11018K(13964K)
[146.827s][info][gc             ] GC(372) Pause Young (Allocation Failure) 1009M->628M(8142M) 70.777ms
[146.827s][info][gc,cpu         ] GC(372) User=0.23s Sys=0.00s Real=0.06s
[147.059s][info][gc,start       ] GC(373) Pause Young (Allocation Failure)
[147.059s][info][gc,task        ] GC(373) Using 6 workers of 6 for evacuation
[147.109s][info][gc,heap        ] GC(373) ParNew: 452412K->51072K(460096K)
[147.109s][info][gc,heap        ] GC(373) CMS: 600225K->604628K(7877440K)
[147.109s][info][gc,metaspace   ] GC(373) Metaspace: 86394K(92332K)->86394K(92332K) NonClass: 75376K(78368K)->75376K(78368K) Class: 11018K(13964K)->11018K(13964K)
[147.109s][info][gc             ] GC(373) Pause Young (Allocation Failure) 1027M->640M(8142M) 50.088ms
[147.109s][info][gc,cpu         ] GC(373) User=0.08s Sys=0.00s Real=0.05s
[147.484s][info][gc,start       ] GC(374) Pause Young (Allocation Failure)
[147.484s][info][gc,task        ] GC(374) Using 6 workers of 6 for evacuation
[147.536s][info][gc,heap        ] GC(374) ParNew: 458358K->51072K(460096K)
[147.536s][info][gc,heap        ] GC(374) CMS: 604628K->633913K(7877440K)
[147.536s][info][gc,metaspace   ] GC(374) Metaspace: 86394K(92332K)->86394K(92332K) NonClass: 75376K(78368K)->75376K(78368K) Class: 11018K(13964K)->11018K(13964K)
[147.536s][info][gc             ] GC(374) Pause Young (Allocation Failure) 1038M->668M(8142M) 52.249ms
[147.536s][info][gc,cpu         ] GC(374) User=0.28s Sys=0.00s Real=0.05s
[147.719s][info][gc,start       ] GC(375) Pause Young (Allocation Failure)
[147.720s][info][gc,task        ] GC(375) Using 6 workers of 6 for evacuation
[147.767s][info][gc,heap        ] GC(375) ParNew: 460096K->51072K(460096K)
[147.767s][info][gc,heap        ] GC(375) CMS: 633913K->645295K(7877440K)
[147.767s][info][gc,metaspace   ] GC(375) Metaspace: 86394K(92332K)->86394K(92332K) NonClass: 75376K(78368K)->75376K(78368K) Class: 11018K(13964K)->11018K(13964K)
[147.768s][info][gc             ] GC(375) Pause Young (Allocation Failure) 1068M->680M(8142M) 48.096ms
[147.768s][info][gc,cpu         ] GC(375) User=0.19s Sys=0.00s Real=0.05s
[147.912s][info][gc,start       ] GC(376) Pause Young (Allocation Failure)
[147.912s][info][gc,task        ] GC(376) Using 6 workers of 6 for evacuation
[148.103s][info][gc,heap        ] GC(376) ParNew: 460096K->51072K(460096K)
[148.103s][info][gc,heap        ] GC(376) CMS: 645295K->706680K(7877440K)
[148.103s][info][gc,metaspace   ] GC(376) Metaspace: 86394K(92332K)->86394K(92332K) NonClass: 75376K(78368K)->75376K(78368K) Class: 11018K(13964K)->11018K(13964K)
[148.103s][info][gc             ] GC(376) Pause Young (Allocation Failure) 1079M->739M(8142M) 191.017ms
[148.103s][info][gc,cpu         ] GC(376) User=0.95s Sys=0.00s Real=0.19s
[148.106s][info][gc,start       ] GC(377) Pause Full (System.gc())
[148.109s][info][gc,phases,start] GC(377) Phase 1: Mark live objects
[148.231s][info][gc,phases      ] GC(377) Phase 1: Mark live objects 122.752ms
[148.231s][info][gc,phases,start] GC(377) Phase 2: Compute new object addresses
[148.408s][info][gc,phases      ] GC(377) Phase 2: Compute new object addresses 176.350ms
[148.408s][info][gc,phases,start] GC(377) Phase 3: Adjust pointers
[148.489s][info][gc,phases      ] GC(377) Phase 3: Adjust pointers 80.795ms
[148.489s][info][gc,phases,start] GC(377) Phase 4: Move objects
[148.518s][info][gc,phases      ] GC(377) Phase 4: Move objects 29.271ms
[148.524s][info][gc,heap        ] GC(377) ParNew: 59627K->0K(460096K)
[148.524s][info][gc,heap        ] GC(377) CMS: 706680K->166960K(7877440K)
[148.524s][info][gc,metaspace   ] GC(377) Metaspace: 86394K(92332K)->86394K(92332K) NonClass: 75376K(78368K)->75376K(78368K) Class: 11018K(13964K)->11018K(13964K)
[148.525s][info][gc             ] GC(377) Pause Full (System.gc()) 748M->163M(8142M) 418.306ms
[148.525s][info][gc,cpu         ] GC(377) User=0.41s Sys=0.00s Real=0.41s
[148.672s][info][gc,start       ] GC(378) Pause Young (Allocation Failure)
[148.672s][info][gc,task        ] GC(378) Using 6 workers of 6 for evacuation
[148.766s][info][gc,heap        ] GC(378) ParNew: 409024K->51072K(460096K)
[148.766s][info][gc,heap        ] GC(378) CMS: 166960K->225722K(7877440K)
[148.766s][info][gc,metaspace   ] GC(378) Metaspace: 86417K(92332K)->86417K(92332K) NonClass: 75398K(78368K)->75398K(78368K) Class: 11018K(13964K)->11018K(13964K)
[148.766s][info][gc             ] GC(378) Pause Young (Allocation Failure) 562M->270M(8142M) 94.208ms
[148.766s][info][gc,cpu         ] GC(378) User=0.31s Sys=0.00s Real=0.09s
[148.940s][info][gc,start       ] GC(379) Pause Young (Allocation Failure)
[148.940s][info][gc,task        ] GC(379) Using 6 workers of 6 for evacuation
[149.018s][info][gc,heap        ] GC(379) ParNew: 460096K->51072K(460096K)
[149.018s][info][gc,heap        ] GC(379) CMS: 225722K->277107K(7877440K)
[149.018s][info][gc,metaspace   ] GC(379) Metaspace: 86417K(92332K)->86417K(92332K) NonClass: 75398K(78368K)->75398K(78368K) Class: 11018K(13964K)->11018K(13964K)
[149.018s][info][gc             ] GC(379) Pause Young (Allocation Failure) 669M->320M(8142M) 78.177ms
[149.018s][info][gc,cpu         ] GC(379) User=0.39s Sys=0.00s Real=0.08s
[149.208s][info][gc,start       ] GC(380) Pause Young (Allocation Failure)
[149.208s][info][gc,task        ] GC(380) Using 6 workers of 6 for evacuation
[149.286s][info][gc,heap        ] GC(380) ParNew: 460096K->51072K(460096K)
[149.286s][info][gc,heap        ] GC(380) CMS: 277107K->315317K(7877440K)
[149.286s][info][gc,metaspace   ] GC(380) Metaspace: 86417K(92332K)->86417K(92332K) NonClass: 75398K(78368K)->75398K(78368K) Class: 11018K(13964K)->11018K(13964K)
[149.287s][info][gc             ] GC(380) Pause Young (Allocation Failure) 719M->357M(8142M) 78.206ms
[149.287s][info][gc,cpu         ] GC(380) User=0.39s Sys=0.00s Real=0.08s
[149.482s][info][gc,start       ] GC(381) Pause Young (Allocation Failure)
[149.482s][info][gc,task        ] GC(381) Using 6 workers of 6 for evacuation
[149.553s][info][gc,heap        ] GC(381) ParNew: 460096K->35043K(460096K)
[149.553s][info][gc,heap        ] GC(381) CMS: 315317K->351319K(7877440K)
[149.553s][info][gc,metaspace   ] GC(381) Metaspace: 86417K(92332K)->86417K(92332K) NonClass: 75398K(78368K)->75398K(78368K) Class: 11018K(13964K)->11018K(13964K)
[149.553s][info][gc             ] GC(381) Pause Young (Allocation Failure) 757M->377M(8142M) 70.871ms
[149.553s][info][gc,cpu         ] GC(381) User=0.39s Sys=0.00s Real=0.08s
[150.154s][info][gc,start       ] GC(382) Pause Young (Allocation Failure)
[150.154s][info][gc,task        ] GC(382) Using 6 workers of 6 for evacuation
[150.245s][info][gc,heap        ] GC(382) ParNew: 444067K->51072K(460096K)
[150.245s][info][gc,heap        ] GC(382) CMS: 351319K->377156K(7877440K)
[150.245s][info][gc,metaspace   ] GC(382) Metaspace: 86418K(92332K)->86418K(92332K) NonClass: 75400K(78368K)->75400K(78368K) Class: 11018K(13964K)->11018K(13964K)
[150.245s][info][gc             ] GC(382) Pause Young (Allocation Failure) 776M->418M(8142M) 90.698ms
[150.245s][info][gc,cpu         ] GC(382) User=0.58s Sys=0.00s Real=0.09s
[150.371s][info][gc,start       ] GC(383) Pause Young (Allocation Failure)
[150.371s][info][gc,task        ] GC(383) Using 6 workers of 6 for evacuation
[150.479s][info][gc,heap        ] GC(383) ParNew: 460096K->51072K(460096K)
[150.479s][info][gc,heap        ] GC(383) CMS: 377156K->440989K(7877440K)
[150.479s][info][gc,metaspace   ] GC(383) Metaspace: 86418K(92332K)->86418K(92332K) NonClass: 75400K(78368K)->75400K(78368K) Class: 11018K(13964K)->11018K(13964K)
[150.479s][info][gc             ] GC(383) Pause Young (Allocation Failure) 817M->480M(8142M) 108.441ms
[150.479s][info][gc,cpu         ] GC(383) User=0.28s Sys=0.00s Real=0.11s
[150.663s][info][gc,start       ] GC(384) Pause Young (Allocation Failure)
[150.663s][info][gc,task        ] GC(384) Using 6 workers of 6 for evacuation
[150.741s][info][gc,heap        ] GC(384) ParNew: 460096K->51072K(460096K)
[150.741s][info][gc,heap        ] GC(384) CMS: 440989K->493167K(7877440K)
[150.741s][info][gc,metaspace   ] GC(384) Metaspace: 86418K(92332K)->86418K(92332K) NonClass: 75400K(78368K)->75400K(78368K) Class: 11018K(13964K)->11018K(13964K)
[150.741s][info][gc             ] GC(384) Pause Young (Allocation Failure) 879M->531M(8142M) 78.026ms
[150.741s][info][gc,cpu         ] GC(384) User=0.36s Sys=0.02s Real=0.08s
[150.927s][info][gc,start       ] GC(385) Pause Young (Allocation Failure)
[150.927s][info][gc,task        ] GC(385) Using 6 workers of 6 for evacuation
[151.001s][info][gc,heap        ] GC(385) ParNew: 460096K->47851K(460096K)
[151.001s][info][gc,heap        ] GC(385) CMS: 493167K->537285K(7877440K)
[151.001s][info][gc,metaspace   ] GC(385) Metaspace: 86418K(92332K)->86418K(92332K) NonClass: 75400K(78368K)->75400K(78368K) Class: 11018K(13964K)->11018K(13964K)
[151.001s][info][gc             ] GC(385) Pause Young (Allocation Failure) 930M->571M(8142M) 73.895ms
[151.001s][info][gc,cpu         ] GC(385) User=0.39s Sys=0.00s Real=0.08s
[151.462s][info][gc,start       ] GC(386) Pause Young (Allocation Failure)
[151.462s][info][gc,task        ] GC(386) Using 6 workers of 6 for evacuation
[151.535s][info][gc,heap        ] GC(386) ParNew: 456875K->34544K(460096K)
[151.535s][info][gc,heap        ] GC(386) CMS: 537285K->563830K(7877440K)
[151.535s][info][gc,metaspace   ] GC(386) Metaspace: 86418K(92332K)->86418K(92332K) NonClass: 75400K(78368K)->75400K(78368K) Class: 11018K(13964K)->11018K(13964K)
[151.535s][info][gc             ] GC(386) Pause Young (Allocation Failure) 970M->584M(8142M) 73.116ms
[151.535s][info][gc,cpu         ] GC(386) User=0.36s Sys=0.00s Real=0.08s
[151.878s][info][gc,start       ] GC(387) Pause Young (Allocation Failure)
[151.878s][info][gc,task        ] GC(387) Using 6 workers of 6 for evacuation
[151.936s][info][gc,heap        ] GC(387) ParNew: 443568K->51072K(460096K)
[151.936s][info][gc,heap        ] GC(387) CMS: 563830K->569939K(7877440K)
[151.936s][info][gc,metaspace   ] GC(387) Metaspace: 86422K(92332K)->86422K(92332K) NonClass: 75404K(78368K)->75404K(78368K) Class: 11018K(13964K)->11018K(13964K)
[151.936s][info][gc             ] GC(387) Pause Young (Allocation Failure) 983M->606M(8142M) 58.142ms
[151.937s][info][gc,cpu         ] GC(387) User=0.28s Sys=0.00s Real=0.06s
[152.258s][info][gc,start       ] GC(388) Pause Young (Allocation Failure)
[152.258s][info][gc,task        ] GC(388) Using 6 workers of 6 for evacuation
[152.328s][info][gc,heap        ] GC(388) ParNew: 460096K->45387K(460096K)
[152.328s][info][gc,heap        ] GC(388) CMS: 569939K->596846K(7877440K)
[152.328s][info][gc,metaspace   ] GC(388) Metaspace: 86440K(92332K)->86440K(92332K) NonClass: 75422K(78368K)->75422K(78368K) Class: 11018K(13964K)->11018K(13964K)
[152.328s][info][gc             ] GC(388) Pause Young (Allocation Failure) 1005M->627M(8142M) 69.922ms
[152.328s][info][gc,cpu         ] GC(388) User=0.17s Sys=0.00s Real=0.06s
[152.556s][info][gc,start       ] GC(389) Pause Young (Allocation Failure)
[152.556s][info][gc,task        ] GC(389) Using 6 workers of 6 for evacuation
[152.604s][info][gc,heap        ] GC(389) ParNew: 454411K->51072K(460096K)
[152.604s][info][gc,heap        ] GC(389) CMS: 596846K->600292K(7877440K)
[152.604s][info][gc,metaspace   ] GC(389) Metaspace: 86446K(92332K)->86446K(92332K) NonClass: 75428K(78368K)->75428K(78368K) Class: 11018K(13964K)->11018K(13964K)
[152.604s][info][gc             ] GC(389) Pause Young (Allocation Failure) 1026M->636M(8142M) 48.351ms
[152.604s][info][gc,cpu         ] GC(389) User=0.19s Sys=0.00s Real=0.05s
[152.943s][info][gc,start       ] GC(390) Pause Young (Allocation Failure)
[152.943s][info][gc,task        ] GC(390) Using 6 workers of 6 for evacuation
[152.993s][info][gc,heap        ] GC(390) ParNew: 460096K->51072K(460096K)
[152.993s][info][gc,heap        ] GC(390) CMS: 600292K->620241K(7877440K)
[152.993s][info][gc,metaspace   ] GC(390) Metaspace: 86458K(92332K)->86458K(92332K) NonClass: 75439K(78368K)->75439K(78368K) Class: 11018K(13964K)->11018K(13964K)
[152.993s][info][gc             ] GC(390) Pause Young (Allocation Failure) 1035M->655M(8142M) 50.025ms
[152.993s][info][gc,cpu         ] GC(390) User=0.09s Sys=0.00s Real=0.05s
[153.280s][info][gc,start       ] GC(391) Pause Young (Allocation Failure)
[153.280s][info][gc,task        ] GC(391) Using 6 workers of 6 for evacuation
[153.340s][info][gc,heap        ] GC(391) ParNew: 460096K->51072K(460096K)
[153.340s][info][gc,heap        ] GC(391) CMS: 620241K->644778K(7877440K)
[153.340s][info][gc,metaspace   ] GC(391) Metaspace: 86470K(92332K)->86470K(92332K) NonClass: 75451K(78368K)->75451K(78368K) Class: 11018K(13964K)->11018K(13964K)
[153.340s][info][gc             ] GC(391) Pause Young (Allocation Failure) 1055M->679M(8142M) 59.777ms
[153.340s][info][gc,cpu         ] GC(391) User=0.27s Sys=0.00s Real=0.06s
[153.484s][info][gc,start       ] GC(392) Pause Full (System.gc())
[153.487s][info][gc,phases,start] GC(392) Phase 1: Mark live objects
[153.609s][info][gc,phases      ] GC(392) Phase 1: Mark live objects 121.720ms
[153.609s][info][gc,phases,start] GC(392) Phase 2: Compute new object addresses
[153.828s][info][gc,phases      ] GC(392) Phase 2: Compute new object addresses 219.065ms
[153.828s][info][gc,phases,start] GC(392) Phase 3: Adjust pointers
[153.910s][info][gc,phases      ] GC(392) Phase 3: Adjust pointers 81.268ms
[153.910s][info][gc,phases,start] GC(392) Phase 4: Move objects
[153.939s][info][gc,phases      ] GC(392) Phase 4: Move objects 29.421ms
[153.945s][info][gc,heap        ] GC(392) ParNew: 454204K->0K(460096K)
[153.945s][info][gc,heap        ] GC(392) CMS: 644778K->167018K(7877440K)
[153.945s][info][gc,metaspace   ] GC(392) Metaspace: 86470K(92332K)->86470K(92332K) NonClass: 75451K(78368K)->75451K(78368K) Class: 11018K(13964K)->11018K(13964K)
[153.946s][info][gc             ] GC(392) Pause Full (System.gc()) 1073M->163M(8142M) 461.365ms
[153.946s][info][gc,cpu         ] GC(392) User=0.44s Sys=0.00s Real=0.47s
[154.098s][info][gc,start       ] GC(393) Pause Young (Allocation Failure)
[154.098s][info][gc,task        ] GC(393) Using 6 workers of 6 for evacuation
[154.193s][info][gc,heap        ] GC(393) ParNew: 409024K->51072K(460096K)
[154.193s][info][gc,heap        ] GC(393) CMS: 167018K->227139K(7877440K)
[154.193s][info][gc,metaspace   ] GC(393) Metaspace: 86478K(92332K)->86478K(92332K) NonClass: 75459K(78368K)->75459K(78368K) Class: 11018K(13964K)->11018K(13964K)
[154.193s][info][gc             ] GC(393) Pause Young (Allocation Failure) 562M->271M(8142M) 95.565ms
[154.193s][info][gc,cpu         ] GC(393) User=0.23s Sys=0.00s Real=0.09s
[154.369s][info][gc,start       ] GC(394) Pause Young (Allocation Failure)
[154.369s][info][gc,task        ] GC(394) Using 6 workers of 6 for evacuation
[154.445s][info][gc,heap        ] GC(394) ParNew: 460096K->51072K(460096K)
[154.445s][info][gc,heap        ] GC(394) CMS: 227139K->278564K(7877440K)
[154.445s][info][gc,metaspace   ] GC(394) Metaspace: 86478K(92332K)->86478K(92332K) NonClass: 75459K(78368K)->75459K(78368K) Class: 11018K(13964K)->11018K(13964K)
[154.445s][info][gc             ] GC(394) Pause Young (Allocation Failure) 671M->321M(8142M) 76.895ms
[154.445s][info][gc,cpu         ] GC(394) User=0.34s Sys=0.00s Real=0.08s
[154.630s][info][gc,start       ] GC(395) Pause Young (Allocation Failure)
[154.630s][info][gc,task        ] GC(395) Using 6 workers of 6 for evacuation
[154.708s][info][gc,heap        ] GC(395) ParNew: 460096K->51072K(460096K)
[154.708s][info][gc,heap        ] GC(395) CMS: 278564K->316260K(7877440K)
[154.708s][info][gc,metaspace   ] GC(395) Metaspace: 86478K(92332K)->86478K(92332K) NonClass: 75459K(78368K)->75459K(78368K) Class: 11018K(13964K)->11018K(13964K)
[154.708s][info][gc             ] GC(395) Pause Young (Allocation Failure) 721M->358M(8142M) 77.727ms
[154.708s][info][gc,cpu         ] GC(395) User=0.39s Sys=0.00s Real=0.08s
[154.905s][info][gc,start       ] GC(396) Pause Young (Allocation Failure)
[154.905s][info][gc,task        ] GC(396) Using 6 workers of 6 for evacuation
[154.973s][info][gc,heap        ] GC(396) ParNew: 460096K->39736K(460096K)
[154.973s][info][gc,heap        ] GC(396) CMS: 316260K->351312K(7877440K)
[154.973s][info][gc,metaspace   ] GC(396) Metaspace: 86478K(92332K)->86478K(92332K) NonClass: 75459K(78368K)->75459K(78368K) Class: 11018K(13964K)->11018K(13964K)
[154.973s][info][gc             ] GC(396) Pause Young (Allocation Failure) 758M->381M(8142M) 67.315ms
[154.973s][info][gc,cpu         ] GC(396) User=0.31s Sys=0.02s Real=0.06s
[155.559s][info][gc,start       ] GC(397) Pause Young (Allocation Failure)
[155.559s][info][gc,task        ] GC(397) Using 6 workers of 6 for evacuation
[155.649s][info][gc,heap        ] GC(397) ParNew: 448760K->51072K(460096K)
[155.649s][info][gc,heap        ] GC(397) CMS: 351312K->376894K(7877440K)
[155.649s][info][gc,metaspace   ] GC(397) Metaspace: 86479K(92332K)->86479K(92332K) NonClass: 75461K(78368K)->75461K(78368K) Class: 11018K(13964K)->11018K(13964K)
[155.649s][info][gc             ] GC(397) Pause Young (Allocation Failure) 781M->417M(8142M) 90.074ms
[155.649s][info][gc,cpu         ] GC(397) User=0.50s Sys=0.00s Real=0.10s
[155.776s][info][gc,start       ] GC(398) Pause Young (Allocation Failure)
[155.777s][info][gc,task        ] GC(398) Using 6 workers of 6 for evacuation
[155.888s][info][gc,heap        ] GC(398) ParNew: 460096K->51072K(460096K)
[155.888s][info][gc,heap        ] GC(398) CMS: 376894K->441317K(7877440K)
[155.888s][info][gc,metaspace   ] GC(398) Metaspace: 86479K(92332K)->86479K(92332K) NonClass: 75461K(78368K)->75461K(78368K) Class: 11018K(13964K)->11018K(13964K)
[155.888s][info][gc             ] GC(398) Pause Young (Allocation Failure) 817M->480M(8142M) 111.431ms
[155.888s][info][gc,cpu         ] GC(398) User=0.33s Sys=0.00s Real=0.11s
[156.071s][info][gc,start       ] GC(399) Pause Young (Allocation Failure)
[156.071s][info][gc,task        ] GC(399) Using 6 workers of 6 for evacuation
[156.166s][info][gc,heap        ] GC(399) ParNew: 460096K->51072K(460096K)
[156.166s][info][gc,heap        ] GC(399) CMS: 441317K->505371K(7877440K)
[156.166s][info][gc,metaspace   ] GC(399) Metaspace: 86479K(92332K)->86479K(92332K) NonClass: 75461K(78368K)->75461K(78368K) Class: 11018K(13964K)->11018K(13964K)
[156.166s][info][gc             ] GC(399) Pause Young (Allocation Failure) 880M->543M(8142M) 95.260ms
[156.167s][info][gc,cpu         ] GC(399) User=0.50s Sys=0.00s Real=0.09s
[156.355s][info][gc,start       ] GC(400) Pause Young (Allocation Failure)
[156.355s][info][gc,task        ] GC(400) Using 6 workers of 6 for evacuation
[156.431s][info][gc,heap        ] GC(400) ParNew: 460096K->44679K(460096K)
[156.431s][info][gc,heap        ] GC(400) CMS: 505371K->543427K(7877440K)
[156.431s][info][gc,metaspace   ] GC(400) Metaspace: 86479K(92332K)->86479K(92332K) NonClass: 75461K(78368K)->75461K(78368K) Class: 11018K(13964K)->11018K(13964K)
[156.431s][info][gc             ] GC(400) Pause Young (Allocation Failure) 942M->574M(8142M) 76.048ms
[156.431s][info][gc,cpu         ] GC(400) User=0.47s Sys=0.00s Real=0.08s
[156.896s][info][gc,start       ] GC(401) Pause Young (Allocation Failure)
[156.896s][info][gc,task        ] GC(401) Using 6 workers of 6 for evacuation
[156.993s][info][gc,heap        ] GC(401) ParNew: 453703K->33744K(460096K)
[156.993s][info][gc,heap        ] GC(401) CMS: 543427K->570001K(7877440K)
[156.993s][info][gc,metaspace   ] GC(401) Metaspace: 86479K(92332K)->86479K(92332K) NonClass: 75461K(78368K)->75461K(78368K) Class: 11018K(13964K)->11018K(13964K)
[156.994s][info][gc             ] GC(401) Pause Young (Allocation Failure) 973M->589M(8142M) 97.682ms
[156.994s][info][gc,cpu         ] GC(401) User=0.42s Sys=0.00s Real=0.09s
[157.346s][info][gc,start       ] GC(402) Pause Young (Allocation Failure)
[157.346s][info][gc,task        ] GC(402) Using 6 workers of 6 for evacuation
[157.405s][info][gc,heap        ] GC(402) ParNew: 442768K->51072K(460096K)
[157.405s][info][gc,heap        ] GC(402) CMS: 570001K->576887K(7877440K)
[157.405s][info][gc,metaspace   ] GC(402) Metaspace: 86482K(92332K)->86482K(92332K) NonClass: 75464K(78368K)->75464K(78368K) Class: 11018K(13964K)->11018K(13964K)
[157.405s][info][gc             ] GC(402) Pause Young (Allocation Failure) 989M->613M(8142M) 58.852ms
[157.405s][info][gc,cpu         ] GC(402) User=0.30s Sys=0.00s Real=0.06s
[157.718s][info][gc,start       ] GC(403) Pause Young (Allocation Failure)
[157.718s][info][gc,task        ] GC(403) Using 6 workers of 6 for evacuation
[157.787s][info][gc,heap        ] GC(403) ParNew: 460096K->51072K(460096K)
[157.788s][info][gc,heap        ] GC(403) CMS: 576887K->603475K(7877440K)
[157.788s][info][gc,metaspace   ] GC(403) Metaspace: 86484K(92332K)->86484K(92332K) NonClass: 75466K(78368K)->75466K(78368K) Class: 11018K(13964K)->11018K(13964K)
[157.788s][info][gc             ] GC(403) Pause Young (Allocation Failure) 1012M->639M(8142M) 69.399ms
[157.788s][info][gc,cpu         ] GC(403) User=0.23s Sys=0.00s Real=0.06s
[158.014s][info][gc,start       ] GC(404) Pause Young (Allocation Failure)
[158.014s][info][gc,task        ] GC(404) Using 6 workers of 6 for evacuation
[158.064s][info][gc,heap        ] GC(404) ParNew: 460096K->51072K(460096K)
[158.064s][info][gc,heap        ] GC(404) CMS: 603475K->608233K(7877440K)
[158.064s][info][gc,metaspace   ] GC(404) Metaspace: 86484K(92332K)->86484K(92332K) NonClass: 75466K(78368K)->75466K(78368K) Class: 11018K(13964K)->11018K(13964K)
[158.064s][info][gc             ] GC(404) Pause Young (Allocation Failure) 1038M->643M(8142M) 50.090ms
[158.065s][info][gc,cpu         ] GC(404) User=0.14s Sys=0.00s Real=0.05s
[158.410s][info][gc,start       ] GC(405) Pause Young (Allocation Failure)
[158.410s][info][gc,task        ] GC(405) Using 6 workers of 6 for evacuation
[158.457s][info][gc,heap        ] GC(405) ParNew: 460096K->51072K(460096K)
[158.457s][info][gc,heap        ] GC(405) CMS: 608233K->625018K(7877440K)
[158.457s][info][gc,metaspace   ] GC(405) Metaspace: 86487K(92332K)->86487K(92332K) NonClass: 75468K(78368K)->75468K(78368K) Class: 11018K(13964K)->11018K(13964K)
[158.457s][info][gc             ] GC(405) Pause Young (Allocation Failure) 1043M->660M(8142M) 47.011ms
[158.457s][info][gc,cpu         ] GC(405) User=0.12s Sys=0.00s Real=0.05s
[158.723s][info][gc,start       ] GC(406) Pause Young (Allocation Failure)
[158.723s][info][gc,task        ] GC(406) Using 6 workers of 6 for evacuation
[158.785s][info][gc,heap        ] GC(406) ParNew: 460096K->51072K(460096K)
[158.785s][info][gc,heap        ] GC(406) CMS: 625018K->650620K(7877440K)
[158.785s][info][gc,metaspace   ] GC(406) Metaspace: 86493K(92332K)->86493K(92332K) NonClass: 75475K(78368K)->75475K(78368K) Class: 11018K(13964K)->11018K(13964K)
[158.785s][info][gc             ] GC(406) Pause Young (Allocation Failure) 1059M->685M(8142M) 62.023ms
[158.785s][info][gc,cpu         ] GC(406) User=0.28s Sys=0.00s Real=0.06s
[158.931s][info][gc,start       ] GC(407) Pause Full (System.gc())
[158.934s][info][gc,phases,start] GC(407) Phase 1: Mark live objects
[159.056s][info][gc,phases      ] GC(407) Phase 1: Mark live objects 122.497ms
[159.057s][info][gc,phases,start] GC(407) Phase 2: Compute new object addresses
[159.278s][info][gc,phases      ] GC(407) Phase 2: Compute new object addresses 221.610ms
[159.278s][info][gc,phases,start] GC(407) Phase 3: Adjust pointers
[159.359s][info][gc,phases      ] GC(407) Phase 3: Adjust pointers 81.008ms
[159.359s][info][gc,phases,start] GC(407) Phase 4: Move objects
[159.395s][info][gc,phases      ] GC(407) Phase 4: Move objects 35.529ms
[159.401s][info][gc,heap        ] GC(407) ParNew: 457642K->0K(460096K)
[159.401s][info][gc,heap        ] GC(407) CMS: 650620K->167072K(7877440K)
[159.401s][info][gc,metaspace   ] GC(407) Metaspace: 86493K(92332K)->86493K(92332K) NonClass: 75475K(78368K)->75475K(78368K) Class: 11018K(13964K)->11018K(13964K)
[159.401s][info][gc             ] GC(407) Pause Full (System.gc()) 1082M->163M(8142M) 470.668ms
[159.401s][info][gc,cpu         ] GC(407) User=0.44s Sys=0.00s Real=0.47s
[159.552s][info][gc,start       ] GC(408) Pause Young (Allocation Failure)
[159.552s][info][gc,task        ] GC(408) Using 6 workers of 6 for evacuation
[159.647s][info][gc,heap        ] GC(408) ParNew: 409024K->51072K(460096K)
[159.647s][info][gc,heap        ] GC(408) CMS: 167072K->227089K(7877440K)
[159.647s][info][gc,metaspace   ] GC(408) Metaspace: 86511K(92332K)->86511K(92332K) NonClass: 75492K(78368K)->75492K(78368K) Class: 11018K(13964K)->11018K(13964K)
[159.647s][info][gc             ] GC(408) Pause Young (Allocation Failure) 562M->271M(8142M) 95.650ms
[159.647s][info][gc,cpu         ] GC(408) User=0.14s Sys=0.00s Real=0.09s
[159.820s][info][gc,start       ] GC(409) Pause Young (Allocation Failure)
[159.820s][info][gc,task        ] GC(409) Using 6 workers of 6 for evacuation
[159.897s][info][gc,heap        ] GC(409) ParNew: 458665K->51072K(460096K)
[159.897s][info][gc,heap        ] GC(409) CMS: 227089K->279528K(7877440K)
[159.897s][info][gc,metaspace   ] GC(409) Metaspace: 86511K(92332K)->86511K(92332K) NonClass: 75492K(78368K)->75492K(78368K) Class: 11018K(13964K)->11018K(13964K)
[159.897s][info][gc             ] GC(409) Pause Young (Allocation Failure) 669M->322M(8142M) 77.124ms
[159.897s][info][gc,cpu         ] GC(409) User=0.39s Sys=0.00s Real=0.08s
[160.083s][info][gc,start       ] GC(410) Pause Young (Allocation Failure)
[160.083s][info][gc,task        ] GC(410) Using 6 workers of 6 for evacuation
[160.163s][info][gc,heap        ] GC(410) ParNew: 460096K->51072K(460096K)
[160.163s][info][gc,heap        ] GC(410) CMS: 279528K->315649K(7877440K)
[160.163s][info][gc,metaspace   ] GC(410) Metaspace: 86511K(92332K)->86511K(92332K) NonClass: 75492K(78368K)->75492K(78368K) Class: 11018K(13964K)->11018K(13964K)
[160.163s][info][gc             ] GC(410) Pause Young (Allocation Failure) 722M->358M(8142M) 80.532ms
[160.163s][info][gc,cpu         ] GC(410) User=0.36s Sys=0.00s Real=0.08s
[160.358s][info][gc,start       ] GC(411) Pause Young (Allocation Failure)
[160.358s][info][gc,task        ] GC(411) Using 6 workers of 6 for evacuation
[160.429s][info][gc,heap        ] GC(411) ParNew: 460096K->35392K(460096K)
[160.429s][info][gc,heap        ] GC(411) CMS: 315649K->352235K(7877440K)
[160.429s][info][gc,metaspace   ] GC(411) Metaspace: 86511K(92332K)->86511K(92332K) NonClass: 75492K(78368K)->75492K(78368K) Class: 11018K(13964K)->11018K(13964K)
[160.429s][info][gc             ] GC(411) Pause Young (Allocation Failure) 757M->378M(8142M) 71.399ms
[160.430s][info][gc,cpu         ] GC(411) User=0.45s Sys=0.00s Real=0.08s
[161.024s][info][gc,start       ] GC(412) Pause Young (Allocation Failure)
[161.025s][info][gc,task        ] GC(412) Using 6 workers of 6 for evacuation
[161.118s][info][gc,heap        ] GC(412) ParNew: 444416K->51072K(460096K)
[161.118s][info][gc,heap        ] GC(412) CMS: 352235K->377770K(7877440K)
[161.118s][info][gc,metaspace   ] GC(412) Metaspace: 86515K(92332K)->86515K(92332K) NonClass: 75496K(78368K)->75496K(78368K) Class: 11018K(13964K)->11018K(13964K)
[161.118s][info][gc             ] GC(412) Pause Young (Allocation Failure) 777M->418M(8142M) 93.266ms
[161.118s][info][gc,cpu         ] GC(412) User=0.38s Sys=0.00s Real=0.08s
[161.244s][info][gc,start       ] GC(413) Pause Young (Allocation Failure)
[161.244s][info][gc,task        ] GC(413) Using 6 workers of 6 for evacuation
[161.353s][info][gc,heap        ] GC(413) ParNew: 460096K->51072K(460096K)
[161.353s][info][gc,heap        ] GC(413) CMS: 377770K->441809K(7877440K)
[161.353s][info][gc,metaspace   ] GC(413) Metaspace: 86515K(92332K)->86515K(92332K) NonClass: 75496K(78368K)->75496K(78368K) Class: 11018K(13964K)->11018K(13964K)
[161.353s][info][gc             ] GC(413) Pause Young (Allocation Failure) 818M->481M(8142M) 108.224ms
[161.353s][info][gc,cpu         ] GC(413) User=0.20s Sys=0.00s Real=0.09s
[161.537s][info][gc,start       ] GC(414) Pause Young (Allocation Failure)
[161.537s][info][gc,task        ] GC(414) Using 6 workers of 6 for evacuation
[161.627s][info][gc,heap        ] GC(414) ParNew: 460096K->51072K(460096K)
[161.627s][info][gc,heap        ] GC(414) CMS: 441809K->500315K(7877440K)
[161.627s][info][gc,metaspace   ] GC(414) Metaspace: 86515K(92332K)->86515K(92332K) NonClass: 75496K(78368K)->75496K(78368K) Class: 11018K(13964K)->11018K(13964K)
[161.628s][info][gc             ] GC(414) Pause Young (Allocation Failure) 880M->538M(8142M) 90.908ms
[161.628s][info][gc,cpu         ] GC(414) User=0.47s Sys=0.00s Real=0.10s
[161.815s][info][gc,start       ] GC(415) Pause Young (Allocation Failure)
[161.815s][info][gc,task        ] GC(415) Using 6 workers of 6 for evacuation
[161.889s][info][gc,heap        ] GC(415) ParNew: 460096K->44398K(460096K)
[161.889s][info][gc,heap        ] GC(415) CMS: 500315K->541800K(7877440K)
[161.889s][info][gc,metaspace   ] GC(415) Metaspace: 86515K(92332K)->86515K(92332K) NonClass: 75496K(78368K)->75496K(78368K) Class: 11018K(13964K)->11018K(13964K)
[161.889s][info][gc             ] GC(415) Pause Young (Allocation Failure) 937M->572M(8142M) 74.003ms
[161.889s][info][gc,cpu         ] GC(415) User=0.39s Sys=0.00s Real=0.08s
[162.356s][info][gc,start       ] GC(416) Pause Young (Allocation Failure)
[162.356s][info][gc,task        ] GC(416) Using 6 workers of 6 for evacuation
[162.430s][info][gc,heap        ] GC(416) ParNew: 453422K->33647K(460096K)
[162.430s][info][gc,heap        ] GC(416) CMS: 541800K->568314K(7877440K)
[162.430s][info][gc,metaspace   ] GC(416) Metaspace: 86515K(92332K)->86515K(92332K) NonClass: 75496K(78368K)->75496K(78368K) Class: 11018K(13964K)->11018K(13964K)
[162.430s][info][gc             ] GC(416) Pause Young (Allocation Failure) 971M->587M(8142M) 74.179ms
[162.430s][info][gc,cpu         ] GC(416) User=0.44s Sys=0.00s Real=0.08s
[162.758s][info][gc,start       ] GC(417) Pause Young (Allocation Failure)
[162.758s][info][gc,task        ] GC(417) Using 6 workers of 6 for evacuation
[162.817s][info][gc,heap        ] GC(417) ParNew: 442671K->51072K(460096K)
[162.817s][info][gc,heap        ] GC(417) CMS: 568314K->574516K(7877440K)
[162.817s][info][gc,metaspace   ] GC(417) Metaspace: 86552K(92332K)->86552K(92332K) NonClass: 75533K(78368K)->75533K(78368K) Class: 11018K(13964K)->11018K(13964K)
[162.817s][info][gc             ] GC(417) Pause Young (Allocation Failure) 987M->610M(8142M) 59.323ms
[162.817s][info][gc,cpu         ] GC(417) User=0.30s Sys=0.00s Real=0.06s
[163.133s][info][gc,start       ] GC(418) Pause Young (Allocation Failure)
[163.133s][info][gc,task        ] GC(418) Using 6 workers of 6 for evacuation
[163.203s][info][gc,heap        ] GC(418) ParNew: 460096K->43442K(460096K)
[163.203s][info][gc,heap        ] GC(418) CMS: 574516K->601207K(7877440K)
[163.203s][info][gc,metaspace   ] GC(418) Metaspace: 86557K(92332K)->86557K(92332K) NonClass: 75539K(78368K)->75539K(78368K) Class: 11018K(13964K)->11018K(13964K)
[163.203s][info][gc             ] GC(418) Pause Young (Allocation Failure) 1010M->629M(8142M) 69.834ms
[163.203s][info][gc,cpu         ] GC(418) User=0.06s Sys=0.00s Real=0.06s
[163.434s][info][gc,start       ] GC(419) Pause Young (Allocation Failure)
[163.434s][info][gc,task        ] GC(419) Using 6 workers of 6 for evacuation
[163.484s][info][gc,heap        ] GC(419) ParNew: 452466K->51072K(460096K)
[163.484s][info][gc,heap        ] GC(419) CMS: 601207K->605942K(7877440K)
[163.484s][info][gc,metaspace   ] GC(419) Metaspace: 86558K(92332K)->86558K(92332K) NonClass: 75540K(78368K)->75540K(78368K) Class: 11018K(13964K)->11018K(13964K)
[163.484s][info][gc             ] GC(419) Pause Young (Allocation Failure) 1028M->641M(8142M) 49.937ms
[163.484s][info][gc,cpu         ] GC(419) User=0.09s Sys=0.00s Real=0.04s
[163.861s][info][gc,start       ] GC(420) Pause Young (Allocation Failure)
[163.861s][info][gc,task        ] GC(420) Using 6 workers of 6 for evacuation
[163.894s][info][gc,heap        ] GC(420) ParNew: 460096K->51072K(460096K)
[163.894s][info][gc,heap        ] GC(420) CMS: 605942K->623987K(7877440K)
[163.894s][info][gc,metaspace   ] GC(420) Metaspace: 86558K(92332K)->86558K(92332K) NonClass: 75540K(78368K)->75540K(78368K) Class: 11018K(13964K)->11018K(13964K)
[163.894s][info][gc             ] GC(420) Pause Young (Allocation Failure) 1041M->659M(8142M) 33.316ms
[163.894s][info][gc,cpu         ] GC(420) User=0.06s Sys=0.00s Real=0.03s
[164.055s][info][gc,start       ] GC(421) Pause Young (Allocation Failure)
[164.055s][info][gc,task        ] GC(421) Using 6 workers of 6 for evacuation
[164.124s][info][gc,heap        ] GC(421) ParNew: 460096K->51072K(460096K)
[164.124s][info][gc,heap        ] GC(421) CMS: 623987K->648529K(7877440K)
[164.124s][info][gc,metaspace   ] GC(421) Metaspace: 86559K(92332K)->86559K(92332K) NonClass: 75541K(78368K)->75541K(78368K) Class: 11018K(13964K)->11018K(13964K)
[164.124s][info][gc             ] GC(421) Pause Young (Allocation Failure) 1058M->683M(8142M) 69.014ms
[164.124s][info][gc,cpu         ] GC(421) User=0.30s Sys=0.00s Real=0.06s
[164.270s][info][gc,start       ] GC(422) Pause Full (System.gc())
[164.272s][info][gc,phases,start] GC(422) Phase 1: Mark live objects
[164.395s][info][gc,phases      ] GC(422) Phase 1: Mark live objects 122.824ms
[164.395s][info][gc,phases,start] GC(422) Phase 2: Compute new object addresses
[164.612s][info][gc,phases      ] GC(422) Phase 2: Compute new object addresses 217.235ms
[164.613s][info][gc,phases,start] GC(422) Phase 3: Adjust pointers
[164.693s][info][gc,phases      ] GC(422) Phase 3: Adjust pointers 80.863ms
[164.693s][info][gc,phases,start] GC(422) Phase 4: Move objects
[164.723s][info][gc,phases      ] GC(422) Phase 4: Move objects 29.447ms
[164.729s][info][gc,heap        ] GC(422) ParNew: 458226K->0K(460096K)
[164.729s][info][gc,heap        ] GC(422) CMS: 648529K->167134K(7877440K)
[164.729s][info][gc,metaspace   ] GC(422) Metaspace: 86559K(92332K)->86559K(92332K) NonClass: 75541K(78368K)->75541K(78368K) Class: 11018K(13964K)->11018K(13964K)
[164.729s][info][gc             ] GC(422) Pause Full (System.gc()) 1080M->163M(8142M) 459.923ms
[164.730s][info][gc,cpu         ] GC(422) User=0.45s Sys=0.00s Real=0.47s
[164.881s][info][gc,start       ] GC(423) Pause Young (Allocation Failure)
[164.882s][info][gc,task        ] GC(423) Using 6 workers of 6 for evacuation
[164.977s][info][gc,heap        ] GC(423) ParNew: 409024K->51072K(460096K)
[164.977s][info][gc,heap        ] GC(423) CMS: 167134K->226742K(7877440K)
[164.977s][info][gc,metaspace   ] GC(423) Metaspace: 86562K(92588K)->86562K(92588K) NonClass: 75544K(78624K)->75544K(78624K) Class: 11018K(13964K)->11018K(13964K)
[164.977s][info][gc             ] GC(423) Pause Young (Allocation Failure) 562M->271M(8142M) 95.798ms
[164.977s][info][gc,cpu         ] GC(423) User=0.20s Sys=0.00s Real=0.09s
[165.153s][info][gc,start       ] GC(424) Pause Young (Allocation Failure)
[165.153s][info][gc,task        ] GC(424) Using 6 workers of 6 for evacuation
[165.228s][info][gc,heap        ] GC(424) ParNew: 456414K->51072K(460096K)
[165.228s][info][gc,heap        ] GC(424) CMS: 226742K->275183K(7877440K)
[165.228s][info][gc,metaspace   ] GC(424) Metaspace: 86562K(92588K)->86562K(92588K) NonClass: 75544K(78624K)->75544K(78624K) Class: 11018K(13964K)->11018K(13964K)
[165.228s][info][gc             ] GC(424) Pause Young (Allocation Failure) 667M->318M(8142M) 74.923ms
[165.228s][info][gc,cpu         ] GC(424) User=0.22s Sys=0.00s Real=0.08s
[165.414s][info][gc,start       ] GC(425) Pause Young (Allocation Failure)
[165.414s][info][gc,task        ] GC(425) Using 6 workers of 6 for evacuation
[165.492s][info][gc,heap        ] GC(425) ParNew: 460096K->51072K(460096K)
[165.492s][info][gc,heap        ] GC(425) CMS: 275183K->315156K(7877440K)
[165.492s][info][gc,metaspace   ] GC(425) Metaspace: 86562K(92588K)->86562K(92588K) NonClass: 75544K(78624K)->75544K(78624K) Class: 11018K(13964K)->11018K(13964K)
[165.492s][info][gc             ] GC(425) Pause Young (Allocation Failure) 718M->357M(8142M) 78.350ms
[165.493s][info][gc,cpu         ] GC(425) User=0.39s Sys=0.00s Real=0.08s
[165.685s][info][gc,start       ] GC(426) Pause Young (Allocation Failure)
[165.685s][info][gc,task        ] GC(426) Using 6 workers of 6 for evacuation
[165.758s][info][gc,heap        ] GC(426) ParNew: 460096K->35337K(460096K)
[165.758s][info][gc,heap        ] GC(426) CMS: 315156K->348071K(7877440K)
[165.758s][info][gc,metaspace   ] GC(426) Metaspace: 86562K(92588K)->86562K(92588K) NonClass: 75544K(78624K)->75544K(78624K) Class: 11018K(13964K)->11018K(13964K)
[165.758s][info][gc             ] GC(426) Pause Young (Allocation Failure) 757M->374M(8142M) 72.448ms
[165.758s][info][gc,cpu         ] GC(426) User=0.42s Sys=0.00s Real=0.08s
[166.340s][info][gc,start       ] GC(427) Pause Young (Allocation Failure)
[166.340s][info][gc,task        ] GC(427) Using 6 workers of 6 for evacuation
[166.432s][info][gc,heap        ] GC(427) ParNew: 444361K->51072K(460096K)
[166.432s][info][gc,heap        ] GC(427) CMS: 348071K->373127K(7877440K)
[166.432s][info][gc,metaspace   ] GC(427) Metaspace: 86570K(92588K)->86570K(92588K) NonClass: 75552K(78624K)->75552K(78624K) Class: 11018K(13964K)->11018K(13964K)
[166.432s][info][gc             ] GC(427) Pause Young (Allocation Failure) 773M->414M(8142M) 91.487ms
[166.432s][info][gc,cpu         ] GC(427) User=0.39s Sys=0.00s Real=0.09s
[166.558s][info][gc,start       ] GC(428) Pause Young (Allocation Failure)
[166.558s][info][gc,task        ] GC(428) Using 6 workers of 6 for evacuation
[166.669s][info][gc,heap        ] GC(428) ParNew: 460096K->51072K(460096K)
[166.669s][info][gc,heap        ] GC(428) CMS: 373127K->438988K(7877440K)
[166.669s][info][gc,metaspace   ] GC(428) Metaspace: 86570K(92588K)->86570K(92588K) NonClass: 75552K(78624K)->75552K(78624K) Class: 11018K(13964K)->11018K(13964K)
[166.669s][info][gc             ] GC(428) Pause Young (Allocation Failure) 813M->478M(8142M) 110.582ms
[166.669s][info][gc,cpu         ] GC(428) User=0.19s Sys=0.00s Real=0.11s
[166.857s][info][gc,start       ] GC(429) Pause Young (Allocation Failure)
[166.857s][info][gc,task        ] GC(429) Using 6 workers of 6 for evacuation
[166.937s][info][gc,heap        ] GC(429) ParNew: 460096K->51072K(460096K)
[166.937s][info][gc,heap        ] GC(429) CMS: 438988K->495109K(7877440K)
[166.937s][info][gc,metaspace   ] GC(429) Metaspace: 86570K(92588K)->86570K(92588K) NonClass: 75552K(78624K)->75552K(78624K) Class: 11018K(13964K)->11018K(13964K)
[166.937s][info][gc             ] GC(429) Pause Young (Allocation Failure) 878M->533M(8142M) 79.908ms
[166.937s][info][gc,cpu         ] GC(429) User=0.30s Sys=0.00s Real=0.08s
[167.123s][info][gc,start       ] GC(430) Pause Young (Allocation Failure)
[167.123s][info][gc,task        ] GC(430) Using 6 workers of 6 for evacuation
[167.195s][info][gc,heap        ] GC(430) ParNew: 460096K->41556K(460096K)
[167.195s][info][gc,heap        ] GC(430) CMS: 495109K->536562K(7877440K)
[167.195s][info][gc,metaspace   ] GC(430) Metaspace: 86570K(92588K)->86570K(92588K) NonClass: 75552K(78624K)->75552K(78624K) Class: 11018K(13964K)->11018K(13964K)
[167.195s][info][gc             ] GC(430) Pause Young (Allocation Failure) 932M->564M(8142M) 72.264ms
[167.195s][info][gc,cpu         ] GC(430) User=0.38s Sys=0.00s Real=0.08s
[167.656s][info][gc,start       ] GC(431) Pause Young (Allocation Failure)
[167.656s][info][gc,task        ] GC(431) Using 6 workers of 6 for evacuation
[167.730s][info][gc,heap        ] GC(431) ParNew: 450580K->32973K(460096K)
[167.730s][info][gc,heap        ] GC(431) CMS: 536562K->563161K(7877440K)
[167.730s][info][gc,metaspace   ] GC(431) Metaspace: 86570K(92588K)->86570K(92588K) NonClass: 75552K(78624K)->75552K(78624K) Class: 11018K(13964K)->11018K(13964K)
[167.730s][info][gc             ] GC(431) Pause Young (Allocation Failure) 964M->582M(8142M) 74.371ms
[167.730s][info][gc,cpu         ] GC(431) User=0.39s Sys=0.00s Real=0.08s
[168.064s][info][gc,start       ] GC(432) Pause Young (Allocation Failure)
[168.065s][info][gc,task        ] GC(432) Using 6 workers of 6 for evacuation
[168.126s][info][gc,heap        ] GC(432) ParNew: 441997K->51072K(460096K)
[168.126s][info][gc,heap        ] GC(432) CMS: 563161K->569350K(7877440K)
[168.126s][info][gc,metaspace   ] GC(432) Metaspace: 86574K(92588K)->86574K(92588K) NonClass: 75556K(78624K)->75556K(78624K) Class: 11018K(13964K)->11018K(13964K)
[168.126s][info][gc             ] GC(432) Pause Young (Allocation Failure) 981M->605M(8142M) 61.788ms
[168.126s][info][gc,cpu         ] GC(432) User=0.28s Sys=0.00s Real=0.06s
[168.441s][info][gc,start       ] GC(433) Pause Young (Allocation Failure)
[168.441s][info][gc,task        ] GC(433) Using 6 workers of 6 for evacuation
[168.510s][info][gc,heap        ] GC(433) ParNew: 460096K->38722K(460096K)
[168.511s][info][gc,heap        ] GC(433) CMS: 569350K->595841K(7877440K)
[168.511s][info][gc,metaspace   ] GC(433) Metaspace: 86574K(92588K)->86574K(92588K) NonClass: 75556K(78624K)->75556K(78624K) Class: 11018K(13964K)->11018K(13964K)
[168.511s][info][gc             ] GC(433) Pause Young (Allocation Failure) 1005M->619M(8142M) 69.977ms
[168.511s][info][gc,cpu         ] GC(433) User=0.20s Sys=0.00s Real=0.06s
[168.800s][info][gc,start       ] GC(434) Pause Young (Allocation Failure)
[168.800s][info][gc,task        ] GC(434) Using 6 workers of 6 for evacuation
[168.849s][info][gc,heap        ] GC(434) ParNew: 447746K->51072K(460096K)
[168.849s][info][gc,heap        ] GC(434) CMS: 595841K->600213K(7877440K)
[168.849s][info][gc,metaspace   ] GC(434) Metaspace: 86579K(92588K)->86579K(92588K) NonClass: 75561K(78624K)->75561K(78624K) Class: 11018K(13964K)->11018K(13964K)
[168.849s][info][gc             ] GC(434) Pause Young (Allocation Failure) 1019M->636M(8142M) 49.369ms
[168.849s][info][gc,cpu         ] GC(434) User=0.09s Sys=0.00s Real=0.05s
[169.229s][info][gc,start       ] GC(435) Pause Young (Allocation Failure)
[169.229s][info][gc,task        ] GC(435) Using 6 workers of 6 for evacuation
[169.272s][info][gc,heap        ] GC(435) ParNew: 460096K->51072K(460096K)
[169.272s][info][gc,heap        ] GC(435) CMS: 600213K->621942K(7877440K)
[169.272s][info][gc,metaspace   ] GC(435) Metaspace: 86580K(92588K)->86580K(92588K) NonClass: 75561K(78624K)->75561K(78624K) Class: 11018K(13964K)->11018K(13964K)
[169.273s][info][gc             ] GC(435) Pause Young (Allocation Failure) 1035M->657M(8142M) 43.521ms
[169.273s][info][gc,cpu         ] GC(435) User=0.05s Sys=0.00s Real=0.05s
[169.436s][info][gc,start       ] GC(436) Pause Young (Allocation Failure)
[169.436s][info][gc,task        ] GC(436) Using 6 workers of 6 for evacuation
[169.488s][info][gc,heap        ] GC(436) ParNew: 460096K->51072K(460096K)
[169.488s][info][gc,heap        ] GC(436) CMS: 621942K->639086K(7877440K)
[169.488s][info][gc,metaspace   ] GC(436) Metaspace: 86580K(92588K)->86580K(92588K) NonClass: 75562K(78624K)->75562K(78624K) Class: 11018K(13964K)->11018K(13964K)
[169.488s][info][gc             ] GC(436) Pause Young (Allocation Failure) 1056M->673M(8142M) 52.704ms
[169.488s][info][gc,cpu         ] GC(436) User=0.28s Sys=0.00s Real=0.06s
[169.633s][info][gc,start       ] GC(437) Pause Full (System.gc())
[169.636s][info][gc,phases,start] GC(437) Phase 1: Mark live objects
[169.757s][info][gc,phases      ] GC(437) Phase 1: Mark live objects 121.603ms
[169.757s][info][gc,phases,start] GC(437) Phase 2: Compute new object addresses
[169.976s][info][gc,phases      ] GC(437) Phase 2: Compute new object addresses 218.530ms
[169.976s][info][gc,phases,start] GC(437) Phase 3: Adjust pointers
[170.059s][info][gc,phases      ] GC(437) Phase 3: Adjust pointers 82.616ms
[170.059s][info][gc,phases,start] GC(437) Phase 4: Move objects
[170.090s][info][gc,phases      ] GC(437) Phase 4: Move objects 31.484ms
[170.097s][info][gc,heap        ] GC(437) ParNew: 458748K->0K(460096K)
[170.097s][info][gc,heap        ] GC(437) CMS: 639086K->167189K(7877440K)
[170.097s][info][gc,metaspace   ] GC(437) Metaspace: 86580K(92588K)->86580K(92588K) NonClass: 75562K(78624K)->75562K(78624K) Class: 11018K(13964K)->11018K(13964K)
[170.098s][info][gc             ] GC(437) Pause Full (System.gc()) 1072M->163M(8142M) 465.066ms
[170.098s][info][gc,cpu         ] GC(437) User=0.42s Sys=0.00s Real=0.45s
[170.249s][info][gc,start       ] GC(438) Pause Young (Allocation Failure)
[170.249s][info][gc,task        ] GC(438) Using 6 workers of 6 for evacuation
[170.343s][info][gc,heap        ] GC(438) ParNew: 409024K->51072K(460096K)
[170.343s][info][gc,heap        ] GC(438) CMS: 167189K->226593K(7877440K)
[170.343s][info][gc,metaspace   ] GC(438) Metaspace: 86581K(92588K)->86581K(92588K) NonClass: 75563K(78624K)->75563K(78624K) Class: 11018K(13964K)->11018K(13964K)
[170.343s][info][gc             ] GC(438) Pause Young (Allocation Failure) 562M->271M(8142M) 93.965ms
[170.343s][info][gc,cpu         ] GC(438) User=0.17s Sys=0.00s Real=0.09s
[170.517s][info][gc,start       ] GC(439) Pause Young (Allocation Failure)
[170.517s][info][gc,task        ] GC(439) Using 6 workers of 6 for evacuation
[170.591s][info][gc,heap        ] GC(439) ParNew: 460096K->51072K(460096K)
[170.591s][info][gc,heap        ] GC(439) CMS: 226593K->279062K(7877440K)
[170.591s][info][gc,metaspace   ] GC(439) Metaspace: 86581K(92588K)->86581K(92588K) NonClass: 75563K(78624K)->75563K(78624K) Class: 11018K(13964K)->11018K(13964K)
[170.591s][info][gc             ] GC(439) Pause Young (Allocation Failure) 670M->322M(8142M) 74.109ms
[170.591s][info][gc,cpu         ] GC(439) User=0.27s Sys=0.00s Real=0.08s
[170.775s][info][gc,start       ] GC(440) Pause Young (Allocation Failure)
[170.775s][info][gc,task        ] GC(440) Using 6 workers of 6 for evacuation
[170.855s][info][gc,heap        ] GC(440) ParNew: 460096K->51072K(460096K)
[170.855s][info][gc,heap        ] GC(440) CMS: 279062K->314931K(7877440K)
[170.855s][info][gc,metaspace   ] GC(440) Metaspace: 86581K(92588K)->86581K(92588K) NonClass: 75563K(78624K)->75563K(78624K) Class: 11018K(13964K)->11018K(13964K)
[170.855s][info][gc             ] GC(440) Pause Young (Allocation Failure) 721M->357M(8142M) 80.020ms
[170.855s][info][gc,cpu         ] GC(440) User=0.39s Sys=0.02s Real=0.09s
[171.049s][info][gc,start       ] GC(441) Pause Young (Allocation Failure)
[171.049s][info][gc,task        ] GC(441) Using 6 workers of 6 for evacuation
[171.119s][info][gc,heap        ] GC(441) ParNew: 460096K->36048K(460096K)
[171.119s][info][gc,heap        ] GC(441) CMS: 314931K->353939K(7877440K)
[171.119s][info][gc,metaspace   ] GC(441) Metaspace: 86581K(92588K)->86581K(92588K) NonClass: 75563K(78624K)->75563K(78624K) Class: 11018K(13964K)->11018K(13964K)
[171.119s][info][gc             ] GC(441) Pause Young (Allocation Failure) 756M->380M(8142M) 70.861ms
[171.119s][info][gc,cpu         ] GC(441) User=0.33s Sys=0.00s Real=0.06s
[171.699s][info][gc,start       ] GC(442) Pause Young (Allocation Failure)
[171.699s][info][gc,task        ] GC(442) Using 6 workers of 6 for evacuation
[171.791s][info][gc,heap        ] GC(442) ParNew: 445072K->51072K(460096K)
[171.791s][info][gc,heap        ] GC(442) CMS: 353939K->380023K(7877440K)
[171.791s][info][gc,metaspace   ] GC(442) Metaspace: 86581K(92588K)->86581K(92588K) NonClass: 75563K(78624K)->75563K(78624K) Class: 11018K(13964K)->11018K(13964K)
[171.791s][info][gc             ] GC(442) Pause Young (Allocation Failure) 780M->420M(8142M) 91.982ms
[171.791s][info][gc,cpu         ] GC(442) User=0.53s Sys=0.00s Real=0.09s
[171.917s][info][gc,start       ] GC(443) Pause Young (Allocation Failure)
[171.917s][info][gc,task        ] GC(443) Using 6 workers of 6 for evacuation
[172.026s][info][gc,heap        ] GC(443) ParNew: 460096K->51072K(460096K)
[172.026s][info][gc,heap        ] GC(443) CMS: 380023K->444105K(7877440K)
[172.026s][info][gc,metaspace   ] GC(443) Metaspace: 86581K(92588K)->86581K(92588K) NonClass: 75563K(78624K)->75563K(78624K) Class: 11018K(13964K)->11018K(13964K)
[172.026s][info][gc             ] GC(443) Pause Young (Allocation Failure) 820M->483M(8142M) 108.781ms
[172.026s][info][gc,cpu         ] GC(443) User=0.28s Sys=0.02s Real=0.11s
[172.216s][info][gc,start       ] GC(444) Pause Young (Allocation Failure)
[172.216s][info][gc,task        ] GC(444) Using 6 workers of 6 for evacuation
[172.299s][info][gc,heap        ] GC(444) ParNew: 460096K->51072K(460096K)
[172.299s][info][gc,heap        ] GC(444) CMS: 444105K->499098K(7877440K)
[172.299s][info][gc,metaspace   ] GC(444) Metaspace: 86581K(92588K)->86581K(92588K) NonClass: 75563K(78624K)->75563K(78624K) Class: 11018K(13964K)->11018K(13964K)
[172.299s][info][gc             ] GC(444) Pause Young (Allocation Failure) 883M->537M(8142M) 82.906ms
[172.299s][info][gc,cpu         ] GC(444) User=0.47s Sys=0.00s Real=0.09s
[172.482s][info][gc,start       ] GC(445) Pause Young (Allocation Failure)
[172.483s][info][gc,task        ] GC(445) Using 6 workers of 6 for evacuation
[172.555s][info][gc,heap        ] GC(445) ParNew: 460096K->43431K(460096K)
[172.555s][info][gc,heap        ] GC(445) CMS: 499098K->541019K(7877440K)
[172.555s][info][gc,metaspace   ] GC(445) Metaspace: 86581K(92588K)->86581K(92588K) NonClass: 75563K(78624K)->75563K(78624K) Class: 11018K(13964K)->11018K(13964K)
[172.555s][info][gc             ] GC(445) Pause Young (Allocation Failure) 936M->570M(8142M) 72.597ms
[172.555s][info][gc,cpu         ] GC(445) User=0.39s Sys=0.00s Real=0.08s
[173.019s][info][gc,start       ] GC(446) Pause Young (Allocation Failure)
[173.019s][info][gc,task        ] GC(446) Using 6 workers of 6 for evacuation
[173.097s][info][gc,heap        ] GC(446) ParNew: 452455K->33339K(460096K)
[173.097s][info][gc,heap        ] GC(446) CMS: 541019K->567450K(7877440K)
[173.097s][info][gc,metaspace   ] GC(446) Metaspace: 86581K(92588K)->86581K(92588K) NonClass: 75563K(78624K)->75563K(78624K) Class: 11018K(13964K)->11018K(13964K)
[173.098s][info][gc             ] GC(446) Pause Young (Allocation Failure) 970M->586M(8142M) 78.355ms
[173.098s][info][gc,cpu         ] GC(446) User=0.42s Sys=0.00s Real=0.08s
[173.426s][info][gc,start       ] GC(447) Pause Young (Allocation Failure)
[173.426s][info][gc,task        ] GC(447) Using 6 workers of 6 for evacuation
[173.483s][info][gc,heap        ] GC(447) ParNew: 442363K->51072K(460096K)
[173.483s][info][gc,heap        ] GC(447) CMS: 567450K->574256K(7877440K)
[173.483s][info][gc,metaspace   ] GC(447) Metaspace: 86584K(92588K)->86584K(92588K) NonClass: 75566K(78624K)->75566K(78624K) Class: 11018K(13964K)->11018K(13964K)
[173.483s][info][gc             ] GC(447) Pause Young (Allocation Failure) 986M->610M(8142M) 57.794ms
[173.483s][info][gc,cpu         ] GC(447) User=0.41s Sys=0.00s Real=0.06s
[173.799s][info][gc,start       ] GC(448) Pause Young (Allocation Failure)
[173.799s][info][gc,task        ] GC(448) Using 6 workers of 6 for evacuation
[173.869s][info][gc,heap        ] GC(448) ParNew: 460096K->38321K(460096K)
[173.869s][info][gc,heap        ] GC(448) CMS: 574256K->600971K(7877440K)
[173.869s][info][gc,metaspace   ] GC(448) Metaspace: 86610K(92588K)->86610K(92588K) NonClass: 75591K(78624K)->75591K(78624K) Class: 11018K(13964K)->11018K(13964K)
[173.869s][info][gc             ] GC(448) Pause Young (Allocation Failure) 1010M->624M(8142M) 70.233ms
[173.869s][info][gc,cpu         ] GC(448) User=0.25s Sys=0.00s Real=0.08s
[174.098s][info][gc,start       ] GC(449) Pause Young (Allocation Failure)
[174.098s][info][gc,task        ] GC(449) Using 6 workers of 6 for evacuation
[174.147s][info][gc,heap        ] GC(449) ParNew: 447345K->51072K(460096K)
[174.147s][info][gc,heap        ] GC(449) CMS: 600971K->605167K(7877440K)
[174.147s][info][gc,metaspace   ] GC(449) Metaspace: 86613K(92588K)->86613K(92588K) NonClass: 75595K(78624K)->75595K(78624K) Class: 11018K(13964K)->11018K(13964K)
[174.147s][info][gc             ] GC(449) Pause Young (Allocation Failure) 1023M->640M(8142M) 48.701ms
[174.147s][info][gc,cpu         ] GC(449) User=0.12s Sys=0.02s Real=0.05s
[174.505s][info][gc,start       ] GC(450) Pause Young (Allocation Failure)
[174.505s][info][gc,task        ] GC(450) Using 6 workers of 6 for evacuation
[174.569s][info][gc,heap        ] GC(450) ParNew: 460096K->51072K(460096K)
[174.569s][info][gc,heap        ] GC(450) CMS: 605167K->638121K(7877440K)
[174.569s][info][gc,metaspace   ] GC(450) Metaspace: 86613K(92588K)->86613K(92588K) NonClass: 75595K(78624K)->75595K(78624K) Class: 11018K(13964K)->11018K(13964K)
[174.569s][info][gc             ] GC(450) Pause Young (Allocation Failure) 1040M->673M(8142M) 63.725ms
[174.569s][info][gc,cpu         ] GC(450) User=0.33s Sys=0.00s Real=0.06s
[174.790s][info][gc,start       ] GC(451) Pause Young (Allocation Failure)
[174.790s][info][gc,task        ] GC(451) Using 6 workers of 6 for evacuation
[174.839s][info][gc,heap        ] GC(451) ParNew: 460096K->51072K(460096K)
[174.839s][info][gc,heap        ] GC(451) CMS: 638121K->649923K(7877440K)
[174.839s][info][gc,metaspace   ] GC(451) Metaspace: 86614K(92588K)->86614K(92588K) NonClass: 75595K(78624K)->75595K(78624K) Class: 11018K(13964K)->11018K(13964K)
[174.839s][info][gc             ] GC(451) Pause Young (Allocation Failure) 1072M->684M(8142M) 49.434ms
[174.839s][info][gc,cpu         ] GC(451) User=0.20s Sys=0.00s Real=0.05s
[174.984s][info][gc,start       ] GC(452) Pause Full (System.gc())
[174.986s][info][gc,phases,start] GC(452) Phase 1: Mark live objects
[175.109s][info][gc,phases      ] GC(452) Phase 1: Mark live objects 122.651ms
[175.109s][info][gc,phases,start] GC(452) Phase 2: Compute new object addresses
[175.331s][info][gc,phases      ] GC(452) Phase 2: Compute new object addresses 222.338ms
[175.331s][info][gc,phases,start] GC(452) Phase 3: Adjust pointers
[175.412s][info][gc,phases      ] GC(452) Phase 3: Adjust pointers 80.863ms
[175.412s][info][gc,phases,start] GC(452) Phase 4: Move objects
[175.441s][info][gc,phases      ] GC(452) Phase 4: Move objects 29.127ms
[175.447s][info][gc,heap        ] GC(452) ParNew: 457125K->0K(460096K)
[175.447s][info][gc,heap        ] GC(452) CMS: 649923K->167244K(7877440K)
[175.447s][info][gc,metaspace   ] GC(452) Metaspace: 86614K(92588K)->86614K(92588K) NonClass: 75595K(78624K)->75595K(78624K) Class: 11018K(13964K)->11018K(13964K)
[175.448s][info][gc             ] GC(452) Pause Full (System.gc()) 1081M->163M(8142M) 464.053ms
[175.448s][info][gc,cpu         ] GC(452) User=0.44s Sys=0.00s Real=0.45s
[175.597s][info][gc,start       ] GC(453) Pause Young (Allocation Failure)
[175.597s][info][gc,task        ] GC(453) Using 6 workers of 6 for evacuation
[175.695s][info][gc,heap        ] GC(453) ParNew: 409024K->51072K(460096K)
[175.695s][info][gc,heap        ] GC(453) CMS: 167244K->226526K(7877440K)
[175.695s][info][gc,metaspace   ] GC(453) Metaspace: 86616K(92588K)->86616K(92588K) NonClass: 75597K(78624K)->75597K(78624K) Class: 11018K(13964K)->11018K(13964K)
[175.695s][info][gc             ] GC(453) Pause Young (Allocation Failure) 562M->271M(8142M) 98.011ms
[175.695s][info][gc,cpu         ] GC(453) User=0.11s Sys=0.00s Real=0.09s
[175.869s][info][gc,start       ] GC(454) Pause Young (Allocation Failure)
[175.869s][info][gc,task        ] GC(454) Using 6 workers of 6 for evacuation
[175.943s][info][gc,heap        ] GC(454) ParNew: 460096K->51072K(460096K)
[175.943s][info][gc,heap        ] GC(454) CMS: 226526K->275882K(7877440K)
[175.943s][info][gc,metaspace   ] GC(454) Metaspace: 86616K(92588K)->86616K(92588K) NonClass: 75597K(78624K)->75597K(78624K) Class: 11018K(13964K)->11018K(13964K)
[175.943s][info][gc             ] GC(454) Pause Young (Allocation Failure) 670M->319M(8142M) 74.323ms
[175.943s][info][gc,cpu         ] GC(454) User=0.27s Sys=0.00s Real=0.08s
[176.132s][info][gc,start       ] GC(455) Pause Young (Allocation Failure)
[176.132s][info][gc,task        ] GC(455) Using 6 workers of 6 for evacuation
[176.209s][info][gc,heap        ] GC(455) ParNew: 460096K->51072K(460096K)
[176.209s][info][gc,heap        ] GC(455) CMS: 275882K->312900K(7877440K)
[176.209s][info][gc,metaspace   ] GC(455) Metaspace: 86616K(92588K)->86616K(92588K) NonClass: 75597K(78624K)->75597K(78624K) Class: 11018K(13964K)->11018K(13964K)
[176.209s][info][gc             ] GC(455) Pause Young (Allocation Failure) 718M->355M(8142M) 77.098ms
[176.210s][info][gc,cpu         ] GC(455) User=0.41s Sys=0.00s Real=0.08s
[176.402s][info][gc,start       ] GC(456) Pause Young (Allocation Failure)
[176.403s][info][gc,task        ] GC(456) Using 6 workers of 6 for evacuation
[176.473s][info][gc,heap        ] GC(456) ParNew: 460096K->37956K(460096K)
[176.473s][info][gc,heap        ] GC(456) CMS: 312900K->349139K(7877440K)
[176.474s][info][gc,metaspace   ] GC(456) Metaspace: 86616K(92588K)->86616K(92588K) NonClass: 75597K(78624K)->75597K(78624K) Class: 11018K(13964K)->11018K(13964K)
[176.474s][info][gc             ] GC(456) Pause Young (Allocation Failure) 754M->378M(8142M) 71.103ms
[176.474s][info][gc,cpu         ] GC(456) User=0.48s Sys=0.00s Real=0.07s
[177.060s][info][gc,start       ] GC(457) Pause Young (Allocation Failure)
[177.060s][info][gc,task        ] GC(457) Using 6 workers of 6 for evacuation
[177.155s][info][gc,heap        ] GC(457) ParNew: 446980K->51072K(460096K)
[177.155s][info][gc,heap        ] GC(457) CMS: 349139K->373989K(7877440K)
[177.155s][info][gc,metaspace   ] GC(457) Metaspace: 86622K(92588K)->86622K(92588K) NonClass: 75604K(78624K)->75604K(78624K) Class: 11018K(13964K)->11018K(13964K)
[177.155s][info][gc             ] GC(457) Pause Young (Allocation Failure) 777M->415M(8142M) 94.638ms
[177.155s][info][gc,cpu         ] GC(457) User=0.47s Sys=0.00s Real=0.10s
[177.281s][info][gc,start       ] GC(458) Pause Young (Allocation Failure)
[177.281s][info][gc,task        ] GC(458) Using 6 workers of 6 for evacuation
[177.390s][info][gc,heap        ] GC(458) ParNew: 460096K->51072K(460096K)
[177.390s][info][gc,heap        ] GC(458) CMS: 373989K->438229K(7877440K)
[177.390s][info][gc,metaspace   ] GC(458) Metaspace: 86622K(92588K)->86622K(92588K) NonClass: 75604K(78624K)->75604K(78624K) Class: 11018K(13964K)->11018K(13964K)
[177.390s][info][gc             ] GC(458) Pause Young (Allocation Failure) 814M->477M(8142M) 108.848ms
[177.390s][info][gc,cpu         ] GC(458) User=0.27s Sys=0.00s Real=0.11s
[177.571s][info][gc,start       ] GC(459) Pause Young (Allocation Failure)
[177.571s][info][gc,task        ] GC(459) Using 6 workers of 6 for evacuation
[177.649s][info][gc,heap        ] GC(459) ParNew: 460096K->51072K(460096K)
[177.649s][info][gc,heap        ] GC(459) CMS: 438229K->496544K(7877440K)
[177.649s][info][gc,metaspace   ] GC(459) Metaspace: 86622K(92588K)->86622K(92588K) NonClass: 75604K(78624K)->75604K(78624K) Class: 11018K(13964K)->11018K(13964K)
[177.649s][info][gc             ] GC(459) Pause Young (Allocation Failure) 877M->534M(8142M) 77.789ms
[177.649s][info][gc,cpu         ] GC(459) User=0.42s Sys=0.00s Real=0.07s
[177.839s][info][gc,start       ] GC(460) Pause Young (Allocation Failure)
[177.839s][info][gc,task        ] GC(460) Using 6 workers of 6 for evacuation
[177.910s][info][gc,heap        ] GC(460) ParNew: 460096K->46148K(460096K)
[177.910s][info][gc,heap        ] GC(460) CMS: 496544K->536060K(7877440K)
[177.910s][info][gc,metaspace   ] GC(460) Metaspace: 86622K(92588K)->86622K(92588K) NonClass: 75604K(78624K)->75604K(78624K) Class: 11018K(13964K)->11018K(13964K)
[177.910s][info][gc             ] GC(460) Pause Young (Allocation Failure) 934M->568M(8142M) 70.638ms
[177.910s][info][gc,cpu         ] GC(460) User=0.38s Sys=0.00s Real=0.06s
[178.377s][info][gc,start       ] GC(461) Pause Young (Allocation Failure)
[178.377s][info][gc,task        ] GC(461) Using 6 workers of 6 for evacuation
[178.452s][info][gc,heap        ] GC(461) ParNew: 455172K->34018K(460096K)
[178.452s][info][gc,heap        ] GC(461) CMS: 536060K->562464K(7877440K)
[178.452s][info][gc,metaspace   ] GC(461) Metaspace: 86622K(92588K)->86622K(92588K) NonClass: 75604K(78624K)->75604K(78624K) Class: 11018K(13964K)->11018K(13964K)
[178.452s][info][gc             ] GC(461) Pause Young (Allocation Failure) 968M->582M(8142M) 74.774ms
[178.452s][info][gc,cpu         ] GC(461) User=0.39s Sys=0.00s Real=0.08s
[178.800s][info][gc,start       ] GC(462) Pause Young (Allocation Failure)
[178.800s][info][gc,task        ] GC(462) Using 6 workers of 6 for evacuation
[178.857s][info][gc,heap        ] GC(462) ParNew: 443042K->51072K(460096K)
[178.857s][info][gc,heap        ] GC(462) CMS: 562464K->569087K(7877440K)
[178.857s][info][gc,metaspace   ] GC(462) Metaspace: 86626K(92588K)->86626K(92588K) NonClass: 75608K(78624K)->75608K(78624K) Class: 11018K(13964K)->11018K(13964K)
[178.857s][info][gc             ] GC(462) Pause Young (Allocation Failure) 981M->605M(8142M) 57.178ms
[178.857s][info][gc,cpu         ] GC(462) User=0.28s Sys=0.00s Real=0.05s
[179.171s][info][gc,start       ] GC(463) Pause Young (Allocation Failure)
[179.172s][info][gc,task        ] GC(463) Using 6 workers of 6 for evacuation
[179.245s][info][gc,heap        ] GC(463) ParNew: 460096K->51072K(460096K)
[179.245s][info][gc,heap        ] GC(463) CMS: 569087K->596075K(7877440K)
[179.245s][info][gc,metaspace   ] GC(463) Metaspace: 86630K(92588K)->86630K(92588K) NonClass: 75612K(78624K)->75612K(78624K) Class: 11018K(13964K)->11018K(13964K)
[179.245s][info][gc             ] GC(463) Pause Young (Allocation Failure) 1005M->631M(8142M) 73.202ms
[179.245s][info][gc,cpu         ] GC(463) User=0.28s Sys=0.00s Real=0.07s
[179.474s][info][gc,start       ] GC(464) Pause Young (Allocation Failure)
[179.474s][info][gc,task        ] GC(464) Using 6 workers of 6 for evacuation
[179.523s][info][gc,heap        ] GC(464) ParNew: 460096K->51072K(460096K)
[179.523s][info][gc,heap        ] GC(464) CMS: 596075K->600197K(7877440K)
[179.523s][info][gc,metaspace   ] GC(464) Metaspace: 86632K(92588K)->86632K(92588K) NonClass: 75614K(78624K)->75614K(78624K) Class: 11018K(13964K)->11018K(13964K)
[179.523s][info][gc             ] GC(464) Pause Young (Allocation Failure) 1031M->636M(8142M) 48.402ms
[179.523s][info][gc,cpu         ] GC(464) User=0.14s Sys=0.00s Real=0.05s
[179.874s][info][gc,start       ] GC(465) Pause Young (Allocation Failure)
[179.874s][info][gc,task        ] GC(465) Using 6 workers of 6 for evacuation
[179.920s][info][gc,heap        ] GC(465) ParNew: 460096K->51072K(460096K)
[179.920s][info][gc,heap        ] GC(465) CMS: 600197K->615530K(7877440K)
[179.920s][info][gc,metaspace   ] GC(465) Metaspace: 86632K(92588K)->86632K(92588K) NonClass: 75614K(78624K)->75614K(78624K) Class: 11018K(13964K)->11018K(13964K)
[179.920s][info][gc             ] GC(465) Pause Young (Allocation Failure) 1035M->650M(8142M) 46.554ms
[179.920s][info][gc,cpu         ] GC(465) User=0.05s Sys=0.00s Real=0.04s
[180.185s][info][gc,start       ] GC(466) Pause Young (Allocation Failure)
[180.185s][info][gc,task        ] GC(466) Using 6 workers of 6 for evacuation
[180.236s][info][gc,heap        ] GC(466) ParNew: 460096K->51072K(460096K)
[180.236s][info][gc,heap        ] GC(466) CMS: 615530K->632586K(7877440K)
[180.236s][info][gc,metaspace   ] GC(466) Metaspace: 86634K(92588K)->86634K(92588K) NonClass: 75615K(78624K)->75615K(78624K) Class: 11018K(13964K)->11018K(13964K)
[180.236s][info][gc             ] GC(466) Pause Young (Allocation Failure) 1050M->667M(8142M) 51.211ms
[180.236s][info][gc,cpu         ] GC(466) User=0.28s Sys=0.00s Real=0.05s
[180.380s][info][gc,start       ] GC(467) Pause Full (System.gc())
[180.382s][info][gc,phases,start] GC(467) Phase 1: Mark live objects
[180.504s][info][gc,phases      ] GC(467) Phase 1: Mark live objects 122.332ms
[180.505s][info][gc,phases,start] GC(467) Phase 2: Compute new object addresses
[180.726s][info][gc,phases      ] GC(467) Phase 2: Compute new object addresses 221.196ms
[180.726s][info][gc,phases,start] GC(467) Phase 3: Adjust pointers
[180.809s][info][gc,phases      ] GC(467) Phase 3: Adjust pointers 83.537ms
[180.809s][info][gc,phases,start] GC(467) Phase 4: Move objects
[180.839s][info][gc,phases      ] GC(467) Phase 4: Move objects 29.590ms
[180.845s][info][gc,heap        ] GC(467) ParNew: 460096K->0K(460096K)
[180.845s][info][gc,heap        ] GC(467) CMS: 632586K->167302K(7877440K)
[180.845s][info][gc,metaspace   ] GC(467) Metaspace: 86634K(92588K)->86634K(92588K) NonClass: 75615K(78624K)->75615K(78624K) Class: 11018K(13964K)->11018K(13964K)
[180.845s][info][gc             ] GC(467) Pause Full (System.gc()) 1067M->163M(8142M) 465.587ms
[180.846s][info][gc,cpu         ] GC(467) User=0.45s Sys=0.00s Real=0.47s
[180.994s][info][gc,start       ] GC(468) Pause Young (Allocation Failure)
[180.994s][info][gc,task        ] GC(468) Using 6 workers of 6 for evacuation
[181.091s][info][gc,heap        ] GC(468) ParNew: 409024K->51072K(460096K)
[181.092s][info][gc,heap        ] GC(468) CMS: 167302K->227018K(7877440K)
[181.092s][info][gc,metaspace   ] GC(468) Metaspace: 86636K(92588K)->86636K(92588K) NonClass: 75617K(78624K)->75617K(78624K) Class: 11018K(13964K)->11018K(13964K)
[181.092s][info][gc             ] GC(468) Pause Young (Allocation Failure) 562M->271M(8142M) 97.509ms
[181.092s][info][gc,cpu         ] GC(468) User=0.14s Sys=0.00s Real=0.09s
[181.269s][info][gc,start       ] GC(469) Pause Young (Allocation Failure)
[181.269s][info][gc,task        ] GC(469) Using 6 workers of 6 for evacuation
[181.342s][info][gc,heap        ] GC(469) ParNew: 460096K->51072K(460096K)
[181.342s][info][gc,heap        ] GC(469) CMS: 227018K->277479K(7877440K)
[181.342s][info][gc,metaspace   ] GC(469) Metaspace: 86636K(92588K)->86636K(92588K) NonClass: 75617K(78624K)->75617K(78624K) Class: 11018K(13964K)->11018K(13964K)
[181.342s][info][gc             ] GC(469) Pause Young (Allocation Failure) 671M->320M(8142M) 73.527ms
[181.342s][info][gc,cpu         ] GC(469) User=0.39s Sys=0.00s Real=0.08s
[181.529s][info][gc,start       ] GC(470) Pause Young (Allocation Failure)
[181.529s][info][gc,task        ] GC(470) Using 6 workers of 6 for evacuation
[181.605s][info][gc,heap        ] GC(470) ParNew: 460096K->51072K(460096K)
[181.606s][info][gc,heap        ] GC(470) CMS: 277479K->316889K(7877440K)
[181.606s][info][gc,metaspace   ] GC(470) Metaspace: 86636K(92588K)->86636K(92588K) NonClass: 75617K(78624K)->75617K(78624K) Class: 11018K(13964K)->11018K(13964K)
[181.606s][info][gc             ] GC(470) Pause Young (Allocation Failure) 720M->359M(8142M) 76.406ms
[181.606s][info][gc,cpu         ] GC(470) User=0.31s Sys=0.00s Real=0.08s
[181.798s][info][gc,start       ] GC(471) Pause Young (Allocation Failure)
[181.798s][info][gc,task        ] GC(471) Using 6 workers of 6 for evacuation
[181.870s][info][gc,heap        ] GC(471) ParNew: 460096K->36070K(460096K)
[181.870s][info][gc,heap        ] GC(471) CMS: 316889K->350144K(7877440K)
[181.870s][info][gc,metaspace   ] GC(471) Metaspace: 86636K(92588K)->86636K(92588K) NonClass: 75617K(78624K)->75617K(78624K) Class: 11018K(13964K)->11018K(13964K)
[181.870s][info][gc             ] GC(471) Pause Young (Allocation Failure) 758M->377M(8142M) 71.935ms
[181.870s][info][gc,cpu         ] GC(471) User=0.38s Sys=0.00s Real=0.06s
[182.444s][info][gc,start       ] GC(472) Pause Young (Allocation Failure)
[182.444s][info][gc,task        ] GC(472) Using 6 workers of 6 for evacuation
[182.535s][info][gc,heap        ] GC(472) ParNew: 445094K->51072K(460096K)
[182.535s][info][gc,heap        ] GC(472) CMS: 350144K->375301K(7877440K)
[182.535s][info][gc,metaspace   ] GC(472) Metaspace: 86636K(92588K)->86636K(92588K) NonClass: 75617K(78624K)->75617K(78624K) Class: 11018K(13964K)->11018K(13964K)
[182.535s][info][gc             ] GC(472) Pause Young (Allocation Failure) 776M->416M(8142M) 91.690ms
[182.535s][info][gc,cpu         ] GC(472) User=0.50s Sys=0.00s Real=0.09s
[182.661s][info][gc,start       ] GC(473) Pause Young (Allocation Failure)
[182.661s][info][gc,task        ] GC(473) Using 6 workers of 6 for evacuation
[182.770s][info][gc,heap        ] GC(473) ParNew: 460096K->51072K(460096K)
[182.770s][info][gc,heap        ] GC(473) CMS: 375301K->440377K(7877440K)
[182.770s][info][gc,metaspace   ] GC(473) Metaspace: 86636K(92588K)->86636K(92588K) NonClass: 75617K(78624K)->75617K(78624K) Class: 11018K(13964K)->11018K(13964K)
[182.770s][info][gc             ] GC(473) Pause Young (Allocation Failure) 815M->479M(8142M) 108.633ms
[182.770s][info][gc,cpu         ] GC(473) User=0.30s Sys=0.00s Real=0.11s
[182.955s][info][gc,start       ] GC(474) Pause Young (Allocation Failure)
[182.955s][info][gc,task        ] GC(474) Using 6 workers of 6 for evacuation
[183.039s][info][gc,heap        ] GC(474) ParNew: 460096K->51072K(460096K)
[183.039s][info][gc,heap        ] GC(474) CMS: 440377K->497965K(7877440K)
[183.039s][info][gc,metaspace   ] GC(474) Metaspace: 86636K(92588K)->86636K(92588K) NonClass: 75617K(78624K)->75617K(78624K) Class: 11018K(13964K)->11018K(13964K)
[183.039s][info][gc             ] GC(474) Pause Young (Allocation Failure) 879M->536M(8142M) 84.183ms
[183.039s][info][gc,cpu         ] GC(474) User=0.31s Sys=0.00s Real=0.08s
[183.231s][info][gc,start       ] GC(475) Pause Young (Allocation Failure)
[183.231s][info][gc,task        ] GC(475) Using 6 workers of 6 for evacuation
[183.301s][info][gc,heap        ] GC(475) ParNew: 460096K->43247K(460096K)
[183.301s][info][gc,heap        ] GC(475) CMS: 497965K->537747K(7877440K)
[183.301s][info][gc,metaspace   ] GC(475) Metaspace: 86636K(92588K)->86636K(92588K) NonClass: 75617K(78624K)->75617K(78624K) Class: 11018K(13964K)->11018K(13964K)
[183.301s][info][gc             ] GC(475) Pause Young (Allocation Failure) 935M->567M(8142M) 70.441ms
[183.301s][info][gc,cpu         ] GC(475) User=0.39s Sys=0.00s Real=0.08s
[183.778s][info][gc,start       ] GC(476) Pause Young (Allocation Failure)
[183.778s][info][gc,task        ] GC(476) Using 6 workers of 6 for evacuation
[183.851s][info][gc,heap        ] GC(476) ParNew: 452271K->33311K(460096K)
[183.851s][info][gc,heap        ] GC(476) CMS: 537747K->564213K(7877440K)
[183.851s][info][gc,metaspace   ] GC(476) Metaspace: 86636K(92588K)->86636K(92588K) NonClass: 75617K(78624K)->75617K(78624K) Class: 11018K(13964K)->11018K(13964K)
[183.851s][info][gc             ] GC(476) Pause Young (Allocation Failure) 966M->583M(8142M) 73.242ms
[183.851s][info][gc,cpu         ] GC(476) User=0.30s Sys=0.00s Real=0.07s
[184.178s][info][gc,start       ] GC(477) Pause Young (Allocation Failure)
[184.178s][info][gc,task        ] GC(477) Using 6 workers of 6 for evacuation
[184.237s][info][gc,heap        ] GC(477) ParNew: 442335K->51072K(460096K)
[184.237s][info][gc,heap        ] GC(477) CMS: 564213K->570428K(7877440K)
[184.237s][info][gc,metaspace   ] GC(477) Metaspace: 86645K(92588K)->86645K(92588K) NonClass: 75627K(78624K)->75627K(78624K) Class: 11018K(13964K)->11018K(13964K)
[184.237s][info][gc             ] GC(477) Pause Young (Allocation Failure) 982M->606M(8142M) 59.139ms
[184.237s][info][gc,cpu         ] GC(477) User=0.36s Sys=0.00s Real=0.05s
[184.547s][info][gc,start       ] GC(478) Pause Young (Allocation Failure)
[184.547s][info][gc,task        ] GC(478) Using 6 workers of 6 for evacuation
[184.616s][info][gc,heap        ] GC(478) ParNew: 460096K->51072K(460096K)
[184.616s][info][gc,heap        ] GC(478) CMS: 570428K->597021K(7877440K)
[184.616s][info][gc,metaspace   ] GC(478) Metaspace: 86653K(92588K)->86653K(92588K) NonClass: 75635K(78624K)->75635K(78624K) Class: 11018K(13964K)->11018K(13964K)
[184.616s][info][gc             ] GC(478) Pause Young (Allocation Failure) 1006M->632M(8142M) 69.120ms
[184.616s][info][gc,cpu         ] GC(478) User=0.22s Sys=0.00s Real=0.06s
[184.847s][info][gc,start       ] GC(479) Pause Young (Allocation Failure)
[184.847s][info][gc,task        ] GC(479) Using 6 workers of 6 for evacuation
[184.897s][info][gc,heap        ] GC(479) ParNew: 460096K->51072K(460096K)
[184.897s][info][gc,heap        ] GC(479) CMS: 597021K->601382K(7877440K)
[184.897s][info][gc,metaspace   ] GC(479) Metaspace: 86653K(92588K)->86653K(92588K) NonClass: 75635K(78624K)->75635K(78624K) Class: 11018K(13964K)->11018K(13964K)
[184.897s][info][gc             ] GC(479) Pause Young (Allocation Failure) 1032M->637M(8142M) 50.126ms
[184.897s][info][gc,cpu         ] GC(479) User=0.19s Sys=0.00s Real=0.05s
[185.276s][info][gc,start       ] GC(480) Pause Young (Allocation Failure)
[185.276s][info][gc,task        ] GC(480) Using 6 workers of 6 for evacuation
[185.329s][info][gc,heap        ] GC(480) ParNew: 460010K->51072K(460096K)
[185.329s][info][gc,heap        ] GC(480) CMS: 601382K->629114K(7877440K)
[185.329s][info][gc,metaspace   ] GC(480) Metaspace: 86657K(92588K)->86657K(92588K) NonClass: 75638K(78624K)->75638K(78624K) Class: 11018K(13964K)->11018K(13964K)
[185.329s][info][gc             ] GC(480) Pause Young (Allocation Failure) 1036M->664M(8142M) 52.718ms
[185.329s][info][gc,cpu         ] GC(480) User=0.33s Sys=0.00s Real=0.06s
[185.498s][info][gc,start       ] GC(481) Pause Young (Allocation Failure)
[185.498s][info][gc,task        ] GC(481) Using 6 workers of 6 for evacuation
[185.545s][info][gc,heap        ] GC(481) ParNew: 460096K->51072K(460096K)
[185.545s][info][gc,heap        ] GC(481) CMS: 629114K->634052K(7877440K)
[185.545s][info][gc,metaspace   ] GC(481) Metaspace: 86680K(92588K)->86680K(92588K) NonClass: 75662K(78624K)->75662K(78624K) Class: 11018K(13964K)->11018K(13964K)
[185.545s][info][gc             ] GC(481) Pause Young (Allocation Failure) 1063M->669M(8142M) 46.451ms
[185.545s][info][gc,cpu         ] GC(481) User=0.16s Sys=0.00s Real=0.05s
[185.689s][info][gc,start       ] GC(482) Pause Young (Allocation Failure)
[185.689s][info][gc,task        ] GC(482) Using 6 workers of 6 for evacuation
[185.918s][info][gc,heap        ] GC(482) ParNew: 460096K->51072K(460096K)
[185.918s][info][gc,heap        ] GC(482) CMS: 634052K->697267K(7877440K)
[185.918s][info][gc,metaspace   ] GC(482) Metaspace: 86680K(92588K)->86680K(92588K) NonClass: 75662K(78624K)->75662K(78624K) Class: 11018K(13964K)->11018K(13964K)
[185.918s][info][gc             ] GC(482) Pause Young (Allocation Failure) 1068M->730M(8142M) 229.249ms
[185.918s][info][gc,cpu         ] GC(482) User=1.20s Sys=0.00s Real=0.22s
[185.920s][info][gc,start       ] GC(483) Pause Full (System.gc())
[185.924s][info][gc,phases,start] GC(483) Phase 1: Mark live objects
[186.046s][info][gc,phases      ] GC(483) Phase 1: Mark live objects 122.192ms
[186.046s][info][gc,phases,start] GC(483) Phase 2: Compute new object addresses
[186.222s][info][gc,phases      ] GC(483) Phase 2: Compute new object addresses 176.332ms
[186.222s][info][gc,phases,start] GC(483) Phase 3: Adjust pointers
[186.304s][info][gc,phases      ] GC(483) Phase 3: Adjust pointers 81.461ms
[186.304s][info][gc,phases,start] GC(483) Phase 4: Move objects
[186.333s][info][gc,phases      ] GC(483) Phase 4: Move objects 29.586ms
[186.339s][info][gc,heap        ] GC(483) ParNew: 55363K->0K(460096K)
[186.339s][info][gc,heap        ] GC(483) CMS: 697267K->167362K(7877440K)
[186.339s][info][gc,metaspace   ] GC(483) Metaspace: 86680K(92588K)->86680K(92588K) NonClass: 75662K(78624K)->75662K(78624K) Class: 11018K(13964K)->11018K(13964K)
[186.340s][info][gc             ] GC(483) Pause Full (System.gc()) 734M->163M(8142M) 419.659ms
[186.340s][info][gc,cpu         ] GC(483) User=0.33s Sys=0.00s Real=0.41s
[186.490s][info][gc,start       ] GC(484) Pause Young (Allocation Failure)
[186.490s][info][gc,task        ] GC(484) Using 6 workers of 6 for evacuation
[186.586s][info][gc,heap        ] GC(484) ParNew: 409024K->51072K(460096K)
[186.586s][info][gc,heap        ] GC(484) CMS: 167362K->227791K(7877440K)
[186.586s][info][gc,metaspace   ] GC(484) Metaspace: 86680K(92588K)->86680K(92588K) NonClass: 75662K(78624K)->75662K(78624K) Class: 11018K(13964K)->11018K(13964K)
[186.586s][info][gc             ] GC(484) Pause Young (Allocation Failure) 562M->272M(8142M) 96.256ms
[186.586s][info][gc,cpu         ] GC(484) User=0.19s Sys=0.00s Real=0.09s
[186.758s][info][gc,start       ] GC(485) Pause Young (Allocation Failure)
[186.758s][info][gc,task        ] GC(485) Using 6 workers of 6 for evacuation
[186.833s][info][gc,heap        ] GC(485) ParNew: 460096K->51072K(460096K)
[186.833s][info][gc,heap        ] GC(485) CMS: 227791K->277531K(7877440K)
[186.833s][info][gc,metaspace   ] GC(485) Metaspace: 86682K(92588K)->86682K(92588K) NonClass: 75663K(78624K)->75663K(78624K) Class: 11018K(13964K)->11018K(13964K)
[186.833s][info][gc             ] GC(485) Pause Young (Allocation Failure) 671M->320M(8142M) 74.684ms
[186.833s][info][gc,cpu         ] GC(485) User=0.34s Sys=0.00s Real=0.08s
[187.019s][info][gc,start       ] GC(486) Pause Young (Allocation Failure)
[187.019s][info][gc,task        ] GC(486) Using 6 workers of 6 for evacuation
[187.097s][info][gc,heap        ] GC(486) ParNew: 460096K->51072K(460096K)
[187.097s][info][gc,heap        ] GC(486) CMS: 277531K->316973K(7877440K)
[187.097s][info][gc,metaspace   ] GC(486) Metaspace: 86682K(92588K)->86682K(92588K) NonClass: 75663K(78624K)->75663K(78624K) Class: 11018K(13964K)->11018K(13964K)
[187.097s][info][gc             ] GC(486) Pause Young (Allocation Failure) 720M->359M(8142M) 77.780ms
[187.097s][info][gc,cpu         ] GC(486) User=0.47s Sys=0.00s Real=0.08s
[187.295s][info][gc,start       ] GC(487) Pause Young (Allocation Failure)
[187.295s][info][gc,task        ] GC(487) Using 6 workers of 6 for evacuation
[187.367s][info][gc,heap        ] GC(487) ParNew: 460096K->35971K(460096K)
[187.367s][info][gc,heap        ] GC(487) CMS: 316973K->350146K(7877440K)
[187.367s][info][gc,metaspace   ] GC(487) Metaspace: 86682K(92588K)->86682K(92588K) NonClass: 75663K(78624K)->75663K(78624K) Class: 11018K(13964K)->11018K(13964K)
[187.367s][info][gc             ] GC(487) Pause Young (Allocation Failure) 758M->377M(8142M) 71.688ms
[187.367s][info][gc,cpu         ] GC(487) User=0.39s Sys=0.00s Real=0.08s
[187.951s][info][gc,start       ] GC(488) Pause Young (Allocation Failure)
[187.952s][info][gc,task        ] GC(488) Using 6 workers of 6 for evacuation
[188.041s][info][gc,heap        ] GC(488) ParNew: 444995K->51072K(460096K)
[188.041s][info][gc,heap        ] GC(488) CMS: 350146K->376606K(7877440K)
[188.041s][info][gc,metaspace   ] GC(488) Metaspace: 86682K(92588K)->86682K(92588K) NonClass: 75663K(78624K)->75663K(78624K) Class: 11018K(13964K)->11018K(13964K)
[188.041s][info][gc             ] GC(488) Pause Young (Allocation Failure) 776M->417M(8142M) 89.933ms
[188.041s][info][gc,cpu         ] GC(488) User=0.48s Sys=0.00s Real=0.09s
[188.170s][info][gc,start       ] GC(489) Pause Young (Allocation Failure)
[188.170s][info][gc,task        ] GC(489) Using 6 workers of 6 for evacuation
[188.279s][info][gc,heap        ] GC(489) ParNew: 460096K->51072K(460096K)
[188.279s][info][gc,heap        ] GC(489) CMS: 376606K->441650K(7877440K)
[188.279s][info][gc,metaspace   ] GC(489) Metaspace: 86682K(92588K)->86682K(92588K) NonClass: 75663K(78624K)->75663K(78624K) Class: 11018K(13964K)->11018K(13964K)
[188.279s][info][gc             ] GC(489) Pause Young (Allocation Failure) 817M->481M(8142M) 108.795ms
[188.279s][info][gc,cpu         ] GC(489) User=0.22s Sys=0.00s Real=0.11s
[188.466s][info][gc,start       ] GC(490) Pause Young (Allocation Failure)
[188.467s][info][gc,task        ] GC(490) Using 6 workers of 6 for evacuation
[188.553s][info][gc,heap        ] GC(490) ParNew: 460096K->51072K(460096K)
[188.553s][info][gc,heap        ] GC(490) CMS: 441650K->500914K(7877440K)
[188.553s][info][gc,metaspace   ] GC(490) Metaspace: 86682K(92588K)->86682K(92588K) NonClass: 75663K(78624K)->75663K(78624K) Class: 11018K(13964K)->11018K(13964K)
[188.553s][info][gc             ] GC(490) Pause Young (Allocation Failure) 880M->539M(8142M) 86.885ms
[188.553s][info][gc,cpu         ] GC(490) User=0.47s Sys=0.00s Real=0.08s
[188.738s][info][gc,start       ] GC(491) Pause Young (Allocation Failure)
[188.738s][info][gc,task        ] GC(491) Using 6 workers of 6 for evacuation
[188.813s][info][gc,heap        ] GC(491) ParNew: 460096K->43441K(460096K)
[188.813s][info][gc,heap        ] GC(491) CMS: 500914K->539030K(7877440K)
[188.813s][info][gc,metaspace   ] GC(491) Metaspace: 86683K(92588K)->86683K(92588K) NonClass: 75664K(78624K)->75664K(78624K) Class: 11018K(13964K)->11018K(13964K)
[188.813s][info][gc             ] GC(491) Pause Young (Allocation Failure) 938M->568M(8142M) 74.724ms
[188.813s][info][gc,cpu         ] GC(491) User=0.39s Sys=0.00s Real=0.08s
[189.266s][info][gc,start       ] GC(492) Pause Young (Allocation Failure)
[189.266s][info][gc,task        ] GC(492) Using 6 workers of 6 for evacuation
[189.340s][info][gc,heap        ] GC(492) ParNew: 452465K->33388K(460096K)
[189.340s][info][gc,heap        ] GC(492) CMS: 539030K->565563K(7877440K)
[189.340s][info][gc,metaspace   ] GC(492) Metaspace: 86683K(92588K)->86683K(92588K) NonClass: 75664K(78624K)->75664K(78624K) Class: 11018K(13964K)->11018K(13964K)
[189.340s][info][gc             ] GC(492) Pause Young (Allocation Failure) 968M->584M(8142M) 74.107ms
[189.340s][info][gc,cpu         ] GC(492) User=0.38s Sys=0.00s Real=0.06s
[189.696s][info][gc,start       ] GC(493) Pause Young (Allocation Failure)
[189.696s][info][gc,task        ] GC(493) Using 6 workers of 6 for evacuation
[189.753s][info][gc,heap        ] GC(493) ParNew: 442412K->51072K(460096K)
[189.753s][info][gc,heap        ] GC(493) CMS: 565563K->572427K(7877440K)
[189.753s][info][gc,metaspace   ] GC(493) Metaspace: 86683K(92588K)->86683K(92588K) NonClass: 75664K(78624K)->75664K(78624K) Class: 11018K(13964K)->11018K(13964K)
[189.754s][info][gc             ] GC(493) Pause Young (Allocation Failure) 984M->608M(8142M) 57.875ms
[189.754s][info][gc,cpu         ] GC(493) User=0.30s Sys=0.00s Real=0.06s
[190.067s][info][gc,start       ] GC(494) Pause Young (Allocation Failure)
[190.067s][info][gc,task        ] GC(494) Using 6 workers of 6 for evacuation
[190.140s][info][gc,heap        ] GC(494) ParNew: 460096K->44219K(460096K)
[190.140s][info][gc,heap        ] GC(494) CMS: 572427K->598791K(7877440K)
[190.140s][info][gc,metaspace   ] GC(494) Metaspace: 86683K(92588K)->86683K(92588K) NonClass: 75664K(78624K)->75664K(78624K) Class: 11018K(13964K)->11018K(13964K)
[190.140s][info][gc             ] GC(494) Pause Young (Allocation Failure) 1008M->627M(8142M) 72.770ms
[190.140s][info][gc,cpu         ] GC(494) User=0.22s Sys=0.00s Real=0.06s
[190.369s][info][gc,start       ] GC(495) Pause Young (Allocation Failure)
[190.369s][info][gc,task        ] GC(495) Using 6 workers of 6 for evacuation
[190.418s][info][gc,heap        ] GC(495) ParNew: 453243K->51072K(460096K)
[190.418s][info][gc,heap        ] GC(495) CMS: 598791K->602816K(7877440K)
[190.418s][info][gc,metaspace   ] GC(495) Metaspace: 86690K(92588K)->86690K(92588K) NonClass: 75671K(78624K)->75671K(78624K) Class: 11018K(13964K)->11018K(13964K)
[190.418s][info][gc             ] GC(495) Pause Young (Allocation Failure) 1027M->638M(8142M) 48.845ms
[190.418s][info][gc,cpu         ] GC(495) User=0.14s Sys=0.00s Real=0.05s
[190.781s][info][gc,start       ] GC(496) Pause Young (Allocation Failure)
[190.781s][info][gc,task        ] GC(496) Using 6 workers of 6 for evacuation
[190.841s][info][gc,heap        ] GC(496) ParNew: 458801K->51072K(460096K)
[190.841s][info][gc,heap        ] GC(496) CMS: 602816K->623919K(7877440K)
[190.841s][info][gc,metaspace   ] GC(496) Metaspace: 86692K(92588K)->86692K(92588K) NonClass: 75673K(78624K)->75673K(78624K) Class: 11018K(13964K)->11018K(13964K)
[190.841s][info][gc             ] GC(496) Pause Young (Allocation Failure) 1036M->659M(8142M) 59.480ms
[190.841s][info][gc,cpu         ] GC(496) User=0.39s Sys=0.00s Real=0.06s
[191.066s][info][gc,start       ] GC(497) Pause Young (Allocation Failure)
[191.066s][info][gc,task        ] GC(497) Using 6 workers of 6 for evacuation
[191.119s][info][gc,heap        ] GC(497) ParNew: 460096K->51072K(460096K)
[191.119s][info][gc,heap        ] GC(497) CMS: 623919K->640241K(7877440K)
[191.119s][info][gc,metaspace   ] GC(497) Metaspace: 86693K(92588K)->86693K(92588K) NonClass: 75674K(78624K)->75674K(78624K) Class: 11018K(13964K)->11018K(13964K)
[191.120s][info][gc             ] GC(497) Pause Young (Allocation Failure) 1058M->675M(8142M) 53.665ms
[191.120s][info][gc,cpu         ] GC(497) User=0.30s Sys=0.00s Real=0.06s
[191.264s][info][gc,start       ] GC(498) Pause Full (System.gc())
[191.266s][info][gc,phases,start] GC(498) Phase 1: Mark live objects
[191.388s][info][gc,phases      ] GC(498) Phase 1: Mark live objects 121.667ms
[191.388s][info][gc,phases,start] GC(498) Phase 2: Compute new object addresses
[191.613s][info][gc,phases      ] GC(498) Phase 2: Compute new object addresses 224.733ms
[191.613s][info][gc,phases,start] GC(498) Phase 3: Adjust pointers
[191.691s][info][gc,phases      ] GC(498) Phase 3: Adjust pointers 78.440ms
[191.691s][info][gc,phases,start] GC(498) Phase 4: Move objects
[191.695s][info][gc,phases      ] GC(498) Phase 4: Move objects 4.109ms
[191.701s][info][gc,heap        ] GC(498) ParNew: 457321K->0K(460096K)
[191.701s][info][gc,heap        ] GC(498) CMS: 640241K->167417K(7877440K)
[191.701s][info][gc,metaspace   ] GC(498) Metaspace: 86693K(92588K)->86693K(92588K) NonClass: 75674K(78624K)->75674K(78624K) Class: 11018K(13964K)->11018K(13964K)
[191.702s][info][gc             ] GC(498) Pause Full (System.gc()) 1071M->163M(8142M) 438.379ms
[191.702s][info][gc,cpu         ] GC(498) User=0.41s Sys=0.00s Real=0.44s
[191.852s][info][gc,start       ] GC(499) Pause Young (Allocation Failure)
[191.852s][info][gc,task        ] GC(499) Using 6 workers of 6 for evacuation
[191.968s][info][gc,heap        ] GC(499) ParNew: 409024K->51072K(460096K)
[191.968s][info][gc,heap        ] GC(499) CMS: 167417K->227102K(7877440K)
[191.968s][info][gc,metaspace   ] GC(499) Metaspace: 86699K(92588K)->86699K(92588K) NonClass: 75681K(78624K)->75681K(78624K) Class: 11018K(13964K)->11018K(13964K)
[191.968s][info][gc             ] GC(499) Pause Young (Allocation Failure) 562M->271M(8142M) 116.719ms
[191.968s][info][gc,cpu         ] GC(499) User=0.16s Sys=0.00s Real=0.13s
[192.144s][info][gc,start       ] GC(500) Pause Young (Allocation Failure)
[192.144s][info][gc,task        ] GC(500) Using 6 workers of 6 for evacuation
[192.219s][info][gc,heap        ] GC(500) ParNew: 460096K->51072K(460096K)
[192.219s][info][gc,heap        ] GC(500) CMS: 227102K->278643K(7877440K)
[192.219s][info][gc,metaspace   ] GC(500) Metaspace: 86699K(92588K)->86699K(92588K) NonClass: 75681K(78624K)->75681K(78624K) Class: 11018K(13964K)->11018K(13964K)
[192.219s][info][gc             ] GC(500) Pause Young (Allocation Failure) 671M->321M(8142M) 75.257ms
[192.219s][info][gc,cpu         ] GC(500) User=0.27s Sys=0.00s Real=0.08s
[192.406s][info][gc,start       ] GC(501) Pause Young (Allocation Failure)
[192.406s][info][gc,task        ] GC(501) Using 6 workers of 6 for evacuation
[192.483s][info][gc,heap        ] GC(501) ParNew: 460096K->51072K(460096K)
[192.483s][info][gc,heap        ] GC(501) CMS: 278643K->316020K(7877440K)
[192.483s][info][gc,metaspace   ] GC(501) Metaspace: 86699K(92588K)->86699K(92588K) NonClass: 75681K(78624K)->75681K(78624K) Class: 11018K(13964K)->11018K(13964K)
[192.483s][info][gc             ] GC(501) Pause Young (Allocation Failure) 721M->358M(8142M) 77.087ms
[192.483s][info][gc,cpu         ] GC(501) User=0.39s Sys=0.00s Real=0.06s
[192.678s][info][gc,start       ] GC(502) Pause Young (Allocation Failure)
[192.678s][info][gc,task        ] GC(502) Using 6 workers of 6 for evacuation
[192.751s][info][gc,heap        ] GC(502) ParNew: 460096K->35687K(460096K)
[192.751s][info][gc,heap        ] GC(502) CMS: 316020K->349168K(7877440K)
[192.751s][info][gc,metaspace   ] GC(502) Metaspace: 86699K(92588K)->86699K(92588K) NonClass: 75681K(78624K)->75681K(78624K) Class: 11018K(13964K)->11018K(13964K)
[192.751s][info][gc             ] GC(502) Pause Young (Allocation Failure) 757M->375M(8142M) 72.501ms
[192.751s][info][gc,cpu         ] GC(502) User=0.38s Sys=0.00s Real=0.08s
[193.338s][info][gc,start       ] GC(503) Pause Young (Allocation Failure)
[193.338s][info][gc,task        ] GC(503) Using 6 workers of 6 for evacuation
[193.427s][info][gc,heap        ] GC(503) ParNew: 444711K->51072K(460096K)
[193.427s][info][gc,heap        ] GC(503) CMS: 349168K->375140K(7877440K)
[193.427s][info][gc,metaspace   ] GC(503) Metaspace: 86702K(92588K)->86702K(92588K) NonClass: 75683K(78624K)->75683K(78624K) Class: 11018K(13964K)->11018K(13964K)
[193.427s][info][gc             ] GC(503) Pause Young (Allocation Failure) 775M->416M(8142M) 89.171ms
[193.427s][info][gc,cpu         ] GC(503) User=0.48s Sys=0.00s Real=0.10s
[193.553s][info][gc,start       ] GC(504) Pause Young (Allocation Failure)
[193.553s][info][gc,task        ] GC(504) Using 6 workers of 6 for evacuation
[193.663s][info][gc,heap        ] GC(504) ParNew: 460096K->51072K(460096K)
[193.663s][info][gc,heap        ] GC(504) CMS: 375140K->440409K(7877440K)
[193.663s][info][gc,metaspace   ] GC(504) Metaspace: 86705K(92588K)->86705K(92588K) NonClass: 75686K(78624K)->75686K(78624K) Class: 11018K(13964K)->11018K(13964K)
[193.663s][info][gc             ] GC(504) Pause Young (Allocation Failure) 815M->479M(8142M) 109.973ms
[193.663s][info][gc,cpu         ] GC(504) User=0.22s Sys=0.00s Real=0.11s
[193.851s][info][gc,start       ] GC(505) Pause Young (Allocation Failure)
[193.851s][info][gc,task        ] GC(505) Using 6 workers of 6 for evacuation
[193.938s][info][gc,heap        ] GC(505) ParNew: 460096K->51072K(460096K)
[193.938s][info][gc,heap        ] GC(505) CMS: 440409K->499880K(7877440K)
[193.938s][info][gc,metaspace   ] GC(505) Metaspace: 86705K(92588K)->86705K(92588K) NonClass: 75686K(78624K)->75686K(78624K) Class: 11018K(13964K)->11018K(13964K)
[193.938s][info][gc             ] GC(505) Pause Young (Allocation Failure) 879M->538M(8142M) 87.310ms
[193.938s][info][gc,cpu         ] GC(505) User=0.41s Sys=0.00s Real=0.08s
[194.124s][info][gc,start       ] GC(506) Pause Young (Allocation Failure)
[194.124s][info][gc,task        ] GC(506) Using 6 workers of 6 for evacuation
[194.198s][info][gc,heap        ] GC(506) ParNew: 460096K->42975K(460096K)
[194.198s][info][gc,heap        ] GC(506) CMS: 499880K->537184K(7877440K)
[194.198s][info][gc,metaspace   ] GC(506) Metaspace: 86705K(92588K)->86705K(92588K) NonClass: 75686K(78624K)->75686K(78624K) Class: 11018K(13964K)->11018K(13964K)
[194.198s][info][gc             ] GC(506) Pause Young (Allocation Failure) 937M->566M(8142M) 74.285ms
[194.198s][info][gc,cpu         ] GC(506) User=0.41s Sys=0.00s Real=0.08s
[194.656s][info][gc,start       ] GC(507) Pause Young (Allocation Failure)
[194.656s][info][gc,task        ] GC(507) Using 6 workers of 6 for evacuation
[194.733s][info][gc,heap        ] GC(507) ParNew: 451999K->33322K(460096K)
[194.733s][info][gc,heap        ] GC(507) CMS: 537184K->563755K(7877440K)
[194.733s][info][gc,metaspace   ] GC(507) Metaspace: 86710K(92588K)->86710K(92588K) NonClass: 75691K(78624K)->75691K(78624K) Class: 11018K(13964K)->11018K(13964K)
[194.733s][info][gc             ] GC(507) Pause Young (Allocation Failure) 965M->583M(8142M) 77.617ms
[194.733s][info][gc,cpu         ] GC(507) User=0.39s Sys=0.00s Real=0.08s
[195.080s][info][gc,start       ] GC(508) Pause Young (Allocation Failure)
[195.080s][info][gc,task        ] GC(508) Using 6 workers of 6 for evacuation
[195.141s][info][gc,heap        ] GC(508) ParNew: 442346K->51072K(460096K)
[195.141s][info][gc,heap        ] GC(508) CMS: 563755K->569792K(7877440K)
[195.141s][info][gc,metaspace   ] GC(508) Metaspace: 86723K(92588K)->86723K(92588K) NonClass: 75702K(78624K)->75702K(78624K) Class: 11020K(13964K)->11020K(13964K)
[195.141s][info][gc             ] GC(508) Pause Young (Allocation Failure) 982M->606M(8142M) 60.956ms
[195.141s][info][gc,cpu         ] GC(508) User=0.30s Sys=0.00s Real=0.06s
[195.455s][info][gc,start       ] GC(509) Pause Young (Allocation Failure)
[195.455s][info][gc,task        ] GC(509) Using 6 workers of 6 for evacuation
[195.525s][info][gc,heap        ] GC(509) ParNew: 460096K->45368K(460096K)
[195.525s][info][gc,heap        ] GC(509) CMS: 569792K->596416K(7877440K)
[195.525s][info][gc,metaspace   ] GC(509) Metaspace: 86744K(92588K)->86744K(92588K) NonClass: 75724K(78624K)->75724K(78624K) Class: 11020K(13964K)->11020K(13964K)
[195.525s][info][gc             ] GC(509) Pause Young (Allocation Failure) 1005M->626M(8142M) 70.395ms
[195.525s][info][gc,cpu         ] GC(509) User=0.36s Sys=0.00s Real=0.06s
[195.757s][info][gc,start       ] GC(510) Pause Young (Allocation Failure)
[195.757s][info][gc,task        ] GC(510) Using 6 workers of 6 for evacuation
[195.806s][info][gc,heap        ] GC(510) ParNew: 454392K->51072K(460096K)
[195.806s][info][gc,heap        ] GC(510) CMS: 596416K->601805K(7877440K)
[195.806s][info][gc,metaspace   ] GC(510) Metaspace: 86750K(92588K)->86750K(92588K) NonClass: 75730K(78624K)->75730K(78624K) Class: 11020K(13964K)->11020K(13964K)
[195.806s][info][gc             ] GC(510) Pause Young (Allocation Failure) 1026M->637M(8142M) 49.285ms
[195.806s][info][gc,cpu         ] GC(510) User=0.09s Sys=0.00s Real=0.05s
[196.191s][info][gc,start       ] GC(511) Pause Young (Allocation Failure)
[196.191s][info][gc,task        ] GC(511) Using 6 workers of 6 for evacuation
[196.238s][info][gc,heap        ] GC(511) ParNew: 460096K->51072K(460096K)
[196.238s][info][gc,heap        ] GC(511) CMS: 601805K->625210K(7877440K)
[196.238s][info][gc,metaspace   ] GC(511) Metaspace: 86755K(92588K)->86755K(92588K) NonClass: 75735K(78624K)->75735K(78624K) Class: 11020K(13964K)->11020K(13964K)
[196.238s][info][gc             ] GC(511) Pause Young (Allocation Failure) 1037M->660M(8142M) 46.931ms
[196.238s][info][gc,cpu         ] GC(511) User=0.11s Sys=0.00s Real=0.05s
[196.403s][info][gc,start       ] GC(512) Pause Young (Allocation Failure)
[196.403s][info][gc,task        ] GC(512) Using 6 workers of 6 for evacuation
[196.459s][info][gc,heap        ] GC(512) ParNew: 460096K->51072K(460096K)
[196.460s][info][gc,heap        ] GC(512) CMS: 625210K->644166K(7877440K)
[196.460s][info][gc,metaspace   ] GC(512) Metaspace: 86794K(92588K)->86794K(92588K) NonClass: 75773K(78624K)->75773K(78624K) Class: 11020K(13964K)->11020K(13964K)
[196.460s][info][gc             ] GC(512) Pause Young (Allocation Failure) 1059M->678M(8142M) 56.923ms
[196.460s][info][gc,cpu         ] GC(512) User=0.20s Sys=0.00s Real=0.05s
[196.607s][info][gc,start       ] GC(513) Pause Full (System.gc())
[196.610s][info][gc,phases,start] GC(513) Phase 1: Mark live objects
[196.732s][info][gc,phases      ] GC(513) Phase 1: Mark live objects 121.869ms
[196.732s][info][gc,phases,start] GC(513) Phase 2: Compute new object addresses
[196.953s][info][gc,phases      ] GC(513) Phase 2: Compute new object addresses 220.907ms
[196.953s][info][gc,phases,start] GC(513) Phase 3: Adjust pointers
[197.035s][info][gc,phases      ] GC(513) Phase 3: Adjust pointers 81.588ms
[197.035s][info][gc,phases,start] GC(513) Phase 4: Move objects
[197.068s][info][gc,phases      ] GC(513) Phase 4: Move objects 33.028ms
[197.074s][info][gc,heap        ] GC(513) ParNew: 460096K->0K(460096K)
[197.074s][info][gc,heap        ] GC(513) CMS: 644166K->167477K(7877440K)
[197.074s][info][gc,metaspace   ] GC(513) Metaspace: 86796K(92588K)->86796K(92588K) NonClass: 75776K(78624K)->75776K(78624K) Class: 11020K(13964K)->11020K(13964K)
[197.074s][info][gc             ] GC(513) Pause Full (System.gc()) 1078M->163M(8142M) 466.810ms
[197.074s][info][gc,cpu         ] GC(513) User=0.44s Sys=0.00s Real=0.46s
[197.224s][info][gc,start       ] GC(514) Pause Young (Allocation Failure)
[197.225s][info][gc,task        ] GC(514) Using 6 workers of 6 for evacuation
[197.316s][info][gc,heap        ] GC(514) ParNew: 409024K->51072K(460096K)
[197.316s][info][gc,heap        ] GC(514) CMS: 167477K->227227K(7877440K)
[197.316s][info][gc,metaspace   ] GC(514) Metaspace: 86810K(92588K)->86810K(92588K) NonClass: 75789K(78624K)->75789K(78624K) Class: 11020K(13964K)->11020K(13964K)
[197.316s][info][gc             ] GC(514) Pause Young (Allocation Failure) 562M->271M(8142M) 91.424ms
[197.316s][info][gc,cpu         ] GC(514) User=0.16s Sys=0.00s Real=0.10s
[197.490s][info][gc,start       ] GC(515) Pause Young (Allocation Failure)
[197.490s][info][gc,task        ] GC(515) Using 6 workers of 6 for evacuation
[197.565s][info][gc,heap        ] GC(515) ParNew: 460096K->51072K(460096K)
[197.565s][info][gc,heap        ] GC(515) CMS: 227227K->277277K(7877440K)
[197.565s][info][gc,metaspace   ] GC(515) Metaspace: 86810K(92588K)->86810K(92588K) NonClass: 75789K(78624K)->75789K(78624K) Class: 11020K(13964K)->11020K(13964K)
[197.565s][info][gc             ] GC(515) Pause Young (Allocation Failure) 671M->320M(8142M) 74.892ms
[197.565s][info][gc,cpu         ] GC(515) User=0.44s Sys=0.00s Real=0.08s
[197.749s][info][gc,start       ] GC(516) Pause Young (Allocation Failure)
[197.749s][info][gc,task        ] GC(516) Using 6 workers of 6 for evacuation
[197.826s][info][gc,heap        ] GC(516) ParNew: 460096K->51072K(460096K)
[197.826s][info][gc,heap        ] GC(516) CMS: 277277K->317009K(7877440K)
[197.826s][info][gc,metaspace   ] GC(516) Metaspace: 86810K(92588K)->86810K(92588K) NonClass: 75789K(78624K)->75789K(78624K) Class: 11020K(13964K)->11020K(13964K)
[197.826s][info][gc             ] GC(516) Pause Young (Allocation Failure) 720M->359M(8142M) 77.052ms
[197.826s][info][gc,cpu         ] GC(516) User=0.39s Sys=0.00s Real=0.08s
[198.019s][info][gc,start       ] GC(517) Pause Young (Allocation Failure)
[198.019s][info][gc,task        ] GC(517) Using 6 workers of 6 for evacuation
[198.092s][info][gc,heap        ] GC(517) ParNew: 460096K->35877K(460096K)
[198.092s][info][gc,heap        ] GC(517) CMS: 317009K->349959K(7877440K)
[198.092s][info][gc,metaspace   ] GC(517) Metaspace: 86810K(92588K)->86810K(92588K) NonClass: 75789K(78624K)->75789K(78624K) Class: 11020K(13964K)->11020K(13964K)
[198.092s][info][gc             ] GC(517) Pause Young (Allocation Failure) 758M->376M(8142M) 72.485ms
[198.092s][info][gc,cpu         ] GC(517) User=0.38s Sys=0.00s Real=0.08s
[198.669s][info][gc,start       ] GC(518) Pause Young (Allocation Failure)
[198.669s][info][gc,task        ] GC(518) Using 6 workers of 6 for evacuation
[198.759s][info][gc,heap        ] GC(518) ParNew: 444901K->51072K(460096K)
[198.759s][info][gc,heap        ] GC(518) CMS: 349959K->375498K(7877440K)
[198.759s][info][gc,metaspace   ] GC(518) Metaspace: 86815K(92588K)->86815K(92588K) NonClass: 75794K(78624K)->75794K(78624K) Class: 11020K(13964K)->11020K(13964K)
[198.759s][info][gc             ] GC(518) Pause Young (Allocation Failure) 776M->416M(8142M) 90.462ms
[198.759s][info][gc,cpu         ] GC(518) User=0.47s Sys=0.00s Real=0.08s
[198.885s][info][gc,start       ] GC(519) Pause Young (Allocation Failure)
[198.885s][info][gc,task        ] GC(519) Using 6 workers of 6 for evacuation
[198.993s][info][gc,heap        ] GC(519) ParNew: 460096K->51072K(460096K)
[198.993s][info][gc,heap        ] GC(519) CMS: 375498K->439849K(7877440K)
[198.994s][info][gc,metaspace   ] GC(519) Metaspace: 86815K(92588K)->86815K(92588K) NonClass: 75794K(78624K)->75794K(78624K) Class: 11020K(13964K)->11020K(13964K)
[198.994s][info][gc             ] GC(519) Pause Young (Allocation Failure) 816M->479M(8142M) 108.271ms
[198.994s][info][gc,cpu         ] GC(519) User=0.23s Sys=0.00s Real=0.11s
[199.183s][info][gc,start       ] GC(520) Pause Young (Allocation Failure)
[199.184s][info][gc,task        ] GC(520) Using 6 workers of 6 for evacuation
[199.269s][info][gc,heap        ] GC(520) ParNew: 460096K->51072K(460096K)
[199.269s][info][gc,heap        ] GC(520) CMS: 439849K->501324K(7877440K)
[199.269s][info][gc,metaspace   ] GC(520) Metaspace: 86815K(92588K)->86815K(92588K) NonClass: 75794K(78624K)->75794K(78624K) Class: 11020K(13964K)->11020K(13964K)
[199.269s][info][gc             ] GC(520) Pause Young (Allocation Failure) 878M->539M(8142M) 85.695ms
[199.269s][info][gc,cpu         ] GC(520) User=0.45s Sys=0.00s Real=0.09s
[199.455s][info][gc,start       ] GC(521) Pause Young (Allocation Failure)
[199.455s][info][gc,task        ] GC(521) Using 6 workers of 6 for evacuation
[199.527s][info][gc,heap        ] GC(521) ParNew: 460096K->43684K(460096K)
[199.527s][info][gc,heap        ] GC(521) CMS: 501324K->542988K(7877440K)
[199.527s][info][gc,metaspace   ] GC(521) Metaspace: 86815K(92588K)->86815K(92588K) NonClass: 75794K(78624K)->75794K(78624K) Class: 11020K(13964K)->11020K(13964K)
[199.527s][info][gc             ] GC(521) Pause Young (Allocation Failure) 938M->572M(8142M) 71.906ms
[199.527s][info][gc,cpu         ] GC(521) User=0.38s Sys=0.00s Real=0.06s
[199.999s][info][gc,start       ] GC(522) Pause Young (Allocation Failure)
[199.999s][info][gc,task        ] GC(522) Using 6 workers of 6 for evacuation
[200.074s][info][gc,heap        ] GC(522) ParNew: 452708K->33527K(460096K)
[200.074s][info][gc,heap        ] GC(522) CMS: 542988K->569627K(7877440K)
[200.074s][info][gc,metaspace   ] GC(522) Metaspace: 86815K(92588K)->86815K(92588K) NonClass: 75794K(78624K)->75794K(78624K) Class: 11020K(13964K)->11020K(13964K)
[200.074s][info][gc             ] GC(522) Pause Young (Allocation Failure) 972M->589M(8142M) 75.047ms
[200.074s][info][gc,cpu         ] GC(522) User=0.41s Sys=0.00s Real=0.08s
[200.397s][info][gc,start       ] GC(523) Pause Young (Allocation Failure)
[200.397s][info][gc,task        ] GC(523) Using 6 workers of 6 for evacuation
[200.455s][info][gc,heap        ] GC(523) ParNew: 442551K->51072K(460096K)
[200.455s][info][gc,heap        ] GC(523) CMS: 569627K->575512K(7877440K)
[200.455s][info][gc,metaspace   ] GC(523) Metaspace: 86816K(92588K)->86816K(92588K) NonClass: 75796K(78624K)->75796K(78624K) Class: 11020K(13964K)->11020K(13964K)
[200.455s][info][gc             ] GC(523) Pause Young (Allocation Failure) 988M->611M(8142M) 58.558ms
[200.456s][info][gc,cpu         ] GC(523) User=0.28s Sys=0.00s Real=0.05s
[200.768s][info][gc,start       ] GC(524) Pause Young (Allocation Failure)
[200.768s][info][gc,task        ] GC(524) Using 6 workers of 6 for evacuation
[200.838s][info][gc,heap        ] GC(524) ParNew: 460096K->47257K(460096K)
[200.839s][info][gc,heap        ] GC(524) CMS: 575512K->601866K(7877440K)
[200.839s][info][gc,metaspace   ] GC(524) Metaspace: 86818K(92588K)->86818K(92588K) NonClass: 75798K(78624K)->75798K(78624K) Class: 11020K(13964K)->11020K(13964K)
[200.839s][info][gc             ] GC(524) Pause Young (Allocation Failure) 1011M->633M(8142M) 70.417ms
[200.839s][info][gc,cpu         ] GC(524) User=0.36s Sys=0.00s Real=0.08s
[201.091s][info][gc,start       ] GC(525) Pause Young (Allocation Failure)
[201.091s][info][gc,task        ] GC(525) Using 6 workers of 6 for evacuation
[201.143s][info][gc,heap        ] GC(525) ParNew: 456281K->51072K(460096K)
[201.143s][info][gc,heap        ] GC(525) CMS: 601866K->606688K(7877440K)
[201.143s][info][gc,metaspace   ] GC(525) Metaspace: 86820K(92588K)->86820K(92588K) NonClass: 75800K(78624K)->75800K(78624K) Class: 11020K(13964K)->11020K(13964K)
[201.144s][info][gc             ] GC(525) Pause Young (Allocation Failure) 1033M->642M(8142M) 52.948ms
[201.144s][info][gc,cpu         ] GC(525) User=0.28s Sys=0.00s Real=0.05s
[201.539s][info][gc,start       ] GC(526) Pause Young (Allocation Failure)
[201.539s][info][gc,task        ] GC(526) Using 6 workers of 6 for evacuation
[201.584s][info][gc,heap        ] GC(526) ParNew: 458430K->51072K(460096K)
[201.584s][info][gc,heap        ] GC(526) CMS: 606688K->617648K(7877440K)
[201.584s][info][gc,metaspace   ] GC(526) Metaspace: 86823K(92588K)->86823K(92588K) NonClass: 75802K(78624K)->75802K(78624K) Class: 11020K(13964K)->11020K(13964K)
[201.584s][info][gc             ] GC(526) Pause Young (Allocation Failure) 1040M->653M(8142M) 45.236ms
[201.584s][info][gc,cpu         ] GC(526) User=0.14s Sys=0.00s Real=0.05s
[201.822s][info][gc,start       ] GC(527) Pause Young (Allocation Failure)
[201.823s][info][gc,task        ] GC(527) Using 6 workers of 6 for evacuation
[201.878s][info][gc,heap        ] GC(527) ParNew: 460096K->51072K(460096K)
[201.879s][info][gc,heap        ] GC(527) CMS: 617648K->637434K(7877440K)
[201.879s][info][gc,metaspace   ] GC(527) Metaspace: 86823K(92588K)->86823K(92588K) NonClass: 75802K(78624K)->75802K(78624K) Class: 11020K(13964K)->11020K(13964K)
[201.879s][info][gc             ] GC(527) Pause Young (Allocation Failure) 1052M->672M(8142M) 56.176ms
[201.879s][info][gc,cpu         ] GC(527) User=0.31s Sys=0.00s Real=0.06s
[202.019s][info][gc,start       ] GC(528) Pause Full (System.gc())
[202.023s][info][gc,phases,start] GC(528) Phase 1: Mark live objects
[202.146s][info][gc,phases      ] GC(528) Phase 1: Mark live objects 123.472ms
[202.146s][info][gc,phases,start] GC(528) Phase 2: Compute new object addresses
[202.365s][info][gc,phases      ] GC(528) Phase 2: Compute new object addresses 218.325ms
[202.365s][info][gc,phases,start] GC(528) Phase 3: Adjust pointers
[202.446s][info][gc,phases      ] GC(528) Phase 3: Adjust pointers 81.591ms
[202.446s][info][gc,phases,start] GC(528) Phase 4: Move objects
[202.476s][info][gc,phases      ] GC(528) Phase 4: Move objects 29.718ms
[202.482s][info][gc,heap        ] GC(528) ParNew: 447599K->0K(460096K)
[202.482s][info][gc,heap        ] GC(528) CMS: 637434K->167497K(7877440K)
[202.482s][info][gc,metaspace   ] GC(528) Metaspace: 86823K(92588K)->86823K(92588K) NonClass: 75802K(78624K)->75802K(78624K) Class: 11020K(13964K)->11020K(13964K)
[202.483s][info][gc             ] GC(528) Pause Full (System.gc()) 1059M->163M(8142M) 463.254ms
[202.483s][info][gc,cpu         ] GC(528) User=0.42s Sys=0.00s Real=0.47s
[202.635s][info][gc,start       ] GC(529) Pause Young (Allocation Failure)
[202.635s][info][gc,task        ] GC(529) Using 6 workers of 6 for evacuation
[202.732s][info][gc,heap        ] GC(529) ParNew: 409024K->51072K(460096K)
[202.733s][info][gc,heap        ] GC(529) CMS: 167497K->227577K(7877440K)
[202.733s][info][gc,metaspace   ] GC(529) Metaspace: 86833K(92588K)->86833K(92588K) NonClass: 75813K(78624K)->75813K(78624K) Class: 11020K(13964K)->11020K(13964K)
[202.733s][info][gc             ] GC(529) Pause Young (Allocation Failure) 563M->272M(8142M) 97.757ms
[202.733s][info][gc,cpu         ] GC(529) User=0.17s Sys=0.00s Real=0.09s
[202.905s][info][gc,start       ] GC(530) Pause Young (Allocation Failure)
[202.905s][info][gc,task        ] GC(530) Using 6 workers of 6 for evacuation
[202.980s][info][gc,heap        ] GC(530) ParNew: 460096K->51072K(460096K)
[202.980s][info][gc,heap        ] GC(530) CMS: 227577K->278010K(7877440K)
[202.980s][info][gc,metaspace   ] GC(530) Metaspace: 86833K(92588K)->86833K(92588K) NonClass: 75813K(78624K)->75813K(78624K) Class: 11020K(13964K)->11020K(13964K)
[202.980s][info][gc             ] GC(530) Pause Young (Allocation Failure) 671M->321M(8142M) 74.831ms
[202.980s][info][gc,cpu         ] GC(530) User=0.17s Sys=0.00s Real=0.08s
[203.171s][info][gc,start       ] GC(531) Pause Young (Allocation Failure)
[203.171s][info][gc,task        ] GC(531) Using 6 workers of 6 for evacuation
[203.247s][info][gc,heap        ] GC(531) ParNew: 460096K->51072K(460096K)
[203.247s][info][gc,heap        ] GC(531) CMS: 278010K->314209K(7877440K)
[203.247s][info][gc,metaspace   ] GC(531) Metaspace: 86833K(92588K)->86833K(92588K) NonClass: 75813K(78624K)->75813K(78624K) Class: 11020K(13964K)->11020K(13964K)
[203.247s][info][gc             ] GC(531) Pause Young (Allocation Failure) 720M->356M(8142M) 76.207ms
[203.247s][info][gc,cpu         ] GC(531) User=0.42s Sys=0.00s Real=0.08s
[203.442s][info][gc,start       ] GC(532) Pause Young (Allocation Failure)
[203.442s][info][gc,task        ] GC(532) Using 6 workers of 6 for evacuation
[203.513s][info][gc,heap        ] GC(532) ParNew: 460096K->37609K(460096K)
[203.513s][info][gc,heap        ] GC(532) CMS: 314209K->350336K(7877440K)
[203.513s][info][gc,metaspace   ] GC(532) Metaspace: 86833K(92588K)->86833K(92588K) NonClass: 75813K(78624K)->75813K(78624K) Class: 11020K(13964K)->11020K(13964K)
[203.513s][info][gc             ] GC(532) Pause Young (Allocation Failure) 756M->378M(8142M) 71.198ms
[203.513s][info][gc,cpu         ] GC(532) User=0.38s Sys=0.00s Real=0.06s
[204.092s][info][gc,start       ] GC(533) Pause Young (Allocation Failure)
[204.092s][info][gc,task        ] GC(533) Using 6 workers of 6 for evacuation
[204.188s][info][gc,heap        ] GC(533) ParNew: 446633K->51072K(460096K)
[204.188s][info][gc,heap        ] GC(533) CMS: 350336K->375803K(7877440K)
[204.188s][info][gc,metaspace   ] GC(533) Metaspace: 86836K(92588K)->86836K(92588K) NonClass: 75815K(78624K)->75815K(78624K) Class: 11020K(13964K)->11020K(13964K)
[204.188s][info][gc             ] GC(533) Pause Young (Allocation Failure) 778M->416M(8142M) 96.433ms
[204.188s][info][gc,cpu         ] GC(533) User=0.50s Sys=0.00s Real=0.09s
[204.313s][info][gc,start       ] GC(534) Pause Young (Allocation Failure)
[204.313s][info][gc,task        ] GC(534) Using 6 workers of 6 for evacuation
[204.424s][info][gc,heap        ] GC(534) ParNew: 460096K->51072K(460096K)
[204.424s][info][gc,heap        ] GC(534) CMS: 375803K->440737K(7877440K)
[204.424s][info][gc,metaspace   ] GC(534) Metaspace: 86836K(92588K)->86836K(92588K) NonClass: 75815K(78624K)->75815K(78624K) Class: 11020K(13964K)->11020K(13964K)
[204.424s][info][gc             ] GC(534) Pause Young (Allocation Failure) 816M->480M(8142M) 110.844ms
[204.424s][info][gc,cpu         ] GC(534) User=0.23s Sys=0.02s Real=0.12s
[204.614s][info][gc,start       ] GC(535) Pause Young (Allocation Failure)
[204.614s][info][gc,task        ] GC(535) Using 6 workers of 6 for evacuation
[204.694s][info][gc,heap        ] GC(535) ParNew: 460096K->51072K(460096K)
[204.694s][info][gc,heap        ] GC(535) CMS: 440737K->497407K(7877440K)
[204.694s][info][gc,metaspace   ] GC(535) Metaspace: 86836K(92588K)->86836K(92588K) NonClass: 75815K(78624K)->75815K(78624K) Class: 11020K(13964K)->11020K(13964K)
[204.695s][info][gc             ] GC(535) Pause Young (Allocation Failure) 879M->535M(8142M) 80.692ms
[204.695s][info][gc,cpu         ] GC(535) User=0.42s Sys=0.00s Real=0.08s
[204.882s][info][gc,start       ] GC(536) Pause Young (Allocation Failure)
[204.882s][info][gc,task        ] GC(536) Using 6 workers of 6 for evacuation
[204.953s][info][gc,heap        ] GC(536) ParNew: 460096K->43693K(460096K)
[204.953s][info][gc,heap        ] GC(536) CMS: 497407K->537940K(7877440K)
[204.953s][info][gc,metaspace   ] GC(536) Metaspace: 86836K(92588K)->86836K(92588K) NonClass: 75815K(78624K)->75815K(78624K) Class: 11020K(13964K)->11020K(13964K)
[204.953s][info][gc             ] GC(536) Pause Young (Allocation Failure) 935M->568M(8142M) 70.952ms
[204.953s][info][gc,cpu         ] GC(536) User=0.36s Sys=0.00s Real=0.08s
[205.443s][info][gc,start       ] GC(537) Pause Young (Allocation Failure)
[205.443s][info][gc,task        ] GC(537) Using 6 workers of 6 for evacuation
[205.516s][info][gc,heap        ] GC(537) ParNew: 452717K->33437K(460096K)
[205.516s][info][gc,heap        ] GC(537) CMS: 537940K->564477K(7877440K)
[205.516s][info][gc,metaspace   ] GC(537) Metaspace: 86836K(92588K)->86836K(92588K) NonClass: 75815K(78624K)->75815K(78624K) Class: 11020K(13964K)->11020K(13964K)
[205.517s][info][gc             ] GC(537) Pause Young (Allocation Failure) 967M->583M(8142M) 73.991ms
[205.517s][info][gc,cpu         ] GC(537) User=0.39s Sys=0.00s Real=0.08s
[205.840s][info][gc,start       ] GC(538) Pause Young (Allocation Failure)
[205.840s][info][gc,task        ] GC(538) Using 6 workers of 6 for evacuation
[205.899s][info][gc,heap        ] GC(538) ParNew: 442461K->51072K(460096K)
[205.899s][info][gc,heap        ] GC(538) CMS: 564477K->570690K(7877440K)
[205.899s][info][gc,metaspace   ] GC(538) Metaspace: 86846K(92588K)->86846K(92588K) NonClass: 75824K(78624K)->75824K(78624K) Class: 11022K(13964K)->11022K(13964K)
[205.899s][info][gc             ] GC(538) Pause Young (Allocation Failure) 983M->607M(8142M) 59.519ms
[205.899s][info][gc,cpu         ] GC(538) User=0.30s Sys=0.00s Real=0.06s
[206.210s][info][gc,start       ] GC(539) Pause Young (Allocation Failure)
[206.210s][info][gc,task        ] GC(539) Using 6 workers of 6 for evacuation
[206.279s][info][gc,heap        ] GC(539) ParNew: 460096K->51072K(460096K)
[206.279s][info][gc,heap        ] GC(539) CMS: 570690K->596822K(7877440K)
[206.279s][info][gc,metaspace   ] GC(539) Metaspace: 86849K(92588K)->86849K(92588K) NonClass: 75826K(78624K)->75826K(78624K) Class: 11022K(13964K)->11022K(13964K)
[206.279s][info][gc             ] GC(539) Pause Young (Allocation Failure) 1006M->632M(8142M) 68.974ms
[206.279s][info][gc,cpu         ] GC(539) User=0.16s Sys=0.00s Real=0.06s
[206.500s][info][gc,start       ] GC(540) Pause Young (Allocation Failure)
[206.500s][info][gc,task        ] GC(540) Using 6 workers of 6 for evacuation
[206.550s][info][gc,heap        ] GC(540) ParNew: 460096K->51072K(460096K)
[206.550s][info][gc,heap        ] GC(540) CMS: 596822K->601503K(7877440K)
[206.550s][info][gc,metaspace   ] GC(540) Metaspace: 86849K(92588K)->86849K(92588K) NonClass: 75826K(78624K)->75826K(78624K) Class: 11022K(13964K)->11022K(13964K)
[206.550s][info][gc             ] GC(540) Pause Young (Allocation Failure) 1032M->637M(8142M) 49.947ms
[206.550s][info][gc,cpu         ] GC(540) User=0.16s Sys=0.00s Real=0.06s
[206.927s][info][gc,start       ] GC(541) Pause Young (Allocation Failure)
[206.927s][info][gc,task        ] GC(541) Using 6 workers of 6 for evacuation
[206.969s][info][gc,heap        ] GC(541) ParNew: 459614K->51072K(460096K)
[206.969s][info][gc,heap        ] GC(541) CMS: 601503K->615854K(7877440K)
[206.969s][info][gc,metaspace   ] GC(541) Metaspace: 86850K(92588K)->86850K(92588K) NonClass: 75827K(78624K)->75827K(78624K) Class: 11022K(13964K)->11022K(13964K)
[206.969s][info][gc             ] GC(541) Pause Young (Allocation Failure) 1036M->651M(8142M) 42.632ms
[206.970s][info][gc,cpu         ] GC(541) User=0.06s Sys=0.00s Real=0.03s
[207.156s][info][gc,start       ] GC(542) Pause Young (Allocation Failure)
[207.156s][info][gc,task        ] GC(542) Using 6 workers of 6 for evacuation
[207.211s][info][gc,heap        ] GC(542) ParNew: 460096K->51072K(460096K)
[207.211s][info][gc,heap        ] GC(542) CMS: 615854K->633636K(7877440K)
[207.211s][info][gc,metaspace   ] GC(542) Metaspace: 86850K(92588K)->86850K(92588K) NonClass: 75828K(78624K)->75828K(78624K) Class: 11022K(13964K)->11022K(13964K)
[207.211s][info][gc             ] GC(542) Pause Young (Allocation Failure) 1050M->668M(8142M) 55.299ms
[207.211s][info][gc,cpu         ] GC(542) User=0.30s Sys=0.00s Real=0.06s
[207.354s][info][gc,start       ] GC(543) Pause Full (System.gc())
[207.357s][info][gc,phases,start] GC(543) Phase 1: Mark live objects
[207.499s][info][gc,phases      ] GC(543) Phase 1: Mark live objects 141.842ms
[207.499s][info][gc,phases,start] GC(543) Phase 2: Compute new object addresses
[207.721s][info][gc,phases      ] GC(543) Phase 2: Compute new object addresses 222.105ms
[207.721s][info][gc,phases,start] GC(543) Phase 3: Adjust pointers
[207.800s][info][gc,phases      ] GC(543) Phase 3: Adjust pointers 78.695ms
[207.800s][info][gc,phases,start] GC(543) Phase 4: Move objects
[207.801s][info][gc,phases      ] GC(543) Phase 4: Move objects 1.326ms
[207.807s][info][gc,heap        ] GC(543) ParNew: 453945K->0K(460096K)
[207.807s][info][gc,heap        ] GC(543) CMS: 633636K->167549K(7877440K)
[207.807s][info][gc,metaspace   ] GC(543) Metaspace: 86850K(92588K)->86850K(92588K) NonClass: 75828K(78624K)->75828K(78624K) Class: 11022K(13964K)->11022K(13964K)
[207.808s][info][gc             ] GC(543) Pause Full (System.gc()) 1062M->163M(8142M) 454.079ms
[207.808s][info][gc,cpu         ] GC(543) User=0.45s Sys=0.00s Real=0.45s
[207.958s][info][gc,start       ] GC(544) Pause Young (Allocation Failure)
[207.958s][info][gc,task        ] GC(544) Using 6 workers of 6 for evacuation
[208.053s][info][gc,heap        ] GC(544) ParNew: 409024K->51072K(460096K)
[208.053s][info][gc,heap        ] GC(544) CMS: 167549K->227498K(7877440K)
[208.053s][info][gc,metaspace   ] GC(544) Metaspace: 86845K(92588K)->86845K(92588K) NonClass: 75824K(78624K)->75824K(78624K) Class: 11020K(13964K)->11020K(13964K)
[208.053s][info][gc             ] GC(544) Pause Young (Allocation Failure) 563M->272M(8142M) 95.583ms
[208.053s][info][gc,cpu         ] GC(544) User=0.28s Sys=0.00s Real=0.09s
[208.229s][info][gc,start       ] GC(545) Pause Young (Allocation Failure)
[208.229s][info][gc,task        ] GC(545) Using 6 workers of 6 for evacuation
[208.304s][info][gc,heap        ] GC(545) ParNew: 460096K->51072K(460096K)
[208.305s][info][gc,heap        ] GC(545) CMS: 227498K->279148K(7877440K)
[208.305s][info][gc,metaspace   ] GC(545) Metaspace: 86845K(92588K)->86845K(92588K) NonClass: 75824K(78624K)->75824K(78624K) Class: 11020K(13964K)->11020K(13964K)
[208.305s][info][gc             ] GC(545) Pause Young (Allocation Failure) 671M->322M(8142M) 75.958ms
[208.305s][info][gc,cpu         ] GC(545) User=0.23s Sys=0.00s Real=0.06s
[208.491s][info][gc,start       ] GC(546) Pause Young (Allocation Failure)
[208.491s][info][gc,task        ] GC(546) Using 6 workers of 6 for evacuation
[208.568s][info][gc,heap        ] GC(546) ParNew: 460096K->51072K(460096K)
[208.568s][info][gc,heap        ] GC(546) CMS: 279148K->317676K(7877440K)
[208.568s][info][gc,metaspace   ] GC(546) Metaspace: 86845K(92588K)->86845K(92588K) NonClass: 75824K(78624K)->75824K(78624K) Class: 11020K(13964K)->11020K(13964K)
[208.568s][info][gc             ] GC(546) Pause Young (Allocation Failure) 721M->360M(8142M) 77.174ms
[208.568s][info][gc,cpu         ] GC(546) User=0.39s Sys=0.00s Real=0.08s
[208.761s][info][gc,start       ] GC(547) Pause Young (Allocation Failure)
[208.761s][info][gc,task        ] GC(547) Using 6 workers of 6 for evacuation
[208.834s][info][gc,heap        ] GC(547) ParNew: 460096K->35803K(460096K)
[208.834s][info][gc,heap        ] GC(547) CMS: 317676K->350687K(7877440K)
[208.834s][info][gc,metaspace   ] GC(547) Metaspace: 86845K(92588K)->86845K(92588K) NonClass: 75824K(78624K)->75824K(78624K) Class: 11020K(13964K)->11020K(13964K)
[208.834s][info][gc             ] GC(547) Pause Young (Allocation Failure) 759M->377M(8142M) 73.469ms
[208.834s][info][gc,cpu         ] GC(547) User=0.42s Sys=0.00s Real=0.09s
[209.409s][info][gc,start       ] GC(548) Pause Young (Allocation Failure)
[209.409s][info][gc,task        ] GC(548) Using 6 workers of 6 for evacuation
[209.498s][info][gc,heap        ] GC(548) ParNew: 444827K->51072K(460096K)
[209.498s][info][gc,heap        ] GC(548) CMS: 350687K->376496K(7877440K)
[209.498s][info][gc,metaspace   ] GC(548) Metaspace: 86847K(92588K)->86847K(92588K) NonClass: 75826K(78624K)->75826K(78624K) Class: 11020K(13964K)->11020K(13964K)
[209.498s][info][gc             ] GC(548) Pause Young (Allocation Failure) 776M->417M(8142M) 89.762ms
[209.498s][info][gc,cpu         ] GC(548) User=0.45s Sys=0.00s Real=0.08s
[209.624s][info][gc,start       ] GC(549) Pause Young (Allocation Failure)
[209.624s][info][gc,task        ] GC(549) Using 6 workers of 6 for evacuation
[209.734s][info][gc,heap        ] GC(549) ParNew: 460096K->51072K(460096K)
[209.734s][info][gc,heap        ] GC(549) CMS: 376496K->441225K(7877440K)
[209.734s][info][gc,metaspace   ] GC(549) Metaspace: 86847K(92588K)->86847K(92588K) NonClass: 75826K(78624K)->75826K(78624K) Class: 11020K(13964K)->11020K(13964K)
[209.734s][info][gc             ] GC(549) Pause Young (Allocation Failure) 816M->480M(8142M) 110.053ms
[209.734s][info][gc,cpu         ] GC(549) User=0.36s Sys=0.00s Real=0.12s
[209.922s][info][gc,start       ] GC(550) Pause Young (Allocation Failure)
[209.922s][info][gc,task        ] GC(550) Using 6 workers of 6 for evacuation
[210.007s][info][gc,heap        ] GC(550) ParNew: 460096K->51072K(460096K)
[210.007s][info][gc,heap        ] GC(550) CMS: 441225K->498992K(7877440K)
[210.007s][info][gc,metaspace   ] GC(550) Metaspace: 86847K(92588K)->86847K(92588K) NonClass: 75826K(78624K)->75826K(78624K) Class: 11020K(13964K)->11020K(13964K)
[210.007s][info][gc             ] GC(550) Pause Young (Allocation Failure) 880M->537M(8142M) 84.587ms
[210.007s][info][gc,cpu         ] GC(550) User=0.41s Sys=0.00s Real=0.09s
[210.195s][info][gc,start       ] GC(551) Pause Young (Allocation Failure)
[210.195s][info][gc,task        ] GC(551) Using 6 workers of 6 for evacuation
[210.266s][info][gc,heap        ] GC(551) ParNew: 460096K->45242K(460096K)
[210.266s][info][gc,heap        ] GC(551) CMS: 498992K->539339K(7877440K)
[210.266s][info][gc,metaspace   ] GC(551) Metaspace: 86847K(92588K)->86847K(92588K) NonClass: 75826K(78624K)->75826K(78624K) Class: 11020K(13964K)->11020K(13964K)
[210.266s][info][gc             ] GC(551) Pause Young (Allocation Failure) 936M->570M(8142M) 71.071ms
[210.266s][info][gc,cpu         ] GC(551) User=0.38s Sys=0.00s Real=0.06s
[210.740s][info][gc,start       ] GC(552) Pause Young (Allocation Failure)
[210.740s][info][gc,task        ] GC(552) Using 6 workers of 6 for evacuation
[210.814s][info][gc,heap        ] GC(552) ParNew: 454266K->33857K(460096K)
[210.814s][info][gc,heap        ] GC(552) CMS: 539339K->565888K(7877440K)
[210.814s][info][gc,metaspace   ] GC(552) Metaspace: 86847K(92588K)->86847K(92588K) NonClass: 75826K(78624K)->75826K(78624K) Class: 11020K(13964K)->11020K(13964K)
[210.814s][info][gc             ] GC(552) Pause Young (Allocation Failure) 970M->585M(8142M) 74.272ms
[210.814s][info][gc,cpu         ] GC(552) User=0.38s Sys=0.00s Real=0.06s
[211.137s][info][gc,start       ] GC(553) Pause Young (Allocation Failure)
[211.137s][info][gc,task        ] GC(553) Using 6 workers of 6 for evacuation
[211.196s][info][gc,heap        ] GC(553) ParNew: 442881K->51072K(460096K)
[211.196s][info][gc,heap        ] GC(553) CMS: 565888K->572280K(7877440K)
[211.196s][info][gc,metaspace   ] GC(553) Metaspace: 86847K(92588K)->86847K(92588K) NonClass: 75826K(78624K)->75826K(78624K) Class: 11020K(13964K)->11020K(13964K)
[211.196s][info][gc             ] GC(553) Pause Young (Allocation Failure) 985M->608M(8142M) 59.350ms
[211.196s][info][gc,cpu         ] GC(553) User=0.30s Sys=0.00s Real=0.06s
[211.509s][info][gc,start       ] GC(554) Pause Young (Allocation Failure)
[211.509s][info][gc,task        ] GC(554) Using 6 workers of 6 for evacuation
[211.578s][info][gc,heap        ] GC(554) ParNew: 460096K->44981K(460096K)
[211.578s][info][gc,heap        ] GC(554) CMS: 572280K->598698K(7877440K)
[211.578s][info][gc,metaspace   ] GC(554) Metaspace: 86847K(92588K)->86847K(92588K) NonClass: 75826K(78624K)->75826K(78624K) Class: 11020K(13964K)->11020K(13964K)
[211.578s][info][gc             ] GC(554) Pause Young (Allocation Failure) 1008M->628M(8142M) 69.682ms
[211.578s][info][gc,cpu         ] GC(554) User=0.27s Sys=0.00s Real=0.06s
[211.809s][info][gc,start       ] GC(555) Pause Young (Allocation Failure)
[211.809s][info][gc,task        ] GC(555) Using 6 workers of 6 for evacuation
[211.859s][info][gc,heap        ] GC(555) ParNew: 454005K->51072K(460096K)
[211.859s][info][gc,heap        ] GC(555) CMS: 598698K->602893K(7877440K)
[211.859s][info][gc,metaspace   ] GC(555) Metaspace: 86848K(92588K)->86848K(92588K) NonClass: 75827K(78624K)->75827K(78624K) Class: 11020K(13964K)->11020K(13964K)
[211.859s][info][gc             ] GC(555) Pause Young (Allocation Failure) 1028M->638M(8142M) 49.550ms
[211.859s][info][gc,cpu         ] GC(555) User=0.12s Sys=0.00s Real=0.05s
[212.229s][info][gc,start       ] GC(556) Pause Young (Allocation Failure)
[212.229s][info][gc,task        ] GC(556) Using 6 workers of 6 for evacuation
[212.277s][info][gc,heap        ] GC(556) ParNew: 460096K->51072K(460096K)
[212.277s][info][gc,heap        ] GC(556) CMS: 602893K->620864K(7877440K)
[212.277s][info][gc,metaspace   ] GC(556) Metaspace: 86849K(92588K)->86849K(92588K) NonClass: 75828K(78624K)->75828K(78624K) Class: 11020K(13964K)->11020K(13964K)
[212.277s][info][gc             ] GC(556) Pause Young (Allocation Failure) 1038M->656M(8142M) 47.817ms
[212.277s][info][gc,cpu         ] GC(556) User=0.14s Sys=0.02s Real=0.06s
[212.470s][info][gc,start       ] GC(557) Pause Young (Allocation Failure)
[212.470s][info][gc,task        ] GC(557) Using 6 workers of 6 for evacuation
[212.530s][info][gc,heap        ] GC(557) ParNew: 460096K->51072K(460096K)
[212.530s][info][gc,heap        ] GC(557) CMS: 620864K->646051K(7877440K)
[212.530s][info][gc,metaspace   ] GC(557) Metaspace: 86849K(92588K)->86849K(92588K) NonClass: 75828K(78624K)->75828K(78624K) Class: 11020K(13964K)->11020K(13964K)
[212.530s][info][gc             ] GC(557) Pause Young (Allocation Failure) 1055M->680M(8142M) 60.869ms
[212.530s][info][gc,cpu         ] GC(557) User=0.30s Sys=0.00s Real=0.06s
[212.675s][info][gc,start       ] GC(558) Pause Young (Allocation Failure)
[212.675s][info][gc,task        ] GC(558) Using 6 workers of 6 for evacuation
[212.947s][info][gc,heap        ] GC(558) ParNew: 460096K->51072K(460096K)
[212.947s][info][gc,heap        ] GC(558) CMS: 646051K->701859K(7877440K)
[212.947s][info][gc,metaspace   ] GC(558) Metaspace: 86849K(92588K)->86849K(92588K) NonClass: 75828K(78624K)->75828K(78624K) Class: 11020K(13964K)->11020K(13964K)
[212.948s][info][gc             ] GC(558) Pause Young (Allocation Failure) 1080M->735M(8142M) 272.530ms
[212.948s][info][gc,cpu         ] GC(558) User=1.55s Sys=0.00s Real=0.27s
[212.951s][info][gc,start       ] GC(559) Pause Full (System.gc())
[212.954s][info][gc,phases,start] GC(559) Phase 1: Mark live objects
[213.075s][info][gc,phases      ] GC(559) Phase 1: Mark live objects 121.631ms
[213.075s][info][gc,phases,start] GC(559) Phase 2: Compute new object addresses
[213.250s][info][gc,phases      ] GC(559) Phase 2: Compute new object addresses 174.462ms
[213.250s][info][gc,phases,start] GC(559) Phase 3: Adjust pointers
[213.329s][info][gc,phases      ] GC(559) Phase 3: Adjust pointers 79.475ms
[213.330s][info][gc,phases,start] GC(559) Phase 4: Move objects
[213.334s][info][gc,phases      ] GC(559) Phase 4: Move objects 4.542ms
[213.340s][info][gc,heap        ] GC(559) ParNew: 55374K->0K(460096K)
[213.340s][info][gc,heap        ] GC(559) CMS: 701859K->167602K(7877440K)
[213.340s][info][gc,metaspace   ] GC(559) Metaspace: 86849K(92588K)->86849K(92588K) NonClass: 75828K(78624K)->75828K(78624K) Class: 11020K(13964K)->11020K(13964K)
[213.341s][info][gc             ] GC(559) Pause Full (System.gc()) 739M->163M(8142M) 389.171ms
[213.341s][info][gc,cpu         ] GC(559) User=0.34s Sys=0.00s Real=0.39s
[213.488s][info][gc,start       ] GC(560) Pause Young (Allocation Failure)
[213.488s][info][gc,task        ] GC(560) Using 6 workers of 6 for evacuation
[213.582s][info][gc,heap        ] GC(560) ParNew: 409024K->51072K(460096K)
[213.582s][info][gc,heap        ] GC(560) CMS: 167602K->227364K(7877440K)
[213.582s][info][gc,metaspace   ] GC(560) Metaspace: 86851K(92588K)->86851K(92588K) NonClass: 75830K(78624K)->75830K(78624K) Class: 11020K(13964K)->11020K(13964K)
[213.582s][info][gc             ] GC(560) Pause Young (Allocation Failure) 563M->271M(8142M) 94.135ms
[213.582s][info][gc,cpu         ] GC(560) User=0.27s Sys=0.00s Real=0.09s
[213.756s][info][gc,start       ] GC(561) Pause Young (Allocation Failure)
[213.756s][info][gc,task        ] GC(561) Using 6 workers of 6 for evacuation
[213.830s][info][gc,heap        ] GC(561) ParNew: 460096K->51072K(460096K)
[213.830s][info][gc,heap        ] GC(561) CMS: 227364K->276342K(7877440K)
[213.830s][info][gc,metaspace   ] GC(561) Metaspace: 86851K(92588K)->86851K(92588K) NonClass: 75830K(78624K)->75830K(78624K) Class: 11020K(13964K)->11020K(13964K)
[213.830s][info][gc             ] GC(561) Pause Young (Allocation Failure) 671M->319M(8142M) 74.381ms
[213.830s][info][gc,cpu         ] GC(561) User=0.30s Sys=0.00s Real=0.06s
[214.015s][info][gc,start       ] GC(562) Pause Young (Allocation Failure)
[214.015s][info][gc,task        ] GC(562) Using 6 workers of 6 for evacuation
[214.094s][info][gc,heap        ] GC(562) ParNew: 460096K->51072K(460096K)
[214.094s][info][gc,heap        ] GC(562) CMS: 276342K->314574K(7877440K)
[214.094s][info][gc,metaspace   ] GC(562) Metaspace: 86851K(92588K)->86851K(92588K) NonClass: 75830K(78624K)->75830K(78624K) Class: 11020K(13964K)->11020K(13964K)
[214.094s][info][gc             ] GC(562) Pause Young (Allocation Failure) 719M->357M(8142M) 78.350ms
[214.094s][info][gc,cpu         ] GC(562) User=0.39s Sys=0.00s Real=0.08s
[214.291s][info][gc,start       ] GC(563) Pause Young (Allocation Failure)
[214.291s][info][gc,task        ] GC(563) Using 6 workers of 6 for evacuation
[214.363s][info][gc,heap        ] GC(563) ParNew: 460096K->34846K(460096K)
[214.363s][info][gc,heap        ] GC(563) CMS: 314574K->350749K(7877440K)
[214.363s][info][gc,metaspace   ] GC(563) Metaspace: 86851K(92588K)->86851K(92588K) NonClass: 75830K(78624K)->75830K(78624K) Class: 11020K(13964K)->11020K(13964K)
[214.363s][info][gc             ] GC(563) Pause Young (Allocation Failure) 756M->376M(8142M) 71.358ms
[214.363s][info][gc,cpu         ] GC(563) User=0.38s Sys=0.00s Real=0.06s
[214.946s][info][gc,start       ] GC(564) Pause Young (Allocation Failure)
[214.946s][info][gc,task        ] GC(564) Using 6 workers of 6 for evacuation
[215.036s][info][gc,heap        ] GC(564) ParNew: 443870K->51072K(460096K)
[215.036s][info][gc,heap        ] GC(564) CMS: 350749K->377235K(7877440K)
[215.036s][info][gc,metaspace   ] GC(564) Metaspace: 86851K(92588K)->86851K(92588K) NonClass: 75830K(78624K)->75830K(78624K) Class: 11020K(13964K)->11020K(13964K)
[215.036s][info][gc             ] GC(564) Pause Young (Allocation Failure) 775M->418M(8142M) 90.273ms
[215.036s][info][gc,cpu         ] GC(564) User=0.44s Sys=0.00s Real=0.08s
[215.164s][info][gc,start       ] GC(565) Pause Young (Allocation Failure)
[215.164s][info][gc,task        ] GC(565) Using 6 workers of 6 for evacuation
[215.272s][info][gc,heap        ] GC(565) ParNew: 460096K->51072K(460096K)
[215.272s][info][gc,heap        ] GC(565) CMS: 377235K->441379K(7877440K)
[215.272s][info][gc,metaspace   ] GC(565) Metaspace: 86851K(92588K)->86851K(92588K) NonClass: 75830K(78624K)->75830K(78624K) Class: 11020K(13964K)->11020K(13964K)
[215.272s][info][gc             ] GC(565) Pause Young (Allocation Failure) 817M->480M(8142M) 107.923ms
[215.272s][info][gc,cpu         ] GC(565) User=0.20s Sys=0.00s Real=0.11s
[215.454s][info][gc,start       ] GC(566) Pause Young (Allocation Failure)
[215.454s][info][gc,task        ] GC(566) Using 6 workers of 6 for evacuation
[215.537s][info][gc,heap        ] GC(566) ParNew: 460096K->51072K(460096K)
[215.537s][info][gc,heap        ] GC(566) CMS: 441379K->497132K(7877440K)
[215.537s][info][gc,metaspace   ] GC(566) Metaspace: 86851K(92588K)->86851K(92588K) NonClass: 75830K(78624K)->75830K(78624K) Class: 11020K(13964K)->11020K(13964K)
[215.537s][info][gc             ] GC(566) Pause Young (Allocation Failure) 880M->535M(8142M) 82.574ms
[215.537s][info][gc,cpu         ] GC(566) User=0.39s Sys=0.00s Real=0.08s
[215.723s][info][gc,start       ] GC(567) Pause Young (Allocation Failure)
[215.723s][info][gc,task        ] GC(567) Using 6 workers of 6 for evacuation
[215.799s][info][gc,heap        ] GC(567) ParNew: 460096K->47379K(460096K)
[215.799s][info][gc,heap        ] GC(567) CMS: 497132K->541590K(7877440K)
[215.799s][info][gc,metaspace   ] GC(567) Metaspace: 86851K(92588K)->86851K(92588K) NonClass: 75830K(78624K)->75830K(78624K) Class: 11020K(13964K)->11020K(13964K)
[215.799s][info][gc             ] GC(567) Pause Young (Allocation Failure) 934M->575M(8142M) 76.187ms
[215.799s][info][gc,cpu         ] GC(567) User=0.39s Sys=0.00s Real=0.08s
[216.277s][info][gc,start       ] GC(568) Pause Young (Allocation Failure)
[216.277s][info][gc,task        ] GC(568) Using 6 workers of 6 for evacuation
[216.355s][info][gc,heap        ] GC(568) ParNew: 456403K->34330K(460096K)
[216.355s][info][gc,heap        ] GC(568) CMS: 541590K->568073K(7877440K)
[216.355s][info][gc,metaspace   ] GC(568) Metaspace: 86851K(92588K)->86851K(92588K) NonClass: 75830K(78624K)->75830K(78624K) Class: 11020K(13964K)->11020K(13964K)
[216.356s][info][gc             ] GC(568) Pause Young (Allocation Failure) 974M->588M(8142M) 78.319ms
[216.356s][info][gc,cpu         ] GC(568) User=0.42s Sys=0.00s Real=0.08s
[216.687s][info][gc,start       ] GC(569) Pause Young (Allocation Failure)
[216.688s][info][gc,task        ] GC(569) Using 6 workers of 6 for evacuation
[216.747s][info][gc,heap        ] GC(569) ParNew: 443354K->51072K(460096K)
[216.747s][info][gc,heap        ] GC(569) CMS: 568073K->574644K(7877440K)
[216.747s][info][gc,metaspace   ] GC(569) Metaspace: 86851K(92588K)->86851K(92588K) NonClass: 75830K(78624K)->75830K(78624K) Class: 11020K(13964K)->11020K(13964K)
[216.747s][info][gc             ] GC(569) Pause Young (Allocation Failure) 987M->611M(8142M) 59.507ms
[216.747s][info][gc,cpu         ] GC(569) User=0.36s Sys=0.00s Real=0.06s
[217.059s][info][gc,start       ] GC(570) Pause Young (Allocation Failure)
[217.059s][info][gc,task        ] GC(570) Using 6 workers of 6 for evacuation
[217.130s][info][gc,heap        ] GC(570) ParNew: 460096K->51072K(460096K)
[217.130s][info][gc,heap        ] GC(570) CMS: 574644K->600967K(7877440K)
[217.130s][info][gc,metaspace   ] GC(570) Metaspace: 86852K(92588K)->86852K(92588K) NonClass: 75831K(78624K)->75831K(78624K) Class: 11020K(13964K)->11020K(13964K)
[217.130s][info][gc             ] GC(570) Pause Young (Allocation Failure) 1010M->636M(8142M) 70.980ms
[217.130s][info][gc,cpu         ] GC(570) User=0.30s Sys=0.00s Real=0.08s
[217.355s][info][gc,start       ] GC(571) Pause Young (Allocation Failure)
[217.355s][info][gc,task        ] GC(571) Using 6 workers of 6 for evacuation
[217.406s][info][gc,heap        ] GC(571) ParNew: 460096K->51072K(460096K)
[217.406s][info][gc,heap        ] GC(571) CMS: 600967K->605801K(7877440K)
[217.406s][info][gc,metaspace   ] GC(571) Metaspace: 86852K(92588K)->86852K(92588K) NonClass: 75831K(78624K)->75831K(78624K) Class: 11020K(13964K)->11020K(13964K)
[217.406s][info][gc             ] GC(571) Pause Young (Allocation Failure) 1036M->641M(8142M) 50.330ms
[217.406s][info][gc,cpu         ] GC(571) User=0.09s Sys=0.00s Real=0.04s
[217.773s][info][gc,start       ] GC(572) Pause Young (Allocation Failure)
[217.773s][info][gc,task        ] GC(572) Using 6 workers of 6 for evacuation
[217.839s][info][gc,heap        ] GC(572) ParNew: 460096K->51072K(460096K)
[217.839s][info][gc,heap        ] GC(572) CMS: 605801K->637321K(7877440K)
[217.839s][info][gc,metaspace   ] GC(572) Metaspace: 86852K(92588K)->86852K(92588K) NonClass: 75831K(78624K)->75831K(78624K) Class: 11020K(13964K)->11020K(13964K)
[217.839s][info][gc             ] GC(572) Pause Young (Allocation Failure) 1040M->672M(8142M) 66.897ms
[217.839s][info][gc,cpu         ] GC(572) User=0.36s Sys=0.00s Real=0.06s
[218.027s][info][gc,start       ] GC(573) Pause Young (Allocation Failure)
[218.027s][info][gc,task        ] GC(573) Using 6 workers of 6 for evacuation
[218.079s][info][gc,heap        ] GC(573) ParNew: 460096K->51072K(460096K)
[218.079s][info][gc,heap        ] GC(573) CMS: 637321K->657915K(7877440K)
[218.079s][info][gc,metaspace   ] GC(573) Metaspace: 86853K(92588K)->86853K(92588K) NonClass: 75832K(78624K)->75832K(78624K) Class: 11020K(13964K)->11020K(13964K)
[218.079s][info][gc             ] GC(573) Pause Young (Allocation Failure) 1071M->692M(8142M) 51.472ms
[218.079s][info][gc,cpu         ] GC(573) User=0.23s Sys=0.00s Real=0.05s
[218.223s][info][gc,start       ] GC(574) Pause Full (System.gc())
[218.227s][info][gc,phases,start] GC(574) Phase 1: Mark live objects
[218.347s][info][gc,phases      ] GC(574) Phase 1: Mark live objects 120.573ms
[218.347s][info][gc,phases,start] GC(574) Phase 2: Compute new object addresses
[218.568s][info][gc,phases      ] GC(574) Phase 2: Compute new object addresses 220.945ms
[218.569s][info][gc,phases,start] GC(574) Phase 3: Adjust pointers
[218.650s][info][gc,phases      ] GC(574) Phase 3: Adjust pointers 81.519ms
[218.650s][info][gc,phases,start] GC(574) Phase 4: Move objects
[218.679s][info][gc,phases      ] GC(574) Phase 4: Move objects 28.785ms
[218.685s][info][gc,heap        ] GC(574) ParNew: 453130K->0K(460096K)
[218.685s][info][gc,heap        ] GC(574) CMS: 657915K->167654K(7877440K)
[218.685s][info][gc,metaspace   ] GC(574) Metaspace: 86853K(92588K)->86853K(92588K) NonClass: 75832K(78624K)->75832K(78624K) Class: 11020K(13964K)->11020K(13964K)
[218.686s][info][gc             ] GC(574) Pause Full (System.gc()) 1085M->163M(8142M) 462.823ms
[218.686s][info][gc,cpu         ] GC(574) User=0.42s Sys=0.00s Real=0.47s
[218.834s][info][gc,start       ] GC(575) Pause Young (Allocation Failure)
[218.834s][info][gc,task        ] GC(575) Using 6 workers of 6 for evacuation
[218.929s][info][gc,heap        ] GC(575) ParNew: 409024K->51072K(460096K)
[218.929s][info][gc,heap        ] GC(575) CMS: 167654K->227713K(7877440K)
[218.929s][info][gc,metaspace   ] GC(575) Metaspace: 86855K(92588K)->86855K(92588K) NonClass: 75834K(78624K)->75834K(78624K) Class: 11020K(13964K)->11020K(13964K)
[218.929s][info][gc             ] GC(575) Pause Young (Allocation Failure) 563M->272M(8142M) 95.886ms
[218.930s][info][gc,cpu         ] GC(575) User=0.17s Sys=0.00s Real=0.09s
[219.104s][info][gc,start       ] GC(576) Pause Young (Allocation Failure)
[219.104s][info][gc,task        ] GC(576) Using 6 workers of 6 for evacuation
[219.180s][info][gc,heap        ] GC(576) ParNew: 456319K->51072K(460096K)
[219.180s][info][gc,heap        ] GC(576) CMS: 227713K->276774K(7877440K)
[219.180s][info][gc,metaspace   ] GC(576) Metaspace: 86855K(92588K)->86855K(92588K) NonClass: 75834K(78624K)->75834K(78624K) Class: 11020K(13964K)->11020K(13964K)
[219.180s][info][gc             ] GC(576) Pause Young (Allocation Failure) 668M->320M(8142M) 76.391ms
[219.180s][info][gc,cpu         ] GC(576) User=0.42s Sys=0.00s Real=0.08s
[219.368s][info][gc,start       ] GC(577) Pause Young (Allocation Failure)
[219.368s][info][gc,task        ] GC(577) Using 6 workers of 6 for evacuation
[219.446s][info][gc,heap        ] GC(577) ParNew: 460096K->51072K(460096K)
[219.446s][info][gc,heap        ] GC(577) CMS: 276774K->311899K(7877440K)
[219.446s][info][gc,metaspace   ] GC(577) Metaspace: 86855K(92588K)->86855K(92588K) NonClass: 75834K(78624K)->75834K(78624K) Class: 11020K(13964K)->11020K(13964K)
[219.446s][info][gc             ] GC(577) Pause Young (Allocation Failure) 719M->354M(8142M) 78.021ms
[219.446s][info][gc,cpu         ] GC(577) User=0.36s Sys=0.00s Real=0.08s
[219.647s][info][gc,start       ] GC(578) Pause Young (Allocation Failure)
[219.647s][info][gc,task        ] GC(578) Using 6 workers of 6 for evacuation
[219.715s][info][gc,heap        ] GC(578) ParNew: 460096K->38501K(460096K)
[219.715s][info][gc,heap        ] GC(578) CMS: 311899K->350241K(7877440K)
[219.715s][info][gc,metaspace   ] GC(578) Metaspace: 86855K(92588K)->86855K(92588K) NonClass: 75834K(78624K)->75834K(78624K) Class: 11020K(13964K)->11020K(13964K)
[219.715s][info][gc             ] GC(578) Pause Young (Allocation Failure) 753M->379M(8142M) 67.540ms
[219.715s][info][gc,cpu         ] GC(578) User=0.36s Sys=0.00s Real=0.06s
[220.305s][info][gc,start       ] GC(579) Pause Young (Allocation Failure)
[220.305s][info][gc,task        ] GC(579) Using 6 workers of 6 for evacuation
[220.397s][info][gc,heap        ] GC(579) ParNew: 447525K->51072K(460096K)
[220.397s][info][gc,heap        ] GC(579) CMS: 350241K->376595K(7877440K)
[220.397s][info][gc,metaspace   ] GC(579) Metaspace: 86857K(92844K)->86857K(92844K) NonClass: 75836K(78880K)->75836K(78880K) Class: 11020K(13964K)->11020K(13964K)
[220.397s][info][gc             ] GC(579) Pause Young (Allocation Failure) 779M->417M(8142M) 91.966ms
[220.397s][info][gc,cpu         ] GC(579) User=0.48s Sys=0.00s Real=0.09s
[220.523s][info][gc,start       ] GC(580) Pause Young (Allocation Failure)
[220.523s][info][gc,task        ] GC(580) Using 6 workers of 6 for evacuation
[220.635s][info][gc,heap        ] GC(580) ParNew: 460096K->51072K(460096K)
[220.635s][info][gc,heap        ] GC(580) CMS: 376595K->440417K(7877440K)
[220.635s][info][gc,metaspace   ] GC(580) Metaspace: 86857K(92844K)->86857K(92844K) NonClass: 75836K(78880K)->75836K(78880K) Class: 11020K(13964K)->11020K(13964K)
[220.635s][info][gc             ] GC(580) Pause Young (Allocation Failure) 817M->479M(8142M) 112.441ms
[220.635s][info][gc,cpu         ] GC(580) User=0.30s Sys=0.00s Real=0.11s
[220.834s][info][gc,start       ] GC(581) Pause Young (Allocation Failure)
[220.834s][info][gc,task        ] GC(581) Using 6 workers of 6 for evacuation
[220.925s][info][gc,heap        ] GC(581) ParNew: 460096K->51072K(460096K)
[220.925s][info][gc,heap        ] GC(581) CMS: 440417K->501510K(7877440K)
[220.925s][info][gc,metaspace   ] GC(581) Metaspace: 86857K(92844K)->86857K(92844K) NonClass: 75836K(78880K)->75836K(78880K) Class: 11020K(13964K)->11020K(13964K)
[220.925s][info][gc             ] GC(581) Pause Young (Allocation Failure) 879M->539M(8142M) 91.060ms
[220.925s][info][gc,cpu         ] GC(581) User=0.47s Sys=0.00s Real=0.08s
[221.129s][info][gc,start       ] GC(582) Pause Young (Allocation Failure)
[221.129s][info][gc,task        ] GC(582) Using 6 workers of 6 for evacuation
[221.207s][info][gc,heap        ] GC(582) ParNew: 460096K->45269K(460096K)
[221.207s][info][gc,heap        ] GC(582) CMS: 501510K->540070K(7877440K)
[221.207s][info][gc,metaspace   ] GC(582) Metaspace: 86857K(92844K)->86857K(92844K) NonClass: 75836K(78880K)->75836K(78880K) Class: 11020K(13964K)->11020K(13964K)
[221.207s][info][gc             ] GC(582) Pause Young (Allocation Failure) 939M->571M(8142M) 77.693ms
[221.207s][info][gc,cpu         ] GC(582) User=0.48s Sys=0.00s Real=0.08s
[221.697s][info][gc,start       ] GC(583) Pause Young (Allocation Failure)
[221.697s][info][gc,task        ] GC(583) Using 6 workers of 6 for evacuation
[221.770s][info][gc,heap        ] GC(583) ParNew: 454279K->33920K(460096K)
[221.771s][info][gc,heap        ] GC(583) CMS: 540070K->566640K(7877440K)
[221.771s][info][gc,metaspace   ] GC(583) Metaspace: 86857K(92844K)->86857K(92844K) NonClass: 75836K(78880K)->75836K(78880K) Class: 11020K(13964K)->11020K(13964K)
[221.771s][info][gc             ] GC(583) Pause Young (Allocation Failure) 971M->586M(8142M) 74.002ms
[221.771s][info][gc,cpu         ] GC(583) User=0.44s Sys=0.00s Real=0.08s
[222.138s][info][gc,start       ] GC(584) Pause Young (Allocation Failure)
[222.138s][info][gc,task        ] GC(584) Using 6 workers of 6 for evacuation
[222.197s][info][gc,heap        ] GC(584) ParNew: 442944K->51072K(460096K)
[222.197s][info][gc,heap        ] GC(584) CMS: 566640K->572307K(7877440K)
[222.197s][info][gc,metaspace   ] GC(584) Metaspace: 86858K(92844K)->86858K(92844K) NonClass: 75837K(78880K)->75837K(78880K) Class: 11020K(13964K)->11020K(13964K)
[222.197s][info][gc             ] GC(584) Pause Young (Allocation Failure) 985M->608M(8142M) 58.797ms
[222.197s][info][gc,cpu         ] GC(584) User=0.31s Sys=0.00s Real=0.05s
[222.516s][info][gc,start       ] GC(585) Pause Young (Allocation Failure)
[222.516s][info][gc,task        ] GC(585) Using 6 workers of 6 for evacuation
[222.586s][info][gc,heap        ] GC(585) ParNew: 460096K->39113K(460096K)
[222.586s][info][gc,heap        ] GC(585) CMS: 572307K->599210K(7877440K)
[222.586s][info][gc,metaspace   ] GC(585) Metaspace: 86858K(92844K)->86858K(92844K) NonClass: 75837K(78880K)->75837K(78880K) Class: 11020K(13964K)->11020K(13964K)
[222.586s][info][gc             ] GC(585) Pause Young (Allocation Failure) 1008M->623M(8142M) 70.529ms
[222.587s][info][gc,cpu         ] GC(585) User=0.30s Sys=0.00s Real=0.06s
[222.837s][info][gc,start       ] GC(586) Pause Young (Allocation Failure)
[222.837s][info][gc,task        ] GC(586) Using 6 workers of 6 for evacuation
[222.878s][info][gc,heap        ] GC(586) ParNew: 448138K->51072K(460096K)
[222.878s][info][gc,heap        ] GC(586) CMS: 599210K->603386K(7877440K)
[222.878s][info][gc,metaspace   ] GC(586) Metaspace: 86858K(92844K)->86858K(92844K) NonClass: 75837K(78880K)->75837K(78880K) Class: 11020K(13964K)->11020K(13964K)
[222.878s][info][gc             ] GC(586) Pause Young (Allocation Failure) 1022M->639M(8142M) 40.890ms
[222.878s][info][gc,cpu         ] GC(586) User=0.11s Sys=0.00s Real=0.05s
[223.240s][info][gc,start       ] GC(587) Pause Young (Allocation Failure)
[223.240s][info][gc,task        ] GC(587) Using 6 workers of 6 for evacuation
[223.283s][info][gc,heap        ] GC(587) ParNew: 460073K->51072K(460096K)
[223.283s][info][gc,heap        ] GC(587) CMS: 603386K->623700K(7877440K)
[223.283s][info][gc,metaspace   ] GC(587) Metaspace: 86859K(92844K)->86859K(92844K) NonClass: 75838K(78880K)->75838K(78880K) Class: 11020K(13964K)->11020K(13964K)
[223.283s][info][gc             ] GC(587) Pause Young (Allocation Failure) 1038M->658M(8142M) 42.841ms
[223.283s][info][gc,cpu         ] GC(587) User=0.06s Sys=0.00s Real=0.05s
[223.501s][info][gc,start       ] GC(588) Pause Young (Allocation Failure)
[223.502s][info][gc,task        ] GC(588) Using 6 workers of 6 for evacuation
[223.545s][info][gc,heap        ] GC(588) ParNew: 460096K->51072K(460096K)
[223.545s][info][gc,heap        ] GC(588) CMS: 623700K->639643K(7877440K)
[223.545s][info][gc,metaspace   ] GC(588) Metaspace: 86860K(92844K)->86860K(92844K) NonClass: 75839K(78880K)->75839K(78880K) Class: 11020K(13964K)->11020K(13964K)
[223.545s][info][gc             ] GC(588) Pause Young (Allocation Failure) 1058M->674M(8142M) 43.725ms
[223.545s][info][gc,cpu         ] GC(588) User=0.14s Sys=0.02s Real=0.05s
[223.688s][info][gc,start       ] GC(589) Pause Young (Allocation Failure)
[223.689s][info][gc,task        ] GC(589) Using 6 workers of 6 for evacuation
[223.912s][info][gc,heap        ] GC(589) ParNew: 460096K->51072K(460096K)
[223.912s][info][gc,heap        ] GC(589) CMS: 639643K->696698K(7877440K)
[223.912s][info][gc,metaspace   ] GC(589) Metaspace: 86860K(92844K)->86860K(92844K) NonClass: 75839K(78880K)->75839K(78880K) Class: 11020K(13964K)->11020K(13964K)
[223.913s][info][gc             ] GC(589) Pause Young (Allocation Failure) 1073M->730M(8142M) 224.080ms
[223.913s][info][gc,cpu         ] GC(589) User=1.11s Sys=0.00s Real=0.23s
[223.916s][info][gc,start       ] GC(590) Pause Full (System.gc())
[223.920s][info][gc,phases,start] GC(590) Phase 1: Mark live objects
[224.043s][info][gc,phases      ] GC(590) Phase 1: Mark live objects 122.426ms
[224.043s][info][gc,phases,start] GC(590) Phase 2: Compute new object addresses
[224.220s][info][gc,phases      ] GC(590) Phase 2: Compute new object addresses 177.602ms
[224.220s][info][gc,phases,start] GC(590) Phase 3: Adjust pointers
[224.303s][info][gc,phases      ] GC(590) Phase 3: Adjust pointers 82.126ms
[224.303s][info][gc,phases,start] GC(590) Phase 4: Move objects
[224.338s][info][gc,phases      ] GC(590) Phase 4: Move objects 35.374ms
[224.372s][info][gc,heap        ] GC(590) ParNew: 59625K->0K(460096K)
[224.372s][info][gc,heap        ] GC(590) CMS: 696698K->167713K(7877440K)
[224.372s][info][gc,metaspace   ] GC(590) Metaspace: 86860K(92844K)->86860K(92844K) NonClass: 75839K(78880K)->75839K(78880K) Class: 11020K(13964K)->11020K(13964K)
[224.373s][info][gc             ] GC(590) Pause Full (System.gc()) 738M->163M(8142M) 456.621ms
[224.373s][info][gc,cpu         ] GC(590) User=0.41s Sys=0.00s Real=0.46s
[224.521s][info][gc,start       ] GC(591) Pause Young (Allocation Failure)
[224.521s][info][gc,task        ] GC(591) Using 6 workers of 6 for evacuation
[224.616s][info][gc,heap        ] GC(591) ParNew: 409024K->51072K(460096K)
[224.616s][info][gc,heap        ] GC(591) CMS: 167713K->227483K(7877440K)
[224.616s][info][gc,metaspace   ] GC(591) Metaspace: 86861K(92844K)->86861K(92844K) NonClass: 75840K(78880K)->75840K(78880K) Class: 11020K(13964K)->11020K(13964K)
[224.616s][info][gc             ] GC(591) Pause Young (Allocation Failure) 563M->272M(8142M) 94.851ms
[224.616s][info][gc,cpu         ] GC(591) User=0.20s Sys=0.00s Real=0.09s
[224.790s][info][gc,start       ] GC(592) Pause Young (Allocation Failure)
[224.790s][info][gc,task        ] GC(592) Using 6 workers of 6 for evacuation
[224.863s][info][gc,heap        ] GC(592) ParNew: 460096K->51072K(460096K)
[224.864s][info][gc,heap        ] GC(592) CMS: 227483K->276950K(7877440K)
[224.864s][info][gc,metaspace   ] GC(592) Metaspace: 86861K(92844K)->86861K(92844K) NonClass: 75840K(78880K)->75840K(78880K) Class: 11020K(13964K)->11020K(13964K)
[224.864s][info][gc             ] GC(592) Pause Young (Allocation Failure) 671M->320M(8142M) 73.183ms
[224.864s][info][gc,cpu         ] GC(592) User=0.31s Sys=0.00s Real=0.06s
[225.047s][info][gc,start       ] GC(593) Pause Young (Allocation Failure)
[225.047s][info][gc,task        ] GC(593) Using 6 workers of 6 for evacuation
[225.127s][info][gc,heap        ] GC(593) ParNew: 460096K->51072K(460096K)
[225.127s][info][gc,heap        ] GC(593) CMS: 276950K->314371K(7877440K)
[225.127s][info][gc,metaspace   ] GC(593) Metaspace: 86861K(92844K)->86861K(92844K) NonClass: 75840K(78880K)->75840K(78880K) Class: 11020K(13964K)->11020K(13964K)
[225.127s][info][gc             ] GC(593) Pause Young (Allocation Failure) 719M->356M(8142M) 79.788ms
[225.127s][info][gc,cpu         ] GC(593) User=0.33s Sys=0.00s Real=0.08s
[225.321s][info][gc,start       ] GC(594) Pause Young (Allocation Failure)
[225.321s][info][gc,task        ] GC(594) Using 6 workers of 6 for evacuation
[225.391s][info][gc,heap        ] GC(594) ParNew: 460096K->34015K(460096K)
[225.391s][info][gc,heap        ] GC(594) CMS: 314371K->350435K(7877440K)
[225.391s][info][gc,metaspace   ] GC(594) Metaspace: 86861K(92844K)->86861K(92844K) NonClass: 75840K(78880K)->75840K(78880K) Class: 11020K(13964K)->11020K(13964K)
[225.392s][info][gc             ] GC(594) Pause Young (Allocation Failure) 756M->375M(8142M) 70.670ms
[225.392s][info][gc,cpu         ] GC(594) User=0.44s Sys=0.00s Real=0.08s
[226.002s][info][gc,start       ] GC(595) Pause Young (Allocation Failure)
[226.002s][info][gc,task        ] GC(595) Using 6 workers of 6 for evacuation
[226.091s][info][gc,heap        ] GC(595) ParNew: 443039K->51072K(460096K)
[226.091s][info][gc,heap        ] GC(595) CMS: 350435K->376542K(7877440K)
[226.091s][info][gc,metaspace   ] GC(595) Metaspace: 86881K(92844K)->86881K(92844K) NonClass: 75860K(78880K)->75860K(78880K) Class: 11020K(13964K)->11020K(13964K)
[226.091s][info][gc             ] GC(595) Pause Young (Allocation Failure) 774M->417M(8142M) 89.111ms
[226.091s][info][gc,cpu         ] GC(595) User=0.45s Sys=0.00s Real=0.08s
[226.219s][info][gc,start       ] GC(596) Pause Young (Allocation Failure)
[226.219s][info][gc,task        ] GC(596) Using 6 workers of 6 for evacuation
[226.330s][info][gc,heap        ] GC(596) ParNew: 460096K->51072K(460096K)
[226.330s][info][gc,heap        ] GC(596) CMS: 376542K->441801K(7877440K)
[226.330s][info][gc,metaspace   ] GC(596) Metaspace: 86881K(92844K)->86881K(92844K) NonClass: 75860K(78880K)->75860K(78880K) Class: 11020K(13964K)->11020K(13964K)
[226.330s][info][gc             ] GC(596) Pause Young (Allocation Failure) 817M->481M(8142M) 110.748ms
[226.330s][info][gc,cpu         ] GC(596) User=0.27s Sys=0.00s Real=0.11s
[226.518s][info][gc,start       ] GC(597) Pause Young (Allocation Failure)
[226.518s][info][gc,task        ] GC(597) Using 6 workers of 6 for evacuation
[226.597s][info][gc,heap        ] GC(597) ParNew: 460096K->51072K(460096K)
[226.597s][info][gc,heap        ] GC(597) CMS: 441801K->497294K(7877440K)
[226.597s][info][gc,metaspace   ] GC(597) Metaspace: 86881K(92844K)->86881K(92844K) NonClass: 75860K(78880K)->75860K(78880K) Class: 11020K(13964K)->11020K(13964K)
[226.597s][info][gc             ] GC(597) Pause Young (Allocation Failure) 880M->535M(8142M) 79.511ms
[226.597s][info][gc,cpu         ] GC(597) User=0.38s Sys=0.00s Real=0.08s
[226.801s][info][gc,start       ] GC(598) Pause Young (Allocation Failure)
[226.801s][info][gc,task        ] GC(598) Using 6 workers of 6 for evacuation
[226.874s][info][gc,heap        ] GC(598) ParNew: 460096K->45689K(460096K)
[226.874s][info][gc,heap        ] GC(598) CMS: 497294K->540092K(7877440K)
[226.874s][info][gc,metaspace   ] GC(598) Metaspace: 86883K(92844K)->86883K(92844K) NonClass: 75862K(78880K)->75862K(78880K) Class: 11020K(13964K)->11020K(13964K)
[226.874s][info][gc             ] GC(598) Pause Young (Allocation Failure) 934M->572M(8142M) 73.577ms
[226.874s][info][gc,cpu         ] GC(598) User=0.39s Sys=0.00s Real=0.07s
[227.361s][info][gc,start       ] GC(599) Pause Young (Allocation Failure)
[227.361s][info][gc,task        ] GC(599) Using 6 workers of 6 for evacuation
[227.436s][info][gc,heap        ] GC(599) ParNew: 454713K->33996K(460096K)
[227.436s][info][gc,heap        ] GC(599) CMS: 540092K->566718K(7877440K)
[227.436s][info][gc,metaspace   ] GC(599) Metaspace: 86883K(92844K)->86883K(92844K) NonClass: 75862K(78880K)->75862K(78880K) Class: 11020K(13964K)->11020K(13964K)
[227.436s][info][gc             ] GC(599) Pause Young (Allocation Failure) 971M->586M(8142M) 74.875ms
[227.436s][info][gc,cpu         ] GC(599) User=0.41s Sys=0.00s Real=0.08s
[227.769s][info][gc,start       ] GC(600) Pause Young (Allocation Failure)
[227.769s][info][gc,task        ] GC(600) Using 6 workers of 6 for evacuation
[227.827s][info][gc,heap        ] GC(600) ParNew: 443020K->51072K(460096K)
[227.827s][info][gc,heap        ] GC(600) CMS: 566718K->573921K(7877440K)
[227.827s][info][gc,metaspace   ] GC(600) Metaspace: 86884K(92844K)->86884K(92844K) NonClass: 75863K(78880K)->75863K(78880K) Class: 11020K(13964K)->11020K(13964K)
[227.827s][info][gc             ] GC(600) Pause Young (Allocation Failure) 986M->610M(8142M) 58.178ms
[227.827s][info][gc,cpu         ] GC(600) User=0.30s Sys=0.00s Real=0.06s
[228.142s][info][gc,start       ] GC(601) Pause Young (Allocation Failure)
[228.142s][info][gc,task        ] GC(601) Using 6 workers of 6 for evacuation
[228.210s][info][gc,heap        ] GC(601) ParNew: 460096K->42889K(460096K)
[228.211s][info][gc,heap        ] GC(601) CMS: 573921K->600389K(7877440K)
[228.211s][info][gc,metaspace   ] GC(601) Metaspace: 86884K(92844K)->86884K(92844K) NonClass: 75863K(78880K)->75863K(78880K) Class: 11020K(13964K)->11020K(13964K)
[228.211s][info][gc             ] GC(601) Pause Young (Allocation Failure) 1009M->628M(8142M) 68.858ms
[228.211s][info][gc,cpu         ] GC(601) User=0.11s Sys=0.00s Real=0.06s
[228.435s][info][gc,start       ] GC(602) Pause Young (Allocation Failure)
[228.435s][info][gc,task        ] GC(602) Using 6 workers of 6 for evacuation
[228.484s][info][gc,heap        ] GC(602) ParNew: 451913K->51072K(460096K)
[228.484s][info][gc,heap        ] GC(602) CMS: 600389K->605187K(7877440K)
[228.484s][info][gc,metaspace   ] GC(602) Metaspace: 86884K(92844K)->86884K(92844K) NonClass: 75863K(78880K)->75863K(78880K) Class: 11020K(13964K)->11020K(13964K)
[228.484s][info][gc             ] GC(602) Pause Young (Allocation Failure) 1027M->640M(8142M) 49.117ms
[228.484s][info][gc,cpu         ] GC(602) User=0.14s Sys=0.00s Real=0.05s
[228.863s][info][gc,start       ] GC(603) Pause Young (Allocation Failure)
[228.863s][info][gc,task        ] GC(603) Using 6 workers of 6 for evacuation
[228.908s][info][gc,heap        ] GC(603) ParNew: 458802K->51072K(460096K)
[228.908s][info][gc,heap        ] GC(603) CMS: 605187K->620961K(7877440K)
[228.908s][info][gc,metaspace   ] GC(603) Metaspace: 86884K(92844K)->86884K(92844K) NonClass: 75863K(78880K)->75863K(78880K) Class: 11020K(13964K)->11020K(13964K)
[228.908s][info][gc             ] GC(603) Pause Young (Allocation Failure) 1039M->656M(8142M) 45.022ms
[228.908s][info][gc,cpu         ] GC(603) User=0.08s Sys=0.00s Real=0.05s
[229.073s][info][gc,start       ] GC(604) Pause Young (Allocation Failure)
[229.073s][info][gc,task        ] GC(604) Using 6 workers of 6 for evacuation
[229.127s][info][gc,heap        ] GC(604) ParNew: 460096K->51072K(460096K)
[229.127s][info][gc,heap        ] GC(604) CMS: 620961K->638904K(7877440K)
[229.127s][info][gc,metaspace   ] GC(604) Metaspace: 86886K(92844K)->86886K(92844K) NonClass: 75865K(78880K)->75865K(78880K) Class: 11020K(13964K)->11020K(13964K)
[229.127s][info][gc             ] GC(604) Pause Young (Allocation Failure) 1055M->673M(8142M) 54.262ms
[229.128s][info][gc,cpu         ] GC(604) User=0.31s Sys=0.00s Real=0.06s
[229.272s][info][gc,start       ] GC(605) Pause Full (System.gc())
[229.275s][info][gc,phases,start] GC(605) Phase 1: Mark live objects
[229.398s][info][gc,phases      ] GC(605) Phase 1: Mark live objects 122.450ms
[229.398s][info][gc,phases,start] GC(605) Phase 2: Compute new object addresses
[229.619s][info][gc,phases      ] GC(605) Phase 2: Compute new object addresses 221.178ms
[229.619s][info][gc,phases,start] GC(605) Phase 3: Adjust pointers
[229.697s][info][gc,phases      ] GC(605) Phase 3: Adjust pointers 78.515ms
[229.697s][info][gc,phases,start] GC(605) Phase 4: Move objects
[229.699s][info][gc,phases      ] GC(605) Phase 4: Move objects 1.370ms
[229.705s][info][gc,heap        ] GC(605) ParNew: 453064K->0K(460096K)
[229.705s][info][gc,heap        ] GC(605) CMS: 638904K->167771K(7877440K)
[229.705s][info][gc,metaspace   ] GC(605) Metaspace: 86886K(92844K)->86886K(92844K) NonClass: 75865K(78880K)->75865K(78880K) Class: 11020K(13964K)->11020K(13964K)
[229.705s][info][gc             ] GC(605) Pause Full (System.gc()) 1066M->163M(8142M) 433.747ms
[229.706s][info][gc,cpu         ] GC(605) User=0.41s Sys=0.00s Real=0.44s
[229.852s][info][gc,start       ] GC(606) Pause Young (Allocation Failure)
[229.852s][info][gc,task        ] GC(606) Using 6 workers of 6 for evacuation
[229.947s][info][gc,heap        ] GC(606) ParNew: 409024K->51072K(460096K)
[229.947s][info][gc,heap        ] GC(606) CMS: 167771K->227477K(7877440K)
[229.947s][info][gc,metaspace   ] GC(606) Metaspace: 86893K(92844K)->86893K(92844K) NonClass: 75872K(78880K)->75872K(78880K) Class: 11020K(13964K)->11020K(13964K)
[229.948s][info][gc             ] GC(606) Pause Young (Allocation Failure) 563M->272M(8142M) 95.701ms
[229.948s][info][gc,cpu         ] GC(606) User=0.31s Sys=0.00s Real=0.10s
[230.125s][info][gc,start       ] GC(607) Pause Young (Allocation Failure)
[230.125s][info][gc,task        ] GC(607) Using 6 workers of 6 for evacuation
[230.201s][info][gc,heap        ] GC(607) ParNew: 460096K->51072K(460096K)
[230.201s][info][gc,heap        ] GC(607) CMS: 227477K->276699K(7877440K)
[230.201s][info][gc,metaspace   ] GC(607) Metaspace: 86893K(92844K)->86893K(92844K) NonClass: 75872K(78880K)->75872K(78880K) Class: 11020K(13964K)->11020K(13964K)
[230.201s][info][gc             ] GC(607) Pause Young (Allocation Failure) 671M->320M(8142M) 75.249ms
[230.201s][info][gc,cpu         ] GC(607) User=0.39s Sys=0.00s Real=0.08s
[230.387s][info][gc,start       ] GC(608) Pause Young (Allocation Failure)
[230.387s][info][gc,task        ] GC(608) Using 6 workers of 6 for evacuation
[230.462s][info][gc,heap        ] GC(608) ParNew: 460096K->51072K(460096K)
[230.462s][info][gc,heap        ] GC(608) CMS: 276699K->313402K(7877440K)
[230.462s][info][gc,metaspace   ] GC(608) Metaspace: 86893K(92844K)->86893K(92844K) NonClass: 75872K(78880K)->75872K(78880K) Class: 11020K(13964K)->11020K(13964K)
[230.462s][info][gc             ] GC(608) Pause Young (Allocation Failure) 719M->355M(8142M) 75.622ms
[230.463s][info][gc,cpu         ] GC(608) User=0.34s Sys=0.03s Real=0.08s
[230.657s][info][gc,start       ] GC(609) Pause Young (Allocation Failure)
[230.657s][info][gc,task        ] GC(609) Using 6 workers of 6 for evacuation
[230.728s][info][gc,heap        ] GC(609) ParNew: 460096K->34686K(460096K)
[230.728s][info][gc,heap        ] GC(609) CMS: 313402K->349577K(7877440K)
[230.728s][info][gc,metaspace   ] GC(609) Metaspace: 86893K(92844K)->86893K(92844K) NonClass: 75872K(78880K)->75872K(78880K) Class: 11020K(13964K)->11020K(13964K)
[230.728s][info][gc             ] GC(609) Pause Young (Allocation Failure) 755M->375M(8142M) 70.939ms
[230.728s][info][gc,cpu         ] GC(609) User=0.34s Sys=0.02s Real=0.08s
[231.322s][info][gc,start       ] GC(610) Pause Young (Allocation Failure)
[231.322s][info][gc,task        ] GC(610) Using 6 workers of 6 for evacuation
[231.413s][info][gc,heap        ] GC(610) ParNew: 443710K->51072K(460096K)
[231.414s][info][gc,heap        ] GC(610) CMS: 349577K->374998K(7877440K)
[231.414s][info][gc,metaspace   ] GC(610) Metaspace: 86904K(92844K)->86904K(92844K) NonClass: 75883K(78880K)->75883K(78880K) Class: 11020K(13964K)->11020K(13964K)
[231.414s][info][gc             ] GC(610) Pause Young (Allocation Failure) 774M->416M(8142M) 91.178ms
[231.414s][info][gc,cpu         ] GC(610) User=0.47s Sys=0.00s Real=0.08s
[231.539s][info][gc,start       ] GC(611) Pause Young (Allocation Failure)
[231.539s][info][gc,task        ] GC(611) Using 6 workers of 6 for evacuation
[231.646s][info][gc,heap        ] GC(611) ParNew: 460096K->51072K(460096K)
[231.646s][info][gc,heap        ] GC(611) CMS: 374998K->439845K(7877440K)
[231.646s][info][gc,metaspace   ] GC(611) Metaspace: 86904K(92844K)->86904K(92844K) NonClass: 75883K(78880K)->75883K(78880K) Class: 11020K(13964K)->11020K(13964K)
[231.646s][info][gc             ] GC(611) Pause Young (Allocation Failure) 815M->479M(8142M) 107.365ms
[231.646s][info][gc,cpu         ] GC(611) User=0.16s Sys=0.00s Real=0.11s
[231.830s][info][gc,start       ] GC(612) Pause Young (Allocation Failure)
[231.830s][info][gc,task        ] GC(612) Using 6 workers of 6 for evacuation
[231.914s][info][gc,heap        ] GC(612) ParNew: 460096K->51072K(460096K)
[231.914s][info][gc,heap        ] GC(612) CMS: 439845K->496956K(7877440K)
[231.914s][info][gc,metaspace   ] GC(612) Metaspace: 86904K(92844K)->86904K(92844K) NonClass: 75883K(78880K)->75883K(78880K) Class: 11020K(13964K)->11020K(13964K)
[231.914s][info][gc             ] GC(612) Pause Young (Allocation Failure) 878M->535M(8142M) 83.917ms
[231.914s][info][gc,cpu         ] GC(612) User=0.45s Sys=0.00s Real=0.08s
[232.101s][info][gc,start       ] GC(613) Pause Young (Allocation Failure)
[232.101s][info][gc,task        ] GC(613) Using 6 workers of 6 for evacuation
[232.177s][info][gc,heap        ] GC(613) ParNew: 460096K->43184K(460096K)
[232.177s][info][gc,heap        ] GC(613) CMS: 496956K->540133K(7877440K)
[232.177s][info][gc,metaspace   ] GC(613) Metaspace: 86904K(92844K)->86904K(92844K) NonClass: 75883K(78880K)->75883K(78880K) Class: 11020K(13964K)->11020K(13964K)
[232.177s][info][gc             ] GC(613) Pause Young (Allocation Failure) 934M->569M(8142M) 75.822ms
[232.177s][info][gc,cpu         ] GC(613) User=0.39s Sys=0.00s Real=0.08s
[232.640s][info][gc,start       ] GC(614) Pause Young (Allocation Failure)
[232.640s][info][gc,task        ] GC(614) Using 6 workers of 6 for evacuation
[232.714s][info][gc,heap        ] GC(614) ParNew: 452208K->33373K(460096K)
[232.714s][info][gc,heap        ] GC(614) CMS: 540133K->566707K(7877440K)
[232.714s][info][gc,metaspace   ] GC(614) Metaspace: 86904K(92844K)->86904K(92844K) NonClass: 75883K(78880K)->75883K(78880K) Class: 11020K(13964K)->11020K(13964K)
[232.714s][info][gc             ] GC(614) Pause Young (Allocation Failure) 969M->586M(8142M) 73.916ms
[232.714s][info][gc,cpu         ] GC(614) User=0.36s Sys=0.00s Real=0.06s
[233.043s][info][gc,start       ] GC(615) Pause Young (Allocation Failure)
[233.044s][info][gc,task        ] GC(615) Using 6 workers of 6 for evacuation
[233.103s][info][gc,heap        ] GC(615) ParNew: 442397K->51072K(460096K)
[233.103s][info][gc,heap        ] GC(615) CMS: 566707K->573505K(7877440K)
[233.103s][info][gc,metaspace   ] GC(615) Metaspace: 86906K(92844K)->86906K(92844K) NonClass: 75885K(78880K)->75885K(78880K) Class: 11020K(13964K)->11020K(13964K)
[233.103s][info][gc             ] GC(615) Pause Young (Allocation Failure) 985M->609M(8142M) 59.300ms
[233.103s][info][gc,cpu         ] GC(615) User=0.38s Sys=0.00s Real=0.06s
[233.419s][info][gc,start       ] GC(616) Pause Young (Allocation Failure)
[233.419s][info][gc,task        ] GC(616) Using 6 workers of 6 for evacuation
[233.488s][info][gc,heap        ] GC(616) ParNew: 460096K->39971K(460096K)
[233.488s][info][gc,heap        ] GC(616) CMS: 573505K->600106K(7877440K)
[233.488s][info][gc,metaspace   ] GC(616) Metaspace: 86909K(92844K)->86909K(92844K) NonClass: 75888K(78880K)->75888K(78880K) Class: 11020K(13964K)->11020K(13964K)
[233.488s][info][gc             ] GC(616) Pause Young (Allocation Failure) 1009M->625M(8142M) 69.609ms
[233.488s][info][gc,cpu         ] GC(616) User=0.33s Sys=0.00s Real=0.08s
[233.720s][info][gc,start       ] GC(617) Pause Young (Allocation Failure)
[233.721s][info][gc,task        ] GC(617) Using 6 workers of 6 for evacuation
[233.769s][info][gc,heap        ] GC(617) ParNew: 448995K->51072K(460096K)
[233.769s][info][gc,heap        ] GC(617) CMS: 600106K->604437K(7877440K)
[233.769s][info][gc,metaspace   ] GC(617) Metaspace: 86910K(92844K)->86910K(92844K) NonClass: 75889K(78880K)->75889K(78880K) Class: 11020K(13964K)->11020K(13964K)
[233.769s][info][gc             ] GC(617) Pause Young (Allocation Failure) 1024M->640M(8142M) 48.779ms
[233.769s][info][gc,cpu         ] GC(617) User=0.05s Sys=0.00s Real=0.05s
[234.142s][info][gc,start       ] GC(618) Pause Young (Allocation Failure)
[234.142s][info][gc,task        ] GC(618) Using 6 workers of 6 for evacuation
[234.185s][info][gc,heap        ] GC(618) ParNew: 460096K->51072K(460096K)
[234.185s][info][gc,heap        ] GC(618) CMS: 604437K->615304K(7877440K)
[234.185s][info][gc,metaspace   ] GC(618) Metaspace: 86910K(92844K)->86910K(92844K) NonClass: 75889K(78880K)->75889K(78880K) Class: 11020K(13964K)->11020K(13964K)
[234.185s][info][gc             ] GC(618) Pause Young (Allocation Failure) 1039M->650M(8142M) 42.808ms
[234.185s][info][gc,cpu         ] GC(618) User=0.12s Sys=0.00s Real=0.05s
[234.376s][info][gc,start       ] GC(619) Pause Young (Allocation Failure)
[234.376s][info][gc,task        ] GC(619) Using 6 workers of 6 for evacuation
[234.430s][info][gc,heap        ] GC(619) ParNew: 460096K->51072K(460096K)
[234.430s][info][gc,heap        ] GC(619) CMS: 615304K->636253K(7877440K)
[234.430s][info][gc,metaspace   ] GC(619) Metaspace: 86910K(92844K)->86910K(92844K) NonClass: 75889K(78880K)->75889K(78880K) Class: 11020K(13964K)->11020K(13964K)
[234.430s][info][gc             ] GC(619) Pause Young (Allocation Failure) 1050M->671M(8142M) 54.186ms
[234.430s][info][gc,cpu         ] GC(619) User=0.27s Sys=0.00s Real=0.06s
[234.573s][info][gc,start       ] GC(620) Pause Full (System.gc())
[234.576s][info][gc,phases,start] GC(620) Phase 1: Mark live objects
[234.699s][info][gc,phases      ] GC(620) Phase 1: Mark live objects 122.538ms
[234.699s][info][gc,phases,start] GC(620) Phase 2: Compute new object addresses
[234.918s][info][gc,phases      ] GC(620) Phase 2: Compute new object addresses 219.454ms
[234.919s][info][gc,phases,start] GC(620) Phase 3: Adjust pointers
[234.999s][info][gc,phases      ] GC(620) Phase 3: Adjust pointers 80.849ms
[234.999s][info][gc,phases,start] GC(620) Phase 4: Move objects
[235.013s][info][gc,phases      ] GC(620) Phase 4: Move objects 14.049ms
[235.019s][info][gc,heap        ] GC(620) ParNew: 456543K->0K(460096K)
[235.019s][info][gc,heap        ] GC(620) CMS: 636253K->167820K(7877440K)
[235.019s][info][gc,metaspace   ] GC(620) Metaspace: 86910K(92844K)->86910K(92844K) NonClass: 75889K(78880K)->75889K(78880K) Class: 11020K(13964K)->11020K(13964K)
[235.020s][info][gc             ] GC(620) Pause Full (System.gc()) 1067M->163M(8142M) 446.686ms
[235.020s][info][gc,cpu         ] GC(620) User=0.41s Sys=0.00s Real=0.44s
[235.171s][info][gc,start       ] GC(621) Pause Young (Allocation Failure)
[235.172s][info][gc,task        ] GC(621) Using 6 workers of 6 for evacuation
[235.265s][info][gc,heap        ] GC(621) ParNew: 409024K->51072K(460096K)
[235.266s][info][gc,heap        ] GC(621) CMS: 167820K->226714K(7877440K)
[235.266s][info][gc,metaspace   ] GC(621) Metaspace: 86911K(92844K)->86911K(92844K) NonClass: 75890K(78880K)->75890K(78880K) Class: 11020K(13964K)->11020K(13964K)
[235.266s][info][gc             ] GC(621) Pause Young (Allocation Failure) 563M->271M(8142M) 94.106ms
[235.266s][info][gc,cpu         ] GC(621) User=0.19s Sys=0.00s Real=0.09s
[235.437s][info][gc,start       ] GC(622) Pause Young (Allocation Failure)
[235.437s][info][gc,task        ] GC(622) Using 6 workers of 6 for evacuation
[235.513s][info][gc,heap        ] GC(622) ParNew: 460096K->51072K(460096K)
[235.513s][info][gc,heap        ] GC(622) CMS: 226714K->279353K(7877440K)
[235.513s][info][gc,metaspace   ] GC(622) Metaspace: 86911K(92844K)->86911K(92844K) NonClass: 75890K(78880K)->75890K(78880K) Class: 11020K(13964K)->11020K(13964K)
[235.513s][info][gc             ] GC(622) Pause Young (Allocation Failure) 670M->322M(8142M) 75.529ms
[235.513s][info][gc,cpu         ] GC(622) User=0.31s Sys=0.00s Real=0.06s
[235.701s][info][gc,start       ] GC(623) Pause Young (Allocation Failure)
[235.701s][info][gc,task        ] GC(623) Using 6 workers of 6 for evacuation
[235.776s][info][gc,heap        ] GC(623) ParNew: 460096K->51072K(460096K)
[235.776s][info][gc,heap        ] GC(623) CMS: 279353K->313796K(7877440K)
[235.776s][info][gc,metaspace   ] GC(623) Metaspace: 86911K(92844K)->86911K(92844K) NonClass: 75890K(78880K)->75890K(78880K) Class: 11020K(13964K)->11020K(13964K)
[235.776s][info][gc             ] GC(623) Pause Young (Allocation Failure) 722M->356M(8142M) 74.882ms
[235.776s][info][gc,cpu         ] GC(623) User=0.42s Sys=0.00s Real=0.08s
[235.973s][info][gc,start       ] GC(624) Pause Young (Allocation Failure)
[235.973s][info][gc,task        ] GC(624) Using 6 workers of 6 for evacuation
[236.043s][info][gc,heap        ] GC(624) ParNew: 460096K->37198K(460096K)
[236.043s][info][gc,heap        ] GC(624) CMS: 313796K->349803K(7877440K)
[236.043s][info][gc,metaspace   ] GC(624) Metaspace: 86911K(92844K)->86911K(92844K) NonClass: 75890K(78880K)->75890K(78880K) Class: 11020K(13964K)->11020K(13964K)
[236.043s][info][gc             ] GC(624) Pause Young (Allocation Failure) 755M->377M(8142M) 70.257ms
[236.043s][info][gc,cpu         ] GC(624) User=0.38s Sys=0.00s Real=0.06s
[236.630s][info][gc,start       ] GC(625) Pause Young (Allocation Failure)
[236.631s][info][gc,task        ] GC(625) Using 6 workers of 6 for evacuation
[236.721s][info][gc,heap        ] GC(625) ParNew: 445859K->51072K(460096K)
[236.721s][info][gc,heap        ] GC(625) CMS: 349803K->376076K(7877440K)
[236.721s][info][gc,metaspace   ] GC(625) Metaspace: 86930K(92844K)->86930K(92844K) NonClass: 75907K(78880K)->75907K(78880K) Class: 11022K(13964K)->11022K(13964K)
[236.721s][info][gc             ] GC(625) Pause Young (Allocation Failure) 777M->417M(8142M) 90.266ms
[236.721s][info][gc,cpu         ] GC(625) User=0.47s Sys=0.00s Real=0.08s
[236.848s][info][gc,start       ] GC(626) Pause Young (Allocation Failure)
[236.848s][info][gc,task        ] GC(626) Using 6 workers of 6 for evacuation
[236.956s][info][gc,heap        ] GC(626) ParNew: 460096K->51072K(460096K)
[236.956s][info][gc,heap        ] GC(626) CMS: 376076K->439746K(7877440K)
[236.956s][info][gc,metaspace   ] GC(626) Metaspace: 86930K(92844K)->86930K(92844K) NonClass: 75907K(78880K)->75907K(78880K) Class: 11022K(13964K)->11022K(13964K)
[236.956s][info][gc             ] GC(626) Pause Young (Allocation Failure) 816M->479M(8142M) 108.492ms
[236.957s][info][gc,cpu         ] GC(626) User=0.22s Sys=0.00s Real=0.11s
[237.139s][info][gc,start       ] GC(627) Pause Young (Allocation Failure)
[237.139s][info][gc,task        ] GC(627) Using 6 workers of 6 for evacuation
[237.222s][info][gc,heap        ] GC(627) ParNew: 460096K->51072K(460096K)
[237.222s][info][gc,heap        ] GC(627) CMS: 439746K->496565K(7877440K)
[237.222s][info][gc,metaspace   ] GC(627) Metaspace: 86930K(92844K)->86930K(92844K) NonClass: 75907K(78880K)->75907K(78880K) Class: 11022K(13964K)->11022K(13964K)
[237.222s][info][gc             ] GC(627) Pause Young (Allocation Failure) 878M->534M(8142M) 83.100ms
[237.222s][info][gc,cpu         ] GC(627) User=0.53s Sys=0.00s Real=0.08s
[237.407s][info][gc,start       ] GC(628) Pause Young (Allocation Failure)
[237.407s][info][gc,task        ] GC(628) Using 6 workers of 6 for evacuation
[237.482s][info][gc,heap        ] GC(628) ParNew: 460096K->46475K(460096K)
[237.482s][info][gc,heap        ] GC(628) CMS: 496565K->536639K(7877440K)
[237.482s][info][gc,metaspace   ] GC(628) Metaspace: 86930K(92844K)->86930K(92844K) NonClass: 75907K(78880K)->75907K(78880K) Class: 11022K(13964K)->11022K(13964K)
[237.482s][info][gc             ] GC(628) Pause Young (Allocation Failure) 934M->569M(8142M) 75.129ms
[237.482s][info][gc,cpu         ] GC(628) User=0.36s Sys=0.00s Real=0.08s
[237.923s][info][gc,start       ] GC(629) Pause Young (Allocation Failure)
[237.923s][info][gc,task        ] GC(629) Using 6 workers of 6 for evacuation
[237.997s][info][gc,heap        ] GC(629) ParNew: 455499K->34178K(460096K)
[237.997s][info][gc,heap        ] GC(629) CMS: 536639K->563135K(7877440K)
[237.997s][info][gc,metaspace   ] GC(629) Metaspace: 86930K(92844K)->86930K(92844K) NonClass: 75907K(78880K)->75907K(78880K) Class: 11022K(13964K)->11022K(13964K)
[237.997s][info][gc             ] GC(629) Pause Young (Allocation Failure) 968M->583M(8142M) 74.268ms
[237.997s][info][gc,cpu         ] GC(629) User=0.39s Sys=0.00s Real=0.08s
[238.357s][info][gc,start       ] GC(630) Pause Young (Allocation Failure)
[238.357s][info][gc,task        ] GC(630) Using 6 workers of 6 for evacuation
[238.414s][info][gc,heap        ] GC(630) ParNew: 443202K->51072K(460096K)
[238.414s][info][gc,heap        ] GC(630) CMS: 563135K->569884K(7877440K)
[238.414s][info][gc,metaspace   ] GC(630) Metaspace: 86953K(92844K)->86953K(92844K) NonClass: 75931K(78880K)->75931K(78880K) Class: 11022K(13964K)->11022K(13964K)
[238.414s][info][gc             ] GC(630) Pause Young (Allocation Failure) 982M->606M(8142M) 56.855ms
[238.414s][info][gc,cpu         ] GC(630) User=0.28s Sys=0.00s Real=0.05s
[238.733s][info][gc,start       ] GC(631) Pause Young (GCLocker Initiated GC)
[238.733s][info][gc,task        ] GC(631) Using 6 workers of 6 for evacuation
[238.802s][info][gc,heap        ] GC(631) ParNew: 460096K->49239K(460096K)
[238.802s][info][gc,heap        ] GC(631) CMS: 569885K->596935K(7877440K)
[238.802s][info][gc,metaspace   ] GC(631) Metaspace: 86956K(92844K)->86956K(92844K) NonClass: 75934K(78880K)->75934K(78880K) Class: 11022K(13964K)->11022K(13964K)
[238.802s][info][gc             ] GC(631) Pause Young (GCLocker Initiated GC) 1005M->631M(8142M) 68.822ms
[238.802s][info][gc,cpu         ] GC(631) User=0.20s Sys=0.00s Real=0.07s
[239.031s][info][gc,start       ] GC(632) Pause Young (Allocation Failure)
[239.031s][info][gc,task        ] GC(632) Using 6 workers of 6 for evacuation
[239.078s][info][gc,heap        ] GC(632) ParNew: 458263K->51072K(460096K)
[239.078s][info][gc,heap        ] GC(632) CMS: 596935K->601563K(7877440K)
[239.078s][info][gc,metaspace   ] GC(632) Metaspace: 86956K(92844K)->86956K(92844K) NonClass: 75934K(78880K)->75934K(78880K) Class: 11022K(13964K)->11022K(13964K)
[239.078s][info][gc             ] GC(632) Pause Young (Allocation Failure) 1030M->637M(8142M) 47.135ms
[239.078s][info][gc,cpu         ] GC(632) User=0.08s Sys=0.00s Real=0.05s
[239.455s][info][gc,start       ] GC(633) Pause Young (Allocation Failure)
[239.455s][info][gc,task        ] GC(633) Using 6 workers of 6 for evacuation
[239.499s][info][gc,heap        ] GC(633) ParNew: 460096K->51072K(460096K)
[239.499s][info][gc,heap        ] GC(633) CMS: 601563K->614448K(7877440K)
[239.499s][info][gc,metaspace   ] GC(633) Metaspace: 86956K(92844K)->86956K(92844K) NonClass: 75934K(78880K)->75934K(78880K) Class: 11022K(13964K)->11022K(13964K)
[239.499s][info][gc             ] GC(633) Pause Young (Allocation Failure) 1036M->649M(8142M) 44.700ms
[239.499s][info][gc,cpu         ] GC(633) User=0.09s Sys=0.02s Real=0.04s
[239.738s][info][gc,start       ] GC(634) Pause Young (Allocation Failure)
[239.738s][info][gc,task        ] GC(634) Using 6 workers of 6 for evacuation
[239.792s][info][gc,heap        ] GC(634) ParNew: 460096K->51072K(460096K)
[239.792s][info][gc,heap        ] GC(634) CMS: 614448K->633036K(7877440K)
[239.792s][info][gc,metaspace   ] GC(634) Metaspace: 86966K(92844K)->86966K(92844K) NonClass: 75944K(78880K)->75944K(78880K) Class: 11022K(13964K)->11022K(13964K)
[239.792s][info][gc             ] GC(634) Pause Young (Allocation Failure) 1049M->668M(8142M) 54.187ms
[239.792s][info][gc,cpu         ] GC(634) User=0.22s Sys=0.00s Real=0.05s
[239.934s][info][gc,start       ] GC(635) Pause Full (System.gc())
[239.937s][info][gc,phases,start] GC(635) Phase 1: Mark live objects
[240.059s][info][gc,phases      ] GC(635) Phase 1: Mark live objects 122.528ms
[240.059s][info][gc,phases,start] GC(635) Phase 2: Compute new object addresses
[240.280s][info][gc,phases      ] GC(635) Phase 2: Compute new object addresses 220.779ms
[240.280s][info][gc,phases,start] GC(635) Phase 3: Adjust pointers
[240.359s][info][gc,phases      ] GC(635) Phase 3: Adjust pointers 78.678ms
[240.359s][info][gc,phases,start] GC(635) Phase 4: Move objects
[240.360s][info][gc,phases      ] GC(635) Phase 4: Move objects 1.345ms
[240.366s][info][gc,heap        ] GC(635) ParNew: 452782K->0K(460096K)
[240.366s][info][gc,heap        ] GC(635) CMS: 633036K->167873K(7877440K)
[240.366s][info][gc,metaspace   ] GC(635) Metaspace: 86966K(92844K)->86966K(92844K) NonClass: 75944K(78880K)->75944K(78880K) Class: 11022K(13964K)->11022K(13964K)
[240.367s][info][gc             ] GC(635) Pause Full (System.gc()) 1060M->163M(8142M) 432.783ms
[240.367s][info][gc,cpu         ] GC(635) User=0.41s Sys=0.00s Real=0.44s
[240.513s][info][gc,start       ] GC(636) Pause Young (Allocation Failure)
[240.513s][info][gc,task        ] GC(636) Using 6 workers of 6 for evacuation
[240.610s][info][gc,heap        ] GC(636) ParNew: 409024K->51072K(460096K)
[240.610s][info][gc,heap        ] GC(636) CMS: 167873K->227515K(7877440K)
[240.610s][info][gc,metaspace   ] GC(636) Metaspace: 86966K(92844K)->86966K(92844K) NonClass: 75944K(78880K)->75944K(78880K) Class: 11022K(13964K)->11022K(13964K)
[240.610s][info][gc             ] GC(636) Pause Young (Allocation Failure) 563M->272M(8142M) 96.855ms
[240.610s][info][gc,cpu         ] GC(636) User=0.36s Sys=0.00s Real=0.09s
[240.781s][info][gc,start       ] GC(637) Pause Young (Allocation Failure)
[240.781s][info][gc,task        ] GC(637) Using 6 workers of 6 for evacuation
[240.855s][info][gc,heap        ] GC(637) ParNew: 460096K->51072K(460096K)
[240.855s][info][gc,heap        ] GC(637) CMS: 227515K->278224K(7877440K)
[240.855s][info][gc,metaspace   ] GC(637) Metaspace: 86966K(92844K)->86966K(92844K) NonClass: 75944K(78880K)->75944K(78880K) Class: 11022K(13964K)->11022K(13964K)
[240.855s][info][gc             ] GC(637) Pause Young (Allocation Failure) 671M->321M(8142M) 73.609ms
[240.855s][info][gc,cpu         ] GC(637) User=0.33s Sys=0.00s Real=0.08s
[241.041s][info][gc,start       ] GC(638) Pause Young (Allocation Failure)
[241.041s][info][gc,task        ] GC(638) Using 6 workers of 6 for evacuation
[241.119s][info][gc,heap        ] GC(638) ParNew: 460096K->51072K(460096K)
[241.119s][info][gc,heap        ] GC(638) CMS: 278224K->313699K(7877440K)
[241.119s][info][gc,metaspace   ] GC(638) Metaspace: 86966K(92844K)->86966K(92844K) NonClass: 75944K(78880K)->75944K(78880K) Class: 11022K(13964K)->11022K(13964K)
[241.119s][info][gc             ] GC(638) Pause Young (Allocation Failure) 721M->356M(8142M) 78.640ms
[241.120s][info][gc,cpu         ] GC(638) User=0.30s Sys=0.00s Real=0.08s
[241.314s][info][gc,start       ] GC(639) Pause Young (Allocation Failure)
[241.314s][info][gc,task        ] GC(639) Using 6 workers of 6 for evacuation
[241.384s][info][gc,heap        ] GC(639) ParNew: 460096K->37581K(460096K)
[241.384s][info][gc,heap        ] GC(639) CMS: 313699K->349772K(7877440K)
[241.384s][info][gc,metaspace   ] GC(639) Metaspace: 86966K(92844K)->86966K(92844K) NonClass: 75944K(78880K)->75944K(78880K) Class: 11022K(13964K)->11022K(13964K)
[241.384s][info][gc             ] GC(639) Pause Young (Allocation Failure) 755M->378M(8142M) 70.453ms
[241.384s][info][gc,cpu         ] GC(639) User=0.38s Sys=0.00s Real=0.06s
[241.967s][info][gc,start       ] GC(640) Pause Young (Allocation Failure)
[241.967s][info][gc,task        ] GC(640) Using 6 workers of 6 for evacuation
[242.058s][info][gc,heap        ] GC(640) ParNew: 446605K->51072K(460096K)
[242.058s][info][gc,heap        ] GC(640) CMS: 349772K->375177K(7877440K)
[242.058s][info][gc,metaspace   ] GC(640) Metaspace: 86966K(92844K)->86966K(92844K) NonClass: 75944K(78880K)->75944K(78880K) Class: 11022K(13964K)->11022K(13964K)
[242.058s][info][gc             ] GC(640) Pause Young (Allocation Failure) 777M->416M(8142M) 90.875ms
[242.058s][info][gc,cpu         ] GC(640) User=0.47s Sys=0.00s Real=0.09s
[242.186s][info][gc,start       ] GC(641) Pause Young (Allocation Failure)
[242.186s][info][gc,task        ] GC(641) Using 6 workers of 6 for evacuation
[242.297s][info][gc,heap        ] GC(641) ParNew: 460096K->51072K(460096K)
[242.297s][info][gc,heap        ] GC(641) CMS: 375177K->440821K(7877440K)
[242.297s][info][gc,metaspace   ] GC(641) Metaspace: 86966K(92844K)->86966K(92844K) NonClass: 75944K(78880K)->75944K(78880K) Class: 11022K(13964K)->11022K(13964K)
[242.297s][info][gc             ] GC(641) Pause Young (Allocation Failure) 815M->480M(8142M) 110.584ms
[242.297s][info][gc,cpu         ] GC(641) User=0.14s Sys=0.00s Real=0.13s
[242.479s][info][gc,start       ] GC(642) Pause Young (Allocation Failure)
[242.479s][info][gc,task        ] GC(642) Using 6 workers of 6 for evacuation
[242.563s][info][gc,heap        ] GC(642) ParNew: 460096K->51072K(460096K)
[242.563s][info][gc,heap        ] GC(642) CMS: 440821K->502794K(7877440K)
[242.563s][info][gc,metaspace   ] GC(642) Metaspace: 86966K(92844K)->86966K(92844K) NonClass: 75944K(78880K)->75944K(78880K) Class: 11022K(13964K)->11022K(13964K)
[242.563s][info][gc             ] GC(642) Pause Young (Allocation Failure) 879M->540M(8142M) 83.928ms
[242.563s][info][gc,cpu         ] GC(642) User=0.42s Sys=0.02s Real=0.08s
[242.752s][info][gc,start       ] GC(643) Pause Young (Allocation Failure)
[242.752s][info][gc,task        ] GC(643) Using 6 workers of 6 for evacuation
[242.828s][info][gc,heap        ] GC(643) ParNew: 460096K->43376K(460096K)
[242.828s][info][gc,heap        ] GC(643) CMS: 502794K->541585K(7877440K)
[242.828s][info][gc,metaspace   ] GC(643) Metaspace: 86966K(92844K)->86966K(92844K) NonClass: 75944K(78880K)->75944K(78880K) Class: 11022K(13964K)->11022K(13964K)
[242.828s][info][gc             ] GC(643) Pause Young (Allocation Failure) 940M->571M(8142M) 76.482ms
[242.828s][info][gc,cpu         ] GC(643) User=0.41s Sys=0.02s Real=0.08s
[243.301s][info][gc,start       ] GC(644) Pause Young (Allocation Failure)
[243.302s][info][gc,task        ] GC(644) Using 6 workers of 6 for evacuation
[243.376s][info][gc,heap        ] GC(644) ParNew: 452400K->33296K(460096K)
[243.376s][info][gc,heap        ] GC(644) CMS: 541585K->567983K(7877440K)
[243.376s][info][gc,metaspace   ] GC(644) Metaspace: 86966K(92844K)->86966K(92844K) NonClass: 75944K(78880K)->75944K(78880K) Class: 11022K(13964K)->11022K(13964K)
[243.376s][info][gc             ] GC(644) Pause Young (Allocation Failure) 970M->587M(8142M) 74.258ms
[243.376s][info][gc,cpu         ] GC(644) User=0.38s Sys=0.00s Real=0.06s
[243.716s][info][gc,start       ] GC(645) Pause Young (Allocation Failure)
[243.716s][info][gc,task        ] GC(645) Using 6 workers of 6 for evacuation
[243.774s][info][gc,heap        ] GC(645) ParNew: 442320K->51072K(460096K)
[243.774s][info][gc,heap        ] GC(645) CMS: 567983K->575190K(7877440K)
[243.774s][info][gc,metaspace   ] GC(645) Metaspace: 86966K(92844K)->86966K(92844K) NonClass: 75944K(78880K)->75944K(78880K) Class: 11022K(13964K)->11022K(13964K)
[243.774s][info][gc             ] GC(645) Pause Young (Allocation Failure) 986M->611M(8142M) 58.410ms
[243.774s][info][gc,cpu         ] GC(645) User=0.30s Sys=0.00s Real=0.06s
[244.085s][info][gc,start       ] GC(646) Pause Young (Allocation Failure)
[244.085s][info][gc,task        ] GC(646) Using 6 workers of 6 for evacuation
[244.160s][info][gc,heap        ] GC(646) ParNew: 460096K->51072K(460096K)
[244.160s][info][gc,heap        ] GC(646) CMS: 575190K->601920K(7877440K)
[244.160s][info][gc,metaspace   ] GC(646) Metaspace: 86966K(92844K)->86966K(92844K) NonClass: 75944K(78880K)->75944K(78880K) Class: 11022K(13964K)->11022K(13964K)
[244.160s][info][gc             ] GC(646) Pause Young (Allocation Failure) 1011M->637M(8142M) 75.378ms
[244.160s][info][gc,cpu         ] GC(646) User=0.44s Sys=0.00s Real=0.08s
[244.389s][info][gc,start       ] GC(647) Pause Young (Allocation Failure)
[244.389s][info][gc,task        ] GC(647) Using 6 workers of 6 for evacuation
[244.437s][info][gc,heap        ] GC(647) ParNew: 460096K->51072K(460096K)
[244.437s][info][gc,heap        ] GC(647) CMS: 601920K->606625K(7877440K)
[244.437s][info][gc,metaspace   ] GC(647) Metaspace: 86967K(92844K)->86967K(92844K) NonClass: 75945K(78880K)->75945K(78880K) Class: 11022K(13964K)->11022K(13964K)
[244.437s][info][gc             ] GC(647) Pause Young (Allocation Failure) 1037M->642M(8142M) 48.598ms
[244.437s][info][gc,cpu         ] GC(647) User=0.12s Sys=0.00s Real=0.05s
[244.795s][info][gc,start       ] GC(648) Pause Young (Allocation Failure)
[244.795s][info][gc,task        ] GC(648) Using 6 workers of 6 for evacuation
[244.844s][info][gc,heap        ] GC(648) ParNew: 460096K->51072K(460096K)
[244.844s][info][gc,heap        ] GC(648) CMS: 606625K->624818K(7877440K)
[244.844s][info][gc,metaspace   ] GC(648) Metaspace: 86967K(92844K)->86967K(92844K) NonClass: 75945K(78880K)->75945K(78880K) Class: 11022K(13964K)->11022K(13964K)
[244.844s][info][gc             ] GC(648) Pause Young (Allocation Failure) 1041M->660M(8142M) 49.306ms
[244.845s][info][gc,cpu         ] GC(648) User=0.12s Sys=0.00s Real=0.05s
[245.054s][info][gc,start       ] GC(649) Pause Young (Allocation Failure)
[245.055s][info][gc,task        ] GC(649) Using 6 workers of 6 for evacuation
[245.112s][info][gc,heap        ] GC(649) ParNew: 460096K->51072K(460096K)
[245.112s][info][gc,heap        ] GC(649) CMS: 624818K->646867K(7877440K)
[245.112s][info][gc,metaspace   ] GC(649) Metaspace: 86967K(92844K)->86967K(92844K) NonClass: 75945K(78880K)->75945K(78880K) Class: 11022K(13964K)->11022K(13964K)
[245.112s][info][gc             ] GC(649) Pause Young (Allocation Failure) 1059M->681M(8142M) 57.261ms
[245.112s][info][gc,cpu         ] GC(649) User=0.27s Sys=0.00s Real=0.06s
[245.257s][info][gc,start       ] GC(650) Pause Young (Allocation Failure)
[245.257s][info][gc,task        ] GC(650) Using 6 workers of 6 for evacuation
[245.500s][info][gc,heap        ] GC(650) ParNew: 460096K->51072K(460096K)
[245.500s][info][gc,heap        ] GC(650) CMS: 646867K->705662K(7877440K)
[245.500s][info][gc,metaspace   ] GC(650) Metaspace: 86967K(92844K)->86967K(92844K) NonClass: 75945K(78880K)->75945K(78880K) Class: 11022K(13964K)->11022K(13964K)
[245.500s][info][gc             ] GC(650) Pause Young (Allocation Failure) 1081M->738M(8142M) 243.160ms
[245.500s][info][gc,cpu         ] GC(650) User=1.34s Sys=0.00s Real=0.25s
[245.502s][info][gc,start       ] GC(651) Pause Full (System.gc())
[245.505s][info][gc,phases,start] GC(651) Phase 1: Mark live objects
[245.628s][info][gc,phases      ] GC(651) Phase 1: Mark live objects 122.975ms
[245.628s][info][gc,phases,start] GC(651) Phase 2: Compute new object addresses
[245.803s][info][gc,phases      ] GC(651) Phase 2: Compute new object addresses 175.133ms
[245.803s][info][gc,phases,start] GC(651) Phase 3: Adjust pointers
[245.886s][info][gc,phases      ] GC(651) Phase 3: Adjust pointers 83.315ms
[245.886s][info][gc,phases,start] GC(651) Phase 4: Move objects
[245.916s][info][gc,phases      ] GC(651) Phase 4: Move objects 29.547ms
[245.922s][info][gc,heap        ] GC(651) ParNew: 55377K->0K(460096K)
[245.922s][info][gc,heap        ] GC(651) CMS: 705662K->167924K(7877440K)
[245.922s][info][gc,metaspace   ] GC(651) Metaspace: 86967K(92844K)->86967K(92844K) NonClass: 75945K(78880K)->75945K(78880K) Class: 11022K(13964K)->11022K(13964K)
[245.923s][info][gc             ] GC(651) Pause Full (System.gc()) 743M->163M(8142M) 420.015ms
[245.923s][info][gc,cpu         ] GC(651) User=0.38s Sys=0.00s Real=0.41s
[246.071s][info][gc,start       ] GC(652) Pause Young (Allocation Failure)
[246.071s][info][gc,task        ] GC(652) Using 6 workers of 6 for evacuation
[246.166s][info][gc,heap        ] GC(652) ParNew: 409024K->51072K(460096K)
[246.166s][info][gc,heap        ] GC(652) CMS: 167924K->227501K(7877440K)
[246.166s][info][gc,metaspace   ] GC(652) Metaspace: 86967K(92844K)->86967K(92844K) NonClass: 75945K(78880K)->75945K(78880K) Class: 11022K(13964K)->11022K(13964K)
[246.166s][info][gc             ] GC(652) Pause Young (Allocation Failure) 563M->272M(8142M) 94.535ms
[246.166s][info][gc,cpu         ] GC(652) User=0.42s Sys=0.00s Real=0.09s
[246.342s][info][gc,start       ] GC(653) Pause Young (Allocation Failure)
[246.342s][info][gc,task        ] GC(653) Using 6 workers of 6 for evacuation
[246.420s][info][gc,heap        ] GC(653) ParNew: 460096K->51072K(460096K)
[246.420s][info][gc,heap        ] GC(653) CMS: 227501K->280602K(7877440K)
[246.420s][info][gc,metaspace   ] GC(653) Metaspace: 86967K(92844K)->86967K(92844K) NonClass: 75945K(78880K)->75945K(78880K) Class: 11022K(13964K)->11022K(13964K)
[246.420s][info][gc             ] GC(653) Pause Young (Allocation Failure) 671M->323M(8142M) 77.439ms
[246.420s][info][gc,cpu         ] GC(653) User=0.42s Sys=0.00s Real=0.08s
[246.604s][info][gc,start       ] GC(654) Pause Young (Allocation Failure)
[246.604s][info][gc,task        ] GC(654) Using 6 workers of 6 for evacuation
[246.680s][info][gc,heap        ] GC(654) ParNew: 460096K->51072K(460096K)
[246.680s][info][gc,heap        ] GC(654) CMS: 280602K->315801K(7877440K)
[246.680s][info][gc,metaspace   ] GC(654) Metaspace: 86969K(92844K)->86969K(92844K) NonClass: 75947K(78880K)->75947K(78880K) Class: 11022K(13964K)->11022K(13964K)
[246.680s][info][gc             ] GC(654) Pause Young (Allocation Failure) 723M->358M(8142M) 76.022ms
[246.680s][info][gc,cpu         ] GC(654) User=0.39s Sys=0.00s Real=0.08s
[246.874s][info][gc,start       ] GC(655) Pause Young (Allocation Failure)
[246.874s][info][gc,task        ] GC(655) Using 6 workers of 6 for evacuation
[246.945s][info][gc,heap        ] GC(655) ParNew: 460096K->37145K(460096K)
[246.945s][info][gc,heap        ] GC(655) CMS: 315801K->351752K(7877440K)
[246.945s][info][gc,metaspace   ] GC(655) Metaspace: 86969K(92844K)->86969K(92844K) NonClass: 75947K(78880K)->75947K(78880K) Class: 11022K(13964K)->11022K(13964K)
[246.945s][info][gc             ] GC(655) Pause Young (Allocation Failure) 757M->379M(8142M) 70.980ms
[246.945s][info][gc,cpu         ] GC(655) User=0.48s Sys=0.00s Real=0.08s
[247.534s][info][gc,start       ] GC(656) Pause Young (Allocation Failure)
[247.534s][info][gc,task        ] GC(656) Using 6 workers of 6 for evacuation
[247.623s][info][gc,heap        ] GC(656) ParNew: 446169K->51072K(460096K)
[247.623s][info][gc,heap        ] GC(656) CMS: 351752K->378237K(7877440K)
[247.623s][info][gc,metaspace   ] GC(656) Metaspace: 86972K(92844K)->86972K(92844K) NonClass: 75950K(78880K)->75950K(78880K) Class: 11022K(13964K)->11022K(13964K)
[247.623s][info][gc             ] GC(656) Pause Young (Allocation Failure) 779M->419M(8142M) 89.750ms
[247.623s][info][gc,cpu         ] GC(656) User=0.48s Sys=0.00s Real=0.09s
[247.750s][info][gc,start       ] GC(657) Pause Young (Allocation Failure)
[247.750s][info][gc,task        ] GC(657) Using 6 workers of 6 for evacuation
[247.859s][info][gc,heap        ] GC(657) ParNew: 460096K->51072K(460096K)
[247.859s][info][gc,heap        ] GC(657) CMS: 378237K->442656K(7877440K)
[247.859s][info][gc,metaspace   ] GC(657) Metaspace: 86972K(92844K)->86972K(92844K) NonClass: 75950K(78880K)->75950K(78880K) Class: 11022K(13964K)->11022K(13964K)
[247.859s][info][gc             ] GC(657) Pause Young (Allocation Failure) 818M->482M(8142M) 108.639ms
[247.859s][info][gc,cpu         ] GC(657) User=0.28s Sys=0.00s Real=0.11s
[248.040s][info][gc,start       ] GC(658) Pause Young (Allocation Failure)
[248.040s][info][gc,task        ] GC(658) Using 6 workers of 6 for evacuation
[248.129s][info][gc,heap        ] GC(658) ParNew: 460096K->51072K(460096K)
[248.129s][info][gc,heap        ] GC(658) CMS: 442656K->497215K(7877440K)
[248.129s][info][gc,metaspace   ] GC(658) Metaspace: 86972K(92844K)->86972K(92844K) NonClass: 75950K(78880K)->75950K(78880K) Class: 11022K(13964K)->11022K(13964K)
[248.129s][info][gc             ] GC(658) Pause Young (Allocation Failure) 881M->535M(8142M) 88.688ms
[248.129s][info][gc,cpu         ] GC(658) User=0.45s Sys=0.00s Real=0.09s
[248.315s][info][gc,start       ] GC(659) Pause Young (Allocation Failure)
[248.316s][info][gc,task        ] GC(659) Using 6 workers of 6 for evacuation
[248.392s][info][gc,heap        ] GC(659) ParNew: 460096K->50012K(460096K)
[248.392s][info][gc,heap        ] GC(659) CMS: 497215K->541847K(7877440K)
[248.392s][info][gc,metaspace   ] GC(659) Metaspace: 86972K(92844K)->86972K(92844K) NonClass: 75950K(78880K)->75950K(78880K) Class: 11022K(13964K)->11022K(13964K)
[248.392s][info][gc             ] GC(659) Pause Young (Allocation Failure) 934M->577M(8142M) 76.417ms
[248.392s][info][gc,cpu         ] GC(659) User=0.36s Sys=0.02s Real=0.08s
[248.864s][info][gc,start       ] GC(660) Pause Young (Allocation Failure)
[248.864s][info][gc,task        ] GC(660) Using 6 workers of 6 for evacuation
[248.938s][info][gc,heap        ] GC(660) ParNew: 459036K->47509K(460096K)
[248.938s][info][gc,heap        ] GC(660) CMS: 541847K->568329K(7877440K)
[248.938s][info][gc,metaspace   ] GC(660) Metaspace: 86972K(92844K)->86972K(92844K) NonClass: 75950K(78880K)->75950K(78880K) Class: 11022K(13964K)->11022K(13964K)
[248.938s][info][gc             ] GC(660) Pause Young (Allocation Failure) 977M->601M(8142M) 73.683ms
[248.938s][info][gc,cpu         ] GC(660) User=0.34s Sys=0.00s Real=0.08s
[249.258s][info][gc,start       ] GC(661) Pause Young (Allocation Failure)
[249.258s][info][gc,task        ] GC(661) Using 6 workers of 6 for evacuation
[249.313s][info][gc,heap        ] GC(661) ParNew: 456533K->51072K(460096K)
[249.313s][info][gc,heap        ] GC(661) CMS: 568329K->571268K(7877440K)
[249.313s][info][gc,metaspace   ] GC(661) Metaspace: 86993K(92844K)->86993K(92844K) NonClass: 75971K(78880K)->75971K(78880K) Class: 11022K(13964K)->11022K(13964K)
[249.313s][info][gc             ] GC(661) Pause Young (Allocation Failure) 1000M->607M(8142M) 55.170ms
[249.313s][info][gc,cpu         ] GC(661) User=0.28s Sys=0.00s Real=0.05s
[249.620s][info][gc,start       ] GC(662) Pause Young (Allocation Failure)
[249.620s][info][gc,task        ] GC(662) Using 6 workers of 6 for evacuation
[249.688s][info][gc,heap        ] GC(662) ParNew: 460096K->47833K(460096K)
[249.688s][info][gc,heap        ] GC(662) CMS: 571268K->597697K(7877440K)
[249.688s][info][gc,metaspace   ] GC(662) Metaspace: 86994K(92844K)->86994K(92844K) NonClass: 75972K(78880K)->75972K(78880K) Class: 11022K(13964K)->11022K(13964K)
[249.688s][info][gc             ] GC(662) Pause Young (Allocation Failure) 1007M->630M(8142M) 68.223ms
[249.688s][info][gc,cpu         ] GC(662) User=0.09s Sys=0.00s Real=0.06s
[249.920s][info][gc,start       ] GC(663) Pause Young (Allocation Failure)
[249.920s][info][gc,task        ] GC(663) Using 6 workers of 6 for evacuation
[249.967s][info][gc,heap        ] GC(663) ParNew: 456857K->51072K(460096K)
[249.967s][info][gc,heap        ] GC(663) CMS: 597697K->602484K(7877440K)
[249.967s][info][gc,metaspace   ] GC(663) Metaspace: 86995K(92844K)->86995K(92844K) NonClass: 75973K(78880K)->75973K(78880K) Class: 11022K(13964K)->11022K(13964K)
[249.967s][info][gc             ] GC(663) Pause Young (Allocation Failure) 1029M->638M(8142M) 47.410ms
[249.967s][info][gc,cpu         ] GC(663) User=0.11s Sys=0.00s Real=0.05s
[250.333s][info][gc,start       ] GC(664) Pause Young (Allocation Failure)
[250.333s][info][gc,task        ] GC(664) Using 6 workers of 6 for evacuation
[250.378s][info][gc,heap        ] GC(664) ParNew: 459530K->51072K(460096K)
[250.378s][info][gc,heap        ] GC(664) CMS: 602484K->612457K(7877440K)
[250.378s][info][gc,metaspace   ] GC(664) Metaspace: 86995K(92844K)->86995K(92844K) NonClass: 75973K(78880K)->75973K(78880K) Class: 11022K(13964K)->11022K(13964K)
[250.378s][info][gc             ] GC(664) Pause Young (Allocation Failure) 1037M->647M(8142M) 45.146ms
[250.378s][info][gc,cpu         ] GC(664) User=0.11s Sys=0.00s Real=0.04s
[250.598s][info][gc,start       ] GC(665) Pause Young (Allocation Failure)
[250.598s][info][gc,task        ] GC(665) Using 6 workers of 6 for evacuation
[250.650s][info][gc,heap        ] GC(665) ParNew: 460096K->51072K(460096K)
[250.650s][info][gc,heap        ] GC(665) CMS: 612457K->634951K(7877440K)
[250.650s][info][gc,metaspace   ] GC(665) Metaspace: 86995K(92844K)->86995K(92844K) NonClass: 75973K(78880K)->75973K(78880K) Class: 11022K(13964K)->11022K(13964K)
[250.650s][info][gc             ] GC(665) Pause Young (Allocation Failure) 1047M->669M(8142M) 52.782ms
[250.651s][info][gc,cpu         ] GC(665) User=0.23s Sys=0.00s Real=0.06s
[250.796s][info][gc,start       ] GC(666) Pause Full (System.gc())
[250.800s][info][gc,phases,start] GC(666) Phase 1: Mark live objects
[250.922s][info][gc,phases      ] GC(666) Phase 1: Mark live objects 122.544ms
[250.922s][info][gc,phases,start] GC(666) Phase 2: Compute new object addresses
[251.144s][info][gc,phases      ] GC(666) Phase 2: Compute new object addresses 221.138ms
[251.144s][info][gc,phases,start] GC(666) Phase 3: Adjust pointers
[251.226s][info][gc,phases      ] GC(666) Phase 3: Adjust pointers 82.096ms
[251.226s][info][gc,phases,start] GC(666) Phase 4: Move objects
[251.255s][info][gc,phases      ] GC(666) Phase 4: Move objects 29.102ms
[251.261s][info][gc,heap        ] GC(666) ParNew: 460096K->0K(460096K)
[251.261s][info][gc,heap        ] GC(666) CMS: 634951K->167998K(7877440K)
[251.261s][info][gc,metaspace   ] GC(666) Metaspace: 86995K(92844K)->86995K(92844K) NonClass: 75973K(78880K)->75973K(78880K) Class: 11022K(13964K)->11022K(13964K)
[251.262s][info][gc             ] GC(666) Pause Full (System.gc()) 1069M->164M(8142M) 465.097ms
[251.262s][info][gc,cpu         ] GC(666) User=0.42s Sys=0.00s Real=0.47s
[251.412s][info][gc,start       ] GC(667) Pause Young (Allocation Failure)
[251.412s][info][gc,task        ] GC(667) Using 6 workers of 6 for evacuation
[251.506s][info][gc,heap        ] GC(667) ParNew: 409024K->51072K(460096K)
[251.506s][info][gc,heap        ] GC(667) CMS: 167998K->227770K(7877440K)
[251.506s][info][gc,metaspace   ] GC(667) Metaspace: 87007K(92844K)->87007K(92844K) NonClass: 75985K(78880K)->75985K(78880K) Class: 11022K(13964K)->11022K(13964K)
[251.506s][info][gc             ] GC(667) Pause Young (Allocation Failure) 563M->272M(8142M) 94.140ms
[251.506s][info][gc,cpu         ] GC(667) User=0.20s Sys=0.00s Real=0.09s
[251.678s][info][gc,start       ] GC(668) Pause Young (Allocation Failure)
[251.679s][info][gc,task        ] GC(668) Using 6 workers of 6 for evacuation
[251.754s][info][gc,heap        ] GC(668) ParNew: 460096K->51072K(460096K)
[251.755s][info][gc,heap        ] GC(668) CMS: 227770K->283192K(7877440K)
[251.755s][info][gc,metaspace   ] GC(668) Metaspace: 87007K(92844K)->87007K(92844K) NonClass: 75985K(78880K)->75985K(78880K) Class: 11022K(13964K)->11022K(13964K)
[251.755s][info][gc             ] GC(668) Pause Young (Allocation Failure) 671M->326M(8142M) 76.131ms
[251.755s][info][gc,cpu         ] GC(668) User=0.36s Sys=0.00s Real=0.07s
[251.943s][info][gc,start       ] GC(669) Pause Young (Allocation Failure)
[251.943s][info][gc,task        ] GC(669) Using 6 workers of 6 for evacuation
[252.018s][info][gc,heap        ] GC(669) ParNew: 460096K->51072K(460096K)
[252.018s][info][gc,heap        ] GC(669) CMS: 283192K->318182K(7877440K)
[252.018s][info][gc,metaspace   ] GC(669) Metaspace: 87007K(92844K)->87007K(92844K) NonClass: 75985K(78880K)->75985K(78880K) Class: 11022K(13964K)->11022K(13964K)
[252.018s][info][gc             ] GC(669) Pause Young (Allocation Failure) 725M->360M(8142M) 75.339ms
[252.018s][info][gc,cpu         ] GC(669) User=0.39s Sys=0.00s Real=0.08s
[252.218s][info][gc,start       ] GC(670) Pause Young (Allocation Failure)
[252.218s][info][gc,task        ] GC(670) Using 6 workers of 6 for evacuation
[252.288s][info][gc,heap        ] GC(670) ParNew: 460096K->34318K(460096K)
[252.288s][info][gc,heap        ] GC(670) CMS: 318182K->354303K(7877440K)
[252.288s][info][gc,metaspace   ] GC(670) Metaspace: 87007K(92844K)->87007K(92844K) NonClass: 75985K(78880K)->75985K(78880K) Class: 11022K(13964K)->11022K(13964K)
[252.288s][info][gc             ] GC(670) Pause Young (Allocation Failure) 760M->379M(8142M) 69.652ms
[252.288s][info][gc,cpu         ] GC(670) User=0.36s Sys=0.00s Real=0.08s
[252.901s][info][gc,start       ] GC(671) Pause Young (Allocation Failure)
[252.901s][info][gc,task        ] GC(671) Using 6 workers of 6 for evacuation
[252.990s][info][gc,heap        ] GC(671) ParNew: 443342K->51072K(460096K)
[252.990s][info][gc,heap        ] GC(671) CMS: 354303K->380318K(7877440K)
[252.990s][info][gc,metaspace   ] GC(671) Metaspace: 87040K(92844K)->87040K(92844K) NonClass: 76018K(78880K)->76018K(78880K) Class: 11022K(13964K)->11022K(13964K)
[252.990s][info][gc             ] GC(671) Pause Young (Allocation Failure) 778M->421M(8142M) 89.468ms
[252.991s][info][gc,cpu         ] GC(671) User=0.48s Sys=0.00s Real=0.09s
[253.120s][info][gc,start       ] GC(672) Pause Young (Allocation Failure)
[253.120s][info][gc,task        ] GC(672) Using 6 workers of 6 for evacuation
[253.233s][info][gc,heap        ] GC(672) ParNew: 460096K->51072K(460096K)
[253.233s][info][gc,heap        ] GC(672) CMS: 380318K->443900K(7877440K)
[253.233s][info][gc,metaspace   ] GC(672) Metaspace: 87040K(92844K)->87040K(92844K) NonClass: 76018K(78880K)->76018K(78880K) Class: 11022K(13964K)->11022K(13964K)
[253.233s][info][gc             ] GC(672) Pause Young (Allocation Failure) 820M->483M(8142M) 113.483ms
[253.233s][info][gc,cpu         ] GC(672) User=0.36s Sys=0.00s Real=0.12s
[253.409s][info][gc,start       ] GC(673) Pause Young (Allocation Failure)
[253.409s][info][gc,task        ] GC(673) Using 6 workers of 6 for evacuation
[253.494s][info][gc,heap        ] GC(673) ParNew: 460096K->51072K(460096K)
[253.494s][info][gc,heap        ] GC(673) CMS: 443900K->504325K(7877440K)
[253.494s][info][gc,metaspace   ] GC(673) Metaspace: 87040K(92844K)->87040K(92844K) NonClass: 76018K(78880K)->76018K(78880K) Class: 11022K(13964K)->11022K(13964K)
[253.495s][info][gc             ] GC(673) Pause Young (Allocation Failure) 882M->542M(8142M) 85.430ms
[253.495s][info][gc,cpu         ] GC(673) User=0.48s Sys=0.00s Real=0.09s
[253.683s][info][gc,start       ] GC(674) Pause Young (Allocation Failure)
[253.683s][info][gc,task        ] GC(674) Using 6 workers of 6 for evacuation
[253.753s][info][gc,heap        ] GC(674) ParNew: 460096K->40384K(460096K)
[253.753s][info][gc,heap        ] GC(674) CMS: 504325K->542737K(7877440K)
[253.753s][info][gc,metaspace   ] GC(674) Metaspace: 87040K(92844K)->87040K(92844K) NonClass: 76018K(78880K)->76018K(78880K) Class: 11022K(13964K)->11022K(13964K)
[253.753s][info][gc             ] GC(674) Pause Young (Allocation Failure) 941M->569M(8142M) 70.517ms
[253.753s][info][gc,cpu         ] GC(674) User=0.38s Sys=0.00s Real=0.06s
[254.230s][info][gc,start       ] GC(675) Pause Young (Allocation Failure)
[254.230s][info][gc,task        ] GC(675) Using 6 workers of 6 for evacuation
[254.304s][info][gc,heap        ] GC(675) ParNew: 449408K->32536K(460096K)
[254.304s][info][gc,heap        ] GC(675) CMS: 542737K->569112K(7877440K)
[254.304s][info][gc,metaspace   ] GC(675) Metaspace: 87040K(92844K)->87040K(92844K) NonClass: 76018K(78880K)->76018K(78880K) Class: 11022K(13964K)->11022K(13964K)
[254.304s][info][gc             ] GC(675) Pause Young (Allocation Failure) 968M->587M(8142M) 73.882ms
[254.304s][info][gc,cpu         ] GC(675) User=0.38s Sys=0.00s Real=0.06s
[254.640s][info][gc,start       ] GC(676) Pause Young (Allocation Failure)
[254.640s][info][gc,task        ] GC(676) Using 6 workers of 6 for evacuation
[254.698s][info][gc,heap        ] GC(676) ParNew: 441560K->51072K(460096K)
[254.698s][info][gc,heap        ] GC(676) CMS: 569112K->575470K(7877440K)
[254.698s][info][gc,metaspace   ] GC(676) Metaspace: 87073K(92844K)->87073K(92844K) NonClass: 76051K(78880K)->76051K(78880K) Class: 11022K(13964K)->11022K(13964K)
[254.698s][info][gc             ] GC(676) Pause Young (Allocation Failure) 986M->611M(8142M) 58.088ms
[254.698s][info][gc,cpu         ] GC(676) User=0.25s Sys=0.00s Real=0.05s
[255.011s][info][gc,start       ] GC(677) Pause Young (Allocation Failure)
[255.011s][info][gc,task        ] GC(677) Using 6 workers of 6 for evacuation
[255.079s][info][gc,heap        ] GC(677) ParNew: 460096K->37029K(460096K)
[255.079s][info][gc,heap        ] GC(677) CMS: 575470K->602185K(7877440K)
[255.079s][info][gc,metaspace   ] GC(677) Metaspace: 87073K(92844K)->87073K(92844K) NonClass: 76051K(78880K)->76051K(78880K) Class: 11022K(13964K)->11022K(13964K)
[255.079s][info][gc             ] GC(677) Pause Young (Allocation Failure) 1011M->624M(8142M) 68.593ms
[255.079s][info][gc,cpu         ] GC(677) User=0.20s Sys=0.00s Real=0.08s
[255.305s][info][gc,start       ] GC(678) Pause Young (Allocation Failure)
[255.305s][info][gc,task        ] GC(678) Using 6 workers of 6 for evacuation
[255.354s][info][gc,heap        ] GC(678) ParNew: 446053K->51072K(460096K)
[255.354s][info][gc,heap        ] GC(678) CMS: 602185K->607288K(7877440K)
[255.354s][info][gc,metaspace   ] GC(678) Metaspace: 87077K(92844K)->87077K(92844K) NonClass: 76055K(78880K)->76055K(78880K) Class: 11022K(13964K)->11022K(13964K)
[255.354s][info][gc             ] GC(678) Pause Young (Allocation Failure) 1023M->642M(8142M) 48.496ms
[255.354s][info][gc,cpu         ] GC(678) User=0.14s Sys=0.00s Real=0.05s
[255.712s][info][gc,start       ] GC(679) Pause Young (Allocation Failure)
[255.712s][info][gc,task        ] GC(679) Using 6 workers of 6 for evacuation
[255.772s][info][gc,heap        ] GC(679) ParNew: 460096K->51072K(460096K)
[255.772s][info][gc,heap        ] GC(679) CMS: 607288K->630256K(7877440K)
[255.772s][info][gc,metaspace   ] GC(679) Metaspace: 87077K(92844K)->87077K(92844K) NonClass: 76055K(78880K)->76055K(78880K) Class: 11022K(13964K)->11022K(13964K)
[255.772s][info][gc             ] GC(679) Pause Young (Allocation Failure) 1042M->665M(8142M) 60.548ms
[255.772s][info][gc,cpu         ] GC(679) User=0.30s Sys=0.00s Real=0.06s
[255.983s][info][gc,start       ] GC(680) Pause Young (Allocation Failure)
[255.983s][info][gc,task        ] GC(680) Using 6 workers of 6 for evacuation
[256.038s][info][gc,heap        ] GC(680) ParNew: 460096K->51072K(460096K)
[256.038s][info][gc,heap        ] GC(680) CMS: 630256K->650743K(7877440K)
[256.038s][info][gc,metaspace   ] GC(680) Metaspace: 87081K(93100K)->87081K(93100K) NonClass: 76059K(79136K)->76059K(79136K) Class: 11022K(13964K)->11022K(13964K)
[256.038s][info][gc             ] GC(680) Pause Young (Allocation Failure) 1064M->685M(8142M) 55.564ms
[256.038s][info][gc,cpu         ] GC(680) User=0.31s Sys=0.00s Real=0.07s
[256.185s][info][gc,start       ] GC(681) Pause Full (System.gc())
[256.187s][info][gc,phases,start] GC(681) Phase 1: Mark live objects
[256.310s][info][gc,phases      ] GC(681) Phase 1: Mark live objects 122.126ms
[256.310s][info][gc,phases,start] GC(681) Phase 2: Compute new object addresses
[256.534s][info][gc,phases      ] GC(681) Phase 2: Compute new object addresses 224.374ms
[256.534s][info][gc,phases,start] GC(681) Phase 3: Adjust pointers
[256.613s][info][gc,phases      ] GC(681) Phase 3: Adjust pointers 79.139ms
[256.613s][info][gc,phases,start] GC(681) Phase 4: Move objects
[256.615s][info][gc,phases      ] GC(681) Phase 4: Move objects 1.330ms
[256.620s][info][gc,heap        ] GC(681) ParNew: 460096K->0K(460096K)
[256.620s][info][gc,heap        ] GC(681) CMS: 650743K->168034K(7877440K)
[256.620s][info][gc,metaspace   ] GC(681) Metaspace: 87081K(93100K)->87081K(93100K) NonClass: 76059K(79136K)->76059K(79136K) Class: 11022K(13964K)->11022K(13964K)
[256.621s][info][gc             ] GC(681) Pause Full (System.gc()) 1084M->164M(8142M) 436.444ms
[256.621s][info][gc,cpu         ] GC(681) User=0.42s Sys=0.00s Real=0.44s
[256.769s][info][gc,start       ] GC(682) Pause Young (Allocation Failure)
[256.769s][info][gc,task        ] GC(682) Using 6 workers of 6 for evacuation
[256.865s][info][gc,heap        ] GC(682) ParNew: 409024K->51072K(460096K)
[256.865s][info][gc,heap        ] GC(682) CMS: 168034K->227152K(7877440K)
[256.865s][info][gc,metaspace   ] GC(682) Metaspace: 87091K(93100K)->87091K(93100K) NonClass: 76069K(79136K)->76069K(79136K) Class: 11022K(13964K)->11022K(13964K)
[256.865s][info][gc             ] GC(682) Pause Young (Allocation Failure) 563M->271M(8142M) 96.724ms
[256.865s][info][gc,cpu         ] GC(682) User=0.17s Sys=0.00s Real=0.11s
[257.041s][info][gc,start       ] GC(683) Pause Young (Allocation Failure)
[257.041s][info][gc,task        ] GC(683) Using 6 workers of 6 for evacuation
[257.121s][info][gc,heap        ] GC(683) ParNew: 460096K->51072K(460096K)
[257.121s][info][gc,heap        ] GC(683) CMS: 227152K->280763K(7877440K)
[257.121s][info][gc,metaspace   ] GC(683) Metaspace: 87091K(93100K)->87091K(93100K) NonClass: 76069K(79136K)->76069K(79136K) Class: 11022K(13964K)->11022K(13964K)
[257.121s][info][gc             ] GC(683) Pause Young (Allocation Failure) 671M->324M(8142M) 80.106ms
[257.121s][info][gc,cpu         ] GC(683) User=0.28s Sys=0.00s Real=0.08s
[257.308s][info][gc,start       ] GC(684) Pause Young (Allocation Failure)
[257.308s][info][gc,task        ] GC(684) Using 6 workers of 6 for evacuation
[257.385s][info][gc,heap        ] GC(684) ParNew: 460096K->51072K(460096K)
[257.385s][info][gc,heap        ] GC(684) CMS: 280763K->316577K(7877440K)
[257.385s][info][gc,metaspace   ] GC(684) Metaspace: 87091K(93100K)->87091K(93100K) NonClass: 76069K(79136K)->76069K(79136K) Class: 11022K(13964K)->11022K(13964K)
[257.385s][info][gc             ] GC(684) Pause Young (Allocation Failure) 723M->359M(8142M) 77.114ms
[257.385s][info][gc,cpu         ] GC(684) User=0.39s Sys=0.00s Real=0.08s
[257.580s][info][gc,start       ] GC(685) Pause Young (Allocation Failure)
[257.580s][info][gc,task        ] GC(685) Using 6 workers of 6 for evacuation
[257.653s][info][gc,heap        ] GC(685) ParNew: 460096K->34671K(460096K)
[257.653s][info][gc,heap        ] GC(685) CMS: 316577K->353518K(7877440K)
[257.653s][info][gc,metaspace   ] GC(685) Metaspace: 87091K(93100K)->87091K(93100K) NonClass: 76069K(79136K)->76069K(79136K) Class: 11022K(13964K)->11022K(13964K)
[257.653s][info][gc             ] GC(685) Pause Young (Allocation Failure) 758M->379M(8142M) 72.969ms
[257.653s][info][gc,cpu         ] GC(685) User=0.34s Sys=0.00s Real=0.08s
[258.239s][info][gc,start       ] GC(686) Pause Young (Allocation Failure)
[258.239s][info][gc,task        ] GC(686) Using 6 workers of 6 for evacuation
[258.328s][info][gc,heap        ] GC(686) ParNew: 443695K->51072K(460096K)
[258.328s][info][gc,heap        ] GC(686) CMS: 353518K->379488K(7877440K)
[258.328s][info][gc,metaspace   ] GC(686) Metaspace: 87091K(93100K)->87091K(93100K) NonClass: 76069K(79136K)->76069K(79136K) Class: 11022K(13964K)->11022K(13964K)
[258.329s][info][gc             ] GC(686) Pause Young (Allocation Failure) 778M->420M(8142M) 89.264ms
[258.329s][info][gc,cpu         ] GC(686) User=0.48s Sys=0.00s Real=0.09s
[258.455s][info][gc,start       ] GC(687) Pause Young (Allocation Failure)
[258.455s][info][gc,task        ] GC(687) Using 6 workers of 6 for evacuation
[258.565s][info][gc,heap        ] GC(687) ParNew: 460096K->51072K(460096K)
[258.565s][info][gc,heap        ] GC(687) CMS: 379488K->444581K(7877440K)
[258.565s][info][gc,metaspace   ] GC(687) Metaspace: 87091K(93100K)->87091K(93100K) NonClass: 76069K(79136K)->76069K(79136K) Class: 11022K(13964K)->11022K(13964K)
[258.565s][info][gc             ] GC(687) Pause Young (Allocation Failure) 819M->484M(8142M) 110.544ms
[258.565s][info][gc,cpu         ] GC(687) User=0.23s Sys=0.00s Real=0.11s
[258.754s][info][gc,start       ] GC(688) Pause Young (Allocation Failure)
[258.754s][info][gc,task        ] GC(688) Using 6 workers of 6 for evacuation
[258.836s][info][gc,heap        ] GC(688) ParNew: 460096K->51072K(460096K)
[258.836s][info][gc,heap        ] GC(688) CMS: 444581K->500663K(7877440K)
[258.836s][info][gc,metaspace   ] GC(688) Metaspace: 87091K(93100K)->87091K(93100K) NonClass: 76069K(79136K)->76069K(79136K) Class: 11022K(13964K)->11022K(13964K)
[258.836s][info][gc             ] GC(688) Pause Young (Allocation Failure) 883M->538M(8142M) 82.404ms
[258.836s][info][gc,cpu         ] GC(688) User=0.42s Sys=0.00s Real=0.08s
[259.016s][info][gc,start       ] GC(689) Pause Young (Allocation Failure)
[259.016s][info][gc,task        ] GC(689) Using 6 workers of 6 for evacuation
[259.087s][info][gc,heap        ] GC(689) ParNew: 460096K->44176K(460096K)
[259.087s][info][gc,heap        ] GC(689) CMS: 500663K->541669K(7877440K)
[259.087s][info][gc,metaspace   ] GC(689) Metaspace: 87091K(93100K)->87091K(93100K) NonClass: 76069K(79136K)->76069K(79136K) Class: 11022K(13964K)->11022K(13964K)
[259.087s][info][gc             ] GC(689) Pause Young (Allocation Failure) 938M->572M(8142M) 71.465ms
[259.087s][info][gc,cpu         ] GC(689) User=0.34s Sys=0.00s Real=0.06s
[259.554s][info][gc,start       ] GC(690) Pause Young (Allocation Failure)
[259.554s][info][gc,task        ] GC(690) Using 6 workers of 6 for evacuation
[259.628s][info][gc,heap        ] GC(690) ParNew: 453200K->33555K(460096K)
[259.629s][info][gc,heap        ] GC(690) CMS: 541669K->568142K(7877440K)
[259.629s][info][gc,metaspace   ] GC(690) Metaspace: 87091K(93100K)->87091K(93100K) NonClass: 76069K(79136K)->76069K(79136K) Class: 11022K(13964K)->11022K(13964K)
[259.629s][info][gc             ] GC(690) Pause Young (Allocation Failure) 971M->587M(8142M) 74.252ms
[259.629s][info][gc,cpu         ] GC(690) User=0.39s Sys=0.00s Real=0.08s
[259.952s][info][gc,start       ] GC(691) Pause Young (Allocation Failure)
[259.952s][info][gc,task        ] GC(691) Using 6 workers of 6 for evacuation
[260.011s][info][gc,heap        ] GC(691) ParNew: 442579K->51072K(460096K)
[260.011s][info][gc,heap        ] GC(691) CMS: 568142K->574755K(7877440K)
[260.011s][info][gc,metaspace   ] GC(691) Metaspace: 87095K(93100K)->87095K(93100K) NonClass: 76072K(79136K)->76072K(79136K) Class: 11022K(13964K)->11022K(13964K)
[260.011s][info][gc             ] GC(691) Pause Young (Allocation Failure) 987M->611M(8142M) 58.732ms
[260.011s][info][gc,cpu         ] GC(691) User=0.20s Sys=0.00s Real=0.06s
[260.324s][info][gc,start       ] GC(692) Pause Young (Allocation Failure)
[260.324s][info][gc,task        ] GC(692) Using 6 workers of 6 for evacuation
[260.393s][info][gc,heap        ] GC(692) ParNew: 460096K->43131K(460096K)
[260.393s][info][gc,heap        ] GC(692) CMS: 574755K->601442K(7877440K)
[260.393s][info][gc,metaspace   ] GC(692) Metaspace: 87095K(93100K)->87095K(93100K) NonClass: 76072K(79136K)->76072K(79136K) Class: 11022K(13964K)->11022K(13964K)
[260.393s][info][gc             ] GC(692) Pause Young (Allocation Failure) 1010M->629M(8142M) 68.798ms
[260.393s][info][gc,cpu         ] GC(692) User=0.17s Sys=0.00s Real=0.06s
[260.620s][info][gc,start       ] GC(693) Pause Young (Allocation Failure)
[260.620s][info][gc,task        ] GC(693) Using 6 workers of 6 for evacuation
[260.668s][info][gc,heap        ] GC(693) ParNew: 452155K->51072K(460096K)
[260.668s][info][gc,heap        ] GC(693) CMS: 601442K->605927K(7877440K)
[260.668s][info][gc,metaspace   ] GC(693) Metaspace: 87095K(93100K)->87095K(93100K) NonClass: 76072K(79136K)->76072K(79136K) Class: 11022K(13964K)->11022K(13964K)
[260.668s][info][gc             ] GC(693) Pause Young (Allocation Failure) 1028M->641M(8142M) 48.564ms
[260.668s][info][gc,cpu         ] GC(693) User=0.09s Sys=0.00s Real=0.05s
[261.027s][info][gc,start       ] GC(694) Pause Young (Allocation Failure)
[261.027s][info][gc,task        ] GC(694) Using 6 workers of 6 for evacuation
[261.088s][info][gc,heap        ] GC(694) ParNew: 459126K->51072K(460096K)
[261.088s][info][gc,heap        ] GC(694) CMS: 605927K->631101K(7877440K)
[261.088s][info][gc,metaspace   ] GC(694) Metaspace: 87095K(93100K)->87095K(93100K) NonClass: 76072K(79136K)->76072K(79136K) Class: 11022K(13964K)->11022K(13964K)
[261.088s][info][gc             ] GC(694) Pause Young (Allocation Failure) 1040M->666M(8142M) 61.263ms
[261.088s][info][gc,cpu         ] GC(694) User=0.28s Sys=0.00s Real=0.06s
[261.299s][info][gc,start       ] GC(695) Pause Young (Allocation Failure)
[261.299s][info][gc,task        ] GC(695) Using 6 workers of 6 for evacuation
[261.354s][info][gc,heap        ] GC(695) ParNew: 460096K->51072K(460096K)
[261.354s][info][gc,heap        ] GC(695) CMS: 631101K->654930K(7877440K)
[261.354s][info][gc,metaspace   ] GC(695) Metaspace: 87095K(93100K)->87095K(93100K) NonClass: 76072K(79136K)->76072K(79136K) Class: 11022K(13964K)->11022K(13964K)
[261.354s][info][gc             ] GC(695) Pause Young (Allocation Failure) 1065M->689M(8142M) 55.132ms
[261.354s][info][gc,cpu         ] GC(695) User=0.27s Sys=0.00s Real=0.06s
[261.503s][info][gc,start       ] GC(696) Pause Full (System.gc())
[261.506s][info][gc,phases,start] GC(696) Phase 1: Mark live objects
[261.632s][info][gc,phases      ] GC(696) Phase 1: Mark live objects 125.348ms
[261.632s][info][gc,phases,start] GC(696) Phase 2: Compute new object addresses
[261.856s][info][gc,phases      ] GC(696) Phase 2: Compute new object addresses 224.621ms
[261.857s][info][gc,phases,start] GC(696) Phase 3: Adjust pointers
[261.940s][info][gc,phases      ] GC(696) Phase 3: Adjust pointers 83.573ms
[261.940s][info][gc,phases,start] GC(696) Phase 4: Move objects
[261.975s][info][gc,phases      ] GC(696) Phase 4: Move objects 35.208ms
[261.981s][info][gc,heap        ] GC(696) ParNew: 458634K->0K(460096K)
[261.981s][info][gc,heap        ] GC(696) CMS: 654930K->168087K(7877440K)
[261.981s][info][gc,metaspace   ] GC(696) Metaspace: 87095K(93100K)->87095K(93100K) NonClass: 76072K(79136K)->76072K(79136K) Class: 11022K(13964K)->11022K(13964K)
[261.982s][info][gc             ] GC(696) Pause Full (System.gc()) 1087M->164M(8142M) 479.190ms
[261.982s][info][gc,cpu         ] GC(696) User=0.44s Sys=0.00s Real=0.47s
[262.131s][info][gc,start       ] GC(697) Pause Young (Allocation Failure)
[262.131s][info][gc,task        ] GC(697) Using 6 workers of 6 for evacuation
[262.228s][info][gc,heap        ] GC(697) ParNew: 409024K->51072K(460096K)
[262.228s][info][gc,heap        ] GC(697) CMS: 168087K->228623K(7877440K)
[262.228s][info][gc,metaspace   ] GC(697) Metaspace: 87096K(93100K)->87096K(93100K) NonClass: 76073K(79136K)->76073K(79136K) Class: 11022K(13964K)->11022K(13964K)
[262.228s][info][gc             ] GC(697) Pause Young (Allocation Failure) 563M->273M(8142M) 97.508ms
[262.228s][info][gc,cpu         ] GC(697) User=0.16s Sys=0.00s Real=0.09s
[262.409s][info][gc,start       ] GC(698) Pause Young (Allocation Failure)
[262.409s][info][gc,task        ] GC(698) Using 6 workers of 6 for evacuation
[262.484s][info][gc,heap        ] GC(698) ParNew: 460096K->51072K(460096K)
[262.484s][info][gc,heap        ] GC(698) CMS: 228623K->279971K(7877440K)
[262.484s][info][gc,metaspace   ] GC(698) Metaspace: 87096K(93100K)->87096K(93100K) NonClass: 76073K(79136K)->76073K(79136K) Class: 11022K(13964K)->11022K(13964K)
[262.484s][info][gc             ] GC(698) Pause Young (Allocation Failure) 672M->323M(8142M) 74.893ms
[262.484s][info][gc,cpu         ] GC(698) User=0.19s Sys=0.00s Real=0.06s
[262.669s][info][gc,start       ] GC(699) Pause Young (Allocation Failure)
[262.669s][info][gc,task        ] GC(699) Using 6 workers of 6 for evacuation
[262.744s][info][gc,heap        ] GC(699) ParNew: 460096K->51072K(460096K)
[262.744s][info][gc,heap        ] GC(699) CMS: 279971K->313551K(7877440K)
[262.744s][info][gc,metaspace   ] GC(699) Metaspace: 87096K(93100K)->87096K(93100K) NonClass: 76073K(79136K)->76073K(79136K) Class: 11022K(13964K)->11022K(13964K)
[262.744s][info][gc             ] GC(699) Pause Young (Allocation Failure) 722M->356M(8142M) 75.001ms
[262.744s][info][gc,cpu         ] GC(699) User=0.42s Sys=0.00s Real=0.09s
[262.941s][info][gc,start       ] GC(700) Pause Young (Allocation Failure)
[262.942s][info][gc,task        ] GC(700) Using 6 workers of 6 for evacuation
[263.013s][info][gc,heap        ] GC(700) ParNew: 460096K->34600K(460096K)
[263.013s][info][gc,heap        ] GC(700) CMS: 313551K->350461K(7877440K)
[263.013s][info][gc,metaspace   ] GC(700) Metaspace: 87096K(93100K)->87096K(93100K) NonClass: 76073K(79136K)->76073K(79136K) Class: 11022K(13964K)->11022K(13964K)
[263.013s][info][gc             ] GC(700) Pause Young (Allocation Failure) 755M->376M(8142M) 71.656ms
[263.013s][info][gc,cpu         ] GC(700) User=0.38s Sys=0.00s Real=0.06s
[263.610s][info][gc,start       ] GC(701) Pause Young (Allocation Failure)
[263.610s][info][gc,task        ] GC(701) Using 6 workers of 6 for evacuation
[263.700s][info][gc,heap        ] GC(701) ParNew: 443624K->51072K(460096K)
[263.700s][info][gc,heap        ] GC(701) CMS: 350461K->377043K(7877440K)
[263.700s][info][gc,metaspace   ] GC(701) Metaspace: 87096K(93100K)->87096K(93100K) NonClass: 76073K(79136K)->76073K(79136K) Class: 11022K(13964K)->11022K(13964K)
[263.700s][info][gc             ] GC(701) Pause Young (Allocation Failure) 775M->418M(8142M) 89.525ms
[263.700s][info][gc,cpu         ] GC(701) User=0.48s Sys=0.00s Real=0.09s
[263.829s][info][gc,start       ] GC(702) Pause Young (Allocation Failure)
[263.829s][info][gc,task        ] GC(702) Using 6 workers of 6 for evacuation
[263.939s][info][gc,heap        ] GC(702) ParNew: 460096K->51072K(460096K)
[263.939s][info][gc,heap        ] GC(702) CMS: 377043K->441742K(7877440K)
[263.939s][info][gc,metaspace   ] GC(702) Metaspace: 87096K(93100K)->87096K(93100K) NonClass: 76073K(79136K)->76073K(79136K) Class: 11022K(13964K)->11022K(13964K)
[263.939s][info][gc             ] GC(702) Pause Young (Allocation Failure) 817M->481M(8142M) 109.986ms
[263.939s][info][gc,cpu         ] GC(702) User=0.20s Sys=0.00s Real=0.11s
[264.127s][info][gc,start       ] GC(703) Pause Young (Allocation Failure)
[264.127s][info][gc,task        ] GC(703) Using 6 workers of 6 for evacuation
[264.213s][info][gc,heap        ] GC(703) ParNew: 460096K->51072K(460096K)
[264.213s][info][gc,heap        ] GC(703) CMS: 441742K->497190K(7877440K)
[264.213s][info][gc,metaspace   ] GC(703) Metaspace: 87096K(93100K)->87096K(93100K) NonClass: 76073K(79136K)->76073K(79136K) Class: 11022K(13964K)->11022K(13964K)
[264.213s][info][gc             ] GC(703) Pause Young (Allocation Failure) 880M->535M(8142M) 85.262ms
[264.213s][info][gc,cpu         ] GC(703) User=0.41s Sys=0.00s Real=0.09s
[264.399s][info][gc,start       ] GC(704) Pause Young (Allocation Failure)
[264.399s][info][gc,task        ] GC(704) Using 6 workers of 6 for evacuation
[264.473s][info][gc,heap        ] GC(704) ParNew: 460096K->48096K(460096K)
[264.473s][info][gc,heap        ] GC(704) CMS: 497190K->542831K(7877440K)
[264.473s][info][gc,metaspace   ] GC(704) Metaspace: 87096K(93100K)->87096K(93100K) NonClass: 76073K(79136K)->76073K(79136K) Class: 11022K(13964K)->11022K(13964K)
[264.473s][info][gc             ] GC(704) Pause Young (Allocation Failure) 934M->577M(8142M) 74.642ms
[264.473s][info][gc,cpu         ] GC(704) User=0.44s Sys=0.00s Real=0.08s
[264.939s][info][gc,start       ] GC(705) Pause Young (Allocation Failure)
[264.939s][info][gc,task        ] GC(705) Using 6 workers of 6 for evacuation
[265.017s][info][gc,heap        ] GC(705) ParNew: 457120K->34580K(460096K)
[265.017s][info][gc,heap        ] GC(705) CMS: 542831K->569376K(7877440K)
[265.017s][info][gc,metaspace   ] GC(705) Metaspace: 87096K(93100K)->87096K(93100K) NonClass: 76073K(79136K)->76073K(79136K) Class: 11022K(13964K)->11022K(13964K)
[265.017s][info][gc             ] GC(705) Pause Young (Allocation Failure) 976M->589M(8142M) 78.316ms
[265.017s][info][gc,cpu         ] GC(705) User=0.39s Sys=0.00s Real=0.08s
[265.351s][info][gc,start       ] GC(706) Pause Young (Allocation Failure)
[265.351s][info][gc,task        ] GC(706) Using 6 workers of 6 for evacuation
[265.409s][info][gc,heap        ] GC(706) ParNew: 443604K->51072K(460096K)
[265.409s][info][gc,heap        ] GC(706) CMS: 569376K->575733K(7877440K)
[265.409s][info][gc,metaspace   ] GC(706) Metaspace: 87102K(93100K)->87102K(93100K) NonClass: 76079K(79136K)->76079K(79136K) Class: 11022K(13964K)->11022K(13964K)
[265.409s][info][gc             ] GC(706) Pause Young (Allocation Failure) 989M->612M(8142M) 58.199ms
[265.409s][info][gc,cpu         ] GC(706) User=0.30s Sys=0.00s Real=0.06s
[265.717s][info][gc,start       ] GC(707) Pause Young (Allocation Failure)
[265.717s][info][gc,task        ] GC(707) Using 6 workers of 6 for evacuation
[265.786s][info][gc,heap        ] GC(707) ParNew: 460096K->49378K(460096K)
[265.786s][info][gc,heap        ] GC(707) CMS: 575733K->602227K(7877440K)
[265.786s][info][gc,metaspace   ] GC(707) Metaspace: 87102K(93100K)->87102K(93100K) NonClass: 76079K(79136K)->76079K(79136K) Class: 11022K(13964K)->11022K(13964K)
[265.786s][info][gc             ] GC(707) Pause Young (Allocation Failure) 1011M->636M(8142M) 69.093ms
[265.786s][info][gc,cpu         ] GC(707) User=0.27s Sys=0.00s Real=0.08s
[266.015s][info][gc,start       ] GC(708) Pause Young (Allocation Failure)
[266.015s][info][gc,task        ] GC(708) Using 6 workers of 6 for evacuation
[266.063s][info][gc,heap        ] GC(708) ParNew: 458405K->51072K(460096K)
[266.063s][info][gc,heap        ] GC(708) CMS: 602227K->606974K(7877440K)
[266.063s][info][gc,metaspace   ] GC(708) Metaspace: 87105K(93100K)->87105K(93100K) NonClass: 76082K(79136K)->76082K(79136K) Class: 11022K(13964K)->11022K(13964K)
[266.063s][info][gc             ] GC(708) Pause Young (Allocation Failure) 1035M->642M(8142M) 48.627ms
[266.063s][info][gc,cpu         ] GC(708) User=0.16s Sys=0.00s Real=0.06s
[266.444s][info][gc,start       ] GC(709) Pause Young (Allocation Failure)
[266.444s][info][gc,task        ] GC(709) Using 6 workers of 6 for evacuation
[266.474s][info][gc,heap        ] GC(709) ParNew: 460096K->51072K(460096K)
[266.474s][info][gc,heap        ] GC(709) CMS: 606974K->612021K(7877440K)
[266.474s][info][gc,metaspace   ] GC(709) Metaspace: 87105K(93100K)->87105K(93100K) NonClass: 76082K(79136K)->76082K(79136K) Class: 11022K(13964K)->11022K(13964K)
[266.474s][info][gc             ] GC(709) Pause Young (Allocation Failure) 1042M->647M(8142M) 29.381ms
[266.474s][info][gc,cpu         ] GC(709) User=0.05s Sys=0.00s Real=0.03s
[266.625s][info][gc,start       ] GC(710) Pause Young (Allocation Failure)
[266.625s][info][gc,task        ] GC(710) Using 6 workers of 6 for evacuation
[266.678s][info][gc,heap        ] GC(710) ParNew: 460096K->51072K(460096K)
[266.678s][info][gc,heap        ] GC(710) CMS: 612021K->629491K(7877440K)
[266.678s][info][gc,metaspace   ] GC(710) Metaspace: 87105K(93100K)->87105K(93100K) NonClass: 76083K(79136K)->76083K(79136K) Class: 11022K(13964K)->11022K(13964K)
[266.678s][info][gc             ] GC(710) Pause Young (Allocation Failure) 1046M->664M(8142M) 53.145ms
[266.678s][info][gc,cpu         ] GC(710) User=0.23s Sys=0.00s Real=0.06s
[266.821s][info][gc,start       ] GC(711) Pause Young (Allocation Failure)
[266.821s][info][gc,task        ] GC(711) Using 6 workers of 6 for evacuation
[267.070s][info][gc,heap        ] GC(711) ParNew: 460096K->51072K(460096K)
[267.070s][info][gc,heap        ] GC(711) CMS: 629491K->688624K(7877440K)
[267.070s][info][gc,metaspace   ] GC(711) Metaspace: 87105K(93100K)->87105K(93100K) NonClass: 76083K(79136K)->76083K(79136K) Class: 11022K(13964K)->11022K(13964K)
[267.070s][info][gc             ] GC(711) Pause Young (Allocation Failure) 1064M->722M(8142M) 248.958ms
[267.070s][info][gc,cpu         ] GC(711) User=1.22s Sys=0.02s Real=0.25s
[267.073s][info][gc,start       ] GC(712) Pause Full (System.gc())
[267.075s][info][gc,phases,start] GC(712) Phase 1: Mark live objects
[267.200s][info][gc,phases      ] GC(712) Phase 1: Mark live objects 125.454ms
[267.200s][info][gc,phases,start] GC(712) Phase 2: Compute new object addresses
[267.375s][info][gc,phases      ] GC(712) Phase 2: Compute new object addresses 175.015ms
[267.375s][info][gc,phases,start] GC(712) Phase 3: Adjust pointers
[267.455s][info][gc,phases      ] GC(712) Phase 3: Adjust pointers 79.854ms
[267.455s][info][gc,phases,start] GC(712) Phase 4: Move objects
[267.457s][info][gc,phases      ] GC(712) Phase 4: Move objects 1.452ms
[267.463s][info][gc,heap        ] GC(712) ParNew: 55361K->0K(460096K)
[267.463s][info][gc,heap        ] GC(712) CMS: 688624K->168147K(7877440K)
[267.463s][info][gc,metaspace   ] GC(712) Metaspace: 87105K(93100K)->87105K(93100K) NonClass: 76083K(79136K)->76083K(79136K) Class: 11022K(13964K)->11022K(13964K)
[267.464s][info][gc             ] GC(712) Pause Full (System.gc()) 726M->164M(8142M) 390.935ms
[267.464s][info][gc,cpu         ] GC(712) User=0.39s Sys=0.00s Real=0.39s
[267.611s][info][gc,start       ] GC(713) Pause Young (Allocation Failure)
[267.611s][info][gc,task        ] GC(713) Using 6 workers of 6 for evacuation
[267.704s][info][gc,heap        ] GC(713) ParNew: 409024K->51072K(460096K)
[267.704s][info][gc,heap        ] GC(713) CMS: 168147K->228531K(7877440K)
[267.704s][info][gc,metaspace   ] GC(713) Metaspace: 87106K(93100K)->87106K(93100K) NonClass: 76084K(79136K)->76084K(79136K) Class: 11022K(13964K)->11022K(13964K)
[267.704s][info][gc             ] GC(713) Pause Young (Allocation Failure) 563M->273M(8142M) 93.037ms
[267.704s][info][gc,cpu         ] GC(713) User=0.23s Sys=0.00s Real=0.10s
[267.879s][info][gc,start       ] GC(714) Pause Young (Allocation Failure)
[267.879s][info][gc,task        ] GC(714) Using 6 workers of 6 for evacuation
[267.955s][info][gc,heap        ] GC(714) ParNew: 460096K->51072K(460096K)
[267.955s][info][gc,heap        ] GC(714) CMS: 228531K->280695K(7877440K)
[267.955s][info][gc,metaspace   ] GC(714) Metaspace: 87106K(93100K)->87106K(93100K) NonClass: 76084K(79136K)->76084K(79136K) Class: 11022K(13964K)->11022K(13964K)
[267.955s][info][gc             ] GC(714) Pause Young (Allocation Failure) 672M->323M(8142M) 75.193ms
[267.955s][info][gc,cpu         ] GC(714) User=0.39s Sys=0.00s Real=0.08s
[268.148s][info][gc,start       ] GC(715) Pause Young (Allocation Failure)
[268.148s][info][gc,task        ] GC(715) Using 6 workers of 6 for evacuation
[268.223s][info][gc,heap        ] GC(715) ParNew: 460096K->51072K(460096K)
[268.223s][info][gc,heap        ] GC(715) CMS: 280695K->315601K(7877440K)
[268.223s][info][gc,metaspace   ] GC(715) Metaspace: 87106K(93100K)->87106K(93100K) NonClass: 76084K(79136K)->76084K(79136K) Class: 11022K(13964K)->11022K(13964K)
[268.223s][info][gc             ] GC(715) Pause Young (Allocation Failure) 723M->358M(8142M) 75.597ms
[268.224s][info][gc,cpu         ] GC(715) User=0.41s Sys=0.00s Real=0.08s
[268.422s][info][gc,start       ] GC(716) Pause Young (Allocation Failure)
[268.422s][info][gc,task        ] GC(716) Using 6 workers of 6 for evacuation
[268.492s][info][gc,heap        ] GC(716) ParNew: 460096K->37690K(460096K)
[268.492s][info][gc,heap        ] GC(716) CMS: 315601K->351686K(7877440K)
[268.492s][info][gc,metaspace   ] GC(716) Metaspace: 87106K(93100K)->87106K(93100K) NonClass: 76084K(79136K)->76084K(79136K) Class: 11022K(13964K)->11022K(13964K)
[268.492s][info][gc             ] GC(716) Pause Young (Allocation Failure) 757M->380M(8142M) 70.501ms
[268.492s][info][gc,cpu         ] GC(716) User=0.38s Sys=0.00s Real=0.06s
[269.081s][info][gc,start       ] GC(717) Pause Young (Allocation Failure)
[269.081s][info][gc,task        ] GC(717) Using 6 workers of 6 for evacuation
[269.176s][info][gc,heap        ] GC(717) ParNew: 446714K->51072K(460096K)
[269.176s][info][gc,heap        ] GC(717) CMS: 351686K->376666K(7877440K)
[269.176s][info][gc,metaspace   ] GC(717) Metaspace: 87106K(93100K)->87106K(93100K) NonClass: 76084K(79136K)->76084K(79136K) Class: 11022K(13964K)->11022K(13964K)
[269.176s][info][gc             ] GC(717) Pause Young (Allocation Failure) 779M->417M(8142M) 94.583ms
[269.176s][info][gc,cpu         ] GC(717) User=0.48s Sys=0.00s Real=0.09s
[269.302s][info][gc,start       ] GC(718) Pause Young (Allocation Failure)
[269.302s][info][gc,task        ] GC(718) Using 6 workers of 6 for evacuation
[269.411s][info][gc,heap        ] GC(718) ParNew: 460096K->51072K(460096K)
[269.411s][info][gc,heap        ] GC(718) CMS: 376666K->441819K(7877440K)
[269.411s][info][gc,metaspace   ] GC(718) Metaspace: 87106K(93100K)->87106K(93100K) NonClass: 76084K(79136K)->76084K(79136K) Class: 11022K(13964K)->11022K(13964K)
[269.411s][info][gc             ] GC(718) Pause Young (Allocation Failure) 817M->481M(8142M) 109.512ms
[269.411s][info][gc,cpu         ] GC(718) User=0.25s Sys=0.00s Real=0.11s
[269.601s][info][gc,start       ] GC(719) Pause Young (Allocation Failure)
[269.601s][info][gc,task        ] GC(719) Using 6 workers of 6 for evacuation
[269.681s][info][gc,heap        ] GC(719) ParNew: 460096K->51072K(460096K)
[269.681s][info][gc,heap        ] GC(719) CMS: 441819K->499960K(7877440K)
[269.681s][info][gc,metaspace   ] GC(719) Metaspace: 87106K(93100K)->87106K(93100K) NonClass: 76084K(79136K)->76084K(79136K) Class: 11022K(13964K)->11022K(13964K)
[269.681s][info][gc             ] GC(719) Pause Young (Allocation Failure) 880M->538M(8142M) 80.453ms
[269.681s][info][gc,cpu         ] GC(719) User=0.41s Sys=0.00s Real=0.08s
[269.869s][info][gc,start       ] GC(720) Pause Young (Allocation Failure)
[269.869s][info][gc,task        ] GC(720) Using 6 workers of 6 for evacuation
[269.940s][info][gc,heap        ] GC(720) ParNew: 460096K->40236K(460096K)
[269.940s][info][gc,heap        ] GC(720) CMS: 499960K->539749K(7877440K)
[269.940s][info][gc,metaspace   ] GC(720) Metaspace: 87106K(93100K)->87106K(93100K) NonClass: 76084K(79136K)->76084K(79136K) Class: 11022K(13964K)->11022K(13964K)
[269.940s][info][gc             ] GC(720) Pause Young (Allocation Failure) 937M->566M(8142M) 71.521ms
[269.940s][info][gc,cpu         ] GC(720) User=0.19s Sys=0.00s Real=0.07s
[270.431s][info][gc,start       ] GC(721) Pause Young (Allocation Failure)
[270.431s][info][gc,task        ] GC(721) Using 6 workers of 6 for evacuation
[270.505s][info][gc,heap        ] GC(721) ParNew: 449260K->32704K(460096K)
[270.505s][info][gc,heap        ] GC(721) CMS: 539749K->566465K(7877440K)
[270.506s][info][gc,metaspace   ] GC(721) Metaspace: 87106K(93100K)->87106K(93100K) NonClass: 76084K(79136K)->76084K(79136K) Class: 11022K(13964K)->11022K(13964K)
[270.506s][info][gc             ] GC(721) Pause Young (Allocation Failure) 965M->585M(8142M) 74.488ms
[270.506s][info][gc,cpu         ] GC(721) User=0.38s Sys=0.00s Real=0.06s
[270.833s][info][gc,start       ] GC(722) Pause Young (Allocation Failure)
[270.833s][info][gc,task        ] GC(722) Using 6 workers of 6 for evacuation
[270.892s][info][gc,heap        ] GC(722) ParNew: 441728K->51072K(460096K)
[270.892s][info][gc,heap        ] GC(722) CMS: 566465K->572775K(7877440K)
[270.892s][info][gc,metaspace   ] GC(722) Metaspace: 87106K(93100K)->87106K(93100K) NonClass: 76084K(79136K)->76084K(79136K) Class: 11022K(13964K)->11022K(13964K)
[270.892s][info][gc             ] GC(722) Pause Young (Allocation Failure) 984M->609M(8142M) 59.193ms
[270.892s][info][gc,cpu         ] GC(722) User=0.33s Sys=0.00s Real=0.06s
[271.204s][info][gc,start       ] GC(723) Pause Young (Allocation Failure)
[271.204s][info][gc,task        ] GC(723) Using 6 workers of 6 for evacuation
[271.273s][info][gc,heap        ] GC(723) ParNew: 460096K->45291K(460096K)
[271.273s][info][gc,heap        ] GC(723) CMS: 572775K->598899K(7877440K)
[271.273s][info][gc,metaspace   ] GC(723) Metaspace: 87106K(93100K)->87106K(93100K) NonClass: 76084K(79136K)->76084K(79136K) Class: 11022K(13964K)->11022K(13964K)
[271.273s][info][gc             ] GC(723) Pause Young (Allocation Failure) 1008M->629M(8142M) 69.163ms
[271.274s][info][gc,cpu         ] GC(723) User=0.20s Sys=0.00s Real=0.08s
[271.499s][info][gc,start       ] GC(724) Pause Young (Allocation Failure)
[271.499s][info][gc,task        ] GC(724) Using 6 workers of 6 for evacuation
[271.548s][info][gc,heap        ] GC(724) ParNew: 454315K->51072K(460096K)
[271.549s][info][gc,heap        ] GC(724) CMS: 598899K->604261K(7877440K)
[271.549s][info][gc,metaspace   ] GC(724) Metaspace: 87106K(93100K)->87106K(93100K) NonClass: 76084K(79136K)->76084K(79136K) Class: 11022K(13964K)->11022K(13964K)
[271.549s][info][gc             ] GC(724) Pause Young (Allocation Failure) 1028M->639M(8142M) 49.590ms
[271.549s][info][gc,cpu         ] GC(724) User=0.14s Sys=0.00s Real=0.05s
[271.926s][info][gc,start       ] GC(725) Pause Young (Allocation Failure)
[271.926s][info][gc,task        ] GC(725) Using 6 workers of 6 for evacuation
[271.973s][info][gc,heap        ] GC(725) ParNew: 460096K->51072K(460096K)
[271.973s][info][gc,heap        ] GC(725) CMS: 604261K->624194K(7877440K)
[271.973s][info][gc,metaspace   ] GC(725) Metaspace: 87106K(93100K)->87106K(93100K) NonClass: 76084K(79136K)->76084K(79136K) Class: 11022K(13964K)->11022K(13964K)
[271.973s][info][gc             ] GC(725) Pause Young (Allocation Failure) 1039M->659M(8142M) 47.680ms
[271.973s][info][gc,cpu         ] GC(725) User=0.11s Sys=0.00s Real=0.06s
[272.133s][info][gc,start       ] GC(726) Pause Young (Allocation Failure)
[272.133s][info][gc,task        ] GC(726) Using 6 workers of 6 for evacuation
[272.196s][info][gc,heap        ] GC(726) ParNew: 460096K->51072K(460096K)
[272.197s][info][gc,heap        ] GC(726) CMS: 624194K->650203K(7877440K)
[272.197s][info][gc,metaspace   ] GC(726) Metaspace: 87106K(93100K)->87106K(93100K) NonClass: 76084K(79136K)->76084K(79136K) Class: 11022K(13964K)->11022K(13964K)
[272.197s][info][gc             ] GC(726) Pause Young (Allocation Failure) 1058M->684M(8142M) 63.583ms
[272.197s][info][gc,cpu         ] GC(726) User=0.28s Sys=0.00s Real=0.06s
[272.342s][info][gc,start       ] GC(727) Pause Full (System.gc())
[272.345s][info][gc,phases,start] GC(727) Phase 1: Mark live objects
[272.469s][info][gc,phases      ] GC(727) Phase 1: Mark live objects 123.787ms
[272.469s][info][gc,phases,start] GC(727) Phase 2: Compute new object addresses
[272.693s][info][gc,phases      ] GC(727) Phase 2: Compute new object addresses 223.788ms
[272.693s][info][gc,phases,start] GC(727) Phase 3: Adjust pointers
[272.772s][info][gc,phases      ] GC(727) Phase 3: Adjust pointers 79.751ms
[272.772s][info][gc,phases,start] GC(727) Phase 4: Move objects
[272.774s][info][gc,phases      ] GC(727) Phase 4: Move objects 1.278ms
[272.780s][info][gc,heap        ] GC(727) ParNew: 457260K->0K(460096K)
[272.780s][info][gc,heap        ] GC(727) CMS: 650203K->168197K(7877440K)
[272.780s][info][gc,metaspace   ] GC(727) Metaspace: 87106K(93100K)->87106K(93100K) NonClass: 76084K(79136K)->76084K(79136K) Class: 11022K(13964K)->11022K(13964K)
[272.780s][info][gc             ] GC(727) Pause Full (System.gc()) 1081M->164M(8142M) 438.722ms
[272.780s][info][gc,cpu         ] GC(727) User=0.39s Sys=0.03s Real=0.45s
[272.927s][info][gc,start       ] GC(728) Pause Young (Allocation Failure)
[272.927s][info][gc,task        ] GC(728) Using 6 workers of 6 for evacuation
[273.021s][info][gc,heap        ] GC(728) ParNew: 409024K->51072K(460096K)
[273.021s][info][gc,heap        ] GC(728) CMS: 168197K->227361K(7877440K)
[273.021s][info][gc,metaspace   ] GC(728) Metaspace: 87108K(93100K)->87108K(93100K) NonClass: 76085K(79136K)->76085K(79136K) Class: 11022K(13964K)->11022K(13964K)
[273.021s][info][gc             ] GC(728) Pause Young (Allocation Failure) 563M->271M(8142M) 94.675ms
[273.021s][info][gc,cpu         ] GC(728) User=0.16s Sys=0.00s Real=0.09s
[273.197s][info][gc,start       ] GC(729) Pause Young (Allocation Failure)
[273.197s][info][gc,task        ] GC(729) Using 6 workers of 6 for evacuation
[273.273s][info][gc,heap        ] GC(729) ParNew: 460096K->51072K(460096K)
[273.273s][info][gc,heap        ] GC(729) CMS: 227361K->278421K(7877440K)
[273.273s][info][gc,metaspace   ] GC(729) Metaspace: 87108K(93100K)->87108K(93100K) NonClass: 76085K(79136K)->76085K(79136K) Class: 11022K(13964K)->11022K(13964K)
[273.273s][info][gc             ] GC(729) Pause Young (Allocation Failure) 671M->321M(8142M) 75.351ms
[273.273s][info][gc,cpu         ] GC(729) User=0.28s Sys=0.00s Real=0.08s
[273.457s][info][gc,start       ] GC(730) Pause Young (Allocation Failure)
[273.457s][info][gc,task        ] GC(730) Using 6 workers of 6 for evacuation
[273.533s][info][gc,heap        ] GC(730) ParNew: 460096K->51072K(460096K)
[273.533s][info][gc,heap        ] GC(730) CMS: 278421K->314435K(7877440K)
[273.533s][info][gc,metaspace   ] GC(730) Metaspace: 87108K(93100K)->87108K(93100K) NonClass: 76085K(79136K)->76085K(79136K) Class: 11022K(13964K)->11022K(13964K)
[273.533s][info][gc             ] GC(730) Pause Young (Allocation Failure) 721M->356M(8142M) 75.661ms
[273.533s][info][gc,cpu         ] GC(730) User=0.38s Sys=0.00s Real=0.06s
[273.729s][info][gc,start       ] GC(731) Pause Young (Allocation Failure)
[273.729s][info][gc,task        ] GC(731) Using 6 workers of 6 for evacuation
[273.799s][info][gc,heap        ] GC(731) ParNew: 460096K->37592K(460096K)
[273.799s][info][gc,heap        ] GC(731) CMS: 314435K->350422K(7877440K)
[273.799s][info][gc,metaspace   ] GC(731) Metaspace: 87108K(93100K)->87108K(93100K) NonClass: 76085K(79136K)->76085K(79136K) Class: 11022K(13964K)->11022K(13964K)
[273.799s][info][gc             ] GC(731) Pause Young (Allocation Failure) 756M->378M(8142M) 70.489ms
[273.799s][info][gc,cpu         ] GC(731) User=0.38s Sys=0.00s Real=0.06s
[274.400s][info][gc,start       ] GC(732) Pause Young (Allocation Failure)
[274.400s][info][gc,task        ] GC(732) Using 6 workers of 6 for evacuation
[274.490s][info][gc,heap        ] GC(732) ParNew: 446616K->51072K(460096K)
[274.490s][info][gc,heap        ] GC(732) CMS: 350422K->375878K(7877440K)
[274.490s][info][gc,metaspace   ] GC(732) Metaspace: 87108K(93100K)->87108K(93100K) NonClass: 76085K(79136K)->76085K(79136K) Class: 11022K(13964K)->11022K(13964K)
[274.490s][info][gc             ] GC(732) Pause Young (Allocation Failure) 778M->416M(8142M) 90.059ms
[274.490s][info][gc,cpu         ] GC(732) User=0.47s Sys=0.00s Real=0.08s
[274.615s][info][gc,start       ] GC(733) Pause Young (Allocation Failure)
[274.615s][info][gc,task        ] GC(733) Using 6 workers of 6 for evacuation
[274.725s][info][gc,heap        ] GC(733) ParNew: 460096K->51072K(460096K)
[274.725s][info][gc,heap        ] GC(733) CMS: 375878K->440124K(7877440K)
[274.725s][info][gc,metaspace   ] GC(733) Metaspace: 87108K(93100K)->87108K(93100K) NonClass: 76085K(79136K)->76085K(79136K) Class: 11022K(13964K)->11022K(13964K)
[274.725s][info][gc             ] GC(733) Pause Young (Allocation Failure) 816M->479M(8142M) 110.050ms
[274.725s][info][gc,cpu         ] GC(733) User=0.30s Sys=0.00s Real=0.11s
[274.909s][info][gc,start       ] GC(734) Pause Young (Allocation Failure)
[274.909s][info][gc,task        ] GC(734) Using 6 workers of 6 for evacuation
[274.993s][info][gc,heap        ] GC(734) ParNew: 460096K->51072K(460096K)
[274.993s][info][gc,heap        ] GC(734) CMS: 440124K->503013K(7877440K)
[274.993s][info][gc,metaspace   ] GC(734) Metaspace: 87108K(93100K)->87108K(93100K) NonClass: 76085K(79136K)->76085K(79136K) Class: 11022K(13964K)->11022K(13964K)
[274.993s][info][gc             ] GC(734) Pause Young (Allocation Failure) 879M->541M(8142M) 84.922ms
[274.994s][info][gc,cpu         ] GC(734) User=0.42s Sys=0.00s Real=0.09s
[275.185s][info][gc,start       ] GC(735) Pause Young (Allocation Failure)
[275.185s][info][gc,task        ] GC(735) Using 6 workers of 6 for evacuation
[275.256s][info][gc,heap        ] GC(735) ParNew: 460096K->37744K(460096K)
[275.256s][info][gc,heap        ] GC(735) CMS: 503013K->537590K(7877440K)
[275.256s][info][gc,metaspace   ] GC(735) Metaspace: 87108K(93100K)->87108K(93100K) NonClass: 76085K(79136K)->76085K(79136K) Class: 11022K(13964K)->11022K(13964K)
[275.256s][info][gc             ] GC(735) Pause Young (Allocation Failure) 940M->561M(8142M) 71.561ms
[275.256s][info][gc,cpu         ] GC(735) User=0.38s Sys=0.00s Real=0.06s
[275.710s][info][gc,start       ] GC(736) Pause Young (Allocation Failure)
[275.710s][info][gc,task        ] GC(736) Using 6 workers of 6 for evacuation
[275.782s][info][gc,heap        ] GC(736) ParNew: 446768K->32029K(460096K)
[275.782s][info][gc,heap        ] GC(736) CMS: 537590K->564161K(7877440K)
[275.782s][info][gc,metaspace   ] GC(736) Metaspace: 87108K(93100K)->87108K(93100K) NonClass: 76085K(79136K)->76085K(79136K) Class: 11022K(13964K)->11022K(13964K)
[275.782s][info][gc             ] GC(736) Pause Young (Allocation Failure) 961M->582M(8142M) 71.893ms
[275.782s][info][gc,cpu         ] GC(736) User=0.33s Sys=0.00s Real=0.08s
[276.134s][info][gc,start       ] GC(737) Pause Young (Allocation Failure)
[276.135s][info][gc,task        ] GC(737) Using 6 workers of 6 for evacuation
[276.191s][info][gc,heap        ] GC(737) ParNew: 441053K->51072K(460096K)
[276.191s][info][gc,heap        ] GC(737) CMS: 564161K->569750K(7877440K)
[276.191s][info][gc,metaspace   ] GC(737) Metaspace: 87108K(93100K)->87108K(93100K) NonClass: 76085K(79136K)->76085K(79136K) Class: 11022K(13964K)->11022K(13964K)
[276.191s][info][gc             ] GC(737) Pause Young (Allocation Failure) 981M->606M(8142M) 56.722ms
[276.191s][info][gc,cpu         ] GC(737) User=0.34s Sys=0.00s Real=0.06s
[276.500s][info][gc,start       ] GC(738) Pause Young (Allocation Failure)
[276.500s][info][gc,task        ] GC(738) Using 6 workers of 6 for evacuation
[276.569s][info][gc,heap        ] GC(738) ParNew: 460096K->40510K(460096K)
[276.569s][info][gc,heap        ] GC(738) CMS: 569750K->596506K(7877440K)
[276.569s][info][gc,metaspace   ] GC(738) Metaspace: 87108K(93100K)->87108K(93100K) NonClass: 76085K(79136K)->76085K(79136K) Class: 11022K(13964K)->11022K(13964K)
[276.569s][info][gc             ] GC(738) Pause Young (Allocation Failure) 1005M->622M(8142M) 69.119ms
[276.569s][info][gc,cpu         ] GC(738) User=0.20s Sys=0.00s Real=0.06s
[276.800s][info][gc,start       ] GC(739) Pause Young (Allocation Failure)
[276.800s][info][gc,task        ] GC(739) Using 6 workers of 6 for evacuation
[276.848s][info][gc,heap        ] GC(739) ParNew: 449534K->51072K(460096K)
[276.848s][info][gc,heap        ] GC(739) CMS: 596506K->600145K(7877440K)
[276.848s][info][gc,metaspace   ] GC(739) Metaspace: 87109K(93100K)->87109K(93100K) NonClass: 76087K(79136K)->76087K(79136K) Class: 11022K(13964K)->11022K(13964K)
[276.848s][info][gc             ] GC(739) Pause Young (Allocation Failure) 1021M->635M(8142M) 47.346ms
[276.848s][info][gc,cpu         ] GC(739) User=0.11s Sys=0.00s Real=0.05s
[277.202s][info][gc,start       ] GC(740) Pause Young (Allocation Failure)
[277.202s][info][gc,task        ] GC(740) Using 6 workers of 6 for evacuation
[277.263s][info][gc,heap        ] GC(740) ParNew: 459736K->51072K(460096K)
[277.263s][info][gc,heap        ] GC(740) CMS: 600145K->626235K(7877440K)
[277.263s][info][gc,metaspace   ] GC(740) Metaspace: 87109K(93100K)->87109K(93100K) NonClass: 76087K(79136K)->76087K(79136K) Class: 11022K(13964K)->11022K(13964K)
[277.263s][info][gc             ] GC(740) Pause Young (Allocation Failure) 1035M->661M(8142M) 60.636ms
[277.263s][info][gc,cpu         ] GC(740) User=0.28s Sys=0.00s Real=0.06s
[277.501s][info][gc,start       ] GC(741) Pause Young (Allocation Failure)
[277.502s][info][gc,task        ] GC(741) Using 6 workers of 6 for evacuation
[277.555s][info][gc,heap        ] GC(741) ParNew: 460096K->51072K(460096K)
[277.555s][info][gc,heap        ] GC(741) CMS: 626235K->654569K(7877440K)
[277.555s][info][gc,metaspace   ] GC(741) Metaspace: 87109K(93100K)->87109K(93100K) NonClass: 76087K(79136K)->76087K(79136K) Class: 11022K(13964K)->11022K(13964K)
[277.555s][info][gc             ] GC(741) Pause Young (Allocation Failure) 1060M->689M(8142M) 53.804ms
[277.555s][info][gc,cpu         ] GC(741) User=0.31s Sys=0.00s Real=0.06s
[277.699s][info][gc,start       ] GC(742) Pause Young (Allocation Failure)
[277.699s][info][gc,task        ] GC(742) Using 6 workers of 6 for evacuation
[277.934s][info][gc,heap        ] GC(742) ParNew: 460096K->51072K(460096K)
[277.934s][info][gc,heap        ] GC(742) CMS: 654569K->714249K(7877440K)
[277.934s][info][gc,metaspace   ] GC(742) Metaspace: 87109K(93100K)->87109K(93100K) NonClass: 76087K(79136K)->76087K(79136K) Class: 11022K(13964K)->11022K(13964K)
[277.934s][info][gc             ] GC(742) Pause Young (Allocation Failure) 1088M->747M(8142M) 234.814ms
[277.934s][info][gc,cpu         ] GC(742) User=1.33s Sys=0.00s Real=0.24s
[277.937s][info][gc,start       ] GC(743) Pause Full (System.gc())
[277.939s][info][gc,phases,start] GC(743) Phase 1: Mark live objects
[278.062s][info][gc,phases      ] GC(743) Phase 1: Mark live objects 122.319ms
[278.062s][info][gc,phases,start] GC(743) Phase 2: Compute new object addresses
[278.242s][info][gc,phases      ] GC(743) Phase 2: Compute new object addresses 179.949ms
[278.242s][info][gc,phases,start] GC(743) Phase 3: Adjust pointers
[278.323s][info][gc,phases      ] GC(743) Phase 3: Adjust pointers 81.727ms
[278.323s][info][gc,phases,start] GC(743) Phase 4: Move objects
[278.354s][info][gc,phases      ] GC(743) Phase 4: Move objects 30.087ms
[278.359s][info][gc,heap        ] GC(743) ParNew: 59628K->0K(460096K)
[278.359s][info][gc,heap        ] GC(743) CMS: 714249K->168253K(7877440K)
[278.359s][info][gc,metaspace   ] GC(743) Metaspace: 87109K(93100K)->87109K(93100K) NonClass: 76087K(79136K)->76087K(79136K) Class: 11022K(13964K)->11022K(13964K)
[278.360s][info][gc             ] GC(743) Pause Full (System.gc()) 755M->164M(8142M) 422.769ms
[278.360s][info][gc,cpu         ] GC(743) User=0.41s Sys=0.00s Real=0.42s
[278.507s][info][gc,start       ] GC(744) Pause Young (Allocation Failure)
[278.507s][info][gc,task        ] GC(744) Using 6 workers of 6 for evacuation
[278.598s][info][gc,heap        ] GC(744) ParNew: 409024K->51072K(460096K)
[278.598s][info][gc,heap        ] GC(744) CMS: 168253K->227620K(7877440K)
[278.598s][info][gc,metaspace   ] GC(744) Metaspace: 87110K(93100K)->87110K(93100K) NonClass: 76087K(79136K)->76087K(79136K) Class: 11022K(13964K)->11022K(13964K)
[278.598s][info][gc             ] GC(744) Pause Young (Allocation Failure) 563M->272M(8142M) 91.843ms
[278.598s][info][gc,cpu         ] GC(744) User=0.23s Sys=0.00s Real=0.09s
[278.773s][info][gc,start       ] GC(745) Pause Young (Allocation Failure)
[278.773s][info][gc,task        ] GC(745) Using 6 workers of 6 for evacuation
[278.846s][info][gc,heap        ] GC(745) ParNew: 459691K->51072K(460096K)
[278.846s][info][gc,heap        ] GC(745) CMS: 227620K->277484K(7877440K)
[278.846s][info][gc,metaspace   ] GC(745) Metaspace: 87112K(93100K)->87112K(93100K) NonClass: 76089K(79136K)->76089K(79136K) Class: 11022K(13964K)->11022K(13964K)
[278.846s][info][gc             ] GC(745) Pause Young (Allocation Failure) 671M->320M(8142M) 73.551ms
[278.846s][info][gc,cpu         ] GC(745) User=0.31s Sys=0.00s Real=0.08s
[279.034s][info][gc,start       ] GC(746) Pause Young (Allocation Failure)
[279.034s][info][gc,task        ] GC(746) Using 6 workers of 6 for evacuation
[279.113s][info][gc,heap        ] GC(746) ParNew: 460096K->51072K(460096K)
[279.113s][info][gc,heap        ] GC(746) CMS: 277484K->312786K(7877440K)
[279.113s][info][gc,metaspace   ] GC(746) Metaspace: 87112K(93100K)->87112K(93100K) NonClass: 76089K(79136K)->76089K(79136K) Class: 11022K(13964K)->11022K(13964K)
[279.113s][info][gc             ] GC(746) Pause Young (Allocation Failure) 720M->355M(8142M) 79.287ms
[279.113s][info][gc,cpu         ] GC(746) User=0.39s Sys=0.00s Real=0.08s
[279.313s][info][gc,start       ] GC(747) Pause Young (Allocation Failure)
[279.313s][info][gc,task        ] GC(747) Using 6 workers of 6 for evacuation
[279.382s][info][gc,heap        ] GC(747) ParNew: 460096K->36378K(460096K)
[279.382s][info][gc,heap        ] GC(747) CMS: 312786K->351896K(7877440K)
[279.382s][info][gc,metaspace   ] GC(747) Metaspace: 87112K(93100K)->87112K(93100K) NonClass: 76089K(79136K)->76089K(79136K) Class: 11022K(13964K)->11022K(13964K)
[279.382s][info][gc             ] GC(747) Pause Young (Allocation Failure) 754M->379M(8142M) 69.079ms
[279.382s][info][gc,cpu         ] GC(747) User=0.38s Sys=0.00s Real=0.06s
[279.966s][info][gc,start       ] GC(748) Pause Young (Allocation Failure)
[279.966s][info][gc,task        ] GC(748) Using 6 workers of 6 for evacuation
[280.057s][info][gc,heap        ] GC(748) ParNew: 445402K->51072K(460096K)
[280.057s][info][gc,heap        ] GC(748) CMS: 351896K->377696K(7877440K)
[280.057s][info][gc,metaspace   ] GC(748) Metaspace: 87115K(93100K)->87115K(93100K) NonClass: 76092K(79136K)->76092K(79136K) Class: 11022K(13964K)->11022K(13964K)
[280.057s][info][gc             ] GC(748) Pause Young (Allocation Failure) 778M->418M(8142M) 90.955ms
[280.057s][info][gc,cpu         ] GC(748) User=0.53s Sys=0.00s Real=0.09s
[280.185s][info][gc,start       ] GC(749) Pause Young (Allocation Failure)
[280.185s][info][gc,task        ] GC(749) Using 6 workers of 6 for evacuation
[280.294s][info][gc,heap        ] GC(749) ParNew: 460096K->51072K(460096K)
[280.294s][info][gc,heap        ] GC(749) CMS: 377696K->440981K(7877440K)
[280.294s][info][gc,metaspace   ] GC(749) Metaspace: 87115K(93100K)->87115K(93100K) NonClass: 76092K(79136K)->76092K(79136K) Class: 11022K(13964K)->11022K(13964K)
[280.294s][info][gc             ] GC(749) Pause Young (Allocation Failure) 818M->480M(8142M) 109.189ms
[280.294s][info][gc,cpu         ] GC(749) User=0.22s Sys=0.00s Real=0.12s
[280.474s][info][gc,start       ] GC(750) Pause Young (Allocation Failure)
[280.474s][info][gc,task        ] GC(750) Using 6 workers of 6 for evacuation
[280.560s][info][gc,heap        ] GC(750) ParNew: 460096K->51072K(460096K)
[280.560s][info][gc,heap        ] GC(750) CMS: 440981K->503484K(7877440K)
[280.560s][info][gc,metaspace   ] GC(750) Metaspace: 87115K(93100K)->87115K(93100K) NonClass: 76092K(79136K)->76092K(79136K) Class: 11022K(13964K)->11022K(13964K)
[280.560s][info][gc             ] GC(750) Pause Young (Allocation Failure) 879M->541M(8142M) 85.593ms
[280.560s][info][gc,cpu         ] GC(750) User=0.31s Sys=0.00s Real=0.08s
[280.747s][info][gc,start       ] GC(751) Pause Young (Allocation Failure)
[280.748s][info][gc,task        ] GC(751) Using 6 workers of 6 for evacuation
[280.820s][info][gc,heap        ] GC(751) ParNew: 460096K->42800K(460096K)
[280.820s][info][gc,heap        ] GC(751) CMS: 503484K->538940K(7877440K)
[280.820s][info][gc,metaspace   ] GC(751) Metaspace: 87115K(93100K)->87115K(93100K) NonClass: 76092K(79136K)->76092K(79136K) Class: 11022K(13964K)->11022K(13964K)
[280.820s][info][gc             ] GC(751) Pause Young (Allocation Failure) 940M->568M(8142M) 72.499ms
[280.820s][info][gc,cpu         ] GC(751) User=0.39s Sys=0.00s Real=0.08s
[281.269s][info][gc,start       ] GC(752) Pause Young (Allocation Failure)
[281.269s][info][gc,task        ] GC(752) Using 6 workers of 6 for evacuation
[281.343s][info][gc,heap        ] GC(752) ParNew: 451824K->33189K(460096K)
[281.343s][info][gc,heap        ] GC(752) CMS: 538940K->565339K(7877440K)
[281.343s][info][gc,metaspace   ] GC(752) Metaspace: 87119K(93100K)->87119K(93100K) NonClass: 76096K(79136K)->76096K(79136K) Class: 11022K(13964K)->11022K(13964K)
[281.343s][info][gc             ] GC(752) Pause Young (Allocation Failure) 967M->584M(8142M) 74.556ms
[281.343s][info][gc,cpu         ] GC(752) User=0.53s Sys=0.02s Real=0.08s
[281.675s][info][gc,start       ] GC(753) Pause Young (Allocation Failure)
[281.675s][info][gc,task        ] GC(753) Using 6 workers of 6 for evacuation
[281.732s][info][gc,heap        ] GC(753) ParNew: 442213K->51072K(460096K)
[281.732s][info][gc,heap        ] GC(753) CMS: 565339K->572048K(7877440K)
[281.732s][info][gc,metaspace   ] GC(753) Metaspace: 87127K(93100K)->87127K(93100K) NonClass: 76105K(79136K)->76105K(79136K) Class: 11022K(13964K)->11022K(13964K)
[281.732s][info][gc             ] GC(753) Pause Young (Allocation Failure) 983M->608M(8142M) 57.654ms
[281.733s][info][gc,cpu         ] GC(753) User=0.30s Sys=0.00s Real=0.06s
[282.043s][info][gc,start       ] GC(754) Pause Young (Allocation Failure)
[282.043s][info][gc,task        ] GC(754) Using 6 workers of 6 for evacuation
[282.114s][info][gc,heap        ] GC(754) ParNew: 460096K->51072K(460096K)
[282.114s][info][gc,heap        ] GC(754) CMS: 572048K->599170K(7877440K)
[282.114s][info][gc,metaspace   ] GC(754) Metaspace: 87127K(93100K)->87127K(93100K) NonClass: 76105K(79136K)->76105K(79136K) Class: 11022K(13964K)->11022K(13964K)
[282.114s][info][gc             ] GC(754) Pause Young (Allocation Failure) 1007M->635M(8142M) 71.335ms
[282.114s][info][gc,cpu         ] GC(754) User=0.14s Sys=0.00s Real=0.06s
[282.345s][info][gc,start       ] GC(755) Pause Young (Allocation Failure)
[282.345s][info][gc,task        ] GC(755) Using 6 workers of 6 for evacuation
[282.393s][info][gc,heap        ] GC(755) ParNew: 460096K->51072K(460096K)
[282.393s][info][gc,heap        ] GC(755) CMS: 599170K->603333K(7877440K)
[282.393s][info][gc,metaspace   ] GC(755) Metaspace: 87129K(93100K)->87129K(93100K) NonClass: 76106K(79136K)->76106K(79136K) Class: 11022K(13964K)->11022K(13964K)
[282.393s][info][gc             ] GC(755) Pause Young (Allocation Failure) 1034M->639M(8142M) 48.632ms
[282.393s][info][gc,cpu         ] GC(755) User=0.09s Sys=0.00s Real=0.05s
[282.776s][info][gc,start       ] GC(756) Pause Young (Allocation Failure)
[282.777s][info][gc,task        ] GC(756) Using 6 workers of 6 for evacuation
[282.820s][info][gc,heap        ] GC(756) ParNew: 460096K->51072K(460096K)
[282.820s][info][gc,heap        ] GC(756) CMS: 603333K->620447K(7877440K)
[282.820s][info][gc,metaspace   ] GC(756) Metaspace: 87131K(93100K)->87131K(93100K) NonClass: 76108K(79136K)->76108K(79136K) Class: 11022K(13964K)->11022K(13964K)
[282.820s][info][gc             ] GC(756) Pause Young (Allocation Failure) 1038M->655M(8142M) 43.639ms
[282.820s][info][gc,cpu         ] GC(756) User=0.11s Sys=0.00s Real=0.05s
[283.012s][info][gc,start       ] GC(757) Pause Young (Allocation Failure)
[283.012s][info][gc,task        ] GC(757) Using 6 workers of 6 for evacuation
[283.061s][info][gc,heap        ] GC(757) ParNew: 460096K->51072K(460096K)
[283.061s][info][gc,heap        ] GC(757) CMS: 620447K->638727K(7877440K)
[283.061s][info][gc,metaspace   ] GC(757) Metaspace: 87150K(93100K)->87150K(93100K) NonClass: 76127K(79136K)->76127K(79136K) Class: 11022K(13964K)->11022K(13964K)
[283.061s][info][gc             ] GC(757) Pause Young (Allocation Failure) 1055M->673M(8142M) 49.030ms
[283.061s][info][gc,cpu         ] GC(757) User=0.25s Sys=0.00s Real=0.05s
[283.205s][info][gc,start       ] GC(758) Pause Full (System.gc())
[283.208s][info][gc,phases,start] GC(758) Phase 1: Mark live objects
[283.329s][info][gc,phases      ] GC(758) Phase 1: Mark live objects 121.027ms
[283.329s][info][gc,phases,start] GC(758) Phase 2: Compute new object addresses
[283.549s][info][gc,phases      ] GC(758) Phase 2: Compute new object addresses 220.088ms
[283.549s][info][gc,phases,start] GC(758) Phase 3: Adjust pointers
[283.628s][info][gc,phases      ] GC(758) Phase 3: Adjust pointers 78.382ms
[283.628s][info][gc,phases,start] GC(758) Phase 4: Move objects
[283.629s][info][gc,phases      ] GC(758) Phase 4: Move objects 1.561ms
[283.635s][info][gc,heap        ] GC(758) ParNew: 454494K->0K(460096K)
[283.635s][info][gc,heap        ] GC(758) CMS: 638727K->168308K(7877440K)
[283.635s][info][gc,metaspace   ] GC(758) Metaspace: 87150K(93100K)->87150K(93100K) NonClass: 76127K(79136K)->76127K(79136K) Class: 11022K(13964K)->11022K(13964K)
[283.636s][info][gc             ] GC(758) Pause Full (System.gc()) 1067M->164M(8142M) 430.550ms
[283.636s][info][gc,cpu         ] GC(758) User=0.39s Sys=0.00s Real=0.42s
[283.783s][info][gc,start       ] GC(759) Pause Young (Allocation Failure)
[283.783s][info][gc,task        ] GC(759) Using 6 workers of 6 for evacuation
[283.877s][info][gc,heap        ] GC(759) ParNew: 409024K->51072K(460096K)
[283.877s][info][gc,heap        ] GC(759) CMS: 168308K->227549K(7877440K)
[283.877s][info][gc,metaspace   ] GC(759) Metaspace: 87153K(93100K)->87153K(93100K) NonClass: 76131K(79136K)->76131K(79136K) Class: 11022K(13964K)->11022K(13964K)
[283.878s][info][gc             ] GC(759) Pause Young (Allocation Failure) 563M->272M(8142M) 94.577ms
[283.878s][info][gc,cpu         ] GC(759) User=0.12s Sys=0.00s Real=0.09s
[284.053s][info][gc,start       ] GC(760) Pause Young (Allocation Failure)
[284.053s][info][gc,task        ] GC(760) Using 6 workers of 6 for evacuation
[284.127s][info][gc,heap        ] GC(760) ParNew: 460096K->51072K(460096K)
[284.127s][info][gc,heap        ] GC(760) CMS: 227549K->275429K(7877440K)
[284.127s][info][gc,metaspace   ] GC(760) Metaspace: 87153K(93100K)->87153K(93100K) NonClass: 76131K(79136K)->76131K(79136K) Class: 11022K(13964K)->11022K(13964K)
[284.127s][info][gc             ] GC(760) Pause Young (Allocation Failure) 671M->318M(8142M) 74.335ms
[284.127s][info][gc,cpu         ] GC(760) User=0.27s Sys=0.00s Real=0.06s
[284.314s][info][gc,start       ] GC(761) Pause Young (Allocation Failure)
[284.314s][info][gc,task        ] GC(761) Using 6 workers of 6 for evacuation
[284.393s][info][gc,heap        ] GC(761) ParNew: 460096K->51072K(460096K)
[284.393s][info][gc,heap        ] GC(761) CMS: 275429K->319345K(7877440K)
[284.393s][info][gc,metaspace   ] GC(761) Metaspace: 87153K(93100K)->87153K(93100K) NonClass: 76131K(79136K)->76131K(79136K) Class: 11022K(13964K)->11022K(13964K)
[284.393s][info][gc             ] GC(761) Pause Young (Allocation Failure) 718M->361M(8142M) 79.350ms
[284.393s][info][gc,cpu         ] GC(761) User=0.42s Sys=0.00s Real=0.08s
[284.589s][info][gc,start       ] GC(762) Pause Young (Allocation Failure)
[284.589s][info][gc,task        ] GC(762) Using 6 workers of 6 for evacuation
[284.657s][info][gc,heap        ] GC(762) ParNew: 460096K->30043K(460096K)
[284.657s][info][gc,heap        ] GC(762) CMS: 319345K->352742K(7877440K)
[284.657s][info][gc,metaspace   ] GC(762) Metaspace: 87153K(93100K)->87153K(93100K) NonClass: 76131K(79136K)->76131K(79136K) Class: 11022K(13964K)->11022K(13964K)
[284.657s][info][gc             ] GC(762) Pause Young (Allocation Failure) 761M->373M(8142M) 68.235ms
[284.657s][info][gc,cpu         ] GC(762) User=0.38s Sys=0.00s Real=0.06s
[285.242s][info][gc,start       ] GC(763) Pause Young (Allocation Failure)
[285.242s][info][gc,task        ] GC(763) Using 6 workers of 6 for evacuation
[285.331s][info][gc,heap        ] GC(763) ParNew: 439067K->51072K(460096K)
[285.331s][info][gc,heap        ] GC(763) CMS: 352742K->377505K(7877440K)
[285.331s][info][gc,metaspace   ] GC(763) Metaspace: 87156K(93100K)->87156K(93100K) NonClass: 76133K(79136K)->76133K(79136K) Class: 11022K(13964K)->11022K(13964K)
[285.331s][info][gc             ] GC(763) Pause Young (Allocation Failure) 773M->418M(8142M) 89.540ms
[285.331s][info][gc,cpu         ] GC(763) User=0.55s Sys=0.00s Real=0.09s
[285.458s][info][gc,start       ] GC(764) Pause Young (Allocation Failure)
[285.458s][info][gc,task        ] GC(764) Using 6 workers of 6 for evacuation
[285.567s][info][gc,heap        ] GC(764) ParNew: 460096K->51072K(460096K)
[285.567s][info][gc,heap        ] GC(764) CMS: 377505K->440412K(7877440K)
[285.567s][info][gc,metaspace   ] GC(764) Metaspace: 87156K(93100K)->87156K(93100K) NonClass: 76133K(79136K)->76133K(79136K) Class: 11022K(13964K)->11022K(13964K)
[285.567s][info][gc             ] GC(764) Pause Young (Allocation Failure) 817M->479M(8142M) 108.465ms
[285.567s][info][gc,cpu         ] GC(764) User=0.23s Sys=0.00s Real=0.11s
[285.752s][info][gc,start       ] GC(765) Pause Young (Allocation Failure)
[285.752s][info][gc,task        ] GC(765) Using 6 workers of 6 for evacuation
[285.840s][info][gc,heap        ] GC(765) ParNew: 460096K->51072K(460096K)
[285.840s][info][gc,heap        ] GC(765) CMS: 440412K->500366K(7877440K)
[285.840s][info][gc,metaspace   ] GC(765) Metaspace: 87156K(93100K)->87156K(93100K) NonClass: 76133K(79136K)->76133K(79136K) Class: 11022K(13964K)->11022K(13964K)
[285.840s][info][gc             ] GC(765) Pause Young (Allocation Failure) 879M->538M(8142M) 87.291ms
[285.840s][info][gc,cpu         ] GC(765) User=0.47s Sys=0.00s Real=0.08s
[286.022s][info][gc,start       ] GC(766) Pause Young (Allocation Failure)
[286.022s][info][gc,task        ] GC(766) Using 6 workers of 6 for evacuation
[286.097s][info][gc,heap        ] GC(766) ParNew: 460096K->43134K(460096K)
[286.097s][info][gc,heap        ] GC(766) CMS: 500366K->540056K(7877440K)
[286.097s][info][gc,metaspace   ] GC(766) Metaspace: 87156K(93100K)->87156K(93100K) NonClass: 76133K(79136K)->76133K(79136K) Class: 11022K(13964K)->11022K(13964K)
[286.097s][info][gc             ] GC(766) Pause Young (Allocation Failure) 937M->569M(8142M) 75.671ms
[286.097s][info][gc,cpu         ] GC(766) User=0.39s Sys=0.00s Real=0.08s
[286.546s][info][gc,start       ] GC(767) Pause Young (Allocation Failure)
[286.546s][info][gc,task        ] GC(767) Using 6 workers of 6 for evacuation
[286.620s][info][gc,heap        ] GC(767) ParNew: 452158K->33379K(460096K)
[286.620s][info][gc,heap        ] GC(767) CMS: 540056K->566635K(7877440K)
[286.620s][info][gc,metaspace   ] GC(767) Metaspace: 87156K(93100K)->87156K(93100K) NonClass: 76133K(79136K)->76133K(79136K) Class: 11022K(13964K)->11022K(13964K)
[286.620s][info][gc             ] GC(767) Pause Young (Allocation Failure) 968M->585M(8142M) 73.363ms
[286.620s][info][gc,cpu         ] GC(767) User=0.36s Sys=0.00s Real=0.08s
[286.954s][info][gc,start       ] GC(768) Pause Young (Allocation Failure)
[286.954s][info][gc,task        ] GC(768) Using 6 workers of 6 for evacuation
[287.010s][info][gc,heap        ] GC(768) ParNew: 442403K->51072K(460096K)
[287.010s][info][gc,heap        ] GC(768) CMS: 566635K->572797K(7877440K)
[287.010s][info][gc,metaspace   ] GC(768) Metaspace: 87157K(93100K)->87157K(93100K) NonClass: 76134K(79136K)->76134K(79136K) Class: 11022K(13964K)->11022K(13964K)
[287.010s][info][gc             ] GC(768) Pause Young (Allocation Failure) 985M->609M(8142M) 56.804ms
[287.010s][info][gc,cpu         ] GC(768) User=0.30s Sys=0.02s Real=0.07s
[287.326s][info][gc,start       ] GC(769) Pause Young (Allocation Failure)
[287.326s][info][gc,task        ] GC(769) Using 6 workers of 6 for evacuation
[287.397s][info][gc,heap        ] GC(769) ParNew: 460096K->51072K(460096K)
[287.397s][info][gc,heap        ] GC(769) CMS: 572797K->599612K(7877440K)
[287.397s][info][gc,metaspace   ] GC(769) Metaspace: 87157K(93100K)->87157K(93100K) NonClass: 76135K(79136K)->76135K(79136K) Class: 11022K(13964K)->11022K(13964K)
[287.397s][info][gc             ] GC(769) Pause Young (Allocation Failure) 1008M->635M(8142M) 70.754ms
[287.397s][info][gc,cpu         ] GC(769) User=0.22s Sys=0.00s Real=0.08s
[287.629s][info][gc,start       ] GC(770) Pause Young (Allocation Failure)
[287.629s][info][gc,task        ] GC(770) Using 6 workers of 6 for evacuation
[287.677s][info][gc,heap        ] GC(770) ParNew: 460096K->51072K(460096K)
[287.677s][info][gc,heap        ] GC(770) CMS: 599612K->603325K(7877440K)
[287.677s][info][gc,metaspace   ] GC(770) Metaspace: 87159K(93100K)->87159K(93100K) NonClass: 76136K(79136K)->76136K(79136K) Class: 11022K(13964K)->11022K(13964K)
[287.677s][info][gc             ] GC(770) Pause Young (Allocation Failure) 1034M->639M(8142M) 47.836ms
[287.677s][info][gc,cpu         ] GC(770) User=0.09s Sys=0.00s Real=0.05s
[288.053s][info][gc,start       ] GC(771) Pause Young (Allocation Failure)
[288.053s][info][gc,task        ] GC(771) Using 6 workers of 6 for evacuation
[288.095s][info][gc,heap        ] GC(771) ParNew: 460096K->51072K(460096K)
[288.095s][info][gc,heap        ] GC(771) CMS: 603325K->613264K(7877440K)
[288.095s][info][gc,metaspace   ] GC(771) Metaspace: 87159K(93100K)->87159K(93100K) NonClass: 76137K(79136K)->76137K(79136K) Class: 11022K(13964K)->11022K(13964K)
[288.095s][info][gc             ] GC(771) Pause Young (Allocation Failure) 1038M->648M(8142M) 41.275ms
[288.095s][info][gc,cpu         ] GC(771) User=0.06s Sys=0.00s Real=0.03s
[288.250s][info][gc,start       ] GC(772) Pause Young (Allocation Failure)
[288.250s][info][gc,task        ] GC(772) Using 6 workers of 6 for evacuation
[288.303s][info][gc,heap        ] GC(772) ParNew: 460096K->51072K(460096K)
[288.303s][info][gc,heap        ] GC(772) CMS: 613264K->629903K(7877440K)
[288.303s][info][gc,metaspace   ] GC(772) Metaspace: 87159K(93100K)->87159K(93100K) NonClass: 76137K(79136K)->76137K(79136K) Class: 11022K(13964K)->11022K(13964K)
[288.303s][info][gc             ] GC(772) Pause Young (Allocation Failure) 1048M->665M(8142M) 53.166ms
[288.303s][info][gc,cpu         ] GC(772) User=0.23s Sys=0.00s Real=0.05s
[288.450s][info][gc,start       ] GC(773) Pause Young (Allocation Failure)
[288.450s][info][gc,task        ] GC(773) Using 6 workers of 6 for evacuation
[288.659s][info][gc,heap        ] GC(773) ParNew: 460096K->51072K(460096K)
[288.659s][info][gc,heap        ] GC(773) CMS: 629903K->689036K(7877440K)
[288.659s][info][gc,metaspace   ] GC(773) Metaspace: 87159K(93100K)->87159K(93100K) NonClass: 76137K(79136K)->76137K(79136K) Class: 11022K(13964K)->11022K(13964K)
[288.659s][info][gc             ] GC(773) Pause Young (Allocation Failure) 1064M->722M(8142M) 209.786ms
[288.659s][info][gc,cpu         ] GC(773) User=1.12s Sys=0.00s Real=0.20s
[288.664s][info][gc,start       ] GC(774) Pause Full (System.gc())
[288.666s][info][gc,phases,start] GC(774) Phase 1: Mark live objects
[288.790s][info][gc,phases      ] GC(774) Phase 1: Mark live objects 123.880ms
[288.790s][info][gc,phases,start] GC(774) Phase 2: Compute new object addresses
[288.968s][info][gc,phases      ] GC(774) Phase 2: Compute new object addresses 177.733ms
[288.968s][info][gc,phases,start] GC(774) Phase 3: Adjust pointers
[289.046s][info][gc,phases      ] GC(774) Phase 3: Adjust pointers 77.990ms
[289.046s][info][gc,phases,start] GC(774) Phase 4: Move objects
[289.047s][info][gc,phases      ] GC(774) Phase 4: Move objects 1.302ms
[289.053s][info][gc,heap        ] GC(774) ParNew: 59631K->0K(460096K)
[289.053s][info][gc,heap        ] GC(774) CMS: 689036K->168368K(7877440K)
[289.053s][info][gc,metaspace   ] GC(774) Metaspace: 87159K(93100K)->87159K(93100K) NonClass: 76137K(79136K)->76137K(79136K) Class: 11022K(13964K)->11022K(13964K)
[289.054s][info][gc             ] GC(774) Pause Full (System.gc()) 731M->164M(8142M) 389.944ms
[289.054s][info][gc,cpu         ] GC(774) User=0.36s Sys=0.00s Real=0.39s
[289.203s][info][gc,start       ] GC(775) Pause Young (Allocation Failure)
[289.203s][info][gc,task        ] GC(775) Using 6 workers of 6 for evacuation
[289.298s][info][gc,heap        ] GC(775) ParNew: 409024K->51072K(460096K)
[289.298s][info][gc,heap        ] GC(775) CMS: 168368K->228315K(7877440K)
[289.298s][info][gc,metaspace   ] GC(775) Metaspace: 87160K(93100K)->87160K(93100K) NonClass: 76137K(79136K)->76137K(79136K) Class: 11022K(13964K)->11022K(13964K)
[289.298s][info][gc             ] GC(775) Pause Young (Allocation Failure) 563M->272M(8142M) 94.911ms
[289.298s][info][gc,cpu         ] GC(775) User=0.19s Sys=0.00s Real=0.09s
[289.474s][info][gc,start       ] GC(776) Pause Young (Allocation Failure)
[289.474s][info][gc,task        ] GC(776) Using 6 workers of 6 for evacuation
[289.550s][info][gc,heap        ] GC(776) ParNew: 460096K->51072K(460096K)
[289.550s][info][gc,heap        ] GC(776) CMS: 228315K->282352K(7877440K)
[289.550s][info][gc,metaspace   ] GC(776) Metaspace: 87160K(93100K)->87160K(93100K) NonClass: 76137K(79136K)->76137K(79136K) Class: 11022K(13964K)->11022K(13964K)
[289.550s][info][gc             ] GC(776) Pause Young (Allocation Failure) 672M->325M(8142M) 76.288ms
[289.550s][info][gc,cpu         ] GC(776) User=0.36s Sys=0.00s Real=0.08s
[289.734s][info][gc,start       ] GC(777) Pause Young (Allocation Failure)
[289.734s][info][gc,task        ] GC(777) Using 6 workers of 6 for evacuation
[289.810s][info][gc,heap        ] GC(777) ParNew: 460096K->51072K(460096K)
[289.810s][info][gc,heap        ] GC(777) CMS: 282352K->320756K(7877440K)
[289.810s][info][gc,metaspace   ] GC(777) Metaspace: 87160K(93100K)->87160K(93100K) NonClass: 76137K(79136K)->76137K(79136K) Class: 11022K(13964K)->11022K(13964K)
[289.811s][info][gc             ] GC(777) Pause Young (Allocation Failure) 725M->363M(8142M) 76.106ms
[289.811s][info][gc,cpu         ] GC(777) User=0.38s Sys=0.00s Real=0.06s
[290.005s][info][gc,start       ] GC(778) Pause Young (Allocation Failure)
[290.005s][info][gc,task        ] GC(778) Using 6 workers of 6 for evacuation
[290.077s][info][gc,heap        ] GC(778) ParNew: 460096K->35797K(460096K)
[290.077s][info][gc,heap        ] GC(778) CMS: 320756K->353983K(7877440K)
[290.077s][info][gc,metaspace   ] GC(778) Metaspace: 87160K(93100K)->87160K(93100K) NonClass: 76137K(79136K)->76137K(79136K) Class: 11022K(13964K)->11022K(13964K)
[290.077s][info][gc             ] GC(778) Pause Young (Allocation Failure) 762M->380M(8142M) 71.964ms
[290.077s][info][gc,cpu         ] GC(778) User=0.38s Sys=0.00s Real=0.06s
[290.662s][info][gc,start       ] GC(779) Pause Young (Allocation Failure)
[290.662s][info][gc,task        ] GC(779) Using 6 workers of 6 for evacuation
[290.751s][info][gc,heap        ] GC(779) ParNew: 444821K->51072K(460096K)
[290.751s][info][gc,heap        ] GC(779) CMS: 353983K->379507K(7877440K)
[290.751s][info][gc,metaspace   ] GC(779) Metaspace: 87161K(93100K)->87161K(93100K) NonClass: 76138K(79136K)->76138K(79136K) Class: 11022K(13964K)->11022K(13964K)
[290.751s][info][gc             ] GC(779) Pause Young (Allocation Failure) 780M->420M(8142M) 89.038ms
[290.751s][info][gc,cpu         ] GC(779) User=0.45s Sys=0.00s Real=0.08s
[290.877s][info][gc,start       ] GC(780) Pause Young (Allocation Failure)
[290.877s][info][gc,task        ] GC(780) Using 6 workers of 6 for evacuation
[290.982s][info][gc,heap        ] GC(780) ParNew: 460096K->51072K(460096K)
[290.983s][info][gc,heap        ] GC(780) CMS: 379507K->443362K(7877440K)
[290.983s][info][gc,metaspace   ] GC(780) Metaspace: 87161K(93100K)->87161K(93100K) NonClass: 76138K(79136K)->76138K(79136K) Class: 11022K(13964K)->11022K(13964K)
[290.983s][info][gc             ] GC(780) Pause Young (Allocation Failure) 819M->482M(8142M) 105.774ms
[290.983s][info][gc,cpu         ] GC(780) User=0.30s Sys=0.00s Real=0.12s
[291.169s][info][gc,start       ] GC(781) Pause Young (Allocation Failure)
[291.169s][info][gc,task        ] GC(781) Using 6 workers of 6 for evacuation
[291.255s][info][gc,heap        ] GC(781) ParNew: 460096K->51072K(460096K)
[291.255s][info][gc,heap        ] GC(781) CMS: 443362K->501147K(7877440K)
[291.255s][info][gc,metaspace   ] GC(781) Metaspace: 87161K(93100K)->87161K(93100K) NonClass: 76138K(79136K)->76138K(79136K) Class: 11022K(13964K)->11022K(13964K)
[291.255s][info][gc             ] GC(781) Pause Young (Allocation Failure) 882M->539M(8142M) 85.516ms
[291.255s][info][gc,cpu         ] GC(781) User=0.45s Sys=0.00s Real=0.08s
[291.440s][info][gc,start       ] GC(782) Pause Young (Allocation Failure)
[291.440s][info][gc,task        ] GC(782) Using 6 workers of 6 for evacuation
[291.513s][info][gc,heap        ] GC(782) ParNew: 460096K->48213K(460096K)
[291.513s][info][gc,heap        ] GC(782) CMS: 501147K->543583K(7877440K)
[291.513s][info][gc,metaspace   ] GC(782) Metaspace: 87161K(93100K)->87161K(93100K) NonClass: 76138K(79136K)->76138K(79136K) Class: 11022K(13964K)->11022K(13964K)
[291.513s][info][gc             ] GC(782) Pause Young (Allocation Failure) 938M->577M(8142M) 73.388ms
[291.513s][info][gc,cpu         ] GC(782) User=0.39s Sys=0.00s Real=0.08s
[291.970s][info][gc,start       ] GC(783) Pause Young (Allocation Failure)
[291.971s][info][gc,task        ] GC(783) Using 6 workers of 6 for evacuation
[292.046s][info][gc,heap        ] GC(783) ParNew: 457237K->34690K(460096K)
[292.046s][info][gc,heap        ] GC(783) CMS: 543583K->570199K(7877440K)
[292.046s][info][gc,metaspace   ] GC(783) Metaspace: 87161K(93100K)->87161K(93100K) NonClass: 76138K(79136K)->76138K(79136K) Class: 11022K(13964K)->11022K(13964K)
[292.046s][info][gc             ] GC(783) Pause Young (Allocation Failure) 977M->590M(8142M) 75.666ms
[292.046s][info][gc,cpu         ] GC(783) User=0.39s Sys=0.00s Real=0.08s
[292.378s][info][gc,start       ] GC(784) Pause Young (Allocation Failure)
[292.378s][info][gc,task        ] GC(784) Using 6 workers of 6 for evacuation
[292.436s][info][gc,heap        ] GC(784) ParNew: 443714K->51072K(460096K)
[292.436s][info][gc,heap        ] GC(784) CMS: 570199K->576048K(7877440K)
[292.436s][info][gc,metaspace   ] GC(784) Metaspace: 87161K(93100K)->87161K(93100K) NonClass: 76138K(79136K)->76138K(79136K) Class: 11022K(13964K)->11022K(13964K)
[292.436s][info][gc             ] GC(784) Pause Young (Allocation Failure) 990M->612M(8142M) 57.843ms
[292.436s][info][gc,cpu         ] GC(784) User=0.30s Sys=0.00s Real=0.06s
[292.746s][info][gc,start       ] GC(785) Pause Young (Allocation Failure)
[292.746s][info][gc,task        ] GC(785) Using 6 workers of 6 for evacuation
[292.816s][info][gc,heap        ] GC(785) ParNew: 460096K->45629K(460096K)
[292.816s][info][gc,heap        ] GC(785) CMS: 576048K->603005K(7877440K)
[292.816s][info][gc,metaspace   ] GC(785) Metaspace: 87161K(93100K)->87161K(93100K) NonClass: 76138K(79136K)->76138K(79136K) Class: 11022K(13964K)->11022K(13964K)
[292.816s][info][gc             ] GC(785) Pause Young (Allocation Failure) 1011M->633M(8142M) 70.345ms
[292.816s][info][gc,cpu         ] GC(785) User=0.33s Sys=0.00s Real=0.08s
[293.048s][info][gc,start       ] GC(786) Pause Young (Allocation Failure)
[293.048s][info][gc,task        ] GC(786) Using 6 workers of 6 for evacuation
[293.096s][info][gc,heap        ] GC(786) ParNew: 454653K->51072K(460096K)
[293.096s][info][gc,heap        ] GC(786) CMS: 603005K->607135K(7877440K)
[293.096s][info][gc,metaspace   ] GC(786) Metaspace: 87161K(93100K)->87161K(93100K) NonClass: 76138K(79136K)->76138K(79136K) Class: 11022K(13964K)->11022K(13964K)
[293.096s][info][gc             ] GC(786) Pause Young (Allocation Failure) 1032M->642M(8142M) 47.986ms
[293.096s][info][gc,cpu         ] GC(786) User=0.11s Sys=0.02s Real=0.05s
[293.475s][info][gc,start       ] GC(787) Pause Young (Allocation Failure)
[293.475s][info][gc,task        ] GC(787) Using 6 workers of 6 for evacuation
[293.500s][info][gc,heap        ] GC(787) ParNew: 459585K->51072K(460096K)
[293.500s][info][gc,heap        ] GC(787) CMS: 607135K->607393K(7877440K)
[293.500s][info][gc,metaspace   ] GC(787) Metaspace: 87161K(93100K)->87161K(93100K) NonClass: 76139K(79136K)->76139K(79136K) Class: 11022K(13964K)->11022K(13964K)
[293.500s][info][gc             ] GC(787) Pause Young (Allocation Failure) 1041M->643M(8142M) 24.402ms
[293.500s][info][gc,cpu         ] GC(787) User=0.02s Sys=0.00s Real=0.02s
[293.651s][info][gc,start       ] GC(788) Pause Young (Allocation Failure)
[293.651s][info][gc,task        ] GC(788) Using 6 workers of 6 for evacuation
[293.707s][info][gc,heap        ] GC(788) ParNew: 460096K->51072K(460096K)
[293.707s][info][gc,heap        ] GC(788) CMS: 607393K->624427K(7877440K)
[293.707s][info][gc,metaspace   ] GC(788) Metaspace: 87161K(93100K)->87161K(93100K) NonClass: 76139K(79136K)->76139K(79136K) Class: 11022K(13964K)->11022K(13964K)
[293.707s][info][gc             ] GC(788) Pause Young (Allocation Failure) 1042M->659M(8142M) 56.019ms
[293.707s][info][gc,cpu         ] GC(788) User=0.28s Sys=0.00s Real=0.06s
[293.851s][info][gc,start       ] GC(789) Pause Young (Allocation Failure)
[293.851s][info][gc,task        ] GC(789) Using 6 workers of 6 for evacuation
[294.042s][info][gc,heap        ] GC(789) ParNew: 460096K->51072K(460096K)
[294.042s][info][gc,heap        ] GC(789) CMS: 624427K->691179K(7877440K)
[294.042s][info][gc,metaspace   ] GC(789) Metaspace: 87161K(93100K)->87161K(93100K) NonClass: 76139K(79136K)->76139K(79136K) Class: 11022K(13964K)->11022K(13964K)
[294.042s][info][gc             ] GC(789) Pause Young (Allocation Failure) 1059M->724M(8142M) 190.723ms
[294.042s][info][gc,cpu         ] GC(789) User=1.03s Sys=0.00s Real=0.19s
[294.046s][info][gc,start       ] GC(790) Pause Full (System.gc())
[294.048s][info][gc,phases,start] GC(790) Phase 1: Mark live objects
[294.171s][info][gc,phases      ] GC(790) Phase 1: Mark live objects 123.057ms
[294.171s][info][gc,phases,start] GC(790) Phase 2: Compute new object addresses
[294.349s][info][gc,phases      ] GC(790) Phase 2: Compute new object addresses 177.346ms
[294.349s][info][gc,phases,start] GC(790) Phase 3: Adjust pointers
[294.427s][info][gc,phases      ] GC(790) Phase 3: Adjust pointers 78.214ms
[294.427s][info][gc,phases,start] GC(790) Phase 4: Move objects
[294.429s][info][gc,phases      ] GC(790) Phase 4: Move objects 1.567ms
[294.435s][info][gc,heap        ] GC(790) ParNew: 59611K->0K(460096K)
[294.435s][info][gc,heap        ] GC(790) CMS: 691179K->168427K(7877440K)
[294.435s][info][gc,metaspace   ] GC(790) Metaspace: 87161K(93100K)->87161K(93100K) NonClass: 76139K(79136K)->76139K(79136K) Class: 11022K(13964K)->11022K(13964K)
[294.435s][info][gc             ] GC(790) Pause Full (System.gc()) 733M->164M(8142M) 389.228ms
[294.435s][info][gc,cpu         ] GC(790) User=0.38s Sys=0.00s Real=0.39s
[294.582s][info][gc,start       ] GC(791) Pause Young (Allocation Failure)
[294.582s][info][gc,task        ] GC(791) Using 6 workers of 6 for evacuation
[294.677s][info][gc,heap        ] GC(791) ParNew: 409024K->51072K(460096K)
[294.677s][info][gc,heap        ] GC(791) CMS: 168427K->227963K(7877440K)
[294.677s][info][gc,metaspace   ] GC(791) Metaspace: 87162K(93100K)->87162K(93100K) NonClass: 76139K(79136K)->76139K(79136K) Class: 11022K(13964K)->11022K(13964K)
[294.677s][info][gc             ] GC(791) Pause Young (Allocation Failure) 563M->272M(8142M) 95.075ms
[294.677s][info][gc,cpu         ] GC(791) User=0.12s Sys=0.00s Real=0.09s
[294.851s][info][gc,start       ] GC(792) Pause Young (Allocation Failure)
[294.851s][info][gc,task        ] GC(792) Using 6 workers of 6 for evacuation
[294.929s][info][gc,heap        ] GC(792) ParNew: 460096K->51072K(460096K)
[294.929s][info][gc,heap        ] GC(792) CMS: 227963K->285418K(7877440K)
[294.929s][info][gc,metaspace   ] GC(792) Metaspace: 87162K(93100K)->87162K(93100K) NonClass: 76139K(79136K)->76139K(79136K) Class: 11022K(13964K)->11022K(13964K)
[294.929s][info][gc             ] GC(792) Pause Young (Allocation Failure) 671M->328M(8142M) 78.539ms
[294.929s][info][gc,cpu         ] GC(792) User=0.39s Sys=0.00s Real=0.09s
[295.119s][info][gc,start       ] GC(793) Pause Young (Allocation Failure)
[295.119s][info][gc,task        ] GC(793) Using 6 workers of 6 for evacuation
[295.197s][info][gc,heap        ] GC(793) ParNew: 460096K->51072K(460096K)
[295.197s][info][gc,heap        ] GC(793) CMS: 285418K->320724K(7877440K)
[295.197s][info][gc,metaspace   ] GC(793) Metaspace: 87162K(93100K)->87162K(93100K) NonClass: 76139K(79136K)->76139K(79136K) Class: 11022K(13964K)->11022K(13964K)
[295.197s][info][gc             ] GC(793) Pause Young (Allocation Failure) 728M->363M(8142M) 77.590ms
[295.197s][info][gc,cpu         ] GC(793) User=0.38s Sys=0.00s Real=0.06s
[295.394s][info][gc,start       ] GC(794) Pause Young (Allocation Failure)
[295.394s][info][gc,task        ] GC(794) Using 6 workers of 6 for evacuation
[295.466s][info][gc,heap        ] GC(794) ParNew: 460096K->36837K(460096K)
[295.466s][info][gc,heap        ] GC(794) CMS: 320724K->357072K(7877440K)
[295.466s][info][gc,metaspace   ] GC(794) Metaspace: 87162K(93100K)->87162K(93100K) NonClass: 76139K(79136K)->76139K(79136K) Class: 11022K(13964K)->11022K(13964K)
[295.466s][info][gc             ] GC(794) Pause Young (Allocation Failure) 762M->384M(8142M) 72.488ms
[295.466s][info][gc,cpu         ] GC(794) User=0.36s Sys=0.00s Real=0.08s
[296.055s][info][gc,start       ] GC(795) Pause Young (Allocation Failure)
[296.055s][info][gc,task        ] GC(795) Using 6 workers of 6 for evacuation
[296.148s][info][gc,heap        ] GC(795) ParNew: 445861K->51072K(460096K)
[296.148s][info][gc,heap        ] GC(795) CMS: 357072K->382599K(7877440K)
[296.148s][info][gc,metaspace   ] GC(795) Metaspace: 87162K(93100K)->87162K(93100K) NonClass: 76139K(79136K)->76139K(79136K) Class: 11022K(13964K)->11022K(13964K)
[296.148s][info][gc             ] GC(795) Pause Young (Allocation Failure) 784M->423M(8142M) 93.314ms
[296.148s][info][gc,cpu         ] GC(795) User=0.48s Sys=0.00s Real=0.09s
[296.276s][info][gc,start       ] GC(796) Pause Young (Allocation Failure)
[296.276s][info][gc,task        ] GC(796) Using 6 workers of 6 for evacuation
[296.384s][info][gc,heap        ] GC(796) ParNew: 460096K->51072K(460096K)
[296.384s][info][gc,heap        ] GC(796) CMS: 382599K->445750K(7877440K)
[296.384s][info][gc,metaspace   ] GC(796) Metaspace: 87162K(93100K)->87162K(93100K) NonClass: 76139K(79136K)->76139K(79136K) Class: 11022K(13964K)->11022K(13964K)
[296.384s][info][gc             ] GC(796) Pause Young (Allocation Failure) 822M->485M(8142M) 107.919ms
[296.384s][info][gc,cpu         ] GC(796) User=0.38s Sys=0.00s Real=0.11s
[296.560s][info][gc,start       ] GC(797) Pause Young (Allocation Failure)
[296.560s][info][gc,task        ] GC(797) Using 6 workers of 6 for evacuation
[296.640s][info][gc,heap        ] GC(797) ParNew: 460096K->51072K(460096K)
[296.640s][info][gc,heap        ] GC(797) CMS: 445750K->504490K(7877440K)
[296.640s][info][gc,metaspace   ] GC(797) Metaspace: 87162K(93100K)->87162K(93100K) NonClass: 76139K(79136K)->76139K(79136K) Class: 11022K(13964K)->11022K(13964K)
[296.640s][info][gc             ] GC(797) Pause Young (Allocation Failure) 884M->542M(8142M) 80.462ms
[296.640s][info][gc,cpu         ] GC(797) User=0.44s Sys=0.00s Real=0.08s
[296.828s][info][gc,start       ] GC(798) Pause Young (Allocation Failure)
[296.828s][info][gc,task        ] GC(798) Using 6 workers of 6 for evacuation
[296.900s][info][gc,heap        ] GC(798) ParNew: 460096K->51072K(460096K)
[296.900s][info][gc,heap        ] GC(798) CMS: 504490K->542681K(7877440K)
[296.900s][info][gc,metaspace   ] GC(798) Metaspace: 87162K(93100K)->87162K(93100K) NonClass: 76139K(79136K)->76139K(79136K) Class: 11022K(13964K)->11022K(13964K)
[296.900s][info][gc             ] GC(798) Pause Young (Allocation Failure) 941M->579M(8142M) 72.455ms
[296.901s][info][gc,cpu         ] GC(798) User=0.39s Sys=0.00s Real=0.08s
[297.351s][info][gc,start       ] GC(799) Pause Young (Allocation Failure)
[297.351s][info][gc,task        ] GC(799) Using 6 workers of 6 for evacuation
[297.431s][info][gc,heap        ] GC(799) ParNew: 460096K->36508K(460096K)
[297.431s][info][gc,heap        ] GC(799) CMS: 542681K->572999K(7877440K)
[297.431s][info][gc,metaspace   ] GC(799) Metaspace: 87162K(93100K)->87162K(93100K) NonClass: 76139K(79136K)->76139K(79136K) Class: 11022K(13964K)->11022K(13964K)
[297.431s][info][gc             ] GC(799) Pause Young (Allocation Failure) 979M->595M(8142M) 80.160ms
[297.431s][info][gc,cpu         ] GC(799) User=0.42s Sys=0.00s Real=0.08s
[297.777s][info][gc,start       ] GC(800) Pause Young (Allocation Failure)
[297.777s][info][gc,task        ] GC(800) Using 6 workers of 6 for evacuation
[297.839s][info][gc,heap        ] GC(800) ParNew: 445532K->47160K(460096K)
[297.839s][info][gc,heap        ] GC(800) CMS: 572999K->600191K(7877440K)
[297.839s][info][gc,metaspace   ] GC(800) Metaspace: 87167K(93100K)->87167K(93100K) NonClass: 76145K(79136K)->76145K(79136K) Class: 11022K(13964K)->11022K(13964K)
[297.839s][info][gc             ] GC(800) Pause Young (Allocation Failure) 994M->632M(8142M) 61.600ms
[297.839s][info][gc,cpu         ] GC(800) User=0.27s Sys=0.00s Real=0.06s
[298.151s][info][gc,start       ] GC(801) Pause Young (Allocation Failure)
[298.151s][info][gc,task        ] GC(801) Using 6 workers of 6 for evacuation
[298.198s][info][gc,heap        ] GC(801) ParNew: 456184K->46847K(460096K)
[298.198s][info][gc,heap        ] GC(801) CMS: 600191K->600292K(7877440K)
[298.198s][info][gc,metaspace   ] GC(801) Metaspace: 87167K(93100K)->87167K(93100K) NonClass: 76145K(79136K)->76145K(79136K) Class: 11022K(13964K)->11022K(13964K)
[298.198s][info][gc             ] GC(801) Pause Young (Allocation Failure) 1031M->631M(8142M) 47.663ms
[298.198s][info][gc,cpu         ] GC(801) User=0.05s Sys=0.00s Real=0.05s
[298.434s][info][gc,start       ] GC(802) Pause Young (Allocation Failure)
[298.434s][info][gc,task        ] GC(802) Using 6 workers of 6 for evacuation
[298.480s][info][gc,heap        ] GC(802) ParNew: 455871K->51072K(460096K)
[298.480s][info][gc,heap        ] GC(802) CMS: 600292K->602249K(7877440K)
[298.480s][info][gc,metaspace   ] GC(802) Metaspace: 87167K(93100K)->87167K(93100K) NonClass: 76145K(79136K)->76145K(79136K) Class: 11022K(13964K)->11022K(13964K)
[298.480s][info][gc             ] GC(802) Pause Young (Allocation Failure) 1031M->638M(8142M) 46.728ms
[298.480s][info][gc,cpu         ] GC(802) User=0.08s Sys=0.00s Real=0.04s
[298.857s][info][gc,start       ] GC(803) Pause Young (Allocation Failure)
[298.857s][info][gc,task        ] GC(803) Using 6 workers of 6 for evacuation
[298.908s][info][gc,heap        ] GC(803) ParNew: 459608K->51072K(460096K)
[298.908s][info][gc,heap        ] GC(803) CMS: 602249K->623610K(7877440K)
[298.908s][info][gc,metaspace   ] GC(803) Metaspace: 87170K(93100K)->87170K(93100K) NonClass: 76148K(79136K)->76148K(79136K) Class: 11022K(13964K)->11022K(13964K)
[298.908s][info][gc             ] GC(803) Pause Young (Allocation Failure) 1036M->658M(8142M) 51.058ms
[298.908s][info][gc,cpu         ] GC(803) User=0.09s Sys=0.00s Real=0.05s
[299.074s][info][gc,start       ] GC(804) Pause Young (Allocation Failure)
[299.074s][info][gc,task        ] GC(804) Using 6 workers of 6 for evacuation
[299.135s][info][gc,heap        ] GC(804) ParNew: 460096K->51072K(460096K)
[299.135s][info][gc,heap        ] GC(804) CMS: 623610K->640768K(7877440K)
[299.135s][info][gc,metaspace   ] GC(804) Metaspace: 87176K(93100K)->87176K(93100K) NonClass: 76154K(79136K)->76154K(79136K) Class: 11022K(13964K)->11022K(13964K)
[299.135s][info][gc             ] GC(804) Pause Young (Allocation Failure) 1058M->675M(8142M) 61.319ms
[299.136s][info][gc,cpu         ] GC(804) User=0.27s Sys=0.00s Real=0.08s
[299.279s][info][gc,start       ] GC(805) Pause Young (Allocation Failure)
[299.279s][info][gc,task        ] GC(805) Using 6 workers of 6 for evacuation
[299.490s][info][gc,heap        ] GC(805) ParNew: 460096K->51072K(460096K)
[299.490s][info][gc,heap        ] GC(805) CMS: 640768K->698118K(7877440K)
[299.490s][info][gc,metaspace   ] GC(805) Metaspace: 87176K(93100K)->87176K(93100K) NonClass: 76154K(79136K)->76154K(79136K) Class: 11022K(13964K)->11022K(13964K)
[299.490s][info][gc             ] GC(805) Pause Young (Allocation Failure) 1075M->731M(8142M) 210.843ms
[299.490s][info][gc,cpu         ] GC(805) User=1.09s Sys=0.00s Real=0.20s
[299.498s][info][gc,start       ] GC(806) Pause Full (System.gc())
[299.501s][info][gc,phases,start] GC(806) Phase 1: Mark live objects
[299.623s][info][gc,phases      ] GC(806) Phase 1: Mark live objects 122.211ms
[299.623s][info][gc,phases,start] GC(806) Phase 2: Compute new object addresses
[299.802s][info][gc,phases      ] GC(806) Phase 2: Compute new object addresses 178.884ms
[299.802s][info][gc,phases,start] GC(806) Phase 3: Adjust pointers
[299.881s][info][gc,phases      ] GC(806) Phase 3: Adjust pointers 78.494ms
[299.881s][info][gc,phases,start] GC(806) Phase 4: Move objects
[299.882s][info][gc,phases      ] GC(806) Phase 4: Move objects 1.347ms
[299.888s][info][gc,heap        ] GC(806) ParNew: 67988K->0K(460096K)
[299.888s][info][gc,heap        ] GC(806) CMS: 698118K->168491K(7877440K)
[299.888s][info][gc,metaspace   ] GC(806) Metaspace: 87176K(93100K)->87176K(93100K) NonClass: 76154K(79136K)->76154K(79136K) Class: 11022K(13964K)->11022K(13964K)
[299.889s][info][gc             ] GC(806) Pause Full (System.gc()) 748M->164M(8142M) 390.757ms
[299.889s][info][gc,cpu         ] GC(806) User=0.38s Sys=0.00s Real=0.39s
[300.034s][info][gc,start       ] GC(807) Pause Young (Allocation Failure)
[300.034s][info][gc,task        ] GC(807) Using 6 workers of 6 for evacuation
[300.131s][info][gc,heap        ] GC(807) ParNew: 409024K->51072K(460096K)
[300.131s][info][gc,heap        ] GC(807) CMS: 168491K->227314K(7877440K)
[300.131s][info][gc,metaspace   ] GC(807) Metaspace: 87180K(93100K)->87180K(93100K) NonClass: 76157K(79136K)->76157K(79136K) Class: 11022K(13964K)->11022K(13964K)
[300.131s][info][gc             ] GC(807) Pause Young (Allocation Failure) 563M->271M(8142M) 96.466ms
[300.131s][info][gc,cpu         ] GC(807) User=0.47s Sys=0.00s Real=0.09s
[300.300s][info][gc,start       ] GC(808) Pause Young (Allocation Failure)
[300.300s][info][gc,task        ] GC(808) Using 6 workers of 6 for evacuation
[300.372s][info][gc,heap        ] GC(808) ParNew: 460096K->51072K(460096K)
[300.372s][info][gc,heap        ] GC(808) CMS: 227314K->277495K(7877440K)
[300.372s][info][gc,metaspace   ] GC(808) Metaspace: 87180K(93100K)->87180K(93100K) NonClass: 76157K(79136K)->76157K(79136K) Class: 11022K(13964K)->11022K(13964K)
[300.372s][info][gc             ] GC(808) Pause Young (Allocation Failure) 671M->320M(8142M) 71.964ms
[300.372s][info][gc,cpu         ] GC(808) User=0.38s Sys=0.00s Real=0.06s
[300.560s][info][gc,start       ] GC(809) Pause Young (Allocation Failure)
[300.560s][info][gc,task        ] GC(809) Using 6 workers of 6 for evacuation
[300.636s][info][gc,heap        ] GC(809) ParNew: 460096K->51072K(460096K)
[300.636s][info][gc,heap        ] GC(809) CMS: 277495K->317167K(7877440K)
[300.636s][info][gc,metaspace   ] GC(809) Metaspace: 87180K(93100K)->87180K(93100K) NonClass: 76157K(79136K)->76157K(79136K) Class: 11022K(13964K)->11022K(13964K)
[300.636s][info][gc             ] GC(809) Pause Young (Allocation Failure) 720M->359M(8142M) 76.666ms
[300.636s][info][gc,cpu         ] GC(809) User=0.39s Sys=0.00s Real=0.08s
[300.829s][info][gc,start       ] GC(810) Pause Young (Allocation Failure)
[300.829s][info][gc,task        ] GC(810) Using 6 workers of 6 for evacuation
[300.900s][info][gc,heap        ] GC(810) ParNew: 460096K->36044K(460096K)
[300.900s][info][gc,heap        ] GC(810) CMS: 317167K->350392K(7877440K)
[300.900s][info][gc,metaspace   ] GC(810) Metaspace: 87180K(93100K)->87180K(93100K) NonClass: 76157K(79136K)->76157K(79136K) Class: 11022K(13964K)->11022K(13964K)
[300.900s][info][gc             ] GC(810) Pause Young (Allocation Failure) 759M->377M(8142M) 71.558ms
[300.900s][info][gc,cpu         ] GC(810) User=0.42s Sys=0.00s Real=0.08s
[301.474s][info][gc,start       ] GC(811) Pause Young (Allocation Failure)
[301.474s][info][gc,task        ] GC(811) Using 6 workers of 6 for evacuation
[301.563s][info][gc,heap        ] GC(811) ParNew: 445068K->51072K(460096K)
[301.563s][info][gc,heap        ] GC(811) CMS: 350392K->376420K(7877440K)
[301.563s][info][gc,metaspace   ] GC(811) Metaspace: 87180K(93100K)->87180K(93100K) NonClass: 76157K(79136K)->76157K(79136K) Class: 11022K(13964K)->11022K(13964K)
[301.563s][info][gc             ] GC(811) Pause Young (Allocation Failure) 776M->417M(8142M) 89.048ms
[301.563s][info][gc,cpu         ] GC(811) User=0.48s Sys=0.00s Real=0.09s
[301.691s][info][gc,start       ] GC(812) Pause Young (Allocation Failure)
[301.691s][info][gc,task        ] GC(812) Using 6 workers of 6 for evacuation
[301.798s][info][gc,heap        ] GC(812) ParNew: 460096K->51072K(460096K)
[301.798s][info][gc,heap        ] GC(812) CMS: 376420K->440962K(7877440K)
[301.798s][info][gc,metaspace   ] GC(812) Metaspace: 87180K(93100K)->87180K(93100K) NonClass: 76157K(79136K)->76157K(79136K) Class: 11022K(13964K)->11022K(13964K)
[301.798s][info][gc             ] GC(812) Pause Young (Allocation Failure) 816M->480M(8142M) 107.266ms
[301.798s][info][gc,cpu         ] GC(812) User=0.22s Sys=0.00s Real=0.11s
[301.981s][info][gc,start       ] GC(813) Pause Young (Allocation Failure)
[301.981s][info][gc,task        ] GC(813) Using 6 workers of 6 for evacuation
[302.065s][info][gc,heap        ] GC(813) ParNew: 460096K->51072K(460096K)
[302.065s][info][gc,heap        ] GC(813) CMS: 440962K->500501K(7877440K)
[302.065s][info][gc,metaspace   ] GC(813) Metaspace: 87180K(93100K)->87180K(93100K) NonClass: 76157K(79136K)->76157K(79136K) Class: 11022K(13964K)->11022K(13964K)
[302.065s][info][gc             ] GC(813) Pause Young (Allocation Failure) 879M->538M(8142M) 84.257ms
[302.065s][info][gc,cpu         ] GC(813) User=0.45s Sys=0.00s Real=0.08s
[302.252s][info][gc,start       ] GC(814) Pause Young (Allocation Failure)
[302.252s][info][gc,task        ] GC(814) Using 6 workers of 6 for evacuation
[302.326s][info][gc,heap        ] GC(814) ParNew: 460096K->46522K(460096K)
[302.326s][info][gc,heap        ] GC(814) CMS: 500501K->544498K(7877440K)
[302.326s][info][gc,metaspace   ] GC(814) Metaspace: 87180K(93100K)->87180K(93100K) NonClass: 76157K(79136K)->76157K(79136K) Class: 11022K(13964K)->11022K(13964K)
[302.326s][info][gc             ] GC(814) Pause Young (Allocation Failure) 938M->577M(8142M) 74.021ms
[302.326s][info][gc,cpu         ] GC(814) User=0.34s Sys=0.00s Real=0.08s
[302.769s][info][gc,start       ] GC(815) Pause Young (Allocation Failure)
[302.769s][info][gc,task        ] GC(815) Using 6 workers of 6 for evacuation
[302.844s][info][gc,heap        ] GC(815) ParNew: 455546K->34131K(460096K)
[302.844s][info][gc,heap        ] GC(815) CMS: 544498K->570906K(7877440K)
[302.844s][info][gc,metaspace   ] GC(815) Metaspace: 87180K(93100K)->87180K(93100K) NonClass: 76157K(79136K)->76157K(79136K) Class: 11022K(13964K)->11022K(13964K)
[302.844s][info][gc             ] GC(815) Pause Young (Allocation Failure) 976M->590M(8142M) 75.582ms
[302.844s][info][gc,cpu         ] GC(815) User=0.39s Sys=0.00s Real=0.08s
[303.179s][info][gc,start       ] GC(816) Pause Young (Allocation Failure)
[303.179s][info][gc,task        ] GC(816) Using 6 workers of 6 for evacuation
[303.240s][info][gc,heap        ] GC(816) ParNew: 443155K->46168K(460096K)
[303.240s][info][gc,heap        ] GC(816) CMS: 570906K->598096K(7877440K)
[303.240s][info][gc,metaspace   ] GC(816) Metaspace: 87181K(93100K)->87181K(93100K) NonClass: 76159K(79136K)->76159K(79136K) Class: 11022K(13964K)->11022K(13964K)
[303.240s][info][gc             ] GC(816) Pause Young (Allocation Failure) 990M->629M(8142M) 60.544ms
[303.240s][info][gc,cpu         ] GC(816) User=0.25s Sys=0.00s Real=0.06s
[303.551s][info][gc,start       ] GC(817) Pause Young (Allocation Failure)
[303.551s][info][gc,task        ] GC(817) Using 6 workers of 6 for evacuation
[303.598s][info][gc,heap        ] GC(817) ParNew: 455192K->51072K(460096K)
[303.598s][info][gc,heap        ] GC(817) CMS: 598096K->598206K(7877440K)
[303.598s][info][gc,metaspace   ] GC(817) Metaspace: 87182K(93100K)->87182K(93100K) NonClass: 76159K(79136K)->76159K(79136K) Class: 11022K(13964K)->11022K(13964K)
[303.598s][info][gc             ] GC(817) Pause Young (Allocation Failure) 1028M->634M(8142M) 47.089ms
[303.598s][info][gc,cpu         ] GC(817) User=0.08s Sys=0.00s Real=0.05s
[303.833s][info][gc,start       ] GC(818) Pause Young (Allocation Failure)
[303.833s][info][gc,task        ] GC(818) Using 6 workers of 6 for evacuation
[303.880s][info][gc,heap        ] GC(818) ParNew: 460096K->51072K(460096K)
[303.880s][info][gc,heap        ] GC(818) CMS: 598206K->600452K(7877440K)
[303.880s][info][gc,metaspace   ] GC(818) Metaspace: 87184K(93100K)->87184K(93100K) NonClass: 76162K(79136K)->76162K(79136K) Class: 11022K(13964K)->11022K(13964K)
[303.880s][info][gc             ] GC(818) Pause Young (Allocation Failure) 1033M->636M(8142M) 47.242ms
[303.880s][info][gc,cpu         ] GC(818) User=0.11s Sys=0.00s Real=0.04s
[304.250s][info][gc,start       ] GC(819) Pause Young (Allocation Failure)
[304.250s][info][gc,task        ] GC(819) Using 6 workers of 6 for evacuation
[304.312s][info][gc,heap        ] GC(819) ParNew: 460095K->51072K(460096K)
[304.312s][info][gc,heap        ] GC(819) CMS: 600452K->633788K(7877440K)
[304.312s][info][gc,metaspace   ] GC(819) Metaspace: 87184K(93100K)->87184K(93100K) NonClass: 76162K(79136K)->76162K(79136K) Class: 11022K(13964K)->11022K(13964K)
[304.312s][info][gc             ] GC(819) Pause Young (Allocation Failure) 1035M->668M(8142M) 62.245ms
[304.312s][info][gc,cpu         ] GC(819) User=0.20s Sys=0.00s Real=0.06s
[304.543s][info][gc,start       ] GC(820) Pause Young (Allocation Failure)
[304.543s][info][gc,task        ] GC(820) Using 6 workers of 6 for evacuation
[304.593s][info][gc,heap        ] GC(820) ParNew: 460096K->51072K(460096K)
[304.593s][info][gc,heap        ] GC(820) CMS: 633788K->650706K(7877440K)
[304.593s][info][gc,metaspace   ] GC(820) Metaspace: 87185K(93100K)->87185K(93100K) NonClass: 76162K(79136K)->76162K(79136K) Class: 11022K(13964K)->11022K(13964K)
[304.593s][info][gc             ] GC(820) Pause Young (Allocation Failure) 1068M->685M(8142M) 50.192ms
[304.593s][info][gc,cpu         ] GC(820) User=0.25s Sys=0.00s Real=0.05s
[304.738s][info][gc,start       ] GC(821) Pause Full (System.gc())
[304.741s][info][gc,phases,start] GC(821) Phase 1: Mark live objects
[304.864s][info][gc,phases      ] GC(821) Phase 1: Mark live objects 122.868ms
[304.864s][info][gc,phases,start] GC(821) Phase 2: Compute new object addresses
[305.088s][info][gc,phases      ] GC(821) Phase 2: Compute new object addresses 223.415ms
[305.088s][info][gc,phases,start] GC(821) Phase 3: Adjust pointers
[305.168s][info][gc,phases      ] GC(821) Phase 3: Adjust pointers 80.350ms
[305.168s][info][gc,phases,start] GC(821) Phase 4: Move objects
[305.170s][info][gc,phases      ] GC(821) Phase 4: Move objects 1.541ms
[305.175s][info][gc,heap        ] GC(821) ParNew: 460096K->0K(460096K)
[305.176s][info][gc,heap        ] GC(821) CMS: 650706K->168547K(7877440K)
[305.176s][info][gc,metaspace   ] GC(821) Metaspace: 87185K(93100K)->87185K(93100K) NonClass: 76162K(79136K)->76162K(79136K) Class: 11022K(13964K)->11022K(13964K)
[305.176s][info][gc             ] GC(821) Pause Full (System.gc()) 1084M->164M(8142M) 438.499ms
[305.176s][info][gc,cpu         ] GC(821) User=0.44s Sys=0.02s Real=0.44s
[305.321s][info][gc,start       ] GC(822) Pause Young (Allocation Failure)
[305.321s][info][gc,task        ] GC(822) Using 6 workers of 6 for evacuation
[305.417s][info][gc,heap        ] GC(822) ParNew: 409024K->51072K(460096K)
[305.417s][info][gc,heap        ] GC(822) CMS: 168547K->228472K(7877440K)
[305.417s][info][gc,metaspace   ] GC(822) Metaspace: 87187K(93100K)->87187K(93100K) NonClass: 76164K(79136K)->76164K(79136K) Class: 11022K(13964K)->11022K(13964K)
[305.417s][info][gc             ] GC(822) Pause Young (Allocation Failure) 564M->272M(8142M) 96.379ms
[305.417s][info][gc,cpu         ] GC(822) User=0.14s Sys=0.00s Real=0.11s
[305.589s][info][gc,start       ] GC(823) Pause Young (Allocation Failure)
[305.589s][info][gc,task        ] GC(823) Using 6 workers of 6 for evacuation
[305.664s][info][gc,heap        ] GC(823) ParNew: 460096K->51072K(460096K)
[305.665s][info][gc,heap        ] GC(823) CMS: 228472K->280281K(7877440K)
[305.665s][info][gc,metaspace   ] GC(823) Metaspace: 87187K(93100K)->87187K(93100K) NonClass: 76164K(79136K)->76164K(79136K) Class: 11022K(13964K)->11022K(13964K)
[305.665s][info][gc             ] GC(823) Pause Young (Allocation Failure) 672M->323M(8142M) 75.867ms
[305.665s][info][gc,cpu         ] GC(823) User=0.36s Sys=0.00s Real=0.06s
[305.855s][info][gc,start       ] GC(824) Pause Young (Allocation Failure)
[305.855s][info][gc,task        ] GC(824) Using 6 workers of 6 for evacuation
[305.929s][info][gc,heap        ] GC(824) ParNew: 460096K->51072K(460096K)
[305.929s][info][gc,heap        ] GC(824) CMS: 280281K->314783K(7877440K)
[305.929s][info][gc,metaspace   ] GC(824) Metaspace: 87187K(93100K)->87187K(93100K) NonClass: 76164K(79136K)->76164K(79136K) Class: 11022K(13964K)->11022K(13964K)
[305.929s][info][gc             ] GC(824) Pause Young (Allocation Failure) 723M->357M(8142M) 74.559ms
[305.930s][info][gc,cpu         ] GC(824) User=0.38s Sys=0.00s Real=0.07s
[306.130s][info][gc,start       ] GC(825) Pause Young (Allocation Failure)
[306.130s][info][gc,task        ] GC(825) Using 6 workers of 6 for evacuation
[306.201s][info][gc,heap        ] GC(825) ParNew: 460096K->34173K(460096K)
[306.201s][info][gc,heap        ] GC(825) CMS: 314783K->350793K(7877440K)
[306.201s][info][gc,metaspace   ] GC(825) Metaspace: 87187K(93100K)->87187K(93100K) NonClass: 76164K(79136K)->76164K(79136K) Class: 11022K(13964K)->11022K(13964K)
[306.202s][info][gc             ] GC(825) Pause Young (Allocation Failure) 756M->375M(8142M) 71.658ms
[306.202s][info][gc,cpu         ] GC(825) User=0.36s Sys=0.00s Real=0.08s
[306.785s][info][gc,start       ] GC(826) Pause Young (Allocation Failure)
[306.785s][info][gc,task        ] GC(826) Using 6 workers of 6 for evacuation
[306.875s][info][gc,heap        ] GC(826) ParNew: 443197K->51072K(460096K)
[306.875s][info][gc,heap        ] GC(826) CMS: 350793K->376116K(7877440K)
[306.876s][info][gc,metaspace   ] GC(826) Metaspace: 87187K(93100K)->87187K(93100K) NonClass: 76164K(79136K)->76164K(79136K) Class: 11022K(13964K)->11022K(13964K)
[306.876s][info][gc             ] GC(826) Pause Young (Allocation Failure) 775M->417M(8142M) 91.050ms
[306.876s][info][gc,cpu         ] GC(826) User=0.47s Sys=0.00s Real=0.10s
[307.001s][info][gc,start       ] GC(827) Pause Young (Allocation Failure)
[307.001s][info][gc,task        ] GC(827) Using 6 workers of 6 for evacuation
[307.111s][info][gc,heap        ] GC(827) ParNew: 460096K->51072K(460096K)
[307.111s][info][gc,heap        ] GC(827) CMS: 376116K->441554K(7877440K)
[307.111s][info][gc,metaspace   ] GC(827) Metaspace: 87187K(93100K)->87187K(93100K) NonClass: 76164K(79136K)->76164K(79136K) Class: 11022K(13964K)->11022K(13964K)
[307.111s][info][gc             ] GC(827) Pause Young (Allocation Failure) 816M->481M(8142M) 109.926ms
[307.111s][info][gc,cpu         ] GC(827) User=0.23s Sys=0.00s Real=0.11s
[307.299s][info][gc,start       ] GC(828) Pause Young (Allocation Failure)
[307.299s][info][gc,task        ] GC(828) Using 6 workers of 6 for evacuation
[307.384s][info][gc,heap        ] GC(828) ParNew: 460096K->51072K(460096K)
[307.384s][info][gc,heap        ] GC(828) CMS: 441554K->498170K(7877440K)
[307.384s][info][gc,metaspace   ] GC(828) Metaspace: 87187K(93100K)->87187K(93100K) NonClass: 76164K(79136K)->76164K(79136K) Class: 11022K(13964K)->11022K(13964K)
[307.384s][info][gc             ] GC(828) Pause Young (Allocation Failure) 880M->536M(8142M) 85.379ms
[307.384s][info][gc,cpu         ] GC(828) User=0.47s Sys=0.00s Real=0.09s
[307.568s][info][gc,start       ] GC(829) Pause Young (Allocation Failure)
[307.568s][info][gc,task        ] GC(829) Using 6 workers of 6 for evacuation
[307.642s][info][gc,heap        ] GC(829) ParNew: 460096K->43225K(460096K)
[307.642s][info][gc,heap        ] GC(829) CMS: 498170K->539970K(7877440K)
[307.642s][info][gc,metaspace   ] GC(829) Metaspace: 87187K(93100K)->87187K(93100K) NonClass: 76164K(79136K)->76164K(79136K) Class: 11022K(13964K)->11022K(13964K)
[307.642s][info][gc             ] GC(829) Pause Young (Allocation Failure) 935M->569M(8142M) 73.292ms
[307.642s][info][gc,cpu         ] GC(829) User=0.38s Sys=0.00s Real=0.06s
[308.121s][info][gc,start       ] GC(830) Pause Young (Allocation Failure)
[308.121s][info][gc,task        ] GC(830) Using 6 workers of 6 for evacuation
[308.194s][info][gc,heap        ] GC(830) ParNew: 452249K->33461K(460096K)
[308.194s][info][gc,heap        ] GC(830) CMS: 539970K->566673K(7877440K)
[308.194s][info][gc,metaspace   ] GC(830) Metaspace: 87187K(93100K)->87187K(93100K) NonClass: 76164K(79136K)->76164K(79136K) Class: 11022K(13964K)->11022K(13964K)
[308.194s][info][gc             ] GC(830) Pause Young (Allocation Failure) 968M->586M(8142M) 73.661ms
[308.194s][info][gc,cpu         ] GC(830) User=0.31s Sys=0.00s Real=0.06s
[308.531s][info][gc,start       ] GC(831) Pause Young (Allocation Failure)
[308.531s][info][gc,task        ] GC(831) Using 6 workers of 6 for evacuation
[308.598s][info][gc,heap        ] GC(831) ParNew: 442485K->51072K(460096K)
[308.598s][info][gc,heap        ] GC(831) CMS: 566673K->572102K(7877440K)
[308.598s][info][gc,metaspace   ] GC(831) Metaspace: 87187K(93100K)->87187K(93100K) NonClass: 76164K(79136K)->76164K(79136K) Class: 11022K(13964K)->11022K(13964K)
[308.598s][info][gc             ] GC(831) Pause Young (Allocation Failure) 985M->608M(8142M) 66.976ms
[308.598s][info][gc,cpu         ] GC(831) User=0.31s Sys=0.00s Real=0.06s
[308.913s][info][gc,start       ] GC(832) Pause Young (Allocation Failure)
[308.913s][info][gc,task        ] GC(832) Using 6 workers of 6 for evacuation
[308.983s][info][gc,heap        ] GC(832) ParNew: 460096K->42411K(460096K)
[308.983s][info][gc,heap        ] GC(832) CMS: 572102K->598483K(7877440K)
[308.983s][info][gc,metaspace   ] GC(832) Metaspace: 87187K(93100K)->87187K(93100K) NonClass: 76164K(79136K)->76164K(79136K) Class: 11022K(13964K)->11022K(13964K)
[308.983s][info][gc             ] GC(832) Pause Young (Allocation Failure) 1008M->625M(8142M) 69.702ms
[308.983s][info][gc,cpu         ] GC(832) User=0.20s Sys=0.02s Real=0.08s
[309.209s][info][gc,start       ] GC(833) Pause Young (Allocation Failure)
[309.209s][info][gc,task        ] GC(833) Using 6 workers of 6 for evacuation
[309.260s][info][gc,heap        ] GC(833) ParNew: 451435K->51072K(460096K)
[309.260s][info][gc,heap        ] GC(833) CMS: 598483K->603068K(7877440K)
[309.260s][info][gc,metaspace   ] GC(833) Metaspace: 87188K(93100K)->87188K(93100K) NonClass: 76165K(79136K)->76165K(79136K) Class: 11022K(13964K)->11022K(13964K)
[309.260s][info][gc             ] GC(833) Pause Young (Allocation Failure) 1025M->638M(8142M) 50.465ms
[309.260s][info][gc,cpu         ] GC(833) User=0.09s Sys=0.00s Real=0.06s
[309.615s][info][gc,start       ] GC(834) Pause Young (Allocation Failure)
[309.615s][info][gc,task        ] GC(834) Using 6 workers of 6 for evacuation
[309.661s][info][gc,heap        ] GC(834) ParNew: 460096K->51072K(460096K)
[309.661s][info][gc,heap        ] GC(834) CMS: 603068K->619078K(7877440K)
[309.661s][info][gc,metaspace   ] GC(834) Metaspace: 87190K(93100K)->87190K(93100K) NonClass: 76167K(79136K)->76167K(79136K) Class: 11022K(13964K)->11022K(13964K)
[309.661s][info][gc             ] GC(834) Pause Young (Allocation Failure) 1038M->654M(8142M) 45.891ms
[309.661s][info][gc,cpu         ] GC(834) User=0.08s Sys=0.00s Real=0.05s
[309.910s][info][gc,start       ] GC(835) Pause Young (Allocation Failure)
[309.910s][info][gc,task        ] GC(835) Using 6 workers of 6 for evacuation
[309.962s][info][gc,heap        ] GC(835) ParNew: 460096K->51072K(460096K)
[309.962s][info][gc,heap        ] GC(835) CMS: 619078K->636344K(7877440K)
[309.962s][info][gc,metaspace   ] GC(835) Metaspace: 87190K(93100K)->87190K(93100K) NonClass: 76167K(79136K)->76167K(79136K) Class: 11022K(13964K)->11022K(13964K)
[309.962s][info][gc             ] GC(835) Pause Young (Allocation Failure) 1053M->671M(8142M) 51.886ms
[309.962s][info][gc,cpu         ] GC(835) User=0.28s Sys=0.00s Real=0.05s
[310.107s][info][gc,start       ] GC(836) Pause Full (System.gc())
[310.111s][info][gc,phases,start] GC(836) Phase 1: Mark live objects
[310.233s][info][gc,phases      ] GC(836) Phase 1: Mark live objects 122.704ms
[310.233s][info][gc,phases,start] GC(836) Phase 2: Compute new object addresses
[310.456s][info][gc,phases      ] GC(836) Phase 2: Compute new object addresses 222.725ms
[310.456s][info][gc,phases,start] GC(836) Phase 3: Adjust pointers
[310.535s][info][gc,phases      ] GC(836) Phase 3: Adjust pointers 78.658ms
[310.535s][info][gc,phases,start] GC(836) Phase 4: Move objects
[310.536s][info][gc,phases      ] GC(836) Phase 4: Move objects 1.380ms
[310.542s][info][gc,heap        ] GC(836) ParNew: 456635K->0K(460096K)
[310.542s][info][gc,heap        ] GC(836) CMS: 636344K->168580K(7877440K)
[310.542s][info][gc,metaspace   ] GC(836) Metaspace: 87190K(93100K)->87190K(93100K) NonClass: 76167K(79136K)->76167K(79136K) Class: 11022K(13964K)->11022K(13964K)
[310.543s][info][gc             ] GC(836) Pause Full (System.gc()) 1067M->164M(8142M) 435.818ms
[310.543s][info][gc,cpu         ] GC(836) User=0.38s Sys=0.00s Real=0.44s
[310.690s][info][gc,start       ] GC(837) Pause Young (Allocation Failure)
[310.690s][info][gc,task        ] GC(837) Using 6 workers of 6 for evacuation
[310.786s][info][gc,heap        ] GC(837) ParNew: 409024K->51072K(460096K)
[310.786s][info][gc,heap        ] GC(837) CMS: 168580K->228030K(7877440K)
[310.786s][info][gc,metaspace   ] GC(837) Metaspace: 87190K(93100K)->87190K(93100K) NonClass: 76167K(79136K)->76167K(79136K) Class: 11022K(13964K)->11022K(13964K)
[310.786s][info][gc             ] GC(837) Pause Young (Allocation Failure) 564M->272M(8142M) 96.220ms
[310.786s][info][gc,cpu         ] GC(837) User=0.12s Sys=0.00s Real=0.11s
[310.962s][info][gc,start       ] GC(838) Pause Young (Allocation Failure)
[310.962s][info][gc,task        ] GC(838) Using 6 workers of 6 for evacuation
[311.036s][info][gc,heap        ] GC(838) ParNew: 460096K->51072K(460096K)
[311.036s][info][gc,heap        ] GC(838) CMS: 228030K->278972K(7877440K)
[311.036s][info][gc,metaspace   ] GC(838) Metaspace: 87190K(93100K)->87190K(93100K) NonClass: 76167K(79136K)->76167K(79136K) Class: 11022K(13964K)->11022K(13964K)
[311.036s][info][gc             ] GC(838) Pause Young (Allocation Failure) 671M->322M(8142M) 74.902ms
[311.036s][info][gc,cpu         ] GC(838) User=0.31s Sys=0.00s Real=0.08s
[311.223s][info][gc,start       ] GC(839) Pause Young (Allocation Failure)
[311.224s][info][gc,task        ] GC(839) Using 6 workers of 6 for evacuation
[311.300s][info][gc,heap        ] GC(839) ParNew: 460096K->51072K(460096K)
[311.300s][info][gc,heap        ] GC(839) CMS: 278972K->318497K(7877440K)
[311.300s][info][gc,metaspace   ] GC(839) Metaspace: 87190K(93100K)->87190K(93100K) NonClass: 76167K(79136K)->76167K(79136K) Class: 11022K(13964K)->11022K(13964K)
[311.300s][info][gc             ] GC(839) Pause Young (Allocation Failure) 721M->360M(8142M) 76.682ms
[311.300s][info][gc,cpu         ] GC(839) User=0.44s Sys=0.00s Real=0.08s
[311.494s][info][gc,start       ] GC(840) Pause Young (Allocation Failure)
[311.494s][info][gc,task        ] GC(840) Using 6 workers of 6 for evacuation
[311.563s][info][gc,heap        ] GC(840) ParNew: 460096K->30482K(460096K)
[311.563s][info][gc,heap        ] GC(840) CMS: 318497K->353258K(7877440K)
[311.563s][info][gc,metaspace   ] GC(840) Metaspace: 87190K(93100K)->87190K(93100K) NonClass: 76167K(79136K)->76167K(79136K) Class: 11022K(13964K)->11022K(13964K)
[311.563s][info][gc             ] GC(840) Pause Young (Allocation Failure) 760M->374M(8142M) 69.197ms
[311.563s][info][gc,cpu         ] GC(840) User=0.38s Sys=0.00s Real=0.06s
[312.168s][info][gc,start       ] GC(841) Pause Young (Allocation Failure)
[312.168s][info][gc,task        ] GC(841) Using 6 workers of 6 for evacuation
[312.257s][info][gc,heap        ] GC(841) ParNew: 439506K->51072K(460096K)
[312.257s][info][gc,heap        ] GC(841) CMS: 353258K->378052K(7877440K)
[312.257s][info][gc,metaspace   ] GC(841) Metaspace: 87192K(93100K)->87192K(93100K) NonClass: 76169K(79136K)->76169K(79136K) Class: 11022K(13964K)->11022K(13964K)
[312.257s][info][gc             ] GC(841) Pause Young (Allocation Failure) 774M->419M(8142M) 89.777ms
[312.257s][info][gc,cpu         ] GC(841) User=0.47s Sys=0.00s Real=0.08s
[312.383s][info][gc,start       ] GC(842) Pause Young (Allocation Failure)
[312.383s][info][gc,task        ] GC(842) Using 6 workers of 6 for evacuation
[312.490s][info][gc,heap        ] GC(842) ParNew: 460096K->51072K(460096K)
[312.490s][info][gc,heap        ] GC(842) CMS: 378052K->442109K(7877440K)
[312.490s][info][gc,metaspace   ] GC(842) Metaspace: 87192K(93100K)->87192K(93100K) NonClass: 76169K(79136K)->76169K(79136K) Class: 11022K(13964K)->11022K(13964K)
[312.490s][info][gc             ] GC(842) Pause Young (Allocation Failure) 818M->481M(8142M) 107.564ms
[312.490s][info][gc,cpu         ] GC(842) User=0.27s Sys=0.00s Real=0.11s
[312.677s][info][gc,start       ] GC(843) Pause Young (Allocation Failure)
[312.677s][info][gc,task        ] GC(843) Using 6 workers of 6 for evacuation
[312.761s][info][gc,heap        ] GC(843) ParNew: 460096K->51072K(460096K)
[312.761s][info][gc,heap        ] GC(843) CMS: 442109K->498353K(7877440K)
[312.761s][info][gc,metaspace   ] GC(843) Metaspace: 87192K(93100K)->87192K(93100K) NonClass: 76169K(79136K)->76169K(79136K) Class: 11022K(13964K)->11022K(13964K)
[312.761s][info][gc             ] GC(843) Pause Young (Allocation Failure) 881M->536M(8142M) 84.266ms
[312.761s][info][gc,cpu         ] GC(843) User=0.47s Sys=0.00s Real=0.08s
[312.964s][info][gc,start       ] GC(844) Pause Young (Allocation Failure)
[312.964s][info][gc,task        ] GC(844) Using 6 workers of 6 for evacuation
[313.038s][info][gc,heap        ] GC(844) ParNew: 460096K->41918K(460096K)
[313.038s][info][gc,heap        ] GC(844) CMS: 498353K->541741K(7877440K)
[313.038s][info][gc,metaspace   ] GC(844) Metaspace: 87192K(93100K)->87192K(93100K) NonClass: 76169K(79136K)->76169K(79136K) Class: 11022K(13964K)->11022K(13964K)
[313.038s][info][gc             ] GC(844) Pause Young (Allocation Failure) 935M->569M(8142M) 73.644ms
[313.038s][info][gc,cpu         ] GC(844) User=0.39s Sys=0.00s Real=0.08s
[313.519s][info][gc,start       ] GC(845) Pause Young (Allocation Failure)
[313.519s][info][gc,task        ] GC(845) Using 6 workers of 6 for evacuation
[313.592s][info][gc,heap        ] GC(845) ParNew: 450942K->33140K(460096K)
[313.592s][info][gc,heap        ] GC(845) CMS: 541741K->568428K(7877440K)
[313.592s][info][gc,metaspace   ] GC(845) Metaspace: 87192K(93100K)->87192K(93100K) NonClass: 76169K(79136K)->76169K(79136K) Class: 11022K(13964K)->11022K(13964K)
[313.592s][info][gc             ] GC(845) Pause Young (Allocation Failure) 969M->587M(8142M) 73.812ms
[313.592s][info][gc,cpu         ] GC(845) User=0.31s Sys=0.00s Real=0.06s
[313.924s][info][gc,start       ] GC(846) Pause Young (Allocation Failure)
[313.924s][info][gc,task        ] GC(846) Using 6 workers of 6 for evacuation
[313.982s][info][gc,heap        ] GC(846) ParNew: 442164K->51072K(460096K)
[313.982s][info][gc,heap        ] GC(846) CMS: 568428K->574832K(7877440K)
[313.982s][info][gc,metaspace   ] GC(846) Metaspace: 87192K(93100K)->87192K(93100K) NonClass: 76169K(79136K)->76169K(79136K) Class: 11022K(13964K)->11022K(13964K)
[313.982s][info][gc             ] GC(846) Pause Young (Allocation Failure) 986M->611M(8142M) 58.463ms
[313.982s][info][gc,cpu         ] GC(846) User=0.31s Sys=0.00s Real=0.06s
[314.297s][info][gc,start       ] GC(847) Pause Young (Allocation Failure)
[314.297s][info][gc,task        ] GC(847) Using 6 workers of 6 for evacuation
[314.366s][info][gc,heap        ] GC(847) ParNew: 460096K->45100K(460096K)
[314.366s][info][gc,heap        ] GC(847) CMS: 574832K->601454K(7877440K)
[314.366s][info][gc,metaspace   ] GC(847) Metaspace: 87192K(93100K)->87192K(93100K) NonClass: 76169K(79136K)->76169K(79136K) Class: 11022K(13964K)->11022K(13964K)
[314.366s][info][gc             ] GC(847) Pause Young (Allocation Failure) 1010M->631M(8142M) 68.992ms
[314.366s][info][gc,cpu         ] GC(847) User=0.28s Sys=0.00s Real=0.08s
[314.596s][info][gc,start       ] GC(848) Pause Young (Allocation Failure)
[314.596s][info][gc,task        ] GC(848) Using 6 workers of 6 for evacuation
[314.645s][info][gc,heap        ] GC(848) ParNew: 454124K->51072K(460096K)
[314.645s][info][gc,heap        ] GC(848) CMS: 601454K->606082K(7877440K)
[314.645s][info][gc,metaspace   ] GC(848) Metaspace: 87192K(93100K)->87192K(93100K) NonClass: 76169K(79136K)->76169K(79136K) Class: 11022K(13964K)->11022K(13964K)
[314.645s][info][gc             ] GC(848) Pause Young (Allocation Failure) 1030M->641M(8142M) 48.779ms
[314.645s][info][gc,cpu         ] GC(848) User=0.12s Sys=0.00s Real=0.05s
[315.018s][info][gc,start       ] GC(849) Pause Young (Allocation Failure)
[315.019s][info][gc,task        ] GC(849) Using 6 workers of 6 for evacuation
[315.064s][info][gc,heap        ] GC(849) ParNew: 460096K->51072K(460096K)
[315.064s][info][gc,heap        ] GC(849) CMS: 606082K->627442K(7877440K)
[315.064s][info][gc,metaspace   ] GC(849) Metaspace: 87195K(93100K)->87195K(93100K) NonClass: 76172K(79136K)->76172K(79136K) Class: 11022K(13964K)->11022K(13964K)
[315.064s][info][gc             ] GC(849) Pause Young (Allocation Failure) 1041M->662M(8142M) 45.238ms
[315.064s][info][gc,cpu         ] GC(849) User=0.11s Sys=0.00s Real=0.05s
[315.228s][info][gc,start       ] GC(850) Pause Young (Allocation Failure)
[315.228s][info][gc,task        ] GC(850) Using 6 workers of 6 for evacuation
[315.287s][info][gc,heap        ] GC(850) ParNew: 460096K->51072K(460096K)
[315.287s][info][gc,heap        ] GC(850) CMS: 627442K->650803K(7877440K)
[315.287s][info][gc,metaspace   ] GC(850) Metaspace: 87209K(93100K)->87209K(93100K) NonClass: 76186K(79136K)->76186K(79136K) Class: 11022K(13964K)->11022K(13964K)
[315.287s][info][gc             ] GC(850) Pause Young (Allocation Failure) 1062M->685M(8142M) 58.311ms
[315.287s][info][gc,cpu         ] GC(850) User=0.27s Sys=0.00s Real=0.05s
[315.432s][info][gc,start       ] GC(851) Pause Young (Allocation Failure)
[315.432s][info][gc,task        ] GC(851) Using 6 workers of 6 for evacuation
[315.673s][info][gc,heap        ] GC(851) ParNew: 460096K->51072K(460096K)
[315.673s][info][gc,heap        ] GC(851) CMS: 650803K->705545K(7877440K)
[315.673s][info][gc,metaspace   ] GC(851) Metaspace: 87209K(93100K)->87209K(93100K) NonClass: 76186K(79136K)->76186K(79136K) Class: 11022K(13964K)->11022K(13964K)
[315.673s][info][gc             ] GC(851) Pause Young (Allocation Failure) 1084M->738M(8142M) 241.113ms
[315.673s][info][gc,cpu         ] GC(851) User=1.38s Sys=0.00s Real=0.26s
[315.675s][info][gc,start       ] GC(852) Pause Full (System.gc())
[315.679s][info][gc,phases,start] GC(852) Phase 1: Mark live objects
[315.802s][info][gc,phases      ] GC(852) Phase 1: Mark live objects 123.306ms
[315.802s][info][gc,phases,start] GC(852) Phase 2: Compute new object addresses
[315.980s][info][gc,phases      ] GC(852) Phase 2: Compute new object addresses 178.385ms
[315.980s][info][gc,phases,start] GC(852) Phase 3: Adjust pointers
[316.059s][info][gc,phases      ] GC(852) Phase 3: Adjust pointers 78.575ms
[316.059s][info][gc,phases,start] GC(852) Phase 4: Move objects
[316.060s][info][gc,phases      ] GC(852) Phase 4: Move objects 1.376ms
[316.066s][info][gc,heap        ] GC(852) ParNew: 55362K->0K(460096K)
[316.066s][info][gc,heap        ] GC(852) CMS: 705545K->168636K(7877440K)
[316.066s][info][gc,metaspace   ] GC(852) Metaspace: 87209K(93100K)->87209K(93100K) NonClass: 76186K(79136K)->76186K(79136K) Class: 11022K(13964K)->11022K(13964K)
[316.067s][info][gc             ] GC(852) Pause Full (System.gc()) 743M->164M(8142M) 391.892ms
[316.067s][info][gc,cpu         ] GC(852) User=0.36s Sys=0.00s Real=0.39s
[316.215s][info][gc,start       ] GC(853) Pause Young (Allocation Failure)
[316.215s][info][gc,task        ] GC(853) Using 6 workers of 6 for evacuation
[316.307s][info][gc,heap        ] GC(853) ParNew: 409024K->51072K(460096K)
[316.307s][info][gc,heap        ] GC(853) CMS: 168636K->228206K(7877440K)
[316.307s][info][gc,metaspace   ] GC(853) Metaspace: 87209K(93100K)->87209K(93100K) NonClass: 76186K(79136K)->76186K(79136K) Class: 11022K(13964K)->11022K(13964K)
[316.307s][info][gc             ] GC(853) Pause Young (Allocation Failure) 564M->272M(8142M) 91.785ms
[316.307s][info][gc,cpu         ] GC(853) User=0.14s Sys=0.00s Real=0.09s
[316.481s][info][gc,start       ] GC(854) Pause Young (Allocation Failure)
[316.481s][info][gc,task        ] GC(854) Using 6 workers of 6 for evacuation
[316.554s][info][gc,heap        ] GC(854) ParNew: 458520K->51072K(460096K)
[316.554s][info][gc,heap        ] GC(854) CMS: 228206K->278298K(7877440K)
[316.554s][info][gc,metaspace   ] GC(854) Metaspace: 87209K(93100K)->87209K(93100K) NonClass: 76186K(79136K)->76186K(79136K) Class: 11022K(13964K)->11022K(13964K)
[316.554s][info][gc             ] GC(854) Pause Young (Allocation Failure) 670M->321M(8142M) 72.959ms
[316.554s][info][gc,cpu         ] GC(854) User=0.42s Sys=0.00s Real=0.07s
[316.737s][info][gc,start       ] GC(855) Pause Young (Allocation Failure)
[316.737s][info][gc,task        ] GC(855) Using 6 workers of 6 for evacuation
[316.814s][info][gc,heap        ] GC(855) ParNew: 460096K->51072K(460096K)
[316.814s][info][gc,heap        ] GC(855) CMS: 278298K->314199K(7877440K)
[316.814s][info][gc,metaspace   ] GC(855) Metaspace: 87209K(93100K)->87209K(93100K) NonClass: 76186K(79136K)->76186K(79136K) Class: 11022K(13964K)->11022K(13964K)
[316.814s][info][gc             ] GC(855) Pause Young (Allocation Failure) 721M->356M(8142M) 76.776ms
[316.814s][info][gc,cpu         ] GC(855) User=0.38s Sys=0.00s Real=0.06s
[317.006s][info][gc,start       ] GC(856) Pause Young (Allocation Failure)
[317.007s][info][gc,task        ] GC(856) Using 6 workers of 6 for evacuation
[317.078s][info][gc,heap        ] GC(856) ParNew: 460096K->34458K(460096K)
[317.078s][info][gc,heap        ] GC(856) CMS: 314199K->350996K(7877440K)
[317.078s][info][gc,metaspace   ] GC(856) Metaspace: 87209K(93100K)->87209K(93100K) NonClass: 76186K(79136K)->76186K(79136K) Class: 11022K(13964K)->11022K(13964K)
[317.078s][info][gc             ] GC(856) Pause Young (Allocation Failure) 756M->376M(8142M) 71.506ms
[317.078s][info][gc,cpu         ] GC(856) User=0.22s Sys=0.02s Real=0.07s
[317.668s][info][gc,start       ] GC(857) Pause Young (Allocation Failure)
[317.669s][info][gc,task        ] GC(857) Using 6 workers of 6 for evacuation
[317.759s][info][gc,heap        ] GC(857) ParNew: 443482K->51072K(460096K)
[317.759s][info][gc,heap        ] GC(857) CMS: 350996K->376246K(7877440K)
[317.759s][info][gc,metaspace   ] GC(857) Metaspace: 87209K(93100K)->87209K(93100K) NonClass: 76186K(79136K)->76186K(79136K) Class: 11022K(13964K)->11022K(13964K)
[317.759s][info][gc             ] GC(857) Pause Young (Allocation Failure) 775M->417M(8142M) 90.411ms
[317.759s][info][gc,cpu         ] GC(857) User=0.48s Sys=0.00s Real=0.09s
[317.885s][info][gc,start       ] GC(858) Pause Young (Allocation Failure)
[317.885s][info][gc,task        ] GC(858) Using 6 workers of 6 for evacuation
[317.996s][info][gc,heap        ] GC(858) ParNew: 460096K->51072K(460096K)
[317.996s][info][gc,heap        ] GC(858) CMS: 376246K->440126K(7877440K)
[317.996s][info][gc,metaspace   ] GC(858) Metaspace: 87209K(93100K)->87209K(93100K) NonClass: 76186K(79136K)->76186K(79136K) Class: 11022K(13964K)->11022K(13964K)
[317.996s][info][gc             ] GC(858) Pause Young (Allocation Failure) 816M->479M(8142M) 110.716ms
[317.996s][info][gc,cpu         ] GC(858) User=0.19s Sys=0.00s Real=0.11s
[318.179s][info][gc,start       ] GC(859) Pause Young (Allocation Failure)
[318.179s][info][gc,task        ] GC(859) Using 6 workers of 6 for evacuation
[318.260s][info][gc,heap        ] GC(859) ParNew: 460096K->51072K(460096K)
[318.260s][info][gc,heap        ] GC(859) CMS: 440126K->497206K(7877440K)
[318.260s][info][gc,metaspace   ] GC(859) Metaspace: 87209K(93100K)->87209K(93100K) NonClass: 76186K(79136K)->76186K(79136K) Class: 11022K(13964K)->11022K(13964K)
[318.260s][info][gc             ] GC(859) Pause Young (Allocation Failure) 879M->535M(8142M) 81.602ms
[318.260s][info][gc,cpu         ] GC(859) User=0.38s Sys=0.00s Real=0.09s
[318.443s][info][gc,start       ] GC(860) Pause Young (Allocation Failure)
[318.443s][info][gc,task        ] GC(860) Using 6 workers of 6 for evacuation
[318.517s][info][gc,heap        ] GC(860) ParNew: 460096K->46979K(460096K)
[318.517s][info][gc,heap        ] GC(860) CMS: 497206K->541176K(7877440K)
[318.517s][info][gc,metaspace   ] GC(860) Metaspace: 87209K(93100K)->87209K(93100K) NonClass: 76186K(79136K)->76186K(79136K) Class: 11022K(13964K)->11022K(13964K)
[318.517s][info][gc             ] GC(860) Pause Young (Allocation Failure) 934M->574M(8142M) 74.378ms
[318.517s][info][gc,cpu         ] GC(860) User=0.44s Sys=0.00s Real=0.08s
[318.960s][info][gc,start       ] GC(861) Pause Young (Allocation Failure)
[318.960s][info][gc,task        ] GC(861) Using 6 workers of 6 for evacuation
[319.035s][info][gc,heap        ] GC(861) ParNew: 456003K->34138K(460096K)
[319.035s][info][gc,heap        ] GC(861) CMS: 541176K->567448K(7877440K)
[319.035s][info][gc,metaspace   ] GC(861) Metaspace: 87209K(93100K)->87209K(93100K) NonClass: 76186K(79136K)->76186K(79136K) Class: 11022K(13964K)->11022K(13964K)
[319.035s][info][gc             ] GC(861) Pause Young (Allocation Failure) 973M->587M(8142M) 74.857ms
[319.035s][info][gc,cpu         ] GC(861) User=0.39s Sys=0.00s Real=0.08s
[319.378s][info][gc,start       ] GC(862) Pause Young (Allocation Failure)
[319.378s][info][gc,task        ] GC(862) Using 6 workers of 6 for evacuation
[319.439s][info][gc,heap        ] GC(862) ParNew: 443162K->46147K(460096K)
[319.439s][info][gc,heap        ] GC(862) CMS: 567448K->594613K(7877440K)
[319.439s][info][gc,metaspace   ] GC(862) Metaspace: 87209K(93100K)->87209K(93100K) NonClass: 76186K(79136K)->76186K(79136K) Class: 11022K(13964K)->11022K(13964K)
[319.439s][info][gc             ] GC(862) Pause Young (Allocation Failure) 986M->625M(8142M) 61.509ms
[319.439s][info][gc,cpu         ] GC(862) User=0.23s Sys=0.00s Real=0.06s
[319.750s][info][gc,start       ] GC(863) Pause Young (Allocation Failure)
[319.750s][info][gc,task        ] GC(863) Using 6 workers of 6 for evacuation
[319.799s][info][gc,heap        ] GC(863) ParNew: 455171K->51072K(460096K)
[319.799s][info][gc,heap        ] GC(863) CMS: 594613K->594726K(7877440K)
[319.799s][info][gc,metaspace   ] GC(863) Metaspace: 87209K(93100K)->87209K(93100K) NonClass: 76186K(79136K)->76186K(79136K) Class: 11022K(13964K)->11022K(13964K)
[319.799s][info][gc             ] GC(863) Pause Young (Allocation Failure) 1025M->630M(8142M) 49.469ms
[319.799s][info][gc,cpu         ] GC(863) User=0.11s Sys=0.00s Real=0.05s
[320.031s][info][gc,start       ] GC(864) Pause Young (Allocation Failure)
[320.031s][info][gc,task        ] GC(864) Using 6 workers of 6 for evacuation
[320.079s][info][gc,heap        ] GC(864) ParNew: 460096K->51072K(460096K)
[320.079s][info][gc,heap        ] GC(864) CMS: 594726K->597321K(7877440K)
[320.079s][info][gc,metaspace   ] GC(864) Metaspace: 87209K(93100K)->87209K(93100K) NonClass: 76186K(79136K)->76186K(79136K) Class: 11022K(13964K)->11022K(13964K)
[320.079s][info][gc             ] GC(864) Pause Young (Allocation Failure) 1030M->633M(8142M) 48.544ms
[320.079s][info][gc,cpu         ] GC(864) User=0.08s Sys=0.00s Real=0.05s
[320.440s][info][gc,start       ] GC(865) Pause Young (Allocation Failure)
[320.440s][info][gc,task        ] GC(865) Using 6 workers of 6 for evacuation
[320.484s][info][gc,heap        ] GC(865) ParNew: 458796K->51072K(460096K)
[320.484s][info][gc,heap        ] GC(865) CMS: 597321K->608576K(7877440K)
[320.484s][info][gc,metaspace   ] GC(865) Metaspace: 87209K(93100K)->87209K(93100K) NonClass: 76186K(79136K)->76186K(79136K) Class: 11022K(13964K)->11022K(13964K)
[320.484s][info][gc             ] GC(865) Pause Young (Allocation Failure) 1031M->644M(8142M) 44.040ms
[320.484s][info][gc,cpu         ] GC(865) User=0.03s Sys=0.00s Real=0.04s
[320.699s][info][gc,start       ] GC(866) Pause Young (Allocation Failure)
[320.699s][info][gc,task        ] GC(866) Using 6 workers of 6 for evacuation
[320.755s][info][gc,heap        ] GC(866) ParNew: 460096K->51072K(460096K)
[320.755s][info][gc,heap        ] GC(866) CMS: 608576K->627592K(7877440K)
[320.755s][info][gc,metaspace   ] GC(866) Metaspace: 87211K(93100K)->87211K(93100K) NonClass: 76189K(79136K)->76189K(79136K) Class: 11022K(13964K)->11022K(13964K)
[320.755s][info][gc             ] GC(866) Pause Young (Allocation Failure) 1043M->662M(8142M) 55.850ms
[320.755s][info][gc,cpu         ] GC(866) User=0.27s Sys=0.00s Real=0.06s
[320.898s][info][gc,start       ] GC(867) Pause Young (Allocation Failure)
[320.898s][info][gc,task        ] GC(867) Using 6 workers of 6 for evacuation
[321.118s][info][gc,heap        ] GC(867) ParNew: 460096K->51072K(460096K)
[321.118s][info][gc,heap        ] GC(867) CMS: 627592K->679596K(7877440K)
[321.118s][info][gc,metaspace   ] GC(867) Metaspace: 87211K(93100K)->87211K(93100K) NonClass: 76189K(79136K)->76189K(79136K) Class: 11022K(13964K)->11022K(13964K)
[321.118s][info][gc             ] GC(867) Pause Young (Allocation Failure) 1062M->713M(8142M) 219.727ms
[321.118s][info][gc,cpu         ] GC(867) User=1.19s Sys=0.00s Real=0.22s
[321.122s][info][gc,start       ] GC(868) Pause Full (System.gc())
[321.125s][info][gc,phases,start] GC(868) Phase 1: Mark live objects
[321.248s][info][gc,phases      ] GC(868) Phase 1: Mark live objects 123.531ms
[321.249s][info][gc,phases,start] GC(868) Phase 2: Compute new object addresses
[321.424s][info][gc,phases      ] GC(868) Phase 2: Compute new object addresses 175.268ms
[321.424s][info][gc,phases,start] GC(868) Phase 3: Adjust pointers
[321.503s][info][gc,phases      ] GC(868) Phase 3: Adjust pointers 79.407ms
[321.503s][info][gc,phases,start] GC(868) Phase 4: Move objects
[321.505s][info][gc,phases      ] GC(868) Phase 4: Move objects 1.527ms
[321.511s][info][gc,heap        ] GC(868) ParNew: 59618K->0K(460096K)
[321.511s][info][gc,heap        ] GC(868) CMS: 679596K->168709K(7877440K)
[321.511s][info][gc,metaspace   ] GC(868) Metaspace: 87211K(93100K)->87211K(93100K) NonClass: 76189K(79136K)->76189K(79136K) Class: 11022K(13964K)->11022K(13964K)
[321.512s][info][gc             ] GC(868) Pause Full (System.gc()) 721M->164M(8142M) 390.114ms
[321.512s][info][gc,cpu         ] GC(868) User=0.39s Sys=0.00s Real=0.39s
[321.666s][info][gc,start       ] GC(869) Pause Young (Allocation Failure)
[321.666s][info][gc,task        ] GC(869) Using 6 workers of 6 for evacuation
[321.760s][info][gc,heap        ] GC(869) ParNew: 409024K->51072K(460096K)
[321.760s][info][gc,heap        ] GC(869) CMS: 168709K->228596K(7877440K)
[321.760s][info][gc,metaspace   ] GC(869) Metaspace: 87212K(93100K)->87212K(93100K) NonClass: 76189K(79136K)->76189K(79136K) Class: 11022K(13964K)->11022K(13964K)
[321.760s][info][gc             ] GC(869) Pause Young (Allocation Failure) 564M->273M(8142M) 93.995ms
[321.760s][info][gc,cpu         ] GC(869) User=0.42s Sys=0.00s Real=0.09s
[321.946s][info][gc,start       ] GC(870) Pause Young (Allocation Failure)
[321.946s][info][gc,task        ] GC(870) Using 6 workers of 6 for evacuation
[322.020s][info][gc,heap        ] GC(870) ParNew: 460096K->51072K(460096K)
[322.020s][info][gc,heap        ] GC(870) CMS: 228596K->279471K(7877440K)
[322.020s][info][gc,metaspace   ] GC(870) Metaspace: 87212K(93100K)->87212K(93100K) NonClass: 76189K(79136K)->76189K(79136K) Class: 11022K(13964K)->11022K(13964K)
[322.020s][info][gc             ] GC(870) Pause Young (Allocation Failure) 672M->322M(8142M) 73.975ms
[322.020s][info][gc,cpu         ] GC(870) User=0.30s Sys=0.00s Real=0.08s
[322.209s][info][gc,start       ] GC(871) Pause Young (Allocation Failure)
[322.209s][info][gc,task        ] GC(871) Using 6 workers of 6 for evacuation
[322.285s][info][gc,heap        ] GC(871) ParNew: 460096K->51072K(460096K)
[322.285s][info][gc,heap        ] GC(871) CMS: 279471K->313982K(7877440K)
[322.285s][info][gc,metaspace   ] GC(871) Metaspace: 87212K(93100K)->87212K(93100K) NonClass: 76189K(79136K)->76189K(79136K) Class: 11022K(13964K)->11022K(13964K)
[322.285s][info][gc             ] GC(871) Pause Young (Allocation Failure) 722M->356M(8142M) 76.051ms
[322.285s][info][gc,cpu         ] GC(871) User=0.34s Sys=0.00s Real=0.09s
[322.479s][info][gc,start       ] GC(872) Pause Young (Allocation Failure)
[322.479s][info][gc,task        ] GC(872) Using 6 workers of 6 for evacuation
[322.547s][info][gc,heap        ] GC(872) ParNew: 460096K->38847K(460096K)
[322.547s][info][gc,heap        ] GC(872) CMS: 313982K->352604K(7877440K)
[322.547s][info][gc,metaspace   ] GC(872) Metaspace: 87212K(93100K)->87212K(93100K) NonClass: 76189K(79136K)->76189K(79136K) Class: 11022K(13964K)->11022K(13964K)
[322.547s][info][gc             ] GC(872) Pause Young (Allocation Failure) 755M->382M(8142M) 67.918ms
[322.547s][info][gc,cpu         ] GC(872) User=0.44s Sys=0.00s Real=0.08s
[323.144s][info][gc,start       ] GC(873) Pause Young (Allocation Failure)
[323.144s][info][gc,task        ] GC(873) Using 6 workers of 6 for evacuation
[323.235s][info][gc,heap        ] GC(873) ParNew: 447871K->51072K(460096K)
[323.235s][info][gc,heap        ] GC(873) CMS: 352604K->377874K(7877440K)
[323.235s][info][gc,metaspace   ] GC(873) Metaspace: 87212K(93100K)->87212K(93100K) NonClass: 76189K(79136K)->76189K(79136K) Class: 11022K(13964K)->11022K(13964K)
[323.235s][info][gc             ] GC(873) Pause Young (Allocation Failure) 781M->418M(8142M) 91.133ms
[323.235s][info][gc,cpu         ] GC(873) User=0.45s Sys=0.00s Real=0.09s
[323.361s][info][gc,start       ] GC(874) Pause Young (Allocation Failure)
[323.361s][info][gc,task        ] GC(874) Using 6 workers of 6 for evacuation
[323.469s][info][gc,heap        ] GC(874) ParNew: 460096K->51072K(460096K)
[323.469s][info][gc,heap        ] GC(874) CMS: 377874K->441427K(7877440K)
[323.469s][info][gc,metaspace   ] GC(874) Metaspace: 87212K(93100K)->87212K(93100K) NonClass: 76189K(79136K)->76189K(79136K) Class: 11022K(13964K)->11022K(13964K)
[323.469s][info][gc             ] GC(874) Pause Young (Allocation Failure) 818M->480M(8142M) 107.657ms
[323.469s][info][gc,cpu         ] GC(874) User=0.28s Sys=0.00s Real=0.11s
[323.654s][info][gc,start       ] GC(875) Pause Young (Allocation Failure)
[323.654s][info][gc,task        ] GC(875) Using 6 workers of 6 for evacuation
[323.743s][info][gc,heap        ] GC(875) ParNew: 460096K->51072K(460096K)
[323.743s][info][gc,heap        ] GC(875) CMS: 441427K->503427K(7877440K)
[323.743s][info][gc,metaspace   ] GC(875) Metaspace: 87212K(93100K)->87212K(93100K) NonClass: 76189K(79136K)->76189K(79136K) Class: 11022K(13964K)->11022K(13964K)
[323.743s][info][gc             ] GC(875) Pause Young (Allocation Failure) 880M->541M(8142M) 89.015ms
[323.743s][info][gc,cpu         ] GC(875) User=0.55s Sys=0.00s Real=0.10s
[323.933s][info][gc,start       ] GC(876) Pause Young (Allocation Failure)
[323.933s][info][gc,task        ] GC(876) Using 6 workers of 6 for evacuation
[324.006s][info][gc,heap        ] GC(876) ParNew: 460096K->39974K(460096K)
[324.006s][info][gc,heap        ] GC(876) CMS: 503427K->539138K(7877440K)
[324.006s][info][gc,metaspace   ] GC(876) Metaspace: 87212K(93100K)->87212K(93100K) NonClass: 76189K(79136K)->76189K(79136K) Class: 11022K(13964K)->11022K(13964K)
[324.006s][info][gc             ] GC(876) Pause Young (Allocation Failure) 940M->565M(8142M) 72.662ms
[324.006s][info][gc,cpu         ] GC(876) User=0.47s Sys=0.00s Real=0.08s
[324.460s][info][gc,start       ] GC(877) Pause Young (Allocation Failure)
[324.460s][info][gc,task        ] GC(877) Using 6 workers of 6 for evacuation
[324.534s][info][gc,heap        ] GC(877) ParNew: 448998K->32536K(460096K)
[324.534s][info][gc,heap        ] GC(877) CMS: 539138K->565636K(7877440K)
[324.534s][info][gc,metaspace   ] GC(877) Metaspace: 87212K(93100K)->87212K(93100K) NonClass: 76189K(79136K)->76189K(79136K) Class: 11022K(13964K)->11022K(13964K)
[324.534s][info][gc             ] GC(877) Pause Young (Allocation Failure) 964M->584M(8142M) 74.457ms
[324.534s][info][gc,cpu         ] GC(877) User=0.38s Sys=0.00s Real=0.06s
[324.872s][info][gc,start       ] GC(878) Pause Young (Allocation Failure)
[324.873s][info][gc,task        ] GC(878) Using 6 workers of 6 for evacuation
[324.930s][info][gc,heap        ] GC(878) ParNew: 441560K->51072K(460096K)
[324.930s][info][gc,heap        ] GC(878) CMS: 565636K->572485K(7877440K)
[324.930s][info][gc,metaspace   ] GC(878) Metaspace: 87212K(93100K)->87212K(93100K) NonClass: 76189K(79136K)->76189K(79136K) Class: 11022K(13964K)->11022K(13964K)
[324.930s][info][gc             ] GC(878) Pause Young (Allocation Failure) 983M->608M(8142M) 57.124ms
[324.930s][info][gc,cpu         ] GC(878) User=0.28s Sys=0.00s Real=0.06s
[325.246s][info][gc,start       ] GC(879) Pause Young (Allocation Failure)
[325.246s][info][gc,task        ] GC(879) Using 6 workers of 6 for evacuation
[325.316s][info][gc,heap        ] GC(879) ParNew: 460096K->44536K(460096K)
[325.316s][info][gc,heap        ] GC(879) CMS: 572485K->599264K(7877440K)
[325.316s][info][gc,metaspace   ] GC(879) Metaspace: 87212K(93100K)->87212K(93100K) NonClass: 76189K(79136K)->76189K(79136K) Class: 11022K(13964K)->11022K(13964K)
[325.317s][info][gc             ] GC(879) Pause Young (Allocation Failure) 1008M->628M(8142M) 70.422ms
[325.317s][info][gc,cpu         ] GC(879) User=0.31s Sys=0.00s Real=0.06s
[325.552s][info][gc,start       ] GC(880) Pause Young (Allocation Failure)
[325.552s][info][gc,task        ] GC(880) Using 6 workers of 6 for evacuation
[325.600s][info][gc,heap        ] GC(880) ParNew: 453560K->51072K(460096K)
[325.600s][info][gc,heap        ] GC(880) CMS: 599264K->602394K(7877440K)
[325.600s][info][gc,metaspace   ] GC(880) Metaspace: 87212K(93100K)->87212K(93100K) NonClass: 76189K(79136K)->76189K(79136K) Class: 11022K(13964K)->11022K(13964K)
[325.600s][info][gc             ] GC(880) Pause Young (Allocation Failure) 1028M->638M(8142M) 48.392ms
[325.600s][info][gc,cpu         ] GC(880) User=0.11s Sys=0.00s Real=0.06s
[325.978s][info][gc,start       ] GC(881) Pause Young (Allocation Failure)
[325.978s][info][gc,task        ] GC(881) Using 6 workers of 6 for evacuation
[326.006s][info][gc,heap        ] GC(881) ParNew: 460096K->51072K(460096K)
[326.006s][info][gc,heap        ] GC(881) CMS: 602394K->609466K(7877440K)
[326.006s][info][gc,metaspace   ] GC(881) Metaspace: 87212K(93100K)->87212K(93100K) NonClass: 76190K(79136K)->76190K(79136K) Class: 11022K(13964K)->11022K(13964K)
[326.006s][info][gc             ] GC(881) Pause Young (Allocation Failure) 1037M->645M(8142M) 28.578ms
[326.006s][info][gc,cpu         ] GC(881) User=0.06s Sys=0.00s Real=0.03s
[326.149s][info][gc,start       ] GC(882) Pause Young (Allocation Failure)
[326.149s][info][gc,task        ] GC(882) Using 6 workers of 6 for evacuation
[326.205s][info][gc,heap        ] GC(882) ParNew: 460096K->51072K(460096K)
[326.205s][info][gc,heap        ] GC(882) CMS: 609466K->625067K(7877440K)
[326.205s][info][gc,metaspace   ] GC(882) Metaspace: 87213K(93100K)->87213K(93100K) NonClass: 76190K(79136K)->76190K(79136K) Class: 11022K(13964K)->11022K(13964K)
[326.205s][info][gc             ] GC(882) Pause Young (Allocation Failure) 1044M->660M(8142M) 56.215ms
[326.205s][info][gc,cpu         ] GC(882) User=0.30s Sys=0.00s Real=0.06s
[326.348s][info][gc,start       ] GC(883) Pause Young (Allocation Failure)
[326.349s][info][gc,task        ] GC(883) Using 6 workers of 6 for evacuation
[326.589s][info][gc,heap        ] GC(883) ParNew: 460096K->51072K(460096K)
[326.589s][info][gc,heap        ] GC(883) CMS: 625067K->683941K(7877440K)
[326.589s][info][gc,metaspace   ] GC(883) Metaspace: 87213K(93100K)->87213K(93100K) NonClass: 76190K(79136K)->76190K(79136K) Class: 11022K(13964K)->11022K(13964K)
[326.589s][info][gc             ] GC(883) Pause Young (Allocation Failure) 1059M->717M(8142M) 240.792ms
[326.589s][info][gc,cpu         ] GC(883) User=1.28s Sys=0.02s Real=0.23s
[326.592s][info][gc,start       ] GC(884) Pause Full (System.gc())
[326.594s][info][gc,phases,start] GC(884) Phase 1: Mark live objects
[326.716s][info][gc,phases      ] GC(884) Phase 1: Mark live objects 122.383ms
[326.716s][info][gc,phases,start] GC(884) Phase 2: Compute new object addresses
[326.891s][info][gc,phases      ] GC(884) Phase 2: Compute new object addresses 174.375ms
[326.891s][info][gc,phases,start] GC(884) Phase 3: Adjust pointers
[326.973s][info][gc,phases      ] GC(884) Phase 3: Adjust pointers 82.350ms
[326.973s][info][gc,phases,start] GC(884) Phase 4: Move objects
[327.003s][info][gc,phases      ] GC(884) Phase 4: Move objects 29.640ms
[327.009s][info][gc,heap        ] GC(884) ParNew: 55422K->0K(460096K)
[327.009s][info][gc,heap        ] GC(884) CMS: 683941K->168751K(7877440K)
[327.009s][info][gc,metaspace   ] GC(884) Metaspace: 87215K(93100K)->87215K(93100K) NonClass: 76192K(79136K)->76192K(79136K) Class: 11022K(13964K)->11022K(13964K)
[327.010s][info][gc             ] GC(884) Pause Full (System.gc()) 722M->164M(8142M) 417.521ms
[327.010s][info][gc,cpu         ] GC(884) User=0.38s Sys=0.00s Real=0.41s
[327.158s][info][gc,start       ] GC(885) Pause Young (Allocation Failure)
[327.158s][info][gc,task        ] GC(885) Using 6 workers of 6 for evacuation
[327.250s][info][gc,heap        ] GC(885) ParNew: 409024K->51072K(460096K)
[327.250s][info][gc,heap        ] GC(885) CMS: 168751K->228646K(7877440K)
[327.250s][info][gc,metaspace   ] GC(885) Metaspace: 87216K(93100K)->87216K(93100K) NonClass: 76193K(79136K)->76193K(79136K) Class: 11022K(13964K)->11022K(13964K)
[327.250s][info][gc             ] GC(885) Pause Young (Allocation Failure) 564M->273M(8142M) 92.582ms
[327.250s][info][gc,cpu         ] GC(885) User=0.17s Sys=0.00s Real=0.10s
[327.423s][info][gc,start       ] GC(886) Pause Young (Allocation Failure)
[327.423s][info][gc,task        ] GC(886) Using 6 workers of 6 for evacuation
[327.496s][info][gc,heap        ] GC(886) ParNew: 460096K->51072K(460096K)
[327.496s][info][gc,heap        ] GC(886) CMS: 228646K->282777K(7877440K)
[327.496s][info][gc,metaspace   ] GC(886) Metaspace: 87216K(93100K)->87216K(93100K) NonClass: 76193K(79136K)->76193K(79136K) Class: 11022K(13964K)->11022K(13964K)
[327.497s][info][gc             ] GC(886) Pause Young (Allocation Failure) 672M->326M(8142M) 73.457ms
[327.497s][info][gc,cpu         ] GC(886) User=0.30s Sys=0.00s Real=0.06s
[327.682s][info][gc,start       ] GC(887) Pause Young (Allocation Failure)
[327.682s][info][gc,task        ] GC(887) Using 6 workers of 6 for evacuation
[327.757s][info][gc,heap        ] GC(887) ParNew: 460096K->51072K(460096K)
[327.757s][info][gc,heap        ] GC(887) CMS: 282777K->315079K(7877440K)
[327.757s][info][gc,metaspace   ] GC(887) Metaspace: 87216K(93100K)->87216K(93100K) NonClass: 76193K(79136K)->76193K(79136K) Class: 11022K(13964K)->11022K(13964K)
[327.757s][info][gc             ] GC(887) Pause Young (Allocation Failure) 725M->357M(8142M) 74.980ms
[327.757s][info][gc,cpu         ] GC(887) User=0.39s Sys=0.00s Real=0.08s
[327.952s][info][gc,start       ] GC(888) Pause Young (Allocation Failure)
[327.952s][info][gc,task        ] GC(888) Using 6 workers of 6 for evacuation
[328.023s][info][gc,heap        ] GC(888) ParNew: 460096K->34712K(460096K)
[328.023s][info][gc,heap        ] GC(888) CMS: 315079K->352376K(7877440K)
[328.023s][info][gc,metaspace   ] GC(888) Metaspace: 87216K(93100K)->87216K(93100K) NonClass: 76193K(79136K)->76193K(79136K) Class: 11022K(13964K)->11022K(13964K)
[328.023s][info][gc             ] GC(888) Pause Young (Allocation Failure) 757M->378M(8142M) 71.673ms
[328.023s][info][gc,cpu         ] GC(888) User=0.39s Sys=0.00s Real=0.08s
[328.615s][info][gc,start       ] GC(889) Pause Young (Allocation Failure)
[328.615s][info][gc,task        ] GC(889) Using 6 workers of 6 for evacuation
[328.705s][info][gc,heap        ] GC(889) ParNew: 443736K->51072K(460096K)
[328.705s][info][gc,heap        ] GC(889) CMS: 352376K->379006K(7877440K)
[328.705s][info][gc,metaspace   ] GC(889) Metaspace: 87216K(93100K)->87216K(93100K) NonClass: 76193K(79136K)->76193K(79136K) Class: 11022K(13964K)->11022K(13964K)
[328.705s][info][gc             ] GC(889) Pause Young (Allocation Failure) 777M->419M(8142M) 89.884ms
[328.705s][info][gc,cpu         ] GC(889) User=0.53s Sys=0.00s Real=0.10s
[328.832s][info][gc,start       ] GC(890) Pause Young (Allocation Failure)
[328.832s][info][gc,task        ] GC(890) Using 6 workers of 6 for evacuation
[328.942s][info][gc,heap        ] GC(890) ParNew: 460096K->51072K(460096K)
[328.942s][info][gc,heap        ] GC(890) CMS: 379006K->443313K(7877440K)
[328.942s][info][gc,metaspace   ] GC(890) Metaspace: 87216K(93100K)->87216K(93100K) NonClass: 76193K(79136K)->76193K(79136K) Class: 11022K(13964K)->11022K(13964K)
[328.942s][info][gc             ] GC(890) Pause Young (Allocation Failure) 819M->482M(8142M) 110.755ms
[328.942s][info][gc,cpu         ] GC(890) User=0.17s Sys=0.00s Real=0.11s
[329.129s][info][gc,start       ] GC(891) Pause Young (Allocation Failure)
[329.129s][info][gc,task        ] GC(891) Using 6 workers of 6 for evacuation
[329.210s][info][gc,heap        ] GC(891) ParNew: 460096K->51072K(460096K)
[329.210s][info][gc,heap        ] GC(891) CMS: 443313K->499541K(7877440K)
[329.210s][info][gc,metaspace   ] GC(891) Metaspace: 87216K(93100K)->87216K(93100K) NonClass: 76193K(79136K)->76193K(79136K) Class: 11022K(13964K)->11022K(13964K)
[329.210s][info][gc             ] GC(891) Pause Young (Allocation Failure) 882M->537M(8142M) 81.501ms
[329.210s][info][gc,cpu         ] GC(891) User=0.41s Sys=0.00s Real=0.09s
[329.396s][info][gc,start       ] GC(892) Pause Young (Allocation Failure)
[329.397s][info][gc,task        ] GC(892) Using 6 workers of 6 for evacuation
[329.468s][info][gc,heap        ] GC(892) ParNew: 460096K->44564K(460096K)
[329.468s][info][gc,heap        ] GC(892) CMS: 499541K->541031K(7877440K)
[329.468s][info][gc,metaspace   ] GC(892) Metaspace: 87216K(93100K)->87216K(93100K) NonClass: 76193K(79136K)->76193K(79136K) Class: 11022K(13964K)->11022K(13964K)
[329.468s][info][gc             ] GC(892) Pause Young (Allocation Failure) 937M->571M(8142M) 71.696ms
[329.468s][info][gc,cpu         ] GC(892) User=0.39s Sys=0.00s Real=0.08s
[329.934s][info][gc,start       ] GC(893) Pause Young (Allocation Failure)
[329.934s][info][gc,task        ] GC(893) Using 6 workers of 6 for evacuation
[330.007s][info][gc,heap        ] GC(893) ParNew: 453588K->33673K(460096K)
[330.007s][info][gc,heap        ] GC(893) CMS: 541031K->567548K(7877440K)
[330.007s][info][gc,metaspace   ] GC(893) Metaspace: 87216K(93100K)->87216K(93100K) NonClass: 76193K(79136K)->76193K(79136K) Class: 11022K(13964K)->11022K(13964K)
[330.007s][info][gc             ] GC(893) Pause Young (Allocation Failure) 971M->587M(8142M) 73.509ms
[330.007s][info][gc,cpu         ] GC(893) User=0.42s Sys=0.00s Real=0.09s
[330.345s][info][gc,start       ] GC(894) Pause Young (Allocation Failure)
[330.345s][info][gc,task        ] GC(894) Using 6 workers of 6 for evacuation
[330.404s][info][gc,heap        ] GC(894) ParNew: 442697K->51072K(460096K)
[330.404s][info][gc,heap        ] GC(894) CMS: 567548K->573956K(7877440K)
[330.404s][info][gc,metaspace   ] GC(894) Metaspace: 87216K(93100K)->87216K(93100K) NonClass: 76193K(79136K)->76193K(79136K) Class: 11022K(13964K)->11022K(13964K)
[330.404s][info][gc             ] GC(894) Pause Young (Allocation Failure) 986M->610M(8142M) 59.142ms
[330.404s][info][gc,cpu         ] GC(894) User=0.28s Sys=0.00s Real=0.05s
[330.717s][info][gc,start       ] GC(895) Pause Young (Allocation Failure)
[330.717s][info][gc,task        ] GC(895) Using 6 workers of 6 for evacuation
[330.786s][info][gc,heap        ] GC(895) ParNew: 460096K->43397K(460096K)
[330.786s][info][gc,heap        ] GC(895) CMS: 573956K->600567K(7877440K)
[330.786s][info][gc,metaspace   ] GC(895) Metaspace: 87216K(93100K)->87216K(93100K) NonClass: 76194K(79136K)->76194K(79136K) Class: 11022K(13964K)->11022K(13964K)
[330.786s][info][gc             ] GC(895) Pause Young (Allocation Failure) 1009M->628M(8142M) 69.041ms
[330.786s][info][gc,cpu         ] GC(895) User=0.36s Sys=0.00s Real=0.08s
[331.015s][info][gc,start       ] GC(896) Pause Young (GCLocker Initiated GC)
[331.015s][info][gc,task        ] GC(896) Using 6 workers of 6 for evacuation
[331.064s][info][gc,heap        ] GC(896) ParNew: 452421K->51072K(460096K)
[331.064s][info][gc,heap        ] GC(896) CMS: 600567K->604900K(7877440K)
[331.064s][info][gc,metaspace   ] GC(896) Metaspace: 87216K(93100K)->87216K(93100K) NonClass: 76194K(79136K)->76194K(79136K) Class: 11022K(13964K)->11022K(13964K)
[331.064s][info][gc             ] GC(896) Pause Young (GCLocker Initiated GC) 1028M->640M(8142M) 48.500ms
[331.064s][info][gc,cpu         ] GC(896) User=0.06s Sys=0.00s Real=0.04s
[331.428s][info][gc,start       ] GC(897) Pause Young (Allocation Failure)
[331.428s][info][gc,task        ] GC(897) Using 6 workers of 6 for evacuation
[331.475s][info][gc,heap        ] GC(897) ParNew: 456508K->51072K(460096K)
[331.475s][info][gc,heap        ] GC(897) CMS: 604900K->627843K(7877440K)
[331.475s][info][gc,metaspace   ] GC(897) Metaspace: 87216K(93100K)->87216K(93100K) NonClass: 76194K(79136K)->76194K(79136K) Class: 11022K(13964K)->11022K(13964K)
[331.475s][info][gc             ] GC(897) Pause Young (Allocation Failure) 1036M->663M(8142M) 47.519ms
[331.475s][info][gc,cpu         ] GC(897) User=0.11s Sys=0.00s Real=0.05s
[331.673s][info][gc,start       ] GC(898) Pause Young (Allocation Failure)
[331.673s][info][gc,task        ] GC(898) Using 6 workers of 6 for evacuation
[331.730s][info][gc,heap        ] GC(898) ParNew: 460096K->51072K(460096K)
[331.730s][info][gc,heap        ] GC(898) CMS: 627843K->646341K(7877440K)
[331.730s][info][gc,metaspace   ] GC(898) Metaspace: 87216K(93100K)->87216K(93100K) NonClass: 76194K(79136K)->76194K(79136K) Class: 11022K(13964K)->11022K(13964K)
[331.730s][info][gc             ] GC(898) Pause Young (Allocation Failure) 1062M->681M(8142M) 56.714ms
[331.730s][info][gc,cpu         ] GC(898) User=0.30s Sys=0.00s Real=0.06s
[331.874s][info][gc,start       ] GC(899) Pause Young (Allocation Failure)
[331.874s][info][gc,task        ] GC(899) Using 6 workers of 6 for evacuation
[332.061s][info][gc,heap        ] GC(899) ParNew: 460096K->51072K(460096K)
[332.061s][info][gc,heap        ] GC(899) CMS: 646341K->712860K(7877440K)
[332.061s][info][gc,metaspace   ] GC(899) Metaspace: 87216K(93100K)->87216K(93100K) NonClass: 76194K(79136K)->76194K(79136K) Class: 11022K(13964K)->11022K(13964K)
[332.061s][info][gc             ] GC(899) Pause Young (Allocation Failure) 1080M->746M(8142M) 186.751ms
[332.061s][info][gc,cpu         ] GC(899) User=1.02s Sys=0.00s Real=0.19s
[332.065s][info][gc,start       ] GC(900) Pause Full (System.gc())
[332.068s][info][gc,phases,start] GC(900) Phase 1: Mark live objects
[332.193s][info][gc,phases      ] GC(900) Phase 1: Mark live objects 125.181ms
[332.193s][info][gc,phases,start] GC(900) Phase 2: Compute new object addresses
[332.371s][info][gc,phases      ] GC(900) Phase 2: Compute new object addresses 177.548ms
[332.371s][info][gc,phases,start] GC(900) Phase 3: Adjust pointers
[332.451s][info][gc,phases      ] GC(900) Phase 3: Adjust pointers 79.906ms
[332.451s][info][gc,phases,start] GC(900) Phase 4: Move objects
[332.458s][info][gc,phases      ] GC(900) Phase 4: Move objects 6.878ms
[332.464s][info][gc,heap        ] GC(900) ParNew: 59620K->0K(460096K)
[332.464s][info][gc,heap        ] GC(900) CMS: 712860K->168801K(7877440K)
[332.464s][info][gc,metaspace   ] GC(900) Metaspace: 87216K(93100K)->87216K(93100K) NonClass: 76194K(79136K)->76194K(79136K) Class: 11022K(13964K)->11022K(13964K)
[332.465s][info][gc             ] GC(900) Pause Full (System.gc()) 754M->164M(8142M) 399.213ms
[332.465s][info][gc,cpu         ] GC(900) User=0.38s Sys=0.00s Real=0.41s
[332.608s][info][gc,start       ] GC(901) Pause Young (Allocation Failure)
[332.608s][info][gc,task        ] GC(901) Using 6 workers of 6 for evacuation
[332.705s][info][gc,heap        ] GC(901) ParNew: 409024K->51072K(460096K)
[332.705s][info][gc,heap        ] GC(901) CMS: 168801K->229470K(7877440K)
[332.705s][info][gc,metaspace   ] GC(901) Metaspace: 87227K(93100K)->87227K(93100K) NonClass: 76204K(79136K)->76204K(79136K) Class: 11022K(13964K)->11022K(13964K)
[332.705s][info][gc             ] GC(901) Pause Young (Allocation Failure) 564M->273M(8142M) 96.662ms
[332.705s][info][gc,cpu         ] GC(901) User=0.22s Sys=0.00s Real=0.10s
[332.882s][info][gc,start       ] GC(902) Pause Young (Allocation Failure)
[332.882s][info][gc,task        ] GC(902) Using 6 workers of 6 for evacuation
[332.964s][info][gc,heap        ] GC(902) ParNew: 460096K->51072K(460096K)
[332.964s][info][gc,heap        ] GC(902) CMS: 229470K->289429K(7877440K)
[332.964s][info][gc,metaspace   ] GC(902) Metaspace: 87227K(93100K)->87227K(93100K) NonClass: 76204K(79136K)->76204K(79136K) Class: 11022K(13964K)->11022K(13964K)
[332.964s][info][gc             ] GC(902) Pause Young (Allocation Failure) 673M->332M(8142M) 82.222ms
[332.964s][info][gc,cpu         ] GC(902) User=0.41s Sys=0.00s Real=0.08s
[333.156s][info][gc,start       ] GC(903) Pause Young (Allocation Failure)
[333.156s][info][gc,task        ] GC(903) Using 6 workers of 6 for evacuation
[333.232s][info][gc,heap        ] GC(903) ParNew: 460096K->51072K(460096K)
[333.232s][info][gc,heap        ] GC(903) CMS: 289429K->325382K(7877440K)
[333.232s][info][gc,metaspace   ] GC(903) Metaspace: 87227K(93100K)->87227K(93100K) NonClass: 76204K(79136K)->76204K(79136K) Class: 11022K(13964K)->11022K(13964K)
[333.232s][info][gc             ] GC(903) Pause Young (Allocation Failure) 731M->367M(8142M) 76.576ms
[333.232s][info][gc,cpu         ] GC(903) User=0.38s Sys=0.00s Real=0.06s
[333.431s][info][gc,start       ] GC(904) Pause Young (Allocation Failure)
[333.432s][info][gc,task        ] GC(904) Using 6 workers of 6 for evacuation
[333.503s][info][gc,heap        ] GC(904) ParNew: 460096K->33822K(460096K)
[333.503s][info][gc,heap        ] GC(904) CMS: 325382K->361443K(7877440K)
[333.503s][info][gc,metaspace   ] GC(904) Metaspace: 87227K(93100K)->87227K(93100K) NonClass: 76204K(79136K)->76204K(79136K) Class: 11022K(13964K)->11022K(13964K)
[333.503s][info][gc             ] GC(904) Pause Young (Allocation Failure) 767M->386M(8142M) 71.444ms
[333.503s][info][gc,cpu         ] GC(904) User=0.39s Sys=0.00s Real=0.08s
[334.102s][info][gc,start       ] GC(905) Pause Young (Allocation Failure)
[334.102s][info][gc,task        ] GC(905) Using 6 workers of 6 for evacuation
[334.197s][info][gc,heap        ] GC(905) ParNew: 442846K->51072K(460096K)
[334.197s][info][gc,heap        ] GC(905) CMS: 361443K->386790K(7877440K)
[334.197s][info][gc,metaspace   ] GC(905) Metaspace: 87231K(93100K)->87231K(93100K) NonClass: 76208K(79136K)->76208K(79136K) Class: 11022K(13964K)->11022K(13964K)
[334.197s][info][gc             ] GC(905) Pause Young (Allocation Failure) 785M->427M(8142M) 94.500ms
[334.197s][info][gc,cpu         ] GC(905) User=0.48s Sys=0.00s Real=0.09s
[334.324s][info][gc,start       ] GC(906) Pause Young (Allocation Failure)
[334.324s][info][gc,task        ] GC(906) Using 6 workers of 6 for evacuation
[334.430s][info][gc,heap        ] GC(906) ParNew: 460096K->51072K(460096K)
[334.430s][info][gc,heap        ] GC(906) CMS: 386790K->450595K(7877440K)
[334.430s][info][gc,metaspace   ] GC(906) Metaspace: 87231K(93100K)->87231K(93100K) NonClass: 76208K(79136K)->76208K(79136K) Class: 11022K(13964K)->11022K(13964K)
[334.431s][info][gc             ] GC(906) Pause Young (Allocation Failure) 827M->489M(8142M) 106.986ms
[334.431s][info][gc,cpu         ] GC(906) User=0.23s Sys=0.00s Real=0.11s
[334.613s][info][gc,start       ] GC(907) Pause Young (Allocation Failure)
[334.613s][info][gc,task        ] GC(907) Using 6 workers of 6 for evacuation
[334.697s][info][gc,heap        ] GC(907) ParNew: 460096K->51072K(460096K)
[334.697s][info][gc,heap        ] GC(907) CMS: 450595K->509532K(7877440K)
[334.697s][info][gc,metaspace   ] GC(907) Metaspace: 87231K(93100K)->87231K(93100K) NonClass: 76208K(79136K)->76208K(79136K) Class: 11022K(13964K)->11022K(13964K)
[334.697s][info][gc             ] GC(907) Pause Young (Allocation Failure) 889M->547M(8142M) 83.977ms
[334.697s][info][gc,cpu         ] GC(907) User=0.39s Sys=0.00s Real=0.08s
[334.890s][info][gc,start       ] GC(908) Pause Young (Allocation Failure)
[334.890s][info][gc,task        ] GC(908) Using 6 workers of 6 for evacuation
[334.965s][info][gc,heap        ] GC(908) ParNew: 460096K->43064K(460096K)
[334.965s][info][gc,heap        ] GC(908) CMS: 509532K->547103K(7877440K)
[334.965s][info][gc,metaspace   ] GC(908) Metaspace: 87231K(93100K)->87231K(93100K) NonClass: 76208K(79136K)->76208K(79136K) Class: 11022K(13964K)->11022K(13964K)
[334.965s][info][gc             ] GC(908) Pause Young (Allocation Failure) 946M->576M(8142M) 74.751ms
[334.965s][info][gc,cpu         ] GC(908) User=0.39s Sys=0.00s Real=0.08s
[335.422s][info][gc,start       ] GC(909) Pause Young (Allocation Failure)
[335.422s][info][gc,task        ] GC(909) Using 6 workers of 6 for evacuation
[335.499s][info][gc,heap        ] GC(909) ParNew: 452088K->33310K(460096K)
[335.500s][info][gc,heap        ] GC(909) CMS: 547103K->573599K(7877440K)
[335.500s][info][gc,metaspace   ] GC(909) Metaspace: 87231K(93100K)->87231K(93100K) NonClass: 76208K(79136K)->76208K(79136K) Class: 11022K(13964K)->11022K(13964K)
[335.500s][info][gc             ] GC(909) Pause Young (Allocation Failure) 975M->592M(8142M) 77.451ms
[335.500s][info][gc,cpu         ] GC(909) User=0.39s Sys=0.00s Real=0.08s
[335.838s][info][gc,start       ] GC(910) Pause Young (Allocation Failure)
[335.838s][info][gc,task        ] GC(910) Using 6 workers of 6 for evacuation
[335.896s][info][gc,heap        ] GC(910) ParNew: 442334K->51072K(460096K)
[335.896s][info][gc,heap        ] GC(910) CMS: 573599K->580237K(7877440K)
[335.896s][info][gc,metaspace   ] GC(910) Metaspace: 87231K(93100K)->87231K(93100K) NonClass: 76208K(79136K)->76208K(79136K) Class: 11022K(13964K)->11022K(13964K)
[335.896s][info][gc             ] GC(910) Pause Young (Allocation Failure) 992M->616M(8142M) 57.727ms
[335.896s][info][gc,cpu         ] GC(910) User=0.27s Sys=0.00s Real=0.06s
[336.208s][info][gc,start       ] GC(911) Pause Young (Allocation Failure)
[336.209s][info][gc,task        ] GC(911) Using 6 workers of 6 for evacuation
[336.278s][info][gc,heap        ] GC(911) ParNew: 460096K->51072K(460096K)
[336.278s][info][gc,heap        ] GC(911) CMS: 580237K->607215K(7877440K)
[336.278s][info][gc,metaspace   ] GC(911) Metaspace: 87231K(93100K)->87231K(93100K) NonClass: 76208K(79136K)->76208K(79136K) Class: 11022K(13964K)->11022K(13964K)
[336.278s][info][gc             ] GC(911) Pause Young (Allocation Failure) 1015M->642M(8142M) 69.645ms
[336.278s][info][gc,cpu         ] GC(911) User=0.12s Sys=0.00s Real=0.06s
[336.509s][info][gc,start       ] GC(912) Pause Young (Allocation Failure)
[336.509s][info][gc,task        ] GC(912) Using 6 workers of 6 for evacuation
[336.557s][info][gc,heap        ] GC(912) ParNew: 460096K->51072K(460096K)
[336.558s][info][gc,heap        ] GC(912) CMS: 607215K->611398K(7877440K)
[336.558s][info][gc,metaspace   ] GC(912) Metaspace: 87231K(93100K)->87231K(93100K) NonClass: 76208K(79136K)->76208K(79136K) Class: 11022K(13964K)->11022K(13964K)
[336.558s][info][gc             ] GC(912) Pause Young (Allocation Failure) 1042M->646M(8142M) 49.165ms
[336.558s][info][gc,cpu         ] GC(912) User=0.11s Sys=0.00s Real=0.05s
[336.921s][info][gc,start       ] GC(913) Pause Young (Allocation Failure)
[336.921s][info][gc,task        ] GC(913) Using 6 workers of 6 for evacuation
[336.978s][info][gc,heap        ] GC(913) ParNew: 460096K->51072K(460096K)
[336.978s][info][gc,heap        ] GC(913) CMS: 611398K->635884K(7877440K)
[336.978s][info][gc,metaspace   ] GC(913) Metaspace: 87231K(93100K)->87231K(93100K) NonClass: 76208K(79136K)->76208K(79136K) Class: 11022K(13964K)->11022K(13964K)
[336.978s][info][gc             ] GC(913) Pause Young (Allocation Failure) 1046M->670M(8142M) 57.373ms
[336.978s][info][gc,cpu         ] GC(913) User=0.27s Sys=0.00s Real=0.05s
[337.180s][info][gc,start       ] GC(914) Pause Young (Allocation Failure)
[337.180s][info][gc,task        ] GC(914) Using 6 workers of 6 for evacuation
[337.232s][info][gc,heap        ] GC(914) ParNew: 460096K->51072K(460096K)
[337.232s][info][gc,heap        ] GC(914) CMS: 635884K->657447K(7877440K)
[337.232s][info][gc,metaspace   ] GC(914) Metaspace: 87232K(93100K)->87232K(93100K) NonClass: 76210K(79136K)->76210K(79136K) Class: 11022K(13964K)->11022K(13964K)
[337.232s][info][gc             ] GC(914) Pause Young (Allocation Failure) 1070M->691M(8142M) 52.179ms
[337.232s][info][gc,cpu         ] GC(914) User=0.28s Sys=0.00s Real=0.05s
[337.375s][info][gc,start       ] GC(915) Pause Young (Allocation Failure)
[337.375s][info][gc,task        ] GC(915) Using 6 workers of 6 for evacuation
[337.599s][info][gc,heap        ] GC(915) ParNew: 460096K->51072K(460096K)
[337.599s][info][gc,heap        ] GC(915) CMS: 657447K->710614K(7877440K)
[337.599s][info][gc,metaspace   ] GC(915) Metaspace: 87232K(93100K)->87232K(93100K) NonClass: 76210K(79136K)->76210K(79136K) Class: 11022K(13964K)->11022K(13964K)
[337.599s][info][gc             ] GC(915) Pause Young (Allocation Failure) 1091M->743M(8142M) 224.129ms
[337.599s][info][gc,cpu         ] GC(915) User=1.27s Sys=0.00s Real=0.24s
[337.603s][info][gc,start       ] GC(916) Pause Full (System.gc())
[337.606s][info][gc,phases,start] GC(916) Phase 1: Mark live objects
[337.729s][info][gc,phases      ] GC(916) Phase 1: Mark live objects 122.979ms
[337.729s][info][gc,phases,start] GC(916) Phase 2: Compute new object addresses
[337.911s][info][gc,phases      ] GC(916) Phase 2: Compute new object addresses 182.000ms
[337.911s][info][gc,phases,start] GC(916) Phase 3: Adjust pointers
[337.990s][info][gc,phases      ] GC(916) Phase 3: Adjust pointers 78.819ms
[337.990s][info][gc,phases,start] GC(916) Phase 4: Move objects
[337.991s][info][gc,phases      ] GC(916) Phase 4: Move objects 1.398ms
[337.997s][info][gc,heap        ] GC(916) ParNew: 59624K->0K(460096K)
[337.997s][info][gc,heap        ] GC(916) CMS: 710614K->168854K(7877440K)
[337.997s][info][gc,metaspace   ] GC(916) Metaspace: 87232K(93100K)->87232K(93100K) NonClass: 76210K(79136K)->76210K(79136K) Class: 11022K(13964K)->11022K(13964K)
[337.998s][info][gc             ] GC(916) Pause Full (System.gc()) 752M->164M(8142M) 394.171ms
[337.998s][info][gc,cpu         ] GC(916) User=0.38s Sys=0.00s Real=0.39s
[338.148s][info][gc,start       ] GC(917) Pause Young (Allocation Failure)
[338.148s][info][gc,task        ] GC(917) Using 6 workers of 6 for evacuation
[338.240s][info][gc,heap        ] GC(917) ParNew: 409024K->51072K(460096K)
[338.240s][info][gc,heap        ] GC(917) CMS: 168854K->228056K(7877440K)
[338.240s][info][gc,metaspace   ] GC(917) Metaspace: 87232K(93100K)->87232K(93100K) NonClass: 76210K(79136K)->76210K(79136K) Class: 11022K(13964K)->11022K(13964K)
[338.240s][info][gc             ] GC(917) Pause Young (Allocation Failure) 564M->272M(8142M) 91.724ms
[338.240s][info][gc,cpu         ] GC(917) User=0.22s Sys=0.00s Real=0.08s
[338.411s][info][gc,start       ] GC(918) Pause Young (Allocation Failure)
[338.412s][info][gc,task        ] GC(918) Using 6 workers of 6 for evacuation
[338.484s][info][gc,heap        ] GC(918) ParNew: 456684K->51072K(460096K)
[338.484s][info][gc,heap        ] GC(918) CMS: 228056K->278541K(7877440K)
[338.484s][info][gc,metaspace   ] GC(918) Metaspace: 87232K(93100K)->87232K(93100K) NonClass: 76210K(79136K)->76210K(79136K) Class: 11022K(13964K)->11022K(13964K)
[338.484s][info][gc             ] GC(918) Pause Young (Allocation Failure) 668M->321M(8142M) 72.838ms
[338.484s][info][gc,cpu         ] GC(918) User=0.42s Sys=0.00s Real=0.08s
[338.668s][info][gc,start       ] GC(919) Pause Young (Allocation Failure)
[338.668s][info][gc,task        ] GC(919) Using 6 workers of 6 for evacuation
[338.744s][info][gc,heap        ] GC(919) ParNew: 460096K->51072K(460096K)
[338.744s][info][gc,heap        ] GC(919) CMS: 278541K->313796K(7877440K)
[338.744s][info][gc,metaspace   ] GC(919) Metaspace: 87233K(93100K)->87233K(93100K) NonClass: 76210K(79136K)->76210K(79136K) Class: 11022K(13964K)->11022K(13964K)
[338.744s][info][gc             ] GC(919) Pause Young (Allocation Failure) 721M->356M(8142M) 75.879ms
[338.744s][info][gc,cpu         ] GC(919) User=0.38s Sys=0.00s Real=0.08s
[338.939s][info][gc,start       ] GC(920) Pause Young (Allocation Failure)
[338.939s][info][gc,task        ] GC(920) Using 6 workers of 6 for evacuation
[339.010s][info][gc,heap        ] GC(920) ParNew: 460096K->34210K(460096K)
[339.010s][info][gc,heap        ] GC(920) CMS: 313796K->350889K(7877440K)
[339.010s][info][gc,metaspace   ] GC(920) Metaspace: 87233K(93100K)->87233K(93100K) NonClass: 76210K(79136K)->76210K(79136K) Class: 11022K(13964K)->11022K(13964K)
[339.010s][info][gc             ] GC(920) Pause Young (Allocation Failure) 755M->376M(8142M) 71.400ms
[339.010s][info][gc,cpu         ] GC(920) User=0.38s Sys=0.00s Real=0.08s
[339.602s][info][gc,start       ] GC(921) Pause Young (Allocation Failure)
[339.603s][info][gc,task        ] GC(921) Using 6 workers of 6 for evacuation
[339.692s][info][gc,heap        ] GC(921) ParNew: 443234K->51072K(460096K)
[339.692s][info][gc,heap        ] GC(921) CMS: 350889K->377167K(7877440K)
[339.692s][info][gc,metaspace   ] GC(921) Metaspace: 87233K(93100K)->87233K(93100K) NonClass: 76210K(79136K)->76210K(79136K) Class: 11022K(13964K)->11022K(13964K)
[339.693s][info][gc             ] GC(921) Pause Young (Allocation Failure) 775M->418M(8142M) 90.028ms
[339.693s][info][gc,cpu         ] GC(921) User=0.45s Sys=0.00s Real=0.09s
[339.821s][info][gc,start       ] GC(922) Pause Young (Allocation Failure)
[339.821s][info][gc,task        ] GC(922) Using 6 workers of 6 for evacuation
[339.929s][info][gc,heap        ] GC(922) ParNew: 460096K->51072K(460096K)
[339.929s][info][gc,heap        ] GC(922) CMS: 377167K->440581K(7877440K)
[339.929s][info][gc,metaspace   ] GC(922) Metaspace: 87233K(93100K)->87233K(93100K) NonClass: 76210K(79136K)->76210K(79136K) Class: 11022K(13964K)->11022K(13964K)
[339.929s][info][gc             ] GC(922) Pause Young (Allocation Failure) 817M->480M(8142M) 108.490ms
[339.929s][info][gc,cpu         ] GC(922) User=0.23s Sys=0.00s Real=0.12s
[340.109s][info][gc,start       ] GC(923) Pause Young (Allocation Failure)
[340.110s][info][gc,task        ] GC(923) Using 6 workers of 6 for evacuation
[340.192s][info][gc,heap        ] GC(923) ParNew: 460096K->51072K(460096K)
[340.192s][info][gc,heap        ] GC(923) CMS: 440581K->496158K(7877440K)
[340.192s][info][gc,metaspace   ] GC(923) Metaspace: 87233K(93100K)->87233K(93100K) NonClass: 76210K(79136K)->76210K(79136K) Class: 11022K(13964K)->11022K(13964K)
[340.192s][info][gc             ] GC(923) Pause Young (Allocation Failure) 879M->534M(8142M) 82.563ms
[340.192s][info][gc,cpu         ] GC(923) User=0.42s Sys=0.00s Real=0.08s
[340.375s][info][gc,start       ] GC(924) Pause Young (Allocation Failure)
[340.375s][info][gc,task        ] GC(924) Using 6 workers of 6 for evacuation
[340.448s][info][gc,heap        ] GC(924) ParNew: 460096K->48981K(460096K)
[340.448s][info][gc,heap        ] GC(924) CMS: 496158K->534245K(7877440K)
[340.448s][info][gc,metaspace   ] GC(924) Metaspace: 87233K(93100K)->87233K(93100K) NonClass: 76210K(79136K)->76210K(79136K) Class: 11022K(13964K)->11022K(13964K)
[340.448s][info][gc             ] GC(924) Pause Young (Allocation Failure) 933M->569M(8142M) 72.228ms
[340.448s][info][gc,cpu         ] GC(924) User=0.33s Sys=0.00s Real=0.08s
[340.890s][info][gc,start       ] GC(925) Pause Young (Allocation Failure)
[340.890s][info][gc,task        ] GC(925) Using 6 workers of 6 for evacuation
[340.972s][info][gc,heap        ] GC(925) ParNew: 458005K->33564K(460096K)
[340.972s][info][gc,heap        ] GC(925) CMS: 534245K->564531K(7877440K)
[340.972s][info][gc,metaspace   ] GC(925) Metaspace: 87233K(93100K)->87233K(93100K) NonClass: 76210K(79136K)->76210K(79136K) Class: 11022K(13964K)->11022K(13964K)
[340.972s][info][gc             ] GC(925) Pause Young (Allocation Failure) 968M->584M(8142M) 81.571ms
[340.972s][info][gc,cpu         ] GC(925) User=0.45s Sys=0.00s Real=0.08s
[341.331s][info][gc,start       ] GC(926) Pause Young (Allocation Failure)
[341.331s][info][gc,task        ] GC(926) Using 6 workers of 6 for evacuation
[341.389s][info][gc,heap        ] GC(926) ParNew: 442588K->51072K(460096K)
[341.389s][info][gc,heap        ] GC(926) CMS: 564531K->571126K(7877440K)
[341.389s][info][gc,metaspace   ] GC(926) Metaspace: 87236K(93100K)->87236K(93100K) NonClass: 76213K(79136K)->76213K(79136K) Class: 11022K(13964K)->11022K(13964K)
[341.389s][info][gc             ] GC(926) Pause Young (Allocation Failure) 983M->607M(8142M) 57.685ms
[341.389s][info][gc,cpu         ] GC(926) User=0.28s Sys=0.00s Real=0.05s
[341.704s][info][gc,start       ] GC(927) Pause Young (Allocation Failure)
[341.704s][info][gc,task        ] GC(927) Using 6 workers of 6 for evacuation
[341.773s][info][gc,heap        ] GC(927) ParNew: 460096K->42983K(460096K)
[341.773s][info][gc,heap        ] GC(927) CMS: 571126K->598270K(7877440K)
[341.773s][info][gc,metaspace   ] GC(927) Metaspace: 87236K(93100K)->87236K(93100K) NonClass: 76213K(79136K)->76213K(79136K) Class: 11022K(13964K)->11022K(13964K)
[341.773s][info][gc             ] GC(927) Pause Young (Allocation Failure) 1007M->626M(8142M) 69.466ms
[341.773s][info][gc,cpu         ] GC(927) User=0.34s Sys=0.00s Real=0.08s
[342.006s][info][gc,start       ] GC(928) Pause Young (Allocation Failure)
[342.006s][info][gc,task        ] GC(928) Using 6 workers of 6 for evacuation
[342.054s][info][gc,heap        ] GC(928) ParNew: 452007K->51072K(460096K)
[342.054s][info][gc,heap        ] GC(928) CMS: 598270K->602194K(7877440K)
[342.054s][info][gc,metaspace   ] GC(928) Metaspace: 87236K(93100K)->87236K(93100K) NonClass: 76213K(79136K)->76213K(79136K) Class: 11022K(13964K)->11022K(13964K)
[342.054s][info][gc             ] GC(928) Pause Young (Allocation Failure) 1025M->637M(8142M) 47.902ms
[342.054s][info][gc,cpu         ] GC(928) User=0.08s Sys=0.00s Real=0.05s
[342.437s][info][gc,start       ] GC(929) Pause Young (Allocation Failure)
[342.437s][info][gc,task        ] GC(929) Using 6 workers of 6 for evacuation
[342.480s][info][gc,heap        ] GC(929) ParNew: 460087K->51072K(460096K)
[342.480s][info][gc,heap        ] GC(929) CMS: 602194K->614561K(7877440K)
[342.480s][info][gc,metaspace   ] GC(929) Metaspace: 87236K(93100K)->87236K(93100K) NonClass: 76213K(79136K)->76213K(79136K) Class: 11022K(13964K)->11022K(13964K)
[342.480s][info][gc             ] GC(929) Pause Young (Allocation Failure) 1037M->650M(8142M) 43.968ms
[342.481s][info][gc,cpu         ] GC(929) User=0.14s Sys=0.00s Real=0.04s
[342.653s][info][gc,start       ] GC(930) Pause Young (Allocation Failure)
[342.653s][info][gc,task        ] GC(930) Using 6 workers of 6 for evacuation
[342.704s][info][gc,heap        ] GC(930) ParNew: 460096K->51072K(460096K)
[342.704s][info][gc,heap        ] GC(930) CMS: 614561K->630030K(7877440K)
[342.704s][info][gc,metaspace   ] GC(930) Metaspace: 87236K(93100K)->87236K(93100K) NonClass: 76213K(79136K)->76213K(79136K) Class: 11022K(13964K)->11022K(13964K)
[342.704s][info][gc             ] GC(930) Pause Young (Allocation Failure) 1049M->665M(8142M) 51.438ms
[342.704s][info][gc,cpu         ] GC(930) User=0.22s Sys=0.00s Real=0.05s
[342.848s][info][gc,start       ] GC(931) Pause Young (Allocation Failure)
[342.848s][info][gc,task        ] GC(931) Using 6 workers of 6 for evacuation
[343.028s][info][gc,heap        ] GC(931) ParNew: 460096K->51072K(460096K)
[343.028s][info][gc,heap        ] GC(931) CMS: 630030K->695778K(7877440K)
[343.028s][info][gc,metaspace   ] GC(931) Metaspace: 87236K(93100K)->87236K(93100K) NonClass: 76213K(79136K)->76213K(79136K) Class: 11022K(13964K)->11022K(13964K)
[343.028s][info][gc             ] GC(931) Pause Young (Allocation Failure) 1064M->729M(8142M) 179.764ms
[343.028s][info][gc,cpu         ] GC(931) User=0.80s Sys=0.00s Real=0.19s
[343.033s][info][gc,start       ] GC(932) Pause Full (System.gc())
[343.035s][info][gc,phases,start] GC(932) Phase 1: Mark live objects
[343.160s][info][gc,phases      ] GC(932) Phase 1: Mark live objects 124.578ms
[343.160s][info][gc,phases,start] GC(932) Phase 2: Compute new object addresses
[343.337s][info][gc,phases      ] GC(932) Phase 2: Compute new object addresses 177.129ms
[343.337s][info][gc,phases,start] GC(932) Phase 3: Adjust pointers
[343.416s][info][gc,phases      ] GC(932) Phase 3: Adjust pointers 78.626ms
[343.416s][info][gc,phases,start] GC(932) Phase 4: Move objects
[343.417s][info][gc,phases      ] GC(932) Phase 4: Move objects 1.433ms
[343.423s][info][gc,heap        ] GC(932) ParNew: 55358K->0K(460096K)
[343.423s][info][gc,heap        ] GC(932) CMS: 695778K->168908K(7877440K)
[343.423s][info][gc,metaspace   ] GC(932) Metaspace: 87236K(93100K)->87236K(93100K) NonClass: 76213K(79136K)->76213K(79136K) Class: 11022K(13964K)->11022K(13964K)
[343.424s][info][gc             ] GC(932) Pause Full (System.gc()) 733M->164M(8142M) 390.792ms
[343.424s][info][gc,cpu         ] GC(932) User=0.36s Sys=0.00s Real=0.39s
[343.571s][info][gc,start       ] GC(933) Pause Young (Allocation Failure)
[343.571s][info][gc,task        ] GC(933) Using 6 workers of 6 for evacuation
[343.667s][info][gc,heap        ] GC(933) ParNew: 409024K->51072K(460096K)
[343.667s][info][gc,heap        ] GC(933) CMS: 168908K->229043K(7877440K)
[343.667s][info][gc,metaspace   ] GC(933) Metaspace: 87239K(93100K)->87239K(93100K) NonClass: 76216K(79136K)->76216K(79136K) Class: 11022K(13964K)->11022K(13964K)
[343.667s][info][gc             ] GC(933) Pause Young (Allocation Failure) 564M->273M(8142M) 96.729ms
[343.667s][info][gc,cpu         ] GC(933) User=0.17s Sys=0.00s Real=0.09s
[343.841s][info][gc,start       ] GC(934) Pause Young (Allocation Failure)
[343.841s][info][gc,task        ] GC(934) Using 6 workers of 6 for evacuation
[343.915s][info][gc,heap        ] GC(934) ParNew: 460096K->51072K(460096K)
[343.915s][info][gc,heap        ] GC(934) CMS: 229043K->278397K(7877440K)
[343.915s][info][gc,metaspace   ] GC(934) Metaspace: 87239K(93100K)->87239K(93100K) NonClass: 76216K(79136K)->76216K(79136K) Class: 11022K(13964K)->11022K(13964K)
[343.915s][info][gc             ] GC(934) Pause Young (Allocation Failure) 672M->321M(8142M) 73.807ms
[343.915s][info][gc,cpu         ] GC(934) User=0.25s Sys=0.00s Real=0.07s
[344.102s][info][gc,start       ] GC(935) Pause Young (Allocation Failure)
[344.102s][info][gc,task        ] GC(935) Using 6 workers of 6 for evacuation
[344.184s][info][gc,heap        ] GC(935) ParNew: 460096K->51072K(460096K)
[344.184s][info][gc,heap        ] GC(935) CMS: 278397K->314179K(7877440K)
[344.185s][info][gc,metaspace   ] GC(935) Metaspace: 87239K(93100K)->87239K(93100K) NonClass: 76216K(79136K)->76216K(79136K) Class: 11022K(13964K)->11022K(13964K)
[344.185s][info][gc             ] GC(935) Pause Young (Allocation Failure) 721M->356M(8142M) 82.223ms
[344.185s][info][gc,cpu         ] GC(935) User=0.42s Sys=0.00s Real=0.08s
[344.378s][info][gc,start       ] GC(936) Pause Young (Allocation Failure)
[344.378s][info][gc,task        ] GC(936) Using 6 workers of 6 for evacuation
[344.446s][info][gc,heap        ] GC(936) ParNew: 460096K->32748K(460096K)
[344.446s][info][gc,heap        ] GC(936) CMS: 314179K->352774K(7877440K)
[344.446s][info][gc,metaspace   ] GC(936) Metaspace: 87239K(93100K)->87239K(93100K) NonClass: 76216K(79136K)->76216K(79136K) Class: 11022K(13964K)->11022K(13964K)
[344.446s][info][gc             ] GC(936) Pause Young (Allocation Failure) 756M->376M(8142M) 68.305ms
[344.446s][info][gc,cpu         ] GC(936) User=0.38s Sys=0.00s Real=0.06s
[345.034s][info][gc,start       ] GC(937) Pause Young (Allocation Failure)
[345.034s][info][gc,task        ] GC(937) Using 6 workers of 6 for evacuation
[345.127s][info][gc,heap        ] GC(937) ParNew: 441772K->51072K(460096K)
[345.127s][info][gc,heap        ] GC(937) CMS: 352774K->378765K(7877440K)
[345.127s][info][gc,metaspace   ] GC(937) Metaspace: 87239K(93100K)->87239K(93100K) NonClass: 76216K(79136K)->76216K(79136K) Class: 11022K(13964K)->11022K(13964K)
[345.127s][info][gc             ] GC(937) Pause Young (Allocation Failure) 775M->419M(8142M) 93.618ms
[345.127s][info][gc,cpu         ] GC(937) User=0.52s Sys=0.00s Real=0.10s
[345.254s][info][gc,start       ] GC(938) Pause Young (Allocation Failure)
[345.254s][info][gc,task        ] GC(938) Using 6 workers of 6 for evacuation
[345.360s][info][gc,heap        ] GC(938) ParNew: 460096K->51072K(460096K)
[345.360s][info][gc,heap        ] GC(938) CMS: 378765K->442364K(7877440K)
[345.360s][info][gc,metaspace   ] GC(938) Metaspace: 87239K(93100K)->87239K(93100K) NonClass: 76216K(79136K)->76216K(79136K) Class: 11022K(13964K)->11022K(13964K)
[345.360s][info][gc             ] GC(938) Pause Young (Allocation Failure) 819M->481M(8142M) 106.338ms
[345.360s][info][gc,cpu         ] GC(938) User=0.33s Sys=0.00s Real=0.11s
[345.547s][info][gc,start       ] GC(939) Pause Young (Allocation Failure)
[345.547s][info][gc,task        ] GC(939) Using 6 workers of 6 for evacuation
[345.628s][info][gc,heap        ] GC(939) ParNew: 460096K->51072K(460096K)
[345.628s][info][gc,heap        ] GC(939) CMS: 442364K->499210K(7877440K)
[345.628s][info][gc,metaspace   ] GC(939) Metaspace: 87239K(93100K)->87239K(93100K) NonClass: 76216K(79136K)->76216K(79136K) Class: 11022K(13964K)->11022K(13964K)
[345.628s][info][gc             ] GC(939) Pause Young (Allocation Failure) 881M->537M(8142M) 81.087ms
[345.628s][info][gc,cpu         ] GC(939) User=0.39s Sys=0.00s Real=0.08s
[345.823s][info][gc,start       ] GC(940) Pause Young (Allocation Failure)
[345.823s][info][gc,task        ] GC(940) Using 6 workers of 6 for evacuation
[345.896s][info][gc,heap        ] GC(940) ParNew: 460096K->46683K(460096K)
[345.897s][info][gc,heap        ] GC(940) CMS: 499210K->541647K(7877440K)
[345.897s][info][gc,metaspace   ] GC(940) Metaspace: 87239K(93100K)->87239K(93100K) NonClass: 76216K(79136K)->76216K(79136K) Class: 11022K(13964K)->11022K(13964K)
[345.897s][info][gc             ] GC(940) Pause Young (Allocation Failure) 936M->574M(8142M) 73.669ms
[345.897s][info][gc,cpu         ] GC(940) User=0.38s Sys=0.00s Real=0.06s
[346.375s][info][gc,start       ] GC(941) Pause Young (Allocation Failure)
[346.375s][info][gc,task        ] GC(941) Using 6 workers of 6 for evacuation
[346.448s][info][gc,heap        ] GC(941) ParNew: 455707K->34257K(460096K)
[346.448s][info][gc,heap        ] GC(941) CMS: 541647K->568239K(7877440K)
[346.448s][info][gc,metaspace   ] GC(941) Metaspace: 87239K(93100K)->87239K(93100K) NonClass: 76216K(79136K)->76216K(79136K) Class: 11022K(13964K)->11022K(13964K)
[346.448s][info][gc             ] GC(941) Pause Young (Allocation Failure) 973M->588M(8142M) 72.774ms
[346.448s][info][gc,cpu         ] GC(941) User=0.38s Sys=0.00s Real=0.07s
[346.794s][info][gc,start       ] GC(942) Pause Young (Allocation Failure)
[346.794s][info][gc,task        ] GC(942) Using 6 workers of 6 for evacuation
[346.853s][info][gc,heap        ] GC(942) ParNew: 443281K->51072K(460096K)
[346.853s][info][gc,heap        ] GC(942) CMS: 568239K->574920K(7877440K)
[346.853s][info][gc,metaspace   ] GC(942) Metaspace: 87239K(93100K)->87239K(93100K) NonClass: 76216K(79136K)->76216K(79136K) Class: 11022K(13964K)->11022K(13964K)
[346.853s][info][gc             ] GC(942) Pause Young (Allocation Failure) 987M->611M(8142M) 59.267ms
[346.853s][info][gc,cpu         ] GC(942) User=0.30s Sys=0.06s Real=0.06s
[347.164s][info][gc,start       ] GC(943) Pause Young (Allocation Failure)
[347.164s][info][gc,task        ] GC(943) Using 6 workers of 6 for evacuation
[347.233s][info][gc,heap        ] GC(943) ParNew: 460096K->49413K(460096K)
[347.233s][info][gc,heap        ] GC(943) CMS: 574920K->601577K(7877440K)
[347.233s][info][gc,metaspace   ] GC(943) Metaspace: 87239K(93100K)->87239K(93100K) NonClass: 76216K(79136K)->76216K(79136K) Class: 11022K(13964K)->11022K(13964K)
[347.233s][info][gc             ] GC(943) Pause Young (Allocation Failure) 1010M->635M(8142M) 69.599ms
[347.233s][info][gc,cpu         ] GC(943) User=0.14s Sys=0.00s Real=0.06s
[347.461s][info][gc,start       ] GC(944) Pause Young (Allocation Failure)
[347.461s][info][gc,task        ] GC(944) Using 6 workers of 6 for evacuation
[347.509s][info][gc,heap        ] GC(944) ParNew: 458437K->51072K(460096K)
[347.509s][info][gc,heap        ] GC(944) CMS: 601577K->606114K(7877440K)
[347.509s][info][gc,metaspace   ] GC(944) Metaspace: 87239K(93100K)->87239K(93100K) NonClass: 76216K(79136K)->76216K(79136K) Class: 11022K(13964K)->11022K(13964K)
[347.509s][info][gc             ] GC(944) Pause Young (Allocation Failure) 1035M->641M(8142M) 48.462ms
[347.509s][info][gc,cpu         ] GC(944) User=0.09s Sys=0.00s Real=0.04s
[347.868s][info][gc,start       ] GC(945) Pause Young (Allocation Failure)
[347.868s][info][gc,task        ] GC(945) Using 6 workers of 6 for evacuation
[347.912s][info][gc,heap        ] GC(945) ParNew: 460096K->51072K(460096K)
[347.913s][info][gc,heap        ] GC(945) CMS: 606114K->624440K(7877440K)
[347.913s][info][gc,metaspace   ] GC(945) Metaspace: 87239K(93100K)->87239K(93100K) NonClass: 76217K(79136K)->76217K(79136K) Class: 11022K(13964K)->11022K(13964K)
[347.913s][info][gc             ] GC(945) Pause Young (Allocation Failure) 1041M->659M(8142M) 44.618ms
[347.913s][info][gc,cpu         ] GC(945) User=0.11s Sys=0.00s Real=0.05s
[348.119s][info][gc,start       ] GC(946) Pause Young (Allocation Failure)
[348.119s][info][gc,task        ] GC(946) Using 6 workers of 6 for evacuation
[348.179s][info][gc,heap        ] GC(946) ParNew: 460096K->51072K(460096K)
[348.179s][info][gc,heap        ] GC(946) CMS: 624440K->647908K(7877440K)
[348.179s][info][gc,metaspace   ] GC(946) Metaspace: 87239K(93100K)->87239K(93100K) NonClass: 76217K(79136K)->76217K(79136K) Class: 11022K(13964K)->11022K(13964K)
[348.179s][info][gc             ] GC(946) Pause Young (Allocation Failure) 1059M->682M(8142M) 60.780ms
[348.179s][info][gc,cpu         ] GC(946) User=0.39s Sys=0.00s Real=0.06s
[348.324s][info][gc,start       ] GC(947) Pause Young (Allocation Failure)
[348.324s][info][gc,task        ] GC(947) Using 6 workers of 6 for evacuation
[348.579s][info][gc,heap        ] GC(947) ParNew: 460096K->51072K(460096K)
[348.579s][info][gc,heap        ] GC(947) CMS: 647908K->703516K(7877440K)
[348.579s][info][gc,metaspace   ] GC(947) Metaspace: 87239K(93100K)->87239K(93100K) NonClass: 76217K(79136K)->76217K(79136K) Class: 11022K(13964K)->11022K(13964K)
[348.579s][info][gc             ] GC(947) Pause Young (Allocation Failure) 1082M->736M(8142M) 255.172ms
[348.579s][info][gc,cpu         ] GC(947) User=1.39s Sys=0.00s Real=0.25s
[348.583s][info][gc,start       ] GC(948) Pause Full (System.gc())
[348.586s][info][gc,phases,start] GC(948) Phase 1: Mark live objects
[348.708s][info][gc,phases      ] GC(948) Phase 1: Mark live objects 122.097ms
[348.708s][info][gc,phases,start] GC(948) Phase 2: Compute new object addresses
[348.888s][info][gc,phases      ] GC(948) Phase 2: Compute new object addresses 179.782ms
[348.888s][info][gc,phases,start] GC(948) Phase 3: Adjust pointers
[348.967s][info][gc,phases      ] GC(948) Phase 3: Adjust pointers 79.101ms
[348.967s][info][gc,phases,start] GC(948) Phase 4: Move objects
[348.969s][info][gc,phases      ] GC(948) Phase 4: Move objects 1.501ms
[348.975s][info][gc,heap        ] GC(948) ParNew: 59633K->0K(460096K)
[348.975s][info][gc,heap        ] GC(948) CMS: 703516K->168972K(7877440K)
[348.975s][info][gc,metaspace   ] GC(948) Metaspace: 87239K(93100K)->87239K(93100K) NonClass: 76217K(79136K)->76217K(79136K) Class: 11022K(13964K)->11022K(13964K)
[348.975s][info][gc             ] GC(948) Pause Full (System.gc()) 745M->165M(8142M) 392.701ms
[348.975s][info][gc,cpu         ] GC(948) User=0.33s Sys=0.00s Real=0.39s
[349.124s][info][gc,start       ] GC(949) Pause Young (Allocation Failure)
[349.124s][info][gc,task        ] GC(949) Using 6 workers of 6 for evacuation
[349.220s][info][gc,heap        ] GC(949) ParNew: 409024K->51072K(460096K)
[349.220s][info][gc,heap        ] GC(949) CMS: 168972K->228708K(7877440K)
[349.220s][info][gc,metaspace   ] GC(949) Metaspace: 87239K(93100K)->87239K(93100K) NonClass: 76217K(79136K)->76217K(79136K) Class: 11022K(13964K)->11022K(13964K)
[349.220s][info][gc             ] GC(949) Pause Young (Allocation Failure) 564M->273M(8142M) 95.868ms
[349.220s][info][gc,cpu         ] GC(949) User=0.20s Sys=0.00s Real=0.09s
[349.393s][info][gc,start       ] GC(950) Pause Young (Allocation Failure)
[349.393s][info][gc,task        ] GC(950) Using 6 workers of 6 for evacuation
[349.469s][info][gc,heap        ] GC(950) ParNew: 458826K->51072K(460096K)
[349.469s][info][gc,heap        ] GC(950) CMS: 228708K->281292K(7877440K)
[349.469s][info][gc,metaspace   ] GC(950) Metaspace: 87239K(93100K)->87239K(93100K) NonClass: 76217K(79136K)->76217K(79136K) Class: 11022K(13964K)->11022K(13964K)
[349.469s][info][gc             ] GC(950) Pause Young (Allocation Failure) 671M->324M(8142M) 75.986ms
[349.469s][info][gc,cpu         ] GC(950) User=0.39s Sys=0.00s Real=0.08s
[349.655s][info][gc,start       ] GC(951) Pause Young (Allocation Failure)
[349.655s][info][gc,task        ] GC(951) Using 6 workers of 6 for evacuation
[349.729s][info][gc,heap        ] GC(951) ParNew: 460096K->51072K(460096K)
[349.729s][info][gc,heap        ] GC(951) CMS: 281292K->313781K(7877440K)
[349.729s][info][gc,metaspace   ] GC(951) Metaspace: 87239K(93100K)->87239K(93100K) NonClass: 76217K(79136K)->76217K(79136K) Class: 11022K(13964K)->11022K(13964K)
[349.729s][info][gc             ] GC(951) Pause Young (Allocation Failure) 724M->356M(8142M) 74.723ms
[349.729s][info][gc,cpu         ] GC(951) User=0.38s Sys=0.00s Real=0.06s
[349.925s][info][gc,start       ] GC(952) Pause Young (Allocation Failure)
[349.925s][info][gc,task        ] GC(952) Using 6 workers of 6 for evacuation
[349.997s][info][gc,heap        ] GC(952) ParNew: 460096K->34681K(460096K)
[349.997s][info][gc,heap        ] GC(952) CMS: 313781K->351008K(7877440K)
[349.997s][info][gc,metaspace   ] GC(952) Metaspace: 87239K(93100K)->87239K(93100K) NonClass: 76217K(79136K)->76217K(79136K) Class: 11022K(13964K)->11022K(13964K)
[349.997s][info][gc             ] GC(952) Pause Young (Allocation Failure) 755M->376M(8142M) 72.174ms
[349.997s][info][gc,cpu         ] GC(952) User=0.38s Sys=0.00s Real=0.06s
[350.584s][info][gc,start       ] GC(953) Pause Young (Allocation Failure)
[350.584s][info][gc,task        ] GC(953) Using 6 workers of 6 for evacuation
[350.674s][info][gc,heap        ] GC(953) ParNew: 443705K->51072K(460096K)
[350.674s][info][gc,heap        ] GC(953) CMS: 351008K->376944K(7877440K)
[350.674s][info][gc,metaspace   ] GC(953) Metaspace: 87239K(93100K)->87239K(93100K) NonClass: 76217K(79136K)->76217K(79136K) Class: 11022K(13964K)->11022K(13964K)
[350.674s][info][gc             ] GC(953) Pause Young (Allocation Failure) 776M->417M(8142M) 90.247ms
[350.674s][info][gc,cpu         ] GC(953) User=0.48s Sys=0.00s Real=0.09s
[350.801s][info][gc,start       ] GC(954) Pause Young (Allocation Failure)
[350.801s][info][gc,task        ] GC(954) Using 6 workers of 6 for evacuation
[350.906s][info][gc,heap        ] GC(954) ParNew: 460096K->51072K(460096K)
[350.907s][info][gc,heap        ] GC(954) CMS: 376944K->441739K(7877440K)
[350.907s][info][gc,metaspace   ] GC(954) Metaspace: 87239K(93100K)->87239K(93100K) NonClass: 76217K(79136K)->76217K(79136K) Class: 11022K(13964K)->11022K(13964K)
[350.907s][info][gc             ] GC(954) Pause Young (Allocation Failure) 817M->481M(8142M) 105.738ms
[350.907s][info][gc,cpu         ] GC(954) User=0.47s Sys=0.00s Real=0.09s
[351.086s][info][gc,start       ] GC(955) Pause Young (Allocation Failure)
[351.087s][info][gc,task        ] GC(955) Using 6 workers of 6 for evacuation
[351.179s][info][gc,heap        ] GC(955) ParNew: 460096K->51072K(460096K)
[351.179s][info][gc,heap        ] GC(955) CMS: 441739K->497118K(7877440K)
[351.179s][info][gc,metaspace   ] GC(955) Metaspace: 87239K(93100K)->87239K(93100K) NonClass: 76217K(79136K)->76217K(79136K) Class: 11022K(13964K)->11022K(13964K)
[351.179s][info][gc             ] GC(955) Pause Young (Allocation Failure) 880M->535M(8142M) 92.694ms
[351.179s][info][gc,cpu         ] GC(955) User=0.45s Sys=0.02s Real=0.10s
[351.370s][info][gc,start       ] GC(956) Pause Young (Allocation Failure)
[351.370s][info][gc,task        ] GC(956) Using 6 workers of 6 for evacuation
[351.444s][info][gc,heap        ] GC(956) ParNew: 460096K->50183K(460096K)
[351.444s][info][gc,heap        ] GC(956) CMS: 497118K->539892K(7877440K)
[351.444s][info][gc,metaspace   ] GC(956) Metaspace: 87239K(93100K)->87239K(93100K) NonClass: 76217K(79136K)->76217K(79136K) Class: 11022K(13964K)->11022K(13964K)
[351.444s][info][gc             ] GC(956) Pause Young (Allocation Failure) 934M->576M(8142M) 74.022ms
[351.444s][info][gc,cpu         ] GC(956) User=0.39s Sys=0.00s Real=0.08s
[351.904s][info][gc,start       ] GC(957) Pause Young (Allocation Failure)
[351.904s][info][gc,task        ] GC(957) Using 6 workers of 6 for evacuation
[351.978s][info][gc,heap        ] GC(957) ParNew: 459207K->47607K(460096K)
[351.978s][info][gc,heap        ] GC(957) CMS: 539892K->566335K(7877440K)
[351.978s][info][gc,metaspace   ] GC(957) Metaspace: 87239K(93100K)->87239K(93100K) NonClass: 76217K(79136K)->76217K(79136K) Class: 11022K(13964K)->11022K(13964K)
[351.978s][info][gc             ] GC(957) Pause Young (Allocation Failure) 975M->599M(8142M) 74.812ms
[351.978s][info][gc,cpu         ] GC(957) User=0.39s Sys=0.00s Real=0.08s
[352.311s][info][gc,start       ] GC(958) Pause Young (Allocation Failure)
[352.311s][info][gc,task        ] GC(958) Using 6 workers of 6 for evacuation
[352.367s][info][gc,heap        ] GC(958) ParNew: 456631K->51072K(460096K)
[352.367s][info][gc,heap        ] GC(958) CMS: 566335K->569724K(7877440K)
[352.367s][info][gc,metaspace   ] GC(958) Metaspace: 87239K(93100K)->87239K(93100K) NonClass: 76217K(79136K)->76217K(79136K) Class: 11022K(13964K)->11022K(13964K)
[352.367s][info][gc             ] GC(958) Pause Young (Allocation Failure) 998M->606M(8142M) 55.791ms
[352.367s][info][gc,cpu         ] GC(958) User=0.28s Sys=0.00s Real=0.05s
[352.680s][info][gc,start       ] GC(959) Pause Young (Allocation Failure)
[352.680s][info][gc,task        ] GC(959) Using 6 workers of 6 for evacuation
[352.749s][info][gc,heap        ] GC(959) ParNew: 460096K->45512K(460096K)
[352.749s][info][gc,heap        ] GC(959) CMS: 569724K->596811K(7877440K)
[352.749s][info][gc,metaspace   ] GC(959) Metaspace: 87239K(93100K)->87239K(93100K) NonClass: 76217K(79136K)->76217K(79136K) Class: 11022K(13964K)->11022K(13964K)
[352.749s][info][gc             ] GC(959) Pause Young (Allocation Failure) 1005M->627M(8142M) 68.760ms
[352.749s][info][gc,cpu         ] GC(959) User=0.45s Sys=0.00s Real=0.08s
[352.973s][info][gc,start       ] GC(960) Pause Young (Allocation Failure)
[352.973s][info][gc,task        ] GC(960) Using 6 workers of 6 for evacuation
[353.022s][info][gc,heap        ] GC(960) ParNew: 454536K->51072K(460096K)
[353.023s][info][gc,heap        ] GC(960) CMS: 596811K->600992K(7877440K)
[353.023s][info][gc,metaspace   ] GC(960) Metaspace: 87239K(93100K)->87239K(93100K) NonClass: 76217K(79136K)->76217K(79136K) Class: 11022K(13964K)->11022K(13964K)
[353.023s][info][gc             ] GC(960) Pause Young (Allocation Failure) 1026M->636M(8142M) 49.244ms
[353.023s][info][gc,cpu         ] GC(960) User=0.06s Sys=0.02s Real=0.05s
[353.391s][info][gc,start       ] GC(961) Pause Young (Allocation Failure)
[353.391s][info][gc,task        ] GC(961) Using 6 workers of 6 for evacuation
[353.434s][info][gc,heap        ] GC(961) ParNew: 460096K->51072K(460096K)
[353.434s][info][gc,heap        ] GC(961) CMS: 600992K->611091K(7877440K)
[353.434s][info][gc,metaspace   ] GC(961) Metaspace: 87240K(93100K)->87240K(93100K) NonClass: 76217K(79136K)->76217K(79136K) Class: 11022K(13964K)->11022K(13964K)
[353.434s][info][gc             ] GC(961) Pause Young (Allocation Failure) 1036M->646M(8142M) 43.781ms
[353.434s][info][gc,cpu         ] GC(961) User=0.09s Sys=0.00s Real=0.03s
[353.651s][info][gc,start       ] GC(962) Pause Young (Allocation Failure)
[353.651s][info][gc,task        ] GC(962) Using 6 workers of 6 for evacuation
[353.706s][info][gc,heap        ] GC(962) ParNew: 460096K->51072K(460096K)
[353.706s][info][gc,heap        ] GC(962) CMS: 611091K->630672K(7877440K)
[353.706s][info][gc,metaspace   ] GC(962) Metaspace: 87242K(93100K)->87242K(93100K) NonClass: 76220K(79136K)->76220K(79136K) Class: 11022K(13964K)->11022K(13964K)
[353.706s][info][gc             ] GC(962) Pause Young (Allocation Failure) 1046M->665M(8142M) 55.660ms
[353.706s][info][gc,cpu         ] GC(962) User=0.30s Sys=0.00s Real=0.06s
[353.853s][info][gc,start       ] GC(963) Pause Full (System.gc())
[353.855s][info][gc,phases,start] GC(963) Phase 1: Mark live objects
[353.979s][info][gc,phases      ] GC(963) Phase 1: Mark live objects 123.797ms
[353.979s][info][gc,phases,start] GC(963) Phase 2: Compute new object addresses
[354.203s][info][gc,phases      ] GC(963) Phase 2: Compute new object addresses 223.869ms
[354.203s][info][gc,phases,start] GC(963) Phase 3: Adjust pointers
[354.282s][info][gc,phases      ] GC(963) Phase 3: Adjust pointers 78.958ms
[354.282s][info][gc,phases,start] GC(963) Phase 4: Move objects
[354.284s][info][gc,phases      ] GC(963) Phase 4: Move objects 1.602ms
[354.290s][info][gc,heap        ] GC(963) ParNew: 459478K->0K(460096K)
[354.290s][info][gc,heap        ] GC(963) CMS: 630672K->169048K(7877440K)
[354.290s][info][gc,metaspace   ] GC(963) Metaspace: 87242K(93100K)->87242K(93100K) NonClass: 76220K(79136K)->76220K(79136K) Class: 11022K(13964K)->11022K(13964K)
[354.291s][info][gc             ] GC(963) Pause Full (System.gc()) 1064M->165M(8142M) 437.473ms
[354.291s][info][gc,cpu         ] GC(963) User=0.44s Sys=0.00s Real=0.44s
[354.437s][info][gc,start       ] GC(964) Pause Young (Allocation Failure)
[354.437s][info][gc,task        ] GC(964) Using 6 workers of 6 for evacuation
[354.532s][info][gc,heap        ] GC(964) ParNew: 409024K->51072K(460096K)
[354.532s][info][gc,heap        ] GC(964) CMS: 169048K->229524K(7877440K)
[354.532s][info][gc,metaspace   ] GC(964) Metaspace: 87243K(93100K)->87243K(93100K) NonClass: 76220K(79136K)->76220K(79136K) Class: 11022K(13964K)->11022K(13964K)
[354.533s][info][gc             ] GC(964) Pause Young (Allocation Failure) 564M->274M(8142M) 95.781ms
[354.533s][info][gc,cpu         ] GC(964) User=0.16s Sys=0.00s Real=0.09s
[354.705s][info][gc,start       ] GC(965) Pause Young (Allocation Failure)
[354.705s][info][gc,task        ] GC(965) Using 6 workers of 6 for evacuation
[354.783s][info][gc,heap        ] GC(965) ParNew: 460096K->51072K(460096K)
[354.783s][info][gc,heap        ] GC(965) CMS: 229524K->285880K(7877440K)
[354.783s][info][gc,metaspace   ] GC(965) Metaspace: 87243K(93100K)->87243K(93100K) NonClass: 76220K(79136K)->76220K(79136K) Class: 11022K(13964K)->11022K(13964K)
[354.783s][info][gc             ] GC(965) Pause Young (Allocation Failure) 673M->329M(8142M) 77.917ms
[354.783s][info][gc,cpu         ] GC(965) User=0.33s Sys=0.05s Real=0.08s
[354.977s][info][gc,start       ] GC(966) Pause Young (Allocation Failure)
[354.977s][info][gc,task        ] GC(966) Using 6 workers of 6 for evacuation
[355.052s][info][gc,heap        ] GC(966) ParNew: 460096K->51072K(460096K)
[355.053s][info][gc,heap        ] GC(966) CMS: 285880K->321889K(7877440K)
[355.053s][info][gc,metaspace   ] GC(966) Metaspace: 87243K(93100K)->87243K(93100K) NonClass: 76220K(79136K)->76220K(79136K) Class: 11022K(13964K)->11022K(13964K)
[355.053s][info][gc             ] GC(966) Pause Young (Allocation Failure) 728M->364M(8142M) 75.844ms
[355.053s][info][gc,cpu         ] GC(966) User=0.39s Sys=0.00s Real=0.08s
[355.262s][info][gc,start       ] GC(967) Pause Young (Allocation Failure)
[355.262s][info][gc,task        ] GC(967) Using 6 workers of 6 for evacuation
[355.333s][info][gc,heap        ] GC(967) ParNew: 460096K->35267K(460096K)
[355.333s][info][gc,heap        ] GC(967) CMS: 321889K->354909K(7877440K)
[355.333s][info][gc,metaspace   ] GC(967) Metaspace: 87243K(93100K)->87243K(93100K) NonClass: 76220K(79136K)->76220K(79136K) Class: 11022K(13964K)->11022K(13964K)
[355.333s][info][gc             ] GC(967) Pause Young (Allocation Failure) 763M->381M(8142M) 71.044ms
[355.333s][info][gc,cpu         ] GC(967) User=0.28s Sys=0.00s Real=0.06s
[355.983s][info][gc,start       ] GC(968) Pause Young (Allocation Failure)
[355.984s][info][gc,task        ] GC(968) Using 6 workers of 6 for evacuation
[356.073s][info][gc,heap        ] GC(968) ParNew: 444291K->51072K(460096K)
[356.073s][info][gc,heap        ] GC(968) CMS: 354909K->380862K(7877440K)
[356.073s][info][gc,metaspace   ] GC(968) Metaspace: 87243K(93100K)->87243K(93100K) NonClass: 76220K(79136K)->76220K(79136K) Class: 11022K(13964K)->11022K(13964K)
[356.073s][info][gc             ] GC(968) Pause Young (Allocation Failure) 780M->421M(8142M) 89.632ms
[356.073s][info][gc,cpu         ] GC(968) User=0.47s Sys=0.00s Real=0.09s
[356.201s][info][gc,start       ] GC(969) Pause Young (Allocation Failure)
[356.201s][info][gc,task        ] GC(969) Using 6 workers of 6 for evacuation
[356.309s][info][gc,heap        ] GC(969) ParNew: 460096K->51072K(460096K)
[356.309s][info][gc,heap        ] GC(969) CMS: 380862K->445202K(7877440K)
[356.309s][info][gc,metaspace   ] GC(969) Metaspace: 87243K(93100K)->87243K(93100K) NonClass: 76220K(79136K)->76220K(79136K) Class: 11022K(13964K)->11022K(13964K)
[356.309s][info][gc             ] GC(969) Pause Young (Allocation Failure) 821M->484M(8142M) 107.964ms
[356.309s][info][gc,cpu         ] GC(969) User=0.23s Sys=0.00s Real=0.11s
[356.493s][info][gc,start       ] GC(970) Pause Young (Allocation Failure)
[356.493s][info][gc,task        ] GC(970) Using 6 workers of 6 for evacuation
[356.573s][info][gc,heap        ] GC(970) ParNew: 460096K->51072K(460096K)
[356.573s][info][gc,heap        ] GC(970) CMS: 445202K->501565K(7877440K)
[356.573s][info][gc,metaspace   ] GC(970) Metaspace: 87243K(93100K)->87243K(93100K) NonClass: 76220K(79136K)->76220K(79136K) Class: 11022K(13964K)->11022K(13964K)
[356.573s][info][gc             ] GC(970) Pause Young (Allocation Failure) 884M->539M(8142M) 80.473ms
[356.573s][info][gc,cpu         ] GC(970) User=0.44s Sys=0.00s Real=0.08s
[356.757s][info][gc,start       ] GC(971) Pause Young (Allocation Failure)
[356.757s][info][gc,task        ] GC(971) Using 6 workers of 6 for evacuation
[356.829s][info][gc,heap        ] GC(971) ParNew: 460096K->45783K(460096K)
[356.829s][info][gc,heap        ] GC(971) CMS: 501565K->542897K(7877440K)
[356.829s][info][gc,metaspace   ] GC(971) Metaspace: 87247K(93100K)->87247K(93100K) NonClass: 76224K(79136K)->76224K(79136K) Class: 11022K(13964K)->11022K(13964K)
[356.829s][info][gc             ] GC(971) Pause Young (Allocation Failure) 939M->574M(8142M) 72.354ms
[356.829s][info][gc,cpu         ] GC(971) User=0.39s Sys=0.00s Real=0.08s
[357.297s][info][gc,start       ] GC(972) Pause Young (Allocation Failure)
[357.297s][info][gc,task        ] GC(972) Using 6 workers of 6 for evacuation
[357.372s][info][gc,heap        ] GC(972) ParNew: 454807K->34032K(460096K)
[357.372s][info][gc,heap        ] GC(972) CMS: 542897K->569480K(7877440K)
[357.372s][info][gc,metaspace   ] GC(972) Metaspace: 87247K(93100K)->87247K(93100K) NonClass: 76224K(79136K)->76224K(79136K) Class: 11022K(13964K)->11022K(13964K)
[357.372s][info][gc             ] GC(972) Pause Young (Allocation Failure) 974M->589M(8142M) 74.757ms
[357.372s][info][gc,cpu         ] GC(972) User=0.38s Sys=0.00s Real=0.07s
[357.703s][info][gc,start       ] GC(973) Pause Young (Allocation Failure)
[357.703s][info][gc,task        ] GC(973) Using 6 workers of 6 for evacuation
[357.761s][info][gc,heap        ] GC(973) ParNew: 443056K->51072K(460096K)
[357.761s][info][gc,heap        ] GC(973) CMS: 569480K->576470K(7877440K)
[357.761s][info][gc,metaspace   ] GC(973) Metaspace: 87247K(93100K)->87247K(93100K) NonClass: 76224K(79136K)->76224K(79136K) Class: 11022K(13964K)->11022K(13964K)
[357.761s][info][gc             ] GC(973) Pause Young (Allocation Failure) 988M->612M(8142M) 57.651ms
[357.761s][info][gc,cpu         ] GC(973) User=0.34s Sys=0.00s Real=0.06s
[358.072s][info][gc,start       ] GC(974) Pause Young (Allocation Failure)
[358.072s][info][gc,task        ] GC(974) Using 6 workers of 6 for evacuation
[358.144s][info][gc,heap        ] GC(974) ParNew: 460096K->51072K(460096K)
[358.144s][info][gc,heap        ] GC(974) CMS: 576470K->603105K(7877440K)
[358.144s][info][gc,metaspace   ] GC(974) Metaspace: 87247K(93100K)->87247K(93100K) NonClass: 76224K(79136K)->76224K(79136K) Class: 11022K(13964K)->11022K(13964K)
[358.145s][info][gc             ] GC(974) Pause Young (Allocation Failure) 1012M->638M(8142M) 72.197ms
[358.145s][info][gc,cpu         ] GC(974) User=0.34s Sys=0.00s Real=0.08s
[358.375s][info][gc,start       ] GC(975) Pause Young (Allocation Failure)
[358.375s][info][gc,task        ] GC(975) Using 6 workers of 6 for evacuation
[358.424s][info][gc,heap        ] GC(975) ParNew: 460096K->51072K(460096K)
[358.424s][info][gc,heap        ] GC(975) CMS: 603105K->607431K(7877440K)
[358.424s][info][gc,metaspace   ] GC(975) Metaspace: 87247K(93100K)->87247K(93100K) NonClass: 76224K(79136K)->76224K(79136K) Class: 11022K(13964K)->11022K(13964K)
[358.424s][info][gc             ] GC(975) Pause Young (Allocation Failure) 1038M->643M(8142M) 48.547ms
[358.424s][info][gc,cpu         ] GC(975) User=0.06s Sys=0.00s Real=0.04s
[358.798s][info][gc,start       ] GC(976) Pause Young (Allocation Failure)
[358.798s][info][gc,task        ] GC(976) Using 6 workers of 6 for evacuation
[358.840s][info][gc,heap        ] GC(976) ParNew: 459677K->51072K(460096K)
[358.840s][info][gc,heap        ] GC(976) CMS: 607431K->614721K(7877440K)
[358.840s][info][gc,metaspace   ] GC(976) Metaspace: 87248K(93100K)->87248K(93100K) NonClass: 76226K(79136K)->76226K(79136K) Class: 11022K(13964K)->11022K(13964K)
[358.840s][info][gc             ] GC(976) Pause Young (Allocation Failure) 1042M->650M(8142M) 42.102ms
[358.840s][info][gc,cpu         ] GC(976) User=0.14s Sys=0.00s Real=0.05s
[359.092s][info][gc,start       ] GC(977) Pause Young (Allocation Failure)
[359.092s][info][gc,task        ] GC(977) Using 6 workers of 6 for evacuation
[359.152s][info][gc,heap        ] GC(977) ParNew: 460096K->51072K(460096K)
[359.152s][info][gc,heap        ] GC(977) CMS: 614721K->639568K(7877440K)
[359.152s][info][gc,metaspace   ] GC(977) Metaspace: 87248K(93100K)->87248K(93100K) NonClass: 76226K(79136K)->76226K(79136K) Class: 11022K(13964K)->11022K(13964K)
[359.152s][info][gc             ] GC(977) Pause Young (Allocation Failure) 1049M->674M(8142M) 59.506ms
[359.152s][info][gc,cpu         ] GC(977) User=0.27s Sys=0.00s Real=0.06s
[359.295s][info][gc,start       ] GC(978) Pause Full (System.gc())
[359.298s][info][gc,phases,start] GC(978) Phase 1: Mark live objects
[359.422s][info][gc,phases      ] GC(978) Phase 1: Mark live objects 123.752ms
[359.422s][info][gc,phases,start] GC(978) Phase 2: Compute new object addresses
[359.646s][info][gc,phases      ] GC(978) Phase 2: Compute new object addresses 223.861ms
[359.646s][info][gc,phases,start] GC(978) Phase 3: Adjust pointers
[359.725s][info][gc,phases      ] GC(978) Phase 3: Adjust pointers 79.132ms
[359.725s][info][gc,phases,start] GC(978) Phase 4: Move objects
[359.726s][info][gc,phases      ] GC(978) Phase 4: Move objects 1.490ms
[359.733s][info][gc,heap        ] GC(978) ParNew: 460096K->0K(460096K)
[359.735s][info][gc,heap        ] GC(978) CMS: 639568K->169084K(7877440K)
[359.735s][info][gc,metaspace   ] GC(978) Metaspace: 87248K(93100K)->87248K(93100K) NonClass: 76226K(79136K)->76226K(79136K) Class: 11022K(13964K)->11022K(13964K)
[359.736s][info][gc             ] GC(978) Pause Full (System.gc()) 1073M->165M(8142M) 440.591ms
[359.736s][info][gc,cpu         ] GC(978) User=0.41s Sys=0.00s Real=0.44s
[359.880s][info][gc,start       ] GC(979) Pause Young (Allocation Failure)
[359.880s][info][gc,task        ] GC(979) Using 6 workers of 6 for evacuation
[359.973s][info][gc,heap        ] GC(979) ParNew: 409024K->51072K(460096K)
[359.973s][info][gc,heap        ] GC(979) CMS: 169084K->228975K(7877440K)
[359.973s][info][gc,metaspace   ] GC(979) Metaspace: 87249K(93100K)->87249K(93100K) NonClass: 76226K(79136K)->76226K(79136K) Class: 11022K(13964K)->11022K(13964K)
[359.973s][info][gc             ] GC(979) Pause Young (Allocation Failure) 564M->273M(8142M) 93.052ms
[359.973s][info][gc,cpu         ] GC(979) User=0.36s Sys=0.00s Real=0.10s
[360.151s][info][gc,start       ] GC(980) Pause Young (Allocation Failure)
[360.151s][info][gc,task        ] GC(980) Using 6 workers of 6 for evacuation
[360.223s][info][gc,heap        ] GC(980) ParNew: 458628K->51072K(460096K)
[360.223s][info][gc,heap        ] GC(980) CMS: 228975K->278117K(7877440K)
[360.223s][info][gc,metaspace   ] GC(980) Metaspace: 87249K(93100K)->87249K(93100K) NonClass: 76226K(79136K)->76226K(79136K) Class: 11022K(13964K)->11022K(13964K)
[360.223s][info][gc             ] GC(980) Pause Young (Allocation Failure) 671M->321M(8142M) 71.928ms
[360.223s][info][gc,cpu         ] GC(980) User=0.28s Sys=0.00s Real=0.08s
[360.407s][info][gc,start       ] GC(981) Pause Young (Allocation Failure)
[360.407s][info][gc,task        ] GC(981) Using 6 workers of 6 for evacuation
[360.485s][info][gc,heap        ] GC(981) ParNew: 460096K->51072K(460096K)
[360.485s][info][gc,heap        ] GC(981) CMS: 278117K->313935K(7877440K)
[360.485s][info][gc,metaspace   ] GC(981) Metaspace: 87249K(93100K)->87249K(93100K) NonClass: 76226K(79136K)->76226K(79136K) Class: 11022K(13964K)->11022K(13964K)
[360.485s][info][gc             ] GC(981) Pause Young (Allocation Failure) 720M->356M(8142M) 77.889ms
[360.485s][info][gc,cpu         ] GC(981) User=0.39s Sys=0.00s Real=0.08s
[360.679s][info][gc,start       ] GC(982) Pause Young (Allocation Failure)
[360.679s][info][gc,task        ] GC(982) Using 6 workers of 6 for evacuation
[360.748s][info][gc,heap        ] GC(982) ParNew: 460096K->33140K(460096K)
[360.748s][info][gc,heap        ] GC(982) CMS: 313935K->352991K(7877440K)
[360.748s][info][gc,metaspace   ] GC(982) Metaspace: 87249K(93100K)->87249K(93100K) NonClass: 76226K(79136K)->76226K(79136K) Class: 11022K(13964K)->11022K(13964K)
[360.748s][info][gc             ] GC(982) Pause Young (Allocation Failure) 755M->377M(8142M) 68.982ms
[360.748s][info][gc,cpu         ] GC(982) User=0.38s Sys=0.00s Real=0.06s
[361.334s][info][gc,start       ] GC(983) Pause Young (Allocation Failure)
[361.334s][info][gc,task        ] GC(983) Using 6 workers of 6 for evacuation
[361.424s][info][gc,heap        ] GC(983) ParNew: 442164K->51072K(460096K)
[361.424s][info][gc,heap        ] GC(983) CMS: 352991K->378957K(7877440K)
[361.424s][info][gc,metaspace   ] GC(983) Metaspace: 87249K(93100K)->87249K(93100K) NonClass: 76226K(79136K)->76226K(79136K) Class: 11022K(13964K)->11022K(13964K)
[361.424s][info][gc             ] GC(983) Pause Young (Allocation Failure) 776M->419M(8142M) 89.737ms
[361.424s][info][gc,cpu         ] GC(983) User=0.47s Sys=0.00s Real=0.08s
[361.549s][info][gc,start       ] GC(984) Pause Young (Allocation Failure)
[361.549s][info][gc,task        ] GC(984) Using 6 workers of 6 for evacuation
[361.658s][info][gc,heap        ] GC(984) ParNew: 460096K->51072K(460096K)
[361.658s][info][gc,heap        ] GC(984) CMS: 378957K->442835K(7877440K)
[361.658s][info][gc,metaspace   ] GC(984) Metaspace: 87249K(93100K)->87249K(93100K) NonClass: 76226K(79136K)->76226K(79136K) Class: 11022K(13964K)->11022K(13964K)
[361.658s][info][gc             ] GC(984) Pause Young (Allocation Failure) 819M->482M(8142M) 109.636ms
[361.658s][info][gc,cpu         ] GC(984) User=0.22s Sys=0.00s Real=0.11s
[361.847s][info][gc,start       ] GC(985) Pause Young (Allocation Failure)
[361.847s][info][gc,task        ] GC(985) Using 6 workers of 6 for evacuation
[361.927s][info][gc,heap        ] GC(985) ParNew: 460096K->51072K(460096K)
[361.927s][info][gc,heap        ] GC(985) CMS: 442835K->501318K(7877440K)
[361.927s][info][gc,metaspace   ] GC(985) Metaspace: 87249K(93100K)->87249K(93100K) NonClass: 76226K(79136K)->76226K(79136K) Class: 11022K(13964K)->11022K(13964K)
[361.927s][info][gc             ] GC(985) Pause Young (Allocation Failure) 881M->539M(8142M) 80.221ms
[361.927s][info][gc,cpu         ] GC(985) User=0.47s Sys=0.00s Real=0.09s
[362.119s][info][gc,start       ] GC(986) Pause Young (Allocation Failure)
[362.119s][info][gc,task        ] GC(986) Using 6 workers of 6 for evacuation
[362.194s][info][gc,heap        ] GC(986) ParNew: 460096K->41911K(460096K)
[362.194s][info][gc,heap        ] GC(986) CMS: 501318K->539210K(7877440K)
[362.194s][info][gc,metaspace   ] GC(986) Metaspace: 87249K(93100K)->87249K(93100K) NonClass: 76226K(79136K)->76226K(79136K) Class: 11022K(13964K)->11022K(13964K)
[362.194s][info][gc             ] GC(986) Pause Young (Allocation Failure) 938M->567M(8142M) 75.063ms
[362.194s][info][gc,cpu         ] GC(986) User=0.38s Sys=0.00s Real=0.06s
[362.669s][info][gc,start       ] GC(987) Pause Young (Allocation Failure)
[362.669s][info][gc,task        ] GC(987) Using 6 workers of 6 for evacuation
[362.742s][info][gc,heap        ] GC(987) ParNew: 450935K->33169K(460096K)
[362.742s][info][gc,heap        ] GC(987) CMS: 539210K->565966K(7877440K)
[362.742s][info][gc,metaspace   ] GC(987) Metaspace: 87249K(93100K)->87249K(93100K) NonClass: 76226K(79136K)->76226K(79136K) Class: 11022K(13964K)->11022K(13964K)
[362.742s][info][gc             ] GC(987) Pause Young (Allocation Failure) 966M->585M(8142M) 72.786ms
[362.742s][info][gc,cpu         ] GC(987) User=0.38s Sys=0.00s Real=0.06s
[363.072s][info][gc,start       ] GC(988) Pause Young (Allocation Failure)
[363.072s][info][gc,task        ] GC(988) Using 6 workers of 6 for evacuation
[363.133s][info][gc,heap        ] GC(988) ParNew: 442193K->51072K(460096K)
[363.133s][info][gc,heap        ] GC(988) CMS: 565966K->572186K(7877440K)
[363.133s][info][gc,metaspace   ] GC(988) Metaspace: 87249K(93100K)->87249K(93100K) NonClass: 76226K(79136K)->76226K(79136K) Class: 11022K(13964K)->11022K(13964K)
[363.133s][info][gc             ] GC(988) Pause Young (Allocation Failure) 984M->608M(8142M) 60.313ms
[363.133s][info][gc,cpu         ] GC(988) User=0.38s Sys=0.00s Real=0.06s
[363.443s][info][gc,start       ] GC(989) Pause Young (Allocation Failure)
[363.443s][info][gc,task        ] GC(989) Using 6 workers of 6 for evacuation
[363.513s][info][gc,heap        ] GC(989) ParNew: 460096K->43334K(460096K)
[363.513s][info][gc,heap        ] GC(989) CMS: 572186K->598627K(7877440K)
[363.513s][info][gc,metaspace   ] GC(989) Metaspace: 87249K(93100K)->87249K(93100K) NonClass: 76226K(79136K)->76226K(79136K) Class: 11022K(13964K)->11022K(13964K)
[363.513s][info][gc             ] GC(989) Pause Young (Allocation Failure) 1008M->626M(8142M) 69.531ms
[363.513s][info][gc,cpu         ] GC(989) User=0.28s Sys=0.00s Real=0.06s
[363.738s][info][gc,start       ] GC(990) Pause Young (Allocation Failure)
[363.738s][info][gc,task        ] GC(990) Using 6 workers of 6 for evacuation
[363.787s][info][gc,heap        ] GC(990) ParNew: 452358K->51072K(460096K)
[363.787s][info][gc,heap        ] GC(990) CMS: 598627K->602952K(7877440K)
[363.787s][info][gc,metaspace   ] GC(990) Metaspace: 87253K(93100K)->87253K(93100K) NonClass: 76230K(79136K)->76230K(79136K) Class: 11022K(13964K)->11022K(13964K)
[363.787s][info][gc             ] GC(990) Pause Young (Allocation Failure) 1026M->638M(8142M) 49.224ms
[363.787s][info][gc,cpu         ] GC(990) User=0.09s Sys=0.00s Real=0.05s
[364.151s][info][gc,start       ] GC(991) Pause Young (Allocation Failure)
[364.151s][info][gc,task        ] GC(991) Using 6 workers of 6 for evacuation
[364.195s][info][gc,heap        ] GC(991) ParNew: 458389K->51072K(460096K)
[364.195s][info][gc,heap        ] GC(991) CMS: 602952K->610718K(7877440K)
[364.195s][info][gc,metaspace   ] GC(991) Metaspace: 87257K(93100K)->87257K(93100K) NonClass: 76235K(79136K)->76235K(79136K) Class: 11022K(13964K)->11022K(13964K)
[364.195s][info][gc             ] GC(991) Pause Young (Allocation Failure) 1036M->646M(8142M) 44.506ms
[364.195s][info][gc,cpu         ] GC(991) User=0.09s Sys=0.00s Real=0.05s
[364.414s][info][gc,start       ] GC(992) Pause Young (Allocation Failure)
[364.414s][info][gc,task        ] GC(992) Using 6 workers of 6 for evacuation
[364.467s][info][gc,heap        ] GC(992) ParNew: 460096K->51072K(460096K)
[364.468s][info][gc,heap        ] GC(992) CMS: 610718K->633691K(7877440K)
[364.468s][info][gc,metaspace   ] GC(992) Metaspace: 87261K(93100K)->87261K(93100K) NonClass: 76238K(79136K)->76238K(79136K) Class: 11022K(13964K)->11022K(13964K)
[364.468s][info][gc             ] GC(992) Pause Young (Allocation Failure) 1045M->668M(8142M) 53.254ms
[364.468s][info][gc,cpu         ] GC(992) User=0.28s Sys=0.00s Real=0.05s
[364.612s][info][gc,start       ] GC(993) Pause Full (System.gc())
[364.615s][info][gc,phases,start] GC(993) Phase 1: Mark live objects
[364.737s][info][gc,phases      ] GC(993) Phase 1: Mark live objects 122.854ms
[364.737s][info][gc,phases,start] GC(993) Phase 2: Compute new object addresses
[364.958s][info][gc,phases      ] GC(993) Phase 2: Compute new object addresses 220.927ms
[364.958s][info][gc,phases,start] GC(993) Phase 3: Adjust pointers
[365.038s][info][gc,phases      ] GC(993) Phase 3: Adjust pointers 80.061ms
[365.039s][info][gc,phases,start] GC(993) Phase 4: Move objects
[365.040s][info][gc,phases      ] GC(993) Phase 4: Move objects 1.634ms
[365.046s][info][gc,heap        ] GC(993) ParNew: 457325K->0K(460096K)
[365.046s][info][gc,heap        ] GC(993) CMS: 633691K->169137K(7877440K)
[365.046s][info][gc,metaspace   ] GC(993) Metaspace: 87261K(93100K)->87261K(93100K) NonClass: 76238K(79136K)->76238K(79136K) Class: 11022K(13964K)->11022K(13964K)
[365.047s][info][gc             ] GC(993) Pause Full (System.gc()) 1065M->165M(8142M) 434.650ms
[365.047s][info][gc,cpu         ] GC(993) User=0.39s Sys=0.02s Real=0.44s
[365.199s][info][gc,start       ] GC(994) Pause Young (Allocation Failure)
[365.199s][info][gc,task        ] GC(994) Using 6 workers of 6 for evacuation
[365.296s][info][gc,heap        ] GC(994) ParNew: 409024K->51072K(460096K)
[365.296s][info][gc,heap        ] GC(994) CMS: 169137K->228816K(7877440K)
[365.296s][info][gc,metaspace   ] GC(994) Metaspace: 87272K(93100K)->87272K(93100K) NonClass: 76249K(79136K)->76249K(79136K) Class: 11022K(13964K)->11022K(13964K)
[365.296s][info][gc             ] GC(994) Pause Young (Allocation Failure) 564M->273M(8142M) 96.582ms
[365.296s][info][gc,cpu         ] GC(994) User=0.17s Sys=0.00s Real=0.10s
[365.469s][info][gc,start       ] GC(995) Pause Young (Allocation Failure)
[365.469s][info][gc,task        ] GC(995) Using 6 workers of 6 for evacuation
[365.544s][info][gc,heap        ] GC(995) ParNew: 460096K->51072K(460096K)
[365.544s][info][gc,heap        ] GC(995) CMS: 228816K->282489K(7877440K)
[365.544s][info][gc,metaspace   ] GC(995) Metaspace: 87272K(93100K)->87272K(93100K) NonClass: 76249K(79136K)->76249K(79136K) Class: 11022K(13964K)->11022K(13964K)
[365.544s][info][gc             ] GC(995) Pause Young (Allocation Failure) 672M->325M(8142M) 75.012ms
[365.544s][info][gc,cpu         ] GC(995) User=0.25s Sys=0.00s Real=0.08s
[365.731s][info][gc,start       ] GC(996) Pause Young (Allocation Failure)
[365.731s][info][gc,task        ] GC(996) Using 6 workers of 6 for evacuation
[365.805s][info][gc,heap        ] GC(996) ParNew: 460096K->51072K(460096K)
[365.805s][info][gc,heap        ] GC(996) CMS: 282489K->314153K(7877440K)
[365.805s][info][gc,metaspace   ] GC(996) Metaspace: 87272K(93100K)->87272K(93100K) NonClass: 76249K(79136K)->76249K(79136K) Class: 11022K(13964K)->11022K(13964K)
[365.805s][info][gc             ] GC(996) Pause Young (Allocation Failure) 725M->356M(8142M) 74.055ms
[365.805s][info][gc,cpu         ] GC(996) User=0.38s Sys=0.00s Real=0.06s
[366.002s][info][gc,start       ] GC(997) Pause Young (Allocation Failure)
[366.002s][info][gc,task        ] GC(997) Using 6 workers of 6 for evacuation
[366.073s][info][gc,heap        ] GC(997) ParNew: 460096K->34214K(460096K)
[366.073s][info][gc,heap        ] GC(997) CMS: 314153K->351415K(7877440K)
[366.073s][info][gc,metaspace   ] GC(997) Metaspace: 87272K(93100K)->87272K(93100K) NonClass: 76249K(79136K)->76249K(79136K) Class: 11022K(13964K)->11022K(13964K)
[366.073s][info][gc             ] GC(997) Pause Young (Allocation Failure) 756M->376M(8142M) 71.526ms
[366.073s][info][gc,cpu         ] GC(997) User=0.38s Sys=0.00s Real=0.06s
[366.660s][info][gc,start       ] GC(998) Pause Young (Allocation Failure)
[366.660s][info][gc,task        ] GC(998) Using 6 workers of 6 for evacuation
[366.750s][info][gc,heap        ] GC(998) ParNew: 443238K->51072K(460096K)
[366.750s][info][gc,heap        ] GC(998) CMS: 351415K->377637K(7877440K)
[366.750s][info][gc,metaspace   ] GC(998) Metaspace: 87273K(93100K)->87273K(93100K) NonClass: 76251K(79136K)->76251K(79136K) Class: 11022K(13964K)->11022K(13964K)
[366.750s][info][gc             ] GC(998) Pause Young (Allocation Failure) 776M->418M(8142M) 90.398ms
[366.750s][info][gc,cpu         ] GC(998) User=0.48s Sys=0.00s Real=0.09s
[366.875s][info][gc,start       ] GC(999) Pause Young (Allocation Failure)
[366.876s][info][gc,task        ] GC(999) Using 6 workers of 6 for evacuation
[366.985s][info][gc,heap        ] GC(999) ParNew: 460096K->51072K(460096K)
[366.985s][info][gc,heap        ] GC(999) CMS: 377637K->442541K(7877440K)
[366.985s][info][gc,metaspace   ] GC(999) Metaspace: 87273K(93100K)->87273K(93100K) NonClass: 76251K(79136K)->76251K(79136K) Class: 11022K(13964K)->11022K(13964K)
[366.985s][info][gc             ] GC(999) Pause Young (Allocation Failure) 818M->482M(8142M) 109.446ms
[366.985s][info][gc,cpu         ] GC(999) User=0.16s Sys=0.00s Real=0.11s
[367.169s][info][gc,start       ] GC(1000) Pause Young (Allocation Failure)
[367.169s][info][gc,task        ] GC(1000) Using 6 workers of 6 for evacuation
[367.249s][info][gc,heap        ] GC(1000) ParNew: 460096K->51072K(460096K)
[367.249s][info][gc,heap        ] GC(1000) CMS: 442541K->498908K(7877440K)
[367.249s][info][gc,metaspace   ] GC(1000) Metaspace: 87273K(93100K)->87273K(93100K) NonClass: 76251K(79136K)->76251K(79136K) Class: 11022K(13964K)->11022K(13964K)
[367.249s][info][gc             ] GC(1000) Pause Young (Allocation Failure) 881M->537M(8142M) 79.931ms
[367.249s][info][gc,cpu         ] GC(1000) User=0.38s Sys=0.00s Real=0.08s
[367.436s][info][gc,start       ] GC(1001) Pause Young (Allocation Failure)
[367.436s][info][gc,task        ] GC(1001) Using 6 workers of 6 for evacuation
[367.511s][info][gc,heap        ] GC(1001) ParNew: 460096K->42740K(460096K)
[367.511s][info][gc,heap        ] GC(1001) CMS: 498908K->543409K(7877440K)
[367.511s][info][gc,metaspace   ] GC(1001) Metaspace: 87273K(93100K)->87273K(93100K) NonClass: 76251K(79136K)->76251K(79136K) Class: 11022K(13964K)->11022K(13964K)
[367.511s][info][gc             ] GC(1001) Pause Young (Allocation Failure) 936M->572M(8142M) 74.661ms
[367.511s][info][gc,cpu         ] GC(1001) User=0.44s Sys=0.00s Real=0.08s
[367.977s][info][gc,start       ] GC(1002) Pause Young (Allocation Failure)
[367.977s][info][gc,task        ] GC(1002) Using 6 workers of 6 for evacuation
[368.056s][info][gc,heap        ] GC(1002) ParNew: 451764K->33272K(460096K)
[368.056s][info][gc,heap        ] GC(1002) CMS: 543409K->569984K(7877440K)
[368.056s][info][gc,metaspace   ] GC(1002) Metaspace: 87273K(93100K)->87273K(93100K) NonClass: 76251K(79136K)->76251K(79136K) Class: 11022K(13964K)->11022K(13964K)
[368.056s][info][gc             ] GC(1002) Pause Young (Allocation Failure) 971M->589M(8142M) 78.945ms
[368.056s][info][gc,cpu         ] GC(1002) User=0.39s Sys=0.00s Real=0.08s
[368.389s][info][gc,start       ] GC(1003) Pause Young (Allocation Failure)
[368.389s][info][gc,task        ] GC(1003) Using 6 workers of 6 for evacuation
[368.446s][info][gc,heap        ] GC(1003) ParNew: 442296K->51072K(460096K)
[368.446s][info][gc,heap        ] GC(1003) CMS: 569984K->575906K(7877440K)
[368.446s][info][gc,metaspace   ] GC(1003) Metaspace: 87295K(93100K)->87295K(93100K) NonClass: 76273K(79136K)->76273K(79136K) Class: 11022K(13964K)->11022K(13964K)
[368.446s][info][gc             ] GC(1003) Pause Young (Allocation Failure) 988M->612M(8142M) 57.638ms
[368.446s][info][gc,cpu         ] GC(1003) User=0.30s Sys=0.00s Real=0.06s
[368.759s][info][gc,start       ] GC(1004) Pause Young (Allocation Failure)
[368.759s][info][gc,task        ] GC(1004) Using 6 workers of 6 for evacuation
[368.829s][info][gc,heap        ] GC(1004) ParNew: 460096K->40370K(460096K)
[368.829s][info][gc,heap        ] GC(1004) CMS: 575906K->602547K(7877440K)
[368.829s][info][gc,metaspace   ] GC(1004) Metaspace: 87324K(93100K)->87324K(93100K) NonClass: 76302K(79136K)->76302K(79136K) Class: 11022K(13964K)->11022K(13964K)
[368.829s][info][gc             ] GC(1004) Pause Young (Allocation Failure) 1011M->627M(8142M) 70.520ms
[368.829s][info][gc,cpu         ] GC(1004) User=0.28s Sys=0.00s Real=0.06s
[369.061s][info][gc,start       ] GC(1005) Pause Young (Allocation Failure)
[369.061s][info][gc,task        ] GC(1005) Using 6 workers of 6 for evacuation
[369.111s][info][gc,heap        ] GC(1005) ParNew: 449394K->51072K(460096K)
[369.111s][info][gc,heap        ] GC(1005) CMS: 602547K->606736K(7877440K)
[369.111s][info][gc,metaspace   ] GC(1005) Metaspace: 87343K(93100K)->87343K(93100K) NonClass: 76321K(79136K)->76321K(79136K) Class: 11022K(13964K)->11022K(13964K)
[369.111s][info][gc             ] GC(1005) Pause Young (Allocation Failure) 1027M->642M(8142M) 49.587ms
[369.111s][info][gc,cpu         ] GC(1005) User=0.12s Sys=0.00s Real=0.05s
[369.439s][info][gc,start       ] GC(1006) Pause Young (Allocation Failure)
[369.439s][info][gc,task        ] GC(1006) Using 6 workers of 6 for evacuation
[369.482s][info][gc,heap        ] GC(1006) ParNew: 460096K->51072K(460096K)
[369.482s][info][gc,heap        ] GC(1006) CMS: 606736K->614125K(7877440K)
[369.482s][info][gc,metaspace   ] GC(1006) Metaspace: 87351K(93100K)->87351K(93100K) NonClass: 76329K(79136K)->76329K(79136K) Class: 11022K(13964K)->11022K(13964K)
[369.482s][info][gc             ] GC(1006) Pause Young (Allocation Failure) 1041M->649M(8142M) 43.325ms
[369.482s][info][gc,cpu         ] GC(1006) User=0.08s Sys=0.00s Real=0.05s
[369.785s][info][gc,start       ] GC(1007) Pause Young (Allocation Failure)
[369.785s][info][gc,task        ] GC(1007) Using 6 workers of 6 for evacuation
[369.833s][info][gc,heap        ] GC(1007) ParNew: 460096K->51072K(460096K)
[369.833s][info][gc,heap        ] GC(1007) CMS: 614125K->634835K(7877440K)
[369.833s][info][gc,metaspace   ] GC(1007) Metaspace: 87381K(93356K)->87381K(93356K) NonClass: 76358K(79392K)->76358K(79392K) Class: 11022K(13964K)->11022K(13964K)
[369.833s][info][gc             ] GC(1007) Pause Young (Allocation Failure) 1049M->669M(8142M) 48.539ms
[369.833s][info][gc,cpu         ] GC(1007) User=0.19s Sys=0.00s Real=0.05s
[369.975s][info][gc,start       ] GC(1008) Pause Full (System.gc())
[369.979s][info][gc,phases,start] GC(1008) Phase 1: Mark live objects
[370.102s][info][gc,phases      ] GC(1008) Phase 1: Mark live objects 123.222ms
[370.102s][info][gc,phases,start] GC(1008) Phase 2: Compute new object addresses
[370.325s][info][gc,phases      ] GC(1008) Phase 2: Compute new object addresses 223.085ms
[370.325s][info][gc,phases,start] GC(1008) Phase 3: Adjust pointers
[370.404s][info][gc,phases      ] GC(1008) Phase 3: Adjust pointers 79.019ms
[370.404s][info][gc,phases,start] GC(1008) Phase 4: Move objects
[370.406s][info][gc,phases      ] GC(1008) Phase 4: Move objects 1.700ms
[370.412s][info][gc,heap        ] GC(1008) ParNew: 453759K->0K(460096K)
[370.412s][info][gc,heap        ] GC(1008) CMS: 634835K->169203K(7877440K)
[370.412s][info][gc,metaspace   ] GC(1008) Metaspace: 87381K(93356K)->87381K(93356K) NonClass: 76358K(79392K)->76358K(79392K) Class: 11022K(13964K)->11022K(13964K)
[370.413s][info][gc             ] GC(1008) Pause Full (System.gc()) 1063M->165M(8142M) 437.321ms
[370.413s][info][gc,cpu         ] GC(1008) User=0.39s Sys=0.00s Real=0.44s
[370.560s][info][gc,start       ] GC(1009) Pause Young (Allocation Failure)
[370.560s][info][gc,task        ] GC(1009) Using 6 workers of 6 for evacuation
[370.669s][info][gc,heap        ] GC(1009) ParNew: 409024K->51072K(460096K)
[370.669s][info][gc,heap        ] GC(1009) CMS: 169203K->229255K(7877440K)
[370.669s][info][gc,metaspace   ] GC(1009) Metaspace: 87387K(93356K)->87387K(93356K) NonClass: 76364K(79392K)->76364K(79392K) Class: 11022K(13964K)->11022K(13964K)
[370.669s][info][gc             ] GC(1009) Pause Young (Allocation Failure) 564M->273M(8142M) 109.448ms
[370.669s][info][gc,cpu         ] GC(1009) User=0.12s Sys=0.00s Real=0.11s
[370.847s][info][gc,start       ] GC(1010) Pause Young (Allocation Failure)
[370.847s][info][gc,task        ] GC(1010) Using 6 workers of 6 for evacuation
[370.922s][info][gc,heap        ] GC(1010) ParNew: 460096K->51072K(460096K)
[370.922s][info][gc,heap        ] GC(1010) CMS: 229255K->278707K(7877440K)
[370.922s][info][gc,metaspace   ] GC(1010) Metaspace: 87387K(93356K)->87387K(93356K) NonClass: 76364K(79392K)->76364K(79392K) Class: 11022K(13964K)->11022K(13964K)
[370.922s][info][gc             ] GC(1010) Pause Young (Allocation Failure) 673M->322M(8142M) 75.038ms
[370.922s][info][gc,cpu         ] GC(1010) User=0.17s Sys=0.00s Real=0.08s
[371.107s][info][gc,start       ] GC(1011) Pause Young (Allocation Failure)
[371.107s][info][gc,task        ] GC(1011) Using 6 workers of 6 for evacuation
[371.188s][info][gc,heap        ] GC(1011) ParNew: 460096K->51072K(460096K)
[371.188s][info][gc,heap        ] GC(1011) CMS: 278707K->315736K(7877440K)
[371.188s][info][gc,metaspace   ] GC(1011) Metaspace: 87387K(93356K)->87387K(93356K) NonClass: 76364K(79392K)->76364K(79392K) Class: 11022K(13964K)->11022K(13964K)
[371.188s][info][gc             ] GC(1011) Pause Young (Allocation Failure) 721M->358M(8142M) 80.630ms
[371.188s][info][gc,cpu         ] GC(1011) User=0.39s Sys=0.00s Real=0.08s
[371.386s][info][gc,start       ] GC(1012) Pause Young (Allocation Failure)
[371.387s][info][gc,task        ] GC(1012) Using 6 workers of 6 for evacuation
[371.458s][info][gc,heap        ] GC(1012) ParNew: 460096K->34988K(460096K)
[371.458s][info][gc,heap        ] GC(1012) CMS: 315736K->352069K(7877440K)
[371.458s][info][gc,metaspace   ] GC(1012) Metaspace: 87387K(93356K)->87387K(93356K) NonClass: 76364K(79392K)->76364K(79392K) Class: 11022K(13964K)->11022K(13964K)
[371.458s][info][gc             ] GC(1012) Pause Young (Allocation Failure) 757M->377M(8142M) 71.186ms
[371.458s][info][gc,cpu         ] GC(1012) User=0.47s Sys=0.00s Real=0.06s
[372.043s][info][gc,start       ] GC(1013) Pause Young (Allocation Failure)
[372.043s][info][gc,task        ] GC(1013) Using 6 workers of 6 for evacuation
[372.137s][info][gc,heap        ] GC(1013) ParNew: 444012K->51072K(460096K)
[372.137s][info][gc,heap        ] GC(1013) CMS: 352069K->378239K(7877440K)
[372.137s][info][gc,metaspace   ] GC(1013) Metaspace: 87387K(93356K)->87387K(93356K) NonClass: 76364K(79392K)->76364K(79392K) Class: 11022K(13964K)->11022K(13964K)
[372.137s][info][gc             ] GC(1013) Pause Young (Allocation Failure) 777M->419M(8142M) 93.525ms
[372.137s][info][gc,cpu         ] GC(1013) User=0.34s Sys=0.00s Real=0.10s
[372.262s][info][gc,start       ] GC(1014) Pause Young (Allocation Failure)
[372.262s][info][gc,task        ] GC(1014) Using 6 workers of 6 for evacuation
[372.373s][info][gc,heap        ] GC(1014) ParNew: 460096K->51072K(460096K)
[372.373s][info][gc,heap        ] GC(1014) CMS: 378239K->443134K(7877440K)
[372.373s][info][gc,metaspace   ] GC(1014) Metaspace: 87387K(93356K)->87387K(93356K) NonClass: 76364K(79392K)->76364K(79392K) Class: 11022K(13964K)->11022K(13964K)
[372.373s][info][gc             ] GC(1014) Pause Young (Allocation Failure) 818M->482M(8142M) 110.652ms
[372.373s][info][gc,cpu         ] GC(1014) User=0.30s Sys=0.00s Real=0.11s
[372.561s][info][gc,start       ] GC(1015) Pause Young (Allocation Failure)
[372.561s][info][gc,task        ] GC(1015) Using 6 workers of 6 for evacuation
[372.644s][info][gc,heap        ] GC(1015) ParNew: 460096K->51072K(460096K)
[372.644s][info][gc,heap        ] GC(1015) CMS: 443134K->496823K(7877440K)
[372.644s][info][gc,metaspace   ] GC(1015) Metaspace: 87387K(93356K)->87387K(93356K) NonClass: 76364K(79392K)->76364K(79392K) Class: 11022K(13964K)->11022K(13964K)
[372.644s][info][gc             ] GC(1015) Pause Young (Allocation Failure) 882M->535M(8142M) 83.400ms
[372.644s][info][gc,cpu         ] GC(1015) User=0.45s Sys=0.00s Real=0.08s
[372.831s][info][gc,start       ] GC(1016) Pause Young (Allocation Failure)
[372.831s][info][gc,task        ] GC(1016) Using 6 workers of 6 for evacuation
[372.903s][info][gc,heap        ] GC(1016) ParNew: 460096K->46853K(460096K)
[372.904s][info][gc,heap        ] GC(1016) CMS: 496823K->539405K(7877440K)
[372.904s][info][gc,metaspace   ] GC(1016) Metaspace: 87387K(93356K)->87387K(93356K) NonClass: 76364K(79392K)->76364K(79392K) Class: 11022K(13964K)->11022K(13964K)
[372.904s][info][gc             ] GC(1016) Pause Young (Allocation Failure) 934M->572M(8142M) 72.893ms
[372.904s][info][gc,cpu         ] GC(1016) User=0.38s Sys=0.00s Real=0.08s
[373.386s][info][gc,start       ] GC(1017) Pause Young (Allocation Failure)
[373.386s][info][gc,task        ] GC(1017) Using 6 workers of 6 for evacuation
[373.460s][info][gc,heap        ] GC(1017) ParNew: 455877K->34272K(460096K)
[373.460s][info][gc,heap        ] GC(1017) CMS: 539405K->565985K(7877440K)
[373.460s][info][gc,metaspace   ] GC(1017) Metaspace: 87387K(93356K)->87387K(93356K) NonClass: 76364K(79392K)->76364K(79392K) Class: 11022K(13964K)->11022K(13964K)
[373.460s][info][gc             ] GC(1017) Pause Young (Allocation Failure) 971M->586M(8142M) 73.907ms
[373.460s][info][gc,cpu         ] GC(1017) User=0.39s Sys=0.00s Real=0.08s
[373.785s][info][gc,start       ] GC(1018) Pause Young (Allocation Failure)
[373.785s][info][gc,task        ] GC(1018) Using 6 workers of 6 for evacuation
[373.844s][info][gc,heap        ] GC(1018) ParNew: 443296K->51072K(460096K)
[373.844s][info][gc,heap        ] GC(1018) CMS: 565985K->572300K(7877440K)
[373.844s][info][gc,metaspace   ] GC(1018) Metaspace: 87387K(93356K)->87387K(93356K) NonClass: 76364K(79392K)->76364K(79392K) Class: 11022K(13964K)->11022K(13964K)
[373.845s][info][gc             ] GC(1018) Pause Young (Allocation Failure) 985M->608M(8142M) 59.264ms
[373.845s][info][gc,cpu         ] GC(1018) User=0.28s Sys=0.00s Real=0.05s
[374.155s][info][gc,start       ] GC(1019) Pause Young (Allocation Failure)
[374.155s][info][gc,task        ] GC(1019) Using 6 workers of 6 for evacuation
[374.225s][info][gc,heap        ] GC(1019) ParNew: 460096K->51072K(460096K)
[374.225s][info][gc,heap        ] GC(1019) CMS: 572300K->598492K(7877440K)
[374.225s][info][gc,metaspace   ] GC(1019) Metaspace: 87389K(93356K)->87389K(93356K) NonClass: 76366K(79392K)->76366K(79392K) Class: 11022K(13964K)->11022K(13964K)
[374.225s][info][gc             ] GC(1019) Pause Young (Allocation Failure) 1008M->634M(8142M) 70.081ms
[374.225s][info][gc,cpu         ] GC(1019) User=0.38s Sys=0.00s Real=0.08s
[374.451s][info][gc,start       ] GC(1020) Pause Young (Allocation Failure)
[374.451s][info][gc,task        ] GC(1020) Using 6 workers of 6 for evacuation
[374.499s][info][gc,heap        ] GC(1020) ParNew: 460096K->51072K(460096K)
[374.500s][info][gc,heap        ] GC(1020) CMS: 598492K->602398K(7877440K)
[374.500s][info][gc,metaspace   ] GC(1020) Metaspace: 87389K(93356K)->87389K(93356K) NonClass: 76366K(79392K)->76366K(79392K) Class: 11022K(13964K)->11022K(13964K)
[374.500s][info][gc             ] GC(1020) Pause Young (Allocation Failure) 1033M->638M(8142M) 48.892ms
[374.500s][info][gc,cpu         ] GC(1020) User=0.12s Sys=0.00s Real=0.05s
[374.877s][info][gc,start       ] GC(1021) Pause Young (Allocation Failure)
[374.877s][info][gc,task        ] GC(1021) Using 6 workers of 6 for evacuation
[374.938s][info][gc,heap        ] GC(1021) ParNew: 459503K->51072K(460096K)
[374.938s][info][gc,heap        ] GC(1021) CMS: 602398K->633941K(7877440K)
[374.938s][info][gc,metaspace   ] GC(1021) Metaspace: 87390K(93356K)->87390K(93356K) NonClass: 76368K(79392K)->76368K(79392K) Class: 11022K(13964K)->11022K(13964K)
[374.938s][info][gc             ] GC(1021) Pause Young (Allocation Failure) 1037M->668M(8142M) 60.283ms
[374.938s][info][gc,cpu         ] GC(1021) User=0.30s Sys=0.00s Real=0.06s
[375.112s][info][gc,start       ] GC(1022) Pause Young (Allocation Failure)
[375.112s][info][gc,task        ] GC(1022) Using 6 workers of 6 for evacuation
[375.161s][info][gc,heap        ] GC(1022) ParNew: 460096K->51072K(460096K)
[375.161s][info][gc,heap        ] GC(1022) CMS: 633941K->651498K(7877440K)
[375.161s][info][gc,metaspace   ] GC(1022) Metaspace: 87392K(93356K)->87392K(93356K) NonClass: 76369K(79392K)->76369K(79392K) Class: 11022K(13964K)->11022K(13964K)
[375.161s][info][gc             ] GC(1022) Pause Young (Allocation Failure) 1068M->686M(8142M) 49.885ms
[375.162s][info][gc,cpu         ] GC(1022) User=0.19s Sys=0.00s Real=0.04s
[375.307s][info][gc,start       ] GC(1023) Pause Full (System.gc())
[375.309s][info][gc,phases,start] GC(1023) Phase 1: Mark live objects
[375.432s][info][gc,phases      ] GC(1023) Phase 1: Mark live objects 123.453ms
[375.432s][info][gc,phases,start] GC(1023) Phase 2: Compute new object addresses
[375.657s][info][gc,phases      ] GC(1023) Phase 2: Compute new object addresses 224.346ms
[375.657s][info][gc,phases,start] GC(1023) Phase 3: Adjust pointers
[375.736s][info][gc,phases      ] GC(1023) Phase 3: Adjust pointers 78.970ms
[375.736s][info][gc,phases,start] GC(1023) Phase 4: Move objects
[375.737s][info][gc,phases      ] GC(1023) Phase 4: Move objects 1.433ms
[375.743s][info][gc,heap        ] GC(1023) ParNew: 457536K->0K(460096K)
[375.743s][info][gc,heap        ] GC(1023) CMS: 651498K->169258K(7877440K)
[375.743s][info][gc,metaspace   ] GC(1023) Metaspace: 87392K(93356K)->87392K(93356K) NonClass: 76369K(79392K)->76369K(79392K) Class: 11022K(13964K)->11022K(13964K)
[375.744s][info][gc             ] GC(1023) Pause Full (System.gc()) 1083M->165M(8142M) 437.188ms
[375.744s][info][gc,cpu         ] GC(1023) User=0.41s Sys=0.00s Real=0.42s
[375.891s][info][gc,start       ] GC(1024) Pause Young (Allocation Failure)
[375.891s][info][gc,task        ] GC(1024) Using 6 workers of 6 for evacuation
[375.987s][info][gc,heap        ] GC(1024) ParNew: 409024K->51072K(460096K)
[375.987s][info][gc,heap        ] GC(1024) CMS: 169258K->228505K(7877440K)
[375.987s][info][gc,metaspace   ] GC(1024) Metaspace: 87393K(93356K)->87393K(93356K) NonClass: 76370K(79392K)->76370K(79392K) Class: 11022K(13964K)->11022K(13964K)
[375.987s][info][gc             ] GC(1024) Pause Young (Allocation Failure) 564M->273M(8142M) 95.990ms
[375.987s][info][gc,cpu         ] GC(1024) User=0.22s Sys=0.00s Real=0.10s
[376.165s][info][gc,start       ] GC(1025) Pause Young (Allocation Failure)
[376.165s][info][gc,task        ] GC(1025) Using 6 workers of 6 for evacuation
[376.238s][info][gc,heap        ] GC(1025) ParNew: 460096K->51072K(460096K)
[376.238s][info][gc,heap        ] GC(1025) CMS: 228505K->278021K(7877440K)
[376.238s][info][gc,metaspace   ] GC(1025) Metaspace: 87393K(93356K)->87393K(93356K) NonClass: 76370K(79392K)->76370K(79392K) Class: 11022K(13964K)->11022K(13964K)
[376.238s][info][gc             ] GC(1025) Pause Young (Allocation Failure) 672M->321M(8142M) 73.172ms
[376.238s][info][gc,cpu         ] GC(1025) User=0.39s Sys=0.00s Real=0.08s
[376.422s][info][gc,start       ] GC(1026) Pause Young (Allocation Failure)
[376.422s][info][gc,task        ] GC(1026) Using 6 workers of 6 for evacuation
[376.500s][info][gc,heap        ] GC(1026) ParNew: 460096K->51072K(460096K)
[376.500s][info][gc,heap        ] GC(1026) CMS: 278021K->316082K(7877440K)
[376.500s][info][gc,metaspace   ] GC(1026) Metaspace: 87393K(93356K)->87393K(93356K) NonClass: 76370K(79392K)->76370K(79392K) Class: 11022K(13964K)->11022K(13964K)
[376.500s][info][gc             ] GC(1026) Pause Young (Allocation Failure) 720M->358M(8142M) 77.667ms
[376.500s][info][gc,cpu         ] GC(1026) User=0.38s Sys=0.02s Real=0.08s
[376.695s][info][gc,start       ] GC(1027) Pause Young (Allocation Failure)
[376.696s][info][gc,task        ] GC(1027) Using 6 workers of 6 for evacuation
[376.766s][info][gc,heap        ] GC(1027) ParNew: 460096K->34117K(460096K)
[376.767s][info][gc,heap        ] GC(1027) CMS: 316082K->352090K(7877440K)
[376.767s][info][gc,metaspace   ] GC(1027) Metaspace: 87393K(93356K)->87393K(93356K) NonClass: 76370K(79392K)->76370K(79392K) Class: 11022K(13964K)->11022K(13964K)
[376.767s][info][gc             ] GC(1027) Pause Young (Allocation Failure) 757M->377M(8142M) 71.088ms
[376.767s][info][gc,cpu         ] GC(1027) User=0.38s Sys=0.00s Real=0.08s
[377.353s][info][gc,start       ] GC(1028) Pause Young (Allocation Failure)
[377.353s][info][gc,task        ] GC(1028) Using 6 workers of 6 for evacuation
[377.442s][info][gc,heap        ] GC(1028) ParNew: 443141K->51072K(460096K)
[377.442s][info][gc,heap        ] GC(1028) CMS: 352090K->378237K(7877440K)
[377.442s][info][gc,metaspace   ] GC(1028) Metaspace: 87393K(93356K)->87393K(93356K) NonClass: 76370K(79392K)->76370K(79392K) Class: 11022K(13964K)->11022K(13964K)
[377.442s][info][gc             ] GC(1028) Pause Young (Allocation Failure) 776M->419M(8142M) 89.809ms
[377.442s][info][gc,cpu         ] GC(1028) User=0.48s Sys=0.00s Real=0.09s
[377.567s][info][gc,start       ] GC(1029) Pause Young (Allocation Failure)
[377.567s][info][gc,task        ] GC(1029) Using 6 workers of 6 for evacuation
[377.676s][info][gc,heap        ] GC(1029) ParNew: 460096K->51072K(460096K)
[377.676s][info][gc,heap        ] GC(1029) CMS: 378237K->442240K(7877440K)
[377.676s][info][gc,metaspace   ] GC(1029) Metaspace: 87393K(93356K)->87393K(93356K) NonClass: 76370K(79392K)->76370K(79392K) Class: 11022K(13964K)->11022K(13964K)
[377.676s][info][gc             ] GC(1029) Pause Young (Allocation Failure) 818M->481M(8142M) 108.926ms
[377.676s][info][gc,cpu         ] GC(1029) User=0.25s Sys=0.00s Real=0.09s
[377.859s][info][gc,start       ] GC(1030) Pause Young (Allocation Failure)
[377.859s][info][gc,task        ] GC(1030) Using 6 workers of 6 for evacuation
[377.942s][info][gc,heap        ] GC(1030) ParNew: 460096K->51072K(460096K)
[377.942s][info][gc,heap        ] GC(1030) CMS: 442240K->503523K(7877440K)
[377.942s][info][gc,metaspace   ] GC(1030) Metaspace: 87393K(93356K)->87393K(93356K) NonClass: 76370K(79392K)->76370K(79392K) Class: 11022K(13964K)->11022K(13964K)
[377.942s][info][gc             ] GC(1030) Pause Young (Allocation Failure) 881M->541M(8142M) 83.533ms
[377.942s][info][gc,cpu         ] GC(1030) User=0.44s Sys=0.00s Real=0.08s
[378.136s][info][gc,start       ] GC(1031) Pause Young (Allocation Failure)
[378.136s][info][gc,task        ] GC(1031) Using 6 workers of 6 for evacuation
[378.210s][info][gc,heap        ] GC(1031) ParNew: 460096K->40439K(460096K)
[378.210s][info][gc,heap        ] GC(1031) CMS: 503523K->539834K(7877440K)
[378.210s][info][gc,metaspace   ] GC(1031) Metaspace: 87393K(93356K)->87393K(93356K) NonClass: 76370K(79392K)->76370K(79392K) Class: 11022K(13964K)->11022K(13964K)
[378.210s][info][gc             ] GC(1031) Pause Young (Allocation Failure) 941M->566M(8142M) 73.654ms
[378.210s][info][gc,cpu         ] GC(1031) User=0.38s Sys=0.00s Real=0.08s
[378.674s][info][gc,start       ] GC(1032) Pause Young (Allocation Failure)
[378.674s][info][gc,task        ] GC(1032) Using 6 workers of 6 for evacuation
[378.748s][info][gc,heap        ] GC(1032) ParNew: 449463K->32642K(460096K)
[378.748s][info][gc,heap        ] GC(1032) CMS: 539834K->566334K(7877440K)
[378.748s][info][gc,metaspace   ] GC(1032) Metaspace: 87393K(93356K)->87393K(93356K) NonClass: 76370K(79392K)->76370K(79392K) Class: 11022K(13964K)->11022K(13964K)
[378.748s][info][gc             ] GC(1032) Pause Young (Allocation Failure) 966M->584M(8142M) 74.047ms
[378.748s][info][gc,cpu         ] GC(1032) User=0.39s Sys=0.00s Real=0.08s
[379.094s][info][gc,start       ] GC(1033) Pause Young (Allocation Failure)
[379.094s][info][gc,task        ] GC(1033) Using 6 workers of 6 for evacuation
[379.156s][info][gc,heap        ] GC(1033) ParNew: 441666K->51072K(460096K)
[379.156s][info][gc,heap        ] GC(1033) CMS: 566334K->573340K(7877440K)
[379.156s][info][gc,metaspace   ] GC(1033) Metaspace: 87394K(93356K)->87394K(93356K) NonClass: 76371K(79392K)->76371K(79392K) Class: 11022K(13964K)->11022K(13964K)
[379.156s][info][gc             ] GC(1033) Pause Young (Allocation Failure) 984M->609M(8142M) 61.901ms
[379.156s][info][gc,cpu         ] GC(1033) User=0.30s Sys=0.00s Real=0.06s
[379.478s][info][gc,start       ] GC(1034) Pause Young (Allocation Failure)
[379.478s][info][gc,task        ] GC(1034) Using 6 workers of 6 for evacuation
[379.547s][info][gc,heap        ] GC(1034) ParNew: 460096K->51072K(460096K)
[379.547s][info][gc,heap        ] GC(1034) CMS: 573340K->599902K(7877440K)
[379.547s][info][gc,metaspace   ] GC(1034) Metaspace: 87394K(93356K)->87394K(93356K) NonClass: 76371K(79392K)->76371K(79392K) Class: 11022K(13964K)->11022K(13964K)
[379.547s][info][gc             ] GC(1034) Pause Young (Allocation Failure) 1009M->635M(8142M) 69.275ms
[379.547s][info][gc,cpu         ] GC(1034) User=0.22s Sys=0.00s Real=0.08s
[379.776s][info][gc,start       ] GC(1035) Pause Young (Allocation Failure)
[379.776s][info][gc,task        ] GC(1035) Using 6 workers of 6 for evacuation
[379.825s][info][gc,heap        ] GC(1035) ParNew: 460096K->51072K(460096K)
[379.825s][info][gc,heap        ] GC(1035) CMS: 599902K->604366K(7877440K)
[379.825s][info][gc,metaspace   ] GC(1035) Metaspace: 87394K(93356K)->87394K(93356K) NonClass: 76371K(79392K)->76371K(79392K) Class: 11022K(13964K)->11022K(13964K)
[379.825s][info][gc             ] GC(1035) Pause Young (Allocation Failure) 1035M->640M(8142M) 48.835ms
[379.825s][info][gc,cpu         ] GC(1035) User=0.08s Sys=0.00s Real=0.05s
[380.190s][info][gc,start       ] GC(1036) Pause Young (Allocation Failure)
[380.190s][info][gc,task        ] GC(1036) Using 6 workers of 6 for evacuation
[380.238s][info][gc,heap        ] GC(1036) ParNew: 460096K->51072K(460096K)
[380.238s][info][gc,heap        ] GC(1036) CMS: 604366K->622756K(7877440K)
[380.238s][info][gc,metaspace   ] GC(1036) Metaspace: 87394K(93356K)->87394K(93356K) NonClass: 76371K(79392K)->76371K(79392K) Class: 11022K(13964K)->11022K(13964K)
[380.238s][info][gc             ] GC(1036) Pause Young (Allocation Failure) 1039M->658M(8142M) 47.435ms
[380.238s][info][gc,cpu         ] GC(1036) User=0.11s Sys=0.00s Real=0.05s
[380.446s][info][gc,start       ] GC(1037) Pause Young (Allocation Failure)
[380.447s][info][gc,task        ] GC(1037) Using 6 workers of 6 for evacuation
[380.494s][info][gc,heap        ] GC(1037) ParNew: 460096K->51072K(460096K)
[380.494s][info][gc,heap        ] GC(1037) CMS: 622756K->637660K(7877440K)
[380.494s][info][gc,metaspace   ] GC(1037) Metaspace: 87394K(93356K)->87394K(93356K) NonClass: 76371K(79392K)->76371K(79392K) Class: 11022K(13964K)->11022K(13964K)
[380.494s][info][gc             ] GC(1037) Pause Young (Allocation Failure) 1057M->672M(8142M) 47.689ms
[380.494s][info][gc,cpu         ] GC(1037) User=0.17s Sys=0.00s Real=0.05s
[380.640s][info][gc,start       ] GC(1038) Pause Full (System.gc())
[380.642s][info][gc,phases,start] GC(1038) Phase 1: Mark live objects
[380.767s][info][gc,phases      ] GC(1038) Phase 1: Mark live objects 124.599ms
[380.767s][info][gc,phases,start] GC(1038) Phase 2: Compute new object addresses
[380.992s][info][gc,phases      ] GC(1038) Phase 2: Compute new object addresses 225.070ms
[380.992s][info][gc,phases,start] GC(1038) Phase 3: Adjust pointers
[381.072s][info][gc,phases      ] GC(1038) Phase 3: Adjust pointers 79.485ms
[381.072s][info][gc,phases,start] GC(1038) Phase 4: Move objects
[381.073s][info][gc,phases      ] GC(1038) Phase 4: Move objects 1.429ms
[381.079s][info][gc,heap        ] GC(1038) ParNew: 460096K->0K(460096K)
[381.079s][info][gc,heap        ] GC(1038) CMS: 637660K->169309K(7877440K)
[381.079s][info][gc,metaspace   ] GC(1038) Metaspace: 87394K(93356K)->87394K(93356K) NonClass: 76371K(79392K)->76371K(79392K) Class: 11022K(13964K)->11022K(13964K)
[381.080s][info][gc             ] GC(1038) Pause Full (System.gc()) 1072M->165M(8142M) 439.339ms
[381.080s][info][gc,cpu         ] GC(1038) User=0.44s Sys=0.00s Real=0.44s
[381.228s][info][gc,start       ] GC(1039) Pause Young (Allocation Failure)
[381.228s][info][gc,task        ] GC(1039) Using 6 workers of 6 for evacuation
[381.324s][info][gc,heap        ] GC(1039) ParNew: 409024K->51072K(460096K)
[381.324s][info][gc,heap        ] GC(1039) CMS: 169309K->228832K(7877440K)
[381.324s][info][gc,metaspace   ] GC(1039) Metaspace: 87394K(93356K)->87394K(93356K) NonClass: 76371K(79392K)->76371K(79392K) Class: 11022K(13964K)->11022K(13964K)
[381.324s][info][gc             ] GC(1039) Pause Young (Allocation Failure) 564M->273M(8142M) 96.484ms
[381.325s][info][gc,cpu         ] GC(1039) User=0.31s Sys=0.00s Real=0.10s
[381.502s][info][gc,start       ] GC(1040) Pause Young (Allocation Failure)
[381.502s][info][gc,task        ] GC(1040) Using 6 workers of 6 for evacuation
[381.576s][info][gc,heap        ] GC(1040) ParNew: 460096K->51072K(460096K)
[381.576s][info][gc,heap        ] GC(1040) CMS: 228832K->278281K(7877440K)
[381.576s][info][gc,metaspace   ] GC(1040) Metaspace: 87394K(93356K)->87394K(93356K) NonClass: 76371K(79392K)->76371K(79392K) Class: 11022K(13964K)->11022K(13964K)
[381.576s][info][gc             ] GC(1040) Pause Young (Allocation Failure) 672M->321M(8142M) 74.346ms
[381.576s][info][gc,cpu         ] GC(1040) User=0.28s Sys=0.00s Real=0.08s
[381.759s][info][gc,start       ] GC(1041) Pause Young (Allocation Failure)
[381.759s][info][gc,task        ] GC(1041) Using 6 workers of 6 for evacuation
[381.836s][info][gc,heap        ] GC(1041) ParNew: 460096K->51072K(460096K)
[381.836s][info][gc,heap        ] GC(1041) CMS: 278281K->315598K(7877440K)
[381.836s][info][gc,metaspace   ] GC(1041) Metaspace: 87394K(93356K)->87394K(93356K) NonClass: 76371K(79392K)->76371K(79392K) Class: 11022K(13964K)->11022K(13964K)
[381.836s][info][gc             ] GC(1041) Pause Young (Allocation Failure) 721M->358M(8142M) 77.132ms
[381.836s][info][gc,cpu         ] GC(1041) User=0.45s Sys=0.00s Real=0.08s
[382.044s][info][gc,start       ] GC(1042) Pause Young (Allocation Failure)
[382.044s][info][gc,task        ] GC(1042) Using 6 workers of 6 for evacuation
[382.114s][info][gc,heap        ] GC(1042) ParNew: 460096K->35041K(460096K)
[382.115s][info][gc,heap        ] GC(1042) CMS: 315598K->351908K(7877440K)
[382.115s][info][gc,metaspace   ] GC(1042) Metaspace: 87394K(93356K)->87394K(93356K) NonClass: 76371K(79392K)->76371K(79392K) Class: 11022K(13964K)->11022K(13964K)
[382.115s][info][gc             ] GC(1042) Pause Young (Allocation Failure) 757M->377M(8142M) 70.927ms
[382.115s][info][gc,cpu         ] GC(1042) User=0.38s Sys=0.00s Real=0.06s
[382.708s][info][gc,start       ] GC(1043) Pause Young (Allocation Failure)
[382.708s][info][gc,task        ] GC(1043) Using 6 workers of 6 for evacuation
[382.798s][info][gc,heap        ] GC(1043) ParNew: 444065K->51072K(460096K)
[382.798s][info][gc,heap        ] GC(1043) CMS: 351908K->378273K(7877440K)
[382.798s][info][gc,metaspace   ] GC(1043) Metaspace: 87394K(93356K)->87394K(93356K) NonClass: 76371K(79392K)->76371K(79392K) Class: 11022K(13964K)->11022K(13964K)
[382.798s][info][gc             ] GC(1043) Pause Young (Allocation Failure) 777M->419M(8142M) 90.480ms
[382.798s][info][gc,cpu         ] GC(1043) User=0.48s Sys=0.00s Real=0.10s
[382.924s][info][gc,start       ] GC(1044) Pause Young (Allocation Failure)
[382.924s][info][gc,task        ] GC(1044) Using 6 workers of 6 for evacuation
[383.036s][info][gc,heap        ] GC(1044) ParNew: 460096K->51072K(460096K)
[383.036s][info][gc,heap        ] GC(1044) CMS: 378273K->443046K(7877440K)
[383.036s][info][gc,metaspace   ] GC(1044) Metaspace: 87394K(93356K)->87394K(93356K) NonClass: 76371K(79392K)->76371K(79392K) Class: 11022K(13964K)->11022K(13964K)
[383.036s][info][gc             ] GC(1044) Pause Young (Allocation Failure) 818M->482M(8142M) 112.573ms
[383.036s][info][gc,cpu         ] GC(1044) User=0.22s Sys=0.00s Real=0.11s
[383.219s][info][gc,start       ] GC(1045) Pause Young (Allocation Failure)
[383.219s][info][gc,task        ] GC(1045) Using 6 workers of 6 for evacuation
[383.302s][info][gc,heap        ] GC(1045) ParNew: 460096K->51072K(460096K)
[383.302s][info][gc,heap        ] GC(1045) CMS: 443046K->500666K(7877440K)
[383.302s][info][gc,metaspace   ] GC(1045) Metaspace: 87394K(93356K)->87394K(93356K) NonClass: 76371K(79392K)->76371K(79392K) Class: 11022K(13964K)->11022K(13964K)
[383.302s][info][gc             ] GC(1045) Pause Young (Allocation Failure) 881M->538M(8142M) 82.963ms
[383.302s][info][gc,cpu         ] GC(1045) User=0.41s Sys=0.00s Real=0.08s
[383.491s][info][gc,start       ] GC(1046) Pause Young (Allocation Failure)
[383.491s][info][gc,task        ] GC(1046) Using 6 workers of 6 for evacuation
[383.562s][info][gc,heap        ] GC(1046) ParNew: 460096K->40419K(460096K)
[383.562s][info][gc,heap        ] GC(1046) CMS: 500666K->540810K(7877440K)
[383.562s][info][gc,metaspace   ] GC(1046) Metaspace: 87394K(93356K)->87394K(93356K) NonClass: 76371K(79392K)->76371K(79392K) Class: 11022K(13964K)->11022K(13964K)
[383.562s][info][gc             ] GC(1046) Pause Young (Allocation Failure) 938M->567M(8142M) 71.006ms
[383.562s][info][gc,cpu         ] GC(1046) User=0.38s Sys=0.00s Real=0.06s
[384.040s][info][gc,start       ] GC(1047) Pause Young (Allocation Failure)
[384.040s][info][gc,task        ] GC(1047) Using 6 workers of 6 for evacuation
[384.113s][info][gc,heap        ] GC(1047) ParNew: 449443K->32649K(460096K)
[384.113s][info][gc,heap        ] GC(1047) CMS: 540810K->567331K(7877440K)
[384.113s][info][gc,metaspace   ] GC(1047) Metaspace: 87394K(93356K)->87394K(93356K) NonClass: 76371K(79392K)->76371K(79392K) Class: 11022K(13964K)->11022K(13964K)
[384.113s][info][gc             ] GC(1047) Pause Young (Allocation Failure) 967M->585M(8142M) 73.050ms
[384.113s][info][gc,cpu         ] GC(1047) User=0.39s Sys=0.00s Real=0.08s
[384.455s][info][gc,start       ] GC(1048) Pause Young (Allocation Failure)
[384.455s][info][gc,task        ] GC(1048) Using 6 workers of 6 for evacuation
[384.514s][info][gc,heap        ] GC(1048) ParNew: 441673K->51072K(460096K)
[384.514s][info][gc,heap        ] GC(1048) CMS: 567331K->573443K(7877440K)
[384.514s][info][gc,metaspace   ] GC(1048) Metaspace: 87396K(93356K)->87396K(93356K) NonClass: 76373K(79392K)->76373K(79392K) Class: 11022K(13964K)->11022K(13964K)
[384.514s][info][gc             ] GC(1048) Pause Young (Allocation Failure) 985M->609M(8142M) 58.758ms
[384.514s][info][gc,cpu         ] GC(1048) User=0.34s Sys=0.00s Real=0.06s
[384.822s][info][gc,start       ] GC(1049) Pause Young (Allocation Failure)
[384.822s][info][gc,task        ] GC(1049) Using 6 workers of 6 for evacuation
[384.891s][info][gc,heap        ] GC(1049) ParNew: 460096K->43551K(460096K)
[384.891s][info][gc,heap        ] GC(1049) CMS: 573443K->599960K(7877440K)
[384.891s][info][gc,metaspace   ] GC(1049) Metaspace: 87396K(93356K)->87396K(93356K) NonClass: 76373K(79392K)->76373K(79392K) Class: 11022K(13964K)->11022K(13964K)
[384.891s][info][gc             ] GC(1049) Pause Young (Allocation Failure) 1009M->628M(8142M) 69.859ms
[384.891s][info][gc,cpu         ] GC(1049) User=0.19s Sys=0.00s Real=0.06s
[385.119s][info][gc,start       ] GC(1050) Pause Young (Allocation Failure)
[385.119s][info][gc,task        ] GC(1050) Using 6 workers of 6 for evacuation
[385.168s][info][gc,heap        ] GC(1050) ParNew: 452575K->51072K(460096K)
[385.168s][info][gc,heap        ] GC(1050) CMS: 599960K->604470K(7877440K)
[385.168s][info][gc,metaspace   ] GC(1050) Metaspace: 87396K(93356K)->87396K(93356K) NonClass: 76373K(79392K)->76373K(79392K) Class: 11022K(13964K)->11022K(13964K)
[385.168s][info][gc             ] GC(1050) Pause Young (Allocation Failure) 1027M->640M(8142M) 49.744ms
[385.168s][info][gc,cpu         ] GC(1050) User=0.19s Sys=0.00s Real=0.05s
[385.530s][info][gc,start       ] GC(1051) Pause Young (Allocation Failure)
[385.530s][info][gc,task        ] GC(1051) Using 6 workers of 6 for evacuation
[385.576s][info][gc,heap        ] GC(1051) ParNew: 460096K->51072K(460096K)
[385.576s][info][gc,heap        ] GC(1051) CMS: 604470K->622496K(7877440K)
[385.576s][info][gc,metaspace   ] GC(1051) Metaspace: 87396K(93356K)->87396K(93356K) NonClass: 76373K(79392K)->76373K(79392K) Class: 11022K(13964K)->11022K(13964K)
[385.576s][info][gc             ] GC(1051) Pause Young (Allocation Failure) 1039M->657M(8142M) 46.276ms
[385.576s][info][gc,cpu         ] GC(1051) User=0.11s Sys=0.00s Real=0.04s
[385.777s][info][gc,start       ] GC(1052) Pause Young (Allocation Failure)
[385.778s][info][gc,task        ] GC(1052) Using 6 workers of 6 for evacuation
[385.825s][info][gc,heap        ] GC(1052) ParNew: 460096K->51072K(460096K)
[385.825s][info][gc,heap        ] GC(1052) CMS: 622496K->638746K(7877440K)
[385.825s][info][gc,metaspace   ] GC(1052) Metaspace: 87396K(93356K)->87396K(93356K) NonClass: 76373K(79392K)->76373K(79392K) Class: 11022K(13964K)->11022K(13964K)
[385.825s][info][gc             ] GC(1052) Pause Young (Allocation Failure) 1057M->673M(8142M) 47.590ms
[385.825s][info][gc,cpu         ] GC(1052) User=0.17s Sys=0.00s Real=0.05s
[385.970s][info][gc,start       ] GC(1053) Pause Young (Allocation Failure)
[385.970s][info][gc,task        ] GC(1053) Using 6 workers of 6 for evacuation
[386.162s][info][gc,heap        ] GC(1053) ParNew: 460096K->51072K(460096K)
[386.162s][info][gc,heap        ] GC(1053) CMS: 638746K->695514K(7877440K)
[386.162s][info][gc,metaspace   ] GC(1053) Metaspace: 87396K(93356K)->87396K(93356K) NonClass: 76373K(79392K)->76373K(79392K) Class: 11022K(13964K)->11022K(13964K)
[386.162s][info][gc             ] GC(1053) Pause Young (Allocation Failure) 1073M->729M(8142M) 192.150ms
[386.162s][info][gc,cpu         ] GC(1053) User=1.02s Sys=0.00s Real=0.19s
[386.164s][info][gc,start       ] GC(1054) Pause Full (System.gc())
[386.166s][info][gc,phases,start] GC(1054) Phase 1: Mark live objects
[386.289s][info][gc,phases      ] GC(1054) Phase 1: Mark live objects 122.957ms
[386.289s][info][gc,phases,start] GC(1054) Phase 2: Compute new object addresses
[386.468s][info][gc,phases      ] GC(1054) Phase 2: Compute new object addresses 178.859ms
[386.468s][info][gc,phases,start] GC(1054) Phase 3: Adjust pointers
[386.548s][info][gc,phases      ] GC(1054) Phase 3: Adjust pointers 79.515ms
[386.548s][info][gc,phases,start] GC(1054) Phase 4: Move objects
[386.549s][info][gc,phases      ] GC(1054) Phase 4: Move objects 1.500ms
[386.555s][info][gc,heap        ] GC(1054) ParNew: 55361K->0K(460096K)
[386.555s][info][gc,heap        ] GC(1054) CMS: 695514K->169367K(7877440K)
[386.555s][info][gc,metaspace   ] GC(1054) Metaspace: 87396K(93356K)->87396K(93356K) NonClass: 76373K(79392K)->76373K(79392K) Class: 11022K(13964K)->11022K(13964K)
[386.556s][info][gc             ] GC(1054) Pause Full (System.gc()) 733M->165M(8142M) 391.566ms
[386.556s][info][gc,cpu         ] GC(1054) User=0.34s Sys=0.00s Real=0.39s
[386.703s][info][gc,start       ] GC(1055) Pause Young (Allocation Failure)
[386.703s][info][gc,task        ] GC(1055) Using 6 workers of 6 for evacuation
[386.797s][info][gc,heap        ] GC(1055) ParNew: 409024K->51072K(460096K)
[386.797s][info][gc,heap        ] GC(1055) CMS: 169367K->229686K(7877440K)
[386.797s][info][gc,metaspace   ] GC(1055) Metaspace: 87396K(93356K)->87396K(93356K) NonClass: 76373K(79392K)->76373K(79392K) Class: 11022K(13964K)->11022K(13964K)
[386.797s][info][gc             ] GC(1055) Pause Young (Allocation Failure) 564M->274M(8142M) 94.539ms
[386.797s][info][gc,cpu         ] GC(1055) User=0.19s Sys=0.00s Real=0.09s
[386.969s][info][gc,start       ] GC(1056) Pause Young (Allocation Failure)
[386.969s][info][gc,task        ] GC(1056) Using 6 workers of 6 for evacuation
[387.047s][info][gc,heap        ] GC(1056) ParNew: 460096K->51072K(460096K)
[387.047s][info][gc,heap        ] GC(1056) CMS: 229686K->280226K(7877440K)
[387.047s][info][gc,metaspace   ] GC(1056) Metaspace: 87396K(93356K)->87396K(93356K) NonClass: 76373K(79392K)->76373K(79392K) Class: 11022K(13964K)->11022K(13964K)
[387.047s][info][gc             ] GC(1056) Pause Young (Allocation Failure) 673M->323M(8142M) 77.878ms
[387.047s][info][gc,cpu         ] GC(1056) User=0.30s Sys=0.02s Real=0.06s
[387.238s][info][gc,start       ] GC(1057) Pause Young (Allocation Failure)
[387.238s][info][gc,task        ] GC(1057) Using 6 workers of 6 for evacuation
[387.315s][info][gc,heap        ] GC(1057) ParNew: 460096K->51072K(460096K)
[387.315s][info][gc,heap        ] GC(1057) CMS: 280226K->319058K(7877440K)
[387.315s][info][gc,metaspace   ] GC(1057) Metaspace: 87396K(93356K)->87396K(93356K) NonClass: 76373K(79392K)->76373K(79392K) Class: 11022K(13964K)->11022K(13964K)
[387.315s][info][gc             ] GC(1057) Pause Young (Allocation Failure) 722M->361M(8142M) 77.112ms
[387.315s][info][gc,cpu         ] GC(1057) User=0.39s Sys=0.00s Real=0.08s
[387.511s][info][gc,start       ] GC(1058) Pause Young (Allocation Failure)
[387.511s][info][gc,task        ] GC(1058) Using 6 workers of 6 for evacuation
[387.583s][info][gc,heap        ] GC(1058) ParNew: 460096K->35812K(460096K)
[387.583s][info][gc,heap        ] GC(1058) CMS: 319058K->352146K(7877440K)
[387.583s][info][gc,metaspace   ] GC(1058) Metaspace: 87396K(93356K)->87396K(93356K) NonClass: 76373K(79392K)->76373K(79392K) Class: 11022K(13964K)->11022K(13964K)
[387.583s][info][gc             ] GC(1058) Pause Young (Allocation Failure) 760M->378M(8142M) 72.167ms
[387.583s][info][gc,cpu         ] GC(1058) User=0.39s Sys=0.02s Real=0.08s
[388.158s][info][gc,start       ] GC(1059) Pause Young (Allocation Failure)
[388.158s][info][gc,task        ] GC(1059) Using 6 workers of 6 for evacuation
[388.248s][info][gc,heap        ] GC(1059) ParNew: 444836K->51072K(460096K)
[388.248s][info][gc,heap        ] GC(1059) CMS: 352146K->378347K(7877440K)
[388.248s][info][gc,metaspace   ] GC(1059) Metaspace: 87396K(93356K)->87396K(93356K) NonClass: 76373K(79392K)->76373K(79392K) Class: 11022K(13964K)->11022K(13964K)
[388.248s][info][gc             ] GC(1059) Pause Young (Allocation Failure) 778M->419M(8142M) 89.921ms
[388.248s][info][gc,cpu         ] GC(1059) User=0.52s Sys=0.00s Real=0.09s
[388.373s][info][gc,start       ] GC(1060) Pause Young (Allocation Failure)
[388.373s][info][gc,task        ] GC(1060) Using 6 workers of 6 for evacuation
[388.484s][info][gc,heap        ] GC(1060) ParNew: 460096K->51072K(460096K)
[388.484s][info][gc,heap        ] GC(1060) CMS: 378347K->442960K(7877440K)
[388.484s][info][gc,metaspace   ] GC(1060) Metaspace: 87396K(93356K)->87396K(93356K) NonClass: 76373K(79392K)->76373K(79392K) Class: 11022K(13964K)->11022K(13964K)
[388.484s][info][gc             ] GC(1060) Pause Young (Allocation Failure) 818M->482M(8142M) 111.318ms
[388.484s][info][gc,cpu         ] GC(1060) User=0.39s Sys=0.00s Real=0.11s
[388.670s][info][gc,start       ] GC(1061) Pause Young (Allocation Failure)
[388.670s][info][gc,task        ] GC(1061) Using 6 workers of 6 for evacuation
[388.751s][info][gc,heap        ] GC(1061) ParNew: 460096K->51072K(460096K)
[388.751s][info][gc,heap        ] GC(1061) CMS: 442960K->503324K(7877440K)
[388.751s][info][gc,metaspace   ] GC(1061) Metaspace: 87396K(93356K)->87396K(93356K) NonClass: 76373K(79392K)->76373K(79392K) Class: 11022K(13964K)->11022K(13964K)
[388.751s][info][gc             ] GC(1061) Pause Young (Allocation Failure) 881M->541M(8142M) 81.344ms
[388.751s][info][gc,cpu         ] GC(1061) User=0.41s Sys=0.00s Real=0.08s
[388.936s][info][gc,start       ] GC(1062) Pause Young (Allocation Failure)
[388.936s][info][gc,task        ] GC(1062) Using 6 workers of 6 for evacuation
[389.008s][info][gc,heap        ] GC(1062) ParNew: 460096K->43368K(460096K)
[389.008s][info][gc,heap        ] GC(1062) CMS: 503324K->544468K(7877440K)
[389.008s][info][gc,metaspace   ] GC(1062) Metaspace: 87396K(93356K)->87396K(93356K) NonClass: 76373K(79392K)->76373K(79392K) Class: 11022K(13964K)->11022K(13964K)
[389.008s][info][gc             ] GC(1062) Pause Young (Allocation Failure) 940M->574M(8142M) 71.856ms
[389.008s][info][gc,cpu         ] GC(1062) User=0.38s Sys=0.00s Real=0.06s
[389.484s][info][gc,start       ] GC(1063) Pause Young (Allocation Failure)
[389.484s][info][gc,task        ] GC(1063) Using 6 workers of 6 for evacuation
[389.563s][info][gc,heap        ] GC(1063) ParNew: 452392K->33437K(460096K)
[389.563s][info][gc,heap        ] GC(1063) CMS: 544468K->571088K(7877440K)
[389.563s][info][gc,metaspace   ] GC(1063) Metaspace: 87396K(93356K)->87396K(93356K) NonClass: 76373K(79392K)->76373K(79392K) Class: 11022K(13964K)->11022K(13964K)
[389.563s][info][gc             ] GC(1063) Pause Young (Allocation Failure) 973M->590M(8142M) 79.219ms
[389.564s][info][gc,cpu         ] GC(1063) User=0.39s Sys=0.00s Real=0.08s
[389.886s][info][gc,start       ] GC(1064) Pause Young (Allocation Failure)
[389.886s][info][gc,task        ] GC(1064) Using 6 workers of 6 for evacuation
[389.943s][info][gc,heap        ] GC(1064) ParNew: 442461K->51072K(460096K)
[389.943s][info][gc,heap        ] GC(1064) CMS: 571088K->576643K(7877440K)
[389.943s][info][gc,metaspace   ] GC(1064) Metaspace: 87400K(93356K)->87400K(93356K) NonClass: 76377K(79392K)->76377K(79392K) Class: 11023K(13964K)->11023K(13964K)
[389.943s][info][gc             ] GC(1064) Pause Young (Allocation Failure) 989M->613M(8142M) 57.425ms
[389.944s][info][gc,cpu         ] GC(1064) User=0.36s Sys=0.00s Real=0.07s
[390.255s][info][gc,start       ] GC(1065) Pause Young (Allocation Failure)
[390.255s][info][gc,task        ] GC(1065) Using 6 workers of 6 for evacuation
[390.324s][info][gc,heap        ] GC(1065) ParNew: 460096K->40603K(460096K)
[390.324s][info][gc,heap        ] GC(1065) CMS: 576643K->603091K(7877440K)
[390.324s][info][gc,metaspace   ] GC(1065) Metaspace: 87400K(93356K)->87400K(93356K) NonClass: 76377K(79392K)->76377K(79392K) Class: 11023K(13964K)->11023K(13964K)
[390.324s][info][gc             ] GC(1065) Pause Young (Allocation Failure) 1012M->628M(8142M) 68.667ms
[390.324s][info][gc,cpu         ] GC(1065) User=0.34s Sys=0.00s Real=0.06s
[390.557s][info][gc,start       ] GC(1066) Pause Young (Allocation Failure)
[390.557s][info][gc,task        ] GC(1066) Using 6 workers of 6 for evacuation
[390.607s][info][gc,heap        ] GC(1066) ParNew: 449627K->51072K(460096K)
[390.607s][info][gc,heap        ] GC(1066) CMS: 603091K->607600K(7877440K)
[390.607s][info][gc,metaspace   ] GC(1066) Metaspace: 87403K(93356K)->87403K(93356K) NonClass: 76380K(79392K)->76380K(79392K) Class: 11023K(13964K)->11023K(13964K)
[390.607s][info][gc             ] GC(1066) Pause Young (Allocation Failure) 1028M->643M(8142M) 49.426ms
[390.607s][info][gc,cpu         ] GC(1066) User=0.14s Sys=0.00s Real=0.05s
[390.983s][info][gc,start       ] GC(1067) Pause Young (Allocation Failure)
[390.983s][info][gc,task        ] GC(1067) Using 6 workers of 6 for evacuation
[391.014s][info][gc,heap        ] GC(1067) ParNew: 459415K->51072K(460096K)
[391.014s][info][gc,heap        ] GC(1067) CMS: 607600K->612881K(7877440K)
[391.014s][info][gc,metaspace   ] GC(1067) Metaspace: 87405K(93356K)->87405K(93356K) NonClass: 76381K(79392K)->76381K(79392K) Class: 11023K(13964K)->11023K(13964K)
[391.014s][info][gc             ] GC(1067) Pause Young (Allocation Failure) 1042M->648M(8142M) 30.905ms
[391.014s][info][gc,cpu         ] GC(1067) User=0.05s Sys=0.00s Real=0.03s
[391.172s][info][gc,start       ] GC(1068) Pause Young (Allocation Failure)
[391.172s][info][gc,task        ] GC(1068) Using 6 workers of 6 for evacuation
[391.225s][info][gc,heap        ] GC(1068) ParNew: 460096K->51072K(460096K)
[391.225s][info][gc,heap        ] GC(1068) CMS: 612881K->636981K(7877440K)
[391.225s][info][gc,metaspace   ] GC(1068) Metaspace: 87407K(93356K)->87407K(93356K) NonClass: 76383K(79392K)->76383K(79392K) Class: 11023K(13964K)->11023K(13964K)
[391.225s][info][gc             ] GC(1068) Pause Young (Allocation Failure) 1047M->671M(8142M) 53.099ms
[391.225s][info][gc,cpu         ] GC(1068) User=0.27s Sys=0.00s Real=0.06s
[391.370s][info][gc,start       ] GC(1069) Pause Full (System.gc())
[391.373s][info][gc,phases,start] GC(1069) Phase 1: Mark live objects
[391.496s][info][gc,phases      ] GC(1069) Phase 1: Mark live objects 123.532ms
[391.496s][info][gc,phases,start] GC(1069) Phase 2: Compute new object addresses
[391.718s][info][gc,phases      ] GC(1069) Phase 2: Compute new object addresses 221.989ms
[391.718s][info][gc,phases,start] GC(1069) Phase 3: Adjust pointers
[391.798s][info][gc,phases      ] GC(1069) Phase 3: Adjust pointers 80.227ms
[391.798s][info][gc,phases,start] GC(1069) Phase 4: Move objects
[391.800s][info][gc,phases      ] GC(1069) Phase 4: Move objects 1.531ms
[391.806s][info][gc,heap        ] GC(1069) ParNew: 459721K->0K(460096K)
[391.806s][info][gc,heap        ] GC(1069) CMS: 636981K->169425K(7877440K)
[391.806s][info][gc,metaspace   ] GC(1069) Metaspace: 87407K(93356K)->87407K(93356K) NonClass: 76383K(79392K)->76383K(79392K) Class: 11023K(13964K)->11023K(13964K)
[391.807s][info][gc             ] GC(1069) Pause Full (System.gc()) 1070M->165M(8142M) 436.365ms
[391.807s][info][gc,cpu         ] GC(1069) User=0.42s Sys=0.00s Real=0.44s
[391.953s][info][gc,start       ] GC(1070) Pause Young (Allocation Failure)
[391.954s][info][gc,task        ] GC(1070) Using 6 workers of 6 for evacuation
[392.048s][info][gc,heap        ] GC(1070) ParNew: 409024K->51072K(460096K)
[392.048s][info][gc,heap        ] GC(1070) CMS: 169425K->228817K(7877440K)
[392.048s][info][gc,metaspace   ] GC(1070) Metaspace: 87409K(93356K)->87409K(93356K) NonClass: 76385K(79392K)->76385K(79392K) Class: 11023K(13964K)->11023K(13964K)
[392.048s][info][gc             ] GC(1070) Pause Young (Allocation Failure) 564M->273M(8142M) 94.499ms
[392.048s][info][gc,cpu         ] GC(1070) User=0.19s Sys=0.00s Real=0.10s
[392.223s][info][gc,start       ] GC(1071) Pause Young (Allocation Failure)
[392.223s][info][gc,task        ] GC(1071) Using 6 workers of 6 for evacuation
[392.296s][info][gc,heap        ] GC(1071) ParNew: 460096K->51072K(460096K)
[392.296s][info][gc,heap        ] GC(1071) CMS: 228817K->276710K(7877440K)
[392.296s][info][gc,metaspace   ] GC(1071) Metaspace: 87409K(93356K)->87409K(93356K) NonClass: 76385K(79392K)->76385K(79392K) Class: 11023K(13964K)->11023K(13964K)
[392.296s][info][gc             ] GC(1071) Pause Young (Allocation Failure) 672M->320M(8142M) 73.668ms
[392.296s][info][gc,cpu         ] GC(1071) User=0.39s Sys=0.00s Real=0.08s
[392.484s][info][gc,start       ] GC(1072) Pause Young (Allocation Failure)
[392.484s][info][gc,task        ] GC(1072) Using 6 workers of 6 for evacuation
[392.562s][info][gc,heap        ] GC(1072) ParNew: 460096K->51072K(460096K)
[392.562s][info][gc,heap        ] GC(1072) CMS: 276710K->314304K(7877440K)
[392.562s][info][gc,metaspace   ] GC(1072) Metaspace: 87409K(93356K)->87409K(93356K) NonClass: 76385K(79392K)->76385K(79392K) Class: 11023K(13964K)->11023K(13964K)
[392.562s][info][gc             ] GC(1072) Pause Young (Allocation Failure) 719M->356M(8142M) 77.382ms
[392.562s][info][gc,cpu         ] GC(1072) User=0.39s Sys=0.00s Real=0.08s
[392.753s][info][gc,start       ] GC(1073) Pause Young (Allocation Failure)
[392.753s][info][gc,task        ] GC(1073) Using 6 workers of 6 for evacuation
[392.824s][info][gc,heap        ] GC(1073) ParNew: 460096K->35223K(460096K)
[392.824s][info][gc,heap        ] GC(1073) CMS: 314304K->350721K(7877440K)
[392.824s][info][gc,metaspace   ] GC(1073) Metaspace: 87409K(93356K)->87409K(93356K) NonClass: 76385K(79392K)->76385K(79392K) Class: 11023K(13964K)->11023K(13964K)
[392.824s][info][gc             ] GC(1073) Pause Young (Allocation Failure) 756M->376M(8142M) 71.056ms
[392.824s][info][gc,cpu         ] GC(1073) User=0.38s Sys=0.00s Real=0.08s
[393.410s][info][gc,start       ] GC(1074) Pause Young (Allocation Failure)
[393.410s][info][gc,task        ] GC(1074) Using 6 workers of 6 for evacuation
[393.502s][info][gc,heap        ] GC(1074) ParNew: 444247K->51072K(460096K)
[393.502s][info][gc,heap        ] GC(1074) CMS: 350721K->375533K(7877440K)
[393.502s][info][gc,metaspace   ] GC(1074) Metaspace: 87409K(93356K)->87409K(93356K) NonClass: 76385K(79392K)->76385K(79392K) Class: 11023K(13964K)->11023K(13964K)
[393.502s][info][gc             ] GC(1074) Pause Young (Allocation Failure) 776M->416M(8142M) 91.431ms
[393.502s][info][gc,cpu         ] GC(1074) User=0.48s Sys=0.00s Real=0.09s
[393.627s][info][gc,start       ] GC(1075) Pause Young (Allocation Failure)
[393.627s][info][gc,task        ] GC(1075) Using 6 workers of 6 for evacuation
[393.737s][info][gc,heap        ] GC(1075) ParNew: 460096K->51072K(460096K)
[393.737s][info][gc,heap        ] GC(1075) CMS: 375533K->441055K(7877440K)
[393.737s][info][gc,metaspace   ] GC(1075) Metaspace: 87409K(93356K)->87409K(93356K) NonClass: 76385K(79392K)->76385K(79392K) Class: 11023K(13964K)->11023K(13964K)
[393.737s][info][gc             ] GC(1075) Pause Young (Allocation Failure) 816M->480M(8142M) 110.001ms
[393.737s][info][gc,cpu         ] GC(1075) User=0.31s Sys=0.02s Real=0.11s
[393.924s][info][gc,start       ] GC(1076) Pause Young (Allocation Failure)
[393.924s][info][gc,task        ] GC(1076) Using 6 workers of 6 for evacuation
[394.007s][info][gc,heap        ] GC(1076) ParNew: 460096K->51072K(460096K)
[394.007s][info][gc,heap        ] GC(1076) CMS: 441055K->498293K(7877440K)
[394.007s][info][gc,metaspace   ] GC(1076) Metaspace: 87409K(93356K)->87409K(93356K) NonClass: 76385K(79392K)->76385K(79392K) Class: 11023K(13964K)->11023K(13964K)
[394.007s][info][gc             ] GC(1076) Pause Young (Allocation Failure) 880M->536M(8142M) 82.545ms
[394.007s][info][gc,cpu         ] GC(1076) User=0.39s Sys=0.00s Real=0.08s
[394.194s][info][gc,start       ] GC(1077) Pause Young (Allocation Failure)
[394.194s][info][gc,task        ] GC(1077) Using 6 workers of 6 for evacuation
[394.266s][info][gc,heap        ] GC(1077) ParNew: 460096K->45769K(460096K)
[394.267s][info][gc,heap        ] GC(1077) CMS: 498293K->539283K(7877440K)
[394.267s][info][gc,metaspace   ] GC(1077) Metaspace: 87409K(93356K)->87409K(93356K) NonClass: 76385K(79392K)->76385K(79392K) Class: 11023K(13964K)->11023K(13964K)
[394.267s][info][gc             ] GC(1077) Pause Young (Allocation Failure) 935M->571M(8142M) 72.207ms
[394.267s][info][gc,cpu         ] GC(1077) User=0.38s Sys=0.00s Real=0.06s
[394.731s][info][gc,start       ] GC(1078) Pause Young (Allocation Failure)
[394.731s][info][gc,task        ] GC(1078) Using 6 workers of 6 for evacuation
[394.805s][info][gc,heap        ] GC(1078) ParNew: 454793K->33941K(460096K)
[394.805s][info][gc,heap        ] GC(1078) CMS: 539283K->565757K(7877440K)
[394.805s][info][gc,metaspace   ] GC(1078) Metaspace: 87409K(93356K)->87409K(93356K) NonClass: 76385K(79392K)->76385K(79392K) Class: 11023K(13964K)->11023K(13964K)
[394.805s][info][gc             ] GC(1078) Pause Young (Allocation Failure) 970M->585M(8142M) 73.825ms
[394.805s][info][gc,cpu         ] GC(1078) User=0.48s Sys=0.00s Real=0.08s
[395.134s][info][gc,start       ] GC(1079) Pause Young (Allocation Failure)
[395.134s][info][gc,task        ] GC(1079) Using 6 workers of 6 for evacuation
[395.192s][info][gc,heap        ] GC(1079) ParNew: 442965K->51072K(460096K)
[395.192s][info][gc,heap        ] GC(1079) CMS: 565757K->571867K(7877440K)
[395.192s][info][gc,metaspace   ] GC(1079) Metaspace: 87409K(93356K)->87409K(93356K) NonClass: 76386K(79392K)->76386K(79392K) Class: 11023K(13964K)->11023K(13964K)
[395.192s][info][gc             ] GC(1079) Pause Young (Allocation Failure) 985M->608M(8142M) 58.586ms
[395.192s][info][gc,cpu         ] GC(1079) User=0.28s Sys=0.00s Real=0.05s
[395.502s][info][gc,start       ] GC(1080) Pause Young (Allocation Failure)
[395.502s][info][gc,task        ] GC(1080) Using 6 workers of 6 for evacuation
[395.572s][info][gc,heap        ] GC(1080) ParNew: 460096K->38839K(460096K)
[395.572s][info][gc,heap        ] GC(1080) CMS: 571867K->598408K(7877440K)
[395.572s][info][gc,metaspace   ] GC(1080) Metaspace: 87409K(93356K)->87409K(93356K) NonClass: 76386K(79392K)->76386K(79392K) Class: 11023K(13964K)->11023K(13964K)
[395.572s][info][gc             ] GC(1080) Pause Young (Allocation Failure) 1007M->622M(8142M) 70.045ms
[395.572s][info][gc,cpu         ] GC(1080) User=0.31s Sys=0.00s Real=0.06s
[395.799s][info][gc,start       ] GC(1081) Pause Young (Allocation Failure)
[395.800s][info][gc,task        ] GC(1081) Using 6 workers of 6 for evacuation
[395.849s][info][gc,heap        ] GC(1081) ParNew: 447863K->51072K(460096K)
[395.849s][info][gc,heap        ] GC(1081) CMS: 598408K->602652K(7877440K)
[395.849s][info][gc,metaspace   ] GC(1081) Metaspace: 87410K(93356K)->87410K(93356K) NonClass: 76387K(79392K)->76387K(79392K) Class: 11023K(13964K)->11023K(13964K)
[395.849s][info][gc             ] GC(1081) Pause Young (Allocation Failure) 1021M->638M(8142M) 49.415ms
[395.849s][info][gc,cpu         ] GC(1081) User=0.09s Sys=0.00s Real=0.05s
[396.208s][info][gc,start       ] GC(1082) Pause Young (Allocation Failure)
[396.208s][info][gc,task        ] GC(1082) Using 6 workers of 6 for evacuation
[396.252s][info][gc,heap        ] GC(1082) ParNew: 459749K->51072K(460096K)
[396.252s][info][gc,heap        ] GC(1082) CMS: 602652K->610972K(7877440K)
[396.252s][info][gc,metaspace   ] GC(1082) Metaspace: 87410K(93356K)->87410K(93356K) NonClass: 76387K(79392K)->76387K(79392K) Class: 11023K(13964K)->11023K(13964K)
[396.252s][info][gc             ] GC(1082) Pause Young (Allocation Failure) 1037M->646M(8142M) 44.489ms
[396.253s][info][gc,cpu         ] GC(1082) User=0.08s Sys=0.00s Real=0.05s
[396.479s][info][gc,start       ] GC(1083) Pause Young (Allocation Failure)
[396.479s][info][gc,task        ] GC(1083) Using 6 workers of 6 for evacuation
[396.528s][info][gc,heap        ] GC(1083) ParNew: 460096K->51072K(460096K)
[396.528s][info][gc,heap        ] GC(1083) CMS: 610972K->635150K(7877440K)
[396.528s][info][gc,metaspace   ] GC(1083) Metaspace: 87410K(93356K)->87410K(93356K) NonClass: 76387K(79392K)->76387K(79392K) Class: 11023K(13964K)->11023K(13964K)
[396.528s][info][gc             ] GC(1083) Pause Young (Allocation Failure) 1045M->670M(8142M) 49.438ms
[396.528s][info][gc,cpu         ] GC(1083) User=0.12s Sys=0.00s Real=0.05s
[396.674s][info][gc,start       ] GC(1084) Pause Full (System.gc())
[396.677s][info][gc,phases,start] GC(1084) Phase 1: Mark live objects
[396.800s][info][gc,phases      ] GC(1084) Phase 1: Mark live objects 123.872ms
[396.800s][info][gc,phases,start] GC(1084) Phase 2: Compute new object addresses
[397.023s][info][gc,phases      ] GC(1084) Phase 2: Compute new object addresses 222.421ms
[397.023s][info][gc,phases,start] GC(1084) Phase 3: Adjust pointers
[397.104s][info][gc,phases      ] GC(1084) Phase 3: Adjust pointers 81.236ms
[397.104s][info][gc,phases,start] GC(1084) Phase 4: Move objects
[397.106s][info][gc,phases      ] GC(1084) Phase 4: Move objects 1.806ms
[397.113s][info][gc,heap        ] GC(1084) ParNew: 460096K->0K(460096K)
[397.113s][info][gc,heap        ] GC(1084) CMS: 635150K->169474K(7877440K)
[397.113s][info][gc,metaspace   ] GC(1084) Metaspace: 87410K(93356K)->87410K(93356K) NonClass: 76387K(79392K)->76387K(79392K) Class: 11023K(13964K)->11023K(13964K)
[397.114s][info][gc             ] GC(1084) Pause Full (System.gc()) 1069M->165M(8142M) 440.228ms
[397.114s][info][gc,cpu         ] GC(1084) User=0.44s Sys=0.00s Real=0.44s
[397.270s][info][gc,start       ] GC(1085) Pause Young (Allocation Failure)
[397.270s][info][gc,task        ] GC(1085) Using 6 workers of 6 for evacuation
[397.366s][info][gc,heap        ] GC(1085) ParNew: 409024K->51072K(460096K)
[397.366s][info][gc,heap        ] GC(1085) CMS: 169474K->229233K(7877440K)
[397.366s][info][gc,metaspace   ] GC(1085) Metaspace: 87410K(93356K)->87410K(93356K) NonClass: 76387K(79392K)->76387K(79392K) Class: 11023K(13964K)->11023K(13964K)
[397.366s][info][gc             ] GC(1085) Pause Young (Allocation Failure) 564M->273M(8142M) 96.322ms
[397.366s][info][gc,cpu         ] GC(1085) User=0.41s Sys=0.02s Real=0.10s
[397.547s][info][gc,start       ] GC(1086) Pause Young (Allocation Failure)
[397.547s][info][gc,task        ] GC(1086) Using 6 workers of 6 for evacuation
[397.621s][info][gc,heap        ] GC(1086) ParNew: 460096K->51072K(460096K)
[397.621s][info][gc,heap        ] GC(1086) CMS: 229233K->277706K(7877440K)
[397.621s][info][gc,metaspace   ] GC(1086) Metaspace: 87410K(93356K)->87410K(93356K) NonClass: 76387K(79392K)->76387K(79392K) Class: 11023K(13964K)->11023K(13964K)
[397.621s][info][gc             ] GC(1086) Pause Young (Allocation Failure) 673M->321M(8142M) 74.283ms
[397.621s][info][gc,cpu         ] GC(1086) User=0.27s Sys=0.00s Real=0.08s
[397.808s][info][gc,start       ] GC(1087) Pause Young (Allocation Failure)
[397.808s][info][gc,task        ] GC(1087) Using 6 workers of 6 for evacuation
[397.885s][info][gc,heap        ] GC(1087) ParNew: 460096K->51072K(460096K)
[397.885s][info][gc,heap        ] GC(1087) CMS: 277706K->317979K(7877440K)
[397.885s][info][gc,metaspace   ] GC(1087) Metaspace: 87410K(93356K)->87410K(93356K) NonClass: 76387K(79392K)->76387K(79392K) Class: 11023K(13964K)->11023K(13964K)
[397.885s][info][gc             ] GC(1087) Pause Young (Allocation Failure) 720M->360M(8142M) 77.060ms
[397.885s][info][gc,cpu         ] GC(1087) User=0.39s Sys=0.00s Real=0.08s
[398.078s][info][gc,start       ] GC(1088) Pause Young (Allocation Failure)
[398.078s][info][gc,task        ] GC(1088) Using 6 workers of 6 for evacuation
[398.152s][info][gc,heap        ] GC(1088) ParNew: 460096K->35759K(460096K)
[398.152s][info][gc,heap        ] GC(1088) CMS: 317979K->351167K(7877440K)
[398.152s][info][gc,metaspace   ] GC(1088) Metaspace: 87410K(93356K)->87410K(93356K) NonClass: 76387K(79392K)->76387K(79392K) Class: 11023K(13964K)->11023K(13964K)
[398.152s][info][gc             ] GC(1088) Pause Young (Allocation Failure) 759M->377M(8142M) 73.978ms
[398.152s][info][gc,cpu         ] GC(1088) User=0.39s Sys=0.00s Real=0.08s
[398.722s][info][gc,start       ] GC(1089) Pause Young (Allocation Failure)
[398.722s][info][gc,task        ] GC(1089) Using 6 workers of 6 for evacuation
[398.811s][info][gc,heap        ] GC(1089) ParNew: 444783K->51072K(460096K)
[398.811s][info][gc,heap        ] GC(1089) CMS: 351167K->377097K(7877440K)
[398.811s][info][gc,metaspace   ] GC(1089) Metaspace: 87410K(93356K)->87410K(93356K) NonClass: 76387K(79392K)->76387K(79392K) Class: 11023K(13964K)->11023K(13964K)
[398.811s][info][gc             ] GC(1089) Pause Young (Allocation Failure) 777M->418M(8142M) 89.531ms
[398.811s][info][gc,cpu         ] GC(1089) User=0.48s Sys=0.00s Real=0.09s
[398.936s][info][gc,start       ] GC(1090) Pause Young (Allocation Failure)
[398.936s][info][gc,task        ] GC(1090) Using 6 workers of 6 for evacuation
[399.046s][info][gc,heap        ] GC(1090) ParNew: 460096K->51072K(460096K)
[399.046s][info][gc,heap        ] GC(1090) CMS: 377097K->442189K(7877440K)
[399.046s][info][gc,metaspace   ] GC(1090) Metaspace: 87410K(93356K)->87410K(93356K) NonClass: 76387K(79392K)->76387K(79392K) Class: 11023K(13964K)->11023K(13964K)
[399.046s][info][gc             ] GC(1090) Pause Young (Allocation Failure) 817M->481M(8142M) 109.866ms
[399.046s][info][gc,cpu         ] GC(1090) User=0.20s Sys=0.00s Real=0.11s
[399.235s][info][gc,start       ] GC(1091) Pause Young (Allocation Failure)
[399.235s][info][gc,task        ] GC(1091) Using 6 workers of 6 for evacuation
[399.320s][info][gc,heap        ] GC(1091) ParNew: 460096K->51072K(460096K)
[399.320s][info][gc,heap        ] GC(1091) CMS: 442189K->503694K(7877440K)
[399.320s][info][gc,metaspace   ] GC(1091) Metaspace: 87410K(93356K)->87410K(93356K) NonClass: 76387K(79392K)->76387K(79392K) Class: 11023K(13964K)->11023K(13964K)
[399.320s][info][gc             ] GC(1091) Pause Young (Allocation Failure) 881M->541M(8142M) 85.769ms
[399.321s][info][gc,cpu         ] GC(1091) User=0.45s Sys=0.00s Real=0.08s
[399.510s][info][gc,start       ] GC(1092) Pause Young (Allocation Failure)
[399.510s][info][gc,task        ] GC(1092) Using 6 workers of 6 for evacuation
[399.583s][info][gc,heap        ] GC(1092) ParNew: 460096K->44123K(460096K)
[399.583s][info][gc,heap        ] GC(1092) CMS: 503694K->540510K(7877440K)
[399.583s][info][gc,metaspace   ] GC(1092) Metaspace: 87410K(93356K)->87410K(93356K) NonClass: 76387K(79392K)->76387K(79392K) Class: 11023K(13964K)->11023K(13964K)
[399.583s][info][gc             ] GC(1092) Pause Young (Allocation Failure) 941M->570M(8142M) 73.734ms
[399.583s][info][gc,cpu         ] GC(1092) User=0.39s Sys=0.00s Real=0.08s
[400.053s][info][gc,start       ] GC(1093) Pause Young (Allocation Failure)
[400.053s][info][gc,task        ] GC(1093) Using 6 workers of 6 for evacuation
[400.126s][info][gc,heap        ] GC(1093) ParNew: 453147K->33627K(460096K)
[400.126s][info][gc,heap        ] GC(1093) CMS: 540510K->567122K(7877440K)
[400.126s][info][gc,metaspace   ] GC(1093) Metaspace: 87410K(93356K)->87410K(93356K) NonClass: 76387K(79392K)->76387K(79392K) Class: 11023K(13964K)->11023K(13964K)
[400.126s][info][gc             ] GC(1093) Pause Young (Allocation Failure) 970M->586M(8142M) 73.187ms
[400.126s][info][gc,cpu         ] GC(1093) User=0.36s Sys=0.00s Real=0.07s
[400.454s][info][gc,start       ] GC(1094) Pause Young (Allocation Failure)
[400.454s][info][gc,task        ] GC(1094) Using 6 workers of 6 for evacuation
[400.513s][info][gc,heap        ] GC(1094) ParNew: 442651K->51072K(460096K)
[400.513s][info][gc,heap        ] GC(1094) CMS: 567122K->574225K(7877440K)
[400.513s][info][gc,metaspace   ] GC(1094) Metaspace: 87410K(93356K)->87410K(93356K) NonClass: 76387K(79392K)->76387K(79392K) Class: 11023K(13964K)->11023K(13964K)
[400.513s][info][gc             ] GC(1094) Pause Young (Allocation Failure) 986M->610M(8142M) 58.621ms
[400.513s][info][gc,cpu         ] GC(1094) User=0.22s Sys=0.00s Real=0.06s
[400.820s][info][gc,start       ] GC(1095) Pause Young (Allocation Failure)
[400.820s][info][gc,task        ] GC(1095) Using 6 workers of 6 for evacuation
[400.888s][info][gc,heap        ] GC(1095) ParNew: 460096K->48900K(460096K)
[400.888s][info][gc,heap        ] GC(1095) CMS: 574225K->600695K(7877440K)
[400.888s][info][gc,metaspace   ] GC(1095) Metaspace: 87413K(93356K)->87413K(93356K) NonClass: 76390K(79392K)->76390K(79392K) Class: 11023K(13964K)->11023K(13964K)
[400.888s][info][gc             ] GC(1095) Pause Young (Allocation Failure) 1010M->634M(8142M) 68.182ms
[400.888s][info][gc,cpu         ] GC(1095) User=0.19s Sys=0.00s Real=0.06s
[401.110s][info][gc,start       ] GC(1096) Pause Young (Allocation Failure)
[401.110s][info][gc,task        ] GC(1096) Using 6 workers of 6 for evacuation
[401.161s][info][gc,heap        ] GC(1096) ParNew: 457924K->51072K(460096K)
[401.161s][info][gc,heap        ] GC(1096) CMS: 600695K->604751K(7877440K)
[401.161s][info][gc,metaspace   ] GC(1096) Metaspace: 87413K(93356K)->87413K(93356K) NonClass: 76390K(79392K)->76390K(79392K) Class: 11023K(13964K)->11023K(13964K)
[401.161s][info][gc             ] GC(1096) Pause Young (Allocation Failure) 1033M->640M(8142M) 50.545ms
[401.161s][info][gc,cpu         ] GC(1096) User=0.08s Sys=0.00s Real=0.06s
[401.538s][info][gc,start       ] GC(1097) Pause Young (Allocation Failure)
[401.538s][info][gc,task        ] GC(1097) Using 6 workers of 6 for evacuation
[401.599s][info][gc,heap        ] GC(1097) ParNew: 459796K->51072K(460096K)
[401.599s][info][gc,heap        ] GC(1097) CMS: 604751K->639036K(7877440K)
[401.599s][info][gc,metaspace   ] GC(1097) Metaspace: 87414K(93356K)->87414K(93356K) NonClass: 76391K(79392K)->76391K(79392K) Class: 11023K(13964K)->11023K(13964K)
[401.599s][info][gc             ] GC(1097) Pause Young (Allocation Failure) 1039M->673M(8142M) 60.364ms
[401.599s][info][gc,cpu         ] GC(1097) User=0.27s Sys=0.00s Real=0.05s
[401.785s][info][gc,start       ] GC(1098) Pause Young (Allocation Failure)
[401.785s][info][gc,task        ] GC(1098) Using 6 workers of 6 for evacuation
[401.826s][info][gc,heap        ] GC(1098) ParNew: 460096K->51072K(460096K)
[401.826s][info][gc,heap        ] GC(1098) CMS: 639036K->646492K(7877440K)
[401.826s][info][gc,metaspace   ] GC(1098) Metaspace: 87414K(93356K)->87414K(93356K) NonClass: 76391K(79392K)->76391K(79392K) Class: 11023K(13964K)->11023K(13964K)
[401.826s][info][gc             ] GC(1098) Pause Young (Allocation Failure) 1073M->681M(8142M) 40.857ms
[401.826s][info][gc,cpu         ] GC(1098) User=0.17s Sys=0.00s Real=0.05s
[401.967s][info][gc,start       ] GC(1099) Pause Full (System.gc())
[401.970s][info][gc,phases,start] GC(1099) Phase 1: Mark live objects
[402.094s][info][gc,phases      ] GC(1099) Phase 1: Mark live objects 123.931ms
[402.094s][info][gc,phases,start] GC(1099) Phase 2: Compute new object addresses
[402.318s][info][gc,phases      ] GC(1099) Phase 2: Compute new object addresses 224.512ms
[402.318s][info][gc,phases,start] GC(1099) Phase 3: Adjust pointers
[402.401s][info][gc,phases      ] GC(1099) Phase 3: Adjust pointers 82.771ms
[402.401s][info][gc,phases,start] GC(1099) Phase 4: Move objects
[402.430s][info][gc,phases      ] GC(1099) Phase 4: Move objects 29.435ms
[402.437s][info][gc,heap        ] GC(1099) ParNew: 458037K->0K(460096K)
[402.437s][info][gc,heap        ] GC(1099) CMS: 646492K->169526K(7877440K)
[402.437s][info][gc,metaspace   ] GC(1099) Metaspace: 87414K(93356K)->87414K(93356K) NonClass: 76391K(79392K)->76391K(79392K) Class: 11023K(13964K)->11023K(13964K)
[402.437s][info][gc             ] GC(1099) Pause Full (System.gc()) 1078M->165M(8142M) 470.255ms
[402.437s][info][gc,cpu         ] GC(1099) User=0.44s Sys=0.00s Real=0.47s
[402.585s][info][gc,start       ] GC(1100) Pause Young (Allocation Failure)
[402.585s][info][gc,task        ] GC(1100) Using 6 workers of 6 for evacuation
[402.696s][info][gc,heap        ] GC(1100) ParNew: 409024K->51072K(460096K)
[402.696s][info][gc,heap        ] GC(1100) CMS: 169526K->228788K(7877440K)
[402.696s][info][gc,metaspace   ] GC(1100) Metaspace: 87414K(93356K)->87414K(93356K) NonClass: 76391K(79392K)->76391K(79392K) Class: 11023K(13964K)->11023K(13964K)
[402.696s][info][gc             ] GC(1100) Pause Young (Allocation Failure) 564M->273M(8142M) 111.182ms
[402.696s][info][gc,cpu         ] GC(1100) User=0.14s Sys=0.00s Real=0.11s
[402.870s][info][gc,start       ] GC(1101) Pause Young (Allocation Failure)
[402.870s][info][gc,task        ] GC(1101) Using 6 workers of 6 for evacuation
[402.946s][info][gc,heap        ] GC(1101) ParNew: 460096K->51072K(460096K)
[402.946s][info][gc,heap        ] GC(1101) CMS: 228788K->278843K(7877440K)
[402.946s][info][gc,metaspace   ] GC(1101) Metaspace: 87414K(93356K)->87414K(93356K) NonClass: 76391K(79392K)->76391K(79392K) Class: 11023K(13964K)->11023K(13964K)
[402.946s][info][gc             ] GC(1101) Pause Young (Allocation Failure) 672M->322M(8142M) 75.517ms
[402.946s][info][gc,cpu         ] GC(1101) User=0.27s Sys=0.00s Real=0.07s
[403.135s][info][gc,start       ] GC(1102) Pause Young (Allocation Failure)
[403.135s][info][gc,task        ] GC(1102) Using 6 workers of 6 for evacuation
[403.213s][info][gc,heap        ] GC(1102) ParNew: 460096K->51072K(460096K)
[403.213s][info][gc,heap        ] GC(1102) CMS: 278843K->318210K(7877440K)
[403.213s][info][gc,metaspace   ] GC(1102) Metaspace: 87414K(93356K)->87414K(93356K) NonClass: 76391K(79392K)->76391K(79392K) Class: 11023K(13964K)->11023K(13964K)
[403.213s][info][gc             ] GC(1102) Pause Young (Allocation Failure) 721M->360M(8142M) 78.523ms
[403.214s][info][gc,cpu         ] GC(1102) User=0.41s Sys=0.00s Real=0.08s
[403.408s][info][gc,start       ] GC(1103) Pause Young (Allocation Failure)
[403.408s][info][gc,task        ] GC(1103) Using 6 workers of 6 for evacuation
[403.480s][info][gc,heap        ] GC(1103) ParNew: 460096K->35674K(460096K)
[403.480s][info][gc,heap        ] GC(1103) CMS: 318210K->351364K(7877440K)
[403.480s][info][gc,metaspace   ] GC(1103) Metaspace: 87414K(93356K)->87414K(93356K) NonClass: 76391K(79392K)->76391K(79392K) Class: 11023K(13964K)->11023K(13964K)
[403.480s][info][gc             ] GC(1103) Pause Young (Allocation Failure) 760M->377M(8142M) 72.103ms
[403.480s][info][gc,cpu         ] GC(1103) User=0.38s Sys=0.00s Real=0.06s
[404.056s][info][gc,start       ] GC(1104) Pause Young (Allocation Failure)
[404.057s][info][gc,task        ] GC(1104) Using 6 workers of 6 for evacuation
[404.148s][info][gc,heap        ] GC(1104) ParNew: 444698K->51072K(460096K)
[404.148s][info][gc,heap        ] GC(1104) CMS: 351364K->376591K(7877440K)
[404.148s][info][gc,metaspace   ] GC(1104) Metaspace: 87414K(93356K)->87414K(93356K) NonClass: 76391K(79392K)->76391K(79392K) Class: 11023K(13964K)->11023K(13964K)
[404.148s][info][gc             ] GC(1104) Pause Young (Allocation Failure) 777M->417M(8142M) 91.581ms
[404.148s][info][gc,cpu         ] GC(1104) User=0.48s Sys=0.00s Real=0.10s
[404.274s][info][gc,start       ] GC(1105) Pause Young (Allocation Failure)
[404.274s][info][gc,task        ] GC(1105) Using 6 workers of 6 for evacuation
[404.384s][info][gc,heap        ] GC(1105) ParNew: 460096K->51072K(460096K)
[404.384s][info][gc,heap        ] GC(1105) CMS: 376591K->441970K(7877440K)
[404.384s][info][gc,metaspace   ] GC(1105) Metaspace: 87414K(93356K)->87414K(93356K) NonClass: 76391K(79392K)->76391K(79392K) Class: 11023K(13964K)->11023K(13964K)
[404.384s][info][gc             ] GC(1105) Pause Young (Allocation Failure) 817M->481M(8142M) 109.581ms
[404.384s][info][gc,cpu         ] GC(1105) User=0.27s Sys=0.00s Real=0.11s
[404.568s][info][gc,start       ] GC(1106) Pause Young (Allocation Failure)
[404.568s][info][gc,task        ] GC(1106) Using 6 workers of 6 for evacuation
[404.655s][info][gc,heap        ] GC(1106) ParNew: 460096K->51072K(460096K)
[404.655s][info][gc,heap        ] GC(1106) CMS: 441970K->501367K(7877440K)
[404.655s][info][gc,metaspace   ] GC(1106) Metaspace: 87414K(93356K)->87414K(93356K) NonClass: 76391K(79392K)->76391K(79392K) Class: 11023K(13964K)->11023K(13964K)
[404.656s][info][gc             ] GC(1106) Pause Young (Allocation Failure) 880M->539M(8142M) 87.804ms
[404.656s][info][gc,cpu         ] GC(1106) User=0.45s Sys=0.00s Real=0.08s
[404.842s][info][gc,start       ] GC(1107) Pause Young (Allocation Failure)
[404.842s][info][gc,task        ] GC(1107) Using 6 workers of 6 for evacuation
[404.916s][info][gc,heap        ] GC(1107) ParNew: 460096K->40622K(460096K)
[404.916s][info][gc,heap        ] GC(1107) CMS: 501367K->539526K(7877440K)
[404.916s][info][gc,metaspace   ] GC(1107) Metaspace: 87414K(93356K)->87414K(93356K) NonClass: 76391K(79392K)->76391K(79392K) Class: 11023K(13964K)->11023K(13964K)
[404.916s][info][gc             ] GC(1107) Pause Young (Allocation Failure) 938M->566M(8142M) 74.534ms
[404.916s][info][gc,cpu         ] GC(1107) User=0.38s Sys=0.00s Real=0.08s
[405.380s][info][gc,start       ] GC(1108) Pause Young (Allocation Failure)
[405.380s][info][gc,task        ] GC(1108) Using 6 workers of 6 for evacuation
[405.453s][info][gc,heap        ] GC(1108) ParNew: 449646K->32669K(460096K)
[405.453s][info][gc,heap        ] GC(1108) CMS: 539526K->566018K(7877440K)
[405.453s][info][gc,metaspace   ] GC(1108) Metaspace: 87414K(93356K)->87414K(93356K) NonClass: 76391K(79392K)->76391K(79392K) Class: 11023K(13964K)->11023K(13964K)
[405.453s][info][gc             ] GC(1108) Pause Young (Allocation Failure) 965M->584M(8142M) 73.370ms
[405.453s][info][gc,cpu         ] GC(1108) User=0.42s Sys=0.00s Real=0.07s
[405.784s][info][gc,start       ] GC(1109) Pause Young (Allocation Failure)
[405.784s][info][gc,task        ] GC(1109) Using 6 workers of 6 for evacuation
[405.842s][info][gc,heap        ] GC(1109) ParNew: 441693K->51072K(460096K)
[405.842s][info][gc,heap        ] GC(1109) CMS: 566018K->572830K(7877440K)
[405.842s][info][gc,metaspace   ] GC(1109) Metaspace: 87425K(93356K)->87425K(93356K) NonClass: 76402K(79392K)->76402K(79392K) Class: 11023K(13964K)->11023K(13964K)
[405.843s][info][gc             ] GC(1109) Pause Young (Allocation Failure) 984M->609M(8142M) 58.614ms
[405.843s][info][gc,cpu         ] GC(1109) User=0.30s Sys=0.00s Real=0.06s
[406.153s][info][gc,start       ] GC(1110) Pause Young (Allocation Failure)
[406.154s][info][gc,task        ] GC(1110) Using 6 workers of 6 for evacuation
[406.223s][info][gc,heap        ] GC(1110) ParNew: 460096K->51072K(460096K)
[406.223s][info][gc,heap        ] GC(1110) CMS: 572830K->599370K(7877440K)
[406.224s][info][gc,metaspace   ] GC(1110) Metaspace: 87425K(93356K)->87425K(93356K) NonClass: 76402K(79392K)->76402K(79392K) Class: 11023K(13964K)->11023K(13964K)
[406.224s][info][gc             ] GC(1110) Pause Young (Allocation Failure) 1008M->635M(8142M) 70.075ms
[406.224s][info][gc,cpu         ] GC(1110) User=0.23s Sys=0.00s Real=0.06s
[406.448s][info][gc,start       ] GC(1111) Pause Young (Allocation Failure)
[406.448s][info][gc,task        ] GC(1111) Using 6 workers of 6 for evacuation
[406.498s][info][gc,heap        ] GC(1111) ParNew: 460096K->51072K(460096K)
[406.498s][info][gc,heap        ] GC(1111) CMS: 599370K->604219K(7877440K)
[406.498s][info][gc,metaspace   ] GC(1111) Metaspace: 87425K(93356K)->87425K(93356K) NonClass: 76402K(79392K)->76402K(79392K) Class: 11023K(13964K)->11023K(13964K)
[406.498s][info][gc             ] GC(1111) Pause Young (Allocation Failure) 1034M->639M(8142M) 49.862ms
[406.498s][info][gc,cpu         ] GC(1111) User=0.12s Sys=0.00s Real=0.06s
[406.894s][info][gc,start       ] GC(1112) Pause Young (Allocation Failure)
[406.894s][info][gc,task        ] GC(1112) Using 6 workers of 6 for evacuation
[406.922s][info][gc,heap        ] GC(1112) ParNew: 460096K->51072K(460096K)
[406.923s][info][gc,heap        ] GC(1112) CMS: 604219K->606976K(7877440K)
[406.923s][info][gc,metaspace   ] GC(1112) Metaspace: 87426K(93356K)->87426K(93356K) NonClass: 76403K(79392K)->76403K(79392K) Class: 11023K(13964K)->11023K(13964K)
[406.923s][info][gc             ] GC(1112) Pause Young (Allocation Failure) 1039M->642M(8142M) 29.019ms
[406.923s][info][gc,cpu         ] GC(1112) User=0.08s Sys=0.00s Real=0.03s
[407.085s][info][gc,start       ] GC(1113) Pause Young (Allocation Failure)
[407.085s][info][gc,task        ] GC(1113) Using 6 workers of 6 for evacuation
[407.132s][info][gc,heap        ] GC(1113) ParNew: 460096K->51072K(460096K)
[407.132s][info][gc,heap        ] GC(1113) CMS: 606976K->620955K(7877440K)
[407.132s][info][gc,metaspace   ] GC(1113) Metaspace: 87426K(93356K)->87426K(93356K) NonClass: 76403K(79392K)->76403K(79392K) Class: 11023K(13964K)->11023K(13964K)
[407.132s][info][gc             ] GC(1113) Pause Young (Allocation Failure) 1042M->656M(8142M) 47.187ms
[407.132s][info][gc,cpu         ] GC(1113) User=0.17s Sys=0.00s Real=0.05s
[407.272s][info][gc,start       ] GC(1114) Pause Full (System.gc())
[407.275s][info][gc,phases,start] GC(1114) Phase 1: Mark live objects
[407.399s][info][gc,phases      ] GC(1114) Phase 1: Mark live objects 123.511ms
[407.399s][info][gc,phases,start] GC(1114) Phase 2: Compute new object addresses
[407.616s][info][gc,phases      ] GC(1114) Phase 2: Compute new object addresses 217.578ms
[407.616s][info][gc,phases,start] GC(1114) Phase 3: Adjust pointers
[407.699s][info][gc,phases      ] GC(1114) Phase 3: Adjust pointers 82.718ms
[407.699s][info][gc,phases,start] GC(1114) Phase 4: Move objects
[407.728s][info][gc,phases      ] GC(1114) Phase 4: Move objects 29.308ms
[407.734s][info][gc,heap        ] GC(1114) ParNew: 445995K->0K(460096K)
[407.734s][info][gc,heap        ] GC(1114) CMS: 620955K->169580K(7877440K)
[407.734s][info][gc,metaspace   ] GC(1114) Metaspace: 87426K(93356K)->87426K(93356K) NonClass: 76403K(79392K)->76403K(79392K) Class: 11023K(13964K)->11023K(13964K)
[407.735s][info][gc             ] GC(1114) Pause Full (System.gc()) 1041M->165M(8142M) 463.230ms
[407.735s][info][gc,cpu         ] GC(1114) User=0.42s Sys=0.00s Real=0.46s
[407.881s][info][gc,start       ] GC(1115) Pause Young (Allocation Failure)
[407.881s][info][gc,task        ] GC(1115) Using 6 workers of 6 for evacuation
[407.989s][info][gc,heap        ] GC(1115) ParNew: 409024K->51072K(460096K)
[407.989s][info][gc,heap        ] GC(1115) CMS: 169580K->228705K(7877440K)
[407.989s][info][gc,metaspace   ] GC(1115) Metaspace: 87426K(93356K)->87426K(93356K) NonClass: 76403K(79392K)->76403K(79392K) Class: 11023K(13964K)->11023K(13964K)
[407.989s][info][gc             ] GC(1115) Pause Young (Allocation Failure) 565M->273M(8142M) 108.366ms
[407.989s][info][gc,cpu         ] GC(1115) User=0.12s Sys=0.02s Real=0.10s
[408.162s][info][gc,start       ] GC(1116) Pause Young (Allocation Failure)
[408.162s][info][gc,task        ] GC(1116) Using 6 workers of 6 for evacuation
[408.237s][info][gc,heap        ] GC(1116) ParNew: 456127K->51072K(460096K)
[408.237s][info][gc,heap        ] GC(1116) CMS: 228705K->279006K(7877440K)
[408.237s][info][gc,metaspace   ] GC(1116) Metaspace: 87426K(93356K)->87426K(93356K) NonClass: 76403K(79392K)->76403K(79392K) Class: 11023K(13964K)->11023K(13964K)
[408.237s][info][gc             ] GC(1116) Pause Young (Allocation Failure) 668M->322M(8142M) 74.692ms
[408.237s][info][gc,cpu         ] GC(1116) User=0.22s Sys=0.00s Real=0.06s
[408.423s][info][gc,start       ] GC(1117) Pause Young (Allocation Failure)
[408.423s][info][gc,task        ] GC(1117) Using 6 workers of 6 for evacuation
[408.499s][info][gc,heap        ] GC(1117) ParNew: 460096K->51072K(460096K)
[408.499s][info][gc,heap        ] GC(1117) CMS: 279006K->313577K(7877440K)
[408.499s][info][gc,metaspace   ] GC(1117) Metaspace: 87426K(93356K)->87426K(93356K) NonClass: 76403K(79392K)->76403K(79392K) Class: 11023K(13964K)->11023K(13964K)
[408.499s][info][gc             ] GC(1117) Pause Young (Allocation Failure) 721M->356M(8142M) 76.206ms
[408.499s][info][gc,cpu         ] GC(1117) User=0.41s Sys=0.00s Real=0.08s
[408.695s][info][gc,start       ] GC(1118) Pause Young (Allocation Failure)
[408.695s][info][gc,task        ] GC(1118) Using 6 workers of 6 for evacuation
[408.767s][info][gc,heap        ] GC(1118) ParNew: 460096K->34497K(460096K)
[408.767s][info][gc,heap        ] GC(1118) CMS: 313577K->350451K(7877440K)
[408.767s][info][gc,metaspace   ] GC(1118) Metaspace: 87426K(93356K)->87426K(93356K) NonClass: 76403K(79392K)->76403K(79392K) Class: 11023K(13964K)->11023K(13964K)
[408.767s][info][gc             ] GC(1118) Pause Young (Allocation Failure) 755M->375M(8142M) 72.125ms
[408.767s][info][gc,cpu         ] GC(1118) User=0.44s Sys=0.00s Real=0.08s
[409.339s][info][gc,start       ] GC(1119) Pause Young (Allocation Failure)
[409.339s][info][gc,task        ] GC(1119) Using 6 workers of 6 for evacuation
[409.429s][info][gc,heap        ] GC(1119) ParNew: 443521K->51072K(460096K)
[409.429s][info][gc,heap        ] GC(1119) CMS: 350451K->376349K(7877440K)
[409.429s][info][gc,metaspace   ] GC(1119) Metaspace: 87426K(93356K)->87426K(93356K) NonClass: 76403K(79392K)->76403K(79392K) Class: 11023K(13964K)->11023K(13964K)
[409.429s][info][gc             ] GC(1119) Pause Young (Allocation Failure) 775M->417M(8142M) 90.190ms
[409.429s][info][gc,cpu         ] GC(1119) User=0.47s Sys=0.00s Real=0.09s
[409.556s][info][gc,start       ] GC(1120) Pause Young (Allocation Failure)
[409.556s][info][gc,task        ] GC(1120) Using 6 workers of 6 for evacuation
[409.668s][info][gc,heap        ] GC(1120) ParNew: 460095K->51072K(460096K)
[409.668s][info][gc,heap        ] GC(1120) CMS: 376349K->441585K(7877440K)
[409.668s][info][gc,metaspace   ] GC(1120) Metaspace: 87426K(93356K)->87426K(93356K) NonClass: 76403K(79392K)->76403K(79392K) Class: 11023K(13964K)->11023K(13964K)
[409.668s][info][gc             ] GC(1120) Pause Young (Allocation Failure) 816M->481M(8142M) 112.433ms
[409.668s][info][gc,cpu         ] GC(1120) User=0.22s Sys=0.00s Real=0.11s
[409.856s][info][gc,start       ] GC(1121) Pause Young (Allocation Failure)
[409.856s][info][gc,task        ] GC(1121) Using 6 workers of 6 for evacuation
[409.941s][info][gc,heap        ] GC(1121) ParNew: 460096K->51072K(460096K)
[409.941s][info][gc,heap        ] GC(1121) CMS: 441585K->497576K(7877440K)
[409.941s][info][gc,metaspace   ] GC(1121) Metaspace: 87426K(93356K)->87426K(93356K) NonClass: 76403K(79392K)->76403K(79392K) Class: 11023K(13964K)->11023K(13964K)
[409.941s][info][gc             ] GC(1121) Pause Young (Allocation Failure) 880M->535M(8142M) 84.947ms
[409.941s][info][gc,cpu         ] GC(1121) User=0.41s Sys=0.00s Real=0.10s
[410.124s][info][gc,start       ] GC(1122) Pause Young (Allocation Failure)
[410.124s][info][gc,task        ] GC(1122) Using 6 workers of 6 for evacuation
[410.198s][info][gc,heap        ] GC(1122) ParNew: 460096K->46240K(460096K)
[410.198s][info][gc,heap        ] GC(1122) CMS: 497576K->539240K(7877440K)
[410.198s][info][gc,metaspace   ] GC(1122) Metaspace: 87426K(93356K)->87426K(93356K) NonClass: 76403K(79392K)->76403K(79392K) Class: 11023K(13964K)->11023K(13964K)
[410.198s][info][gc             ] GC(1122) Pause Young (Allocation Failure) 935M->571M(8142M) 73.961ms
[410.198s][info][gc,cpu         ] GC(1122) User=0.38s Sys=0.00s Real=0.08s
[410.652s][info][gc,start       ] GC(1123) Pause Young (Allocation Failure)
[410.652s][info][gc,task        ] GC(1123) Using 6 workers of 6 for evacuation
[410.726s][info][gc,heap        ] GC(1123) ParNew: 455264K->34233K(460096K)
[410.727s][info][gc,heap        ] GC(1123) CMS: 539240K->565910K(7877440K)
[410.727s][info][gc,metaspace   ] GC(1123) Metaspace: 87426K(93356K)->87426K(93356K) NonClass: 76403K(79392K)->76403K(79392K) Class: 11023K(13964K)->11023K(13964K)
[410.727s][info][gc             ] GC(1123) Pause Young (Allocation Failure) 971M->586M(8142M) 74.309ms
[410.727s][info][gc,cpu         ] GC(1123) User=0.39s Sys=0.00s Real=0.08s
[411.058s][info][gc,start       ] GC(1124) Pause Young (Allocation Failure)
[411.058s][info][gc,task        ] GC(1124) Using 6 workers of 6 for evacuation
[411.116s][info][gc,heap        ] GC(1124) ParNew: 443257K->51072K(460096K)
[411.116s][info][gc,heap        ] GC(1124) CMS: 565910K->572807K(7877440K)
[411.116s][info][gc,metaspace   ] GC(1124) Metaspace: 87427K(93356K)->87427K(93356K) NonClass: 76404K(79392K)->76404K(79392K) Class: 11023K(13964K)->11023K(13964K)
[411.116s][info][gc             ] GC(1124) Pause Young (Allocation Failure) 985M->609M(8142M) 57.960ms
[411.116s][info][gc,cpu         ] GC(1124) User=0.30s Sys=0.00s Real=0.06s
[411.430s][info][gc,start       ] GC(1125) Pause Young (Allocation Failure)
[411.430s][info][gc,task        ] GC(1125) Using 6 workers of 6 for evacuation
[411.500s][info][gc,heap        ] GC(1125) ParNew: 460096K->42945K(460096K)
[411.500s][info][gc,heap        ] GC(1125) CMS: 572807K->599692K(7877440K)
[411.500s][info][gc,metaspace   ] GC(1125) Metaspace: 87427K(93356K)->87427K(93356K) NonClass: 76404K(79392K)->76404K(79392K) Class: 11023K(13964K)->11023K(13964K)
[411.500s][info][gc             ] GC(1125) Pause Young (Allocation Failure) 1008M->627M(8142M) 69.726ms
[411.500s][info][gc,cpu         ] GC(1125) User=0.25s Sys=0.00s Real=0.06s
[411.729s][info][gc,start       ] GC(1126) Pause Young (Allocation Failure)
[411.729s][info][gc,task        ] GC(1126) Using 6 workers of 6 for evacuation
[411.778s][info][gc,heap        ] GC(1126) ParNew: 451969K->51072K(460096K)
[411.778s][info][gc,heap        ] GC(1126) CMS: 599692K->604257K(7877440K)
[411.778s][info][gc,metaspace   ] GC(1126) Metaspace: 87427K(93356K)->87427K(93356K) NonClass: 76404K(79392K)->76404K(79392K) Class: 11023K(13964K)->11023K(13964K)
[411.778s][info][gc             ] GC(1126) Pause Young (Allocation Failure) 1027M->639M(8142M) 49.049ms
[411.778s][info][gc,cpu         ] GC(1126) User=0.09s Sys=0.00s Real=0.05s
[412.160s][info][gc,start       ] GC(1127) Pause Young (Allocation Failure)
[412.160s][info][gc,task        ] GC(1127) Using 6 workers of 6 for evacuation
[412.201s][info][gc,heap        ] GC(1127) ParNew: 460096K->51072K(460096K)
[412.201s][info][gc,heap        ] GC(1127) CMS: 604257K->614547K(7877440K)
[412.201s][info][gc,metaspace   ] GC(1127) Metaspace: 87432K(93356K)->87432K(93356K) NonClass: 76409K(79392K)->76409K(79392K) Class: 11023K(13964K)->11023K(13964K)
[412.201s][info][gc             ] GC(1127) Pause Young (Allocation Failure) 1039M->650M(8142M) 41.333ms
[412.201s][info][gc,cpu         ] GC(1127) User=0.08s Sys=0.00s Real=0.05s
[412.362s][info][gc,start       ] GC(1128) Pause Young (Allocation Failure)
[412.362s][info][gc,task        ] GC(1128) Using 6 workers of 6 for evacuation
[412.411s][info][gc,heap        ] GC(1128) ParNew: 460096K->51072K(460096K)
[412.411s][info][gc,heap        ] GC(1128) CMS: 614547K->630343K(7877440K)
[412.411s][info][gc,metaspace   ] GC(1128) Metaspace: 87432K(93356K)->87432K(93356K) NonClass: 76409K(79392K)->76409K(79392K) Class: 11023K(13964K)->11023K(13964K)
[412.411s][info][gc             ] GC(1128) Pause Young (Allocation Failure) 1049M->665M(8142M) 49.460ms
[412.411s][info][gc,cpu         ] GC(1128) User=0.19s Sys=0.00s Real=0.05s
[412.556s][info][gc,start       ] GC(1129) Pause Young (Allocation Failure)
[412.556s][info][gc,task        ] GC(1129) Using 6 workers of 6 for evacuation
[412.760s][info][gc,heap        ] GC(1129) ParNew: 460096K->51072K(460096K)
[412.760s][info][gc,heap        ] GC(1129) CMS: 630343K->693769K(7877440K)
[412.760s][info][gc,metaspace   ] GC(1129) Metaspace: 87432K(93356K)->87432K(93356K) NonClass: 76409K(79392K)->76409K(79392K) Class: 11023K(13964K)->11023K(13964K)
[412.760s][info][gc             ] GC(1129) Pause Young (Allocation Failure) 1064M->727M(8142M) 203.759ms
[412.760s][info][gc,cpu         ] GC(1129) User=1.09s Sys=0.00s Real=0.20s
[412.762s][info][gc,start       ] GC(1130) Pause Full (System.gc())
[412.765s][info][gc,phases,start] GC(1130) Phase 1: Mark live objects
[412.888s][info][gc,phases      ] GC(1130) Phase 1: Mark live objects 123.402ms
[412.888s][info][gc,phases,start] GC(1130) Phase 2: Compute new object addresses
[413.068s][info][gc,phases      ] GC(1130) Phase 2: Compute new object addresses 179.781ms
[413.068s][info][gc,phases,start] GC(1130) Phase 3: Adjust pointers
[413.148s][info][gc,phases      ] GC(1130) Phase 3: Adjust pointers 80.161ms
[413.148s][info][gc,phases,start] GC(1130) Phase 4: Move objects
[413.150s][info][gc,phases      ] GC(1130) Phase 4: Move objects 1.531ms
[413.157s][info][gc,heap        ] GC(1130) ParNew: 55366K->0K(460096K)
[413.157s][info][gc,heap        ] GC(1130) CMS: 693769K->169636K(7877440K)
[413.157s][info][gc,metaspace   ] GC(1130) Metaspace: 87432K(93356K)->87432K(93356K) NonClass: 76409K(79392K)->76409K(79392K) Class: 11023K(13964K)->11023K(13964K)
[413.157s][info][gc             ] GC(1130) Pause Full (System.gc()) 731M->165M(8142M) 395.218ms
[413.157s][info][gc,cpu         ] GC(1130) User=0.36s Sys=0.00s Real=0.39s
[413.305s][info][gc,start       ] GC(1131) Pause Young (Allocation Failure)
[413.305s][info][gc,task        ] GC(1131) Using 6 workers of 6 for evacuation
[413.400s][info][gc,heap        ] GC(1131) ParNew: 409024K->51072K(460096K)
[413.400s][info][gc,heap        ] GC(1131) CMS: 169636K->230161K(7877440K)
[413.400s][info][gc,metaspace   ] GC(1131) Metaspace: 87432K(93356K)->87432K(93356K) NonClass: 76409K(79392K)->76409K(79392K) Class: 11023K(13964K)->11023K(13964K)
[413.400s][info][gc             ] GC(1131) Pause Young (Allocation Failure) 565M->274M(8142M) 95.682ms
[413.401s][info][gc,cpu         ] GC(1131) User=0.20s Sys=0.00s Real=0.10s
[413.576s][info][gc,start       ] GC(1132) Pause Young (Allocation Failure)
[413.576s][info][gc,task        ] GC(1132) Using 6 workers of 6 for evacuation
[413.653s][info][gc,heap        ] GC(1132) ParNew: 460096K->51072K(460096K)
[413.653s][info][gc,heap        ] GC(1132) CMS: 230161K->286404K(7877440K)
[413.653s][info][gc,metaspace   ] GC(1132) Metaspace: 87432K(93356K)->87432K(93356K) NonClass: 76409K(79392K)->76409K(79392K) Class: 11023K(13964K)->11023K(13964K)
[413.653s][info][gc             ] GC(1132) Pause Young (Allocation Failure) 674M->329M(8142M) 77.115ms
[413.653s][info][gc,cpu         ] GC(1132) User=0.22s Sys=0.02s Real=0.08s
[413.844s][info][gc,start       ] GC(1133) Pause Young (Allocation Failure)
[413.844s][info][gc,task        ] GC(1133) Using 6 workers of 6 for evacuation
[413.921s][info][gc,heap        ] GC(1133) ParNew: 460096K->51072K(460096K)
[413.921s][info][gc,heap        ] GC(1133) CMS: 286404K->322240K(7877440K)
[413.921s][info][gc,metaspace   ] GC(1133) Metaspace: 87432K(93356K)->87432K(93356K) NonClass: 76409K(79392K)->76409K(79392K) Class: 11023K(13964K)->11023K(13964K)
[413.921s][info][gc             ] GC(1133) Pause Young (Allocation Failure) 729M->364M(8142M) 77.387ms
[413.921s][info][gc,cpu         ] GC(1133) User=0.38s Sys=0.00s Real=0.06s
[414.119s][info][gc,start       ] GC(1134) Pause Young (Allocation Failure)
[414.119s][info][gc,task        ] GC(1134) Using 6 workers of 6 for evacuation
[414.193s][info][gc,heap        ] GC(1134) ParNew: 460096K->36410K(460096K)
[414.193s][info][gc,heap        ] GC(1134) CMS: 322240K->358105K(7877440K)
[414.193s][info][gc,metaspace   ] GC(1134) Metaspace: 87432K(93356K)->87432K(93356K) NonClass: 76409K(79392K)->76409K(79392K) Class: 11023K(13964K)->11023K(13964K)
[414.193s][info][gc             ] GC(1134) Pause Young (Allocation Failure) 764M->385M(8142M) 73.605ms
[414.193s][info][gc,cpu         ] GC(1134) User=0.38s Sys=0.00s Real=0.08s
[414.789s][info][gc,start       ] GC(1135) Pause Young (Allocation Failure)
[414.789s][info][gc,task        ] GC(1135) Using 6 workers of 6 for evacuation
[414.879s][info][gc,heap        ] GC(1135) ParNew: 445434K->51072K(460096K)
[414.879s][info][gc,heap        ] GC(1135) CMS: 358105K->383180K(7877440K)
[414.879s][info][gc,metaspace   ] GC(1135) Metaspace: 87432K(93356K)->87432K(93356K) NonClass: 76409K(79392K)->76409K(79392K) Class: 11023K(13964K)->11023K(13964K)
[414.879s][info][gc             ] GC(1135) Pause Young (Allocation Failure) 784M->424M(8142M) 90.012ms
[414.879s][info][gc,cpu         ] GC(1135) User=0.47s Sys=0.00s Real=0.08s
[415.005s][info][gc,start       ] GC(1136) Pause Young (Allocation Failure)
[415.005s][info][gc,task        ] GC(1136) Using 6 workers of 6 for evacuation
[415.113s][info][gc,heap        ] GC(1136) ParNew: 460096K->51072K(460096K)
[415.113s][info][gc,heap        ] GC(1136) CMS: 383180K->446878K(7877440K)
[415.113s][info][gc,metaspace   ] GC(1136) Metaspace: 87432K(93356K)->87432K(93356K) NonClass: 76409K(79392K)->76409K(79392K) Class: 11023K(13964K)->11023K(13964K)
[415.113s][info][gc             ] GC(1136) Pause Young (Allocation Failure) 823M->486M(8142M) 107.957ms
[415.113s][info][gc,cpu         ] GC(1136) User=0.30s Sys=0.00s Real=0.11s
[415.302s][info][gc,start       ] GC(1137) Pause Young (Allocation Failure)
[415.303s][info][gc,task        ] GC(1137) Using 6 workers of 6 for evacuation
[415.387s][info][gc,heap        ] GC(1137) ParNew: 460096K->51072K(460096K)
[415.387s][info][gc,heap        ] GC(1137) CMS: 446878K->507114K(7877440K)
[415.387s][info][gc,metaspace   ] GC(1137) Metaspace: 87432K(93356K)->87432K(93356K) NonClass: 76409K(79392K)->76409K(79392K) Class: 11023K(13964K)->11023K(13964K)
[415.387s][info][gc             ] GC(1137) Pause Young (Allocation Failure) 885M->545M(8142M) 84.429ms
[415.387s][info][gc,cpu         ] GC(1137) User=0.52s Sys=0.00s Real=0.09s
[415.569s][info][gc,start       ] GC(1138) Pause Young (Allocation Failure)
[415.570s][info][gc,task        ] GC(1138) Using 6 workers of 6 for evacuation
[415.642s][info][gc,heap        ] GC(1138) ParNew: 460096K->42771K(460096K)
[415.642s][info][gc,heap        ] GC(1138) CMS: 507114K->544115K(7877440K)
[415.642s][info][gc,metaspace   ] GC(1138) Metaspace: 87432K(93356K)->87432K(93356K) NonClass: 76409K(79392K)->76409K(79392K) Class: 11023K(13964K)->11023K(13964K)
[415.643s][info][gc             ] GC(1138) Pause Young (Allocation Failure) 944M->573M(8142M) 73.105ms
[415.643s][info][gc,cpu         ] GC(1138) User=0.34s Sys=0.00s Real=0.07s
[416.106s][info][gc,start       ] GC(1139) Pause Young (Allocation Failure)
[416.106s][info][gc,task        ] GC(1139) Using 6 workers of 6 for evacuation
[416.186s][info][gc,heap        ] GC(1139) ParNew: 451795K->33297K(460096K)
[416.186s][info][gc,heap        ] GC(1139) CMS: 544115K->570746K(7877440K)
[416.186s][info][gc,metaspace   ] GC(1139) Metaspace: 87432K(93356K)->87432K(93356K) NonClass: 76409K(79392K)->76409K(79392K) Class: 11023K(13964K)->11023K(13964K)
[416.186s][info][gc             ] GC(1139) Pause Young (Allocation Failure) 972M->589M(8142M) 79.551ms
[416.186s][info][gc,cpu         ] GC(1139) User=0.36s Sys=0.00s Real=0.08s
[416.508s][info][gc,start       ] GC(1140) Pause Young (Allocation Failure)
[416.508s][info][gc,task        ] GC(1140) Using 6 workers of 6 for evacuation
[416.566s][info][gc,heap        ] GC(1140) ParNew: 442321K->51072K(460096K)
[416.566s][info][gc,heap        ] GC(1140) CMS: 570746K->577145K(7877440K)
[416.566s][info][gc,metaspace   ] GC(1140) Metaspace: 87433K(93356K)->87433K(93356K) NonClass: 76410K(79392K)->76410K(79392K) Class: 11023K(13964K)->11023K(13964K)
[416.566s][info][gc             ] GC(1140) Pause Young (Allocation Failure) 989M->613M(8142M) 58.521ms
[416.566s][info][gc,cpu         ] GC(1140) User=0.30s Sys=0.00s Real=0.06s
[416.876s][info][gc,start       ] GC(1141) Pause Young (Allocation Failure)
[416.876s][info][gc,task        ] GC(1141) Using 6 workers of 6 for evacuation
[416.946s][info][gc,heap        ] GC(1141) ParNew: 460096K->49485K(460096K)
[416.946s][info][gc,heap        ] GC(1141) CMS: 577145K->603609K(7877440K)
[416.946s][info][gc,metaspace   ] GC(1141) Metaspace: 87433K(93356K)->87433K(93356K) NonClass: 76410K(79392K)->76410K(79392K) Class: 11023K(13964K)->11023K(13964K)
[416.946s][info][gc             ] GC(1141) Pause Young (Allocation Failure) 1012M->637M(8142M) 69.880ms
[416.946s][info][gc,cpu         ] GC(1141) User=0.20s Sys=0.00s Real=0.06s
[417.177s][info][gc,start       ] GC(1142) Pause Young (Allocation Failure)
[417.177s][info][gc,task        ] GC(1142) Using 6 workers of 6 for evacuation
[417.226s][info][gc,heap        ] GC(1142) ParNew: 458509K->51072K(460096K)
[417.226s][info][gc,heap        ] GC(1142) CMS: 603609K->608240K(7877440K)
[417.226s][info][gc,metaspace   ] GC(1142) Metaspace: 87433K(93356K)->87433K(93356K) NonClass: 76410K(79392K)->76410K(79392K) Class: 11023K(13964K)->11023K(13964K)
[417.226s][info][gc             ] GC(1142) Pause Young (Allocation Failure) 1037M->643M(8142M) 49.405ms
[417.226s][info][gc,cpu         ] GC(1142) User=0.14s Sys=0.00s Real=0.05s
[417.601s][info][gc,start       ] GC(1143) Pause Young (Allocation Failure)
[417.601s][info][gc,task        ] GC(1143) Using 6 workers of 6 for evacuation
[417.628s][info][gc,heap        ] GC(1143) ParNew: 460096K->51072K(460096K)
[417.628s][info][gc,heap        ] GC(1143) CMS: 608240K->619841K(7877440K)
[417.628s][info][gc,metaspace   ] GC(1143) Metaspace: 87436K(93356K)->87436K(93356K) NonClass: 76412K(79392K)->76412K(79392K) Class: 11023K(13964K)->11023K(13964K)
[417.629s][info][gc             ] GC(1143) Pause Young (Allocation Failure) 1043M->655M(8142M) 27.398ms
[417.629s][info][gc,cpu         ] GC(1143) User=0.03s Sys=0.00s Real=0.03s
[417.771s][info][gc,start       ] GC(1144) Pause Young (Allocation Failure)
[417.771s][info][gc,task        ] GC(1144) Using 6 workers of 6 for evacuation
[417.820s][info][gc,heap        ] GC(1144) ParNew: 460096K->51072K(460096K)
[417.820s][info][gc,heap        ] GC(1144) CMS: 619841K->635478K(7877440K)
[417.820s][info][gc,metaspace   ] GC(1144) Metaspace: 87436K(93356K)->87436K(93356K) NonClass: 76412K(79392K)->76412K(79392K) Class: 11023K(13964K)->11023K(13964K)
[417.820s][info][gc             ] GC(1144) Pause Young (Allocation Failure) 1054M->670M(8142M) 48.983ms
[417.820s][info][gc,cpu         ] GC(1144) User=0.20s Sys=0.00s Real=0.05s
[417.965s][info][gc,start       ] GC(1145) Pause Full (System.gc())
[417.967s][info][gc,phases,start] GC(1145) Phase 1: Mark live objects
[418.091s][info][gc,phases      ] GC(1145) Phase 1: Mark live objects 123.682ms
[418.091s][info][gc,phases,start] GC(1145) Phase 2: Compute new object addresses
[418.312s][info][gc,phases      ] GC(1145) Phase 2: Compute new object addresses 220.871ms
[418.312s][info][gc,phases,start] GC(1145) Phase 3: Adjust pointers
[418.391s][info][gc,phases      ] GC(1145) Phase 3: Adjust pointers 79.162ms
[418.391s][info][gc,phases,start] GC(1145) Phase 4: Move objects
[418.392s][info][gc,phases      ] GC(1145) Phase 4: Move objects 1.579ms
[418.399s][info][gc,heap        ] GC(1145) ParNew: 460096K->0K(460096K)
[418.399s][info][gc,heap        ] GC(1145) CMS: 635478K->169695K(7877440K)
[418.399s][info][gc,metaspace   ] GC(1145) Metaspace: 87436K(93356K)->87436K(93356K) NonClass: 76412K(79392K)->76412K(79392K) Class: 11023K(13964K)->11023K(13964K)
[418.399s][info][gc             ] GC(1145) Pause Full (System.gc()) 1069M->165M(8142M) 434.756ms
[418.400s][info][gc,cpu         ] GC(1145) User=0.44s Sys=0.00s Real=0.44s
[418.545s][info][gc,start       ] GC(1146) Pause Young (Allocation Failure)
[418.545s][info][gc,task        ] GC(1146) Using 6 workers of 6 for evacuation
[418.639s][info][gc,heap        ] GC(1146) ParNew: 409024K->51072K(460096K)
[418.639s][info][gc,heap        ] GC(1146) CMS: 169695K->228833K(7877440K)
[418.639s][info][gc,metaspace   ] GC(1146) Metaspace: 87436K(93356K)->87436K(93356K) NonClass: 76412K(79392K)->76412K(79392K) Class: 11023K(13964K)->11023K(13964K)
[418.639s][info][gc             ] GC(1146) Pause Young (Allocation Failure) 565M->273M(8142M) 94.090ms
[418.639s][info][gc,cpu         ] GC(1146) User=0.14s Sys=0.00s Real=0.09s
[418.813s][info][gc,start       ] GC(1147) Pause Young (Allocation Failure)
[418.813s][info][gc,task        ] GC(1147) Using 6 workers of 6 for evacuation
[418.890s][info][gc,heap        ] GC(1147) ParNew: 460096K->51072K(460096K)
[418.890s][info][gc,heap        ] GC(1147) CMS: 228833K->281809K(7877440K)
[418.890s][info][gc,metaspace   ] GC(1147) Metaspace: 87436K(93356K)->87436K(93356K) NonClass: 76412K(79392K)->76412K(79392K) Class: 11023K(13964K)->11023K(13964K)
[418.890s][info][gc             ] GC(1147) Pause Young (Allocation Failure) 672M->325M(8142M) 76.883ms
[418.890s][info][gc,cpu         ] GC(1147) User=0.36s Sys=0.00s Real=0.08s
[419.078s][info][gc,start       ] GC(1148) Pause Young (Allocation Failure)
[419.078s][info][gc,task        ] GC(1148) Using 6 workers of 6 for evacuation
[419.157s][info][gc,heap        ] GC(1148) ParNew: 460096K->51072K(460096K)
[419.157s][info][gc,heap        ] GC(1148) CMS: 281809K->317129K(7877440K)
[419.157s][info][gc,metaspace   ] GC(1148) Metaspace: 87436K(93356K)->87436K(93356K) NonClass: 76412K(79392K)->76412K(79392K) Class: 11023K(13964K)->11023K(13964K)
[419.157s][info][gc             ] GC(1148) Pause Young (Allocation Failure) 724M->359M(8142M) 78.901ms
[419.157s][info][gc,cpu         ] GC(1148) User=0.25s Sys=0.00s Real=0.08s
[419.353s][info][gc,start       ] GC(1149) Pause Young (Allocation Failure)
[419.353s][info][gc,task        ] GC(1149) Using 6 workers of 6 for evacuation
[419.420s][info][gc,heap        ] GC(1149) ParNew: 460096K->40011K(460096K)
[419.420s][info][gc,heap        ] GC(1149) CMS: 317129K->352407K(7877440K)
[419.420s][info][gc,metaspace   ] GC(1149) Metaspace: 87436K(93356K)->87436K(93356K) NonClass: 76412K(79392K)->76412K(79392K) Class: 11023K(13964K)->11023K(13964K)
[419.420s][info][gc             ] GC(1149) Pause Young (Allocation Failure) 759M->383M(8142M) 67.607ms
[419.420s][info][gc,cpu         ] GC(1149) User=0.44s Sys=0.00s Real=0.08s
[420.011s][info][gc,start       ] GC(1150) Pause Young (Allocation Failure)
[420.011s][info][gc,task        ] GC(1150) Using 6 workers of 6 for evacuation
[420.101s][info][gc,heap        ] GC(1150) ParNew: 449035K->51072K(460096K)
[420.101s][info][gc,heap        ] GC(1150) CMS: 352407K->378219K(7877440K)
[420.101s][info][gc,metaspace   ] GC(1150) Metaspace: 87436K(93356K)->87436K(93356K) NonClass: 76412K(79392K)->76412K(79392K) Class: 11023K(13964K)->11023K(13964K)
[420.101s][info][gc             ] GC(1150) Pause Young (Allocation Failure) 782M->419M(8142M) 89.761ms
[420.101s][info][gc,cpu         ] GC(1150) User=0.52s Sys=0.00s Real=0.09s
[420.229s][info][gc,start       ] GC(1151) Pause Young (Allocation Failure)
[420.229s][info][gc,task        ] GC(1151) Using 6 workers of 6 for evacuation
[420.340s][info][gc,heap        ] GC(1151) ParNew: 460096K->51072K(460096K)
[420.340s][info][gc,heap        ] GC(1151) CMS: 378219K->443100K(7877440K)
[420.340s][info][gc,metaspace   ] GC(1151) Metaspace: 87436K(93356K)->87436K(93356K) NonClass: 76412K(79392K)->76412K(79392K) Class: 11023K(13964K)->11023K(13964K)
[420.340s][info][gc             ] GC(1151) Pause Young (Allocation Failure) 818M->482M(8142M) 110.816ms
[420.340s][info][gc,cpu         ] GC(1151) User=0.38s Sys=0.00s Real=0.11s
[420.522s][info][gc,start       ] GC(1152) Pause Young (Allocation Failure)
[420.522s][info][gc,task        ] GC(1152) Using 6 workers of 6 for evacuation
[420.607s][info][gc,heap        ] GC(1152) ParNew: 460096K->51072K(460096K)
[420.607s][info][gc,heap        ] GC(1152) CMS: 443100K->500277K(7877440K)
[420.607s][info][gc,metaspace   ] GC(1152) Metaspace: 87436K(93356K)->87436K(93356K) NonClass: 76412K(79392K)->76412K(79392K) Class: 11023K(13964K)->11023K(13964K)
[420.607s][info][gc             ] GC(1152) Pause Young (Allocation Failure) 882M->538M(8142M) 85.377ms
[420.607s][info][gc,cpu         ] GC(1152) User=0.44s Sys=0.00s Real=0.09s
[420.796s][info][gc,start       ] GC(1153) Pause Young (Allocation Failure)
[420.797s][info][gc,task        ] GC(1153) Using 6 workers of 6 for evacuation
[420.867s][info][gc,heap        ] GC(1153) ParNew: 460096K->44969K(460096K)
[420.867s][info][gc,heap        ] GC(1153) CMS: 500277K->540350K(7877440K)
[420.867s][info][gc,metaspace   ] GC(1153) Metaspace: 87436K(93356K)->87436K(93356K) NonClass: 76412K(79392K)->76412K(79392K) Class: 11023K(13964K)->11023K(13964K)
[420.867s][info][gc             ] GC(1153) Pause Young (Allocation Failure) 937M->571M(8142M) 70.805ms
[420.867s][info][gc,cpu         ] GC(1153) User=0.45s Sys=0.00s Real=0.08s
[421.335s][info][gc,start       ] GC(1154) Pause Young (Allocation Failure)
[421.335s][info][gc,task        ] GC(1154) Using 6 workers of 6 for evacuation
[421.409s][info][gc,heap        ] GC(1154) ParNew: 453993K->33764K(460096K)
[421.409s][info][gc,heap        ] GC(1154) CMS: 540350K->566835K(7877440K)
[421.409s][info][gc,metaspace   ] GC(1154) Metaspace: 87436K(93356K)->87436K(93356K) NonClass: 76412K(79392K)->76412K(79392K) Class: 11023K(13964K)->11023K(13964K)
[421.409s][info][gc             ] GC(1154) Pause Young (Allocation Failure) 971M->586M(8142M) 74.029ms
[421.409s][info][gc,cpu         ] GC(1154) User=0.39s Sys=0.00s Real=0.08s
[421.741s][info][gc,start       ] GC(1155) Pause Young (Allocation Failure)
[421.741s][info][gc,task        ] GC(1155) Using 6 workers of 6 for evacuation
[421.798s][info][gc,heap        ] GC(1155) ParNew: 442788K->51072K(460096K)
[421.798s][info][gc,heap        ] GC(1155) CMS: 566835K->573071K(7877440K)
[421.798s][info][gc,metaspace   ] GC(1155) Metaspace: 87436K(93356K)->87436K(93356K) NonClass: 76412K(79392K)->76412K(79392K) Class: 11023K(13964K)->11023K(13964K)
[421.798s][info][gc             ] GC(1155) Pause Young (Allocation Failure) 985M->609M(8142M) 56.927ms
[421.798s][info][gc,cpu         ] GC(1155) User=0.19s Sys=0.00s Real=0.05s
[422.105s][info][gc,start       ] GC(1156) Pause Young (Allocation Failure)
[422.105s][info][gc,task        ] GC(1156) Using 6 workers of 6 for evacuation
[422.176s][info][gc,heap        ] GC(1156) ParNew: 460096K->38611K(460096K)
[422.176s][info][gc,heap        ] GC(1156) CMS: 573071K->599789K(7877440K)
[422.176s][info][gc,metaspace   ] GC(1156) Metaspace: 87436K(93356K)->87436K(93356K) NonClass: 76412K(79392K)->76412K(79392K) Class: 11023K(13964K)->11023K(13964K)
[422.176s][info][gc             ] GC(1156) Pause Young (Allocation Failure) 1008M->623M(8142M) 70.724ms
[422.176s][info][gc,cpu         ] GC(1156) User=0.30s Sys=0.00s Real=0.06s
[422.405s][info][gc,start       ] GC(1157) Pause Young (Allocation Failure)
[422.405s][info][gc,task        ] GC(1157) Using 6 workers of 6 for evacuation
[422.452s][info][gc,heap        ] GC(1157) ParNew: 447635K->51072K(460096K)
[422.452s][info][gc,heap        ] GC(1157) CMS: 599789K->603429K(7877440K)
[422.452s][info][gc,metaspace   ] GC(1157) Metaspace: 87436K(93356K)->87436K(93356K) NonClass: 76412K(79392K)->76412K(79392K) Class: 11023K(13964K)->11023K(13964K)
[422.452s][info][gc             ] GC(1157) Pause Young (Allocation Failure) 1022M->639M(8142M) 47.073ms
[422.452s][info][gc,cpu         ] GC(1157) User=0.08s Sys=0.00s Real=0.05s
[422.826s][info][gc,start       ] GC(1158) Pause Young (Allocation Failure)
[422.826s][info][gc,task        ] GC(1158) Using 6 workers of 6 for evacuation
[422.870s][info][gc,heap        ] GC(1158) ParNew: 456566K->51072K(460096K)
[422.870s][info][gc,heap        ] GC(1158) CMS: 603429K->610123K(7877440K)
[422.870s][info][gc,metaspace   ] GC(1158) Metaspace: 87444K(93356K)->87444K(93356K) NonClass: 76420K(79392K)->76420K(79392K) Class: 11023K(13964K)->11023K(13964K)
[422.870s][info][gc             ] GC(1158) Pause Young (Allocation Failure) 1035M->645M(8142M) 43.842ms
[422.870s][info][gc,cpu         ] GC(1158) User=0.12s Sys=0.00s Real=0.03s
[423.137s][info][gc,start       ] GC(1159) Pause Young (Allocation Failure)
[423.137s][info][gc,task        ] GC(1159) Using 6 workers of 6 for evacuation
[423.186s][info][gc,heap        ] GC(1159) ParNew: 460096K->51072K(460096K)
[423.186s][info][gc,heap        ] GC(1159) CMS: 610123K->631080K(7877440K)
[423.186s][info][gc,metaspace   ] GC(1159) Metaspace: 87444K(93356K)->87444K(93356K) NonClass: 76420K(79392K)->76420K(79392K) Class: 11023K(13964K)->11023K(13964K)
[423.186s][info][gc             ] GC(1159) Pause Young (Allocation Failure) 1045M->666M(8142M) 49.834ms
[423.186s][info][gc,cpu         ] GC(1159) User=0.22s Sys=0.00s Real=0.06s
[423.330s][info][gc,start       ] GC(1160) Pause Full (System.gc())
[423.333s][info][gc,phases,start] GC(1160) Phase 1: Mark live objects
[423.458s][info][gc,phases      ] GC(1160) Phase 1: Mark live objects 125.023ms
[423.458s][info][gc,phases,start] GC(1160) Phase 2: Compute new object addresses
[423.681s][info][gc,phases      ] GC(1160) Phase 2: Compute new object addresses 223.203ms
[423.681s][info][gc,phases,start] GC(1160) Phase 3: Adjust pointers
[423.761s][info][gc,phases      ] GC(1160) Phase 3: Adjust pointers 80.056ms
[423.762s][info][gc,phases,start] GC(1160) Phase 4: Move objects
[423.763s][info][gc,phases      ] GC(1160) Phase 4: Move objects 1.899ms
[423.770s][info][gc,heap        ] GC(1160) ParNew: 457491K->0K(460096K)
[423.770s][info][gc,heap        ] GC(1160) CMS: 631080K->169743K(7877440K)
[423.770s][info][gc,metaspace   ] GC(1160) Metaspace: 87444K(93356K)->87444K(93356K) NonClass: 76420K(79392K)->76420K(79392K) Class: 11023K(13964K)->11023K(13964K)
[423.770s][info][gc             ] GC(1160) Pause Full (System.gc()) 1063M->165M(8142M) 440.183ms
[423.770s][info][gc,cpu         ] GC(1160) User=0.44s Sys=0.00s Real=0.44s
[423.917s][info][gc,start       ] GC(1161) Pause Young (Allocation Failure)
[423.917s][info][gc,task        ] GC(1161) Using 6 workers of 6 for evacuation
[424.020s][info][gc,heap        ] GC(1161) ParNew: 409024K->51072K(460096K)
[424.020s][info][gc,heap        ] GC(1161) CMS: 169743K->230302K(7877440K)
[424.020s][info][gc,metaspace   ] GC(1161) Metaspace: 87444K(93356K)->87444K(93356K) NonClass: 76421K(79392K)->76421K(79392K) Class: 11023K(13964K)->11023K(13964K)
[424.020s][info][gc             ] GC(1161) Pause Young (Allocation Failure) 565M->274M(8142M) 103.046ms
[424.020s][info][gc,cpu         ] GC(1161) User=0.12s Sys=0.00s Real=0.10s
[424.208s][info][gc,start       ] GC(1162) Pause Young (Allocation Failure)
[424.208s][info][gc,task        ] GC(1162) Using 6 workers of 6 for evacuation
[424.282s][info][gc,heap        ] GC(1162) ParNew: 457373K->51072K(460096K)
[424.282s][info][gc,heap        ] GC(1162) CMS: 230302K->277466K(7877440K)
[424.282s][info][gc,metaspace   ] GC(1162) Metaspace: 87444K(93356K)->87444K(93356K) NonClass: 76421K(79392K)->76421K(79392K) Class: 11023K(13964K)->11023K(13964K)
[424.282s][info][gc             ] GC(1162) Pause Young (Allocation Failure) 671M->320M(8142M) 74.342ms
[424.282s][info][gc,cpu         ] GC(1162) User=0.38s Sys=0.00s Real=0.06s
[424.482s][info][gc,start       ] GC(1163) Pause Young (Allocation Failure)
[424.482s][info][gc,task        ] GC(1163) Using 6 workers of 6 for evacuation
[424.559s][info][gc,heap        ] GC(1163) ParNew: 460096K->51072K(460096K)
[424.559s][info][gc,heap        ] GC(1163) CMS: 277466K->314745K(7877440K)
[424.559s][info][gc,metaspace   ] GC(1163) Metaspace: 87444K(93356K)->87444K(93356K) NonClass: 76421K(79392K)->76421K(79392K) Class: 11023K(13964K)->11023K(13964K)
[424.559s][info][gc             ] GC(1163) Pause Young (Allocation Failure) 720M->357M(8142M) 77.300ms
[424.559s][info][gc,cpu         ] GC(1163) User=0.39s Sys=0.00s Real=0.08s
[424.754s][info][gc,start       ] GC(1164) Pause Young (Allocation Failure)
[424.754s][info][gc,task        ] GC(1164) Using 6 workers of 6 for evacuation
[424.825s][info][gc,heap        ] GC(1164) ParNew: 460096K->34476K(460096K)
[424.825s][info][gc,heap        ] GC(1164) CMS: 314745K->351560K(7877440K)
[424.825s][info][gc,metaspace   ] GC(1164) Metaspace: 87444K(93356K)->87444K(93356K) NonClass: 76421K(79392K)->76421K(79392K) Class: 11023K(13964K)->11023K(13964K)
[424.825s][info][gc             ] GC(1164) Pause Young (Allocation Failure) 756M->376M(8142M) 71.587ms
[424.825s][info][gc,cpu         ] GC(1164) User=0.55s Sys=0.00s Real=0.08s
[425.453s][info][gc,start       ] GC(1165) Pause Young (Allocation Failure)
[425.453s][info][gc,task        ] GC(1165) Using 6 workers of 6 for evacuation
[425.542s][info][gc,heap        ] GC(1165) ParNew: 443500K->51072K(460096K)
[425.542s][info][gc,heap        ] GC(1165) CMS: 351560K->377228K(7877440K)
[425.542s][info][gc,metaspace   ] GC(1165) Metaspace: 87444K(93356K)->87444K(93356K) NonClass: 76421K(79392K)->76421K(79392K) Class: 11023K(13964K)->11023K(13964K)
[425.542s][info][gc             ] GC(1165) Pause Young (Allocation Failure) 776M->418M(8142M) 89.753ms
[425.542s][info][gc,cpu         ] GC(1165) User=0.48s Sys=0.00s Real=0.09s
[425.669s][info][gc,start       ] GC(1166) Pause Young (Allocation Failure)
[425.669s][info][gc,task        ] GC(1166) Using 6 workers of 6 for evacuation
[425.779s][info][gc,heap        ] GC(1166) ParNew: 460096K->51072K(460096K)
[425.779s][info][gc,heap        ] GC(1166) CMS: 377228K->441646K(7877440K)
[425.779s][info][gc,metaspace   ] GC(1166) Metaspace: 87444K(93356K)->87444K(93356K) NonClass: 76421K(79392K)->76421K(79392K) Class: 11023K(13964K)->11023K(13964K)
[425.779s][info][gc             ] GC(1166) Pause Young (Allocation Failure) 817M->481M(8142M) 110.602ms
[425.779s][info][gc,cpu         ] GC(1166) User=0.33s Sys=0.00s Real=0.11s
[425.962s][info][gc,start       ] GC(1167) Pause Young (Allocation Failure)
[425.962s][info][gc,task        ] GC(1167) Using 6 workers of 6 for evacuation
[426.043s][info][gc,heap        ] GC(1167) ParNew: 456703K->51072K(460096K)
[426.043s][info][gc,heap        ] GC(1167) CMS: 441646K->502135K(7877440K)
[426.043s][info][gc,metaspace   ] GC(1167) Metaspace: 87444K(93356K)->87444K(93356K) NonClass: 76421K(79392K)->76421K(79392K) Class: 11023K(13964K)->11023K(13964K)
[426.043s][info][gc             ] GC(1167) Pause Young (Allocation Failure) 877M->540M(8142M) 80.949ms
[426.043s][info][gc,cpu         ] GC(1167) User=0.36s Sys=0.00s Real=0.08s
[426.231s][info][gc,start       ] GC(1168) Pause Young (Allocation Failure)
[426.231s][info][gc,task        ] GC(1168) Using 6 workers of 6 for evacuation
[426.303s][info][gc,heap        ] GC(1168) ParNew: 460096K->49298K(460096K)
[426.303s][info][gc,heap        ] GC(1168) CMS: 502135K->539799K(7877440K)
[426.303s][info][gc,metaspace   ] GC(1168) Metaspace: 87444K(93356K)->87444K(93356K) NonClass: 76421K(79392K)->76421K(79392K) Class: 11023K(13964K)->11023K(13964K)
[426.303s][info][gc             ] GC(1168) Pause Young (Allocation Failure) 939M->575M(8142M) 72.007ms
[426.303s][info][gc,cpu         ] GC(1168) User=0.39s Sys=0.00s Real=0.08s
[426.744s][info][gc,start       ] GC(1169) Pause Young (Allocation Failure)
[426.744s][info][gc,task        ] GC(1169) Using 6 workers of 6 for evacuation
[426.825s][info][gc,heap        ] GC(1169) ParNew: 458322K->36064K(460096K)
[426.825s][info][gc,heap        ] GC(1169) CMS: 539799K->570204K(7877440K)
[426.825s][info][gc,metaspace   ] GC(1169) Metaspace: 87448K(93356K)->87448K(93356K) NonClass: 76425K(79392K)->76425K(79392K) Class: 11023K(13964K)->11023K(13964K)
[426.825s][info][gc             ] GC(1169) Pause Young (Allocation Failure) 974M->592M(8142M) 80.981ms
[426.825s][info][gc,cpu         ] GC(1169) User=0.47s Sys=0.00s Real=0.09s
[427.164s][info][gc,start       ] GC(1170) Pause Young (Allocation Failure)
[427.165s][info][gc,task        ] GC(1170) Using 6 workers of 6 for evacuation
[427.227s][info][gc,heap        ] GC(1170) ParNew: 445088K->47010K(460096K)
[427.227s][info][gc,heap        ] GC(1170) CMS: 570204K->597409K(7877440K)
[427.227s][info][gc,metaspace   ] GC(1170) Metaspace: 87448K(93356K)->87448K(93356K) NonClass: 76425K(79392K)->76425K(79392K) Class: 11023K(13964K)->11023K(13964K)
[427.227s][info][gc             ] GC(1170) Pause Young (Allocation Failure) 991M->629M(8142M) 63.005ms
[427.227s][info][gc,cpu         ] GC(1170) User=0.16s Sys=0.00s Real=0.06s
[427.534s][info][gc,start       ] GC(1171) Pause Young (Allocation Failure)
[427.534s][info][gc,task        ] GC(1171) Using 6 workers of 6 for evacuation
[427.582s][info][gc,heap        ] GC(1171) ParNew: 456034K->47216K(460096K)
[427.582s][info][gc,heap        ] GC(1171) CMS: 597409K->597510K(7877440K)
[427.582s][info][gc,metaspace   ] GC(1171) Metaspace: 87448K(93356K)->87448K(93356K) NonClass: 76425K(79392K)->76425K(79392K) Class: 11023K(13964K)->11023K(13964K)
[427.582s][info][gc             ] GC(1171) Pause Young (Allocation Failure) 1028M->629M(8142M) 48.118ms
[427.582s][info][gc,cpu         ] GC(1171) User=0.05s Sys=0.00s Real=0.05s
[427.816s][info][gc,start       ] GC(1172) Pause Young (Allocation Failure)
[427.816s][info][gc,task        ] GC(1172) Using 6 workers of 6 for evacuation
[427.863s][info][gc,heap        ] GC(1172) ParNew: 456240K->51072K(460096K)
[427.863s][info][gc,heap        ] GC(1172) CMS: 597510K->600540K(7877440K)
[427.863s][info][gc,metaspace   ] GC(1172) Metaspace: 87448K(93356K)->87448K(93356K) NonClass: 76425K(79392K)->76425K(79392K) Class: 11023K(13964K)->11023K(13964K)
[427.863s][info][gc             ] GC(1172) Pause Young (Allocation Failure) 1029M->636M(8142M) 47.792ms
[427.863s][info][gc,cpu         ] GC(1172) User=0.11s Sys=0.00s Real=0.05s
[428.247s][info][gc,start       ] GC(1173) Pause Young (Allocation Failure)
[428.247s][info][gc,task        ] GC(1173) Using 6 workers of 6 for evacuation
[428.271s][info][gc,heap        ] GC(1173) ParNew: 459723K->51072K(460096K)
[428.271s][info][gc,heap        ] GC(1173) CMS: 600540K->600616K(7877440K)
[428.271s][info][gc,metaspace   ] GC(1173) Metaspace: 87448K(93356K)->87448K(93356K) NonClass: 76425K(79392K)->76425K(79392K) Class: 11023K(13964K)->11023K(13964K)
[428.272s][info][gc             ] GC(1173) Pause Young (Allocation Failure) 1035M->636M(8142M) 24.737ms
[428.272s][info][gc,cpu         ] GC(1173) User=0.03s Sys=0.00s Real=0.02s
[428.421s][info][gc,start       ] GC(1174) Pause Young (Allocation Failure)
[428.421s][info][gc,task        ] GC(1174) Using 6 workers of 6 for evacuation
[428.472s][info][gc,heap        ] GC(1174) ParNew: 460096K->51072K(460096K)
[428.472s][info][gc,heap        ] GC(1174) CMS: 600616K->619094K(7877440K)
[428.472s][info][gc,metaspace   ] GC(1174) Metaspace: 87448K(93356K)->87448K(93356K) NonClass: 76425K(79392K)->76425K(79392K) Class: 11023K(13964K)->11023K(13964K)
[428.472s][info][gc             ] GC(1174) Pause Young (Allocation Failure) 1035M->654M(8142M) 51.535ms
[428.472s][info][gc,cpu         ] GC(1174) User=0.19s Sys=0.00s Real=0.05s
[428.618s][info][gc,start       ] GC(1175) Pause Young (Allocation Failure)
[428.618s][info][gc,task        ] GC(1175) Using 6 workers of 6 for evacuation
[428.816s][info][gc,heap        ] GC(1175) ParNew: 460096K->51072K(460096K)
[428.816s][info][gc,heap        ] GC(1175) CMS: 619094K->681303K(7877440K)
[428.816s][info][gc,metaspace   ] GC(1175) Metaspace: 87448K(93356K)->87448K(93356K) NonClass: 76425K(79392K)->76425K(79392K) Class: 11023K(13964K)->11023K(13964K)
[428.816s][info][gc             ] GC(1175) Pause Young (Allocation Failure) 1053M->715M(8142M) 198.521ms
[428.817s][info][gc,cpu         ] GC(1175) User=0.98s Sys=0.00s Real=0.20s
[428.820s][info][gc,start       ] GC(1176) Pause Full (System.gc())
[428.823s][info][gc,phases,start] GC(1176) Phase 1: Mark live objects
[428.946s][info][gc,phases      ] GC(1176) Phase 1: Mark live objects 123.350ms
[428.946s][info][gc,phases,start] GC(1176) Phase 2: Compute new object addresses
[429.122s][info][gc,phases      ] GC(1176) Phase 2: Compute new object addresses 175.173ms
[429.122s][info][gc,phases,start] GC(1176) Phase 3: Adjust pointers
[429.202s][info][gc,phases      ] GC(1176) Phase 3: Adjust pointers 80.715ms
[429.202s][info][gc,phases,start] GC(1176) Phase 4: Move objects
[429.204s][info][gc,phases      ] GC(1176) Phase 4: Move objects 1.540ms
[429.210s][info][gc,heap        ] GC(1176) ParNew: 59642K->0K(460096K)
[429.210s][info][gc,heap        ] GC(1176) CMS: 681303K->169821K(7877440K)
[429.210s][info][gc,metaspace   ] GC(1176) Metaspace: 87448K(93356K)->87448K(93356K) NonClass: 76425K(79392K)->76425K(79392K) Class: 11023K(13964K)->11023K(13964K)
[429.211s][info][gc             ] GC(1176) Pause Full (System.gc()) 723M->165M(8142M) 390.241ms
[429.211s][info][gc,cpu         ] GC(1176) User=0.36s Sys=0.00s Real=0.39s
[429.354s][info][gc,start       ] GC(1177) Pause Young (Allocation Failure)
[429.355s][info][gc,task        ] GC(1177) Using 6 workers of 6 for evacuation
[429.448s][info][gc,heap        ] GC(1177) ParNew: 409024K->51072K(460096K)
[429.448s][info][gc,heap        ] GC(1177) CMS: 169821K->229608K(7877440K)
[429.448s][info][gc,metaspace   ] GC(1177) Metaspace: 87448K(93356K)->87448K(93356K) NonClass: 76425K(79392K)->76425K(79392K) Class: 11023K(13964K)->11023K(13964K)
[429.448s][info][gc             ] GC(1177) Pause Young (Allocation Failure) 565M->274M(8142M) 93.300ms
[429.448s][info][gc,cpu         ] GC(1177) User=0.41s Sys=0.00s Real=0.09s
[429.622s][info][gc,start       ] GC(1178) Pause Young (Allocation Failure)
[429.622s][info][gc,task        ] GC(1178) Using 6 workers of 6 for evacuation
[429.703s][info][gc,heap        ] GC(1178) ParNew: 460096K->51072K(460096K)
[429.703s][info][gc,heap        ] GC(1178) CMS: 229608K->284299K(7877440K)
[429.703s][info][gc,metaspace   ] GC(1178) Metaspace: 87448K(93356K)->87448K(93356K) NonClass: 76425K(79392K)->76425K(79392K) Class: 11023K(13964K)->11023K(13964K)
[429.703s][info][gc             ] GC(1178) Pause Young (Allocation Failure) 673M->327M(8142M) 80.951ms
[429.703s][info][gc,cpu         ] GC(1178) User=0.38s Sys=0.00s Real=0.09s
[429.900s][info][gc,start       ] GC(1179) Pause Young (Allocation Failure)
[429.901s][info][gc,task        ] GC(1179) Using 6 workers of 6 for evacuation
[429.975s][info][gc,heap        ] GC(1179) ParNew: 460096K->51072K(460096K)
[429.975s][info][gc,heap        ] GC(1179) CMS: 284299K->319432K(7877440K)
[429.975s][info][gc,metaspace   ] GC(1179) Metaspace: 87448K(93356K)->87448K(93356K) NonClass: 76425K(79392K)->76425K(79392K) Class: 11023K(13964K)->11023K(13964K)
[429.975s][info][gc             ] GC(1179) Pause Young (Allocation Failure) 726M->361M(8142M) 74.851ms
[429.975s][info][gc,cpu         ] GC(1179) User=0.39s Sys=0.00s Real=0.08s
[430.187s][info][gc,start       ] GC(1180) Pause Young (Allocation Failure)
[430.187s][info][gc,task        ] GC(1180) Using 6 workers of 6 for evacuation
[430.257s][info][gc,heap        ] GC(1180) ParNew: 460096K->33903K(460096K)
[430.257s][info][gc,heap        ] GC(1180) CMS: 319432K->355388K(7877440K)
[430.257s][info][gc,metaspace   ] GC(1180) Metaspace: 87448K(93356K)->87448K(93356K) NonClass: 76425K(79392K)->76425K(79392K) Class: 11023K(13964K)->11023K(13964K)
[430.257s][info][gc             ] GC(1180) Pause Young (Allocation Failure) 761M->380M(8142M) 70.378ms
[430.257s][info][gc,cpu         ] GC(1180) User=0.38s Sys=0.06s Real=0.08s
[430.888s][info][gc,start       ] GC(1181) Pause Young (Allocation Failure)
[430.888s][info][gc,task        ] GC(1181) Using 6 workers of 6 for evacuation
[430.978s][info][gc,heap        ] GC(1181) ParNew: 442927K->51072K(460096K)
[430.978s][info][gc,heap        ] GC(1181) CMS: 355388K->381196K(7877440K)
[430.978s][info][gc,metaspace   ] GC(1181) Metaspace: 87448K(93356K)->87448K(93356K) NonClass: 76425K(79392K)->76425K(79392K) Class: 11023K(13964K)->11023K(13964K)
[430.978s][info][gc             ] GC(1181) Pause Young (Allocation Failure) 779M->422M(8142M) 90.422ms
[430.978s][info][gc,cpu         ] GC(1181) User=0.45s Sys=0.00s Real=0.09s
[431.105s][info][gc,start       ] GC(1182) Pause Young (Allocation Failure)
[431.105s][info][gc,task        ] GC(1182) Using 6 workers of 6 for evacuation
[431.218s][info][gc,heap        ] GC(1182) ParNew: 460096K->51072K(460096K)
[431.218s][info][gc,heap        ] GC(1182) CMS: 381196K->444092K(7877440K)
[431.218s][info][gc,metaspace   ] GC(1182) Metaspace: 87448K(93356K)->87448K(93356K) NonClass: 76425K(79392K)->76425K(79392K) Class: 11023K(13964K)->11023K(13964K)
[431.218s][info][gc             ] GC(1182) Pause Young (Allocation Failure) 821M->483M(8142M) 112.914ms
[431.218s][info][gc,cpu         ] GC(1182) User=0.50s Sys=0.02s Real=0.11s
[431.399s][info][gc,start       ] GC(1183) Pause Young (Allocation Failure)
[431.399s][info][gc,task        ] GC(1183) Using 6 workers of 6 for evacuation
[431.482s][info][gc,heap        ] GC(1183) ParNew: 460096K->51072K(460096K)
[431.482s][info][gc,heap        ] GC(1183) CMS: 444092K->503248K(7877440K)
[431.482s][info][gc,metaspace   ] GC(1183) Metaspace: 87448K(93356K)->87448K(93356K) NonClass: 76425K(79392K)->76425K(79392K) Class: 11023K(13964K)->11023K(13964K)
[431.482s][info][gc             ] GC(1183) Pause Young (Allocation Failure) 882M->541M(8142M) 82.832ms
[431.482s][info][gc,cpu         ] GC(1183) User=0.42s Sys=0.00s Real=0.08s
[431.669s][info][gc,start       ] GC(1184) Pause Young (Allocation Failure)
[431.669s][info][gc,task        ] GC(1184) Using 6 workers of 6 for evacuation
[431.744s][info][gc,heap        ] GC(1184) ParNew: 460096K->47256K(460096K)
[431.744s][info][gc,heap        ] GC(1184) CMS: 503248K->548790K(7877440K)
[431.744s][info][gc,metaspace   ] GC(1184) Metaspace: 87448K(93356K)->87448K(93356K) NonClass: 76425K(79392K)->76425K(79392K) Class: 11023K(13964K)->11023K(13964K)
[431.744s][info][gc             ] GC(1184) Pause Young (Allocation Failure) 940M->582M(8142M) 74.642ms
[431.744s][info][gc,cpu         ] GC(1184) User=0.39s Sys=0.00s Real=0.08s
[432.190s][info][gc,start       ] GC(1185) Pause Young (Allocation Failure)
[432.190s][info][gc,task        ] GC(1185) Using 6 workers of 6 for evacuation
[432.265s][info][gc,heap        ] GC(1185) ParNew: 456280K->34331K(460096K)
[432.265s][info][gc,heap        ] GC(1185) CMS: 548790K->575201K(7877440K)
[432.265s][info][gc,metaspace   ] GC(1185) Metaspace: 87448K(93356K)->87448K(93356K) NonClass: 76425K(79392K)->76425K(79392K) Class: 11023K(13964K)->11023K(13964K)
[432.265s][info][gc             ] GC(1185) Pause Young (Allocation Failure) 981M->595M(8142M) 74.947ms
[432.265s][info][gc,cpu         ] GC(1185) User=0.36s Sys=0.02s Real=0.08s
[432.594s][info][gc,start       ] GC(1186) Pause Young (Allocation Failure)
[432.594s][info][gc,task        ] GC(1186) Using 6 workers of 6 for evacuation
[432.655s][info][gc,heap        ] GC(1186) ParNew: 443355K->46437K(460096K)
[432.655s][info][gc,heap        ] GC(1186) CMS: 575201K->602555K(7877440K)
[432.655s][info][gc,metaspace   ] GC(1186) Metaspace: 87448K(93356K)->87448K(93356K) NonClass: 76425K(79392K)->76425K(79392K) Class: 11023K(13964K)->11023K(13964K)
[432.655s][info][gc             ] GC(1186) Pause Young (Allocation Failure) 994M->633M(8142M) 60.707ms
[432.655s][info][gc,cpu         ] GC(1186) User=0.17s Sys=0.00s Real=0.06s
[432.962s][info][gc,start       ] GC(1187) Pause Young (Allocation Failure)
[432.962s][info][gc,task        ] GC(1187) Using 6 workers of 6 for evacuation
[433.010s][info][gc,heap        ] GC(1187) ParNew: 455461K->46925K(460096K)
[433.010s][info][gc,heap        ] GC(1187) CMS: 602555K->602664K(7877440K)
[433.010s][info][gc,metaspace   ] GC(1187) Metaspace: 87448K(93356K)->87448K(93356K) NonClass: 76425K(79392K)->76425K(79392K) Class: 11023K(13964K)->11023K(13964K)
[433.010s][info][gc             ] GC(1187) Pause Young (Allocation Failure) 1033M->634M(8142M) 47.607ms
[433.010s][info][gc,cpu         ] GC(1187) User=0.05s Sys=0.00s Real=0.05s
[433.247s][info][gc,start       ] GC(1188) Pause Young (Allocation Failure)
[433.247s][info][gc,task        ] GC(1188) Using 6 workers of 6 for evacuation
[433.293s][info][gc,heap        ] GC(1188) ParNew: 455949K->51072K(460096K)
[433.293s][info][gc,heap        ] GC(1188) CMS: 602664K->605438K(7877440K)
[433.293s][info][gc,metaspace   ] GC(1188) Metaspace: 87448K(93356K)->87448K(93356K) NonClass: 76425K(79392K)->76425K(79392K) Class: 11023K(13964K)->11023K(13964K)
[433.293s][info][gc             ] GC(1188) Pause Young (Allocation Failure) 1033M->641M(8142M) 46.064ms
[433.293s][info][gc,cpu         ] GC(1188) User=0.08s Sys=0.00s Real=0.04s
[433.671s][info][gc,start       ] GC(1189) Pause Young (Allocation Failure)
[433.671s][info][gc,task        ] GC(1189) Using 6 workers of 6 for evacuation
[433.716s][info][gc,heap        ] GC(1189) ParNew: 460096K->51072K(460096K)
[433.716s][info][gc,heap        ] GC(1189) CMS: 605438K->623466K(7877440K)
[433.716s][info][gc,metaspace   ] GC(1189) Metaspace: 87448K(93356K)->87448K(93356K) NonClass: 76425K(79392K)->76425K(79392K) Class: 11023K(13964K)->11023K(13964K)
[433.716s][info][gc             ] GC(1189) Pause Young (Allocation Failure) 1040M->658M(8142M) 45.592ms
[433.716s][info][gc,cpu         ] GC(1189) User=0.11s Sys=0.00s Real=0.05s
[433.878s][info][gc,start       ] GC(1190) Pause Young (Allocation Failure)
[433.878s][info][gc,task        ] GC(1190) Using 6 workers of 6 for evacuation
[433.942s][info][gc,heap        ] GC(1190) ParNew: 460096K->51072K(460096K)
[433.942s][info][gc,heap        ] GC(1190) CMS: 623466K->654737K(7877440K)
[433.942s][info][gc,metaspace   ] GC(1190) Metaspace: 87450K(93356K)->87450K(93356K) NonClass: 76427K(79392K)->76427K(79392K) Class: 11023K(13964K)->11023K(13964K)
[433.942s][info][gc             ] GC(1190) Pause Young (Allocation Failure) 1058M->689M(8142M) 63.747ms
[433.942s][info][gc,cpu         ] GC(1190) User=0.31s Sys=0.00s Real=0.06s
[434.085s][info][gc,start       ] GC(1191) Pause Young (Allocation Failure)
[434.085s][info][gc,task        ] GC(1191) Using 6 workers of 6 for evacuation
[434.328s][info][gc,heap        ] GC(1191) ParNew: 460096K->51072K(460096K)
[434.328s][info][gc,heap        ] GC(1191) CMS: 654737K->711427K(7877440K)
[434.328s][info][gc,metaspace   ] GC(1191) Metaspace: 87450K(93356K)->87450K(93356K) NonClass: 76427K(79392K)->76427K(79392K) Class: 11023K(13964K)->11023K(13964K)
[434.328s][info][gc             ] GC(1191) Pause Young (Allocation Failure) 1088M->744M(8142M) 242.671ms
[434.328s][info][gc,cpu         ] GC(1191) User=1.30s Sys=0.00s Real=0.23s
[434.334s][info][gc,start       ] GC(1192) Pause Full (System.gc())
[434.336s][info][gc,phases,start] GC(1192) Phase 1: Mark live objects
[434.461s][info][gc,phases      ] GC(1192) Phase 1: Mark live objects 125.187ms
[434.461s][info][gc,phases,start] GC(1192) Phase 2: Compute new object addresses
[434.641s][info][gc,phases      ] GC(1192) Phase 2: Compute new object addresses 179.244ms
[434.641s][info][gc,phases,start] GC(1192) Phase 3: Adjust pointers
[434.720s][info][gc,phases      ] GC(1192) Phase 3: Adjust pointers 79.221ms
[434.720s][info][gc,phases,start] GC(1192) Phase 4: Move objects
[434.721s][info][gc,phases      ] GC(1192) Phase 4: Move objects 1.566ms
[434.728s][info][gc,heap        ] GC(1192) ParNew: 68049K->0K(460096K)
[434.728s][info][gc,heap        ] GC(1192) CMS: 711427K->169872K(7877440K)
[434.728s][info][gc,metaspace   ] GC(1192) Metaspace: 87450K(93356K)->87450K(93356K) NonClass: 76427K(79392K)->76427K(79392K) Class: 11023K(13964K)->11023K(13964K)
[434.728s][info][gc             ] GC(1192) Pause Full (System.gc()) 761M->165M(8142M) 394.348ms
[434.728s][info][gc,cpu         ] GC(1192) User=0.38s Sys=0.00s Real=0.39s
[434.875s][info][gc,start       ] GC(1193) Pause Young (Allocation Failure)
[434.875s][info][gc,task        ] GC(1193) Using 6 workers of 6 for evacuation
[434.971s][info][gc,heap        ] GC(1193) ParNew: 409024K->51072K(460096K)
[434.971s][info][gc,heap        ] GC(1193) CMS: 169872K->229944K(7877440K)
[434.971s][info][gc,metaspace   ] GC(1193) Metaspace: 87453K(93356K)->87453K(93356K) NonClass: 76430K(79392K)->76430K(79392K) Class: 11023K(13964K)->11023K(13964K)
[434.971s][info][gc             ] GC(1193) Pause Young (Allocation Failure) 565M->274M(8142M) 96.254ms
[434.971s][info][gc,cpu         ] GC(1193) User=0.20s Sys=0.00s Real=0.09s
[435.149s][info][gc,start       ] GC(1194) Pause Young (Allocation Failure)
[435.149s][info][gc,task        ] GC(1194) Using 6 workers of 6 for evacuation
[435.224s][info][gc,heap        ] GC(1194) ParNew: 460096K->51072K(460096K)
[435.224s][info][gc,heap        ] GC(1194) CMS: 229944K->282803K(7877440K)
[435.224s][info][gc,metaspace   ] GC(1194) Metaspace: 87453K(93356K)->87453K(93356K) NonClass: 76430K(79392K)->76430K(79392K) Class: 11023K(13964K)->11023K(13964K)
[435.224s][info][gc             ] GC(1194) Pause Young (Allocation Failure) 673M->326M(8142M) 75.072ms
[435.224s][info][gc,cpu         ] GC(1194) User=0.34s Sys=0.00s Real=0.06s
[435.411s][info][gc,start       ] GC(1195) Pause Young (Allocation Failure)
[435.411s][info][gc,task        ] GC(1195) Using 6 workers of 6 for evacuation
[435.485s][info][gc,heap        ] GC(1195) ParNew: 460096K->51072K(460096K)
[435.486s][info][gc,heap        ] GC(1195) CMS: 282803K->320092K(7877440K)
[435.486s][info][gc,metaspace   ] GC(1195) Metaspace: 87453K(93356K)->87453K(93356K) NonClass: 76430K(79392K)->76430K(79392K) Class: 11023K(13964K)->11023K(13964K)
[435.486s][info][gc             ] GC(1195) Pause Young (Allocation Failure) 725M->362M(8142M) 74.974ms
[435.486s][info][gc,cpu         ] GC(1195) User=0.39s Sys=0.00s Real=0.08s
[435.682s][info][gc,start       ] GC(1196) Pause Young (Allocation Failure)
[435.683s][info][gc,task        ] GC(1196) Using 6 workers of 6 for evacuation
[435.755s][info][gc,heap        ] GC(1196) ParNew: 460096K->35255K(460096K)
[435.755s][info][gc,heap        ] GC(1196) CMS: 320092K->353263K(7877440K)
[435.755s][info][gc,metaspace   ] GC(1196) Metaspace: 87453K(93356K)->87453K(93356K) NonClass: 76430K(79392K)->76430K(79392K) Class: 11023K(13964K)->11023K(13964K)
[435.755s][info][gc             ] GC(1196) Pause Young (Allocation Failure) 761M->379M(8142M) 72.388ms
[435.755s][info][gc,cpu         ] GC(1196) User=0.30s Sys=0.02s Real=0.06s
[436.332s][info][gc,start       ] GC(1197) Pause Young (Allocation Failure)
[436.332s][info][gc,task        ] GC(1197) Using 6 workers of 6 for evacuation
[436.421s][info][gc,heap        ] GC(1197) ParNew: 444279K->51072K(460096K)
[436.421s][info][gc,heap        ] GC(1197) CMS: 353263K->379272K(7877440K)
[436.421s][info][gc,metaspace   ] GC(1197) Metaspace: 87453K(93356K)->87453K(93356K) NonClass: 76430K(79392K)->76430K(79392K) Class: 11023K(13964K)->11023K(13964K)
[436.421s][info][gc             ] GC(1197) Pause Young (Allocation Failure) 778M->420M(8142M) 89.085ms
[436.421s][info][gc,cpu         ] GC(1197) User=0.48s Sys=0.00s Real=0.10s
[436.547s][info][gc,start       ] GC(1198) Pause Young (Allocation Failure)
[436.547s][info][gc,task        ] GC(1198) Using 6 workers of 6 for evacuation
[436.656s][info][gc,heap        ] GC(1198) ParNew: 460096K->51072K(460096K)
[436.656s][info][gc,heap        ] GC(1198) CMS: 379272K->443553K(7877440K)
[436.656s][info][gc,metaspace   ] GC(1198) Metaspace: 87455K(93356K)->87455K(93356K) NonClass: 76432K(79392K)->76432K(79392K) Class: 11023K(13964K)->11023K(13964K)
[436.656s][info][gc             ] GC(1198) Pause Young (Allocation Failure) 819M->483M(8142M) 109.226ms
[436.656s][info][gc,cpu         ] GC(1198) User=0.30s Sys=0.00s Real=0.11s
[436.841s][info][gc,start       ] GC(1199) Pause Young (Allocation Failure)
[436.841s][info][gc,task        ] GC(1199) Using 6 workers of 6 for evacuation
[436.927s][info][gc,heap        ] GC(1199) ParNew: 460096K->51072K(460096K)
[436.927s][info][gc,heap        ] GC(1199) CMS: 443553K->503861K(7877440K)
[436.927s][info][gc,metaspace   ] GC(1199) Metaspace: 87455K(93356K)->87455K(93356K) NonClass: 76432K(79392K)->76432K(79392K) Class: 11023K(13964K)->11023K(13964K)
[436.927s][info][gc             ] GC(1199) Pause Young (Allocation Failure) 882M->541M(8142M) 86.014ms
[436.927s][info][gc,cpu         ] GC(1199) User=0.45s Sys=0.02s Real=0.09s
[437.110s][info][gc,start       ] GC(1200) Pause Young (Allocation Failure)
[437.110s][info][gc,task        ] GC(1200) Using 6 workers of 6 for evacuation
[437.185s][info][gc,heap        ] GC(1200) ParNew: 460096K->45150K(460096K)
[437.185s][info][gc,heap        ] GC(1200) CMS: 503861K->545373K(7877440K)
[437.185s][info][gc,metaspace   ] GC(1200) Metaspace: 87455K(93356K)->87455K(93356K) NonClass: 76432K(79392K)->76432K(79392K) Class: 11023K(13964K)->11023K(13964K)
[437.186s][info][gc             ] GC(1200) Pause Young (Allocation Failure) 941M->576M(8142M) 75.331ms
[437.186s][info][gc,cpu         ] GC(1200) User=0.36s Sys=0.00s Real=0.06s
[437.644s][info][gc,start       ] GC(1201) Pause Young (Allocation Failure)
[437.644s][info][gc,task        ] GC(1201) Using 6 workers of 6 for evacuation
[437.715s][info][gc,heap        ] GC(1201) ParNew: 454174K->33834K(460096K)
[437.715s][info][gc,heap        ] GC(1201) CMS: 545373K->571918K(7877440K)
[437.715s][info][gc,metaspace   ] GC(1201) Metaspace: 87455K(93356K)->87455K(93356K) NonClass: 76432K(79392K)->76432K(79392K) Class: 11023K(13964K)->11023K(13964K)
[437.715s][info][gc             ] GC(1201) Pause Young (Allocation Failure) 976M->591M(8142M) 71.084ms
[437.715s][info][gc,cpu         ] GC(1201) User=0.38s Sys=0.00s Real=0.06s
[438.035s][info][gc,start       ] GC(1202) Pause Young (Allocation Failure)
[438.035s][info][gc,task        ] GC(1202) Using 6 workers of 6 for evacuation
[438.093s][info][gc,heap        ] GC(1202) ParNew: 442858K->51072K(460096K)
[438.093s][info][gc,heap        ] GC(1202) CMS: 571918K->578244K(7877440K)
[438.093s][info][gc,metaspace   ] GC(1202) Metaspace: 87455K(93356K)->87455K(93356K) NonClass: 76432K(79392K)->76432K(79392K) Class: 11023K(13964K)->11023K(13964K)
[438.093s][info][gc             ] GC(1202) Pause Young (Allocation Failure) 990M->614M(8142M) 58.086ms
[438.093s][info][gc,cpu         ] GC(1202) User=0.22s Sys=0.00s Real=0.06s
[438.412s][info][gc,start       ] GC(1203) Pause Young (Allocation Failure)
[438.412s][info][gc,task        ] GC(1203) Using 6 workers of 6 for evacuation
[438.482s][info][gc,heap        ] GC(1203) ParNew: 460096K->37093K(460096K)
[438.482s][info][gc,heap        ] GC(1203) CMS: 578244K->604644K(7877440K)
[438.482s][info][gc,metaspace   ] GC(1203) Metaspace: 87563K(93356K)->87563K(93356K) NonClass: 76518K(79392K)->76518K(79392K) Class: 11044K(13964K)->11044K(13964K)
[438.482s][info][gc             ] GC(1203) Pause Young (Allocation Failure) 1014M->626M(8142M) 69.727ms
[438.482s][info][gc,cpu         ] GC(1203) User=0.27s Sys=0.00s Real=0.08s
[438.705s][info][gc,start       ] GC(1204) Pause Young (Allocation Failure)
[438.705s][info][gc,task        ] GC(1204) Using 6 workers of 6 for evacuation
[438.754s][info][gc,heap        ] GC(1204) ParNew: 446117K->51072K(460096K)
[438.754s][info][gc,heap        ] GC(1204) CMS: 604644K->609020K(7877440K)
[438.754s][info][gc,metaspace   ] GC(1204) Metaspace: 87563K(93356K)->87563K(93356K) NonClass: 76518K(79392K)->76518K(79392K) Class: 11044K(13964K)->11044K(13964K)
[438.754s][info][gc             ] GC(1204) Pause Young (Allocation Failure) 1026M->644M(8142M) 48.418ms
[438.754s][info][gc,cpu         ] GC(1204) User=0.08s Sys=0.00s Real=0.05s
[439.114s][info][gc,start       ] GC(1205) Pause Young (Allocation Failure)
[439.115s][info][gc,task        ] GC(1205) Using 6 workers of 6 for evacuation
[439.163s][info][gc,heap        ] GC(1205) ParNew: 459684K->51072K(460096K)
[439.163s][info][gc,heap        ] GC(1205) CMS: 609020K->628865K(7877440K)
[439.163s][info][gc,metaspace   ] GC(1205) Metaspace: 87563K(93356K)->87563K(93356K) NonClass: 76518K(79392K)->76518K(79392K) Class: 11044K(13964K)->11044K(13964K)
[439.163s][info][gc             ] GC(1205) Pause Young (Allocation Failure) 1043M->664M(8142M) 48.171ms
[439.163s][info][gc,cpu         ] GC(1205) User=0.08s Sys=0.00s Real=0.05s
[439.401s][info][gc,start       ] GC(1206) Pause Young (Allocation Failure)
[439.402s][info][gc,task        ] GC(1206) Using 6 workers of 6 for evacuation
[439.450s][info][gc,heap        ] GC(1206) ParNew: 460096K->51072K(460096K)
[439.450s][info][gc,heap        ] GC(1206) CMS: 628865K->644968K(7877440K)
[439.450s][info][gc,metaspace   ] GC(1206) Metaspace: 87563K(93356K)->87563K(93356K) NonClass: 76518K(79392K)->76518K(79392K) Class: 11044K(13964K)->11044K(13964K)
[439.450s][info][gc             ] GC(1206) Pause Young (Allocation Failure) 1063M->679M(8142M) 48.536ms
[439.450s][info][gc,cpu         ] GC(1206) User=0.16s Sys=0.00s Real=0.06s
[439.598s][info][gc,start       ] GC(1207) Pause Young (Allocation Failure)
[439.598s][info][gc,task        ] GC(1207) Using 6 workers of 6 for evacuation
[439.813s][info][gc,heap        ] GC(1207) ParNew: 460096K->51072K(460096K)
[439.813s][info][gc,heap        ] GC(1207) CMS: 644968K->707588K(7877440K)
[439.813s][info][gc,metaspace   ] GC(1207) Metaspace: 87563K(93356K)->87563K(93356K) NonClass: 76518K(79392K)->76518K(79392K) Class: 11044K(13964K)->11044K(13964K)
[439.813s][info][gc             ] GC(1207) Pause Young (Allocation Failure) 1079M->740M(8142M) 215.429ms
[439.813s][info][gc,cpu         ] GC(1207) User=1.08s Sys=0.00s Real=0.22s
[439.815s][info][gc,start       ] GC(1208) Pause Full (System.gc())
[439.817s][info][gc,phases,start] GC(1208) Phase 1: Mark live objects
[439.942s][info][gc,phases      ] GC(1208) Phase 1: Mark live objects 125.012ms
[439.942s][info][gc,phases,start] GC(1208) Phase 2: Compute new object addresses
[440.119s][info][gc,phases      ] GC(1208) Phase 2: Compute new object addresses 177.469ms
[440.119s][info][gc,phases,start] GC(1208) Phase 3: Adjust pointers
[440.205s][info][gc,phases      ] GC(1208) Phase 3: Adjust pointers 85.972ms
[440.205s][info][gc,phases,start] GC(1208) Phase 4: Move objects
[440.237s][info][gc,phases      ] GC(1208) Phase 4: Move objects 32.090ms
[440.243s][info][gc,heap        ] GC(1208) ParNew: 55358K->0K(460096K)
[440.243s][info][gc,heap        ] GC(1208) CMS: 707588K->169750K(7877440K)
[440.243s][info][gc,metaspace   ] GC(1208) Metaspace: 87563K(93356K)->87563K(93356K) NonClass: 76518K(79392K)->76518K(79392K) Class: 11044K(13964K)->11044K(13964K)
[440.244s][info][gc             ] GC(1208) Pause Full (System.gc()) 745M->165M(8142M) 429.341ms
[440.244s][info][gc,cpu         ] GC(1208) User=0.39s Sys=0.00s Real=0.42s
[440.389s][info][gc,start       ] GC(1209) Pause Young (Allocation Failure)
[440.389s][info][gc,task        ] GC(1209) Using 6 workers of 6 for evacuation
[440.485s][info][gc,heap        ] GC(1209) ParNew: 409024K->51072K(460096K)
[440.485s][info][gc,heap        ] GC(1209) CMS: 169750K->230462K(7877440K)
[440.485s][info][gc,metaspace   ] GC(1209) Metaspace: 87563K(93356K)->87563K(93356K) NonClass: 76518K(79392K)->76518K(79392K) Class: 11044K(13964K)->11044K(13964K)
[440.485s][info][gc             ] GC(1209) Pause Young (Allocation Failure) 565M->274M(8142M) 95.977ms
[440.485s][info][gc,cpu         ] GC(1209) User=0.45s Sys=0.00s Real=0.11s
[440.659s][info][gc,start       ] GC(1210) Pause Young (Allocation Failure)
[440.660s][info][gc,task        ] GC(1210) Using 6 workers of 6 for evacuation
[440.735s][info][gc,heap        ] GC(1210) ParNew: 460096K->51072K(460096K)
[440.735s][info][gc,heap        ] GC(1210) CMS: 230462K->284206K(7877440K)
[440.735s][info][gc,metaspace   ] GC(1210) Metaspace: 87563K(93356K)->87563K(93356K) NonClass: 76518K(79392K)->76518K(79392K) Class: 11044K(13964K)->11044K(13964K)
[440.735s][info][gc             ] GC(1210) Pause Young (Allocation Failure) 674M->327M(8142M) 75.913ms
[440.735s][info][gc,cpu         ] GC(1210) User=0.38s Sys=0.00s Real=0.06s
[440.921s][info][gc,start       ] GC(1211) Pause Young (Allocation Failure)
[440.921s][info][gc,task        ] GC(1211) Using 6 workers of 6 for evacuation
[440.998s][info][gc,heap        ] GC(1211) ParNew: 460096K->51072K(460096K)
[440.998s][info][gc,heap        ] GC(1211) CMS: 284206K->323688K(7877440K)
[440.998s][info][gc,metaspace   ] GC(1211) Metaspace: 87563K(93356K)->87563K(93356K) NonClass: 76518K(79392K)->76518K(79392K) Class: 11044K(13964K)->11044K(13964K)
[440.998s][info][gc             ] GC(1211) Pause Young (Allocation Failure) 726M->365M(8142M) 76.751ms
[440.998s][info][gc,cpu         ] GC(1211) User=0.39s Sys=0.00s Real=0.08s
[441.195s][info][gc,start       ] GC(1212) Pause Young (Allocation Failure)
[441.195s][info][gc,task        ] GC(1212) Using 6 workers of 6 for evacuation
[441.266s][info][gc,heap        ] GC(1212) ParNew: 460096K->35294K(460096K)
[441.267s][info][gc,heap        ] GC(1212) CMS: 323688K->356823K(7877440K)
[441.267s][info][gc,metaspace   ] GC(1212) Metaspace: 87563K(93356K)->87563K(93356K) NonClass: 76518K(79392K)->76518K(79392K) Class: 11044K(13964K)->11044K(13964K)
[441.267s][info][gc             ] GC(1212) Pause Young (Allocation Failure) 765M->382M(8142M) 71.902ms
[441.267s][info][gc,cpu         ] GC(1212) User=0.38s Sys=0.00s Real=0.06s
[441.838s][info][gc,start       ] GC(1213) Pause Young (Allocation Failure)
[441.839s][info][gc,task        ] GC(1213) Using 6 workers of 6 for evacuation
[441.929s][info][gc,heap        ] GC(1213) ParNew: 444318K->51072K(460096K)
[441.929s][info][gc,heap        ] GC(1213) CMS: 356823K->382307K(7877440K)
[441.929s][info][gc,metaspace   ] GC(1213) Metaspace: 87563K(93356K)->87563K(93356K) NonClass: 76518K(79392K)->76518K(79392K) Class: 11044K(13964K)->11044K(13964K)
[441.929s][info][gc             ] GC(1213) Pause Young (Allocation Failure) 782M->423M(8142M) 90.584ms
[441.929s][info][gc,cpu         ] GC(1213) User=0.47s Sys=0.00s Real=0.08s
[442.054s][info][gc,start       ] GC(1214) Pause Young (Allocation Failure)
[442.054s][info][gc,task        ] GC(1214) Using 6 workers of 6 for evacuation
[442.168s][info][gc,heap        ] GC(1214) ParNew: 460096K->51072K(460096K)
[442.168s][info][gc,heap        ] GC(1214) CMS: 382307K->446526K(7877440K)
[442.168s][info][gc,metaspace   ] GC(1214) Metaspace: 87563K(93356K)->87563K(93356K) NonClass: 76518K(79392K)->76518K(79392K) Class: 11044K(13964K)->11044K(13964K)
[442.168s][info][gc             ] GC(1214) Pause Young (Allocation Failure) 822M->485M(8142M) 114.292ms
[442.168s][info][gc,cpu         ] GC(1214) User=0.19s Sys=0.00s Real=0.12s
[442.372s][info][gc,start       ] GC(1215) Pause Young (Allocation Failure)
[442.373s][info][gc,task        ] GC(1215) Using 6 workers of 6 for evacuation
[442.454s][info][gc,heap        ] GC(1215) ParNew: 460096K->51072K(460096K)
[442.454s][info][gc,heap        ] GC(1215) CMS: 446526K->504709K(7877440K)
[442.454s][info][gc,metaspace   ] GC(1215) Metaspace: 87563K(93356K)->87563K(93356K) NonClass: 76518K(79392K)->76518K(79392K) Class: 11044K(13964K)->11044K(13964K)
[442.454s][info][gc             ] GC(1215) Pause Young (Allocation Failure) 885M->542M(8142M) 81.985ms
[442.455s][info][gc,cpu         ] GC(1215) User=0.39s Sys=0.00s Real=0.08s
[442.644s][info][gc,start       ] GC(1216) Pause Young (Allocation Failure)
[442.644s][info][gc,task        ] GC(1216) Using 6 workers of 6 for evacuation
[442.714s][info][gc,heap        ] GC(1216) ParNew: 460096K->42897K(460096K)
[442.714s][info][gc,heap        ] GC(1216) CMS: 504709K->544320K(7877440K)
[442.714s][info][gc,metaspace   ] GC(1216) Metaspace: 87563K(93356K)->87563K(93356K) NonClass: 76518K(79392K)->76518K(79392K) Class: 11044K(13964K)->11044K(13964K)
[442.714s][info][gc             ] GC(1216) Pause Young (Allocation Failure) 942M->573M(8142M) 70.189ms
[442.714s][info][gc,cpu         ] GC(1216) User=0.38s Sys=0.00s Real=0.06s
[443.187s][info][gc,start       ] GC(1217) Pause Young (Allocation Failure)
[443.187s][info][gc,task        ] GC(1217) Using 6 workers of 6 for evacuation
[443.262s][info][gc,heap        ] GC(1217) ParNew: 451921K->33292K(460096K)
[443.262s][info][gc,heap        ] GC(1217) CMS: 544320K->570908K(7877440K)
[443.262s][info][gc,metaspace   ] GC(1217) Metaspace: 87563K(93356K)->87563K(93356K) NonClass: 76518K(79392K)->76518K(79392K) Class: 11044K(13964K)->11044K(13964K)
[443.262s][info][gc             ] GC(1217) Pause Young (Allocation Failure) 972M->590M(8142M) 75.277ms
[443.262s][info][gc,cpu         ] GC(1217) User=0.39s Sys=0.00s Real=0.07s
[443.578s][info][gc,start       ] GC(1218) Pause Young (Allocation Failure)
[443.578s][info][gc,task        ] GC(1218) Using 6 workers of 6 for evacuation
[443.637s][info][gc,heap        ] GC(1218) ParNew: 442316K->51072K(460096K)
[443.637s][info][gc,heap        ] GC(1218) CMS: 570908K->577951K(7877440K)
[443.637s][info][gc,metaspace   ] GC(1218) Metaspace: 87563K(93356K)->87563K(93356K) NonClass: 76518K(79392K)->76518K(79392K) Class: 11044K(13964K)->11044K(13964K)
[443.637s][info][gc             ] GC(1218) Pause Young (Allocation Failure) 989M->614M(8142M) 58.453ms
[443.637s][info][gc,cpu         ] GC(1218) User=0.28s Sys=0.00s Real=0.05s
[443.943s][info][gc,start       ] GC(1219) Pause Young (Allocation Failure)
[443.943s][info][gc,task        ] GC(1219) Using 6 workers of 6 for evacuation
[444.013s][info][gc,heap        ] GC(1219) ParNew: 460096K->38261K(460096K)
[444.013s][info][gc,heap        ] GC(1219) CMS: 577951K->604368K(7877440K)
[444.013s][info][gc,metaspace   ] GC(1219) Metaspace: 87563K(93356K)->87563K(93356K) NonClass: 76518K(79392K)->76518K(79392K) Class: 11044K(13964K)->11044K(13964K)
[444.013s][info][gc             ] GC(1219) Pause Young (Allocation Failure) 1013M->627M(8142M) 69.329ms
[444.013s][info][gc,cpu         ] GC(1219) User=0.30s Sys=0.00s Real=0.06s
[444.237s][info][gc,start       ] GC(1220) Pause Young (Allocation Failure)
[444.237s][info][gc,task        ] GC(1220) Using 6 workers of 6 for evacuation
[444.286s][info][gc,heap        ] GC(1220) ParNew: 447285K->51072K(460096K)
[444.286s][info][gc,heap        ] GC(1220) CMS: 604368K->609736K(7877440K)
[444.286s][info][gc,metaspace   ] GC(1220) Metaspace: 87563K(93356K)->87563K(93356K) NonClass: 76518K(79392K)->76518K(79392K) Class: 11044K(13964K)->11044K(13964K)
[444.286s][info][gc             ] GC(1220) Pause Young (Allocation Failure) 1027M->645M(8142M) 48.821ms
[444.286s][info][gc,cpu         ] GC(1220) User=0.09s Sys=0.00s Real=0.06s
[444.658s][info][gc,start       ] GC(1221) Pause Young (Allocation Failure)
[444.658s][info][gc,task        ] GC(1221) Using 6 workers of 6 for evacuation
[444.719s][info][gc,heap        ] GC(1221) ParNew: 460096K->51072K(460096K)
[444.719s][info][gc,heap        ] GC(1221) CMS: 609736K->637705K(7877440K)
[444.719s][info][gc,metaspace   ] GC(1221) Metaspace: 87563K(93356K)->87563K(93356K) NonClass: 76518K(79392K)->76518K(79392K) Class: 11044K(13964K)->11044K(13964K)
[444.719s][info][gc             ] GC(1221) Pause Young (Allocation Failure) 1044M->672M(8142M) 61.574ms
[444.719s][info][gc,cpu         ] GC(1221) User=0.28s Sys=0.00s Real=0.06s
[444.905s][info][gc,start       ] GC(1222) Pause Young (Allocation Failure)
[444.905s][info][gc,task        ] GC(1222) Using 6 workers of 6 for evacuation
[444.951s][info][gc,heap        ] GC(1222) ParNew: 460096K->51072K(460096K)
[444.951s][info][gc,heap        ] GC(1222) CMS: 637705K->652098K(7877440K)
[444.951s][info][gc,metaspace   ] GC(1222) Metaspace: 87563K(93356K)->87563K(93356K) NonClass: 76518K(79392K)->76518K(79392K) Class: 11044K(13964K)->11044K(13964K)
[444.951s][info][gc             ] GC(1222) Pause Young (Allocation Failure) 1072M->686M(8142M) 45.620ms
[444.951s][info][gc,cpu         ] GC(1222) User=0.17s Sys=0.00s Real=0.05s
[445.094s][info][gc,start       ] GC(1223) Pause Full (System.gc())
[445.097s][info][gc,phases,start] GC(1223) Phase 1: Mark live objects
[445.223s][info][gc,phases      ] GC(1223) Phase 1: Mark live objects 125.486ms
[445.223s][info][gc,phases,start] GC(1223) Phase 2: Compute new object addresses
[445.449s][info][gc,phases      ] GC(1223) Phase 2: Compute new object addresses 226.263ms
[445.449s][info][gc,phases,start] GC(1223) Phase 3: Adjust pointers
[445.529s][info][gc,phases      ] GC(1223) Phase 3: Adjust pointers 79.957ms
[445.529s][info][gc,phases,start] GC(1223) Phase 4: Move objects
[445.531s][info][gc,phases      ] GC(1223) Phase 4: Move objects 1.626ms
[445.537s][info][gc,heap        ] GC(1223) ParNew: 454041K->0K(460096K)
[445.537s][info][gc,heap        ] GC(1223) CMS: 652098K->169805K(7877440K)
[445.537s][info][gc,metaspace   ] GC(1223) Metaspace: 87563K(93356K)->87563K(93356K) NonClass: 76518K(79392K)->76518K(79392K) Class: 11044K(13964K)->11044K(13964K)
[445.537s][info][gc             ] GC(1223) Pause Full (System.gc()) 1080M->165M(8142M) 443.698ms
[445.537s][info][gc,cpu         ] GC(1223) User=0.44s Sys=0.00s Real=0.44s
[445.685s][info][gc,start       ] GC(1224) Pause Young (Allocation Failure)
[445.685s][info][gc,task        ] GC(1224) Using 6 workers of 6 for evacuation
[445.785s][info][gc,heap        ] GC(1224) ParNew: 409024K->51072K(460096K)
[445.785s][info][gc,heap        ] GC(1224) CMS: 169805K->229454K(7877440K)
[445.785s][info][gc,metaspace   ] GC(1224) Metaspace: 87563K(93356K)->87563K(93356K) NonClass: 76518K(79392K)->76518K(79392K) Class: 11044K(13964K)->11044K(13964K)
[445.785s][info][gc             ] GC(1224) Pause Young (Allocation Failure) 565M->273M(8142M) 100.175ms
[445.785s][info][gc,cpu         ] GC(1224) User=0.14s Sys=0.00s Real=0.09s
[445.959s][info][gc,start       ] GC(1225) Pause Young (Allocation Failure)
[445.959s][info][gc,task        ] GC(1225) Using 6 workers of 6 for evacuation
[446.032s][info][gc,heap        ] GC(1225) ParNew: 460096K->51072K(460096K)
[446.032s][info][gc,heap        ] GC(1225) CMS: 229454K->278645K(7877440K)
[446.032s][info][gc,metaspace   ] GC(1225) Metaspace: 87563K(93356K)->87563K(93356K) NonClass: 76518K(79392K)->76518K(79392K) Class: 11044K(13964K)->11044K(13964K)
[446.032s][info][gc             ] GC(1225) Pause Young (Allocation Failure) 673M->321M(8142M) 73.105ms
[446.032s][info][gc,cpu         ] GC(1225) User=0.33s Sys=0.00s Real=0.08s
[446.221s][info][gc,start       ] GC(1226) Pause Young (Allocation Failure)
[446.221s][info][gc,task        ] GC(1226) Using 6 workers of 6 for evacuation
[446.297s][info][gc,heap        ] GC(1226) ParNew: 460096K->51072K(460096K)
[446.297s][info][gc,heap        ] GC(1226) CMS: 278645K->319632K(7877440K)
[446.297s][info][gc,metaspace   ] GC(1226) Metaspace: 87563K(93356K)->87563K(93356K) NonClass: 76518K(79392K)->76518K(79392K) Class: 11044K(13964K)->11044K(13964K)
[446.297s][info][gc             ] GC(1226) Pause Young (Allocation Failure) 721M->362M(8142M) 76.663ms
[446.297s][info][gc,cpu         ] GC(1226) User=0.34s Sys=0.00s Real=0.08s
[446.490s][info][gc,start       ] GC(1227) Pause Young (Allocation Failure)
[446.490s][info][gc,task        ] GC(1227) Using 6 workers of 6 for evacuation
[446.562s][info][gc,heap        ] GC(1227) ParNew: 460096K->35641K(460096K)
[446.562s][info][gc,heap        ] GC(1227) CMS: 319632K->352192K(7877440K)
[446.562s][info][gc,metaspace   ] GC(1227) Metaspace: 87563K(93356K)->87563K(93356K) NonClass: 76518K(79392K)->76518K(79392K) Class: 11044K(13964K)->11044K(13964K)
[446.562s][info][gc             ] GC(1227) Pause Young (Allocation Failure) 761M->378M(8142M) 71.479ms
[446.562s][info][gc,cpu         ] GC(1227) User=0.39s Sys=0.00s Real=0.08s
[447.124s][info][gc,start       ] GC(1228) Pause Young (Allocation Failure)
[447.124s][info][gc,task        ] GC(1228) Using 6 workers of 6 for evacuation
[447.218s][info][gc,heap        ] GC(1228) ParNew: 444665K->51072K(460096K)
[447.218s][info][gc,heap        ] GC(1228) CMS: 352192K->377143K(7877440K)
[447.218s][info][gc,metaspace   ] GC(1228) Metaspace: 87563K(93356K)->87563K(93356K) NonClass: 76518K(79392K)->76518K(79392K) Class: 11044K(13964K)->11044K(13964K)
[447.218s][info][gc             ] GC(1228) Pause Young (Allocation Failure) 778M->418M(8142M) 93.820ms
[447.218s][info][gc,cpu         ] GC(1228) User=0.48s Sys=0.00s Real=0.10s
[447.344s][info][gc,start       ] GC(1229) Pause Young (Allocation Failure)
[447.344s][info][gc,task        ] GC(1229) Using 6 workers of 6 for evacuation
[447.454s][info][gc,heap        ] GC(1229) ParNew: 460096K->51072K(460096K)
[447.454s][info][gc,heap        ] GC(1229) CMS: 377143K->441682K(7877440K)
[447.454s][info][gc,metaspace   ] GC(1229) Metaspace: 87563K(93356K)->87563K(93356K) NonClass: 76518K(79392K)->76518K(79392K) Class: 11044K(13964K)->11044K(13964K)
[447.454s][info][gc             ] GC(1229) Pause Young (Allocation Failure) 817M->481M(8142M) 110.400ms
[447.454s][info][gc,cpu         ] GC(1229) User=0.19s Sys=0.00s Real=0.11s
[447.638s][info][gc,start       ] GC(1230) Pause Young (Allocation Failure)
[447.638s][info][gc,task        ] GC(1230) Using 6 workers of 6 for evacuation
[447.721s][info][gc,heap        ] GC(1230) ParNew: 460096K->51072K(460096K)
[447.721s][info][gc,heap        ] GC(1230) CMS: 441682K->497265K(7877440K)
[447.721s][info][gc,metaspace   ] GC(1230) Metaspace: 87563K(93356K)->87563K(93356K) NonClass: 76518K(79392K)->76518K(79392K) Class: 11044K(13964K)->11044K(13964K)
[447.721s][info][gc             ] GC(1230) Pause Young (Allocation Failure) 880M->535M(8142M) 83.070ms
[447.721s][info][gc,cpu         ] GC(1230) User=0.42s Sys=0.00s Real=0.08s
[447.910s][info][gc,start       ] GC(1231) Pause Young (Allocation Failure)
[447.910s][info][gc,task        ] GC(1231) Using 6 workers of 6 for evacuation
[447.983s][info][gc,heap        ] GC(1231) ParNew: 460096K->48707K(460096K)
[447.983s][info][gc,heap        ] GC(1231) CMS: 497265K->540148K(7877440K)
[447.983s][info][gc,metaspace   ] GC(1231) Metaspace: 87563K(93356K)->87563K(93356K) NonClass: 76518K(79392K)->76518K(79392K) Class: 11044K(13964K)->11044K(13964K)
[447.983s][info][gc             ] GC(1231) Pause Young (Allocation Failure) 934M->575M(8142M) 73.818ms
[447.983s][info][gc,cpu         ] GC(1231) User=0.47s Sys=0.00s Real=0.08s
[448.452s][info][gc,start       ] GC(1232) Pause Young (Allocation Failure)
[448.452s][info][gc,task        ] GC(1232) Using 6 workers of 6 for evacuation
[448.531s][info][gc,heap        ] GC(1232) ParNew: 457731K->34777K(460096K)
[448.531s][info][gc,heap        ] GC(1232) CMS: 540148K->566744K(7877440K)
[448.531s][info][gc,metaspace   ] GC(1232) Metaspace: 87563K(93356K)->87563K(93356K) NonClass: 76518K(79392K)->76518K(79392K) Class: 11044K(13964K)->11044K(13964K)
[448.531s][info][gc             ] GC(1232) Pause Young (Allocation Failure) 974M->587M(8142M) 79.150ms
[448.531s][info][gc,cpu         ] GC(1232) User=0.39s Sys=0.00s Real=0.08s
[448.854s][info][gc,start       ] GC(1233) Pause Young (Allocation Failure)
[448.854s][info][gc,task        ] GC(1233) Using 6 workers of 6 for evacuation
[448.911s][info][gc,heap        ] GC(1233) ParNew: 443801K->51072K(460096K)
[448.911s][info][gc,heap        ] GC(1233) CMS: 566744K->573540K(7877440K)
[448.911s][info][gc,metaspace   ] GC(1233) Metaspace: 87565K(93356K)->87565K(93356K) NonClass: 76520K(79392K)->76520K(79392K) Class: 11044K(13964K)->11044K(13964K)
[448.911s][info][gc             ] GC(1233) Pause Young (Allocation Failure) 986M->609M(8142M) 56.907ms
[448.911s][info][gc,cpu         ] GC(1233) User=0.28s Sys=0.00s Real=0.05s
[449.225s][info][gc,start       ] GC(1234) Pause Young (Allocation Failure)
[449.225s][info][gc,task        ] GC(1234) Using 6 workers of 6 for evacuation
[449.294s][info][gc,heap        ] GC(1234) ParNew: 460096K->44704K(460096K)
[449.294s][info][gc,heap        ] GC(1234) CMS: 573540K->600120K(7877440K)
[449.294s][info][gc,metaspace   ] GC(1234) Metaspace: 87565K(93356K)->87565K(93356K) NonClass: 76520K(79392K)->76520K(79392K) Class: 11044K(13964K)->11044K(13964K)
[449.294s][info][gc             ] GC(1234) Pause Young (Allocation Failure) 1009M->629M(8142M) 69.303ms
[449.294s][info][gc,cpu         ] GC(1234) User=0.22s Sys=0.02s Real=0.08s
[449.521s][info][gc,start       ] GC(1235) Pause Young (Allocation Failure)
[449.521s][info][gc,task        ] GC(1235) Using 6 workers of 6 for evacuation
[449.569s][info][gc,heap        ] GC(1235) ParNew: 453728K->51072K(460096K)
[449.569s][info][gc,heap        ] GC(1235) CMS: 600120K->605160K(7877440K)
[449.569s][info][gc,metaspace   ] GC(1235) Metaspace: 87565K(93356K)->87565K(93356K) NonClass: 76520K(79392K)->76520K(79392K) Class: 11044K(13964K)->11044K(13964K)
[449.569s][info][gc             ] GC(1235) Pause Young (Allocation Failure) 1029M->640M(8142M) 47.766ms
[449.569s][info][gc,cpu         ] GC(1235) User=0.11s Sys=0.00s Real=0.05s
[449.937s][info][gc,start       ] GC(1236) Pause Young (Allocation Failure)
[449.937s][info][gc,task        ] GC(1236) Using 6 workers of 6 for evacuation
[449.981s][info][gc,heap        ] GC(1236) ParNew: 460096K->51072K(460096K)
[449.981s][info][gc,heap        ] GC(1236) CMS: 605160K->616187K(7877440K)
[449.981s][info][gc,metaspace   ] GC(1236) Metaspace: 87565K(93356K)->87565K(93356K) NonClass: 76520K(79392K)->76520K(79392K) Class: 11044K(13964K)->11044K(13964K)
[449.981s][info][gc             ] GC(1236) Pause Young (Allocation Failure) 1040M->651M(8142M) 43.933ms
[449.981s][info][gc,cpu         ] GC(1236) User=0.09s Sys=0.00s Real=0.04s
[450.166s][info][gc,start       ] GC(1237) Pause Young (Allocation Failure)
[450.166s][info][gc,task        ] GC(1237) Using 6 workers of 6 for evacuation
[450.213s][info][gc,heap        ] GC(1237) ParNew: 460096K->51072K(460096K)
[450.213s][info][gc,heap        ] GC(1237) CMS: 616187K->629970K(7877440K)
[450.213s][info][gc,metaspace   ] GC(1237) Metaspace: 87565K(93356K)->87565K(93356K) NonClass: 76520K(79392K)->76520K(79392K) Class: 11044K(13964K)->11044K(13964K)
[450.213s][info][gc             ] GC(1237) Pause Young (Allocation Failure) 1051M->665M(8142M) 47.431ms
[450.213s][info][gc,cpu         ] GC(1237) User=0.16s Sys=0.00s Real=0.05s
[450.358s][info][gc,start       ] GC(1238) Pause Full (System.gc())
[450.361s][info][gc,phases,start] GC(1238) Phase 1: Mark live objects
[450.484s][info][gc,phases      ] GC(1238) Phase 1: Mark live objects 123.507ms
[450.484s][info][gc,phases,start] GC(1238) Phase 2: Compute new object addresses
[450.706s][info][gc,phases      ] GC(1238) Phase 2: Compute new object addresses 222.189ms
[450.706s][info][gc,phases,start] GC(1238) Phase 3: Adjust pointers
[450.786s][info][gc,phases      ] GC(1238) Phase 3: Adjust pointers 79.686ms
[450.786s][info][gc,phases,start] GC(1238) Phase 4: Move objects
[450.788s][info][gc,phases      ] GC(1238) Phase 4: Move objects 1.654ms
[450.794s][info][gc,heap        ] GC(1238) ParNew: 459392K->0K(460096K)
[450.794s][info][gc,heap        ] GC(1238) CMS: 629970K->169858K(7877440K)
[450.794s][info][gc,metaspace   ] GC(1238) Metaspace: 87565K(93356K)->87565K(93356K) NonClass: 76520K(79392K)->76520K(79392K) Class: 11044K(13964K)->11044K(13964K)
[450.794s][info][gc             ] GC(1238) Pause Full (System.gc()) 1063M->165M(8142M) 436.450ms
[450.794s][info][gc,cpu         ] GC(1238) User=0.44s Sys=0.00s Real=0.44s
[450.940s][info][gc,start       ] GC(1239) Pause Young (Allocation Failure)
[450.940s][info][gc,task        ] GC(1239) Using 6 workers of 6 for evacuation
[451.049s][info][gc,heap        ] GC(1239) ParNew: 409024K->51072K(460096K)
[451.049s][info][gc,heap        ] GC(1239) CMS: 169858K->229552K(7877440K)
[451.049s][info][gc,metaspace   ] GC(1239) Metaspace: 87568K(93356K)->87568K(93356K) NonClass: 76523K(79392K)->76523K(79392K) Class: 11044K(13964K)->11044K(13964K)
[451.049s][info][gc             ] GC(1239) Pause Young (Allocation Failure) 565M->274M(8142M) 109.686ms
[451.049s][info][gc,cpu         ] GC(1239) User=0.14s Sys=0.00s Real=0.11s
[451.225s][info][gc,start       ] GC(1240) Pause Young (Allocation Failure)
[451.225s][info][gc,task        ] GC(1240) Using 6 workers of 6 for evacuation
[451.299s][info][gc,heap        ] GC(1240) ParNew: 459631K->51072K(460096K)
[451.299s][info][gc,heap        ] GC(1240) CMS: 229552K->278387K(7877440K)
[451.299s][info][gc,metaspace   ] GC(1240) Metaspace: 87568K(93356K)->87568K(93356K) NonClass: 76523K(79392K)->76523K(79392K) Class: 11044K(13964K)->11044K(13964K)
[451.299s][info][gc             ] GC(1240) Pause Young (Allocation Failure) 673M->321M(8142M) 74.157ms
[451.299s][info][gc,cpu         ] GC(1240) User=0.33s Sys=0.00s Real=0.06s
[451.487s][info][gc,start       ] GC(1241) Pause Young (Allocation Failure)
[451.487s][info][gc,task        ] GC(1241) Using 6 workers of 6 for evacuation
[451.565s][info][gc,heap        ] GC(1241) ParNew: 460096K->51072K(460096K)
[451.565s][info][gc,heap        ] GC(1241) CMS: 278387K->315470K(7877440K)
[451.565s][info][gc,metaspace   ] GC(1241) Metaspace: 87568K(93356K)->87568K(93356K) NonClass: 76523K(79392K)->76523K(79392K) Class: 11044K(13964K)->11044K(13964K)
[451.565s][info][gc             ] GC(1241) Pause Young (Allocation Failure) 721M->357M(8142M) 77.614ms
[451.565s][info][gc,cpu         ] GC(1241) User=0.36s Sys=0.00s Real=0.08s
[451.757s][info][gc,start       ] GC(1242) Pause Young (Allocation Failure)
[451.758s][info][gc,task        ] GC(1242) Using 6 workers of 6 for evacuation
[451.829s][info][gc,heap        ] GC(1242) ParNew: 460096K->34923K(460096K)
[451.829s][info][gc,heap        ] GC(1242) CMS: 315470K->351694K(7877440K)
[451.829s][info][gc,metaspace   ] GC(1242) Metaspace: 87568K(93356K)->87568K(93356K) NonClass: 76523K(79392K)->76523K(79392K) Class: 11044K(13964K)->11044K(13964K)
[451.829s][info][gc             ] GC(1242) Pause Young (Allocation Failure) 757M->377M(8142M) 71.590ms
[451.829s][info][gc,cpu         ] GC(1242) User=0.42s Sys=0.00s Real=0.08s
[452.411s][info][gc,start       ] GC(1243) Pause Young (Allocation Failure)
[452.411s][info][gc,task        ] GC(1243) Using 6 workers of 6 for evacuation
[452.501s][info][gc,heap        ] GC(1243) ParNew: 443947K->51072K(460096K)
[452.501s][info][gc,heap        ] GC(1243) CMS: 351694K->377541K(7877440K)
[452.501s][info][gc,metaspace   ] GC(1243) Metaspace: 87568K(93356K)->87568K(93356K) NonClass: 76523K(79392K)->76523K(79392K) Class: 11044K(13964K)->11044K(13964K)
[452.501s][info][gc             ] GC(1243) Pause Young (Allocation Failure) 776M->418M(8142M) 90.144ms
[452.501s][info][gc,cpu         ] GC(1243) User=0.53s Sys=0.00s Real=0.10s
[452.628s][info][gc,start       ] GC(1244) Pause Young (Allocation Failure)
[452.628s][info][gc,task        ] GC(1244) Using 6 workers of 6 for evacuation
[452.738s][info][gc,heap        ] GC(1244) ParNew: 460096K->51072K(460096K)
[452.738s][info][gc,heap        ] GC(1244) CMS: 377541K->442628K(7877440K)
[452.738s][info][gc,metaspace   ] GC(1244) Metaspace: 87568K(93356K)->87568K(93356K) NonClass: 76523K(79392K)->76523K(79392K) Class: 11044K(13964K)->11044K(13964K)
[452.738s][info][gc             ] GC(1244) Pause Young (Allocation Failure) 818M->482M(8142M) 110.157ms
[452.738s][info][gc,cpu         ] GC(1244) User=0.28s Sys=0.00s Real=0.11s
[452.926s][info][gc,start       ] GC(1245) Pause Young (Allocation Failure)
[452.926s][info][gc,task        ] GC(1245) Using 6 workers of 6 for evacuation
[453.008s][info][gc,heap        ] GC(1245) ParNew: 460096K->51072K(460096K)
[453.008s][info][gc,heap        ] GC(1245) CMS: 442628K->499043K(7877440K)
[453.008s][info][gc,metaspace   ] GC(1245) Metaspace: 87568K(93356K)->87568K(93356K) NonClass: 76523K(79392K)->76523K(79392K) Class: 11044K(13964K)->11044K(13964K)
[453.008s][info][gc             ] GC(1245) Pause Young (Allocation Failure) 881M->537M(8142M) 81.773ms
[453.008s][info][gc,cpu         ] GC(1245) User=0.39s Sys=0.00s Real=0.08s
[453.197s][info][gc,start       ] GC(1246) Pause Young (Allocation Failure)
[453.197s][info][gc,task        ] GC(1246) Using 6 workers of 6 for evacuation
[453.270s][info][gc,heap        ] GC(1246) ParNew: 460096K->45920K(460096K)
[453.270s][info][gc,heap        ] GC(1246) CMS: 499043K->540503K(7877440K)
[453.270s][info][gc,metaspace   ] GC(1246) Metaspace: 87568K(93356K)->87568K(93356K) NonClass: 76523K(79392K)->76523K(79392K) Class: 11044K(13964K)->11044K(13964K)
[453.270s][info][gc             ] GC(1246) Pause Young (Allocation Failure) 936M->572M(8142M) 72.725ms
[453.270s][info][gc,cpu         ] GC(1246) User=0.39s Sys=0.00s Real=0.08s
[453.747s][info][gc,start       ] GC(1247) Pause Young (Allocation Failure)
[453.747s][info][gc,task        ] GC(1247) Using 6 workers of 6 for evacuation
[453.820s][info][gc,heap        ] GC(1247) ParNew: 454944K->34043K(460096K)
[453.820s][info][gc,heap        ] GC(1247) CMS: 540503K->567094K(7877440K)
[453.820s][info][gc,metaspace   ] GC(1247) Metaspace: 87568K(93356K)->87568K(93356K) NonClass: 76523K(79392K)->76523K(79392K) Class: 11044K(13964K)->11044K(13964K)
[453.821s][info][gc             ] GC(1247) Pause Young (Allocation Failure) 972M->587M(8142M) 73.669ms
[453.821s][info][gc,cpu         ] GC(1247) User=0.39s Sys=0.00s Real=0.08s
[454.143s][info][gc,start       ] GC(1248) Pause Young (Allocation Failure)
[454.144s][info][gc,task        ] GC(1248) Using 6 workers of 6 for evacuation
[454.203s][info][gc,heap        ] GC(1248) ParNew: 443067K->51072K(460096K)
[454.203s][info][gc,heap        ] GC(1248) CMS: 567094K->573114K(7877440K)
[454.203s][info][gc,metaspace   ] GC(1248) Metaspace: 87568K(93356K)->87568K(93356K) NonClass: 76523K(79392K)->76523K(79392K) Class: 11044K(13964K)->11044K(13964K)
[454.203s][info][gc             ] GC(1248) Pause Young (Allocation Failure) 986M->609M(8142M) 59.748ms
[454.203s][info][gc,cpu         ] GC(1248) User=0.30s Sys=0.00s Real=0.06s
[454.515s][info][gc,start       ] GC(1249) Pause Young (Allocation Failure)
[454.515s][info][gc,task        ] GC(1249) Using 6 workers of 6 for evacuation
[454.585s][info][gc,heap        ] GC(1249) ParNew: 460096K->51072K(460096K)
[454.585s][info][gc,heap        ] GC(1249) CMS: 573114K->599372K(7877440K)
[454.585s][info][gc,metaspace   ] GC(1249) Metaspace: 87568K(93356K)->87568K(93356K) NonClass: 76523K(79392K)->76523K(79392K) Class: 11044K(13964K)->11044K(13964K)
[454.585s][info][gc             ] GC(1249) Pause Young (Allocation Failure) 1008M->635M(8142M) 70.869ms
[454.585s][info][gc,cpu         ] GC(1249) User=0.23s Sys=0.00s Real=0.08s
[454.813s][info][gc,start       ] GC(1250) Pause Young (Allocation Failure)
[454.813s][info][gc,task        ] GC(1250) Using 6 workers of 6 for evacuation
[454.863s][info][gc,heap        ] GC(1250) ParNew: 460096K->51072K(460096K)
[454.863s][info][gc,heap        ] GC(1250) CMS: 599372K->603518K(7877440K)
[454.863s][info][gc,metaspace   ] GC(1250) Metaspace: 87568K(93356K)->87568K(93356K) NonClass: 76523K(79392K)->76523K(79392K) Class: 11044K(13964K)->11044K(13964K)
[454.863s][info][gc             ] GC(1250) Pause Young (Allocation Failure) 1034M->639M(8142M) 49.888ms
[454.863s][info][gc,cpu         ] GC(1250) User=0.06s Sys=0.00s Real=0.05s
[455.231s][info][gc,start       ] GC(1251) Pause Young (Allocation Failure)
[455.231s][info][gc,task        ] GC(1251) Using 6 workers of 6 for evacuation
[455.276s][info][gc,heap        ] GC(1251) ParNew: 460096K->51072K(460096K)
[455.276s][info][gc,heap        ] GC(1251) CMS: 603518K->624371K(7877440K)
[455.276s][info][gc,metaspace   ] GC(1251) Metaspace: 87568K(93356K)->87568K(93356K) NonClass: 76523K(79392K)->76523K(79392K) Class: 11044K(13964K)->11044K(13964K)
[455.276s][info][gc             ] GC(1251) Pause Young (Allocation Failure) 1038M->659M(8142M) 45.457ms
[455.276s][info][gc,cpu         ] GC(1251) User=0.05s Sys=0.00s Real=0.05s
[455.467s][info][gc,start       ] GC(1252) Pause Young (Allocation Failure)
[455.467s][info][gc,task        ] GC(1252) Using 6 workers of 6 for evacuation
[455.523s][info][gc,heap        ] GC(1252) ParNew: 460096K->51072K(460096K)
[455.523s][info][gc,heap        ] GC(1252) CMS: 624371K->654259K(7877440K)
[455.523s][info][gc,metaspace   ] GC(1252) Metaspace: 87575K(93356K)->87575K(93356K) NonClass: 76530K(79392K)->76530K(79392K) Class: 11044K(13964K)->11044K(13964K)
[455.523s][info][gc             ] GC(1252) Pause Young (Allocation Failure) 1059M->688M(8142M) 56.569ms
[455.523s][info][gc,cpu         ] GC(1252) User=0.25s Sys=0.00s Real=0.05s
[455.669s][info][gc,start       ] GC(1253) Pause Full (System.gc())
[455.672s][info][gc,phases,start] GC(1253) Phase 1: Mark live objects
[455.796s][info][gc,phases      ] GC(1253) Phase 1: Mark live objects 123.930ms
[455.796s][info][gc,phases,start] GC(1253) Phase 2: Compute new object addresses
[456.018s][info][gc,phases      ] GC(1253) Phase 2: Compute new object addresses 221.650ms
[456.018s][info][gc,phases,start] GC(1253) Phase 3: Adjust pointers
[456.097s][info][gc,phases      ] GC(1253) Phase 3: Adjust pointers 79.406ms
[456.097s][info][gc,phases,start] GC(1253) Phase 4: Move objects
[456.099s][info][gc,phases      ] GC(1253) Phase 4: Move objects 1.604ms
[456.105s][info][gc,heap        ] GC(1253) ParNew: 456628K->0K(460096K)
[456.105s][info][gc,heap        ] GC(1253) CMS: 654259K->169911K(7877440K)
[456.105s][info][gc,metaspace   ] GC(1253) Metaspace: 87575K(93356K)->87575K(93356K) NonClass: 76530K(79392K)->76530K(79392K) Class: 11044K(13964K)->11044K(13964K)
[456.105s][info][gc             ] GC(1253) Pause Full (System.gc()) 1084M->165M(8142M) 436.487ms
[456.105s][info][gc,cpu         ] GC(1253) User=0.42s Sys=0.00s Real=0.42s
[456.254s][info][gc,start       ] GC(1254) Pause Young (Allocation Failure)
[456.254s][info][gc,task        ] GC(1254) Using 6 workers of 6 for evacuation
[456.349s][info][gc,heap        ] GC(1254) ParNew: 409024K->51072K(460096K)
[456.349s][info][gc,heap        ] GC(1254) CMS: 169911K->229654K(7877440K)
[456.349s][info][gc,metaspace   ] GC(1254) Metaspace: 87575K(93356K)->87575K(93356K) NonClass: 76531K(79392K)->76531K(79392K) Class: 11044K(13964K)->11044K(13964K)
[456.349s][info][gc             ] GC(1254) Pause Young (Allocation Failure) 565M->274M(8142M) 95.078ms
[456.349s][info][gc,cpu         ] GC(1254) User=0.20s Sys=0.00s Real=0.10s
[456.523s][info][gc,start       ] GC(1255) Pause Young (Allocation Failure)
[456.523s][info][gc,task        ] GC(1255) Using 6 workers of 6 for evacuation
[456.598s][info][gc,heap        ] GC(1255) ParNew: 460096K->51072K(460096K)
[456.598s][info][gc,heap        ] GC(1255) CMS: 229654K->279311K(7877440K)
[456.598s][info][gc,metaspace   ] GC(1255) Metaspace: 87575K(93356K)->87575K(93356K) NonClass: 76531K(79392K)->76531K(79392K) Class: 11044K(13964K)->11044K(13964K)
[456.598s][info][gc             ] GC(1255) Pause Young (Allocation Failure) 673M->322M(8142M) 74.989ms
[456.598s][info][gc,cpu         ] GC(1255) User=0.38s Sys=0.00s Real=0.08s
[456.784s][info][gc,start       ] GC(1256) Pause Young (Allocation Failure)
[456.784s][info][gc,task        ] GC(1256) Using 6 workers of 6 for evacuation
[456.860s][info][gc,heap        ] GC(1256) ParNew: 460096K->51072K(460096K)
[456.860s][info][gc,heap        ] GC(1256) CMS: 279311K->319523K(7877440K)
[456.860s][info][gc,metaspace   ] GC(1256) Metaspace: 87577K(93356K)->87577K(93356K) NonClass: 76532K(79392K)->76532K(79392K) Class: 11044K(13964K)->11044K(13964K)
[456.860s][info][gc             ] GC(1256) Pause Young (Allocation Failure) 722M->361M(8142M) 76.458ms
[456.860s][info][gc,cpu         ] GC(1256) User=0.39s Sys=0.00s Real=0.08s
[457.054s][info][gc,start       ] GC(1257) Pause Young (Allocation Failure)
[457.054s][info][gc,task        ] GC(1257) Using 6 workers of 6 for evacuation
[457.126s][info][gc,heap        ] GC(1257) ParNew: 460096K->35851K(460096K)
[457.126s][info][gc,heap        ] GC(1257) CMS: 319523K->352372K(7877440K)
[457.126s][info][gc,metaspace   ] GC(1257) Metaspace: 87577K(93356K)->87577K(93356K) NonClass: 76532K(79392K)->76532K(79392K) Class: 11044K(13964K)->11044K(13964K)
[457.126s][info][gc             ] GC(1257) Pause Young (Allocation Failure) 761M->379M(8142M) 71.983ms
[457.126s][info][gc,cpu         ] GC(1257) User=0.38s Sys=0.00s Real=0.06s
[457.709s][info][gc,start       ] GC(1258) Pause Young (Allocation Failure)
[457.709s][info][gc,task        ] GC(1258) Using 6 workers of 6 for evacuation
[457.798s][info][gc,heap        ] GC(1258) ParNew: 444875K->51072K(460096K)
[457.798s][info][gc,heap        ] GC(1258) CMS: 352372K->378303K(7877440K)
[457.798s][info][gc,metaspace   ] GC(1258) Metaspace: 87577K(93356K)->87577K(93356K) NonClass: 76532K(79392K)->76532K(79392K) Class: 11044K(13964K)->11044K(13964K)
[457.798s][info][gc             ] GC(1258) Pause Young (Allocation Failure) 778M->419M(8142M) 89.062ms
[457.798s][info][gc,cpu         ] GC(1258) User=0.47s Sys=0.00s Real=0.08s
[457.924s][info][gc,start       ] GC(1259) Pause Young (Allocation Failure)
[457.925s][info][gc,task        ] GC(1259) Using 6 workers of 6 for evacuation
[458.035s][info][gc,heap        ] GC(1259) ParNew: 460096K->51072K(460096K)
[458.035s][info][gc,heap        ] GC(1259) CMS: 378303K->443506K(7877440K)
[458.035s][info][gc,metaspace   ] GC(1259) Metaspace: 87577K(93356K)->87577K(93356K) NonClass: 76532K(79392K)->76532K(79392K) Class: 11044K(13964K)->11044K(13964K)
[458.035s][info][gc             ] GC(1259) Pause Young (Allocation Failure) 818M->482M(8142M) 110.295ms
[458.035s][info][gc,cpu         ] GC(1259) User=0.16s Sys=0.00s Real=0.11s
[458.226s][info][gc,start       ] GC(1260) Pause Young (Allocation Failure)
[458.226s][info][gc,task        ] GC(1260) Using 6 workers of 6 for evacuation
[458.308s][info][gc,heap        ] GC(1260) ParNew: 460096K->51072K(460096K)
[458.308s][info][gc,heap        ] GC(1260) CMS: 443506K->499128K(7877440K)
[458.308s][info][gc,metaspace   ] GC(1260) Metaspace: 87577K(93356K)->87577K(93356K) NonClass: 76532K(79392K)->76532K(79392K) Class: 11044K(13964K)->11044K(13964K)
[458.308s][info][gc             ] GC(1260) Pause Young (Allocation Failure) 882M->537M(8142M) 81.758ms
[458.308s][info][gc,cpu         ] GC(1260) User=0.36s Sys=0.00s Real=0.09s
[458.495s][info][gc,start       ] GC(1261) Pause Young (Allocation Failure)
[458.495s][info][gc,task        ] GC(1261) Using 6 workers of 6 for evacuation
[458.566s][info][gc,heap        ] GC(1261) ParNew: 460096K->44208K(460096K)
[458.566s][info][gc,heap        ] GC(1261) CMS: 499128K->540128K(7877440K)
[458.566s][info][gc,metaspace   ] GC(1261) Metaspace: 87577K(93356K)->87577K(93356K) NonClass: 76532K(79392K)->76532K(79392K) Class: 11044K(13964K)->11044K(13964K)
[458.566s][info][gc             ] GC(1261) Pause Young (Allocation Failure) 936M->570M(8142M) 71.451ms
[458.566s][info][gc,cpu         ] GC(1261) User=0.38s Sys=0.00s Real=0.06s
[459.045s][info][gc,start       ] GC(1262) Pause Young (Allocation Failure)
[459.045s][info][gc,task        ] GC(1262) Using 6 workers of 6 for evacuation
[459.119s][info][gc,heap        ] GC(1262) ParNew: 453232K->33577K(460096K)
[459.119s][info][gc,heap        ] GC(1262) CMS: 540128K->566647K(7877440K)
[459.119s][info][gc,metaspace   ] GC(1262) Metaspace: 87577K(93356K)->87577K(93356K) NonClass: 76532K(79392K)->76532K(79392K) Class: 11044K(13964K)->11044K(13964K)
[459.119s][info][gc             ] GC(1262) Pause Young (Allocation Failure) 970M->586M(8142M) 74.891ms
[459.119s][info][gc,cpu         ] GC(1262) User=0.31s Sys=0.00s Real=0.06s
[459.453s][info][gc,start       ] GC(1263) Pause Young (Allocation Failure)
[459.453s][info][gc,task        ] GC(1263) Using 6 workers of 6 for evacuation
[459.511s][info][gc,heap        ] GC(1263) ParNew: 442601K->51072K(460096K)
[459.511s][info][gc,heap        ] GC(1263) CMS: 566647K->573094K(7877440K)
[459.511s][info][gc,metaspace   ] GC(1263) Metaspace: 87577K(93356K)->87577K(93356K) NonClass: 76532K(79392K)->76532K(79392K) Class: 11044K(13964K)->11044K(13964K)
[459.511s][info][gc             ] GC(1263) Pause Young (Allocation Failure) 985M->609M(8142M) 58.677ms
[459.511s][info][gc,cpu         ] GC(1263) User=0.28s Sys=0.00s Real=0.05s
[459.820s][info][gc,start       ] GC(1264) Pause Young (Allocation Failure)
[459.820s][info][gc,task        ] GC(1264) Using 6 workers of 6 for evacuation
[459.889s][info][gc,heap        ] GC(1264) ParNew: 460096K->37120K(460096K)
[459.889s][info][gc,heap        ] GC(1264) CMS: 573094K->599601K(7877440K)
[459.889s][info][gc,metaspace   ] GC(1264) Metaspace: 87577K(93356K)->87577K(93356K) NonClass: 76532K(79392K)->76532K(79392K) Class: 11044K(13964K)->11044K(13964K)
[459.889s][info][gc             ] GC(1264) Pause Young (Allocation Failure) 1008M->621M(8142M) 69.824ms
[459.889s][info][gc,cpu         ] GC(1264) User=0.22s Sys=0.00s Real=0.08s
[460.122s][info][gc,start       ] GC(1265) Pause Young (Allocation Failure)
[460.122s][info][gc,task        ] GC(1265) Using 6 workers of 6 for evacuation
[460.171s][info][gc,heap        ] GC(1265) ParNew: 446144K->51072K(460096K)
[460.171s][info][gc,heap        ] GC(1265) CMS: 599601K->604032K(7877440K)
[460.171s][info][gc,metaspace   ] GC(1265) Metaspace: 87577K(93356K)->87577K(93356K) NonClass: 76532K(79392K)->76532K(79392K) Class: 11044K(13964K)->11044K(13964K)
[460.171s][info][gc             ] GC(1265) Pause Young (Allocation Failure) 1021M->639M(8142M) 49.272ms
[460.171s][info][gc,cpu         ] GC(1265) User=0.16s Sys=0.00s Real=0.05s
[460.532s][info][gc,start       ] GC(1266) Pause Young (Allocation Failure)
[460.532s][info][gc,task        ] GC(1266) Using 6 workers of 6 for evacuation
[460.582s][info][gc,heap        ] GC(1266) ParNew: 460096K->51072K(460096K)
[460.583s][info][gc,heap        ] GC(1266) CMS: 604032K->629596K(7877440K)
[460.583s][info][gc,metaspace   ] GC(1266) Metaspace: 87577K(93356K)->87577K(93356K) NonClass: 76532K(79392K)->76532K(79392K) Class: 11044K(13964K)->11044K(13964K)
[460.583s][info][gc             ] GC(1266) Pause Young (Allocation Failure) 1039M->664M(8142M) 50.548ms
[460.583s][info][gc,cpu         ] GC(1266) User=0.11s Sys=0.00s Real=0.06s
[460.817s][info][gc,start       ] GC(1267) Pause Young (Allocation Failure)
[460.817s][info][gc,task        ] GC(1267) Using 6 workers of 6 for evacuation
[460.862s][info][gc,heap        ] GC(1267) ParNew: 460096K->51072K(460096K)
[460.862s][info][gc,heap        ] GC(1267) CMS: 629596K->646439K(7877440K)
[460.862s][info][gc,metaspace   ] GC(1267) Metaspace: 87577K(93356K)->87577K(93356K) NonClass: 76532K(79392K)->76532K(79392K) Class: 11044K(13964K)->11044K(13964K)
[460.862s][info][gc             ] GC(1267) Pause Young (Allocation Failure) 1064M->681M(8142M) 45.105ms
[460.862s][info][gc,cpu         ] GC(1267) User=0.19s Sys=0.00s Real=0.03s
[461.004s][info][gc,start       ] GC(1268) Pause Full (System.gc())
[461.006s][info][gc,phases,start] GC(1268) Phase 1: Mark live objects
[461.132s][info][gc,phases      ] GC(1268) Phase 1: Mark live objects 125.145ms
[461.132s][info][gc,phases,start] GC(1268) Phase 2: Compute new object addresses
[461.355s][info][gc,phases      ] GC(1268) Phase 2: Compute new object addresses 223.665ms
[461.355s][info][gc,phases,start] GC(1268) Phase 3: Adjust pointers
[461.435s][info][gc,phases      ] GC(1268) Phase 3: Adjust pointers 79.780ms
[461.435s][info][gc,phases,start] GC(1268) Phase 4: Move objects
[461.437s][info][gc,phases      ] GC(1268) Phase 4: Move objects 1.608ms
[461.443s][info][gc,heap        ] GC(1268) ParNew: 454701K->0K(460096K)
[461.443s][info][gc,heap        ] GC(1268) CMS: 646439K->169964K(7877440K)
[461.443s][info][gc,metaspace   ] GC(1268) Metaspace: 87577K(93356K)->87577K(93356K) NonClass: 76532K(79392K)->76532K(79392K) Class: 11044K(13964K)->11044K(13964K)
[461.443s][info][gc             ] GC(1268) Pause Full (System.gc()) 1075M->165M(8142M) 439.036ms
[461.444s][info][gc,cpu         ] GC(1268) User=0.41s Sys=0.02s Real=0.44s
[461.588s][info][gc,start       ] GC(1269) Pause Young (Allocation Failure)
[461.588s][info][gc,task        ] GC(1269) Using 6 workers of 6 for evacuation
[461.683s][info][gc,heap        ] GC(1269) ParNew: 409024K->51072K(460096K)
[461.683s][info][gc,heap        ] GC(1269) CMS: 169964K->229199K(7877440K)
[461.683s][info][gc,metaspace   ] GC(1269) Metaspace: 87577K(93356K)->87577K(93356K) NonClass: 76532K(79392K)->76532K(79392K) Class: 11044K(13964K)->11044K(13964K)
[461.683s][info][gc             ] GC(1269) Pause Young (Allocation Failure) 565M->273M(8142M) 95.087ms
[461.683s][info][gc,cpu         ] GC(1269) User=0.14s Sys=0.00s Real=0.09s
[461.855s][info][gc,start       ] GC(1270) Pause Young (Allocation Failure)
[461.855s][info][gc,task        ] GC(1270) Using 6 workers of 6 for evacuation
[461.929s][info][gc,heap        ] GC(1270) ParNew: 460096K->51072K(460096K)
[461.929s][info][gc,heap        ] GC(1270) CMS: 229199K->278313K(7877440K)
[461.929s][info][gc,metaspace   ] GC(1270) Metaspace: 87577K(93356K)->87577K(93356K) NonClass: 76532K(79392K)->76532K(79392K) Class: 11044K(13964K)->11044K(13964K)
[461.929s][info][gc             ] GC(1270) Pause Young (Allocation Failure) 673M->321M(8142M) 73.915ms
[461.929s][info][gc,cpu         ] GC(1270) User=0.19s Sys=0.00s Real=0.06s
[462.113s][info][gc,start       ] GC(1271) Pause Young (Allocation Failure)
[462.114s][info][gc,task        ] GC(1271) Using 6 workers of 6 for evacuation
[462.192s][info][gc,heap        ] GC(1271) ParNew: 460096K->51072K(460096K)
[462.192s][info][gc,heap        ] GC(1271) CMS: 278313K->318779K(7877440K)
[462.192s][info][gc,metaspace   ] GC(1271) Metaspace: 87577K(93356K)->87577K(93356K) NonClass: 76532K(79392K)->76532K(79392K) Class: 11044K(13964K)->11044K(13964K)
[462.192s][info][gc             ] GC(1271) Pause Young (Allocation Failure) 721M->361M(8142M) 78.766ms
[462.192s][info][gc,cpu         ] GC(1271) User=0.38s Sys=0.00s Real=0.08s
[462.387s][info][gc,start       ] GC(1272) Pause Young (Allocation Failure)
[462.387s][info][gc,task        ] GC(1272) Using 6 workers of 6 for evacuation
[462.459s][info][gc,heap        ] GC(1272) ParNew: 460096K->35928K(460096K)
[462.459s][info][gc,heap        ] GC(1272) CMS: 318779K->351684K(7877440K)
[462.459s][info][gc,metaspace   ] GC(1272) Metaspace: 87577K(93356K)->87577K(93356K) NonClass: 76532K(79392K)->76532K(79392K) Class: 11044K(13964K)->11044K(13964K)
[462.459s][info][gc             ] GC(1272) Pause Young (Allocation Failure) 760M->378M(8142M) 72.185ms
[462.459s][info][gc,cpu         ] GC(1272) User=0.34s Sys=0.00s Real=0.06s
[463.036s][info][gc,start       ] GC(1273) Pause Young (Allocation Failure)
[463.036s][info][gc,task        ] GC(1273) Using 6 workers of 6 for evacuation
[463.125s][info][gc,heap        ] GC(1273) ParNew: 444952K->51072K(460096K)
[463.125s][info][gc,heap        ] GC(1273) CMS: 351684K->377469K(7877440K)
[463.125s][info][gc,metaspace   ] GC(1273) Metaspace: 87577K(93356K)->87577K(93356K) NonClass: 76532K(79392K)->76532K(79392K) Class: 11044K(13964K)->11044K(13964K)
[463.125s][info][gc             ] GC(1273) Pause Young (Allocation Failure) 777M->418M(8142M) 89.505ms
[463.125s][info][gc,cpu         ] GC(1273) User=0.33s Sys=0.00s Real=0.09s
[463.253s][info][gc,start       ] GC(1274) Pause Young (Allocation Failure)
[463.253s][info][gc,task        ] GC(1274) Using 6 workers of 6 for evacuation
[463.358s][info][gc,heap        ] GC(1274) ParNew: 460096K->51072K(460096K)
[463.359s][info][gc,heap        ] GC(1274) CMS: 377469K->442115K(7877440K)
[463.359s][info][gc,metaspace   ] GC(1274) Metaspace: 87577K(93356K)->87577K(93356K) NonClass: 76532K(79392K)->76532K(79392K) Class: 11044K(13964K)->11044K(13964K)
[463.359s][info][gc             ] GC(1274) Pause Young (Allocation Failure) 817M->481M(8142M) 105.736ms
[463.359s][info][gc,cpu         ] GC(1274) User=0.34s Sys=0.00s Real=0.11s
[463.541s][info][gc,start       ] GC(1275) Pause Young (Allocation Failure)
[463.541s][info][gc,task        ] GC(1275) Using 6 workers of 6 for evacuation
[463.623s][info][gc,heap        ] GC(1275) ParNew: 460096K->51072K(460096K)
[463.623s][info][gc,heap        ] GC(1275) CMS: 442115K->500994K(7877440K)
[463.623s][info][gc,metaspace   ] GC(1275) Metaspace: 87577K(93356K)->87577K(93356K) NonClass: 76532K(79392K)->76532K(79392K) Class: 11044K(13964K)->11044K(13964K)
[463.623s][info][gc             ] GC(1275) Pause Young (Allocation Failure) 881M->539M(8142M) 82.489ms
[463.623s][info][gc,cpu         ] GC(1275) User=0.44s Sys=0.00s Real=0.08s
[463.810s][info][gc,start       ] GC(1276) Pause Young (Allocation Failure)
[463.810s][info][gc,task        ] GC(1276) Using 6 workers of 6 for evacuation
[463.885s][info][gc,heap        ] GC(1276) ParNew: 460096K->45248K(460096K)
[463.885s][info][gc,heap        ] GC(1276) CMS: 500994K->539506K(7877440K)
[463.885s][info][gc,metaspace   ] GC(1276) Metaspace: 87577K(93356K)->87577K(93356K) NonClass: 76532K(79392K)->76532K(79392K) Class: 11044K(13964K)->11044K(13964K)
[463.885s][info][gc             ] GC(1276) Pause Young (Allocation Failure) 938M->571M(8142M) 74.912ms
[463.885s][info][gc,cpu         ] GC(1276) User=0.34s Sys=0.00s Real=0.07s
[464.335s][info][gc,start       ] GC(1277) Pause Young (Allocation Failure)
[464.335s][info][gc,task        ] GC(1277) Using 6 workers of 6 for evacuation
[464.410s][info][gc,heap        ] GC(1277) ParNew: 454272K->33763K(460096K)
[464.410s][info][gc,heap        ] GC(1277) CMS: 539506K->565865K(7877440K)
[464.410s][info][gc,metaspace   ] GC(1277) Metaspace: 87577K(93356K)->87577K(93356K) NonClass: 76532K(79392K)->76532K(79392K) Class: 11044K(13964K)->11044K(13964K)
[464.410s][info][gc             ] GC(1277) Pause Young (Allocation Failure) 970M->585M(8142M) 74.615ms
[464.410s][info][gc,cpu         ] GC(1277) User=0.36s Sys=0.00s Real=0.08s
[464.748s][info][gc,start       ] GC(1278) Pause Young (Allocation Failure)
[464.749s][info][gc,task        ] GC(1278) Using 6 workers of 6 for evacuation
[464.806s][info][gc,heap        ] GC(1278) ParNew: 442787K->51072K(460096K)
[464.806s][info][gc,heap        ] GC(1278) CMS: 565865K->573257K(7877440K)
[464.806s][info][gc,metaspace   ] GC(1278) Metaspace: 87577K(93356K)->87577K(93356K) NonClass: 76532K(79392K)->76532K(79392K) Class: 11044K(13964K)->11044K(13964K)
[464.806s][info][gc             ] GC(1278) Pause Young (Allocation Failure) 985M->609M(8142M) 57.225ms
[464.806s][info][gc,cpu         ] GC(1278) User=0.30s Sys=0.00s Real=0.06s
[465.116s][info][gc,start       ] GC(1279) Pause Young (Allocation Failure)
[465.116s][info][gc,task        ] GC(1279) Using 6 workers of 6 for evacuation
[465.187s][info][gc,heap        ] GC(1279) ParNew: 460096K->51072K(460096K)
[465.187s][info][gc,heap        ] GC(1279) CMS: 573257K->600271K(7877440K)
[465.187s][info][gc,metaspace   ] GC(1279) Metaspace: 87577K(93356K)->87577K(93356K) NonClass: 76532K(79392K)->76532K(79392K) Class: 11044K(13964K)->11044K(13964K)
[465.187s][info][gc             ] GC(1279) Pause Young (Allocation Failure) 1009M->636M(8142M) 71.560ms
[465.187s][info][gc,cpu         ] GC(1279) User=0.31s Sys=0.00s Real=0.06s
[465.418s][info][gc,start       ] GC(1280) Pause Young (Allocation Failure)
[465.418s][info][gc,task        ] GC(1280) Using 6 workers of 6 for evacuation
[465.466s][info][gc,heap        ] GC(1280) ParNew: 460096K->51072K(460096K)
[465.466s][info][gc,heap        ] GC(1280) CMS: 600271K->604261K(7877440K)
[465.466s][info][gc,metaspace   ] GC(1280) Metaspace: 87577K(93356K)->87577K(93356K) NonClass: 76532K(79392K)->76532K(79392K) Class: 11044K(13964K)->11044K(13964K)
[465.466s][info][gc             ] GC(1280) Pause Young (Allocation Failure) 1035M->639M(8142M) 48.467ms
[465.466s][info][gc,cpu         ] GC(1280) User=0.11s Sys=0.00s Real=0.05s
[465.843s][info][gc,start       ] GC(1281) Pause Young (Allocation Failure)
[465.843s][info][gc,task        ] GC(1281) Using 6 workers of 6 for evacuation
[465.886s][info][gc,heap        ] GC(1281) ParNew: 460096K->51072K(460096K)
[465.886s][info][gc,heap        ] GC(1281) CMS: 604261K->618564K(7877440K)
[465.886s][info][gc,metaspace   ] GC(1281) Metaspace: 87577K(93356K)->87577K(93356K) NonClass: 76532K(79392K)->76532K(79392K) Class: 11044K(13964K)->11044K(13964K)
[465.886s][info][gc             ] GC(1281) Pause Young (Allocation Failure) 1039M->653M(8142M) 43.334ms
[465.886s][info][gc,cpu         ] GC(1281) User=0.11s Sys=0.00s Real=0.05s
[466.066s][info][gc,start       ] GC(1282) Pause Young (Allocation Failure)
[466.066s][info][gc,task        ] GC(1282) Using 6 workers of 6 for evacuation
[466.112s][info][gc,heap        ] GC(1282) ParNew: 460096K->51072K(460096K)
[466.112s][info][gc,heap        ] GC(1282) CMS: 618564K->633301K(7877440K)
[466.112s][info][gc,metaspace   ] GC(1282) Metaspace: 87577K(93356K)->87577K(93356K) NonClass: 76532K(79392K)->76532K(79392K) Class: 11044K(13964K)->11044K(13964K)
[466.112s][info][gc             ] GC(1282) Pause Young (Allocation Failure) 1053M->668M(8142M) 46.194ms
[466.112s][info][gc,cpu         ] GC(1282) User=0.17s Sys=0.00s Real=0.05s
[466.258s][info][gc,start       ] GC(1283) Pause Young (Allocation Failure)
[466.258s][info][gc,task        ] GC(1283) Using 6 workers of 6 for evacuation
[466.469s][info][gc,heap        ] GC(1283) ParNew: 460096K->51072K(460096K)
[466.469s][info][gc,heap        ] GC(1283) CMS: 633301K->697971K(7877440K)
[466.469s][info][gc,metaspace   ] GC(1283) Metaspace: 87577K(93356K)->87577K(93356K) NonClass: 76532K(79392K)->76532K(79392K) Class: 11044K(13964K)->11044K(13964K)
[466.469s][info][gc             ] GC(1283) Pause Young (Allocation Failure) 1067M->731M(8142M) 210.994ms
[466.469s][info][gc,cpu         ] GC(1283) User=1.02s Sys=0.00s Real=0.22s
[466.473s][info][gc,start       ] GC(1284) Pause Full (System.gc())
[466.476s][info][gc,phases,start] GC(1284) Phase 1: Mark live objects
[466.600s][info][gc,phases      ] GC(1284) Phase 1: Mark live objects 123.449ms
[466.600s][info][gc,phases,start] GC(1284) Phase 2: Compute new object addresses
[466.777s][info][gc,phases      ] GC(1284) Phase 2: Compute new object addresses 176.888ms
[466.777s][info][gc,phases,start] GC(1284) Phase 3: Adjust pointers
[466.857s][info][gc,phases      ] GC(1284) Phase 3: Adjust pointers 79.956ms
[466.857s][info][gc,phases,start] GC(1284) Phase 4: Move objects
[466.858s][info][gc,phases      ] GC(1284) Phase 4: Move objects 1.671ms
[466.864s][info][gc,heap        ] GC(1284) ParNew: 55369K->0K(460096K)
[466.864s][info][gc,heap        ] GC(1284) CMS: 697971K->170019K(7877440K)
[466.864s][info][gc,metaspace   ] GC(1284) Metaspace: 87577K(93356K)->87577K(93356K) NonClass: 76532K(79392K)->76532K(79392K) Class: 11044K(13964K)->11044K(13964K)
[466.865s][info][gc             ] GC(1284) Pause Full (System.gc()) 735M->166M(8142M) 392.265ms
[466.865s][info][gc,cpu         ] GC(1284) User=0.38s Sys=0.00s Real=0.39s
[467.011s][info][gc,start       ] GC(1285) Pause Young (Allocation Failure)
[467.011s][info][gc,task        ] GC(1285) Using 6 workers of 6 for evacuation
[467.107s][info][gc,heap        ] GC(1285) ParNew: 409024K->51072K(460096K)
[467.107s][info][gc,heap        ] GC(1285) CMS: 170019K->230641K(7877440K)
[467.107s][info][gc,metaspace   ] GC(1285) Metaspace: 87579K(93356K)->87579K(93356K) NonClass: 76534K(79392K)->76534K(79392K) Class: 11044K(13964K)->11044K(13964K)
[467.107s][info][gc             ] GC(1285) Pause Young (Allocation Failure) 565M->275M(8142M) 96.201ms
[467.107s][info][gc,cpu         ] GC(1285) User=0.25s Sys=0.00s Real=0.09s
[467.286s][info][gc,start       ] GC(1286) Pause Young (Allocation Failure)
[467.286s][info][gc,task        ] GC(1286) Using 6 workers of 6 for evacuation
[467.360s][info][gc,heap        ] GC(1286) ParNew: 458383K->51072K(460096K)
[467.360s][info][gc,heap        ] GC(1286) CMS: 230641K->279343K(7877440K)
[467.360s][info][gc,metaspace   ] GC(1286) Metaspace: 87579K(93356K)->87579K(93356K) NonClass: 76534K(79392K)->76534K(79392K) Class: 11044K(13964K)->11044K(13964K)
[467.360s][info][gc             ] GC(1286) Pause Young (Allocation Failure) 672M->322M(8142M) 73.906ms
[467.360s][info][gc,cpu         ] GC(1286) User=0.27s Sys=0.00s Real=0.08s
[467.545s][info][gc,start       ] GC(1287) Pause Young (Allocation Failure)
[467.546s][info][gc,task        ] GC(1287) Using 6 workers of 6 for evacuation
[467.622s][info][gc,heap        ] GC(1287) ParNew: 460096K->51072K(460096K)
[467.622s][info][gc,heap        ] GC(1287) CMS: 279343K->313595K(7877440K)
[467.622s][info][gc,metaspace   ] GC(1287) Metaspace: 87579K(93356K)->87579K(93356K) NonClass: 76534K(79392K)->76534K(79392K) Class: 11044K(13964K)->11044K(13964K)
[467.622s][info][gc             ] GC(1287) Pause Young (Allocation Failure) 722M->356M(8142M) 76.785ms
[467.622s][info][gc,cpu         ] GC(1287) User=0.44s Sys=0.00s Real=0.08s
[467.819s][info][gc,start       ] GC(1288) Pause Young (Allocation Failure)
[467.819s][info][gc,task        ] GC(1288) Using 6 workers of 6 for evacuation
[467.888s][info][gc,heap        ] GC(1288) ParNew: 460096K->33173K(460096K)
[467.888s][info][gc,heap        ] GC(1288) CMS: 313595K->353247K(7877440K)
[467.888s][info][gc,metaspace   ] GC(1288) Metaspace: 87579K(93356K)->87579K(93356K) NonClass: 76534K(79392K)->76534K(79392K) Class: 11044K(13964K)->11044K(13964K)
[467.888s][info][gc             ] GC(1288) Pause Young (Allocation Failure) 755M->377M(8142M) 68.983ms
[467.888s][info][gc,cpu         ] GC(1288) User=0.38s Sys=0.00s Real=0.06s
[468.487s][info][gc,start       ] GC(1289) Pause Young (Allocation Failure)
[468.487s][info][gc,task        ] GC(1289) Using 6 workers of 6 for evacuation
[468.578s][info][gc,heap        ] GC(1289) ParNew: 442197K->51072K(460096K)
[468.578s][info][gc,heap        ] GC(1289) CMS: 353247K->379450K(7877440K)
[468.578s][info][gc,metaspace   ] GC(1289) Metaspace: 87579K(93356K)->87579K(93356K) NonClass: 76534K(79392K)->76534K(79392K) Class: 11044K(13964K)->11044K(13964K)
[468.578s][info][gc             ] GC(1289) Pause Young (Allocation Failure) 776M->420M(8142M) 90.909ms
[468.578s][info][gc,cpu         ] GC(1289) User=0.53s Sys=0.00s Real=0.09s
[468.705s][info][gc,start       ] GC(1290) Pause Young (Allocation Failure)
[468.705s][info][gc,task        ] GC(1290) Using 6 workers of 6 for evacuation
[468.812s][info][gc,heap        ] GC(1290) ParNew: 460096K->51072K(460096K)
[468.812s][info][gc,heap        ] GC(1290) CMS: 379450K->444164K(7877440K)
[468.812s][info][gc,metaspace   ] GC(1290) Metaspace: 87579K(93356K)->87579K(93356K) NonClass: 76534K(79392K)->76534K(79392K) Class: 11044K(13964K)->11044K(13964K)
[468.812s][info][gc             ] GC(1290) Pause Young (Allocation Failure) 819M->483M(8142M) 107.331ms
[468.812s][info][gc,cpu         ] GC(1290) User=0.19s Sys=0.00s Real=0.11s
[468.996s][info][gc,start       ] GC(1291) Pause Young (Allocation Failure)
[468.996s][info][gc,task        ] GC(1291) Using 6 workers of 6 for evacuation
[469.083s][info][gc,heap        ] GC(1291) ParNew: 460096K->51072K(460096K)
[469.083s][info][gc,heap        ] GC(1291) CMS: 444164K->503617K(7877440K)
[469.083s][info][gc,metaspace   ] GC(1291) Metaspace: 87579K(93356K)->87579K(93356K) NonClass: 76534K(79392K)->76534K(79392K) Class: 11044K(13964K)->11044K(13964K)
[469.083s][info][gc             ] GC(1291) Pause Young (Allocation Failure) 883M->541M(8142M) 86.686ms
[469.083s][info][gc,cpu         ] GC(1291) User=0.31s Sys=0.00s Real=0.08s
[469.269s][info][gc,start       ] GC(1292) Pause Young (Allocation Failure)
[469.269s][info][gc,task        ] GC(1292) Using 6 workers of 6 for evacuation
[469.343s][info][gc,heap        ] GC(1292) ParNew: 460096K->43471K(460096K)
[469.343s][info][gc,heap        ] GC(1292) CMS: 503617K->547003K(7877440K)
[469.343s][info][gc,metaspace   ] GC(1292) Metaspace: 87579K(93356K)->87579K(93356K) NonClass: 76534K(79392K)->76534K(79392K) Class: 11044K(13964K)->11044K(13964K)
[469.343s][info][gc             ] GC(1292) Pause Young (Allocation Failure) 941M->576M(8142M) 73.635ms
[469.343s][info][gc,cpu         ] GC(1292) User=0.39s Sys=0.00s Real=0.08s
[469.805s][info][gc,start       ] GC(1293) Pause Young (Allocation Failure)
[469.805s][info][gc,task        ] GC(1293) Using 6 workers of 6 for evacuation
[469.880s][info][gc,heap        ] GC(1293) ParNew: 452495K->33322K(460096K)
[469.880s][info][gc,heap        ] GC(1293) CMS: 547003K->573427K(7877440K)
[469.880s][info][gc,metaspace   ] GC(1293) Metaspace: 87579K(93356K)->87579K(93356K) NonClass: 76534K(79392K)->76534K(79392K) Class: 11044K(13964K)->11044K(13964K)
[469.880s][info][gc             ] GC(1293) Pause Young (Allocation Failure) 976M->592M(8142M) 75.177ms
[469.880s][info][gc,cpu         ] GC(1293) User=0.45s Sys=0.00s Real=0.08s
[470.212s][info][gc,start       ] GC(1294) Pause Young (Allocation Failure)
[470.212s][info][gc,task        ] GC(1294) Using 6 workers of 6 for evacuation
[470.270s][info][gc,heap        ] GC(1294) ParNew: 442346K->51072K(460096K)
[470.270s][info][gc,heap        ] GC(1294) CMS: 573427K->580032K(7877440K)
[470.270s][info][gc,metaspace   ] GC(1294) Metaspace: 87583K(93356K)->87583K(93356K) NonClass: 76538K(79392K)->76538K(79392K) Class: 11044K(13964K)->11044K(13964K)
[470.270s][info][gc             ] GC(1294) Pause Young (Allocation Failure) 991M->616M(8142M) 58.038ms
[470.271s][info][gc,cpu         ] GC(1294) User=0.33s Sys=0.00s Real=0.06s
[470.579s][info][gc,start       ] GC(1295) Pause Young (Allocation Failure)
[470.579s][info][gc,task        ] GC(1295) Using 6 workers of 6 for evacuation
[470.648s][info][gc,heap        ] GC(1295) ParNew: 460096K->43125K(460096K)
[470.648s][info][gc,heap        ] GC(1295) CMS: 580032K->606488K(7877440K)
[470.648s][info][gc,metaspace   ] GC(1295) Metaspace: 87583K(93356K)->87583K(93356K) NonClass: 76538K(79392K)->76538K(79392K) Class: 11044K(13964K)->11044K(13964K)
[470.648s][info][gc             ] GC(1295) Pause Young (Allocation Failure) 1015M->634M(8142M) 69.131ms
[470.648s][info][gc,cpu         ] GC(1295) User=0.17s Sys=0.00s Real=0.06s
[470.876s][info][gc,start       ] GC(1296) Pause Young (Allocation Failure)
[470.876s][info][gc,task        ] GC(1296) Using 6 workers of 6 for evacuation
[470.926s][info][gc,heap        ] GC(1296) ParNew: 452149K->51072K(460096K)
[470.926s][info][gc,heap        ] GC(1296) CMS: 606488K->611187K(7877440K)
[470.926s][info][gc,metaspace   ] GC(1296) Metaspace: 87583K(93356K)->87583K(93356K) NonClass: 76538K(79392K)->76538K(79392K) Class: 11044K(13964K)->11044K(13964K)
[470.926s][info][gc             ] GC(1296) Pause Young (Allocation Failure) 1033M->646M(8142M) 49.639ms
[470.926s][info][gc,cpu         ] GC(1296) User=0.09s Sys=0.00s Real=0.05s
[471.291s][info][gc,start       ] GC(1297) Pause Young (Allocation Failure)
[471.291s][info][gc,task        ] GC(1297) Using 6 workers of 6 for evacuation
[471.333s][info][gc,heap        ] GC(1297) ParNew: 460096K->51072K(460096K)
[471.333s][info][gc,heap        ] GC(1297) CMS: 611187K->624475K(7877440K)
[471.333s][info][gc,metaspace   ] GC(1297) Metaspace: 87583K(93356K)->87583K(93356K) NonClass: 76538K(79392K)->76538K(79392K) Class: 11044K(13964K)->11044K(13964K)
[471.333s][info][gc             ] GC(1297) Pause Young (Allocation Failure) 1046M->659M(8142M) 41.878ms
[471.333s][info][gc,cpu         ] GC(1297) User=0.09s Sys=0.00s Real=0.05s
[471.539s][info][gc,start       ] GC(1298) Pause Young (Allocation Failure)
[471.539s][info][gc,task        ] GC(1298) Using 6 workers of 6 for evacuation
[471.586s][info][gc,heap        ] GC(1298) ParNew: 460096K->51072K(460096K)
[471.587s][info][gc,heap        ] GC(1298) CMS: 624475K->642589K(7877440K)
[471.587s][info][gc,metaspace   ] GC(1298) Metaspace: 87583K(93356K)->87583K(93356K) NonClass: 76538K(79392K)->76538K(79392K) Class: 11044K(13964K)->11044K(13964K)
[471.587s][info][gc             ] GC(1298) Pause Young (Allocation Failure) 1059M->677M(8142M) 47.544ms
[471.587s][info][gc,cpu         ] GC(1298) User=0.16s Sys=0.00s Real=0.05s
[471.734s][info][gc,start       ] GC(1299) Pause Full (System.gc())
[471.736s][info][gc,phases,start] GC(1299) Phase 1: Mark live objects
[471.861s][info][gc,phases      ] GC(1299) Phase 1: Mark live objects 124.746ms
[471.861s][info][gc,phases,start] GC(1299) Phase 2: Compute new object addresses
[472.084s][info][gc,phases      ] GC(1299) Phase 2: Compute new object addresses 222.849ms
[472.084s][info][gc,phases,start] GC(1299) Phase 3: Adjust pointers
[472.165s][info][gc,phases      ] GC(1299) Phase 3: Adjust pointers 81.438ms
[472.165s][info][gc,phases,start] GC(1299) Phase 4: Move objects
[472.167s][info][gc,phases      ] GC(1299) Phase 4: Move objects 1.684ms
[472.173s][info][gc,heap        ] GC(1299) ParNew: 452696K->0K(460096K)
[472.173s][info][gc,heap        ] GC(1299) CMS: 642589K->170072K(7877440K)
[472.173s][info][gc,metaspace   ] GC(1299) Metaspace: 87583K(93356K)->87583K(93356K) NonClass: 76538K(79392K)->76538K(79392K) Class: 11044K(13964K)->11044K(13964K)
[472.174s][info][gc             ] GC(1299) Pause Full (System.gc()) 1069M->166M(8142M) 439.840ms
[472.174s][info][gc,cpu         ] GC(1299) User=0.44s Sys=0.00s Real=0.44s
[472.319s][info][gc,start       ] GC(1300) Pause Young (Allocation Failure)
[472.319s][info][gc,task        ] GC(1300) Using 6 workers of 6 for evacuation
[472.427s][info][gc,heap        ] GC(1300) ParNew: 409024K->51072K(460096K)
[472.428s][info][gc,heap        ] GC(1300) CMS: 170072K->229380K(7877440K)
[472.428s][info][gc,metaspace   ] GC(1300) Metaspace: 87587K(93356K)->87587K(93356K) NonClass: 76543K(79392K)->76543K(79392K) Class: 11044K(13964K)->11044K(13964K)
[472.428s][info][gc             ] GC(1300) Pause Young (Allocation Failure) 565M->273M(8142M) 108.903ms
[472.428s][info][gc,cpu         ] GC(1300) User=0.14s Sys=0.00s Real=0.12s
[472.604s][info][gc,start       ] GC(1301) Pause Young (Allocation Failure)
[472.604s][info][gc,task        ] GC(1301) Using 6 workers of 6 for evacuation
[472.679s][info][gc,heap        ] GC(1301) ParNew: 460096K->51072K(460096K)
[472.679s][info][gc,heap        ] GC(1301) CMS: 229380K->279751K(7877440K)
[472.679s][info][gc,metaspace   ] GC(1301) Metaspace: 87587K(93356K)->87587K(93356K) NonClass: 76543K(79392K)->76543K(79392K) Class: 11044K(13964K)->11044K(13964K)
[472.679s][info][gc             ] GC(1301) Pause Young (Allocation Failure) 673M->323M(8142M) 75.132ms
[472.679s][info][gc,cpu         ] GC(1301) User=0.27s Sys=0.00s Real=0.06s
[472.864s][info][gc,start       ] GC(1302) Pause Young (Allocation Failure)
[472.864s][info][gc,task        ] GC(1302) Using 6 workers of 6 for evacuation
[472.941s][info][gc,heap        ] GC(1302) ParNew: 460096K->51072K(460096K)
[472.941s][info][gc,heap        ] GC(1302) CMS: 279751K->318605K(7877440K)
[472.941s][info][gc,metaspace   ] GC(1302) Metaspace: 87587K(93356K)->87587K(93356K) NonClass: 76543K(79392K)->76543K(79392K) Class: 11044K(13964K)->11044K(13964K)
[472.941s][info][gc             ] GC(1302) Pause Young (Allocation Failure) 722M->361M(8142M) 76.661ms
[472.941s][info][gc,cpu         ] GC(1302) User=0.39s Sys=0.00s Real=0.08s
[473.138s][info][gc,start       ] GC(1303) Pause Young (Allocation Failure)
[473.138s][info][gc,task        ] GC(1303) Using 6 workers of 6 for evacuation
[473.208s][info][gc,heap        ] GC(1303) ParNew: 460096K->30495K(460096K)
[473.208s][info][gc,heap        ] GC(1303) CMS: 318605K->353395K(7877440K)
[473.208s][info][gc,metaspace   ] GC(1303) Metaspace: 87587K(93356K)->87587K(93356K) NonClass: 76543K(79392K)->76543K(79392K) Class: 11044K(13964K)->11044K(13964K)
[473.208s][info][gc             ] GC(1303) Pause Young (Allocation Failure) 760M->374M(8142M) 70.138ms
[473.208s][info][gc,cpu         ] GC(1303) User=0.36s Sys=0.00s Real=0.06s
[473.793s][info][gc,start       ] GC(1304) Pause Young (Allocation Failure)
[473.793s][info][gc,task        ] GC(1304) Using 6 workers of 6 for evacuation
[473.885s][info][gc,heap        ] GC(1304) ParNew: 439519K->51072K(460096K)
[473.885s][info][gc,heap        ] GC(1304) CMS: 353395K->378735K(7877440K)
[473.885s][info][gc,metaspace   ] GC(1304) Metaspace: 87590K(93356K)->87590K(93356K) NonClass: 76545K(79392K)->76545K(79392K) Class: 11044K(13964K)->11044K(13964K)
[473.885s][info][gc             ] GC(1304) Pause Young (Allocation Failure) 774M->419M(8142M) 91.476ms
[473.885s][info][gc,cpu         ] GC(1304) User=0.45s Sys=0.00s Real=0.09s
[474.011s][info][gc,start       ] GC(1305) Pause Young (Allocation Failure)
[474.011s][info][gc,task        ] GC(1305) Using 6 workers of 6 for evacuation
[474.121s][info][gc,heap        ] GC(1305) ParNew: 460096K->51072K(460096K)
[474.121s][info][gc,heap        ] GC(1305) CMS: 378735K->443041K(7877440K)
[474.121s][info][gc,metaspace   ] GC(1305) Metaspace: 87590K(93356K)->87590K(93356K) NonClass: 76545K(79392K)->76545K(79392K) Class: 11044K(13964K)->11044K(13964K)
[474.121s][info][gc             ] GC(1305) Pause Young (Allocation Failure) 819M->482M(8142M) 110.342ms
[474.121s][info][gc,cpu         ] GC(1305) User=0.19s Sys=0.00s Real=0.11s
[474.311s][info][gc,start       ] GC(1306) Pause Young (Allocation Failure)
[474.311s][info][gc,task        ] GC(1306) Using 6 workers of 6 for evacuation
[474.395s][info][gc,heap        ] GC(1306) ParNew: 460096K->51072K(460096K)
[474.395s][info][gc,heap        ] GC(1306) CMS: 443041K->499345K(7877440K)
[474.395s][info][gc,metaspace   ] GC(1306) Metaspace: 87590K(93356K)->87590K(93356K) NonClass: 76545K(79392K)->76545K(79392K) Class: 11044K(13964K)->11044K(13964K)
[474.395s][info][gc             ] GC(1306) Pause Young (Allocation Failure) 881M->537M(8142M) 83.779ms
[474.395s][info][gc,cpu         ] GC(1306) User=0.45s Sys=0.00s Real=0.09s
[474.580s][info][gc,start       ] GC(1307) Pause Young (Allocation Failure)
[474.580s][info][gc,task        ] GC(1307) Using 6 workers of 6 for evacuation
[474.651s][info][gc,heap        ] GC(1307) ParNew: 460096K->45376K(460096K)
[474.651s][info][gc,heap        ] GC(1307) CMS: 499345K->539881K(7877440K)
[474.651s][info][gc,metaspace   ] GC(1307) Metaspace: 87590K(93356K)->87590K(93356K) NonClass: 76545K(79392K)->76545K(79392K) Class: 11044K(13964K)->11044K(13964K)
[474.652s][info][gc             ] GC(1307) Pause Young (Allocation Failure) 936M->571M(8142M) 71.558ms
[474.652s][info][gc,cpu         ] GC(1307) User=0.38s Sys=0.00s Real=0.06s
[475.127s][info][gc,start       ] GC(1308) Pause Young (Allocation Failure)
[475.127s][info][gc,task        ] GC(1308) Using 6 workers of 6 for evacuation
[475.211s][info][gc,heap        ] GC(1308) ParNew: 454400K->33913K(460096K)
[475.211s][info][gc,heap        ] GC(1308) CMS: 539881K->566450K(7877440K)
[475.211s][info][gc,metaspace   ] GC(1308) Metaspace: 87590K(93356K)->87590K(93356K) NonClass: 76545K(79392K)->76545K(79392K) Class: 11044K(13964K)->11044K(13964K)
[475.211s][info][gc             ] GC(1308) Pause Young (Allocation Failure) 970M->586M(8142M) 84.583ms
[475.211s][info][gc,cpu         ] GC(1308) User=0.48s Sys=0.00s Real=0.09s
[475.557s][info][gc,start       ] GC(1309) Pause Young (Allocation Failure)
[475.557s][info][gc,task        ] GC(1309) Using 6 workers of 6 for evacuation
[475.617s][info][gc,heap        ] GC(1309) ParNew: 442937K->51072K(460096K)
[475.617s][info][gc,heap        ] GC(1309) CMS: 566450K->571923K(7877440K)
[475.617s][info][gc,metaspace   ] GC(1309) Metaspace: 87593K(93356K)->87593K(93356K) NonClass: 76548K(79392K)->76548K(79392K) Class: 11044K(13964K)->11044K(13964K)
[475.617s][info][gc             ] GC(1309) Pause Young (Allocation Failure) 985M->608M(8142M) 60.044ms
[475.617s][info][gc,cpu         ] GC(1309) User=0.30s Sys=0.00s Real=0.06s
[475.928s][info][gc,start       ] GC(1310) Pause Young (Allocation Failure)
[475.928s][info][gc,task        ] GC(1310) Using 6 workers of 6 for evacuation
[475.997s][info][gc,heap        ] GC(1310) ParNew: 460096K->40786K(460096K)
[475.997s][info][gc,heap        ] GC(1310) CMS: 571923K->598430K(7877440K)
[475.997s][info][gc,metaspace   ] GC(1310) Metaspace: 87593K(93356K)->87593K(93356K) NonClass: 76548K(79392K)->76548K(79392K) Class: 11044K(13964K)->11044K(13964K)
[475.998s][info][gc             ] GC(1310) Pause Young (Allocation Failure) 1007M->624M(8142M) 69.282ms
[475.998s][info][gc,cpu         ] GC(1310) User=0.20s Sys=0.00s Real=0.08s
[476.224s][info][gc,start       ] GC(1311) Pause Young (Allocation Failure)
[476.224s][info][gc,task        ] GC(1311) Using 6 workers of 6 for evacuation
[476.273s][info][gc,heap        ] GC(1311) ParNew: 449810K->51072K(460096K)
[476.273s][info][gc,heap        ] GC(1311) CMS: 598430K->602779K(7877440K)
[476.273s][info][gc,metaspace   ] GC(1311) Metaspace: 87593K(93356K)->87593K(93356K) NonClass: 76548K(79392K)->76548K(79392K) Class: 11044K(13964K)->11044K(13964K)
[476.273s][info][gc             ] GC(1311) Pause Young (Allocation Failure) 1023M->638M(8142M) 48.394ms
[476.273s][info][gc,cpu         ] GC(1311) User=0.05s Sys=0.00s Real=0.05s
[476.643s][info][gc,start       ] GC(1312) Pause Young (Allocation Failure)
[476.643s][info][gc,task        ] GC(1312) Using 6 workers of 6 for evacuation
[476.687s][info][gc,heap        ] GC(1312) ParNew: 459890K->51072K(460096K)
[476.687s][info][gc,heap        ] GC(1312) CMS: 602779K->611946K(7877440K)
[476.687s][info][gc,metaspace   ] GC(1312) Metaspace: 87596K(93356K)->87596K(93356K) NonClass: 76552K(79392K)->76552K(79392K) Class: 11044K(13964K)->11044K(13964K)
[476.687s][info][gc             ] GC(1312) Pause Young (Allocation Failure) 1037M->647M(8142M) 44.400ms
[476.687s][info][gc,cpu         ] GC(1312) User=0.11s Sys=0.00s Real=0.05s
[476.896s][info][gc,start       ] GC(1313) Pause Young (Allocation Failure)
[476.896s][info][gc,task        ] GC(1313) Using 6 workers of 6 for evacuation
[476.942s][info][gc,heap        ] GC(1313) ParNew: 460096K->51072K(460096K)
[476.942s][info][gc,heap        ] GC(1313) CMS: 611946K->633885K(7877440K)
[476.942s][info][gc,metaspace   ] GC(1313) Metaspace: 87597K(93356K)->87597K(93356K) NonClass: 76552K(79392K)->76552K(79392K) Class: 11044K(13964K)->11044K(13964K)
[476.942s][info][gc             ] GC(1313) Pause Young (Allocation Failure) 1046M->668M(8142M) 46.800ms
[476.942s][info][gc,cpu         ] GC(1313) User=0.12s Sys=0.00s Real=0.05s
[477.085s][info][gc,start       ] GC(1314) Pause Full (System.gc())
[477.087s][info][gc,phases,start] GC(1314) Phase 1: Mark live objects
[477.213s][info][gc,phases      ] GC(1314) Phase 1: Mark live objects 125.851ms
[477.213s][info][gc,phases,start] GC(1314) Phase 2: Compute new object addresses
[477.435s][info][gc,phases      ] GC(1314) Phase 2: Compute new object addresses 222.354ms
[477.435s][info][gc,phases,start] GC(1314) Phase 3: Adjust pointers
[477.516s][info][gc,phases      ] GC(1314) Phase 3: Adjust pointers 80.151ms
[477.516s][info][gc,phases,start] GC(1314) Phase 4: Move objects
[477.517s][info][gc,phases      ] GC(1314) Phase 4: Move objects 1.696ms
[477.523s][info][gc,heap        ] GC(1314) ParNew: 449496K->0K(460096K)
[477.523s][info][gc,heap        ] GC(1314) CMS: 633885K->170125K(7877440K)
[477.523s][info][gc,metaspace   ] GC(1314) Metaspace: 87597K(93356K)->87597K(93356K) NonClass: 76552K(79392K)->76552K(79392K) Class: 11044K(13964K)->11044K(13964K)
[477.524s][info][gc             ] GC(1314) Pause Full (System.gc()) 1057M->166M(8142M) 438.687ms
[477.524s][info][gc,cpu         ] GC(1314) User=0.44s Sys=0.00s Real=0.44s
[477.668s][info][gc,start       ] GC(1315) Pause Young (Allocation Failure)
[477.669s][info][gc,task        ] GC(1315) Using 6 workers of 6 for evacuation
[477.764s][info][gc,heap        ] GC(1315) ParNew: 409024K->51072K(460096K)
[477.764s][info][gc,heap        ] GC(1315) CMS: 170125K->229887K(7877440K)
[477.764s][info][gc,metaspace   ] GC(1315) Metaspace: 87598K(93356K)->87598K(93356K) NonClass: 76553K(79392K)->76553K(79392K) Class: 11044K(13964K)->11044K(13964K)
[477.764s][info][gc             ] GC(1315) Pause Young (Allocation Failure) 565M->274M(8142M) 95.706ms
[477.764s][info][gc,cpu         ] GC(1315) User=0.14s Sys=0.00s Real=0.09s
[477.940s][info][gc,start       ] GC(1316) Pause Young (Allocation Failure)
[477.940s][info][gc,task        ] GC(1316) Using 6 workers of 6 for evacuation
[478.014s][info][gc,heap        ] GC(1316) ParNew: 460096K->51072K(460096K)
[478.014s][info][gc,heap        ] GC(1316) CMS: 229887K->281220K(7877440K)
[478.014s][info][gc,metaspace   ] GC(1316) Metaspace: 87598K(93356K)->87598K(93356K) NonClass: 76553K(79392K)->76553K(79392K) Class: 11044K(13964K)->11044K(13964K)
[478.015s][info][gc             ] GC(1316) Pause Young (Allocation Failure) 673M->324M(8142M) 74.903ms
[478.015s][info][gc,cpu         ] GC(1316) User=0.34s Sys=0.00s Real=0.06s
[478.204s][info][gc,start       ] GC(1317) Pause Young (Allocation Failure)
[478.204s][info][gc,task        ] GC(1317) Using 6 workers of 6 for evacuation
[478.280s][info][gc,heap        ] GC(1317) ParNew: 460096K->51072K(460096K)
[478.280s][info][gc,heap        ] GC(1317) CMS: 281220K->316496K(7877440K)
[478.280s][info][gc,metaspace   ] GC(1317) Metaspace: 87598K(93356K)->87598K(93356K) NonClass: 76553K(79392K)->76553K(79392K) Class: 11044K(13964K)->11044K(13964K)
[478.280s][info][gc             ] GC(1317) Pause Young (Allocation Failure) 723M->358M(8142M) 76.102ms
[478.280s][info][gc,cpu         ] GC(1317) User=0.47s Sys=0.00s Real=0.08s
[478.478s][info][gc,start       ] GC(1318) Pause Young (Allocation Failure)
[478.478s][info][gc,task        ] GC(1318) Using 6 workers of 6 for evacuation
[478.549s][info][gc,heap        ] GC(1318) ParNew: 460096K->37996K(460096K)
[478.549s][info][gc,heap        ] GC(1318) CMS: 316496K->352685K(7877440K)
[478.549s][info][gc,metaspace   ] GC(1318) Metaspace: 87598K(93356K)->87598K(93356K) NonClass: 76553K(79392K)->76553K(79392K) Class: 11044K(13964K)->11044K(13964K)
[478.549s][info][gc             ] GC(1318) Pause Young (Allocation Failure) 758M->381M(8142M) 71.312ms
[478.549s][info][gc,cpu         ] GC(1318) User=0.38s Sys=0.00s Real=0.07s
[479.136s][info][gc,start       ] GC(1319) Pause Young (Allocation Failure)
[479.136s][info][gc,task        ] GC(1319) Using 6 workers of 6 for evacuation
[479.231s][info][gc,heap        ] GC(1319) ParNew: 447020K->51072K(460096K)
[479.231s][info][gc,heap        ] GC(1319) CMS: 352685K->377654K(7877440K)
[479.231s][info][gc,metaspace   ] GC(1319) Metaspace: 87599K(93356K)->87599K(93356K) NonClass: 76554K(79392K)->76554K(79392K) Class: 11044K(13964K)->11044K(13964K)
[479.231s][info][gc             ] GC(1319) Pause Young (Allocation Failure) 780M->418M(8142M) 94.736ms
[479.231s][info][gc,cpu         ] GC(1319) User=0.56s Sys=0.00s Real=0.09s
[479.357s][info][gc,start       ] GC(1320) Pause Young (Allocation Failure)
[479.357s][info][gc,task        ] GC(1320) Using 6 workers of 6 for evacuation
[479.466s][info][gc,heap        ] GC(1320) ParNew: 460096K->51072K(460096K)
[479.466s][info][gc,heap        ] GC(1320) CMS: 377654K->441459K(7877440K)
[479.466s][info][gc,metaspace   ] GC(1320) Metaspace: 87599K(93356K)->87599K(93356K) NonClass: 76554K(79392K)->76554K(79392K) Class: 11044K(13964K)->11044K(13964K)
[479.466s][info][gc             ] GC(1320) Pause Young (Allocation Failure) 818M->480M(8142M) 109.116ms
[479.466s][info][gc,cpu         ] GC(1320) User=0.19s Sys=0.00s Real=0.11s
[479.646s][info][gc,start       ] GC(1321) Pause Young (Allocation Failure)
[479.646s][info][gc,task        ] GC(1321) Using 6 workers of 6 for evacuation
[479.731s][info][gc,heap        ] GC(1321) ParNew: 460096K->51072K(460096K)
[479.731s][info][gc,heap        ] GC(1321) CMS: 441459K->497939K(7877440K)
[479.731s][info][gc,metaspace   ] GC(1321) Metaspace: 87599K(93356K)->87599K(93356K) NonClass: 76554K(79392K)->76554K(79392K) Class: 11044K(13964K)->11044K(13964K)
[479.731s][info][gc             ] GC(1321) Pause Young (Allocation Failure) 880M->536M(8142M) 85.070ms
[479.731s][info][gc,cpu         ] GC(1321) User=0.53s Sys=0.00s Real=0.09s
[479.923s][info][gc,start       ] GC(1322) Pause Young (Allocation Failure)
[479.923s][info][gc,task        ] GC(1322) Using 6 workers of 6 for evacuation
[479.996s][info][gc,heap        ] GC(1322) ParNew: 460096K->45277K(460096K)
[479.996s][info][gc,heap        ] GC(1322) CMS: 497939K->538845K(7877440K)
[479.996s][info][gc,metaspace   ] GC(1322) Metaspace: 87599K(93356K)->87599K(93356K) NonClass: 76554K(79392K)->76554K(79392K) Class: 11044K(13964K)->11044K(13964K)
[479.996s][info][gc             ] GC(1322) Pause Young (Allocation Failure) 935M->570M(8142M) 72.395ms
[479.996s][info][gc,cpu         ] GC(1322) User=0.39s Sys=0.00s Real=0.08s
[480.456s][info][gc,start       ] GC(1323) Pause Young (Allocation Failure)
[480.456s][info][gc,task        ] GC(1323) Using 6 workers of 6 for evacuation
[480.530s][info][gc,heap        ] GC(1323) ParNew: 454301K->33883K(460096K)
[480.530s][info][gc,heap        ] GC(1323) CMS: 538845K->565375K(7877440K)
[480.530s][info][gc,metaspace   ] GC(1323) Metaspace: 87599K(93356K)->87599K(93356K) NonClass: 76554K(79392K)->76554K(79392K) Class: 11044K(13964K)->11044K(13964K)
[480.530s][info][gc             ] GC(1323) Pause Young (Allocation Failure) 969M->585M(8142M) 74.121ms
[480.530s][info][gc,cpu         ] GC(1323) User=0.39s Sys=0.00s Real=0.08s
[480.866s][info][gc,start       ] GC(1324) Pause Young (Allocation Failure)
[480.866s][info][gc,task        ] GC(1324) Using 6 workers of 6 for evacuation
[480.923s][info][gc,heap        ] GC(1324) ParNew: 442907K->51072K(460096K)
[480.923s][info][gc,heap        ] GC(1324) CMS: 565375K->571412K(7877440K)
[480.923s][info][gc,metaspace   ] GC(1324) Metaspace: 87602K(93356K)->87602K(93356K) NonClass: 76557K(79392K)->76557K(79392K) Class: 11044K(13964K)->11044K(13964K)
[480.923s][info][gc             ] GC(1324) Pause Young (Allocation Failure) 984M->607M(8142M) 57.872ms
[480.924s][info][gc,cpu         ] GC(1324) User=0.30s Sys=0.00s Real=0.05s
[481.241s][info][gc,start       ] GC(1325) Pause Young (Allocation Failure)
[481.241s][info][gc,task        ] GC(1325) Using 6 workers of 6 for evacuation
[481.311s][info][gc,heap        ] GC(1325) ParNew: 460096K->38840K(460096K)
[481.311s][info][gc,heap        ] GC(1325) CMS: 571412K->598251K(7877440K)
[481.311s][info][gc,metaspace   ] GC(1325) Metaspace: 87626K(93356K)->87626K(93356K) NonClass: 76582K(79392K)->76582K(79392K) Class: 11044K(13964K)->11044K(13964K)
[481.311s][info][gc             ] GC(1325) Pause Young (Allocation Failure) 1007M->622M(8142M) 69.751ms
[481.311s][info][gc,cpu         ] GC(1325) User=0.14s Sys=0.00s Real=0.06s
[481.541s][info][gc,start       ] GC(1326) Pause Young (Allocation Failure)
[481.541s][info][gc,task        ] GC(1326) Using 6 workers of 6 for evacuation
[481.590s][info][gc,heap        ] GC(1326) ParNew: 447864K->51072K(460096K)
[481.590s][info][gc,heap        ] GC(1326) CMS: 598251K->602588K(7877440K)
[481.590s][info][gc,metaspace   ] GC(1326) Metaspace: 87638K(93356K)->87638K(93356K) NonClass: 76593K(79392K)->76593K(79392K) Class: 11044K(13964K)->11044K(13964K)
[481.590s][info][gc             ] GC(1326) Pause Young (Allocation Failure) 1021M->638M(8142M) 48.658ms
[481.590s][info][gc,cpu         ] GC(1326) User=0.12s Sys=0.00s Real=0.05s
[481.962s][info][gc,start       ] GC(1327) Pause Young (Allocation Failure)
[481.962s][info][gc,task        ] GC(1327) Using 6 workers of 6 for evacuation
[482.004s][info][gc,heap        ] GC(1327) ParNew: 460096K->51072K(460096K)
[482.004s][info][gc,heap        ] GC(1327) CMS: 602588K->619398K(7877440K)
[482.004s][info][gc,metaspace   ] GC(1327) Metaspace: 87638K(93356K)->87638K(93356K) NonClass: 76593K(79392K)->76593K(79392K) Class: 11044K(13964K)->11044K(13964K)
[482.004s][info][gc             ] GC(1327) Pause Young (Allocation Failure) 1037M->654M(8142M) 42.492ms
[482.004s][info][gc,cpu         ] GC(1327) User=0.11s Sys=0.00s Real=0.05s
[482.175s][info][gc,start       ] GC(1328) Pause Young (Allocation Failure)
[482.175s][info][gc,task        ] GC(1328) Using 6 workers of 6 for evacuation
[482.233s][info][gc,heap        ] GC(1328) ParNew: 460096K->51072K(460096K)
[482.233s][info][gc,heap        ] GC(1328) CMS: 619398K->648604K(7877440K)
[482.233s][info][gc,metaspace   ] GC(1328) Metaspace: 87638K(93356K)->87638K(93356K) NonClass: 76593K(79392K)->76593K(79392K) Class: 11044K(13964K)->11044K(13964K)
[482.233s][info][gc             ] GC(1328) Pause Young (Allocation Failure) 1054M->683M(8142M) 57.738ms
[482.233s][info][gc,cpu         ] GC(1328) User=0.25s Sys=0.00s Real=0.06s
[482.375s][info][gc,start       ] GC(1329) Pause Young (Allocation Failure)
[482.375s][info][gc,task        ] GC(1329) Using 6 workers of 6 for evacuation
[482.558s][info][gc,heap        ] GC(1329) ParNew: 460096K->51072K(460096K)
[482.558s][info][gc,heap        ] GC(1329) CMS: 648604K->714492K(7877440K)
[482.558s][info][gc,metaspace   ] GC(1329) Metaspace: 87638K(93356K)->87638K(93356K) NonClass: 76593K(79392K)->76593K(79392K) Class: 11044K(13964K)->11044K(13964K)
[482.559s][info][gc             ] GC(1329) Pause Young (Allocation Failure) 1082M->747M(8142M) 183.141ms
[482.559s][info][gc,cpu         ] GC(1329) User=1.05s Sys=0.00s Real=0.19s
[482.562s][info][gc,start       ] GC(1330) Pause Full (System.gc())
[482.564s][info][gc,phases,start] GC(1330) Phase 1: Mark live objects
[482.689s][info][gc,phases      ] GC(1330) Phase 1: Mark live objects 124.587ms
[482.689s][info][gc,phases,start] GC(1330) Phase 2: Compute new object addresses
[482.869s][info][gc,phases      ] GC(1330) Phase 2: Compute new object addresses 179.530ms
[482.869s][info][gc,phases,start] GC(1330) Phase 3: Adjust pointers
[482.949s][info][gc,phases      ] GC(1330) Phase 3: Adjust pointers 79.904ms
[482.949s][info][gc,phases,start] GC(1330) Phase 4: Move objects
[482.950s][info][gc,phases      ] GC(1330) Phase 4: Move objects 1.550ms
[482.956s][info][gc,heap        ] GC(1330) ParNew: 59621K->0K(460096K)
[482.956s][info][gc,heap        ] GC(1330) CMS: 714492K->170001K(7877440K)
[482.956s][info][gc,metaspace   ] GC(1330) Metaspace: 87638K(93356K)->87638K(93356K) NonClass: 76593K(79392K)->76593K(79392K) Class: 11044K(13964K)->11044K(13964K)
[482.957s][info][gc             ] GC(1330) Pause Full (System.gc()) 755M->166M(8142M) 394.342ms
[482.957s][info][gc,cpu         ] GC(1330) User=0.41s Sys=0.00s Real=0.39s
[483.102s][info][gc,start       ] GC(1331) Pause Young (Allocation Failure)
[483.102s][info][gc,task        ] GC(1331) Using 6 workers of 6 for evacuation
[483.202s][info][gc,heap        ] GC(1331) ParNew: 409024K->51072K(460096K)
[483.202s][info][gc,heap        ] GC(1331) CMS: 170001K->229945K(7877440K)
[483.202s][info][gc,metaspace   ] GC(1331) Metaspace: 87706K(93612K)->87706K(93612K) NonClass: 76661K(79648K)->76661K(79648K) Class: 11044K(13964K)->11044K(13964K)
[483.202s][info][gc             ] GC(1331) Pause Young (Allocation Failure) 565M->274M(8142M) 99.571ms
[483.202s][info][gc,cpu         ] GC(1331) User=0.44s Sys=0.00s Real=0.09s
[483.374s][info][gc,start       ] GC(1332) Pause Young (Allocation Failure)
[483.374s][info][gc,task        ] GC(1332) Using 6 workers of 6 for evacuation
[483.448s][info][gc,heap        ] GC(1332) ParNew: 460096K->51072K(460096K)
[483.448s][info][gc,heap        ] GC(1332) CMS: 229945K->282341K(7877440K)
[483.448s][info][gc,metaspace   ] GC(1332) Metaspace: 87706K(93612K)->87706K(93612K) NonClass: 76661K(79648K)->76661K(79648K) Class: 11044K(13964K)->11044K(13964K)
[483.448s][info][gc             ] GC(1332) Pause Young (Allocation Failure) 673M->325M(8142M) 73.977ms
[483.448s][info][gc,cpu         ] GC(1332) User=0.27s Sys=0.00s Real=0.08s
[483.636s][info][gc,start       ] GC(1333) Pause Young (Allocation Failure)
[483.636s][info][gc,task        ] GC(1333) Using 6 workers of 6 for evacuation
[483.714s][info][gc,heap        ] GC(1333) ParNew: 460096K->51072K(460096K)
[483.714s][info][gc,heap        ] GC(1333) CMS: 282341K->318651K(7877440K)
[483.714s][info][gc,metaspace   ] GC(1333) Metaspace: 87706K(93612K)->87706K(93612K) NonClass: 76661K(79648K)->76661K(79648K) Class: 11044K(13964K)->11044K(13964K)
[483.714s][info][gc             ] GC(1333) Pause Young (Allocation Failure) 725M->361M(8142M) 78.132ms
[483.714s][info][gc,cpu         ] GC(1333) User=0.38s Sys=0.00s Real=0.08s
[483.908s][info][gc,start       ] GC(1334) Pause Young (Allocation Failure)
[483.908s][info][gc,task        ] GC(1334) Using 6 workers of 6 for evacuation
[483.981s][info][gc,heap        ] GC(1334) ParNew: 460096K->34867K(460096K)
[483.981s][info][gc,heap        ] GC(1334) CMS: 318651K->356250K(7877440K)
[483.981s][info][gc,metaspace   ] GC(1334) Metaspace: 87706K(93612K)->87706K(93612K) NonClass: 76661K(79648K)->76661K(79648K) Class: 11044K(13964K)->11044K(13964K)
[483.981s][info][gc             ] GC(1334) Pause Young (Allocation Failure) 760M->381M(8142M) 73.082ms
[483.981s][info][gc,cpu         ] GC(1334) User=0.38s Sys=0.00s Real=0.08s
[484.586s][info][gc,start       ] GC(1335) Pause Young (Allocation Failure)
[484.586s][info][gc,task        ] GC(1335) Using 6 workers of 6 for evacuation
[484.677s][info][gc,heap        ] GC(1335) ParNew: 443891K->51072K(460096K)
[484.677s][info][gc,heap        ] GC(1335) CMS: 356250K->381971K(7877440K)
[484.677s][info][gc,metaspace   ] GC(1335) Metaspace: 87719K(93612K)->87719K(93612K) NonClass: 76675K(79648K)->76675K(79648K) Class: 11044K(13964K)->11044K(13964K)
[484.677s][info][gc             ] GC(1335) Pause Young (Allocation Failure) 781M->422M(8142M) 90.640ms
[484.677s][info][gc,cpu         ] GC(1335) User=0.48s Sys=0.00s Real=0.09s
[484.803s][info][gc,start       ] GC(1336) Pause Young (Allocation Failure)
[484.803s][info][gc,task        ] GC(1336) Using 6 workers of 6 for evacuation
[484.911s][info][gc,heap        ] GC(1336) ParNew: 460096K->51072K(460096K)
[484.911s][info][gc,heap        ] GC(1336) CMS: 381971K->446187K(7877440K)
[484.911s][info][gc,metaspace   ] GC(1336) Metaspace: 87719K(93612K)->87719K(93612K) NonClass: 76675K(79648K)->76675K(79648K) Class: 11044K(13964K)->11044K(13964K)
[484.911s][info][gc             ] GC(1336) Pause Young (Allocation Failure) 822M->485M(8142M) 107.857ms
[484.911s][info][gc,cpu         ] GC(1336) User=0.28s Sys=0.00s Real=0.11s
[485.095s][info][gc,start       ] GC(1337) Pause Young (Allocation Failure)
[485.096s][info][gc,task        ] GC(1337) Using 6 workers of 6 for evacuation
[485.186s][info][gc,heap        ] GC(1337) ParNew: 460096K->51072K(460096K)
[485.186s][info][gc,heap        ] GC(1337) CMS: 446187K->507754K(7877440K)
[485.186s][info][gc,metaspace   ] GC(1337) Metaspace: 87719K(93612K)->87719K(93612K) NonClass: 76675K(79648K)->76675K(79648K) Class: 11044K(13964K)->11044K(13964K)
[485.186s][info][gc             ] GC(1337) Pause Young (Allocation Failure) 885M->545M(8142M) 90.594ms
[485.186s][info][gc,cpu         ] GC(1337) User=0.42s Sys=0.00s Real=0.08s
[485.373s][info][gc,start       ] GC(1338) Pause Young (Allocation Failure)
[485.373s][info][gc,task        ] GC(1338) Using 6 workers of 6 for evacuation
[485.441s][info][gc,heap        ] GC(1338) ParNew: 460096K->39861K(460096K)
[485.441s][info][gc,heap        ] GC(1338) CMS: 507754K->545530K(7877440K)
[485.441s][info][gc,metaspace   ] GC(1338) Metaspace: 87719K(93612K)->87719K(93612K) NonClass: 76675K(79648K)->76675K(79648K) Class: 11044K(13964K)->11044K(13964K)
[485.441s][info][gc             ] GC(1338) Pause Young (Allocation Failure) 945M->571M(8142M) 68.842ms
[485.441s][info][gc,cpu         ] GC(1338) User=0.42s Sys=0.00s Real=0.08s
[485.904s][info][gc,start       ] GC(1339) Pause Young (Allocation Failure)
[485.904s][info][gc,task        ] GC(1339) Using 6 workers of 6 for evacuation
[485.980s][info][gc,heap        ] GC(1339) ParNew: 448885K->32538K(460096K)
[485.980s][info][gc,heap        ] GC(1339) CMS: 545530K->572061K(7877440K)
[485.980s][info][gc,metaspace   ] GC(1339) Metaspace: 87719K(93612K)->87719K(93612K) NonClass: 76675K(79648K)->76675K(79648K) Class: 11044K(13964K)->11044K(13964K)
[485.980s][info][gc             ] GC(1339) Pause Young (Allocation Failure) 971M->590M(8142M) 76.337ms
[485.980s][info][gc,cpu         ] GC(1339) User=0.39s Sys=0.00s Real=0.08s
[486.326s][info][gc,start       ] GC(1340) Pause Young (Allocation Failure)
[486.326s][info][gc,task        ] GC(1340) Using 6 workers of 6 for evacuation
[486.385s][info][gc,heap        ] GC(1340) ParNew: 441562K->51072K(460096K)
[486.385s][info][gc,heap        ] GC(1340) CMS: 572061K->578809K(7877440K)
[486.385s][info][gc,metaspace   ] GC(1340) Metaspace: 87724K(93612K)->87724K(93612K) NonClass: 76679K(79648K)->76679K(79648K) Class: 11044K(13964K)->11044K(13964K)
[486.385s][info][gc             ] GC(1340) Pause Young (Allocation Failure) 989M->615M(8142M) 59.207ms
[486.385s][info][gc,cpu         ] GC(1340) User=0.39s Sys=0.00s Real=0.06s
[486.698s][info][gc,start       ] GC(1341) Pause Young (Allocation Failure)
[486.698s][info][gc,task        ] GC(1341) Using 6 workers of 6 for evacuation
[486.768s][info][gc,heap        ] GC(1341) ParNew: 460096K->49061K(460096K)
[486.768s][info][gc,heap        ] GC(1341) CMS: 578809K->605687K(7877440K)
[486.768s][info][gc,metaspace   ] GC(1341) Metaspace: 87737K(93612K)->87737K(93612K) NonClass: 76692K(79648K)->76692K(79648K) Class: 11044K(13964K)->11044K(13964K)
[486.768s][info][gc             ] GC(1341) Pause Young (Allocation Failure) 1014M->639M(8142M) 69.920ms
[486.768s][info][gc,cpu         ] GC(1341) User=0.14s Sys=0.00s Real=0.06s
[486.999s][info][gc,start       ] GC(1342) Pause Young (Allocation Failure)
[486.999s][info][gc,task        ] GC(1342) Using 6 workers of 6 for evacuation
[487.047s][info][gc,heap        ] GC(1342) ParNew: 458085K->51072K(460096K)
[487.047s][info][gc,heap        ] GC(1342) CMS: 605687K->610038K(7877440K)
[487.047s][info][gc,metaspace   ] GC(1342) Metaspace: 87737K(93612K)->87737K(93612K) NonClass: 76692K(79648K)->76692K(79648K) Class: 11044K(13964K)->11044K(13964K)
[487.047s][info][gc             ] GC(1342) Pause Young (Allocation Failure) 1038M->645M(8142M) 47.954ms
[487.047s][info][gc,cpu         ] GC(1342) User=0.11s Sys=0.00s Real=0.05s
[487.446s][info][gc,start       ] GC(1343) Pause Young (Allocation Failure)
[487.446s][info][gc,task        ] GC(1343) Using 6 workers of 6 for evacuation
[487.489s][info][gc,heap        ] GC(1343) ParNew: 459402K->51072K(460096K)
[487.489s][info][gc,heap        ] GC(1343) CMS: 610038K->617184K(7877440K)
[487.489s][info][gc,metaspace   ] GC(1343) Metaspace: 87737K(93612K)->87737K(93612K) NonClass: 76692K(79648K)->76692K(79648K) Class: 11044K(13964K)->11044K(13964K)
[487.489s][info][gc             ] GC(1343) Pause Young (Allocation Failure) 1044M->652M(8142M) 43.122ms
[487.489s][info][gc,cpu         ] GC(1343) User=0.08s Sys=0.00s Real=0.05s
[487.678s][info][gc,start       ] GC(1344) Pause Young (Allocation Failure)
[487.678s][info][gc,task        ] GC(1344) Using 6 workers of 6 for evacuation
[487.727s][info][gc,heap        ] GC(1344) ParNew: 460096K->51072K(460096K)
[487.727s][info][gc,heap        ] GC(1344) CMS: 617184K->640168K(7877440K)
[487.727s][info][gc,metaspace   ] GC(1344) Metaspace: 87744K(93612K)->87744K(93612K) NonClass: 76699K(79648K)->76699K(79648K) Class: 11044K(13964K)->11044K(13964K)
[487.727s][info][gc             ] GC(1344) Pause Young (Allocation Failure) 1052M->675M(8142M) 48.849ms
[487.727s][info][gc,cpu         ] GC(1344) User=0.17s Sys=0.00s Real=0.05s
[487.869s][info][gc,start       ] GC(1345) Pause Full (System.gc())
[487.872s][info][gc,phases,start] GC(1345) Phase 1: Mark live objects
[487.995s][info][gc,phases      ] GC(1345) Phase 1: Mark live objects 123.837ms
[487.995s][info][gc,phases,start] GC(1345) Phase 2: Compute new object addresses
[488.219s][info][gc,phases      ] GC(1345) Phase 2: Compute new object addresses 223.782ms
[488.219s][info][gc,phases,start] GC(1345) Phase 3: Adjust pointers
[488.300s][info][gc,phases      ] GC(1345) Phase 3: Adjust pointers 80.966ms
[488.300s][info][gc,phases,start] GC(1345) Phase 4: Move objects
[488.302s][info][gc,phases      ] GC(1345) Phase 4: Move objects 1.880ms
[488.308s][info][gc,heap        ] GC(1345) ParNew: 449869K->0K(460096K)
[488.308s][info][gc,heap        ] GC(1345) CMS: 640168K->170055K(7877440K)
[488.308s][info][gc,metaspace   ] GC(1345) Metaspace: 87744K(93612K)->87744K(93612K) NonClass: 76699K(79648K)->76699K(79648K) Class: 11044K(13964K)->11044K(13964K)
[488.309s][info][gc             ] GC(1345) Pause Full (System.gc()) 1064M->166M(8142M) 439.873ms
[488.309s][info][gc,cpu         ] GC(1345) User=0.42s Sys=0.00s Real=0.44s
[488.454s][info][gc,start       ] GC(1346) Pause Young (Allocation Failure)
[488.454s][info][gc,task        ] GC(1346) Using 6 workers of 6 for evacuation
[488.549s][info][gc,heap        ] GC(1346) ParNew: 409024K->51072K(460096K)
[488.549s][info][gc,heap        ] GC(1346) CMS: 170055K->230031K(7877440K)
[488.549s][info][gc,metaspace   ] GC(1346) Metaspace: 87752K(93612K)->87752K(93612K) NonClass: 76708K(79648K)->76708K(79648K) Class: 11044K(13964K)->11044K(13964K)
[488.549s][info][gc             ] GC(1346) Pause Young (Allocation Failure) 565M->274M(8142M) 95.140ms
[488.549s][info][gc,cpu         ] GC(1346) User=0.17s Sys=0.00s Real=0.11s
[488.723s][info][gc,start       ] GC(1347) Pause Young (Allocation Failure)
[488.723s][info][gc,task        ] GC(1347) Using 6 workers of 6 for evacuation
[488.796s][info][gc,heap        ] GC(1347) ParNew: 460096K->51072K(460096K)
[488.796s][info][gc,heap        ] GC(1347) CMS: 230031K->279289K(7877440K)
[488.796s][info][gc,metaspace   ] GC(1347) Metaspace: 87752K(93612K)->87752K(93612K) NonClass: 76708K(79648K)->76708K(79648K) Class: 11044K(13964K)->11044K(13964K)
[488.796s][info][gc             ] GC(1347) Pause Young (Allocation Failure) 673M->322M(8142M) 73.597ms
[488.796s][info][gc,cpu         ] GC(1347) User=0.19s Sys=0.00s Real=0.06s
[488.981s][info][gc,start       ] GC(1348) Pause Young (Allocation Failure)
[488.981s][info][gc,task        ] GC(1348) Using 6 workers of 6 for evacuation
[489.058s][info][gc,heap        ] GC(1348) ParNew: 460096K->51072K(460096K)
[489.058s][info][gc,heap        ] GC(1348) CMS: 279289K->314219K(7877440K)
[489.058s][info][gc,metaspace   ] GC(1348) Metaspace: 87752K(93612K)->87752K(93612K) NonClass: 76708K(79648K)->76708K(79648K) Class: 11044K(13964K)->11044K(13964K)
[489.058s][info][gc             ] GC(1348) Pause Young (Allocation Failure) 722M->356M(8142M) 77.427ms
[489.058s][info][gc,cpu         ] GC(1348) User=0.39s Sys=0.00s Real=0.08s
[489.257s][info][gc,start       ] GC(1349) Pause Young (Allocation Failure)
[489.257s][info][gc,task        ] GC(1349) Using 6 workers of 6 for evacuation
[489.325s][info][gc,heap        ] GC(1349) ParNew: 460096K->36252K(460096K)
[489.325s][info][gc,heap        ] GC(1349) CMS: 314219K->353042K(7877440K)
[489.325s][info][gc,metaspace   ] GC(1349) Metaspace: 87752K(93612K)->87752K(93612K) NonClass: 76708K(79648K)->76708K(79648K) Class: 11044K(13964K)->11044K(13964K)
[489.325s][info][gc             ] GC(1349) Pause Young (Allocation Failure) 756M->380M(8142M) 67.894ms
[489.325s][info][gc,cpu         ] GC(1349) User=0.38s Sys=0.00s Real=0.06s
[489.911s][info][gc,start       ] GC(1350) Pause Young (Allocation Failure)
[489.911s][info][gc,task        ] GC(1350) Using 6 workers of 6 for evacuation
[490.001s][info][gc,heap        ] GC(1350) ParNew: 445276K->51072K(460096K)
[490.001s][info][gc,heap        ] GC(1350) CMS: 353042K->378640K(7877440K)
[490.001s][info][gc,metaspace   ] GC(1350) Metaspace: 87752K(93612K)->87752K(93612K) NonClass: 76708K(79648K)->76708K(79648K) Class: 11044K(13964K)->11044K(13964K)
[490.001s][info][gc             ] GC(1350) Pause Young (Allocation Failure) 779M->419M(8142M) 90.283ms
[490.001s][info][gc,cpu         ] GC(1350) User=0.48s Sys=0.00s Real=0.09s
[490.128s][info][gc,start       ] GC(1351) Pause Young (Allocation Failure)
[490.128s][info][gc,task        ] GC(1351) Using 6 workers of 6 for evacuation
[490.241s][info][gc,heap        ] GC(1351) ParNew: 460096K->51072K(460096K)
[490.241s][info][gc,heap        ] GC(1351) CMS: 378640K->443250K(7877440K)
[490.241s][info][gc,metaspace   ] GC(1351) Metaspace: 87752K(93612K)->87752K(93612K) NonClass: 76708K(79648K)->76708K(79648K) Class: 11044K(13964K)->11044K(13964K)
[490.241s][info][gc             ] GC(1351) Pause Young (Allocation Failure) 819M->482M(8142M) 113.287ms
[490.242s][info][gc,cpu         ] GC(1351) User=0.33s Sys=0.00s Real=0.11s
[490.423s][info][gc,start       ] GC(1352) Pause Young (Allocation Failure)
[490.423s][info][gc,task        ] GC(1352) Using 6 workers of 6 for evacuation
[490.504s][info][gc,heap        ] GC(1352) ParNew: 460096K->51072K(460096K)
[490.504s][info][gc,heap        ] GC(1352) CMS: 443250K->501401K(7877440K)
[490.504s][info][gc,metaspace   ] GC(1352) Metaspace: 87752K(93612K)->87752K(93612K) NonClass: 76708K(79648K)->76708K(79648K) Class: 11044K(13964K)->11044K(13964K)
[490.504s][info][gc             ] GC(1352) Pause Young (Allocation Failure) 882M->539M(8142M) 81.040ms
[490.504s][info][gc,cpu         ] GC(1352) User=0.41s Sys=0.00s Real=0.08s
[490.691s][info][gc,start       ] GC(1353) Pause Young (Allocation Failure)
[490.691s][info][gc,task        ] GC(1353) Using 6 workers of 6 for evacuation
[490.762s][info][gc,heap        ] GC(1353) ParNew: 460096K->45118K(460096K)
[490.762s][info][gc,heap        ] GC(1353) CMS: 501401K->541615K(7877440K)
[490.762s][info][gc,metaspace   ] GC(1353) Metaspace: 87752K(93612K)->87752K(93612K) NonClass: 76708K(79648K)->76708K(79648K) Class: 11044K(13964K)->11044K(13964K)
[490.762s][info][gc             ] GC(1353) Pause Young (Allocation Failure) 938M->572M(8142M) 71.542ms
[490.762s][info][gc,cpu         ] GC(1353) User=0.38s Sys=0.00s Real=0.06s
[491.236s][info][gc,start       ] GC(1354) Pause Young (Allocation Failure)
[491.236s][info][gc,task        ] GC(1354) Using 6 workers of 6 for evacuation
[491.312s][info][gc,heap        ] GC(1354) ParNew: 454142K->33791K(460096K)
[491.312s][info][gc,heap        ] GC(1354) CMS: 541615K->568091K(7877440K)
[491.312s][info][gc,metaspace   ] GC(1354) Metaspace: 87752K(93612K)->87752K(93612K) NonClass: 76708K(79648K)->76708K(79648K) Class: 11044K(13964K)->11044K(13964K)
[491.312s][info][gc             ] GC(1354) Pause Young (Allocation Failure) 972M->587M(8142M) 76.072ms
[491.312s][info][gc,cpu         ] GC(1354) User=0.38s Sys=0.00s Real=0.06s
[491.656s][info][gc,start       ] GC(1355) Pause Young (Allocation Failure)
[491.657s][info][gc,task        ] GC(1355) Using 6 workers of 6 for evacuation
[491.714s][info][gc,heap        ] GC(1355) ParNew: 442815K->51072K(460096K)
[491.715s][info][gc,heap        ] GC(1355) CMS: 568091K->575668K(7877440K)
[491.715s][info][gc,metaspace   ] GC(1355) Metaspace: 87752K(93612K)->87752K(93612K) NonClass: 76708K(79648K)->76708K(79648K) Class: 11044K(13964K)->11044K(13964K)
[491.715s][info][gc             ] GC(1355) Pause Young (Allocation Failure) 987M->612M(8142M) 58.134ms
[491.715s][info][gc,cpu         ] GC(1355) User=0.28s Sys=0.00s Real=0.06s
[492.025s][info][gc,start       ] GC(1356) Pause Young (Allocation Failure)
[492.025s][info][gc,task        ] GC(1356) Using 6 workers of 6 for evacuation
[492.094s][info][gc,heap        ] GC(1356) ParNew: 460096K->51072K(460096K)
[492.094s][info][gc,heap        ] GC(1356) CMS: 575668K->602267K(7877440K)
[492.094s][info][gc,metaspace   ] GC(1356) Metaspace: 87752K(93612K)->87752K(93612K) NonClass: 76708K(79648K)->76708K(79648K) Class: 11044K(13964K)->11044K(13964K)
[492.094s][info][gc             ] GC(1356) Pause Young (Allocation Failure) 1011M->638M(8142M) 69.156ms
[492.094s][info][gc,cpu         ] GC(1356) User=0.20s Sys=0.00s Real=0.06s
[492.322s][info][gc,start       ] GC(1357) Pause Young (Allocation Failure)
[492.322s][info][gc,task        ] GC(1357) Using 6 workers of 6 for evacuation
[492.371s][info][gc,heap        ] GC(1357) ParNew: 460096K->51072K(460096K)
[492.371s][info][gc,heap        ] GC(1357) CMS: 602267K->606916K(7877440K)
[492.371s][info][gc,metaspace   ] GC(1357) Metaspace: 87752K(93612K)->87752K(93612K) NonClass: 76708K(79648K)->76708K(79648K) Class: 11044K(13964K)->11044K(13964K)
[492.371s][info][gc             ] GC(1357) Pause Young (Allocation Failure) 1037M->642M(8142M) 49.319ms
[492.371s][info][gc,cpu         ] GC(1357) User=0.19s Sys=0.00s Real=0.05s
[492.738s][info][gc,start       ] GC(1358) Pause Young (Allocation Failure)
[492.738s][info][gc,task        ] GC(1358) Using 6 workers of 6 for evacuation
[492.782s][info][gc,heap        ] GC(1358) ParNew: 460096K->51072K(460096K)
[492.782s][info][gc,heap        ] GC(1358) CMS: 606916K->627947K(7877440K)
[492.782s][info][gc,metaspace   ] GC(1358) Metaspace: 87752K(93612K)->87752K(93612K) NonClass: 76708K(79648K)->76708K(79648K) Class: 11044K(13964K)->11044K(13964K)
[492.783s][info][gc             ] GC(1358) Pause Young (Allocation Failure) 1042M->663M(8142M) 44.308ms
[492.783s][info][gc,cpu         ] GC(1358) User=0.06s Sys=0.00s Real=0.05s
[492.955s][info][gc,start       ] GC(1359) Pause Young (Allocation Failure)
[492.956s][info][gc,task        ] GC(1359) Using 6 workers of 6 for evacuation
[493.002s][info][gc,heap        ] GC(1359) ParNew: 460096K->51072K(460096K)
[493.002s][info][gc,heap        ] GC(1359) CMS: 627947K->642397K(7877440K)
[493.002s][info][gc,metaspace   ] GC(1359) Metaspace: 87753K(93612K)->87753K(93612K) NonClass: 76708K(79648K)->76708K(79648K) Class: 11044K(13964K)->11044K(13964K)
[493.002s][info][gc             ] GC(1359) Pause Young (Allocation Failure) 1062M->677M(8142M) 46.487ms
[493.002s][info][gc,cpu         ] GC(1359) User=0.17s Sys=0.00s Real=0.04s
[493.146s][info][gc,start       ] GC(1360) Pause Young (Allocation Failure)
[493.146s][info][gc,task        ] GC(1360) Using 6 workers of 6 for evacuation
[493.345s][info][gc,heap        ] GC(1360) ParNew: 460096K->51072K(460096K)
[493.345s][info][gc,heap        ] GC(1360) CMS: 642397K->710719K(7877440K)
[493.345s][info][gc,metaspace   ] GC(1360) Metaspace: 87753K(93612K)->87753K(93612K) NonClass: 76708K(79648K)->76708K(79648K) Class: 11044K(13964K)->11044K(13964K)
[493.345s][info][gc             ] GC(1360) Pause Young (Allocation Failure) 1076M->743M(8142M) 198.614ms
[493.345s][info][gc,cpu         ] GC(1360) User=0.92s Sys=0.00s Real=0.20s
[493.347s][info][gc,start       ] GC(1361) Pause Full (System.gc())
[493.349s][info][gc,phases,start] GC(1361) Phase 1: Mark live objects
[493.473s][info][gc,phases      ] GC(1361) Phase 1: Mark live objects 123.635ms
[493.473s][info][gc,phases,start] GC(1361) Phase 2: Compute new object addresses
[493.652s][info][gc,phases      ] GC(1361) Phase 2: Compute new object addresses 179.024ms
[493.652s][info][gc,phases,start] GC(1361) Phase 3: Adjust pointers
[493.732s][info][gc,phases      ] GC(1361) Phase 3: Adjust pointers 80.039ms
[493.732s][info][gc,phases,start] GC(1361) Phase 4: Move objects
[493.734s][info][gc,phases      ] GC(1361) Phase 4: Move objects 1.581ms
[493.740s][info][gc,heap        ] GC(1361) ParNew: 55375K->0K(460096K)
[493.740s][info][gc,heap        ] GC(1361) CMS: 710719K->170108K(7877440K)
[493.740s][info][gc,metaspace   ] GC(1361) Metaspace: 87753K(93612K)->87753K(93612K) NonClass: 76708K(79648K)->76708K(79648K) Class: 11044K(13964K)->11044K(13964K)
[493.740s][info][gc             ] GC(1361) Pause Full (System.gc()) 748M->166M(8142M) 393.870ms
[493.740s][info][gc,cpu         ] GC(1361) User=0.36s Sys=0.00s Real=0.39s
[493.885s][info][gc,start       ] GC(1362) Pause Young (Allocation Failure)
[493.886s][info][gc,task        ] GC(1362) Using 6 workers of 6 for evacuation
[493.982s][info][gc,heap        ] GC(1362) ParNew: 409024K->51072K(460096K)
[493.982s][info][gc,heap        ] GC(1362) CMS: 170108K->229883K(7877440K)
[493.982s][info][gc,metaspace   ] GC(1362) Metaspace: 87755K(93612K)->87755K(93612K) NonClass: 76710K(79648K)->76710K(79648K) Class: 11044K(13964K)->11044K(13964K)
[493.982s][info][gc             ] GC(1362) Pause Young (Allocation Failure) 565M->274M(8142M) 96.728ms
[493.982s][info][gc,cpu         ] GC(1362) User=0.31s Sys=0.02s Real=0.11s
[494.159s][info][gc,start       ] GC(1363) Pause Young (Allocation Failure)
[494.159s][info][gc,task        ] GC(1363) Using 6 workers of 6 for evacuation
[494.236s][info][gc,heap        ] GC(1363) ParNew: 459258K->51072K(460096K)
[494.236s][info][gc,heap        ] GC(1363) CMS: 229883K->283305K(7877440K)
[494.236s][info][gc,metaspace   ] GC(1363) Metaspace: 87755K(93612K)->87755K(93612K) NonClass: 76710K(79648K)->76710K(79648K) Class: 11044K(13964K)->11044K(13964K)
[494.236s][info][gc             ] GC(1363) Pause Young (Allocation Failure) 672M->326M(8142M) 76.888ms
[494.236s][info][gc,cpu         ] GC(1363) User=0.33s Sys=0.00s Real=0.08s
[494.420s][info][gc,start       ] GC(1364) Pause Young (Allocation Failure)
[494.420s][info][gc,task        ] GC(1364) Using 6 workers of 6 for evacuation
[494.496s][info][gc,heap        ] GC(1364) ParNew: 460096K->51072K(460096K)
[494.496s][info][gc,heap        ] GC(1364) CMS: 283305K->317702K(7877440K)
[494.496s][info][gc,metaspace   ] GC(1364) Metaspace: 87755K(93612K)->87755K(93612K) NonClass: 76710K(79648K)->76710K(79648K) Class: 11044K(13964K)->11044K(13964K)
[494.496s][info][gc             ] GC(1364) Pause Young (Allocation Failure) 725M->360M(8142M) 76.211ms
[494.496s][info][gc,cpu         ] GC(1364) User=0.41s Sys=0.00s Real=0.08s
[494.690s][info][gc,start       ] GC(1365) Pause Young (Allocation Failure)
[494.690s][info][gc,task        ] GC(1365) Using 6 workers of 6 for evacuation
[494.761s][info][gc,heap        ] GC(1365) ParNew: 460096K->34521K(460096K)
[494.761s][info][gc,heap        ] GC(1365) CMS: 317702K->354646K(7877440K)
[494.761s][info][gc,metaspace   ] GC(1365) Metaspace: 87755K(93612K)->87755K(93612K) NonClass: 76710K(79648K)->76710K(79648K) Class: 11044K(13964K)->11044K(13964K)
[494.761s][info][gc             ] GC(1365) Pause Young (Allocation Failure) 759M->380M(8142M) 71.359ms
[494.761s][info][gc,cpu         ] GC(1365) User=0.38s Sys=0.00s Real=0.06s
[495.346s][info][gc,start       ] GC(1366) Pause Young (Allocation Failure)
[495.346s][info][gc,task        ] GC(1366) Using 6 workers of 6 for evacuation
[495.436s][info][gc,heap        ] GC(1366) ParNew: 443545K->51072K(460096K)
[495.436s][info][gc,heap        ] GC(1366) CMS: 354646K->380358K(7877440K)
[495.436s][info][gc,metaspace   ] GC(1366) Metaspace: 87755K(93612K)->87755K(93612K) NonClass: 76710K(79648K)->76710K(79648K) Class: 11044K(13964K)->11044K(13964K)
[495.436s][info][gc             ] GC(1366) Pause Young (Allocation Failure) 779M->421M(8142M) 90.877ms
[495.437s][info][gc,cpu         ] GC(1366) User=0.53s Sys=0.00s Real=0.10s
[495.562s][info][gc,start       ] GC(1367) Pause Young (Allocation Failure)
[495.562s][info][gc,task        ] GC(1367) Using 6 workers of 6 for evacuation
[495.669s][info][gc,heap        ] GC(1367) ParNew: 460096K->51072K(460096K)
[495.669s][info][gc,heap        ] GC(1367) CMS: 380358K->444732K(7877440K)
[495.669s][info][gc,metaspace   ] GC(1367) Metaspace: 87755K(93612K)->87755K(93612K) NonClass: 76710K(79648K)->76710K(79648K) Class: 11044K(13964K)->11044K(13964K)
[495.669s][info][gc             ] GC(1367) Pause Young (Allocation Failure) 820M->484M(8142M) 107.313ms
[495.669s][info][gc,cpu         ] GC(1367) User=0.23s Sys=0.00s Real=0.11s
[495.854s][info][gc,start       ] GC(1368) Pause Young (Allocation Failure)
[495.854s][info][gc,task        ] GC(1368) Using 6 workers of 6 for evacuation
[495.936s][info][gc,heap        ] GC(1368) ParNew: 460096K->51072K(460096K)
[495.936s][info][gc,heap        ] GC(1368) CMS: 444732K->500364K(7877440K)
[495.936s][info][gc,metaspace   ] GC(1368) Metaspace: 87755K(93612K)->87755K(93612K) NonClass: 76710K(79648K)->76710K(79648K) Class: 11044K(13964K)->11044K(13964K)
[495.937s][info][gc             ] GC(1368) Pause Young (Allocation Failure) 883M->538M(8142M) 82.242ms
[495.937s][info][gc,cpu         ] GC(1368) User=0.42s Sys=0.00s Real=0.08s
[496.118s][info][gc,start       ] GC(1369) Pause Young (Allocation Failure)
[496.118s][info][gc,task        ] GC(1369) Using 6 workers of 6 for evacuation
[496.192s][info][gc,heap        ] GC(1369) ParNew: 460096K->45095K(460096K)
[496.192s][info][gc,heap        ] GC(1369) CMS: 500364K->542740K(7877440K)
[496.192s][info][gc,metaspace   ] GC(1369) Metaspace: 87755K(93612K)->87755K(93612K) NonClass: 76710K(79648K)->76710K(79648K) Class: 11044K(13964K)->11044K(13964K)
[496.192s][info][gc             ] GC(1369) Pause Young (Allocation Failure) 937M->574M(8142M) 74.502ms
[496.192s][info][gc,cpu         ] GC(1369) User=0.33s Sys=0.00s Real=0.06s
[496.645s][info][gc,start       ] GC(1370) Pause Young (Allocation Failure)
[496.645s][info][gc,task        ] GC(1370) Using 6 workers of 6 for evacuation
[496.719s][info][gc,heap        ] GC(1370) ParNew: 454119K->33877K(460096K)
[496.719s][info][gc,heap        ] GC(1370) CMS: 542740K->569341K(7877440K)
[496.719s][info][gc,metaspace   ] GC(1370) Metaspace: 87755K(93612K)->87755K(93612K) NonClass: 76710K(79648K)->76710K(79648K) Class: 11044K(13964K)->11044K(13964K)
[496.719s][info][gc             ] GC(1370) Pause Young (Allocation Failure) 973M->589M(8142M) 73.980ms
[496.719s][info][gc,cpu         ] GC(1370) User=0.39s Sys=0.00s Real=0.08s
[497.040s][info][gc,start       ] GC(1371) Pause Young (Allocation Failure)
[497.040s][info][gc,task        ] GC(1371) Using 6 workers of 6 for evacuation
[497.098s][info][gc,heap        ] GC(1371) ParNew: 442901K->51072K(460096K)
[497.098s][info][gc,heap        ] GC(1371) CMS: 569341K->576780K(7877440K)
[497.098s][info][gc,metaspace   ] GC(1371) Metaspace: 87755K(93612K)->87755K(93612K) NonClass: 76710K(79648K)->76710K(79648K) Class: 11044K(13964K)->11044K(13964K)
[497.098s][info][gc             ] GC(1371) Pause Young (Allocation Failure) 988M->613M(8142M) 57.709ms
[497.098s][info][gc,cpu         ] GC(1371) User=0.31s Sys=0.00s Real=0.06s
[497.409s][info][gc,start       ] GC(1372) Pause Young (Allocation Failure)
[497.409s][info][gc,task        ] GC(1372) Using 6 workers of 6 for evacuation
[497.479s][info][gc,heap        ] GC(1372) ParNew: 460096K->48460K(460096K)
[497.479s][info][gc,heap        ] GC(1372) CMS: 576780K->603507K(7877440K)
[497.479s][info][gc,metaspace   ] GC(1372) Metaspace: 87755K(93612K)->87755K(93612K) NonClass: 76710K(79648K)->76710K(79648K) Class: 11044K(13964K)->11044K(13964K)
[497.479s][info][gc             ] GC(1372) Pause Young (Allocation Failure) 1012M->636M(8142M) 69.576ms
[497.479s][info][gc,cpu         ] GC(1372) User=0.28s Sys=0.00s Real=0.07s
[497.716s][info][gc,start       ] GC(1373) Pause Young (Allocation Failure)
[497.716s][info][gc,task        ] GC(1373) Using 6 workers of 6 for evacuation
[497.765s][info][gc,heap        ] GC(1373) ParNew: 457484K->51072K(460096K)
[497.765s][info][gc,heap        ] GC(1373) CMS: 603507K->607689K(7877440K)
[497.765s][info][gc,metaspace   ] GC(1373) Metaspace: 87755K(93612K)->87755K(93612K) NonClass: 76710K(79648K)->76710K(79648K) Class: 11044K(13964K)->11044K(13964K)
[497.765s][info][gc             ] GC(1373) Pause Young (Allocation Failure) 1036M->643M(8142M) 48.841ms
[497.765s][info][gc,cpu         ] GC(1373) User=0.14s Sys=0.00s Real=0.05s
[498.139s][info][gc,start       ] GC(1374) Pause Young (Allocation Failure)
[498.139s][info][gc,task        ] GC(1374) Using 6 workers of 6 for evacuation
[498.184s][info][gc,heap        ] GC(1374) ParNew: 457786K->51072K(460096K)
[498.184s][info][gc,heap        ] GC(1374) CMS: 607689K->614516K(7877440K)
[498.184s][info][gc,metaspace   ] GC(1374) Metaspace: 87756K(93612K)->87756K(93612K) NonClass: 76711K(79648K)->76711K(79648K) Class: 11044K(13964K)->11044K(13964K)
[498.184s][info][gc             ] GC(1374) Pause Young (Allocation Failure) 1040M->649M(8142M) 45.548ms
[498.184s][info][gc,cpu         ] GC(1374) User=0.19s Sys=0.00s Real=0.05s
[498.419s][info][gc,start       ] GC(1375) Pause Young (Allocation Failure)
[498.419s][info][gc,task        ] GC(1375) Using 6 workers of 6 for evacuation
[498.469s][info][gc,heap        ] GC(1375) ParNew: 460096K->51072K(460096K)
[498.469s][info][gc,heap        ] GC(1375) CMS: 614516K->637173K(7877440K)
[498.469s][info][gc,metaspace   ] GC(1375) Metaspace: 87756K(93612K)->87756K(93612K) NonClass: 76711K(79648K)->76711K(79648K) Class: 11044K(13964K)->11044K(13964K)
[498.469s][info][gc             ] GC(1375) Pause Young (Allocation Failure) 1049M->672M(8142M) 50.871ms
[498.469s][info][gc,cpu         ] GC(1375) User=0.19s Sys=0.00s Real=0.05s
[498.611s][info][gc,start       ] GC(1376) Pause Full (System.gc())
[498.615s][info][gc,phases,start] GC(1376) Phase 1: Mark live objects
[498.740s][info][gc,phases      ] GC(1376) Phase 1: Mark live objects 124.915ms
[498.740s][info][gc,phases,start] GC(1376) Phase 2: Compute new object addresses
[498.963s][info][gc,phases      ] GC(1376) Phase 2: Compute new object addresses 223.427ms
[498.963s][info][gc,phases,start] GC(1376) Phase 3: Adjust pointers
[499.043s][info][gc,phases      ] GC(1376) Phase 3: Adjust pointers 80.102ms
[499.043s][info][gc,phases,start] GC(1376) Phase 4: Move objects
[499.045s][info][gc,phases      ] GC(1376) Phase 4: Move objects 1.681ms
[499.051s][info][gc,heap        ] GC(1376) ParNew: 450886K->0K(460096K)
[499.051s][info][gc,heap        ] GC(1376) CMS: 637173K->170159K(7877440K)
[499.051s][info][gc,metaspace   ] GC(1376) Metaspace: 87756K(93612K)->87756K(93612K) NonClass: 76711K(79648K)->76711K(79648K) Class: 11044K(13964K)->11044K(13964K)
[499.052s][info][gc             ] GC(1376) Pause Full (System.gc()) 1062M->166M(8142M) 440.493ms
[499.052s][info][gc,cpu         ] GC(1376) User=0.44s Sys=0.00s Real=0.44s
[499.201s][info][gc,start       ] GC(1377) Pause Young (Allocation Failure)
[499.201s][info][gc,task        ] GC(1377) Using 6 workers of 6 for evacuation
[499.296s][info][gc,heap        ] GC(1377) ParNew: 409024K->51072K(460096K)
[499.296s][info][gc,heap        ] GC(1377) CMS: 170159K->229682K(7877440K)
[499.296s][info][gc,metaspace   ] GC(1377) Metaspace: 87756K(93612K)->87756K(93612K) NonClass: 76711K(79648K)->76711K(79648K) Class: 11044K(13964K)->11044K(13964K)
[499.296s][info][gc             ] GC(1377) Pause Young (Allocation Failure) 565M->274M(8142M) 94.828ms
[499.296s][info][gc,cpu         ] GC(1377) User=0.19s Sys=0.00s Real=0.09s
[499.471s][info][gc,start       ] GC(1378) Pause Young (Allocation Failure)
[499.471s][info][gc,task        ] GC(1378) Using 6 workers of 6 for evacuation
[499.547s][info][gc,heap        ] GC(1378) ParNew: 460096K->51072K(460096K)
[499.547s][info][gc,heap        ] GC(1378) CMS: 229682K->282671K(7877440K)
[499.547s][info][gc,metaspace   ] GC(1378) Metaspace: 87756K(93612K)->87756K(93612K) NonClass: 76711K(79648K)->76711K(79648K) Class: 11044K(13964K)->11044K(13964K)
[499.547s][info][gc             ] GC(1378) Pause Young (Allocation Failure) 673M->325M(8142M) 75.852ms
[499.547s][info][gc,cpu         ] GC(1378) User=0.38s Sys=0.00s Real=0.08s
[499.732s][info][gc,start       ] GC(1379) Pause Young (Allocation Failure)
[499.732s][info][gc,task        ] GC(1379) Using 6 workers of 6 for evacuation
[499.809s][info][gc,heap        ] GC(1379) ParNew: 460096K->51072K(460096K)
[499.809s][info][gc,heap        ] GC(1379) CMS: 282671K->319678K(7877440K)
[499.809s][info][gc,metaspace   ] GC(1379) Metaspace: 87756K(93612K)->87756K(93612K) NonClass: 76711K(79648K)->76711K(79648K) Class: 11044K(13964K)->11044K(13964K)
[499.809s][info][gc             ] GC(1379) Pause Young (Allocation Failure) 725M->362M(8142M) 77.121ms
[499.809s][info][gc,cpu         ] GC(1379) User=0.39s Sys=0.00s Real=0.08s
[500.002s][info][gc,start       ] GC(1380) Pause Young (Allocation Failure)
[500.002s][info][gc,task        ] GC(1380) Using 6 workers of 6 for evacuation
[500.073s][info][gc,heap        ] GC(1380) ParNew: 460096K->34323K(460096K)
[500.073s][info][gc,heap        ] GC(1380) CMS: 319678K->356062K(7877440K)
[500.073s][info][gc,metaspace   ] GC(1380) Metaspace: 87756K(93612K)->87756K(93612K) NonClass: 76711K(79648K)->76711K(79648K) Class: 11044K(13964K)->11044K(13964K)
[500.073s][info][gc             ] GC(1380) Pause Young (Allocation Failure) 761M->381M(8142M) 71.240ms
[500.073s][info][gc,cpu         ] GC(1380) User=0.38s Sys=0.00s Real=0.06s
[500.652s][info][gc,start       ] GC(1381) Pause Young (Allocation Failure)
[500.652s][info][gc,task        ] GC(1381) Using 6 workers of 6 for evacuation
[500.742s][info][gc,heap        ] GC(1381) ParNew: 443347K->51072K(460096K)
[500.742s][info][gc,heap        ] GC(1381) CMS: 356062K->381888K(7877440K)
[500.742s][info][gc,metaspace   ] GC(1381) Metaspace: 87757K(93612K)->87757K(93612K) NonClass: 76712K(79648K)->76712K(79648K) Class: 11044K(13964K)->11044K(13964K)
[500.742s][info][gc             ] GC(1381) Pause Young (Allocation Failure) 780M->422M(8142M) 90.089ms
[500.742s][info][gc,cpu         ] GC(1381) User=0.50s Sys=0.00s Real=0.09s
[500.868s][info][gc,start       ] GC(1382) Pause Young (Allocation Failure)
[500.868s][info][gc,task        ] GC(1382) Using 6 workers of 6 for evacuation
[500.977s][info][gc,heap        ] GC(1382) ParNew: 460096K->51072K(460096K)
[500.978s][info][gc,heap        ] GC(1382) CMS: 381888K->446472K(7877440K)
[500.978s][info][gc,metaspace   ] GC(1382) Metaspace: 87757K(93612K)->87757K(93612K) NonClass: 76712K(79648K)->76712K(79648K) Class: 11044K(13964K)->11044K(13964K)
[500.978s][info][gc             ] GC(1382) Pause Young (Allocation Failure) 822M->485M(8142M) 109.715ms
[500.978s][info][gc,cpu         ] GC(1382) User=0.27s Sys=0.00s Real=0.11s
[501.168s][info][gc,start       ] GC(1383) Pause Young (Allocation Failure)
[501.168s][info][gc,task        ] GC(1383) Using 6 workers of 6 for evacuation
[501.250s][info][gc,heap        ] GC(1383) ParNew: 460096K->51072K(460096K)
[501.250s][info][gc,heap        ] GC(1383) CMS: 446472K->499656K(7877440K)
[501.250s][info][gc,metaspace   ] GC(1383) Metaspace: 87757K(93612K)->87757K(93612K) NonClass: 76712K(79648K)->76712K(79648K) Class: 11044K(13964K)->11044K(13964K)
[501.250s][info][gc             ] GC(1383) Pause Young (Allocation Failure) 885M->537M(8142M) 81.482ms
[501.250s][info][gc,cpu         ] GC(1383) User=0.38s Sys=0.00s Real=0.08s
[501.438s][info][gc,start       ] GC(1384) Pause Young (Allocation Failure)
[501.438s][info][gc,task        ] GC(1384) Using 6 workers of 6 for evacuation
[501.511s][info][gc,heap        ] GC(1384) ParNew: 460096K->45546K(460096K)
[501.511s][info][gc,heap        ] GC(1384) CMS: 499656K->542546K(7877440K)
[501.511s][info][gc,metaspace   ] GC(1384) Metaspace: 87757K(93612K)->87757K(93612K) NonClass: 76712K(79648K)->76712K(79648K) Class: 11044K(13964K)->11044K(13964K)
[501.511s][info][gc             ] GC(1384) Pause Young (Allocation Failure) 937M->574M(8142M) 73.686ms
[501.511s][info][gc,cpu         ] GC(1384) User=0.44s Sys=0.00s Real=0.08s
[501.982s][info][gc,start       ] GC(1385) Pause Young (Allocation Failure)
[501.982s][info][gc,task        ] GC(1385) Using 6 workers of 6 for evacuation
[502.056s][info][gc,heap        ] GC(1385) ParNew: 454570K->34072K(460096K)
[502.056s][info][gc,heap        ] GC(1385) CMS: 542546K->569285K(7877440K)
[502.056s][info][gc,metaspace   ] GC(1385) Metaspace: 87757K(93612K)->87757K(93612K) NonClass: 76712K(79648K)->76712K(79648K) Class: 11044K(13964K)->11044K(13964K)
[502.056s][info][gc             ] GC(1385) Pause Young (Allocation Failure) 973M->589M(8142M) 74.365ms
[502.056s][info][gc,cpu         ] GC(1385) User=0.39s Sys=0.00s Real=0.08s
[502.382s][info][gc,start       ] GC(1386) Pause Young (Allocation Failure)
[502.382s][info][gc,task        ] GC(1386) Using 6 workers of 6 for evacuation
[502.440s][info][gc,heap        ] GC(1386) ParNew: 443098K->51072K(460096K)
[502.441s][info][gc,heap        ] GC(1386) CMS: 569285K->575970K(7877440K)
[502.441s][info][gc,metaspace   ] GC(1386) Metaspace: 87757K(93612K)->87757K(93612K) NonClass: 76712K(79648K)->76712K(79648K) Class: 11044K(13964K)->11044K(13964K)
[502.441s][info][gc             ] GC(1386) Pause Young (Allocation Failure) 988M->612M(8142M) 58.634ms
[502.441s][info][gc,cpu         ] GC(1386) User=0.27s Sys=0.00s Real=0.05s
[502.764s][info][gc,start       ] GC(1387) Pause Young (Allocation Failure)
[502.764s][info][gc,task        ] GC(1387) Using 6 workers of 6 for evacuation
[502.833s][info][gc,heap        ] GC(1387) ParNew: 460096K->49228K(460096K)
[502.833s][info][gc,heap        ] GC(1387) CMS: 575970K->602431K(7877440K)
[502.833s][info][gc,metaspace   ] GC(1387) Metaspace: 87757K(93612K)->87757K(93612K) NonClass: 76712K(79648K)->76712K(79648K) Class: 11044K(13964K)->11044K(13964K)
[502.834s][info][gc             ] GC(1387) Pause Young (Allocation Failure) 1011M->636M(8142M) 69.629ms
[502.834s][info][gc,cpu         ] GC(1387) User=0.41s Sys=0.00s Real=0.06s
[503.059s][info][gc,start       ] GC(1388) Pause Young (Allocation Failure)
[503.059s][info][gc,task        ] GC(1388) Using 6 workers of 6 for evacuation
[503.109s][info][gc,heap        ] GC(1388) ParNew: 458252K->51072K(460096K)
[503.109s][info][gc,heap        ] GC(1388) CMS: 602431K->607193K(7877440K)
[503.109s][info][gc,metaspace   ] GC(1388) Metaspace: 87757K(93612K)->87757K(93612K) NonClass: 76712K(79648K)->76712K(79648K) Class: 11044K(13964K)->11044K(13964K)
[503.109s][info][gc             ] GC(1388) Pause Young (Allocation Failure) 1035M->642M(8142M) 49.885ms
[503.109s][info][gc,cpu         ] GC(1388) User=0.14s Sys=0.00s Real=0.05s
[503.477s][info][gc,start       ] GC(1389) Pause Young (Allocation Failure)
[503.477s][info][gc,task        ] GC(1389) Using 6 workers of 6 for evacuation
[503.526s][info][gc,heap        ] GC(1389) ParNew: 459090K->51072K(460096K)
[503.526s][info][gc,heap        ] GC(1389) CMS: 607193K->631334K(7877440K)
[503.526s][info][gc,metaspace   ] GC(1389) Metaspace: 87757K(93612K)->87757K(93612K) NonClass: 76712K(79648K)->76712K(79648K) Class: 11044K(13964K)->11044K(13964K)
[503.526s][info][gc             ] GC(1389) Pause Young (Allocation Failure) 1041M->666M(8142M) 49.789ms
[503.526s][info][gc,cpu         ] GC(1389) User=0.14s Sys=0.00s Real=0.05s
[503.714s][info][gc,start       ] GC(1390) Pause Young (Allocation Failure)
[503.714s][info][gc,task        ] GC(1390) Using 6 workers of 6 for evacuation
[503.763s][info][gc,heap        ] GC(1390) ParNew: 460096K->51072K(460096K)
[503.763s][info][gc,heap        ] GC(1390) CMS: 631334K->647340K(7877440K)
[503.763s][info][gc,metaspace   ] GC(1390) Metaspace: 87757K(93612K)->87757K(93612K) NonClass: 76712K(79648K)->76712K(79648K) Class: 11044K(13964K)->11044K(13964K)
[503.763s][info][gc             ] GC(1390) Pause Young (Allocation Failure) 1065M->682M(8142M) 48.994ms
[503.763s][info][gc,cpu         ] GC(1390) User=0.19s Sys=0.00s Real=0.05s
[503.907s][info][gc,start       ] GC(1391) Pause Young (Allocation Failure)
[503.907s][info][gc,task        ] GC(1391) Using 6 workers of 6 for evacuation
[504.147s][info][gc,heap        ] GC(1391) ParNew: 460096K->51072K(460096K)
[504.147s][info][gc,heap        ] GC(1391) CMS: 647340K->706012K(7877440K)
[504.147s][info][gc,metaspace   ] GC(1391) Metaspace: 87757K(93612K)->87757K(93612K) NonClass: 76712K(79648K)->76712K(79648K) Class: 11044K(13964K)->11044K(13964K)
[504.147s][info][gc             ] GC(1391) Pause Young (Allocation Failure) 1081M->739M(8142M) 240.213ms
[504.147s][info][gc,cpu         ] GC(1391) User=1.30s Sys=0.00s Real=0.24s
[504.149s][info][gc,start       ] GC(1392) Pause Full (System.gc())
[504.151s][info][gc,phases,start] GC(1392) Phase 1: Mark live objects
[504.276s][info][gc,phases      ] GC(1392) Phase 1: Mark live objects 124.951ms
[504.276s][info][gc,phases,start] GC(1392) Phase 2: Compute new object addresses
[504.455s][info][gc,phases      ] GC(1392) Phase 2: Compute new object addresses 178.957ms
[504.455s][info][gc,phases,start] GC(1392) Phase 3: Adjust pointers
[504.535s][info][gc,phases      ] GC(1392) Phase 3: Adjust pointers 80.166ms
[504.535s][info][gc,phases,start] GC(1392) Phase 4: Move objects
[504.537s][info][gc,phases      ] GC(1392) Phase 4: Move objects 1.696ms
[504.543s][info][gc,heap        ] GC(1392) ParNew: 55375K->0K(460096K)
[504.543s][info][gc,heap        ] GC(1392) CMS: 706012K->170216K(7877440K)
[504.543s][info][gc,metaspace   ] GC(1392) Metaspace: 87757K(93612K)->87757K(93612K) NonClass: 76712K(79648K)->76712K(79648K) Class: 11044K(13964K)->11044K(13964K)
[504.544s][info][gc             ] GC(1392) Pause Full (System.gc()) 743M->166M(8142M) 394.672ms
[504.544s][info][gc,cpu         ] GC(1392) User=0.36s Sys=0.00s Real=0.39s
[504.688s][info][gc,start       ] GC(1393) Pause Young (Allocation Failure)
[504.688s][info][gc,task        ] GC(1393) Using 6 workers of 6 for evacuation
[504.784s][info][gc,heap        ] GC(1393) ParNew: 409024K->51072K(460096K)
[504.784s][info][gc,heap        ] GC(1393) CMS: 170216K->229462K(7877440K)
[504.784s][info][gc,metaspace   ] GC(1393) Metaspace: 87758K(93612K)->87758K(93612K) NonClass: 76713K(79648K)->76713K(79648K) Class: 11045K(13964K)->11045K(13964K)
[504.784s][info][gc             ] GC(1393) Pause Young (Allocation Failure) 565M->273M(8142M) 95.256ms
[504.784s][info][gc,cpu         ] GC(1393) User=0.31s Sys=0.00s Real=0.09s
[504.958s][info][gc,start       ] GC(1394) Pause Young (Allocation Failure)
[504.958s][info][gc,task        ] GC(1394) Using 6 workers of 6 for evacuation
[505.033s][info][gc,heap        ] GC(1394) ParNew: 460096K->51072K(460096K)
[505.033s][info][gc,heap        ] GC(1394) CMS: 229462K->279458K(7877440K)
[505.033s][info][gc,metaspace   ] GC(1394) Metaspace: 87758K(93612K)->87758K(93612K) NonClass: 76713K(79648K)->76713K(79648K) Class: 11045K(13964K)->11045K(13964K)
[505.033s][info][gc             ] GC(1394) Pause Young (Allocation Failure) 673M->322M(8142M) 75.132ms
[505.033s][info][gc,cpu         ] GC(1394) User=0.28s Sys=0.00s Real=0.06s
[505.223s][info][gc,start       ] GC(1395) Pause Young (Allocation Failure)
[505.223s][info][gc,task        ] GC(1395) Using 6 workers of 6 for evacuation
[505.300s][info][gc,heap        ] GC(1395) ParNew: 460096K->51072K(460096K)
[505.300s][info][gc,heap        ] GC(1395) CMS: 279458K->316512K(7877440K)
[505.300s][info][gc,metaspace   ] GC(1395) Metaspace: 87758K(93612K)->87758K(93612K) NonClass: 76713K(79648K)->76713K(79648K) Class: 11045K(13964K)->11045K(13964K)
[505.300s][info][gc             ] GC(1395) Pause Young (Allocation Failure) 722M->358M(8142M) 77.233ms
[505.300s][info][gc,cpu         ] GC(1395) User=0.47s Sys=0.00s Real=0.09s
[505.493s][info][gc,start       ] GC(1396) Pause Young (Allocation Failure)
[505.494s][info][gc,task        ] GC(1396) Using 6 workers of 6 for evacuation
[505.565s][info][gc,heap        ] GC(1396) ParNew: 460096K->35133K(460096K)
[505.565s][info][gc,heap        ] GC(1396) CMS: 316512K->352781K(7877440K)
[505.565s][info][gc,metaspace   ] GC(1396) Metaspace: 87758K(93612K)->87758K(93612K) NonClass: 76713K(79648K)->76713K(79648K) Class: 11045K(13964K)->11045K(13964K)
[505.565s][info][gc             ] GC(1396) Pause Young (Allocation Failure) 758M->378M(8142M) 71.183ms
[505.565s][info][gc,cpu         ] GC(1396) User=0.47s Sys=0.00s Real=0.06s
[506.174s][info][gc,start       ] GC(1397) Pause Young (Allocation Failure)
[506.174s][info][gc,task        ] GC(1397) Using 6 workers of 6 for evacuation
[506.265s][info][gc,heap        ] GC(1397) ParNew: 444157K->51072K(460096K)
[506.265s][info][gc,heap        ] GC(1397) CMS: 352781K->378706K(7877440K)
[506.265s][info][gc,metaspace   ] GC(1397) Metaspace: 87758K(93612K)->87758K(93612K) NonClass: 76713K(79648K)->76713K(79648K) Class: 11045K(13964K)->11045K(13964K)
[506.265s][info][gc             ] GC(1397) Pause Young (Allocation Failure) 778M->419M(8142M) 90.745ms
[506.265s][info][gc,cpu         ] GC(1397) User=0.48s Sys=0.00s Real=0.09s
[506.391s][info][gc,start       ] GC(1398) Pause Young (Allocation Failure)
[506.391s][info][gc,task        ] GC(1398) Using 6 workers of 6 for evacuation
[506.499s][info][gc,heap        ] GC(1398) ParNew: 460096K->51072K(460096K)
[506.500s][info][gc,heap        ] GC(1398) CMS: 378706K->442763K(7877440K)
[506.500s][info][gc,metaspace   ] GC(1398) Metaspace: 87758K(93612K)->87758K(93612K) NonClass: 76713K(79648K)->76713K(79648K) Class: 11045K(13964K)->11045K(13964K)
[506.500s][info][gc             ] GC(1398) Pause Young (Allocation Failure) 819M->482M(8142M) 108.806ms
[506.500s][info][gc,cpu         ] GC(1398) User=0.19s Sys=0.00s Real=0.11s
[506.687s][info][gc,start       ] GC(1399) Pause Young (Allocation Failure)
[506.687s][info][gc,task        ] GC(1399) Using 6 workers of 6 for evacuation
[506.769s][info][gc,heap        ] GC(1399) ParNew: 460096K->51072K(460096K)
[506.769s][info][gc,heap        ] GC(1399) CMS: 442763K->499549K(7877440K)
[506.769s][info][gc,metaspace   ] GC(1399) Metaspace: 87760K(93612K)->87760K(93612K) NonClass: 76714K(79648K)->76714K(79648K) Class: 11045K(13964K)->11045K(13964K)
[506.769s][info][gc             ] GC(1399) Pause Young (Allocation Failure) 881M->537M(8142M) 82.113ms
[506.769s][info][gc,cpu         ] GC(1399) User=0.41s Sys=0.00s Real=0.08s
[506.952s][info][gc,start       ] GC(1400) Pause Young (Allocation Failure)
[506.952s][info][gc,task        ] GC(1400) Using 6 workers of 6 for evacuation
[507.024s][info][gc,heap        ] GC(1400) ParNew: 460096K->45363K(460096K)
[507.024s][info][gc,heap        ] GC(1400) CMS: 499549K->540398K(7877440K)
[507.024s][info][gc,metaspace   ] GC(1400) Metaspace: 87760K(93612K)->87760K(93612K) NonClass: 76714K(79648K)->76714K(79648K) Class: 11045K(13964K)->11045K(13964K)
[507.024s][info][gc             ] GC(1400) Pause Young (Allocation Failure) 937M->572M(8142M) 72.183ms
[507.024s][info][gc,cpu         ] GC(1400) User=0.38s Sys=0.00s Real=0.06s
[507.482s][info][gc,start       ] GC(1401) Pause Young (Allocation Failure)
[507.482s][info][gc,task        ] GC(1401) Using 6 workers of 6 for evacuation
[507.556s][info][gc,heap        ] GC(1401) ParNew: 454387K->33972K(460096K)
[507.556s][info][gc,heap        ] GC(1401) CMS: 540398K->567020K(7877440K)
[507.556s][info][gc,metaspace   ] GC(1401) Metaspace: 87760K(93612K)->87760K(93612K) NonClass: 76714K(79648K)->76714K(79648K) Class: 11045K(13964K)->11045K(13964K)
[507.556s][info][gc             ] GC(1401) Pause Young (Allocation Failure) 971M->586M(8142M) 74.161ms
[507.556s][info][gc,cpu         ] GC(1401) User=0.44s Sys=0.00s Real=0.08s
[507.891s][info][gc,start       ] GC(1402) Pause Young (Allocation Failure)
[507.891s][info][gc,task        ] GC(1402) Using 6 workers of 6 for evacuation
[507.948s][info][gc,heap        ] GC(1402) ParNew: 442996K->51072K(460096K)
[507.948s][info][gc,heap        ] GC(1402) CMS: 567020K->573533K(7877440K)
[507.948s][info][gc,metaspace   ] GC(1402) Metaspace: 87760K(93612K)->87760K(93612K) NonClass: 76714K(79648K)->76714K(79648K) Class: 11045K(13964K)->11045K(13964K)
[507.948s][info][gc             ] GC(1402) Pause Young (Allocation Failure) 986M->609M(8142M) 57.095ms
[507.948s][info][gc,cpu         ] GC(1402) User=0.28s Sys=0.00s Real=0.06s
[508.264s][info][gc,start       ] GC(1403) Pause Young (Allocation Failure)
[508.264s][info][gc,task        ] GC(1403) Using 6 workers of 6 for evacuation
[508.333s][info][gc,heap        ] GC(1403) ParNew: 460096K->44932K(460096K)
[508.333s][info][gc,heap        ] GC(1403) CMS: 573533K->600397K(7877440K)
[508.333s][info][gc,metaspace   ] GC(1403) Metaspace: 87760K(93612K)->87760K(93612K) NonClass: 76714K(79648K)->76714K(79648K) Class: 11045K(13964K)->11045K(13964K)
[508.333s][info][gc             ] GC(1403) Pause Young (Allocation Failure) 1009M->630M(8142M) 69.182ms
[508.333s][info][gc,cpu         ] GC(1403) User=0.28s Sys=0.00s Real=0.08s
[508.568s][info][gc,start       ] GC(1404) Pause Young (Allocation Failure)
[508.568s][info][gc,task        ] GC(1404) Using 6 workers of 6 for evacuation
[508.616s][info][gc,heap        ] GC(1404) ParNew: 453956K->51072K(460096K)
[508.616s][info][gc,heap        ] GC(1404) CMS: 600397K->604634K(7877440K)
[508.616s][info][gc,metaspace   ] GC(1404) Metaspace: 87760K(93612K)->87760K(93612K) NonClass: 76714K(79648K)->76714K(79648K) Class: 11045K(13964K)->11045K(13964K)
[508.616s][info][gc             ] GC(1404) Pause Young (Allocation Failure) 1029M->640M(8142M) 48.012ms
[508.616s][info][gc,cpu         ] GC(1404) User=0.16s Sys=0.00s Real=0.05s
[508.995s][info][gc,start       ] GC(1405) Pause Young (Allocation Failure)
[508.995s][info][gc,task        ] GC(1405) Using 6 workers of 6 for evacuation
[509.043s][info][gc,heap        ] GC(1405) ParNew: 458042K->51072K(460096K)
[509.043s][info][gc,heap        ] GC(1405) CMS: 604634K->623396K(7877440K)
[509.043s][info][gc,metaspace   ] GC(1405) Metaspace: 87760K(93612K)->87760K(93612K) NonClass: 76714K(79648K)->76714K(79648K) Class: 11045K(13964K)->11045K(13964K)
[509.043s][info][gc             ] GC(1405) Pause Young (Allocation Failure) 1037M->658M(8142M) 47.611ms
[509.043s][info][gc,cpu         ] GC(1405) User=0.12s Sys=0.00s Real=0.05s
[509.202s][info][gc,start       ] GC(1406) Pause Young (Allocation Failure)
[509.202s][info][gc,task        ] GC(1406) Using 6 workers of 6 for evacuation
[509.248s][info][gc,heap        ] GC(1406) ParNew: 460096K->51072K(460096K)
[509.248s][info][gc,heap        ] GC(1406) CMS: 623396K->633868K(7877440K)
[509.248s][info][gc,metaspace   ] GC(1406) Metaspace: 87760K(93612K)->87760K(93612K) NonClass: 76714K(79648K)->76714K(79648K) Class: 11045K(13964K)->11045K(13964K)
[509.248s][info][gc             ] GC(1406) Pause Young (Allocation Failure) 1058M->668M(8142M) 45.552ms
[509.248s][info][gc,cpu         ] GC(1406) User=0.17s Sys=0.00s Real=0.05s
[509.392s][info][gc,start       ] GC(1407) Pause Young (Allocation Failure)
[509.392s][info][gc,task        ] GC(1407) Using 6 workers of 6 for evacuation
[509.594s][info][gc,heap        ] GC(1407) ParNew: 460096K->51072K(460096K)
[509.594s][info][gc,heap        ] GC(1407) CMS: 633868K->701085K(7877440K)
[509.594s][info][gc,metaspace   ] GC(1407) Metaspace: 87760K(93612K)->87760K(93612K) NonClass: 76714K(79648K)->76714K(79648K) Class: 11045K(13964K)->11045K(13964K)
[509.594s][info][gc             ] GC(1407) Pause Young (Allocation Failure) 1068M->734M(8142M) 201.907ms
[509.594s][info][gc,cpu         ] GC(1407) User=1.03s Sys=0.00s Real=0.20s
[509.599s][info][gc,start       ] GC(1408) Pause Full (System.gc())
[509.603s][info][gc,phases,start] GC(1408) Phase 1: Mark live objects
[509.726s][info][gc,phases      ] GC(1408) Phase 1: Mark live objects 123.442ms
[509.726s][info][gc,phases,start] GC(1408) Phase 2: Compute new object addresses
[509.902s][info][gc,phases      ] GC(1408) Phase 2: Compute new object addresses 175.227ms
[509.902s][info][gc,phases,start] GC(1408) Phase 3: Adjust pointers
[509.986s][info][gc,phases      ] GC(1408) Phase 3: Adjust pointers 84.347ms
[509.986s][info][gc,phases,start] GC(1408) Phase 4: Move objects
[510.016s][info][gc,phases      ] GC(1408) Phase 4: Move objects 30.150ms
[510.022s][info][gc,heap        ] GC(1408) ParNew: 59606K->0K(460096K)
[510.022s][info][gc,heap        ] GC(1408) CMS: 701085K->170268K(7877440K)
[510.022s][info][gc,metaspace   ] GC(1408) Metaspace: 87760K(93612K)->87760K(93612K) NonClass: 76714K(79648K)->76714K(79648K) Class: 11045K(13964K)->11045K(13964K)
[510.023s][info][gc             ] GC(1408) Pause Full (System.gc()) 742M->166M(8142M) 423.541ms
[510.023s][info][gc,cpu         ] GC(1408) User=0.39s Sys=0.00s Real=0.42s
[510.171s][info][gc,start       ] GC(1409) Pause Young (Allocation Failure)
[510.171s][info][gc,task        ] GC(1409) Using 6 workers of 6 for evacuation
[510.266s][info][gc,heap        ] GC(1409) ParNew: 409024K->51072K(460096K)
[510.266s][info][gc,heap        ] GC(1409) CMS: 170268K->229783K(7877440K)
[510.266s][info][gc,metaspace   ] GC(1409) Metaspace: 87760K(93612K)->87760K(93612K) NonClass: 76714K(79648K)->76714K(79648K) Class: 11045K(13964K)->11045K(13964K)
[510.266s][info][gc             ] GC(1409) Pause Young (Allocation Failure) 565M->274M(8142M) 95.103ms
[510.266s][info][gc,cpu         ] GC(1409) User=0.25s Sys=0.00s Real=0.09s
[510.439s][info][gc,start       ] GC(1410) Pause Young (Allocation Failure)
[510.439s][info][gc,task        ] GC(1410) Using 6 workers of 6 for evacuation
[510.520s][info][gc,heap        ] GC(1410) ParNew: 459471K->51072K(460096K)
[510.520s][info][gc,heap        ] GC(1410) CMS: 229783K->285893K(7877440K)
[510.520s][info][gc,metaspace   ] GC(1410) Metaspace: 87760K(93612K)->87760K(93612K) NonClass: 76714K(79648K)->76714K(79648K) Class: 11045K(13964K)->11045K(13964K)
[510.520s][info][gc             ] GC(1410) Pause Young (Allocation Failure) 673M->329M(8142M) 80.390ms
[510.520s][info][gc,cpu         ] GC(1410) User=0.33s Sys=0.00s Real=0.08s
[510.715s][info][gc,start       ] GC(1411) Pause Young (Allocation Failure)
[510.715s][info][gc,task        ] GC(1411) Using 6 workers of 6 for evacuation
[510.793s][info][gc,heap        ] GC(1411) ParNew: 460096K->51072K(460096K)
[510.793s][info][gc,heap        ] GC(1411) CMS: 285893K->323608K(7877440K)
[510.793s][info][gc,metaspace   ] GC(1411) Metaspace: 87760K(93612K)->87760K(93612K) NonClass: 76714K(79648K)->76714K(79648K) Class: 11045K(13964K)->11045K(13964K)
[510.793s][info][gc             ] GC(1411) Pause Young (Allocation Failure) 728M->365M(8142M) 78.079ms
[510.793s][info][gc,cpu         ] GC(1411) User=0.38s Sys=0.00s Real=0.08s
[510.992s][info][gc,start       ] GC(1412) Pause Young (Allocation Failure)
[510.992s][info][gc,task        ] GC(1412) Using 6 workers of 6 for evacuation
[511.062s][info][gc,heap        ] GC(1412) ParNew: 460096K->33897K(460096K)
[511.062s][info][gc,heap        ] GC(1412) CMS: 323608K->359247K(7877440K)
[511.062s][info][gc,metaspace   ] GC(1412) Metaspace: 87760K(93612K)->87760K(93612K) NonClass: 76714K(79648K)->76714K(79648K) Class: 11045K(13964K)->11045K(13964K)
[511.062s][info][gc             ] GC(1412) Pause Young (Allocation Failure) 765M->383M(8142M) 70.302ms
[511.062s][info][gc,cpu         ] GC(1412) User=0.31s Sys=0.00s Real=0.06s
[511.672s][info][gc,start       ] GC(1413) Pause Young (Allocation Failure)
[511.672s][info][gc,task        ] GC(1413) Using 6 workers of 6 for evacuation
[511.764s][info][gc,heap        ] GC(1413) ParNew: 442921K->51072K(460096K)
[511.764s][info][gc,heap        ] GC(1413) CMS: 359247K->384555K(7877440K)
[511.764s][info][gc,metaspace   ] GC(1413) Metaspace: 87760K(93612K)->87760K(93612K) NonClass: 76714K(79648K)->76714K(79648K) Class: 11045K(13964K)->11045K(13964K)
[511.764s][info][gc             ] GC(1413) Pause Young (Allocation Failure) 783M->425M(8142M) 91.234ms
[511.764s][info][gc,cpu         ] GC(1413) User=0.52s Sys=0.00s Real=0.10s
[511.889s][info][gc,start       ] GC(1414) Pause Young (Allocation Failure)
[511.889s][info][gc,task        ] GC(1414) Using 6 workers of 6 for evacuation
[511.998s][info][gc,heap        ] GC(1414) ParNew: 460096K->51072K(460096K)
[511.998s][info][gc,heap        ] GC(1414) CMS: 384555K->448106K(7877440K)
[511.998s][info][gc,metaspace   ] GC(1414) Metaspace: 87760K(93612K)->87760K(93612K) NonClass: 76714K(79648K)->76714K(79648K) Class: 11045K(13964K)->11045K(13964K)
[511.998s][info][gc             ] GC(1414) Pause Young (Allocation Failure) 824M->487M(8142M) 108.783ms
[511.998s][info][gc,cpu         ] GC(1414) User=0.33s Sys=0.00s Real=0.11s
[512.187s][info][gc,start       ] GC(1415) Pause Young (Allocation Failure)
[512.187s][info][gc,task        ] GC(1415) Using 6 workers of 6 for evacuation
[512.272s][info][gc,heap        ] GC(1415) ParNew: 460096K->51072K(460096K)
[512.272s][info][gc,heap        ] GC(1415) CMS: 448106K->505029K(7877440K)
[512.272s][info][gc,metaspace   ] GC(1415) Metaspace: 87760K(93612K)->87760K(93612K) NonClass: 76714K(79648K)->76714K(79648K) Class: 11045K(13964K)->11045K(13964K)
[512.272s][info][gc             ] GC(1415) Pause Young (Allocation Failure) 886M->543M(8142M) 84.916ms
[512.272s][info][gc,cpu         ] GC(1415) User=0.42s Sys=0.00s Real=0.08s
[512.457s][info][gc,start       ] GC(1416) Pause Young (Allocation Failure)
[512.457s][info][gc,task        ] GC(1416) Using 6 workers of 6 for evacuation
[512.531s][info][gc,heap        ] GC(1416) ParNew: 460096K->44883K(460096K)
[512.531s][info][gc,heap        ] GC(1416) CMS: 505029K->544985K(7877440K)
[512.531s][info][gc,metaspace   ] GC(1416) Metaspace: 87760K(93612K)->87760K(93612K) NonClass: 76714K(79648K)->76714K(79648K) Class: 11045K(13964K)->11045K(13964K)
[512.532s][info][gc             ] GC(1416) Pause Young (Allocation Failure) 942M->576M(8142M) 74.948ms
[512.532s][info][gc,cpu         ] GC(1416) User=0.39s Sys=0.00s Real=0.08s
[512.977s][info][gc,start       ] GC(1417) Pause Young (Allocation Failure)
[512.977s][info][gc,task        ] GC(1417) Using 6 workers of 6 for evacuation
[513.052s][info][gc,heap        ] GC(1417) ParNew: 453907K->33841K(460096K)
[513.052s][info][gc,heap        ] GC(1417) CMS: 544985K->571569K(7877440K)
[513.052s][info][gc,metaspace   ] GC(1417) Metaspace: 87760K(93612K)->87760K(93612K) NonClass: 76714K(79648K)->76714K(79648K) Class: 11045K(13964K)->11045K(13964K)
[513.052s][info][gc             ] GC(1417) Pause Young (Allocation Failure) 975M->591M(8142M) 75.468ms
[513.052s][info][gc,cpu         ] GC(1417) User=0.44s Sys=0.00s Real=0.08s
[513.383s][info][gc,start       ] GC(1418) Pause Young (Allocation Failure)
[513.383s][info][gc,task        ] GC(1418) Using 6 workers of 6 for evacuation
[513.440s][info][gc,heap        ] GC(1418) ParNew: 442865K->51072K(460096K)
[513.440s][info][gc,heap        ] GC(1418) CMS: 571569K->577764K(7877440K)
[513.440s][info][gc,metaspace   ] GC(1418) Metaspace: 87760K(93612K)->87760K(93612K) NonClass: 76714K(79648K)->76714K(79648K) Class: 11045K(13964K)->11045K(13964K)
[513.440s][info][gc             ] GC(1418) Pause Young (Allocation Failure) 990M->614M(8142M) 57.404ms
[513.440s][info][gc,cpu         ] GC(1418) User=0.30s Sys=0.00s Real=0.06s
[513.751s][info][gc,start       ] GC(1419) Pause Young (Allocation Failure)
[513.751s][info][gc,task        ] GC(1419) Using 6 workers of 6 for evacuation
[513.821s][info][gc,heap        ] GC(1419) ParNew: 460096K->45322K(460096K)
[513.821s][info][gc,heap        ] GC(1419) CMS: 577764K->604796K(7877440K)
[513.821s][info][gc,metaspace   ] GC(1419) Metaspace: 87760K(93612K)->87760K(93612K) NonClass: 76714K(79648K)->76714K(79648K) Class: 11045K(13964K)->11045K(13964K)
[513.821s][info][gc             ] GC(1419) Pause Young (Allocation Failure) 1013M->634M(8142M) 70.220ms
[513.821s][info][gc,cpu         ] GC(1419) User=0.33s Sys=0.00s Real=0.06s
[514.052s][info][gc,start       ] GC(1420) Pause Young (Allocation Failure)
[514.052s][info][gc,task        ] GC(1420) Using 6 workers of 6 for evacuation
[514.100s][info][gc,heap        ] GC(1420) ParNew: 454346K->51072K(460096K)
[514.100s][info][gc,heap        ] GC(1420) CMS: 604796K->608593K(7877440K)
[514.100s][info][gc,metaspace   ] GC(1420) Metaspace: 87760K(93612K)->87760K(93612K) NonClass: 76714K(79648K)->76714K(79648K) Class: 11045K(13964K)->11045K(13964K)
[514.100s][info][gc             ] GC(1420) Pause Young (Allocation Failure) 1034M->644M(8142M) 47.721ms
[514.100s][info][gc,cpu         ] GC(1420) User=0.08s Sys=0.00s Real=0.05s
[514.479s][info][gc,start       ] GC(1421) Pause Young (Allocation Failure)
[514.479s][info][gc,task        ] GC(1421) Using 6 workers of 6 for evacuation
[514.525s][info][gc,heap        ] GC(1421) ParNew: 460096K->51072K(460096K)
[514.525s][info][gc,heap        ] GC(1421) CMS: 608593K->618474K(7877440K)
[514.525s][info][gc,metaspace   ] GC(1421) Metaspace: 87761K(93612K)->87761K(93612K) NonClass: 76715K(79648K)->76715K(79648K) Class: 11045K(13964K)->11045K(13964K)
[514.525s][info][gc             ] GC(1421) Pause Young (Allocation Failure) 1043M->653M(8142M) 46.192ms
[514.525s][info][gc,cpu         ] GC(1421) User=0.14s Sys=0.00s Real=0.05s
[514.769s][info][gc,start       ] GC(1422) Pause Young (Allocation Failure)
[514.769s][info][gc,task        ] GC(1422) Using 6 workers of 6 for evacuation
[514.820s][info][gc,heap        ] GC(1422) ParNew: 460096K->51072K(460096K)
[514.820s][info][gc,heap        ] GC(1422) CMS: 618474K->641036K(7877440K)
[514.820s][info][gc,metaspace   ] GC(1422) Metaspace: 87761K(93612K)->87761K(93612K) NonClass: 76715K(79648K)->76715K(79648K) Class: 11045K(13964K)->11045K(13964K)
[514.820s][info][gc             ] GC(1422) Pause Young (Allocation Failure) 1053M->675M(8142M) 51.096ms
[514.820s][info][gc,cpu         ] GC(1422) User=0.25s Sys=0.00s Real=0.06s
[514.961s][info][gc,start       ] GC(1423) Pause Full (System.gc())
[514.963s][info][gc,phases,start] GC(1423) Phase 1: Mark live objects
[515.089s][info][gc,phases      ] GC(1423) Phase 1: Mark live objects 125.387ms
[515.089s][info][gc,phases,start] GC(1423) Phase 2: Compute new object addresses
[515.311s][info][gc,phases      ] GC(1423) Phase 2: Compute new object addresses 222.204ms
[515.311s][info][gc,phases,start] GC(1423) Phase 3: Adjust pointers
[515.393s][info][gc,phases      ] GC(1423) Phase 3: Adjust pointers 81.599ms
[515.393s][info][gc,phases,start] GC(1423) Phase 4: Move objects
[515.400s][info][gc,phases      ] GC(1423) Phase 4: Move objects 7.254ms
[515.406s][info][gc,heap        ] GC(1423) ParNew: 451761K->0K(460096K)
[515.406s][info][gc,heap        ] GC(1423) CMS: 641036K->170321K(7877440K)
[515.406s][info][gc,metaspace   ] GC(1423) Metaspace: 87761K(93612K)->87761K(93612K) NonClass: 76715K(79648K)->76715K(79648K) Class: 11045K(13964K)->11045K(13964K)
[515.407s][info][gc             ] GC(1423) Pause Full (System.gc()) 1067M->166M(8142M) 445.482ms
[515.407s][info][gc,cpu         ] GC(1423) User=0.44s Sys=0.00s Real=0.44s
[515.551s][info][gc,start       ] GC(1424) Pause Young (Allocation Failure)
[515.551s][info][gc,task        ] GC(1424) Using 6 workers of 6 for evacuation
[515.646s][info][gc,heap        ] GC(1424) ParNew: 409024K->51072K(460096K)
[515.646s][info][gc,heap        ] GC(1424) CMS: 170321K->229679K(7877440K)
[515.646s][info][gc,metaspace   ] GC(1424) Metaspace: 87761K(93612K)->87761K(93612K) NonClass: 76715K(79648K)->76715K(79648K) Class: 11045K(13964K)->11045K(13964K)
[515.646s][info][gc             ] GC(1424) Pause Young (Allocation Failure) 565M->274M(8142M) 94.571ms
[515.646s][info][gc,cpu         ] GC(1424) User=0.12s Sys=0.00s Real=0.09s
[515.824s][info][gc,start       ] GC(1425) Pause Young (Allocation Failure)
[515.824s][info][gc,task        ] GC(1425) Using 6 workers of 6 for evacuation
[515.901s][info][gc,heap        ] GC(1425) ParNew: 460096K->51072K(460096K)
[515.901s][info][gc,heap        ] GC(1425) CMS: 229679K->282275K(7877440K)
[515.901s][info][gc,metaspace   ] GC(1425) Metaspace: 87761K(93612K)->87761K(93612K) NonClass: 76715K(79648K)->76715K(79648K) Class: 11045K(13964K)->11045K(13964K)
[515.901s][info][gc             ] GC(1425) Pause Young (Allocation Failure) 673M->325M(8142M) 77.180ms
[515.901s][info][gc,cpu         ] GC(1425) User=0.30s Sys=0.00s Real=0.08s
[516.087s][info][gc,start       ] GC(1426) Pause Young (Allocation Failure)
[516.087s][info][gc,task        ] GC(1426) Using 6 workers of 6 for evacuation
[516.165s][info][gc,heap        ] GC(1426) ParNew: 460096K->51072K(460096K)
[516.165s][info][gc,heap        ] GC(1426) CMS: 282275K->317520K(7877440K)
[516.165s][info][gc,metaspace   ] GC(1426) Metaspace: 87761K(93612K)->87761K(93612K) NonClass: 76715K(79648K)->76715K(79648K) Class: 11045K(13964K)->11045K(13964K)
[516.165s][info][gc             ] GC(1426) Pause Young (Allocation Failure) 724M->359M(8142M) 77.660ms
[516.165s][info][gc,cpu         ] GC(1426) User=0.38s Sys=0.00s Real=0.08s
[516.359s][info][gc,start       ] GC(1427) Pause Young (Allocation Failure)
[516.359s][info][gc,task        ] GC(1427) Using 6 workers of 6 for evacuation
[516.430s][info][gc,heap        ] GC(1427) ParNew: 460096K->34132K(460096K)
[516.430s][info][gc,heap        ] GC(1427) CMS: 317520K->353504K(7877440K)
[516.430s][info][gc,metaspace   ] GC(1427) Metaspace: 87761K(93612K)->87761K(93612K) NonClass: 76715K(79648K)->76715K(79648K) Class: 11045K(13964K)->11045K(13964K)
[516.430s][info][gc             ] GC(1427) Pause Young (Allocation Failure) 759M->378M(8142M) 70.860ms
[516.430s][info][gc,cpu         ] GC(1427) User=0.36s Sys=0.00s Real=0.06s
[517.024s][info][gc,start       ] GC(1428) Pause Young (Allocation Failure)
[517.024s][info][gc,task        ] GC(1428) Using 6 workers of 6 for evacuation
[517.114s][info][gc,heap        ] GC(1428) ParNew: 443156K->51072K(460096K)
[517.114s][info][gc,heap        ] GC(1428) CMS: 353504K->379415K(7877440K)
[517.114s][info][gc,metaspace   ] GC(1428) Metaspace: 87761K(93612K)->87761K(93612K) NonClass: 76715K(79648K)->76715K(79648K) Class: 11045K(13964K)->11045K(13964K)
[517.114s][info][gc             ] GC(1428) Pause Young (Allocation Failure) 777M->420M(8142M) 89.892ms
[517.114s][info][gc,cpu         ] GC(1428) User=0.48s Sys=0.00s Real=0.09s
[517.241s][info][gc,start       ] GC(1429) Pause Young (Allocation Failure)
[517.242s][info][gc,task        ] GC(1429) Using 6 workers of 6 for evacuation
[517.348s][info][gc,heap        ] GC(1429) ParNew: 460096K->51072K(460096K)
[517.348s][info][gc,heap        ] GC(1429) CMS: 379415K->443232K(7877440K)
[517.348s][info][gc,metaspace   ] GC(1429) Metaspace: 87761K(93612K)->87761K(93612K) NonClass: 76715K(79648K)->76715K(79648K) Class: 11045K(13964K)->11045K(13964K)
[517.348s][info][gc             ] GC(1429) Pause Young (Allocation Failure) 819M->482M(8142M) 106.587ms
[517.348s][info][gc,cpu         ] GC(1429) User=0.39s Sys=0.00s Real=0.11s
[517.532s][info][gc,start       ] GC(1430) Pause Young (Allocation Failure)
[517.532s][info][gc,task        ] GC(1430) Using 6 workers of 6 for evacuation
[517.612s][info][gc,heap        ] GC(1430) ParNew: 460096K->51072K(460096K)
[517.612s][info][gc,heap        ] GC(1430) CMS: 443232K->496585K(7877440K)
[517.612s][info][gc,metaspace   ] GC(1430) Metaspace: 87761K(93612K)->87761K(93612K) NonClass: 76715K(79648K)->76715K(79648K) Class: 11045K(13964K)->11045K(13964K)
[517.612s][info][gc             ] GC(1430) Pause Young (Allocation Failure) 882M->534M(8142M) 80.560ms
[517.612s][info][gc,cpu         ] GC(1430) User=0.39s Sys=0.00s Real=0.08s
[517.801s][info][gc,start       ] GC(1431) Pause Young (Allocation Failure)
[517.801s][info][gc,task        ] GC(1431) Using 6 workers of 6 for evacuation
[517.876s][info][gc,heap        ] GC(1431) ParNew: 460096K->48103K(460096K)
[517.876s][info][gc,heap        ] GC(1431) CMS: 496585K->540795K(7877440K)
[517.876s][info][gc,metaspace   ] GC(1431) Metaspace: 87761K(93612K)->87761K(93612K) NonClass: 76715K(79648K)->76715K(79648K) Class: 11045K(13964K)->11045K(13964K)
[517.876s][info][gc             ] GC(1431) Pause Young (Allocation Failure) 934M->575M(8142M) 74.953ms
[517.876s][info][gc,cpu         ] GC(1431) User=0.38s Sys=0.00s Real=0.06s
[518.340s][info][gc,start       ] GC(1432) Pause Young (Allocation Failure)
[518.340s][info][gc,task        ] GC(1432) Using 6 workers of 6 for evacuation
[518.413s][info][gc,heap        ] GC(1432) ParNew: 457127K->34616K(460096K)
[518.413s][info][gc,heap        ] GC(1432) CMS: 540795K->567364K(7877440K)
[518.413s][info][gc,metaspace   ] GC(1432) Metaspace: 87761K(93612K)->87761K(93612K) NonClass: 76715K(79648K)->76715K(79648K) Class: 11045K(13964K)->11045K(13964K)
[518.413s][info][gc             ] GC(1432) Pause Young (Allocation Failure) 974M->587M(8142M) 72.914ms
[518.413s][info][gc,cpu         ] GC(1432) User=0.39s Sys=0.00s Real=0.08s
[518.752s][info][gc,start       ] GC(1433) Pause Young (Allocation Failure)
[518.752s][info][gc,task        ] GC(1433) Using 6 workers of 6 for evacuation
[518.811s][info][gc,heap        ] GC(1433) ParNew: 443640K->51072K(460096K)
[518.811s][info][gc,heap        ] GC(1433) CMS: 567364K->574426K(7877440K)
[518.811s][info][gc,metaspace   ] GC(1433) Metaspace: 87761K(93612K)->87761K(93612K) NonClass: 76715K(79648K)->76715K(79648K) Class: 11045K(13964K)->11045K(13964K)
[518.811s][info][gc             ] GC(1433) Pause Young (Allocation Failure) 987M->610M(8142M) 58.961ms
[518.811s][info][gc,cpu         ] GC(1433) User=0.30s Sys=0.00s Real=0.06s
[519.123s][info][gc,start       ] GC(1434) Pause Young (Allocation Failure)
[519.123s][info][gc,task        ] GC(1434) Using 6 workers of 6 for evacuation
[519.196s][info][gc,heap        ] GC(1434) ParNew: 460096K->48920K(460096K)
[519.196s][info][gc,heap        ] GC(1434) CMS: 574426K->601273K(7877440K)
[519.196s][info][gc,metaspace   ] GC(1434) Metaspace: 87761K(93612K)->87761K(93612K) NonClass: 76715K(79648K)->76715K(79648K) Class: 11045K(13964K)->11045K(13964K)
[519.196s][info][gc             ] GC(1434) Pause Young (Allocation Failure) 1010M->634M(8142M) 73.241ms
[519.196s][info][gc,cpu         ] GC(1434) User=0.27s Sys=0.00s Real=0.08s
[519.424s][info][gc,start       ] GC(1435) Pause Young (Allocation Failure)
[519.424s][info][gc,task        ] GC(1435) Using 6 workers of 6 for evacuation
[519.473s][info][gc,heap        ] GC(1435) ParNew: 457944K->51072K(460096K)
[519.473s][info][gc,heap        ] GC(1435) CMS: 601273K->605568K(7877440K)
[519.473s][info][gc,metaspace   ] GC(1435) Metaspace: 87761K(93612K)->87761K(93612K) NonClass: 76715K(79648K)->76715K(79648K) Class: 11045K(13964K)->11045K(13964K)
[519.473s][info][gc             ] GC(1435) Pause Young (Allocation Failure) 1034M->641M(8142M) 48.546ms
[519.473s][info][gc,cpu         ] GC(1435) User=0.12s Sys=0.00s Real=0.05s
[519.825s][info][gc,start       ] GC(1436) Pause Young (Allocation Failure)
[519.825s][info][gc,task        ] GC(1436) Using 6 workers of 6 for evacuation
[519.885s][info][gc,heap        ] GC(1436) ParNew: 459228K->51072K(460096K)
[519.885s][info][gc,heap        ] GC(1436) CMS: 605568K->636494K(7877440K)
[519.885s][info][gc,metaspace   ] GC(1436) Metaspace: 87761K(93612K)->87761K(93612K) NonClass: 76716K(79648K)->76716K(79648K) Class: 11045K(13964K)->11045K(13964K)
[519.885s][info][gc             ] GC(1436) Pause Young (Allocation Failure) 1039M->671M(8142M) 60.266ms
[519.885s][info][gc,cpu         ] GC(1436) User=0.28s Sys=0.00s Real=0.05s
[520.110s][info][gc,start       ] GC(1437) Pause Young (Allocation Failure)
[520.110s][info][gc,task        ] GC(1437) Using 6 workers of 6 for evacuation
[520.158s][info][gc,heap        ] GC(1437) ParNew: 460096K->51072K(460096K)
[520.158s][info][gc,heap        ] GC(1437) CMS: 636494K->654640K(7877440K)
[520.158s][info][gc,metaspace   ] GC(1437) Metaspace: 87761K(93612K)->87761K(93612K) NonClass: 76716K(79648K)->76716K(79648K) Class: 11045K(13964K)->11045K(13964K)
[520.159s][info][gc             ] GC(1437) Pause Young (Allocation Failure) 1070M->689M(8142M) 48.170ms
[520.159s][info][gc,cpu         ] GC(1437) User=0.16s Sys=0.00s Real=0.05s
[520.303s][info][gc,start       ] GC(1438) Pause Young (Allocation Failure)
[520.304s][info][gc,task        ] GC(1438) Using 6 workers of 6 for evacuation
[520.546s][info][gc,heap        ] GC(1438) ParNew: 460096K->51072K(460096K)
[520.546s][info][gc,heap        ] GC(1438) CMS: 654640K->710289K(7877440K)
[520.546s][info][gc,metaspace   ] GC(1438) Metaspace: 87761K(93612K)->87761K(93612K) NonClass: 76716K(79648K)->76716K(79648K) Class: 11045K(13964K)->11045K(13964K)
[520.546s][info][gc             ] GC(1438) Pause Young (Allocation Failure) 1088M->743M(8142M) 242.162ms
[520.546s][info][gc,cpu         ] GC(1438) User=1.34s Sys=0.00s Real=0.25s
[520.547s][info][gc,start       ] GC(1439) Pause Full (System.gc())
[520.551s][info][gc,phases,start] GC(1439) Phase 1: Mark live objects
[520.675s][info][gc,phases      ] GC(1439) Phase 1: Mark live objects 123.873ms
[520.675s][info][gc,phases,start] GC(1439) Phase 2: Compute new object addresses
[520.855s][info][gc,phases      ] GC(1439) Phase 2: Compute new object addresses 180.076ms
[520.855s][info][gc,phases,start] GC(1439) Phase 3: Adjust pointers
[520.936s][info][gc,phases      ] GC(1439) Phase 3: Adjust pointers 80.724ms
[520.936s][info][gc,phases,start] GC(1439) Phase 4: Move objects
[520.937s][info][gc,phases      ] GC(1439) Phase 4: Move objects 1.609ms
[520.943s][info][gc,heap        ] GC(1439) ParNew: 55372K->0K(460096K)
[520.943s][info][gc,heap        ] GC(1439) CMS: 710289K->170373K(7877440K)
[520.943s][info][gc,metaspace   ] GC(1439) Metaspace: 87761K(93612K)->87761K(93612K) NonClass: 76716K(79648K)->76716K(79648K) Class: 11045K(13964K)->11045K(13964K)
[520.944s][info][gc             ] GC(1439) Pause Full (System.gc()) 747M->166M(8142M) 396.486ms
[520.944s][info][gc,cpu         ] GC(1439) User=0.36s Sys=0.00s Real=0.39s
[521.086s][info][gc,start       ] GC(1440) Pause Young (Allocation Failure)
[521.086s][info][gc,task        ] GC(1440) Using 6 workers of 6 for evacuation
[521.183s][info][gc,heap        ] GC(1440) ParNew: 409024K->51072K(460096K)
[521.183s][info][gc,heap        ] GC(1440) CMS: 170373K->231158K(7877440K)
[521.183s][info][gc,metaspace   ] GC(1440) Metaspace: 87761K(93612K)->87761K(93612K) NonClass: 76716K(79648K)->76716K(79648K) Class: 11045K(13964K)->11045K(13964K)
[521.183s][info][gc             ] GC(1440) Pause Young (Allocation Failure) 565M->275M(8142M) 97.550ms
[521.184s][info][gc,cpu         ] GC(1440) User=0.50s Sys=0.00s Real=0.10s
[521.358s][info][gc,start       ] GC(1441) Pause Young (Allocation Failure)
[521.358s][info][gc,task        ] GC(1441) Using 6 workers of 6 for evacuation
[521.431s][info][gc,heap        ] GC(1441) ParNew: 460096K->51072K(460096K)
[521.431s][info][gc,heap        ] GC(1441) CMS: 231158K->280094K(7877440K)
[521.431s][info][gc,metaspace   ] GC(1441) Metaspace: 87761K(93612K)->87761K(93612K) NonClass: 76716K(79648K)->76716K(79648K) Class: 11045K(13964K)->11045K(13964K)
[521.431s][info][gc             ] GC(1441) Pause Young (Allocation Failure) 675M->323M(8142M) 73.353ms
[521.431s][info][gc,cpu         ] GC(1441) User=0.28s Sys=0.00s Real=0.08s
[521.617s][info][gc,start       ] GC(1442) Pause Young (Allocation Failure)
[521.617s][info][gc,task        ] GC(1442) Using 6 workers of 6 for evacuation
[521.695s][info][gc,heap        ] GC(1442) ParNew: 460096K->51072K(460096K)
[521.695s][info][gc,heap        ] GC(1442) CMS: 280094K->320908K(7877440K)
[521.695s][info][gc,metaspace   ] GC(1442) Metaspace: 87761K(93612K)->87761K(93612K) NonClass: 76716K(79648K)->76716K(79648K) Class: 11045K(13964K)->11045K(13964K)
[521.695s][info][gc             ] GC(1442) Pause Young (Allocation Failure) 722M->363M(8142M) 78.033ms
[521.695s][info][gc,cpu         ] GC(1442) User=0.39s Sys=0.00s Real=0.08s
[521.889s][info][gc,start       ] GC(1443) Pause Young (Allocation Failure)
[521.889s][info][gc,task        ] GC(1443) Using 6 workers of 6 for evacuation
[521.960s][info][gc,heap        ] GC(1443) ParNew: 460096K->35719K(460096K)
[521.960s][info][gc,heap        ] GC(1443) CMS: 320908K->353629K(7877440K)
[521.960s][info][gc,metaspace   ] GC(1443) Metaspace: 87761K(93612K)->87761K(93612K) NonClass: 76716K(79648K)->76716K(79648K) Class: 11045K(13964K)->11045K(13964K)
[521.960s][info][gc             ] GC(1443) Pause Young (Allocation Failure) 762M->380M(8142M) 71.279ms
[521.961s][info][gc,cpu         ] GC(1443) User=0.38s Sys=0.00s Real=0.08s
[522.547s][info][gc,start       ] GC(1444) Pause Young (Allocation Failure)
[522.547s][info][gc,task        ] GC(1444) Using 6 workers of 6 for evacuation
[522.636s][info][gc,heap        ] GC(1444) ParNew: 444743K->51072K(460096K)
[522.636s][info][gc,heap        ] GC(1444) CMS: 353629K->380057K(7877440K)
[522.636s][info][gc,metaspace   ] GC(1444) Metaspace: 87761K(93612K)->87761K(93612K) NonClass: 76716K(79648K)->76716K(79648K) Class: 11045K(13964K)->11045K(13964K)
[522.636s][info][gc             ] GC(1444) Pause Young (Allocation Failure) 779M->421M(8142M) 88.995ms
[522.636s][info][gc,cpu         ] GC(1444) User=0.47s Sys=0.02s Real=0.10s
[522.763s][info][gc,start       ] GC(1445) Pause Young (Allocation Failure)
[522.763s][info][gc,task        ] GC(1445) Using 6 workers of 6 for evacuation
[522.873s][info][gc,heap        ] GC(1445) ParNew: 460096K->51072K(460096K)
[522.873s][info][gc,heap        ] GC(1445) CMS: 380057K->444205K(7877440K)
[522.873s][info][gc,metaspace   ] GC(1445) Metaspace: 87761K(93612K)->87761K(93612K) NonClass: 76716K(79648K)->76716K(79648K) Class: 11045K(13964K)->11045K(13964K)
[522.873s][info][gc             ] GC(1445) Pause Young (Allocation Failure) 820M->483M(8142M) 110.602ms
[522.873s][info][gc,cpu         ] GC(1445) User=0.25s Sys=0.00s Real=0.11s
[523.062s][info][gc,start       ] GC(1446) Pause Young (Allocation Failure)
[523.062s][info][gc,task        ] GC(1446) Using 6 workers of 6 for evacuation
[523.141s][info][gc,heap        ] GC(1446) ParNew: 460096K->51072K(460096K)
[523.141s][info][gc,heap        ] GC(1446) CMS: 444205K->498210K(7877440K)
[523.141s][info][gc,metaspace   ] GC(1446) Metaspace: 87761K(93612K)->87761K(93612K) NonClass: 76716K(79648K)->76716K(79648K) Class: 11045K(13964K)->11045K(13964K)
[523.141s][info][gc             ] GC(1446) Pause Young (Allocation Failure) 883M->536M(8142M) 79.145ms
[523.141s][info][gc,cpu         ] GC(1446) User=0.39s Sys=0.00s Real=0.08s
[523.326s][info][gc,start       ] GC(1447) Pause Young (Allocation Failure)
[523.326s][info][gc,task        ] GC(1447) Using 6 workers of 6 for evacuation
[523.398s][info][gc,heap        ] GC(1447) ParNew: 460096K->42491K(460096K)
[523.399s][info][gc,heap        ] GC(1447) CMS: 498210K->540914K(7877440K)
[523.399s][info][gc,metaspace   ] GC(1447) Metaspace: 87761K(93612K)->87761K(93612K) NonClass: 76716K(79648K)->76716K(79648K) Class: 11045K(13964K)->11045K(13964K)
[523.399s][info][gc             ] GC(1447) Pause Young (Allocation Failure) 935M->569M(8142M) 72.318ms
[523.399s][info][gc,cpu         ] GC(1447) User=0.38s Sys=0.00s Real=0.06s
[523.870s][info][gc,start       ] GC(1448) Pause Young (Allocation Failure)
[523.870s][info][gc,task        ] GC(1448) Using 6 workers of 6 for evacuation
[523.944s][info][gc,heap        ] GC(1448) ParNew: 451515K->33226K(460096K)
[523.944s][info][gc,heap        ] GC(1448) CMS: 540914K->567549K(7877440K)
[523.944s][info][gc,metaspace   ] GC(1448) Metaspace: 87761K(93612K)->87761K(93612K) NonClass: 76716K(79648K)->76716K(79648K) Class: 11045K(13964K)->11045K(13964K)
[523.944s][info][gc             ] GC(1448) Pause Young (Allocation Failure) 969M->586M(8142M) 73.657ms
[523.944s][info][gc,cpu         ] GC(1448) User=0.44s Sys=0.00s Real=0.08s
[524.261s][info][gc,start       ] GC(1449) Pause Young (Allocation Failure)
[524.261s][info][gc,task        ] GC(1449) Using 6 workers of 6 for evacuation
[524.319s][info][gc,heap        ] GC(1449) ParNew: 442250K->51072K(460096K)
[524.319s][info][gc,heap        ] GC(1449) CMS: 567549K->574269K(7877440K)
[524.319s][info][gc,metaspace   ] GC(1449) Metaspace: 87766K(93612K)->87766K(93612K) NonClass: 76720K(79648K)->76720K(79648K) Class: 11045K(13964K)->11045K(13964K)
[524.319s][info][gc             ] GC(1449) Pause Young (Allocation Failure) 986M->610M(8142M) 58.456ms
[524.319s][info][gc,cpu         ] GC(1449) User=0.30s Sys=0.00s Real=0.06s
[524.625s][info][gc,start       ] GC(1450) Pause Young (Allocation Failure)
[524.625s][info][gc,task        ] GC(1450) Using 6 workers of 6 for evacuation
[524.697s][info][gc,heap        ] GC(1450) ParNew: 460096K->51072K(460096K)
[524.697s][info][gc,heap        ] GC(1450) CMS: 574269K->600829K(7877440K)
[524.697s][info][gc,metaspace   ] GC(1450) Metaspace: 87766K(93612K)->87766K(93612K) NonClass: 76720K(79648K)->76720K(79648K) Class: 11045K(13964K)->11045K(13964K)
[524.697s][info][gc             ] GC(1450) Pause Young (Allocation Failure) 1010M->636M(8142M) 71.696ms
[524.697s][info][gc,cpu         ] GC(1450) User=0.25s Sys=0.00s Real=0.08s
[524.927s][info][gc,start       ] GC(1451) Pause Young (GCLocker Initiated GC)
[524.927s][info][gc,task        ] GC(1451) Using 6 workers of 6 for evacuation
[524.975s][info][gc,heap        ] GC(1451) ParNew: 460096K->51072K(460096K)
[524.975s][info][gc,heap        ] GC(1451) CMS: 600829K->605202K(7877440K)
[524.975s][info][gc,metaspace   ] GC(1451) Metaspace: 87766K(93612K)->87766K(93612K) NonClass: 76720K(79648K)->76720K(79648K) Class: 11045K(13964K)->11045K(13964K)
[524.975s][info][gc             ] GC(1451) Pause Young (GCLocker Initiated GC) 1036M->640M(8142M) 48.417ms
[524.975s][info][gc,cpu         ] GC(1451) User=0.08s Sys=0.00s Real=0.05s
[525.351s][info][gc,start       ] GC(1452) Pause Young (Allocation Failure)
[525.351s][info][gc,task        ] GC(1452) Using 6 workers of 6 for evacuation
[525.398s][info][gc,heap        ] GC(1452) ParNew: 460096K->51072K(460096K)
[525.398s][info][gc,heap        ] GC(1452) CMS: 605202K->626176K(7877440K)
[525.398s][info][gc,metaspace   ] GC(1452) Metaspace: 87766K(93612K)->87766K(93612K) NonClass: 76720K(79648K)->76720K(79648K) Class: 11045K(13964K)->11045K(13964K)
[525.398s][info][gc             ] GC(1452) Pause Young (Allocation Failure) 1040M->661M(8142M) 46.936ms
[525.398s][info][gc,cpu         ] GC(1452) User=0.11s Sys=0.00s Real=0.05s
[525.555s][info][gc,start       ] GC(1453) Pause Young (Allocation Failure)
[525.555s][info][gc,task        ] GC(1453) Using 6 workers of 6 for evacuation
[525.601s][info][gc,heap        ] GC(1453) ParNew: 460096K->51072K(460096K)
[525.601s][info][gc,heap        ] GC(1453) CMS: 626176K->639735K(7877440K)
[525.601s][info][gc,metaspace   ] GC(1453) Metaspace: 87766K(93612K)->87766K(93612K) NonClass: 76720K(79648K)->76720K(79648K) Class: 11045K(13964K)->11045K(13964K)
[525.601s][info][gc             ] GC(1453) Pause Young (Allocation Failure) 1060M->674M(8142M) 46.541ms
[525.601s][info][gc,cpu         ] GC(1453) User=0.17s Sys=0.00s Real=0.05s
[525.745s][info][gc,start       ] GC(1454) Pause Young (Allocation Failure)
[525.745s][info][gc,task        ] GC(1454) Using 6 workers of 6 for evacuation
[525.989s][info][gc,heap        ] GC(1454) ParNew: 460096K->51072K(460096K)
[525.989s][info][gc,heap        ] GC(1454) CMS: 639735K->697744K(7877440K)
[525.989s][info][gc,metaspace   ] GC(1454) Metaspace: 87766K(93612K)->87766K(93612K) NonClass: 76720K(79648K)->76720K(79648K) Class: 11045K(13964K)->11045K(13964K)
[525.989s][info][gc             ] GC(1454) Pause Young (Allocation Failure) 1074M->731M(8142M) 244.207ms
[525.989s][info][gc,cpu         ] GC(1454) User=1.28s Sys=0.00s Real=0.24s
[525.991s][info][gc,start       ] GC(1455) Pause Full (System.gc())
[525.993s][info][gc,phases,start] GC(1455) Phase 1: Mark live objects
[526.118s][info][gc,phases      ] GC(1455) Phase 1: Mark live objects 124.489ms
[526.118s][info][gc,phases,start] GC(1455) Phase 2: Compute new object addresses
[526.297s][info][gc,phases      ] GC(1455) Phase 2: Compute new object addresses 179.330ms
[526.297s][info][gc,phases,start] GC(1455) Phase 3: Adjust pointers
[526.378s][info][gc,phases      ] GC(1455) Phase 3: Adjust pointers 80.659ms
[526.378s][info][gc,phases,start] GC(1455) Phase 4: Move objects
[526.379s][info][gc,phases      ] GC(1455) Phase 4: Move objects 1.743ms
[526.385s][info][gc,heap        ] GC(1455) ParNew: 55368K->0K(460096K)
[526.385s][info][gc,heap        ] GC(1455) CMS: 697744K->170244K(7877440K)
[526.385s][info][gc,metaspace   ] GC(1455) Metaspace: 87766K(93612K)->87766K(93612K) NonClass: 76720K(79648K)->76720K(79648K) Class: 11045K(13964K)->11045K(13964K)
[526.386s][info][gc             ] GC(1455) Pause Full (System.gc()) 735M->166M(8142M) 395.015ms
[526.386s][info][gc,cpu         ] GC(1455) User=0.31s Sys=0.00s Real=0.39s
[526.533s][info][gc,start       ] GC(1456) Pause Young (Allocation Failure)
[526.533s][info][gc,task        ] GC(1456) Using 6 workers of 6 for evacuation
[526.627s][info][gc,heap        ] GC(1456) ParNew: 409024K->51072K(460096K)
[526.627s][info][gc,heap        ] GC(1456) CMS: 170244K->230549K(7877440K)
[526.627s][info][gc,metaspace   ] GC(1456) Metaspace: 87766K(93612K)->87766K(93612K) NonClass: 76720K(79648K)->76720K(79648K) Class: 11045K(13964K)->11045K(13964K)
[526.627s][info][gc             ] GC(1456) Pause Young (Allocation Failure) 565M->275M(8142M) 93.928ms
[526.627s][info][gc,cpu         ] GC(1456) User=0.17s Sys=0.00s Real=0.09s
[526.802s][info][gc,start       ] GC(1457) Pause Young (Allocation Failure)
[526.802s][info][gc,task        ] GC(1457) Using 6 workers of 6 for evacuation
[526.879s][info][gc,heap        ] GC(1457) ParNew: 460096K->51072K(460096K)
[526.879s][info][gc,heap        ] GC(1457) CMS: 230549K->283690K(7877440K)
[526.879s][info][gc,metaspace   ] GC(1457) Metaspace: 87766K(93612K)->87766K(93612K) NonClass: 76720K(79648K)->76720K(79648K) Class: 11045K(13964K)->11045K(13964K)
[526.879s][info][gc             ] GC(1457) Pause Young (Allocation Failure) 674M->326M(8142M) 77.293ms
[526.879s][info][gc,cpu         ] GC(1457) User=0.38s Sys=0.00s Real=0.08s
[527.066s][info][gc,start       ] GC(1458) Pause Young (Allocation Failure)
[527.066s][info][gc,task        ] GC(1458) Using 6 workers of 6 for evacuation
[527.146s][info][gc,heap        ] GC(1458) ParNew: 460096K->51072K(460096K)
[527.146s][info][gc,heap        ] GC(1458) CMS: 283690K->321054K(7877440K)
[527.146s][info][gc,metaspace   ] GC(1458) Metaspace: 87766K(93612K)->87766K(93612K) NonClass: 76720K(79648K)->76720K(79648K) Class: 11045K(13964K)->11045K(13964K)
[527.146s][info][gc             ] GC(1458) Pause Young (Allocation Failure) 726M->363M(8142M) 80.199ms
[527.146s][info][gc,cpu         ] GC(1458) User=0.36s Sys=0.00s Real=0.08s
[527.342s][info][gc,start       ] GC(1459) Pause Young (Allocation Failure)
[527.343s][info][gc,task        ] GC(1459) Using 6 workers of 6 for evacuation
[527.413s][info][gc,heap        ] GC(1459) ParNew: 460096K->37238K(460096K)
[527.413s][info][gc,heap        ] GC(1459) CMS: 321054K->356913K(7877440K)
[527.413s][info][gc,metaspace   ] GC(1459) Metaspace: 87766K(93612K)->87766K(93612K) NonClass: 76720K(79648K)->76720K(79648K) Class: 11045K(13964K)->11045K(13964K)
[527.413s][info][gc             ] GC(1459) Pause Young (Allocation Failure) 762M->384M(8142M) 70.232ms
[527.413s][info][gc,cpu         ] GC(1459) User=0.36s Sys=0.00s Real=0.08s
[527.987s][info][gc,start       ] GC(1460) Pause Young (Allocation Failure)
[527.987s][info][gc,task        ] GC(1460) Using 6 workers of 6 for evacuation
[528.077s][info][gc,heap        ] GC(1460) ParNew: 446262K->51072K(460096K)
[528.077s][info][gc,heap        ] GC(1460) CMS: 356913K->382344K(7877440K)
[528.077s][info][gc,metaspace   ] GC(1460) Metaspace: 87766K(93612K)->87766K(93612K) NonClass: 76720K(79648K)->76720K(79648K) Class: 11045K(13964K)->11045K(13964K)
[528.077s][info][gc             ] GC(1460) Pause Young (Allocation Failure) 784M->423M(8142M) 90.393ms
[528.077s][info][gc,cpu         ] GC(1460) User=0.44s Sys=0.00s Real=0.09s
[528.205s][info][gc,start       ] GC(1461) Pause Young (Allocation Failure)
[528.205s][info][gc,task        ] GC(1461) Using 6 workers of 6 for evacuation
[528.312s][info][gc,heap        ] GC(1461) ParNew: 460096K->51072K(460096K)
[528.312s][info][gc,heap        ] GC(1461) CMS: 382344K->445768K(7877440K)
[528.312s][info][gc,metaspace   ] GC(1461) Metaspace: 87766K(93612K)->87766K(93612K) NonClass: 76720K(79648K)->76720K(79648K) Class: 11045K(13964K)->11045K(13964K)
[528.312s][info][gc             ] GC(1461) Pause Young (Allocation Failure) 822M->485M(8142M) 106.896ms
[528.312s][info][gc,cpu         ] GC(1461) User=0.20s Sys=0.00s Real=0.11s
[528.497s][info][gc,start       ] GC(1462) Pause Young (Allocation Failure)
[528.497s][info][gc,task        ] GC(1462) Using 6 workers of 6 for evacuation
[528.582s][info][gc,heap        ] GC(1462) ParNew: 460096K->51072K(460096K)
[528.582s][info][gc,heap        ] GC(1462) CMS: 445768K->503387K(7877440K)
[528.582s][info][gc,metaspace   ] GC(1462) Metaspace: 87766K(93612K)->87766K(93612K) NonClass: 76720K(79648K)->76720K(79648K) Class: 11045K(13964K)->11045K(13964K)
[528.582s][info][gc             ] GC(1462) Pause Young (Allocation Failure) 884M->541M(8142M) 85.444ms
[528.582s][info][gc,cpu         ] GC(1462) User=0.47s Sys=0.00s Real=0.08s
[528.768s][info][gc,start       ] GC(1463) Pause Young (Allocation Failure)
[528.768s][info][gc,task        ] GC(1463) Using 6 workers of 6 for evacuation
[528.844s][info][gc,heap        ] GC(1463) ParNew: 460096K->45907K(460096K)
[528.844s][info][gc,heap        ] GC(1463) CMS: 503387K->542350K(7877440K)
[528.844s][info][gc,metaspace   ] GC(1463) Metaspace: 87766K(93612K)->87766K(93612K) NonClass: 76720K(79648K)->76720K(79648K) Class: 11045K(13964K)->11045K(13964K)
[528.844s][info][gc             ] GC(1463) Pause Young (Allocation Failure) 940M->574M(8142M) 76.220ms
[528.844s][info][gc,cpu         ] GC(1463) User=0.39s Sys=0.00s Real=0.08s
[529.297s][info][gc,start       ] GC(1464) Pause Young (Allocation Failure)
[529.297s][info][gc,task        ] GC(1464) Using 6 workers of 6 for evacuation
[529.371s][info][gc,heap        ] GC(1464) ParNew: 454931K->34112K(460096K)
[529.371s][info][gc,heap        ] GC(1464) CMS: 542350K->569001K(7877440K)
[529.371s][info][gc,metaspace   ] GC(1464) Metaspace: 87766K(93612K)->87766K(93612K) NonClass: 76720K(79648K)->76720K(79648K) Class: 11045K(13964K)->11045K(13964K)
[529.371s][info][gc             ] GC(1464) Pause Young (Allocation Failure) 973M->588M(8142M) 73.951ms
[529.371s][info][gc,cpu         ] GC(1464) User=0.39s Sys=0.00s Real=0.08s
[529.697s][info][gc,start       ] GC(1465) Pause Young (Allocation Failure)
[529.697s][info][gc,task        ] GC(1465) Using 6 workers of 6 for evacuation
[529.755s][info][gc,heap        ] GC(1465) ParNew: 443136K->51072K(460096K)
[529.755s][info][gc,heap        ] GC(1465) CMS: 569001K->575499K(7877440K)
[529.755s][info][gc,metaspace   ] GC(1465) Metaspace: 87766K(93612K)->87766K(93612K) NonClass: 76720K(79648K)->76720K(79648K) Class: 11045K(13964K)->11045K(13964K)
[529.755s][info][gc             ] GC(1465) Pause Young (Allocation Failure) 988M->611M(8142M) 58.477ms
[529.755s][info][gc,cpu         ] GC(1465) User=0.34s Sys=0.00s Real=0.07s
[530.065s][info][gc,start       ] GC(1466) Pause Young (Allocation Failure)
[530.065s][info][gc,task        ] GC(1466) Using 6 workers of 6 for evacuation
[530.135s][info][gc,heap        ] GC(1466) ParNew: 460096K->51072K(460096K)
[530.135s][info][gc,heap        ] GC(1466) CMS: 575499K->602148K(7877440K)
[530.135s][info][gc,metaspace   ] GC(1466) Metaspace: 87766K(93612K)->87766K(93612K) NonClass: 76720K(79648K)->76720K(79648K) Class: 11045K(13964K)->11045K(13964K)
[530.135s][info][gc             ] GC(1466) Pause Young (Allocation Failure) 1011M->637M(8142M) 70.536ms
[530.135s][info][gc,cpu         ] GC(1466) User=0.33s Sys=0.00s Real=0.06s
[530.363s][info][gc,start       ] GC(1467) Pause Young (Allocation Failure)
[530.363s][info][gc,task        ] GC(1467) Using 6 workers of 6 for evacuation
[530.412s][info][gc,heap        ] GC(1467) ParNew: 460096K->51072K(460096K)
[530.412s][info][gc,heap        ] GC(1467) CMS: 602148K->606331K(7877440K)
[530.412s][info][gc,metaspace   ] GC(1467) Metaspace: 87766K(93612K)->87766K(93612K) NonClass: 76720K(79648K)->76720K(79648K) Class: 11045K(13964K)->11045K(13964K)
[530.412s][info][gc             ] GC(1467) Pause Young (Allocation Failure) 1037M->641M(8142M) 48.468ms
[530.412s][info][gc,cpu         ] GC(1467) User=0.12s Sys=0.00s Real=0.05s
[530.797s][info][gc,start       ] GC(1468) Pause Young (Allocation Failure)
[530.797s][info][gc,task        ] GC(1468) Using 6 workers of 6 for evacuation
[530.839s][info][gc,heap        ] GC(1468) ParNew: 460096K->51072K(460096K)
[530.839s][info][gc,heap        ] GC(1468) CMS: 606331K->617554K(7877440K)
[530.839s][info][gc,metaspace   ] GC(1468) Metaspace: 87767K(93612K)->87767K(93612K) NonClass: 76721K(79648K)->76721K(79648K) Class: 11045K(13964K)->11045K(13964K)
[530.839s][info][gc             ] GC(1468) Pause Young (Allocation Failure) 1041M->652M(8142M) 42.236ms
[530.839s][info][gc,cpu         ] GC(1468) User=0.12s Sys=0.00s Real=0.05s
[531.027s][info][gc,start       ] GC(1469) Pause Young (Allocation Failure)
[531.028s][info][gc,task        ] GC(1469) Using 6 workers of 6 for evacuation
[531.077s][info][gc,heap        ] GC(1469) ParNew: 460096K->51072K(460096K)
[531.077s][info][gc,heap        ] GC(1469) CMS: 617554K->638038K(7877440K)
[531.077s][info][gc,metaspace   ] GC(1469) Metaspace: 87767K(93612K)->87767K(93612K) NonClass: 76721K(79648K)->76721K(79648K) Class: 11045K(13964K)->11045K(13964K)
[531.077s][info][gc             ] GC(1469) Pause Young (Allocation Failure) 1052M->672M(8142M) 49.630ms
[531.077s][info][gc,cpu         ] GC(1469) User=0.16s Sys=0.00s Real=0.05s
[531.224s][info][gc,start       ] GC(1470) Pause Young (Allocation Failure)
[531.224s][info][gc,task        ] GC(1470) Using 6 workers of 6 for evacuation
[531.464s][info][gc,heap        ] GC(1470) ParNew: 460096K->51072K(460096K)
[531.464s][info][gc,heap        ] GC(1470) CMS: 638038K->690970K(7877440K)
[531.464s][info][gc,metaspace   ] GC(1470) Metaspace: 87767K(93612K)->87767K(93612K) NonClass: 76721K(79648K)->76721K(79648K) Class: 11045K(13964K)->11045K(13964K)
[531.464s][info][gc             ] GC(1470) Pause Young (Allocation Failure) 1072M->724M(8142M) 240.162ms
[531.464s][info][gc,cpu         ] GC(1470) User=1.34s Sys=0.00s Real=0.23s
[531.466s][info][gc,start       ] GC(1471) Pause Full (System.gc())
[531.468s][info][gc,phases,start] GC(1471) Phase 1: Mark live objects
[531.592s][info][gc,phases      ] GC(1471) Phase 1: Mark live objects 124.703ms
[531.592s][info][gc,phases,start] GC(1471) Phase 2: Compute new object addresses
[531.770s][info][gc,phases      ] GC(1471) Phase 2: Compute new object addresses 177.436ms
[531.770s][info][gc,phases,start] GC(1471) Phase 3: Adjust pointers
[531.850s][info][gc,phases      ] GC(1471) Phase 3: Adjust pointers 80.024ms
[531.850s][info][gc,phases,start] GC(1471) Phase 4: Move objects
[531.852s][info][gc,phases      ] GC(1471) Phase 4: Move objects 1.648ms
[531.858s][info][gc,heap        ] GC(1471) ParNew: 55366K->0K(460096K)
[531.858s][info][gc,heap        ] GC(1471) CMS: 690970K->170299K(7877440K)
[531.858s][info][gc,metaspace   ] GC(1471) Metaspace: 87767K(93612K)->87767K(93612K) NonClass: 76721K(79648K)->76721K(79648K) Class: 11045K(13964K)->11045K(13964K)
[531.858s][info][gc             ] GC(1471) Pause Full (System.gc()) 728M->166M(8142M) 392.680ms
[531.858s][info][gc,cpu         ] GC(1471) User=0.36s Sys=0.00s Real=0.40s
[532.010s][info][gc,start       ] GC(1472) Pause Young (Allocation Failure)
[532.010s][info][gc,task        ] GC(1472) Using 6 workers of 6 for evacuation
[532.108s][info][gc,heap        ] GC(1472) ParNew: 409024K->51072K(460096K)
[532.108s][info][gc,heap        ] GC(1472) CMS: 170299K->230517K(7877440K)
[532.108s][info][gc,metaspace   ] GC(1472) Metaspace: 87767K(93612K)->87767K(93612K) NonClass: 76721K(79648K)->76721K(79648K) Class: 11045K(13964K)->11045K(13964K)
[532.108s][info][gc             ] GC(1472) Pause Young (Allocation Failure) 565M->274M(8142M) 97.598ms
[532.108s][info][gc,cpu         ] GC(1472) User=0.22s Sys=0.00s Real=0.09s
[532.308s][info][gc,start       ] GC(1473) Pause Young (Allocation Failure)
[532.308s][info][gc,task        ] GC(1473) Using 6 workers of 6 for evacuation
[532.384s][info][gc,heap        ] GC(1473) ParNew: 460096K->51072K(460096K)
[532.384s][info][gc,heap        ] GC(1473) CMS: 230517K->281445K(7877440K)
[532.384s][info][gc,metaspace   ] GC(1473) Metaspace: 87767K(93612K)->87767K(93612K) NonClass: 76721K(79648K)->76721K(79648K) Class: 11045K(13964K)->11045K(13964K)
[532.384s][info][gc             ] GC(1473) Pause Young (Allocation Failure) 674M->324M(8142M) 75.987ms
[532.384s][info][gc,cpu         ] GC(1473) User=0.38s Sys=0.00s Real=0.08s
[532.571s][info][gc,start       ] GC(1474) Pause Young (Allocation Failure)
[532.572s][info][gc,task        ] GC(1474) Using 6 workers of 6 for evacuation
[532.647s][info][gc,heap        ] GC(1474) ParNew: 460096K->51072K(460096K)
[532.647s][info][gc,heap        ] GC(1474) CMS: 281445K->317453K(7877440K)
[532.647s][info][gc,metaspace   ] GC(1474) Metaspace: 87767K(93612K)->87767K(93612K) NonClass: 76721K(79648K)->76721K(79648K) Class: 11045K(13964K)->11045K(13964K)
[532.648s][info][gc             ] GC(1474) Pause Young (Allocation Failure) 724M->359M(8142M) 76.035ms
[532.648s][info][gc,cpu         ] GC(1474) User=0.33s Sys=0.00s Real=0.08s
[532.844s][info][gc,start       ] GC(1475) Pause Young (Allocation Failure)
[532.844s][info][gc,task        ] GC(1475) Using 6 workers of 6 for evacuation
[532.914s][info][gc,heap        ] GC(1475) ParNew: 460096K->34441K(460096K)
[532.915s][info][gc,heap        ] GC(1475) CMS: 317453K->353538K(7877440K)
[532.915s][info][gc,metaspace   ] GC(1475) Metaspace: 87767K(93612K)->87767K(93612K) NonClass: 76721K(79648K)->76721K(79648K) Class: 11045K(13964K)->11045K(13964K)
[532.915s][info][gc             ] GC(1475) Pause Young (Allocation Failure) 759M->378M(8142M) 70.486ms
[532.915s][info][gc,cpu         ] GC(1475) User=0.38s Sys=0.00s Real=0.06s
[533.528s][info][gc,start       ] GC(1476) Pause Young (Allocation Failure)
[533.528s][info][gc,task        ] GC(1476) Using 6 workers of 6 for evacuation
[533.618s][info][gc,heap        ] GC(1476) ParNew: 443465K->51072K(460096K)
[533.618s][info][gc,heap        ] GC(1476) CMS: 353538K->379674K(7877440K)
[533.618s][info][gc,metaspace   ] GC(1476) Metaspace: 87767K(93612K)->87767K(93612K) NonClass: 76721K(79648K)->76721K(79648K) Class: 11045K(13964K)->11045K(13964K)
[533.618s][info][gc             ] GC(1476) Pause Young (Allocation Failure) 778M->420M(8142M) 90.758ms
[533.618s][info][gc,cpu         ] GC(1476) User=0.53s Sys=0.00s Real=0.09s
[533.744s][info][gc,start       ] GC(1477) Pause Young (Allocation Failure)
[533.744s][info][gc,task        ] GC(1477) Using 6 workers of 6 for evacuation
[533.855s][info][gc,heap        ] GC(1477) ParNew: 460096K->51072K(460096K)
[533.855s][info][gc,heap        ] GC(1477) CMS: 379674K->444145K(7877440K)
[533.855s][info][gc,metaspace   ] GC(1477) Metaspace: 87767K(93612K)->87767K(93612K) NonClass: 76721K(79648K)->76721K(79648K) Class: 11045K(13964K)->11045K(13964K)
[533.855s][info][gc             ] GC(1477) Pause Young (Allocation Failure) 820M->483M(8142M) 110.348ms
[533.855s][info][gc,cpu         ] GC(1477) User=0.34s Sys=0.00s Real=0.11s
[534.041s][info][gc,start       ] GC(1478) Pause Young (Allocation Failure)
[534.042s][info][gc,task        ] GC(1478) Using 6 workers of 6 for evacuation
[534.128s][info][gc,heap        ] GC(1478) ParNew: 460096K->51072K(460096K)
[534.128s][info][gc,heap        ] GC(1478) CMS: 444145K->503799K(7877440K)
[534.128s][info][gc,metaspace   ] GC(1478) Metaspace: 87767K(93612K)->87767K(93612K) NonClass: 76721K(79648K)->76721K(79648K) Class: 11045K(13964K)->11045K(13964K)
[534.128s][info][gc             ] GC(1478) Pause Young (Allocation Failure) 883M->541M(8142M) 86.437ms
[534.128s][info][gc,cpu         ] GC(1478) User=0.47s Sys=0.00s Real=0.09s
[534.319s][info][gc,start       ] GC(1479) Pause Young (Allocation Failure)
[534.320s][info][gc,task        ] GC(1479) Using 6 workers of 6 for evacuation
[534.391s][info][gc,heap        ] GC(1479) ParNew: 460096K->45353K(460096K)
[534.391s][info][gc,heap        ] GC(1479) CMS: 503799K->544541K(7877440K)
[534.391s][info][gc,metaspace   ] GC(1479) Metaspace: 87767K(93612K)->87767K(93612K) NonClass: 76721K(79648K)->76721K(79648K) Class: 11045K(13964K)->11045K(13964K)
[534.391s][info][gc             ] GC(1479) Pause Young (Allocation Failure) 941M->576M(8142M) 71.704ms
[534.391s][info][gc,cpu         ] GC(1479) User=0.38s Sys=0.00s Real=0.06s
[534.864s][info][gc,start       ] GC(1480) Pause Young (Allocation Failure)
[534.864s][info][gc,task        ] GC(1480) Using 6 workers of 6 for evacuation
[534.941s][info][gc,heap        ] GC(1480) ParNew: 454377K->33936K(460096K)
[534.941s][info][gc,heap        ] GC(1480) CMS: 544541K->571164K(7877440K)
[534.941s][info][gc,metaspace   ] GC(1480) Metaspace: 87767K(93612K)->87767K(93612K) NonClass: 76721K(79648K)->76721K(79648K) Class: 11045K(13964K)->11045K(13964K)
[534.941s][info][gc             ] GC(1480) Pause Young (Allocation Failure) 975M->590M(8142M) 76.852ms
[534.941s][info][gc,cpu         ] GC(1480) User=0.38s Sys=0.00s Real=0.06s
[535.263s][info][gc,start       ] GC(1481) Pause Young (Allocation Failure)
[535.263s][info][gc,task        ] GC(1481) Using 6 workers of 6 for evacuation
[535.322s][info][gc,heap        ] GC(1481) ParNew: 442960K->51072K(460096K)
[535.322s][info][gc,heap        ] GC(1481) CMS: 571164K->577871K(7877440K)
[535.322s][info][gc,metaspace   ] GC(1481) Metaspace: 87774K(93612K)->87774K(93612K) NonClass: 76728K(79648K)->76728K(79648K) Class: 11045K(13964K)->11045K(13964K)
[535.322s][info][gc             ] GC(1481) Pause Young (Allocation Failure) 990M->614M(8142M) 59.047ms
[535.322s][info][gc,cpu         ] GC(1481) User=0.30s Sys=0.00s Real=0.06s
[535.633s][info][gc,start       ] GC(1482) Pause Young (Allocation Failure)
[535.633s][info][gc,task        ] GC(1482) Using 6 workers of 6 for evacuation
[535.702s][info][gc,heap        ] GC(1482) ParNew: 460096K->44943K(460096K)
[535.702s][info][gc,heap        ] GC(1482) CMS: 577871K->604318K(7877440K)
[535.702s][info][gc,metaspace   ] GC(1482) Metaspace: 87774K(93612K)->87774K(93612K) NonClass: 76728K(79648K)->76728K(79648K) Class: 11045K(13964K)->11045K(13964K)
[535.702s][info][gc             ] GC(1482) Pause Young (Allocation Failure) 1013M->634M(8142M) 68.667ms
[535.702s][info][gc,cpu         ] GC(1482) User=0.30s Sys=0.02s Real=0.08s
[535.932s][info][gc,start       ] GC(1483) Pause Young (Allocation Failure)
[535.932s][info][gc,task        ] GC(1483) Using 6 workers of 6 for evacuation
[535.981s][info][gc,heap        ] GC(1483) ParNew: 453967K->51072K(460096K)
[535.981s][info][gc,heap        ] GC(1483) CMS: 604318K->608578K(7877440K)
[535.981s][info][gc,metaspace   ] GC(1483) Metaspace: 87774K(93612K)->87774K(93612K) NonClass: 76728K(79648K)->76728K(79648K) Class: 11045K(13964K)->11045K(13964K)
[535.981s][info][gc             ] GC(1483) Pause Young (Allocation Failure) 1033M->644M(8142M) 49.213ms
[535.981s][info][gc,cpu         ] GC(1483) User=0.09s Sys=0.00s Real=0.05s
[536.355s][info][gc,start       ] GC(1484) Pause Young (Allocation Failure)
[536.355s][info][gc,task        ] GC(1484) Using 6 workers of 6 for evacuation
[536.405s][info][gc,heap        ] GC(1484) ParNew: 460096K->51072K(460096K)
[536.405s][info][gc,heap        ] GC(1484) CMS: 608578K->628750K(7877440K)
[536.405s][info][gc,metaspace   ] GC(1484) Metaspace: 87774K(93612K)->87774K(93612K) NonClass: 76728K(79648K)->76728K(79648K) Class: 11045K(13964K)->11045K(13964K)
[536.405s][info][gc             ] GC(1484) Pause Young (Allocation Failure) 1043M->663M(8142M) 50.302ms
[536.405s][info][gc,cpu         ] GC(1484) User=0.14s Sys=0.00s Real=0.06s
[536.565s][info][gc,start       ] GC(1485) Pause Young (Allocation Failure)
[536.566s][info][gc,task        ] GC(1485) Using 6 workers of 6 for evacuation
[536.612s][info][gc,heap        ] GC(1485) ParNew: 460096K->51072K(460096K)
[536.612s][info][gc,heap        ] GC(1485) CMS: 628750K->642791K(7877440K)
[536.612s][info][gc,metaspace   ] GC(1485) Metaspace: 87774K(93612K)->87774K(93612K) NonClass: 76728K(79648K)->76728K(79648K) Class: 11045K(13964K)->11045K(13964K)
[536.612s][info][gc             ] GC(1485) Pause Young (Allocation Failure) 1063M->677M(8142M) 46.899ms
[536.612s][info][gc,cpu         ] GC(1485) User=0.20s Sys=0.00s Real=0.04s
[536.757s][info][gc,start       ] GC(1486) Pause Full (System.gc())
[536.760s][info][gc,phases,start] GC(1486) Phase 1: Mark live objects
[536.885s][info][gc,phases      ] GC(1486) Phase 1: Mark live objects 125.278ms
[536.885s][info][gc,phases,start] GC(1486) Phase 2: Compute new object addresses
[537.108s][info][gc,phases      ] GC(1486) Phase 2: Compute new object addresses 222.847ms
[537.108s][info][gc,phases,start] GC(1486) Phase 3: Adjust pointers
[537.190s][info][gc,phases      ] GC(1486) Phase 3: Adjust pointers 81.716ms
[537.190s][info][gc,phases,start] GC(1486) Phase 4: Move objects
[537.192s][info][gc,phases      ] GC(1486) Phase 4: Move objects 1.629ms
[537.198s][info][gc,heap        ] GC(1486) ParNew: 458606K->0K(460096K)
[537.198s][info][gc,heap        ] GC(1486) CMS: 642791K->170362K(7877440K)
[537.198s][info][gc,metaspace   ] GC(1486) Metaspace: 87774K(93612K)->87774K(93612K) NonClass: 76728K(79648K)->76728K(79648K) Class: 11045K(13964K)->11045K(13964K)
[537.198s][info][gc             ] GC(1486) Pause Full (System.gc()) 1075M->166M(8142M) 440.895ms
[537.198s][info][gc,cpu         ] GC(1486) User=0.42s Sys=0.00s Real=0.44s
[537.346s][info][gc,start       ] GC(1487) Pause Young (Allocation Failure)
[537.346s][info][gc,task        ] GC(1487) Using 6 workers of 6 for evacuation
[537.441s][info][gc,heap        ] GC(1487) ParNew: 409024K->51072K(460096K)
[537.441s][info][gc,heap        ] GC(1487) CMS: 170362K->229821K(7877440K)
[537.441s][info][gc,metaspace   ] GC(1487) Metaspace: 87790K(93612K)->87790K(93612K) NonClass: 76745K(79648K)->76745K(79648K) Class: 11045K(13964K)->11045K(13964K)
[537.441s][info][gc             ] GC(1487) Pause Young (Allocation Failure) 565M->274M(8142M) 95.408ms
[537.441s][info][gc,cpu         ] GC(1487) User=0.14s Sys=0.00s Real=0.10s
[537.616s][info][gc,start       ] GC(1488) Pause Young (Allocation Failure)
[537.616s][info][gc,task        ] GC(1488) Using 6 workers of 6 for evacuation
[537.691s][info][gc,heap        ] GC(1488) ParNew: 460096K->51072K(460096K)
[537.691s][info][gc,heap        ] GC(1488) CMS: 229821K->279940K(7877440K)
[537.691s][info][gc,metaspace   ] GC(1488) Metaspace: 87790K(93612K)->87790K(93612K) NonClass: 76745K(79648K)->76745K(79648K) Class: 11045K(13964K)->11045K(13964K)
[537.691s][info][gc             ] GC(1488) Pause Young (Allocation Failure) 673M->323M(8142M) 74.808ms
[537.691s][info][gc,cpu         ] GC(1488) User=0.30s Sys=0.00s Real=0.08s
[537.876s][info][gc,start       ] GC(1489) Pause Young (Allocation Failure)
[537.876s][info][gc,task        ] GC(1489) Using 6 workers of 6 for evacuation
[537.952s][info][gc,heap        ] GC(1489) ParNew: 460096K->51072K(460096K)
[537.952s][info][gc,heap        ] GC(1489) CMS: 279940K->319234K(7877440K)
[537.952s][info][gc,metaspace   ] GC(1489) Metaspace: 87790K(93612K)->87790K(93612K) NonClass: 76745K(79648K)->76745K(79648K) Class: 11045K(13964K)->11045K(13964K)
[537.952s][info][gc             ] GC(1489) Pause Young (Allocation Failure) 722M->361M(8142M) 76.075ms
[537.952s][info][gc,cpu         ] GC(1489) User=0.36s Sys=0.00s Real=0.08s
[538.146s][info][gc,start       ] GC(1490) Pause Young (Allocation Failure)
[538.146s][info][gc,task        ] GC(1490) Using 6 workers of 6 for evacuation
[538.218s][info][gc,heap        ] GC(1490) ParNew: 460096K->35738K(460096K)
[538.218s][info][gc,heap        ] GC(1490) CMS: 319234K->352447K(7877440K)
[538.218s][info][gc,metaspace   ] GC(1490) Metaspace: 87790K(93612K)->87790K(93612K) NonClass: 76745K(79648K)->76745K(79648K) Class: 11045K(13964K)->11045K(13964K)
[538.218s][info][gc             ] GC(1490) Pause Young (Allocation Failure) 761M->379M(8142M) 72.211ms
[538.218s][info][gc,cpu         ] GC(1490) User=0.38s Sys=0.00s Real=0.06s
[538.791s][info][gc,start       ] GC(1491) Pause Young (Allocation Failure)
[538.791s][info][gc,task        ] GC(1491) Using 6 workers of 6 for evacuation
[538.881s][info][gc,heap        ] GC(1491) ParNew: 444762K->51072K(460096K)
[538.881s][info][gc,heap        ] GC(1491) CMS: 352447K->377801K(7877440K)
[538.881s][info][gc,metaspace   ] GC(1491) Metaspace: 87790K(93612K)->87790K(93612K) NonClass: 76745K(79648K)->76745K(79648K) Class: 11045K(13964K)->11045K(13964K)
[538.881s][info][gc             ] GC(1491) Pause Young (Allocation Failure) 778M->418M(8142M) 90.012ms
[538.881s][info][gc,cpu         ] GC(1491) User=0.41s Sys=0.00s Real=0.08s
[539.006s][info][gc,start       ] GC(1492) Pause Young (Allocation Failure)
[539.006s][info][gc,task        ] GC(1492) Using 6 workers of 6 for evacuation
[539.115s][info][gc,heap        ] GC(1492) ParNew: 460096K->51072K(460096K)
[539.116s][info][gc,heap        ] GC(1492) CMS: 377801K->442379K(7877440K)
[539.116s][info][gc,metaspace   ] GC(1492) Metaspace: 87790K(93612K)->87790K(93612K) NonClass: 76745K(79648K)->76745K(79648K) Class: 11045K(13964K)->11045K(13964K)
[539.116s][info][gc             ] GC(1492) Pause Young (Allocation Failure) 818M->481M(8142M) 109.359ms
[539.116s][info][gc,cpu         ] GC(1492) User=0.33s Sys=0.00s Real=0.11s
[539.305s][info][gc,start       ] GC(1493) Pause Young (Allocation Failure)
[539.306s][info][gc,task        ] GC(1493) Using 6 workers of 6 for evacuation
[539.389s][info][gc,heap        ] GC(1493) ParNew: 460096K->51072K(460096K)
[539.389s][info][gc,heap        ] GC(1493) CMS: 442379K->499328K(7877440K)
[539.389s][info][gc,metaspace   ] GC(1493) Metaspace: 87790K(93612K)->87790K(93612K) NonClass: 76745K(79648K)->76745K(79648K) Class: 11045K(13964K)->11045K(13964K)
[539.389s][info][gc             ] GC(1493) Pause Young (Allocation Failure) 881M->537M(8142M) 83.511ms
[539.389s][info][gc,cpu         ] GC(1493) User=0.45s Sys=0.00s Real=0.09s
[539.573s][info][gc,start       ] GC(1494) Pause Young (Allocation Failure)
[539.573s][info][gc,task        ] GC(1494) Using 6 workers of 6 for evacuation
[539.644s][info][gc,heap        ] GC(1494) ParNew: 460096K->40190K(460096K)
[539.644s][info][gc,heap        ] GC(1494) CMS: 499328K->539392K(7877440K)
[539.644s][info][gc,metaspace   ] GC(1494) Metaspace: 87790K(93612K)->87790K(93612K) NonClass: 76745K(79648K)->76745K(79648K) Class: 11045K(13964K)->11045K(13964K)
[539.644s][info][gc             ] GC(1494) Pause Young (Allocation Failure) 936M->565M(8142M) 70.983ms
[539.644s][info][gc,cpu         ] GC(1494) User=0.33s Sys=0.00s Real=0.07s
[540.101s][info][gc,start       ] GC(1495) Pause Young (Allocation Failure)
[540.101s][info][gc,task        ] GC(1495) Using 6 workers of 6 for evacuation
[540.188s][info][gc,heap        ] GC(1495) ParNew: 449214K->32716K(460096K)
[540.188s][info][gc,heap        ] GC(1495) CMS: 539392K->566083K(7877440K)
[540.188s][info][gc,metaspace   ] GC(1495) Metaspace: 87790K(93612K)->87790K(93612K) NonClass: 76745K(79648K)->76745K(79648K) Class: 11045K(13964K)->11045K(13964K)
[540.188s][info][gc             ] GC(1495) Pause Young (Allocation Failure) 965M->584M(8142M) 86.890ms
[540.188s][info][gc,cpu         ] GC(1495) User=0.47s Sys=0.00s Real=0.09s
[540.510s][info][gc,start       ] GC(1496) Pause Young (Allocation Failure)
[540.510s][info][gc,task        ] GC(1496) Using 6 workers of 6 for evacuation
[540.566s][info][gc,heap        ] GC(1496) ParNew: 441740K->51072K(460096K)
[540.566s][info][gc,heap        ] GC(1496) CMS: 566083K->571535K(7877440K)
[540.566s][info][gc,metaspace   ] GC(1496) Metaspace: 87791K(93612K)->87791K(93612K) NonClass: 76746K(79648K)->76746K(79648K) Class: 11045K(13964K)->11045K(13964K)
[540.566s][info][gc             ] GC(1496) Pause Young (Allocation Failure) 984M->608M(8142M) 56.346ms
[540.566s][info][gc,cpu         ] GC(1496) User=0.30s Sys=0.00s Real=0.06s
[540.879s][info][gc,start       ] GC(1497) Pause Young (Allocation Failure)
[540.879s][info][gc,task        ] GC(1497) Using 6 workers of 6 for evacuation
[540.949s][info][gc,heap        ] GC(1497) ParNew: 460096K->40567K(460096K)
[540.949s][info][gc,heap        ] GC(1497) CMS: 571535K->598259K(7877440K)
[540.949s][info][gc,metaspace   ] GC(1497) Metaspace: 87796K(93612K)->87796K(93612K) NonClass: 76751K(79648K)->76751K(79648K) Class: 11045K(13964K)->11045K(13964K)
[540.949s][info][gc             ] GC(1497) Pause Young (Allocation Failure) 1007M->623M(8142M) 69.762ms
[540.949s][info][gc,cpu         ] GC(1497) User=0.19s Sys=0.00s Real=0.06s
[541.186s][info][gc,start       ] GC(1498) Pause Young (Allocation Failure)
[541.186s][info][gc,task        ] GC(1498) Using 6 workers of 6 for evacuation
[541.234s][info][gc,heap        ] GC(1498) ParNew: 449591K->51072K(460096K)
[541.234s][info][gc,heap        ] GC(1498) CMS: 598259K->603375K(7877440K)
[541.234s][info][gc,metaspace   ] GC(1498) Metaspace: 87800K(93612K)->87800K(93612K) NonClass: 76754K(79648K)->76754K(79648K) Class: 11045K(13964K)->11045K(13964K)
[541.234s][info][gc             ] GC(1498) Pause Young (Allocation Failure) 1023M->639M(8142M) 48.376ms
[541.234s][info][gc,cpu         ] GC(1498) User=0.05s Sys=0.00s Real=0.05s
[541.610s][info][gc,start       ] GC(1499) Pause Young (Allocation Failure)
[541.611s][info][gc,task        ] GC(1499) Using 6 workers of 6 for evacuation
[541.640s][info][gc,heap        ] GC(1499) ParNew: 459884K->51072K(460096K)
[541.640s][info][gc,heap        ] GC(1499) CMS: 603375K->604678K(7877440K)
[541.640s][info][gc,metaspace   ] GC(1499) Metaspace: 87803K(93612K)->87803K(93612K) NonClass: 76757K(79648K)->76757K(79648K) Class: 11045K(13964K)->11045K(13964K)
[541.640s][info][gc             ] GC(1499) Pause Young (Allocation Failure) 1038M->640M(8142M) 29.432ms
[541.640s][info][gc,cpu         ] GC(1499) User=0.05s Sys=0.00s Real=0.03s
[541.796s][info][gc,start       ] GC(1500) Pause Young (Allocation Failure)
[541.796s][info][gc,task        ] GC(1500) Using 6 workers of 6 for evacuation
[541.845s][info][gc,heap        ] GC(1500) ParNew: 460096K->51072K(460096K)
[541.845s][info][gc,heap        ] GC(1500) CMS: 604678K->620794K(7877440K)
[541.845s][info][gc,metaspace   ] GC(1500) Metaspace: 87817K(93612K)->87817K(93612K) NonClass: 76771K(79648K)->76771K(79648K) Class: 11045K(13964K)->11045K(13964K)
[541.845s][info][gc             ] GC(1500) Pause Young (Allocation Failure) 1039M->656M(8142M) 48.577ms
[541.845s][info][gc,cpu         ] GC(1500) User=0.22s Sys=0.00s Real=0.05s
[541.988s][info][gc,start       ] GC(1501) Pause Young (Allocation Failure)
[541.988s][info][gc,task        ] GC(1501) Using 6 workers of 6 for evacuation
[542.179s][info][gc,heap        ] GC(1501) ParNew: 460096K->51072K(460096K)
[542.179s][info][gc,heap        ] GC(1501) CMS: 620794K->680894K(7877440K)
[542.179s][info][gc,metaspace   ] GC(1501) Metaspace: 87817K(93612K)->87817K(93612K) NonClass: 76771K(79648K)->76771K(79648K) Class: 11045K(13964K)->11045K(13964K)
[542.179s][info][gc             ] GC(1501) Pause Young (Allocation Failure) 1055M->714M(8142M) 191.229ms
[542.179s][info][gc,cpu         ] GC(1501) User=0.84s Sys=0.00s Real=0.20s
[542.183s][info][gc,start       ] GC(1502) Pause Full (System.gc())
[542.186s][info][gc,phases,start] GC(1502) Phase 1: Mark live objects
[542.310s][info][gc,phases      ] GC(1502) Phase 1: Mark live objects 124.180ms
[542.310s][info][gc,phases,start] GC(1502) Phase 2: Compute new object addresses
[542.483s][info][gc,phases      ] GC(1502) Phase 2: Compute new object addresses 172.907ms
[542.483s][info][gc,phases,start] GC(1502) Phase 3: Adjust pointers
[542.565s][info][gc,phases      ] GC(1502) Phase 3: Adjust pointers 82.574ms
[542.565s][info][gc,phases,start] GC(1502) Phase 4: Move objects
[542.580s][info][gc,phases      ] GC(1502) Phase 4: Move objects 14.570ms
[542.586s][info][gc,heap        ] GC(1502) ParNew: 59624K->0K(460096K)
[542.586s][info][gc,heap        ] GC(1502) CMS: 680894K->170415K(7877440K)
[542.586s][info][gc,metaspace   ] GC(1502) Metaspace: 87817K(93612K)->87817K(93612K) NonClass: 76771K(79648K)->76771K(79648K) Class: 11045K(13964K)->11045K(13964K)
[542.587s][info][gc             ] GC(1502) Pause Full (System.gc()) 723M->166M(8142M) 404.240ms
[542.587s][info][gc,cpu         ] GC(1502) User=0.38s Sys=0.00s Real=0.40s
[542.728s][info][gc,start       ] GC(1503) Pause Young (Allocation Failure)
[542.728s][info][gc,task        ] GC(1503) Using 6 workers of 6 for evacuation
[542.824s][info][gc,heap        ] GC(1503) ParNew: 409024K->51072K(460096K)
[542.824s][info][gc,heap        ] GC(1503) CMS: 170415K->230061K(7877440K)
[542.824s][info][gc,metaspace   ] GC(1503) Metaspace: 87817K(93612K)->87817K(93612K) NonClass: 76771K(79648K)->76771K(79648K) Class: 11045K(13964K)->11045K(13964K)
[542.824s][info][gc             ] GC(1503) Pause Young (Allocation Failure) 565M->274M(8142M) 95.920ms
[542.824s][info][gc,cpu         ] GC(1503) User=0.36s Sys=0.00s Real=0.11s
[542.999s][info][gc,start       ] GC(1504) Pause Young (Allocation Failure)
[542.999s][info][gc,task        ] GC(1504) Using 6 workers of 6 for evacuation
[543.074s][info][gc,heap        ] GC(1504) ParNew: 460096K->51072K(460096K)
[543.074s][info][gc,heap        ] GC(1504) CMS: 230061K->281981K(7877440K)
[543.074s][info][gc,metaspace   ] GC(1504) Metaspace: 87817K(93612K)->87817K(93612K) NonClass: 76771K(79648K)->76771K(79648K) Class: 11045K(13964K)->11045K(13964K)
[543.074s][info][gc             ] GC(1504) Pause Young (Allocation Failure) 673M->325M(8142M) 75.276ms
[543.074s][info][gc,cpu         ] GC(1504) User=0.38s Sys=0.00s Real=0.08s
[543.263s][info][gc,start       ] GC(1505) Pause Young (Allocation Failure)
[543.264s][info][gc,task        ] GC(1505) Using 6 workers of 6 for evacuation
[543.340s][info][gc,heap        ] GC(1505) ParNew: 460096K->51072K(460096K)
[543.340s][info][gc,heap        ] GC(1505) CMS: 281981K->315948K(7877440K)
[543.340s][info][gc,metaspace   ] GC(1505) Metaspace: 87817K(93612K)->87817K(93612K) NonClass: 76771K(79648K)->76771K(79648K) Class: 11045K(13964K)->11045K(13964K)
[543.340s][info][gc             ] GC(1505) Pause Young (Allocation Failure) 724M->358M(8142M) 76.140ms
[543.340s][info][gc,cpu         ] GC(1505) User=0.38s Sys=0.00s Real=0.06s
[543.535s][info][gc,start       ] GC(1506) Pause Young (Allocation Failure)
[543.535s][info][gc,task        ] GC(1506) Using 6 workers of 6 for evacuation
[543.606s][info][gc,heap        ] GC(1506) ParNew: 460096K->34589K(460096K)
[543.606s][info][gc,heap        ] GC(1506) CMS: 315948K->353208K(7877440K)
[543.606s][info][gc,metaspace   ] GC(1506) Metaspace: 87817K(93612K)->87817K(93612K) NonClass: 76771K(79648K)->76771K(79648K) Class: 11045K(13964K)->11045K(13964K)
[543.607s][info][gc             ] GC(1506) Pause Young (Allocation Failure) 757M->378M(8142M) 71.579ms
[543.607s][info][gc,cpu         ] GC(1506) User=0.38s Sys=0.00s Real=0.06s
[544.213s][info][gc,start       ] GC(1507) Pause Young (Allocation Failure)
[544.213s][info][gc,task        ] GC(1507) Using 6 workers of 6 for evacuation
[544.303s][info][gc,heap        ] GC(1507) ParNew: 443613K->51072K(460096K)
[544.303s][info][gc,heap        ] GC(1507) CMS: 353208K->379512K(7877440K)
[544.303s][info][gc,metaspace   ] GC(1507) Metaspace: 87817K(93612K)->87817K(93612K) NonClass: 76771K(79648K)->76771K(79648K) Class: 11045K(13964K)->11045K(13964K)
[544.303s][info][gc             ] GC(1507) Pause Young (Allocation Failure) 778M->420M(8142M) 90.244ms
[544.303s][info][gc,cpu         ] GC(1507) User=0.47s Sys=0.00s Real=0.09s
[544.429s][info][gc,start       ] GC(1508) Pause Young (Allocation Failure)
[544.429s][info][gc,task        ] GC(1508) Using 6 workers of 6 for evacuation
[544.536s][info][gc,heap        ] GC(1508) ParNew: 460096K->51072K(460096K)
[544.536s][info][gc,heap        ] GC(1508) CMS: 379512K->444183K(7877440K)
[544.536s][info][gc,metaspace   ] GC(1508) Metaspace: 87817K(93612K)->87817K(93612K) NonClass: 76771K(79648K)->76771K(79648K) Class: 11045K(13964K)->11045K(13964K)
[544.536s][info][gc             ] GC(1508) Pause Young (Allocation Failure) 819M->483M(8142M) 107.630ms
[544.536s][info][gc,cpu         ] GC(1508) User=0.23s Sys=0.00s Real=0.11s
[544.720s][info][gc,start       ] GC(1509) Pause Young (Allocation Failure)
[544.720s][info][gc,task        ] GC(1509) Using 6 workers of 6 for evacuation
[544.804s][info][gc,heap        ] GC(1509) ParNew: 460096K->51072K(460096K)
[544.804s][info][gc,heap        ] GC(1509) CMS: 444183K->502831K(7877440K)
[544.804s][info][gc,metaspace   ] GC(1509) Metaspace: 87817K(93612K)->87817K(93612K) NonClass: 76771K(79648K)->76771K(79648K) Class: 11045K(13964K)->11045K(13964K)
[544.804s][info][gc             ] GC(1509) Pause Young (Allocation Failure) 883M->540M(8142M) 84.090ms
[544.804s][info][gc,cpu         ] GC(1509) User=0.52s Sys=0.00s Real=0.10s
[544.989s][info][gc,start       ] GC(1510) Pause Young (Allocation Failure)
[544.989s][info][gc,task        ] GC(1510) Using 6 workers of 6 for evacuation
[545.059s][info][gc,heap        ] GC(1510) ParNew: 460096K->39851K(460096K)
[545.059s][info][gc,heap        ] GC(1510) CMS: 502831K->542448K(7877440K)
[545.059s][info][gc,metaspace   ] GC(1510) Metaspace: 87817K(93612K)->87817K(93612K) NonClass: 76771K(79648K)->76771K(79648K) Class: 11045K(13964K)->11045K(13964K)
[545.059s][info][gc             ] GC(1510) Pause Young (Allocation Failure) 940M->568M(8142M) 70.613ms
[545.059s][info][gc,cpu         ] GC(1510) User=0.38s Sys=0.00s Real=0.06s
[545.531s][info][gc,start       ] GC(1511) Pause Young (Allocation Failure)
[545.531s][info][gc,task        ] GC(1511) Using 6 workers of 6 for evacuation
[545.604s][info][gc,heap        ] GC(1511) ParNew: 448875K->32412K(460096K)
[545.604s][info][gc,heap        ] GC(1511) CMS: 542448K->568858K(7877440K)
[545.604s][info][gc,metaspace   ] GC(1511) Metaspace: 87817K(93612K)->87817K(93612K) NonClass: 76771K(79648K)->76771K(79648K) Class: 11045K(13964K)->11045K(13964K)
[545.604s][info][gc             ] GC(1511) Pause Young (Allocation Failure) 968M->587M(8142M) 72.747ms
[545.604s][info][gc,cpu         ] GC(1511) User=0.39s Sys=0.00s Real=0.08s
[545.934s][info][gc,start       ] GC(1512) Pause Young (Allocation Failure)
[545.934s][info][gc,task        ] GC(1512) Using 6 workers of 6 for evacuation
[545.993s][info][gc,heap        ] GC(1512) ParNew: 441436K->51072K(460096K)
[545.993s][info][gc,heap        ] GC(1512) CMS: 568858K->575136K(7877440K)
[545.993s][info][gc,metaspace   ] GC(1512) Metaspace: 87818K(93612K)->87818K(93612K) NonClass: 76773K(79648K)->76773K(79648K) Class: 11045K(13964K)->11045K(13964K)
[545.993s][info][gc             ] GC(1512) Pause Young (Allocation Failure) 986M->611M(8142M) 58.888ms
[545.993s][info][gc,cpu         ] GC(1512) User=0.28s Sys=0.00s Real=0.06s
[546.304s][info][gc,start       ] GC(1513) Pause Young (Allocation Failure)
[546.304s][info][gc,task        ] GC(1513) Using 6 workers of 6 for evacuation
[546.373s][info][gc,heap        ] GC(1513) ParNew: 460096K->43343K(460096K)
[546.373s][info][gc,heap        ] GC(1513) CMS: 575136K->601662K(7877440K)
[546.373s][info][gc,metaspace   ] GC(1513) Metaspace: 87818K(93612K)->87818K(93612K) NonClass: 76773K(79648K)->76773K(79648K) Class: 11045K(13964K)->11045K(13964K)
[546.373s][info][gc             ] GC(1513) Pause Young (Allocation Failure) 1010M->629M(8142M) 68.810ms
[546.373s][info][gc,cpu         ] GC(1513) User=0.22s Sys=0.00s Real=0.08s
[546.606s][info][gc,start       ] GC(1514) Pause Young (Allocation Failure)
[546.606s][info][gc,task        ] GC(1514) Using 6 workers of 6 for evacuation
[546.656s][info][gc,heap        ] GC(1514) ParNew: 452367K->51072K(460096K)
[546.656s][info][gc,heap        ] GC(1514) CMS: 601662K->606633K(7877440K)
[546.656s][info][gc,metaspace   ] GC(1514) Metaspace: 87820K(93612K)->87820K(93612K) NonClass: 76774K(79648K)->76774K(79648K) Class: 11045K(13964K)->11045K(13964K)
[546.656s][info][gc             ] GC(1514) Pause Young (Allocation Failure) 1029M->642M(8142M) 50.114ms
[546.656s][info][gc,cpu         ] GC(1514) User=0.12s Sys=0.00s Real=0.06s
[547.031s][info][gc,start       ] GC(1515) Pause Young (Allocation Failure)
[547.031s][info][gc,task        ] GC(1515) Using 6 workers of 6 for evacuation
[547.059s][info][gc,heap        ] GC(1515) ParNew: 459326K->51072K(460096K)
[547.059s][info][gc,heap        ] GC(1515) CMS: 606633K->614278K(7877440K)
[547.060s][info][gc,metaspace   ] GC(1515) Metaspace: 87820K(93612K)->87820K(93612K) NonClass: 76775K(79648K)->76775K(79648K) Class: 11045K(13964K)->11045K(13964K)
[547.060s][info][gc             ] GC(1515) Pause Young (Allocation Failure) 1040M->649M(8142M) 28.172ms
[547.060s][info][gc,cpu         ] GC(1515) User=0.03s Sys=0.00s Real=0.01s
[547.208s][info][gc,start       ] GC(1516) Pause Young (Allocation Failure)
[547.208s][info][gc,task        ] GC(1516) Using 6 workers of 6 for evacuation
[547.257s][info][gc,heap        ] GC(1516) ParNew: 460096K->51072K(460096K)
[547.257s][info][gc,heap        ] GC(1516) CMS: 614278K->628006K(7877440K)
[547.257s][info][gc,metaspace   ] GC(1516) Metaspace: 87820K(93612K)->87820K(93612K) NonClass: 76775K(79648K)->76775K(79648K) Class: 11045K(13964K)->11045K(13964K)
[547.257s][info][gc             ] GC(1516) Pause Young (Allocation Failure) 1049M->663M(8142M) 48.775ms
[547.257s][info][gc,cpu         ] GC(1516) User=0.19s Sys=0.00s Real=0.05s
[547.402s][info][gc,start       ] GC(1517) Pause Full (System.gc())
[547.405s][info][gc,phases,start] GC(1517) Phase 1: Mark live objects
[547.530s][info][gc,phases      ] GC(1517) Phase 1: Mark live objects 124.593ms
[547.530s][info][gc,phases,start] GC(1517) Phase 2: Compute new object addresses
[547.751s][info][gc,phases      ] GC(1517) Phase 2: Compute new object addresses 220.832ms
[547.751s][info][gc,phases,start] GC(1517) Phase 3: Adjust pointers
[547.831s][info][gc,phases      ] GC(1517) Phase 3: Adjust pointers 80.524ms
[547.831s][info][gc,phases,start] GC(1517) Phase 4: Move objects
[547.833s][info][gc,phases      ] GC(1517) Phase 4: Move objects 1.682ms
[547.839s][info][gc,heap        ] GC(1517) ParNew: 458779K->0K(460096K)
[547.839s][info][gc,heap        ] GC(1517) CMS: 628006K->170472K(7877440K)
[547.839s][info][gc,metaspace   ] GC(1517) Metaspace: 87820K(93612K)->87820K(93612K) NonClass: 76775K(79648K)->76775K(79648K) Class: 11045K(13964K)->11045K(13964K)
[547.840s][info][gc             ] GC(1517) Pause Full (System.gc()) 1061M->166M(8142M) 437.359ms
[547.840s][info][gc,cpu         ] GC(1517) User=0.41s Sys=0.00s Real=0.44s
[547.983s][info][gc,start       ] GC(1518) Pause Young (Allocation Failure)
[547.983s][info][gc,task        ] GC(1518) Using 6 workers of 6 for evacuation
[548.091s][info][gc,heap        ] GC(1518) ParNew: 409024K->51072K(460096K)
[548.091s][info][gc,heap        ] GC(1518) CMS: 170472K->229660K(7877440K)
[548.091s][info][gc,metaspace   ] GC(1518) Metaspace: 87820K(93612K)->87820K(93612K) NonClass: 76775K(79648K)->76775K(79648K) Class: 11045K(13964K)->11045K(13964K)
[548.091s][info][gc             ] GC(1518) Pause Young (Allocation Failure) 565M->274M(8142M) 108.128ms
[548.091s][info][gc,cpu         ] GC(1518) User=0.14s Sys=0.03s Real=0.12s
[548.269s][info][gc,start       ] GC(1519) Pause Young (Allocation Failure)
[548.269s][info][gc,task        ] GC(1519) Using 6 workers of 6 for evacuation
[548.343s][info][gc,heap        ] GC(1519) ParNew: 460096K->51072K(460096K)
[548.343s][info][gc,heap        ] GC(1519) CMS: 229660K->279583K(7877440K)
[548.343s][info][gc,metaspace   ] GC(1519) Metaspace: 87820K(93612K)->87820K(93612K) NonClass: 76775K(79648K)->76775K(79648K) Class: 11045K(13964K)->11045K(13964K)
[548.343s][info][gc             ] GC(1519) Pause Young (Allocation Failure) 673M->322M(8142M) 74.891ms
[548.344s][info][gc,cpu         ] GC(1519) User=0.34s Sys=0.00s Real=0.08s
[548.530s][info][gc,start       ] GC(1520) Pause Young (Allocation Failure)
[548.530s][info][gc,task        ] GC(1520) Using 6 workers of 6 for evacuation
[548.606s][info][gc,heap        ] GC(1520) ParNew: 460096K->51072K(460096K)
[548.606s][info][gc,heap        ] GC(1520) CMS: 279583K->316297K(7877440K)
[548.606s][info][gc,metaspace   ] GC(1520) Metaspace: 87820K(93612K)->87820K(93612K) NonClass: 76775K(79648K)->76775K(79648K) Class: 11045K(13964K)->11045K(13964K)
[548.607s][info][gc             ] GC(1520) Pause Young (Allocation Failure) 722M->358M(8142M) 76.447ms
[548.607s][info][gc,cpu         ] GC(1520) User=0.48s Sys=0.00s Real=0.08s
[548.801s][info][gc,start       ] GC(1521) Pause Young (Allocation Failure)
[548.801s][info][gc,task        ] GC(1521) Using 6 workers of 6 for evacuation
[548.872s][info][gc,heap        ] GC(1521) ParNew: 460096K->38166K(460096K)
[548.872s][info][gc,heap        ] GC(1521) CMS: 316297K->352415K(7877440K)
[548.872s][info][gc,metaspace   ] GC(1521) Metaspace: 87822K(93612K)->87822K(93612K) NonClass: 76776K(79648K)->76776K(79648K) Class: 11045K(13964K)->11045K(13964K)
[548.872s][info][gc             ] GC(1521) Pause Young (Allocation Failure) 758M->381M(8142M) 71.230ms
[548.872s][info][gc,cpu         ] GC(1521) User=0.45s Sys=0.00s Real=0.08s
[549.454s][info][gc,start       ] GC(1522) Pause Young (Allocation Failure)
[549.454s][info][gc,task        ] GC(1522) Using 6 workers of 6 for evacuation
[549.544s][info][gc,heap        ] GC(1522) ParNew: 447190K->51072K(460096K)
[549.544s][info][gc,heap        ] GC(1522) CMS: 352415K->378132K(7877440K)
[549.544s][info][gc,metaspace   ] GC(1522) Metaspace: 87822K(93612K)->87822K(93612K) NonClass: 76776K(79648K)->76776K(79648K) Class: 11045K(13964K)->11045K(13964K)
[549.544s][info][gc             ] GC(1522) Pause Young (Allocation Failure) 780M->419M(8142M) 89.879ms
[549.544s][info][gc,cpu         ] GC(1522) User=0.48s Sys=0.00s Real=0.09s
[549.668s][info][gc,start       ] GC(1523) Pause Young (Allocation Failure)
[549.668s][info][gc,task        ] GC(1523) Using 6 workers of 6 for evacuation
[549.778s][info][gc,heap        ] GC(1523) ParNew: 460096K->51072K(460096K)
[549.778s][info][gc,heap        ] GC(1523) CMS: 378132K->442637K(7877440K)
[549.778s][info][gc,metaspace   ] GC(1523) Metaspace: 87822K(93612K)->87822K(93612K) NonClass: 76776K(79648K)->76776K(79648K) Class: 11045K(13964K)->11045K(13964K)
[549.778s][info][gc             ] GC(1523) Pause Young (Allocation Failure) 818M->482M(8142M) 110.285ms
[549.778s][info][gc,cpu         ] GC(1523) User=0.20s Sys=0.00s Real=0.11s
[549.962s][info][gc,start       ] GC(1524) Pause Young (Allocation Failure)
[549.962s][info][gc,task        ] GC(1524) Using 6 workers of 6 for evacuation
[550.046s][info][gc,heap        ] GC(1524) ParNew: 460096K->51072K(460096K)
[550.046s][info][gc,heap        ] GC(1524) CMS: 442637K->505140K(7877440K)
[550.046s][info][gc,metaspace   ] GC(1524) Metaspace: 87822K(93612K)->87822K(93612K) NonClass: 76776K(79648K)->76776K(79648K) Class: 11045K(13964K)->11045K(13964K)
[550.046s][info][gc             ] GC(1524) Pause Young (Allocation Failure) 881M->543M(8142M) 84.387ms
[550.046s][info][gc,cpu         ] GC(1524) User=0.33s Sys=0.00s Real=0.09s
[550.236s][info][gc,start       ] GC(1525) Pause Young (Allocation Failure)
[550.236s][info][gc,task        ] GC(1525) Using 6 workers of 6 for evacuation
[550.309s][info][gc,heap        ] GC(1525) ParNew: 460096K->41981K(460096K)
[550.309s][info][gc,heap        ] GC(1525) CMS: 505140K->546243K(7877440K)
[550.309s][info][gc,metaspace   ] GC(1525) Metaspace: 87822K(93612K)->87822K(93612K) NonClass: 76776K(79648K)->76776K(79648K) Class: 11045K(13964K)->11045K(13964K)
[550.309s][info][gc             ] GC(1525) Pause Young (Allocation Failure) 942M->574M(8142M) 72.484ms
[550.309s][info][gc,cpu         ] GC(1525) User=0.38s Sys=0.00s Real=0.06s
[550.771s][info][gc,start       ] GC(1526) Pause Young (Allocation Failure)
[550.771s][info][gc,task        ] GC(1526) Using 6 workers of 6 for evacuation
[550.850s][info][gc,heap        ] GC(1526) ParNew: 451005K->33051K(460096K)
[550.850s][info][gc,heap        ] GC(1526) CMS: 546243K->572764K(7877440K)
[550.850s][info][gc,metaspace   ] GC(1526) Metaspace: 87822K(93612K)->87822K(93612K) NonClass: 76776K(79648K)->76776K(79648K) Class: 11045K(13964K)->11045K(13964K)
[550.850s][info][gc             ] GC(1526) Pause Young (Allocation Failure) 973M->591M(8142M) 78.464ms
[550.850s][info][gc,cpu         ] GC(1526) User=0.39s Sys=0.00s Real=0.08s
[551.181s][info][gc,start       ] GC(1527) Pause Young (Allocation Failure)
[551.181s][info][gc,task        ] GC(1527) Using 6 workers of 6 for evacuation
[551.238s][info][gc,heap        ] GC(1527) ParNew: 442075K->51072K(460096K)
[551.238s][info][gc,heap        ] GC(1527) CMS: 572764K->579498K(7877440K)
[551.238s][info][gc,metaspace   ] GC(1527) Metaspace: 87822K(93612K)->87822K(93612K) NonClass: 76776K(79648K)->76776K(79648K) Class: 11045K(13964K)->11045K(13964K)
[551.238s][info][gc             ] GC(1527) Pause Young (Allocation Failure) 991M->615M(8142M) 57.125ms
[551.239s][info][gc,cpu         ] GC(1527) User=0.23s Sys=0.00s Real=0.06s
[551.550s][info][gc,start       ] GC(1528) Pause Young (Allocation Failure)
[551.550s][info][gc,task        ] GC(1528) Using 6 workers of 6 for evacuation
[551.621s][info][gc,heap        ] GC(1528) ParNew: 460096K->51072K(460096K)
[551.621s][info][gc,heap        ] GC(1528) CMS: 579498K->606245K(7877440K)
[551.621s][info][gc,metaspace   ] GC(1528) Metaspace: 87822K(93612K)->87822K(93612K) NonClass: 76776K(79648K)->76776K(79648K) Class: 11045K(13964K)->11045K(13964K)
[551.621s][info][gc             ] GC(1528) Pause Young (Allocation Failure) 1015M->641M(8142M) 71.596ms
[551.621s][info][gc,cpu         ] GC(1528) User=0.20s Sys=0.00s Real=0.08s
[551.852s][info][gc,start       ] GC(1529) Pause Young (Allocation Failure)
[551.852s][info][gc,task        ] GC(1529) Using 6 workers of 6 for evacuation
[551.900s][info][gc,heap        ] GC(1529) ParNew: 460096K->51072K(460096K)
[551.900s][info][gc,heap        ] GC(1529) CMS: 606245K->609578K(7877440K)
[551.900s][info][gc,metaspace   ] GC(1529) Metaspace: 87822K(93612K)->87822K(93612K) NonClass: 76776K(79648K)->76776K(79648K) Class: 11045K(13964K)->11045K(13964K)
[551.900s][info][gc             ] GC(1529) Pause Young (Allocation Failure) 1041M->645M(8142M) 47.783ms
[551.900s][info][gc,cpu         ] GC(1529) User=0.12s Sys=0.00s Real=0.05s
[552.279s][info][gc,start       ] GC(1530) Pause Young (Allocation Failure)
[552.279s][info][gc,task        ] GC(1530) Using 6 workers of 6 for evacuation
[552.309s][info][gc,heap        ] GC(1530) ParNew: 460096K->51072K(460096K)
[552.309s][info][gc,heap        ] GC(1530) CMS: 609578K->612161K(7877440K)
[552.309s][info][gc,metaspace   ] GC(1530) Metaspace: 87822K(93612K)->87822K(93612K) NonClass: 76776K(79648K)->76776K(79648K) Class: 11045K(13964K)->11045K(13964K)
[552.309s][info][gc             ] GC(1530) Pause Young (Allocation Failure) 1044M->647M(8142M) 29.913ms
[552.309s][info][gc,cpu         ] GC(1530) User=0.06s Sys=0.00s Real=0.03s
[552.463s][info][gc,start       ] GC(1531) Pause Young (Allocation Failure)
[552.463s][info][gc,task        ] GC(1531) Using 6 workers of 6 for evacuation
[552.513s][info][gc,heap        ] GC(1531) ParNew: 460096K->51072K(460096K)
[552.513s][info][gc,heap        ] GC(1531) CMS: 612161K->631498K(7877440K)
[552.513s][info][gc,metaspace   ] GC(1531) Metaspace: 87822K(93612K)->87822K(93612K) NonClass: 76776K(79648K)->76776K(79648K) Class: 11045K(13964K)->11045K(13964K)
[552.513s][info][gc             ] GC(1531) Pause Young (Allocation Failure) 1047M->666M(8142M) 49.406ms
[552.513s][info][gc,cpu         ] GC(1531) User=0.22s Sys=0.00s Real=0.05s
[552.659s][info][gc,start       ] GC(1532) Pause Young (Allocation Failure)
[552.659s][info][gc,task        ] GC(1532) Using 6 workers of 6 for evacuation
[552.912s][info][gc,heap        ] GC(1532) ParNew: 460096K->51072K(460096K)
[552.912s][info][gc,heap        ] GC(1532) CMS: 631498K->683377K(7877440K)
[552.912s][info][gc,metaspace   ] GC(1532) Metaspace: 87822K(93612K)->87822K(93612K) NonClass: 76776K(79648K)->76776K(79648K) Class: 11045K(13964K)->11045K(13964K)
[552.912s][info][gc             ] GC(1532) Pause Young (Allocation Failure) 1066M->717M(8142M) 253.001ms
[552.912s][info][gc,cpu         ] GC(1532) User=1.44s Sys=0.00s Real=0.25s
[552.915s][info][gc,start       ] GC(1533) Pause Full (System.gc())
[552.917s][info][gc,phases,start] GC(1533) Phase 1: Mark live objects
[553.043s][info][gc,phases      ] GC(1533) Phase 1: Mark live objects 125.664ms
[553.043s][info][gc,phases,start] GC(1533) Phase 2: Compute new object addresses
[553.221s][info][gc,phases      ] GC(1533) Phase 2: Compute new object addresses 178.123ms
[553.221s][info][gc,phases,start] GC(1533) Phase 3: Adjust pointers
[553.302s][info][gc,phases      ] GC(1533) Phase 3: Adjust pointers 81.525ms
[553.302s][info][gc,phases,start] GC(1533) Phase 4: Move objects
[553.304s][info][gc,phases      ] GC(1533) Phase 4: Move objects 1.613ms
[553.310s][info][gc,heap        ] GC(1533) ParNew: 59632K->0K(460096K)
[553.310s][info][gc,heap        ] GC(1533) CMS: 683377K->170522K(7877440K)
[553.310s][info][gc,metaspace   ] GC(1533) Metaspace: 87822K(93612K)->87822K(93612K) NonClass: 76776K(79648K)->76776K(79648K) Class: 11045K(13964K)->11045K(13964K)
[553.311s][info][gc             ] GC(1533) Pause Full (System.gc()) 725M->166M(8142M) 396.123ms
[553.311s][info][gc,cpu         ] GC(1533) User=0.38s Sys=0.02s Real=0.41s
[553.453s][info][gc,start       ] GC(1534) Pause Young (Allocation Failure)
[553.454s][info][gc,task        ] GC(1534) Using 6 workers of 6 for evacuation
[553.547s][info][gc,heap        ] GC(1534) ParNew: 409024K->51072K(460096K)
[553.547s][info][gc,heap        ] GC(1534) CMS: 170522K->229720K(7877440K)
[553.547s][info][gc,metaspace   ] GC(1534) Metaspace: 87822K(93612K)->87822K(93612K) NonClass: 76776K(79648K)->76776K(79648K) Class: 11045K(13964K)->11045K(13964K)
[553.547s][info][gc             ] GC(1534) Pause Young (Allocation Failure) 565M->274M(8142M) 93.658ms
[553.547s][info][gc,cpu         ] GC(1534) User=0.12s Sys=0.00s Real=0.09s
[553.721s][info][gc,start       ] GC(1535) Pause Young (Allocation Failure)
[553.721s][info][gc,task        ] GC(1535) Using 6 workers of 6 for evacuation
[553.797s][info][gc,heap        ] GC(1535) ParNew: 460096K->51072K(460096K)
[553.797s][info][gc,heap        ] GC(1535) CMS: 229720K->282754K(7877440K)
[553.797s][info][gc,metaspace   ] GC(1535) Metaspace: 87822K(93612K)->87822K(93612K) NonClass: 76776K(79648K)->76776K(79648K) Class: 11045K(13964K)->11045K(13964K)
[553.797s][info][gc             ] GC(1535) Pause Young (Allocation Failure) 673M->326M(8142M) 75.874ms
[553.797s][info][gc,cpu         ] GC(1535) User=0.33s Sys=0.00s Real=0.08s
[553.981s][info][gc,start       ] GC(1536) Pause Young (Allocation Failure)
[553.981s][info][gc,task        ] GC(1536) Using 6 workers of 6 for evacuation
[554.056s][info][gc,heap        ] GC(1536) ParNew: 460096K->51072K(460096K)
[554.056s][info][gc,heap        ] GC(1536) CMS: 282754K->318146K(7877440K)
[554.056s][info][gc,metaspace   ] GC(1536) Metaspace: 87822K(93612K)->87822K(93612K) NonClass: 76776K(79648K)->76776K(79648K) Class: 11045K(13964K)->11045K(13964K)
[554.056s][info][gc             ] GC(1536) Pause Young (Allocation Failure) 725M->360M(8142M) 74.666ms
[554.056s][info][gc,cpu         ] GC(1536) User=0.38s Sys=0.06s Real=0.08s
[554.252s][info][gc,start       ] GC(1537) Pause Young (Allocation Failure)
[554.252s][info][gc,task        ] GC(1537) Using 6 workers of 6 for evacuation
[554.323s][info][gc,heap        ] GC(1537) ParNew: 460096K->37170K(460096K)
[554.323s][info][gc,heap        ] GC(1537) CMS: 318146K->354182K(7877440K)
[554.323s][info][gc,metaspace   ] GC(1537) Metaspace: 87822K(93612K)->87822K(93612K) NonClass: 76776K(79648K)->76776K(79648K) Class: 11045K(13964K)->11045K(13964K)
[554.323s][info][gc             ] GC(1537) Pause Young (Allocation Failure) 760M->382M(8142M) 70.776ms
[554.323s][info][gc,cpu         ] GC(1537) User=0.38s Sys=0.00s Real=0.06s
[554.906s][info][gc,start       ] GC(1538) Pause Young (Allocation Failure)
[554.906s][info][gc,task        ] GC(1538) Using 6 workers of 6 for evacuation
[554.998s][info][gc,heap        ] GC(1538) ParNew: 446194K->51072K(460096K)
[554.998s][info][gc,heap        ] GC(1538) CMS: 354182K->379521K(7877440K)
[554.998s][info][gc,metaspace   ] GC(1538) Metaspace: 87822K(93612K)->87822K(93612K) NonClass: 76776K(79648K)->76776K(79648K) Class: 11045K(13964K)->11045K(13964K)
[554.998s][info][gc             ] GC(1538) Pause Young (Allocation Failure) 781M->420M(8142M) 91.581ms
[554.998s][info][gc,cpu         ] GC(1538) User=0.39s Sys=0.00s Real=0.09s
[555.125s][info][gc,start       ] GC(1539) Pause Young (Allocation Failure)
[555.125s][info][gc,task        ] GC(1539) Using 6 workers of 6 for evacuation
[555.236s][info][gc,heap        ] GC(1539) ParNew: 460096K->51072K(460096K)
[555.236s][info][gc,heap        ] GC(1539) CMS: 379521K->442817K(7877440K)
[555.236s][info][gc,metaspace   ] GC(1539) Metaspace: 87822K(93612K)->87822K(93612K) NonClass: 76776K(79648K)->76776K(79648K) Class: 11045K(13964K)->11045K(13964K)
[555.236s][info][gc             ] GC(1539) Pause Young (Allocation Failure) 819M->482M(8142M) 111.272ms
[555.236s][info][gc,cpu         ] GC(1539) User=0.34s Sys=0.00s Real=0.11s
[555.423s][info][gc,start       ] GC(1540) Pause Young (Allocation Failure)
[555.423s][info][gc,task        ] GC(1540) Using 6 workers of 6 for evacuation
[555.504s][info][gc,heap        ] GC(1540) ParNew: 460096K->51072K(460096K)
[555.504s][info][gc,heap        ] GC(1540) CMS: 442817K->497973K(7877440K)
[555.504s][info][gc,metaspace   ] GC(1540) Metaspace: 87822K(93612K)->87822K(93612K) NonClass: 76776K(79648K)->76776K(79648K) Class: 11045K(13964K)->11045K(13964K)
[555.504s][info][gc             ] GC(1540) Pause Young (Allocation Failure) 881M->536M(8142M) 81.161ms
[555.504s][info][gc,cpu         ] GC(1540) User=0.41s Sys=0.00s Real=0.08s
[555.686s][info][gc,start       ] GC(1541) Pause Young (Allocation Failure)
[555.686s][info][gc,task        ] GC(1541) Using 6 workers of 6 for evacuation
[555.759s][info][gc,heap        ] GC(1541) ParNew: 460096K->44421K(460096K)
[555.759s][info][gc,heap        ] GC(1541) CMS: 497973K->539474K(7877440K)
[555.759s][info][gc,metaspace   ] GC(1541) Metaspace: 87822K(93612K)->87822K(93612K) NonClass: 76776K(79648K)->76776K(79648K) Class: 11045K(13964K)->11045K(13964K)
[555.759s][info][gc             ] GC(1541) Pause Young (Allocation Failure) 935M->570M(8142M) 72.923ms
[555.759s][info][gc,cpu         ] GC(1541) User=0.34s Sys=0.00s Real=0.06s
[556.224s][info][gc,start       ] GC(1542) Pause Young (Allocation Failure)
[556.224s][info][gc,task        ] GC(1542) Using 6 workers of 6 for evacuation
[556.300s][info][gc,heap        ] GC(1542) ParNew: 453445K->33724K(460096K)
[556.300s][info][gc,heap        ] GC(1542) CMS: 539474K->566102K(7877440K)
[556.300s][info][gc,metaspace   ] GC(1542) Metaspace: 87822K(93612K)->87822K(93612K) NonClass: 76776K(79648K)->76776K(79648K) Class: 11045K(13964K)->11045K(13964K)
[556.300s][info][gc             ] GC(1542) Pause Young (Allocation Failure) 969M->585M(8142M) 76.383ms
[556.300s][info][gc,cpu         ] GC(1542) User=0.39s Sys=0.00s Real=0.08s
[556.621s][info][gc,start       ] GC(1543) Pause Young (Allocation Failure)
[556.621s][info][gc,task        ] GC(1543) Using 6 workers of 6 for evacuation
[556.679s][info][gc,heap        ] GC(1543) ParNew: 442748K->51072K(460096K)
[556.679s][info][gc,heap        ] GC(1543) CMS: 566102K->572381K(7877440K)
[556.679s][info][gc,metaspace   ] GC(1543) Metaspace: 87822K(93612K)->87822K(93612K) NonClass: 76776K(79648K)->76776K(79648K) Class: 11045K(13964K)->11045K(13964K)
[556.679s][info][gc             ] GC(1543) Pause Young (Allocation Failure) 985M->608M(8142M) 58.123ms
[556.679s][info][gc,cpu         ] GC(1543) User=0.36s Sys=0.00s Real=0.06s
[556.989s][info][gc,start       ] GC(1544) Pause Young (Allocation Failure)
[556.989s][info][gc,task        ] GC(1544) Using 6 workers of 6 for evacuation
[557.059s][info][gc,heap        ] GC(1544) ParNew: 460096K->45063K(460096K)
[557.059s][info][gc,heap        ] GC(1544) CMS: 572381K->599047K(7877440K)
[557.059s][info][gc,metaspace   ] GC(1544) Metaspace: 87822K(93612K)->87822K(93612K) NonClass: 76776K(79648K)->76776K(79648K) Class: 11045K(13964K)->11045K(13964K)
[557.059s][info][gc             ] GC(1544) Pause Young (Allocation Failure) 1008M->629M(8142M) 69.914ms
[557.059s][info][gc,cpu         ] GC(1544) User=0.16s Sys=0.00s Real=0.06s
[557.291s][info][gc,start       ] GC(1545) Pause Young (Allocation Failure)
[557.291s][info][gc,task        ] GC(1545) Using 6 workers of 6 for evacuation
[557.340s][info][gc,heap        ] GC(1545) ParNew: 454087K->51072K(460096K)
[557.340s][info][gc,heap        ] GC(1545) CMS: 599047K->603412K(7877440K)
[557.340s][info][gc,metaspace   ] GC(1545) Metaspace: 87822K(93612K)->87822K(93612K) NonClass: 76776K(79648K)->76776K(79648K) Class: 11045K(13964K)->11045K(13964K)
[557.340s][info][gc             ] GC(1545) Pause Young (Allocation Failure) 1028M->639M(8142M) 49.123ms
[557.341s][info][gc,cpu         ] GC(1545) User=0.08s Sys=0.00s Real=0.05s
[557.709s][info][gc,start       ] GC(1546) Pause Young (Allocation Failure)
[557.709s][info][gc,task        ] GC(1546) Using 6 workers of 6 for evacuation
[557.752s][info][gc,heap        ] GC(1546) ParNew: 460096K->51072K(460096K)
[557.752s][info][gc,heap        ] GC(1546) CMS: 603412K->614303K(7877440K)
[557.753s][info][gc,metaspace   ] GC(1546) Metaspace: 87822K(93612K)->87822K(93612K) NonClass: 76776K(79648K)->76776K(79648K) Class: 11045K(13964K)->11045K(13964K)
[557.753s][info][gc             ] GC(1546) Pause Young (Allocation Failure) 1038M->649M(8142M) 43.535ms
[557.753s][info][gc,cpu         ] GC(1546) User=0.14s Sys=0.00s Real=0.03s
[557.959s][info][gc,start       ] GC(1547) Pause Young (Allocation Failure)
[557.959s][info][gc,task        ] GC(1547) Using 6 workers of 6 for evacuation
[558.007s][info][gc,heap        ] GC(1547) ParNew: 460096K->51072K(460096K)
[558.007s][info][gc,heap        ] GC(1547) CMS: 614303K->630387K(7877440K)
[558.007s][info][gc,metaspace   ] GC(1547) Metaspace: 87824K(93612K)->87824K(93612K) NonClass: 76778K(79648K)->76778K(79648K) Class: 11045K(13964K)->11045K(13964K)
[558.007s][info][gc             ] GC(1547) Pause Young (Allocation Failure) 1049M->665M(8142M) 48.033ms
[558.007s][info][gc,cpu         ] GC(1547) User=0.19s Sys=0.00s Real=0.05s
[558.152s][info][gc,start       ] GC(1548) Pause Full (System.gc())
[558.154s][info][gc,phases,start] GC(1548) Phase 1: Mark live objects
[558.279s][info][gc,phases      ] GC(1548) Phase 1: Mark live objects 124.359ms
[558.279s][info][gc,phases,start] GC(1548) Phase 2: Compute new object addresses
[558.500s][info][gc,phases      ] GC(1548) Phase 2: Compute new object addresses 220.893ms
[558.500s][info][gc,phases,start] GC(1548) Phase 3: Adjust pointers
[558.581s][info][gc,phases      ] GC(1548) Phase 3: Adjust pointers 80.807ms
[558.581s][info][gc,phases,start] GC(1548) Phase 4: Move objects
[558.582s][info][gc,phases      ] GC(1548) Phase 4: Move objects 1.549ms
[558.588s][info][gc,heap        ] GC(1548) ParNew: 460096K->0K(460096K)
[558.588s][info][gc,heap        ] GC(1548) CMS: 630387K->170577K(7877440K)
[558.588s][info][gc,metaspace   ] GC(1548) Metaspace: 87824K(93612K)->87824K(93612K) NonClass: 76778K(79648K)->76778K(79648K) Class: 11045K(13964K)->11045K(13964K)
[558.589s][info][gc             ] GC(1548) Pause Full (System.gc()) 1064M->166M(8142M) 436.930ms
[558.589s][info][gc,cpu         ] GC(1548) User=0.44s Sys=0.00s Real=0.44s
[558.734s][info][gc,start       ] GC(1549) Pause Young (Allocation Failure)
[558.734s][info][gc,task        ] GC(1549) Using 6 workers of 6 for evacuation
[558.831s][info][gc,heap        ] GC(1549) ParNew: 409024K->51072K(460096K)
[558.831s][info][gc,heap        ] GC(1549) CMS: 170577K->230150K(7877440K)
[558.831s][info][gc,metaspace   ] GC(1549) Metaspace: 87824K(93612K)->87824K(93612K) NonClass: 76778K(79648K)->76778K(79648K) Class: 11045K(13964K)->11045K(13964K)
[558.831s][info][gc             ] GC(1549) Pause Young (Allocation Failure) 566M->274M(8142M) 96.646ms
[558.831s][info][gc,cpu         ] GC(1549) User=0.14s Sys=0.02s Real=0.09s
[559.004s][info][gc,start       ] GC(1550) Pause Young (Allocation Failure)
[559.004s][info][gc,task        ] GC(1550) Using 6 workers of 6 for evacuation
[559.079s][info][gc,heap        ] GC(1550) ParNew: 460096K->51072K(460096K)
[559.079s][info][gc,heap        ] GC(1550) CMS: 230150K->280264K(7877440K)
[559.079s][info][gc,metaspace   ] GC(1550) Metaspace: 87824K(93612K)->87824K(93612K) NonClass: 76778K(79648K)->76778K(79648K) Class: 11045K(13964K)->11045K(13964K)
[559.079s][info][gc             ] GC(1550) Pause Young (Allocation Failure) 674M->323M(8142M) 75.160ms
[559.079s][info][gc,cpu         ] GC(1550) User=0.30s Sys=0.00s Real=0.08s
[559.270s][info][gc,start       ] GC(1551) Pause Young (Allocation Failure)
[559.270s][info][gc,task        ] GC(1551) Using 6 workers of 6 for evacuation
[559.346s][info][gc,heap        ] GC(1551) ParNew: 460096K->51072K(460096K)
[559.346s][info][gc,heap        ] GC(1551) CMS: 280264K->316922K(7877440K)
[559.346s][info][gc,metaspace   ] GC(1551) Metaspace: 87824K(93612K)->87824K(93612K) NonClass: 76778K(79648K)->76778K(79648K) Class: 11045K(13964K)->11045K(13964K)
[559.346s][info][gc             ] GC(1551) Pause Young (Allocation Failure) 723M->359M(8142M) 76.305ms
[559.346s][info][gc,cpu         ] GC(1551) User=0.39s Sys=0.00s Real=0.08s
[559.541s][info][gc,start       ] GC(1552) Pause Young (Allocation Failure)
[559.541s][info][gc,task        ] GC(1552) Using 6 workers of 6 for evacuation
[559.611s][info][gc,heap        ] GC(1552) ParNew: 460096K->37625K(460096K)
[559.611s][info][gc,heap        ] GC(1552) CMS: 316922K->352991K(7877440K)
[559.611s][info][gc,metaspace   ] GC(1552) Metaspace: 87824K(93612K)->87824K(93612K) NonClass: 76778K(79648K)->76778K(79648K) Class: 11045K(13964K)->11045K(13964K)
[559.611s][info][gc             ] GC(1552) Pause Young (Allocation Failure) 758M->381M(8142M) 70.316ms
[559.611s][info][gc,cpu         ] GC(1552) User=0.45s Sys=0.00s Real=0.08s
[560.209s][info][gc,start       ] GC(1553) Pause Young (Allocation Failure)
[560.210s][info][gc,task        ] GC(1553) Using 6 workers of 6 for evacuation
[560.299s][info][gc,heap        ] GC(1553) ParNew: 446649K->51072K(460096K)
[560.299s][info][gc,heap        ] GC(1553) CMS: 352991K->378816K(7877440K)
[560.299s][info][gc,metaspace   ] GC(1553) Metaspace: 87824K(93612K)->87824K(93612K) NonClass: 76778K(79648K)->76778K(79648K) Class: 11045K(13964K)->11045K(13964K)
[560.299s][info][gc             ] GC(1553) Pause Young (Allocation Failure) 780M->419M(8142M) 89.317ms
[560.299s][info][gc,cpu         ] GC(1553) User=0.48s Sys=0.00s Real=0.09s
[560.424s][info][gc,start       ] GC(1554) Pause Young (Allocation Failure)
[560.424s][info][gc,task        ] GC(1554) Using 6 workers of 6 for evacuation
[560.532s][info][gc,heap        ] GC(1554) ParNew: 460096K->51072K(460096K)
[560.532s][info][gc,heap        ] GC(1554) CMS: 378816K->443272K(7877440K)
[560.532s][info][gc,metaspace   ] GC(1554) Metaspace: 87824K(93612K)->87824K(93612K) NonClass: 76778K(79648K)->76778K(79648K) Class: 11045K(13964K)->11045K(13964K)
[560.532s][info][gc             ] GC(1554) Pause Young (Allocation Failure) 819M->482M(8142M) 107.727ms
[560.532s][info][gc,cpu         ] GC(1554) User=0.23s Sys=0.00s Real=0.10s
[560.719s][info][gc,start       ] GC(1555) Pause Young (Allocation Failure)
[560.719s][info][gc,task        ] GC(1555) Using 6 workers of 6 for evacuation
[560.804s][info][gc,heap        ] GC(1555) ParNew: 460096K->51072K(460096K)
[560.804s][info][gc,heap        ] GC(1555) CMS: 443272K->505667K(7877440K)
[560.804s][info][gc,metaspace   ] GC(1555) Metaspace: 87824K(93612K)->87824K(93612K) NonClass: 76778K(79648K)->76778K(79648K) Class: 11045K(13964K)->11045K(13964K)
[560.804s][info][gc             ] GC(1555) Pause Young (Allocation Failure) 882M->543M(8142M) 84.697ms
[560.804s][info][gc,cpu         ] GC(1555) User=0.34s Sys=0.00s Real=0.08s
[560.986s][info][gc,start       ] GC(1556) Pause Young (Allocation Failure)
[560.986s][info][gc,task        ] GC(1556) Using 6 workers of 6 for evacuation
[561.054s][info][gc,heap        ] GC(1556) ParNew: 460096K->39784K(460096K)
[561.055s][info][gc,heap        ] GC(1556) CMS: 505667K->543078K(7877440K)
[561.055s][info][gc,metaspace   ] GC(1556) Metaspace: 87824K(93612K)->87824K(93612K) NonClass: 76778K(79648K)->76778K(79648K) Class: 11045K(13964K)->11045K(13964K)
[561.055s][info][gc             ] GC(1556) Pause Young (Allocation Failure) 943M->569M(8142M) 68.925ms
[561.055s][info][gc,cpu         ] GC(1556) User=0.47s Sys=0.00s Real=0.08s
[561.526s][info][gc,start       ] GC(1557) Pause Young (Allocation Failure)
[561.526s][info][gc,task        ] GC(1557) Using 6 workers of 6 for evacuation
[561.600s][info][gc,heap        ] GC(1557) ParNew: 448808K->32563K(460096K)
[561.600s][info][gc,heap        ] GC(1557) CMS: 543078K->569710K(7877440K)
[561.600s][info][gc,metaspace   ] GC(1557) Metaspace: 87824K(93612K)->87824K(93612K) NonClass: 76778K(79648K)->76778K(79648K) Class: 11045K(13964K)->11045K(13964K)
[561.600s][info][gc             ] GC(1557) Pause Young (Allocation Failure) 968M->588M(8142M) 73.468ms
[561.600s][info][gc,cpu         ] GC(1557) User=0.38s Sys=0.00s Real=0.08s
[561.938s][info][gc,start       ] GC(1558) Pause Young (Allocation Failure)
[561.938s][info][gc,task        ] GC(1558) Using 6 workers of 6 for evacuation
[561.995s][info][gc,heap        ] GC(1558) ParNew: 441587K->51072K(460096K)
[561.995s][info][gc,heap        ] GC(1558) CMS: 569710K->576551K(7877440K)
[561.995s][info][gc,metaspace   ] GC(1558) Metaspace: 87825K(93612K)->87825K(93612K) NonClass: 76780K(79648K)->76780K(79648K) Class: 11045K(13964K)->11045K(13964K)
[561.995s][info][gc             ] GC(1558) Pause Young (Allocation Failure) 987M->612M(8142M) 57.284ms
[561.995s][info][gc,cpu         ] GC(1558) User=0.20s Sys=0.00s Real=0.06s
[562.309s][info][gc,start       ] GC(1559) Pause Young (Allocation Failure)
[562.310s][info][gc,task        ] GC(1559) Using 6 workers of 6 for evacuation
[562.378s][info][gc,heap        ] GC(1559) ParNew: 460096K->48821K(460096K)
[562.378s][info][gc,heap        ] GC(1559) CMS: 576551K->603176K(7877440K)
[562.378s][info][gc,metaspace   ] GC(1559) Metaspace: 87828K(93612K)->87828K(93612K) NonClass: 76782K(79648K)->76782K(79648K) Class: 11045K(13964K)->11045K(13964K)
[562.378s][info][gc             ] GC(1559) Pause Young (Allocation Failure) 1012M->636M(8142M) 68.787ms
[562.378s][info][gc,cpu         ] GC(1559) User=0.17s Sys=0.00s Real=0.06s
[562.606s][info][gc,start       ] GC(1560) Pause Young (Allocation Failure)
[562.606s][info][gc,task        ] GC(1560) Using 6 workers of 6 for evacuation
[562.655s][info][gc,heap        ] GC(1560) ParNew: 457845K->51072K(460096K)
[562.655s][info][gc,heap        ] GC(1560) CMS: 603176K->607690K(7877440K)
[562.655s][info][gc,metaspace   ] GC(1560) Metaspace: 87831K(93612K)->87831K(93612K) NonClass: 76785K(79648K)->76785K(79648K) Class: 11045K(13964K)->11045K(13964K)
[562.655s][info][gc             ] GC(1560) Pause Young (Allocation Failure) 1036M->643M(8142M) 49.515ms
[562.655s][info][gc,cpu         ] GC(1560) User=0.19s Sys=0.00s Real=0.05s
[563.054s][info][gc,start       ] GC(1561) Pause Young (Allocation Failure)
[563.054s][info][gc,task        ] GC(1561) Using 6 workers of 6 for evacuation
[563.097s][info][gc,heap        ] GC(1561) ParNew: 455956K->51072K(460096K)
[563.097s][info][gc,heap        ] GC(1561) CMS: 607690K->617891K(7877440K)
[563.097s][info][gc,metaspace   ] GC(1561) Metaspace: 87831K(93612K)->87831K(93612K) NonClass: 76785K(79648K)->76785K(79648K) Class: 11045K(13964K)->11045K(13964K)
[563.097s][info][gc             ] GC(1561) Pause Young (Allocation Failure) 1038M->653M(8142M) 42.820ms
[563.097s][info][gc,cpu         ] GC(1561) User=0.05s Sys=0.00s Real=0.05s
[563.276s][info][gc,start       ] GC(1562) Pause Young (Allocation Failure)
[563.276s][info][gc,task        ] GC(1562) Using 6 workers of 6 for evacuation
[563.324s][info][gc,heap        ] GC(1562) ParNew: 460096K->51072K(460096K)
[563.324s][info][gc,heap        ] GC(1562) CMS: 617891K->633507K(7877440K)
[563.324s][info][gc,metaspace   ] GC(1562) Metaspace: 87831K(93612K)->87831K(93612K) NonClass: 76785K(79648K)->76785K(79648K) Class: 11045K(13964K)->11045K(13964K)
[563.324s][info][gc             ] GC(1562) Pause Young (Allocation Failure) 1052M->668M(8142M) 48.463ms
[563.324s][info][gc,cpu         ] GC(1562) User=0.19s Sys=0.00s Real=0.06s
[563.469s][info][gc,start       ] GC(1563) Pause Young (Allocation Failure)
[563.469s][info][gc,task        ] GC(1563) Using 6 workers of 6 for evacuation
[563.658s][info][gc,heap        ] GC(1563) ParNew: 460096K->51072K(460096K)
[563.658s][info][gc,heap        ] GC(1563) CMS: 633507K->700849K(7877440K)
[563.658s][info][gc,metaspace   ] GC(1563) Metaspace: 87831K(93612K)->87831K(93612K) NonClass: 76785K(79648K)->76785K(79648K) Class: 11045K(13964K)->11045K(13964K)
[563.658s][info][gc             ] GC(1563) Pause Young (Allocation Failure) 1067M->734M(8142M) 189.415ms
[563.658s][info][gc,cpu         ] GC(1563) User=0.83s Sys=0.00s Real=0.19s
[563.770s][info][gc,heap,exit   ] Heap
[563.770s][info][gc,heap,exit   ]  par new generation   total 460096K, used 153343K [0x0000000600000000, 0x000000061f330000, 0x000000061f330000)
[563.770s][info][gc,heap,exit   ]   eden space 409024K,  25% used [0x0000000600000000, 0x00000006063dff58, 0x0000000618f70000)
[563.770s][info][gc,heap,exit   ]   from space 51072K, 100% used [0x000000061c150000, 0x000000061f330000, 0x000000061f330000)
[563.770s][info][gc,heap,exit   ]   to   space 51072K,   0% used [0x0000000618f70000, 0x0000000618f70000, 0x000000061c150000)
[563.770s][info][gc,heap,exit   ]  concurrent mark-sweep generation total 7877440K, used 700849K [0x000000061f330000, 0x0000000800000000, 0x0000000800000000)
[563.770s][info][gc,heap,exit   ]  Metaspace       used 88348K, capacity 93046K, committed 93996K, reserved 1130496K
[563.770s][info][gc,heap,exit   ]   class space    used 11163K, capacity 13279K, committed 14092K, reserved 1048576K
