OpenJDK 64-Bit Server VM (25.422-b05) for windows-amd64 JRE (1.8.0_422-422-b05), built on Jul 18 2024 05:34:18 by "Administrator" with MS VC++ 16.10 / 16.11 (VS2019)
Memory: 4k page, physical 15965620k(12077836k free), swap 17866164k(13364200k free)
CommandLine flags: -XX:InitialHeapSize=943718400 -XX:MaxHeapSize=943718400 -XX:MaxNewSize=314572800 -XX:MaxTenuringThreshold=6 -XX:NewSize=314572800 -XX:OldPLABSize=16 -XX:OldSize=629145600 -XX:+PrintGC -XX:+PrintGCApplicationConcurrentTime -XX:+PrintGCApplicationStoppedTime -XX:+PrintGCDateStamps -XX:+PrintGCDetails -XX:+PrintGCTimeStamps -XX:+UnlockExperimentalVMOptions -XX:+UseCompressedClassPointers -XX:+UseCompressedOops -XX:+UseConcMarkSweepGC -XX:-UseLargePagesIndividualAllocation -XX:+UseParNewGC 
2024-10-06T20:45:42.569+0300: 0.067: Application time: 0.0178691 seconds
2024-10-06T20:45:42.569+0300: 0.067: Total time for which application threads were stopped: 0.0001136 seconds, Stopping threads took: 0.0000425 seconds
2024-10-06T20:45:42.569+0300: 0.076: Application time: 0.0084560 seconds
2024-10-06T20:45:42.569+0300: 0.076: Total time for which application threads were stopped: 0.0000576 seconds, Stopping threads took: 0.0000191 seconds
2024-10-06T20:45:42.743+0300: 0.242: Application time: 0.1663254 seconds
2024-10-06T20:45:42.743+0300: 0.242: [Full GC (System.gc()) 2024-10-06T20:45:42.743+0300: 0.242: [CMS: 0K->3741K(614400K), 0.0129320 secs] 29491K->3741K(890880K), [Metaspace: 7077K->7077K(1056768K)], 0.0132782 secs] [Times: user=0.02 sys=0.00, real=0.02 secs] 
2024-10-06T20:45:42.759+0300: 0.256: Total time for which application threads were stopped: 0.0134874 seconds, Stopping threads took: 0.0000304 seconds
2024-10-06T20:45:42.759+0300: 0.256: Application time: 0.0001016 seconds
2024-10-06T20:45:42.759+0300: 0.256: [Full GC (System.gc()) 2024-10-06T20:45:42.759+0300: 0.256: [CMS: 3741K->3741K(614400K), 0.0070301 secs] 3741K->3741K(890880K), [Metaspace: 7077K->7077K(1056768K)], 0.0071459 secs] [Times: user=0.00 sys=0.00, real=0.00 secs] 
2024-10-06T20:45:42.759+0300: 0.263: Total time for which application threads were stopped: 0.0072628 seconds, Stopping threads took: 0.0000386 seconds
2024-10-06T20:45:43.763+0300: 1.260: Application time: 0.9967282 seconds
2024-10-06T20:45:43.763+0300: 1.260: Total time for which application threads were stopped: 0.0003325 seconds, Stopping threads took: 0.0002340 seconds
2024-10-06T20:45:44.798+0300: 2.308: Application time: 1.0477300 seconds
2024-10-06T20:45:44.798+0300: 2.308: [GC (Allocation Failure) 2024-10-06T20:45:44.798+0300: 2.308: [ParNew: 245657K->30653K(276480K), 0.0111580 secs] 249399K->66587K(890880K), 0.0112945 secs] [Times: user=0.02 sys=0.02, real=0.02 secs] 
2024-10-06T20:45:44.814+0300: 2.319: Total time for which application threads were stopped: 0.0116218 seconds, Stopping threads took: 0.0001909 seconds
2024-10-06T20:45:45.818+0300: 3.314: Application time: 0.9950668 seconds
2024-10-06T20:45:45.818+0300: 3.315: Total time for which application threads were stopped: 0.0004510 seconds, Stopping threads took: 0.0003924 seconds
2024-10-06T20:45:46.602+0300: 4.099: Application time: 0.7841534 seconds
2024-10-06T20:45:46.602+0300: 4.099: Total time for which application threads were stopped: 0.0003356 seconds, Stopping threads took: 0.0002266 seconds
2024-10-06T20:45:47.435+0300: 4.940: Application time: 0.8403954 seconds
2024-10-06T20:45:47.435+0300: 4.940: [GC (Allocation Failure) 2024-10-06T20:45:47.435+0300: 4.940: [ParNew: 276413K->2009K(276480K), 0.0055332 secs] 312347K->63384K(890880K), 0.0056147 secs] [Times: user=0.00 sys=0.02, real=0.00 secs] 
2024-10-06T20:45:47.435+0300: 4.946: Total time for which application threads were stopped: 0.0058292 seconds, Stopping threads took: 0.0000892 seconds
2024-10-06T20:45:50.070+0300: 7.573: Application time: 2.6271203 seconds
2024-10-06T20:45:50.070+0300: 7.573: [GC (Allocation Failure) 2024-10-06T20:45:50.070+0300: 7.573: [ParNew: 247543K->2204K(276480K), 0.0012457 secs] 308918K->63579K(890880K), 0.0013410 secs] [Times: user=0.00 sys=0.00, real=0.00 secs] 
2024-10-06T20:45:50.070+0300: 7.574: Total time for which application threads were stopped: 0.0016482 seconds, Stopping threads took: 0.0001437 seconds
2024-10-06T20:45:52.739+0300: 10.236: Application time: 2.6618569 seconds
2024-10-06T20:45:52.739+0300: 10.236: [GC (Allocation Failure) 2024-10-06T20:45:52.739+0300: 10.237: [ParNew: 247870K->1816K(276480K), 0.0012311 secs] 309245K->63191K(890880K), 0.0013206 secs] [Times: user=0.00 sys=0.00, real=0.00 secs] 
2024-10-06T20:45:52.739+0300: 10.238: Total time for which application threads were stopped: 0.0015932 seconds, Stopping threads took: 0.0001601 seconds
2024-10-06T20:45:55.393+0300: 12.902: Application time: 2.6644446 seconds
2024-10-06T20:45:55.393+0300: 12.903: [GC (Allocation Failure) 2024-10-06T20:45:55.393+0300: 12.903: [ParNew: 247576K->2010K(276480K), 0.0010217 secs] 308951K->63385K(890880K), 0.0010919 secs] [Times: user=0.00 sys=0.00, real=0.00 secs] 
2024-10-06T20:45:55.393+0300: 12.904: Total time for which application threads were stopped: 0.0013522 seconds, Stopping threads took: 0.0001697 seconds
2024-10-06T20:45:58.072+0300: 15.570: Application time: 2.6663939 seconds
2024-10-06T20:45:58.072+0300: 15.570: [GC (Allocation Failure) 2024-10-06T20:45:58.072+0300: 15.570: [ParNew: 247737K->2282K(276480K), 0.0011356 secs] 309113K->63657K(890880K), 0.0012338 secs] [Times: user=0.00 sys=0.00, real=0.00 secs] 
2024-10-06T20:45:58.072+0300: 15.572: Total time for which application threads were stopped: 0.0014683 seconds, Stopping threads took: 0.0001229 seconds
2024-10-06T20:45:59.113+0300: 16.624: Application time: 1.0522660 seconds
2024-10-06T20:45:59.113+0300: 16.624: Total time for which application threads were stopped: 0.0003139 seconds, Stopping threads took: 0.0002836 seconds
2024-10-06T20:46:00.753+0300: 18.255: Application time: 1.6304376 seconds
2024-10-06T20:46:00.753+0300: 18.255: [GC (Allocation Failure) 2024-10-06T20:46:00.753+0300: 18.255: [ParNew: 248012K->1883K(276480K), 0.0011983 secs] 309387K->63258K(890880K), 0.0012707 secs] [Times: user=0.00 sys=0.00, real=0.00 secs] 
2024-10-06T20:46:00.753+0300: 18.256: Total time for which application threads were stopped: 0.0016739 seconds, Stopping threads took: 0.0003057 seconds
2024-10-06T20:46:03.413+0300: 20.919: Application time: 2.6632014 seconds
2024-10-06T20:46:03.413+0300: 20.920: [GC (Allocation Failure) 2024-10-06T20:46:03.413+0300: 20.920: [ParNew: 247643K->1429K(276480K), 0.0011816 secs] 309018K->62806K(890880K), 0.0012636 secs] [Times: user=0.00 sys=0.00, real=0.00 secs] 
2024-10-06T20:46:03.413+0300: 20.921: Total time for which application threads were stopped: 0.0015902 seconds, Stopping threads took: 0.0002264 seconds
2024-10-06T20:46:04.419+0300: 21.916: Application time: 0.9947364 seconds
2024-10-06T20:46:04.419+0300: 21.916: Total time for which application threads were stopped: 0.0002552 seconds, Stopping threads took: 0.0001838 seconds
2024-10-06T20:46:06.037+0300: 23.534: Application time: 1.6175634 seconds
2024-10-06T20:46:06.037+0300: 23.534: [GC (Allocation Failure) 2024-10-06T20:46:06.037+0300: 23.534: [ParNew: 247189K->1822K(276480K), 0.0011516 secs] 308566K->63200K(890880K), 0.0012438 secs] [Times: user=0.00 sys=0.00, real=0.00 secs] 
2024-10-06T20:46:06.037+0300: 23.535: Total time for which application threads were stopped: 0.0015280 seconds, Stopping threads took: 0.0001741 seconds
2024-10-06T20:46:08.046+0300: 25.542: Application time: 2.0074000 seconds
2024-10-06T20:46:08.046+0300: 25.543: Total time for which application threads were stopped: 0.0002326 seconds, Stopping threads took: 0.0001826 seconds
2024-10-06T20:46:08.642+0300: 26.145: Application time: 0.6019261 seconds
2024-10-06T20:46:08.642+0300: 26.145: [GC (Allocation Failure) 2024-10-06T20:46:08.642+0300: 26.145: [ParNew: 247529K->2489K(276480K), 0.0012829 secs] 308907K->63870K(890880K), 0.0013564 secs] [Times: user=0.00 sys=0.00, real=0.00 secs] 
2024-10-06T20:46:08.642+0300: 26.146: Total time for which application threads were stopped: 0.0016260 seconds, Stopping threads took: 0.0001769 seconds
2024-10-06T20:46:09.646+0300: 27.143: Application time: 0.9966272 seconds
2024-10-06T20:46:09.646+0300: 27.143: Total time for which application threads were stopped: 0.0002373 seconds, Stopping threads took: 0.0001824 seconds
2024-10-06T20:46:11.293+0300: 28.800: Application time: 1.6567643 seconds
2024-10-06T20:46:11.293+0300: 28.800: [GC (Allocation Failure) 2024-10-06T20:46:11.293+0300: 28.800: [ParNew: 248249K->2018K(276480K), 0.0010683 secs] 309630K->63401K(890880K), 0.0012011 secs] [Times: user=0.00 sys=0.00, real=0.00 secs] 
2024-10-06T20:46:11.293+0300: 28.801: Total time for which application threads were stopped: 0.0014598 seconds, Stopping threads took: 0.0001219 seconds
2024-10-06T20:46:13.884+0300: 31.391: Application time: 2.5892561 seconds
2024-10-06T20:46:13.884+0300: 31.391: [GC (Allocation Failure) 2024-10-06T20:46:13.884+0300: 31.391: [ParNew: 247778K->1824K(276480K), 0.0010689 secs] 309161K->63208K(890880K), 0.0011685 secs] [Times: user=0.00 sys=0.00, real=0.00 secs] 
2024-10-06T20:46:13.884+0300: 31.392: Total time for which application threads were stopped: 0.0016100 seconds, Stopping threads took: 0.0002616 seconds
2024-10-06T20:46:16.535+0300: 34.036: Application time: 2.6439213 seconds
2024-10-06T20:46:16.535+0300: 34.036: [GC (Allocation Failure) 2024-10-06T20:46:16.535+0300: 34.036: [ParNew: 247579K->2216K(276480K), 0.0010890 secs] 308963K->63610K(890880K), 0.0011577 secs] [Times: user=0.00 sys=0.00, real=0.00 secs] 
2024-10-06T20:46:16.535+0300: 34.038: Total time for which application threads were stopped: 0.0013802 seconds, Stopping threads took: 0.0001342 seconds
2024-10-06T20:46:17.539+0300: 35.036: Application time: 0.9985348 seconds
2024-10-06T20:46:17.539+0300: 35.036: Total time for which application threads were stopped: 0.0002357 seconds, Stopping threads took: 0.0001945 seconds
2024-10-06T20:46:19.171+0300: 36.681: Application time: 1.6444695 seconds
2024-10-06T20:46:19.171+0300: 36.681: [GC (Allocation Failure) 2024-10-06T20:46:19.171+0300: 36.681: [ParNew: 247890K->1814K(276480K), 0.0010544 secs] 309283K->63209K(890880K), 0.0011318 secs] [Times: user=0.00 sys=0.00, real=0.00 secs] 
2024-10-06T20:46:19.171+0300: 36.682: Total time for which application threads were stopped: 0.0013700 seconds, Stopping threads took: 0.0001454 seconds
2024-10-06T20:46:21.762+0300: 39.273: Application time: 2.5905394 seconds
2024-10-06T20:46:21.762+0300: 39.273: [GC (Allocation Failure) 2024-10-06T20:46:21.762+0300: 39.273: [ParNew: 247445K->1419K(276480K), 0.0013162 secs] 308840K->62815K(890880K), 0.0014020 secs] [Times: user=0.02 sys=0.00, real=0.01 secs] 
2024-10-06T20:46:21.777+0300: 39.274: Total time for which application threads were stopped: 0.0016397 seconds, Stopping threads took: 0.0001191 seconds
2024-10-06T20:46:24.414+0300: 41.922: Application time: 2.6479395 seconds
2024-10-06T20:46:24.414+0300: 41.923: [GC (Allocation Failure) 2024-10-06T20:46:24.414+0300: 41.923: [ParNew: 247046K->1812K(276480K), 0.0012213 secs] 308442K->63210K(890880K), 0.0012944 secs] [Times: user=0.00 sys=0.00, real=0.00 secs] 
2024-10-06T20:46:24.414+0300: 41.924: Total time for which application threads were stopped: 0.0015574 seconds, Stopping threads took: 0.0001643 seconds
2024-10-06T20:46:27.019+0300: 44.522: Application time: 2.5977531 seconds
2024-10-06T20:46:27.019+0300: 44.522: [GC (Allocation Failure) 2024-10-06T20:46:27.019+0300: 44.522: [ParNew: 247572K->2012K(276480K), 0.0010893 secs] 308970K->63411K(890880K), 0.0011898 secs] [Times: user=0.02 sys=0.00, real=0.00 secs] 
2024-10-06T20:46:27.019+0300: 44.523: Total time for which application threads were stopped: 0.0014485 seconds, Stopping threads took: 0.0001368 seconds
2024-10-06T20:46:29.654+0300: 47.162: Application time: 2.6390700 seconds
2024-10-06T20:46:29.654+0300: 47.162: [GC (Allocation Failure) 2024-10-06T20:46:29.654+0300: 47.162: [ParNew: 247772K->2012K(276480K), 0.0012886 secs] 309171K->63412K(890880K), 0.0013576 secs] [Times: user=0.00 sys=0.00, real=0.00 secs] 
2024-10-06T20:46:29.654+0300: 47.164: Total time for which application threads were stopped: 0.0015571 seconds, Stopping threads took: 0.0001136 seconds
2024-10-06T20:46:32.322+0300: 49.825: Application time: 2.6615796 seconds
2024-10-06T20:46:32.322+0300: 49.825: [GC (Allocation Failure) 2024-10-06T20:46:32.322+0300: 49.826: [ParNew: 247645K->2012K(276480K), 0.0011369 secs] 309045K->63414K(890880K), 0.0012214 secs] [Times: user=0.00 sys=0.00, real=0.00 secs] 
2024-10-06T20:46:32.322+0300: 49.827: Total time for which application threads were stopped: 0.0014367 seconds, Stopping threads took: 0.0001098 seconds
2024-10-06T20:46:34.329+0300: 51.826: Application time: 1.9992160 seconds
2024-10-06T20:46:34.329+0300: 51.826: Total time for which application threads were stopped: 0.0002946 seconds, Stopping threads took: 0.0001960 seconds
2024-10-06T20:46:34.941+0300: 52.448: Application time: 0.6213670 seconds
2024-10-06T20:46:34.941+0300: 52.448: [GC (Allocation Failure) 2024-10-06T20:46:34.941+0300: 52.448: [ParNew: 247772K->1812K(276480K), 0.0012638 secs] 309174K->63216K(890880K), 0.0013559 secs] [Times: user=0.00 sys=0.00, real=0.00 secs] 
2024-10-06T20:46:34.941+0300: 52.449: Total time for which application threads were stopped: 0.0016068 seconds, Stopping threads took: 0.0001257 seconds
2024-10-06T20:46:37.578+0300: 55.083: Application time: 2.6339149 seconds
2024-10-06T20:46:37.578+0300: 55.083: [GC (Allocation Failure) 2024-10-06T20:46:37.578+0300: 55.083: [ParNew: 247572K->2010K(276480K), 0.0011419 secs] 308976K->63415K(890880K), 0.0012678 secs] [Times: user=0.03 sys=0.00, real=0.00 secs] 
2024-10-06T20:46:37.578+0300: 55.085: Total time for which application threads were stopped: 0.0015738 seconds, Stopping threads took: 0.0001661 seconds
2024-10-06T20:46:40.183+0300: 57.690: Application time: 2.6055893 seconds
2024-10-06T20:46:40.183+0300: 57.690: [GC (Allocation Failure) 2024-10-06T20:46:40.183+0300: 57.691: [ParNew: 247770K->2012K(276480K), 0.0010965 secs] 309175K->63418K(890880K), 0.0011685 secs] [Times: user=0.00 sys=0.00, real=0.00 secs] 
2024-10-06T20:46:40.183+0300: 57.692: Total time for which application threads were stopped: 0.0013921 seconds, Stopping threads took: 0.0001275 seconds
2024-10-06T20:46:42.836+0300: 60.346: Application time: 2.6547539 seconds
2024-10-06T20:46:42.836+0300: 60.347: [GC (Allocation Failure) 2024-10-06T20:46:42.836+0300: 60.347: [ParNew: 247603K->1617K(276480K), 0.0012026 secs] 309009K->63024K(890880K), 0.0012814 secs] [Times: user=0.00 sys=0.00, real=0.00 secs] 
2024-10-06T20:46:42.851+0300: 60.348: Total time for which application threads were stopped: 0.0015260 seconds, Stopping threads took: 0.0001339 seconds
2024-10-06T20:46:45.456+0300: 62.963: Application time: 2.6151529 seconds
2024-10-06T20:46:45.456+0300: 62.963: [GC (Allocation Failure) 2024-10-06T20:46:45.456+0300: 62.963: [ParNew: 247310K->1814K(276480K), 0.0011015 secs] 308718K->63223K(890880K), 0.0011839 secs] [Times: user=0.00 sys=0.00, real=0.00 secs] 
2024-10-06T20:46:45.456+0300: 62.965: Total time for which application threads were stopped: 0.0015160 seconds, Stopping threads took: 0.0002169 seconds
2024-10-06T20:46:48.078+0300: 65.584: Application time: 2.6194454 seconds
2024-10-06T20:46:48.078+0300: 65.584: [GC (Allocation Failure) 2024-10-06T20:46:48.078+0300: 65.584: [ParNew: 247574K->2012K(276480K), 0.0012054 secs] 308983K->63422K(890880K), 0.0013017 secs] [Times: user=0.00 sys=0.00, real=0.00 secs] 
2024-10-06T20:46:48.078+0300: 65.586: Total time for which application threads were stopped: 0.0015751 seconds, Stopping threads took: 0.0001735 seconds
2024-10-06T20:46:50.729+0300: 68.239: Application time: 2.6535910 seconds
2024-10-06T20:46:50.729+0300: 68.240: [GC (Allocation Failure) 2024-10-06T20:46:50.729+0300: 68.240: [ParNew: 247772K->1812K(276480K), 0.0014238 secs] 309182K->63224K(890880K), 0.0015344 secs] [Times: user=0.00 sys=0.00, real=0.00 secs] 
2024-10-06T20:46:50.729+0300: 68.241: Total time for which application threads were stopped: 0.0018152 seconds, Stopping threads took: 0.0001530 seconds
2024-10-06T20:46:53.351+0300: 70.854: Application time: 2.6132247 seconds
2024-10-06T20:46:53.351+0300: 70.855: [GC (Allocation Failure) 2024-10-06T20:46:53.351+0300: 70.855: [ParNew: 247564K->2147K(276480K), 0.0011412 secs] 308976K->63560K(890880K), 0.0012292 secs] [Times: user=0.00 sys=0.00, real=0.00 secs] 
2024-10-06T20:46:53.351+0300: 70.856: Total time for which application threads were stopped: 0.0014410 seconds, Stopping threads took: 0.0000872 seconds
2024-10-06T20:46:55.988+0300: 73.486: Application time: 2.6307070 seconds
2024-10-06T20:46:55.988+0300: 73.487: [GC (Allocation Failure) 2024-10-06T20:46:55.988+0300: 73.487: [ParNew: 247897K->2147K(276480K), 0.0011746 secs] 309311K->63561K(890880K), 0.0012507 secs] [Times: user=0.00 sys=0.00, real=0.00 secs] 
2024-10-06T20:46:55.988+0300: 73.488: Total time for which application threads were stopped: 0.0015137 seconds, Stopping threads took: 0.0001638 seconds
2024-10-06T20:46:58.608+0300: 76.114: Application time: 2.6258175 seconds
2024-10-06T20:46:58.608+0300: 76.114: [GC (Allocation Failure) 2024-10-06T20:46:58.608+0300: 76.114: [ParNew: 247903K->1419K(276480K), 0.0010589 secs] 309318K->62835K(890880K), 0.0011237 secs] [Times: user=0.00 sys=0.00, real=0.00 secs] 
2024-10-06T20:46:58.608+0300: 76.115: Total time for which application threads were stopped: 0.0013217 seconds, Stopping threads took: 0.0000961 seconds
2024-10-06T20:47:01.215+0300: 78.722: Application time: 2.6068866 seconds
2024-10-06T20:47:01.215+0300: 78.722: [GC (Allocation Failure) 2024-10-06T20:47:01.215+0300: 78.722: [ParNew: 247179K->2012K(276480K), 0.0011031 secs] 308595K->63429K(890880K), 0.0011721 secs] [Times: user=0.00 sys=0.00, real=0.00 secs] 
2024-10-06T20:47:01.215+0300: 78.724: Total time for which application threads were stopped: 0.0015055 seconds, Stopping threads took: 0.0002110 seconds
2024-10-06T20:47:03.883+0300: 81.381: Application time: 2.6576419 seconds
2024-10-06T20:47:03.883+0300: 81.381: [GC (Allocation Failure) 2024-10-06T20:47:03.883+0300: 81.381: [ParNew: 247772K->1814K(276480K), 0.0010761 secs] 309189K->63233K(890880K), 0.0011712 secs] [Times: user=0.00 sys=0.00, real=0.00 secs] 
2024-10-06T20:47:03.883+0300: 81.383: Total time for which application threads were stopped: 0.0014409 seconds, Stopping threads took: 0.0001604 seconds
2024-10-06T20:47:06.488+0300: 83.996: Application time: 2.6133971 seconds
2024-10-06T20:47:06.488+0300: 83.996: [GC (Allocation Failure) 2024-10-06T20:47:06.488+0300: 83.996: [ParNew: 247465K->1812K(276480K), 0.0010321 secs] 308884K->63232K(890880K), 0.0011021 secs] [Times: user=0.00 sys=0.00, real=0.00 secs] 
2024-10-06T20:47:06.488+0300: 83.997: Total time for which application threads were stopped: 0.0013468 seconds, Stopping threads took: 0.0001596 seconds
2024-10-06T20:47:09.107+0300: 86.607: Application time: 2.6100601 seconds
2024-10-06T20:47:09.107+0300: 86.608: [GC (Allocation Failure) 2024-10-06T20:47:09.107+0300: 86.608: [ParNew: 247572K->2282K(276480K), 0.0011669 secs] 308992K->63703K(890880K), 0.0012506 secs] [Times: user=0.00 sys=0.00, real=0.00 secs] 
2024-10-06T20:47:09.107+0300: 86.609: Total time for which application threads were stopped: 0.0015192 seconds, Stopping threads took: 0.0001452 seconds
2024-10-06T20:47:11.725+0300: 89.222: Application time: 2.6132919 seconds
2024-10-06T20:47:11.725+0300: 89.222: [GC (Allocation Failure) 2024-10-06T20:47:11.725+0300: 89.222: [ParNew: 247943K->2210K(276480K), 0.0010938 secs] 309365K->63633K(890880K), 0.0011662 secs] [Times: user=0.00 sys=0.00, real=0.00 secs] 
2024-10-06T20:47:11.726+0300: 89.224: Total time for which application threads were stopped: 0.0013975 seconds, Stopping threads took: 0.0001419 seconds
2024-10-06T20:47:14.350+0300: 91.853: Application time: 2.6289129 seconds
2024-10-06T20:47:14.350+0300: 91.853: [GC (Allocation Failure) 2024-10-06T20:47:14.350+0300: 91.853: [ParNew: 247758K->1615K(276480K), 0.0010656 secs] 309181K->63039K(890880K), 0.0011330 secs] [Times: user=0.00 sys=0.00, real=0.00 secs] 
2024-10-06T20:47:14.350+0300: 91.854: Total time for which application threads were stopped: 0.0013484 seconds, Stopping threads took: 0.0001263 seconds
2024-10-06T20:47:17.001+0300: 94.498: Application time: 2.6445584 seconds
2024-10-06T20:47:17.001+0300: 94.499: [GC (Allocation Failure) 2024-10-06T20:47:17.001+0300: 94.499: [ParNew: 247375K->1615K(276480K), 0.0014336 secs] 308799K->63040K(890880K), 0.0015472 secs] [Times: user=0.00 sys=0.00, real=0.00 secs] 
2024-10-06T20:47:17.001+0300: 94.500: Total time for which application threads were stopped: 0.0019290 seconds, Stopping threads took: 0.0002446 seconds
2024-10-06T20:47:18.006+0300: 95.503: Application time: 1.0024377 seconds
2024-10-06T20:47:18.006+0300: 95.503: Total time for which application threads were stopped: 0.0002851 seconds, Stopping threads took: 0.0001995 seconds
2024-10-06T20:47:19.607+0300: 97.110: Application time: 1.6069308 seconds
2024-10-06T20:47:19.607+0300: 97.110: [GC (Allocation Failure) 2024-10-06T20:47:19.607+0300: 97.110: [ParNew: 247375K->1814K(276480K), 0.0009768 secs] 308800K->63242K(890880K), 0.0010499 secs] [Times: user=0.00 sys=0.00, real=0.00 secs] 
2024-10-06T20:47:19.607+0300: 97.111: Total time for which application threads were stopped: 0.0013019 seconds, Stopping threads took: 0.0001624 seconds
2024-10-06T20:47:22.227+0300: 99.733: Application time: 2.6211904 seconds
2024-10-06T20:47:22.227+0300: 99.733: [GC (Allocation Failure) 2024-10-06T20:47:22.227+0300: 99.733: [ParNew: 247444K->1814K(276480K), 0.0010274 secs] 308871K->63243K(890880K), 0.0011046 secs] [Times: user=0.00 sys=0.00, real=0.00 secs] 
2024-10-06T20:47:22.227+0300: 99.734: Total time for which application threads were stopped: 0.0013725 seconds, Stopping threads took: 0.0001746 seconds
2024-10-06T20:47:24.856+0300: 102.359: Application time: 2.6246809 seconds
2024-10-06T20:47:24.856+0300: 102.359: [GC (Allocation Failure) 2024-10-06T20:47:24.856+0300: 102.359: [ParNew: 247571K->2010K(276480K), 0.0012816 secs] 309000K->63440K(890880K), 0.0013789 secs] [Times: user=0.00 sys=0.00, real=0.00 secs] 
2024-10-06T20:47:24.856+0300: 102.360: Total time for which application threads were stopped: 0.0016812 seconds, Stopping threads took: 0.0001911 seconds
2024-10-06T20:47:27.494+0300: 104.998: Application time: 2.6378159 seconds
2024-10-06T20:47:27.494+0300: 104.998: [GC (Allocation Failure) 2024-10-06T20:47:27.494+0300: 104.998: [ParNew: 247547K->1814K(276480K), 0.0010885 secs] 308976K->63246K(890880K), 0.0011660 secs] [Times: user=0.00 sys=0.00, real=0.00 secs] 
2024-10-06T20:47:27.494+0300: 105.000: Total time for which application threads were stopped: 0.0014338 seconds, Stopping threads took: 0.0001636 seconds
2024-10-06T20:47:30.130+0300: 107.642: Application time: 2.6423835 seconds
2024-10-06T20:47:30.130+0300: 107.642: [GC (Allocation Failure) 2024-10-06T20:47:30.130+0300: 107.642: [ParNew: 247574K->1814K(276480K), 0.0011268 secs] 309006K->63247K(890880K), 0.0012329 secs] [Times: user=0.00 sys=0.00, real=0.02 secs] 
2024-10-06T20:47:30.146+0300: 107.644: Total time for which application threads were stopped: 0.0015917 seconds, Stopping threads took: 0.0002214 seconds
2024-10-06T20:47:32.703+0300: 110.209: Application time: 2.5650448 seconds
2024-10-06T20:47:32.703+0300: 110.209: [GC (Allocation Failure) 2024-10-06T20:47:32.703+0300: 110.209: [ParNew: 247447K->2206K(276480K), 0.0011406 secs] 308879K->63640K(890880K), 0.0012103 secs] [Times: user=0.00 sys=0.00, real=0.00 secs] 
2024-10-06T20:47:32.703+0300: 110.210: Total time for which application threads were stopped: 0.0014188 seconds, Stopping threads took: 0.0001200 seconds
2024-10-06T20:47:35.356+0300: 112.857: Application time: 2.6468967 seconds
2024-10-06T20:47:35.356+0300: 112.857: [GC (Allocation Failure) 2024-10-06T20:47:35.356+0300: 112.857: [ParNew: 247966K->1814K(276480K), 0.0011778 secs] 309400K->63250K(890880K), 0.0012910 secs] [Times: user=0.00 sys=0.00, real=0.00 secs] 
2024-10-06T20:47:35.356+0300: 112.858: Total time for which application threads were stopped: 0.0015873 seconds, Stopping threads took: 0.0001624 seconds
2024-10-06T20:47:37.977+0300: 115.478: Application time: 2.6194577 seconds
2024-10-06T20:47:37.977+0300: 115.478: [GC (Allocation Failure) 2024-10-06T20:47:37.977+0300: 115.478: [ParNew: 247530K->2086K(276480K), 0.0010656 secs] 308965K->63523K(890880K), 0.0011781 secs] [Times: user=0.00 sys=0.00, real=0.00 secs] 
2024-10-06T20:47:37.977+0300: 115.479: Total time for which application threads were stopped: 0.0014512 seconds, Stopping threads took: 0.0001357 seconds
2024-10-06T20:47:40.639+0300: 118.138: Application time: 2.6582198 seconds
2024-10-06T20:47:40.639+0300: 118.138: [GC (Allocation Failure) 2024-10-06T20:47:40.639+0300: 118.138: [ParNew: 247748K->1814K(276480K), 0.0013662 secs] 309185K->63252K(890880K), 0.0014359 secs] [Times: user=0.00 sys=0.00, real=0.00 secs] 
2024-10-06T20:47:40.639+0300: 118.139: Total time for which application threads were stopped: 0.0016809 seconds, Stopping threads took: 0.0001560 seconds
2024-10-06T20:47:43.243+0300: 120.748: Application time: 2.6087344 seconds
2024-10-06T20:47:43.243+0300: 120.748: [GC (Allocation Failure) 2024-10-06T20:47:43.243+0300: 120.748: [ParNew: 247453K->1608K(276480K), 0.0011790 secs] 308892K->63047K(890880K), 0.0012533 secs] [Times: user=0.00 sys=0.01, real=0.01 secs] 
2024-10-06T20:47:43.252+0300: 120.750: Total time for which application threads were stopped: 0.0016199 seconds, Stopping threads took: 0.0002734 seconds
2024-10-06T20:47:45.872+0300: 123.373: Application time: 2.6232854 seconds
2024-10-06T20:47:45.872+0300: 123.373: [GC (Allocation Failure) 2024-10-06T20:47:45.872+0300: 123.373: [ParNew: 247246K->1814K(276480K), 0.0012168 secs] 308685K->63255K(890880K), 0.0013127 secs] [Times: user=0.00 sys=0.00, real=0.00 secs] 
2024-10-06T20:47:45.872+0300: 123.375: Total time for which application threads were stopped: 0.0015664 seconds, Stopping threads took: 0.0001346 seconds
2024-10-06T20:47:48.525+0300: 126.022: Application time: 2.6476436 seconds
2024-10-06T20:47:48.525+0300: 126.022: [GC (Allocation Failure) 2024-10-06T20:47:48.525+0300: 126.022: [ParNew: 247574K->2210K(276480K), 0.0011537 secs] 309015K->63652K(890880K), 0.0012370 secs] [Times: user=0.00 sys=0.00, real=0.00 secs] 
2024-10-06T20:47:48.525+0300: 126.024: Total time for which application threads were stopped: 0.0015172 seconds, Stopping threads took: 0.0001685 seconds
2024-10-06T20:47:51.132+0300: 128.644: Application time: 2.6203168 seconds
2024-10-06T20:47:51.148+0300: 128.644: [GC (Allocation Failure) 2024-10-06T20:47:51.148+0300: 128.644: [ParNew: 247970K->1814K(276480K), 0.0012026 secs] 309412K->63258K(890880K), 0.0012848 secs] [Times: user=0.00 sys=0.00, real=0.00 secs] 
2024-10-06T20:47:51.148+0300: 128.646: Total time for which application threads were stopped: 0.0016251 seconds, Stopping threads took: 0.0002253 seconds
2024-10-06T20:47:53.768+0300: 131.280: Application time: 2.6339671 seconds
2024-10-06T20:47:53.768+0300: 131.280: [GC (Allocation Failure) 2024-10-06T20:47:53.768+0300: 131.280: [ParNew: 247574K->2208K(276480K), 0.0011816 secs] 309018K->63653K(890880K), 0.0012588 secs] [Times: user=0.02 sys=0.00, real=0.02 secs] 
2024-10-06T20:47:53.784+0300: 131.281: Total time for which application threads were stopped: 0.0015204 seconds, Stopping threads took: 0.0001691 seconds
2024-10-06T20:47:56.419+0300: 133.917: Application time: 2.6357148 seconds
2024-10-06T20:47:56.419+0300: 133.917: [GC (Allocation Failure) 2024-10-06T20:47:56.419+0300: 133.917: [ParNew: 247968K->2210K(276480K), 0.0011025 secs] 309413K->63656K(890880K), 0.0011754 secs] [Times: user=0.00 sys=0.00, real=0.00 secs] 
2024-10-06T20:47:56.419+0300: 133.918: Total time for which application threads were stopped: 0.0014074 seconds, Stopping threads took: 0.0001367 seconds
2024-10-06T20:47:59.040+0300: 136.552: Application time: 2.6336733 seconds
2024-10-06T20:47:59.056+0300: 136.552: [GC (Allocation Failure) 2024-10-06T20:47:59.056+0300: 136.552: [ParNew: 247868K->1617K(276480K), 0.0011888 secs] 309315K->63065K(890880K), 0.0013058 secs] [Times: user=0.02 sys=0.00, real=0.00 secs] 
2024-10-06T20:47:59.056+0300: 136.554: Total time for which application threads were stopped: 0.0016028 seconds, Stopping threads took: 0.0001821 seconds
2024-10-06T20:48:01.692+0300: 139.200: Application time: 2.6462367 seconds
2024-10-06T20:48:01.692+0300: 139.200: [GC (Allocation Failure) 2024-10-06T20:48:01.692+0300: 139.200: [ParNew: 247377K->1617K(276480K), 0.0011752 secs] 308825K->63066K(890880K), 0.0013196 secs] [Times: user=0.00 sys=0.00, real=0.00 secs] 
2024-10-06T20:48:01.692+0300: 139.201: Total time for which application threads were stopped: 0.0016884 seconds, Stopping threads took: 0.0002125 seconds
2024-10-06T20:48:04.300+0300: 141.802: Application time: 2.6003153 seconds
2024-10-06T20:48:04.300+0300: 141.802: [GC (Allocation Failure) 2024-10-06T20:48:04.300+0300: 141.802: [ParNew: 247163K->2210K(276480K), 0.0011405 secs] 308613K->63661K(890880K), 0.0012572 secs] [Times: user=0.00 sys=0.00, real=0.00 secs] 
2024-10-06T20:48:04.300+0300: 141.803: Total time for which application threads were stopped: 0.0015605 seconds, Stopping threads took: 0.0001682 seconds
2024-10-06T20:48:06.937+0300: 144.447: Application time: 2.6434310 seconds
2024-10-06T20:48:06.937+0300: 144.447: [GC (Allocation Failure) 2024-10-06T20:48:06.937+0300: 144.447: [ParNew: 247868K->2012K(276480K), 0.0010598 secs] 309319K->63464K(890880K), 0.0011480 secs] [Times: user=0.00 sys=0.00, real=0.00 secs] 
2024-10-06T20:48:06.937+0300: 144.448: Total time for which application threads were stopped: 0.0014270 seconds, Stopping threads took: 0.0001387 seconds
2024-10-06T20:48:09.542+0300: 147.052: Application time: 2.6042790 seconds
2024-10-06T20:48:09.542+0300: 147.053: [GC (Allocation Failure) 2024-10-06T20:48:09.542+0300: 147.053: [ParNew: 247772K->2010K(276480K), 0.0013183 secs] 309224K->63464K(890880K), 0.0014061 secs] [Times: user=0.00 sys=0.00, real=0.00 secs] 
2024-10-06T20:48:09.542+0300: 147.054: Total time for which application threads were stopped: 0.0016897 seconds, Stopping threads took: 0.0001799 seconds
2024-10-06T20:48:12.163+0300: 149.674: Application time: 2.6200226 seconds
2024-10-06T20:48:12.163+0300: 149.674: [GC (Allocation Failure) 2024-10-06T20:48:12.163+0300: 149.675: [ParNew: 247770K->2012K(276480K), 0.0013578 secs] 309224K->63467K(890880K), 0.0014579 secs] [Times: user=0.01 sys=0.00, real=0.02 secs] 
2024-10-06T20:48:12.179+0300: 149.676: Total time for which application threads were stopped: 0.0017482 seconds, Stopping threads took: 0.0001593 seconds
2024-10-06T20:48:14.798+0300: 152.295: Application time: 2.6190826 seconds
2024-10-06T20:48:14.798+0300: 152.295: [GC (Allocation Failure) 2024-10-06T20:48:14.798+0300: 152.295: [ParNew: 247740K->2012K(276480K), 0.0010827 secs] 309196K->63468K(890880K), 0.0011498 secs] [Times: user=0.00 sys=0.00, real=0.00 secs] 
2024-10-06T20:48:14.798+0300: 152.296: Total time for which application threads were stopped: 0.0013608 seconds, Stopping threads took: 0.0001232 seconds
2024-10-06T20:48:17.408+0300: 154.914: Application time: 2.6174671 seconds
2024-10-06T20:48:17.408+0300: 154.914: [GC (Allocation Failure) 2024-10-06T20:48:17.408+0300: 154.914: [ParNew: 247766K->2344K(276480K), 0.0011007 secs] 309223K->63802K(890880K), 0.0011783 secs] [Times: user=0.00 sys=0.00, real=0.00 secs] 
2024-10-06T20:48:17.408+0300: 154.915: Total time for which application threads were stopped: 0.0014152 seconds, Stopping threads took: 0.0001436 seconds
2024-10-06T20:48:20.071+0300: 157.569: Application time: 2.6538175 seconds
2024-10-06T20:48:20.071+0300: 157.569: [GC (Allocation Failure) 2024-10-06T20:48:20.071+0300: 157.569: [ParNew: 248104K->1814K(276480K), 0.0011090 secs] 309562K->63274K(890880K), 0.0012191 secs] [Times: user=0.00 sys=0.00, real=0.00 secs] 
2024-10-06T20:48:20.071+0300: 157.571: Total time for which application threads were stopped: 0.0015738 seconds, Stopping threads took: 0.0002180 seconds
2024-10-06T20:48:22.677+0300: 160.186: Application time: 2.6151365 seconds
2024-10-06T20:48:22.677+0300: 160.186: [GC (Allocation Failure) 2024-10-06T20:48:22.677+0300: 160.186: [ParNew: 247574K->2210K(276480K), 0.0010731 secs] 309034K->63670K(890880K), 0.0012034 secs] [Times: user=0.00 sys=0.00, real=0.00 secs] 
2024-10-06T20:48:22.677+0300: 160.187: Total time for which application threads were stopped: 0.0014360 seconds, Stopping threads took: 0.0001390 seconds
2024-10-06T20:48:25.323+0300: 162.826: Application time: 2.6388503 seconds
2024-10-06T20:48:25.323+0300: 162.826: [GC (Allocation Failure) 2024-10-06T20:48:25.323+0300: 162.826: [ParNew: 247970K->2012K(276480K), 0.0012733 secs] 309430K->63474K(890880K), 0.0013812 secs] [Times: user=0.00 sys=0.00, real=0.01 secs] 
2024-10-06T20:48:25.330+0300: 162.828: Total time for which application threads were stopped: 0.0016850 seconds, Stopping threads took: 0.0001497 seconds
2024-10-06T20:48:27.950+0300: 165.462: Application time: 2.6338303 seconds
2024-10-06T20:48:27.950+0300: 165.462: [GC (Allocation Failure) 2024-10-06T20:48:27.950+0300: 165.462: [ParNew: 247765K->1949K(276480K), 0.0011409 secs] 309227K->63412K(890880K), 0.0012304 secs] [Times: user=0.02 sys=0.00, real=0.01 secs] 
2024-10-06T20:48:27.965+0300: 165.463: Total time for which application threads were stopped: 0.0014418 seconds, Stopping threads took: 0.0001086 seconds
2024-10-06T20:48:30.555+0300: 168.060: Application time: 2.5964765 seconds
2024-10-06T20:48:30.555+0300: 168.060: [GC (Allocation Failure) 2024-10-06T20:48:30.555+0300: 168.060: [ParNew: 247493K->2012K(276480K), 0.0011379 secs] 308957K->63477K(890880K), 0.0012175 secs] [Times: user=0.00 sys=0.00, real=0.00 secs] 
2024-10-06T20:48:30.555+0300: 168.061: Total time for which application threads were stopped: 0.0014712 seconds, Stopping threads took: 0.0001585 seconds
2024-10-06T20:48:33.222+0300: 170.727: Application time: 2.6656948 seconds
2024-10-06T20:48:33.222+0300: 170.727: [GC (Allocation Failure) 2024-10-06T20:48:33.222+0300: 170.727: [ParNew: 247730K->2014K(276480K), 0.0010670 secs] 309194K->63480K(890880K), 0.0011592 secs] [Times: user=0.00 sys=0.00, real=0.00 secs] 
2024-10-06T20:48:33.222+0300: 170.728: Total time for which application threads were stopped: 0.0013846 seconds, Stopping threads took: 0.0001073 seconds
2024-10-06T20:48:35.844+0300: 173.353: Application time: 2.6248976 seconds
2024-10-06T20:48:35.844+0300: 173.353: [GC (Allocation Failure) 2024-10-06T20:48:35.844+0300: 173.353: [ParNew: 247774K->2012K(276480K), 0.0010568 secs] 309240K->63479K(890880K), 0.0011427 secs] [Times: user=0.00 sys=0.00, real=0.00 secs] 
2024-10-06T20:48:35.844+0300: 173.354: Total time for which application threads were stopped: 0.0013950 seconds, Stopping threads took: 0.0001407 seconds
2024-10-06T20:48:38.464+0300: 175.972: Application time: 2.6178750 seconds
2024-10-06T20:48:38.464+0300: 175.973: [GC (Allocation Failure) 2024-10-06T20:48:38.464+0300: 175.973: [ParNew: 247549K->1814K(276480K), 0.0010079 secs] 309016K->63283K(890880K), 0.0010826 secs] [Times: user=0.00 sys=0.00, real=0.00 secs] 
2024-10-06T20:48:38.464+0300: 175.974: Total time for which application threads were stopped: 0.0013595 seconds, Stopping threads took: 0.0001787 seconds
2024-10-06T20:48:41.100+0300: 178.607: Application time: 2.6336878 seconds
2024-10-06T20:48:41.100+0300: 178.608: [GC (Allocation Failure) 2024-10-06T20:48:41.100+0300: 178.608: [ParNew: 247513K->1617K(276480K), 0.0011154 secs] 308982K->63087K(890880K), 0.0011841 secs] [Times: user=0.00 sys=0.00, real=0.00 secs] 
2024-10-06T20:48:41.100+0300: 178.609: Total time for which application threads were stopped: 0.0014379 seconds, Stopping threads took: 0.0001671 seconds
2024-10-06T20:48:43.705+0300: 181.212: Application time: 2.6028384 seconds
2024-10-06T20:48:43.705+0300: 181.212: [GC (Allocation Failure) 2024-10-06T20:48:43.705+0300: 181.212: [ParNew: 247377K->2012K(276480K), 0.0011273 secs] 308847K->63484K(890880K), 0.0012011 secs] [Times: user=0.00 sys=0.00, real=0.00 secs] 
2024-10-06T20:48:43.705+0300: 181.213: Total time for which application threads were stopped: 0.0014394 seconds, Stopping threads took: 0.0001472 seconds
2024-10-06T20:48:46.357+0300: 183.858: Application time: 2.6447745 seconds
2024-10-06T20:48:46.357+0300: 183.858: [GC (Allocation Failure) 2024-10-06T20:48:46.357+0300: 183.858: [ParNew: 247772K->2012K(276480K), 0.0011068 secs] 309244K->63485K(890880K), 0.0013352 secs] [Times: user=0.00 sys=0.00, real=0.00 secs] 
2024-10-06T20:48:46.357+0300: 183.859: Total time for which application threads were stopped: 0.0016071 seconds, Stopping threads took: 0.0001432 seconds
2024-10-06T20:48:48.979+0300: 186.484: Application time: 2.6245649 seconds
2024-10-06T20:48:48.979+0300: 186.484: [GC (Allocation Failure) 2024-10-06T20:48:48.979+0300: 186.484: [ParNew: 247772K->1814K(276480K), 0.0010124 secs] 309245K->63289K(890880K), 0.0011048 secs] [Times: user=0.00 sys=0.00, real=0.00 secs] 
2024-10-06T20:48:48.979+0300: 186.485: Total time for which application threads were stopped: 0.0013845 seconds, Stopping threads took: 0.0001689 seconds
2024-10-06T20:48:49.983+0300: 187.480: Application time: 0.9946362 seconds
2024-10-06T20:48:49.983+0300: 187.480: Total time for which application threads were stopped: 0.0004158 seconds, Stopping threads took: 0.0003500 seconds
2024-10-06T20:48:50.988+0300: 188.484: Application time: 1.0036812 seconds
2024-10-06T20:48:50.988+0300: 188.484: Total time for which application threads were stopped: 0.0002862 seconds, Stopping threads took: 0.0002304 seconds
2024-10-06T20:48:51.600+0300: 189.100: Application time: 0.6159583 seconds
2024-10-06T20:48:51.600+0300: 189.101: [GC (Allocation Failure) 2024-10-06T20:48:51.600+0300: 189.101: [ParNew: 247420K->2010K(276480K), 0.0011568 secs] 308895K->63486K(890880K), 0.0012376 secs] [Times: user=0.00 sys=0.00, real=0.00 secs] 
2024-10-06T20:48:51.600+0300: 189.102: Total time for which application threads were stopped: 0.0014848 seconds, Stopping threads took: 0.0001484 seconds
2024-10-06T20:48:54.205+0300: 191.717: Application time: 2.6147385 seconds
2024-10-06T20:48:54.205+0300: 191.717: [GC (Allocation Failure) 2024-10-06T20:48:54.205+0300: 191.717: [ParNew: 247770K->2010K(276480K), 0.0011217 secs] 309246K->63487K(890880K), 0.0012231 secs] [Times: user=0.02 sys=0.00, real=0.02 secs] 
2024-10-06T20:48:54.221+0300: 191.718: Total time for which application threads were stopped: 0.0015039 seconds, Stopping threads took: 0.0001510 seconds
2024-10-06T20:48:56.841+0300: 194.353: Application time: 2.6350569 seconds
2024-10-06T20:48:56.841+0300: 194.353: [GC (Allocation Failure) 2024-10-06T20:48:56.841+0300: 194.353: [ParNew: 247564K->2012K(276480K), 0.0010888 secs] 309041K->63491K(890880K), 0.0012037 secs] [Times: user=0.02 sys=0.00, real=0.02 secs] 
2024-10-06T20:48:56.857+0300: 194.355: Total time for which application threads were stopped: 0.0014591 seconds, Stopping threads took: 0.0001525 seconds
2024-10-06T20:48:59.509+0300: 197.013: Application time: 2.6583653 seconds
2024-10-06T20:48:59.509+0300: 197.013: [GC (Allocation Failure) 2024-10-06T20:48:59.509+0300: 197.013: [ParNew: 247772K->1814K(276480K), 0.0010481 secs] 309251K->63294K(890880K), 0.0011310 secs] [Times: user=0.02 sys=0.00, real=0.00 secs] 
2024-10-06T20:48:59.509+0300: 197.015: Total time for which application threads were stopped: 0.0014758 seconds, Stopping threads took: 0.0002334 seconds
2024-10-06T20:49:02.162+0300: 199.666: Application time: 2.6517670 seconds
2024-10-06T20:49:02.162+0300: 199.667: [GC (Allocation Failure) 2024-10-06T20:49:02.162+0300: 199.667: [ParNew: 247533K->2012K(276480K), 0.0012976 secs] 309013K->63493K(890880K), 0.0013862 secs] [Times: user=0.00 sys=0.00, real=0.00 secs] 
2024-10-06T20:49:02.162+0300: 199.668: Total time for which application threads were stopped: 0.0017257 seconds, Stopping threads took: 0.0002051 seconds
2024-10-06T20:49:04.783+0300: 202.283: Application time: 2.6148892 seconds
2024-10-06T20:49:04.783+0300: 202.283: [GC (Allocation Failure) 2024-10-06T20:49:04.783+0300: 202.283: [ParNew: 247751K->1949K(276480K), 0.0011399 secs] 309233K->63432K(890880K), 0.0012178 secs] [Times: user=0.00 sys=0.00, real=0.00 secs] 
2024-10-06T20:49:04.783+0300: 202.284: Total time for which application threads were stopped: 0.0015394 seconds, Stopping threads took: 0.0001480 seconds
2024-10-06T20:49:07.405+0300: 204.909: Application time: 2.6241688 seconds
2024-10-06T20:49:07.405+0300: 204.909: [GC (Allocation Failure) 2024-10-06T20:49:07.405+0300: 204.909: [ParNew: 247709K->2012K(276480K), 0.0010467 secs] 309192K->63496K(890880K), 0.0011307 secs] [Times: user=0.00 sys=0.00, real=0.00 secs] 
2024-10-06T20:49:07.405+0300: 204.910: Total time for which application threads were stopped: 0.0013293 seconds, Stopping threads took: 0.0000956 seconds
2024-10-06T20:49:10.071+0300: 207.582: Application time: 2.6723233 seconds
2024-10-06T20:49:10.071+0300: 207.582: [GC (Allocation Failure) 2024-10-06T20:49:10.071+0300: 207.583: [ParNew: 247681K->1612K(276480K), 0.0013169 secs] 309166K->63098K(890880K), 0.0013938 secs] [Times: user=0.01 sys=0.00, real=0.02 secs] 
2024-10-06T20:49:10.087+0300: 207.584: Total time for which application threads were stopped: 0.0016468 seconds, Stopping threads took: 0.0001598 seconds
2024-10-06T20:49:12.662+0300: 210.173: Application time: 2.5889144 seconds
2024-10-06T20:49:12.662+0300: 210.173: [GC (Allocation Failure) 2024-10-06T20:49:12.662+0300: 210.173: [ParNew: 247148K->2210K(276480K), 0.0012910 secs] 308634K->63697K(890880K), 0.0013773 secs] [Times: user=0.01 sys=0.00, real=0.02 secs] 
2024-10-06T20:49:12.677+0300: 210.174: Total time for which application threads were stopped: 0.0016562 seconds, Stopping threads took: 0.0001763 seconds
2024-10-06T20:49:15.313+0300: 212.815: Application time: 2.6406397 seconds
2024-10-06T20:49:15.313+0300: 212.815: [GC (Allocation Failure) 2024-10-06T20:49:15.313+0300: 212.815: [ParNew: 247938K->2210K(276480K), 0.0012071 secs] 309425K->63698K(890880K), 0.0012916 secs] [Times: user=0.00 sys=0.00, real=0.00 secs] 
2024-10-06T20:49:15.313+0300: 212.817: Total time for which application threads were stopped: 0.0015341 seconds, Stopping threads took: 0.0001299 seconds
2024-10-06T20:49:17.934+0300: 215.437: Application time: 2.6204164 seconds
2024-10-06T20:49:17.934+0300: 215.437: [GC (Allocation Failure) 2024-10-06T20:49:17.934+0300: 215.437: [ParNew: 247970K->1886K(276480K), 0.0011191 secs] 309458K->63376K(890880K), 0.0011994 secs] [Times: user=0.00 sys=0.00, real=0.00 secs] 
2024-10-06T20:49:17.934+0300: 215.439: Total time for which application threads were stopped: 0.0014513 seconds, Stopping threads took: 0.0001120 seconds
2024-10-06T20:49:20.555+0300: 218.053: Application time: 2.6141211 seconds
2024-10-06T20:49:20.555+0300: 218.053: [GC (Allocation Failure) 2024-10-06T20:49:20.555+0300: 218.053: [ParNew: 247427K->1814K(276480K), 0.0010110 secs] 308916K->63305K(890880K), 0.0010807 secs] [Times: user=0.02 sys=0.00, real=0.00 secs] 
2024-10-06T20:49:20.555+0300: 218.054: Total time for which application threads were stopped: 0.0013001 seconds, Stopping threads took: 0.0001300 seconds
2024-10-06T20:49:23.176+0300: 220.684: Application time: 2.6302823 seconds
2024-10-06T20:49:23.176+0300: 220.685: [GC (Allocation Failure) 2024-10-06T20:49:23.176+0300: 220.685: [ParNew: 247574K->2012K(276480K), 0.0011386 secs] 309065K->63505K(890880K), 0.0013079 secs] [Times: user=0.00 sys=0.00, real=0.00 secs] 
2024-10-06T20:49:23.176+0300: 220.686: Total time for which application threads were stopped: 0.0016440 seconds, Stopping threads took: 0.0001607 seconds
2024-10-06T20:49:25.796+0300: 223.300: Application time: 2.6144753 seconds
2024-10-06T20:49:25.796+0300: 223.301: [GC (Allocation Failure) 2024-10-06T20:49:25.796+0300: 223.301: [ParNew: 247686K->2282K(276480K), 0.0012794 secs] 309179K->63776K(890880K), 0.0014165 secs] [Times: user=0.00 sys=0.00, real=0.00 secs] 
2024-10-06T20:49:25.796+0300: 223.302: Total time for which application threads were stopped: 0.0017384 seconds, Stopping threads took: 0.0001721 seconds
2024-10-06T20:49:28.433+0300: 225.940: Application time: 2.6380620 seconds
2024-10-06T20:49:28.433+0300: 225.940: [GC (Allocation Failure) 2024-10-06T20:49:28.433+0300: 225.941: [ParNew: 248042K->2012K(276480K), 0.0012684 secs] 309536K->63507K(890880K), 0.0013444 secs] [Times: user=0.00 sys=0.00, real=0.01 secs] 
2024-10-06T20:49:28.445+0300: 225.942: Total time for which application threads were stopped: 0.0016761 seconds, Stopping threads took: 0.0002110 seconds
2024-10-06T20:49:31.054+0300: 228.557: Application time: 2.6153290 seconds
2024-10-06T20:49:31.054+0300: 228.557: [GC (Allocation Failure) 2024-10-06T20:49:31.054+0300: 228.557: [ParNew: 247772K->2010K(276480K), 0.0012015 secs] 309267K->63507K(890880K), 0.0012818 secs] [Times: user=0.00 sys=0.00, real=0.00 secs] 
2024-10-06T20:49:31.054+0300: 228.559: Total time for which application threads were stopped: 0.0014939 seconds, Stopping threads took: 0.0001156 seconds
2024-10-06T20:49:33.675+0300: 231.178: Application time: 2.6191303 seconds
2024-10-06T20:49:33.675+0300: 231.178: [GC (Allocation Failure) 2024-10-06T20:49:33.675+0300: 231.178: [ParNew: 247770K->2010K(276480K), 0.0011152 secs] 309267K->63508K(890880K), 0.0012008 secs] [Times: user=0.00 sys=0.00, real=0.00 secs] 
2024-10-06T20:49:33.675+0300: 231.179: Total time for which application threads were stopped: 0.0014734 seconds, Stopping threads took: 0.0001703 seconds
2024-10-06T20:49:36.312+0300: 233.813: Application time: 2.6335148 seconds
2024-10-06T20:49:36.312+0300: 233.813: [GC (Allocation Failure) 2024-10-06T20:49:36.312+0300: 233.813: [ParNew: 247645K->2012K(276480K), 0.0011185 secs] 309143K->63512K(890880K), 0.0012010 secs] [Times: user=0.00 sys=0.00, real=0.00 secs] 
2024-10-06T20:49:36.312+0300: 233.814: Total time for which application threads were stopped: 0.0015262 seconds, Stopping threads took: 0.0001808 seconds
2024-10-06T20:49:38.931+0300: 236.434: Application time: 2.6199439 seconds
2024-10-06T20:49:38.931+0300: 236.434: [GC (Allocation Failure) 2024-10-06T20:49:38.931+0300: 236.435: [ParNew: 247658K->2012K(276480K), 0.0010847 secs] 309158K->63513K(890880K), 0.0011712 secs] [Times: user=0.00 sys=0.00, real=0.00 secs] 
2024-10-06T20:49:38.931+0300: 236.436: Total time for which application threads were stopped: 0.0014135 seconds, Stopping threads took: 0.0001284 seconds
2024-10-06T20:49:41.584+0300: 239.081: Application time: 2.6454278 seconds
2024-10-06T20:49:41.584+0300: 239.081: [GC (Allocation Failure) 2024-10-06T20:49:41.584+0300: 239.081: [ParNew: 247664K->2282K(276480K), 0.0011514 secs] 309165K->63784K(890880K), 0.0012376 secs] [Times: user=0.00 sys=0.00, real=0.00 secs] 
2024-10-06T20:49:41.584+0300: 239.083: Total time for which application threads were stopped: 0.0014810 seconds, Stopping threads took: 0.0001209 seconds
2024-10-06T20:49:44.191+0300: 241.693: Application time: 2.6105281 seconds
2024-10-06T20:49:44.191+0300: 241.693: [GC (Allocation Failure) 2024-10-06T20:49:44.191+0300: 241.693: [ParNew: 248042K->2012K(276480K), 0.0011786 secs] 309544K->63516K(890880K), 0.0012878 secs] [Times: user=0.00 sys=0.00, real=0.00 secs] 
2024-10-06T20:49:44.191+0300: 241.695: Total time for which application threads were stopped: 0.0015333 seconds, Stopping threads took: 0.0001343 seconds
2024-10-06T20:49:46.827+0300: 244.331: Application time: 2.6362754 seconds
2024-10-06T20:49:46.827+0300: 244.331: [GC (Allocation Failure) 2024-10-06T20:49:46.827+0300: 244.331: [ParNew: 247772K->1814K(276480K), 0.0011006 secs] 309276K->63319K(890880K), 0.0012394 secs] [Times: user=0.00 sys=0.00, real=0.00 secs] 
2024-10-06T20:49:46.827+0300: 244.332: Total time for which application threads were stopped: 0.0014988 seconds, Stopping threads took: 0.0001363 seconds
2024-10-06T20:49:49.463+0300: 246.975: Application time: 2.6428576 seconds
2024-10-06T20:49:49.479+0300: 246.976: [GC (Allocation Failure) 2024-10-06T20:49:49.479+0300: 246.976: [ParNew: 247574K->1814K(276480K), 0.0011263 secs] 309079K->63321K(890880K), 0.0012079 secs] [Times: user=0.00 sys=0.00, real=0.00 secs] 
2024-10-06T20:49:49.479+0300: 246.977: Total time for which application threads were stopped: 0.0014863 seconds, Stopping threads took: 0.0001783 seconds
2024-10-06T20:49:52.069+0300: 249.577: Application time: 2.6004473 seconds
2024-10-06T20:49:52.069+0300: 249.577: [GC (Allocation Failure) 2024-10-06T20:49:52.069+0300: 249.578: [ParNew: 247574K->2012K(276480K), 0.0010785 secs] 309081K->63520K(890880K), 0.0012351 secs] [Times: user=0.00 sys=0.00, real=0.00 secs] 
2024-10-06T20:49:52.069+0300: 249.579: Total time for which application threads were stopped: 0.0014778 seconds, Stopping threads took: 0.0001132 seconds
2024-10-06T20:49:54.695+0300: 252.198: Application time: 2.6194102 seconds
2024-10-06T20:49:54.695+0300: 252.198: [GC (Allocation Failure) 2024-10-06T20:49:54.695+0300: 252.198: [ParNew: 247772K->2012K(276480K), 0.0013678 secs] 309280K->63521K(890880K), 0.0014430 secs] [Times: user=0.00 sys=0.00, real=0.00 secs] 
2024-10-06T20:49:54.695+0300: 252.200: Total time for which application threads were stopped: 0.0017112 seconds, Stopping threads took: 0.0001719 seconds
2024-10-06T20:49:57.309+0300: 254.811: Application time: 2.6106982 seconds
2024-10-06T20:49:57.309+0300: 254.811: [GC (Allocation Failure) 2024-10-06T20:49:57.309+0300: 254.811: [ParNew: 247772K->2012K(276480K), 0.0012000 secs] 309281K->63523K(890880K), 0.0012870 secs] [Times: user=0.00 sys=0.00, real=0.00 secs] 
2024-10-06T20:49:57.309+0300: 254.812: Total time for which application threads were stopped: 0.0016299 seconds, Stopping threads took: 0.0002340 seconds
2024-10-06T20:49:59.806+0300: 257.313: Application time: 2.5006313 seconds
2024-10-06T20:49:59.806+0300: 257.313: Total time for which application threads were stopped: 0.0001894 seconds, Stopping threads took: 0.0001437 seconds
2024-10-06T20:49:59.947+0300: 257.458: Application time: 0.1453754 seconds
2024-10-06T20:49:59.947+0300: 257.459: [GC (Allocation Failure) 2024-10-06T20:49:59.947+0300: 257.459: [ParNew: 247634K->1380K(276480K), 0.0013984 secs] 309145K->62892K(890880K), 0.0014671 secs] [Times: user=0.02 sys=0.00, real=0.01 secs] 
2024-10-06T20:49:59.962+0300: 257.460: Total time for which application threads were stopped: 0.0017007 seconds, Stopping threads took: 0.0001469 seconds
2024-10-06T20:50:00.041+0300: 257.546: Application time: 0.0863905 seconds
2024-10-06T20:50:00.041+0300: 257.547: Total time for which application threads were stopped: 0.0001619 seconds, Stopping threads took: 0.0001296 seconds
2024-10-06T20:50:00.056+0300: 257.559: Application time: 0.0122325 seconds
2024-10-06T20:50:00.056+0300: 257.559: Total time for which application threads were stopped: 0.0001679 seconds, Stopping threads took: 0.0001063 seconds
2024-10-06T20:50:00.449+0300: 257.959: Application time: 0.3996168 seconds
2024-10-06T20:50:00.449+0300: 257.959: Total time for which application threads were stopped: 0.0003112 seconds, Stopping threads took: 0.0002871 seconds
2024-10-06T20:50:02.723+0300: 260.230: Application time: 2.2705074 seconds
2024-10-06T20:50:02.723+0300: 260.230: [GC (Allocation Failure) 2024-10-06T20:50:02.723+0300: 260.230: [ParNew: 247140K->2022K(276480K), 0.0012734 secs] 308652K->63535K(890880K), 0.0013565 secs] [Times: user=0.00 sys=0.00, real=0.00 secs] 
2024-10-06T20:50:02.723+0300: 260.231: Total time for which application threads were stopped: 0.0016831 seconds, Stopping threads took: 0.0002186 seconds
2024-10-06T20:50:05.390+0300: 262.902: Application time: 2.6710443 seconds
2024-10-06T20:50:05.406+0300: 262.902: [GC (Allocation Failure) 2024-10-06T20:50:05.406+0300: 262.903: [ParNew: 247782K->1629K(276480K), 0.0012877 secs] 309295K->63144K(890880K), 0.0013699 secs] [Times: user=0.00 sys=0.00, real=0.00 secs] 
2024-10-06T20:50:05.406+0300: 262.904: Total time for which application threads were stopped: 0.0016335 seconds, Stopping threads took: 0.0001438 seconds
2024-10-06T20:50:07.996+0300: 265.498: Application time: 2.5938807 seconds
2024-10-06T20:50:07.996+0300: 265.498: [GC (Allocation Failure) 2024-10-06T20:50:07.996+0300: 265.498: [ParNew: 247389K->2025K(276480K), 0.0011062 secs] 308904K->63541K(890880K), 0.0012031 secs] [Times: user=0.00 sys=0.00, real=0.00 secs] 
2024-10-06T20:50:07.996+0300: 265.499: Total time for which application threads were stopped: 0.0014834 seconds, Stopping threads took: 0.0001692 seconds
2024-10-06T20:50:10.617+0300: 268.118: Application time: 2.6183802 seconds
2024-10-06T20:50:10.617+0300: 268.118: [GC (Allocation Failure) 2024-10-06T20:50:10.617+0300: 268.118: [ParNew: 247785K->2160K(276480K), 0.0011348 secs] 309301K->63677K(890880K), 0.0012829 secs] [Times: user=0.00 sys=0.00, real=0.00 secs] 
2024-10-06T20:50:10.617+0300: 268.119: Total time for which application threads were stopped: 0.0018055 seconds, Stopping threads took: 0.0004093 seconds
2024-10-06T20:50:13.254+0300: 270.763: Application time: 2.6440298 seconds
2024-10-06T20:50:13.254+0300: 270.764: [GC (Allocation Failure) 2024-10-06T20:50:13.254+0300: 270.764: [ParNew: 247920K->2161K(276480K), 0.0011247 secs] 309437K->63680K(890880K), 0.0012174 secs] [Times: user=0.00 sys=0.00, real=0.00 secs] 
2024-10-06T20:50:13.254+0300: 270.765: Total time for which application threads were stopped: 0.0014980 seconds, Stopping threads took: 0.0001673 seconds
2024-10-06T20:50:15.892+0300: 273.398: Application time: 2.6331560 seconds
2024-10-06T20:50:15.892+0300: 273.398: [GC (Allocation Failure) 2024-10-06T20:50:15.892+0300: 273.398: [ParNew: 247921K->2220K(276480K), 0.0011616 secs] 309440K->63740K(890880K), 0.0012519 secs] [Times: user=0.00 sys=0.00, real=0.00 secs] 
2024-10-06T20:50:15.892+0300: 273.400: Total time for which application threads were stopped: 0.0015488 seconds, Stopping threads took: 0.0001708 seconds
2024-10-06T20:50:18.560+0300: 276.058: Application time: 2.6579269 seconds
2024-10-06T20:50:18.560+0300: 276.058: [GC (Allocation Failure) 2024-10-06T20:50:18.560+0300: 276.058: [ParNew: 247957K->1760K(276480K), 0.0010916 secs] 309477K->63293K(890880K), 0.0011740 secs] [Times: user=0.00 sys=0.00, real=0.00 secs] 
2024-10-06T20:50:18.560+0300: 276.059: Total time for which application threads were stopped: 0.0014255 seconds, Stopping threads took: 0.0001532 seconds
2024-10-06T20:50:21.197+0300: 278.701: Application time: 2.6423014 seconds
2024-10-06T20:50:21.197+0300: 278.702: [GC (Allocation Failure) 2024-10-06T20:50:21.197+0300: 278.702: [ParNew: 247520K->2012K(276480K), 0.0010871 secs] 309053K->63547K(890880K), 0.0011597 secs] [Times: user=0.00 sys=0.00, real=0.00 secs] 
2024-10-06T20:50:21.197+0300: 278.703: Total time for which application threads were stopped: 0.0014569 seconds, Stopping threads took: 0.0001826 seconds
2024-10-06T20:50:23.802+0300: 281.309: Application time: 2.6061387 seconds
2024-10-06T20:50:23.802+0300: 281.309: [GC (Allocation Failure) 2024-10-06T20:50:23.802+0300: 281.309: [ParNew: 247772K->2014K(276480K), 0.0011408 secs] 309307K->63550K(890880K), 0.0012236 secs] [Times: user=0.00 sys=0.00, real=0.00 secs] 
2024-10-06T20:50:23.802+0300: 281.311: Total time for which application threads were stopped: 0.0015607 seconds, Stopping threads took: 0.0002231 seconds
2024-10-06T20:50:26.430+0300: 283.927: Application time: 2.6168678 seconds
2024-10-06T20:50:26.430+0300: 283.928: [GC (Allocation Failure) 2024-10-06T20:50:26.430+0300: 283.928: [ParNew: 247774K->1803K(276480K), 0.0011726 secs] 309310K->63341K(890880K), 0.0012617 secs] [Times: user=0.01 sys=0.00, real=0.00 secs] 
2024-10-06T20:50:26.431+0300: 283.929: Total time for which application threads were stopped: 0.0015585 seconds, Stopping threads took: 0.0001869 seconds
2024-10-06T20:50:29.074+0300: 286.577: Application time: 2.6482819 seconds
2024-10-06T20:50:29.074+0300: 286.578: [GC (Allocation Failure) 2024-10-06T20:50:29.074+0300: 286.578: [ParNew: 247563K->1814K(276480K), 0.0013335 secs] 309101K->63354K(890880K), 0.0014774 secs] [Times: user=0.00 sys=0.00, real=0.00 secs] 
2024-10-06T20:50:29.074+0300: 286.579: Total time for which application threads were stopped: 0.0018332 seconds, Stopping threads took: 0.0001859 seconds
2024-10-06T20:50:31.711+0300: 289.209: Application time: 2.6303847 seconds
2024-10-06T20:50:31.711+0300: 289.210: [GC (Allocation Failure) 2024-10-06T20:50:31.711+0300: 289.210: [ParNew: 247502K->2010K(276480K), 0.0012259 secs] 309041K->63551K(890880K), 0.0013342 secs] [Times: user=0.00 sys=0.00, real=0.00 secs] 
2024-10-06T20:50:31.711+0300: 289.211: Total time for which application threads were stopped: 0.0016130 seconds, Stopping threads took: 0.0001526 seconds
2024-10-06T20:50:34.317+0300: 291.818: Application time: 2.6064799 seconds
2024-10-06T20:50:34.317+0300: 291.818: [GC (Allocation Failure) 2024-10-06T20:50:34.317+0300: 291.818: [ParNew: 247710K->2344K(276480K), 0.0012012 secs] 309251K->63886K(890880K), 0.0012685 secs] [Times: user=0.00 sys=0.00, real=0.00 secs] 
2024-10-06T20:50:34.317+0300: 291.819: Total time for which application threads were stopped: 0.0015103 seconds, Stopping threads took: 0.0001531 seconds
2024-10-06T20:50:36.968+0300: 294.468: Application time: 2.6489026 seconds
2024-10-06T20:50:36.968+0300: 294.468: [GC (Allocation Failure) 2024-10-06T20:50:36.968+0300: 294.468: [ParNew: 247991K->2082K(276480K), 0.0010919 secs] 309533K->63625K(890880K), 0.0011805 secs] [Times: user=0.00 sys=0.00, real=0.00 secs] 
2024-10-06T20:50:36.968+0300: 294.469: Total time for which application threads were stopped: 0.0014619 seconds, Stopping threads took: 0.0001710 seconds
2024-10-06T20:50:39.581+0300: 297.084: Application time: 2.6148943 seconds
2024-10-06T20:50:39.581+0300: 297.085: [GC (Allocation Failure) 2024-10-06T20:50:39.581+0300: 297.085: [ParNew: 247722K->2010K(276480K), 0.0012619 secs] 309265K->63555K(890880K), 0.0013492 secs] [Times: user=0.00 sys=0.00, real=0.01 secs] 
2024-10-06T20:50:39.589+0300: 297.086: Total time for which application threads were stopped: 0.0015812 seconds, Stopping threads took: 0.0001319 seconds
2024-10-06T20:50:42.209+0300: 299.708: Application time: 2.6218579 seconds
2024-10-06T20:50:42.209+0300: 299.708: [GC (Allocation Failure) 2024-10-06T20:50:42.209+0300: 299.708: [ParNew: 247689K->2084K(276480K), 0.0011494 secs] 309233K->63630K(890880K), 0.0012297 secs] [Times: user=0.00 sys=0.00, real=0.00 secs] 
2024-10-06T20:50:42.209+0300: 299.709: Total time for which application threads were stopped: 0.0015616 seconds, Stopping threads took: 0.0002135 seconds
2024-10-06T20:50:44.830+0300: 302.338: Application time: 2.6291075 seconds
2024-10-06T20:50:44.830+0300: 302.339: [GC (Allocation Failure) 2024-10-06T20:50:44.830+0300: 302.339: [ParNew: 247725K->2282K(276480K), 0.0010961 secs] 309271K->63829K(890880K), 0.0011847 secs] [Times: user=0.01 sys=0.00, real=0.00 secs] 
2024-10-06T20:50:44.830+0300: 302.340: Total time for which application threads were stopped: 0.0014510 seconds, Stopping threads took: 0.0001563 seconds
2024-10-06T20:50:47.451+0300: 304.961: Application time: 2.6214630 seconds
2024-10-06T20:50:47.451+0300: 304.962: [GC (Allocation Failure) 2024-10-06T20:50:47.451+0300: 304.962: [ParNew: 247776K->1619K(276480K), 0.0010136 secs] 309323K->63168K(890880K), 0.0010889 secs] [Times: user=0.00 sys=0.00, real=0.00 secs] 
2024-10-06T20:50:47.451+0300: 304.963: Total time for which application threads were stopped: 0.0013193 seconds, Stopping threads took: 0.0001409 seconds
2024-10-06T20:50:50.103+0300: 307.602: Application time: 2.6392433 seconds
2024-10-06T20:50:50.103+0300: 307.602: [GC (Allocation Failure) 2024-10-06T20:50:50.103+0300: 307.602: [ParNew: 247348K->1814K(276480K), 0.0011217 secs] 308897K->63365K(890880K), 0.0012312 secs] [Times: user=0.00 sys=0.00, real=0.00 secs] 
2024-10-06T20:50:50.103+0300: 307.603: Total time for which application threads were stopped: 0.0014657 seconds, Stopping threads took: 0.0001062 seconds
2024-10-06T20:50:52.707+0300: 310.207: Application time: 2.6039328 seconds
2024-10-06T20:50:52.707+0300: 310.208: [GC (Allocation Failure) 2024-10-06T20:50:52.707+0300: 310.208: [ParNew: 247451K->1617K(276480K), 0.0011285 secs] 309001K->63168K(890880K), 0.0011995 secs] [Times: user=0.00 sys=0.00, real=0.00 secs] 
2024-10-06T20:50:52.707+0300: 310.209: Total time for which application threads were stopped: 0.0015170 seconds, Stopping threads took: 0.0002062 seconds
2024-10-06T20:50:55.312+0300: 312.818: Application time: 2.6095301 seconds
2024-10-06T20:50:55.312+0300: 312.819: [GC (Allocation Failure) 2024-10-06T20:50:55.312+0300: 312.819: [ParNew: 247181K->2012K(276480K), 0.0011038 secs] 308732K->63565K(890880K), 0.0011953 secs] [Times: user=0.00 sys=0.00, real=0.00 secs] 
2024-10-06T20:50:55.312+0300: 312.820: Total time for which application threads were stopped: 0.0015043 seconds, Stopping threads took: 0.0002052 seconds
2024-10-06T20:50:57.948+0300: 315.456: Application time: 2.6358976 seconds
2024-10-06T20:50:57.948+0300: 315.456: [GC (Allocation Failure) 2024-10-06T20:50:57.948+0300: 315.456: [ParNew: 247772K->1619K(276480K), 0.0010392 secs] 309325K->63173K(890880K), 0.0011269 secs] [Times: user=0.00 sys=0.00, real=0.00 secs] 
2024-10-06T20:50:57.948+0300: 315.457: Total time for which application threads were stopped: 0.0014071 seconds, Stopping threads took: 0.0001619 seconds
2024-10-06T20:51:00.554+0300: 318.061: Application time: 2.6038082 seconds
2024-10-06T20:51:00.554+0300: 318.061: [GC (Allocation Failure) 2024-10-06T20:51:00.554+0300: 318.061: [ParNew: 247379K->1812K(276480K), 0.0011081 secs] 308933K->63368K(890880K), 0.0011843 secs] [Times: user=0.00 sys=0.00, real=0.00 secs] 
2024-10-06T20:51:00.554+0300: 318.062: Total time for which application threads were stopped: 0.0014370 seconds, Stopping threads took: 0.0001565 seconds
2024-10-06T20:51:03.206+0300: 320.704: Application time: 2.6416160 seconds
2024-10-06T20:51:03.206+0300: 320.704: [GC (Allocation Failure) 2024-10-06T20:51:03.206+0300: 320.704: [ParNew: 247519K->1805K(276480K), 0.0010422 secs] 309075K->63363K(890880K), 0.0011065 secs] [Times: user=0.00 sys=0.00, real=0.00 secs] 
2024-10-06T20:51:03.206+0300: 320.705: Total time for which application threads were stopped: 0.0013964 seconds, Stopping threads took: 0.0002036 seconds
2024-10-06T20:51:05.810+0300: 323.317: Application time: 2.6110582 seconds
2024-10-06T20:51:05.810+0300: 323.317: [GC (Allocation Failure) 2024-10-06T20:51:05.810+0300: 323.317: [ParNew: 247526K->1543K(276480K), 0.0011022 secs] 309083K->63101K(890880K), 0.0011978 secs] [Times: user=0.00 sys=0.00, real=0.00 secs] 
2024-10-06T20:51:05.810+0300: 323.318: Total time for which application threads were stopped: 0.0015000 seconds, Stopping threads took: 0.0001776 seconds
2024-10-06T20:51:08.435+0300: 325.933: Application time: 2.6146444 seconds
2024-10-06T20:51:08.435+0300: 325.933: [GC (Allocation Failure) 2024-10-06T20:51:08.435+0300: 325.933: [ParNew: 247303K->2208K(276480K), 0.0011465 secs] 308861K->63768K(890880K), 0.0012190 secs] [Times: user=0.00 sys=0.00, real=0.00 secs] 
2024-10-06T20:51:08.435+0300: 325.934: Total time for which application threads were stopped: 0.0014972 seconds, Stopping threads took: 0.0001473 seconds
2024-10-06T20:51:11.069+0300: 328.577: Application time: 2.6432407 seconds
2024-10-06T20:51:11.069+0300: 328.578: [GC (Allocation Failure) 2024-10-06T20:51:11.069+0300: 328.578: [ParNew: 247968K->1814K(276480K), 0.0010133 secs] 309528K->63376K(890880K), 0.0010842 secs] [Times: user=0.00 sys=0.00, real=0.00 secs] 
2024-10-06T20:51:11.069+0300: 328.579: Total time for which application threads were stopped: 0.0013589 seconds, Stopping threads took: 0.0001793 seconds
2024-10-06T20:51:13.690+0300: 331.199: Application time: 2.6199667 seconds
2024-10-06T20:51:13.690+0300: 331.199: [GC (Allocation Failure) 2024-10-06T20:51:13.690+0300: 331.199: [ParNew: 247427K->2010K(276480K), 0.0011588 secs] 308989K->63573K(890880K), 0.0012341 secs] [Times: user=0.00 sys=0.00, real=0.00 secs] 
2024-10-06T20:51:13.690+0300: 331.200: Total time for which application threads were stopped: 0.0014359 seconds, Stopping threads took: 0.0000893 seconds
2024-10-06T20:51:16.327+0300: 333.826: Application time: 2.6255897 seconds
2024-10-06T20:51:16.327+0300: 333.826: [GC (Allocation Failure) 2024-10-06T20:51:16.327+0300: 333.826: [ParNew: 247770K->2010K(276480K), 0.0012029 secs] 309333K->63574K(890880K), 0.0012937 secs] [Times: user=0.00 sys=0.00, real=0.00 secs] 
2024-10-06T20:51:16.327+0300: 333.827: Total time for which application threads were stopped: 0.0015586 seconds, Stopping threads took: 0.0001389 seconds
2024-10-06T20:51:18.932+0300: 336.443: Application time: 2.6155421 seconds
2024-10-06T20:51:18.932+0300: 336.443: [GC (Allocation Failure) 2024-10-06T20:51:18.932+0300: 336.443: [ParNew: 247766K->1812K(276480K), 0.0011677 secs] 309331K->63378K(890880K), 0.0012655 secs] [Times: user=0.00 sys=0.00, real=0.00 secs] 
2024-10-06T20:51:18.932+0300: 336.444: Total time for which application threads were stopped: 0.0015091 seconds, Stopping threads took: 0.0001377 seconds
2024-10-06T20:51:21.560+0300: 339.062: Application time: 2.6173146 seconds
2024-10-06T20:51:21.560+0300: 339.062: [GC (Allocation Failure) 2024-10-06T20:51:21.560+0300: 339.062: [ParNew: 247572K->2012K(276480K), 0.0011577 secs] 309138K->63579K(890880K), 0.0012370 secs] [Times: user=0.00 sys=0.00, real=0.00 secs] 
2024-10-06T20:51:21.560+0300: 339.063: Total time for which application threads were stopped: 0.0014689 seconds, Stopping threads took: 0.0001091 seconds
2024-10-06T20:51:23.578+0300: 341.074: Application time: 2.0112942 seconds
2024-10-06T20:51:23.578+0300: 341.075: Total time for which application threads were stopped: 0.0003201 seconds, Stopping threads took: 0.0002678 seconds
2024-10-06T20:51:24.205+0300: 341.708: Application time: 0.6333760 seconds
2024-10-06T20:51:24.205+0300: 341.708: [GC (Allocation Failure) 2024-10-06T20:51:24.205+0300: 341.708: [ParNew: 247514K->1816K(276480K), 0.0012646 secs] 309081K->63385K(890880K), 0.0013420 secs] [Times: user=0.03 sys=0.00, real=0.00 secs] 
2024-10-06T20:51:24.205+0300: 341.710: Total time for which application threads were stopped: 0.0016362 seconds, Stopping threads took: 0.0001692 seconds
2024-10-06T20:51:26.841+0300: 344.344: Application time: 2.6342577 seconds
2024-10-06T20:51:26.841+0300: 344.345: [GC (Allocation Failure) 2024-10-06T20:51:26.841+0300: 344.345: [ParNew: 247550K->2479K(276480K), 0.0011379 secs] 309118K->64049K(890880K), 0.0012218 secs] [Times: user=0.00 sys=0.00, real=0.00 secs] 
2024-10-06T20:51:26.841+0300: 344.346: Total time for which application threads were stopped: 0.0017710 seconds, Stopping threads took: 0.0004397 seconds
2024-10-06T20:51:29.463+0300: 346.964: Application time: 2.6178295 seconds
2024-10-06T20:51:29.463+0300: 346.964: [GC (Allocation Failure) 2024-10-06T20:51:29.463+0300: 346.964: [ParNew: 248239K->2479K(276480K), 0.0010970 secs] 309809K->64050K(890880K), 0.0011824 secs] [Times: user=0.00 sys=0.00, real=0.00 secs] 
2024-10-06T20:51:29.463+0300: 346.965: Total time for which application threads were stopped: 0.0014385 seconds, Stopping threads took: 0.0001462 seconds
2024-10-06T20:51:32.114+0300: 349.622: Application time: 2.6571496 seconds
2024-10-06T20:51:32.114+0300: 349.623: [GC (Allocation Failure) 2024-10-06T20:51:32.114+0300: 349.623: [ParNew: 248229K->1814K(276480K), 0.0012783 secs] 309801K->63387K(890880K), 0.0013897 secs] [Times: user=0.00 sys=0.00, real=0.00 secs] 
2024-10-06T20:51:32.114+0300: 349.624: Total time for which application threads were stopped: 0.0017066 seconds, Stopping threads took: 0.0001761 seconds
2024-10-06T20:51:34.750+0300: 352.253: Application time: 2.6295104 seconds
2024-10-06T20:51:34.750+0300: 352.254: [GC (Allocation Failure) 2024-10-06T20:51:34.750+0300: 352.254: [ParNew: 247574K->2208K(276480K), 0.0019740 secs] 309147K->63782K(890880K), 0.0021245 secs] [Times: user=0.00 sys=0.00, real=0.00 secs] 
2024-10-06T20:51:34.750+0300: 352.256: Total time for which application threads were stopped: 0.0024422 seconds, Stopping threads took: 0.0001829 seconds
2024-10-06T20:51:37.373+0300: 354.882: Application time: 2.6262863 seconds
2024-10-06T20:51:37.373+0300: 354.882: [GC (Allocation Failure) 2024-10-06T20:51:37.373+0300: 354.882: [ParNew: 247968K->1812K(276480K), 0.0011629 secs] 309542K->63388K(890880K), 0.0012383 secs] [Times: user=0.00 sys=0.00, real=0.00 secs] 
2024-10-06T20:51:37.373+0300: 354.884: Total time for which application threads were stopped: 0.0014702 seconds, Stopping threads took: 0.0001391 seconds
2024-10-06T20:51:40.324+0300: 357.824: Application time: 2.9406688 seconds
2024-10-06T20:51:40.324+0300: 357.825: [GC (Allocation Failure) 2024-10-06T20:51:40.324+0300: 357.825: [ParNew: 247572K->2012K(276480K), 0.0010343 secs] 309148K->63589K(890880K), 0.0011055 secs] [Times: user=0.00 sys=0.00, real=0.00 secs] 
2024-10-06T20:51:40.324+0300: 357.826: Total time for which application threads were stopped: 0.0013539 seconds, Stopping threads took: 0.0001569 seconds
2024-10-06T20:51:42.945+0300: 360.450: Application time: 2.6242638 seconds
2024-10-06T20:51:42.945+0300: 360.450: [GC (Allocation Failure) 2024-10-06T20:51:42.945+0300: 360.450: [ParNew: 247684K->1617K(276480K), 0.0008997 secs] 309261K->63195K(890880K), 0.0009968 secs] [Times: user=0.00 sys=0.00, real=0.00 secs] 
2024-10-06T20:51:42.945+0300: 360.451: Total time for which application threads were stopped: 0.0013645 seconds, Stopping threads took: 0.0002345 seconds
2024-10-06T20:51:45.566+0300: 363.072: Application time: 2.6208486 seconds
2024-10-06T20:51:45.566+0300: 363.072: [GC (Allocation Failure) 2024-10-06T20:51:45.566+0300: 363.072: [ParNew: 247349K->2210K(276480K), 0.0009956 secs] 308927K->63789K(890880K), 0.0010649 secs] [Times: user=0.00 sys=0.00, real=0.00 secs] 
2024-10-06T20:51:45.566+0300: 363.073: Total time for which application threads were stopped: 0.0012683 seconds, Stopping threads took: 0.0001191 seconds
2024-10-06T20:51:48.217+0300: 365.713: Application time: 2.6398434 seconds
2024-10-06T20:51:48.217+0300: 365.714: [GC (Allocation Failure) 2024-10-06T20:51:48.217+0300: 365.714: [ParNew: 247970K->2010K(276480K), 0.0008172 secs] 309549K->63591K(890880K), 0.0008975 secs] [Times: user=0.00 sys=0.00, real=0.00 secs] 
2024-10-06T20:51:48.217+0300: 365.715: Total time for which application threads were stopped: 0.0011888 seconds, Stopping threads took: 0.0001884 seconds
2024-10-06T20:51:50.855+0300: 368.356: Application time: 2.6410117 seconds
2024-10-06T20:51:50.855+0300: 368.356: [GC (Allocation Failure) 2024-10-06T20:51:50.855+0300: 368.356: [ParNew: 247757K->2012K(276480K), 0.0009852 secs] 309338K->63594K(890880K), 0.0010752 secs] [Times: user=0.00 sys=0.00, real=0.00 secs] 
2024-10-06T20:51:50.855+0300: 368.357: Total time for which application threads were stopped: 0.0013066 seconds, Stopping threads took: 0.0001142 seconds
2024-10-06T20:51:53.460+0300: 370.964: Application time: 2.6075022 seconds
2024-10-06T20:51:53.460+0300: 370.965: [GC (Allocation Failure) 2024-10-06T20:51:53.460+0300: 370.965: [ParNew: 247547K->2012K(276480K), 0.0010152 secs] 309129K->63596K(890880K), 0.0011752 secs] [Times: user=0.00 sys=0.00, real=0.00 secs] 
2024-10-06T20:51:53.460+0300: 370.966: Total time for which application threads were stopped: 0.0015421 seconds, Stopping threads took: 0.0001903 seconds
2024-10-06T20:51:56.112+0300: 373.610: Application time: 2.6445328 seconds
2024-10-06T20:51:56.112+0300: 373.611: [GC (Allocation Failure) 2024-10-06T20:51:56.112+0300: 373.611: [ParNew: 247644K->1814K(276480K), 0.0008161 secs] 309227K->63399K(890880K), 0.0008964 secs] [Times: user=0.00 sys=0.00, real=0.00 secs] 
2024-10-06T20:51:56.112+0300: 373.612: Total time for which application threads were stopped: 0.0011505 seconds, Stopping threads took: 0.0001527 seconds
2024-10-06T20:51:58.701+0300: 376.210: Application time: 2.5983550 seconds
2024-10-06T20:51:58.701+0300: 376.210: [GC (Allocation Failure) 2024-10-06T20:51:58.701+0300: 376.210: [ParNew: 247574K->1417K(276480K), 0.0011112 secs] 309159K->63003K(890880K), 0.0012287 secs] [Times: user=0.00 sys=0.00, real=0.00 secs] 
2024-10-06T20:51:58.701+0300: 376.211: Total time for which application threads were stopped: 0.0014889 seconds, Stopping threads took: 0.0001018 seconds
2024-10-06T20:52:01.328+0300: 378.829: Application time: 2.6171144 seconds
2024-10-06T20:52:01.328+0300: 378.829: [GC (Allocation Failure) 2024-10-06T20:52:01.328+0300: 378.829: [ParNew: 246966K->2210K(276480K), 0.0008398 secs] 308553K->63798K(890880K), 0.0009363 secs] [Times: user=0.00 sys=0.00, real=0.00 secs] 
2024-10-06T20:52:01.328+0300: 378.830: Total time for which application threads were stopped: 0.0012632 seconds, Stopping threads took: 0.0001987 seconds
2024-10-06T20:52:03.976+0300: 381.482: Application time: 2.6518973 seconds
2024-10-06T20:52:03.976+0300: 381.482: [GC (Allocation Failure) 2024-10-06T20:52:03.976+0300: 381.482: [ParNew: 247742K->1812K(276480K), 0.0008028 secs] 309330K->63401K(890880K), 0.0009090 secs] [Times: user=0.00 sys=0.00, real=0.00 secs] 
2024-10-06T20:52:03.976+0300: 381.483: Total time for which application threads were stopped: 0.0012432 seconds, Stopping threads took: 0.0002052 seconds
2024-10-06T20:52:06.588+0300: 384.085: Application time: 2.6020757 seconds
2024-10-06T20:52:06.588+0300: 384.085: [GC (Allocation Failure) 2024-10-06T20:52:06.588+0300: 384.085: [ParNew: 247572K->2020K(276480K), 0.0009070 secs] 309161K->63611K(890880K), 0.0009689 secs] [Times: user=0.00 sys=0.00, real=0.00 secs] 
2024-10-06T20:52:06.589+0300: 384.086: Total time for which application threads were stopped: 0.0011850 seconds, Stopping threads took: 0.0001276 seconds
2024-10-06T20:52:09.203+0300: 386.704: Application time: 2.6173895 seconds
2024-10-06T20:52:09.203+0300: 386.704: [GC (Allocation Failure) 2024-10-06T20:52:09.203+0300: 386.704: [ParNew: 247780K->2210K(276480K), 0.0009330 secs] 309371K->63802K(890880K), 0.0009957 secs] [Times: user=0.00 sys=0.00, real=0.00 secs] 
2024-10-06T20:52:09.203+0300: 386.705: Total time for which application threads were stopped: 0.0012467 seconds, Stopping threads took: 0.0001677 seconds
2024-10-06T20:52:11.837+0300: 389.345: Application time: 2.6401594 seconds
2024-10-06T20:52:11.837+0300: 389.345: [GC (Allocation Failure) 2024-10-06T20:52:11.837+0300: 389.345: [ParNew: 247970K->2010K(276480K), 0.0011574 secs] 309562K->63603K(890880K), 0.0012420 secs] [Times: user=0.00 sys=0.00, real=0.00 secs] 
2024-10-06T20:52:11.837+0300: 389.346: Total time for which application threads were stopped: 0.0014816 seconds, Stopping threads took: 0.0001340 seconds
2024-10-06T20:52:14.474+0300: 391.973: Application time: 2.6260544 seconds
2024-10-06T20:52:14.474+0300: 391.973: [GC (Allocation Failure) 2024-10-06T20:52:14.474+0300: 391.973: [ParNew: 247561K->1816K(276480K), 0.0009157 secs] 309154K->63411K(890880K), 0.0009805 secs] [Times: user=0.00 sys=0.00, real=0.00 secs] 
2024-10-06T20:52:14.474+0300: 391.974: Total time for which application threads were stopped: 0.0013252 seconds, Stopping threads took: 0.0002276 seconds
2024-10-06T20:52:17.110+0300: 394.606: Application time: 2.6325750 seconds
2024-10-06T20:52:17.110+0300: 394.607: [GC (Allocation Failure) 2024-10-06T20:52:17.110+0300: 394.607: [ParNew: 247481K->1814K(276480K), 0.0008435 secs] 309076K->63411K(890880K), 0.0009058 secs] [Times: user=0.00 sys=0.00, real=0.00 secs] 
2024-10-06T20:52:17.110+0300: 394.608: Total time for which application threads were stopped: 0.0012003 seconds, Stopping threads took: 0.0002068 seconds
2024-10-06T20:52:19.715+0300: 397.216: Application time: 2.6081829 seconds
2024-10-06T20:52:19.715+0300: 397.216: [GC (Allocation Failure) 2024-10-06T20:52:19.715+0300: 397.216: [ParNew: 247457K->2014K(276480K), 0.0008827 secs] 309053K->63612K(890880K), 0.0009499 secs] [Times: user=0.00 sys=0.00, real=0.00 secs] 
2024-10-06T20:52:19.715+0300: 397.217: Total time for which application threads were stopped: 0.0011676 seconds, Stopping threads took: 0.0001211 seconds
2024-10-06T20:52:22.335+0300: 399.842: Application time: 2.6247043 seconds
2024-10-06T20:52:22.335+0300: 399.842: [GC (Allocation Failure) 2024-10-06T20:52:22.335+0300: 399.842: [ParNew: 247674K->1807K(276480K), 0.0007712 secs] 309271K->63406K(890880K), 0.0008433 secs] [Times: user=0.00 sys=0.00, real=0.00 secs] 
2024-10-06T20:52:22.335+0300: 399.843: Total time for which application threads were stopped: 0.0010268 seconds, Stopping threads took: 0.0000917 seconds
2024-10-06T20:52:24.973+0300: 402.473: Application time: 2.6299238 seconds
2024-10-06T20:52:24.973+0300: 402.473: [GC (Allocation Failure) 2024-10-06T20:52:24.973+0300: 402.473: [ParNew: 247567K->2210K(276480K), 0.0008322 secs] 309166K->63810K(890880K), 0.0009254 secs] [Times: user=0.00 sys=0.00, real=0.00 secs] 
2024-10-06T20:52:24.973+0300: 402.474: Total time for which application threads were stopped: 0.0012165 seconds, Stopping threads took: 0.0001627 seconds
2024-10-06T20:52:27.594+0300: 405.105: Application time: 2.6308220 seconds
2024-10-06T20:52:27.594+0300: 405.105: [GC (Allocation Failure) 2024-10-06T20:52:27.594+0300: 405.105: [ParNew: 247970K->1615K(276480K), 0.0008597 secs] 309570K->63216K(890880K), 0.0009214 secs] [Times: user=0.00 sys=0.00, real=0.00 secs] 
2024-10-06T20:52:27.594+0300: 405.106: Total time for which application threads were stopped: 0.0011681 seconds, Stopping threads took: 0.0001501 seconds
2024-10-06T20:52:30.231+0300: 407.732: Application time: 2.6258619 seconds
2024-10-06T20:52:30.231+0300: 407.732: [GC (Allocation Failure) 2024-10-06T20:52:30.231+0300: 407.732: [ParNew: 247316K->1814K(276480K), 0.0007893 secs] 308917K->63417K(890880K), 0.0008742 secs] [Times: user=0.00 sys=0.00, real=0.00 secs] 
2024-10-06T20:52:30.231+0300: 407.733: Total time for which application threads were stopped: 0.0011237 seconds, Stopping threads took: 0.0001441 seconds
2024-10-06T20:52:32.867+0300: 410.374: Application time: 2.6407847 seconds
2024-10-06T20:52:32.867+0300: 410.374: [GC (Allocation Failure) 2024-10-06T20:52:32.867+0300: 410.374: [ParNew: 247574K->2282K(276480K), 0.0008723 secs] 309177K->63886K(890880K), 0.0009587 secs] [Times: user=0.00 sys=0.00, real=0.00 secs] 
2024-10-06T20:52:32.867+0300: 410.375: Total time for which application threads were stopped: 0.0011414 seconds, Stopping threads took: 0.0000806 seconds
2024-10-06T20:52:35.502+0300: 413.009: Application time: 2.6342071 seconds
2024-10-06T20:52:35.502+0300: 413.009: [GC (Allocation Failure) 2024-10-06T20:52:35.502+0300: 413.009: [ParNew: 248042K->1814K(276480K), 0.0008444 secs] 309646K->63420K(890880K), 0.0009097 secs] [Times: user=0.00 sys=0.00, real=0.00 secs] 
2024-10-06T20:52:35.502+0300: 413.010: Total time for which application threads were stopped: 0.0011442 seconds, Stopping threads took: 0.0001289 seconds
2024-10-06T20:52:38.123+0300: 415.628: Application time: 2.6182706 seconds
2024-10-06T20:52:38.123+0300: 415.629: [GC (Allocation Failure) 2024-10-06T20:52:38.123+0300: 415.629: [ParNew: 247480K->1812K(276480K), 0.0008024 secs] 309087K->63420K(890880K), 0.0008785 secs] [Times: user=0.00 sys=0.00, real=0.00 secs] 
2024-10-06T20:52:38.123+0300: 415.630: Total time for which application threads were stopped: 0.0011602 seconds, Stopping threads took: 0.0001696 seconds
2024-10-06T20:52:40.744+0300: 418.242: Application time: 2.6125361 seconds
2024-10-06T20:52:40.744+0300: 418.242: [GC (Allocation Failure) 2024-10-06T20:52:40.744+0300: 418.242: [ParNew: 247504K->2208K(276480K), 0.0008736 secs] 309111K->63816K(890880K), 0.0009339 secs] [Times: user=0.00 sys=0.00, real=0.00 secs] 
2024-10-06T20:52:40.744+0300: 418.243: Total time for which application threads were stopped: 0.0012224 seconds, Stopping threads took: 0.0001895 seconds
2024-10-06T20:52:43.396+0300: 420.895: Application time: 2.6515614 seconds
2024-10-06T20:52:43.396+0300: 420.895: [GC (Allocation Failure) 2024-10-06T20:52:43.396+0300: 420.895: [ParNew: 247836K->1814K(276480K), 0.0008481 secs] 309445K->63424K(890880K), 0.0009322 secs] [Times: user=0.00 sys=0.00, real=0.00 secs] 
2024-10-06T20:52:43.396+0300: 420.896: Total time for which application threads were stopped: 0.0012324 seconds, Stopping threads took: 0.0001777 seconds
2024-10-06T20:52:46.021+0300: 423.524: Application time: 2.6283058 seconds
2024-10-06T20:52:46.021+0300: 423.525: [GC (Allocation Failure) 2024-10-06T20:52:46.021+0300: 423.525: [ParNew: 247574K->1812K(276480K), 0.0008084 secs] 309184K->63424K(890880K), 0.0009121 secs] [Times: user=0.02 sys=0.00, real=0.00 secs] 
2024-10-06T20:52:46.021+0300: 423.526: Total time for which application threads were stopped: 0.0011482 seconds, Stopping threads took: 0.0001124 seconds
2024-10-06T20:52:48.655+0300: 426.160: Application time: 2.6342443 seconds
2024-10-06T20:52:48.655+0300: 426.160: [GC (Allocation Failure) 2024-10-06T20:52:48.655+0300: 426.160: [ParNew: 247572K->1812K(276480K), 0.0008278 secs] 309184K->63425K(890880K), 0.0009039 secs] [Times: user=0.00 sys=0.00, real=0.00 secs] 
2024-10-06T20:52:48.655+0300: 426.161: Total time for which application threads were stopped: 0.0011489 seconds, Stopping threads took: 0.0001548 seconds
2024-10-06T20:52:51.292+0300: 428.790: Application time: 2.6294621 seconds
2024-10-06T20:52:51.292+0300: 428.791: [GC (Allocation Failure) 2024-10-06T20:52:51.292+0300: 428.791: [ParNew: 247463K->1886K(276480K), 0.0007290 secs] 309076K->63500K(890880K), 0.0007958 secs] [Times: user=0.02 sys=0.00, real=0.00 secs] 
2024-10-06T20:52:51.292+0300: 428.792: Total time for which application threads were stopped: 0.0010414 seconds, Stopping threads took: 0.0001569 seconds
2024-10-06T20:52:53.897+0300: 431.405: Application time: 2.6132559 seconds
2024-10-06T20:52:53.897+0300: 431.405: [GC (Allocation Failure) 2024-10-06T20:52:53.897+0300: 431.405: [ParNew: 247646K->2282K(276480K), 0.0008469 secs] 309260K->63897K(890880K), 0.0009333 secs] [Times: user=0.00 sys=0.00, real=0.00 secs] 
2024-10-06T20:52:53.897+0300: 431.406: Total time for which application threads were stopped: 0.0012468 seconds, Stopping threads took: 0.0002009 seconds
2024-10-06T20:52:56.539+0300: 434.045: Application time: 2.6387327 seconds
2024-10-06T20:52:56.539+0300: 434.045: [GC (Allocation Failure) 2024-10-06T20:52:56.539+0300: 434.045: [ParNew: 247775K->2014K(276480K), 0.0008970 secs] 309390K->63631K(890880K), 0.0009607 secs] [Times: user=0.00 sys=0.00, real=0.00 secs] 
2024-10-06T20:52:56.539+0300: 434.046: Total time for which application threads were stopped: 0.0012132 seconds, Stopping threads took: 0.0001653 seconds
2024-10-06T20:52:59.170+0300: 436.671: Application time: 2.6249285 seconds
2024-10-06T20:52:59.170+0300: 436.671: [GC (Allocation Failure) 2024-10-06T20:52:59.170+0300: 436.671: [ParNew: 247774K->2084K(276480K), 0.0009020 secs] 309391K->63702K(890880K), 0.0009588 secs] [Times: user=0.00 sys=0.00, real=0.00 secs] 
2024-10-06T20:52:59.170+0300: 436.672: Total time for which application threads were stopped: 0.0012149 seconds, Stopping threads took: 0.0001719 seconds
2024-10-06T20:53:01.790+0300: 439.288: Application time: 2.6160405 seconds
2024-10-06T20:53:01.790+0300: 439.288: [GC (Allocation Failure) 2024-10-06T20:53:01.790+0300: 439.288: [ParNew: 247844K->2208K(276480K), 0.0008590 secs] 309462K->63828K(890880K), 0.0009412 secs] [Times: user=0.00 sys=0.00, real=0.00 secs] 
2024-10-06T20:53:01.790+0300: 439.289: Total time for which application threads were stopped: 0.0012083 seconds, Stopping threads took: 0.0001499 seconds
2024-10-06T20:53:04.429+0300: 441.939: Application time: 2.6499468 seconds
2024-10-06T20:53:04.429+0300: 441.940: [GC (Allocation Failure) 2024-10-06T20:53:04.429+0300: 441.940: [ParNew: 247965K->2014K(276480K), 0.0009273 secs] 309585K->63635K(890880K), 0.0009902 secs] [Times: user=0.00 sys=0.00, real=0.00 secs] 
2024-10-06T20:53:04.429+0300: 441.941: Total time for which application threads were stopped: 0.0011815 seconds, Stopping threads took: 0.0001088 seconds
2024-10-06T20:53:07.035+0300: 444.545: Application time: 2.6040155 seconds
2024-10-06T20:53:07.035+0300: 444.545: [GC (Allocation Failure) 2024-10-06T20:53:07.035+0300: 444.545: [ParNew: 247553K->2012K(276480K), 0.0008553 secs] 309174K->63635K(890880K), 0.0009544 secs] [Times: user=0.00 sys=0.00, real=0.00 secs] 
2024-10-06T20:53:07.035+0300: 444.546: Total time for which application threads were stopped: 0.0012415 seconds, Stopping threads took: 0.0001591 seconds
2024-10-06T20:53:09.671+0300: 447.169: Application time: 2.6234228 seconds
2024-10-06T20:53:09.671+0300: 447.169: [GC (Allocation Failure) 2024-10-06T20:53:09.671+0300: 447.169: [ParNew: 247679K->1814K(276480K), 0.0007929 secs] 309301K->63438K(890880K), 0.0008544 secs] [Times: user=0.00 sys=0.00, real=0.00 secs] 
2024-10-06T20:53:09.671+0300: 447.170: Total time for which application threads were stopped: 0.0011414 seconds, Stopping threads took: 0.0001945 seconds
2024-10-06T20:53:12.292+0300: 449.793: Application time: 2.6229115 seconds
2024-10-06T20:53:12.292+0300: 449.793: [GC (Allocation Failure) 2024-10-06T20:53:12.292+0300: 449.794: [ParNew: 247574K->2210K(276480K), 0.0009013 secs] 309198K->63835K(890880K), 0.0009938 secs] [Times: user=0.00 sys=0.00, real=0.00 secs] 
2024-10-06T20:53:12.292+0300: 449.795: Total time for which application threads were stopped: 0.0012518 seconds, Stopping threads took: 0.0001349 seconds
2024-10-06T20:53:14.929+0300: 452.429: Application time: 2.6347993 seconds
2024-10-06T20:53:14.929+0300: 452.430: [GC (Allocation Failure) 2024-10-06T20:53:14.929+0300: 452.430: [ParNew: 247798K->1617K(276480K), 0.0008722 secs] 309423K->63243K(890880K), 0.0009682 secs] [Times: user=0.00 sys=0.00, real=0.00 secs] 
2024-10-06T20:53:14.929+0300: 452.431: Total time for which application threads were stopped: 0.0011988 seconds, Stopping threads took: 0.0000939 seconds
2024-10-06T20:53:17.534+0300: 455.046: Application time: 2.6151142 seconds
2024-10-06T20:53:17.534+0300: 455.046: [GC (Allocation Failure) 2024-10-06T20:53:17.534+0300: 455.046: [ParNew: 247377K->1814K(276480K), 0.0010595 secs] 309003K->63442K(890880K), 0.0011270 secs] [Times: user=0.02 sys=0.00, real=0.02 secs] 
2024-10-06T20:53:17.550+0300: 455.047: Total time for which application threads were stopped: 0.0013864 seconds, Stopping threads took: 0.0001655 seconds
2024-10-06T20:53:20.156+0300: 457.666: Application time: 2.6190488 seconds
2024-10-06T20:53:20.156+0300: 457.666: [GC (Allocation Failure) 2024-10-06T20:53:20.156+0300: 457.666: [ParNew: 247574K->2210K(276480K), 0.0008700 secs] 309202K->63839K(890880K), 0.0009584 secs] [Times: user=0.00 sys=0.00, real=0.00 secs] 
2024-10-06T20:53:20.156+0300: 457.667: Total time for which application threads were stopped: 0.0011964 seconds, Stopping threads took: 0.0001356 seconds
2024-10-06T20:53:22.793+0300: 460.296: Application time: 2.6290176 seconds
2024-10-06T20:53:22.793+0300: 460.296: [GC (Allocation Failure) 2024-10-06T20:53:22.793+0300: 460.297: [ParNew: 247970K->1814K(276480K), 0.0008461 secs] 309599K->63445K(890880K), 0.0009146 secs] [Times: user=0.00 sys=0.00, real=0.00 secs] 
2024-10-06T20:53:22.793+0300: 460.297: Total time for which application threads were stopped: 0.0011313 seconds, Stopping threads took: 0.0001288 seconds
2024-10-06T20:53:25.429+0300: 462.935: Application time: 2.6377871 seconds
2024-10-06T20:53:25.429+0300: 462.935: [GC (Allocation Failure) 2024-10-06T20:53:25.429+0300: 462.936: [ParNew: 247574K->2010K(276480K), 0.0010372 secs] 309205K->63642K(890880K), 0.0011085 secs] [Times: user=0.00 sys=0.00, real=0.00 secs] 
2024-10-06T20:53:25.429+0300: 462.937: Total time for which application threads were stopped: 0.0013929 seconds, Stopping threads took: 0.0001851 seconds
2024-10-06T20:53:28.050+0300: 465.558: Application time: 2.6209739 seconds
2024-10-06T20:53:28.050+0300: 465.558: [GC (Allocation Failure) 2024-10-06T20:53:28.050+0300: 465.558: [ParNew: 247770K->2282K(276480K), 0.0009575 secs] 309402K->63915K(890880K), 0.0010159 secs] [Times: user=0.00 sys=0.00, real=0.00 secs] 
2024-10-06T20:53:28.050+0300: 465.559: Total time for which application threads were stopped: 0.0012548 seconds, Stopping threads took: 0.0001545 seconds
2024-10-06T20:53:30.703+0300: 468.202: Application time: 2.6430892 seconds
2024-10-06T20:53:30.703+0300: 468.202: [GC (Allocation Failure) 2024-10-06T20:53:30.703+0300: 468.202: [ParNew: 248014K->1751K(276480K), 0.0008747 secs] 309648K->63386K(890880K), 0.0009629 secs] [Times: user=0.00 sys=0.00, real=0.00 secs] 
2024-10-06T20:53:30.703+0300: 468.203: Total time for which application threads were stopped: 0.0012103 seconds, Stopping threads took: 0.0001472 seconds
2024-10-06T20:53:33.308+0300: 470.815: Application time: 2.6122223 seconds
2024-10-06T20:53:33.308+0300: 470.816: [GC (Allocation Failure) 2024-10-06T20:53:33.308+0300: 470.816: [ParNew: 247511K->1810K(276480K), 0.0008642 secs] 309146K->63447K(890880K), 0.0009691 secs] [Times: user=0.02 sys=0.00, real=0.00 secs] 
2024-10-06T20:53:33.308+0300: 470.817: Total time for which application threads were stopped: 0.0013383 seconds, Stopping threads took: 0.0002296 seconds
2024-10-06T20:53:35.929+0300: 473.436: Application time: 2.6192583 seconds
2024-10-06T20:53:35.929+0300: 473.436: [GC (Allocation Failure) 2024-10-06T20:53:35.929+0300: 473.436: [ParNew: 247570K->2012K(276480K), 0.0008940 secs] 309207K->63650K(890880K), 0.0010230 secs] [Times: user=0.00 sys=0.00, real=0.00 secs] 
2024-10-06T20:53:35.929+0300: 473.437: Total time for which application threads were stopped: 0.0013472 seconds, Stopping threads took: 0.0001549 seconds
2024-10-06T20:53:38.564+0300: 476.066: Application time: 2.6284852 seconds
2024-10-06T20:53:38.564+0300: 476.066: [GC (Allocation Failure) 2024-10-06T20:53:38.564+0300: 476.066: [ParNew: 247765K->2145K(276480K), 0.0008800 secs] 309403K->63784K(890880K), 0.0009867 secs] [Times: user=0.00 sys=0.00, real=0.00 secs] 
2024-10-06T20:53:38.564+0300: 476.067: Total time for which application threads were stopped: 0.0013091 seconds, Stopping threads took: 0.0001923 seconds
2024-10-06T20:53:41.169+0300: 478.680: Application time: 2.6126123 seconds
2024-10-06T20:53:41.169+0300: 478.680: [GC (Allocation Failure) 2024-10-06T20:53:41.169+0300: 478.680: [ParNew: 247852K->1410K(276480K), 0.0007336 secs] 309492K->63051K(890880K), 0.0007945 secs] [Times: user=0.00 sys=0.00, real=0.00 secs] 
2024-10-06T20:53:41.169+0300: 478.681: Total time for which application threads were stopped: 0.0013234 seconds, Stopping threads took: 0.0004438 seconds
2024-10-06T20:53:43.806+0300: 481.310: Application time: 2.6285837 seconds
2024-10-06T20:53:43.806+0300: 481.310: [GC (Allocation Failure) 2024-10-06T20:53:43.806+0300: 481.310: [ParNew: 247170K->2012K(276480K), 0.0009384 secs] 308811K->63654K(890880K), 0.0010012 secs] [Times: user=0.00 sys=0.00, real=0.00 secs] 
2024-10-06T20:53:43.806+0300: 481.311: Total time for which application threads were stopped: 0.0012593 seconds, Stopping threads took: 0.0001711 seconds
2024-10-06T20:53:46.413+0300: 483.924: Application time: 2.6135823 seconds
2024-10-06T20:53:46.413+0300: 483.925: [GC (Allocation Failure) 2024-10-06T20:53:46.413+0300: 483.925: [ParNew: 247546K->1812K(276480K), 0.0010310 secs] 309189K->63456K(890880K), 0.0011418 secs] [Times: user=0.02 sys=0.00, real=0.02 secs] 
2024-10-06T20:53:46.429+0300: 483.926: Total time for which application threads were stopped: 0.0014497 seconds, Stopping threads took: 0.0002034 seconds
2024-10-06T20:53:49.081+0300: 486.582: Application time: 2.6555871 seconds
2024-10-06T20:53:49.081+0300: 486.582: [GC (Allocation Failure) 2024-10-06T20:53:49.081+0300: 486.582: [ParNew: 247572K->1679K(276480K), 0.0007881 secs] 309216K->63324K(890880K), 0.0008509 secs] [Times: user=0.00 sys=0.00, real=0.00 secs] 
2024-10-06T20:53:49.081+0300: 486.583: Total time for which application threads were stopped: 0.0011893 seconds, Stopping threads took: 0.0002377 seconds
2024-10-06T20:53:51.703+0300: 489.204: Application time: 2.6208543 seconds
2024-10-06T20:53:51.703+0300: 489.204: [GC (Allocation Failure) 2024-10-06T20:53:51.703+0300: 489.204: [ParNew: 247389K->2084K(276480K), 0.0009262 secs] 309034K->63730K(890880K), 0.0009940 secs] [Times: user=0.00 sys=0.00, real=0.00 secs] 
2024-10-06T20:53:51.703+0300: 489.205: Total time for which application threads were stopped: 0.0012525 seconds, Stopping threads took: 0.0001627 seconds
2024-10-06T20:53:54.324+0300: 491.830: Application time: 2.6246986 seconds
2024-10-06T20:53:54.324+0300: 491.830: [GC (Allocation Failure) 2024-10-06T20:53:54.324+0300: 491.830: [ParNew: 247746K->2279K(276480K), 0.0009534 secs] 309392K->63927K(890880K), 0.0010930 secs] [Times: user=0.00 sys=0.00, real=0.00 secs] 
2024-10-06T20:53:54.324+0300: 491.831: Total time for which application threads were stopped: 0.0014694 seconds, Stopping threads took: 0.0001858 seconds
2024-10-06T20:53:56.975+0300: 494.478: Application time: 2.6473463 seconds
2024-10-06T20:53:56.975+0300: 494.479: [GC (Allocation Failure) 2024-10-06T20:53:56.975+0300: 494.479: [ParNew: 248023K->2084K(276480K), 0.0009889 secs] 309670K->63733K(890880K), 0.0010613 secs] [Times: user=0.00 sys=0.00, real=0.00 secs] 
2024-10-06T20:53:56.975+0300: 494.480: Total time for which application threads were stopped: 0.0013486 seconds, Stopping threads took: 0.0001809 seconds
2024-10-06T20:53:59.597+0300: 497.105: Application time: 2.6254203 seconds
2024-10-06T20:53:59.597+0300: 497.105: [GC (Allocation Failure) 2024-10-06T20:53:59.597+0300: 497.105: [ParNew: 247680K->1617K(276480K), 0.0008864 secs] 309329K->63267K(890880K), 0.0009526 secs] [Times: user=0.00 sys=0.00, real=0.00 secs] 
2024-10-06T20:53:59.597+0300: 497.106: Total time for which application threads were stopped: 0.0012731 seconds, Stopping threads took: 0.0002200 seconds
2024-10-06T20:54:01.167+0300: 498.677: Application time: 1.5705534 seconds
2024-10-06T20:54:01.167+0300: 498.677: Total time for which application threads were stopped: 0.0002507 seconds, Stopping threads took: 0.0001864 seconds
2024-10-06T20:54:01.466+0300: 498.965: Application time: 0.2878207 seconds
2024-10-06T20:54:01.466+0300: 498.965: Total time for which application threads were stopped: 0.0001859 seconds, Stopping threads took: 0.0001490 seconds
2024-10-06T20:54:01.528+0300: 499.031: Application time: 0.0659715 seconds
2024-10-06T20:54:01.528+0300: 499.031: Total time for which application threads were stopped: 0.0001751 seconds, Stopping threads took: 0.0001262 seconds
2024-10-06T20:54:01.764+0300: 499.266: Application time: 0.2351025 seconds
2024-10-06T20:54:01.779+0300: 499.276: Total time for which application threads were stopped: 0.0093458 seconds, Stopping threads took: 0.0092779 seconds
2024-10-06T20:54:02.438+0300: 499.938: Application time: 0.6620751 seconds
2024-10-06T20:54:02.438+0300: 499.938: [GC (Allocation Failure) 2024-10-06T20:54:02.438+0300: 499.938: [ParNew: 247377K->2014K(276480K), 0.0008702 secs] 309027K->63666K(890880K), 0.0009336 secs] [Times: user=0.00 sys=0.00, real=0.00 secs] 
2024-10-06T20:54:02.438+0300: 499.939: Total time for which application threads were stopped: 0.0011946 seconds, Stopping threads took: 0.0001740 seconds
2024-10-06T20:54:04.980+0300: 502.487: Application time: 2.5474489 seconds
2024-10-06T20:54:04.980+0300: 502.487: [GC (Allocation Failure) 2024-10-06T20:54:04.980+0300: 502.487: [ParNew: 247774K->2483K(276480K), 0.0009656 secs] 309426K->64136K(890880K), 0.0010624 secs] [Times: user=0.00 sys=0.00, real=0.00 secs] 
2024-10-06T20:54:04.980+0300: 502.488: Total time for which application threads were stopped: 0.0015154 seconds, Stopping threads took: 0.0003322 seconds
2024-10-06T20:54:07.632+0300: 505.133: Application time: 2.6449571 seconds
2024-10-06T20:54:07.632+0300: 505.133: [GC (Allocation Failure) 2024-10-06T20:54:07.632+0300: 505.133: [ParNew: 248243K->1756K(276480K), 0.0008741 secs] 309896K->63410K(890880K), 0.0009406 secs] [Times: user=0.00 sys=0.00, real=0.00 secs] 
2024-10-06T20:54:07.632+0300: 505.134: Total time for which application threads were stopped: 0.0012102 seconds, Stopping threads took: 0.0001772 seconds
2024-10-06T20:54:10.284+0300: 507.795: Application time: 2.6608346 seconds
2024-10-06T20:54:10.284+0300: 507.795: [GC (Allocation Failure) 2024-10-06T20:54:10.284+0300: 507.795: [ParNew: 247516K->1621K(276480K), 0.0008404 secs] 309170K->63277K(890880K), 0.0009064 secs] [Times: user=0.02 sys=0.00, real=0.02 secs] 
2024-10-06T20:54:10.299+0300: 507.796: Total time for which application threads were stopped: 0.0011665 seconds, Stopping threads took: 0.0001697 seconds
2024-10-06T20:54:12.888+0300: 510.390: Application time: 2.5938941 seconds
2024-10-06T20:54:12.888+0300: 510.390: [GC (Allocation Failure) 2024-10-06T20:54:12.888+0300: 510.390: [ParNew: 247381K->1816K(276480K), 0.0008922 secs] 309037K->63474K(890880K), 0.0009748 secs] [Times: user=0.00 sys=0.00, real=0.00 secs] 
2024-10-06T20:54:12.888+0300: 510.391: Total time for which application threads were stopped: 0.0012014 seconds, Stopping threads took: 0.0001109 seconds
2024-10-06T20:54:15.494+0300: 513.005: Application time: 2.6132633 seconds
2024-10-06T20:54:15.494+0300: 513.005: [GC (Allocation Failure) 2024-10-06T20:54:15.494+0300: 513.005: [ParNew: 247576K->2287K(276480K), 0.0010218 secs] 309234K->63946K(890880K), 0.0011125 secs] [Times: user=0.01 sys=0.00, real=0.00 secs] 
2024-10-06T20:54:15.494+0300: 513.006: Total time for which application threads were stopped: 0.0013731 seconds, Stopping threads took: 0.0001235 seconds
2024-10-06T20:54:18.116+0300: 515.616: Application time: 2.6096547 seconds
2024-10-06T20:54:18.116+0300: 515.616: [GC (Allocation Failure) 2024-10-06T20:54:18.116+0300: 515.616: [ParNew: 248047K->2210K(276480K), 0.0008543 secs] 309706K->63874K(890880K), 0.0009342 secs] [Times: user=0.00 sys=0.00, real=0.00 secs] 
2024-10-06T20:54:18.116+0300: 515.617: Total time for which application threads were stopped: 0.0012305 seconds, Stopping threads took: 0.0001721 seconds
2024-10-06T20:54:20.752+0300: 518.250: Application time: 2.6330092 seconds
2024-10-06T20:54:20.752+0300: 518.250: [GC (Allocation Failure) 2024-10-06T20:54:20.752+0300: 518.250: [ParNew: 247912K->2012K(276480K), 0.0008440 secs] 309577K->63678K(890880K), 0.0009073 secs] [Times: user=0.00 sys=0.00, real=0.00 secs] 
2024-10-06T20:54:20.752+0300: 518.251: Total time for which application threads were stopped: 0.0011390 seconds, Stopping threads took: 0.0001293 seconds
2024-10-06T20:54:23.405+0300: 520.904: Application time: 2.6533088 seconds
2024-10-06T20:54:23.405+0300: 520.905: [GC (Allocation Failure) 2024-10-06T20:54:23.405+0300: 520.905: [ParNew: 247706K->1615K(276480K), 0.0009411 secs] 309372K->63282K(890880K), 0.0010386 secs] [Times: user=0.00 sys=0.00, real=0.00 secs] 
2024-10-06T20:54:23.405+0300: 520.906: Total time for which application threads were stopped: 0.0013599 seconds, Stopping threads took: 0.0001984 seconds
2024-10-06T20:54:25.995+0300: 523.502: Application time: 2.5959586 seconds
2024-10-06T20:54:25.995+0300: 523.502: [GC (Allocation Failure) 2024-10-06T20:54:25.995+0300: 523.502: [ParNew: 247375K->2210K(276480K), 0.0008643 secs] 309042K->63878K(890880K), 0.0009695 secs] [Times: user=0.00 sys=0.00, real=0.01 secs] 
2024-10-06T20:54:26.006+0300: 523.503: Total time for which application threads were stopped: 0.0012374 seconds, Stopping threads took: 0.0001431 seconds
2024-10-06T20:54:28.647+0300: 526.154: Application time: 2.6510748 seconds
2024-10-06T20:54:28.647+0300: 526.154: [GC (Allocation Failure) 2024-10-06T20:54:28.647+0300: 526.154: [ParNew: 247970K->1814K(276480K), 0.0008771 secs] 309638K->63484K(890880K), 0.0009521 secs] [Times: user=0.00 sys=0.00, real=0.00 secs] 
2024-10-06T20:54:28.647+0300: 526.155: Total time for which application threads were stopped: 0.0012640 seconds, Stopping threads took: 0.0002109 seconds
2024-10-06T20:54:31.267+0300: 528.773: Application time: 2.6173531 seconds
2024-10-06T20:54:31.267+0300: 528.773: [GC (Allocation Failure) 2024-10-06T20:54:31.267+0300: 528.773: [ParNew: 247574K->2282K(276480K), 0.0008581 secs] 309244K->63953K(890880K), 0.0009443 secs] [Times: user=0.02 sys=0.00, real=0.00 secs] 
2024-10-06T20:54:31.267+0300: 528.774: Total time for which application threads were stopped: 0.0011945 seconds, Stopping threads took: 0.0001452 seconds
2024-10-06T20:54:33.874+0300: 531.376: Application time: 2.6020179 seconds
2024-10-06T20:54:33.874+0300: 531.376: [GC (Allocation Failure) 2024-10-06T20:54:33.874+0300: 531.376: [ParNew: 247961K->2208K(276480K), 0.0008913 secs] 309633K->63881K(890880K), 0.0009881 secs] [Times: user=0.00 sys=0.00, real=0.00 secs] 
2024-10-06T20:54:33.874+0300: 531.377: Total time for which application threads were stopped: 0.0012536 seconds, Stopping threads took: 0.0001426 seconds
2024-10-06T20:54:36.527+0300: 534.026: Application time: 2.6490826 seconds
2024-10-06T20:54:36.527+0300: 534.026: [GC (Allocation Failure) 2024-10-06T20:54:36.527+0300: 534.026: [ParNew: 247968K->2012K(276480K), 0.0008135 secs] 309641K->63686K(890880K), 0.0008956 secs] [Times: user=0.00 sys=0.00, real=0.00 secs] 
2024-10-06T20:54:36.527+0300: 534.027: Total time for which application threads were stopped: 0.0011796 seconds, Stopping threads took: 0.0001760 seconds
2024-10-06T20:54:39.117+0300: 536.626: Application time: 2.5987647 seconds
2024-10-06T20:54:39.130+0300: 536.626: [GC (Allocation Failure) 2024-10-06T20:54:39.130+0300: 536.627: [ParNew: 247596K->1617K(276480K), 0.0008500 secs] 309270K->63292K(890880K), 0.0009370 secs] [Times: user=0.00 sys=0.00, real=0.00 secs] 
2024-10-06T20:54:39.130+0300: 536.627: Total time for which application threads were stopped: 0.0013271 seconds, Stopping threads took: 0.0002349 seconds
2024-10-06T20:54:41.759+0300: 539.265: Application time: 2.6370820 seconds
2024-10-06T20:54:41.759+0300: 539.265: [GC (Allocation Failure) 2024-10-06T20:54:41.759+0300: 539.265: [ParNew: 247377K->1812K(276480K), 0.0009093 secs] 309052K->63489K(890880K), 0.0009775 secs] [Times: user=0.00 sys=0.00, real=0.00 secs] 
2024-10-06T20:54:41.759+0300: 539.266: Total time for which application threads were stopped: 0.0012819 seconds, Stopping threads took: 0.0002051 seconds
2024-10-06T20:54:44.374+0300: 541.878: Application time: 2.6120260 seconds
2024-10-06T20:54:44.374+0300: 541.878: [GC (Allocation Failure) 2024-10-06T20:54:44.374+0300: 541.878: [ParNew: 247572K->2010K(276480K), 0.0009129 secs] 309249K->63688K(890880K), 0.0010047 secs] [Times: user=0.00 sys=0.00, real=0.00 secs] 
2024-10-06T20:54:44.374+0300: 541.879: Total time for which application threads were stopped: 0.0012490 seconds, Stopping threads took: 0.0001249 seconds
2024-10-06T20:54:46.979+0300: 544.490: Application time: 2.6110668 seconds
2024-10-06T20:54:46.979+0300: 544.490: [GC (Allocation Failure) 2024-10-06T20:54:46.979+0300: 544.491: [ParNew: 247770K->1814K(276480K), 0.0011511 secs] 309448K->63494K(890880K), 0.0012545 secs] [Times: user=0.02 sys=0.00, real=0.01 secs] 
2024-10-06T20:54:46.994+0300: 544.492: Total time for which application threads were stopped: 0.0016193 seconds, Stopping threads took: 0.0002273 seconds
2024-10-06T20:54:49.631+0300: 547.137: Application time: 2.6456792 seconds
2024-10-06T20:54:49.631+0300: 547.138: [GC (Allocation Failure) 2024-10-06T20:54:49.631+0300: 547.138: [ParNew: 247574K->1615K(276480K), 0.0008782 secs] 309254K->63296K(890880K), 0.0009493 secs] [Times: user=0.00 sys=0.00, real=0.00 secs] 
2024-10-06T20:54:49.631+0300: 547.139: Total time for which application threads were stopped: 0.0011575 seconds, Stopping threads took: 0.0001240 seconds
2024-10-06T20:54:52.236+0300: 549.740: Application time: 2.6013996 seconds
2024-10-06T20:54:52.236+0300: 549.740: [GC (Allocation Failure) 2024-10-06T20:54:52.236+0300: 549.740: [ParNew: 247335K->2282K(276480K), 0.0009714 secs] 309016K->63964K(890880K), 0.0011063 secs] [Times: user=0.02 sys=0.00, real=0.00 secs] 
2024-10-06T20:54:52.236+0300: 549.741: Total time for which application threads were stopped: 0.0013637 seconds, Stopping threads took: 0.0001373 seconds
2024-10-06T20:54:54.872+0300: 552.373: Application time: 2.6319487 seconds
2024-10-06T20:54:54.872+0300: 552.374: [GC (Allocation Failure) 2024-10-06T20:54:54.872+0300: 552.374: [ParNew: 247786K->2010K(276480K), 0.0008709 secs] 309469K->63694K(890880K), 0.0009620 secs] [Times: user=0.00 sys=0.00, real=0.00 secs] 
2024-10-06T20:54:54.872+0300: 552.375: Total time for which application threads were stopped: 0.0012097 seconds, Stopping threads took: 0.0001336 seconds
2024-10-06T20:54:57.494+0300: 555.000: Application time: 2.6254571 seconds
2024-10-06T20:54:57.494+0300: 555.000: [GC (Allocation Failure) 2024-10-06T20:54:57.494+0300: 555.000: [ParNew: 247738K->1608K(276480K), 0.0007677 secs] 309422K->63293K(890880K), 0.0008388 secs] [Times: user=0.00 sys=0.00, real=0.00 secs] 
2024-10-06T20:54:57.494+0300: 555.001: Total time for which application threads were stopped: 0.0012917 seconds, Stopping threads took: 0.0003596 seconds
2024-10-06T20:55:00.115+0300: 557.620: Application time: 2.6187588 seconds
2024-10-06T20:55:00.115+0300: 557.620: [GC (Allocation Failure) 2024-10-06T20:55:00.115+0300: 557.620: [ParNew: 247101K->2014K(276480K), 0.0009035 secs] 308786K->63701K(890880K), 0.0010340 secs] [Times: user=0.00 sys=0.00, real=0.00 secs] 
2024-10-06T20:55:00.115+0300: 557.621: Total time for which application threads were stopped: 0.0013188 seconds, Stopping threads took: 0.0001554 seconds
2024-10-06T20:55:02.799+0300: 560.298: Application time: 2.6767453 seconds
2024-10-06T20:55:02.799+0300: 560.298: [GC (Allocation Failure) 2024-10-06T20:55:02.799+0300: 560.298: [ParNew: 247774K->1617K(276480K), 0.0008579 secs] 309461K->63305K(890880K), 0.0009444 secs] [Times: user=0.00 sys=0.00, real=0.00 secs] 
2024-10-06T20:55:02.799+0300: 560.299: Total time for which application threads were stopped: 0.0012115 seconds, Stopping threads took: 0.0001539 seconds
2024-10-06T20:55:05.404+0300: 562.908: Application time: 2.6086424 seconds
2024-10-06T20:55:05.404+0300: 562.908: [GC (Allocation Failure) 2024-10-06T20:55:05.404+0300: 562.908: [ParNew: 247377K->2012K(276480K), 0.0007966 secs] 309065K->63702K(890880K), 0.0008634 secs] [Times: user=0.00 sys=0.00, real=0.00 secs] 
2024-10-06T20:55:05.404+0300: 562.909: Total time for which application threads were stopped: 0.0010923 seconds, Stopping threads took: 0.0001324 seconds
2024-10-06T20:55:08.055+0300: 565.553: Application time: 2.6437119 seconds
2024-10-06T20:55:08.055+0300: 565.553: [GC (Allocation Failure) 2024-10-06T20:55:08.055+0300: 565.553: [ParNew: 247596K->2012K(276480K), 0.0008463 secs] 309286K->63703K(890880K), 0.0009397 secs] [Times: user=0.02 sys=0.00, real=0.00 secs] 
2024-10-06T20:55:08.055+0300: 565.554: Total time for which application threads were stopped: 0.0015711 seconds, Stopping threads took: 0.0005157 seconds
2024-10-06T20:55:10.708+0300: 568.208: Application time: 2.6536425 seconds
2024-10-06T20:55:10.708+0300: 568.208: [GC (Allocation Failure) 2024-10-06T20:55:10.708+0300: 568.208: [ParNew: 247548K->1617K(276480K), 0.0007735 secs] 309239K->63309K(890880K), 0.0008304 secs] [Times: user=0.00 sys=0.00, real=0.00 secs] 
2024-10-06T20:55:10.708+0300: 568.209: Total time for which application threads were stopped: 0.0010561 seconds, Stopping threads took: 0.0001462 seconds
2024-10-06T20:55:13.314+0300: 570.815: Application time: 2.6059166 seconds
2024-10-06T20:55:13.314+0300: 570.815: [GC (Allocation Failure) 2024-10-06T20:55:13.314+0300: 570.815: [ParNew: 247377K->1615K(276480K), 0.0008364 secs] 309069K->63308K(890880K), 0.0009404 secs] [Times: user=0.00 sys=0.00, real=0.00 secs] 
2024-10-06T20:55:13.314+0300: 570.816: Total time for which application threads were stopped: 0.0012515 seconds, Stopping threads took: 0.0001880 seconds
2024-10-06T20:55:15.965+0300: 573.467: Application time: 2.6509781 seconds
2024-10-06T20:55:15.965+0300: 573.467: [GC (Allocation Failure) 2024-10-06T20:55:15.965+0300: 573.468: [ParNew: 247280K->1688K(276480K), 0.0008627 secs] 308974K->63384K(890880K), 0.0009374 secs] [Times: user=0.00 sys=0.00, real=0.00 secs] 
2024-10-06T20:55:15.965+0300: 573.468: Total time for which application threads were stopped: 0.0011980 seconds, Stopping threads took: 0.0001549 seconds
2024-10-06T20:55:18.555+0300: 576.061: Application time: 2.5923724 seconds
2024-10-06T20:55:18.555+0300: 576.061: [GC (Allocation Failure) 2024-10-06T20:55:18.555+0300: 576.061: [ParNew: 247206K->1810K(276480K), 0.0009134 secs] 308901K->63507K(890880K), 0.0009784 secs] [Times: user=0.00 sys=0.00, real=0.00 secs] 
2024-10-06T20:55:18.555+0300: 576.062: Total time for which application threads were stopped: 0.0012237 seconds, Stopping threads took: 0.0001503 seconds
2024-10-06T20:55:21.205+0300: 578.705: Application time: 2.6433149 seconds
2024-10-06T20:55:21.205+0300: 578.706: [GC (Allocation Failure) 2024-10-06T20:55:21.205+0300: 578.706: [ParNew: 247570K->2012K(276480K), 0.0008677 secs] 309267K->63710K(890880K), 0.0009619 secs] [Times: user=0.00 sys=0.00, real=0.00 secs] 
2024-10-06T20:55:21.205+0300: 578.707: Total time for which application threads were stopped: 0.0012047 seconds, Stopping threads took: 0.0001128 seconds
2024-10-06T20:55:23.827+0300: 581.328: Application time: 2.6218122 seconds
2024-10-06T20:55:23.827+0300: 581.329: [GC (Allocation Failure) 2024-10-06T20:55:23.827+0300: 581.329: [ParNew: 247653K->1814K(276480K), 0.0008147 secs] 309351K->63514K(890880K), 0.0009000 secs] [Times: user=0.00 sys=0.00, real=0.00 secs] 
2024-10-06T20:55:23.827+0300: 581.330: Total time for which application threads were stopped: 0.0011641 seconds, Stopping threads took: 0.0001453 seconds
2024-10-06T20:55:26.448+0300: 583.956: Application time: 2.6267231 seconds
2024-10-06T20:55:26.448+0300: 583.957: [GC (Allocation Failure) 2024-10-06T20:55:26.448+0300: 583.957: [ParNew: 247574K->1617K(276480K), 0.0009146 secs] 309274K->63317K(890880K), 0.0009854 secs] [Times: user=0.00 sys=0.00, real=0.00 secs] 
2024-10-06T20:55:26.448+0300: 583.958: Total time for which application threads were stopped: 0.0013645 seconds, Stopping threads took: 0.0002859 seconds
2024-10-06T20:55:29.100+0300: 586.607: Application time: 2.6495222 seconds
2024-10-06T20:55:29.100+0300: 586.607: [GC (Allocation Failure) 2024-10-06T20:55:29.100+0300: 586.607: [ParNew: 247377K->1812K(276480K), 0.0008545 secs] 309077K->63514K(890880K), 0.0009138 secs] [Times: user=0.00 sys=0.00, real=0.01 secs] 
2024-10-06T20:55:29.112+0300: 586.608: Total time for which application threads were stopped: 0.0011573 seconds, Stopping threads took: 0.0001568 seconds
2024-10-06T20:55:31.705+0300: 589.203: Application time: 2.5945042 seconds
2024-10-06T20:55:31.705+0300: 589.203: [GC (Allocation Failure) 2024-10-06T20:55:31.705+0300: 589.203: [ParNew: 247572K->2210K(276480K), 0.0008821 secs] 309274K->63913K(890880K), 0.0009665 secs] [Times: user=0.00 sys=0.00, real=0.00 secs] 
2024-10-06T20:55:31.705+0300: 589.204: Total time for which application threads were stopped: 0.0012191 seconds, Stopping threads took: 0.0001541 seconds
2024-10-06T20:55:34.341+0300: 591.846: Application time: 2.6418914 seconds
2024-10-06T20:55:34.341+0300: 591.846: [GC (Allocation Failure) 2024-10-06T20:55:34.341+0300: 591.846: [ParNew: 247909K->2210K(276480K), 0.0009752 secs] 309613K->63915K(890880K), 0.0010560 secs] [Times: user=0.00 sys=0.00, real=0.01 secs] 
2024-10-06T20:55:34.350+0300: 591.847: Total time for which application threads were stopped: 0.0013071 seconds, Stopping threads took: 0.0001460 seconds
2024-10-06T20:55:35.362+0300: 592.858: Application time: 1.0111700 seconds
2024-10-06T20:55:35.362+0300: 592.859: Total time for which application threads were stopped: 0.0002393 seconds, Stopping threads took: 0.0001829 seconds
2024-10-06T20:55:36.978+0300: 594.477: Application time: 1.6181326 seconds
2024-10-06T20:55:36.978+0300: 594.477: [GC (Allocation Failure) 2024-10-06T20:55:36.978+0300: 594.477: [ParNew: 247905K->1617K(276480K), 0.0008798 secs] 309610K->63323K(890880K), 0.0009350 secs] [Times: user=0.00 sys=0.00, real=0.00 secs] 
2024-10-06T20:55:36.981+0300: 594.478: Total time for which application threads were stopped: 0.0011833 seconds, Stopping threads took: 0.0001602 seconds
2024-10-06T20:55:39.584+0300: 597.084: Application time: 2.6063931 seconds
2024-10-06T20:55:39.584+0300: 597.085: [GC (Allocation Failure) 2024-10-06T20:55:39.584+0300: 597.085: [ParNew: 247275K->1814K(276480K), 0.0009656 secs] 308981K->63522K(890880K), 0.0010321 secs] [Times: user=0.00 sys=0.00, real=0.00 secs] 
2024-10-06T20:55:39.584+0300: 597.086: Total time for which application threads were stopped: 0.0012689 seconds, Stopping threads took: 0.0001429 seconds
2024-10-06T20:55:42.209+0300: 599.706: Application time: 2.6206506 seconds
2024-10-06T20:55:42.209+0300: 599.707: [GC (Allocation Failure) 2024-10-06T20:55:42.209+0300: 599.707: [ParNew: 247331K->2012K(276480K), 0.0009130 secs] 309038K->63721K(890880K), 0.0009945 secs] [Times: user=0.00 sys=0.00, real=0.00 secs] 
2024-10-06T20:55:42.211+0300: 599.708: Total time for which application threads were stopped: 0.0012628 seconds, Stopping threads took: 0.0001593 seconds
2024-10-06T20:55:44.810+0300: 602.310: Application time: 2.6021329 seconds
2024-10-06T20:55:44.810+0300: 602.310: [GC (Allocation Failure) 2024-10-06T20:55:44.810+0300: 602.310: [ParNew: 247709K->2344K(276480K), 0.0009334 secs] 309418K->64055K(890880K), 0.0010047 secs] [Times: user=0.00 sys=0.00, real=0.00 secs] 
2024-10-06T20:55:44.814+0300: 602.311: Total time for which application threads were stopped: 0.0013324 seconds, Stopping threads took: 0.0002093 seconds
2024-10-06T20:55:47.462+0300: 604.965: Application time: 2.6543879 seconds
2024-10-06T20:55:47.462+0300: 604.966: [GC (Allocation Failure) 2024-10-06T20:55:47.462+0300: 604.966: [ParNew: 248104K->1812K(276480K), 0.0009535 secs] 309815K->63524K(890880K), 0.0010316 secs] [Times: user=0.00 sys=0.00, real=0.00 secs] 
2024-10-06T20:55:47.462+0300: 604.967: Total time for which application threads were stopped: 0.0012891 seconds, Stopping threads took: 0.0001499 seconds
2024-10-06T20:55:50.082+0300: 607.593: Application time: 2.6259956 seconds
2024-10-06T20:55:50.082+0300: 607.593: [GC (Allocation Failure) 2024-10-06T20:55:50.082+0300: 607.593: [ParNew: 247337K->2012K(276480K), 0.0007858 secs] 309049K->63726K(890880K), 0.0008565 secs] [Times: user=0.00 sys=0.00, real=0.00 secs] 
2024-10-06T20:55:50.082+0300: 607.594: Total time for which application threads were stopped: 0.0011180 seconds, Stopping threads took: 0.0001546 seconds
2024-10-06T20:55:52.703+0300: 610.203: Application time: 2.6093408 seconds
2024-10-06T20:55:52.703+0300: 610.203: [GC (Allocation Failure) 2024-10-06T20:55:52.703+0300: 610.203: [ParNew: 247772K->2084K(276480K), 0.0008463 secs] 309486K->63799K(890880K), 0.0009082 secs] [Times: user=0.00 sys=0.00, real=0.00 secs] 
2024-10-06T20:55:52.703+0300: 610.204: Total time for which application threads were stopped: 0.0011734 seconds, Stopping threads took: 0.0001703 seconds
2024-10-06T20:55:55.340+0300: 612.849: Application time: 2.6446609 seconds
2024-10-06T20:55:55.340+0300: 612.849: [GC (Allocation Failure) 2024-10-06T20:55:55.340+0300: 612.849: [ParNew: 247844K->2008K(276480K), 0.0009296 secs] 309559K->63724K(890880K), 0.0010070 secs] [Times: user=0.00 sys=0.00, real=0.01 secs] 
2024-10-06T20:55:55.353+0300: 612.850: Total time for which application threads were stopped: 0.0012938 seconds, Stopping threads took: 0.0001755 seconds
2024-10-06T20:55:57.958+0300: 615.470: Application time: 2.6201151 seconds
2024-10-06T20:55:57.974+0300: 615.471: [GC (Allocation Failure) 2024-10-06T20:55:57.974+0300: 615.471: [ParNew: 247640K->2210K(276480K), 0.0009344 secs] 309357K->63928K(890880K), 0.0010113 secs] [Times: user=0.00 sys=0.00, real=0.00 secs] 
2024-10-06T20:55:57.975+0300: 615.472: Total time for which application threads were stopped: 0.0013596 seconds, Stopping threads took: 0.0002285 seconds
2024-10-06T20:56:00.595+0300: 618.098: Application time: 2.6259647 seconds
2024-10-06T20:56:00.595+0300: 618.098: [GC (Allocation Failure) 2024-10-06T20:56:00.595+0300: 618.098: [ParNew: 247970K->2282K(276480K), 0.0009465 secs] 309688K->64001K(890880K), 0.0010115 secs] [Times: user=0.00 sys=0.00, real=0.00 secs] 
2024-10-06T20:56:00.595+0300: 618.099: Total time for which application threads were stopped: 0.0013028 seconds, Stopping threads took: 0.0001978 seconds
2024-10-06T20:56:03.200+0300: 620.708: Application time: 2.6092892 seconds
2024-10-06T20:56:03.200+0300: 620.709: [GC (Allocation Failure) 2024-10-06T20:56:03.200+0300: 620.709: [ParNew: 248042K->1814K(276480K), 0.0009079 secs] 309761K->63535K(890880K), 0.0009691 secs] [Times: user=0.03 sys=0.00, real=0.01 secs] 
2024-10-06T20:56:03.212+0300: 620.710: Total time for which application threads were stopped: 0.0012799 seconds, Stopping threads took: 0.0002094 seconds
2024-10-06T20:56:05.836+0300: 623.334: Application time: 2.6242394 seconds
2024-10-06T20:56:05.836+0300: 623.334: [GC (Allocation Failure) 2024-10-06T20:56:05.836+0300: 623.334: [ParNew: 247360K->2010K(276480K), 0.0008777 secs] 309080K->63732K(890880K), 0.0009431 secs] [Times: user=0.00 sys=0.00, real=0.00 secs] 
2024-10-06T20:56:05.836+0300: 623.335: Total time for which application threads were stopped: 0.0012381 seconds, Stopping threads took: 0.0001859 seconds
2024-10-06T20:56:08.489+0300: 625.992: Application time: 2.6571127 seconds
2024-10-06T20:56:08.489+0300: 625.992: [GC (Allocation Failure) 2024-10-06T20:56:08.489+0300: 625.992: [ParNew: 247770K->1615K(276480K), 0.0007361 secs] 309492K->63338K(890880K), 0.0008033 secs] [Times: user=0.00 sys=0.00, real=0.00 secs] 
2024-10-06T20:56:08.489+0300: 625.993: Total time for which application threads were stopped: 0.0009775 seconds, Stopping threads took: 0.0000892 seconds
2024-10-06T20:56:11.143+0300: 628.641: Application time: 2.6476159 seconds
2024-10-06T20:56:11.143+0300: 628.641: [GC (Allocation Failure) 2024-10-06T20:56:11.143+0300: 628.641: [ParNew: 247364K->1617K(276480K), 0.0010472 secs] 309087K->63341K(890880K), 0.0011319 secs] [Times: user=0.00 sys=0.00, real=0.00 secs] 
2024-10-06T20:56:11.146+0300: 628.642: Total time for which application threads were stopped: 0.0014146 seconds, Stopping threads took: 0.0001570 seconds
2024-10-06T20:56:13.782+0300: 631.279: Application time: 2.6369207 seconds
2024-10-06T20:56:13.782+0300: 631.279: [GC (Allocation Failure) 2024-10-06T20:56:13.782+0300: 631.279: [ParNew: 247377K->2012K(276480K), 0.0009943 secs] 309101K->63738K(890880K), 0.0011062 secs] [Times: user=0.00 sys=0.00, real=0.00 secs] 
2024-10-06T20:56:13.783+0300: 631.280: Total time for which application threads were stopped: 0.0013215 seconds, Stopping threads took: 0.0001112 seconds
2024-10-06T20:56:16.431+0300: 633.937: Application time: 2.6568597 seconds
2024-10-06T20:56:16.431+0300: 633.938: [GC (Allocation Failure) 2024-10-06T20:56:16.431+0300: 633.938: [ParNew: 247759K->1220K(276480K), 0.0008004 secs] 309485K->62948K(890880K), 0.0008683 secs] [Times: user=0.00 sys=0.00, real=0.00 secs] 
2024-10-06T20:56:16.431+0300: 633.939: Total time for which application threads were stopped: 0.0013657 seconds, Stopping threads took: 0.0004013 seconds
2024-10-06T20:56:19.036+0300: 636.537: Application time: 2.5983519 seconds
2024-10-06T20:56:19.036+0300: 636.537: [GC (Allocation Failure) 2024-10-06T20:56:19.036+0300: 636.537: [ParNew: 246850K->1814K(276480K), 0.0008728 secs] 308578K->63543K(890880K), 0.0009594 secs] [Times: user=0.00 sys=0.00, real=0.00 secs] 
2024-10-06T20:56:19.036+0300: 636.538: Total time for which application threads were stopped: 0.0012677 seconds, Stopping threads took: 0.0001962 seconds
2024-10-06T20:56:21.688+0300: 639.188: Application time: 2.6500206 seconds
2024-10-06T20:56:21.688+0300: 639.189: [GC (Allocation Failure) 2024-10-06T20:56:21.688+0300: 639.189: [ParNew: 247574K->1606K(276480K), 0.0008499 secs] 309303K->63336K(890880K), 0.0009173 secs] [Times: user=0.00 sys=0.00, real=0.00 secs] 
2024-10-06T20:56:21.688+0300: 639.190: Total time for which application threads were stopped: 0.0012505 seconds, Stopping threads took: 0.0002394 seconds
2024-10-06T20:56:24.293+0300: 641.794: Application time: 2.6042997 seconds
2024-10-06T20:56:24.293+0300: 641.794: [GC (Allocation Failure) 2024-10-06T20:56:24.293+0300: 641.794: [ParNew: 247366K->2279K(276480K), 0.0009362 secs] 309096K->64011K(890880K), 0.0010242 secs] [Times: user=0.00 sys=0.00, real=0.00 secs] 
2024-10-06T20:56:24.293+0300: 641.795: Total time for which application threads were stopped: 0.0012750 seconds, Stopping threads took: 0.0001382 seconds
2024-10-06T20:56:26.945+0300: 644.451: Application time: 2.6557854 seconds
2024-10-06T20:56:26.945+0300: 644.451: [GC (Allocation Failure) 2024-10-06T20:56:26.945+0300: 644.451: [ParNew: 248001K->1951K(276480K), 0.0009709 secs] 309733K->63684K(890880K), 0.0010367 secs] [Times: user=0.00 sys=0.00, real=0.00 secs] 
2024-10-06T20:56:26.945+0300: 644.452: Total time for which application threads were stopped: 0.0013396 seconds, Stopping threads took: 0.0002100 seconds
2024-10-06T20:56:29.565+0300: 647.074: Application time: 2.6220925 seconds
2024-10-06T20:56:29.565+0300: 647.075: [GC (Allocation Failure) 2024-10-06T20:56:29.565+0300: 647.075: [ParNew: 247711K->1812K(276480K), 0.0009071 secs] 309444K->63547K(890880K), 0.0009796 secs] [Times: user=0.00 sys=0.00, real=0.00 secs] 
2024-10-06T20:56:29.565+0300: 647.076: Total time for which application threads were stopped: 0.0012145 seconds, Stopping threads took: 0.0001391 seconds
2024-10-06T20:56:32.170+0300: 649.671: Application time: 2.5950477 seconds
2024-10-06T20:56:32.170+0300: 649.671: [GC (Allocation Failure) 2024-10-06T20:56:32.170+0300: 649.671: [ParNew: 247557K->2282K(276480K), 0.0009225 secs] 309292K->64018K(890880K), 0.0010339 secs] [Times: user=0.00 sys=0.00, real=0.00 secs] 
2024-10-06T20:56:32.170+0300: 649.672: Total time for which application threads were stopped: 0.0013438 seconds, Stopping threads took: 0.0001515 seconds
2024-10-06T20:56:34.821+0300: 652.319: Application time: 2.6465584 seconds
2024-10-06T20:56:34.821+0300: 652.319: [GC (Allocation Failure) 2024-10-06T20:56:34.821+0300: 652.319: [ParNew: 248038K->2012K(276480K), 0.0009444 secs] 309774K->63749K(890880K), 0.0010831 secs] [Times: user=0.00 sys=0.00, real=0.00 secs] 
2024-10-06T20:56:34.821+0300: 652.320: Total time for which application threads were stopped: 0.0014295 seconds, Stopping threads took: 0.0001837 seconds
2024-10-06T20:56:37.427+0300: 654.938: Application time: 2.6179661 seconds
2024-10-06T20:56:37.427+0300: 654.939: [GC (Allocation Failure) 2024-10-06T20:56:37.427+0300: 654.939: [ParNew: 247715K->2075K(276480K), 0.0009466 secs] 309453K->63814K(890880K), 0.0010345 secs] [Times: user=0.02 sys=0.00, real=0.02 secs] 
2024-10-06T20:56:37.443+0300: 654.940: Total time for which application threads were stopped: 0.0016419 seconds, Stopping threads took: 0.0004975 seconds
2024-10-06T20:56:40.047+0300: 657.558: Application time: 2.6188462 seconds
2024-10-06T20:56:40.062+0300: 657.559: [GC (Allocation Failure) 2024-10-06T20:56:40.062+0300: 657.559: [ParNew: 247835K->1886K(276480K), 0.0008518 secs] 309574K->63626K(890880K), 0.0009577 secs] [Times: user=0.00 sys=0.00, real=0.00 secs] 
2024-10-06T20:56:40.063+0300: 657.560: Total time for which application threads were stopped: 0.0013538 seconds, Stopping threads took: 0.0002417 seconds
2024-10-06T20:56:42.700+0300: 660.204: Application time: 2.6439959 seconds
2024-10-06T20:56:42.700+0300: 660.204: [GC (Allocation Failure) 2024-10-06T20:56:42.700+0300: 660.204: [ParNew: 247506K->1617K(276480K), 0.0007829 secs] 309247K->63358K(890880K), 0.0008452 secs] [Times: user=0.00 sys=0.00, real=0.00 secs] 
2024-10-06T20:56:42.700+0300: 660.205: Total time for which application threads were stopped: 0.0010739 seconds, Stopping threads took: 0.0001201 seconds
2024-10-06T20:56:45.288+0300: 662.800: Application time: 2.5947502 seconds
2024-10-06T20:56:45.288+0300: 662.800: [GC (Allocation Failure) 2024-10-06T20:56:45.288+0300: 662.800: [ParNew: 247324K->2145K(276480K), 0.0010100 secs] 309066K->63888K(890880K), 0.0010720 secs] [Times: user=0.02 sys=0.00, real=0.02 secs] 
2024-10-06T20:56:45.304+0300: 662.801: Total time for which application threads were stopped: 0.0013222 seconds, Stopping threads took: 0.0001619 seconds
2024-10-06T20:56:47.955+0300: 665.457: Application time: 2.6558086 seconds
2024-10-06T20:56:47.955+0300: 665.457: [GC (Allocation Failure) 2024-10-06T20:56:47.955+0300: 665.457: [ParNew: 247799K->2010K(276480K), 0.0008419 secs] 309542K->63754K(890880K), 0.0009147 secs] [Times: user=0.00 sys=0.00, real=0.00 secs] 
2024-10-06T20:56:47.955+0300: 665.458: Total time for which application threads were stopped: 0.0011401 seconds, Stopping threads took: 0.0001273 seconds
2024-10-06T20:56:50.559+0300: 668.063: Application time: 2.6053537 seconds
2024-10-06T20:56:50.559+0300: 668.064: [GC (Allocation Failure) 2024-10-06T20:56:50.559+0300: 668.064: [ParNew: 247770K->1886K(276480K), 0.0008387 secs] 309514K->63632K(890880K), 0.0008946 secs] [Times: user=0.00 sys=0.00, real=0.00 secs] 
2024-10-06T20:56:50.559+0300: 668.064: Total time for which application threads were stopped: 0.0011642 seconds, Stopping threads took: 0.0001826 seconds
2024-10-06T20:56:53.196+0300: 670.697: Application time: 2.6324522 seconds
2024-10-06T20:56:53.196+0300: 670.697: [GC (Allocation Failure) 2024-10-06T20:56:53.196+0300: 670.697: [ParNew: 247387K->2206K(276480K), 0.0009144 secs] 309132K->63953K(890880K), 0.0010250 secs] [Times: user=0.00 sys=0.00, real=0.00 secs] 
2024-10-06T20:56:53.196+0300: 670.698: Total time for which application threads were stopped: 0.0013352 seconds, Stopping threads took: 0.0001981 seconds
2024-10-06T20:56:55.818+0300: 673.329: Application time: 2.6310749 seconds
2024-10-06T20:56:55.818+0300: 673.330: [GC (Allocation Failure) 2024-10-06T20:56:55.818+0300: 673.330: [ParNew: 247917K->1550K(276480K), 0.0009329 secs] 309664K->63298K(890880K), 0.0009931 secs] [Times: user=0.02 sys=0.00, real=0.02 secs] 
2024-10-06T20:56:55.834+0300: 673.331: Total time for which application threads were stopped: 0.0012393 seconds, Stopping threads took: 0.0001632 seconds
2024-10-06T20:56:58.440+0300: 675.941: Application time: 2.6106769 seconds
2024-10-06T20:56:58.440+0300: 675.941: [GC (Allocation Failure) 2024-10-06T20:56:58.440+0300: 675.942: [ParNew: 247310K->2012K(276480K), 0.0008139 secs] 309058K->63762K(890880K), 0.0008843 secs] [Times: user=0.00 sys=0.00, real=0.00 secs] 
2024-10-06T20:56:58.440+0300: 675.942: Total time for which application threads were stopped: 0.0011340 seconds, Stopping threads took: 0.0001593 seconds
2024-10-06T20:57:01.061+0300: 678.573: Application time: 2.6301594 seconds
2024-10-06T20:57:01.061+0300: 678.573: [GC (Allocation Failure) 2024-10-06T20:57:01.061+0300: 678.573: [ParNew: 247695K->2479K(276480K), 0.0010622 secs] 309445K->64231K(890880K), 0.0011339 secs] [Times: user=0.01 sys=0.00, real=0.02 secs] 
2024-10-06T20:57:01.077+0300: 678.574: Total time for which application threads were stopped: 0.0014046 seconds, Stopping threads took: 0.0001547 seconds
2024-10-06T20:57:03.681+0300: 681.180: Application time: 2.6060552 seconds
2024-10-06T20:57:03.681+0300: 681.180: [GC (Allocation Failure) 2024-10-06T20:57:03.681+0300: 681.180: [ParNew: 248226K->2210K(276480K), 0.0009010 secs] 309978K->63962K(890880K), 0.0009724 secs] [Times: user=0.00 sys=0.00, real=0.00 secs] 
2024-10-06T20:57:03.681+0300: 681.181: Total time for which application threads were stopped: 0.0012440 seconds, Stopping threads took: 0.0001799 seconds
2024-10-06T20:57:06.334+0300: 683.840: Application time: 2.6587388 seconds
2024-10-06T20:57:06.334+0300: 683.840: [GC (Allocation Failure) 2024-10-06T20:57:06.334+0300: 683.840: [ParNew: 247889K->2208K(276480K), 0.0008634 secs] 309641K->63962K(890880K), 0.0009241 secs] [Times: user=0.00 sys=0.00, real=0.00 secs] 
2024-10-06T20:57:06.334+0300: 683.841: Total time for which application threads were stopped: 0.0011531 seconds, Stopping threads took: 0.0001463 seconds
2024-10-06T20:57:07.338+0300: 684.834: Application time: 0.9932088 seconds
2024-10-06T20:57:07.338+0300: 684.835: Total time for which application threads were stopped: 0.0003845 seconds, Stopping threads took: 0.0003216 seconds
2024-10-06T20:57:08.954+0300: 686.455: Application time: 1.6204691 seconds
2024-10-06T20:57:08.954+0300: 686.455: [GC (Allocation Failure) 2024-10-06T20:57:08.954+0300: 686.455: [ParNew: 247939K->2282K(276480K), 0.0009710 secs] 309693K->64037K(890880K), 0.0010453 secs] [Times: user=0.00 sys=0.00, real=0.00 secs] 
2024-10-06T20:57:08.954+0300: 686.457: Total time for which application threads were stopped: 0.0012933 seconds, Stopping threads took: 0.0001376 seconds
2024-10-06T20:57:11.574+0300: 689.075: Application time: 2.6187764 seconds
2024-10-06T20:57:11.574+0300: 689.076: [GC (Allocation Failure) 2024-10-06T20:57:11.574+0300: 689.076: [ParNew: 247967K->1810K(276480K), 0.0009759 secs] 309723K->63567K(890880K), 0.0010429 secs] [Times: user=0.00 sys=0.00, real=0.00 secs] 
2024-10-06T20:57:11.574+0300: 689.077: Total time for which application threads were stopped: 0.0012795 seconds, Stopping threads took: 0.0001505 seconds
2024-10-06T20:57:14.196+0300: 691.705: Application time: 2.6284518 seconds
2024-10-06T20:57:14.196+0300: 691.705: [GC (Allocation Failure) 2024-10-06T20:57:14.196+0300: 691.705: [ParNew: 247458K->2084K(276480K), 0.0010215 secs] 309215K->63842K(890880K), 0.0011610 secs] [Times: user=0.00 sys=0.00, real=0.00 secs] 
2024-10-06T20:57:14.196+0300: 691.707: Total time for which application threads were stopped: 0.0014447 seconds, Stopping threads took: 0.0001891 seconds
2024-10-06T20:57:15.202+0300: 692.698: Application time: 0.9917396 seconds
2024-10-06T20:57:15.202+0300: 692.699: Total time for which application threads were stopped: 0.0002816 seconds, Stopping threads took: 0.0002265 seconds
2024-10-06T20:57:16.834+0300: 694.345: Application time: 1.6464923 seconds
2024-10-06T20:57:16.834+0300: 694.345: [GC (Allocation Failure) 2024-10-06T20:57:16.834+0300: 694.345: [ParNew: 247844K->1617K(276480K), 0.0008597 secs] 309602K->63376K(890880K), 0.0009345 secs] [Times: user=0.02 sys=0.00, real=0.01 secs] 
2024-10-06T20:57:16.849+0300: 694.346: Total time for which application threads were stopped: 0.0012198 seconds, Stopping threads took: 0.0001776 seconds
2024-10-06T20:57:19.485+0300: 696.987: Application time: 2.6411655 seconds
2024-10-06T20:57:19.485+0300: 696.988: [GC (Allocation Failure) 2024-10-06T20:57:19.485+0300: 696.988: [ParNew: 247377K->1814K(276480K), 0.0008783 secs] 309136K->63575K(890880K), 0.0009565 secs] [Times: user=0.00 sys=0.00, real=0.00 secs] 
2024-10-06T20:57:19.485+0300: 696.989: Total time for which application threads were stopped: 0.0012309 seconds, Stopping threads took: 0.0001730 seconds
2024-10-06T20:57:21.494+0300: 698.990: Application time: 2.0017367 seconds
2024-10-06T20:57:21.494+0300: 698.991: Total time for which application threads were stopped: 0.0002874 seconds, Stopping threads took: 0.0001991 seconds
2024-10-06T20:57:22.137+0300: 699.636: Application time: 0.6454407 seconds
2024-10-06T20:57:22.137+0300: 699.636: [GC (Allocation Failure) 2024-10-06T20:57:22.137+0300: 699.636: [ParNew: 247574K->2008K(276480K), 0.0011307 secs] 309335K->63771K(890880K), 0.0012149 secs] [Times: user=0.00 sys=0.00, real=0.00 secs] 
2024-10-06T20:57:22.141+0300: 699.638: Total time for which application threads were stopped: 0.0015166 seconds, Stopping threads took: 0.0001574 seconds
2024-10-06T20:57:24.758+0300: 702.264: Application time: 2.6266113 seconds
2024-10-06T20:57:24.758+0300: 702.264: [GC (Allocation Failure) 2024-10-06T20:57:24.758+0300: 702.265: [ParNew: 247768K->1814K(276480K), 0.0008718 secs] 309531K->63578K(890880K), 0.0009455 secs] [Times: user=0.00 sys=0.00, real=0.00 secs] 
2024-10-06T20:57:24.758+0300: 702.265: Total time for which application threads were stopped: 0.0012074 seconds, Stopping threads took: 0.0001641 seconds
2024-10-06T20:57:27.379+0300: 704.888: Application time: 2.6224223 seconds
2024-10-06T20:57:27.379+0300: 704.888: [GC (Allocation Failure) 2024-10-06T20:57:27.379+0300: 704.888: [ParNew: 247525K->2084K(276480K), 0.0008753 secs] 309289K->63849K(890880K), 0.0009395 secs] [Times: user=0.00 sys=0.00, real=0.00 secs] 
2024-10-06T20:57:27.379+0300: 704.889: Total time for which application threads were stopped: 0.0011593 seconds, Stopping threads took: 0.0001286 seconds
2024-10-06T20:57:30.000+0300: 707.511: Application time: 2.6223132 seconds
2024-10-06T20:57:30.000+0300: 707.512: [GC (Allocation Failure) 2024-10-06T20:57:30.000+0300: 707.512: [ParNew: 247768K->2482K(276480K), 0.0010689 secs] 309533K->64248K(890880K), 0.0011574 secs] [Times: user=0.00 sys=0.00, real=0.02 secs] 
2024-10-06T20:57:30.015+0300: 707.513: Total time for which application threads were stopped: 0.0014418 seconds, Stopping threads took: 0.0001687 seconds
2024-10-06T20:57:32.659+0300: 710.157: Application time: 2.6440416 seconds
2024-10-06T20:57:32.659+0300: 710.157: [GC (Allocation Failure) 2024-10-06T20:57:32.659+0300: 710.157: [ParNew: 248242K->1617K(276480K), 0.0008733 secs] 310008K->63386K(890880K), 0.0009475 secs] [Times: user=0.00 sys=0.00, real=0.00 secs] 
2024-10-06T20:57:32.659+0300: 710.158: Total time for which application threads were stopped: 0.0011881 seconds, Stopping threads took: 0.0001378 seconds
2024-10-06T20:57:35.289+0300: 712.792: Application time: 2.6338227 seconds
2024-10-06T20:57:35.289+0300: 712.792: [GC (Allocation Failure) 2024-10-06T20:57:35.289+0300: 712.792: [ParNew: 247377K->2211K(276480K), 0.0009018 secs] 309146K->63981K(890880K), 0.0009707 secs] [Times: user=0.00 sys=0.00, real=0.00 secs] 
2024-10-06T20:57:35.289+0300: 712.793: Total time for which application threads were stopped: 0.0012153 seconds, Stopping threads took: 0.0001586 seconds
2024-10-06T20:57:37.912+0300: 715.423: Application time: 2.6303113 seconds
2024-10-06T20:57:37.912+0300: 715.424: [GC (Allocation Failure) 2024-10-06T20:57:37.927+0300: 715.424: [ParNew: 247971K->2084K(276480K), 0.0009453 secs] 309741K->63857K(890880K), 0.0010757 secs] [Times: user=0.00 sys=0.00, real=0.02 secs] 
2024-10-06T20:57:37.927+0300: 715.425: Total time for which application threads were stopped: 0.0014068 seconds, Stopping threads took: 0.0001796 seconds
2024-10-06T20:57:40.534+0300: 718.038: Application time: 2.6133549 seconds
2024-10-06T20:57:40.534+0300: 718.038: [GC (Allocation Failure) 2024-10-06T20:57:40.534+0300: 718.038: [ParNew: 247844K->1814K(276480K), 0.0008096 secs] 309617K->63588K(890880K), 0.0008761 secs] [Times: user=0.00 sys=0.00, real=0.00 secs] 
2024-10-06T20:57:40.534+0300: 718.039: Total time for which application threads were stopped: 0.0011277 seconds, Stopping threads took: 0.0001638 seconds
2024-10-06T20:57:43.156+0300: 720.668: Application time: 2.6283470 seconds
2024-10-06T20:57:43.171+0300: 720.668: [GC (Allocation Failure) 2024-10-06T20:57:43.171+0300: 720.668: [ParNew: 247414K->2012K(276480K), 0.0011245 secs] 309188K->63788K(890880K), 0.0012415 secs] [Times: user=0.00 sys=0.00, real=0.00 secs] 
2024-10-06T20:57:43.171+0300: 720.669: Total time for which application threads were stopped: 0.0015570 seconds, Stopping threads took: 0.0001770 seconds
2024-10-06T20:57:45.807+0300: 723.308: Application time: 2.6384469 seconds
2024-10-06T20:57:45.807+0300: 723.308: [GC (Allocation Failure) 2024-10-06T20:57:45.807+0300: 723.308: [ParNew: 247772K->2282K(276480K), 0.0010079 secs] 309548K->64059K(890880K), 0.0011438 secs] [Times: user=0.00 sys=0.00, real=0.00 secs] 
2024-10-06T20:57:45.807+0300: 723.309: Total time for which application threads were stopped: 0.0014662 seconds, Stopping threads took: 0.0001763 seconds
2024-10-06T20:57:48.429+0300: 725.934: Application time: 2.6247943 seconds
2024-10-06T20:57:48.429+0300: 725.934: [GC (Allocation Failure) 2024-10-06T20:57:48.429+0300: 725.934: [ParNew: 248042K->1810K(276480K), 0.0008730 secs] 309819K->63589K(890880K), 0.0009356 secs] [Times: user=0.00 sys=0.00, real=0.00 secs] 
2024-10-06T20:57:48.429+0300: 725.935: Total time for which application threads were stopped: 0.0011876 seconds, Stopping threads took: 0.0001682 seconds
2024-10-06T20:57:51.049+0300: 728.552: Application time: 2.6164355 seconds
2024-10-06T20:57:51.049+0300: 728.552: [GC (Allocation Failure) 2024-10-06T20:57:51.049+0300: 728.552: [ParNew: 247570K->1608K(276480K), 0.0008886 secs] 309349K->63387K(890880K), 0.0009541 secs] [Times: user=0.00 sys=0.00, real=0.00 secs] 
2024-10-06T20:57:51.049+0300: 728.553: Total time for which application threads were stopped: 0.0012446 seconds, Stopping threads took: 0.0001906 seconds
2024-10-06T20:57:53.670+0300: 731.171: Application time: 2.6182727 seconds
2024-10-06T20:57:53.670+0300: 731.171: [GC (Allocation Failure) 2024-10-06T20:57:53.670+0300: 731.171: [ParNew: 247368K->1816K(276480K), 0.0008468 secs] 309147K->63597K(890880K), 0.0009073 secs] [Times: user=0.00 sys=0.00, real=0.00 secs] 
2024-10-06T20:57:53.670+0300: 731.172: Total time for which application threads were stopped: 0.0011324 seconds, Stopping threads took: 0.0001432 seconds
2024-10-06T20:57:56.303+0300: 733.801: Application time: 2.6292614 seconds
2024-10-06T20:57:56.303+0300: 733.802: [GC (Allocation Failure) 2024-10-06T20:57:56.303+0300: 733.802: [ParNew: 247314K->1814K(276480K), 0.0009601 secs] 309095K->63597K(890880K), 0.0010385 secs] [Times: user=0.00 sys=0.00, real=0.00 secs] 
2024-10-06T20:57:56.303+0300: 733.803: Total time for which application threads were stopped: 0.0012663 seconds, Stopping threads took: 0.0001211 seconds
2024-10-06T20:57:58.943+0300: 736.445: Application time: 2.6425053 seconds
2024-10-06T20:57:58.943+0300: 736.445: [GC (Allocation Failure) 2024-10-06T20:57:58.943+0300: 736.445: [ParNew: 247574K->1617K(276480K), 0.0008708 secs] 309357K->63401K(890880K), 0.0009399 secs] [Times: user=0.00 sys=0.00, real=0.00 secs] 
2024-10-06T20:57:58.943+0300: 736.446: Total time for which application threads were stopped: 0.0011699 seconds, Stopping threads took: 0.0001350 seconds
2024-10-06T20:58:01.548+0300: 739.049: Application time: 2.6029442 seconds
2024-10-06T20:58:01.548+0300: 739.050: [GC (Allocation Failure) 2024-10-06T20:58:01.548+0300: 739.050: [ParNew: 247377K->2084K(276480K), 0.0009579 secs] 309161K->63870K(890880K), 0.0010247 secs] [Times: user=0.00 sys=0.00, real=0.00 secs] 
2024-10-06T20:58:01.548+0300: 739.051: Total time for which application threads were stopped: 0.0012826 seconds, Stopping threads took: 0.0001695 seconds
2024-10-06T20:58:02.396+0300: 739.906: Application time: 0.8557052 seconds
2024-10-06T20:58:02.396+0300: 739.907: Total time for which application threads were stopped: 0.0001884 seconds, Stopping threads took: 0.0001475 seconds
2024-10-06T20:58:02.647+0300: 740.154: Application time: 0.2477314 seconds
2024-10-06T20:58:02.647+0300: 740.154: Total time for which application threads were stopped: 0.0002023 seconds, Stopping threads took: 0.0001496 seconds
2024-10-06T20:58:02.882+0300: 740.387: Application time: 0.2326085 seconds
2024-10-06T20:58:02.882+0300: 740.387: Total time for which application threads were stopped: 0.0002297 seconds, Stopping threads took: 0.0001776 seconds
2024-10-06T20:58:02.945+0300: 740.456: Application time: 0.0681951 seconds
2024-10-06T20:58:02.945+0300: 740.456: Total time for which application threads were stopped: 0.0001354 seconds, Stopping threads took: 0.0000898 seconds
2024-10-06T20:58:02.992+0300: 740.502: Application time: 0.0467641 seconds
2024-10-06T20:58:02.992+0300: 740.503: Total time for which application threads were stopped: 0.0001134 seconds, Stopping threads took: 0.0000692 seconds
2024-10-06T20:58:03.150+0300: 740.656: Application time: 0.1529529 seconds
2024-10-06T20:58:03.150+0300: 740.656: Total time for which application threads were stopped: 0.0005459 seconds, Stopping threads took: 0.0005047 seconds
2024-10-06T20:58:04.358+0300: 741.867: Application time: 1.2109759 seconds
2024-10-06T20:58:04.358+0300: 741.867: [GC (Allocation Failure) 2024-10-06T20:58:04.358+0300: 741.867: [ParNew: 247844K->2013K(276480K), 0.0009148 secs] 309630K->63801K(890880K), 0.0009868 secs] [Times: user=0.00 sys=0.00, real=0.00 secs] 
2024-10-06T20:58:04.358+0300: 741.868: Total time for which application threads were stopped: 0.0012909 seconds, Stopping threads took: 0.0002146 seconds
2024-10-06T20:58:07.010+0300: 744.517: Application time: 2.6490964 seconds
2024-10-06T20:58:07.010+0300: 744.518: [GC (Allocation Failure) 2024-10-06T20:58:07.010+0300: 744.518: [ParNew: 247681K->2014K(276480K), 0.0009437 secs] 309468K->63803K(890880K), 0.0010740 secs] [Times: user=0.00 sys=0.00, real=0.00 secs] 
2024-10-06T20:58:07.010+0300: 744.519: Total time for which application threads were stopped: 0.0013463 seconds, Stopping threads took: 0.0001499 seconds
2024-10-06T20:58:09.648+0300: 747.154: Application time: 2.6353006 seconds
2024-10-06T20:58:09.648+0300: 747.154: [GC (Allocation Failure) 2024-10-06T20:58:09.648+0300: 747.154: [ParNew: 247762K->2211K(276480K), 0.0009233 secs] 309550K->64001K(890880K), 0.0009818 secs] [Times: user=0.00 sys=0.00, real=0.00 secs] 
2024-10-06T20:58:09.648+0300: 747.155: Total time for which application threads were stopped: 0.0011953 seconds, Stopping threads took: 0.0001320 seconds
2024-10-06T20:58:12.268+0300: 749.770: Application time: 2.6143758 seconds
2024-10-06T20:58:12.268+0300: 749.770: [GC (Allocation Failure) 2024-10-06T20:58:12.268+0300: 749.770: [ParNew: 247922K->1356K(276480K), 0.0008292 secs] 309712K->63147K(890880K), 0.0008966 secs] [Times: user=0.00 sys=0.00, real=0.00 secs] 
2024-10-06T20:58:12.268+0300: 749.771: Total time for which application threads were stopped: 0.0011432 seconds, Stopping threads took: 0.0001556 seconds
2024-10-06T20:58:14.888+0300: 752.388: Application time: 2.6170562 seconds
2024-10-06T20:58:14.888+0300: 752.388: [GC (Allocation Failure) 2024-10-06T20:58:14.888+0300: 752.388: [ParNew: 247116K->2151K(276480K), 0.0010771 secs] 308907K->63944K(890880K), 0.0011725 secs] [Times: user=0.00 sys=0.00, real=0.00 secs] 
2024-10-06T20:58:14.888+0300: 752.389: Total time for which application threads were stopped: 0.0015577 seconds, Stopping threads took: 0.0002673 seconds
2024-10-06T20:58:17.494+0300: 754.990: Application time: 2.6010324 seconds
2024-10-06T20:58:17.494+0300: 754.991: [GC (Allocation Failure) 2024-10-06T20:58:17.494+0300: 754.991: [ParNew: 247668K->2213K(276480K), 0.0009649 secs] 309461K->64008K(890880K), 0.0010307 secs] [Times: user=0.00 sys=0.00, real=0.00 secs] 
2024-10-06T20:58:17.494+0300: 754.992: Total time for which application threads were stopped: 0.0012699 seconds, Stopping threads took: 0.0001499 seconds
2024-10-06T20:58:20.150+0300: 757.646: Application time: 2.6546012 seconds
2024-10-06T20:58:20.150+0300: 757.647: [GC (Allocation Failure) 2024-10-06T20:58:20.150+0300: 757.647: [ParNew: 247847K->1618K(276480K), 0.0009688 secs] 309641K->63418K(890880K), 0.0010480 secs] [Times: user=0.00 sys=0.00, real=0.00 secs] 
2024-10-06T20:58:20.150+0300: 757.648: Total time for which application threads were stopped: 0.0013763 seconds, Stopping threads took: 0.0002238 seconds
2024-10-06T20:58:22.766+0300: 760.275: Application time: 2.6274873 seconds
2024-10-06T20:58:22.766+0300: 760.275: [GC (Allocation Failure) 2024-10-06T20:58:22.766+0300: 760.275: [ParNew: 247378K->2210K(276480K), 0.0008599 secs] 309178K->64011K(890880K), 0.0009271 secs] [Times: user=0.00 sys=0.00, real=0.00 secs] 
2024-10-06T20:58:22.766+0300: 760.276: Total time for which application threads were stopped: 0.0011333 seconds, Stopping threads took: 0.0001220 seconds
2024-10-06T20:58:25.403+0300: 762.902: Application time: 2.6256554 seconds
2024-10-06T20:58:25.403+0300: 762.902: [GC (Allocation Failure) 2024-10-06T20:58:25.403+0300: 762.902: [ParNew: 247970K->2208K(276480K), 0.0010698 secs] 309771K->64010K(890880K), 0.0011495 secs] [Times: user=0.00 sys=0.00, real=0.00 secs] 
2024-10-06T20:58:25.403+0300: 762.903: Total time for which application threads were stopped: 0.0014580 seconds, Stopping threads took: 0.0001981 seconds
2024-10-06T20:58:28.039+0300: 765.536: Application time: 2.6321542 seconds
2024-10-06T20:58:28.039+0300: 765.536: [GC (Allocation Failure) 2024-10-06T20:58:28.039+0300: 765.536: [ParNew: 247948K->2084K(276480K), 0.0008844 secs] 309750K->63888K(890880K), 0.0009672 secs] [Times: user=0.00 sys=0.00, real=0.00 secs] 
2024-10-06T20:58:28.039+0300: 765.537: Total time for which application threads were stopped: 0.0012422 seconds, Stopping threads took: 0.0001635 seconds
2024-10-06T20:58:30.628+0300: 768.137: Application time: 2.5996829 seconds
2024-10-06T20:58:30.628+0300: 768.137: [GC (Allocation Failure) 2024-10-06T20:58:30.628+0300: 768.137: [ParNew: 247814K->2145K(276480K), 0.0009496 secs] 309618K->63950K(890880K), 0.0010174 secs] [Times: user=0.00 sys=0.00, real=0.00 secs] 
2024-10-06T20:58:30.628+0300: 768.138: Total time for which application threads were stopped: 0.0013161 seconds, Stopping threads took: 0.0002130 seconds
2024-10-06T20:58:33.313+0300: 770.823: Application time: 2.6847868 seconds
2024-10-06T20:58:33.313+0300: 770.823: [GC (Allocation Failure) 2024-10-06T20:58:33.313+0300: 770.823: [ParNew: 247905K->2210K(276480K), 0.0009958 secs] 309710K->64017K(890880K), 0.0010763 secs] [Times: user=0.00 sys=0.00, real=0.00 secs] 
2024-10-06T20:58:33.313+0300: 770.824: Total time for which application threads were stopped: 0.0015682 seconds, Stopping threads took: 0.0003825 seconds
2024-10-06T20:58:35.980+0300: 773.490: Application time: 2.6654374 seconds
2024-10-06T20:58:35.980+0300: 773.490: [GC (Allocation Failure) 2024-10-06T20:58:35.980+0300: 773.490: [ParNew: 247815K->1814K(276480K), 0.0008467 secs] 309623K->63623K(890880K), 0.0009160 secs] [Times: user=0.03 sys=0.00, real=0.00 secs] 
2024-10-06T20:58:35.980+0300: 773.491: Total time for which application threads were stopped: 0.0011673 seconds, Stopping threads took: 0.0001452 seconds
2024-10-06T20:58:38.585+0300: 776.089: Application time: 2.5984045 seconds
2024-10-06T20:58:38.585+0300: 776.089: [GC (Allocation Failure) 2024-10-06T20:58:38.585+0300: 776.089: [ParNew: 247571K->1615K(276480K), 0.0010785 secs] 309380K->63424K(890880K), 0.0011467 secs] [Times: user=0.00 sys=0.00, real=0.00 secs] 
2024-10-06T20:58:38.585+0300: 776.091: Total time for which application threads were stopped: 0.0013867 seconds, Stopping threads took: 0.0001233 seconds
2024-10-06T20:58:41.251+0300: 778.758: Application time: 2.6672235 seconds
2024-10-06T20:58:41.251+0300: 778.758: [GC (Allocation Failure) 2024-10-06T20:58:41.251+0300: 778.758: [ParNew: 247375K->1617K(276480K), 0.0009344 secs] 309184K->63427K(890880K), 0.0010192 secs] [Times: user=0.00 sys=0.00, real=0.00 secs] 
2024-10-06T20:58:41.251+0300: 778.759: Total time for which application threads were stopped: 0.0013092 seconds, Stopping threads took: 0.0001568 seconds
2024-10-06T20:58:43.895+0300: 781.395: Application time: 2.6358298 seconds
2024-10-06T20:58:43.895+0300: 781.395: [GC (Allocation Failure) 2024-10-06T20:58:43.895+0300: 781.395: [ParNew: 247376K->2012K(276480K), 0.0008565 secs] 309187K->63824K(890880K), 0.0009382 secs] [Times: user=0.00 sys=0.00, real=0.00 secs] 
2024-10-06T20:58:43.895+0300: 781.396: Total time for which application threads were stopped: 0.0012273 seconds, Stopping threads took: 0.0001788 seconds
2024-10-06T20:58:46.500+0300: 784.001: Application time: 2.6042829 seconds
2024-10-06T20:58:46.500+0300: 784.001: [GC (Allocation Failure) 2024-10-06T20:58:46.500+0300: 784.001: [ParNew: 247772K->1814K(276480K), 0.0008216 secs] 309584K->63628K(890880K), 0.0008915 secs] [Times: user=0.00 sys=0.00, real=0.00 secs] 
2024-10-06T20:58:46.500+0300: 784.002: Total time for which application threads were stopped: 0.0011280 seconds, Stopping threads took: 0.0001508 seconds
2024-10-06T20:58:49.144+0300: 786.642: Application time: 2.6404695 seconds
2024-10-06T20:58:49.144+0300: 786.642: [GC (Allocation Failure) 2024-10-06T20:58:49.144+0300: 786.642: [ParNew: 247320K->2012K(276480K), 0.0008337 secs] 309134K->63827K(890880K), 0.0009292 secs] [Times: user=0.00 sys=0.00, real=0.00 secs] 
2024-10-06T20:58:49.144+0300: 786.643: Total time for which application threads were stopped: 0.0012086 seconds, Stopping threads took: 0.0001702 seconds
2024-10-06T20:58:51.766+0300: 789.264: Application time: 2.6209085 seconds
2024-10-06T20:58:51.766+0300: 789.264: [GC (Allocation Failure) 2024-10-06T20:58:51.766+0300: 789.264: [ParNew: 247772K->2342K(276480K), 0.0008291 secs] 309587K->64159K(890880K), 0.0008917 secs] [Times: user=0.00 sys=0.00, real=0.00 secs] 
2024-10-06T20:58:51.766+0300: 789.265: Total time for which application threads were stopped: 0.0011322 seconds, Stopping threads took: 0.0001549 seconds
2024-10-06T20:58:54.401+0300: 791.908: Application time: 2.6430724 seconds
2024-10-06T20:58:54.401+0300: 791.909: [GC (Allocation Failure) 2024-10-06T20:58:54.401+0300: 791.909: [ParNew: 247876K->2010K(276480K), 0.0010936 secs] 309693K->63828K(890880K), 0.0011996 secs] [Times: user=0.00 sys=0.00, real=0.00 secs] 
2024-10-06T20:58:54.401+0300: 791.910: Total time for which application threads were stopped: 0.0015254 seconds, Stopping threads took: 0.0002040 seconds
2024-10-06T20:58:57.039+0300: 794.539: Application time: 2.6294401 seconds
2024-10-06T20:58:57.039+0300: 794.540: [GC (Allocation Failure) 2024-10-06T20:58:57.039+0300: 794.540: [ParNew: 247710K->1617K(276480K), 0.0008365 secs] 309528K->63436K(890880K), 0.0009052 secs] [Times: user=0.00 sys=0.00, real=0.00 secs] 
2024-10-06T20:58:57.039+0300: 794.541: Total time for which application threads were stopped: 0.0011549 seconds, Stopping threads took: 0.0001505 seconds
2024-10-06T20:58:59.653+0300: 797.150: Application time: 2.6090743 seconds
2024-10-06T20:58:59.653+0300: 797.150: [GC (Allocation Failure) 2024-10-06T20:58:59.653+0300: 797.150: [ParNew: 247377K->2479K(276480K), 0.0009925 secs] 309196K->64300K(890880K), 0.0010585 secs] [Times: user=0.00 sys=0.00, real=0.00 secs] 
2024-10-06T20:58:59.654+0300: 797.151: Total time for which application threads were stopped: 0.0012932 seconds, Stopping threads took: 0.0001443 seconds
2024-10-06T20:59:02.266+0300: 799.772: Application time: 2.6215170 seconds
2024-10-06T20:59:02.266+0300: 799.773: [GC (Allocation Failure) 2024-10-06T20:59:02.266+0300: 799.773: [ParNew: 248239K->2279K(276480K), 0.0008838 secs] 310060K->64102K(890880K), 0.0009544 secs] [Times: user=0.00 sys=0.00, real=0.00 secs] 
2024-10-06T20:59:02.266+0300: 799.774: Total time for which application threads were stopped: 0.0012207 seconds, Stopping threads took: 0.0001687 seconds
2024-10-06T20:59:04.886+0300: 802.384: Application time: 2.6104406 seconds
2024-10-06T20:59:04.886+0300: 802.384: [GC (Allocation Failure) 2024-10-06T20:59:04.886+0300: 802.384: [ParNew: 248039K->1812K(276480K), 0.0010274 secs] 309862K->63636K(890880K), 0.0011174 secs] [Times: user=0.00 sys=0.00, real=0.00 secs] 
2024-10-06T20:59:04.886+0300: 802.385: Total time for which application threads were stopped: 0.0013504 seconds, Stopping threads took: 0.0001204 seconds
2024-10-06T20:59:07.492+0300: 805.001: Application time: 2.6156781 seconds
2024-10-06T20:59:07.492+0300: 805.001: [GC (Allocation Failure) 2024-10-06T20:59:07.492+0300: 805.001: [ParNew: 247572K->2012K(276480K), 0.0008787 secs] 309396K->63837K(890880K), 0.0009424 secs] [Times: user=0.00 sys=0.00, real=0.00 secs] 
2024-10-06T20:59:07.492+0300: 805.002: Total time for which application threads were stopped: 0.0011984 seconds, Stopping threads took: 0.0001680 seconds
2024-10-06T20:59:10.159+0300: 807.657: Application time: 2.6542764 seconds
2024-10-06T20:59:10.159+0300: 807.657: [GC (Allocation Failure) 2024-10-06T20:59:10.159+0300: 807.657: [ParNew: 247772K->1812K(276480K), 0.0009286 secs] 309597K->63639K(890880K), 0.0010220 secs] [Times: user=0.00 sys=0.00, real=0.00 secs] 
2024-10-06T20:59:10.159+0300: 807.658: Total time for which application threads were stopped: 0.0013219 seconds, Stopping threads took: 0.0001821 seconds
2024-10-06T20:59:12.764+0300: 810.273: Application time: 2.6145533 seconds
2024-10-06T20:59:12.764+0300: 810.273: [GC (Allocation Failure) 2024-10-06T20:59:12.764+0300: 810.273: [ParNew: 247572K->1615K(276480K), 0.0009140 secs] 309399K->63442K(890880K), 0.0010001 secs] [Times: user=0.00 sys=0.00, real=0.00 secs] 
2024-10-06T20:59:12.764+0300: 810.274: Total time for which application threads were stopped: 0.0012467 seconds, Stopping threads took: 0.0001127 seconds
2024-10-06T20:59:15.400+0300: 812.898: Application time: 2.6242682 seconds
2024-10-06T20:59:15.400+0300: 812.898: [GC (Allocation Failure) 2024-10-06T20:59:15.400+0300: 812.898: [ParNew: 247127K->1812K(276480K), 0.0008234 secs] 308955K->63641K(890880K), 0.0008919 secs] [Times: user=0.00 sys=0.00, real=0.00 secs] 
2024-10-06T20:59:15.400+0300: 812.899: Total time for which application threads were stopped: 0.0011953 seconds, Stopping threads took: 0.0002055 seconds
2024-10-06T20:59:18.036+0300: 815.537: Application time: 2.6376942 seconds
2024-10-06T20:59:18.036+0300: 815.537: [GC (Allocation Failure) 2024-10-06T20:59:18.036+0300: 815.537: [ParNew: 247521K->2012K(276480K), 0.0008076 secs] 309350K->63843K(890880K), 0.0008909 secs] [Times: user=0.00 sys=0.00, real=0.00 secs] 
2024-10-06T20:59:18.036+0300: 815.538: Total time for which application threads were stopped: 0.0010857 seconds, Stopping threads took: 0.0001079 seconds
2024-10-06T20:59:20.641+0300: 818.149: Application time: 2.6113945 seconds
2024-10-06T20:59:20.641+0300: 818.150: [GC (Allocation Failure) 2024-10-06T20:59:20.641+0300: 818.150: [ParNew: 247641K->2282K(276480K), 0.0008567 secs] 309472K->64113K(890880K), 0.0009273 secs] [Times: user=0.00 sys=0.00, real=0.00 secs] 
2024-10-06T20:59:20.641+0300: 818.151: Total time for which application threads were stopped: 0.0012422 seconds, Stopping threads took: 0.0001958 seconds
2024-10-06T20:59:23.277+0300: 820.789: Application time: 2.6381340 seconds
2024-10-06T20:59:23.277+0300: 820.789: [GC (Allocation Failure) 2024-10-06T20:59:23.277+0300: 820.789: [ParNew: 248042K->2012K(276480K), 0.0009670 secs] 309873K->63845K(890880K), 0.0010628 secs] [Times: user=0.01 sys=0.00, real=0.02 secs] 
2024-10-06T20:59:23.293+0300: 820.790: Total time for which application threads were stopped: 0.0012561 seconds, Stopping threads took: 0.0000807 seconds
2024-10-06T20:59:25.898+0300: 823.409: Application time: 2.6188384 seconds
2024-10-06T20:59:25.898+0300: 823.409: [GC (Allocation Failure) 2024-10-06T20:59:25.898+0300: 823.409: [ParNew: 247772K->1688K(276480K), 0.0009026 secs] 309605K->63523K(890880K), 0.0009929 secs] [Times: user=0.00 sys=0.00, real=0.00 secs] 
2024-10-06T20:59:25.898+0300: 823.410: Total time for which application threads were stopped: 0.0014638 seconds, Stopping threads took: 0.0003377 seconds
2024-10-06T20:59:28.551+0300: 826.059: Application time: 2.6487098 seconds
2024-10-06T20:59:28.551+0300: 826.059: [GC (Allocation Failure) 2024-10-06T20:59:28.551+0300: 826.059: [ParNew: 247266K->2010K(276480K), 0.0008719 secs] 309101K->63846K(890880K), 0.0009505 secs] [Times: user=0.00 sys=0.00, real=0.00 secs] 
2024-10-06T20:59:28.551+0300: 826.060: Total time for which application threads were stopped: 0.0011680 seconds, Stopping threads took: 0.0001185 seconds
2024-10-06T20:59:31.173+0300: 828.675: Application time: 2.6151264 seconds
2024-10-06T20:59:31.173+0300: 828.676: [GC (Allocation Failure) 2024-10-06T20:59:31.173+0300: 828.676: [ParNew: 247768K->2282K(276480K), 0.0009209 secs] 309604K->64119K(890880K), 0.0010009 secs] [Times: user=0.00 sys=0.00, real=0.00 secs] 
2024-10-06T20:59:31.173+0300: 828.677: Total time for which application threads were stopped: 0.0013853 seconds, Stopping threads took: 0.0001834 seconds
2024-10-06T20:59:33.810+0300: 831.307: Application time: 2.6303333 seconds
2024-10-06T20:59:33.810+0300: 831.307: [GC (Allocation Failure) 2024-10-06T20:59:33.810+0300: 831.307: [ParNew: 248042K->1814K(276480K), 0.0008172 secs] 309879K->63653K(890880K), 0.0009240 secs] [Times: user=0.00 sys=0.00, real=0.00 secs] 
2024-10-06T20:59:33.810+0300: 831.308: Total time for which application threads were stopped: 0.0011861 seconds, Stopping threads took: 0.0001534 seconds
2024-10-06T20:59:36.431+0300: 833.930: Application time: 2.6215627 seconds
2024-10-06T20:59:36.431+0300: 833.930: [GC (Allocation Failure) 2024-10-06T20:59:36.431+0300: 833.930: [ParNew: 247479K->1615K(276480K), 0.0008200 secs] 309318K->63455K(890880K), 0.0008862 secs] [Times: user=0.00 sys=0.00, real=0.00 secs] 
2024-10-06T20:59:36.431+0300: 833.931: Total time for which application threads were stopped: 0.0011441 seconds, Stopping threads took: 0.0001651 seconds
2024-10-06T20:59:39.067+0300: 836.565: Application time: 2.6336114 seconds
2024-10-06T20:59:39.067+0300: 836.565: [GC (Allocation Failure) 2024-10-06T20:59:39.067+0300: 836.565: [ParNew: 247246K->2012K(276480K), 0.0007878 secs] 309087K->63854K(890880K), 0.0008477 secs] [Times: user=0.00 sys=0.00, real=0.00 secs] 
2024-10-06T20:59:39.067+0300: 836.566: Total time for which application threads were stopped: 0.0010937 seconds, Stopping threads took: 0.0001641 seconds
2024-10-06T20:59:41.703+0300: 839.200: Application time: 2.6346472 seconds
2024-10-06T20:59:41.703+0300: 839.201: [GC (Allocation Failure) 2024-10-06T20:59:41.703+0300: 839.201: [ParNew: 247514K->1814K(276480K), 0.0009864 secs] 309356K->63657K(890880K), 0.0010609 secs] [Times: user=0.00 sys=0.00, real=0.00 secs] 
2024-10-06T20:59:41.705+0300: 839.202: Total time for which application threads were stopped: 0.0012862 seconds, Stopping threads took: 0.0001281 seconds
2024-10-06T20:59:44.310+0300: 841.818: Application time: 2.6164632 seconds
2024-10-06T20:59:44.310+0300: 841.818: [GC (Allocation Failure) 2024-10-06T20:59:44.310+0300: 841.818: [ParNew: 247574K->2012K(276480K), 0.0008945 secs] 309417K->63856K(890880K), 0.0009887 secs] [Times: user=0.00 sys=0.00, real=0.00 secs] 
2024-10-06T20:59:44.310+0300: 841.819: Total time for which application threads were stopped: 0.0012638 seconds, Stopping threads took: 0.0001494 seconds
2024-10-06T20:59:46.962+0300: 844.468: Application time: 2.6485087 seconds
2024-10-06T20:59:46.962+0300: 844.468: [GC (Allocation Failure) 2024-10-06T20:59:46.962+0300: 844.468: [ParNew: 247772K->1617K(276480K), 0.0008181 secs] 309616K->63462K(890880K), 0.0008850 secs] [Times: user=0.00 sys=0.00, real=0.00 secs] 
2024-10-06T20:59:46.962+0300: 844.469: Total time for which application threads were stopped: 0.0011474 seconds, Stopping threads took: 0.0001647 seconds
2024-10-06T20:59:49.567+0300: 847.077: Application time: 2.6082456 seconds
2024-10-06T20:59:49.567+0300: 847.077: [GC (Allocation Failure) 2024-10-06T20:59:49.567+0300: 847.078: [ParNew: 247377K->2012K(276480K), 0.0008273 secs] 309222K->63859K(890880K), 0.0008953 secs] [Times: user=0.00 sys=0.00, real=0.00 secs] 
2024-10-06T20:59:49.567+0300: 847.078: Total time for which application threads were stopped: 0.0011169 seconds, Stopping threads took: 0.0001135 seconds
2024-10-06T20:59:52.235+0300: 849.737: Application time: 2.6584788 seconds
2024-10-06T20:59:52.235+0300: 849.737: [GC (Allocation Failure) 2024-10-06T20:59:52.235+0300: 849.737: [ParNew: 247772K->1615K(276480K), 0.0008423 secs] 309619K->63463K(890880K), 0.0009269 secs] [Times: user=0.00 sys=0.00, real=0.00 secs] 
2024-10-06T20:59:52.235+0300: 849.738: Total time for which application threads were stopped: 0.0011970 seconds, Stopping threads took: 0.0001569 seconds
2024-10-06T20:59:54.903+0300: 852.408: Application time: 2.6701678 seconds
2024-10-06T20:59:54.903+0300: 852.408: [GC (Allocation Failure) 2024-10-06T20:59:54.903+0300: 852.408: [ParNew: 247375K->2010K(276480K), 0.0010333 secs] 309223K->63860K(890880K), 0.0011085 secs] [Times: user=0.00 sys=0.00, real=0.00 secs] 
2024-10-06T20:59:54.903+0300: 852.410: Total time for which application threads were stopped: 0.0013546 seconds, Stopping threads took: 0.0001393 seconds
2024-10-06T20:59:57.525+0300: 855.025: Application time: 2.6158852 seconds
2024-10-06T20:59:57.525+0300: 855.026: [GC (Allocation Failure) 2024-10-06T20:59:57.525+0300: 855.026: [ParNew: 247671K->1814K(276480K), 0.0008184 secs] 309521K->63666K(890880K), 0.0008881 secs] [Times: user=0.00 sys=0.00, real=0.00 secs] 
2024-10-06T20:59:57.525+0300: 855.027: Total time for which application threads were stopped: 0.0010872 seconds, Stopping threads took: 0.0001077 seconds
2024-10-06T21:00:00.146+0300: 857.651: Application time: 2.6241929 seconds
2024-10-06T21:00:00.146+0300: 857.651: [GC (Allocation Failure) 2024-10-06T21:00:00.146+0300: 857.651: [ParNew: 247561K->1949K(276480K), 0.0010885 secs] 309412K->63802K(890880K), 0.0011554 secs] [Times: user=0.00 sys=0.00, real=0.00 secs] 
2024-10-06T21:00:00.146+0300: 857.652: Total time for which application threads were stopped: 0.0013327 seconds, Stopping threads took: 0.0000665 seconds
2024-10-06T21:00:02.783+0300: 860.288: Application time: 2.6356625 seconds
2024-10-06T21:00:02.783+0300: 860.288: [GC (Allocation Failure) 2024-10-06T21:00:02.783+0300: 860.288: [ParNew: 247691K->1615K(276480K), 0.0008837 secs] 309543K->63469K(890880K), 0.0009510 secs] [Times: user=0.00 sys=0.00, real=0.00 secs] 
2024-10-06T21:00:02.783+0300: 860.289: Total time for which application threads were stopped: 0.0012610 seconds, Stopping threads took: 0.0002182 seconds
2024-10-06T21:00:05.404+0300: 862.902: Application time: 2.6134285 seconds
2024-10-06T21:00:05.404+0300: 862.903: [GC (Allocation Failure) 2024-10-06T21:00:05.404+0300: 862.903: [ParNew: 247314K->2012K(276480K), 0.0009443 secs] 309168K->63868K(890880K), 0.0010179 secs] [Times: user=0.00 sys=0.00, real=0.00 secs] 
2024-10-06T21:00:05.404+0300: 862.904: Total time for which application threads were stopped: 0.0012519 seconds, Stopping threads took: 0.0001403 seconds
2024-10-06T21:00:08.053+0300: 865.549: Application time: 2.6456482 seconds
2024-10-06T21:00:08.053+0300: 865.550: [GC (Allocation Failure) 2024-10-06T21:00:08.053+0300: 865.550: [ParNew: 247772K->2012K(276480K), 0.0010025 secs] 309628K->63869K(890880K), 0.0011339 secs] [Times: user=0.00 sys=0.00, real=0.00 secs] 
2024-10-06T21:00:08.053+0300: 865.551: Total time for which application threads were stopped: 0.0013846 seconds, Stopping threads took: 0.0001125 seconds
2024-10-06T21:00:10.661+0300: 868.173: Application time: 2.6220718 seconds
2024-10-06T21:00:10.661+0300: 868.173: [GC (Allocation Failure) 2024-10-06T21:00:10.661+0300: 868.173: [ParNew: 247763K->1949K(276480K), 0.0009992 secs] 309620K->63807K(890880K), 0.0010966 secs] [Times: user=0.01 sys=0.00, real=0.02 secs] 
2024-10-06T21:00:10.677+0300: 868.174: Total time for which application threads were stopped: 0.0013745 seconds, Stopping threads took: 0.0001554 seconds
2024-10-06T21:00:13.329+0300: 870.829: Application time: 2.6552808 seconds
2024-10-06T21:00:13.329+0300: 870.830: [GC (Allocation Failure) 2024-10-06T21:00:13.329+0300: 870.830: [ParNew: 247572K->1612K(276480K), 0.0008632 secs] 309430K->63472K(890880K), 0.0009268 secs] [Times: user=0.00 sys=0.00, real=0.00 secs] 
2024-10-06T21:00:13.329+0300: 870.831: Total time for which application threads were stopped: 0.0011599 seconds, Stopping threads took: 0.0001343 seconds
2024-10-06T21:00:15.968+0300: 873.466: Application time: 2.6355897 seconds
2024-10-06T21:00:15.968+0300: 873.466: [GC (Allocation Failure) 2024-10-06T21:00:15.968+0300: 873.467: [ParNew: 247372K->2012K(276480K), 0.0008306 secs] 309232K->63873K(890880K), 0.0008991 secs] [Times: user=0.00 sys=0.00, real=0.00 secs] 
2024-10-06T21:00:15.968+0300: 873.467: Total time for which application threads were stopped: 0.0011595 seconds, Stopping threads took: 0.0001694 seconds
2024-10-06T21:00:18.588+0300: 876.098: Application time: 2.6307346 seconds
2024-10-06T21:00:18.588+0300: 876.098: [GC (Allocation Failure) 2024-10-06T21:00:18.588+0300: 876.098: [ParNew: 247772K->2020K(276480K), 0.0008049 secs] 309633K->63883K(890880K), 0.0008611 secs] [Times: user=0.00 sys=0.00, real=0.00 secs] 
2024-10-06T21:00:18.588+0300: 876.099: Total time for which application threads were stopped: 0.0010722 seconds, Stopping threads took: 0.0001251 seconds
2024-10-06T21:00:21.206+0300: 878.708: Application time: 2.6083270 seconds
2024-10-06T21:00:21.206+0300: 878.708: [GC (Allocation Failure) 2024-10-06T21:00:21.206+0300: 878.708: [ParNew: 247629K->2012K(276480K), 0.0008195 secs] 309491K->63876K(890880K), 0.0009093 secs] [Times: user=0.00 sys=0.00, real=0.00 secs] 
2024-10-06T21:00:21.206+0300: 878.709: Total time for which application threads were stopped: 0.0011851 seconds, Stopping threads took: 0.0001545 seconds
2024-10-06T21:00:23.859+0300: 881.371: Application time: 2.6622144 seconds
2024-10-06T21:00:23.874+0300: 881.371: [GC (Allocation Failure) 2024-10-06T21:00:23.874+0300: 881.371: [ParNew: 247531K->1612K(276480K), 0.0010702 secs] 309395K->63478K(890880K), 0.0011527 secs] [Times: user=0.00 sys=0.00, real=0.00 secs] 
2024-10-06T21:00:23.874+0300: 881.372: Total time for which application threads were stopped: 0.0014476 seconds, Stopping threads took: 0.0001943 seconds
2024-10-06T21:00:26.463+0300: 883.974: Application time: 2.6016172 seconds
2024-10-06T21:00:26.463+0300: 883.974: [GC (Allocation Failure) 2024-10-06T21:00:26.463+0300: 883.974: [ParNew: 247372K->2282K(276480K), 0.0009453 secs] 309238K->64148K(890880K), 0.0010414 secs] [Times: user=0.02 sys=0.00, real=0.01 secs] 
2024-10-06T21:00:26.478+0300: 883.975: Total time for which application threads were stopped: 0.0013963 seconds, Stopping threads took: 0.0002177 seconds
2024-10-06T21:00:29.116+0300: 886.613: Application time: 2.6377923 seconds
2024-10-06T21:00:29.116+0300: 886.613: [GC (Allocation Failure) 2024-10-06T21:00:29.116+0300: 886.614: [ParNew: 248042K->1617K(276480K), 0.0008339 secs] 309908K->63485K(890880K), 0.0009205 secs] [Times: user=0.00 sys=0.00, real=0.00 secs] 
2024-10-06T21:00:29.116+0300: 886.614: Total time for which application threads were stopped: 0.0012091 seconds, Stopping threads took: 0.0001812 seconds
2024-10-06T21:00:31.706+0300: 889.209: Application time: 2.5948051 seconds
2024-10-06T21:00:31.706+0300: 889.209: [GC (Allocation Failure) 2024-10-06T21:00:31.706+0300: 889.210: [ParNew: 247294K->2477K(276480K), 0.0009167 secs] 309162K->64347K(890880K), 0.0009881 secs] [Times: user=0.02 sys=0.00, real=0.00 secs] 
2024-10-06T21:00:31.706+0300: 889.211: Total time for which application threads were stopped: 0.0012706 seconds, Stopping threads took: 0.0001766 seconds
2024-10-06T21:00:34.358+0300: 891.868: Application time: 2.6570484 seconds
2024-10-06T21:00:34.358+0300: 891.868: [GC (Allocation Failure) 2024-10-06T21:00:34.358+0300: 891.868: [ParNew: 248190K->1751K(276480K), 0.0009728 secs] 310060K->63622K(890880K), 0.0010594 secs] [Times: user=0.00 sys=0.00, real=0.00 secs] 
2024-10-06T21:00:34.358+0300: 891.869: Total time for which application threads were stopped: 0.0013594 seconds, Stopping threads took: 0.0001697 seconds
2024-10-06T21:00:36.980+0300: 894.482: Application time: 2.6129086 seconds
2024-10-06T21:00:36.980+0300: 894.482: [GC (Allocation Failure) 2024-10-06T21:00:36.980+0300: 894.482: [ParNew: 247418K->2208K(276480K), 0.0010777 secs] 309288K->64080K(890880K), 0.0011594 secs] [Times: user=0.02 sys=0.00, real=0.00 secs] 
2024-10-06T21:00:36.980+0300: 894.483: Total time for which application threads were stopped: 0.0013965 seconds, Stopping threads took: 0.0001259 seconds
2024-10-06T21:00:39.616+0300: 897.118: Application time: 2.6349063 seconds
2024-10-06T21:00:39.616+0300: 897.118: [GC (Allocation Failure) 2024-10-06T21:00:39.616+0300: 897.118: [ParNew: 247951K->2282K(276480K), 0.0008987 secs] 309823K->64155K(890880K), 0.0009739 secs] [Times: user=0.00 sys=0.00, real=0.00 secs] 
2024-10-06T21:00:39.616+0300: 897.119: Total time for which application threads were stopped: 0.0012384 seconds, Stopping threads took: 0.0001704 seconds
2024-10-06T21:00:42.237+0300: 899.739: Application time: 2.6196319 seconds
2024-10-06T21:00:42.237+0300: 899.739: [GC (Allocation Failure) 2024-10-06T21:00:42.237+0300: 899.739: [ParNew: 248042K->2008K(276480K), 0.0011264 secs] 309915K->63883K(890880K), 0.0012128 secs] [Times: user=0.00 sys=0.00, real=0.00 secs] 
2024-10-06T21:00:42.237+0300: 899.740: Total time for which application threads were stopped: 0.0014396 seconds, Stopping threads took: 0.0001223 seconds
2024-10-06T21:00:44.841+0300: 902.352: Application time: 2.6120314 seconds
2024-10-06T21:00:44.841+0300: 902.353: [GC (Allocation Failure) 2024-10-06T21:00:44.841+0300: 902.353: [ParNew: 247768K->2012K(276480K), 0.0008661 secs] 309643K->63889K(890880K), 0.0009558 secs] [Times: user=0.00 sys=0.00, real=0.02 secs] 
2024-10-06T21:00:44.857+0300: 902.354: Total time for which application threads were stopped: 0.0012261 seconds, Stopping threads took: 0.0001515 seconds
2024-10-06T21:00:47.462+0300: 904.970: Application time: 2.6165784 seconds
2024-10-06T21:00:47.462+0300: 904.971: [GC (Allocation Failure) 2024-10-06T21:00:47.462+0300: 904.971: [ParNew: 247720K->2475K(276480K), 0.0009273 secs] 309596K->64353K(890880K), 0.0010228 secs] [Times: user=0.00 sys=0.00, real=0.00 secs] 
2024-10-06T21:00:47.462+0300: 904.972: Total time for which application threads were stopped: 0.0013574 seconds, Stopping threads took: 0.0002027 seconds
2024-10-06T21:00:50.098+0300: 907.606: Application time: 2.6344040 seconds
2024-10-06T21:00:50.098+0300: 907.606: [GC (Allocation Failure) 2024-10-06T21:00:50.098+0300: 907.606: [ParNew: 248235K->2082K(276480K), 0.0008216 secs] 310113K->63961K(890880K), 0.0009058 secs] [Times: user=0.00 sys=0.00, real=0.00 secs] 
2024-10-06T21:00:50.098+0300: 907.607: Total time for which application threads were stopped: 0.0011887 seconds, Stopping threads took: 0.0001717 seconds
2024-10-06T21:00:52.718+0300: 910.217: Application time: 2.6094770 seconds
2024-10-06T21:00:52.718+0300: 910.217: [GC (Allocation Failure) 2024-10-06T21:00:52.718+0300: 910.217: [ParNew: 247625K->1814K(276480K), 0.0008330 secs] 309504K->63695K(890880K), 0.0009139 secs] [Times: user=0.00 sys=0.00, real=0.00 secs] 
2024-10-06T21:00:52.718+0300: 910.218: Total time for which application threads were stopped: 0.0011690 seconds, Stopping threads took: 0.0001558 seconds
2024-10-06T21:00:55.370+0300: 912.879: Application time: 2.6610706 seconds
2024-10-06T21:00:55.370+0300: 912.879: [GC (Allocation Failure) 2024-10-06T21:00:55.370+0300: 912.879: [ParNew: 247574K->1617K(276480K), 0.0009179 secs] 309455K->63499K(890880K), 0.0010026 secs] [Times: user=0.00 sys=0.00, real=0.00 secs] 
2024-10-06T21:00:55.370+0300: 912.880: Total time for which application threads were stopped: 0.0012533 seconds, Stopping threads took: 0.0001356 seconds
2024-10-06T21:00:58.006+0300: 915.513: Application time: 2.6323369 seconds
2024-10-06T21:00:58.006+0300: 915.513: [GC (Allocation Failure) 2024-10-06T21:00:58.006+0300: 915.513: [ParNew: 247331K->1419K(276480K), 0.0008576 secs] 309213K->63302K(890880K), 0.0009302 secs] [Times: user=0.00 sys=0.00, real=0.00 secs] 
2024-10-06T21:00:58.006+0300: 915.514: Total time for which application threads were stopped: 0.0011454 seconds, Stopping threads took: 0.0001165 seconds
2024-10-06T21:01:00.627+0300: 918.136: Application time: 2.6219565 seconds
2024-10-06T21:01:00.627+0300: 918.136: [GC (Allocation Failure) 2024-10-06T21:01:00.627+0300: 918.136: [ParNew: 247159K->2147K(276480K), 0.0009123 secs] 309043K->64032K(890880K), 0.0009968 secs] [Times: user=0.00 sys=0.00, real=0.00 secs] 
2024-10-06T21:01:00.627+0300: 918.137: Total time for which application threads were stopped: 0.0012665 seconds, Stopping threads took: 0.0001641 seconds
2024-10-06T21:01:03.263+0300: 920.766: Application time: 2.6294702 seconds
2024-10-06T21:01:03.263+0300: 920.767: [GC (Allocation Failure) 2024-10-06T21:01:03.263+0300: 920.767: [ParNew: 247907K->2014K(276480K), 0.0008813 secs] 309792K->63900K(890880K), 0.0009640 secs] [Times: user=0.00 sys=0.00, real=0.00 secs] 
2024-10-06T21:01:03.263+0300: 920.768: Total time for which application threads were stopped: 0.0012005 seconds, Stopping threads took: 0.0001132 seconds
2024-10-06T21:01:05.884+0300: 923.388: Application time: 2.6200170 seconds
2024-10-06T21:01:05.884+0300: 923.388: [GC (Allocation Failure) 2024-10-06T21:01:05.884+0300: 923.388: [ParNew: 247763K->2208K(276480K), 0.0008409 secs] 309649K->64095K(890880K), 0.0009205 secs] [Times: user=0.00 sys=0.00, real=0.00 secs] 
2024-10-06T21:01:05.884+0300: 923.389: Total time for which application threads were stopped: 0.0011301 seconds, Stopping threads took: 0.0001122 seconds
2024-10-06T21:01:08.520+0300: 926.024: Application time: 2.6352728 seconds
2024-10-06T21:01:08.520+0300: 926.024: [GC (Allocation Failure) 2024-10-06T21:01:08.520+0300: 926.024: [ParNew: 247736K->2012K(276480K), 0.0009765 secs] 309623K->63901K(890880K), 0.0010686 secs] [Times: user=0.01 sys=0.00, real=0.00 secs] 
2024-10-06T21:01:08.520+0300: 926.025: Total time for which application threads were stopped: 0.0013056 seconds, Stopping threads took: 0.0001360 seconds
2024-10-06T21:01:11.186+0300: 928.694: Application time: 2.6686146 seconds
2024-10-06T21:01:11.186+0300: 928.694: [GC (Allocation Failure) 2024-10-06T21:01:11.186+0300: 928.694: [ParNew: 247746K->2282K(276480K), 0.0009475 secs] 309635K->64172K(890880K), 0.0010163 secs] [Times: user=0.00 sys=0.00, real=0.00 secs] 
2024-10-06T21:01:11.186+0300: 928.695: Total time for which application threads were stopped: 0.0012307 seconds, Stopping threads took: 0.0001171 seconds
2024-10-06T21:01:13.792+0300: 931.299: Application time: 2.6040422 seconds
2024-10-06T21:01:13.792+0300: 931.300: [GC (Allocation Failure) 2024-10-06T21:01:13.792+0300: 931.300: [ParNew: 248042K->1812K(276480K), 0.0010380 secs] 309932K->63704K(890880K), 0.0011511 secs] [Times: user=0.00 sys=0.00, real=0.00 secs] 
2024-10-06T21:01:13.792+0300: 931.301: Total time for which application threads were stopped: 0.0014598 seconds, Stopping threads took: 0.0001706 seconds
2024-10-06T21:01:16.428+0300: 933.935: Application time: 2.6345016 seconds
2024-10-06T21:01:16.428+0300: 933.935: [GC (Allocation Failure) 2024-10-06T21:01:16.428+0300: 933.936: [ParNew: 247572K->2012K(276480K), 0.0009039 secs] 309464K->63905K(890880K), 0.0009818 secs] [Times: user=0.00 sys=0.00, real=0.00 secs] 
2024-10-06T21:01:16.428+0300: 933.936: Total time for which application threads were stopped: 0.0012572 seconds, Stopping threads took: 0.0001531 seconds
2024-10-06T21:01:19.066+0300: 936.568: Application time: 2.6314579 seconds
2024-10-06T21:01:19.066+0300: 936.568: [GC (Allocation Failure) 2024-10-06T21:01:19.066+0300: 936.568: [ParNew: 247565K->1814K(276480K), 0.0008499 secs] 309458K->63709K(890880K), 0.0009333 secs] [Times: user=0.00 sys=0.00, real=0.00 secs] 
2024-10-06T21:01:19.066+0300: 936.569: Total time for which application threads were stopped: 0.0012344 seconds, Stopping threads took: 0.0001612 seconds
2024-10-06T21:01:21.669+0300: 939.178: Application time: 2.6088353 seconds
2024-10-06T21:01:21.669+0300: 939.178: [GC (Allocation Failure) 2024-10-06T21:01:21.669+0300: 939.178: [ParNew: 247450K->2210K(276480K), 0.0008793 secs] 309345K->64106K(890880K), 0.0009486 secs] [Times: user=0.00 sys=0.00, real=0.00 secs] 
2024-10-06T21:01:21.669+0300: 939.179: Total time for which application threads were stopped: 0.0012171 seconds, Stopping threads took: 0.0001772 seconds
2024-10-06T21:01:24.322+0300: 941.821: Application time: 2.6414688 seconds
2024-10-06T21:01:24.322+0300: 941.821: [GC (Allocation Failure) 2024-10-06T21:01:24.322+0300: 941.821: [ParNew: 247862K->1814K(276480K), 0.0009198 secs] 309758K->63712K(890880K), 0.0010094 secs] [Times: user=0.00 sys=0.00, real=0.00 secs] 
2024-10-06T21:01:24.322+0300: 941.822: Total time for which application threads were stopped: 0.0013107 seconds, Stopping threads took: 0.0001963 seconds
2024-10-06T21:01:26.958+0300: 944.464: Application time: 2.6419807 seconds
2024-10-06T21:01:26.958+0300: 944.464: [GC (Allocation Failure) 2024-10-06T21:01:26.958+0300: 944.464: [ParNew: 247509K->1812K(276480K), 0.0009129 secs] 309406K->63711K(890880K), 0.0010100 secs] [Times: user=0.00 sys=0.00, real=0.00 secs] 
2024-10-06T21:01:26.958+0300: 944.465: Total time for which application threads were stopped: 0.0012801 seconds, Stopping threads took: 0.0001528 seconds
2024-10-06T21:01:29.579+0300: 947.084: Application time: 2.6191439 seconds
2024-10-06T21:01:29.579+0300: 947.085: [GC (Allocation Failure) 2024-10-06T21:01:29.579+0300: 947.085: [ParNew: 247572K->1812K(276480K), 0.0008705 secs] 309471K->63712K(890880K), 0.0009456 secs] [Times: user=0.00 sys=0.00, real=0.00 secs] 
2024-10-06T21:01:29.579+0300: 947.086: Total time for which application threads were stopped: 0.0011727 seconds, Stopping threads took: 0.0001245 seconds
2024-10-06T21:01:32.185+0300: 949.697: Application time: 2.6109215 seconds
2024-10-06T21:01:32.200+0300: 949.697: [GC (Allocation Failure) 2024-10-06T21:01:32.200+0300: 949.697: [ParNew: 247498K->1814K(276480K), 0.0009786 secs] 309398K->63716K(890880K), 0.0010954 secs] [Times: user=0.00 sys=0.00, real=0.00 secs] 
2024-10-06T21:01:32.200+0300: 949.698: Total time for which application threads were stopped: 0.0014396 seconds, Stopping threads took: 0.0001946 seconds
2024-10-06T21:01:34.838+0300: 952.335: Application time: 2.6365495 seconds
2024-10-06T21:01:34.838+0300: 952.335: [GC (Allocation Failure) 2024-10-06T21:01:34.838+0300: 952.335: [ParNew: 247574K->1814K(276480K), 0.0008980 secs] 309476K->63717K(890880K), 0.0009725 secs] [Times: user=0.02 sys=0.00, real=0.00 secs] 
2024-10-06T21:01:34.838+0300: 952.336: Total time for which application threads were stopped: 0.0012004 seconds, Stopping threads took: 0.0001009 seconds
2024-10-06T21:01:37.443+0300: 954.952: Application time: 2.6166383 seconds
2024-10-06T21:01:37.443+0300: 954.953: [GC (Allocation Failure) 2024-10-06T21:01:37.443+0300: 954.953: [ParNew: 247574K->2082K(276480K), 0.0009826 secs] 309477K->63986K(890880K), 0.0011163 secs] [Times: user=0.00 sys=0.00, real=0.00 secs] 
2024-10-06T21:01:37.443+0300: 954.954: Total time for which application threads were stopped: 0.0014130 seconds, Stopping threads took: 0.0001489 seconds
2024-10-06T21:01:40.063+0300: 957.565: Application time: 2.6108203 seconds
2024-10-06T21:01:40.063+0300: 957.565: [GC (Allocation Failure) 2024-10-06T21:01:40.063+0300: 957.565: [ParNew: 247665K->1814K(276480K), 0.0009524 secs] 309569K->63720K(890880K), 0.0010416 secs] [Times: user=0.00 sys=0.00, real=0.00 secs] 
2024-10-06T21:01:40.063+0300: 957.566: Total time for which application threads were stopped: 0.0013380 seconds, Stopping threads took: 0.0001679 seconds
2024-10-06T21:01:42.701+0300: 960.201: Application time: 2.6354621 seconds
2024-10-06T21:01:42.701+0300: 960.202: [GC (Allocation Failure) 2024-10-06T21:01:42.701+0300: 960.202: [ParNew: 247574K->1615K(276480K), 0.0009370 secs] 309480K->63522K(890880K), 0.0010296 secs] [Times: user=0.00 sys=0.00, real=0.00 secs] 
2024-10-06T21:01:42.701+0300: 960.203: Total time for which application threads were stopped: 0.0013810 seconds, Stopping threads took: 0.0002183 seconds
2024-10-06T21:01:45.309+0300: 962.814: Application time: 2.6114129 seconds
2024-10-06T21:01:45.309+0300: 962.814: [GC (Allocation Failure) 2024-10-06T21:01:45.309+0300: 962.814: [ParNew: 247375K->1617K(276480K), 0.0008840 secs] 309282K->63525K(890880K), 0.0009874 secs] [Times: user=0.02 sys=0.00, real=0.00 secs] 
2024-10-06T21:01:45.309+0300: 962.815: Total time for which application threads were stopped: 0.0012429 seconds, Stopping threads took: 0.0001267 seconds
2024-10-06T21:01:47.937+0300: 965.438: Application time: 2.6220776 seconds
2024-10-06T21:01:47.937+0300: 965.438: [GC (Allocation Failure) 2024-10-06T21:01:47.937+0300: 965.438: [ParNew: 247373K->2012K(276480K), 0.0008622 secs] 309281K->63922K(890880K), 0.0009494 secs] [Times: user=0.00 sys=0.00, real=0.00 secs] 
2024-10-06T21:01:47.937+0300: 965.439: Total time for which application threads were stopped: 0.0012134 seconds, Stopping threads took: 0.0001528 seconds
2024-10-06T21:01:50.567+0300: 968.068: Application time: 2.6295550 seconds
2024-10-06T21:01:50.567+0300: 968.069: [GC (Allocation Failure) 2024-10-06T21:01:50.567+0300: 968.069: [ParNew: 247648K->1814K(276480K), 0.0008956 secs] 309558K->63725K(890880K), 0.0009733 secs] [Times: user=0.01 sys=0.00, real=0.00 secs] 
2024-10-06T21:01:50.567+0300: 968.070: Total time for which application threads were stopped: 0.0012397 seconds, Stopping threads took: 0.0001472 seconds
2024-10-06T21:01:53.233+0300: 970.732: Application time: 2.6620174 seconds
2024-10-06T21:01:53.233+0300: 970.732: [GC (Allocation Failure) 2024-10-06T21:01:53.233+0300: 970.732: [ParNew: 247487K->1814K(276480K), 0.0009722 secs] 309398K->63727K(890880K), 0.0010505 secs] [Times: user=0.00 sys=0.00, real=0.00 secs] 
2024-10-06T21:01:53.233+0300: 970.733: Total time for which application threads were stopped: 0.0013639 seconds, Stopping threads took: 0.0001770 seconds
2024-10-06T21:01:55.871+0300: 973.382: Application time: 2.6490681 seconds
2024-10-06T21:01:55.871+0300: 973.382: [GC (Allocation Failure) 2024-10-06T21:01:55.871+0300: 973.382: [ParNew: 247574K->1615K(276480K), 0.0009299 secs] 309487K->63529K(890880K), 0.0010135 secs] [Times: user=0.03 sys=0.00, real=0.01 secs] 
2024-10-06T21:01:55.886+0300: 973.383: Total time for which application threads were stopped: 0.0012591 seconds, Stopping threads took: 0.0001330 seconds
2024-10-06T21:01:58.492+0300: 975.995: Application time: 2.6117504 seconds
2024-10-06T21:01:58.492+0300: 975.995: [GC (Allocation Failure) 2024-10-06T21:01:58.492+0300: 975.995: [ParNew: 247375K->1221K(276480K), 0.0010408 secs] 309289K->63137K(890880K), 0.0011467 secs] [Times: user=0.00 sys=0.00, real=0.00 secs] 
2024-10-06T21:01:58.492+0300: 975.996: Total time for which application threads were stopped: 0.0014509 seconds, Stopping threads took: 0.0001843 seconds
2024-10-06T21:02:01.114+0300: 978.618: Application time: 2.6214876 seconds
2024-10-06T21:02:01.114+0300: 978.618: [GC (Allocation Failure) 2024-10-06T21:02:01.114+0300: 978.618: [ParNew: 246981K->1812K(276480K), 0.0008894 secs] 308897K->63729K(890880K), 0.0009855 secs] [Times: user=0.01 sys=0.00, real=0.00 secs] 
2024-10-06T21:02:01.114+0300: 978.619: Total time for which application threads were stopped: 0.0013159 seconds, Stopping threads took: 0.0001848 seconds
2024-10-06T21:02:03.750+0300: 981.257: Application time: 2.6375618 seconds
2024-10-06T21:02:03.750+0300: 981.257: [GC (Allocation Failure) 2024-10-06T21:02:03.750+0300: 981.257: [ParNew: 247572K->2010K(276480K), 0.0009396 secs] 309489K->63928K(890880K), 0.0010612 secs] [Times: user=0.00 sys=0.01, real=0.00 secs] 
2024-10-06T21:02:03.750+0300: 981.258: Total time for which application threads were stopped: 0.0013416 seconds, Stopping threads took: 0.0001336 seconds
2024-10-06T21:02:03.781+0300: 981.288: Application time: 0.0299049 seconds
2024-10-06T21:02:03.781+0300: 981.288: Total time for which application threads were stopped: 0.0002038 seconds, Stopping threads took: 0.0001038 seconds
2024-10-06T21:02:04.456+0300: 981.954: Application time: 0.6655152 seconds
2024-10-06T21:02:04.456+0300: 981.954: Total time for which application threads were stopped: 0.0005996 seconds, Stopping threads took: 0.0005533 seconds
2024-10-06T21:02:06.607+0300: 984.106: Application time: 2.1512392 seconds
2024-10-06T21:02:06.607+0300: 984.106: [GC (Allocation Failure) 2024-10-06T21:02:06.607+0300: 984.106: [ParNew: 247525K->1420K(276480K), 0.0010342 secs] 309443K->63340K(890880K), 0.0011781 secs] [Times: user=0.00 sys=0.00, real=0.00 secs] 
2024-10-06T21:02:06.607+0300: 984.107: Total time for which application threads were stopped: 0.0015730 seconds, Stopping threads took: 0.0002195 seconds
2024-10-06T21:02:09.213+0300: 986.722: Application time: 2.6148921 seconds
2024-10-06T21:02:09.213+0300: 986.722: [GC (Allocation Failure) 2024-10-06T21:02:09.213+0300: 986.722: [ParNew: 247180K->1619K(276480K), 0.0009104 secs] 309100K->63540K(890880K), 0.0010354 secs] [Times: user=0.00 sys=0.00, real=0.00 secs] 
2024-10-06T21:02:09.213+0300: 986.723: Total time for which application threads were stopped: 0.0012792 seconds, Stopping threads took: 0.0000826 seconds
2024-10-06T21:02:11.822+0300: 989.321: Application time: 2.5975173 seconds
2024-10-06T21:02:11.822+0300: 989.321: [GC (Allocation Failure) 2024-10-06T21:02:11.822+0300: 989.321: [ParNew: 247337K->2017K(276480K), 0.0009284 secs] 309258K->63939K(890880K), 0.0010111 secs] [Times: user=0.00 sys=0.00, real=0.00 secs] 
2024-10-06T21:02:11.822+0300: 989.322: Total time for which application threads were stopped: 0.0012574 seconds, Stopping threads took: 0.0001321 seconds
2024-10-06T21:02:14.456+0300: 991.965: Application time: 2.6423637 seconds
2024-10-06T21:02:14.456+0300: 991.965: [GC (Allocation Failure) 2024-10-06T21:02:14.456+0300: 991.965: [ParNew: 247777K->2018K(276480K), 0.0008940 secs] 309699K->63941K(890880K), 0.0009765 secs] [Times: user=0.00 sys=0.00, real=0.00 secs] 
2024-10-06T21:02:14.456+0300: 991.966: Total time for which application threads were stopped: 0.0012624 seconds, Stopping threads took: 0.0001754 seconds
2024-10-06T21:02:17.108+0300: 994.612: Application time: 2.6466347 seconds
2024-10-06T21:02:17.108+0300: 994.613: [GC (Allocation Failure) 2024-10-06T21:02:17.108+0300: 994.613: [ParNew: 247518K->1616K(276480K), 0.0008642 secs] 309442K->63542K(890880K), 0.0009573 secs] [Times: user=0.00 sys=0.00, real=0.00 secs] 
2024-10-06T21:02:17.108+0300: 994.614: Total time for which application threads were stopped: 0.0012106 seconds, Stopping threads took: 0.0001221 seconds
2024-10-06T21:02:19.760+0300: 997.268: Application time: 2.6544595 seconds
2024-10-06T21:02:19.760+0300: 997.269: [GC (Allocation Failure) 2024-10-06T21:02:19.760+0300: 997.269: [ParNew: 247320K->1558K(276480K), 0.0010546 secs] 309245K->63485K(890880K), 0.0012031 secs] [Times: user=0.00 sys=0.00, real=0.00 secs] 
2024-10-06T21:02:19.760+0300: 997.270: Total time for which application threads were stopped: 0.0016119 seconds, Stopping threads took: 0.0002399 seconds
2024-10-06T21:02:22.381+0300: 999.892: Application time: 2.6224522 seconds
2024-10-06T21:02:22.381+0300: 999.892: [GC (Allocation Failure) 2024-10-06T21:02:22.381+0300: 999.892: [ParNew: 247318K->2080K(276480K), 0.0013682 secs] 309245K->64012K(890880K), 0.0014684 secs] [Times: user=0.00 sys=0.00, real=0.01 secs] 
2024-10-06T21:02:22.396+0300: 999.894: Total time for which application threads were stopped: 0.0017050 seconds, Stopping threads took: 0.0001207 seconds
2024-10-06T21:02:25.050+0300: 1002.555: Application time: 2.6608609 seconds
2024-10-06T21:02:25.050+0300: 1002.555: [GC (Allocation Failure) 2024-10-06T21:02:25.050+0300: 1002.555: [ParNew: 247691K->2012K(276480K), 0.0008289 secs] 309623K->63946K(890880K), 0.0008999 secs] [Times: user=0.00 sys=0.00, real=0.00 secs] 
2024-10-06T21:02:25.050+0300: 1002.556: Total time for which application threads were stopped: 0.0010917 seconds, Stopping threads took: 0.0000985 seconds
2024-10-06T21:02:27.655+0300: 1005.160: Application time: 2.6041243 seconds
2024-10-06T21:02:27.655+0300: 1005.160: [GC (Allocation Failure) 2024-10-06T21:02:27.655+0300: 1005.160: [ParNew: 247757K->2147K(276480K), 0.0010731 secs] 309690K->64082K(890880K), 0.0011511 secs] [Times: user=0.00 sys=0.00, real=0.00 secs] 
2024-10-06T21:02:27.655+0300: 1005.161: Total time for which application threads were stopped: 0.0014615 seconds, Stopping threads took: 0.0001939 seconds
2024-10-06T21:02:30.308+0300: 1007.807: Application time: 2.6459459 seconds
2024-10-06T21:02:30.308+0300: 1007.808: [GC (Allocation Failure) 2024-10-06T21:02:30.308+0300: 1007.808: [ParNew: 247907K->2012K(276480K), 0.0008440 secs] 309842K->63948K(890880K), 0.0009009 secs] [Times: user=0.00 sys=0.00, real=0.00 secs] 
2024-10-06T21:02:30.308+0300: 1007.809: Total time for which application threads were stopped: 0.0011534 seconds, Stopping threads took: 0.0001589 seconds
2024-10-06T21:02:32.928+0300: 1010.435: Application time: 2.6265752 seconds
2024-10-06T21:02:32.928+0300: 1010.435: [GC (Allocation Failure) 2024-10-06T21:02:32.928+0300: 1010.435: [ParNew: 247768K->2012K(276480K), 0.0007890 secs] 309704K->63950K(890880K), 0.0008632 secs] [Times: user=0.00 sys=0.00, real=0.00 secs] 
2024-10-06T21:02:32.928+0300: 1010.436: Total time for which application threads were stopped: 0.0011054 seconds, Stopping threads took: 0.0001519 seconds
2024-10-06T21:02:35.528+0300: 1013.027: Application time: 2.5902735 seconds
2024-10-06T21:02:35.528+0300: 1013.027: [GC (Allocation Failure) 2024-10-06T21:02:35.528+0300: 1013.027: [ParNew: 247772K->1814K(276480K), 0.0009150 secs] 309710K->63754K(890880K), 0.0010062 secs] [Times: user=0.00 sys=0.00, real=0.00 secs] 
2024-10-06T21:02:35.528+0300: 1013.028: Total time for which application threads were stopped: 0.0012899 seconds, Stopping threads took: 0.0001774 seconds
2024-10-06T21:02:38.187+0300: 1015.684: Application time: 2.6562740 seconds
2024-10-06T21:02:38.187+0300: 1015.684: [GC (Allocation Failure) 2024-10-06T21:02:38.187+0300: 1015.684: [ParNew: 247574K->1617K(276480K), 0.0008039 secs] 309514K->63557K(890880K), 0.0008801 secs] [Times: user=0.00 sys=0.00, real=0.00 secs] 
2024-10-06T21:02:38.187+0300: 1015.685: Total time for which application threads were stopped: 0.0011526 seconds, Stopping threads took: 0.0001741 seconds
2024-10-06T21:02:40.776+0300: 1018.284: Application time: 2.5989607 seconds
2024-10-06T21:02:40.776+0300: 1018.284: [GC (Allocation Failure) 2024-10-06T21:02:40.776+0300: 1018.284: [ParNew: 247377K->1615K(276480K), 0.0008261 secs] 309317K->63556K(890880K), 0.0008947 secs] [Times: user=0.00 sys=0.00, real=0.00 secs] 
2024-10-06T21:02:40.776+0300: 1018.285: Total time for which application threads were stopped: 0.0011204 seconds, Stopping threads took: 0.0001360 seconds
2024-10-06T21:02:43.414+0300: 1020.920: Application time: 2.6344419 seconds
2024-10-06T21:02:43.414+0300: 1020.920: [GC (Allocation Failure) 2024-10-06T21:02:43.414+0300: 1020.920: [ParNew: 247192K->2012K(276480K), 0.0008172 secs] 309134K->63956K(890880K), 0.0008834 secs] [Times: user=0.00 sys=0.00, real=0.00 secs] 
2024-10-06T21:02:43.414+0300: 1020.921: Total time for which application threads were stopped: 0.0010979 seconds, Stopping threads took: 0.0001300 seconds
2024-10-06T21:02:46.035+0300: 1023.542: Application time: 2.6208091 seconds
2024-10-06T21:02:46.035+0300: 1023.542: [GC (Allocation Failure) 2024-10-06T21:02:46.035+0300: 1023.542: [ParNew: 247697K->1617K(276480K), 0.0008173 secs] 309640K->63561K(890880K), 0.0008914 secs] [Times: user=0.00 sys=0.00, real=0.00 secs] 
2024-10-06T21:02:46.035+0300: 1023.543: Total time for which application threads were stopped: 0.0011133 seconds, Stopping threads took: 0.0001198 seconds
2024-10-06T21:02:48.654+0300: 1026.152: Application time: 2.6088599 seconds
2024-10-06T21:02:48.654+0300: 1026.152: [GC (Allocation Failure) 2024-10-06T21:02:48.654+0300: 1026.152: [ParNew: 247377K->2008K(276480K), 0.0008869 secs] 309321K->63954K(890880K), 0.0009488 secs] [Times: user=0.00 sys=0.00, real=0.00 secs] 
2024-10-06T21:02:48.654+0300: 1026.153: Total time for which application threads were stopped: 0.0012046 seconds, Stopping threads took: 0.0001702 seconds
2024-10-06T21:02:51.291+0300: 1028.802: Application time: 2.6490282 seconds
2024-10-06T21:02:51.291+0300: 1028.802: [GC (Allocation Failure) 2024-10-06T21:02:51.291+0300: 1028.802: [ParNew: 247667K->1814K(276480K), 0.0009825 secs] 309614K->63762K(890880K), 0.0010633 secs] [Times: user=0.01 sys=0.00, real=0.02 secs] 
2024-10-06T21:02:51.306+0300: 1028.803: Total time for which application threads were stopped: 0.0012994 seconds, Stopping threads took: 0.0001264 seconds
2024-10-06T21:02:53.911+0300: 1031.422: Application time: 2.6183036 seconds
2024-10-06T21:02:53.911+0300: 1031.422: [GC (Allocation Failure) 2024-10-06T21:02:53.911+0300: 1031.422: [ParNew: 247456K->2012K(276480K), 0.0009019 secs] 309404K->63961K(890880K), 0.0009938 secs] [Times: user=0.00 sys=0.00, real=0.00 secs] 
2024-10-06T21:02:53.911+0300: 1031.423: Total time for which application threads were stopped: 0.0012825 seconds, Stopping threads took: 0.0001823 seconds
2024-10-06T21:02:56.548+0300: 1034.050: Application time: 2.6269760 seconds
2024-10-06T21:02:56.548+0300: 1034.050: [GC (Allocation Failure) 2024-10-06T21:02:56.548+0300: 1034.050: [ParNew: 247772K->2012K(276480K), 0.0008314 secs] 309721K->63962K(890880K), 0.0009113 secs] [Times: user=0.00 sys=0.00, real=0.00 secs] 
2024-10-06T21:02:56.548+0300: 1034.051: Total time for which application threads were stopped: 0.0011582 seconds, Stopping threads took: 0.0001476 seconds
2024-10-06T21:02:59.172+0300: 1036.677: Application time: 2.6256292 seconds
2024-10-06T21:02:59.172+0300: 1036.677: [GC (Allocation Failure) 2024-10-06T21:02:59.172+0300: 1036.677: [ParNew: 247682K->1814K(276480K), 0.0008741 secs] 309632K->63766K(890880K), 0.0009488 secs] [Times: user=0.00 sys=0.00, real=0.00 secs] 
2024-10-06T21:02:59.172+0300: 1036.678: Total time for which application threads were stopped: 0.0012036 seconds, Stopping threads took: 0.0001631 seconds
2024-10-06T21:03:01.777+0300: 1039.284: Application time: 2.6058034 seconds
2024-10-06T21:03:01.777+0300: 1039.284: [GC (Allocation Failure) 2024-10-06T21:03:01.777+0300: 1039.284: [ParNew: 247378K->2010K(276480K), 0.0008973 secs] 309330K->63963K(890880K), 0.0009695 secs] [Times: user=0.00 sys=0.00, real=0.00 secs] 
2024-10-06T21:03:01.777+0300: 1039.285: Total time for which application threads were stopped: 0.0012422 seconds, Stopping threads took: 0.0001773 seconds
2024-10-06T21:03:04.426+0300: 1041.929: Application time: 2.6439351 seconds
2024-10-06T21:03:04.426+0300: 1041.929: [GC (Allocation Failure) 2024-10-06T21:03:04.426+0300: 1041.929: [ParNew: 247770K->2210K(276480K), 0.0008462 secs] 309723K->64164K(890880K), 0.0009295 secs] [Times: user=0.00 sys=0.00, real=0.00 secs] 
2024-10-06T21:03:04.426+0300: 1041.930: Total time for which application threads were stopped: 0.0011737 seconds, Stopping threads took: 0.0001451 seconds
2024-10-06T21:03:07.032+0300: 1044.544: Application time: 2.6137654 seconds
2024-10-06T21:03:07.063+0300: 1044.560: [GC (Allocation Failure) 2024-10-06T21:03:07.063+0300: 1044.560: [ParNew: 247970K->2012K(276480K), 0.0012935 secs] 309924K->63968K(890880K), 0.0014672 secs] [Times: user=0.00 sys=0.00, real=0.00 secs] 
2024-10-06T21:03:07.063+0300: 1044.561: Total time for which application threads were stopped: 0.0174009 seconds, Stopping threads took: 0.0158052 seconds
2024-10-06T21:03:09.668+0300: 1047.180: Application time: 2.6192139 seconds
2024-10-06T21:03:09.668+0300: 1047.181: [GC (Allocation Failure) 2024-10-06T21:03:09.668+0300: 1047.181: [ParNew: 247772K->2010K(276480K), 0.0010278 secs] 309728K->63967K(890880K), 0.0011015 secs] [Times: user=0.00 sys=0.00, real=0.02 secs] 
2024-10-06T21:03:09.684+0300: 1047.182: Total time for which application threads were stopped: 0.0013535 seconds, Stopping threads took: 0.0001579 seconds
2024-10-06T21:03:12.304+0300: 1049.804: Application time: 2.6223781 seconds
2024-10-06T21:03:12.304+0300: 1049.804: [GC (Allocation Failure) 2024-10-06T21:03:12.304+0300: 1049.804: [ParNew: 247530K->1812K(276480K), 0.0009781 secs] 309487K->63771K(890880K), 0.0010460 secs] [Times: user=0.00 sys=0.00, real=0.00 secs] 
2024-10-06T21:03:12.304+0300: 1049.805: Total time for which application threads were stopped: 0.0012987 seconds, Stopping threads took: 0.0001633 seconds
2024-10-06T21:03:14.910+0300: 1052.416: Application time: 2.6110468 seconds
2024-10-06T21:03:14.910+0300: 1052.417: [GC (Allocation Failure) 2024-10-06T21:03:14.910+0300: 1052.417: [ParNew: 247572K->1814K(276480K), 0.0008286 secs] 309531K->63774K(890880K), 0.0009156 secs] [Times: user=0.00 sys=0.00, real=0.00 secs] 
2024-10-06T21:03:14.910+0300: 1052.418: Total time for which application threads were stopped: 0.0011763 seconds, Stopping threads took: 0.0001395 seconds
2024-10-06T21:03:17.547+0300: 1055.046: Application time: 2.6281483 seconds
2024-10-06T21:03:17.547+0300: 1055.046: [GC (Allocation Failure) 2024-10-06T21:03:17.547+0300: 1055.046: [ParNew: 247574K->1814K(276480K), 0.0008359 secs] 309534K->63776K(890880K), 0.0009026 secs] [Times: user=0.00 sys=0.00, real=0.00 secs] 
2024-10-06T21:03:17.547+0300: 1055.047: Total time for which application threads were stopped: 0.0011328 seconds, Stopping threads took: 0.0001487 seconds
2024-10-06T21:03:20.184+0300: 1057.682: Application time: 2.6350440 seconds
2024-10-06T21:03:20.184+0300: 1057.682: [GC (Allocation Failure) 2024-10-06T21:03:20.184+0300: 1057.682: [ParNew: 247574K->2210K(276480K), 0.0008313 secs] 309536K->64173K(890880K), 0.0009254 secs] [Times: user=0.00 sys=0.00, real=0.00 secs] 
2024-10-06T21:03:20.184+0300: 1057.683: Total time for which application threads were stopped: 0.0011471 seconds, Stopping threads took: 0.0001107 seconds
2024-10-06T21:03:22.821+0300: 1060.319: Application time: 2.6361355 seconds
2024-10-06T21:03:22.821+0300: 1060.319: [GC (Allocation Failure) 2024-10-06T21:03:22.821+0300: 1060.320: [ParNew: 247970K->2012K(276480K), 0.0009096 secs] 309933K->63976K(890880K), 0.0009794 secs] [Times: user=0.00 sys=0.00, real=0.00 secs] 
2024-10-06T21:03:22.821+0300: 1060.320: Total time for which application threads were stopped: 0.0012610 seconds, Stopping threads took: 0.0001830 seconds
2024-10-06T21:03:25.443+0300: 1062.951: Application time: 2.6300737 seconds
2024-10-06T21:03:25.443+0300: 1062.951: [GC (Allocation Failure) 2024-10-06T21:03:25.443+0300: 1062.951: [ParNew: 247610K->1617K(276480K), 0.0010473 secs] 309574K->63582K(890880K), 0.0011363 secs] [Times: user=0.00 sys=0.00, real=0.00 secs] 
2024-10-06T21:03:25.443+0300: 1062.952: Total time for which application threads were stopped: 0.0013842 seconds, Stopping threads took: 0.0001335 seconds
2024-10-06T21:03:28.095+0300: 1065.593: Application time: 2.6407436 seconds
2024-10-06T21:03:28.095+0300: 1065.593: [GC (Allocation Failure) 2024-10-06T21:03:28.095+0300: 1065.593: [ParNew: 247275K->2282K(276480K), 0.0008209 secs] 309241K->64249K(890880K), 0.0008890 secs] [Times: user=0.00 sys=0.00, real=0.00 secs] 
2024-10-06T21:03:28.095+0300: 1065.594: Total time for which application threads were stopped: 0.0010931 seconds, Stopping threads took: 0.0001053 seconds
2024-10-06T21:03:30.748+0300: 1068.245: Application time: 2.6512280 seconds
2024-10-06T21:03:30.748+0300: 1068.245: [GC (Allocation Failure) 2024-10-06T21:03:30.748+0300: 1068.245: [ParNew: 247789K->1615K(276480K), 0.0008801 secs] 309756K->63583K(890880K), 0.0009989 secs] [Times: user=0.00 sys=0.00, real=0.00 secs] 
2024-10-06T21:03:30.749+0300: 1068.246: Total time for which application threads were stopped: 0.0012769 seconds, Stopping threads took: 0.0001388 seconds
2024-10-06T21:03:33.351+0300: 1070.861: Application time: 2.6151736 seconds
2024-10-06T21:03:33.351+0300: 1070.862: [GC (Allocation Failure) 2024-10-06T21:03:33.351+0300: 1070.862: [ParNew: 247375K->2010K(276480K), 0.0011224 secs] 309343K->63980K(890880K), 0.0012735 secs] [Times: user=0.00 sys=0.00, real=0.00 secs] 
2024-10-06T21:03:33.351+0300: 1070.863: Total time for which application threads were stopped: 0.0016925 seconds, Stopping threads took: 0.0002443 seconds
2024-10-06T21:03:36.003+0300: 1073.508: Application time: 2.6443468 seconds
2024-10-06T21:03:36.003+0300: 1073.508: [GC (Allocation Failure) 2024-10-06T21:03:36.003+0300: 1073.508: [ParNew: 247692K->2279K(276480K), 0.0009390 secs] 309661K->64251K(890880K), 0.0010202 secs] [Times: user=0.01 sys=0.00, real=0.00 secs] 
2024-10-06T21:03:36.003+0300: 1073.509: Total time for which application threads were stopped: 0.0013221 seconds, Stopping threads took: 0.0002009 seconds
2024-10-06T21:03:38.647+0300: 1076.146: Application time: 2.6368130 seconds
2024-10-06T21:03:38.647+0300: 1076.146: [GC (Allocation Failure) 2024-10-06T21:03:38.647+0300: 1076.146: [ParNew: 248039K->1688K(276480K), 0.0008550 secs] 310011K->63661K(890880K), 0.0009066 secs] [Times: user=0.02 sys=0.00, real=0.00 secs] 
2024-10-06T21:03:38.647+0300: 1076.147: Total time for which application threads were stopped: 0.0011514 seconds, Stopping threads took: 0.0001491 seconds
2024-10-06T21:03:41.243+0300: 1078.747: Application time: 2.6004282 seconds
2024-10-06T21:03:41.243+0300: 1078.747: [GC (Allocation Failure) 2024-10-06T21:03:41.243+0300: 1078.748: [ParNew: 247335K->2012K(276480K), 0.0009434 secs] 309308K->63986K(890880K), 0.0010681 secs] [Times: user=0.00 sys=0.00, real=0.00 secs] 
2024-10-06T21:03:41.243+0300: 1078.749: Total time for which application threads were stopped: 0.0013419 seconds, Stopping threads took: 0.0001502 seconds
2024-10-06T21:03:43.880+0300: 1081.390: Application time: 2.6410823 seconds
2024-10-06T21:03:43.880+0300: 1081.390: [GC (Allocation Failure) 2024-10-06T21:03:43.880+0300: 1081.390: [ParNew: 247674K->2012K(276480K), 0.0011030 secs] 309648K->63987K(890880K), 0.0012255 secs] [Times: user=0.00 sys=0.00, real=0.00 secs] 
2024-10-06T21:03:43.880+0300: 1081.391: Total time for which application threads were stopped: 0.0015812 seconds, Stopping threads took: 0.0001502 seconds
2024-10-06T21:03:46.516+0300: 1084.017: Application time: 2.6257915 seconds
2024-10-06T21:03:46.516+0300: 1084.017: [GC (Allocation Failure) 2024-10-06T21:03:46.516+0300: 1084.017: [ParNew: 247772K->1812K(276480K), 0.0010192 secs] 309747K->63789K(890880K), 0.0011808 secs] [Times: user=0.00 sys=0.00, real=0.00 secs] 
2024-10-06T21:03:46.516+0300: 1084.019: Total time for which application threads were stopped: 0.0015183 seconds, Stopping threads took: 0.0001904 seconds
2024-10-06T21:03:49.139+0300: 1086.645: Application time: 2.6262125 seconds
2024-10-06T21:03:49.139+0300: 1086.645: [GC (Allocation Failure) 2024-10-06T21:03:49.139+0300: 1086.645: [ParNew: 247572K->1812K(276480K), 0.0010302 secs] 309549K->63790K(890880K), 0.0011367 secs] [Times: user=0.00 sys=0.00, real=0.00 secs] 
2024-10-06T21:03:49.139+0300: 1086.646: Total time for which application threads were stopped: 0.0014411 seconds, Stopping threads took: 0.0001804 seconds
2024-10-06T21:03:51.759+0300: 1089.265: Application time: 2.6188825 seconds
2024-10-06T21:03:51.759+0300: 1089.265: [GC (Allocation Failure) 2024-10-06T21:03:51.759+0300: 1089.265: [ParNew: 247541K->1812K(276480K), 0.0008418 secs] 309520K->63792K(890880K), 0.0009491 secs] [Times: user=0.00 sys=0.00, real=0.00 secs] 
2024-10-06T21:03:51.759+0300: 1089.266: Total time for which application threads were stopped: 0.0012036 seconds, Stopping threads took: 0.0001331 seconds
2024-10-06T21:03:54.380+0300: 1091.887: Application time: 2.6206465 seconds
2024-10-06T21:03:54.380+0300: 1091.887: [GC (Allocation Failure) 2024-10-06T21:03:54.380+0300: 1091.887: [ParNew: 247572K->2012K(276480K), 0.0008948 secs] 309552K->63993K(890880K), 0.0009623 secs] [Times: user=0.00 sys=0.00, real=0.00 secs] 
2024-10-06T21:03:54.380+0300: 1091.888: Total time for which application threads were stopped: 0.0011991 seconds, Stopping threads took: 0.0001518 seconds
2024-10-06T21:03:57.032+0300: 1094.530: Application time: 2.6422951 seconds
2024-10-06T21:03:57.032+0300: 1094.531: [GC (Allocation Failure) 2024-10-06T21:03:57.032+0300: 1094.531: [ParNew: 247772K->1417K(276480K), 0.0008951 secs] 309753K->63399K(890880K), 0.0009683 secs] [Times: user=0.00 sys=0.00, real=0.00 secs] 
2024-10-06T21:03:57.032+0300: 1094.532: Total time for which application threads were stopped: 0.0012198 seconds, Stopping threads took: 0.0001360 seconds
2024-10-06T21:03:59.637+0300: 1097.144: Application time: 2.6122420 seconds
2024-10-06T21:03:59.637+0300: 1097.144: [GC (Allocation Failure) 2024-10-06T21:03:59.637+0300: 1097.144: [ParNew: 247177K->2082K(276480K), 0.0008873 secs] 309159K->64065K(890880K), 0.0009599 secs] [Times: user=0.00 sys=0.00, real=0.00 secs] 
2024-10-06T21:03:59.637+0300: 1097.145: Total time for which application threads were stopped: 0.0011716 seconds, Stopping threads took: 0.0001197 seconds
2024-10-06T21:04:02.273+0300: 1099.777: Application time: 2.6323164 seconds
2024-10-06T21:04:02.273+0300: 1099.778: [GC (Allocation Failure) 2024-10-06T21:04:02.273+0300: 1099.778: [ParNew: 247842K->2282K(276480K), 0.0009240 secs] 309825K->64267K(890880K), 0.0010373 secs] [Times: user=0.00 sys=0.00, real=0.00 secs] 
2024-10-06T21:04:02.273+0300: 1099.779: Total time for which application threads were stopped: 0.0013502 seconds, Stopping threads took: 0.0001729 seconds
2024-10-06T21:04:04.910+0300: 1102.410: Application time: 2.6309494 seconds
2024-10-06T21:04:04.910+0300: 1102.410: [GC (Allocation Failure) 2024-10-06T21:04:04.910+0300: 1102.410: [ParNew: 248042K->1814K(276480K), 0.0008011 secs] 310027K->63801K(890880K), 0.0008926 secs] [Times: user=0.00 sys=0.00, real=0.00 secs] 
2024-10-06T21:04:04.910+0300: 1102.411: Total time for which application threads were stopped: 0.0011598 seconds, Stopping threads took: 0.0001611 seconds
2024-10-06T21:04:07.531+0300: 1105.031: Application time: 2.6203956 seconds
2024-10-06T21:04:07.531+0300: 1105.032: [GC (Allocation Failure) 2024-10-06T21:04:07.531+0300: 1105.032: [ParNew: 247517K->2012K(276480K), 0.0008465 secs] 309503K->64000K(890880K), 0.0009162 secs] [Times: user=0.00 sys=0.00, real=0.00 secs] 
2024-10-06T21:04:07.531+0300: 1105.032: Total time for which application threads were stopped: 0.0011873 seconds, Stopping threads took: 0.0001775 seconds
2024-10-06T21:04:10.150+0300: 1107.653: Application time: 2.6204476 seconds
2024-10-06T21:04:10.150+0300: 1107.653: [GC (Allocation Failure) 2024-10-06T21:04:10.150+0300: 1107.653: [ParNew: 247610K->2010K(276480K), 0.0008204 secs] 309597K->63999K(890880K), 0.0009102 secs] [Times: user=0.00 sys=0.00, real=0.00 secs] 
2024-10-06T21:04:10.150+0300: 1107.654: Total time for which application threads were stopped: 0.0011806 seconds, Stopping threads took: 0.0001617 seconds
2024-10-06T21:04:12.771+0300: 1110.283: Application time: 2.6291345 seconds
2024-10-06T21:04:12.771+0300: 1110.283: [GC (Allocation Failure) 2024-10-06T21:04:12.771+0300: 1110.283: [ParNew: 247757K->2010K(276480K), 0.0009015 secs] 309746K->64001K(890880K), 0.0009638 secs] [Times: user=0.02 sys=0.00, real=0.02 secs] 
2024-10-06T21:04:12.787+0300: 1110.284: Total time for which application threads were stopped: 0.0011930 seconds, Stopping threads took: 0.0001448 seconds
2024-10-06T21:04:15.407+0300: 1112.904: Application time: 2.6199380 seconds
2024-10-06T21:04:15.407+0300: 1112.905: [GC (Allocation Failure) 2024-10-06T21:04:15.407+0300: 1112.905: [ParNew: 247522K->2010K(276480K), 0.0008752 secs] 309513K->64002K(890880K), 0.0009854 secs] [Times: user=0.00 sys=0.00, real=0.00 secs] 
2024-10-06T21:04:15.407+0300: 1112.906: Total time for which application threads were stopped: 0.0012725 seconds, Stopping threads took: 0.0001623 seconds
2024-10-06T21:04:18.027+0300: 1115.526: Application time: 2.6198821 seconds
2024-10-06T21:04:18.027+0300: 1115.526: [GC (Allocation Failure) 2024-10-06T21:04:18.027+0300: 1115.526: [ParNew: 247770K->2208K(276480K), 0.0009257 secs] 309762K->64201K(890880K), 0.0009855 secs] [Times: user=0.00 sys=0.00, real=0.00 secs] 
2024-10-06T21:04:18.027+0300: 1115.527: Total time for which application threads were stopped: 0.0011915 seconds, Stopping threads took: 0.0001274 seconds
2024-10-06T21:04:20.664+0300: 1118.166: Application time: 2.6390176 seconds
2024-10-06T21:04:20.664+0300: 1118.166: [GC (Allocation Failure) 2024-10-06T21:04:20.664+0300: 1118.166: [ParNew: 247968K->2084K(276480K), 0.0008341 secs] 309961K->64079K(890880K), 0.0009105 secs] [Times: user=0.00 sys=0.00, real=0.00 secs] 
2024-10-06T21:04:20.664+0300: 1118.167: Total time for which application threads were stopped: 0.0011738 seconds, Stopping threads took: 0.0001669 seconds
2024-10-06T21:04:23.284+0300: 1120.786: Application time: 2.6186871 seconds
2024-10-06T21:04:23.284+0300: 1120.786: [GC (Allocation Failure) 2024-10-06T21:04:23.284+0300: 1120.786: [ParNew: 247641K->1617K(276480K), 0.0007884 secs] 309636K->63613K(890880K), 0.0008513 secs] [Times: user=0.00 sys=0.00, real=0.00 secs] 
2024-10-06T21:04:23.284+0300: 1120.787: Total time for which application threads were stopped: 0.0010903 seconds, Stopping threads took: 0.0001535 seconds
2024-10-06T21:04:25.905+0300: 1123.410: Application time: 2.6228381 seconds
2024-10-06T21:04:25.905+0300: 1123.410: [GC (Allocation Failure) 2024-10-06T21:04:25.905+0300: 1123.410: [ParNew: 247377K->1812K(276480K), 0.0008960 secs] 309373K->63810K(890880K), 0.0009772 secs] [Times: user=0.00 sys=0.00, real=0.00 secs] 
2024-10-06T21:04:25.905+0300: 1123.411: Total time for which application threads were stopped: 0.0012462 seconds, Stopping threads took: 0.0001704 seconds
2024-10-06T21:04:28.511+0300: 1126.022: Application time: 2.6113547 seconds
2024-10-06T21:04:28.511+0300: 1126.022: [GC (Allocation Failure) 2024-10-06T21:04:28.511+0300: 1126.022: [ParNew: 247572K->1812K(276480K), 0.0010940 secs] 309570K->63811K(890880K), 0.0011608 secs] [Times: user=0.02 sys=0.00, real=0.02 secs] 
2024-10-06T21:04:28.527+0300: 1126.024: Total time for which application threads were stopped: 0.0014140 seconds, Stopping threads took: 0.0001607 seconds
2024-10-06T21:04:31.165+0300: 1128.665: Application time: 2.6414678 seconds
2024-10-06T21:04:31.165+0300: 1128.665: [GC (Allocation Failure) 2024-10-06T21:04:31.165+0300: 1128.665: [ParNew: 247572K->1814K(276480K), 0.0008040 secs] 309571K->63815K(890880K), 0.0008893 secs] [Times: user=0.00 sys=0.00, real=0.00 secs] 
2024-10-06T21:04:31.165+0300: 1128.666: Total time for which application threads were stopped: 0.0012014 seconds, Stopping threads took: 0.0002024 seconds
2024-10-06T21:04:33.786+0300: 1131.286: Application time: 2.6195888 seconds
2024-10-06T21:04:33.786+0300: 1131.286: [GC (Allocation Failure) 2024-10-06T21:04:33.786+0300: 1131.286: [ParNew: 247521K->2210K(276480K), 0.0008505 secs] 309521K->64211K(890880K), 0.0009193 secs] [Times: user=0.00 sys=0.00, real=0.00 secs] 
2024-10-06T21:04:33.786+0300: 1131.287: Total time for which application threads were stopped: 0.0011506 seconds, Stopping threads took: 0.0001412 seconds
2024-10-06T21:04:36.420+0300: 1133.924: Application time: 2.6366205 seconds
2024-10-06T21:04:36.420+0300: 1133.924: [GC (Allocation Failure) 2024-10-06T21:04:36.420+0300: 1133.924: [ParNew: 247889K->1812K(276480K), 0.0008132 secs] 309891K->63816K(890880K), 0.0008986 secs] [Times: user=0.00 sys=0.00, real=0.00 secs] 
2024-10-06T21:04:36.420+0300: 1133.925: Total time for which application threads were stopped: 0.0011136 seconds, Stopping threads took: 0.0001240 seconds
2024-10-06T21:04:39.042+0300: 1136.541: Application time: 2.6157859 seconds
2024-10-06T21:04:39.042+0300: 1136.541: [GC (Allocation Failure) 2024-10-06T21:04:39.042+0300: 1136.541: [ParNew: 247506K->1617K(276480K), 0.0008609 secs] 309509K->63621K(890880K), 0.0009627 secs] [Times: user=0.00 sys=0.00, real=0.00 secs] 
2024-10-06T21:04:39.042+0300: 1136.542: Total time for which application threads were stopped: 0.0012972 seconds, Stopping threads took: 0.0001977 seconds
2024-10-06T21:04:41.670+0300: 1139.169: Application time: 2.6274114 seconds
2024-10-06T21:04:41.670+0300: 1139.170: [GC (Allocation Failure) 2024-10-06T21:04:41.670+0300: 1139.170: [ParNew: 247329K->1812K(276480K), 0.0008643 secs] 309334K->63818K(890880K), 0.0009321 secs] [Times: user=0.00 sys=0.00, real=0.00 secs] 
2024-10-06T21:04:41.670+0300: 1139.170: Total time for which application threads were stopped: 0.0012687 seconds, Stopping threads took: 0.0002245 seconds
2024-10-06T21:04:44.313+0300: 1141.815: Application time: 2.6442267 seconds
2024-10-06T21:04:44.313+0300: 1141.815: [GC (Allocation Failure) 2024-10-06T21:04:44.313+0300: 1141.815: [ParNew: 247572K->1617K(276480K), 0.0007851 secs] 309578K->63624K(890880K), 0.0008582 secs] [Times: user=0.00 sys=0.00, real=0.00 secs] 
2024-10-06T21:04:44.313+0300: 1141.816: Total time for which application threads were stopped: 0.0012106 seconds, Stopping threads took: 0.0002416 seconds
2024-10-06T21:04:46.934+0300: 1144.443: Application time: 2.6269443 seconds
2024-10-06T21:04:46.934+0300: 1144.443: [GC (Allocation Failure) 2024-10-06T21:04:46.934+0300: 1144.443: [ParNew: 247181K->1814K(276480K), 0.0008030 secs] 309189K->63823K(890880K), 0.0008741 secs] [Times: user=0.03 sys=0.00, real=0.00 secs] 
2024-10-06T21:04:46.934+0300: 1144.444: Total time for which application threads were stopped: 0.0012216 seconds, Stopping threads took: 0.0002390 seconds
2024-10-06T21:04:49.554+0300: 1147.060: Application time: 2.6157939 seconds
2024-10-06T21:04:49.554+0300: 1147.060: [GC (Allocation Failure) 2024-10-06T21:04:49.554+0300: 1147.060: [ParNew: 247513K->2210K(276480K), 0.0008949 secs] 309522K->64220K(890880K), 0.0009630 secs] [Times: user=0.00 sys=0.00, real=0.00 secs] 
2024-10-06T21:04:49.554+0300: 1147.061: Total time for which application threads were stopped: 0.0012052 seconds, Stopping threads took: 0.0001434 seconds
2024-10-06T21:04:52.204+0300: 1149.711: Application time: 2.6494931 seconds
2024-10-06T21:04:52.204+0300: 1149.711: [GC (Allocation Failure) 2024-10-06T21:04:52.204+0300: 1149.711: [ParNew: 247936K->1814K(276480K), 0.0007755 secs] 309947K->63826K(890880K), 0.0008329 secs] [Times: user=0.02 sys=0.00, real=0.00 secs] 
2024-10-06T21:04:52.204+0300: 1149.712: Total time for which application threads were stopped: 0.0010316 seconds, Stopping threads took: 0.0001085 seconds
2024-10-06T21:04:54.841+0300: 1152.344: Application time: 2.6321482 seconds
2024-10-06T21:04:54.841+0300: 1152.344: [GC (Allocation Failure) 2024-10-06T21:04:54.841+0300: 1152.344: [ParNew: 247574K->2210K(276480K), 0.0009251 secs] 309586K->64223K(890880K), 0.0010107 secs] [Times: user=0.00 sys=0.00, real=0.00 secs] 
2024-10-06T21:04:54.841+0300: 1152.345: Total time for which application threads were stopped: 0.0013039 seconds, Stopping threads took: 0.0001778 seconds
2024-10-06T21:04:57.462+0300: 1154.965: Application time: 2.6199783 seconds
2024-10-06T21:04:57.462+0300: 1154.965: [GC (Allocation Failure) 2024-10-06T21:04:57.462+0300: 1154.965: [ParNew: 247970K->2210K(276480K), 0.0008473 secs] 309983K->64224K(890880K), 0.0009333 secs] [Times: user=0.00 sys=0.00, real=0.00 secs] 
2024-10-06T21:04:57.462+0300: 1154.966: Total time for which application threads were stopped: 0.0011847 seconds, Stopping threads took: 0.0001300 seconds
2024-10-06T21:05:00.084+0300: 1157.581: Application time: 2.6145700 seconds
2024-10-06T21:05:00.084+0300: 1157.581: [GC (Allocation Failure) 2024-10-06T21:05:00.084+0300: 1157.581: [ParNew: 247908K->2012K(276480K), 0.0010012 secs] 309922K->64028K(890880K), 0.0011516 secs] [Times: user=0.00 sys=0.00, real=0.00 secs] 
2024-10-06T21:05:00.084+0300: 1157.582: Total time for which application threads were stopped: 0.0015352 seconds, Stopping threads took: 0.0002293 seconds
2024-10-06T21:05:02.696+0300: 1160.200: Application time: 2.6180839 seconds
2024-10-06T21:05:02.696+0300: 1160.201: [GC (Allocation Failure) 2024-10-06T21:05:02.696+0300: 1160.201: [ParNew: 247718K->2012K(276480K), 0.0009511 secs] 309733K->64029K(890880K), 0.0010469 secs] [Times: user=0.01 sys=0.00, real=0.01 secs] 
2024-10-06T21:05:02.705+0300: 1160.202: Total time for which application threads were stopped: 0.0013106 seconds, Stopping threads took: 0.0001408 seconds
2024-10-06T21:05:05.342+0300: 1162.841: Application time: 2.6394906 seconds
2024-10-06T21:05:05.342+0300: 1162.842: [GC (Allocation Failure) 2024-10-06T21:05:05.342+0300: 1162.842: [ParNew: 247640K->2210K(276480K), 0.0009501 secs] 309658K->64228K(890880K), 0.0010154 secs] [Times: user=0.00 sys=0.00, real=0.00 secs] 
2024-10-06T21:05:05.342+0300: 1162.843: Total time for which application threads were stopped: 0.0012805 seconds, Stopping threads took: 0.0001597 seconds
2024-10-06T21:05:07.962+0300: 1165.470: Application time: 2.6272575 seconds
2024-10-06T21:05:07.962+0300: 1165.470: [GC (Allocation Failure) 2024-10-06T21:05:07.962+0300: 1165.470: [ParNew: 247970K->1617K(276480K), 0.0008848 secs] 309988K->63637K(890880K), 0.0009559 secs] [Times: user=0.00 sys=0.00, real=0.00 secs] 
2024-10-06T21:05:07.962+0300: 1165.471: Total time for which application threads were stopped: 0.0012564 seconds, Stopping threads took: 0.0001826 seconds
2024-10-06T21:05:10.569+0300: 1168.075: Application time: 2.6043545 seconds
2024-10-06T21:05:10.569+0300: 1168.076: [GC (Allocation Failure) 2024-10-06T21:05:10.569+0300: 1168.076: [ParNew: 247325K->1812K(276480K), 0.0009397 secs] 309345K->63834K(890880K), 0.0009988 secs] [Times: user=0.00 sys=0.00, real=0.00 secs] 
2024-10-06T21:05:10.569+0300: 1168.077: Total time for which application threads were stopped: 0.0012582 seconds, Stopping threads took: 0.0001724 seconds
2024-10-06T21:05:13.205+0300: 1170.702: Application time: 2.6253201 seconds
2024-10-06T21:05:13.205+0300: 1170.702: [GC (Allocation Failure) 2024-10-06T21:05:13.205+0300: 1170.702: [ParNew: 247572K->2408K(276480K), 0.0008844 secs] 309594K->64431K(890880K), 0.0009546 secs] [Times: user=0.00 sys=0.00, real=0.00 secs] 
2024-10-06T21:05:13.205+0300: 1170.703: Total time for which application threads were stopped: 0.0011950 seconds, Stopping threads took: 0.0001507 seconds
2024-10-06T21:05:15.834+0300: 1173.336: Application time: 2.6328425 seconds
2024-10-06T21:05:15.834+0300: 1173.336: [GC (Allocation Failure) 2024-10-06T21:05:15.834+0300: 1173.336: [ParNew: 248168K->1814K(276480K), 0.0008954 secs] 310191K->63838K(890880K), 0.0009575 secs] [Times: user=0.00 sys=0.00, real=0.00 secs] 
2024-10-06T21:05:15.834+0300: 1173.337: Total time for which application threads were stopped: 0.0012204 seconds, Stopping threads took: 0.0001771 seconds
2024-10-06T21:05:18.479+0300: 1175.983: Application time: 2.6452627 seconds
2024-10-06T21:05:18.479+0300: 1175.983: [GC (Allocation Failure) 2024-10-06T21:05:18.479+0300: 1175.983: [ParNew: 247574K->2012K(276480K), 0.0009109 secs] 309598K->64038K(890880K), 0.0009984 secs] [Times: user=0.00 sys=0.00, real=0.00 secs] 
2024-10-06T21:05:18.479+0300: 1175.984: Total time for which application threads were stopped: 0.0012811 seconds, Stopping threads took: 0.0001638 seconds
2024-10-06T21:05:21.083+0300: 1178.588: Application time: 2.6040154 seconds
2024-10-06T21:05:21.083+0300: 1178.588: [GC (Allocation Failure) 2024-10-06T21:05:21.083+0300: 1178.588: [ParNew: 247534K->2012K(276480K), 0.0008577 secs] 309560K->64039K(890880K), 0.0009216 secs] [Times: user=0.00 sys=0.00, real=0.00 secs] 
2024-10-06T21:05:21.083+0300: 1178.589: Total time for which application threads were stopped: 0.0011535 seconds, Stopping threads took: 0.0001409 seconds
2024-10-06T21:05:23.719+0300: 1181.228: Application time: 2.6394846 seconds
2024-10-06T21:05:23.719+0300: 1181.229: [GC (Allocation Failure) 2024-10-06T21:05:23.719+0300: 1181.229: [ParNew: 247710K->1406K(276480K), 0.0009106 secs] 309737K->63434K(890880K), 0.0009820 secs] [Times: user=0.00 sys=0.00, real=0.00 secs] 
2024-10-06T21:05:23.719+0300: 1181.230: Total time for which application threads were stopped: 0.0012958 seconds, Stopping threads took: 0.0002174 seconds
2024-10-06T21:05:26.339+0300: 1183.839: Application time: 2.6092555 seconds
2024-10-06T21:05:26.339+0300: 1183.839: [GC (Allocation Failure) 2024-10-06T21:05:26.339+0300: 1183.839: [ParNew: 247044K->2084K(276480K), 0.0010106 secs] 309072K->64114K(890880K), 0.0011250 secs] [Times: user=0.00 sys=0.00, real=0.00 secs] 
2024-10-06T21:05:26.339+0300: 1183.841: Total time for which application threads were stopped: 0.0015179 seconds, Stopping threads took: 0.0002572 seconds
2024-10-06T21:05:28.975+0300: 1186.477: Application time: 2.6359789 seconds
2024-10-06T21:05:28.975+0300: 1186.477: [GC (Allocation Failure) 2024-10-06T21:05:28.975+0300: 1186.477: [ParNew: 247844K->2012K(276480K), 0.0009099 secs] 309874K->64043K(890880K), 0.0009987 secs] [Times: user=0.00 sys=0.00, real=0.00 secs] 
2024-10-06T21:05:28.975+0300: 1186.478: Total time for which application threads were stopped: 0.0012102 seconds, Stopping threads took: 0.0000986 seconds
2024-10-06T21:05:31.596+0300: 1189.099: Application time: 2.6208514 seconds
2024-10-06T21:05:31.596+0300: 1189.099: [GC (Allocation Failure) 2024-10-06T21:05:31.596+0300: 1189.099: [ParNew: 247681K->2210K(276480K), 0.0007730 secs] 309713K->64242K(890880K), 0.0008532 secs] [Times: user=0.00 sys=0.00, real=0.00 secs] 
2024-10-06T21:05:31.596+0300: 1189.100: Total time for which application threads were stopped: 0.0011300 seconds, Stopping threads took: 0.0001792 seconds
2024-10-06T21:05:34.217+0300: 1191.728: Application time: 2.6283579 seconds
2024-10-06T21:05:34.217+0300: 1191.728: [GC (Allocation Failure) 2024-10-06T21:05:34.217+0300: 1191.728: [ParNew: 247970K->1814K(276480K), 0.0008834 secs] 310002K->63848K(890880K), 0.0009635 secs] [Times: user=0.00 sys=0.00, real=0.02 secs] 
2024-10-06T21:05:34.233+0300: 1191.729: Total time for which application threads were stopped: 0.0011974 seconds, Stopping threads took: 0.0001336 seconds
2024-10-06T21:05:36.838+0300: 1194.346: Application time: 2.6169468 seconds
2024-10-06T21:05:36.838+0300: 1194.346: [GC (Allocation Failure) 2024-10-06T21:05:36.838+0300: 1194.346: [ParNew: 247574K->2012K(276480K), 0.0008153 secs] 309608K->64047K(890880K), 0.0008812 secs] [Times: user=0.00 sys=0.00, real=0.00 secs] 
2024-10-06T21:05:36.838+0300: 1194.347: Total time for which application threads were stopped: 0.0011167 seconds, Stopping threads took: 0.0001494 seconds
2024-10-06T21:05:39.458+0300: 1196.958: Application time: 2.6103297 seconds
2024-10-06T21:05:39.458+0300: 1196.958: [GC (Allocation Failure) 2024-10-06T21:05:39.458+0300: 1196.958: [ParNew: 247553K->1814K(276480K), 0.0010138 secs] 309588K->63851K(890880K), 0.0010832 secs] [Times: user=0.00 sys=0.00, real=0.00 secs] 
2024-10-06T21:05:39.458+0300: 1196.959: Total time for which application threads were stopped: 0.0013322 seconds, Stopping threads took: 0.0001607 seconds
2024-10-06T21:05:42.096+0300: 1199.604: Application time: 2.6450133 seconds
2024-10-06T21:05:42.096+0300: 1199.604: [GC (Allocation Failure) 2024-10-06T21:05:42.096+0300: 1199.604: [ParNew: 247574K->2012K(276480K), 0.0008615 secs] 309611K->64050K(890880K), 0.0009628 secs] [Times: user=0.00 sys=0.00, real=0.00 secs] 
2024-10-06T21:05:42.096+0300: 1199.605: Total time for which application threads were stopped: 0.0012185 seconds, Stopping threads took: 0.0001350 seconds
2024-10-06T21:05:44.717+0300: 1202.218: Application time: 2.6126200 seconds
2024-10-06T21:05:44.717+0300: 1202.218: [GC (Allocation Failure) 2024-10-06T21:05:44.717+0300: 1202.218: [ParNew: 247772K->1884K(276480K), 0.0008754 secs] 309810K->63924K(890880K), 0.0009460 secs] [Times: user=0.00 sys=0.00, real=0.00 secs] 
2024-10-06T21:05:44.717+0300: 1202.219: Total time for which application threads were stopped: 0.0011752 seconds, Stopping threads took: 0.0001375 seconds
2024-10-06T21:05:47.321+0300: 1204.830: Application time: 2.6113255 seconds
2024-10-06T21:05:47.321+0300: 1204.831: [GC (Allocation Failure) 2024-10-06T21:05:47.321+0300: 1204.831: [ParNew: 247644K->2210K(276480K), 0.0009671 secs] 309684K->64251K(890880K), 0.0010302 secs] [Times: user=0.00 sys=0.00, real=0.00 secs] 
2024-10-06T21:05:47.321+0300: 1204.832: Total time for which application threads were stopped: 0.0013142 seconds, Stopping threads took: 0.0001991 seconds
2024-10-06T21:05:49.990+0300: 1207.489: Application time: 2.6572440 seconds
2024-10-06T21:05:49.990+0300: 1207.489: [GC (Allocation Failure) 2024-10-06T21:05:49.990+0300: 1207.489: [ParNew: 247882K->1617K(276480K), 0.0008544 secs] 309923K->63659K(890880K), 0.0009245 secs] [Times: user=0.00 sys=0.00, real=0.00 secs] 
2024-10-06T21:05:49.990+0300: 1207.490: Total time for which application threads were stopped: 0.0011281 seconds, Stopping threads took: 0.0001227 seconds
2024-10-06T21:05:52.594+0300: 1210.098: Application time: 2.6079805 seconds
2024-10-06T21:05:52.594+0300: 1210.098: [GC (Allocation Failure) 2024-10-06T21:05:52.594+0300: 1210.098: [ParNew: 247377K->1617K(276480K), 0.0008993 secs] 309419K->63660K(890880K), 0.0009798 secs] [Times: user=0.00 sys=0.00, real=0.00 secs] 
2024-10-06T21:05:52.594+0300: 1210.099: Total time for which application threads were stopped: 0.0011941 seconds, Stopping threads took: 0.0000905 seconds
2024-10-06T21:05:55.262+0300: 1212.761: Application time: 2.6621276 seconds
2024-10-06T21:05:55.262+0300: 1212.762: [GC (Allocation Failure) 2024-10-06T21:05:55.262+0300: 1212.762: [ParNew: 247355K->2210K(276480K), 0.0009188 secs] 309399K->64255K(890880K), 0.0009860 secs] [Times: user=0.00 sys=0.00, real=0.00 secs] 
2024-10-06T21:05:55.262+0300: 1212.763: Total time for which application threads were stopped: 0.0011886 seconds, Stopping threads took: 0.0001152 seconds
2024-10-06T21:05:57.881+0300: 1215.391: Application time: 2.6282020 seconds
2024-10-06T21:05:57.881+0300: 1215.391: [GC (Allocation Failure) 2024-10-06T21:05:57.881+0300: 1215.391: [ParNew: 247933K->2012K(276480K), 0.0010185 secs] 309978K->64058K(890880K), 0.0011059 secs] [Times: user=0.00 sys=0.00, real=0.00 secs] 
2024-10-06T21:05:57.881+0300: 1215.392: Total time for which application threads were stopped: 0.0013443 seconds, Stopping threads took: 0.0001263 seconds
2024-10-06T21:06:00.517+0300: 1218.016: Application time: 2.6240017 seconds
2024-10-06T21:06:00.517+0300: 1218.016: [GC (Allocation Failure) 2024-10-06T21:06:00.517+0300: 1218.016: [ParNew: 247772K->2010K(276480K), 0.0010011 secs] 309818K->64058K(890880K), 0.0010760 secs] [Times: user=0.00 sys=0.00, real=0.00 secs] 
2024-10-06T21:06:00.521+0300: 1218.017: Total time for which application threads were stopped: 0.0013482 seconds, Stopping threads took: 0.0001737 seconds
2024-10-06T21:06:03.168+0300: 1220.666: Application time: 2.6486366 seconds
2024-10-06T21:06:03.168+0300: 1220.666: [GC (Allocation Failure) 2024-10-06T21:06:03.168+0300: 1220.666: [ParNew: 247770K->2210K(276480K), 0.0007583 secs] 309818K->64259K(890880K), 0.0008228 secs] [Times: user=0.00 sys=0.00, real=0.00 secs] 
2024-10-06T21:06:03.168+0300: 1220.667: Total time for which application threads were stopped: 0.0010424 seconds, Stopping threads took: 0.0001280 seconds
2024-10-06T21:06:04.848+0300: 1222.349: Application time: 1.6819815 seconds
2024-10-06T21:06:04.848+0300: 1222.349: Total time for which application threads were stopped: 0.0001830 seconds, Stopping threads took: 0.0001340 seconds
2024-10-06T21:06:05.276+0300: 1222.773: Application time: 0.4235712 seconds
2024-10-06T21:06:05.276+0300: 1222.773: Total time for which application threads were stopped: 0.0002115 seconds, Stopping threads took: 0.0001715 seconds
2024-10-06T21:06:05.381+0300: 1222.888: Application time: 0.1152374 seconds
2024-10-06T21:06:05.381+0300: 1222.889: Total time for which application threads were stopped: 0.0001875 seconds, Stopping threads took: 0.0001445 seconds
2024-10-06T21:06:05.397+0300: 1222.904: Application time: 0.0156518 seconds
2024-10-06T21:06:05.397+0300: 1222.904: Total time for which application threads were stopped: 0.0001234 seconds, Stopping threads took: 0.0000840 seconds
2024-10-06T21:06:05.412+0300: 1222.911: Application time: 0.0070142 seconds
2024-10-06T21:06:05.412+0300: 1222.911: Total time for which application threads were stopped: 0.0000744 seconds, Stopping threads took: 0.0000510 seconds
2024-10-06T21:06:05.476+0300: 1222.977: Application time: 0.0657095 seconds
2024-10-06T21:06:05.476+0300: 1222.977: Total time for which application threads were stopped: 0.0001690 seconds, Stopping threads took: 0.0000295 seconds
2024-10-06T21:06:05.570+0300: 1223.073: Application time: 0.0957454 seconds
2024-10-06T21:06:05.570+0300: 1223.073: Total time for which application threads were stopped: 0.0002337 seconds, Stopping threads took: 0.0000397 seconds
2024-10-06T21:06:05.617+0300: 1223.125: Application time: 0.0518493 seconds
2024-10-06T21:06:05.617+0300: 1223.125: Total time for which application threads were stopped: 0.0002818 seconds, Stopping threads took: 0.0000510 seconds
2024-10-06T21:06:05.648+0300: 1223.150: Application time: 0.0246502 seconds
2024-10-06T21:06:05.648+0300: 1223.150: Total time for which application threads were stopped: 0.0000713 seconds, Stopping threads took: 0.0000285 seconds
2024-10-06T21:06:05.664+0300: 1223.165: Application time: 0.0150632 seconds
2024-10-06T21:06:05.664+0300: 1223.165: Total time for which application threads were stopped: 0.0000823 seconds, Stopping threads took: 0.0000474 seconds
2024-10-06T21:06:05.758+0300: 1223.269: Application time: 0.1036372 seconds
2024-10-06T21:06:05.758+0300: 1223.269: Total time for which application threads were stopped: 0.0002062 seconds, Stopping threads took: 0.0000182 seconds
2024-10-06T21:06:05.774+0300: 1223.275: Application time: 0.0061763 seconds
2024-10-06T21:06:05.774+0300: 1223.276: Total time for which application threads were stopped: 0.0001917 seconds, Stopping threads took: 0.0000186 seconds
2024-10-06T21:06:05.774+0300: 1223.277: Application time: 0.0016605 seconds
2024-10-06T21:06:05.774+0300: 1223.277: Total time for which application threads were stopped: 0.0001939 seconds, Stopping threads took: 0.0000170 seconds
2024-10-06T21:06:06.073+0300: 1223.570: Application time: 0.2928806 seconds
2024-10-06T21:06:06.073+0300: 1223.570: Total time for which application threads were stopped: 0.0000586 seconds, Stopping threads took: 0.0000287 seconds
2024-10-06T21:06:06.231+0300: 1223.729: Application time: 0.1588254 seconds
2024-10-06T21:06:06.231+0300: 1223.729: [GC (Allocation Failure) 2024-10-06T21:06:06.231+0300: 1223.729: [ParNew: 247970K->9340K(276480K), 0.0045397 secs] 310019K->71390K(890880K), 0.0046269 secs] [Times: user=0.00 sys=0.00, real=0.00 secs] 
2024-10-06T21:06:06.231+0300: 1223.734: Total time for which application threads were stopped: 0.0048267 seconds, Stopping threads took: 0.0000395 seconds
2024-10-06T21:06:06.231+0300: 1223.734: Application time: 0.0002249 seconds
2024-10-06T21:06:06.231+0300: 1223.734: Total time for which application threads were stopped: 0.0002365 seconds, Stopping threads took: 0.0001530 seconds
2024-10-06T21:06:06.231+0300: 1223.735: Application time: 0.0001696 seconds
2024-10-06T21:06:06.231+0300: 1223.735: Total time for which application threads were stopped: 0.0001172 seconds, Stopping threads took: 0.0000472 seconds
2024-10-06T21:06:06.231+0300: 1223.735: Application time: 0.0000492 seconds
2024-10-06T21:06:06.231+0300: 1223.735: Total time for which application threads were stopped: 0.0000769 seconds, Stopping threads took: 0.0000325 seconds
2024-10-06T21:06:06.231+0300: 1223.735: Application time: 0.0001425 seconds
2024-10-06T21:06:06.231+0300: 1223.735: Total time for which application threads were stopped: 0.0000845 seconds, Stopping threads took: 0.0000506 seconds
2024-10-06T21:06:06.231+0300: 1223.735: Application time: 0.0000863 seconds
2024-10-06T21:06:06.231+0300: 1223.735: Total time for which application threads were stopped: 0.0000693 seconds, Stopping threads took: 0.0000418 seconds
2024-10-06T21:06:06.231+0300: 1223.735: Application time: 0.0001919 seconds
2024-10-06T21:06:06.231+0300: 1223.736: Total time for which application threads were stopped: 0.0000952 seconds, Stopping threads took: 0.0000603 seconds
2024-10-06T21:06:06.231+0300: 1223.736: Application time: 0.0000730 seconds
2024-10-06T21:06:06.231+0300: 1223.736: Total time for which application threads were stopped: 0.0000762 seconds, Stopping threads took: 0.0000468 seconds
2024-10-06T21:06:06.701+0300: 1224.202: Application time: 0.4664611 seconds
2024-10-06T21:06:06.701+0300: 1224.202: [GC (Allocation Failure) 2024-10-06T21:06:06.701+0300: 1224.203: [ParNew: 255090K->13021K(276480K), 0.0059504 secs] 317140K->75073K(890880K), 0.0060709 secs] [Times: user=0.05 sys=0.00, real=0.00 secs] 
2024-10-06T21:06:06.701+0300: 1224.209: Total time for which application threads were stopped: 0.0063667 seconds, Stopping threads took: 0.0000521 seconds
2024-10-06T21:06:06.701+0300: 1224.209: Application time: 0.0001143 seconds
2024-10-06T21:06:06.701+0300: 1224.209: Total time for which application threads were stopped: 0.0001498 seconds, Stopping threads took: 0.0001026 seconds
2024-10-06T21:06:06.701+0300: 1224.209: Application time: 0.0000747 seconds
2024-10-06T21:06:06.701+0300: 1224.209: Total time for which application threads were stopped: 0.0000782 seconds, Stopping threads took: 0.0000413 seconds
2024-10-06T21:06:06.764+0300: 1224.260: Application time: 0.0515057 seconds
2024-10-06T21:06:06.764+0300: 1224.261: Total time for which application threads were stopped: 0.0001219 seconds, Stopping threads took: 0.0000702 seconds
2024-10-06T21:06:06.764+0300: 1224.261: Application time: 0.0002571 seconds
2024-10-06T21:06:06.764+0300: 1224.261: Total time for which application threads were stopped: 0.0000681 seconds, Stopping threads took: 0.0000418 seconds
2024-10-06T21:06:06.764+0300: 1224.261: Application time: 0.0002422 seconds
2024-10-06T21:06:06.764+0300: 1224.261: Total time for which application threads were stopped: 0.0000588 seconds, Stopping threads took: 0.0000299 seconds
2024-10-06T21:06:06.795+0300: 1224.295: Application time: 0.0334855 seconds
2024-10-06T21:06:06.795+0300: 1224.295: [GC (Allocation Failure) 2024-10-06T21:06:06.795+0300: 1224.295: [ParNew: 258781K->16951K(276480K), 0.0053221 secs] 320833K->79004K(890880K), 0.0054065 secs] [Times: user=0.01 sys=0.00, real=0.00 secs] 
2024-10-06T21:06:06.795+0300: 1224.300: Total time for which application threads were stopped: 0.0055722 seconds, Stopping threads took: 0.0000466 seconds
2024-10-06T21:06:06.842+0300: 1224.351: Application time: 0.0504500 seconds
2024-10-06T21:06:06.842+0300: 1224.351: Total time for which application threads were stopped: 0.0000588 seconds, Stopping threads took: 0.0000332 seconds
2024-10-06T21:06:06.905+0300: 1224.417: Application time: 0.0657460 seconds
2024-10-06T21:06:06.905+0300: 1224.417: Total time for which application threads were stopped: 0.0001242 seconds, Stopping threads took: 0.0000481 seconds
2024-10-06T21:06:06.920+0300: 1224.420: Application time: 0.0032981 seconds
2024-10-06T21:06:06.920+0300: 1224.420: Total time for which application threads were stopped: 0.0000606 seconds, Stopping threads took: 0.0000362 seconds
2024-10-06T21:06:06.920+0300: 1224.420: Application time: 0.0004100 seconds
2024-10-06T21:06:06.920+0300: 1224.421: Total time for which application threads were stopped: 0.0002539 seconds, Stopping threads took: 0.0002169 seconds
2024-10-06T21:06:06.933+0300: 1224.430: Application time: 0.0088011 seconds
2024-10-06T21:06:06.933+0300: 1224.430: Total time for which application threads were stopped: 0.0000823 seconds, Stopping threads took: 0.0000442 seconds
Heap
 par new generation   total 276480K, used 199054K [0x00000000c7c00000, 0x00000000da800000, 0x00000000da800000)
  eden space 245760K,  74% used [0x00000000c7c00000, 0x00000000d2dd5dc0, 0x00000000d6c00000)
  from space 30720K,  55% used [0x00000000d8a00000, 0x00000000d9a8ddd8, 0x00000000da800000)
  to   space 30720K,   0% used [0x00000000d6c00000, 0x00000000d6c00000, 0x00000000d8a00000)
 concurrent mark-sweep generation total 614400K, used 62053K [0x00000000da800000, 0x0000000100000000, 0x0000000100000000)
 Metaspace       used 15907K, capacity 16100K, committed 16384K, reserved 1064960K
  class space    used 1651K, capacity 1750K, committed 1792K, reserved 1048576K
2024-10-06T21:06:07.030+0300: 1224.527: Application time: 0.0973894 seconds
