[0.012s][info][gc] Using Concurrent Mark Sweep
[0.012s][info][gc,heap,coops] Heap address: 0x00000000c0000000, size: 1024 MB, Compressed Oops mode: 32-bit
[0.690s][info][gc,start     ] GC(0) Pause Full (System.gc())
[0.691s][info][gc,phases,start] GC(0) Phase 1: Mark live objects
[0.695s][info][gc,phases      ] GC(0) Phase 1: Mark live objects 3.945ms
[0.695s][info][gc,phases,start] GC(0) Phase 2: Compute new object addresses
[0.702s][info][gc,phases      ] GC(0) Phase 2: Compute new object addresses 6.999ms
[0.702s][info][gc,phases,start] GC(0) Phase 3: Adjust pointers
[0.704s][info][gc,phases      ] GC(0) Phase 3: Adjust pointers 1.983ms
[0.706s][info][gc,phases,start] GC(0) Phase 4: Move objects
[0.709s][info][gc,phases      ] GC(0) Phase 4: Move objects 3.013ms
[0.711s][info][gc,heap        ] GC(0) ParNew: 58526K->0K(314560K)
[0.711s][info][gc,heap        ] GC(0) CMS: 0K->10970K(699072K)
[0.711s][info][gc,metaspace   ] GC(0) Metaspace: 12232K(12800K)->12232K(12800K) NonClass: 11086K(11520K)->11086K(11520K) Class: 1146K(1280K)->1146K(1280K)
[0.711s][info][gc             ] GC(0) Pause Full (System.gc()) 57M->10M(989M) 20.620ms
[0.711s][info][gc,cpu         ] GC(0) User=0.02s Sys=0.00s Real=0.02s
[1.138s][info][gc,start       ] GC(1) Pause Young (Allocation Failure)
[1.138s][info][gc,task        ] GC(1) Using 6 workers of 6 for evacuation
[1.141s][info][gc,heap        ] GC(1) ParNew: 279616K->3496K(314560K)
[1.141s][info][gc,heap        ] GC(1) CMS: 10970K->10970K(699072K)
[1.141s][info][gc,metaspace   ] GC(1) Metaspace: 14647K(15104K)->14647K(15104K) NonClass: 13285K(13568K)->13285K(13568K) Class: 1361K(1536K)->1361K(1536K)
[1.141s][info][gc             ] GC(1) Pause Young (Allocation Failure) 283M->14M(989M) 3.371ms
[1.141s][info][gc,cpu         ] GC(1) User=0.06s Sys=0.03s Real=0.00s
[1.354s][info][gc,start       ] GC(2) Pause Young (Allocation Failure)
[1.354s][info][gc,task        ] GC(2) Using 6 workers of 6 for evacuation
[1.356s][info][gc,heap        ] GC(2) ParNew: 283112K->5229K(314560K)
[1.356s][info][gc,heap        ] GC(2) CMS: 10970K->10970K(699072K)
[1.356s][info][gc,metaspace   ] GC(2) Metaspace: 14651K(15104K)->14651K(15104K) NonClass: 13289K(13568K)->13289K(13568K) Class: 1362K(1536K)->1362K(1536K)
[1.356s][info][gc             ] GC(2) Pause Young (Allocation Failure) 287M->15M(989M) 1.859ms
[1.356s][info][gc,cpu         ] GC(2) User=0.00s Sys=0.00s Real=0.00s
[1.471s][info][gc,start       ] GC(3) Pause Young (Allocation Failure)
[1.471s][info][gc,task        ] GC(3) Using 6 workers of 6 for evacuation
[1.473s][info][gc,heap        ] GC(3) ParNew: 284845K->5711K(314560K)
[1.473s][info][gc,heap        ] GC(3) CMS: 10970K->10970K(699072K)
[1.473s][info][gc,metaspace   ] GC(3) Metaspace: 14651K(15104K)->14651K(15104K) NonClass: 13289K(13568K)->13289K(13568K) Class: 1362K(1536K)->1362K(1536K)
[1.473s][info][gc             ] GC(3) Pause Young (Allocation Failure) 288M->16M(989M) 1.975ms
[1.473s][info][gc,cpu         ] GC(3) User=0.00s Sys=0.00s Real=0.00s
[1.677s][info][gc,start       ] GC(4) Pause Young (Allocation Failure)
[1.677s][info][gc,task        ] GC(4) Using 6 workers of 6 for evacuation
[1.678s][info][gc,heap        ] GC(4) ParNew: 285327K->5300K(314560K)
[1.678s][info][gc,heap        ] GC(4) CMS: 10970K->10970K(699072K)
[1.678s][info][gc,metaspace   ] GC(4) Metaspace: 14652K(15104K)->14652K(15104K) NonClass: 13290K(13568K)->13290K(13568K) Class: 1362K(1536K)->1362K(1536K)
[1.678s][info][gc             ] GC(4) Pause Young (Allocation Failure) 289M->15M(989M) 1.743ms
[1.678s][info][gc,cpu         ] GC(4) User=0.00s Sys=0.00s Real=0.00s
[1.773s][info][gc,start       ] GC(5) Pause Young (Allocation Failure)
[1.773s][info][gc,task        ] GC(5) Using 6 workers of 6 for evacuation
[1.775s][info][gc,heap        ] GC(5) ParNew: 284916K->4710K(314560K)
[1.775s][info][gc,heap        ] GC(5) CMS: 10970K->10970K(699072K)
[1.775s][info][gc,metaspace   ] GC(5) Metaspace: 14652K(15104K)->14652K(15104K) NonClass: 13290K(13568K)->13290K(13568K) Class: 1362K(1536K)->1362K(1536K)
[1.775s][info][gc             ] GC(5) Pause Young (Allocation Failure) 288M->15M(989M) 1.724ms
[1.775s][info][gc,cpu         ] GC(5) User=0.00s Sys=0.00s Real=0.00s
[1.900s][info][gc,start       ] GC(6) Pause Young (Allocation Failure)
[1.900s][info][gc,task        ] GC(6) Using 6 workers of 6 for evacuation
[1.902s][info][gc,heap        ] GC(6) ParNew: 284326K->5906K(314560K)
[1.902s][info][gc,heap        ] GC(6) CMS: 10970K->10970K(699072K)
[1.902s][info][gc,metaspace   ] GC(6) Metaspace: 14652K(15104K)->14652K(15104K) NonClass: 13290K(13568K)->13290K(13568K) Class: 1362K(1536K)->1362K(1536K)
[1.903s][info][gc             ] GC(6) Pause Young (Allocation Failure) 288M->16M(989M) 2.180ms
[1.903s][info][gc,cpu         ] GC(6) User=0.00s Sys=0.00s Real=0.00s
[2.020s][info][gc,start       ] GC(7) Pause Young (Allocation Failure)
[2.020s][info][gc,task        ] GC(7) Using 6 workers of 6 for evacuation
[2.023s][info][gc,heap        ] GC(7) ParNew: 285522K->3677K(314560K)
[2.023s][info][gc,heap        ] GC(7) CMS: 10970K->12603K(699072K)
[2.023s][info][gc,metaspace   ] GC(7) Metaspace: 14652K(15104K)->14652K(15104K) NonClass: 13290K(13568K)->13290K(13568K) Class: 1362K(1536K)->1362K(1536K)
[2.023s][info][gc             ] GC(7) Pause Young (Allocation Failure) 289M->15M(989M) 3.554ms
[2.023s][info][gc,cpu         ] GC(7) User=0.00s Sys=0.00s Real=0.00s
[2.210s][info][gc,start       ] GC(8) Pause Young (Allocation Failure)
[2.210s][info][gc,task        ] GC(8) Using 6 workers of 6 for evacuation
[2.211s][info][gc,heap        ] GC(8) ParNew: 283293K->2613K(314560K)
[2.211s][info][gc,heap        ] GC(8) CMS: 12603K->12605K(699072K)
[2.211s][info][gc,metaspace   ] GC(8) Metaspace: 14653K(15104K)->14653K(15104K) NonClass: 13291K(13568K)->13291K(13568K) Class: 1362K(1536K)->1362K(1536K)
[2.211s][info][gc             ] GC(8) Pause Young (Allocation Failure) 288M->14M(989M) 1.452ms
[2.211s][info][gc,cpu         ] GC(8) User=0.00s Sys=0.00s Real=0.00s
[2.402s][info][gc,start       ] GC(9) Pause Young (Allocation Failure)
[2.402s][info][gc,task        ] GC(9) Using 6 workers of 6 for evacuation
[2.403s][info][gc,heap        ] GC(9) ParNew: 282229K->3178K(314560K)
[2.403s][info][gc,heap        ] GC(9) CMS: 12605K->12605K(699072K)
[2.403s][info][gc,metaspace   ] GC(9) Metaspace: 14653K(15104K)->14653K(15104K) NonClass: 13291K(13568K)->13291K(13568K) Class: 1362K(1536K)->1362K(1536K)
[2.403s][info][gc             ] GC(9) Pause Young (Allocation Failure) 287M->15M(989M) 1.638ms
[2.403s][info][gc,cpu         ] GC(9) User=0.00s Sys=0.00s Real=0.00s
[2.561s][info][gc,start       ] GC(10) Pause Young (Allocation Failure)
[2.561s][info][gc,task        ] GC(10) Using 6 workers of 6 for evacuation
[2.562s][info][gc,heap        ] GC(10) ParNew: 282794K->3303K(314560K)
[2.562s][info][gc,heap        ] GC(10) CMS: 12605K->12605K(699072K)
[2.562s][info][gc,metaspace   ] GC(10) Metaspace: 14653K(15104K)->14653K(15104K) NonClass: 13291K(13568K)->13291K(13568K) Class: 1362K(1536K)->1362K(1536K)
[2.562s][info][gc             ] GC(10) Pause Young (Allocation Failure) 288M->15M(989M) 1.499ms
[2.562s][info][gc,cpu         ] GC(10) User=0.00s Sys=0.00s Real=0.00s
[2.713s][info][gc,start       ] GC(11) Pause Young (Allocation Failure)
[2.714s][info][gc,task        ] GC(11) Using 6 workers of 6 for evacuation
[2.715s][info][gc,heap        ] GC(11) ParNew: 282919K->2470K(314560K)
[2.715s][info][gc,heap        ] GC(11) CMS: 12605K->12605K(699072K)
[2.715s][info][gc,metaspace   ] GC(11) Metaspace: 14653K(15104K)->14653K(15104K) NonClass: 13291K(13568K)->13291K(13568K) Class: 1362K(1536K)->1362K(1536K)
[2.715s][info][gc             ] GC(11) Pause Young (Allocation Failure) 288M->14M(989M) 1.368ms
[2.715s][info][gc,cpu         ] GC(11) User=0.00s Sys=0.00s Real=0.00s
[2.876s][info][gc,start       ] GC(12) Pause Young (Allocation Failure)
[2.876s][info][gc,task        ] GC(12) Using 6 workers of 6 for evacuation
[2.878s][info][gc,heap        ] GC(12) ParNew: 282086K->2695K(314560K)
[2.878s][info][gc,heap        ] GC(12) CMS: 12605K->12605K(699072K)
[2.878s][info][gc,metaspace   ] GC(12) Metaspace: 14653K(15104K)->14653K(15104K) NonClass: 13291K(13568K)->13291K(13568K) Class: 1362K(1536K)->1362K(1536K)
[2.878s][info][gc             ] GC(12) Pause Young (Allocation Failure) 287M->14M(989M) 1.426ms
[2.878s][info][gc,cpu         ] GC(12) User=0.00s Sys=0.00s Real=0.00s
[3.042s][info][gc,start       ] GC(13) Pause Young (Allocation Failure)
[3.042s][info][gc,task        ] GC(13) Using 6 workers of 6 for evacuation
[3.043s][info][gc,heap        ] GC(13) ParNew: 282311K->3030K(314560K)
[3.043s][info][gc,heap        ] GC(13) CMS: 12605K->12605K(699072K)
[3.043s][info][gc,metaspace   ] GC(13) Metaspace: 14654K(15104K)->14654K(15104K) NonClass: 13292K(13568K)->13292K(13568K) Class: 1362K(1536K)->1362K(1536K)
[3.043s][info][gc             ] GC(13) Pause Young (Allocation Failure) 288M->15M(989M) 1.385ms
[3.043s][info][gc,cpu         ] GC(13) User=0.00s Sys=0.00s Real=0.00s
[3.219s][info][gc,start       ] GC(14) Pause Young (Allocation Failure)
[3.219s][info][gc,task        ] GC(14) Using 6 workers of 6 for evacuation
[3.220s][info][gc,heap        ] GC(14) ParNew: 282646K->2365K(314560K)
[3.220s][info][gc,heap        ] GC(14) CMS: 12605K->12605K(699072K)
[3.220s][info][gc,metaspace   ] GC(14) Metaspace: 14654K(15104K)->14654K(15104K) NonClass: 13292K(13568K)->13292K(13568K) Class: 1362K(1536K)->1362K(1536K)
[3.220s][info][gc             ] GC(14) Pause Young (Allocation Failure) 288M->14M(989M) 1.496ms
[3.220s][info][gc,cpu         ] GC(14) User=0.00s Sys=0.00s Real=0.00s
[3.391s][info][gc,start       ] GC(15) Pause Young (Allocation Failure)
[3.391s][info][gc,task        ] GC(15) Using 6 workers of 6 for evacuation
[3.392s][info][gc,heap        ] GC(15) ParNew: 281981K->3415K(314560K)
[3.392s][info][gc,heap        ] GC(15) CMS: 12605K->12605K(699072K)
[3.392s][info][gc,metaspace   ] GC(15) Metaspace: 14654K(15104K)->14654K(15104K) NonClass: 13292K(13568K)->13292K(13568K) Class: 1362K(1536K)->1362K(1536K)
[3.392s][info][gc             ] GC(15) Pause Young (Allocation Failure) 287M->15M(989M) 1.589ms
[3.392s][info][gc,cpu         ] GC(15) User=0.00s Sys=0.00s Real=0.00s
[3.567s][info][gc,start       ] GC(16) Pause Young (Allocation Failure)
[3.567s][info][gc,task        ] GC(16) Using 6 workers of 6 for evacuation
[3.569s][info][gc,heap        ] GC(16) ParNew: 283031K->3122K(314560K)
[3.569s][info][gc,heap        ] GC(16) CMS: 12605K->12605K(699072K)
[3.569s][info][gc,metaspace   ] GC(16) Metaspace: 14660K(15104K)->14660K(15104K) NonClass: 13298K(13568K)->13298K(13568K) Class: 1362K(1536K)->1362K(1536K)
[3.569s][info][gc             ] GC(16) Pause Young (Allocation Failure) 288M->15M(989M) 1.417ms
[3.569s][info][gc,cpu         ] GC(16) User=0.00s Sys=0.00s Real=0.00s
[3.741s][info][gc,start       ] GC(17) Pause Young (Allocation Failure)
[3.741s][info][gc,task        ] GC(17) Using 6 workers of 6 for evacuation
[3.743s][info][gc,heap        ] GC(17) ParNew: 282738K->2751K(314560K)
[3.743s][info][gc,heap        ] GC(17) CMS: 12605K->12605K(699072K)
[3.743s][info][gc,metaspace   ] GC(17) Metaspace: 14664K(15104K)->14664K(15104K) NonClass: 13302K(13568K)->13302K(13568K) Class: 1362K(1536K)->1362K(1536K)
[3.743s][info][gc             ] GC(17) Pause Young (Allocation Failure) 288M->14M(989M) 1.493ms
[3.743s][info][gc,cpu         ] GC(17) User=0.00s Sys=0.00s Real=0.00s
[3.949s][info][gc,start       ] GC(18) Pause Young (Allocation Failure)
[3.949s][info][gc,task        ] GC(18) Using 6 workers of 6 for evacuation
[3.951s][info][gc,heap        ] GC(18) ParNew: 282367K->3405K(314560K)
[3.951s][info][gc,heap        ] GC(18) CMS: 12605K->12605K(699072K)
[3.951s][info][gc,metaspace   ] GC(18) Metaspace: 14664K(15104K)->14664K(15104K) NonClass: 13302K(13568K)->13302K(13568K) Class: 1362K(1536K)->1362K(1536K)
[3.951s][info][gc             ] GC(18) Pause Young (Allocation Failure) 288M->15M(989M) 1.634ms
[3.951s][info][gc,cpu         ] GC(18) User=0.00s Sys=0.00s Real=0.00s
[4.118s][info][gc,start       ] GC(19) Pause Young (Allocation Failure)
[4.118s][info][gc,task        ] GC(19) Using 6 workers of 6 for evacuation
[4.120s][info][gc,heap        ] GC(19) ParNew: 283021K->2553K(314560K)
[4.120s][info][gc,heap        ] GC(19) CMS: 12605K->12605K(699072K)
[4.120s][info][gc,metaspace   ] GC(19) Metaspace: 14664K(15104K)->14664K(15104K) NonClass: 13302K(13568K)->13302K(13568K) Class: 1362K(1536K)->1362K(1536K)
[4.120s][info][gc             ] GC(19) Pause Young (Allocation Failure) 288M->14M(989M) 1.322ms
[4.120s][info][gc,cpu         ] GC(19) User=0.00s Sys=0.00s Real=0.00s
[4.276s][info][gc,start       ] GC(20) Pause Young (Allocation Failure)
[4.276s][info][gc,task        ] GC(20) Using 6 workers of 6 for evacuation
[4.277s][info][gc,heap        ] GC(20) ParNew: 282169K->3472K(314560K)
[4.277s][info][gc,heap        ] GC(20) CMS: 12605K->12605K(699072K)
[4.277s][info][gc,metaspace   ] GC(20) Metaspace: 14664K(15104K)->14664K(15104K) NonClass: 13302K(13568K)->13302K(13568K) Class: 1362K(1536K)->1362K(1536K)
[4.277s][info][gc             ] GC(20) Pause Young (Allocation Failure) 287M->15M(989M) 1.484ms
[4.277s][info][gc,cpu         ] GC(20) User=0.00s Sys=0.00s Real=0.00s
[4.432s][info][gc,start       ] GC(21) Pause Young (Allocation Failure)
[4.432s][info][gc,task        ] GC(21) Using 6 workers of 6 for evacuation
[4.433s][info][gc,heap        ] GC(21) ParNew: 283088K->2738K(314560K)
[4.433s][info][gc,heap        ] GC(21) CMS: 12605K->12605K(699072K)
[4.433s][info][gc,metaspace   ] GC(21) Metaspace: 14664K(15104K)->14664K(15104K) NonClass: 13302K(13568K)->13302K(13568K) Class: 1362K(1536K)->1362K(1536K)
[4.433s][info][gc             ] GC(21) Pause Young (Allocation Failure) 288M->14M(989M) 1.330ms
[4.433s][info][gc,cpu         ] GC(21) User=0.00s Sys=0.00s Real=0.00s
[4.578s][info][gc,start       ] GC(22) Pause Young (Allocation Failure)
[4.581s][info][gc,task        ] GC(22) Using 6 workers of 6 for evacuation
[4.582s][info][gc,heap        ] GC(22) ParNew: 282354K->2662K(314560K)
[4.582s][info][gc,heap        ] GC(22) CMS: 12605K->12605K(699072K)
[4.583s][info][gc,metaspace   ] GC(22) Metaspace: 14664K(15104K)->14664K(15104K) NonClass: 13302K(13568K)->13302K(13568K) Class: 1362K(1536K)->1362K(1536K)
[4.583s][info][gc             ] GC(22) Pause Young (Allocation Failure) 288M->14M(989M) 4.131ms
[4.583s][info][gc,cpu         ] GC(22) User=0.00s Sys=0.00s Real=0.00s
[4.720s][info][gc,start       ] GC(23) Pause Young (Allocation Failure)
[4.720s][info][gc,task        ] GC(23) Using 6 workers of 6 for evacuation
[4.721s][info][gc,heap        ] GC(23) ParNew: 282278K->3089K(314560K)
[4.721s][info][gc,heap        ] GC(23) CMS: 12605K->12605K(699072K)
[4.721s][info][gc,metaspace   ] GC(23) Metaspace: 14664K(15104K)->14664K(15104K) NonClass: 13302K(13568K)->13302K(13568K) Class: 1362K(1536K)->1362K(1536K)
[4.721s][info][gc             ] GC(23) Pause Young (Allocation Failure) 287M->15M(989M) 1.416ms
[4.722s][info][gc,cpu         ] GC(23) User=0.00s Sys=0.00s Real=0.00s
[4.851s][info][gc,start       ] GC(24) Pause Young (Allocation Failure)
[4.851s][info][gc,task        ] GC(24) Using 6 workers of 6 for evacuation
[4.852s][info][gc,heap        ] GC(24) ParNew: 282705K->3092K(314560K)
[4.852s][info][gc,heap        ] GC(24) CMS: 12605K->12605K(699072K)
[4.852s][info][gc,metaspace   ] GC(24) Metaspace: 14664K(15104K)->14664K(15104K) NonClass: 13302K(13568K)->13302K(13568K) Class: 1362K(1536K)->1362K(1536K)
[4.852s][info][gc             ] GC(24) Pause Young (Allocation Failure) 288M->15M(989M) 1.324ms
[4.852s][info][gc,cpu         ] GC(24) User=0.00s Sys=0.00s Real=0.00s
[4.986s][info][gc,start       ] GC(25) Pause Young (Allocation Failure)
[4.986s][info][gc,task        ] GC(25) Using 6 workers of 6 for evacuation
[4.987s][info][gc,heap        ] GC(25) ParNew: 282708K->3577K(314560K)
[4.987s][info][gc,heap        ] GC(25) CMS: 12605K->12605K(699072K)
[4.987s][info][gc,metaspace   ] GC(25) Metaspace: 14664K(15104K)->14664K(15104K) NonClass: 13302K(13568K)->13302K(13568K) Class: 1362K(1536K)->1362K(1536K)
[4.987s][info][gc             ] GC(25) Pause Young (Allocation Failure) 288M->15M(989M) 1.730ms
[4.987s][info][gc,cpu         ] GC(25) User=0.00s Sys=0.00s Real=0.00s
[5.137s][info][gc,start       ] GC(26) Pause Young (Allocation Failure)
[5.137s][info][gc,task        ] GC(26) Using 6 workers of 6 for evacuation
[5.139s][info][gc,heap        ] GC(26) ParNew: 283193K->2802K(314560K)
[5.139s][info][gc,heap        ] GC(26) CMS: 12605K->12605K(699072K)
[5.139s][info][gc,metaspace   ] GC(26) Metaspace: 14664K(15104K)->14664K(15104K) NonClass: 13302K(13568K)->13302K(13568K) Class: 1362K(1536K)->1362K(1536K)
[5.139s][info][gc             ] GC(26) Pause Young (Allocation Failure) 288M->15M(989M) 1.478ms
[5.139s][info][gc,cpu         ] GC(26) User=0.00s Sys=0.00s Real=0.00s
[5.282s][info][gc,start       ] GC(27) Pause Young (Allocation Failure)
[5.282s][info][gc,task        ] GC(27) Using 6 workers of 6 for evacuation
[5.283s][info][gc,heap        ] GC(27) ParNew: 282418K->2989K(314560K)
[5.283s][info][gc,heap        ] GC(27) CMS: 12605K->12605K(699072K)
[5.283s][info][gc,metaspace   ] GC(27) Metaspace: 14664K(15104K)->14664K(15104K) NonClass: 13302K(13568K)->13302K(13568K) Class: 1362K(1536K)->1362K(1536K)
[5.284s][info][gc             ] GC(27) Pause Young (Allocation Failure) 288M->15M(989M) 1.404ms
[5.284s][info][gc,cpu         ] GC(27) User=0.00s Sys=0.00s Real=0.00s
[5.443s][info][gc,start       ] GC(28) Pause Young (Allocation Failure)
[5.443s][info][gc,task        ] GC(28) Using 6 workers of 6 for evacuation
[5.445s][info][gc,heap        ] GC(28) ParNew: 282605K->2684K(314560K)
[5.445s][info][gc,heap        ] GC(28) CMS: 12605K->12605K(699072K)
[5.445s][info][gc,metaspace   ] GC(28) Metaspace: 14664K(15104K)->14664K(15104K) NonClass: 13302K(13568K)->13302K(13568K) Class: 1362K(1536K)->1362K(1536K)
[5.445s][info][gc             ] GC(28) Pause Young (Allocation Failure) 288M->14M(989M) 1.382ms
[5.445s][info][gc,cpu         ] GC(28) User=0.00s Sys=0.00s Real=0.00s
[5.601s][info][gc,start       ] GC(29) Pause Young (Allocation Failure)
[5.601s][info][gc,task        ] GC(29) Using 6 workers of 6 for evacuation
[5.602s][info][gc,heap        ] GC(29) ParNew: 282300K->3679K(314560K)
[5.603s][info][gc,heap        ] GC(29) CMS: 12605K->12605K(699072K)
[5.603s][info][gc,metaspace   ] GC(29) Metaspace: 14664K(15104K)->14664K(15104K) NonClass: 13302K(13568K)->13302K(13568K) Class: 1362K(1536K)->1362K(1536K)
[5.603s][info][gc             ] GC(29) Pause Young (Allocation Failure) 287M->15M(989M) 1.488ms
[5.603s][info][gc,cpu         ] GC(29) User=0.00s Sys=0.00s Real=0.00s
[5.740s][info][gc,start       ] GC(30) Pause Young (Allocation Failure)
[5.740s][info][gc,task        ] GC(30) Using 6 workers of 6 for evacuation
[5.742s][info][gc,heap        ] GC(30) ParNew: 283295K->2641K(314560K)
[5.742s][info][gc,heap        ] GC(30) CMS: 12605K->12605K(699072K)
[5.742s][info][gc,metaspace   ] GC(30) Metaspace: 14664K(15104K)->14664K(15104K) NonClass: 13302K(13568K)->13302K(13568K) Class: 1362K(1536K)->1362K(1536K)
[5.742s][info][gc             ] GC(30) Pause Young (Allocation Failure) 288M->14M(989M) 1.401ms
[5.742s][info][gc,cpu         ] GC(30) User=0.00s Sys=0.00s Real=0.00s
[5.880s][info][gc,start       ] GC(31) Pause Young (Allocation Failure)
[5.880s][info][gc,task        ] GC(31) Using 6 workers of 6 for evacuation
[5.881s][info][gc,heap        ] GC(31) ParNew: 282257K->3080K(314560K)
[5.881s][info][gc,heap        ] GC(31) CMS: 12605K->12605K(699072K)
[5.881s][info][gc,metaspace   ] GC(31) Metaspace: 14664K(15104K)->14664K(15104K) NonClass: 13302K(13568K)->13302K(13568K) Class: 1362K(1536K)->1362K(1536K)
[5.881s][info][gc             ] GC(31) Pause Young (Allocation Failure) 287M->15M(989M) 1.410ms
[5.881s][info][gc,cpu         ] GC(31) User=0.00s Sys=0.00s Real=0.00s
[6.070s][info][gc,start       ] GC(32) Pause Young (Allocation Failure)
[6.070s][info][gc,task        ] GC(32) Using 6 workers of 6 for evacuation
[6.072s][info][gc,heap        ] GC(32) ParNew: 282696K->3826K(314560K)
[6.072s][info][gc,heap        ] GC(32) CMS: 12605K->12605K(699072K)
[6.072s][info][gc,metaspace   ] GC(32) Metaspace: 14664K(15104K)->14664K(15104K) NonClass: 13302K(13568K)->13302K(13568K) Class: 1362K(1536K)->1362K(1536K)
[6.072s][info][gc             ] GC(32) Pause Young (Allocation Failure) 288M->16M(989M) 1.708ms
[6.072s][info][gc,cpu         ] GC(32) User=0.00s Sys=0.00s Real=0.00s
[6.267s][info][gc,start       ] GC(33) Pause Young (Allocation Failure)
[6.268s][info][gc,task        ] GC(33) Using 6 workers of 6 for evacuation
[6.269s][info][gc,heap        ] GC(33) ParNew: 283442K->2590K(314560K)
[6.269s][info][gc,heap        ] GC(33) CMS: 12605K->12605K(699072K)
[6.269s][info][gc,metaspace   ] GC(33) Metaspace: 14664K(15104K)->14664K(15104K) NonClass: 13302K(13568K)->13302K(13568K) Class: 1362K(1536K)->1362K(1536K)
[6.269s][info][gc             ] GC(33) Pause Young (Allocation Failure) 289M->14M(989M) 1.578ms
[6.269s][info][gc,cpu         ] GC(33) User=0.00s Sys=0.00s Real=0.00s
[6.456s][info][gc,start       ] GC(34) Pause Young (Allocation Failure)
[6.456s][info][gc,task        ] GC(34) Using 6 workers of 6 for evacuation
[6.458s][info][gc,heap        ] GC(34) ParNew: 282206K->3237K(314560K)
[6.458s][info][gc,heap        ] GC(34) CMS: 12605K->12605K(699072K)
[6.458s][info][gc,metaspace   ] GC(34) Metaspace: 14664K(15104K)->14664K(15104K) NonClass: 13302K(13568K)->13302K(13568K) Class: 1362K(1536K)->1362K(1536K)
[6.458s][info][gc             ] GC(34) Pause Young (Allocation Failure) 287M->15M(989M) 1.376ms
[6.458s][info][gc,cpu         ] GC(34) User=0.00s Sys=0.00s Real=0.00s
[6.637s][info][gc,start       ] GC(35) Pause Young (Allocation Failure)
[6.637s][info][gc,task        ] GC(35) Using 6 workers of 6 for evacuation
[6.638s][info][gc,heap        ] GC(35) ParNew: 282853K->2977K(314560K)
[6.638s][info][gc,heap        ] GC(35) CMS: 12605K->12605K(699072K)
[6.638s][info][gc,metaspace   ] GC(35) Metaspace: 14664K(15104K)->14664K(15104K) NonClass: 13302K(13568K)->13302K(13568K) Class: 1362K(1536K)->1362K(1536K)
[6.638s][info][gc             ] GC(35) Pause Young (Allocation Failure) 288M->15M(989M) 1.426ms
[6.638s][info][gc,cpu         ] GC(35) User=0.00s Sys=0.00s Real=0.00s
[6.846s][info][gc,start       ] GC(36) Pause Young (Allocation Failure)
[6.846s][info][gc,task        ] GC(36) Using 6 workers of 6 for evacuation
[6.848s][info][gc,heap        ] GC(36) ParNew: 282593K->2987K(314560K)
[6.848s][info][gc,heap        ] GC(36) CMS: 12605K->12605K(699072K)
[6.848s][info][gc,metaspace   ] GC(36) Metaspace: 14670K(15104K)->14670K(15104K) NonClass: 13308K(13568K)->13308K(13568K) Class: 1362K(1536K)->1362K(1536K)
[6.848s][info][gc             ] GC(36) Pause Young (Allocation Failure) 288M->15M(989M) 1.292ms
[6.848s][info][gc,cpu         ] GC(36) User=0.00s Sys=0.00s Real=0.00s
[7.010s][info][gc,start       ] GC(37) Pause Young (Allocation Failure)
[7.010s][info][gc,task        ] GC(37) Using 6 workers of 6 for evacuation
[7.011s][info][gc,heap        ] GC(37) ParNew: 282603K->2577K(314560K)
[7.011s][info][gc,heap        ] GC(37) CMS: 12605K->12605K(699072K)
[7.011s][info][gc,metaspace   ] GC(37) Metaspace: 14670K(15104K)->14670K(15104K) NonClass: 13308K(13568K)->13308K(13568K) Class: 1362K(1536K)->1362K(1536K)
[7.011s][info][gc             ] GC(37) Pause Young (Allocation Failure) 288M->14M(989M) 1.393ms
[7.011s][info][gc,cpu         ] GC(37) User=0.00s Sys=0.00s Real=0.00s
[7.167s][info][gc,start       ] GC(38) Pause Young (Allocation Failure)
[7.167s][info][gc,task        ] GC(38) Using 6 workers of 6 for evacuation
[7.168s][info][gc,heap        ] GC(38) ParNew: 282193K->2537K(314560K)
[7.168s][info][gc,heap        ] GC(38) CMS: 12605K->12605K(699072K)
[7.168s][info][gc,metaspace   ] GC(38) Metaspace: 14670K(15104K)->14670K(15104K) NonClass: 13308K(13568K)->13308K(13568K) Class: 1362K(1536K)->1362K(1536K)
[7.168s][info][gc             ] GC(38) Pause Young (Allocation Failure) 287M->14M(989M) 1.269ms
[7.168s][info][gc,cpu         ] GC(38) User=0.00s Sys=0.00s Real=0.00s
[7.352s][info][gc,start       ] GC(39) Pause Young (Allocation Failure)
[7.352s][info][gc,task        ] GC(39) Using 6 workers of 6 for evacuation
[7.354s][info][gc,heap        ] GC(39) ParNew: 282153K->2912K(314560K)
[7.354s][info][gc,heap        ] GC(39) CMS: 12605K->12605K(699072K)
[7.354s][info][gc,metaspace   ] GC(39) Metaspace: 14670K(15104K)->14670K(15104K) NonClass: 13308K(13568K)->13308K(13568K) Class: 1362K(1536K)->1362K(1536K)
[7.354s][info][gc             ] GC(39) Pause Young (Allocation Failure) 287M->15M(989M) 1.337ms
[7.354s][info][gc,cpu         ] GC(39) User=0.00s Sys=0.00s Real=0.00s
[7.541s][info][gc,start       ] GC(40) Pause Young (Allocation Failure)
[7.542s][info][gc,task        ] GC(40) Using 6 workers of 6 for evacuation
[7.543s][info][gc,heap        ] GC(40) ParNew: 282528K->2903K(314560K)
[7.543s][info][gc,heap        ] GC(40) CMS: 12605K->12605K(699072K)
[7.543s][info][gc,metaspace   ] GC(40) Metaspace: 14670K(15104K)->14670K(15104K) NonClass: 13308K(13568K)->13308K(13568K) Class: 1362K(1536K)->1362K(1536K)
[7.543s][info][gc             ] GC(40) Pause Young (Allocation Failure) 288M->15M(989M) 1.378ms
[7.543s][info][gc,cpu         ] GC(40) User=0.00s Sys=0.00s Real=0.00s
[7.727s][info][gc,start       ] GC(41) Pause Young (Allocation Failure)
[7.727s][info][gc,task        ] GC(41) Using 6 workers of 6 for evacuation
[7.728s][info][gc,heap        ] GC(41) ParNew: 282519K->3210K(314560K)
[7.728s][info][gc,heap        ] GC(41) CMS: 12605K->12605K(699072K)
[7.728s][info][gc,metaspace   ] GC(41) Metaspace: 14670K(15104K)->14670K(15104K) NonClass: 13308K(13568K)->13308K(13568K) Class: 1362K(1536K)->1362K(1536K)
[7.729s][info][gc             ] GC(41) Pause Young (Allocation Failure) 288M->15M(989M) 1.429ms
[7.729s][info][gc,cpu         ] GC(41) User=0.00s Sys=0.00s Real=0.00s
[7.905s][info][gc,start       ] GC(42) Pause Young (Allocation Failure)
[7.905s][info][gc,task        ] GC(42) Using 6 workers of 6 for evacuation
[7.906s][info][gc,heap        ] GC(42) ParNew: 282826K->2602K(314560K)
[7.906s][info][gc,heap        ] GC(42) CMS: 12605K->12605K(699072K)
[7.906s][info][gc,metaspace   ] GC(42) Metaspace: 14670K(15104K)->14670K(15104K) NonClass: 13308K(13568K)->13308K(13568K) Class: 1362K(1536K)->1362K(1536K)
[7.906s][info][gc             ] GC(42) Pause Young (Allocation Failure) 288M->14M(989M) 1.527ms
[7.906s][info][gc,cpu         ] GC(42) User=0.00s Sys=0.00s Real=0.00s
[8.087s][info][gc,start       ] GC(43) Pause Young (Allocation Failure)
[8.087s][info][gc,task        ] GC(43) Using 6 workers of 6 for evacuation
[8.088s][info][gc,heap        ] GC(43) ParNew: 282218K->2911K(314560K)
[8.088s][info][gc,heap        ] GC(43) CMS: 12605K->12605K(699072K)
[8.088s][info][gc,metaspace   ] GC(43) Metaspace: 14670K(15104K)->14670K(15104K) NonClass: 13308K(13568K)->13308K(13568K) Class: 1362K(1536K)->1362K(1536K)
[8.088s][info][gc             ] GC(43) Pause Young (Allocation Failure) 287M->15M(989M) 1.439ms
[8.088s][info][gc,cpu         ] GC(43) User=0.00s Sys=0.00s Real=0.00s
[8.271s][info][gc,start       ] GC(44) Pause Young (Allocation Failure)
[8.271s][info][gc,task        ] GC(44) Using 6 workers of 6 for evacuation
[8.272s][info][gc,heap        ] GC(44) ParNew: 282527K->3264K(314560K)
[8.273s][info][gc,heap        ] GC(44) CMS: 12605K->12605K(699072K)
[8.273s][info][gc,metaspace   ] GC(44) Metaspace: 14670K(15104K)->14670K(15104K) NonClass: 13308K(13568K)->13308K(13568K) Class: 1362K(1536K)->1362K(1536K)
[8.273s][info][gc             ] GC(44) Pause Young (Allocation Failure) 288M->15M(989M) 1.512ms
[8.273s][info][gc,cpu         ] GC(44) User=0.00s Sys=0.00s Real=0.00s
[8.430s][info][gc,start       ] GC(45) Pause Young (Allocation Failure)
[8.430s][info][gc,task        ] GC(45) Using 6 workers of 6 for evacuation
[8.431s][info][gc,heap        ] GC(45) ParNew: 282880K->3483K(314560K)
[8.431s][info][gc,heap        ] GC(45) CMS: 12605K->12605K(699072K)
[8.431s][info][gc,metaspace   ] GC(45) Metaspace: 14670K(15104K)->14670K(15104K) NonClass: 13308K(13568K)->13308K(13568K) Class: 1362K(1536K)->1362K(1536K)
[8.431s][info][gc             ] GC(45) Pause Young (Allocation Failure) 288M->15M(989M) 1.442ms
[8.431s][info][gc,cpu         ] GC(45) User=0.00s Sys=0.00s Real=0.00s
[8.610s][info][gc,start       ] GC(46) Pause Young (Allocation Failure)
[8.610s][info][gc,task        ] GC(46) Using 6 workers of 6 for evacuation
[8.611s][info][gc,heap        ] GC(46) ParNew: 283099K->3166K(314560K)
[8.611s][info][gc,heap        ] GC(46) CMS: 12605K->12605K(699072K)
[8.611s][info][gc,metaspace   ] GC(46) Metaspace: 14670K(15104K)->14670K(15104K) NonClass: 13308K(13568K)->13308K(13568K) Class: 1362K(1536K)->1362K(1536K)
[8.611s][info][gc             ] GC(46) Pause Young (Allocation Failure) 288M->15M(989M) 1.439ms
[8.611s][info][gc,cpu         ] GC(46) User=0.00s Sys=0.00s Real=0.00s
[8.793s][info][gc,start       ] GC(47) Pause Young (Allocation Failure)
[8.793s][info][gc,task        ] GC(47) Using 6 workers of 6 for evacuation
[8.795s][info][gc,heap        ] GC(47) ParNew: 282782K->3470K(314560K)
[8.795s][info][gc,heap        ] GC(47) CMS: 12605K->12605K(699072K)
[8.795s][info][gc,metaspace   ] GC(47) Metaspace: 14670K(15104K)->14670K(15104K) NonClass: 13308K(13568K)->13308K(13568K) Class: 1362K(1536K)->1362K(1536K)
[8.795s][info][gc             ] GC(47) Pause Young (Allocation Failure) 288M->15M(989M) 1.549ms
[8.795s][info][gc,cpu         ] GC(47) User=0.00s Sys=0.00s Real=0.00s
[8.947s][info][gc,start       ] GC(48) Pause Young (Allocation Failure)
[8.947s][info][gc,task        ] GC(48) Using 6 workers of 6 for evacuation
[8.948s][info][gc,heap        ] GC(48) ParNew: 283086K->3231K(314560K)
[8.948s][info][gc,heap        ] GC(48) CMS: 12605K->12605K(699072K)
[8.948s][info][gc,metaspace   ] GC(48) Metaspace: 14670K(15104K)->14670K(15104K) NonClass: 13308K(13568K)->13308K(13568K) Class: 1362K(1536K)->1362K(1536K)
[8.948s][info][gc             ] GC(48) Pause Young (Allocation Failure) 288M->15M(989M) 1.559ms
[8.948s][info][gc,cpu         ] GC(48) User=0.00s Sys=0.00s Real=0.00s
[9.073s][info][gc,start       ] GC(49) Pause Young (Allocation Failure)
[9.073s][info][gc,task        ] GC(49) Using 6 workers of 6 for evacuation
[9.075s][info][gc,heap        ] GC(49) ParNew: 282847K->3155K(314560K)
[9.075s][info][gc,heap        ] GC(49) CMS: 12605K->12605K(699072K)
[9.075s][info][gc,metaspace   ] GC(49) Metaspace: 14670K(15104K)->14670K(15104K) NonClass: 13308K(13568K)->13308K(13568K) Class: 1362K(1536K)->1362K(1536K)
[9.075s][info][gc             ] GC(49) Pause Young (Allocation Failure) 288M->15M(989M) 1.486ms
[9.075s][info][gc,cpu         ] GC(49) User=0.00s Sys=0.00s Real=0.00s
[9.198s][info][gc,start       ] GC(50) Pause Young (Allocation Failure)
[9.198s][info][gc,task        ] GC(50) Using 6 workers of 6 for evacuation
[9.200s][info][gc,heap        ] GC(50) ParNew: 282771K->3105K(314560K)
[9.200s][info][gc,heap        ] GC(50) CMS: 12605K->12605K(699072K)
[9.200s][info][gc,metaspace   ] GC(50) Metaspace: 14670K(15104K)->14670K(15104K) NonClass: 13308K(13568K)->13308K(13568K) Class: 1362K(1536K)->1362K(1536K)
[9.200s][info][gc             ] GC(50) Pause Young (Allocation Failure) 288M->15M(989M) 1.399ms
[9.200s][info][gc,cpu         ] GC(50) User=0.00s Sys=0.00s Real=0.00s
[9.334s][info][gc,start       ] GC(51) Pause Young (Allocation Failure)
[9.334s][info][gc,task        ] GC(51) Using 6 workers of 6 for evacuation
[9.335s][info][gc,heap        ] GC(51) ParNew: 282721K->2725K(314560K)
[9.335s][info][gc,heap        ] GC(51) CMS: 12605K->12605K(699072K)
[9.335s][info][gc,metaspace   ] GC(51) Metaspace: 14670K(15104K)->14670K(15104K) NonClass: 13308K(13568K)->13308K(13568K) Class: 1362K(1536K)->1362K(1536K)
[9.335s][info][gc             ] GC(51) Pause Young (Allocation Failure) 288M->14M(989M) 1.442ms
[9.335s][info][gc,cpu         ] GC(51) User=0.00s Sys=0.00s Real=0.00s
[9.466s][info][gc,start       ] GC(52) Pause Young (Allocation Failure)
[9.466s][info][gc,task        ] GC(52) Using 6 workers of 6 for evacuation
[9.467s][info][gc,heap        ] GC(52) ParNew: 282341K->2408K(314560K)
[9.467s][info][gc,heap        ] GC(52) CMS: 12605K->12605K(699072K)
[9.467s][info][gc,metaspace   ] GC(52) Metaspace: 14670K(15104K)->14670K(15104K) NonClass: 13308K(13568K)->13308K(13568K) Class: 1362K(1536K)->1362K(1536K)
[9.467s][info][gc             ] GC(52) Pause Young (Allocation Failure) 288M->14M(989M) 1.434ms
[9.467s][info][gc,cpu         ] GC(52) User=0.09s Sys=0.00s Real=0.00s
[9.618s][info][gc,start       ] GC(53) Pause Young (Allocation Failure)
[9.618s][info][gc,task        ] GC(53) Using 6 workers of 6 for evacuation
[9.619s][info][gc,heap        ] GC(53) ParNew: 282024K->3435K(314560K)
[9.619s][info][gc,heap        ] GC(53) CMS: 12605K->12605K(699072K)
[9.619s][info][gc,metaspace   ] GC(53) Metaspace: 14670K(15104K)->14670K(15104K) NonClass: 13308K(13568K)->13308K(13568K) Class: 1362K(1536K)->1362K(1536K)
[9.619s][info][gc             ] GC(53) Pause Young (Allocation Failure) 287M->15M(989M) 1.376ms
[9.619s][info][gc,cpu         ] GC(53) User=0.00s Sys=0.00s Real=0.00s
[9.799s][info][gc,start       ] GC(54) Pause Young (Allocation Failure)
[9.799s][info][gc,task        ] GC(54) Using 6 workers of 6 for evacuation
[9.800s][info][gc,heap        ] GC(54) ParNew: 283051K->2807K(314560K)
[9.800s][info][gc,heap        ] GC(54) CMS: 12605K->12605K(699072K)
[9.800s][info][gc,metaspace   ] GC(54) Metaspace: 14670K(15104K)->14670K(15104K) NonClass: 13308K(13568K)->13308K(13568K) Class: 1362K(1536K)->1362K(1536K)
[9.800s][info][gc             ] GC(54) Pause Young (Allocation Failure) 288M->15M(989M) 1.319ms
[9.800s][info][gc,cpu         ] GC(54) User=0.00s Sys=0.00s Real=0.00s
[9.967s][info][gc,start       ] GC(55) Pause Young (Allocation Failure)
[9.967s][info][gc,task        ] GC(55) Using 6 workers of 6 for evacuation
[9.969s][info][gc,heap        ] GC(55) ParNew: 282423K->3540K(314560K)
[9.969s][info][gc,heap        ] GC(55) CMS: 12605K->12605K(699072K)
[9.969s][info][gc,metaspace   ] GC(55) Metaspace: 14670K(15104K)->14670K(15104K) NonClass: 13308K(13568K)->13308K(13568K) Class: 1362K(1536K)->1362K(1536K)
[9.969s][info][gc             ] GC(55) Pause Young (Allocation Failure) 288M->15M(989M) 1.754ms
[9.969s][info][gc,cpu         ] GC(55) User=0.00s Sys=0.00s Real=0.00s
[10.137s][info][gc,start       ] GC(56) Pause Young (Allocation Failure)
[10.137s][info][gc,task        ] GC(56) Using 6 workers of 6 for evacuation
[10.139s][info][gc,heap        ] GC(56) ParNew: 283156K->3156K(314560K)
[10.139s][info][gc,heap        ] GC(56) CMS: 12605K->12605K(699072K)
[10.139s][info][gc,metaspace   ] GC(56) Metaspace: 14670K(15104K)->14670K(15104K) NonClass: 13308K(13568K)->13308K(13568K) Class: 1362K(1536K)->1362K(1536K)
[10.139s][info][gc             ] GC(56) Pause Young (Allocation Failure) 288M->15M(989M) 1.742ms
[10.139s][info][gc,cpu         ] GC(56) User=0.00s Sys=0.00s Real=0.00s
[10.319s][info][gc,start       ] GC(57) Pause Young (Allocation Failure)
[10.319s][info][gc,task        ] GC(57) Using 6 workers of 6 for evacuation
[10.321s][info][gc,heap        ] GC(57) ParNew: 282772K->3242K(314560K)
[10.321s][info][gc,heap        ] GC(57) CMS: 12605K->12605K(699072K)
[10.321s][info][gc,metaspace   ] GC(57) Metaspace: 14670K(15104K)->14670K(15104K) NonClass: 13308K(13568K)->13308K(13568K) Class: 1362K(1536K)->1362K(1536K)
[10.321s][info][gc             ] GC(57) Pause Young (Allocation Failure) 288M->15M(989M) 1.491ms
[10.321s][info][gc,cpu         ] GC(57) User=0.00s Sys=0.00s Real=0.00s
[10.496s][info][gc,start       ] GC(58) Pause Young (Allocation Failure)
[10.496s][info][gc,task        ] GC(58) Using 6 workers of 6 for evacuation
[10.497s][info][gc,heap        ] GC(58) ParNew: 282858K->2461K(314560K)
[10.497s][info][gc,heap        ] GC(58) CMS: 12605K->12605K(699072K)
[10.497s][info][gc,metaspace   ] GC(58) Metaspace: 14670K(15104K)->14670K(15104K) NonClass: 13308K(13568K)->13308K(13568K) Class: 1362K(1536K)->1362K(1536K)
[10.497s][info][gc             ] GC(58) Pause Young (Allocation Failure) 288M->14M(989M) 1.335ms
[10.497s][info][gc,cpu         ] GC(58) User=0.00s Sys=0.00s Real=0.00s
[10.674s][info][gc,start       ] GC(59) Pause Young (Allocation Failure)
[10.674s][info][gc,task        ] GC(59) Using 6 workers of 6 for evacuation
[10.675s][info][gc,heap        ] GC(59) ParNew: 282077K->2713K(314560K)
[10.675s][info][gc,heap        ] GC(59) CMS: 12605K->12605K(699072K)
[10.675s][info][gc,metaspace   ] GC(59) Metaspace: 14670K(15104K)->14670K(15104K) NonClass: 13308K(13568K)->13308K(13568K) Class: 1362K(1536K)->1362K(1536K)
[10.675s][info][gc             ] GC(59) Pause Young (Allocation Failure) 287M->14M(989M) 1.446ms
[10.675s][info][gc,cpu         ] GC(59) User=0.00s Sys=0.00s Real=0.00s
[10.845s][info][gc,start       ] GC(60) Pause Young (Allocation Failure)
[10.845s][info][gc,task        ] GC(60) Using 6 workers of 6 for evacuation
[10.846s][info][gc,heap        ] GC(60) ParNew: 282329K->3367K(314560K)
[10.847s][info][gc,heap        ] GC(60) CMS: 12605K->12605K(699072K)
[10.847s][info][gc,metaspace   ] GC(60) Metaspace: 14670K(15104K)->14670K(15104K) NonClass: 13308K(13568K)->13308K(13568K) Class: 1362K(1536K)->1362K(1536K)
[10.847s][info][gc             ] GC(60) Pause Young (Allocation Failure) 288M->15M(989M) 1.411ms
[10.847s][info][gc,cpu         ] GC(60) User=0.00s Sys=0.00s Real=0.00s
[11.048s][info][gc,start       ] GC(61) Pause Young (Allocation Failure)
[11.048s][info][gc,task        ] GC(61) Using 6 workers of 6 for evacuation
[11.050s][info][gc,heap        ] GC(61) ParNew: 282983K->3089K(314560K)
[11.050s][info][gc,heap        ] GC(61) CMS: 12605K->12605K(699072K)
[11.050s][info][gc,metaspace   ] GC(61) Metaspace: 14670K(15104K)->14670K(15104K) NonClass: 13308K(13568K)->13308K(13568K) Class: 1362K(1536K)->1362K(1536K)
[11.050s][info][gc             ] GC(61) Pause Young (Allocation Failure) 288M->15M(989M) 1.472ms
[11.050s][info][gc,cpu         ] GC(61) User=0.00s Sys=0.00s Real=0.00s
[11.239s][info][gc,start       ] GC(62) Pause Young (Allocation Failure)
[11.239s][info][gc,task        ] GC(62) Using 6 workers of 6 for evacuation
[11.241s][info][gc,heap        ] GC(62) ParNew: 282705K->3454K(314560K)
[11.241s][info][gc,heap        ] GC(62) CMS: 12605K->12605K(699072K)
[11.241s][info][gc,metaspace   ] GC(62) Metaspace: 14670K(15104K)->14670K(15104K) NonClass: 13308K(13568K)->13308K(13568K) Class: 1362K(1536K)->1362K(1536K)
[11.241s][info][gc             ] GC(62) Pause Young (Allocation Failure) 288M->15M(989M) 1.335ms
[11.241s][info][gc,cpu         ] GC(62) User=0.00s Sys=0.00s Real=0.00s
[11.427s][info][gc,start       ] GC(63) Pause Young (Allocation Failure)
[11.427s][info][gc,task        ] GC(63) Using 6 workers of 6 for evacuation
[11.429s][info][gc,heap        ] GC(63) ParNew: 283070K->2581K(314560K)
[11.429s][info][gc,heap        ] GC(63) CMS: 12605K->12605K(699072K)
[11.429s][info][gc,metaspace   ] GC(63) Metaspace: 14670K(15104K)->14670K(15104K) NonClass: 13308K(13568K)->13308K(13568K) Class: 1362K(1536K)->1362K(1536K)
[11.429s][info][gc             ] GC(63) Pause Young (Allocation Failure) 288M->14M(989M) 1.255ms
[11.429s][info][gc,cpu         ] GC(63) User=0.00s Sys=0.00s Real=0.00s
[11.618s][info][gc,start       ] GC(64) Pause Young (Allocation Failure)
[11.618s][info][gc,task        ] GC(64) Using 6 workers of 6 for evacuation
[11.619s][info][gc,heap        ] GC(64) ParNew: 282197K->2993K(314560K)
[11.619s][info][gc,heap        ] GC(64) CMS: 12605K->12605K(699072K)
[11.619s][info][gc,metaspace   ] GC(64) Metaspace: 14670K(15104K)->14670K(15104K) NonClass: 13308K(13568K)->13308K(13568K) Class: 1362K(1536K)->1362K(1536K)
[11.619s][info][gc             ] GC(64) Pause Young (Allocation Failure) 287M->15M(989M) 1.244ms
[11.619s][info][gc,cpu         ] GC(64) User=0.00s Sys=0.00s Real=0.00s
[11.811s][info][gc,start       ] GC(65) Pause Young (Allocation Failure)
[11.811s][info][gc,task        ] GC(65) Using 6 workers of 6 for evacuation
[11.812s][info][gc,heap        ] GC(65) ParNew: 282609K->3099K(314560K)
[11.812s][info][gc,heap        ] GC(65) CMS: 12605K->12605K(699072K)
[11.812s][info][gc,metaspace   ] GC(65) Metaspace: 14670K(15104K)->14670K(15104K) NonClass: 13308K(13568K)->13308K(13568K) Class: 1362K(1536K)->1362K(1536K)
[11.812s][info][gc             ] GC(65) Pause Young (Allocation Failure) 288M->15M(989M) 1.476ms
[11.812s][info][gc,cpu         ] GC(65) User=0.02s Sys=0.00s Real=0.00s
[11.993s][info][gc,start       ] GC(66) Pause Young (Allocation Failure)
[11.993s][info][gc,task        ] GC(66) Using 6 workers of 6 for evacuation
[11.994s][info][gc,heap        ] GC(66) ParNew: 282715K->3058K(314560K)
[11.994s][info][gc,heap        ] GC(66) CMS: 12605K->12605K(699072K)
[11.994s][info][gc,metaspace   ] GC(66) Metaspace: 14670K(15104K)->14670K(15104K) NonClass: 13308K(13568K)->13308K(13568K) Class: 1362K(1536K)->1362K(1536K)
[11.994s][info][gc             ] GC(66) Pause Young (Allocation Failure) 288M->15M(989M) 1.381ms
[11.994s][info][gc,cpu         ] GC(66) User=0.00s Sys=0.00s Real=0.00s
[12.206s][info][gc,start       ] GC(67) Pause Full (System.gc())
[12.207s][info][gc,phases,start] GC(67) Phase 1: Mark live objects
[12.211s][info][gc,phases      ] GC(67) Phase 1: Mark live objects 4.478ms
[12.211s][info][gc,phases,start] GC(67) Phase 2: Compute new object addresses
[12.238s][info][gc,phases      ] GC(67) Phase 2: Compute new object addresses 26.910ms
[12.238s][info][gc,phases,start] GC(67) Phase 3: Adjust pointers
[12.241s][info][gc,phases      ] GC(67) Phase 3: Adjust pointers 2.755ms
[12.241s][info][gc,phases,start] GC(67) Phase 4: Move objects
[12.243s][info][gc,phases      ] GC(67) Phase 4: Move objects 1.982ms
[12.243s][info][gc,heap        ] GC(67) ParNew: 247028K->0K(314560K)
[12.243s][info][gc,heap        ] GC(67) CMS: 12605K->11643K(699072K)
[12.243s][info][gc,metaspace   ] GC(67) Metaspace: 14767K(15360K)->14767K(15360K) NonClass: 13398K(13824K)->13398K(13824K) Class: 1369K(1536K)->1369K(1536K)
[12.244s][info][gc             ] GC(67) Pause Full (System.gc()) 253M->11M(989M) 37.248ms
[12.244s][info][gc,cpu         ] GC(67) User=0.05s Sys=0.02s Real=0.04s
[12.368s][info][gc,start       ] GC(68) Pause Young (Allocation Failure)
[12.368s][info][gc,task        ] GC(68) Using 6 workers of 6 for evacuation
[12.370s][info][gc,heap        ] GC(68) ParNew: 279616K->4312K(314560K)
[12.370s][info][gc,heap        ] GC(68) CMS: 11643K->11643K(699072K)
[12.370s][info][gc,metaspace   ] GC(68) Metaspace: 14773K(15360K)->14773K(15360K) NonClass: 13404K(13824K)->13404K(13824K) Class: 1369K(1536K)->1369K(1536K)
[12.370s][info][gc             ] GC(68) Pause Young (Allocation Failure) 284M->15M(989M) 1.412ms
[12.370s][info][gc,cpu         ] GC(68) User=0.00s Sys=0.00s Real=0.00s
[12.471s][info][gc,start       ] GC(69) Pause Young (Allocation Failure)
[12.471s][info][gc,task        ] GC(69) Using 6 workers of 6 for evacuation
[12.472s][info][gc,heap        ] GC(69) ParNew: 283928K->4448K(314560K)
[12.472s][info][gc,heap        ] GC(69) CMS: 11643K->11643K(699072K)
[12.472s][info][gc,metaspace   ] GC(69) Metaspace: 14773K(15360K)->14773K(15360K) NonClass: 13404K(13824K)->13404K(13824K) Class: 1369K(1536K)->1369K(1536K)
[12.472s][info][gc             ] GC(69) Pause Young (Allocation Failure) 288M->15M(989M) 1.456ms
[12.472s][info][gc,cpu         ] GC(69) User=0.00s Sys=0.00s Real=0.00s
[12.588s][info][gc,start       ] GC(70) Pause Young (Allocation Failure)
[12.588s][info][gc,task        ] GC(70) Using 6 workers of 6 for evacuation
[12.589s][info][gc,heap        ] GC(70) ParNew: 284064K->3665K(314560K)
[12.589s][info][gc,heap        ] GC(70) CMS: 11643K->11643K(699072K)
[12.589s][info][gc,metaspace   ] GC(70) Metaspace: 14773K(15360K)->14773K(15360K) NonClass: 13404K(13824K)->13404K(13824K) Class: 1369K(1536K)->1369K(1536K)
[12.589s][info][gc             ] GC(70) Pause Young (Allocation Failure) 288M->14M(989M) 1.476ms
[12.589s][info][gc,cpu         ] GC(70) User=0.00s Sys=0.00s Real=0.00s
[12.681s][info][gc,start       ] GC(71) Pause Young (Allocation Failure)
[12.681s][info][gc,task        ] GC(71) Using 6 workers of 6 for evacuation
[12.682s][info][gc,heap        ] GC(71) ParNew: 283281K->3634K(314560K)
[12.682s][info][gc,heap        ] GC(71) CMS: 11643K->11643K(699072K)
[12.682s][info][gc,metaspace   ] GC(71) Metaspace: 14773K(15360K)->14773K(15360K) NonClass: 13404K(13824K)->13404K(13824K) Class: 1369K(1536K)->1369K(1536K)
[12.682s][info][gc             ] GC(71) Pause Young (Allocation Failure) 288M->14M(989M) 1.546ms
[12.682s][info][gc,cpu         ] GC(71) User=0.00s Sys=0.00s Real=0.00s
[12.850s][info][gc,start       ] GC(72) Pause Young (Allocation Failure)
[12.850s][info][gc,task        ] GC(72) Using 6 workers of 6 for evacuation
[12.852s][info][gc,heap        ] GC(72) ParNew: 283250K->3806K(314560K)
[12.852s][info][gc,heap        ] GC(72) CMS: 11643K->11643K(699072K)
[12.852s][info][gc,metaspace   ] GC(72) Metaspace: 14773K(15360K)->14773K(15360K) NonClass: 13404K(13824K)->13404K(13824K) Class: 1369K(1536K)->1369K(1536K)
[12.852s][info][gc             ] GC(72) Pause Young (Allocation Failure) 287M->15M(989M) 1.586ms
[12.852s][info][gc,cpu         ] GC(72) User=0.00s Sys=0.00s Real=0.00s
[12.950s][info][gc,start       ] GC(73) Pause Young (Allocation Failure)
[12.950s][info][gc,task        ] GC(73) Using 6 workers of 6 for evacuation
[12.952s][info][gc,heap        ] GC(73) ParNew: 283422K->4382K(314560K)
[12.952s][info][gc,heap        ] GC(73) CMS: 11643K->11643K(699072K)
[12.952s][info][gc,metaspace   ] GC(73) Metaspace: 14773K(15360K)->14773K(15360K) NonClass: 13404K(13824K)->13404K(13824K) Class: 1369K(1536K)->1369K(1536K)
[12.952s][info][gc             ] GC(73) Pause Young (Allocation Failure) 288M->15M(989M) 1.630ms
[12.952s][info][gc,cpu         ] GC(73) User=0.08s Sys=0.00s Real=0.00s
[13.118s][info][gc,start       ] GC(74) Pause Young (Allocation Failure)
[13.118s][info][gc,task        ] GC(74) Using 6 workers of 6 for evacuation
[13.119s][info][gc,heap        ] GC(74) ParNew: 283998K->2980K(314560K)
[13.119s][info][gc,heap        ] GC(74) CMS: 11643K->12541K(699072K)
[13.119s][info][gc,metaspace   ] GC(74) Metaspace: 14773K(15360K)->14773K(15360K) NonClass: 13404K(13824K)->13404K(13824K) Class: 1369K(1536K)->1369K(1536K)
[13.119s][info][gc             ] GC(74) Pause Young (Allocation Failure) 288M->15M(989M) 1.517ms
[13.119s][info][gc,cpu         ] GC(74) User=0.00s Sys=0.00s Real=0.00s
[13.283s][info][gc,start       ] GC(75) Pause Young (Allocation Failure)
[13.283s][info][gc,task        ] GC(75) Using 6 workers of 6 for evacuation
[13.284s][info][gc,heap        ] GC(75) ParNew: 282596K->2367K(314560K)
[13.284s][info][gc,heap        ] GC(75) CMS: 12541K->12541K(699072K)
[13.284s][info][gc,metaspace   ] GC(75) Metaspace: 14773K(15360K)->14773K(15360K) NonClass: 13404K(13824K)->13404K(13824K) Class: 1369K(1536K)->1369K(1536K)
[13.284s][info][gc             ] GC(75) Pause Young (Allocation Failure) 288M->14M(989M) 1.300ms
[13.284s][info][gc,cpu         ] GC(75) User=0.00s Sys=0.00s Real=0.00s
[13.430s][info][gc,start       ] GC(76) Pause Young (Allocation Failure)
[13.430s][info][gc,task        ] GC(76) Using 6 workers of 6 for evacuation
[13.432s][info][gc,heap        ] GC(76) ParNew: 281983K->3233K(314560K)
[13.432s][info][gc,heap        ] GC(76) CMS: 12541K->12541K(699072K)
[13.432s][info][gc,metaspace   ] GC(76) Metaspace: 14773K(15360K)->14773K(15360K) NonClass: 13404K(13824K)->13404K(13824K) Class: 1369K(1536K)->1369K(1536K)
[13.432s][info][gc             ] GC(76) Pause Young (Allocation Failure) 287M->15M(989M) 1.429ms
[13.432s][info][gc,cpu         ] GC(76) User=0.00s Sys=0.00s Real=0.00s
[13.566s][info][gc,start       ] GC(77) Pause Young (Allocation Failure)
[13.566s][info][gc,task        ] GC(77) Using 6 workers of 6 for evacuation
[13.567s][info][gc,heap        ] GC(77) ParNew: 282849K->3405K(314560K)
[13.567s][info][gc,heap        ] GC(77) CMS: 12541K->12541K(699072K)
[13.567s][info][gc,metaspace   ] GC(77) Metaspace: 14773K(15360K)->14773K(15360K) NonClass: 13404K(13824K)->13404K(13824K) Class: 1369K(1536K)->1369K(1536K)
[13.567s][info][gc             ] GC(77) Pause Young (Allocation Failure) 288M->15M(989M) 1.506ms
[13.567s][info][gc,cpu         ] GC(77) User=0.00s Sys=0.00s Real=0.00s
[13.699s][info][gc,start       ] GC(78) Pause Young (Allocation Failure)
[13.699s][info][gc,task        ] GC(78) Using 6 workers of 6 for evacuation
[13.700s][info][gc,heap        ] GC(78) ParNew: 283021K->2468K(314560K)
[13.700s][info][gc,heap        ] GC(78) CMS: 12541K->12541K(699072K)
[13.700s][info][gc,metaspace   ] GC(78) Metaspace: 14773K(15360K)->14773K(15360K) NonClass: 13404K(13824K)->13404K(13824K) Class: 1369K(1536K)->1369K(1536K)
[13.700s][info][gc             ] GC(78) Pause Young (Allocation Failure) 288M->14M(989M) 1.456ms
[13.700s][info][gc,cpu         ] GC(78) User=0.00s Sys=0.00s Real=0.00s
[13.835s][info][gc,start       ] GC(79) Pause Young (Allocation Failure)
[13.835s][info][gc,task        ] GC(79) Using 6 workers of 6 for evacuation
[13.837s][info][gc,heap        ] GC(79) ParNew: 282084K->2328K(314560K)
[13.837s][info][gc,heap        ] GC(79) CMS: 12541K->12541K(699072K)
[13.837s][info][gc,metaspace   ] GC(79) Metaspace: 14773K(15360K)->14773K(15360K) NonClass: 13404K(13824K)->13404K(13824K) Class: 1369K(1536K)->1369K(1536K)
[13.837s][info][gc             ] GC(79) Pause Young (Allocation Failure) 287M->14M(989M) 1.332ms
[13.837s][info][gc,cpu         ] GC(79) User=0.00s Sys=0.00s Real=0.00s
[13.985s][info][gc,start       ] GC(80) Pause Young (Allocation Failure)
[13.985s][info][gc,task        ] GC(80) Using 6 workers of 6 for evacuation
[13.987s][info][gc,heap        ] GC(80) ParNew: 281944K->2621K(314560K)
[13.987s][info][gc,heap        ] GC(80) CMS: 12541K->12541K(699072K)
[13.987s][info][gc,metaspace   ] GC(80) Metaspace: 14773K(15360K)->14773K(15360K) NonClass: 13404K(13824K)->13404K(13824K) Class: 1369K(1536K)->1369K(1536K)
[13.987s][info][gc             ] GC(80) Pause Young (Allocation Failure) 287M->14M(989M) 1.531ms
[13.987s][info][gc,cpu         ] GC(80) User=0.00s Sys=0.00s Real=0.00s
[14.132s][info][gc,start       ] GC(81) Pause Young (Allocation Failure)
[14.132s][info][gc,task        ] GC(81) Using 6 workers of 6 for evacuation
[14.133s][info][gc,heap        ] GC(81) ParNew: 282237K->2876K(314560K)
[14.133s][info][gc,heap        ] GC(81) CMS: 12541K->12541K(699072K)
[14.133s][info][gc,metaspace   ] GC(81) Metaspace: 14773K(15360K)->14773K(15360K) NonClass: 13404K(13824K)->13404K(13824K) Class: 1369K(1536K)->1369K(1536K)
[14.133s][info][gc             ] GC(81) Pause Young (Allocation Failure) 287M->15M(989M) 1.539ms
[14.133s][info][gc,cpu         ] GC(81) User=0.00s Sys=0.00s Real=0.00s
[14.293s][info][gc,start       ] GC(82) Pause Young (Allocation Failure)
[14.293s][info][gc,task        ] GC(82) Using 6 workers of 6 for evacuation
[14.294s][info][gc,heap        ] GC(82) ParNew: 282492K->2729K(314560K)
[14.294s][info][gc,heap        ] GC(82) CMS: 12541K->12541K(699072K)
[14.294s][info][gc,metaspace   ] GC(82) Metaspace: 14773K(15360K)->14773K(15360K) NonClass: 13404K(13824K)->13404K(13824K) Class: 1369K(1536K)->1369K(1536K)
[14.294s][info][gc             ] GC(82) Pause Young (Allocation Failure) 288M->14M(989M) 1.524ms
[14.294s][info][gc,cpu         ] GC(82) User=0.00s Sys=0.00s Real=0.00s
[14.450s][info][gc,start       ] GC(83) Pause Young (Allocation Failure)
[14.450s][info][gc,task        ] GC(83) Using 6 workers of 6 for evacuation
[14.451s][info][gc,heap        ] GC(83) ParNew: 282345K->2711K(314560K)
[14.451s][info][gc,heap        ] GC(83) CMS: 12541K->12541K(699072K)
[14.451s][info][gc,metaspace   ] GC(83) Metaspace: 14773K(15360K)->14773K(15360K) NonClass: 13404K(13824K)->13404K(13824K) Class: 1369K(1536K)->1369K(1536K)
[14.451s][info][gc             ] GC(83) Pause Young (Allocation Failure) 287M->14M(989M) 1.447ms
[14.451s][info][gc,cpu         ] GC(83) User=0.00s Sys=0.00s Real=0.00s
[14.604s][info][gc,start       ] GC(84) Pause Young (Allocation Failure)
[14.604s][info][gc,task        ] GC(84) Using 6 workers of 6 for evacuation
[14.605s][info][gc,heap        ] GC(84) ParNew: 282327K->2678K(314560K)
[14.605s][info][gc,heap        ] GC(84) CMS: 12541K->12541K(699072K)
[14.605s][info][gc,metaspace   ] GC(84) Metaspace: 14773K(15360K)->14773K(15360K) NonClass: 13404K(13824K)->13404K(13824K) Class: 1369K(1536K)->1369K(1536K)
[14.605s][info][gc             ] GC(84) Pause Young (Allocation Failure) 287M->14M(989M) 1.518ms
[14.605s][info][gc,cpu         ] GC(84) User=0.00s Sys=0.00s Real=0.00s
[14.755s][info][gc,start       ] GC(85) Pause Young (Allocation Failure)
[14.755s][info][gc,task        ] GC(85) Using 6 workers of 6 for evacuation
[14.756s][info][gc,heap        ] GC(85) ParNew: 282294K->3110K(314560K)
[14.756s][info][gc,heap        ] GC(85) CMS: 12541K->12541K(699072K)
[14.756s][info][gc,metaspace   ] GC(85) Metaspace: 14773K(15360K)->14773K(15360K) NonClass: 13404K(13824K)->13404K(13824K) Class: 1369K(1536K)->1369K(1536K)
[14.756s][info][gc             ] GC(85) Pause Young (Allocation Failure) 287M->15M(989M) 1.516ms
[14.756s][info][gc,cpu         ] GC(85) User=0.00s Sys=0.00s Real=0.00s
[14.891s][info][gc,start       ] GC(86) Pause Young (Allocation Failure)
[14.891s][info][gc,task        ] GC(86) Using 6 workers of 6 for evacuation
[14.892s][info][gc,heap        ] GC(86) ParNew: 282726K->3026K(314560K)
[14.892s][info][gc,heap        ] GC(86) CMS: 12541K->12541K(699072K)
[14.892s][info][gc,metaspace   ] GC(86) Metaspace: 14773K(15360K)->14773K(15360K) NonClass: 13404K(13824K)->13404K(13824K) Class: 1369K(1536K)->1369K(1536K)
[14.892s][info][gc             ] GC(86) Pause Young (Allocation Failure) 288M->15M(989M) 1.676ms
[14.892s][info][gc,cpu         ] GC(86) User=0.00s Sys=0.00s Real=0.00s
[15.035s][info][gc,start       ] GC(87) Pause Young (Allocation Failure)
[15.035s][info][gc,task        ] GC(87) Using 6 workers of 6 for evacuation
[15.037s][info][gc,heap        ] GC(87) ParNew: 282642K->2658K(314560K)
[15.037s][info][gc,heap        ] GC(87) CMS: 12541K->12541K(699072K)
[15.037s][info][gc,metaspace   ] GC(87) Metaspace: 14773K(15360K)->14773K(15360K) NonClass: 13404K(13824K)->13404K(13824K) Class: 1369K(1536K)->1369K(1536K)
[15.037s][info][gc             ] GC(87) Pause Young (Allocation Failure) 288M->14M(989M) 1.514ms
[15.037s][info][gc,cpu         ] GC(87) User=0.00s Sys=0.00s Real=0.00s
[15.173s][info][gc,start       ] GC(88) Pause Young (Allocation Failure)
[15.173s][info][gc,task        ] GC(88) Using 6 workers of 6 for evacuation
[15.175s][info][gc,heap        ] GC(88) ParNew: 282274K->2689K(314560K)
[15.175s][info][gc,heap        ] GC(88) CMS: 12541K->12541K(699072K)
[15.175s][info][gc,metaspace   ] GC(88) Metaspace: 14773K(15360K)->14773K(15360K) NonClass: 13404K(13824K)->13404K(13824K) Class: 1369K(1536K)->1369K(1536K)
[15.175s][info][gc             ] GC(88) Pause Young (Allocation Failure) 287M->14M(989M) 1.471ms
[15.175s][info][gc,cpu         ] GC(88) User=0.00s Sys=0.00s Real=0.00s
[15.305s][info][gc,start       ] GC(89) Pause Young (Allocation Failure)
[15.305s][info][gc,task        ] GC(89) Using 6 workers of 6 for evacuation
[15.307s][info][gc,heap        ] GC(89) ParNew: 282305K->3049K(314560K)
[15.307s][info][gc,heap        ] GC(89) CMS: 12541K->12541K(699072K)
[15.307s][info][gc,metaspace   ] GC(89) Metaspace: 14773K(15360K)->14773K(15360K) NonClass: 13404K(13824K)->13404K(13824K) Class: 1369K(1536K)->1369K(1536K)
[15.307s][info][gc             ] GC(89) Pause Young (Allocation Failure) 287M->15M(989M) 1.578ms
[15.307s][info][gc,cpu         ] GC(89) User=0.00s Sys=0.00s Real=0.00s
[15.425s][info][gc,start       ] GC(90) Pause Young (Allocation Failure)
[15.425s][info][gc,task        ] GC(90) Using 6 workers of 6 for evacuation
[15.426s][info][gc,heap        ] GC(90) ParNew: 282665K->2829K(314560K)
[15.426s][info][gc,heap        ] GC(90) CMS: 12541K->12541K(699072K)
[15.426s][info][gc,metaspace   ] GC(90) Metaspace: 14773K(15360K)->14773K(15360K) NonClass: 13404K(13824K)->13404K(13824K) Class: 1369K(1536K)->1369K(1536K)
[15.426s][info][gc             ] GC(90) Pause Young (Allocation Failure) 288M->15M(989M) 1.416ms
[15.426s][info][gc,cpu         ] GC(90) User=0.00s Sys=0.00s Real=0.00s
[15.532s][info][gc,start       ] GC(91) Pause Young (Allocation Failure)
[15.532s][info][gc,task        ] GC(91) Using 6 workers of 6 for evacuation
[15.533s][info][gc,heap        ] GC(91) ParNew: 282445K->2697K(314560K)
[15.533s][info][gc,heap        ] GC(91) CMS: 12541K->12541K(699072K)
[15.533s][info][gc,metaspace   ] GC(91) Metaspace: 14773K(15360K)->14773K(15360K) NonClass: 13404K(13824K)->13404K(13824K) Class: 1369K(1536K)->1369K(1536K)
[15.533s][info][gc             ] GC(91) Pause Young (Allocation Failure) 288M->14M(989M) 1.385ms
[15.533s][info][gc,cpu         ] GC(91) User=0.00s Sys=0.00s Real=0.00s
[15.651s][info][gc,start       ] GC(92) Pause Young (Allocation Failure)
[15.651s][info][gc,task        ] GC(92) Using 6 workers of 6 for evacuation
[15.653s][info][gc,heap        ] GC(92) ParNew: 282313K->2946K(314560K)
[15.653s][info][gc,heap        ] GC(92) CMS: 12541K->12541K(699072K)
[15.653s][info][gc,metaspace   ] GC(92) Metaspace: 14773K(15360K)->14773K(15360K) NonClass: 13404K(13824K)->13404K(13824K) Class: 1369K(1536K)->1369K(1536K)
[15.653s][info][gc             ] GC(92) Pause Young (Allocation Failure) 287M->15M(989M) 1.555ms
[15.653s][info][gc,cpu         ] GC(92) User=0.00s Sys=0.00s Real=0.00s
[15.796s][info][gc,start       ] GC(93) Pause Young (Allocation Failure)
[15.796s][info][gc,task        ] GC(93) Using 6 workers of 6 for evacuation
[15.798s][info][gc,heap        ] GC(93) ParNew: 282562K->3055K(314560K)
[15.798s][info][gc,heap        ] GC(93) CMS: 12541K->12541K(699072K)
[15.798s][info][gc,metaspace   ] GC(93) Metaspace: 14773K(15360K)->14773K(15360K) NonClass: 13404K(13824K)->13404K(13824K) Class: 1369K(1536K)->1369K(1536K)
[15.798s][info][gc             ] GC(93) Pause Young (Allocation Failure) 288M->15M(989M) 1.544ms
[15.798s][info][gc,cpu         ] GC(93) User=0.00s Sys=0.00s Real=0.00s
[15.920s][info][gc,start       ] GC(94) Pause Young (Allocation Failure)
[15.920s][info][gc,task        ] GC(94) Using 6 workers of 6 for evacuation
[15.922s][info][gc,heap        ] GC(94) ParNew: 282671K->3097K(314560K)
[15.922s][info][gc,heap        ] GC(94) CMS: 12541K->12541K(699072K)
[15.922s][info][gc,metaspace   ] GC(94) Metaspace: 14773K(15360K)->14773K(15360K) NonClass: 13404K(13824K)->13404K(13824K) Class: 1369K(1536K)->1369K(1536K)
[15.922s][info][gc             ] GC(94) Pause Young (Allocation Failure) 288M->15M(989M) 2.046ms
[15.922s][info][gc,cpu         ] GC(94) User=0.03s Sys=0.02s Real=0.00s
[16.069s][info][gc,start       ] GC(95) Pause Young (Allocation Failure)
[16.069s][info][gc,task        ] GC(95) Using 6 workers of 6 for evacuation
[16.071s][info][gc,heap        ] GC(95) ParNew: 282713K->3184K(314560K)
[16.071s][info][gc,heap        ] GC(95) CMS: 12541K->12541K(699072K)
[16.071s][info][gc,metaspace   ] GC(95) Metaspace: 14773K(15360K)->14773K(15360K) NonClass: 13404K(13824K)->13404K(13824K) Class: 1369K(1536K)->1369K(1536K)
[16.071s][info][gc             ] GC(95) Pause Young (Allocation Failure) 288M->15M(989M) 1.653ms
[16.071s][info][gc,cpu         ] GC(95) User=0.00s Sys=0.00s Real=0.00s
[16.205s][info][gc,start       ] GC(96) Pause Young (Allocation Failure)
[16.205s][info][gc,task        ] GC(96) Using 6 workers of 6 for evacuation
[16.207s][info][gc,heap        ] GC(96) ParNew: 282800K->3162K(314560K)
[16.207s][info][gc,heap        ] GC(96) CMS: 12541K->12541K(699072K)
[16.207s][info][gc,metaspace   ] GC(96) Metaspace: 14773K(15360K)->14773K(15360K) NonClass: 13404K(13824K)->13404K(13824K) Class: 1369K(1536K)->1369K(1536K)
[16.207s][info][gc             ] GC(96) Pause Young (Allocation Failure) 288M->15M(989M) 1.509ms
[16.207s][info][gc,cpu         ] GC(96) User=0.00s Sys=0.00s Real=0.00s
[16.323s][info][gc,start       ] GC(97) Pause Young (Allocation Failure)
[16.323s][info][gc,task        ] GC(97) Using 6 workers of 6 for evacuation
[16.325s][info][gc,heap        ] GC(97) ParNew: 282778K->3541K(314560K)
[16.325s][info][gc,heap        ] GC(97) CMS: 12541K->12541K(699072K)
[16.325s][info][gc,metaspace   ] GC(97) Metaspace: 14773K(15360K)->14773K(15360K) NonClass: 13404K(13824K)->13404K(13824K) Class: 1369K(1536K)->1369K(1536K)
[16.325s][info][gc             ] GC(97) Pause Young (Allocation Failure) 288M->15M(989M) 1.497ms
[16.325s][info][gc,cpu         ] GC(97) User=0.00s Sys=0.00s Real=0.00s
[16.460s][info][gc,start       ] GC(98) Pause Young (Allocation Failure)
[16.460s][info][gc,task        ] GC(98) Using 6 workers of 6 for evacuation
[16.461s][info][gc,heap        ] GC(98) ParNew: 283157K->2143K(314560K)
[16.461s][info][gc,heap        ] GC(98) CMS: 12541K->12541K(699072K)
[16.461s][info][gc,metaspace   ] GC(98) Metaspace: 14773K(15360K)->14773K(15360K) NonClass: 13404K(13824K)->13404K(13824K) Class: 1369K(1536K)->1369K(1536K)
[16.461s][info][gc             ] GC(98) Pause Young (Allocation Failure) 288M->14M(989M) 1.226ms
[16.461s][info][gc,cpu         ] GC(98) User=0.00s Sys=0.00s Real=0.00s
[16.626s][info][gc,start       ] GC(99) Pause Young (Allocation Failure)
[16.626s][info][gc,task        ] GC(99) Using 6 workers of 6 for evacuation
[16.627s][info][gc,heap        ] GC(99) ParNew: 281759K->3753K(314560K)
[16.627s][info][gc,heap        ] GC(99) CMS: 12541K->12541K(699072K)
[16.627s][info][gc,metaspace   ] GC(99) Metaspace: 14773K(15360K)->14773K(15360K) NonClass: 13404K(13824K)->13404K(13824K) Class: 1369K(1536K)->1369K(1536K)
[16.627s][info][gc             ] GC(99) Pause Young (Allocation Failure) 287M->15M(989M) 1.620ms
[16.627s][info][gc,cpu         ] GC(99) User=0.00s Sys=0.00s Real=0.00s
[16.797s][info][gc,start       ] GC(100) Pause Young (Allocation Failure)
[16.797s][info][gc,task        ] GC(100) Using 6 workers of 6 for evacuation
[16.799s][info][gc,heap        ] GC(100) ParNew: 283369K->2774K(314560K)
[16.799s][info][gc,heap        ] GC(100) CMS: 12541K->12541K(699072K)
[16.799s][info][gc,metaspace   ] GC(100) Metaspace: 14773K(15360K)->14773K(15360K) NonClass: 13404K(13824K)->13404K(13824K) Class: 1369K(1536K)->1369K(1536K)
[16.799s][info][gc             ] GC(100) Pause Young (Allocation Failure) 288M->14M(989M) 1.643ms
[16.799s][info][gc,cpu         ] GC(100) User=0.00s Sys=0.00s Real=0.00s
[16.958s][info][gc,start       ] GC(101) Pause Young (Allocation Failure)
[16.958s][info][gc,task        ] GC(101) Using 6 workers of 6 for evacuation
[16.960s][info][gc,heap        ] GC(101) ParNew: 282390K->3201K(314560K)
[16.960s][info][gc,heap        ] GC(101) CMS: 12541K->12541K(699072K)
[16.960s][info][gc,metaspace   ] GC(101) Metaspace: 14773K(15360K)->14773K(15360K) NonClass: 13404K(13824K)->13404K(13824K) Class: 1369K(1536K)->1369K(1536K)
[16.960s][info][gc             ] GC(101) Pause Young (Allocation Failure) 288M->15M(989M) 1.699ms
[16.960s][info][gc,cpu         ] GC(101) User=0.00s Sys=0.00s Real=0.00s
[17.111s][info][gc,start       ] GC(102) Pause Young (Allocation Failure)
[17.111s][info][gc,task        ] GC(102) Using 6 workers of 6 for evacuation
[17.112s][info][gc,heap        ] GC(102) ParNew: 282817K->2772K(314560K)
[17.113s][info][gc,heap        ] GC(102) CMS: 12541K->12541K(699072K)
[17.113s][info][gc,metaspace   ] GC(102) Metaspace: 14773K(15360K)->14773K(15360K) NonClass: 13404K(13824K)->13404K(13824K) Class: 1369K(1536K)->1369K(1536K)
[17.113s][info][gc             ] GC(102) Pause Young (Allocation Failure) 288M->14M(989M) 1.448ms
[17.113s][info][gc,cpu         ] GC(102) User=0.00s Sys=0.00s Real=0.00s
[17.240s][info][gc,start       ] GC(103) Pause Young (Allocation Failure)
[17.240s][info][gc,task        ] GC(103) Using 6 workers of 6 for evacuation
[17.241s][info][gc,heap        ] GC(103) ParNew: 282388K->3261K(314560K)
[17.241s][info][gc,heap        ] GC(103) CMS: 12541K->12541K(699072K)
[17.241s][info][gc,metaspace   ] GC(103) Metaspace: 14773K(15360K)->14773K(15360K) NonClass: 13404K(13824K)->13404K(13824K) Class: 1369K(1536K)->1369K(1536K)
[17.241s][info][gc             ] GC(103) Pause Young (Allocation Failure) 288M->15M(989M) 1.479ms
[17.241s][info][gc,cpu         ] GC(103) User=0.00s Sys=0.00s Real=0.00s
[17.369s][info][gc,start       ] GC(104) Pause Young (Allocation Failure)
[17.370s][info][gc,task        ] GC(104) Using 6 workers of 6 for evacuation
[17.371s][info][gc,heap        ] GC(104) ParNew: 282877K->3382K(314560K)
[17.371s][info][gc,heap        ] GC(104) CMS: 12541K->12541K(699072K)
[17.371s][info][gc,metaspace   ] GC(104) Metaspace: 14773K(15360K)->14773K(15360K) NonClass: 13404K(13824K)->13404K(13824K) Class: 1369K(1536K)->1369K(1536K)
[17.371s][info][gc             ] GC(104) Pause Young (Allocation Failure) 288M->15M(989M) 1.601ms
[17.371s][info][gc,cpu         ] GC(104) User=0.00s Sys=0.00s Real=0.00s
[17.515s][info][gc,start       ] GC(105) Pause Young (Allocation Failure)
[17.515s][info][gc,task        ] GC(105) Using 6 workers of 6 for evacuation
[17.517s][info][gc,heap        ] GC(105) ParNew: 282998K->2840K(314560K)
[17.517s][info][gc,heap        ] GC(105) CMS: 12541K->12541K(699072K)
[17.517s][info][gc,metaspace   ] GC(105) Metaspace: 14773K(15360K)->14773K(15360K) NonClass: 13404K(13824K)->13404K(13824K) Class: 1369K(1536K)->1369K(1536K)
[17.517s][info][gc             ] GC(105) Pause Young (Allocation Failure) 288M->15M(989M) 1.468ms
[17.517s][info][gc,cpu         ] GC(105) User=0.00s Sys=0.00s Real=0.00s
[17.674s][info][gc,start       ] GC(106) Pause Young (Allocation Failure)
[17.674s][info][gc,task        ] GC(106) Using 6 workers of 6 for evacuation
[17.675s][info][gc,heap        ] GC(106) ParNew: 282456K->2483K(314560K)
[17.675s][info][gc,heap        ] GC(106) CMS: 12541K->12541K(699072K)
[17.675s][info][gc,metaspace   ] GC(106) Metaspace: 14773K(15360K)->14773K(15360K) NonClass: 13404K(13824K)->13404K(13824K) Class: 1369K(1536K)->1369K(1536K)
[17.675s][info][gc             ] GC(106) Pause Young (Allocation Failure) 288M->14M(989M) 1.410ms
[17.675s][info][gc,cpu         ] GC(106) User=0.00s Sys=0.00s Real=0.00s
[17.844s][info][gc,start       ] GC(107) Pause Young (Allocation Failure)
[17.844s][info][gc,task        ] GC(107) Using 6 workers of 6 for evacuation
[17.845s][info][gc,heap        ] GC(107) ParNew: 282099K->3390K(314560K)
[17.845s][info][gc,heap        ] GC(107) CMS: 12541K->12541K(699072K)
[17.845s][info][gc,metaspace   ] GC(107) Metaspace: 14773K(15360K)->14773K(15360K) NonClass: 13404K(13824K)->13404K(13824K) Class: 1369K(1536K)->1369K(1536K)
[17.845s][info][gc             ] GC(107) Pause Young (Allocation Failure) 287M->15M(989M) 1.492ms
[17.845s][info][gc,cpu         ] GC(107) User=0.00s Sys=0.00s Real=0.00s
[18.008s][info][gc,start       ] GC(108) Pause Young (Allocation Failure)
[18.008s][info][gc,task        ] GC(108) Using 6 workers of 6 for evacuation
[18.010s][info][gc,heap        ] GC(108) ParNew: 283006K->3554K(314560K)
[18.010s][info][gc,heap        ] GC(108) CMS: 12541K->12541K(699072K)
[18.010s][info][gc,metaspace   ] GC(108) Metaspace: 14773K(15360K)->14773K(15360K) NonClass: 13404K(13824K)->13404K(13824K) Class: 1369K(1536K)->1369K(1536K)
[18.010s][info][gc             ] GC(108) Pause Young (Allocation Failure) 288M->15M(989M) 1.814ms
[18.010s][info][gc,cpu         ] GC(108) User=0.00s Sys=0.00s Real=0.00s
[18.160s][info][gc,start       ] GC(109) Pause Young (Allocation Failure)
[18.160s][info][gc,task        ] GC(109) Using 6 workers of 6 for evacuation
[18.161s][info][gc,heap        ] GC(109) ParNew: 283170K->2850K(314560K)
[18.161s][info][gc,heap        ] GC(109) CMS: 12541K->12541K(699072K)
[18.161s][info][gc,metaspace   ] GC(109) Metaspace: 14773K(15360K)->14773K(15360K) NonClass: 13404K(13824K)->13404K(13824K) Class: 1369K(1536K)->1369K(1536K)
[18.161s][info][gc             ] GC(109) Pause Young (Allocation Failure) 288M->15M(989M) 1.528ms
[18.161s][info][gc,cpu         ] GC(109) User=0.00s Sys=0.00s Real=0.00s
[18.311s][info][gc,start       ] GC(110) Pause Young (Allocation Failure)
[18.311s][info][gc,task        ] GC(110) Using 6 workers of 6 for evacuation
[18.313s][info][gc,heap        ] GC(110) ParNew: 282466K->3171K(314560K)
[18.313s][info][gc,heap        ] GC(110) CMS: 12541K->12541K(699072K)
[18.313s][info][gc,metaspace   ] GC(110) Metaspace: 14773K(15360K)->14773K(15360K) NonClass: 13404K(13824K)->13404K(13824K) Class: 1369K(1536K)->1369K(1536K)
[18.313s][info][gc             ] GC(110) Pause Young (Allocation Failure) 288M->15M(989M) 1.709ms
[18.313s][info][gc,cpu         ] GC(110) User=0.00s Sys=0.00s Real=0.00s
[18.464s][info][gc,start       ] GC(111) Pause Young (Allocation Failure)
[18.464s][info][gc,task        ] GC(111) Using 6 workers of 6 for evacuation
[18.466s][info][gc,heap        ] GC(111) ParNew: 282787K->2989K(314560K)
[18.466s][info][gc,heap        ] GC(111) CMS: 12541K->12541K(699072K)
[18.466s][info][gc,metaspace   ] GC(111) Metaspace: 14773K(15360K)->14773K(15360K) NonClass: 13404K(13824K)->13404K(13824K) Class: 1369K(1536K)->1369K(1536K)
[18.466s][info][gc             ] GC(111) Pause Young (Allocation Failure) 288M->15M(989M) 1.348ms
[18.466s][info][gc,cpu         ] GC(111) User=0.00s Sys=0.00s Real=0.00s
[18.599s][info][gc,start       ] GC(112) Pause Young (Allocation Failure)
[18.599s][info][gc,task        ] GC(112) Using 6 workers of 6 for evacuation
[18.601s][info][gc,heap        ] GC(112) ParNew: 282605K->2646K(314560K)
[18.601s][info][gc,heap        ] GC(112) CMS: 12541K->12541K(699072K)
[18.601s][info][gc,metaspace   ] GC(112) Metaspace: 14773K(15360K)->14773K(15360K) NonClass: 13404K(13824K)->13404K(13824K) Class: 1369K(1536K)->1369K(1536K)
[18.601s][info][gc             ] GC(112) Pause Young (Allocation Failure) 288M->14M(989M) 1.457ms
[18.601s][info][gc,cpu         ] GC(112) User=0.00s Sys=0.00s Real=0.00s
[18.755s][info][gc,start       ] GC(113) Pause Young (Allocation Failure)
[18.755s][info][gc,task        ] GC(113) Using 6 workers of 6 for evacuation
[18.756s][info][gc,heap        ] GC(113) ParNew: 282262K->2667K(314560K)
[18.756s][info][gc,heap        ] GC(113) CMS: 12541K->12541K(699072K)
[18.756s][info][gc,metaspace   ] GC(113) Metaspace: 14773K(15360K)->14773K(15360K) NonClass: 13404K(13824K)->13404K(13824K) Class: 1369K(1536K)->1369K(1536K)
[18.756s][info][gc             ] GC(113) Pause Young (Allocation Failure) 287M->14M(989M) 1.403ms
[18.756s][info][gc,cpu         ] GC(113) User=0.00s Sys=0.00s Real=0.00s
[18.914s][info][gc,start       ] GC(114) Pause Young (Allocation Failure)
[18.914s][info][gc,task        ] GC(114) Using 6 workers of 6 for evacuation
[18.916s][info][gc,heap        ] GC(114) ParNew: 282283K->3318K(314560K)
[18.916s][info][gc,heap        ] GC(114) CMS: 12541K->12541K(699072K)
[18.916s][info][gc,metaspace   ] GC(114) Metaspace: 14773K(15360K)->14773K(15360K) NonClass: 13404K(13824K)->13404K(13824K) Class: 1369K(1536K)->1369K(1536K)
[18.916s][info][gc             ] GC(114) Pause Young (Allocation Failure) 287M->15M(989M) 2.015ms
[18.916s][info][gc,cpu         ] GC(114) User=0.00s Sys=0.00s Real=0.00s
[19.053s][info][gc,start       ] GC(115) Pause Young (Allocation Failure)
[19.054s][info][gc,task        ] GC(115) Using 6 workers of 6 for evacuation
[19.055s][info][gc,heap        ] GC(115) ParNew: 282934K->2749K(314560K)
[19.055s][info][gc,heap        ] GC(115) CMS: 12541K->12541K(699072K)
[19.055s][info][gc,metaspace   ] GC(115) Metaspace: 14773K(15360K)->14773K(15360K) NonClass: 13404K(13824K)->13404K(13824K) Class: 1369K(1536K)->1369K(1536K)
[19.055s][info][gc             ] GC(115) Pause Young (Allocation Failure) 288M->14M(989M) 1.511ms
[19.055s][info][gc,cpu         ] GC(115) User=0.00s Sys=0.00s Real=0.00s
[19.170s][info][gc,start       ] GC(116) Pause Young (Allocation Failure)
[19.170s][info][gc,task        ] GC(116) Using 6 workers of 6 for evacuation
[19.171s][info][gc,heap        ] GC(116) ParNew: 282365K->3317K(314560K)
[19.171s][info][gc,heap        ] GC(116) CMS: 12541K->12541K(699072K)
[19.171s][info][gc,metaspace   ] GC(116) Metaspace: 14773K(15360K)->14773K(15360K) NonClass: 13404K(13824K)->13404K(13824K) Class: 1369K(1536K)->1369K(1536K)
[19.171s][info][gc             ] GC(116) Pause Young (Allocation Failure) 287M->15M(989M) 1.552ms
[19.171s][info][gc,cpu         ] GC(116) User=0.05s Sys=0.00s Real=0.00s
[19.289s][info][gc,start       ] GC(117) Pause Young (Allocation Failure)
[19.289s][info][gc,task        ] GC(117) Using 6 workers of 6 for evacuation
[19.290s][info][gc,heap        ] GC(117) ParNew: 282933K->3091K(314560K)
[19.290s][info][gc,heap        ] GC(117) CMS: 12541K->12541K(699072K)
[19.290s][info][gc,metaspace   ] GC(117) Metaspace: 14773K(15360K)->14773K(15360K) NonClass: 13404K(13824K)->13404K(13824K) Class: 1369K(1536K)->1369K(1536K)
[19.290s][info][gc             ] GC(117) Pause Young (Allocation Failure) 288M->15M(989M) 1.589ms
[19.290s][info][gc,cpu         ] GC(117) User=0.00s Sys=0.00s Real=0.00s
[19.412s][info][gc,start       ] GC(118) Pause Young (Allocation Failure)
[19.412s][info][gc,task        ] GC(118) Using 6 workers of 6 for evacuation
[19.414s][info][gc,heap        ] GC(118) ParNew: 282707K->3420K(314560K)
[19.414s][info][gc,heap        ] GC(118) CMS: 12541K->12541K(699072K)
[19.414s][info][gc,metaspace   ] GC(118) Metaspace: 14773K(15360K)->14773K(15360K) NonClass: 13404K(13824K)->13404K(13824K) Class: 1369K(1536K)->1369K(1536K)
[19.414s][info][gc             ] GC(118) Pause Young (Allocation Failure) 288M->15M(989M) 1.723ms
[19.414s][info][gc,cpu         ] GC(118) User=0.00s Sys=0.00s Real=0.00s
[19.542s][info][gc,start       ] GC(119) Pause Young (Allocation Failure)
[19.542s][info][gc,task        ] GC(119) Using 6 workers of 6 for evacuation
[19.543s][info][gc,heap        ] GC(119) ParNew: 283036K->3484K(314560K)
[19.543s][info][gc,heap        ] GC(119) CMS: 12541K->12541K(699072K)
[19.543s][info][gc,metaspace   ] GC(119) Metaspace: 14773K(15360K)->14773K(15360K) NonClass: 13404K(13824K)->13404K(13824K) Class: 1369K(1536K)->1369K(1536K)
[19.543s][info][gc             ] GC(119) Pause Young (Allocation Failure) 288M->15M(989M) 1.628ms
[19.543s][info][gc,cpu         ] GC(119) User=0.00s Sys=0.00s Real=0.00s
[19.672s][info][gc,start       ] GC(120) Pause Young (Allocation Failure)
[19.674s][info][gc,task        ] GC(120) Using 6 workers of 6 for evacuation
[19.676s][info][gc,heap        ] GC(120) ParNew: 283100K->2859K(314560K)
[19.676s][info][gc,heap        ] GC(120) CMS: 12541K->12541K(699072K)
[19.676s][info][gc,metaspace   ] GC(120) Metaspace: 14773K(15360K)->14773K(15360K) NonClass: 13404K(13824K)->13404K(13824K) Class: 1369K(1536K)->1369K(1536K)
[19.676s][info][gc             ] GC(120) Pause Young (Allocation Failure) 288M->15M(989M) 3.909ms
[19.676s][info][gc,cpu         ] GC(120) User=0.00s Sys=0.00s Real=0.00s
[19.830s][info][gc,start       ] GC(121) Pause Young (Allocation Failure)
[19.830s][info][gc,task        ] GC(121) Using 6 workers of 6 for evacuation
[19.831s][info][gc,heap        ] GC(121) ParNew: 282475K->2332K(314560K)
[19.831s][info][gc,heap        ] GC(121) CMS: 12541K->12541K(699072K)
[19.831s][info][gc,metaspace   ] GC(121) Metaspace: 14773K(15360K)->14773K(15360K) NonClass: 13404K(13824K)->13404K(13824K) Class: 1369K(1536K)->1369K(1536K)
[19.831s][info][gc             ] GC(121) Pause Young (Allocation Failure) 288M->14M(989M) 1.445ms
[19.831s][info][gc,cpu         ] GC(121) User=0.00s Sys=0.00s Real=0.00s
[19.982s][info][gc,start       ] GC(122) Pause Young (Allocation Failure)
[19.982s][info][gc,task        ] GC(122) Using 6 workers of 6 for evacuation
[19.984s][info][gc,heap        ] GC(122) ParNew: 281948K->3019K(314560K)
[19.984s][info][gc,heap        ] GC(122) CMS: 12541K->12541K(699072K)
[19.984s][info][gc,metaspace   ] GC(122) Metaspace: 14773K(15360K)->14773K(15360K) NonClass: 13404K(13824K)->13404K(13824K) Class: 1369K(1536K)->1369K(1536K)
[19.984s][info][gc             ] GC(122) Pause Young (Allocation Failure) 287M->15M(989M) 1.706ms
[19.984s][info][gc,cpu         ] GC(122) User=0.02s Sys=0.00s Real=0.00s
[20.137s][info][gc,start       ] GC(123) Pause Young (Allocation Failure)
[20.137s][info][gc,task        ] GC(123) Using 6 workers of 6 for evacuation
[20.139s][info][gc,heap        ] GC(123) ParNew: 282635K->2763K(314560K)
[20.139s][info][gc,heap        ] GC(123) CMS: 12541K->12541K(699072K)
[20.139s][info][gc,metaspace   ] GC(123) Metaspace: 14773K(15360K)->14773K(15360K) NonClass: 13404K(13824K)->13404K(13824K) Class: 1369K(1536K)->1369K(1536K)
[20.139s][info][gc             ] GC(123) Pause Young (Allocation Failure) 288M->14M(989M) 1.412ms
[20.139s][info][gc,cpu         ] GC(123) User=0.00s Sys=0.00s Real=0.00s
[20.290s][info][gc,start       ] GC(124) Pause Young (Allocation Failure)
[20.290s][info][gc,task        ] GC(124) Using 6 workers of 6 for evacuation
[20.291s][info][gc,heap        ] GC(124) ParNew: 282379K->3066K(314560K)
[20.291s][info][gc,heap        ] GC(124) CMS: 12541K->12541K(699072K)
[20.291s][info][gc,metaspace   ] GC(124) Metaspace: 14773K(15360K)->14773K(15360K) NonClass: 13404K(13824K)->13404K(13824K) Class: 1369K(1536K)->1369K(1536K)
[20.291s][info][gc             ] GC(124) Pause Young (Allocation Failure) 288M->15M(989M) 1.398ms
[20.291s][info][gc,cpu         ] GC(124) User=0.00s Sys=0.00s Real=0.00s
[20.431s][info][gc,start       ] GC(125) Pause Young (Allocation Failure)
[20.431s][info][gc,task        ] GC(125) Using 6 workers of 6 for evacuation
[20.432s][info][gc,heap        ] GC(125) ParNew: 282682K->3365K(314560K)
[20.432s][info][gc,heap        ] GC(125) CMS: 12541K->12541K(699072K)
[20.432s][info][gc,metaspace   ] GC(125) Metaspace: 14773K(15360K)->14773K(15360K) NonClass: 13404K(13824K)->13404K(13824K) Class: 1369K(1536K)->1369K(1536K)
[20.432s][info][gc             ] GC(125) Pause Young (Allocation Failure) 288M->15M(989M) 1.378ms
[20.432s][info][gc,cpu         ] GC(125) User=0.00s Sys=0.00s Real=0.00s
[20.573s][info][gc,start       ] GC(126) Pause Young (Allocation Failure)
[20.573s][info][gc,task        ] GC(126) Using 6 workers of 6 for evacuation
[20.574s][info][gc,heap        ] GC(126) ParNew: 282981K->3114K(314560K)
[20.574s][info][gc,heap        ] GC(126) CMS: 12541K->12541K(699072K)
[20.574s][info][gc,metaspace   ] GC(126) Metaspace: 14773K(15360K)->14773K(15360K) NonClass: 13404K(13824K)->13404K(13824K) Class: 1369K(1536K)->1369K(1536K)
[20.574s][info][gc             ] GC(126) Pause Young (Allocation Failure) 288M->15M(989M) 1.477ms
[20.574s][info][gc,cpu         ] GC(126) User=0.00s Sys=0.00s Real=0.00s
[20.731s][info][gc,start       ] GC(127) Pause Young (Allocation Failure)
[20.731s][info][gc,task        ] GC(127) Using 6 workers of 6 for evacuation
[20.732s][info][gc,heap        ] GC(127) ParNew: 282730K->3201K(314560K)
[20.733s][info][gc,heap        ] GC(127) CMS: 12541K->12541K(699072K)
[20.733s][info][gc,metaspace   ] GC(127) Metaspace: 14773K(15360K)->14773K(15360K) NonClass: 13404K(13824K)->13404K(13824K) Class: 1369K(1536K)->1369K(1536K)
[20.733s][info][gc             ] GC(127) Pause Young (Allocation Failure) 288M->15M(989M) 1.468ms
[20.733s][info][gc,cpu         ] GC(127) User=0.02s Sys=0.00s Real=0.00s
[20.905s][info][gc,start       ] GC(128) Pause Young (Allocation Failure)
[20.906s][info][gc,task        ] GC(128) Using 6 workers of 6 for evacuation
[20.907s][info][gc,heap        ] GC(128) ParNew: 282817K->3397K(314560K)
[20.907s][info][gc,heap        ] GC(128) CMS: 12541K->12541K(699072K)
[20.907s][info][gc,metaspace   ] GC(128) Metaspace: 14773K(15360K)->14773K(15360K) NonClass: 13404K(13824K)->13404K(13824K) Class: 1369K(1536K)->1369K(1536K)
[20.907s][info][gc             ] GC(128) Pause Young (Allocation Failure) 288M->15M(989M) 1.686ms
[20.907s][info][gc,cpu         ] GC(128) User=0.00s Sys=0.00s Real=0.00s
[21.055s][info][gc,start       ] GC(129) Pause Young (Allocation Failure)
[21.055s][info][gc,task        ] GC(129) Using 6 workers of 6 for evacuation
[21.057s][info][gc,heap        ] GC(129) ParNew: 283013K->2728K(314560K)
[21.057s][info][gc,heap        ] GC(129) CMS: 12541K->12541K(699072K)
[21.057s][info][gc,metaspace   ] GC(129) Metaspace: 14773K(15360K)->14773K(15360K) NonClass: 13404K(13824K)->13404K(13824K) Class: 1369K(1536K)->1369K(1536K)
[21.057s][info][gc             ] GC(129) Pause Young (Allocation Failure) 288M->14M(989M) 1.403ms
[21.057s][info][gc,cpu         ] GC(129) User=0.00s Sys=0.00s Real=0.00s
[21.202s][info][gc,start       ] GC(130) Pause Young (Allocation Failure)
[21.203s][info][gc,task        ] GC(130) Using 6 workers of 6 for evacuation
[21.204s][info][gc,heap        ] GC(130) ParNew: 282344K->2420K(314560K)
[21.204s][info][gc,heap        ] GC(130) CMS: 12541K->12541K(699072K)
[21.204s][info][gc,metaspace   ] GC(130) Metaspace: 14773K(15360K)->14773K(15360K) NonClass: 13404K(13824K)->13404K(13824K) Class: 1369K(1536K)->1369K(1536K)
[21.204s][info][gc             ] GC(130) Pause Young (Allocation Failure) 287M->14M(989M) 1.380ms
[21.204s][info][gc,cpu         ] GC(130) User=0.00s Sys=0.00s Real=0.00s
[21.349s][info][gc,start       ] GC(131) Pause Young (Allocation Failure)
[21.349s][info][gc,task        ] GC(131) Using 6 workers of 6 for evacuation
[21.351s][info][gc,heap        ] GC(131) ParNew: 282036K->3371K(314560K)
[21.351s][info][gc,heap        ] GC(131) CMS: 12541K->12541K(699072K)
[21.351s][info][gc,metaspace   ] GC(131) Metaspace: 14773K(15360K)->14773K(15360K) NonClass: 13404K(13824K)->13404K(13824K) Class: 1369K(1536K)->1369K(1536K)
[21.351s][info][gc             ] GC(131) Pause Young (Allocation Failure) 287M->15M(989M) 1.435ms
[21.351s][info][gc,cpu         ] GC(131) User=0.00s Sys=0.00s Real=0.00s
[21.489s][info][gc,start       ] GC(132) Pause Young (Allocation Failure)
[21.489s][info][gc,task        ] GC(132) Using 6 workers of 6 for evacuation
[21.490s][info][gc,heap        ] GC(132) ParNew: 282987K->3165K(314560K)
[21.490s][info][gc,heap        ] GC(132) CMS: 12541K->12541K(699072K)
[21.490s][info][gc,metaspace   ] GC(132) Metaspace: 14773K(15360K)->14773K(15360K) NonClass: 13404K(13824K)->13404K(13824K) Class: 1369K(1536K)->1369K(1536K)
[21.490s][info][gc             ] GC(132) Pause Young (Allocation Failure) 288M->15M(989M) 1.375ms
[21.490s][info][gc,cpu         ] GC(132) User=0.00s Sys=0.00s Real=0.00s
[21.627s][info][gc,start       ] GC(133) Pause Young (Allocation Failure)
[21.627s][info][gc,task        ] GC(133) Using 6 workers of 6 for evacuation
[21.628s][info][gc,heap        ] GC(133) ParNew: 282781K->3004K(314560K)
[21.628s][info][gc,heap        ] GC(133) CMS: 12541K->12541K(699072K)
[21.628s][info][gc,metaspace   ] GC(133) Metaspace: 14773K(15360K)->14773K(15360K) NonClass: 13404K(13824K)->13404K(13824K) Class: 1369K(1536K)->1369K(1536K)
[21.628s][info][gc             ] GC(133) Pause Young (Allocation Failure) 288M->15M(989M) 1.405ms
[21.628s][info][gc,cpu         ] GC(133) User=0.00s Sys=0.00s Real=0.00s
[21.800s][info][gc,start       ] GC(134) Pause Full (System.gc())
[21.800s][info][gc,phases,start] GC(134) Phase 1: Mark live objects
[21.804s][info][gc,phases      ] GC(134) Phase 1: Mark live objects 4.044ms
[21.804s][info][gc,phases,start] GC(134) Phase 2: Compute new object addresses
[21.823s][info][gc,phases      ] GC(134) Phase 2: Compute new object addresses 18.740ms
[21.823s][info][gc,phases,start] GC(134) Phase 3: Adjust pointers
[21.825s][info][gc,phases      ] GC(134) Phase 3: Adjust pointers 2.688ms
[21.825s][info][gc,phases,start] GC(134) Phase 4: Move objects
[21.827s][info][gc,phases      ] GC(134) Phase 4: Move objects 1.293ms
[21.827s][info][gc,heap        ] GC(134) ParNew: 170572K->0K(314560K)
[21.827s][info][gc,heap        ] GC(134) CMS: 12541K->11643K(699072K)
[21.827s][info][gc,metaspace   ] GC(134) Metaspace: 14776K(15360K)->14776K(15360K) NonClass: 13407K(13824K)->13407K(13824K) Class: 1369K(1536K)->1369K(1536K)
[21.827s][info][gc             ] GC(134) Pause Full (System.gc()) 178M->11M(989M) 27.762ms
[21.827s][info][gc,cpu         ] GC(134) User=0.02s Sys=0.00s Real=0.02s
[21.932s][info][gc,start       ] GC(135) Pause Young (Allocation Failure)
[21.932s][info][gc,task        ] GC(135) Using 6 workers of 6 for evacuation
[21.934s][info][gc,heap        ] GC(135) ParNew: 279616K->3879K(314560K)
[21.934s][info][gc,heap        ] GC(135) CMS: 11643K->11643K(699072K)
[21.934s][info][gc,metaspace   ] GC(135) Metaspace: 14794K(15360K)->14794K(15360K) NonClass: 13425K(13824K)->13425K(13824K) Class: 1369K(1536K)->1369K(1536K)
[21.934s][info][gc             ] GC(135) Pause Young (Allocation Failure) 284M->15M(989M) 1.629ms
[21.934s][info][gc,cpu         ] GC(135) User=0.00s Sys=0.00s Real=0.00s
[22.054s][info][gc,start       ] GC(136) Pause Young (Allocation Failure)
[22.054s][info][gc,task        ] GC(136) Using 6 workers of 6 for evacuation
[22.056s][info][gc,heap        ] GC(136) ParNew: 283495K->4000K(314560K)
[22.056s][info][gc,heap        ] GC(136) CMS: 11643K->11643K(699072K)
[22.056s][info][gc,metaspace   ] GC(136) Metaspace: 14794K(15360K)->14794K(15360K) NonClass: 13425K(13824K)->13425K(13824K) Class: 1369K(1536K)->1369K(1536K)
[22.056s][info][gc             ] GC(136) Pause Young (Allocation Failure) 288M->15M(989M) 1.440ms
[22.056s][info][gc,cpu         ] GC(136) User=0.00s Sys=0.00s Real=0.00s
[22.146s][info][gc,start       ] GC(137) Pause Young (Allocation Failure)
[22.146s][info][gc,task        ] GC(137) Using 6 workers of 6 for evacuation
[22.148s][info][gc,heap        ] GC(137) ParNew: 283616K->4474K(314560K)
[22.148s][info][gc,heap        ] GC(137) CMS: 11643K->11643K(699072K)
[22.148s][info][gc,metaspace   ] GC(137) Metaspace: 14794K(15360K)->14794K(15360K) NonClass: 13425K(13824K)->13425K(13824K) Class: 1369K(1536K)->1369K(1536K)
[22.148s][info][gc             ] GC(137) Pause Young (Allocation Failure) 288M->15M(989M) 1.658ms
[22.148s][info][gc,cpu         ] GC(137) User=0.00s Sys=0.00s Real=0.00s
[22.248s][info][gc,start       ] GC(138) Pause Young (Allocation Failure)
[22.248s][info][gc,task        ] GC(138) Using 6 workers of 6 for evacuation
[22.249s][info][gc,heap        ] GC(138) ParNew: 284090K->4050K(314560K)
[22.249s][info][gc,heap        ] GC(138) CMS: 11643K->11643K(699072K)
[22.249s][info][gc,metaspace   ] GC(138) Metaspace: 14794K(15360K)->14794K(15360K) NonClass: 13425K(13824K)->13425K(13824K) Class: 1369K(1536K)->1369K(1536K)
[22.249s][info][gc             ] GC(138) Pause Young (Allocation Failure) 288M->15M(989M) 1.422ms
[22.249s][info][gc,cpu         ] GC(138) User=0.06s Sys=0.03s Real=0.00s
[22.350s][info][gc,start       ] GC(139) Pause Young (Allocation Failure)
[22.350s][info][gc,task        ] GC(139) Using 6 workers of 6 for evacuation
[22.352s][info][gc,heap        ] GC(139) ParNew: 283666K->3956K(314560K)
[22.352s][info][gc,heap        ] GC(139) CMS: 11643K->11643K(699072K)
[22.352s][info][gc,metaspace   ] GC(139) Metaspace: 14794K(15360K)->14794K(15360K) NonClass: 13425K(13824K)->13425K(13824K) Class: 1369K(1536K)->1369K(1536K)
[22.352s][info][gc             ] GC(139) Pause Young (Allocation Failure) 288M->15M(989M) 1.343ms
[22.352s][info][gc,cpu         ] GC(139) User=0.00s Sys=0.00s Real=0.00s
[22.455s][info][gc,start       ] GC(140) Pause Young (Allocation Failure)
[22.455s][info][gc,task        ] GC(140) Using 6 workers of 6 for evacuation
[22.456s][info][gc,heap        ] GC(140) ParNew: 283572K->4012K(314560K)
[22.456s][info][gc,heap        ] GC(140) CMS: 11643K->11643K(699072K)
[22.456s][info][gc,metaspace   ] GC(140) Metaspace: 14794K(15360K)->14794K(15360K) NonClass: 13425K(13824K)->13425K(13824K) Class: 1369K(1536K)->1369K(1536K)
[22.456s][info][gc             ] GC(140) Pause Young (Allocation Failure) 288M->15M(989M) 1.469ms
[22.456s][info][gc,cpu         ] GC(140) User=0.00s Sys=0.00s Real=0.00s
[22.567s][info][gc,start       ] GC(141) Pause Young (Allocation Failure)
[22.567s][info][gc,task        ] GC(141) Using 6 workers of 6 for evacuation
[22.568s][info][gc,heap        ] GC(141) ParNew: 283628K->2769K(314560K)
[22.568s][info][gc,heap        ] GC(141) CMS: 11643K->12538K(699072K)
[22.568s][info][gc,metaspace   ] GC(141) Metaspace: 14794K(15360K)->14794K(15360K) NonClass: 13425K(13824K)->13425K(13824K) Class: 1369K(1536K)->1369K(1536K)
[22.568s][info][gc             ] GC(141) Pause Young (Allocation Failure) 288M->14M(989M) 1.561ms
[22.568s][info][gc,cpu         ] GC(141) User=0.00s Sys=0.00s Real=0.00s
[22.715s][info][gc,start       ] GC(142) Pause Young (Allocation Failure)
[22.715s][info][gc,task        ] GC(142) Using 6 workers of 6 for evacuation
[22.716s][info][gc,heap        ] GC(142) ParNew: 282385K->3123K(314560K)
[22.716s][info][gc,heap        ] GC(142) CMS: 12538K->12538K(699072K)
[22.716s][info][gc,metaspace   ] GC(142) Metaspace: 14794K(15360K)->14794K(15360K) NonClass: 13425K(13824K)->13425K(13824K) Class: 1369K(1536K)->1369K(1536K)
[22.716s][info][gc             ] GC(142) Pause Young (Allocation Failure) 288M->15M(989M) 1.559ms
[22.716s][info][gc,cpu         ] GC(142) User=0.00s Sys=0.00s Real=0.00s
[22.855s][info][gc,start       ] GC(143) Pause Young (Allocation Failure)
[22.855s][info][gc,task        ] GC(143) Using 6 workers of 6 for evacuation
[22.856s][info][gc,heap        ] GC(143) ParNew: 282739K->2654K(314560K)
[22.857s][info][gc,heap        ] GC(143) CMS: 12538K->12538K(699072K)
[22.857s][info][gc,metaspace   ] GC(143) Metaspace: 14794K(15360K)->14794K(15360K) NonClass: 13425K(13824K)->13425K(13824K) Class: 1369K(1536K)->1369K(1536K)
[22.857s][info][gc             ] GC(143) Pause Young (Allocation Failure) 288M->14M(989M) 1.478ms
[22.857s][info][gc,cpu         ] GC(143) User=0.00s Sys=0.00s Real=0.00s
[22.984s][info][gc,start       ] GC(144) Pause Young (Allocation Failure)
[22.984s][info][gc,task        ] GC(144) Using 6 workers of 6 for evacuation
[22.986s][info][gc,heap        ] GC(144) ParNew: 282270K->3763K(314560K)
[22.986s][info][gc,heap        ] GC(144) CMS: 12538K->12538K(699072K)
[22.986s][info][gc,metaspace   ] GC(144) Metaspace: 14794K(15360K)->14794K(15360K) NonClass: 13425K(13824K)->13425K(13824K) Class: 1369K(1536K)->1369K(1536K)
[22.986s][info][gc             ] GC(144) Pause Young (Allocation Failure) 287M->15M(989M) 1.635ms
[22.986s][info][gc,cpu         ] GC(144) User=0.00s Sys=0.00s Real=0.00s
[23.107s][info][gc,start       ] GC(145) Pause Young (Allocation Failure)
[23.107s][info][gc,task        ] GC(145) Using 6 workers of 6 for evacuation
[23.109s][info][gc,heap        ] GC(145) ParNew: 283379K->2440K(314560K)
[23.109s][info][gc,heap        ] GC(145) CMS: 12538K->12538K(699072K)
[23.109s][info][gc,metaspace   ] GC(145) Metaspace: 14794K(15360K)->14794K(15360K) NonClass: 13425K(13824K)->13425K(13824K) Class: 1369K(1536K)->1369K(1536K)
[23.109s][info][gc             ] GC(145) Pause Young (Allocation Failure) 288M->14M(989M) 1.540ms
[23.109s][info][gc,cpu         ] GC(145) User=0.00s Sys=0.00s Real=0.00s
[23.234s][info][gc,start       ] GC(146) Pause Young (Allocation Failure)
[23.234s][info][gc,task        ] GC(146) Using 6 workers of 6 for evacuation
[23.235s][info][gc,heap        ] GC(146) ParNew: 282056K->3698K(314560K)
[23.235s][info][gc,heap        ] GC(146) CMS: 12538K->12538K(699072K)
[23.235s][info][gc,metaspace   ] GC(146) Metaspace: 14794K(15360K)->14794K(15360K) NonClass: 13425K(13824K)->13425K(13824K) Class: 1369K(1536K)->1369K(1536K)
[23.235s][info][gc             ] GC(146) Pause Young (Allocation Failure) 287M->15M(989M) 1.378ms
[23.235s][info][gc,cpu         ] GC(146) User=0.00s Sys=0.00s Real=0.00s
[23.369s][info][gc,start       ] GC(147) Pause Young (Allocation Failure)
[23.369s][info][gc,task        ] GC(147) Using 6 workers of 6 for evacuation
[23.371s][info][gc,heap        ] GC(147) ParNew: 283314K->2869K(314560K)
[23.371s][info][gc,heap        ] GC(147) CMS: 12538K->12538K(699072K)
[23.371s][info][gc,metaspace   ] GC(147) Metaspace: 14794K(15360K)->14794K(15360K) NonClass: 13425K(13824K)->13425K(13824K) Class: 1369K(1536K)->1369K(1536K)
[23.371s][info][gc             ] GC(147) Pause Young (Allocation Failure) 288M->15M(989M) 1.436ms
[23.371s][info][gc,cpu         ] GC(147) User=0.00s Sys=0.00s Real=0.00s
[23.518s][info][gc,start       ] GC(148) Pause Young (Allocation Failure)
[23.518s][info][gc,task        ] GC(148) Using 6 workers of 6 for evacuation
[23.519s][info][gc,heap        ] GC(148) ParNew: 282485K->2754K(314560K)
[23.519s][info][gc,heap        ] GC(148) CMS: 12538K->12538K(699072K)
[23.519s][info][gc,metaspace   ] GC(148) Metaspace: 14794K(15360K)->14794K(15360K) NonClass: 13425K(13824K)->13425K(13824K) Class: 1369K(1536K)->1369K(1536K)
[23.519s][info][gc             ] GC(148) Pause Young (Allocation Failure) 288M->14M(989M) 1.505ms
[23.519s][info][gc,cpu         ] GC(148) User=0.00s Sys=0.00s Real=0.00s
[23.671s][info][gc,start       ] GC(149) Pause Young (Allocation Failure)
[23.671s][info][gc,task        ] GC(149) Using 6 workers of 6 for evacuation
[23.673s][info][gc,heap        ] GC(149) ParNew: 282370K->2945K(314560K)
[23.673s][info][gc,heap        ] GC(149) CMS: 12538K->12538K(699072K)
[23.673s][info][gc,metaspace   ] GC(149) Metaspace: 14794K(15360K)->14794K(15360K) NonClass: 13425K(13824K)->13425K(13824K) Class: 1369K(1536K)->1369K(1536K)
[23.673s][info][gc             ] GC(149) Pause Young (Allocation Failure) 287M->15M(989M) 1.618ms
[23.673s][info][gc,cpu         ] GC(149) User=0.00s Sys=0.00s Real=0.00s
[23.822s][info][gc,start       ] GC(150) Pause Young (Allocation Failure)
[23.822s][info][gc,task        ] GC(150) Using 6 workers of 6 for evacuation
[23.824s][info][gc,heap        ] GC(150) ParNew: 282561K->2998K(314560K)
[23.824s][info][gc,heap        ] GC(150) CMS: 12538K->12538K(699072K)
[23.824s][info][gc,metaspace   ] GC(150) Metaspace: 14794K(15360K)->14794K(15360K) NonClass: 13425K(13824K)->13425K(13824K) Class: 1369K(1536K)->1369K(1536K)
[23.824s][info][gc             ] GC(150) Pause Young (Allocation Failure) 288M->15M(989M) 1.681ms
[23.824s][info][gc,cpu         ] GC(150) User=0.00s Sys=0.00s Real=0.00s
[23.974s][info][gc,start       ] GC(151) Pause Young (Allocation Failure)
[23.974s][info][gc,task        ] GC(151) Using 6 workers of 6 for evacuation
[23.975s][info][gc,heap        ] GC(151) ParNew: 282614K->3109K(314560K)
[23.976s][info][gc,heap        ] GC(151) CMS: 12538K->12538K(699072K)
[23.976s][info][gc,metaspace   ] GC(151) Metaspace: 14794K(15360K)->14794K(15360K) NonClass: 13425K(13824K)->13425K(13824K) Class: 1369K(1536K)->1369K(1536K)
[23.976s][info][gc             ] GC(151) Pause Young (Allocation Failure) 288M->15M(989M) 1.665ms
[23.976s][info][gc,cpu         ] GC(151) User=0.00s Sys=0.00s Real=0.00s
[24.114s][info][gc,start       ] GC(152) Pause Young (Allocation Failure)
[24.114s][info][gc,task        ] GC(152) Using 6 workers of 6 for evacuation
[24.115s][info][gc,heap        ] GC(152) ParNew: 282725K->2775K(314560K)
[24.115s][info][gc,heap        ] GC(152) CMS: 12538K->12538K(699072K)
[24.115s][info][gc,metaspace   ] GC(152) Metaspace: 14794K(15360K)->14794K(15360K) NonClass: 13425K(13824K)->13425K(13824K) Class: 1369K(1536K)->1369K(1536K)
[24.115s][info][gc             ] GC(152) Pause Young (Allocation Failure) 288M->14M(989M) 1.488ms
[24.115s][info][gc,cpu         ] GC(152) User=0.00s Sys=0.00s Real=0.00s
[24.249s][info][gc,start       ] GC(153) Pause Young (Allocation Failure)
[24.249s][info][gc,task        ] GC(153) Using 6 workers of 6 for evacuation
[24.251s][info][gc,heap        ] GC(153) ParNew: 282391K->3013K(314560K)
[24.251s][info][gc,heap        ] GC(153) CMS: 12538K->12538K(699072K)
[24.251s][info][gc,metaspace   ] GC(153) Metaspace: 14794K(15360K)->14794K(15360K) NonClass: 13425K(13824K)->13425K(13824K) Class: 1369K(1536K)->1369K(1536K)
[24.251s][info][gc             ] GC(153) Pause Young (Allocation Failure) 288M->15M(989M) 1.503ms
[24.251s][info][gc,cpu         ] GC(153) User=0.00s Sys=0.00s Real=0.00s
[24.378s][info][gc,start       ] GC(154) Pause Young (Allocation Failure)
[24.378s][info][gc,task        ] GC(154) Using 6 workers of 6 for evacuation
[24.379s][info][gc,heap        ] GC(154) ParNew: 282629K->3327K(314560K)
[24.379s][info][gc,heap        ] GC(154) CMS: 12538K->12538K(699072K)
[24.379s][info][gc,metaspace   ] GC(154) Metaspace: 14794K(15360K)->14794K(15360K) NonClass: 13425K(13824K)->13425K(13824K) Class: 1369K(1536K)->1369K(1536K)
[24.379s][info][gc             ] GC(154) Pause Young (Allocation Failure) 288M->15M(989M) 1.614ms
[24.379s][info][gc,cpu         ] GC(154) User=0.00s Sys=0.00s Real=0.00s
[24.493s][info][gc,start       ] GC(155) Pause Young (Allocation Failure)
[24.493s][info][gc,task        ] GC(155) Using 6 workers of 6 for evacuation
[24.494s][info][gc,heap        ] GC(155) ParNew: 282943K->2849K(314560K)
[24.494s][info][gc,heap        ] GC(155) CMS: 12538K->12538K(699072K)
[24.494s][info][gc,metaspace   ] GC(155) Metaspace: 14794K(15360K)->14794K(15360K) NonClass: 13425K(13824K)->13425K(13824K) Class: 1369K(1536K)->1369K(1536K)
[24.494s][info][gc             ] GC(155) Pause Young (Allocation Failure) 288M->15M(989M) 1.495ms
[24.494s][info][gc,cpu         ] GC(155) User=0.00s Sys=0.00s Real=0.00s
[24.606s][info][gc,start       ] GC(156) Pause Young (Allocation Failure)
[24.606s][info][gc,task        ] GC(156) Using 6 workers of 6 for evacuation
[24.607s][info][gc,heap        ] GC(156) ParNew: 282465K->2707K(314560K)
[24.608s][info][gc,heap        ] GC(156) CMS: 12538K->12538K(699072K)
[24.608s][info][gc,metaspace   ] GC(156) Metaspace: 14794K(15360K)->14794K(15360K) NonClass: 13425K(13824K)->13425K(13824K) Class: 1369K(1536K)->1369K(1536K)
[24.608s][info][gc             ] GC(156) Pause Young (Allocation Failure) 288M->14M(989M) 1.514ms
[24.608s][info][gc,cpu         ] GC(156) User=0.00s Sys=0.00s Real=0.00s
[24.710s][info][gc,start       ] GC(157) Pause Young (Allocation Failure)
[24.710s][info][gc,task        ] GC(157) Using 6 workers of 6 for evacuation
[24.711s][info][gc,heap        ] GC(157) ParNew: 282323K->2780K(314560K)
[24.711s][info][gc,heap        ] GC(157) CMS: 12538K->12538K(699072K)
[24.711s][info][gc,metaspace   ] GC(157) Metaspace: 14794K(15360K)->14794K(15360K) NonClass: 13425K(13824K)->13425K(13824K) Class: 1369K(1536K)->1369K(1536K)
[24.711s][info][gc             ] GC(157) Pause Young (Allocation Failure) 287M->14M(989M) 1.498ms
[24.711s][info][gc,cpu         ] GC(157) User=0.00s Sys=0.00s Real=0.00s
[24.813s][info][gc,start       ] GC(158) Pause Young (Allocation Failure)
[24.813s][info][gc,task        ] GC(158) Using 6 workers of 6 for evacuation
[24.814s][info][gc,heap        ] GC(158) ParNew: 282396K->2047K(314560K)
[24.814s][info][gc,heap        ] GC(158) CMS: 12538K->12538K(699072K)
[24.814s][info][gc,metaspace   ] GC(158) Metaspace: 14794K(15360K)->14794K(15360K) NonClass: 13425K(13824K)->13425K(13824K) Class: 1369K(1536K)->1369K(1536K)
[24.814s][info][gc             ] GC(158) Pause Young (Allocation Failure) 288M->14M(989M) 1.294ms
[24.814s][info][gc,cpu         ] GC(158) User=0.00s Sys=0.00s Real=0.00s
[24.920s][info][gc,start       ] GC(159) Pause Young (Allocation Failure)
[24.920s][info][gc,task        ] GC(159) Using 6 workers of 6 for evacuation
[24.922s][info][gc,heap        ] GC(159) ParNew: 281663K->2511K(314560K)
[24.922s][info][gc,heap        ] GC(159) CMS: 12538K->12538K(699072K)
[24.922s][info][gc,metaspace   ] GC(159) Metaspace: 14794K(15360K)->14794K(15360K) NonClass: 13425K(13824K)->13425K(13824K) Class: 1369K(1536K)->1369K(1536K)
[24.922s][info][gc             ] GC(159) Pause Young (Allocation Failure) 287M->14M(989M) 1.804ms
[24.922s][info][gc,cpu         ] GC(159) User=0.00s Sys=0.00s Real=0.00s
[25.050s][info][gc,start       ] GC(160) Pause Young (Allocation Failure)
[25.050s][info][gc,task        ] GC(160) Using 6 workers of 6 for evacuation
[25.051s][info][gc,heap        ] GC(160) ParNew: 282127K->2685K(314560K)
[25.051s][info][gc,heap        ] GC(160) CMS: 12538K->12538K(699072K)
[25.051s][info][gc,metaspace   ] GC(160) Metaspace: 14794K(15360K)->14794K(15360K) NonClass: 13425K(13824K)->13425K(13824K) Class: 1369K(1536K)->1369K(1536K)
[25.051s][info][gc             ] GC(160) Pause Young (Allocation Failure) 287M->14M(989M) 1.731ms
[25.051s][info][gc,cpu         ] GC(160) User=0.00s Sys=0.00s Real=0.00s
[25.168s][info][gc,start       ] GC(161) Pause Young (Allocation Failure)
[25.168s][info][gc,task        ] GC(161) Using 6 workers of 6 for evacuation
[25.169s][info][gc,heap        ] GC(161) ParNew: 282301K->3551K(314560K)
[25.169s][info][gc,heap        ] GC(161) CMS: 12538K->12538K(699072K)
[25.169s][info][gc,metaspace   ] GC(161) Metaspace: 14794K(15360K)->14794K(15360K) NonClass: 13425K(13824K)->13425K(13824K) Class: 1369K(1536K)->1369K(1536K)
[25.169s][info][gc             ] GC(161) Pause Young (Allocation Failure) 287M->15M(989M) 1.547ms
[25.169s][info][gc,cpu         ] GC(161) User=0.00s Sys=0.00s Real=0.00s
[25.305s][info][gc,start       ] GC(162) Pause Young (Allocation Failure)
[25.305s][info][gc,task        ] GC(162) Using 6 workers of 6 for evacuation
[25.307s][info][gc,heap        ] GC(162) ParNew: 283167K->3096K(314560K)
[25.307s][info][gc,heap        ] GC(162) CMS: 12538K->12538K(699072K)
[25.307s][info][gc,metaspace   ] GC(162) Metaspace: 14794K(15360K)->14794K(15360K) NonClass: 13425K(13824K)->13425K(13824K) Class: 1369K(1536K)->1369K(1536K)
[25.307s][info][gc             ] GC(162) Pause Young (Allocation Failure) 288M->15M(989M) 1.639ms
[25.307s][info][gc,cpu         ] GC(162) User=0.00s Sys=0.00s Real=0.00s
[25.436s][info][gc,start       ] GC(163) Pause Young (Allocation Failure)
[25.436s][info][gc,task        ] GC(163) Using 6 workers of 6 for evacuation
[25.437s][info][gc,heap        ] GC(163) ParNew: 282712K->2782K(314560K)
[25.437s][info][gc,heap        ] GC(163) CMS: 12538K->12538K(699072K)
[25.437s][info][gc,metaspace   ] GC(163) Metaspace: 14794K(15360K)->14794K(15360K) NonClass: 13425K(13824K)->13425K(13824K) Class: 1369K(1536K)->1369K(1536K)
[25.437s][info][gc             ] GC(163) Pause Young (Allocation Failure) 288M->14M(989M) 1.500ms
[25.437s][info][gc,cpu         ] GC(163) User=0.00s Sys=0.00s Real=0.00s
[25.544s][info][gc,start       ] GC(164) Pause Young (Allocation Failure)
[25.544s][info][gc,task        ] GC(164) Using 6 workers of 6 for evacuation
[25.546s][info][gc,heap        ] GC(164) ParNew: 282398K->3352K(314560K)
[25.546s][info][gc,heap        ] GC(164) CMS: 12538K->12538K(699072K)
[25.546s][info][gc,metaspace   ] GC(164) Metaspace: 14794K(15360K)->14794K(15360K) NonClass: 13425K(13824K)->13425K(13824K) Class: 1369K(1536K)->1369K(1536K)
[25.546s][info][gc             ] GC(164) Pause Young (Allocation Failure) 288M->15M(989M) 1.553ms
[25.546s][info][gc,cpu         ] GC(164) User=0.00s Sys=0.09s Real=0.00s
[25.676s][info][gc,start       ] GC(165) Pause Young (Allocation Failure)
[25.676s][info][gc,task        ] GC(165) Using 6 workers of 6 for evacuation
[25.677s][info][gc,heap        ] GC(165) ParNew: 282968K->2444K(314560K)
[25.677s][info][gc,heap        ] GC(165) CMS: 12538K->12538K(699072K)
[25.677s][info][gc,metaspace   ] GC(165) Metaspace: 14794K(15360K)->14794K(15360K) NonClass: 13425K(13824K)->13425K(13824K) Class: 1369K(1536K)->1369K(1536K)
[25.677s][info][gc             ] GC(165) Pause Young (Allocation Failure) 288M->14M(989M) 1.285ms
[25.677s][info][gc,cpu         ] GC(165) User=0.00s Sys=0.00s Real=0.00s
[25.839s][info][gc,start       ] GC(166) Pause Young (Allocation Failure)
[25.839s][info][gc,task        ] GC(166) Using 6 workers of 6 for evacuation
[25.840s][info][gc,heap        ] GC(166) ParNew: 282060K->3107K(314560K)
[25.840s][info][gc,heap        ] GC(166) CMS: 12538K->12538K(699072K)
[25.840s][info][gc,metaspace   ] GC(166) Metaspace: 14794K(15360K)->14794K(15360K) NonClass: 13425K(13824K)->13425K(13824K) Class: 1369K(1536K)->1369K(1536K)
[25.840s][info][gc             ] GC(166) Pause Young (Allocation Failure) 287M->15M(989M) 1.615ms
[25.840s][info][gc,cpu         ] GC(166) User=0.00s Sys=0.00s Real=0.00s
[26.013s][info][gc,start       ] GC(167) Pause Young (Allocation Failure)
[26.013s][info][gc,task        ] GC(167) Using 6 workers of 6 for evacuation
[26.015s][info][gc,heap        ] GC(167) ParNew: 282723K->3344K(314560K)
[26.015s][info][gc,heap        ] GC(167) CMS: 12538K->12538K(699072K)
[26.015s][info][gc,metaspace   ] GC(167) Metaspace: 14794K(15360K)->14794K(15360K) NonClass: 13425K(13824K)->13425K(13824K) Class: 1369K(1536K)->1369K(1536K)
[26.015s][info][gc             ] GC(167) Pause Young (Allocation Failure) 288M->15M(989M) 1.730ms
[26.015s][info][gc,cpu         ] GC(167) User=0.06s Sys=0.00s Real=0.00s
[26.176s][info][gc,start       ] GC(168) Pause Young (Allocation Failure)
[26.176s][info][gc,task        ] GC(168) Using 6 workers of 6 for evacuation
[26.178s][info][gc,heap        ] GC(168) ParNew: 282960K->2813K(314560K)
[26.178s][info][gc,heap        ] GC(168) CMS: 12538K->12538K(699072K)
[26.178s][info][gc,metaspace   ] GC(168) Metaspace: 14794K(15360K)->14794K(15360K) NonClass: 13425K(13824K)->13425K(13824K) Class: 1369K(1536K)->1369K(1536K)
[26.178s][info][gc             ] GC(168) Pause Young (Allocation Failure) 288M->14M(989M) 1.585ms
[26.178s][info][gc,cpu         ] GC(168) User=0.00s Sys=0.00s Real=0.00s
[26.318s][info][gc,start       ] GC(169) Pause Young (Allocation Failure)
[26.318s][info][gc,task        ] GC(169) Using 6 workers of 6 for evacuation
[26.319s][info][gc,heap        ] GC(169) ParNew: 282429K->2822K(314560K)
[26.319s][info][gc,heap        ] GC(169) CMS: 12538K->12538K(699072K)
[26.319s][info][gc,metaspace   ] GC(169) Metaspace: 14794K(15360K)->14794K(15360K) NonClass: 13425K(13824K)->13425K(13824K) Class: 1369K(1536K)->1369K(1536K)
[26.319s][info][gc             ] GC(169) Pause Young (Allocation Failure) 288M->15M(989M) 1.455ms
[26.319s][info][gc,cpu         ] GC(169) User=0.00s Sys=0.00s Real=0.00s
[26.453s][info][gc,start       ] GC(170) Pause Young (Allocation Failure)
[26.453s][info][gc,task        ] GC(170) Using 6 workers of 6 for evacuation
[26.454s][info][gc,heap        ] GC(170) ParNew: 282438K->2663K(314560K)
[26.455s][info][gc,heap        ] GC(170) CMS: 12538K->12538K(699072K)
[26.455s][info][gc,metaspace   ] GC(170) Metaspace: 14794K(15360K)->14794K(15360K) NonClass: 13425K(13824K)->13425K(13824K) Class: 1369K(1536K)->1369K(1536K)
[26.455s][info][gc             ] GC(170) Pause Young (Allocation Failure) 288M->14M(989M) 1.398ms
[26.455s][info][gc,cpu         ] GC(170) User=0.00s Sys=0.00s Real=0.00s
[26.585s][info][gc,start       ] GC(171) Pause Young (Allocation Failure)
[26.585s][info][gc,task        ] GC(171) Using 6 workers of 6 for evacuation
[26.586s][info][gc,heap        ] GC(171) ParNew: 282279K->3523K(314560K)
[26.586s][info][gc,heap        ] GC(171) CMS: 12538K->12538K(699072K)
[26.586s][info][gc,metaspace   ] GC(171) Metaspace: 14794K(15360K)->14794K(15360K) NonClass: 13425K(13824K)->13425K(13824K) Class: 1369K(1536K)->1369K(1536K)
[26.586s][info][gc             ] GC(171) Pause Young (Allocation Failure) 287M->15M(989M) 1.541ms
[26.586s][info][gc,cpu         ] GC(171) User=0.00s Sys=0.00s Real=0.00s
[26.727s][info][gc,start       ] GC(172) Pause Young (Allocation Failure)
[26.727s][info][gc,task        ] GC(172) Using 6 workers of 6 for evacuation
[26.729s][info][gc,heap        ] GC(172) ParNew: 283139K->2728K(314560K)
[26.729s][info][gc,heap        ] GC(172) CMS: 12538K->12538K(699072K)
[26.729s][info][gc,metaspace   ] GC(172) Metaspace: 14794K(15360K)->14794K(15360K) NonClass: 13425K(13824K)->13425K(13824K) Class: 1369K(1536K)->1369K(1536K)
[26.729s][info][gc             ] GC(172) Pause Young (Allocation Failure) 288M->14M(989M) 1.564ms
[26.729s][info][gc,cpu         ] GC(172) User=0.00s Sys=0.00s Real=0.00s
[26.876s][info][gc,start       ] GC(173) Pause Young (Allocation Failure)
[26.876s][info][gc,task        ] GC(173) Using 6 workers of 6 for evacuation
[26.878s][info][gc,heap        ] GC(173) ParNew: 282344K->3131K(314560K)
[26.878s][info][gc,heap        ] GC(173) CMS: 12538K->12538K(699072K)
[26.878s][info][gc,metaspace   ] GC(173) Metaspace: 14794K(15360K)->14794K(15360K) NonClass: 13425K(13824K)->13425K(13824K) Class: 1369K(1536K)->1369K(1536K)
[26.878s][info][gc             ] GC(173) Pause Young (Allocation Failure) 287M->15M(989M) 1.544ms
[26.878s][info][gc,cpu         ] GC(173) User=0.00s Sys=0.00s Real=0.00s
[27.037s][info][gc,start       ] GC(174) Pause Young (Allocation Failure)
[27.037s][info][gc,task        ] GC(174) Using 6 workers of 6 for evacuation
[27.039s][info][gc,heap        ] GC(174) ParNew: 282747K->3540K(314560K)
[27.039s][info][gc,heap        ] GC(174) CMS: 12538K->12538K(699072K)
[27.039s][info][gc,metaspace   ] GC(174) Metaspace: 14794K(15360K)->14794K(15360K) NonClass: 13425K(13824K)->13425K(13824K) Class: 1369K(1536K)->1369K(1536K)
[27.039s][info][gc             ] GC(174) Pause Young (Allocation Failure) 288M->15M(989M) 1.559ms
[27.039s][info][gc,cpu         ] GC(174) User=0.00s Sys=0.00s Real=0.00s
[27.198s][info][gc,start       ] GC(175) Pause Young (Allocation Failure)
[27.198s][info][gc,task        ] GC(175) Using 6 workers of 6 for evacuation
[27.200s][info][gc,heap        ] GC(175) ParNew: 283156K->3466K(314560K)
[27.200s][info][gc,heap        ] GC(175) CMS: 12538K->12538K(699072K)
[27.200s][info][gc,metaspace   ] GC(175) Metaspace: 14794K(15360K)->14794K(15360K) NonClass: 13425K(13824K)->13425K(13824K) Class: 1369K(1536K)->1369K(1536K)
[27.200s][info][gc             ] GC(175) Pause Young (Allocation Failure) 288M->15M(989M) 1.725ms
[27.200s][info][gc,cpu         ] GC(175) User=0.00s Sys=0.00s Real=0.00s
[27.351s][info][gc,start       ] GC(176) Pause Young (Allocation Failure)
[27.351s][info][gc,task        ] GC(176) Using 6 workers of 6 for evacuation
[27.352s][info][gc,heap        ] GC(176) ParNew: 283082K->2578K(314560K)
[27.352s][info][gc,heap        ] GC(176) CMS: 12538K->12538K(699072K)
[27.352s][info][gc,metaspace   ] GC(176) Metaspace: 14794K(15360K)->14794K(15360K) NonClass: 13425K(13824K)->13425K(13824K) Class: 1369K(1536K)->1369K(1536K)
[27.352s][info][gc             ] GC(176) Pause Young (Allocation Failure) 288M->14M(989M) 1.590ms
[27.352s][info][gc,cpu         ] GC(176) User=0.00s Sys=0.00s Real=0.00s
[27.500s][info][gc,start       ] GC(177) Pause Young (Allocation Failure)
[27.500s][info][gc,task        ] GC(177) Using 6 workers of 6 for evacuation
[27.502s][info][gc,heap        ] GC(177) ParNew: 282194K->2963K(314560K)
[27.502s][info][gc,heap        ] GC(177) CMS: 12538K->12538K(699072K)
[27.502s][info][gc,metaspace   ] GC(177) Metaspace: 14794K(15360K)->14794K(15360K) NonClass: 13425K(13824K)->13425K(13824K) Class: 1369K(1536K)->1369K(1536K)
[27.502s][info][gc             ] GC(177) Pause Young (Allocation Failure) 287M->15M(989M) 1.518ms
[27.502s][info][gc,cpu         ] GC(177) User=0.00s Sys=0.00s Real=0.00s
[27.641s][info][gc,start       ] GC(178) Pause Young (Allocation Failure)
[27.641s][info][gc,task        ] GC(178) Using 6 workers of 6 for evacuation
[27.642s][info][gc,heap        ] GC(178) ParNew: 282579K->3683K(314560K)
[27.642s][info][gc,heap        ] GC(178) CMS: 12538K->12538K(699072K)
[27.642s][info][gc,metaspace   ] GC(178) Metaspace: 14794K(15360K)->14794K(15360K) NonClass: 13425K(13824K)->13425K(13824K) Class: 1369K(1536K)->1369K(1536K)
[27.642s][info][gc             ] GC(178) Pause Young (Allocation Failure) 288M->15M(989M) 1.485ms
[27.642s][info][gc,cpu         ] GC(178) User=0.00s Sys=0.00s Real=0.00s
[27.774s][info][gc,start       ] GC(179) Pause Young (Allocation Failure)
[27.774s][info][gc,task        ] GC(179) Using 6 workers of 6 for evacuation
[27.775s][info][gc,heap        ] GC(179) ParNew: 283299K->2630K(314560K)
[27.775s][info][gc,heap        ] GC(179) CMS: 12538K->12538K(699072K)
[27.775s][info][gc,metaspace   ] GC(179) Metaspace: 14794K(15360K)->14794K(15360K) NonClass: 13425K(13824K)->13425K(13824K) Class: 1369K(1536K)->1369K(1536K)
[27.775s][info][gc             ] GC(179) Pause Young (Allocation Failure) 288M->14M(989M) 1.561ms
[27.775s][info][gc,cpu         ] GC(179) User=0.00s Sys=0.00s Real=0.00s
[27.929s][info][gc,start       ] GC(180) Pause Young (Allocation Failure)
[27.929s][info][gc,task        ] GC(180) Using 6 workers of 6 for evacuation
[27.930s][info][gc,heap        ] GC(180) ParNew: 282246K->3046K(314560K)
[27.930s][info][gc,heap        ] GC(180) CMS: 12538K->12538K(699072K)
[27.930s][info][gc,metaspace   ] GC(180) Metaspace: 14794K(15360K)->14794K(15360K) NonClass: 13425K(13824K)->13425K(13824K) Class: 1369K(1536K)->1369K(1536K)
[27.930s][info][gc             ] GC(180) Pause Young (Allocation Failure) 287M->15M(989M) 1.502ms
[27.930s][info][gc,cpu         ] GC(180) User=0.00s Sys=0.00s Real=0.00s
[28.083s][info][gc,start       ] GC(181) Pause Young (Allocation Failure)
[28.083s][info][gc,task        ] GC(181) Using 6 workers of 6 for evacuation
[28.084s][info][gc,heap        ] GC(181) ParNew: 282662K->3247K(314560K)
[28.084s][info][gc,heap        ] GC(181) CMS: 12538K->12538K(699072K)
[28.084s][info][gc,metaspace   ] GC(181) Metaspace: 14794K(15360K)->14794K(15360K) NonClass: 13425K(13824K)->13425K(13824K) Class: 1369K(1536K)->1369K(1536K)
[28.084s][info][gc             ] GC(181) Pause Young (Allocation Failure) 288M->15M(989M) 1.635ms
[28.084s][info][gc,cpu         ] GC(181) User=0.00s Sys=0.00s Real=0.00s
[28.208s][info][gc,start       ] GC(182) Pause Young (Allocation Failure)
[28.209s][info][gc,task        ] GC(182) Using 6 workers of 6 for evacuation
[28.210s][info][gc,heap        ] GC(182) ParNew: 282863K->2431K(314560K)
[28.210s][info][gc,heap        ] GC(182) CMS: 12538K->12538K(699072K)
[28.210s][info][gc,metaspace   ] GC(182) Metaspace: 14794K(15360K)->14794K(15360K) NonClass: 13425K(13824K)->13425K(13824K) Class: 1369K(1536K)->1369K(1536K)
[28.210s][info][gc             ] GC(182) Pause Young (Allocation Failure) 288M->14M(989M) 1.372ms
[28.210s][info][gc,cpu         ] GC(182) User=0.00s Sys=0.00s Real=0.00s
[28.313s][info][gc,start       ] GC(183) Pause Young (Allocation Failure)
[28.313s][info][gc,task        ] GC(183) Using 6 workers of 6 for evacuation
[28.314s][info][gc,heap        ] GC(183) ParNew: 282047K->3294K(314560K)
[28.314s][info][gc,heap        ] GC(183) CMS: 12538K->12538K(699072K)
[28.314s][info][gc,metaspace   ] GC(183) Metaspace: 14794K(15360K)->14794K(15360K) NonClass: 13425K(13824K)->13425K(13824K) Class: 1369K(1536K)->1369K(1536K)
[28.314s][info][gc             ] GC(183) Pause Young (Allocation Failure) 287M->15M(989M) 1.645ms
[28.314s][info][gc,cpu         ] GC(183) User=0.00s Sys=0.00s Real=0.00s
[28.424s][info][gc,start       ] GC(184) Pause Young (Allocation Failure)
[28.424s][info][gc,task        ] GC(184) Using 6 workers of 6 for evacuation
[28.426s][info][gc,heap        ] GC(184) ParNew: 282910K->3521K(314560K)
[28.426s][info][gc,heap        ] GC(184) CMS: 12538K->12538K(699072K)
[28.426s][info][gc,metaspace   ] GC(184) Metaspace: 14794K(15360K)->14794K(15360K) NonClass: 13425K(13824K)->13425K(13824K) Class: 1369K(1536K)->1369K(1536K)
[28.426s][info][gc             ] GC(184) Pause Young (Allocation Failure) 288M->15M(989M) 1.632ms
[28.426s][info][gc,cpu         ] GC(184) User=0.00s Sys=0.00s Real=0.00s
[28.535s][info][gc,start       ] GC(185) Pause Young (Allocation Failure)
[28.535s][info][gc,task        ] GC(185) Using 6 workers of 6 for evacuation
[28.536s][info][gc,heap        ] GC(185) ParNew: 283137K->3016K(314560K)
[28.536s][info][gc,heap        ] GC(185) CMS: 12538K->12538K(699072K)
[28.536s][info][gc,metaspace   ] GC(185) Metaspace: 14794K(15360K)->14794K(15360K) NonClass: 13425K(13824K)->13425K(13824K) Class: 1369K(1536K)->1369K(1536K)
[28.536s][info][gc             ] GC(185) Pause Young (Allocation Failure) 288M->15M(989M) 1.545ms
[28.536s][info][gc,cpu         ] GC(185) User=0.00s Sys=0.00s Real=0.00s
[28.653s][info][gc,start       ] GC(186) Pause Young (Allocation Failure)
[28.653s][info][gc,task        ] GC(186) Using 6 workers of 6 for evacuation
[28.654s][info][gc,heap        ] GC(186) ParNew: 282632K->2814K(314560K)
[28.654s][info][gc,heap        ] GC(186) CMS: 12538K->12538K(699072K)
[28.654s][info][gc,metaspace   ] GC(186) Metaspace: 14794K(15360K)->14794K(15360K) NonClass: 13425K(13824K)->13425K(13824K) Class: 1369K(1536K)->1369K(1536K)
[28.654s][info][gc             ] GC(186) Pause Young (Allocation Failure) 288M->14M(989M) 1.507ms
[28.654s][info][gc,cpu         ] GC(186) User=0.00s Sys=0.00s Real=0.00s
[28.789s][info][gc,start       ] GC(187) Pause Young (Allocation Failure)
[28.789s][info][gc,task        ] GC(187) Using 6 workers of 6 for evacuation
[28.790s][info][gc,heap        ] GC(187) ParNew: 282430K->3032K(314560K)
[28.790s][info][gc,heap        ] GC(187) CMS: 12538K->12538K(699072K)
[28.790s][info][gc,metaspace   ] GC(187) Metaspace: 14794K(15360K)->14794K(15360K) NonClass: 13425K(13824K)->13425K(13824K) Class: 1369K(1536K)->1369K(1536K)
[28.790s][info][gc             ] GC(187) Pause Young (Allocation Failure) 288M->15M(989M) 1.403ms
[28.790s][info][gc,cpu         ] GC(187) User=0.00s Sys=0.00s Real=0.00s
[28.939s][info][gc,start       ] GC(188) Pause Young (Allocation Failure)
[28.939s][info][gc,task        ] GC(188) Using 6 workers of 6 for evacuation
[28.941s][info][gc,heap        ] GC(188) ParNew: 282648K->2913K(314560K)
[28.941s][info][gc,heap        ] GC(188) CMS: 12538K->12538K(699072K)
[28.941s][info][gc,metaspace   ] GC(188) Metaspace: 14794K(15360K)->14794K(15360K) NonClass: 13425K(13824K)->13425K(13824K) Class: 1369K(1536K)->1369K(1536K)
[28.941s][info][gc             ] GC(188) Pause Young (Allocation Failure) 288M->15M(989M) 1.568ms
[28.941s][info][gc,cpu         ] GC(188) User=0.00s Sys=0.00s Real=0.00s
[29.092s][info][gc,start       ] GC(189) Pause Young (Allocation Failure)
[29.092s][info][gc,task        ] GC(189) Using 6 workers of 6 for evacuation
[29.093s][info][gc,heap        ] GC(189) ParNew: 282529K->3612K(314560K)
[29.093s][info][gc,heap        ] GC(189) CMS: 12538K->12538K(699072K)
[29.094s][info][gc,metaspace   ] GC(189) Metaspace: 14794K(15360K)->14794K(15360K) NonClass: 13425K(13824K)->13425K(13824K) Class: 1369K(1536K)->1369K(1536K)
[29.094s][info][gc             ] GC(189) Pause Young (Allocation Failure) 288M->15M(989M) 1.555ms
[29.094s][info][gc,cpu         ] GC(189) User=0.00s Sys=0.00s Real=0.00s
[29.239s][info][gc,start       ] GC(190) Pause Young (Allocation Failure)
[29.239s][info][gc,task        ] GC(190) Using 6 workers of 6 for evacuation
[29.240s][info][gc,heap        ] GC(190) ParNew: 283228K->3177K(314560K)
[29.240s][info][gc,heap        ] GC(190) CMS: 12538K->12538K(699072K)
[29.240s][info][gc,metaspace   ] GC(190) Metaspace: 14794K(15360K)->14794K(15360K) NonClass: 13425K(13824K)->13425K(13824K) Class: 1369K(1536K)->1369K(1536K)
[29.240s][info][gc             ] GC(190) Pause Young (Allocation Failure) 288M->15M(989M) 1.401ms
[29.240s][info][gc,cpu         ] GC(190) User=0.00s Sys=0.00s Real=0.00s
[29.391s][info][gc,start       ] GC(191) Pause Young (Allocation Failure)
[29.391s][info][gc,task        ] GC(191) Using 6 workers of 6 for evacuation
[29.393s][info][gc,heap        ] GC(191) ParNew: 282793K->3313K(314560K)
[29.393s][info][gc,heap        ] GC(191) CMS: 12538K->12538K(699072K)
[29.393s][info][gc,metaspace   ] GC(191) Metaspace: 14794K(15360K)->14794K(15360K) NonClass: 13425K(13824K)->13425K(13824K) Class: 1369K(1536K)->1369K(1536K)
[29.393s][info][gc             ] GC(191) Pause Young (Allocation Failure) 288M->15M(989M) 1.452ms
[29.393s][info][gc,cpu         ] GC(191) User=0.00s Sys=0.00s Real=0.00s
[29.526s][info][gc,start       ] GC(192) Pause Young (Allocation Failure)
[29.526s][info][gc,task        ] GC(192) Using 6 workers of 6 for evacuation
[29.528s][info][gc,heap        ] GC(192) ParNew: 282929K->2062K(314560K)
[29.528s][info][gc,heap        ] GC(192) CMS: 12538K->12538K(699072K)
[29.528s][info][gc,metaspace   ] GC(192) Metaspace: 14794K(15360K)->14794K(15360K) NonClass: 13425K(13824K)->13425K(13824K) Class: 1369K(1536K)->1369K(1536K)
[29.528s][info][gc             ] GC(192) Pause Young (Allocation Failure) 288M->14M(989M) 1.451ms
[29.528s][info][gc,cpu         ] GC(192) User=0.00s Sys=0.00s Real=0.00s
[29.661s][info][gc,start       ] GC(193) Pause Young (Allocation Failure)
[29.661s][info][gc,task        ] GC(193) Using 6 workers of 6 for evacuation
[29.663s][info][gc,heap        ] GC(193) ParNew: 281678K->2903K(314560K)
[29.663s][info][gc,heap        ] GC(193) CMS: 12538K->12538K(699072K)
[29.663s][info][gc,metaspace   ] GC(193) Metaspace: 14794K(15360K)->14794K(15360K) NonClass: 13425K(13824K)->13425K(13824K) Class: 1369K(1536K)->1369K(1536K)
[29.663s][info][gc             ] GC(193) Pause Young (Allocation Failure) 287M->15M(989M) 1.383ms
[29.663s][info][gc,cpu         ] GC(193) User=0.00s Sys=0.00s Real=0.00s
[29.809s][info][gc,start       ] GC(194) Pause Young (Allocation Failure)
[29.809s][info][gc,task        ] GC(194) Using 6 workers of 6 for evacuation
[29.810s][info][gc,heap        ] GC(194) ParNew: 282519K->2912K(314560K)
[29.810s][info][gc,heap        ] GC(194) CMS: 12538K->12538K(699072K)
[29.810s][info][gc,metaspace   ] GC(194) Metaspace: 14794K(15360K)->14794K(15360K) NonClass: 13425K(13824K)->13425K(13824K) Class: 1369K(1536K)->1369K(1536K)
[29.810s][info][gc             ] GC(194) Pause Young (Allocation Failure) 288M->15M(989M) 1.369ms
[29.810s][info][gc,cpu         ] GC(194) User=0.00s Sys=0.00s Real=0.00s
[29.961s][info][gc,start       ] GC(195) Pause Young (Allocation Failure)
[29.961s][info][gc,task        ] GC(195) Using 6 workers of 6 for evacuation
[29.962s][info][gc,heap        ] GC(195) ParNew: 282528K->3192K(314560K)
[29.963s][info][gc,heap        ] GC(195) CMS: 12538K->12538K(699072K)
[29.963s][info][gc,metaspace   ] GC(195) Metaspace: 14794K(15360K)->14794K(15360K) NonClass: 13425K(13824K)->13425K(13824K) Class: 1369K(1536K)->1369K(1536K)
[29.963s][info][gc             ] GC(195) Pause Young (Allocation Failure) 288M->15M(989M) 1.715ms
[29.963s][info][gc,cpu         ] GC(195) User=0.00s Sys=0.00s Real=0.00s
[30.106s][info][gc,start       ] GC(196) Pause Young (Allocation Failure)
[30.106s][info][gc,task        ] GC(196) Using 6 workers of 6 for evacuation
[30.107s][info][gc,heap        ] GC(196) ParNew: 282808K->3062K(314560K)
[30.107s][info][gc,heap        ] GC(196) CMS: 12538K->12538K(699072K)
[30.107s][info][gc,metaspace   ] GC(196) Metaspace: 14794K(15360K)->14794K(15360K) NonClass: 13425K(13824K)->13425K(13824K) Class: 1369K(1536K)->1369K(1536K)
[30.107s][info][gc             ] GC(196) Pause Young (Allocation Failure) 288M->15M(989M) 1.452ms
[30.107s][info][gc,cpu         ] GC(196) User=0.00s Sys=0.00s Real=0.00s
[30.245s][info][gc,start       ] GC(197) Pause Young (Allocation Failure)
[30.245s][info][gc,task        ] GC(197) Using 6 workers of 6 for evacuation
[30.246s][info][gc,heap        ] GC(197) ParNew: 282678K->3120K(314560K)
[30.246s][info][gc,heap        ] GC(197) CMS: 12538K->12538K(699072K)
[30.246s][info][gc,metaspace   ] GC(197) Metaspace: 14794K(15360K)->14794K(15360K) NonClass: 13425K(13824K)->13425K(13824K) Class: 1369K(1536K)->1369K(1536K)
[30.246s][info][gc             ] GC(197) Pause Young (Allocation Failure) 288M->15M(989M) 1.396ms
[30.246s][info][gc,cpu         ] GC(197) User=0.00s Sys=0.00s Real=0.00s
[30.385s][info][gc,start       ] GC(198) Pause Young (Allocation Failure)
[30.386s][info][gc,task        ] GC(198) Using 6 workers of 6 for evacuation
[30.387s][info][gc,heap        ] GC(198) ParNew: 282736K->2033K(314560K)
[30.387s][info][gc,heap        ] GC(198) CMS: 12538K->12538K(699072K)
[30.387s][info][gc,metaspace   ] GC(198) Metaspace: 14794K(15360K)->14794K(15360K) NonClass: 13425K(13824K)->13425K(13824K) Class: 1369K(1536K)->1369K(1536K)
[30.387s][info][gc             ] GC(198) Pause Young (Allocation Failure) 288M->14M(989M) 1.265ms
[30.387s][info][gc,cpu         ] GC(198) User=0.00s Sys=0.00s Real=0.00s
[30.507s][info][gc,start       ] GC(199) Pause Young (Allocation Failure)
[30.507s][info][gc,task        ] GC(199) Using 6 workers of 6 for evacuation
[30.508s][info][gc,heap        ] GC(199) ParNew: 281649K->3428K(314560K)
[30.508s][info][gc,heap        ] GC(199) CMS: 12538K->12538K(699072K)
[30.508s][info][gc,metaspace   ] GC(199) Metaspace: 14794K(15360K)->14794K(15360K) NonClass: 13425K(13824K)->13425K(13824K) Class: 1369K(1536K)->1369K(1536K)
[30.509s][info][gc             ] GC(199) Pause Young (Allocation Failure) 287M->15M(989M) 1.478ms
[30.509s][info][gc,cpu         ] GC(199) User=0.00s Sys=0.00s Real=0.00s
[30.639s][info][gc,start       ] GC(200) Pause Young (Allocation Failure)
[30.639s][info][gc,task        ] GC(200) Using 6 workers of 6 for evacuation
[30.641s][info][gc,heap        ] GC(200) ParNew: 283044K->2960K(314560K)
[30.641s][info][gc,heap        ] GC(200) CMS: 12538K->12538K(699072K)
[30.641s][info][gc,metaspace   ] GC(200) Metaspace: 14794K(15360K)->14794K(15360K) NonClass: 13425K(13824K)->13425K(13824K) Class: 1369K(1536K)->1369K(1536K)
[30.641s][info][gc             ] GC(200) Pause Young (Allocation Failure) 288M->15M(989M) 1.374ms
[30.641s][info][gc,cpu         ] GC(200) User=0.00s Sys=0.00s Real=0.00s
[30.809s][info][gc,start       ] GC(201) Pause Full (System.gc())
[30.809s][info][gc,phases,start] GC(201) Phase 1: Mark live objects
[30.814s][info][gc,phases      ] GC(201) Phase 1: Mark live objects 4.234ms
[30.814s][info][gc,phases,start] GC(201) Phase 2: Compute new object addresses
[30.834s][info][gc,phases      ] GC(201) Phase 2: Compute new object addresses 20.524ms
[30.834s][info][gc,phases,start] GC(201) Phase 3: Adjust pointers
[30.837s][info][gc,phases      ] GC(201) Phase 3: Adjust pointers 2.657ms
[30.837s][info][gc,phases,start] GC(201) Phase 4: Move objects
[30.838s][info][gc,phases      ] GC(201) Phase 4: Move objects 0.913ms
[30.838s][info][gc,heap        ] GC(201) ParNew: 188110K->0K(314560K)
[30.838s][info][gc,heap        ] GC(201) CMS: 12538K->11643K(699072K)
[30.838s][info][gc,metaspace   ] GC(201) Metaspace: 14795K(15360K)->14795K(15360K) NonClass: 13425K(13824K)->13425K(13824K) Class: 1369K(1536K)->1369K(1536K)
[30.839s][info][gc             ] GC(201) Pause Full (System.gc()) 195M->11M(989M) 29.297ms
[30.839s][info][gc,cpu         ] GC(201) User=0.03s Sys=0.00s Real=0.03s
[30.950s][info][gc,start       ] GC(202) Pause Young (Allocation Failure)
[30.950s][info][gc,task        ] GC(202) Using 6 workers of 6 for evacuation
[30.951s][info][gc,heap        ] GC(202) ParNew: 279616K->4283K(314560K)
[30.951s][info][gc,heap        ] GC(202) CMS: 11643K->11643K(699072K)
[30.951s][info][gc,metaspace   ] GC(202) Metaspace: 14833K(15360K)->14833K(15360K) NonClass: 13464K(13824K)->13464K(13824K) Class: 1369K(1536K)->1369K(1536K)
[30.952s][info][gc             ] GC(202) Pause Young (Allocation Failure) 284M->15M(989M) 1.795ms
[30.952s][info][gc,cpu         ] GC(202) User=0.03s Sys=0.00s Real=0.00s
[31.052s][info][gc,start       ] GC(203) Pause Young (Allocation Failure)
[31.052s][info][gc,task        ] GC(203) Using 6 workers of 6 for evacuation
[31.054s][info][gc,heap        ] GC(203) ParNew: 283899K->4157K(314560K)
[31.054s][info][gc,heap        ] GC(203) CMS: 11643K->11643K(699072K)
[31.054s][info][gc,metaspace   ] GC(203) Metaspace: 14833K(15360K)->14833K(15360K) NonClass: 13464K(13824K)->13464K(13824K) Class: 1369K(1536K)->1369K(1536K)
[31.054s][info][gc             ] GC(203) Pause Young (Allocation Failure) 288M->15M(989M) 1.716ms
[31.054s][info][gc,cpu         ] GC(203) User=0.00s Sys=0.00s Real=0.00s
[31.158s][info][gc,start       ] GC(204) Pause Young (Allocation Failure)
[31.158s][info][gc,task        ] GC(204) Using 6 workers of 6 for evacuation
[31.160s][info][gc,heap        ] GC(204) ParNew: 283773K->4223K(314560K)
[31.160s][info][gc,heap        ] GC(204) CMS: 11643K->11643K(699072K)
[31.160s][info][gc,metaspace   ] GC(204) Metaspace: 14833K(15360K)->14833K(15360K) NonClass: 13464K(13824K)->13464K(13824K) Class: 1369K(1536K)->1369K(1536K)
[31.160s][info][gc             ] GC(204) Pause Young (Allocation Failure) 288M->15M(989M) 1.617ms
[31.160s][info][gc,cpu         ] GC(204) User=0.00s Sys=0.00s Real=0.00s
[31.263s][info][gc,start       ] GC(205) Pause Young (Allocation Failure)
[31.263s][info][gc,task        ] GC(205) Using 6 workers of 6 for evacuation
[31.264s][info][gc,heap        ] GC(205) ParNew: 283839K->4145K(314560K)
[31.264s][info][gc,heap        ] GC(205) CMS: 11643K->11643K(699072K)
[31.264s][info][gc,metaspace   ] GC(205) Metaspace: 14833K(15360K)->14833K(15360K) NonClass: 13464K(13824K)->13464K(13824K) Class: 1369K(1536K)->1369K(1536K)
[31.264s][info][gc             ] GC(205) Pause Young (Allocation Failure) 288M->15M(989M) 1.415ms
[31.264s][info][gc,cpu         ] GC(205) User=0.09s Sys=0.00s Real=0.00s
[31.367s][info][gc,start       ] GC(206) Pause Young (Allocation Failure)
[31.367s][info][gc,task        ] GC(206) Using 6 workers of 6 for evacuation
[31.368s][info][gc,heap        ] GC(206) ParNew: 283761K->4149K(314560K)
[31.368s][info][gc,heap        ] GC(206) CMS: 11643K->11643K(699072K)
[31.368s][info][gc,metaspace   ] GC(206) Metaspace: 14833K(15360K)->14833K(15360K) NonClass: 13464K(13824K)->13464K(13824K) Class: 1369K(1536K)->1369K(1536K)
[31.369s][info][gc             ] GC(206) Pause Young (Allocation Failure) 288M->15M(989M) 1.560ms
[31.369s][info][gc,cpu         ] GC(206) User=0.00s Sys=0.00s Real=0.00s
[31.473s][info][gc,start       ] GC(207) Pause Young (Allocation Failure)
[31.473s][info][gc,task        ] GC(207) Using 6 workers of 6 for evacuation
[31.474s][info][gc,heap        ] GC(207) ParNew: 283765K->4233K(314560K)
[31.474s][info][gc,heap        ] GC(207) CMS: 11643K->11643K(699072K)
[31.474s][info][gc,metaspace   ] GC(207) Metaspace: 14833K(15360K)->14833K(15360K) NonClass: 13464K(13824K)->13464K(13824K) Class: 1369K(1536K)->1369K(1536K)
[31.474s][info][gc             ] GC(207) Pause Young (Allocation Failure) 288M->15M(989M) 1.492ms
[31.474s][info][gc,cpu         ] GC(207) User=0.00s Sys=0.00s Real=0.00s
[31.630s][info][gc,start       ] GC(208) Pause Young (Allocation Failure)
[31.630s][info][gc,task        ] GC(208) Using 6 workers of 6 for evacuation
[31.631s][info][gc,heap        ] GC(208) ParNew: 283849K->3281K(314560K)
[31.631s][info][gc,heap        ] GC(208) CMS: 11643K->12541K(699072K)
[31.631s][info][gc,metaspace   ] GC(208) Metaspace: 14833K(15360K)->14833K(15360K) NonClass: 13464K(13824K)->13464K(13824K) Class: 1369K(1536K)->1369K(1536K)
[31.631s][info][gc             ] GC(208) Pause Young (Allocation Failure) 288M->15M(989M) 1.569ms
[31.631s][info][gc,cpu         ] GC(208) User=0.00s Sys=0.00s Real=0.00s
[31.780s][info][gc,start       ] GC(209) Pause Young (Allocation Failure)
[31.780s][info][gc,task        ] GC(209) Using 6 workers of 6 for evacuation
[31.781s][info][gc,heap        ] GC(209) ParNew: 282897K->2623K(314560K)
[31.781s][info][gc,heap        ] GC(209) CMS: 12541K->12541K(699072K)
[31.781s][info][gc,metaspace   ] GC(209) Metaspace: 14833K(15360K)->14833K(15360K) NonClass: 13464K(13824K)->13464K(13824K) Class: 1369K(1536K)->1369K(1536K)
[31.781s][info][gc             ] GC(209) Pause Young (Allocation Failure) 288M->14M(989M) 1.423ms
[31.781s][info][gc,cpu         ] GC(209) User=0.00s Sys=0.00s Real=0.00s
[31.920s][info][gc,start       ] GC(210) Pause Young (Allocation Failure)
[31.920s][info][gc,task        ] GC(210) Using 6 workers of 6 for evacuation
[31.921s][info][gc,heap        ] GC(210) ParNew: 282239K->3006K(314560K)
[31.921s][info][gc,heap        ] GC(210) CMS: 12541K->12541K(699072K)
[31.921s][info][gc,metaspace   ] GC(210) Metaspace: 14833K(15360K)->14833K(15360K) NonClass: 13464K(13824K)->13464K(13824K) Class: 1369K(1536K)->1369K(1536K)
[31.921s][info][gc             ] GC(210) Pause Young (Allocation Failure) 287M->15M(989M) 1.600ms
[31.921s][info][gc,cpu         ] GC(210) User=0.05s Sys=0.03s Real=0.00s
[32.048s][info][gc,start       ] GC(211) Pause Young (Allocation Failure)
[32.048s][info][gc,task        ] GC(211) Using 6 workers of 6 for evacuation
[32.050s][info][gc,heap        ] GC(211) ParNew: 282622K->3360K(314560K)
[32.050s][info][gc,heap        ] GC(211) CMS: 12541K->12541K(699072K)
[32.050s][info][gc,metaspace   ] GC(211) Metaspace: 14833K(15360K)->14833K(15360K) NonClass: 13464K(13824K)->13464K(13824K) Class: 1369K(1536K)->1369K(1536K)
[32.050s][info][gc             ] GC(211) Pause Young (Allocation Failure) 288M->15M(989M) 1.512ms
[32.050s][info][gc,cpu         ] GC(211) User=0.00s Sys=0.00s Real=0.00s
[32.172s][info][gc,start       ] GC(212) Pause Young (Allocation Failure)
[32.172s][info][gc,task        ] GC(212) Using 6 workers of 6 for evacuation
[32.173s][info][gc,heap        ] GC(212) ParNew: 282976K->2748K(314560K)
[32.173s][info][gc,heap        ] GC(212) CMS: 12541K->12541K(699072K)
[32.173s][info][gc,metaspace   ] GC(212) Metaspace: 14833K(15360K)->14833K(15360K) NonClass: 13464K(13824K)->13464K(13824K) Class: 1369K(1536K)->1369K(1536K)
[32.173s][info][gc             ] GC(212) Pause Young (Allocation Failure) 288M->14M(989M) 1.345ms
[32.173s][info][gc,cpu         ] GC(212) User=0.00s Sys=0.00s Real=0.00s
[32.295s][info][gc,start       ] GC(213) Pause Young (Allocation Failure)
[32.295s][info][gc,task        ] GC(213) Using 6 workers of 6 for evacuation
[32.296s][info][gc,heap        ] GC(213) ParNew: 282364K->2965K(314560K)
[32.296s][info][gc,heap        ] GC(213) CMS: 12541K->12541K(699072K)
[32.296s][info][gc,metaspace   ] GC(213) Metaspace: 14833K(15360K)->14833K(15360K) NonClass: 13464K(13824K)->13464K(13824K) Class: 1369K(1536K)->1369K(1536K)
[32.296s][info][gc             ] GC(213) Pause Young (Allocation Failure) 287M->15M(989M) 1.351ms
[32.296s][info][gc,cpu         ] GC(213) User=0.06s Sys=0.03s Real=0.00s
[32.427s][info][gc,start       ] GC(214) Pause Young (Allocation Failure)
[32.427s][info][gc,task        ] GC(214) Using 6 workers of 6 for evacuation
[32.428s][info][gc,heap        ] GC(214) ParNew: 282581K->2989K(314560K)
[32.428s][info][gc,heap        ] GC(214) CMS: 12541K->12541K(699072K)
[32.428s][info][gc,metaspace   ] GC(214) Metaspace: 14833K(15360K)->14833K(15360K) NonClass: 13464K(13824K)->13464K(13824K) Class: 1369K(1536K)->1369K(1536K)
[32.428s][info][gc             ] GC(214) Pause Young (Allocation Failure) 288M->15M(989M) 1.476ms
[32.428s][info][gc,cpu         ] GC(214) User=0.00s Sys=0.00s Real=0.00s
[32.581s][info][gc,start       ] GC(215) Pause Young (Allocation Failure)
[32.581s][info][gc,task        ] GC(215) Using 6 workers of 6 for evacuation
[32.583s][info][gc,heap        ] GC(215) ParNew: 282605K->3022K(314560K)
[32.583s][info][gc,heap        ] GC(215) CMS: 12541K->12541K(699072K)
[32.583s][info][gc,metaspace   ] GC(215) Metaspace: 14833K(15360K)->14833K(15360K) NonClass: 13464K(13824K)->13464K(13824K) Class: 1369K(1536K)->1369K(1536K)
[32.583s][info][gc             ] GC(215) Pause Young (Allocation Failure) 288M->15M(989M) 1.520ms
[32.583s][info][gc,cpu         ] GC(215) User=0.00s Sys=0.00s Real=0.00s
[32.738s][info][gc,start       ] GC(216) Pause Young (Allocation Failure)
[32.739s][info][gc,task        ] GC(216) Using 6 workers of 6 for evacuation
[32.740s][info][gc,heap        ] GC(216) ParNew: 282638K->2706K(314560K)
[32.740s][info][gc,heap        ] GC(216) CMS: 12541K->12541K(699072K)
[32.740s][info][gc,metaspace   ] GC(216) Metaspace: 14833K(15360K)->14833K(15360K) NonClass: 13464K(13824K)->13464K(13824K) Class: 1369K(1536K)->1369K(1536K)
[32.740s][info][gc             ] GC(216) Pause Young (Allocation Failure) 288M->14M(989M) 1.486ms
[32.740s][info][gc,cpu         ] GC(216) User=0.00s Sys=0.00s Real=0.00s
[32.889s][info][gc,start       ] GC(217) Pause Young (Allocation Failure)
[32.889s][info][gc,task        ] GC(217) Using 6 workers of 6 for evacuation
[32.890s][info][gc,heap        ] GC(217) ParNew: 282322K->3027K(314560K)
[32.891s][info][gc,heap        ] GC(217) CMS: 12541K->12541K(699072K)
[32.891s][info][gc,metaspace   ] GC(217) Metaspace: 14833K(15360K)->14833K(15360K) NonClass: 13464K(13824K)->13464K(13824K) Class: 1369K(1536K)->1369K(1536K)
[32.891s][info][gc             ] GC(217) Pause Young (Allocation Failure) 287M->15M(989M) 1.727ms
[32.891s][info][gc,cpu         ] GC(217) User=0.00s Sys=0.00s Real=0.00s
[33.037s][info][gc,start       ] GC(218) Pause Young (Allocation Failure)
[33.037s][info][gc,task        ] GC(218) Using 6 workers of 6 for evacuation
[33.039s][info][gc,heap        ] GC(218) ParNew: 282643K->3440K(314560K)
[33.039s][info][gc,heap        ] GC(218) CMS: 12541K->12541K(699072K)
[33.039s][info][gc,metaspace   ] GC(218) Metaspace: 14833K(15360K)->14833K(15360K) NonClass: 13464K(13824K)->13464K(13824K) Class: 1369K(1536K)->1369K(1536K)
[33.039s][info][gc             ] GC(218) Pause Young (Allocation Failure) 288M->15M(989M) 1.498ms
[33.039s][info][gc,cpu         ] GC(218) User=0.00s Sys=0.00s Real=0.00s
[33.180s][info][gc,start       ] GC(219) Pause Young (Allocation Failure)
[33.180s][info][gc,task        ] GC(219) Using 6 workers of 6 for evacuation
[33.182s][info][gc,heap        ] GC(219) ParNew: 283056K->3465K(314560K)
[33.182s][info][gc,heap        ] GC(219) CMS: 12541K->12541K(699072K)
[33.182s][info][gc,metaspace   ] GC(219) Metaspace: 14833K(15360K)->14833K(15360K) NonClass: 13464K(13824K)->13464K(13824K) Class: 1369K(1536K)->1369K(1536K)
[33.182s][info][gc             ] GC(219) Pause Young (Allocation Failure) 288M->15M(989M) 1.536ms
[33.182s][info][gc,cpu         ] GC(219) User=0.00s Sys=0.00s Real=0.00s
[33.313s][info][gc,start       ] GC(220) Pause Young (Allocation Failure)
[33.313s][info][gc,task        ] GC(220) Using 6 workers of 6 for evacuation
[33.315s][info][gc,heap        ] GC(220) ParNew: 283081K->2533K(314560K)
[33.315s][info][gc,heap        ] GC(220) CMS: 12541K->12541K(699072K)
[33.315s][info][gc,metaspace   ] GC(220) Metaspace: 14833K(15360K)->14833K(15360K) NonClass: 13464K(13824K)->13464K(13824K) Class: 1369K(1536K)->1369K(1536K)
[33.315s][info][gc             ] GC(220) Pause Young (Allocation Failure) 288M->14M(989M) 1.485ms
[33.315s][info][gc,cpu         ] GC(220) User=0.00s Sys=0.00s Real=0.00s
[33.445s][info][gc,start       ] GC(221) Pause Young (Allocation Failure)
[33.446s][info][gc,task        ] GC(221) Using 6 workers of 6 for evacuation
[33.447s][info][gc,heap        ] GC(221) ParNew: 282149K->3305K(314560K)
[33.447s][info][gc,heap        ] GC(221) CMS: 12541K->12541K(699072K)
[33.447s][info][gc,metaspace   ] GC(221) Metaspace: 14833K(15360K)->14833K(15360K) NonClass: 13464K(13824K)->13464K(13824K) Class: 1369K(1536K)->1369K(1536K)
[33.447s][info][gc             ] GC(221) Pause Young (Allocation Failure) 287M->15M(989M) 1.515ms
[33.447s][info][gc,cpu         ] GC(221) User=0.00s Sys=0.00s Real=0.00s
[33.569s][info][gc,start       ] GC(222) Pause Young (Allocation Failure)
[33.569s][info][gc,task        ] GC(222) Using 6 workers of 6 for evacuation
[33.570s][info][gc,heap        ] GC(222) ParNew: 282921K->2676K(314560K)
[33.570s][info][gc,heap        ] GC(222) CMS: 12541K->12541K(699072K)
[33.570s][info][gc,metaspace   ] GC(222) Metaspace: 14833K(15360K)->14833K(15360K) NonClass: 13464K(13824K)->13464K(13824K) Class: 1369K(1536K)->1369K(1536K)
[33.570s][info][gc             ] GC(222) Pause Young (Allocation Failure) 288M->14M(989M) 1.363ms
[33.570s][info][gc,cpu         ] GC(222) User=0.00s Sys=0.00s Real=0.00s
[33.692s][info][gc,start       ] GC(223) Pause Young (Allocation Failure)
[33.692s][info][gc,task        ] GC(223) Using 6 workers of 6 for evacuation
[33.693s][info][gc,heap        ] GC(223) ParNew: 282292K->3221K(314560K)
[33.693s][info][gc,heap        ] GC(223) CMS: 12541K->12541K(699072K)
[33.693s][info][gc,metaspace   ] GC(223) Metaspace: 14833K(15360K)->14833K(15360K) NonClass: 13464K(13824K)->13464K(13824K) Class: 1369K(1536K)->1369K(1536K)
[33.693s][info][gc             ] GC(223) Pause Young (Allocation Failure) 287M->15M(989M) 1.658ms
[33.693s][info][gc,cpu         ] GC(223) User=0.00s Sys=0.00s Real=0.00s
[33.797s][info][gc,start       ] GC(224) Pause Young (Allocation Failure)
[33.797s][info][gc,task        ] GC(224) Using 6 workers of 6 for evacuation
[33.798s][info][gc,heap        ] GC(224) ParNew: 282837K->2058K(314560K)
[33.798s][info][gc,heap        ] GC(224) CMS: 12541K->12541K(699072K)
[33.798s][info][gc,metaspace   ] GC(224) Metaspace: 14833K(15360K)->14833K(15360K) NonClass: 13464K(13824K)->13464K(13824K) Class: 1369K(1536K)->1369K(1536K)
[33.798s][info][gc             ] GC(224) Pause Young (Allocation Failure) 288M->14M(989M) 1.329ms
[33.798s][info][gc,cpu         ] GC(224) User=0.00s Sys=0.00s Real=0.00s
[33.894s][info][gc,start       ] GC(225) Pause Young (Allocation Failure)
[33.894s][info][gc,task        ] GC(225) Using 6 workers of 6 for evacuation
[33.896s][info][gc,heap        ] GC(225) ParNew: 281674K->2914K(314560K)
[33.896s][info][gc,heap        ] GC(225) CMS: 12541K->12541K(699072K)
[33.896s][info][gc,metaspace   ] GC(225) Metaspace: 14833K(15360K)->14833K(15360K) NonClass: 13464K(13824K)->13464K(13824K) Class: 1369K(1536K)->1369K(1536K)
[33.896s][info][gc             ] GC(225) Pause Young (Allocation Failure) 287M->15M(989M) 1.567ms
[33.896s][info][gc,cpu         ] GC(225) User=0.00s Sys=0.00s Real=0.00s
[34.000s][info][gc,start       ] GC(226) Pause Young (Allocation Failure)
[34.000s][info][gc,task        ] GC(226) Using 6 workers of 6 for evacuation
[34.002s][info][gc,heap        ] GC(226) ParNew: 282530K->3555K(314560K)
[34.002s][info][gc,heap        ] GC(226) CMS: 12541K->12541K(699072K)
[34.002s][info][gc,metaspace   ] GC(226) Metaspace: 14833K(15360K)->14833K(15360K) NonClass: 13464K(13824K)->13464K(13824K) Class: 1369K(1536K)->1369K(1536K)
[34.002s][info][gc             ] GC(226) Pause Young (Allocation Failure) 288M->15M(989M) 1.627ms
[34.002s][info][gc,cpu         ] GC(226) User=0.00s Sys=0.00s Real=0.00s
[34.131s][info][gc,start       ] GC(227) Pause Young (Allocation Failure)
[34.131s][info][gc,task        ] GC(227) Using 6 workers of 6 for evacuation
[34.132s][info][gc,heap        ] GC(227) ParNew: 283171K->3214K(314560K)
[34.132s][info][gc,heap        ] GC(227) CMS: 12541K->12541K(699072K)
[34.132s][info][gc,metaspace   ] GC(227) Metaspace: 14833K(15360K)->14833K(15360K) NonClass: 13464K(13824K)->13464K(13824K) Class: 1369K(1536K)->1369K(1536K)
[34.132s][info][gc             ] GC(227) Pause Young (Allocation Failure) 288M->15M(989M) 1.576ms
[34.132s][info][gc,cpu         ] GC(227) User=0.00s Sys=0.00s Real=0.00s
[34.246s][info][gc,start       ] GC(228) Pause Young (Allocation Failure)
[34.246s][info][gc,task        ] GC(228) Using 6 workers of 6 for evacuation
[34.247s][info][gc,heap        ] GC(228) ParNew: 282830K->2696K(314560K)
[34.247s][info][gc,heap        ] GC(228) CMS: 12541K->12541K(699072K)
[34.247s][info][gc,metaspace   ] GC(228) Metaspace: 14833K(15360K)->14833K(15360K) NonClass: 13464K(13824K)->13464K(13824K) Class: 1369K(1536K)->1369K(1536K)
[34.247s][info][gc             ] GC(228) Pause Young (Allocation Failure) 288M->14M(989M) 1.548ms
[34.247s][info][gc,cpu         ] GC(228) User=0.00s Sys=0.00s Real=0.00s
[34.384s][info][gc,start       ] GC(229) Pause Young (Allocation Failure)
[34.384s][info][gc,task        ] GC(229) Using 6 workers of 6 for evacuation
[34.385s][info][gc,heap        ] GC(229) ParNew: 282312K->2449K(314560K)
[34.386s][info][gc,heap        ] GC(229) CMS: 12541K->12541K(699072K)
[34.386s][info][gc,metaspace   ] GC(229) Metaspace: 14833K(15360K)->14833K(15360K) NonClass: 13464K(13824K)->13464K(13824K) Class: 1369K(1536K)->1369K(1536K)
[34.386s][info][gc             ] GC(229) Pause Young (Allocation Failure) 287M->14M(989M) 1.690ms
[34.386s][info][gc,cpu         ] GC(229) User=0.00s Sys=0.00s Real=0.00s
[34.510s][info][gc,start       ] GC(230) Pause Young (Allocation Failure)
[34.510s][info][gc,task        ] GC(230) Using 6 workers of 6 for evacuation
[34.512s][info][gc,heap        ] GC(230) ParNew: 282065K->2801K(314560K)
[34.512s][info][gc,heap        ] GC(230) CMS: 12541K->12541K(699072K)
[34.512s][info][gc,metaspace   ] GC(230) Metaspace: 14833K(15360K)->14833K(15360K) NonClass: 13464K(13824K)->13464K(13824K) Class: 1369K(1536K)->1369K(1536K)
[34.512s][info][gc             ] GC(230) Pause Young (Allocation Failure) 287M->14M(989M) 1.508ms
[34.512s][info][gc,cpu         ] GC(230) User=0.00s Sys=0.00s Real=0.00s
[34.612s][info][gc,start       ] GC(231) Pause Young (Allocation Failure)
[34.612s][info][gc,task        ] GC(231) Using 6 workers of 6 for evacuation
[34.614s][info][gc,heap        ] GC(231) ParNew: 282417K->3162K(314560K)
[34.614s][info][gc,heap        ] GC(231) CMS: 12541K->12541K(699072K)
[34.614s][info][gc,metaspace   ] GC(231) Metaspace: 14833K(15360K)->14833K(15360K) NonClass: 13464K(13824K)->13464K(13824K) Class: 1369K(1536K)->1369K(1536K)
[34.614s][info][gc             ] GC(231) Pause Young (Allocation Failure) 288M->15M(989M) 1.576ms
[34.614s][info][gc,cpu         ] GC(231) User=0.00s Sys=0.00s Real=0.00s
[34.736s][info][gc,start       ] GC(232) Pause Young (Allocation Failure)
[34.739s][info][gc,task        ] GC(232) Using 6 workers of 6 for evacuation
[34.740s][info][gc,heap        ] GC(232) ParNew: 282778K->2833K(314560K)
[34.740s][info][gc,heap        ] GC(232) CMS: 12541K->12541K(699072K)
[34.740s][info][gc,metaspace   ] GC(232) Metaspace: 14833K(15360K)->14833K(15360K) NonClass: 13464K(13824K)->13464K(13824K) Class: 1369K(1536K)->1369K(1536K)
[34.740s][info][gc             ] GC(232) Pause Young (Allocation Failure) 288M->15M(989M) 3.877ms
[34.740s][info][gc,cpu         ] GC(232) User=0.00s Sys=0.00s Real=0.01s
[34.899s][info][gc,start       ] GC(233) Pause Young (Allocation Failure)
[34.899s][info][gc,task        ] GC(233) Using 6 workers of 6 for evacuation
[34.900s][info][gc,heap        ] GC(233) ParNew: 282449K->3112K(314560K)
[34.901s][info][gc,heap        ] GC(233) CMS: 12541K->12541K(699072K)
[34.901s][info][gc,metaspace   ] GC(233) Metaspace: 14833K(15360K)->14833K(15360K) NonClass: 13464K(13824K)->13464K(13824K) Class: 1369K(1536K)->1369K(1536K)
[34.901s][info][gc             ] GC(233) Pause Young (Allocation Failure) 288M->15M(989M) 1.828ms
[34.901s][info][gc,cpu         ] GC(233) User=0.00s Sys=0.00s Real=0.00s
[35.066s][info][gc,start       ] GC(234) Pause Young (Allocation Failure)
[35.066s][info][gc,task        ] GC(234) Using 6 workers of 6 for evacuation
[35.067s][info][gc,heap        ] GC(234) ParNew: 282728K->2773K(314560K)
[35.067s][info][gc,heap        ] GC(234) CMS: 12541K->12541K(699072K)
[35.067s][info][gc,metaspace   ] GC(234) Metaspace: 14833K(15360K)->14833K(15360K) NonClass: 13464K(13824K)->13464K(13824K) Class: 1369K(1536K)->1369K(1536K)
[35.067s][info][gc             ] GC(234) Pause Young (Allocation Failure) 288M->14M(989M) 1.447ms
[35.067s][info][gc,cpu         ] GC(234) User=0.00s Sys=0.00s Real=0.00s
[35.220s][info][gc,start       ] GC(235) Pause Young (Allocation Failure)
[35.220s][info][gc,task        ] GC(235) Using 6 workers of 6 for evacuation
[35.222s][info][gc,heap        ] GC(235) ParNew: 282389K->3720K(314560K)
[35.222s][info][gc,heap        ] GC(235) CMS: 12541K->12541K(699072K)
[35.222s][info][gc,metaspace   ] GC(235) Metaspace: 14833K(15360K)->14833K(15360K) NonClass: 13464K(13824K)->13464K(13824K) Class: 1369K(1536K)->1369K(1536K)
[35.222s][info][gc             ] GC(235) Pause Young (Allocation Failure) 288M->15M(989M) 1.660ms
[35.222s][info][gc,cpu         ] GC(235) User=0.00s Sys=0.00s Real=0.00s
[35.361s][info][gc,start       ] GC(236) Pause Young (Allocation Failure)
[35.361s][info][gc,task        ] GC(236) Using 6 workers of 6 for evacuation
[35.362s][info][gc,heap        ] GC(236) ParNew: 283336K->2596K(314560K)
[35.362s][info][gc,heap        ] GC(236) CMS: 12541K->12541K(699072K)
[35.362s][info][gc,metaspace   ] GC(236) Metaspace: 14833K(15360K)->14833K(15360K) NonClass: 13464K(13824K)->13464K(13824K) Class: 1369K(1536K)->1369K(1536K)
[35.362s][info][gc             ] GC(236) Pause Young (Allocation Failure) 288M->14M(989M) 1.403ms
[35.362s][info][gc,cpu         ] GC(236) User=0.00s Sys=0.00s Real=0.00s
[35.491s][info][gc,start       ] GC(237) Pause Young (Allocation Failure)
[35.491s][info][gc,task        ] GC(237) Using 6 workers of 6 for evacuation
[35.492s][info][gc,heap        ] GC(237) ParNew: 282212K->3026K(314560K)
[35.492s][info][gc,heap        ] GC(237) CMS: 12541K->12541K(699072K)
[35.492s][info][gc,metaspace   ] GC(237) Metaspace: 14833K(15360K)->14833K(15360K) NonClass: 13464K(13824K)->13464K(13824K) Class: 1369K(1536K)->1369K(1536K)
[35.492s][info][gc             ] GC(237) Pause Young (Allocation Failure) 287M->15M(989M) 1.361ms
[35.492s][info][gc,cpu         ] GC(237) User=0.00s Sys=0.00s Real=0.00s
[35.615s][info][gc,start       ] GC(238) Pause Young (Allocation Failure)
[35.615s][info][gc,task        ] GC(238) Using 6 workers of 6 for evacuation
[35.617s][info][gc,heap        ] GC(238) ParNew: 282642K->2515K(314560K)
[35.617s][info][gc,heap        ] GC(238) CMS: 12541K->12541K(699072K)
[35.617s][info][gc,metaspace   ] GC(238) Metaspace: 14833K(15360K)->14833K(15360K) NonClass: 13464K(13824K)->13464K(13824K) Class: 1369K(1536K)->1369K(1536K)
[35.617s][info][gc             ] GC(238) Pause Young (Allocation Failure) 288M->14M(989M) 1.545ms
[35.617s][info][gc,cpu         ] GC(238) User=0.00s Sys=0.00s Real=0.00s
[35.759s][info][gc,start       ] GC(239) Pause Young (Allocation Failure)
[35.759s][info][gc,task        ] GC(239) Using 6 workers of 6 for evacuation
[35.761s][info][gc,heap        ] GC(239) ParNew: 282131K->2677K(314560K)
[35.761s][info][gc,heap        ] GC(239) CMS: 12541K->12541K(699072K)
[35.761s][info][gc,metaspace   ] GC(239) Metaspace: 14833K(15360K)->14833K(15360K) NonClass: 13464K(13824K)->13464K(13824K) Class: 1369K(1536K)->1369K(1536K)
[35.761s][info][gc             ] GC(239) Pause Young (Allocation Failure) 287M->14M(989M) 1.698ms
[35.761s][info][gc,cpu         ] GC(239) User=0.00s Sys=0.00s Real=0.00s
[35.911s][info][gc,start       ] GC(240) Pause Young (Allocation Failure)
[35.911s][info][gc,task        ] GC(240) Using 6 workers of 6 for evacuation
[35.913s][info][gc,heap        ] GC(240) ParNew: 282293K->3062K(314560K)
[35.913s][info][gc,heap        ] GC(240) CMS: 12541K->12541K(699072K)
[35.913s][info][gc,metaspace   ] GC(240) Metaspace: 14833K(15360K)->14833K(15360K) NonClass: 13464K(13824K)->13464K(13824K) Class: 1369K(1536K)->1369K(1536K)
[35.913s][info][gc             ] GC(240) Pause Young (Allocation Failure) 287M->15M(989M) 2.017ms
[35.913s][info][gc,cpu         ] GC(240) User=0.00s Sys=0.00s Real=0.00s
[36.065s][info][gc,start       ] GC(241) Pause Young (Allocation Failure)
[36.065s][info][gc,task        ] GC(241) Using 6 workers of 6 for evacuation
[36.067s][info][gc,heap        ] GC(241) ParNew: 282678K->3465K(314560K)
[36.067s][info][gc,heap        ] GC(241) CMS: 12541K->12541K(699072K)
[36.067s][info][gc,metaspace   ] GC(241) Metaspace: 14833K(15360K)->14833K(15360K) NonClass: 13464K(13824K)->13464K(13824K) Class: 1369K(1536K)->1369K(1536K)
[36.067s][info][gc             ] GC(241) Pause Young (Allocation Failure) 288M->15M(989M) 1.576ms
[36.067s][info][gc,cpu         ] GC(241) User=0.00s Sys=0.00s Real=0.00s
[36.222s][info][gc,start       ] GC(242) Pause Young (Allocation Failure)
[36.223s][info][gc,task        ] GC(242) Using 6 workers of 6 for evacuation
[36.224s][info][gc,heap        ] GC(242) ParNew: 283081K->3526K(314560K)
[36.224s][info][gc,heap        ] GC(242) CMS: 12541K->12541K(699072K)
[36.224s][info][gc,metaspace   ] GC(242) Metaspace: 14833K(15360K)->14833K(15360K) NonClass: 13464K(13824K)->13464K(13824K) Class: 1369K(1536K)->1369K(1536K)
[36.224s][info][gc             ] GC(242) Pause Young (Allocation Failure) 288M->15M(989M) 1.704ms
[36.224s][info][gc,cpu         ] GC(242) User=0.00s Sys=0.00s Real=0.00s
[36.368s][info][gc,start       ] GC(243) Pause Young (Allocation Failure)
[36.368s][info][gc,task        ] GC(243) Using 6 workers of 6 for evacuation
[36.369s][info][gc,heap        ] GC(243) ParNew: 283142K->2625K(314560K)
[36.369s][info][gc,heap        ] GC(243) CMS: 12541K->12541K(699072K)
[36.369s][info][gc,metaspace   ] GC(243) Metaspace: 14833K(15360K)->14833K(15360K) NonClass: 13464K(13824K)->13464K(13824K) Class: 1369K(1536K)->1369K(1536K)
[36.369s][info][gc             ] GC(243) Pause Young (Allocation Failure) 288M->14M(989M) 1.544ms
[36.369s][info][gc,cpu         ] GC(243) User=0.00s Sys=0.00s Real=0.00s
[36.509s][info][gc,start       ] GC(244) Pause Young (Allocation Failure)
[36.509s][info][gc,task        ] GC(244) Using 6 workers of 6 for evacuation
[36.510s][info][gc,heap        ] GC(244) ParNew: 282241K->2641K(314560K)
[36.510s][info][gc,heap        ] GC(244) CMS: 12541K->12541K(699072K)
[36.510s][info][gc,metaspace   ] GC(244) Metaspace: 14833K(15360K)->14833K(15360K) NonClass: 13464K(13824K)->13464K(13824K) Class: 1369K(1536K)->1369K(1536K)
[36.510s][info][gc             ] GC(244) Pause Young (Allocation Failure) 287M->14M(989M) 1.509ms
[36.510s][info][gc,cpu         ] GC(244) User=0.00s Sys=0.00s Real=0.00s
[36.648s][info][gc,start       ] GC(245) Pause Young (Allocation Failure)
[36.648s][info][gc,task        ] GC(245) Using 6 workers of 6 for evacuation
[36.649s][info][gc,heap        ] GC(245) ParNew: 282257K->3332K(314560K)
[36.649s][info][gc,heap        ] GC(245) CMS: 12541K->12541K(699072K)
[36.649s][info][gc,metaspace   ] GC(245) Metaspace: 14833K(15360K)->14833K(15360K) NonClass: 13464K(13824K)->13464K(13824K) Class: 1369K(1536K)->1369K(1536K)
[36.649s][info][gc             ] GC(245) Pause Young (Allocation Failure) 287M->15M(989M) 1.477ms
[36.649s][info][gc,cpu         ] GC(245) User=0.00s Sys=0.00s Real=0.00s
[36.775s][info][gc,start       ] GC(246) Pause Young (Allocation Failure)
[36.775s][info][gc,task        ] GC(246) Using 6 workers of 6 for evacuation
[36.776s][info][gc,heap        ] GC(246) ParNew: 282948K->3059K(314560K)
[36.776s][info][gc,heap        ] GC(246) CMS: 12541K->12541K(699072K)
[36.776s][info][gc,metaspace   ] GC(246) Metaspace: 14833K(15360K)->14833K(15360K) NonClass: 13464K(13824K)->13464K(13824K) Class: 1369K(1536K)->1369K(1536K)
[36.776s][info][gc             ] GC(246) Pause Young (Allocation Failure) 288M->15M(989M) 1.484ms
[36.776s][info][gc,cpu         ] GC(246) User=0.00s Sys=0.00s Real=0.00s
[36.919s][info][gc,start       ] GC(247) Pause Young (Allocation Failure)
[36.919s][info][gc,task        ] GC(247) Using 6 workers of 6 for evacuation
[36.921s][info][gc,heap        ] GC(247) ParNew: 282675K->3340K(314560K)
[36.921s][info][gc,heap        ] GC(247) CMS: 12541K->12541K(699072K)
[36.921s][info][gc,metaspace   ] GC(247) Metaspace: 14833K(15360K)->14833K(15360K) NonClass: 13464K(13824K)->13464K(13824K) Class: 1369K(1536K)->1369K(1536K)
[36.921s][info][gc             ] GC(247) Pause Young (Allocation Failure) 288M->15M(989M) 1.690ms
[36.921s][info][gc,cpu         ] GC(247) User=0.00s Sys=0.08s Real=0.00s
[37.063s][info][gc,start       ] GC(248) Pause Young (Allocation Failure)
[37.063s][info][gc,task        ] GC(248) Using 6 workers of 6 for evacuation
[37.065s][info][gc,heap        ] GC(248) ParNew: 282956K->3056K(314560K)
[37.065s][info][gc,heap        ] GC(248) CMS: 12541K->12541K(699072K)
[37.065s][info][gc,metaspace   ] GC(248) Metaspace: 14833K(15360K)->14833K(15360K) NonClass: 13464K(13824K)->13464K(13824K) Class: 1369K(1536K)->1369K(1536K)
[37.065s][info][gc             ] GC(248) Pause Young (Allocation Failure) 288M->15M(989M) 1.550ms
[37.065s][info][gc,cpu         ] GC(248) User=0.00s Sys=0.00s Real=0.00s
[37.196s][info][gc,start       ] GC(249) Pause Young (Allocation Failure)
[37.196s][info][gc,task        ] GC(249) Using 6 workers of 6 for evacuation
[37.197s][info][gc,heap        ] GC(249) ParNew: 282672K->2746K(314560K)
[37.197s][info][gc,heap        ] GC(249) CMS: 12541K->12541K(699072K)
[37.197s][info][gc,metaspace   ] GC(249) Metaspace: 14833K(15360K)->14833K(15360K) NonClass: 13464K(13824K)->13464K(13824K) Class: 1369K(1536K)->1369K(1536K)
[37.197s][info][gc             ] GC(249) Pause Young (Allocation Failure) 288M->14M(989M) 1.352ms
[37.197s][info][gc,cpu         ] GC(249) User=0.00s Sys=0.00s Real=0.00s
[37.298s][info][gc,start       ] GC(250) Pause Young (Allocation Failure)
[37.298s][info][gc,task        ] GC(250) Using 6 workers of 6 for evacuation
[37.299s][info][gc,heap        ] GC(250) ParNew: 282362K->2950K(314560K)
[37.299s][info][gc,heap        ] GC(250) CMS: 12541K->12541K(699072K)
[37.299s][info][gc,metaspace   ] GC(250) Metaspace: 14833K(15360K)->14833K(15360K) NonClass: 13464K(13824K)->13464K(13824K) Class: 1369K(1536K)->1369K(1536K)
[37.299s][info][gc             ] GC(250) Pause Young (Allocation Failure) 287M->15M(989M) 1.381ms
[37.299s][info][gc,cpu         ] GC(250) User=0.00s Sys=0.00s Real=0.00s
[37.407s][info][gc,start       ] GC(251) Pause Young (Allocation Failure)
[37.407s][info][gc,task        ] GC(251) Using 6 workers of 6 for evacuation
[37.408s][info][gc,heap        ] GC(251) ParNew: 282566K->3245K(314560K)
[37.408s][info][gc,heap        ] GC(251) CMS: 12541K->12541K(699072K)
[37.408s][info][gc,metaspace   ] GC(251) Metaspace: 14833K(15360K)->14833K(15360K) NonClass: 13464K(13824K)->13464K(13824K) Class: 1369K(1536K)->1369K(1536K)
[37.408s][info][gc             ] GC(251) Pause Young (Allocation Failure) 288M->15M(989M) 1.620ms
[37.408s][info][gc,cpu         ] GC(251) User=0.00s Sys=0.00s Real=0.00s
[37.507s][info][gc,start       ] GC(252) Pause Young (Allocation Failure)
[37.509s][info][gc,task        ] GC(252) Using 6 workers of 6 for evacuation
[37.511s][info][gc,heap        ] GC(252) ParNew: 282861K->3045K(314560K)
[37.511s][info][gc,heap        ] GC(252) CMS: 12541K->12541K(699072K)
[37.511s][info][gc,metaspace   ] GC(252) Metaspace: 14833K(15360K)->14833K(15360K) NonClass: 13464K(13824K)->13464K(13824K) Class: 1369K(1536K)->1369K(1536K)
[37.511s][info][gc             ] GC(252) Pause Young (Allocation Failure) 288M->15M(989M) 4.131ms
[37.511s][info][gc,cpu         ] GC(252) User=0.00s Sys=0.00s Real=0.00s
[37.623s][info][gc,start       ] GC(253) Pause Young (Allocation Failure)
[37.623s][info][gc,task        ] GC(253) Using 6 workers of 6 for evacuation
[37.625s][info][gc,heap        ] GC(253) ParNew: 282661K->3698K(314560K)
[37.625s][info][gc,heap        ] GC(253) CMS: 12541K->12541K(699072K)
[37.625s][info][gc,metaspace   ] GC(253) Metaspace: 14833K(15360K)->14833K(15360K) NonClass: 13464K(13824K)->13464K(13824K) Class: 1369K(1536K)->1369K(1536K)
[37.625s][info][gc             ] GC(253) Pause Young (Allocation Failure) 288M->15M(989M) 1.472ms
[37.625s][info][gc,cpu         ] GC(253) User=0.00s Sys=0.00s Real=0.00s
[37.756s][info][gc,start       ] GC(254) Pause Young (Allocation Failure)
[37.756s][info][gc,task        ] GC(254) Using 6 workers of 6 for evacuation
[37.757s][info][gc,heap        ] GC(254) ParNew: 283314K->2616K(314560K)
[37.758s][info][gc,heap        ] GC(254) CMS: 12541K->12541K(699072K)
[37.758s][info][gc,metaspace   ] GC(254) Metaspace: 14833K(15360K)->14833K(15360K) NonClass: 13464K(13824K)->13464K(13824K) Class: 1369K(1536K)->1369K(1536K)
[37.758s][info][gc             ] GC(254) Pause Young (Allocation Failure) 288M->14M(989M) 1.442ms
[37.758s][info][gc,cpu         ] GC(254) User=0.00s Sys=0.00s Real=0.00s
[37.902s][info][gc,start       ] GC(255) Pause Young (Allocation Failure)
[37.902s][info][gc,task        ] GC(255) Using 6 workers of 6 for evacuation
[37.904s][info][gc,heap        ] GC(255) ParNew: 282232K->2886K(314560K)
[37.904s][info][gc,heap        ] GC(255) CMS: 12541K->12541K(699072K)
[37.904s][info][gc,metaspace   ] GC(255) Metaspace: 14833K(15360K)->14833K(15360K) NonClass: 13464K(13824K)->13464K(13824K) Class: 1369K(1536K)->1369K(1536K)
[37.904s][info][gc             ] GC(255) Pause Young (Allocation Failure) 287M->15M(989M) 1.803ms
[37.904s][info][gc,cpu         ] GC(255) User=0.00s Sys=0.00s Real=0.00s
[38.044s][info][gc,start       ] GC(256) Pause Young (Allocation Failure)
[38.044s][info][gc,task        ] GC(256) Using 6 workers of 6 for evacuation
[38.046s][info][gc,heap        ] GC(256) ParNew: 282502K->3352K(314560K)
[38.046s][info][gc,heap        ] GC(256) CMS: 12541K->12541K(699072K)
[38.046s][info][gc,metaspace   ] GC(256) Metaspace: 14833K(15360K)->14833K(15360K) NonClass: 13464K(13824K)->13464K(13824K) Class: 1369K(1536K)->1369K(1536K)
[38.046s][info][gc             ] GC(256) Pause Young (Allocation Failure) 288M->15M(989M) 1.494ms
[38.046s][info][gc,cpu         ] GC(256) User=0.09s Sys=0.00s Real=0.00s
[38.193s][info][gc,start       ] GC(257) Pause Young (Allocation Failure)
[38.193s][info][gc,task        ] GC(257) Using 6 workers of 6 for evacuation
[38.195s][info][gc,heap        ] GC(257) ParNew: 282968K->2511K(314560K)
[38.195s][info][gc,heap        ] GC(257) CMS: 12541K->12541K(699072K)
[38.195s][info][gc,metaspace   ] GC(257) Metaspace: 14833K(15360K)->14833K(15360K) NonClass: 13464K(13824K)->13464K(13824K) Class: 1369K(1536K)->1369K(1536K)
[38.195s][info][gc             ] GC(257) Pause Young (Allocation Failure) 288M->14M(989M) 1.407ms
[38.195s][info][gc,cpu         ] GC(257) User=0.00s Sys=0.00s Real=0.00s
[38.343s][info][gc,start       ] GC(258) Pause Young (Allocation Failure)
[38.343s][info][gc,task        ] GC(258) Using 6 workers of 6 for evacuation
[38.345s][info][gc,heap        ] GC(258) ParNew: 282127K->3392K(314560K)
[38.345s][info][gc,heap        ] GC(258) CMS: 12541K->12541K(699072K)
[38.345s][info][gc,metaspace   ] GC(258) Metaspace: 14833K(15360K)->14833K(15360K) NonClass: 13464K(13824K)->13464K(13824K) Class: 1369K(1536K)->1369K(1536K)
[38.345s][info][gc             ] GC(258) Pause Young (Allocation Failure) 287M->15M(989M) 1.418ms
[38.345s][info][gc,cpu         ] GC(258) User=0.00s Sys=0.00s Real=0.00s
[38.473s][info][gc,start       ] GC(259) Pause Young (Allocation Failure)
[38.473s][info][gc,task        ] GC(259) Using 6 workers of 6 for evacuation
[38.474s][info][gc,heap        ] GC(259) ParNew: 283008K->3048K(314560K)
[38.474s][info][gc,heap        ] GC(259) CMS: 12541K->12541K(699072K)
[38.474s][info][gc,metaspace   ] GC(259) Metaspace: 14833K(15360K)->14833K(15360K) NonClass: 13464K(13824K)->13464K(13824K) Class: 1369K(1536K)->1369K(1536K)
[38.474s][info][gc             ] GC(259) Pause Young (Allocation Failure) 288M->15M(989M) 1.417ms
[38.474s][info][gc,cpu         ] GC(259) User=0.00s Sys=0.00s Real=0.00s
[38.599s][info][gc,start       ] GC(260) Pause Young (Allocation Failure)
[38.600s][info][gc,task        ] GC(260) Using 6 workers of 6 for evacuation
[38.601s][info][gc,heap        ] GC(260) ParNew: 282664K->3741K(314560K)
[38.601s][info][gc,heap        ] GC(260) CMS: 12541K->12541K(699072K)
[38.601s][info][gc,metaspace   ] GC(260) Metaspace: 14833K(15360K)->14833K(15360K) NonClass: 13464K(13824K)->13464K(13824K) Class: 1369K(1536K)->1369K(1536K)
[38.601s][info][gc             ] GC(260) Pause Young (Allocation Failure) 288M->15M(989M) 1.422ms
[38.601s][info][gc,cpu         ] GC(260) User=0.00s Sys=0.00s Real=0.00s
[38.740s][info][gc,start       ] GC(261) Pause Young (Allocation Failure)
[38.740s][info][gc,task        ] GC(261) Using 6 workers of 6 for evacuation
[38.741s][info][gc,heap        ] GC(261) ParNew: 283357K->2420K(314560K)
[38.741s][info][gc,heap        ] GC(261) CMS: 12541K->12541K(699072K)
[38.741s][info][gc,metaspace   ] GC(261) Metaspace: 14833K(15360K)->14833K(15360K) NonClass: 13464K(13824K)->13464K(13824K) Class: 1369K(1536K)->1369K(1536K)
[38.741s][info][gc             ] GC(261) Pause Young (Allocation Failure) 288M->14M(989M) 1.499ms
[38.741s][info][gc,cpu         ] GC(261) User=0.00s Sys=0.00s Real=0.00s
[38.904s][info][gc,start       ] GC(262) Pause Young (Allocation Failure)
[38.904s][info][gc,task        ] GC(262) Using 6 workers of 6 for evacuation
[38.906s][info][gc,heap        ] GC(262) ParNew: 282036K->2979K(314560K)
[38.906s][info][gc,heap        ] GC(262) CMS: 12541K->12541K(699072K)
[38.906s][info][gc,metaspace   ] GC(262) Metaspace: 14833K(15360K)->14833K(15360K) NonClass: 13464K(13824K)->13464K(13824K) Class: 1369K(1536K)->1369K(1536K)
[38.906s][info][gc             ] GC(262) Pause Young (Allocation Failure) 287M->15M(989M) 1.638ms
[38.906s][info][gc,cpu         ] GC(262) User=0.02s Sys=0.00s Real=0.00s
[39.044s][info][gc,start       ] GC(263) Pause Young (Allocation Failure)
[39.044s][info][gc,task        ] GC(263) Using 6 workers of 6 for evacuation
[39.045s][info][gc,heap        ] GC(263) ParNew: 282595K->2339K(314560K)
[39.045s][info][gc,heap        ] GC(263) CMS: 12541K->12541K(699072K)
[39.045s][info][gc,metaspace   ] GC(263) Metaspace: 14833K(15360K)->14833K(15360K) NonClass: 13464K(13824K)->13464K(13824K) Class: 1369K(1536K)->1369K(1536K)
[39.045s][info][gc             ] GC(263) Pause Young (Allocation Failure) 288M->14M(989M) 1.328ms
[39.045s][info][gc,cpu         ] GC(263) User=0.06s Sys=0.03s Real=0.00s
[39.184s][info][gc,start       ] GC(264) Pause Young (Allocation Failure)
[39.185s][info][gc,task        ] GC(264) Using 6 workers of 6 for evacuation
[39.186s][info][gc,heap        ] GC(264) ParNew: 281955K->2928K(314560K)
[39.186s][info][gc,heap        ] GC(264) CMS: 12541K->12541K(699072K)
[39.186s][info][gc,metaspace   ] GC(264) Metaspace: 14833K(15360K)->14833K(15360K) NonClass: 13464K(13824K)->13464K(13824K) Class: 1369K(1536K)->1369K(1536K)
[39.186s][info][gc             ] GC(264) Pause Young (Allocation Failure) 287M->15M(989M) 1.445ms
[39.186s][info][gc,cpu         ] GC(264) User=0.06s Sys=0.03s Real=0.00s
[39.320s][info][gc,start       ] GC(265) Pause Young (Allocation Failure)
[39.320s][info][gc,task        ] GC(265) Using 6 workers of 6 for evacuation
[39.321s][info][gc,heap        ] GC(265) ParNew: 282544K->1888K(314560K)
[39.321s][info][gc,heap        ] GC(265) CMS: 12541K->12541K(699072K)
[39.321s][info][gc,metaspace   ] GC(265) Metaspace: 14833K(15360K)->14833K(15360K) NonClass: 13464K(13824K)->13464K(13824K) Class: 1369K(1536K)->1369K(1536K)
[39.321s][info][gc             ] GC(265) Pause Young (Allocation Failure) 288M->14M(989M) 1.350ms
[39.321s][info][gc,cpu         ] GC(265) User=0.00s Sys=0.00s Real=0.00s
[39.452s][info][gc,start       ] GC(266) Pause Young (Allocation Failure)
[39.452s][info][gc,task        ] GC(266) Using 6 workers of 6 for evacuation
[39.453s][info][gc,heap        ] GC(266) ParNew: 281504K->3252K(314560K)
[39.453s][info][gc,heap        ] GC(266) CMS: 12541K->12541K(699072K)
[39.453s][info][gc,metaspace   ] GC(266) Metaspace: 14833K(15360K)->14833K(15360K) NonClass: 13464K(13824K)->13464K(13824K) Class: 1369K(1536K)->1369K(1536K)
[39.453s][info][gc             ] GC(266) Pause Young (Allocation Failure) 287M->15M(989M) 1.432ms
[39.453s][info][gc,cpu         ] GC(266) User=0.00s Sys=0.00s Real=0.00s
[39.575s][info][gc,start       ] GC(267) Pause Young (Allocation Failure)
[39.575s][info][gc,task        ] GC(267) Using 6 workers of 6 for evacuation
[39.576s][info][gc,heap        ] GC(267) ParNew: 282868K->2011K(314560K)
[39.576s][info][gc,heap        ] GC(267) CMS: 12541K->12541K(699072K)
[39.576s][info][gc,metaspace   ] GC(267) Metaspace: 14833K(15360K)->14833K(15360K) NonClass: 13464K(13824K)->13464K(13824K) Class: 1369K(1536K)->1369K(1536K)
[39.576s][info][gc             ] GC(267) Pause Young (Allocation Failure) 288M->14M(989M) 1.348ms
[39.576s][info][gc,cpu         ] GC(267) User=0.00s Sys=0.00s Real=0.00s
[39.719s][info][gc,start       ] GC(268) Pause Full (System.gc())
[39.720s][info][gc,phases,start] GC(268) Phase 1: Mark live objects
[39.724s][info][gc,phases      ] GC(268) Phase 1: Mark live objects 4.100ms
[39.724s][info][gc,phases,start] GC(268) Phase 2: Compute new object addresses
[39.744s][info][gc,phases      ] GC(268) Phase 2: Compute new object addresses 20.332ms
[39.744s][info][gc,phases,start] GC(268) Phase 3: Adjust pointers
[39.747s][info][gc,phases      ] GC(268) Phase 3: Adjust pointers 2.722ms
[39.747s][info][gc,phases,start] GC(268) Phase 4: Move objects
[39.748s][info][gc,phases      ] GC(268) Phase 4: Move objects 0.980ms
[39.748s][info][gc,heap        ] GC(268) ParNew: 180196K->0K(314560K)
[39.748s][info][gc,heap        ] GC(268) CMS: 12541K->11644K(699072K)
[39.748s][info][gc,metaspace   ] GC(268) Metaspace: 14834K(15360K)->14834K(15360K) NonClass: 13465K(13824K)->13465K(13824K) Class: 1369K(1536K)->1369K(1536K)
[39.749s][info][gc             ] GC(268) Pause Full (System.gc()) 188M->11M(989M) 29.164ms
[39.749s][info][gc,cpu         ] GC(268) User=0.02s Sys=0.00s Real=0.01s
[39.847s][info][gc,start       ] GC(269) Pause Young (Allocation Failure)
[39.847s][info][gc,task        ] GC(269) Using 6 workers of 6 for evacuation
[39.848s][info][gc,heap        ] GC(269) ParNew: 279616K->3848K(314560K)
[39.848s][info][gc,heap        ] GC(269) CMS: 11644K->11644K(699072K)
[39.848s][info][gc,metaspace   ] GC(269) Metaspace: 14858K(15360K)->14858K(15360K) NonClass: 13489K(13824K)->13489K(13824K) Class: 1369K(1536K)->1369K(1536K)
[39.848s][info][gc             ] GC(269) Pause Young (Allocation Failure) 284M->15M(989M) 1.560ms
[39.848s][info][gc,cpu         ] GC(269) User=0.00s Sys=0.00s Real=0.00s
[40.006s][info][gc,start       ] GC(270) Pause Young (Allocation Failure)
[40.006s][info][gc,task        ] GC(270) Using 6 workers of 6 for evacuation
[40.008s][info][gc,heap        ] GC(270) ParNew: 283464K->3938K(314560K)
[40.008s][info][gc,heap        ] GC(270) CMS: 11644K->11644K(699072K)
[40.008s][info][gc,metaspace   ] GC(270) Metaspace: 14858K(15360K)->14858K(15360K) NonClass: 13489K(13824K)->13489K(13824K) Class: 1369K(1536K)->1369K(1536K)
[40.008s][info][gc             ] GC(270) Pause Young (Allocation Failure) 288M->15M(989M) 1.498ms
[40.008s][info][gc,cpu         ] GC(270) User=0.00s Sys=0.00s Real=0.00s
[40.158s][info][gc,start       ] GC(271) Pause Young (Allocation Failure)
[40.158s][info][gc,task        ] GC(271) Using 6 workers of 6 for evacuation
[40.159s][info][gc,heap        ] GC(271) ParNew: 283554K->3895K(314560K)
[40.159s][info][gc,heap        ] GC(271) CMS: 11644K->11644K(699072K)
[40.159s][info][gc,metaspace   ] GC(271) Metaspace: 14858K(15360K)->14858K(15360K) NonClass: 13489K(13824K)->13489K(13824K) Class: 1369K(1536K)->1369K(1536K)
[40.159s][info][gc             ] GC(271) Pause Young (Allocation Failure) 288M->15M(989M) 1.637ms
[40.159s][info][gc,cpu         ] GC(271) User=0.00s Sys=0.00s Real=0.00s
[40.280s][info][gc,start       ] GC(272) Pause Young (Allocation Failure)
[40.280s][info][gc,task        ] GC(272) Using 6 workers of 6 for evacuation
[40.281s][info][gc,heap        ] GC(272) ParNew: 283511K->4363K(314560K)
[40.282s][info][gc,heap        ] GC(272) CMS: 11644K->11644K(699072K)
[40.282s][info][gc,metaspace   ] GC(272) Metaspace: 14858K(15360K)->14858K(15360K) NonClass: 13489K(13824K)->13489K(13824K) Class: 1369K(1536K)->1369K(1536K)
[40.282s][info][gc             ] GC(272) Pause Young (Allocation Failure) 288M->15M(989M) 1.483ms
[40.282s][info][gc,cpu         ] GC(272) User=0.00s Sys=0.00s Real=0.00s
[40.406s][info][gc,start       ] GC(273) Pause Young (Allocation Failure)
[40.406s][info][gc,task        ] GC(273) Using 6 workers of 6 for evacuation
[40.408s][info][gc,heap        ] GC(273) ParNew: 283979K->3826K(314560K)
[40.408s][info][gc,heap        ] GC(273) CMS: 11644K->11644K(699072K)
[40.408s][info][gc,metaspace   ] GC(273) Metaspace: 14858K(15360K)->14858K(15360K) NonClass: 13489K(13824K)->13489K(13824K) Class: 1369K(1536K)->1369K(1536K)
[40.408s][info][gc             ] GC(273) Pause Young (Allocation Failure) 288M->15M(989M) 1.566ms
[40.408s][info][gc,cpu         ] GC(273) User=0.00s Sys=0.00s Real=0.00s
[40.566s][info][gc,start       ] GC(274) Pause Young (Allocation Failure)
[40.566s][info][gc,task        ] GC(274) Using 6 workers of 6 for evacuation
[40.568s][info][gc,heap        ] GC(274) ParNew: 283442K->4694K(314560K)
[40.568s][info][gc,heap        ] GC(274) CMS: 11644K->11644K(699072K)
[40.568s][info][gc,metaspace   ] GC(274) Metaspace: 14858K(15360K)->14858K(15360K) NonClass: 13489K(13824K)->13489K(13824K) Class: 1369K(1536K)->1369K(1536K)
[40.568s][info][gc             ] GC(274) Pause Young (Allocation Failure) 288M->15M(989M) 1.759ms
[40.568s][info][gc,cpu         ] GC(274) User=0.00s Sys=0.00s Real=0.00s
[40.735s][info][gc,start       ] GC(275) Pause Young (Allocation Failure)
[40.735s][info][gc,task        ] GC(275) Using 6 workers of 6 for evacuation
[40.736s][info][gc,heap        ] GC(275) ParNew: 284310K->2729K(314560K)
[40.736s][info][gc,heap        ] GC(275) CMS: 11644K->12540K(699072K)
[40.736s][info][gc,metaspace   ] GC(275) Metaspace: 14858K(15360K)->14858K(15360K) NonClass: 13489K(13824K)->13489K(13824K) Class: 1369K(1536K)->1369K(1536K)
[40.736s][info][gc             ] GC(275) Pause Young (Allocation Failure) 289M->14M(989M) 1.666ms
[40.736s][info][gc,cpu         ] GC(275) User=0.00s Sys=0.00s Real=0.00s
[40.897s][info][gc,start       ] GC(276) Pause Young (Allocation Failure)
[40.898s][info][gc,task        ] GC(276) Using 6 workers of 6 for evacuation
[40.899s][info][gc,heap        ] GC(276) ParNew: 282345K->2700K(314560K)
[40.899s][info][gc,heap        ] GC(276) CMS: 12540K->12540K(699072K)
[40.899s][info][gc,metaspace   ] GC(276) Metaspace: 14858K(15360K)->14858K(15360K) NonClass: 13489K(13824K)->13489K(13824K) Class: 1369K(1536K)->1369K(1536K)
[40.899s][info][gc             ] GC(276) Pause Young (Allocation Failure) 287M->14M(989M) 1.582ms
[40.899s][info][gc,cpu         ] GC(276) User=0.00s Sys=0.00s Real=0.00s
[41.045s][info][gc,start       ] GC(277) Pause Young (Allocation Failure)
[41.045s][info][gc,task        ] GC(277) Using 6 workers of 6 for evacuation
[41.046s][info][gc,heap        ] GC(277) ParNew: 282316K->2892K(314560K)
[41.046s][info][gc,heap        ] GC(277) CMS: 12540K->12540K(699072K)
[41.046s][info][gc,metaspace   ] GC(277) Metaspace: 14858K(15360K)->14858K(15360K) NonClass: 13489K(13824K)->13489K(13824K) Class: 1369K(1536K)->1369K(1536K)
[41.046s][info][gc             ] GC(277) Pause Young (Allocation Failure) 287M->15M(989M) 1.711ms
[41.046s][info][gc,cpu         ] GC(277) User=0.09s Sys=0.00s Real=0.00s
[41.183s][info][gc,start       ] GC(278) Pause Young (Allocation Failure)
[41.183s][info][gc,task        ] GC(278) Using 6 workers of 6 for evacuation
[41.185s][info][gc,heap        ] GC(278) ParNew: 282508K->3755K(314560K)
[41.185s][info][gc,heap        ] GC(278) CMS: 12540K->12540K(699072K)
[41.185s][info][gc,metaspace   ] GC(278) Metaspace: 14858K(15360K)->14858K(15360K) NonClass: 13489K(13824K)->13489K(13824K) Class: 1369K(1536K)->1369K(1536K)
[41.185s][info][gc             ] GC(278) Pause Young (Allocation Failure) 288M->15M(989M) 2.048ms
[41.185s][info][gc,cpu         ] GC(278) User=0.00s Sys=0.00s Real=0.00s
[41.310s][info][gc,start       ] GC(279) Pause Young (Allocation Failure)
[41.310s][info][gc,task        ] GC(279) Using 6 workers of 6 for evacuation
[41.312s][info][gc,heap        ] GC(279) ParNew: 283371K->2653K(314560K)
[41.312s][info][gc,heap        ] GC(279) CMS: 12540K->12540K(699072K)
[41.312s][info][gc,metaspace   ] GC(279) Metaspace: 14858K(15360K)->14858K(15360K) NonClass: 13489K(13824K)->13489K(13824K) Class: 1369K(1536K)->1369K(1536K)
[41.312s][info][gc             ] GC(279) Pause Young (Allocation Failure) 288M->14M(989M) 1.647ms
[41.312s][info][gc,cpu         ] GC(279) User=0.06s Sys=0.02s Real=0.00s
[41.439s][info][gc,start       ] GC(280) Pause Young (Allocation Failure)
[41.439s][info][gc,task        ] GC(280) Using 6 workers of 6 for evacuation
[41.440s][info][gc,heap        ] GC(280) ParNew: 282269K->2688K(314560K)
[41.440s][info][gc,heap        ] GC(280) CMS: 12540K->12540K(699072K)
[41.440s][info][gc,metaspace   ] GC(280) Metaspace: 14858K(15360K)->14858K(15360K) NonClass: 13489K(13824K)->13489K(13824K) Class: 1369K(1536K)->1369K(1536K)
[41.440s][info][gc             ] GC(280) Pause Young (Allocation Failure) 287M->14M(989M) 1.658ms
[41.440s][info][gc,cpu         ] GC(280) User=0.00s Sys=0.00s Real=0.00s
[41.580s][info][gc,start       ] GC(281) Pause Young (Allocation Failure)
[41.580s][info][gc,task        ] GC(281) Using 6 workers of 6 for evacuation
[41.581s][info][gc,heap        ] GC(281) ParNew: 282304K->2874K(314560K)
[41.581s][info][gc,heap        ] GC(281) CMS: 12540K->12540K(699072K)
[41.582s][info][gc,metaspace   ] GC(281) Metaspace: 14858K(15360K)->14858K(15360K) NonClass: 13489K(13824K)->13489K(13824K) Class: 1369K(1536K)->1369K(1536K)
[41.582s][info][gc             ] GC(281) Pause Young (Allocation Failure) 287M->15M(989M) 1.552ms
[41.582s][info][gc,cpu         ] GC(281) User=0.00s Sys=0.00s Real=0.00s
[41.742s][info][gc,start       ] GC(282) Pause Young (Allocation Failure)
[41.742s][info][gc,task        ] GC(282) Using 6 workers of 6 for evacuation
[41.744s][info][gc,heap        ] GC(282) ParNew: 282490K->3013K(314560K)
[41.744s][info][gc,heap        ] GC(282) CMS: 12540K->12540K(699072K)
[41.744s][info][gc,metaspace   ] GC(282) Metaspace: 14858K(15360K)->14858K(15360K) NonClass: 13489K(13824K)->13489K(13824K) Class: 1369K(1536K)->1369K(1536K)
[41.744s][info][gc             ] GC(282) Pause Young (Allocation Failure) 288M->15M(989M) 1.659ms
[41.744s][info][gc,cpu         ] GC(282) User=0.00s Sys=0.00s Real=0.00s
[41.912s][info][gc,start       ] GC(283) Pause Young (Allocation Failure)
[41.912s][info][gc,task        ] GC(283) Using 6 workers of 6 for evacuation
[41.914s][info][gc,heap        ] GC(283) ParNew: 282629K->3321K(314560K)
[41.914s][info][gc,heap        ] GC(283) CMS: 12540K->12540K(699072K)
[41.914s][info][gc,metaspace   ] GC(283) Metaspace: 14858K(15360K)->14858K(15360K) NonClass: 13489K(13824K)->13489K(13824K) Class: 1369K(1536K)->1369K(1536K)
[41.914s][info][gc             ] GC(283) Pause Young (Allocation Failure) 288M->15M(989M) 2.096ms
[41.914s][info][gc,cpu         ] GC(283) User=0.00s Sys=0.00s Real=0.00s
[42.078s][info][gc,start       ] GC(284) Pause Young (Allocation Failure)
[42.078s][info][gc,task        ] GC(284) Using 6 workers of 6 for evacuation
[42.080s][info][gc,heap        ] GC(284) ParNew: 282937K->2889K(314560K)
[42.080s][info][gc,heap        ] GC(284) CMS: 12540K->12540K(699072K)
[42.080s][info][gc,metaspace   ] GC(284) Metaspace: 14858K(15360K)->14858K(15360K) NonClass: 13489K(13824K)->13489K(13824K) Class: 1369K(1536K)->1369K(1536K)
[42.080s][info][gc             ] GC(284) Pause Young (Allocation Failure) 288M->15M(989M) 2.156ms
[42.080s][info][gc,cpu         ] GC(284) User=0.00s Sys=0.00s Real=0.00s
[42.241s][info][gc,start       ] GC(285) Pause Young (Allocation Failure)
[42.241s][info][gc,task        ] GC(285) Using 6 workers of 6 for evacuation
[42.243s][info][gc,heap        ] GC(285) ParNew: 282505K->3500K(314560K)
[42.243s][info][gc,heap        ] GC(285) CMS: 12540K->12540K(699072K)
[42.243s][info][gc,metaspace   ] GC(285) Metaspace: 14858K(15360K)->14858K(15360K) NonClass: 13489K(13824K)->13489K(13824K) Class: 1369K(1536K)->1369K(1536K)
[42.243s][info][gc             ] GC(285) Pause Young (Allocation Failure) 288M->15M(989M) 1.752ms
[42.243s][info][gc,cpu         ] GC(285) User=0.00s Sys=0.00s Real=0.00s
[42.385s][info][gc,start       ] GC(286) Pause Young (Allocation Failure)
[42.385s][info][gc,task        ] GC(286) Using 6 workers of 6 for evacuation
[42.386s][info][gc,heap        ] GC(286) ParNew: 283116K->3262K(314560K)
[42.386s][info][gc,heap        ] GC(286) CMS: 12540K->12540K(699072K)
[42.386s][info][gc,metaspace   ] GC(286) Metaspace: 14858K(15360K)->14858K(15360K) NonClass: 13489K(13824K)->13489K(13824K) Class: 1369K(1536K)->1369K(1536K)
[42.386s][info][gc             ] GC(286) Pause Young (Allocation Failure) 288M->15M(989M) 1.589ms
[42.386s][info][gc,cpu         ] GC(286) User=0.00s Sys=0.00s Real=0.00s
[42.528s][info][gc,start       ] GC(287) Pause Young (Allocation Failure)
[42.528s][info][gc,task        ] GC(287) Using 6 workers of 6 for evacuation
[42.530s][info][gc,heap        ] GC(287) ParNew: 282878K->2468K(314560K)
[42.530s][info][gc,heap        ] GC(287) CMS: 12540K->12540K(699072K)
[42.530s][info][gc,metaspace   ] GC(287) Metaspace: 14858K(15360K)->14858K(15360K) NonClass: 13489K(13824K)->13489K(13824K) Class: 1369K(1536K)->1369K(1536K)
[42.530s][info][gc             ] GC(287) Pause Young (Allocation Failure) 288M->14M(989M) 1.581ms
[42.530s][info][gc,cpu         ] GC(287) User=0.09s Sys=0.00s Real=0.00s
[42.670s][info][gc,start       ] GC(288) Pause Young (Allocation Failure)
[42.670s][info][gc,task        ] GC(288) Using 6 workers of 6 for evacuation
[42.671s][info][gc,heap        ] GC(288) ParNew: 282084K->2359K(314560K)
[42.672s][info][gc,heap        ] GC(288) CMS: 12540K->12540K(699072K)
[42.672s][info][gc,metaspace   ] GC(288) Metaspace: 14858K(15360K)->14858K(15360K) NonClass: 13489K(13824K)->13489K(13824K) Class: 1369K(1536K)->1369K(1536K)
[42.672s][info][gc             ] GC(288) Pause Young (Allocation Failure) 287M->14M(989M) 1.755ms
[42.672s][info][gc,cpu         ] GC(288) User=0.02s Sys=0.02s Real=0.00s
[42.800s][info][gc,start       ] GC(289) Pause Young (Allocation Failure)
[42.800s][info][gc,task        ] GC(289) Using 6 workers of 6 for evacuation
[42.801s][info][gc,heap        ] GC(289) ParNew: 281975K->2411K(314560K)
[42.801s][info][gc,heap        ] GC(289) CMS: 12540K->12540K(699072K)
[42.801s][info][gc,metaspace   ] GC(289) Metaspace: 14858K(15360K)->14858K(15360K) NonClass: 13489K(13824K)->13489K(13824K) Class: 1369K(1536K)->1369K(1536K)
[42.801s][info][gc             ] GC(289) Pause Young (Allocation Failure) 287M->14M(989M) 1.570ms
[42.801s][info][gc,cpu         ] GC(289) User=0.00s Sys=0.00s Real=0.00s
[42.930s][info][gc,start       ] GC(290) Pause Young (Allocation Failure)
[42.930s][info][gc,task        ] GC(290) Using 6 workers of 6 for evacuation
[42.932s][info][gc,heap        ] GC(290) ParNew: 282027K->3355K(314560K)
[42.932s][info][gc,heap        ] GC(290) CMS: 12540K->12540K(699072K)
[42.932s][info][gc,metaspace   ] GC(290) Metaspace: 14858K(15360K)->14858K(15360K) NonClass: 13489K(13824K)->13489K(13824K) Class: 1369K(1536K)->1369K(1536K)
[42.932s][info][gc             ] GC(290) Pause Young (Allocation Failure) 287M->15M(989M) 1.727ms
[42.932s][info][gc,cpu         ] GC(290) User=0.00s Sys=0.00s Real=0.00s
[43.037s][info][gc,start       ] GC(291) Pause Young (Allocation Failure)
[43.037s][info][gc,task        ] GC(291) Using 6 workers of 6 for evacuation
[43.038s][info][gc,heap        ] GC(291) ParNew: 282971K->3161K(314560K)
[43.038s][info][gc,heap        ] GC(291) CMS: 12540K->12540K(699072K)
[43.038s][info][gc,metaspace   ] GC(291) Metaspace: 14858K(15360K)->14858K(15360K) NonClass: 13489K(13824K)->13489K(13824K) Class: 1369K(1536K)->1369K(1536K)
[43.038s][info][gc             ] GC(291) Pause Young (Allocation Failure) 288M->15M(989M) 1.702ms
[43.038s][info][gc,cpu         ] GC(291) User=0.00s Sys=0.00s Real=0.00s
[43.139s][info][gc,start       ] GC(292) Pause Young (Allocation Failure)
[43.140s][info][gc,task        ] GC(292) Using 6 workers of 6 for evacuation
[43.141s][info][gc,heap        ] GC(292) ParNew: 282777K->3406K(314560K)
[43.141s][info][gc,heap        ] GC(292) CMS: 12540K->12540K(699072K)
[43.141s][info][gc,metaspace   ] GC(292) Metaspace: 14858K(15360K)->14858K(15360K) NonClass: 13489K(13824K)->13489K(13824K) Class: 1369K(1536K)->1369K(1536K)
[43.141s][info][gc             ] GC(292) Pause Young (Allocation Failure) 288M->15M(989M) 1.628ms
[43.141s][info][gc,cpu         ] GC(292) User=0.00s Sys=0.00s Real=0.00s
[43.245s][info][gc,start       ] GC(293) Pause Young (Allocation Failure)
[43.245s][info][gc,task        ] GC(293) Using 6 workers of 6 for evacuation
[43.246s][info][gc,heap        ] GC(293) ParNew: 283022K->2482K(314560K)
[43.246s][info][gc,heap        ] GC(293) CMS: 12540K->12540K(699072K)
[43.246s][info][gc,metaspace   ] GC(293) Metaspace: 14858K(15360K)->14858K(15360K) NonClass: 13489K(13824K)->13489K(13824K) Class: 1369K(1536K)->1369K(1536K)
[43.246s][info][gc             ] GC(293) Pause Young (Allocation Failure) 288M->14M(989M) 1.465ms
[43.246s][info][gc,cpu         ] GC(293) User=0.00s Sys=0.00s Real=0.00s
[43.382s][info][gc,start       ] GC(294) Pause Young (Allocation Failure)
[43.382s][info][gc,task        ] GC(294) Using 6 workers of 6 for evacuation
[43.383s][info][gc,heap        ] GC(294) ParNew: 282098K->3260K(314560K)
[43.383s][info][gc,heap        ] GC(294) CMS: 12540K->12540K(699072K)
[43.383s][info][gc,metaspace   ] GC(294) Metaspace: 14858K(15360K)->14858K(15360K) NonClass: 13489K(13824K)->13489K(13824K) Class: 1369K(1536K)->1369K(1536K)
[43.383s][info][gc             ] GC(294) Pause Young (Allocation Failure) 287M->15M(989M) 1.636ms
[43.383s][info][gc,cpu         ] GC(294) User=0.00s Sys=0.00s Real=0.00s
[43.498s][info][gc,start       ] GC(295) Pause Young (Allocation Failure)
[43.498s][info][gc,task        ] GC(295) Using 6 workers of 6 for evacuation
[43.499s][info][gc,heap        ] GC(295) ParNew: 282876K->3012K(314560K)
[43.500s][info][gc,heap        ] GC(295) CMS: 12540K->12540K(699072K)
[43.500s][info][gc,metaspace   ] GC(295) Metaspace: 14858K(15360K)->14858K(15360K) NonClass: 13489K(13824K)->13489K(13824K) Class: 1369K(1536K)->1369K(1536K)
[43.500s][info][gc             ] GC(295) Pause Young (Allocation Failure) 288M->15M(989M) 1.466ms
[43.500s][info][gc,cpu         ] GC(295) User=0.02s Sys=0.00s Real=0.00s
[43.640s][info][gc,start       ] GC(296) Pause Young (Allocation Failure)
[43.640s][info][gc,task        ] GC(296) Using 6 workers of 6 for evacuation
[43.642s][info][gc,heap        ] GC(296) ParNew: 282628K->2933K(314560K)
[43.642s][info][gc,heap        ] GC(296) CMS: 12540K->12540K(699072K)
[43.642s][info][gc,metaspace   ] GC(296) Metaspace: 14858K(15360K)->14858K(15360K) NonClass: 13489K(13824K)->13489K(13824K) Class: 1369K(1536K)->1369K(1536K)
[43.642s][info][gc             ] GC(296) Pause Young (Allocation Failure) 288M->15M(989M) 1.727ms
[43.642s][info][gc,cpu         ] GC(296) User=0.00s Sys=0.00s Real=0.00s
[43.771s][info][gc,start       ] GC(297) Pause Young (Allocation Failure)
[43.771s][info][gc,task        ] GC(297) Using 6 workers of 6 for evacuation
[43.772s][info][gc,heap        ] GC(297) ParNew: 282549K->3443K(314560K)
[43.772s][info][gc,heap        ] GC(297) CMS: 12540K->12540K(699072K)
[43.772s][info][gc,metaspace   ] GC(297) Metaspace: 14858K(15360K)->14858K(15360K) NonClass: 13489K(13824K)->13489K(13824K) Class: 1369K(1536K)->1369K(1536K)
[43.772s][info][gc             ] GC(297) Pause Young (Allocation Failure) 288M->15M(989M) 1.664ms
[43.773s][info][gc,cpu         ] GC(297) User=0.00s Sys=0.00s Real=0.00s
[43.880s][info][gc,start       ] GC(298) Pause Young (Allocation Failure)
[43.880s][info][gc,task        ] GC(298) Using 6 workers of 6 for evacuation
[43.882s][info][gc,heap        ] GC(298) ParNew: 283059K->3085K(314560K)
[43.882s][info][gc,heap        ] GC(298) CMS: 12540K->12540K(699072K)
[43.882s][info][gc,metaspace   ] GC(298) Metaspace: 14858K(15360K)->14858K(15360K) NonClass: 13489K(13824K)->13489K(13824K) Class: 1369K(1536K)->1369K(1536K)
[43.882s][info][gc             ] GC(298) Pause Young (Allocation Failure) 288M->15M(989M) 1.730ms
[43.882s][info][gc,cpu         ] GC(298) User=0.00s Sys=0.00s Real=0.00s
[44.012s][info][gc,start       ] GC(299) Pause Young (Allocation Failure)
[44.012s][info][gc,task        ] GC(299) Using 6 workers of 6 for evacuation
[44.014s][info][gc,heap        ] GC(299) ParNew: 282701K->2111K(314560K)
[44.014s][info][gc,heap        ] GC(299) CMS: 12540K->12540K(699072K)
[44.014s][info][gc,metaspace   ] GC(299) Metaspace: 14858K(15360K)->14858K(15360K) NonClass: 13489K(13824K)->13489K(13824K) Class: 1369K(1536K)->1369K(1536K)
[44.014s][info][gc             ] GC(299) Pause Young (Allocation Failure) 288M->14M(989M) 1.379ms
[44.014s][info][gc,cpu         ] GC(299) User=0.00s Sys=0.00s Real=0.00s
[44.180s][info][gc,start       ] GC(300) Pause Young (Allocation Failure)
[44.180s][info][gc,task        ] GC(300) Using 6 workers of 6 for evacuation
[44.182s][info][gc,heap        ] GC(300) ParNew: 281727K->3424K(314560K)
[44.182s][info][gc,heap        ] GC(300) CMS: 12540K->12540K(699072K)
[44.182s][info][gc,metaspace   ] GC(300) Metaspace: 14858K(15360K)->14858K(15360K) NonClass: 13489K(13824K)->13489K(13824K) Class: 1369K(1536K)->1369K(1536K)
[44.182s][info][gc             ] GC(300) Pause Young (Allocation Failure) 287M->15M(989M) 1.739ms
[44.182s][info][gc,cpu         ] GC(300) User=0.00s Sys=0.00s Real=0.00s
[44.353s][info][gc,start       ] GC(301) Pause Young (Allocation Failure)
[44.355s][info][gc,task        ] GC(301) Using 6 workers of 6 for evacuation
[44.357s][info][gc,heap        ] GC(301) ParNew: 283040K->3681K(314560K)
[44.357s][info][gc,heap        ] GC(301) CMS: 12540K->12540K(699072K)
[44.357s][info][gc,metaspace   ] GC(301) Metaspace: 14858K(15360K)->14858K(15360K) NonClass: 13489K(13824K)->13489K(13824K) Class: 1369K(1536K)->1369K(1536K)
[44.357s][info][gc             ] GC(301) Pause Young (Allocation Failure) 288M->15M(989M) 3.975ms
[44.357s][info][gc,cpu         ] GC(301) User=0.00s Sys=0.00s Real=0.00s
[44.519s][info][gc,start       ] GC(302) Pause Young (Allocation Failure)
[44.519s][info][gc,task        ] GC(302) Using 6 workers of 6 for evacuation
[44.520s][info][gc,heap        ] GC(302) ParNew: 283297K->2623K(314560K)
[44.520s][info][gc,heap        ] GC(302) CMS: 12540K->12540K(699072K)
[44.520s][info][gc,metaspace   ] GC(302) Metaspace: 14858K(15360K)->14858K(15360K) NonClass: 13489K(13824K)->13489K(13824K) Class: 1369K(1536K)->1369K(1536K)
[44.520s][info][gc             ] GC(302) Pause Young (Allocation Failure) 288M->14M(989M) 1.677ms
[44.520s][info][gc,cpu         ] GC(302) User=0.00s Sys=0.00s Real=0.00s
[44.678s][info][gc,start       ] GC(303) Pause Young (Allocation Failure)
[44.678s][info][gc,task        ] GC(303) Using 6 workers of 6 for evacuation
[44.679s][info][gc,heap        ] GC(303) ParNew: 282239K->3169K(314560K)
[44.679s][info][gc,heap        ] GC(303) CMS: 12540K->12540K(699072K)
[44.679s][info][gc,metaspace   ] GC(303) Metaspace: 14858K(15360K)->14858K(15360K) NonClass: 13489K(13824K)->13489K(13824K) Class: 1369K(1536K)->1369K(1536K)
[44.679s][info][gc             ] GC(303) Pause Young (Allocation Failure) 287M->15M(989M) 1.634ms
[44.679s][info][gc,cpu         ] GC(303) User=0.00s Sys=0.00s Real=0.00s
[44.818s][info][gc,start       ] GC(304) Pause Young (Allocation Failure)
[44.818s][info][gc,task        ] GC(304) Using 6 workers of 6 for evacuation
[44.820s][info][gc,heap        ] GC(304) ParNew: 282785K->2963K(314560K)
[44.820s][info][gc,heap        ] GC(304) CMS: 12540K->12540K(699072K)
[44.820s][info][gc,metaspace   ] GC(304) Metaspace: 14858K(15360K)->14858K(15360K) NonClass: 13489K(13824K)->13489K(13824K) Class: 1369K(1536K)->1369K(1536K)
[44.820s][info][gc             ] GC(304) Pause Young (Allocation Failure) 288M->15M(989M) 1.845ms
[44.820s][info][gc,cpu         ] GC(304) User=0.00s Sys=0.00s Real=0.00s
[44.957s][info][gc,start       ] GC(305) Pause Young (Allocation Failure)
[44.957s][info][gc,task        ] GC(305) Using 6 workers of 6 for evacuation
[44.958s][info][gc,heap        ] GC(305) ParNew: 282579K->3384K(314560K)
[44.958s][info][gc,heap        ] GC(305) CMS: 12540K->12540K(699072K)
[44.958s][info][gc,metaspace   ] GC(305) Metaspace: 14858K(15360K)->14858K(15360K) NonClass: 13489K(13824K)->13489K(13824K) Class: 1369K(1536K)->1369K(1536K)
[44.958s][info][gc             ] GC(305) Pause Young (Allocation Failure) 288M->15M(989M) 1.811ms
[44.958s][info][gc,cpu         ] GC(305) User=0.00s Sys=0.00s Real=0.00s
[45.105s][info][gc,start       ] GC(306) Pause Young (Allocation Failure)
[45.105s][info][gc,task        ] GC(306) Using 6 workers of 6 for evacuation
[45.107s][info][gc,heap        ] GC(306) ParNew: 283000K->3555K(314560K)
[45.107s][info][gc,heap        ] GC(306) CMS: 12540K->12540K(699072K)
[45.107s][info][gc,metaspace   ] GC(306) Metaspace: 14858K(15360K)->14858K(15360K) NonClass: 13489K(13824K)->13489K(13824K) Class: 1369K(1536K)->1369K(1536K)
[45.107s][info][gc             ] GC(306) Pause Young (Allocation Failure) 288M->15M(989M) 1.759ms
[45.107s][info][gc,cpu         ] GC(306) User=0.00s Sys=0.00s Real=0.00s
[45.267s][info][gc,start       ] GC(307) Pause Young (Allocation Failure)
[45.267s][info][gc,task        ] GC(307) Using 6 workers of 6 for evacuation
[45.269s][info][gc,heap        ] GC(307) ParNew: 283171K->2661K(314560K)
[45.269s][info][gc,heap        ] GC(307) CMS: 12540K->12540K(699072K)
[45.269s][info][gc,metaspace   ] GC(307) Metaspace: 14858K(15360K)->14858K(15360K) NonClass: 13489K(13824K)->13489K(13824K) Class: 1369K(1536K)->1369K(1536K)
[45.269s][info][gc             ] GC(307) Pause Young (Allocation Failure) 288M->14M(989M) 1.871ms
[45.269s][info][gc,cpu         ] GC(307) User=0.00s Sys=0.00s Real=0.00s
[45.435s][info][gc,start       ] GC(308) Pause Young (Allocation Failure)
[45.435s][info][gc,task        ] GC(308) Using 6 workers of 6 for evacuation
[45.436s][info][gc,heap        ] GC(308) ParNew: 282277K->3135K(314560K)
[45.436s][info][gc,heap        ] GC(308) CMS: 12540K->12540K(699072K)
[45.436s][info][gc,metaspace   ] GC(308) Metaspace: 14858K(15360K)->14858K(15360K) NonClass: 13489K(13824K)->13489K(13824K) Class: 1369K(1536K)->1369K(1536K)
[45.437s][info][gc             ] GC(308) Pause Young (Allocation Failure) 287M->15M(989M) 1.781ms
[45.437s][info][gc,cpu         ] GC(308) User=0.05s Sys=0.00s Real=0.00s
[45.603s][info][gc,start       ] GC(309) Pause Young (Allocation Failure)
[45.603s][info][gc,task        ] GC(309) Using 6 workers of 6 for evacuation
[45.605s][info][gc,heap        ] GC(309) ParNew: 282751K->3669K(314560K)
[45.605s][info][gc,heap        ] GC(309) CMS: 12540K->12540K(699072K)
[45.605s][info][gc,metaspace   ] GC(309) Metaspace: 14858K(15360K)->14858K(15360K) NonClass: 13489K(13824K)->13489K(13824K) Class: 1369K(1536K)->1369K(1536K)
[45.605s][info][gc             ] GC(309) Pause Young (Allocation Failure) 288M->15M(989M) 2.152ms
[45.605s][info][gc,cpu         ] GC(309) User=0.00s Sys=0.00s Real=0.00s
[45.757s][info][gc,start       ] GC(310) Pause Young (Allocation Failure)
[45.759s][info][gc,task        ] GC(310) Using 6 workers of 6 for evacuation
[45.761s][info][gc,heap        ] GC(310) ParNew: 283285K->2952K(314560K)
[45.761s][info][gc,heap        ] GC(310) CMS: 12540K->12540K(699072K)
[45.761s][info][gc,metaspace   ] GC(310) Metaspace: 14858K(15360K)->14858K(15360K) NonClass: 13489K(13824K)->13489K(13824K) Class: 1369K(1536K)->1369K(1536K)
[45.761s][info][gc             ] GC(310) Pause Young (Allocation Failure) 288M->15M(989M) 3.457ms
[45.761s][info][gc,cpu         ] GC(310) User=0.00s Sys=0.00s Real=0.00s
[45.917s][info][gc,start       ] GC(311) Pause Young (Allocation Failure)
[45.917s][info][gc,task        ] GC(311) Using 6 workers of 6 for evacuation
[45.918s][info][gc,heap        ] GC(311) ParNew: 282568K->3241K(314560K)
[45.918s][info][gc,heap        ] GC(311) CMS: 12540K->12540K(699072K)
[45.918s][info][gc,metaspace   ] GC(311) Metaspace: 14858K(15360K)->14858K(15360K) NonClass: 13489K(13824K)->13489K(13824K) Class: 1369K(1536K)->1369K(1536K)
[45.918s][info][gc             ] GC(311) Pause Young (Allocation Failure) 288M->15M(989M) 1.809ms
[45.918s][info][gc,cpu         ] GC(311) User=0.00s Sys=0.00s Real=0.00s
[46.067s][info][gc,start       ] GC(312) Pause Young (Allocation Failure)
[46.067s][info][gc,task        ] GC(312) Using 6 workers of 6 for evacuation
[46.069s][info][gc,heap        ] GC(312) ParNew: 282857K->3337K(314560K)
[46.069s][info][gc,heap        ] GC(312) CMS: 12540K->12540K(699072K)
[46.069s][info][gc,metaspace   ] GC(312) Metaspace: 14858K(15360K)->14858K(15360K) NonClass: 13489K(13824K)->13489K(13824K) Class: 1369K(1536K)->1369K(1536K)
[46.069s][info][gc             ] GC(312) Pause Young (Allocation Failure) 288M->15M(989M) 1.969ms
[46.069s][info][gc,cpu         ] GC(312) User=0.00s Sys=0.00s Real=0.00s
[46.201s][info][gc,start       ] GC(313) Pause Young (Allocation Failure)
[46.201s][info][gc,task        ] GC(313) Using 6 workers of 6 for evacuation
[46.203s][info][gc,heap        ] GC(313) ParNew: 282953K->3425K(314560K)
[46.203s][info][gc,heap        ] GC(313) CMS: 12540K->12540K(699072K)
[46.203s][info][gc,metaspace   ] GC(313) Metaspace: 14858K(15360K)->14858K(15360K) NonClass: 13489K(13824K)->13489K(13824K) Class: 1369K(1536K)->1369K(1536K)
[46.203s][info][gc             ] GC(313) Pause Young (Allocation Failure) 288M->15M(989M) 1.883ms
[46.203s][info][gc,cpu         ] GC(313) User=0.08s Sys=0.00s Real=0.00s
[46.357s][info][gc,start       ] GC(314) Pause Young (Allocation Failure)
[46.357s][info][gc,task        ] GC(314) Using 6 workers of 6 for evacuation
[46.359s][info][gc,heap        ] GC(314) ParNew: 283041K->2728K(314560K)
[46.359s][info][gc,heap        ] GC(314) CMS: 12540K->12540K(699072K)
[46.359s][info][gc,metaspace   ] GC(314) Metaspace: 14858K(15360K)->14858K(15360K) NonClass: 13489K(13824K)->13489K(13824K) Class: 1369K(1536K)->1369K(1536K)
[46.359s][info][gc             ] GC(314) Pause Young (Allocation Failure) 288M->14M(989M) 1.756ms
[46.359s][info][gc,cpu         ] GC(314) User=0.05s Sys=0.02s Real=0.00s
[46.517s][info][gc,start       ] GC(315) Pause Young (Allocation Failure)
[46.517s][info][gc,task        ] GC(315) Using 6 workers of 6 for evacuation
[46.519s][info][gc,heap        ] GC(315) ParNew: 282344K->2709K(314560K)
[46.519s][info][gc,heap        ] GC(315) CMS: 12540K->12540K(699072K)
[46.519s][info][gc,metaspace   ] GC(315) Metaspace: 14858K(15360K)->14858K(15360K) NonClass: 13489K(13824K)->13489K(13824K) Class: 1369K(1536K)->1369K(1536K)
[46.519s][info][gc             ] GC(315) Pause Young (Allocation Failure) 287M->14M(989M) 1.808ms
[46.519s][info][gc,cpu         ] GC(315) User=0.00s Sys=0.00s Real=0.00s
[46.643s][info][gc,start       ] GC(316) Pause Young (Allocation Failure)
[46.643s][info][gc,task        ] GC(316) Using 6 workers of 6 for evacuation
[46.645s][info][gc,heap        ] GC(316) ParNew: 282325K->3286K(314560K)
[46.645s][info][gc,heap        ] GC(316) CMS: 12540K->12540K(699072K)
[46.645s][info][gc,metaspace   ] GC(316) Metaspace: 14858K(15360K)->14858K(15360K) NonClass: 13489K(13824K)->13489K(13824K) Class: 1369K(1536K)->1369K(1536K)
[46.645s][info][gc             ] GC(316) Pause Young (Allocation Failure) 287M->15M(989M) 1.618ms
[46.645s][info][gc,cpu         ] GC(316) User=0.00s Sys=0.00s Real=0.00s
[46.744s][info][gc,start       ] GC(317) Pause Young (Allocation Failure)
[46.744s][info][gc,task        ] GC(317) Using 6 workers of 6 for evacuation
[46.746s][info][gc,heap        ] GC(317) ParNew: 282902K->2656K(314560K)
[46.746s][info][gc,heap        ] GC(317) CMS: 12540K->12540K(699072K)
[46.746s][info][gc,metaspace   ] GC(317) Metaspace: 14858K(15360K)->14858K(15360K) NonClass: 13489K(13824K)->13489K(13824K) Class: 1369K(1536K)->1369K(1536K)
[46.746s][info][gc             ] GC(317) Pause Young (Allocation Failure) 288M->14M(989M) 1.894ms
[46.746s][info][gc,cpu         ] GC(317) User=0.00s Sys=0.00s Real=0.00s
[46.861s][info][gc,start       ] GC(318) Pause Young (Allocation Failure)
[46.862s][info][gc,task        ] GC(318) Using 6 workers of 6 for evacuation
[46.863s][info][gc,heap        ] GC(318) ParNew: 282272K->3083K(314560K)
[46.863s][info][gc,heap        ] GC(318) CMS: 12540K->12540K(699072K)
[46.864s][info][gc,metaspace   ] GC(318) Metaspace: 14858K(15360K)->14858K(15360K) NonClass: 13489K(13824K)->13489K(13824K) Class: 1369K(1536K)->1369K(1536K)
[46.864s][info][gc             ] GC(318) Pause Young (Allocation Failure) 287M->15M(989M) 2.052ms
[46.864s][info][gc,cpu         ] GC(318) User=0.00s Sys=0.00s Real=0.00s
[46.975s][info][gc,start       ] GC(319) Pause Young (Allocation Failure)
[46.975s][info][gc,task        ] GC(319) Using 6 workers of 6 for evacuation
[46.977s][info][gc,heap        ] GC(319) ParNew: 282699K->2668K(314560K)
[46.977s][info][gc,heap        ] GC(319) CMS: 12540K->12540K(699072K)
[46.977s][info][gc,metaspace   ] GC(319) Metaspace: 14858K(15360K)->14858K(15360K) NonClass: 13489K(13824K)->13489K(13824K) Class: 1369K(1536K)->1369K(1536K)
[46.977s][info][gc             ] GC(319) Pause Young (Allocation Failure) 288M->14M(989M) 2.321ms
[46.977s][info][gc,cpu         ] GC(319) User=0.00s Sys=0.00s Real=0.00s
[47.096s][info][gc,start       ] GC(320) Pause Young (Allocation Failure)
[47.096s][info][gc,task        ] GC(320) Using 6 workers of 6 for evacuation
[47.098s][info][gc,heap        ] GC(320) ParNew: 282284K->3388K(314560K)
[47.098s][info][gc,heap        ] GC(320) CMS: 12540K->12540K(699072K)
[47.098s][info][gc,metaspace   ] GC(320) Metaspace: 14858K(15360K)->14858K(15360K) NonClass: 13489K(13824K)->13489K(13824K) Class: 1369K(1536K)->1369K(1536K)
[47.098s][info][gc             ] GC(320) Pause Young (Allocation Failure) 287M->15M(989M) 1.938ms
[47.098s][info][gc,cpu         ] GC(320) User=0.00s Sys=0.00s Real=0.00s
[47.231s][info][gc,start       ] GC(321) Pause Young (Allocation Failure)
[47.231s][info][gc,task        ] GC(321) Using 6 workers of 6 for evacuation
[47.232s][info][gc,heap        ] GC(321) ParNew: 283004K->3145K(314560K)
[47.232s][info][gc,heap        ] GC(321) CMS: 12540K->12540K(699072K)
[47.232s][info][gc,metaspace   ] GC(321) Metaspace: 14858K(15360K)->14858K(15360K) NonClass: 13489K(13824K)->13489K(13824K) Class: 1369K(1536K)->1369K(1536K)
[47.232s][info][gc             ] GC(321) Pause Young (Allocation Failure) 288M->15M(989M) 1.578ms
[47.232s][info][gc,cpu         ] GC(321) User=0.00s Sys=0.00s Real=0.00s
[47.379s][info][gc,start       ] GC(322) Pause Young (Allocation Failure)
[47.379s][info][gc,task        ] GC(322) Using 6 workers of 6 for evacuation
[47.380s][info][gc,heap        ] GC(322) ParNew: 282761K->2652K(314560K)
[47.380s][info][gc,heap        ] GC(322) CMS: 12540K->12540K(699072K)
[47.380s][info][gc,metaspace   ] GC(322) Metaspace: 14858K(15360K)->14858K(15360K) NonClass: 13489K(13824K)->13489K(13824K) Class: 1369K(1536K)->1369K(1536K)
[47.380s][info][gc             ] GC(322) Pause Young (Allocation Failure) 288M->14M(989M) 1.611ms
[47.380s][info][gc,cpu         ] GC(322) User=0.00s Sys=0.00s Real=0.00s
[47.528s][info][gc,start       ] GC(323) Pause Young (Allocation Failure)
[47.528s][info][gc,task        ] GC(323) Using 6 workers of 6 for evacuation
[47.530s][info][gc,heap        ] GC(323) ParNew: 282268K->3327K(314560K)
[47.530s][info][gc,heap        ] GC(323) CMS: 12540K->12540K(699072K)
[47.530s][info][gc,metaspace   ] GC(323) Metaspace: 14858K(15360K)->14858K(15360K) NonClass: 13489K(13824K)->13489K(13824K) Class: 1369K(1536K)->1369K(1536K)
[47.530s][info][gc             ] GC(323) Pause Young (Allocation Failure) 287M->15M(989M) 2.070ms
[47.531s][info][gc,cpu         ] GC(323) User=0.06s Sys=0.00s Real=0.00s
[47.676s][info][gc,start       ] GC(324) Pause Young (Allocation Failure)
[47.676s][info][gc,task        ] GC(324) Using 6 workers of 6 for evacuation
[47.678s][info][gc,heap        ] GC(324) ParNew: 282943K->3087K(314560K)
[47.678s][info][gc,heap        ] GC(324) CMS: 12540K->12540K(699072K)
[47.678s][info][gc,metaspace   ] GC(324) Metaspace: 14858K(15360K)->14858K(15360K) NonClass: 13489K(13824K)->13489K(13824K) Class: 1369K(1536K)->1369K(1536K)
[47.678s][info][gc             ] GC(324) Pause Young (Allocation Failure) 288M->15M(989M) 1.760ms
[47.678s][info][gc,cpu         ] GC(324) User=0.00s Sys=0.00s Real=0.00s
[47.826s][info][gc,start       ] GC(325) Pause Young (Allocation Failure)
[47.826s][info][gc,task        ] GC(325) Using 6 workers of 6 for evacuation
[47.827s][info][gc,heap        ] GC(325) ParNew: 282703K->2658K(314560K)
[47.827s][info][gc,heap        ] GC(325) CMS: 12540K->12540K(699072K)
[47.827s][info][gc,metaspace   ] GC(325) Metaspace: 14858K(15360K)->14858K(15360K) NonClass: 13489K(13824K)->13489K(13824K) Class: 1369K(1536K)->1369K(1536K)
[47.827s][info][gc             ] GC(325) Pause Young (Allocation Failure) 288M->14M(989M) 1.719ms
[47.827s][info][gc,cpu         ] GC(325) User=0.06s Sys=0.00s Real=0.00s
[47.940s][info][gc,start       ] GC(326) Pause Young (Allocation Failure)
[47.940s][info][gc,task        ] GC(326) Using 6 workers of 6 for evacuation
[47.942s][info][gc,heap        ] GC(326) ParNew: 282274K->3046K(314560K)
[47.942s][info][gc,heap        ] GC(326) CMS: 12540K->12540K(699072K)
[47.942s][info][gc,metaspace   ] GC(326) Metaspace: 14858K(15360K)->14858K(15360K) NonClass: 13489K(13824K)->13489K(13824K) Class: 1369K(1536K)->1369K(1536K)
[47.942s][info][gc             ] GC(326) Pause Young (Allocation Failure) 287M->15M(989M) 1.581ms
[47.942s][info][gc,cpu         ] GC(326) User=0.00s Sys=0.00s Real=0.00s
[48.071s][info][gc,start       ] GC(327) Pause Young (Allocation Failure)
[48.071s][info][gc,task        ] GC(327) Using 6 workers of 6 for evacuation
[48.072s][info][gc,heap        ] GC(327) ParNew: 282662K->2301K(314560K)
[48.072s][info][gc,heap        ] GC(327) CMS: 12540K->12540K(699072K)
[48.072s][info][gc,metaspace   ] GC(327) Metaspace: 14858K(15360K)->14858K(15360K) NonClass: 13489K(13824K)->13489K(13824K) Class: 1369K(1536K)->1369K(1536K)
[48.072s][info][gc             ] GC(327) Pause Young (Allocation Failure) 288M->14M(989M) 1.672ms
[48.072s][info][gc,cpu         ] GC(327) User=0.00s Sys=0.00s Real=0.00s
[48.225s][info][gc,start       ] GC(328) Pause Young (Allocation Failure)
[48.225s][info][gc,task        ] GC(328) Using 6 workers of 6 for evacuation
[48.226s][info][gc,heap        ] GC(328) ParNew: 281917K->2368K(314560K)
[48.226s][info][gc,heap        ] GC(328) CMS: 12540K->12540K(699072K)
[48.226s][info][gc,metaspace   ] GC(328) Metaspace: 14858K(15360K)->14858K(15360K) NonClass: 13489K(13824K)->13489K(13824K) Class: 1369K(1536K)->1369K(1536K)
[48.226s][info][gc             ] GC(328) Pause Young (Allocation Failure) 287M->14M(989M) 1.598ms
[48.226s][info][gc,cpu         ] GC(328) User=0.00s Sys=0.00s Real=0.00s
[48.399s][info][gc,start       ] GC(329) Pause Young (Allocation Failure)
[48.400s][info][gc,task        ] GC(329) Using 6 workers of 6 for evacuation
[48.402s][info][gc,heap        ] GC(329) ParNew: 281984K->2865K(314560K)
[48.402s][info][gc,heap        ] GC(329) CMS: 12540K->12540K(699072K)
[48.402s][info][gc,metaspace   ] GC(329) Metaspace: 14858K(15360K)->14858K(15360K) NonClass: 13489K(13824K)->13489K(13824K) Class: 1369K(1536K)->1369K(1536K)
[48.402s][info][gc             ] GC(329) Pause Young (Allocation Failure) 287M->15M(989M) 2.153ms
[48.402s][info][gc,cpu         ] GC(329) User=0.00s Sys=0.00s Real=0.00s
[48.542s][info][gc,start       ] GC(330) Pause Young (Allocation Failure)
[48.542s][info][gc,task        ] GC(330) Using 6 workers of 6 for evacuation
[48.544s][info][gc,heap        ] GC(330) ParNew: 282481K->3040K(314560K)
[48.544s][info][gc,heap        ] GC(330) CMS: 12540K->12540K(699072K)
[48.544s][info][gc,metaspace   ] GC(330) Metaspace: 14858K(15360K)->14858K(15360K) NonClass: 13489K(13824K)->13489K(13824K) Class: 1369K(1536K)->1369K(1536K)
[48.544s][info][gc             ] GC(330) Pause Young (Allocation Failure) 288M->15M(989M) 1.662ms
[48.544s][info][gc,cpu         ] GC(330) User=0.00s Sys=0.00s Real=0.00s
[48.677s][info][gc,start       ] GC(331) Pause Young (Allocation Failure)
[48.677s][info][gc,task        ] GC(331) Using 6 workers of 6 for evacuation
[48.679s][info][gc,heap        ] GC(331) ParNew: 282656K->2525K(314560K)
[48.679s][info][gc,heap        ] GC(331) CMS: 12540K->12540K(699072K)
[48.679s][info][gc,metaspace   ] GC(331) Metaspace: 14858K(15360K)->14858K(15360K) NonClass: 13489K(13824K)->13489K(13824K) Class: 1369K(1536K)->1369K(1536K)
[48.679s][info][gc             ] GC(331) Pause Young (Allocation Failure) 288M->14M(989M) 1.653ms
[48.679s][info][gc,cpu         ] GC(331) User=0.00s Sys=0.00s Real=0.00s
[48.810s][info][gc,start       ] GC(332) Pause Young (Allocation Failure)
[48.810s][info][gc,task        ] GC(332) Using 6 workers of 6 for evacuation
[48.812s][info][gc,heap        ] GC(332) ParNew: 282141K->2935K(314560K)
[48.812s][info][gc,heap        ] GC(332) CMS: 12540K->12540K(699072K)
[48.812s][info][gc,metaspace   ] GC(332) Metaspace: 14858K(15360K)->14858K(15360K) NonClass: 13489K(13824K)->13489K(13824K) Class: 1369K(1536K)->1369K(1536K)
[48.812s][info][gc             ] GC(332) Pause Young (Allocation Failure) 287M->15M(989M) 1.663ms
[48.812s][info][gc,cpu         ] GC(332) User=0.08s Sys=0.00s Real=0.00s
[48.944s][info][gc,start       ] GC(333) Pause Young (Allocation Failure)
[48.944s][info][gc,task        ] GC(333) Using 6 workers of 6 for evacuation
[48.946s][info][gc,heap        ] GC(333) ParNew: 282551K->3293K(314560K)
[48.946s][info][gc,heap        ] GC(333) CMS: 12540K->12540K(699072K)
[48.946s][info][gc,metaspace   ] GC(333) Metaspace: 14858K(15360K)->14858K(15360K) NonClass: 13489K(13824K)->13489K(13824K) Class: 1369K(1536K)->1369K(1536K)
[48.946s][info][gc             ] GC(333) Pause Young (Allocation Failure) 288M->15M(989M) 1.802ms
[48.946s][info][gc,cpu         ] GC(333) User=0.00s Sys=0.00s Real=0.00s
[49.070s][info][gc,start       ] GC(334) Pause Young (Allocation Failure)
[49.070s][info][gc,task        ] GC(334) Using 6 workers of 6 for evacuation
[49.071s][info][gc,heap        ] GC(334) ParNew: 282909K->3181K(314560K)
[49.071s][info][gc,heap        ] GC(334) CMS: 12540K->12540K(699072K)
[49.071s][info][gc,metaspace   ] GC(334) Metaspace: 14858K(15360K)->14858K(15360K) NonClass: 13489K(13824K)->13489K(13824K) Class: 1369K(1536K)->1369K(1536K)
[49.071s][info][gc             ] GC(334) Pause Young (Allocation Failure) 288M->15M(989M) 1.408ms
[49.071s][info][gc,cpu         ] GC(334) User=0.00s Sys=0.00s Real=0.00s
[49.200s][info][gc,start       ] GC(335) Pause Full (System.gc())
[49.200s][info][gc,phases,start] GC(335) Phase 1: Mark live objects
[49.204s][info][gc,phases      ] GC(335) Phase 1: Mark live objects 4.283ms
[49.204s][info][gc,phases,start] GC(335) Phase 2: Compute new object addresses
[49.224s][info][gc,phases      ] GC(335) Phase 2: Compute new object addresses 20.057ms
[49.224s][info][gc,phases,start] GC(335) Phase 3: Adjust pointers
[49.227s][info][gc,phases      ] GC(335) Phase 3: Adjust pointers 2.922ms
[49.227s][info][gc,phases,start] GC(335) Phase 4: Move objects
[49.228s][info][gc,phases      ] GC(335) Phase 4: Move objects 1.023ms
[49.229s][info][gc,heap        ] GC(335) ParNew: 173833K->0K(314560K)
[49.229s][info][gc,heap        ] GC(335) CMS: 12540K->11651K(699072K)
[49.229s][info][gc,metaspace   ] GC(335) Metaspace: 14859K(15360K)->14859K(15360K) NonClass: 13490K(13824K)->13490K(13824K) Class: 1369K(1536K)->1369K(1536K)
[49.229s][info][gc             ] GC(335) Pause Full (System.gc()) 182M->11M(989M) 29.418ms
[49.229s][info][gc,cpu         ] GC(335) User=0.03s Sys=0.00s Real=0.02s
[49.326s][info][gc,start       ] GC(336) Pause Young (Allocation Failure)
[49.326s][info][gc,task        ] GC(336) Using 6 workers of 6 for evacuation
[49.327s][info][gc,heap        ] GC(336) ParNew: 279616K->3859K(314560K)
[49.328s][info][gc,heap        ] GC(336) CMS: 11651K->11651K(699072K)
[49.328s][info][gc,metaspace   ] GC(336) Metaspace: 14868K(15360K)->14868K(15360K) NonClass: 13499K(13824K)->13499K(13824K) Class: 1369K(1536K)->1369K(1536K)
[49.328s][info][gc             ] GC(336) Pause Young (Allocation Failure) 284M->15M(989M) 1.655ms
[49.328s][info][gc,cpu         ] GC(336) User=0.09s Sys=0.00s Real=0.00s
[49.431s][info][gc,start       ] GC(337) Pause Young (Allocation Failure)
[49.431s][info][gc,task        ] GC(337) Using 6 workers of 6 for evacuation
[49.432s][info][gc,heap        ] GC(337) ParNew: 283475K->4268K(314560K)
[49.432s][info][gc,heap        ] GC(337) CMS: 11651K->11651K(699072K)
[49.432s][info][gc,metaspace   ] GC(337) Metaspace: 14868K(15360K)->14868K(15360K) NonClass: 13499K(13824K)->13499K(13824K) Class: 1369K(1536K)->1369K(1536K)
[49.432s][info][gc             ] GC(337) Pause Young (Allocation Failure) 288M->15M(989M) 1.625ms
[49.432s][info][gc,cpu         ] GC(337) User=0.00s Sys=0.00s Real=0.00s
[49.586s][info][gc,start       ] GC(338) Pause Young (Allocation Failure)
[49.586s][info][gc,task        ] GC(338) Using 6 workers of 6 for evacuation
[49.587s][info][gc,heap        ] GC(338) ParNew: 283884K->4222K(314560K)
[49.587s][info][gc,heap        ] GC(338) CMS: 11651K->11651K(699072K)
[49.587s][info][gc,metaspace   ] GC(338) Metaspace: 14868K(15360K)->14868K(15360K) NonClass: 13499K(13824K)->13499K(13824K) Class: 1369K(1536K)->1369K(1536K)
[49.587s][info][gc             ] GC(338) Pause Young (Allocation Failure) 288M->15M(989M) 1.633ms
[49.587s][info][gc,cpu         ] GC(338) User=0.00s Sys=0.00s Real=0.00s
[49.689s][info][gc,start       ] GC(339) Pause Young (Allocation Failure)
[49.689s][info][gc,task        ] GC(339) Using 6 workers of 6 for evacuation
[49.691s][info][gc,heap        ] GC(339) ParNew: 283838K->4139K(314560K)
[49.691s][info][gc,heap        ] GC(339) CMS: 11651K->11651K(699072K)
[49.691s][info][gc,metaspace   ] GC(339) Metaspace: 14868K(15360K)->14868K(15360K) NonClass: 13499K(13824K)->13499K(13824K) Class: 1369K(1536K)->1369K(1536K)
[49.691s][info][gc             ] GC(339) Pause Young (Allocation Failure) 288M->15M(989M) 1.579ms
[49.691s][info][gc,cpu         ] GC(339) User=0.00s Sys=0.00s Real=0.00s
[49.800s][info][gc,start       ] GC(340) Pause Young (Allocation Failure)
[49.800s][info][gc,task        ] GC(340) Using 6 workers of 6 for evacuation
[49.802s][info][gc,heap        ] GC(340) ParNew: 283755K->4252K(314560K)
[49.802s][info][gc,heap        ] GC(340) CMS: 11651K->11651K(699072K)
[49.802s][info][gc,metaspace   ] GC(340) Metaspace: 14868K(15360K)->14868K(15360K) NonClass: 13499K(13824K)->13499K(13824K) Class: 1369K(1536K)->1369K(1536K)
[49.802s][info][gc             ] GC(340) Pause Young (Allocation Failure) 288M->15M(989M) 1.554ms
[49.802s][info][gc,cpu         ] GC(340) User=0.00s Sys=0.00s Real=0.00s
[49.949s][info][gc,start       ] GC(341) Pause Young (Allocation Failure)
[49.949s][info][gc,task        ] GC(341) Using 6 workers of 6 for evacuation
[49.951s][info][gc,heap        ] GC(341) ParNew: 283868K->4580K(314560K)
[49.951s][info][gc,heap        ] GC(341) CMS: 11651K->11651K(699072K)
[49.951s][info][gc,metaspace   ] GC(341) Metaspace: 14868K(15360K)->14868K(15360K) NonClass: 13499K(13824K)->13499K(13824K) Class: 1369K(1536K)->1369K(1536K)
[49.951s][info][gc             ] GC(341) Pause Young (Allocation Failure) 288M->15M(989M) 1.726ms
[49.951s][info][gc,cpu         ] GC(341) User=0.00s Sys=0.00s Real=0.00s
[50.064s][info][gc,start       ] GC(342) Pause Young (Allocation Failure)
[50.064s][info][gc,task        ] GC(342) Using 6 workers of 6 for evacuation
[50.066s][info][gc,heap        ] GC(342) ParNew: 284196K->2420K(314560K)
[50.066s][info][gc,heap        ] GC(342) CMS: 11651K->12546K(699072K)
[50.066s][info][gc,metaspace   ] GC(342) Metaspace: 14868K(15360K)->14868K(15360K) NonClass: 13499K(13824K)->13499K(13824K) Class: 1369K(1536K)->1369K(1536K)
[50.066s][info][gc             ] GC(342) Pause Young (Allocation Failure) 288M->14M(989M) 1.783ms
[50.066s][info][gc,cpu         ] GC(342) User=0.00s Sys=0.00s Real=0.00s
[50.264s][info][gc,start       ] GC(343) Pause Young (Allocation Failure)
[50.264s][info][gc,task        ] GC(343) Using 6 workers of 6 for evacuation
[50.266s][info][gc,heap        ] GC(343) ParNew: 282036K->2535K(314560K)
[50.266s][info][gc,heap        ] GC(343) CMS: 12546K->12546K(699072K)
[50.266s][info][gc,metaspace   ] GC(343) Metaspace: 14868K(15360K)->14868K(15360K) NonClass: 13499K(13824K)->13499K(13824K) Class: 1369K(1536K)->1369K(1536K)
[50.266s][info][gc             ] GC(343) Pause Young (Allocation Failure) 287M->14M(989M) 1.408ms
[50.266s][info][gc,cpu         ] GC(343) User=0.00s Sys=0.00s Real=0.00s
[50.436s][info][gc,start       ] GC(344) Pause Young (Allocation Failure)
[50.436s][info][gc,task        ] GC(344) Using 6 workers of 6 for evacuation
[50.438s][info][gc,heap        ] GC(344) ParNew: 282151K->2996K(314560K)
[50.438s][info][gc,heap        ] GC(344) CMS: 12546K->12546K(699072K)
[50.438s][info][gc,metaspace   ] GC(344) Metaspace: 14868K(15360K)->14868K(15360K) NonClass: 13499K(13824K)->13499K(13824K) Class: 1369K(1536K)->1369K(1536K)
[50.438s][info][gc             ] GC(344) Pause Young (Allocation Failure) 287M->15M(989M) 1.551ms
[50.438s][info][gc,cpu         ] GC(344) User=0.00s Sys=0.00s Real=0.00s
[50.593s][info][gc,start       ] GC(345) Pause Young (Allocation Failure)
[50.593s][info][gc,task        ] GC(345) Using 6 workers of 6 for evacuation
[50.595s][info][gc,heap        ] GC(345) ParNew: 282612K->2724K(314560K)
[50.595s][info][gc,heap        ] GC(345) CMS: 12546K->12546K(699072K)
[50.595s][info][gc,metaspace   ] GC(345) Metaspace: 14868K(15360K)->14868K(15360K) NonClass: 13499K(13824K)->13499K(13824K) Class: 1369K(1536K)->1369K(1536K)
[50.595s][info][gc             ] GC(345) Pause Young (Allocation Failure) 288M->14M(989M) 1.458ms
[50.595s][info][gc,cpu         ] GC(345) User=0.00s Sys=0.00s Real=0.00s
[50.757s][info][gc,start       ] GC(346) Pause Young (Allocation Failure)
[50.757s][info][gc,task        ] GC(346) Using 6 workers of 6 for evacuation
[50.758s][info][gc,heap        ] GC(346) ParNew: 282340K->3022K(314560K)
[50.758s][info][gc,heap        ] GC(346) CMS: 12546K->12546K(699072K)
[50.758s][info][gc,metaspace   ] GC(346) Metaspace: 14868K(15360K)->14868K(15360K) NonClass: 13499K(13824K)->13499K(13824K) Class: 1369K(1536K)->1369K(1536K)
[50.758s][info][gc             ] GC(346) Pause Young (Allocation Failure) 287M->15M(989M) 1.499ms
[50.758s][info][gc,cpu         ] GC(346) User=0.00s Sys=0.00s Real=0.00s
[50.923s][info][gc,start       ] GC(347) Pause Young (Allocation Failure)
[50.923s][info][gc,task        ] GC(347) Using 6 workers of 6 for evacuation
[50.925s][info][gc,heap        ] GC(347) ParNew: 282638K->2739K(314560K)
[50.925s][info][gc,heap        ] GC(347) CMS: 12546K->12546K(699072K)
[50.925s][info][gc,metaspace   ] GC(347) Metaspace: 14868K(15360K)->14868K(15360K) NonClass: 13499K(13824K)->13499K(13824K) Class: 1369K(1536K)->1369K(1536K)
[50.925s][info][gc             ] GC(347) Pause Young (Allocation Failure) 288M->14M(989M) 1.717ms
[50.925s][info][gc,cpu         ] GC(347) User=0.00s Sys=0.00s Real=0.00s
[51.096s][info][gc,start       ] GC(348) Pause Young (Allocation Failure)
[51.096s][info][gc,task        ] GC(348) Using 6 workers of 6 for evacuation
[51.098s][info][gc,heap        ] GC(348) ParNew: 282355K->3012K(314560K)
[51.098s][info][gc,heap        ] GC(348) CMS: 12546K->12546K(699072K)
[51.098s][info][gc,metaspace   ] GC(348) Metaspace: 14868K(15360K)->14868K(15360K) NonClass: 13499K(13824K)->13499K(13824K) Class: 1369K(1536K)->1369K(1536K)
[51.098s][info][gc             ] GC(348) Pause Young (Allocation Failure) 287M->15M(989M) 1.494ms
[51.098s][info][gc,cpu         ] GC(348) User=0.00s Sys=0.00s Real=0.00s
[51.282s][info][gc,start       ] GC(349) Pause Young (Allocation Failure)
[51.282s][info][gc,task        ] GC(349) Using 6 workers of 6 for evacuation
[51.284s][info][gc,heap        ] GC(349) ParNew: 282628K->2937K(314560K)
[51.284s][info][gc,heap        ] GC(349) CMS: 12546K->12546K(699072K)
[51.284s][info][gc,metaspace   ] GC(349) Metaspace: 14868K(15360K)->14868K(15360K) NonClass: 13499K(13824K)->13499K(13824K) Class: 1369K(1536K)->1369K(1536K)
[51.284s][info][gc             ] GC(349) Pause Young (Allocation Failure) 288M->15M(989M) 1.681ms
[51.284s][info][gc,cpu         ] GC(349) User=0.00s Sys=0.00s Real=0.00s
[51.472s][info][gc,start       ] GC(350) Pause Young (Allocation Failure)
[51.472s][info][gc,task        ] GC(350) Using 6 workers of 6 for evacuation
[51.473s][info][gc,heap        ] GC(350) ParNew: 282553K->2407K(314560K)
[51.473s][info][gc,heap        ] GC(350) CMS: 12546K->12546K(699072K)
[51.473s][info][gc,metaspace   ] GC(350) Metaspace: 14868K(15360K)->14868K(15360K) NonClass: 13499K(13824K)->13499K(13824K) Class: 1369K(1536K)->1369K(1536K)
[51.473s][info][gc             ] GC(350) Pause Young (Allocation Failure) 288M->14M(989M) 1.540ms
[51.473s][info][gc,cpu         ] GC(350) User=0.00s Sys=0.00s Real=0.00s
[51.650s][info][gc,start       ] GC(351) Pause Young (Allocation Failure)
[51.650s][info][gc,task        ] GC(351) Using 6 workers of 6 for evacuation
[51.652s][info][gc,heap        ] GC(351) ParNew: 282023K->2818K(314560K)
[51.652s][info][gc,heap        ] GC(351) CMS: 12546K->12546K(699072K)
[51.652s][info][gc,metaspace   ] GC(351) Metaspace: 14868K(15360K)->14868K(15360K) NonClass: 13499K(13824K)->13499K(13824K) Class: 1369K(1536K)->1369K(1536K)
[51.652s][info][gc             ] GC(351) Pause Young (Allocation Failure) 287M->15M(989M) 1.550ms
[51.652s][info][gc,cpu         ] GC(351) User=0.00s Sys=0.00s Real=0.00s
[51.825s][info][gc,start       ] GC(352) Pause Young (Allocation Failure)
[51.825s][info][gc,task        ] GC(352) Using 6 workers of 6 for evacuation
[51.827s][info][gc,heap        ] GC(352) ParNew: 282434K->2996K(314560K)
[51.827s][info][gc,heap        ] GC(352) CMS: 12546K->12546K(699072K)
[51.827s][info][gc,metaspace   ] GC(352) Metaspace: 14868K(15360K)->14868K(15360K) NonClass: 13499K(13824K)->13499K(13824K) Class: 1369K(1536K)->1369K(1536K)
[51.827s][info][gc             ] GC(352) Pause Young (Allocation Failure) 288M->15M(989M) 1.524ms
[51.827s][info][gc,cpu         ] GC(352) User=0.09s Sys=0.00s Real=0.00s
[52.005s][info][gc,start       ] GC(353) Pause Young (Allocation Failure)
[52.005s][info][gc,task        ] GC(353) Using 6 workers of 6 for evacuation
[52.006s][info][gc,heap        ] GC(353) ParNew: 282612K->3107K(314560K)
[52.006s][info][gc,heap        ] GC(353) CMS: 12546K->12546K(699072K)
[52.006s][info][gc,metaspace   ] GC(353) Metaspace: 14868K(15360K)->14868K(15360K) NonClass: 13499K(13824K)->13499K(13824K) Class: 1369K(1536K)->1369K(1536K)
[52.006s][info][gc             ] GC(353) Pause Young (Allocation Failure) 288M->15M(989M) 1.551ms
[52.006s][info][gc,cpu         ] GC(353) User=0.00s Sys=0.00s Real=0.00s
[52.177s][info][gc,start       ] GC(354) Pause Young (Allocation Failure)
[52.177s][info][gc,task        ] GC(354) Using 6 workers of 6 for evacuation
[52.179s][info][gc,heap        ] GC(354) ParNew: 282723K->2656K(314560K)
[52.179s][info][gc,heap        ] GC(354) CMS: 12546K->12546K(699072K)
[52.179s][info][gc,metaspace   ] GC(354) Metaspace: 14868K(15360K)->14868K(15360K) NonClass: 13499K(13824K)->13499K(13824K) Class: 1369K(1536K)->1369K(1536K)
[52.179s][info][gc             ] GC(354) Pause Young (Allocation Failure) 288M->14M(989M) 1.461ms
[52.179s][info][gc,cpu         ] GC(354) User=0.00s Sys=0.00s Real=0.00s
[52.345s][info][gc,start       ] GC(355) Pause Young (Allocation Failure)
[52.345s][info][gc,task        ] GC(355) Using 6 workers of 6 for evacuation
[52.347s][info][gc,heap        ] GC(355) ParNew: 282272K->3296K(314560K)
[52.347s][info][gc,heap        ] GC(355) CMS: 12546K->12546K(699072K)
[52.347s][info][gc,metaspace   ] GC(355) Metaspace: 14868K(15360K)->14868K(15360K) NonClass: 13499K(13824K)->13499K(13824K) Class: 1369K(1536K)->1369K(1536K)
[52.347s][info][gc             ] GC(355) Pause Young (Allocation Failure) 287M->15M(989M) 1.496ms
[52.347s][info][gc,cpu         ] GC(355) User=0.00s Sys=0.00s Real=0.00s
[52.507s][info][gc,start       ] GC(356) Pause Young (Allocation Failure)
[52.507s][info][gc,task        ] GC(356) Using 6 workers of 6 for evacuation
[52.508s][info][gc,heap        ] GC(356) ParNew: 282912K->3434K(314560K)
[52.508s][info][gc,heap        ] GC(356) CMS: 12546K->12546K(699072K)
[52.508s][info][gc,metaspace   ] GC(356) Metaspace: 14868K(15360K)->14868K(15360K) NonClass: 13499K(13824K)->13499K(13824K) Class: 1369K(1536K)->1369K(1536K)
[52.508s][info][gc             ] GC(356) Pause Young (Allocation Failure) 288M->15M(989M) 1.519ms
[52.508s][info][gc,cpu         ] GC(356) User=0.00s Sys=0.00s Real=0.00s
[52.668s][info][gc,start       ] GC(357) Pause Young (Allocation Failure)
[52.668s][info][gc,task        ] GC(357) Using 6 workers of 6 for evacuation
[52.669s][info][gc,heap        ] GC(357) ParNew: 283050K->3175K(314560K)
[52.669s][info][gc,heap        ] GC(357) CMS: 12546K->12546K(699072K)
[52.669s][info][gc,metaspace   ] GC(357) Metaspace: 14868K(15360K)->14868K(15360K) NonClass: 13499K(13824K)->13499K(13824K) Class: 1369K(1536K)->1369K(1536K)
[52.669s][info][gc             ] GC(357) Pause Young (Allocation Failure) 288M->15M(989M) 1.493ms
[52.669s][info][gc,cpu         ] GC(357) User=0.00s Sys=0.00s Real=0.00s
[52.815s][info][gc,start       ] GC(358) Pause Young (Allocation Failure)
[52.815s][info][gc,task        ] GC(358) Using 6 workers of 6 for evacuation
[52.816s][info][gc,heap        ] GC(358) ParNew: 282791K->3138K(314560K)
[52.816s][info][gc,heap        ] GC(358) CMS: 12546K->12546K(699072K)
[52.816s][info][gc,metaspace   ] GC(358) Metaspace: 14868K(15360K)->14868K(15360K) NonClass: 13499K(13824K)->13499K(13824K) Class: 1369K(1536K)->1369K(1536K)
[52.816s][info][gc             ] GC(358) Pause Young (Allocation Failure) 288M->15M(989M) 1.459ms
[52.816s][info][gc,cpu         ] GC(358) User=0.00s Sys=0.00s Real=0.00s
[52.961s][info][gc,start       ] GC(359) Pause Young (Allocation Failure)
[52.961s][info][gc,task        ] GC(359) Using 6 workers of 6 for evacuation
[52.963s][info][gc,heap        ] GC(359) ParNew: 282754K->2808K(314560K)
[52.963s][info][gc,heap        ] GC(359) CMS: 12546K->12546K(699072K)
[52.963s][info][gc,metaspace   ] GC(359) Metaspace: 14868K(15360K)->14868K(15360K) NonClass: 13499K(13824K)->13499K(13824K) Class: 1369K(1536K)->1369K(1536K)
[52.963s][info][gc             ] GC(359) Pause Young (Allocation Failure) 288M->14M(989M) 1.603ms
[52.963s][info][gc,cpu         ] GC(359) User=0.00s Sys=0.00s Real=0.00s
[53.106s][info][gc,start       ] GC(360) Pause Young (Allocation Failure)
[53.106s][info][gc,task        ] GC(360) Using 6 workers of 6 for evacuation
[53.108s][info][gc,heap        ] GC(360) ParNew: 282424K->2836K(314560K)
[53.108s][info][gc,heap        ] GC(360) CMS: 12546K->12546K(699072K)
[53.108s][info][gc,metaspace   ] GC(360) Metaspace: 14868K(15360K)->14868K(15360K) NonClass: 13499K(13824K)->13499K(13824K) Class: 1369K(1536K)->1369K(1536K)
[53.108s][info][gc             ] GC(360) Pause Young (Allocation Failure) 288M->15M(989M) 1.569ms
[53.108s][info][gc,cpu         ] GC(360) User=0.09s Sys=0.00s Real=0.00s
[53.284s][info][gc,start       ] GC(361) Pause Young (Allocation Failure)
[53.285s][info][gc,task        ] GC(361) Using 6 workers of 6 for evacuation
[53.286s][info][gc,heap        ] GC(361) ParNew: 282452K->3366K(314560K)
[53.286s][info][gc,heap        ] GC(361) CMS: 12546K->12546K(699072K)
[53.286s][info][gc,metaspace   ] GC(361) Metaspace: 14868K(15360K)->14868K(15360K) NonClass: 13499K(13824K)->13499K(13824K) Class: 1369K(1536K)->1369K(1536K)
[53.286s][info][gc             ] GC(361) Pause Young (Allocation Failure) 288M->15M(989M) 1.631ms
[53.286s][info][gc,cpu         ] GC(361) User=0.00s Sys=0.00s Real=0.00s
[53.438s][info][gc,start       ] GC(362) Pause Young (Allocation Failure)
[53.438s][info][gc,task        ] GC(362) Using 6 workers of 6 for evacuation
[53.440s][info][gc,heap        ] GC(362) ParNew: 282982K->3769K(314560K)
[53.440s][info][gc,heap        ] GC(362) CMS: 12546K->12546K(699072K)
[53.440s][info][gc,metaspace   ] GC(362) Metaspace: 14868K(15360K)->14868K(15360K) NonClass: 13499K(13824K)->13499K(13824K) Class: 1369K(1536K)->1369K(1536K)
[53.440s][info][gc             ] GC(362) Pause Young (Allocation Failure) 288M->15M(989M) 1.579ms
[53.440s][info][gc,cpu         ] GC(362) User=0.00s Sys=0.00s Real=0.00s
[53.615s][info][gc,start       ] GC(363) Pause Young (Allocation Failure)
[53.615s][info][gc,task        ] GC(363) Using 6 workers of 6 for evacuation
[53.616s][info][gc,heap        ] GC(363) ParNew: 283385K->2719K(314560K)
[53.616s][info][gc,heap        ] GC(363) CMS: 12546K->12546K(699072K)
[53.616s][info][gc,metaspace   ] GC(363) Metaspace: 14868K(15360K)->14868K(15360K) NonClass: 13499K(13824K)->13499K(13824K) Class: 1369K(1536K)->1369K(1536K)
[53.616s][info][gc             ] GC(363) Pause Young (Allocation Failure) 288M->14M(989M) 1.571ms
[53.616s][info][gc,cpu         ] GC(363) User=0.00s Sys=0.00s Real=0.00s
[53.784s][info][gc,start       ] GC(364) Pause Young (Allocation Failure)
[53.784s][info][gc,task        ] GC(364) Using 6 workers of 6 for evacuation
[53.786s][info][gc,heap        ] GC(364) ParNew: 282335K->3500K(314560K)
[53.786s][info][gc,heap        ] GC(364) CMS: 12546K->12546K(699072K)
[53.786s][info][gc,metaspace   ] GC(364) Metaspace: 14868K(15360K)->14868K(15360K) NonClass: 13499K(13824K)->13499K(13824K) Class: 1369K(1536K)->1369K(1536K)
[53.786s][info][gc             ] GC(364) Pause Young (Allocation Failure) 287M->15M(989M) 1.588ms
[53.786s][info][gc,cpu         ] GC(364) User=0.00s Sys=0.00s Real=0.00s
[53.938s][info][gc,start       ] GC(365) Pause Young (Allocation Failure)
[53.941s][info][gc,task        ] GC(365) Using 6 workers of 6 for evacuation
[53.942s][info][gc,heap        ] GC(365) ParNew: 283116K->3099K(314560K)
[53.942s][info][gc,heap        ] GC(365) CMS: 12546K->12546K(699072K)
[53.942s][info][gc,metaspace   ] GC(365) Metaspace: 14868K(15360K)->14868K(15360K) NonClass: 13499K(13824K)->13499K(13824K) Class: 1369K(1536K)->1369K(1536K)
[53.942s][info][gc             ] GC(365) Pause Young (Allocation Failure) 288M->15M(989M) 3.692ms
[53.942s][info][gc,cpu         ] GC(365) User=0.00s Sys=0.00s Real=0.00s
[54.106s][info][gc,start       ] GC(366) Pause Young (Allocation Failure)
[54.106s][info][gc,task        ] GC(366) Using 6 workers of 6 for evacuation
[54.107s][info][gc,heap        ] GC(366) ParNew: 282715K->2369K(314560K)
[54.108s][info][gc,heap        ] GC(366) CMS: 12546K->12546K(699072K)
[54.108s][info][gc,metaspace   ] GC(366) Metaspace: 14868K(15360K)->14868K(15360K) NonClass: 13499K(13824K)->13499K(13824K) Class: 1369K(1536K)->1369K(1536K)
[54.108s][info][gc             ] GC(366) Pause Young (Allocation Failure) 288M->14M(989M) 1.329ms
[54.108s][info][gc,cpu         ] GC(366) User=0.00s Sys=0.00s Real=0.00s
[54.302s][info][gc,start       ] GC(367) Pause Young (Allocation Failure)
[54.302s][info][gc,task        ] GC(367) Using 6 workers of 6 for evacuation
[54.303s][info][gc,heap        ] GC(367) ParNew: 281985K->3071K(314560K)
[54.303s][info][gc,heap        ] GC(367) CMS: 12546K->12546K(699072K)
[54.303s][info][gc,metaspace   ] GC(367) Metaspace: 14868K(15360K)->14868K(15360K) NonClass: 13499K(13824K)->13499K(13824K) Class: 1369K(1536K)->1369K(1536K)
[54.303s][info][gc             ] GC(367) Pause Young (Allocation Failure) 287M->15M(989M) 1.553ms
[54.304s][info][gc,cpu         ] GC(367) User=0.00s Sys=0.00s Real=0.00s
[54.508s][info][gc,start       ] GC(368) Pause Young (Allocation Failure)
[54.508s][info][gc,task        ] GC(368) Using 6 workers of 6 for evacuation
[54.509s][info][gc,heap        ] GC(368) ParNew: 282687K->3003K(314560K)
[54.509s][info][gc,heap        ] GC(368) CMS: 12546K->12546K(699072K)
[54.509s][info][gc,metaspace   ] GC(368) Metaspace: 14868K(15360K)->14868K(15360K) NonClass: 13499K(13824K)->13499K(13824K) Class: 1369K(1536K)->1369K(1536K)
[54.509s][info][gc             ] GC(368) Pause Young (Allocation Failure) 288M->15M(989M) 1.457ms
[54.509s][info][gc,cpu         ] GC(368) User=0.00s Sys=0.00s Real=0.00s
[54.700s][info][gc,start       ] GC(369) Pause Young (Allocation Failure)
[54.700s][info][gc,task        ] GC(369) Using 6 workers of 6 for evacuation
[54.702s][info][gc,heap        ] GC(369) ParNew: 282619K->3010K(314560K)
[54.702s][info][gc,heap        ] GC(369) CMS: 12546K->12546K(699072K)
[54.702s][info][gc,metaspace   ] GC(369) Metaspace: 14868K(15360K)->14868K(15360K) NonClass: 13499K(13824K)->13499K(13824K) Class: 1369K(1536K)->1369K(1536K)
[54.702s][info][gc             ] GC(369) Pause Young (Allocation Failure) 288M->15M(989M) 1.542ms
[54.702s][info][gc,cpu         ] GC(369) User=0.09s Sys=0.00s Real=0.00s
[54.886s][info][gc,start       ] GC(370) Pause Young (Allocation Failure)
[54.886s][info][gc,task        ] GC(370) Using 6 workers of 6 for evacuation
[54.887s][info][gc,heap        ] GC(370) ParNew: 282626K->2432K(314560K)
[54.887s][info][gc,heap        ] GC(370) CMS: 12546K->12546K(699072K)
[54.887s][info][gc,metaspace   ] GC(370) Metaspace: 14868K(15360K)->14868K(15360K) NonClass: 13499K(13824K)->13499K(13824K) Class: 1369K(1536K)->1369K(1536K)
[54.887s][info][gc             ] GC(370) Pause Young (Allocation Failure) 288M->14M(989M) 1.374ms
[54.887s][info][gc,cpu         ] GC(370) User=0.00s Sys=0.00s Real=0.00s
[55.058s][info][gc,start       ] GC(371) Pause Young (Allocation Failure)
[55.058s][info][gc,task        ] GC(371) Using 6 workers of 6 for evacuation
[55.059s][info][gc,heap        ] GC(371) ParNew: 282048K->3656K(314560K)
[55.060s][info][gc,heap        ] GC(371) CMS: 12546K->12546K(699072K)
[55.060s][info][gc,metaspace   ] GC(371) Metaspace: 14868K(15360K)->14868K(15360K) NonClass: 13499K(13824K)->13499K(13824K) Class: 1369K(1536K)->1369K(1536K)
[55.060s][info][gc             ] GC(371) Pause Young (Allocation Failure) 287M->15M(989M) 1.627ms
[55.060s][info][gc,cpu         ] GC(371) User=0.00s Sys=0.00s Real=0.00s
[55.231s][info][gc,start       ] GC(372) Pause Young (Allocation Failure)
[55.231s][info][gc,task        ] GC(372) Using 6 workers of 6 for evacuation
[55.233s][info][gc,heap        ] GC(372) ParNew: 283272K->2735K(314560K)
[55.233s][info][gc,heap        ] GC(372) CMS: 12546K->12546K(699072K)
[55.233s][info][gc,metaspace   ] GC(372) Metaspace: 14868K(15360K)->14868K(15360K) NonClass: 13499K(13824K)->13499K(13824K) Class: 1369K(1536K)->1369K(1536K)
[55.233s][info][gc             ] GC(372) Pause Young (Allocation Failure) 288M->14M(989M) 1.538ms
[55.233s][info][gc,cpu         ] GC(372) User=0.02s Sys=0.00s Real=0.00s
[55.403s][info][gc,start       ] GC(373) Pause Young (Allocation Failure)
[55.403s][info][gc,task        ] GC(373) Using 6 workers of 6 for evacuation
[55.404s][info][gc,heap        ] GC(373) ParNew: 282351K->3179K(314560K)
[55.404s][info][gc,heap        ] GC(373) CMS: 12546K->12546K(699072K)
[55.404s][info][gc,metaspace   ] GC(373) Metaspace: 14868K(15360K)->14868K(15360K) NonClass: 13499K(13824K)->13499K(13824K) Class: 1369K(1536K)->1369K(1536K)
[55.404s][info][gc             ] GC(373) Pause Young (Allocation Failure) 287M->15M(989M) 1.571ms
[55.404s][info][gc,cpu         ] GC(373) User=0.00s Sys=0.00s Real=0.00s
[55.604s][info][gc,start       ] GC(374) Pause Young (Allocation Failure)
[55.604s][info][gc,task        ] GC(374) Using 6 workers of 6 for evacuation
[55.606s][info][gc,heap        ] GC(374) ParNew: 282795K->3293K(314560K)
[55.606s][info][gc,heap        ] GC(374) CMS: 12546K->12546K(699072K)
[55.606s][info][gc,metaspace   ] GC(374) Metaspace: 14868K(15360K)->14868K(15360K) NonClass: 13499K(13824K)->13499K(13824K) Class: 1369K(1536K)->1369K(1536K)
[55.606s][info][gc             ] GC(374) Pause Young (Allocation Failure) 288M->15M(989M) 1.576ms
[55.606s][info][gc,cpu         ] GC(374) User=0.00s Sys=0.00s Real=0.00s
[55.801s][info][gc,start       ] GC(375) Pause Young (Allocation Failure)
[55.801s][info][gc,task        ] GC(375) Using 6 workers of 6 for evacuation
[55.803s][info][gc,heap        ] GC(375) ParNew: 282909K->2760K(314560K)
[55.803s][info][gc,heap        ] GC(375) CMS: 12546K->12546K(699072K)
[55.803s][info][gc,metaspace   ] GC(375) Metaspace: 14868K(15360K)->14868K(15360K) NonClass: 13499K(13824K)->13499K(13824K) Class: 1369K(1536K)->1369K(1536K)
[55.803s][info][gc             ] GC(375) Pause Young (Allocation Failure) 288M->14M(989M) 1.469ms
[55.803s][info][gc,cpu         ] GC(375) User=0.00s Sys=0.00s Real=0.00s
[55.989s][info][gc,start       ] GC(376) Pause Young (Allocation Failure)
[55.989s][info][gc,task        ] GC(376) Using 6 workers of 6 for evacuation
[55.990s][info][gc,heap        ] GC(376) ParNew: 282376K->3470K(314560K)
[55.990s][info][gc,heap        ] GC(376) CMS: 12546K->12546K(699072K)
[55.990s][info][gc,metaspace   ] GC(376) Metaspace: 14868K(15360K)->14868K(15360K) NonClass: 13499K(13824K)->13499K(13824K) Class: 1369K(1536K)->1369K(1536K)
[55.990s][info][gc             ] GC(376) Pause Young (Allocation Failure) 288M->15M(989M) 1.577ms
[55.990s][info][gc,cpu         ] GC(376) User=0.00s Sys=0.00s Real=0.00s
[56.176s][info][gc,start       ] GC(377) Pause Young (Allocation Failure)
[56.176s][info][gc,task        ] GC(377) Using 6 workers of 6 for evacuation
[56.177s][info][gc,heap        ] GC(377) ParNew: 283086K->3922K(314560K)
[56.177s][info][gc,heap        ] GC(377) CMS: 12546K->12546K(699072K)
[56.177s][info][gc,metaspace   ] GC(377) Metaspace: 14868K(15360K)->14868K(15360K) NonClass: 13499K(13824K)->13499K(13824K) Class: 1369K(1536K)->1369K(1536K)
[56.177s][info][gc             ] GC(377) Pause Young (Allocation Failure) 288M->16M(989M) 1.586ms
[56.177s][info][gc,cpu         ] GC(377) User=0.00s Sys=0.00s Real=0.00s
[56.353s][info][gc,start       ] GC(378) Pause Young (Allocation Failure)
[56.353s][info][gc,task        ] GC(378) Using 6 workers of 6 for evacuation
[56.354s][info][gc,heap        ] GC(378) ParNew: 283538K->2802K(314560K)
[56.354s][info][gc,heap        ] GC(378) CMS: 12546K->12546K(699072K)
[56.354s][info][gc,metaspace   ] GC(378) Metaspace: 14868K(15360K)->14868K(15360K) NonClass: 13499K(13824K)->13499K(13824K) Class: 1369K(1536K)->1369K(1536K)
[56.354s][info][gc             ] GC(378) Pause Young (Allocation Failure) 289M->14M(989M) 1.444ms
[56.354s][info][gc,cpu         ] GC(378) User=0.00s Sys=0.00s Real=0.00s
[56.535s][info][gc,start       ] GC(379) Pause Young (Allocation Failure)
[56.535s][info][gc,task        ] GC(379) Using 6 workers of 6 for evacuation
[56.537s][info][gc,heap        ] GC(379) ParNew: 282418K->3086K(314560K)
[56.537s][info][gc,heap        ] GC(379) CMS: 12546K->12546K(699072K)
[56.537s][info][gc,metaspace   ] GC(379) Metaspace: 14868K(15360K)->14868K(15360K) NonClass: 13499K(13824K)->13499K(13824K) Class: 1369K(1536K)->1369K(1536K)
[56.537s][info][gc             ] GC(379) Pause Young (Allocation Failure) 288M->15M(989M) 1.545ms
[56.537s][info][gc,cpu         ] GC(379) User=0.00s Sys=0.00s Real=0.00s
[56.701s][info][gc,start       ] GC(380) Pause Young (Allocation Failure)
[56.701s][info][gc,task        ] GC(380) Using 6 workers of 6 for evacuation
[56.702s][info][gc,heap        ] GC(380) ParNew: 282702K->3262K(314560K)
[56.702s][info][gc,heap        ] GC(380) CMS: 12546K->12546K(699072K)
[56.702s][info][gc,metaspace   ] GC(380) Metaspace: 14868K(15360K)->14868K(15360K) NonClass: 13499K(13824K)->13499K(13824K) Class: 1369K(1536K)->1369K(1536K)
[56.703s][info][gc             ] GC(380) Pause Young (Allocation Failure) 288M->15M(989M) 1.654ms
[56.703s][info][gc,cpu         ] GC(380) User=0.05s Sys=0.05s Real=0.00s
[56.884s][info][gc,start       ] GC(381) Pause Young (Allocation Failure)
[56.884s][info][gc,task        ] GC(381) Using 6 workers of 6 for evacuation
[56.885s][info][gc,heap        ] GC(381) ParNew: 282878K->3116K(314560K)
[56.885s][info][gc,heap        ] GC(381) CMS: 12546K->12546K(699072K)
[56.885s][info][gc,metaspace   ] GC(381) Metaspace: 14868K(15360K)->14868K(15360K) NonClass: 13499K(13824K)->13499K(13824K) Class: 1369K(1536K)->1369K(1536K)
[56.885s][info][gc             ] GC(381) Pause Young (Allocation Failure) 288M->15M(989M) 1.323ms
[56.885s][info][gc,cpu         ] GC(381) User=0.00s Sys=0.00s Real=0.00s
[57.066s][info][gc,start       ] GC(382) Pause Young (Allocation Failure)
[57.066s][info][gc,task        ] GC(382) Using 6 workers of 6 for evacuation
[57.067s][info][gc,heap        ] GC(382) ParNew: 282732K->3267K(314560K)
[57.067s][info][gc,heap        ] GC(382) CMS: 12546K->12546K(699072K)
[57.067s][info][gc,metaspace   ] GC(382) Metaspace: 14868K(15360K)->14868K(15360K) NonClass: 13499K(13824K)->13499K(13824K) Class: 1369K(1536K)->1369K(1536K)
[57.067s][info][gc             ] GC(382) Pause Young (Allocation Failure) 288M->15M(989M) 1.545ms
[57.067s][info][gc,cpu         ] GC(382) User=0.00s Sys=0.00s Real=0.00s
[57.234s][info][gc,start       ] GC(383) Pause Young (Allocation Failure)
[57.234s][info][gc,task        ] GC(383) Using 6 workers of 6 for evacuation
[57.235s][info][gc,heap        ] GC(383) ParNew: 282883K->3361K(314560K)
[57.235s][info][gc,heap        ] GC(383) CMS: 12546K->12546K(699072K)
[57.235s][info][gc,metaspace   ] GC(383) Metaspace: 14868K(15360K)->14868K(15360K) NonClass: 13499K(13824K)->13499K(13824K) Class: 1369K(1536K)->1369K(1536K)
[57.235s][info][gc             ] GC(383) Pause Young (Allocation Failure) 288M->15M(989M) 1.470ms
[57.235s][info][gc,cpu         ] GC(383) User=0.00s Sys=0.00s Real=0.00s
[57.370s][info][gc,start       ] GC(384) Pause Young (Allocation Failure)
[57.370s][info][gc,task        ] GC(384) Using 6 workers of 6 for evacuation
[57.371s][info][gc,heap        ] GC(384) ParNew: 282977K->2676K(314560K)
[57.371s][info][gc,heap        ] GC(384) CMS: 12546K->12546K(699072K)
[57.371s][info][gc,metaspace   ] GC(384) Metaspace: 14868K(15360K)->14868K(15360K) NonClass: 13499K(13824K)->13499K(13824K) Class: 1369K(1536K)->1369K(1536K)
[57.371s][info][gc             ] GC(384) Pause Young (Allocation Failure) 288M->14M(989M) 1.549ms
[57.371s][info][gc,cpu         ] GC(384) User=0.00s Sys=0.00s Real=0.00s
[57.523s][info][gc,start       ] GC(385) Pause Young (Allocation Failure)
[57.523s][info][gc,task        ] GC(385) Using 6 workers of 6 for evacuation
[57.524s][info][gc,heap        ] GC(385) ParNew: 282292K->3102K(314560K)
[57.524s][info][gc,heap        ] GC(385) CMS: 12546K->12546K(699072K)
[57.524s][info][gc,metaspace   ] GC(385) Metaspace: 14868K(15360K)->14868K(15360K) NonClass: 13499K(13824K)->13499K(13824K) Class: 1369K(1536K)->1369K(1536K)
[57.524s][info][gc             ] GC(385) Pause Young (Allocation Failure) 287M->15M(989M) 1.515ms
[57.524s][info][gc,cpu         ] GC(385) User=0.00s Sys=0.00s Real=0.00s
[57.661s][info][gc,start       ] GC(386) Pause Young (Allocation Failure)
[57.661s][info][gc,task        ] GC(386) Using 6 workers of 6 for evacuation
[57.662s][info][gc,heap        ] GC(386) ParNew: 282718K->2006K(314560K)
[57.662s][info][gc,heap        ] GC(386) CMS: 12546K->12546K(699072K)
[57.662s][info][gc,metaspace   ] GC(386) Metaspace: 14868K(15360K)->14868K(15360K) NonClass: 13499K(13824K)->13499K(13824K) Class: 1369K(1536K)->1369K(1536K)
[57.662s][info][gc             ] GC(386) Pause Young (Allocation Failure) 288M->14M(989M) 1.400ms
[57.662s][info][gc,cpu         ] GC(386) User=0.00s Sys=0.00s Real=0.00s
[57.821s][info][gc,start       ] GC(387) Pause Young (Allocation Failure)
[57.821s][info][gc,task        ] GC(387) Using 6 workers of 6 for evacuation
[57.822s][info][gc,heap        ] GC(387) ParNew: 281622K->3270K(314560K)
[57.822s][info][gc,heap        ] GC(387) CMS: 12546K->12546K(699072K)
[57.822s][info][gc,metaspace   ] GC(387) Metaspace: 14868K(15360K)->14868K(15360K) NonClass: 13499K(13824K)->13499K(13824K) Class: 1369K(1536K)->1369K(1536K)
[57.822s][info][gc             ] GC(387) Pause Young (Allocation Failure) 287M->15M(989M) 1.494ms
[57.822s][info][gc,cpu         ] GC(387) User=0.00s Sys=0.00s Real=0.00s
[57.986s][info][gc,start       ] GC(388) Pause Young (Allocation Failure)
[57.987s][info][gc,task        ] GC(388) Using 6 workers of 6 for evacuation
[57.988s][info][gc,heap        ] GC(388) ParNew: 282886K->2717K(314560K)
[57.988s][info][gc,heap        ] GC(388) CMS: 12546K->12546K(699072K)
[57.988s][info][gc,metaspace   ] GC(388) Metaspace: 14868K(15360K)->14868K(15360K) NonClass: 13499K(13824K)->13499K(13824K) Class: 1369K(1536K)->1369K(1536K)
[57.988s][info][gc             ] GC(388) Pause Young (Allocation Failure) 288M->14M(989M) 1.999ms
[57.988s][info][gc,cpu         ] GC(388) User=0.00s Sys=0.00s Real=0.00s
[58.171s][info][gc,start       ] GC(389) Pause Young (Allocation Failure)
[58.171s][info][gc,task        ] GC(389) Using 6 workers of 6 for evacuation
[58.173s][info][gc,heap        ] GC(389) ParNew: 282333K->2620K(314560K)
[58.173s][info][gc,heap        ] GC(389) CMS: 12546K->12546K(699072K)
[58.173s][info][gc,metaspace   ] GC(389) Metaspace: 14868K(15360K)->14868K(15360K) NonClass: 13499K(13824K)->13499K(13824K) Class: 1369K(1536K)->1369K(1536K)
[58.173s][info][gc             ] GC(389) Pause Young (Allocation Failure) 287M->14M(989M) 1.481ms
[58.173s][info][gc,cpu         ] GC(389) User=0.00s Sys=0.00s Real=0.00s
[58.356s][info][gc,start       ] GC(390) Pause Young (Allocation Failure)
[58.356s][info][gc,task        ] GC(390) Using 6 workers of 6 for evacuation
[58.358s][info][gc,heap        ] GC(390) ParNew: 282236K->3253K(314560K)
[58.358s][info][gc,heap        ] GC(390) CMS: 12546K->12546K(699072K)
[58.358s][info][gc,metaspace   ] GC(390) Metaspace: 14868K(15360K)->14868K(15360K) NonClass: 13499K(13824K)->13499K(13824K) Class: 1369K(1536K)->1369K(1536K)
[58.358s][info][gc             ] GC(390) Pause Young (Allocation Failure) 287M->15M(989M) 1.362ms
[58.358s][info][gc,cpu         ] GC(390) User=0.00s Sys=0.00s Real=0.00s
[58.551s][info][gc,start       ] GC(391) Pause Young (Allocation Failure)
[58.551s][info][gc,task        ] GC(391) Using 6 workers of 6 for evacuation
[58.553s][info][gc,heap        ] GC(391) ParNew: 282869K->2841K(314560K)
[58.553s][info][gc,heap        ] GC(391) CMS: 12546K->12546K(699072K)
[58.553s][info][gc,metaspace   ] GC(391) Metaspace: 14868K(15360K)->14868K(15360K) NonClass: 13499K(13824K)->13499K(13824K) Class: 1369K(1536K)->1369K(1536K)
[58.553s][info][gc             ] GC(391) Pause Young (Allocation Failure) 288M->15M(989M) 1.612ms
[58.553s][info][gc,cpu         ] GC(391) User=0.00s Sys=0.00s Real=0.00s
[58.737s][info][gc,start       ] GC(392) Pause Young (Allocation Failure)
[58.737s][info][gc,task        ] GC(392) Using 6 workers of 6 for evacuation
[58.738s][info][gc,heap        ] GC(392) ParNew: 282457K->2585K(314560K)
[58.738s][info][gc,heap        ] GC(392) CMS: 12546K->12546K(699072K)
[58.738s][info][gc,metaspace   ] GC(392) Metaspace: 14868K(15360K)->14868K(15360K) NonClass: 13499K(13824K)->13499K(13824K) Class: 1369K(1536K)->1369K(1536K)
[58.738s][info][gc             ] GC(392) Pause Young (Allocation Failure) 288M->14M(989M) 1.405ms
[58.738s][info][gc,cpu         ] GC(392) User=0.00s Sys=0.00s Real=0.00s
[58.910s][info][gc,start       ] GC(393) Pause Young (Allocation Failure)
[58.910s][info][gc,task        ] GC(393) Using 6 workers of 6 for evacuation
[58.912s][info][gc,heap        ] GC(393) ParNew: 282201K->3255K(314560K)
[58.912s][info][gc,heap        ] GC(393) CMS: 12546K->12546K(699072K)
[58.912s][info][gc,metaspace   ] GC(393) Metaspace: 14868K(15360K)->14868K(15360K) NonClass: 13499K(13824K)->13499K(13824K) Class: 1369K(1536K)->1369K(1536K)
[58.912s][info][gc             ] GC(393) Pause Young (Allocation Failure) 287M->15M(989M) 1.554ms
[58.912s][info][gc,cpu         ] GC(393) User=0.00s Sys=0.00s Real=0.00s
[59.088s][info][gc,start       ] GC(394) Pause Young (Allocation Failure)
[59.088s][info][gc,task        ] GC(394) Using 6 workers of 6 for evacuation
[59.089s][info][gc,heap        ] GC(394) ParNew: 282871K->2833K(314560K)
[59.089s][info][gc,heap        ] GC(394) CMS: 12546K->12546K(699072K)
[59.089s][info][gc,metaspace   ] GC(394) Metaspace: 14868K(15360K)->14868K(15360K) NonClass: 13499K(13824K)->13499K(13824K) Class: 1369K(1536K)->1369K(1536K)
[59.089s][info][gc             ] GC(394) Pause Young (Allocation Failure) 288M->15M(989M) 1.406ms
[59.089s][info][gc,cpu         ] GC(394) User=0.00s Sys=0.00s Real=0.00s
[59.276s][info][gc,start       ] GC(395) Pause Young (Allocation Failure)
[59.276s][info][gc,task        ] GC(395) Using 6 workers of 6 for evacuation
[59.277s][info][gc,heap        ] GC(395) ParNew: 282449K->2755K(314560K)
[59.277s][info][gc,heap        ] GC(395) CMS: 12546K->12546K(699072K)
[59.277s][info][gc,metaspace   ] GC(395) Metaspace: 14868K(15360K)->14868K(15360K) NonClass: 13499K(13824K)->13499K(13824K) Class: 1369K(1536K)->1369K(1536K)
[59.277s][info][gc             ] GC(395) Pause Young (Allocation Failure) 288M->14M(989M) 1.315ms
[59.277s][info][gc,cpu         ] GC(395) User=0.00s Sys=0.00s Real=0.00s
[59.482s][info][gc,start       ] GC(396) Pause Young (Allocation Failure)
[59.482s][info][gc,task        ] GC(396) Using 6 workers of 6 for evacuation
[59.483s][info][gc,heap        ] GC(396) ParNew: 282371K->2868K(314560K)
[59.484s][info][gc,heap        ] GC(396) CMS: 12546K->12546K(699072K)
[59.484s][info][gc,metaspace   ] GC(396) Metaspace: 14868K(15360K)->14868K(15360K) NonClass: 13499K(13824K)->13499K(13824K) Class: 1369K(1536K)->1369K(1536K)
[59.484s][info][gc             ] GC(396) Pause Young (Allocation Failure) 288M->15M(989M) 1.453ms
[59.484s][info][gc,cpu         ] GC(396) User=0.09s Sys=0.00s Real=0.00s
[59.665s][info][gc,start       ] GC(397) Pause Young (Allocation Failure)
[59.666s][info][gc,task        ] GC(397) Using 6 workers of 6 for evacuation
[59.667s][info][gc,heap        ] GC(397) ParNew: 282484K->3004K(314560K)
[59.667s][info][gc,heap        ] GC(397) CMS: 12546K->12546K(699072K)
[59.667s][info][gc,metaspace   ] GC(397) Metaspace: 14868K(15360K)->14868K(15360K) NonClass: 13499K(13824K)->13499K(13824K) Class: 1369K(1536K)->1369K(1536K)
[59.667s][info][gc             ] GC(397) Pause Young (Allocation Failure) 288M->15M(989M) 1.394ms
[59.667s][info][gc,cpu         ] GC(397) User=0.00s Sys=0.00s Real=0.00s
[59.852s][info][gc,start       ] GC(398) Pause Young (Allocation Failure)
[59.852s][info][gc,task        ] GC(398) Using 6 workers of 6 for evacuation
[59.853s][info][gc,heap        ] GC(398) ParNew: 282620K->3029K(314560K)
[59.853s][info][gc,heap        ] GC(398) CMS: 12546K->12546K(699072K)
[59.853s][info][gc,metaspace   ] GC(398) Metaspace: 14868K(15360K)->14868K(15360K) NonClass: 13499K(13824K)->13499K(13824K) Class: 1369K(1536K)->1369K(1536K)
[59.853s][info][gc             ] GC(398) Pause Young (Allocation Failure) 288M->15M(989M) 1.348ms
[59.853s][info][gc,cpu         ] GC(398) User=0.00s Sys=0.00s Real=0.00s
[60.042s][info][gc,start       ] GC(399) Pause Young (Allocation Failure)
[60.042s][info][gc,task        ] GC(399) Using 6 workers of 6 for evacuation
[60.043s][info][gc,heap        ] GC(399) ParNew: 282645K->3373K(314560K)
[60.043s][info][gc,heap        ] GC(399) CMS: 12546K->12546K(699072K)
[60.043s][info][gc,metaspace   ] GC(399) Metaspace: 14868K(15360K)->14868K(15360K) NonClass: 13499K(13824K)->13499K(13824K) Class: 1369K(1536K)->1369K(1536K)
[60.043s][info][gc             ] GC(399) Pause Young (Allocation Failure) 288M->15M(989M) 1.419ms
[60.043s][info][gc,cpu         ] GC(399) User=0.00s Sys=0.00s Real=0.00s
[60.233s][info][gc,start       ] GC(400) Pause Young (Allocation Failure)
[60.233s][info][gc,task        ] GC(400) Using 6 workers of 6 for evacuation
[60.235s][info][gc,heap        ] GC(400) ParNew: 282989K->3079K(314560K)
[60.235s][info][gc,heap        ] GC(400) CMS: 12546K->12546K(699072K)
[60.235s][info][gc,metaspace   ] GC(400) Metaspace: 14868K(15360K)->14868K(15360K) NonClass: 13499K(13824K)->13499K(13824K) Class: 1369K(1536K)->1369K(1536K)
[60.235s][info][gc             ] GC(400) Pause Young (Allocation Failure) 288M->15M(989M) 1.421ms
[60.235s][info][gc,cpu         ] GC(400) User=0.00s Sys=0.00s Real=0.00s
[60.407s][info][gc,start       ] GC(401) Pause Young (Allocation Failure)
[60.407s][info][gc,task        ] GC(401) Using 6 workers of 6 for evacuation
[60.408s][info][gc,heap        ] GC(401) ParNew: 282695K->3048K(314560K)
[60.408s][info][gc,heap        ] GC(401) CMS: 12546K->12546K(699072K)
[60.408s][info][gc,metaspace   ] GC(401) Metaspace: 14868K(15360K)->14868K(15360K) NonClass: 13499K(13824K)->13499K(13824K) Class: 1369K(1536K)->1369K(1536K)
[60.408s][info][gc             ] GC(401) Pause Young (Allocation Failure) 288M->15M(989M) 1.436ms
[60.408s][info][gc,cpu         ] GC(401) User=0.00s Sys=0.00s Real=0.00s
[60.582s][info][gc,start       ] GC(402) Pause Full (System.gc())
[60.583s][info][gc,phases,start] GC(402) Phase 1: Mark live objects
[60.587s][info][gc,phases      ] GC(402) Phase 1: Mark live objects 4.717ms
[60.587s][info][gc,phases,start] GC(402) Phase 2: Compute new object addresses
[60.608s][info][gc,phases      ] GC(402) Phase 2: Compute new object addresses 20.139ms
[60.608s][info][gc,phases,start] GC(402) Phase 3: Adjust pointers
[60.610s][info][gc,phases      ] GC(402) Phase 3: Adjust pointers 2.756ms
[60.610s][info][gc,phases,start] GC(402) Phase 4: Move objects
[60.611s][info][gc,phases      ] GC(402) Phase 4: Move objects 0.902ms
[60.612s][info][gc,heap        ] GC(402) ParNew: 182924K->0K(314560K)
[60.612s][info][gc,heap        ] GC(402) CMS: 12546K->11651K(699072K)
[60.612s][info][gc,metaspace   ] GC(402) Metaspace: 14869K(15360K)->14869K(15360K) NonClass: 13500K(13824K)->13500K(13824K) Class: 1369K(1536K)->1369K(1536K)
[60.612s][info][gc             ] GC(402) Pause Full (System.gc()) 190M->11M(989M) 29.500ms
[60.612s][info][gc,cpu         ] GC(402) User=0.03s Sys=0.00s Real=0.03s
[60.718s][info][gc,start       ] GC(403) Pause Young (Allocation Failure)
[60.719s][info][gc,task        ] GC(403) Using 6 workers of 6 for evacuation
[60.720s][info][gc,heap        ] GC(403) ParNew: 279616K->4599K(314560K)
[60.720s][info][gc,heap        ] GC(403) CMS: 11651K->11651K(699072K)
[60.720s][info][gc,metaspace   ] GC(403) Metaspace: 14887K(15360K)->14887K(15360K) NonClass: 13518K(13824K)->13518K(13824K) Class: 1369K(1536K)->1369K(1536K)
[60.720s][info][gc             ] GC(403) Pause Young (Allocation Failure) 284M->15M(989M) 1.763ms
[60.720s][info][gc,cpu         ] GC(403) User=0.00s Sys=0.00s Real=0.00s
[60.863s][info][gc,start       ] GC(404) Pause Young (Allocation Failure)
[60.863s][info][gc,task        ] GC(404) Using 6 workers of 6 for evacuation
[60.864s][info][gc,heap        ] GC(404) ParNew: 284215K->4388K(314560K)
[60.864s][info][gc,heap        ] GC(404) CMS: 11651K->11651K(699072K)
[60.864s][info][gc,metaspace   ] GC(404) Metaspace: 14887K(15360K)->14887K(15360K) NonClass: 13518K(13824K)->13518K(13824K) Class: 1369K(1536K)->1369K(1536K)
[60.864s][info][gc             ] GC(404) Pause Young (Allocation Failure) 288M->15M(989M) 1.575ms
[60.864s][info][gc,cpu         ] GC(404) User=0.00s Sys=0.00s Real=0.00s
[60.993s][info][gc,start       ] GC(405) Pause Young (Allocation Failure)
[60.993s][info][gc,task        ] GC(405) Using 6 workers of 6 for evacuation
[60.994s][info][gc,heap        ] GC(405) ParNew: 284004K->4461K(314560K)
[60.995s][info][gc,heap        ] GC(405) CMS: 11651K->11651K(699072K)
[60.995s][info][gc,metaspace   ] GC(405) Metaspace: 14887K(15360K)->14887K(15360K) NonClass: 13518K(13824K)->13518K(13824K) Class: 1369K(1536K)->1369K(1536K)
[60.995s][info][gc             ] GC(405) Pause Young (Allocation Failure) 288M->15M(989M) 1.750ms
[60.995s][info][gc,cpu         ] GC(405) User=0.00s Sys=0.00s Real=0.00s
[61.146s][info][gc,start       ] GC(406) Pause Young (Allocation Failure)
[61.146s][info][gc,task        ] GC(406) Using 6 workers of 6 for evacuation
[61.148s][info][gc,heap        ] GC(406) ParNew: 284077K->4258K(314560K)
[61.148s][info][gc,heap        ] GC(406) CMS: 11651K->11651K(699072K)
[61.148s][info][gc,metaspace   ] GC(406) Metaspace: 14887K(15360K)->14887K(15360K) NonClass: 13518K(13824K)->13518K(13824K) Class: 1369K(1536K)->1369K(1536K)
[61.148s][info][gc             ] GC(406) Pause Young (Allocation Failure) 288M->15M(989M) 1.566ms
[61.148s][info][gc,cpu         ] GC(406) User=0.00s Sys=0.00s Real=0.00s
[61.254s][info][gc,start       ] GC(407) Pause Young (Allocation Failure)
[61.254s][info][gc,task        ] GC(407) Using 6 workers of 6 for evacuation
[61.255s][info][gc,heap        ] GC(407) ParNew: 283874K->3566K(314560K)
[61.255s][info][gc,heap        ] GC(407) CMS: 11651K->11651K(699072K)
[61.255s][info][gc,metaspace   ] GC(407) Metaspace: 14887K(15360K)->14887K(15360K) NonClass: 13518K(13824K)->13518K(13824K) Class: 1369K(1536K)->1369K(1536K)
[61.255s][info][gc             ] GC(407) Pause Young (Allocation Failure) 288M->14M(989M) 1.569ms
[61.255s][info][gc,cpu         ] GC(407) User=0.00s Sys=0.00s Real=0.00s
[61.411s][info][gc,start       ] GC(408) Pause Young (Allocation Failure)
[61.411s][info][gc,task        ] GC(408) Using 6 workers of 6 for evacuation
[61.412s][info][gc,heap        ] GC(408) ParNew: 283182K->3766K(314560K)
[61.412s][info][gc,heap        ] GC(408) CMS: 11651K->11651K(699072K)
[61.412s][info][gc,metaspace   ] GC(408) Metaspace: 14887K(15360K)->14887K(15360K) NonClass: 13518K(13824K)->13518K(13824K) Class: 1369K(1536K)->1369K(1536K)
[61.412s][info][gc             ] GC(408) Pause Young (Allocation Failure) 287M->15M(989M) 1.528ms
[61.412s][info][gc,cpu         ] GC(408) User=0.00s Sys=0.00s Real=0.00s
[61.529s][info][gc,start       ] GC(409) Pause Young (Allocation Failure)
[61.529s][info][gc,task        ] GC(409) Using 6 workers of 6 for evacuation
[61.530s][info][gc,heap        ] GC(409) ParNew: 283382K->2654K(314560K)
[61.530s][info][gc,heap        ] GC(409) CMS: 11651K->12546K(699072K)
[61.530s][info][gc,metaspace   ] GC(409) Metaspace: 14887K(15360K)->14887K(15360K) NonClass: 13518K(13824K)->13518K(13824K) Class: 1369K(1536K)->1369K(1536K)
[61.530s][info][gc             ] GC(409) Pause Young (Allocation Failure) 288M->14M(989M) 1.670ms
[61.530s][info][gc,cpu         ] GC(409) User=0.08s Sys=0.02s Real=0.00s
[61.689s][info][gc,start       ] GC(410) Pause Young (Allocation Failure)
[61.689s][info][gc,task        ] GC(410) Using 6 workers of 6 for evacuation
[61.690s][info][gc,heap        ] GC(410) ParNew: 282270K->2488K(314560K)
[61.690s][info][gc,heap        ] GC(410) CMS: 12546K->12546K(699072K)
[61.690s][info][gc,metaspace   ] GC(410) Metaspace: 14887K(15360K)->14887K(15360K) NonClass: 13518K(13824K)->13518K(13824K) Class: 1369K(1536K)->1369K(1536K)
[61.690s][info][gc             ] GC(410) Pause Young (Allocation Failure) 287M->14M(989M) 1.273ms
[61.690s][info][gc,cpu         ] GC(410) User=0.00s Sys=0.00s Real=0.00s
[61.834s][info][gc,start       ] GC(411) Pause Young (Allocation Failure)
[61.834s][info][gc,task        ] GC(411) Using 6 workers of 6 for evacuation
[61.836s][info][gc,heap        ] GC(411) ParNew: 282104K->3492K(314560K)
[61.836s][info][gc,heap        ] GC(411) CMS: 12546K->12546K(699072K)
[61.836s][info][gc,metaspace   ] GC(411) Metaspace: 14887K(15360K)->14887K(15360K) NonClass: 13518K(13824K)->13518K(13824K) Class: 1369K(1536K)->1369K(1536K)
[61.836s][info][gc             ] GC(411) Pause Young (Allocation Failure) 287M->15M(989M) 1.558ms
[61.836s][info][gc,cpu         ] GC(411) User=0.00s Sys=0.00s Real=0.00s
[61.971s][info][gc,start       ] GC(412) Pause Young (Allocation Failure)
[61.971s][info][gc,task        ] GC(412) Using 6 workers of 6 for evacuation
[61.973s][info][gc,heap        ] GC(412) ParNew: 283108K->3428K(314560K)
[61.973s][info][gc,heap        ] GC(412) CMS: 12546K->12546K(699072K)
[61.973s][info][gc,metaspace   ] GC(412) Metaspace: 14887K(15360K)->14887K(15360K) NonClass: 13518K(13824K)->13518K(13824K) Class: 1369K(1536K)->1369K(1536K)
[61.973s][info][gc             ] GC(412) Pause Young (Allocation Failure) 288M->15M(989M) 2.385ms
[61.973s][info][gc,cpu         ] GC(412) User=0.00s Sys=0.00s Real=0.00s
[62.109s][info][gc,start       ] GC(413) Pause Young (Allocation Failure)
[62.109s][info][gc,task        ] GC(413) Using 6 workers of 6 for evacuation
[62.110s][info][gc,heap        ] GC(413) ParNew: 283044K->2915K(314560K)
[62.110s][info][gc,heap        ] GC(413) CMS: 12546K->12546K(699072K)
[62.110s][info][gc,metaspace   ] GC(413) Metaspace: 14887K(15360K)->14887K(15360K) NonClass: 13518K(13824K)->13518K(13824K) Class: 1369K(1536K)->1369K(1536K)
[62.110s][info][gc             ] GC(413) Pause Young (Allocation Failure) 288M->15M(989M) 1.608ms
[62.110s][info][gc,cpu         ] GC(413) User=0.00s Sys=0.00s Real=0.00s
[62.249s][info][gc,start       ] GC(414) Pause Young (Allocation Failure)
[62.249s][info][gc,task        ] GC(414) Using 6 workers of 6 for evacuation
[62.251s][info][gc,heap        ] GC(414) ParNew: 282531K->3001K(314560K)
[62.251s][info][gc,heap        ] GC(414) CMS: 12546K->12546K(699072K)
[62.251s][info][gc,metaspace   ] GC(414) Metaspace: 14887K(15360K)->14887K(15360K) NonClass: 13518K(13824K)->13518K(13824K) Class: 1369K(1536K)->1369K(1536K)
[62.251s][info][gc             ] GC(414) Pause Young (Allocation Failure) 288M->15M(989M) 1.434ms
[62.251s][info][gc,cpu         ] GC(414) User=0.00s Sys=0.00s Real=0.00s
[62.393s][info][gc,start       ] GC(415) Pause Young (Allocation Failure)
[62.393s][info][gc,task        ] GC(415) Using 6 workers of 6 for evacuation
[62.394s][info][gc,heap        ] GC(415) ParNew: 282617K->3764K(314560K)
[62.394s][info][gc,heap        ] GC(415) CMS: 12546K->12546K(699072K)
[62.394s][info][gc,metaspace   ] GC(415) Metaspace: 14887K(15360K)->14887K(15360K) NonClass: 13518K(13824K)->13518K(13824K) Class: 1369K(1536K)->1369K(1536K)
[62.394s][info][gc             ] GC(415) Pause Young (Allocation Failure) 288M->15M(989M) 1.731ms
[62.394s][info][gc,cpu         ] GC(415) User=0.00s Sys=0.00s Real=0.00s
[62.552s][info][gc,start       ] GC(416) Pause Young (Allocation Failure)
[62.552s][info][gc,task        ] GC(416) Using 6 workers of 6 for evacuation
[62.553s][info][gc,heap        ] GC(416) ParNew: 283380K->2765K(314560K)
[62.553s][info][gc,heap        ] GC(416) CMS: 12546K->12546K(699072K)
[62.553s][info][gc,metaspace   ] GC(416) Metaspace: 14887K(15360K)->14887K(15360K) NonClass: 13518K(13824K)->13518K(13824K) Class: 1369K(1536K)->1369K(1536K)
[62.553s][info][gc             ] GC(416) Pause Young (Allocation Failure) 288M->14M(989M) 1.447ms
[62.553s][info][gc,cpu         ] GC(416) User=0.00s Sys=0.00s Real=0.00s
[62.720s][info][gc,start       ] GC(417) Pause Young (Allocation Failure)
[62.720s][info][gc,task        ] GC(417) Using 6 workers of 6 for evacuation
[62.721s][info][gc,heap        ] GC(417) ParNew: 282381K->2715K(314560K)
[62.721s][info][gc,heap        ] GC(417) CMS: 12546K->12546K(699072K)
[62.721s][info][gc,metaspace   ] GC(417) Metaspace: 14887K(15360K)->14887K(15360K) NonClass: 13518K(13824K)->13518K(13824K) Class: 1369K(1536K)->1369K(1536K)
[62.721s][info][gc             ] GC(417) Pause Young (Allocation Failure) 288M->14M(989M) 1.570ms
[62.721s][info][gc,cpu         ] GC(417) User=0.00s Sys=0.00s Real=0.00s
[62.875s][info][gc,start       ] GC(418) Pause Young (Allocation Failure)
[62.875s][info][gc,task        ] GC(418) Using 6 workers of 6 for evacuation
[62.876s][info][gc,heap        ] GC(418) ParNew: 282331K->3607K(314560K)
[62.876s][info][gc,heap        ] GC(418) CMS: 12546K->12546K(699072K)
[62.876s][info][gc,metaspace   ] GC(418) Metaspace: 14887K(15360K)->14887K(15360K) NonClass: 13518K(13824K)->13518K(13824K) Class: 1369K(1536K)->1369K(1536K)
[62.876s][info][gc             ] GC(418) Pause Young (Allocation Failure) 287M->15M(989M) 1.648ms
[62.876s][info][gc,cpu         ] GC(418) User=0.00s Sys=0.00s Real=0.00s
[63.034s][info][gc,start       ] GC(419) Pause Young (Allocation Failure)
[63.034s][info][gc,task        ] GC(419) Using 6 workers of 6 for evacuation
[63.036s][info][gc,heap        ] GC(419) ParNew: 283223K->2976K(314560K)
[63.036s][info][gc,heap        ] GC(419) CMS: 12546K->12546K(699072K)
[63.036s][info][gc,metaspace   ] GC(419) Metaspace: 14887K(15360K)->14887K(15360K) NonClass: 13518K(13824K)->13518K(13824K) Class: 1369K(1536K)->1369K(1536K)
[63.036s][info][gc             ] GC(419) Pause Young (Allocation Failure) 288M->15M(989M) 1.742ms
[63.036s][info][gc,cpu         ] GC(419) User=0.00s Sys=0.00s Real=0.00s
[63.180s][info][gc,start       ] GC(420) Pause Young (Allocation Failure)
[63.180s][info][gc,task        ] GC(420) Using 6 workers of 6 for evacuation
[63.181s][info][gc,heap        ] GC(420) ParNew: 282592K->3286K(314560K)
[63.181s][info][gc,heap        ] GC(420) CMS: 12546K->12546K(699072K)
[63.181s][info][gc,metaspace   ] GC(420) Metaspace: 14887K(15360K)->14887K(15360K) NonClass: 13518K(13824K)->13518K(13824K) Class: 1369K(1536K)->1369K(1536K)
[63.181s][info][gc             ] GC(420) Pause Young (Allocation Failure) 288M->15M(989M) 1.478ms
[63.181s][info][gc,cpu         ] GC(420) User=0.00s Sys=0.00s Real=0.00s
[63.321s][info][gc,start       ] GC(421) Pause Young (Allocation Failure)
[63.321s][info][gc,task        ] GC(421) Using 6 workers of 6 for evacuation
[63.323s][info][gc,heap        ] GC(421) ParNew: 282902K->2970K(314560K)
[63.323s][info][gc,heap        ] GC(421) CMS: 12546K->12546K(699072K)
[63.323s][info][gc,metaspace   ] GC(421) Metaspace: 14887K(15360K)->14887K(15360K) NonClass: 13518K(13824K)->13518K(13824K) Class: 1369K(1536K)->1369K(1536K)
[63.323s][info][gc             ] GC(421) Pause Young (Allocation Failure) 288M->15M(989M) 1.476ms
[63.323s][info][gc,cpu         ] GC(421) User=0.00s Sys=0.00s Real=0.00s
[63.463s][info][gc,start       ] GC(422) Pause Young (Allocation Failure)
[63.463s][info][gc,task        ] GC(422) Using 6 workers of 6 for evacuation
[63.465s][info][gc,heap        ] GC(422) ParNew: 282586K->2648K(314560K)
[63.465s][info][gc,heap        ] GC(422) CMS: 12546K->12546K(699072K)
[63.465s][info][gc,metaspace   ] GC(422) Metaspace: 14887K(15360K)->14887K(15360K) NonClass: 13518K(13824K)->13518K(13824K) Class: 1369K(1536K)->1369K(1536K)
[63.465s][info][gc             ] GC(422) Pause Young (Allocation Failure) 288M->14M(989M) 1.518ms
[63.465s][info][gc,cpu         ] GC(422) User=0.00s Sys=0.00s Real=0.00s
[63.593s][info][gc,start       ] GC(423) Pause Young (Allocation Failure)
[63.593s][info][gc,task        ] GC(423) Using 6 workers of 6 for evacuation
[63.594s][info][gc,heap        ] GC(423) ParNew: 282264K->2388K(314560K)
[63.594s][info][gc,heap        ] GC(423) CMS: 12546K->12546K(699072K)
[63.594s][info][gc,metaspace   ] GC(423) Metaspace: 14887K(15360K)->14887K(15360K) NonClass: 13518K(13824K)->13518K(13824K) Class: 1369K(1536K)->1369K(1536K)
[63.594s][info][gc             ] GC(423) Pause Young (Allocation Failure) 287M->14M(989M) 1.449ms
[63.594s][info][gc,cpu         ] GC(423) User=0.00s Sys=0.00s Real=0.00s
[63.720s][info][gc,start       ] GC(424) Pause Young (Allocation Failure)
[63.720s][info][gc,task        ] GC(424) Using 6 workers of 6 for evacuation
[63.721s][info][gc,heap        ] GC(424) ParNew: 282004K->3032K(314560K)
[63.722s][info][gc,heap        ] GC(424) CMS: 12546K->12546K(699072K)
[63.722s][info][gc,metaspace   ] GC(424) Metaspace: 14887K(15360K)->14887K(15360K) NonClass: 13518K(13824K)->13518K(13824K) Class: 1369K(1536K)->1369K(1536K)
[63.722s][info][gc             ] GC(424) Pause Young (Allocation Failure) 287M->15M(989M) 1.509ms
[63.722s][info][gc,cpu         ] GC(424) User=0.00s Sys=0.00s Real=0.00s
[63.831s][info][gc,start       ] GC(425) Pause Young (Allocation Failure)
[63.831s][info][gc,task        ] GC(425) Using 6 workers of 6 for evacuation
[63.832s][info][gc,heap        ] GC(425) ParNew: 282648K->3100K(314560K)
[63.832s][info][gc,heap        ] GC(425) CMS: 12546K->12546K(699072K)
[63.832s][info][gc,metaspace   ] GC(425) Metaspace: 14887K(15360K)->14887K(15360K) NonClass: 13518K(13824K)->13518K(13824K) Class: 1369K(1536K)->1369K(1536K)
[63.832s][info][gc             ] GC(425) Pause Young (Allocation Failure) 288M->15M(989M) 1.477ms
[63.832s][info][gc,cpu         ] GC(425) User=0.00s Sys=0.00s Real=0.00s
[63.939s][info][gc,start       ] GC(426) Pause Young (Allocation Failure)
[63.939s][info][gc,task        ] GC(426) Using 6 workers of 6 for evacuation
[63.941s][info][gc,heap        ] GC(426) ParNew: 282716K->2718K(314560K)
[63.941s][info][gc,heap        ] GC(426) CMS: 12546K->12546K(699072K)
[63.941s][info][gc,metaspace   ] GC(426) Metaspace: 14887K(15360K)->14887K(15360K) NonClass: 13518K(13824K)->13518K(13824K) Class: 1369K(1536K)->1369K(1536K)
[63.941s][info][gc             ] GC(426) Pause Young (Allocation Failure) 288M->14M(989M) 1.791ms
[63.941s][info][gc,cpu         ] GC(426) User=0.00s Sys=0.00s Real=0.00s
[64.050s][info][gc,start       ] GC(427) Pause Young (Allocation Failure)
[64.050s][info][gc,task        ] GC(427) Using 6 workers of 6 for evacuation
[64.051s][info][gc,heap        ] GC(427) ParNew: 282334K->3141K(314560K)
[64.051s][info][gc,heap        ] GC(427) CMS: 12546K->12546K(699072K)
[64.051s][info][gc,metaspace   ] GC(427) Metaspace: 14887K(15360K)->14887K(15360K) NonClass: 13518K(13824K)->13518K(13824K) Class: 1369K(1536K)->1369K(1536K)
[64.051s][info][gc             ] GC(427) Pause Young (Allocation Failure) 287M->15M(989M) 1.419ms
[64.051s][info][gc,cpu         ] GC(427) User=0.00s Sys=0.00s Real=0.00s
[64.192s][info][gc,start       ] GC(428) Pause Young (Allocation Failure)
[64.192s][info][gc,task        ] GC(428) Using 6 workers of 6 for evacuation
[64.193s][info][gc,heap        ] GC(428) ParNew: 282757K->3229K(314560K)
[64.193s][info][gc,heap        ] GC(428) CMS: 12546K->12546K(699072K)
[64.193s][info][gc,metaspace   ] GC(428) Metaspace: 14887K(15360K)->14887K(15360K) NonClass: 13518K(13824K)->13518K(13824K) Class: 1369K(1536K)->1369K(1536K)
[64.193s][info][gc             ] GC(428) Pause Young (Allocation Failure) 288M->15M(989M) 1.480ms
[64.193s][info][gc,cpu         ] GC(428) User=0.00s Sys=0.00s Real=0.00s
[64.312s][info][gc,start       ] GC(429) Pause Young (Allocation Failure)
[64.312s][info][gc,task        ] GC(429) Using 6 workers of 6 for evacuation
[64.314s][info][gc,heap        ] GC(429) ParNew: 282845K->3067K(314560K)
[64.314s][info][gc,heap        ] GC(429) CMS: 12546K->12546K(699072K)
[64.314s][info][gc,metaspace   ] GC(429) Metaspace: 14887K(15360K)->14887K(15360K) NonClass: 13518K(13824K)->13518K(13824K) Class: 1369K(1536K)->1369K(1536K)
[64.314s][info][gc             ] GC(429) Pause Young (Allocation Failure) 288M->15M(989M) 1.505ms
[64.314s][info][gc,cpu         ] GC(429) User=0.00s Sys=0.00s Real=0.00s
[64.459s][info][gc,start       ] GC(430) Pause Young (Allocation Failure)
[64.459s][info][gc,task        ] GC(430) Using 6 workers of 6 for evacuation
[64.461s][info][gc,heap        ] GC(430) ParNew: 282683K->3205K(314560K)
[64.461s][info][gc,heap        ] GC(430) CMS: 12546K->12546K(699072K)
[64.461s][info][gc,metaspace   ] GC(430) Metaspace: 14887K(15360K)->14887K(15360K) NonClass: 13518K(13824K)->13518K(13824K) Class: 1369K(1536K)->1369K(1536K)
[64.461s][info][gc             ] GC(430) Pause Young (Allocation Failure) 288M->15M(989M) 1.541ms
[64.461s][info][gc,cpu         ] GC(430) User=0.00s Sys=0.00s Real=0.00s
[64.593s][info][gc,start       ] GC(431) Pause Young (Allocation Failure)
[64.593s][info][gc,task        ] GC(431) Using 6 workers of 6 for evacuation
[64.594s][info][gc,heap        ] GC(431) ParNew: 282821K->3165K(314560K)
[64.594s][info][gc,heap        ] GC(431) CMS: 12546K->12546K(699072K)
[64.594s][info][gc,metaspace   ] GC(431) Metaspace: 14887K(15360K)->14887K(15360K) NonClass: 13518K(13824K)->13518K(13824K) Class: 1369K(1536K)->1369K(1536K)
[64.594s][info][gc             ] GC(431) Pause Young (Allocation Failure) 288M->15M(989M) 1.491ms
[64.594s][info][gc,cpu         ] GC(431) User=0.00s Sys=0.00s Real=0.00s
[64.705s][info][gc,start       ] GC(432) Pause Young (Allocation Failure)
[64.705s][info][gc,task        ] GC(432) Using 6 workers of 6 for evacuation
[64.706s][info][gc,heap        ] GC(432) ParNew: 282781K->3113K(314560K)
[64.706s][info][gc,heap        ] GC(432) CMS: 12546K->12546K(699072K)
[64.706s][info][gc,metaspace   ] GC(432) Metaspace: 14887K(15360K)->14887K(15360K) NonClass: 13518K(13824K)->13518K(13824K) Class: 1369K(1536K)->1369K(1536K)
[64.706s][info][gc             ] GC(432) Pause Young (Allocation Failure) 288M->15M(989M) 1.502ms
[64.706s][info][gc,cpu         ] GC(432) User=0.00s Sys=0.00s Real=0.00s
[64.845s][info][gc,start       ] GC(433) Pause Young (Allocation Failure)
[64.845s][info][gc,task        ] GC(433) Using 6 workers of 6 for evacuation
[64.846s][info][gc,heap        ] GC(433) ParNew: 282729K->2358K(314560K)
[64.846s][info][gc,heap        ] GC(433) CMS: 12546K->12546K(699072K)
[64.846s][info][gc,metaspace   ] GC(433) Metaspace: 14887K(15360K)->14887K(15360K) NonClass: 13518K(13824K)->13518K(13824K) Class: 1369K(1536K)->1369K(1536K)
[64.846s][info][gc             ] GC(433) Pause Young (Allocation Failure) 288M->14M(989M) 1.225ms
[64.846s][info][gc,cpu         ] GC(433) User=0.00s Sys=0.00s Real=0.00s
[65.009s][info][gc,start       ] GC(434) Pause Young (Allocation Failure)
[65.009s][info][gc,task        ] GC(434) Using 6 workers of 6 for evacuation
[65.011s][info][gc,heap        ] GC(434) ParNew: 281974K->2773K(314560K)
[65.011s][info][gc,heap        ] GC(434) CMS: 12546K->12546K(699072K)
[65.011s][info][gc,metaspace   ] GC(434) Metaspace: 14887K(15360K)->14887K(15360K) NonClass: 13518K(13824K)->13518K(13824K) Class: 1369K(1536K)->1369K(1536K)
[65.011s][info][gc             ] GC(434) Pause Young (Allocation Failure) 287M->14M(989M) 1.611ms
[65.011s][info][gc,cpu         ] GC(434) User=0.00s Sys=0.00s Real=0.00s
[65.183s][info][gc,start       ] GC(435) Pause Young (Allocation Failure)
[65.183s][info][gc,task        ] GC(435) Using 6 workers of 6 for evacuation
[65.184s][info][gc,heap        ] GC(435) ParNew: 282389K->3327K(314560K)
[65.184s][info][gc,heap        ] GC(435) CMS: 12546K->12546K(699072K)
[65.185s][info][gc,metaspace   ] GC(435) Metaspace: 14887K(15360K)->14887K(15360K) NonClass: 13518K(13824K)->13518K(13824K) Class: 1369K(1536K)->1369K(1536K)
[65.185s][info][gc             ] GC(435) Pause Young (Allocation Failure) 288M->15M(989M) 1.580ms
[65.185s][info][gc,cpu         ] GC(435) User=0.00s Sys=0.00s Real=0.00s
[65.348s][info][gc,start       ] GC(436) Pause Young (Allocation Failure)
[65.348s][info][gc,task        ] GC(436) Using 6 workers of 6 for evacuation
[65.350s][info][gc,heap        ] GC(436) ParNew: 282943K->3086K(314560K)
[65.350s][info][gc,heap        ] GC(436) CMS: 12546K->12546K(699072K)
[65.350s][info][gc,metaspace   ] GC(436) Metaspace: 14887K(15360K)->14887K(15360K) NonClass: 13518K(13824K)->13518K(13824K) Class: 1369K(1536K)->1369K(1536K)
[65.350s][info][gc             ] GC(436) Pause Young (Allocation Failure) 288M->15M(989M) 1.768ms
[65.350s][info][gc,cpu         ] GC(436) User=0.00s Sys=0.00s Real=0.00s
[65.507s][info][gc,start       ] GC(437) Pause Young (Allocation Failure)
[65.507s][info][gc,task        ] GC(437) Using 6 workers of 6 for evacuation
[65.509s][info][gc,heap        ] GC(437) ParNew: 282702K->2820K(314560K)
[65.509s][info][gc,heap        ] GC(437) CMS: 12546K->12546K(699072K)
[65.509s][info][gc,metaspace   ] GC(437) Metaspace: 14887K(15360K)->14887K(15360K) NonClass: 13518K(13824K)->13518K(13824K) Class: 1369K(1536K)->1369K(1536K)
[65.509s][info][gc             ] GC(437) Pause Young (Allocation Failure) 288M->15M(989M) 1.374ms
[65.509s][info][gc,cpu         ] GC(437) User=0.00s Sys=0.00s Real=0.00s
[65.643s][info][gc,start       ] GC(438) Pause Young (Allocation Failure)
[65.643s][info][gc,task        ] GC(438) Using 6 workers of 6 for evacuation
[65.644s][info][gc,heap        ] GC(438) ParNew: 282436K->3026K(314560K)
[65.644s][info][gc,heap        ] GC(438) CMS: 12546K->12546K(699072K)
[65.644s][info][gc,metaspace   ] GC(438) Metaspace: 14887K(15360K)->14887K(15360K) NonClass: 13518K(13824K)->13518K(13824K) Class: 1369K(1536K)->1369K(1536K)
[65.644s][info][gc             ] GC(438) Pause Young (Allocation Failure) 288M->15M(989M) 1.540ms
[65.644s][info][gc,cpu         ] GC(438) User=0.00s Sys=0.00s Real=0.00s
[65.780s][info][gc,start       ] GC(439) Pause Young (Allocation Failure)
[65.780s][info][gc,task        ] GC(439) Using 6 workers of 6 for evacuation
[65.782s][info][gc,heap        ] GC(439) ParNew: 282642K->3266K(314560K)
[65.782s][info][gc,heap        ] GC(439) CMS: 12546K->12546K(699072K)
[65.782s][info][gc,metaspace   ] GC(439) Metaspace: 14887K(15360K)->14887K(15360K) NonClass: 13518K(13824K)->13518K(13824K) Class: 1369K(1536K)->1369K(1536K)
[65.782s][info][gc             ] GC(439) Pause Young (Allocation Failure) 288M->15M(989M) 1.530ms
[65.782s][info][gc,cpu         ] GC(439) User=0.00s Sys=0.00s Real=0.00s
[65.933s][info][gc,start       ] GC(440) Pause Young (Allocation Failure)
[65.934s][info][gc,task        ] GC(440) Using 6 workers of 6 for evacuation
[65.935s][info][gc,heap        ] GC(440) ParNew: 282882K->3066K(314560K)
[65.935s][info][gc,heap        ] GC(440) CMS: 12546K->12546K(699072K)
[65.935s][info][gc,metaspace   ] GC(440) Metaspace: 14887K(15360K)->14887K(15360K) NonClass: 13518K(13824K)->13518K(13824K) Class: 1369K(1536K)->1369K(1536K)
[65.935s][info][gc             ] GC(440) Pause Young (Allocation Failure) 288M->15M(989M) 1.595ms
[65.935s][info][gc,cpu         ] GC(440) User=0.00s Sys=0.00s Real=0.00s
[66.089s][info][gc,start       ] GC(441) Pause Young (Allocation Failure)
[66.089s][info][gc,task        ] GC(441) Using 6 workers of 6 for evacuation
[66.091s][info][gc,heap        ] GC(441) ParNew: 282682K->2789K(314560K)
[66.091s][info][gc,heap        ] GC(441) CMS: 12546K->12546K(699072K)
[66.091s][info][gc,metaspace   ] GC(441) Metaspace: 14887K(15360K)->14887K(15360K) NonClass: 13518K(13824K)->13518K(13824K) Class: 1369K(1536K)->1369K(1536K)
[66.091s][info][gc             ] GC(441) Pause Young (Allocation Failure) 288M->14M(989M) 1.458ms
[66.091s][info][gc,cpu         ] GC(441) User=0.00s Sys=0.00s Real=0.00s
[66.264s][info][gc,start       ] GC(442) Pause Young (Allocation Failure)
[66.264s][info][gc,task        ] GC(442) Using 6 workers of 6 for evacuation
[66.265s][info][gc,heap        ] GC(442) ParNew: 282405K->2967K(314560K)
[66.265s][info][gc,heap        ] GC(442) CMS: 12546K->12546K(699072K)
[66.265s][info][gc,metaspace   ] GC(442) Metaspace: 14887K(15360K)->14887K(15360K) NonClass: 13518K(13824K)->13518K(13824K) Class: 1369K(1536K)->1369K(1536K)
[66.265s][info][gc             ] GC(442) Pause Young (Allocation Failure) 288M->15M(989M) 1.413ms
[66.265s][info][gc,cpu         ] GC(442) User=0.00s Sys=0.00s Real=0.00s
[66.432s][info][gc,start       ] GC(443) Pause Young (Allocation Failure)
[66.432s][info][gc,task        ] GC(443) Using 6 workers of 6 for evacuation
[66.434s][info][gc,heap        ] GC(443) ParNew: 282583K->2680K(314560K)
[66.434s][info][gc,heap        ] GC(443) CMS: 12546K->12546K(699072K)
[66.434s][info][gc,metaspace   ] GC(443) Metaspace: 14887K(15360K)->14887K(15360K) NonClass: 13518K(13824K)->13518K(13824K) Class: 1369K(1536K)->1369K(1536K)
[66.434s][info][gc             ] GC(443) Pause Young (Allocation Failure) 288M->14M(989M) 1.422ms
[66.434s][info][gc,cpu         ] GC(443) User=0.00s Sys=0.00s Real=0.00s
[66.582s][info][gc,start       ] GC(444) Pause Young (Allocation Failure)
[66.582s][info][gc,task        ] GC(444) Using 6 workers of 6 for evacuation
[66.584s][info][gc,heap        ] GC(444) ParNew: 282296K->3057K(314560K)
[66.584s][info][gc,heap        ] GC(444) CMS: 12546K->12546K(699072K)
[66.584s][info][gc,metaspace   ] GC(444) Metaspace: 14887K(15360K)->14887K(15360K) NonClass: 13518K(13824K)->13518K(13824K) Class: 1369K(1536K)->1369K(1536K)
[66.584s][info][gc             ] GC(444) Pause Young (Allocation Failure) 287M->15M(989M) 1.467ms
[66.584s][info][gc,cpu         ] GC(444) User=0.00s Sys=0.00s Real=0.00s
[66.730s][info][gc,start       ] GC(445) Pause Young (Allocation Failure)
[66.731s][info][gc,task        ] GC(445) Using 6 workers of 6 for evacuation
[66.732s][info][gc,heap        ] GC(445) ParNew: 282673K->3107K(314560K)
[66.732s][info][gc,heap        ] GC(445) CMS: 12546K->12546K(699072K)
[66.732s][info][gc,metaspace   ] GC(445) Metaspace: 14887K(15360K)->14887K(15360K) NonClass: 13518K(13824K)->13518K(13824K) Class: 1369K(1536K)->1369K(1536K)
[66.732s][info][gc             ] GC(445) Pause Young (Allocation Failure) 288M->15M(989M) 1.607ms
[66.732s][info][gc,cpu         ] GC(445) User=0.00s Sys=0.00s Real=0.00s
[66.878s][info][gc,start       ] GC(446) Pause Young (Allocation Failure)
[66.878s][info][gc,task        ] GC(446) Using 6 workers of 6 for evacuation
[66.879s][info][gc,heap        ] GC(446) ParNew: 282723K->3069K(314560K)
[66.879s][info][gc,heap        ] GC(446) CMS: 12546K->12546K(699072K)
[66.879s][info][gc,metaspace   ] GC(446) Metaspace: 14887K(15360K)->14887K(15360K) NonClass: 13518K(13824K)->13518K(13824K) Class: 1369K(1536K)->1369K(1536K)
[66.879s][info][gc             ] GC(446) Pause Young (Allocation Failure) 288M->15M(989M) 1.444ms
[66.879s][info][gc,cpu         ] GC(446) User=0.00s Sys=0.00s Real=0.00s
[67.012s][info][gc,start       ] GC(447) Pause Young (Allocation Failure)
[67.012s][info][gc,task        ] GC(447) Using 6 workers of 6 for evacuation
[67.014s][info][gc,heap        ] GC(447) ParNew: 282685K->2681K(314560K)
[67.014s][info][gc,heap        ] GC(447) CMS: 12546K->12546K(699072K)
[67.014s][info][gc,metaspace   ] GC(447) Metaspace: 14887K(15360K)->14887K(15360K) NonClass: 13518K(13824K)->13518K(13824K) Class: 1369K(1536K)->1369K(1536K)
[67.014s][info][gc             ] GC(447) Pause Young (Allocation Failure) 288M->14M(989M) 1.676ms
[67.014s][info][gc,cpu         ] GC(447) User=0.09s Sys=0.00s Real=0.00s
[67.163s][info][gc,start       ] GC(448) Pause Young (Allocation Failure)
[67.163s][info][gc,task        ] GC(448) Using 6 workers of 6 for evacuation
[67.164s][info][gc,heap        ] GC(448) ParNew: 282297K->3331K(314560K)
[67.164s][info][gc,heap        ] GC(448) CMS: 12546K->12546K(699072K)
[67.164s][info][gc,metaspace   ] GC(448) Metaspace: 14887K(15360K)->14887K(15360K) NonClass: 13518K(13824K)->13518K(13824K) Class: 1369K(1536K)->1369K(1536K)
[67.164s][info][gc             ] GC(448) Pause Young (Allocation Failure) 287M->15M(989M) 1.404ms
[67.164s][info][gc,cpu         ] GC(448) User=0.00s Sys=0.00s Real=0.00s
[67.321s][info][gc,start       ] GC(449) Pause Young (Allocation Failure)
[67.321s][info][gc,task        ] GC(449) Using 6 workers of 6 for evacuation
[67.322s][info][gc,heap        ] GC(449) ParNew: 282947K->2288K(314560K)
[67.322s][info][gc,heap        ] GC(449) CMS: 12546K->12546K(699072K)
[67.322s][info][gc,metaspace   ] GC(449) Metaspace: 14887K(15360K)->14887K(15360K) NonClass: 13518K(13824K)->13518K(13824K) Class: 1369K(1536K)->1369K(1536K)
[67.322s][info][gc             ] GC(449) Pause Young (Allocation Failure) 288M->14M(989M) 1.354ms
[67.322s][info][gc,cpu         ] GC(449) User=0.00s Sys=0.00s Real=0.00s
[67.446s][info][gc,start       ] GC(450) Pause Young (Allocation Failure)
[67.446s][info][gc,task        ] GC(450) Using 6 workers of 6 for evacuation
[67.447s][info][gc,heap        ] GC(450) ParNew: 281904K->3472K(314560K)
[67.447s][info][gc,heap        ] GC(450) CMS: 12546K->12546K(699072K)
[67.447s][info][gc,metaspace   ] GC(450) Metaspace: 14887K(15360K)->14887K(15360K) NonClass: 13518K(13824K)->13518K(13824K) Class: 1369K(1536K)->1369K(1536K)
[67.447s][info][gc             ] GC(450) Pause Young (Allocation Failure) 287M->15M(989M) 1.447ms
[67.447s][info][gc,cpu         ] GC(450) User=0.00s Sys=0.00s Real=0.00s
[67.550s][info][gc,start       ] GC(451) Pause Young (Allocation Failure)
[67.550s][info][gc,task        ] GC(451) Using 6 workers of 6 for evacuation
[67.552s][info][gc,heap        ] GC(451) ParNew: 283088K->2737K(314560K)
[67.552s][info][gc,heap        ] GC(451) CMS: 12546K->12546K(699072K)
[67.552s][info][gc,metaspace   ] GC(451) Metaspace: 14887K(15360K)->14887K(15360K) NonClass: 13518K(13824K)->13518K(13824K) Class: 1369K(1536K)->1369K(1536K)
[67.552s][info][gc             ] GC(451) Pause Young (Allocation Failure) 288M->14M(989M) 1.613ms
[67.552s][info][gc,cpu         ] GC(451) User=0.00s Sys=0.00s Real=0.00s
[67.670s][info][gc,start       ] GC(452) Pause Young (Allocation Failure)
[67.670s][info][gc,task        ] GC(452) Using 6 workers of 6 for evacuation
[67.671s][info][gc,heap        ] GC(452) ParNew: 282353K->2903K(314560K)
[67.671s][info][gc,heap        ] GC(452) CMS: 12546K->12546K(699072K)
[67.671s][info][gc,metaspace   ] GC(452) Metaspace: 14887K(15360K)->14887K(15360K) NonClass: 13518K(13824K)->13518K(13824K) Class: 1369K(1536K)->1369K(1536K)
[67.672s][info][gc             ] GC(452) Pause Young (Allocation Failure) 287M->15M(989M) 1.564ms
[67.672s][info][gc,cpu         ] GC(452) User=0.02s Sys=0.00s Real=0.00s
[67.780s][info][gc,start       ] GC(453) Pause Young (Allocation Failure)
[67.780s][info][gc,task        ] GC(453) Using 6 workers of 6 for evacuation
[67.782s][info][gc,heap        ] GC(453) ParNew: 282519K->3058K(314560K)
[67.782s][info][gc,heap        ] GC(453) CMS: 12546K->12546K(699072K)
[67.782s][info][gc,metaspace   ] GC(453) Metaspace: 14887K(15360K)->14887K(15360K) NonClass: 13518K(13824K)->13518K(13824K) Class: 1369K(1536K)->1369K(1536K)
[67.782s][info][gc             ] GC(453) Pause Young (Allocation Failure) 288M->15M(989M) 1.479ms
[67.782s][info][gc,cpu         ] GC(453) User=0.00s Sys=0.00s Real=0.00s
[67.902s][info][gc,start       ] GC(454) Pause Young (Allocation Failure)
[67.902s][info][gc,task        ] GC(454) Using 6 workers of 6 for evacuation
[67.904s][info][gc,heap        ] GC(454) ParNew: 282674K->2769K(314560K)
[67.904s][info][gc,heap        ] GC(454) CMS: 12546K->12546K(699072K)
[67.904s][info][gc,metaspace   ] GC(454) Metaspace: 14887K(15360K)->14887K(15360K) NonClass: 13518K(13824K)->13518K(13824K) Class: 1369K(1536K)->1369K(1536K)
[67.904s][info][gc             ] GC(454) Pause Young (Allocation Failure) 288M->14M(989M) 1.711ms
[67.904s][info][gc,cpu         ] GC(454) User=0.00s Sys=0.00s Real=0.00s
[68.038s][info][gc,start       ] GC(455) Pause Young (Allocation Failure)
[68.038s][info][gc,task        ] GC(455) Using 6 workers of 6 for evacuation
[68.039s][info][gc,heap        ] GC(455) ParNew: 282385K->3119K(314560K)
[68.040s][info][gc,heap        ] GC(455) CMS: 12546K->12546K(699072K)
[68.040s][info][gc,metaspace   ] GC(455) Metaspace: 14887K(15360K)->14887K(15360K) NonClass: 13518K(13824K)->13518K(13824K) Class: 1369K(1536K)->1369K(1536K)
[68.040s][info][gc             ] GC(455) Pause Young (Allocation Failure) 288M->15M(989M) 1.489ms
[68.040s][info][gc,cpu         ] GC(455) User=0.00s Sys=0.00s Real=0.00s
[68.186s][info][gc,start       ] GC(456) Pause Young (Allocation Failure)
[68.186s][info][gc,task        ] GC(456) Using 6 workers of 6 for evacuation
[68.187s][info][gc,heap        ] GC(456) ParNew: 282735K->2768K(314560K)
[68.187s][info][gc,heap        ] GC(456) CMS: 12546K->12546K(699072K)
[68.187s][info][gc,metaspace   ] GC(456) Metaspace: 14887K(15360K)->14887K(15360K) NonClass: 13518K(13824K)->13518K(13824K) Class: 1369K(1536K)->1369K(1536K)
[68.187s][info][gc             ] GC(456) Pause Young (Allocation Failure) 288M->14M(989M) 1.446ms
[68.187s][info][gc,cpu         ] GC(456) User=0.00s Sys=0.00s Real=0.00s
[68.334s][info][gc,start       ] GC(457) Pause Young (Allocation Failure)
[68.334s][info][gc,task        ] GC(457) Using 6 workers of 6 for evacuation
[68.336s][info][gc,heap        ] GC(457) ParNew: 282384K->3349K(314560K)
[68.336s][info][gc,heap        ] GC(457) CMS: 12546K->12546K(699072K)
[68.336s][info][gc,metaspace   ] GC(457) Metaspace: 14887K(15360K)->14887K(15360K) NonClass: 13518K(13824K)->13518K(13824K) Class: 1369K(1536K)->1369K(1536K)
[68.336s][info][gc             ] GC(457) Pause Young (Allocation Failure) 288M->15M(989M) 1.575ms
[68.336s][info][gc,cpu         ] GC(457) User=0.00s Sys=0.00s Real=0.00s
[68.482s][info][gc,start       ] GC(458) Pause Young (Allocation Failure)
[68.482s][info][gc,task        ] GC(458) Using 6 workers of 6 for evacuation
[68.484s][info][gc,heap        ] GC(458) ParNew: 282965K->2728K(314560K)
[68.484s][info][gc,heap        ] GC(458) CMS: 12546K->12546K(699072K)
[68.484s][info][gc,metaspace   ] GC(458) Metaspace: 14887K(15360K)->14887K(15360K) NonClass: 13518K(13824K)->13518K(13824K) Class: 1369K(1536K)->1369K(1536K)
[68.484s][info][gc             ] GC(458) Pause Young (Allocation Failure) 288M->14M(989M) 1.365ms
[68.484s][info][gc,cpu         ] GC(458) User=0.09s Sys=0.00s Real=0.00s
[68.640s][info][gc,start       ] GC(459) Pause Young (Allocation Failure)
[68.640s][info][gc,task        ] GC(459) Using 6 workers of 6 for evacuation
[68.642s][info][gc,heap        ] GC(459) ParNew: 282344K->3086K(314560K)
[68.642s][info][gc,heap        ] GC(459) CMS: 12546K->12546K(699072K)
[68.642s][info][gc,metaspace   ] GC(459) Metaspace: 14887K(15360K)->14887K(15360K) NonClass: 13518K(13824K)->13518K(13824K) Class: 1369K(1536K)->1369K(1536K)
[68.642s][info][gc             ] GC(459) Pause Young (Allocation Failure) 287M->15M(989M) 1.451ms
[68.642s][info][gc,cpu         ] GC(459) User=0.00s Sys=0.00s Real=0.00s
[68.774s][info][gc,start       ] GC(460) Pause Young (Allocation Failure)
[68.774s][info][gc,task        ] GC(460) Using 6 workers of 6 for evacuation
[68.776s][info][gc,heap        ] GC(460) ParNew: 282702K->3134K(314560K)
[68.776s][info][gc,heap        ] GC(460) CMS: 12546K->12546K(699072K)
[68.776s][info][gc,metaspace   ] GC(460) Metaspace: 14887K(15360K)->14887K(15360K) NonClass: 13518K(13824K)->13518K(13824K) Class: 1369K(1536K)->1369K(1536K)
[68.776s][info][gc             ] GC(460) Pause Young (Allocation Failure) 288M->15M(989M) 1.385ms
[68.776s][info][gc,cpu         ] GC(460) User=0.00s Sys=0.00s Real=0.00s
[68.914s][info][gc,start       ] GC(461) Pause Young (Allocation Failure)
[68.914s][info][gc,task        ] GC(461) Using 6 workers of 6 for evacuation
[68.915s][info][gc,heap        ] GC(461) ParNew: 282750K->3344K(314560K)
[68.915s][info][gc,heap        ] GC(461) CMS: 12546K->12546K(699072K)
[68.915s][info][gc,metaspace   ] GC(461) Metaspace: 14887K(15360K)->14887K(15360K) NonClass: 13518K(13824K)->13518K(13824K) Class: 1369K(1536K)->1369K(1536K)
[68.915s][info][gc             ] GC(461) Pause Young (Allocation Failure) 288M->15M(989M) 1.544ms
[68.915s][info][gc,cpu         ] GC(461) User=0.00s Sys=0.00s Real=0.00s
[69.063s][info][gc,start       ] GC(462) Pause Young (Allocation Failure)
[69.064s][info][gc,task        ] GC(462) Using 6 workers of 6 for evacuation
[69.065s][info][gc,heap        ] GC(462) ParNew: 282960K->2281K(314560K)
[69.065s][info][gc,heap        ] GC(462) CMS: 12546K->12546K(699072K)
[69.065s][info][gc,metaspace   ] GC(462) Metaspace: 14887K(15360K)->14887K(15360K) NonClass: 13518K(13824K)->13518K(13824K) Class: 1369K(1536K)->1369K(1536K)
[69.065s][info][gc             ] GC(462) Pause Young (Allocation Failure) 288M->14M(989M) 1.548ms
[69.065s][info][gc,cpu         ] GC(462) User=0.00s Sys=0.00s Real=0.00s
[69.239s][info][gc,start       ] GC(463) Pause Young (Allocation Failure)
[69.239s][info][gc,task        ] GC(463) Using 6 workers of 6 for evacuation
[69.241s][info][gc,heap        ] GC(463) ParNew: 281897K->2976K(314560K)
[69.241s][info][gc,heap        ] GC(463) CMS: 12546K->12546K(699072K)
[69.241s][info][gc,metaspace   ] GC(463) Metaspace: 14887K(15360K)->14887K(15360K) NonClass: 13518K(13824K)->13518K(13824K) Class: 1369K(1536K)->1369K(1536K)
[69.241s][info][gc             ] GC(463) Pause Young (Allocation Failure) 287M->15M(989M) 1.463ms
[69.241s][info][gc,cpu         ] GC(463) User=0.00s Sys=0.00s Real=0.00s
[69.390s][info][gc,start       ] GC(464) Pause Young (Allocation Failure)
[69.390s][info][gc,task        ] GC(464) Using 6 workers of 6 for evacuation
[69.391s][info][gc,heap        ] GC(464) ParNew: 282592K->3313K(314560K)
[69.391s][info][gc,heap        ] GC(464) CMS: 12546K->12546K(699072K)
[69.391s][info][gc,metaspace   ] GC(464) Metaspace: 14887K(15360K)->14887K(15360K) NonClass: 13518K(13824K)->13518K(13824K) Class: 1369K(1536K)->1369K(1536K)
[69.391s][info][gc             ] GC(464) Pause Young (Allocation Failure) 288M->15M(989M) 1.408ms
[69.391s][info][gc,cpu         ] GC(464) User=0.00s Sys=0.00s Real=0.00s
[69.529s][info][gc,start       ] GC(465) Pause Young (Allocation Failure)
[69.529s][info][gc,task        ] GC(465) Using 6 workers of 6 for evacuation
[69.530s][info][gc,heap        ] GC(465) ParNew: 282929K->2059K(314560K)
[69.530s][info][gc,heap        ] GC(465) CMS: 12546K->12546K(699072K)
[69.530s][info][gc,metaspace   ] GC(465) Metaspace: 14887K(15360K)->14887K(15360K) NonClass: 13518K(13824K)->13518K(13824K) Class: 1369K(1536K)->1369K(1536K)
[69.530s][info][gc             ] GC(465) Pause Young (Allocation Failure) 288M->14M(989M) 1.281ms
[69.530s][info][gc,cpu         ] GC(465) User=0.09s Sys=0.00s Real=0.00s
[69.671s][info][gc,start       ] GC(466) Pause Young (Allocation Failure)
[69.671s][info][gc,task        ] GC(466) Using 6 workers of 6 for evacuation
[69.673s][info][gc,heap        ] GC(466) ParNew: 281675K->2952K(314560K)
[69.673s][info][gc,heap        ] GC(466) CMS: 12546K->12546K(699072K)
[69.673s][info][gc,metaspace   ] GC(466) Metaspace: 14887K(15360K)->14887K(15360K) NonClass: 13518K(13824K)->13518K(13824K) Class: 1369K(1536K)->1369K(1536K)
[69.673s][info][gc             ] GC(466) Pause Young (Allocation Failure) 287M->15M(989M) 1.379ms
[69.673s][info][gc,cpu         ] GC(466) User=0.00s Sys=0.00s Real=0.00s
[69.811s][info][gc,start       ] GC(467) Pause Young (Allocation Failure)
[69.811s][info][gc,task        ] GC(467) Using 6 workers of 6 for evacuation
[69.813s][info][gc,heap        ] GC(467) ParNew: 282568K->3303K(314560K)
[69.813s][info][gc,heap        ] GC(467) CMS: 12546K->12546K(699072K)
[69.813s][info][gc,metaspace   ] GC(467) Metaspace: 14887K(15360K)->14887K(15360K) NonClass: 13518K(13824K)->13518K(13824K) Class: 1369K(1536K)->1369K(1536K)
[69.813s][info][gc             ] GC(467) Pause Young (Allocation Failure) 288M->15M(989M) 1.463ms
[69.813s][info][gc,cpu         ] GC(467) User=0.00s Sys=0.00s Real=0.00s
[69.946s][info][gc,start       ] GC(468) Pause Young (Allocation Failure)
[69.946s][info][gc,task        ] GC(468) Using 6 workers of 6 for evacuation
[69.947s][info][gc,heap        ] GC(468) ParNew: 282919K->3135K(314560K)
[69.947s][info][gc,heap        ] GC(468) CMS: 12546K->12546K(699072K)
[69.947s][info][gc,metaspace   ] GC(468) Metaspace: 14887K(15360K)->14887K(15360K) NonClass: 13518K(13824K)->13518K(13824K) Class: 1369K(1536K)->1369K(1536K)
[69.947s][info][gc             ] GC(468) Pause Young (Allocation Failure) 288M->15M(989M) 1.768ms
[69.947s][info][gc,cpu         ] GC(468) User=0.00s Sys=0.00s Real=0.00s
[70.086s][info][gc,start       ] GC(469) Pause Full (System.gc())
[70.086s][info][gc,phases,start] GC(469) Phase 1: Mark live objects
[70.091s][info][gc,phases      ] GC(469) Phase 1: Mark live objects 4.608ms
[70.091s][info][gc,phases,start] GC(469) Phase 2: Compute new object addresses
[70.111s][info][gc,phases      ] GC(469) Phase 2: Compute new object addresses 19.774ms
[70.111s][info][gc,phases,start] GC(469) Phase 3: Adjust pointers
[70.114s][info][gc,phases      ] GC(469) Phase 3: Adjust pointers 2.840ms
[70.114s][info][gc,phases,start] GC(469) Phase 4: Move objects
[70.116s][info][gc,phases      ] GC(469) Phase 4: Move objects 1.739ms
[70.116s][info][gc,heap        ] GC(469) ParNew: 178926K->0K(314560K)
[70.116s][info][gc,heap        ] GC(469) CMS: 12546K->11657K(699072K)
[70.116s][info][gc,metaspace   ] GC(469) Metaspace: 14985K(15360K)->14985K(15360K) NonClass: 13608K(13824K)->13608K(13824K) Class: 1377K(1536K)->1377K(1536K)
[70.116s][info][gc             ] GC(469) Pause Full (System.gc()) 186M->11M(989M) 29.950ms
[70.116s][info][gc,cpu         ] GC(469) User=0.03s Sys=0.00s Real=0.02s
[70.230s][info][gc,start       ] GC(470) Pause Young (Allocation Failure)
[70.231s][info][gc,task        ] GC(470) Using 6 workers of 6 for evacuation
[70.232s][info][gc,heap        ] GC(470) ParNew: 279616K->4284K(314560K)
[70.232s][info][gc,heap        ] GC(470) CMS: 11657K->11657K(699072K)
[70.232s][info][gc,metaspace   ] GC(470) Metaspace: 15001K(15360K)->15001K(15360K) NonClass: 13623K(13824K)->13623K(13824K) Class: 1377K(1536K)->1377K(1536K)
[70.232s][info][gc             ] GC(470) Pause Young (Allocation Failure) 284M->15M(989M) 1.906ms
[70.232s][info][gc,cpu         ] GC(470) User=0.00s Sys=0.00s Real=0.00s
[70.363s][info][gc,start       ] GC(471) Pause Young (Allocation Failure)
[70.363s][info][gc,task        ] GC(471) Using 6 workers of 6 for evacuation
[70.364s][info][gc,heap        ] GC(471) ParNew: 283900K->3782K(314560K)
[70.364s][info][gc,heap        ] GC(471) CMS: 11657K->11657K(699072K)
[70.364s][info][gc,metaspace   ] GC(471) Metaspace: 15001K(15360K)->15001K(15360K) NonClass: 13623K(13824K)->13623K(13824K) Class: 1377K(1536K)->1377K(1536K)
[70.364s][info][gc             ] GC(471) Pause Young (Allocation Failure) 288M->15M(989M) 1.733ms
[70.364s][info][gc,cpu         ] GC(471) User=0.00s Sys=0.00s Real=0.00s
[70.525s][info][gc,start       ] GC(472) Pause Young (Allocation Failure)
[70.525s][info][gc,task        ] GC(472) Using 6 workers of 6 for evacuation
[70.527s][info][gc,heap        ] GC(472) ParNew: 283398K->4411K(314560K)
[70.527s][info][gc,heap        ] GC(472) CMS: 11657K->11657K(699072K)
[70.527s][info][gc,metaspace   ] GC(472) Metaspace: 15001K(15360K)->15001K(15360K) NonClass: 13623K(13824K)->13623K(13824K) Class: 1377K(1536K)->1377K(1536K)
[70.527s][info][gc             ] GC(472) Pause Young (Allocation Failure) 288M->15M(989M) 1.631ms
[70.527s][info][gc,cpu         ] GC(472) User=0.00s Sys=0.00s Real=0.00s
[70.617s][info][gc,start       ] GC(473) Pause Young (Allocation Failure)
[70.617s][info][gc,task        ] GC(473) Using 6 workers of 6 for evacuation
[70.618s][info][gc,heap        ] GC(473) ParNew: 284027K->3394K(314560K)
[70.618s][info][gc,heap        ] GC(473) CMS: 11657K->11657K(699072K)
[70.618s][info][gc,metaspace   ] GC(473) Metaspace: 15001K(15360K)->15001K(15360K) NonClass: 13623K(13824K)->13623K(13824K) Class: 1377K(1536K)->1377K(1536K)
[70.618s][info][gc             ] GC(473) Pause Young (Allocation Failure) 288M->14M(989M) 1.553ms
[70.618s][info][gc,cpu         ] GC(473) User=0.00s Sys=0.00s Real=0.00s
[70.742s][info][gc,start       ] GC(474) Pause Young (Allocation Failure)
[70.742s][info][gc,task        ] GC(474) Using 6 workers of 6 for evacuation
[70.744s][info][gc,heap        ] GC(474) ParNew: 283010K->3973K(314560K)
[70.744s][info][gc,heap        ] GC(474) CMS: 11657K->11657K(699072K)
[70.744s][info][gc,metaspace   ] GC(474) Metaspace: 15001K(15360K)->15001K(15360K) NonClass: 13623K(13824K)->13623K(13824K) Class: 1377K(1536K)->1377K(1536K)
[70.744s][info][gc             ] GC(474) Pause Young (Allocation Failure) 287M->15M(989M) 1.791ms
[70.744s][info][gc,cpu         ] GC(474) User=0.00s Sys=0.00s Real=0.00s
[70.839s][info][gc,start       ] GC(475) Pause Young (Allocation Failure)
[70.839s][info][gc,task        ] GC(475) Using 6 workers of 6 for evacuation
[70.841s][info][gc,heap        ] GC(475) ParNew: 283589K->3483K(314560K)
[70.841s][info][gc,heap        ] GC(475) CMS: 11657K->11657K(699072K)
[70.841s][info][gc,metaspace   ] GC(475) Metaspace: 15001K(15360K)->15001K(15360K) NonClass: 13623K(13824K)->13623K(13824K) Class: 1377K(1536K)->1377K(1536K)
[70.841s][info][gc             ] GC(475) Pause Young (Allocation Failure) 288M->14M(989M) 1.752ms
[70.841s][info][gc,cpu         ] GC(475) User=0.00s Sys=0.00s Real=0.00s
[70.957s][info][gc,start       ] GC(476) Pause Young (Allocation Failure)
[70.957s][info][gc,task        ] GC(476) Using 6 workers of 6 for evacuation
[70.959s][info][gc,heap        ] GC(476) ParNew: 283099K->2672K(314560K)
[70.959s][info][gc,heap        ] GC(476) CMS: 11657K->12552K(699072K)
[70.959s][info][gc,metaspace   ] GC(476) Metaspace: 15001K(15360K)->15001K(15360K) NonClass: 13623K(13824K)->13623K(13824K) Class: 1377K(1536K)->1377K(1536K)
[70.959s][info][gc             ] GC(476) Pause Young (Allocation Failure) 287M->14M(989M) 1.923ms
[70.959s][info][gc,cpu         ] GC(476) User=0.00s Sys=0.00s Real=0.00s
[71.116s][info][gc,start       ] GC(477) Pause Young (Allocation Failure)
[71.117s][info][gc,task        ] GC(477) Using 6 workers of 6 for evacuation
[71.118s][info][gc,heap        ] GC(477) ParNew: 282288K->3089K(314560K)
[71.118s][info][gc,heap        ] GC(477) CMS: 12552K->12552K(699072K)
[71.118s][info][gc,metaspace   ] GC(477) Metaspace: 15001K(15360K)->15001K(15360K) NonClass: 13623K(13824K)->13623K(13824K) Class: 1377K(1536K)->1377K(1536K)
[71.118s][info][gc             ] GC(477) Pause Young (Allocation Failure) 287M->15M(989M) 1.574ms
[71.118s][info][gc,cpu         ] GC(477) User=0.00s Sys=0.00s Real=0.00s
[71.259s][info][gc,start       ] GC(478) Pause Young (Allocation Failure)
[71.259s][info][gc,task        ] GC(478) Using 6 workers of 6 for evacuation
[71.260s][info][gc,heap        ] GC(478) ParNew: 282705K->2363K(314560K)
[71.260s][info][gc,heap        ] GC(478) CMS: 12552K->12552K(699072K)
[71.260s][info][gc,metaspace   ] GC(478) Metaspace: 15001K(15360K)->15001K(15360K) NonClass: 13623K(13824K)->13623K(13824K) Class: 1377K(1536K)->1377K(1536K)
[71.260s][info][gc             ] GC(478) Pause Young (Allocation Failure) 288M->14M(989M) 1.423ms
[71.261s][info][gc,cpu         ] GC(478) User=0.00s Sys=0.00s Real=0.00s
[71.386s][info][gc,start       ] GC(479) Pause Young (Allocation Failure)
[71.386s][info][gc,task        ] GC(479) Using 6 workers of 6 for evacuation
[71.387s][info][gc,heap        ] GC(479) ParNew: 281979K->2889K(314560K)
[71.387s][info][gc,heap        ] GC(479) CMS: 12552K->12552K(699072K)
[71.387s][info][gc,metaspace   ] GC(479) Metaspace: 15001K(15360K)->15001K(15360K) NonClass: 13623K(13824K)->13623K(13824K) Class: 1377K(1536K)->1377K(1536K)
[71.387s][info][gc             ] GC(479) Pause Young (Allocation Failure) 287M->15M(989M) 1.479ms
[71.387s][info][gc,cpu         ] GC(479) User=0.00s Sys=0.00s Real=0.00s
[71.511s][info][gc,start       ] GC(480) Pause Young (Allocation Failure)
[71.511s][info][gc,task        ] GC(480) Using 6 workers of 6 for evacuation
[71.513s][info][gc,heap        ] GC(480) ParNew: 282505K->2860K(314560K)
[71.513s][info][gc,heap        ] GC(480) CMS: 12552K->12552K(699072K)
[71.513s][info][gc,metaspace   ] GC(480) Metaspace: 15001K(15360K)->15001K(15360K) NonClass: 13623K(13824K)->13623K(13824K) Class: 1377K(1536K)->1377K(1536K)
[71.513s][info][gc             ] GC(480) Pause Young (Allocation Failure) 288M->15M(989M) 1.424ms
[71.513s][info][gc,cpu         ] GC(480) User=0.00s Sys=0.00s Real=0.00s
[71.637s][info][gc,start       ] GC(481) Pause Young (Allocation Failure)
[71.637s][info][gc,task        ] GC(481) Using 6 workers of 6 for evacuation
[71.639s][info][gc,heap        ] GC(481) ParNew: 282476K->2983K(314560K)
[71.639s][info][gc,heap        ] GC(481) CMS: 12552K->12552K(699072K)
[71.639s][info][gc,metaspace   ] GC(481) Metaspace: 15001K(15360K)->15001K(15360K) NonClass: 13623K(13824K)->13623K(13824K) Class: 1377K(1536K)->1377K(1536K)
[71.639s][info][gc             ] GC(481) Pause Young (Allocation Failure) 288M->15M(989M) 1.395ms
[71.639s][info][gc,cpu         ] GC(481) User=0.00s Sys=0.00s Real=0.00s
[71.774s][info][gc,start       ] GC(482) Pause Young (Allocation Failure)
[71.774s][info][gc,task        ] GC(482) Using 6 workers of 6 for evacuation
[71.776s][info][gc,heap        ] GC(482) ParNew: 282599K->3070K(314560K)
[71.776s][info][gc,heap        ] GC(482) CMS: 12552K->12552K(699072K)
[71.776s][info][gc,metaspace   ] GC(482) Metaspace: 15001K(15360K)->15001K(15360K) NonClass: 13623K(13824K)->13623K(13824K) Class: 1377K(1536K)->1377K(1536K)
[71.776s][info][gc             ] GC(482) Pause Young (Allocation Failure) 288M->15M(989M) 1.507ms
[71.776s][info][gc,cpu         ] GC(482) User=0.00s Sys=0.00s Real=0.00s
[71.928s][info][gc,start       ] GC(483) Pause Young (Allocation Failure)
[71.928s][info][gc,task        ] GC(483) Using 6 workers of 6 for evacuation
[71.930s][info][gc,heap        ] GC(483) ParNew: 282686K->3391K(314560K)
[71.930s][info][gc,heap        ] GC(483) CMS: 12552K->12552K(699072K)
[71.930s][info][gc,metaspace   ] GC(483) Metaspace: 15001K(15360K)->15001K(15360K) NonClass: 13623K(13824K)->13623K(13824K) Class: 1377K(1536K)->1377K(1536K)
[71.930s][info][gc             ] GC(483) Pause Young (Allocation Failure) 288M->15M(989M) 2.093ms
[71.930s][info][gc,cpu         ] GC(483) User=0.00s Sys=0.00s Real=0.00s
[72.086s][info][gc,start       ] GC(484) Pause Young (Allocation Failure)
[72.086s][info][gc,task        ] GC(484) Using 6 workers of 6 for evacuation
[72.088s][info][gc,heap        ] GC(484) ParNew: 283007K->3806K(314560K)
[72.088s][info][gc,heap        ] GC(484) CMS: 12552K->12552K(699072K)
[72.088s][info][gc,metaspace   ] GC(484) Metaspace: 15001K(15360K)->15001K(15360K) NonClass: 13623K(13824K)->13623K(13824K) Class: 1377K(1536K)->1377K(1536K)
[72.088s][info][gc             ] GC(484) Pause Young (Allocation Failure) 288M->15M(989M) 2.001ms
[72.088s][info][gc,cpu         ] GC(484) User=0.00s Sys=0.00s Real=0.00s
[72.240s][info][gc,start       ] GC(485) Pause Young (Allocation Failure)
[72.240s][info][gc,task        ] GC(485) Using 6 workers of 6 for evacuation
[72.242s][info][gc,heap        ] GC(485) ParNew: 283422K->2721K(314560K)
[72.242s][info][gc,heap        ] GC(485) CMS: 12552K->12552K(699072K)
[72.242s][info][gc,metaspace   ] GC(485) Metaspace: 15001K(15360K)->15001K(15360K) NonClass: 13623K(13824K)->13623K(13824K) Class: 1377K(1536K)->1377K(1536K)
[72.242s][info][gc             ] GC(485) Pause Young (Allocation Failure) 289M->14M(989M) 1.594ms
[72.242s][info][gc,cpu         ] GC(485) User=0.00s Sys=0.00s Real=0.00s
[72.389s][info][gc,start       ] GC(486) Pause Young (Allocation Failure)
[72.389s][info][gc,task        ] GC(486) Using 6 workers of 6 for evacuation
[72.390s][info][gc,heap        ] GC(486) ParNew: 282337K->3480K(314560K)
[72.390s][info][gc,heap        ] GC(486) CMS: 12552K->12552K(699072K)
[72.390s][info][gc,metaspace   ] GC(486) Metaspace: 15001K(15360K)->15001K(15360K) NonClass: 13623K(13824K)->13623K(13824K) Class: 1377K(1536K)->1377K(1536K)
[72.390s][info][gc             ] GC(486) Pause Young (Allocation Failure) 287M->15M(989M) 1.590ms
[72.390s][info][gc,cpu         ] GC(486) User=0.00s Sys=0.00s Real=0.00s
[72.530s][info][gc,start       ] GC(487) Pause Young (Allocation Failure)
[72.530s][info][gc,task        ] GC(487) Using 6 workers of 6 for evacuation
[72.531s][info][gc,heap        ] GC(487) ParNew: 283096K->3093K(314560K)
[72.531s][info][gc,heap        ] GC(487) CMS: 12552K->12552K(699072K)
[72.531s][info][gc,metaspace   ] GC(487) Metaspace: 15001K(15360K)->15001K(15360K) NonClass: 13623K(13824K)->13623K(13824K) Class: 1377K(1536K)->1377K(1536K)
[72.531s][info][gc             ] GC(487) Pause Young (Allocation Failure) 288M->15M(989M) 1.505ms
[72.531s][info][gc,cpu         ] GC(487) User=0.00s Sys=0.00s Real=0.00s
[72.667s][info][gc,start       ] GC(488) Pause Young (Allocation Failure)
[72.667s][info][gc,task        ] GC(488) Using 6 workers of 6 for evacuation
[72.668s][info][gc,heap        ] GC(488) ParNew: 282709K->3011K(314560K)
[72.669s][info][gc,heap        ] GC(488) CMS: 12552K->12552K(699072K)
[72.669s][info][gc,metaspace   ] GC(488) Metaspace: 15001K(15360K)->15001K(15360K) NonClass: 13623K(13824K)->13623K(13824K) Class: 1377K(1536K)->1377K(1536K)
[72.669s][info][gc             ] GC(488) Pause Young (Allocation Failure) 288M->15M(989M) 1.502ms
[72.669s][info][gc,cpu         ] GC(488) User=0.00s Sys=0.00s Real=0.00s
[72.804s][info][gc,start       ] GC(489) Pause Young (Allocation Failure)
[72.804s][info][gc,task        ] GC(489) Using 6 workers of 6 for evacuation
[72.805s][info][gc,heap        ] GC(489) ParNew: 282627K->2986K(314560K)
[72.805s][info][gc,heap        ] GC(489) CMS: 12552K->12552K(699072K)
[72.805s][info][gc,metaspace   ] GC(489) Metaspace: 15001K(15360K)->15001K(15360K) NonClass: 13623K(13824K)->13623K(13824K) Class: 1377K(1536K)->1377K(1536K)
[72.805s][info][gc             ] GC(489) Pause Young (Allocation Failure) 288M->15M(989M) 1.619ms
[72.805s][info][gc,cpu         ] GC(489) User=0.00s Sys=0.00s Real=0.00s
[72.932s][info][gc,start       ] GC(490) Pause Young (Allocation Failure)
[72.932s][info][gc,task        ] GC(490) Using 6 workers of 6 for evacuation
[72.934s][info][gc,heap        ] GC(490) ParNew: 282602K->3173K(314560K)
[72.934s][info][gc,heap        ] GC(490) CMS: 12552K->12552K(699072K)
[72.934s][info][gc,metaspace   ] GC(490) Metaspace: 15001K(15360K)->15001K(15360K) NonClass: 13623K(13824K)->13623K(13824K) Class: 1377K(1536K)->1377K(1536K)
[72.934s][info][gc             ] GC(490) Pause Young (Allocation Failure) 288M->15M(989M) 1.663ms
[72.934s][info][gc,cpu         ] GC(490) User=0.00s Sys=0.00s Real=0.00s
[73.055s][info][gc,start       ] GC(491) Pause Young (Allocation Failure)
[73.055s][info][gc,task        ] GC(491) Using 6 workers of 6 for evacuation
[73.057s][info][gc,heap        ] GC(491) ParNew: 282789K->3411K(314560K)
[73.057s][info][gc,heap        ] GC(491) CMS: 12552K->12552K(699072K)
[73.057s][info][gc,metaspace   ] GC(491) Metaspace: 15001K(15360K)->15001K(15360K) NonClass: 13623K(13824K)->13623K(13824K) Class: 1377K(1536K)->1377K(1536K)
[73.057s][info][gc             ] GC(491) Pause Young (Allocation Failure) 288M->15M(989M) 1.705ms
[73.057s][info][gc,cpu         ] GC(491) User=0.00s Sys=0.00s Real=0.00s
[73.158s][info][gc,start       ] GC(492) Pause Young (Allocation Failure)
[73.158s][info][gc,task        ] GC(492) Using 6 workers of 6 for evacuation
[73.159s][info][gc,heap        ] GC(492) ParNew: 283027K->2536K(314560K)
[73.159s][info][gc,heap        ] GC(492) CMS: 12552K->12552K(699072K)
[73.159s][info][gc,metaspace   ] GC(492) Metaspace: 15001K(15360K)->15001K(15360K) NonClass: 13623K(13824K)->13623K(13824K) Class: 1377K(1536K)->1377K(1536K)
[73.159s][info][gc             ] GC(492) Pause Young (Allocation Failure) 288M->14M(989M) 1.456ms
[73.159s][info][gc,cpu         ] GC(492) User=0.00s Sys=0.00s Real=0.00s
[73.257s][info][gc,start       ] GC(493) Pause Young (Allocation Failure)
[73.257s][info][gc,task        ] GC(493) Using 6 workers of 6 for evacuation
[73.259s][info][gc,heap        ] GC(493) ParNew: 282152K->2074K(314560K)
[73.259s][info][gc,heap        ] GC(493) CMS: 12552K->12552K(699072K)
[73.259s][info][gc,metaspace   ] GC(493) Metaspace: 15001K(15360K)->15001K(15360K) NonClass: 13623K(13824K)->13623K(13824K) Class: 1377K(1536K)->1377K(1536K)
[73.259s][info][gc             ] GC(493) Pause Young (Allocation Failure) 287M->14M(989M) 1.308ms
[73.259s][info][gc,cpu         ] GC(493) User=0.00s Sys=0.00s Real=0.00s
[73.364s][info][gc,start       ] GC(494) Pause Young (Allocation Failure)
[73.364s][info][gc,task        ] GC(494) Using 6 workers of 6 for evacuation
[73.365s][info][gc,heap        ] GC(494) ParNew: 281690K->3163K(314560K)
[73.365s][info][gc,heap        ] GC(494) CMS: 12552K->12552K(699072K)
[73.365s][info][gc,metaspace   ] GC(494) Metaspace: 15001K(15360K)->15001K(15360K) NonClass: 13623K(13824K)->13623K(13824K) Class: 1377K(1536K)->1377K(1536K)
[73.365s][info][gc             ] GC(494) Pause Young (Allocation Failure) 287M->15M(989M) 1.535ms
[73.365s][info][gc,cpu         ] GC(494) User=0.00s Sys=0.00s Real=0.00s
[73.492s][info][gc,start       ] GC(495) Pause Young (Allocation Failure)
[73.492s][info][gc,task        ] GC(495) Using 6 workers of 6 for evacuation
[73.493s][info][gc,heap        ] GC(495) ParNew: 282779K->3041K(314560K)
[73.493s][info][gc,heap        ] GC(495) CMS: 12552K->12552K(699072K)
[73.493s][info][gc,metaspace   ] GC(495) Metaspace: 15001K(15360K)->15001K(15360K) NonClass: 13623K(13824K)->13623K(13824K) Class: 1377K(1536K)->1377K(1536K)
[73.493s][info][gc             ] GC(495) Pause Young (Allocation Failure) 288M->15M(989M) 1.542ms
[73.493s][info][gc,cpu         ] GC(495) User=0.00s Sys=0.00s Real=0.00s
[73.605s][info][gc,start       ] GC(496) Pause Young (Allocation Failure)
[73.605s][info][gc,task        ] GC(496) Using 6 workers of 6 for evacuation
[73.607s][info][gc,heap        ] GC(496) ParNew: 282657K->2751K(314560K)
[73.607s][info][gc,heap        ] GC(496) CMS: 12552K->12552K(699072K)
[73.607s][info][gc,metaspace   ] GC(496) Metaspace: 15001K(15360K)->15001K(15360K) NonClass: 13623K(13824K)->13623K(13824K) Class: 1377K(1536K)->1377K(1536K)
[73.607s][info][gc             ] GC(496) Pause Young (Allocation Failure) 288M->14M(989M) 1.394ms
[73.607s][info][gc,cpu         ] GC(496) User=0.00s Sys=0.00s Real=0.00s
[73.740s][info][gc,start       ] GC(497) Pause Young (Allocation Failure)
[73.740s][info][gc,task        ] GC(497) Using 6 workers of 6 for evacuation
[73.742s][info][gc,heap        ] GC(497) ParNew: 282367K->3284K(314560K)
[73.742s][info][gc,heap        ] GC(497) CMS: 12552K->12552K(699072K)
[73.742s][info][gc,metaspace   ] GC(497) Metaspace: 15001K(15360K)->15001K(15360K) NonClass: 13623K(13824K)->13623K(13824K) Class: 1377K(1536K)->1377K(1536K)
[73.742s][info][gc             ] GC(497) Pause Young (Allocation Failure) 288M->15M(989M) 1.648ms
[73.742s][info][gc,cpu         ] GC(497) User=0.00s Sys=0.00s Real=0.00s
[73.869s][info][gc,start       ] GC(498) Pause Young (Allocation Failure)
[73.869s][info][gc,task        ] GC(498) Using 6 workers of 6 for evacuation
[73.870s][info][gc,heap        ] GC(498) ParNew: 282900K->3107K(314560K)
[73.870s][info][gc,heap        ] GC(498) CMS: 12552K->12552K(699072K)
[73.870s][info][gc,metaspace   ] GC(498) Metaspace: 15001K(15360K)->15001K(15360K) NonClass: 13623K(13824K)->13623K(13824K) Class: 1377K(1536K)->1377K(1536K)
[73.870s][info][gc             ] GC(498) Pause Young (Allocation Failure) 288M->15M(989M) 1.533ms
[73.870s][info][gc,cpu         ] GC(498) User=0.00s Sys=0.00s Real=0.00s
[73.978s][info][gc,start       ] GC(499) Pause Young (Allocation Failure)
[73.978s][info][gc,task        ] GC(499) Using 6 workers of 6 for evacuation
[73.979s][info][gc,heap        ] GC(499) ParNew: 282723K->2800K(314560K)
[73.979s][info][gc,heap        ] GC(499) CMS: 12552K->12552K(699072K)
[73.979s][info][gc,metaspace   ] GC(499) Metaspace: 15001K(15360K)->15001K(15360K) NonClass: 13623K(13824K)->13623K(13824K) Class: 1377K(1536K)->1377K(1536K)
[73.979s][info][gc             ] GC(499) Pause Young (Allocation Failure) 288M->14M(989M) 1.532ms
[73.979s][info][gc,cpu         ] GC(499) User=0.00s Sys=0.00s Real=0.00s
[74.107s][info][gc,start       ] GC(500) Pause Young (Allocation Failure)
[74.107s][info][gc,task        ] GC(500) Using 6 workers of 6 for evacuation
[74.108s][info][gc,heap        ] GC(500) ParNew: 282416K->2005K(314560K)
[74.108s][info][gc,heap        ] GC(500) CMS: 12552K->12552K(699072K)
[74.108s][info][gc,metaspace   ] GC(500) Metaspace: 15001K(15360K)->15001K(15360K) NonClass: 13623K(13824K)->13623K(13824K) Class: 1377K(1536K)->1377K(1536K)
[74.108s][info][gc             ] GC(500) Pause Young (Allocation Failure) 288M->14M(989M) 1.244ms
[74.108s][info][gc,cpu         ] GC(500) User=0.09s Sys=0.00s Real=0.00s
[74.258s][info][gc,start       ] GC(501) Pause Young (Allocation Failure)
[74.258s][info][gc,task        ] GC(501) Using 6 workers of 6 for evacuation
[74.259s][info][gc,heap        ] GC(501) ParNew: 281621K->2767K(314560K)
[74.259s][info][gc,heap        ] GC(501) CMS: 12552K->12552K(699072K)
[74.259s][info][gc,metaspace   ] GC(501) Metaspace: 15001K(15360K)->15001K(15360K) NonClass: 13623K(13824K)->13623K(13824K) Class: 1377K(1536K)->1377K(1536K)
[74.259s][info][gc             ] GC(501) Pause Young (Allocation Failure) 287M->14M(989M) 1.656ms
[74.259s][info][gc,cpu         ] GC(501) User=0.00s Sys=0.00s Real=0.00s
[74.423s][info][gc,start       ] GC(502) Pause Young (Allocation Failure)
[74.423s][info][gc,task        ] GC(502) Using 6 workers of 6 for evacuation
[74.425s][info][gc,heap        ] GC(502) ParNew: 282383K->3669K(314560K)
[74.425s][info][gc,heap        ] GC(502) CMS: 12552K->12552K(699072K)
[74.425s][info][gc,metaspace   ] GC(502) Metaspace: 15001K(15360K)->15001K(15360K) NonClass: 13623K(13824K)->13623K(13824K) Class: 1377K(1536K)->1377K(1536K)
[74.425s][info][gc             ] GC(502) Pause Young (Allocation Failure) 288M->15M(989M) 1.815ms
[74.425s][info][gc,cpu         ] GC(502) User=0.00s Sys=0.00s Real=0.00s
[74.577s][info][gc,start       ] GC(503) Pause Young (Allocation Failure)
[74.577s][info][gc,task        ] GC(503) Using 6 workers of 6 for evacuation
[74.578s][info][gc,heap        ] GC(503) ParNew: 283285K->2600K(314560K)
[74.578s][info][gc,heap        ] GC(503) CMS: 12552K->12552K(699072K)
[74.578s][info][gc,metaspace   ] GC(503) Metaspace: 15001K(15360K)->15001K(15360K) NonClass: 13623K(13824K)->13623K(13824K) Class: 1377K(1536K)->1377K(1536K)
[74.578s][info][gc             ] GC(503) Pause Young (Allocation Failure) 288M->14M(989M) 1.632ms
[74.578s][info][gc,cpu         ] GC(503) User=0.00s Sys=0.00s Real=0.00s
[74.724s][info][gc,start       ] GC(504) Pause Young (Allocation Failure)
[74.724s][info][gc,task        ] GC(504) Using 6 workers of 6 for evacuation
[74.725s][info][gc,heap        ] GC(504) ParNew: 282216K->1962K(314560K)
[74.725s][info][gc,heap        ] GC(504) CMS: 12552K->12552K(699072K)
[74.725s][info][gc,metaspace   ] GC(504) Metaspace: 15001K(15360K)->15001K(15360K) NonClass: 13623K(13824K)->13623K(13824K) Class: 1377K(1536K)->1377K(1536K)
[74.725s][info][gc             ] GC(504) Pause Young (Allocation Failure) 287M->14M(989M) 1.346ms
[74.725s][info][gc,cpu         ] GC(504) User=0.00s Sys=0.00s Real=0.00s
[74.853s][info][gc,start       ] GC(505) Pause Young (Allocation Failure)
[74.853s][info][gc,task        ] GC(505) Using 6 workers of 6 for evacuation
[74.854s][info][gc,heap        ] GC(505) ParNew: 281578K->3391K(314560K)
[74.854s][info][gc,heap        ] GC(505) CMS: 12552K->12552K(699072K)
[74.854s][info][gc,metaspace   ] GC(505) Metaspace: 15001K(15360K)->15001K(15360K) NonClass: 13623K(13824K)->13623K(13824K) Class: 1377K(1536K)->1377K(1536K)
[74.854s][info][gc             ] GC(505) Pause Young (Allocation Failure) 287M->15M(989M) 1.473ms
[74.854s][info][gc,cpu         ] GC(505) User=0.00s Sys=0.00s Real=0.00s
[74.986s][info][gc,start       ] GC(506) Pause Young (Allocation Failure)
[74.986s][info][gc,task        ] GC(506) Using 6 workers of 6 for evacuation
[74.988s][info][gc,heap        ] GC(506) ParNew: 283007K->3274K(314560K)
[74.988s][info][gc,heap        ] GC(506) CMS: 12552K->12552K(699072K)
[74.988s][info][gc,metaspace   ] GC(506) Metaspace: 15001K(15360K)->15001K(15360K) NonClass: 13623K(13824K)->13623K(13824K) Class: 1377K(1536K)->1377K(1536K)
[74.988s][info][gc             ] GC(506) Pause Young (Allocation Failure) 288M->15M(989M) 1.681ms
[74.988s][info][gc,cpu         ] GC(506) User=0.00s Sys=0.00s Real=0.00s
[75.128s][info][gc,start       ] GC(507) Pause Young (Allocation Failure)
[75.128s][info][gc,task        ] GC(507) Using 6 workers of 6 for evacuation
[75.129s][info][gc,heap        ] GC(507) ParNew: 282890K->3444K(314560K)
[75.129s][info][gc,heap        ] GC(507) CMS: 12552K->12552K(699072K)
[75.129s][info][gc,metaspace   ] GC(507) Metaspace: 15001K(15360K)->15001K(15360K) NonClass: 13623K(13824K)->13623K(13824K) Class: 1377K(1536K)->1377K(1536K)
[75.129s][info][gc             ] GC(507) Pause Young (Allocation Failure) 288M->15M(989M) 1.450ms
[75.129s][info][gc,cpu         ] GC(507) User=0.00s Sys=0.00s Real=0.00s
[75.281s][info][gc,start       ] GC(508) Pause Young (Allocation Failure)
[75.281s][info][gc,task        ] GC(508) Using 6 workers of 6 for evacuation
[75.283s][info][gc,heap        ] GC(508) ParNew: 283060K->3503K(314560K)
[75.283s][info][gc,heap        ] GC(508) CMS: 12552K->12552K(699072K)
[75.283s][info][gc,metaspace   ] GC(508) Metaspace: 15001K(15360K)->15001K(15360K) NonClass: 13623K(13824K)->13623K(13824K) Class: 1377K(1536K)->1377K(1536K)
[75.283s][info][gc             ] GC(508) Pause Young (Allocation Failure) 288M->15M(989M) 1.522ms
[75.283s][info][gc,cpu         ] GC(508) User=0.00s Sys=0.00s Real=0.00s
[75.438s][info][gc,start       ] GC(509) Pause Young (Allocation Failure)
[75.438s][info][gc,task        ] GC(509) Using 6 workers of 6 for evacuation
[75.439s][info][gc,heap        ] GC(509) ParNew: 283119K->2596K(314560K)
[75.439s][info][gc,heap        ] GC(509) CMS: 12552K->12552K(699072K)
[75.439s][info][gc,metaspace   ] GC(509) Metaspace: 15001K(15360K)->15001K(15360K) NonClass: 13623K(13824K)->13623K(13824K) Class: 1377K(1536K)->1377K(1536K)
[75.439s][info][gc             ] GC(509) Pause Young (Allocation Failure) 288M->14M(989M) 1.405ms
[75.439s][info][gc,cpu         ] GC(509) User=0.00s Sys=0.00s Real=0.00s
[75.592s][info][gc,start       ] GC(510) Pause Young (Allocation Failure)
[75.592s][info][gc,task        ] GC(510) Using 6 workers of 6 for evacuation
[75.593s][info][gc,heap        ] GC(510) ParNew: 282212K->3504K(314560K)
[75.593s][info][gc,heap        ] GC(510) CMS: 12552K->12552K(699072K)
[75.593s][info][gc,metaspace   ] GC(510) Metaspace: 15001K(15360K)->15001K(15360K) NonClass: 13623K(13824K)->13623K(13824K) Class: 1377K(1536K)->1377K(1536K)
[75.593s][info][gc             ] GC(510) Pause Young (Allocation Failure) 287M->15M(989M) 1.478ms
[75.593s][info][gc,cpu         ] GC(510) User=0.06s Sys=0.03s Real=0.00s
[75.738s][info][gc,start       ] GC(511) Pause Young (Allocation Failure)
[75.738s][info][gc,task        ] GC(511) Using 6 workers of 6 for evacuation
[75.740s][info][gc,heap        ] GC(511) ParNew: 283120K->2819K(314560K)
[75.740s][info][gc,heap        ] GC(511) CMS: 12552K->12552K(699072K)
[75.740s][info][gc,metaspace   ] GC(511) Metaspace: 15001K(15360K)->15001K(15360K) NonClass: 13623K(13824K)->13623K(13824K) Class: 1377K(1536K)->1377K(1536K)
[75.740s][info][gc             ] GC(511) Pause Young (Allocation Failure) 288M->15M(989M) 1.846ms
[75.740s][info][gc,cpu         ] GC(511) User=0.00s Sys=0.00s Real=0.00s
[75.879s][info][gc,start       ] GC(512) Pause Young (Allocation Failure)
[75.879s][info][gc,task        ] GC(512) Using 6 workers of 6 for evacuation
[75.881s][info][gc,heap        ] GC(512) ParNew: 282435K->2935K(314560K)
[75.881s][info][gc,heap        ] GC(512) CMS: 12552K->12552K(699072K)
[75.881s][info][gc,metaspace   ] GC(512) Metaspace: 15001K(15360K)->15001K(15360K) NonClass: 13623K(13824K)->13623K(13824K) Class: 1377K(1536K)->1377K(1536K)
[75.881s][info][gc             ] GC(512) Pause Young (Allocation Failure) 288M->15M(989M) 1.550ms
[75.881s][info][gc,cpu         ] GC(512) User=0.00s Sys=0.00s Real=0.00s
[76.022s][info][gc,start       ] GC(513) Pause Young (Allocation Failure)
[76.022s][info][gc,task        ] GC(513) Using 6 workers of 6 for evacuation
[76.024s][info][gc,heap        ] GC(513) ParNew: 282551K->3685K(314560K)
[76.024s][info][gc,heap        ] GC(513) CMS: 12552K->12552K(699072K)
[76.024s][info][gc,metaspace   ] GC(513) Metaspace: 15001K(15360K)->15001K(15360K) NonClass: 13623K(13824K)->13623K(13824K) Class: 1377K(1536K)->1377K(1536K)
[76.024s][info][gc             ] GC(513) Pause Young (Allocation Failure) 288M->15M(989M) 1.664ms
[76.024s][info][gc,cpu         ] GC(513) User=0.00s Sys=0.00s Real=0.00s
[76.150s][info][gc,start       ] GC(514) Pause Young (Allocation Failure)
[76.150s][info][gc,task        ] GC(514) Using 6 workers of 6 for evacuation
[76.152s][info][gc,heap        ] GC(514) ParNew: 283301K->2915K(314560K)
[76.152s][info][gc,heap        ] GC(514) CMS: 12552K->12552K(699072K)
[76.152s][info][gc,metaspace   ] GC(514) Metaspace: 15001K(15360K)->15001K(15360K) NonClass: 13623K(13824K)->13623K(13824K) Class: 1377K(1536K)->1377K(1536K)
[76.152s][info][gc             ] GC(514) Pause Young (Allocation Failure) 288M->15M(989M) 1.604ms
[76.152s][info][gc,cpu         ] GC(514) User=0.00s Sys=0.00s Real=0.00s
[76.290s][info][gc,start       ] GC(515) Pause Young (Allocation Failure)
[76.290s][info][gc,task        ] GC(515) Using 6 workers of 6 for evacuation
[76.291s][info][gc,heap        ] GC(515) ParNew: 282531K->2126K(314560K)
[76.291s][info][gc,heap        ] GC(515) CMS: 12552K->12552K(699072K)
[76.291s][info][gc,metaspace   ] GC(515) Metaspace: 15001K(15360K)->15001K(15360K) NonClass: 13623K(13824K)->13623K(13824K) Class: 1377K(1536K)->1377K(1536K)
[76.291s][info][gc             ] GC(515) Pause Young (Allocation Failure) 288M->14M(989M) 1.492ms
[76.291s][info][gc,cpu         ] GC(515) User=0.00s Sys=0.00s Real=0.00s
[76.435s][info][gc,start       ] GC(516) Pause Young (Allocation Failure)
[76.435s][info][gc,task        ] GC(516) Using 6 workers of 6 for evacuation
[76.436s][info][gc,heap        ] GC(516) ParNew: 281742K->3594K(314560K)
[76.436s][info][gc,heap        ] GC(516) CMS: 12552K->12552K(699072K)
[76.436s][info][gc,metaspace   ] GC(516) Metaspace: 15001K(15360K)->15001K(15360K) NonClass: 13623K(13824K)->13623K(13824K) Class: 1377K(1536K)->1377K(1536K)
[76.436s][info][gc             ] GC(516) Pause Young (Allocation Failure) 287M->15M(989M) 1.591ms
[76.436s][info][gc,cpu         ] GC(516) User=0.09s Sys=0.00s Real=0.00s
[76.553s][info][gc,start       ] GC(517) Pause Young (Allocation Failure)
[76.553s][info][gc,task        ] GC(517) Using 6 workers of 6 for evacuation
[76.554s][info][gc,heap        ] GC(517) ParNew: 283210K->2488K(314560K)
[76.554s][info][gc,heap        ] GC(517) CMS: 12552K->12552K(699072K)
[76.554s][info][gc,metaspace   ] GC(517) Metaspace: 15001K(15360K)->15001K(15360K) NonClass: 13623K(13824K)->13623K(13824K) Class: 1377K(1536K)->1377K(1536K)
[76.554s][info][gc             ] GC(517) Pause Young (Allocation Failure) 288M->14M(989M) 1.350ms
[76.554s][info][gc,cpu         ] GC(517) User=0.00s Sys=0.00s Real=0.00s
[76.652s][info][gc,start       ] GC(518) Pause Young (Allocation Failure)
[76.652s][info][gc,task        ] GC(518) Using 6 workers of 6 for evacuation
[76.653s][info][gc,heap        ] GC(518) ParNew: 282104K->2933K(314560K)
[76.653s][info][gc,heap        ] GC(518) CMS: 12552K->12552K(699072K)
[76.653s][info][gc,metaspace   ] GC(518) Metaspace: 15001K(15360K)->15001K(15360K) NonClass: 13623K(13824K)->13623K(13824K) Class: 1377K(1536K)->1377K(1536K)
[76.653s][info][gc             ] GC(518) Pause Young (Allocation Failure) 287M->15M(989M) 1.601ms
[76.653s][info][gc,cpu         ] GC(518) User=0.00s Sys=0.00s Real=0.00s
[76.760s][info][gc,start       ] GC(519) Pause Young (Allocation Failure)
[76.760s][info][gc,task        ] GC(519) Using 6 workers of 6 for evacuation
[76.762s][info][gc,heap        ] GC(519) ParNew: 282549K->3262K(314560K)
[76.762s][info][gc,heap        ] GC(519) CMS: 12552K->12552K(699072K)
[76.762s][info][gc,metaspace   ] GC(519) Metaspace: 15001K(15360K)->15001K(15360K) NonClass: 13623K(13824K)->13623K(13824K) Class: 1377K(1536K)->1377K(1536K)
[76.762s][info][gc             ] GC(519) Pause Young (Allocation Failure) 288M->15M(989M) 1.501ms
[76.762s][info][gc,cpu         ] GC(519) User=0.00s Sys=0.00s Real=0.00s
[76.865s][info][gc,start       ] GC(520) Pause Young (Allocation Failure)
[76.865s][info][gc,task        ] GC(520) Using 6 workers of 6 for evacuation
[76.866s][info][gc,heap        ] GC(520) ParNew: 282878K->3030K(314560K)
[76.866s][info][gc,heap        ] GC(520) CMS: 12552K->12552K(699072K)
[76.866s][info][gc,metaspace   ] GC(520) Metaspace: 15001K(15360K)->15001K(15360K) NonClass: 13623K(13824K)->13623K(13824K) Class: 1377K(1536K)->1377K(1536K)
[76.866s][info][gc             ] GC(520) Pause Young (Allocation Failure) 288M->15M(989M) 1.494ms
[76.866s][info][gc,cpu         ] GC(520) User=0.00s Sys=0.00s Real=0.00s
[76.978s][info][gc,start       ] GC(521) Pause Young (Allocation Failure)
[76.978s][info][gc,task        ] GC(521) Using 6 workers of 6 for evacuation
[76.980s][info][gc,heap        ] GC(521) ParNew: 282646K->3431K(314560K)
[76.980s][info][gc,heap        ] GC(521) CMS: 12552K->12552K(699072K)
[76.980s][info][gc,metaspace   ] GC(521) Metaspace: 15001K(15360K)->15001K(15360K) NonClass: 13623K(13824K)->13623K(13824K) Class: 1377K(1536K)->1377K(1536K)
[76.980s][info][gc             ] GC(521) Pause Young (Allocation Failure) 288M->15M(989M) 1.582ms
[76.980s][info][gc,cpu         ] GC(521) User=0.00s Sys=0.00s Real=0.00s
[77.105s][info][gc,start       ] GC(522) Pause Young (Allocation Failure)
[77.105s][info][gc,task        ] GC(522) Using 6 workers of 6 for evacuation
[77.106s][info][gc,heap        ] GC(522) ParNew: 283047K->2825K(314560K)
[77.106s][info][gc,heap        ] GC(522) CMS: 12552K->12552K(699072K)
[77.106s][info][gc,metaspace   ] GC(522) Metaspace: 15001K(15360K)->15001K(15360K) NonClass: 13623K(13824K)->13623K(13824K) Class: 1377K(1536K)->1377K(1536K)
[77.106s][info][gc             ] GC(522) Pause Young (Allocation Failure) 288M->15M(989M) 1.517ms
[77.106s][info][gc,cpu         ] GC(522) User=0.00s Sys=0.00s Real=0.00s
[77.238s][info][gc,start       ] GC(523) Pause Young (Allocation Failure)
[77.238s][info][gc,task        ] GC(523) Using 6 workers of 6 for evacuation
[77.239s][info][gc,heap        ] GC(523) ParNew: 282441K->2646K(314560K)
[77.239s][info][gc,heap        ] GC(523) CMS: 12552K->12552K(699072K)
[77.239s][info][gc,metaspace   ] GC(523) Metaspace: 15001K(15360K)->15001K(15360K) NonClass: 13623K(13824K)->13623K(13824K) Class: 1377K(1536K)->1377K(1536K)
[77.239s][info][gc             ] GC(523) Pause Young (Allocation Failure) 288M->14M(989M) 1.524ms
[77.239s][info][gc,cpu         ] GC(523) User=0.00s Sys=0.00s Real=0.00s
[77.372s][info][gc,start       ] GC(524) Pause Young (Allocation Failure)
[77.372s][info][gc,task        ] GC(524) Using 6 workers of 6 for evacuation
[77.374s][info][gc,heap        ] GC(524) ParNew: 282262K->2979K(314560K)
[77.374s][info][gc,heap        ] GC(524) CMS: 12552K->12552K(699072K)
[77.374s][info][gc,metaspace   ] GC(524) Metaspace: 15001K(15360K)->15001K(15360K) NonClass: 13623K(13824K)->13623K(13824K) Class: 1377K(1536K)->1377K(1536K)
[77.374s][info][gc             ] GC(524) Pause Young (Allocation Failure) 287M->15M(989M) 1.392ms
[77.374s][info][gc,cpu         ] GC(524) User=0.09s Sys=0.00s Real=0.00s
[77.507s][info][gc,start       ] GC(525) Pause Young (Allocation Failure)
[77.507s][info][gc,task        ] GC(525) Using 6 workers of 6 for evacuation
[77.509s][info][gc,heap        ] GC(525) ParNew: 282595K->3230K(314560K)
[77.509s][info][gc,heap        ] GC(525) CMS: 12552K->12552K(699072K)
[77.509s][info][gc,metaspace   ] GC(525) Metaspace: 15001K(15360K)->15001K(15360K) NonClass: 13623K(13824K)->13623K(13824K) Class: 1377K(1536K)->1377K(1536K)
[77.509s][info][gc             ] GC(525) Pause Young (Allocation Failure) 288M->15M(989M) 1.501ms
[77.509s][info][gc,cpu         ] GC(525) User=0.00s Sys=0.00s Real=0.00s
[77.633s][info][gc,start       ] GC(526) Pause Young (Allocation Failure)
[77.633s][info][gc,task        ] GC(526) Using 6 workers of 6 for evacuation
[77.634s][info][gc,heap        ] GC(526) ParNew: 282846K->2357K(314560K)
[77.634s][info][gc,heap        ] GC(526) CMS: 12552K->12552K(699072K)
[77.634s][info][gc,metaspace   ] GC(526) Metaspace: 15001K(15360K)->15001K(15360K) NonClass: 13623K(13824K)->13623K(13824K) Class: 1377K(1536K)->1377K(1536K)
[77.635s][info][gc             ] GC(526) Pause Young (Allocation Failure) 288M->14M(989M) 1.486ms
[77.635s][info][gc,cpu         ] GC(526) User=0.00s Sys=0.00s Real=0.00s
[77.758s][info][gc,start       ] GC(527) Pause Young (Allocation Failure)
[77.758s][info][gc,task        ] GC(527) Using 6 workers of 6 for evacuation
[77.759s][info][gc,heap        ] GC(527) ParNew: 281973K->2945K(314560K)
[77.759s][info][gc,heap        ] GC(527) CMS: 12552K->12552K(699072K)
[77.759s][info][gc,metaspace   ] GC(527) Metaspace: 15001K(15360K)->15001K(15360K) NonClass: 13623K(13824K)->13623K(13824K) Class: 1377K(1536K)->1377K(1536K)
[77.759s][info][gc             ] GC(527) Pause Young (Allocation Failure) 287M->15M(989M) 1.337ms
[77.759s][info][gc,cpu         ] GC(527) User=0.00s Sys=0.00s Real=0.00s
[77.884s][info][gc,start       ] GC(528) Pause Young (Allocation Failure)
[77.884s][info][gc,task        ] GC(528) Using 6 workers of 6 for evacuation
[77.885s][info][gc,heap        ] GC(528) ParNew: 282561K->2945K(314560K)
[77.885s][info][gc,heap        ] GC(528) CMS: 12552K->12552K(699072K)
[77.885s][info][gc,metaspace   ] GC(528) Metaspace: 15001K(15360K)->15001K(15360K) NonClass: 13623K(13824K)->13623K(13824K) Class: 1377K(1536K)->1377K(1536K)
[77.885s][info][gc             ] GC(528) Pause Young (Allocation Failure) 288M->15M(989M) 1.397ms
[77.885s][info][gc,cpu         ] GC(528) User=0.00s Sys=0.00s Real=0.00s
[78.027s][info][gc,start       ] GC(529) Pause Young (Allocation Failure)
[78.027s][info][gc,task        ] GC(529) Using 6 workers of 6 for evacuation
[78.028s][info][gc,heap        ] GC(529) ParNew: 282561K->2960K(314560K)
[78.028s][info][gc,heap        ] GC(529) CMS: 12552K->12552K(699072K)
[78.028s][info][gc,metaspace   ] GC(529) Metaspace: 15001K(15360K)->15001K(15360K) NonClass: 13623K(13824K)->13623K(13824K) Class: 1377K(1536K)->1377K(1536K)
[78.028s][info][gc             ] GC(529) Pause Young (Allocation Failure) 288M->15M(989M) 1.511ms
[78.028s][info][gc,cpu         ] GC(529) User=0.00s Sys=0.00s Real=0.00s
[78.193s][info][gc,start       ] GC(530) Pause Young (Allocation Failure)
[78.193s][info][gc,task        ] GC(530) Using 6 workers of 6 for evacuation
[78.194s][info][gc,heap        ] GC(530) ParNew: 282576K->3140K(314560K)
[78.194s][info][gc,heap        ] GC(530) CMS: 12552K->12552K(699072K)
[78.194s][info][gc,metaspace   ] GC(530) Metaspace: 15001K(15360K)->15001K(15360K) NonClass: 13623K(13824K)->13623K(13824K) Class: 1377K(1536K)->1377K(1536K)
[78.194s][info][gc             ] GC(530) Pause Young (Allocation Failure) 288M->15M(989M) 1.672ms
[78.194s][info][gc,cpu         ] GC(530) User=0.00s Sys=0.00s Real=0.00s
[78.330s][info][gc,start       ] GC(531) Pause Young (Allocation Failure)
[78.330s][info][gc,task        ] GC(531) Using 6 workers of 6 for evacuation
[78.331s][info][gc,heap        ] GC(531) ParNew: 282756K->2116K(314560K)
[78.331s][info][gc,heap        ] GC(531) CMS: 12552K->12552K(699072K)
[78.331s][info][gc,metaspace   ] GC(531) Metaspace: 15001K(15360K)->15001K(15360K) NonClass: 13623K(13824K)->13623K(13824K) Class: 1377K(1536K)->1377K(1536K)
[78.331s][info][gc             ] GC(531) Pause Young (Allocation Failure) 288M->14M(989M) 1.419ms
[78.331s][info][gc,cpu         ] GC(531) User=0.00s Sys=0.00s Real=0.00s
[78.461s][info][gc,start       ] GC(532) Pause Young (Allocation Failure)
[78.461s][info][gc,task        ] GC(532) Using 6 workers of 6 for evacuation
[78.462s][info][gc,heap        ] GC(532) ParNew: 281732K->2977K(314560K)
[78.462s][info][gc,heap        ] GC(532) CMS: 12552K->12552K(699072K)
[78.462s][info][gc,metaspace   ] GC(532) Metaspace: 15001K(15360K)->15001K(15360K) NonClass: 13623K(13824K)->13623K(13824K) Class: 1377K(1536K)->1377K(1536K)
[78.462s][info][gc             ] GC(532) Pause Young (Allocation Failure) 287M->15M(989M) 1.340ms
[78.462s][info][gc,cpu         ] GC(532) User=0.00s Sys=0.00s Real=0.00s
[78.590s][info][gc,start       ] GC(533) Pause Young (Allocation Failure)
[78.590s][info][gc,task        ] GC(533) Using 6 workers of 6 for evacuation
[78.592s][info][gc,heap        ] GC(533) ParNew: 282593K->3467K(314560K)
[78.592s][info][gc,heap        ] GC(533) CMS: 12552K->12552K(699072K)
[78.592s][info][gc,metaspace   ] GC(533) Metaspace: 15001K(15360K)->15001K(15360K) NonClass: 13623K(13824K)->13623K(13824K) Class: 1377K(1536K)->1377K(1536K)
[78.592s][info][gc             ] GC(533) Pause Young (Allocation Failure) 288M->15M(989M) 1.322ms
[78.592s][info][gc,cpu         ] GC(533) User=0.00s Sys=0.00s Real=0.00s
[78.717s][info][gc,start       ] GC(534) Pause Young (Allocation Failure)
[78.717s][info][gc,task        ] GC(534) Using 6 workers of 6 for evacuation
[78.718s][info][gc,heap        ] GC(534) ParNew: 283083K->2605K(314560K)
[78.718s][info][gc,heap        ] GC(534) CMS: 12552K->12552K(699072K)
[78.718s][info][gc,metaspace   ] GC(534) Metaspace: 15001K(15360K)->15001K(15360K) NonClass: 13623K(13824K)->13623K(13824K) Class: 1377K(1536K)->1377K(1536K)
[78.718s][info][gc             ] GC(534) Pause Young (Allocation Failure) 288M->14M(989M) 1.518ms
[78.718s][info][gc,cpu         ] GC(534) User=0.08s Sys=0.00s Real=0.00s
[78.840s][info][gc,start       ] GC(535) Pause Young (Allocation Failure)
[78.840s][info][gc,task        ] GC(535) Using 6 workers of 6 for evacuation
[78.841s][info][gc,heap        ] GC(535) ParNew: 282221K->2799K(314560K)
[78.841s][info][gc,heap        ] GC(535) CMS: 12552K->12552K(699072K)
[78.841s][info][gc,metaspace   ] GC(535) Metaspace: 15001K(15360K)->15001K(15360K) NonClass: 13623K(13824K)->13623K(13824K) Class: 1377K(1536K)->1377K(1536K)
[78.841s][info][gc             ] GC(535) Pause Young (Allocation Failure) 287M->14M(989M) 1.381ms
[78.841s][info][gc,cpu         ] GC(535) User=0.00s Sys=0.00s Real=0.00s
[78.961s][info][gc,start       ] GC(536) Pause Full (System.gc())
[78.961s][info][gc,phases,start] GC(536) Phase 1: Mark live objects
[78.965s][info][gc,phases      ] GC(536) Phase 1: Mark live objects 4.065ms
[78.965s][info][gc,phases,start] GC(536) Phase 2: Compute new object addresses
[78.985s][info][gc,phases      ] GC(536) Phase 2: Compute new object addresses 20.004ms
[78.985s][info][gc,phases,start] GC(536) Phase 3: Adjust pointers
[78.988s][info][gc,phases      ] GC(536) Phase 3: Adjust pointers 2.923ms
[78.988s][info][gc,phases,start] GC(536) Phase 4: Move objects
[78.989s][info][gc,phases      ] GC(536) Phase 4: Move objects 0.916ms
[78.989s][info][gc,heap        ] GC(536) ParNew: 181011K->0K(314560K)
[78.989s][info][gc,heap        ] GC(536) CMS: 12552K->11657K(699072K)
[78.989s][info][gc,metaspace   ] GC(536) Metaspace: 15002K(15360K)->15002K(15360K) NonClass: 13624K(13824K)->13624K(13824K) Class: 1377K(1536K)->1377K(1536K)
[78.990s][info][gc             ] GC(536) Pause Full (System.gc()) 189M->11M(989M) 28.884ms
[78.990s][info][gc,cpu         ] GC(536) User=0.03s Sys=0.00s Real=0.01s
[79.102s][info][gc,start       ] GC(537) Pause Young (Allocation Failure)
[79.102s][info][gc,task        ] GC(537) Using 6 workers of 6 for evacuation
[79.104s][info][gc,heap        ] GC(537) ParNew: 279616K->4151K(314560K)
[79.105s][info][gc,heap        ] GC(537) CMS: 11657K->11657K(699072K)
[79.105s][info][gc,metaspace   ] GC(537) Metaspace: 15016K(15360K)->15016K(15360K) NonClass: 13638K(13824K)->13638K(13824K) Class: 1377K(1536K)->1377K(1536K)
[79.105s][info][gc             ] GC(537) Pause Young (Allocation Failure) 284M->15M(989M) 2.238ms
[79.105s][info][gc,cpu         ] GC(537) User=0.00s Sys=0.00s Real=0.00s
[79.222s][info][gc,start       ] GC(538) Pause Young (Allocation Failure)
[79.223s][info][gc,task        ] GC(538) Using 6 workers of 6 for evacuation
[79.224s][info][gc,heap        ] GC(538) ParNew: 283767K->4300K(314560K)
[79.224s][info][gc,heap        ] GC(538) CMS: 11657K->11657K(699072K)
[79.224s][info][gc,metaspace   ] GC(538) Metaspace: 15016K(15360K)->15016K(15360K) NonClass: 13638K(13824K)->13638K(13824K) Class: 1377K(1536K)->1377K(1536K)
[79.224s][info][gc             ] GC(538) Pause Young (Allocation Failure) 288M->15M(989M) 1.653ms
[79.224s][info][gc,cpu         ] GC(538) User=0.00s Sys=0.00s Real=0.00s
[79.374s][info][gc,start       ] GC(539) Pause Young (Allocation Failure)
[79.374s][info][gc,task        ] GC(539) Using 6 workers of 6 for evacuation
[79.375s][info][gc,heap        ] GC(539) ParNew: 283916K->3828K(314560K)
[79.375s][info][gc,heap        ] GC(539) CMS: 11657K->11657K(699072K)
[79.375s][info][gc,metaspace   ] GC(539) Metaspace: 15016K(15360K)->15016K(15360K) NonClass: 13638K(13824K)->13638K(13824K) Class: 1377K(1536K)->1377K(1536K)
[79.375s][info][gc             ] GC(539) Pause Young (Allocation Failure) 288M->15M(989M) 1.632ms
[79.375s][info][gc,cpu         ] GC(539) User=0.00s Sys=0.00s Real=0.00s
[79.535s][info][gc,start       ] GC(540) Pause Young (Allocation Failure)
[79.536s][info][gc,task        ] GC(540) Using 6 workers of 6 for evacuation
[79.537s][info][gc,heap        ] GC(540) ParNew: 283444K->4201K(314560K)
[79.537s][info][gc,heap        ] GC(540) CMS: 11657K->11657K(699072K)
[79.537s][info][gc,metaspace   ] GC(540) Metaspace: 15016K(15360K)->15016K(15360K) NonClass: 13638K(13824K)->13638K(13824K) Class: 1377K(1536K)->1377K(1536K)
[79.537s][info][gc             ] GC(540) Pause Young (Allocation Failure) 288M->15M(989M) 1.516ms
[79.537s][info][gc,cpu         ] GC(540) User=0.00s Sys=0.00s Real=0.00s
[79.705s][info][gc,start       ] GC(541) Pause Young (Allocation Failure)
[79.705s][info][gc,task        ] GC(541) Using 6 workers of 6 for evacuation
[79.707s][info][gc,heap        ] GC(541) ParNew: 283817K->4189K(314560K)
[79.707s][info][gc,heap        ] GC(541) CMS: 11657K->11657K(699072K)
[79.707s][info][gc,metaspace   ] GC(541) Metaspace: 15016K(15360K)->15016K(15360K) NonClass: 13638K(13824K)->13638K(13824K) Class: 1377K(1536K)->1377K(1536K)
[79.707s][info][gc             ] GC(541) Pause Young (Allocation Failure) 288M->15M(989M) 1.533ms
[79.707s][info][gc,cpu         ] GC(541) User=0.00s Sys=0.00s Real=0.00s
[79.814s][info][gc,start       ] GC(542) Pause Young (Allocation Failure)
[79.814s][info][gc,task        ] GC(542) Using 6 workers of 6 for evacuation
[79.815s][info][gc,heap        ] GC(542) ParNew: 283805K->3486K(314560K)
[79.815s][info][gc,heap        ] GC(542) CMS: 11657K->11657K(699072K)
[79.815s][info][gc,metaspace   ] GC(542) Metaspace: 15016K(15360K)->15016K(15360K) NonClass: 13638K(13824K)->13638K(13824K) Class: 1377K(1536K)->1377K(1536K)
[79.815s][info][gc             ] GC(542) Pause Young (Allocation Failure) 288M->14M(989M) 1.575ms
[79.815s][info][gc,cpu         ] GC(542) User=0.00s Sys=0.00s Real=0.00s
[79.951s][info][gc,start       ] GC(543) Pause Young (Allocation Failure)
[79.953s][info][gc,task        ] GC(543) Using 6 workers of 6 for evacuation
[79.955s][info][gc,heap        ] GC(543) ParNew: 283102K->2998K(314560K)
[79.955s][info][gc,heap        ] GC(543) CMS: 11657K->12552K(699072K)
[79.955s][info][gc,metaspace   ] GC(543) Metaspace: 15016K(15360K)->15016K(15360K) NonClass: 13638K(13824K)->13638K(13824K) Class: 1377K(1536K)->1377K(1536K)
[79.955s][info][gc             ] GC(543) Pause Young (Allocation Failure) 287M->15M(989M) 3.906ms
[79.955s][info][gc,cpu         ] GC(543) User=0.00s Sys=0.00s Real=0.00s
[80.108s][info][gc,start       ] GC(544) Pause Young (Allocation Failure)
[80.108s][info][gc,task        ] GC(544) Using 6 workers of 6 for evacuation
[80.110s][info][gc,heap        ] GC(544) ParNew: 282614K->2714K(314560K)
[80.110s][info][gc,heap        ] GC(544) CMS: 12552K->12552K(699072K)
[80.110s][info][gc,metaspace   ] GC(544) Metaspace: 15016K(15360K)->15016K(15360K) NonClass: 13638K(13824K)->13638K(13824K) Class: 1377K(1536K)->1377K(1536K)
[80.110s][info][gc             ] GC(544) Pause Young (Allocation Failure) 288M->14M(989M) 1.406ms
[80.110s][info][gc,cpu         ] GC(544) User=0.00s Sys=0.00s Real=0.00s
[80.253s][info][gc,start       ] GC(545) Pause Young (Allocation Failure)
[80.253s][info][gc,task        ] GC(545) Using 6 workers of 6 for evacuation
[80.254s][info][gc,heap        ] GC(545) ParNew: 282330K->2621K(314560K)
[80.254s][info][gc,heap        ] GC(545) CMS: 12552K->12552K(699072K)
[80.255s][info][gc,metaspace   ] GC(545) Metaspace: 15016K(15360K)->15016K(15360K) NonClass: 13638K(13824K)->13638K(13824K) Class: 1377K(1536K)->1377K(1536K)
[80.255s][info][gc             ] GC(545) Pause Young (Allocation Failure) 287M->14M(989M) 1.479ms
[80.255s][info][gc,cpu         ] GC(545) User=0.00s Sys=0.00s Real=0.00s
[80.387s][info][gc,start       ] GC(546) Pause Young (Allocation Failure)
[80.387s][info][gc,task        ] GC(546) Using 6 workers of 6 for evacuation
[80.388s][info][gc,heap        ] GC(546) ParNew: 282237K->2310K(314560K)
[80.389s][info][gc,heap        ] GC(546) CMS: 12552K->12552K(699072K)
[80.389s][info][gc,metaspace   ] GC(546) Metaspace: 15016K(15360K)->15016K(15360K) NonClass: 13638K(13824K)->13638K(13824K) Class: 1377K(1536K)->1377K(1536K)
[80.389s][info][gc             ] GC(546) Pause Young (Allocation Failure) 287M->14M(989M) 1.528ms
[80.389s][info][gc,cpu         ] GC(546) User=0.00s Sys=0.00s Real=0.00s
[80.514s][info][gc,start       ] GC(547) Pause Young (Allocation Failure)
[80.514s][info][gc,task        ] GC(547) Using 6 workers of 6 for evacuation
[80.515s][info][gc,heap        ] GC(547) ParNew: 281926K->3148K(314560K)
[80.515s][info][gc,heap        ] GC(547) CMS: 12552K->12552K(699072K)
[80.515s][info][gc,metaspace   ] GC(547) Metaspace: 15016K(15360K)->15016K(15360K) NonClass: 13638K(13824K)->13638K(13824K) Class: 1377K(1536K)->1377K(1536K)
[80.515s][info][gc             ] GC(547) Pause Young (Allocation Failure) 287M->15M(989M) 1.367ms
[80.515s][info][gc,cpu         ] GC(547) User=0.00s Sys=0.00s Real=0.00s
[80.644s][info][gc,start       ] GC(548) Pause Young (Allocation Failure)
[80.644s][info][gc,task        ] GC(548) Using 6 workers of 6 for evacuation
[80.646s][info][gc,heap        ] GC(548) ParNew: 282764K->3533K(314560K)
[80.646s][info][gc,heap        ] GC(548) CMS: 12552K->12552K(699072K)
[80.646s][info][gc,metaspace   ] GC(548) Metaspace: 15016K(15360K)->15016K(15360K) NonClass: 13638K(13824K)->13638K(13824K) Class: 1377K(1536K)->1377K(1536K)
[80.646s][info][gc             ] GC(548) Pause Young (Allocation Failure) 288M->15M(989M) 1.505ms
[80.646s][info][gc,cpu         ] GC(548) User=0.00s Sys=0.00s Real=0.00s
[80.785s][info][gc,start       ] GC(549) Pause Young (Allocation Failure)
[80.785s][info][gc,task        ] GC(549) Using 6 workers of 6 for evacuation
[80.786s][info][gc,heap        ] GC(549) ParNew: 283149K->2738K(314560K)
[80.787s][info][gc,heap        ] GC(549) CMS: 12552K->12552K(699072K)
[80.787s][info][gc,metaspace   ] GC(549) Metaspace: 15016K(15360K)->15016K(15360K) NonClass: 13638K(13824K)->13638K(13824K) Class: 1377K(1536K)->1377K(1536K)
[80.787s][info][gc             ] GC(549) Pause Young (Allocation Failure) 288M->14M(989M) 1.546ms
[80.787s][info][gc,cpu         ] GC(549) User=0.00s Sys=0.00s Real=0.00s
[80.944s][info][gc,start       ] GC(550) Pause Young (Allocation Failure)
[80.944s][info][gc,task        ] GC(550) Using 6 workers of 6 for evacuation
[80.946s][info][gc,heap        ] GC(550) ParNew: 282354K->3076K(314560K)
[80.946s][info][gc,heap        ] GC(550) CMS: 12552K->12552K(699072K)
[80.946s][info][gc,metaspace   ] GC(550) Metaspace: 15016K(15360K)->15016K(15360K) NonClass: 13638K(13824K)->13638K(13824K) Class: 1377K(1536K)->1377K(1536K)
[80.946s][info][gc             ] GC(550) Pause Young (Allocation Failure) 287M->15M(989M) 2.050ms
[80.946s][info][gc,cpu         ] GC(550) User=0.00s Sys=0.00s Real=0.00s
[81.108s][info][gc,start       ] GC(551) Pause Young (Allocation Failure)
[81.108s][info][gc,task        ] GC(551) Using 6 workers of 6 for evacuation
[81.110s][info][gc,heap        ] GC(551) ParNew: 282692K->3251K(314560K)
[81.110s][info][gc,heap        ] GC(551) CMS: 12552K->12552K(699072K)
[81.110s][info][gc,metaspace   ] GC(551) Metaspace: 15016K(15360K)->15016K(15360K) NonClass: 13638K(13824K)->13638K(13824K) Class: 1377K(1536K)->1377K(1536K)
[81.110s][info][gc             ] GC(551) Pause Young (Allocation Failure) 288M->15M(989M) 1.650ms
[81.110s][info][gc,cpu         ] GC(551) User=0.00s Sys=0.00s Real=0.00s
[81.263s][info][gc,start       ] GC(552) Pause Young (Allocation Failure)
[81.263s][info][gc,task        ] GC(552) Using 6 workers of 6 for evacuation
[81.265s][info][gc,heap        ] GC(552) ParNew: 282867K->2761K(314560K)
[81.265s][info][gc,heap        ] GC(552) CMS: 12552K->12552K(699072K)
[81.265s][info][gc,metaspace   ] GC(552) Metaspace: 15016K(15360K)->15016K(15360K) NonClass: 13638K(13824K)->13638K(13824K) Class: 1377K(1536K)->1377K(1536K)
[81.265s][info][gc             ] GC(552) Pause Young (Allocation Failure) 288M->14M(989M) 1.492ms
[81.265s][info][gc,cpu         ] GC(552) User=0.09s Sys=0.00s Real=0.00s
[81.417s][info][gc,start       ] GC(553) Pause Young (Allocation Failure)
[81.417s][info][gc,task        ] GC(553) Using 6 workers of 6 for evacuation
[81.418s][info][gc,heap        ] GC(553) ParNew: 282377K->3004K(314560K)
[81.418s][info][gc,heap        ] GC(553) CMS: 12552K->12552K(699072K)
[81.418s][info][gc,metaspace   ] GC(553) Metaspace: 15016K(15360K)->15016K(15360K) NonClass: 13638K(13824K)->13638K(13824K) Class: 1377K(1536K)->1377K(1536K)
[81.418s][info][gc             ] GC(553) Pause Young (Allocation Failure) 288M->15M(989M) 1.668ms
[81.418s][info][gc,cpu         ] GC(553) User=0.00s Sys=0.00s Real=0.00s
[81.560s][info][gc,start       ] GC(554) Pause Young (Allocation Failure)
[81.560s][info][gc,task        ] GC(554) Using 6 workers of 6 for evacuation
[81.562s][info][gc,heap        ] GC(554) ParNew: 282620K->3133K(314560K)
[81.562s][info][gc,heap        ] GC(554) CMS: 12552K->12552K(699072K)
[81.562s][info][gc,metaspace   ] GC(554) Metaspace: 15016K(15360K)->15016K(15360K) NonClass: 13638K(13824K)->13638K(13824K) Class: 1377K(1536K)->1377K(1536K)
[81.562s][info][gc             ] GC(554) Pause Young (Allocation Failure) 288M->15M(989M) 1.606ms
[81.562s][info][gc,cpu         ] GC(554) User=0.09s Sys=0.00s Real=0.00s
[81.700s][info][gc,start       ] GC(555) Pause Young (Allocation Failure)
[81.700s][info][gc,task        ] GC(555) Using 6 workers of 6 for evacuation
[81.701s][info][gc,heap        ] GC(555) ParNew: 282749K->2800K(314560K)
[81.701s][info][gc,heap        ] GC(555) CMS: 12552K->12552K(699072K)
[81.701s][info][gc,metaspace   ] GC(555) Metaspace: 15016K(15360K)->15016K(15360K) NonClass: 13638K(13824K)->13638K(13824K) Class: 1377K(1536K)->1377K(1536K)
[81.701s][info][gc             ] GC(555) Pause Young (Allocation Failure) 288M->14M(989M) 1.558ms
[81.701s][info][gc,cpu         ] GC(555) User=0.00s Sys=0.00s Real=0.00s
[81.823s][info][gc,start       ] GC(556) Pause Young (Allocation Failure)
[81.823s][info][gc,task        ] GC(556) Using 6 workers of 6 for evacuation
[81.824s][info][gc,heap        ] GC(556) ParNew: 282416K->3371K(314560K)
[81.824s][info][gc,heap        ] GC(556) CMS: 12552K->12552K(699072K)
[81.824s][info][gc,metaspace   ] GC(556) Metaspace: 15016K(15360K)->15016K(15360K) NonClass: 13638K(13824K)->13638K(13824K) Class: 1377K(1536K)->1377K(1536K)
[81.824s][info][gc             ] GC(556) Pause Young (Allocation Failure) 288M->15M(989M) 1.653ms
[81.824s][info][gc,cpu         ] GC(556) User=0.00s Sys=0.00s Real=0.00s
[81.957s][info][gc,start       ] GC(557) Pause Young (Allocation Failure)
[81.957s][info][gc,task        ] GC(557) Using 6 workers of 6 for evacuation
[81.959s][info][gc,heap        ] GC(557) ParNew: 282987K->3142K(314560K)
[81.959s][info][gc,heap        ] GC(557) CMS: 12552K->12552K(699072K)
[81.959s][info][gc,metaspace   ] GC(557) Metaspace: 15016K(15360K)->15016K(15360K) NonClass: 13638K(13824K)->13638K(13824K) Class: 1377K(1536K)->1377K(1536K)
[81.959s][info][gc             ] GC(557) Pause Young (Allocation Failure) 288M->15M(989M) 1.700ms
[81.959s][info][gc,cpu         ] GC(557) User=0.00s Sys=0.00s Real=0.00s
[82.088s][info][gc,start       ] GC(558) Pause Young (Allocation Failure)
[82.088s][info][gc,task        ] GC(558) Using 6 workers of 6 for evacuation
[82.089s][info][gc,heap        ] GC(558) ParNew: 282758K->4111K(314560K)
[82.089s][info][gc,heap        ] GC(558) CMS: 12552K->12552K(699072K)
[82.089s][info][gc,metaspace   ] GC(558) Metaspace: 15016K(15360K)->15016K(15360K) NonClass: 13638K(13824K)->13638K(13824K) Class: 1377K(1536K)->1377K(1536K)
[82.089s][info][gc             ] GC(558) Pause Young (Allocation Failure) 288M->16M(989M) 1.762ms
[82.089s][info][gc,cpu         ] GC(558) User=0.00s Sys=0.00s Real=0.00s
[82.200s][info][gc,start       ] GC(559) Pause Young (Allocation Failure)
[82.200s][info][gc,task        ] GC(559) Using 6 workers of 6 for evacuation
[82.202s][info][gc,heap        ] GC(559) ParNew: 283727K->2693K(314560K)
[82.202s][info][gc,heap        ] GC(559) CMS: 12552K->12552K(699072K)
[82.202s][info][gc,metaspace   ] GC(559) Metaspace: 15016K(15360K)->15016K(15360K) NonClass: 13638K(13824K)->13638K(13824K) Class: 1377K(1536K)->1377K(1536K)
[82.202s][info][gc             ] GC(559) Pause Young (Allocation Failure) 289M->14M(989M) 1.541ms
[82.202s][info][gc,cpu         ] GC(559) User=0.06s Sys=0.03s Real=0.00s
[82.304s][info][gc,start       ] GC(560) Pause Young (Allocation Failure)
[82.304s][info][gc,task        ] GC(560) Using 6 workers of 6 for evacuation
[82.305s][info][gc,heap        ] GC(560) ParNew: 282309K->2778K(314560K)
[82.306s][info][gc,heap        ] GC(560) CMS: 12552K->12552K(699072K)
[82.306s][info][gc,metaspace   ] GC(560) Metaspace: 15016K(15360K)->15016K(15360K) NonClass: 13638K(13824K)->13638K(13824K) Class: 1377K(1536K)->1377K(1536K)
[82.306s][info][gc             ] GC(560) Pause Young (Allocation Failure) 287M->14M(989M) 1.426ms
[82.306s][info][gc,cpu         ] GC(560) User=0.00s Sys=0.00s Real=0.00s
[82.416s][info][gc,start       ] GC(561) Pause Young (Allocation Failure)
[82.416s][info][gc,task        ] GC(561) Using 6 workers of 6 for evacuation
[82.417s][info][gc,heap        ] GC(561) ParNew: 282394K->2772K(314560K)
[82.417s][info][gc,heap        ] GC(561) CMS: 12552K->12552K(699072K)
[82.417s][info][gc,metaspace   ] GC(561) Metaspace: 15016K(15360K)->15016K(15360K) NonClass: 13638K(13824K)->13638K(13824K) Class: 1377K(1536K)->1377K(1536K)
[82.417s][info][gc             ] GC(561) Pause Young (Allocation Failure) 288M->14M(989M) 1.643ms
[82.417s][info][gc,cpu         ] GC(561) User=0.00s Sys=0.00s Real=0.00s
[82.549s][info][gc,start       ] GC(562) Pause Young (Allocation Failure)
[82.549s][info][gc,task        ] GC(562) Using 6 workers of 6 for evacuation
[82.550s][info][gc,heap        ] GC(562) ParNew: 282388K->3257K(314560K)
[82.550s][info][gc,heap        ] GC(562) CMS: 12552K->12552K(699072K)
[82.550s][info][gc,metaspace   ] GC(562) Metaspace: 15016K(15360K)->15016K(15360K) NonClass: 13638K(13824K)->13638K(13824K) Class: 1377K(1536K)->1377K(1536K)
[82.550s][info][gc             ] GC(562) Pause Young (Allocation Failure) 288M->15M(989M) 1.605ms
[82.550s][info][gc,cpu         ] GC(562) User=0.00s Sys=0.00s Real=0.00s
[82.671s][info][gc,start       ] GC(563) Pause Young (Allocation Failure)
[82.671s][info][gc,task        ] GC(563) Using 6 workers of 6 for evacuation
[82.673s][info][gc,heap        ] GC(563) ParNew: 282873K->3086K(314560K)
[82.673s][info][gc,heap        ] GC(563) CMS: 12552K->12552K(699072K)
[82.673s][info][gc,metaspace   ] GC(563) Metaspace: 15016K(15360K)->15016K(15360K) NonClass: 13638K(13824K)->13638K(13824K) Class: 1377K(1536K)->1377K(1536K)
[82.673s][info][gc             ] GC(563) Pause Young (Allocation Failure) 288M->15M(989M) 1.496ms
[82.673s][info][gc,cpu         ] GC(563) User=0.00s Sys=0.00s Real=0.00s
[82.811s][info][gc,start       ] GC(564) Pause Young (Allocation Failure)
[82.811s][info][gc,task        ] GC(564) Using 6 workers of 6 for evacuation
[82.812s][info][gc,heap        ] GC(564) ParNew: 282702K->3421K(314560K)
[82.812s][info][gc,heap        ] GC(564) CMS: 12552K->12552K(699072K)
[82.812s][info][gc,metaspace   ] GC(564) Metaspace: 15016K(15360K)->15016K(15360K) NonClass: 13638K(13824K)->13638K(13824K) Class: 1377K(1536K)->1377K(1536K)
[82.812s][info][gc             ] GC(564) Pause Young (Allocation Failure) 288M->15M(989M) 1.662ms
[82.812s][info][gc,cpu         ] GC(564) User=0.00s Sys=0.00s Real=0.00s
[82.939s][info][gc,start       ] GC(565) Pause Young (Allocation Failure)
[82.939s][info][gc,task        ] GC(565) Using 6 workers of 6 for evacuation
[82.941s][info][gc,heap        ] GC(565) ParNew: 283037K->2409K(314560K)
[82.941s][info][gc,heap        ] GC(565) CMS: 12552K->12552K(699072K)
[82.941s][info][gc,metaspace   ] GC(565) Metaspace: 15016K(15360K)->15016K(15360K) NonClass: 13638K(13824K)->13638K(13824K) Class: 1377K(1536K)->1377K(1536K)
[82.941s][info][gc             ] GC(565) Pause Young (Allocation Failure) 288M->14M(989M) 2.071ms
[82.941s][info][gc,cpu         ] GC(565) User=0.00s Sys=0.00s Real=0.00s
[83.051s][info][gc,start       ] GC(566) Pause Young (Allocation Failure)
[83.051s][info][gc,task        ] GC(566) Using 6 workers of 6 for evacuation
[83.052s][info][gc,heap        ] GC(566) ParNew: 282025K->2031K(314560K)
[83.052s][info][gc,heap        ] GC(566) CMS: 12552K->12552K(699072K)
[83.052s][info][gc,metaspace   ] GC(566) Metaspace: 15016K(15360K)->15016K(15360K) NonClass: 13638K(13824K)->13638K(13824K) Class: 1377K(1536K)->1377K(1536K)
[83.052s][info][gc             ] GC(566) Pause Young (Allocation Failure) 287M->14M(989M) 1.419ms
[83.052s][info][gc,cpu         ] GC(566) User=0.00s Sys=0.00s Real=0.00s
[83.170s][info][gc,start       ] GC(567) Pause Young (Allocation Failure)
[83.170s][info][gc,task        ] GC(567) Using 6 workers of 6 for evacuation
[83.171s][info][gc,heap        ] GC(567) ParNew: 281647K->2659K(314560K)
[83.171s][info][gc,heap        ] GC(567) CMS: 12552K->12552K(699072K)
[83.171s][info][gc,metaspace   ] GC(567) Metaspace: 15016K(15360K)->15016K(15360K) NonClass: 13638K(13824K)->13638K(13824K) Class: 1377K(1536K)->1377K(1536K)
[83.171s][info][gc             ] GC(567) Pause Young (Allocation Failure) 287M->14M(989M) 1.274ms
[83.171s][info][gc,cpu         ] GC(567) User=0.09s Sys=0.00s Real=0.00s
[83.330s][info][gc,start       ] GC(568) Pause Young (Allocation Failure)
[83.330s][info][gc,task        ] GC(568) Using 6 workers of 6 for evacuation
[83.332s][info][gc,heap        ] GC(568) ParNew: 282275K->3283K(314560K)
[83.332s][info][gc,heap        ] GC(568) CMS: 12552K->12552K(699072K)
[83.332s][info][gc,metaspace   ] GC(568) Metaspace: 15016K(15360K)->15016K(15360K) NonClass: 13638K(13824K)->13638K(13824K) Class: 1377K(1536K)->1377K(1536K)
[83.332s][info][gc             ] GC(568) Pause Young (Allocation Failure) 287M->15M(989M) 1.548ms
[83.332s][info][gc,cpu         ] GC(568) User=0.00s Sys=0.00s Real=0.00s
[83.498s][info][gc,start       ] GC(569) Pause Young (Allocation Failure)
[83.498s][info][gc,task        ] GC(569) Using 6 workers of 6 for evacuation
[83.500s][info][gc,heap        ] GC(569) ParNew: 282899K->3661K(314560K)
[83.500s][info][gc,heap        ] GC(569) CMS: 12552K->12552K(699072K)
[83.500s][info][gc,metaspace   ] GC(569) Metaspace: 15016K(15360K)->15016K(15360K) NonClass: 13638K(13824K)->13638K(13824K) Class: 1377K(1536K)->1377K(1536K)
[83.500s][info][gc             ] GC(569) Pause Young (Allocation Failure) 288M->15M(989M) 1.527ms
[83.500s][info][gc,cpu         ] GC(569) User=0.02s Sys=0.00s Real=0.00s
[83.656s][info][gc,start       ] GC(570) Pause Young (Allocation Failure)
[83.656s][info][gc,task        ] GC(570) Using 6 workers of 6 for evacuation
[83.658s][info][gc,heap        ] GC(570) ParNew: 283277K->2609K(314560K)
[83.658s][info][gc,heap        ] GC(570) CMS: 12552K->12552K(699072K)
[83.658s][info][gc,metaspace   ] GC(570) Metaspace: 15016K(15360K)->15016K(15360K) NonClass: 13638K(13824K)->13638K(13824K) Class: 1377K(1536K)->1377K(1536K)
[83.658s][info][gc             ] GC(570) Pause Young (Allocation Failure) 288M->14M(989M) 1.740ms
[83.658s][info][gc,cpu         ] GC(570) User=0.00s Sys=0.00s Real=0.00s
[83.801s][info][gc,start       ] GC(571) Pause Young (Allocation Failure)
[83.801s][info][gc,task        ] GC(571) Using 6 workers of 6 for evacuation
[83.803s][info][gc,heap        ] GC(571) ParNew: 282225K->2931K(314560K)
[83.803s][info][gc,heap        ] GC(571) CMS: 12552K->12552K(699072K)
[83.803s][info][gc,metaspace   ] GC(571) Metaspace: 15016K(15360K)->15016K(15360K) NonClass: 13638K(13824K)->13638K(13824K) Class: 1377K(1536K)->1377K(1536K)
[83.803s][info][gc             ] GC(571) Pause Young (Allocation Failure) 287M->15M(989M) 1.553ms
[83.803s][info][gc,cpu         ] GC(571) User=0.00s Sys=0.00s Real=0.00s
[83.937s][info][gc,start       ] GC(572) Pause Young (Allocation Failure)
[83.937s][info][gc,task        ] GC(572) Using 6 workers of 6 for evacuation
[83.939s][info][gc,heap        ] GC(572) ParNew: 282547K->3328K(314560K)
[83.939s][info][gc,heap        ] GC(572) CMS: 12552K->12552K(699072K)
[83.939s][info][gc,metaspace   ] GC(572) Metaspace: 15016K(15360K)->15016K(15360K) NonClass: 13638K(13824K)->13638K(13824K) Class: 1377K(1536K)->1377K(1536K)
[83.939s][info][gc             ] GC(572) Pause Young (Allocation Failure) 288M->15M(989M) 2.172ms
[83.939s][info][gc,cpu         ] GC(572) User=0.00s Sys=0.00s Real=0.00s
[84.069s][info][gc,start       ] GC(573) Pause Young (Allocation Failure)
[84.069s][info][gc,task        ] GC(573) Using 6 workers of 6 for evacuation
[84.071s][info][gc,heap        ] GC(573) ParNew: 282944K->3407K(314560K)
[84.073s][info][gc,heap        ] GC(573) CMS: 12552K->12552K(699072K)
[84.073s][info][gc,metaspace   ] GC(573) Metaspace: 15016K(15360K)->15016K(15360K) NonClass: 13638K(13824K)->13638K(13824K) Class: 1377K(1536K)->1377K(1536K)
[84.073s][info][gc             ] GC(573) Pause Young (Allocation Failure) 288M->15M(989M) 3.937ms
[84.073s][info][gc,cpu         ] GC(573) User=0.00s Sys=0.00s Real=0.00s
[84.214s][info][gc,start       ] GC(574) Pause Young (Allocation Failure)
[84.214s][info][gc,task        ] GC(574) Using 6 workers of 6 for evacuation
[84.215s][info][gc,heap        ] GC(574) ParNew: 283023K->2902K(314560K)
[84.215s][info][gc,heap        ] GC(574) CMS: 12552K->12552K(699072K)
[84.215s][info][gc,metaspace   ] GC(574) Metaspace: 15016K(15360K)->15016K(15360K) NonClass: 13638K(13824K)->13638K(13824K) Class: 1377K(1536K)->1377K(1536K)
[84.215s][info][gc             ] GC(574) Pause Young (Allocation Failure) 288M->15M(989M) 1.445ms
[84.215s][info][gc,cpu         ] GC(574) User=0.00s Sys=0.00s Real=0.00s
[84.366s][info][gc,start       ] GC(575) Pause Young (Allocation Failure)
[84.366s][info][gc,task        ] GC(575) Using 6 workers of 6 for evacuation
[84.367s][info][gc,heap        ] GC(575) ParNew: 282518K->2750K(314560K)
[84.367s][info][gc,heap        ] GC(575) CMS: 12552K->12552K(699072K)
[84.367s][info][gc,metaspace   ] GC(575) Metaspace: 15016K(15360K)->15016K(15360K) NonClass: 13638K(13824K)->13638K(13824K) Class: 1377K(1536K)->1377K(1536K)
[84.368s][info][gc             ] GC(575) Pause Young (Allocation Failure) 288M->14M(989M) 1.451ms
[84.368s][info][gc,cpu         ] GC(575) User=0.00s Sys=0.00s Real=0.00s
[84.525s][info][gc,start       ] GC(576) Pause Young (Allocation Failure)
[84.525s][info][gc,task        ] GC(576) Using 6 workers of 6 for evacuation
[84.527s][info][gc,heap        ] GC(576) ParNew: 282366K->3290K(314560K)
[84.527s][info][gc,heap        ] GC(576) CMS: 12552K->12552K(699072K)
[84.527s][info][gc,metaspace   ] GC(576) Metaspace: 15016K(15360K)->15016K(15360K) NonClass: 13638K(13824K)->13638K(13824K) Class: 1377K(1536K)->1377K(1536K)
[84.527s][info][gc             ] GC(576) Pause Young (Allocation Failure) 288M->15M(989M) 1.427ms
[84.527s][info][gc,cpu         ] GC(576) User=0.00s Sys=0.00s Real=0.00s
[84.682s][info][gc,start       ] GC(577) Pause Young (Allocation Failure)
[84.682s][info][gc,task        ] GC(577) Using 6 workers of 6 for evacuation
[84.684s][info][gc,heap        ] GC(577) ParNew: 282906K->2650K(314560K)
[84.684s][info][gc,heap        ] GC(577) CMS: 12552K->12552K(699072K)
[84.684s][info][gc,metaspace   ] GC(577) Metaspace: 15016K(15360K)->15016K(15360K) NonClass: 13638K(13824K)->13638K(13824K) Class: 1377K(1536K)->1377K(1536K)
[84.684s][info][gc             ] GC(577) Pause Young (Allocation Failure) 288M->14M(989M) 1.484ms
[84.684s][info][gc,cpu         ] GC(577) User=0.00s Sys=0.00s Real=0.00s
[84.828s][info][gc,start       ] GC(578) Pause Young (Allocation Failure)
[84.828s][info][gc,task        ] GC(578) Using 6 workers of 6 for evacuation
[84.829s][info][gc,heap        ] GC(578) ParNew: 282266K->3073K(314560K)
[84.830s][info][gc,heap        ] GC(578) CMS: 12552K->12552K(699072K)
[84.830s][info][gc,metaspace   ] GC(578) Metaspace: 15016K(15360K)->15016K(15360K) NonClass: 13638K(13824K)->13638K(13824K) Class: 1377K(1536K)->1377K(1536K)
[84.830s][info][gc             ] GC(578) Pause Young (Allocation Failure) 287M->15M(989M) 1.516ms
[84.830s][info][gc,cpu         ] GC(578) User=0.00s Sys=0.00s Real=0.00s
[84.977s][info][gc,start       ] GC(579) Pause Young (Allocation Failure)
[84.977s][info][gc,task        ] GC(579) Using 6 workers of 6 for evacuation
[84.979s][info][gc,heap        ] GC(579) ParNew: 282689K->3353K(314560K)
[84.979s][info][gc,heap        ] GC(579) CMS: 12552K->12552K(699072K)
[84.979s][info][gc,metaspace   ] GC(579) Metaspace: 15016K(15360K)->15016K(15360K) NonClass: 13638K(13824K)->13638K(13824K) Class: 1377K(1536K)->1377K(1536K)
[84.979s][info][gc             ] GC(579) Pause Young (Allocation Failure) 288M->15M(989M) 1.628ms
[84.979s][info][gc,cpu         ] GC(579) User=0.00s Sys=0.00s Real=0.00s
[85.125s][info][gc,start       ] GC(580) Pause Young (Allocation Failure)
[85.125s][info][gc,task        ] GC(580) Using 6 workers of 6 for evacuation
[85.126s][info][gc,heap        ] GC(580) ParNew: 282969K->3047K(314560K)
[85.126s][info][gc,heap        ] GC(580) CMS: 12552K->12552K(699072K)
[85.126s][info][gc,metaspace   ] GC(580) Metaspace: 15016K(15360K)->15016K(15360K) NonClass: 13638K(13824K)->13638K(13824K) Class: 1377K(1536K)->1377K(1536K)
[85.126s][info][gc             ] GC(580) Pause Young (Allocation Failure) 288M->15M(989M) 1.408ms
[85.126s][info][gc,cpu         ] GC(580) User=0.00s Sys=0.00s Real=0.00s
[85.258s][info][gc,start       ] GC(581) Pause Young (Allocation Failure)
[85.258s][info][gc,task        ] GC(581) Using 6 workers of 6 for evacuation
[85.259s][info][gc,heap        ] GC(581) ParNew: 282663K->3370K(314560K)
[85.259s][info][gc,heap        ] GC(581) CMS: 12552K->12552K(699072K)
[85.259s][info][gc,metaspace   ] GC(581) Metaspace: 15016K(15360K)->15016K(15360K) NonClass: 13638K(13824K)->13638K(13824K) Class: 1377K(1536K)->1377K(1536K)
[85.259s][info][gc             ] GC(581) Pause Young (Allocation Failure) 288M->15M(989M) 1.590ms
[85.259s][info][gc,cpu         ] GC(581) User=0.00s Sys=0.00s Real=0.00s
[85.401s][info][gc,start       ] GC(582) Pause Young (Allocation Failure)
[85.401s][info][gc,task        ] GC(582) Using 6 workers of 6 for evacuation
[85.402s][info][gc,heap        ] GC(582) ParNew: 282986K->2448K(314560K)
[85.402s][info][gc,heap        ] GC(582) CMS: 12552K->12552K(699072K)
[85.402s][info][gc,metaspace   ] GC(582) Metaspace: 15016K(15360K)->15016K(15360K) NonClass: 13638K(13824K)->13638K(13824K) Class: 1377K(1536K)->1377K(1536K)
[85.402s][info][gc             ] GC(582) Pause Young (Allocation Failure) 288M->14M(989M) 1.344ms
[85.402s][info][gc,cpu         ] GC(582) User=0.00s Sys=0.00s Real=0.00s
[85.553s][info][gc,start       ] GC(583) Pause Young (Allocation Failure)
[85.553s][info][gc,task        ] GC(583) Using 6 workers of 6 for evacuation
[85.555s][info][gc,heap        ] GC(583) ParNew: 282064K->3006K(314560K)
[85.555s][info][gc,heap        ] GC(583) CMS: 12552K->12552K(699072K)
[85.555s][info][gc,metaspace   ] GC(583) Metaspace: 15016K(15360K)->15016K(15360K) NonClass: 13638K(13824K)->13638K(13824K) Class: 1377K(1536K)->1377K(1536K)
[85.555s][info][gc             ] GC(583) Pause Young (Allocation Failure) 287M->15M(989M) 1.555ms
[85.555s][info][gc,cpu         ] GC(583) User=0.00s Sys=0.00s Real=0.00s
[85.681s][info][gc,start       ] GC(584) Pause Young (Allocation Failure)
[85.681s][info][gc,task        ] GC(584) Using 6 workers of 6 for evacuation
[85.682s][info][gc,heap        ] GC(584) ParNew: 282622K->2788K(314560K)
[85.682s][info][gc,heap        ] GC(584) CMS: 12552K->12552K(699072K)
[85.682s][info][gc,metaspace   ] GC(584) Metaspace: 15016K(15360K)->15016K(15360K) NonClass: 13638K(13824K)->13638K(13824K) Class: 1377K(1536K)->1377K(1536K)
[85.682s][info][gc             ] GC(584) Pause Young (Allocation Failure) 288M->14M(989M) 1.476ms
[85.682s][info][gc,cpu         ] GC(584) User=0.00s Sys=0.00s Real=0.00s
[85.790s][info][gc,start       ] GC(585) Pause Young (Allocation Failure)
[85.790s][info][gc,task        ] GC(585) Using 6 workers of 6 for evacuation
[85.791s][info][gc,heap        ] GC(585) ParNew: 282404K->2995K(314560K)
[85.791s][info][gc,heap        ] GC(585) CMS: 12552K->12552K(699072K)
[85.791s][info][gc,metaspace   ] GC(585) Metaspace: 15016K(15360K)->15016K(15360K) NonClass: 13638K(13824K)->13638K(13824K) Class: 1377K(1536K)->1377K(1536K)
[85.791s][info][gc             ] GC(585) Pause Young (Allocation Failure) 288M->15M(989M) 1.525ms
[85.791s][info][gc,cpu         ] GC(585) User=0.00s Sys=0.00s Real=0.00s
[85.910s][info][gc,start       ] GC(586) Pause Young (Allocation Failure)
[85.910s][info][gc,task        ] GC(586) Using 6 workers of 6 for evacuation
[85.911s][info][gc,heap        ] GC(586) ParNew: 282611K->2721K(314560K)
[85.911s][info][gc,heap        ] GC(586) CMS: 12552K->12552K(699072K)
[85.911s][info][gc,metaspace   ] GC(586) Metaspace: 15016K(15360K)->15016K(15360K) NonClass: 13638K(13824K)->13638K(13824K) Class: 1377K(1536K)->1377K(1536K)
[85.911s][info][gc             ] GC(586) Pause Young (Allocation Failure) 288M->14M(989M) 1.633ms
[85.911s][info][gc,cpu         ] GC(586) User=0.00s Sys=0.00s Real=0.00s
[86.027s][info][gc,start       ] GC(587) Pause Young (Allocation Failure)
[86.027s][info][gc,task        ] GC(587) Using 6 workers of 6 for evacuation
[86.028s][info][gc,heap        ] GC(587) ParNew: 282337K->3425K(314560K)
[86.028s][info][gc,heap        ] GC(587) CMS: 12552K->12552K(699072K)
[86.028s][info][gc,metaspace   ] GC(587) Metaspace: 15016K(15360K)->15016K(15360K) NonClass: 13638K(13824K)->13638K(13824K) Class: 1377K(1536K)->1377K(1536K)
[86.028s][info][gc             ] GC(587) Pause Young (Allocation Failure) 287M->15M(989M) 1.558ms
[86.028s][info][gc,cpu         ] GC(587) User=0.00s Sys=0.00s Real=0.00s
[86.147s][info][gc,start       ] GC(588) Pause Young (Allocation Failure)
[86.147s][info][gc,task        ] GC(588) Using 6 workers of 6 for evacuation
[86.149s][info][gc,heap        ] GC(588) ParNew: 283041K->3463K(314560K)
[86.149s][info][gc,heap        ] GC(588) CMS: 12552K->12552K(699072K)
[86.149s][info][gc,metaspace   ] GC(588) Metaspace: 15016K(15360K)->15016K(15360K) NonClass: 13638K(13824K)->13638K(13824K) Class: 1377K(1536K)->1377K(1536K)
[86.149s][info][gc             ] GC(588) Pause Young (Allocation Failure) 288M->15M(989M) 1.540ms
[86.149s][info][gc,cpu         ] GC(588) User=0.00s Sys=0.00s Real=0.00s
[86.276s][info][gc,start       ] GC(589) Pause Young (Allocation Failure)
[86.276s][info][gc,task        ] GC(589) Using 6 workers of 6 for evacuation
[86.277s][info][gc,heap        ] GC(589) ParNew: 283079K->3209K(314560K)
[86.277s][info][gc,heap        ] GC(589) CMS: 12552K->12552K(699072K)
[86.277s][info][gc,metaspace   ] GC(589) Metaspace: 15016K(15360K)->15016K(15360K) NonClass: 13638K(13824K)->13638K(13824K) Class: 1377K(1536K)->1377K(1536K)
[86.277s][info][gc             ] GC(589) Pause Young (Allocation Failure) 288M->15M(989M) 1.458ms
[86.278s][info][gc,cpu         ] GC(589) User=0.00s Sys=0.00s Real=0.00s
[86.418s][info][gc,start       ] GC(590) Pause Young (Allocation Failure)
[86.418s][info][gc,task        ] GC(590) Using 6 workers of 6 for evacuation
[86.420s][info][gc,heap        ] GC(590) ParNew: 282825K->2669K(314560K)
[86.420s][info][gc,heap        ] GC(590) CMS: 12552K->12552K(699072K)
[86.420s][info][gc,metaspace   ] GC(590) Metaspace: 15016K(15360K)->15016K(15360K) NonClass: 13638K(13824K)->13638K(13824K) Class: 1377K(1536K)->1377K(1536K)
[86.420s][info][gc             ] GC(590) Pause Young (Allocation Failure) 288M->14M(989M) 1.470ms
[86.420s][info][gc,cpu         ] GC(590) User=0.00s Sys=0.00s Real=0.00s
[86.561s][info][gc,start       ] GC(591) Pause Young (Allocation Failure)
[86.561s][info][gc,task        ] GC(591) Using 6 workers of 6 for evacuation
[86.562s][info][gc,heap        ] GC(591) ParNew: 282285K->2995K(314560K)
[86.562s][info][gc,heap        ] GC(591) CMS: 12552K->12552K(699072K)
[86.562s][info][gc,metaspace   ] GC(591) Metaspace: 15016K(15360K)->15016K(15360K) NonClass: 13638K(13824K)->13638K(13824K) Class: 1377K(1536K)->1377K(1536K)
[86.562s][info][gc             ] GC(591) Pause Young (Allocation Failure) 287M->15M(989M) 1.507ms
[86.562s][info][gc,cpu         ] GC(591) User=0.00s Sys=0.00s Real=0.00s
[86.704s][info][gc,start       ] GC(592) Pause Young (Allocation Failure)
[86.704s][info][gc,task        ] GC(592) Using 6 workers of 6 for evacuation
[86.706s][info][gc,heap        ] GC(592) ParNew: 282611K->2744K(314560K)
[86.706s][info][gc,heap        ] GC(592) CMS: 12552K->12552K(699072K)
[86.706s][info][gc,metaspace   ] GC(592) Metaspace: 15016K(15360K)->15016K(15360K) NonClass: 13638K(13824K)->13638K(13824K) Class: 1377K(1536K)->1377K(1536K)
[86.706s][info][gc             ] GC(592) Pause Young (Allocation Failure) 288M->14M(989M) 1.818ms
[86.706s][info][gc,cpu         ] GC(592) User=0.00s Sys=0.00s Real=0.00s
[86.852s][info][gc,start       ] GC(593) Pause Young (Allocation Failure)
[86.852s][info][gc,task        ] GC(593) Using 6 workers of 6 for evacuation
[86.853s][info][gc,heap        ] GC(593) ParNew: 282360K->3505K(314560K)
[86.853s][info][gc,heap        ] GC(593) CMS: 12552K->12552K(699072K)
[86.853s][info][gc,metaspace   ] GC(593) Metaspace: 15016K(15360K)->15016K(15360K) NonClass: 13638K(13824K)->13638K(13824K) Class: 1377K(1536K)->1377K(1536K)
[86.853s][info][gc             ] GC(593) Pause Young (Allocation Failure) 288M->15M(989M) 1.429ms
[86.853s][info][gc,cpu         ] GC(593) User=0.00s Sys=0.00s Real=0.00s
[86.985s][info][gc,start       ] GC(594) Pause Young (Allocation Failure)
[86.986s][info][gc,task        ] GC(594) Using 6 workers of 6 for evacuation
[86.987s][info][gc,heap        ] GC(594) ParNew: 283121K->2719K(314560K)
[86.987s][info][gc,heap        ] GC(594) CMS: 12552K->12552K(699072K)
[86.987s][info][gc,metaspace   ] GC(594) Metaspace: 15016K(15360K)->15016K(15360K) NonClass: 13638K(13824K)->13638K(13824K) Class: 1377K(1536K)->1377K(1536K)
[86.987s][info][gc             ] GC(594) Pause Young (Allocation Failure) 288M->14M(989M) 1.484ms
[86.987s][info][gc,cpu         ] GC(594) User=0.00s Sys=0.00s Real=0.00s
[87.117s][info][gc,start       ] GC(595) Pause Young (Allocation Failure)
[87.117s][info][gc,task        ] GC(595) Using 6 workers of 6 for evacuation
[87.119s][info][gc,heap        ] GC(595) ParNew: 282335K->2799K(314560K)
[87.119s][info][gc,heap        ] GC(595) CMS: 12552K->12552K(699072K)
[87.119s][info][gc,metaspace   ] GC(595) Metaspace: 15016K(15360K)->15016K(15360K) NonClass: 13638K(13824K)->13638K(13824K) Class: 1377K(1536K)->1377K(1536K)
[87.119s][info][gc             ] GC(595) Pause Young (Allocation Failure) 287M->14M(989M) 1.587ms
[87.119s][info][gc,cpu         ] GC(595) User=0.00s Sys=0.00s Real=0.00s
[87.264s][info][gc,start       ] GC(596) Pause Young (Allocation Failure)
[87.264s][info][gc,task        ] GC(596) Using 6 workers of 6 for evacuation
[87.265s][info][gc,heap        ] GC(596) ParNew: 282415K->2626K(314560K)
[87.265s][info][gc,heap        ] GC(596) CMS: 12552K->12552K(699072K)
[87.265s][info][gc,metaspace   ] GC(596) Metaspace: 15016K(15360K)->15016K(15360K) NonClass: 13638K(13824K)->13638K(13824K) Class: 1377K(1536K)->1377K(1536K)
[87.265s][info][gc             ] GC(596) Pause Young (Allocation Failure) 288M->14M(989M) 1.361ms
[87.265s][info][gc,cpu         ] GC(596) User=0.00s Sys=0.00s Real=0.00s
[87.428s][info][gc,start       ] GC(597) Pause Young (Allocation Failure)
[87.429s][info][gc,task        ] GC(597) Using 6 workers of 6 for evacuation
[87.430s][info][gc,heap        ] GC(597) ParNew: 282242K->2223K(314560K)
[87.430s][info][gc,heap        ] GC(597) CMS: 12552K->12552K(699072K)
[87.430s][info][gc,metaspace   ] GC(597) Metaspace: 15016K(15360K)->15016K(15360K) NonClass: 13638K(13824K)->13638K(13824K) Class: 1377K(1536K)->1377K(1536K)
[87.430s][info][gc             ] GC(597) Pause Young (Allocation Failure) 287M->14M(989M) 1.523ms
[87.430s][info][gc,cpu         ] GC(597) User=0.00s Sys=0.00s Real=0.00s
[87.568s][info][gc,start       ] GC(598) Pause Young (Allocation Failure)
[87.568s][info][gc,task        ] GC(598) Using 6 workers of 6 for evacuation
[87.569s][info][gc,heap        ] GC(598) ParNew: 281839K->2911K(314560K)
[87.569s][info][gc,heap        ] GC(598) CMS: 12552K->12552K(699072K)
[87.569s][info][gc,metaspace   ] GC(598) Metaspace: 15016K(15360K)->15016K(15360K) NonClass: 13638K(13824K)->13638K(13824K) Class: 1377K(1536K)->1377K(1536K)
[87.569s][info][gc             ] GC(598) Pause Young (Allocation Failure) 287M->15M(989M) 1.322ms
[87.569s][info][gc,cpu         ] GC(598) User=0.00s Sys=0.00s Real=0.00s
[87.703s][info][gc,start       ] GC(599) Pause Young (Allocation Failure)
[87.703s][info][gc,task        ] GC(599) Using 6 workers of 6 for evacuation
[87.705s][info][gc,heap        ] GC(599) ParNew: 282527K->3077K(314560K)
[87.705s][info][gc,heap        ] GC(599) CMS: 12552K->12552K(699072K)
[87.705s][info][gc,metaspace   ] GC(599) Metaspace: 15016K(15360K)->15016K(15360K) NonClass: 13638K(13824K)->13638K(13824K) Class: 1377K(1536K)->1377K(1536K)
[87.705s][info][gc             ] GC(599) Pause Young (Allocation Failure) 288M->15M(989M) 1.384ms
[87.705s][info][gc,cpu         ] GC(599) User=0.00s Sys=0.00s Real=0.00s
[87.834s][info][gc,start       ] GC(600) Pause Young (Allocation Failure)
[87.834s][info][gc,task        ] GC(600) Using 6 workers of 6 for evacuation
[87.835s][info][gc,heap        ] GC(600) ParNew: 282693K->2884K(314560K)
[87.835s][info][gc,heap        ] GC(600) CMS: 12552K->12552K(699072K)
[87.835s][info][gc,metaspace   ] GC(600) Metaspace: 15016K(15360K)->15016K(15360K) NonClass: 13638K(13824K)->13638K(13824K) Class: 1377K(1536K)->1377K(1536K)
[87.835s][info][gc             ] GC(600) Pause Young (Allocation Failure) 288M->15M(989M) 1.359ms
[87.835s][info][gc,cpu         ] GC(600) User=0.00s Sys=0.00s Real=0.00s
[87.968s][info][gc,start       ] GC(601) Pause Young (Allocation Failure)
[87.968s][info][gc,task        ] GC(601) Using 6 workers of 6 for evacuation
[87.970s][info][gc,heap        ] GC(601) ParNew: 282500K->3223K(314560K)
[87.970s][info][gc,heap        ] GC(601) CMS: 12552K->12552K(699072K)
[87.970s][info][gc,metaspace   ] GC(601) Metaspace: 15016K(15360K)->15016K(15360K) NonClass: 13638K(13824K)->13638K(13824K) Class: 1377K(1536K)->1377K(1536K)
[87.970s][info][gc             ] GC(601) Pause Young (Allocation Failure) 288M->15M(989M) 1.917ms
[87.970s][info][gc,cpu         ] GC(601) User=0.00s Sys=0.00s Real=0.00s
[88.085s][info][gc,start       ] GC(602) Pause Young (Allocation Failure)
[88.085s][info][gc,task        ] GC(602) Using 6 workers of 6 for evacuation
[88.086s][info][gc,heap        ] GC(602) ParNew: 282839K->3363K(314560K)
[88.086s][info][gc,heap        ] GC(602) CMS: 12552K->12552K(699072K)
[88.086s][info][gc,metaspace   ] GC(602) Metaspace: 15016K(15360K)->15016K(15360K) NonClass: 13638K(13824K)->13638K(13824K) Class: 1377K(1536K)->1377K(1536K)
[88.086s][info][gc             ] GC(602) Pause Young (Allocation Failure) 288M->15M(989M) 1.428ms
[88.086s][info][gc,cpu         ] GC(602) User=0.00s Sys=0.00s Real=0.00s
[88.249s][info][gc,start       ] GC(603) Pause Full (System.gc())
[88.250s][info][gc,phases,start] GC(603) Phase 1: Mark live objects
[88.254s][info][gc,phases      ] GC(603) Phase 1: Mark live objects 4.680ms
[88.254s][info][gc,phases,start] GC(603) Phase 2: Compute new object addresses
[88.273s][info][gc,phases      ] GC(603) Phase 2: Compute new object addresses 19.235ms
[88.274s][info][gc,phases,start] GC(603) Phase 3: Adjust pointers
[88.276s][info][gc,phases      ] GC(603) Phase 3: Adjust pointers 2.891ms
[88.276s][info][gc,phases,start] GC(603) Phase 4: Move objects
[88.277s][info][gc,phases      ] GC(603) Phase 4: Move objects 0.899ms
[88.278s][info][gc,heap        ] GC(603) ParNew: 174782K->0K(314560K)
[88.278s][info][gc,heap        ] GC(603) CMS: 12552K->11657K(699072K)
[88.278s][info][gc,metaspace   ] GC(603) Metaspace: 15017K(15360K)->15017K(15360K) NonClass: 13639K(13824K)->13639K(13824K) Class: 1377K(1536K)->1377K(1536K)
[88.278s][info][gc             ] GC(603) Pause Full (System.gc()) 182M->11M(989M) 28.684ms
[88.278s][info][gc,cpu         ] GC(603) User=0.02s Sys=0.00s Real=0.02s
[88.375s][info][gc,start       ] GC(604) Pause Young (Allocation Failure)
[88.375s][info][gc,task        ] GC(604) Using 6 workers of 6 for evacuation
[88.376s][info][gc,heap        ] GC(604) ParNew: 279616K->3052K(314560K)
[88.376s][info][gc,heap        ] GC(604) CMS: 11657K->11657K(699072K)
[88.376s][info][gc,metaspace   ] GC(604) Metaspace: 15024K(15360K)->15024K(15360K) NonClass: 13646K(13824K)->13646K(13824K) Class: 1377K(1536K)->1377K(1536K)
[88.376s][info][gc             ] GC(604) Pause Young (Allocation Failure) 284M->14M(989M) 1.436ms
[88.376s][info][gc,cpu         ] GC(604) User=0.00s Sys=0.00s Real=0.00s
[88.517s][info][gc,start       ] GC(605) Pause Young (Allocation Failure)
[88.517s][info][gc,task        ] GC(605) Using 6 workers of 6 for evacuation
[88.518s][info][gc,heap        ] GC(605) ParNew: 282668K->4134K(314560K)
[88.518s][info][gc,heap        ] GC(605) CMS: 11657K->11657K(699072K)
[88.518s][info][gc,metaspace   ] GC(605) Metaspace: 15024K(15360K)->15024K(15360K) NonClass: 13646K(13824K)->13646K(13824K) Class: 1377K(1536K)->1377K(1536K)
[88.518s][info][gc             ] GC(605) Pause Young (Allocation Failure) 287M->15M(989M) 1.582ms
[88.518s][info][gc,cpu         ] GC(605) User=0.00s Sys=0.00s Real=0.00s
[88.638s][info][gc,start       ] GC(606) Pause Young (Allocation Failure)
[88.638s][info][gc,task        ] GC(606) Using 6 workers of 6 for evacuation
[88.639s][info][gc,heap        ] GC(606) ParNew: 283750K->4427K(314560K)
[88.639s][info][gc,heap        ] GC(606) CMS: 11657K->11657K(699072K)
[88.639s][info][gc,metaspace   ] GC(606) Metaspace: 15024K(15360K)->15024K(15360K) NonClass: 13646K(13824K)->13646K(13824K) Class: 1377K(1536K)->1377K(1536K)
[88.639s][info][gc             ] GC(606) Pause Young (Allocation Failure) 288M->15M(989M) 1.498ms
[88.639s][info][gc,cpu         ] GC(606) User=0.09s Sys=0.00s Real=0.00s
[88.825s][info][gc,start       ] GC(607) Pause Young (Allocation Failure)
[88.825s][info][gc,task        ] GC(607) Using 6 workers of 6 for evacuation
[88.827s][info][gc,heap        ] GC(607) ParNew: 284043K->3362K(314560K)
[88.827s][info][gc,heap        ] GC(607) CMS: 11657K->11657K(699072K)
[88.827s][info][gc,metaspace   ] GC(607) Metaspace: 15024K(15360K)->15024K(15360K) NonClass: 13646K(13824K)->13646K(13824K) Class: 1377K(1536K)->1377K(1536K)
[88.827s][info][gc             ] GC(607) Pause Young (Allocation Failure) 288M->14M(989M) 1.502ms
[88.827s][info][gc,cpu         ] GC(607) User=0.09s Sys=0.00s Real=0.00s
[88.935s][info][gc,start       ] GC(608) Pause Young (Allocation Failure)
[88.935s][info][gc,task        ] GC(608) Using 6 workers of 6 for evacuation
[88.937s][info][gc,heap        ] GC(608) ParNew: 282978K->4636K(314560K)
[88.937s][info][gc,heap        ] GC(608) CMS: 11657K->11657K(699072K)
[88.937s][info][gc,metaspace   ] GC(608) Metaspace: 15024K(15360K)->15024K(15360K) NonClass: 13646K(13824K)->13646K(13824K) Class: 1377K(1536K)->1377K(1536K)
[88.937s][info][gc             ] GC(608) Pause Young (Allocation Failure) 287M->15M(989M) 1.647ms
[88.937s][info][gc,cpu         ] GC(608) User=0.05s Sys=0.03s Real=0.00s
[89.083s][info][gc,start       ] GC(609) Pause Young (Allocation Failure)
[89.083s][info][gc,task        ] GC(609) Using 6 workers of 6 for evacuation
[89.084s][info][gc,heap        ] GC(609) ParNew: 284252K->3888K(314560K)
[89.084s][info][gc,heap        ] GC(609) CMS: 11657K->11657K(699072K)
[89.084s][info][gc,metaspace   ] GC(609) Metaspace: 15024K(15360K)->15024K(15360K) NonClass: 13646K(13824K)->13646K(13824K) Class: 1377K(1536K)->1377K(1536K)
[89.084s][info][gc             ] GC(609) Pause Young (Allocation Failure) 288M->15M(989M) 1.581ms
[89.084s][info][gc,cpu         ] GC(609) User=0.00s Sys=0.00s Real=0.00s
[89.216s][info][gc,start       ] GC(610) Pause Young (Allocation Failure)
[89.216s][info][gc,task        ] GC(610) Using 6 workers of 6 for evacuation
[89.218s][info][gc,heap        ] GC(610) ParNew: 283504K->2444K(314560K)
[89.218s][info][gc,heap        ] GC(610) CMS: 11657K->12550K(699072K)
[89.218s][info][gc,metaspace   ] GC(610) Metaspace: 15024K(15360K)->15024K(15360K) NonClass: 13646K(13824K)->13646K(13824K) Class: 1377K(1536K)->1377K(1536K)
[89.218s][info][gc             ] GC(610) Pause Young (Allocation Failure) 288M->14M(989M) 1.587ms
[89.218s][info][gc,cpu         ] GC(610) User=0.08s Sys=0.02s Real=0.00s
[89.376s][info][gc,start       ] GC(611) Pause Young (Allocation Failure)
[89.376s][info][gc,task        ] GC(611) Using 6 workers of 6 for evacuation
[89.377s][info][gc,heap        ] GC(611) ParNew: 282060K->2781K(314560K)
[89.377s][info][gc,heap        ] GC(611) CMS: 12550K->12550K(699072K)
[89.377s][info][gc,metaspace   ] GC(611) Metaspace: 15024K(15360K)->15024K(15360K) NonClass: 13646K(13824K)->13646K(13824K) Class: 1377K(1536K)->1377K(1536K)
[89.377s][info][gc             ] GC(611) Pause Young (Allocation Failure) 287M->14M(989M) 1.391ms
[89.377s][info][gc,cpu         ] GC(611) User=0.00s Sys=0.00s Real=0.00s
[89.508s][info][gc,start       ] GC(612) Pause Young (Allocation Failure)
[89.508s][info][gc,task        ] GC(612) Using 6 workers of 6 for evacuation
[89.510s][info][gc,heap        ] GC(612) ParNew: 282397K->2961K(314560K)
[89.510s][info][gc,heap        ] GC(612) CMS: 12550K->12550K(699072K)
[89.510s][info][gc,metaspace   ] GC(612) Metaspace: 15024K(15360K)->15024K(15360K) NonClass: 13646K(13824K)->13646K(13824K) Class: 1377K(1536K)->1377K(1536K)
[89.510s][info][gc             ] GC(612) Pause Young (Allocation Failure) 288M->15M(989M) 1.504ms
[89.510s][info][gc,cpu         ] GC(612) User=0.00s Sys=0.00s Real=0.00s
[89.643s][info][gc,start       ] GC(613) Pause Young (Allocation Failure)
[89.643s][info][gc,task        ] GC(613) Using 6 workers of 6 for evacuation
[89.645s][info][gc,heap        ] GC(613) ParNew: 282577K->3091K(314560K)
[89.645s][info][gc,heap        ] GC(613) CMS: 12550K->12550K(699072K)
[89.645s][info][gc,metaspace   ] GC(613) Metaspace: 15024K(15360K)->15024K(15360K) NonClass: 13646K(13824K)->13646K(13824K) Class: 1377K(1536K)->1377K(1536K)
[89.645s][info][gc             ] GC(613) Pause Young (Allocation Failure) 288M->15M(989M) 1.660ms
[89.645s][info][gc,cpu         ] GC(613) User=0.00s Sys=0.00s Real=0.00s
[89.774s][info][gc,start       ] GC(614) Pause Young (Allocation Failure)
[89.774s][info][gc,task        ] GC(614) Using 6 workers of 6 for evacuation
[89.776s][info][gc,heap        ] GC(614) ParNew: 282707K->2902K(314560K)
[89.776s][info][gc,heap        ] GC(614) CMS: 12550K->12550K(699072K)
[89.776s][info][gc,metaspace   ] GC(614) Metaspace: 15024K(15360K)->15024K(15360K) NonClass: 13646K(13824K)->13646K(13824K) Class: 1377K(1536K)->1377K(1536K)
[89.776s][info][gc             ] GC(614) Pause Young (Allocation Failure) 288M->15M(989M) 1.355ms
[89.776s][info][gc,cpu         ] GC(614) User=0.00s Sys=0.00s Real=0.00s
[89.906s][info][gc,start       ] GC(615) Pause Young (Allocation Failure)
[89.906s][info][gc,task        ] GC(615) Using 6 workers of 6 for evacuation
[89.907s][info][gc,heap        ] GC(615) ParNew: 282518K->3300K(314560K)
[89.907s][info][gc,heap        ] GC(615) CMS: 12550K->12550K(699072K)
[89.907s][info][gc,metaspace   ] GC(615) Metaspace: 15024K(15360K)->15024K(15360K) NonClass: 13646K(13824K)->13646K(13824K) Class: 1377K(1536K)->1377K(1536K)
[89.907s][info][gc             ] GC(615) Pause Young (Allocation Failure) 288M->15M(989M) 1.444ms
[89.907s][info][gc,cpu         ] GC(615) User=0.00s Sys=0.00s Real=0.00s
[90.034s][info][gc,start       ] GC(616) Pause Young (Allocation Failure)
[90.034s][info][gc,task        ] GC(616) Using 6 workers of 6 for evacuation
[90.036s][info][gc,heap        ] GC(616) ParNew: 282916K->3050K(314560K)
[90.036s][info][gc,heap        ] GC(616) CMS: 12550K->12550K(699072K)
[90.036s][info][gc,metaspace   ] GC(616) Metaspace: 15024K(15360K)->15024K(15360K) NonClass: 13646K(13824K)->13646K(13824K) Class: 1377K(1536K)->1377K(1536K)
[90.036s][info][gc             ] GC(616) Pause Young (Allocation Failure) 288M->15M(989M) 1.610ms
[90.036s][info][gc,cpu         ] GC(616) User=0.00s Sys=0.00s Real=0.00s
[90.173s][info][gc,start       ] GC(617) Pause Young (Allocation Failure)
[90.173s][info][gc,task        ] GC(617) Using 6 workers of 6 for evacuation
[90.174s][info][gc,heap        ] GC(617) ParNew: 282666K->3043K(314560K)
[90.174s][info][gc,heap        ] GC(617) CMS: 12550K->12550K(699072K)
[90.174s][info][gc,metaspace   ] GC(617) Metaspace: 15024K(15360K)->15024K(15360K) NonClass: 13646K(13824K)->13646K(13824K) Class: 1377K(1536K)->1377K(1536K)
[90.174s][info][gc             ] GC(617) Pause Young (Allocation Failure) 288M->15M(989M) 1.688ms
[90.174s][info][gc,cpu         ] GC(617) User=0.00s Sys=0.00s Real=0.00s
[90.318s][info][gc,start       ] GC(618) Pause Young (Allocation Failure)
[90.318s][info][gc,task        ] GC(618) Using 6 workers of 6 for evacuation
[90.320s][info][gc,heap        ] GC(618) ParNew: 282659K->2972K(314560K)
[90.320s][info][gc,heap        ] GC(618) CMS: 12550K->12550K(699072K)
[90.320s][info][gc,metaspace   ] GC(618) Metaspace: 15024K(15360K)->15024K(15360K) NonClass: 13646K(13824K)->13646K(13824K) Class: 1377K(1536K)->1377K(1536K)
[90.320s][info][gc             ] GC(618) Pause Young (Allocation Failure) 288M->15M(989M) 1.584ms
[90.320s][info][gc,cpu         ] GC(618) User=0.00s Sys=0.00s Real=0.00s
[90.473s][info][gc,start       ] GC(619) Pause Young (Allocation Failure)
[90.473s][info][gc,task        ] GC(619) Using 6 workers of 6 for evacuation
[90.475s][info][gc,heap        ] GC(619) ParNew: 282588K->2827K(314560K)
[90.475s][info][gc,heap        ] GC(619) CMS: 12550K->12550K(699072K)
[90.475s][info][gc,metaspace   ] GC(619) Metaspace: 15024K(15360K)->15024K(15360K) NonClass: 13646K(13824K)->13646K(13824K) Class: 1377K(1536K)->1377K(1536K)
[90.475s][info][gc             ] GC(619) Pause Young (Allocation Failure) 288M->15M(989M) 1.575ms
[90.475s][info][gc,cpu         ] GC(619) User=0.00s Sys=0.00s Real=0.00s
[90.609s][info][gc,start       ] GC(620) Pause Young (Allocation Failure)
[90.609s][info][gc,task        ] GC(620) Using 6 workers of 6 for evacuation
[90.610s][info][gc,heap        ] GC(620) ParNew: 282443K->2781K(314560K)
[90.610s][info][gc,heap        ] GC(620) CMS: 12550K->12550K(699072K)
[90.610s][info][gc,metaspace   ] GC(620) Metaspace: 15024K(15360K)->15024K(15360K) NonClass: 13646K(13824K)->13646K(13824K) Class: 1377K(1536K)->1377K(1536K)
[90.610s][info][gc             ] GC(620) Pause Young (Allocation Failure) 288M->14M(989M) 1.487ms
[90.610s][info][gc,cpu         ] GC(620) User=0.00s Sys=0.00s Real=0.00s
[90.742s][info][gc,start       ] GC(621) Pause Young (Allocation Failure)
[90.742s][info][gc,task        ] GC(621) Using 6 workers of 6 for evacuation
[90.743s][info][gc,heap        ] GC(621) ParNew: 282397K->3444K(314560K)
[90.743s][info][gc,heap        ] GC(621) CMS: 12550K->12550K(699072K)
[90.743s][info][gc,metaspace   ] GC(621) Metaspace: 15024K(15360K)->15024K(15360K) NonClass: 13646K(13824K)->13646K(13824K) Class: 1377K(1536K)->1377K(1536K)
[90.743s][info][gc             ] GC(621) Pause Young (Allocation Failure) 288M->15M(989M) 1.541ms
[90.743s][info][gc,cpu         ] GC(621) User=0.00s Sys=0.00s Real=0.00s
[90.870s][info][gc,start       ] GC(622) Pause Young (Allocation Failure)
[90.870s][info][gc,task        ] GC(622) Using 6 workers of 6 for evacuation
[90.871s][info][gc,heap        ] GC(622) ParNew: 283060K->2533K(314560K)
[90.871s][info][gc,heap        ] GC(622) CMS: 12550K->12550K(699072K)
[90.871s][info][gc,metaspace   ] GC(622) Metaspace: 15024K(15360K)->15024K(15360K) NonClass: 13646K(13824K)->13646K(13824K) Class: 1377K(1536K)->1377K(1536K)
[90.871s][info][gc             ] GC(622) Pause Young (Allocation Failure) 288M->14M(989M) 1.574ms
[90.871s][info][gc,cpu         ] GC(622) User=0.00s Sys=0.00s Real=0.00s
[90.997s][info][gc,start       ] GC(623) Pause Young (Allocation Failure)
[90.997s][info][gc,task        ] GC(623) Using 6 workers of 6 for evacuation
[90.998s][info][gc,heap        ] GC(623) ParNew: 282149K->2715K(314560K)
[90.998s][info][gc,heap        ] GC(623) CMS: 12550K->12550K(699072K)
[90.998s][info][gc,metaspace   ] GC(623) Metaspace: 15024K(15360K)->15024K(15360K) NonClass: 13646K(13824K)->13646K(13824K) Class: 1377K(1536K)->1377K(1536K)
[90.998s][info][gc             ] GC(623) Pause Young (Allocation Failure) 287M->14M(989M) 1.633ms
[90.998s][info][gc,cpu         ] GC(623) User=0.00s Sys=0.00s Real=0.00s
[91.116s][info][gc,start       ] GC(624) Pause Young (Allocation Failure)
[91.116s][info][gc,task        ] GC(624) Using 6 workers of 6 for evacuation
[91.117s][info][gc,heap        ] GC(624) ParNew: 282331K->2606K(314560K)
[91.117s][info][gc,heap        ] GC(624) CMS: 12550K->12550K(699072K)
[91.117s][info][gc,metaspace   ] GC(624) Metaspace: 15024K(15360K)->15024K(15360K) NonClass: 13646K(13824K)->13646K(13824K) Class: 1377K(1536K)->1377K(1536K)
[91.117s][info][gc             ] GC(624) Pause Young (Allocation Failure) 287M->14M(989M) 1.646ms
[91.117s][info][gc,cpu         ] GC(624) User=0.00s Sys=0.00s Real=0.00s
[91.228s][info][gc,start       ] GC(625) Pause Young (Allocation Failure)
[91.228s][info][gc,task        ] GC(625) Using 6 workers of 6 for evacuation
[91.230s][info][gc,heap        ] GC(625) ParNew: 282222K->3014K(314560K)
[91.230s][info][gc,heap        ] GC(625) CMS: 12550K->12550K(699072K)
[91.230s][info][gc,metaspace   ] GC(625) Metaspace: 15024K(15360K)->15024K(15360K) NonClass: 13646K(13824K)->13646K(13824K) Class: 1377K(1536K)->1377K(1536K)
[91.230s][info][gc             ] GC(625) Pause Young (Allocation Failure) 287M->15M(989M) 1.601ms
[91.230s][info][gc,cpu         ] GC(625) User=0.00s Sys=0.00s Real=0.00s
[91.336s][info][gc,start       ] GC(626) Pause Young (Allocation Failure)
[91.336s][info][gc,task        ] GC(626) Using 6 workers of 6 for evacuation
[91.337s][info][gc,heap        ] GC(626) ParNew: 282630K->3176K(314560K)
[91.337s][info][gc,heap        ] GC(626) CMS: 12550K->12550K(699072K)
[91.337s][info][gc,metaspace   ] GC(626) Metaspace: 15024K(15360K)->15024K(15360K) NonClass: 13646K(13824K)->13646K(13824K) Class: 1377K(1536K)->1377K(1536K)
[91.337s][info][gc             ] GC(626) Pause Young (Allocation Failure) 288M->15M(989M) 1.407ms
[91.337s][info][gc,cpu         ] GC(626) User=0.00s Sys=0.00s Real=0.00s
[91.443s][info][gc,start       ] GC(627) Pause Young (Allocation Failure)
[91.443s][info][gc,task        ] GC(627) Using 6 workers of 6 for evacuation
[91.444s][info][gc,heap        ] GC(627) ParNew: 282792K->2773K(314560K)
[91.444s][info][gc,heap        ] GC(627) CMS: 12550K->12550K(699072K)
[91.444s][info][gc,metaspace   ] GC(627) Metaspace: 15024K(15360K)->15024K(15360K) NonClass: 13646K(13824K)->13646K(13824K) Class: 1377K(1536K)->1377K(1536K)
[91.444s][info][gc             ] GC(627) Pause Young (Allocation Failure) 288M->14M(989M) 1.363ms
[91.444s][info][gc,cpu         ] GC(627) User=0.00s Sys=0.00s Real=0.00s
[91.550s][info][gc,start       ] GC(628) Pause Young (Allocation Failure)
[91.550s][info][gc,task        ] GC(628) Using 6 workers of 6 for evacuation
[91.551s][info][gc,heap        ] GC(628) ParNew: 282389K->3479K(314560K)
[91.551s][info][gc,heap        ] GC(628) CMS: 12550K->12550K(699072K)
[91.551s][info][gc,metaspace   ] GC(628) Metaspace: 15024K(15360K)->15024K(15360K) NonClass: 13646K(13824K)->13646K(13824K) Class: 1377K(1536K)->1377K(1536K)
[91.551s][info][gc             ] GC(628) Pause Young (Allocation Failure) 288M->15M(989M) 1.559ms
[91.551s][info][gc,cpu         ] GC(628) User=0.00s Sys=0.00s Real=0.00s
[91.669s][info][gc,start       ] GC(629) Pause Young (Allocation Failure)
[91.669s][info][gc,task        ] GC(629) Using 6 workers of 6 for evacuation
[91.671s][info][gc,heap        ] GC(629) ParNew: 283095K->2493K(314560K)
[91.671s][info][gc,heap        ] GC(629) CMS: 12550K->12550K(699072K)
[91.671s][info][gc,metaspace   ] GC(629) Metaspace: 15024K(15360K)->15024K(15360K) NonClass: 13646K(13824K)->13646K(13824K) Class: 1377K(1536K)->1377K(1536K)
[91.671s][info][gc             ] GC(629) Pause Young (Allocation Failure) 288M->14M(989M) 1.578ms
[91.671s][info][gc,cpu         ] GC(629) User=0.09s Sys=0.00s Real=0.00s
[91.789s][info][gc,start       ] GC(630) Pause Young (Allocation Failure)
[91.789s][info][gc,task        ] GC(630) Using 6 workers of 6 for evacuation
[91.790s][info][gc,heap        ] GC(630) ParNew: 282109K->3129K(314560K)
[91.790s][info][gc,heap        ] GC(630) CMS: 12550K->12550K(699072K)
[91.790s][info][gc,metaspace   ] GC(630) Metaspace: 15024K(15360K)->15024K(15360K) NonClass: 13646K(13824K)->13646K(13824K) Class: 1377K(1536K)->1377K(1536K)
[91.790s][info][gc             ] GC(630) Pause Young (Allocation Failure) 287M->15M(989M) 1.403ms
[91.790s][info][gc,cpu         ] GC(630) User=0.00s Sys=0.00s Real=0.00s
[91.912s][info][gc,start       ] GC(631) Pause Young (Allocation Failure)
[91.912s][info][gc,task        ] GC(631) Using 6 workers of 6 for evacuation
[91.914s][info][gc,heap        ] GC(631) ParNew: 282745K->3513K(314560K)
[91.914s][info][gc,heap        ] GC(631) CMS: 12550K->12550K(699072K)
[91.914s][info][gc,metaspace   ] GC(631) Metaspace: 15024K(15360K)->15024K(15360K) NonClass: 13646K(13824K)->13646K(13824K) Class: 1377K(1536K)->1377K(1536K)
[91.914s][info][gc             ] GC(631) Pause Young (Allocation Failure) 288M->15M(989M) 1.794ms
[91.914s][info][gc,cpu         ] GC(631) User=0.00s Sys=0.00s Real=0.00s
[92.047s][info][gc,start       ] GC(632) Pause Young (Allocation Failure)
[92.047s][info][gc,task        ] GC(632) Using 6 workers of 6 for evacuation
[92.048s][info][gc,heap        ] GC(632) ParNew: 283129K->3101K(314560K)
[92.048s][info][gc,heap        ] GC(632) CMS: 12550K->12550K(699072K)
[92.048s][info][gc,metaspace   ] GC(632) Metaspace: 15024K(15360K)->15024K(15360K) NonClass: 13646K(13824K)->13646K(13824K) Class: 1377K(1536K)->1377K(1536K)
[92.048s][info][gc             ] GC(632) Pause Young (Allocation Failure) 288M->15M(989M) 1.435ms
[92.048s][info][gc,cpu         ] GC(632) User=0.00s Sys=0.00s Real=0.00s
[92.141s][info][gc,start       ] GC(633) Pause Young (Allocation Failure)
[92.141s][info][gc,task        ] GC(633) Using 6 workers of 6 for evacuation
[92.142s][info][gc,heap        ] GC(633) ParNew: 282717K->3661K(314560K)
[92.142s][info][gc,heap        ] GC(633) CMS: 12550K->12550K(699072K)
[92.142s][info][gc,metaspace   ] GC(633) Metaspace: 15024K(15360K)->15024K(15360K) NonClass: 13646K(13824K)->13646K(13824K) Class: 1377K(1536K)->1377K(1536K)
[92.142s][info][gc             ] GC(633) Pause Young (Allocation Failure) 288M->15M(989M) 1.476ms
[92.142s][info][gc,cpu         ] GC(633) User=0.00s Sys=0.00s Real=0.00s
[92.257s][info][gc,start       ] GC(634) Pause Young (Allocation Failure)
[92.257s][info][gc,task        ] GC(634) Using 6 workers of 6 for evacuation
[92.258s][info][gc,heap        ] GC(634) ParNew: 283277K->2632K(314560K)
[92.258s][info][gc,heap        ] GC(634) CMS: 12550K->12550K(699072K)
[92.258s][info][gc,metaspace   ] GC(634) Metaspace: 15024K(15360K)->15024K(15360K) NonClass: 13646K(13824K)->13646K(13824K) Class: 1377K(1536K)->1377K(1536K)
[92.258s][info][gc             ] GC(634) Pause Young (Allocation Failure) 288M->14M(989M) 1.297ms
[92.258s][info][gc,cpu         ] GC(634) User=0.00s Sys=0.00s Real=0.00s
[92.421s][info][gc,start       ] GC(635) Pause Young (Allocation Failure)
[92.421s][info][gc,task        ] GC(635) Using 6 workers of 6 for evacuation
[92.423s][info][gc,heap        ] GC(635) ParNew: 282248K->2785K(314560K)
[92.423s][info][gc,heap        ] GC(635) CMS: 12550K->12550K(699072K)
[92.423s][info][gc,metaspace   ] GC(635) Metaspace: 15024K(15360K)->15024K(15360K) NonClass: 13646K(13824K)->13646K(13824K) Class: 1377K(1536K)->1377K(1536K)
[92.423s][info][gc             ] GC(635) Pause Young (Allocation Failure) 287M->14M(989M) 1.529ms
[92.423s][info][gc,cpu         ] GC(635) User=0.00s Sys=0.00s Real=0.00s
[92.569s][info][gc,start       ] GC(636) Pause Young (Allocation Failure)
[92.569s][info][gc,task        ] GC(636) Using 6 workers of 6 for evacuation
[92.570s][info][gc,heap        ] GC(636) ParNew: 282401K->3271K(314560K)
[92.570s][info][gc,heap        ] GC(636) CMS: 12550K->12550K(699072K)
[92.570s][info][gc,metaspace   ] GC(636) Metaspace: 15024K(15360K)->15024K(15360K) NonClass: 13646K(13824K)->13646K(13824K) Class: 1377K(1536K)->1377K(1536K)
[92.570s][info][gc             ] GC(636) Pause Young (Allocation Failure) 288M->15M(989M) 1.557ms
[92.570s][info][gc,cpu         ] GC(636) User=0.00s Sys=0.00s Real=0.00s
[92.708s][info][gc,start       ] GC(637) Pause Young (Allocation Failure)
[92.708s][info][gc,task        ] GC(637) Using 6 workers of 6 for evacuation
[92.710s][info][gc,heap        ] GC(637) ParNew: 282887K->3791K(314560K)
[92.710s][info][gc,heap        ] GC(637) CMS: 12550K->12550K(699072K)
[92.710s][info][gc,metaspace   ] GC(637) Metaspace: 15024K(15360K)->15024K(15360K) NonClass: 13646K(13824K)->13646K(13824K) Class: 1377K(1536K)->1377K(1536K)
[92.710s][info][gc             ] GC(637) Pause Young (Allocation Failure) 288M->15M(989M) 1.743ms
[92.710s][info][gc,cpu         ] GC(637) User=0.00s Sys=0.00s Real=0.00s
[92.844s][info][gc,start       ] GC(638) Pause Young (Allocation Failure)
[92.844s][info][gc,task        ] GC(638) Using 6 workers of 6 for evacuation
[92.845s][info][gc,heap        ] GC(638) ParNew: 283407K->2663K(314560K)
[92.845s][info][gc,heap        ] GC(638) CMS: 12550K->12550K(699072K)
[92.845s][info][gc,metaspace   ] GC(638) Metaspace: 15024K(15360K)->15024K(15360K) NonClass: 13646K(13824K)->13646K(13824K) Class: 1377K(1536K)->1377K(1536K)
[92.845s][info][gc             ] GC(638) Pause Young (Allocation Failure) 289M->14M(989M) 1.520ms
[92.845s][info][gc,cpu         ] GC(638) User=0.00s Sys=0.00s Real=0.00s
[92.963s][info][gc,start       ] GC(639) Pause Young (Allocation Failure)
[92.963s][info][gc,task        ] GC(639) Using 6 workers of 6 for evacuation
[92.965s][info][gc,heap        ] GC(639) ParNew: 282279K->2719K(314560K)
[92.965s][info][gc,heap        ] GC(639) CMS: 12550K->12550K(699072K)
[92.965s][info][gc,metaspace   ] GC(639) Metaspace: 15024K(15360K)->15024K(15360K) NonClass: 13646K(13824K)->13646K(13824K) Class: 1377K(1536K)->1377K(1536K)
[92.965s][info][gc             ] GC(639) Pause Young (Allocation Failure) 287M->14M(989M) 1.790ms
[92.965s][info][gc,cpu         ] GC(639) User=0.00s Sys=0.00s Real=0.00s
[93.097s][info][gc,start       ] GC(640) Pause Young (Allocation Failure)
[93.097s][info][gc,task        ] GC(640) Using 6 workers of 6 for evacuation
[93.098s][info][gc,heap        ] GC(640) ParNew: 282335K->3485K(314560K)
[93.098s][info][gc,heap        ] GC(640) CMS: 12550K->12550K(699072K)
[93.098s][info][gc,metaspace   ] GC(640) Metaspace: 15024K(15360K)->15024K(15360K) NonClass: 13646K(13824K)->13646K(13824K) Class: 1377K(1536K)->1377K(1536K)
[93.098s][info][gc             ] GC(640) Pause Young (Allocation Failure) 287M->15M(989M) 1.593ms
[93.098s][info][gc,cpu         ] GC(640) User=0.00s Sys=0.00s Real=0.00s
[93.230s][info][gc,start       ] GC(641) Pause Young (Allocation Failure)
[93.230s][info][gc,task        ] GC(641) Using 6 workers of 6 for evacuation
[93.231s][info][gc,heap        ] GC(641) ParNew: 283101K->2763K(314560K)
[93.231s][info][gc,heap        ] GC(641) CMS: 12550K->12550K(699072K)
[93.231s][info][gc,metaspace   ] GC(641) Metaspace: 15024K(15360K)->15024K(15360K) NonClass: 13646K(13824K)->13646K(13824K) Class: 1377K(1536K)->1377K(1536K)
[93.231s][info][gc             ] GC(641) Pause Young (Allocation Failure) 288M->14M(989M) 1.441ms
[93.231s][info][gc,cpu         ] GC(641) User=0.00s Sys=0.00s Real=0.00s
[93.368s][info][gc,start       ] GC(642) Pause Young (Allocation Failure)
[93.368s][info][gc,task        ] GC(642) Using 6 workers of 6 for evacuation
[93.369s][info][gc,heap        ] GC(642) ParNew: 282379K->3402K(314560K)
[93.369s][info][gc,heap        ] GC(642) CMS: 12550K->12550K(699072K)
[93.369s][info][gc,metaspace   ] GC(642) Metaspace: 15024K(15360K)->15024K(15360K) NonClass: 13646K(13824K)->13646K(13824K) Class: 1377K(1536K)->1377K(1536K)
[93.369s][info][gc             ] GC(642) Pause Young (Allocation Failure) 288M->15M(989M) 1.548ms
[93.369s][info][gc,cpu         ] GC(642) User=0.00s Sys=0.00s Real=0.00s
[93.529s][info][gc,start       ] GC(643) Pause Young (Allocation Failure)
[93.530s][info][gc,task        ] GC(643) Using 6 workers of 6 for evacuation
[93.531s][info][gc,heap        ] GC(643) ParNew: 283018K->2070K(314560K)
[93.531s][info][gc,heap        ] GC(643) CMS: 12550K->12550K(699072K)
[93.531s][info][gc,metaspace   ] GC(643) Metaspace: 15024K(15360K)->15024K(15360K) NonClass: 13646K(13824K)->13646K(13824K) Class: 1377K(1536K)->1377K(1536K)
[93.531s][info][gc             ] GC(643) Pause Young (Allocation Failure) 288M->14M(989M) 1.341ms
[93.531s][info][gc,cpu         ] GC(643) User=0.00s Sys=0.00s Real=0.00s
[93.670s][info][gc,start       ] GC(644) Pause Young (Allocation Failure)
[93.670s][info][gc,task        ] GC(644) Using 6 workers of 6 for evacuation
[93.671s][info][gc,heap        ] GC(644) ParNew: 281686K->3495K(314560K)
[93.671s][info][gc,heap        ] GC(644) CMS: 12550K->12550K(699072K)
[93.671s][info][gc,metaspace   ] GC(644) Metaspace: 15024K(15360K)->15024K(15360K) NonClass: 13646K(13824K)->13646K(13824K) Class: 1377K(1536K)->1377K(1536K)
[93.671s][info][gc             ] GC(644) Pause Young (Allocation Failure) 287M->15M(989M) 1.506ms
[93.671s][info][gc,cpu         ] GC(644) User=0.08s Sys=0.02s Real=0.00s
[93.806s][info][gc,start       ] GC(645) Pause Young (Allocation Failure)
[93.806s][info][gc,task        ] GC(645) Using 6 workers of 6 for evacuation
[93.808s][info][gc,heap        ] GC(645) ParNew: 283111K->3044K(314560K)
[93.808s][info][gc,heap        ] GC(645) CMS: 12550K->12550K(699072K)
[93.808s][info][gc,metaspace   ] GC(645) Metaspace: 15024K(15360K)->15024K(15360K) NonClass: 13646K(13824K)->13646K(13824K) Class: 1377K(1536K)->1377K(1536K)
[93.808s][info][gc             ] GC(645) Pause Young (Allocation Failure) 288M->15M(989M) 1.588ms
[93.808s][info][gc,cpu         ] GC(645) User=0.00s Sys=0.00s Real=0.00s
[93.954s][info][gc,start       ] GC(646) Pause Young (Allocation Failure)
[93.954s][info][gc,task        ] GC(646) Using 6 workers of 6 for evacuation
[93.956s][info][gc,heap        ] GC(646) ParNew: 282660K->2624K(314560K)
[93.956s][info][gc,heap        ] GC(646) CMS: 12550K->12550K(699072K)
[93.956s][info][gc,metaspace   ] GC(646) Metaspace: 15024K(15360K)->15024K(15360K) NonClass: 13646K(13824K)->13646K(13824K) Class: 1377K(1536K)->1377K(1536K)
[93.956s][info][gc             ] GC(646) Pause Young (Allocation Failure) 288M->14M(989M) 1.550ms
[93.956s][info][gc,cpu         ] GC(646) User=0.00s Sys=0.00s Real=0.00s
[94.100s][info][gc,start       ] GC(647) Pause Young (Allocation Failure)
[94.100s][info][gc,task        ] GC(647) Using 6 workers of 6 for evacuation
[94.101s][info][gc,heap        ] GC(647) ParNew: 282240K->3016K(314560K)
[94.101s][info][gc,heap        ] GC(647) CMS: 12550K->12550K(699072K)
[94.101s][info][gc,metaspace   ] GC(647) Metaspace: 15024K(15360K)->15024K(15360K) NonClass: 13646K(13824K)->13646K(13824K) Class: 1377K(1536K)->1377K(1536K)
[94.101s][info][gc             ] GC(647) Pause Young (Allocation Failure) 287M->15M(989M) 1.420ms
[94.101s][info][gc,cpu         ] GC(647) User=0.00s Sys=0.00s Real=0.00s
[94.228s][info][gc,start       ] GC(648) Pause Young (Allocation Failure)
[94.228s][info][gc,task        ] GC(648) Using 6 workers of 6 for evacuation
[94.229s][info][gc,heap        ] GC(648) ParNew: 282632K->2744K(314560K)
[94.229s][info][gc,heap        ] GC(648) CMS: 12550K->12550K(699072K)
[94.229s][info][gc,metaspace   ] GC(648) Metaspace: 15024K(15360K)->15024K(15360K) NonClass: 13646K(13824K)->13646K(13824K) Class: 1377K(1536K)->1377K(1536K)
[94.229s][info][gc             ] GC(648) Pause Young (Allocation Failure) 288M->14M(989M) 1.560ms
[94.229s][info][gc,cpu         ] GC(648) User=0.00s Sys=0.00s Real=0.00s
[94.373s][info][gc,start       ] GC(649) Pause Young (Allocation Failure)
[94.373s][info][gc,task        ] GC(649) Using 6 workers of 6 for evacuation
[94.374s][info][gc,heap        ] GC(649) ParNew: 282360K->3010K(314560K)
[94.374s][info][gc,heap        ] GC(649) CMS: 12550K->12550K(699072K)
[94.374s][info][gc,metaspace   ] GC(649) Metaspace: 15024K(15360K)->15024K(15360K) NonClass: 13646K(13824K)->13646K(13824K) Class: 1377K(1536K)->1377K(1536K)
[94.374s][info][gc             ] GC(649) Pause Young (Allocation Failure) 287M->15M(989M) 1.556ms
[94.374s][info][gc,cpu         ] GC(649) User=0.09s Sys=0.00s Real=0.00s
[94.506s][info][gc,start       ] GC(650) Pause Young (Allocation Failure)
[94.506s][info][gc,task        ] GC(650) Using 6 workers of 6 for evacuation
[94.508s][info][gc,heap        ] GC(650) ParNew: 282626K->3975K(314560K)
[94.508s][info][gc,heap        ] GC(650) CMS: 12550K->12550K(699072K)
[94.508s][info][gc,metaspace   ] GC(650) Metaspace: 15024K(15360K)->15024K(15360K) NonClass: 13646K(13824K)->13646K(13824K) Class: 1377K(1536K)->1377K(1536K)
[94.508s][info][gc             ] GC(650) Pause Young (Allocation Failure) 288M->16M(989M) 1.812ms
[94.508s][info][gc,cpu         ] GC(650) User=0.00s Sys=0.00s Real=0.00s
[94.610s][info][gc,start       ] GC(651) Pause Young (Allocation Failure)
[94.610s][info][gc,task        ] GC(651) Using 6 workers of 6 for evacuation
[94.612s][info][gc,heap        ] GC(651) ParNew: 283591K->2639K(314560K)
[94.612s][info][gc,heap        ] GC(651) CMS: 12550K->12550K(699072K)
[94.612s][info][gc,metaspace   ] GC(651) Metaspace: 15024K(15360K)->15024K(15360K) NonClass: 13646K(13824K)->13646K(13824K) Class: 1377K(1536K)->1377K(1536K)
[94.612s][info][gc             ] GC(651) Pause Young (Allocation Failure) 289M->14M(989M) 1.468ms
[94.612s][info][gc,cpu         ] GC(651) User=0.00s Sys=0.00s Real=0.00s
[94.697s][info][gc,start       ] GC(652) Pause Young (Allocation Failure)
[94.697s][info][gc,task        ] GC(652) Using 6 workers of 6 for evacuation
[94.699s][info][gc,heap        ] GC(652) ParNew: 282255K->2991K(314560K)
[94.699s][info][gc,heap        ] GC(652) CMS: 12550K->12550K(699072K)
[94.699s][info][gc,metaspace   ] GC(652) Metaspace: 15024K(15360K)->15024K(15360K) NonClass: 13646K(13824K)->13646K(13824K) Class: 1377K(1536K)->1377K(1536K)
[94.699s][info][gc             ] GC(652) Pause Young (Allocation Failure) 287M->15M(989M) 1.538ms
[94.699s][info][gc,cpu         ] GC(652) User=0.00s Sys=0.00s Real=0.00s
[94.794s][info][gc,start       ] GC(653) Pause Young (Allocation Failure)
[94.794s][info][gc,task        ] GC(653) Using 6 workers of 6 for evacuation
[94.795s][info][gc,heap        ] GC(653) ParNew: 282607K->3308K(314560K)
[94.795s][info][gc,heap        ] GC(653) CMS: 12550K->12550K(699072K)
[94.795s][info][gc,metaspace   ] GC(653) Metaspace: 15024K(15360K)->15024K(15360K) NonClass: 13646K(13824K)->13646K(13824K) Class: 1377K(1536K)->1377K(1536K)
[94.795s][info][gc             ] GC(653) Pause Young (Allocation Failure) 288M->15M(989M) 1.544ms
[94.795s][info][gc,cpu         ] GC(653) User=0.02s Sys=0.00s Real=0.00s
[94.884s][info][gc,start       ] GC(654) Pause Young (Allocation Failure)
[94.884s][info][gc,task        ] GC(654) Using 6 workers of 6 for evacuation
[94.886s][info][gc,heap        ] GC(654) ParNew: 282924K->3044K(314560K)
[94.886s][info][gc,heap        ] GC(654) CMS: 12550K->12550K(699072K)
[94.886s][info][gc,metaspace   ] GC(654) Metaspace: 15024K(15360K)->15024K(15360K) NonClass: 13646K(13824K)->13646K(13824K) Class: 1377K(1536K)->1377K(1536K)
[94.886s][info][gc             ] GC(654) Pause Young (Allocation Failure) 288M->15M(989M) 1.445ms
[94.886s][info][gc,cpu         ] GC(654) User=0.00s Sys=0.00s Real=0.00s
[94.986s][info][gc,start       ] GC(655) Pause Young (Allocation Failure)
[94.986s][info][gc,task        ] GC(655) Using 6 workers of 6 for evacuation
[94.987s][info][gc,heap        ] GC(655) ParNew: 282660K->3011K(314560K)
[94.987s][info][gc,heap        ] GC(655) CMS: 12550K->12550K(699072K)
[94.987s][info][gc,metaspace   ] GC(655) Metaspace: 15024K(15360K)->15024K(15360K) NonClass: 13646K(13824K)->13646K(13824K) Class: 1377K(1536K)->1377K(1536K)
[94.987s][info][gc             ] GC(655) Pause Young (Allocation Failure) 288M->15M(989M) 1.759ms
[94.987s][info][gc,cpu         ] GC(655) User=0.00s Sys=0.00s Real=0.00s
[95.117s][info][gc,start       ] GC(656) Pause Young (Allocation Failure)
[95.117s][info][gc,task        ] GC(656) Using 6 workers of 6 for evacuation
[95.118s][info][gc,heap        ] GC(656) ParNew: 282627K->2822K(314560K)
[95.118s][info][gc,heap        ] GC(656) CMS: 12550K->12550K(699072K)
[95.118s][info][gc,metaspace   ] GC(656) Metaspace: 15024K(15360K)->15024K(15360K) NonClass: 13646K(13824K)->13646K(13824K) Class: 1377K(1536K)->1377K(1536K)
[95.118s][info][gc             ] GC(656) Pause Young (Allocation Failure) 288M->15M(989M) 1.457ms
[95.118s][info][gc,cpu         ] GC(656) User=0.00s Sys=0.00s Real=0.00s
[95.240s][info][gc,start       ] GC(657) Pause Young (Allocation Failure)
[95.240s][info][gc,task        ] GC(657) Using 6 workers of 6 for evacuation
[95.241s][info][gc,heap        ] GC(657) ParNew: 282438K->2660K(314560K)
[95.241s][info][gc,heap        ] GC(657) CMS: 12550K->12550K(699072K)
[95.241s][info][gc,metaspace   ] GC(657) Metaspace: 15024K(15360K)->15024K(15360K) NonClass: 13646K(13824K)->13646K(13824K) Class: 1377K(1536K)->1377K(1536K)
[95.241s][info][gc             ] GC(657) Pause Young (Allocation Failure) 288M->14M(989M) 1.506ms
[95.241s][info][gc,cpu         ] GC(657) User=0.00s Sys=0.00s Real=0.00s
[95.359s][info][gc,start       ] GC(658) Pause Young (Allocation Failure)
[95.359s][info][gc,task        ] GC(658) Using 6 workers of 6 for evacuation
[95.360s][info][gc,heap        ] GC(658) ParNew: 282276K->2982K(314560K)
[95.360s][info][gc,heap        ] GC(658) CMS: 12550K->12550K(699072K)
[95.360s][info][gc,metaspace   ] GC(658) Metaspace: 15024K(15360K)->15024K(15360K) NonClass: 13646K(13824K)->13646K(13824K) Class: 1377K(1536K)->1377K(1536K)
[95.360s][info][gc             ] GC(658) Pause Young (Allocation Failure) 287M->15M(989M) 1.521ms
[95.360s][info][gc,cpu         ] GC(658) User=0.00s Sys=0.00s Real=0.00s
[95.499s][info][gc,start       ] GC(659) Pause Young (Allocation Failure)
[95.499s][info][gc,task        ] GC(659) Using 6 workers of 6 for evacuation
[95.500s][info][gc,heap        ] GC(659) ParNew: 282598K->2957K(314560K)
[95.500s][info][gc,heap        ] GC(659) CMS: 12550K->12550K(699072K)
[95.500s][info][gc,metaspace   ] GC(659) Metaspace: 15024K(15360K)->15024K(15360K) NonClass: 13646K(13824K)->13646K(13824K) Class: 1377K(1536K)->1377K(1536K)
[95.500s][info][gc             ] GC(659) Pause Young (Allocation Failure) 288M->15M(989M) 1.263ms
[95.500s][info][gc,cpu         ] GC(659) User=0.00s Sys=0.00s Real=0.00s
[95.625s][info][gc,start       ] GC(660) Pause Young (Allocation Failure)
[95.625s][info][gc,task        ] GC(660) Using 6 workers of 6 for evacuation
[95.626s][info][gc,heap        ] GC(660) ParNew: 282573K->2818K(314560K)
[95.626s][info][gc,heap        ] GC(660) CMS: 12550K->12550K(699072K)
[95.626s][info][gc,metaspace   ] GC(660) Metaspace: 15024K(15360K)->15024K(15360K) NonClass: 13646K(13824K)->13646K(13824K) Class: 1377K(1536K)->1377K(1536K)
[95.626s][info][gc             ] GC(660) Pause Young (Allocation Failure) 288M->15M(989M) 1.386ms
[95.626s][info][gc,cpu         ] GC(660) User=0.00s Sys=0.00s Real=0.00s
[95.732s][info][gc,start       ] GC(661) Pause Young (Allocation Failure)
[95.732s][info][gc,task        ] GC(661) Using 6 workers of 6 for evacuation
[95.734s][info][gc,heap        ] GC(661) ParNew: 282434K->3247K(314560K)
[95.734s][info][gc,heap        ] GC(661) CMS: 12550K->12550K(699072K)
[95.734s][info][gc,metaspace   ] GC(661) Metaspace: 15024K(15360K)->15024K(15360K) NonClass: 13646K(13824K)->13646K(13824K) Class: 1377K(1536K)->1377K(1536K)
[95.734s][info][gc             ] GC(661) Pause Young (Allocation Failure) 288M->15M(989M) 1.384ms
[95.734s][info][gc,cpu         ] GC(661) User=0.05s Sys=0.02s Real=0.00s
[95.864s][info][gc,start       ] GC(662) Pause Young (Allocation Failure)
[95.865s][info][gc,task        ] GC(662) Using 6 workers of 6 for evacuation
[95.866s][info][gc,heap        ] GC(662) ParNew: 282863K->3273K(314560K)
[95.866s][info][gc,heap        ] GC(662) CMS: 12550K->12550K(699072K)
[95.866s][info][gc,metaspace   ] GC(662) Metaspace: 15024K(15360K)->15024K(15360K) NonClass: 13646K(13824K)->13646K(13824K) Class: 1377K(1536K)->1377K(1536K)
[95.866s][info][gc             ] GC(662) Pause Young (Allocation Failure) 288M->15M(989M) 1.323ms
[95.866s][info][gc,cpu         ] GC(662) User=0.00s Sys=0.00s Real=0.00s
[96.013s][info][gc,start       ] GC(663) Pause Young (Allocation Failure)
[96.013s][info][gc,task        ] GC(663) Using 6 workers of 6 for evacuation
[96.015s][info][gc,heap        ] GC(663) ParNew: 282889K->2948K(314560K)
[96.015s][info][gc,heap        ] GC(663) CMS: 12550K->12550K(699072K)
[96.015s][info][gc,metaspace   ] GC(663) Metaspace: 15024K(15360K)->15024K(15360K) NonClass: 13646K(13824K)->13646K(13824K) Class: 1377K(1536K)->1377K(1536K)
[96.015s][info][gc             ] GC(663) Pause Young (Allocation Failure) 288M->15M(989M) 1.635ms
[96.015s][info][gc,cpu         ] GC(663) User=0.08s Sys=0.00s Real=0.00s
[96.163s][info][gc,start       ] GC(664) Pause Young (Allocation Failure)
[96.163s][info][gc,task        ] GC(664) Using 6 workers of 6 for evacuation
[96.165s][info][gc,heap        ] GC(664) ParNew: 282564K->3277K(314560K)
[96.165s][info][gc,heap        ] GC(664) CMS: 12550K->12550K(699072K)
[96.165s][info][gc,metaspace   ] GC(664) Metaspace: 15024K(15360K)->15024K(15360K) NonClass: 13646K(13824K)->13646K(13824K) Class: 1377K(1536K)->1377K(1536K)
[96.165s][info][gc             ] GC(664) Pause Young (Allocation Failure) 288M->15M(989M) 1.518ms
[96.165s][info][gc,cpu         ] GC(664) User=0.00s Sys=0.00s Real=0.00s
[96.306s][info][gc,start       ] GC(665) Pause Young (Allocation Failure)
[96.306s][info][gc,task        ] GC(665) Using 6 workers of 6 for evacuation
[96.308s][info][gc,heap        ] GC(665) ParNew: 282893K->2739K(314560K)
[96.308s][info][gc,heap        ] GC(665) CMS: 12550K->12550K(699072K)
[96.308s][info][gc,metaspace   ] GC(665) Metaspace: 15024K(15360K)->15024K(15360K) NonClass: 13646K(13824K)->13646K(13824K) Class: 1377K(1536K)->1377K(1536K)
[96.308s][info][gc             ] GC(665) Pause Young (Allocation Failure) 288M->14M(989M) 1.423ms
[96.308s][info][gc,cpu         ] GC(665) User=0.00s Sys=0.00s Real=0.00s
[96.446s][info][gc,start       ] GC(666) Pause Young (Allocation Failure)
[96.447s][info][gc,task        ] GC(666) Using 6 workers of 6 for evacuation
[96.448s][info][gc,heap        ] GC(666) ParNew: 282355K->3111K(314560K)
[96.448s][info][gc,heap        ] GC(666) CMS: 12550K->12550K(699072K)
[96.448s][info][gc,metaspace   ] GC(666) Metaspace: 15024K(15360K)->15024K(15360K) NonClass: 13646K(13824K)->13646K(13824K) Class: 1377K(1536K)->1377K(1536K)
[96.448s][info][gc             ] GC(666) Pause Young (Allocation Failure) 287M->15M(989M) 1.427ms
[96.448s][info][gc,cpu         ] GC(666) User=0.00s Sys=0.00s Real=0.00s
[96.585s][info][gc,start       ] GC(667) Pause Young (Allocation Failure)
[96.586s][info][gc,task        ] GC(667) Using 6 workers of 6 for evacuation
[96.587s][info][gc,heap        ] GC(667) ParNew: 282727K->3636K(314560K)
[96.587s][info][gc,heap        ] GC(667) CMS: 12550K->12550K(699072K)
[96.587s][info][gc,metaspace   ] GC(667) Metaspace: 15024K(15360K)->15024K(15360K) NonClass: 13646K(13824K)->13646K(13824K) Class: 1377K(1536K)->1377K(1536K)
[96.587s][info][gc             ] GC(667) Pause Young (Allocation Failure) 288M->15M(989M) 1.435ms
[96.587s][info][gc,cpu         ] GC(667) User=0.00s Sys=0.00s Real=0.00s
[96.695s][info][gc,start       ] GC(668) Pause Young (Allocation Failure)
[96.695s][info][gc,task        ] GC(668) Using 6 workers of 6 for evacuation
[96.697s][info][gc,heap        ] GC(668) ParNew: 283252K->2582K(314560K)
[96.697s][info][gc,heap        ] GC(668) CMS: 12550K->12550K(699072K)
[96.697s][info][gc,metaspace   ] GC(668) Metaspace: 15024K(15360K)->15024K(15360K) NonClass: 13646K(13824K)->13646K(13824K) Class: 1377K(1536K)->1377K(1536K)
[96.697s][info][gc             ] GC(668) Pause Young (Allocation Failure) 288M->14M(989M) 1.456ms
[96.697s][info][gc,cpu         ] GC(668) User=0.00s Sys=0.00s Real=0.00s
[96.804s][info][gc,start       ] GC(669) Pause Young (Allocation Failure)
[96.804s][info][gc,task        ] GC(669) Using 6 workers of 6 for evacuation
[96.806s][info][gc,heap        ] GC(669) ParNew: 282198K->3045K(314560K)
[96.806s][info][gc,heap        ] GC(669) CMS: 12550K->12550K(699072K)
[96.806s][info][gc,metaspace   ] GC(669) Metaspace: 15024K(15360K)->15024K(15360K) NonClass: 13646K(13824K)->13646K(13824K) Class: 1377K(1536K)->1377K(1536K)
[96.806s][info][gc             ] GC(669) Pause Young (Allocation Failure) 287M->15M(989M) 1.559ms
[96.806s][info][gc,cpu         ] GC(669) User=0.00s Sys=0.00s Real=0.00s
[96.879s][info][gc,heap,exit   ] Heap
[96.879s][info][gc,heap,exit   ]  par new generation   total 314560K, used 139669K [0x00000000c0000000, 0x00000000d5550000, 0x00000000d5550000)
[96.879s][info][gc,heap,exit   ]   eden space 279616K,  48% used [0x00000000c0000000, 0x00000000c856bf38, 0x00000000d1110000)
[96.879s][info][gc,heap,exit   ]   from space 34944K,   8% used [0x00000000d1110000, 0x00000000d14095e0, 0x00000000d3330000)
[96.879s][info][gc,heap,exit   ]   to   space 34944K,   0% used [0x00000000d3330000, 0x00000000d3330000, 0x00000000d5550000)
[96.879s][info][gc,heap,exit   ]  concurrent mark-sweep generation total 699072K, used 12550K [0x00000000d5550000, 0x0000000100000000, 0x0000000100000000)
[96.879s][info][gc,heap,exit   ]  Metaspace       used 15045K, capacity 15295K, committed 15360K, reserved 1062912K
[96.879s][info][gc,heap,exit   ]   class space    used 1380K, capacity 1488K, committed 1536K, reserved 1048576K
